interactions:
- request:
    body: null
    headers:
      Accept:
      - application/json
      Accept-Encoding:
      - gzip, deflate
      CommandName:
      - identity create
      Connection:
      - keep-alive
      ParameterSetName:
      - -g -n
      User-Agent:
      - AZURECLI/2.45.0 azsdk-python-azure-mgmt-resource/21.1.0b1 Python/3.9.13 (Windows-10-10.0.22621-SP0)
    method: GET
    uri: https://management.azure.com/subscriptions/00000000-0000-0000-0000-000000000000/resourcegroups/clitest.rg000001?api-version=2021-04-01
  response:
    body:
      string: '{"id":"/subscriptions/00000000-0000-0000-0000-000000000000/resourceGroups/clitest.rg000001","name":"clitest.rg000001","type":"Microsoft.Resources/resourceGroups","location":"westus","tags":{"product":"azurecli","cause":"automation","date":"2023-02-10T09:22:37Z"},"properties":{"provisioningState":"Succeeded"}}'
    headers:
      cache-control:
      - no-cache
      content-length:
      - '310'
      content-type:
      - application/json; charset=utf-8
      date:
      - Fri, 10 Feb 2023 09:22:44 GMT
      expires:
      - '-1'
      pragma:
      - no-cache
      strict-transport-security:
      - max-age=31536000; includeSubDomains
      vary:
      - Accept-Encoding
      x-content-type-options:
      - nosniff
    status:
      code: 200
      message: OK
- request:
    body: '{"location": "westus"}'
    headers:
      Accept:
      - application/json
      Accept-Encoding:
      - gzip, deflate
      CommandName:
      - identity create
      Connection:
      - keep-alive
      Content-Length:
      - '22'
      Content-Type:
      - application/json
      ParameterSetName:
      - -g -n
      User-Agent:
      - AZURECLI/2.45.0 azsdk-python-azure-mgmt-msi/7.0.0 Python/3.9.13 (Windows-10-10.0.22621-SP0)
    method: PUT
    uri: https://management.azure.com/subscriptions/00000000-0000-0000-0000-000000000000/resourceGroups/clitest.rg000001/providers/Microsoft.ManagedIdentity/userAssignedIdentities/cliaciidentity000005?api-version=2023-01-31
  response:
    body:
      string: '{"id":"/subscriptions/00000000-0000-0000-0000-000000000000/resourcegroups/clitest.rg000001/providers/Microsoft.ManagedIdentity/userAssignedIdentities/cliaciidentity000005","name":"cliaciidentity000005","type":"Microsoft.ManagedIdentity/userAssignedIdentities","location":"westus","tags":{},"properties":{"tenantId":"54826b22-38d6-4fb2-bad9-b7b93a3e9c5a","principalId":"fd89517b-c475-40a2-812f-1572c2230667","clientId":"9ac0206c-7e87-4b0b-9e91-582d62ac9e67"}}'
    headers:
      cache-control:
      - no-cache
      content-length:
      - '458'
      content-type:
      - application/json; charset=utf-8
      date:
      - Fri, 10 Feb 2023 09:22:51 GMT
      expires:
      - '-1'
      location:
      - /subscriptions/00000000-0000-0000-0000-000000000000/resourcegroups/clitest.rg000001/providers/Microsoft.ManagedIdentity/userAssignedIdentities/cliaciidentity000005
      pragma:
      - no-cache
      strict-transport-security:
      - max-age=31536000; includeSubDomains
      x-content-type-options:
      - nosniff
      x-ms-ratelimit-remaining-subscription-writes:
      - '1197'
    status:
      code: 201
      message: Created
- request:
    body: null
    headers:
      Accept:
      - application/json
      Accept-Encoding:
      - gzip, deflate
      CommandName:
      - container create
      Connection:
      - keep-alive
      ParameterSetName:
      - -g -n --image --os-type --ip-address --assign-identity
      User-Agent:
      - AZURECLI/2.45.0 azsdk-python-azure-mgmt-resource/21.1.0b1 Python/3.9.13 (Windows-10-10.0.22621-SP0)
    method: GET
    uri: https://management.azure.com/subscriptions/00000000-0000-0000-0000-000000000000/resourcegroups/clitest.rg000001?api-version=2021-04-01
  response:
    body:
      string: '{"id":"/subscriptions/00000000-0000-0000-0000-000000000000/resourceGroups/clitest.rg000001","name":"clitest.rg000001","type":"Microsoft.Resources/resourceGroups","location":"westus","tags":{"product":"azurecli","cause":"automation","date":"2023-02-10T09:22:37Z"},"properties":{"provisioningState":"Succeeded"}}'
    headers:
      cache-control:
      - no-cache
      content-length:
      - '310'
      content-type:
      - application/json; charset=utf-8
      date:
      - Fri, 10 Feb 2023 09:22:52 GMT
      expires:
      - '-1'
      pragma:
      - no-cache
      strict-transport-security:
      - max-age=31536000; includeSubDomains
      vary:
      - Accept-Encoding
      x-content-type-options:
      - nosniff
    status:
      code: 200
      message: OK
- request:
    body: '{"location": "westus", "tags": {}, "identity": {"type": "SystemAssigned"},
      "properties": {"containers": [{"name": "clicontainer000002", "properties": {"image":
      "alpine:latest", "ports": [{"protocol": "TCP", "port": 80}], "resources": {"requests":
      {"memoryInGB": 1.5, "cpu": 1.0}}}}], "restartPolicy": "Always", "ipAddress":
      {"ports": [{"protocol": "TCP", "port": 80}], "type": "Public"}, "osType": "Linux"}}'
    headers:
      Accept:
      - application/json
      Accept-Encoding:
      - gzip, deflate
      CommandName:
      - container create
      Connection:
      - keep-alive
      Content-Length:
      - '407'
      Content-Type:
      - application/json
      ParameterSetName:
      - -g -n --image --os-type --ip-address --assign-identity
      User-Agent:
      - AZURECLI/2.45.0 azsdk-python-mgmt-containerinstance/9.1.0 Python/3.9.13 (Windows-10-10.0.22621-SP0)
    method: PUT
    uri: https://management.azure.com/subscriptions/00000000-0000-0000-0000-000000000000/resourceGroups/clitest.rg000001/providers/Microsoft.ContainerInstance/containerGroups/clicontainer000002?api-version=2021-09-01
  response:
    body:
      string: '{"properties":{"sku":"Standard","provisioningState":"Pending","containers":[{"name":"clicontainer000002","properties":{"image":"alpine:latest","ports":[{"protocol":"TCP","port":80}],"environmentVariables":[],"resources":{"requests":{"memoryInGB":1.5,"cpu":1.0}}}}],"initContainers":[],"restartPolicy":"Always","ipAddress":{"ports":[{"protocol":"TCP","port":80}],"type":"Public"},"osType":"Linux","instanceView":{"events":[],"state":"Pending"}},"identity":{"principalId":"9544c2a8-3d3c-472b-ab53-5a6b7af9af03","tenantId":"54826b22-38d6-4fb2-bad9-b7b93a3e9c5a","type":"SystemAssigned"},"id":"/subscriptions/00000000-0000-0000-0000-000000000000/resourceGroups/clitest.rg000001/providers/Microsoft.ContainerInstance/containerGroups/clicontainer000002","name":"clicontainer000002","type":"Microsoft.ContainerInstance/containerGroups","location":"westus","tags":{}}'
    headers:
      azure-asyncoperation:
      - https://management.azure.com/subscriptions/00000000-0000-0000-0000-000000000000/providers/Microsoft.ContainerInstance/locations/westus/operations/2065a145-932a-4685-bc91-e6053a486245?api-version=2018-06-01
      cache-control:
      - no-cache
      content-length:
      - '859'
      content-type:
      - application/json; charset=utf-8
      date:
      - Fri, 10 Feb 2023 09:23:01 GMT
      expires:
      - '-1'
      pragma:
      - no-cache
      strict-transport-security:
      - max-age=31536000; includeSubDomains
      x-content-type-options:
      - nosniff
      x-ms-ratelimit-remaining-subscription-resource-requests-pt1h:
      - '299'
      x-ms-ratelimit-remaining-subscription-resource-requests-pt5m:
      - '99'
      x-ms-ratelimit-remaining-subscription-writes:
      - '1197'
    status:
      code: 201
      message: Created
- request:
    body: null
    headers:
      Accept:
      - '*/*'
      Accept-Encoding:
      - gzip, deflate
      CommandName:
      - container create
      Connection:
      - keep-alive
      ParameterSetName:
      - -g -n --image --os-type --ip-address --assign-identity
      User-Agent:
      - AZURECLI/2.45.0 azsdk-python-mgmt-containerinstance/9.1.0 Python/3.9.13 (Windows-10-10.0.22621-SP0)
    method: GET
    uri: https://management.azure.com/subscriptions/00000000-0000-0000-0000-000000000000/providers/Microsoft.ContainerInstance/locations/westus/operations/2065a145-932a-4685-bc91-e6053a486245?api-version=2018-06-01
  response:
    body:
      string: '{"id":"/subscriptions/00000000-0000-0000-0000-000000000000/resourceGroups/clitest.rg000001/providers/Microsoft.ContainerInstance/containerGroups/clicontainer000002","status":"Succeeded","startTime":"2023-02-10T09:23:01.2515346Z","properties":{"events":[{"count":1,"firstTimestamp":"2023-02-10T09:23:06Z","lastTimestamp":"2023-02-10T09:23:06Z","name":"Pulling","message":"pulling
        image \"alpine@sha256:93d5a28ff72d288d69b5997b8ba47396d2cbb62a72b5d87cd3351094b5d578a0\"","type":"Normal"},{"count":1,"firstTimestamp":"2023-02-10T09:23:07Z","lastTimestamp":"2023-02-10T09:23:07Z","name":"Pulled","message":"Successfully
        pulled image \"alpine@sha256:93d5a28ff72d288d69b5997b8ba47396d2cbb62a72b5d87cd3351094b5d578a0\"","type":"Normal"},{"count":1,"firstTimestamp":"2023-02-10T09:23:17Z","lastTimestamp":"2023-02-10T09:23:17Z","name":"Started","message":"Started
        container","type":"Normal"}]}}'
    headers:
      cache-control:
      - no-cache
      content-length:
      - '886'
      content-type:
      - application/json; charset=utf-8
      date:
      - Fri, 10 Feb 2023 09:23:32 GMT
      expires:
      - '-1'
      pragma:
      - no-cache
      strict-transport-security:
      - max-age=31536000; includeSubDomains
      transfer-encoding:
      - chunked
      vary:
      - Accept-Encoding,Accept-Encoding
      x-content-type-options:
      - nosniff
    status:
      code: 200
      message: OK
- request:
    body: null
    headers:
      Accept:
      - '*/*'
      Accept-Encoding:
      - gzip, deflate
      CommandName:
      - container create
      Connection:
      - keep-alive
      ParameterSetName:
      - -g -n --image --os-type --ip-address --assign-identity
      User-Agent:
      - AZURECLI/2.45.0 azsdk-python-mgmt-containerinstance/9.1.0 Python/3.9.13 (Windows-10-10.0.22621-SP0)
    method: GET
    uri: https://management.azure.com/subscriptions/00000000-0000-0000-0000-000000000000/resourceGroups/clitest.rg000001/providers/Microsoft.ContainerInstance/containerGroups/clicontainer000002?api-version=2021-09-01
  response:
    body:
      string: '{"properties":{"sku":"Standard","provisioningState":"Succeeded","containers":[{"name":"clicontainer000002","properties":{"image":"alpine:latest","ports":[{"protocol":"TCP","port":80}],"environmentVariables":[],"instanceView":{"restartCount":2,"currentState":{"state":"Running","startTime":"2023-02-10T09:23:29.441Z","detailStatus":""},"previousState":{"state":"Terminated","startTime":"2023-02-10T09:23:23.407Z","exitCode":0,"finishTime":"2023-02-10T09:23:29.441Z","detailStatus":"Completed"},"events":[{"count":1,"firstTimestamp":"2023-02-10T09:23:06Z","lastTimestamp":"2023-02-10T09:23:06Z","name":"Pulling","message":"pulling
        image \"alpine@sha256:93d5a28ff72d288d69b5997b8ba47396d2cbb62a72b5d87cd3351094b5d578a0\"","type":"Normal"},{"count":1,"firstTimestamp":"2023-02-10T09:23:07Z","lastTimestamp":"2023-02-10T09:23:07Z","name":"Pulled","message":"Successfully
        pulled image \"alpine@sha256:93d5a28ff72d288d69b5997b8ba47396d2cbb62a72b5d87cd3351094b5d578a0\"","type":"Normal"},{"count":2,"firstTimestamp":"2023-02-10T09:23:17Z","lastTimestamp":"2023-02-10T09:23:23Z","name":"Started","message":"Started
        container","type":"Normal"},{"count":1,"firstTimestamp":"2023-02-10T09:23:22Z","lastTimestamp":"2023-02-10T09:23:22Z","name":"Killing","message":"Killing
        container with id bae6ecc68fba7a11b420721393d4eda59e705f8a7206e192ddafeca36b298711.","type":"Normal"}]},"resources":{"requests":{"memoryInGB":1.5,"cpu":1.0}}}}],"initContainers":[],"restartPolicy":"Always","ipAddress":{"ports":[{"protocol":"TCP","port":80}],"ip":"20.66.32.249","type":"Public"},"osType":"Linux","instanceView":{"events":[],"state":"Running"}},"identity":{"principalId":"9544c2a8-3d3c-472b-ab53-5a6b7af9af03","tenantId":"54826b22-38d6-4fb2-bad9-b7b93a3e9c5a","type":"SystemAssigned"},"id":"/subscriptions/00000000-0000-0000-0000-000000000000/resourceGroups/clitest.rg000001/providers/Microsoft.ContainerInstance/containerGroups/clicontainer000002","name":"clicontainer000002","type":"Microsoft.ContainerInstance/containerGroups","location":"westus","tags":{}}'
    headers:
      cache-control:
      - no-cache
      content-length:
      - '2035'
      content-type:
      - application/json; charset=utf-8
      date:
      - Fri, 10 Feb 2023 09:23:32 GMT
      expires:
      - '-1'
      pragma:
      - no-cache
      strict-transport-security:
      - max-age=31536000; includeSubDomains
      transfer-encoding:
      - chunked
      vary:
      - Accept-Encoding,Accept-Encoding
      x-content-type-options:
      - nosniff
    status:
      code: 200
      message: OK
- request:
    body: null
    headers:
      Accept:
      - application/json
      Accept-Encoding:
      - gzip, deflate
      CommandName:
      - container create
      Connection:
      - keep-alive
      ParameterSetName:
      - -g -n --image --os-type --ip-address --assign-identity
      User-Agent:
      - AZURECLI/2.45.0 azsdk-python-azure-mgmt-resource/21.1.0b1 Python/3.9.13 (Windows-10-10.0.22621-SP0)
    method: GET
    uri: https://management.azure.com/subscriptions/00000000-0000-0000-0000-000000000000/resourcegroups/clitest.rg000001?api-version=2021-04-01
  response:
    body:
      string: '{"id":"/subscriptions/00000000-0000-0000-0000-000000000000/resourceGroups/clitest.rg000001","name":"clitest.rg000001","type":"Microsoft.Resources/resourceGroups","location":"westus","tags":{"product":"azurecli","cause":"automation","date":"2023-02-10T09:22:37Z"},"properties":{"provisioningState":"Succeeded"}}'
    headers:
      cache-control:
      - no-cache
      content-length:
      - '310'
      content-type:
      - application/json; charset=utf-8
      date:
      - Fri, 10 Feb 2023 09:23:33 GMT
      expires:
      - '-1'
      pragma:
      - no-cache
      strict-transport-security:
      - max-age=31536000; includeSubDomains
      vary:
      - Accept-Encoding
      x-content-type-options:
      - nosniff
    status:
      code: 200
      message: OK
- request:
    body: '{"location": "westus", "tags": {}, "identity": {"type": "UserAssigned",
      "userAssignedIdentities": {"/subscriptions/00000000-0000-0000-0000-000000000000/resourcegroups/clitest.rg000001/providers/Microsoft.ManagedIdentity/userAssignedIdentities/cliaciidentity000005":
      {}}}, "properties": {"containers": [{"name": "clicontainer000003", "properties":
      {"image": "alpine:latest", "ports": [{"protocol": "TCP", "port": 80}], "resources":
      {"requests": {"memoryInGB": 1.5, "cpu": 1.0}}}}], "restartPolicy": "Always",
      "ipAddress": {"ports": [{"protocol": "TCP", "port": 80}], "type": "Public"},
      "osType": "Linux"}}'
    headers:
      Accept:
      - application/json
      Accept-Encoding:
      - gzip, deflate
      CommandName:
      - container create
      Connection:
      - keep-alive
      Content-Length:
      - '604'
      Content-Type:
      - application/json
      ParameterSetName:
      - -g -n --image --os-type --ip-address --assign-identity
      User-Agent:
      - AZURECLI/2.45.0 azsdk-python-mgmt-containerinstance/9.1.0 Python/3.9.13 (Windows-10-10.0.22621-SP0)
    method: PUT
    uri: https://management.azure.com/subscriptions/00000000-0000-0000-0000-000000000000/resourceGroups/clitest.rg000001/providers/Microsoft.ContainerInstance/containerGroups/clicontainer000003?api-version=2021-09-01
  response:
    body:
      string: '{"properties":{"sku":"Standard","provisioningState":"Pending","containers":[{"name":"clicontainer000003","properties":{"image":"alpine:latest","ports":[{"protocol":"TCP","port":80}],"environmentVariables":[],"resources":{"requests":{"memoryInGB":1.5,"cpu":1.0}}}}],"initContainers":[],"restartPolicy":"Always","ipAddress":{"ports":[{"protocol":"TCP","port":80}],"type":"Public"},"osType":"Linux","instanceView":{"events":[],"state":"Pending"}},"identity":{"userAssignedIdentities":{"/subscriptions/00000000-0000-0000-0000-000000000000/resourcegroups/clitest.rg000001/providers/Microsoft.ManagedIdentity/userAssignedIdentities/cliaciidentity000005":{"principalId":"fd89517b-c475-40a2-812f-1572c2230667","clientId":"9ac0206c-7e87-4b0b-9e91-582d62ac9e67"}},"tenantId":"54826b22-38d6-4fb2-bad9-b7b93a3e9c5a","type":"UserAssigned"},"id":"/subscriptions/00000000-0000-0000-0000-000000000000/resourceGroups/clitest.rg000001/providers/Microsoft.ContainerInstance/containerGroups/clicontainer000003","name":"clicontainer000003","type":"Microsoft.ContainerInstance/containerGroups","location":"westus","tags":{}}'
    headers:
      azure-asyncoperation:
      - https://management.azure.com/subscriptions/00000000-0000-0000-0000-000000000000/providers/Microsoft.ContainerInstance/locations/westus/operations/3a6af44b-8bfd-4110-b239-dca7e3dff48e?api-version=2018-06-01
      cache-control:
      - no-cache
      content-length:
      - '1102'
      content-type:
      - application/json; charset=utf-8
      date:
      - Fri, 10 Feb 2023 09:23:41 GMT
      expires:
      - '-1'
      pragma:
      - no-cache
      strict-transport-security:
      - max-age=31536000; includeSubDomains
      x-content-type-options:
      - nosniff
      x-ms-ratelimit-remaining-subscription-resource-requests-pt1h:
      - '299'
      x-ms-ratelimit-remaining-subscription-resource-requests-pt5m:
      - '99'
      x-ms-ratelimit-remaining-subscription-writes:
      - '1195'
    status:
      code: 201
      message: Created
- request:
    body: null
    headers:
      Accept:
      - '*/*'
      Accept-Encoding:
      - gzip, deflate
      CommandName:
      - container create
      Connection:
      - keep-alive
      ParameterSetName:
      - -g -n --image --os-type --ip-address --assign-identity
      User-Agent:
      - AZURECLI/2.45.0 azsdk-python-mgmt-containerinstance/9.1.0 Python/3.9.13 (Windows-10-10.0.22621-SP0)
    method: GET
    uri: https://management.azure.com/subscriptions/00000000-0000-0000-0000-000000000000/providers/Microsoft.ContainerInstance/locations/westus/operations/3a6af44b-8bfd-4110-b239-dca7e3dff48e?api-version=2018-06-01
  response:
    body:
      string: '{"id":"/subscriptions/00000000-0000-0000-0000-000000000000/resourceGroups/clitest.rg000001/providers/Microsoft.ContainerInstance/containerGroups/clicontainer000003","status":"Succeeded","startTime":"2023-02-10T09:23:41.1270395Z","properties":{"events":[{"count":1,"firstTimestamp":"2023-02-10T09:23:46Z","lastTimestamp":"2023-02-10T09:23:46Z","name":"Pulling","message":"pulling
        image \"alpine@sha256:93d5a28ff72d288d69b5997b8ba47396d2cbb62a72b5d87cd3351094b5d578a0\"","type":"Normal"},{"count":1,"firstTimestamp":"2023-02-10T09:23:47Z","lastTimestamp":"2023-02-10T09:23:47Z","name":"Pulled","message":"Successfully
        pulled image \"alpine@sha256:93d5a28ff72d288d69b5997b8ba47396d2cbb62a72b5d87cd3351094b5d578a0\"","type":"Normal"}]}}'
    headers:
      cache-control:
      - no-cache
      content-length:
      - '732'
      content-type:
      - application/json; charset=utf-8
      date:
      - Fri, 10 Feb 2023 09:24:12 GMT
      expires:
      - '-1'
      pragma:
      - no-cache
      strict-transport-security:
      - max-age=31536000; includeSubDomains
      transfer-encoding:
      - chunked
      vary:
      - Accept-Encoding,Accept-Encoding
      x-content-type-options:
      - nosniff
    status:
      code: 200
      message: OK
- request:
    body: null
    headers:
      Accept:
      - '*/*'
      Accept-Encoding:
      - gzip, deflate
      CommandName:
      - container create
      Connection:
      - keep-alive
      ParameterSetName:
      - -g -n --image --os-type --ip-address --assign-identity
      User-Agent:
      - AZURECLI/2.45.0 azsdk-python-mgmt-containerinstance/9.1.0 Python/3.9.13 (Windows-10-10.0.22621-SP0)
    method: GET
    uri: https://management.azure.com/subscriptions/00000000-0000-0000-0000-000000000000/resourceGroups/clitest.rg000001/providers/Microsoft.ContainerInstance/containerGroups/clicontainer000003?api-version=2021-09-01
  response:
    body:
      string: '{"properties":{"sku":"Standard","provisioningState":"Succeeded","containers":[{"name":"clicontainer000003","properties":{"image":"alpine:latest","ports":[{"protocol":"TCP","port":80}],"environmentVariables":[],"instanceView":{"restartCount":2,"currentState":{"state":"Running","startTime":"2023-02-10T09:24:09.774Z","detailStatus":""},"previousState":{"state":"Terminated","startTime":"2023-02-10T09:24:03.767Z","exitCode":0,"finishTime":"2023-02-10T09:24:09.774Z","detailStatus":"Completed"},"events":[{"count":1,"firstTimestamp":"2023-02-10T09:23:46Z","lastTimestamp":"2023-02-10T09:23:46Z","name":"Pulling","message":"pulling
        image \"alpine@sha256:93d5a28ff72d288d69b5997b8ba47396d2cbb62a72b5d87cd3351094b5d578a0\"","type":"Normal"},{"count":1,"firstTimestamp":"2023-02-10T09:23:47Z","lastTimestamp":"2023-02-10T09:23:47Z","name":"Pulled","message":"Successfully
        pulled image \"alpine@sha256:93d5a28ff72d288d69b5997b8ba47396d2cbb62a72b5d87cd3351094b5d578a0\"","type":"Normal"},{"count":2,"firstTimestamp":"2023-02-10T09:23:57Z","lastTimestamp":"2023-02-10T09:24:03Z","name":"Started","message":"Started
        container","type":"Normal"},{"count":1,"firstTimestamp":"2023-02-10T09:24:03Z","lastTimestamp":"2023-02-10T09:24:03Z","name":"Killing","message":"Killing
        container with id f49cdb910e3a098dec043b155c3db4f518cba5af7e97166eef0837ffc88c7201.","type":"Normal"}]},"resources":{"requests":{"memoryInGB":1.5,"cpu":1.0}}}}],"initContainers":[],"restartPolicy":"Always","ipAddress":{"ports":[{"protocol":"TCP","port":80}],"ip":"40.78.16.54","type":"Public"},"osType":"Linux","instanceView":{"events":[],"state":"Running"}},"identity":{"userAssignedIdentities":{"/subscriptions/00000000-0000-0000-0000-000000000000/resourcegroups/clitest.rg000001/providers/Microsoft.ManagedIdentity/userAssignedIdentities/cliaciidentity000005":{"principalId":"fd89517b-c475-40a2-812f-1572c2230667","clientId":"9ac0206c-7e87-4b0b-9e91-582d62ac9e67"}},"tenantId":"54826b22-38d6-4fb2-bad9-b7b93a3e9c5a","type":"UserAssigned"},"id":"/subscriptions/00000000-0000-0000-0000-000000000000/resourceGroups/clitest.rg000001/providers/Microsoft.ContainerInstance/containerGroups/clicontainer000003","name":"clicontainer000003","type":"Microsoft.ContainerInstance/containerGroups","location":"westus","tags":{}}'
    headers:
      cache-control:
      - no-cache
      content-length:
      - '2277'
      content-type:
      - application/json; charset=utf-8
      date:
      - Fri, 10 Feb 2023 09:24:13 GMT
      expires:
      - '-1'
      pragma:
      - no-cache
      strict-transport-security:
      - max-age=31536000; includeSubDomains
      transfer-encoding:
      - chunked
      vary:
      - Accept-Encoding,Accept-Encoding
      x-content-type-options:
      - nosniff
    status:
      code: 200
      message: OK
- request:
    body: null
    headers:
      Accept:
      - application/json
      Accept-Encoding:
      - gzip, deflate
      CommandName:
      - container create
      Connection:
      - keep-alive
      ParameterSetName:
      - -g -n --image --os-type --ip-address --assign-identity
      User-Agent:
      - AZURECLI/2.45.0 azsdk-python-azure-mgmt-resource/21.1.0b1 Python/3.9.13 (Windows-10-10.0.22621-SP0)
    method: GET
    uri: https://management.azure.com/subscriptions/00000000-0000-0000-0000-000000000000/resourcegroups/clitest.rg000001?api-version=2021-04-01
  response:
    body:
      string: '{"id":"/subscriptions/00000000-0000-0000-0000-000000000000/resourceGroups/clitest.rg000001","name":"clitest.rg000001","type":"Microsoft.Resources/resourceGroups","location":"westus","tags":{"product":"azurecli","cause":"automation","date":"2023-02-10T09:22:37Z"},"properties":{"provisioningState":"Succeeded"}}'
    headers:
      cache-control:
      - no-cache
      content-length:
      - '310'
      content-type:
      - application/json; charset=utf-8
      date:
      - Fri, 10 Feb 2023 09:24:13 GMT
      expires:
      - '-1'
      pragma:
      - no-cache
      strict-transport-security:
      - max-age=31536000; includeSubDomains
      vary:
      - Accept-Encoding
      x-content-type-options:
      - nosniff
    status:
      code: 200
      message: OK
- request:
    body: '{"location": "westus", "tags": {}, "identity": {"type": "SystemAssigned,
      UserAssigned", "userAssignedIdentities": {"/subscriptions/00000000-0000-0000-0000-000000000000/resourcegroups/clitest.rg000001/providers/Microsoft.ManagedIdentity/userAssignedIdentities/cliaciidentity000005":
      {}}}, "properties": {"containers": [{"name": "clicontainer000004", "properties":
      {"image": "alpine:latest", "ports": [{"protocol": "TCP", "port": 80}], "resources":
      {"requests": {"memoryInGB": 1.5, "cpu": 1.0}}}}], "restartPolicy": "Always",
      "ipAddress": {"ports": [{"protocol": "TCP", "port": 80}], "type": "Public"},
      "osType": "Linux"}}'
    headers:
      Accept:
      - application/json
      Accept-Encoding:
      - gzip, deflate
      CommandName:
      - container create
      Connection:
      - keep-alive
      Content-Length:
      - '620'
      Content-Type:
      - application/json
      ParameterSetName:
      - -g -n --image --os-type --ip-address --assign-identity
      User-Agent:
      - AZURECLI/2.45.0 azsdk-python-mgmt-containerinstance/9.1.0 Python/3.9.13 (Windows-10-10.0.22621-SP0)
    method: PUT
    uri: https://management.azure.com/subscriptions/00000000-0000-0000-0000-000000000000/resourceGroups/clitest.rg000001/providers/Microsoft.ContainerInstance/containerGroups/clicontainer000004?api-version=2021-09-01
  response:
    body:
      string: '{"properties":{"sku":"Standard","provisioningState":"Pending","containers":[{"name":"clicontainer000004","properties":{"image":"alpine:latest","ports":[{"protocol":"TCP","port":80}],"environmentVariables":[],"resources":{"requests":{"memoryInGB":1.5,"cpu":1.0}}}}],"initContainers":[],"restartPolicy":"Always","ipAddress":{"ports":[{"protocol":"TCP","port":80}],"type":"Public"},"osType":"Linux","instanceView":{"events":[],"state":"Pending"}},"identity":{"userAssignedIdentities":{"/subscriptions/00000000-0000-0000-0000-000000000000/resourcegroups/clitest.rg000001/providers/Microsoft.ManagedIdentity/userAssignedIdentities/cliaciidentity000005":{"principalId":"fd89517b-c475-40a2-812f-1572c2230667","clientId":"9ac0206c-7e87-4b0b-9e91-582d62ac9e67"}},"principalId":"3f03009f-6943-4080-853e-d94aa55afb1f","tenantId":"54826b22-38d6-4fb2-bad9-b7b93a3e9c5a","type":"SystemAssigned,
        UserAssigned"},"id":"/subscriptions/00000000-0000-0000-0000-000000000000/resourceGroups/clitest.rg000001/providers/Microsoft.ContainerInstance/containerGroups/clicontainer000004","name":"clicontainer000004","type":"Microsoft.ContainerInstance/containerGroups","location":"westus","tags":{}}'
    headers:
      azure-asyncoperation:
      - https://management.azure.com/subscriptions/00000000-0000-0000-0000-000000000000/providers/Microsoft.ContainerInstance/locations/westus/operations/cea2e15e-720c-42de-874b-066cf5816f71?api-version=2018-06-01
      cache-control:
      - no-cache
      content-length:
      - '1171'
      content-type:
      - application/json; charset=utf-8
      date:
      - Fri, 10 Feb 2023 09:24:23 GMT
      expires:
      - '-1'
      pragma:
      - no-cache
      strict-transport-security:
      - max-age=31536000; includeSubDomains
      x-content-type-options:
      - nosniff
      x-ms-ratelimit-remaining-subscription-resource-requests-pt1h:
      - '299'
      x-ms-ratelimit-remaining-subscription-resource-requests-pt5m:
      - '99'
      x-ms-ratelimit-remaining-subscription-writes:
      - '1197'
    status:
      code: 201
      message: Created
- request:
    body: null
    headers:
      Accept:
      - '*/*'
      Accept-Encoding:
      - gzip, deflate
      CommandName:
      - container create
      Connection:
      - keep-alive
      ParameterSetName:
      - -g -n --image --os-type --ip-address --assign-identity
      User-Agent:
      - AZURECLI/2.45.0 azsdk-python-mgmt-containerinstance/9.1.0 Python/3.9.13 (Windows-10-10.0.22621-SP0)
    method: GET
    uri: https://management.azure.com/subscriptions/00000000-0000-0000-0000-000000000000/providers/Microsoft.ContainerInstance/locations/westus/operations/cea2e15e-720c-42de-874b-066cf5816f71?api-version=2018-06-01
  response:
    body:
      string: '{"id":"/subscriptions/00000000-0000-0000-0000-000000000000/resourceGroups/clitest.rg000001/providers/Microsoft.ContainerInstance/containerGroups/clicontainer000004","status":"Succeeded","startTime":"2023-02-10T09:24:22.1129147Z","properties":{"events":[{"count":1,"firstTimestamp":"2023-02-10T09:24:29Z","lastTimestamp":"2023-02-10T09:24:29Z","name":"Pulling","message":"pulling
        image \"alpine@sha256:93d5a28ff72d288d69b5997b8ba47396d2cbb62a72b5d87cd3351094b5d578a0\"","type":"Normal"},{"count":1,"firstTimestamp":"2023-02-10T09:24:31Z","lastTimestamp":"2023-02-10T09:24:31Z","name":"Pulled","message":"Successfully
        pulled image \"alpine@sha256:93d5a28ff72d288d69b5997b8ba47396d2cbb62a72b5d87cd3351094b5d578a0\"","type":"Normal"},{"count":1,"firstTimestamp":"2023-02-10T09:24:39Z","lastTimestamp":"2023-02-10T09:24:39Z","name":"Started","message":"Started
        container","type":"Normal"}]}}'
    headers:
      cache-control:
      - no-cache
      content-length:
      - '886'
      content-type:
      - application/json; charset=utf-8
      date:
      - Fri, 10 Feb 2023 09:24:53 GMT
      expires:
      - '-1'
      pragma:
      - no-cache
      strict-transport-security:
      - max-age=31536000; includeSubDomains
      transfer-encoding:
      - chunked
      vary:
      - Accept-Encoding,Accept-Encoding
      x-content-type-options:
      - nosniff
    status:
      code: 200
      message: OK
- request:
    body: null
    headers:
      Accept:
      - '*/*'
      Accept-Encoding:
      - gzip, deflate
      CommandName:
      - container create
      Connection:
      - keep-alive
      ParameterSetName:
      - -g -n --image --os-type --ip-address --assign-identity
      User-Agent:
      - AZURECLI/2.45.0 azsdk-python-mgmt-containerinstance/9.1.0 Python/3.9.13 (Windows-10-10.0.22621-SP0)
    method: GET
    uri: https://management.azure.com/subscriptions/00000000-0000-0000-0000-000000000000/resourceGroups/clitest.rg000001/providers/Microsoft.ContainerInstance/containerGroups/clicontainer000004?api-version=2021-09-01
  response:
    body:
      string: '{"properties":{"sku":"Standard","provisioningState":"Succeeded","containers":[{"name":"clicontainer000004","properties":{"image":"alpine:latest","ports":[{"protocol":"TCP","port":80}],"environmentVariables":[],"instanceView":{"restartCount":2,"currentState":{"state":"Running","startTime":"2023-02-10T09:24:50.765Z","detailStatus":""},"previousState":{"state":"Terminated","startTime":"2023-02-10T09:24:44.778Z","exitCode":0,"finishTime":"2023-02-10T09:24:50.765Z","detailStatus":"Completed"},"events":[{"count":1,"firstTimestamp":"2023-02-10T09:24:29Z","lastTimestamp":"2023-02-10T09:24:29Z","name":"Pulling","message":"pulling
        image \"alpine@sha256:93d5a28ff72d288d69b5997b8ba47396d2cbb62a72b5d87cd3351094b5d578a0\"","type":"Normal"},{"count":1,"firstTimestamp":"2023-02-10T09:24:31Z","lastTimestamp":"2023-02-10T09:24:31Z","name":"Pulled","message":"Successfully
        pulled image \"alpine@sha256:93d5a28ff72d288d69b5997b8ba47396d2cbb62a72b5d87cd3351094b5d578a0\"","type":"Normal"},{"count":2,"firstTimestamp":"2023-02-10T09:24:39Z","lastTimestamp":"2023-02-10T09:24:44Z","name":"Started","message":"Started
        container","type":"Normal"},{"count":1,"firstTimestamp":"2023-02-10T09:24:44Z","lastTimestamp":"2023-02-10T09:24:44Z","name":"Killing","message":"Killing
        container with id 25df755bc9e984ee62fb9ff3e4707da9bdc3b924d42d8588c2f4646ef55cc0c9.","type":"Normal"}]},"resources":{"requests":{"memoryInGB":1.5,"cpu":1.0}}}}],"initContainers":[],"restartPolicy":"Always","ipAddress":{"ports":[{"protocol":"TCP","port":80}],"ip":"104.40.31.143","type":"Public"},"osType":"Linux","instanceView":{"events":[],"state":"Running"}},"identity":{"userAssignedIdentities":{"/subscriptions/00000000-0000-0000-0000-000000000000/resourcegroups/clitest.rg000001/providers/Microsoft.ManagedIdentity/userAssignedIdentities/cliaciidentity000005":{"principalId":"fd89517b-c475-40a2-812f-1572c2230667","clientId":"9ac0206c-7e87-4b0b-9e91-582d62ac9e67"}},"principalId":"3f03009f-6943-4080-853e-d94aa55afb1f","tenantId":"54826b22-38d6-4fb2-bad9-b7b93a3e9c5a","type":"SystemAssigned,
        UserAssigned"},"id":"/subscriptions/00000000-0000-0000-0000-000000000000/resourceGroups/clitest.rg000001/providers/Microsoft.ContainerInstance/containerGroups/clicontainer000004","name":"clicontainer000004","type":"Microsoft.ContainerInstance/containerGroups","location":"westus","tags":{}}'
    headers:
      cache-control:
      - no-cache
      content-length:
      - '2348'
      content-type:
      - application/json; charset=utf-8
      date:
      - Fri, 10 Feb 2023 09:24:54 GMT
      expires:
      - '-1'
      pragma:
      - no-cache
      strict-transport-security:
      - max-age=31536000; includeSubDomains
      transfer-encoding:
      - chunked
      vary:
      - Accept-Encoding,Accept-Encoding
      x-content-type-options:
      - nosniff
    status:
      code: 200
      message: OK
version: 1
