interactions:
- request:
    body: null
    headers:
      Accept:
      - application/json
      Accept-Encoding:
      - gzip, deflate
      CommandName:
      - container create
      Connection:
      - keep-alive
      ParameterSetName:
      - -g -n --image --os-type --ip-address --dns-name-label --ports --cpu --memory
        --command-line -e --restart-policy --secrets --secrets-mount-path
      User-Agent:
      - AZURECLI/2.27.0 azsdk-python-azure-mgmt-resource/18.0.0 Python/3.8.8 (Windows-10-10.0.19041-SP0)
    method: GET
    uri: https://eastus2euap.management.azure.com/subscriptions/00000000-0000-0000-0000-000000000000/resourcegroups/clitest.rg000001?api-version=2021-04-01
  response:
    body:
      string: '{"id":"/subscriptions/00000000-0000-0000-0000-000000000000/resourceGroups/clitest.rg000001","name":"clitest.rg000001","type":"Microsoft.Resources/resourceGroups","location":"westus","tags":{"product":"azurecli","cause":"automation","date":"2021-08-12T20:47:36Z"},"properties":{"provisioningState":"Succeeded"}}'
    headers:
      cache-control:
      - no-cache
      content-length:
      - '428'
      content-type:
      - application/json; charset=utf-8
      date:
      - Thu, 12 Aug 2021 20:47:39 GMT
      expires:
      - '-1'
      pragma:
      - no-cache
      strict-transport-security:
      - max-age=31536000; includeSubDomains
      vary:
      - Accept-Encoding
      x-content-type-options:
      - nosniff
    status:
      code: 200
      message: OK
- request:
    body: '{"location": "westus", "tags": {}, "properties": {"containers": [{"name":
      "clicontainer000002", "properties": {"image": "alpine:latest", "command": ["/bin/sh",
      "-c", "while true; do echo hello; sleep 20; done"], "ports": [{"protocol": "TCP",
      "port": 8000}, {"protocol": "TCP", "port": 8001}], "environmentVariables": [{"name":
      "KEY1", "value": "VALUE1"}, {"name": "KEY2", "value": "FOO=BAR="}], "resources":
      {"requests": {"memoryInGB": 1.0, "cpu": 1.0}}, "volumeMounts": [{"name": "secrets",
      "mountPath": "/s"}]}}], "restartPolicy": "Never", "ipAddress": {"ports": [{"protocol":
      "TCP", "port": 8000}, {"protocol": "TCP", "port": 8001}], "type": "Public",
      "dnsNameLabel": "clicontainer000002"}, "osType": "Linux", "volumes": [{"name":
      "secrets", "secret": {"secret1": "c3VwZXJhd2Vzb21lc2VjcmV0", "secret2": "bm90aGluZyB0byBzZWU="}}]}}'
    headers:
      Accept:
      - application/json
      Accept-Encoding:
      - gzip, deflate
      CommandName:
      - container create
      Connection:
      - keep-alive
      Content-Length:
      - '829'
      Content-Type:
      - application/json
      ParameterSetName:
      - -g -n --image --os-type --ip-address --dns-name-label --ports --cpu --memory
        --command-line -e --restart-policy --secrets --secrets-mount-path
      User-Agent:
      - AZURECLI/2.27.0 azsdk-python-mgmt-containerinstance/8.0.0 Python/3.8.8 (Windows-10-10.0.19041-SP0)
    method: PUT
    uri: https://eastus2euap.management.azure.com/subscriptions/00000000-0000-0000-0000-000000000000/resourceGroups/clitest.rg000001/providers/Microsoft.ContainerInstance/containerGroups/clicontainer000002?api-version=2021-03-01
  response:
    body:
      string: '{"properties":{"sku":"Standard","provisioningState":"Pending","containers":[{"name":"clicontainer000002","properties":{"image":"alpine:latest","command":["/bin/sh","-c","while
        true; do echo hello; sleep 20; done"],"ports":[{"protocol":"TCP","port":8000},{"protocol":"TCP","port":8001}],"environmentVariables":[{"name":"KEY1","value":"VALUE1"},{"name":"KEY2","value":"FOO=BAR="}],"resources":{"requests":{"memoryInGB":1.0,"cpu":1.0}},"volumeMounts":[{"name":"secrets","mountPath":"/s"}]}}],"initContainers":[],"restartPolicy":"Never","ipAddress":{"ports":[{"protocol":"TCP","port":8000},{"protocol":"TCP","port":8001}],"type":"Public","dnsNameLabel":"clicontainer000002","fqdn":"clicontainer000002.westus.azurecontainer.io"},"osType":"Linux","volumes":[{"name":"secrets","secret":{}}],"instanceView":{"events":[],"state":"Pending"}},"id":"/subscriptions/00000000-0000-0000-0000-000000000000/resourceGroups/clitest.rg000001/providers/Microsoft.ContainerInstance/containerGroups/clicontainer000002","name":"clicontainer000002","type":"Microsoft.ContainerInstance/containerGroups","location":"westus","tags":{}}'
    headers:
      azure-asyncoperation:
      - https://eastus2euap.management.azure.com/subscriptions/00000000-0000-0000-0000-000000000000/providers/Microsoft.ContainerInstance/locations/westus/operations/0058c16b-ed3b-4936-818d-060982b27f8c?api-version=2018-06-01
      cache-control:
      - no-cache
      content-length:
      - '1156'
      content-type:
      - application/json; charset=utf-8
      date:
      - Thu, 12 Aug 2021 20:47:45 GMT
      expires:
      - '-1'
      pragma:
      - no-cache
      strict-transport-security:
      - max-age=31536000; includeSubDomains
      x-content-type-options:
      - nosniff
      x-ms-ratelimit-remaining-subscription-resource-requests-pt1h:
      - '457'
      x-ms-ratelimit-remaining-subscription-resource-requests-pt5m:
      - '189'
      x-ms-ratelimit-remaining-subscription-writes:
      - '1184'
    status:
      code: 201
      message: Created
- request:
    body: null
    headers:
      Accept:
      - '*/*'
      Accept-Encoding:
      - gzip, deflate
      CommandName:
      - container create
      Connection:
      - keep-alive
      ParameterSetName:
      - -g -n --image --os-type --ip-address --dns-name-label --ports --cpu --memory
        --command-line -e --restart-policy --secrets --secrets-mount-path
      User-Agent:
      - AZURECLI/2.27.0 azsdk-python-mgmt-containerinstance/8.0.0 Python/3.8.8 (Windows-10-10.0.19041-SP0)
    method: GET
    uri: https://eastus2euap.management.azure.com/subscriptions/00000000-0000-0000-0000-000000000000/providers/Microsoft.ContainerInstance/locations/westus/operations/0058c16b-ed3b-4936-818d-060982b27f8c?api-version=2018-06-01
  response:
    body:
      string: '{"id":"/subscriptions/00000000-0000-0000-0000-000000000000/resourceGroups/clitest.rg000001/providers/Microsoft.ContainerInstance/containerGroups/clicontainer000002","status":"Succeeded","startTime":"2021-08-12T20:47:45.480406Z","properties":{"events":[{"count":1,"firstTimestamp":"2021-08-12T20:47:51Z","lastTimestamp":"2021-08-12T20:47:51Z","name":"Pulling","message":"pulling
        image \"alpine@sha256:be9bdc0ef8e96dbc428dc189b31e2e3b05523d96d12ed627c37aa2936653258c\"","type":"Normal"},{"count":1,"firstTimestamp":"2021-08-12T20:47:53Z","lastTimestamp":"2021-08-12T20:47:53Z","name":"Pulled","message":"Successfully
        pulled image \"alpine@sha256:be9bdc0ef8e96dbc428dc189b31e2e3b05523d96d12ed627c37aa2936653258c\"","type":"Normal"},{"count":1,"firstTimestamp":"2021-08-12T20:48:01Z","lastTimestamp":"2021-08-12T20:48:01Z","name":"Started","message":"Started
        container","type":"Normal"}]}}'
    headers:
      cache-control:
      - no-cache
      content-length:
      - '942'
      content-type:
      - application/json; charset=utf-8
      date:
      - Thu, 12 Aug 2021 20:48:15 GMT
      expires:
      - '-1'
      pragma:
      - no-cache
      strict-transport-security:
      - max-age=31536000; includeSubDomains
      transfer-encoding:
      - chunked
      vary:
      - Accept-Encoding,Accept-Encoding
      x-content-type-options:
      - nosniff
    status:
      code: 200
      message: OK
- request:
    body: null
    headers:
      Accept:
      - '*/*'
      Accept-Encoding:
      - gzip, deflate
      CommandName:
      - container create
      Connection:
      - keep-alive
      ParameterSetName:
      - -g -n --image --os-type --ip-address --dns-name-label --ports --cpu --memory
        --command-line -e --restart-policy --secrets --secrets-mount-path
      User-Agent:
      - AZURECLI/2.27.0 azsdk-python-mgmt-containerinstance/8.0.0 Python/3.8.8 (Windows-10-10.0.19041-SP0)
    method: GET
    uri: https://eastus2euap.management.azure.com/subscriptions/00000000-0000-0000-0000-000000000000/resourceGroups/clitest.rg000001/providers/Microsoft.ContainerInstance/containerGroups/clicontainer000002?api-version=2021-03-01
  response:
    body:
      string: '{"properties":{"sku":"Standard","provisioningState":"Succeeded","containers":[{"name":"clicontainer000002","properties":{"image":"alpine:latest","command":["/bin/sh","-c","while
        true; do echo hello; sleep 20; done"],"ports":[{"protocol":"TCP","port":8000},{"protocol":"TCP","port":8001}],"environmentVariables":[{"name":"KEY1","value":"VALUE1"},{"name":"KEY2","value":"FOO=BAR="}],"instanceView":{"restartCount":0,"currentState":{"state":"Running","startTime":"2021-08-12T20:48:01.875Z","detailStatus":""},"events":[{"count":1,"firstTimestamp":"2021-08-12T20:47:51Z","lastTimestamp":"2021-08-12T20:47:51Z","name":"Pulling","message":"pulling
        image \"alpine@sha256:be9bdc0ef8e96dbc428dc189b31e2e3b05523d96d12ed627c37aa2936653258c\"","type":"Normal"},{"count":1,"firstTimestamp":"2021-08-12T20:47:53Z","lastTimestamp":"2021-08-12T20:47:53Z","name":"Pulled","message":"Successfully
        pulled image \"alpine@sha256:be9bdc0ef8e96dbc428dc189b31e2e3b05523d96d12ed627c37aa2936653258c\"","type":"Normal"},{"count":1,"firstTimestamp":"2021-08-12T20:48:01Z","lastTimestamp":"2021-08-12T20:48:01Z","name":"Started","message":"Started
        container","type":"Normal"}]},"resources":{"requests":{"memoryInGB":1.0,"cpu":1.0}},"volumeMounts":[{"name":"secrets","mountPath":"/s"}]}}],"initContainers":[],"restartPolicy":"Never","ipAddress":{"ports":[{"protocol":"TCP","port":8000},{"protocol":"TCP","port":8001}],"ip":"104.42.12.69","type":"Public","dnsNameLabel":"clicontainer000002","fqdn":"clicontainer000002.westus.azurecontainer.io"},"osType":"Linux","volumes":[{"name":"secrets","secret":{}}],"instanceView":{"events":[],"state":"Running"}},"id":"/subscriptions/00000000-0000-0000-0000-000000000000/resourceGroups/clitest.rg000001/providers/Microsoft.ContainerInstance/containerGroups/clicontainer000002","name":"clicontainer000002","type":"Microsoft.ContainerInstance/containerGroups","location":"westus","tags":{}}'
    headers:
      cache-control:
      - no-cache
      content-length:
      - '1946'
      content-type:
      - application/json; charset=utf-8
      date:
      - Thu, 12 Aug 2021 20:48:16 GMT
      expires:
      - '-1'
      pragma:
      - no-cache
      strict-transport-security:
      - max-age=31536000; includeSubDomains
      transfer-encoding:
      - chunked
      vary:
      - Accept-Encoding,Accept-Encoding
      x-content-type-options:
      - nosniff
    status:
      code: 200
      message: OK
- request:
    body: null
    headers:
      Accept:
      - application/json
      Accept-Encoding:
      - gzip, deflate
      CommandName:
      - container show
      Connection:
      - keep-alive
      ParameterSetName:
      - -g -n
      User-Agent:
      - AZURECLI/2.27.0 azsdk-python-mgmt-containerinstance/8.0.0 Python/3.8.8 (Windows-10-10.0.19041-SP0)
    method: GET
    uri: https://eastus2euap.management.azure.com/subscriptions/00000000-0000-0000-0000-000000000000/resourceGroups/clitest.rg000001/providers/Microsoft.ContainerInstance/containerGroups/clicontainer000002?api-version=2021-03-01
  response:
    body:
      string: '{"properties":{"sku":"Standard","provisioningState":"Succeeded","containers":[{"name":"clicontainer000002","properties":{"image":"alpine:latest","command":["/bin/sh","-c","while
        true; do echo hello; sleep 20; done"],"ports":[{"protocol":"TCP","port":8000},{"protocol":"TCP","port":8001}],"environmentVariables":[{"name":"KEY1","value":"VALUE1"},{"name":"KEY2","value":"FOO=BAR="}],"instanceView":{"restartCount":0,"currentState":{"state":"Running","startTime":"2021-08-12T20:48:01.875Z","detailStatus":""},"events":[{"count":1,"firstTimestamp":"2021-08-12T20:47:51Z","lastTimestamp":"2021-08-12T20:47:51Z","name":"Pulling","message":"pulling
        image \"alpine@sha256:be9bdc0ef8e96dbc428dc189b31e2e3b05523d96d12ed627c37aa2936653258c\"","type":"Normal"},{"count":1,"firstTimestamp":"2021-08-12T20:47:53Z","lastTimestamp":"2021-08-12T20:47:53Z","name":"Pulled","message":"Successfully
        pulled image \"alpine@sha256:be9bdc0ef8e96dbc428dc189b31e2e3b05523d96d12ed627c37aa2936653258c\"","type":"Normal"},{"count":1,"firstTimestamp":"2021-08-12T20:48:01Z","lastTimestamp":"2021-08-12T20:48:01Z","name":"Started","message":"Started
        container","type":"Normal"}]},"resources":{"requests":{"memoryInGB":1.0,"cpu":1.0}},"volumeMounts":[{"name":"secrets","mountPath":"/s"}]}}],"initContainers":[],"restartPolicy":"Never","ipAddress":{"ports":[{"protocol":"TCP","port":8000},{"protocol":"TCP","port":8001}],"ip":"104.42.12.69","type":"Public","dnsNameLabel":"clicontainer000002","fqdn":"clicontainer000002.westus.azurecontainer.io"},"osType":"Linux","volumes":[{"name":"secrets","secret":{}}],"instanceView":{"events":[],"state":"Running"}},"id":"/subscriptions/00000000-0000-0000-0000-000000000000/resourceGroups/clitest.rg000001/providers/Microsoft.ContainerInstance/containerGroups/clicontainer000002","name":"clicontainer000002","type":"Microsoft.ContainerInstance/containerGroups","location":"westus","tags":{}}'
    headers:
      cache-control:
      - no-cache
      content-length:
      - '1946'
      content-type:
      - application/json; charset=utf-8
      date:
      - Thu, 12 Aug 2021 20:48:16 GMT
      expires:
      - '-1'
      pragma:
      - no-cache
      strict-transport-security:
      - max-age=31536000; includeSubDomains
      transfer-encoding:
      - chunked
      vary:
      - Accept-Encoding,Accept-Encoding
      x-content-type-options:
      - nosniff
    status:
      code: 200
      message: OK
- request:
    body: null
    headers:
      Accept:
      - application/json
      Accept-Encoding:
      - gzip, deflate
      CommandName:
      - container list
      Connection:
      - keep-alive
      ParameterSetName:
      - -g
      User-Agent:
      - AZURECLI/2.27.0 azsdk-python-mgmt-containerinstance/8.0.0 Python/3.8.8 (Windows-10-10.0.19041-SP0)
    method: GET
    uri: https://eastus2euap.management.azure.com/subscriptions/00000000-0000-0000-0000-000000000000/resourceGroups/clitest.rg000001/providers/Microsoft.ContainerInstance/containerGroups?api-version=2021-03-01
  response:
    body:
      string: '{"value":[{"properties":{"sku":"Standard","provisioningState":"Succeeded","containers":[{"name":"clicontainer000002","properties":{"image":"alpine:latest","command":["/bin/sh","-c","while
        true; do echo hello; sleep 20; done"],"ports":[{"protocol":"TCP","port":8000},{"protocol":"TCP","port":8001}],"environmentVariables":[{"name":"KEY1","value":"VALUE1"},{"name":"KEY2","value":"FOO=BAR="}],"resources":{"requests":{"memoryInGB":1.0,"cpu":1.0}},"volumeMounts":[{"name":"secrets","mountPath":"/s"}]}}],"initContainers":[],"restartPolicy":"Never","ipAddress":{"ports":[{"protocol":"TCP","port":8000},{"protocol":"TCP","port":8001}],"ip":"104.42.12.69","type":"Public","dnsNameLabel":"clicontainer000002","fqdn":"clicontainer000002.westus.azurecontainer.io"},"osType":"Linux","volumes":[{"name":"secrets","secret":{}}]},"id":"/subscriptions/00000000-0000-0000-0000-000000000000/resourceGroups/clitest.rg000001/providers/Microsoft.ContainerInstance/containerGroups/clicontainer000002","name":"clicontainer000002","type":"Microsoft.ContainerInstance/containerGroups","location":"westus","tags":{}}]}'
    headers:
      cache-control:
      - no-cache
      content-length:
      - '1143'
      content-type:
      - application/json; charset=utf-8
      date:
      - Thu, 12 Aug 2021 20:48:18 GMT
      expires:
      - '-1'
      pragma:
      - no-cache
      strict-transport-security:
      - max-age=31536000; includeSubDomains
      transfer-encoding:
      - chunked
      vary:
      - Accept-Encoding,Accept-Encoding
      x-content-type-options:
      - nosniff
    status:
      code: 200
      message: OK
version: 1
