interactions:
- request:
    body: null
    headers:
      Accept:
      - application/json
      Accept-Encoding:
      - gzip, deflate
      CommandName:
      - container create
      Connection:
      - keep-alive
      ParameterSetName:
      - -g -n --image --os-type --ip-address --dns-name-label --ports --cpu --memory
        --command-line -e --restart-policy --secrets --secrets-mount-path
      User-Agent:
      - AZURECLI/2.44.1 azsdk-python-azure-mgmt-resource/22.0.0 Python/3.10.9 (Linux-5.15.0-1031-azure-x86_64-with-glibc2.31)
        VSTS_7b238909-6802-4b65-b90d-184bca47f458_build_220_0
    method: GET
    uri: https://management.azure.com/subscriptions/00000000-0000-0000-0000-000000000000/resourcegroups/clitest.rg000001?api-version=2022-09-01
  response:
    body:
      string: '{"id":"/subscriptions/00000000-0000-0000-0000-000000000000/resourceGroups/clitest.rg000001","name":"clitest.rg000001","type":"Microsoft.Resources/resourceGroups","location":"westus","tags":{"product":"azurecli","cause":"automation","date":"2023-01-28T16:56:33Z"},"properties":{"provisioningState":"Succeeded"}}'
    headers:
      cache-control:
      - no-cache
      content-length:
      - '310'
      content-type:
      - application/json; charset=utf-8
      date:
      - Sat, 28 Jan 2023 16:56:33 GMT
      expires:
      - '-1'
      pragma:
      - no-cache
      strict-transport-security:
      - max-age=31536000; includeSubDomains
      vary:
      - Accept-Encoding
      x-content-type-options:
      - nosniff
    status:
      code: 200
      message: OK
- request:
    body: '{"location": "westus", "tags": {}, "properties": {"containers": [{"name":
      "clicontainer000002", "properties": {"image": "alpine:latest", "command": ["/bin/sh",
      "-c", "while true; do echo hello; sleep 20; done"], "ports": [{"protocol": "TCP",
      "port": 8000}, {"protocol": "TCP", "port": 8001}], "environmentVariables": [{"name":
      "KEY1", "value": "VALUE1"}, {"name": "KEY2", "value": "FOO=BAR="}], "resources":
      {"requests": {"memoryInGB": 1.0, "cpu": 1.0}}, "volumeMounts": [{"name": "secrets",
      "mountPath": "/s"}]}}], "restartPolicy": "Never", "ipAddress": {"ports": [{"protocol":
      "TCP", "port": 8000}, {"protocol": "TCP", "port": 8001}], "type": "Public",
      "dnsNameLabel": "clicontainer000002"}, "osType": "Linux", "volumes": [{"name":
      "secrets", "secret": {"secret1": "c3VwZXJhd2Vzb21lc2VjcmV0", "secret2": "bm90aGluZyB0byBzZWU="}}]}}'
    headers:
      Accept:
      - application/json
      Accept-Encoding:
      - gzip, deflate
      CommandName:
      - container create
      Connection:
      - keep-alive
      Content-Length:
      - '833'
      Content-Type:
      - application/json
      ParameterSetName:
      - -g -n --image --os-type --ip-address --dns-name-label --ports --cpu --memory
        --command-line -e --restart-policy --secrets --secrets-mount-path
      User-Agent:
      - AZURECLI/2.44.1 azsdk-python-mgmt-containerinstance/9.1.0 Python/3.10.9 (Linux-5.15.0-1031-azure-x86_64-with-glibc2.31)
        VSTS_7b238909-6802-4b65-b90d-184bca47f458_build_220_0
    method: PUT
    uri: https://management.azure.com/subscriptions/00000000-0000-0000-0000-000000000000/resourceGroups/clitest.rg000001/providers/Microsoft.ContainerInstance/containerGroups/clicontainer000002?api-version=2021-09-01
  response:
    body:
      string: '{"properties":{"sku":"Standard","provisioningState":"Pending","containers":[{"name":"clicontainer000002","properties":{"image":"alpine:latest","command":["/bin/sh","-c","while
        true; do echo hello; sleep 20; done"],"ports":[{"protocol":"TCP","port":8000},{"protocol":"TCP","port":8001}],"environmentVariables":[{"name":"KEY1","value":"VALUE1"},{"name":"KEY2","value":"FOO=BAR="}],"resources":{"requests":{"memoryInGB":1.0,"cpu":1.0}},"volumeMounts":[{"name":"secrets","mountPath":"/s"}]}}],"initContainers":[],"restartPolicy":"Never","ipAddress":{"ports":[{"protocol":"TCP","port":8000},{"protocol":"TCP","port":8001}],"type":"Public","dnsNameLabel":"clicontainer000002","fqdn":"clicontainer000002.westus.azurecontainer.io"},"osType":"Linux","volumes":[{"name":"secrets","secret":{}}],"instanceView":{"events":[],"state":"Pending"}},"id":"/subscriptions/00000000-0000-0000-0000-000000000000/resourceGroups/clitest.rg000001/providers/Microsoft.ContainerInstance/containerGroups/clicontainer000002","name":"clicontainer000002","type":"Microsoft.ContainerInstance/containerGroups","location":"westus","tags":{}}'
    headers:
      azure-asyncoperation:
      - https://management.azure.com/subscriptions/00000000-0000-0000-0000-000000000000/providers/Microsoft.ContainerInstance/locations/westus/operations/e7b7007f-c841-42d1-8d5a-6cb8b061f2d6?api-version=2018-06-01
      cache-control:
      - no-cache
      content-length:
      - '1107'
      content-type:
      - application/json; charset=utf-8
      date:
      - Sat, 28 Jan 2023 16:56:39 GMT
      expires:
      - '-1'
      pragma:
      - no-cache
      strict-transport-security:
      - max-age=31536000; includeSubDomains
      x-content-type-options:
      - nosniff
      x-ms-ratelimit-remaining-subscription-resource-requests-pt1h:
      - '299'
      x-ms-ratelimit-remaining-subscription-resource-requests-pt5m:
      - '99'
      x-ms-ratelimit-remaining-subscription-writes:
      - '1198'
    status:
      code: 201
      message: Created
- request:
    body: null
    headers:
      Accept:
      - '*/*'
      Accept-Encoding:
      - gzip, deflate
      CommandName:
      - container create
      Connection:
      - keep-alive
      ParameterSetName:
      - -g -n --image --os-type --ip-address --dns-name-label --ports --cpu --memory
        --command-line -e --restart-policy --secrets --secrets-mount-path
      User-Agent:
      - AZURECLI/2.44.1 azsdk-python-mgmt-containerinstance/9.1.0 Python/3.10.9 (Linux-5.15.0-1031-azure-x86_64-with-glibc2.31)
        VSTS_7b238909-6802-4b65-b90d-184bca47f458_build_220_0
    method: GET
    uri: https://management.azure.com/subscriptions/00000000-0000-0000-0000-000000000000/providers/Microsoft.ContainerInstance/locations/westus/operations/e7b7007f-c841-42d1-8d5a-6cb8b061f2d6?api-version=2018-06-01
  response:
    body:
      string: '{"id":"/subscriptions/00000000-0000-0000-0000-000000000000/resourceGroups/clitest.rg000001/providers/Microsoft.ContainerInstance/containerGroups/clicontainer000002","status":"Succeeded","startTime":"2023-01-28T16:56:39.4952734Z","properties":{"events":[{"count":1,"firstTimestamp":"2023-01-28T16:56:45Z","lastTimestamp":"2023-01-28T16:56:45Z","name":"Pulling","message":"pulling
        image \"alpine@sha256:93d5a28ff72d288d69b5997b8ba47396d2cbb62a72b5d87cd3351094b5d578a0\"","type":"Normal"},{"count":1,"firstTimestamp":"2023-01-28T16:56:47Z","lastTimestamp":"2023-01-28T16:56:47Z","name":"Pulled","message":"Successfully
        pulled image \"alpine@sha256:93d5a28ff72d288d69b5997b8ba47396d2cbb62a72b5d87cd3351094b5d578a0\"","type":"Normal"},{"count":1,"firstTimestamp":"2023-01-28T16:57:03Z","lastTimestamp":"2023-01-28T16:57:03Z","name":"Started","message":"Started
        container","type":"Normal"}]}}'
    headers:
      cache-control:
      - no-cache
      content-length:
      - '886'
      content-type:
      - application/json; charset=utf-8
      date:
      - Sat, 28 Jan 2023 16:57:09 GMT
      expires:
      - '-1'
      pragma:
      - no-cache
      strict-transport-security:
      - max-age=31536000; includeSubDomains
      transfer-encoding:
      - chunked
      vary:
      - Accept-Encoding,Accept-Encoding
      x-content-type-options:
      - nosniff
    status:
      code: 200
      message: OK
- request:
    body: null
    headers:
      Accept:
      - '*/*'
      Accept-Encoding:
      - gzip, deflate
      CommandName:
      - container create
      Connection:
      - keep-alive
      ParameterSetName:
      - -g -n --image --os-type --ip-address --dns-name-label --ports --cpu --memory
        --command-line -e --restart-policy --secrets --secrets-mount-path
      User-Agent:
      - AZURECLI/2.44.1 azsdk-python-mgmt-containerinstance/9.1.0 Python/3.10.9 (Linux-5.15.0-1031-azure-x86_64-with-glibc2.31)
        VSTS_7b238909-6802-4b65-b90d-184bca47f458_build_220_0
    method: GET
    uri: https://management.azure.com/subscriptions/00000000-0000-0000-0000-000000000000/resourceGroups/clitest.rg000001/providers/Microsoft.ContainerInstance/containerGroups/clicontainer000002?api-version=2021-09-01
  response:
    body:
      string: '{"properties":{"sku":"Standard","provisioningState":"Succeeded","containers":[{"name":"clicontainer000002","properties":{"image":"alpine:latest","command":["/bin/sh","-c","while
        true; do echo hello; sleep 20; done"],"ports":[{"protocol":"TCP","port":8000},{"protocol":"TCP","port":8001}],"environmentVariables":[{"name":"KEY1","value":"VALUE1"},{"name":"KEY2","value":"FOO=BAR="}],"instanceView":{"restartCount":0,"currentState":{"state":"Running","startTime":"2023-01-28T16:57:03.096Z","detailStatus":""},"events":[{"count":1,"firstTimestamp":"2023-01-28T16:56:45Z","lastTimestamp":"2023-01-28T16:56:45Z","name":"Pulling","message":"pulling
        image \"alpine@sha256:93d5a28ff72d288d69b5997b8ba47396d2cbb62a72b5d87cd3351094b5d578a0\"","type":"Normal"},{"count":1,"firstTimestamp":"2023-01-28T16:56:47Z","lastTimestamp":"2023-01-28T16:56:47Z","name":"Pulled","message":"Successfully
        pulled image \"alpine@sha256:93d5a28ff72d288d69b5997b8ba47396d2cbb62a72b5d87cd3351094b5d578a0\"","type":"Normal"},{"count":1,"firstTimestamp":"2023-01-28T16:57:03Z","lastTimestamp":"2023-01-28T16:57:03Z","name":"Started","message":"Started
        container","type":"Normal"}]},"resources":{"requests":{"memoryInGB":1.0,"cpu":1.0}},"volumeMounts":[{"name":"secrets","mountPath":"/s"}]}}],"initContainers":[],"restartPolicy":"Never","ipAddress":{"ports":[{"protocol":"TCP","port":8000},{"protocol":"TCP","port":8001}],"ip":"20.237.164.217","type":"Public","dnsNameLabel":"clicontainer000002","fqdn":"clicontainer000002.westus.azurecontainer.io"},"osType":"Linux","volumes":[{"name":"secrets","secret":{}}],"instanceView":{"events":[],"state":"Running"}},"id":"/subscriptions/00000000-0000-0000-0000-000000000000/resourceGroups/clitest.rg000001/providers/Microsoft.ContainerInstance/containerGroups/clicontainer000002","name":"clicontainer000002","type":"Microsoft.ContainerInstance/containerGroups","location":"westus","tags":{}}'
    headers:
      cache-control:
      - no-cache
      content-length:
      - '1899'
      content-type:
      - application/json; charset=utf-8
      date:
      - Sat, 28 Jan 2023 16:57:09 GMT
      expires:
      - '-1'
      pragma:
      - no-cache
      strict-transport-security:
      - max-age=31536000; includeSubDomains
      transfer-encoding:
      - chunked
      vary:
      - Accept-Encoding,Accept-Encoding
      x-content-type-options:
      - nosniff
    status:
      code: 200
      message: OK
- request:
    body: null
    headers:
      Accept:
      - application/json
      Accept-Encoding:
      - gzip, deflate
      CommandName:
      - container show
      Connection:
      - keep-alive
      ParameterSetName:
      - -g -n
      User-Agent:
      - AZURECLI/2.44.1 azsdk-python-mgmt-containerinstance/9.1.0 Python/3.10.9 (Linux-5.15.0-1031-azure-x86_64-with-glibc2.31)
        VSTS_7b238909-6802-4b65-b90d-184bca47f458_build_220_0
    method: GET
    uri: https://management.azure.com/subscriptions/00000000-0000-0000-0000-000000000000/resourceGroups/clitest.rg000001/providers/Microsoft.ContainerInstance/containerGroups/clicontainer000002?api-version=2021-09-01
  response:
    body:
      string: '{"properties":{"sku":"Standard","provisioningState":"Succeeded","containers":[{"name":"clicontainer000002","properties":{"image":"alpine:latest","command":["/bin/sh","-c","while
        true; do echo hello; sleep 20; done"],"ports":[{"protocol":"TCP","port":8000},{"protocol":"TCP","port":8001}],"environmentVariables":[{"name":"KEY1","value":"VALUE1"},{"name":"KEY2","value":"FOO=BAR="}],"instanceView":{"restartCount":0,"currentState":{"state":"Running","startTime":"2023-01-28T16:57:03.096Z","detailStatus":""},"events":[{"count":1,"firstTimestamp":"2023-01-28T16:56:45Z","lastTimestamp":"2023-01-28T16:56:45Z","name":"Pulling","message":"pulling
        image \"alpine@sha256:93d5a28ff72d288d69b5997b8ba47396d2cbb62a72b5d87cd3351094b5d578a0\"","type":"Normal"},{"count":1,"firstTimestamp":"2023-01-28T16:56:47Z","lastTimestamp":"2023-01-28T16:56:47Z","name":"Pulled","message":"Successfully
        pulled image \"alpine@sha256:93d5a28ff72d288d69b5997b8ba47396d2cbb62a72b5d87cd3351094b5d578a0\"","type":"Normal"},{"count":1,"firstTimestamp":"2023-01-28T16:57:03Z","lastTimestamp":"2023-01-28T16:57:03Z","name":"Started","message":"Started
        container","type":"Normal"}]},"resources":{"requests":{"memoryInGB":1.0,"cpu":1.0}},"volumeMounts":[{"name":"secrets","mountPath":"/s"}]}}],"initContainers":[],"restartPolicy":"Never","ipAddress":{"ports":[{"protocol":"TCP","port":8000},{"protocol":"TCP","port":8001}],"ip":"20.237.164.217","type":"Public","dnsNameLabel":"clicontainer000002","fqdn":"clicontainer000002.westus.azurecontainer.io"},"osType":"Linux","volumes":[{"name":"secrets","secret":{}}],"instanceView":{"events":[],"state":"Running"}},"id":"/subscriptions/00000000-0000-0000-0000-000000000000/resourceGroups/clitest.rg000001/providers/Microsoft.ContainerInstance/containerGroups/clicontainer000002","name":"clicontainer000002","type":"Microsoft.ContainerInstance/containerGroups","location":"westus","tags":{}}'
    headers:
      cache-control:
      - no-cache
      content-length:
      - '1899'
      content-type:
      - application/json; charset=utf-8
      date:
      - Sat, 28 Jan 2023 16:57:09 GMT
      expires:
      - '-1'
      pragma:
      - no-cache
      strict-transport-security:
      - max-age=31536000; includeSubDomains
      transfer-encoding:
      - chunked
      vary:
      - Accept-Encoding,Accept-Encoding
      x-content-type-options:
      - nosniff
    status:
      code: 200
      message: OK
- request:
    body: null
    headers:
      Accept:
      - application/json
      Accept-Encoding:
      - gzip, deflate
      CommandName:
      - container list
      Connection:
      - keep-alive
      ParameterSetName:
      - -g
      User-Agent:
      - AZURECLI/2.44.1 azsdk-python-mgmt-containerinstance/9.1.0 Python/3.10.9 (Linux-5.15.0-1031-azure-x86_64-with-glibc2.31)
        VSTS_7b238909-6802-4b65-b90d-184bca47f458_build_220_0
    method: GET
    uri: https://management.azure.com/subscriptions/00000000-0000-0000-0000-000000000000/resourceGroups/clitest.rg000001/providers/Microsoft.ContainerInstance/containerGroups?api-version=2021-09-01
  response:
    body:
      string: '{"value":[{"properties":{"sku":"Standard","provisioningState":"Succeeded","containers":[{"name":"clicontainer000002","properties":{"image":"alpine:latest","command":["/bin/sh","-c","while
        true; do echo hello; sleep 20; done"],"ports":[{"protocol":"TCP","port":8000},{"protocol":"TCP","port":8001}],"environmentVariables":[{"name":"KEY1","value":"VALUE1"},{"name":"KEY2","value":"FOO=BAR="}],"resources":{"requests":{"memoryInGB":1.0,"cpu":1.0}},"volumeMounts":[{"name":"secrets","mountPath":"/s"}]}}],"initContainers":[],"restartPolicy":"Never","ipAddress":{"ports":[{"protocol":"TCP","port":8000},{"protocol":"TCP","port":8001}],"ip":"20.237.164.217","type":"Public","dnsNameLabel":"clicontainer000002","fqdn":"clicontainer000002.westus.azurecontainer.io"},"osType":"Linux","volumes":[{"name":"secrets","secret":{}}]},"id":"/subscriptions/00000000-0000-0000-0000-000000000000/resourceGroups/clitest.rg000001/providers/Microsoft.ContainerInstance/containerGroups/clicontainer000002","name":"clicontainer000002","type":"Microsoft.ContainerInstance/containerGroups","location":"westus","tags":{}}]}'
    headers:
      cache-control:
      - no-cache
      content-length:
      - '1096'
      content-type:
      - application/json; charset=utf-8
      date:
      - Sat, 28 Jan 2023 16:57:10 GMT
      expires:
      - '-1'
      pragma:
      - no-cache
      strict-transport-security:
      - max-age=31536000; includeSubDomains
      transfer-encoding:
      - chunked
      vary:
      - Accept-Encoding,Accept-Encoding
      x-content-type-options:
      - nosniff
    status:
      code: 200
      message: OK
- request:
    body: null
    headers:
      Accept:
      - application/json
      Accept-Encoding:
      - gzip, deflate
      CommandName:
      - container logs
      Connection:
      - keep-alive
      ParameterSetName:
      - -g -n
      User-Agent:
      - AZURECLI/2.44.1 azsdk-python-mgmt-containerinstance/9.1.0 Python/3.10.9 (Linux-5.15.0-1031-azure-x86_64-with-glibc2.31)
        VSTS_7b238909-6802-4b65-b90d-184bca47f458_build_220_0
    method: GET
    uri: https://management.azure.com/subscriptions/00000000-0000-0000-0000-000000000000/resourceGroups/clitest.rg000001/providers/Microsoft.ContainerInstance/containerGroups/clicontainer000002?api-version=2021-09-01
  response:
    body:
      string: '{"properties":{"sku":"Standard","provisioningState":"Succeeded","containers":[{"name":"clicontainer000002","properties":{"image":"alpine:latest","command":["/bin/sh","-c","while
        true; do echo hello; sleep 20; done"],"ports":[{"protocol":"TCP","port":8000},{"protocol":"TCP","port":8001}],"environmentVariables":[{"name":"KEY1","value":"VALUE1"},{"name":"KEY2","value":"FOO=BAR="}],"instanceView":{"restartCount":0,"currentState":{"state":"Running","startTime":"2023-01-28T16:57:03.096Z","detailStatus":""},"events":[{"count":1,"firstTimestamp":"2023-01-28T16:56:45Z","lastTimestamp":"2023-01-28T16:56:45Z","name":"Pulling","message":"pulling
        image \"alpine@sha256:93d5a28ff72d288d69b5997b8ba47396d2cbb62a72b5d87cd3351094b5d578a0\"","type":"Normal"},{"count":1,"firstTimestamp":"2023-01-28T16:56:47Z","lastTimestamp":"2023-01-28T16:56:47Z","name":"Pulled","message":"Successfully
        pulled image \"alpine@sha256:93d5a28ff72d288d69b5997b8ba47396d2cbb62a72b5d87cd3351094b5d578a0\"","type":"Normal"},{"count":1,"firstTimestamp":"2023-01-28T16:57:03Z","lastTimestamp":"2023-01-28T16:57:03Z","name":"Started","message":"Started
        container","type":"Normal"}]},"resources":{"requests":{"memoryInGB":1.0,"cpu":1.0}},"volumeMounts":[{"name":"secrets","mountPath":"/s"}]}}],"initContainers":[],"restartPolicy":"Never","ipAddress":{"ports":[{"protocol":"TCP","port":8000},{"protocol":"TCP","port":8001}],"ip":"20.237.164.217","type":"Public","dnsNameLabel":"clicontainer000002","fqdn":"clicontainer000002.westus.azurecontainer.io"},"osType":"Linux","volumes":[{"name":"secrets","secret":{}}],"instanceView":{"events":[],"state":"Running"}},"id":"/subscriptions/00000000-0000-0000-0000-000000000000/resourceGroups/clitest.rg000001/providers/Microsoft.ContainerInstance/containerGroups/clicontainer000002","name":"clicontainer000002","type":"Microsoft.ContainerInstance/containerGroups","location":"westus","tags":{}}'
    headers:
      cache-control:
      - no-cache
      content-length:
      - '1899'
      content-type:
      - application/json; charset=utf-8
      date:
      - Sat, 28 Jan 2023 16:57:10 GMT
      expires:
      - '-1'
      pragma:
      - no-cache
      strict-transport-security:
      - max-age=31536000; includeSubDomains
      transfer-encoding:
      - chunked
      vary:
      - Accept-Encoding,Accept-Encoding
      x-content-type-options:
      - nosniff
    status:
      code: 200
      message: OK
- request:
    body: null
    headers:
      Accept:
      - application/json
      Accept-Encoding:
      - gzip, deflate
      CommandName:
      - container logs
      Connection:
      - keep-alive
      ParameterSetName:
      - -g -n
      User-Agent:
      - AZURECLI/2.44.1 azsdk-python-mgmt-containerinstance/9.1.0 Python/3.10.9 (Linux-5.15.0-1031-azure-x86_64-with-glibc2.31)
        VSTS_7b238909-6802-4b65-b90d-184bca47f458_build_220_0
    method: GET
    uri: https://management.azure.com/subscriptions/00000000-0000-0000-0000-000000000000/resourceGroups/clitest.rg000001/providers/Microsoft.ContainerInstance/containerGroups/clicontainer000002/containers/clicontainer000002/logs?api-version=2021-09-01
  response:
    body:
      string: '{"content":"hello\n"}'
    headers:
      cache-control:
      - no-cache
      content-length:
      - '21'
      content-type:
      - application/json; charset=utf-8
      date:
      - Sat, 28 Jan 2023 16:57:11 GMT
      expires:
      - '-1'
      pragma:
      - no-cache
      strict-transport-security:
      - max-age=31536000; includeSubDomains
      transfer-encoding:
      - chunked
      vary:
      - Accept-Encoding,Accept-Encoding
      x-content-type-options:
      - nosniff
    status:
      code: 200
      message: OK
- request:
    body: null
    headers:
      Accept:
      - application/json
      Accept-Encoding:
      - gzip, deflate
      CommandName:
      - container delete
      Connection:
      - keep-alive
      Content-Length:
      - '0'
      ParameterSetName:
      - -g -n -y
      User-Agent:
      - AZURECLI/2.44.1 azsdk-python-mgmt-containerinstance/9.1.0 Python/3.10.9 (Linux-5.15.0-1031-azure-x86_64-with-glibc2.31)
        VSTS_7b238909-6802-4b65-b90d-184bca47f458_build_220_0
    method: DELETE
    uri: https://management.azure.com/subscriptions/00000000-0000-0000-0000-000000000000/resourceGroups/clitest.rg000001/providers/Microsoft.ContainerInstance/containerGroups/clicontainer000002?api-version=2021-09-01
  response:
    body:
      string: '{"properties":{"sku":"Standard","provisioningState":"Succeeded","containers":[{"name":"clicontainer000002","properties":{"image":"alpine:latest","command":["/bin/sh","-c","while
        true; do echo hello; sleep 20; done"],"ports":[{"protocol":"TCP","port":8000},{"protocol":"TCP","port":8001}],"environmentVariables":[{"name":"KEY1","value":"VALUE1"},{"name":"KEY2","value":"FOO=BAR="}],"instanceView":{"restartCount":0,"currentState":{"state":"Running","startTime":"2023-01-28T16:57:03.096Z","detailStatus":""},"events":[{"count":1,"firstTimestamp":"2023-01-28T16:56:45Z","lastTimestamp":"2023-01-28T16:56:45Z","name":"Pulling","message":"pulling
        image \"alpine@sha256:93d5a28ff72d288d69b5997b8ba47396d2cbb62a72b5d87cd3351094b5d578a0\"","type":"Normal"},{"count":1,"firstTimestamp":"2023-01-28T16:56:47Z","lastTimestamp":"2023-01-28T16:56:47Z","name":"Pulled","message":"Successfully
        pulled image \"alpine@sha256:93d5a28ff72d288d69b5997b8ba47396d2cbb62a72b5d87cd3351094b5d578a0\"","type":"Normal"},{"count":1,"firstTimestamp":"2023-01-28T16:57:03Z","lastTimestamp":"2023-01-28T16:57:03Z","name":"Started","message":"Started
        container","type":"Normal"}]},"resources":{"requests":{"memoryInGB":1.0,"cpu":1.0}},"volumeMounts":[{"name":"secrets","mountPath":"/s"}]}}],"initContainers":[],"restartPolicy":"Never","ipAddress":{"ports":[{"protocol":"TCP","port":8000},{"protocol":"TCP","port":8001}],"ip":"20.237.164.217","type":"Public","dnsNameLabel":"clicontainer000002","fqdn":"clicontainer000002.westus.azurecontainer.io"},"osType":"Linux","volumes":[{"name":"secrets","secret":{}}],"instanceView":{"events":[],"state":"Running"}},"id":"/subscriptions/00000000-0000-0000-0000-000000000000/resourceGroups/clitest.rg000001/providers/Microsoft.ContainerInstance/containerGroups/clicontainer000002","name":"clicontainer000002","type":"Microsoft.ContainerInstance/containerGroups","location":"westus","tags":{}}'
    headers:
      cache-control:
      - no-cache
      content-length:
      - '1899'
      content-type:
      - application/json; charset=utf-8
      date:
      - Sat, 28 Jan 2023 16:57:13 GMT
      expires:
      - '-1'
      pragma:
      - no-cache
      strict-transport-security:
      - max-age=31536000; includeSubDomains
      transfer-encoding:
      - chunked
      vary:
      - Accept-Encoding,Accept-Encoding
      x-content-type-options:
      - nosniff
      x-ms-ratelimit-remaining-subscription-deletes:
      - '14998'
      x-ms-ratelimit-remaining-subscription-resource-requests-pt1h:
      - '299'
      x-ms-ratelimit-remaining-subscription-resource-requests-pt5m:
      - '99'
    status:
      code: 200
      message: OK
version: 1
