interactions:
- request:
    body: null
    headers:
      Accept:
      - application/json
      Accept-Encoding:
      - gzip, deflate
      CommandName:
      - container create
      Connection:
      - keep-alive
      ParameterSetName:
      - -g -n --image --vnet
      User-Agent:
      - AZURECLI/2.48.1 azsdk-python-azure-mgmt-resource/22.0.0 Python/3.10.11 (Windows-10-10.0.22621-SP0)
    method: GET
    uri: https://management.azure.com/subscriptions/00000000-0000-0000-0000-000000000000/resourcegroups/clitest.rg000001?api-version=2022-09-01
  response:
    body:
      string: '{"id":"/subscriptions/00000000-0000-0000-0000-000000000000/resourceGroups/clitest.rg000001","name":"clitest.rg000001","type":"Microsoft.Resources/resourceGroups","location":"westus","tags":{"product":"azurecli","cause":"automation","test":"test_container_create_with_vnet","date":"2023-05-05T00:18:08Z"},"properties":{"provisioningState":"Succeeded"}}'
    headers:
      cache-control:
      - no-cache
      content-length:
      - '351'
      content-type:
      - application/json; charset=utf-8
      date:
      - Fri, 05 May 2023 00:18:12 GMT
      expires:
      - '-1'
      pragma:
      - no-cache
      strict-transport-security:
      - max-age=31536000; includeSubDomains
      vary:
      - Accept-Encoding
      x-content-type-options:
      - nosniff
    status:
      code: 200
      message: OK
- request:
    body: null
    headers:
      Accept:
      - application/json
      Accept-Encoding:
      - gzip, deflate
      CommandName:
      - container create
      Connection:
      - keep-alive
      ParameterSetName:
      - -g -n --image --subnet
      User-Agent:
      - AZURECLI/2.48.1 azsdk-python-azure-mgmt-resource/22.0.0 Python/3.10.11 (Windows-10-10.0.22621-SP0)
    method: GET
    uri: https://management.azure.com/subscriptions/00000000-0000-0000-0000-000000000000/resourcegroups/clitest.rg000001?api-version=2022-09-01
  response:
    body:
      string: '{"id":"/subscriptions/00000000-0000-0000-0000-000000000000/resourceGroups/clitest.rg000001","name":"clitest.rg000001","type":"Microsoft.Resources/resourceGroups","location":"westus","tags":{"product":"azurecli","cause":"automation","test":"test_container_create_with_vnet","date":"2023-05-05T00:18:08Z"},"properties":{"provisioningState":"Succeeded"}}'
    headers:
      cache-control:
      - no-cache
      content-length:
      - '351'
      content-type:
      - application/json; charset=utf-8
      date:
      - Fri, 05 May 2023 00:18:13 GMT
      expires:
      - '-1'
      pragma:
      - no-cache
      strict-transport-security:
      - max-age=31536000; includeSubDomains
      vary:
      - Accept-Encoding
      x-content-type-options:
      - nosniff
    status:
      code: 200
      message: OK
- request:
    body: null
    headers:
      Accept:
      - application/json
      Accept-Encoding:
      - gzip, deflate
      CommandName:
      - container create
      Connection:
      - keep-alive
      ParameterSetName:
      - -g -n --image --vnet --subnet --ip-address
      User-Agent:
      - AZURECLI/2.48.1 azsdk-python-azure-mgmt-resource/22.0.0 Python/3.10.11 (Windows-10-10.0.22621-SP0)
    method: GET
    uri: https://management.azure.com/subscriptions/00000000-0000-0000-0000-000000000000/resourcegroups/clitest.rg000001?api-version=2022-09-01
  response:
    body:
      string: '{"id":"/subscriptions/00000000-0000-0000-0000-000000000000/resourceGroups/clitest.rg000001","name":"clitest.rg000001","type":"Microsoft.Resources/resourceGroups","location":"westus","tags":{"product":"azurecli","cause":"automation","test":"test_container_create_with_vnet","date":"2023-05-05T00:18:08Z"},"properties":{"provisioningState":"Succeeded"}}'
    headers:
      cache-control:
      - no-cache
      content-length:
      - '351'
      content-type:
      - application/json; charset=utf-8
      date:
      - Fri, 05 May 2023 00:18:15 GMT
      expires:
      - '-1'
      pragma:
      - no-cache
      strict-transport-security:
      - max-age=31536000; includeSubDomains
      vary:
      - Accept-Encoding
      x-content-type-options:
      - nosniff
    status:
      code: 200
      message: OK
- request:
    body: null
    headers:
      Accept:
      - application/json
      Accept-Encoding:
      - gzip, deflate
      CommandName:
      - container create
      Connection:
      - keep-alive
      ParameterSetName:
      - -g -n --image --vnet --subnet --ip-address
      User-Agent:
      - AZURECLI/2.48.1 (AAZ) azsdk-python-core/1.26.0 Python/3.10.11 (Windows-10-10.0.22621-SP0)
    method: GET
    uri: https://management.azure.com/subscriptions/00000000-0000-0000-0000-000000000000/resourceGroups/clitest.rg000001/providers/Microsoft.Network/virtualNetworks/vent000003/subnets/subnet000004?api-version=2022-01-01
  response:
    body:
      string: '{"error":{"code":"ResourceNotFound","message":"The Resource ''Microsoft.Network/virtualNetworks/vent000003''
        under resource group ''clitest.rg000001'' was not found. For more details
        please go to https://aka.ms/ARMResourceNotFoundFix"}}'
    headers:
      cache-control:
      - no-cache
      content-length:
      - '232'
      content-type:
      - application/json; charset=utf-8
      date:
      - Fri, 05 May 2023 00:18:19 GMT
      expires:
      - '-1'
      pragma:
      - no-cache
      strict-transport-security:
      - max-age=31536000; includeSubDomains
      x-content-type-options:
      - nosniff
      x-ms-failure-cause:
      - gateway
    status:
      code: 404
      message: Not Found
- request:
    body: null
    headers:
      Accept:
      - application/json
      Accept-Encoding:
      - gzip, deflate
      CommandName:
      - container create
      Connection:
      - keep-alive
      ParameterSetName:
      - -g -n --image --vnet --subnet --ip-address
      User-Agent:
      - AZURECLI/2.48.1 (AAZ) azsdk-python-core/1.26.0 Python/3.10.11 (Windows-10-10.0.22621-SP0)
    method: GET
    uri: https://management.azure.com/subscriptions/00000000-0000-0000-0000-000000000000/resourceGroups/clitest.rg000001/providers/Microsoft.Network/virtualNetworks/vent000003?api-version=2022-01-01
  response:
    body:
      string: '{"error":{"code":"ResourceNotFound","message":"The Resource ''Microsoft.Network/virtualNetworks/vent000003''
        under resource group ''clitest.rg000001'' was not found. For more details
        please go to https://aka.ms/ARMResourceNotFoundFix"}}'
    headers:
      cache-control:
      - no-cache
      content-length:
      - '232'
      content-type:
      - application/json; charset=utf-8
      date:
      - Fri, 05 May 2023 00:18:21 GMT
      expires:
      - '-1'
      pragma:
      - no-cache
      strict-transport-security:
      - max-age=31536000; includeSubDomains
      x-content-type-options:
      - nosniff
      x-ms-failure-cause:
      - gateway
    status:
      code: 404
      message: Not Found
- request:
    body: '{"location": "westus", "properties": {"addressSpace": {"addressPrefixes":
      ["10.0.0.0/16"]}}}'
    headers:
      Accept:
      - application/json
      Accept-Encoding:
      - gzip, deflate
      CommandName:
      - container create
      Connection:
      - keep-alive
      Content-Length:
      - '92'
      Content-Type:
      - application/json
      ParameterSetName:
      - -g -n --image --vnet --subnet --ip-address
      User-Agent:
      - AZURECLI/2.48.1 (AAZ) azsdk-python-core/1.26.0 Python/3.10.11 (Windows-10-10.0.22621-SP0)
    method: PUT
    uri: https://management.azure.com/subscriptions/00000000-0000-0000-0000-000000000000/resourceGroups/clitest.rg000001/providers/Microsoft.Network/virtualNetworks/vent000003?api-version=2022-01-01
  response:
    body:
      string: "{\r\n  \"name\": \"vent000003\",\r\n  \"id\": \"/subscriptions/00000000-0000-0000-0000-000000000000/resourceGroups/clitest.rg000001/providers/Microsoft.Network/virtualNetworks/vent000003\"\
        ,\r\n  \"etag\": \"W/\\\"0e761943-6641-4721-bf7c-662632a1f3f7\\\"\",\r\n \
        \ \"type\": \"Microsoft.Network/virtualNetworks\",\r\n  \"location\": \"westus\"\
        ,\r\n  \"properties\": {\r\n    \"provisioningState\": \"Updating\",\r\n \
        \   \"resourceGuid\": \"7af38a88-7d56-4e27-969c-b76715864c9e\",\r\n    \"\
        addressSpace\": {\r\n      \"addressPrefixes\": [\r\n        \"10.0.0.0/16\"\
        \r\n      ]\r\n    },\r\n    \"subnets\": [],\r\n    \"virtualNetworkPeerings\"\
        : [],\r\n    \"enableDdosProtection\": false\r\n  }\r\n}"
    headers:
      azure-asyncnotification:
      - Enabled
      azure-asyncoperation:
      - https://management.azure.com/subscriptions/00000000-0000-0000-0000-000000000000/providers/Microsoft.Network/locations/westus/operations/73206e88-ac0f-4c7f-a28f-0c51c789e1e2?api-version=2022-01-01
      cache-control:
      - no-cache
      content-length:
      - '614'
      content-type:
      - application/json; charset=utf-8
      date:
      - Fri, 05 May 2023 00:18:27 GMT
      expires:
      - '-1'
      pragma:
      - no-cache
      server:
      - Microsoft-HTTPAPI/2.0
      - Microsoft-HTTPAPI/2.0
      strict-transport-security:
      - max-age=31536000; includeSubDomains
      x-content-type-options:
      - nosniff
      x-ms-arm-service-request-id:
      - a1711221-d63e-4863-b1a6-0039cd4259f1
      x-ms-ratelimit-remaining-subscription-writes:
      - '1197'
    status:
      code: 201
      message: Created
- request:
    body: null
    headers:
      Accept:
      - '*/*'
      Accept-Encoding:
      - gzip, deflate
      CommandName:
      - container create
      Connection:
      - keep-alive
      ParameterSetName:
      - -g -n --image --vnet --subnet --ip-address
      User-Agent:
      - AZURECLI/2.48.1 (AAZ) azsdk-python-core/1.26.0 Python/3.10.11 (Windows-10-10.0.22621-SP0)
    method: GET
    uri: https://management.azure.com/subscriptions/00000000-0000-0000-0000-000000000000/providers/Microsoft.Network/locations/westus/operations/73206e88-ac0f-4c7f-a28f-0c51c789e1e2?api-version=2022-01-01
  response:
    body:
      string: "{\r\n  \"status\": \"Succeeded\"\r\n}"
    headers:
      cache-control:
      - no-cache
      content-length:
      - '29'
      content-type:
      - application/json; charset=utf-8
      date:
      - Fri, 05 May 2023 00:18:27 GMT
      expires:
      - '-1'
      pragma:
      - no-cache
      server:
      - Microsoft-HTTPAPI/2.0
      - Microsoft-HTTPAPI/2.0
      strict-transport-security:
      - max-age=31536000; includeSubDomains
      transfer-encoding:
      - chunked
      vary:
      - Accept-Encoding
      x-content-type-options:
      - nosniff
      x-ms-arm-service-request-id:
      - 85f3ff82-82a8-427f-ba7a-b807ff12661b
    status:
      code: 200
      message: OK
- request:
    body: null
    headers:
      Accept:
      - '*/*'
      Accept-Encoding:
      - gzip, deflate
      CommandName:
      - container create
      Connection:
      - keep-alive
      ParameterSetName:
      - -g -n --image --vnet --subnet --ip-address
      User-Agent:
      - AZURECLI/2.48.1 (AAZ) azsdk-python-core/1.26.0 Python/3.10.11 (Windows-10-10.0.22621-SP0)
    method: GET
    uri: https://management.azure.com/subscriptions/00000000-0000-0000-0000-000000000000/resourceGroups/clitest.rg000001/providers/Microsoft.Network/virtualNetworks/vent000003?api-version=2022-01-01
  response:
    body:
      string: "{\r\n  \"name\": \"vent000003\",\r\n  \"id\": \"/subscriptions/00000000-0000-0000-0000-000000000000/resourceGroups/clitest.rg000001/providers/Microsoft.Network/virtualNetworks/vent000003\"\
        ,\r\n  \"etag\": \"W/\\\"60072d4e-d0a8-4c85-bea8-c04bb844b054\\\"\",\r\n \
        \ \"type\": \"Microsoft.Network/virtualNetworks\",\r\n  \"location\": \"westus\"\
        ,\r\n  \"properties\": {\r\n    \"provisioningState\": \"Succeeded\",\r\n\
        \    \"resourceGuid\": \"7af38a88-7d56-4e27-969c-b76715864c9e\",\r\n    \"\
        addressSpace\": {\r\n      \"addressPrefixes\": [\r\n        \"10.0.0.0/16\"\
        \r\n      ]\r\n    },\r\n    \"subnets\": [],\r\n    \"virtualNetworkPeerings\"\
        : [],\r\n    \"enableDdosProtection\": false\r\n  }\r\n}"
    headers:
      cache-control:
      - no-cache
      content-length:
      - '615'
      content-type:
      - application/json; charset=utf-8
      date:
      - Fri, 05 May 2023 00:18:28 GMT
      etag:
      - W/"60072d4e-d0a8-4c85-bea8-c04bb844b054"
      expires:
      - '-1'
      pragma:
      - no-cache
      server:
      - Microsoft-HTTPAPI/2.0
      - Microsoft-HTTPAPI/2.0
      strict-transport-security:
      - max-age=31536000; includeSubDomains
      transfer-encoding:
      - chunked
      vary:
      - Accept-Encoding
      x-content-type-options:
      - nosniff
      x-ms-arm-service-request-id:
      - 55e2c167-1a3b-45a9-a214-9b7c694f2d6b
    status:
      code: 200
      message: OK
- request:
    body: '{"name": "subnet000004", "properties": {"addressPrefix": "10.0.0.0/24",
      "delegations": [{"name": "Microsoft.ContainerInstance/containerGroups", "properties":
      {"serviceName": "Microsoft.ContainerInstance/containerGroups"}}]}}'
    headers:
      Accept:
      - application/json
      Accept-Encoding:
      - gzip, deflate
      CommandName:
      - container create
      Connection:
      - keep-alive
      Content-Length:
      - '224'
      Content-Type:
      - application/json
      ParameterSetName:
      - -g -n --image --vnet --subnet --ip-address
      User-Agent:
      - AZURECLI/2.48.1 (AAZ) azsdk-python-core/1.26.0 Python/3.10.11 (Windows-10-10.0.22621-SP0)
    method: PUT
    uri: https://management.azure.com/subscriptions/00000000-0000-0000-0000-000000000000/resourceGroups/clitest.rg000001/providers/Microsoft.Network/virtualNetworks/vent000003/subnets/subnet000004?api-version=2022-01-01
  response:
    body:
      string: "{\r\n  \"name\": \"subnet000004\",\r\n  \"id\": \"/subscriptions/00000000-0000-0000-0000-000000000000/resourceGroups/clitest.rg000001/providers/Microsoft.Network/virtualNetworks/vent000003/subnets/subnet000004\"\
        ,\r\n  \"etag\": \"W/\\\"f2056c7b-22ec-4510-ac7f-653360039020\\\"\",\r\n \
        \ \"properties\": {\r\n    \"provisioningState\": \"Updating\",\r\n    \"\
        addressPrefix\": \"10.0.0.0/24\",\r\n    \"delegations\": [\r\n      {\r\n\
        \        \"name\": \"Microsoft.ContainerInstance/containerGroups\",\r\n  \
        \      \"id\": \"/subscriptions/00000000-0000-0000-0000-000000000000/resourceGroups/clitest.rg000001/providers/Microsoft.Network/virtualNetworks/vent000003/subnets/subnet000004/delegations/Microsoft.ContainerInstance/containerGroups\"\
        ,\r\n        \"etag\": \"W/\\\"f2056c7b-22ec-4510-ac7f-653360039020\\\"\"\
        ,\r\n        \"properties\": {\r\n          \"provisioningState\": \"Succeeded\"\
        ,\r\n          \"serviceName\": \"Microsoft.ContainerInstance/containerGroups\"\
        ,\r\n          \"actions\": [\r\n            \"Microsoft.Network/virtualNetworks/subnets/action\"\
        \r\n          ]\r\n        },\r\n        \"type\": \"Microsoft.Network/virtualNetworks/subnets/delegations\"\
        \r\n      }\r\n    ],\r\n    \"privateEndpointNetworkPolicies\": \"Disabled\"\
        ,\r\n    \"privateLinkServiceNetworkPolicies\": \"Enabled\"\r\n  },\r\n  \"\
        type\": \"Microsoft.Network/virtualNetworks/subnets\"\r\n}"
    headers:
      azure-asyncnotification:
      - Enabled
      azure-asyncoperation:
      - https://management.azure.com/subscriptions/00000000-0000-0000-0000-000000000000/providers/Microsoft.Network/locations/westus/operations/e11aa4fb-96c6-4173-b400-2a7b9b8ebce2?api-version=2022-01-01
      cache-control:
      - no-cache
      content-length:
      - '1256'
      content-type:
      - application/json; charset=utf-8
      date:
      - Fri, 05 May 2023 00:18:30 GMT
      expires:
      - '-1'
      pragma:
      - no-cache
      server:
      - Microsoft-HTTPAPI/2.0
      - Microsoft-HTTPAPI/2.0
      strict-transport-security:
      - max-age=31536000; includeSubDomains
      x-content-type-options:
      - nosniff
      x-ms-arm-service-request-id:
      - 75813a1c-6094-4312-ab05-cd9d5a3d8369
      x-ms-ratelimit-remaining-subscription-writes:
      - '1198'
    status:
      code: 201
      message: Created
- request:
    body: null
    headers:
      Accept:
      - '*/*'
      Accept-Encoding:
      - gzip, deflate
      CommandName:
      - container create
      Connection:
      - keep-alive
      ParameterSetName:
      - -g -n --image --vnet --subnet --ip-address
      User-Agent:
      - AZURECLI/2.48.1 (AAZ) azsdk-python-core/1.26.0 Python/3.10.11 (Windows-10-10.0.22621-SP0)
    method: GET
    uri: https://management.azure.com/subscriptions/00000000-0000-0000-0000-000000000000/providers/Microsoft.Network/locations/westus/operations/e11aa4fb-96c6-4173-b400-2a7b9b8ebce2?api-version=2022-01-01
  response:
    body:
      string: "{\r\n  \"status\": \"Succeeded\"\r\n}"
    headers:
      cache-control:
      - no-cache
      content-length:
      - '29'
      content-type:
      - application/json; charset=utf-8
      date:
      - Fri, 05 May 2023 00:18:31 GMT
      expires:
      - '-1'
      pragma:
      - no-cache
      server:
      - Microsoft-HTTPAPI/2.0
      - Microsoft-HTTPAPI/2.0
      strict-transport-security:
      - max-age=31536000; includeSubDomains
      transfer-encoding:
      - chunked
      vary:
      - Accept-Encoding
      x-content-type-options:
      - nosniff
      x-ms-arm-service-request-id:
      - 37045e96-56d9-418d-ba39-b7d61e1f625b
    status:
      code: 200
      message: OK
- request:
    body: null
    headers:
      Accept:
      - '*/*'
      Accept-Encoding:
      - gzip, deflate
      CommandName:
      - container create
      Connection:
      - keep-alive
      ParameterSetName:
      - -g -n --image --vnet --subnet --ip-address
      User-Agent:
      - AZURECLI/2.48.1 (AAZ) azsdk-python-core/1.26.0 Python/3.10.11 (Windows-10-10.0.22621-SP0)
    method: GET
    uri: https://management.azure.com/subscriptions/00000000-0000-0000-0000-000000000000/resourceGroups/clitest.rg000001/providers/Microsoft.Network/virtualNetworks/vent000003/subnets/subnet000004?api-version=2022-01-01
  response:
    body:
      string: "{\r\n  \"name\": \"subnet000004\",\r\n  \"id\": \"/subscriptions/00000000-0000-0000-0000-000000000000/resourceGroups/clitest.rg000001/providers/Microsoft.Network/virtualNetworks/vent000003/subnets/subnet000004\"\
        ,\r\n  \"etag\": \"W/\\\"0249f6d3-d58b-484e-bc23-345451aa1a51\\\"\",\r\n \
        \ \"properties\": {\r\n    \"provisioningState\": \"Succeeded\",\r\n    \"\
        addressPrefix\": \"10.0.0.0/24\",\r\n    \"delegations\": [\r\n      {\r\n\
        \        \"name\": \"Microsoft.ContainerInstance/containerGroups\",\r\n  \
        \      \"id\": \"/subscriptions/00000000-0000-0000-0000-000000000000/resourceGroups/clitest.rg000001/providers/Microsoft.Network/virtualNetworks/vent000003/subnets/subnet000004/delegations/Microsoft.ContainerInstance/containerGroups\"\
        ,\r\n        \"etag\": \"W/\\\"0249f6d3-d58b-484e-bc23-345451aa1a51\\\"\"\
        ,\r\n        \"properties\": {\r\n          \"provisioningState\": \"Succeeded\"\
        ,\r\n          \"serviceName\": \"Microsoft.ContainerInstance/containerGroups\"\
        ,\r\n          \"actions\": [\r\n            \"Microsoft.Network/virtualNetworks/subnets/action\"\
        \r\n          ]\r\n        },\r\n        \"type\": \"Microsoft.Network/virtualNetworks/subnets/delegations\"\
        \r\n      }\r\n    ],\r\n    \"privateEndpointNetworkPolicies\": \"Disabled\"\
        ,\r\n    \"privateLinkServiceNetworkPolicies\": \"Enabled\"\r\n  },\r\n  \"\
        type\": \"Microsoft.Network/virtualNetworks/subnets\"\r\n}"
    headers:
      cache-control:
      - no-cache
      content-length:
      - '1257'
      content-type:
      - application/json; charset=utf-8
      date:
      - Fri, 05 May 2023 00:18:32 GMT
      etag:
      - W/"0249f6d3-d58b-484e-bc23-345451aa1a51"
      expires:
      - '-1'
      pragma:
      - no-cache
      server:
      - Microsoft-HTTPAPI/2.0
      - Microsoft-HTTPAPI/2.0
      strict-transport-security:
      - max-age=31536000; includeSubDomains
      transfer-encoding:
      - chunked
      vary:
      - Accept-Encoding
      x-content-type-options:
      - nosniff
      x-ms-arm-service-request-id:
      - 8cd84310-9e98-4a44-9700-2fc59bdbb16a
    status:
      code: 200
      message: OK
- request:
    body: '{"properties": {"containers": [{"name": "clicontainer000002", "properties":
      {"image": "nginx", "ports": [{"protocol": "TCP", "port": 80}], "resources":
      {"requests": {"memoryInGB": 1.5, "cpu": 1.0}}}}], "restartPolicy": "Always",
      "ipAddress": {"ports": [{"protocol": "TCP", "port": 80}], "type": "Private",
      "autoGeneratedDomainNameLabelScope": "Unsecure"}, "osType": "Linux", "subnetIds":
      [{"id": "/subscriptions/00000000-0000-0000-0000-000000000000/resourceGroups/clitest.rg000001/providers/Microsoft.Network/virtualNetworks/vent000003/subnets/subnet000004"}]},
      "location": "westus", "tags": {}}'
    headers:
      Accept:
      - application/json
      Accept-Encoding:
      - gzip, deflate
      CommandName:
      - container create
      Connection:
      - keep-alive
      Content-Length:
      - '595'
      Content-Type:
      - application/json
      ParameterSetName:
      - -g -n --image --vnet --subnet --ip-address
      User-Agent:
      - AZURECLI/2.48.1 azsdk-python-mgmt-containerinstance/10.1.0 Python/3.10.11
        (Windows-10-10.0.22621-SP0)
    method: PUT
    uri: https://management.azure.com/subscriptions/00000000-0000-0000-0000-000000000000/resourceGroups/clitest.rg000001/providers/Microsoft.ContainerInstance/containerGroups/clicontainer000002?api-version=2023-05-01
  response:
    body:
      string: '{"properties":{"sku":"Standard","provisioningState":"Pending","provisioningTimeoutInSeconds":1800,"isCustomProvisioningTimeout":false,"containers":[{"name":"clicontainer000002","properties":{"image":"nginx","ports":[{"protocol":"TCP","port":80}],"environmentVariables":[],"resources":{"requests":{"memoryInGB":1.5,"cpu":1.0}}}}],"initContainers":[],"restartPolicy":"Always","osType":"Linux","instanceView":{"events":[],"state":"Pending"},"subnetIds":[{"id":"/subscriptions/00000000-0000-0000-0000-000000000000/resourceGroups/clitest.rg000001/providers/Microsoft.Network/virtualNetworks/vent000003/subnets/subnet000004"}]},"id":"/subscriptions/00000000-0000-0000-0000-000000000000/resourceGroups/clitest.rg000001/providers/Microsoft.ContainerInstance/containerGroups/clicontainer000002","name":"clicontainer000002","type":"Microsoft.ContainerInstance/containerGroups","location":"westus","tags":{}}'
    headers:
      azure-asyncoperation:
      - https://management.azure.com/subscriptions/00000000-0000-0000-0000-000000000000/providers/Microsoft.ContainerInstance/locations/westus/operations/20c56940-b98b-4704-b9ac-5311f46dfa9d?api-version=2018-06-01
      cache-control:
      - no-cache
      content-length:
      - '897'
      content-type:
      - application/json; charset=utf-8
      date:
      - Fri, 05 May 2023 00:18:43 GMT
      expires:
      - '-1'
      pragma:
      - no-cache
      strict-transport-security:
      - max-age=31536000; includeSubDomains
      x-content-type-options:
      - nosniff
      x-ms-ratelimit-remaining-subscription-resource-requests-pt1h:
      - '1798'
      x-ms-ratelimit-remaining-subscription-resource-requests-pt5m:
      - '898'
      x-ms-ratelimit-remaining-subscription-writes:
      - '1199'
    status:
      code: 201
      message: Created
- request:
    body: null
    headers:
      Accept:
      - '*/*'
      Accept-Encoding:
      - gzip, deflate
      CommandName:
      - container create
      Connection:
      - keep-alive
      ParameterSetName:
      - -g -n --image --vnet --subnet --ip-address
      User-Agent:
      - AZURECLI/2.48.1 azsdk-python-mgmt-containerinstance/10.1.0 Python/3.10.11
        (Windows-10-10.0.22621-SP0)
    method: GET
    uri: https://management.azure.com/subscriptions/00000000-0000-0000-0000-000000000000/providers/Microsoft.ContainerInstance/locations/westus/operations/20c56940-b98b-4704-b9ac-5311f46dfa9d?api-version=2018-06-01
  response:
    body:
      string: '{"id":"/subscriptions/00000000-0000-0000-0000-000000000000/resourceGroups/clitest.rg000001/providers/Microsoft.ContainerInstance/containerGroups/clicontainer000002","status":"Pending","startTime":"2023-05-05T00:18:41.7193184Z","properties":{"events":[]}}'
    headers:
      cache-control:
      - no-cache
      content-length:
      - '254'
      content-type:
      - application/json; charset=utf-8
      date:
      - Fri, 05 May 2023 00:18:44 GMT
      expires:
      - '-1'
      pragma:
      - no-cache
      strict-transport-security:
      - max-age=31536000; includeSubDomains
      transfer-encoding:
      - chunked
      vary:
      - Accept-Encoding,Accept-Encoding
      x-content-type-options:
      - nosniff
    status:
      code: 200
      message: OK
- request:
    body: null
    headers:
      Accept:
      - '*/*'
      Accept-Encoding:
      - gzip, deflate
      CommandName:
      - container create
      Connection:
      - keep-alive
      ParameterSetName:
      - -g -n --image --vnet --subnet --ip-address
      User-Agent:
      - AZURECLI/2.48.1 azsdk-python-mgmt-containerinstance/10.1.0 Python/3.10.11
        (Windows-10-10.0.22621-SP0)
    method: GET
    uri: https://management.azure.com/subscriptions/00000000-0000-0000-0000-000000000000/providers/Microsoft.ContainerInstance/locations/westus/operations/20c56940-b98b-4704-b9ac-5311f46dfa9d?api-version=2018-06-01
  response:
    body:
      string: '{"id":"/subscriptions/00000000-0000-0000-0000-000000000000/resourceGroups/clitest.rg000001/providers/Microsoft.ContainerInstance/containerGroups/clicontainer000002","status":"Pending","startTime":"2023-05-05T00:18:41.7193184Z","properties":{"events":[]}}'
    headers:
      cache-control:
      - no-cache
      content-length:
      - '254'
      content-type:
      - application/json; charset=utf-8
      date:
      - Fri, 05 May 2023 00:19:15 GMT
      expires:
      - '-1'
      pragma:
      - no-cache
      strict-transport-security:
      - max-age=31536000; includeSubDomains
      transfer-encoding:
      - chunked
      vary:
      - Accept-Encoding,Accept-Encoding
      x-content-type-options:
      - nosniff
    status:
      code: 200
      message: OK
- request:
    body: null
    headers:
      Accept:
      - '*/*'
      Accept-Encoding:
      - gzip, deflate
      CommandName:
      - container create
      Connection:
      - keep-alive
      ParameterSetName:
      - -g -n --image --vnet --subnet --ip-address
      User-Agent:
      - AZURECLI/2.48.1 azsdk-python-mgmt-containerinstance/10.1.0 Python/3.10.11
        (Windows-10-10.0.22621-SP0)
    method: GET
    uri: https://management.azure.com/subscriptions/00000000-0000-0000-0000-000000000000/providers/Microsoft.ContainerInstance/locations/westus/operations/20c56940-b98b-4704-b9ac-5311f46dfa9d?api-version=2018-06-01
  response:
    body:
      string: '{"id":"/subscriptions/00000000-0000-0000-0000-000000000000/resourceGroups/clitest.rg000001/providers/Microsoft.ContainerInstance/containerGroups/clicontainer000002","status":"Pending","startTime":"2023-05-05T00:18:41.7193184Z","properties":{"events":[]}}'
    headers:
      cache-control:
      - no-cache
      content-length:
      - '254'
      content-type:
      - application/json; charset=utf-8
      date:
      - Fri, 05 May 2023 00:19:47 GMT
      expires:
      - '-1'
      pragma:
      - no-cache
      strict-transport-security:
      - max-age=31536000; includeSubDomains
      transfer-encoding:
      - chunked
      vary:
      - Accept-Encoding,Accept-Encoding
      x-content-type-options:
      - nosniff
    status:
      code: 200
      message: OK
- request:
    body: null
    headers:
      Accept:
      - '*/*'
      Accept-Encoding:
      - gzip, deflate
      CommandName:
      - container create
      Connection:
      - keep-alive
      ParameterSetName:
      - -g -n --image --vnet --subnet --ip-address
      User-Agent:
      - AZURECLI/2.48.1 azsdk-python-mgmt-containerinstance/10.1.0 Python/3.10.11
        (Windows-10-10.0.22621-SP0)
    method: GET
    uri: https://management.azure.com/subscriptions/00000000-0000-0000-0000-000000000000/providers/Microsoft.ContainerInstance/locations/westus/operations/20c56940-b98b-4704-b9ac-5311f46dfa9d?api-version=2018-06-01
  response:
    body:
      string: '{"id":"/subscriptions/00000000-0000-0000-0000-000000000000/resourceGroups/clitest.rg000001/providers/Microsoft.ContainerInstance/containerGroups/clicontainer000002","status":"Pending","startTime":"2023-05-05T00:18:41.7193184Z","properties":{"events":[]}}'
    headers:
      cache-control:
      - no-cache
      content-length:
      - '254'
      content-type:
      - application/json; charset=utf-8
      date:
      - Fri, 05 May 2023 00:20:18 GMT
      expires:
      - '-1'
      pragma:
      - no-cache
      strict-transport-security:
      - max-age=31536000; includeSubDomains
      transfer-encoding:
      - chunked
      vary:
      - Accept-Encoding,Accept-Encoding
      x-content-type-options:
      - nosniff
    status:
      code: 200
      message: OK
- request:
    body: null
    headers:
      Accept:
      - '*/*'
      Accept-Encoding:
      - gzip, deflate
      CommandName:
      - container create
      Connection:
      - keep-alive
      ParameterSetName:
      - -g -n --image --vnet --subnet --ip-address
      User-Agent:
      - AZURECLI/2.48.1 azsdk-python-mgmt-containerinstance/10.1.0 Python/3.10.11
        (Windows-10-10.0.22621-SP0)
    method: GET
    uri: https://management.azure.com/subscriptions/00000000-0000-0000-0000-000000000000/providers/Microsoft.ContainerInstance/locations/westus/operations/20c56940-b98b-4704-b9ac-5311f46dfa9d?api-version=2018-06-01
  response:
    body:
      string: '{"id":"/subscriptions/00000000-0000-0000-0000-000000000000/resourceGroups/clitest.rg000001/providers/Microsoft.ContainerInstance/containerGroups/clicontainer000002","status":"Succeeded","startTime":"2023-05-05T00:18:41.7193184Z","properties":{"events":[{"count":1,"firstTimestamp":"2023-05-05T00:20:07Z","lastTimestamp":"2023-05-05T00:20:07Z","name":"Pulling","message":"pulling
        image \"nginx@sha256:3f01b0094e21f7d55b9eb7179d01c49fdf9c3e1e3419d315b81a9e0bae1b6a90\"","type":"Normal"},{"count":1,"firstTimestamp":"2023-05-05T00:20:12Z","lastTimestamp":"2023-05-05T00:20:12Z","name":"Pulled","message":"Successfully
        pulled image \"nginx@sha256:3f01b0094e21f7d55b9eb7179d01c49fdf9c3e1e3419d315b81a9e0bae1b6a90\"","type":"Normal"},{"count":1,"firstTimestamp":"2023-05-05T00:20:26Z","lastTimestamp":"2023-05-05T00:20:26Z","name":"Started","message":"Started
        container","type":"Normal"}]}}'
    headers:
      cache-control:
      - no-cache
      content-length:
      - '884'
      content-type:
      - application/json; charset=utf-8
      date:
      - Fri, 05 May 2023 00:20:49 GMT
      expires:
      - '-1'
      pragma:
      - no-cache
      strict-transport-security:
      - max-age=31536000; includeSubDomains
      transfer-encoding:
      - chunked
      vary:
      - Accept-Encoding,Accept-Encoding
      x-content-type-options:
      - nosniff
    status:
      code: 200
      message: OK
- request:
    body: null
    headers:
      Accept:
      - '*/*'
      Accept-Encoding:
      - gzip, deflate
      CommandName:
      - container create
      Connection:
      - keep-alive
      ParameterSetName:
      - -g -n --image --vnet --subnet --ip-address
      User-Agent:
      - AZURECLI/2.48.1 azsdk-python-mgmt-containerinstance/10.1.0 Python/3.10.11
        (Windows-10-10.0.22621-SP0)
    method: GET
    uri: https://management.azure.com/subscriptions/00000000-0000-0000-0000-000000000000/resourceGroups/clitest.rg000001/providers/Microsoft.ContainerInstance/containerGroups/clicontainer000002?api-version=2023-05-01
  response:
    body:
      string: '{"properties":{"sku":"Standard","provisioningState":"Succeeded","provisioningTimeoutInSeconds":1800,"isCustomProvisioningTimeout":false,"containers":[{"name":"clicontainer000002","properties":{"image":"nginx","ports":[{"protocol":"TCP","port":80}],"environmentVariables":[],"instanceView":{"restartCount":0,"currentState":{"state":"Running","startTime":"2023-05-05T00:20:26.529Z","detailStatus":""},"events":[{"count":1,"firstTimestamp":"2023-05-05T00:20:07Z","lastTimestamp":"2023-05-05T00:20:07Z","name":"Pulling","message":"pulling
        image \"nginx@sha256:3f01b0094e21f7d55b9eb7179d01c49fdf9c3e1e3419d315b81a9e0bae1b6a90\"","type":"Normal"},{"count":1,"firstTimestamp":"2023-05-05T00:20:12Z","lastTimestamp":"2023-05-05T00:20:12Z","name":"Pulled","message":"Successfully
        pulled image \"nginx@sha256:3f01b0094e21f7d55b9eb7179d01c49fdf9c3e1e3419d315b81a9e0bae1b6a90\"","type":"Normal"},{"count":1,"firstTimestamp":"2023-05-05T00:20:26Z","lastTimestamp":"2023-05-05T00:20:26Z","name":"Started","message":"Started
        container","type":"Normal"}]},"resources":{"requests":{"memoryInGB":1.5,"cpu":1.0}}}}],"initContainers":[],"restartPolicy":"Always","ipAddress":{"ports":[{"protocol":"TCP","port":80}],"ip":"10.0.0.4","type":"Private"},"osType":"Linux","instanceView":{"events":[],"state":"Running"},"subnetIds":[{"id":"/subscriptions/00000000-0000-0000-0000-000000000000/resourceGroups/clitest.rg000001/providers/Microsoft.Network/virtualNetworks/vent000003/subnets/subnet000004"}]},"id":"/subscriptions/00000000-0000-0000-0000-000000000000/resourceGroups/clitest.rg000001/providers/Microsoft.ContainerInstance/containerGroups/clicontainer000002","name":"clicontainer000002","type":"Microsoft.ContainerInstance/containerGroups","location":"westus","tags":{}}'
    headers:
      cache-control:
      - no-cache
      content-length:
      - '1751'
      content-type:
      - application/json; charset=utf-8
      date:
      - Fri, 05 May 2023 00:20:50 GMT
      expires:
      - '-1'
      pragma:
      - no-cache
      strict-transport-security:
      - max-age=31536000; includeSubDomains
      transfer-encoding:
      - chunked
      vary:
      - Accept-Encoding,Accept-Encoding
      x-content-type-options:
      - nosniff
    status:
      code: 200
      message: OK
version: 1
