interactions:
- request:
    body: null
    headers:
      Accept:
      - '*/*'
      Accept-Encoding:
      - gzip, deflate
      CommandName:
      - ad app create
      Connection:
      - keep-alive
      ParameterSetName:
      - --display-name
      User-Agent:
      - python/3.10.5 (Windows-10-10.0.19044-SP0) AZURECLI/2.38.0
    method: GET
    uri: https://graph.microsoft.com/v1.0/applications?$filter=startswith%28displayName%2C%27azure-cli-test000001%27%29
  response:
    body:
      string: '{"@odata.context":"https://graph.microsoft.com/v1.0/$metadata#applications","value":[]}'
    headers:
      cache-control:
      - no-cache
      content-length:
      - '87'
      content-type:
      - application/json;odata.metadata=minimal;odata.streaming=true;IEEE754Compatible=false;charset=utf-8
      date:
      - Thu, 14 Jul 2022 02:19:57 GMT
      odata-version:
      - '4.0'
      request-id:
      - 865f5848-33df-4883-8858-a86168fe934e
      strict-transport-security:
      - max-age=31536000
      transfer-encoding:
      - chunked
      vary:
      - Accept-Encoding
      x-ms-ags-diagnostic:
      - '{"ServerInfo":{"DataCenter":"Southeast Asia","Slice":"E","Ring":"5","ScaleUnit":"002","RoleInstance":"SG1PEPF000028EB"}}'
      x-ms-resource-unit:
      - '2'
    status:
      code: 200
      message: OK
- request:
    body: '{"displayName": "azure-cli-test000001", "keyCredentials": []}'
    headers:
      Accept:
      - '*/*'
      Accept-Encoding:
      - gzip, deflate
      CommandName:
      - ad app create
      Connection:
      - keep-alive
      Content-Length:
      - '61'
      Content-Type:
      - application/json
      ParameterSetName:
      - --display-name
      User-Agent:
      - python/3.10.5 (Windows-10-10.0.19044-SP0) AZURECLI/2.38.0
    method: POST
    uri: https://graph.microsoft.com/v1.0/applications
  response:
    body:
      string: '{"@odata.context": "https://graph.microsoft.com/v1.0/$metadata#applications/$entity",
        "id": "91daeb4b-50ab-49c4-b5ed-9c41ecf7c088", "deletedDateTime": null, "appId":
        "78b2c98e-bb2c-4926-b765-90bcce681177", "applicationTemplateId": null, "disabledByMicrosoftStatus":
        null, "createdDateTime": "2022-07-14T02:19:59.4499519Z", "displayName": "azure-cli-test000001",
        "description": null, "groupMembershipClaims": null, "identifierUris": [],
        "isDeviceOnlyAuthSupported": null, "isFallbackPublicClient": null, "notes":
        null, "publisherDomain": "AzureSDKTeam.onmicrosoft.com", "serviceManagementReference":
        null, "signInAudience": "AzureADandPersonalMicrosoftAccount", "tags": [],
        "tokenEncryptionKeyId": null, "defaultRedirectUri": null, "certification":
        null, "optionalClaims": null, "addIns": [], "api": {"acceptMappedClaims":
        null, "knownClientApplications": [], "requestedAccessTokenVersion": 2, "oauth2PermissionScopes":
        [], "preAuthorizedApplications": []}, "appRoles": [], "info": {"logoUrl":
        null, "marketingUrl": null, "privacyStatementUrl": null, "supportUrl": null,
        "termsOfServiceUrl": null}, "keyCredentials": [], "parentalControlSettings":
        {"countriesBlockedForMinors": [], "legalAgeGroupRule": "Allow"}, "passwordCredentials":
        [], "publicClient": {"redirectUris": []}, "requiredResourceAccess": [], "verifiedPublisher":
        {"displayName": null, "verifiedPublisherId": null, "addedDateTime": null},
        "web": {"homePageUrl": null, "logoutUrl": null, "redirectUris": [], "implicitGrantSettings":
        {"enableAccessTokenIssuance": false, "enableIdTokenIssuance": false}}, "spa":
        {"redirectUris": []}}'
    headers:
      cache-control:
      - no-cache
      content-length:
      - '1595'
      content-type:
      - application/json;odata.metadata=minimal;odata.streaming=true;IEEE754Compatible=false;charset=utf-8
      date:
      - Thu, 14 Jul 2022 02:20:00 GMT
      location:
      - https://graph.microsoft.com/v2/54826b22-38d6-4fb2-bad9-b7b93a3e9c5a/directoryObjects/91daeb4b-50ab-49c4-b5ed-9c41ecf7c088/Microsoft.DirectoryServices.Application
      odata-version:
      - '4.0'
      request-id:
      - 956314ad-e842-492c-8f9f-57970ca00053
      strict-transport-security:
      - max-age=31536000
      transfer-encoding:
      - chunked
      vary:
      - Accept-Encoding
      x-ms-ags-diagnostic:
      - '{"ServerInfo":{"DataCenter":"Southeast Asia","Slice":"E","Ring":"5","ScaleUnit":"002","RoleInstance":"SG1PEPF000037E0"}}'
      x-ms-resource-unit:
      - '1'
    status:
      code: 201
      message: Created
- request:
    body: null
    headers:
      Accept:
      - '*/*'
      Accept-Encoding:
      - gzip, deflate
      CommandName:
      - ad app federated-credential create
      Connection:
      - keep-alive
      ParameterSetName:
      - --id --parameters
      User-Agent:
      - python/3.10.5 (Windows-10-10.0.19044-SP0) AZURECLI/2.38.0
    method: GET
    uri: https://graph.microsoft.com/v1.0/applications?$filter=appId%20eq%20%2778b2c98e-bb2c-4926-b765-90bcce681177%27
  response:
    body:
      string: '{"@odata.context":"https://graph.microsoft.com/v1.0/$metadata#applications","value":[{"id":"91daeb4b-50ab-49c4-b5ed-9c41ecf7c088","deletedDateTime":null,"appId":"78b2c98e-bb2c-4926-b765-90bcce681177","applicationTemplateId":null,"disabledByMicrosoftStatus":null,"createdDateTime":"2022-07-14T02:19:59Z","displayName":"azure-cli-test000001","description":null,"groupMembershipClaims":null,"identifierUris":[],"isDeviceOnlyAuthSupported":null,"isFallbackPublicClient":null,"notes":null,"publisherDomain":"AzureSDKTeam.onmicrosoft.com","serviceManagementReference":null,"signInAudience":"AzureADandPersonalMicrosoftAccount","tags":[],"tokenEncryptionKeyId":null,"defaultRedirectUri":null,"certification":null,"optionalClaims":null,"addIns":[],"api":{"acceptMappedClaims":null,"knownClientApplications":[],"requestedAccessTokenVersion":2,"oauth2PermissionScopes":[],"preAuthorizedApplications":[]},"appRoles":[],"info":{"logoUrl":null,"marketingUrl":null,"privacyStatementUrl":null,"supportUrl":null,"termsOfServiceUrl":null},"keyCredentials":[],"parentalControlSettings":{"countriesBlockedForMinors":[],"legalAgeGroupRule":"Allow"},"passwordCredentials":[],"publicClient":{"redirectUris":[]},"requiredResourceAccess":[],"verifiedPublisher":{"displayName":null,"verifiedPublisherId":null,"addedDateTime":null},"web":{"homePageUrl":null,"logoutUrl":null,"redirectUris":[],"implicitGrantSettings":{"enableAccessTokenIssuance":false,"enableIdTokenIssuance":false}},"spa":{"redirectUris":[]}}]}'
    headers:
      cache-control:
      - no-cache
      content-length:
      - '1486'
      content-type:
      - application/json;odata.metadata=minimal;odata.streaming=true;IEEE754Compatible=false;charset=utf-8
      date:
      - Thu, 14 Jul 2022 02:20:00 GMT
      odata-version:
      - '4.0'
      request-id:
      - d2fa4b1b-b85e-4657-b155-d08b6ed2950a
      strict-transport-security:
      - max-age=31536000
      transfer-encoding:
      - chunked
      vary:
      - Accept-Encoding
      x-ms-ags-diagnostic:
      - '{"ServerInfo":{"DataCenter":"Southeast Asia","Slice":"E","Ring":"5","ScaleUnit":"002","RoleInstance":"SG1PEPF000011EF"}}'
      x-ms-resource-unit:
      - '2'
    status:
      code: 200
      message: OK
- request:
    body: '{"name": "Testing", "issuer": "https://token.actions.githubusercontent.com/",
      "subject": "repo:octo-org/octo-repo:environment:Production", "description":
      "Testing", "audiences": ["api://AzureADTokenExchange"]}'
    headers:
      Accept:
      - '*/*'
      Accept-Encoding:
      - gzip, deflate
      CommandName:
      - ad app federated-credential create
      Connection:
      - keep-alive
      Content-Length:
      - '209'
      Content-Type:
      - application/json
      ParameterSetName:
      - --id --parameters
      User-Agent:
      - python/3.10.5 (Windows-10-10.0.19044-SP0) AZURECLI/2.38.0
    method: POST
    uri: https://graph.microsoft.com/v1.0/applications/91daeb4b-50ab-49c4-b5ed-9c41ecf7c088/federatedIdentityCredentials
  response:
    body:
      string: '{"@odata.context":"https://graph.microsoft.com/v1.0/$metadata#applications(''91daeb4b-50ab-49c4-b5ed-9c41ecf7c088'')/federatedIdentityCredentials/$entity","id":"afa0b8e1-6644-4693-948c-df7cc4fabb05","name":"Testing","issuer":"https://token.actions.githubusercontent.com/","subject":"repo:octo-org/octo-repo:environment:Production","description":"Testing","audiences":["api://AzureADTokenExchange"]}'
    headers:
      cache-control:
      - no-cache
      content-length:
      - '396'
      content-type:
      - application/json;odata.metadata=minimal;odata.streaming=true;IEEE754Compatible=false;charset=utf-8
      date:
      - Thu, 14 Jul 2022 02:20:04 GMT
      location:
      - https://graph.microsoft.com/v2/54826b22-38d6-4fb2-bad9-b7b93a3e9c5a/federatedIdentityCredentials/afa0b8e1-6644-4693-948c-df7cc4fabb05
      odata-version:
      - '4.0'
      request-id:
      - db1a7514-7edb-47a9-a406-1d9422dd253a
      strict-transport-security:
      - max-age=31536000
      transfer-encoding:
      - chunked
      vary:
      - Accept-Encoding
      x-ms-ags-diagnostic:
      - '{"ServerInfo":{"DataCenter":"Southeast Asia","Slice":"E","Ring":"5","ScaleUnit":"002","RoleInstance":"SG1PEPF000037E9"}}'
      x-ms-resource-unit:
      - '1'
    status:
      code: 201
      message: Created
- request:
    body: null
    headers:
      Accept:
      - '*/*'
      Accept-Encoding:
      - gzip, deflate
      CommandName:
      - ad app federated-credential list
      Connection:
      - keep-alive
      ParameterSetName:
      - --id
      User-Agent:
      - python/3.10.5 (Windows-10-10.0.19044-SP0) AZURECLI/2.38.0
    method: GET
    uri: https://graph.microsoft.com/v1.0/applications?$filter=appId%20eq%20%2778b2c98e-bb2c-4926-b765-90bcce681177%27
  response:
    body:
      string: '{"@odata.context":"https://graph.microsoft.com/v1.0/$metadata#applications","value":[{"id":"91daeb4b-50ab-49c4-b5ed-9c41ecf7c088","deletedDateTime":null,"appId":"78b2c98e-bb2c-4926-b765-90bcce681177","applicationTemplateId":null,"disabledByMicrosoftStatus":null,"createdDateTime":"2022-07-14T02:19:59Z","displayName":"azure-cli-test000001","description":null,"groupMembershipClaims":null,"identifierUris":[],"isDeviceOnlyAuthSupported":null,"isFallbackPublicClient":null,"notes":null,"publisherDomain":"AzureSDKTeam.onmicrosoft.com","serviceManagementReference":null,"signInAudience":"AzureADandPersonalMicrosoftAccount","tags":[],"tokenEncryptionKeyId":null,"defaultRedirectUri":null,"certification":null,"optionalClaims":null,"addIns":[],"api":{"acceptMappedClaims":null,"knownClientApplications":[],"requestedAccessTokenVersion":2,"oauth2PermissionScopes":[],"preAuthorizedApplications":[]},"appRoles":[],"info":{"logoUrl":null,"marketingUrl":null,"privacyStatementUrl":null,"supportUrl":null,"termsOfServiceUrl":null},"keyCredentials":[],"parentalControlSettings":{"countriesBlockedForMinors":[],"legalAgeGroupRule":"Allow"},"passwordCredentials":[],"publicClient":{"redirectUris":[]},"requiredResourceAccess":[],"verifiedPublisher":{"displayName":null,"verifiedPublisherId":null,"addedDateTime":null},"web":{"homePageUrl":null,"logoutUrl":null,"redirectUris":[],"implicitGrantSettings":{"enableAccessTokenIssuance":false,"enableIdTokenIssuance":false}},"spa":{"redirectUris":[]}}]}'
    headers:
      cache-control:
      - no-cache
      content-length:
      - '1486'
      content-type:
      - application/json;odata.metadata=minimal;odata.streaming=true;IEEE754Compatible=false;charset=utf-8
      date:
      - Thu, 14 Jul 2022 02:20:05 GMT
      odata-version:
      - '4.0'
      request-id:
      - f2859439-5175-4ebf-b590-7c7aace8abe3
      strict-transport-security:
      - max-age=31536000
      transfer-encoding:
      - chunked
      vary:
      - Accept-Encoding
      x-ms-ags-diagnostic:
      - '{"ServerInfo":{"DataCenter":"Southeast Asia","Slice":"E","Ring":"5","ScaleUnit":"002","RoleInstance":"SG1PEPF000037EA"}}'
      x-ms-resource-unit:
      - '2'
    status:
      code: 200
      message: OK
- request:
    body: null
    headers:
      Accept:
      - '*/*'
      Accept-Encoding:
      - gzip, deflate
      CommandName:
      - ad app federated-credential list
      Connection:
      - keep-alive
      ParameterSetName:
      - --id
      User-Agent:
      - python/3.10.5 (Windows-10-10.0.19044-SP0) AZURECLI/2.38.0
    method: GET
    uri: https://graph.microsoft.com/v1.0/applications/91daeb4b-50ab-49c4-b5ed-9c41ecf7c088/federatedIdentityCredentials
  response:
    body:
      string: '{"@odata.context":"https://graph.microsoft.com/v1.0/$metadata#applications(''91daeb4b-50ab-49c4-b5ed-9c41ecf7c088'')/federatedIdentityCredentials","value":[{"id":"afa0b8e1-6644-4693-948c-df7cc4fabb05","name":"Testing","issuer":"https://token.actions.githubusercontent.com/","subject":"repo:octo-org/octo-repo:environment:Production","description":"Testing","audiences":["api://AzureADTokenExchange"]}]}'
    headers:
      cache-control:
      - no-cache
      content-length:
      - '400'
      content-type:
      - application/json;odata.metadata=minimal;odata.streaming=true;IEEE754Compatible=false;charset=utf-8
      date:
      - Thu, 14 Jul 2022 02:20:07 GMT
      odata-version:
      - '4.0'
      request-id:
      - 8c68ed15-be04-4f68-b36e-4d20380404c0
      strict-transport-security:
      - max-age=31536000
      transfer-encoding:
      - chunked
      vary:
      - Accept-Encoding
      x-ms-ags-diagnostic:
      - '{"ServerInfo":{"DataCenter":"Southeast Asia","Slice":"E","Ring":"5","ScaleUnit":"002","RoleInstance":"SG1PEPF000037EC"}}'
      x-ms-resource-unit:
      - '1'
    status:
      code: 200
      message: OK
- request:
    body: null
    headers:
      Accept:
      - '*/*'
      Accept-Encoding:
      - gzip, deflate
      CommandName:
      - ad app federated-credential show
      Connection:
      - keep-alive
      ParameterSetName:
      - --id --federated-credential-id
      User-Agent:
      - python/3.10.5 (Windows-10-10.0.19044-SP0) AZURECLI/2.38.0
    method: GET
    uri: https://graph.microsoft.com/v1.0/applications?$filter=appId%20eq%20%2778b2c98e-bb2c-4926-b765-90bcce681177%27
  response:
    body:
      string: '{"@odata.context":"https://graph.microsoft.com/v1.0/$metadata#applications","value":[{"id":"91daeb4b-50ab-49c4-b5ed-9c41ecf7c088","deletedDateTime":null,"appId":"78b2c98e-bb2c-4926-b765-90bcce681177","applicationTemplateId":null,"disabledByMicrosoftStatus":null,"createdDateTime":"2022-07-14T02:19:59Z","displayName":"azure-cli-test000001","description":null,"groupMembershipClaims":null,"identifierUris":[],"isDeviceOnlyAuthSupported":null,"isFallbackPublicClient":null,"notes":null,"publisherDomain":"AzureSDKTeam.onmicrosoft.com","serviceManagementReference":null,"signInAudience":"AzureADandPersonalMicrosoftAccount","tags":[],"tokenEncryptionKeyId":null,"defaultRedirectUri":null,"certification":null,"optionalClaims":null,"addIns":[],"api":{"acceptMappedClaims":null,"knownClientApplications":[],"requestedAccessTokenVersion":2,"oauth2PermissionScopes":[],"preAuthorizedApplications":[]},"appRoles":[],"info":{"logoUrl":null,"marketingUrl":null,"privacyStatementUrl":null,"supportUrl":null,"termsOfServiceUrl":null},"keyCredentials":[],"parentalControlSettings":{"countriesBlockedForMinors":[],"legalAgeGroupRule":"Allow"},"passwordCredentials":[],"publicClient":{"redirectUris":[]},"requiredResourceAccess":[],"verifiedPublisher":{"displayName":null,"verifiedPublisherId":null,"addedDateTime":null},"web":{"homePageUrl":null,"logoutUrl":null,"redirectUris":[],"implicitGrantSettings":{"enableAccessTokenIssuance":false,"enableIdTokenIssuance":false}},"spa":{"redirectUris":[]}}]}'
    headers:
      cache-control:
      - no-cache
      content-length:
      - '1486'
      content-type:
      - application/json;odata.metadata=minimal;odata.streaming=true;IEEE754Compatible=false;charset=utf-8
      date:
      - Thu, 14 Jul 2022 02:20:07 GMT
      odata-version:
      - '4.0'
      request-id:
      - a600e8ef-e4ca-4a6e-abd8-1955ca171ea6
      strict-transport-security:
      - max-age=31536000
      transfer-encoding:
      - chunked
      vary:
      - Accept-Encoding
      x-ms-ags-diagnostic:
      - '{"ServerInfo":{"DataCenter":"Southeast Asia","Slice":"E","Ring":"5","ScaleUnit":"002","RoleInstance":"SG1PEPF000037E3"}}'
      x-ms-resource-unit:
      - '2'
    status:
      code: 200
      message: OK
- request:
    body: null
    headers:
      Accept:
      - '*/*'
      Accept-Encoding:
      - gzip, deflate
      CommandName:
      - ad app federated-credential show
      Connection:
      - keep-alive
      ParameterSetName:
      - --id --federated-credential-id
      User-Agent:
      - python/3.10.5 (Windows-10-10.0.19044-SP0) AZURECLI/2.38.0
    method: GET
    uri: https://graph.microsoft.com/v1.0/applications/91daeb4b-50ab-49c4-b5ed-9c41ecf7c088/federatedIdentityCredentials/afa0b8e1-6644-4693-948c-df7cc4fabb05
  response:
    body:
      string: '{"@odata.context":"https://graph.microsoft.com/v1.0/$metadata#applications(''91daeb4b-50ab-49c4-b5ed-9c41ecf7c088'')/federatedIdentityCredentials/$entity","id":"afa0b8e1-6644-4693-948c-df7cc4fabb05","name":"Testing","issuer":"https://token.actions.githubusercontent.com/","subject":"repo:octo-org/octo-repo:environment:Production","description":"Testing","audiences":["api://AzureADTokenExchange"]}'
    headers:
      cache-control:
      - no-cache
      content-length:
      - '396'
      content-type:
      - application/json;odata.metadata=minimal;odata.streaming=true;IEEE754Compatible=false;charset=utf-8
      date:
      - Thu, 14 Jul 2022 02:20:08 GMT
      odata-version:
      - '4.0'
      request-id:
      - 4557d136-7db1-49e3-8d95-cde95e46d476
      strict-transport-security:
      - max-age=31536000
      transfer-encoding:
      - chunked
      vary:
      - Accept-Encoding
      x-ms-ags-diagnostic:
      - '{"ServerInfo":{"DataCenter":"Southeast Asia","Slice":"E","Ring":"5","ScaleUnit":"002","RoleInstance":"SG1PEPF00001307"}}'
      x-ms-resource-unit:
      - '1'
    status:
      code: 200
      message: OK
- request:
    body: null
    headers:
      Accept:
      - '*/*'
      Accept-Encoding:
      - gzip, deflate
      CommandName:
      - ad app federated-credential show
      Connection:
      - keep-alive
      ParameterSetName:
      - --id --federated-credential-id
      User-Agent:
      - python/3.10.5 (Windows-10-10.0.19044-SP0) AZURECLI/2.38.0
    method: GET
    uri: https://graph.microsoft.com/v1.0/applications?$filter=appId%20eq%20%2778b2c98e-bb2c-4926-b765-90bcce681177%27
  response:
    body:
      string: '{"@odata.context":"https://graph.microsoft.com/v1.0/$metadata#applications","value":[{"id":"91daeb4b-50ab-49c4-b5ed-9c41ecf7c088","deletedDateTime":null,"appId":"78b2c98e-bb2c-4926-b765-90bcce681177","applicationTemplateId":null,"disabledByMicrosoftStatus":null,"createdDateTime":"2022-07-14T02:19:59Z","displayName":"azure-cli-test000001","description":null,"groupMembershipClaims":null,"identifierUris":[],"isDeviceOnlyAuthSupported":null,"isFallbackPublicClient":null,"notes":null,"publisherDomain":"AzureSDKTeam.onmicrosoft.com","serviceManagementReference":null,"signInAudience":"AzureADandPersonalMicrosoftAccount","tags":[],"tokenEncryptionKeyId":null,"defaultRedirectUri":null,"certification":null,"optionalClaims":null,"addIns":[],"api":{"acceptMappedClaims":null,"knownClientApplications":[],"requestedAccessTokenVersion":2,"oauth2PermissionScopes":[],"preAuthorizedApplications":[]},"appRoles":[],"info":{"logoUrl":null,"marketingUrl":null,"privacyStatementUrl":null,"supportUrl":null,"termsOfServiceUrl":null},"keyCredentials":[],"parentalControlSettings":{"countriesBlockedForMinors":[],"legalAgeGroupRule":"Allow"},"passwordCredentials":[],"publicClient":{"redirectUris":[]},"requiredResourceAccess":[],"verifiedPublisher":{"displayName":null,"verifiedPublisherId":null,"addedDateTime":null},"web":{"homePageUrl":null,"logoutUrl":null,"redirectUris":[],"implicitGrantSettings":{"enableAccessTokenIssuance":false,"enableIdTokenIssuance":false}},"spa":{"redirectUris":[]}}]}'
    headers:
      cache-control:
      - no-cache
      content-length:
      - '1486'
      content-type:
      - application/json;odata.metadata=minimal;odata.streaming=true;IEEE754Compatible=false;charset=utf-8
      date:
      - Thu, 14 Jul 2022 02:20:10 GMT
      odata-version:
      - '4.0'
      request-id:
      - 40e4535c-de4a-47ba-8abf-15f3d579f6ef
      strict-transport-security:
      - max-age=31536000
      transfer-encoding:
      - chunked
      vary:
      - Accept-Encoding
      x-ms-ags-diagnostic:
      - '{"ServerInfo":{"DataCenter":"Southeast Asia","Slice":"E","Ring":"5","ScaleUnit":"002","RoleInstance":"SG1PEPF000037E9"}}'
      x-ms-resource-unit:
      - '2'
    status:
      code: 200
      message: OK
- request:
    body: null
    headers:
      Accept:
      - '*/*'
      Accept-Encoding:
      - gzip, deflate
      CommandName:
      - ad app federated-credential show
      Connection:
      - keep-alive
      ParameterSetName:
      - --id --federated-credential-id
      User-Agent:
      - python/3.10.5 (Windows-10-10.0.19044-SP0) AZURECLI/2.38.0
    method: GET
    uri: https://graph.microsoft.com/v1.0/applications/91daeb4b-50ab-49c4-b5ed-9c41ecf7c088/federatedIdentityCredentials/Testing
  response:
    body:
      string: '{"@odata.context":"https://graph.microsoft.com/v1.0/$metadata#applications(''91daeb4b-50ab-49c4-b5ed-9c41ecf7c088'')/federatedIdentityCredentials/$entity","id":"afa0b8e1-6644-4693-948c-df7cc4fabb05","name":"Testing","issuer":"https://token.actions.githubusercontent.com/","subject":"repo:octo-org/octo-repo:environment:Production","description":"Testing","audiences":["api://AzureADTokenExchange"]}'
    headers:
      cache-control:
      - no-cache
      content-length:
      - '396'
      content-type:
      - application/json;odata.metadata=minimal;odata.streaming=true;IEEE754Compatible=false;charset=utf-8
      date:
      - Thu, 14 Jul 2022 02:20:10 GMT
      odata-version:
      - '4.0'
      request-id:
      - 85e3da2b-225a-4add-843e-781c20630e20
      strict-transport-security:
      - max-age=31536000
      transfer-encoding:
      - chunked
      vary:
      - Accept-Encoding
      x-ms-ags-diagnostic:
      - '{"ServerInfo":{"DataCenter":"Southeast Asia","Slice":"E","Ring":"5","ScaleUnit":"002","RoleInstance":"SG1PEPF00002526"}}'
      x-ms-resource-unit:
      - '1'
    status:
      code: 200
      message: OK
- request:
    body: null
    headers:
      Accept:
      - '*/*'
      Accept-Encoding:
      - gzip, deflate
      CommandName:
      - ad app federated-credential update
      Connection:
      - keep-alive
      ParameterSetName:
      - --id --federated-credential-id --parameters
      User-Agent:
      - python/3.10.5 (Windows-10-10.0.19044-SP0) AZURECLI/2.38.0
    method: GET
    uri: https://graph.microsoft.com/v1.0/applications?$filter=appId%20eq%20%2778b2c98e-bb2c-4926-b765-90bcce681177%27
  response:
    body:
      string: '{"@odata.context":"https://graph.microsoft.com/v1.0/$metadata#applications","value":[{"id":"91daeb4b-50ab-49c4-b5ed-9c41ecf7c088","deletedDateTime":null,"appId":"78b2c98e-bb2c-4926-b765-90bcce681177","applicationTemplateId":null,"disabledByMicrosoftStatus":null,"createdDateTime":"2022-07-14T02:19:59Z","displayName":"azure-cli-test000001","description":null,"groupMembershipClaims":null,"identifierUris":[],"isDeviceOnlyAuthSupported":null,"isFallbackPublicClient":null,"notes":null,"publisherDomain":"AzureSDKTeam.onmicrosoft.com","serviceManagementReference":null,"signInAudience":"AzureADandPersonalMicrosoftAccount","tags":[],"tokenEncryptionKeyId":null,"defaultRedirectUri":null,"certification":null,"optionalClaims":null,"addIns":[],"api":{"acceptMappedClaims":null,"knownClientApplications":[],"requestedAccessTokenVersion":2,"oauth2PermissionScopes":[],"preAuthorizedApplications":[]},"appRoles":[],"info":{"logoUrl":null,"marketingUrl":null,"privacyStatementUrl":null,"supportUrl":null,"termsOfServiceUrl":null},"keyCredentials":[],"parentalControlSettings":{"countriesBlockedForMinors":[],"legalAgeGroupRule":"Allow"},"passwordCredentials":[],"publicClient":{"redirectUris":[]},"requiredResourceAccess":[],"verifiedPublisher":{"displayName":null,"verifiedPublisherId":null,"addedDateTime":null},"web":{"homePageUrl":null,"logoutUrl":null,"redirectUris":[],"implicitGrantSettings":{"enableAccessTokenIssuance":false,"enableIdTokenIssuance":false}},"spa":{"redirectUris":[]}}]}'
    headers:
      cache-control:
      - no-cache
      content-length:
      - '1486'
      content-type:
      - application/json;odata.metadata=minimal;odata.streaming=true;IEEE754Compatible=false;charset=utf-8
      date:
      - Thu, 14 Jul 2022 02:20:11 GMT
      odata-version:
      - '4.0'
      request-id:
      - 32ac1392-2b9a-4ef2-a41c-1830a9644e41
      strict-transport-security:
      - max-age=31536000
      transfer-encoding:
      - chunked
      vary:
      - Accept-Encoding
      x-ms-ags-diagnostic:
      - '{"ServerInfo":{"DataCenter":"Southeast Asia","Slice":"E","Ring":"5","ScaleUnit":"002","RoleInstance":"SG1PEPF00002EBE"}}'
      x-ms-resource-unit:
      - '2'
    status:
      code: 200
      message: OK
- request:
    body: '{"subject": "repo:octo-org/octo-repo:environment:Staging"}'
    headers:
      Accept:
      - '*/*'
      Accept-Encoding:
      - gzip, deflate
      CommandName:
      - ad app federated-credential update
      Connection:
      - keep-alive
      Content-Length:
      - '58'
      Content-Type:
      - application/json
      ParameterSetName:
      - --id --federated-credential-id --parameters
      User-Agent:
      - python/3.10.5 (Windows-10-10.0.19044-SP0) AZURECLI/2.38.0
    method: PATCH
    uri: https://graph.microsoft.com/v1.0/applications/91daeb4b-50ab-49c4-b5ed-9c41ecf7c088/federatedIdentityCredentials/afa0b8e1-6644-4693-948c-df7cc4fabb05
  response:
    body:
      string: ''
    headers:
      cache-control:
      - no-cache
      date:
      - Thu, 14 Jul 2022 02:20:13 GMT
      request-id:
      - 8e64561f-29aa-49fd-9816-1d2c0cf7ee0d
      strict-transport-security:
      - max-age=31536000
      x-ms-ags-diagnostic:
      - '{"ServerInfo":{"DataCenter":"Southeast Asia","Slice":"E","Ring":"5","ScaleUnit":"002","RoleInstance":"SG1PEPF000028EB"}}'
      x-ms-resource-unit:
      - '1'
    status:
      code: 204
      message: No Content
- request:
    body: null
    headers:
      Accept:
      - '*/*'
      Accept-Encoding:
      - gzip, deflate
      CommandName:
      - ad app federated-credential show
      Connection:
      - keep-alive
      ParameterSetName:
      - --id --federated-credential-id
      User-Agent:
      - python/3.10.5 (Windows-10-10.0.19044-SP0) AZURECLI/2.38.0
    method: GET
    uri: https://graph.microsoft.com/v1.0/applications?$filter=appId%20eq%20%2778b2c98e-bb2c-4926-b765-90bcce681177%27
  response:
    body:
      string: '{"@odata.context":"https://graph.microsoft.com/v1.0/$metadata#applications","value":[{"id":"91daeb4b-50ab-49c4-b5ed-9c41ecf7c088","deletedDateTime":null,"appId":"78b2c98e-bb2c-4926-b765-90bcce681177","applicationTemplateId":null,"disabledByMicrosoftStatus":null,"createdDateTime":"2022-07-14T02:19:59Z","displayName":"azure-cli-test000001","description":null,"groupMembershipClaims":null,"identifierUris":[],"isDeviceOnlyAuthSupported":null,"isFallbackPublicClient":null,"notes":null,"publisherDomain":"AzureSDKTeam.onmicrosoft.com","serviceManagementReference":null,"signInAudience":"AzureADandPersonalMicrosoftAccount","tags":[],"tokenEncryptionKeyId":null,"defaultRedirectUri":null,"certification":null,"optionalClaims":null,"addIns":[],"api":{"acceptMappedClaims":null,"knownClientApplications":[],"requestedAccessTokenVersion":2,"oauth2PermissionScopes":[],"preAuthorizedApplications":[]},"appRoles":[],"info":{"logoUrl":null,"marketingUrl":null,"privacyStatementUrl":null,"supportUrl":null,"termsOfServiceUrl":null},"keyCredentials":[],"parentalControlSettings":{"countriesBlockedForMinors":[],"legalAgeGroupRule":"Allow"},"passwordCredentials":[],"publicClient":{"redirectUris":[]},"requiredResourceAccess":[],"verifiedPublisher":{"displayName":null,"verifiedPublisherId":null,"addedDateTime":null},"web":{"homePageUrl":null,"logoutUrl":null,"redirectUris":[],"implicitGrantSettings":{"enableAccessTokenIssuance":false,"enableIdTokenIssuance":false}},"spa":{"redirectUris":[]}}]}'
    headers:
      cache-control:
      - no-cache
      content-length:
      - '1486'
      content-type:
      - application/json;odata.metadata=minimal;odata.streaming=true;IEEE754Compatible=false;charset=utf-8
      date:
      - Thu, 14 Jul 2022 02:20:13 GMT
      odata-version:
      - '4.0'
      request-id:
      - b6052318-f8cd-4ea1-b9ea-cfbfe774e57c
      strict-transport-security:
      - max-age=31536000
      transfer-encoding:
      - chunked
      vary:
      - Accept-Encoding
      x-ms-ags-diagnostic:
      - '{"ServerInfo":{"DataCenter":"Southeast Asia","Slice":"E","Ring":"5","ScaleUnit":"002","RoleInstance":"SG1PEPF000037E4"}}'
      x-ms-resource-unit:
      - '2'
    status:
      code: 200
      message: OK
- request:
    body: null
    headers:
      Accept:
      - '*/*'
      Accept-Encoding:
      - gzip, deflate
      CommandName:
      - ad app federated-credential show
      Connection:
      - keep-alive
      ParameterSetName:
      - --id --federated-credential-id
      User-Agent:
      - python/3.10.5 (Windows-10-10.0.19044-SP0) AZURECLI/2.38.0
    method: GET
    uri: https://graph.microsoft.com/v1.0/applications/91daeb4b-50ab-49c4-b5ed-9c41ecf7c088/federatedIdentityCredentials/afa0b8e1-6644-4693-948c-df7cc4fabb05
  response:
    body:
      string: '{"@odata.context":"https://graph.microsoft.com/v1.0/$metadata#applications(''91daeb4b-50ab-49c4-b5ed-9c41ecf7c088'')/federatedIdentityCredentials/$entity","id":"afa0b8e1-6644-4693-948c-df7cc4fabb05","name":"Testing","issuer":"https://token.actions.githubusercontent.com/","subject":"repo:octo-org/octo-repo:environment:Staging","description":"Testing","audiences":["api://AzureADTokenExchange"]}'
    headers:
      cache-control:
      - no-cache
      content-length:
      - '393'
      content-type:
      - application/json;odata.metadata=minimal;odata.streaming=true;IEEE754Compatible=false;charset=utf-8
      date:
      - Thu, 14 Jul 2022 02:20:14 GMT
      odata-version:
      - '4.0'
      request-id:
      - e0d2b23f-89ac-42a5-838a-c45b04302974
      strict-transport-security:
      - max-age=31536000
      transfer-encoding:
      - chunked
      vary:
      - Accept-Encoding
      x-ms-ags-diagnostic:
      - '{"ServerInfo":{"DataCenter":"Southeast Asia","Slice":"E","Ring":"5","ScaleUnit":"002","RoleInstance":"SG1PEPF00002016"}}'
      x-ms-resource-unit:
      - '1'
    status:
      code: 200
      message: OK
- request:
    body: null
    headers:
      Accept:
      - '*/*'
      Accept-Encoding:
      - gzip, deflate
      CommandName:
      - ad app federated-credential delete
      Connection:
      - keep-alive
      ParameterSetName:
      - --id --federated-credential-id
      User-Agent:
      - python/3.10.5 (Windows-10-10.0.19044-SP0) AZURECLI/2.38.0
    method: GET
    uri: https://graph.microsoft.com/v1.0/applications?$filter=appId%20eq%20%2778b2c98e-bb2c-4926-b765-90bcce681177%27
  response:
    body:
      string: '{"@odata.context":"https://graph.microsoft.com/v1.0/$metadata#applications","value":[{"id":"91daeb4b-50ab-49c4-b5ed-9c41ecf7c088","deletedDateTime":null,"appId":"78b2c98e-bb2c-4926-b765-90bcce681177","applicationTemplateId":null,"disabledByMicrosoftStatus":null,"createdDateTime":"2022-07-14T02:19:59Z","displayName":"azure-cli-test000001","description":null,"groupMembershipClaims":null,"identifierUris":[],"isDeviceOnlyAuthSupported":null,"isFallbackPublicClient":null,"notes":null,"publisherDomain":"AzureSDKTeam.onmicrosoft.com","serviceManagementReference":null,"signInAudience":"AzureADandPersonalMicrosoftAccount","tags":[],"tokenEncryptionKeyId":null,"defaultRedirectUri":null,"certification":null,"optionalClaims":null,"addIns":[],"api":{"acceptMappedClaims":null,"knownClientApplications":[],"requestedAccessTokenVersion":2,"oauth2PermissionScopes":[],"preAuthorizedApplications":[]},"appRoles":[],"info":{"logoUrl":null,"marketingUrl":null,"privacyStatementUrl":null,"supportUrl":null,"termsOfServiceUrl":null},"keyCredentials":[],"parentalControlSettings":{"countriesBlockedForMinors":[],"legalAgeGroupRule":"Allow"},"passwordCredentials":[],"publicClient":{"redirectUris":[]},"requiredResourceAccess":[],"verifiedPublisher":{"displayName":null,"verifiedPublisherId":null,"addedDateTime":null},"web":{"homePageUrl":null,"logoutUrl":null,"redirectUris":[],"implicitGrantSettings":{"enableAccessTokenIssuance":false,"enableIdTokenIssuance":false}},"spa":{"redirectUris":[]}}]}'
    headers:
      cache-control:
      - no-cache
      content-length:
      - '1486'
      content-type:
      - application/json;odata.metadata=minimal;odata.streaming=true;IEEE754Compatible=false;charset=utf-8
      date:
      - Thu, 14 Jul 2022 02:20:15 GMT
      odata-version:
      - '4.0'
      request-id:
      - 09b83101-269a-4ea8-a062-f92ed3371796
      strict-transport-security:
      - max-age=31536000
      transfer-encoding:
      - chunked
      vary:
      - Accept-Encoding
      x-ms-ags-diagnostic:
      - '{"ServerInfo":{"DataCenter":"Southeast Asia","Slice":"E","Ring":"5","ScaleUnit":"002","RoleInstance":"SG1PEPF000037E2"}}'
      x-ms-resource-unit:
      - '2'
    status:
      code: 200
      message: OK
- request:
    body: null
    headers:
      Accept:
      - '*/*'
      Accept-Encoding:
      - gzip, deflate
      CommandName:
      - ad app federated-credential delete
      Connection:
      - keep-alive
      Content-Length:
      - '0'
      ParameterSetName:
      - --id --federated-credential-id
      User-Agent:
      - python/3.10.5 (Windows-10-10.0.19044-SP0) AZURECLI/2.38.0
    method: DELETE
    uri: https://graph.microsoft.com/v1.0/applications/91daeb4b-50ab-49c4-b5ed-9c41ecf7c088/federatedIdentityCredentials/afa0b8e1-6644-4693-948c-df7cc4fabb05
  response:
    body:
      string: ''
    headers:
      cache-control:
      - no-cache
      date:
      - Thu, 14 Jul 2022 02:20:16 GMT
      request-id:
      - bdca33ab-823c-44d9-b72b-e782cb1dbcd1
      strict-transport-security:
      - max-age=31536000
      x-ms-ags-diagnostic:
      - '{"ServerInfo":{"DataCenter":"Southeast Asia","Slice":"E","Ring":"5","ScaleUnit":"002","RoleInstance":"SG1PEPF0000252C"}}'
      x-ms-resource-unit:
      - '1'
    status:
      code: 204
      message: No Content
- request:
    body: null
    headers:
      Accept:
      - '*/*'
      Accept-Encoding:
      - gzip, deflate
      CommandName:
      - ad app federated-credential list
      Connection:
      - keep-alive
      ParameterSetName:
      - --id
      User-Agent:
      - python/3.10.5 (Windows-10-10.0.19044-SP0) AZURECLI/2.38.0
    method: GET
    uri: https://graph.microsoft.com/v1.0/applications?$filter=appId%20eq%20%2778b2c98e-bb2c-4926-b765-90bcce681177%27
  response:
    body:
      string: '{"@odata.context":"https://graph.microsoft.com/v1.0/$metadata#applications","value":[{"id":"91daeb4b-50ab-49c4-b5ed-9c41ecf7c088","deletedDateTime":null,"appId":"78b2c98e-bb2c-4926-b765-90bcce681177","applicationTemplateId":null,"disabledByMicrosoftStatus":null,"createdDateTime":"2022-07-14T02:19:59Z","displayName":"azure-cli-test000001","description":null,"groupMembershipClaims":null,"identifierUris":[],"isDeviceOnlyAuthSupported":null,"isFallbackPublicClient":null,"notes":null,"publisherDomain":"AzureSDKTeam.onmicrosoft.com","serviceManagementReference":null,"signInAudience":"AzureADandPersonalMicrosoftAccount","tags":[],"tokenEncryptionKeyId":null,"defaultRedirectUri":null,"certification":null,"optionalClaims":null,"addIns":[],"api":{"acceptMappedClaims":null,"knownClientApplications":[],"requestedAccessTokenVersion":2,"oauth2PermissionScopes":[],"preAuthorizedApplications":[]},"appRoles":[],"info":{"logoUrl":null,"marketingUrl":null,"privacyStatementUrl":null,"supportUrl":null,"termsOfServiceUrl":null},"keyCredentials":[],"parentalControlSettings":{"countriesBlockedForMinors":[],"legalAgeGroupRule":"Allow"},"passwordCredentials":[],"publicClient":{"redirectUris":[]},"requiredResourceAccess":[],"verifiedPublisher":{"displayName":null,"verifiedPublisherId":null,"addedDateTime":null},"web":{"homePageUrl":null,"logoutUrl":null,"redirectUris":[],"implicitGrantSettings":{"enableAccessTokenIssuance":false,"enableIdTokenIssuance":false}},"spa":{"redirectUris":[]}}]}'
    headers:
      cache-control:
      - no-cache
      content-length:
      - '1486'
      content-type:
      - application/json;odata.metadata=minimal;odata.streaming=true;IEEE754Compatible=false;charset=utf-8
      date:
      - Thu, 14 Jul 2022 02:20:17 GMT
      odata-version:
      - '4.0'
      request-id:
      - 9b97fc5e-5474-4e48-96c0-670ad55f57e2
      strict-transport-security:
      - max-age=31536000
      transfer-encoding:
      - chunked
      vary:
      - Accept-Encoding
      x-ms-ags-diagnostic:
      - '{"ServerInfo":{"DataCenter":"Southeast Asia","Slice":"E","Ring":"5","ScaleUnit":"002","RoleInstance":"SG1PEPF00002016"}}'
      x-ms-resource-unit:
      - '2'
    status:
      code: 200
      message: OK
- request:
    body: null
    headers:
      Accept:
      - '*/*'
      Accept-Encoding:
      - gzip, deflate
      CommandName:
      - ad app federated-credential list
      Connection:
      - keep-alive
      ParameterSetName:
      - --id
      User-Agent:
      - python/3.10.5 (Windows-10-10.0.19044-SP0) AZURECLI/2.38.0
    method: GET
    uri: https://graph.microsoft.com/v1.0/applications/91daeb4b-50ab-49c4-b5ed-9c41ecf7c088/federatedIdentityCredentials
  response:
    body:
      string: '{"@odata.context":"https://graph.microsoft.com/v1.0/$metadata#applications(''91daeb4b-50ab-49c4-b5ed-9c41ecf7c088'')/federatedIdentityCredentials","value":[]}'
    headers:
      cache-control:
      - no-cache
      content-length:
      - '156'
      content-type:
      - application/json;odata.metadata=minimal;odata.streaming=true;IEEE754Compatible=false;charset=utf-8
      date:
      - Thu, 14 Jul 2022 02:20:18 GMT
      odata-version:
      - '4.0'
      request-id:
      - c4a8e7a7-ce14-4c3a-acf4-ca440621268a
      strict-transport-security:
      - max-age=31536000
      transfer-encoding:
      - chunked
      vary:
      - Accept-Encoding
      x-ms-ags-diagnostic:
      - '{"ServerInfo":{"DataCenter":"Southeast Asia","Slice":"E","Ring":"5","ScaleUnit":"002","RoleInstance":"SG1PEPF0000252C"}}'
      x-ms-resource-unit:
      - '1'
    status:
      code: 200
      message: OK
- request:
    body: null
    headers:
      Accept:
      - '*/*'
      Accept-Encoding:
      - gzip, deflate
      CommandName:
      - ad app show
      Connection:
      - keep-alive
      ParameterSetName:
      - --id
      User-Agent:
      - python/3.10.5 (Windows-10-10.0.19044-SP0) AZURECLI/2.38.0
    method: GET
    uri: https://graph.microsoft.com/v1.0/applications?$filter=appId%20eq%20%2778b2c98e-bb2c-4926-b765-90bcce681177%27
  response:
    body:
      string: '{"@odata.context":"https://graph.microsoft.com/v1.0/$metadata#applications","value":[{"id":"91daeb4b-50ab-49c4-b5ed-9c41ecf7c088","deletedDateTime":null,"appId":"78b2c98e-bb2c-4926-b765-90bcce681177","applicationTemplateId":null,"disabledByMicrosoftStatus":null,"createdDateTime":"2022-07-14T02:19:59Z","displayName":"azure-cli-test000001","description":null,"groupMembershipClaims":null,"identifierUris":[],"isDeviceOnlyAuthSupported":null,"isFallbackPublicClient":null,"notes":null,"publisherDomain":"AzureSDKTeam.onmicrosoft.com","serviceManagementReference":null,"signInAudience":"AzureADandPersonalMicrosoftAccount","tags":[],"tokenEncryptionKeyId":null,"defaultRedirectUri":null,"certification":null,"optionalClaims":null,"addIns":[],"api":{"acceptMappedClaims":null,"knownClientApplications":[],"requestedAccessTokenVersion":2,"oauth2PermissionScopes":[],"preAuthorizedApplications":[]},"appRoles":[],"info":{"logoUrl":null,"marketingUrl":null,"privacyStatementUrl":null,"supportUrl":null,"termsOfServiceUrl":null},"keyCredentials":[],"parentalControlSettings":{"countriesBlockedForMinors":[],"legalAgeGroupRule":"Allow"},"passwordCredentials":[],"publicClient":{"redirectUris":[]},"requiredResourceAccess":[],"verifiedPublisher":{"displayName":null,"verifiedPublisherId":null,"addedDateTime":null},"web":{"homePageUrl":null,"logoutUrl":null,"redirectUris":[],"implicitGrantSettings":{"enableAccessTokenIssuance":false,"enableIdTokenIssuance":false}},"spa":{"redirectUris":[]}}]}'
    headers:
      cache-control:
      - no-cache
      content-length:
      - '1486'
      content-type:
      - application/json;odata.metadata=minimal;odata.streaming=true;IEEE754Compatible=false;charset=utf-8
      date:
      - Thu, 14 Jul 2022 02:20:18 GMT
      odata-version:
      - '4.0'
      request-id:
      - 818b4ce4-81ac-4d86-9ddd-5fe4f91e08d7
      strict-transport-security:
      - max-age=31536000
      transfer-encoding:
      - chunked
      vary:
      - Accept-Encoding
      x-ms-ags-diagnostic:
      - '{"ServerInfo":{"DataCenter":"Southeast Asia","Slice":"E","Ring":"5","ScaleUnit":"002","RoleInstance":"SG1PEPF000037ED"}}'
      x-ms-resource-unit:
      - '2'
    status:
      code: 200
      message: OK
- request:
    body: null
    headers:
      Accept:
      - '*/*'
      Accept-Encoding:
      - gzip, deflate
      CommandName:
      - ad app show
      Connection:
      - keep-alive
      ParameterSetName:
      - --id
      User-Agent:
      - python/3.10.5 (Windows-10-10.0.19044-SP0) AZURECLI/2.38.0
    method: GET
    uri: https://graph.microsoft.com/v1.0/applications/91daeb4b-50ab-49c4-b5ed-9c41ecf7c088
  response:
    body:
      string: '{"@odata.context":"https://graph.microsoft.com/v1.0/$metadata#applications/$entity","id":"91daeb4b-50ab-49c4-b5ed-9c41ecf7c088","deletedDateTime":null,"appId":"78b2c98e-bb2c-4926-b765-90bcce681177","applicationTemplateId":null,"disabledByMicrosoftStatus":null,"createdDateTime":"2022-07-14T02:19:59Z","displayName":"azure-cli-test000001","description":null,"groupMembershipClaims":null,"identifierUris":[],"isDeviceOnlyAuthSupported":null,"isFallbackPublicClient":null,"notes":null,"publisherDomain":"AzureSDKTeam.onmicrosoft.com","serviceManagementReference":null,"signInAudience":"AzureADandPersonalMicrosoftAccount","tags":[],"tokenEncryptionKeyId":null,"defaultRedirectUri":null,"certification":null,"optionalClaims":null,"addIns":[],"api":{"acceptMappedClaims":null,"knownClientApplications":[],"requestedAccessTokenVersion":2,"oauth2PermissionScopes":[],"preAuthorizedApplications":[]},"appRoles":[],"info":{"logoUrl":null,"marketingUrl":null,"privacyStatementUrl":null,"supportUrl":null,"termsOfServiceUrl":null},"keyCredentials":[],"parentalControlSettings":{"countriesBlockedForMinors":[],"legalAgeGroupRule":"Allow"},"passwordCredentials":[],"publicClient":{"redirectUris":[]},"requiredResourceAccess":[],"verifiedPublisher":{"displayName":null,"verifiedPublisherId":null,"addedDateTime":null},"web":{"homePageUrl":null,"logoutUrl":null,"redirectUris":[],"implicitGrantSettings":{"enableAccessTokenIssuance":false,"enableIdTokenIssuance":false}},"spa":{"redirectUris":[]}}'
    headers:
      cache-control:
      - no-cache
      content-length:
      - '1482'
      content-type:
      - application/json;odata.metadata=minimal;odata.streaming=true;IEEE754Compatible=false;charset=utf-8
      date:
      - Thu, 14 Jul 2022 02:20:19 GMT
      odata-version:
      - '4.0'
      request-id:
      - 77907d3d-a918-411a-9ce6-68c482341bc9
      strict-transport-security:
      - max-age=31536000
      transfer-encoding:
      - chunked
      vary:
      - Accept-Encoding
      x-ms-ags-diagnostic:
      - '{"ServerInfo":{"DataCenter":"Southeast Asia","Slice":"E","Ring":"5","ScaleUnit":"002","RoleInstance":"SG1PEPF00001307"}}'
      x-ms-resource-unit:
      - '1'
    status:
      code: 200
      message: OK
- request:
    body: null
    headers:
      Accept:
      - '*/*'
      Accept-Encoding:
      - gzip, deflate
      CommandName:
      - ad app delete
      Connection:
      - keep-alive
      ParameterSetName:
      - --id
      User-Agent:
      - python/3.10.5 (Windows-10-10.0.19044-SP0) AZURECLI/2.38.0
    method: GET
    uri: https://graph.microsoft.com/v1.0/applications?$filter=appId%20eq%20%2778b2c98e-bb2c-4926-b765-90bcce681177%27
  response:
    body:
      string: '{"@odata.context":"https://graph.microsoft.com/v1.0/$metadata#applications","value":[{"id":"91daeb4b-50ab-49c4-b5ed-9c41ecf7c088","deletedDateTime":null,"appId":"78b2c98e-bb2c-4926-b765-90bcce681177","applicationTemplateId":null,"disabledByMicrosoftStatus":null,"createdDateTime":"2022-07-14T02:19:59Z","displayName":"azure-cli-test000001","description":null,"groupMembershipClaims":null,"identifierUris":[],"isDeviceOnlyAuthSupported":null,"isFallbackPublicClient":null,"notes":null,"publisherDomain":"AzureSDKTeam.onmicrosoft.com","serviceManagementReference":null,"signInAudience":"AzureADandPersonalMicrosoftAccount","tags":[],"tokenEncryptionKeyId":null,"defaultRedirectUri":null,"certification":null,"optionalClaims":null,"addIns":[],"api":{"acceptMappedClaims":null,"knownClientApplications":[],"requestedAccessTokenVersion":2,"oauth2PermissionScopes":[],"preAuthorizedApplications":[]},"appRoles":[],"info":{"logoUrl":null,"marketingUrl":null,"privacyStatementUrl":null,"supportUrl":null,"termsOfServiceUrl":null},"keyCredentials":[],"parentalControlSettings":{"countriesBlockedForMinors":[],"legalAgeGroupRule":"Allow"},"passwordCredentials":[],"publicClient":{"redirectUris":[]},"requiredResourceAccess":[],"verifiedPublisher":{"displayName":null,"verifiedPublisherId":null,"addedDateTime":null},"web":{"homePageUrl":null,"logoutUrl":null,"redirectUris":[],"implicitGrantSettings":{"enableAccessTokenIssuance":false,"enableIdTokenIssuance":false}},"spa":{"redirectUris":[]}}]}'
    headers:
      cache-control:
      - no-cache
      content-length:
      - '1486'
      content-type:
      - application/json;odata.metadata=minimal;odata.streaming=true;IEEE754Compatible=false;charset=utf-8
      date:
      - Thu, 14 Jul 2022 02:20:20 GMT
      odata-version:
      - '4.0'
      request-id:
      - 38f5d113-448e-4065-9134-b7aaea265463
      strict-transport-security:
      - max-age=31536000
      transfer-encoding:
      - chunked
      vary:
      - Accept-Encoding
      x-ms-ags-diagnostic:
      - '{"ServerInfo":{"DataCenter":"Southeast Asia","Slice":"E","Ring":"5","ScaleUnit":"002","RoleInstance":"SG1PEPF000037E8"}}'
      x-ms-resource-unit:
      - '2'
    status:
      code: 200
      message: OK
- request:
    body: null
    headers:
      Accept:
      - '*/*'
      Accept-Encoding:
      - gzip, deflate
      CommandName:
      - ad app delete
      Connection:
      - keep-alive
      Content-Length:
      - '0'
      ParameterSetName:
      - --id
      User-Agent:
      - python/3.10.5 (Windows-10-10.0.19044-SP0) AZURECLI/2.38.0
    method: DELETE
    uri: https://graph.microsoft.com/v1.0/applications/91daeb4b-50ab-49c4-b5ed-9c41ecf7c088
  response:
    body:
      string: ''
    headers:
      cache-control:
      - no-cache
      date:
      - Thu, 14 Jul 2022 02:20:22 GMT
      request-id:
      - 5f4ae720-ddf0-4b74-aeb5-5124e3d7fc99
      strict-transport-security:
      - max-age=31536000
      x-ms-ags-diagnostic:
      - '{"ServerInfo":{"DataCenter":"Southeast Asia","Slice":"E","Ring":"5","ScaleUnit":"002","RoleInstance":"SG1PEPF000028EC"}}'
      x-ms-resource-unit:
      - '1'
    status:
      code: 204
      message: No Content
- request:
    body: null
    headers:
      Accept:
      - '*/*'
      Accept-Encoding:
      - gzip, deflate
      CommandName:
      - rest
      Connection:
      - keep-alive
      Content-Length:
      - '0'
      ParameterSetName:
      - --method --url
      User-Agent:
      - python/3.10.5 (Windows-10-10.0.19044-SP0) AZURECLI/2.38.0
    method: DELETE
    uri: https://graph.microsoft.com/v1.0/directory/deletedItems/91daeb4b-50ab-49c4-b5ed-9c41ecf7c088
  response:
    body:
      string: ''
    headers:
      cache-control:
      - no-cache
      date:
      - Thu, 14 Jul 2022 02:20:24 GMT
      request-id:
      - f2eb6f12-e1f0-41e8-a6fc-f0e2b8a0ff3f
      strict-transport-security:
      - max-age=31536000
      x-ms-ags-diagnostic:
      - '{"ServerInfo":{"DataCenter":"Southeast Asia","Slice":"E","Ring":"5","ScaleUnit":"002","RoleInstance":"SG1PEPF000037E8"}}'
      x-ms-resource-unit:
      - '1'
    status:
      code: 204
      message: No Content
version: 1
