interactions:
- request:
    body: '{"accountEnabled": true, "displayName": "deleteme1", "passwordProfile":
      {"password": "Test1234!!", "forceChangePasswordNextLogin": false}, "userPrincipalName":
      "deleteme1@example.com", "mailNickname": "deleteme1"}'
    headers:
      Accept:
      - application/json
      Accept-Encoding:
      - gzip, deflate
      CommandName:
      - ad user create
      Connection:
      - keep-alive
      Content-Length:
      - '230'
      Content-Type:
      - application/json; charset=utf-8
      ParameterSetName:
      - --display-name --password --user-principal-name
      User-Agent:
      - python/3.7.4 (Windows-10-10.0.18362-SP0) msrest/0.6.9 msrest_azure/0.6.2 azure-graphrbac/0.60.0
        Azure-SDK-For-Python AZURECLI/2.0.75
      accept-language:
      - en-US
    method: POST
    uri: https://graph.windows.net/00000000-0000-0000-0000-000000000000/users?api-version=1.6
  response:
    body:
      string: '{"odata.metadata":"https://graph.windows.net/00000000-0000-0000-0000-000000000000/$metadata#directoryObjects/@Element","odata.type":"Microsoft.DirectoryServices.User","objectType":"User","objectId":"8afe9b56-0ca2-467d-be4c-d1e723cec326","deletionTimestamp":null,"accountEnabled":true,"ageGroup":null,"assignedLicenses":[],"assignedPlans":[],"city":null,"companyName":null,"consentProvidedForMinor":null,"country":null,"createdDateTime":"2019-10-29T08:02:44Z","creationType":null,"department":null,"dirSyncEnabled":null,"displayName":"deleteme1","employeeId":null,"facsimileTelephoneNumber":null,"givenName":null,"immutableId":null,"isCompromised":null,"jobTitle":null,"lastDirSyncTime":null,"legalAgeGroupClassification":null,"mail":null,"mailNickname":"deleteme1","mobile":null,"onPremisesDistinguishedName":null,"onPremisesSecurityIdentifier":null,"otherMails":[],"passwordPolicies":null,"passwordProfile":null,"physicalDeliveryOfficeName":null,"postalCode":null,"preferredLanguage":null,"provisionedPlans":[],"provisioningErrors":[],"proxyAddresses":[],"refreshTokensValidFromDateTime":"2019-10-29T08:02:44.775041Z","showInAddressList":null,"signInNames":[],"sipProxyAddress":null,"state":null,"streetAddress":null,"surname":null,"telephoneNumber":null,"thumbnailPhoto@odata.mediaEditLink":"directoryObjects/8afe9b56-0ca2-467d-be4c-d1e723cec326/Microsoft.DirectoryServices.User/thumbnailPhoto","usageLocation":null,"userIdentities":[],"userPrincipalName":"deleteme1@example.com","userState":null,"userStateChangedOn":null,"userType":"Member"}'
    headers:
      access-control-allow-origin:
      - '*'
      cache-control:
      - no-cache
      content-length:
      - '1562'
      content-type:
      - application/json; odata=minimalmetadata; streaming=true; charset=utf-8
      dataserviceversion:
      - 3.0;
      date:
      - Tue, 29 Oct 2019 08:02:44 GMT
      duration:
      - '5497761'
      expires:
      - '-1'
      location:
      - https://graph.windows.net/00000000-0000-0000-0000-000000000000/directoryObjects/8afe9b56-0ca2-467d-be4c-d1e723cec326/Microsoft.DirectoryServices.User
      ocp-aad-diagnostics-server-name:
      - MXtk2KRUe+Pbxfgq6k/d269y526UaR5dGfiehIUvvGs=
      ocp-aad-session-key:
      - 58Pgq89CBXqGu2nmcqL4UTfKnpqU1vRWsKX6ntV7H5aeU790YCYVqXKyXhf23JROqFqMNSSpva9V9Kkhn6hnHHfRQXA_YVEYM6QdmvxI2qt0h_Z8ksoOiRST6hOVNH6xLUlfk4BQuSaMW5Bj41wMVw_WCJK7vqtJ92R0zWPd_IA.XWOrum2G8xtWqfAyHgL5-Pzrpr-X5nJcetRr4VJLHsI
      pragma:
      - no-cache
      request-id:
      - 9117b211-adfa-4623-8a55-eb75340d9c20
      strict-transport-security:
      - max-age=31536000; includeSubDomains
      x-aspnet-version:
      - 4.0.30319
      x-ms-dirapi-data-contract-version:
      - '1.6'
      x-powered-by:
      - ASP.NET
    status:
      code: 201
      message: Created
- request:
    body: '{"accountEnabled": false, "displayName": "deleteme1_new", "mailNickname":
      "deleteme11"}'
    headers:
      Accept:
      - application/json
      Accept-Encoding:
      - gzip, deflate
      CommandName:
      - ad user update
      Connection:
      - keep-alive
      Content-Length:
      - '87'
      Content-Type:
      - application/json; charset=utf-8
      ParameterSetName:
      - --display-name --account-enabled --id --mail-nickname
      User-Agent:
      - python/3.7.4 (Windows-10-10.0.18362-SP0) msrest/0.6.9 msrest_azure/0.6.2 azure-graphrbac/0.60.0
        Azure-SDK-For-Python AZURECLI/2.0.75
      accept-language:
      - en-US
    method: PATCH
    uri: https://graph.windows.net/00000000-0000-0000-0000-000000000000/users/deleteme1%40example.com?api-version=1.6
  response:
    body:
      string: ''
    headers:
      access-control-allow-origin:
      - '*'
      cache-control:
      - no-cache
      date:
      - Tue, 29 Oct 2019 08:02:45 GMT
      duration:
      - '5323225'
      expires:
      - '-1'
      ocp-aad-diagnostics-server-name:
      - AkV9UtCiUg8LGCEhQPY4eHq0Jw2iNgo721VcjaDSPSA=
      ocp-aad-session-key:
      - 7HM1t2CYjIYwhW-vuT2mv4RFLuM3TMoRnoGZsQfIJlWWlW5tZ3nNkdNw3RT2GZxl1FvDImx5yGFznbFH4sXQHSiwIbYjDdxMNk0DL-pLHrxxBwjlcy2Hl71WElttJ0aeTMgt3SGfXIz4qZLM7XO76PaU3y2AZOHyYzs91EHSkIQ.e_C0t2XOvhCD3kzGz-rxEofJndavGFxDF2k82DIBtTQ
      pragma:
      - no-cache
      request-id:
      - c16f1a19-0007-4129-86f4-ad49491a46e9
      strict-transport-security:
      - max-age=31536000; includeSubDomains
      x-aspnet-version:
      - 4.0.30319
      x-ms-dirapi-data-contract-version:
      - '1.6'
      x-powered-by:
      - ASP.NET
    status:
      code: 204
      message: No Content
- request:
    body: null
    headers:
      Accept:
      - application/json
      Accept-Encoding:
      - gzip, deflate
      CommandName:
      - ad user show
      Connection:
      - keep-alive
      ParameterSetName:
      - --upn-or-object-id
      User-Agent:
      - python/3.7.4 (Windows-10-10.0.18362-SP0) msrest/0.6.9 msrest_azure/0.6.2 azure-graphrbac/0.60.0
        Azure-SDK-For-Python AZURECLI/2.0.75
      accept-language:
      - en-US
    method: GET
    uri: https://graph.windows.net/00000000-0000-0000-0000-000000000000/users/deleteme1%40example.com?api-version=1.6
  response:
    body:
      string: '{"odata.metadata":"https://graph.windows.net/00000000-0000-0000-0000-000000000000/$metadata#directoryObjects/@Element","odata.type":"Microsoft.DirectoryServices.User","objectType":"User","objectId":"8afe9b56-0ca2-467d-be4c-d1e723cec326","deletionTimestamp":null,"accountEnabled":false,"ageGroup":null,"assignedLicenses":[],"assignedPlans":[],"city":null,"companyName":null,"consentProvidedForMinor":null,"country":null,"createdDateTime":"2019-10-29T08:02:44Z","creationType":null,"department":null,"dirSyncEnabled":null,"displayName":"deleteme1_new","employeeId":null,"facsimileTelephoneNumber":null,"givenName":null,"immutableId":null,"isCompromised":null,"jobTitle":null,"lastDirSyncTime":null,"legalAgeGroupClassification":null,"mail":null,"mailNickname":"deleteme11","mobile":null,"onPremisesDistinguishedName":null,"onPremisesSecurityIdentifier":null,"otherMails":[],"passwordPolicies":null,"passwordProfile":null,"physicalDeliveryOfficeName":null,"postalCode":null,"preferredLanguage":null,"provisionedPlans":[],"provisioningErrors":[],"proxyAddresses":[],"refreshTokensValidFromDateTime":"2019-10-29T08:02:44Z","showInAddressList":null,"signInNames":[],"sipProxyAddress":null,"state":null,"streetAddress":null,"surname":null,"telephoneNumber":null,"thumbnailPhoto@odata.mediaEditLink":"directoryObjects/8afe9b56-0ca2-467d-be4c-d1e723cec326/Microsoft.DirectoryServices.User/thumbnailPhoto","usageLocation":null,"userIdentities":[],"userPrincipalName":"deleteme1@example.com","userState":null,"userStateChangedOn":null,"userType":"Member"}'
    headers:
      access-control-allow-origin:
      - '*'
      cache-control:
      - no-cache
      content-length:
      - '1561'
      content-type:
      - application/json; odata=minimalmetadata; streaming=true; charset=utf-8
      dataserviceversion:
      - 3.0;
      date:
      - Tue, 29 Oct 2019 08:02:46 GMT
      duration:
      - '2369769'
      expires:
      - '-1'
      ocp-aad-diagnostics-server-name:
      - x6LuulQ1un8YDZ41bRnla0Z326OzLf41m1R/rZlmZOU=
      ocp-aad-session-key:
      - 39GUEN8j_eY6k0SWdFyXG-5KybpHMfL9pY3MW3Xo-sLO5g-YkGjjENzY21qYdv4pMWfdi_ePkurDRHFCFidhvCSvzIXH3D9CGo4WGSXyycPHWd6v09Mt3_IekKfk45Oj988YiOgEosFuDkR5XE6zLdtjpVGMadzJ723axB7NavM.Z2Oig7LMX01EhJHvNgGGT40-S-J80zN77hsPhhSw7NI
      pragma:
      - no-cache
      request-id:
      - 06e8ab9a-2067-4dac-8fde-8a36b21e18eb
      strict-transport-security:
      - max-age=31536000; includeSubDomains
      x-aspnet-version:
      - 4.0.30319
      x-ms-dirapi-data-contract-version:
      - '1.6'
      x-powered-by:
      - ASP.NET
    status:
      code: 200
      message: OK
- request:
    body: '{"passwordProfile": {"password": "Test1234!!"}}'
    headers:
      Accept:
      - application/json
      Accept-Encoding:
      - gzip, deflate
      CommandName:
      - ad user update
      Connection:
      - keep-alive
      Content-Length:
      - '47'
      Content-Type:
      - application/json; charset=utf-8
      ParameterSetName:
      - --id --password
      User-Agent:
      - python/3.7.4 (Windows-10-10.0.18362-SP0) msrest/0.6.9 msrest_azure/0.6.2 azure-graphrbac/0.60.0
        Azure-SDK-For-Python AZURECLI/2.0.75
      accept-language:
      - en-US
    method: PATCH
    uri: https://graph.windows.net/00000000-0000-0000-0000-000000000000/users/deleteme1%40example.com?api-version=1.6
  response:
    body:
      string: ''
    headers:
      access-control-allow-origin:
      - '*'
      cache-control:
      - no-cache
      date:
      - Tue, 29 Oct 2019 08:02:48 GMT
      duration:
      - '6253313'
      expires:
      - '-1'
      ocp-aad-diagnostics-server-name:
      - ocFlU/fImqh8D9fFRArz8LwWbqjNCkgIG9PcWSdqoao=
      ocp-aad-session-key:
      - zUdG2A6tMWY6nWcmrKsbUJTbbaSXtsiALzyLN0jvy4pGHoW1vLmVBB58gXdRVQ2Nev0JXOP-Y2F5PxJctPuB4N9rRENs4L9zMIL-mm4b7bQUHad0eLQcAwveru6AVuFxXggyKMJkeW1BGWzP5ommVzJXbveBQQo-vlMzBhRwlro.3ULfkJIDaQtHi6zWzSots8Zous8aBaFDFud8MGjgZig
      pragma:
      - no-cache
      request-id:
      - a64d9b1d-a268-40ed-b242-0c9416cf5d20
      strict-transport-security:
      - max-age=31536000; includeSubDomains
      x-aspnet-version:
      - 4.0.30319
      x-ms-dirapi-data-contract-version:
      - '1.6'
      x-powered-by:
      - ASP.NET
    status:
      code: 204
      message: No Content
- request:
    body: '{"passwordProfile": {"password": "Test1234!!", "forceChangePasswordNextLogin":
      true}}'
    headers:
      Accept:
      - application/json
      Accept-Encoding:
      - gzip, deflate
      CommandName:
      - ad user update
      Connection:
      - keep-alive
      Content-Length:
      - '85'
      Content-Type:
      - application/json; charset=utf-8
      ParameterSetName:
      - --id --password --force-change-password-next-login
      User-Agent:
      - python/3.7.4 (Windows-10-10.0.18362-SP0) msrest/0.6.9 msrest_azure/0.6.2 azure-graphrbac/0.60.0
        Azure-SDK-For-Python AZURECLI/2.0.75
      accept-language:
      - en-US
    method: PATCH
    uri: https://graph.windows.net/00000000-0000-0000-0000-000000000000/users/deleteme1%40example.com?api-version=1.6
  response:
    body:
      string: ''
    headers:
      access-control-allow-origin:
      - '*'
      cache-control:
      - no-cache
      date:
      - Tue, 29 Oct 2019 08:02:48 GMT
      duration:
      - '6256050'
      expires:
      - '-1'
      ocp-aad-diagnostics-server-name:
      - 0+nBYYNlPnl3/H/fUvx6oeuxW6RMny3hEOAJ2BrjYsU=
      ocp-aad-session-key:
      - 6JnmCruaqJylo_2r339R86uXau0L_xwJvGEYnKCP6FWOejEKRzJMQdPB2chYXO0BQln7LAXMLZN2dp-9SjO021vqoSgxcqd0nmBHEPKLAsyc6gG8lXjD9sYwT3itr2SovvKQMMgOwnfqnF8NiG9u3b9wsAu3SjMsoFhtOueG08E.XLhRPM5RBkn8xLbSt-Zfy-gI-Z7hVC_pkXbnguXsfiA
      pragma:
      - no-cache
      request-id:
      - 66af534f-bf2b-46f5-bf22-f5462f6487b9
      strict-transport-security:
      - max-age=31536000; includeSubDomains
      x-aspnet-version:
      - 4.0.30319
      x-ms-dirapi-data-contract-version:
      - '1.6'
      x-powered-by:
      - ASP.NET
    status:
      code: 204
      message: No Content
- request:
    body: '{"accountEnabled": true, "displayName": "deleteme2", "passwordProfile":
      {"password": "Test1234!!", "forceChangePasswordNextLogin": false}, "userPrincipalName":
      "deleteme2@example.com", "mailNickname": "deleteme2"}'
    headers:
      Accept:
      - application/json
      Accept-Encoding:
      - gzip, deflate
      CommandName:
      - ad user create
      Connection:
      - keep-alive
      Content-Length:
      - '230'
      Content-Type:
      - application/json; charset=utf-8
      ParameterSetName:
      - --display-name --password --user-principal-name
      User-Agent:
      - python/3.7.4 (Windows-10-10.0.18362-SP0) msrest/0.6.9 msrest_azure/0.6.2 azure-graphrbac/0.60.0
        Azure-SDK-For-Python AZURECLI/2.0.75
      accept-language:
      - en-US
    method: POST
    uri: https://graph.windows.net/00000000-0000-0000-0000-000000000000/users?api-version=1.6
  response:
    body:
      string: '{"odata.metadata":"https://graph.windows.net/00000000-0000-0000-0000-000000000000/$metadata#directoryObjects/@Element","odata.type":"Microsoft.DirectoryServices.User","objectType":"User","objectId":"a1991e9b-2df1-4fae-99f3-b600ac5b2148","deletionTimestamp":null,"accountEnabled":true,"ageGroup":null,"assignedLicenses":[],"assignedPlans":[],"city":null,"companyName":null,"consentProvidedForMinor":null,"country":null,"createdDateTime":"2019-10-29T08:02:50Z","creationType":null,"department":null,"dirSyncEnabled":null,"displayName":"deleteme2","employeeId":null,"facsimileTelephoneNumber":null,"givenName":null,"immutableId":null,"isCompromised":null,"jobTitle":null,"lastDirSyncTime":null,"legalAgeGroupClassification":null,"mail":null,"mailNickname":"deleteme2","mobile":null,"onPremisesDistinguishedName":null,"onPremisesSecurityIdentifier":null,"otherMails":[],"passwordPolicies":null,"passwordProfile":null,"physicalDeliveryOfficeName":null,"postalCode":null,"preferredLanguage":null,"provisionedPlans":[],"provisioningErrors":[],"proxyAddresses":[],"refreshTokensValidFromDateTime":"2019-10-29T08:02:50.4643469Z","showInAddressList":null,"signInNames":[],"sipProxyAddress":null,"state":null,"streetAddress":null,"surname":null,"telephoneNumber":null,"thumbnailPhoto@odata.mediaEditLink":"directoryObjects/a1991e9b-2df1-4fae-99f3-b600ac5b2148/Microsoft.DirectoryServices.User/thumbnailPhoto","usageLocation":null,"userIdentities":[],"userPrincipalName":"deleteme2@example.com","userState":null,"userStateChangedOn":null,"userType":"Member"}'
    headers:
      access-control-allow-origin:
      - '*'
      cache-control:
      - no-cache
      content-length:
      - '1563'
      content-type:
      - application/json; odata=minimalmetadata; streaming=true; charset=utf-8
      dataserviceversion:
      - 3.0;
      date:
      - Tue, 29 Oct 2019 08:02:49 GMT
      duration:
      - '6539324'
      expires:
      - '-1'
      location:
      - https://graph.windows.net/00000000-0000-0000-0000-000000000000/directoryObjects/a1991e9b-2df1-4fae-99f3-b600ac5b2148/Microsoft.DirectoryServices.User
      ocp-aad-diagnostics-server-name:
      - WxCDq01gHkt8PEbLuKB23iq/D8gu7Qy5H+1Xe8Cg40Y=
      ocp-aad-session-key:
      - Nh6bKJ5OOwjcbma6NnK2HQ7vsyhwNzrBN91IOt21qKGNqHax-74m9uAQGH1IyUrW_aHXWeZe1-ynrhJBMZGYqvvxxwm4q9WqyzzgjAgPXw5JwEbi8NjHVGWSt2dvPOL4aIt221LwfEnP4TOrLAbbrfy8vCZS6pxAO-WGGlI3ezM.Ghv7YdqheDBmrNj--BK21Jxk7iHlE08Qw4NBb0FIb6Q
      pragma:
      - no-cache
      request-id:
      - 38615718-8d00-48c9-bb6b-b4d6083d7d7c
      strict-transport-security:
      - max-age=31536000; includeSubDomains
      x-aspnet-version:
      - 4.0.30319
      x-ms-dirapi-data-contract-version:
      - '1.6'
      x-powered-by:
      - ASP.NET
    status:
      code: 201
      message: Created
- request:
    body: null
    headers:
      Accept:
      - application/json
      Accept-Encoding:
      - gzip, deflate
      CommandName:
      - ad group create
      Connection:
      - keep-alive
      ParameterSetName:
      - --display-name --mail-nickname
      User-Agent:
      - python/3.7.4 (Windows-10-10.0.18362-SP0) msrest/0.6.9 msrest_azure/0.6.2 azure-graphrbac/0.60.0
        Azure-SDK-For-Python AZURECLI/2.0.75
      accept-language:
      - en-US
    method: GET
    uri: https://graph.windows.net/00000000-0000-0000-0000-000000000000/groups?$filter=displayName%20eq%20%27deleteme_g%27%20and%20mailNickname%20eq%20%27deleteme_g%27&api-version=1.6
  response:
    body:
      string: '{"odata.metadata":"https://graph.windows.net/00000000-0000-0000-0000-000000000000/$metadata#directoryObjects","value":[]}'
    headers:
      access-control-allow-origin:
      - '*'
      cache-control:
      - no-cache
      content-length:
      - '121'
      content-type:
      - application/json; odata=minimalmetadata; streaming=true; charset=utf-8
      dataserviceversion:
      - 3.0;
      date:
      - Tue, 29 Oct 2019 08:02:51 GMT
      duration:
      - '2289660'
      expires:
      - '-1'
      ocp-aad-diagnostics-server-name:
      - 5i9CxkA3n98WqiB7OXfEZKpnX5njqVB9a51ZAoJ1dl8=
      ocp-aad-session-key:
      - HAHsDOPYb1pFo4Zep_DKOkQcWizRd7QqOIMYcawu5OwwKeL3TIYYBinJfvZA8iKH3foziTt8WVZJA5TqbTbOyK0kco2BFzwBpXCC75L-aNbqgANW_wX-l8y98DdRK6eceOpY88-YEZ4tJWPp6ZYSxY4DMaXOXn9gc2AeG3NkQHI.YSM6pto0d7DOgMMyqKj85y_k0MPN9fHMbh4tUNHD7vo
      pragma:
      - no-cache
      request-id:
      - 1bf0eb1c-c282-4620-8c12-043b6304245d
      strict-transport-security:
      - max-age=31536000; includeSubDomains
      x-aspnet-version:
      - 4.0.30319
      x-ms-dirapi-data-contract-version:
      - '1.6'
      x-powered-by:
      - ASP.NET
    status:
      code: 200
      message: OK
- request:
    body: '{"displayName": "deleteme_g", "mailEnabled": false, "mailNickname": "deleteme_g",
      "securityEnabled": true}'
    headers:
      Accept:
      - application/json
      Accept-Encoding:
      - gzip, deflate
      CommandName:
      - ad group create
      Connection:
      - keep-alive
      Content-Length:
      - '106'
      Content-Type:
      - application/json; charset=utf-8
      ParameterSetName:
      - --display-name --mail-nickname
      User-Agent:
      - python/3.7.4 (Windows-10-10.0.18362-SP0) msrest/0.6.9 msrest_azure/0.6.2 azure-graphrbac/0.60.0
        Azure-SDK-For-Python AZURECLI/2.0.75
      accept-language:
      - en-US
    method: POST
    uri: https://graph.windows.net/00000000-0000-0000-0000-000000000000/groups?api-version=1.6
  response:
    body:
      string: '{"odata.metadata":"https://graph.windows.net/00000000-0000-0000-0000-000000000000/$metadata#directoryObjects/@Element","odata.type":"Microsoft.DirectoryServices.Group","objectType":"Group","objectId":"d0c7bc9a-29fa-447e-b63a-d4b1ba55d166","deletionTimestamp":null,"description":null,"dirSyncEnabled":null,"displayName":"deleteme_g","lastDirSyncTime":null,"mail":null,"mailNickname":"deleteme_g","mailEnabled":false,"onPremisesDomainName":null,"onPremisesNetBiosName":null,"onPremisesSamAccountName":null,"onPremisesSecurityIdentifier":null,"provisioningErrors":[],"proxyAddresses":[],"securityEnabled":true}'
    headers:
      access-control-allow-origin:
      - '*'
      cache-control:
      - no-cache
      content-length:
      - '607'
      content-type:
      - application/json; odata=minimalmetadata; streaming=true; charset=utf-8
      dataserviceversion:
      - 3.0;
      date:
      - Tue, 29 Oct 2019 08:02:52 GMT
      duration:
      - '5137166'
      expires:
      - '-1'
      location:
      - https://graph.windows.net/00000000-0000-0000-0000-000000000000/directoryObjects/d0c7bc9a-29fa-447e-b63a-d4b1ba55d166/Microsoft.DirectoryServices.Group
      ocp-aad-diagnostics-server-name:
      - MyXkuuucvtfqmuBsmOmbpR1a2jnRcnaf21J/umpfIQI=
      ocp-aad-session-key:
      - fjXs-F3EbABrVWFzDwwaZdNndXo_LZ_AG0rRl8iVgDMNZil_FDtRWuuzV3FTc1LXyt-39tOsXiUlWkBgc5w12RzSoUS5eatelnU67jJIhYLM4YAmYp-4GyhZLRJp3C5MTN1i38gMazp2YRZvz7v26Mi6Rc3PwH4vXIBNS9beI7c.Ed1_se94PXWxkbqgXCXMuXvWp7qmYULC5YdZnmdeNjo
      pragma:
      - no-cache
      request-id:
      - 3babb4cc-30d8-44dd-8fa7-a51a51fbf27f
      strict-transport-security:
      - max-age=31536000; includeSubDomains
      x-aspnet-version:
      - 4.0.30319
      x-ms-dirapi-data-contract-version:
      - '1.6'
      x-powered-by:
      - ASP.NET
    status:
      code: 201
      message: Created
- request:
    body: null
    headers:
      Accept:
      - application/json
      Accept-Encoding:
      - gzip, deflate
      CommandName:
      - ad group member add
      Connection:
      - keep-alive
      ParameterSetName:
      - -g --member-id
      User-Agent:
      - python/3.7.4 (Windows-10-10.0.18362-SP0) msrest/0.6.9 msrest_azure/0.6.2 azure-graphrbac/0.60.0
        Azure-SDK-For-Python AZURECLI/2.0.75
      accept-language:
      - en-US
    method: GET
    uri: https://graph.windows.net/00000000-0000-0000-0000-000000000000/groups?$filter=startswith%28displayName%2C%27deleteme_g%27%29%20or%20displayName%20eq%20%27deleteme_g%27&api-version=1.6
  response:
    body:
      string: '{"odata.metadata":"https://graph.windows.net/00000000-0000-0000-0000-000000000000/$metadata#directoryObjects","value":[{"odata.type":"Microsoft.DirectoryServices.Group","objectType":"Group","objectId":"d0c7bc9a-29fa-447e-b63a-d4b1ba55d166","deletionTimestamp":null,"description":null,"dirSyncEnabled":null,"displayName":"deleteme_g","lastDirSyncTime":null,"mail":null,"mailNickname":"deleteme_g","mailEnabled":false,"onPremisesDomainName":null,"onPremisesNetBiosName":null,"onPremisesSamAccountName":null,"onPremisesSecurityIdentifier":null,"provisioningErrors":[],"proxyAddresses":[],"securityEnabled":true}]}'
    headers:
      access-control-allow-origin:
      - '*'
      cache-control:
      - no-cache
      content-length:
      - '610'
      content-type:
      - application/json; odata=minimalmetadata; streaming=true; charset=utf-8
      dataserviceversion:
      - 3.0;
      date:
      - Tue, 29 Oct 2019 08:02:53 GMT
      duration:
      - '2589068'
      expires:
      - '-1'
      ocp-aad-diagnostics-server-name:
      - BoymsOIHYhC2MMynPFwfbh3Zcc5hQ254oHjnaQqr2fU=
      ocp-aad-session-key:
      - h77y_5ZWU0SKDgOHNIlRaNGP_TuvRXIZ5wo2wKDE5DF8VendtDggClAswS_7X_bB0keivtCzetdeGGDg1ZuRGvyimyKupLCnRYqNKxYeCrT2JKwhqSauMEGrqvZC3QQDjwNMJmpUp3GAekf2yVrMX0HU9vd30OL_GnEHIlBfTE0.kme4vTIqAmS0DyiAkLpooYRAv-Y0ctoyX8c5ix25hjI
      pragma:
      - no-cache
      request-id:
      - 1c1ef9db-dbfe-4d44-a02a-f22696dda434
      strict-transport-security:
      - max-age=31536000; includeSubDomains
      x-aspnet-version:
      - 4.0.30319
      x-ms-dirapi-data-contract-version:
      - '1.6'
      x-powered-by:
      - ASP.NET
    status:
      code: 200
      message: OK
- request:
    body: '{"url": "https://graph.windows.net/00000000-0000-0000-0000-000000000000/directoryObjects/8afe9b56-0ca2-467d-be4c-d1e723cec326"}'
    headers:
      Accept:
      - application/json
      Accept-Encoding:
      - gzip, deflate
      CommandName:
      - ad group member add
      Connection:
      - keep-alive
      Content-Length:
      - '127'
      Content-Type:
      - application/json; charset=utf-8
      ParameterSetName:
      - -g --member-id
      User-Agent:
      - python/3.7.4 (Windows-10-10.0.18362-SP0) msrest/0.6.9 msrest_azure/0.6.2 azure-graphrbac/0.60.0
        Azure-SDK-For-Python AZURECLI/2.0.75
      accept-language:
      - en-US
    method: POST
    uri: https://graph.windows.net/00000000-0000-0000-0000-000000000000/groups/d0c7bc9a-29fa-447e-b63a-d4b1ba55d166/$links/members?api-version=1.6
  response:
    body:
      string: ''
    headers:
      access-control-allow-origin:
      - '*'
      cache-control:
      - no-cache
      date:
      - Tue, 29 Oct 2019 08:02:54 GMT
      duration:
      - '5235106'
      expires:
      - '-1'
      ocp-aad-diagnostics-server-name:
      - u7auLI8bGZz5io5VygnUMGJArmnPgyC4vJs1U0xDOW0=
      ocp-aad-session-key:
      - 3YVy8d0ttmfawIXWzgE6jkTmkOawzFb7JnUeprIDL_kPth_aj7UrUd0WV1P2vx7Sfa1Y5ZQbM0biqkj6G-YFOadSm4OQr2TnBWrZoovvk82JnUgX3qOAPIw1hG3R2sfIP39wpDgD1BDB9s78IEkpmr1xaAVIlcenvXZdzeCeJbU.xmDyzG-Qc6TyXSDpA_EO9usODUhE-iMl-YNKBSsK9Zg
      pragma:
      - no-cache
      request-id:
      - da892016-5aac-472f-bbf9-44a66214fda3
      strict-transport-security:
      - max-age=31536000; includeSubDomains
      x-aspnet-version:
      - 4.0.30319
      x-ms-dirapi-data-contract-version:
      - '1.6'
      x-powered-by:
      - ASP.NET
    status:
      code: 204
      message: No Content
- request:
    body: null
    headers:
      Accept:
      - application/json
      Accept-Encoding:
      - gzip, deflate
      CommandName:
      - ad group member add
      Connection:
      - keep-alive
      ParameterSetName:
      - -g --member-id
      User-Agent:
      - python/3.7.4 (Windows-10-10.0.18362-SP0) msrest/0.6.9 msrest_azure/0.6.2 azure-graphrbac/0.60.0
        Azure-SDK-For-Python AZURECLI/2.0.75
      accept-language:
      - en-US
    method: GET
    uri: https://graph.windows.net/00000000-0000-0000-0000-000000000000/groups?$filter=startswith%28displayName%2C%27deleteme_g%27%29%20or%20displayName%20eq%20%27deleteme_g%27&api-version=1.6
  response:
    body:
      string: '{"odata.metadata":"https://graph.windows.net/00000000-0000-0000-0000-000000000000/$metadata#directoryObjects","value":[{"odata.type":"Microsoft.DirectoryServices.Group","objectType":"Group","objectId":"d0c7bc9a-29fa-447e-b63a-d4b1ba55d166","deletionTimestamp":null,"description":null,"dirSyncEnabled":null,"displayName":"deleteme_g","lastDirSyncTime":null,"mail":null,"mailNickname":"deleteme_g","mailEnabled":false,"onPremisesDomainName":null,"onPremisesNetBiosName":null,"onPremisesSamAccountName":null,"onPremisesSecurityIdentifier":null,"provisioningErrors":[],"proxyAddresses":[],"securityEnabled":true}]}'
    headers:
      access-control-allow-origin:
      - '*'
      cache-control:
      - no-cache
      content-length:
      - '610'
      content-type:
      - application/json; odata=minimalmetadata; streaming=true; charset=utf-8
      dataserviceversion:
      - 3.0;
      date:
      - Tue, 29 Oct 2019 08:02:55 GMT
      duration:
      - '2352920'
      expires:
      - '-1'
      ocp-aad-diagnostics-server-name:
      - 7px8zq9pYf31lSberSxJFO7YDV3oyGxpVViHcVWbOLc=
      ocp-aad-session-key:
      - vw6i1F7M-CLyKWhw_uwp1-0QJ5WAQfTsBED6dzJYbO7KssdR1Zr0Mx4dqCYf3BN72bT8B5GirtsNANGrwQrpU-OINrczHRQ70RXBImWx4FP8jJkZF_QzhgVqo54T2_t4rbhVLEcuqFKoSF5O4BZ94hnKjiLsMTmcUBDpS1PCVtI.G9Ipv1z6XPGb8fUS8LkGNOAI0mklR9CiUNhrg7VEYoc
      pragma:
      - no-cache
      request-id:
      - 5a8fa359-23b9-4a5b-af4b-dfb08af12a19
      strict-transport-security:
      - max-age=31536000; includeSubDomains
      x-aspnet-version:
      - 4.0.30319
      x-ms-dirapi-data-contract-version:
      - '1.6'
      x-powered-by:
      - ASP.NET
    status:
      code: 200
      message: OK
- request:
    body: '{"url": "https://graph.windows.net/00000000-0000-0000-0000-000000000000/directoryObjects/a1991e9b-2df1-4fae-99f3-b600ac5b2148"}'
    headers:
      Accept:
      - application/json
      Accept-Encoding:
      - gzip, deflate
      CommandName:
      - ad group member add
      Connection:
      - keep-alive
      Content-Length:
      - '127'
      Content-Type:
      - application/json; charset=utf-8
      ParameterSetName:
      - -g --member-id
      User-Agent:
      - python/3.7.4 (Windows-10-10.0.18362-SP0) msrest/0.6.9 msrest_azure/0.6.2 azure-graphrbac/0.60.0
        Azure-SDK-For-Python AZURECLI/2.0.75
      accept-language:
      - en-US
    method: POST
    uri: https://graph.windows.net/00000000-0000-0000-0000-000000000000/groups/d0c7bc9a-29fa-447e-b63a-d4b1ba55d166/$links/members?api-version=1.6
  response:
    body:
      string: ''
    headers:
      access-control-allow-origin:
      - '*'
      cache-control:
      - no-cache
      date:
      - Tue, 29 Oct 2019 08:02:55 GMT
      duration:
      - '5200024'
      expires:
      - '-1'
      ocp-aad-diagnostics-server-name:
      - o4mtn766BqWnqnmAzDoh8d9QF3zgpqV7Ffz6nTebetU=
      ocp-aad-session-key:
      - R_ex-9B2c1jAB_GvxxeCAp-Npve8id_ZE27_E70KYlMc5pRQ20UyDSbsmPI8BZTUdUe91AdpJrbQ8-xW-eEHc05cIWBuNmNUrkLCNUvpu-H5R30-FWEwHrzROc_Cabl4o5UEJiVuHWaXB80-Rj7zzP0JMwZjLhW5bMZcrElZZEc.XhXobk-eXnxHN_IE_iRIkoR-eLY887490_qx1qOmyqM
      pragma:
      - no-cache
      request-id:
      - 29ba7592-d23b-49f6-b80e-2985b26832ac
      strict-transport-security:
      - max-age=31536000; includeSubDomains
      x-aspnet-version:
      - 4.0.30319
      x-ms-dirapi-data-contract-version:
      - '1.6'
      x-powered-by:
      - ASP.NET
    status:
      code: 204
      message: No Content
- request:
    body: '{"securityEnabledOnly": false}'
    headers:
      Accept:
      - application/json
      Accept-Encoding:
      - gzip, deflate
      CommandName:
      - ad user get-member-groups
      Connection:
      - keep-alive
      Content-Length:
      - '30'
      Content-Type:
      - application/json; charset=utf-8
      ParameterSetName:
      - --upn-or-object-id
      User-Agent:
      - python/3.7.4 (Windows-10-10.0.18362-SP0) msrest/0.6.9 msrest_azure/0.6.2 azure-graphrbac/0.60.0
        Azure-SDK-For-Python AZURECLI/2.0.75
      accept-language:
      - en-US
    method: POST
    uri: https://graph.windows.net/00000000-0000-0000-0000-000000000000/users/8afe9b56-0ca2-467d-be4c-d1e723cec326/getMemberGroups?api-version=1.6
  response:
    body:
      string: '{"odata.metadata":"https://graph.windows.net/00000000-0000-0000-0000-000000000000/$metadata#Collection(Edm.String)","value":["d0c7bc9a-29fa-447e-b63a-d4b1ba55d166"]}'
    headers:
      access-control-allow-origin:
      - '*'
      cache-control:
      - no-cache
      content-length:
      - '165'
      content-type:
      - application/json; odata=minimalmetadata; streaming=true; charset=utf-8
      dataserviceversion:
      - 3.0;
      date:
      - Tue, 29 Oct 2019 08:02:56 GMT
      duration:
      - '4374590'
      expires:
      - '-1'
      ocp-aad-diagnostics-server-name:
      - 1K8OkAggl/7n8gRFRTrj6dGeUxfOr2uRL7vGQyv0S8k=
      ocp-aad-session-key:
      - cMoUf1CT5IJeh5oVv1POg0cwspYv8N4RJsSKSS0UVHzZU2C8zrdR8fLVsDRucAukkhIG0MftUJl3Vr0A72TJ9SBuiATJ-ys_4_bhhXUCm4ffkT2Bonhj65hujDgKvK1lEcp0zc41xFwngs3XKrY_O4ada7YrzgPhUrXjIVX8Hq8.gCjk0JEWVf914SzEgF5jVtZ9navb2Ig8RbLbXhT60MQ
      pragma:
      - no-cache
      request-id:
      - 03f098ae-e9fb-49f1-acb0-5c122ed0f019
      strict-transport-security:
      - max-age=31536000; includeSubDomains
      x-aspnet-version:
      - 4.0.30319
      x-ms-dirapi-data-contract-version:
      - '1.6'
      x-powered-by:
      - ASP.NET
    status:
      code: 200
      message: OK
- request:
    body: '{"objectIds": ["d0c7bc9a-29fa-447e-b63a-d4b1ba55d166"], "includeDirectoryObjectReferences":
      true}'
    headers:
      Accept:
      - application/json
      Accept-Encoding:
      - gzip, deflate
      CommandName:
      - ad user get-member-groups
      Connection:
      - keep-alive
      Content-Length:
      - '97'
      Content-Type:
      - application/json; charset=utf-8
      ParameterSetName:
      - --upn-or-object-id
      User-Agent:
      - python/3.7.4 (Windows-10-10.0.18362-SP0) msrest/0.6.9 msrest_azure/0.6.2 azure-graphrbac/0.60.0
        Azure-SDK-For-Python AZURECLI/2.0.75
      accept-language:
      - en-US
    method: POST
    uri: https://graph.windows.net/00000000-0000-0000-0000-000000000000/getObjectsByObjectIds?api-version=1.6
  response:
    body:
      string: '{"odata.metadata":"https://graph.windows.net/00000000-0000-0000-0000-000000000000/$metadata#directoryObjects","value":[{"odata.type":"Microsoft.DirectoryServices.Group","objectType":"Group","objectId":"d0c7bc9a-29fa-447e-b63a-d4b1ba55d166","deletionTimestamp":null,"description":null,"dirSyncEnabled":null,"displayName":"deleteme_g","lastDirSyncTime":null,"mail":null,"mailNickname":"deleteme_g","mailEnabled":false,"onPremisesDomainName":null,"onPremisesNetBiosName":null,"onPremisesSamAccountName":null,"onPremisesSecurityIdentifier":null,"provisioningErrors":[],"proxyAddresses":[],"securityEnabled":true}]}'
    headers:
      access-control-allow-origin:
      - '*'
      cache-control:
      - no-cache
      content-length:
      - '610'
      content-type:
      - application/json; odata=minimalmetadata; streaming=true; charset=utf-8
      dataserviceversion:
      - 3.0;
      date:
      - Tue, 29 Oct 2019 08:02:57 GMT
      duration:
      - '4342330'
      expires:
      - '-1'
      ocp-aad-diagnostics-server-name:
      - bsfrAdDlyj7qIcTro246bqyYpLaAQbZcvFel6e/rl58=
      ocp-aad-session-key:
      - ZFj9ajERYhx2YFucYP8ig1EY0AVFoIYKCrtPItBx4BhVSKrH589K2LmH-T0xSFiAYBMyBz0upIGcEnRhCBs2RoboLsvRq12JXBpKeoeg7PW45TLhAy9gdR-wrzQD4lD8lrxVfgTJu1-P4DV1HFnuCq_vXDab5NLK3OVxJTw3wfw.NTPSivnF69cWwUJPy8LcJSKgbRq7djhpoHRFQdrpeTo
      pragma:
      - no-cache
      request-id:
      - cad2bc11-cf5c-4c03-8856-6dfc52a67896
      strict-transport-security:
      - max-age=31536000; includeSubDomains
      x-aspnet-version:
      - 4.0.30319
      x-ms-dirapi-data-contract-version:
      - '1.6'
      x-powered-by:
      - ASP.NET
    status:
      code: 200
      message: OK
- request:
    body: null
    headers:
      Accept:
      - application/json
      Accept-Encoding:
      - gzip, deflate
      CommandName:
      - ad group show
      Connection:
      - keep-alive
      ParameterSetName:
      - -g
      User-Agent:
      - python/3.7.4 (Windows-10-10.0.18362-SP0) msrest/0.6.9 msrest_azure/0.6.2 azure-graphrbac/0.60.0
        Azure-SDK-For-Python AZURECLI/2.0.75
      accept-language:
      - en-US
    method: GET
    uri: https://graph.windows.net/00000000-0000-0000-0000-000000000000/groups?$filter=startswith%28displayName%2C%27deleteme_g%27%29%20or%20displayName%20eq%20%27deleteme_g%27&api-version=1.6
  response:
    body:
      string: '{"odata.metadata":"https://graph.windows.net/00000000-0000-0000-0000-000000000000/$metadata#directoryObjects","value":[{"odata.type":"Microsoft.DirectoryServices.Group","objectType":"Group","objectId":"d0c7bc9a-29fa-447e-b63a-d4b1ba55d166","deletionTimestamp":null,"description":null,"dirSyncEnabled":null,"displayName":"deleteme_g","lastDirSyncTime":null,"mail":null,"mailNickname":"deleteme_g","mailEnabled":false,"onPremisesDomainName":null,"onPremisesNetBiosName":null,"onPremisesSamAccountName":null,"onPremisesSecurityIdentifier":null,"provisioningErrors":[],"proxyAddresses":[],"securityEnabled":true}]}'
    headers:
      access-control-allow-origin:
      - '*'
      cache-control:
      - no-cache
      content-length:
      - '610'
      content-type:
      - application/json; odata=minimalmetadata; streaming=true; charset=utf-8
      dataserviceversion:
      - 3.0;
      date:
      - Tue, 29 Oct 2019 08:02:57 GMT
      duration:
      - '2364786'
      expires:
      - '-1'
      ocp-aad-diagnostics-server-name:
      - kNJiTinKlNryl3Gf8FO1oKWzfVwgYSuwCnwKwzCocw0=
      ocp-aad-session-key:
      - qwqIWdtZim5ypX-McOaVumxpsSNqK_DyKfbNjp7vpjujeFlyZSTyU36O6tYmVRTpVooQX3DA7Aj_-PVi70WUb7fuMNebSlY0Cr3dDnWqUqFC8yqQzi3ej2fBmLFu_7qzFvS_L30JAU6xsRxFo-rHxdv-Q87U2ra8uMu9fCdEQUw.eZwp0irgOOGhibA951o4cEITrmPN0qqynsDQGVwFyrI
      pragma:
      - no-cache
      request-id:
      - 4ef06b9e-7f3f-4151-81f4-90eb3fb8b71f
      strict-transport-security:
      - max-age=31536000; includeSubDomains
      x-aspnet-version:
      - 4.0.30319
      x-ms-dirapi-data-contract-version:
      - '1.6'
      x-powered-by:
      - ASP.NET
    status:
      code: 200
      message: OK
- request:
    body: null
    headers:
      Accept:
      - application/json
      Accept-Encoding:
      - gzip, deflate
      CommandName:
      - ad group show
      Connection:
      - keep-alive
      ParameterSetName:
      - -g
      User-Agent:
      - python/3.7.4 (Windows-10-10.0.18362-SP0) msrest/0.6.9 msrest_azure/0.6.2 azure-graphrbac/0.60.0
        Azure-SDK-For-Python AZURECLI/2.0.75
      accept-language:
      - en-US
    method: GET
    uri: https://graph.windows.net/00000000-0000-0000-0000-000000000000/groups/d0c7bc9a-29fa-447e-b63a-d4b1ba55d166?api-version=1.6
  response:
    body:
      string: '{"odata.metadata":"https://graph.windows.net/00000000-0000-0000-0000-000000000000/$metadata#directoryObjects/@Element","odata.type":"Microsoft.DirectoryServices.Group","objectType":"Group","objectId":"d0c7bc9a-29fa-447e-b63a-d4b1ba55d166","deletionTimestamp":null,"description":null,"dirSyncEnabled":null,"displayName":"deleteme_g","lastDirSyncTime":null,"mail":null,"mailNickname":"deleteme_g","mailEnabled":false,"onPremisesDomainName":null,"onPremisesNetBiosName":null,"onPremisesSamAccountName":null,"onPremisesSecurityIdentifier":null,"provisioningErrors":[],"proxyAddresses":[],"securityEnabled":true}'
    headers:
      access-control-allow-origin:
      - '*'
      cache-control:
      - no-cache
      content-length:
      - '607'
      content-type:
      - application/json; odata=minimalmetadata; streaming=true; charset=utf-8
      dataserviceversion:
      - 3.0;
      date:
      - Tue, 29 Oct 2019 08:02:58 GMT
      duration:
      - '2585191'
      expires:
      - '-1'
      ocp-aad-diagnostics-server-name:
      - kBih7fSyN4KBVbbQbefvyTLr/UFDpjbEhYoFfqqwsMs=
      ocp-aad-session-key:
      - HbVBwxebgjLdO33-DpUcgWXVSw4vAcS0UMKJtg41wESFxeRG47q9Us28TrluVzc7n9PEeA04CYkZkXuYrvWMIEkg4nnuAwhvMqtP7aDLhOB58jjqzCz4SyObEzF3m4rgOl9gi5H8AsrE1OY8dOQV4HIC0EegEoN2o8oNNbw6IJI.dlcDVKZuEdn4o0gzC3AJVQAu_YAponYvuTei4eoh2u4
      pragma:
      - no-cache
      request-id:
      - b729bd2d-57e0-4eba-88de-9f937061d55c
      strict-transport-security:
      - max-age=31536000; includeSubDomains
      x-aspnet-version:
      - 4.0.30319
      x-ms-dirapi-data-contract-version:
      - '1.6'
      x-powered-by:
      - ASP.NET
    status:
      code: 200
      message: OK
- request:
    body: null
    headers:
      Accept:
      - application/json
      Accept-Encoding:
      - gzip, deflate
      CommandName:
      - ad group show
      Connection:
      - keep-alive
      ParameterSetName:
      - -g
      User-Agent:
      - python/3.7.4 (Windows-10-10.0.18362-SP0) msrest/0.6.9 msrest_azure/0.6.2 azure-graphrbac/0.60.0
        Azure-SDK-For-Python AZURECLI/2.0.75
      accept-language:
      - en-US
    method: GET
    uri: https://graph.windows.net/00000000-0000-0000-0000-000000000000/groups?$filter=startswith%28displayName%2C%27deleteme_g%27%29%20or%20displayName%20eq%20%27deleteme_g%27&api-version=1.6
  response:
    body:
      string: '{"odata.metadata":"https://graph.windows.net/00000000-0000-0000-0000-000000000000/$metadata#directoryObjects","value":[{"odata.type":"Microsoft.DirectoryServices.Group","objectType":"Group","objectId":"d0c7bc9a-29fa-447e-b63a-d4b1ba55d166","deletionTimestamp":null,"description":null,"dirSyncEnabled":null,"displayName":"deleteme_g","lastDirSyncTime":null,"mail":null,"mailNickname":"deleteme_g","mailEnabled":false,"onPremisesDomainName":null,"onPremisesNetBiosName":null,"onPremisesSamAccountName":null,"onPremisesSecurityIdentifier":null,"provisioningErrors":[],"proxyAddresses":[],"securityEnabled":true}]}'
    headers:
      access-control-allow-origin:
      - '*'
      cache-control:
      - no-cache
      content-length:
      - '610'
      content-type:
      - application/json; odata=minimalmetadata; streaming=true; charset=utf-8
      dataserviceversion:
      - 3.0;
      date:
      - Tue, 29 Oct 2019 08:02:59 GMT
      duration:
      - '2337931'
      expires:
      - '-1'
      ocp-aad-diagnostics-server-name:
      - ptnmmaG1dBn7v3ev8FRnd5y+kfhZmG8CWYbZroxC3gU=
      ocp-aad-session-key:
      - EOItO6EhvHtGYhYzXYIAywUmVu-VhddKA6AtP8Dmav3CVk64e49WAng6qc12dxwetEiWNb_WONqzObxDVyNwOQzUA4aCJ7xR3wLA-kSdNuBX2jyQAt14psDd5EpxlANKmVF_0ZAPVK6TrkfDY39WnWXaRRD1g0DFqOutwhhJ1E0.RBStj0mvtHHly-dU9DUY8wlUoNZzuuFkysjYHMePJc8
      pragma:
      - no-cache
      request-id:
      - a0541486-060a-41a4-9882-cb7bd0e00d7e
      strict-transport-security:
      - max-age=31536000; includeSubDomains
      x-aspnet-version:
      - 4.0.30319
      x-ms-dirapi-data-contract-version:
      - '1.6'
      x-powered-by:
      - ASP.NET
    status:
      code: 200
      message: OK
- request:
    body: null
    headers:
      Accept:
      - application/json
      Accept-Encoding:
      - gzip, deflate
      CommandName:
      - ad group show
      Connection:
      - keep-alive
      ParameterSetName:
      - -g
      User-Agent:
      - python/3.7.4 (Windows-10-10.0.18362-SP0) msrest/0.6.9 msrest_azure/0.6.2 azure-graphrbac/0.60.0
        Azure-SDK-For-Python AZURECLI/2.0.75
      accept-language:
      - en-US
    method: GET
    uri: https://graph.windows.net/00000000-0000-0000-0000-000000000000/groups/d0c7bc9a-29fa-447e-b63a-d4b1ba55d166?api-version=1.6
  response:
    body:
      string: '{"odata.metadata":"https://graph.windows.net/00000000-0000-0000-0000-000000000000/$metadata#directoryObjects/@Element","odata.type":"Microsoft.DirectoryServices.Group","objectType":"Group","objectId":"d0c7bc9a-29fa-447e-b63a-d4b1ba55d166","deletionTimestamp":null,"description":null,"dirSyncEnabled":null,"displayName":"deleteme_g","lastDirSyncTime":null,"mail":null,"mailNickname":"deleteme_g","mailEnabled":false,"onPremisesDomainName":null,"onPremisesNetBiosName":null,"onPremisesSamAccountName":null,"onPremisesSecurityIdentifier":null,"provisioningErrors":[],"proxyAddresses":[],"securityEnabled":true}'
    headers:
      access-control-allow-origin:
      - '*'
      cache-control:
      - no-cache
      content-length:
      - '607'
      content-type:
      - application/json; odata=minimalmetadata; streaming=true; charset=utf-8
      dataserviceversion:
      - 3.0;
      date:
      - Tue, 29 Oct 2019 08:03:00 GMT
      duration:
      - '2344231'
      expires:
      - '-1'
      ocp-aad-diagnostics-server-name:
      - o4mtn766BqWnqnmAzDoh8d9QF3zgpqV7Ffz6nTebetU=
      ocp-aad-session-key:
      - YSJN4BpDbJQ3fUS96IQ-lXRLYDn6vn6VztuKOkFz7C8-xW5AOTDWRjvxcXMZ90RSzi10KrvNjBDSqDoW453Gsxq_QxGHMSzI2ZMNfZFqljjt8qKrB4t2LXyY1g3ZWQfpJDBFuk_Aa_YvzPAkCi8nFrd7Z3ASE3MlQrkdo8ykVno.KjdAdUEIsT1TN-DjhMAUK4kPxUmJEBgQwc433Fo3Ej0
      pragma:
      - no-cache
      request-id:
      - 080ecdca-1b87-4f89-8ad9-e4992bb59e5a
      strict-transport-security:
      - max-age=31536000; includeSubDomains
      x-aspnet-version:
      - 4.0.30319
      x-ms-dirapi-data-contract-version:
      - '1.6'
      x-powered-by:
      - ASP.NET
    status:
      code: 200
      message: OK
- request:
    body: null
    headers:
      Accept:
      - application/json
      Accept-Encoding:
      - gzip, deflate
      CommandName:
      - ad group list
      Connection:
      - keep-alive
      ParameterSetName:
      - --display-name
      User-Agent:
      - python/3.7.4 (Windows-10-10.0.18362-SP0) msrest/0.6.9 msrest_azure/0.6.2 azure-graphrbac/0.60.0
        Azure-SDK-For-Python AZURECLI/2.0.75
      accept-language:
      - en-US
    method: GET
    uri: https://graph.windows.net/00000000-0000-0000-0000-000000000000/groups?$filter=startswith%28displayName%2C%27deleteme_g%27%29&api-version=1.6
  response:
    body:
      string: '{"odata.metadata":"https://graph.windows.net/00000000-0000-0000-0000-000000000000/$metadata#directoryObjects","value":[{"odata.type":"Microsoft.DirectoryServices.Group","objectType":"Group","objectId":"d0c7bc9a-29fa-447e-b63a-d4b1ba55d166","deletionTimestamp":null,"description":null,"dirSyncEnabled":null,"displayName":"deleteme_g","lastDirSyncTime":null,"mail":null,"mailNickname":"deleteme_g","mailEnabled":false,"onPremisesDomainName":null,"onPremisesNetBiosName":null,"onPremisesSamAccountName":null,"onPremisesSecurityIdentifier":null,"provisioningErrors":[],"proxyAddresses":[],"securityEnabled":true}]}'
    headers:
      access-control-allow-origin:
      - '*'
      cache-control:
      - no-cache
      content-length:
      - '610'
      content-type:
      - application/json; odata=minimalmetadata; streaming=true; charset=utf-8
      dataserviceversion:
      - 3.0;
      date:
      - Tue, 29 Oct 2019 08:03:01 GMT
      duration:
      - '2305844'
      expires:
      - '-1'
      ocp-aad-diagnostics-server-name:
      - 0ckRfx0wKNAF3tQRGM778rnRPbGUYODeCcCKEzizf3Y=
      ocp-aad-session-key:
      - 19GbHAiHQoY3ArCwVB8mbwABHGpg3yRoxRgAA8GzaGLBgOMlZZqT2ehUW5tEAfN8CkGRD2iOjPbO0VNMTfvmphet_zkd_BbTKAvu0BiNKcEARgp6gTA6UCuJhV9JwEqGouHpbUlvNRANeuXh4qNNh2PAgNPwZ2FZGlR38PQOghI.UeIR45n8Ihip2ns7G_7AGt2tlT0-X4LidszZoiB46r0
      pragma:
      - no-cache
      request-id:
      - bf0ec39b-9f2f-4c2d-b752-b235466581fd
      strict-transport-security:
      - max-age=31536000; includeSubDomains
      x-aspnet-version:
      - 4.0.30319
      x-ms-dirapi-data-contract-version:
      - '1.6'
      x-powered-by:
      - ASP.NET
    status:
      code: 200
      message: OK
- request:
    body: null
    headers:
      Accept:
      - application/json
      Accept-Encoding:
      - gzip, deflate
      CommandName:
      - ad group get-member-groups
      Connection:
      - keep-alive
      ParameterSetName:
      - -g
      User-Agent:
      - python/3.7.4 (Windows-10-10.0.18362-SP0) msrest/0.6.9 msrest_azure/0.6.2 azure-graphrbac/0.60.0
        Azure-SDK-For-Python AZURECLI/2.0.75
      accept-language:
      - en-US
    method: GET
    uri: https://graph.windows.net/00000000-0000-0000-0000-000000000000/groups?$filter=startswith%28displayName%2C%27deleteme_g%27%29%20or%20displayName%20eq%20%27deleteme_g%27&api-version=1.6
  response:
    body:
      string: '{"odata.metadata":"https://graph.windows.net/00000000-0000-0000-0000-000000000000/$metadata#directoryObjects","value":[{"odata.type":"Microsoft.DirectoryServices.Group","objectType":"Group","objectId":"d0c7bc9a-29fa-447e-b63a-d4b1ba55d166","deletionTimestamp":null,"description":null,"dirSyncEnabled":null,"displayName":"deleteme_g","lastDirSyncTime":null,"mail":null,"mailNickname":"deleteme_g","mailEnabled":false,"onPremisesDomainName":null,"onPremisesNetBiosName":null,"onPremisesSamAccountName":null,"onPremisesSecurityIdentifier":null,"provisioningErrors":[],"proxyAddresses":[],"securityEnabled":true}]}'
    headers:
      access-control-allow-origin:
      - '*'
      cache-control:
      - no-cache
      content-length:
      - '610'
      content-type:
      - application/json; odata=minimalmetadata; streaming=true; charset=utf-8
      dataserviceversion:
      - 3.0;
      date:
      - Tue, 29 Oct 2019 08:03:01 GMT
      duration:
      - '2354286'
      expires:
      - '-1'
      ocp-aad-diagnostics-server-name:
      - 08YU0IxZ9gKU1vId0ceklYsBswf3+92fGse+Uu+6oFI=
      ocp-aad-session-key:
      - XF01_Tn6UD6xn6z2G-xZU3A0JkEXP8Wmsu9xr30wHmJS9el0ueK5iEHfr6bZyfJSIay4DfivqQ7b8md_RD04xKgKVpZkr6xX0HwyzJtGcp0hcYbI9O4SrUoM__rMUJnx2LIIwypBIemkMTyyDS6Hr3OjrBZrdcL1nPw7T9UypE8.BoCOkeTf2UMmL1aA1HUS05_v1TJxr2WOXo7klfJYFvw
      pragma:
      - no-cache
      request-id:
      - 900baa8b-7b6b-4667-b5b9-6dd479448e82
      strict-transport-security:
      - max-age=31536000; includeSubDomains
      x-aspnet-version:
      - 4.0.30319
      x-ms-dirapi-data-contract-version:
      - '1.6'
      x-powered-by:
      - ASP.NET
    status:
      code: 200
      message: OK
- request:
    body: '{"securityEnabledOnly": false}'
    headers:
      Accept:
      - application/json
      Accept-Encoding:
      - gzip, deflate
      CommandName:
      - ad group get-member-groups
      Connection:
      - keep-alive
      Content-Length:
      - '30'
      Content-Type:
      - application/json; charset=utf-8
      ParameterSetName:
      - -g
      User-Agent:
      - python/3.7.4 (Windows-10-10.0.18362-SP0) msrest/0.6.9 msrest_azure/0.6.2 azure-graphrbac/0.60.0
        Azure-SDK-For-Python AZURECLI/2.0.75
      accept-language:
      - en-US
    method: POST
    uri: https://graph.windows.net/00000000-0000-0000-0000-000000000000/groups/d0c7bc9a-29fa-447e-b63a-d4b1ba55d166/getMemberGroups?api-version=1.6
  response:
    body:
      string: '{"odata.metadata":"https://graph.windows.net/00000000-0000-0000-0000-000000000000/$metadata#Collection(Edm.String)","value":[]}'
    headers:
      access-control-allow-origin:
      - '*'
      cache-control:
      - no-cache
      content-length:
      - '127'
      content-type:
      - application/json; odata=minimalmetadata; streaming=true; charset=utf-8
      dataserviceversion:
      - 3.0;
      date:
      - Tue, 29 Oct 2019 08:03:02 GMT
      duration:
      - '4383624'
      expires:
      - '-1'
      ocp-aad-diagnostics-server-name:
      - gmfqmaPUxvPqjYJpnZm4Wljd5CNb3WczeYMjtyBYYbU=
      ocp-aad-session-key:
      - wvXsmjzmI0S6lZV55igpbV2IWtzzpyfoidPU2qndLPENUoTdmnTuzDTW3Gqzoe9g1tWr06aOAVGbkc6YNFTzjaXokbhxyz2YmE0759QkXkPkdhP3zKE0v6zzthbR9bbxgnpVH_aFNLhvNjB-IAbRb0w5CA_wvvRQR52el97jpwQ.ce7xUF8ilxondqh-m1fBeU2t63X_7D_cczKSvwcKhJ0
      pragma:
      - no-cache
      request-id:
      - 70d5bca9-2a07-4385-a48b-f78e39876497
      strict-transport-security:
      - max-age=31536000; includeSubDomains
      x-aspnet-version:
      - 4.0.30319
      x-ms-dirapi-data-contract-version:
      - '1.6'
      x-powered-by:
      - ASP.NET
    status:
      code: 200
      message: OK
- request:
    body: null
    headers:
      Accept:
      - application/json
      Accept-Encoding:
      - gzip, deflate
      CommandName:
      - ad group member check
      Connection:
      - keep-alive
      ParameterSetName:
      - -g --member-id
      User-Agent:
      - python/3.7.4 (Windows-10-10.0.18362-SP0) msrest/0.6.9 msrest_azure/0.6.2 azure-graphrbac/0.60.0
        Azure-SDK-For-Python AZURECLI/2.0.75
      accept-language:
      - en-US
    method: GET
    uri: https://graph.windows.net/00000000-0000-0000-0000-000000000000/groups?$filter=startswith%28displayName%2C%27deleteme_g%27%29%20or%20displayName%20eq%20%27deleteme_g%27&api-version=1.6
  response:
    body:
      string: '{"odata.metadata":"https://graph.windows.net/00000000-0000-0000-0000-000000000000/$metadata#directoryObjects","value":[{"odata.type":"Microsoft.DirectoryServices.Group","objectType":"Group","objectId":"d0c7bc9a-29fa-447e-b63a-d4b1ba55d166","deletionTimestamp":null,"description":null,"dirSyncEnabled":null,"displayName":"deleteme_g","lastDirSyncTime":null,"mail":null,"mailNickname":"deleteme_g","mailEnabled":false,"onPremisesDomainName":null,"onPremisesNetBiosName":null,"onPremisesSamAccountName":null,"onPremisesSecurityIdentifier":null,"provisioningErrors":[],"proxyAddresses":[],"securityEnabled":true}]}'
    headers:
      access-control-allow-origin:
      - '*'
      cache-control:
      - no-cache
      content-length:
      - '610'
      content-type:
      - application/json; odata=minimalmetadata; streaming=true; charset=utf-8
      dataserviceversion:
      - 3.0;
      date:
      - Tue, 29 Oct 2019 08:03:03 GMT
      duration:
      - '2322744'
      expires:
      - '-1'
      ocp-aad-diagnostics-server-name:
      - 1K8OkAggl/7n8gRFRTrj6dGeUxfOr2uRL7vGQyv0S8k=
      ocp-aad-session-key:
      - ELWRlLe8Z-uo_MJrB0zN0JTDyVwhWcAWWKeR5XjAjlYAPIxGA54cMKyFH2rnnop4D7iO8mZxBs-TDf197q41TYip39hk-Kxd7o-3fMB_AbGmhdiTwBmhMgumCrGlY__tI3d5W4fzNla6OCGJZCI9McmSAl1tCS9u1Y4sliTz_FE.ZripPdQmB7V7S20O3QDAkhb5qKmY3-00NaEClysAlhk
      pragma:
      - no-cache
      request-id:
      - 7c3f6116-d394-4e78-9778-6e31624f99cb
      strict-transport-security:
      - max-age=31536000; includeSubDomains
      x-aspnet-version:
      - 4.0.30319
      x-ms-dirapi-data-contract-version:
      - '1.6'
      x-powered-by:
      - ASP.NET
    status:
      code: 200
      message: OK
- request:
    body: '{"groupId": "d0c7bc9a-29fa-447e-b63a-d4b1ba55d166", "memberId": "8afe9b56-0ca2-467d-be4c-d1e723cec326"}'
    headers:
      Accept:
      - application/json
      Accept-Encoding:
      - gzip, deflate
      CommandName:
      - ad group member check
      Connection:
      - keep-alive
      Content-Length:
      - '103'
      Content-Type:
      - application/json; charset=utf-8
      ParameterSetName:
      - -g --member-id
      User-Agent:
      - python/3.7.4 (Windows-10-10.0.18362-SP0) msrest/0.6.9 msrest_azure/0.6.2 azure-graphrbac/0.60.0
        Azure-SDK-For-Python AZURECLI/2.0.75
      accept-language:
      - en-US
    method: POST
    uri: https://graph.windows.net/00000000-0000-0000-0000-000000000000/isMemberOf?api-version=1.6
  response:
    body:
      string: '{"odata.metadata":"https://graph.windows.net/00000000-0000-0000-0000-000000000000/$metadata#Edm.Boolean","value":true}'
    headers:
      access-control-allow-origin:
      - '*'
      cache-control:
      - no-cache
      content-length:
      - '118'
      content-type:
      - application/json; odata=minimalmetadata; streaming=true; charset=utf-8
      dataserviceversion:
      - 3.0;
      date:
      - Tue, 29 Oct 2019 08:03:04 GMT
      duration:
      - '4305030'
      expires:
      - '-1'
      ocp-aad-diagnostics-server-name:
      - ocFlU/fImqh8D9fFRArz8LwWbqjNCkgIG9PcWSdqoao=
      ocp-aad-session-key:
      - 2mTeA2KHlDcAJi-rJLFT1Yv0vfsSw37E7isvfK81EP8frPPwU9e2u3bOTo3jtNAelAD_KSjLhBwLlB59MrUYeTHtT9IVmXG9ivSApyCwAo8bdQGSUJ5pPIDG47SNY4tYzeMR8S-tJt5HJB4jjhTNY12PUfA7tLgPmYJXPJnrn4Q.X-OoJvOc5_ZeV-nm51Cf7DreGxmftoXU9CHeYuyWrMY
      pragma:
      - no-cache
      request-id:
      - b8461eb5-7240-4310-ac37-db97b0e7438f
      strict-transport-security:
      - max-age=31536000; includeSubDomains
      x-aspnet-version:
      - 4.0.30319
      x-ms-dirapi-data-contract-version:
      - '1.6'
      x-powered-by:
      - ASP.NET
    status:
      code: 200
      message: OK
- request:
    body: null
    headers:
      Accept:
      - application/json
      Accept-Encoding:
      - gzip, deflate
      CommandName:
      - ad group member check
      Connection:
      - keep-alive
      ParameterSetName:
      - -g --member-id
      User-Agent:
      - python/3.7.4 (Windows-10-10.0.18362-SP0) msrest/0.6.9 msrest_azure/0.6.2 azure-graphrbac/0.60.0
        Azure-SDK-For-Python AZURECLI/2.0.75
      accept-language:
      - en-US
    method: GET
    uri: https://graph.windows.net/00000000-0000-0000-0000-000000000000/groups?$filter=startswith%28displayName%2C%27deleteme_g%27%29%20or%20displayName%20eq%20%27deleteme_g%27&api-version=1.6
  response:
    body:
      string: '{"odata.metadata":"https://graph.windows.net/00000000-0000-0000-0000-000000000000/$metadata#directoryObjects","value":[{"odata.type":"Microsoft.DirectoryServices.Group","objectType":"Group","objectId":"d0c7bc9a-29fa-447e-b63a-d4b1ba55d166","deletionTimestamp":null,"description":null,"dirSyncEnabled":null,"displayName":"deleteme_g","lastDirSyncTime":null,"mail":null,"mailNickname":"deleteme_g","mailEnabled":false,"onPremisesDomainName":null,"onPremisesNetBiosName":null,"onPremisesSamAccountName":null,"onPremisesSecurityIdentifier":null,"provisioningErrors":[],"proxyAddresses":[],"securityEnabled":true}]}'
    headers:
      access-control-allow-origin:
      - '*'
      cache-control:
      - no-cache
      content-length:
      - '610'
      content-type:
      - application/json; odata=minimalmetadata; streaming=true; charset=utf-8
      dataserviceversion:
      - 3.0;
      date:
      - Tue, 29 Oct 2019 08:03:05 GMT
      duration:
      - '2325774'
      expires:
      - '-1'
      ocp-aad-diagnostics-server-name:
      - FzBy1dfPLdnOUgWf0dpSUTgv1fkpsaisLLmIFPDeitU=
      ocp-aad-session-key:
      - E6QmHxAbFIAzMcwHntWmXo-EYhHtmTlQfQeZzwyk115UFE63HsOg_MgHj4ySbTrvJh-2QwKnpPGMN2e_lDyLIkHJCHg2ghIfd_WnIR9lzXu-qUXg0Souao_FhacfvTfBXN2L0RnsHVc46ATElBlglbLt-xABtVv3zNlRuGokEwM.oR00e8EB984nFFckVuKAL7Rm1u1klxwv0O5YvlABb6E
      pragma:
      - no-cache
      request-id:
      - 7f56f061-652a-4b1a-9e62-c9f9938e4e0f
      strict-transport-security:
      - max-age=31536000; includeSubDomains
      x-aspnet-version:
      - 4.0.30319
      x-ms-dirapi-data-contract-version:
      - '1.6'
      x-powered-by:
      - ASP.NET
    status:
      code: 200
      message: OK
- request:
    body: '{"groupId": "d0c7bc9a-29fa-447e-b63a-d4b1ba55d166", "memberId": "a1991e9b-2df1-4fae-99f3-b600ac5b2148"}'
    headers:
      Accept:
      - application/json
      Accept-Encoding:
      - gzip, deflate
      CommandName:
      - ad group member check
      Connection:
      - keep-alive
      Content-Length:
      - '103'
      Content-Type:
      - application/json; charset=utf-8
      ParameterSetName:
      - -g --member-id
      User-Agent:
      - python/3.7.4 (Windows-10-10.0.18362-SP0) msrest/0.6.9 msrest_azure/0.6.2 azure-graphrbac/0.60.0
        Azure-SDK-For-Python AZURECLI/2.0.75
      accept-language:
      - en-US
    method: POST
    uri: https://graph.windows.net/00000000-0000-0000-0000-000000000000/isMemberOf?api-version=1.6
  response:
    body:
      string: '{"odata.metadata":"https://graph.windows.net/00000000-0000-0000-0000-000000000000/$metadata#Edm.Boolean","value":true}'
    headers:
      access-control-allow-origin:
      - '*'
      cache-control:
      - no-cache
      content-length:
      - '118'
      content-type:
      - application/json; odata=minimalmetadata; streaming=true; charset=utf-8
      dataserviceversion:
      - 3.0;
      date:
      - Tue, 29 Oct 2019 08:03:06 GMT
      duration:
      - '4320855'
      expires:
      - '-1'
      ocp-aad-diagnostics-server-name:
      - +wP/7vd5+5YurfC/KCsX3jUAS2OZ2VhL1D5T6A0EWMI=
      ocp-aad-session-key:
      - Xw3bHmssMaRu7zEiFZ1QJVqQweZd8YZ2SNY6b32nbICqH3XjUnfV2SFZU3NE0d82L6RxpMBQrZMtoAaIfma_-ek1FmMn-jDTBgR5AGVMroQl--kuzAky7GRAa9a_DLVRejBuMiSOZnZCvw2lDMApVjvtRJ-loO-AoglGsSeRibk.p5B2biBCdZpkzoGoTuXjgPkiLv7og4bcH96ktckFYoQ
      pragma:
      - no-cache
      request-id:
      - 87415f63-2323-48ca-8a7b-4f2f5279c50b
      strict-transport-security:
      - max-age=31536000; includeSubDomains
      x-aspnet-version:
      - 4.0.30319
      x-ms-dirapi-data-contract-version:
      - '1.6'
      x-powered-by:
      - ASP.NET
    status:
      code: 200
      message: OK
- request:
    body: null
    headers:
      Accept:
      - application/json
      Accept-Encoding:
      - gzip, deflate
      CommandName:
      - ad group member list
      Connection:
      - keep-alive
      ParameterSetName:
      - -g
      User-Agent:
      - python/3.7.4 (Windows-10-10.0.18362-SP0) msrest/0.6.9 msrest_azure/0.6.2 azure-graphrbac/0.60.0
        Azure-SDK-For-Python AZURECLI/2.0.75
      accept-language:
      - en-US
    method: GET
    uri: https://graph.windows.net/00000000-0000-0000-0000-000000000000/groups?$filter=startswith%28displayName%2C%27deleteme_g%27%29%20or%20displayName%20eq%20%27deleteme_g%27&api-version=1.6
  response:
    body:
      string: '{"odata.metadata":"https://graph.windows.net/00000000-0000-0000-0000-000000000000/$metadata#directoryObjects","value":[{"odata.type":"Microsoft.DirectoryServices.Group","objectType":"Group","objectId":"d0c7bc9a-29fa-447e-b63a-d4b1ba55d166","deletionTimestamp":null,"description":null,"dirSyncEnabled":null,"displayName":"deleteme_g","lastDirSyncTime":null,"mail":null,"mailNickname":"deleteme_g","mailEnabled":false,"onPremisesDomainName":null,"onPremisesNetBiosName":null,"onPremisesSamAccountName":null,"onPremisesSecurityIdentifier":null,"provisioningErrors":[],"proxyAddresses":[],"securityEnabled":true}]}'
    headers:
      access-control-allow-origin:
      - '*'
      cache-control:
      - no-cache
      content-length:
      - '610'
      content-type:
      - application/json; odata=minimalmetadata; streaming=true; charset=utf-8
      dataserviceversion:
      - 3.0;
      date:
      - Tue, 29 Oct 2019 08:03:07 GMT
      duration:
      - '2362552'
      expires:
      - '-1'
      ocp-aad-diagnostics-server-name:
      - 2SXYdh9iZWfGDJEiF2L2+eBKwvL2R87WZIRQoyL66Do=
      ocp-aad-session-key:
      - 4u-WIeZuH3qkj5l6CcLa14ytaLRmU6-kSZgQM6lMzUGnLbN-Y1vabbDwKStXr48oI-AeFQLdvgu9c_Q8jdVLCuEAiokSt8HdzGlAcOapMrKx9f9xwIaFJ_NTtCAijivL95RfSX0ifH5RoR5EOfdkXr7PuraebDsjgJoPs6jHHl4.903WN-SVZz4BiXSRU671D-KoMLrJlYVeCmxG_dWI6tE
      pragma:
      - no-cache
      request-id:
      - f24b2a48-3426-492e-a4bc-5d9d527ac174
      strict-transport-security:
      - max-age=31536000; includeSubDomains
      x-aspnet-version:
      - 4.0.30319
      x-ms-dirapi-data-contract-version:
      - '1.6'
      x-powered-by:
      - ASP.NET
    status:
      code: 200
      message: OK
- request:
    body: null
    headers:
      Accept:
      - application/json
      Accept-Encoding:
      - gzip, deflate
      CommandName:
      - ad group member list
      Connection:
      - keep-alive
      ParameterSetName:
      - -g
      User-Agent:
      - python/3.7.4 (Windows-10-10.0.18362-SP0) msrest/0.6.9 msrest_azure/0.6.2 azure-graphrbac/0.60.0
        Azure-SDK-For-Python AZURECLI/2.0.75
      accept-language:
      - en-US
    method: GET
    uri: https://graph.windows.net/00000000-0000-0000-0000-000000000000/groups/d0c7bc9a-29fa-447e-b63a-d4b1ba55d166/members?api-version=1.6
  response:
    body:
      string: '{"odata.metadata":"https://graph.windows.net/00000000-0000-0000-0000-000000000000/$metadata#directoryObjects","value":[{"odata.type":"Microsoft.DirectoryServices.User","objectType":"User","objectId":"8afe9b56-0ca2-467d-be4c-d1e723cec326","deletionTimestamp":null,"accountEnabled":false,"ageGroup":null,"assignedLicenses":[],"assignedPlans":[],"city":null,"companyName":null,"consentProvidedForMinor":null,"country":null,"createdDateTime":"2019-10-29T08:02:44Z","creationType":null,"department":null,"dirSyncEnabled":null,"displayName":"deleteme1_new","employeeId":null,"facsimileTelephoneNumber":null,"givenName":null,"immutableId":null,"isCompromised":null,"jobTitle":null,"lastDirSyncTime":null,"legalAgeGroupClassification":null,"mail":null,"mailNickname":"deleteme11","mobile":null,"onPremisesDistinguishedName":null,"onPremisesSecurityIdentifier":null,"otherMails":[],"passwordPolicies":null,"passwordProfile":{"password":null,"forceChangePasswordNextLogin":true,"enforceChangePasswordPolicy":false},"physicalDeliveryOfficeName":null,"postalCode":null,"preferredLanguage":null,"provisionedPlans":[],"provisioningErrors":[],"proxyAddresses":[],"refreshTokensValidFromDateTime":"2019-10-29T08:02:48Z","showInAddressList":null,"signInNames":[],"sipProxyAddress":null,"state":null,"streetAddress":null,"surname":null,"telephoneNumber":null,"thumbnailPhoto@odata.mediaEditLink":"directoryObjects/8afe9b56-0ca2-467d-be4c-d1e723cec326/Microsoft.DirectoryServices.User/thumbnailPhoto","usageLocation":null,"userIdentities":[],"userPrincipalName":"deleteme1@example.com","userState":null,"userStateChangedOn":null,"userType":"Member"},{"odata.type":"Microsoft.DirectoryServices.User","objectType":"User","objectId":"a1991e9b-2df1-4fae-99f3-b600ac5b2148","deletionTimestamp":null,"accountEnabled":true,"ageGroup":null,"assignedLicenses":[],"assignedPlans":[],"city":null,"companyName":null,"consentProvidedForMinor":null,"country":null,"createdDateTime":"2019-10-29T08:02:50Z","creationType":null,"department":null,"dirSyncEnabled":null,"displayName":"deleteme2","employeeId":null,"facsimileTelephoneNumber":null,"givenName":null,"immutableId":null,"isCompromised":null,"jobTitle":null,"lastDirSyncTime":null,"legalAgeGroupClassification":null,"mail":null,"mailNickname":"deleteme2","mobile":null,"onPremisesDistinguishedName":null,"onPremisesSecurityIdentifier":null,"otherMails":[],"passwordPolicies":null,"passwordProfile":null,"physicalDeliveryOfficeName":null,"postalCode":null,"preferredLanguage":null,"provisionedPlans":[],"provisioningErrors":[],"proxyAddresses":[],"refreshTokensValidFromDateTime":"2019-10-29T08:02:50Z","showInAddressList":null,"signInNames":[],"sipProxyAddress":null,"state":null,"streetAddress":null,"surname":null,"telephoneNumber":null,"thumbnailPhoto@odata.mediaEditLink":"directoryObjects/a1991e9b-2df1-4fae-99f3-b600ac5b2148/Microsoft.DirectoryServices.User/thumbnailPhoto","usageLocation":null,"userIdentities":[],"userPrincipalName":"deleteme2@example.com","userState":null,"userStateChangedOn":null,"userType":"Member"}]}'
    headers:
      access-control-allow-origin:
      - '*'
      cache-control:
      - no-cache
      content-length:
      - '3087'
      content-type:
      - application/json; odata=minimalmetadata; streaming=true; charset=utf-8
      dataserviceversion:
      - 3.0;
      date:
      - Tue, 29 Oct 2019 08:03:07 GMT
      duration:
      - '2442560'
      expires:
      - '-1'
      ocp-aad-diagnostics-server-name:
      - 51iBJpC99VT0XE2E+kBdfS8ZboPQ82X4Ya2wf9P8Ew0=
      ocp-aad-session-key:
      - L1nHOur4zDHY9tu44NnavyruZ1HxAl2uu-F1PD-FOUQkkicD21WG5wodNDoGPB_EEZjREwvsN3dPiKa9Ld4NsFp361ZbD_Q3SdI_owLHWxuHq2UigxhxATiXES5cxEpRiiFoexwrCj3qIrZam_MDnlnHaHE7E3mbDDVuHbJrPPA.w4wwTRz6HkV9JBFMLQQQIDApOmi9pIBaPpU_rW2rSJo
      pragma:
      - no-cache
      request-id:
      - c764765d-8e72-48c0-851a-50bc4bc23e4f
      strict-transport-security:
      - max-age=31536000; includeSubDomains
      x-aspnet-version:
      - 4.0.30319
      x-ms-dirapi-data-contract-version:
      - '1.6'
      x-powered-by:
      - ASP.NET
    status:
      code: 200
      message: OK
- request:
    body: null
    headers:
      Accept:
      - application/json
      Accept-Encoding:
      - gzip, deflate
      CommandName:
      - ad group member remove
      Connection:
      - keep-alive
      ParameterSetName:
      - -g --member-id
      User-Agent:
      - python/3.7.4 (Windows-10-10.0.18362-SP0) msrest/0.6.9 msrest_azure/0.6.2 azure-graphrbac/0.60.0
        Azure-SDK-For-Python AZURECLI/2.0.75
      accept-language:
      - en-US
    method: GET
    uri: https://graph.windows.net/00000000-0000-0000-0000-000000000000/groups?$filter=startswith%28displayName%2C%27deleteme_g%27%29%20or%20displayName%20eq%20%27deleteme_g%27&api-version=1.6
  response:
    body:
      string: '{"odata.metadata":"https://graph.windows.net/00000000-0000-0000-0000-000000000000/$metadata#directoryObjects","value":[{"odata.type":"Microsoft.DirectoryServices.Group","objectType":"Group","objectId":"d0c7bc9a-29fa-447e-b63a-d4b1ba55d166","deletionTimestamp":null,"description":null,"dirSyncEnabled":null,"displayName":"deleteme_g","lastDirSyncTime":null,"mail":null,"mailNickname":"deleteme_g","mailEnabled":false,"onPremisesDomainName":null,"onPremisesNetBiosName":null,"onPremisesSamAccountName":null,"onPremisesSecurityIdentifier":null,"provisioningErrors":[],"proxyAddresses":[],"securityEnabled":true}]}'
    headers:
      access-control-allow-origin:
      - '*'
      cache-control:
      - no-cache
      content-length:
      - '610'
      content-type:
      - application/json; odata=minimalmetadata; streaming=true; charset=utf-8
      dataserviceversion:
      - 3.0;
      date:
      - Tue, 29 Oct 2019 08:03:08 GMT
      duration:
      - '2353733'
      expires:
      - '-1'
      ocp-aad-diagnostics-server-name:
      - 5i9CxkA3n98WqiB7OXfEZKpnX5njqVB9a51ZAoJ1dl8=
      ocp-aad-session-key:
      - a6vIpNSEoZbAxJPexNZ9YLIQBjlb76lu-JiTPm7gJGAEwQDIqj_QFsaGYxhb0z5gsH7FrrnltCZvePgbaYhHpwhWxOEf-bRO_94Pf47XBtj1pwL4-o5kT1aovzaS3ODNO-RYsjXb3KQeec9TxniFuDLVZZXnGcR4b0vl81bUwb4.jfMWXLp_Yy0GRX0kMRJBiSmlBI84eumxQQUzWDvcRtQ
      pragma:
      - no-cache
      request-id:
      - a831ea9a-e840-49d4-988b-82463fbaadd5
      strict-transport-security:
      - max-age=31536000; includeSubDomains
      x-aspnet-version:
      - 4.0.30319
      x-ms-dirapi-data-contract-version:
      - '1.6'
      x-powered-by:
      - ASP.NET
    status:
      code: 200
      message: OK
- request:
    body: null
    headers:
      Accept:
      - application/json
      Accept-Encoding:
      - gzip, deflate
      CommandName:
      - ad group member remove
      Connection:
      - keep-alive
      Content-Length:
      - '0'
      ParameterSetName:
      - -g --member-id
      User-Agent:
      - python/3.7.4 (Windows-10-10.0.18362-SP0) msrest/0.6.9 msrest_azure/0.6.2 azure-graphrbac/0.60.0
        Azure-SDK-For-Python AZURECLI/2.0.75
      accept-language:
      - en-US
    method: DELETE
    uri: https://graph.windows.net/00000000-0000-0000-0000-000000000000/groups/d0c7bc9a-29fa-447e-b63a-d4b1ba55d166/$links/members/8afe9b56-0ca2-467d-be4c-d1e723cec326?api-version=1.6
  response:
    body:
      string: ''
    headers:
      access-control-allow-origin:
      - '*'
      cache-control:
      - no-cache
      date:
      - Tue, 29 Oct 2019 08:03:09 GMT
      duration:
      - '3365690'
      expires:
      - '-1'
      ocp-aad-diagnostics-server-name:
      - FzBy1dfPLdnOUgWf0dpSUTgv1fkpsaisLLmIFPDeitU=
      ocp-aad-session-key:
      - vBtmzv-kAaiZqbIqmc4m2B0P6srBvgse5rUxclgAxKK1YcRd-871Y8iVf1wH1bpL3jjoSb2IkhLb3C0ZyjCD9jBrsXQsw8zTnUesWBVC56TI9vwbkmtiAualohCcmsgQ8VVu9jvYnCFd-3Y3D4pXCAqJzGuFjl22sV4W3R-rAXs.fJVaxklAfqeR_sr72vxFBNeEUrlMecV8Yxt1cKILSo8
      pragma:
      - no-cache
      request-id:
      - 61c4f6ea-5cd6-47ec-8c8d-dbb36cfb2a4b
      strict-transport-security:
      - max-age=31536000; includeSubDomains
      x-aspnet-version:
      - 4.0.30319
      x-ms-dirapi-data-contract-version:
      - '1.6'
      x-powered-by:
      - ASP.NET
    status:
      code: 204
      message: No Content
- request:
    body: null
    headers:
      Accept:
      - application/json
      Accept-Encoding:
      - gzip, deflate
      CommandName:
      - ad group member check
      Connection:
      - keep-alive
      ParameterSetName:
      - -g --member-id
      User-Agent:
      - python/3.7.4 (Windows-10-10.0.18362-SP0) msrest/0.6.9 msrest_azure/0.6.2 azure-graphrbac/0.60.0
        Azure-SDK-For-Python AZURECLI/2.0.75
      accept-language:
      - en-US
    method: GET
    uri: https://graph.windows.net/00000000-0000-0000-0000-000000000000/groups?$filter=startswith%28displayName%2C%27deleteme_g%27%29%20or%20displayName%20eq%20%27deleteme_g%27&api-version=1.6
  response:
    body:
      string: '{"odata.metadata":"https://graph.windows.net/00000000-0000-0000-0000-000000000000/$metadata#directoryObjects","value":[{"odata.type":"Microsoft.DirectoryServices.Group","objectType":"Group","objectId":"d0c7bc9a-29fa-447e-b63a-d4b1ba55d166","deletionTimestamp":null,"description":null,"dirSyncEnabled":null,"displayName":"deleteme_g","lastDirSyncTime":null,"mail":null,"mailNickname":"deleteme_g","mailEnabled":false,"onPremisesDomainName":null,"onPremisesNetBiosName":null,"onPremisesSamAccountName":null,"onPremisesSecurityIdentifier":null,"provisioningErrors":[],"proxyAddresses":[],"securityEnabled":true}]}'
    headers:
      access-control-allow-origin:
      - '*'
      cache-control:
      - no-cache
      content-length:
      - '610'
      content-type:
      - application/json; odata=minimalmetadata; streaming=true; charset=utf-8
      dataserviceversion:
      - 3.0;
      date:
      - Tue, 29 Oct 2019 08:03:10 GMT
      duration:
      - '2423114'
      expires:
      - '-1'
      ocp-aad-diagnostics-server-name:
      - 53/QSS0WrZFUP557GR2cuQikSdEpuqZ4Ihnnj+pPZDs=
      ocp-aad-session-key:
      - HmVQ7xvgxaUxntDrAkPTLjb3oPOIZBbt4H5838WNvlpRsPmntbXU8t205XdcQHoQJnrSS3fMEI3-Cvui6Fdmgmno6QDVNcAijfEnmGaYbcU_iTCRT1KF8dsd1mJfcOww3SUuNPrpw-vU6xyVDS4nu8rYCs7Dt-M2u2GYHo3QOs4.C8WcYTNcrWM3MHKstn8AO0PXZ0keczntutENY3zRnAY
      pragma:
      - no-cache
      request-id:
      - 0a5f94ea-c78f-46ff-b828-e67b6ecd6dad
      strict-transport-security:
      - max-age=31536000; includeSubDomains
      x-aspnet-version:
      - 4.0.30319
      x-ms-dirapi-data-contract-version:
      - '1.6'
      x-powered-by:
      - ASP.NET
    status:
      code: 200
      message: OK
- request:
    body: '{"groupId": "d0c7bc9a-29fa-447e-b63a-d4b1ba55d166", "memberId": "8afe9b56-0ca2-467d-be4c-d1e723cec326"}'
    headers:
      Accept:
      - application/json
      Accept-Encoding:
      - gzip, deflate
      CommandName:
      - ad group member check
      Connection:
      - keep-alive
      Content-Length:
      - '103'
      Content-Type:
      - application/json; charset=utf-8
      ParameterSetName:
      - -g --member-id
      User-Agent:
      - python/3.7.4 (Windows-10-10.0.18362-SP0) msrest/0.6.9 msrest_azure/0.6.2 azure-graphrbac/0.60.0
        Azure-SDK-For-Python AZURECLI/2.0.75
      accept-language:
      - en-US
    method: POST
    uri: https://graph.windows.net/00000000-0000-0000-0000-000000000000/isMemberOf?api-version=1.6
  response:
    body:
      string: '{"odata.metadata":"https://graph.windows.net/00000000-0000-0000-0000-000000000000/$metadata#Edm.Boolean","value":false}'
    headers:
      access-control-allow-origin:
      - '*'
      cache-control:
      - no-cache
      content-length:
      - '119'
      content-type:
      - application/json; odata=minimalmetadata; streaming=true; charset=utf-8
      dataserviceversion:
      - 3.0;
      date:
      - Tue, 29 Oct 2019 08:03:11 GMT
      duration:
      - '4298612'
      expires:
      - '-1'
      ocp-aad-diagnostics-server-name:
      - 5i9CxkA3n98WqiB7OXfEZKpnX5njqVB9a51ZAoJ1dl8=
      ocp-aad-session-key:
      - YiYTb8HUi7K3TFCtK3nBTfz9B9cnT3WI3sopN9-pme1WA-7t6bYb2XWZO_cte7LjqbYZyCaziN1OequdoUstCUct2wnzOckT4Ibom6ZCCRtCEN6Evs_iz_refwj7vvt9ywBUBaaSGAiVG2qX9V1gbNHMcVMje9_1Dnnmut1GXgo.HFwAW6r2d8eD6ud4yqtGAkif7oVTG4ONAZu_dvkm8mM
      pragma:
      - no-cache
      request-id:
      - 4bec1b5f-7c32-4035-9542-9c21371ac355
      strict-transport-security:
      - max-age=31536000; includeSubDomains
      x-aspnet-version:
      - 4.0.30319
      x-ms-dirapi-data-contract-version:
      - '1.6'
      x-powered-by:
      - ASP.NET
    status:
      code: 200
      message: OK
- request:
    body: null
    headers:
      Accept:
      - application/json
      Accept-Encoding:
      - gzip, deflate
      CommandName:
      - ad group delete
      Connection:
      - keep-alive
      ParameterSetName:
      - -g
      User-Agent:
      - python/3.7.4 (Windows-10-10.0.18362-SP0) msrest/0.6.9 msrest_azure/0.6.2 azure-graphrbac/0.60.0
        Azure-SDK-For-Python AZURECLI/2.0.75
      accept-language:
      - en-US
    method: GET
    uri: https://graph.windows.net/00000000-0000-0000-0000-000000000000/groups?$filter=startswith%28displayName%2C%27deleteme_g%27%29%20or%20displayName%20eq%20%27deleteme_g%27&api-version=1.6
  response:
    body:
      string: '{"odata.metadata":"https://graph.windows.net/00000000-0000-0000-0000-000000000000/$metadata#directoryObjects","value":[{"odata.type":"Microsoft.DirectoryServices.Group","objectType":"Group","objectId":"d0c7bc9a-29fa-447e-b63a-d4b1ba55d166","deletionTimestamp":null,"description":null,"dirSyncEnabled":null,"displayName":"deleteme_g","lastDirSyncTime":null,"mail":null,"mailNickname":"deleteme_g","mailEnabled":false,"onPremisesDomainName":null,"onPremisesNetBiosName":null,"onPremisesSamAccountName":null,"onPremisesSecurityIdentifier":null,"provisioningErrors":[],"proxyAddresses":[],"securityEnabled":true}]}'
    headers:
      access-control-allow-origin:
      - '*'
      cache-control:
      - no-cache
      content-length:
      - '610'
      content-type:
      - application/json; odata=minimalmetadata; streaming=true; charset=utf-8
      dataserviceversion:
      - 3.0;
      date:
      - Tue, 29 Oct 2019 08:03:11 GMT
      duration:
      - '2348436'
      expires:
      - '-1'
      ocp-aad-diagnostics-server-name:
      - 2V3cXQTy7QReV11s79D9IlgVD2VrRsCpdL/FHkO1UHY=
      ocp-aad-session-key:
      - SzXZoUAAv19zud6fgK7S19_6UfjcRMO_x58wgjJsWoQCUe-r7ahs-Jh7B73zoVCfVveJSgNRchWCokV3wTCgZUQLYi1ZEBhDLDM-WHd_0cs-Hf59FtM5Hnd0xRZGkETqMLd20Q4sztr9qjiIDQraT_XoZZ301b9FYclS_bK2kdo.Fg9Ria7TCpH49fXOQEeXpQ-JM63WX8XTZE6a8hsBQAI
      pragma:
      - no-cache
      request-id:
      - 8d5aa625-9623-4c2b-bdc7-18d1bfebfc4e
      strict-transport-security:
      - max-age=31536000; includeSubDomains
      x-aspnet-version:
      - 4.0.30319
      x-ms-dirapi-data-contract-version:
      - '1.6'
      x-powered-by:
      - ASP.NET
    status:
      code: 200
      message: OK
- request:
    body: null
    headers:
      Accept:
      - application/json
      Accept-Encoding:
      - gzip, deflate
      CommandName:
      - ad group delete
      Connection:
      - keep-alive
      Content-Length:
      - '0'
      ParameterSetName:
      - -g
      User-Agent:
      - python/3.7.4 (Windows-10-10.0.18362-SP0) msrest/0.6.9 msrest_azure/0.6.2 azure-graphrbac/0.60.0
        Azure-SDK-For-Python AZURECLI/2.0.75
      accept-language:
      - en-US
    method: DELETE
    uri: https://graph.windows.net/00000000-0000-0000-0000-000000000000/groups/d0c7bc9a-29fa-447e-b63a-d4b1ba55d166?api-version=1.6
  response:
    body:
      string: ''
    headers:
      access-control-allow-origin:
      - '*'
      cache-control:
      - no-cache
      date:
      - Tue, 29 Oct 2019 08:03:12 GMT
      duration:
      - '4486276'
      expires:
      - '-1'
      ocp-aad-diagnostics-server-name:
      - Md6E3vPOqFLz1QkERrZZo6BWrUx/Iddg8pmWAKTOGQg=
      ocp-aad-session-key:
      - 2tbClbQmGBz-0PrGaK1gK8vcWvFb4jSlPt7tGpU85KGJg65WKhbZ5TfNLBqKJsa1-PBwHVahlaXSkRTT9JoZN8UAenhcbyyiFgLghspKPpo9viJiVlkPeyFVxvtroCdCGeyQYtI4eK2kJVlIw-6vBghUIgjnHTYLBkYDpN6yoL4.WVnn0dHMLNGHM5lBECd8cDD01d1xkXvQgIQgsBhS65M
      pragma:
      - no-cache
      request-id:
      - 073b3088-46ad-45fb-84ce-67e0154f86a7
      strict-transport-security:
      - max-age=31536000; includeSubDomains
      x-aspnet-version:
      - 4.0.30319
      x-ms-dirapi-data-contract-version:
      - '1.6'
      x-powered-by:
      - ASP.NET
    status:
      code: 204
      message: No Content
- request:
    body: null
    headers:
      Accept:
      - application/json
      Accept-Encoding:
      - gzip, deflate
      CommandName:
      - ad group list
      Connection:
      - keep-alive
      User-Agent:
      - python/3.7.4 (Windows-10-10.0.18362-SP0) msrest/0.6.9 msrest_azure/0.6.2 azure-graphrbac/0.60.0
        Azure-SDK-For-Python AZURECLI/2.0.75
      accept-language:
      - en-US
    method: GET
    uri: https://graph.windows.net/00000000-0000-0000-0000-000000000000/groups?$filter=&api-version=1.6
  response:
    body:
      string: '{"odata.metadata":"https://graph.windows.net/00000000-0000-0000-0000-000000000000/$metadata#directoryObjects","value":[{"odata.type":"Microsoft.DirectoryServices.Group","objectType":"Group","objectId":"0988334f-a6fb-4161-b30b-e378a289078b","deletionTimestamp":null,"description":null,"dirSyncEnabled":null,"displayName":"java-azure-group-23","lastDirSyncTime":null,"mail":null,"mailNickname":"java","mailEnabled":false,"onPremisesDomainName":null,"onPremisesNetBiosName":null,"onPremisesSamAccountName":null,"onPremisesSecurityIdentifier":null,"provisioningErrors":[],"proxyAddresses":[],"securityEnabled":true},{"odata.type":"Microsoft.DirectoryServices.Group","objectType":"Group","objectId":"1e8f4c33-db4a-4c46-b8c0-526826c1189f","deletionTimestamp":null,"description":null,"dirSyncEnabled":null,"displayName":"LMaz#Test","lastDirSyncTime":null,"mail":null,"mailNickname":"lmazuel#test","mailEnabled":false,"onPremisesDomainName":null,"onPremisesNetBiosName":null,"onPremisesSamAccountName":null,"onPremisesSecurityIdentifier":null,"provisioningErrors":[],"proxyAddresses":[],"securityEnabled":true},{"odata.type":"Microsoft.DirectoryServices.Group","objectType":"Group","objectId":"1f78a9e3-f9e3-41b2-b3e3-37dac2573fe4","deletionTimestamp":null,"description":null,"dirSyncEnabled":null,"displayName":"Group
        eb45110972472c66","lastDirSyncTime":null,"mail":null,"mailNickname":"group1eb45110972472c66","mailEnabled":false,"onPremisesDomainName":null,"onPremisesNetBiosName":null,"onPremisesSamAccountName":null,"onPremisesSecurityIdentifier":null,"provisioningErrors":[],"proxyAddresses":[],"securityEnabled":true},{"odata.type":"Microsoft.DirectoryServices.Group","objectType":"Group","objectId":"458ecefc-33d3-498e-819c-9c8a77c126cd","deletionTimestamp":null,"description":null,"dirSyncEnabled":null,"displayName":"Group
        fba4842548f65256","lastDirSyncTime":null,"mail":null,"mailNickname":"group2fba4842548f65256","mailEnabled":false,"onPremisesDomainName":null,"onPremisesNetBiosName":null,"onPremisesSamAccountName":null,"onPremisesSecurityIdentifier":null,"provisioningErrors":[],"proxyAddresses":[],"securityEnabled":true},{"odata.type":"Microsoft.DirectoryServices.Group","objectType":"Group","objectId":"472464e4-5bae-426a-b992-9b346111dea6","deletionTimestamp":null,"description":null,"dirSyncEnabled":null,"displayName":"cli-grpugpwysix","lastDirSyncTime":null,"mail":null,"mailNickname":"cli-grpugpwysix","mailEnabled":false,"onPremisesDomainName":null,"onPremisesNetBiosName":null,"onPremisesSamAccountName":null,"onPremisesSecurityIdentifier":null,"provisioningErrors":[],"proxyAddresses":[],"securityEnabled":true},{"odata.type":"Microsoft.DirectoryServices.Group","objectType":"Group","objectId":"4c7030b7-b2c1-4eca-8327-030939101cc4","deletionTimestamp":null,"description":null,"dirSyncEnabled":null,"displayName":"groupf1025461d","lastDirSyncTime":null,"mail":null,"mailNickname":"groupf1025461d","mailEnabled":false,"onPremisesDomainName":null,"onPremisesNetBiosName":null,"onPremisesSamAccountName":null,"onPremisesSecurityIdentifier":null,"provisioningErrors":[],"proxyAddresses":[],"securityEnabled":true},{"odata.type":"Microsoft.DirectoryServices.Group","objectType":"Group","objectId":"54803917-4c71-4d6c-8bdf-bbd931010f8c","deletionTimestamp":null,"description":"second
        group","dirSyncEnabled":null,"displayName":"secondgroup","lastDirSyncTime":null,"mail":null,"mailNickname":"207c00f0-b213-43a1-bb77-cd248de0dd8b","mailEnabled":false,"onPremisesDomainName":null,"onPremisesNetBiosName":null,"onPremisesSamAccountName":null,"onPremisesSecurityIdentifier":null,"provisioningErrors":[],"proxyAddresses":[],"securityEnabled":true},{"odata.type":"Microsoft.DirectoryServices.Group","objectType":"Group","objectId":"5a197067-7d4e-4862-a692-cb5933646da1","deletionTimestamp":null,"description":null,"dirSyncEnabled":null,"displayName":"AAD
        DC Administrators","lastDirSyncTime":null,"mail":null,"mailNickname":"AADDCAdministrators","mailEnabled":false,"onPremisesDomainName":null,"onPremisesNetBiosName":null,"onPremisesSamAccountName":null,"onPremisesSecurityIdentifier":null,"provisioningErrors":[],"proxyAddresses":[],"securityEnabled":true},{"odata.type":"Microsoft.DirectoryServices.Group","objectType":"Group","objectId":"5ede48cf-c632-472d-91d2-62ef66460825","deletionTimestamp":null,"description":null,"dirSyncEnabled":null,"displayName":"wilx-ad-group","lastDirSyncTime":null,"mail":null,"mailNickname":"aa","mailEnabled":false,"onPremisesDomainName":null,"onPremisesNetBiosName":null,"onPremisesSamAccountName":null,"onPremisesSecurityIdentifier":null,"provisioningErrors":[],"proxyAddresses":[],"securityEnabled":true},{"odata.type":"Microsoft.DirectoryServices.Group","objectType":"Group","objectId":"69618404-38d0-432a-9f53-aec74203b3d5","deletionTimestamp":null,"description":null,"dirSyncEnabled":null,"displayName":"group393479162","lastDirSyncTime":null,"mail":null,"mailNickname":"group393479162","mailEnabled":false,"onPremisesDomainName":null,"onPremisesNetBiosName":null,"onPremisesSamAccountName":null,"onPremisesSecurityIdentifier":null,"provisioningErrors":[],"proxyAddresses":[],"securityEnabled":true},{"odata.type":"Microsoft.DirectoryServices.Group","objectType":"Group","objectId":"7bfe6817-5e38-4e22-9466-fbc4ef673dfa","deletionTimestamp":null,"description":null,"dirSyncEnabled":null,"displayName":"java-azure-group-23","lastDirSyncTime":null,"mail":null,"mailNickname":"java","mailEnabled":false,"onPremisesDomainName":null,"onPremisesNetBiosName":null,"onPremisesSamAccountName":null,"onPremisesSecurityIdentifier":null,"provisioningErrors":[],"proxyAddresses":[],"securityEnabled":true},{"odata.type":"Microsoft.DirectoryServices.Group","objectType":"Group","objectId":"c1cfd481-b4f2-4fb1-9122-3084a93c2e4c","deletionTimestamp":null,"description":null,"dirSyncEnabled":null,"displayName":"yugangw-not-not-own","lastDirSyncTime":null,"mail":null,"mailNickname":"yugangw-not-not-own","mailEnabled":false,"onPremisesDomainName":null,"onPremisesNetBiosName":null,"onPremisesSamAccountName":null,"onPremisesSecurityIdentifier":null,"provisioningErrors":[],"proxyAddresses":[],"securityEnabled":true},{"odata.type":"Microsoft.DirectoryServices.Group","objectType":"Group","objectId":"c99a08ec-58a0-4eef-99a1-f4d48c0f12b6","deletionTimestamp":null,"description":"Global
        Administrators","dirSyncEnabled":null,"displayName":"globaladmins","lastDirSyncTime":null,"mail":null,"mailNickname":"9bd7750b-e77b-4217-a4f7-4ddd6ea7556d","mailEnabled":false,"onPremisesDomainName":null,"onPremisesNetBiosName":null,"onPremisesSamAccountName":null,"onPremisesSecurityIdentifier":null,"provisioningErrors":[],"proxyAddresses":[],"securityEnabled":true},{"odata.type":"Microsoft.DirectoryServices.Group","objectType":"Group","objectId":"d0c29b0c-23de-48b8-985b-cb9056031777","deletionTimestamp":null,"description":"New
        Managers training course for March 2017","dirSyncEnabled":null,"displayName":"New
        Managers March 2017","lastDirSyncTime":null,"mail":"newMan201703@example.com","mailNickname":"newMan201703","mailEnabled":true,"onPremisesDomainName":null,"onPremisesNetBiosName":null,"onPremisesSamAccountName":null,"onPremisesSecurityIdentifier":null,"provisioningErrors":[],"proxyAddresses":["SMTP:newMan201703@example.com"],"securityEnabled":false},{"odata.type":"Microsoft.DirectoryServices.Group","objectType":"Group","objectId":"d7ff4fbd-6b33-43ea-8732-b4c1f0aaab20","deletionTimestamp":null,"description":null,"dirSyncEnabled":null,"displayName":"java-azure-group-23","lastDirSyncTime":null,"mail":null,"mailNickname":"java","mailEnabled":false,"onPremisesDomainName":null,"onPremisesNetBiosName":null,"onPremisesSamAccountName":null,"onPremisesSecurityIdentifier":null,"provisioningErrors":[],"proxyAddresses":[],"securityEnabled":true},{"odata.type":"Microsoft.DirectoryServices.Group","objectType":"Group","objectId":"e24bca80-26b6-49bf-b8fb-4585fa75e528","deletionTimestamp":null,"description":"delete
        me","dirSyncEnabled":null,"displayName":"yugangw-group2","lastDirSyncTime":null,"mail":null,"mailNickname":"a54c75bc-12a4-4cbc-805f-d826d7123220","mailEnabled":false,"onPremisesDomainName":null,"onPremisesNetBiosName":null,"onPremisesSamAccountName":null,"onPremisesSecurityIdentifier":null,"provisioningErrors":[],"proxyAddresses":[],"securityEnabled":true},{"odata.type":"Microsoft.DirectoryServices.Group","objectType":"Group","objectId":"fcc4754a-124e-4c77-8405-9cb93adc4b89","deletionTimestamp":null,"description":null,"dirSyncEnabled":null,"displayName":"jediGroup","lastDirSyncTime":null,"mail":null,"mailNickname":"jediGroup","mailEnabled":false,"onPremisesDomainName":null,"onPremisesNetBiosName":null,"onPremisesSamAccountName":null,"onPremisesSecurityIdentifier":null,"provisioningErrors":[],"proxyAddresses":[],"securityEnabled":true}]}'
    headers:
      access-control-allow-origin:
      - '*'
      cache-control:
      - no-cache
      content-length:
      - '8829'
      content-type:
      - application/json; odata=minimalmetadata; streaming=true; charset=utf-8
      dataserviceversion:
      - 3.0;
      date:
      - Tue, 29 Oct 2019 08:03:13 GMT
      duration:
      - '2688270'
      expires:
      - '-1'
      ocp-aad-diagnostics-server-name:
      - f7NL0FmTJ8JNWIfqHCIrTaLlqNjkXErDM8C/2jqzM2c=
      ocp-aad-session-key:
      - mwUSNE_dNvnFha7mgB6GO-eXuZ72BQxWhEtqzlNhk8FawL0LYhEzZh_jQnI-siuYjPUlKSb2g2NXz0TWD7IC5bas9aClOfNfrX9PS2Jwq0GyQl4LJr7MQXBBffGhOQ7rJzUe-_h9UzeGlBGUAylKneZSVMx7xan8hsxVDSAO4pk.8HjYLWpN_pf0MAeoPw7gTD9Kn_vRxECPBHjuxF3xSkE
      pragma:
      - no-cache
      request-id:
      - aa69be0c-d90f-44bb-8fd4-028d8654a8a5
      strict-transport-security:
      - max-age=31536000; includeSubDomains
      x-aspnet-version:
      - 4.0.30319
      x-ms-dirapi-data-contract-version:
      - '1.6'
      x-powered-by:
      - ASP.NET
    status:
      code: 200
      message: OK
- request:
    body: null
    headers:
      Accept:
      - application/json
      Accept-Encoding:
      - gzip, deflate
      CommandName:
      - ad user delete
      Connection:
      - keep-alive
      Content-Length:
      - '0'
      ParameterSetName:
      - --upn-or-object-id
      User-Agent:
      - python/3.7.4 (Windows-10-10.0.18362-SP0) msrest/0.6.9 msrest_azure/0.6.2 azure-graphrbac/0.60.0
        Azure-SDK-For-Python AZURECLI/2.0.75
      accept-language:
      - en-US
    method: DELETE
    uri: https://graph.windows.net/00000000-0000-0000-0000-000000000000/users/8afe9b56-0ca2-467d-be4c-d1e723cec326?api-version=1.6
  response:
    body:
      string: ''
    headers:
      access-control-allow-origin:
      - '*'
      cache-control:
      - no-cache
      date:
      - Tue, 29 Oct 2019 08:03:14 GMT
      duration:
      - '3234489'
      expires:
      - '-1'
      ocp-aad-diagnostics-server-name:
      - ESVIy1e+JXVUVgmV7VeKLAjLSG2HRo/cFw4RCtyyqhQ=
      ocp-aad-session-key:
      - qJ86c-dxX_PqmkXvNWAZ2RzqF3-h6utKGrwVGtRhecDUgBli9B1B54TlVIJLXqpbdVyR9OIsuyMOeeBtNIxve5nbOQ7Yk6FhCnPzwS6J0x2WV5uMEiEHYVKy4um6CWPBOdYLjtCiPm6Y7hiItfsp8JxmCtvp6YWkfuLXaRwfuN8.U5cPvyESCcBS5DleihtoXSZvVpkj-qhrRQ8TkivyZyI
      pragma:
      - no-cache
      request-id:
      - 9ab35fd9-b69e-411d-86e3-475030c6e69d
      strict-transport-security:
      - max-age=31536000; includeSubDomains
      x-aspnet-version:
      - 4.0.30319
      x-ms-dirapi-data-contract-version:
      - '1.6'
      x-powered-by:
      - ASP.NET
    status:
      code: 204
      message: No Content
- request:
    body: null
    headers:
      Accept:
      - application/json
      Accept-Encoding:
      - gzip, deflate
      CommandName:
      - ad user delete
      Connection:
      - keep-alive
      Content-Length:
      - '0'
      ParameterSetName:
      - --upn-or-object-id
      User-Agent:
      - python/3.7.4 (Windows-10-10.0.18362-SP0) msrest/0.6.9 msrest_azure/0.6.2 azure-graphrbac/0.60.0
        Azure-SDK-For-Python AZURECLI/2.0.75
      accept-language:
      - en-US
    method: DELETE
    uri: https://graph.windows.net/00000000-0000-0000-0000-000000000000/users/a1991e9b-2df1-4fae-99f3-b600ac5b2148?api-version=1.6
  response:
    body:
      string: ''
    headers:
      access-control-allow-origin:
      - '*'
      cache-control:
      - no-cache
      date:
      - Tue, 29 Oct 2019 08:03:15 GMT
      duration:
      - '3179968'
      expires:
      - '-1'
      ocp-aad-diagnostics-server-name:
      - wL7zcXvhIXIAGeynkORCtbz/3bweluE/NT+Ij6AZJG0=
      ocp-aad-session-key:
      - xAg2JrsiACJIOAVWAGH7V7l7SaH0T0Gf69uEYJny8RNzyeEh6lD2bfsCaIvYkAQck7HBwmo6pZWwNSI8N5W5sOCuvZVUcYUyd_qPDEKka3A6CXjVUggaPtFZflwRV_kNjlM5KzGHFP7z1egNxfJS5CzTTqTVHy0eahz50fR95GE.otcTX_kZs0Y98RBTtMKaBgUSpuQKb5x1KrCZoBFt9Jo
      pragma:
      - no-cache
      request-id:
      - 0ff5f5c3-052d-49f7-a9b5-42a593288c82
      strict-transport-security:
      - max-age=31536000; includeSubDomains
      x-aspnet-version:
      - 4.0.30319
      x-ms-dirapi-data-contract-version:
      - '1.6'
      x-powered-by:
      - ASP.NET
    status:
      code: 204
      message: No Content
- request:
    body: null
    headers:
      Accept:
      - application/json
      Accept-Encoding:
      - gzip, deflate
      CommandName:
      - ad group delete
      Connection:
      - keep-alive
      ParameterSetName:
      - -g
      User-Agent:
      - python/3.7.4 (Windows-10-10.0.18362-SP0) msrest/0.6.9 msrest_azure/0.6.2 azure-graphrbac/0.60.0
        Azure-SDK-For-Python AZURECLI/2.0.75
      accept-language:
      - en-US
    method: GET
    uri: https://graph.windows.net/00000000-0000-0000-0000-000000000000/groups?$filter=startswith%28displayName%2C%27deleteme_g%27%29%20or%20displayName%20eq%20%27deleteme_g%27&api-version=1.6
  response:
    body:
      string: '{"odata.metadata":"https://graph.windows.net/00000000-0000-0000-0000-000000000000/$metadata#directoryObjects","value":[]}'
    headers:
      access-control-allow-origin:
      - '*'
      cache-control:
      - no-cache
      content-length:
      - '121'
      content-type:
      - application/json; odata=minimalmetadata; streaming=true; charset=utf-8
      dataserviceversion:
      - 3.0;
      date:
      - Tue, 29 Oct 2019 08:03:16 GMT
      duration:
      - '2310247'
      expires:
      - '-1'
      ocp-aad-diagnostics-server-name:
      - FzBy1dfPLdnOUgWf0dpSUTgv1fkpsaisLLmIFPDeitU=
      ocp-aad-session-key:
      - zWFCb19zUgRlGvSaLu42Z8kjmD4uIzTqqBbyP2uqCttrcwnvXZ7y-9eAD_PZkF9Dc1xstaZgYqGCP7SeVsGUZNzjpIpiDrdH9Sjvxm61NG9TAjg4gS6-cRuTUXANhu2pfRV8zWNDP6CiT0ot8U9YQT9oiLQJGD1qiQBSwJqA_E8.9vzhBllfMS9mSAtvn-T54hOf0NJBe5eF-Nwx121G80s
      pragma:
      - no-cache
      request-id:
      - 84e53cc6-39c4-455d-a158-46b8303fa7b8
      strict-transport-security:
      - max-age=31536000; includeSubDomains
      x-aspnet-version:
      - 4.0.30319
      x-ms-dirapi-data-contract-version:
      - '1.6'
      x-powered-by:
      - ASP.NET
    status:
      code: 200
      message: OK
version: 1
