interactions:
- request:
    body: '{"accountEnabled": true, "displayName": "deleteme1", "passwordProfile":
      {"password": "Test1234!!", "forceChangePasswordNextLogin": false}, "userPrincipalName":
      "deleteme1@example.com", "mailNickname": "deleteme1"}'
    headers:
      Accept:
      - application/json
      Accept-Encoding:
      - gzip, deflate
      CommandName:
      - ad user create
      Connection:
      - keep-alive
      Content-Length:
      - '230'
      Content-Type:
      - application/json; charset=utf-8
      ParameterSetName:
      - --display-name --password --user-principal-name
      User-Agent:
      - python/3.8.5 (Windows-10-10.0.19041-SP0) msrest/0.6.18 msrest_azure/0.6.3
        azure-graphrbac/0.60.0 Azure-SDK-For-Python AZURECLI/2.10.1
      accept-language:
      - en-US
    method: POST
    uri: https://graph.windows.net/00000000-0000-0000-0000-000000000000/users?api-version=1.6
  response:
    body:
      string: '{"odata.metadata":"https://graph.windows.net/00000000-0000-0000-0000-000000000000/$metadata#directoryObjects/@Element","odata.type":"Microsoft.DirectoryServices.User","objectType":"User","objectId":"cc380d58-0746-40fd-b4ff-e32a73ff0b34","deletionTimestamp":null,"accountEnabled":true,"ageGroup":null,"assignedLicenses":[],"assignedPlans":[],"city":null,"companyName":null,"consentProvidedForMinor":null,"country":null,"createdDateTime":"2020-08-21T06:26:19Z","creationType":null,"department":null,"dirSyncEnabled":null,"displayName":"deleteme1","employeeId":null,"facsimileTelephoneNumber":null,"givenName":null,"immutableId":null,"isCompromised":null,"jobTitle":null,"lastDirSyncTime":null,"legalAgeGroupClassification":null,"mail":null,"mailNickname":"deleteme1","mobile":null,"onPremisesDistinguishedName":null,"onPremisesSecurityIdentifier":null,"otherMails":[],"passwordPolicies":null,"passwordProfile":null,"physicalDeliveryOfficeName":null,"postalCode":null,"preferredLanguage":null,"provisionedPlans":[],"provisioningErrors":[],"proxyAddresses":[],"refreshTokensValidFromDateTime":"2020-08-21T06:26:18.9277731Z","showInAddressList":null,"signInNames":[],"sipProxyAddress":null,"state":null,"streetAddress":null,"surname":null,"telephoneNumber":null,"thumbnailPhoto@odata.mediaEditLink":"directoryObjects/cc380d58-0746-40fd-b4ff-e32a73ff0b34/Microsoft.DirectoryServices.User/thumbnailPhoto","usageLocation":null,"userIdentities":[],"userPrincipalName":"deleteme1@example.com","userState":null,"userStateChangedOn":null,"userType":"Member"}'
    headers:
      access-control-allow-origin:
      - '*'
      cache-control:
      - no-cache
      content-length:
      - '1563'
      content-type:
      - application/json; odata=minimalmetadata; streaming=true; charset=utf-8
      dataserviceversion:
      - 3.0;
      date:
      - Fri, 21 Aug 2020 06:26:18 GMT
      duration:
      - '6078056'
      expires:
      - '-1'
      location:
      - https://graph.windows.net/00000000-0000-0000-0000-000000000000/directoryObjects/cc380d58-0746-40fd-b4ff-e32a73ff0b34/Microsoft.DirectoryServices.User
      ocp-aad-diagnostics-server-name:
      - PRGXX9jjf9bQz2WUo+1Gib56c0IpEiXlqye6PC24stc=
      ocp-aad-session-key:
      - XdV5Qpis1I_DiIsxS6SwCdD-cYrdVFuBlnth1rvqtj9NORHiGV-dV-34V5vCK8r6u8JP6M_0Wa5pf127EBT7U0Yg7WeJRWMmW9x_eBRWR9cs0U2rvupwor_cs0KfQzLHNG97fCeLtlefbzKfF5vLAIk1CiCgDUp38Fy-Qw7zJhs.dH8jilH7pBBfMWENGCBhiYlaxRqB07EXZ5hG1OZqwF4
      pragma:
      - no-cache
      request-id:
      - d5af9789-ac56-4229-aa67-1c85e62403ba
      strict-transport-security:
      - max-age=31536000; includeSubDomains
      x-aspnet-version:
      - 4.0.30319
      x-ms-dirapi-data-contract-version:
      - '1.6'
      x-ms-resource-unit:
      - '1'
      x-powered-by:
      - ASP.NET
    status:
      code: 201
      message: Created
- request:
    body: '{"accountEnabled": false, "displayName": "deleteme1_new", "mailNickname":
      "deleteme11"}'
    headers:
      Accept:
      - application/json
      Accept-Encoding:
      - gzip, deflate
      CommandName:
      - ad user update
      Connection:
      - keep-alive
      Content-Length:
      - '87'
      Content-Type:
      - application/json; charset=utf-8
      ParameterSetName:
      - --display-name --account-enabled --id --mail-nickname
      User-Agent:
      - python/3.8.5 (Windows-10-10.0.19041-SP0) msrest/0.6.18 msrest_azure/0.6.3
        azure-graphrbac/0.60.0 Azure-SDK-For-Python AZURECLI/2.10.1
      accept-language:
      - en-US
    method: PATCH
    uri: https://graph.windows.net/00000000-0000-0000-0000-000000000000/users/deleteme1%40example.com?api-version=1.6
  response:
    body:
      string: ''
    headers:
      access-control-allow-origin:
      - '*'
      cache-control:
      - no-cache
      date:
      - Fri, 21 Aug 2020 06:26:19 GMT
      duration:
      - '5308127'
      expires:
      - '-1'
      ocp-aad-diagnostics-server-name:
      - 89ehBeiIi5vsLXIGQFsOdP5/iXWeBJ+QgcZg2nJAI+A=
      ocp-aad-session-key:
      - HSg08FtEesaad7-FdGIDQYkpnPU3FBYfUa51n98j8kCZubRwpx64cu-RfR06aT2rWbIMzEK3_h_6_CRXDI4TFOD2bXFI0RJLzfB9KW4PYuEV2suX_I4a4MIISN0EtvoOAHnZ6pIhl6EAfbizx890ZuUzFRf3q7Dxgm3QTtOgrfY.nBLLWmbS7N-HwVwMtwQuG4nSch-VLuqQcyNRaZU3IkQ
      pragma:
      - no-cache
      request-id:
      - 255bfed1-71fe-45dc-abb7-87f02ae1f10c
      strict-transport-security:
      - max-age=31536000; includeSubDomains
      x-aspnet-version:
      - 4.0.30319
      x-ms-dirapi-data-contract-version:
      - '1.6'
      x-ms-resource-unit:
      - '1'
      x-powered-by:
      - ASP.NET
    status:
      code: 204
      message: No Content
- request:
    body: null
    headers:
      Accept:
      - application/json
      Accept-Encoding:
      - gzip, deflate
      CommandName:
      - ad user show
      Connection:
      - keep-alive
      ParameterSetName:
      - --upn-or-object-id
      User-Agent:
      - python/3.8.5 (Windows-10-10.0.19041-SP0) msrest/0.6.18 msrest_azure/0.6.3
        azure-graphrbac/0.60.0 Azure-SDK-For-Python AZURECLI/2.10.1
      accept-language:
      - en-US
    method: GET
    uri: https://graph.windows.net/00000000-0000-0000-0000-000000000000/users/deleteme1%40example.com?api-version=1.6
  response:
    body:
      string: '{"odata.metadata":"https://graph.windows.net/00000000-0000-0000-0000-000000000000/$metadata#directoryObjects/@Element","odata.type":"Microsoft.DirectoryServices.User","objectType":"User","objectId":"cc380d58-0746-40fd-b4ff-e32a73ff0b34","deletionTimestamp":null,"accountEnabled":false,"ageGroup":null,"assignedLicenses":[],"assignedPlans":[],"city":null,"companyName":null,"consentProvidedForMinor":null,"country":null,"createdDateTime":"2020-08-21T06:26:19Z","creationType":null,"department":null,"dirSyncEnabled":null,"displayName":"deleteme1_new","employeeId":null,"facsimileTelephoneNumber":null,"givenName":null,"immutableId":null,"isCompromised":null,"jobTitle":null,"lastDirSyncTime":null,"legalAgeGroupClassification":null,"mail":null,"mailNickname":"deleteme11","mobile":null,"onPremisesDistinguishedName":null,"onPremisesSecurityIdentifier":null,"otherMails":[],"passwordPolicies":null,"passwordProfile":null,"physicalDeliveryOfficeName":null,"postalCode":null,"preferredLanguage":null,"provisionedPlans":[],"provisioningErrors":[],"proxyAddresses":[],"refreshTokensValidFromDateTime":"2020-08-21T06:26:18Z","showInAddressList":null,"signInNames":[],"sipProxyAddress":null,"state":null,"streetAddress":null,"surname":null,"telephoneNumber":null,"thumbnailPhoto@odata.mediaEditLink":"directoryObjects/cc380d58-0746-40fd-b4ff-e32a73ff0b34/Microsoft.DirectoryServices.User/thumbnailPhoto","usageLocation":null,"userIdentities":[],"userPrincipalName":"deleteme1@example.com","userState":null,"userStateChangedOn":null,"userType":"Member"}'
    headers:
      access-control-allow-origin:
      - '*'
      cache-control:
      - no-cache
      content-length:
      - '1561'
      content-type:
      - application/json; odata=minimalmetadata; streaming=true; charset=utf-8
      dataserviceversion:
      - 3.0;
      date:
      - Fri, 21 Aug 2020 06:26:19 GMT
      duration:
      - '2393534'
      expires:
      - '-1'
      ocp-aad-diagnostics-server-name:
      - mkmGIZ2j5Ca42Qa49ycJm+noc56ZbQai9OBtxAgVnJk=
      ocp-aad-session-key:
      - a_Vi1lNQiUXPvY0pGRaeyfjow3VjcGMZ0aTDLJrQ_3t1kbVXrKGGwa4Lmdu7AwGA57nukraKbMwzpo0JT0_1A7PT8aIIyI2HZMy4c-JDgacGEBbBXR82MoMzFSUWDUoP9gMeciE45bLvUKykZxUpAzZDl98RRjR2AP7trJArOZA.ZoczxhD4FJUnY9mICikuclJyvKVCSO6GUB8aLOUTVLA
      pragma:
      - no-cache
      request-id:
      - bcdc1c58-7052-4971-b295-58f9dd7573d2
      strict-transport-security:
      - max-age=31536000; includeSubDomains
      x-aspnet-version:
      - 4.0.30319
      x-ms-dirapi-data-contract-version:
      - '1.6'
      x-ms-resource-unit:
      - '1'
      x-powered-by:
      - ASP.NET
    status:
      code: 200
      message: OK
- request:
    body: '{"passwordProfile": {"password": "Test1234!!"}}'
    headers:
      Accept:
      - application/json
      Accept-Encoding:
      - gzip, deflate
      CommandName:
      - ad user update
      Connection:
      - keep-alive
      Content-Length:
      - '47'
      Content-Type:
      - application/json; charset=utf-8
      ParameterSetName:
      - --id --password
      User-Agent:
      - python/3.8.5 (Windows-10-10.0.19041-SP0) msrest/0.6.18 msrest_azure/0.6.3
        azure-graphrbac/0.60.0 Azure-SDK-For-Python AZURECLI/2.10.1
      accept-language:
      - en-US
    method: PATCH
    uri: https://graph.windows.net/00000000-0000-0000-0000-000000000000/users/deleteme1%40example.com?api-version=1.6
  response:
    body:
      string: ''
    headers:
      access-control-allow-origin:
      - '*'
      cache-control:
      - no-cache
      date:
      - Fri, 21 Aug 2020 06:26:20 GMT
      duration:
      - '6030642'
      expires:
      - '-1'
      ocp-aad-diagnostics-server-name:
      - psE1e0eMCRsW8VuLfPbL8q2rg/AoaKNYa0VRdRKfMjg=
      ocp-aad-session-key:
      - DWEtQwwkxXmaP8vJNDbjRpK0zufAA6GYLAdTxyiQ2vXupSZMS516SZpvjbdYPsUvll_UuFSntEDVR2EftO_Ao-SHq-cD3Sk3wOIfUoM5lnJusIUuIR6ayAQJ7miDRXj_K2cwETbFIM1y1Qt85CtsUinOhcMvC5NOJdGmiugKwYQ.GLIJH-br8J3bISp3MjmBLqvJuz55NxHG0HVhkNeuxqs
      pragma:
      - no-cache
      request-id:
      - deb203fb-f679-416c-b9e5-f24407ff4f99
      strict-transport-security:
      - max-age=31536000; includeSubDomains
      x-aspnet-version:
      - 4.0.30319
      x-ms-dirapi-data-contract-version:
      - '1.6'
      x-ms-resource-unit:
      - '1'
      x-powered-by:
      - ASP.NET
    status:
      code: 204
      message: No Content
- request:
    body: '{"passwordProfile": {"password": "Test1234!!", "forceChangePasswordNextLogin":
      true}}'
    headers:
      Accept:
      - application/json
      Accept-Encoding:
      - gzip, deflate
      CommandName:
      - ad user update
      Connection:
      - keep-alive
      Content-Length:
      - '85'
      Content-Type:
      - application/json; charset=utf-8
      ParameterSetName:
      - --id --password --force-change-password-next-login
      User-Agent:
      - python/3.8.5 (Windows-10-10.0.19041-SP0) msrest/0.6.18 msrest_azure/0.6.3
        azure-graphrbac/0.60.0 Azure-SDK-For-Python AZURECLI/2.10.1
      accept-language:
      - en-US
    method: PATCH
    uri: https://graph.windows.net/00000000-0000-0000-0000-000000000000/users/deleteme1%40example.com?api-version=1.6
  response:
    body:
      string: ''
    headers:
      access-control-allow-origin:
      - '*'
      cache-control:
      - no-cache
      date:
      - Fri, 21 Aug 2020 06:26:21 GMT
      duration:
      - '5466504'
      expires:
      - '-1'
      ocp-aad-diagnostics-server-name:
      - BRXu3ElgUnY89ucLsTTluLNdygppco2UVlxAWeS6xlg=
      ocp-aad-session-key:
      - PFV_E5kuX7JdG1zgYSFkxNboQB942S5udaycX0tzPIwYES7Mrh3zD6zMgYl2lpjgiGb1tXLjJjpWyMSSlP7Qiq_SbeX9wWOh9ApdtHZ9n74GUv1tv-eMC04dRB882umKIEo9_0YBErrdBDP23nCY780BuY1CrKYZeNYH2G-yiMU.zqIUxFM7sFR12ag_Bgr6ucUz-c5-SoVMHNlTPikdHOw
      pragma:
      - no-cache
      request-id:
      - abe979ff-f2b4-4224-a097-7486a0ead71b
      strict-transport-security:
      - max-age=31536000; includeSubDomains
      x-aspnet-version:
      - 4.0.30319
      x-ms-dirapi-data-contract-version:
      - '1.6'
      x-ms-resource-unit:
      - '1'
      x-powered-by:
      - ASP.NET
    status:
      code: 204
      message: No Content
- request:
    body: '{"accountEnabled": true, "displayName": "deleteme2", "passwordProfile":
      {"password": "Test1234!!", "forceChangePasswordNextLogin": false}, "userPrincipalName":
      "deleteme2@example.com", "mailNickname": "deleteme2"}'
    headers:
      Accept:
      - application/json
      Accept-Encoding:
      - gzip, deflate
      CommandName:
      - ad user create
      Connection:
      - keep-alive
      Content-Length:
      - '230'
      Content-Type:
      - application/json; charset=utf-8
      ParameterSetName:
      - --display-name --password --user-principal-name
      User-Agent:
      - python/3.8.5 (Windows-10-10.0.19041-SP0) msrest/0.6.18 msrest_azure/0.6.3
        azure-graphrbac/0.60.0 Azure-SDK-For-Python AZURECLI/2.10.1
      accept-language:
      - en-US
    method: POST
    uri: https://graph.windows.net/00000000-0000-0000-0000-000000000000/users?api-version=1.6
  response:
    body:
      string: '{"odata.metadata":"https://graph.windows.net/00000000-0000-0000-0000-000000000000/$metadata#directoryObjects/@Element","odata.type":"Microsoft.DirectoryServices.User","objectType":"User","objectId":"ce8da55c-fef6-4527-b815-847aff78e387","deletionTimestamp":null,"accountEnabled":true,"ageGroup":null,"assignedLicenses":[],"assignedPlans":[],"city":null,"companyName":null,"consentProvidedForMinor":null,"country":null,"createdDateTime":"2020-08-21T06:26:23Z","creationType":null,"department":null,"dirSyncEnabled":null,"displayName":"deleteme2","employeeId":null,"facsimileTelephoneNumber":null,"givenName":null,"immutableId":null,"isCompromised":null,"jobTitle":null,"lastDirSyncTime":null,"legalAgeGroupClassification":null,"mail":null,"mailNickname":"deleteme2","mobile":null,"onPremisesDistinguishedName":null,"onPremisesSecurityIdentifier":null,"otherMails":[],"passwordPolicies":null,"passwordProfile":null,"physicalDeliveryOfficeName":null,"postalCode":null,"preferredLanguage":null,"provisionedPlans":[],"provisioningErrors":[],"proxyAddresses":[],"refreshTokensValidFromDateTime":"2020-08-21T06:26:22.9568165Z","showInAddressList":null,"signInNames":[],"sipProxyAddress":null,"state":null,"streetAddress":null,"surname":null,"telephoneNumber":null,"thumbnailPhoto@odata.mediaEditLink":"directoryObjects/ce8da55c-fef6-4527-b815-847aff78e387/Microsoft.DirectoryServices.User/thumbnailPhoto","usageLocation":null,"userIdentities":[],"userPrincipalName":"deleteme2@example.com","userState":null,"userStateChangedOn":null,"userType":"Member"}'
    headers:
      access-control-allow-origin:
      - '*'
      cache-control:
      - no-cache
      content-length:
      - '1563'
      content-type:
      - application/json; odata=minimalmetadata; streaming=true; charset=utf-8
      dataserviceversion:
      - 3.0;
      date:
      - Fri, 21 Aug 2020 06:26:22 GMT
      duration:
      - '5317396'
      expires:
      - '-1'
      location:
      - https://graph.windows.net/00000000-0000-0000-0000-000000000000/directoryObjects/ce8da55c-fef6-4527-b815-847aff78e387/Microsoft.DirectoryServices.User
      ocp-aad-diagnostics-server-name:
      - 6sefrbwjEnLiuPVqSE8CNdgE3jZeyuKw+YvzR5MjvEY=
      ocp-aad-session-key:
      - fSBBX0VMkAvR567pDA1DLEzdWs_2DkdcqGF1VFxrVDX-Cd0EjXR0oFedDqnASfU0hcxexAMT7qUBf74PcVoUz2UR5CyEeXToZnVBhTVqLzQdQhqlzu96sS8fsNzxs-Psi0nhec4Vy4uF3cJ881ebhJvVt51ad926ZoVhe4GALzY._k9jafPndntfx478alhi4BXOjICMZ3T-yOkle7SA5oQ
      pragma:
      - no-cache
      request-id:
      - 2c08b73d-074e-4b40-a5dd-edd071979268
      strict-transport-security:
      - max-age=31536000; includeSubDomains
      x-aspnet-version:
      - 4.0.30319
      x-ms-dirapi-data-contract-version:
      - '1.6'
      x-ms-resource-unit:
      - '1'
      x-powered-by:
      - ASP.NET
    status:
      code: 201
      message: Created
- request:
    body: null
    headers:
      Accept:
      - application/json
      Accept-Encoding:
      - gzip, deflate
      CommandName:
      - ad group create
      Connection:
      - keep-alive
      ParameterSetName:
      - --display-name --mail-nickname --description
      User-Agent:
      - python/3.8.5 (Windows-10-10.0.19041-SP0) msrest/0.6.18 msrest_azure/0.6.3
        azure-graphrbac/0.60.0 Azure-SDK-For-Python AZURECLI/2.10.1
      accept-language:
      - en-US
    method: GET
    uri: https://graph.windows.net/00000000-0000-0000-0000-000000000000/groups?$filter=displayName%20eq%20%27deleteme_g%27%20and%20mailNickname%20eq%20%27deleteme_g%27&api-version=1.6
  response:
    body:
      string: '{"odata.metadata":"https://graph.windows.net/00000000-0000-0000-0000-000000000000/$metadata#directoryObjects","value":[]}'
    headers:
      access-control-allow-origin:
      - '*'
      cache-control:
      - no-cache
      content-length:
      - '121'
      content-type:
      - application/json; odata=minimalmetadata; streaming=true; charset=utf-8
      dataserviceversion:
      - 3.0;
      date:
      - Fri, 21 Aug 2020 06:26:23 GMT
      duration:
      - '2317304'
      expires:
      - '-1'
      ocp-aad-diagnostics-server-name:
      - J5W1aFTGa+9Ktpwq7jejrBeOZZl7Fm7rhKv1KngFtPE=
      ocp-aad-session-key:
      - ElIVfXKcF8Qcq0RgJS86lDABdsNo_nPaxBVmWaOBzW5ypptOaD5BsI5TeRnuXhc33PMvEuJzHJpm16dWsjgcdxpfPcmtfvIdocQsgyspkg0CAtXVVUVHPyClI_mIxoeCVAml-IQYEtXRG0yZxIrB1J1vvB4CsGm8N-yhLh4_r_8.dhLoOceGEdNGI2VPQFLg6XwcDliLpNFnXxehqh_B9ZU
      pragma:
      - no-cache
      request-id:
      - e1e60944-daf7-4a3f-b0e7-866eac736d26
      strict-transport-security:
      - max-age=31536000; includeSubDomains
      x-aspnet-version:
      - 4.0.30319
      x-ms-dirapi-data-contract-version:
      - '1.6'
      x-ms-resource-unit:
      - '1'
      x-powered-by:
      - ASP.NET
    status:
      code: 200
      message: OK
- request:
    body: '{"description": "deleteme_g", "displayName": "deleteme_g", "mailEnabled":
      false, "mailNickname": "deleteme_g", "securityEnabled": true}'
    headers:
      Accept:
      - application/json
      Accept-Encoding:
      - gzip, deflate
      CommandName:
      - ad group create
      Connection:
      - keep-alive
      Content-Length:
      - '135'
      Content-Type:
      - application/json; charset=utf-8
      ParameterSetName:
      - --display-name --mail-nickname --description
      User-Agent:
      - python/3.8.5 (Windows-10-10.0.19041-SP0) msrest/0.6.18 msrest_azure/0.6.3
        azure-graphrbac/0.60.0 Azure-SDK-For-Python AZURECLI/2.10.1
      accept-language:
      - en-US
    method: POST
    uri: https://graph.windows.net/00000000-0000-0000-0000-000000000000/groups?api-version=1.6
  response:
    body:
      string: '{"odata.metadata":"https://graph.windows.net/00000000-0000-0000-0000-000000000000/$metadata#directoryObjects/@Element","odata.type":"Microsoft.DirectoryServices.Group","objectType":"Group","objectId":"acd05d7f-ab36-4c2a-8b71-ce973e36ccba","deletionTimestamp":null,"description":"deleteme_g","dirSyncEnabled":null,"displayName":"deleteme_g","lastDirSyncTime":null,"mail":null,"mailNickname":"deleteme_g","mailEnabled":false,"onPremisesDomainName":null,"onPremisesNetBiosName":null,"onPremisesSamAccountName":null,"onPremisesSecurityIdentifier":null,"provisioningErrors":[],"proxyAddresses":[],"securityEnabled":true}'
    headers:
      access-control-allow-origin:
      - '*'
      cache-control:
      - no-cache
      content-length:
      - '615'
      content-type:
      - application/json; odata=minimalmetadata; streaming=true; charset=utf-8
      dataserviceversion:
      - 3.0;
      date:
      - Fri, 21 Aug 2020 06:26:24 GMT
      duration:
      - '5221561'
      expires:
      - '-1'
      location:
      - https://graph.windows.net/00000000-0000-0000-0000-000000000000/directoryObjects/acd05d7f-ab36-4c2a-8b71-ce973e36ccba/Microsoft.DirectoryServices.Group
      ocp-aad-diagnostics-server-name:
      - uVbQ6xgs/RlO9xH5o52ndOI15G/uG647muL/LJD5RjY=
      ocp-aad-session-key:
      - H_JbLVeadAVCbR07sJPZ3b7kJAC5Jq9bkL28-13OlUpzNg5IvnQ2lMJ9Gs_s4Nho-2p5jfwga_-zGsdC9_bx9vemvDXoNE1NcTVfBoSMhIEQbOiRtzkXQ61Obd7H_t9kzLEDncwRJSPOgwrO9ewEcyFoRsOm2rIGI4lv0Uch5eI.0hVxT1ZXMgB4dlOj9ZNKIPK5mSndKGFEpUZ8bnipVFY
      pragma:
      - no-cache
      request-id:
      - c446b746-ade9-42c9-b11c-3536f9e49772
      strict-transport-security:
      - max-age=31536000; includeSubDomains
      x-aspnet-version:
      - 4.0.30319
      x-ms-dirapi-data-contract-version:
      - '1.6'
      x-ms-resource-unit:
      - '1'
      x-powered-by:
      - ASP.NET
    status:
      code: 201
      message: Created
- request:
    body: null
    headers:
      Accept:
      - application/json
      Accept-Encoding:
      - gzip, deflate
      CommandName:
      - ad group member add
      Connection:
      - keep-alive
      ParameterSetName:
      - -g --member-id
      User-Agent:
      - python/3.8.5 (Windows-10-10.0.19041-SP0) msrest/0.6.18 msrest_azure/0.6.3
        azure-graphrbac/0.60.0 Azure-SDK-For-Python AZURECLI/2.10.1
      accept-language:
      - en-US
    method: GET
    uri: https://graph.windows.net/00000000-0000-0000-0000-000000000000/groups?$filter=displayName%20eq%20%27deleteme_g%27&api-version=1.6
  response:
    body:
      string: '{"odata.metadata":"https://graph.windows.net/00000000-0000-0000-0000-000000000000/$metadata#directoryObjects","value":[{"odata.type":"Microsoft.DirectoryServices.Group","objectType":"Group","objectId":"acd05d7f-ab36-4c2a-8b71-ce973e36ccba","deletionTimestamp":null,"description":"deleteme_g","dirSyncEnabled":null,"displayName":"deleteme_g","lastDirSyncTime":null,"mail":null,"mailNickname":"deleteme_g","mailEnabled":false,"onPremisesDomainName":null,"onPremisesNetBiosName":null,"onPremisesSamAccountName":null,"onPremisesSecurityIdentifier":null,"provisioningErrors":[],"proxyAddresses":[],"securityEnabled":true}]}'
    headers:
      access-control-allow-origin:
      - '*'
      cache-control:
      - no-cache
      content-length:
      - '618'
      content-type:
      - application/json; odata=minimalmetadata; streaming=true; charset=utf-8
      dataserviceversion:
      - 3.0;
      date:
      - Fri, 21 Aug 2020 06:26:24 GMT
      duration:
      - '2195672'
      expires:
      - '-1'
      ocp-aad-diagnostics-server-name:
      - QE46OP7QH9b9YEig+PQuzvbDRWQ4hRBhkwALGVrMwDo=
      ocp-aad-session-key:
      - -5aLZjOyhPzPRZlYKn6-pxZQA7U0eTZScKSu9_72ZwZMA28i5Ao7g73mfFpI5IZIulDhPL5bXHoC6xiHgR57Lw93FHxXosEwKf45sQUengPIgj0eeltO2C9uKLJqBmWEPazFa9KIGkru3mAYw5VB4rYdR42uxX4XBRqniSE34Xs.i5OhmziEn9UYcjmV7C-FyOv2dCY7J-TV-0Ca94GEqDE
      pragma:
      - no-cache
      request-id:
      - e72fdff3-b847-4df0-92c8-400d0591124a
      strict-transport-security:
      - max-age=31536000; includeSubDomains
      x-aspnet-version:
      - 4.0.30319
      x-ms-dirapi-data-contract-version:
      - '1.6'
      x-ms-resource-unit:
      - '1'
      x-powered-by:
      - ASP.NET
    status:
      code: 200
      message: OK
- request:
    body: '{"url": "https://graph.windows.net/00000000-0000-0000-0000-000000000000/directoryObjects/cc380d58-0746-40fd-b4ff-e32a73ff0b34"}'
    headers:
      Accept:
      - application/json
      Accept-Encoding:
      - gzip, deflate
      CommandName:
      - ad group member add
      Connection:
      - keep-alive
      Content-Length:
      - '127'
      Content-Type:
      - application/json; charset=utf-8
      ParameterSetName:
      - -g --member-id
      User-Agent:
      - python/3.8.5 (Windows-10-10.0.19041-SP0) msrest/0.6.18 msrest_azure/0.6.3
        azure-graphrbac/0.60.0 Azure-SDK-For-Python AZURECLI/2.10.1
      accept-language:
      - en-US
    method: POST
    uri: https://graph.windows.net/00000000-0000-0000-0000-000000000000/groups/acd05d7f-ab36-4c2a-8b71-ce973e36ccba/$links/members?api-version=1.6
  response:
    body:
      string: ''
    headers:
      access-control-allow-origin:
      - '*'
      cache-control:
      - no-cache
      date:
      - Fri, 21 Aug 2020 06:26:25 GMT
      duration:
      - '5315310'
      expires:
      - '-1'
      ocp-aad-diagnostics-server-name:
      - s8b3SINXiq4yUQ7D+hkzg34bDluxs7CTY+E2hkr8Adc=
      ocp-aad-session-key:
      - kzibyk1wfJBGhR3zNM8uR7vu7UpFcjqob5_ve7bJ9ErPGlKzeyZTLwzTmuq8_3pAlNRmLs-Hzpnq99_uJmL_3UsO7PELk5lN3SrsuyWiMHCdzonwy3P1IsdG2SANis3Dyej7DUKiwI1WT4Lh7YPpUAWLzX8bq8YACGbvMH_6Awo.UBwDVNXDnM_SPQAwDVjMklRWQqA-UF9xnU7DIle1cyE
      pragma:
      - no-cache
      request-id:
      - fa2fcdc6-0b60-481c-821c-52fa71f2f7e3
      strict-transport-security:
      - max-age=31536000; includeSubDomains
      x-aspnet-version:
      - 4.0.30319
      x-ms-dirapi-data-contract-version:
      - '1.6'
      x-ms-resource-unit:
      - '1'
      x-powered-by:
      - ASP.NET
    status:
      code: 204
      message: No Content
- request:
    body: null
    headers:
      Accept:
      - application/json
      Accept-Encoding:
      - gzip, deflate
      CommandName:
      - ad group member add
      Connection:
      - keep-alive
      ParameterSetName:
      - -g --member-id
      User-Agent:
      - python/3.8.5 (Windows-10-10.0.19041-SP0) msrest/0.6.18 msrest_azure/0.6.3
        azure-graphrbac/0.60.0 Azure-SDK-For-Python AZURECLI/2.10.1
      accept-language:
      - en-US
    method: GET
    uri: https://graph.windows.net/00000000-0000-0000-0000-000000000000/groups?$filter=displayName%20eq%20%27deleteme_g%27&api-version=1.6
  response:
    body:
      string: '{"odata.metadata":"https://graph.windows.net/00000000-0000-0000-0000-000000000000/$metadata#directoryObjects","value":[{"odata.type":"Microsoft.DirectoryServices.Group","objectType":"Group","objectId":"acd05d7f-ab36-4c2a-8b71-ce973e36ccba","deletionTimestamp":null,"description":"deleteme_g","dirSyncEnabled":null,"displayName":"deleteme_g","lastDirSyncTime":null,"mail":null,"mailNickname":"deleteme_g","mailEnabled":false,"onPremisesDomainName":null,"onPremisesNetBiosName":null,"onPremisesSamAccountName":null,"onPremisesSecurityIdentifier":null,"provisioningErrors":[],"proxyAddresses":[],"securityEnabled":true}]}'
    headers:
      access-control-allow-origin:
      - '*'
      cache-control:
      - no-cache
      content-length:
      - '618'
      content-type:
      - application/json; odata=minimalmetadata; streaming=true; charset=utf-8
      dataserviceversion:
      - 3.0;
      date:
      - Fri, 21 Aug 2020 06:26:25 GMT
      duration:
      - '2313875'
      expires:
      - '-1'
      ocp-aad-diagnostics-server-name:
      - Pl+D9ryiQe1B9f6GgOT3I5ybZoAtjIUuBe3eXaLhY/Y=
      ocp-aad-session-key:
      - KF2HYSBfXWXds5ys2B5bs8gX_00EwiEdxRZjbq3yG6JcsR7HSRTgpdoebXcfTm1nhPJ4so8IIkMJLimM835gSbg4YguG3iH-LTbJIn5dQ_vnyitHXo34L7Ao0rsCw4UWh-0iIuyPB07toNjhV1xYPosZ7lQGgLi-AtIUphlPVSU.O1Yl-2xx_gF7TTVavjYKXG8FF21G8ViJTSOu1bjPyUU
      pragma:
      - no-cache
      request-id:
      - 63a23135-6ed4-4977-bd9c-3d96e4f4fc5f
      strict-transport-security:
      - max-age=31536000; includeSubDomains
      x-aspnet-version:
      - 4.0.30319
      x-ms-dirapi-data-contract-version:
      - '1.6'
      x-ms-resource-unit:
      - '1'
      x-powered-by:
      - ASP.NET
    status:
      code: 200
      message: OK
- request:
    body: '{"url": "https://graph.windows.net/00000000-0000-0000-0000-000000000000/directoryObjects/ce8da55c-fef6-4527-b815-847aff78e387"}'
    headers:
      Accept:
      - application/json
      Accept-Encoding:
      - gzip, deflate
      CommandName:
      - ad group member add
      Connection:
      - keep-alive
      Content-Length:
      - '127'
      Content-Type:
      - application/json; charset=utf-8
      ParameterSetName:
      - -g --member-id
      User-Agent:
      - python/3.8.5 (Windows-10-10.0.19041-SP0) msrest/0.6.18 msrest_azure/0.6.3
        azure-graphrbac/0.60.0 Azure-SDK-For-Python AZURECLI/2.10.1
      accept-language:
      - en-US
    method: POST
    uri: https://graph.windows.net/00000000-0000-0000-0000-000000000000/groups/acd05d7f-ab36-4c2a-8b71-ce973e36ccba/$links/members?api-version=1.6
  response:
    body:
      string: ''
    headers:
      access-control-allow-origin:
      - '*'
      cache-control:
      - no-cache
      date:
      - Fri, 21 Aug 2020 06:26:26 GMT
      duration:
      - '5862144'
      expires:
      - '-1'
      ocp-aad-diagnostics-server-name:
      - OGd52dHkIHcaxAyeCQfct4XNZH6J5AlyMhbgNvkrhVk=
      ocp-aad-session-key:
      - 19y6jplUdFw4s0PQn5P4oHjgtTlsfXKqv9AOIgtZSmmn7oMg2HcPINzr8eFFODEnEvjw0s4nzjTEHWoAY_uufuA1YsUpVbU4e3HtFVKoeao3bQkOiaN4Pz0-ppjEjCgttuMPWm2yCtHIi9uaBGuPAp1j6sT0J0o-pRbR8h1uK2s.wb0nJEW4uBzbfpz9Gz_xrkAGM-TcX_7dO4WgERmrWVg
      pragma:
      - no-cache
      request-id:
      - e891952d-2be0-45ff-8788-3c871e8e8bac
      strict-transport-security:
      - max-age=31536000; includeSubDomains
      x-aspnet-version:
      - 4.0.30319
      x-ms-dirapi-data-contract-version:
      - '1.6'
      x-ms-resource-unit:
      - '1'
      x-powered-by:
      - ASP.NET
    status:
      code: 204
      message: No Content
- request:
    body: '{"securityEnabledOnly": false}'
    headers:
      Accept:
      - application/json
      Accept-Encoding:
      - gzip, deflate
      CommandName:
      - ad user get-member-groups
      Connection:
      - keep-alive
      Content-Length:
      - '30'
      Content-Type:
      - application/json; charset=utf-8
      ParameterSetName:
      - --upn-or-object-id
      User-Agent:
      - python/3.8.5 (Windows-10-10.0.19041-SP0) msrest/0.6.18 msrest_azure/0.6.3
        azure-graphrbac/0.60.0 Azure-SDK-For-Python AZURECLI/2.10.1
      accept-language:
      - en-US
    method: POST
    uri: https://graph.windows.net/00000000-0000-0000-0000-000000000000/users/cc380d58-0746-40fd-b4ff-e32a73ff0b34/getMemberGroups?api-version=1.6
  response:
    body:
      string: '{"odata.metadata":"https://graph.windows.net/00000000-0000-0000-0000-000000000000/$metadata#Collection(Edm.String)","value":["acd05d7f-ab36-4c2a-8b71-ce973e36ccba"]}'
    headers:
      access-control-allow-origin:
      - '*'
      cache-control:
      - no-cache
      content-length:
      - '165'
      content-type:
      - application/json; odata=minimalmetadata; streaming=true; charset=utf-8
      dataserviceversion:
      - 3.0;
      date:
      - Fri, 21 Aug 2020 06:26:27 GMT
      duration:
      - '4576899'
      expires:
      - '-1'
      ocp-aad-diagnostics-server-name:
      - O6k4TMcsCADbVQjdMvf+VxmyPOahJWvENPBZhXopqYQ=
      ocp-aad-session-key:
      - Pt8iq2UBImPuVovlX8lnEQjlyyIDE8lJcS56mnotNQ8TBFh3g03wHQSAVm7SQZLImQP0xBElWc57uIkQha7POJu6vPS7G4QBL3dPPxjoWPS6w5jKincnqNKz_dazwhPf_ukdeTNjholCuV6C4AXrotLzmuBB_HpAPNwE55QGGig.GiORzm8lNxhZP8sdHtFbzXlMEHfudWJiSzVQoE_V1UA
      pragma:
      - no-cache
      request-id:
      - 56560006-be9c-4f99-9f59-798b08538e98
      strict-transport-security:
      - max-age=31536000; includeSubDomains
      x-aspnet-version:
      - 4.0.30319
      x-ms-dirapi-data-contract-version:
      - '1.6'
      x-ms-resource-unit:
      - '2'
      x-powered-by:
      - ASP.NET
    status:
      code: 200
      message: OK
- request:
    body: '{"objectIds": ["acd05d7f-ab36-4c2a-8b71-ce973e36ccba"], "includeDirectoryObjectReferences":
      true}'
    headers:
      Accept:
      - application/json
      Accept-Encoding:
      - gzip, deflate
      CommandName:
      - ad user get-member-groups
      Connection:
      - keep-alive
      Content-Length:
      - '97'
      Content-Type:
      - application/json; charset=utf-8
      ParameterSetName:
      - --upn-or-object-id
      User-Agent:
      - python/3.8.5 (Windows-10-10.0.19041-SP0) msrest/0.6.18 msrest_azure/0.6.3
        azure-graphrbac/0.60.0 Azure-SDK-For-Python AZURECLI/2.10.1
      accept-language:
      - en-US
    method: POST
    uri: https://graph.windows.net/00000000-0000-0000-0000-000000000000/getObjectsByObjectIds?api-version=1.6
  response:
    body:
      string: '{"odata.metadata":"https://graph.windows.net/00000000-0000-0000-0000-000000000000/$metadata#directoryObjects","value":[{"odata.type":"Microsoft.DirectoryServices.Group","objectType":"Group","objectId":"acd05d7f-ab36-4c2a-8b71-ce973e36ccba","deletionTimestamp":null,"description":"deleteme_g","dirSyncEnabled":null,"displayName":"deleteme_g","lastDirSyncTime":null,"mail":null,"mailNickname":"deleteme_g","mailEnabled":false,"onPremisesDomainName":null,"onPremisesNetBiosName":null,"onPremisesSamAccountName":null,"onPremisesSecurityIdentifier":null,"provisioningErrors":[],"proxyAddresses":[],"securityEnabled":true}]}'
    headers:
      access-control-allow-origin:
      - '*'
      cache-control:
      - no-cache
      content-length:
      - '618'
      content-type:
      - application/json; odata=minimalmetadata; streaming=true; charset=utf-8
      dataserviceversion:
      - 3.0;
      date:
      - Fri, 21 Aug 2020 06:26:28 GMT
      duration:
      - '4426873'
      expires:
      - '-1'
      ocp-aad-diagnostics-server-name:
      - qD03Phkyp3PESyOCOq/UWezyOoJRSPWoF1sQ7pSJmlE=
      ocp-aad-session-key:
      - L3xr-JXh15WsRJi19XFxtfF68IKU1DeN4Jg_nAvuM7as8Hd6hSgwcFArP4C7ULifeC6Gt36wd2Grkb-Jt4mrUFI9z2pH-mkdGVnDtDdB8tnLWM79nl6AEiFe_PTUgC86J7Ty3hQralyME7wJWmRuhYLIl7fnkCkGxa63WlbgBBE.qycxbzLY0JOe2ccuvmI8Ld3Oi6F6RWYQXLDzDyZZeSM
      pragma:
      - no-cache
      request-id:
      - 97916ed6-3a05-4951-83f2-c6756153eff4
      strict-transport-security:
      - max-age=31536000; includeSubDomains
      x-aspnet-version:
      - 4.0.30319
      x-ms-dirapi-data-contract-version:
      - '1.6'
      x-ms-resource-unit:
      - '3'
      x-powered-by:
      - ASP.NET
    status:
      code: 200
      message: OK
- request:
    body: null
    headers:
      Accept:
      - application/json
      Accept-Encoding:
      - gzip, deflate
      CommandName:
      - ad group show
      Connection:
      - keep-alive
      ParameterSetName:
      - -g
      User-Agent:
      - python/3.8.5 (Windows-10-10.0.19041-SP0) msrest/0.6.18 msrest_azure/0.6.3
        azure-graphrbac/0.60.0 Azure-SDK-For-Python AZURECLI/2.10.1
      accept-language:
      - en-US
    method: GET
    uri: https://graph.windows.net/00000000-0000-0000-0000-000000000000/groups?$filter=displayName%20eq%20%27deleteme_g%27&api-version=1.6
  response:
    body:
      string: '{"odata.metadata":"https://graph.windows.net/00000000-0000-0000-0000-000000000000/$metadata#directoryObjects","value":[{"odata.type":"Microsoft.DirectoryServices.Group","objectType":"Group","objectId":"acd05d7f-ab36-4c2a-8b71-ce973e36ccba","deletionTimestamp":null,"description":"deleteme_g","dirSyncEnabled":null,"displayName":"deleteme_g","lastDirSyncTime":null,"mail":null,"mailNickname":"deleteme_g","mailEnabled":false,"onPremisesDomainName":null,"onPremisesNetBiosName":null,"onPremisesSamAccountName":null,"onPremisesSecurityIdentifier":null,"provisioningErrors":[],"proxyAddresses":[],"securityEnabled":true}]}'
    headers:
      access-control-allow-origin:
      - '*'
      cache-control:
      - no-cache
      content-length:
      - '618'
      content-type:
      - application/json; odata=minimalmetadata; streaming=true; charset=utf-8
      dataserviceversion:
      - 3.0;
      date:
      - Fri, 21 Aug 2020 06:26:28 GMT
      duration:
      - '2257978'
      expires:
      - '-1'
      ocp-aad-diagnostics-server-name:
      - 51iBJpC99VT0XE2E+kBdfS8ZboPQ82X4Ya2wf9P8Ew0=
      ocp-aad-session-key:
      - _uOb5GBL-peTgj-maxYfny1pQzpXp6_fo2YMlTvXrXTZ-nvkwASxzyO9XlWSFDy0OR6H5J_JcpSVgZV5cqX_Um5OHDqpIJjJ5A2SpI1Nji0y6kbIPBJ5DmyueZG_IX2cRTLBksuJCd__R716PRePkxLx8zzjEzuJ0mOZiYhSDDI.dAwU0UO3-OpIqA4A0P51TphZRqb5p2WhfsUvxtAdqNM
      pragma:
      - no-cache
      request-id:
      - 474bf07e-22a9-4f36-b1f8-0c0f15a412bb
      strict-transport-security:
      - max-age=31536000; includeSubDomains
      x-aspnet-version:
      - 4.0.30319
      x-ms-dirapi-data-contract-version:
      - '1.6'
      x-ms-resource-unit:
      - '1'
      x-powered-by:
      - ASP.NET
    status:
      code: 200
      message: OK
- request:
    body: null
    headers:
      Accept:
      - application/json
      Accept-Encoding:
      - gzip, deflate
      CommandName:
      - ad group show
      Connection:
      - keep-alive
      ParameterSetName:
      - -g
      User-Agent:
      - python/3.8.5 (Windows-10-10.0.19041-SP0) msrest/0.6.18 msrest_azure/0.6.3
        azure-graphrbac/0.60.0 Azure-SDK-For-Python AZURECLI/2.10.1
      accept-language:
      - en-US
    method: GET
    uri: https://graph.windows.net/00000000-0000-0000-0000-000000000000/groups/acd05d7f-ab36-4c2a-8b71-ce973e36ccba?api-version=1.6
  response:
    body:
      string: '{"odata.metadata":"https://graph.windows.net/00000000-0000-0000-0000-000000000000/$metadata#directoryObjects/@Element","odata.type":"Microsoft.DirectoryServices.Group","objectType":"Group","objectId":"acd05d7f-ab36-4c2a-8b71-ce973e36ccba","deletionTimestamp":null,"description":"deleteme_g","dirSyncEnabled":null,"displayName":"deleteme_g","lastDirSyncTime":null,"mail":null,"mailNickname":"deleteme_g","mailEnabled":false,"onPremisesDomainName":null,"onPremisesNetBiosName":null,"onPremisesSamAccountName":null,"onPremisesSecurityIdentifier":null,"provisioningErrors":[],"proxyAddresses":[],"securityEnabled":true}'
    headers:
      access-control-allow-origin:
      - '*'
      cache-control:
      - no-cache
      content-length:
      - '615'
      content-type:
      - application/json; odata=minimalmetadata; streaming=true; charset=utf-8
      dataserviceversion:
      - 3.0;
      date:
      - Fri, 21 Aug 2020 06:26:29 GMT
      duration:
      - '2273978'
      expires:
      - '-1'
      ocp-aad-diagnostics-server-name:
      - psE1e0eMCRsW8VuLfPbL8q2rg/AoaKNYa0VRdRKfMjg=
      ocp-aad-session-key:
      - _UKCETjOicpJL1TOKQWCnIJUsKODv5lDjbiYfOQqHCmwoWleMH3qe8IjOp4LbBQuewO7-bj4ZL5uydOvZiRHrkDAYcfRghvTiC_9ws8Khks5Sim-_qP666XYqHDwcZ_llBI6Fww6W6IeFGmukkWyLTAw5iE-ssuJVGkTs_zGMGU._6UGYcQ6d4FxBmO341PffqSMgyQgU3cgR666P71Ee9c
      pragma:
      - no-cache
      request-id:
      - fb518fc6-04dd-4683-8e8f-3ba6647068f3
      strict-transport-security:
      - max-age=31536000; includeSubDomains
      x-aspnet-version:
      - 4.0.30319
      x-ms-dirapi-data-contract-version:
      - '1.6'
      x-ms-resource-unit:
      - '1'
      x-powered-by:
      - ASP.NET
    status:
      code: 200
      message: OK
- request:
    body: null
    headers:
      Accept:
      - application/json
      Accept-Encoding:
      - gzip, deflate
      CommandName:
      - ad group show
      Connection:
      - keep-alive
      ParameterSetName:
      - -g
      User-Agent:
      - python/3.8.5 (Windows-10-10.0.19041-SP0) msrest/0.6.18 msrest_azure/0.6.3
        azure-graphrbac/0.60.0 Azure-SDK-For-Python AZURECLI/2.10.1
      accept-language:
      - en-US
    method: GET
    uri: https://graph.windows.net/00000000-0000-0000-0000-000000000000/groups?$filter=displayName%20eq%20%27deleteme_g%27&api-version=1.6
  response:
    body:
      string: '{"odata.metadata":"https://graph.windows.net/00000000-0000-0000-0000-000000000000/$metadata#directoryObjects","value":[{"odata.type":"Microsoft.DirectoryServices.Group","objectType":"Group","objectId":"acd05d7f-ab36-4c2a-8b71-ce973e36ccba","deletionTimestamp":null,"description":"deleteme_g","dirSyncEnabled":null,"displayName":"deleteme_g","lastDirSyncTime":null,"mail":null,"mailNickname":"deleteme_g","mailEnabled":false,"onPremisesDomainName":null,"onPremisesNetBiosName":null,"onPremisesSamAccountName":null,"onPremisesSecurityIdentifier":null,"provisioningErrors":[],"proxyAddresses":[],"securityEnabled":true}]}'
    headers:
      access-control-allow-origin:
      - '*'
      cache-control:
      - no-cache
      content-length:
      - '618'
      content-type:
      - application/json; odata=minimalmetadata; streaming=true; charset=utf-8
      dataserviceversion:
      - 3.0;
      date:
      - Fri, 21 Aug 2020 06:26:30 GMT
      duration:
      - '2307463'
      expires:
      - '-1'
      ocp-aad-diagnostics-server-name:
      - 1K8OkAggl/7n8gRFRTrj6dGeUxfOr2uRL7vGQyv0S8k=
      ocp-aad-session-key:
      - 2s-Uc0yVP5rJ5kkUxdjmNySejww1b4iyFy1J0hOmT5PxCnWGdon4pO2D1HX1qyO376s4ne98f0czW2o2ZMYOTiJpSOlfJ4DxWy-5FDVSVPtHPhBm3mwltGND7g2pbZYYOXJ2yUBPNVaqOWfS-Q20yzhxzg2xvG6h0wZS8ETRnoA.z1vHSOVUKfHEqGhDOValwLaKAO8LoDt2ajhBAEWdYC4
      pragma:
      - no-cache
      request-id:
      - 116a45ad-436c-41a2-8575-3b48986eb1a8
      strict-transport-security:
      - max-age=31536000; includeSubDomains
      x-aspnet-version:
      - 4.0.30319
      x-ms-dirapi-data-contract-version:
      - '1.6'
      x-ms-resource-unit:
      - '1'
      x-powered-by:
      - ASP.NET
    status:
      code: 200
      message: OK
- request:
    body: null
    headers:
      Accept:
      - application/json
      Accept-Encoding:
      - gzip, deflate
      CommandName:
      - ad group show
      Connection:
      - keep-alive
      ParameterSetName:
      - -g
      User-Agent:
      - python/3.8.5 (Windows-10-10.0.19041-SP0) msrest/0.6.18 msrest_azure/0.6.3
        azure-graphrbac/0.60.0 Azure-SDK-For-Python AZURECLI/2.10.1
      accept-language:
      - en-US
    method: GET
    uri: https://graph.windows.net/00000000-0000-0000-0000-000000000000/groups/acd05d7f-ab36-4c2a-8b71-ce973e36ccba?api-version=1.6
  response:
    body:
      string: '{"odata.metadata":"https://graph.windows.net/00000000-0000-0000-0000-000000000000/$metadata#directoryObjects/@Element","odata.type":"Microsoft.DirectoryServices.Group","objectType":"Group","objectId":"acd05d7f-ab36-4c2a-8b71-ce973e36ccba","deletionTimestamp":null,"description":"deleteme_g","dirSyncEnabled":null,"displayName":"deleteme_g","lastDirSyncTime":null,"mail":null,"mailNickname":"deleteme_g","mailEnabled":false,"onPremisesDomainName":null,"onPremisesNetBiosName":null,"onPremisesSamAccountName":null,"onPremisesSecurityIdentifier":null,"provisioningErrors":[],"proxyAddresses":[],"securityEnabled":true}'
    headers:
      access-control-allow-origin:
      - '*'
      cache-control:
      - no-cache
      content-length:
      - '615'
      content-type:
      - application/json; odata=minimalmetadata; streaming=true; charset=utf-8
      dataserviceversion:
      - 3.0;
      date:
      - Fri, 21 Aug 2020 06:26:30 GMT
      duration:
      - '2252585'
      expires:
      - '-1'
      ocp-aad-diagnostics-server-name:
      - PQZJ1pwQ3eJmuzap5xS4uSZ8TXaBeCtl9AWv9C2et6o=
      ocp-aad-session-key:
      - vmp_rYahMNhj08GMjPVIxVuaxC5aaIEHztPpKey4Ue5wyRmHpDgl7B_N_rod8zxvSp07U8UJeBTYZS2J0KoZaS8q6j0wE1nnrOirWFKoHlnr92om3bdwSmMu2-a4S_VbL_195x5-bCQAEEi45MuaQs-vfGeeBUMWlAc_WQQgpdw.zrInUwkMpGwYdHUjXvKM7fyvY6Z90hRSRFU9SmiRlYw
      pragma:
      - no-cache
      request-id:
      - a50b2f09-9ed6-4806-abee-48b710921045
      strict-transport-security:
      - max-age=31536000; includeSubDomains
      x-aspnet-version:
      - 4.0.30319
      x-ms-dirapi-data-contract-version:
      - '1.6'
      x-ms-resource-unit:
      - '1'
      x-powered-by:
      - ASP.NET
    status:
      code: 200
      message: OK
- request:
    body: null
    headers:
      Accept:
      - application/json
      Accept-Encoding:
      - gzip, deflate
      CommandName:
      - ad group list
      Connection:
      - keep-alive
      ParameterSetName:
      - --display-name
      User-Agent:
      - python/3.8.5 (Windows-10-10.0.19041-SP0) msrest/0.6.18 msrest_azure/0.6.3
        azure-graphrbac/0.60.0 Azure-SDK-For-Python AZURECLI/2.10.1
      accept-language:
      - en-US
    method: GET
    uri: https://graph.windows.net/00000000-0000-0000-0000-000000000000/groups?$filter=startswith%28displayName%2C%27deleteme_g%27%29&api-version=1.6
  response:
    body:
      string: '{"odata.metadata":"https://graph.windows.net/00000000-0000-0000-0000-000000000000/$metadata#directoryObjects","value":[{"odata.type":"Microsoft.DirectoryServices.Group","objectType":"Group","objectId":"acd05d7f-ab36-4c2a-8b71-ce973e36ccba","deletionTimestamp":null,"description":"deleteme_g","dirSyncEnabled":null,"displayName":"deleteme_g","lastDirSyncTime":null,"mail":null,"mailNickname":"deleteme_g","mailEnabled":false,"onPremisesDomainName":null,"onPremisesNetBiosName":null,"onPremisesSamAccountName":null,"onPremisesSecurityIdentifier":null,"provisioningErrors":[],"proxyAddresses":[],"securityEnabled":true}]}'
    headers:
      access-control-allow-origin:
      - '*'
      cache-control:
      - no-cache
      content-length:
      - '618'
      content-type:
      - application/json; odata=minimalmetadata; streaming=true; charset=utf-8
      dataserviceversion:
      - 3.0;
      date:
      - Fri, 21 Aug 2020 06:26:31 GMT
      duration:
      - '2243228'
      expires:
      - '-1'
      ocp-aad-diagnostics-server-name:
      - 51iBJpC99VT0XE2E+kBdfS8ZboPQ82X4Ya2wf9P8Ew0=
      ocp-aad-session-key:
      - symPz8l2OFBIX0TA7qgVLE-3mj7hDGgtzaSrEtXXPDfC7NxYgWZMhwGY18E9g0IClc3-IZWbxmgnSm6B-0qAfLUqwX-IY48QnfrV4GpgZ6smwCv3rquSssDxIw1OQ7z6gbRffkez5jv1U_QTuTXIaV9mrAiSxqCgxOKTGWJv33s.4hL5TtEOGkU5kbKBTGHWN7g2Y5cuDn93l0Xq3cSsEfg
      pragma:
      - no-cache
      request-id:
      - 7d896353-8986-490c-8962-fd152b7daac4
      strict-transport-security:
      - max-age=31536000; includeSubDomains
      x-aspnet-version:
      - 4.0.30319
      x-ms-dirapi-data-contract-version:
      - '1.6'
      x-ms-resource-unit:
      - '1'
      x-powered-by:
      - ASP.NET
    status:
      code: 200
      message: OK
- request:
    body: null
    headers:
      Accept:
      - application/json
      Accept-Encoding:
      - gzip, deflate
      CommandName:
      - ad group get-member-groups
      Connection:
      - keep-alive
      ParameterSetName:
      - -g
      User-Agent:
      - python/3.8.5 (Windows-10-10.0.19041-SP0) msrest/0.6.18 msrest_azure/0.6.3
        azure-graphrbac/0.60.0 Azure-SDK-For-Python AZURECLI/2.10.1
      accept-language:
      - en-US
    method: GET
    uri: https://graph.windows.net/00000000-0000-0000-0000-000000000000/groups?$filter=displayName%20eq%20%27deleteme_g%27&api-version=1.6
  response:
    body:
      string: '{"odata.metadata":"https://graph.windows.net/00000000-0000-0000-0000-000000000000/$metadata#directoryObjects","value":[{"odata.type":"Microsoft.DirectoryServices.Group","objectType":"Group","objectId":"acd05d7f-ab36-4c2a-8b71-ce973e36ccba","deletionTimestamp":null,"description":"deleteme_g","dirSyncEnabled":null,"displayName":"deleteme_g","lastDirSyncTime":null,"mail":null,"mailNickname":"deleteme_g","mailEnabled":false,"onPremisesDomainName":null,"onPremisesNetBiosName":null,"onPremisesSamAccountName":null,"onPremisesSecurityIdentifier":null,"provisioningErrors":[],"proxyAddresses":[],"securityEnabled":true}]}'
    headers:
      access-control-allow-origin:
      - '*'
      cache-control:
      - no-cache
      content-length:
      - '618'
      content-type:
      - application/json; odata=minimalmetadata; streaming=true; charset=utf-8
      dataserviceversion:
      - 3.0;
      date:
      - Fri, 21 Aug 2020 06:26:31 GMT
      duration:
      - '2301656'
      expires:
      - '-1'
      ocp-aad-diagnostics-server-name:
      - z0Z34TY3NgYYlc+kqzqmcGlejfnBOsEZrgnki4ewTsY=
      ocp-aad-session-key:
      - 35uEiA7Qvm3iGI1d9g0h7WzJ1Orxqs-RTW79My3FulhzZxltT3K73KF7l13jhC2Fn_V8FlBo8YOIOJub5RGSLxZ7ye7ALbgfonFMa3a90VFMkVWu_OkrVAyt57--pQunXQByF0aVUTAmkFCV6VWs8h5ZprOqiEXJUujOuh3eXx8.F3bzmwMH3iesFn8q_nP6tEt3m_R8r6e3DDsWO7DA-3Q
      pragma:
      - no-cache
      request-id:
      - c3da7dfa-d415-4ebe-bca7-1d2715ed1061
      strict-transport-security:
      - max-age=31536000; includeSubDomains
      x-aspnet-version:
      - 4.0.30319
      x-ms-dirapi-data-contract-version:
      - '1.6'
      x-ms-resource-unit:
      - '1'
      x-powered-by:
      - ASP.NET
    status:
      code: 200
      message: OK
- request:
    body: '{"securityEnabledOnly": false}'
    headers:
      Accept:
      - application/json
      Accept-Encoding:
      - gzip, deflate
      CommandName:
      - ad group get-member-groups
      Connection:
      - keep-alive
      Content-Length:
      - '30'
      Content-Type:
      - application/json; charset=utf-8
      ParameterSetName:
      - -g
      User-Agent:
      - python/3.8.5 (Windows-10-10.0.19041-SP0) msrest/0.6.18 msrest_azure/0.6.3
        azure-graphrbac/0.60.0 Azure-SDK-For-Python AZURECLI/2.10.1
      accept-language:
      - en-US
    method: POST
    uri: https://graph.windows.net/00000000-0000-0000-0000-000000000000/groups/acd05d7f-ab36-4c2a-8b71-ce973e36ccba/getMemberGroups?api-version=1.6
  response:
    body:
      string: '{"odata.metadata":"https://graph.windows.net/00000000-0000-0000-0000-000000000000/$metadata#Collection(Edm.String)","value":[]}'
    headers:
      access-control-allow-origin:
      - '*'
      cache-control:
      - no-cache
      content-length:
      - '127'
      content-type:
      - application/json; odata=minimalmetadata; streaming=true; charset=utf-8
      dataserviceversion:
      - 3.0;
      date:
      - Fri, 21 Aug 2020 06:26:32 GMT
      duration:
      - '4433734'
      expires:
      - '-1'
      ocp-aad-diagnostics-server-name:
      - kmB7FVMi+Po5SgVrAxKy7bkOfgn/pf6EzHBiVu6zhnU=
      ocp-aad-session-key:
      - dIGrLNh9pbWtNbiQPcqxLaReRopF2X_CkpTtcO8MDRR94mh0H-Yo95WHo8aw6h1dfi--bRtdjXF5ZwtoSwv_2uSdW02HYHrSWPb7O0eD2XCkdD_6taQ6IJptujgw13Q-6AMhPgsYUopENxj6PThOTe187fSIO37T57QO-fzamTw.Y-IRcYk5eGZjy5W0dn6Z1sOMdNescOG7naTZuLfhu08
      pragma:
      - no-cache
      request-id:
      - 19a0b4d6-1a70-4402-8a8b-3cf49730c36d
      strict-transport-security:
      - max-age=31536000; includeSubDomains
      x-aspnet-version:
      - 4.0.30319
      x-ms-dirapi-data-contract-version:
      - '1.6'
      x-ms-resource-unit:
      - '2'
      x-powered-by:
      - ASP.NET
    status:
      code: 200
      message: OK
- request:
    body: null
    headers:
      Accept:
      - application/json
      Accept-Encoding:
      - gzip, deflate
      CommandName:
      - ad group member check
      Connection:
      - keep-alive
      ParameterSetName:
      - -g --member-id
      User-Agent:
      - python/3.8.5 (Windows-10-10.0.19041-SP0) msrest/0.6.18 msrest_azure/0.6.3
        azure-graphrbac/0.60.0 Azure-SDK-For-Python AZURECLI/2.10.1
      accept-language:
      - en-US
    method: GET
    uri: https://graph.windows.net/00000000-0000-0000-0000-000000000000/groups?$filter=displayName%20eq%20%27deleteme_g%27&api-version=1.6
  response:
    body:
      string: '{"odata.metadata":"https://graph.windows.net/00000000-0000-0000-0000-000000000000/$metadata#directoryObjects","value":[{"odata.type":"Microsoft.DirectoryServices.Group","objectType":"Group","objectId":"acd05d7f-ab36-4c2a-8b71-ce973e36ccba","deletionTimestamp":null,"description":"deleteme_g","dirSyncEnabled":null,"displayName":"deleteme_g","lastDirSyncTime":null,"mail":null,"mailNickname":"deleteme_g","mailEnabled":false,"onPremisesDomainName":null,"onPremisesNetBiosName":null,"onPremisesSamAccountName":null,"onPremisesSecurityIdentifier":null,"provisioningErrors":[],"proxyAddresses":[],"securityEnabled":true}]}'
    headers:
      access-control-allow-origin:
      - '*'
      cache-control:
      - no-cache
      content-length:
      - '618'
      content-type:
      - application/json; odata=minimalmetadata; streaming=true; charset=utf-8
      dataserviceversion:
      - 3.0;
      date:
      - Fri, 21 Aug 2020 06:26:33 GMT
      duration:
      - '2194784'
      expires:
      - '-1'
      ocp-aad-diagnostics-server-name:
      - ZtjrL6855/1nWsQgXw4059xGL7CEBjwxyLJieTbtGTs=
      ocp-aad-session-key:
      - eRdtBuVVY4mO6br1kLTcX59kscX3Y0UlfqwhEFRlLyl5AbilwQPRLA_NXgYF9nnL8sIC11kwYyGnt6b1cx3tW4HcVvjxsvziGH4omDwBnUSGOPg-BVhTFwGGNqCSKG4sglHG8Kb4RL09mUlqIHhrlvGfkspYFPh5-pgkd3iS26U.YoUsDZ7In8xJmgKpq99PMWXZFZtbLBL3NHiyE-M1UGM
      pragma:
      - no-cache
      request-id:
      - 9f771852-5602-48ab-9c68-7deaa133df6e
      strict-transport-security:
      - max-age=31536000; includeSubDomains
      x-aspnet-version:
      - 4.0.30319
      x-ms-dirapi-data-contract-version:
      - '1.6'
      x-ms-resource-unit:
      - '1'
      x-powered-by:
      - ASP.NET
    status:
      code: 200
      message: OK
- request:
    body: '{"groupId": "acd05d7f-ab36-4c2a-8b71-ce973e36ccba", "memberId": "cc380d58-0746-40fd-b4ff-e32a73ff0b34"}'
    headers:
      Accept:
      - application/json
      Accept-Encoding:
      - gzip, deflate
      CommandName:
      - ad group member check
      Connection:
      - keep-alive
      Content-Length:
      - '103'
      Content-Type:
      - application/json; charset=utf-8
      ParameterSetName:
      - -g --member-id
      User-Agent:
      - python/3.8.5 (Windows-10-10.0.19041-SP0) msrest/0.6.18 msrest_azure/0.6.3
        azure-graphrbac/0.60.0 Azure-SDK-For-Python AZURECLI/2.10.1
      accept-language:
      - en-US
    method: POST
    uri: https://graph.windows.net/00000000-0000-0000-0000-000000000000/isMemberOf?api-version=1.6
  response:
    body:
      string: '{"odata.metadata":"https://graph.windows.net/00000000-0000-0000-0000-000000000000/$metadata#Edm.Boolean","value":true}'
    headers:
      access-control-allow-origin:
      - '*'
      cache-control:
      - no-cache
      content-length:
      - '118'
      content-type:
      - application/json; odata=minimalmetadata; streaming=true; charset=utf-8
      dataserviceversion:
      - 3.0;
      date:
      - Fri, 21 Aug 2020 06:26:34 GMT
      duration:
      - '4529288'
      expires:
      - '-1'
      ocp-aad-diagnostics-server-name:
      - OdGMxGQXjcsEi1Ni8TYUlnct7L7Q1SWuomHGX99xfas=
      ocp-aad-session-key:
      - PQ_31BGIqroyeKn7KiDSsKPwn4pDjJNnKOct_U9KDXqWm9m11mJgNsTbo_zomOYkH5R6WfykSkFZp9Jud441SuxOvDm6GGvbke0hEFHGQK63P8B0vJYHDBeLZ73OxJssuiMtKlxhSyM-W9HZz75lvtBOZJyLImd8Qhj1U16HXZU.cN_RROskkrdnSn6snxcOw8eLuGsucw9-gnnAkky7wwI
      pragma:
      - no-cache
      request-id:
      - 5a43b8b6-9c19-4a8c-982a-78e69d50cc39
      strict-transport-security:
      - max-age=31536000; includeSubDomains
      x-aspnet-version:
      - 4.0.30319
      x-ms-dirapi-data-contract-version:
      - '1.6'
      x-ms-resource-unit:
      - '4'
      x-powered-by:
      - ASP.NET
    status:
      code: 200
      message: OK
- request:
    body: null
    headers:
      Accept:
      - application/json
      Accept-Encoding:
      - gzip, deflate
      CommandName:
      - ad group member check
      Connection:
      - keep-alive
      ParameterSetName:
      - -g --member-id
      User-Agent:
      - python/3.8.5 (Windows-10-10.0.19041-SP0) msrest/0.6.18 msrest_azure/0.6.3
        azure-graphrbac/0.60.0 Azure-SDK-For-Python AZURECLI/2.10.1
      accept-language:
      - en-US
    method: GET
    uri: https://graph.windows.net/00000000-0000-0000-0000-000000000000/groups?$filter=displayName%20eq%20%27deleteme_g%27&api-version=1.6
  response:
    body:
      string: '{"odata.metadata":"https://graph.windows.net/00000000-0000-0000-0000-000000000000/$metadata#directoryObjects","value":[{"odata.type":"Microsoft.DirectoryServices.Group","objectType":"Group","objectId":"acd05d7f-ab36-4c2a-8b71-ce973e36ccba","deletionTimestamp":null,"description":"deleteme_g","dirSyncEnabled":null,"displayName":"deleteme_g","lastDirSyncTime":null,"mail":null,"mailNickname":"deleteme_g","mailEnabled":false,"onPremisesDomainName":null,"onPremisesNetBiosName":null,"onPremisesSamAccountName":null,"onPremisesSecurityIdentifier":null,"provisioningErrors":[],"proxyAddresses":[],"securityEnabled":true}]}'
    headers:
      access-control-allow-origin:
      - '*'
      cache-control:
      - no-cache
      content-length:
      - '618'
      content-type:
      - application/json; odata=minimalmetadata; streaming=true; charset=utf-8
      dataserviceversion:
      - 3.0;
      date:
      - Fri, 21 Aug 2020 06:26:34 GMT
      duration:
      - '2306029'
      expires:
      - '-1'
      ocp-aad-diagnostics-server-name:
      - z0Z34TY3NgYYlc+kqzqmcGlejfnBOsEZrgnki4ewTsY=
      ocp-aad-session-key:
      - 6d4vynSEIuKVORAvmZ9YcZrqV9krnVjdYXsxaZIhRrJwIlPNYbgNkJIXdxnRVwmyjzjIEjgN8uq7_9FAcDVhdQ5xKpPjYozCxhA3zUt3FADwHVh3jbFzhQbAOhkFN19S_6-6qFAJcqGpClKeK-ljyZBsW71n0-CfpJUU6Y1Cj6o.g7sJUyA3oDL-NX0NSsB9-aK8sQJPeNx31BA_IoBWrDA
      pragma:
      - no-cache
      request-id:
      - 07eba522-e6cc-4ddd-aff6-8eb0e4c10547
      strict-transport-security:
      - max-age=31536000; includeSubDomains
      x-aspnet-version:
      - 4.0.30319
      x-ms-dirapi-data-contract-version:
      - '1.6'
      x-ms-resource-unit:
      - '1'
      x-powered-by:
      - ASP.NET
    status:
      code: 200
      message: OK
- request:
    body: '{"groupId": "acd05d7f-ab36-4c2a-8b71-ce973e36ccba", "memberId": "ce8da55c-fef6-4527-b815-847aff78e387"}'
    headers:
      Accept:
      - application/json
      Accept-Encoding:
      - gzip, deflate
      CommandName:
      - ad group member check
      Connection:
      - keep-alive
      Content-Length:
      - '103'
      Content-Type:
      - application/json; charset=utf-8
      ParameterSetName:
      - -g --member-id
      User-Agent:
      - python/3.8.5 (Windows-10-10.0.19041-SP0) msrest/0.6.18 msrest_azure/0.6.3
        azure-graphrbac/0.60.0 Azure-SDK-For-Python AZURECLI/2.10.1
      accept-language:
      - en-US
    method: POST
    uri: https://graph.windows.net/00000000-0000-0000-0000-000000000000/isMemberOf?api-version=1.6
  response:
    body:
      string: '{"odata.metadata":"https://graph.windows.net/00000000-0000-0000-0000-000000000000/$metadata#Edm.Boolean","value":true}'
    headers:
      access-control-allow-origin:
      - '*'
      cache-control:
      - no-cache
      content-length:
      - '118'
      content-type:
      - application/json; odata=minimalmetadata; streaming=true; charset=utf-8
      dataserviceversion:
      - 3.0;
      date:
      - Fri, 21 Aug 2020 06:26:35 GMT
      duration:
      - '4109221'
      expires:
      - '-1'
      ocp-aad-diagnostics-server-name:
      - am30Y1euosQgKTMVAZoBKwAL0k0uvD3D1s/3xbcYXKg=
      ocp-aad-session-key:
      - nALMgAHDkKJhLujfWs9YVjyarqgXQ0STmFXRnWLGgCs9gmugd_w66zohmdz5qgI3R5Zcp4P8pSGl5atYlA45yiPgBTjfJnVynERFB0JAQ3YRSj6ngPAwrryq0YgdMOHuSIVXWGyDQJxejhQUJLF3JfhkAGwcgK9_sqO4i6MzDMU.MeVjEoobtQJIrPkLmJrklRzdt-85x9xend2t6d-ZYqo
      pragma:
      - no-cache
      request-id:
      - d34ee220-f216-419f-a202-57e3719466e4
      strict-transport-security:
      - max-age=31536000; includeSubDomains
      x-aspnet-version:
      - 4.0.30319
      x-ms-dirapi-data-contract-version:
      - '1.6'
      x-ms-resource-unit:
      - '4'
      x-powered-by:
      - ASP.NET
    status:
      code: 200
      message: OK
- request:
    body: null
    headers:
      Accept:
      - application/json
      Accept-Encoding:
      - gzip, deflate
      CommandName:
      - ad group member list
      Connection:
      - keep-alive
      ParameterSetName:
      - -g
      User-Agent:
      - python/3.8.5 (Windows-10-10.0.19041-SP0) msrest/0.6.18 msrest_azure/0.6.3
        azure-graphrbac/0.60.0 Azure-SDK-For-Python AZURECLI/2.10.1
      accept-language:
      - en-US
    method: GET
    uri: https://graph.windows.net/00000000-0000-0000-0000-000000000000/groups?$filter=displayName%20eq%20%27deleteme_g%27&api-version=1.6
  response:
    body:
      string: '{"odata.metadata":"https://graph.windows.net/00000000-0000-0000-0000-000000000000/$metadata#directoryObjects","value":[{"odata.type":"Microsoft.DirectoryServices.Group","objectType":"Group","objectId":"acd05d7f-ab36-4c2a-8b71-ce973e36ccba","deletionTimestamp":null,"description":"deleteme_g","dirSyncEnabled":null,"displayName":"deleteme_g","lastDirSyncTime":null,"mail":null,"mailNickname":"deleteme_g","mailEnabled":false,"onPremisesDomainName":null,"onPremisesNetBiosName":null,"onPremisesSamAccountName":null,"onPremisesSecurityIdentifier":null,"provisioningErrors":[],"proxyAddresses":[],"securityEnabled":true}]}'
    headers:
      access-control-allow-origin:
      - '*'
      cache-control:
      - no-cache
      content-length:
      - '618'
      content-type:
      - application/json; odata=minimalmetadata; streaming=true; charset=utf-8
      dataserviceversion:
      - 3.0;
      date:
      - Fri, 21 Aug 2020 06:26:35 GMT
      duration:
      - '2199622'
      expires:
      - '-1'
      ocp-aad-diagnostics-server-name:
      - 0+nBYYNlPnl3/H/fUvx6oeuxW6RMny3hEOAJ2BrjYsU=
      ocp-aad-session-key:
      - TirJHCUxwoquV3DbNSuRcv7TX0VWcuxC70tF5YlOuvqSN0Oh44ZfS08F4yPtxlKVO34WQZe0ehJOBLOeNR2TDeUudiY_6XVncOlXp_0nVY2k2d_Z8El_qdfdZnQMZjYCug1dGyyazbJ3Lavpbas9tys6RupvswCyPBtvYHyR97E.YjsqGtvZk-CRT_mxkpnh4zNtzUnrrc6a-d7BDMGf8rA
      pragma:
      - no-cache
      request-id:
      - cf138b92-c192-4473-8130-b8e8437d0ac1
      strict-transport-security:
      - max-age=31536000; includeSubDomains
      x-aspnet-version:
      - 4.0.30319
      x-ms-dirapi-data-contract-version:
      - '1.6'
      x-ms-resource-unit:
      - '1'
      x-powered-by:
      - ASP.NET
    status:
      code: 200
      message: OK
- request:
    body: null
    headers:
      Accept:
      - application/json
      Accept-Encoding:
      - gzip, deflate
      CommandName:
      - ad group member list
      Connection:
      - keep-alive
      ParameterSetName:
      - -g
      User-Agent:
      - python/3.8.5 (Windows-10-10.0.19041-SP0) msrest/0.6.18 msrest_azure/0.6.3
        azure-graphrbac/0.60.0 Azure-SDK-For-Python AZURECLI/2.10.1
      accept-language:
      - en-US
    method: GET
    uri: https://graph.windows.net/00000000-0000-0000-0000-000000000000/groups/acd05d7f-ab36-4c2a-8b71-ce973e36ccba/members?api-version=1.6
  response:
    body:
      string: '{"odata.metadata":"https://graph.windows.net/00000000-0000-0000-0000-000000000000/$metadata#directoryObjects","value":[{"odata.type":"Microsoft.DirectoryServices.User","objectType":"User","objectId":"cc380d58-0746-40fd-b4ff-e32a73ff0b34","deletionTimestamp":null,"accountEnabled":false,"ageGroup":null,"assignedLicenses":[],"assignedPlans":[],"city":null,"companyName":null,"consentProvidedForMinor":null,"country":null,"createdDateTime":"2020-08-21T06:26:19Z","creationType":null,"department":null,"dirSyncEnabled":null,"displayName":"deleteme1_new","employeeId":null,"facsimileTelephoneNumber":null,"givenName":null,"immutableId":null,"isCompromised":null,"jobTitle":null,"lastDirSyncTime":null,"legalAgeGroupClassification":null,"mail":null,"mailNickname":"deleteme11","mobile":null,"onPremisesDistinguishedName":null,"onPremisesSecurityIdentifier":null,"otherMails":[],"passwordPolicies":null,"passwordProfile":{"password":null,"forceChangePasswordNextLogin":true,"enforceChangePasswordPolicy":false},"physicalDeliveryOfficeName":null,"postalCode":null,"preferredLanguage":null,"provisionedPlans":[],"provisioningErrors":[],"proxyAddresses":[],"refreshTokensValidFromDateTime":"2020-08-21T06:26:22Z","showInAddressList":null,"signInNames":[],"sipProxyAddress":null,"state":null,"streetAddress":null,"surname":null,"telephoneNumber":null,"thumbnailPhoto@odata.mediaEditLink":"directoryObjects/cc380d58-0746-40fd-b4ff-e32a73ff0b34/Microsoft.DirectoryServices.User/thumbnailPhoto","usageLocation":null,"userIdentities":[],"userPrincipalName":"deleteme1@example.com","userState":null,"userStateChangedOn":null,"userType":"Member"},{"odata.type":"Microsoft.DirectoryServices.User","objectType":"User","objectId":"ce8da55c-fef6-4527-b815-847aff78e387","deletionTimestamp":null,"accountEnabled":true,"ageGroup":null,"assignedLicenses":[],"assignedPlans":[],"city":null,"companyName":null,"consentProvidedForMinor":null,"country":null,"createdDateTime":"2020-08-21T06:26:23Z","creationType":null,"department":null,"dirSyncEnabled":null,"displayName":"deleteme2","employeeId":null,"facsimileTelephoneNumber":null,"givenName":null,"immutableId":null,"isCompromised":null,"jobTitle":null,"lastDirSyncTime":null,"legalAgeGroupClassification":null,"mail":null,"mailNickname":"deleteme2","mobile":null,"onPremisesDistinguishedName":null,"onPremisesSecurityIdentifier":null,"otherMails":[],"passwordPolicies":null,"passwordProfile":null,"physicalDeliveryOfficeName":null,"postalCode":null,"preferredLanguage":null,"provisionedPlans":[],"provisioningErrors":[],"proxyAddresses":[],"refreshTokensValidFromDateTime":"2020-08-21T06:26:22Z","showInAddressList":null,"signInNames":[],"sipProxyAddress":null,"state":null,"streetAddress":null,"surname":null,"telephoneNumber":null,"thumbnailPhoto@odata.mediaEditLink":"directoryObjects/ce8da55c-fef6-4527-b815-847aff78e387/Microsoft.DirectoryServices.User/thumbnailPhoto","usageLocation":null,"userIdentities":[],"userPrincipalName":"deleteme2@example.com","userState":null,"userStateChangedOn":null,"userType":"Member"}]}'
    headers:
      access-control-allow-origin:
      - '*'
      cache-control:
      - no-cache
      content-length:
      - '3087'
      content-type:
      - application/json; odata=minimalmetadata; streaming=true; charset=utf-8
      dataserviceversion:
      - 3.0;
      date:
      - Fri, 21 Aug 2020 06:26:36 GMT
      duration:
      - '2255880'
      expires:
      - '-1'
      ocp-aad-diagnostics-server-name:
      - w4Fp5QvpSZVkjmrLeuPuZ5uIQStd+cB8qrQqWrpH8DM=
      ocp-aad-session-key:
      - BamlRGNIJnWoXITPXXlnq1oGM_mpIPH3ziQ3e2oF_M94_5ctQoGW8rk1u2l-ZA-sKWEItLKbwRYcAVdjGb7K8rarxzdjzenNUwLvlu5WCQcc_l2ziD_cfT_fi3RqYaPKCY69xxLVKaoNddkItAOCRngvDbUqn_q_cQVJGPMH0CA.UkXQr4TLbYdnbdGUEmYD-aPwmOhQ5jh0f8-o16Zlb6U
      pragma:
      - no-cache
      request-id:
      - c8f2e8ea-b6a7-4264-a9cf-f79853e8cf3e
      strict-transport-security:
      - max-age=31536000; includeSubDomains
      x-aspnet-version:
      - 4.0.30319
      x-ms-dirapi-data-contract-version:
      - '1.6'
      x-ms-resource-unit:
      - '3'
      x-powered-by:
      - ASP.NET
    status:
      code: 200
      message: OK
- request:
    body: null
    headers:
      Accept:
      - application/json
      Accept-Encoding:
      - gzip, deflate
      CommandName:
      - ad group member remove
      Connection:
      - keep-alive
      ParameterSetName:
      - -g --member-id
      User-Agent:
      - python/3.8.5 (Windows-10-10.0.19041-SP0) msrest/0.6.18 msrest_azure/0.6.3
        azure-graphrbac/0.60.0 Azure-SDK-For-Python AZURECLI/2.10.1
      accept-language:
      - en-US
    method: GET
    uri: https://graph.windows.net/00000000-0000-0000-0000-000000000000/groups?$filter=displayName%20eq%20%27deleteme_g%27&api-version=1.6
  response:
    body:
      string: '{"odata.metadata":"https://graph.windows.net/00000000-0000-0000-0000-000000000000/$metadata#directoryObjects","value":[{"odata.type":"Microsoft.DirectoryServices.Group","objectType":"Group","objectId":"acd05d7f-ab36-4c2a-8b71-ce973e36ccba","deletionTimestamp":null,"description":"deleteme_g","dirSyncEnabled":null,"displayName":"deleteme_g","lastDirSyncTime":null,"mail":null,"mailNickname":"deleteme_g","mailEnabled":false,"onPremisesDomainName":null,"onPremisesNetBiosName":null,"onPremisesSamAccountName":null,"onPremisesSecurityIdentifier":null,"provisioningErrors":[],"proxyAddresses":[],"securityEnabled":true}]}'
    headers:
      access-control-allow-origin:
      - '*'
      cache-control:
      - no-cache
      content-length:
      - '618'
      content-type:
      - application/json; odata=minimalmetadata; streaming=true; charset=utf-8
      dataserviceversion:
      - 3.0;
      date:
      - Fri, 21 Aug 2020 06:26:36 GMT
      duration:
      - '2332180'
      expires:
      - '-1'
      ocp-aad-diagnostics-server-name:
      - iuFONCDuOWoJ730FHlBCSiE3tw5MP6Gp0oI38Zgl2ys=
      ocp-aad-session-key:
      - GOtKjfDyOTHnBcBzx9K7btARoJUtkcYvORRgX_RntrlI6SAg_kOOXJXYkuPKzcUa1j0WMZvisKKKyoZY02XbxCLdwrZWnj8eivgPLCXLy9UfdfobTfJWoxHO6Wv7tyJlTmYzm-Mh3_Q8db2tkjTPs5omYnzb0xopYnDvGNn9bJ8.swkvuVapgTXrjsLC61t6oLjTsX0Zvd68WSDlqX8Zz4A
      pragma:
      - no-cache
      request-id:
      - c3cdbeca-a019-44c7-90ae-5bcf8c791f11
      strict-transport-security:
      - max-age=31536000; includeSubDomains
      x-aspnet-version:
      - 4.0.30319
      x-ms-dirapi-data-contract-version:
      - '1.6'
      x-ms-resource-unit:
      - '1'
      x-powered-by:
      - ASP.NET
    status:
      code: 200
      message: OK
- request:
    body: null
    headers:
      Accept:
      - application/json
      Accept-Encoding:
      - gzip, deflate
      CommandName:
      - ad group member remove
      Connection:
      - keep-alive
      Content-Length:
      - '0'
      ParameterSetName:
      - -g --member-id
      User-Agent:
      - python/3.8.5 (Windows-10-10.0.19041-SP0) msrest/0.6.18 msrest_azure/0.6.3
        azure-graphrbac/0.60.0 Azure-SDK-For-Python AZURECLI/2.10.1
      accept-language:
      - en-US
    method: DELETE
    uri: https://graph.windows.net/00000000-0000-0000-0000-000000000000/groups/acd05d7f-ab36-4c2a-8b71-ce973e36ccba/$links/members/cc380d58-0746-40fd-b4ff-e32a73ff0b34?api-version=1.6
  response:
    body:
      string: ''
    headers:
      access-control-allow-origin:
      - '*'
      cache-control:
      - no-cache
      date:
      - Fri, 21 Aug 2020 06:26:37 GMT
      duration:
      - '3154209'
      expires:
      - '-1'
      ocp-aad-diagnostics-server-name:
      - xRs+dGtF1cna6moTXp41LvB1EiQYFbmLsdOzyB02jr8=
      ocp-aad-session-key:
      - tOb2UT_7vP0I47MBDJHojHqkRita4Kf9ZOJRUuBADLyZOMP2ftiCnVWn0YAXkNBrFm5Vh9C1NMqTJ1yliQgKJ9uLr1fNNw6OEMEQ180jeV9PL39v__Q1ICh9LP02R1bgh9kiQ3t_HZBaLvmb7Hht-NsqnAYZJJw881UOrFpkFz4.UkOJ3C4AfSuDoEVy5FAh5_I0A1ljWN4zCXef8exusJg
      pragma:
      - no-cache
      request-id:
      - 07630fdf-2fa7-4666-93a6-c006eccb2fa3
      strict-transport-security:
      - max-age=31536000; includeSubDomains
      x-aspnet-version:
      - 4.0.30319
      x-ms-dirapi-data-contract-version:
      - '1.6'
      x-ms-resource-unit:
      - '1'
      x-powered-by:
      - ASP.NET
    status:
      code: 204
      message: No Content
- request:
    body: null
    headers:
      Accept:
      - application/json
      Accept-Encoding:
      - gzip, deflate
      CommandName:
      - ad group member check
      Connection:
      - keep-alive
      ParameterSetName:
      - -g --member-id
      User-Agent:
      - python/3.8.5 (Windows-10-10.0.19041-SP0) msrest/0.6.18 msrest_azure/0.6.3
        azure-graphrbac/0.60.0 Azure-SDK-For-Python AZURECLI/2.10.1
      accept-language:
      - en-US
    method: GET
    uri: https://graph.windows.net/00000000-0000-0000-0000-000000000000/groups?$filter=displayName%20eq%20%27deleteme_g%27&api-version=1.6
  response:
    body:
      string: '{"odata.metadata":"https://graph.windows.net/00000000-0000-0000-0000-000000000000/$metadata#directoryObjects","value":[{"odata.type":"Microsoft.DirectoryServices.Group","objectType":"Group","objectId":"acd05d7f-ab36-4c2a-8b71-ce973e36ccba","deletionTimestamp":null,"description":"deleteme_g","dirSyncEnabled":null,"displayName":"deleteme_g","lastDirSyncTime":null,"mail":null,"mailNickname":"deleteme_g","mailEnabled":false,"onPremisesDomainName":null,"onPremisesNetBiosName":null,"onPremisesSamAccountName":null,"onPremisesSecurityIdentifier":null,"provisioningErrors":[],"proxyAddresses":[],"securityEnabled":true}]}'
    headers:
      access-control-allow-origin:
      - '*'
      cache-control:
      - no-cache
      content-length:
      - '618'
      content-type:
      - application/json; odata=minimalmetadata; streaming=true; charset=utf-8
      dataserviceversion:
      - 3.0;
      date:
      - Fri, 21 Aug 2020 06:26:37 GMT
      duration:
      - '2225131'
      expires:
      - '-1'
      ocp-aad-diagnostics-server-name:
      - am30Y1euosQgKTMVAZoBKwAL0k0uvD3D1s/3xbcYXKg=
      ocp-aad-session-key:
      - 5ZUHRNQi1WSdWFgtGbP5wVFue4ez4iDrCiPmqvn-6mebJuyuU-3HFo4xSsbJCDp2NtOBGFpMILNLDChhrbZwv-iRMLqu_U7pUCyiaSfM-Op9an7FIof3e1ka6RUh1uDoYx9Hfk_oO1jkJ22WwHuvh5GEUVZazwAbHUH4RvigRL4.x_cpMP1AqBcgF3cWsiy4ln8_iSZbM1Wx4fjJ0tDk6zA
      pragma:
      - no-cache
      request-id:
      - 040f71fc-52b6-4a86-903a-6970dab31be4
      strict-transport-security:
      - max-age=31536000; includeSubDomains
      x-aspnet-version:
      - 4.0.30319
      x-ms-dirapi-data-contract-version:
      - '1.6'
      x-ms-resource-unit:
      - '1'
      x-powered-by:
      - ASP.NET
    status:
      code: 200
      message: OK
- request:
    body: '{"groupId": "acd05d7f-ab36-4c2a-8b71-ce973e36ccba", "memberId": "cc380d58-0746-40fd-b4ff-e32a73ff0b34"}'
    headers:
      Accept:
      - application/json
      Accept-Encoding:
      - gzip, deflate
      CommandName:
      - ad group member check
      Connection:
      - keep-alive
      Content-Length:
      - '103'
      Content-Type:
      - application/json; charset=utf-8
      ParameterSetName:
      - -g --member-id
      User-Agent:
      - python/3.8.5 (Windows-10-10.0.19041-SP0) msrest/0.6.18 msrest_azure/0.6.3
        azure-graphrbac/0.60.0 Azure-SDK-For-Python AZURECLI/2.10.1
      accept-language:
      - en-US
    method: POST
    uri: https://graph.windows.net/00000000-0000-0000-0000-000000000000/isMemberOf?api-version=1.6
  response:
    body:
      string: '{"odata.metadata":"https://graph.windows.net/00000000-0000-0000-0000-000000000000/$metadata#Edm.Boolean","value":false}'
    headers:
      access-control-allow-origin:
      - '*'
      cache-control:
      - no-cache
      content-length:
      - '119'
      content-type:
      - application/json; odata=minimalmetadata; streaming=true; charset=utf-8
      dataserviceversion:
      - 3.0;
      date:
      - Fri, 21 Aug 2020 06:26:38 GMT
      duration:
      - '4271833'
      expires:
      - '-1'
      ocp-aad-diagnostics-server-name:
      - cTgtNQkuDGr6qwftSfgSfUGBogf7OfXqQNU+jCyiv78=
      ocp-aad-session-key:
      - YnsU6n3N-vPVIcSPvbfaBxgyIAtgHdZ9v4HnAFe7OVtLSb_Alh5gpUZTdCUe9GFg0HPEcc_Lg57VQXP054zGrmnziZizkB4jyS33FbRm77K6LHzh8mZGAh_4C4dtWaxLuoHLJTgQVpyD5tOlgeWCIZMVJ528arMm0xR76ZBGlrs.xhS0L7T9lF9Z5Oj3N6Njpv1XegpY2xDkwFndPHTvwYs
      pragma:
      - no-cache
      request-id:
      - e7695b41-c735-4b0c-bf4c-ea91a8447fd6
      strict-transport-security:
      - max-age=31536000; includeSubDomains
      x-aspnet-version:
      - 4.0.30319
      x-ms-dirapi-data-contract-version:
      - '1.6'
      x-ms-resource-unit:
      - '4'
      x-powered-by:
      - ASP.NET
    status:
      code: 200
      message: OK
- request:
    body: null
    headers:
      Accept:
      - application/json
      Accept-Encoding:
      - gzip, deflate
      CommandName:
      - ad group delete
      Connection:
      - keep-alive
      ParameterSetName:
      - -g
      User-Agent:
      - python/3.8.5 (Windows-10-10.0.19041-SP0) msrest/0.6.18 msrest_azure/0.6.3
        azure-graphrbac/0.60.0 Azure-SDK-For-Python AZURECLI/2.10.1
      accept-language:
      - en-US
    method: GET
    uri: https://graph.windows.net/00000000-0000-0000-0000-000000000000/groups?$filter=displayName%20eq%20%27deleteme_g%27&api-version=1.6
  response:
    body:
      string: '{"odata.metadata":"https://graph.windows.net/00000000-0000-0000-0000-000000000000/$metadata#directoryObjects","value":[{"odata.type":"Microsoft.DirectoryServices.Group","objectType":"Group","objectId":"acd05d7f-ab36-4c2a-8b71-ce973e36ccba","deletionTimestamp":null,"description":"deleteme_g","dirSyncEnabled":null,"displayName":"deleteme_g","lastDirSyncTime":null,"mail":null,"mailNickname":"deleteme_g","mailEnabled":false,"onPremisesDomainName":null,"onPremisesNetBiosName":null,"onPremisesSamAccountName":null,"onPremisesSecurityIdentifier":null,"provisioningErrors":[],"proxyAddresses":[],"securityEnabled":true}]}'
    headers:
      access-control-allow-origin:
      - '*'
      cache-control:
      - no-cache
      content-length:
      - '618'
      content-type:
      - application/json; odata=minimalmetadata; streaming=true; charset=utf-8
      dataserviceversion:
      - 3.0;
      date:
      - Fri, 21 Aug 2020 06:26:39 GMT
      duration:
      - '2249569'
      expires:
      - '-1'
      ocp-aad-diagnostics-server-name:
      - uXv8ZGY9PhQhOs4AU9DmgRv2qLnMCFf3B8vdft8Qz1c=
      ocp-aad-session-key:
      - Him1-6UtC86g3bKNo30H0GFsBHdfvGbyjPx26K2WlNTosubxESi1AoqY8LRwd6ayjuBhE992197Kd4RLrh4Vd_RBtBvwQDD9fwM7gm_QV0WXDLFjbPLQgWzZ6Yr9YPWfeUOLjKKaPp77zt7SRp1YrBPg7dJcfn350Lu2TC9J4Ik.i5TWlHUhmygZjsB8GsNatKbn3X7jGmb5ru7oqnoE9oI
      pragma:
      - no-cache
      request-id:
      - d7aadf53-cab2-411f-9285-9f509dbcc3fe
      strict-transport-security:
      - max-age=31536000; includeSubDomains
      x-aspnet-version:
      - 4.0.30319
      x-ms-dirapi-data-contract-version:
      - '1.6'
      x-ms-resource-unit:
      - '1'
      x-powered-by:
      - ASP.NET
    status:
      code: 200
      message: OK
- request:
    body: null
    headers:
      Accept:
      - application/json
      Accept-Encoding:
      - gzip, deflate
      CommandName:
      - ad group delete
      Connection:
      - keep-alive
      Content-Length:
      - '0'
      ParameterSetName:
      - -g
      User-Agent:
      - python/3.8.5 (Windows-10-10.0.19041-SP0) msrest/0.6.18 msrest_azure/0.6.3
        azure-graphrbac/0.60.0 Azure-SDK-For-Python AZURECLI/2.10.1
      accept-language:
      - en-US
    method: DELETE
    uri: https://graph.windows.net/00000000-0000-0000-0000-000000000000/groups/acd05d7f-ab36-4c2a-8b71-ce973e36ccba?api-version=1.6
  response:
    body:
      string: ''
    headers:
      access-control-allow-origin:
      - '*'
      cache-control:
      - no-cache
      date:
      - Fri, 21 Aug 2020 06:26:39 GMT
      duration:
      - '3062762'
      expires:
      - '-1'
      ocp-aad-diagnostics-server-name:
      - zvWoFjuE2ehmMVgbV3Cg2Jr+3wQYeCjyzG9gzD1iIS8=
      ocp-aad-session-key:
      - 3xUyaxnEMfWKUNq5liP-3hOw96FmflvWvrabWNMQZs5-FNDozHZi_SNFBVDNeWcD_c4O29UYkNl53nZrwvuCQSKP9XtsTscbrl9onyCsVHNcJwdVJygDXggMeFBI-nQz4YJ351aO5RecM4iq9grt8N1JKOqEBwv2wZNzK5tHCGk.fLjgb0s7X4pGaQctj8ybjJD5r6ZlCK8sLxEpQ5osjYo
      pragma:
      - no-cache
      request-id:
      - 9ff2cb4d-e8ed-4972-abdd-2134d59142b2
      strict-transport-security:
      - max-age=31536000; includeSubDomains
      x-aspnet-version:
      - 4.0.30319
      x-ms-dirapi-data-contract-version:
      - '1.6'
      x-ms-resource-unit:
      - '1'
      x-powered-by:
      - ASP.NET
    status:
      code: 204
      message: No Content
- request:
    body: null
    headers:
      Accept:
      - application/json
      Accept-Encoding:
      - gzip, deflate
      CommandName:
      - ad group list
      Connection:
      - keep-alive
      User-Agent:
      - python/3.8.5 (Windows-10-10.0.19041-SP0) msrest/0.6.18 msrest_azure/0.6.3
        azure-graphrbac/0.60.0 Azure-SDK-For-Python AZURECLI/2.10.1
      accept-language:
      - en-US
    method: GET
    uri: https://graph.windows.net/00000000-0000-0000-0000-000000000000/groups?$filter=&api-version=1.6
  response:
    body:
      string: '{"odata.metadata":"https://graph.windows.net/00000000-0000-0000-0000-000000000000/$metadata#directoryObjects","value":[{"odata.type":"Microsoft.DirectoryServices.Group","objectType":"Group","objectId":"03dc86f3-86dc-4282-af17-988a0bb03258","deletionTimestamp":null,"description":null,"dirSyncEnabled":null,"displayName":"Group
        99906158","lastDirSyncTime":null,"mail":null,"mailNickname":"group199906158","mailEnabled":false,"onPremisesDomainName":null,"onPremisesNetBiosName":null,"onPremisesSamAccountName":null,"onPremisesSecurityIdentifier":null,"provisioningErrors":[],"proxyAddresses":[],"securityEnabled":true},{"odata.type":"Microsoft.DirectoryServices.Group","objectType":"Group","objectId":"04dd1e03-f2fb-4063-9964-03529660cca2","deletionTimestamp":null,"description":null,"dirSyncEnabled":null,"displayName":"group123","lastDirSyncTime":null,"mail":null,"mailNickname":"testgroupxhra7s","mailEnabled":false,"onPremisesDomainName":null,"onPremisesNetBiosName":null,"onPremisesSamAccountName":null,"onPremisesSecurityIdentifier":null,"provisioningErrors":[],"proxyAddresses":[],"securityEnabled":true},{"odata.type":"Microsoft.DirectoryServices.Group","objectType":"Group","objectId":"117b9f11-e493-46b6-a488-e8b573e396dc","deletionTimestamp":null,"description":null,"dirSyncEnabled":null,"displayName":"acctesthdi-200810160247381667","lastDirSyncTime":null,"mail":null,"mailNickname":"56828842-0dd1-406c-9757-b5ab3edea55c","mailEnabled":false,"onPremisesDomainName":null,"onPremisesNetBiosName":null,"onPremisesSamAccountName":null,"onPremisesSecurityIdentifier":null,"provisioningErrors":[],"proxyAddresses":[],"securityEnabled":true},{"odata.type":"Microsoft.DirectoryServices.Group","objectType":"Group","objectId":"11f6a172-d9e0-400e-98bc-7a6a3c3bbcf5","deletionTimestamp":null,"description":null,"dirSyncEnabled":null,"displayName":"testgroup","lastDirSyncTime":null,"mail":null,"mailNickname":"testgroup","mailEnabled":false,"onPremisesDomainName":null,"onPremisesNetBiosName":null,"onPremisesSamAccountName":null,"onPremisesSecurityIdentifier":null,"provisioningErrors":[],"proxyAddresses":[],"securityEnabled":true},{"odata.type":"Microsoft.DirectoryServices.Group","objectType":"Group","objectId":"12af389a-3835-46c4-abe9-39d62a64c8e4","deletionTimestamp":null,"description":null,"dirSyncEnabled":null,"displayName":"test-group","lastDirSyncTime":null,"mail":null,"mailNickname":"test-group","mailEnabled":false,"onPremisesDomainName":null,"onPremisesNetBiosName":null,"onPremisesSamAccountName":null,"onPremisesSecurityIdentifier":null,"provisioningErrors":[],"proxyAddresses":[],"securityEnabled":true},{"odata.type":"Microsoft.DirectoryServices.Group","objectType":"Group","objectId":"171e4428-4ac0-4594-907c-5533d90c07a3","deletionTimestamp":null,"description":null,"dirSyncEnabled":null,"displayName":"Group
        68a27503","lastDirSyncTime":null,"mail":null,"mailNickname":"group268a27503","mailEnabled":false,"onPremisesDomainName":null,"onPremisesNetBiosName":null,"onPremisesSamAccountName":null,"onPremisesSecurityIdentifier":null,"provisioningErrors":[],"proxyAddresses":[],"securityEnabled":true},{"odata.type":"Microsoft.DirectoryServices.Group","objectType":"Group","objectId":"1f1b5b3c-130c-4a18-8724-2e4b4efc3483","deletionTimestamp":null,"description":"adfjaskldfjaskl;d  dfasf;","dirSyncEnabled":null,"displayName":"xiaojxu-group-2","lastDirSyncTime":null,"mail":null,"mailNickname":"xiaojxu2","mailEnabled":false,"onPremisesDomainName":null,"onPremisesNetBiosName":null,"onPremisesSamAccountName":null,"onPremisesSecurityIdentifier":null,"provisioningErrors":[],"proxyAddresses":[],"securityEnabled":true},{"odata.type":"Microsoft.DirectoryServices.Group","objectType":"Group","objectId":"1f703c9f-e1bc-4268-b7cf-a6a2ffe42f79","deletionTimestamp":null,"description":null,"dirSyncEnabled":null,"displayName":"group123","lastDirSyncTime":null,"mail":null,"mailNickname":"testgrouphwyo4a","mailEnabled":false,"onPremisesDomainName":null,"onPremisesNetBiosName":null,"onPremisesSamAccountName":null,"onPremisesSecurityIdentifier":null,"provisioningErrors":[],"proxyAddresses":[],"securityEnabled":true},{"odata.type":"Microsoft.DirectoryServices.Group","objectType":"Group","objectId":"1fac6b68-d24f-418a-9e4e-0a8d8d78d1d5","deletionTimestamp":null,"description":null,"dirSyncEnabled":null,"displayName":"group123","lastDirSyncTime":null,"mail":null,"mailNickname":"testgroupry3cqg","mailEnabled":false,"onPremisesDomainName":null,"onPremisesNetBiosName":null,"onPremisesSamAccountName":null,"onPremisesSecurityIdentifier":null,"provisioningErrors":[],"proxyAddresses":[],"securityEnabled":true},{"odata.type":"Microsoft.DirectoryServices.Group","objectType":"Group","objectId":"2cde37aa-6fd0-42ad-849a-33d06c0da145","deletionTimestamp":null,"description":null,"dirSyncEnabled":null,"displayName":"jltestgroup","lastDirSyncTime":null,"mail":null,"mailNickname":"cdf3513b-d","mailEnabled":false,"onPremisesDomainName":null,"onPremisesNetBiosName":null,"onPremisesSamAccountName":null,"onPremisesSecurityIdentifier":null,"provisioningErrors":[],"proxyAddresses":[],"securityEnabled":true},{"odata.type":"Microsoft.DirectoryServices.Group","objectType":"Group","objectId":"3325d5d8-e906-4d86-88df-3e4b2f2288a4","deletionTimestamp":null,"description":null,"dirSyncEnabled":null,"displayName":"groupb7756095e","lastDirSyncTime":null,"mail":null,"mailNickname":"groupb7756095e","mailEnabled":false,"onPremisesDomainName":null,"onPremisesNetBiosName":null,"onPremisesSamAccountName":null,"onPremisesSecurityIdentifier":null,"provisioningErrors":[],"proxyAddresses":[],"securityEnabled":true},{"odata.type":"Microsoft.DirectoryServices.Group","objectType":"Group","objectId":"37727b42-1e63-4fa7-a284-2fc0c924e402","deletionTimestamp":null,"description":null,"dirSyncEnabled":null,"displayName":"group123","lastDirSyncTime":null,"mail":null,"mailNickname":"testgroup24nwhm","mailEnabled":false,"onPremisesDomainName":null,"onPremisesNetBiosName":null,"onPremisesSamAccountName":null,"onPremisesSecurityIdentifier":null,"provisioningErrors":[],"proxyAddresses":[],"securityEnabled":true},{"odata.type":"Microsoft.DirectoryServices.Group","objectType":"Group","objectId":"38682897-e85b-4ab8-af85-96bc1873040b","deletionTimestamp":null,"description":null,"dirSyncEnabled":null,"displayName":"group123","lastDirSyncTime":null,"mail":null,"mailNickname":"testgroupdcn4oz","mailEnabled":false,"onPremisesDomainName":null,"onPremisesNetBiosName":null,"onPremisesSamAccountName":null,"onPremisesSecurityIdentifier":null,"provisioningErrors":[],"proxyAddresses":[],"securityEnabled":true},{"odata.type":"Microsoft.DirectoryServices.Group","objectType":"Group","objectId":"39633499-b789-45bf-91a2-5de07b47d659","deletionTimestamp":null,"description":null,"dirSyncEnabled":null,"displayName":"group123","lastDirSyncTime":null,"mail":null,"mailNickname":"testgroupmvxlny","mailEnabled":false,"onPremisesDomainName":null,"onPremisesNetBiosName":null,"onPremisesSamAccountName":null,"onPremisesSecurityIdentifier":null,"provisioningErrors":[],"proxyAddresses":[],"securityEnabled":true},{"odata.type":"Microsoft.DirectoryServices.Group","objectType":"Group","objectId":"3bf13c9f-50d6-421f-b0b6-f3ad5e6325cd","deletionTimestamp":null,"description":"This
        is the default group for everyone in the network","dirSyncEnabled":null,"displayName":"All
        Company","lastDirSyncTime":null,"mail":"allcompany@AzureSDKTeam.onmicrosoft.com","mailNickname":"allcompany","mailEnabled":true,"onPremisesDomainName":null,"onPremisesNetBiosName":null,"onPremisesSamAccountName":null,"onPremisesSecurityIdentifier":null,"provisioningErrors":[],"proxyAddresses":["SPO:SPO_40ce8e27-3250-4920-a3d8-2774e2491374@SPO_54826b22-38d6-4fb2-bad9-b7b93a3e9c5a","SMTP:allcompany@AzureSDKTeam.onmicrosoft.com"],"securityEnabled":false},{"odata.type":"Microsoft.DirectoryServices.Group","objectType":"Group","objectId":"3d534694-6e5c-4908-9b76-1fa1c3cc02ea","deletionTimestamp":null,"description":null,"dirSyncEnabled":null,"displayName":"group123","lastDirSyncTime":null,"mail":null,"mailNickname":"testgroupytuq32","mailEnabled":false,"onPremisesDomainName":null,"onPremisesNetBiosName":null,"onPremisesSamAccountName":null,"onPremisesSecurityIdentifier":null,"provisioningErrors":[],"proxyAddresses":[],"securityEnabled":true},{"odata.type":"Microsoft.DirectoryServices.Group","objectType":"Group","objectId":"43ec8ef5-5d20-4834-8dce-0aadbf5eb4f3","deletionTimestamp":null,"description":null,"dirSyncEnabled":null,"displayName":"group123","lastDirSyncTime":null,"mail":null,"mailNickname":"qianwengroup123","mailEnabled":false,"onPremisesDomainName":null,"onPremisesNetBiosName":null,"onPremisesSamAccountName":null,"onPremisesSecurityIdentifier":null,"provisioningErrors":[],"proxyAddresses":[],"securityEnabled":true},{"odata.type":"Microsoft.DirectoryServices.Group","objectType":"Group","objectId":"4601c36e-c380-4089-abc0-cd90d767011d","deletionTimestamp":null,"description":null,"dirSyncEnabled":null,"displayName":"group123","lastDirSyncTime":null,"mail":null,"mailNickname":"testgroupcbvq7j","mailEnabled":false,"onPremisesDomainName":null,"onPremisesNetBiosName":null,"onPremisesSamAccountName":null,"onPremisesSecurityIdentifier":null,"provisioningErrors":[],"proxyAddresses":[],"securityEnabled":true},{"odata.type":"Microsoft.DirectoryServices.Group","objectType":"Group","objectId":"47b36d3d-068d-47f7-9f4b-3560c0a97c49","deletionTimestamp":null,"description":null,"dirSyncEnabled":null,"displayName":"group123","lastDirSyncTime":null,"mail":null,"mailNickname":"testgroup76z2zo","mailEnabled":false,"onPremisesDomainName":null,"onPremisesNetBiosName":null,"onPremisesSamAccountName":null,"onPremisesSecurityIdentifier":null,"provisioningErrors":[],"proxyAddresses":[],"securityEnabled":true},{"odata.type":"Microsoft.DirectoryServices.Group","objectType":"Group","objectId":"49bcc514-ccf7-46b4-b47b-76251803b8fa","deletionTimestamp":null,"description":"I
        am a description","dirSyncEnabled":null,"displayName":"testgroupxxj","lastDirSyncTime":null,"mail":null,"mailNickname":"testgroupxxj","mailEnabled":false,"onPremisesDomainName":null,"onPremisesNetBiosName":null,"onPremisesSamAccountName":null,"onPremisesSecurityIdentifier":null,"provisioningErrors":[],"proxyAddresses":[],"securityEnabled":true},{"odata.type":"Microsoft.DirectoryServices.Group","objectType":"Group","objectId":"58cb07a3-9c8c-4061-9506-404283353c9b","deletionTimestamp":null,"description":null,"dirSyncEnabled":null,"displayName":"Group
        eb044143","lastDirSyncTime":null,"mail":null,"mailNickname":"group2eb044143","mailEnabled":false,"onPremisesDomainName":null,"onPremisesNetBiosName":null,"onPremisesSamAccountName":null,"onPremisesSecurityIdentifier":null,"provisioningErrors":[],"proxyAddresses":[],"securityEnabled":true},{"odata.type":"Microsoft.DirectoryServices.Group","objectType":"Group","objectId":"5a197067-7d4e-4862-a692-cb5933646da1","deletionTimestamp":null,"description":null,"dirSyncEnabled":null,"displayName":"AAD
        DC Administrators","lastDirSyncTime":null,"mail":null,"mailNickname":"AADDCAdministrators","mailEnabled":false,"onPremisesDomainName":null,"onPremisesNetBiosName":null,"onPremisesSamAccountName":null,"onPremisesSecurityIdentifier":null,"provisioningErrors":[],"proxyAddresses":[],"securityEnabled":true},{"odata.type":"Microsoft.DirectoryServices.Group","objectType":"Group","objectId":"5a77f1cc-1016-46a7-87b3-144b7ca5ab64","deletionTimestamp":null,"description":null,"dirSyncEnabled":null,"displayName":"group123","lastDirSyncTime":null,"mail":null,"mailNickname":"testgroup72pdqx","mailEnabled":false,"onPremisesDomainName":null,"onPremisesNetBiosName":null,"onPremisesSamAccountName":null,"onPremisesSecurityIdentifier":null,"provisioningErrors":[],"proxyAddresses":[],"securityEnabled":true},{"odata.type":"Microsoft.DirectoryServices.Group","objectType":"Group","objectId":"61837acc-0176-44ed-9882-0a0c2525e23e","deletionTimestamp":null,"description":null,"dirSyncEnabled":null,"displayName":"group123","lastDirSyncTime":null,"mail":null,"mailNickname":"testgroupfwf526","mailEnabled":false,"onPremisesDomainName":null,"onPremisesNetBiosName":null,"onPremisesSamAccountName":null,"onPremisesSecurityIdentifier":null,"provisioningErrors":[],"proxyAddresses":[],"securityEnabled":true},{"odata.type":"Microsoft.DirectoryServices.Group","objectType":"Group","objectId":"6349a8c5-4d9f-4d2b-99ca-74e52bc1c789","deletionTimestamp":null,"description":null,"dirSyncEnabled":null,"displayName":"group123","lastDirSyncTime":null,"mail":null,"mailNickname":"testgroupl72ohk","mailEnabled":false,"onPremisesDomainName":null,"onPremisesNetBiosName":null,"onPremisesSamAccountName":null,"onPremisesSecurityIdentifier":null,"provisioningErrors":[],"proxyAddresses":[],"securityEnabled":true},{"odata.type":"Microsoft.DirectoryServices.Group","objectType":"Group","objectId":"634f1c4e-eaea-45c5-90e6-cf063aa646e6","deletionTimestamp":null,"description":null,"dirSyncEnabled":null,"displayName":"group123","lastDirSyncTime":null,"mail":null,"mailNickname":"testgroupukgpif","mailEnabled":false,"onPremisesDomainName":null,"onPremisesNetBiosName":null,"onPremisesSamAccountName":null,"onPremisesSecurityIdentifier":null,"provisioningErrors":[],"proxyAddresses":[],"securityEnabled":true},{"odata.type":"Microsoft.DirectoryServices.Group","objectType":"Group","objectId":"6a40cc25-e8d4-4c60-8aab-b3089ccb3545","deletionTimestamp":null,"description":null,"dirSyncEnabled":null,"displayName":"group123","lastDirSyncTime":null,"mail":null,"mailNickname":"testgroupjyllt6","mailEnabled":false,"onPremisesDomainName":null,"onPremisesNetBiosName":null,"onPremisesSamAccountName":null,"onPremisesSecurityIdentifier":null,"provisioningErrors":[],"proxyAddresses":[],"securityEnabled":true},{"odata.type":"Microsoft.DirectoryServices.Group","objectType":"Group","objectId":"77924ecf-9a1c-4eff-ad46-2b0e9db9083e","deletionTimestamp":null,"description":"Test
        for weblogic security","dirSyncEnabled":null,"displayName":"wls-security","lastDirSyncTime":null,"mail":null,"mailNickname":"49eabcd6-5","mailEnabled":false,"onPremisesDomainName":null,"onPremisesNetBiosName":null,"onPremisesSamAccountName":null,"onPremisesSecurityIdentifier":null,"provisioningErrors":[],"proxyAddresses":[],"securityEnabled":true},{"odata.type":"Microsoft.DirectoryServices.Group","objectType":"Group","objectId":"87b65676-35b6-4af1-b064-46bf90d7e7ff","deletionTimestamp":null,"description":null,"dirSyncEnabled":null,"displayName":"group123","lastDirSyncTime":null,"mail":null,"mailNickname":"testgroupkanoev","mailEnabled":false,"onPremisesDomainName":null,"onPremisesNetBiosName":null,"onPremisesSamAccountName":null,"onPremisesSecurityIdentifier":null,"provisioningErrors":[],"proxyAddresses":[],"securityEnabled":true},{"odata.type":"Microsoft.DirectoryServices.Group","objectType":"Group","objectId":"882ae40b-1a7d-453f-bc2b-48e76ac1d014","deletionTimestamp":null,"description":null,"dirSyncEnabled":null,"displayName":"group123","lastDirSyncTime":null,"mail":null,"mailNickname":"testgroupxuaqyh","mailEnabled":false,"onPremisesDomainName":null,"onPremisesNetBiosName":null,"onPremisesSamAccountName":null,"onPremisesSecurityIdentifier":null,"provisioningErrors":[],"proxyAddresses":[],"securityEnabled":true},{"odata.type":"Microsoft.DirectoryServices.Group","objectType":"Group","objectId":"899822d9-0ce3-4d06-be2f-d4e3c690148b","deletionTimestamp":null,"description":null,"dirSyncEnabled":null,"displayName":"group123","lastDirSyncTime":null,"mail":null,"mailNickname":"testgroupmxivwq","mailEnabled":false,"onPremisesDomainName":null,"onPremisesNetBiosName":null,"onPremisesSamAccountName":null,"onPremisesSecurityIdentifier":null,"provisioningErrors":[],"proxyAddresses":[],"securityEnabled":true},{"odata.type":"Microsoft.DirectoryServices.Group","objectType":"Group","objectId":"8cf0a77e-9d25-4322-979b-dafd2be6dc90","deletionTimestamp":null,"description":null,"dirSyncEnabled":null,"displayName":"group123","lastDirSyncTime":null,"mail":null,"mailNickname":"testgrouplvd2wn","mailEnabled":false,"onPremisesDomainName":null,"onPremisesNetBiosName":null,"onPremisesSamAccountName":null,"onPremisesSecurityIdentifier":null,"provisioningErrors":[],"proxyAddresses":[],"securityEnabled":true},{"odata.type":"Microsoft.DirectoryServices.Group","objectType":"Group","objectId":"91472d43-b8dd-42e0-a339-1b4371062b17","deletionTimestamp":null,"description":null,"dirSyncEnabled":null,"displayName":"acctesthdi-200811113558193363","lastDirSyncTime":null,"mail":null,"mailNickname":"8be8854d-3bfd-4c85-ab8f-aa241a684bb6","mailEnabled":false,"onPremisesDomainName":null,"onPremisesNetBiosName":null,"onPremisesSamAccountName":null,"onPremisesSecurityIdentifier":null,"provisioningErrors":[],"proxyAddresses":[],"securityEnabled":true},{"odata.type":"Microsoft.DirectoryServices.Group","objectType":"Group","objectId":"93b331d4-7f18-467e-baab-9aa6475c52eb","deletionTimestamp":null,"description":null,"dirSyncEnabled":null,"displayName":"acctesthdi-200811093204620696","lastDirSyncTime":null,"mail":null,"mailNickname":"b06a0b8f-2af2-425b-ae77-73c691704282","mailEnabled":false,"onPremisesDomainName":null,"onPremisesNetBiosName":null,"onPremisesSamAccountName":null,"onPremisesSecurityIdentifier":null,"provisioningErrors":[],"proxyAddresses":[],"securityEnabled":true},{"odata.type":"Microsoft.DirectoryServices.Group","objectType":"Group","objectId":"9ac7cfa9-a8d9-4757-8fbd-9d0b8f9f6828","deletionTimestamp":null,"description":null,"dirSyncEnabled":null,"displayName":"group123","lastDirSyncTime":null,"mail":null,"mailNickname":"testgroupnspr46","mailEnabled":false,"onPremisesDomainName":null,"onPremisesNetBiosName":null,"onPremisesSamAccountName":null,"onPremisesSecurityIdentifier":null,"provisioningErrors":[],"proxyAddresses":[],"securityEnabled":true},{"odata.type":"Microsoft.DirectoryServices.Group","objectType":"Group","objectId":"9c13d0bd-2857-40ad-81bd-1b5a84745424","deletionTimestamp":null,"description":null,"dirSyncEnabled":null,"displayName":"group123","lastDirSyncTime":null,"mail":null,"mailNickname":"testgroup5log7z","mailEnabled":false,"onPremisesDomainName":null,"onPremisesNetBiosName":null,"onPremisesSamAccountName":null,"onPremisesSecurityIdentifier":null,"provisioningErrors":[],"proxyAddresses":[],"securityEnabled":true},{"odata.type":"Microsoft.DirectoryServices.Group","objectType":"Group","objectId":"9c81ad1a-fedf-41f6-a84e-ed901f76ff3f","deletionTimestamp":null,"description":null,"dirSyncEnabled":null,"displayName":"Group
        98e57286","lastDirSyncTime":null,"mail":null,"mailNickname":"group198e57286","mailEnabled":false,"onPremisesDomainName":null,"onPremisesNetBiosName":null,"onPremisesSamAccountName":null,"onPremisesSecurityIdentifier":null,"provisioningErrors":[],"proxyAddresses":[],"securityEnabled":true},{"odata.type":"Microsoft.DirectoryServices.Group","objectType":"Group","objectId":"9dee2b0c-515c-4406-bf13-8386e7ecce15","deletionTimestamp":null,"description":null,"dirSyncEnabled":null,"displayName":"group123","lastDirSyncTime":null,"mail":null,"mailNickname":"testgroupf4feom","mailEnabled":false,"onPremisesDomainName":null,"onPremisesNetBiosName":null,"onPremisesSamAccountName":null,"onPremisesSecurityIdentifier":null,"provisioningErrors":[],"proxyAddresses":[],"securityEnabled":true},{"odata.type":"Microsoft.DirectoryServices.Group","objectType":"Group","objectId":"a08f6596-50cc-4aeb-baca-2cc3f7f26fc8","deletionTimestamp":null,"description":null,"dirSyncEnabled":null,"displayName":"group123","lastDirSyncTime":null,"mail":null,"mailNickname":"testgroupxsbwfb","mailEnabled":false,"onPremisesDomainName":null,"onPremisesNetBiosName":null,"onPremisesSamAccountName":null,"onPremisesSecurityIdentifier":null,"provisioningErrors":[],"proxyAddresses":[],"securityEnabled":true},{"odata.type":"Microsoft.DirectoryServices.Group","objectType":"Group","objectId":"b0d0039d-3d07-4a92-a220-1b9cae6867c5","deletionTimestamp":null,"description":null,"dirSyncEnabled":null,"displayName":"deleteme_g2","lastDirSyncTime":null,"mail":null,"mailNickname":"deleteme_g2","mailEnabled":false,"onPremisesDomainName":null,"onPremisesNetBiosName":null,"onPremisesSamAccountName":null,"onPremisesSecurityIdentifier":null,"provisioningErrors":[],"proxyAddresses":[],"securityEnabled":true},{"odata.type":"Microsoft.DirectoryServices.Group","objectType":"Group","objectId":"b45739f5-461d-4268-993a-778ed6119ddb","deletionTimestamp":null,"description":null,"dirSyncEnabled":null,"displayName":"group123","lastDirSyncTime":null,"mail":null,"mailNickname":"testgroupjmtdyp","mailEnabled":false,"onPremisesDomainName":null,"onPremisesNetBiosName":null,"onPremisesSamAccountName":null,"onPremisesSecurityIdentifier":null,"provisioningErrors":[],"proxyAddresses":[],"securityEnabled":true},{"odata.type":"Microsoft.DirectoryServices.Group","objectType":"Group","objectId":"b671cd6e-9191-488b-80ae-1b710ddd3d1d","deletionTimestamp":null,"description":null,"dirSyncEnabled":null,"displayName":"group7b778007d","lastDirSyncTime":null,"mail":null,"mailNickname":"group7b778007d","mailEnabled":false,"onPremisesDomainName":null,"onPremisesNetBiosName":null,"onPremisesSamAccountName":null,"onPremisesSecurityIdentifier":null,"provisioningErrors":[],"proxyAddresses":[],"securityEnabled":true},{"odata.type":"Microsoft.DirectoryServices.Group","objectType":"Group","objectId":"bc487072-e935-4593-9aba-ba2cf839fcdc","deletionTimestamp":null,"description":null,"dirSyncEnabled":null,"displayName":"group123","lastDirSyncTime":null,"mail":null,"mailNickname":"testgroup4jgprj","mailEnabled":false,"onPremisesDomainName":null,"onPremisesNetBiosName":null,"onPremisesSamAccountName":null,"onPremisesSecurityIdentifier":null,"provisioningErrors":[],"proxyAddresses":[],"securityEnabled":true},{"odata.type":"Microsoft.DirectoryServices.Group","objectType":"Group","objectId":"c1fa0f5e-5ab8-4563-b6e4-cdb0827a4a76","deletionTimestamp":null,"description":null,"dirSyncEnabled":null,"displayName":"xxjtestgroup","lastDirSyncTime":null,"mail":null,"mailNickname":"xxjtestgroup","mailEnabled":false,"onPremisesDomainName":null,"onPremisesNetBiosName":null,"onPremisesSamAccountName":null,"onPremisesSecurityIdentifier":null,"provisioningErrors":[],"proxyAddresses":[],"securityEnabled":true},{"odata.type":"Microsoft.DirectoryServices.Group","objectType":"Group","objectId":"c617af87-3fee-466c-92af-87ee433d294b","deletionTimestamp":null,"description":null,"dirSyncEnabled":null,"displayName":"group123","lastDirSyncTime":null,"mail":null,"mailNickname":"testgroup3o4gwc","mailEnabled":false,"onPremisesDomainName":null,"onPremisesNetBiosName":null,"onPremisesSamAccountName":null,"onPremisesSecurityIdentifier":null,"provisioningErrors":[],"proxyAddresses":[],"securityEnabled":true},{"odata.type":"Microsoft.DirectoryServices.Group","objectType":"Group","objectId":"c73d203e-725c-4341-b6e9-ad5dc4f30e77","deletionTimestamp":null,"description":null,"dirSyncEnabled":null,"displayName":"group123","lastDirSyncTime":null,"mail":null,"mailNickname":"testgrouphvix7n","mailEnabled":false,"onPremisesDomainName":null,"onPremisesNetBiosName":null,"onPremisesSamAccountName":null,"onPremisesSecurityIdentifier":null,"provisioningErrors":[],"proxyAddresses":[],"securityEnabled":true},{"odata.type":"Microsoft.DirectoryServices.Group","objectType":"Group","objectId":"c7659b04-b538-4b02-b088-08e964bbc0d4","deletionTimestamp":null,"description":null,"dirSyncEnabled":null,"displayName":"group123","lastDirSyncTime":null,"mail":null,"mailNickname":"testgroupk3vol7","mailEnabled":false,"onPremisesDomainName":null,"onPremisesNetBiosName":null,"onPremisesSamAccountName":null,"onPremisesSecurityIdentifier":null,"provisioningErrors":[],"proxyAddresses":[],"securityEnabled":true},{"odata.type":"Microsoft.DirectoryServices.Group","objectType":"Group","objectId":"d014e1bc-dc51-4805-b3f7-d401bf302393","deletionTimestamp":null,"description":null,"dirSyncEnabled":null,"displayName":"acctesthdi-200811093204630924","lastDirSyncTime":null,"mail":null,"mailNickname":"5e9c34e6-30b4-4bb0-a152-817220408487","mailEnabled":false,"onPremisesDomainName":null,"onPremisesNetBiosName":null,"onPremisesSamAccountName":null,"onPremisesSecurityIdentifier":null,"provisioningErrors":[],"proxyAddresses":[],"securityEnabled":true},{"odata.type":"Microsoft.DirectoryServices.Group","objectType":"Group","objectId":"d597c0ce-b84b-4311-adff-db15ec1aced1","deletionTimestamp":null,"description":null,"dirSyncEnabled":null,"displayName":"group123","lastDirSyncTime":null,"mail":null,"mailNickname":"testgroupiwajnh","mailEnabled":false,"onPremisesDomainName":null,"onPremisesNetBiosName":null,"onPremisesSamAccountName":null,"onPremisesSecurityIdentifier":null,"provisioningErrors":[],"proxyAddresses":[],"securityEnabled":true},{"odata.type":"Microsoft.DirectoryServices.Group","objectType":"Group","objectId":"d60449f1-6d9b-42fb-bc14-a2b8e2fc848c","deletionTimestamp":null,"description":null,"dirSyncEnabled":null,"displayName":"group123","lastDirSyncTime":null,"mail":null,"mailNickname":"testgroup67buch","mailEnabled":false,"onPremisesDomainName":null,"onPremisesNetBiosName":null,"onPremisesSamAccountName":null,"onPremisesSecurityIdentifier":null,"provisioningErrors":[],"proxyAddresses":[],"securityEnabled":true},{"odata.type":"Microsoft.DirectoryServices.Group","objectType":"Group","objectId":"d795f9ea-4595-4bb2-9abb-f4f9606e27b9","deletionTimestamp":null,"description":null,"dirSyncEnabled":null,"displayName":"group123","lastDirSyncTime":null,"mail":null,"mailNickname":"testgroupe2chax","mailEnabled":false,"onPremisesDomainName":null,"onPremisesNetBiosName":null,"onPremisesSamAccountName":null,"onPremisesSecurityIdentifier":null,"provisioningErrors":[],"proxyAddresses":[],"securityEnabled":true},{"odata.type":"Microsoft.DirectoryServices.Group","objectType":"Group","objectId":"de584959-99ef-4a20-b099-9e7882606520","deletionTimestamp":null,"description":null,"dirSyncEnabled":null,"displayName":"groupc4e664492","lastDirSyncTime":null,"mail":null,"mailNickname":"groupc4e664492","mailEnabled":false,"onPremisesDomainName":null,"onPremisesNetBiosName":null,"onPremisesSamAccountName":null,"onPremisesSecurityIdentifier":null,"provisioningErrors":[],"proxyAddresses":[],"securityEnabled":true},{"odata.type":"Microsoft.DirectoryServices.Group","objectType":"Group","objectId":"df81d1c5-2d36-4d70-a5ef-e9d70e1ed626","deletionTimestamp":null,"description":null,"dirSyncEnabled":null,"displayName":"group123","lastDirSyncTime":null,"mail":null,"mailNickname":"testgroupg5ciwq","mailEnabled":false,"onPremisesDomainName":null,"onPremisesNetBiosName":null,"onPremisesSamAccountName":null,"onPremisesSecurityIdentifier":null,"provisioningErrors":[],"proxyAddresses":[],"securityEnabled":true},{"odata.type":"Microsoft.DirectoryServices.Group","objectType":"Group","objectId":"e661faf9-79de-42cb-9df8-cd8472fc1604","deletionTimestamp":null,"description":"test","dirSyncEnabled":null,"displayName":"xiaojxu-group-1","lastDirSyncTime":null,"mail":null,"mailNickname":"xiaojxu","mailEnabled":false,"onPremisesDomainName":null,"onPremisesNetBiosName":null,"onPremisesSamAccountName":null,"onPremisesSecurityIdentifier":null,"provisioningErrors":[],"proxyAddresses":[],"securityEnabled":true},{"odata.type":"Microsoft.DirectoryServices.Group","objectType":"Group","objectId":"ea3b41e2-b558-4b76-92d2-ef4f24b982c6","deletionTimestamp":null,"description":null,"dirSyncEnabled":null,"displayName":"group10914842b","lastDirSyncTime":null,"mail":null,"mailNickname":"group10914842b","mailEnabled":false,"onPremisesDomainName":null,"onPremisesNetBiosName":null,"onPremisesSamAccountName":null,"onPremisesSecurityIdentifier":null,"provisioningErrors":[],"proxyAddresses":[],"securityEnabled":true},{"odata.type":"Microsoft.DirectoryServices.Group","objectType":"Group","objectId":"eab39e7e-0ed7-46c7-911f-17772c2fa786","deletionTimestamp":null,"description":null,"dirSyncEnabled":null,"displayName":"group123","lastDirSyncTime":null,"mail":null,"mailNickname":"testgroup44gpcj","mailEnabled":false,"onPremisesDomainName":null,"onPremisesNetBiosName":null,"onPremisesSamAccountName":null,"onPremisesSecurityIdentifier":null,"provisioningErrors":[],"proxyAddresses":[],"securityEnabled":true},{"odata.type":"Microsoft.DirectoryServices.Group","objectType":"Group","objectId":"f0557711-e415-418e-9b24-654af401fb1f","deletionTimestamp":null,"description":null,"dirSyncEnabled":null,"displayName":"cli-grpakxq7xcp","lastDirSyncTime":null,"mail":null,"mailNickname":"cli-grpakxq7xcp","mailEnabled":false,"onPremisesDomainName":null,"onPremisesNetBiosName":null,"onPremisesSamAccountName":null,"onPremisesSecurityIdentifier":null,"provisioningErrors":[],"proxyAddresses":[],"securityEnabled":true},{"odata.type":"Microsoft.DirectoryServices.Group","objectType":"Group","objectId":"f0bec09f-45a4-4c58-ac5b-cf0516d7bc68","deletionTimestamp":null,"description":null,"dirSyncEnabled":null,"displayName":"AzureSDKTeam","lastDirSyncTime":null,"mail":"AzureSDKTeam@AzureSDKTeam.onmicrosoft.com","mailNickname":"AzureSDKTeam","mailEnabled":true,"onPremisesDomainName":null,"onPremisesNetBiosName":null,"onPremisesSamAccountName":null,"onPremisesSecurityIdentifier":null,"provisioningErrors":[],"proxyAddresses":["SMTP:AzureSDKTeam@AzureSDKTeam.onmicrosoft.com"],"securityEnabled":false},{"odata.type":"Microsoft.DirectoryServices.Group","objectType":"Group","objectId":"f4468d11-55b1-46b7-857c-ff5a0da635c6","deletionTimestamp":null,"description":null,"dirSyncEnabled":null,"displayName":"test-group-ro","lastDirSyncTime":null,"mail":null,"mailNickname":"test-group-ro","mailEnabled":false,"onPremisesDomainName":null,"onPremisesNetBiosName":null,"onPremisesSamAccountName":null,"onPremisesSecurityIdentifier":null,"provisioningErrors":[],"proxyAddresses":[],"securityEnabled":true},{"odata.type":"Microsoft.DirectoryServices.Group","objectType":"Group","objectId":"f4a9a7a2-2553-42b1-9188-1b18d1f4bf6f","deletionTimestamp":null,"description":null,"dirSyncEnabled":null,"displayName":"group123","lastDirSyncTime":null,"mail":null,"mailNickname":"testgroupyjxqzu","mailEnabled":false,"onPremisesDomainName":null,"onPremisesNetBiosName":null,"onPremisesSamAccountName":null,"onPremisesSecurityIdentifier":null,"provisioningErrors":[],"proxyAddresses":[],"securityEnabled":true},{"odata.type":"Microsoft.DirectoryServices.Group","objectType":"Group","objectId":"f6a96b85-4eba-4fe1-bade-1958538294fb","deletionTimestamp":null,"description":null,"dirSyncEnabled":null,"displayName":"group123","lastDirSyncTime":null,"mail":null,"mailNickname":"testgroupsbivum","mailEnabled":false,"onPremisesDomainName":null,"onPremisesNetBiosName":null,"onPremisesSamAccountName":null,"onPremisesSecurityIdentifier":null,"provisioningErrors":[],"proxyAddresses":[],"securityEnabled":true},{"odata.type":"Microsoft.DirectoryServices.Group","objectType":"Group","objectId":"f78a718d-057f-4e56-a08b-164d9adf2256","deletionTimestamp":null,"description":null,"dirSyncEnabled":null,"displayName":"group123","lastDirSyncTime":null,"mail":null,"mailNickname":"testgroupp4qxl6","mailEnabled":false,"onPremisesDomainName":null,"onPremisesNetBiosName":null,"onPremisesSamAccountName":null,"onPremisesSecurityIdentifier":null,"provisioningErrors":[],"proxyAddresses":[],"securityEnabled":true},{"odata.type":"Microsoft.DirectoryServices.Group","objectType":"Group","objectId":"fea79277-d88a-4262-aa3d-533b142a8351","deletionTimestamp":null,"description":null,"dirSyncEnabled":null,"displayName":"group123","lastDirSyncTime":null,"mail":null,"mailNickname":"testgroupyku24s","mailEnabled":false,"onPremisesDomainName":null,"onPremisesNetBiosName":null,"onPremisesSamAccountName":null,"onPremisesSecurityIdentifier":null,"provisioningErrors":[],"proxyAddresses":[],"securityEnabled":true}]}'
    headers:
      access-control-allow-origin:
      - '*'
      cache-control:
      - no-cache
      content-length:
      - '31776'
      content-type:
      - application/json; odata=minimalmetadata; streaming=true; charset=utf-8
      dataserviceversion:
      - 3.0;
      date:
      - Fri, 21 Aug 2020 06:26:40 GMT
      duration:
      - '2744986'
      expires:
      - '-1'
      ocp-aad-diagnostics-server-name:
      - L9NBRnGEeAQxkyyQ/ByUHcjzlwozd6+Cs0akFLqp8sA=
      ocp-aad-session-key:
      - Jgt1x18hV6jWa5XwXjceN_tl94iAANEcTJM5UIof5baBDMIam6swVOsVviiZiPFUeP7FY2PUL9eE3ydSX00TmoOiHFgWByAvdMXvN6hitzmmIEn9pHFRDr3w25Ct36UWB08lnHEOsrGyAiejkmT1geWifGRURRkQf0wUlfxmEVM.Cvi9W9dHihgmNit-xqgtIC9JDAu7SFctNzVmn3ugPCY
      pragma:
      - no-cache
      request-id:
      - 7688800e-6174-4b4e-bea5-14234da13249
      strict-transport-security:
      - max-age=31536000; includeSubDomains
      x-aspnet-version:
      - 4.0.30319
      x-ms-dirapi-data-contract-version:
      - '1.6'
      x-ms-resource-unit:
      - '1'
      x-powered-by:
      - ASP.NET
    status:
      code: 200
      message: OK
- request:
    body: null
    headers:
      Accept:
      - application/json
      Accept-Encoding:
      - gzip, deflate
      CommandName:
      - ad user delete
      Connection:
      - keep-alive
      Content-Length:
      - '0'
      ParameterSetName:
      - --upn-or-object-id
      User-Agent:
      - python/3.8.5 (Windows-10-10.0.19041-SP0) msrest/0.6.18 msrest_azure/0.6.3
        azure-graphrbac/0.60.0 Azure-SDK-For-Python AZURECLI/2.10.1
      accept-language:
      - en-US
    method: DELETE
    uri: https://graph.windows.net/00000000-0000-0000-0000-000000000000/users/cc380d58-0746-40fd-b4ff-e32a73ff0b34?api-version=1.6
  response:
    body:
      string: ''
    headers:
      access-control-allow-origin:
      - '*'
      cache-control:
      - no-cache
      date:
      - Fri, 21 Aug 2020 06:26:40 GMT
      duration:
      - '3028433'
      expires:
      - '-1'
      ocp-aad-diagnostics-server-name:
      - Zi+2P1A0SwqDKMbSHF8EN9tNzs1wJg1vxFyizsabdlw=
      ocp-aad-session-key:
      - 1LIKzfX3xUojIlWpQjIrvjRo05MvwfgTKif4mZgShAp-FDZSaYTThXAIm5NVvmGwcFTanzYFJ-iiERjeYg_dZYpcmoJNuaZVhMG6E1cblGgKxBFOypl8Hw3O0RMW69-PDG2RG07ybMVg_HUCeL1Cuqsrc2IG0Z6b60Q96l53BPo.HnfOnXAxh-ZtGYOQx0c3XiQdeGseQfAllODGTol_OIY
      pragma:
      - no-cache
      request-id:
      - b6fa18f1-72e1-400e-8310-8b0b0e7c88d1
      strict-transport-security:
      - max-age=31536000; includeSubDomains
      x-aspnet-version:
      - 4.0.30319
      x-ms-dirapi-data-contract-version:
      - '1.6'
      x-ms-resource-unit:
      - '1'
      x-powered-by:
      - ASP.NET
    status:
      code: 204
      message: No Content
- request:
    body: null
    headers:
      Accept:
      - application/json
      Accept-Encoding:
      - gzip, deflate
      CommandName:
      - ad user delete
      Connection:
      - keep-alive
      Content-Length:
      - '0'
      ParameterSetName:
      - --upn-or-object-id
      User-Agent:
      - python/3.8.5 (Windows-10-10.0.19041-SP0) msrest/0.6.18 msrest_azure/0.6.3
        azure-graphrbac/0.60.0 Azure-SDK-For-Python AZURECLI/2.10.1
      accept-language:
      - en-US
    method: DELETE
    uri: https://graph.windows.net/00000000-0000-0000-0000-000000000000/users/ce8da55c-fef6-4527-b815-847aff78e387?api-version=1.6
  response:
    body:
      string: ''
    headers:
      access-control-allow-origin:
      - '*'
      cache-control:
      - no-cache
      date:
      - Fri, 21 Aug 2020 06:26:41 GMT
      duration:
      - '3196378'
      expires:
      - '-1'
      ocp-aad-diagnostics-server-name:
      - s8b3SINXiq4yUQ7D+hkzg34bDluxs7CTY+E2hkr8Adc=
      ocp-aad-session-key:
      - YtMuBZfpgrmTZIgbgdGvdd-4ANs1n_7NH1oHlt2ySqxOeQbqRhOTe5EuNOmE7X7ym9Oa8xZyaP286CTmNct2194hF4lrKepik4zzGLF4dlHEpoyLRp_WW3bWjoeA0XGeAhyhu9uV4YMwXRVy9ErUcLCjCWcuiVvmsJWia2iB0Xg.-1YVmcFd-JHx2vSqCHcr7empBGwyeTD8lpTd3Qd0-hk
      pragma:
      - no-cache
      request-id:
      - 4a742bec-b877-4b9b-a114-b633ad76913c
      strict-transport-security:
      - max-age=31536000; includeSubDomains
      x-aspnet-version:
      - 4.0.30319
      x-ms-dirapi-data-contract-version:
      - '1.6'
      x-ms-resource-unit:
      - '1'
      x-powered-by:
      - ASP.NET
    status:
      code: 204
      message: No Content
- request:
    body: null
    headers:
      Accept:
      - application/json
      Accept-Encoding:
      - gzip, deflate
      CommandName:
      - ad group delete
      Connection:
      - keep-alive
      ParameterSetName:
      - -g
      User-Agent:
      - python/3.8.5 (Windows-10-10.0.19041-SP0) msrest/0.6.18 msrest_azure/0.6.3
        azure-graphrbac/0.60.0 Azure-SDK-For-Python AZURECLI/2.10.1
      accept-language:
      - en-US
    method: GET
    uri: https://graph.windows.net/00000000-0000-0000-0000-000000000000/groups?$filter=displayName%20eq%20%27deleteme_g%27&api-version=1.6
  response:
    body:
      string: '{"odata.metadata":"https://graph.windows.net/00000000-0000-0000-0000-000000000000/$metadata#directoryObjects","value":[]}'
    headers:
      access-control-allow-origin:
      - '*'
      cache-control:
      - no-cache
      content-length:
      - '121'
      content-type:
      - application/json; odata=minimalmetadata; streaming=true; charset=utf-8
      dataserviceversion:
      - 3.0;
      date:
      - Fri, 21 Aug 2020 06:26:41 GMT
      duration:
      - '2755767'
      expires:
      - '-1'
      ocp-aad-diagnostics-server-name:
      - JLzOMeRSmD6axXTrAREETHjQsFiczwukGmJuoAZBT4k=
      ocp-aad-session-key:
      - ms5ssJWe72zx4aHqez7ih35qghZUW9AzfOOg09DWIeHrVvdcqixAiSnbCNNhpIMxSsERWky9wYhf-QrFvS8neEjLtfDBCzfYL08K9qJj09csTxUq9yHIFBinq8oGzybD0Szbef4alHPjfWLF2Zenv7Uebz5YzorOMAHj_Wx0j3A.N76K8j2D-8RvdX8Ef85iG-co7spFcLMy2N0M-Dlzfes
      pragma:
      - no-cache
      request-id:
      - 59818d9c-efe0-4618-8afd-fd97a371473d
      strict-transport-security:
      - max-age=31536000; includeSubDomains
      x-aspnet-version:
      - 4.0.30319
      x-ms-dirapi-data-contract-version:
      - '1.6'
      x-ms-resource-unit:
      - '1'
      x-powered-by:
      - ASP.NET
    status:
      code: 200
      message: OK
- request:
    body: null
    headers:
      Accept:
      - application/json
      Accept-Encoding:
      - gzip, deflate
      CommandName:
      - ad group delete
      Connection:
      - keep-alive
      ParameterSetName:
      - -g
      User-Agent:
      - python/3.8.5 (Windows-10-10.0.19041-SP0) msrest/0.6.18 msrest_azure/0.6.3
        azure-graphrbac/0.60.0 Azure-SDK-For-Python AZURECLI/2.10.1
      accept-language:
      - en-US
    method: GET
    uri: https://graph.windows.net/00000000-0000-0000-0000-000000000000/groups?$filter=startswith%28displayName%2C%27deleteme_g%27%29&api-version=1.6
  response:
    body:
      string: '{"odata.metadata":"https://graph.windows.net/00000000-0000-0000-0000-000000000000/$metadata#directoryObjects","value":[]}'
    headers:
      access-control-allow-origin:
      - '*'
      cache-control:
      - no-cache
      content-length:
      - '121'
      content-type:
      - application/json; odata=minimalmetadata; streaming=true; charset=utf-8
      dataserviceversion:
      - 3.0;
      date:
      - Fri, 21 Aug 2020 06:26:42 GMT
      duration:
      - '2225206'
      expires:
      - '-1'
      ocp-aad-diagnostics-server-name:
      - PRGXX9jjf9bQz2WUo+1Gib56c0IpEiXlqye6PC24stc=
      ocp-aad-session-key:
      - R7-z6GMv3RfMkD2BJK3n6-pFxzGh6GePncpmfpM4hKdHySsdixgntfw9bkMDzkkPNU5Ls6tBVJxqvK0ToF1eavOHKvhNmxRU3F8bWQJrKdMp4EUiCm_NgTuc1nvUiD26SgCnFBw6ZO_DrEcS1_P_eq8xlS4S2oOkv57loBLq2oE.kyEG57C3hOoXUqtP_j53j7HTDNhBDRWfs7ApRxbt3NA
      pragma:
      - no-cache
      request-id:
      - 3018a8c6-8b64-4b35-9710-e62c7a26998f
      strict-transport-security:
      - max-age=31536000; includeSubDomains
      x-aspnet-version:
      - 4.0.30319
      x-ms-dirapi-data-contract-version:
      - '1.6'
      x-ms-resource-unit:
      - '1'
      x-powered-by:
      - ASP.NET
    status:
      code: 200
      message: OK
version: 1
