interactions:
- request:
    body: '{"accountEnabled": true, "displayName": "deleteme1", "passwordProfile":
      {"password": "Test1234!!", "forceChangePasswordNextLogin": false}, "userPrincipalName":
      "deleteme1@example.com", "mailNickname": "deleteme1"}'
    headers:
      Accept:
      - application/json
      Accept-Encoding:
      - gzip, deflate
      CommandName:
      - ad user create
      Connection:
      - keep-alive
      Content-Length:
      - '230'
      Content-Type:
      - application/json; charset=utf-8
      ParameterSetName:
      - --display-name --password --user-principal-name
      User-Agent:
      - python/3.8.1 (Windows-10-10.0.18362-SP0) msrest/0.6.11 msrest_azure/0.6.2
        azure-graphrbac/0.60.0 Azure-SDK-For-Python AZURECLI/2.1.0
      accept-language:
      - en-US
    method: POST
    uri: https://graph.windows.net/00000000-0000-0000-0000-000000000000/users?api-version=1.6
  response:
    body:
      string: '{"odata.metadata":"https://graph.windows.net/00000000-0000-0000-0000-000000000000/$metadata#directoryObjects/@Element","odata.type":"Microsoft.DirectoryServices.User","objectType":"User","objectId":"8745687b-4581-4644-9bd8-1e21380c20fc","deletionTimestamp":null,"accountEnabled":true,"ageGroup":null,"assignedLicenses":[],"assignedPlans":[],"city":null,"companyName":null,"consentProvidedForMinor":null,"country":null,"createdDateTime":"2020-03-05T10:18:11Z","creationType":null,"department":null,"dirSyncEnabled":null,"displayName":"deleteme1","employeeId":null,"facsimileTelephoneNumber":null,"givenName":null,"immutableId":null,"isCompromised":null,"jobTitle":null,"lastDirSyncTime":null,"legalAgeGroupClassification":null,"mail":null,"mailNickname":"deleteme1","mobile":null,"onPremisesDistinguishedName":null,"onPremisesSecurityIdentifier":null,"otherMails":[],"passwordPolicies":null,"passwordProfile":null,"physicalDeliveryOfficeName":null,"postalCode":null,"preferredLanguage":null,"provisionedPlans":[],"provisioningErrors":[],"proxyAddresses":[],"refreshTokensValidFromDateTime":"2020-03-05T10:18:11.1262718Z","showInAddressList":null,"signInNames":[],"sipProxyAddress":null,"state":null,"streetAddress":null,"surname":null,"telephoneNumber":null,"thumbnailPhoto@odata.mediaEditLink":"directoryObjects/8745687b-4581-4644-9bd8-1e21380c20fc/Microsoft.DirectoryServices.User/thumbnailPhoto","usageLocation":null,"userIdentities":[],"userPrincipalName":"deleteme1@example.com","userState":null,"userStateChangedOn":null,"userType":"Member"}'
    headers:
      access-control-allow-origin:
      - '*'
      cache-control:
      - no-cache
      content-length:
      - '1563'
      content-type:
      - application/json; odata=minimalmetadata; streaming=true; charset=utf-8
      dataserviceversion:
      - 3.0;
      date:
      - Thu, 05 Mar 2020 10:18:10 GMT
      duration:
      - '6590356'
      expires:
      - '-1'
      location:
      - https://graph.windows.net/00000000-0000-0000-0000-000000000000/directoryObjects/8745687b-4581-4644-9bd8-1e21380c20fc/Microsoft.DirectoryServices.User
      ocp-aad-diagnostics-server-name:
      - /MqF//zpEvPiBK1as8E839YgI6Xdlgfh5ZeVqeOK9CI=
      ocp-aad-session-key:
      - kLGKgaNQ98kRADyxCcHT-n4YGQfEYMjsJXluRIrhXSfJTRG_Ndi_fOhul7SZ2w4y6APnBYILNp2-KsyczDONbKMsjzl4XVB7D5iWofr0SiQdeZ3bDFsfyjtr7-VEJK_9dldRMC_P8ygXKrbPIgHXSOoX8B7MSkTphZscPXJ8Ubk.4D-vtFmIqpbHFlJ3Qot5wKnFtVHUe5YVFfNr7syT99o
      pragma:
      - no-cache
      request-id:
      - 2791f3e6-0871-40c6-a1d6-fff1117ad9b1
      strict-transport-security:
      - max-age=31536000; includeSubDomains
      x-aspnet-version:
      - 4.0.30319
      x-ms-dirapi-data-contract-version:
      - '1.6'
      x-powered-by:
      - ASP.NET
    status:
      code: 201
      message: Created
- request:
    body: '{"accountEnabled": false, "displayName": "deleteme1_new", "mailNickname":
      "deleteme11"}'
    headers:
      Accept:
      - application/json
      Accept-Encoding:
      - gzip, deflate
      CommandName:
      - ad user update
      Connection:
      - keep-alive
      Content-Length:
      - '87'
      Content-Type:
      - application/json; charset=utf-8
      ParameterSetName:
      - --display-name --account-enabled --id --mail-nickname
      User-Agent:
      - python/3.8.1 (Windows-10-10.0.18362-SP0) msrest/0.6.11 msrest_azure/0.6.2
        azure-graphrbac/0.60.0 Azure-SDK-For-Python AZURECLI/2.1.0
      accept-language:
      - en-US
    method: PATCH
    uri: https://graph.windows.net/00000000-0000-0000-0000-000000000000/users/deleteme1%40example.com?api-version=1.6
  response:
    body:
      string: ''
    headers:
      access-control-allow-origin:
      - '*'
      cache-control:
      - no-cache
      date:
      - Thu, 05 Mar 2020 10:18:12 GMT
      duration:
      - '5118637'
      expires:
      - '-1'
      ocp-aad-diagnostics-server-name:
      - mSLP0F096HcWgZ27mIj4ffYCwKZWjtsGTOzQkmYcskU=
      ocp-aad-session-key:
      - vQWk-6z5bD3UHuMZSoDmRup14gRpw2ays8xA2-9XposS1aMJWtSSdCYx9SraO3R7nLp6qH2mpROjLpANXIorpDTIiIrHMpCbzxMMmctzHkSDJt55-sAnSc8CAH4nEKi-ABL5lEkcBw-ZFKky5f98U71QXY-vhMHu1tkYN6ejXMo.tHHHIOYwjo8J7mV4kR41jI3rhoqzAs8T6e93MPP8TC8
      pragma:
      - no-cache
      request-id:
      - ef8762a6-e437-4eeb-87b4-62334c345133
      strict-transport-security:
      - max-age=31536000; includeSubDomains
      x-aspnet-version:
      - 4.0.30319
      x-ms-dirapi-data-contract-version:
      - '1.6'
      x-powered-by:
      - ASP.NET
    status:
      code: 204
      message: No Content
- request:
    body: null
    headers:
      Accept:
      - application/json
      Accept-Encoding:
      - gzip, deflate
      CommandName:
      - ad user show
      Connection:
      - keep-alive
      ParameterSetName:
      - --upn-or-object-id
      User-Agent:
      - python/3.8.1 (Windows-10-10.0.18362-SP0) msrest/0.6.11 msrest_azure/0.6.2
        azure-graphrbac/0.60.0 Azure-SDK-For-Python AZURECLI/2.1.0
      accept-language:
      - en-US
    method: GET
    uri: https://graph.windows.net/00000000-0000-0000-0000-000000000000/users/deleteme1%40example.com?api-version=1.6
  response:
    body:
      string: '{"odata.metadata":"https://graph.windows.net/00000000-0000-0000-0000-000000000000/$metadata#directoryObjects/@Element","odata.type":"Microsoft.DirectoryServices.User","objectType":"User","objectId":"8745687b-4581-4644-9bd8-1e21380c20fc","deletionTimestamp":null,"accountEnabled":false,"ageGroup":null,"assignedLicenses":[],"assignedPlans":[],"city":null,"companyName":null,"consentProvidedForMinor":null,"country":null,"createdDateTime":"2020-03-05T10:18:11Z","creationType":null,"department":null,"dirSyncEnabled":null,"displayName":"deleteme1_new","employeeId":null,"facsimileTelephoneNumber":null,"givenName":null,"immutableId":null,"isCompromised":null,"jobTitle":null,"lastDirSyncTime":null,"legalAgeGroupClassification":null,"mail":null,"mailNickname":"deleteme11","mobile":null,"onPremisesDistinguishedName":null,"onPremisesSecurityIdentifier":null,"otherMails":[],"passwordPolicies":null,"passwordProfile":null,"physicalDeliveryOfficeName":null,"postalCode":null,"preferredLanguage":null,"provisionedPlans":[],"provisioningErrors":[],"proxyAddresses":[],"refreshTokensValidFromDateTime":"2020-03-05T10:18:11Z","showInAddressList":null,"signInNames":[],"sipProxyAddress":null,"state":null,"streetAddress":null,"surname":null,"telephoneNumber":null,"thumbnailPhoto@odata.mediaEditLink":"directoryObjects/8745687b-4581-4644-9bd8-1e21380c20fc/Microsoft.DirectoryServices.User/thumbnailPhoto","usageLocation":null,"userIdentities":[],"userPrincipalName":"deleteme1@example.com","userState":null,"userStateChangedOn":null,"userType":"Member"}'
    headers:
      access-control-allow-origin:
      - '*'
      cache-control:
      - no-cache
      content-length:
      - '1561'
      content-type:
      - application/json; odata=minimalmetadata; streaming=true; charset=utf-8
      dataserviceversion:
      - 3.0;
      date:
      - Thu, 05 Mar 2020 10:18:13 GMT
      duration:
      - '2291065'
      expires:
      - '-1'
      ocp-aad-diagnostics-server-name:
      - NNURuwbjM4Vsv/I+iFV9O3qMNsxQ77QeV00joROAyGY=
      ocp-aad-session-key:
      - LL4J1rfVQczzjiHudqM9oArLg1jdner5hbORYj_vLLAGaaLvLFPLsguOu24WB5rlvNXbg6cMxPzK2pWaYMjXmzpxOguVa_ItZqo41g4_QxKkEUSdLMQfaniiWbbysxlHB7GdWibqymFPnp-bWbjaQN1s4SKF7X-5oBOYEdmahGo.7QrOttU5pDP0yyExzgmJfbeGynLEvJHfqFnvMdieK-o
      pragma:
      - no-cache
      request-id:
      - 7883a1e3-55dd-42bf-b14f-824bd3403aa6
      strict-transport-security:
      - max-age=31536000; includeSubDomains
      x-aspnet-version:
      - 4.0.30319
      x-ms-dirapi-data-contract-version:
      - '1.6'
      x-powered-by:
      - ASP.NET
    status:
      code: 200
      message: OK
- request:
    body: '{"passwordProfile": {"password": "Test1234!!"}}'
    headers:
      Accept:
      - application/json
      Accept-Encoding:
      - gzip, deflate
      CommandName:
      - ad user update
      Connection:
      - keep-alive
      Content-Length:
      - '47'
      Content-Type:
      - application/json; charset=utf-8
      ParameterSetName:
      - --id --password
      User-Agent:
      - python/3.8.1 (Windows-10-10.0.18362-SP0) msrest/0.6.11 msrest_azure/0.6.2
        azure-graphrbac/0.60.0 Azure-SDK-For-Python AZURECLI/2.1.0
      accept-language:
      - en-US
    method: PATCH
    uri: https://graph.windows.net/00000000-0000-0000-0000-000000000000/users/deleteme1%40example.com?api-version=1.6
  response:
    body:
      string: ''
    headers:
      access-control-allow-origin:
      - '*'
      cache-control:
      - no-cache
      date:
      - Thu, 05 Mar 2020 10:18:14 GMT
      duration:
      - '6215003'
      expires:
      - '-1'
      ocp-aad-diagnostics-server-name:
      - BZxBQGZq6Fop2S61otC1It1OG7czCt09h85PRPm5rp4=
      ocp-aad-session-key:
      - nGuxOrG_7yyJAuAFp71q5b2q8bY36C0MUpM0yQuLAiqAlKHvdKTOcvcNoX1eTVBKbG6O_mQgfTZKmBIRLXNiV9J2r18HAX_smXrQ7yJFGFd8d1VLb2L3lu6_X02IWyxRkJzjSOmt14w8nk1OtnLHvRmeY_BHjo6RrHbiOqmYf6w.UAbcLcAMXxw31NpNIoJCwxMmaN2F0Sn031TQ29MG5tc
      pragma:
      - no-cache
      request-id:
      - 635a19b5-b2f1-4cfb-9bee-203869733162
      strict-transport-security:
      - max-age=31536000; includeSubDomains
      x-aspnet-version:
      - 4.0.30319
      x-ms-dirapi-data-contract-version:
      - '1.6'
      x-powered-by:
      - ASP.NET
    status:
      code: 204
      message: No Content
- request:
    body: '{"passwordProfile": {"password": "Test1234!!", "forceChangePasswordNextLogin":
      true}}'
    headers:
      Accept:
      - application/json
      Accept-Encoding:
      - gzip, deflate
      CommandName:
      - ad user update
      Connection:
      - keep-alive
      Content-Length:
      - '85'
      Content-Type:
      - application/json; charset=utf-8
      ParameterSetName:
      - --id --password --force-change-password-next-login
      User-Agent:
      - python/3.8.1 (Windows-10-10.0.18362-SP0) msrest/0.6.11 msrest_azure/0.6.2
        azure-graphrbac/0.60.0 Azure-SDK-For-Python AZURECLI/2.1.0
      accept-language:
      - en-US
    method: PATCH
    uri: https://graph.windows.net/00000000-0000-0000-0000-000000000000/users/deleteme1%40example.com?api-version=1.6
  response:
    body:
      string: ''
    headers:
      access-control-allow-origin:
      - '*'
      cache-control:
      - no-cache
      date:
      - Thu, 05 Mar 2020 10:18:15 GMT
      duration:
      - '6155678'
      expires:
      - '-1'
      ocp-aad-diagnostics-server-name:
      - ZqlWrBNqZNeLvFpNSdF5DrbUFs642LZtA/ISeq+OZRM=
      ocp-aad-session-key:
      - TZ8G1pTJVe0wwk_ONhZ0Nh7BeVxZttD-wyBC_a1vDB-3605mFAjBRchtfp_WNh3JNbh5PO2BqZWEMBIne6R7Q8IVibQWUV-bSMpD3yzYHIbVi0MPMd6QFLBxpqgufFZxH5ooHQwAI05oHHYR304O-Lg0DQ4omiwci20OT92yGns.NGEVlykzBSMQAECnlSGUquZeRgl6J5Sv7OD-enMzuok
      pragma:
      - no-cache
      request-id:
      - 0f2fd906-cc02-44e9-a7d9-b54fd67ce86a
      strict-transport-security:
      - max-age=31536000; includeSubDomains
      x-aspnet-version:
      - 4.0.30319
      x-ms-dirapi-data-contract-version:
      - '1.6'
      x-powered-by:
      - ASP.NET
    status:
      code: 204
      message: No Content
- request:
    body: '{"accountEnabled": true, "displayName": "deleteme2", "passwordProfile":
      {"password": "Test1234!!", "forceChangePasswordNextLogin": false}, "userPrincipalName":
      "deleteme2@example.com", "mailNickname": "deleteme2"}'
    headers:
      Accept:
      - application/json
      Accept-Encoding:
      - gzip, deflate
      CommandName:
      - ad user create
      Connection:
      - keep-alive
      Content-Length:
      - '230'
      Content-Type:
      - application/json; charset=utf-8
      ParameterSetName:
      - --display-name --password --user-principal-name
      User-Agent:
      - python/3.8.1 (Windows-10-10.0.18362-SP0) msrest/0.6.11 msrest_azure/0.6.2
        azure-graphrbac/0.60.0 Azure-SDK-For-Python AZURECLI/2.1.0
      accept-language:
      - en-US
    method: POST
    uri: https://graph.windows.net/00000000-0000-0000-0000-000000000000/users?api-version=1.6
  response:
    body:
      string: '{"odata.metadata":"https://graph.windows.net/00000000-0000-0000-0000-000000000000/$metadata#directoryObjects/@Element","odata.type":"Microsoft.DirectoryServices.User","objectType":"User","objectId":"53eb3c12-5fea-44f5-b085-b7e0a161e16f","deletionTimestamp":null,"accountEnabled":true,"ageGroup":null,"assignedLicenses":[],"assignedPlans":[],"city":null,"companyName":null,"consentProvidedForMinor":null,"country":null,"createdDateTime":"2020-03-05T10:18:17Z","creationType":null,"department":null,"dirSyncEnabled":null,"displayName":"deleteme2","employeeId":null,"facsimileTelephoneNumber":null,"givenName":null,"immutableId":null,"isCompromised":null,"jobTitle":null,"lastDirSyncTime":null,"legalAgeGroupClassification":null,"mail":null,"mailNickname":"deleteme2","mobile":null,"onPremisesDistinguishedName":null,"onPremisesSecurityIdentifier":null,"otherMails":[],"passwordPolicies":null,"passwordProfile":null,"physicalDeliveryOfficeName":null,"postalCode":null,"preferredLanguage":null,"provisionedPlans":[],"provisioningErrors":[],"proxyAddresses":[],"refreshTokensValidFromDateTime":"2020-03-05T10:18:17.2547596Z","showInAddressList":null,"signInNames":[],"sipProxyAddress":null,"state":null,"streetAddress":null,"surname":null,"telephoneNumber":null,"thumbnailPhoto@odata.mediaEditLink":"directoryObjects/53eb3c12-5fea-44f5-b085-b7e0a161e16f/Microsoft.DirectoryServices.User/thumbnailPhoto","usageLocation":null,"userIdentities":[],"userPrincipalName":"deleteme2@example.com","userState":null,"userStateChangedOn":null,"userType":"Member"}'
    headers:
      access-control-allow-origin:
      - '*'
      cache-control:
      - no-cache
      content-length:
      - '1563'
      content-type:
      - application/json; odata=minimalmetadata; streaming=true; charset=utf-8
      dataserviceversion:
      - 3.0;
      date:
      - Thu, 05 Mar 2020 10:18:17 GMT
      duration:
      - '6216636'
      expires:
      - '-1'
      location:
      - https://graph.windows.net/00000000-0000-0000-0000-000000000000/directoryObjects/53eb3c12-5fea-44f5-b085-b7e0a161e16f/Microsoft.DirectoryServices.User
      ocp-aad-diagnostics-server-name:
      - 1lVR5teXsZbdZmPF11gm59KMWRaNjPR269e9leNdeAg=
      ocp-aad-session-key:
      - V4WreZOcsjCaid_jZ2O2Cm5qcBvYZfptd-2UsPtADQyxQpyzDmq-OvIWuLff1dftWIa5T3_C3bRlSBj1hApO2aYdsCO1c1NbDCank3WaJXAyrnUPkA_rGOS9CoLgSz1R8nFq35o5z2rbFAp8SCHwc6BJnGaCFjIyFbjgeqodJWs.dUQCsvh-wudzirsy6bYT7dXPBIGxeuNdKgcr-nwK7mo
      pragma:
      - no-cache
      request-id:
      - f323287d-4d94-4c4d-8d8a-d00d3c34e6ea
      strict-transport-security:
      - max-age=31536000; includeSubDomains
      x-aspnet-version:
      - 4.0.30319
      x-ms-dirapi-data-contract-version:
      - '1.6'
      x-powered-by:
      - ASP.NET
    status:
      code: 201
      message: Created
- request:
    body: null
    headers:
      Accept:
      - application/json
      Accept-Encoding:
      - gzip, deflate
      CommandName:
      - ad group create
      Connection:
      - keep-alive
      ParameterSetName:
      - --display-name --mail-nickname
      User-Agent:
      - python/3.8.1 (Windows-10-10.0.18362-SP0) msrest/0.6.11 msrest_azure/0.6.2
        azure-graphrbac/0.60.0 Azure-SDK-For-Python AZURECLI/2.1.0
      accept-language:
      - en-US
    method: GET
    uri: https://graph.windows.net/00000000-0000-0000-0000-000000000000/groups?$filter=displayName%20eq%20%27deleteme_g%27%20and%20mailNickname%20eq%20%27deleteme_g%27&api-version=1.6
  response:
    body:
      string: '{"odata.metadata":"https://graph.windows.net/00000000-0000-0000-0000-000000000000/$metadata#directoryObjects","value":[]}'
    headers:
      access-control-allow-origin:
      - '*'
      cache-control:
      - no-cache
      content-length:
      - '121'
      content-type:
      - application/json; odata=minimalmetadata; streaming=true; charset=utf-8
      dataserviceversion:
      - 3.0;
      date:
      - Thu, 05 Mar 2020 10:18:17 GMT
      duration:
      - '3374541'
      expires:
      - '-1'
      ocp-aad-diagnostics-server-name:
      - QF+2Kom5kdqiaMnyIX2qvy7RneHOkkB0ozKS2e4Q0lc=
      ocp-aad-session-key:
      - dY1Q3EgOkIYhCbTBScosOlchqpwV2fCZ5tel6SwCK-nEavqpOE-O5oQ7g5JJQmtzyldNIWjMZvBTtl5IQhu8xSyR_idcgjVymgT2oacqPaTGSQk5fD_n0wqAzBtoHaLeg2gIdZTfyTf0pZ_XM5ZwR5AdOWRC1PC0AoMZcGpvFro.aPLnI3Gc1nzhoYEUG2nyLMBfAR_4dP7AYLOt9erpCXw
      pragma:
      - no-cache
      request-id:
      - d59705bc-f82c-4225-8657-56828d91aad9
      strict-transport-security:
      - max-age=31536000; includeSubDomains
      x-aspnet-version:
      - 4.0.30319
      x-ms-dirapi-data-contract-version:
      - '1.6'
      x-powered-by:
      - ASP.NET
    status:
      code: 200
      message: OK
- request:
    body: '{"displayName": "deleteme_g", "mailEnabled": false, "mailNickname": "deleteme_g",
      "securityEnabled": true}'
    headers:
      Accept:
      - application/json
      Accept-Encoding:
      - gzip, deflate
      CommandName:
      - ad group create
      Connection:
      - keep-alive
      Content-Length:
      - '106'
      Content-Type:
      - application/json; charset=utf-8
      ParameterSetName:
      - --display-name --mail-nickname
      User-Agent:
      - python/3.8.1 (Windows-10-10.0.18362-SP0) msrest/0.6.11 msrest_azure/0.6.2
        azure-graphrbac/0.60.0 Azure-SDK-For-Python AZURECLI/2.1.0
      accept-language:
      - en-US
    method: POST
    uri: https://graph.windows.net/00000000-0000-0000-0000-000000000000/groups?api-version=1.6
  response:
    body:
      string: '{"odata.metadata":"https://graph.windows.net/00000000-0000-0000-0000-000000000000/$metadata#directoryObjects/@Element","odata.type":"Microsoft.DirectoryServices.Group","objectType":"Group","objectId":"9bc4cf98-7951-4b6d-9883-b640b10698ad","deletionTimestamp":null,"description":null,"dirSyncEnabled":null,"displayName":"deleteme_g","lastDirSyncTime":null,"mail":null,"mailNickname":"deleteme_g","mailEnabled":false,"onPremisesDomainName":null,"onPremisesNetBiosName":null,"onPremisesSamAccountName":null,"onPremisesSecurityIdentifier":null,"provisioningErrors":[],"proxyAddresses":[],"securityEnabled":true}'
    headers:
      access-control-allow-origin:
      - '*'
      cache-control:
      - no-cache
      content-length:
      - '607'
      content-type:
      - application/json; odata=minimalmetadata; streaming=true; charset=utf-8
      dataserviceversion:
      - 3.0;
      date:
      - Thu, 05 Mar 2020 10:18:19 GMT
      duration:
      - '5118898'
      expires:
      - '-1'
      location:
      - https://graph.windows.net/00000000-0000-0000-0000-000000000000/directoryObjects/9bc4cf98-7951-4b6d-9883-b640b10698ad/Microsoft.DirectoryServices.Group
      ocp-aad-diagnostics-server-name:
      - BZxBQGZq6Fop2S61otC1It1OG7czCt09h85PRPm5rp4=
      ocp-aad-session-key:
      - N2wmKDC85dOh8OpB1pWBPA9pNl8cbtrefL2tM7s1Y6eauUBFFRqPl3UsCpOhyuVBttJx9CkMz47bjbxKrXzMFiyxi14xbKb_a82kY9M1EDxjEhED6NJP3wrgxUsuEPDPruUYs8FcABAH5BDY8UM0GHgf9MAx1nHyoReLgsERrto.mrAbDZWUITLz4OKPq0qWjFmlaUXhJZfYiUKW8r8sQg0
      pragma:
      - no-cache
      request-id:
      - b6070221-2d91-4713-8a0f-4cd40c16b6c6
      strict-transport-security:
      - max-age=31536000; includeSubDomains
      x-aspnet-version:
      - 4.0.30319
      x-ms-dirapi-data-contract-version:
      - '1.6'
      x-powered-by:
      - ASP.NET
    status:
      code: 201
      message: Created
- request:
    body: null
    headers:
      Accept:
      - application/json
      Accept-Encoding:
      - gzip, deflate
      CommandName:
      - ad group member add
      Connection:
      - keep-alive
      ParameterSetName:
      - -g --member-id
      User-Agent:
      - python/3.8.1 (Windows-10-10.0.18362-SP0) msrest/0.6.11 msrest_azure/0.6.2
        azure-graphrbac/0.60.0 Azure-SDK-For-Python AZURECLI/2.1.0
      accept-language:
      - en-US
    method: GET
    uri: https://graph.windows.net/00000000-0000-0000-0000-000000000000/groups?$filter=displayName%20eq%20%27deleteme_g%27&api-version=1.6
  response:
    body:
      string: '{"odata.metadata":"https://graph.windows.net/00000000-0000-0000-0000-000000000000/$metadata#directoryObjects","value":[{"odata.type":"Microsoft.DirectoryServices.Group","objectType":"Group","objectId":"9bc4cf98-7951-4b6d-9883-b640b10698ad","deletionTimestamp":null,"description":null,"dirSyncEnabled":null,"displayName":"deleteme_g","lastDirSyncTime":null,"mail":null,"mailNickname":"deleteme_g","mailEnabled":false,"onPremisesDomainName":null,"onPremisesNetBiosName":null,"onPremisesSamAccountName":null,"onPremisesSecurityIdentifier":null,"provisioningErrors":[],"proxyAddresses":[],"securityEnabled":true}]}'
    headers:
      access-control-allow-origin:
      - '*'
      cache-control:
      - no-cache
      content-length:
      - '610'
      content-type:
      - application/json; odata=minimalmetadata; streaming=true; charset=utf-8
      dataserviceversion:
      - 3.0;
      date:
      - Thu, 05 Mar 2020 10:18:20 GMT
      duration:
      - '2420187'
      expires:
      - '-1'
      ocp-aad-diagnostics-server-name:
      - 3FI+PF+MkCFqWcUa1Fedr2Mi0nzUSo0QEs/pQ0mB0TE=
      ocp-aad-session-key:
      - wSq2zaZ5pPbXhg9b7Ffc9pUMAeGWx22kZqzmbZKU2FTCvSdqLFJSQFFyBxv2G38g_wS-2s2oB0u_EHK99u2nLJbR1B71QATVb3ILw5W5jM8F7VJPHUDnb5cGS5B8OfzOKAiBtWw4qfz6ZBWq_ZHA6pHvOmTmLJDul4jztnScwXg.OIRTDanwObQJDpjorEEvjrdYFx5THkm6I_jskuYG4Os
      pragma:
      - no-cache
      request-id:
      - a427cde0-0cef-43f7-9707-b39fb8648a55
      strict-transport-security:
      - max-age=31536000; includeSubDomains
      x-aspnet-version:
      - 4.0.30319
      x-ms-dirapi-data-contract-version:
      - '1.6'
      x-powered-by:
      - ASP.NET
    status:
      code: 200
      message: OK
- request:
    body: '{"url": "https://graph.windows.net/00000000-0000-0000-0000-000000000000/directoryObjects/8745687b-4581-4644-9bd8-1e21380c20fc"}'
    headers:
      Accept:
      - application/json
      Accept-Encoding:
      - gzip, deflate
      CommandName:
      - ad group member add
      Connection:
      - keep-alive
      Content-Length:
      - '127'
      Content-Type:
      - application/json; charset=utf-8
      ParameterSetName:
      - -g --member-id
      User-Agent:
      - python/3.8.1 (Windows-10-10.0.18362-SP0) msrest/0.6.11 msrest_azure/0.6.2
        azure-graphrbac/0.60.0 Azure-SDK-For-Python AZURECLI/2.1.0
      accept-language:
      - en-US
    method: POST
    uri: https://graph.windows.net/00000000-0000-0000-0000-000000000000/groups/9bc4cf98-7951-4b6d-9883-b640b10698ad/$links/members?api-version=1.6
  response:
    body:
      string: ''
    headers:
      access-control-allow-origin:
      - '*'
      cache-control:
      - no-cache
      date:
      - Thu, 05 Mar 2020 10:18:21 GMT
      duration:
      - '5304683'
      expires:
      - '-1'
      ocp-aad-diagnostics-server-name:
      - 26JYzEj1KAujzamlU8eWwpzZ/9HTI+y7gakRbWjTnUk=
      ocp-aad-session-key:
      - GS1taV8cirIppzCpvJQr2kbytA1KvakeKe5bedKW2dtegQqckGLXFt89TfPyua2v7tvQFQn_DQcr61o9oPNZNZODpVTNrkGXCd8ePC2Ff3g-rqEPUJWe5BbifMO5QpUCIkChv50Kp460QXlWWK_aUdR48EBkE87PelctfYpqa04.lnPnPKGxx8apSTwwOQk9q-WqEGFiChsXqYXeBTM_s0k
      pragma:
      - no-cache
      request-id:
      - 352fee07-5340-4b66-837d-f56842142ffa
      strict-transport-security:
      - max-age=31536000; includeSubDomains
      x-aspnet-version:
      - 4.0.30319
      x-ms-dirapi-data-contract-version:
      - '1.6'
      x-powered-by:
      - ASP.NET
    status:
      code: 204
      message: No Content
- request:
    body: null
    headers:
      Accept:
      - application/json
      Accept-Encoding:
      - gzip, deflate
      CommandName:
      - ad group member add
      Connection:
      - keep-alive
      ParameterSetName:
      - -g --member-id
      User-Agent:
      - python/3.8.1 (Windows-10-10.0.18362-SP0) msrest/0.6.11 msrest_azure/0.6.2
        azure-graphrbac/0.60.0 Azure-SDK-For-Python AZURECLI/2.1.0
      accept-language:
      - en-US
    method: GET
    uri: https://graph.windows.net/00000000-0000-0000-0000-000000000000/groups?$filter=displayName%20eq%20%27deleteme_g%27&api-version=1.6
  response:
    body:
      string: '{"odata.metadata":"https://graph.windows.net/00000000-0000-0000-0000-000000000000/$metadata#directoryObjects","value":[{"odata.type":"Microsoft.DirectoryServices.Group","objectType":"Group","objectId":"9bc4cf98-7951-4b6d-9883-b640b10698ad","deletionTimestamp":null,"description":null,"dirSyncEnabled":null,"displayName":"deleteme_g","lastDirSyncTime":null,"mail":null,"mailNickname":"deleteme_g","mailEnabled":false,"onPremisesDomainName":null,"onPremisesNetBiosName":null,"onPremisesSamAccountName":null,"onPremisesSecurityIdentifier":null,"provisioningErrors":[],"proxyAddresses":[],"securityEnabled":true}]}'
    headers:
      access-control-allow-origin:
      - '*'
      cache-control:
      - no-cache
      content-length:
      - '610'
      content-type:
      - application/json; odata=minimalmetadata; streaming=true; charset=utf-8
      dataserviceversion:
      - 3.0;
      date:
      - Thu, 05 Mar 2020 10:18:22 GMT
      duration:
      - '4597144'
      expires:
      - '-1'
      ocp-aad-diagnostics-server-name:
      - xguPw8Z/ZczT5yPbDDvGkQM2Upn8A70k96nygYpoTFs=
      ocp-aad-session-key:
      - LacItQd-f-G8D31KjR6yr7Vy_bA4DKJdVkzZWclDBRntF9I2sXzG676BsZRSO2OOX7xX3edt2RYLSStAq9adhJ-y2DNqJk6G5ddk-P4tWcCOQkIq6PJa7A1VEONnciA_sAxfw6x3C72qngj4L88CdPTpddq4X_Suc14sXM_peU8.U8JOmJsn94k0aWfcEXXyOI1z3sr8m2tY7enkYBigR2o
      pragma:
      - no-cache
      request-id:
      - d570bf7e-e52e-42af-a7a5-d3b58278a822
      strict-transport-security:
      - max-age=31536000; includeSubDomains
      x-aspnet-version:
      - 4.0.30319
      x-ms-dirapi-data-contract-version:
      - '1.6'
      x-powered-by:
      - ASP.NET
    status:
      code: 200
      message: OK
- request:
    body: '{"url": "https://graph.windows.net/00000000-0000-0000-0000-000000000000/directoryObjects/53eb3c12-5fea-44f5-b085-b7e0a161e16f"}'
    headers:
      Accept:
      - application/json
      Accept-Encoding:
      - gzip, deflate
      CommandName:
      - ad group member add
      Connection:
      - keep-alive
      Content-Length:
      - '127'
      Content-Type:
      - application/json; charset=utf-8
      ParameterSetName:
      - -g --member-id
      User-Agent:
      - python/3.8.1 (Windows-10-10.0.18362-SP0) msrest/0.6.11 msrest_azure/0.6.2
        azure-graphrbac/0.60.0 Azure-SDK-For-Python AZURECLI/2.1.0
      accept-language:
      - en-US
    method: POST
    uri: https://graph.windows.net/00000000-0000-0000-0000-000000000000/groups/9bc4cf98-7951-4b6d-9883-b640b10698ad/$links/members?api-version=1.6
  response:
    body:
      string: ''
    headers:
      access-control-allow-origin:
      - '*'
      cache-control:
      - no-cache
      date:
      - Thu, 05 Mar 2020 10:18:23 GMT
      duration:
      - '5193154'
      expires:
      - '-1'
      ocp-aad-diagnostics-server-name:
      - wa7XLTE+/p7laYRXAZUltYgvhndklofPlRXpYDhC3dg=
      ocp-aad-session-key:
      - 7SwcwbfpSZ-cU8Wuph5LgkwmoDGBCKD3YgmEQOiDkZ_ahrC2JfXnsthY1V9rha9RBYiXoFZ15g6YcYK5zWLmCM_xZNl5gdWQJXcBdChPSWyR1DYkIpyYRQcmQZsKdXqPU7uDCaWMXXCKiXR0xMsgZpGkLhSLje3uJx0YgxVVS7E.ovaq_5uQ9LZzvEfPE2XACqaOZK-JRfDF9xihThDiz6I
      pragma:
      - no-cache
      request-id:
      - 849ff97d-3f60-4f28-9feb-e735bc23ac9e
      strict-transport-security:
      - max-age=31536000; includeSubDomains
      x-aspnet-version:
      - 4.0.30319
      x-ms-dirapi-data-contract-version:
      - '1.6'
      x-powered-by:
      - ASP.NET
    status:
      code: 204
      message: No Content
- request:
    body: '{"securityEnabledOnly": false}'
    headers:
      Accept:
      - application/json
      Accept-Encoding:
      - gzip, deflate
      CommandName:
      - ad user get-member-groups
      Connection:
      - keep-alive
      Content-Length:
      - '30'
      Content-Type:
      - application/json; charset=utf-8
      ParameterSetName:
      - --upn-or-object-id
      User-Agent:
      - python/3.8.1 (Windows-10-10.0.18362-SP0) msrest/0.6.11 msrest_azure/0.6.2
        azure-graphrbac/0.60.0 Azure-SDK-For-Python AZURECLI/2.1.0
      accept-language:
      - en-US
    method: POST
    uri: https://graph.windows.net/00000000-0000-0000-0000-000000000000/users/8745687b-4581-4644-9bd8-1e21380c20fc/getMemberGroups?api-version=1.6
  response:
    body:
      string: '{"odata.metadata":"https://graph.windows.net/00000000-0000-0000-0000-000000000000/$metadata#Collection(Edm.String)","value":["9bc4cf98-7951-4b6d-9883-b640b10698ad"]}'
    headers:
      access-control-allow-origin:
      - '*'
      cache-control:
      - no-cache
      content-length:
      - '165'
      content-type:
      - application/json; odata=minimalmetadata; streaming=true; charset=utf-8
      dataserviceversion:
      - 3.0;
      date:
      - Thu, 05 Mar 2020 10:18:24 GMT
      duration:
      - '5106214'
      expires:
      - '-1'
      ocp-aad-diagnostics-server-name:
      - AscZYHsQ8u0JvtqinizkQA/qY/LnqKUVJTwRL3s3mKc=
      ocp-aad-session-key:
      - xPORWUCATKH7SwxRqnFOuDjSNEI7evs9rd9yhpAjpjerPHhdYC2QRKN7OwbNifQM13LK0BRrg9CbcUI8e5XEH1aTb5XdfL5b74MItBRPh3khN_ZpmEmFbUVOD7DbIIHFaplHJ6nLt0WFzxNpoCbcFJlNtUyHw1bdoVP7QEupZ8A.y4YZHfIXv0LIB7_6Slr7DfiPI_WW4jJOScY2NdwOfZY
      pragma:
      - no-cache
      request-id:
      - 99072c70-2e00-49b3-bb72-3632cf56ad1f
      strict-transport-security:
      - max-age=31536000; includeSubDomains
      x-aspnet-version:
      - 4.0.30319
      x-ms-dirapi-data-contract-version:
      - '1.6'
      x-powered-by:
      - ASP.NET
    status:
      code: 200
      message: OK
- request:
    body: '{"objectIds": ["9bc4cf98-7951-4b6d-9883-b640b10698ad"], "includeDirectoryObjectReferences":
      true}'
    headers:
      Accept:
      - application/json
      Accept-Encoding:
      - gzip, deflate
      CommandName:
      - ad user get-member-groups
      Connection:
      - keep-alive
      Content-Length:
      - '97'
      Content-Type:
      - application/json; charset=utf-8
      ParameterSetName:
      - --upn-or-object-id
      User-Agent:
      - python/3.8.1 (Windows-10-10.0.18362-SP0) msrest/0.6.11 msrest_azure/0.6.2
        azure-graphrbac/0.60.0 Azure-SDK-For-Python AZURECLI/2.1.0
      accept-language:
      - en-US
    method: POST
    uri: https://graph.windows.net/00000000-0000-0000-0000-000000000000/getObjectsByObjectIds?api-version=1.6
  response:
    body:
      string: '{"odata.metadata":"https://graph.windows.net/00000000-0000-0000-0000-000000000000/$metadata#directoryObjects","value":[{"odata.type":"Microsoft.DirectoryServices.Group","objectType":"Group","objectId":"9bc4cf98-7951-4b6d-9883-b640b10698ad","deletionTimestamp":null,"description":null,"dirSyncEnabled":null,"displayName":"deleteme_g","lastDirSyncTime":null,"mail":null,"mailNickname":"deleteme_g","mailEnabled":false,"onPremisesDomainName":null,"onPremisesNetBiosName":null,"onPremisesSamAccountName":null,"onPremisesSecurityIdentifier":null,"provisioningErrors":[],"proxyAddresses":[],"securityEnabled":true}]}'
    headers:
      access-control-allow-origin:
      - '*'
      cache-control:
      - no-cache
      content-length:
      - '610'
      content-type:
      - application/json; odata=minimalmetadata; streaming=true; charset=utf-8
      dataserviceversion:
      - 3.0;
      date:
      - Thu, 05 Mar 2020 10:18:25 GMT
      duration:
      - '4816156'
      expires:
      - '-1'
      ocp-aad-diagnostics-server-name:
      - xa3gNdMzDnJ7bp2/5v3OwiE/rXSqowIisMDamPujzyk=
      ocp-aad-session-key:
      - fTzeOHKHCiD6lB-ScryqWAEpwMG1b8sns-9sqom8M-TH2ijUoPPUawz75VVf3Wlj6uHyS0G72-Iq71-XMtutZtIDj_9HCYSxpONUQQDOefO5xq0dEw5omBOxns-zoFUyh3zoaWzqnYQVHyTQTtGbPZ7l4_HC4KWcPDAScH9PSeM.hFLVteOP9WZ7iDy3M-D6cC5yDrlSQDbhh8JxePJTEJQ
      pragma:
      - no-cache
      request-id:
      - 5cf2591f-5706-45f8-b4c9-02c73eae1ebe
      strict-transport-security:
      - max-age=31536000; includeSubDomains
      x-aspnet-version:
      - 4.0.30319
      x-ms-dirapi-data-contract-version:
      - '1.6'
      x-powered-by:
      - ASP.NET
    status:
      code: 200
      message: OK
- request:
    body: null
    headers:
      Accept:
      - application/json
      Accept-Encoding:
      - gzip, deflate
      CommandName:
      - ad group show
      Connection:
      - keep-alive
      ParameterSetName:
      - -g
      User-Agent:
      - python/3.8.1 (Windows-10-10.0.18362-SP0) msrest/0.6.11 msrest_azure/0.6.2
        azure-graphrbac/0.60.0 Azure-SDK-For-Python AZURECLI/2.1.0
      accept-language:
      - en-US
    method: GET
    uri: https://graph.windows.net/00000000-0000-0000-0000-000000000000/groups?$filter=displayName%20eq%20%27deleteme_g%27&api-version=1.6
  response:
    body:
      string: '{"odata.metadata":"https://graph.windows.net/00000000-0000-0000-0000-000000000000/$metadata#directoryObjects","value":[{"odata.type":"Microsoft.DirectoryServices.Group","objectType":"Group","objectId":"9bc4cf98-7951-4b6d-9883-b640b10698ad","deletionTimestamp":null,"description":null,"dirSyncEnabled":null,"displayName":"deleteme_g","lastDirSyncTime":null,"mail":null,"mailNickname":"deleteme_g","mailEnabled":false,"onPremisesDomainName":null,"onPremisesNetBiosName":null,"onPremisesSamAccountName":null,"onPremisesSecurityIdentifier":null,"provisioningErrors":[],"proxyAddresses":[],"securityEnabled":true}]}'
    headers:
      access-control-allow-origin:
      - '*'
      cache-control:
      - no-cache
      content-length:
      - '610'
      content-type:
      - application/json; odata=minimalmetadata; streaming=true; charset=utf-8
      dataserviceversion:
      - 3.0;
      date:
      - Thu, 05 Mar 2020 10:18:26 GMT
      duration:
      - '2300195'
      expires:
      - '-1'
      ocp-aad-diagnostics-server-name:
      - 0ZbuF/yYBA1CXgEt1RbGoyPTKRzrWs3Qz6WDALDz5eY=
      ocp-aad-session-key:
      - TvWNwrkS8cS0F88Fu-a7-kP4Q7Bol3BRSjXBTcPkkeSmCpbpPYNpvlnoYUhTo8-itUU5TKR8-OkQvmxISN_bo8-dQMGwkytX43K2hGvGSIS6snHVyGA7rpv0J9jNGxxNo_8LlwV_1DaSbRM0Da4WFwDsSfoU8-Qr73OV7cYl0eM.aoS1RDRRx8KfH0A6AnwL7h0iAffiCwqx53NzLSMQlqo
      pragma:
      - no-cache
      request-id:
      - 0bfdd4cb-7d9a-4155-93d2-40876938c215
      strict-transport-security:
      - max-age=31536000; includeSubDomains
      x-aspnet-version:
      - 4.0.30319
      x-ms-dirapi-data-contract-version:
      - '1.6'
      x-powered-by:
      - ASP.NET
    status:
      code: 200
      message: OK
- request:
    body: null
    headers:
      Accept:
      - application/json
      Accept-Encoding:
      - gzip, deflate
      CommandName:
      - ad group show
      Connection:
      - keep-alive
      ParameterSetName:
      - -g
      User-Agent:
      - python/3.8.1 (Windows-10-10.0.18362-SP0) msrest/0.6.11 msrest_azure/0.6.2
        azure-graphrbac/0.60.0 Azure-SDK-For-Python AZURECLI/2.1.0
      accept-language:
      - en-US
    method: GET
    uri: https://graph.windows.net/00000000-0000-0000-0000-000000000000/groups/9bc4cf98-7951-4b6d-9883-b640b10698ad?api-version=1.6
  response:
    body:
      string: '{"odata.metadata":"https://graph.windows.net/00000000-0000-0000-0000-000000000000/$metadata#directoryObjects/@Element","odata.type":"Microsoft.DirectoryServices.Group","objectType":"Group","objectId":"9bc4cf98-7951-4b6d-9883-b640b10698ad","deletionTimestamp":null,"description":null,"dirSyncEnabled":null,"displayName":"deleteme_g","lastDirSyncTime":null,"mail":null,"mailNickname":"deleteme_g","mailEnabled":false,"onPremisesDomainName":null,"onPremisesNetBiosName":null,"onPremisesSamAccountName":null,"onPremisesSecurityIdentifier":null,"provisioningErrors":[],"proxyAddresses":[],"securityEnabled":true}'
    headers:
      access-control-allow-origin:
      - '*'
      cache-control:
      - no-cache
      content-length:
      - '607'
      content-type:
      - application/json; odata=minimalmetadata; streaming=true; charset=utf-8
      dataserviceversion:
      - 3.0;
      date:
      - Thu, 05 Mar 2020 10:18:27 GMT
      duration:
      - '2267710'
      expires:
      - '-1'
      ocp-aad-diagnostics-server-name:
      - 26JYzEj1KAujzamlU8eWwpzZ/9HTI+y7gakRbWjTnUk=
      ocp-aad-session-key:
      - hLo5rmZU4RmERXvu1xMG2oITQjB0QrBq1W-mEaTPULqrFIiiLDijAuwkL20snrXWhQxQPQvcmOr6DWBpr1BdEvPBJ2R0pntIDN3ikdev6jp9wvAqpwJOgcVN-T1ADaTn9n1dTWzcgL3hEQvGYrOIgSwWDvJIk1ZvDkBfRB2lOnk.cucIIpzr3Qc-T7C18QPEENpN4LGE7EzWgCGHS9g9dHs
      pragma:
      - no-cache
      request-id:
      - 806d92fd-6b8e-4b61-982e-a7c06fc2577b
      strict-transport-security:
      - max-age=31536000; includeSubDomains
      x-aspnet-version:
      - 4.0.30319
      x-ms-dirapi-data-contract-version:
      - '1.6'
      x-powered-by:
      - ASP.NET
    status:
      code: 200
      message: OK
- request:
    body: null
    headers:
      Accept:
      - application/json
      Accept-Encoding:
      - gzip, deflate
      CommandName:
      - ad group show
      Connection:
      - keep-alive
      ParameterSetName:
      - -g
      User-Agent:
      - python/3.8.1 (Windows-10-10.0.18362-SP0) msrest/0.6.11 msrest_azure/0.6.2
        azure-graphrbac/0.60.0 Azure-SDK-For-Python AZURECLI/2.1.0
      accept-language:
      - en-US
    method: GET
    uri: https://graph.windows.net/00000000-0000-0000-0000-000000000000/groups?$filter=displayName%20eq%20%27deleteme_g%27&api-version=1.6
  response:
    body:
      string: '{"odata.metadata":"https://graph.windows.net/00000000-0000-0000-0000-000000000000/$metadata#directoryObjects","value":[{"odata.type":"Microsoft.DirectoryServices.Group","objectType":"Group","objectId":"9bc4cf98-7951-4b6d-9883-b640b10698ad","deletionTimestamp":null,"description":null,"dirSyncEnabled":null,"displayName":"deleteme_g","lastDirSyncTime":null,"mail":null,"mailNickname":"deleteme_g","mailEnabled":false,"onPremisesDomainName":null,"onPremisesNetBiosName":null,"onPremisesSamAccountName":null,"onPremisesSecurityIdentifier":null,"provisioningErrors":[],"proxyAddresses":[],"securityEnabled":true}]}'
    headers:
      access-control-allow-origin:
      - '*'
      cache-control:
      - no-cache
      content-length:
      - '610'
      content-type:
      - application/json; odata=minimalmetadata; streaming=true; charset=utf-8
      dataserviceversion:
      - 3.0;
      date:
      - Thu, 05 Mar 2020 10:18:28 GMT
      duration:
      - '2516609'
      expires:
      - '-1'
      ocp-aad-diagnostics-server-name:
      - JV2ET7nG1M9wymdAYtodzeQeqat4Q3EuT+TCiSJN3ZA=
      ocp-aad-session-key:
      - S52PE6145q3i5y2zfT85HfYBGEfJ-blqLyQCRmiXttmd20UzGwXZN-39H81n7obh8mhxSANcTdWQSYLnmsXCoPW57fwzn6K5_nNhDbpvEygqfs0WNS1yZC7dG_ELMJF5442iMx5C5yXXvZ-KCDOUr4T9fJHREp7OGM6DNxUvczM.YmlvxLAvxDEj9v58Bn61-nK4dYzhS0WVrN_vcj0Am20
      pragma:
      - no-cache
      request-id:
      - f1519bda-4ec6-4c73-963f-ff3484f07e11
      strict-transport-security:
      - max-age=31536000; includeSubDomains
      x-aspnet-version:
      - 4.0.30319
      x-ms-dirapi-data-contract-version:
      - '1.6'
      x-powered-by:
      - ASP.NET
    status:
      code: 200
      message: OK
- request:
    body: null
    headers:
      Accept:
      - application/json
      Accept-Encoding:
      - gzip, deflate
      CommandName:
      - ad group show
      Connection:
      - keep-alive
      ParameterSetName:
      - -g
      User-Agent:
      - python/3.8.1 (Windows-10-10.0.18362-SP0) msrest/0.6.11 msrest_azure/0.6.2
        azure-graphrbac/0.60.0 Azure-SDK-For-Python AZURECLI/2.1.0
      accept-language:
      - en-US
    method: GET
    uri: https://graph.windows.net/00000000-0000-0000-0000-000000000000/groups/9bc4cf98-7951-4b6d-9883-b640b10698ad?api-version=1.6
  response:
    body:
      string: '{"odata.metadata":"https://graph.windows.net/00000000-0000-0000-0000-000000000000/$metadata#directoryObjects/@Element","odata.type":"Microsoft.DirectoryServices.Group","objectType":"Group","objectId":"9bc4cf98-7951-4b6d-9883-b640b10698ad","deletionTimestamp":null,"description":null,"dirSyncEnabled":null,"displayName":"deleteme_g","lastDirSyncTime":null,"mail":null,"mailNickname":"deleteme_g","mailEnabled":false,"onPremisesDomainName":null,"onPremisesNetBiosName":null,"onPremisesSamAccountName":null,"onPremisesSecurityIdentifier":null,"provisioningErrors":[],"proxyAddresses":[],"securityEnabled":true}'
    headers:
      access-control-allow-origin:
      - '*'
      cache-control:
      - no-cache
      content-length:
      - '607'
      content-type:
      - application/json; odata=minimalmetadata; streaming=true; charset=utf-8
      dataserviceversion:
      - 3.0;
      date:
      - Thu, 05 Mar 2020 10:18:29 GMT
      duration:
      - '2277391'
      expires:
      - '-1'
      ocp-aad-diagnostics-server-name:
      - o4mtn766BqWnqnmAzDoh8d9QF3zgpqV7Ffz6nTebetU=
      ocp-aad-session-key:
      - w5Qi5Mo56fGmC_dMeb1NT2Tme9WzxuHDl3x-ge9Lb3yDjoinW6dcU_dxJPS7puCYbicBM0CRzvlHzENlj6ZywoIBQ7yq2xEhG6Y0ZbE2J1muhD2yx6r6_sUN9CkkhISzU82CJmDIdKGQ0EsQmpotwtkjyXP0N85nd3XZsdjtf9M.BtHp-4bNgNx3_cGU6565_5bn6VOvZpuuOsp2vhDRGtw
      pragma:
      - no-cache
      request-id:
      - d97da7a6-b5d8-4ce2-9819-a31e94483e14
      strict-transport-security:
      - max-age=31536000; includeSubDomains
      x-aspnet-version:
      - 4.0.30319
      x-ms-dirapi-data-contract-version:
      - '1.6'
      x-powered-by:
      - ASP.NET
    status:
      code: 200
      message: OK
- request:
    body: null
    headers:
      Accept:
      - application/json
      Accept-Encoding:
      - gzip, deflate
      CommandName:
      - ad group list
      Connection:
      - keep-alive
      ParameterSetName:
      - --display-name
      User-Agent:
      - python/3.8.1 (Windows-10-10.0.18362-SP0) msrest/0.6.11 msrest_azure/0.6.2
        azure-graphrbac/0.60.0 Azure-SDK-For-Python AZURECLI/2.1.0
      accept-language:
      - en-US
    method: GET
    uri: https://graph.windows.net/00000000-0000-0000-0000-000000000000/groups?$filter=startswith%28displayName%2C%27deleteme_g%27%29&api-version=1.6
  response:
    body:
      string: '{"odata.metadata":"https://graph.windows.net/00000000-0000-0000-0000-000000000000/$metadata#directoryObjects","value":[{"odata.type":"Microsoft.DirectoryServices.Group","objectType":"Group","objectId":"9bc4cf98-7951-4b6d-9883-b640b10698ad","deletionTimestamp":null,"description":null,"dirSyncEnabled":null,"displayName":"deleteme_g","lastDirSyncTime":null,"mail":null,"mailNickname":"deleteme_g","mailEnabled":false,"onPremisesDomainName":null,"onPremisesNetBiosName":null,"onPremisesSamAccountName":null,"onPremisesSecurityIdentifier":null,"provisioningErrors":[],"proxyAddresses":[],"securityEnabled":true}]}'
    headers:
      access-control-allow-origin:
      - '*'
      cache-control:
      - no-cache
      content-length:
      - '610'
      content-type:
      - application/json; odata=minimalmetadata; streaming=true; charset=utf-8
      dataserviceversion:
      - 3.0;
      date:
      - Thu, 05 Mar 2020 10:18:30 GMT
      duration:
      - '2659117'
      expires:
      - '-1'
      ocp-aad-diagnostics-server-name:
      - AscZYHsQ8u0JvtqinizkQA/qY/LnqKUVJTwRL3s3mKc=
      ocp-aad-session-key:
      - GulszTEHaIPTOugfP9Axks_xs0urbItk6zsC7DbYV-BfoFLzPYbkismk_P1YDfXmXFCifuGE2J5XFvrbrotMBw0ewMlT4YZNCxqKbmLnoVc2ZdKhaCIZ8Mj3YE3xYCGDzRgYzy3ZbdOfg3YA-lYiP4aFP64Kuhlc6dPJAyeN2Mk.-7mYl3qGjlAavdDs8YKog2h3zBhbBQoJgOtR8IzPotQ
      pragma:
      - no-cache
      request-id:
      - 4223e8a7-8414-4d5d-8bd3-76e7aeed92e8
      strict-transport-security:
      - max-age=31536000; includeSubDomains
      x-aspnet-version:
      - 4.0.30319
      x-ms-dirapi-data-contract-version:
      - '1.6'
      x-powered-by:
      - ASP.NET
    status:
      code: 200
      message: OK
- request:
    body: null
    headers:
      Accept:
      - application/json
      Accept-Encoding:
      - gzip, deflate
      CommandName:
      - ad group get-member-groups
      Connection:
      - keep-alive
      ParameterSetName:
      - -g
      User-Agent:
      - python/3.8.1 (Windows-10-10.0.18362-SP0) msrest/0.6.11 msrest_azure/0.6.2
        azure-graphrbac/0.60.0 Azure-SDK-For-Python AZURECLI/2.1.0
      accept-language:
      - en-US
    method: GET
    uri: https://graph.windows.net/00000000-0000-0000-0000-000000000000/groups?$filter=displayName%20eq%20%27deleteme_g%27&api-version=1.6
  response:
    body:
      string: '{"odata.metadata":"https://graph.windows.net/00000000-0000-0000-0000-000000000000/$metadata#directoryObjects","value":[{"odata.type":"Microsoft.DirectoryServices.Group","objectType":"Group","objectId":"9bc4cf98-7951-4b6d-9883-b640b10698ad","deletionTimestamp":null,"description":null,"dirSyncEnabled":null,"displayName":"deleteme_g","lastDirSyncTime":null,"mail":null,"mailNickname":"deleteme_g","mailEnabled":false,"onPremisesDomainName":null,"onPremisesNetBiosName":null,"onPremisesSamAccountName":null,"onPremisesSecurityIdentifier":null,"provisioningErrors":[],"proxyAddresses":[],"securityEnabled":true}]}'
    headers:
      access-control-allow-origin:
      - '*'
      cache-control:
      - no-cache
      content-length:
      - '610'
      content-type:
      - application/json; odata=minimalmetadata; streaming=true; charset=utf-8
      dataserviceversion:
      - 3.0;
      date:
      - Thu, 05 Mar 2020 10:18:31 GMT
      duration:
      - '2529984'
      expires:
      - '-1'
      ocp-aad-diagnostics-server-name:
      - zUe8ZYaKatjoHb/aHXtCthgIcK4iubnaPZXyP1+ZA+Q=
      ocp-aad-session-key:
      - ZAYGWssenYjwLBE7Bhl6DBwCN3UcACJlI-SlbNgVInGfOv51VEMF2HLypbC2J80PFfk39t_WVx5CWiksJ_Bc6CJcArYAK6818NFOIZm1U0P3P3DTbzH0BuLv7Twf3J2_bHQH_RvF9eux9MN74Pkpu42Hdbs9GmaM4WoP6leJZY0.Fn0xbiJmoKkO09dRPhPT32zKfjHcGqbjJGa7-Lj-xjU
      pragma:
      - no-cache
      request-id:
      - ba3fe6b5-09bb-4b1f-acc6-e64fd28c852d
      strict-transport-security:
      - max-age=31536000; includeSubDomains
      x-aspnet-version:
      - 4.0.30319
      x-ms-dirapi-data-contract-version:
      - '1.6'
      x-powered-by:
      - ASP.NET
    status:
      code: 200
      message: OK
- request:
    body: '{"securityEnabledOnly": false}'
    headers:
      Accept:
      - application/json
      Accept-Encoding:
      - gzip, deflate
      CommandName:
      - ad group get-member-groups
      Connection:
      - keep-alive
      Content-Length:
      - '30'
      Content-Type:
      - application/json; charset=utf-8
      ParameterSetName:
      - -g
      User-Agent:
      - python/3.8.1 (Windows-10-10.0.18362-SP0) msrest/0.6.11 msrest_azure/0.6.2
        azure-graphrbac/0.60.0 Azure-SDK-For-Python AZURECLI/2.1.0
      accept-language:
      - en-US
    method: POST
    uri: https://graph.windows.net/00000000-0000-0000-0000-000000000000/groups/9bc4cf98-7951-4b6d-9883-b640b10698ad/getMemberGroups?api-version=1.6
  response:
    body:
      string: '{"odata.metadata":"https://graph.windows.net/00000000-0000-0000-0000-000000000000/$metadata#Collection(Edm.String)","value":[]}'
    headers:
      access-control-allow-origin:
      - '*'
      cache-control:
      - no-cache
      content-length:
      - '127'
      content-type:
      - application/json; odata=minimalmetadata; streaming=true; charset=utf-8
      dataserviceversion:
      - 3.0;
      date:
      - Thu, 05 Mar 2020 10:18:32 GMT
      duration:
      - '4299623'
      expires:
      - '-1'
      ocp-aad-diagnostics-server-name:
      - O7pP+dOHYyO4qyTRplHZ2APLBSM71WyEOHgyiadgxzQ=
      ocp-aad-session-key:
      - q-_gE8Xd6a1DJQxs_zFn1mnHO62X0skCiVyCbCRm9nRS64tQjFnkBaVpK93FzIM5S8eRtnTj3v37AkZd1F35Y12EN_hw5Tw7uczIP1M1inL_fichbR9GFQJat-OZrnW9-tVufu0MTKJy1-_1wD9qTImnXBdZz1zT50TptCLogMU.wuzlKEVpJBJqKHuSgDI-lnGys81iSqRMsRdSHOS1QSk
      pragma:
      - no-cache
      request-id:
      - af55a8c7-d6fd-401d-8844-e640444bc0b9
      strict-transport-security:
      - max-age=31536000; includeSubDomains
      x-aspnet-version:
      - 4.0.30319
      x-ms-dirapi-data-contract-version:
      - '1.6'
      x-powered-by:
      - ASP.NET
    status:
      code: 200
      message: OK
- request:
    body: null
    headers:
      Accept:
      - application/json
      Accept-Encoding:
      - gzip, deflate
      CommandName:
      - ad group member check
      Connection:
      - keep-alive
      ParameterSetName:
      - -g --member-id
      User-Agent:
      - python/3.8.1 (Windows-10-10.0.18362-SP0) msrest/0.6.11 msrest_azure/0.6.2
        azure-graphrbac/0.60.0 Azure-SDK-For-Python AZURECLI/2.1.0
      accept-language:
      - en-US
    method: GET
    uri: https://graph.windows.net/00000000-0000-0000-0000-000000000000/groups?$filter=displayName%20eq%20%27deleteme_g%27&api-version=1.6
  response:
    body:
      string: '{"odata.metadata":"https://graph.windows.net/00000000-0000-0000-0000-000000000000/$metadata#directoryObjects","value":[{"odata.type":"Microsoft.DirectoryServices.Group","objectType":"Group","objectId":"9bc4cf98-7951-4b6d-9883-b640b10698ad","deletionTimestamp":null,"description":null,"dirSyncEnabled":null,"displayName":"deleteme_g","lastDirSyncTime":null,"mail":null,"mailNickname":"deleteme_g","mailEnabled":false,"onPremisesDomainName":null,"onPremisesNetBiosName":null,"onPremisesSamAccountName":null,"onPremisesSecurityIdentifier":null,"provisioningErrors":[],"proxyAddresses":[],"securityEnabled":true}]}'
    headers:
      access-control-allow-origin:
      - '*'
      cache-control:
      - no-cache
      content-length:
      - '610'
      content-type:
      - application/json; odata=minimalmetadata; streaming=true; charset=utf-8
      dataserviceversion:
      - 3.0;
      date:
      - Thu, 05 Mar 2020 10:18:34 GMT
      duration:
      - '2302599'
      expires:
      - '-1'
      ocp-aad-diagnostics-server-name:
      - /MqF//zpEvPiBK1as8E839YgI6Xdlgfh5ZeVqeOK9CI=
      ocp-aad-session-key:
      - 8hJpZwH_Ac-6vlnsAyb8WIno_xBUEpTCN5MQJyiz3v5WmkKRmXtODhE8bhh34EEgNZG2U_y7weAls4WZY-GolFvu56kw2E3w74dpVrm973N3tS39pFeSVI7jv4FgwVPsTgDVLxO1_UMc5H1JObToLfAmW3bFIJDhaWDvbfI9NcQ.JDM7RMcgBxPRarNmsRiyY1hj99H30qBHZxaMVWI-JPo
      pragma:
      - no-cache
      request-id:
      - eaa2be95-9e1a-4b0b-ae05-f4c042779bea
      strict-transport-security:
      - max-age=31536000; includeSubDomains
      x-aspnet-version:
      - 4.0.30319
      x-ms-dirapi-data-contract-version:
      - '1.6'
      x-powered-by:
      - ASP.NET
    status:
      code: 200
      message: OK
- request:
    body: '{"groupId": "9bc4cf98-7951-4b6d-9883-b640b10698ad", "memberId": "8745687b-4581-4644-9bd8-1e21380c20fc"}'
    headers:
      Accept:
      - application/json
      Accept-Encoding:
      - gzip, deflate
      CommandName:
      - ad group member check
      Connection:
      - keep-alive
      Content-Length:
      - '103'
      Content-Type:
      - application/json; charset=utf-8
      ParameterSetName:
      - -g --member-id
      User-Agent:
      - python/3.8.1 (Windows-10-10.0.18362-SP0) msrest/0.6.11 msrest_azure/0.6.2
        azure-graphrbac/0.60.0 Azure-SDK-For-Python AZURECLI/2.1.0
      accept-language:
      - en-US
    method: POST
    uri: https://graph.windows.net/00000000-0000-0000-0000-000000000000/isMemberOf?api-version=1.6
  response:
    body:
      string: '{"odata.metadata":"https://graph.windows.net/00000000-0000-0000-0000-000000000000/$metadata#Edm.Boolean","value":true}'
    headers:
      access-control-allow-origin:
      - '*'
      cache-control:
      - no-cache
      content-length:
      - '118'
      content-type:
      - application/json; odata=minimalmetadata; streaming=true; charset=utf-8
      dataserviceversion:
      - 3.0;
      date:
      - Thu, 05 Mar 2020 10:18:34 GMT
      duration:
      - '4352329'
      expires:
      - '-1'
      ocp-aad-diagnostics-server-name:
      - gVYeWZfSX9mkzriipUjAD9i6IZAJ5eI2PiGNN2hB0oU=
      ocp-aad-session-key:
      - E-244RsYNCJKxnDo1x1Tez0XPqk5IvDPlfcV14S-buDTtaugwJ35QASP4RVq43FH43i-uvcB5LQlnB1FVt2OT1lR5j478eB2CXtwZLXhHN9-4zjuYyRJl5WNDODSHhedZYDZTRkCyG3RnE3BmRGj2zW1DP4x7eIzJrTFYSgGHk4.9PxH8KzvSjZHZ7ZVxrng_-VFO8YiRZPsOLFNOFWJg8s
      pragma:
      - no-cache
      request-id:
      - 65a36a59-dbc5-444e-8143-cc3ad78a4203
      strict-transport-security:
      - max-age=31536000; includeSubDomains
      x-aspnet-version:
      - 4.0.30319
      x-ms-dirapi-data-contract-version:
      - '1.6'
      x-powered-by:
      - ASP.NET
    status:
      code: 200
      message: OK
- request:
    body: null
    headers:
      Accept:
      - application/json
      Accept-Encoding:
      - gzip, deflate
      CommandName:
      - ad group member check
      Connection:
      - keep-alive
      ParameterSetName:
      - -g --member-id
      User-Agent:
      - python/3.8.1 (Windows-10-10.0.18362-SP0) msrest/0.6.11 msrest_azure/0.6.2
        azure-graphrbac/0.60.0 Azure-SDK-For-Python AZURECLI/2.1.0
      accept-language:
      - en-US
    method: GET
    uri: https://graph.windows.net/00000000-0000-0000-0000-000000000000/groups?$filter=displayName%20eq%20%27deleteme_g%27&api-version=1.6
  response:
    body:
      string: '{"odata.metadata":"https://graph.windows.net/00000000-0000-0000-0000-000000000000/$metadata#directoryObjects","value":[{"odata.type":"Microsoft.DirectoryServices.Group","objectType":"Group","objectId":"9bc4cf98-7951-4b6d-9883-b640b10698ad","deletionTimestamp":null,"description":null,"dirSyncEnabled":null,"displayName":"deleteme_g","lastDirSyncTime":null,"mail":null,"mailNickname":"deleteme_g","mailEnabled":false,"onPremisesDomainName":null,"onPremisesNetBiosName":null,"onPremisesSamAccountName":null,"onPremisesSecurityIdentifier":null,"provisioningErrors":[],"proxyAddresses":[],"securityEnabled":true}]}'
    headers:
      access-control-allow-origin:
      - '*'
      cache-control:
      - no-cache
      content-length:
      - '610'
      content-type:
      - application/json; odata=minimalmetadata; streaming=true; charset=utf-8
      dataserviceversion:
      - 3.0;
      date:
      - Thu, 05 Mar 2020 10:18:35 GMT
      duration:
      - '2264675'
      expires:
      - '-1'
      ocp-aad-diagnostics-server-name:
      - TDZAGBecobGZ+vWQ2KTi3URBXNSatGDNYjgtJnpnCpg=
      ocp-aad-session-key:
      - z1L9oXmBh-E0sQVwhuWUJZvL97RKrbAil1bTX7CSi_AS_3G43pcOaGp6E5PNDjtn4l574GPyT_Dzz56JM7Vs8nF6gNuO1PoK54AS0bFuGEwHMWpUEyUeyV6Ks80H_Xz8R7QW5fGldRonX0paLzgVSSBWaMl7TJzAJAdjUZ3Q0fE.DPH6m_5-nL3UZSRmUcOmMXvMnI-3ggWlPOkyPcZGWQs
      pragma:
      - no-cache
      request-id:
      - d780d5bf-0e01-4b16-8a59-cbc7aae964ef
      strict-transport-security:
      - max-age=31536000; includeSubDomains
      x-aspnet-version:
      - 4.0.30319
      x-ms-dirapi-data-contract-version:
      - '1.6'
      x-powered-by:
      - ASP.NET
    status:
      code: 200
      message: OK
- request:
    body: '{"groupId": "9bc4cf98-7951-4b6d-9883-b640b10698ad", "memberId": "53eb3c12-5fea-44f5-b085-b7e0a161e16f"}'
    headers:
      Accept:
      - application/json
      Accept-Encoding:
      - gzip, deflate
      CommandName:
      - ad group member check
      Connection:
      - keep-alive
      Content-Length:
      - '103'
      Content-Type:
      - application/json; charset=utf-8
      ParameterSetName:
      - -g --member-id
      User-Agent:
      - python/3.8.1 (Windows-10-10.0.18362-SP0) msrest/0.6.11 msrest_azure/0.6.2
        azure-graphrbac/0.60.0 Azure-SDK-For-Python AZURECLI/2.1.0
      accept-language:
      - en-US
    method: POST
    uri: https://graph.windows.net/00000000-0000-0000-0000-000000000000/isMemberOf?api-version=1.6
  response:
    body:
      string: '{"odata.metadata":"https://graph.windows.net/00000000-0000-0000-0000-000000000000/$metadata#Edm.Boolean","value":true}'
    headers:
      access-control-allow-origin:
      - '*'
      cache-control:
      - no-cache
      content-length:
      - '118'
      content-type:
      - application/json; odata=minimalmetadata; streaming=true; charset=utf-8
      dataserviceversion:
      - 3.0;
      date:
      - Thu, 05 Mar 2020 10:18:36 GMT
      duration:
      - '4328660'
      expires:
      - '-1'
      ocp-aad-diagnostics-server-name:
      - wa7XLTE+/p7laYRXAZUltYgvhndklofPlRXpYDhC3dg=
      ocp-aad-session-key:
      - uvWKpGk1EThr2dBDNjubx92dKFrLB0PJnaGnkE_57I4wSTcnpw3doEjIySZ9prD9VcXYf9JNzrBG86CKg_tD8iWNndSRDC2UpMVba5-plp_1qOPZb983daBJW43U1NDx1nO-Mrapia36KrIHcArnRS8sadVwnRe29FlTJw6Ag8A.6FPqa28NNi7tI97d_r42cuvCY61jeN2AKs5KvgjzBJ8
      pragma:
      - no-cache
      request-id:
      - 3d9c97ed-8766-4ce5-acb0-6c02ca822427
      strict-transport-security:
      - max-age=31536000; includeSubDomains
      x-aspnet-version:
      - 4.0.30319
      x-ms-dirapi-data-contract-version:
      - '1.6'
      x-powered-by:
      - ASP.NET
    status:
      code: 200
      message: OK
- request:
    body: null
    headers:
      Accept:
      - application/json
      Accept-Encoding:
      - gzip, deflate
      CommandName:
      - ad group member list
      Connection:
      - keep-alive
      ParameterSetName:
      - -g
      User-Agent:
      - python/3.8.1 (Windows-10-10.0.18362-SP0) msrest/0.6.11 msrest_azure/0.6.2
        azure-graphrbac/0.60.0 Azure-SDK-For-Python AZURECLI/2.1.0
      accept-language:
      - en-US
    method: GET
    uri: https://graph.windows.net/00000000-0000-0000-0000-000000000000/groups?$filter=displayName%20eq%20%27deleteme_g%27&api-version=1.6
  response:
    body:
      string: '{"odata.metadata":"https://graph.windows.net/00000000-0000-0000-0000-000000000000/$metadata#directoryObjects","value":[{"odata.type":"Microsoft.DirectoryServices.Group","objectType":"Group","objectId":"9bc4cf98-7951-4b6d-9883-b640b10698ad","deletionTimestamp":null,"description":null,"dirSyncEnabled":null,"displayName":"deleteme_g","lastDirSyncTime":null,"mail":null,"mailNickname":"deleteme_g","mailEnabled":false,"onPremisesDomainName":null,"onPremisesNetBiosName":null,"onPremisesSamAccountName":null,"onPremisesSecurityIdentifier":null,"provisioningErrors":[],"proxyAddresses":[],"securityEnabled":true}]}'
    headers:
      access-control-allow-origin:
      - '*'
      cache-control:
      - no-cache
      content-length:
      - '610'
      content-type:
      - application/json; odata=minimalmetadata; streaming=true; charset=utf-8
      dataserviceversion:
      - 3.0;
      date:
      - Thu, 05 Mar 2020 10:18:37 GMT
      duration:
      - '2595028'
      expires:
      - '-1'
      ocp-aad-diagnostics-server-name:
      - 4dYZ1x59KpvPnfg8gEGe7Et40rOFLuoCyqMAAOutonQ=
      ocp-aad-session-key:
      - Y0cEK9s1zt3fSnJSXMuY89HTMWxuOX_v1FWEXOWFeq7oL5JfMXrZ70cnUcQp7xMkjdw69QyyM58Swzrq2Kp3kuuHcDMep5mwHIC-xdaVCJxfuIaU1AYxstR7gx6_1CsC39vHKKQhP9l4laP30B2lEymufPe_p0qA9X7UAIg_Vzg.DQElQ4ZZu_WlekT0p7kXThuOsak_kFe_H7dRJzC24mE
      pragma:
      - no-cache
      request-id:
      - 0320ba8d-f235-4ac9-bb52-072f981e60bc
      strict-transport-security:
      - max-age=31536000; includeSubDomains
      x-aspnet-version:
      - 4.0.30319
      x-ms-dirapi-data-contract-version:
      - '1.6'
      x-powered-by:
      - ASP.NET
    status:
      code: 200
      message: OK
- request:
    body: null
    headers:
      Accept:
      - application/json
      Accept-Encoding:
      - gzip, deflate
      CommandName:
      - ad group member list
      Connection:
      - keep-alive
      ParameterSetName:
      - -g
      User-Agent:
      - python/3.8.1 (Windows-10-10.0.18362-SP0) msrest/0.6.11 msrest_azure/0.6.2
        azure-graphrbac/0.60.0 Azure-SDK-For-Python AZURECLI/2.1.0
      accept-language:
      - en-US
    method: GET
    uri: https://graph.windows.net/00000000-0000-0000-0000-000000000000/groups/9bc4cf98-7951-4b6d-9883-b640b10698ad/members?api-version=1.6
  response:
    body:
      string: '{"odata.metadata":"https://graph.windows.net/00000000-0000-0000-0000-000000000000/$metadata#directoryObjects","value":[{"odata.type":"Microsoft.DirectoryServices.User","objectType":"User","objectId":"8745687b-4581-4644-9bd8-1e21380c20fc","deletionTimestamp":null,"accountEnabled":false,"ageGroup":null,"assignedLicenses":[],"assignedPlans":[],"city":null,"companyName":null,"consentProvidedForMinor":null,"country":null,"createdDateTime":"2020-03-05T10:18:11Z","creationType":null,"department":null,"dirSyncEnabled":null,"displayName":"deleteme1_new","employeeId":null,"facsimileTelephoneNumber":null,"givenName":null,"immutableId":null,"isCompromised":null,"jobTitle":null,"lastDirSyncTime":null,"legalAgeGroupClassification":null,"mail":null,"mailNickname":"deleteme11","mobile":null,"onPremisesDistinguishedName":null,"onPremisesSecurityIdentifier":null,"otherMails":[],"passwordPolicies":null,"passwordProfile":{"password":null,"forceChangePasswordNextLogin":true,"enforceChangePasswordPolicy":false},"physicalDeliveryOfficeName":null,"postalCode":null,"preferredLanguage":null,"provisionedPlans":[],"provisioningErrors":[],"proxyAddresses":[],"refreshTokensValidFromDateTime":"2020-03-05T10:18:15Z","showInAddressList":null,"signInNames":[],"sipProxyAddress":null,"state":null,"streetAddress":null,"surname":null,"telephoneNumber":null,"thumbnailPhoto@odata.mediaEditLink":"directoryObjects/8745687b-4581-4644-9bd8-1e21380c20fc/Microsoft.DirectoryServices.User/thumbnailPhoto","usageLocation":null,"userIdentities":[],"userPrincipalName":"deleteme1@example.com","userState":null,"userStateChangedOn":null,"userType":"Member"},{"odata.type":"Microsoft.DirectoryServices.User","objectType":"User","objectId":"53eb3c12-5fea-44f5-b085-b7e0a161e16f","deletionTimestamp":null,"accountEnabled":true,"ageGroup":null,"assignedLicenses":[],"assignedPlans":[],"city":null,"companyName":null,"consentProvidedForMinor":null,"country":null,"createdDateTime":"2020-03-05T10:18:17Z","creationType":null,"department":null,"dirSyncEnabled":null,"displayName":"deleteme2","employeeId":null,"facsimileTelephoneNumber":null,"givenName":null,"immutableId":null,"isCompromised":null,"jobTitle":null,"lastDirSyncTime":null,"legalAgeGroupClassification":null,"mail":null,"mailNickname":"deleteme2","mobile":null,"onPremisesDistinguishedName":null,"onPremisesSecurityIdentifier":null,"otherMails":[],"passwordPolicies":null,"passwordProfile":null,"physicalDeliveryOfficeName":null,"postalCode":null,"preferredLanguage":null,"provisionedPlans":[],"provisioningErrors":[],"proxyAddresses":[],"refreshTokensValidFromDateTime":"2020-03-05T10:18:17Z","showInAddressList":null,"signInNames":[],"sipProxyAddress":null,"state":null,"streetAddress":null,"surname":null,"telephoneNumber":null,"thumbnailPhoto@odata.mediaEditLink":"directoryObjects/53eb3c12-5fea-44f5-b085-b7e0a161e16f/Microsoft.DirectoryServices.User/thumbnailPhoto","usageLocation":null,"userIdentities":[],"userPrincipalName":"deleteme2@example.com","userState":null,"userStateChangedOn":null,"userType":"Member"}]}'
    headers:
      access-control-allow-origin:
      - '*'
      cache-control:
      - no-cache
      content-length:
      - '3087'
      content-type:
      - application/json; odata=minimalmetadata; streaming=true; charset=utf-8
      dataserviceversion:
      - 3.0;
      date:
      - Thu, 05 Mar 2020 10:18:38 GMT
      duration:
      - '2389206'
      expires:
      - '-1'
      ocp-aad-diagnostics-server-name:
      - xa3gNdMzDnJ7bp2/5v3OwiE/rXSqowIisMDamPujzyk=
      ocp-aad-session-key:
      - YJQw_iBOLWNEm9BIs2wNMDCqU9EIgVbpYtTVRNREC014elLDHkB5ZGreVvxL_b1HIsEFdjw1qoETAEE9Ar3HOKS9qHaQqCJ_ha6bITE3mgw_gBRsAmFHUWevJ-CiHwcBKyLIz3WUMSCL-ssjO2zWyKHrx7ha3ZsHStj9tdBfI1M.H77D80efSPf7FzjfIw1CBWOuYiMbmOq-73TW4wnZfIk
      pragma:
      - no-cache
      request-id:
      - 7ba63020-17fc-4c7c-90c2-444e0fffab35
      strict-transport-security:
      - max-age=31536000; includeSubDomains
      x-aspnet-version:
      - 4.0.30319
      x-ms-dirapi-data-contract-version:
      - '1.6'
      x-powered-by:
      - ASP.NET
    status:
      code: 200
      message: OK
- request:
    body: null
    headers:
      Accept:
      - application/json
      Accept-Encoding:
      - gzip, deflate
      CommandName:
      - ad group member remove
      Connection:
      - keep-alive
      ParameterSetName:
      - -g --member-id
      User-Agent:
      - python/3.8.1 (Windows-10-10.0.18362-SP0) msrest/0.6.11 msrest_azure/0.6.2
        azure-graphrbac/0.60.0 Azure-SDK-For-Python AZURECLI/2.1.0
      accept-language:
      - en-US
    method: GET
    uri: https://graph.windows.net/00000000-0000-0000-0000-000000000000/groups?$filter=displayName%20eq%20%27deleteme_g%27&api-version=1.6
  response:
    body:
      string: '{"odata.metadata":"https://graph.windows.net/00000000-0000-0000-0000-000000000000/$metadata#directoryObjects","value":[{"odata.type":"Microsoft.DirectoryServices.Group","objectType":"Group","objectId":"9bc4cf98-7951-4b6d-9883-b640b10698ad","deletionTimestamp":null,"description":null,"dirSyncEnabled":null,"displayName":"deleteme_g","lastDirSyncTime":null,"mail":null,"mailNickname":"deleteme_g","mailEnabled":false,"onPremisesDomainName":null,"onPremisesNetBiosName":null,"onPremisesSamAccountName":null,"onPremisesSecurityIdentifier":null,"provisioningErrors":[],"proxyAddresses":[],"securityEnabled":true}]}'
    headers:
      access-control-allow-origin:
      - '*'
      cache-control:
      - no-cache
      content-length:
      - '610'
      content-type:
      - application/json; odata=minimalmetadata; streaming=true; charset=utf-8
      dataserviceversion:
      - 3.0;
      date:
      - Thu, 05 Mar 2020 10:18:39 GMT
      duration:
      - '2282167'
      expires:
      - '-1'
      ocp-aad-diagnostics-server-name:
      - AscZYHsQ8u0JvtqinizkQA/qY/LnqKUVJTwRL3s3mKc=
      ocp-aad-session-key:
      - e4FsA3uJ394LVHJKneq0_7Nd7S6mWIzOu3fDWzqzeXvv3kpPlUTzlwlQ6_Mo7i6lXGyTpjIKNtH768_du8q8RYJej6Z51Kx4J6AF94UqRRsmvQrvZ0RhqDWfPV1-C1xhdHHVKbBDJuEz2Agm18BPunpP4XOxo85fAO5OwEWO6rk.JakRCxoFWQp-oGfGtLfEIrMTVPsPpmcq0dvHXThXxZE
      pragma:
      - no-cache
      request-id:
      - e25d0d5e-730e-475f-a8f9-a0da0630b8aa
      strict-transport-security:
      - max-age=31536000; includeSubDomains
      x-aspnet-version:
      - 4.0.30319
      x-ms-dirapi-data-contract-version:
      - '1.6'
      x-powered-by:
      - ASP.NET
    status:
      code: 200
      message: OK
- request:
    body: null
    headers:
      Accept:
      - application/json
      Accept-Encoding:
      - gzip, deflate
      CommandName:
      - ad group member remove
      Connection:
      - keep-alive
      Content-Length:
      - '0'
      ParameterSetName:
      - -g --member-id
      User-Agent:
      - python/3.8.1 (Windows-10-10.0.18362-SP0) msrest/0.6.11 msrest_azure/0.6.2
        azure-graphrbac/0.60.0 Azure-SDK-For-Python AZURECLI/2.1.0
      accept-language:
      - en-US
    method: DELETE
    uri: https://graph.windows.net/00000000-0000-0000-0000-000000000000/groups/9bc4cf98-7951-4b6d-9883-b640b10698ad/$links/members/8745687b-4581-4644-9bd8-1e21380c20fc?api-version=1.6
  response:
    body:
      string: ''
    headers:
      access-control-allow-origin:
      - '*'
      cache-control:
      - no-cache
      date:
      - Thu, 05 Mar 2020 10:18:40 GMT
      duration:
      - '3409148'
      expires:
      - '-1'
      ocp-aad-diagnostics-server-name:
      - FzBy1dfPLdnOUgWf0dpSUTgv1fkpsaisLLmIFPDeitU=
      ocp-aad-session-key:
      - QK9dDpfjNaLmR4Clpcw6V0XD9wybC31a5wtlPL3hpcVuwzQsMizmqjInWGKNrsSNjNeScRniX8niTlfA9bfutcBouhA9I-4SXZ9_Wa3BA6mfheEVCUaqZQRv1xPNyYEfk65xd6KM5azVz_h8xwLOVyVNf72-wKTh5VqX1_lry5I.kZAtsYILAoLSwYkyb54ksVPpRBJQrFFpL-BPNRMa8Fc
      pragma:
      - no-cache
      request-id:
      - 0c37b532-bfb5-41ed-8fe6-640199f29d4d
      strict-transport-security:
      - max-age=31536000; includeSubDomains
      x-aspnet-version:
      - 4.0.30319
      x-ms-dirapi-data-contract-version:
      - '1.6'
      x-powered-by:
      - ASP.NET
    status:
      code: 204
      message: No Content
- request:
    body: null
    headers:
      Accept:
      - application/json
      Accept-Encoding:
      - gzip, deflate
      CommandName:
      - ad group member check
      Connection:
      - keep-alive
      ParameterSetName:
      - -g --member-id
      User-Agent:
      - python/3.8.1 (Windows-10-10.0.18362-SP0) msrest/0.6.11 msrest_azure/0.6.2
        azure-graphrbac/0.60.0 Azure-SDK-For-Python AZURECLI/2.1.0
      accept-language:
      - en-US
    method: GET
    uri: https://graph.windows.net/00000000-0000-0000-0000-000000000000/groups?$filter=displayName%20eq%20%27deleteme_g%27&api-version=1.6
  response:
    body:
      string: '{"odata.metadata":"https://graph.windows.net/00000000-0000-0000-0000-000000000000/$metadata#directoryObjects","value":[{"odata.type":"Microsoft.DirectoryServices.Group","objectType":"Group","objectId":"9bc4cf98-7951-4b6d-9883-b640b10698ad","deletionTimestamp":null,"description":null,"dirSyncEnabled":null,"displayName":"deleteme_g","lastDirSyncTime":null,"mail":null,"mailNickname":"deleteme_g","mailEnabled":false,"onPremisesDomainName":null,"onPremisesNetBiosName":null,"onPremisesSamAccountName":null,"onPremisesSecurityIdentifier":null,"provisioningErrors":[],"proxyAddresses":[],"securityEnabled":true}]}'
    headers:
      access-control-allow-origin:
      - '*'
      cache-control:
      - no-cache
      content-length:
      - '610'
      content-type:
      - application/json; odata=minimalmetadata; streaming=true; charset=utf-8
      dataserviceversion:
      - 3.0;
      date:
      - Thu, 05 Mar 2020 10:18:41 GMT
      duration:
      - '2260621'
      expires:
      - '-1'
      ocp-aad-diagnostics-server-name:
      - 9WXYjtljUni6R4x3ceMCi6jN8lbj4nyUqEgooMOCvq8=
      ocp-aad-session-key:
      - twGAHxR1ZoTLbEoUA0pSP5-KT7Ia5DyHxWyQJkN1PLXwRKUiIl7mt9cG7KODsMijiC10OWiip4YNJ0CpYV9N84lXKV38srDF1XpiDohl1vaeyqgGTjmPYKZ-683Dbwu2b9ZumI11d36nBvuuhwW9Xa0cnafheDeJ3eM5amx62L4.bK6TusRFPaJpS7vWw4JeReyZjjxb9QYJ25op2VjRgOs
      pragma:
      - no-cache
      request-id:
      - c30f2942-1be3-40ad-ab57-eab1cf299a8d
      strict-transport-security:
      - max-age=31536000; includeSubDomains
      x-aspnet-version:
      - 4.0.30319
      x-ms-dirapi-data-contract-version:
      - '1.6'
      x-powered-by:
      - ASP.NET
    status:
      code: 200
      message: OK
- request:
    body: '{"groupId": "9bc4cf98-7951-4b6d-9883-b640b10698ad", "memberId": "8745687b-4581-4644-9bd8-1e21380c20fc"}'
    headers:
      Accept:
      - application/json
      Accept-Encoding:
      - gzip, deflate
      CommandName:
      - ad group member check
      Connection:
      - keep-alive
      Content-Length:
      - '103'
      Content-Type:
      - application/json; charset=utf-8
      ParameterSetName:
      - -g --member-id
      User-Agent:
      - python/3.8.1 (Windows-10-10.0.18362-SP0) msrest/0.6.11 msrest_azure/0.6.2
        azure-graphrbac/0.60.0 Azure-SDK-For-Python AZURECLI/2.1.0
      accept-language:
      - en-US
    method: POST
    uri: https://graph.windows.net/00000000-0000-0000-0000-000000000000/isMemberOf?api-version=1.6
  response:
    body:
      string: '{"odata.metadata":"https://graph.windows.net/00000000-0000-0000-0000-000000000000/$metadata#Edm.Boolean","value":false}'
    headers:
      access-control-allow-origin:
      - '*'
      cache-control:
      - no-cache
      content-length:
      - '119'
      content-type:
      - application/json; odata=minimalmetadata; streaming=true; charset=utf-8
      dataserviceversion:
      - 3.0;
      date:
      - Thu, 05 Mar 2020 10:18:42 GMT
      duration:
      - '4424690'
      expires:
      - '-1'
      ocp-aad-diagnostics-server-name:
      - Ma2LaKb79/2GntcjfamrawcAX6S0AXZp5gioDwbfPXM=
      ocp-aad-session-key:
      - 7yqi9sumxOeQ9RfvQA0pinMLGa0W64XWFCglbSZFkTldW0sHzPlv2vVCx9260-wZ6Ly-w7I77xSqadhip0i5FNuKDKJJRaFwXLoBNmbh-pZwuYjtBq_jjJ01TEfi1tykIIWroRj-xUgpM3xnLb3Mj8BqaxFjOSEyYdg2JV8bies.ZMoZkyvZlzd3A6AioIawP_sYtb7bUNG_OT8k52l1FS8
      pragma:
      - no-cache
      request-id:
      - 3d7b88f6-a419-456d-a8f4-723a2dcbab08
      strict-transport-security:
      - max-age=31536000; includeSubDomains
      x-aspnet-version:
      - 4.0.30319
      x-ms-dirapi-data-contract-version:
      - '1.6'
      x-powered-by:
      - ASP.NET
    status:
      code: 200
      message: OK
- request:
    body: null
    headers:
      Accept:
      - application/json
      Accept-Encoding:
      - gzip, deflate
      CommandName:
      - ad group delete
      Connection:
      - keep-alive
      ParameterSetName:
      - -g
      User-Agent:
      - python/3.8.1 (Windows-10-10.0.18362-SP0) msrest/0.6.11 msrest_azure/0.6.2
        azure-graphrbac/0.60.0 Azure-SDK-For-Python AZURECLI/2.1.0
      accept-language:
      - en-US
    method: GET
    uri: https://graph.windows.net/00000000-0000-0000-0000-000000000000/groups?$filter=displayName%20eq%20%27deleteme_g%27&api-version=1.6
  response:
    body:
      string: '{"odata.metadata":"https://graph.windows.net/00000000-0000-0000-0000-000000000000/$metadata#directoryObjects","value":[{"odata.type":"Microsoft.DirectoryServices.Group","objectType":"Group","objectId":"9bc4cf98-7951-4b6d-9883-b640b10698ad","deletionTimestamp":null,"description":null,"dirSyncEnabled":null,"displayName":"deleteme_g","lastDirSyncTime":null,"mail":null,"mailNickname":"deleteme_g","mailEnabled":false,"onPremisesDomainName":null,"onPremisesNetBiosName":null,"onPremisesSamAccountName":null,"onPremisesSecurityIdentifier":null,"provisioningErrors":[],"proxyAddresses":[],"securityEnabled":true}]}'
    headers:
      access-control-allow-origin:
      - '*'
      cache-control:
      - no-cache
      content-length:
      - '610'
      content-type:
      - application/json; odata=minimalmetadata; streaming=true; charset=utf-8
      dataserviceversion:
      - 3.0;
      date:
      - Thu, 05 Mar 2020 10:18:43 GMT
      duration:
      - '2324645'
      expires:
      - '-1'
      ocp-aad-diagnostics-server-name:
      - 2dwL4zmGotV02lDmIuML9wD2xi2nJgoszFrjUl3LYBw=
      ocp-aad-session-key:
      - XpCdHfcNEnNMbCZ9THCVKklXnmqVYVcKe9SLylaZmd6ia0GB61H038JTZgRXCIizFCjgfgZWTPgCvefNoindVlMSITRl8LmXobESMohxUkrMWz2Kzfeskqmlkg88ZCl3pXcDEySh7_2Y7rQBH9CtHjxVXjjEUAQTZLn_d67KPh4.RrVGQRz7bTw_a9wmuUovG4N0R9bi2uSuuzF2dc0-t3k
      pragma:
      - no-cache
      request-id:
      - 40fbdc67-4f49-466f-be00-19415d839fc6
      strict-transport-security:
      - max-age=31536000; includeSubDomains
      x-aspnet-version:
      - 4.0.30319
      x-ms-dirapi-data-contract-version:
      - '1.6'
      x-powered-by:
      - ASP.NET
    status:
      code: 200
      message: OK
- request:
    body: null
    headers:
      Accept:
      - application/json
      Accept-Encoding:
      - gzip, deflate
      CommandName:
      - ad group delete
      Connection:
      - keep-alive
      Content-Length:
      - '0'
      ParameterSetName:
      - -g
      User-Agent:
      - python/3.8.1 (Windows-10-10.0.18362-SP0) msrest/0.6.11 msrest_azure/0.6.2
        azure-graphrbac/0.60.0 Azure-SDK-For-Python AZURECLI/2.1.0
      accept-language:
      - en-US
    method: DELETE
    uri: https://graph.windows.net/00000000-0000-0000-0000-000000000000/groups/9bc4cf98-7951-4b6d-9883-b640b10698ad?api-version=1.6
  response:
    body:
      string: ''
    headers:
      access-control-allow-origin:
      - '*'
      cache-control:
      - no-cache
      date:
      - Thu, 05 Mar 2020 10:18:44 GMT
      duration:
      - '3150546'
      expires:
      - '-1'
      ocp-aad-diagnostics-server-name:
      - UmKZplC7QR9gc5Bj0uCCSHnYW+SyuZTqMuzNl/Z9xsA=
      ocp-aad-session-key:
      - w8Jq49ynKBi9iocqNUByAt9ezP2tEjc9iWPxFSrHw4JjDocHw1rhAPg6xN9zpdgye1u7WNaQIjRXtX-DFZbE7CLd9mRS6LTnNgF2e6irSillx0GMTiBNDDxjC1jzACsea0GUasUiQcsjvIsE4-yDKhyLAcuqdWZSeBM-eZ9FIEE.LE992UL2XHMpSNDJHl0qhq8wXMarKNE1-QFn3EuycAg
      pragma:
      - no-cache
      request-id:
      - 70fc977b-886f-4f09-999b-78068b3dbbf8
      strict-transport-security:
      - max-age=31536000; includeSubDomains
      x-aspnet-version:
      - 4.0.30319
      x-ms-dirapi-data-contract-version:
      - '1.6'
      x-powered-by:
      - ASP.NET
    status:
      code: 204
      message: No Content
- request:
    body: null
    headers:
      Accept:
      - application/json
      Accept-Encoding:
      - gzip, deflate
      CommandName:
      - ad group list
      Connection:
      - keep-alive
      User-Agent:
      - python/3.8.1 (Windows-10-10.0.18362-SP0) msrest/0.6.11 msrest_azure/0.6.2
        azure-graphrbac/0.60.0 Azure-SDK-For-Python AZURECLI/2.1.0
      accept-language:
      - en-US
    method: GET
    uri: https://graph.windows.net/00000000-0000-0000-0000-000000000000/groups?$filter=&api-version=1.6
  response:
    body:
      string: '{"odata.metadata":"https://graph.windows.net/00000000-0000-0000-0000-000000000000/$metadata#directoryObjects","value":[{"odata.type":"Microsoft.DirectoryServices.Group","objectType":"Group","objectId":"5a197067-7d4e-4862-a692-cb5933646da1","deletionTimestamp":null,"description":null,"dirSyncEnabled":null,"displayName":"AAD
        DC Administrators","lastDirSyncTime":null,"mail":null,"mailNickname":"AADDCAdministrators","mailEnabled":false,"onPremisesDomainName":null,"onPremisesNetBiosName":null,"onPremisesSamAccountName":null,"onPremisesSecurityIdentifier":null,"provisioningErrors":[],"proxyAddresses":[],"securityEnabled":true}]}'
    headers:
      access-control-allow-origin:
      - '*'
      cache-control:
      - no-cache
      content-length:
      - '630'
      content-type:
      - application/json; odata=minimalmetadata; streaming=true; charset=utf-8
      dataserviceversion:
      - 3.0;
      date:
      - Thu, 05 Mar 2020 10:18:45 GMT
      duration:
      - '2688864'
      expires:
      - '-1'
      ocp-aad-diagnostics-server-name:
      - VGDUYIwMMxxQjRRnndvpoCz/X8I/clG9sX5Ey+KkbZI=
      ocp-aad-session-key:
      - rvKIgJq5vCqTwGzh4DB7dF5EG8TSrEIo84Q5gdmOJNgrNvbzrbfa7pphtpV7kPSxzO-JVYGwiu-pIVT9oJKF5b18E2jCuExDyt_Bt_ALV6eLwSDAiVdsBQDAIn_DGwAFYK9sIZwFCF53QgkwQqygjJbQe8-XyOomlywcnbsmL4Q.b5blJlOBBmOf23qLNrvsNbKxuxTqc_VGxQiv7QR8l1M
      pragma:
      - no-cache
      request-id:
      - 2793e034-e147-440b-ab43-911ffafd57b7
      strict-transport-security:
      - max-age=31536000; includeSubDomains
      x-aspnet-version:
      - 4.0.30319
      x-ms-dirapi-data-contract-version:
      - '1.6'
      x-powered-by:
      - ASP.NET
    status:
      code: 200
      message: OK
- request:
    body: null
    headers:
      Accept:
      - application/json
      Accept-Encoding:
      - gzip, deflate
      CommandName:
      - ad user delete
      Connection:
      - keep-alive
      Content-Length:
      - '0'
      ParameterSetName:
      - --upn-or-object-id
      User-Agent:
      - python/3.8.1 (Windows-10-10.0.18362-SP0) msrest/0.6.11 msrest_azure/0.6.2
        azure-graphrbac/0.60.0 Azure-SDK-For-Python AZURECLI/2.1.0
      accept-language:
      - en-US
    method: DELETE
    uri: https://graph.windows.net/00000000-0000-0000-0000-000000000000/users/8745687b-4581-4644-9bd8-1e21380c20fc?api-version=1.6
  response:
    body:
      string: ''
    headers:
      access-control-allow-origin:
      - '*'
      cache-control:
      - no-cache
      date:
      - Thu, 05 Mar 2020 10:18:47 GMT
      duration:
      - '3175123'
      expires:
      - '-1'
      ocp-aad-diagnostics-server-name:
      - ZtjrL6855/1nWsQgXw4059xGL7CEBjwxyLJieTbtGTs=
      ocp-aad-session-key:
      - 7EKa2Ou7dKQZxAqnt77iALgBF_WCQpyLzUF_ckAiIgVmd-5WTNxkPp5Ge8uc9NUT1gG26XC3Q9jd9tzSWyOcZWu_qlBFucKbw9xQbQ5XvqufALfGYjUlMzYfw7RV1IL4Mi_fpXrvX-YjAkCNdoDbJon5KWkMeybpb75USl_o-PI.gGEBTM10B4_-0_pVGJ4Na6c1Ge-7ScNAlpJgsLfB2aM
      pragma:
      - no-cache
      request-id:
      - 2eb26736-85ad-47ab-8496-2ec7412dd769
      strict-transport-security:
      - max-age=31536000; includeSubDomains
      x-aspnet-version:
      - 4.0.30319
      x-ms-dirapi-data-contract-version:
      - '1.6'
      x-powered-by:
      - ASP.NET
    status:
      code: 204
      message: No Content
- request:
    body: null
    headers:
      Accept:
      - application/json
      Accept-Encoding:
      - gzip, deflate
      CommandName:
      - ad user delete
      Connection:
      - keep-alive
      Content-Length:
      - '0'
      ParameterSetName:
      - --upn-or-object-id
      User-Agent:
      - python/3.8.1 (Windows-10-10.0.18362-SP0) msrest/0.6.11 msrest_azure/0.6.2
        azure-graphrbac/0.60.0 Azure-SDK-For-Python AZURECLI/2.1.0
      accept-language:
      - en-US
    method: DELETE
    uri: https://graph.windows.net/00000000-0000-0000-0000-000000000000/users/53eb3c12-5fea-44f5-b085-b7e0a161e16f?api-version=1.6
  response:
    body:
      string: ''
    headers:
      access-control-allow-origin:
      - '*'
      cache-control:
      - no-cache
      date:
      - Thu, 05 Mar 2020 10:18:48 GMT
      duration:
      - '5121739'
      expires:
      - '-1'
      ocp-aad-diagnostics-server-name:
      - m9WUaBuJWWN8jTTxvaqUkzVAeQ7QyDcmFQANzJzN5CM=
      ocp-aad-session-key:
      - dIAlOdm4V35J5DICcWI2m7uw8_nTeUFZ0hkULGQSGXyu8FxSBCMi6D5QsklbcwtPeaw3mn4EygD7IGRh8_5jDFtpceyMbiy0EApjyWgdNlo6C4m1vNE2TLmP1SfUXCX7P1abfe9QL7SM1Bk7Ogjn4N84hZwYFYZXCEWPnU4q5hY.-3fm5v44nzg5RSD-CGmmQ5JSxll6aMg9aVZE-hhidtU
      pragma:
      - no-cache
      request-id:
      - a9044538-faa7-4041-8483-690f62040565
      strict-transport-security:
      - max-age=31536000; includeSubDomains
      x-aspnet-version:
      - 4.0.30319
      x-ms-dirapi-data-contract-version:
      - '1.6'
      x-powered-by:
      - ASP.NET
    status:
      code: 204
      message: No Content
- request:
    body: null
    headers:
      Accept:
      - application/json
      Accept-Encoding:
      - gzip, deflate
      CommandName:
      - ad group delete
      Connection:
      - keep-alive
      ParameterSetName:
      - -g
      User-Agent:
      - python/3.8.1 (Windows-10-10.0.18362-SP0) msrest/0.6.11 msrest_azure/0.6.2
        azure-graphrbac/0.60.0 Azure-SDK-For-Python AZURECLI/2.1.0
      accept-language:
      - en-US
    method: GET
    uri: https://graph.windows.net/00000000-0000-0000-0000-000000000000/groups?$filter=displayName%20eq%20%27deleteme_g%27&api-version=1.6
  response:
    body:
      string: '{"odata.metadata":"https://graph.windows.net/00000000-0000-0000-0000-000000000000/$metadata#directoryObjects","value":[]}'
    headers:
      access-control-allow-origin:
      - '*'
      cache-control:
      - no-cache
      content-length:
      - '121'
      content-type:
      - application/json; odata=minimalmetadata; streaming=true; charset=utf-8
      dataserviceversion:
      - 3.0;
      date:
      - Thu, 05 Mar 2020 10:18:48 GMT
      duration:
      - '2222680'
      expires:
      - '-1'
      ocp-aad-diagnostics-server-name:
      - m9WUaBuJWWN8jTTxvaqUkzVAeQ7QyDcmFQANzJzN5CM=
      ocp-aad-session-key:
      - KA0M_Jvsgoyfsh_4sEL4c1hrsF8s50XYW5AoyOETWgPWblsC2o26pLpORE2RgOd9aeTdB1Mw_hBz3tUPzb_lR6J8wKphIvpntNVN6PB9UfG1dfw4QxvUTI9N4pjT14ZL766Pb5cKUScJ9Ollw57yAaFEL3n6cakkoCeOX7dnPws.eHcW8BnmStbQ60pKLqsdpl9hJz1eZzxg6zlLNMEkS7M
      pragma:
      - no-cache
      request-id:
      - bad8ae96-4915-49a8-a79c-313f4230f3aa
      strict-transport-security:
      - max-age=31536000; includeSubDomains
      x-aspnet-version:
      - 4.0.30319
      x-ms-dirapi-data-contract-version:
      - '1.6'
      x-powered-by:
      - ASP.NET
    status:
      code: 200
      message: OK
- request:
    body: null
    headers:
      Accept:
      - application/json
      Accept-Encoding:
      - gzip, deflate
      CommandName:
      - ad group delete
      Connection:
      - keep-alive
      ParameterSetName:
      - -g
      User-Agent:
      - python/3.8.1 (Windows-10-10.0.18362-SP0) msrest/0.6.11 msrest_azure/0.6.2
        azure-graphrbac/0.60.0 Azure-SDK-For-Python AZURECLI/2.1.0
      accept-language:
      - en-US
    method: GET
    uri: https://graph.windows.net/00000000-0000-0000-0000-000000000000/groups?$filter=startswith%28displayName%2C%27deleteme_g%27%29&api-version=1.6
  response:
    body:
      string: '{"odata.metadata":"https://graph.windows.net/00000000-0000-0000-0000-000000000000/$metadata#directoryObjects","value":[]}'
    headers:
      access-control-allow-origin:
      - '*'
      cache-control:
      - no-cache
      content-length:
      - '121'
      content-type:
      - application/json; odata=minimalmetadata; streaming=true; charset=utf-8
      dataserviceversion:
      - 3.0;
      date:
      - Thu, 05 Mar 2020 10:18:49 GMT
      duration:
      - '2261229'
      expires:
      - '-1'
      ocp-aad-diagnostics-server-name:
      - 2dwL4zmGotV02lDmIuML9wD2xi2nJgoszFrjUl3LYBw=
      ocp-aad-session-key:
      - HpyUDyUiHC1s_FRSp3tr4BZGX1oSQYD8z4z2f-1JfWk8M0QJ3Z_kZcnqzdD1IJkW6XEUBP-Xa_K-08fdJ9O14p4iNSf2wo5VvY0xJUO3W5QmnLtuQ0wYOWeGb8-zFo-PzxA3toyX5hDsltEcUFjmWPOxVbAgbs6PL9Nunx1VgDs.FhJCtt4Z9hpwmtEET0IaTnPMSIOdeR04El_WP2fAhIk
      pragma:
      - no-cache
      request-id:
      - cfbee923-1a92-4aca-bfa7-b3ec9367b3e7
      strict-transport-security:
      - max-age=31536000; includeSubDomains
      x-aspnet-version:
      - 4.0.30319
      x-ms-dirapi-data-contract-version:
      - '1.6'
      x-powered-by:
      - ASP.NET
    status:
      code: 200
      message: OK
version: 1
