interactions:
- request:
    body: null
    headers:
      Accept:
      - application/json
      Accept-Encoding:
      - gzip, deflate
      CommandName:
      - ad app create
      Connection:
      - keep-alive
      ParameterSetName:
      - --display-name --homepage --identifier-uris
      User-Agent:
      - python/3.5.4 (Windows-10-10.0.17763-SP0) msrest/0.6.6 msrest_azure/0.6.0 azure-graphrbac/0.60.0
        Azure-SDK-For-Python AZURECLI/2.0.66
      accept-language:
      - en-US
    method: GET
    uri: https://graph.windows.net/00000000-0000-0000-0000-000000000000/applications?api-version=1.6&$filter=startswith%28displayName%2C%27cli-graph000001%27%29
  response:
    body:
      string: '{"odata.metadata":"https://graph.windows.net/00000000-0000-0000-0000-000000000000/$metadata#directoryObjects","value":[]}'
    headers:
      access-control-allow-origin:
      - '*'
      cache-control:
      - no-cache
      content-length:
      - '121'
      content-type:
      - application/json; odata=minimalmetadata; streaming=true; charset=utf-8
      dataserviceversion:
      - 3.0;
      date:
      - Mon, 10 Jun 2019 21:52:10 GMT
      duration:
      - '763491'
      expires:
      - '-1'
      ocp-aad-diagnostics-server-name:
      - Ctepklg2J0Yv0+dqQJ0Z2DWorgOts60ilDVLun/aW5g=
      ocp-aad-session-key:
      - Kht_ydMevJtShjLOP6ZksgutznnLv_Ji3l43dh0plDN7geD49ZRZIJEmqU_nG1A32oruhFbvfob6vWI92_2IpyhHFMSi_zJj0U2Ms-3pdqBdUp3dVxAEURwMuMUd0S031Fq1O61WMZRLthwFD7WfkA.snuUFxisfxb1DVdueqjlUbO-9CFuwO9aEAZxzWI6GBc
      pragma:
      - no-cache
      request-id:
      - 993c1f09-557d-4cc4-b68b-29b9ab553ffa
      strict-transport-security:
      - max-age=31536000; includeSubDomains
      x-aspnet-version:
      - 4.0.30319
      x-ms-dirapi-data-contract-version:
      - '1.6'
      x-powered-by:
      - ASP.NET
    status:
      code: 200
      message: OK
- request:
    body: 'b''{"availableToOtherTenants": false, "identifierUris": ["http://cli-graph000001"],
      "homepage": "http://cli-graph000001", "displayName": "cli-graph000001"}'''
    headers:
      Accept:
      - application/json
      Accept-Encoding:
      - gzip, deflate
      CommandName:
      - ad app create
      Connection:
      - keep-alive
      Content-Length:
      - '149'
      Content-Type:
      - application/json; charset=utf-8
      ParameterSetName:
      - --display-name --homepage --identifier-uris
      User-Agent:
      - python/3.5.4 (Windows-10-10.0.17763-SP0) msrest/0.6.6 msrest_azure/0.6.0 azure-graphrbac/0.60.0
        Azure-SDK-For-Python AZURECLI/2.0.66
      accept-language:
      - en-US
    method: POST
    uri: https://graph.windows.net/00000000-0000-0000-0000-000000000000/applications?api-version=1.6
  response:
    body:
      string: '{"odata.metadata":"https://graph.windows.net/00000000-0000-0000-0000-000000000000/$metadata#directoryObjects/@Element","odata.type":"Microsoft.DirectoryServices.Application","objectType":"Application","objectId":"e55718ac-2935-4099-b3b1-abb0990af03c","deletionTimestamp":null,"acceptMappedClaims":null,"addIns":[],"appId":"ec91b105-d962-4bb8-9fc0-906da33b6324","applicationTemplateId":null,"appRoles":[],"availableToOtherTenants":false,"displayName":"cli-graph000001","errorUrl":null,"groupMembershipClaims":null,"homepage":"http://cli-graph000001","identifierUris":["http://cli-graph000001"],"informationalUrls":{"termsOfService":null,"support":null,"privacy":null,"marketing":null},"isDeviceOnlyAuthSupported":null,"keyCredentials":[],"knownClientApplications":[],"logoutUrl":null,"logo@odata.mediaEditLink":"directoryObjects/e55718ac-2935-4099-b3b1-abb0990af03c/Microsoft.DirectoryServices.Application/logo","logo@odata.mediaContentType":"application/json;odata=minimalmetadata;
        charset=utf-8","logoUrl":null,"mainLogo@odata.mediaEditLink":"directoryObjects/e55718ac-2935-4099-b3b1-abb0990af03c/Microsoft.DirectoryServices.Application/mainLogo","oauth2AllowIdTokenImplicitFlow":true,"oauth2AllowImplicitFlow":false,"oauth2AllowUrlPathMatching":false,"oauth2Permissions":[{"adminConsentDescription":"Allow
        the application to access cli-graph000001 on behalf of the signed-in user.","adminConsentDisplayName":"Access
        cli-graph000001","id":"a523d9d1-8a80-4a09-b8a4-cf8931a46895","isEnabled":true,"type":"User","userConsentDescription":"Allow
        the application to access cli-graph000001 on your behalf.","userConsentDisplayName":"Access
        cli-graph000001","value":"user_impersonation"}],"oauth2RequirePostResponse":false,"optionalClaims":null,"orgRestrictions":[],"parentalControlSettings":{"countriesBlockedForMinors":[],"legalAgeGroupRule":"Allow"},"passwordCredentials":[],"publicClient":null,"publisherDomain":"AzureSDKTeam.onmicrosoft.com","recordConsentConditions":null,"replyUrls":[],"requiredResourceAccess":[],"samlMetadataUrl":null,"signInAudience":"AzureADMyOrg","tokenEncryptionKeyId":null}'
    headers:
      access-control-allow-origin:
      - '*'
      cache-control:
      - no-cache
      content-length:
      - '2090'
      content-type:
      - application/json; odata=minimalmetadata; streaming=true; charset=utf-8
      dataserviceversion:
      - 3.0;
      date:
      - Mon, 10 Jun 2019 21:52:11 GMT
      duration:
      - '3218222'
      expires:
      - '-1'
      location:
      - https://graph.windows.net/00000000-0000-0000-0000-000000000000/directoryObjects/e55718ac-2935-4099-b3b1-abb0990af03c/Microsoft.DirectoryServices.Application
      ocp-aad-diagnostics-server-name:
      - LgXAcbVEU6vczw1+dJY77u/nuJ5/uLYq6pT3Y4X/6fM=
      ocp-aad-session-key:
      - cR_JWlJkqn97SkqZcXg6OhtYgp6_3mb3u32lpiLbnPzZpdXKxVxqANyXwJmeC80ZoxAa5Htc1on9aahY4u-Y0X5_cvMYfewJ9VUQziCGqxhrxwRyIVJYMe1CTeKsoJHVAHSjKt23ukbLMWYgbRgvIw.4fVWpxPYZvkPJ53nwA3tX-z3UR6s9TdRoOcEBFLqScU
      pragma:
      - no-cache
      request-id:
      - 6424587c-3601-482b-aa89-3eac3bca787e
      strict-transport-security:
      - max-age=31536000; includeSubDomains
      x-aspnet-version:
      - 4.0.30319
      x-ms-dirapi-data-contract-version:
      - '1.6'
      x-powered-by:
      - ASP.NET
    status:
      code: 201
      message: Created
- request:
    body: null
    headers:
      Accept:
      - application/json
      Accept-Encoding:
      - gzip, deflate
      CommandName:
      - ad app credential reset
      Connection:
      - keep-alive
      ParameterSetName:
      - --id --append --password --years
      User-Agent:
      - python/3.5.4 (Windows-10-10.0.17763-SP0) msrest/0.6.6 msrest_azure/0.6.0 azure-graphrbac/0.60.0
        Azure-SDK-For-Python AZURECLI/2.0.66
      accept-language:
      - en-US
    method: GET
    uri: https://graph.windows.net/00000000-0000-0000-0000-000000000000/servicePrincipals?api-version=1.6&$filter=servicePrincipalNames%2Fany%28x%3Ax%20eq%20%27http%3A%2F%2Fcli-graph000001%27%29%20or%20displayName%20eq%20%27http%3A%2F%2Fcli-graph000001%27
  response:
    body:
      string: '{"odata.metadata":"https://graph.windows.net/00000000-0000-0000-0000-000000000000/$metadata#directoryObjects","value":[]}'
    headers:
      access-control-allow-origin:
      - '*'
      cache-control:
      - no-cache
      content-length:
      - '121'
      content-type:
      - application/json; odata=minimalmetadata; streaming=true; charset=utf-8
      dataserviceversion:
      - 3.0;
      date:
      - Mon, 10 Jun 2019 21:52:11 GMT
      duration:
      - '966525'
      expires:
      - '-1'
      ocp-aad-diagnostics-server-name:
      - rFMv6jCt7k8n9zj2NyMLkO1fEa5ijjfeyD4ZP3WWKYs=
      ocp-aad-session-key:
      - S4bEmtDKPGo9AQbsi0Pc486Q54InaxlR5Vxu7p8-FAvlqUnDOZYfvfBfWblpZ0rLJkyXHBryi0rAWUdAmnDHOzh6Z7O1kWo3Uk54ibNIScukDpu1vpSsOTJCsd3YXIjG97p4jczV75Te4ibucPWgeA.-j5kU0ilxZkDDyN3jR_kE9V4DXK6Xr6zY-l6rSs8Vf0
      pragma:
      - no-cache
      request-id:
      - d26c4b2d-40ce-45e1-962b-6f0af91c1405
      strict-transport-security:
      - max-age=31536000; includeSubDomains
      x-aspnet-version:
      - 4.0.30319
      x-ms-dirapi-data-contract-version:
      - '1.6'
      x-powered-by:
      - ASP.NET
    status:
      code: 200
      message: OK
- request:
    body: null
    headers:
      Accept:
      - application/json
      Accept-Encoding:
      - gzip, deflate
      CommandName:
      - ad app credential reset
      Connection:
      - keep-alive
      ParameterSetName:
      - --id --append --password --years
      User-Agent:
      - python/3.5.4 (Windows-10-10.0.17763-SP0) msrest/0.6.6 msrest_azure/0.6.0 azure-graphrbac/0.60.0
        Azure-SDK-For-Python AZURECLI/2.0.66
      accept-language:
      - en-US
    method: GET
    uri: https://graph.windows.net/00000000-0000-0000-0000-000000000000/applications?api-version=1.6&$filter=identifierUris%2Fany%28s%3As%20eq%20%27http%3A%2F%2Fcli-graph000001%27%29
  response:
    body:
      string: '{"odata.metadata":"https://graph.windows.net/00000000-0000-0000-0000-000000000000/$metadata#directoryObjects","value":[{"odata.type":"Microsoft.DirectoryServices.Application","objectType":"Application","objectId":"e55718ac-2935-4099-b3b1-abb0990af03c","deletionTimestamp":null,"acceptMappedClaims":null,"addIns":[],"appId":"ec91b105-d962-4bb8-9fc0-906da33b6324","applicationTemplateId":null,"appRoles":[],"availableToOtherTenants":false,"displayName":"cli-graph000001","errorUrl":null,"groupMembershipClaims":null,"homepage":"http://cli-graph000001","identifierUris":["http://cli-graph000001"],"informationalUrls":{"termsOfService":null,"support":null,"privacy":null,"marketing":null},"isDeviceOnlyAuthSupported":null,"keyCredentials":[],"knownClientApplications":[],"logoutUrl":null,"logo@odata.mediaEditLink":"directoryObjects/e55718ac-2935-4099-b3b1-abb0990af03c/Microsoft.DirectoryServices.Application/logo","logoUrl":null,"mainLogo@odata.mediaEditLink":"directoryObjects/e55718ac-2935-4099-b3b1-abb0990af03c/Microsoft.DirectoryServices.Application/mainLogo","oauth2AllowIdTokenImplicitFlow":true,"oauth2AllowImplicitFlow":false,"oauth2AllowUrlPathMatching":false,"oauth2Permissions":[{"adminConsentDescription":"Allow
        the application to access cli-graph000001 on behalf of the signed-in user.","adminConsentDisplayName":"Access
        cli-graph000001","id":"a523d9d1-8a80-4a09-b8a4-cf8931a46895","isEnabled":true,"type":"User","userConsentDescription":"Allow
        the application to access cli-graph000001 on your behalf.","userConsentDisplayName":"Access
        cli-graph000001","value":"user_impersonation"}],"oauth2RequirePostResponse":false,"optionalClaims":null,"orgRestrictions":[],"parentalControlSettings":{"countriesBlockedForMinors":[],"legalAgeGroupRule":"Allow"},"passwordCredentials":[],"publicClient":null,"publisherDomain":"AzureSDKTeam.onmicrosoft.com","recordConsentConditions":null,"replyUrls":[],"requiredResourceAccess":[],"samlMetadataUrl":null,"signInAudience":"AzureADMyOrg","tokenEncryptionKeyId":null}]}'
    headers:
      access-control-allow-origin:
      - '*'
      cache-control:
      - no-cache
      content-length:
      - '2007'
      content-type:
      - application/json; odata=minimalmetadata; streaming=true; charset=utf-8
      dataserviceversion:
      - 3.0;
      date:
      - Mon, 10 Jun 2019 21:52:11 GMT
      duration:
      - '578149'
      expires:
      - '-1'
      ocp-aad-diagnostics-server-name:
      - hXM0y5tf4jtAu0XM9IyMZVs+30ozRFf/FDYUTguUD7g=
      ocp-aad-session-key:
      - 0VBI2RdDx9WDND3HQI2Ly4ViLXowc-hP1KXm05K72SftEnJTOP8YrSv38BEBnNyPP0__v5Q5-vsPSZ0OF_yd_wqJzDiU1VEfAbfsotymzBFx5GuQ168Px0Rpz5LydVrxvGv6udxhTSkgwm7Cwd8NBA.mDFbz19pvHrMcWCv52vC1_AyMcGyBGlk5jKlBY9xJRg
      pragma:
      - no-cache
      request-id:
      - 7b3147fb-0919-47be-9920-4c4c6220c7f5
      strict-transport-security:
      - max-age=31536000; includeSubDomains
      x-aspnet-version:
      - 4.0.30319
      x-ms-dirapi-data-contract-version:
      - '1.6'
      x-powered-by:
      - ASP.NET
    status:
      code: 200
      message: OK
- request:
    body: null
    headers:
      Accept:
      - application/json
      Accept-Encoding:
      - gzip, deflate
      CommandName:
      - ad app credential reset
      Connection:
      - keep-alive
      ParameterSetName:
      - --id --append --password --years
      User-Agent:
      - python/3.5.4 (Windows-10-10.0.17763-SP0) msrest/0.6.6 msrest_azure/0.6.0 azure-graphrbac/0.60.0
        Azure-SDK-For-Python AZURECLI/2.0.66
      accept-language:
      - en-US
    method: GET
    uri: https://graph.windows.net/00000000-0000-0000-0000-000000000000/applications/e55718ac-2935-4099-b3b1-abb0990af03c?api-version=1.6
  response:
    body:
      string: '{"odata.metadata":"https://graph.windows.net/00000000-0000-0000-0000-000000000000/$metadata#directoryObjects/@Element","odata.type":"Microsoft.DirectoryServices.Application","objectType":"Application","objectId":"e55718ac-2935-4099-b3b1-abb0990af03c","deletionTimestamp":null,"acceptMappedClaims":null,"addIns":[],"appId":"ec91b105-d962-4bb8-9fc0-906da33b6324","applicationTemplateId":null,"appRoles":[],"availableToOtherTenants":false,"displayName":"cli-graph000001","errorUrl":null,"groupMembershipClaims":null,"homepage":"http://cli-graph000001","identifierUris":["http://cli-graph000001"],"informationalUrls":{"termsOfService":null,"support":null,"privacy":null,"marketing":null},"isDeviceOnlyAuthSupported":null,"keyCredentials":[],"knownClientApplications":[],"logoutUrl":null,"logo@odata.mediaEditLink":"directoryObjects/e55718ac-2935-4099-b3b1-abb0990af03c/Microsoft.DirectoryServices.Application/logo","logoUrl":null,"mainLogo@odata.mediaEditLink":"directoryObjects/e55718ac-2935-4099-b3b1-abb0990af03c/Microsoft.DirectoryServices.Application/mainLogo","oauth2AllowIdTokenImplicitFlow":true,"oauth2AllowImplicitFlow":false,"oauth2AllowUrlPathMatching":false,"oauth2Permissions":[{"adminConsentDescription":"Allow
        the application to access cli-graph000001 on behalf of the signed-in user.","adminConsentDisplayName":"Access
        cli-graph000001","id":"a523d9d1-8a80-4a09-b8a4-cf8931a46895","isEnabled":true,"type":"User","userConsentDescription":"Allow
        the application to access cli-graph000001 on your behalf.","userConsentDisplayName":"Access
        cli-graph000001","value":"user_impersonation"}],"oauth2RequirePostResponse":false,"optionalClaims":null,"orgRestrictions":[],"parentalControlSettings":{"countriesBlockedForMinors":[],"legalAgeGroupRule":"Allow"},"passwordCredentials":[],"publicClient":null,"publisherDomain":"AzureSDKTeam.onmicrosoft.com","recordConsentConditions":null,"replyUrls":[],"requiredResourceAccess":[],"samlMetadataUrl":null,"signInAudience":"AzureADMyOrg","tokenEncryptionKeyId":null}'
    headers:
      access-control-allow-origin:
      - '*'
      cache-control:
      - no-cache
      content-length:
      - '2004'
      content-type:
      - application/json; odata=minimalmetadata; streaming=true; charset=utf-8
      dataserviceversion:
      - 3.0;
      date:
      - Mon, 10 Jun 2019 21:52:11 GMT
      duration:
      - '636945'
      expires:
      - '-1'
      ocp-aad-diagnostics-server-name:
      - rFMv6jCt7k8n9zj2NyMLkO1fEa5ijjfeyD4ZP3WWKYs=
      ocp-aad-session-key:
      - QRMIU7iuygSIiI-6tVOuFksnddNWPHc2wMY0_bb_3AqF5aqTEuBgGN7sybCnXFqOKn1-yJHr_OxHkqQHNroMAd8xH6IAVnzOoXnCpSwSiUFlX_9uI6AtRLCm20R4aYkVEaIxqjmpQppnRNIlb4m7Ag.U1kqQLnwMn7m8F3xLsRPzR9fIyZQtgBAmBzaQ0qAQZk
      pragma:
      - no-cache
      request-id:
      - 5c8eac82-f0f7-44b9-a796-482346b12980
      strict-transport-security:
      - max-age=31536000; includeSubDomains
      x-aspnet-version:
      - 4.0.30319
      x-ms-dirapi-data-contract-version:
      - '1.6'
      x-powered-by:
      - ASP.NET
    status:
      code: 200
      message: OK
- request:
    body: null
    headers:
      Accept:
      - application/json
      Accept-Encoding:
      - gzip, deflate
      CommandName:
      - ad app credential reset
      Connection:
      - keep-alive
      ParameterSetName:
      - --id --append --password --years
      User-Agent:
      - python/3.5.4 (Windows-10-10.0.17763-SP0) msrest/0.6.6 msrest_azure/0.6.0 azure-graphrbac/0.60.0
        Azure-SDK-For-Python AZURECLI/2.0.66
      accept-language:
      - en-US
    method: GET
    uri: https://graph.windows.net/00000000-0000-0000-0000-000000000000/applications/e55718ac-2935-4099-b3b1-abb0990af03c/passwordCredentials?api-version=1.6
  response:
    body:
      string: '{"odata.metadata":"https://graph.windows.net/00000000-0000-0000-0000-000000000000/$metadata#Collection(Microsoft.DirectoryServices.PasswordCredential)","value":[]}'
    headers:
      access-control-allow-origin:
      - '*'
      cache-control:
      - no-cache
      content-length:
      - '163'
      content-type:
      - application/json; odata=minimalmetadata; streaming=true; charset=utf-8
      dataserviceversion:
      - 3.0;
      date:
      - Mon, 10 Jun 2019 21:52:11 GMT
      duration:
      - '821629'
      expires:
      - '-1'
      ocp-aad-diagnostics-server-name:
      - IAJInqPI4lKNkkjmRxlvRCo0yCEDsc0J29jSC990RR4=
      ocp-aad-session-key:
      - AfJhm7izWCkByRRrMJqZ58ctp8kO505VYeSKGiUGZSgZ1PZF_uTYiotGeJno0RbQ8yAxVZOmd5nrReXglvKqA8IwfB6dLDADMsKoUyhdVGOS32QnkGAvlHKdrJgMjtwbedw8h63yV33U69Kl42u8gQ.dTM1MIT0hCEGxzWOjCtHXhl_mbLMRSWOt0srzEA8pmw
      pragma:
      - no-cache
      request-id:
      - c96f56f1-6b90-4dcc-89a0-e98d94ba4430
      strict-transport-security:
      - max-age=31536000; includeSubDomains
      x-aspnet-version:
      - 4.0.30319
      x-ms-dirapi-data-contract-version:
      - '1.6'
      x-powered-by:
      - ASP.NET
    status:
      code: 200
      message: OK
- request:
    body: '{"passwordCredentials": [{"keyId": "e61d4317-0cc5-43fa-9b81-ce427f660956",
      "startDate": "2019-06-10T21:52:11.549894Z", "value": "test", "endDate": "2021-06-10T21:52:11.549894Z"}]}'
    headers:
      Accept:
      - application/json
      Accept-Encoding:
      - gzip, deflate
      CommandName:
      - ad app credential reset
      Connection:
      - keep-alive
      Content-Length:
      - '179'
      Content-Type:
      - application/json; charset=utf-8
      ParameterSetName:
      - --id --append --password --years
      User-Agent:
      - python/3.5.4 (Windows-10-10.0.17763-SP0) msrest/0.6.6 msrest_azure/0.6.0 azure-graphrbac/0.60.0
        Azure-SDK-For-Python AZURECLI/2.0.66
      accept-language:
      - en-US
    method: PATCH
    uri: https://graph.windows.net/00000000-0000-0000-0000-000000000000/applications/e55718ac-2935-4099-b3b1-abb0990af03c?api-version=1.6
  response:
    body:
      string: ''
    headers:
      access-control-allow-origin:
      - '*'
      cache-control:
      - no-cache
      date:
      - Mon, 10 Jun 2019 21:52:11 GMT
      duration:
      - '3156402'
      expires:
      - '-1'
      ocp-aad-diagnostics-server-name:
      - pnOScdeawrYYFPJuX1Io7DBmy+ms5G0/BcDi1ugwLKQ=
      ocp-aad-session-key:
      - JIiKWs02hxscqQhW9_6KMUWvOXOhQ8pATE8IvZvSx0cNnnKVDPjayp_Zt5ar6YHyg4XztpodIUDbtEmu2HZ8r9bjikKvirxrqyEQn5ZyNoVIPGfGtaZgSuNNTDndKEOx-5QE05p4PpV1-7kgtPxOzQ.FI6E-sL9lC1XMF9f9C7prCuToGMmvkJXQoqohB5jAV0
      pragma:
      - no-cache
      request-id:
      - 7e76a6d3-db23-4700-9535-7d23dd2c064f
      strict-transport-security:
      - max-age=31536000; includeSubDomains
      x-aspnet-version:
      - 4.0.30319
      x-ms-dirapi-data-contract-version:
      - '1.6'
      x-powered-by:
      - ASP.NET
    status:
      code: 204
      message: No Content
- request:
    body: null
    headers:
      Accept:
      - application/json
      Accept-Encoding:
      - gzip, deflate
      CommandName:
      - ad app show
      Connection:
      - keep-alive
      ParameterSetName:
      - --id
      User-Agent:
      - python/3.5.4 (Windows-10-10.0.17763-SP0) msrest/0.6.6 msrest_azure/0.6.0 azure-graphrbac/0.60.0
        Azure-SDK-For-Python AZURECLI/2.0.66
      accept-language:
      - en-US
    method: GET
    uri: https://graph.windows.net/00000000-0000-0000-0000-000000000000/applications?api-version=1.6&$filter=identifierUris%2Fany%28s%3As%20eq%20%27http%3A%2F%2Fcli-graph000001%27%29
  response:
    body:
      string: '{"odata.metadata":"https://graph.windows.net/00000000-0000-0000-0000-000000000000/$metadata#directoryObjects","value":[{"odata.type":"Microsoft.DirectoryServices.Application","objectType":"Application","objectId":"e55718ac-2935-4099-b3b1-abb0990af03c","deletionTimestamp":null,"acceptMappedClaims":null,"addIns":[],"appId":"ec91b105-d962-4bb8-9fc0-906da33b6324","applicationTemplateId":null,"appRoles":[],"availableToOtherTenants":false,"displayName":"cli-graph000001","errorUrl":null,"groupMembershipClaims":null,"homepage":"http://cli-graph000001","identifierUris":["http://cli-graph000001"],"informationalUrls":{"termsOfService":null,"support":null,"privacy":null,"marketing":null},"isDeviceOnlyAuthSupported":null,"keyCredentials":[],"knownClientApplications":[],"logoutUrl":null,"logo@odata.mediaEditLink":"directoryObjects/e55718ac-2935-4099-b3b1-abb0990af03c/Microsoft.DirectoryServices.Application/logo","logoUrl":null,"mainLogo@odata.mediaEditLink":"directoryObjects/e55718ac-2935-4099-b3b1-abb0990af03c/Microsoft.DirectoryServices.Application/mainLogo","oauth2AllowIdTokenImplicitFlow":true,"oauth2AllowImplicitFlow":false,"oauth2AllowUrlPathMatching":false,"oauth2Permissions":[{"adminConsentDescription":"Allow
        the application to access cli-graph000001 on behalf of the signed-in user.","adminConsentDisplayName":"Access
        cli-graph000001","id":"a523d9d1-8a80-4a09-b8a4-cf8931a46895","isEnabled":true,"type":"User","userConsentDescription":"Allow
        the application to access cli-graph000001 on your behalf.","userConsentDisplayName":"Access
        cli-graph000001","value":"user_impersonation"}],"oauth2RequirePostResponse":false,"optionalClaims":null,"orgRestrictions":[],"parentalControlSettings":{"countriesBlockedForMinors":[],"legalAgeGroupRule":"Allow"},"passwordCredentials":[{"customKeyIdentifier":null,"endDate":"2021-06-10T21:52:11.549894Z","keyId":"e61d4317-0cc5-43fa-9b81-ce427f660956","startDate":"2019-06-10T21:52:11.549894Z","value":null}],"publicClient":null,"publisherDomain":"AzureSDKTeam.onmicrosoft.com","recordConsentConditions":null,"replyUrls":[],"requiredResourceAccess":[],"samlMetadataUrl":null,"signInAudience":"AzureADMyOrg","tokenEncryptionKeyId":null}]}'
    headers:
      access-control-allow-origin:
      - '*'
      cache-control:
      - no-cache
      content-length:
      - '2177'
      content-type:
      - application/json; odata=minimalmetadata; streaming=true; charset=utf-8
      dataserviceversion:
      - 3.0;
      date:
      - Mon, 10 Jun 2019 21:52:13 GMT
      duration:
      - '635665'
      expires:
      - '-1'
      ocp-aad-diagnostics-server-name:
      - UasoFGN58uUDZzrA1RYY1/OBZjmM666H3oLwSIakuf0=
      ocp-aad-session-key:
      - yXLpu2N8hWVvEZpzABF2f3Mett37TUYDu51llo2lvDXfUHw5vBYBQF8m2ppYoGI8zX8EOSUd3836ht8XAoCM07882yjq_KsyGiOGLGLttoMZtOMhthVO5GtV0xNItUoo5y4AkMtNhRcW7cV2OypaGA.FXsOu_MeWP284NRRCOZ2xJE-TtgxGrQKc_aoePUXwMo
      pragma:
      - no-cache
      request-id:
      - 7f4115ad-d9df-4e7d-9516-d54c315afe98
      strict-transport-security:
      - max-age=31536000; includeSubDomains
      x-aspnet-version:
      - 4.0.30319
      x-ms-dirapi-data-contract-version:
      - '1.6'
      x-powered-by:
      - ASP.NET
    status:
      code: 200
      message: OK
- request:
    body: null
    headers:
      Accept:
      - application/json
      Accept-Encoding:
      - gzip, deflate
      CommandName:
      - ad app show
      Connection:
      - keep-alive
      ParameterSetName:
      - --id
      User-Agent:
      - python/3.5.4 (Windows-10-10.0.17763-SP0) msrest/0.6.6 msrest_azure/0.6.0 azure-graphrbac/0.60.0
        Azure-SDK-For-Python AZURECLI/2.0.66
      accept-language:
      - en-US
    method: GET
    uri: https://graph.windows.net/00000000-0000-0000-0000-000000000000/applications/e55718ac-2935-4099-b3b1-abb0990af03c?api-version=1.6
  response:
    body:
      string: '{"odata.metadata":"https://graph.windows.net/00000000-0000-0000-0000-000000000000/$metadata#directoryObjects/@Element","odata.type":"Microsoft.DirectoryServices.Application","objectType":"Application","objectId":"e55718ac-2935-4099-b3b1-abb0990af03c","deletionTimestamp":null,"acceptMappedClaims":null,"addIns":[],"appId":"ec91b105-d962-4bb8-9fc0-906da33b6324","applicationTemplateId":null,"appRoles":[],"availableToOtherTenants":false,"displayName":"cli-graph000001","errorUrl":null,"groupMembershipClaims":null,"homepage":"http://cli-graph000001","identifierUris":["http://cli-graph000001"],"informationalUrls":{"termsOfService":null,"support":null,"privacy":null,"marketing":null},"isDeviceOnlyAuthSupported":null,"keyCredentials":[],"knownClientApplications":[],"logoutUrl":null,"logo@odata.mediaEditLink":"directoryObjects/e55718ac-2935-4099-b3b1-abb0990af03c/Microsoft.DirectoryServices.Application/logo","logoUrl":null,"mainLogo@odata.mediaEditLink":"directoryObjects/e55718ac-2935-4099-b3b1-abb0990af03c/Microsoft.DirectoryServices.Application/mainLogo","oauth2AllowIdTokenImplicitFlow":true,"oauth2AllowImplicitFlow":false,"oauth2AllowUrlPathMatching":false,"oauth2Permissions":[{"adminConsentDescription":"Allow
        the application to access cli-graph000001 on behalf of the signed-in user.","adminConsentDisplayName":"Access
        cli-graph000001","id":"a523d9d1-8a80-4a09-b8a4-cf8931a46895","isEnabled":true,"type":"User","userConsentDescription":"Allow
        the application to access cli-graph000001 on your behalf.","userConsentDisplayName":"Access
        cli-graph000001","value":"user_impersonation"}],"oauth2RequirePostResponse":false,"optionalClaims":null,"orgRestrictions":[],"parentalControlSettings":{"countriesBlockedForMinors":[],"legalAgeGroupRule":"Allow"},"passwordCredentials":[{"customKeyIdentifier":null,"endDate":"2021-06-10T21:52:11.549894Z","keyId":"e61d4317-0cc5-43fa-9b81-ce427f660956","startDate":"2019-06-10T21:52:11.549894Z","value":null}],"publicClient":null,"publisherDomain":"AzureSDKTeam.onmicrosoft.com","recordConsentConditions":null,"replyUrls":[],"requiredResourceAccess":[],"samlMetadataUrl":null,"signInAudience":"AzureADMyOrg","tokenEncryptionKeyId":null}'
    headers:
      access-control-allow-origin:
      - '*'
      cache-control:
      - no-cache
      content-length:
      - '2174'
      content-type:
      - application/json; odata=minimalmetadata; streaming=true; charset=utf-8
      dataserviceversion:
      - 3.0;
      date:
      - Mon, 10 Jun 2019 21:52:12 GMT
      duration:
      - '676150'
      expires:
      - '-1'
      ocp-aad-diagnostics-server-name:
      - smDzeL4bkZOf2IZ45+oQ9cb0D2p+UcizCJoyGyQLD1w=
      ocp-aad-session-key:
      - 9uYyatjB1lLXvmqfmfPubhiJwbJidRL3-wtHIcvqBqEAFsCf4Nk6hQyAH0R8zrFfWZVHeiUkbdYX7IDNhlfI766863oLQg78G60Z_tZiWWDhd-6iqT3kqWjl9J9vRhgFeMEQtEOVJb6roSxP8zM-2A.vNMUh5NXzC1Jl_W_BxIn8E4wzqrOQvq91Iy1egJS65o
      pragma:
      - no-cache
      request-id:
      - 6191cb3a-881f-422b-a09d-77a3b6d120dc
      strict-transport-security:
      - max-age=31536000; includeSubDomains
      x-aspnet-version:
      - 4.0.30319
      x-ms-dirapi-data-contract-version:
      - '1.6'
      x-powered-by:
      - ASP.NET
    status:
      code: 200
      message: OK
- request:
    body: null
    headers:
      Accept:
      - application/json
      Accept-Encoding:
      - gzip, deflate
      CommandName:
      - ad app list
      Connection:
      - keep-alive
      ParameterSetName:
      - --display-name
      User-Agent:
      - python/3.5.4 (Windows-10-10.0.17763-SP0) msrest/0.6.6 msrest_azure/0.6.0 azure-graphrbac/0.60.0
        Azure-SDK-For-Python AZURECLI/2.0.66
      accept-language:
      - en-US
    method: GET
    uri: https://graph.windows.net/00000000-0000-0000-0000-000000000000/applications?api-version=1.6&$filter=startswith%28displayName%2C%27cli-graph000001%27%29
  response:
    body:
      string: '{"odata.metadata":"https://graph.windows.net/00000000-0000-0000-0000-000000000000/$metadata#directoryObjects","value":[{"odata.type":"Microsoft.DirectoryServices.Application","objectType":"Application","objectId":"e55718ac-2935-4099-b3b1-abb0990af03c","deletionTimestamp":null,"acceptMappedClaims":null,"addIns":[],"appId":"ec91b105-d962-4bb8-9fc0-906da33b6324","applicationTemplateId":null,"appRoles":[],"availableToOtherTenants":false,"displayName":"cli-graph000001","errorUrl":null,"groupMembershipClaims":null,"homepage":"http://cli-graph000001","identifierUris":["http://cli-graph000001"],"informationalUrls":{"termsOfService":null,"support":null,"privacy":null,"marketing":null},"isDeviceOnlyAuthSupported":null,"keyCredentials":[],"knownClientApplications":[],"logoutUrl":null,"logo@odata.mediaEditLink":"directoryObjects/e55718ac-2935-4099-b3b1-abb0990af03c/Microsoft.DirectoryServices.Application/logo","logoUrl":null,"mainLogo@odata.mediaEditLink":"directoryObjects/e55718ac-2935-4099-b3b1-abb0990af03c/Microsoft.DirectoryServices.Application/mainLogo","oauth2AllowIdTokenImplicitFlow":true,"oauth2AllowImplicitFlow":false,"oauth2AllowUrlPathMatching":false,"oauth2Permissions":[{"adminConsentDescription":"Allow
        the application to access cli-graph000001 on behalf of the signed-in user.","adminConsentDisplayName":"Access
        cli-graph000001","id":"a523d9d1-8a80-4a09-b8a4-cf8931a46895","isEnabled":true,"type":"User","userConsentDescription":"Allow
        the application to access cli-graph000001 on your behalf.","userConsentDisplayName":"Access
        cli-graph000001","value":"user_impersonation"}],"oauth2RequirePostResponse":false,"optionalClaims":null,"orgRestrictions":[],"parentalControlSettings":{"countriesBlockedForMinors":[],"legalAgeGroupRule":"Allow"},"passwordCredentials":[{"customKeyIdentifier":null,"endDate":"2021-06-10T21:52:11.549894Z","keyId":"e61d4317-0cc5-43fa-9b81-ce427f660956","startDate":"2019-06-10T21:52:11.549894Z","value":null}],"publicClient":null,"publisherDomain":"AzureSDKTeam.onmicrosoft.com","recordConsentConditions":null,"replyUrls":[],"requiredResourceAccess":[],"samlMetadataUrl":null,"signInAudience":"AzureADMyOrg","tokenEncryptionKeyId":null}]}'
    headers:
      access-control-allow-origin:
      - '*'
      cache-control:
      - no-cache
      content-length:
      - '2177'
      content-type:
      - application/json; odata=minimalmetadata; streaming=true; charset=utf-8
      dataserviceversion:
      - 3.0;
      date:
      - Mon, 10 Jun 2019 21:52:13 GMT
      duration:
      - '544675'
      expires:
      - '-1'
      ocp-aad-diagnostics-server-name:
      - k6DXA5yNyWftcpEJP1tvwNHdPg4ncMNCM8cbCEznAdU=
      ocp-aad-session-key:
      - fLBBNWFdz4Ie-nMJkkGYFSke4ohVrQvtpt-HfKyyMHpeqjUShTsew2OcM_LSlAhyd6CNCGt5BgOREzg-PZY80BLPUEWhzcEkRBJV0pr3gErlcYRQk65cDYKY4lWyD920s11HK_tw-FJBjGTNHMkzgw.LxnWdwMpjhu2l2dpu87uRzfJ42t8__eqIdFfR3i4Res
      pragma:
      - no-cache
      request-id:
      - a43e5b5c-4518-4d1f-9293-ab8d12265a9e
      strict-transport-security:
      - max-age=31536000; includeSubDomains
      x-aspnet-version:
      - 4.0.30319
      x-ms-dirapi-data-contract-version:
      - '1.6'
      x-powered-by:
      - ASP.NET
    status:
      code: 200
      message: OK
- request:
    body: null
    headers:
      Accept:
      - application/json
      Accept-Encoding:
      - gzip, deflate
      CommandName:
      - ad app update
      Connection:
      - keep-alive
      ParameterSetName:
      - --id --reply-urls
      User-Agent:
      - python/3.5.4 (Windows-10-10.0.17763-SP0) msrest/0.6.6 msrest_azure/0.6.0 azure-graphrbac/0.60.0
        Azure-SDK-For-Python AZURECLI/2.0.66
      accept-language:
      - en-US
    method: GET
    uri: https://graph.windows.net/00000000-0000-0000-0000-000000000000/applications?api-version=1.6&$filter=identifierUris%2Fany%28s%3As%20eq%20%27http%3A%2F%2Fcli-graph000001%27%29
  response:
    body:
      string: '{"odata.metadata":"https://graph.windows.net/00000000-0000-0000-0000-000000000000/$metadata#directoryObjects","value":[{"odata.type":"Microsoft.DirectoryServices.Application","objectType":"Application","objectId":"e55718ac-2935-4099-b3b1-abb0990af03c","deletionTimestamp":null,"acceptMappedClaims":null,"addIns":[],"appId":"ec91b105-d962-4bb8-9fc0-906da33b6324","applicationTemplateId":null,"appRoles":[],"availableToOtherTenants":false,"displayName":"cli-graph000001","errorUrl":null,"groupMembershipClaims":null,"homepage":"http://cli-graph000001","identifierUris":["http://cli-graph000001"],"informationalUrls":{"termsOfService":null,"support":null,"privacy":null,"marketing":null},"isDeviceOnlyAuthSupported":null,"keyCredentials":[],"knownClientApplications":[],"logoutUrl":null,"logo@odata.mediaEditLink":"directoryObjects/e55718ac-2935-4099-b3b1-abb0990af03c/Microsoft.DirectoryServices.Application/logo","logoUrl":null,"mainLogo@odata.mediaEditLink":"directoryObjects/e55718ac-2935-4099-b3b1-abb0990af03c/Microsoft.DirectoryServices.Application/mainLogo","oauth2AllowIdTokenImplicitFlow":true,"oauth2AllowImplicitFlow":false,"oauth2AllowUrlPathMatching":false,"oauth2Permissions":[{"adminConsentDescription":"Allow
        the application to access cli-graph000001 on behalf of the signed-in user.","adminConsentDisplayName":"Access
        cli-graph000001","id":"a523d9d1-8a80-4a09-b8a4-cf8931a46895","isEnabled":true,"type":"User","userConsentDescription":"Allow
        the application to access cli-graph000001 on your behalf.","userConsentDisplayName":"Access
        cli-graph000001","value":"user_impersonation"}],"oauth2RequirePostResponse":false,"optionalClaims":null,"orgRestrictions":[],"parentalControlSettings":{"countriesBlockedForMinors":[],"legalAgeGroupRule":"Allow"},"passwordCredentials":[{"customKeyIdentifier":null,"endDate":"2021-06-10T21:52:11.549894Z","keyId":"e61d4317-0cc5-43fa-9b81-ce427f660956","startDate":"2019-06-10T21:52:11.549894Z","value":null}],"publicClient":null,"publisherDomain":"AzureSDKTeam.onmicrosoft.com","recordConsentConditions":null,"replyUrls":[],"requiredResourceAccess":[],"samlMetadataUrl":null,"signInAudience":"AzureADMyOrg","tokenEncryptionKeyId":null}]}'
    headers:
      access-control-allow-origin:
      - '*'
      cache-control:
      - no-cache
      content-length:
      - '2177'
      content-type:
      - application/json; odata=minimalmetadata; streaming=true; charset=utf-8
      dataserviceversion:
      - 3.0;
      date:
      - Mon, 10 Jun 2019 21:52:13 GMT
      duration:
      - '717733'
      expires:
      - '-1'
      ocp-aad-diagnostics-server-name:
      - VRduinh48wLsWX4gv475GCgG1fPJPOTtSGWFaOBDTQM=
      ocp-aad-session-key:
      - dF4BWI7EB_2GUts4tMsQfEWe1YUFNeM59EF1dtMenxE8c5q6iGDGhnlkaF6QxVmx9f6cfxcmZw1nAbpiSCWy3SB0LzJAhLURUETalW2-84dpSxB9wmDjZ2_WMzsdwwwZskiEtorYsPncEQ8EWdtm2w.0hSfaCSqj5z3JEUIIukuskrSc-FOyurWf2Z8-HRAh8A
      pragma:
      - no-cache
      request-id:
      - cac6006a-834e-4d05-bfa0-e58ba29376cd
      strict-transport-security:
      - max-age=31536000; includeSubDomains
      x-aspnet-version:
      - 4.0.30319
      x-ms-dirapi-data-contract-version:
      - '1.6'
      x-powered-by:
      - ASP.NET
    status:
      code: 200
      message: OK
- request:
    body: null
    headers:
      Accept:
      - application/json
      Accept-Encoding:
      - gzip, deflate
      CommandName:
      - ad app update
      Connection:
      - keep-alive
      ParameterSetName:
      - --id --reply-urls
      User-Agent:
      - python/3.5.4 (Windows-10-10.0.17763-SP0) msrest/0.6.6 msrest_azure/0.6.0 azure-graphrbac/0.60.0
        Azure-SDK-For-Python AZURECLI/2.0.66
      accept-language:
      - en-US
    method: GET
    uri: https://graph.windows.net/00000000-0000-0000-0000-000000000000/applications/e55718ac-2935-4099-b3b1-abb0990af03c?api-version=1.6
  response:
    body:
      string: '{"odata.metadata":"https://graph.windows.net/00000000-0000-0000-0000-000000000000/$metadata#directoryObjects/@Element","odata.type":"Microsoft.DirectoryServices.Application","objectType":"Application","objectId":"e55718ac-2935-4099-b3b1-abb0990af03c","deletionTimestamp":null,"acceptMappedClaims":null,"addIns":[],"appId":"ec91b105-d962-4bb8-9fc0-906da33b6324","applicationTemplateId":null,"appRoles":[],"availableToOtherTenants":false,"displayName":"cli-graph000001","errorUrl":null,"groupMembershipClaims":null,"homepage":"http://cli-graph000001","identifierUris":["http://cli-graph000001"],"informationalUrls":{"termsOfService":null,"support":null,"privacy":null,"marketing":null},"isDeviceOnlyAuthSupported":null,"keyCredentials":[],"knownClientApplications":[],"logoutUrl":null,"logo@odata.mediaEditLink":"directoryObjects/e55718ac-2935-4099-b3b1-abb0990af03c/Microsoft.DirectoryServices.Application/logo","logoUrl":null,"mainLogo@odata.mediaEditLink":"directoryObjects/e55718ac-2935-4099-b3b1-abb0990af03c/Microsoft.DirectoryServices.Application/mainLogo","oauth2AllowIdTokenImplicitFlow":true,"oauth2AllowImplicitFlow":false,"oauth2AllowUrlPathMatching":false,"oauth2Permissions":[{"adminConsentDescription":"Allow
        the application to access cli-graph000001 on behalf of the signed-in user.","adminConsentDisplayName":"Access
        cli-graph000001","id":"a523d9d1-8a80-4a09-b8a4-cf8931a46895","isEnabled":true,"type":"User","userConsentDescription":"Allow
        the application to access cli-graph000001 on your behalf.","userConsentDisplayName":"Access
        cli-graph000001","value":"user_impersonation"}],"oauth2RequirePostResponse":false,"optionalClaims":null,"orgRestrictions":[],"parentalControlSettings":{"countriesBlockedForMinors":[],"legalAgeGroupRule":"Allow"},"passwordCredentials":[{"customKeyIdentifier":null,"endDate":"2021-06-10T21:52:11.549894Z","keyId":"e61d4317-0cc5-43fa-9b81-ce427f660956","startDate":"2019-06-10T21:52:11.549894Z","value":null}],"publicClient":null,"publisherDomain":"AzureSDKTeam.onmicrosoft.com","recordConsentConditions":null,"replyUrls":[],"requiredResourceAccess":[],"samlMetadataUrl":null,"signInAudience":"AzureADMyOrg","tokenEncryptionKeyId":null}'
    headers:
      access-control-allow-origin:
      - '*'
      cache-control:
      - no-cache
      content-length:
      - '2174'
      content-type:
      - application/json; odata=minimalmetadata; streaming=true; charset=utf-8
      dataserviceversion:
      - 3.0;
      date:
      - Mon, 10 Jun 2019 21:52:13 GMT
      duration:
      - '569616'
      expires:
      - '-1'
      ocp-aad-diagnostics-server-name:
      - vzT+9Yq+aEnlFAqW4ArMt4wc+vCo9D3Xgf5jgx/UnQk=
      ocp-aad-session-key:
      - ZOicFK0-McqGkotd_xQvBqxpnnZS5c6p0Mz6lkqYpDTEX5KTRyTc57ZlzLO4DTe7cdwaDLbjUqKV5nhJXFCr2H1xbWNcfAfwSMPg0HpuDBVuHVx5gvtNTn7ea8grylgeVGjDeQ9cTJluwg_HzYH30w.ptm9rHZSeVJuwYxVqVFWhd4Y7ML0VUX4B_Fxa6Qa3MY
      pragma:
      - no-cache
      request-id:
      - 09782193-4011-4ead-8b42-58eb834bf2d5
      strict-transport-security:
      - max-age=31536000; includeSubDomains
      x-aspnet-version:
      - 4.0.30319
      x-ms-dirapi-data-contract-version:
      - '1.6'
      x-powered-by:
      - ASP.NET
    status:
      code: 200
      message: OK
- request:
    body: null
    headers:
      Accept:
      - application/json
      Accept-Encoding:
      - gzip, deflate
      CommandName:
      - ad app update
      Connection:
      - keep-alive
      ParameterSetName:
      - --id --reply-urls
      User-Agent:
      - python/3.5.4 (Windows-10-10.0.17763-SP0) msrest/0.6.6 msrest_azure/0.6.0 azure-graphrbac/0.60.0
        Azure-SDK-For-Python AZURECLI/2.0.66
      accept-language:
      - en-US
    method: GET
    uri: https://graph.windows.net/00000000-0000-0000-0000-000000000000/applications?api-version=1.6&$filter=identifierUris%2Fany%28s%3As%20eq%20%27http%3A%2F%2Fcli-graph000001%27%29
  response:
    body:
      string: '{"odata.metadata":"https://graph.windows.net/00000000-0000-0000-0000-000000000000/$metadata#directoryObjects","value":[{"odata.type":"Microsoft.DirectoryServices.Application","objectType":"Application","objectId":"e55718ac-2935-4099-b3b1-abb0990af03c","deletionTimestamp":null,"acceptMappedClaims":null,"addIns":[],"appId":"ec91b105-d962-4bb8-9fc0-906da33b6324","applicationTemplateId":null,"appRoles":[],"availableToOtherTenants":false,"displayName":"cli-graph000001","errorUrl":null,"groupMembershipClaims":null,"homepage":"http://cli-graph000001","identifierUris":["http://cli-graph000001"],"informationalUrls":{"termsOfService":null,"support":null,"privacy":null,"marketing":null},"isDeviceOnlyAuthSupported":null,"keyCredentials":[],"knownClientApplications":[],"logoutUrl":null,"logo@odata.mediaEditLink":"directoryObjects/e55718ac-2935-4099-b3b1-abb0990af03c/Microsoft.DirectoryServices.Application/logo","logoUrl":null,"mainLogo@odata.mediaEditLink":"directoryObjects/e55718ac-2935-4099-b3b1-abb0990af03c/Microsoft.DirectoryServices.Application/mainLogo","oauth2AllowIdTokenImplicitFlow":true,"oauth2AllowImplicitFlow":false,"oauth2AllowUrlPathMatching":false,"oauth2Permissions":[{"adminConsentDescription":"Allow
        the application to access cli-graph000001 on behalf of the signed-in user.","adminConsentDisplayName":"Access
        cli-graph000001","id":"a523d9d1-8a80-4a09-b8a4-cf8931a46895","isEnabled":true,"type":"User","userConsentDescription":"Allow
        the application to access cli-graph000001 on your behalf.","userConsentDisplayName":"Access
        cli-graph000001","value":"user_impersonation"}],"oauth2RequirePostResponse":false,"optionalClaims":null,"orgRestrictions":[],"parentalControlSettings":{"countriesBlockedForMinors":[],"legalAgeGroupRule":"Allow"},"passwordCredentials":[{"customKeyIdentifier":null,"endDate":"2021-06-10T21:52:11.549894Z","keyId":"e61d4317-0cc5-43fa-9b81-ce427f660956","startDate":"2019-06-10T21:52:11.549894Z","value":null}],"publicClient":null,"publisherDomain":"AzureSDKTeam.onmicrosoft.com","recordConsentConditions":null,"replyUrls":[],"requiredResourceAccess":[],"samlMetadataUrl":null,"signInAudience":"AzureADMyOrg","tokenEncryptionKeyId":null}]}'
    headers:
      access-control-allow-origin:
      - '*'
      cache-control:
      - no-cache
      content-length:
      - '2177'
      content-type:
      - application/json; odata=minimalmetadata; streaming=true; charset=utf-8
      dataserviceversion:
      - 3.0;
      date:
      - Mon, 10 Jun 2019 21:52:13 GMT
      duration:
      - '704083'
      expires:
      - '-1'
      ocp-aad-diagnostics-server-name:
      - Sv8LAqxM3Xd8KdoykW0mGkYyWG5hzFClI07Ok7DI0I8=
      ocp-aad-session-key:
      - dhRCk2IQm8fjvxBk29rrpfPQDc4c5K_pF9wZ9EzpGjowulXk-akBlH3zi0OiUIFjwmjDK8BJ09-aJnUCGMfqTXLJvFp2vfX-ShBRYOekMyKY3MNMYzInFGwOAkbp2R78G-ziWjupOnucuc7kS5ImpA.vsAVTfAKy-GpI1LTDgSqd0MVyJwlMWJHz0qy8PUr1ps
      pragma:
      - no-cache
      request-id:
      - d078af26-48db-455b-9bd2-48bd9f1d3bbf
      strict-transport-security:
      - max-age=31536000; includeSubDomains
      x-aspnet-version:
      - 4.0.30319
      x-ms-dirapi-data-contract-version:
      - '1.6'
      x-powered-by:
      - ASP.NET
    status:
      code: 200
      message: OK
- request:
    body: 'b''{"publisherDomain": "AzureSDKTeam.onmicrosoft.com", "oauth2RequirePostResponse":
      false, "appRoles": [], "knownClientApplications": [], "requiredResourceAccess":
      [], "informationalUrls": {}, "displayName": "cli-graph000001", "oauth2Permissions":
      [{"userConsentDisplayName": "Access cli-graph000001", "adminConsentDescription":
      "Allow the application to access cli-graph000001 on behalf of the signed-in
      user.", "type": "User", "value": "user_impersonation", "id": "a523d9d1-8a80-4a09-b8a4-cf8931a46895",
      "isEnabled": true, "adminConsentDisplayName": "Access cli-graph000001", "userConsentDescription":
      "Allow the application to access cli-graph000001 on your behalf."}], "replyUrls":
      ["http://azureclitest-replyuri"], "homepage": "http://cli-graph000001", "oauth2AllowUrlPathMatching":
      false, "signInAudience": "AzureADMyOrg", "orgRestrictions": []}'''
    headers:
      Accept:
      - application/json
      Accept-Encoding:
      - gzip, deflate
      CommandName:
      - ad app update
      Connection:
      - keep-alive
      Content-Length:
      - '842'
      Content-Type:
      - application/json; charset=utf-8
      ParameterSetName:
      - --id --reply-urls
      User-Agent:
      - python/3.5.4 (Windows-10-10.0.17763-SP0) msrest/0.6.6 msrest_azure/0.6.0 azure-graphrbac/0.60.0
        Azure-SDK-For-Python AZURECLI/2.0.66
      accept-language:
      - en-US
    method: PATCH
    uri: https://graph.windows.net/00000000-0000-0000-0000-000000000000/applications/e55718ac-2935-4099-b3b1-abb0990af03c?api-version=1.6
  response:
    body:
      string: ''
    headers:
      access-control-allow-origin:
      - '*'
      cache-control:
      - no-cache
      date:
      - Mon, 10 Jun 2019 21:52:13 GMT
      duration:
      - '1786697'
      expires:
      - '-1'
      ocp-aad-diagnostics-server-name:
      - WWe9QgsvUicjoyAoKn+dEp/jx1mlcMwTYk2lly59ESw=
      ocp-aad-session-key:
      - YXkA4PzE8zF0CkSxUsCypl2-BbobA5mKcB8SPlxyceAXNHrU_B12dVa7sg4vmU91RS5wOiU_mvUv625qW5l7VGsw3XOlAfQmOesxyppDHjG35BTb1vFfClKcz6INUDDW8SfTSRIBRibBWUZer4xmUA.1EREIIDcIfq_r23h9o4XpsGYoLfuOMlFwbmb0i3yZaQ
      pragma:
      - no-cache
      request-id:
      - b4b33936-0c07-4f00-87ba-8f645c84bae2
      strict-transport-security:
      - max-age=31536000; includeSubDomains
      x-aspnet-version:
      - 4.0.30319
      x-ms-dirapi-data-contract-version:
      - '1.6'
      x-powered-by:
      - ASP.NET
    status:
      code: 204
      message: No Content
- request:
    body: null
    headers:
      Accept:
      - application/json
      Accept-Encoding:
      - gzip, deflate
      CommandName:
      - ad app show
      Connection:
      - keep-alive
      ParameterSetName:
      - --id
      User-Agent:
      - python/3.5.4 (Windows-10-10.0.17763-SP0) msrest/0.6.6 msrest_azure/0.6.0 azure-graphrbac/0.60.0
        Azure-SDK-For-Python AZURECLI/2.0.66
      accept-language:
      - en-US
    method: GET
    uri: https://graph.windows.net/00000000-0000-0000-0000-000000000000/applications?api-version=1.6&$filter=identifierUris%2Fany%28s%3As%20eq%20%27http%3A%2F%2Fcli-graph000001%27%29
  response:
    body:
      string: '{"odata.metadata":"https://graph.windows.net/00000000-0000-0000-0000-000000000000/$metadata#directoryObjects","value":[{"odata.type":"Microsoft.DirectoryServices.Application","objectType":"Application","objectId":"e55718ac-2935-4099-b3b1-abb0990af03c","deletionTimestamp":null,"acceptMappedClaims":null,"addIns":[],"appId":"ec91b105-d962-4bb8-9fc0-906da33b6324","applicationTemplateId":null,"appRoles":[],"availableToOtherTenants":false,"displayName":"cli-graph000001","errorUrl":null,"groupMembershipClaims":null,"homepage":"http://cli-graph000001","identifierUris":["http://cli-graph000001"],"informationalUrls":{"termsOfService":null,"support":null,"privacy":null,"marketing":null},"isDeviceOnlyAuthSupported":null,"keyCredentials":[],"knownClientApplications":[],"logoutUrl":null,"logo@odata.mediaEditLink":"directoryObjects/e55718ac-2935-4099-b3b1-abb0990af03c/Microsoft.DirectoryServices.Application/logo","logoUrl":null,"mainLogo@odata.mediaEditLink":"directoryObjects/e55718ac-2935-4099-b3b1-abb0990af03c/Microsoft.DirectoryServices.Application/mainLogo","oauth2AllowIdTokenImplicitFlow":true,"oauth2AllowImplicitFlow":false,"oauth2AllowUrlPathMatching":false,"oauth2Permissions":[{"adminConsentDescription":"Allow
        the application to access cli-graph000001 on behalf of the signed-in user.","adminConsentDisplayName":"Access
        cli-graph000001","id":"a523d9d1-8a80-4a09-b8a4-cf8931a46895","isEnabled":true,"type":"User","userConsentDescription":"Allow
        the application to access cli-graph000001 on your behalf.","userConsentDisplayName":"Access
        cli-graph000001","value":"user_impersonation"}],"oauth2RequirePostResponse":false,"optionalClaims":null,"orgRestrictions":[],"parentalControlSettings":{"countriesBlockedForMinors":[],"legalAgeGroupRule":"Allow"},"passwordCredentials":[{"customKeyIdentifier":null,"endDate":"2021-06-10T21:52:11.549894Z","keyId":"e61d4317-0cc5-43fa-9b81-ce427f660956","startDate":"2019-06-10T21:52:11.549894Z","value":null}],"publicClient":null,"publisherDomain":"AzureSDKTeam.onmicrosoft.com","recordConsentConditions":null,"replyUrls":["http://azureclitest-replyuri"],"requiredResourceAccess":[],"samlMetadataUrl":null,"signInAudience":"AzureADMyOrg","tokenEncryptionKeyId":null}]}'
    headers:
      access-control-allow-origin:
      - '*'
      cache-control:
      - no-cache
      content-length:
      - '2207'
      content-type:
      - application/json; odata=minimalmetadata; streaming=true; charset=utf-8
      dataserviceversion:
      - 3.0;
      date:
      - Mon, 10 Jun 2019 21:52:15 GMT
      duration:
      - '740494'
      expires:
      - '-1'
      ocp-aad-diagnostics-server-name:
      - BOyHBDAxSIKAYJlLPcX4gbSnf6edPNykjDKKitPiTVQ=
      ocp-aad-session-key:
      - 0wZMgGBpOYUcL2zz3Ru1ztxeYyiaWjFQvoOeCFcPsPuGNfycs7JdibhQ9NrEcs90T0HWw4D73D9m8Vg0t24e6lJxtV1Q12IyDaRqhngdTSgrkroL7yOPq_GEGWLjGVYW4a7TG0z2qlAqIC8Dv-JwiA.QOJYq-k6U4waR4y-UzUYFVYTO2dd-ZGwN0FxHS6VwrY
      pragma:
      - no-cache
      request-id:
      - 2bab28fb-f0b9-4f48-b95a-bb2e9969ed9b
      strict-transport-security:
      - max-age=31536000; includeSubDomains
      x-aspnet-version:
      - 4.0.30319
      x-ms-dirapi-data-contract-version:
      - '1.6'
      x-powered-by:
      - ASP.NET
    status:
      code: 200
      message: OK
- request:
    body: null
    headers:
      Accept:
      - application/json
      Accept-Encoding:
      - gzip, deflate
      CommandName:
      - ad app show
      Connection:
      - keep-alive
      ParameterSetName:
      - --id
      User-Agent:
      - python/3.5.4 (Windows-10-10.0.17763-SP0) msrest/0.6.6 msrest_azure/0.6.0 azure-graphrbac/0.60.0
        Azure-SDK-For-Python AZURECLI/2.0.66
      accept-language:
      - en-US
    method: GET
    uri: https://graph.windows.net/00000000-0000-0000-0000-000000000000/applications/e55718ac-2935-4099-b3b1-abb0990af03c?api-version=1.6
  response:
    body:
      string: '{"odata.metadata":"https://graph.windows.net/00000000-0000-0000-0000-000000000000/$metadata#directoryObjects/@Element","odata.type":"Microsoft.DirectoryServices.Application","objectType":"Application","objectId":"e55718ac-2935-4099-b3b1-abb0990af03c","deletionTimestamp":null,"acceptMappedClaims":null,"addIns":[],"appId":"ec91b105-d962-4bb8-9fc0-906da33b6324","applicationTemplateId":null,"appRoles":[],"availableToOtherTenants":false,"displayName":"cli-graph000001","errorUrl":null,"groupMembershipClaims":null,"homepage":"http://cli-graph000001","identifierUris":["http://cli-graph000001"],"informationalUrls":{"termsOfService":null,"support":null,"privacy":null,"marketing":null},"isDeviceOnlyAuthSupported":null,"keyCredentials":[],"knownClientApplications":[],"logoutUrl":null,"logo@odata.mediaEditLink":"directoryObjects/e55718ac-2935-4099-b3b1-abb0990af03c/Microsoft.DirectoryServices.Application/logo","logoUrl":null,"mainLogo@odata.mediaEditLink":"directoryObjects/e55718ac-2935-4099-b3b1-abb0990af03c/Microsoft.DirectoryServices.Application/mainLogo","oauth2AllowIdTokenImplicitFlow":true,"oauth2AllowImplicitFlow":false,"oauth2AllowUrlPathMatching":false,"oauth2Permissions":[{"adminConsentDescription":"Allow
        the application to access cli-graph000001 on behalf of the signed-in user.","adminConsentDisplayName":"Access
        cli-graph000001","id":"a523d9d1-8a80-4a09-b8a4-cf8931a46895","isEnabled":true,"type":"User","userConsentDescription":"Allow
        the application to access cli-graph000001 on your behalf.","userConsentDisplayName":"Access
        cli-graph000001","value":"user_impersonation"}],"oauth2RequirePostResponse":false,"optionalClaims":null,"orgRestrictions":[],"parentalControlSettings":{"countriesBlockedForMinors":[],"legalAgeGroupRule":"Allow"},"passwordCredentials":[{"customKeyIdentifier":null,"endDate":"2021-06-10T21:52:11.549894Z","keyId":"e61d4317-0cc5-43fa-9b81-ce427f660956","startDate":"2019-06-10T21:52:11.549894Z","value":null}],"publicClient":null,"publisherDomain":"AzureSDKTeam.onmicrosoft.com","recordConsentConditions":null,"replyUrls":["http://azureclitest-replyuri"],"requiredResourceAccess":[],"samlMetadataUrl":null,"signInAudience":"AzureADMyOrg","tokenEncryptionKeyId":null}'
    headers:
      access-control-allow-origin:
      - '*'
      cache-control:
      - no-cache
      content-length:
      - '2204'
      content-type:
      - application/json; odata=minimalmetadata; streaming=true; charset=utf-8
      dataserviceversion:
      - 3.0;
      date:
      - Mon, 10 Jun 2019 21:52:15 GMT
      duration:
      - '850613'
      expires:
      - '-1'
      ocp-aad-diagnostics-server-name:
      - IzxFlPMFduzqKtZga1KDCE1a7182L8epCq32WdJKL+E=
      ocp-aad-session-key:
      - szNdPslGQaotQh5GiQYmo4atjgHFDhQGBmSztN6s3cK6O9SoMx3_6d5aT_lSxHlLZ_WITVrPDSt6OgBasnnOqzKZW-fLDUbeVZI09bfSIXtd3G8OtvSuz_qySQJhRjNIQDoLjimLZ5AtzjupQvMySw.EdmejQj_B9pz_SQUdnwxyCe1Es6_kj6S67u6ZdoNbtU
      pragma:
      - no-cache
      request-id:
      - c46192db-d39b-4bcd-a53f-65c02dcb929e
      strict-transport-security:
      - max-age=31536000; includeSubDomains
      x-aspnet-version:
      - 4.0.30319
      x-ms-dirapi-data-contract-version:
      - '1.6'
      x-powered-by:
      - ASP.NET
    status:
      code: 200
      message: OK
- request:
    body: null
    headers:
      Accept:
      - application/json
      Accept-Encoding:
      - gzip, deflate
      CommandName:
      - ad app update
      Connection:
      - keep-alive
      ParameterSetName:
      - --id --set
      User-Agent:
      - python/3.5.4 (Windows-10-10.0.17763-SP0) msrest/0.6.6 msrest_azure/0.6.0 azure-graphrbac/0.60.0
        Azure-SDK-For-Python AZURECLI/2.0.66
      accept-language:
      - en-US
    method: GET
    uri: https://graph.windows.net/00000000-0000-0000-0000-000000000000/applications?api-version=1.6&$filter=identifierUris%2Fany%28s%3As%20eq%20%27http%3A%2F%2Fcli-graph000001%27%29
  response:
    body:
      string: '{"odata.metadata":"https://graph.windows.net/00000000-0000-0000-0000-000000000000/$metadata#directoryObjects","value":[{"odata.type":"Microsoft.DirectoryServices.Application","objectType":"Application","objectId":"e55718ac-2935-4099-b3b1-abb0990af03c","deletionTimestamp":null,"acceptMappedClaims":null,"addIns":[],"appId":"ec91b105-d962-4bb8-9fc0-906da33b6324","applicationTemplateId":null,"appRoles":[],"availableToOtherTenants":false,"displayName":"cli-graph000001","errorUrl":null,"groupMembershipClaims":null,"homepage":"http://cli-graph000001","identifierUris":["http://cli-graph000001"],"informationalUrls":{"termsOfService":null,"support":null,"privacy":null,"marketing":null},"isDeviceOnlyAuthSupported":null,"keyCredentials":[],"knownClientApplications":[],"logoutUrl":null,"logo@odata.mediaEditLink":"directoryObjects/e55718ac-2935-4099-b3b1-abb0990af03c/Microsoft.DirectoryServices.Application/logo","logoUrl":null,"mainLogo@odata.mediaEditLink":"directoryObjects/e55718ac-2935-4099-b3b1-abb0990af03c/Microsoft.DirectoryServices.Application/mainLogo","oauth2AllowIdTokenImplicitFlow":true,"oauth2AllowImplicitFlow":false,"oauth2AllowUrlPathMatching":false,"oauth2Permissions":[{"adminConsentDescription":"Allow
        the application to access cli-graph000001 on behalf of the signed-in user.","adminConsentDisplayName":"Access
        cli-graph000001","id":"a523d9d1-8a80-4a09-b8a4-cf8931a46895","isEnabled":true,"type":"User","userConsentDescription":"Allow
        the application to access cli-graph000001 on your behalf.","userConsentDisplayName":"Access
        cli-graph000001","value":"user_impersonation"}],"oauth2RequirePostResponse":false,"optionalClaims":null,"orgRestrictions":[],"parentalControlSettings":{"countriesBlockedForMinors":[],"legalAgeGroupRule":"Allow"},"passwordCredentials":[{"customKeyIdentifier":null,"endDate":"2021-06-10T21:52:11.549894Z","keyId":"e61d4317-0cc5-43fa-9b81-ce427f660956","startDate":"2019-06-10T21:52:11.549894Z","value":null}],"publicClient":null,"publisherDomain":"AzureSDKTeam.onmicrosoft.com","recordConsentConditions":null,"replyUrls":["http://azureclitest-replyuri"],"requiredResourceAccess":[],"samlMetadataUrl":null,"signInAudience":"AzureADMyOrg","tokenEncryptionKeyId":null}]}'
    headers:
      access-control-allow-origin:
      - '*'
      cache-control:
      - no-cache
      content-length:
      - '2207'
      content-type:
      - application/json; odata=minimalmetadata; streaming=true; charset=utf-8
      dataserviceversion:
      - 3.0;
      date:
      - Mon, 10 Jun 2019 21:52:15 GMT
      duration:
      - '596926'
      expires:
      - '-1'
      ocp-aad-diagnostics-server-name:
      - 27ZEr0h18RCw5oe/AROzipmgItY/LYG5YIwwA5EOEKk=
      ocp-aad-session-key:
      - vjhKo4JoCWKQMeVyBj2RrcFfFYy0Y8GZFJA1Z61MMvRuK7ti6Bho5BnuaDWehhcBvH3wamcrAROZahBQrCEWi5yjJ0gpxzLF8kowfux70Xc9u0CUw5WD9WCsGcFLdIuCOfka51w46XjNtkf6-FVEWA.igDvxXK34ULTrU6G3g0f0BPyeszu-DxVVMmlUvLYaS8
      pragma:
      - no-cache
      request-id:
      - 42d5c850-d05e-40dc-96c7-fc309f674e2b
      strict-transport-security:
      - max-age=31536000; includeSubDomains
      x-aspnet-version:
      - 4.0.30319
      x-ms-dirapi-data-contract-version:
      - '1.6'
      x-powered-by:
      - ASP.NET
    status:
      code: 200
      message: OK
- request:
    body: null
    headers:
      Accept:
      - application/json
      Accept-Encoding:
      - gzip, deflate
      CommandName:
      - ad app update
      Connection:
      - keep-alive
      ParameterSetName:
      - --id --set
      User-Agent:
      - python/3.5.4 (Windows-10-10.0.17763-SP0) msrest/0.6.6 msrest_azure/0.6.0 azure-graphrbac/0.60.0
        Azure-SDK-For-Python AZURECLI/2.0.66
      accept-language:
      - en-US
    method: GET
    uri: https://graph.windows.net/00000000-0000-0000-0000-000000000000/applications/e55718ac-2935-4099-b3b1-abb0990af03c?api-version=1.6
  response:
    body:
      string: '{"odata.metadata":"https://graph.windows.net/00000000-0000-0000-0000-000000000000/$metadata#directoryObjects/@Element","odata.type":"Microsoft.DirectoryServices.Application","objectType":"Application","objectId":"e55718ac-2935-4099-b3b1-abb0990af03c","deletionTimestamp":null,"acceptMappedClaims":null,"addIns":[],"appId":"ec91b105-d962-4bb8-9fc0-906da33b6324","applicationTemplateId":null,"appRoles":[],"availableToOtherTenants":false,"displayName":"cli-graph000001","errorUrl":null,"groupMembershipClaims":null,"homepage":"http://cli-graph000001","identifierUris":["http://cli-graph000001"],"informationalUrls":{"termsOfService":null,"support":null,"privacy":null,"marketing":null},"isDeviceOnlyAuthSupported":null,"keyCredentials":[],"knownClientApplications":[],"logoutUrl":null,"logo@odata.mediaEditLink":"directoryObjects/e55718ac-2935-4099-b3b1-abb0990af03c/Microsoft.DirectoryServices.Application/logo","logoUrl":null,"mainLogo@odata.mediaEditLink":"directoryObjects/e55718ac-2935-4099-b3b1-abb0990af03c/Microsoft.DirectoryServices.Application/mainLogo","oauth2AllowIdTokenImplicitFlow":true,"oauth2AllowImplicitFlow":false,"oauth2AllowUrlPathMatching":false,"oauth2Permissions":[{"adminConsentDescription":"Allow
        the application to access cli-graph000001 on behalf of the signed-in user.","adminConsentDisplayName":"Access
        cli-graph000001","id":"a523d9d1-8a80-4a09-b8a4-cf8931a46895","isEnabled":true,"type":"User","userConsentDescription":"Allow
        the application to access cli-graph000001 on your behalf.","userConsentDisplayName":"Access
        cli-graph000001","value":"user_impersonation"}],"oauth2RequirePostResponse":false,"optionalClaims":null,"orgRestrictions":[],"parentalControlSettings":{"countriesBlockedForMinors":[],"legalAgeGroupRule":"Allow"},"passwordCredentials":[{"customKeyIdentifier":null,"endDate":"2021-06-10T21:52:11.549894Z","keyId":"e61d4317-0cc5-43fa-9b81-ce427f660956","startDate":"2019-06-10T21:52:11.549894Z","value":null}],"publicClient":null,"publisherDomain":"AzureSDKTeam.onmicrosoft.com","recordConsentConditions":null,"replyUrls":["http://azureclitest-replyuri"],"requiredResourceAccess":[],"samlMetadataUrl":null,"signInAudience":"AzureADMyOrg","tokenEncryptionKeyId":null}'
    headers:
      access-control-allow-origin:
      - '*'
      cache-control:
      - no-cache
      content-length:
      - '2204'
      content-type:
      - application/json; odata=minimalmetadata; streaming=true; charset=utf-8
      dataserviceversion:
      - 3.0;
      date:
      - Mon, 10 Jun 2019 21:52:15 GMT
      duration:
      - '561782'
      expires:
      - '-1'
      ocp-aad-diagnostics-server-name:
      - uCCQbpgVHNC8rue1lL9wVVx/oAWeG8jNKc51+E8x6H4=
      ocp-aad-session-key:
      - GxhT_LwY589SV1anEUKsAz8xMr3w5c-80FB27z6RheShNW-mz98p6z2qPftdkagTA7Y3v-vr_68KMeAppUSBlWcpbSWY6VrRTgFKRGKtxiVB5uMzyl4O6Yb09By1rpFda_GiwtjOO9qKpUh-DNf93A.L130PQB43PJT0DdvNiG_qEqXMC8icjcZE6XbUNv4zBE
      pragma:
      - no-cache
      request-id:
      - 3173c830-4009-49ce-9e05-1e6e8e8f007e
      strict-transport-security:
      - max-age=31536000; includeSubDomains
      x-aspnet-version:
      - 4.0.30319
      x-ms-dirapi-data-contract-version:
      - '1.6'
      x-powered-by:
      - ASP.NET
    status:
      code: 200
      message: OK
- request:
    body: null
    headers:
      Accept:
      - application/json
      Accept-Encoding:
      - gzip, deflate
      CommandName:
      - ad app update
      Connection:
      - keep-alive
      ParameterSetName:
      - --id --set
      User-Agent:
      - python/3.5.4 (Windows-10-10.0.17763-SP0) msrest/0.6.6 msrest_azure/0.6.0 azure-graphrbac/0.60.0
        Azure-SDK-For-Python AZURECLI/2.0.66
      accept-language:
      - en-US
    method: GET
    uri: https://graph.windows.net/00000000-0000-0000-0000-000000000000/applications?api-version=1.6&$filter=identifierUris%2Fany%28s%3As%20eq%20%27http%3A%2F%2Fcli-graph000001%27%29
  response:
    body:
      string: '{"odata.metadata":"https://graph.windows.net/00000000-0000-0000-0000-000000000000/$metadata#directoryObjects","value":[{"odata.type":"Microsoft.DirectoryServices.Application","objectType":"Application","objectId":"e55718ac-2935-4099-b3b1-abb0990af03c","deletionTimestamp":null,"acceptMappedClaims":null,"addIns":[],"appId":"ec91b105-d962-4bb8-9fc0-906da33b6324","applicationTemplateId":null,"appRoles":[],"availableToOtherTenants":false,"displayName":"cli-graph000001","errorUrl":null,"groupMembershipClaims":null,"homepage":"http://cli-graph000001","identifierUris":["http://cli-graph000001"],"informationalUrls":{"termsOfService":null,"support":null,"privacy":null,"marketing":null},"isDeviceOnlyAuthSupported":null,"keyCredentials":[],"knownClientApplications":[],"logoutUrl":null,"logo@odata.mediaEditLink":"directoryObjects/e55718ac-2935-4099-b3b1-abb0990af03c/Microsoft.DirectoryServices.Application/logo","logoUrl":null,"mainLogo@odata.mediaEditLink":"directoryObjects/e55718ac-2935-4099-b3b1-abb0990af03c/Microsoft.DirectoryServices.Application/mainLogo","oauth2AllowIdTokenImplicitFlow":true,"oauth2AllowImplicitFlow":false,"oauth2AllowUrlPathMatching":false,"oauth2Permissions":[{"adminConsentDescription":"Allow
        the application to access cli-graph000001 on behalf of the signed-in user.","adminConsentDisplayName":"Access
        cli-graph000001","id":"a523d9d1-8a80-4a09-b8a4-cf8931a46895","isEnabled":true,"type":"User","userConsentDescription":"Allow
        the application to access cli-graph000001 on your behalf.","userConsentDisplayName":"Access
        cli-graph000001","value":"user_impersonation"}],"oauth2RequirePostResponse":false,"optionalClaims":null,"orgRestrictions":[],"parentalControlSettings":{"countriesBlockedForMinors":[],"legalAgeGroupRule":"Allow"},"passwordCredentials":[{"customKeyIdentifier":null,"endDate":"2021-06-10T21:52:11.549894Z","keyId":"e61d4317-0cc5-43fa-9b81-ce427f660956","startDate":"2019-06-10T21:52:11.549894Z","value":null}],"publicClient":null,"publisherDomain":"AzureSDKTeam.onmicrosoft.com","recordConsentConditions":null,"replyUrls":["http://azureclitest-replyuri"],"requiredResourceAccess":[],"samlMetadataUrl":null,"signInAudience":"AzureADMyOrg","tokenEncryptionKeyId":null}]}'
    headers:
      access-control-allow-origin:
      - '*'
      cache-control:
      - no-cache
      content-length:
      - '2207'
      content-type:
      - application/json; odata=minimalmetadata; streaming=true; charset=utf-8
      dataserviceversion:
      - 3.0;
      date:
      - Mon, 10 Jun 2019 21:52:15 GMT
      duration:
      - '750994'
      expires:
      - '-1'
      ocp-aad-diagnostics-server-name:
      - BaUpzbcpe8CsfbLiSVe623GjwTzlV5c+gfKgkBtBCJY=
      ocp-aad-session-key:
      - j7tLok3xvg3APQhpGy_LkqpjYNIaKcat-1gGQDHjLS6Z_UtEqTsIqep2O1B-5tBa7y2FqgRQG2BQsVLylIZ-ENzxxlwpxl9Fo7YnO32vCeW6Qxn9OtAJXOp6zOxITRNS2hYJM-9-yG2-IihRzAiGfg.dtB7JA1h1z4cIIvO5NEVM570E1HAzzAr-57O0j4jFb8
      pragma:
      - no-cache
      request-id:
      - aca64ef0-8ef3-465b-aa94-856d2a2e1c6c
      strict-transport-security:
      - max-age=31536000; includeSubDomains
      x-aspnet-version:
      - 4.0.30319
      x-ms-dirapi-data-contract-version:
      - '1.6'
      x-powered-by:
      - ASP.NET
    status:
      code: 200
      message: OK
- request:
    body: 'b''{"publisherDomain": "AzureSDKTeam.onmicrosoft.com", "oauth2RequirePostResponse":
      false, "appRoles": [], "knownClientApplications": [], "requiredResourceAccess":
      [], "informationalUrls": {}, "displayName": "cli-graph000001", "oauth2Permissions":
      [{"userConsentDisplayName": "Access cli-graph000001", "adminConsentDescription":
      "Allow the application to access cli-graph000001 on behalf of the signed-in
      user.", "type": "User", "value": "user_impersonation", "id": "a523d9d1-8a80-4a09-b8a4-cf8931a46895",
      "isEnabled": true, "adminConsentDisplayName": "Access cli-graph000001", "userConsentDescription":
      "Allow the application to access cli-graph000001 on your behalf."}], "homepage":
      "http://cli-graph000001", "oauth2AllowUrlPathMatching": true, "signInAudience":
      "AzureADMyOrg", "orgRestrictions": []}'''
    headers:
      Accept:
      - application/json
      Accept-Encoding:
      - gzip, deflate
      CommandName:
      - ad app update
      Connection:
      - keep-alive
      Content-Length:
      - '794'
      Content-Type:
      - application/json; charset=utf-8
      ParameterSetName:
      - --id --set
      User-Agent:
      - python/3.5.4 (Windows-10-10.0.17763-SP0) msrest/0.6.6 msrest_azure/0.6.0 azure-graphrbac/0.60.0
        Azure-SDK-For-Python AZURECLI/2.0.66
      accept-language:
      - en-US
    method: PATCH
    uri: https://graph.windows.net/00000000-0000-0000-0000-000000000000/applications/e55718ac-2935-4099-b3b1-abb0990af03c?api-version=1.6
  response:
    body:
      string: ''
    headers:
      access-control-allow-origin:
      - '*'
      cache-control:
      - no-cache
      date:
      - Mon, 10 Jun 2019 21:52:15 GMT
      duration:
      - '1935434'
      expires:
      - '-1'
      ocp-aad-diagnostics-server-name:
      - qbLQHeemSYnF6GFzxWPxyco92r/HwDdCBwNHurdokdI=
      ocp-aad-session-key:
      - W0Jf2RuuqNyJQJsaeP7BppMfsuRJGHvbV8UZMLLi0120rsN5OCWbTPM2uCY_rB049dQpKs_gXngx_6TLaSEcpY30vVxf5jfn62kdOSR8iVwHbrsumcjcOJdJOQdVTGN0tRU9VuSYzX95PT5dnh86IA.u8Tf1alq-A_2rOZ9bm9FweKX5NXNqlYLCEbyS9x-0QE
      pragma:
      - no-cache
      request-id:
      - 90a827d5-d786-4f87-9885-6e975dbb7cdd
      strict-transport-security:
      - max-age=31536000; includeSubDomains
      x-aspnet-version:
      - 4.0.30319
      x-ms-dirapi-data-contract-version:
      - '1.6'
      x-powered-by:
      - ASP.NET
    status:
      code: 204
      message: No Content
- request:
    body: null
    headers:
      Accept:
      - application/json
      Accept-Encoding:
      - gzip, deflate
      CommandName:
      - ad app show
      Connection:
      - keep-alive
      ParameterSetName:
      - --id
      User-Agent:
      - python/3.5.4 (Windows-10-10.0.17763-SP0) msrest/0.6.6 msrest_azure/0.6.0 azure-graphrbac/0.60.0
        Azure-SDK-For-Python AZURECLI/2.0.66
      accept-language:
      - en-US
    method: GET
    uri: https://graph.windows.net/00000000-0000-0000-0000-000000000000/applications?api-version=1.6&$filter=identifierUris%2Fany%28s%3As%20eq%20%27http%3A%2F%2Fcli-graph000001%27%29
  response:
    body:
      string: '{"odata.metadata":"https://graph.windows.net/00000000-0000-0000-0000-000000000000/$metadata#directoryObjects","value":[{"odata.type":"Microsoft.DirectoryServices.Application","objectType":"Application","objectId":"e55718ac-2935-4099-b3b1-abb0990af03c","deletionTimestamp":null,"acceptMappedClaims":null,"addIns":[],"appId":"ec91b105-d962-4bb8-9fc0-906da33b6324","applicationTemplateId":null,"appRoles":[],"availableToOtherTenants":false,"displayName":"cli-graph000001","errorUrl":null,"groupMembershipClaims":null,"homepage":"http://cli-graph000001","identifierUris":["http://cli-graph000001"],"informationalUrls":{"termsOfService":null,"support":null,"privacy":null,"marketing":null},"isDeviceOnlyAuthSupported":null,"keyCredentials":[],"knownClientApplications":[],"logoutUrl":null,"logo@odata.mediaEditLink":"directoryObjects/e55718ac-2935-4099-b3b1-abb0990af03c/Microsoft.DirectoryServices.Application/logo","logoUrl":null,"mainLogo@odata.mediaEditLink":"directoryObjects/e55718ac-2935-4099-b3b1-abb0990af03c/Microsoft.DirectoryServices.Application/mainLogo","oauth2AllowIdTokenImplicitFlow":true,"oauth2AllowImplicitFlow":false,"oauth2AllowUrlPathMatching":true,"oauth2Permissions":[{"adminConsentDescription":"Allow
        the application to access cli-graph000001 on behalf of the signed-in user.","adminConsentDisplayName":"Access
        cli-graph000001","id":"a523d9d1-8a80-4a09-b8a4-cf8931a46895","isEnabled":true,"type":"User","userConsentDescription":"Allow
        the application to access cli-graph000001 on your behalf.","userConsentDisplayName":"Access
        cli-graph000001","value":"user_impersonation"}],"oauth2RequirePostResponse":false,"optionalClaims":null,"orgRestrictions":[],"parentalControlSettings":{"countriesBlockedForMinors":[],"legalAgeGroupRule":"Allow"},"passwordCredentials":[{"customKeyIdentifier":null,"endDate":"2021-06-10T21:52:11.549894Z","keyId":"e61d4317-0cc5-43fa-9b81-ce427f660956","startDate":"2019-06-10T21:52:11.549894Z","value":null}],"publicClient":null,"publisherDomain":"AzureSDKTeam.onmicrosoft.com","recordConsentConditions":null,"replyUrls":["http://azureclitest-replyuri"],"requiredResourceAccess":[],"samlMetadataUrl":null,"signInAudience":"AzureADMyOrg","tokenEncryptionKeyId":null}]}'
    headers:
      access-control-allow-origin:
      - '*'
      cache-control:
      - no-cache
      content-length:
      - '2206'
      content-type:
      - application/json; odata=minimalmetadata; streaming=true; charset=utf-8
      dataserviceversion:
      - 3.0;
      date:
      - Mon, 10 Jun 2019 21:52:16 GMT
      duration:
      - '703659'
      expires:
      - '-1'
      ocp-aad-diagnostics-server-name:
      - YCeo6veNZzyqH4rqbg7XRrujjIhZ2D1Pk7fkPTQFub8=
      ocp-aad-session-key:
      - vkriR7l7QWG4yJbzN-Hv6ZWUcRVdVWMdTC0w0ush77f7-TVnQhGLlwtIBvC2FWHHJ0SYmLuASf4IAitpSQXnKE5-0VVFujw66HwibrKDwVfycV4tIuD7Zjm3HGKzxc8o-Vlm2mJ51gsi000pJh1Tpw.c5qs4HXy6QV6wMyXuVILqqFVosePN8bnOYRsTV4YpQI
      pragma:
      - no-cache
      request-id:
      - 63bec99c-19ff-439e-9c5e-663cc8d77785
      strict-transport-security:
      - max-age=31536000; includeSubDomains
      x-aspnet-version:
      - 4.0.30319
      x-ms-dirapi-data-contract-version:
      - '1.6'
      x-powered-by:
      - ASP.NET
    status:
      code: 200
      message: OK
- request:
    body: null
    headers:
      Accept:
      - application/json
      Accept-Encoding:
      - gzip, deflate
      CommandName:
      - ad app show
      Connection:
      - keep-alive
      ParameterSetName:
      - --id
      User-Agent:
      - python/3.5.4 (Windows-10-10.0.17763-SP0) msrest/0.6.6 msrest_azure/0.6.0 azure-graphrbac/0.60.0
        Azure-SDK-For-Python AZURECLI/2.0.66
      accept-language:
      - en-US
    method: GET
    uri: https://graph.windows.net/00000000-0000-0000-0000-000000000000/applications/e55718ac-2935-4099-b3b1-abb0990af03c?api-version=1.6
  response:
    body:
      string: '{"odata.metadata":"https://graph.windows.net/00000000-0000-0000-0000-000000000000/$metadata#directoryObjects/@Element","odata.type":"Microsoft.DirectoryServices.Application","objectType":"Application","objectId":"e55718ac-2935-4099-b3b1-abb0990af03c","deletionTimestamp":null,"acceptMappedClaims":null,"addIns":[],"appId":"ec91b105-d962-4bb8-9fc0-906da33b6324","applicationTemplateId":null,"appRoles":[],"availableToOtherTenants":false,"displayName":"cli-graph000001","errorUrl":null,"groupMembershipClaims":null,"homepage":"http://cli-graph000001","identifierUris":["http://cli-graph000001"],"informationalUrls":{"termsOfService":null,"support":null,"privacy":null,"marketing":null},"isDeviceOnlyAuthSupported":null,"keyCredentials":[],"knownClientApplications":[],"logoutUrl":null,"logo@odata.mediaEditLink":"directoryObjects/e55718ac-2935-4099-b3b1-abb0990af03c/Microsoft.DirectoryServices.Application/logo","logoUrl":null,"mainLogo@odata.mediaEditLink":"directoryObjects/e55718ac-2935-4099-b3b1-abb0990af03c/Microsoft.DirectoryServices.Application/mainLogo","oauth2AllowIdTokenImplicitFlow":true,"oauth2AllowImplicitFlow":false,"oauth2AllowUrlPathMatching":true,"oauth2Permissions":[{"adminConsentDescription":"Allow
        the application to access cli-graph000001 on behalf of the signed-in user.","adminConsentDisplayName":"Access
        cli-graph000001","id":"a523d9d1-8a80-4a09-b8a4-cf8931a46895","isEnabled":true,"type":"User","userConsentDescription":"Allow
        the application to access cli-graph000001 on your behalf.","userConsentDisplayName":"Access
        cli-graph000001","value":"user_impersonation"}],"oauth2RequirePostResponse":false,"optionalClaims":null,"orgRestrictions":[],"parentalControlSettings":{"countriesBlockedForMinors":[],"legalAgeGroupRule":"Allow"},"passwordCredentials":[{"customKeyIdentifier":null,"endDate":"2021-06-10T21:52:11.549894Z","keyId":"e61d4317-0cc5-43fa-9b81-ce427f660956","startDate":"2019-06-10T21:52:11.549894Z","value":null}],"publicClient":null,"publisherDomain":"AzureSDKTeam.onmicrosoft.com","recordConsentConditions":null,"replyUrls":["http://azureclitest-replyuri"],"requiredResourceAccess":[],"samlMetadataUrl":null,"signInAudience":"AzureADMyOrg","tokenEncryptionKeyId":null}'
    headers:
      access-control-allow-origin:
      - '*'
      cache-control:
      - no-cache
      content-length:
      - '2203'
      content-type:
      - application/json; odata=minimalmetadata; streaming=true; charset=utf-8
      dataserviceversion:
      - 3.0;
      date:
      - Mon, 10 Jun 2019 21:52:16 GMT
      duration:
      - '558973'
      expires:
      - '-1'
      ocp-aad-diagnostics-server-name:
      - Gb2x7qjWXmcL1WXWw2JJMQYvUggHuquZ6MYO+AXjTx8=
      ocp-aad-session-key:
      - 4yxuC3BZMgXuzsb6m1vy5tRFiXlRIBVjOJcYCfgHz9gnsx8NvuKolnnSxSsjay6oHHAdpDXKCSWADT48w_k51kU_mK_12M5wyReKqLkWS76cz5Pn12-xY1mxyb1xy95VHRiichNCCmajeSHfhYZvWg.lc2VQDcm-EohYRyAhqUyggnboTzQrxx_Fdd20ICTBxM
      pragma:
      - no-cache
      request-id:
      - 52744dec-66c7-4291-bafc-f67e1e3fe251
      strict-transport-security:
      - max-age=31536000; includeSubDomains
      x-aspnet-version:
      - 4.0.30319
      x-ms-dirapi-data-contract-version:
      - '1.6'
      x-powered-by:
      - ASP.NET
    status:
      code: 200
      message: OK
- request:
    body: null
    headers:
      Accept:
      - application/json
      Accept-Encoding:
      - gzip, deflate
      CommandName:
      - ad app update
      Connection:
      - keep-alive
      ParameterSetName:
      - --id --app-roles
      User-Agent:
      - python/3.5.4 (Windows-10-10.0.17763-SP0) msrest/0.6.6 msrest_azure/0.6.0 azure-graphrbac/0.60.0
        Azure-SDK-For-Python AZURECLI/2.0.66
      accept-language:
      - en-US
    method: GET
    uri: https://graph.windows.net/00000000-0000-0000-0000-000000000000/applications?api-version=1.6&$filter=identifierUris%2Fany%28s%3As%20eq%20%27http%3A%2F%2Fcli-graph000001%27%29
  response:
    body:
      string: '{"odata.metadata":"https://graph.windows.net/00000000-0000-0000-0000-000000000000/$metadata#directoryObjects","value":[{"odata.type":"Microsoft.DirectoryServices.Application","objectType":"Application","objectId":"e55718ac-2935-4099-b3b1-abb0990af03c","deletionTimestamp":null,"acceptMappedClaims":null,"addIns":[],"appId":"ec91b105-d962-4bb8-9fc0-906da33b6324","applicationTemplateId":null,"appRoles":[],"availableToOtherTenants":false,"displayName":"cli-graph000001","errorUrl":null,"groupMembershipClaims":null,"homepage":"http://cli-graph000001","identifierUris":["http://cli-graph000001"],"informationalUrls":{"termsOfService":null,"support":null,"privacy":null,"marketing":null},"isDeviceOnlyAuthSupported":null,"keyCredentials":[],"knownClientApplications":[],"logoutUrl":null,"logo@odata.mediaEditLink":"directoryObjects/e55718ac-2935-4099-b3b1-abb0990af03c/Microsoft.DirectoryServices.Application/logo","logoUrl":null,"mainLogo@odata.mediaEditLink":"directoryObjects/e55718ac-2935-4099-b3b1-abb0990af03c/Microsoft.DirectoryServices.Application/mainLogo","oauth2AllowIdTokenImplicitFlow":true,"oauth2AllowImplicitFlow":false,"oauth2AllowUrlPathMatching":true,"oauth2Permissions":[{"adminConsentDescription":"Allow
        the application to access cli-graph000001 on behalf of the signed-in user.","adminConsentDisplayName":"Access
        cli-graph000001","id":"a523d9d1-8a80-4a09-b8a4-cf8931a46895","isEnabled":true,"type":"User","userConsentDescription":"Allow
        the application to access cli-graph000001 on your behalf.","userConsentDisplayName":"Access
        cli-graph000001","value":"user_impersonation"}],"oauth2RequirePostResponse":false,"optionalClaims":null,"orgRestrictions":[],"parentalControlSettings":{"countriesBlockedForMinors":[],"legalAgeGroupRule":"Allow"},"passwordCredentials":[{"customKeyIdentifier":null,"endDate":"2021-06-10T21:52:11.549894Z","keyId":"e61d4317-0cc5-43fa-9b81-ce427f660956","startDate":"2019-06-10T21:52:11.549894Z","value":null}],"publicClient":null,"publisherDomain":"AzureSDKTeam.onmicrosoft.com","recordConsentConditions":null,"replyUrls":["http://azureclitest-replyuri"],"requiredResourceAccess":[],"samlMetadataUrl":null,"signInAudience":"AzureADMyOrg","tokenEncryptionKeyId":null}]}'
    headers:
      access-control-allow-origin:
      - '*'
      cache-control:
      - no-cache
      content-length:
      - '2206'
      content-type:
      - application/json; odata=minimalmetadata; streaming=true; charset=utf-8
      dataserviceversion:
      - 3.0;
      date:
      - Mon, 10 Jun 2019 21:52:16 GMT
      duration:
      - '691413'
      expires:
      - '-1'
      ocp-aad-diagnostics-server-name:
      - ZGx5BTxWx3rJ0qV6fN7KouGYhLhktis4+Etrku5CN4A=
      ocp-aad-session-key:
      - F417RMJz6LAlEWqyHGl0Uqi65oa-6zS7330dK-yOH8ernVaRTY32WufBuV3VRlrJZg_AulKzkhrNqOQNTrAvOkwqYAT0gle_kQk5HhGc0opzaGLehMS7evbAHZQgSwflYk6qxq-VNRyNsHnhldYCUQ.NF2Ju_IsGHXYPyvU6wjFiG1MWhevSmkDc79JsCfN8KQ
      pragma:
      - no-cache
      request-id:
      - 0ca6842d-151e-4b3d-a667-38e7859d006f
      strict-transport-security:
      - max-age=31536000; includeSubDomains
      x-aspnet-version:
      - 4.0.30319
      x-ms-dirapi-data-contract-version:
      - '1.6'
      x-powered-by:
      - ASP.NET
    status:
      code: 200
      message: OK
- request:
    body: null
    headers:
      Accept:
      - application/json
      Accept-Encoding:
      - gzip, deflate
      CommandName:
      - ad app update
      Connection:
      - keep-alive
      ParameterSetName:
      - --id --app-roles
      User-Agent:
      - python/3.5.4 (Windows-10-10.0.17763-SP0) msrest/0.6.6 msrest_azure/0.6.0 azure-graphrbac/0.60.0
        Azure-SDK-For-Python AZURECLI/2.0.66
      accept-language:
      - en-US
    method: GET
    uri: https://graph.windows.net/00000000-0000-0000-0000-000000000000/applications/e55718ac-2935-4099-b3b1-abb0990af03c?api-version=1.6
  response:
    body:
      string: '{"odata.metadata":"https://graph.windows.net/00000000-0000-0000-0000-000000000000/$metadata#directoryObjects/@Element","odata.type":"Microsoft.DirectoryServices.Application","objectType":"Application","objectId":"e55718ac-2935-4099-b3b1-abb0990af03c","deletionTimestamp":null,"acceptMappedClaims":null,"addIns":[],"appId":"ec91b105-d962-4bb8-9fc0-906da33b6324","applicationTemplateId":null,"appRoles":[],"availableToOtherTenants":false,"displayName":"cli-graph000001","errorUrl":null,"groupMembershipClaims":null,"homepage":"http://cli-graph000001","identifierUris":["http://cli-graph000001"],"informationalUrls":{"termsOfService":null,"support":null,"privacy":null,"marketing":null},"isDeviceOnlyAuthSupported":null,"keyCredentials":[],"knownClientApplications":[],"logoutUrl":null,"logo@odata.mediaEditLink":"directoryObjects/e55718ac-2935-4099-b3b1-abb0990af03c/Microsoft.DirectoryServices.Application/logo","logoUrl":null,"mainLogo@odata.mediaEditLink":"directoryObjects/e55718ac-2935-4099-b3b1-abb0990af03c/Microsoft.DirectoryServices.Application/mainLogo","oauth2AllowIdTokenImplicitFlow":true,"oauth2AllowImplicitFlow":false,"oauth2AllowUrlPathMatching":true,"oauth2Permissions":[{"adminConsentDescription":"Allow
        the application to access cli-graph000001 on behalf of the signed-in user.","adminConsentDisplayName":"Access
        cli-graph000001","id":"a523d9d1-8a80-4a09-b8a4-cf8931a46895","isEnabled":true,"type":"User","userConsentDescription":"Allow
        the application to access cli-graph000001 on your behalf.","userConsentDisplayName":"Access
        cli-graph000001","value":"user_impersonation"}],"oauth2RequirePostResponse":false,"optionalClaims":null,"orgRestrictions":[],"parentalControlSettings":{"countriesBlockedForMinors":[],"legalAgeGroupRule":"Allow"},"passwordCredentials":[{"customKeyIdentifier":null,"endDate":"2021-06-10T21:52:11.549894Z","keyId":"e61d4317-0cc5-43fa-9b81-ce427f660956","startDate":"2019-06-10T21:52:11.549894Z","value":null}],"publicClient":null,"publisherDomain":"AzureSDKTeam.onmicrosoft.com","recordConsentConditions":null,"replyUrls":["http://azureclitest-replyuri"],"requiredResourceAccess":[],"samlMetadataUrl":null,"signInAudience":"AzureADMyOrg","tokenEncryptionKeyId":null}'
    headers:
      access-control-allow-origin:
      - '*'
      cache-control:
      - no-cache
      content-length:
      - '2203'
      content-type:
      - application/json; odata=minimalmetadata; streaming=true; charset=utf-8
      dataserviceversion:
      - 3.0;
      date:
      - Mon, 10 Jun 2019 21:52:17 GMT
      duration:
      - '864712'
      expires:
      - '-1'
      ocp-aad-diagnostics-server-name:
      - vPettSiUstOmmenKCofUY/RtXhXy1JLj54Gv/HPGCX8=
      ocp-aad-session-key:
      - ZW2M4CrVg0AQxtXTiYgI4fHEOKpI6-vsNRC5n0R9nQcgB_yrsP5-50oo0hRKbmnR7dFrOKHV2_yfkoB9RsB1_jJM4D1DU37Xwe_DsBuYc-kNvmKwr0A2g4GGkm0R9ybjZ81-bhqW3x-3uelhmKqh5Q.qbTPLCPHqRb_e-UDOPDQ03UEI26GZMBj1JEtXuhfQIY
      pragma:
      - no-cache
      request-id:
      - 0e7f3cf1-b235-48c2-9cb1-5bcc614f0e70
      strict-transport-security:
      - max-age=31536000; includeSubDomains
      x-aspnet-version:
      - 4.0.30319
      x-ms-dirapi-data-contract-version:
      - '1.6'
      x-powered-by:
      - ASP.NET
    status:
      code: 200
      message: OK
- request:
    body: null
    headers:
      Accept:
      - application/json
      Accept-Encoding:
      - gzip, deflate
      CommandName:
      - ad app update
      Connection:
      - keep-alive
      ParameterSetName:
      - --id --app-roles
      User-Agent:
      - python/3.5.4 (Windows-10-10.0.17763-SP0) msrest/0.6.6 msrest_azure/0.6.0 azure-graphrbac/0.60.0
        Azure-SDK-For-Python AZURECLI/2.0.66
      accept-language:
      - en-US
    method: GET
    uri: https://graph.windows.net/00000000-0000-0000-0000-000000000000/applications?api-version=1.6&$filter=identifierUris%2Fany%28s%3As%20eq%20%27http%3A%2F%2Fcli-graph000001%27%29
  response:
    body:
      string: '{"odata.metadata":"https://graph.windows.net/00000000-0000-0000-0000-000000000000/$metadata#directoryObjects","value":[{"odata.type":"Microsoft.DirectoryServices.Application","objectType":"Application","objectId":"e55718ac-2935-4099-b3b1-abb0990af03c","deletionTimestamp":null,"acceptMappedClaims":null,"addIns":[],"appId":"ec91b105-d962-4bb8-9fc0-906da33b6324","applicationTemplateId":null,"appRoles":[],"availableToOtherTenants":false,"displayName":"cli-graph000001","errorUrl":null,"groupMembershipClaims":null,"homepage":"http://cli-graph000001","identifierUris":["http://cli-graph000001"],"informationalUrls":{"termsOfService":null,"support":null,"privacy":null,"marketing":null},"isDeviceOnlyAuthSupported":null,"keyCredentials":[],"knownClientApplications":[],"logoutUrl":null,"logo@odata.mediaEditLink":"directoryObjects/e55718ac-2935-4099-b3b1-abb0990af03c/Microsoft.DirectoryServices.Application/logo","logoUrl":null,"mainLogo@odata.mediaEditLink":"directoryObjects/e55718ac-2935-4099-b3b1-abb0990af03c/Microsoft.DirectoryServices.Application/mainLogo","oauth2AllowIdTokenImplicitFlow":true,"oauth2AllowImplicitFlow":false,"oauth2AllowUrlPathMatching":true,"oauth2Permissions":[{"adminConsentDescription":"Allow
        the application to access cli-graph000001 on behalf of the signed-in user.","adminConsentDisplayName":"Access
        cli-graph000001","id":"a523d9d1-8a80-4a09-b8a4-cf8931a46895","isEnabled":true,"type":"User","userConsentDescription":"Allow
        the application to access cli-graph000001 on your behalf.","userConsentDisplayName":"Access
        cli-graph000001","value":"user_impersonation"}],"oauth2RequirePostResponse":false,"optionalClaims":null,"orgRestrictions":[],"parentalControlSettings":{"countriesBlockedForMinors":[],"legalAgeGroupRule":"Allow"},"passwordCredentials":[{"customKeyIdentifier":null,"endDate":"2021-06-10T21:52:11.549894Z","keyId":"e61d4317-0cc5-43fa-9b81-ce427f660956","startDate":"2019-06-10T21:52:11.549894Z","value":null}],"publicClient":null,"publisherDomain":"AzureSDKTeam.onmicrosoft.com","recordConsentConditions":null,"replyUrls":["http://azureclitest-replyuri"],"requiredResourceAccess":[],"samlMetadataUrl":null,"signInAudience":"AzureADMyOrg","tokenEncryptionKeyId":null}]}'
    headers:
      access-control-allow-origin:
      - '*'
      cache-control:
      - no-cache
      content-length:
      - '2206'
      content-type:
      - application/json; odata=minimalmetadata; streaming=true; charset=utf-8
      dataserviceversion:
      - 3.0;
      date:
      - Mon, 10 Jun 2019 21:52:17 GMT
      duration:
      - '576708'
      expires:
      - '-1'
      ocp-aad-diagnostics-server-name:
      - hpfDxhPDvpsezzM4Rl1qV9P5qcNnaUPXm6yGHqCYKyw=
      ocp-aad-session-key:
      - rznmImnsM2iLZo-8WkjUspKsCQGFUsUlsjfJiAWfnNKyX1sstoVOE95jRhq_ydAk4wJZdmsqbpY4FAs-5UfmOxBQ4AftmqwmYr7NBONJVhzAr_uKDJ5xsa5AqmE0t6QhNwMGt865_kjSBC40YeInIA.kPB3Jp-uF1ECxqtZvJr8UOHwfBGDkUqj8Ym5_0A9FsM
      pragma:
      - no-cache
      request-id:
      - 58109cc3-bbd2-46e9-bdf5-b7f20c91be0e
      strict-transport-security:
      - max-age=31536000; includeSubDomains
      x-aspnet-version:
      - 4.0.30319
      x-ms-dirapi-data-contract-version:
      - '1.6'
      x-powered-by:
      - ASP.NET
    status:
      code: 200
      message: OK
- request:
    body: 'b''{"publisherDomain": "AzureSDKTeam.onmicrosoft.com", "oauth2RequirePostResponse":
      false, "appRoles": [{"value": "approver", "id": "1050d7dc-28b9-4e2f-95c3-00f15540ce77",
      "isEnabled": true, "description": "Approvers can mark documents as approved",
      "allowedMemberTypes": ["User"], "displayName": "Approver"}], "knownClientApplications":
      [], "requiredResourceAccess": [], "informationalUrls": {}, "displayName": "cli-graph000001",
      "oauth2Permissions": [{"userConsentDisplayName": "Access cli-graph000001", "adminConsentDescription":
      "Allow the application to access cli-graph000001 on behalf of the signed-in
      user.", "type": "User", "value": "user_impersonation", "id": "a523d9d1-8a80-4a09-b8a4-cf8931a46895",
      "isEnabled": true, "adminConsentDisplayName": "Access cli-graph000001", "userConsentDescription":
      "Allow the application to access cli-graph000001 on your behalf."}], "homepage":
      "http://cli-graph000001", "oauth2AllowUrlPathMatching": true, "signInAudience":
      "AzureADMyOrg", "orgRestrictions": []}'''
    headers:
      Accept:
      - application/json
      Accept-Encoding:
      - gzip, deflate
      CommandName:
      - ad app update
      Connection:
      - keep-alive
      Content-Length:
      - '998'
      Content-Type:
      - application/json; charset=utf-8
      ParameterSetName:
      - --id --app-roles
      User-Agent:
      - python/3.5.4 (Windows-10-10.0.17763-SP0) msrest/0.6.6 msrest_azure/0.6.0 azure-graphrbac/0.60.0
        Azure-SDK-For-Python AZURECLI/2.0.66
      accept-language:
      - en-US
    method: PATCH
    uri: https://graph.windows.net/00000000-0000-0000-0000-000000000000/applications/e55718ac-2935-4099-b3b1-abb0990af03c?api-version=1.6
  response:
    body:
      string: ''
    headers:
      access-control-allow-origin:
      - '*'
      cache-control:
      - no-cache
      date:
      - Mon, 10 Jun 2019 21:52:17 GMT
      duration:
      - '1810087'
      expires:
      - '-1'
      ocp-aad-diagnostics-server-name:
      - 3tNvVkm/Zj7QKWAs1YPTXA5TJ87jXEFFrif+RYkOm5g=
      ocp-aad-session-key:
      - OjMyeKhOvd0BXAsUFLjpt6lMW-tYu14zQDFlLm-dGPu9gC-jRckOES3X0j8mjzTaSCR8seyMD4dg5hSVDwAQDM6SkJXmJ6_yghnKV5tLDAWlSwFNYrIszQD4y_HqJxNDD4XbnQ8l-ExMiaX_KViAHA.Fm565oArAM2BelRu5gOnbWg_ZGfNt8VtTsREJpxPC2E
      pragma:
      - no-cache
      request-id:
      - 8b24ab67-28c1-4381-82f1-389012117dee
      strict-transport-security:
      - max-age=31536000; includeSubDomains
      x-aspnet-version:
      - 4.0.30319
      x-ms-dirapi-data-contract-version:
      - '1.6'
      x-powered-by:
      - ASP.NET
    status:
      code: 204
      message: No Content
- request:
    body: null
    headers:
      Accept:
      - application/json
      Accept-Encoding:
      - gzip, deflate
      CommandName:
      - ad app show
      Connection:
      - keep-alive
      ParameterSetName:
      - --id
      User-Agent:
      - python/3.5.4 (Windows-10-10.0.17763-SP0) msrest/0.6.6 msrest_azure/0.6.0 azure-graphrbac/0.60.0
        Azure-SDK-For-Python AZURECLI/2.0.66
      accept-language:
      - en-US
    method: GET
    uri: https://graph.windows.net/00000000-0000-0000-0000-000000000000/applications?api-version=1.6&$filter=identifierUris%2Fany%28s%3As%20eq%20%27http%3A%2F%2Fcli-graph000001%27%29
  response:
    body:
      string: '{"odata.metadata":"https://graph.windows.net/00000000-0000-0000-0000-000000000000/$metadata#directoryObjects","value":[{"odata.type":"Microsoft.DirectoryServices.Application","objectType":"Application","objectId":"e55718ac-2935-4099-b3b1-abb0990af03c","deletionTimestamp":null,"acceptMappedClaims":null,"addIns":[],"appId":"ec91b105-d962-4bb8-9fc0-906da33b6324","applicationTemplateId":null,"appRoles":[{"allowedMemberTypes":["User"],"description":"Approvers
        can mark documents as approved","displayName":"Approver","id":"1050d7dc-28b9-4e2f-95c3-00f15540ce77","isEnabled":true,"value":"approver"}],"availableToOtherTenants":false,"displayName":"cli-graph000001","errorUrl":null,"groupMembershipClaims":null,"homepage":"http://cli-graph000001","identifierUris":["http://cli-graph000001"],"informationalUrls":{"termsOfService":null,"support":null,"privacy":null,"marketing":null},"isDeviceOnlyAuthSupported":null,"keyCredentials":[],"knownClientApplications":[],"logoutUrl":null,"logo@odata.mediaEditLink":"directoryObjects/e55718ac-2935-4099-b3b1-abb0990af03c/Microsoft.DirectoryServices.Application/logo","logoUrl":null,"mainLogo@odata.mediaEditLink":"directoryObjects/e55718ac-2935-4099-b3b1-abb0990af03c/Microsoft.DirectoryServices.Application/mainLogo","oauth2AllowIdTokenImplicitFlow":true,"oauth2AllowImplicitFlow":false,"oauth2AllowUrlPathMatching":true,"oauth2Permissions":[{"adminConsentDescription":"Allow
        the application to access cli-graph000001 on behalf of the signed-in user.","adminConsentDisplayName":"Access
        cli-graph000001","id":"a523d9d1-8a80-4a09-b8a4-cf8931a46895","isEnabled":true,"type":"User","userConsentDescription":"Allow
        the application to access cli-graph000001 on your behalf.","userConsentDisplayName":"Access
        cli-graph000001","value":"user_impersonation"}],"oauth2RequirePostResponse":false,"optionalClaims":null,"orgRestrictions":[],"parentalControlSettings":{"countriesBlockedForMinors":[],"legalAgeGroupRule":"Allow"},"passwordCredentials":[{"customKeyIdentifier":null,"endDate":"2021-06-10T21:52:11.549894Z","keyId":"e61d4317-0cc5-43fa-9b81-ce427f660956","startDate":"2019-06-10T21:52:11.549894Z","value":null}],"publicClient":null,"publisherDomain":"AzureSDKTeam.onmicrosoft.com","recordConsentConditions":null,"replyUrls":["http://azureclitest-replyuri"],"requiredResourceAccess":[],"samlMetadataUrl":null,"signInAudience":"AzureADMyOrg","tokenEncryptionKeyId":null}]}'
    headers:
      access-control-allow-origin:
      - '*'
      cache-control:
      - no-cache
      content-length:
      - '2399'
      content-type:
      - application/json; odata=minimalmetadata; streaming=true; charset=utf-8
      dataserviceversion:
      - 3.0;
      date:
      - Mon, 10 Jun 2019 21:52:17 GMT
      duration:
      - '1182899'
      expires:
      - '-1'
      ocp-aad-diagnostics-server-name:
      - DzJ2e5CztkKHhSce8klvDTBdpB/PMa/cnMPJ2Yh7x4s=
      ocp-aad-session-key:
      - f-WTlWCLOJkzPFcRGCCci1H-qKI8C4GuFx-kAOpnvvqsFN9lBenObXuCJVJ7AlUgy7rqygcRFkkNSB2ZnHEdYEn2aB57uA2tdv03Iyvy5QswxSVU4MSDgRDA0WIyc4tfJM_CrYH5Hz5LwGK_0U81yg.T9AWHlOtygBp28KKOk5adRHUbeOlq6zIOpB70guSsrA
      pragma:
      - no-cache
      request-id:
      - b4ed80f3-09bb-4dec-9d68-5a80276ecb17
      strict-transport-security:
      - max-age=31536000; includeSubDomains
      x-aspnet-version:
      - 4.0.30319
      x-ms-dirapi-data-contract-version:
      - '1.6'
      x-powered-by:
      - ASP.NET
    status:
      code: 200
      message: OK
- request:
    body: null
    headers:
      Accept:
      - application/json
      Accept-Encoding:
      - gzip, deflate
      CommandName:
      - ad app show
      Connection:
      - keep-alive
      ParameterSetName:
      - --id
      User-Agent:
      - python/3.5.4 (Windows-10-10.0.17763-SP0) msrest/0.6.6 msrest_azure/0.6.0 azure-graphrbac/0.60.0
        Azure-SDK-For-Python AZURECLI/2.0.66
      accept-language:
      - en-US
    method: GET
    uri: https://graph.windows.net/00000000-0000-0000-0000-000000000000/applications/e55718ac-2935-4099-b3b1-abb0990af03c?api-version=1.6
  response:
    body:
      string: '{"odata.metadata":"https://graph.windows.net/00000000-0000-0000-0000-000000000000/$metadata#directoryObjects/@Element","odata.type":"Microsoft.DirectoryServices.Application","objectType":"Application","objectId":"e55718ac-2935-4099-b3b1-abb0990af03c","deletionTimestamp":null,"acceptMappedClaims":null,"addIns":[],"appId":"ec91b105-d962-4bb8-9fc0-906da33b6324","applicationTemplateId":null,"appRoles":[{"allowedMemberTypes":["User"],"description":"Approvers
        can mark documents as approved","displayName":"Approver","id":"1050d7dc-28b9-4e2f-95c3-00f15540ce77","isEnabled":true,"value":"approver"}],"availableToOtherTenants":false,"displayName":"cli-graph000001","errorUrl":null,"groupMembershipClaims":null,"homepage":"http://cli-graph000001","identifierUris":["http://cli-graph000001"],"informationalUrls":{"termsOfService":null,"support":null,"privacy":null,"marketing":null},"isDeviceOnlyAuthSupported":null,"keyCredentials":[],"knownClientApplications":[],"logoutUrl":null,"logo@odata.mediaEditLink":"directoryObjects/e55718ac-2935-4099-b3b1-abb0990af03c/Microsoft.DirectoryServices.Application/logo","logoUrl":null,"mainLogo@odata.mediaEditLink":"directoryObjects/e55718ac-2935-4099-b3b1-abb0990af03c/Microsoft.DirectoryServices.Application/mainLogo","oauth2AllowIdTokenImplicitFlow":true,"oauth2AllowImplicitFlow":false,"oauth2AllowUrlPathMatching":true,"oauth2Permissions":[{"adminConsentDescription":"Allow
        the application to access cli-graph000001 on behalf of the signed-in user.","adminConsentDisplayName":"Access
        cli-graph000001","id":"a523d9d1-8a80-4a09-b8a4-cf8931a46895","isEnabled":true,"type":"User","userConsentDescription":"Allow
        the application to access cli-graph000001 on your behalf.","userConsentDisplayName":"Access
        cli-graph000001","value":"user_impersonation"}],"oauth2RequirePostResponse":false,"optionalClaims":null,"orgRestrictions":[],"parentalControlSettings":{"countriesBlockedForMinors":[],"legalAgeGroupRule":"Allow"},"passwordCredentials":[{"customKeyIdentifier":null,"endDate":"2021-06-10T21:52:11.549894Z","keyId":"e61d4317-0cc5-43fa-9b81-ce427f660956","startDate":"2019-06-10T21:52:11.549894Z","value":null}],"publicClient":null,"publisherDomain":"AzureSDKTeam.onmicrosoft.com","recordConsentConditions":null,"replyUrls":["http://azureclitest-replyuri"],"requiredResourceAccess":[],"samlMetadataUrl":null,"signInAudience":"AzureADMyOrg","tokenEncryptionKeyId":null}'
    headers:
      access-control-allow-origin:
      - '*'
      cache-control:
      - no-cache
      content-length:
      - '2396'
      content-type:
      - application/json; odata=minimalmetadata; streaming=true; charset=utf-8
      dataserviceversion:
      - 3.0;
      date:
      - Mon, 10 Jun 2019 21:52:18 GMT
      duration:
      - '883899'
      expires:
      - '-1'
      ocp-aad-diagnostics-server-name:
      - Y+zD48Ehiz4O0zsLgVLhmty83vCQXyE4/pJnc8xhwMg=
      ocp-aad-session-key:
      - va_KHYG1J0LsKuenWoojdgtTw8Ka2-guulttFN6tK2zOlN-nSFxPoR2AdNAePohhQth7GRjZFW3FFBZm-8zpq6NN0vp0OFVCm0F3jq4Dc4HsONQsJKQ16KTVOHACj3xSaZ1nNJxjpcD_zD1j-hJYMQ.8I0TahcbbQQhwjbACbx5k-RWWDj3Isd-Kfy_Nng05bs
      pragma:
      - no-cache
      request-id:
      - 17bed227-bcb8-4819-b394-ba6c438276c9
      strict-transport-security:
      - max-age=31536000; includeSubDomains
      x-aspnet-version:
      - 4.0.30319
      x-ms-dirapi-data-contract-version:
      - '1.6'
      x-powered-by:
      - ASP.NET
    status:
      code: 200
      message: OK
- request:
    body: null
    headers:
      Accept:
      - application/json
      Accept-Encoding:
      - gzip, deflate
      CommandName:
      - ad app delete
      Connection:
      - keep-alive
      ParameterSetName:
      - --id
      User-Agent:
      - python/3.5.4 (Windows-10-10.0.17763-SP0) msrest/0.6.6 msrest_azure/0.6.0 azure-graphrbac/0.60.0
        Azure-SDK-For-Python AZURECLI/2.0.66
      accept-language:
      - en-US
    method: GET
    uri: https://graph.windows.net/00000000-0000-0000-0000-000000000000/applications?api-version=1.6&$filter=identifierUris%2Fany%28s%3As%20eq%20%27http%3A%2F%2Fcli-graph000001%27%29
  response:
    body:
      string: '{"odata.metadata":"https://graph.windows.net/00000000-0000-0000-0000-000000000000/$metadata#directoryObjects","value":[{"odata.type":"Microsoft.DirectoryServices.Application","objectType":"Application","objectId":"e55718ac-2935-4099-b3b1-abb0990af03c","deletionTimestamp":null,"acceptMappedClaims":null,"addIns":[],"appId":"ec91b105-d962-4bb8-9fc0-906da33b6324","applicationTemplateId":null,"appRoles":[{"allowedMemberTypes":["User"],"description":"Approvers
        can mark documents as approved","displayName":"Approver","id":"1050d7dc-28b9-4e2f-95c3-00f15540ce77","isEnabled":true,"value":"approver"}],"availableToOtherTenants":false,"displayName":"cli-graph000001","errorUrl":null,"groupMembershipClaims":null,"homepage":"http://cli-graph000001","identifierUris":["http://cli-graph000001"],"informationalUrls":{"termsOfService":null,"support":null,"privacy":null,"marketing":null},"isDeviceOnlyAuthSupported":null,"keyCredentials":[],"knownClientApplications":[],"logoutUrl":null,"logo@odata.mediaEditLink":"directoryObjects/e55718ac-2935-4099-b3b1-abb0990af03c/Microsoft.DirectoryServices.Application/logo","logoUrl":null,"mainLogo@odata.mediaEditLink":"directoryObjects/e55718ac-2935-4099-b3b1-abb0990af03c/Microsoft.DirectoryServices.Application/mainLogo","oauth2AllowIdTokenImplicitFlow":true,"oauth2AllowImplicitFlow":false,"oauth2AllowUrlPathMatching":true,"oauth2Permissions":[{"adminConsentDescription":"Allow
        the application to access cli-graph000001 on behalf of the signed-in user.","adminConsentDisplayName":"Access
        cli-graph000001","id":"a523d9d1-8a80-4a09-b8a4-cf8931a46895","isEnabled":true,"type":"User","userConsentDescription":"Allow
        the application to access cli-graph000001 on your behalf.","userConsentDisplayName":"Access
        cli-graph000001","value":"user_impersonation"}],"oauth2RequirePostResponse":false,"optionalClaims":null,"orgRestrictions":[],"parentalControlSettings":{"countriesBlockedForMinors":[],"legalAgeGroupRule":"Allow"},"passwordCredentials":[{"customKeyIdentifier":null,"endDate":"2021-06-10T21:52:11.549894Z","keyId":"e61d4317-0cc5-43fa-9b81-ce427f660956","startDate":"2019-06-10T21:52:11.549894Z","value":null}],"publicClient":null,"publisherDomain":"AzureSDKTeam.onmicrosoft.com","recordConsentConditions":null,"replyUrls":["http://azureclitest-replyuri"],"requiredResourceAccess":[],"samlMetadataUrl":null,"signInAudience":"AzureADMyOrg","tokenEncryptionKeyId":null}]}'
    headers:
      access-control-allow-origin:
      - '*'
      cache-control:
      - no-cache
      content-length:
      - '2399'
      content-type:
      - application/json; odata=minimalmetadata; streaming=true; charset=utf-8
      dataserviceversion:
      - 3.0;
      date:
      - Mon, 10 Jun 2019 21:52:19 GMT
      duration:
      - '669075'
      expires:
      - '-1'
      ocp-aad-diagnostics-server-name:
      - zZhyt14zl0OhjZk/+0wTMqtIww9oR8AMqmXQ2MnPyJw=
      ocp-aad-session-key:
      - PcBRWFZl0l5XqwjGLSWJSBOuJZ0go2HIhtyzRGQg2bzNVvy_xtOGi5wo8_yg063MF7eD5DgRS2P-oTwbEx49y1xIGcejCEziet_jzrcrgJ8vCEtPKL8DInqYlZTycdK4dlzxDw7kko1D75CMbQ8QxA.RCIyadWz7hHxSaw0I1mOHHsKl0lN_MBjn4Hl4qGBAYI
      pragma:
      - no-cache
      request-id:
      - b04c61e2-376e-44a8-87df-24854652f36d
      strict-transport-security:
      - max-age=31536000; includeSubDomains
      x-aspnet-version:
      - 4.0.30319
      x-ms-dirapi-data-contract-version:
      - '1.6'
      x-powered-by:
      - ASP.NET
    status:
      code: 200
      message: OK
- request:
    body: null
    headers:
      Accept:
      - application/json
      Accept-Encoding:
      - gzip, deflate
      CommandName:
      - ad app delete
      Connection:
      - keep-alive
      Content-Length:
      - '0'
      ParameterSetName:
      - --id
      User-Agent:
      - python/3.5.4 (Windows-10-10.0.17763-SP0) msrest/0.6.6 msrest_azure/0.6.0 azure-graphrbac/0.60.0
        Azure-SDK-For-Python AZURECLI/2.0.66
      accept-language:
      - en-US
    method: DELETE
    uri: https://graph.windows.net/00000000-0000-0000-0000-000000000000/applications/e55718ac-2935-4099-b3b1-abb0990af03c?api-version=1.6
  response:
    body:
      string: ''
    headers:
      access-control-allow-origin:
      - '*'
      cache-control:
      - no-cache
      date:
      - Mon, 10 Jun 2019 21:52:18 GMT
      duration:
      - '1660858'
      expires:
      - '-1'
      ocp-aad-diagnostics-server-name:
      - ZGx5BTxWx3rJ0qV6fN7KouGYhLhktis4+Etrku5CN4A=
      ocp-aad-session-key:
      - d60YJOzJBeCITyR1_VQb4M3kK1eExyaHLm01FOTyeVVWKWkJwAjlnf3ZBRt_hps_3zBAHzbqYoeE8oAcAEDrL0nCGW5DincMsKtL2qcp8ZTD5sk1q8kkRwkt3-1UROg351Y_JdVsgsBp0fex54YyJQ.MmV4-W77C9KO-Cos3mGU61TkFvmo40-eU-t4bV9m9Dk
      pragma:
      - no-cache
      request-id:
      - 64d6158e-ce9b-4035-887e-56f30bfc976b
      strict-transport-security:
      - max-age=31536000; includeSubDomains
      x-aspnet-version:
      - 4.0.30319
      x-ms-dirapi-data-contract-version:
      - '1.6'
      x-powered-by:
      - ASP.NET
    status:
      code: 204
      message: No Content
- request:
    body: null
    headers:
      Accept:
      - application/json
      Accept-Encoding:
      - gzip, deflate
      CommandName:
      - ad app list
      Connection:
      - keep-alive
      ParameterSetName:
      - --identifier-uri
      User-Agent:
      - python/3.5.4 (Windows-10-10.0.17763-SP0) msrest/0.6.6 msrest_azure/0.6.0 azure-graphrbac/0.60.0
        Azure-SDK-For-Python AZURECLI/2.0.66
      accept-language:
      - en-US
    method: GET
    uri: https://graph.windows.net/00000000-0000-0000-0000-000000000000/applications?api-version=1.6&$filter=identifierUris%2Fany%28s%3As%20eq%20%27http%3A%2F%2Fcli-graph000001%27%29
  response:
    body:
      string: '{"odata.metadata":"https://graph.windows.net/00000000-0000-0000-0000-000000000000/$metadata#directoryObjects","value":[]}'
    headers:
      access-control-allow-origin:
      - '*'
      cache-control:
      - no-cache
      content-length:
      - '121'
      content-type:
      - application/json; odata=minimalmetadata; streaming=true; charset=utf-8
      dataserviceversion:
      - 3.0;
      date:
      - Mon, 10 Jun 2019 21:52:19 GMT
      duration:
      - '1720811'
      expires:
      - '-1'
      ocp-aad-diagnostics-server-name:
      - rFMv6jCt7k8n9zj2NyMLkO1fEa5ijjfeyD4ZP3WWKYs=
      ocp-aad-session-key:
      - xLpbR84QlSj_2NesFazycBsXy19W3eiIdZDgFNBupxRCRCmdCvPga5vMTru3GyJBealuy3Zyf_7l6mFzJh2mSVaJ2rxnUJYvu9BUXGV7nBS-fAIb9hn8Vcy_EiaVV-XgHI_JXael3fLBqmm6cPfXtg.v-0LF3YQJ-rSlXOWLlHw5PPzYsYKy1UleUXTpYzPqEU
      pragma:
      - no-cache
      request-id:
      - ac544ea9-657f-4eb3-b473-e7808eed3ccb
      strict-transport-security:
      - max-age=31536000; includeSubDomains
      x-aspnet-version:
      - 4.0.30319
      x-ms-dirapi-data-contract-version:
      - '1.6'
      x-powered-by:
      - ASP.NET
    status:
      code: 200
      message: OK
version: 1
