interactions:
- request:
    body: null
    headers:
      Accept:
      - application/json
      Accept-Encoding:
      - gzip, deflate
      CommandName:
      - ad sp create-for-rbac
      Connection:
      - keep-alive
      ParameterSetName:
      - -n --skip-assignment
      User-Agent:
      - python/3.9.5 (Windows-10-10.0.19043-SP0) msrest/0.6.21 msrest_azure/0.6.3
        azure-graphrbac/0.60.0 Azure-SDK-For-Python AZURECLI/2.24.0
      accept-language:
      - en-US
    method: GET
    uri: https://graph.windows.net/00000000-0000-0000-0000-000000000000/servicePrincipals?$filter=displayName%20eq%20%27cli_create_rbac_sp_minimal000001%27&api-version=1.6
  response:
    body:
      string: '{"odata.metadata":"https://graph.windows.net/00000000-0000-0000-0000-000000000000/$metadata#directoryObjects","value":[]}'
    headers:
      access-control-allow-origin:
      - '*'
      cache-control:
      - no-cache
      content-length:
      - '121'
      content-type:
      - application/json; odata=minimalmetadata; streaming=true; charset=utf-8
      dataserviceversion:
      - 3.0;
      date:
      - Wed, 02 Jun 2021 07:41:36 GMT
      duration:
      - '2236234'
      expires:
      - '-1'
      ocp-aad-diagnostics-server-name:
      - EFCQvkg+x4JEUhH8yV5vGeprHj5WEN37Y/z28OBr0YA=
      ocp-aad-session-key:
      - RG6oMNiMh9X-NNg4JFdD5ntvo0lhFGAkZZj_01GXZZWNzTSL0Tn3OMIts6zODKMCRm53rIpLMiIDex00_CYIAEzCbJ95IIL758Ta-iQlhBTud3urysyJszTehLmp7XAujHEicJN8PiqTbowNfxFRFUFlontD3LTWYkIut7QdTNQ.2nfksWgS-7PtjblOIE21_I4wfXXySIAccyH7Aj7fOdk
      pragma:
      - no-cache
      request-id:
      - 9c0ef446-1a86-4d12-9e16-ae127ea78732
      strict-transport-security:
      - max-age=31536000; includeSubDomains
      x-aspnet-version:
      - 4.0.30319
      x-ms-dirapi-data-contract-version:
      - '1.6'
      x-ms-resource-unit:
      - '1'
      x-powered-by:
      - ASP.NET
    status:
      code: 200
      message: OK
- request:
    body: null
    headers:
      Accept:
      - application/json
      Accept-Encoding:
      - gzip, deflate
      CommandName:
      - ad sp create-for-rbac
      Connection:
      - keep-alive
      ParameterSetName:
      - -n --skip-assignment
      User-Agent:
      - python/3.9.5 (Windows-10-10.0.19043-SP0) msrest/0.6.21 msrest_azure/0.6.3
        azure-graphrbac/0.60.0 Azure-SDK-For-Python AZURECLI/2.24.0
      accept-language:
      - en-US
    method: GET
    uri: https://graph.windows.net/00000000-0000-0000-0000-000000000000/applications?$filter=startswith%28displayName%2C%27cli_create_rbac_sp_minimal000001%27%29&api-version=1.6
  response:
    body:
      string: '{"odata.metadata":"https://graph.windows.net/00000000-0000-0000-0000-000000000000/$metadata#directoryObjects","value":[]}'
    headers:
      access-control-allow-origin:
      - '*'
      cache-control:
      - no-cache
      content-length:
      - '121'
      content-type:
      - application/json; odata=minimalmetadata; streaming=true; charset=utf-8
      dataserviceversion:
      - 3.0;
      date:
      - Wed, 02 Jun 2021 07:41:37 GMT
      duration:
      - '2331503'
      expires:
      - '-1'
      ocp-aad-diagnostics-server-name:
      - tTD3m4vsK5qETrUall3OVrq1LBZW9uKA0ByooP4koK8=
      ocp-aad-session-key:
      - zsL5Y3nIhXUYy7vZLJcOwGX2b7We4rtu3KY4BVEdODlRJ1EpPO4dYfVZflrf59lv4h28NUFflmiDrAgl0uUx2J7ofARPqOnJ-CADxOpkvyPMkLw52JXnO5Wvh4eDkjJufxFn5WL-Q_K3CZT2eLBXERmbzYUYFcumW8P9LTztN8E.SXbPb_0DmNM_SladIqi_xrWvkkLXbqfSEBg8e4vMGI4
      pragma:
      - no-cache
      request-id:
      - c63ebcc1-449e-4490-b88c-ee07ab192786
      strict-transport-security:
      - max-age=31536000; includeSubDomains
      x-aspnet-version:
      - 4.0.30319
      x-ms-dirapi-data-contract-version:
      - '1.6'
      x-ms-resource-unit:
      - '2'
      x-powered-by:
      - ASP.NET
    status:
      code: 200
      message: OK
- request:
    body: '{"availableToOtherTenants": false, "passwordCredentials": [{"startDate":
      "2021-06-02T07:41:37.087137Z", "endDate": "2022-06-02T07:41:37.087137Z", "keyId":
      "a873567e-1b8d-47f6-a966-2154e2763b73", "value": "ReplacedSPPassword123*", "customKeyIdentifier":
      "//5yAGIAYQBjAA=="}], "displayName": "cli_create_rbac_sp_minimal000001", "identifierUris":
      []}'
    headers:
      Accept:
      - application/json
      Accept-Encoding:
      - gzip, deflate
      CommandName:
      - ad sp create-for-rbac
      Connection:
      - keep-alive
      Content-Length:
      - '402'
      Content-Type:
      - application/json; charset=utf-8
      ParameterSetName:
      - -n --skip-assignment
      User-Agent:
      - python/3.9.5 (Windows-10-10.0.19043-SP0) msrest/0.6.21 msrest_azure/0.6.3
        azure-graphrbac/0.60.0 Azure-SDK-For-Python AZURECLI/2.24.0
      accept-language:
      - en-US
    method: POST
    uri: https://graph.windows.net/00000000-0000-0000-0000-000000000000/applications?api-version=1.6
  response:
    body:
      string: '{"odata.metadata": "https://graph.windows.net/00000000-0000-0000-0000-000000000000/$metadata#directoryObjects/@Element",
        "odata.type": "Microsoft.DirectoryServices.Application", "objectType": "Application",
        "objectId": "fc94d75f-6b00-4289-9a35-fe7de9882309", "deletionTimestamp": null,
        "acceptMappedClaims": null, "addIns": [], "appId": "b9a72101-f74f-4e19-808d-8ef8a55572df",
        "applicationTemplateId": null, "appRoles": [], "availableToOtherTenants":
        false, "displayName": "cli_create_rbac_sp_minimal000001", "errorUrl": null,
        "groupMembershipClaims": null, "homepage": null, "identifierUris": [], "informationalUrls":
        {"termsOfService": null, "support": null, "privacy": null, "marketing": null},
        "isDeviceOnlyAuthSupported": null, "keyCredentials": [], "knownClientApplications":
        [], "logoutUrl": null, "logo@odata.mediaEditLink": "directoryObjects/fc94d75f-6b00-4289-9a35-fe7de9882309/Microsoft.DirectoryServices.Application/logo",
        "logo@odata.mediaContentType": "application/json;odata=minimalmetadata; charset=utf-8",
        "logoUrl": null, "mainLogo@odata.mediaEditLink": "directoryObjects/fc94d75f-6b00-4289-9a35-fe7de9882309/Microsoft.DirectoryServices.Application/mainLogo",
        "oauth2AllowIdTokenImplicitFlow": true, "oauth2AllowImplicitFlow": false,
        "oauth2AllowUrlPathMatching": false, "oauth2Permissions": [{"adminConsentDescription":
        "Allow the application to access cli_create_rbac_sp_minimal000001 on behalf
        of the signed-in user.", "adminConsentDisplayName": "Access cli_create_rbac_sp_minimal000001",
        "id": "f00b2697-cb87-4e9e-a530-537448ba6e1e", "isEnabled": true, "type": "User",
        "userConsentDescription": "Allow the application to access cli_create_rbac_sp_minimal000001
        on your behalf.", "userConsentDisplayName": "Access cli_create_rbac_sp_minimal000001",
        "value": "user_impersonation"}], "oauth2RequirePostResponse": false, "optionalClaims":
        null, "orgRestrictions": [], "parentalControlSettings": {"countriesBlockedForMinors":
        [], "legalAgeGroupRule": "Allow"}, "passwordCredentials": [{"customKeyIdentifier":
        "//5yAGIAYQBjAA==", "endDate": "2022-06-02T07:41:37.087137Z", "keyId": "a873567e-1b8d-47f6-a966-2154e2763b73",
        "startDate": "2021-06-02T07:41:37.087137Z", "value": "ReplacedSPPassword123*"}],
        "publicClient": null, "publisherDomain": "AzureSDKTeam.onmicrosoft.com", "recordConsentConditions":
        null, "replyUrls": [], "requiredResourceAccess": [], "samlMetadataUrl": null,
        "signInAudience": "AzureADMyOrg", "tokenEncryptionKeyId": null}'
    headers:
      access-control-allow-origin:
      - '*'
      cache-control:
      - no-cache
      content-length:
      - '2537'
      content-type:
      - application/json; odata=minimalmetadata; streaming=true; charset=utf-8
      dataserviceversion:
      - 3.0;
      date:
      - Wed, 02 Jun 2021 07:41:37 GMT
      duration:
      - '5427285'
      expires:
      - '-1'
      location:
      - https://graph.windows.net/00000000-0000-0000-0000-000000000000/directoryObjects/fc94d75f-6b00-4289-9a35-fe7de9882309/Microsoft.DirectoryServices.Application
      ocp-aad-diagnostics-server-name:
      - 04I9lVTd+rQX/vlgewkoGvt2KTR9nR1VFWMO0Fy3I54=
      ocp-aad-session-key:
      - ttbC4uMbkRY6aeTIZQz_LOSEo2I-8HFHmPrQAomEqfQot6vq6J6zrGx_g6vlqitbGzLa34aum45zneb5j0AVBbCqn1Hz5bmZgdh8PGkF8ji9tJPwkyWnPI1D1QKVd7w_PDu3FiWDwhdGgloZx9g3ieUIYWnw6boVqQkQNjQfPOU.9KN0fBl_4yo6nhzqVjR8KXXTL4GYFozkS-cVgloX9uY
      pragma:
      - no-cache
      request-id:
      - daab7841-d4f9-4032-ba13-08d456d27ef8
      strict-transport-security:
      - max-age=31536000; includeSubDomains
      x-aspnet-version:
      - 4.0.30319
      x-ms-dirapi-data-contract-version:
      - '1.6'
      x-ms-resource-unit:
      - '1'
      x-powered-by:
      - ASP.NET
    status:
      code: 201
      message: Created
- request:
    body: '{"accountEnabled": "True", "appId": "b9a72101-f74f-4e19-808d-8ef8a55572df"}'
    headers:
      Accept:
      - application/json
      Accept-Encoding:
      - gzip, deflate
      CommandName:
      - ad sp create-for-rbac
      Connection:
      - keep-alive
      Content-Length:
      - '75'
      Content-Type:
      - application/json; charset=utf-8
      ParameterSetName:
      - -n --skip-assignment
      User-Agent:
      - python/3.9.5 (Windows-10-10.0.19043-SP0) msrest/0.6.21 msrest_azure/0.6.3
        azure-graphrbac/0.60.0 Azure-SDK-For-Python AZURECLI/2.24.0
      accept-language:
      - en-US
    method: POST
    uri: https://graph.windows.net/00000000-0000-0000-0000-000000000000/servicePrincipals?api-version=1.6
  response:
    body:
      string: '{"odata.metadata":"https://graph.windows.net/00000000-0000-0000-0000-000000000000/$metadata#directoryObjects/@Element","odata.type":"Microsoft.DirectoryServices.ServicePrincipal","objectType":"ServicePrincipal","objectId":"22eb734b-a8ca-45e7-a4d9-ba164277d082","deletionTimestamp":null,"accountEnabled":true,"addIns":[],"alternativeNames":[],"appDisplayName":"cli_create_rbac_sp_minimal000001","appId":"b9a72101-f74f-4e19-808d-8ef8a55572df","applicationTemplateId":null,"appOwnerTenantId":"54826b22-38d6-4fb2-bad9-b7b93a3e9c5a","appRoleAssignmentRequired":false,"appRoles":[],"displayName":"cli_create_rbac_sp_minimal000001","errorUrl":null,"homepage":null,"informationalUrls":{"termsOfService":null,"support":null,"privacy":null,"marketing":null},"keyCredentials":[],"logoutUrl":null,"notificationEmailAddresses":[],"oauth2Permissions":[{"adminConsentDescription":"Allow
        the application to access cli_create_rbac_sp_minimal000001 on behalf of the
        signed-in user.","adminConsentDisplayName":"Access cli_create_rbac_sp_minimal000001","id":"f00b2697-cb87-4e9e-a530-537448ba6e1e","isEnabled":true,"type":"User","userConsentDescription":"Allow
        the application to access cli_create_rbac_sp_minimal000001 on your behalf.","userConsentDisplayName":"Access
        cli_create_rbac_sp_minimal000001","value":"user_impersonation"}],"passwordCredentials":[],"preferredSingleSignOnMode":null,"preferredTokenSigningKeyEndDateTime":null,"preferredTokenSigningKeyThumbprint":null,"publisherName":"AzureSDKTeam","replyUrls":[],"samlMetadataUrl":null,"samlSingleSignOnSettings":null,"servicePrincipalNames":["b9a72101-f74f-4e19-808d-8ef8a55572df"],"servicePrincipalType":"Application","signInAudience":"AzureADMyOrg","tags":[],"tokenEncryptionKeyId":null}'
    headers:
      access-control-allow-origin:
      - '*'
      cache-control:
      - no-cache
      content-length:
      - '1988'
      content-type:
      - application/json; odata=minimalmetadata; streaming=true; charset=utf-8
      dataserviceversion:
      - 3.0;
      date:
      - Wed, 02 Jun 2021 07:41:38 GMT
      duration:
      - '3704957'
      expires:
      - '-1'
      location:
      - https://graph.windows.net/00000000-0000-0000-0000-000000000000/directoryObjects/22eb734b-a8ca-45e7-a4d9-ba164277d082/Microsoft.DirectoryServices.ServicePrincipal
      ocp-aad-diagnostics-server-name:
      - uvkkLF6LA65PwY74vT5TC/GMlMI8GmkQlpHOxrDLCvE=
      ocp-aad-session-key:
      - nH983RYpuopQfC_eNzg_YrDP8d1TBhOkTi3pZzdqHE_EX5ge4Id6j64Z_8p-i9WoV3yRkx0E--LKsxsW6FfqzgFj-hODSGhok2Gkn5fpUWaWZs9ksRDWD0cFyOrQjl6Hsjfd0lpioFKcu0i_ztH0MiobnDEt7ixyZn_bwvYgE74.3bbhszp9W-dlZCLcfKCvLOv1B9Jt24HdMbZqCZcyr6g
      pragma:
      - no-cache
      request-id:
      - d3199188-e51c-4a8b-801d-a20fbeaa74ae
      strict-transport-security:
      - max-age=31536000; includeSubDomains
      x-aspnet-version:
      - 4.0.30319
      x-ms-dirapi-data-contract-version:
      - '1.6'
      x-ms-resource-unit:
      - '1'
      x-powered-by:
      - ASP.NET
    status:
      code: 201
      message: Created
- request:
    body: null
    headers:
      Accept:
      - application/json
      Accept-Encoding:
      - gzip, deflate
      CommandName:
      - ad app delete
      Connection:
      - keep-alive
      ParameterSetName:
      - --id
      User-Agent:
      - python/3.9.5 (Windows-10-10.0.19043-SP0) msrest/0.6.21 msrest_azure/0.6.3
        azure-graphrbac/0.60.0 Azure-SDK-For-Python AZURECLI/2.24.0
      accept-language:
      - en-US
    method: GET
    uri: https://graph.windows.net/00000000-0000-0000-0000-000000000000/applications?$filter=identifierUris%2Fany%28s%3As%20eq%20%27b9a72101-f74f-4e19-808d-8ef8a55572df%27%29&api-version=1.6
  response:
    body:
      string: '{"odata.metadata":"https://graph.windows.net/00000000-0000-0000-0000-000000000000/$metadata#directoryObjects","value":[]}'
    headers:
      access-control-allow-origin:
      - '*'
      cache-control:
      - no-cache
      content-length:
      - '121'
      content-type:
      - application/json; odata=minimalmetadata; streaming=true; charset=utf-8
      dataserviceversion:
      - 3.0;
      date:
      - Wed, 02 Jun 2021 07:41:39 GMT
      duration:
      - '2338556'
      expires:
      - '-1'
      ocp-aad-diagnostics-server-name:
      - 2+v9vUUGFmiuldLDqnSYvb2qFooOYtrPCErJeSHV/C8=
      ocp-aad-session-key:
      - smVazCICy9nm3oXvoWSKcxMYF-ldcGJISglFhJfY0RkeRPhqfL3qqFVZh_Q8pxn2xVmqYAUmySOUpRtqNCtsUmL2k2lrilffSZ_KONz-F22EJDF0YJ2PvyBxvEIZ9DCiiNzUwC-z8rp2UXuwMuvgGEvGSkDTKoDjHJ3MbrIZIks.A-K1k_R7MrsZSOf8xkbxteIWhxQu0AUwWewIJaDTCWo
      pragma:
      - no-cache
      request-id:
      - 3847877c-bd63-404e-9ef5-c151e47af8a4
      strict-transport-security:
      - max-age=31536000; includeSubDomains
      x-aspnet-version:
      - 4.0.30319
      x-ms-dirapi-data-contract-version:
      - '1.6'
      x-ms-resource-unit:
      - '2'
      x-powered-by:
      - ASP.NET
    status:
      code: 200
      message: OK
- request:
    body: null
    headers:
      Accept:
      - application/json
      Accept-Encoding:
      - gzip, deflate
      CommandName:
      - ad app delete
      Connection:
      - keep-alive
      ParameterSetName:
      - --id
      User-Agent:
      - python/3.9.5 (Windows-10-10.0.19043-SP0) msrest/0.6.21 msrest_azure/0.6.3
        azure-graphrbac/0.60.0 Azure-SDK-For-Python AZURECLI/2.24.0
      accept-language:
      - en-US
    method: GET
    uri: https://graph.windows.net/00000000-0000-0000-0000-000000000000/applications?$filter=appId%20eq%20%27b9a72101-f74f-4e19-808d-8ef8a55572df%27&api-version=1.6
  response:
    body:
      string: '{"odata.metadata":"https://graph.windows.net/00000000-0000-0000-0000-000000000000/$metadata#directoryObjects","value":[{"odata.type":"Microsoft.DirectoryServices.Application","objectType":"Application","objectId":"fc94d75f-6b00-4289-9a35-fe7de9882309","deletionTimestamp":null,"acceptMappedClaims":null,"addIns":[],"appId":"b9a72101-f74f-4e19-808d-8ef8a55572df","applicationTemplateId":null,"appRoles":[],"availableToOtherTenants":false,"displayName":"cli_create_rbac_sp_minimal000001","errorUrl":null,"groupMembershipClaims":null,"homepage":null,"identifierUris":[],"informationalUrls":{"termsOfService":null,"support":null,"privacy":null,"marketing":null},"isDeviceOnlyAuthSupported":null,"keyCredentials":[],"knownClientApplications":[],"logoutUrl":null,"logo@odata.mediaEditLink":"directoryObjects/fc94d75f-6b00-4289-9a35-fe7de9882309/Microsoft.DirectoryServices.Application/logo","logoUrl":null,"mainLogo@odata.mediaEditLink":"directoryObjects/fc94d75f-6b00-4289-9a35-fe7de9882309/Microsoft.DirectoryServices.Application/mainLogo","oauth2AllowIdTokenImplicitFlow":true,"oauth2AllowImplicitFlow":false,"oauth2AllowUrlPathMatching":false,"oauth2Permissions":[{"adminConsentDescription":"Allow
        the application to access cli_create_rbac_sp_minimal000001 on behalf of the
        signed-in user.","adminConsentDisplayName":"Access cli_create_rbac_sp_minimal000001","id":"f00b2697-cb87-4e9e-a530-537448ba6e1e","isEnabled":true,"type":"User","userConsentDescription":"Allow
        the application to access cli_create_rbac_sp_minimal000001 on your behalf.","userConsentDisplayName":"Access
        cli_create_rbac_sp_minimal000001","value":"user_impersonation"}],"oauth2RequirePostResponse":false,"optionalClaims":null,"orgRestrictions":[],"parentalControlSettings":{"countriesBlockedForMinors":[],"legalAgeGroupRule":"Allow"},"passwordCredentials":[{"customKeyIdentifier":"//5yAGIAYQBjAA==","endDate":"2022-06-02T07:41:37.087137Z","keyId":"a873567e-1b8d-47f6-a966-2154e2763b73","startDate":"2021-06-02T07:41:37.087137Z","value":null}],"publicClient":null,"publisherDomain":"AzureSDKTeam.onmicrosoft.com","recordConsentConditions":null,"replyUrls":[],"requiredResourceAccess":[],"samlMetadataUrl":null,"signInAudience":"AzureADMyOrg","tokenEncryptionKeyId":null}]}'
    headers:
      access-control-allow-origin:
      - '*'
      cache-control:
      - no-cache
      content-length:
      - '2454'
      content-type:
      - application/json; odata=minimalmetadata; streaming=true; charset=utf-8
      dataserviceversion:
      - 3.0;
      date:
      - Wed, 02 Jun 2021 07:41:40 GMT
      duration:
      - '2478582'
      expires:
      - '-1'
      ocp-aad-diagnostics-server-name:
      - O72jQUB5fu7bP5GrGP4DScHP6ic11qIxt1Af8ZSK6S4=
      ocp-aad-session-key:
      - qVrXnJ3cYz3T3rbHHlN7dDQVTcqsYhrDkqVKBrAXF0Eh2ZgNzULgVII2dHmLsW_kz-v5B2leLfP40WZug4er5Z4wTOgRqfTO9ErFXfSnABHaELav5lOdtu8g9F_GZpFqDKT0q_vlITVVxZa2xCc-JpQkszMizwCctV-9bd49ZnE.0FGuyudXgPddY-D4ahRT2LTnR6bC0lzvcJgSAkqCw2U
      pragma:
      - no-cache
      request-id:
      - fd893a77-22e7-497e-b438-17eb10412a6b
      strict-transport-security:
      - max-age=31536000; includeSubDomains
      x-aspnet-version:
      - 4.0.30319
      x-ms-dirapi-data-contract-version:
      - '1.6'
      x-ms-resource-unit:
      - '2'
      x-powered-by:
      - ASP.NET
    status:
      code: 200
      message: OK
- request:
    body: null
    headers:
      Accept:
      - application/json
      Accept-Encoding:
      - gzip, deflate
      CommandName:
      - ad app delete
      Connection:
      - keep-alive
      Content-Length:
      - '0'
      ParameterSetName:
      - --id
      User-Agent:
      - python/3.9.5 (Windows-10-10.0.19043-SP0) msrest/0.6.21 msrest_azure/0.6.3
        azure-graphrbac/0.60.0 Azure-SDK-For-Python AZURECLI/2.24.0
      accept-language:
      - en-US
    method: DELETE
    uri: https://graph.windows.net/00000000-0000-0000-0000-000000000000/applications/fc94d75f-6b00-4289-9a35-fe7de9882309?api-version=1.6
  response:
    body:
      string: ''
    headers:
      access-control-allow-origin:
      - '*'
      cache-control:
      - no-cache
      date:
      - Wed, 02 Jun 2021 07:41:46 GMT
      duration:
      - '61181644'
      expires:
      - '-1'
      ocp-aad-diagnostics-server-name:
      - pXKnVeJOH1trYZdQGU3smUNuMUTW11YE+aVCO9wAv5E=
      ocp-aad-session-key:
      - 1q1OyLyIbD3FfXyNhWtWczTNk2FiGx3Q8lQeGY5yqfs01-5c4_xW6w7yrC7vmXmXyCSMAuGYGCC5x73V46nKhtW0eN5IzeKIkEoNdAe7pyIDF8ed60inUcUzsjYUZQ2Dw2LWN0NuIFELYduj6uLuP1obSwL-mzOpAkjmfEhyW3w.lESorEKGg9VK9BekdfdfEWHKTf4pOGv2JH6SQK-7l-8
      pragma:
      - no-cache
      request-id:
      - dcae4445-4541-4107-b24a-ccb2625f2795
      strict-transport-security:
      - max-age=31536000; includeSubDomains
      x-aspnet-version:
      - 4.0.30319
      x-ms-dirapi-data-contract-version:
      - '1.6'
      x-ms-resource-unit:
      - '1'
      x-powered-by:
      - ASP.NET
    status:
      code: 204
      message: No Content
version: 1
