interactions:
- request:
    body: null
    headers:
      Accept:
      - application/json
      Accept-Encoding:
      - gzip, deflate
      CommandName:
      - cdn endpoint list
      Connection:
      - keep-alive
      ParameterSetName:
      - -g --profile-name
      User-Agent:
      - python/3.8.5 (macOS-10.16-x86_64-i386-64bit) msrest/0.6.18 msrest_azure/0.6.3
        azure-mgmt-cdn/5.1.0 Azure-SDK-For-Python AZURECLI/2.15.0
      accept-language:
      - en-US
    method: GET
    uri: https://management.azure.com/subscriptions/00000000-0000-0000-0000-000000000000/resourceGroups/clitest.rg000001/providers/Microsoft.Cdn/profiles/profile123/endpoints?api-version=2020-04-15
  response:
    body:
      string: '{"error":{"code":"ParentResourceNotFound","message":"Can not perform
        requested operation on nested resource. Parent resource ''profile123'' not
        found."}}'
    headers:
      cache-control:
      - no-cache
      content-length:
      - '151'
      content-type:
      - application/json; charset=utf-8
      date:
      - Wed, 18 Nov 2020 22:21:01 GMT
      expires:
      - '-1'
      pragma:
      - no-cache
      strict-transport-security:
      - max-age=31536000; includeSubDomains
      x-content-type-options:
      - nosniff
      x-ms-failure-cause:
      - gateway
    status:
      code: 404
      message: Not Found
- request:
    body: null
    headers:
      Accept:
      - application/json
      Accept-Encoding:
      - gzip, deflate
      CommandName:
      - cdn profile create
      Connection:
      - keep-alive
      ParameterSetName:
      - -g -n --sku
      User-Agent:
      - python/3.8.5 (macOS-10.16-x86_64-i386-64bit) msrest/0.6.18 msrest_azure/0.6.3
        azure-mgmt-resource/10.2.0 Azure-SDK-For-Python AZURECLI/2.15.0
      accept-language:
      - en-US
    method: GET
    uri: https://management.azure.com/subscriptions/00000000-0000-0000-0000-000000000000/resourcegroups/clitest.rg000001?api-version=2020-06-01
  response:
    body:
      string: '{"id":"/subscriptions/00000000-0000-0000-0000-000000000000/resourceGroups/clitest.rg000001","name":"clitest.rg000001","type":"Microsoft.Resources/resourceGroups","location":"westus","tags":{"product":"azurecli","cause":"automation","date":"2020-11-18T22:20:59Z"},"properties":{"provisioningState":"Succeeded"}}'
    headers:
      cache-control:
      - no-cache
      content-length:
      - '428'
      content-type:
      - application/json; charset=utf-8
      date:
      - Wed, 18 Nov 2020 22:21:02 GMT
      expires:
      - '-1'
      pragma:
      - no-cache
      strict-transport-security:
      - max-age=31536000; includeSubDomains
      vary:
      - Accept-Encoding
      x-content-type-options:
      - nosniff
    status:
      code: 200
      message: OK
- request:
    body: '{"location": "westus", "sku": {"name": "Standard_Akamai"}}'
    headers:
      Accept:
      - application/json
      Accept-Encoding:
      - gzip, deflate
      CommandName:
      - cdn profile create
      Connection:
      - keep-alive
      Content-Length:
      - '58'
      Content-Type:
      - application/json; charset=utf-8
      ParameterSetName:
      - -g -n --sku
      User-Agent:
      - python/3.8.5 (macOS-10.16-x86_64-i386-64bit) msrest/0.6.18 msrest_azure/0.6.3
        azure-mgmt-cdn/5.1.0 Azure-SDK-For-Python AZURECLI/2.15.0
      accept-language:
      - en-US
    method: PUT
    uri: https://management.azure.com/subscriptions/00000000-0000-0000-0000-000000000000/resourceGroups/clitest.rg000001/providers/Microsoft.Cdn/profiles/profile123?api-version=2020-04-15
  response:
    body:
      string: "{\r\n  \"name\":\"profile123\",\"id\":\"/subscriptions/00000000-0000-0000-0000-000000000000/resourcegroups/clitest.rg000001/providers/Microsoft.Cdn/profiles/profile123\"\
        ,\"type\":\"Microsoft.Cdn/profiles\",\"tags\":{\r\n    \r\n  },\"location\"\
        :\"WestUs\",\"sku\":{\r\n    \"name\":\"Standard_Akamai\"\r\n  },\"properties\"\
        :{\r\n    \"provisioningState\":\"Creating\",\"resourceState\":\"Creating\"\
        \r\n  }\r\n}"
    headers:
      azure-asyncoperation:
      - https://management.azure.com/subscriptions/00000000-0000-0000-0000-000000000000/resourcegroups/clitest.rg000001/providers/Microsoft.Cdn/operationresults/87a57610-7acb-4efb-bb4a-5f3b0a54e29f?api-version=2020-04-15
      cache-control:
      - no-cache
      content-length:
      - '419'
      content-type:
      - application/json; odata.metadata=minimal
      date:
      - Wed, 18 Nov 2020 22:21:12 GMT
      expires:
      - '-1'
      odata-version:
      - '4.0'
      pragma:
      - no-cache
      server:
      - Microsoft-IIS/10.0
      strict-transport-security:
      - max-age=31536000; includeSubDomains
      x-aspnet-version:
      - 4.0.30319
      x-content-type-options:
      - nosniff
      x-ms-ratelimit-remaining-subscription-resource-requests:
      - '24'
      x-powered-by:
      - ASP.NET
    status:
      code: 201
      message: Created
- request:
    body: null
    headers:
      Accept:
      - application/json
      Accept-Encoding:
      - gzip, deflate
      CommandName:
      - cdn profile create
      Connection:
      - keep-alive
      ParameterSetName:
      - -g -n --sku
      User-Agent:
      - python/3.8.5 (macOS-10.16-x86_64-i386-64bit) msrest/0.6.18 msrest_azure/0.6.3
        azure-mgmt-cdn/5.1.0 Azure-SDK-For-Python AZURECLI/2.15.0
    method: GET
    uri: https://management.azure.com/subscriptions/00000000-0000-0000-0000-000000000000/resourcegroups/clitest.rg000001/providers/Microsoft.Cdn/operationresults/87a57610-7acb-4efb-bb4a-5f3b0a54e29f?api-version=2020-04-15
  response:
    body:
      string: "{\r\n  \"status\":\"Succeeded\",\"error\":{\r\n    \"code\":\"None\"\
        ,\"message\":null\r\n  }\r\n}"
    headers:
      cache-control:
      - no-cache
      content-length:
      - '77'
      content-type:
      - application/json; odata.metadata=minimal
      date:
      - Wed, 18 Nov 2020 22:21:23 GMT
      expires:
      - '-1'
      odata-version:
      - '4.0'
      pragma:
      - no-cache
      server:
      - Microsoft-IIS/10.0
      strict-transport-security:
      - max-age=31536000; includeSubDomains
      transfer-encoding:
      - chunked
      vary:
      - Accept-Encoding
      x-aspnet-version:
      - 4.0.30319
      x-content-type-options:
      - nosniff
      x-powered-by:
      - ASP.NET
    status:
      code: 200
      message: OK
- request:
    body: null
    headers:
      Accept:
      - application/json
      Accept-Encoding:
      - gzip, deflate
      CommandName:
      - cdn profile create
      Connection:
      - keep-alive
      ParameterSetName:
      - -g -n --sku
      User-Agent:
      - python/3.8.5 (macOS-10.16-x86_64-i386-64bit) msrest/0.6.18 msrest_azure/0.6.3
        azure-mgmt-cdn/5.1.0 Azure-SDK-For-Python AZURECLI/2.15.0
    method: GET
    uri: https://management.azure.com/subscriptions/00000000-0000-0000-0000-000000000000/resourceGroups/clitest.rg000001/providers/Microsoft.Cdn/profiles/profile123?api-version=2020-04-15
  response:
    body:
      string: "{\r\n  \"name\":\"profile123\",\"id\":\"/subscriptions/00000000-0000-0000-0000-000000000000/resourcegroups/clitest.rg000001/providers/Microsoft.Cdn/profiles/profile123\"\
        ,\"type\":\"Microsoft.Cdn/profiles\",\"tags\":{\r\n    \r\n  },\"location\"\
        :\"WestUs\",\"sku\":{\r\n    \"name\":\"Standard_Akamai\"\r\n  },\"properties\"\
        :{\r\n    \"provisioningState\":\"Succeeded\",\"resourceState\":\"Active\"\
        \r\n  }\r\n}"
    headers:
      cache-control:
      - no-cache
      content-length:
      - '418'
      content-type:
      - application/json; odata.metadata=minimal
      date:
      - Wed, 18 Nov 2020 22:21:24 GMT
      expires:
      - '-1'
      odata-version:
      - '4.0'
      pragma:
      - no-cache
      server:
      - Microsoft-IIS/10.0
      strict-transport-security:
      - max-age=31536000; includeSubDomains
      transfer-encoding:
      - chunked
      vary:
      - Accept-Encoding
      x-aspnet-version:
      - 4.0.30319
      x-content-type-options:
      - nosniff
      x-ms-ratelimit-remaining-subscription-resource-requests:
      - '49'
      x-powered-by:
      - ASP.NET
    status:
      code: 200
      message: OK
- request:
    body: null
    headers:
      Accept:
      - application/json
      Accept-Encoding:
      - gzip, deflate
      CommandName:
      - cdn endpoint create
      Connection:
      - keep-alive
      ParameterSetName:
      - -g -n --profile-name --origin
      User-Agent:
      - python/3.8.5 (macOS-10.16-x86_64-i386-64bit) msrest/0.6.18 msrest_azure/0.6.3
        azure-mgmt-resource/10.2.0 Azure-SDK-For-Python AZURECLI/2.15.0
      accept-language:
      - en-US
    method: GET
    uri: https://management.azure.com/subscriptions/00000000-0000-0000-0000-000000000000/resourcegroups/clitest.rg000001?api-version=2020-06-01
  response:
    body:
      string: '{"id":"/subscriptions/00000000-0000-0000-0000-000000000000/resourceGroups/clitest.rg000001","name":"clitest.rg000001","type":"Microsoft.Resources/resourceGroups","location":"westus","tags":{"product":"azurecli","cause":"automation","date":"2020-11-18T22:20:59Z"},"properties":{"provisioningState":"Succeeded"}}'
    headers:
      cache-control:
      - no-cache
      content-length:
      - '428'
      content-type:
      - application/json; charset=utf-8
      date:
      - Wed, 18 Nov 2020 22:21:25 GMT
      expires:
      - '-1'
      pragma:
      - no-cache
      strict-transport-security:
      - max-age=31536000; includeSubDomains
      vary:
      - Accept-Encoding
      x-content-type-options:
      - nosniff
    status:
      code: 200
      message: OK
- request:
    body: '{"location": "westus", "properties": {"isCompressionEnabled": false, "isHttpAllowed":
      true, "isHttpsAllowed": true, "origins": [{"name": "origin-0", "properties":
      {"hostName": "www.example.com", "httpPort": 80, "httpsPort": 443}}]}}'
    headers:
      Accept:
      - application/json
      Accept-Encoding:
      - gzip, deflate
      CommandName:
      - cdn endpoint create
      Connection:
      - keep-alive
      Content-Length:
      - '232'
      Content-Type:
      - application/json; charset=utf-8
      ParameterSetName:
      - -g -n --profile-name --origin
      User-Agent:
      - python/3.8.5 (macOS-10.16-x86_64-i386-64bit) msrest/0.6.18 msrest_azure/0.6.3
        azure-mgmt-cdn/5.1.0 Azure-SDK-For-Python AZURECLI/2.15.0
      accept-language:
      - en-US
    method: PUT
    uri: https://management.azure.com/subscriptions/00000000-0000-0000-0000-000000000000/resourceGroups/clitest.rg000001/providers/Microsoft.Cdn/profiles/profile123/endpoints/cdn-cli-test-2?api-version=2020-04-15
  response:
    body:
      string: "{\r\n  \"name\":\"cdn-cli-test-2\",\"id\":\"/subscriptions/00000000-0000-0000-0000-000000000000/resourcegroups/clitest.rg000001/providers/Microsoft.Cdn/profiles/profile123/endpoints/cdn-cli-test-2\"\
        ,\"type\":\"Microsoft.Cdn/profiles/endpoints\",\"tags\":{\r\n    \r\n  },\"\
        location\":\"WestUs\",\"properties\":{\r\n    \"hostName\":\"cdn-cli-test-2.azureedge.net\"\
        ,\"originHostHeader\":null,\"provisioningState\":\"Creating\",\"resourceState\"\
        :\"Creating\",\"isHttpAllowed\":true,\"isHttpsAllowed\":true,\"queryStringCachingBehavior\"\
        :\"IgnoreQueryString\",\"originPath\":null,\"origins\":[\r\n      {\r\n  \
        \      \"name\":\"origin-0\",\"properties\":{\r\n          \"hostName\":\"\
        www.example.com\",\"httpPort\":80,\"httpsPort\":443,\"originHostHeader\":null,\"\
        priority\":null,\"weight\":null,\"enabled\":true,\"privateLinkResourceId\"\
        :null,\"privateLinkLocation\":null,\"privateLinkAlias\":null,\"privateEndpointStatus\"\
        :null,\"privateLinkApprovalMessage\":null\r\n        }\r\n      }\r\n    ],\"\
        originGroups\":[\r\n      \r\n    ],\"defaultOriginGroup\":null,\"customDomains\"\
        :[\r\n      \r\n    ],\"contentTypesToCompress\":[\r\n      \r\n    ],\"isCompressionEnabled\"\
        :false,\"optimizationType\":null,\"probePath\":null,\"geoFilters\":[\r\n \
        \     \r\n    ],\"deliveryPolicy\":null,\"webApplicationFirewallPolicyLink\"\
        :null,\"urlSigningKeys\":[\r\n      \r\n    ]\r\n  }\r\n}"
    headers:
      azure-asyncoperation:
      - https://management.azure.com/subscriptions/00000000-0000-0000-0000-000000000000/resourcegroups/clitest.rg000001/providers/Microsoft.Cdn/operationresults/504a4c27-195e-4573-8373-f33e40f5bcb2?api-version=2020-04-15
      cache-control:
      - no-cache
      content-length:
      - '1292'
      content-type:
      - application/json; odata.metadata=minimal
      date:
      - Wed, 18 Nov 2020 22:21:32 GMT
      expires:
      - '-1'
      odata-version:
      - '4.0'
      pragma:
      - no-cache
      server:
      - Microsoft-IIS/10.0
      strict-transport-security:
      - max-age=31536000; includeSubDomains
      x-aspnet-version:
      - 4.0.30319
      x-content-type-options:
      - nosniff
      x-ms-ratelimit-remaining-subscription-resource-requests:
      - '99'
      x-powered-by:
      - ASP.NET
    status:
      code: 201
      message: Created
- request:
    body: null
    headers:
      Accept:
      - application/json
      Accept-Encoding:
      - gzip, deflate
      CommandName:
      - cdn endpoint create
      Connection:
      - keep-alive
      ParameterSetName:
      - -g -n --profile-name --origin
      User-Agent:
      - python/3.8.5 (macOS-10.16-x86_64-i386-64bit) msrest/0.6.18 msrest_azure/0.6.3
        azure-mgmt-cdn/5.1.0 Azure-SDK-For-Python AZURECLI/2.15.0
    method: GET
    uri: https://management.azure.com/subscriptions/00000000-0000-0000-0000-000000000000/resourcegroups/clitest.rg000001/providers/Microsoft.Cdn/operationresults/504a4c27-195e-4573-8373-f33e40f5bcb2?api-version=2020-04-15
  response:
    body:
      string: "{\r\n  \"status\":\"InProgress\",\"error\":{\r\n    \"code\":\"None\"\
        ,\"message\":null\r\n  }\r\n}"
    headers:
      cache-control:
      - no-cache
      content-length:
      - '78'
      content-type:
      - application/json; odata.metadata=minimal
      date:
      - Wed, 18 Nov 2020 22:21:43 GMT
      expires:
      - '-1'
      odata-version:
      - '4.0'
      pragma:
      - no-cache
      server:
      - Microsoft-IIS/10.0
      strict-transport-security:
      - max-age=31536000; includeSubDomains
      transfer-encoding:
      - chunked
      vary:
      - Accept-Encoding
      x-aspnet-version:
      - 4.0.30319
      x-content-type-options:
      - nosniff
      x-powered-by:
      - ASP.NET
    status:
      code: 200
      message: OK
- request:
    body: null
    headers:
      Accept:
      - application/json
      Accept-Encoding:
      - gzip, deflate
      CommandName:
      - cdn endpoint create
      Connection:
      - keep-alive
      ParameterSetName:
      - -g -n --profile-name --origin
      User-Agent:
      - python/3.8.5 (macOS-10.16-x86_64-i386-64bit) msrest/0.6.18 msrest_azure/0.6.3
        azure-mgmt-cdn/5.1.0 Azure-SDK-For-Python AZURECLI/2.15.0
    method: GET
    uri: https://management.azure.com/subscriptions/00000000-0000-0000-0000-000000000000/resourcegroups/clitest.rg000001/providers/Microsoft.Cdn/operationresults/504a4c27-195e-4573-8373-f33e40f5bcb2?api-version=2020-04-15
  response:
    body:
      string: "{\r\n  \"status\":\"Succeeded\",\"error\":{\r\n    \"code\":\"None\"\
        ,\"message\":null\r\n  }\r\n}"
    headers:
      cache-control:
      - no-cache
      content-length:
      - '77'
      content-type:
      - application/json; odata.metadata=minimal
      date:
      - Wed, 18 Nov 2020 22:22:13 GMT
      expires:
      - '-1'
      odata-version:
      - '4.0'
      pragma:
      - no-cache
      server:
      - Microsoft-IIS/10.0
      strict-transport-security:
      - max-age=31536000; includeSubDomains
      transfer-encoding:
      - chunked
      vary:
      - Accept-Encoding
      x-aspnet-version:
      - 4.0.30319
      x-content-type-options:
      - nosniff
      x-powered-by:
      - ASP.NET
    status:
      code: 200
      message: OK
- request:
    body: null
    headers:
      Accept:
      - application/json
      Accept-Encoding:
      - gzip, deflate
      CommandName:
      - cdn endpoint create
      Connection:
      - keep-alive
      ParameterSetName:
      - -g -n --profile-name --origin
      User-Agent:
      - python/3.8.5 (macOS-10.16-x86_64-i386-64bit) msrest/0.6.18 msrest_azure/0.6.3
        azure-mgmt-cdn/5.1.0 Azure-SDK-For-Python AZURECLI/2.15.0
    method: GET
    uri: https://management.azure.com/subscriptions/00000000-0000-0000-0000-000000000000/resourceGroups/clitest.rg000001/providers/Microsoft.Cdn/profiles/profile123/endpoints/cdn-cli-test-2?api-version=2020-04-15
  response:
    body:
      string: "{\r\n  \"name\":\"cdn-cli-test-2\",\"id\":\"/subscriptions/00000000-0000-0000-0000-000000000000/resourcegroups/clitest.rg000001/providers/Microsoft.Cdn/profiles/profile123/endpoints/cdn-cli-test-2\"\
        ,\"type\":\"Microsoft.Cdn/profiles/endpoints\",\"tags\":{\r\n    \r\n  },\"\
        location\":\"WestUs\",\"properties\":{\r\n    \"hostName\":\"cdn-cli-test-2.azureedge.net\"\
        ,\"originHostHeader\":null,\"provisioningState\":\"Succeeded\",\"resourceState\"\
        :\"Running\",\"isHttpAllowed\":true,\"isHttpsAllowed\":true,\"queryStringCachingBehavior\"\
        :\"IgnoreQueryString\",\"originPath\":null,\"origins\":[\r\n      {\r\n  \
        \      \"name\":\"origin-0\",\"properties\":{\r\n          \"hostName\":\"\
        www.example.com\",\"httpPort\":80,\"httpsPort\":443,\"originHostHeader\":null,\"\
        priority\":null,\"weight\":null,\"enabled\":true,\"privateLinkResourceId\"\
        :null,\"privateLinkLocation\":null,\"privateLinkAlias\":null,\"privateEndpointStatus\"\
        :null,\"privateLinkApprovalMessage\":null\r\n        }\r\n      }\r\n    ],\"\
        originGroups\":[\r\n      \r\n    ],\"defaultOriginGroup\":null,\"customDomains\"\
        :[\r\n      \r\n    ],\"contentTypesToCompress\":[\r\n      \r\n    ],\"isCompressionEnabled\"\
        :false,\"optimizationType\":null,\"probePath\":null,\"geoFilters\":[\r\n \
        \     \r\n    ],\"deliveryPolicy\":null,\"webApplicationFirewallPolicyLink\"\
        :null,\"urlSigningKeys\":[\r\n      \r\n    ]\r\n  }\r\n}"
    headers:
      cache-control:
      - no-cache
      content-length:
      - '1292'
      content-type:
      - application/json; odata.metadata=minimal
      date:
      - Wed, 18 Nov 2020 22:22:14 GMT
      expires:
      - '-1'
      odata-version:
      - '4.0'
      pragma:
      - no-cache
      server:
      - Microsoft-IIS/10.0
      strict-transport-security:
      - max-age=31536000; includeSubDomains
      transfer-encoding:
      - chunked
      vary:
      - Accept-Encoding
      x-aspnet-version:
      - 4.0.30319
      x-content-type-options:
      - nosniff
      x-ms-ratelimit-remaining-subscription-resource-requests:
      - '49'
      x-powered-by:
      - ASP.NET
    status:
      code: 200
      message: OK
- request:
    body: null
    headers:
      Accept:
      - application/json
      Accept-Encoding:
      - gzip, deflate
      CommandName:
      - cdn custom-domain create
      Connection:
      - keep-alive
      ParameterSetName:
      - -g -n --endpoint-name --profile-name --hostname
      User-Agent:
      - python/3.8.5 (macOS-10.16-x86_64-i386-64bit) msrest/0.6.18 msrest_azure/0.6.3
        azure-mgmt-resource/10.2.0 Azure-SDK-For-Python AZURECLI/2.15.0
      accept-language:
      - en-US
    method: GET
    uri: https://management.azure.com/subscriptions/00000000-0000-0000-0000-000000000000/resourcegroups/clitest.rg000001?api-version=2020-06-01
  response:
    body:
      string: '{"id":"/subscriptions/00000000-0000-0000-0000-000000000000/resourceGroups/clitest.rg000001","name":"clitest.rg000001","type":"Microsoft.Resources/resourceGroups","location":"westus","tags":{"product":"azurecli","cause":"automation","date":"2020-11-18T22:20:59Z"},"properties":{"provisioningState":"Succeeded"}}'
    headers:
      cache-control:
      - no-cache
      content-length:
      - '428'
      content-type:
      - application/json; charset=utf-8
      date:
      - Wed, 18 Nov 2020 22:22:14 GMT
      expires:
      - '-1'
      pragma:
      - no-cache
      strict-transport-security:
      - max-age=31536000; includeSubDomains
      vary:
      - Accept-Encoding
      x-content-type-options:
      - nosniff
    status:
      code: 200
      message: OK
- request:
    body: '{"properties": {"hostName": "customdomain000002.cdn-cli-test-2.azfdtest.xyz"}}'
    headers:
      Accept:
      - application/json
      Accept-Encoding:
      - gzip, deflate
      CommandName:
      - cdn custom-domain create
      Connection:
      - keep-alive
      Content-Length:
      - '80'
      Content-Type:
      - application/json; charset=utf-8
      ParameterSetName:
      - -g -n --endpoint-name --profile-name --hostname
      User-Agent:
      - python/3.8.5 (macOS-10.16-x86_64-i386-64bit) msrest/0.6.18 msrest_azure/0.6.3
        azure-mgmt-cdn/5.1.0 Azure-SDK-For-Python AZURECLI/2.15.0
      accept-language:
      - en-US
    method: PUT
    uri: https://management.azure.com/subscriptions/00000000-0000-0000-0000-000000000000/resourceGroups/clitest.rg000001/providers/Microsoft.Cdn/profiles/profile123/endpoints/cdn-cli-test-2/customDomains/customdomain000002?api-version=2020-04-15
  response:
    body:
      string: "{\r\n  \"name\":\"customdomain000002\",\"id\":\"/subscriptions/00000000-0000-0000-0000-000000000000/resourcegroups/clitest.rg000001/providers/Microsoft.Cdn/profiles/profile123/endpoints/cdn-cli-test-2/customdomains/customdomain000002\"\
        ,\"type\":\"Microsoft.Cdn/profiles/endpoints/customdomains\",\"properties\"\
        :{\r\n    \"provisioningState\":\"Creating\",\"resourceState\":\"Creating\"\
        ,\"hostName\":\"customdomain000002.cdn-cli-test-2.azfdtest.xyz\",\"validationData\"\
        :null,\"customHttpsProvisioningState\":\"Disabled\",\"customHttpsProvisioningSubstate\"\
        :\"None\",\"customHttpsParameters\":null\r\n  }\r\n}"
    headers:
      azure-asyncoperation:
      - https://management.azure.com/subscriptions/00000000-0000-0000-0000-000000000000/resourcegroups/clitest.rg000001/providers/Microsoft.Cdn/operationresults/43ce9389-fa9d-4e84-8382-b3c7b3fad47f?api-version=2020-04-15
      cache-control:
      - no-cache
      content-length:
      - '626'
      content-type:
      - application/json; odata.metadata=minimal
      date:
      - Wed, 18 Nov 2020 22:22:17 GMT
      expires:
      - '-1'
      odata-version:
      - '4.0'
      pragma:
      - no-cache
      server:
      - Microsoft-IIS/10.0
      strict-transport-security:
      - max-age=31536000; includeSubDomains
      x-aspnet-version:
      - 4.0.30319
      x-content-type-options:
      - nosniff
      x-ms-ratelimit-remaining-subscription-writes:
      - '1199'
      x-powered-by:
      - ASP.NET
    status:
      code: 201
      message: Created
- request:
    body: null
    headers:
      Accept:
      - application/json
      Accept-Encoding:
      - gzip, deflate
      CommandName:
      - cdn custom-domain create
      Connection:
      - keep-alive
      ParameterSetName:
      - -g -n --endpoint-name --profile-name --hostname
      User-Agent:
      - python/3.8.5 (macOS-10.16-x86_64-i386-64bit) msrest/0.6.18 msrest_azure/0.6.3
        azure-mgmt-cdn/5.1.0 Azure-SDK-For-Python AZURECLI/2.15.0
    method: GET
    uri: https://management.azure.com/subscriptions/00000000-0000-0000-0000-000000000000/resourcegroups/clitest.rg000001/providers/Microsoft.Cdn/operationresults/43ce9389-fa9d-4e84-8382-b3c7b3fad47f?api-version=2020-04-15
  response:
    body:
      string: "{\r\n  \"status\":\"Succeeded\",\"error\":{\r\n    \"code\":\"None\"\
        ,\"message\":null\r\n  }\r\n}"
    headers:
      cache-control:
      - no-cache
      content-length:
      - '77'
      content-type:
      - application/json; odata.metadata=minimal
      date:
      - Wed, 18 Nov 2020 22:22:28 GMT
      expires:
      - '-1'
      odata-version:
      - '4.0'
      pragma:
      - no-cache
      server:
      - Microsoft-IIS/10.0
      strict-transport-security:
      - max-age=31536000; includeSubDomains
      transfer-encoding:
      - chunked
      vary:
      - Accept-Encoding
      x-aspnet-version:
      - 4.0.30319
      x-content-type-options:
      - nosniff
      x-powered-by:
      - ASP.NET
    status:
      code: 200
      message: OK
- request:
    body: null
    headers:
      Accept:
      - application/json
      Accept-Encoding:
      - gzip, deflate
      CommandName:
      - cdn custom-domain create
      Connection:
      - keep-alive
      ParameterSetName:
      - -g -n --endpoint-name --profile-name --hostname
      User-Agent:
      - python/3.8.5 (macOS-10.16-x86_64-i386-64bit) msrest/0.6.18 msrest_azure/0.6.3
        azure-mgmt-cdn/5.1.0 Azure-SDK-For-Python AZURECLI/2.15.0
    method: GET
    uri: https://management.azure.com/subscriptions/00000000-0000-0000-0000-000000000000/resourceGroups/clitest.rg000001/providers/Microsoft.Cdn/profiles/profile123/endpoints/cdn-cli-test-2/customDomains/customdomain000002?api-version=2020-04-15
  response:
    body:
      string: "{\r\n  \"name\":\"customdomain000002\",\"id\":\"/subscriptions/00000000-0000-0000-0000-000000000000/resourcegroups/clitest.rg000001/providers/Microsoft.Cdn/profiles/profile123/endpoints/cdn-cli-test-2/customdomains/customdomain000002\"\
        ,\"type\":\"Microsoft.Cdn/profiles/endpoints/customdomains\",\"properties\"\
        :{\r\n    \"provisioningState\":\"Succeeded\",\"resourceState\":\"Active\"\
        ,\"hostName\":\"customdomain000002.cdn-cli-test-2.azfdtest.xyz\",\"validationData\"\
        :null,\"customHttpsProvisioningState\":\"Disabled\",\"customHttpsProvisioningSubstate\"\
        :\"None\",\"customHttpsParameters\":null\r\n  }\r\n}"
    headers:
      cache-control:
      - no-cache
      content-length:
      - '625'
      content-type:
      - application/json; odata.metadata=minimal
      date:
      - Wed, 18 Nov 2020 22:22:28 GMT
      expires:
      - '-1'
      odata-version:
      - '4.0'
      pragma:
      - no-cache
      server:
      - Microsoft-IIS/10.0
      strict-transport-security:
      - max-age=31536000; includeSubDomains
      transfer-encoding:
      - chunked
      vary:
      - Accept-Encoding
      x-aspnet-version:
      - 4.0.30319
      x-content-type-options:
      - nosniff
      x-powered-by:
      - ASP.NET
    status:
      code: 200
      message: OK
- request:
    body: null
    headers:
      Accept:
      - application/json
      Accept-Encoding:
      - gzip, deflate
      CommandName:
      - cdn custom-domain show
      Connection:
      - keep-alive
      ParameterSetName:
      - -g -n --endpoint-name --profile-name
      User-Agent:
      - python/3.8.5 (macOS-10.16-x86_64-i386-64bit) msrest/0.6.18 msrest_azure/0.6.3
        azure-mgmt-cdn/5.1.0 Azure-SDK-For-Python AZURECLI/2.15.0
      accept-language:
      - en-US
    method: GET
    uri: https://management.azure.com/subscriptions/00000000-0000-0000-0000-000000000000/resourceGroups/clitest.rg000001/providers/Microsoft.Cdn/profiles/profile123/endpoints/cdn-cli-test-2/customDomains/customdomain000002?api-version=2020-04-15
  response:
    body:
      string: "{\r\n  \"name\":\"customdomain000002\",\"id\":\"/subscriptions/00000000-0000-0000-0000-000000000000/resourcegroups/clitest.rg000001/providers/Microsoft.Cdn/profiles/profile123/endpoints/cdn-cli-test-2/customdomains/customdomain000002\"\
        ,\"type\":\"Microsoft.Cdn/profiles/endpoints/customdomains\",\"properties\"\
        :{\r\n    \"provisioningState\":\"Succeeded\",\"resourceState\":\"Active\"\
        ,\"hostName\":\"customdomain000002.cdn-cli-test-2.azfdtest.xyz\",\"validationData\"\
        :null,\"customHttpsProvisioningState\":\"Disabled\",\"customHttpsProvisioningSubstate\"\
        :\"None\",\"customHttpsParameters\":null\r\n  }\r\n}"
    headers:
      cache-control:
      - no-cache
      content-length:
      - '625'
      content-type:
      - application/json; odata.metadata=minimal
      date:
      - Wed, 18 Nov 2020 22:22:30 GMT
      expires:
      - '-1'
      odata-version:
      - '4.0'
      pragma:
      - no-cache
      server:
      - Microsoft-IIS/10.0
      strict-transport-security:
      - max-age=31536000; includeSubDomains
      transfer-encoding:
      - chunked
      vary:
      - Accept-Encoding
      x-aspnet-version:
      - 4.0.30319
      x-content-type-options:
      - nosniff
      x-powered-by:
      - ASP.NET
    status:
      code: 200
      message: OK
- request:
    body: null
    headers:
      Accept:
      - application/json
      Accept-Encoding:
      - gzip, deflate
      CommandName:
      - cdn custom-domain enable-https
      Connection:
      - keep-alive
      ParameterSetName:
      - -g -n --endpoint-name --profile-name
      User-Agent:
      - python/3.8.5 (macOS-10.16-x86_64-i386-64bit) msrest/0.6.18 msrest_azure/0.6.3
        azure-mgmt-cdn/5.1.0 Azure-SDK-For-Python AZURECLI/2.15.0
      accept-language:
      - en-US
    method: GET
    uri: https://management.azure.com/subscriptions/00000000-0000-0000-0000-000000000000/resourceGroups/clitest.rg000001/providers/Microsoft.Cdn/profiles/profile123?api-version=2020-04-15
  response:
    body:
      string: "{\r\n  \"name\":\"profile123\",\"id\":\"/subscriptions/00000000-0000-0000-0000-000000000000/resourcegroups/clitest.rg000001/providers/Microsoft.Cdn/profiles/profile123\"\
        ,\"type\":\"Microsoft.Cdn/profiles\",\"tags\":{\r\n    \r\n  },\"location\"\
        :\"WestUs\",\"sku\":{\r\n    \"name\":\"Standard_Akamai\"\r\n  },\"properties\"\
        :{\r\n    \"provisioningState\":\"Succeeded\",\"resourceState\":\"Active\"\
        \r\n  }\r\n}"
    headers:
      cache-control:
      - no-cache
      content-length:
      - '418'
      content-type:
      - application/json; odata.metadata=minimal
      date:
      - Wed, 18 Nov 2020 22:22:32 GMT
      expires:
      - '-1'
      odata-version:
      - '4.0'
      pragma:
      - no-cache
      server:
      - Microsoft-IIS/10.0
      strict-transport-security:
      - max-age=31536000; includeSubDomains
      transfer-encoding:
      - chunked
      vary:
      - Accept-Encoding
      x-aspnet-version:
      - 4.0.30319
      x-content-type-options:
      - nosniff
      x-ms-ratelimit-remaining-subscription-resource-requests:
      - '49'
      x-powered-by:
      - ASP.NET
    status:
      code: 200
      message: OK
- request:
    body: '{"protocolType": "ServerNameIndication", "certificateSource": "Cdn", "certificateSourceParameters":
      {"@odata.type": "#Microsoft.Azure.Cdn.Models.CdnCertificateSourceParameters",
      "certificateType": "Shared"}}'
    headers:
      Accept:
      - application/json
      Accept-Encoding:
      - gzip, deflate
      CommandName:
      - cdn custom-domain enable-https
      Connection:
      - keep-alive
      Content-Length:
      - '207'
      Content-Type:
      - application/json; charset=utf-8
      ParameterSetName:
      - -g -n --endpoint-name --profile-name
      User-Agent:
      - python/3.8.5 (macOS-10.16-x86_64-i386-64bit) msrest/0.6.18 msrest_azure/0.6.3
        azure-mgmt-cdn/5.1.0 Azure-SDK-For-Python AZURECLI/2.15.0
      accept-language:
      - en-US
    method: POST
    uri: https://management.azure.com/subscriptions/00000000-0000-0000-0000-000000000000/resourceGroups/clitest.rg000001/providers/Microsoft.Cdn/profiles/profile123/endpoints/cdn-cli-test-2/customDomains/customdomain000002/enableCustomHttps?api-version=2020-04-15
  response:
    body:
      string: "{\r\n  \"provisioningState\":\"Succeeded\",\"resourceState\":\"Active\"\
        ,\"hostName\":\"customdomain000002.cdn-cli-test-2.azfdtest.xyz\",\"validationData\"\
        :null,\"customHttpsProvisioningState\":\"Enabling\",\"customHttpsProvisioningSubstate\"\
        :\"SubmittingDomainControlValidationRequest\",\"customHttpsParameters\":{\r\
        \n    \"certificateSource\":\"Cdn\",\"certificateSourceParameters\":{\r\n\
        \      \"@odata.type\":\"#Microsoft.Azure.Cdn.Models.CdnCertificateSourceParameters\"\
        ,\"certificateType\":\"Shared\"\r\n    },\"minimumTlsVersion\":\"None\",\"\
        protocolType\":\"ServerNameIndication\"\r\n  }\r\n}"
    headers:
      azure-asyncoperation:
      - https://management.azure.com/subscriptions/00000000-0000-0000-0000-000000000000/resourcegroups/clitest.rg000001/providers/Microsoft.Cdn/operationresults/6247071c-9f71-411d-a6c1-2ec3aee18139?api-version=2020-04-15
      cache-control:
      - no-cache
      content-length:
      - '542'
      content-type:
      - application/json; odata.metadata=minimal
      date:
      - Wed, 18 Nov 2020 22:22:36 GMT
      expires:
      - '-1'
      location:
      - https://management.azure.com/subscriptions/00000000-0000-0000-0000-000000000000/resourcegroups/clitest.rg000001/providers/Microsoft.Cdn/operationresults/6247071c-9f71-411d-a6c1-2ec3aee18139/profileresults/profile123/endpointresults/cdn-cli-test-2/customdomainresults/customdomain000002?api-version=2020-04-15
      odata-version:
      - '4.0'
      pragma:
      - no-cache
      server:
      - Microsoft-IIS/10.0
      strict-transport-security:
      - max-age=31536000; includeSubDomains
      x-aspnet-version:
      - 4.0.30319
      x-content-type-options:
      - nosniff
      x-ms-ratelimit-remaining-subscription-writes:
      - '1199'
      x-powered-by:
      - ASP.NET
    status:
      code: 202
      message: Accepted
- request:
    body: null
    headers:
      Accept:
      - application/json
      Accept-Encoding:
      - gzip, deflate
      CommandName:
      - cdn custom-domain enable-https
      Connection:
      - keep-alive
      ParameterSetName:
      - -g -n --endpoint-name --profile-name
      User-Agent:
      - python/3.8.5 (macOS-10.16-x86_64-i386-64bit) msrest/0.6.18 msrest_azure/0.6.3
        azure-mgmt-cdn/5.1.0 Azure-SDK-For-Python AZURECLI/2.15.0
      accept-language:
      - en-US
    method: GET
    uri: https://management.azure.com/subscriptions/00000000-0000-0000-0000-000000000000/resourceGroups/clitest.rg000001/providers/Microsoft.Cdn/profiles/profile123/endpoints/cdn-cli-test-2/customDomains/customdomain000002?api-version=2020-04-15
  response:
    body:
      string: "{\r\n  \"name\":\"customdomain000002\",\"id\":\"/subscriptions/00000000-0000-0000-0000-000000000000/resourcegroups/clitest.rg000001/providers/Microsoft.Cdn/profiles/profile123/endpoints/cdn-cli-test-2/customdomains/customdomain000002\"\
        ,\"type\":\"Microsoft.Cdn/profiles/endpoints/customdomains\",\"properties\"\
        :{\r\n    \"provisioningState\":\"Succeeded\",\"resourceState\":\"Active\"\
        ,\"hostName\":\"customdomain000002.cdn-cli-test-2.azfdtest.xyz\",\"validationData\"\
        :null,\"customHttpsProvisioningState\":\"Enabling\",\"customHttpsProvisioningSubstate\"\
        :\"SubmittingDomainControlValidationRequest\",\"customHttpsParameters\":{\r\
        \n      \"certificateSource\":\"Cdn\",\"certificateSourceParameters\":{\r\n\
        \        \"@odata.type\":\"#Microsoft.Azure.Cdn.Models.CdnCertificateSourceParameters\"\
        ,\"certificateType\":\"Shared\"\r\n      },\"minimumTlsVersion\":\"None\"\
        ,\"protocolType\":\"ServerNameIndication\"\r\n    }\r\n  }\r\n}"
    headers:
      cache-control:
      - no-cache
      content-length:
      - '915'
      content-type:
      - application/json; odata.metadata=minimal
      date:
      - Wed, 18 Nov 2020 22:22:37 GMT
      expires:
      - '-1'
      odata-version:
      - '4.0'
      pragma:
      - no-cache
      server:
      - Microsoft-IIS/10.0
      strict-transport-security:
      - max-age=31536000; includeSubDomains
      transfer-encoding:
      - chunked
      vary:
      - Accept-Encoding
      x-aspnet-version:
      - 4.0.30319
      x-content-type-options:
      - nosniff
      x-powered-by:
      - ASP.NET
    status:
      code: 200
      message: OK
- request:
    body: null
    headers:
      Accept:
      - application/json
      Accept-Encoding:
      - gzip, deflate
      CommandName:
      - cdn custom-domain disable-https
      Connection:
      - keep-alive
      Content-Length:
      - '0'
      ParameterSetName:
      - -g -n --endpoint-name --profile-name
      User-Agent:
      - python/3.8.5 (macOS-10.16-x86_64-i386-64bit) msrest/0.6.18 msrest_azure/0.6.3
        azure-mgmt-cdn/5.1.0 Azure-SDK-For-Python AZURECLI/2.15.0
      accept-language:
      - en-US
    method: POST
    uri: https://management.azure.com/subscriptions/00000000-0000-0000-0000-000000000000/resourceGroups/clitest.rg000001/providers/Microsoft.Cdn/profiles/profile123/endpoints/cdn-cli-test-2/customDomains/customdomain000002/disableCustomHttps?api-version=2020-04-15
  response:
    body:
      string: "{\r\n  \"error\": {\r\n    \"code\": \"BadRequest\",\r\n    \"message\"\
        : \"The requested operation cannot be executed on the entity in the current\
        \ state.\"\r\n  }\r\n}"
    headers:
      cache-control:
      - no-cache
      content-language:
      - en-US
      content-length:
      - '147'
      content-type:
      - application/json; charset=utf-8
      date:
      - Wed, 18 Nov 2020 22:22:38 GMT
      expires:
      - '-1'
      pragma:
      - no-cache
      server:
      - Microsoft-IIS/10.0
      strict-transport-security:
      - max-age=31536000; includeSubDomains
      x-aspnet-version:
      - 4.0.30319
      x-content-type-options:
      - nosniff
      x-ms-ratelimit-remaining-subscription-writes:
      - '1199'
      x-powered-by:
      - ASP.NET
    status:
      code: 400
      message: Bad Request
version: 1
