interactions:
- request:
    body: null
    headers:
      Accept:
      - application/json
      Accept-Encoding:
      - gzip, deflate
      CommandName:
      - cdn profile create
      Connection:
      - keep-alive
      ParameterSetName:
      - -g -n --sku
      User-Agent:
      - python/3.8.4 (macOS-10.15.4-x86_64-i386-64bit) msrest/0.6.9 msrest_azure/0.6.3
        azure-mgmt-resource/10.1.0 Azure-SDK-For-Python AZURECLI/2.9.1
      accept-language:
      - en-US
    method: GET
    uri: https://management.azure.com/subscriptions/00000000-0000-0000-0000-000000000000/resourcegroups/clitest.rg000001?api-version=2020-06-01
  response:
    body:
      string: '{"id":"/subscriptions/00000000-0000-0000-0000-000000000000/resourceGroups/clitest.rg000001","name":"clitest.rg000001","type":"Microsoft.Resources/resourceGroups","location":"westus","tags":{"product":"azurecli","cause":"automation","date":"2020-07-29T22:17:19Z"},"properties":{"provisioningState":"Succeeded"}}'
    headers:
      cache-control:
      - no-cache
      content-length:
      - '428'
      content-type:
      - application/json; charset=utf-8
      date:
      - Wed, 29 Jul 2020 22:17:23 GMT
      expires:
      - '-1'
      pragma:
      - no-cache
      strict-transport-security:
      - max-age=31536000; includeSubDomains
      vary:
      - Accept-Encoding
      x-content-type-options:
      - nosniff
    status:
      code: 200
      message: OK
- request:
    body: '{"location": "westus", "sku": {"name": "Standard_Verizon"}}'
    headers:
      Accept:
      - application/json
      Accept-Encoding:
      - gzip, deflate
      CommandName:
      - cdn profile create
      Connection:
      - keep-alive
      Content-Length:
      - '59'
      Content-Type:
      - application/json; charset=utf-8
      ParameterSetName:
      - -g -n --sku
      User-Agent:
      - python/3.8.4 (macOS-10.15.4-x86_64-i386-64bit) msrest/0.6.9 msrest_azure/0.6.3
        azure-mgmt-cdn/5.0.0 Azure-SDK-For-Python AZURECLI/2.9.1
      accept-language:
      - en-US
    method: PUT
    uri: https://management.azure.com/subscriptions/00000000-0000-0000-0000-000000000000/resourceGroups/clitest.rg000001/providers/Microsoft.Cdn/profiles/profile123?api-version=2020-04-15
  response:
    body:
      string: "{\r\n  \"name\":\"profile123\",\"id\":\"/subscriptions/00000000-0000-0000-0000-000000000000/resourcegroups/clitest.rg000001/providers/Microsoft.Cdn/profiles/profile123\"\
        ,\"type\":\"Microsoft.Cdn/profiles\",\"tags\":{\r\n    \r\n  },\"location\"\
        :\"WestUs\",\"sku\":{\r\n    \"name\":\"Standard_Verizon\"\r\n  },\"properties\"\
        :{\r\n    \"provisioningState\":\"Creating\",\"resourceState\":\"Creating\"\
        \r\n  }\r\n}"
    headers:
      azure-asyncoperation:
      - https://management.azure.com/subscriptions/00000000-0000-0000-0000-000000000000/resourcegroups/clitest.rg000001/providers/Microsoft.Cdn/operationresults/05bc0f7e-c3b0-4a06-8cd6-9ab46e7d6944?api-version=2020-04-15
      cache-control:
      - no-cache
      content-length:
      - '420'
      content-type:
      - application/json; odata.metadata=minimal
      date:
      - Wed, 29 Jul 2020 22:17:35 GMT
      expires:
      - '-1'
      odata-version:
      - '4.0'
      pragma:
      - no-cache
      server:
      - Microsoft-IIS/8.5
      strict-transport-security:
      - max-age=31536000; includeSubDomains
      x-aspnet-version:
      - 4.0.30319
      x-content-type-options:
      - nosniff
      x-ms-ratelimit-remaining-subscription-resource-requests:
      - '23'
      x-powered-by:
      - ASP.NET
    status:
      code: 201
      message: Created
- request:
    body: null
    headers:
      Accept:
      - application/json
      Accept-Encoding:
      - gzip, deflate
      CommandName:
      - cdn profile create
      Connection:
      - keep-alive
      ParameterSetName:
      - -g -n --sku
      User-Agent:
      - python/3.8.4 (macOS-10.15.4-x86_64-i386-64bit) msrest/0.6.9 msrest_azure/0.6.3
        azure-mgmt-cdn/5.0.0 Azure-SDK-For-Python AZURECLI/2.9.1
    method: GET
    uri: https://management.azure.com/subscriptions/00000000-0000-0000-0000-000000000000/resourcegroups/clitest.rg000001/providers/Microsoft.Cdn/operationresults/05bc0f7e-c3b0-4a06-8cd6-9ab46e7d6944?api-version=2020-04-15
  response:
    body:
      string: "{\r\n  \"status\":\"InProgress\",\"error\":{\r\n    \"code\":\"None\"\
        ,\"message\":null\r\n  }\r\n}"
    headers:
      cache-control:
      - no-cache
      content-length:
      - '78'
      content-type:
      - application/json; odata.metadata=minimal
      date:
      - Wed, 29 Jul 2020 22:18:03 GMT
      expires:
      - '-1'
      odata-version:
      - '4.0'
      pragma:
      - no-cache
      server:
      - Microsoft-IIS/8.5
      strict-transport-security:
      - max-age=31536000; includeSubDomains
      transfer-encoding:
      - chunked
      vary:
      - Accept-Encoding
      x-aspnet-version:
      - 4.0.30319
      x-content-type-options:
      - nosniff
      x-powered-by:
      - ASP.NET
    status:
      code: 200
      message: OK
- request:
    body: null
    headers:
      Accept:
      - application/json
      Accept-Encoding:
      - gzip, deflate
      CommandName:
      - cdn profile create
      Connection:
      - keep-alive
      ParameterSetName:
      - -g -n --sku
      User-Agent:
      - python/3.8.4 (macOS-10.15.4-x86_64-i386-64bit) msrest/0.6.9 msrest_azure/0.6.3
        azure-mgmt-cdn/5.0.0 Azure-SDK-For-Python AZURECLI/2.9.1
    method: GET
    uri: https://management.azure.com/subscriptions/00000000-0000-0000-0000-000000000000/resourcegroups/clitest.rg000001/providers/Microsoft.Cdn/operationresults/05bc0f7e-c3b0-4a06-8cd6-9ab46e7d6944?api-version=2020-04-15
  response:
    body:
      string: "{\r\n  \"status\":\"Succeeded\",\"error\":{\r\n    \"code\":\"None\"\
        ,\"message\":null\r\n  }\r\n}"
    headers:
      cache-control:
      - no-cache
      content-length:
      - '77'
      content-type:
      - application/json; odata.metadata=minimal
      date:
      - Wed, 29 Jul 2020 22:18:34 GMT
      expires:
      - '-1'
      odata-version:
      - '4.0'
      pragma:
      - no-cache
      server:
      - Microsoft-IIS/8.5
      strict-transport-security:
      - max-age=31536000; includeSubDomains
      transfer-encoding:
      - chunked
      vary:
      - Accept-Encoding
      x-aspnet-version:
      - 4.0.30319
      x-content-type-options:
      - nosniff
      x-powered-by:
      - ASP.NET
    status:
      code: 200
      message: OK
- request:
    body: null
    headers:
      Accept:
      - application/json
      Accept-Encoding:
      - gzip, deflate
      CommandName:
      - cdn profile create
      Connection:
      - keep-alive
      ParameterSetName:
      - -g -n --sku
      User-Agent:
      - python/3.8.4 (macOS-10.15.4-x86_64-i386-64bit) msrest/0.6.9 msrest_azure/0.6.3
        azure-mgmt-cdn/5.0.0 Azure-SDK-For-Python AZURECLI/2.9.1
    method: GET
    uri: https://management.azure.com/subscriptions/00000000-0000-0000-0000-000000000000/resourceGroups/clitest.rg000001/providers/Microsoft.Cdn/profiles/profile123?api-version=2020-04-15
  response:
    body:
      string: "{\r\n  \"name\":\"profile123\",\"id\":\"/subscriptions/00000000-0000-0000-0000-000000000000/resourcegroups/clitest.rg000001/providers/Microsoft.Cdn/profiles/profile123\"\
        ,\"type\":\"Microsoft.Cdn/profiles\",\"tags\":{\r\n    \r\n  },\"location\"\
        :\"WestUs\",\"sku\":{\r\n    \"name\":\"Standard_Verizon\"\r\n  },\"properties\"\
        :{\r\n    \"provisioningState\":\"Succeeded\",\"resourceState\":\"Active\"\
        \r\n  }\r\n}"
    headers:
      cache-control:
      - no-cache
      content-length:
      - '419'
      content-type:
      - application/json; odata.metadata=minimal
      date:
      - Wed, 29 Jul 2020 22:18:35 GMT
      expires:
      - '-1'
      odata-version:
      - '4.0'
      pragma:
      - no-cache
      server:
      - Microsoft-IIS/8.5
      strict-transport-security:
      - max-age=31536000; includeSubDomains
      transfer-encoding:
      - chunked
      vary:
      - Accept-Encoding
      x-aspnet-version:
      - 4.0.30319
      x-content-type-options:
      - nosniff
      x-ms-ratelimit-remaining-subscription-resource-requests:
      - '49'
      x-powered-by:
      - ASP.NET
    status:
      code: 200
      message: OK
- request:
    body: null
    headers:
      Accept:
      - application/json
      Accept-Encoding:
      - gzip, deflate
      CommandName:
      - cdn endpoint create
      Connection:
      - keep-alive
      ParameterSetName:
      - -g -n --profile-name --origin
      User-Agent:
      - python/3.8.4 (macOS-10.15.4-x86_64-i386-64bit) msrest/0.6.9 msrest_azure/0.6.3
        azure-mgmt-resource/10.1.0 Azure-SDK-For-Python AZURECLI/2.9.1
      accept-language:
      - en-US
    method: GET
    uri: https://management.azure.com/subscriptions/00000000-0000-0000-0000-000000000000/resourcegroups/clitest.rg000001?api-version=2020-06-01
  response:
    body:
      string: '{"id":"/subscriptions/00000000-0000-0000-0000-000000000000/resourceGroups/clitest.rg000001","name":"clitest.rg000001","type":"Microsoft.Resources/resourceGroups","location":"westus","tags":{"product":"azurecli","cause":"automation","date":"2020-07-29T22:17:19Z"},"properties":{"provisioningState":"Succeeded"}}'
    headers:
      cache-control:
      - no-cache
      content-length:
      - '428'
      content-type:
      - application/json; charset=utf-8
      date:
      - Wed, 29 Jul 2020 22:18:35 GMT
      expires:
      - '-1'
      pragma:
      - no-cache
      strict-transport-security:
      - max-age=31536000; includeSubDomains
      vary:
      - Accept-Encoding
      x-content-type-options:
      - nosniff
    status:
      code: 200
      message: OK
- request:
    body: '{"location": "westus", "properties": {"isCompressionEnabled": false, "isHttpAllowed":
      true, "isHttpsAllowed": true, "origins": [{"name": "origin-0", "properties":
      {"hostName": "www.contoso.com", "httpPort": 80, "httpsPort": 443}}]}}'
    headers:
      Accept:
      - application/json
      Accept-Encoding:
      - gzip, deflate
      CommandName:
      - cdn endpoint create
      Connection:
      - keep-alive
      Content-Length:
      - '232'
      Content-Type:
      - application/json; charset=utf-8
      ParameterSetName:
      - -g -n --profile-name --origin
      User-Agent:
      - python/3.8.4 (macOS-10.15.4-x86_64-i386-64bit) msrest/0.6.9 msrest_azure/0.6.3
        azure-mgmt-cdn/5.0.0 Azure-SDK-For-Python AZURECLI/2.9.1
      accept-language:
      - en-US
    method: PUT
    uri: https://management.azure.com/subscriptions/00000000-0000-0000-0000-000000000000/resourceGroups/clitest.rg000001/providers/Microsoft.Cdn/profiles/profile123/endpoints/endpoint000002?api-version=2020-04-15
  response:
    body:
      string: "{\r\n  \"name\":\"endpoint000002\",\"id\":\"/subscriptions/00000000-0000-0000-0000-000000000000/resourcegroups/clitest.rg000001/providers/Microsoft.Cdn/profiles/profile123/endpoints/endpoint000002\"\
        ,\"type\":\"Microsoft.Cdn/profiles/endpoints\",\"tags\":{\r\n    \r\n  },\"\
        location\":\"WestUs\",\"properties\":{\r\n    \"hostName\":\"endpoint000002.azureedge.net\"\
        ,\"originHostHeader\":null,\"provisioningState\":\"Creating\",\"resourceState\"\
        :\"Creating\",\"isHttpAllowed\":true,\"isHttpsAllowed\":true,\"queryStringCachingBehavior\"\
        :\"IgnoreQueryString\",\"originPath\":null,\"origins\":[\r\n      {\r\n  \
        \      \"name\":\"origin-0\",\"properties\":{\r\n          \"hostName\":\"\
        www.contoso.com\",\"httpPort\":80,\"httpsPort\":443,\"originHostHeader\":null,\"\
        priority\":null,\"weight\":null,\"enabled\":true,\"privateLinkResourceId\"\
        :null,\"privateLinkLocation\":null,\"privateLinkAlias\":null,\"privateEndpointStatus\"\
        :null,\"privateLinkApprovalMessage\":null\r\n        }\r\n      }\r\n    ],\"\
        originGroups\":[\r\n      \r\n    ],\"defaultOriginGroup\":null,\"customDomains\"\
        :[\r\n      \r\n    ],\"contentTypesToCompress\":[\r\n      \r\n    ],\"isCompressionEnabled\"\
        :false,\"optimizationType\":null,\"probePath\":null,\"geoFilters\":[\r\n \
        \     \r\n    ],\"deliveryPolicy\":null,\"webApplicationFirewallPolicyLink\"\
        :null,\"urlSigningKeys\":[\r\n      \r\n    ]\r\n  }\r\n}"
    headers:
      azure-asyncoperation:
      - https://management.azure.com/subscriptions/00000000-0000-0000-0000-000000000000/resourcegroups/clitest.rg000001/providers/Microsoft.Cdn/operationresults/e4d8e06c-8ca7-4a07-a752-83c107e997e2?api-version=2020-04-15
      cache-control:
      - no-cache
      content-length:
      - '1322'
      content-type:
      - application/json; odata.metadata=minimal
      date:
      - Wed, 29 Jul 2020 22:18:44 GMT
      expires:
      - '-1'
      odata-version:
      - '4.0'
      pragma:
      - no-cache
      server:
      - Microsoft-IIS/8.5
      strict-transport-security:
      - max-age=31536000; includeSubDomains
      x-aspnet-version:
      - 4.0.30319
      x-content-type-options:
      - nosniff
      x-ms-ratelimit-remaining-subscription-resource-requests:
      - '99'
      x-powered-by:
      - ASP.NET
    status:
      code: 201
      message: Created
- request:
    body: null
    headers:
      Accept:
      - application/json
      Accept-Encoding:
      - gzip, deflate
      CommandName:
      - cdn endpoint create
      Connection:
      - keep-alive
      ParameterSetName:
      - -g -n --profile-name --origin
      User-Agent:
      - python/3.8.4 (macOS-10.15.4-x86_64-i386-64bit) msrest/0.6.9 msrest_azure/0.6.3
        azure-mgmt-cdn/5.0.0 Azure-SDK-For-Python AZURECLI/2.9.1
    method: GET
    uri: https://management.azure.com/subscriptions/00000000-0000-0000-0000-000000000000/resourcegroups/clitest.rg000001/providers/Microsoft.Cdn/operationresults/e4d8e06c-8ca7-4a07-a752-83c107e997e2?api-version=2020-04-15
  response:
    body:
      string: "{\r\n  \"status\":\"Succeeded\",\"error\":{\r\n    \"code\":\"None\"\
        ,\"message\":null\r\n  }\r\n}"
    headers:
      cache-control:
      - no-cache
      content-length:
      - '77'
      content-type:
      - application/json; odata.metadata=minimal
      date:
      - Wed, 29 Jul 2020 22:18:55 GMT
      expires:
      - '-1'
      odata-version:
      - '4.0'
      pragma:
      - no-cache
      server:
      - Microsoft-IIS/8.5
      strict-transport-security:
      - max-age=31536000; includeSubDomains
      transfer-encoding:
      - chunked
      vary:
      - Accept-Encoding
      x-aspnet-version:
      - 4.0.30319
      x-content-type-options:
      - nosniff
      x-powered-by:
      - ASP.NET
    status:
      code: 200
      message: OK
- request:
    body: null
    headers:
      Accept:
      - application/json
      Accept-Encoding:
      - gzip, deflate
      CommandName:
      - cdn endpoint create
      Connection:
      - keep-alive
      ParameterSetName:
      - -g -n --profile-name --origin
      User-Agent:
      - python/3.8.4 (macOS-10.15.4-x86_64-i386-64bit) msrest/0.6.9 msrest_azure/0.6.3
        azure-mgmt-cdn/5.0.0 Azure-SDK-For-Python AZURECLI/2.9.1
    method: GET
    uri: https://management.azure.com/subscriptions/00000000-0000-0000-0000-000000000000/resourceGroups/clitest.rg000001/providers/Microsoft.Cdn/profiles/profile123/endpoints/endpoint000002?api-version=2020-04-15
  response:
    body:
      string: "{\r\n  \"name\":\"endpoint000002\",\"id\":\"/subscriptions/00000000-0000-0000-0000-000000000000/resourcegroups/clitest.rg000001/providers/Microsoft.Cdn/profiles/profile123/endpoints/endpoint000002\"\
        ,\"type\":\"Microsoft.Cdn/profiles/endpoints\",\"tags\":{\r\n    \r\n  },\"\
        location\":\"WestUs\",\"properties\":{\r\n    \"hostName\":\"endpoint000002.azureedge.net\"\
        ,\"originHostHeader\":null,\"provisioningState\":\"Succeeded\",\"resourceState\"\
        :\"Running\",\"isHttpAllowed\":true,\"isHttpsAllowed\":true,\"queryStringCachingBehavior\"\
        :\"IgnoreQueryString\",\"originPath\":null,\"origins\":[\r\n      {\r\n  \
        \      \"name\":\"origin-0\",\"properties\":{\r\n          \"hostName\":\"\
        www.contoso.com\",\"httpPort\":80,\"httpsPort\":443,\"originHostHeader\":null,\"\
        priority\":null,\"weight\":null,\"enabled\":true,\"privateLinkResourceId\"\
        :null,\"privateLinkLocation\":null,\"privateLinkAlias\":null,\"privateEndpointStatus\"\
        :null,\"privateLinkApprovalMessage\":null\r\n        }\r\n      }\r\n    ],\"\
        originGroups\":[\r\n      \r\n    ],\"defaultOriginGroup\":null,\"customDomains\"\
        :[\r\n      \r\n    ],\"contentTypesToCompress\":[\r\n      \r\n    ],\"isCompressionEnabled\"\
        :false,\"optimizationType\":null,\"probePath\":null,\"geoFilters\":[\r\n \
        \     \r\n    ],\"deliveryPolicy\":null,\"webApplicationFirewallPolicyLink\"\
        :null,\"urlSigningKeys\":[\r\n      \r\n    ]\r\n  }\r\n}"
    headers:
      cache-control:
      - no-cache
      content-length:
      - '1322'
      content-type:
      - application/json; odata.metadata=minimal
      date:
      - Wed, 29 Jul 2020 22:18:56 GMT
      expires:
      - '-1'
      odata-version:
      - '4.0'
      pragma:
      - no-cache
      server:
      - Microsoft-IIS/8.5
      strict-transport-security:
      - max-age=31536000; includeSubDomains
      transfer-encoding:
      - chunked
      vary:
      - Accept-Encoding
      x-aspnet-version:
      - 4.0.30319
      x-content-type-options:
      - nosniff
      x-ms-ratelimit-remaining-subscription-resource-requests:
      - '49'
      x-powered-by:
      - ASP.NET
    status:
      code: 200
      message: OK
- request:
    body: '{"contentPaths": ["/index.html", "/javascript/app.js"]}'
    headers:
      Accept:
      - application/json
      Accept-Encoding:
      - gzip, deflate
      CommandName:
      - cdn endpoint load
      Connection:
      - keep-alive
      Content-Length:
      - '55'
      Content-Type:
      - application/json; charset=utf-8
      ParameterSetName:
      - -g -n --profile-name --content-paths
      User-Agent:
      - python/3.8.4 (macOS-10.15.4-x86_64-i386-64bit) msrest/0.6.9 msrest_azure/0.6.3
        azure-mgmt-cdn/5.0.0 Azure-SDK-For-Python AZURECLI/2.9.1
      accept-language:
      - en-US
    method: POST
    uri: https://management.azure.com/subscriptions/00000000-0000-0000-0000-000000000000/resourceGroups/clitest.rg000001/providers/Microsoft.Cdn/profiles/profile123/endpoints/endpoint000002/load?api-version=2020-04-15
  response:
    body:
      string: ''
    headers:
      azure-asyncoperation:
      - https://management.azure.com/subscriptions/00000000-0000-0000-0000-000000000000/resourcegroups/clitest.rg000001/providers/Microsoft.Cdn/operationresults/9f39c7ab-616f-44fd-85bb-418293be5bb5?api-version=2020-04-15
      cache-control:
      - no-cache
      content-length:
      - '0'
      date:
      - Wed, 29 Jul 2020 22:18:59 GMT
      expires:
      - '-1'
      location:
      - https://management.azure.com/subscriptions/00000000-0000-0000-0000-000000000000/resourcegroups/clitest.rg000001/providers/Microsoft.Cdn/operationresults/9f39c7ab-616f-44fd-85bb-418293be5bb5/profileresults/profile123/endpointresults/endpoint000002?api-version=2020-04-15
      pragma:
      - no-cache
      server:
      - Microsoft-IIS/8.5
      strict-transport-security:
      - max-age=31536000; includeSubDomains
      x-aspnet-version:
      - 4.0.30319
      x-content-type-options:
      - nosniff
      x-ms-ratelimit-remaining-subscription-resource-requests:
      - '499'
      x-powered-by:
      - ASP.NET
    status:
      code: 202
      message: Accepted
- request:
    body: null
    headers:
      Accept:
      - application/json
      Accept-Encoding:
      - gzip, deflate
      CommandName:
      - cdn endpoint load
      Connection:
      - keep-alive
      ParameterSetName:
      - -g -n --profile-name --content-paths
      User-Agent:
      - python/3.8.4 (macOS-10.15.4-x86_64-i386-64bit) msrest/0.6.9 msrest_azure/0.6.3
        azure-mgmt-cdn/5.0.0 Azure-SDK-For-Python AZURECLI/2.9.1
    method: GET
    uri: https://management.azure.com/subscriptions/00000000-0000-0000-0000-000000000000/resourcegroups/clitest.rg000001/providers/Microsoft.Cdn/operationresults/9f39c7ab-616f-44fd-85bb-418293be5bb5?api-version=2020-04-15
  response:
    body:
      string: "{\r\n  \"status\":\"InProgress\",\"error\":{\r\n    \"code\":\"None\"\
        ,\"message\":null\r\n  }\r\n}"
    headers:
      cache-control:
      - no-cache
      content-length:
      - '78'
      content-type:
      - application/json; odata.metadata=minimal
      date:
      - Wed, 29 Jul 2020 22:19:10 GMT
      expires:
      - '-1'
      odata-version:
      - '4.0'
      pragma:
      - no-cache
      server:
      - Microsoft-IIS/8.5
      strict-transport-security:
      - max-age=31536000; includeSubDomains
      transfer-encoding:
      - chunked
      vary:
      - Accept-Encoding
      x-aspnet-version:
      - 4.0.30319
      x-content-type-options:
      - nosniff
      x-powered-by:
      - ASP.NET
    status:
      code: 200
      message: OK
- request:
    body: null
    headers:
      Accept:
      - application/json
      Accept-Encoding:
      - gzip, deflate
      CommandName:
      - cdn endpoint load
      Connection:
      - keep-alive
      ParameterSetName:
      - -g -n --profile-name --content-paths
      User-Agent:
      - python/3.8.4 (macOS-10.15.4-x86_64-i386-64bit) msrest/0.6.9 msrest_azure/0.6.3
        azure-mgmt-cdn/5.0.0 Azure-SDK-For-Python AZURECLI/2.9.1
    method: GET
    uri: https://management.azure.com/subscriptions/00000000-0000-0000-0000-000000000000/resourcegroups/clitest.rg000001/providers/Microsoft.Cdn/operationresults/9f39c7ab-616f-44fd-85bb-418293be5bb5?api-version=2020-04-15
  response:
    body:
      string: "{\r\n  \"status\":\"InProgress\",\"error\":{\r\n    \"code\":\"None\"\
        ,\"message\":null\r\n  }\r\n}"
    headers:
      cache-control:
      - no-cache
      content-length:
      - '78'
      content-type:
      - application/json; odata.metadata=minimal
      date:
      - Wed, 29 Jul 2020 22:19:40 GMT
      expires:
      - '-1'
      odata-version:
      - '4.0'
      pragma:
      - no-cache
      server:
      - Microsoft-IIS/8.5
      strict-transport-security:
      - max-age=31536000; includeSubDomains
      transfer-encoding:
      - chunked
      vary:
      - Accept-Encoding
      x-aspnet-version:
      - 4.0.30319
      x-content-type-options:
      - nosniff
      x-powered-by:
      - ASP.NET
    status:
      code: 200
      message: OK
- request:
    body: null
    headers:
      Accept:
      - application/json
      Accept-Encoding:
      - gzip, deflate
      CommandName:
      - cdn endpoint load
      Connection:
      - keep-alive
      ParameterSetName:
      - -g -n --profile-name --content-paths
      User-Agent:
      - python/3.8.4 (macOS-10.15.4-x86_64-i386-64bit) msrest/0.6.9 msrest_azure/0.6.3
        azure-mgmt-cdn/5.0.0 Azure-SDK-For-Python AZURECLI/2.9.1
    method: GET
    uri: https://management.azure.com/subscriptions/00000000-0000-0000-0000-000000000000/resourcegroups/clitest.rg000001/providers/Microsoft.Cdn/operationresults/9f39c7ab-616f-44fd-85bb-418293be5bb5?api-version=2020-04-15
  response:
    body:
      string: "{\r\n  \"status\":\"InProgress\",\"error\":{\r\n    \"code\":\"None\"\
        ,\"message\":null\r\n  }\r\n}"
    headers:
      cache-control:
      - no-cache
      content-length:
      - '78'
      content-type:
      - application/json; odata.metadata=minimal
      date:
      - Wed, 29 Jul 2020 22:20:11 GMT
      expires:
      - '-1'
      odata-version:
      - '4.0'
      pragma:
      - no-cache
      server:
      - Microsoft-IIS/8.5
      strict-transport-security:
      - max-age=31536000; includeSubDomains
      transfer-encoding:
      - chunked
      vary:
      - Accept-Encoding
      x-aspnet-version:
      - 4.0.30319
      x-content-type-options:
      - nosniff
      x-powered-by:
      - ASP.NET
    status:
      code: 200
      message: OK
- request:
    body: null
    headers:
      Accept:
      - application/json
      Accept-Encoding:
      - gzip, deflate
      CommandName:
      - cdn endpoint load
      Connection:
      - keep-alive
      ParameterSetName:
      - -g -n --profile-name --content-paths
      User-Agent:
      - python/3.8.4 (macOS-10.15.4-x86_64-i386-64bit) msrest/0.6.9 msrest_azure/0.6.3
        azure-mgmt-cdn/5.0.0 Azure-SDK-For-Python AZURECLI/2.9.1
    method: GET
    uri: https://management.azure.com/subscriptions/00000000-0000-0000-0000-000000000000/resourcegroups/clitest.rg000001/providers/Microsoft.Cdn/operationresults/9f39c7ab-616f-44fd-85bb-418293be5bb5?api-version=2020-04-15
  response:
    body:
      string: "{\r\n  \"status\":\"InProgress\",\"error\":{\r\n    \"code\":\"None\"\
        ,\"message\":null\r\n  }\r\n}"
    headers:
      cache-control:
      - no-cache
      content-length:
      - '78'
      content-type:
      - application/json; odata.metadata=minimal
      date:
      - Wed, 29 Jul 2020 22:20:41 GMT
      expires:
      - '-1'
      odata-version:
      - '4.0'
      pragma:
      - no-cache
      server:
      - Microsoft-IIS/8.5
      strict-transport-security:
      - max-age=31536000; includeSubDomains
      transfer-encoding:
      - chunked
      vary:
      - Accept-Encoding
      x-aspnet-version:
      - 4.0.30319
      x-content-type-options:
      - nosniff
      x-powered-by:
      - ASP.NET
    status:
      code: 200
      message: OK
- request:
    body: null
    headers:
      Accept:
      - application/json
      Accept-Encoding:
      - gzip, deflate
      CommandName:
      - cdn endpoint load
      Connection:
      - keep-alive
      ParameterSetName:
      - -g -n --profile-name --content-paths
      User-Agent:
      - python/3.8.4 (macOS-10.15.4-x86_64-i386-64bit) msrest/0.6.9 msrest_azure/0.6.3
        azure-mgmt-cdn/5.0.0 Azure-SDK-For-Python AZURECLI/2.9.1
    method: GET
    uri: https://management.azure.com/subscriptions/00000000-0000-0000-0000-000000000000/resourcegroups/clitest.rg000001/providers/Microsoft.Cdn/operationresults/9f39c7ab-616f-44fd-85bb-418293be5bb5?api-version=2020-04-15
  response:
    body:
      string: "{\r\n  \"status\":\"Succeeded\",\"error\":{\r\n    \"code\":\"None\"\
        ,\"message\":null\r\n  }\r\n}"
    headers:
      cache-control:
      - no-cache
      content-length:
      - '77'
      content-type:
      - application/json; odata.metadata=minimal
      date:
      - Wed, 29 Jul 2020 22:21:13 GMT
      expires:
      - '-1'
      odata-version:
      - '4.0'
      pragma:
      - no-cache
      server:
      - Microsoft-IIS/8.5
      strict-transport-security:
      - max-age=31536000; includeSubDomains
      transfer-encoding:
      - chunked
      vary:
      - Accept-Encoding
      x-aspnet-version:
      - 4.0.30319
      x-content-type-options:
      - nosniff
      x-powered-by:
      - ASP.NET
    status:
      code: 200
      message: OK
- request:
    body: '{"contentPaths": ["/index.html", "/javascript/*"]}'
    headers:
      Accept:
      - application/json
      Accept-Encoding:
      - gzip, deflate
      CommandName:
      - cdn endpoint purge
      Connection:
      - keep-alive
      Content-Length:
      - '50'
      Content-Type:
      - application/json; charset=utf-8
      ParameterSetName:
      - -g -n --profile-name --content-paths
      User-Agent:
      - python/3.8.4 (macOS-10.15.4-x86_64-i386-64bit) msrest/0.6.9 msrest_azure/0.6.3
        azure-mgmt-cdn/5.0.0 Azure-SDK-For-Python AZURECLI/2.9.1
      accept-language:
      - en-US
    method: POST
    uri: https://management.azure.com/subscriptions/00000000-0000-0000-0000-000000000000/resourceGroups/clitest.rg000001/providers/Microsoft.Cdn/profiles/profile123/endpoints/endpoint000002/purge?api-version=2020-04-15
  response:
    body:
      string: ''
    headers:
      azure-asyncoperation:
      - https://management.azure.com/subscriptions/00000000-0000-0000-0000-000000000000/resourcegroups/clitest.rg000001/providers/Microsoft.Cdn/operationresults/32b06876-63c3-47e0-a0da-719e4d839a4d?api-version=2020-04-15
      cache-control:
      - no-cache
      content-length:
      - '0'
      date:
      - Wed, 29 Jul 2020 22:21:15 GMT
      expires:
      - '-1'
      location:
      - https://management.azure.com/subscriptions/00000000-0000-0000-0000-000000000000/resourcegroups/clitest.rg000001/providers/Microsoft.Cdn/operationresults/32b06876-63c3-47e0-a0da-719e4d839a4d/profileresults/profile123/endpointresults/endpoint000002?api-version=2020-04-15
      pragma:
      - no-cache
      server:
      - Microsoft-IIS/8.5
      strict-transport-security:
      - max-age=31536000; includeSubDomains
      x-aspnet-version:
      - 4.0.30319
      x-content-type-options:
      - nosniff
      x-ms-ratelimit-remaining-subscription-resource-requests:
      - '499'
      x-powered-by:
      - ASP.NET
    status:
      code: 202
      message: Accepted
- request:
    body: null
    headers:
      Accept:
      - application/json
      Accept-Encoding:
      - gzip, deflate
      CommandName:
      - cdn endpoint purge
      Connection:
      - keep-alive
      ParameterSetName:
      - -g -n --profile-name --content-paths
      User-Agent:
      - python/3.8.4 (macOS-10.15.4-x86_64-i386-64bit) msrest/0.6.9 msrest_azure/0.6.3
        azure-mgmt-cdn/5.0.0 Azure-SDK-For-Python AZURECLI/2.9.1
    method: GET
    uri: https://management.azure.com/subscriptions/00000000-0000-0000-0000-000000000000/resourcegroups/clitest.rg000001/providers/Microsoft.Cdn/operationresults/32b06876-63c3-47e0-a0da-719e4d839a4d?api-version=2020-04-15
  response:
    body:
      string: "{\r\n  \"status\":\"InProgress\",\"error\":{\r\n    \"code\":\"None\"\
        ,\"message\":null\r\n  }\r\n}"
    headers:
      cache-control:
      - no-cache
      content-length:
      - '78'
      content-type:
      - application/json; odata.metadata=minimal
      date:
      - Wed, 29 Jul 2020 22:21:26 GMT
      expires:
      - '-1'
      odata-version:
      - '4.0'
      pragma:
      - no-cache
      server:
      - Microsoft-IIS/8.5
      strict-transport-security:
      - max-age=31536000; includeSubDomains
      transfer-encoding:
      - chunked
      vary:
      - Accept-Encoding
      x-aspnet-version:
      - 4.0.30319
      x-content-type-options:
      - nosniff
      x-powered-by:
      - ASP.NET
    status:
      code: 200
      message: OK
- request:
    body: null
    headers:
      Accept:
      - application/json
      Accept-Encoding:
      - gzip, deflate
      CommandName:
      - cdn endpoint purge
      Connection:
      - keep-alive
      ParameterSetName:
      - -g -n --profile-name --content-paths
      User-Agent:
      - python/3.8.4 (macOS-10.15.4-x86_64-i386-64bit) msrest/0.6.9 msrest_azure/0.6.3
        azure-mgmt-cdn/5.0.0 Azure-SDK-For-Python AZURECLI/2.9.1
    method: GET
    uri: https://management.azure.com/subscriptions/00000000-0000-0000-0000-000000000000/resourcegroups/clitest.rg000001/providers/Microsoft.Cdn/operationresults/32b06876-63c3-47e0-a0da-719e4d839a4d?api-version=2020-04-15
  response:
    body:
      string: "{\r\n  \"status\":\"InProgress\",\"error\":{\r\n    \"code\":\"None\"\
        ,\"message\":null\r\n  }\r\n}"
    headers:
      cache-control:
      - no-cache
      content-length:
      - '78'
      content-type:
      - application/json; odata.metadata=minimal
      date:
      - Wed, 29 Jul 2020 22:21:57 GMT
      expires:
      - '-1'
      odata-version:
      - '4.0'
      pragma:
      - no-cache
      server:
      - Microsoft-IIS/8.5
      strict-transport-security:
      - max-age=31536000; includeSubDomains
      transfer-encoding:
      - chunked
      vary:
      - Accept-Encoding
      x-aspnet-version:
      - 4.0.30319
      x-content-type-options:
      - nosniff
      x-powered-by:
      - ASP.NET
    status:
      code: 200
      message: OK
- request:
    body: null
    headers:
      Accept:
      - application/json
      Accept-Encoding:
      - gzip, deflate
      CommandName:
      - cdn endpoint purge
      Connection:
      - keep-alive
      ParameterSetName:
      - -g -n --profile-name --content-paths
      User-Agent:
      - python/3.8.4 (macOS-10.15.4-x86_64-i386-64bit) msrest/0.6.9 msrest_azure/0.6.3
        azure-mgmt-cdn/5.0.0 Azure-SDK-For-Python AZURECLI/2.9.1
    method: GET
    uri: https://management.azure.com/subscriptions/00000000-0000-0000-0000-000000000000/resourcegroups/clitest.rg000001/providers/Microsoft.Cdn/operationresults/32b06876-63c3-47e0-a0da-719e4d839a4d?api-version=2020-04-15
  response:
    body:
      string: "{\r\n  \"status\":\"InProgress\",\"error\":{\r\n    \"code\":\"None\"\
        ,\"message\":null\r\n  }\r\n}"
    headers:
      cache-control:
      - no-cache
      content-length:
      - '78'
      content-type:
      - application/json; odata.metadata=minimal
      date:
      - Wed, 29 Jul 2020 22:22:27 GMT
      expires:
      - '-1'
      odata-version:
      - '4.0'
      pragma:
      - no-cache
      server:
      - Microsoft-IIS/8.5
      strict-transport-security:
      - max-age=31536000; includeSubDomains
      transfer-encoding:
      - chunked
      vary:
      - Accept-Encoding
      x-aspnet-version:
      - 4.0.30319
      x-content-type-options:
      - nosniff
      x-powered-by:
      - ASP.NET
    status:
      code: 200
      message: OK
- request:
    body: null
    headers:
      Accept:
      - application/json
      Accept-Encoding:
      - gzip, deflate
      CommandName:
      - cdn endpoint purge
      Connection:
      - keep-alive
      ParameterSetName:
      - -g -n --profile-name --content-paths
      User-Agent:
      - python/3.8.4 (macOS-10.15.4-x86_64-i386-64bit) msrest/0.6.9 msrest_azure/0.6.3
        azure-mgmt-cdn/5.0.0 Azure-SDK-For-Python AZURECLI/2.9.1
    method: GET
    uri: https://management.azure.com/subscriptions/00000000-0000-0000-0000-000000000000/resourcegroups/clitest.rg000001/providers/Microsoft.Cdn/operationresults/32b06876-63c3-47e0-a0da-719e4d839a4d?api-version=2020-04-15
  response:
    body:
      string: "{\r\n  \"status\":\"InProgress\",\"error\":{\r\n    \"code\":\"None\"\
        ,\"message\":null\r\n  }\r\n}"
    headers:
      cache-control:
      - no-cache
      content-length:
      - '78'
      content-type:
      - application/json; odata.metadata=minimal
      date:
      - Wed, 29 Jul 2020 22:22:57 GMT
      expires:
      - '-1'
      odata-version:
      - '4.0'
      pragma:
      - no-cache
      server:
      - Microsoft-IIS/8.5
      strict-transport-security:
      - max-age=31536000; includeSubDomains
      transfer-encoding:
      - chunked
      vary:
      - Accept-Encoding
      x-aspnet-version:
      - 4.0.30319
      x-content-type-options:
      - nosniff
      x-powered-by:
      - ASP.NET
    status:
      code: 200
      message: OK
- request:
    body: null
    headers:
      Accept:
      - application/json
      Accept-Encoding:
      - gzip, deflate
      CommandName:
      - cdn endpoint purge
      Connection:
      - keep-alive
      ParameterSetName:
      - -g -n --profile-name --content-paths
      User-Agent:
      - python/3.8.4 (macOS-10.15.4-x86_64-i386-64bit) msrest/0.6.9 msrest_azure/0.6.3
        azure-mgmt-cdn/5.0.0 Azure-SDK-For-Python AZURECLI/2.9.1
    method: GET
    uri: https://management.azure.com/subscriptions/00000000-0000-0000-0000-000000000000/resourcegroups/clitest.rg000001/providers/Microsoft.Cdn/operationresults/32b06876-63c3-47e0-a0da-719e4d839a4d?api-version=2020-04-15
  response:
    body:
      string: "{\r\n  \"status\":\"Succeeded\",\"error\":{\r\n    \"code\":\"None\"\
        ,\"message\":null\r\n  }\r\n}"
    headers:
      cache-control:
      - no-cache
      content-length:
      - '77'
      content-type:
      - application/json; odata.metadata=minimal
      date:
      - Wed, 29 Jul 2020 22:23:27 GMT
      expires:
      - '-1'
      odata-version:
      - '4.0'
      pragma:
      - no-cache
      server:
      - Microsoft-IIS/8.5
      strict-transport-security:
      - max-age=31536000; includeSubDomains
      transfer-encoding:
      - chunked
      vary:
      - Accept-Encoding
      x-aspnet-version:
      - 4.0.30319
      x-content-type-options:
      - nosniff
      x-powered-by:
      - ASP.NET
    status:
      code: 200
      message: OK
version: 1
