interactions:
- request:
    body: null
    headers:
      Accept:
      - application/json
      Accept-Encoding:
      - gzip, deflate
      CommandName:
      - cdn endpoint list
      Connection:
      - keep-alive
      ParameterSetName:
      - -g --profile-name
      User-Agent:
      - python/3.8.6 (Windows-10-10.0.19041-SP0) msrest/0.6.18 msrest_azure/0.6.3
        azure-mgmt-cdn/5.2.0 Azure-SDK-For-Python AZURECLI/2.16.0
      accept-language:
      - en-US
    method: GET
    uri: https://management.azure.com/subscriptions/00000000-0000-0000-0000-000000000000/resourceGroups/clitest.rg000001/providers/Microsoft.Cdn/profiles/profile123/endpoints?api-version=2020-04-15
  response:
    body:
      string: '{"error":{"code":"ParentResourceNotFound","message":"Can not perform
        requested operation on nested resource. Parent resource ''profile123'' not
        found."}}'
    headers:
      cache-control:
      - no-cache
      content-length:
      - '151'
      content-type:
      - application/json; charset=utf-8
      date:
      - Fri, 18 Dec 2020 18:44:24 GMT
      expires:
      - '-1'
      pragma:
      - no-cache
      strict-transport-security:
      - max-age=31536000; includeSubDomains
      x-content-type-options:
      - nosniff
      x-ms-failure-cause:
      - gateway
    status:
      code: 404
      message: Not Found
- request:
    body: null
    headers:
      Accept:
      - application/json
      Accept-Encoding:
      - gzip, deflate
      CommandName:
      - cdn profile create
      Connection:
      - keep-alive
      ParameterSetName:
      - -g -n --sku
      User-Agent:
      - python/3.8.6 (Windows-10-10.0.19041-SP0) msrest/0.6.18 msrest_azure/0.6.3
        azure-mgmt-resource/12.0.0 Azure-SDK-For-Python AZURECLI/2.16.0
      accept-language:
      - en-US
    method: GET
    uri: https://management.azure.com/subscriptions/00000000-0000-0000-0000-000000000000/resourcegroups/clitest.rg000001?api-version=2020-10-01
  response:
    body:
      string: '{"id":"/subscriptions/00000000-0000-0000-0000-000000000000/resourceGroups/clitest.rg000001","name":"clitest.rg000001","type":"Microsoft.Resources/resourceGroups","location":"westus","tags":{"product":"azurecli","cause":"automation","date":"2020-12-18T18:44:22Z"},"properties":{"provisioningState":"Succeeded"}}'
    headers:
      cache-control:
      - no-cache
      content-length:
      - '428'
      content-type:
      - application/json; charset=utf-8
      date:
      - Fri, 18 Dec 2020 18:44:23 GMT
      expires:
      - '-1'
      pragma:
      - no-cache
      strict-transport-security:
      - max-age=31536000; includeSubDomains
      vary:
      - Accept-Encoding
      x-content-type-options:
      - nosniff
    status:
      code: 200
      message: OK
- request:
    body: '{"location": "westus", "sku": {"name": "Standard_Akamai"}}'
    headers:
      Accept:
      - application/json
      Accept-Encoding:
      - gzip, deflate
      CommandName:
      - cdn profile create
      Connection:
      - keep-alive
      Content-Length:
      - '58'
      Content-Type:
      - application/json; charset=utf-8
      ParameterSetName:
      - -g -n --sku
      User-Agent:
      - python/3.8.6 (Windows-10-10.0.19041-SP0) msrest/0.6.18 msrest_azure/0.6.3
        azure-mgmt-cdn/5.2.0 Azure-SDK-For-Python AZURECLI/2.16.0
      accept-language:
      - en-US
    method: PUT
    uri: https://management.azure.com/subscriptions/00000000-0000-0000-0000-000000000000/resourceGroups/clitest.rg000001/providers/Microsoft.Cdn/profiles/profile123?api-version=2020-04-15
  response:
    body:
      string: '{"id":"/subscriptions/00000000-0000-0000-0000-000000000000/resourcegroups/clitest.rg000001/providers/Microsoft.Cdn/profiles/profile123","type":"Microsoft.Cdn/profiles","name":"profile123","location":"WestUs","tags":{},"sku":{"name":"Standard_Akamai"},"properties":{"resourceState":"Creating","provisioningState":"Creating"}}'
    headers:
      azure-asyncoperation:
      - https://management.azure.com/subscriptions/00000000-0000-0000-0000-000000000000/resourcegroups/clitest.rg000001/providers/Microsoft.Cdn/operationresults/4ceb43fd-0df1-44d6-b366-44aed7bcfe14?api-version=2020-04-15
      cache-control:
      - no-cache
      content-length:
      - '383'
      content-type:
      - application/json; charset=utf-8
      date:
      - Fri, 18 Dec 2020 18:44:27 GMT
      expires:
      - '-1'
      pragma:
      - no-cache
      server:
      - Kestrel
      strict-transport-security:
      - max-age=31536000; includeSubDomains
      x-content-type-options:
      - nosniff
      x-ms-ratelimit-remaining-subscription-resource-requests:
      - '24'
    status:
      code: 201
      message: Created
- request:
    body: null
    headers:
      Accept:
      - application/json
      Accept-Encoding:
      - gzip, deflate
      CommandName:
      - cdn profile create
      Connection:
      - keep-alive
      ParameterSetName:
      - -g -n --sku
      User-Agent:
      - python/3.8.6 (Windows-10-10.0.19041-SP0) msrest/0.6.18 msrest_azure/0.6.3
        azure-mgmt-cdn/5.2.0 Azure-SDK-For-Python AZURECLI/2.16.0
    method: GET
    uri: https://management.azure.com/subscriptions/00000000-0000-0000-0000-000000000000/resourcegroups/clitest.rg000001/providers/Microsoft.Cdn/operationresults/4ceb43fd-0df1-44d6-b366-44aed7bcfe14?api-version=2020-04-15
  response:
    body:
      string: '{"status":"Succeeded","error":{"code":"None","message":null}}'
    headers:
      cache-control:
      - no-cache
      content-length:
      - '61'
      content-type:
      - application/json; charset=utf-8
      date:
      - Fri, 18 Dec 2020 18:44:38 GMT
      expires:
      - '-1'
      pragma:
      - no-cache
      server:
      - Kestrel
      strict-transport-security:
      - max-age=31536000; includeSubDomains
      transfer-encoding:
      - chunked
      vary:
      - Accept-Encoding
      x-content-type-options:
      - nosniff
    status:
      code: 200
      message: OK
- request:
    body: null
    headers:
      Accept:
      - application/json
      Accept-Encoding:
      - gzip, deflate
      CommandName:
      - cdn profile create
      Connection:
      - keep-alive
      ParameterSetName:
      - -g -n --sku
      User-Agent:
      - python/3.8.6 (Windows-10-10.0.19041-SP0) msrest/0.6.18 msrest_azure/0.6.3
        azure-mgmt-cdn/5.2.0 Azure-SDK-For-Python AZURECLI/2.16.0
    method: GET
    uri: https://management.azure.com/subscriptions/00000000-0000-0000-0000-000000000000/resourceGroups/clitest.rg000001/providers/Microsoft.Cdn/profiles/profile123?api-version=2020-04-15
  response:
    body:
      string: '{"id":"/subscriptions/00000000-0000-0000-0000-000000000000/resourcegroups/clitest.rg000001/providers/Microsoft.Cdn/profiles/profile123","type":"Microsoft.Cdn/profiles","name":"profile123","location":"WestUs","tags":{},"sku":{"name":"Standard_Akamai"},"properties":{"resourceState":"Active","provisioningState":"Succeeded"}}'
    headers:
      cache-control:
      - no-cache
      content-length:
      - '382'
      content-type:
      - application/json; charset=utf-8
      date:
      - Fri, 18 Dec 2020 18:44:38 GMT
      expires:
      - '-1'
      pragma:
      - no-cache
      server:
      - Kestrel
      strict-transport-security:
      - max-age=31536000; includeSubDomains
      transfer-encoding:
      - chunked
      vary:
      - Accept-Encoding
      x-content-type-options:
      - nosniff
      x-ms-ratelimit-remaining-subscription-resource-requests:
      - '49'
    status:
      code: 200
      message: OK
- request:
    body: null
    headers:
      Accept:
      - application/json
      Accept-Encoding:
      - gzip, deflate
      CommandName:
      - cdn endpoint create
      Connection:
      - keep-alive
      ParameterSetName:
      - -g -n --profile-name --origin
      User-Agent:
      - python/3.8.6 (Windows-10-10.0.19041-SP0) msrest/0.6.18 msrest_azure/0.6.3
        azure-mgmt-resource/12.0.0 Azure-SDK-For-Python AZURECLI/2.16.0
      accept-language:
      - en-US
    method: GET
    uri: https://management.azure.com/subscriptions/00000000-0000-0000-0000-000000000000/resourcegroups/clitest.rg000001?api-version=2020-10-01
  response:
    body:
      string: '{"id":"/subscriptions/00000000-0000-0000-0000-000000000000/resourceGroups/clitest.rg000001","name":"clitest.rg000001","type":"Microsoft.Resources/resourceGroups","location":"westus","tags":{"product":"azurecli","cause":"automation","date":"2020-12-18T18:44:22Z"},"properties":{"provisioningState":"Succeeded"}}'
    headers:
      cache-control:
      - no-cache
      content-length:
      - '428'
      content-type:
      - application/json; charset=utf-8
      date:
      - Fri, 18 Dec 2020 18:44:39 GMT
      expires:
      - '-1'
      pragma:
      - no-cache
      strict-transport-security:
      - max-age=31536000; includeSubDomains
      vary:
      - Accept-Encoding
      x-content-type-options:
      - nosniff
    status:
      code: 200
      message: OK
- request:
    body: '{"location": "westus", "properties": {"isCompressionEnabled": false, "isHttpAllowed":
      true, "isHttpsAllowed": true, "origins": [{"name": "origin-0", "properties":
      {"hostName": "www.example.com", "httpPort": 80, "httpsPort": 443}}]}}'
    headers:
      Accept:
      - application/json
      Accept-Encoding:
      - gzip, deflate
      CommandName:
      - cdn endpoint create
      Connection:
      - keep-alive
      Content-Length:
      - '232'
      Content-Type:
      - application/json; charset=utf-8
      ParameterSetName:
      - -g -n --profile-name --origin
      User-Agent:
      - python/3.8.6 (Windows-10-10.0.19041-SP0) msrest/0.6.18 msrest_azure/0.6.3
        azure-mgmt-cdn/5.2.0 Azure-SDK-For-Python AZURECLI/2.16.0
      accept-language:
      - en-US
    method: PUT
    uri: https://management.azure.com/subscriptions/00000000-0000-0000-0000-000000000000/resourceGroups/clitest.rg000001/providers/Microsoft.Cdn/profiles/profile123/endpoints/cdn-cli-test-2?api-version=2020-04-15
  response:
    body:
      string: '{"id":"/subscriptions/00000000-0000-0000-0000-000000000000/resourcegroups/clitest.rg000001/providers/Microsoft.Cdn/profiles/profile123/endpoints/cdn-cli-test-2","type":"Microsoft.Cdn/profiles/endpoints","name":"cdn-cli-test-2","location":"WestUs","tags":{},"properties":{"hostName":"cdn-cli-test-2.azureedge.net","originHostHeader":null,"originPath":null,"contentTypesToCompress":[],"isCompressionEnabled":false,"isHttpAllowed":true,"isHttpsAllowed":true,"queryStringCachingBehavior":"IgnoreQueryString","optimizationType":null,"probePath":null,"origins":[{"name":"origin-0","properties":{"hostName":"www.example.com","httpPort":80,"httpsPort":443,"originHostHeader":null,"priority":null,"weight":null,"enabled":true,"privateLinkAlias":null,"privateLinkResourceId":null,"privateLinkLocation":null,"privateEndpointStatus":null,"privateLinkApprovalMessage":null}}],"originGroups":[],"defaultOriginGroup":null,"customDomains":[],"geoFilters":[],"deliveryPolicy":null,"urlSigningKeys":null,"webApplicationFirewallPolicyLink":null,"resourceState":"Creating","provisioningState":"Creating"}}'
    headers:
      azure-asyncoperation:
      - https://management.azure.com/subscriptions/00000000-0000-0000-0000-000000000000/resourcegroups/clitest.rg000001/providers/Microsoft.Cdn/operationresults/e28a6824-a70f-4944-8ccc-0d94721c2337?api-version=2020-04-15
      cache-control:
      - no-cache
      content-length:
      - '1144'
      content-type:
      - application/json; charset=utf-8
      date:
      - Fri, 18 Dec 2020 18:44:43 GMT
      expires:
      - '-1'
      pragma:
      - no-cache
      server:
      - Kestrel
      strict-transport-security:
      - max-age=31536000; includeSubDomains
      x-content-type-options:
      - nosniff
      x-ms-ratelimit-remaining-subscription-resource-requests:
      - '99'
    status:
      code: 201
      message: Created
- request:
    body: null
    headers:
      Accept:
      - application/json
      Accept-Encoding:
      - gzip, deflate
      CommandName:
      - cdn endpoint create
      Connection:
      - keep-alive
      ParameterSetName:
      - -g -n --profile-name --origin
      User-Agent:
      - python/3.8.6 (Windows-10-10.0.19041-SP0) msrest/0.6.18 msrest_azure/0.6.3
        azure-mgmt-cdn/5.2.0 Azure-SDK-For-Python AZURECLI/2.16.0
    method: GET
    uri: https://management.azure.com/subscriptions/00000000-0000-0000-0000-000000000000/resourcegroups/clitest.rg000001/providers/Microsoft.Cdn/operationresults/e28a6824-a70f-4944-8ccc-0d94721c2337?api-version=2020-04-15
  response:
    body:
      string: '{"status":"Succeeded","error":{"code":"None","message":null}}'
    headers:
      cache-control:
      - no-cache
      content-length:
      - '61'
      content-type:
      - application/json; charset=utf-8
      date:
      - Fri, 18 Dec 2020 18:44:53 GMT
      expires:
      - '-1'
      pragma:
      - no-cache
      server:
      - Kestrel
      strict-transport-security:
      - max-age=31536000; includeSubDomains
      transfer-encoding:
      - chunked
      vary:
      - Accept-Encoding
      x-content-type-options:
      - nosniff
    status:
      code: 200
      message: OK
- request:
    body: null
    headers:
      Accept:
      - application/json
      Accept-Encoding:
      - gzip, deflate
      CommandName:
      - cdn endpoint create
      Connection:
      - keep-alive
      ParameterSetName:
      - -g -n --profile-name --origin
      User-Agent:
      - python/3.8.6 (Windows-10-10.0.19041-SP0) msrest/0.6.18 msrest_azure/0.6.3
        azure-mgmt-cdn/5.2.0 Azure-SDK-For-Python AZURECLI/2.16.0
    method: GET
    uri: https://management.azure.com/subscriptions/00000000-0000-0000-0000-000000000000/resourceGroups/clitest.rg000001/providers/Microsoft.Cdn/profiles/profile123/endpoints/cdn-cli-test-2?api-version=2020-04-15
  response:
    body:
      string: '{"id":"/subscriptions/00000000-0000-0000-0000-000000000000/resourcegroups/clitest.rg000001/providers/Microsoft.Cdn/profiles/profile123/endpoints/cdn-cli-test-2","type":"Microsoft.Cdn/profiles/endpoints","name":"cdn-cli-test-2","location":"WestUs","tags":{},"properties":{"hostName":"cdn-cli-test-2.azureedge.net","originHostHeader":null,"originPath":null,"contentTypesToCompress":[],"isCompressionEnabled":false,"isHttpAllowed":true,"isHttpsAllowed":true,"queryStringCachingBehavior":"IgnoreQueryString","optimizationType":null,"probePath":null,"origins":[{"name":"origin-0","properties":{"hostName":"www.example.com","httpPort":80,"httpsPort":443,"originHostHeader":null,"priority":null,"weight":null,"enabled":true,"privateLinkAlias":null,"privateLinkResourceId":null,"privateLinkLocation":null,"privateEndpointStatus":null,"privateLinkApprovalMessage":null}}],"originGroups":[],"defaultOriginGroup":null,"customDomains":[],"geoFilters":[],"deliveryPolicy":null,"urlSigningKeys":[],"webApplicationFirewallPolicyLink":null,"resourceState":"Running","provisioningState":"Succeeded"}}'
    headers:
      cache-control:
      - no-cache
      content-length:
      - '1142'
      content-type:
      - application/json; charset=utf-8
      date:
      - Fri, 18 Dec 2020 18:44:53 GMT
      expires:
      - '-1'
      pragma:
      - no-cache
      server:
      - Kestrel
      strict-transport-security:
      - max-age=31536000; includeSubDomains
      transfer-encoding:
      - chunked
      vary:
      - Accept-Encoding
      x-content-type-options:
      - nosniff
      x-ms-ratelimit-remaining-subscription-resource-requests:
      - '49'
    status:
      code: 200
      message: OK
- request:
    body: null
    headers:
      Accept:
      - application/json
      Accept-Encoding:
      - gzip, deflate
      CommandName:
      - cdn custom-domain create
      Connection:
      - keep-alive
      ParameterSetName:
      - -g -n --endpoint-name --profile-name --hostname
      User-Agent:
      - python/3.8.6 (Windows-10-10.0.19041-SP0) msrest/0.6.18 msrest_azure/0.6.3
        azure-mgmt-resource/12.0.0 Azure-SDK-For-Python AZURECLI/2.16.0
      accept-language:
      - en-US
    method: GET
    uri: https://management.azure.com/subscriptions/00000000-0000-0000-0000-000000000000/resourcegroups/clitest.rg000001?api-version=2020-10-01
  response:
    body:
      string: '{"id":"/subscriptions/00000000-0000-0000-0000-000000000000/resourceGroups/clitest.rg000001","name":"clitest.rg000001","type":"Microsoft.Resources/resourceGroups","location":"westus","tags":{"product":"azurecli","cause":"automation","date":"2020-12-18T18:44:22Z"},"properties":{"provisioningState":"Succeeded"}}'
    headers:
      cache-control:
      - no-cache
      content-length:
      - '428'
      content-type:
      - application/json; charset=utf-8
      date:
      - Fri, 18 Dec 2020 18:44:55 GMT
      expires:
      - '-1'
      pragma:
      - no-cache
      strict-transport-security:
      - max-age=31536000; includeSubDomains
      vary:
      - Accept-Encoding
      x-content-type-options:
      - nosniff
    status:
      code: 200
      message: OK
- request:
    body: '{"properties": {"hostName": "customdomain000002.cdn-cli-test-2.azfdtest.xyz"}}'
    headers:
      Accept:
      - application/json
      Accept-Encoding:
      - gzip, deflate
      CommandName:
      - cdn custom-domain create
      Connection:
      - keep-alive
      Content-Length:
      - '80'
      Content-Type:
      - application/json; charset=utf-8
      ParameterSetName:
      - -g -n --endpoint-name --profile-name --hostname
      User-Agent:
      - python/3.8.6 (Windows-10-10.0.19041-SP0) msrest/0.6.18 msrest_azure/0.6.3
        azure-mgmt-cdn/5.2.0 Azure-SDK-For-Python AZURECLI/2.16.0
      accept-language:
      - en-US
    method: PUT
    uri: https://management.azure.com/subscriptions/00000000-0000-0000-0000-000000000000/resourceGroups/clitest.rg000001/providers/Microsoft.Cdn/profiles/profile123/endpoints/cdn-cli-test-2/customDomains/customdomain000002?api-version=2020-04-15
  response:
    body:
      string: '{"id":"/subscriptions/00000000-0000-0000-0000-000000000000/resourcegroups/clitest.rg000001/providers/Microsoft.Cdn/profiles/profile123/endpoints/cdn-cli-test-2/customdomains/customdomain000002","type":"Microsoft.Cdn/profiles/endpoints/customdomains","name":"customdomain000002","properties":{"hostName":"customdomain000002.cdn-cli-test-2.azfdtest.xyz","validationData":null,"resourceState":"Creating","customHttpsProvisioningState":"Disabled","customHttpsProvisioningSubstate":"None","customHttpsParameters":null,"provisioningState":"Creating"}}'
    headers:
      azure-asyncoperation:
      - https://management.azure.com/subscriptions/00000000-0000-0000-0000-000000000000/resourcegroups/clitest.rg000001/providers/Microsoft.Cdn/operationresults/c083795e-a849-4b2c-99b2-ea73bb76216d?api-version=2020-04-15
      cache-control:
      - no-cache
      content-length:
      - '610'
      content-type:
      - application/json; charset=utf-8
      date:
      - Fri, 18 Dec 2020 18:44:57 GMT
      expires:
      - '-1'
      pragma:
      - no-cache
      server:
      - Kestrel
      strict-transport-security:
      - max-age=31536000; includeSubDomains
      x-content-type-options:
      - nosniff
      x-ms-ratelimit-remaining-subscription-writes:
      - '1199'
    status:
      code: 201
      message: Created
- request:
    body: null
    headers:
      Accept:
      - application/json
      Accept-Encoding:
      - gzip, deflate
      CommandName:
      - cdn custom-domain create
      Connection:
      - keep-alive
      ParameterSetName:
      - -g -n --endpoint-name --profile-name --hostname
      User-Agent:
      - python/3.8.6 (Windows-10-10.0.19041-SP0) msrest/0.6.18 msrest_azure/0.6.3
        azure-mgmt-cdn/5.2.0 Azure-SDK-For-Python AZURECLI/2.16.0
    method: GET
    uri: https://management.azure.com/subscriptions/00000000-0000-0000-0000-000000000000/resourcegroups/clitest.rg000001/providers/Microsoft.Cdn/operationresults/c083795e-a849-4b2c-99b2-ea73bb76216d?api-version=2020-04-15
  response:
    body:
      string: '{"status":"Succeeded","error":{"code":"None","message":null}}'
    headers:
      cache-control:
      - no-cache
      content-length:
      - '61'
      content-type:
      - application/json; charset=utf-8
      date:
      - Fri, 18 Dec 2020 18:45:07 GMT
      expires:
      - '-1'
      pragma:
      - no-cache
      server:
      - Kestrel
      strict-transport-security:
      - max-age=31536000; includeSubDomains
      transfer-encoding:
      - chunked
      vary:
      - Accept-Encoding
      x-content-type-options:
      - nosniff
    status:
      code: 200
      message: OK
- request:
    body: null
    headers:
      Accept:
      - application/json
      Accept-Encoding:
      - gzip, deflate
      CommandName:
      - cdn custom-domain create
      Connection:
      - keep-alive
      ParameterSetName:
      - -g -n --endpoint-name --profile-name --hostname
      User-Agent:
      - python/3.8.6 (Windows-10-10.0.19041-SP0) msrest/0.6.18 msrest_azure/0.6.3
        azure-mgmt-cdn/5.2.0 Azure-SDK-For-Python AZURECLI/2.16.0
    method: GET
    uri: https://management.azure.com/subscriptions/00000000-0000-0000-0000-000000000000/resourceGroups/clitest.rg000001/providers/Microsoft.Cdn/profiles/profile123/endpoints/cdn-cli-test-2/customDomains/customdomain000002?api-version=2020-04-15
  response:
    body:
      string: '{"id":"/subscriptions/00000000-0000-0000-0000-000000000000/resourcegroups/clitest.rg000001/providers/Microsoft.Cdn/profiles/profile123/endpoints/cdn-cli-test-2/customdomains/customdomain000002","type":"Microsoft.Cdn/profiles/endpoints/customdomains","name":"customdomain000002","properties":{"hostName":"customdomain000002.cdn-cli-test-2.azfdtest.xyz","validationData":null,"resourceState":"Active","customHttpsProvisioningState":"Disabled","customHttpsProvisioningSubstate":"None","customHttpsParameters":null,"provisioningState":"Succeeded"}}'
    headers:
      cache-control:
      - no-cache
      content-length:
      - '609'
      content-type:
      - application/json; charset=utf-8
      date:
      - Fri, 18 Dec 2020 18:45:07 GMT
      expires:
      - '-1'
      pragma:
      - no-cache
      server:
      - Kestrel
      strict-transport-security:
      - max-age=31536000; includeSubDomains
      transfer-encoding:
      - chunked
      vary:
      - Accept-Encoding
      x-content-type-options:
      - nosniff
    status:
      code: 200
      message: OK
- request:
    body: null
    headers:
      Accept:
      - application/json
      Accept-Encoding:
      - gzip, deflate
      CommandName:
      - cdn custom-domain show
      Connection:
      - keep-alive
      ParameterSetName:
      - -g -n --endpoint-name --profile-name
      User-Agent:
      - python/3.8.6 (Windows-10-10.0.19041-SP0) msrest/0.6.18 msrest_azure/0.6.3
        azure-mgmt-cdn/5.2.0 Azure-SDK-For-Python AZURECLI/2.16.0
      accept-language:
      - en-US
    method: GET
    uri: https://management.azure.com/subscriptions/00000000-0000-0000-0000-000000000000/resourceGroups/clitest.rg000001/providers/Microsoft.Cdn/profiles/profile123/endpoints/cdn-cli-test-2/customDomains/customdomain000002?api-version=2020-04-15
  response:
    body:
      string: '{"id":"/subscriptions/00000000-0000-0000-0000-000000000000/resourcegroups/clitest.rg000001/providers/Microsoft.Cdn/profiles/profile123/endpoints/cdn-cli-test-2/customdomains/customdomain000002","type":"Microsoft.Cdn/profiles/endpoints/customdomains","name":"customdomain000002","properties":{"hostName":"customdomain000002.cdn-cli-test-2.azfdtest.xyz","validationData":null,"resourceState":"Active","customHttpsProvisioningState":"Disabled","customHttpsProvisioningSubstate":"None","customHttpsParameters":null,"provisioningState":"Succeeded"}}'
    headers:
      cache-control:
      - no-cache
      content-length:
      - '609'
      content-type:
      - application/json; charset=utf-8
      date:
      - Fri, 18 Dec 2020 18:45:08 GMT
      expires:
      - '-1'
      pragma:
      - no-cache
      server:
      - Kestrel
      strict-transport-security:
      - max-age=31536000; includeSubDomains
      transfer-encoding:
      - chunked
      vary:
      - Accept-Encoding
      x-content-type-options:
      - nosniff
    status:
      code: 200
      message: OK
- request:
    body: null
    headers:
      Accept:
      - application/json
      Accept-Encoding:
      - gzip, deflate
      CommandName:
      - cdn custom-domain enable-https
      Connection:
      - keep-alive
      ParameterSetName:
      - -g -n --endpoint-name --profile-name
      User-Agent:
      - python/3.8.6 (Windows-10-10.0.19041-SP0) msrest/0.6.18 msrest_azure/0.6.3
        azure-mgmt-cdn/5.2.0 Azure-SDK-For-Python AZURECLI/2.16.0
      accept-language:
      - en-US
    method: GET
    uri: https://management.azure.com/subscriptions/00000000-0000-0000-0000-000000000000/resourceGroups/clitest.rg000001/providers/Microsoft.Cdn/profiles/profile123?api-version=2020-04-15
  response:
    body:
      string: '{"id":"/subscriptions/00000000-0000-0000-0000-000000000000/resourcegroups/clitest.rg000001/providers/Microsoft.Cdn/profiles/profile123","type":"Microsoft.Cdn/profiles","name":"profile123","location":"WestUs","tags":{},"sku":{"name":"Standard_Akamai"},"properties":{"resourceState":"Active","provisioningState":"Succeeded"}}'
    headers:
      cache-control:
      - no-cache
      content-length:
      - '382'
      content-type:
      - application/json; charset=utf-8
      date:
      - Fri, 18 Dec 2020 18:45:09 GMT
      expires:
      - '-1'
      pragma:
      - no-cache
      server:
      - Kestrel
      strict-transport-security:
      - max-age=31536000; includeSubDomains
      transfer-encoding:
      - chunked
      vary:
      - Accept-Encoding
      x-content-type-options:
      - nosniff
      x-ms-ratelimit-remaining-subscription-resource-requests:
      - '49'
    status:
      code: 200
      message: OK
- request:
    body: '{"protocolType": "ServerNameIndication", "certificateSource": "Cdn", "certificateSourceParameters":
      {"@odata.type": "#Microsoft.Azure.Cdn.Models.CdnCertificateSourceParameters",
      "certificateType": "Shared"}}'
    headers:
      Accept:
      - application/json
      Accept-Encoding:
      - gzip, deflate
      CommandName:
      - cdn custom-domain enable-https
      Connection:
      - keep-alive
      Content-Length:
      - '207'
      Content-Type:
      - application/json; charset=utf-8
      ParameterSetName:
      - -g -n --endpoint-name --profile-name
      User-Agent:
      - python/3.8.6 (Windows-10-10.0.19041-SP0) msrest/0.6.18 msrest_azure/0.6.3
        azure-mgmt-cdn/5.2.0 Azure-SDK-For-Python AZURECLI/2.16.0
      accept-language:
      - en-US
    method: POST
    uri: https://management.azure.com/subscriptions/00000000-0000-0000-0000-000000000000/resourceGroups/clitest.rg000001/providers/Microsoft.Cdn/profiles/profile123/endpoints/cdn-cli-test-2/customDomains/customdomain000002/enableCustomHttps?api-version=2020-04-15
  response:
    body:
      string: '{"id":"/subscriptions/00000000-0000-0000-0000-000000000000/resourcegroups/clitest.rg000001/providers/Microsoft.Cdn/profiles/profile123/endpoints/cdn-cli-test-2/customdomains/customdomain000002","type":"Microsoft.Cdn/profiles/endpoints/customdomains","name":"customdomain000002","properties":{"hostName":"customdomain000002.cdn-cli-test-2.azfdtest.xyz","validationData":null,"resourceState":"Active","customHttpsProvisioningState":"Enabling","customHttpsProvisioningSubstate":"SubmittingDomainControlValidationRequest","customHttpsParameters":{"certificateSource":"Cdn","certificateSourceParameters":{"certificateType":"Shared","@odata.type":"#Microsoft.Azure.Cdn.Models.CdnCertificateSourceParameters"},"protocolType":"ServerNameIndication","minimumTlsVersion":"None"},"provisioningState":"Succeeded"}}'
    headers:
      azure-asyncoperation:
      - https://management.azure.com/subscriptions/00000000-0000-0000-0000-000000000000/resourcegroups/clitest.rg000001/providers/Microsoft.Cdn/operationresults/03ef515a-1282-410c-a394-c5e34f46369c?api-version=2020-04-15
      cache-control:
      - no-cache
      content-length:
      - '867'
      content-type:
      - application/json; charset=utf-8
      date:
      - Fri, 18 Dec 2020 18:45:12 GMT
      expires:
      - '-1'
      location:
      - https://management.azure.com/subscriptions/00000000-0000-0000-0000-000000000000/resourcegroups/clitest.rg000001/providers/Microsoft.Cdn/operationresults/03ef515a-1282-410c-a394-c5e34f46369c/profileresults/profile123/endpointresults/cdn-cli-test-2/customdomainresults/customdomain000002?api-version=2020-04-15
      pragma:
      - no-cache
      server:
      - Kestrel
      strict-transport-security:
      - max-age=31536000; includeSubDomains
      x-content-type-options:
      - nosniff
      x-ms-ratelimit-remaining-subscription-writes:
      - '1199'
    status:
      code: 202
      message: Accepted
- request:
    body: null
    headers:
      Accept:
      - application/json
      Accept-Encoding:
      - gzip, deflate
      CommandName:
      - cdn custom-domain enable-https
      Connection:
      - keep-alive
      ParameterSetName:
      - -g -n --endpoint-name --profile-name
      User-Agent:
      - python/3.8.6 (Windows-10-10.0.19041-SP0) msrest/0.6.18 msrest_azure/0.6.3
        azure-mgmt-cdn/5.2.0 Azure-SDK-For-Python AZURECLI/2.16.0
      accept-language:
      - en-US
    method: GET
    uri: https://management.azure.com/subscriptions/00000000-0000-0000-0000-000000000000/resourceGroups/clitest.rg000001/providers/Microsoft.Cdn/profiles/profile123/endpoints/cdn-cli-test-2/customDomains/customdomain000002?api-version=2020-04-15
  response:
    body:
      string: '{"id":"/subscriptions/00000000-0000-0000-0000-000000000000/resourcegroups/clitest.rg000001/providers/Microsoft.Cdn/profiles/profile123/endpoints/cdn-cli-test-2/customdomains/customdomain000002","type":"Microsoft.Cdn/profiles/endpoints/customdomains","name":"customdomain000002","properties":{"hostName":"customdomain000002.cdn-cli-test-2.azfdtest.xyz","validationData":null,"resourceState":"Active","customHttpsProvisioningState":"Enabling","customHttpsProvisioningSubstate":"SubmittingDomainControlValidationRequest","customHttpsParameters":{"certificateSource":"Cdn","certificateSourceParameters":{"certificateType":"Shared","@odata.type":"#Microsoft.Azure.Cdn.Models.CdnCertificateSourceParameters"},"protocolType":"ServerNameIndication","minimumTlsVersion":"None"},"provisioningState":"Succeeded"}}'
    headers:
      cache-control:
      - no-cache
      content-length:
      - '867'
      content-type:
      - application/json; charset=utf-8
      date:
      - Fri, 18 Dec 2020 18:45:13 GMT
      expires:
      - '-1'
      pragma:
      - no-cache
      server:
      - Kestrel
      strict-transport-security:
      - max-age=31536000; includeSubDomains
      transfer-encoding:
      - chunked
      vary:
      - Accept-Encoding
      x-content-type-options:
      - nosniff
    status:
      code: 200
      message: OK
- request:
    body: null
    headers:
      Accept:
      - application/json
      Accept-Encoding:
      - gzip, deflate
      CommandName:
      - cdn custom-domain disable-https
      Connection:
      - keep-alive
      Content-Length:
      - '0'
      ParameterSetName:
      - -g -n --endpoint-name --profile-name
      User-Agent:
      - python/3.8.6 (Windows-10-10.0.19041-SP0) msrest/0.6.18 msrest_azure/0.6.3
        azure-mgmt-cdn/5.2.0 Azure-SDK-For-Python AZURECLI/2.16.0
      accept-language:
      - en-US
    method: POST
    uri: https://management.azure.com/subscriptions/00000000-0000-0000-0000-000000000000/resourceGroups/clitest.rg000001/providers/Microsoft.Cdn/profiles/profile123/endpoints/cdn-cli-test-2/customDomains/customdomain000002/disableCustomHttps?api-version=2020-04-15
  response:
    body:
      string: "{\n  \"error\": {\n    \"code\": \"BadRequest\",\n    \"message\":
        \"The requested operation cannot be executed on the entity in the current
        state.\"\n  }\n}"
    headers:
      cache-control:
      - no-cache
      content-length:
      - '142'
      content-type:
      - application/json
      date:
      - Fri, 18 Dec 2020 18:45:14 GMT
      expires:
      - '-1'
      pragma:
      - no-cache
      server:
      - Kestrel
      strict-transport-security:
      - max-age=31536000; includeSubDomains
      x-content-type-options:
      - nosniff
      x-ms-ratelimit-remaining-subscription-writes:
      - '1199'
    status:
      code: 400
      message: Bad Request
version: 1
