interactions:
- request:
    body: '{"location": "westus", "sku": {"name": "Standard_Microsoft"}}'
    headers:
      Accept:
      - application/json
      Accept-Encoding:
      - gzip, deflate
      CommandName:
      - cdn profile create
      Connection:
      - keep-alive
      Content-Length:
      - '61'
      Content-Type:
      - application/json; charset=utf-8
      ParameterSetName:
      - -g -n --sku --location
      User-Agent:
      - python/3.8.5 (macOS-10.16-x86_64-i386-64bit) msrest/0.6.18 msrest_azure/0.6.3
        azure-mgmt-cdn/5.1.0 Azure-SDK-For-Python AZURECLI/2.15.0
      accept-language:
      - en-US
    method: PUT
    uri: https://management.azure.com/subscriptions/00000000-0000-0000-0000-000000000000/resourceGroups/cli_test_cdn_domain000001/providers/Microsoft.Cdn/profiles/ps1?api-version=2020-04-15
  response:
    body:
      string: "{\r\n  \"name\":\"ps1\",\"id\":\"/subscriptions/00000000-0000-0000-0000-000000000000/resourcegroups/cli_test_cdn_domain000001/providers/Microsoft.Cdn/profiles/ps1\"\
        ,\"type\":\"Microsoft.Cdn/profiles\",\"tags\":{\r\n    \r\n  },\"location\"\
        :\"WestUs\",\"sku\":{\r\n    \"name\":\"Standard_Microsoft\"\r\n  },\"properties\"\
        :{\r\n    \"provisioningState\":\"Creating\",\"resourceState\":\"Creating\"\
        \r\n  }\r\n}"
    headers:
      azure-asyncoperation:
      - https://management.azure.com/subscriptions/00000000-0000-0000-0000-000000000000/resourcegroups/cli_test_cdn_domain000001/providers/Microsoft.Cdn/operationresults/1ed510bb-cc88-4af3-b22b-6f53a820ba9e?api-version=2020-04-15
      cache-control:
      - no-cache
      content-length:
      - '408'
      content-type:
      - application/json; odata.metadata=minimal
      date:
      - Fri, 13 Nov 2020 23:35:59 GMT
      expires:
      - '-1'
      odata-version:
      - '4.0'
      pragma:
      - no-cache
      server:
      - Microsoft-IIS/10.0
      strict-transport-security:
      - max-age=31536000; includeSubDomains
      x-aspnet-version:
      - 4.0.30319
      x-content-type-options:
      - nosniff
      x-ms-ratelimit-remaining-subscription-resource-requests:
      - '24'
      x-powered-by:
      - ASP.NET
    status:
      code: 201
      message: Created
- request:
    body: null
    headers:
      Accept:
      - application/json
      Accept-Encoding:
      - gzip, deflate
      CommandName:
      - cdn profile create
      Connection:
      - keep-alive
      ParameterSetName:
      - -g -n --sku --location
      User-Agent:
      - python/3.8.5 (macOS-10.16-x86_64-i386-64bit) msrest/0.6.18 msrest_azure/0.6.3
        azure-mgmt-cdn/5.1.0 Azure-SDK-For-Python AZURECLI/2.15.0
    method: GET
    uri: https://management.azure.com/subscriptions/00000000-0000-0000-0000-000000000000/resourcegroups/cli_test_cdn_domain000001/providers/Microsoft.Cdn/operationresults/1ed510bb-cc88-4af3-b22b-6f53a820ba9e?api-version=2020-04-15
  response:
    body:
      string: "{\r\n  \"status\":\"InProgress\",\"error\":{\r\n    \"code\":\"None\"\
        ,\"message\":null\r\n  }\r\n}"
    headers:
      cache-control:
      - no-cache
      content-length:
      - '78'
      content-type:
      - application/json; odata.metadata=minimal
      date:
      - Fri, 13 Nov 2020 23:36:09 GMT
      expires:
      - '-1'
      odata-version:
      - '4.0'
      pragma:
      - no-cache
      server:
      - Microsoft-IIS/10.0
      strict-transport-security:
      - max-age=31536000; includeSubDomains
      transfer-encoding:
      - chunked
      vary:
      - Accept-Encoding
      x-aspnet-version:
      - 4.0.30319
      x-content-type-options:
      - nosniff
      x-powered-by:
      - ASP.NET
    status:
      code: 200
      message: OK
- request:
    body: null
    headers:
      Accept:
      - application/json
      Accept-Encoding:
      - gzip, deflate
      CommandName:
      - cdn profile create
      Connection:
      - keep-alive
      ParameterSetName:
      - -g -n --sku --location
      User-Agent:
      - python/3.8.5 (macOS-10.16-x86_64-i386-64bit) msrest/0.6.18 msrest_azure/0.6.3
        azure-mgmt-cdn/5.1.0 Azure-SDK-For-Python AZURECLI/2.15.0
    method: GET
    uri: https://management.azure.com/subscriptions/00000000-0000-0000-0000-000000000000/resourcegroups/cli_test_cdn_domain000001/providers/Microsoft.Cdn/operationresults/1ed510bb-cc88-4af3-b22b-6f53a820ba9e?api-version=2020-04-15
  response:
    body:
      string: "{\r\n  \"status\":\"Succeeded\",\"error\":{\r\n    \"code\":\"None\"\
        ,\"message\":null\r\n  }\r\n}"
    headers:
      cache-control:
      - no-cache
      content-length:
      - '77'
      content-type:
      - application/json; odata.metadata=minimal
      date:
      - Fri, 13 Nov 2020 23:36:40 GMT
      expires:
      - '-1'
      odata-version:
      - '4.0'
      pragma:
      - no-cache
      server:
      - Microsoft-IIS/10.0
      strict-transport-security:
      - max-age=31536000; includeSubDomains
      transfer-encoding:
      - chunked
      vary:
      - Accept-Encoding
      x-aspnet-version:
      - 4.0.30319
      x-content-type-options:
      - nosniff
      x-powered-by:
      - ASP.NET
    status:
      code: 200
      message: OK
- request:
    body: null
    headers:
      Accept:
      - application/json
      Accept-Encoding:
      - gzip, deflate
      CommandName:
      - cdn profile create
      Connection:
      - keep-alive
      ParameterSetName:
      - -g -n --sku --location
      User-Agent:
      - python/3.8.5 (macOS-10.16-x86_64-i386-64bit) msrest/0.6.18 msrest_azure/0.6.3
        azure-mgmt-cdn/5.1.0 Azure-SDK-For-Python AZURECLI/2.15.0
    method: GET
    uri: https://management.azure.com/subscriptions/00000000-0000-0000-0000-000000000000/resourceGroups/cli_test_cdn_domain000001/providers/Microsoft.Cdn/profiles/ps1?api-version=2020-04-15
  response:
    body:
      string: "{\r\n  \"name\":\"ps1\",\"id\":\"/subscriptions/00000000-0000-0000-0000-000000000000/resourcegroups/cli_test_cdn_domain000001/providers/Microsoft.Cdn/profiles/ps1\"\
        ,\"type\":\"Microsoft.Cdn/profiles\",\"tags\":{\r\n    \r\n  },\"location\"\
        :\"WestUs\",\"sku\":{\r\n    \"name\":\"Standard_Microsoft\"\r\n  },\"properties\"\
        :{\r\n    \"provisioningState\":\"Succeeded\",\"resourceState\":\"Active\"\
        \r\n  }\r\n}"
    headers:
      cache-control:
      - no-cache
      content-length:
      - '407'
      content-type:
      - application/json; odata.metadata=minimal
      date:
      - Fri, 13 Nov 2020 23:36:41 GMT
      expires:
      - '-1'
      odata-version:
      - '4.0'
      pragma:
      - no-cache
      server:
      - Microsoft-IIS/10.0
      strict-transport-security:
      - max-age=31536000; includeSubDomains
      transfer-encoding:
      - chunked
      vary:
      - Accept-Encoding
      x-aspnet-version:
      - 4.0.30319
      x-content-type-options:
      - nosniff
      x-ms-ratelimit-remaining-subscription-resource-requests:
      - '48'
      x-powered-by:
      - ASP.NET
    status:
      code: 200
      message: OK
- request:
    body: null
    headers:
      Accept:
      - application/json
      Accept-Encoding:
      - gzip, deflate
      CommandName:
      - cdn waf policy set
      Connection:
      - keep-alive
      ParameterSetName:
      - -g --name
      User-Agent:
      - python/3.8.5 (macOS-10.16-x86_64-i386-64bit) msrest/0.6.18 msrest_azure/0.6.3
        azure-mgmt-cdn/5.1.0 Azure-SDK-For-Python AZURECLI/2.15.0
      accept-language:
      - en-US
    method: GET
    uri: https://management.azure.com/subscriptions/00000000-0000-0000-0000-000000000000/resourceGroups/cli_test_cdn_domain000001/providers/Microsoft.Cdn/CdnWebApplicationFirewallPolicies/wafpolicy1?api-version=2020-04-15
  response:
    body:
      string: '{"error":{"code":"ResourceNotFound","message":"The Resource ''Microsoft.Cdn/CdnWebApplicationFirewallPolicies/wafpolicy1''
        under resource group ''cli_test_cdn_domain000001'' was not found. For more
        details please go to https://aka.ms/ARMResourceNotFoundFix"}}'
    headers:
      cache-control:
      - no-cache
      content-length:
      - '305'
      content-type:
      - application/json; charset=utf-8
      date:
      - Fri, 13 Nov 2020 23:36:40 GMT
      expires:
      - '-1'
      pragma:
      - no-cache
      strict-transport-security:
      - max-age=31536000; includeSubDomains
      x-content-type-options:
      - nosniff
      x-ms-failure-cause:
      - gateway
    status:
      code: 404
      message: Not Found
- request:
    body: '{"location": "Global", "properties": {"policySettings": {"enabledState":
      "Enabled", "mode": "Detection"}}, "sku": {"name": "Standard_Microsoft"}}'
    headers:
      Accept:
      - application/json
      Accept-Encoding:
      - gzip, deflate
      CommandName:
      - cdn waf policy set
      Connection:
      - keep-alive
      Content-Length:
      - '145'
      Content-Type:
      - application/json; charset=utf-8
      ParameterSetName:
      - -g --name
      User-Agent:
      - python/3.8.5 (macOS-10.16-x86_64-i386-64bit) msrest/0.6.18 msrest_azure/0.6.3
        azure-mgmt-cdn/5.1.0 Azure-SDK-For-Python AZURECLI/2.15.0
      accept-language:
      - en-US
    method: PUT
    uri: https://management.azure.com/subscriptions/00000000-0000-0000-0000-000000000000/resourceGroups/cli_test_cdn_domain000001/providers/Microsoft.Cdn/CdnWebApplicationFirewallPolicies/wafpolicy1?api-version=2020-04-15
  response:
    body:
      string: "{\r\n  \"name\":\"wafpolicy1\",\"id\":\"/subscriptions/00000000-0000-0000-0000-000000000000/resourcegroups/cli_test_cdn_domain000001/providers/Microsoft.Cdn/cdnwebapplicationfirewallpolicies/wafpolicy1\"\
        ,\"type\":\"Microsoft.Cdn/cdnwebapplicationfirewallpolicies\",\"properties\"\
        :{\r\n    \"resourceState\":\"Enabled\",\"provisioningState\":\"Succeeded\"\
        ,\"policySettings\":{\r\n      \"enabledState\":\"Enabled\",\"mode\":\"Detection\"\
        ,\"defaultRedirectUrl\":null,\"defaultCustomBlockResponseStatusCode\":null,\"\
        defaultCustomBlockResponseBody\":null\r\n    },\"rateLimitRules\":{\r\n  \
        \    \"rules\":[\r\n        \r\n      ]\r\n    },\"customRules\":{\r\n   \
        \   \"rules\":[\r\n        \r\n      ]\r\n    },\"managedRules\":{\r\n   \
        \   \"managedRuleSets\":[\r\n        \r\n      ]\r\n    },\"endpointLinks\"\
        :[\r\n      \r\n    ]\r\n  },\"tags\":{\r\n    \r\n  },\"location\":\"Global\"\
        ,\"sku\":{\r\n    \"name\":\"Standard_Microsoft\"\r\n  }\r\n}"
    headers:
      cache-control:
      - no-cache
      content-length:
      - '881'
      content-type:
      - application/json; odata.metadata=minimal
      date:
      - Fri, 13 Nov 2020 23:36:44 GMT
      expires:
      - '-1'
      odata-version:
      - '4.0'
      pragma:
      - no-cache
      server:
      - Microsoft-IIS/10.0
      strict-transport-security:
      - max-age=31536000; includeSubDomains
      x-aspnet-version:
      - 4.0.30319
      x-content-type-options:
      - nosniff
      x-ms-ratelimit-remaining-subscription-writes:
      - '1199'
      x-powered-by:
      - ASP.NET
    status:
      code: 201
      message: Created
- request:
    body: null
    headers:
      Accept:
      - application/json
      Accept-Encoding:
      - gzip, deflate
      CommandName:
      - cdn endpoint create
      Connection:
      - keep-alive
      ParameterSetName:
      - -g --origin --profile-name -n
      User-Agent:
      - python/3.8.5 (macOS-10.16-x86_64-i386-64bit) msrest/0.6.18 msrest_azure/0.6.3
        azure-mgmt-resource/10.2.0 Azure-SDK-For-Python AZURECLI/2.15.0
      accept-language:
      - en-US
    method: GET
    uri: https://management.azure.com/subscriptions/00000000-0000-0000-0000-000000000000/resourcegroups/cli_test_cdn_domain000001?api-version=2020-06-01
  response:
    body:
      string: '{"id":"/subscriptions/00000000-0000-0000-0000-000000000000/resourceGroups/cli_test_cdn_domain000001","name":"cli_test_cdn_domain000001","type":"Microsoft.Resources/resourceGroups","location":"westus","tags":{"product":"azurecli","cause":"automation","date":"2020-11-13T23:35:52Z"},"properties":{"provisioningState":"Succeeded"}}'
    headers:
      cache-control:
      - no-cache
      content-length:
      - '428'
      content-type:
      - application/json; charset=utf-8
      date:
      - Fri, 13 Nov 2020 23:36:44 GMT
      expires:
      - '-1'
      pragma:
      - no-cache
      strict-transport-security:
      - max-age=31536000; includeSubDomains
      vary:
      - Accept-Encoding
      x-content-type-options:
      - nosniff
    status:
      code: 200
      message: OK
- request:
    body: '{"location": "westus", "properties": {"isCompressionEnabled": false, "isHttpAllowed":
      true, "isHttpsAllowed": true, "origins": [{"name": "origin-0", "properties":
      {"hostName": "www.test.com", "httpPort": 80, "httpsPort": 443}}]}}'
    headers:
      Accept:
      - application/json
      Accept-Encoding:
      - gzip, deflate
      CommandName:
      - cdn endpoint create
      Connection:
      - keep-alive
      Content-Length:
      - '229'
      Content-Type:
      - application/json; charset=utf-8
      ParameterSetName:
      - -g --origin --profile-name -n
      User-Agent:
      - python/3.8.5 (macOS-10.16-x86_64-i386-64bit) msrest/0.6.18 msrest_azure/0.6.3
        azure-mgmt-cdn/5.1.0 Azure-SDK-For-Python AZURECLI/2.15.0
      accept-language:
      - en-US
    method: PUT
    uri: https://management.azure.com/subscriptions/00000000-0000-0000-0000-000000000000/resourceGroups/cli_test_cdn_domain000001/providers/Microsoft.Cdn/profiles/ps1/endpoints/ep1000002?api-version=2020-04-15
  response:
    body:
      string: "{\r\n  \"name\":\"ep1000002\",\"id\":\"/subscriptions/00000000-0000-0000-0000-000000000000/resourcegroups/cli_test_cdn_domain000001/providers/Microsoft.Cdn/profiles/ps1/endpoints/ep1000002\"\
        ,\"type\":\"Microsoft.Cdn/profiles/endpoints\",\"tags\":{\r\n    \r\n  },\"\
        location\":\"WestUs\",\"properties\":{\r\n    \"hostName\":\"ep1000002.azureedge.net\"\
        ,\"originHostHeader\":null,\"provisioningState\":\"Creating\",\"resourceState\"\
        :\"Creating\",\"isHttpAllowed\":true,\"isHttpsAllowed\":true,\"queryStringCachingBehavior\"\
        :\"IgnoreQueryString\",\"originPath\":null,\"origins\":[\r\n      {\r\n  \
        \      \"name\":\"origin-0\",\"properties\":{\r\n          \"hostName\":\"\
        www.test.com\",\"httpPort\":80,\"httpsPort\":443,\"originHostHeader\":null,\"\
        priority\":1,\"weight\":1000,\"enabled\":true,\"privateLinkResourceId\":null,\"\
        privateLinkLocation\":null,\"privateLinkAlias\":null,\"privateEndpointStatus\"\
        :null,\"privateLinkApprovalMessage\":null\r\n        }\r\n      }\r\n    ],\"\
        originGroups\":[\r\n      \r\n    ],\"defaultOriginGroup\":null,\"customDomains\"\
        :[\r\n      \r\n    ],\"contentTypesToCompress\":[\r\n      \r\n    ],\"isCompressionEnabled\"\
        :false,\"optimizationType\":null,\"probePath\":null,\"geoFilters\":[\r\n \
        \     \r\n    ],\"deliveryPolicy\":null,\"webApplicationFirewallPolicyLink\"\
        :null,\"urlSigningKeys\":[\r\n      \r\n    ]\r\n  }\r\n}"
    headers:
      azure-asyncoperation:
      - https://management.azure.com/subscriptions/00000000-0000-0000-0000-000000000000/resourcegroups/cli_test_cdn_domain000001/providers/Microsoft.Cdn/operationresults/88b1d5fc-6698-47ec-9d0c-e6b618f41425?api-version=2020-04-15
      cache-control:
      - no-cache
      content-length:
      - '1276'
      content-type:
      - application/json; odata.metadata=minimal
      date:
      - Fri, 13 Nov 2020 23:36:50 GMT
      expires:
      - '-1'
      odata-version:
      - '4.0'
      pragma:
      - no-cache
      server:
      - Microsoft-IIS/10.0
      strict-transport-security:
      - max-age=31536000; includeSubDomains
      x-aspnet-version:
      - 4.0.30319
      x-content-type-options:
      - nosniff
      x-ms-ratelimit-remaining-subscription-resource-requests:
      - '99'
      x-powered-by:
      - ASP.NET
    status:
      code: 201
      message: Created
- request:
    body: null
    headers:
      Accept:
      - application/json
      Accept-Encoding:
      - gzip, deflate
      CommandName:
      - cdn endpoint create
      Connection:
      - keep-alive
      ParameterSetName:
      - -g --origin --profile-name -n
      User-Agent:
      - python/3.8.5 (macOS-10.16-x86_64-i386-64bit) msrest/0.6.18 msrest_azure/0.6.3
        azure-mgmt-cdn/5.1.0 Azure-SDK-For-Python AZURECLI/2.15.0
    method: GET
    uri: https://management.azure.com/subscriptions/00000000-0000-0000-0000-000000000000/resourcegroups/cli_test_cdn_domain000001/providers/Microsoft.Cdn/operationresults/88b1d5fc-6698-47ec-9d0c-e6b618f41425?api-version=2020-04-15
  response:
    body:
      string: "{\r\n  \"status\":\"InProgress\",\"error\":{\r\n    \"code\":\"None\"\
        ,\"message\":null\r\n  }\r\n}"
    headers:
      cache-control:
      - no-cache
      content-length:
      - '78'
      content-type:
      - application/json; odata.metadata=minimal
      date:
      - Fri, 13 Nov 2020 23:37:01 GMT
      expires:
      - '-1'
      odata-version:
      - '4.0'
      pragma:
      - no-cache
      server:
      - Microsoft-IIS/10.0
      strict-transport-security:
      - max-age=31536000; includeSubDomains
      transfer-encoding:
      - chunked
      vary:
      - Accept-Encoding
      x-aspnet-version:
      - 4.0.30319
      x-content-type-options:
      - nosniff
      x-powered-by:
      - ASP.NET
    status:
      code: 200
      message: OK
- request:
    body: null
    headers:
      Accept:
      - application/json
      Accept-Encoding:
      - gzip, deflate
      CommandName:
      - cdn endpoint create
      Connection:
      - keep-alive
      ParameterSetName:
      - -g --origin --profile-name -n
      User-Agent:
      - python/3.8.5 (macOS-10.16-x86_64-i386-64bit) msrest/0.6.18 msrest_azure/0.6.3
        azure-mgmt-cdn/5.1.0 Azure-SDK-For-Python AZURECLI/2.15.0
    method: GET
    uri: https://management.azure.com/subscriptions/00000000-0000-0000-0000-000000000000/resourcegroups/cli_test_cdn_domain000001/providers/Microsoft.Cdn/operationresults/88b1d5fc-6698-47ec-9d0c-e6b618f41425?api-version=2020-04-15
  response:
    body:
      string: "{\r\n  \"status\":\"Succeeded\",\"error\":{\r\n    \"code\":\"None\"\
        ,\"message\":null\r\n  }\r\n}"
    headers:
      cache-control:
      - no-cache
      content-length:
      - '77'
      content-type:
      - application/json; odata.metadata=minimal
      date:
      - Fri, 13 Nov 2020 23:37:32 GMT
      expires:
      - '-1'
      odata-version:
      - '4.0'
      pragma:
      - no-cache
      server:
      - Microsoft-IIS/10.0
      strict-transport-security:
      - max-age=31536000; includeSubDomains
      transfer-encoding:
      - chunked
      vary:
      - Accept-Encoding
      x-aspnet-version:
      - 4.0.30319
      x-content-type-options:
      - nosniff
      x-powered-by:
      - ASP.NET
    status:
      code: 200
      message: OK
- request:
    body: null
    headers:
      Accept:
      - application/json
      Accept-Encoding:
      - gzip, deflate
      CommandName:
      - cdn endpoint create
      Connection:
      - keep-alive
      ParameterSetName:
      - -g --origin --profile-name -n
      User-Agent:
      - python/3.8.5 (macOS-10.16-x86_64-i386-64bit) msrest/0.6.18 msrest_azure/0.6.3
        azure-mgmt-cdn/5.1.0 Azure-SDK-For-Python AZURECLI/2.15.0
    method: GET
    uri: https://management.azure.com/subscriptions/00000000-0000-0000-0000-000000000000/resourceGroups/cli_test_cdn_domain000001/providers/Microsoft.Cdn/profiles/ps1/endpoints/ep1000002?api-version=2020-04-15
  response:
    body:
      string: "{\r\n  \"name\":\"ep1000002\",\"id\":\"/subscriptions/00000000-0000-0000-0000-000000000000/resourcegroups/cli_test_cdn_domain000001/providers/Microsoft.Cdn/profiles/ps1/endpoints/ep1000002\"\
        ,\"type\":\"Microsoft.Cdn/profiles/endpoints\",\"tags\":{\r\n    \r\n  },\"\
        location\":\"WestUs\",\"properties\":{\r\n    \"hostName\":\"ep1000002.azureedge.net\"\
        ,\"originHostHeader\":null,\"provisioningState\":\"Succeeded\",\"resourceState\"\
        :\"Running\",\"isHttpAllowed\":true,\"isHttpsAllowed\":true,\"queryStringCachingBehavior\"\
        :\"IgnoreQueryString\",\"originPath\":null,\"origins\":[\r\n      {\r\n  \
        \      \"name\":\"origin-0\",\"properties\":{\r\n          \"hostName\":\"\
        www.test.com\",\"httpPort\":80,\"httpsPort\":443,\"originHostHeader\":null,\"\
        priority\":1,\"weight\":1000,\"enabled\":true,\"privateLinkResourceId\":null,\"\
        privateLinkLocation\":null,\"privateLinkAlias\":null,\"privateEndpointStatus\"\
        :null,\"privateLinkApprovalMessage\":null\r\n        }\r\n      }\r\n    ],\"\
        originGroups\":[\r\n      \r\n    ],\"defaultOriginGroup\":null,\"customDomains\"\
        :[\r\n      \r\n    ],\"contentTypesToCompress\":[\r\n      \r\n    ],\"isCompressionEnabled\"\
        :false,\"optimizationType\":null,\"probePath\":null,\"geoFilters\":[\r\n \
        \     \r\n    ],\"deliveryPolicy\":null,\"webApplicationFirewallPolicyLink\"\
        :null,\"urlSigningKeys\":[\r\n      \r\n    ]\r\n  }\r\n}"
    headers:
      cache-control:
      - no-cache
      content-length:
      - '1276'
      content-type:
      - application/json; odata.metadata=minimal
      date:
      - Fri, 13 Nov 2020 23:37:38 GMT
      expires:
      - '-1'
      odata-version:
      - '4.0'
      pragma:
      - no-cache
      server:
      - Microsoft-IIS/10.0
      strict-transport-security:
      - max-age=31536000; includeSubDomains
      transfer-encoding:
      - chunked
      vary:
      - Accept-Encoding
      x-aspnet-version:
      - 4.0.30319
      x-content-type-options:
      - nosniff
      x-ms-ratelimit-remaining-subscription-resource-requests:
      - '49'
      x-powered-by:
      - ASP.NET
    status:
      code: 200
      message: OK
- request:
    body: null
    headers:
      Accept:
      - application/json
      Accept-Encoding:
      - gzip, deflate
      CommandName:
      - cdn endpoint waf policy show
      Connection:
      - keep-alive
      ParameterSetName:
      - -g --profile-name --endpoint-name
      User-Agent:
      - python/3.8.5 (macOS-10.16-x86_64-i386-64bit) msrest/0.6.18 msrest_azure/0.6.3
        azure-mgmt-cdn/5.1.0 Azure-SDK-For-Python AZURECLI/2.15.0
      accept-language:
      - en-US
    method: GET
    uri: https://management.azure.com/subscriptions/00000000-0000-0000-0000-000000000000/resourceGroups/cli_test_cdn_domain000001/providers/Microsoft.Cdn/profiles/ps1/endpoints/ep1000002?api-version=2020-04-15
  response:
    body:
      string: "{\r\n  \"name\":\"ep1000002\",\"id\":\"/subscriptions/00000000-0000-0000-0000-000000000000/resourcegroups/cli_test_cdn_domain000001/providers/Microsoft.Cdn/profiles/ps1/endpoints/ep1000002\"\
        ,\"type\":\"Microsoft.Cdn/profiles/endpoints\",\"tags\":{\r\n    \r\n  },\"\
        location\":\"WestUs\",\"properties\":{\r\n    \"hostName\":\"ep1000002.azureedge.net\"\
        ,\"originHostHeader\":null,\"provisioningState\":\"Succeeded\",\"resourceState\"\
        :\"Running\",\"isHttpAllowed\":true,\"isHttpsAllowed\":true,\"queryStringCachingBehavior\"\
        :\"IgnoreQueryString\",\"originPath\":null,\"origins\":[\r\n      {\r\n  \
        \      \"name\":\"origin-0\",\"properties\":{\r\n          \"hostName\":\"\
        www.test.com\",\"httpPort\":80,\"httpsPort\":443,\"originHostHeader\":null,\"\
        priority\":1,\"weight\":1000,\"enabled\":true,\"privateLinkResourceId\":null,\"\
        privateLinkLocation\":null,\"privateLinkAlias\":null,\"privateEndpointStatus\"\
        :null,\"privateLinkApprovalMessage\":null\r\n        }\r\n      }\r\n    ],\"\
        originGroups\":[\r\n      \r\n    ],\"defaultOriginGroup\":null,\"customDomains\"\
        :[\r\n      \r\n    ],\"contentTypesToCompress\":[\r\n      \r\n    ],\"isCompressionEnabled\"\
        :false,\"optimizationType\":null,\"probePath\":null,\"geoFilters\":[\r\n \
        \     \r\n    ],\"deliveryPolicy\":null,\"webApplicationFirewallPolicyLink\"\
        :null,\"urlSigningKeys\":[\r\n      \r\n    ]\r\n  }\r\n}"
    headers:
      cache-control:
      - no-cache
      content-length:
      - '1276'
      content-type:
      - application/json; odata.metadata=minimal
      date:
      - Fri, 13 Nov 2020 23:37:40 GMT
      expires:
      - '-1'
      odata-version:
      - '4.0'
      pragma:
      - no-cache
      server:
      - Microsoft-IIS/10.0
      strict-transport-security:
      - max-age=31536000; includeSubDomains
      transfer-encoding:
      - chunked
      vary:
      - Accept-Encoding
      x-aspnet-version:
      - 4.0.30319
      x-content-type-options:
      - nosniff
      x-ms-ratelimit-remaining-subscription-resource-requests:
      - '48'
      x-powered-by:
      - ASP.NET
    status:
      code: 200
      message: OK
- request:
    body: null
    headers:
      Accept:
      - application/json
      Accept-Encoding:
      - gzip, deflate
      CommandName:
      - cdn endpoint waf policy set
      Connection:
      - keep-alive
      ParameterSetName:
      - -g --profile-name --endpoint-name --waf-policy-subscription-id --waf-policy-resource-group-name
        --waf-policy-name
      User-Agent:
      - python/3.8.5 (macOS-10.16-x86_64-i386-64bit) msrest/0.6.18 msrest_azure/0.6.3
        azure-mgmt-cdn/5.1.0 Azure-SDK-For-Python AZURECLI/2.15.0
      accept-language:
      - en-US
    method: GET
    uri: https://management.azure.com/subscriptions/00000000-0000-0000-0000-000000000000/resourceGroups/cli_test_cdn_domain000001/providers/Microsoft.Cdn/profiles/ps1/endpoints/ep1000002?api-version=2020-04-15
  response:
    body:
      string: "{\r\n  \"name\":\"ep1000002\",\"id\":\"/subscriptions/00000000-0000-0000-0000-000000000000/resourcegroups/cli_test_cdn_domain000001/providers/Microsoft.Cdn/profiles/ps1/endpoints/ep1000002\"\
        ,\"type\":\"Microsoft.Cdn/profiles/endpoints\",\"tags\":{\r\n    \r\n  },\"\
        location\":\"WestUs\",\"properties\":{\r\n    \"hostName\":\"ep1000002.azureedge.net\"\
        ,\"originHostHeader\":null,\"provisioningState\":\"Succeeded\",\"resourceState\"\
        :\"Running\",\"isHttpAllowed\":true,\"isHttpsAllowed\":true,\"queryStringCachingBehavior\"\
        :\"IgnoreQueryString\",\"originPath\":null,\"origins\":[\r\n      {\r\n  \
        \      \"name\":\"origin-0\",\"properties\":{\r\n          \"hostName\":\"\
        www.test.com\",\"httpPort\":80,\"httpsPort\":443,\"originHostHeader\":null,\"\
        priority\":1,\"weight\":1000,\"enabled\":true,\"privateLinkResourceId\":null,\"\
        privateLinkLocation\":null,\"privateLinkAlias\":null,\"privateEndpointStatus\"\
        :null,\"privateLinkApprovalMessage\":null\r\n        }\r\n      }\r\n    ],\"\
        originGroups\":[\r\n      \r\n    ],\"defaultOriginGroup\":null,\"customDomains\"\
        :[\r\n      \r\n    ],\"contentTypesToCompress\":[\r\n      \r\n    ],\"isCompressionEnabled\"\
        :false,\"optimizationType\":null,\"probePath\":null,\"geoFilters\":[\r\n \
        \     \r\n    ],\"deliveryPolicy\":null,\"webApplicationFirewallPolicyLink\"\
        :null,\"urlSigningKeys\":[\r\n      \r\n    ]\r\n  }\r\n}"
    headers:
      cache-control:
      - no-cache
      content-length:
      - '1276'
      content-type:
      - application/json; odata.metadata=minimal
      date:
      - Fri, 13 Nov 2020 23:37:41 GMT
      expires:
      - '-1'
      odata-version:
      - '4.0'
      pragma:
      - no-cache
      server:
      - Microsoft-IIS/10.0
      strict-transport-security:
      - max-age=31536000; includeSubDomains
      transfer-encoding:
      - chunked
      vary:
      - Accept-Encoding
      x-aspnet-version:
      - 4.0.30319
      x-content-type-options:
      - nosniff
      x-ms-ratelimit-remaining-subscription-resource-requests:
      - '49'
      x-powered-by:
      - ASP.NET
    status:
      code: 200
      message: OK
- request:
    body: '{"location": "WestUs", "tags": {}, "properties": {"contentTypesToCompress":
      [], "isCompressionEnabled": false, "isHttpAllowed": true, "isHttpsAllowed":
      true, "queryStringCachingBehavior": "IgnoreQueryString", "geoFilters": [], "urlSigningKeys":
      [], "webApplicationFirewallPolicyLink": {"id": "/subscriptions/00000000-0000-0000-0000-000000000000/resourceGroups/cli_test_cdn_domain000001/providers/Microsoft.Cdn/CdnWebApplicationFirewallPolicies/wafpolicy1"},
      "origins": [{"name": "origin-0", "properties": {"hostName": "www.test.com",
      "httpPort": 80, "httpsPort": 443, "priority": 1, "weight": 1000, "enabled":
      true}}], "originGroups": []}}'
    headers:
      Accept:
      - application/json
      Accept-Encoding:
      - gzip, deflate
      CommandName:
      - cdn endpoint waf policy set
      Connection:
      - keep-alive
      Content-Length:
      - '689'
      Content-Type:
      - application/json; charset=utf-8
      ParameterSetName:
      - -g --profile-name --endpoint-name --waf-policy-subscription-id --waf-policy-resource-group-name
        --waf-policy-name
      User-Agent:
      - python/3.8.5 (macOS-10.16-x86_64-i386-64bit) msrest/0.6.18 msrest_azure/0.6.3
        azure-mgmt-cdn/5.1.0 Azure-SDK-For-Python AZURECLI/2.15.0
      accept-language:
      - en-US
    method: PUT
    uri: https://management.azure.com/subscriptions/00000000-0000-0000-0000-000000000000/resourceGroups/cli_test_cdn_domain000001/providers/Microsoft.Cdn/profiles/ps1/endpoints/ep1000002?api-version=2020-04-15
  response:
    body:
      string: "{\r\n  \"name\":\"ep1000002\",\"id\":\"/subscriptions/00000000-0000-0000-0000-000000000000/resourcegroups/cli_test_cdn_domain000001/providers/Microsoft.Cdn/profiles/ps1/endpoints/ep1000002\"\
        ,\"type\":\"Microsoft.Cdn/profiles/endpoints\",\"tags\":{\r\n    \r\n  },\"\
        location\":\"WestUs\",\"properties\":{\r\n    \"hostName\":\"ep1000002.azureedge.net\"\
        ,\"originHostHeader\":null,\"provisioningState\":\"Succeeded\",\"resourceState\"\
        :\"Running\",\"isHttpAllowed\":true,\"isHttpsAllowed\":true,\"queryStringCachingBehavior\"\
        :\"IgnoreQueryString\",\"originPath\":null,\"origins\":[\r\n      {\r\n  \
        \      \"name\":\"origin-0\",\"properties\":{\r\n          \"hostName\":\"\
        www.test.com\",\"httpPort\":80,\"httpsPort\":443,\"originHostHeader\":null,\"\
        priority\":1,\"weight\":1000,\"enabled\":true,\"privateLinkResourceId\":null,\"\
        privateLinkLocation\":null,\"privateLinkAlias\":null,\"privateEndpointStatus\"\
        :null,\"privateLinkApprovalMessage\":null\r\n        }\r\n      }\r\n    ],\"\
        originGroups\":[\r\n      \r\n    ],\"defaultOriginGroup\":null,\"customDomains\"\
        :[\r\n      \r\n    ],\"contentTypesToCompress\":[\r\n      \r\n    ],\"isCompressionEnabled\"\
        :false,\"optimizationType\":null,\"probePath\":null,\"geoFilters\":[\r\n \
        \     \r\n    ],\"deliveryPolicy\":null,\"webApplicationFirewallPolicyLink\"\
        :{\r\n      \"id\":\"/subscriptions/00000000-0000-0000-0000-000000000000/resourceGroups/cli_test_cdn_domain000001/providers/Microsoft.Cdn/CdnWebApplicationFirewallPolicies/wafpolicy1\"\
        \r\n    },\"urlSigningKeys\":[\r\n      \r\n    ]\r\n  }\r\n}"
    headers:
      azure-asyncoperation:
      - https://management.azure.com/subscriptions/00000000-0000-0000-0000-000000000000/resourcegroups/cli_test_cdn_domain000001/providers/Microsoft.Cdn/operationresults/ebd70626-1d83-4eab-858b-93e71cf08d3c?api-version=2020-04-15
      cache-control:
      - no-cache
      content-length:
      - '1506'
      content-type:
      - application/json; odata.metadata=minimal
      date:
      - Fri, 13 Nov 2020 23:37:44 GMT
      expires:
      - '-1'
      location:
      - https://management.azure.com/subscriptions/00000000-0000-0000-0000-000000000000/resourcegroups/cli_test_cdn_domain000001/providers/Microsoft.Cdn/operationresults/ebd70626-1d83-4eab-858b-93e71cf08d3c/profileresults/ps1/endpointresults/ep1000002?api-version=2020-04-15
      odata-version:
      - '4.0'
      pragma:
      - no-cache
      server:
      - Microsoft-IIS/10.0
      strict-transport-security:
      - max-age=31536000; includeSubDomains
      x-aspnet-version:
      - 4.0.30319
      x-content-type-options:
      - nosniff
      x-ms-ratelimit-remaining-subscription-resource-requests:
      - '98'
      x-powered-by:
      - ASP.NET
    status:
      code: 202
      message: Accepted
- request:
    body: null
    headers:
      Accept:
      - application/json
      Accept-Encoding:
      - gzip, deflate
      CommandName:
      - cdn endpoint waf policy set
      Connection:
      - keep-alive
      ParameterSetName:
      - -g --profile-name --endpoint-name --waf-policy-subscription-id --waf-policy-resource-group-name
        --waf-policy-name
      User-Agent:
      - python/3.8.5 (macOS-10.16-x86_64-i386-64bit) msrest/0.6.18 msrest_azure/0.6.3
        azure-mgmt-cdn/5.1.0 Azure-SDK-For-Python AZURECLI/2.15.0
    method: GET
    uri: https://management.azure.com/subscriptions/00000000-0000-0000-0000-000000000000/resourcegroups/cli_test_cdn_domain000001/providers/Microsoft.Cdn/operationresults/ebd70626-1d83-4eab-858b-93e71cf08d3c?api-version=2020-04-15
  response:
    body:
      string: "{\r\n  \"status\":\"InProgress\",\"error\":{\r\n    \"code\":\"None\"\
        ,\"message\":null\r\n  }\r\n}"
    headers:
      cache-control:
      - no-cache
      content-length:
      - '78'
      content-type:
      - application/json; odata.metadata=minimal
      date:
      - Fri, 13 Nov 2020 23:37:55 GMT
      expires:
      - '-1'
      odata-version:
      - '4.0'
      pragma:
      - no-cache
      server:
      - Microsoft-IIS/10.0
      strict-transport-security:
      - max-age=31536000; includeSubDomains
      transfer-encoding:
      - chunked
      vary:
      - Accept-Encoding
      x-aspnet-version:
      - 4.0.30319
      x-content-type-options:
      - nosniff
      x-powered-by:
      - ASP.NET
    status:
      code: 200
      message: OK
- request:
    body: null
    headers:
      Accept:
      - application/json
      Accept-Encoding:
      - gzip, deflate
      CommandName:
      - cdn endpoint waf policy set
      Connection:
      - keep-alive
      ParameterSetName:
      - -g --profile-name --endpoint-name --waf-policy-subscription-id --waf-policy-resource-group-name
        --waf-policy-name
      User-Agent:
      - python/3.8.5 (macOS-10.16-x86_64-i386-64bit) msrest/0.6.18 msrest_azure/0.6.3
        azure-mgmt-cdn/5.1.0 Azure-SDK-For-Python AZURECLI/2.15.0
    method: GET
    uri: https://management.azure.com/subscriptions/00000000-0000-0000-0000-000000000000/resourcegroups/cli_test_cdn_domain000001/providers/Microsoft.Cdn/operationresults/ebd70626-1d83-4eab-858b-93e71cf08d3c?api-version=2020-04-15
  response:
    body:
      string: "{\r\n  \"status\":\"Succeeded\",\"error\":{\r\n    \"code\":\"None\"\
        ,\"message\":null\r\n  }\r\n}"
    headers:
      cache-control:
      - no-cache
      content-length:
      - '77'
      content-type:
      - application/json; odata.metadata=minimal
      date:
      - Fri, 13 Nov 2020 23:38:25 GMT
      expires:
      - '-1'
      odata-version:
      - '4.0'
      pragma:
      - no-cache
      server:
      - Microsoft-IIS/10.0
      strict-transport-security:
      - max-age=31536000; includeSubDomains
      transfer-encoding:
      - chunked
      vary:
      - Accept-Encoding
      x-aspnet-version:
      - 4.0.30319
      x-content-type-options:
      - nosniff
      x-powered-by:
      - ASP.NET
    status:
      code: 200
      message: OK
- request:
    body: null
    headers:
      Accept:
      - application/json
      Accept-Encoding:
      - gzip, deflate
      CommandName:
      - cdn endpoint waf policy set
      Connection:
      - keep-alive
      ParameterSetName:
      - -g --profile-name --endpoint-name --waf-policy-subscription-id --waf-policy-resource-group-name
        --waf-policy-name
      User-Agent:
      - python/3.8.5 (macOS-10.16-x86_64-i386-64bit) msrest/0.6.18 msrest_azure/0.6.3
        azure-mgmt-cdn/5.1.0 Azure-SDK-For-Python AZURECLI/2.15.0
    method: GET
    uri: https://management.azure.com/subscriptions/00000000-0000-0000-0000-000000000000/resourceGroups/cli_test_cdn_domain000001/providers/Microsoft.Cdn/profiles/ps1/endpoints/ep1000002?api-version=2020-04-15
  response:
    body:
      string: "{\r\n  \"name\":\"ep1000002\",\"id\":\"/subscriptions/00000000-0000-0000-0000-000000000000/resourcegroups/cli_test_cdn_domain000001/providers/Microsoft.Cdn/profiles/ps1/endpoints/ep1000002\"\
        ,\"type\":\"Microsoft.Cdn/profiles/endpoints\",\"tags\":{\r\n    \r\n  },\"\
        location\":\"WestUs\",\"properties\":{\r\n    \"hostName\":\"ep1000002.azureedge.net\"\
        ,\"originHostHeader\":null,\"provisioningState\":\"Succeeded\",\"resourceState\"\
        :\"Running\",\"isHttpAllowed\":true,\"isHttpsAllowed\":true,\"queryStringCachingBehavior\"\
        :\"IgnoreQueryString\",\"originPath\":null,\"origins\":[\r\n      {\r\n  \
        \      \"name\":\"origin-0\",\"properties\":{\r\n          \"hostName\":\"\
        www.test.com\",\"httpPort\":80,\"httpsPort\":443,\"originHostHeader\":null,\"\
        priority\":1,\"weight\":1000,\"enabled\":true,\"privateLinkResourceId\":null,\"\
        privateLinkLocation\":null,\"privateLinkAlias\":null,\"privateEndpointStatus\"\
        :null,\"privateLinkApprovalMessage\":null\r\n        }\r\n      }\r\n    ],\"\
        originGroups\":[\r\n      \r\n    ],\"defaultOriginGroup\":null,\"customDomains\"\
        :[\r\n      \r\n    ],\"contentTypesToCompress\":[\r\n      \r\n    ],\"isCompressionEnabled\"\
        :false,\"optimizationType\":null,\"probePath\":null,\"geoFilters\":[\r\n \
        \     \r\n    ],\"deliveryPolicy\":null,\"webApplicationFirewallPolicyLink\"\
        :{\r\n      \"id\":\"/subscriptions/00000000-0000-0000-0000-000000000000/resourceGroups/cli_test_cdn_domain000001/providers/Microsoft.Cdn/CdnWebApplicationFirewallPolicies/wafpolicy1\"\
        \r\n    },\"urlSigningKeys\":[\r\n      \r\n    ]\r\n  }\r\n}"
    headers:
      cache-control:
      - no-cache
      content-length:
      - '1506'
      content-type:
      - application/json; odata.metadata=minimal
      date:
      - Fri, 13 Nov 2020 23:38:26 GMT
      expires:
      - '-1'
      odata-version:
      - '4.0'
      pragma:
      - no-cache
      server:
      - Microsoft-IIS/10.0
      strict-transport-security:
      - max-age=31536000; includeSubDomains
      transfer-encoding:
      - chunked
      vary:
      - Accept-Encoding
      x-aspnet-version:
      - 4.0.30319
      x-content-type-options:
      - nosniff
      x-ms-ratelimit-remaining-subscription-resource-requests:
      - '48'
      x-powered-by:
      - ASP.NET
    status:
      code: 200
      message: OK
- request:
    body: null
    headers:
      Accept:
      - application/json
      Accept-Encoding:
      - gzip, deflate
      CommandName:
      - cdn endpoint show
      Connection:
      - keep-alive
      ParameterSetName:
      - -g --profile-name -n
      User-Agent:
      - python/3.8.5 (macOS-10.16-x86_64-i386-64bit) msrest/0.6.18 msrest_azure/0.6.3
        azure-mgmt-cdn/5.1.0 Azure-SDK-For-Python AZURECLI/2.15.0
      accept-language:
      - en-US
    method: GET
    uri: https://management.azure.com/subscriptions/00000000-0000-0000-0000-000000000000/resourceGroups/cli_test_cdn_domain000001/providers/Microsoft.Cdn/profiles/ps1/endpoints/ep1000002?api-version=2020-04-15
  response:
    body:
      string: "{\r\n  \"name\":\"ep1000002\",\"id\":\"/subscriptions/00000000-0000-0000-0000-000000000000/resourcegroups/cli_test_cdn_domain000001/providers/Microsoft.Cdn/profiles/ps1/endpoints/ep1000002\"\
        ,\"type\":\"Microsoft.Cdn/profiles/endpoints\",\"tags\":{\r\n    \r\n  },\"\
        location\":\"WestUs\",\"properties\":{\r\n    \"hostName\":\"ep1000002.azureedge.net\"\
        ,\"originHostHeader\":null,\"provisioningState\":\"Succeeded\",\"resourceState\"\
        :\"Running\",\"isHttpAllowed\":true,\"isHttpsAllowed\":true,\"queryStringCachingBehavior\"\
        :\"IgnoreQueryString\",\"originPath\":null,\"origins\":[\r\n      {\r\n  \
        \      \"name\":\"origin-0\",\"properties\":{\r\n          \"hostName\":\"\
        www.test.com\",\"httpPort\":80,\"httpsPort\":443,\"originHostHeader\":null,\"\
        priority\":1,\"weight\":1000,\"enabled\":true,\"privateLinkResourceId\":null,\"\
        privateLinkLocation\":null,\"privateLinkAlias\":null,\"privateEndpointStatus\"\
        :null,\"privateLinkApprovalMessage\":null\r\n        }\r\n      }\r\n    ],\"\
        originGroups\":[\r\n      \r\n    ],\"defaultOriginGroup\":null,\"customDomains\"\
        :[\r\n      \r\n    ],\"contentTypesToCompress\":[\r\n      \r\n    ],\"isCompressionEnabled\"\
        :false,\"optimizationType\":null,\"probePath\":null,\"geoFilters\":[\r\n \
        \     \r\n    ],\"deliveryPolicy\":null,\"webApplicationFirewallPolicyLink\"\
        :{\r\n      \"id\":\"/subscriptions/00000000-0000-0000-0000-000000000000/resourceGroups/cli_test_cdn_domain000001/providers/Microsoft.Cdn/CdnWebApplicationFirewallPolicies/wafpolicy1\"\
        \r\n    },\"urlSigningKeys\":[\r\n      \r\n    ]\r\n  }\r\n}"
    headers:
      cache-control:
      - no-cache
      content-length:
      - '1506'
      content-type:
      - application/json; odata.metadata=minimal
      date:
      - Fri, 13 Nov 2020 23:38:27 GMT
      expires:
      - '-1'
      odata-version:
      - '4.0'
      pragma:
      - no-cache
      server:
      - Microsoft-IIS/10.0
      strict-transport-security:
      - max-age=31536000; includeSubDomains
      transfer-encoding:
      - chunked
      vary:
      - Accept-Encoding
      x-aspnet-version:
      - 4.0.30319
      x-content-type-options:
      - nosniff
      x-ms-ratelimit-remaining-subscription-resource-requests:
      - '49'
      x-powered-by:
      - ASP.NET
    status:
      code: 200
      message: OK
- request:
    body: null
    headers:
      Accept:
      - application/json
      Accept-Encoding:
      - gzip, deflate
      CommandName:
      - cdn waf policy show
      Connection:
      - keep-alive
      ParameterSetName:
      - -g -n
      User-Agent:
      - python/3.8.5 (macOS-10.16-x86_64-i386-64bit) msrest/0.6.18 msrest_azure/0.6.3
        azure-mgmt-cdn/5.1.0 Azure-SDK-For-Python AZURECLI/2.15.0
      accept-language:
      - en-US
    method: GET
    uri: https://management.azure.com/subscriptions/00000000-0000-0000-0000-000000000000/resourceGroups/cli_test_cdn_domain000001/providers/Microsoft.Cdn/CdnWebApplicationFirewallPolicies/wafpolicy1?api-version=2020-04-15
  response:
    body:
      string: "{\r\n  \"name\":\"wafpolicy1\",\"id\":\"/subscriptions/00000000-0000-0000-0000-000000000000/resourcegroups/cli_test_cdn_domain000001/providers/Microsoft.Cdn/cdnwebapplicationfirewallpolicies/wafpolicy1\"\
        ,\"type\":\"Microsoft.Cdn/cdnwebapplicationfirewallpolicies\",\"properties\"\
        :{\r\n    \"resourceState\":\"Enabled\",\"provisioningState\":\"Succeeded\"\
        ,\"policySettings\":{\r\n      \"enabledState\":\"Enabled\",\"mode\":\"Detection\"\
        ,\"defaultRedirectUrl\":null,\"defaultCustomBlockResponseStatusCode\":null,\"\
        defaultCustomBlockResponseBody\":null\r\n    },\"rateLimitRules\":{\r\n  \
        \    \"rules\":[\r\n        \r\n      ]\r\n    },\"customRules\":{\r\n   \
        \   \"rules\":[\r\n        \r\n      ]\r\n    },\"managedRules\":{\r\n   \
        \   \"managedRuleSets\":[\r\n        \r\n      ]\r\n    },\"endpointLinks\"\
        :[\r\n      {\r\n        \"id\":\"/subscriptions/00000000-0000-0000-0000-000000000000/resourcegroups/cli_test_cdn_domain000001/providers/Microsoft.Cdn/profiles/ps1/endpoints/ep1000002\"\
        \r\n      }\r\n    ]\r\n  },\"tags\":{\r\n    \r\n  },\"location\":\"Global\"\
        ,\"sku\":{\r\n    \"name\":\"Standard_Microsoft\"\r\n  }\r\n}"
    headers:
      cache-control:
      - no-cache
      content-length:
      - '1111'
      content-type:
      - application/json; odata.metadata=minimal
      date:
      - Fri, 13 Nov 2020 23:38:29 GMT
      expires:
      - '-1'
      odata-version:
      - '4.0'
      pragma:
      - no-cache
      server:
      - Microsoft-IIS/10.0
      strict-transport-security:
      - max-age=31536000; includeSubDomains
      transfer-encoding:
      - chunked
      vary:
      - Accept-Encoding
      x-aspnet-version:
      - 4.0.30319
      x-content-type-options:
      - nosniff
      x-powered-by:
      - ASP.NET
    status:
      code: 200
      message: OK
- request:
    body: null
    headers:
      Accept:
      - application/json
      Accept-Encoding:
      - gzip, deflate
      CommandName:
      - cdn endpoint create
      Connection:
      - keep-alive
      ParameterSetName:
      - -g --origin --profile-name -n
      User-Agent:
      - python/3.8.5 (macOS-10.16-x86_64-i386-64bit) msrest/0.6.18 msrest_azure/0.6.3
        azure-mgmt-resource/10.2.0 Azure-SDK-For-Python AZURECLI/2.15.0
      accept-language:
      - en-US
    method: GET
    uri: https://management.azure.com/subscriptions/00000000-0000-0000-0000-000000000000/resourcegroups/cli_test_cdn_domain000001?api-version=2020-06-01
  response:
    body:
      string: '{"id":"/subscriptions/00000000-0000-0000-0000-000000000000/resourceGroups/cli_test_cdn_domain000001","name":"cli_test_cdn_domain000001","type":"Microsoft.Resources/resourceGroups","location":"westus","tags":{"product":"azurecli","cause":"automation","date":"2020-11-13T23:35:52Z"},"properties":{"provisioningState":"Succeeded"}}'
    headers:
      cache-control:
      - no-cache
      content-length:
      - '428'
      content-type:
      - application/json; charset=utf-8
      date:
      - Fri, 13 Nov 2020 23:38:29 GMT
      expires:
      - '-1'
      pragma:
      - no-cache
      strict-transport-security:
      - max-age=31536000; includeSubDomains
      vary:
      - Accept-Encoding
      x-content-type-options:
      - nosniff
    status:
      code: 200
      message: OK
- request:
    body: '{"location": "westus", "properties": {"isCompressionEnabled": false, "isHttpAllowed":
      true, "isHttpsAllowed": true, "origins": [{"name": "origin-0", "properties":
      {"hostName": "www.test.com", "httpPort": 80, "httpsPort": 443}}]}}'
    headers:
      Accept:
      - application/json
      Accept-Encoding:
      - gzip, deflate
      CommandName:
      - cdn endpoint create
      Connection:
      - keep-alive
      Content-Length:
      - '229'
      Content-Type:
      - application/json; charset=utf-8
      ParameterSetName:
      - -g --origin --profile-name -n
      User-Agent:
      - python/3.8.5 (macOS-10.16-x86_64-i386-64bit) msrest/0.6.18 msrest_azure/0.6.3
        azure-mgmt-cdn/5.1.0 Azure-SDK-For-Python AZURECLI/2.15.0
      accept-language:
      - en-US
    method: PUT
    uri: https://management.azure.com/subscriptions/00000000-0000-0000-0000-000000000000/resourceGroups/cli_test_cdn_domain000001/providers/Microsoft.Cdn/profiles/ps1/endpoints/ep2000003?api-version=2020-04-15
  response:
    body:
      string: "{\r\n  \"name\":\"ep2000003\",\"id\":\"/subscriptions/00000000-0000-0000-0000-000000000000/resourcegroups/cli_test_cdn_domain000001/providers/Microsoft.Cdn/profiles/ps1/endpoints/ep2000003\"\
        ,\"type\":\"Microsoft.Cdn/profiles/endpoints\",\"tags\":{\r\n    \r\n  },\"\
        location\":\"WestUs\",\"properties\":{\r\n    \"hostName\":\"ep2000003.azureedge.net\"\
        ,\"originHostHeader\":null,\"provisioningState\":\"Creating\",\"resourceState\"\
        :\"Creating\",\"isHttpAllowed\":true,\"isHttpsAllowed\":true,\"queryStringCachingBehavior\"\
        :\"IgnoreQueryString\",\"originPath\":null,\"origins\":[\r\n      {\r\n  \
        \      \"name\":\"origin-0\",\"properties\":{\r\n          \"hostName\":\"\
        www.test.com\",\"httpPort\":80,\"httpsPort\":443,\"originHostHeader\":null,\"\
        priority\":1,\"weight\":1000,\"enabled\":true,\"privateLinkResourceId\":null,\"\
        privateLinkLocation\":null,\"privateLinkAlias\":null,\"privateEndpointStatus\"\
        :null,\"privateLinkApprovalMessage\":null\r\n        }\r\n      }\r\n    ],\"\
        originGroups\":[\r\n      \r\n    ],\"defaultOriginGroup\":null,\"customDomains\"\
        :[\r\n      \r\n    ],\"contentTypesToCompress\":[\r\n      \r\n    ],\"isCompressionEnabled\"\
        :false,\"optimizationType\":null,\"probePath\":null,\"geoFilters\":[\r\n \
        \     \r\n    ],\"deliveryPolicy\":null,\"webApplicationFirewallPolicyLink\"\
        :null,\"urlSigningKeys\":[\r\n      \r\n    ]\r\n  }\r\n}"
    headers:
      azure-asyncoperation:
      - https://management.azure.com/subscriptions/00000000-0000-0000-0000-000000000000/resourcegroups/cli_test_cdn_domain000001/providers/Microsoft.Cdn/operationresults/a416c093-7c33-40c4-bbba-363a50e7b157?api-version=2020-04-15
      cache-control:
      - no-cache
      content-length:
      - '1276'
      content-type:
      - application/json; odata.metadata=minimal
      date:
      - Fri, 13 Nov 2020 23:38:35 GMT
      expires:
      - '-1'
      odata-version:
      - '4.0'
      pragma:
      - no-cache
      server:
      - Microsoft-IIS/10.0
      strict-transport-security:
      - max-age=31536000; includeSubDomains
      x-aspnet-version:
      - 4.0.30319
      x-content-type-options:
      - nosniff
      x-ms-ratelimit-remaining-subscription-resource-requests:
      - '99'
      x-powered-by:
      - ASP.NET
    status:
      code: 201
      message: Created
- request:
    body: null
    headers:
      Accept:
      - application/json
      Accept-Encoding:
      - gzip, deflate
      CommandName:
      - cdn endpoint create
      Connection:
      - keep-alive
      ParameterSetName:
      - -g --origin --profile-name -n
      User-Agent:
      - python/3.8.5 (macOS-10.16-x86_64-i386-64bit) msrest/0.6.18 msrest_azure/0.6.3
        azure-mgmt-cdn/5.1.0 Azure-SDK-For-Python AZURECLI/2.15.0
    method: GET
    uri: https://management.azure.com/subscriptions/00000000-0000-0000-0000-000000000000/resourcegroups/cli_test_cdn_domain000001/providers/Microsoft.Cdn/operationresults/a416c093-7c33-40c4-bbba-363a50e7b157?api-version=2020-04-15
  response:
    body:
      string: "{\r\n  \"status\":\"InProgress\",\"error\":{\r\n    \"code\":\"None\"\
        ,\"message\":null\r\n  }\r\n}"
    headers:
      cache-control:
      - no-cache
      content-length:
      - '78'
      content-type:
      - application/json; odata.metadata=minimal
      date:
      - Fri, 13 Nov 2020 23:38:46 GMT
      expires:
      - '-1'
      odata-version:
      - '4.0'
      pragma:
      - no-cache
      server:
      - Microsoft-IIS/10.0
      strict-transport-security:
      - max-age=31536000; includeSubDomains
      transfer-encoding:
      - chunked
      vary:
      - Accept-Encoding
      x-aspnet-version:
      - 4.0.30319
      x-content-type-options:
      - nosniff
      x-powered-by:
      - ASP.NET
    status:
      code: 200
      message: OK
- request:
    body: null
    headers:
      Accept:
      - application/json
      Accept-Encoding:
      - gzip, deflate
      CommandName:
      - cdn endpoint create
      Connection:
      - keep-alive
      ParameterSetName:
      - -g --origin --profile-name -n
      User-Agent:
      - python/3.8.5 (macOS-10.16-x86_64-i386-64bit) msrest/0.6.18 msrest_azure/0.6.3
        azure-mgmt-cdn/5.1.0 Azure-SDK-For-Python AZURECLI/2.15.0
    method: GET
    uri: https://management.azure.com/subscriptions/00000000-0000-0000-0000-000000000000/resourcegroups/cli_test_cdn_domain000001/providers/Microsoft.Cdn/operationresults/a416c093-7c33-40c4-bbba-363a50e7b157?api-version=2020-04-15
  response:
    body:
      string: "{\r\n  \"status\":\"Succeeded\",\"error\":{\r\n    \"code\":\"None\"\
        ,\"message\":null\r\n  }\r\n}"
    headers:
      cache-control:
      - no-cache
      content-length:
      - '77'
      content-type:
      - application/json; odata.metadata=minimal
      date:
      - Fri, 13 Nov 2020 23:39:16 GMT
      expires:
      - '-1'
      odata-version:
      - '4.0'
      pragma:
      - no-cache
      server:
      - Microsoft-IIS/10.0
      strict-transport-security:
      - max-age=31536000; includeSubDomains
      transfer-encoding:
      - chunked
      vary:
      - Accept-Encoding
      x-aspnet-version:
      - 4.0.30319
      x-content-type-options:
      - nosniff
      x-powered-by:
      - ASP.NET
    status:
      code: 200
      message: OK
- request:
    body: null
    headers:
      Accept:
      - application/json
      Accept-Encoding:
      - gzip, deflate
      CommandName:
      - cdn endpoint create
      Connection:
      - keep-alive
      ParameterSetName:
      - -g --origin --profile-name -n
      User-Agent:
      - python/3.8.5 (macOS-10.16-x86_64-i386-64bit) msrest/0.6.18 msrest_azure/0.6.3
        azure-mgmt-cdn/5.1.0 Azure-SDK-For-Python AZURECLI/2.15.0
    method: GET
    uri: https://management.azure.com/subscriptions/00000000-0000-0000-0000-000000000000/resourceGroups/cli_test_cdn_domain000001/providers/Microsoft.Cdn/profiles/ps1/endpoints/ep2000003?api-version=2020-04-15
  response:
    body:
      string: "{\r\n  \"name\":\"ep2000003\",\"id\":\"/subscriptions/00000000-0000-0000-0000-000000000000/resourcegroups/cli_test_cdn_domain000001/providers/Microsoft.Cdn/profiles/ps1/endpoints/ep2000003\"\
        ,\"type\":\"Microsoft.Cdn/profiles/endpoints\",\"tags\":{\r\n    \r\n  },\"\
        location\":\"WestUs\",\"properties\":{\r\n    \"hostName\":\"ep2000003.azureedge.net\"\
        ,\"originHostHeader\":null,\"provisioningState\":\"Succeeded\",\"resourceState\"\
        :\"Running\",\"isHttpAllowed\":true,\"isHttpsAllowed\":true,\"queryStringCachingBehavior\"\
        :\"IgnoreQueryString\",\"originPath\":null,\"origins\":[\r\n      {\r\n  \
        \      \"name\":\"origin-0\",\"properties\":{\r\n          \"hostName\":\"\
        www.test.com\",\"httpPort\":80,\"httpsPort\":443,\"originHostHeader\":null,\"\
        priority\":1,\"weight\":1000,\"enabled\":true,\"privateLinkResourceId\":null,\"\
        privateLinkLocation\":null,\"privateLinkAlias\":null,\"privateEndpointStatus\"\
        :null,\"privateLinkApprovalMessage\":null\r\n        }\r\n      }\r\n    ],\"\
        originGroups\":[\r\n      \r\n    ],\"defaultOriginGroup\":null,\"customDomains\"\
        :[\r\n      \r\n    ],\"contentTypesToCompress\":[\r\n      \r\n    ],\"isCompressionEnabled\"\
        :false,\"optimizationType\":null,\"probePath\":null,\"geoFilters\":[\r\n \
        \     \r\n    ],\"deliveryPolicy\":null,\"webApplicationFirewallPolicyLink\"\
        :null,\"urlSigningKeys\":[\r\n      \r\n    ]\r\n  }\r\n}"
    headers:
      cache-control:
      - no-cache
      content-length:
      - '1276'
      content-type:
      - application/json; odata.metadata=minimal
      date:
      - Fri, 13 Nov 2020 23:39:18 GMT
      expires:
      - '-1'
      odata-version:
      - '4.0'
      pragma:
      - no-cache
      server:
      - Microsoft-IIS/10.0
      strict-transport-security:
      - max-age=31536000; includeSubDomains
      transfer-encoding:
      - chunked
      vary:
      - Accept-Encoding
      x-aspnet-version:
      - 4.0.30319
      x-content-type-options:
      - nosniff
      x-ms-ratelimit-remaining-subscription-resource-requests:
      - '49'
      x-powered-by:
      - ASP.NET
    status:
      code: 200
      message: OK
- request:
    body: null
    headers:
      Accept:
      - application/json
      Accept-Encoding:
      - gzip, deflate
      CommandName:
      - cdn endpoint waf policy set
      Connection:
      - keep-alive
      ParameterSetName:
      - -g --profile-name --endpoint-name --waf-policy-id
      User-Agent:
      - python/3.8.5 (macOS-10.16-x86_64-i386-64bit) msrest/0.6.18 msrest_azure/0.6.3
        azure-mgmt-cdn/5.1.0 Azure-SDK-For-Python AZURECLI/2.15.0
      accept-language:
      - en-US
    method: GET
    uri: https://management.azure.com/subscriptions/00000000-0000-0000-0000-000000000000/resourceGroups/cli_test_cdn_domain000001/providers/Microsoft.Cdn/profiles/ps1/endpoints/ep2000003?api-version=2020-04-15
  response:
    body:
      string: "{\r\n  \"name\":\"ep2000003\",\"id\":\"/subscriptions/00000000-0000-0000-0000-000000000000/resourcegroups/cli_test_cdn_domain000001/providers/Microsoft.Cdn/profiles/ps1/endpoints/ep2000003\"\
        ,\"type\":\"Microsoft.Cdn/profiles/endpoints\",\"tags\":{\r\n    \r\n  },\"\
        location\":\"WestUs\",\"properties\":{\r\n    \"hostName\":\"ep2000003.azureedge.net\"\
        ,\"originHostHeader\":null,\"provisioningState\":\"Succeeded\",\"resourceState\"\
        :\"Running\",\"isHttpAllowed\":true,\"isHttpsAllowed\":true,\"queryStringCachingBehavior\"\
        :\"IgnoreQueryString\",\"originPath\":null,\"origins\":[\r\n      {\r\n  \
        \      \"name\":\"origin-0\",\"properties\":{\r\n          \"hostName\":\"\
        www.test.com\",\"httpPort\":80,\"httpsPort\":443,\"originHostHeader\":null,\"\
        priority\":1,\"weight\":1000,\"enabled\":true,\"privateLinkResourceId\":null,\"\
        privateLinkLocation\":null,\"privateLinkAlias\":null,\"privateEndpointStatus\"\
        :null,\"privateLinkApprovalMessage\":null\r\n        }\r\n      }\r\n    ],\"\
        originGroups\":[\r\n      \r\n    ],\"defaultOriginGroup\":null,\"customDomains\"\
        :[\r\n      \r\n    ],\"contentTypesToCompress\":[\r\n      \r\n    ],\"isCompressionEnabled\"\
        :false,\"optimizationType\":null,\"probePath\":null,\"geoFilters\":[\r\n \
        \     \r\n    ],\"deliveryPolicy\":null,\"webApplicationFirewallPolicyLink\"\
        :null,\"urlSigningKeys\":[\r\n      \r\n    ]\r\n  }\r\n}"
    headers:
      cache-control:
      - no-cache
      content-length:
      - '1276'
      content-type:
      - application/json; odata.metadata=minimal
      date:
      - Fri, 13 Nov 2020 23:39:20 GMT
      expires:
      - '-1'
      odata-version:
      - '4.0'
      pragma:
      - no-cache
      server:
      - Microsoft-IIS/10.0
      strict-transport-security:
      - max-age=31536000; includeSubDomains
      transfer-encoding:
      - chunked
      vary:
      - Accept-Encoding
      x-aspnet-version:
      - 4.0.30319
      x-content-type-options:
      - nosniff
      x-ms-ratelimit-remaining-subscription-resource-requests:
      - '49'
      x-powered-by:
      - ASP.NET
    status:
      code: 200
      message: OK
- request:
    body: '{"location": "WestUs", "tags": {}, "properties": {"contentTypesToCompress":
      [], "isCompressionEnabled": false, "isHttpAllowed": true, "isHttpsAllowed":
      true, "queryStringCachingBehavior": "IgnoreQueryString", "geoFilters": [], "urlSigningKeys":
      [], "webApplicationFirewallPolicyLink": {"id": "/subscriptions/00000000-0000-0000-0000-000000000000/resourcegroups/cli_test_cdn_domain000001/providers/Microsoft.Cdn/cdnwebapplicationfirewallpolicies/wafpolicy1"},
      "origins": [{"name": "origin-0", "properties": {"hostName": "www.test.com",
      "httpPort": 80, "httpsPort": 443, "priority": 1, "weight": 1000, "enabled":
      true}}], "originGroups": []}}'
    headers:
      Accept:
      - application/json
      Accept-Encoding:
      - gzip, deflate
      CommandName:
      - cdn endpoint waf policy set
      Connection:
      - keep-alive
      Content-Length:
      - '689'
      Content-Type:
      - application/json; charset=utf-8
      ParameterSetName:
      - -g --profile-name --endpoint-name --waf-policy-id
      User-Agent:
      - python/3.8.5 (macOS-10.16-x86_64-i386-64bit) msrest/0.6.18 msrest_azure/0.6.3
        azure-mgmt-cdn/5.1.0 Azure-SDK-For-Python AZURECLI/2.15.0
      accept-language:
      - en-US
    method: PUT
    uri: https://management.azure.com/subscriptions/00000000-0000-0000-0000-000000000000/resourceGroups/cli_test_cdn_domain000001/providers/Microsoft.Cdn/profiles/ps1/endpoints/ep2000003?api-version=2020-04-15
  response:
    body:
      string: "{\r\n  \"name\":\"ep2000003\",\"id\":\"/subscriptions/00000000-0000-0000-0000-000000000000/resourcegroups/cli_test_cdn_domain000001/providers/Microsoft.Cdn/profiles/ps1/endpoints/ep2000003\"\
        ,\"type\":\"Microsoft.Cdn/profiles/endpoints\",\"tags\":{\r\n    \r\n  },\"\
        location\":\"WestUs\",\"properties\":{\r\n    \"hostName\":\"ep2000003.azureedge.net\"\
        ,\"originHostHeader\":null,\"provisioningState\":\"Succeeded\",\"resourceState\"\
        :\"Running\",\"isHttpAllowed\":true,\"isHttpsAllowed\":true,\"queryStringCachingBehavior\"\
        :\"IgnoreQueryString\",\"originPath\":null,\"origins\":[\r\n      {\r\n  \
        \      \"name\":\"origin-0\",\"properties\":{\r\n          \"hostName\":\"\
        www.test.com\",\"httpPort\":80,\"httpsPort\":443,\"originHostHeader\":null,\"\
        priority\":1,\"weight\":1000,\"enabled\":true,\"privateLinkResourceId\":null,\"\
        privateLinkLocation\":null,\"privateLinkAlias\":null,\"privateEndpointStatus\"\
        :null,\"privateLinkApprovalMessage\":null\r\n        }\r\n      }\r\n    ],\"\
        originGroups\":[\r\n      \r\n    ],\"defaultOriginGroup\":null,\"customDomains\"\
        :[\r\n      \r\n    ],\"contentTypesToCompress\":[\r\n      \r\n    ],\"isCompressionEnabled\"\
        :false,\"optimizationType\":null,\"probePath\":null,\"geoFilters\":[\r\n \
        \     \r\n    ],\"deliveryPolicy\":null,\"webApplicationFirewallPolicyLink\"\
        :{\r\n      \"id\":\"/subscriptions/00000000-0000-0000-0000-000000000000/resourcegroups/cli_test_cdn_domain000001/providers/Microsoft.Cdn/cdnwebapplicationfirewallpolicies/wafpolicy1\"\
        \r\n    },\"urlSigningKeys\":[\r\n      \r\n    ]\r\n  }\r\n}"
    headers:
      azure-asyncoperation:
      - https://management.azure.com/subscriptions/00000000-0000-0000-0000-000000000000/resourcegroups/cli_test_cdn_domain000001/providers/Microsoft.Cdn/operationresults/8b04fdcc-21fd-42a3-89a5-ae4eb16547c1?api-version=2020-04-15
      cache-control:
      - no-cache
      content-length:
      - '1506'
      content-type:
      - application/json; odata.metadata=minimal
      date:
      - Fri, 13 Nov 2020 23:39:23 GMT
      expires:
      - '-1'
      location:
      - https://management.azure.com/subscriptions/00000000-0000-0000-0000-000000000000/resourcegroups/cli_test_cdn_domain000001/providers/Microsoft.Cdn/operationresults/8b04fdcc-21fd-42a3-89a5-ae4eb16547c1/profileresults/ps1/endpointresults/ep2000003?api-version=2020-04-15
      odata-version:
      - '4.0'
      pragma:
      - no-cache
      server:
      - Microsoft-IIS/10.0
      strict-transport-security:
      - max-age=31536000; includeSubDomains
      x-aspnet-version:
      - 4.0.30319
      x-content-type-options:
      - nosniff
      x-ms-ratelimit-remaining-subscription-resource-requests:
      - '99'
      x-powered-by:
      - ASP.NET
    status:
      code: 202
      message: Accepted
- request:
    body: null
    headers:
      Accept:
      - application/json
      Accept-Encoding:
      - gzip, deflate
      CommandName:
      - cdn endpoint waf policy set
      Connection:
      - keep-alive
      ParameterSetName:
      - -g --profile-name --endpoint-name --waf-policy-id
      User-Agent:
      - python/3.8.5 (macOS-10.16-x86_64-i386-64bit) msrest/0.6.18 msrest_azure/0.6.3
        azure-mgmt-cdn/5.1.0 Azure-SDK-For-Python AZURECLI/2.15.0
    method: GET
    uri: https://management.azure.com/subscriptions/00000000-0000-0000-0000-000000000000/resourcegroups/cli_test_cdn_domain000001/providers/Microsoft.Cdn/operationresults/8b04fdcc-21fd-42a3-89a5-ae4eb16547c1?api-version=2020-04-15
  response:
    body:
      string: "{\r\n  \"status\":\"InProgress\",\"error\":{\r\n    \"code\":\"None\"\
        ,\"message\":null\r\n  }\r\n}"
    headers:
      cache-control:
      - no-cache
      content-length:
      - '78'
      content-type:
      - application/json; odata.metadata=minimal
      date:
      - Fri, 13 Nov 2020 23:39:33 GMT
      expires:
      - '-1'
      odata-version:
      - '4.0'
      pragma:
      - no-cache
      server:
      - Microsoft-IIS/10.0
      strict-transport-security:
      - max-age=31536000; includeSubDomains
      transfer-encoding:
      - chunked
      vary:
      - Accept-Encoding
      x-aspnet-version:
      - 4.0.30319
      x-content-type-options:
      - nosniff
      x-powered-by:
      - ASP.NET
    status:
      code: 200
      message: OK
- request:
    body: null
    headers:
      Accept:
      - application/json
      Accept-Encoding:
      - gzip, deflate
      CommandName:
      - cdn endpoint waf policy set
      Connection:
      - keep-alive
      ParameterSetName:
      - -g --profile-name --endpoint-name --waf-policy-id
      User-Agent:
      - python/3.8.5 (macOS-10.16-x86_64-i386-64bit) msrest/0.6.18 msrest_azure/0.6.3
        azure-mgmt-cdn/5.1.0 Azure-SDK-For-Python AZURECLI/2.15.0
    method: GET
    uri: https://management.azure.com/subscriptions/00000000-0000-0000-0000-000000000000/resourcegroups/cli_test_cdn_domain000001/providers/Microsoft.Cdn/operationresults/8b04fdcc-21fd-42a3-89a5-ae4eb16547c1?api-version=2020-04-15
  response:
    body:
      string: "{\r\n  \"status\":\"Succeeded\",\"error\":{\r\n    \"code\":\"None\"\
        ,\"message\":null\r\n  }\r\n}"
    headers:
      cache-control:
      - no-cache
      content-length:
      - '77'
      content-type:
      - application/json; odata.metadata=minimal
      date:
      - Fri, 13 Nov 2020 23:40:04 GMT
      expires:
      - '-1'
      odata-version:
      - '4.0'
      pragma:
      - no-cache
      server:
      - Microsoft-IIS/10.0
      strict-transport-security:
      - max-age=31536000; includeSubDomains
      transfer-encoding:
      - chunked
      vary:
      - Accept-Encoding
      x-aspnet-version:
      - 4.0.30319
      x-content-type-options:
      - nosniff
      x-powered-by:
      - ASP.NET
    status:
      code: 200
      message: OK
- request:
    body: null
    headers:
      Accept:
      - application/json
      Accept-Encoding:
      - gzip, deflate
      CommandName:
      - cdn endpoint waf policy set
      Connection:
      - keep-alive
      ParameterSetName:
      - -g --profile-name --endpoint-name --waf-policy-id
      User-Agent:
      - python/3.8.5 (macOS-10.16-x86_64-i386-64bit) msrest/0.6.18 msrest_azure/0.6.3
        azure-mgmt-cdn/5.1.0 Azure-SDK-For-Python AZURECLI/2.15.0
    method: GET
    uri: https://management.azure.com/subscriptions/00000000-0000-0000-0000-000000000000/resourceGroups/cli_test_cdn_domain000001/providers/Microsoft.Cdn/profiles/ps1/endpoints/ep2000003?api-version=2020-04-15
  response:
    body:
      string: "{\r\n  \"name\":\"ep2000003\",\"id\":\"/subscriptions/00000000-0000-0000-0000-000000000000/resourcegroups/cli_test_cdn_domain000001/providers/Microsoft.Cdn/profiles/ps1/endpoints/ep2000003\"\
        ,\"type\":\"Microsoft.Cdn/profiles/endpoints\",\"tags\":{\r\n    \r\n  },\"\
        location\":\"WestUs\",\"properties\":{\r\n    \"hostName\":\"ep2000003.azureedge.net\"\
        ,\"originHostHeader\":null,\"provisioningState\":\"Succeeded\",\"resourceState\"\
        :\"Running\",\"isHttpAllowed\":true,\"isHttpsAllowed\":true,\"queryStringCachingBehavior\"\
        :\"IgnoreQueryString\",\"originPath\":null,\"origins\":[\r\n      {\r\n  \
        \      \"name\":\"origin-0\",\"properties\":{\r\n          \"hostName\":\"\
        www.test.com\",\"httpPort\":80,\"httpsPort\":443,\"originHostHeader\":null,\"\
        priority\":1,\"weight\":1000,\"enabled\":true,\"privateLinkResourceId\":null,\"\
        privateLinkLocation\":null,\"privateLinkAlias\":null,\"privateEndpointStatus\"\
        :null,\"privateLinkApprovalMessage\":null\r\n        }\r\n      }\r\n    ],\"\
        originGroups\":[\r\n      \r\n    ],\"defaultOriginGroup\":null,\"customDomains\"\
        :[\r\n      \r\n    ],\"contentTypesToCompress\":[\r\n      \r\n    ],\"isCompressionEnabled\"\
        :false,\"optimizationType\":null,\"probePath\":null,\"geoFilters\":[\r\n \
        \     \r\n    ],\"deliveryPolicy\":null,\"webApplicationFirewallPolicyLink\"\
        :{\r\n      \"id\":\"/subscriptions/00000000-0000-0000-0000-000000000000/resourcegroups/cli_test_cdn_domain000001/providers/Microsoft.Cdn/cdnwebapplicationfirewallpolicies/wafpolicy1\"\
        \r\n    },\"urlSigningKeys\":[\r\n      \r\n    ]\r\n  }\r\n}"
    headers:
      cache-control:
      - no-cache
      content-length:
      - '1506'
      content-type:
      - application/json; odata.metadata=minimal
      date:
      - Fri, 13 Nov 2020 23:40:05 GMT
      expires:
      - '-1'
      odata-version:
      - '4.0'
      pragma:
      - no-cache
      server:
      - Microsoft-IIS/10.0
      strict-transport-security:
      - max-age=31536000; includeSubDomains
      transfer-encoding:
      - chunked
      vary:
      - Accept-Encoding
      x-aspnet-version:
      - 4.0.30319
      x-content-type-options:
      - nosniff
      x-ms-ratelimit-remaining-subscription-resource-requests:
      - '49'
      x-powered-by:
      - ASP.NET
    status:
      code: 200
      message: OK
- request:
    body: null
    headers:
      Accept:
      - application/json
      Accept-Encoding:
      - gzip, deflate
      CommandName:
      - cdn endpoint show
      Connection:
      - keep-alive
      ParameterSetName:
      - -g --profile-name -n
      User-Agent:
      - python/3.8.5 (macOS-10.16-x86_64-i386-64bit) msrest/0.6.18 msrest_azure/0.6.3
        azure-mgmt-cdn/5.1.0 Azure-SDK-For-Python AZURECLI/2.15.0
      accept-language:
      - en-US
    method: GET
    uri: https://management.azure.com/subscriptions/00000000-0000-0000-0000-000000000000/resourceGroups/cli_test_cdn_domain000001/providers/Microsoft.Cdn/profiles/ps1/endpoints/ep2000003?api-version=2020-04-15
  response:
    body:
      string: "{\r\n  \"name\":\"ep2000003\",\"id\":\"/subscriptions/00000000-0000-0000-0000-000000000000/resourcegroups/cli_test_cdn_domain000001/providers/Microsoft.Cdn/profiles/ps1/endpoints/ep2000003\"\
        ,\"type\":\"Microsoft.Cdn/profiles/endpoints\",\"tags\":{\r\n    \r\n  },\"\
        location\":\"WestUs\",\"properties\":{\r\n    \"hostName\":\"ep2000003.azureedge.net\"\
        ,\"originHostHeader\":null,\"provisioningState\":\"Succeeded\",\"resourceState\"\
        :\"Running\",\"isHttpAllowed\":true,\"isHttpsAllowed\":true,\"queryStringCachingBehavior\"\
        :\"IgnoreQueryString\",\"originPath\":null,\"origins\":[\r\n      {\r\n  \
        \      \"name\":\"origin-0\",\"properties\":{\r\n          \"hostName\":\"\
        www.test.com\",\"httpPort\":80,\"httpsPort\":443,\"originHostHeader\":null,\"\
        priority\":1,\"weight\":1000,\"enabled\":true,\"privateLinkResourceId\":null,\"\
        privateLinkLocation\":null,\"privateLinkAlias\":null,\"privateEndpointStatus\"\
        :null,\"privateLinkApprovalMessage\":null\r\n        }\r\n      }\r\n    ],\"\
        originGroups\":[\r\n      \r\n    ],\"defaultOriginGroup\":null,\"customDomains\"\
        :[\r\n      \r\n    ],\"contentTypesToCompress\":[\r\n      \r\n    ],\"isCompressionEnabled\"\
        :false,\"optimizationType\":null,\"probePath\":null,\"geoFilters\":[\r\n \
        \     \r\n    ],\"deliveryPolicy\":null,\"webApplicationFirewallPolicyLink\"\
        :{\r\n      \"id\":\"/subscriptions/00000000-0000-0000-0000-000000000000/resourcegroups/cli_test_cdn_domain000001/providers/Microsoft.Cdn/cdnwebapplicationfirewallpolicies/wafpolicy1\"\
        \r\n    },\"urlSigningKeys\":[\r\n      \r\n    ]\r\n  }\r\n}"
    headers:
      cache-control:
      - no-cache
      content-length:
      - '1506'
      content-type:
      - application/json; odata.metadata=minimal
      date:
      - Fri, 13 Nov 2020 23:40:06 GMT
      expires:
      - '-1'
      odata-version:
      - '4.0'
      pragma:
      - no-cache
      server:
      - Microsoft-IIS/10.0
      strict-transport-security:
      - max-age=31536000; includeSubDomains
      transfer-encoding:
      - chunked
      vary:
      - Accept-Encoding
      x-aspnet-version:
      - 4.0.30319
      x-content-type-options:
      - nosniff
      x-ms-ratelimit-remaining-subscription-resource-requests:
      - '49'
      x-powered-by:
      - ASP.NET
    status:
      code: 200
      message: OK
- request:
    body: null
    headers:
      Accept:
      - application/json
      Accept-Encoding:
      - gzip, deflate
      CommandName:
      - cdn waf policy show
      Connection:
      - keep-alive
      ParameterSetName:
      - -g -n
      User-Agent:
      - python/3.8.5 (macOS-10.16-x86_64-i386-64bit) msrest/0.6.18 msrest_azure/0.6.3
        azure-mgmt-cdn/5.1.0 Azure-SDK-For-Python AZURECLI/2.15.0
      accept-language:
      - en-US
    method: GET
    uri: https://management.azure.com/subscriptions/00000000-0000-0000-0000-000000000000/resourceGroups/cli_test_cdn_domain000001/providers/Microsoft.Cdn/CdnWebApplicationFirewallPolicies/wafpolicy1?api-version=2020-04-15
  response:
    body:
      string: "{\r\n  \"name\":\"wafpolicy1\",\"id\":\"/subscriptions/00000000-0000-0000-0000-000000000000/resourcegroups/cli_test_cdn_domain000001/providers/Microsoft.Cdn/cdnwebapplicationfirewallpolicies/wafpolicy1\"\
        ,\"type\":\"Microsoft.Cdn/cdnwebapplicationfirewallpolicies\",\"properties\"\
        :{\r\n    \"resourceState\":\"Enabled\",\"provisioningState\":\"Succeeded\"\
        ,\"policySettings\":{\r\n      \"enabledState\":\"Enabled\",\"mode\":\"Detection\"\
        ,\"defaultRedirectUrl\":null,\"defaultCustomBlockResponseStatusCode\":null,\"\
        defaultCustomBlockResponseBody\":null\r\n    },\"rateLimitRules\":{\r\n  \
        \    \"rules\":[\r\n        \r\n      ]\r\n    },\"customRules\":{\r\n   \
        \   \"rules\":[\r\n        \r\n      ]\r\n    },\"managedRules\":{\r\n   \
        \   \"managedRuleSets\":[\r\n        \r\n      ]\r\n    },\"endpointLinks\"\
        :[\r\n      {\r\n        \"id\":\"/subscriptions/00000000-0000-0000-0000-000000000000/resourcegroups/cli_test_cdn_domain000001/providers/Microsoft.Cdn/profiles/ps1/endpoints/ep1000002\"\
        \r\n      },{\r\n        \"id\":\"/subscriptions/00000000-0000-0000-0000-000000000000/resourcegroups/cli_test_cdn_domain000001/providers/Microsoft.Cdn/profiles/ps1/endpoints/ep2000003\"\
        \r\n      }\r\n    ]\r\n  },\"tags\":{\r\n    \r\n  },\"location\":\"Global\"\
        ,\"sku\":{\r\n    \"name\":\"Standard_Microsoft\"\r\n  }\r\n}"
    headers:
      cache-control:
      - no-cache
      content-length:
      - '1342'
      content-type:
      - application/json; odata.metadata=minimal
      date:
      - Fri, 13 Nov 2020 23:40:07 GMT
      expires:
      - '-1'
      odata-version:
      - '4.0'
      pragma:
      - no-cache
      server:
      - Microsoft-IIS/10.0
      strict-transport-security:
      - max-age=31536000; includeSubDomains
      transfer-encoding:
      - chunked
      vary:
      - Accept-Encoding
      x-aspnet-version:
      - 4.0.30319
      x-content-type-options:
      - nosniff
      x-powered-by:
      - ASP.NET
    status:
      code: 200
      message: OK
- request:
    body: null
    headers:
      Accept:
      - application/json
      Accept-Encoding:
      - gzip, deflate
      CommandName:
      - cdn endpoint waf policy remove
      Connection:
      - keep-alive
      ParameterSetName:
      - -y -g --profile-name --endpoint-name
      User-Agent:
      - python/3.8.5 (macOS-10.16-x86_64-i386-64bit) msrest/0.6.18 msrest_azure/0.6.3
        azure-mgmt-cdn/5.1.0 Azure-SDK-For-Python AZURECLI/2.15.0
      accept-language:
      - en-US
    method: GET
    uri: https://management.azure.com/subscriptions/00000000-0000-0000-0000-000000000000/resourceGroups/cli_test_cdn_domain000001/providers/Microsoft.Cdn/profiles/ps1/endpoints/ep1000002?api-version=2020-04-15
  response:
    body:
      string: "{\r\n  \"name\":\"ep1000002\",\"id\":\"/subscriptions/00000000-0000-0000-0000-000000000000/resourcegroups/cli_test_cdn_domain000001/providers/Microsoft.Cdn/profiles/ps1/endpoints/ep1000002\"\
        ,\"type\":\"Microsoft.Cdn/profiles/endpoints\",\"tags\":{\r\n    \r\n  },\"\
        location\":\"WestUs\",\"properties\":{\r\n    \"hostName\":\"ep1000002.azureedge.net\"\
        ,\"originHostHeader\":null,\"provisioningState\":\"Succeeded\",\"resourceState\"\
        :\"Running\",\"isHttpAllowed\":true,\"isHttpsAllowed\":true,\"queryStringCachingBehavior\"\
        :\"IgnoreQueryString\",\"originPath\":null,\"origins\":[\r\n      {\r\n  \
        \      \"name\":\"origin-0\",\"properties\":{\r\n          \"hostName\":\"\
        www.test.com\",\"httpPort\":80,\"httpsPort\":443,\"originHostHeader\":null,\"\
        priority\":1,\"weight\":1000,\"enabled\":true,\"privateLinkResourceId\":null,\"\
        privateLinkLocation\":null,\"privateLinkAlias\":null,\"privateEndpointStatus\"\
        :null,\"privateLinkApprovalMessage\":null\r\n        }\r\n      }\r\n    ],\"\
        originGroups\":[\r\n      \r\n    ],\"defaultOriginGroup\":null,\"customDomains\"\
        :[\r\n      \r\n    ],\"contentTypesToCompress\":[\r\n      \r\n    ],\"isCompressionEnabled\"\
        :false,\"optimizationType\":null,\"probePath\":null,\"geoFilters\":[\r\n \
        \     \r\n    ],\"deliveryPolicy\":null,\"webApplicationFirewallPolicyLink\"\
        :{\r\n      \"id\":\"/subscriptions/00000000-0000-0000-0000-000000000000/resourceGroups/cli_test_cdn_domain000001/providers/Microsoft.Cdn/CdnWebApplicationFirewallPolicies/wafpolicy1\"\
        \r\n    },\"urlSigningKeys\":[\r\n      \r\n    ]\r\n  }\r\n}"
    headers:
      cache-control:
      - no-cache
      content-length:
      - '1506'
      content-type:
      - application/json; odata.metadata=minimal
      date:
      - Fri, 13 Nov 2020 23:40:09 GMT
      expires:
      - '-1'
      odata-version:
      - '4.0'
      pragma:
      - no-cache
      server:
      - Microsoft-IIS/10.0
      strict-transport-security:
      - max-age=31536000; includeSubDomains
      transfer-encoding:
      - chunked
      vary:
      - Accept-Encoding
      x-aspnet-version:
      - 4.0.30319
      x-content-type-options:
      - nosniff
      x-ms-ratelimit-remaining-subscription-resource-requests:
      - '49'
      x-powered-by:
      - ASP.NET
    status:
      code: 200
      message: OK
- request:
    body: '{"location": "WestUs", "tags": {}, "properties": {"contentTypesToCompress":
      [], "isCompressionEnabled": false, "isHttpAllowed": true, "isHttpsAllowed":
      true, "queryStringCachingBehavior": "IgnoreQueryString", "geoFilters": [], "urlSigningKeys":
      [], "origins": [{"name": "origin-0", "properties": {"hostName": "www.test.com",
      "httpPort": 80, "httpsPort": 443, "priority": 1, "weight": 1000, "enabled":
      true}}], "originGroups": []}}'
    headers:
      Accept:
      - application/json
      Accept-Encoding:
      - gzip, deflate
      CommandName:
      - cdn endpoint waf policy remove
      Connection:
      - keep-alive
      Content-Length:
      - '430'
      Content-Type:
      - application/json; charset=utf-8
      ParameterSetName:
      - -y -g --profile-name --endpoint-name
      User-Agent:
      - python/3.8.5 (macOS-10.16-x86_64-i386-64bit) msrest/0.6.18 msrest_azure/0.6.3
        azure-mgmt-cdn/5.1.0 Azure-SDK-For-Python AZURECLI/2.15.0
      accept-language:
      - en-US
    method: PUT
    uri: https://management.azure.com/subscriptions/00000000-0000-0000-0000-000000000000/resourceGroups/cli_test_cdn_domain000001/providers/Microsoft.Cdn/profiles/ps1/endpoints/ep1000002?api-version=2020-04-15
  response:
    body:
      string: "{\r\n  \"name\":\"ep1000002\",\"id\":\"/subscriptions/00000000-0000-0000-0000-000000000000/resourcegroups/cli_test_cdn_domain000001/providers/Microsoft.Cdn/profiles/ps1/endpoints/ep1000002\"\
        ,\"type\":\"Microsoft.Cdn/profiles/endpoints\",\"tags\":{\r\n    \r\n  },\"\
        location\":\"WestUs\",\"properties\":{\r\n    \"hostName\":\"ep1000002.azureedge.net\"\
        ,\"originHostHeader\":null,\"provisioningState\":\"Succeeded\",\"resourceState\"\
        :\"Running\",\"isHttpAllowed\":true,\"isHttpsAllowed\":true,\"queryStringCachingBehavior\"\
        :\"IgnoreQueryString\",\"originPath\":null,\"origins\":[\r\n      {\r\n  \
        \      \"name\":\"origin-0\",\"properties\":{\r\n          \"hostName\":\"\
        www.test.com\",\"httpPort\":80,\"httpsPort\":443,\"originHostHeader\":null,\"\
        priority\":1,\"weight\":1000,\"enabled\":true,\"privateLinkResourceId\":null,\"\
        privateLinkLocation\":null,\"privateLinkAlias\":null,\"privateEndpointStatus\"\
        :null,\"privateLinkApprovalMessage\":null\r\n        }\r\n      }\r\n    ],\"\
        originGroups\":[\r\n      \r\n    ],\"defaultOriginGroup\":null,\"customDomains\"\
        :[\r\n      \r\n    ],\"contentTypesToCompress\":[\r\n      \r\n    ],\"isCompressionEnabled\"\
        :false,\"optimizationType\":null,\"probePath\":null,\"geoFilters\":[\r\n \
        \     \r\n    ],\"deliveryPolicy\":null,\"webApplicationFirewallPolicyLink\"\
        :null,\"urlSigningKeys\":[\r\n      \r\n    ]\r\n  }\r\n}"
    headers:
      azure-asyncoperation:
      - https://management.azure.com/subscriptions/00000000-0000-0000-0000-000000000000/resourcegroups/cli_test_cdn_domain000001/providers/Microsoft.Cdn/operationresults/c3286489-edb6-4812-a006-778239601538?api-version=2020-04-15
      cache-control:
      - no-cache
      content-length:
      - '1276'
      content-type:
      - application/json; odata.metadata=minimal
      date:
      - Fri, 13 Nov 2020 23:40:12 GMT
      expires:
      - '-1'
      location:
      - https://management.azure.com/subscriptions/00000000-0000-0000-0000-000000000000/resourcegroups/cli_test_cdn_domain000001/providers/Microsoft.Cdn/operationresults/c3286489-edb6-4812-a006-778239601538/profileresults/ps1/endpointresults/ep1000002?api-version=2020-04-15
      odata-version:
      - '4.0'
      pragma:
      - no-cache
      server:
      - Microsoft-IIS/10.0
      strict-transport-security:
      - max-age=31536000; includeSubDomains
      x-aspnet-version:
      - 4.0.30319
      x-content-type-options:
      - nosniff
      x-ms-ratelimit-remaining-subscription-resource-requests:
      - '99'
      x-powered-by:
      - ASP.NET
    status:
      code: 202
      message: Accepted
- request:
    body: null
    headers:
      Accept:
      - application/json
      Accept-Encoding:
      - gzip, deflate
      CommandName:
      - cdn endpoint waf policy remove
      Connection:
      - keep-alive
      ParameterSetName:
      - -y -g --profile-name --endpoint-name
      User-Agent:
      - python/3.8.5 (macOS-10.16-x86_64-i386-64bit) msrest/0.6.18 msrest_azure/0.6.3
        azure-mgmt-cdn/5.1.0 Azure-SDK-For-Python AZURECLI/2.15.0
    method: GET
    uri: https://management.azure.com/subscriptions/00000000-0000-0000-0000-000000000000/resourcegroups/cli_test_cdn_domain000001/providers/Microsoft.Cdn/operationresults/c3286489-edb6-4812-a006-778239601538?api-version=2020-04-15
  response:
    body:
      string: "{\r\n  \"status\":\"Succeeded\",\"error\":{\r\n    \"code\":\"None\"\
        ,\"message\":null\r\n  }\r\n}"
    headers:
      cache-control:
      - no-cache
      content-length:
      - '77'
      content-type:
      - application/json; odata.metadata=minimal
      date:
      - Fri, 13 Nov 2020 23:40:22 GMT
      expires:
      - '-1'
      odata-version:
      - '4.0'
      pragma:
      - no-cache
      server:
      - Microsoft-IIS/10.0
      strict-transport-security:
      - max-age=31536000; includeSubDomains
      transfer-encoding:
      - chunked
      vary:
      - Accept-Encoding
      x-aspnet-version:
      - 4.0.30319
      x-content-type-options:
      - nosniff
      x-powered-by:
      - ASP.NET
    status:
      code: 200
      message: OK
- request:
    body: null
    headers:
      Accept:
      - application/json
      Accept-Encoding:
      - gzip, deflate
      CommandName:
      - cdn endpoint waf policy remove
      Connection:
      - keep-alive
      ParameterSetName:
      - -y -g --profile-name --endpoint-name
      User-Agent:
      - python/3.8.5 (macOS-10.16-x86_64-i386-64bit) msrest/0.6.18 msrest_azure/0.6.3
        azure-mgmt-cdn/5.1.0 Azure-SDK-For-Python AZURECLI/2.15.0
    method: GET
    uri: https://management.azure.com/subscriptions/00000000-0000-0000-0000-000000000000/resourceGroups/cli_test_cdn_domain000001/providers/Microsoft.Cdn/profiles/ps1/endpoints/ep1000002?api-version=2020-04-15
  response:
    body:
      string: "{\r\n  \"name\":\"ep1000002\",\"id\":\"/subscriptions/00000000-0000-0000-0000-000000000000/resourcegroups/cli_test_cdn_domain000001/providers/Microsoft.Cdn/profiles/ps1/endpoints/ep1000002\"\
        ,\"type\":\"Microsoft.Cdn/profiles/endpoints\",\"tags\":{\r\n    \r\n  },\"\
        location\":\"WestUs\",\"properties\":{\r\n    \"hostName\":\"ep1000002.azureedge.net\"\
        ,\"originHostHeader\":null,\"provisioningState\":\"Succeeded\",\"resourceState\"\
        :\"Running\",\"isHttpAllowed\":true,\"isHttpsAllowed\":true,\"queryStringCachingBehavior\"\
        :\"IgnoreQueryString\",\"originPath\":null,\"origins\":[\r\n      {\r\n  \
        \      \"name\":\"origin-0\",\"properties\":{\r\n          \"hostName\":\"\
        www.test.com\",\"httpPort\":80,\"httpsPort\":443,\"originHostHeader\":null,\"\
        priority\":1,\"weight\":1000,\"enabled\":true,\"privateLinkResourceId\":null,\"\
        privateLinkLocation\":null,\"privateLinkAlias\":null,\"privateEndpointStatus\"\
        :null,\"privateLinkApprovalMessage\":null\r\n        }\r\n      }\r\n    ],\"\
        originGroups\":[\r\n      \r\n    ],\"defaultOriginGroup\":null,\"customDomains\"\
        :[\r\n      \r\n    ],\"contentTypesToCompress\":[\r\n      \r\n    ],\"isCompressionEnabled\"\
        :false,\"optimizationType\":null,\"probePath\":null,\"geoFilters\":[\r\n \
        \     \r\n    ],\"deliveryPolicy\":null,\"webApplicationFirewallPolicyLink\"\
        :null,\"urlSigningKeys\":[\r\n      \r\n    ]\r\n  }\r\n}"
    headers:
      cache-control:
      - no-cache
      content-length:
      - '1276'
      content-type:
      - application/json; odata.metadata=minimal
      date:
      - Fri, 13 Nov 2020 23:40:23 GMT
      expires:
      - '-1'
      odata-version:
      - '4.0'
      pragma:
      - no-cache
      server:
      - Microsoft-IIS/10.0
      strict-transport-security:
      - max-age=31536000; includeSubDomains
      transfer-encoding:
      - chunked
      vary:
      - Accept-Encoding
      x-aspnet-version:
      - 4.0.30319
      x-content-type-options:
      - nosniff
      x-ms-ratelimit-remaining-subscription-resource-requests:
      - '49'
      x-powered-by:
      - ASP.NET
    status:
      code: 200
      message: OK
- request:
    body: null
    headers:
      Accept:
      - application/json
      Accept-Encoding:
      - gzip, deflate
      CommandName:
      - cdn endpoint waf policy show
      Connection:
      - keep-alive
      ParameterSetName:
      - -g --profile-name --endpoint-name
      User-Agent:
      - python/3.8.5 (macOS-10.16-x86_64-i386-64bit) msrest/0.6.18 msrest_azure/0.6.3
        azure-mgmt-cdn/5.1.0 Azure-SDK-For-Python AZURECLI/2.15.0
      accept-language:
      - en-US
    method: GET
    uri: https://management.azure.com/subscriptions/00000000-0000-0000-0000-000000000000/resourceGroups/cli_test_cdn_domain000001/providers/Microsoft.Cdn/profiles/ps1/endpoints/ep1000002?api-version=2020-04-15
  response:
    body:
      string: "{\r\n  \"name\":\"ep1000002\",\"id\":\"/subscriptions/00000000-0000-0000-0000-000000000000/resourcegroups/cli_test_cdn_domain000001/providers/Microsoft.Cdn/profiles/ps1/endpoints/ep1000002\"\
        ,\"type\":\"Microsoft.Cdn/profiles/endpoints\",\"tags\":{\r\n    \r\n  },\"\
        location\":\"WestUs\",\"properties\":{\r\n    \"hostName\":\"ep1000002.azureedge.net\"\
        ,\"originHostHeader\":null,\"provisioningState\":\"Succeeded\",\"resourceState\"\
        :\"Running\",\"isHttpAllowed\":true,\"isHttpsAllowed\":true,\"queryStringCachingBehavior\"\
        :\"IgnoreQueryString\",\"originPath\":null,\"origins\":[\r\n      {\r\n  \
        \      \"name\":\"origin-0\",\"properties\":{\r\n          \"hostName\":\"\
        www.test.com\",\"httpPort\":80,\"httpsPort\":443,\"originHostHeader\":null,\"\
        priority\":1,\"weight\":1000,\"enabled\":true,\"privateLinkResourceId\":null,\"\
        privateLinkLocation\":null,\"privateLinkAlias\":null,\"privateEndpointStatus\"\
        :null,\"privateLinkApprovalMessage\":null\r\n        }\r\n      }\r\n    ],\"\
        originGroups\":[\r\n      \r\n    ],\"defaultOriginGroup\":null,\"customDomains\"\
        :[\r\n      \r\n    ],\"contentTypesToCompress\":[\r\n      \r\n    ],\"isCompressionEnabled\"\
        :false,\"optimizationType\":null,\"probePath\":null,\"geoFilters\":[\r\n \
        \     \r\n    ],\"deliveryPolicy\":null,\"webApplicationFirewallPolicyLink\"\
        :null,\"urlSigningKeys\":[\r\n      \r\n    ]\r\n  }\r\n}"
    headers:
      cache-control:
      - no-cache
      content-length:
      - '1276'
      content-type:
      - application/json; odata.metadata=minimal
      date:
      - Fri, 13 Nov 2020 23:40:24 GMT
      expires:
      - '-1'
      odata-version:
      - '4.0'
      pragma:
      - no-cache
      server:
      - Microsoft-IIS/10.0
      strict-transport-security:
      - max-age=31536000; includeSubDomains
      transfer-encoding:
      - chunked
      vary:
      - Accept-Encoding
      x-aspnet-version:
      - 4.0.30319
      x-content-type-options:
      - nosniff
      x-ms-ratelimit-remaining-subscription-resource-requests:
      - '49'
      x-powered-by:
      - ASP.NET
    status:
      code: 200
      message: OK
- request:
    body: null
    headers:
      Accept:
      - application/json
      Accept-Encoding:
      - gzip, deflate
      CommandName:
      - cdn endpoint show
      Connection:
      - keep-alive
      ParameterSetName:
      - -g --profile-name -n
      User-Agent:
      - python/3.8.5 (macOS-10.16-x86_64-i386-64bit) msrest/0.6.18 msrest_azure/0.6.3
        azure-mgmt-cdn/5.1.0 Azure-SDK-For-Python AZURECLI/2.15.0
      accept-language:
      - en-US
    method: GET
    uri: https://management.azure.com/subscriptions/00000000-0000-0000-0000-000000000000/resourceGroups/cli_test_cdn_domain000001/providers/Microsoft.Cdn/profiles/ps1/endpoints/ep1000002?api-version=2020-04-15
  response:
    body:
      string: "{\r\n  \"name\":\"ep1000002\",\"id\":\"/subscriptions/00000000-0000-0000-0000-000000000000/resourcegroups/cli_test_cdn_domain000001/providers/Microsoft.Cdn/profiles/ps1/endpoints/ep1000002\"\
        ,\"type\":\"Microsoft.Cdn/profiles/endpoints\",\"tags\":{\r\n    \r\n  },\"\
        location\":\"WestUs\",\"properties\":{\r\n    \"hostName\":\"ep1000002.azureedge.net\"\
        ,\"originHostHeader\":null,\"provisioningState\":\"Succeeded\",\"resourceState\"\
        :\"Running\",\"isHttpAllowed\":true,\"isHttpsAllowed\":true,\"queryStringCachingBehavior\"\
        :\"IgnoreQueryString\",\"originPath\":null,\"origins\":[\r\n      {\r\n  \
        \      \"name\":\"origin-0\",\"properties\":{\r\n          \"hostName\":\"\
        www.test.com\",\"httpPort\":80,\"httpsPort\":443,\"originHostHeader\":null,\"\
        priority\":1,\"weight\":1000,\"enabled\":true,\"privateLinkResourceId\":null,\"\
        privateLinkLocation\":null,\"privateLinkAlias\":null,\"privateEndpointStatus\"\
        :null,\"privateLinkApprovalMessage\":null\r\n        }\r\n      }\r\n    ],\"\
        originGroups\":[\r\n      \r\n    ],\"defaultOriginGroup\":null,\"customDomains\"\
        :[\r\n      \r\n    ],\"contentTypesToCompress\":[\r\n      \r\n    ],\"isCompressionEnabled\"\
        :false,\"optimizationType\":null,\"probePath\":null,\"geoFilters\":[\r\n \
        \     \r\n    ],\"deliveryPolicy\":null,\"webApplicationFirewallPolicyLink\"\
        :null,\"urlSigningKeys\":[\r\n      \r\n    ]\r\n  }\r\n}"
    headers:
      cache-control:
      - no-cache
      content-length:
      - '1276'
      content-type:
      - application/json; odata.metadata=minimal
      date:
      - Fri, 13 Nov 2020 23:40:26 GMT
      expires:
      - '-1'
      odata-version:
      - '4.0'
      pragma:
      - no-cache
      server:
      - Microsoft-IIS/10.0
      strict-transport-security:
      - max-age=31536000; includeSubDomains
      transfer-encoding:
      - chunked
      vary:
      - Accept-Encoding
      x-aspnet-version:
      - 4.0.30319
      x-content-type-options:
      - nosniff
      x-ms-ratelimit-remaining-subscription-resource-requests:
      - '48'
      x-powered-by:
      - ASP.NET
    status:
      code: 200
      message: OK
- request:
    body: null
    headers:
      Accept:
      - application/json
      Accept-Encoding:
      - gzip, deflate
      CommandName:
      - cdn endpoint waf policy remove
      Connection:
      - keep-alive
      ParameterSetName:
      - -y -g --profile-name --endpoint-name
      User-Agent:
      - python/3.8.5 (macOS-10.16-x86_64-i386-64bit) msrest/0.6.18 msrest_azure/0.6.3
        azure-mgmt-cdn/5.1.0 Azure-SDK-For-Python AZURECLI/2.15.0
      accept-language:
      - en-US
    method: GET
    uri: https://management.azure.com/subscriptions/00000000-0000-0000-0000-000000000000/resourceGroups/cli_test_cdn_domain000001/providers/Microsoft.Cdn/profiles/ps1/endpoints/ep2000003?api-version=2020-04-15
  response:
    body:
      string: "{\r\n  \"name\":\"ep2000003\",\"id\":\"/subscriptions/00000000-0000-0000-0000-000000000000/resourcegroups/cli_test_cdn_domain000001/providers/Microsoft.Cdn/profiles/ps1/endpoints/ep2000003\"\
        ,\"type\":\"Microsoft.Cdn/profiles/endpoints\",\"tags\":{\r\n    \r\n  },\"\
        location\":\"WestUs\",\"properties\":{\r\n    \"hostName\":\"ep2000003.azureedge.net\"\
        ,\"originHostHeader\":null,\"provisioningState\":\"Succeeded\",\"resourceState\"\
        :\"Running\",\"isHttpAllowed\":true,\"isHttpsAllowed\":true,\"queryStringCachingBehavior\"\
        :\"IgnoreQueryString\",\"originPath\":null,\"origins\":[\r\n      {\r\n  \
        \      \"name\":\"origin-0\",\"properties\":{\r\n          \"hostName\":\"\
        www.test.com\",\"httpPort\":80,\"httpsPort\":443,\"originHostHeader\":null,\"\
        priority\":1,\"weight\":1000,\"enabled\":true,\"privateLinkResourceId\":null,\"\
        privateLinkLocation\":null,\"privateLinkAlias\":null,\"privateEndpointStatus\"\
        :null,\"privateLinkApprovalMessage\":null\r\n        }\r\n      }\r\n    ],\"\
        originGroups\":[\r\n      \r\n    ],\"defaultOriginGroup\":null,\"customDomains\"\
        :[\r\n      \r\n    ],\"contentTypesToCompress\":[\r\n      \r\n    ],\"isCompressionEnabled\"\
        :false,\"optimizationType\":null,\"probePath\":null,\"geoFilters\":[\r\n \
        \     \r\n    ],\"deliveryPolicy\":null,\"webApplicationFirewallPolicyLink\"\
        :{\r\n      \"id\":\"/subscriptions/00000000-0000-0000-0000-000000000000/resourcegroups/cli_test_cdn_domain000001/providers/Microsoft.Cdn/cdnwebapplicationfirewallpolicies/wafpolicy1\"\
        \r\n    },\"urlSigningKeys\":[\r\n      \r\n    ]\r\n  }\r\n}"
    headers:
      cache-control:
      - no-cache
      content-length:
      - '1506'
      content-type:
      - application/json; odata.metadata=minimal
      date:
      - Fri, 13 Nov 2020 23:40:27 GMT
      expires:
      - '-1'
      odata-version:
      - '4.0'
      pragma:
      - no-cache
      server:
      - Microsoft-IIS/10.0
      strict-transport-security:
      - max-age=31536000; includeSubDomains
      transfer-encoding:
      - chunked
      vary:
      - Accept-Encoding
      x-aspnet-version:
      - 4.0.30319
      x-content-type-options:
      - nosniff
      x-ms-ratelimit-remaining-subscription-resource-requests:
      - '49'
      x-powered-by:
      - ASP.NET
    status:
      code: 200
      message: OK
- request:
    body: '{"location": "WestUs", "tags": {}, "properties": {"contentTypesToCompress":
      [], "isCompressionEnabled": false, "isHttpAllowed": true, "isHttpsAllowed":
      true, "queryStringCachingBehavior": "IgnoreQueryString", "geoFilters": [], "urlSigningKeys":
      [], "origins": [{"name": "origin-0", "properties": {"hostName": "www.test.com",
      "httpPort": 80, "httpsPort": 443, "priority": 1, "weight": 1000, "enabled":
      true}}], "originGroups": []}}'
    headers:
      Accept:
      - application/json
      Accept-Encoding:
      - gzip, deflate
      CommandName:
      - cdn endpoint waf policy remove
      Connection:
      - keep-alive
      Content-Length:
      - '430'
      Content-Type:
      - application/json; charset=utf-8
      ParameterSetName:
      - -y -g --profile-name --endpoint-name
      User-Agent:
      - python/3.8.5 (macOS-10.16-x86_64-i386-64bit) msrest/0.6.18 msrest_azure/0.6.3
        azure-mgmt-cdn/5.1.0 Azure-SDK-For-Python AZURECLI/2.15.0
      accept-language:
      - en-US
    method: PUT
    uri: https://management.azure.com/subscriptions/00000000-0000-0000-0000-000000000000/resourceGroups/cli_test_cdn_domain000001/providers/Microsoft.Cdn/profiles/ps1/endpoints/ep2000003?api-version=2020-04-15
  response:
    body:
      string: "{\r\n  \"name\":\"ep2000003\",\"id\":\"/subscriptions/00000000-0000-0000-0000-000000000000/resourcegroups/cli_test_cdn_domain000001/providers/Microsoft.Cdn/profiles/ps1/endpoints/ep2000003\"\
        ,\"type\":\"Microsoft.Cdn/profiles/endpoints\",\"tags\":{\r\n    \r\n  },\"\
        location\":\"WestUs\",\"properties\":{\r\n    \"hostName\":\"ep2000003.azureedge.net\"\
        ,\"originHostHeader\":null,\"provisioningState\":\"Succeeded\",\"resourceState\"\
        :\"Running\",\"isHttpAllowed\":true,\"isHttpsAllowed\":true,\"queryStringCachingBehavior\"\
        :\"IgnoreQueryString\",\"originPath\":null,\"origins\":[\r\n      {\r\n  \
        \      \"name\":\"origin-0\",\"properties\":{\r\n          \"hostName\":\"\
        www.test.com\",\"httpPort\":80,\"httpsPort\":443,\"originHostHeader\":null,\"\
        priority\":1,\"weight\":1000,\"enabled\":true,\"privateLinkResourceId\":null,\"\
        privateLinkLocation\":null,\"privateLinkAlias\":null,\"privateEndpointStatus\"\
        :null,\"privateLinkApprovalMessage\":null\r\n        }\r\n      }\r\n    ],\"\
        originGroups\":[\r\n      \r\n    ],\"defaultOriginGroup\":null,\"customDomains\"\
        :[\r\n      \r\n    ],\"contentTypesToCompress\":[\r\n      \r\n    ],\"isCompressionEnabled\"\
        :false,\"optimizationType\":null,\"probePath\":null,\"geoFilters\":[\r\n \
        \     \r\n    ],\"deliveryPolicy\":null,\"webApplicationFirewallPolicyLink\"\
        :null,\"urlSigningKeys\":[\r\n      \r\n    ]\r\n  }\r\n}"
    headers:
      azure-asyncoperation:
      - https://management.azure.com/subscriptions/00000000-0000-0000-0000-000000000000/resourcegroups/cli_test_cdn_domain000001/providers/Microsoft.Cdn/operationresults/19eac3fe-6e24-4d32-892b-f2db597df472?api-version=2020-04-15
      cache-control:
      - no-cache
      content-length:
      - '1276'
      content-type:
      - application/json; odata.metadata=minimal
      date:
      - Fri, 13 Nov 2020 23:40:30 GMT
      expires:
      - '-1'
      location:
      - https://management.azure.com/subscriptions/00000000-0000-0000-0000-000000000000/resourcegroups/cli_test_cdn_domain000001/providers/Microsoft.Cdn/operationresults/19eac3fe-6e24-4d32-892b-f2db597df472/profileresults/ps1/endpointresults/ep2000003?api-version=2020-04-15
      odata-version:
      - '4.0'
      pragma:
      - no-cache
      server:
      - Microsoft-IIS/10.0
      strict-transport-security:
      - max-age=31536000; includeSubDomains
      x-aspnet-version:
      - 4.0.30319
      x-content-type-options:
      - nosniff
      x-ms-ratelimit-remaining-subscription-resource-requests:
      - '99'
      x-powered-by:
      - ASP.NET
    status:
      code: 202
      message: Accepted
- request:
    body: null
    headers:
      Accept:
      - application/json
      Accept-Encoding:
      - gzip, deflate
      CommandName:
      - cdn endpoint waf policy remove
      Connection:
      - keep-alive
      ParameterSetName:
      - -y -g --profile-name --endpoint-name
      User-Agent:
      - python/3.8.5 (macOS-10.16-x86_64-i386-64bit) msrest/0.6.18 msrest_azure/0.6.3
        azure-mgmt-cdn/5.1.0 Azure-SDK-For-Python AZURECLI/2.15.0
    method: GET
    uri: https://management.azure.com/subscriptions/00000000-0000-0000-0000-000000000000/resourcegroups/cli_test_cdn_domain000001/providers/Microsoft.Cdn/operationresults/19eac3fe-6e24-4d32-892b-f2db597df472?api-version=2020-04-15
  response:
    body:
      string: "{\r\n  \"status\":\"Succeeded\",\"error\":{\r\n    \"code\":\"None\"\
        ,\"message\":null\r\n  }\r\n}"
    headers:
      cache-control:
      - no-cache
      content-length:
      - '77'
      content-type:
      - application/json; odata.metadata=minimal
      date:
      - Fri, 13 Nov 2020 23:40:40 GMT
      expires:
      - '-1'
      odata-version:
      - '4.0'
      pragma:
      - no-cache
      server:
      - Microsoft-IIS/10.0
      strict-transport-security:
      - max-age=31536000; includeSubDomains
      transfer-encoding:
      - chunked
      vary:
      - Accept-Encoding
      x-aspnet-version:
      - 4.0.30319
      x-content-type-options:
      - nosniff
      x-powered-by:
      - ASP.NET
    status:
      code: 200
      message: OK
- request:
    body: null
    headers:
      Accept:
      - application/json
      Accept-Encoding:
      - gzip, deflate
      CommandName:
      - cdn endpoint waf policy remove
      Connection:
      - keep-alive
      ParameterSetName:
      - -y -g --profile-name --endpoint-name
      User-Agent:
      - python/3.8.5 (macOS-10.16-x86_64-i386-64bit) msrest/0.6.18 msrest_azure/0.6.3
        azure-mgmt-cdn/5.1.0 Azure-SDK-For-Python AZURECLI/2.15.0
    method: GET
    uri: https://management.azure.com/subscriptions/00000000-0000-0000-0000-000000000000/resourceGroups/cli_test_cdn_domain000001/providers/Microsoft.Cdn/profiles/ps1/endpoints/ep2000003?api-version=2020-04-15
  response:
    body:
      string: "{\r\n  \"name\":\"ep2000003\",\"id\":\"/subscriptions/00000000-0000-0000-0000-000000000000/resourcegroups/cli_test_cdn_domain000001/providers/Microsoft.Cdn/profiles/ps1/endpoints/ep2000003\"\
        ,\"type\":\"Microsoft.Cdn/profiles/endpoints\",\"tags\":{\r\n    \r\n  },\"\
        location\":\"WestUs\",\"properties\":{\r\n    \"hostName\":\"ep2000003.azureedge.net\"\
        ,\"originHostHeader\":null,\"provisioningState\":\"Succeeded\",\"resourceState\"\
        :\"Running\",\"isHttpAllowed\":true,\"isHttpsAllowed\":true,\"queryStringCachingBehavior\"\
        :\"IgnoreQueryString\",\"originPath\":null,\"origins\":[\r\n      {\r\n  \
        \      \"name\":\"origin-0\",\"properties\":{\r\n          \"hostName\":\"\
        www.test.com\",\"httpPort\":80,\"httpsPort\":443,\"originHostHeader\":null,\"\
        priority\":1,\"weight\":1000,\"enabled\":true,\"privateLinkResourceId\":null,\"\
        privateLinkLocation\":null,\"privateLinkAlias\":null,\"privateEndpointStatus\"\
        :null,\"privateLinkApprovalMessage\":null\r\n        }\r\n      }\r\n    ],\"\
        originGroups\":[\r\n      \r\n    ],\"defaultOriginGroup\":null,\"customDomains\"\
        :[\r\n      \r\n    ],\"contentTypesToCompress\":[\r\n      \r\n    ],\"isCompressionEnabled\"\
        :false,\"optimizationType\":null,\"probePath\":null,\"geoFilters\":[\r\n \
        \     \r\n    ],\"deliveryPolicy\":null,\"webApplicationFirewallPolicyLink\"\
        :null,\"urlSigningKeys\":[\r\n      \r\n    ]\r\n  }\r\n}"
    headers:
      cache-control:
      - no-cache
      content-length:
      - '1276'
      content-type:
      - application/json; odata.metadata=minimal
      date:
      - Fri, 13 Nov 2020 23:40:41 GMT
      expires:
      - '-1'
      odata-version:
      - '4.0'
      pragma:
      - no-cache
      server:
      - Microsoft-IIS/10.0
      strict-transport-security:
      - max-age=31536000; includeSubDomains
      transfer-encoding:
      - chunked
      vary:
      - Accept-Encoding
      x-aspnet-version:
      - 4.0.30319
      x-content-type-options:
      - nosniff
      x-ms-ratelimit-remaining-subscription-resource-requests:
      - '49'
      x-powered-by:
      - ASP.NET
    status:
      code: 200
      message: OK
- request:
    body: null
    headers:
      Accept:
      - application/json
      Accept-Encoding:
      - gzip, deflate
      CommandName:
      - cdn endpoint waf policy show
      Connection:
      - keep-alive
      ParameterSetName:
      - -g --profile-name --endpoint-name
      User-Agent:
      - python/3.8.5 (macOS-10.16-x86_64-i386-64bit) msrest/0.6.18 msrest_azure/0.6.3
        azure-mgmt-cdn/5.1.0 Azure-SDK-For-Python AZURECLI/2.15.0
      accept-language:
      - en-US
    method: GET
    uri: https://management.azure.com/subscriptions/00000000-0000-0000-0000-000000000000/resourceGroups/cli_test_cdn_domain000001/providers/Microsoft.Cdn/profiles/ps1/endpoints/ep2000003?api-version=2020-04-15
  response:
    body:
      string: "{\r\n  \"name\":\"ep2000003\",\"id\":\"/subscriptions/00000000-0000-0000-0000-000000000000/resourcegroups/cli_test_cdn_domain000001/providers/Microsoft.Cdn/profiles/ps1/endpoints/ep2000003\"\
        ,\"type\":\"Microsoft.Cdn/profiles/endpoints\",\"tags\":{\r\n    \r\n  },\"\
        location\":\"WestUs\",\"properties\":{\r\n    \"hostName\":\"ep2000003.azureedge.net\"\
        ,\"originHostHeader\":null,\"provisioningState\":\"Succeeded\",\"resourceState\"\
        :\"Running\",\"isHttpAllowed\":true,\"isHttpsAllowed\":true,\"queryStringCachingBehavior\"\
        :\"IgnoreQueryString\",\"originPath\":null,\"origins\":[\r\n      {\r\n  \
        \      \"name\":\"origin-0\",\"properties\":{\r\n          \"hostName\":\"\
        www.test.com\",\"httpPort\":80,\"httpsPort\":443,\"originHostHeader\":null,\"\
        priority\":1,\"weight\":1000,\"enabled\":true,\"privateLinkResourceId\":null,\"\
        privateLinkLocation\":null,\"privateLinkAlias\":null,\"privateEndpointStatus\"\
        :null,\"privateLinkApprovalMessage\":null\r\n        }\r\n      }\r\n    ],\"\
        originGroups\":[\r\n      \r\n    ],\"defaultOriginGroup\":null,\"customDomains\"\
        :[\r\n      \r\n    ],\"contentTypesToCompress\":[\r\n      \r\n    ],\"isCompressionEnabled\"\
        :false,\"optimizationType\":null,\"probePath\":null,\"geoFilters\":[\r\n \
        \     \r\n    ],\"deliveryPolicy\":null,\"webApplicationFirewallPolicyLink\"\
        :null,\"urlSigningKeys\":[\r\n      \r\n    ]\r\n  }\r\n}"
    headers:
      cache-control:
      - no-cache
      content-length:
      - '1276'
      content-type:
      - application/json; odata.metadata=minimal
      date:
      - Fri, 13 Nov 2020 23:40:43 GMT
      expires:
      - '-1'
      odata-version:
      - '4.0'
      pragma:
      - no-cache
      server:
      - Microsoft-IIS/10.0
      strict-transport-security:
      - max-age=31536000; includeSubDomains
      transfer-encoding:
      - chunked
      vary:
      - Accept-Encoding
      x-aspnet-version:
      - 4.0.30319
      x-content-type-options:
      - nosniff
      x-ms-ratelimit-remaining-subscription-resource-requests:
      - '49'
      x-powered-by:
      - ASP.NET
    status:
      code: 200
      message: OK
- request:
    body: null
    headers:
      Accept:
      - application/json
      Accept-Encoding:
      - gzip, deflate
      CommandName:
      - cdn endpoint show
      Connection:
      - keep-alive
      ParameterSetName:
      - -g --profile-name -n
      User-Agent:
      - python/3.8.5 (macOS-10.16-x86_64-i386-64bit) msrest/0.6.18 msrest_azure/0.6.3
        azure-mgmt-cdn/5.1.0 Azure-SDK-For-Python AZURECLI/2.15.0
      accept-language:
      - en-US
    method: GET
    uri: https://management.azure.com/subscriptions/00000000-0000-0000-0000-000000000000/resourceGroups/cli_test_cdn_domain000001/providers/Microsoft.Cdn/profiles/ps1/endpoints/ep2000003?api-version=2020-04-15
  response:
    body:
      string: "{\r\n  \"name\":\"ep2000003\",\"id\":\"/subscriptions/00000000-0000-0000-0000-000000000000/resourcegroups/cli_test_cdn_domain000001/providers/Microsoft.Cdn/profiles/ps1/endpoints/ep2000003\"\
        ,\"type\":\"Microsoft.Cdn/profiles/endpoints\",\"tags\":{\r\n    \r\n  },\"\
        location\":\"WestUs\",\"properties\":{\r\n    \"hostName\":\"ep2000003.azureedge.net\"\
        ,\"originHostHeader\":null,\"provisioningState\":\"Succeeded\",\"resourceState\"\
        :\"Running\",\"isHttpAllowed\":true,\"isHttpsAllowed\":true,\"queryStringCachingBehavior\"\
        :\"IgnoreQueryString\",\"originPath\":null,\"origins\":[\r\n      {\r\n  \
        \      \"name\":\"origin-0\",\"properties\":{\r\n          \"hostName\":\"\
        www.test.com\",\"httpPort\":80,\"httpsPort\":443,\"originHostHeader\":null,\"\
        priority\":1,\"weight\":1000,\"enabled\":true,\"privateLinkResourceId\":null,\"\
        privateLinkLocation\":null,\"privateLinkAlias\":null,\"privateEndpointStatus\"\
        :null,\"privateLinkApprovalMessage\":null\r\n        }\r\n      }\r\n    ],\"\
        originGroups\":[\r\n      \r\n    ],\"defaultOriginGroup\":null,\"customDomains\"\
        :[\r\n      \r\n    ],\"contentTypesToCompress\":[\r\n      \r\n    ],\"isCompressionEnabled\"\
        :false,\"optimizationType\":null,\"probePath\":null,\"geoFilters\":[\r\n \
        \     \r\n    ],\"deliveryPolicy\":null,\"webApplicationFirewallPolicyLink\"\
        :null,\"urlSigningKeys\":[\r\n      \r\n    ]\r\n  }\r\n}"
    headers:
      cache-control:
      - no-cache
      content-length:
      - '1276'
      content-type:
      - application/json; odata.metadata=minimal
      date:
      - Fri, 13 Nov 2020 23:40:45 GMT
      expires:
      - '-1'
      odata-version:
      - '4.0'
      pragma:
      - no-cache
      server:
      - Microsoft-IIS/10.0
      strict-transport-security:
      - max-age=31536000; includeSubDomains
      transfer-encoding:
      - chunked
      vary:
      - Accept-Encoding
      x-aspnet-version:
      - 4.0.30319
      x-content-type-options:
      - nosniff
      x-ms-ratelimit-remaining-subscription-resource-requests:
      - '49'
      x-powered-by:
      - ASP.NET
    status:
      code: 200
      message: OK
- request:
    body: null
    headers:
      Accept:
      - application/json
      Accept-Encoding:
      - gzip, deflate
      CommandName:
      - cdn waf policy show
      Connection:
      - keep-alive
      ParameterSetName:
      - -g -n
      User-Agent:
      - python/3.8.5 (macOS-10.16-x86_64-i386-64bit) msrest/0.6.18 msrest_azure/0.6.3
        azure-mgmt-cdn/5.1.0 Azure-SDK-For-Python AZURECLI/2.15.0
      accept-language:
      - en-US
    method: GET
    uri: https://management.azure.com/subscriptions/00000000-0000-0000-0000-000000000000/resourceGroups/cli_test_cdn_domain000001/providers/Microsoft.Cdn/CdnWebApplicationFirewallPolicies/wafpolicy1?api-version=2020-04-15
  response:
    body:
      string: "{\r\n  \"name\":\"wafpolicy1\",\"id\":\"/subscriptions/00000000-0000-0000-0000-000000000000/resourcegroups/cli_test_cdn_domain000001/providers/Microsoft.Cdn/cdnwebapplicationfirewallpolicies/wafpolicy1\"\
        ,\"type\":\"Microsoft.Cdn/cdnwebapplicationfirewallpolicies\",\"properties\"\
        :{\r\n    \"resourceState\":\"Enabled\",\"provisioningState\":\"Succeeded\"\
        ,\"policySettings\":{\r\n      \"enabledState\":\"Enabled\",\"mode\":\"Detection\"\
        ,\"defaultRedirectUrl\":null,\"defaultCustomBlockResponseStatusCode\":null,\"\
        defaultCustomBlockResponseBody\":null\r\n    },\"rateLimitRules\":{\r\n  \
        \    \"rules\":[\r\n        \r\n      ]\r\n    },\"customRules\":{\r\n   \
        \   \"rules\":[\r\n        \r\n      ]\r\n    },\"managedRules\":{\r\n   \
        \   \"managedRuleSets\":[\r\n        \r\n      ]\r\n    },\"endpointLinks\"\
        :[\r\n      \r\n    ]\r\n  },\"tags\":{\r\n    \r\n  },\"location\":\"Global\"\
        ,\"sku\":{\r\n    \"name\":\"Standard_Microsoft\"\r\n  }\r\n}"
    headers:
      cache-control:
      - no-cache
      content-length:
      - '881'
      content-type:
      - application/json; odata.metadata=minimal
      date:
      - Fri, 13 Nov 2020 23:40:46 GMT
      expires:
      - '-1'
      odata-version:
      - '4.0'
      pragma:
      - no-cache
      server:
      - Microsoft-IIS/10.0
      strict-transport-security:
      - max-age=31536000; includeSubDomains
      transfer-encoding:
      - chunked
      vary:
      - Accept-Encoding
      x-aspnet-version:
      - 4.0.30319
      x-content-type-options:
      - nosniff
      x-powered-by:
      - ASP.NET
    status:
      code: 200
      message: OK
version: 1
