interactions:
- request:
    body: null
    headers:
      Accept:
      - application/json
      Accept-Encoding:
      - gzip, deflate
      CommandName:
      - cdn endpoint list
      Connection:
      - keep-alive
      ParameterSetName:
      - -g --profile-name
      User-Agent:
      - AZURECLI/2.35.0 azsdk-python-mgmt-cdn/12.0.0 Python/3.7.9 (Windows-10-10.0.19041-SP0)
    method: GET
    uri: https://management.azure.com/subscriptions/00000000-0000-0000-0000-000000000000/resourceGroups/clitest.rg000001/providers/Microsoft.Cdn/profiles/profile123/endpoints?api-version=2021-06-01
  response:
    body:
      string: '{"error":{"code":"ParentResourceNotFound","message":"Can not perform
        requested operation on nested resource. Parent resource ''profile123'' not
        found."}}'
    headers:
      cache-control:
      - no-cache
      content-length:
      - '151'
      content-type:
      - application/json; charset=utf-8
      date:
      - Thu, 21 Apr 2022 08:36:15 GMT
      expires:
      - '-1'
      pragma:
      - no-cache
      strict-transport-security:
      - max-age=31536000; includeSubDomains
      x-content-type-options:
      - nosniff
      x-ms-failure-cause:
      - gateway
    status:
      code: 404
      message: Not Found
- request:
    body: null
    headers:
      Accept:
      - application/json
      Accept-Encoding:
      - gzip, deflate
      CommandName:
      - cdn profile create
      Connection:
      - keep-alive
      ParameterSetName:
      - -g -n
      User-Agent:
      - AZURECLI/2.35.0 azsdk-python-azure-mgmt-resource/20.0.0 Python/3.7.9 (Windows-10-10.0.19041-SP0)
    method: GET
    uri: https://management.azure.com/subscriptions/00000000-0000-0000-0000-000000000000/resourcegroups/clitest.rg000001?api-version=2021-04-01
  response:
    body:
      string: '{"id":"/subscriptions/00000000-0000-0000-0000-000000000000/resourceGroups/clitest.rg000001","name":"clitest.rg000001","type":"Microsoft.Resources/resourceGroups","location":"westus","tags":{"product":"azurecli","cause":"automation","date":"2022-04-21T08:36:07Z"},"properties":{"provisioningState":"Succeeded"}}'
    headers:
      cache-control:
      - no-cache
      content-length:
      - '310'
      content-type:
      - application/json; charset=utf-8
      date:
      - Thu, 21 Apr 2022 08:36:16 GMT
      expires:
      - '-1'
      pragma:
      - no-cache
      strict-transport-security:
      - max-age=31536000; includeSubDomains
      vary:
      - Accept-Encoding
      x-content-type-options:
      - nosniff
    status:
      code: 200
      message: OK
- request:
    body: '{"location": "westus", "sku": {"name": "Standard_Akamai"}}'
    headers:
      Accept:
      - application/json
      Accept-Encoding:
      - gzip, deflate
      CommandName:
      - cdn profile create
      Connection:
      - keep-alive
      Content-Length:
      - '58'
      Content-Type:
      - application/json
      ParameterSetName:
      - -g -n
      User-Agent:
      - AZURECLI/2.35.0 azsdk-python-mgmt-cdn/12.0.0 Python/3.7.9 (Windows-10-10.0.19041-SP0)
    method: PUT
    uri: https://management.azure.com/subscriptions/00000000-0000-0000-0000-000000000000/resourceGroups/clitest.rg000001/providers/Microsoft.Cdn/profiles/profile123?api-version=2021-06-01
  response:
    body:
      string: '{"id":"/subscriptions/00000000-0000-0000-0000-000000000000/resourcegroups/clitest.rg000001/providers/Microsoft.Cdn/profiles/profile123","type":"Microsoft.Cdn/profiles","name":"profile123","location":"WestUs","kind":"cdn","tags":{},"sku":{"name":"Standard_Akamai"},"properties":{"resourceState":"Creating","provisioningState":"Creating"}}'
    headers:
      azure-asyncoperation:
      - https://management.azure.com/subscriptions/00000000-0000-0000-0000-000000000000/resourcegroups/clitest.rg000001/providers/Microsoft.Cdn/operationresults/03f86ee6-5b11-45d2-a5e9-40a64f8e383d?api-version=2021-06-01
      cache-control:
      - no-cache
      content-length:
      - '337'
      content-type:
      - application/json; charset=utf-8
      date:
      - Thu, 21 Apr 2022 08:36:22 GMT
      expires:
      - '-1'
      pragma:
      - no-cache
      server:
      - Kestrel
      strict-transport-security:
      - max-age=31536000; includeSubDomains
      x-content-type-options:
      - nosniff
      x-ms-ratelimit-remaining-subscription-resource-requests:
      - '24'
    status:
      code: 201
      message: Created
- request:
    body: null
    headers:
      Accept:
      - '*/*'
      Accept-Encoding:
      - gzip, deflate
      CommandName:
      - cdn profile create
      Connection:
      - keep-alive
      ParameterSetName:
      - -g -n
      User-Agent:
      - AZURECLI/2.35.0 azsdk-python-mgmt-cdn/12.0.0 Python/3.7.9 (Windows-10-10.0.19041-SP0)
    method: GET
    uri: https://management.azure.com/subscriptions/00000000-0000-0000-0000-000000000000/resourcegroups/clitest.rg000001/providers/Microsoft.Cdn/operationresults/03f86ee6-5b11-45d2-a5e9-40a64f8e383d?api-version=2021-06-01
  response:
    body:
      string: '{"status":"Succeeded","error":{"code":"None","message":null}}'
    headers:
      cache-control:
      - no-cache
      content-length:
      - '61'
      content-type:
      - application/json; charset=utf-8
      date:
      - Thu, 21 Apr 2022 08:36:32 GMT
      expires:
      - '-1'
      pragma:
      - no-cache
      server:
      - Kestrel
      strict-transport-security:
      - max-age=31536000; includeSubDomains
      transfer-encoding:
      - chunked
      vary:
      - Accept-Encoding
      x-content-type-options:
      - nosniff
    status:
      code: 200
      message: OK
- request:
    body: null
    headers:
      Accept:
      - '*/*'
      Accept-Encoding:
      - gzip, deflate
      CommandName:
      - cdn profile create
      Connection:
      - keep-alive
      ParameterSetName:
      - -g -n
      User-Agent:
      - AZURECLI/2.35.0 azsdk-python-mgmt-cdn/12.0.0 Python/3.7.9 (Windows-10-10.0.19041-SP0)
    method: GET
    uri: https://management.azure.com/subscriptions/00000000-0000-0000-0000-000000000000/resourceGroups/clitest.rg000001/providers/Microsoft.Cdn/profiles/profile123?api-version=2021-06-01
  response:
    body:
      string: '{"id":"/subscriptions/00000000-0000-0000-0000-000000000000/resourcegroups/clitest.rg000001/providers/Microsoft.Cdn/profiles/profile123","type":"Microsoft.Cdn/profiles","name":"profile123","location":"WestUs","kind":"cdn","tags":{},"sku":{"name":"Standard_Akamai"},"properties":{"resourceState":"Active","provisioningState":"Succeeded"}}'
    headers:
      cache-control:
      - no-cache
      content-length:
      - '336'
      content-type:
      - application/json; charset=utf-8
      date:
      - Thu, 21 Apr 2022 08:36:33 GMT
      expires:
      - '-1'
      pragma:
      - no-cache
      server:
      - Kestrel
      strict-transport-security:
      - max-age=31536000; includeSubDomains
      transfer-encoding:
      - chunked
      vary:
      - Accept-Encoding
      x-content-type-options:
      - nosniff
      x-ms-ratelimit-remaining-subscription-resource-requests:
      - '49'
    status:
      code: 200
      message: OK
- request:
    body: null
    headers:
      Accept:
      - application/json
      Accept-Encoding:
      - gzip, deflate
      CommandName:
      - cdn endpoint list
      Connection:
      - keep-alive
      ParameterSetName:
      - -g --profile-name
      User-Agent:
      - AZURECLI/2.35.0 azsdk-python-mgmt-cdn/12.0.0 Python/3.7.9 (Windows-10-10.0.19041-SP0)
    method: GET
    uri: https://management.azure.com/subscriptions/00000000-0000-0000-0000-000000000000/resourceGroups/clitest.rg000001/providers/Microsoft.Cdn/profiles/profile123/endpoints?api-version=2021-06-01
  response:
    body:
      string: '{"value":[]}'
    headers:
      cache-control:
      - no-cache
      content-length:
      - '12'
      content-type:
      - application/json; charset=utf-8
      date:
      - Thu, 21 Apr 2022 08:36:35 GMT
      expires:
      - '-1'
      pragma:
      - no-cache
      server:
      - Kestrel
      strict-transport-security:
      - max-age=31536000; includeSubDomains
      transfer-encoding:
      - chunked
      vary:
      - Accept-Encoding
      x-content-type-options:
      - nosniff
      x-ms-ratelimit-remaining-subscription-resource-requests:
      - '49'
    status:
      code: 200
      message: OK
- request:
    body: '{"name": "endpoint000002", "type": "Microsoft.Cdn/Profiles/Endpoints"}'
    headers:
      Accept:
      - application/json
      Accept-Encoding:
      - gzip, deflate
      CommandName:
      - cdn name-exists
      Connection:
      - keep-alive
      Content-Length:
      - '70'
      Content-Type:
      - application/json
      ParameterSetName:
      - --name
      User-Agent:
      - AZURECLI/2.35.0 azsdk-python-mgmt-cdn/12.0.0 Python/3.7.9 (Windows-10-10.0.19041-SP0)
    method: POST
    uri: https://management.azure.com/providers/Microsoft.Cdn/checkNameAvailability?api-version=2021-06-01
  response:
    body:
      string: '{"nameAvailable":true,"reason":null,"message":null}'
    headers:
      cache-control:
      - no-cache
      content-length:
      - '51'
      content-type:
      - application/json; charset=utf-8
      date:
      - Thu, 21 Apr 2022 08:36:37 GMT
      expires:
      - '-1'
      pragma:
      - no-cache
      server:
      - Kestrel
      strict-transport-security:
      - max-age=31536000; includeSubDomains
      transfer-encoding:
      - chunked
      vary:
      - Accept-Encoding
      x-content-type-options:
      - nosniff
      x-ms-ratelimit-remaining-tenant-writes:
      - '1199'
    status:
      code: 200
      message: OK
- request:
    body: null
    headers:
      Accept:
      - application/json
      Accept-Encoding:
      - gzip, deflate
      CommandName:
      - cdn endpoint create
      Connection:
      - keep-alive
      ParameterSetName:
      - -g -n --profile-name --origin
      User-Agent:
      - AZURECLI/2.35.0 azsdk-python-azure-mgmt-resource/20.0.0 Python/3.7.9 (Windows-10-10.0.19041-SP0)
    method: GET
    uri: https://management.azure.com/subscriptions/00000000-0000-0000-0000-000000000000/resourcegroups/clitest.rg000001?api-version=2021-04-01
  response:
    body:
      string: '{"id":"/subscriptions/00000000-0000-0000-0000-000000000000/resourceGroups/clitest.rg000001","name":"clitest.rg000001","type":"Microsoft.Resources/resourceGroups","location":"westus","tags":{"product":"azurecli","cause":"automation","date":"2022-04-21T08:36:07Z"},"properties":{"provisioningState":"Succeeded"}}'
    headers:
      cache-control:
      - no-cache
      content-length:
      - '310'
      content-type:
      - application/json; charset=utf-8
      date:
      - Thu, 21 Apr 2022 08:36:38 GMT
      expires:
      - '-1'
      pragma:
      - no-cache
      strict-transport-security:
      - max-age=31536000; includeSubDomains
      vary:
      - Accept-Encoding
      x-content-type-options:
      - nosniff
    status:
      code: 200
      message: OK
- request:
    body: '{"location": "westus", "properties": {"isCompressionEnabled": false, "isHttpAllowed":
      true, "isHttpsAllowed": true, "origins": [{"name": "origin-0", "properties":
      {"hostName": "www.example.com", "httpPort": 80, "httpsPort": 443}}]}}'
    headers:
      Accept:
      - application/json
      Accept-Encoding:
      - gzip, deflate
      CommandName:
      - cdn endpoint create
      Connection:
      - keep-alive
      Content-Length:
      - '232'
      Content-Type:
      - application/json
      ParameterSetName:
      - -g -n --profile-name --origin
      User-Agent:
      - AZURECLI/2.35.0 azsdk-python-mgmt-cdn/12.0.0 Python/3.7.9 (Windows-10-10.0.19041-SP0)
    method: PUT
    uri: https://management.azure.com/subscriptions/00000000-0000-0000-0000-000000000000/resourceGroups/clitest.rg000001/providers/Microsoft.Cdn/profiles/profile123/endpoints/endpoint000002?api-version=2021-06-01
  response:
    body:
      string: '{"id":"/subscriptions/00000000-0000-0000-0000-000000000000/resourcegroups/clitest.rg000001/providers/Microsoft.Cdn/profiles/profile123/endpoints/endpoint000002","type":"Microsoft.Cdn/profiles/endpoints","name":"endpoint000002","location":"WestUs","tags":{},"properties":{"hostName":"endpoint000002.azureedge.net","originHostHeader":null,"originPath":null,"contentTypesToCompress":[],"isCompressionEnabled":false,"isHttpAllowed":true,"isHttpsAllowed":true,"queryStringCachingBehavior":"IgnoreQueryString","optimizationType":null,"probePath":null,"origins":[{"name":"origin-0","properties":{"hostName":"www.example.com","httpPort":80,"httpsPort":443,"originHostHeader":null,"priority":null,"weight":null,"enabled":true,"privateLinkAlias":null,"privateLinkResourceId":null,"privateLinkLocation":null,"privateEndpointStatus":null,"privateLinkApprovalMessage":null}}],"originGroups":[],"defaultOriginGroup":null,"customDomains":[],"geoFilters":[],"deliveryPolicy":null,"urlSigningKeys":null,"webApplicationFirewallPolicyLink":null,"resourceState":"Creating","provisioningState":"Creating"}}'
    headers:
      azure-asyncoperation:
      - https://management.azure.com/subscriptions/00000000-0000-0000-0000-000000000000/resourcegroups/clitest.rg000001/providers/Microsoft.Cdn/operationresults/33ca52d6-f3f5-4d4c-8ca0-6adb5280fe46?api-version=2021-06-01
      cache-control:
      - no-cache
      content-length:
      - '1085'
      content-type:
      - application/json; charset=utf-8
      date:
      - Thu, 21 Apr 2022 08:36:42 GMT
      expires:
      - '-1'
      pragma:
      - no-cache
      server:
      - Kestrel
      strict-transport-security:
      - max-age=31536000; includeSubDomains
      x-content-type-options:
      - nosniff
      x-ms-ratelimit-remaining-subscription-resource-requests:
      - '98'
    status:
      code: 201
      message: Created
- request:
    body: null
    headers:
      Accept:
      - '*/*'
      Accept-Encoding:
      - gzip, deflate
      CommandName:
      - cdn endpoint create
      Connection:
      - keep-alive
      ParameterSetName:
      - -g -n --profile-name --origin
      User-Agent:
      - AZURECLI/2.35.0 azsdk-python-mgmt-cdn/12.0.0 Python/3.7.9 (Windows-10-10.0.19041-SP0)
    method: GET
    uri: https://management.azure.com/subscriptions/00000000-0000-0000-0000-000000000000/resourcegroups/clitest.rg000001/providers/Microsoft.Cdn/operationresults/33ca52d6-f3f5-4d4c-8ca0-6adb5280fe46?api-version=2021-06-01
  response:
    body:
      string: '{"status":"Succeeded","error":{"code":"None","message":null}}'
    headers:
      cache-control:
      - no-cache
      content-length:
      - '61'
      content-type:
      - application/json; charset=utf-8
      date:
      - Thu, 21 Apr 2022 08:36:54 GMT
      expires:
      - '-1'
      pragma:
      - no-cache
      server:
      - Kestrel
      strict-transport-security:
      - max-age=31536000; includeSubDomains
      transfer-encoding:
      - chunked
      vary:
      - Accept-Encoding
      x-content-type-options:
      - nosniff
    status:
      code: 200
      message: OK
- request:
    body: null
    headers:
      Accept:
      - '*/*'
      Accept-Encoding:
      - gzip, deflate
      CommandName:
      - cdn endpoint create
      Connection:
      - keep-alive
      ParameterSetName:
      - -g -n --profile-name --origin
      User-Agent:
      - AZURECLI/2.35.0 azsdk-python-mgmt-cdn/12.0.0 Python/3.7.9 (Windows-10-10.0.19041-SP0)
    method: GET
    uri: https://management.azure.com/subscriptions/00000000-0000-0000-0000-000000000000/resourceGroups/clitest.rg000001/providers/Microsoft.Cdn/profiles/profile123/endpoints/endpoint000002?api-version=2021-06-01
  response:
    body:
      string: '{"id":"/subscriptions/00000000-0000-0000-0000-000000000000/resourcegroups/clitest.rg000001/providers/Microsoft.Cdn/profiles/profile123/endpoints/endpoint000002","type":"Microsoft.Cdn/profiles/endpoints","name":"endpoint000002","location":"WestUs","tags":{},"properties":{"hostName":"endpoint000002.azureedge.net","originHostHeader":null,"originPath":null,"contentTypesToCompress":[],"isCompressionEnabled":false,"isHttpAllowed":true,"isHttpsAllowed":true,"queryStringCachingBehavior":"IgnoreQueryString","optimizationType":null,"probePath":null,"origins":[{"name":"origin-0","properties":{"hostName":"www.example.com","httpPort":80,"httpsPort":443,"originHostHeader":null,"priority":null,"weight":null,"enabled":true,"privateLinkAlias":null,"privateLinkResourceId":null,"privateLinkLocation":null,"privateEndpointStatus":null,"privateLinkApprovalMessage":null}}],"originGroups":[],"defaultOriginGroup":null,"customDomains":[],"geoFilters":[],"deliveryPolicy":null,"urlSigningKeys":null,"webApplicationFirewallPolicyLink":null,"resourceState":"Running","provisioningState":"Succeeded"}}'
    headers:
      cache-control:
      - no-cache
      content-length:
      - '1085'
      content-type:
      - application/json; charset=utf-8
      date:
      - Thu, 21 Apr 2022 08:36:54 GMT
      expires:
      - '-1'
      pragma:
      - no-cache
      server:
      - Kestrel
      strict-transport-security:
      - max-age=31536000; includeSubDomains
      transfer-encoding:
      - chunked
      vary:
      - Accept-Encoding
      x-content-type-options:
      - nosniff
      x-ms-ratelimit-remaining-subscription-resource-requests:
      - '49'
    status:
      code: 200
      message: OK
- request:
    body: '{"name": "endpoint000002", "type": "Microsoft.Cdn/Profiles/Endpoints"}'
    headers:
      Accept:
      - application/json
      Accept-Encoding:
      - gzip, deflate
      CommandName:
      - cdn name-exists
      Connection:
      - keep-alive
      Content-Length:
      - '70'
      Content-Type:
      - application/json
      ParameterSetName:
      - --name
      User-Agent:
      - AZURECLI/2.35.0 azsdk-python-mgmt-cdn/12.0.0 Python/3.7.9 (Windows-10-10.0.19041-SP0)
    method: POST
    uri: https://management.azure.com/providers/Microsoft.Cdn/checkNameAvailability?api-version=2021-06-01
  response:
    body:
      string: '{"nameAvailable":false,"reason":"Name is already in use","message":"Name
        not available"}'
    headers:
      cache-control:
      - no-cache
      content-length:
      - '88'
      content-type:
      - application/json; charset=utf-8
      date:
      - Thu, 21 Apr 2022 08:36:56 GMT
      expires:
      - '-1'
      pragma:
      - no-cache
      server:
      - Kestrel
      strict-transport-security:
      - max-age=31536000; includeSubDomains
      transfer-encoding:
      - chunked
      vary:
      - Accept-Encoding
      x-content-type-options:
      - nosniff
      x-ms-ratelimit-remaining-tenant-writes:
      - '1199'
    status:
      code: 200
      message: OK
- request:
    body: null
    headers:
      Accept:
      - application/json
      Accept-Encoding:
      - gzip, deflate
      CommandName:
      - cdn endpoint list
      Connection:
      - keep-alive
      ParameterSetName:
      - -g --profile-name
      User-Agent:
      - AZURECLI/2.35.0 azsdk-python-mgmt-cdn/12.0.0 Python/3.7.9 (Windows-10-10.0.19041-SP0)
    method: GET
    uri: https://management.azure.com/subscriptions/00000000-0000-0000-0000-000000000000/resourceGroups/clitest.rg000001/providers/Microsoft.Cdn/profiles/profile123/endpoints?api-version=2021-06-01
  response:
    body:
      string: '{"value":[{"id":"/subscriptions/00000000-0000-0000-0000-000000000000/resourcegroups/clitest.rg000001/providers/Microsoft.Cdn/profiles/profile123/endpoints/endpoint000002","type":"Microsoft.Cdn/profiles/endpoints","name":"endpoint000002","location":"WestUs","tags":{},"properties":{"hostName":"endpoint000002.azureedge.net","originHostHeader":null,"originPath":null,"contentTypesToCompress":[],"isCompressionEnabled":false,"isHttpAllowed":true,"isHttpsAllowed":true,"queryStringCachingBehavior":"IgnoreQueryString","optimizationType":null,"probePath":null,"origins":[{"name":"origin-0","properties":{"hostName":"www.example.com","httpPort":80,"httpsPort":443,"originHostHeader":null,"priority":null,"weight":null,"enabled":true,"privateLinkAlias":null,"privateLinkResourceId":null,"privateLinkLocation":null,"privateEndpointStatus":null,"privateLinkApprovalMessage":null}}],"originGroups":[],"defaultOriginGroup":null,"customDomains":[],"geoFilters":[],"deliveryPolicy":null,"urlSigningKeys":null,"webApplicationFirewallPolicyLink":null,"resourceState":"Running","provisioningState":"Succeeded"}}]}'
    headers:
      cache-control:
      - no-cache
      content-length:
      - '1097'
      content-type:
      - application/json; charset=utf-8
      date:
      - Thu, 21 Apr 2022 08:36:57 GMT
      expires:
      - '-1'
      pragma:
      - no-cache
      server:
      - Kestrel
      strict-transport-security:
      - max-age=31536000; includeSubDomains
      transfer-encoding:
      - chunked
      vary:
      - Accept-Encoding
      x-content-type-options:
      - nosniff
      x-ms-ratelimit-remaining-subscription-resource-requests:
      - '49'
    status:
      code: 200
      message: OK
- request:
    body: null
    headers:
      Accept:
      - application/json
      Accept-Encoding:
      - gzip, deflate
      CommandName:
      - cdn endpoint update
      Connection:
      - keep-alive
      ParameterSetName:
      - -g -n --profile-name --no-http --enable-compression
      User-Agent:
      - AZURECLI/2.35.0 azsdk-python-mgmt-cdn/12.0.0 Python/3.7.9 (Windows-10-10.0.19041-SP0)
    method: GET
    uri: https://management.azure.com/subscriptions/00000000-0000-0000-0000-000000000000/resourceGroups/clitest.rg000001/providers/Microsoft.Cdn/profiles/profile123/endpoints/endpoint000002?api-version=2021-06-01
  response:
    body:
      string: '{"id":"/subscriptions/00000000-0000-0000-0000-000000000000/resourcegroups/clitest.rg000001/providers/Microsoft.Cdn/profiles/profile123/endpoints/endpoint000002","type":"Microsoft.Cdn/profiles/endpoints","name":"endpoint000002","location":"WestUs","tags":{},"properties":{"hostName":"endpoint000002.azureedge.net","originHostHeader":null,"originPath":null,"contentTypesToCompress":[],"isCompressionEnabled":false,"isHttpAllowed":true,"isHttpsAllowed":true,"queryStringCachingBehavior":"IgnoreQueryString","optimizationType":null,"probePath":null,"origins":[{"name":"origin-0","properties":{"hostName":"www.example.com","httpPort":80,"httpsPort":443,"originHostHeader":null,"priority":null,"weight":null,"enabled":true,"privateLinkAlias":null,"privateLinkResourceId":null,"privateLinkLocation":null,"privateEndpointStatus":null,"privateLinkApprovalMessage":null}}],"originGroups":[],"defaultOriginGroup":null,"customDomains":[],"geoFilters":[],"deliveryPolicy":null,"urlSigningKeys":null,"webApplicationFirewallPolicyLink":null,"resourceState":"Running","provisioningState":"Succeeded"}}'
    headers:
      cache-control:
      - no-cache
      content-length:
      - '1085'
      content-type:
      - application/json; charset=utf-8
      date:
      - Thu, 21 Apr 2022 08:36:58 GMT
      expires:
      - '-1'
      pragma:
      - no-cache
      server:
      - Kestrel
      strict-transport-security:
      - max-age=31536000; includeSubDomains
      transfer-encoding:
      - chunked
      vary:
      - Accept-Encoding
      x-content-type-options:
      - nosniff
      x-ms-ratelimit-remaining-subscription-resource-requests:
      - '49'
    status:
      code: 200
      message: OK
- request:
    body: '{"tags": {}, "properties": {"contentTypesToCompress": ["text/plain", "text/html",
      "text/css", "text/javascript", "application/x-javascript", "application/javascript",
      "application/json", "application/xml"], "isCompressionEnabled": true, "isHttpAllowed":
      false, "isHttpsAllowed": true, "queryStringCachingBehavior": "IgnoreQueryString"}}'
    headers:
      Accept:
      - application/json
      Accept-Encoding:
      - gzip, deflate
      CommandName:
      - cdn endpoint update
      Connection:
      - keep-alive
      Content-Length:
      - '336'
      Content-Type:
      - application/json
      ParameterSetName:
      - -g -n --profile-name --no-http --enable-compression
      User-Agent:
      - AZURECLI/2.35.0 azsdk-python-mgmt-cdn/12.0.0 Python/3.7.9 (Windows-10-10.0.19041-SP0)
    method: PATCH
    uri: https://management.azure.com/subscriptions/00000000-0000-0000-0000-000000000000/resourceGroups/clitest.rg000001/providers/Microsoft.Cdn/profiles/profile123/endpoints/endpoint000002?api-version=2021-06-01
  response:
    body:
      string: '{"id":"/subscriptions/00000000-0000-0000-0000-000000000000/resourcegroups/clitest.rg000001/providers/Microsoft.Cdn/profiles/profile123/endpoints/endpoint000002","type":"Microsoft.Cdn/profiles/endpoints","name":"endpoint000002","location":"WestUs","tags":{},"properties":{"hostName":"endpoint000002.azureedge.net","originHostHeader":null,"originPath":null,"contentTypesToCompress":["text/plain","text/html","text/css","text/javascript","application/x-javascript","application/javascript","application/json","application/xml"],"isCompressionEnabled":true,"isHttpAllowed":false,"isHttpsAllowed":true,"queryStringCachingBehavior":"IgnoreQueryString","optimizationType":null,"probePath":null,"origins":[{"name":"origin-0","properties":{"hostName":"www.example.com","httpPort":80,"httpsPort":443,"originHostHeader":null,"priority":null,"weight":null,"enabled":true,"privateLinkAlias":null,"privateLinkResourceId":null,"privateLinkLocation":null,"privateEndpointStatus":null,"privateLinkApprovalMessage":null}}],"originGroups":[],"defaultOriginGroup":null,"customDomains":[],"geoFilters":[],"deliveryPolicy":null,"urlSigningKeys":null,"webApplicationFirewallPolicyLink":null,"resourceState":"Running","provisioningState":"Succeeded"}}'
    headers:
      azure-asyncoperation:
      - https://management.azure.com/subscriptions/00000000-0000-0000-0000-000000000000/resourcegroups/clitest.rg000001/providers/Microsoft.Cdn/operationresults/020e31d9-4483-4db6-a5a6-704f29f8c0e0?api-version=2021-06-01
      cache-control:
      - no-cache
      content-length:
      - '1227'
      content-type:
      - application/json; charset=utf-8
      date:
      - Thu, 21 Apr 2022 08:37:01 GMT
      expires:
      - '-1'
      location:
      - https://management.azure.com/subscriptions/00000000-0000-0000-0000-000000000000/resourcegroups/clitest.rg000001/providers/Microsoft.Cdn/operationresults/020e31d9-4483-4db6-a5a6-704f29f8c0e0/profileresults/profile123/endpointresults/endpoint000002?api-version=2021-06-01
      pragma:
      - no-cache
      server:
      - Kestrel
      strict-transport-security:
      - max-age=31536000; includeSubDomains
      x-content-type-options:
      - nosniff
      x-ms-ratelimit-remaining-subscription-resource-requests:
      - '99'
    status:
      code: 202
      message: Accepted
- request:
    body: null
    headers:
      Accept:
      - '*/*'
      Accept-Encoding:
      - gzip, deflate
      CommandName:
      - cdn endpoint update
      Connection:
      - keep-alive
      ParameterSetName:
      - -g -n --profile-name --no-http --enable-compression
      User-Agent:
      - AZURECLI/2.35.0 azsdk-python-mgmt-cdn/12.0.0 Python/3.7.9 (Windows-10-10.0.19041-SP0)
    method: GET
    uri: https://management.azure.com/subscriptions/00000000-0000-0000-0000-000000000000/resourcegroups/clitest.rg000001/providers/Microsoft.Cdn/operationresults/020e31d9-4483-4db6-a5a6-704f29f8c0e0?api-version=2021-06-01
  response:
    body:
      string: '{"status":"Succeeded","error":{"code":"None","message":null}}'
    headers:
      cache-control:
      - no-cache
      content-length:
      - '61'
      content-type:
      - application/json; charset=utf-8
      date:
      - Thu, 21 Apr 2022 08:37:11 GMT
      expires:
      - '-1'
      pragma:
      - no-cache
      server:
      - Kestrel
      strict-transport-security:
      - max-age=31536000; includeSubDomains
      transfer-encoding:
      - chunked
      vary:
      - Accept-Encoding
      x-content-type-options:
      - nosniff
    status:
      code: 200
      message: OK
- request:
    body: null
    headers:
      Accept:
      - '*/*'
      Accept-Encoding:
      - gzip, deflate
      CommandName:
      - cdn endpoint update
      Connection:
      - keep-alive
      ParameterSetName:
      - -g -n --profile-name --no-http --enable-compression
      User-Agent:
      - AZURECLI/2.35.0 azsdk-python-mgmt-cdn/12.0.0 Python/3.7.9 (Windows-10-10.0.19041-SP0)
    method: GET
    uri: https://management.azure.com/subscriptions/00000000-0000-0000-0000-000000000000/resourceGroups/clitest.rg000001/providers/Microsoft.Cdn/profiles/profile123/endpoints/endpoint000002?api-version=2021-06-01
  response:
    body:
      string: '{"id":"/subscriptions/00000000-0000-0000-0000-000000000000/resourcegroups/clitest.rg000001/providers/Microsoft.Cdn/profiles/profile123/endpoints/endpoint000002","type":"Microsoft.Cdn/profiles/endpoints","name":"endpoint000002","location":"WestUs","tags":{},"properties":{"hostName":"endpoint000002.azureedge.net","originHostHeader":null,"originPath":null,"contentTypesToCompress":["text/plain","text/html","text/css","text/javascript","application/x-javascript","application/javascript","application/json","application/xml"],"isCompressionEnabled":true,"isHttpAllowed":false,"isHttpsAllowed":true,"queryStringCachingBehavior":"IgnoreQueryString","optimizationType":null,"probePath":null,"origins":[{"name":"origin-0","properties":{"hostName":"www.example.com","httpPort":80,"httpsPort":443,"originHostHeader":null,"priority":null,"weight":null,"enabled":true,"privateLinkAlias":null,"privateLinkResourceId":null,"privateLinkLocation":null,"privateEndpointStatus":null,"privateLinkApprovalMessage":null}}],"originGroups":[],"defaultOriginGroup":null,"customDomains":[],"geoFilters":[],"deliveryPolicy":null,"urlSigningKeys":null,"webApplicationFirewallPolicyLink":null,"resourceState":"Running","provisioningState":"Succeeded"}}'
    headers:
      cache-control:
      - no-cache
      content-length:
      - '1227'
      content-type:
      - application/json; charset=utf-8
      date:
      - Thu, 21 Apr 2022 08:37:12 GMT
      expires:
      - '-1'
      pragma:
      - no-cache
      server:
      - Kestrel
      strict-transport-security:
      - max-age=31536000; includeSubDomains
      transfer-encoding:
      - chunked
      vary:
      - Accept-Encoding
      x-content-type-options:
      - nosniff
      x-ms-ratelimit-remaining-subscription-resource-requests:
      - '49'
    status:
      code: 200
      message: OK
- request:
    body: null
    headers:
      Accept:
      - application/json
      Accept-Encoding:
      - gzip, deflate
      CommandName:
      - cdn endpoint update
      Connection:
      - keep-alive
      ParameterSetName:
      - -g -n --profile-name --no-http --no-https --enable-compression
      User-Agent:
      - AZURECLI/2.35.0 azsdk-python-mgmt-cdn/12.0.0 Python/3.7.9 (Windows-10-10.0.19041-SP0)
    method: GET
    uri: https://management.azure.com/subscriptions/00000000-0000-0000-0000-000000000000/resourceGroups/clitest.rg000001/providers/Microsoft.Cdn/profiles/profile123/endpoints/endpoint000002?api-version=2021-06-01
  response:
    body:
      string: '{"id":"/subscriptions/00000000-0000-0000-0000-000000000000/resourcegroups/clitest.rg000001/providers/Microsoft.Cdn/profiles/profile123/endpoints/endpoint000002","type":"Microsoft.Cdn/profiles/endpoints","name":"endpoint000002","location":"WestUs","tags":{},"properties":{"hostName":"endpoint000002.azureedge.net","originHostHeader":null,"originPath":null,"contentTypesToCompress":["text/plain","text/html","text/css","text/javascript","application/x-javascript","application/javascript","application/json","application/xml"],"isCompressionEnabled":true,"isHttpAllowed":false,"isHttpsAllowed":true,"queryStringCachingBehavior":"IgnoreQueryString","optimizationType":null,"probePath":null,"origins":[{"name":"origin-0","properties":{"hostName":"www.example.com","httpPort":80,"httpsPort":443,"originHostHeader":null,"priority":null,"weight":null,"enabled":true,"privateLinkAlias":null,"privateLinkResourceId":null,"privateLinkLocation":null,"privateEndpointStatus":null,"privateLinkApprovalMessage":null}}],"originGroups":[],"defaultOriginGroup":null,"customDomains":[],"geoFilters":[],"deliveryPolicy":null,"urlSigningKeys":null,"webApplicationFirewallPolicyLink":null,"resourceState":"Running","provisioningState":"Succeeded"}}'
    headers:
      cache-control:
      - no-cache
      content-length:
      - '1227'
      content-type:
      - application/json; charset=utf-8
      date:
      - Thu, 21 Apr 2022 08:37:14 GMT
      expires:
      - '-1'
      pragma:
      - no-cache
      server:
      - Kestrel
      strict-transport-security:
      - max-age=31536000; includeSubDomains
      transfer-encoding:
      - chunked
      vary:
      - Accept-Encoding
      x-content-type-options:
      - nosniff
      x-ms-ratelimit-remaining-subscription-resource-requests:
      - '49'
    status:
      code: 200
      message: OK
- request:
    body: '{"tags": {}, "properties": {"contentTypesToCompress": ["text/plain", "text/html",
      "text/css", "text/javascript", "application/x-javascript", "application/javascript",
      "application/json", "application/xml"], "isCompressionEnabled": false, "isHttpAllowed":
      true, "isHttpsAllowed": false, "queryStringCachingBehavior": "IgnoreQueryString"}}'
    headers:
      Accept:
      - application/json
      Accept-Encoding:
      - gzip, deflate
      CommandName:
      - cdn endpoint update
      Connection:
      - keep-alive
      Content-Length:
      - '337'
      Content-Type:
      - application/json
      ParameterSetName:
      - -g -n --profile-name --no-http --no-https --enable-compression
      User-Agent:
      - AZURECLI/2.35.0 azsdk-python-mgmt-cdn/12.0.0 Python/3.7.9 (Windows-10-10.0.19041-SP0)
    method: PATCH
    uri: https://management.azure.com/subscriptions/00000000-0000-0000-0000-000000000000/resourceGroups/clitest.rg000001/providers/Microsoft.Cdn/profiles/profile123/endpoints/endpoint000002?api-version=2021-06-01
  response:
    body:
      string: '{"id":"/subscriptions/00000000-0000-0000-0000-000000000000/resourcegroups/clitest.rg000001/providers/Microsoft.Cdn/profiles/profile123/endpoints/endpoint000002","type":"Microsoft.Cdn/profiles/endpoints","name":"endpoint000002","location":"WestUs","tags":{},"properties":{"hostName":"endpoint000002.azureedge.net","originHostHeader":null,"originPath":null,"contentTypesToCompress":["text/plain","text/html","text/css","text/javascript","application/x-javascript","application/javascript","application/json","application/xml"],"isCompressionEnabled":false,"isHttpAllowed":true,"isHttpsAllowed":false,"queryStringCachingBehavior":"IgnoreQueryString","optimizationType":null,"probePath":null,"origins":[{"name":"origin-0","properties":{"hostName":"www.example.com","httpPort":80,"httpsPort":443,"originHostHeader":null,"priority":null,"weight":null,"enabled":true,"privateLinkAlias":null,"privateLinkResourceId":null,"privateLinkLocation":null,"privateEndpointStatus":null,"privateLinkApprovalMessage":null}}],"originGroups":[],"defaultOriginGroup":null,"customDomains":[],"geoFilters":[],"deliveryPolicy":null,"urlSigningKeys":null,"webApplicationFirewallPolicyLink":null,"resourceState":"Running","provisioningState":"Succeeded"}}'
    headers:
      azure-asyncoperation:
      - https://management.azure.com/subscriptions/00000000-0000-0000-0000-000000000000/resourcegroups/clitest.rg000001/providers/Microsoft.Cdn/operationresults/f674076c-ac95-4f28-862e-1f6258b58406?api-version=2021-06-01
      cache-control:
      - no-cache
      content-length:
      - '1228'
      content-type:
      - application/json; charset=utf-8
      date:
      - Thu, 21 Apr 2022 08:37:19 GMT
      expires:
      - '-1'
      location:
      - https://management.azure.com/subscriptions/00000000-0000-0000-0000-000000000000/resourcegroups/clitest.rg000001/providers/Microsoft.Cdn/operationresults/f674076c-ac95-4f28-862e-1f6258b58406/profileresults/profile123/endpointresults/endpoint000002?api-version=2021-06-01
      pragma:
      - no-cache
      server:
      - Kestrel
      strict-transport-security:
      - max-age=31536000; includeSubDomains
      x-content-type-options:
      - nosniff
      x-ms-ratelimit-remaining-subscription-resource-requests:
      - '99'
    status:
      code: 202
      message: Accepted
- request:
    body: null
    headers:
      Accept:
      - '*/*'
      Accept-Encoding:
      - gzip, deflate
      CommandName:
      - cdn endpoint update
      Connection:
      - keep-alive
      ParameterSetName:
      - -g -n --profile-name --no-http --no-https --enable-compression
      User-Agent:
      - AZURECLI/2.35.0 azsdk-python-mgmt-cdn/12.0.0 Python/3.7.9 (Windows-10-10.0.19041-SP0)
    method: GET
    uri: https://management.azure.com/subscriptions/00000000-0000-0000-0000-000000000000/resourcegroups/clitest.rg000001/providers/Microsoft.Cdn/operationresults/f674076c-ac95-4f28-862e-1f6258b58406?api-version=2021-06-01
  response:
    body:
      string: '{"status":"Succeeded","error":{"code":"None","message":null}}'
    headers:
      cache-control:
      - no-cache
      content-length:
      - '61'
      content-type:
      - application/json; charset=utf-8
      date:
      - Thu, 21 Apr 2022 08:37:29 GMT
      expires:
      - '-1'
      pragma:
      - no-cache
      server:
      - Kestrel
      strict-transport-security:
      - max-age=31536000; includeSubDomains
      transfer-encoding:
      - chunked
      vary:
      - Accept-Encoding
      x-content-type-options:
      - nosniff
    status:
      code: 200
      message: OK
- request:
    body: null
    headers:
      Accept:
      - '*/*'
      Accept-Encoding:
      - gzip, deflate
      CommandName:
      - cdn endpoint update
      Connection:
      - keep-alive
      ParameterSetName:
      - -g -n --profile-name --no-http --no-https --enable-compression
      User-Agent:
      - AZURECLI/2.35.0 azsdk-python-mgmt-cdn/12.0.0 Python/3.7.9 (Windows-10-10.0.19041-SP0)
    method: GET
    uri: https://management.azure.com/subscriptions/00000000-0000-0000-0000-000000000000/resourceGroups/clitest.rg000001/providers/Microsoft.Cdn/profiles/profile123/endpoints/endpoint000002?api-version=2021-06-01
  response:
    body:
      string: '{"id":"/subscriptions/00000000-0000-0000-0000-000000000000/resourcegroups/clitest.rg000001/providers/Microsoft.Cdn/profiles/profile123/endpoints/endpoint000002","type":"Microsoft.Cdn/profiles/endpoints","name":"endpoint000002","location":"WestUs","tags":{},"properties":{"hostName":"endpoint000002.azureedge.net","originHostHeader":null,"originPath":null,"contentTypesToCompress":["text/plain","text/html","text/css","text/javascript","application/x-javascript","application/javascript","application/json","application/xml"],"isCompressionEnabled":false,"isHttpAllowed":true,"isHttpsAllowed":false,"queryStringCachingBehavior":"IgnoreQueryString","optimizationType":null,"probePath":null,"origins":[{"name":"origin-0","properties":{"hostName":"www.example.com","httpPort":80,"httpsPort":443,"originHostHeader":null,"priority":null,"weight":null,"enabled":true,"privateLinkAlias":null,"privateLinkResourceId":null,"privateLinkLocation":null,"privateEndpointStatus":null,"privateLinkApprovalMessage":null}}],"originGroups":[],"defaultOriginGroup":null,"customDomains":[],"geoFilters":[],"deliveryPolicy":null,"urlSigningKeys":null,"webApplicationFirewallPolicyLink":null,"resourceState":"Running","provisioningState":"Succeeded"}}'
    headers:
      cache-control:
      - no-cache
      content-length:
      - '1228'
      content-type:
      - application/json; charset=utf-8
      date:
      - Thu, 21 Apr 2022 08:37:29 GMT
      expires:
      - '-1'
      pragma:
      - no-cache
      server:
      - Kestrel
      strict-transport-security:
      - max-age=31536000; includeSubDomains
      transfer-encoding:
      - chunked
      vary:
      - Accept-Encoding
      x-content-type-options:
      - nosniff
      x-ms-ratelimit-remaining-subscription-resource-requests:
      - '48'
    status:
      code: 200
      message: OK
- request:
    body: null
    headers:
      Accept:
      - application/json
      Accept-Encoding:
      - gzip, deflate
      CommandName:
      - cdn endpoint delete
      Connection:
      - keep-alive
      Content-Length:
      - '0'
      ParameterSetName:
      - -g -n --profile-name
      User-Agent:
      - AZURECLI/2.35.0 azsdk-python-mgmt-cdn/12.0.0 Python/3.7.9 (Windows-10-10.0.19041-SP0)
    method: DELETE
    uri: https://management.azure.com/subscriptions/00000000-0000-0000-0000-000000000000/resourceGroups/clitest.rg000001/providers/Microsoft.Cdn/profiles/profile123/endpoints/endpoint000002?api-version=2021-06-01
  response:
    body:
      string: ''
    headers:
      azure-asyncoperation:
      - https://management.azure.com/subscriptions/00000000-0000-0000-0000-000000000000/resourcegroups/clitest.rg000001/providers/Microsoft.Cdn/operationresults/4d8d3284-be54-4259-98da-ae44b7f7e19c?api-version=2021-06-01
      cache-control:
      - no-cache
      content-length:
      - '0'
      date:
      - Thu, 21 Apr 2022 08:37:32 GMT
      expires:
      - '-1'
      location:
      - https://management.azure.com/subscriptions/00000000-0000-0000-0000-000000000000/resourcegroups/clitest.rg000001/providers/Microsoft.Cdn/operationresults/4d8d3284-be54-4259-98da-ae44b7f7e19c/profileresults/profile123/endpointresults/endpoint000002?api-version=2021-06-01
      pragma:
      - no-cache
      server:
      - Kestrel
      strict-transport-security:
      - max-age=31536000; includeSubDomains
      x-content-type-options:
      - nosniff
      x-ms-ratelimit-remaining-subscription-deletes:
      - '14999'
    status:
      code: 202
      message: Accepted
- request:
    body: null
    headers:
      Accept:
      - '*/*'
      Accept-Encoding:
      - gzip, deflate
      CommandName:
      - cdn endpoint delete
      Connection:
      - keep-alive
      ParameterSetName:
      - -g -n --profile-name
      User-Agent:
      - AZURECLI/2.35.0 azsdk-python-mgmt-cdn/12.0.0 Python/3.7.9 (Windows-10-10.0.19041-SP0)
    method: GET
    uri: https://management.azure.com/subscriptions/00000000-0000-0000-0000-000000000000/resourcegroups/clitest.rg000001/providers/Microsoft.Cdn/operationresults/4d8d3284-be54-4259-98da-ae44b7f7e19c?api-version=2021-06-01
  response:
    body:
      string: '{"status":"InProgress","error":{"code":"None","message":null}}'
    headers:
      cache-control:
      - no-cache
      content-length:
      - '62'
      content-type:
      - application/json; charset=utf-8
      date:
      - Thu, 21 Apr 2022 08:37:42 GMT
      expires:
      - '-1'
      pragma:
      - no-cache
      server:
      - Kestrel
      strict-transport-security:
      - max-age=31536000; includeSubDomains
      transfer-encoding:
      - chunked
      vary:
      - Accept-Encoding
      x-content-type-options:
      - nosniff
    status:
      code: 200
      message: OK
- request:
    body: null
    headers:
      Accept:
      - '*/*'
      Accept-Encoding:
      - gzip, deflate
      CommandName:
      - cdn endpoint delete
      Connection:
      - keep-alive
      ParameterSetName:
      - -g -n --profile-name
      User-Agent:
      - AZURECLI/2.35.0 azsdk-python-mgmt-cdn/12.0.0 Python/3.7.9 (Windows-10-10.0.19041-SP0)
    method: GET
    uri: https://management.azure.com/subscriptions/00000000-0000-0000-0000-000000000000/resourcegroups/clitest.rg000001/providers/Microsoft.Cdn/operationresults/4d8d3284-be54-4259-98da-ae44b7f7e19c?api-version=2021-06-01
  response:
    body:
      string: '{"status":"Succeeded","error":{"code":"None","message":null}}'
    headers:
      cache-control:
      - no-cache
      content-length:
      - '61'
      content-type:
      - application/json; charset=utf-8
      date:
      - Thu, 21 Apr 2022 08:38:13 GMT
      expires:
      - '-1'
      pragma:
      - no-cache
      server:
      - Kestrel
      strict-transport-security:
      - max-age=31536000; includeSubDomains
      transfer-encoding:
      - chunked
      vary:
      - Accept-Encoding
      x-content-type-options:
      - nosniff
    status:
      code: 200
      message: OK
version: 1
