interactions:
- request:
    body: null
    headers:
      Accept:
      - application/json
      Accept-Encoding:
      - gzip, deflate
      CommandName:
      - cdn profile create
      Connection:
      - keep-alive
      ParameterSetName:
      - -g -n --sku
      User-Agent:
      - python/3.7.9 (Windows-10-10.0.19041-SP0) msrest/0.6.18 msrest_azure/0.6.3
        azure-mgmt-resource/12.0.0 Azure-SDK-For-Python AZURECLI/2.17.1
      accept-language:
      - en-US
    method: GET
    uri: https://management.azure.com/subscriptions/00000000-0000-0000-0000-000000000000/resourcegroups/clitest.rg000001?api-version=2020-10-01
  response:
    body:
      string: '{"id":"/subscriptions/00000000-0000-0000-0000-000000000000/resourceGroups/clitest.rg000001","name":"clitest.rg000001","type":"Microsoft.Resources/resourceGroups","location":"westus","tags":{"product":"azurecli","cause":"automation","date":"2021-02-15T17:17:01Z"},"properties":{"provisioningState":"Succeeded"}}'
    headers:
      cache-control:
      - no-cache
      content-length:
      - '428'
      content-type:
      - application/json; charset=utf-8
      date:
      - Mon, 15 Feb 2021 17:17:04 GMT
      expires:
      - '-1'
      pragma:
      - no-cache
      strict-transport-security:
      - max-age=31536000; includeSubDomains
      vary:
      - Accept-Encoding
      x-content-type-options:
      - nosniff
    status:
      code: 200
      message: OK
- request:
    body: '{"location": "westus", "sku": {"name": "Standard_AzureFrontDoor"}}'
    headers:
      Accept:
      - application/json
      Accept-Encoding:
      - gzip, deflate
      CommandName:
      - cdn profile create
      Connection:
      - keep-alive
      Content-Length:
      - '66'
      Content-Type:
      - application/json; charset=utf-8
      ParameterSetName:
      - -g -n --sku
      User-Agent:
      - python/3.7.9 (Windows-10-10.0.19041-SP0) msrest/0.6.18 msrest_azure/0.6.3
        azure-mgmt-cdn/7.0.0 Azure-SDK-For-Python AZURECLI/2.17.1
      accept-language:
      - en-US
    method: PUT
    uri: https://management.azure.com/subscriptions/00000000-0000-0000-0000-000000000000/resourceGroups/clitest.rg000001/providers/Microsoft.Cdn/profiles/profile000002?api-version=2020-09-01
  response:
    body:
      string: '{"id":"/subscriptions/00000000-0000-0000-0000-000000000000/resourcegroups/clitest.rg000001/providers/Microsoft.Cdn/profiles/profile000002","type":"Microsoft.Cdn/profiles","name":"profile000002","location":"WestUs","kind":"frontdoor","tags":{},"sku":{"name":"Standard_AzureFrontDoor"},"properties":{"frontDoorId":"044acd37-e0ae-48c0-9e9d-8cbd4b0b6f7d","resourceState":"Creating","provisioningState":"Creating"}}'
    headers:
      azure-asyncoperation:
      - https://management.azure.com/subscriptions/00000000-0000-0000-0000-000000000000/resourcegroups/clitest.rg000001/providers/Microsoft.Cdn/operationresults/b9136664-024a-48ce-8915-99fa97ed16b4?api-version=2020-09-01
      cache-control:
      - no-cache
      content-length:
      - '475'
      content-type:
      - application/json; charset=utf-8
      date:
      - Mon, 15 Feb 2021 17:17:14 GMT
      expires:
      - '-1'
      pragma:
      - no-cache
      server:
      - Kestrel
      strict-transport-security:
      - max-age=31536000; includeSubDomains
      x-content-type-options:
      - nosniff
      x-ms-ratelimit-remaining-subscription-resource-requests:
      - '24'
    status:
      code: 201
      message: Created
- request:
    body: null
    headers:
      Accept:
      - application/json
      Accept-Encoding:
      - gzip, deflate
      CommandName:
      - cdn profile create
      Connection:
      - keep-alive
      ParameterSetName:
      - -g -n --sku
      User-Agent:
      - python/3.7.9 (Windows-10-10.0.19041-SP0) msrest/0.6.18 msrest_azure/0.6.3
        azure-mgmt-cdn/7.0.0 Azure-SDK-For-Python AZURECLI/2.17.1
    method: GET
    uri: https://management.azure.com/subscriptions/00000000-0000-0000-0000-000000000000/resourcegroups/clitest.rg000001/providers/Microsoft.Cdn/operationresults/b9136664-024a-48ce-8915-99fa97ed16b4?api-version=2020-09-01
  response:
    body:
      string: '{"status":"Succeeded","error":{"code":"None","message":null}}'
    headers:
      cache-control:
      - no-cache
      content-length:
      - '61'
      content-type:
      - application/json; charset=utf-8
      date:
      - Mon, 15 Feb 2021 17:17:25 GMT
      expires:
      - '-1'
      pragma:
      - no-cache
      server:
      - Kestrel
      strict-transport-security:
      - max-age=31536000; includeSubDomains
      transfer-encoding:
      - chunked
      vary:
      - Accept-Encoding
      x-content-type-options:
      - nosniff
    status:
      code: 200
      message: OK
- request:
    body: null
    headers:
      Accept:
      - application/json
      Accept-Encoding:
      - gzip, deflate
      CommandName:
      - cdn profile create
      Connection:
      - keep-alive
      ParameterSetName:
      - -g -n --sku
      User-Agent:
      - python/3.7.9 (Windows-10-10.0.19041-SP0) msrest/0.6.18 msrest_azure/0.6.3
        azure-mgmt-cdn/7.0.0 Azure-SDK-For-Python AZURECLI/2.17.1
    method: GET
    uri: https://management.azure.com/subscriptions/00000000-0000-0000-0000-000000000000/resourceGroups/clitest.rg000001/providers/Microsoft.Cdn/profiles/profile000002?api-version=2020-09-01
  response:
    body:
      string: '{"id":"/subscriptions/00000000-0000-0000-0000-000000000000/resourcegroups/clitest.rg000001/providers/Microsoft.Cdn/profiles/profile000002","type":"Microsoft.Cdn/profiles","name":"profile000002","location":"WestUs","kind":"frontdoor","tags":{},"sku":{"name":"Standard_AzureFrontDoor"},"properties":{"frontDoorId":"044acd37-e0ae-48c0-9e9d-8cbd4b0b6f7d","resourceState":"Active","provisioningState":"Succeeded"}}'
    headers:
      cache-control:
      - no-cache
      content-length:
      - '474'
      content-type:
      - application/json; charset=utf-8
      date:
      - Mon, 15 Feb 2021 17:17:25 GMT
      expires:
      - '-1'
      pragma:
      - no-cache
      server:
      - Kestrel
      strict-transport-security:
      - max-age=31536000; includeSubDomains
      transfer-encoding:
      - chunked
      vary:
      - Accept-Encoding
      x-content-type-options:
      - nosniff
      x-ms-ratelimit-remaining-subscription-resource-requests:
      - '49'
    status:
      code: 200
      message: OK
- request:
    body: null
    headers:
      Accept:
      - application/json
      Accept-Encoding:
      - gzip, deflate
      CommandName:
      - afd origin-group list
      Connection:
      - keep-alive
      ParameterSetName:
      - -g --profile-name
      User-Agent:
      - python/3.7.9 (Windows-10-10.0.19041-SP0) msrest/0.6.18 msrest_azure/0.6.3
        azure-mgmt-cdn/7.0.0 Azure-SDK-For-Python AZURECLI/2.17.1
      accept-language:
      - en-US
    method: GET
    uri: https://management.azure.com/subscriptions/00000000-0000-0000-0000-000000000000/resourceGroups/clitest.rg000001/providers/Microsoft.Cdn/profiles/profile000002/originGroups?api-version=2020-09-01
  response:
    body:
      string: '{"value":[]}'
    headers:
      cache-control:
      - no-cache
      content-length:
      - '12'
      content-type:
      - application/json; charset=utf-8
      date:
      - Mon, 15 Feb 2021 17:17:27 GMT
      expires:
      - '-1'
      pragma:
      - no-cache
      server:
      - Kestrel
      strict-transport-security:
      - max-age=31536000; includeSubDomains
      transfer-encoding:
      - chunked
      vary:
      - Accept-Encoding
      x-content-type-options:
      - nosniff
    status:
      code: 200
      message: OK
- request:
    body: '{"properties": {"loadBalancingSettings": {"sampleSize": 4, "successfulSamplesRequired":
      3, "additionalLatencyInMilliseconds": 50}, "healthProbeSettings": {"probePath":
      "/test1/azure.txt", "probeRequestType": "GET", "probeProtocol": "Http", "probeIntervalInSeconds":
      120}}}'
    headers:
      Accept:
      - application/json
      Accept-Encoding:
      - gzip, deflate
      CommandName:
      - afd origin-group create
      Connection:
      - keep-alive
      Content-Length:
      - '272'
      Content-Type:
      - application/json; charset=utf-8
      ParameterSetName:
      - -g --profile-name --origin-group-name --probe-request-type --probe-protocol
        --probe-interval-in-seconds --probe-path --load-balancing-sample-size --load-balancing-successful-samples-required
        --load-balancing-additional-latency-in-milliseconds
      User-Agent:
      - python/3.7.9 (Windows-10-10.0.19041-SP0) msrest/0.6.18 msrest_azure/0.6.3
        azure-mgmt-cdn/7.0.0 Azure-SDK-For-Python AZURECLI/2.17.1
      accept-language:
      - en-US
    method: PUT
    uri: https://management.azure.com/subscriptions/00000000-0000-0000-0000-000000000000/resourceGroups/clitest.rg000001/providers/Microsoft.Cdn/profiles/profile000002/originGroups/og000003?api-version=2020-09-01
  response:
    body:
      string: '{"id":"/subscriptions/00000000-0000-0000-0000-000000000000/resourcegroups/clitest.rg000001/providers/Microsoft.Cdn/profiles/profile000002/originGroups/og000003","type":"Microsoft.Cdn/profiles/originGroups","name":"og000003","properties":{"loadBalancingSettings":{"sampleSize":4,"successfulSamplesRequired":3,"additionalLatencyInMilliseconds":50},"healthProbeSettings":{"probePath":"/test1/azure.txt","probeRequestType":"GET","probeProtocol":"Http","probeIntervalInSeconds":120},"responseBasedAFDOriginErrorDetectionSettings":null,"trafficRestorationTimeToHealedOrNewEndpointsInMinutes":null,"sessionAffinityState":"Disabled","provisioningState":"Succeeded","deploymentStatus":"NotStarted"}}'
    headers:
      cache-control:
      - no-cache
      content-length:
      - '768'
      content-type:
      - application/json; charset=utf-8
      date:
      - Mon, 15 Feb 2021 17:17:28 GMT
      expires:
      - '-1'
      pragma:
      - no-cache
      server:
      - Kestrel
      strict-transport-security:
      - max-age=31536000; includeSubDomains
      x-content-type-options:
      - nosniff
      x-ms-ratelimit-remaining-subscription-resource-requests:
      - '99'
    status:
      code: 201
      message: Created
- request:
    body: null
    headers:
      Accept:
      - application/json
      Accept-Encoding:
      - gzip, deflate
      CommandName:
      - afd origin-group list
      Connection:
      - keep-alive
      ParameterSetName:
      - -g --profile-name
      User-Agent:
      - python/3.7.9 (Windows-10-10.0.19041-SP0) msrest/0.6.18 msrest_azure/0.6.3
        azure-mgmt-cdn/7.0.0 Azure-SDK-For-Python AZURECLI/2.17.1
      accept-language:
      - en-US
    method: GET
    uri: https://management.azure.com/subscriptions/00000000-0000-0000-0000-000000000000/resourceGroups/clitest.rg000001/providers/Microsoft.Cdn/profiles/profile000002/originGroups?api-version=2020-09-01
  response:
    body:
      string: '{"value":[{"id":"/subscriptions/00000000-0000-0000-0000-000000000000/resourcegroups/clitest.rg000001/providers/Microsoft.Cdn/profiles/profile000002/originGroups/og000003","type":"Microsoft.Cdn/profiles/originGroups","name":"og000003","properties":{"loadBalancingSettings":{"sampleSize":4,"successfulSamplesRequired":3,"additionalLatencyInMilliseconds":50},"healthProbeSettings":{"probePath":"/test1/azure.txt","probeRequestType":"GET","probeProtocol":"Http","probeIntervalInSeconds":120},"responseBasedAFDOriginErrorDetectionSettings":null,"trafficRestorationTimeToHealedOrNewEndpointsInMinutes":null,"sessionAffinityState":"Disabled","provisioningState":"Succeeded","deploymentStatus":"NotStarted"}}]}'
    headers:
      cache-control:
      - no-cache
      content-length:
      - '780'
      content-type:
      - application/json; charset=utf-8
      date:
      - Mon, 15 Feb 2021 17:17:29 GMT
      expires:
      - '-1'
      pragma:
      - no-cache
      server:
      - Kestrel
      strict-transport-security:
      - max-age=31536000; includeSubDomains
      transfer-encoding:
      - chunked
      vary:
      - Accept-Encoding
      x-content-type-options:
      - nosniff
    status:
      code: 200
      message: OK
- request:
    body: null
    headers:
      Accept:
      - application/json
      Accept-Encoding:
      - gzip, deflate
      CommandName:
      - afd origin-group update
      Connection:
      - keep-alive
      ParameterSetName:
      - -g --profile-name --origin-group-name --probe-request-type --probe-protocol
      User-Agent:
      - python/3.7.9 (Windows-10-10.0.19041-SP0) msrest/0.6.18 msrest_azure/0.6.3
        azure-mgmt-cdn/7.0.0 Azure-SDK-For-Python AZURECLI/2.17.1
      accept-language:
      - en-US
    method: GET
    uri: https://management.azure.com/subscriptions/00000000-0000-0000-0000-000000000000/resourceGroups/clitest.rg000001/providers/Microsoft.Cdn/profiles/profile000002/originGroups/og000003?api-version=2020-09-01
  response:
    body:
      string: '{"id":"/subscriptions/00000000-0000-0000-0000-000000000000/resourcegroups/clitest.rg000001/providers/Microsoft.Cdn/profiles/profile000002/originGroups/og000003","type":"Microsoft.Cdn/profiles/originGroups","name":"og000003","properties":{"loadBalancingSettings":{"sampleSize":4,"successfulSamplesRequired":3,"additionalLatencyInMilliseconds":50},"healthProbeSettings":{"probePath":"/test1/azure.txt","probeRequestType":"GET","probeProtocol":"Http","probeIntervalInSeconds":120},"responseBasedAFDOriginErrorDetectionSettings":null,"trafficRestorationTimeToHealedOrNewEndpointsInMinutes":null,"sessionAffinityState":"Disabled","provisioningState":"Succeeded","deploymentStatus":"NotStarted"}}'
    headers:
      cache-control:
      - no-cache
      content-length:
      - '768'
      content-type:
      - application/json; charset=utf-8
      date:
      - Mon, 15 Feb 2021 17:17:30 GMT
      expires:
      - '-1'
      pragma:
      - no-cache
      server:
      - Kestrel
      strict-transport-security:
      - max-age=31536000; includeSubDomains
      transfer-encoding:
      - chunked
      vary:
      - Accept-Encoding
      x-content-type-options:
      - nosniff
    status:
      code: 200
      message: OK
- request:
    body: '{"properties": {"loadBalancingSettings": {"sampleSize": 4, "successfulSamplesRequired":
      3, "additionalLatencyInMilliseconds": 50}, "healthProbeSettings": {"probePath":
      "/test1/azure.txt", "probeRequestType": "GET", "probeProtocol": "Https", "probeIntervalInSeconds":
      120}}}'
    headers:
      Accept:
      - application/json
      Accept-Encoding:
      - gzip, deflate
      CommandName:
      - afd origin-group update
      Connection:
      - keep-alive
      Content-Length:
      - '273'
      Content-Type:
      - application/json; charset=utf-8
      ParameterSetName:
      - -g --profile-name --origin-group-name --probe-request-type --probe-protocol
      User-Agent:
      - python/3.7.9 (Windows-10-10.0.19041-SP0) msrest/0.6.18 msrest_azure/0.6.3
        azure-mgmt-cdn/7.0.0 Azure-SDK-For-Python AZURECLI/2.17.1
      accept-language:
      - en-US
    method: PUT
    uri: https://management.azure.com/subscriptions/00000000-0000-0000-0000-000000000000/resourceGroups/clitest.rg000001/providers/Microsoft.Cdn/profiles/profile000002/originGroups/og000003?api-version=2020-09-01
  response:
    body:
      string: '{"id":"/subscriptions/00000000-0000-0000-0000-000000000000/resourcegroups/clitest.rg000001/providers/Microsoft.Cdn/profiles/profile000002/originGroups/og000003","type":"Microsoft.Cdn/profiles/originGroups","name":"og000003","properties":{"loadBalancingSettings":{"sampleSize":4,"successfulSamplesRequired":3,"additionalLatencyInMilliseconds":50},"healthProbeSettings":{"probePath":"/test1/azure.txt","probeRequestType":"GET","probeProtocol":"Https","probeIntervalInSeconds":120},"responseBasedAFDOriginErrorDetectionSettings":null,"trafficRestorationTimeToHealedOrNewEndpointsInMinutes":null,"sessionAffinityState":"Disabled","provisioningState":"Updating","deploymentStatus":"NotStarted"}}'
    headers:
      azure-asyncoperation:
      - https://management.azure.com/subscriptions/00000000-0000-0000-0000-000000000000/resourcegroups/clitest.rg000001/providers/Microsoft.Cdn/operationresults/980f3030-8e58-4c29-9055-28aaead8c377?api-version=2020-09-01
      cache-control:
      - no-cache
      content-length:
      - '768'
      content-type:
      - application/json; charset=utf-8
      date:
      - Mon, 15 Feb 2021 17:17:31 GMT
      expires:
      - '-1'
      location:
      - https://management.azure.com/subscriptions/00000000-0000-0000-0000-000000000000/resourcegroups/clitest.rg000001/providers/Microsoft.Cdn/operationresults/980f3030-8e58-4c29-9055-28aaead8c377/profileresults/profile000002/origingroupresults/og000003?api-version=2020-09-01
      pragma:
      - no-cache
      server:
      - Kestrel
      strict-transport-security:
      - max-age=31536000; includeSubDomains
      x-content-type-options:
      - nosniff
      x-ms-ratelimit-remaining-subscription-resource-requests:
      - '99'
    status:
      code: 202
      message: Accepted
- request:
    body: null
    headers:
      Accept:
      - application/json
      Accept-Encoding:
      - gzip, deflate
      CommandName:
      - afd origin-group update
      Connection:
      - keep-alive
      ParameterSetName:
      - -g --profile-name --origin-group-name --probe-request-type --probe-protocol
      User-Agent:
      - python/3.7.9 (Windows-10-10.0.19041-SP0) msrest/0.6.18 msrest_azure/0.6.3
        azure-mgmt-cdn/7.0.0 Azure-SDK-For-Python AZURECLI/2.17.1
    method: GET
    uri: https://management.azure.com/subscriptions/00000000-0000-0000-0000-000000000000/resourcegroups/clitest.rg000001/providers/Microsoft.Cdn/operationresults/980f3030-8e58-4c29-9055-28aaead8c377?api-version=2020-09-01
  response:
    body:
      string: '{"status":"Succeeded","error":{"code":"None","message":null}}'
    headers:
      cache-control:
      - no-cache
      content-length:
      - '61'
      content-type:
      - application/json; charset=utf-8
      date:
      - Mon, 15 Feb 2021 17:17:42 GMT
      expires:
      - '-1'
      pragma:
      - no-cache
      server:
      - Kestrel
      strict-transport-security:
      - max-age=31536000; includeSubDomains
      transfer-encoding:
      - chunked
      vary:
      - Accept-Encoding
      x-content-type-options:
      - nosniff
    status:
      code: 200
      message: OK
- request:
    body: null
    headers:
      Accept:
      - application/json
      Accept-Encoding:
      - gzip, deflate
      CommandName:
      - afd origin-group update
      Connection:
      - keep-alive
      ParameterSetName:
      - -g --profile-name --origin-group-name --probe-request-type --probe-protocol
      User-Agent:
      - python/3.7.9 (Windows-10-10.0.19041-SP0) msrest/0.6.18 msrest_azure/0.6.3
        azure-mgmt-cdn/7.0.0 Azure-SDK-For-Python AZURECLI/2.17.1
    method: GET
    uri: https://management.azure.com/subscriptions/00000000-0000-0000-0000-000000000000/resourceGroups/clitest.rg000001/providers/Microsoft.Cdn/profiles/profile000002/originGroups/og000003?api-version=2020-09-01
  response:
    body:
      string: '{"id":"/subscriptions/00000000-0000-0000-0000-000000000000/resourcegroups/clitest.rg000001/providers/Microsoft.Cdn/profiles/profile000002/originGroups/og000003","type":"Microsoft.Cdn/profiles/originGroups","name":"og000003","properties":{"loadBalancingSettings":{"sampleSize":4,"successfulSamplesRequired":3,"additionalLatencyInMilliseconds":50},"healthProbeSettings":{"probePath":"/test1/azure.txt","probeRequestType":"GET","probeProtocol":"Https","probeIntervalInSeconds":120},"responseBasedAFDOriginErrorDetectionSettings":null,"trafficRestorationTimeToHealedOrNewEndpointsInMinutes":null,"sessionAffinityState":"Disabled","provisioningState":"Succeeded","deploymentStatus":"NotStarted"}}'
    headers:
      cache-control:
      - no-cache
      content-length:
      - '769'
      content-type:
      - application/json; charset=utf-8
      date:
      - Mon, 15 Feb 2021 17:17:42 GMT
      expires:
      - '-1'
      pragma:
      - no-cache
      server:
      - Kestrel
      strict-transport-security:
      - max-age=31536000; includeSubDomains
      transfer-encoding:
      - chunked
      vary:
      - Accept-Encoding
      x-content-type-options:
      - nosniff
    status:
      code: 200
      message: OK
- request:
    body: null
    headers:
      Accept:
      - application/json
      Accept-Encoding:
      - gzip, deflate
      CommandName:
      - afd origin-group update
      Connection:
      - keep-alive
      ParameterSetName:
      - -g --profile-name --origin-group-name --load-balancing-sample-size --load-balancing-additional-latency-in-milliseconds
      User-Agent:
      - python/3.7.9 (Windows-10-10.0.19041-SP0) msrest/0.6.18 msrest_azure/0.6.3
        azure-mgmt-cdn/7.0.0 Azure-SDK-For-Python AZURECLI/2.17.1
      accept-language:
      - en-US
    method: GET
    uri: https://management.azure.com/subscriptions/00000000-0000-0000-0000-000000000000/resourceGroups/clitest.rg000001/providers/Microsoft.Cdn/profiles/profile000002/originGroups/og000003?api-version=2020-09-01
  response:
    body:
      string: '{"id":"/subscriptions/00000000-0000-0000-0000-000000000000/resourcegroups/clitest.rg000001/providers/Microsoft.Cdn/profiles/profile000002/originGroups/og000003","type":"Microsoft.Cdn/profiles/originGroups","name":"og000003","properties":{"loadBalancingSettings":{"sampleSize":4,"successfulSamplesRequired":3,"additionalLatencyInMilliseconds":50},"healthProbeSettings":{"probePath":"/test1/azure.txt","probeRequestType":"GET","probeProtocol":"Https","probeIntervalInSeconds":120},"responseBasedAFDOriginErrorDetectionSettings":null,"trafficRestorationTimeToHealedOrNewEndpointsInMinutes":null,"sessionAffinityState":"Disabled","provisioningState":"Succeeded","deploymentStatus":"NotStarted"}}'
    headers:
      cache-control:
      - no-cache
      content-length:
      - '769'
      content-type:
      - application/json; charset=utf-8
      date:
      - Mon, 15 Feb 2021 17:17:44 GMT
      expires:
      - '-1'
      pragma:
      - no-cache
      server:
      - Kestrel
      strict-transport-security:
      - max-age=31536000; includeSubDomains
      transfer-encoding:
      - chunked
      vary:
      - Accept-Encoding
      x-content-type-options:
      - nosniff
    status:
      code: 200
      message: OK
- request:
    body: '{"properties": {"loadBalancingSettings": {"sampleSize": 5, "successfulSamplesRequired":
      3, "additionalLatencyInMilliseconds": 30}, "healthProbeSettings": {"probePath":
      "/test1/azure.txt", "probeRequestType": "GET", "probeProtocol": "Https", "probeIntervalInSeconds":
      120}}}'
    headers:
      Accept:
      - application/json
      Accept-Encoding:
      - gzip, deflate
      CommandName:
      - afd origin-group update
      Connection:
      - keep-alive
      Content-Length:
      - '273'
      Content-Type:
      - application/json; charset=utf-8
      ParameterSetName:
      - -g --profile-name --origin-group-name --load-balancing-sample-size --load-balancing-additional-latency-in-milliseconds
      User-Agent:
      - python/3.7.9 (Windows-10-10.0.19041-SP0) msrest/0.6.18 msrest_azure/0.6.3
        azure-mgmt-cdn/7.0.0 Azure-SDK-For-Python AZURECLI/2.17.1
      accept-language:
      - en-US
    method: PUT
    uri: https://management.azure.com/subscriptions/00000000-0000-0000-0000-000000000000/resourceGroups/clitest.rg000001/providers/Microsoft.Cdn/profiles/profile000002/originGroups/og000003?api-version=2020-09-01
  response:
    body:
      string: '{"id":"/subscriptions/00000000-0000-0000-0000-000000000000/resourcegroups/clitest.rg000001/providers/Microsoft.Cdn/profiles/profile000002/originGroups/og000003","type":"Microsoft.Cdn/profiles/originGroups","name":"og000003","properties":{"loadBalancingSettings":{"sampleSize":5,"successfulSamplesRequired":3,"additionalLatencyInMilliseconds":30},"healthProbeSettings":{"probePath":"/test1/azure.txt","probeRequestType":"GET","probeProtocol":"Https","probeIntervalInSeconds":120},"responseBasedAFDOriginErrorDetectionSettings":null,"trafficRestorationTimeToHealedOrNewEndpointsInMinutes":null,"sessionAffinityState":"Disabled","provisioningState":"Updating","deploymentStatus":"NotStarted"}}'
    headers:
      azure-asyncoperation:
      - https://management.azure.com/subscriptions/00000000-0000-0000-0000-000000000000/resourcegroups/clitest.rg000001/providers/Microsoft.Cdn/operationresults/f9feb10e-3471-41df-ac86-1e0632aa5477?api-version=2020-09-01
      cache-control:
      - no-cache
      content-length:
      - '768'
      content-type:
      - application/json; charset=utf-8
      date:
      - Mon, 15 Feb 2021 17:17:45 GMT
      expires:
      - '-1'
      location:
      - https://management.azure.com/subscriptions/00000000-0000-0000-0000-000000000000/resourcegroups/clitest.rg000001/providers/Microsoft.Cdn/operationresults/f9feb10e-3471-41df-ac86-1e0632aa5477/profileresults/profile000002/origingroupresults/og000003?api-version=2020-09-01
      pragma:
      - no-cache
      server:
      - Kestrel
      strict-transport-security:
      - max-age=31536000; includeSubDomains
      x-content-type-options:
      - nosniff
      x-ms-ratelimit-remaining-subscription-resource-requests:
      - '99'
    status:
      code: 202
      message: Accepted
- request:
    body: null
    headers:
      Accept:
      - application/json
      Accept-Encoding:
      - gzip, deflate
      CommandName:
      - afd origin-group update
      Connection:
      - keep-alive
      ParameterSetName:
      - -g --profile-name --origin-group-name --load-balancing-sample-size --load-balancing-additional-latency-in-milliseconds
      User-Agent:
      - python/3.7.9 (Windows-10-10.0.19041-SP0) msrest/0.6.18 msrest_azure/0.6.3
        azure-mgmt-cdn/7.0.0 Azure-SDK-For-Python AZURECLI/2.17.1
    method: GET
    uri: https://management.azure.com/subscriptions/00000000-0000-0000-0000-000000000000/resourcegroups/clitest.rg000001/providers/Microsoft.Cdn/operationresults/f9feb10e-3471-41df-ac86-1e0632aa5477?api-version=2020-09-01
  response:
    body:
      string: '{"status":"Succeeded","error":{"code":"None","message":null}}'
    headers:
      cache-control:
      - no-cache
      content-length:
      - '61'
      content-type:
      - application/json; charset=utf-8
      date:
      - Mon, 15 Feb 2021 17:17:56 GMT
      expires:
      - '-1'
      pragma:
      - no-cache
      server:
      - Kestrel
      strict-transport-security:
      - max-age=31536000; includeSubDomains
      transfer-encoding:
      - chunked
      vary:
      - Accept-Encoding
      x-content-type-options:
      - nosniff
    status:
      code: 200
      message: OK
- request:
    body: null
    headers:
      Accept:
      - application/json
      Accept-Encoding:
      - gzip, deflate
      CommandName:
      - afd origin-group update
      Connection:
      - keep-alive
      ParameterSetName:
      - -g --profile-name --origin-group-name --load-balancing-sample-size --load-balancing-additional-latency-in-milliseconds
      User-Agent:
      - python/3.7.9 (Windows-10-10.0.19041-SP0) msrest/0.6.18 msrest_azure/0.6.3
        azure-mgmt-cdn/7.0.0 Azure-SDK-For-Python AZURECLI/2.17.1
    method: GET
    uri: https://management.azure.com/subscriptions/00000000-0000-0000-0000-000000000000/resourceGroups/clitest.rg000001/providers/Microsoft.Cdn/profiles/profile000002/originGroups/og000003?api-version=2020-09-01
  response:
    body:
      string: '{"id":"/subscriptions/00000000-0000-0000-0000-000000000000/resourcegroups/clitest.rg000001/providers/Microsoft.Cdn/profiles/profile000002/originGroups/og000003","type":"Microsoft.Cdn/profiles/originGroups","name":"og000003","properties":{"loadBalancingSettings":{"sampleSize":5,"successfulSamplesRequired":3,"additionalLatencyInMilliseconds":30},"healthProbeSettings":{"probePath":"/test1/azure.txt","probeRequestType":"GET","probeProtocol":"Https","probeIntervalInSeconds":120},"responseBasedAFDOriginErrorDetectionSettings":null,"trafficRestorationTimeToHealedOrNewEndpointsInMinutes":null,"sessionAffinityState":"Disabled","provisioningState":"Succeeded","deploymentStatus":"NotStarted"}}'
    headers:
      cache-control:
      - no-cache
      content-length:
      - '769'
      content-type:
      - application/json; charset=utf-8
      date:
      - Mon, 15 Feb 2021 17:17:57 GMT
      expires:
      - '-1'
      pragma:
      - no-cache
      server:
      - Kestrel
      strict-transport-security:
      - max-age=31536000; includeSubDomains
      transfer-encoding:
      - chunked
      vary:
      - Accept-Encoding
      x-content-type-options:
      - nosniff
    status:
      code: 200
      message: OK
- request:
    body: null
    headers:
      Accept:
      - application/json
      Accept-Encoding:
      - gzip, deflate
      CommandName:
      - afd origin-group update
      Connection:
      - keep-alive
      ParameterSetName:
      - -g --profile-name --origin-group-name --load-balancing-sample-size --load-balancing-additional-latency-in-milliseconds
        --probe-request-type
      User-Agent:
      - python/3.7.9 (Windows-10-10.0.19041-SP0) msrest/0.6.18 msrest_azure/0.6.3
        azure-mgmt-cdn/7.0.0 Azure-SDK-For-Python AZURECLI/2.17.1
      accept-language:
      - en-US
    method: GET
    uri: https://management.azure.com/subscriptions/00000000-0000-0000-0000-000000000000/resourceGroups/clitest.rg000001/providers/Microsoft.Cdn/profiles/profile000002/originGroups/og000003?api-version=2020-09-01
  response:
    body:
      string: '{"id":"/subscriptions/00000000-0000-0000-0000-000000000000/resourcegroups/clitest.rg000001/providers/Microsoft.Cdn/profiles/profile000002/originGroups/og000003","type":"Microsoft.Cdn/profiles/originGroups","name":"og000003","properties":{"loadBalancingSettings":{"sampleSize":5,"successfulSamplesRequired":3,"additionalLatencyInMilliseconds":30},"healthProbeSettings":{"probePath":"/test1/azure.txt","probeRequestType":"GET","probeProtocol":"Https","probeIntervalInSeconds":120},"responseBasedAFDOriginErrorDetectionSettings":null,"trafficRestorationTimeToHealedOrNewEndpointsInMinutes":null,"sessionAffinityState":"Disabled","provisioningState":"Succeeded","deploymentStatus":"NotStarted"}}'
    headers:
      cache-control:
      - no-cache
      content-length:
      - '769'
      content-type:
      - application/json; charset=utf-8
      date:
      - Mon, 15 Feb 2021 17:17:57 GMT
      expires:
      - '-1'
      pragma:
      - no-cache
      server:
      - Kestrel
      strict-transport-security:
      - max-age=31536000; includeSubDomains
      transfer-encoding:
      - chunked
      vary:
      - Accept-Encoding
      x-content-type-options:
      - nosniff
    status:
      code: 200
      message: OK
- request:
    body: '{"properties": {"loadBalancingSettings": {"sampleSize": 4, "successfulSamplesRequired":
      3, "additionalLatencyInMilliseconds": 30}, "healthProbeSettings": {"probePath":
      "/test1/azure.txt", "probeRequestType": "HEAD", "probeProtocol": "Https", "probeIntervalInSeconds":
      120}}}'
    headers:
      Accept:
      - application/json
      Accept-Encoding:
      - gzip, deflate
      CommandName:
      - afd origin-group update
      Connection:
      - keep-alive
      Content-Length:
      - '274'
      Content-Type:
      - application/json; charset=utf-8
      ParameterSetName:
      - -g --profile-name --origin-group-name --load-balancing-sample-size --load-balancing-additional-latency-in-milliseconds
        --probe-request-type
      User-Agent:
      - python/3.7.9 (Windows-10-10.0.19041-SP0) msrest/0.6.18 msrest_azure/0.6.3
        azure-mgmt-cdn/7.0.0 Azure-SDK-For-Python AZURECLI/2.17.1
      accept-language:
      - en-US
    method: PUT
    uri: https://management.azure.com/subscriptions/00000000-0000-0000-0000-000000000000/resourceGroups/clitest.rg000001/providers/Microsoft.Cdn/profiles/profile000002/originGroups/og000003?api-version=2020-09-01
  response:
    body:
      string: '{"id":"/subscriptions/00000000-0000-0000-0000-000000000000/resourcegroups/clitest.rg000001/providers/Microsoft.Cdn/profiles/profile000002/originGroups/og000003","type":"Microsoft.Cdn/profiles/originGroups","name":"og000003","properties":{"loadBalancingSettings":{"sampleSize":4,"successfulSamplesRequired":3,"additionalLatencyInMilliseconds":30},"healthProbeSettings":{"probePath":"/test1/azure.txt","probeRequestType":"HEAD","probeProtocol":"Https","probeIntervalInSeconds":120},"responseBasedAFDOriginErrorDetectionSettings":null,"trafficRestorationTimeToHealedOrNewEndpointsInMinutes":null,"sessionAffinityState":"Disabled","provisioningState":"Updating","deploymentStatus":"NotStarted"}}'
    headers:
      azure-asyncoperation:
      - https://management.azure.com/subscriptions/00000000-0000-0000-0000-000000000000/resourcegroups/clitest.rg000001/providers/Microsoft.Cdn/operationresults/5bac48d6-ad60-4301-b0c6-8908dc3c61ce?api-version=2020-09-01
      cache-control:
      - no-cache
      content-length:
      - '769'
      content-type:
      - application/json; charset=utf-8
      date:
      - Mon, 15 Feb 2021 17:17:58 GMT
      expires:
      - '-1'
      location:
      - https://management.azure.com/subscriptions/00000000-0000-0000-0000-000000000000/resourcegroups/clitest.rg000001/providers/Microsoft.Cdn/operationresults/5bac48d6-ad60-4301-b0c6-8908dc3c61ce/profileresults/profile000002/origingroupresults/og000003?api-version=2020-09-01
      pragma:
      - no-cache
      server:
      - Kestrel
      strict-transport-security:
      - max-age=31536000; includeSubDomains
      x-content-type-options:
      - nosniff
      x-ms-ratelimit-remaining-subscription-resource-requests:
      - '98'
    status:
      code: 202
      message: Accepted
- request:
    body: null
    headers:
      Accept:
      - application/json
      Accept-Encoding:
      - gzip, deflate
      CommandName:
      - afd origin-group update
      Connection:
      - keep-alive
      ParameterSetName:
      - -g --profile-name --origin-group-name --load-balancing-sample-size --load-balancing-additional-latency-in-milliseconds
        --probe-request-type
      User-Agent:
      - python/3.7.9 (Windows-10-10.0.19041-SP0) msrest/0.6.18 msrest_azure/0.6.3
        azure-mgmt-cdn/7.0.0 Azure-SDK-For-Python AZURECLI/2.17.1
    method: GET
    uri: https://management.azure.com/subscriptions/00000000-0000-0000-0000-000000000000/resourcegroups/clitest.rg000001/providers/Microsoft.Cdn/operationresults/5bac48d6-ad60-4301-b0c6-8908dc3c61ce?api-version=2020-09-01
  response:
    body:
      string: '{"status":"Succeeded","error":{"code":"None","message":null}}'
    headers:
      cache-control:
      - no-cache
      content-length:
      - '61'
      content-type:
      - application/json; charset=utf-8
      date:
      - Mon, 15 Feb 2021 17:18:10 GMT
      expires:
      - '-1'
      pragma:
      - no-cache
      server:
      - Kestrel
      strict-transport-security:
      - max-age=31536000; includeSubDomains
      transfer-encoding:
      - chunked
      vary:
      - Accept-Encoding
      x-content-type-options:
      - nosniff
    status:
      code: 200
      message: OK
- request:
    body: null
    headers:
      Accept:
      - application/json
      Accept-Encoding:
      - gzip, deflate
      CommandName:
      - afd origin-group update
      Connection:
      - keep-alive
      ParameterSetName:
      - -g --profile-name --origin-group-name --load-balancing-sample-size --load-balancing-additional-latency-in-milliseconds
        --probe-request-type
      User-Agent:
      - python/3.7.9 (Windows-10-10.0.19041-SP0) msrest/0.6.18 msrest_azure/0.6.3
        azure-mgmt-cdn/7.0.0 Azure-SDK-For-Python AZURECLI/2.17.1
    method: GET
    uri: https://management.azure.com/subscriptions/00000000-0000-0000-0000-000000000000/resourceGroups/clitest.rg000001/providers/Microsoft.Cdn/profiles/profile000002/originGroups/og000003?api-version=2020-09-01
  response:
    body:
      string: '{"id":"/subscriptions/00000000-0000-0000-0000-000000000000/resourcegroups/clitest.rg000001/providers/Microsoft.Cdn/profiles/profile000002/originGroups/og000003","type":"Microsoft.Cdn/profiles/originGroups","name":"og000003","properties":{"loadBalancingSettings":{"sampleSize":4,"successfulSamplesRequired":3,"additionalLatencyInMilliseconds":30},"healthProbeSettings":{"probePath":"/test1/azure.txt","probeRequestType":"HEAD","probeProtocol":"Https","probeIntervalInSeconds":120},"responseBasedAFDOriginErrorDetectionSettings":null,"trafficRestorationTimeToHealedOrNewEndpointsInMinutes":null,"sessionAffinityState":"Disabled","provisioningState":"Succeeded","deploymentStatus":"NotStarted"}}'
    headers:
      cache-control:
      - no-cache
      content-length:
      - '770'
      content-type:
      - application/json; charset=utf-8
      date:
      - Mon, 15 Feb 2021 17:18:10 GMT
      expires:
      - '-1'
      pragma:
      - no-cache
      server:
      - Kestrel
      strict-transport-security:
      - max-age=31536000; includeSubDomains
      transfer-encoding:
      - chunked
      vary:
      - Accept-Encoding
      x-content-type-options:
      - nosniff
    status:
      code: 200
      message: OK
- request:
    body: null
    headers:
      Accept:
      - application/json
      Accept-Encoding:
      - gzip, deflate
      CommandName:
      - afd origin-group delete
      Connection:
      - keep-alive
      Content-Length:
      - '0'
      ParameterSetName:
      - -g --profile-name --origin-group-name --yes
      User-Agent:
      - python/3.7.9 (Windows-10-10.0.19041-SP0) msrest/0.6.18 msrest_azure/0.6.3
        azure-mgmt-cdn/7.0.0 Azure-SDK-For-Python AZURECLI/2.17.1
      accept-language:
      - en-US
    method: DELETE
    uri: https://management.azure.com/subscriptions/00000000-0000-0000-0000-000000000000/resourceGroups/clitest.rg000001/providers/Microsoft.Cdn/profiles/profile000002/originGroups/og000003?api-version=2020-09-01
  response:
    body:
      string: ''
    headers:
      azure-asyncoperation:
      - https://management.azure.com/subscriptions/00000000-0000-0000-0000-000000000000/resourcegroups/clitest.rg000001/providers/Microsoft.Cdn/operationresults/d075641e-be5e-4c5d-8591-e364417d29e1?api-version=2020-09-01
      cache-control:
      - no-cache
      content-length:
      - '0'
      date:
      - Mon, 15 Feb 2021 17:18:12 GMT
      expires:
      - '-1'
      location:
      - https://management.azure.com/subscriptions/00000000-0000-0000-0000-000000000000/resourcegroups/clitest.rg000001/providers/Microsoft.Cdn/operationresults/d075641e-be5e-4c5d-8591-e364417d29e1/profileresults/profile000002/origingroupresults/og000003?api-version=2020-09-01
      pragma:
      - no-cache
      server:
      - Kestrel
      strict-transport-security:
      - max-age=31536000; includeSubDomains
      x-content-type-options:
      - nosniff
      x-ms-ratelimit-remaining-subscription-deletes:
      - '14999'
    status:
      code: 202
      message: Accepted
- request:
    body: null
    headers:
      Accept:
      - application/json
      Accept-Encoding:
      - gzip, deflate
      CommandName:
      - afd origin-group delete
      Connection:
      - keep-alive
      ParameterSetName:
      - -g --profile-name --origin-group-name --yes
      User-Agent:
      - python/3.7.9 (Windows-10-10.0.19041-SP0) msrest/0.6.18 msrest_azure/0.6.3
        azure-mgmt-cdn/7.0.0 Azure-SDK-For-Python AZURECLI/2.17.1
    method: GET
    uri: https://management.azure.com/subscriptions/00000000-0000-0000-0000-000000000000/resourcegroups/clitest.rg000001/providers/Microsoft.Cdn/operationresults/d075641e-be5e-4c5d-8591-e364417d29e1?api-version=2020-09-01
  response:
    body:
      string: '{"status":"Succeeded","error":{"code":"None","message":null}}'
    headers:
      cache-control:
      - no-cache
      content-length:
      - '61'
      content-type:
      - application/json; charset=utf-8
      date:
      - Mon, 15 Feb 2021 17:18:23 GMT
      expires:
      - '-1'
      pragma:
      - no-cache
      server:
      - Kestrel
      strict-transport-security:
      - max-age=31536000; includeSubDomains
      transfer-encoding:
      - chunked
      vary:
      - Accept-Encoding
      x-content-type-options:
      - nosniff
    status:
      code: 200
      message: OK
- request:
    body: null
    headers:
      Accept:
      - application/json
      Accept-Encoding:
      - gzip, deflate
      CommandName:
      - afd origin-group list
      Connection:
      - keep-alive
      ParameterSetName:
      - -g --profile-name
      User-Agent:
      - python/3.7.9 (Windows-10-10.0.19041-SP0) msrest/0.6.18 msrest_azure/0.6.3
        azure-mgmt-cdn/7.0.0 Azure-SDK-For-Python AZURECLI/2.17.1
      accept-language:
      - en-US
    method: GET
    uri: https://management.azure.com/subscriptions/00000000-0000-0000-0000-000000000000/resourceGroups/clitest.rg000001/providers/Microsoft.Cdn/profiles/profile000002/originGroups?api-version=2020-09-01
  response:
    body:
      string: '{"value":[]}'
    headers:
      cache-control:
      - no-cache
      content-length:
      - '12'
      content-type:
      - application/json; charset=utf-8
      date:
      - Mon, 15 Feb 2021 17:18:24 GMT
      expires:
      - '-1'
      pragma:
      - no-cache
      server:
      - Kestrel
      strict-transport-security:
      - max-age=31536000; includeSubDomains
      transfer-encoding:
      - chunked
      vary:
      - Accept-Encoding
      x-content-type-options:
      - nosniff
    status:
      code: 200
      message: OK
version: 1
