interactions:
- request:
    body: null
    headers:
      Accept:
      - '*/*'
      Accept-Charset:
      - utf-8
      Accept-Encoding:
      - gzip, deflate
      Connection:
      - keep-alive
      User-Agent:
      - python-requests/2.22.0
      return-client-request-id:
      - 'true'
      x-client-CPU:
      - x64
      x-client-OS:
      - darwin
      x-client-SKU:
      - Python
      x-client-Ver:
      - 1.2.2
    method: GET
    uri: https://login.windows.net/common/discovery/instance?authorization_endpoint=https%3A%2F%2Flogin.windows-ppe.net%2Ff686d426-8d16-42db-81b7-ab578e110ccd%2Foauth2%2Fauthorize&api-version=1.0
  response:
    body:
      string: '{"tenant_discovery_endpoint":"https://login.windows-ppe.net/f686d426-8d16-42db-81b7-ab578e110ccd/.well-known/openid-configuration"}'
    headers:
      access-control-allow-methods:
      - GET, OPTIONS
      access-control-allow-origin:
      - '*'
      cache-control:
      - private, max-age=86400
      content-length:
      - '131'
      content-type:
      - application/json; charset=utf-8
      date:
      - Tue, 25 Feb 2020 19:38:26 GMT
      p3p:
      - CP="DSP CUR OTPi IND OTRi ONL FIN"
      set-cookie:
      - fpc=AvlCliMsfi5NsWrDNDCTEDE; expires=Thu, 26-Mar-2020 19:38:26 GMT; path=/;
        secure; HttpOnly; SameSite=None
      - esctx=AQABAAAAAABeAFzDwllzTYGDLh_qYbH8nv49uTV32TG75n6evUcUA3cLaHOGkyRuZrT2FnR0yE_cOOhbqN6Si4gUgPMTOaJazgeu4hb2K0rWWb60AG44XJT6S1Roz9tGgx8vKnRi84IDtCs2EguqxAVilH3TTu_2JyLcLmZ_T0xqCXJccsdGXSb07eyV-nitXugsxR5pXs8gAA;
        domain=.login.windows.net; path=/; secure; HttpOnly; SameSite=None
      - x-ms-gateway-slice=corp; path=/; SameSite=None; secure; HttpOnly
      - stsservicecookie=estscorp; path=/; SameSite=None; secure; HttpOnly
      strict-transport-security:
      - max-age=31536000; includeSubDomains
      x-content-type-options:
      - nosniff
      x-ms-ests-server:
      - 2.1.10104.13 - SAN ProdSlices
    status:
      code: 200
      message: OK
- request:
    body: null
    headers:
      Accept:
      - application/json
      Accept-Encoding:
      - gzip, deflate
      CommandName:
      - cdn profile create
      Connection:
      - keep-alive
      ParameterSetName:
      - -g -n
      User-Agent:
      - python/3.7.6 (Darwin-19.2.0-x86_64-i386-64bit) msrest/0.6.10 msrest_azure/0.6.2
        azure-mgmt-resource/8.0.1 Azure-SDK-For-Python AZURECLI/2.0.81
      accept-language:
      - en-US
    method: GET
    uri: https://management.azure.com/subscriptions/00000000-0000-0000-0000-000000000000/resourcegroups/clitest.rg000001?api-version=2019-07-01
  response:
    body:
      string: '{"id":"/subscriptions/00000000-0000-0000-0000-000000000000/resourceGroups/clitest.rg000001","name":"clitest.rg000001","type":"Microsoft.Resources/resourceGroups","location":"westus","tags":{"product":"azurecli","cause":"automation","date":"2020-02-25T19:38:23Z"},"properties":{"provisioningState":"Succeeded"}}'
    headers:
      cache-control:
      - no-cache
      content-length:
      - '428'
      content-type:
      - application/json; charset=utf-8
      date:
      - Tue, 25 Feb 2020 19:38:26 GMT
      expires:
      - '-1'
      pragma:
      - no-cache
      strict-transport-security:
      - max-age=31536000; includeSubDomains
      vary:
      - Accept-Encoding
      x-content-type-options:
      - nosniff
    status:
      code: 200
      message: OK
- request:
    body: null
    headers:
      Accept:
      - '*/*'
      Accept-Charset:
      - utf-8
      Accept-Encoding:
      - gzip, deflate
      Connection:
      - keep-alive
      User-Agent:
      - python-requests/2.22.0
      return-client-request-id:
      - 'true'
      x-client-CPU:
      - x64
      x-client-OS:
      - darwin
      x-client-SKU:
      - Python
      x-client-Ver:
      - 1.2.2
    method: GET
    uri: https://login.windows.net/common/discovery/instance?authorization_endpoint=https%3A%2F%2Flogin.windows-ppe.net%2Ff686d426-8d16-42db-81b7-ab578e110ccd%2Foauth2%2Fauthorize&api-version=1.0
  response:
    body:
      string: '{"tenant_discovery_endpoint":"https://login.windows-ppe.net/f686d426-8d16-42db-81b7-ab578e110ccd/.well-known/openid-configuration"}'
    headers:
      access-control-allow-methods:
      - GET, OPTIONS
      access-control-allow-origin:
      - '*'
      cache-control:
      - private, max-age=86400
      content-length:
      - '131'
      content-type:
      - application/json; charset=utf-8
      date:
      - Tue, 25 Feb 2020 19:38:27 GMT
      p3p:
      - CP="DSP CUR OTPi IND OTRi ONL FIN"
      set-cookie:
      - fpc=AoSJKWzm2ihLjkIzkPNXTSk; expires=Thu, 26-Mar-2020 19:38:27 GMT; path=/;
        secure; HttpOnly; SameSite=None
      - esctx=AQABAAAAAABeAFzDwllzTYGDLh_qYbH8LJd2PXvApbJhuHs3rcrEq-Ned676iD3bnSaNvO9O0m_iXr6_LFcgXMgkc6QtVdG3UjR2azl9gnZ1oBmmHcBKIrFlh3HL07x8mHlBAhx5DuB54tJS-APTo1EN0SirrFPVx1LPPRh6r4Zp1A-hk_Y3n_Eig5yoHpDM-lG73kP9XrggAA;
        domain=.login.windows.net; path=/; secure; HttpOnly; SameSite=None
      - x-ms-gateway-slice=corp; path=/; SameSite=None; secure; HttpOnly
      - stsservicecookie=estscorp; path=/; SameSite=None; secure; HttpOnly
      strict-transport-security:
      - max-age=31536000; includeSubDomains
      x-content-type-options:
      - nosniff
      x-ms-ests-server:
      - 2.1.10104.13 - SAN ProdSlices
    status:
      code: 200
      message: OK
- request:
    body: '{"location": "westus", "sku": {"name": "Standard_Akamai"}}'
    headers:
      Accept:
      - application/json
      Accept-Encoding:
      - gzip, deflate
      CommandName:
      - cdn profile create
      Connection:
      - keep-alive
      Content-Length:
      - '58'
      Content-Type:
      - application/json; charset=utf-8
      ParameterSetName:
      - -g -n
      User-Agent:
      - python/3.7.6 (Darwin-19.2.0-x86_64-i386-64bit) msrest/0.6.10 msrest_azure/0.6.2
        azure-mgmt-cdn/4.1.0rc1 Azure-SDK-For-Python AZURECLI/2.0.81
      accept-language:
      - en-US
    method: PUT
    uri: https://management.azure.com/subscriptions/00000000-0000-0000-0000-000000000000/resourceGroups/clitest.rg000001/providers/Microsoft.Cdn/profiles/profile123?api-version=2019-06-15-preview
  response:
    body:
      string: "{\r\n  \"name\":\"profile123\",\"id\":\"/subscriptions/00000000-0000-0000-0000-000000000000/resourcegroups/clitest.rg000001/providers/Microsoft.Cdn/profiles/profile123\"\
        ,\"type\":\"Microsoft.Cdn/profiles\",\"tags\":{\r\n    \r\n  },\"location\"\
        :\"WestUs\",\"sku\":{\r\n    \"name\":\"Standard_Akamai\"\r\n  },\"properties\"\
        :{\r\n    \"provisioningState\":\"Creating\",\"resourceState\":\"Creating\"\
        \r\n  }\r\n}"
    headers:
      azure-asyncoperation:
      - https://management.azure.com/subscriptions/00000000-0000-0000-0000-000000000000/resourcegroups/clitest.rg000001/providers/Microsoft.Cdn/operationresults/f2b86975-cb0f-4404-a574-029f1c4645a2?api-version=2019-06-15-preview
      cache-control:
      - no-cache
      content-length:
      - '419'
      content-type:
      - application/json; odata.metadata=minimal
      date:
      - Tue, 25 Feb 2020 19:38:35 GMT
      expires:
      - '-1'
      odata-version:
      - '4.0'
      pragma:
      - no-cache
      server:
      - Microsoft-IIS/8.5
      strict-transport-security:
      - max-age=31536000; includeSubDomains
      x-aspnet-version:
      - 4.0.30319
      x-content-type-options:
      - nosniff
      x-ms-ratelimit-remaining-subscription-resource-requests:
      - '0'
      x-powered-by:
      - ASP.NET
    status:
      code: 201
      message: Created
- request:
    body: null
    headers:
      Accept:
      - '*/*'
      Accept-Charset:
      - utf-8
      Accept-Encoding:
      - gzip, deflate
      Connection:
      - keep-alive
      User-Agent:
      - python-requests/2.22.0
      return-client-request-id:
      - 'true'
      x-client-CPU:
      - x64
      x-client-OS:
      - darwin
      x-client-SKU:
      - Python
      x-client-Ver:
      - 1.2.2
    method: GET
    uri: https://login.windows.net/common/discovery/instance?authorization_endpoint=https%3A%2F%2Flogin.windows-ppe.net%2Ff686d426-8d16-42db-81b7-ab578e110ccd%2Foauth2%2Fauthorize&api-version=1.0
  response:
    body:
      string: '{"tenant_discovery_endpoint":"https://login.windows-ppe.net/f686d426-8d16-42db-81b7-ab578e110ccd/.well-known/openid-configuration"}'
    headers:
      access-control-allow-methods:
      - GET, OPTIONS
      access-control-allow-origin:
      - '*'
      cache-control:
      - private, max-age=86400
      content-length:
      - '131'
      content-type:
      - application/json; charset=utf-8
      date:
      - Tue, 25 Feb 2020 19:38:44 GMT
      p3p:
      - CP="DSP CUR OTPi IND OTRi ONL FIN"
      set-cookie:
      - fpc=AmctvSw20dFJnj4ehjnm6cI; expires=Thu, 26-Mar-2020 19:38:45 GMT; path=/;
        secure; HttpOnly; SameSite=None
      - esctx=AQABAAAAAABeAFzDwllzTYGDLh_qYbH8Tww1HmClxI8h_r9cRp7VH_FqGI8V-ttA9F6qmuYmJEKZUmawwjYGx-lGA67m8OgdmwpYyQE4l3mrls9Q8vOIt0hJqkeK_8J8O717KzGGDAYeSPmL9fW3UYLlBtHm4s8KpoXF8fp0xq6KyBJi05seRmX0PaBvDcT2izHJ6pACbBcgAA;
        domain=.login.windows.net; path=/; secure; HttpOnly; SameSite=None
      - x-ms-gateway-slice=corp; path=/; SameSite=None; secure; HttpOnly
      - stsservicecookie=estscorp; path=/; SameSite=None; secure; HttpOnly
      strict-transport-security:
      - max-age=31536000; includeSubDomains
      x-content-type-options:
      - nosniff
      x-ms-ests-server:
      - 2.1.10104.13 - SAN ProdSlices
    status:
      code: 200
      message: OK
- request:
    body: null
    headers:
      Accept:
      - application/json
      Accept-Encoding:
      - gzip, deflate
      CommandName:
      - cdn profile create
      Connection:
      - keep-alive
      ParameterSetName:
      - -g -n
      User-Agent:
      - python/3.7.6 (Darwin-19.2.0-x86_64-i386-64bit) msrest/0.6.10 msrest_azure/0.6.2
        azure-mgmt-cdn/4.1.0rc1 Azure-SDK-For-Python AZURECLI/2.0.81
    method: GET
    uri: https://management.azure.com/subscriptions/00000000-0000-0000-0000-000000000000/resourcegroups/clitest.rg000001/providers/Microsoft.Cdn/operationresults/f2b86975-cb0f-4404-a574-029f1c4645a2?api-version=2019-06-15-preview
  response:
    body:
      string: "{\r\n  \"status\":\"Succeeded\",\"error\":{\r\n    \"code\":\"None\"\
        ,\"message\":null\r\n  }\r\n}"
    headers:
      cache-control:
      - no-cache
      content-length:
      - '77'
      content-type:
      - application/json; odata.metadata=minimal
      date:
      - Tue, 25 Feb 2020 19:38:45 GMT
      expires:
      - '-1'
      odata-version:
      - '4.0'
      pragma:
      - no-cache
      server:
      - Microsoft-IIS/8.5
      strict-transport-security:
      - max-age=31536000; includeSubDomains
      transfer-encoding:
      - chunked
      vary:
      - Accept-Encoding
      x-aspnet-version:
      - 4.0.30319
      x-content-type-options:
      - nosniff
      x-powered-by:
      - ASP.NET
    status:
      code: 200
      message: OK
- request:
    body: null
    headers:
      Accept:
      - '*/*'
      Accept-Charset:
      - utf-8
      Accept-Encoding:
      - gzip, deflate
      Connection:
      - keep-alive
      User-Agent:
      - python-requests/2.22.0
      return-client-request-id:
      - 'true'
      x-client-CPU:
      - x64
      x-client-OS:
      - darwin
      x-client-SKU:
      - Python
      x-client-Ver:
      - 1.2.2
    method: GET
    uri: https://login.windows.net/common/discovery/instance?authorization_endpoint=https%3A%2F%2Flogin.windows-ppe.net%2Ff686d426-8d16-42db-81b7-ab578e110ccd%2Foauth2%2Fauthorize&api-version=1.0
  response:
    body:
      string: '{"tenant_discovery_endpoint":"https://login.windows-ppe.net/f686d426-8d16-42db-81b7-ab578e110ccd/.well-known/openid-configuration"}'
    headers:
      access-control-allow-methods:
      - GET, OPTIONS
      access-control-allow-origin:
      - '*'
      cache-control:
      - private, max-age=86400
      content-length:
      - '131'
      content-type:
      - application/json; charset=utf-8
      date:
      - Tue, 25 Feb 2020 19:38:45 GMT
      p3p:
      - CP="DSP CUR OTPi IND OTRi ONL FIN"
      set-cookie:
      - fpc=AvP2yF31he5CgQhoONbWQDE; expires=Thu, 26-Mar-2020 19:38:46 GMT; path=/;
        secure; HttpOnly; SameSite=None
      - esctx=AQABAAAAAABeAFzDwllzTYGDLh_qYbH8_rcIkpo6_Fg7CNtKqJ9bR5UkMWZkyscwiERBHhCGmW_fVAhxq1KPTG7kDPZVMK3ochQuVyrrayPHMSY81gORsAQLJj0Sk-om9pHyIRwn5NtVkGj_UvIdNuHuPGHcFu35yGP74w9YjoFSFbxBj0V2qAtMw630uptrfwh2zzWRUnogAA;
        domain=.login.windows.net; path=/; secure; HttpOnly; SameSite=None
      - x-ms-gateway-slice=corp; path=/; SameSite=None; secure; HttpOnly
      - stsservicecookie=estscorp; path=/; SameSite=None; secure; HttpOnly
      strict-transport-security:
      - max-age=31536000; includeSubDomains
      x-content-type-options:
      - nosniff
      x-ms-ests-server:
      - 2.1.10104.13 - SAN ProdSlices
    status:
      code: 200
      message: OK
- request:
    body: null
    headers:
      Accept:
      - application/json
      Accept-Encoding:
      - gzip, deflate
      CommandName:
      - cdn profile create
      Connection:
      - keep-alive
      ParameterSetName:
      - -g -n
      User-Agent:
      - python/3.7.6 (Darwin-19.2.0-x86_64-i386-64bit) msrest/0.6.10 msrest_azure/0.6.2
        azure-mgmt-cdn/4.1.0rc1 Azure-SDK-For-Python AZURECLI/2.0.81
    method: GET
    uri: https://management.azure.com/subscriptions/00000000-0000-0000-0000-000000000000/resourceGroups/clitest.rg000001/providers/Microsoft.Cdn/profiles/profile123?api-version=2019-06-15-preview
  response:
    body:
      string: "{\r\n  \"name\":\"profile123\",\"id\":\"/subscriptions/00000000-0000-0000-0000-000000000000/resourcegroups/clitest.rg000001/providers/Microsoft.Cdn/profiles/profile123\"\
        ,\"type\":\"Microsoft.Cdn/profiles\",\"tags\":{\r\n    \r\n  },\"location\"\
        :\"WestUs\",\"sku\":{\r\n    \"name\":\"Standard_Akamai\"\r\n  },\"properties\"\
        :{\r\n    \"provisioningState\":\"Succeeded\",\"resourceState\":\"Active\"\
        \r\n  }\r\n}"
    headers:
      cache-control:
      - no-cache
      content-length:
      - '418'
      content-type:
      - application/json; odata.metadata=minimal
      date:
      - Tue, 25 Feb 2020 19:38:47 GMT
      expires:
      - '-1'
      odata-version:
      - '4.0'
      pragma:
      - no-cache
      server:
      - Microsoft-IIS/8.5
      strict-transport-security:
      - max-age=31536000; includeSubDomains
      transfer-encoding:
      - chunked
      vary:
      - Accept-Encoding
      x-aspnet-version:
      - 4.0.30319
      x-content-type-options:
      - nosniff
      x-powered-by:
      - ASP.NET
    status:
      code: 200
      message: OK
- request:
    body: null
    headers:
      Accept:
      - '*/*'
      Accept-Charset:
      - utf-8
      Accept-Encoding:
      - gzip, deflate
      Connection:
      - keep-alive
      User-Agent:
      - python-requests/2.22.0
      return-client-request-id:
      - 'true'
      x-client-CPU:
      - x64
      x-client-OS:
      - darwin
      x-client-SKU:
      - Python
      x-client-Ver:
      - 1.2.2
    method: GET
    uri: https://login.windows.net/common/discovery/instance?authorization_endpoint=https%3A%2F%2Flogin.windows-ppe.net%2Ff686d426-8d16-42db-81b7-ab578e110ccd%2Foauth2%2Fauthorize&api-version=1.0
  response:
    body:
      string: '{"tenant_discovery_endpoint":"https://login.windows-ppe.net/f686d426-8d16-42db-81b7-ab578e110ccd/.well-known/openid-configuration"}'
    headers:
      access-control-allow-methods:
      - GET, OPTIONS
      access-control-allow-origin:
      - '*'
      cache-control:
      - private, max-age=86400
      content-length:
      - '131'
      content-type:
      - application/json; charset=utf-8
      date:
      - Tue, 25 Feb 2020 19:38:48 GMT
      p3p:
      - CP="DSP CUR OTPi IND OTRi ONL FIN"
      set-cookie:
      - fpc=ArCWOzBAE-VHrvGStbGIeCI; expires=Thu, 26-Mar-2020 19:38:49 GMT; path=/;
        secure; HttpOnly; SameSite=None
      - esctx=AQABAAAAAABeAFzDwllzTYGDLh_qYbH8rPJvLJs7btQSzWO68cUhdOYBvJK1CDIUhqLIc1wQWHdsoIaNtVeK2-_Wa7_jQdKnWKezwcmBVoszOIuI__k031KB7F180QPCcVP2lOCPw4bKkLziHow8hd80qnkFmGtMVTTfWFxSb_IsJ89HLHi6p1wchSHGgPJABFtAQjXbGeogAA;
        domain=.login.windows.net; path=/; secure; HttpOnly; SameSite=None
      - x-ms-gateway-slice=corp; path=/; SameSite=None; secure; HttpOnly
      - stsservicecookie=estscorp; path=/; SameSite=None; secure; HttpOnly
      strict-transport-security:
      - max-age=31536000; includeSubDomains
      x-content-type-options:
      - nosniff
      x-ms-ests-server:
      - 2.1.10104.13 - SAN ProdSlices
    status:
      code: 200
      message: OK
- request:
    body: null
    headers:
      Accept:
      - application/json
      Accept-Encoding:
      - gzip, deflate
      CommandName:
      - cdn endpoint create
      Connection:
      - keep-alive
      ParameterSetName:
      - -g -n --profile-name --origin
      User-Agent:
      - python/3.7.6 (Darwin-19.2.0-x86_64-i386-64bit) msrest/0.6.10 msrest_azure/0.6.2
        azure-mgmt-resource/8.0.1 Azure-SDK-For-Python AZURECLI/2.0.81
      accept-language:
      - en-US
    method: GET
    uri: https://management.azure.com/subscriptions/00000000-0000-0000-0000-000000000000/resourcegroups/clitest.rg000001?api-version=2019-07-01
  response:
    body:
      string: '{"id":"/subscriptions/00000000-0000-0000-0000-000000000000/resourceGroups/clitest.rg000001","name":"clitest.rg000001","type":"Microsoft.Resources/resourceGroups","location":"westus","tags":{"product":"azurecli","cause":"automation","date":"2020-02-25T19:38:23Z"},"properties":{"provisioningState":"Succeeded"}}'
    headers:
      cache-control:
      - no-cache
      content-length:
      - '428'
      content-type:
      - application/json; charset=utf-8
      date:
      - Tue, 25 Feb 2020 19:38:50 GMT
      expires:
      - '-1'
      pragma:
      - no-cache
      strict-transport-security:
      - max-age=31536000; includeSubDomains
      vary:
      - Accept-Encoding
      x-content-type-options:
      - nosniff
    status:
      code: 200
      message: OK
- request:
    body: null
    headers:
      Accept:
      - '*/*'
      Accept-Charset:
      - utf-8
      Accept-Encoding:
      - gzip, deflate
      Connection:
      - keep-alive
      User-Agent:
      - python-requests/2.22.0
      return-client-request-id:
      - 'true'
      x-client-CPU:
      - x64
      x-client-OS:
      - darwin
      x-client-SKU:
      - Python
      x-client-Ver:
      - 1.2.2
    method: GET
    uri: https://login.windows.net/common/discovery/instance?authorization_endpoint=https%3A%2F%2Flogin.windows-ppe.net%2Ff686d426-8d16-42db-81b7-ab578e110ccd%2Foauth2%2Fauthorize&api-version=1.0
  response:
    body:
      string: '{"tenant_discovery_endpoint":"https://login.windows-ppe.net/f686d426-8d16-42db-81b7-ab578e110ccd/.well-known/openid-configuration"}'
    headers:
      access-control-allow-methods:
      - GET, OPTIONS
      access-control-allow-origin:
      - '*'
      cache-control:
      - private, max-age=86400
      content-length:
      - '131'
      content-type:
      - application/json; charset=utf-8
      date:
      - Tue, 25 Feb 2020 19:38:49 GMT
      p3p:
      - CP="DSP CUR OTPi IND OTRi ONL FIN"
      set-cookie:
      - fpc=AqRL1nUwpx9DuppDh8So5ic; expires=Thu, 26-Mar-2020 19:38:50 GMT; path=/;
        secure; HttpOnly; SameSite=None
      - esctx=AQABAAAAAABeAFzDwllzTYGDLh_qYbH8vjbq4A2A2d5t0k3wlsdySSVLnDAwvaHybwA2_IY5l1sknkqNNfHvO72u8QhIrSlQV06-DjQuwQ7hqVW_ieWBjTpI0AIf6s7o6vdp_FNOA2TYG3M-3U4vizLx0a5TqwiKeMJRkjRrrVJGgVc87p_GSfr24h8jEWzue97cvW4VkdcgAA;
        domain=.login.windows.net; path=/; secure; HttpOnly; SameSite=None
      - x-ms-gateway-slice=corp; path=/; SameSite=None; secure; HttpOnly
      - stsservicecookie=estscorp; path=/; SameSite=None; secure; HttpOnly
      strict-transport-security:
      - max-age=31536000; includeSubDomains
      x-content-type-options:
      - nosniff
      x-ms-ests-server:
      - 2.1.10104.13 - SAN ProdSlices
    status:
      code: 200
      message: OK
- request:
    body: '{"location": "westus", "properties": {"isCompressionEnabled": false, "isHttpAllowed":
      true, "isHttpsAllowed": true, "origins": [{"name": "origin-0", "properties":
      {"hostName": "www.example.com", "httpPort": 80, "httpsPort": 443}}]}}'
    headers:
      Accept:
      - application/json
      Accept-Encoding:
      - gzip, deflate
      CommandName:
      - cdn endpoint create
      Connection:
      - keep-alive
      Content-Length:
      - '232'
      Content-Type:
      - application/json; charset=utf-8
      ParameterSetName:
      - -g -n --profile-name --origin
      User-Agent:
      - python/3.7.6 (Darwin-19.2.0-x86_64-i386-64bit) msrest/0.6.10 msrest_azure/0.6.2
        azure-mgmt-cdn/4.1.0rc1 Azure-SDK-For-Python AZURECLI/2.0.81
      accept-language:
      - en-US
    method: PUT
    uri: https://management.azure.com/subscriptions/00000000-0000-0000-0000-000000000000/resourceGroups/clitest.rg000001/providers/Microsoft.Cdn/profiles/profile123/endpoints/endpoint000002?api-version=2019-06-15-preview
  response:
    body:
      string: "{\r\n  \"name\":\"endpoint000002\",\"id\":\"/subscriptions/00000000-0000-0000-0000-000000000000/resourcegroups/clitest.rg000001/providers/Microsoft.Cdn/profiles/profile123/endpoints/endpoint000002\"\
        ,\"type\":\"Microsoft.Cdn/profiles/endpoints\",\"tags\":{\r\n    \r\n  },\"\
        location\":\"WestUs\",\"properties\":{\r\n    \"hostName\":\"endpoint000002.azureedge-test.net\"\
        ,\"originHostHeader\":null,\"provisioningState\":\"Creating\",\"resourceState\"\
        :\"Creating\",\"isHttpAllowed\":true,\"isHttpsAllowed\":true,\"queryStringCachingBehavior\"\
        :\"IgnoreQueryString\",\"originPath\":null,\"origins\":[\r\n      {\r\n  \
        \      \"name\":\"origin-0\",\"properties\":{\r\n          \"hostName\":\"\
        www.example.com\",\"httpPort\":80,\"httpsPort\":443\r\n        }\r\n     \
        \ }\r\n    ],\"customDomains\":[\r\n      \r\n    ],\"contentTypesToCompress\"\
        :[\r\n      \r\n    ],\"isCompressionEnabled\":false,\"optimizationType\"\
        :null,\"probePath\":null,\"geoFilters\":[\r\n      \r\n    ],\"deliveryPolicy\"\
        :null,\"webApplicationFirewallPolicyLink\":null\r\n  }\r\n}"
    headers:
      azure-asyncoperation:
      - https://management.azure.com/subscriptions/00000000-0000-0000-0000-000000000000/resourcegroups/clitest.rg000001/providers/Microsoft.Cdn/operationresults/08429eaa-0abb-4471-9834-fbd180e30c3a?api-version=2019-06-15-preview
      cache-control:
      - no-cache
      content-length:
      - '1023'
      content-type:
      - application/json; odata.metadata=minimal
      date:
      - Tue, 25 Feb 2020 19:38:56 GMT
      expires:
      - '-1'
      odata-version:
      - '4.0'
      pragma:
      - no-cache
      server:
      - Microsoft-IIS/8.5
      strict-transport-security:
      - max-age=31536000; includeSubDomains
      x-aspnet-version:
      - 4.0.30319
      x-content-type-options:
      - nosniff
      x-ms-ratelimit-remaining-subscription-resource-requests:
      - '1'
      x-powered-by:
      - ASP.NET
    status:
      code: 201
      message: Created
- request:
    body: null
    headers:
      Accept:
      - '*/*'
      Accept-Charset:
      - utf-8
      Accept-Encoding:
      - gzip, deflate
      Connection:
      - keep-alive
      User-Agent:
      - python-requests/2.22.0
      return-client-request-id:
      - 'true'
      x-client-CPU:
      - x64
      x-client-OS:
      - darwin
      x-client-SKU:
      - Python
      x-client-Ver:
      - 1.2.2
    method: GET
    uri: https://login.windows.net/common/discovery/instance?authorization_endpoint=https%3A%2F%2Flogin.windows-ppe.net%2Ff686d426-8d16-42db-81b7-ab578e110ccd%2Foauth2%2Fauthorize&api-version=1.0
  response:
    body:
      string: '{"tenant_discovery_endpoint":"https://login.windows-ppe.net/f686d426-8d16-42db-81b7-ab578e110ccd/.well-known/openid-configuration"}'
    headers:
      access-control-allow-methods:
      - GET, OPTIONS
      access-control-allow-origin:
      - '*'
      cache-control:
      - private, max-age=86400
      content-length:
      - '131'
      content-type:
      - application/json; charset=utf-8
      date:
      - Tue, 25 Feb 2020 19:39:05 GMT
      p3p:
      - CP="DSP CUR OTPi IND OTRi ONL FIN"
      set-cookie:
      - fpc=AtewL81mUVBBr3DCSdgf6y0; expires=Thu, 26-Mar-2020 19:39:06 GMT; path=/;
        secure; HttpOnly; SameSite=None
      - esctx=AQABAAAAAABeAFzDwllzTYGDLh_qYbH8VQR78RHZUsTpRuT0CVvmvtwrXHYUubYevpBwAm04M70HZIcJThYs522O6mnTJevcSKWeeV38Y_ORYcztWGQVlvneM9SVUgmdvI0VOv2K0SXy1PMsoIFZPadu8LXugTCycklVjVoe-BgMPoA_pg_hRjgf4IvjboMX8vSBD8-M94AgAA;
        domain=.login.windows.net; path=/; secure; HttpOnly; SameSite=None
      - x-ms-gateway-slice=corp; path=/; SameSite=None; secure; HttpOnly
      - stsservicecookie=estscorp; path=/; SameSite=None; secure; HttpOnly
      strict-transport-security:
      - max-age=31536000; includeSubDomains
      x-content-type-options:
      - nosniff
      x-ms-ests-server:
      - 2.1.10104.13 - WST ProdSlices
    status:
      code: 200
      message: OK
- request:
    body: null
    headers:
      Accept:
      - application/json
      Accept-Encoding:
      - gzip, deflate
      CommandName:
      - cdn endpoint create
      Connection:
      - keep-alive
      ParameterSetName:
      - -g -n --profile-name --origin
      User-Agent:
      - python/3.7.6 (Darwin-19.2.0-x86_64-i386-64bit) msrest/0.6.10 msrest_azure/0.6.2
        azure-mgmt-cdn/4.1.0rc1 Azure-SDK-For-Python AZURECLI/2.0.81
    method: GET
    uri: https://management.azure.com/subscriptions/00000000-0000-0000-0000-000000000000/resourcegroups/clitest.rg000001/providers/Microsoft.Cdn/operationresults/08429eaa-0abb-4471-9834-fbd180e30c3a?api-version=2019-06-15-preview
  response:
    body:
      string: "{\r\n  \"status\":\"InProgress\",\"error\":{\r\n    \"code\":\"None\"\
        ,\"message\":null\r\n  }\r\n}"
    headers:
      cache-control:
      - no-cache
      content-length:
      - '78'
      content-type:
      - application/json; odata.metadata=minimal
      date:
      - Tue, 25 Feb 2020 19:39:07 GMT
      expires:
      - '-1'
      odata-version:
      - '4.0'
      pragma:
      - no-cache
      server:
      - Microsoft-IIS/8.5
      strict-transport-security:
      - max-age=31536000; includeSubDomains
      transfer-encoding:
      - chunked
      vary:
      - Accept-Encoding
      x-aspnet-version:
      - 4.0.30319
      x-content-type-options:
      - nosniff
      x-powered-by:
      - ASP.NET
    status:
      code: 200
      message: OK
- request:
    body: null
    headers:
      Accept:
      - '*/*'
      Accept-Charset:
      - utf-8
      Accept-Encoding:
      - gzip, deflate
      Connection:
      - keep-alive
      User-Agent:
      - python-requests/2.22.0
      return-client-request-id:
      - 'true'
      x-client-CPU:
      - x64
      x-client-OS:
      - darwin
      x-client-SKU:
      - Python
      x-client-Ver:
      - 1.2.2
    method: GET
    uri: https://login.windows.net/common/discovery/instance?authorization_endpoint=https%3A%2F%2Flogin.windows-ppe.net%2Ff686d426-8d16-42db-81b7-ab578e110ccd%2Foauth2%2Fauthorize&api-version=1.0
  response:
    body:
      string: '{"tenant_discovery_endpoint":"https://login.windows-ppe.net/f686d426-8d16-42db-81b7-ab578e110ccd/.well-known/openid-configuration"}'
    headers:
      access-control-allow-methods:
      - GET, OPTIONS
      access-control-allow-origin:
      - '*'
      cache-control:
      - private, max-age=86400
      content-length:
      - '131'
      content-type:
      - application/json; charset=utf-8
      date:
      - Tue, 25 Feb 2020 19:39:36 GMT
      p3p:
      - CP="DSP CUR OTPi IND OTRi ONL FIN"
      set-cookie:
      - fpc=AlOdqmkdh5xGunBeVcopxTs; expires=Thu, 26-Mar-2020 19:39:37 GMT; path=/;
        secure; HttpOnly; SameSite=None
      - esctx=AQABAAAAAABeAFzDwllzTYGDLh_qYbH8igv_xiq5uLNS0l4s5-kQNG4g4B5zOZDhc9D4ytqtb1L82Wz73lTe_UsMQhcwZ2qLX_ZCERgiOnT8ZzQwcfn6BeE_1ZeWjpr8H2BjpngfdomYSjvgW9OttqlvA3H2dpCnQeDycv-BIm4K2UksPmCUIQePXV6bQOgXPEU-fNEfYbQgAA;
        domain=.login.windows.net; path=/; secure; HttpOnly; SameSite=None
      - x-ms-gateway-slice=corp; path=/; SameSite=None; secure; HttpOnly
      - stsservicecookie=estscorp; path=/; SameSite=None; secure; HttpOnly
      strict-transport-security:
      - max-age=31536000; includeSubDomains
      x-content-type-options:
      - nosniff
      x-ms-ests-server:
      - 2.1.10104.13 - WST ProdSlices
    status:
      code: 200
      message: OK
- request:
    body: null
    headers:
      Accept:
      - application/json
      Accept-Encoding:
      - gzip, deflate
      CommandName:
      - cdn endpoint create
      Connection:
      - keep-alive
      ParameterSetName:
      - -g -n --profile-name --origin
      User-Agent:
      - python/3.7.6 (Darwin-19.2.0-x86_64-i386-64bit) msrest/0.6.10 msrest_azure/0.6.2
        azure-mgmt-cdn/4.1.0rc1 Azure-SDK-For-Python AZURECLI/2.0.81
    method: GET
    uri: https://management.azure.com/subscriptions/00000000-0000-0000-0000-000000000000/resourcegroups/clitest.rg000001/providers/Microsoft.Cdn/operationresults/08429eaa-0abb-4471-9834-fbd180e30c3a?api-version=2019-06-15-preview
  response:
    body:
      string: "{\r\n  \"status\":\"Succeeded\",\"error\":{\r\n    \"code\":\"None\"\
        ,\"message\":null\r\n  }\r\n}"
    headers:
      cache-control:
      - no-cache
      content-length:
      - '77'
      content-type:
      - application/json; odata.metadata=minimal
      date:
      - Tue, 25 Feb 2020 19:39:37 GMT
      expires:
      - '-1'
      odata-version:
      - '4.0'
      pragma:
      - no-cache
      server:
      - Microsoft-IIS/8.5
      strict-transport-security:
      - max-age=31536000; includeSubDomains
      transfer-encoding:
      - chunked
      vary:
      - Accept-Encoding
      x-aspnet-version:
      - 4.0.30319
      x-content-type-options:
      - nosniff
      x-powered-by:
      - ASP.NET
    status:
      code: 200
      message: OK
- request:
    body: null
    headers:
      Accept:
      - '*/*'
      Accept-Charset:
      - utf-8
      Accept-Encoding:
      - gzip, deflate
      Connection:
      - keep-alive
      User-Agent:
      - python-requests/2.22.0
      return-client-request-id:
      - 'true'
      x-client-CPU:
      - x64
      x-client-OS:
      - darwin
      x-client-SKU:
      - Python
      x-client-Ver:
      - 1.2.2
    method: GET
    uri: https://login.windows.net/common/discovery/instance?authorization_endpoint=https%3A%2F%2Flogin.windows-ppe.net%2Ff686d426-8d16-42db-81b7-ab578e110ccd%2Foauth2%2Fauthorize&api-version=1.0
  response:
    body:
      string: '{"tenant_discovery_endpoint":"https://login.windows-ppe.net/f686d426-8d16-42db-81b7-ab578e110ccd/.well-known/openid-configuration"}'
    headers:
      access-control-allow-methods:
      - GET, OPTIONS
      access-control-allow-origin:
      - '*'
      cache-control:
      - private, max-age=86400
      content-length:
      - '131'
      content-type:
      - application/json; charset=utf-8
      date:
      - Tue, 25 Feb 2020 19:39:38 GMT
      p3p:
      - CP="DSP CUR OTPi IND OTRi ONL FIN"
      set-cookie:
      - fpc=AlgJxIpPAQVKqtl-IqxWr9A; expires=Thu, 26-Mar-2020 19:39:38 GMT; path=/;
        secure; HttpOnly; SameSite=None
      - esctx=AQABAAAAAABeAFzDwllzTYGDLh_qYbH8GufphMjo4Y4rA0AXT5dIRAQSAhjjYuNshc2PwNwpMTxdhH5SR13y0hRY3UdQnxM7DPqF12G7IVul6RKCyhm8HdYP1fbkDoDPWc11UM8OOZcCMPvBh8wZlEqgSPnVQClRrQnpaVSJe7RiuJxNmm8b1aigeo6tVg2BWgus0P13nWIgAA;
        domain=.login.windows.net; path=/; secure; HttpOnly; SameSite=None
      - x-ms-gateway-slice=corp; path=/; SameSite=None; secure; HttpOnly
      - stsservicecookie=estscorp; path=/; SameSite=None; secure; HttpOnly
      strict-transport-security:
      - max-age=31536000; includeSubDomains
      x-content-type-options:
      - nosniff
      x-ms-ests-server:
      - 2.1.10104.13 - SAN ProdSlices
    status:
      code: 200
      message: OK
- request:
    body: null
    headers:
      Accept:
      - application/json
      Accept-Encoding:
      - gzip, deflate
      CommandName:
      - cdn endpoint create
      Connection:
      - keep-alive
      ParameterSetName:
      - -g -n --profile-name --origin
      User-Agent:
      - python/3.7.6 (Darwin-19.2.0-x86_64-i386-64bit) msrest/0.6.10 msrest_azure/0.6.2
        azure-mgmt-cdn/4.1.0rc1 Azure-SDK-For-Python AZURECLI/2.0.81
    method: GET
    uri: https://management.azure.com/subscriptions/00000000-0000-0000-0000-000000000000/resourceGroups/clitest.rg000001/providers/Microsoft.Cdn/profiles/profile123/endpoints/endpoint000002?api-version=2019-06-15-preview
  response:
    body:
      string: "{\r\n  \"name\":\"endpoint000002\",\"id\":\"/subscriptions/00000000-0000-0000-0000-000000000000/resourcegroups/clitest.rg000001/providers/Microsoft.Cdn/profiles/profile123/endpoints/endpoint000002\"\
        ,\"type\":\"Microsoft.Cdn/profiles/endpoints\",\"tags\":{\r\n    \r\n  },\"\
        location\":\"WestUs\",\"properties\":{\r\n    \"hostName\":\"endpoint000002.azureedge-test.net\"\
        ,\"originHostHeader\":null,\"provisioningState\":\"Succeeded\",\"resourceState\"\
        :\"Running\",\"isHttpAllowed\":true,\"isHttpsAllowed\":true,\"queryStringCachingBehavior\"\
        :\"IgnoreQueryString\",\"originPath\":null,\"origins\":[\r\n      {\r\n  \
        \      \"name\":\"origin-0\",\"properties\":{\r\n          \"hostName\":\"\
        www.example.com\",\"httpPort\":80,\"httpsPort\":443\r\n        }\r\n     \
        \ }\r\n    ],\"customDomains\":[\r\n      \r\n    ],\"contentTypesToCompress\"\
        :[\r\n      \r\n    ],\"isCompressionEnabled\":false,\"optimizationType\"\
        :null,\"probePath\":null,\"geoFilters\":[\r\n      \r\n    ],\"deliveryPolicy\"\
        :null,\"webApplicationFirewallPolicyLink\":null\r\n  }\r\n}"
    headers:
      cache-control:
      - no-cache
      content-length:
      - '1023'
      content-type:
      - application/json; odata.metadata=minimal
      date:
      - Tue, 25 Feb 2020 19:39:39 GMT
      expires:
      - '-1'
      odata-version:
      - '4.0'
      pragma:
      - no-cache
      server:
      - Microsoft-IIS/8.5
      strict-transport-security:
      - max-age=31536000; includeSubDomains
      transfer-encoding:
      - chunked
      vary:
      - Accept-Encoding
      x-aspnet-version:
      - 4.0.30319
      x-content-type-options:
      - nosniff
      x-powered-by:
      - ASP.NET
    status:
      code: 200
      message: OK
- request:
    body: null
    headers:
      Accept:
      - '*/*'
      Accept-Charset:
      - utf-8
      Accept-Encoding:
      - gzip, deflate
      Connection:
      - keep-alive
      User-Agent:
      - python-requests/2.22.0
      return-client-request-id:
      - 'true'
      x-client-CPU:
      - x64
      x-client-OS:
      - darwin
      x-client-SKU:
      - Python
      x-client-Ver:
      - 1.2.2
    method: GET
    uri: https://login.windows.net/common/discovery/instance?authorization_endpoint=https%3A%2F%2Flogin.windows-ppe.net%2Ff686d426-8d16-42db-81b7-ab578e110ccd%2Foauth2%2Fauthorize&api-version=1.0
  response:
    body:
      string: '{"tenant_discovery_endpoint":"https://login.windows-ppe.net/f686d426-8d16-42db-81b7-ab578e110ccd/.well-known/openid-configuration"}'
    headers:
      access-control-allow-methods:
      - GET, OPTIONS
      access-control-allow-origin:
      - '*'
      cache-control:
      - private, max-age=86400
      content-length:
      - '131'
      content-type:
      - application/json; charset=utf-8
      date:
      - Tue, 25 Feb 2020 19:39:39 GMT
      p3p:
      - CP="DSP CUR OTPi IND OTRi ONL FIN"
      set-cookie:
      - fpc=AhlMPr0xFwpEvWTvFk1Yzrc; expires=Thu, 26-Mar-2020 19:39:40 GMT; path=/;
        secure; HttpOnly; SameSite=None
      - esctx=AQABAAAAAABeAFzDwllzTYGDLh_qYbH8hUsxphshT7d8o8VAB6VmD_MLBfkjQthSFAb83a3H-LQ0hMahLbYCK3hQLEhzUfHFxlvXjdMFdl92J55SSYtcdhduMcCqCJN6K11nqoh7-e-20oMAyn7vVO9cH-r5BohyU2h8RKyXf7xqMfeKkrrWBEQvQx4gc3As7IZxj1-4SDsgAA;
        domain=.login.windows.net; path=/; secure; HttpOnly; SameSite=None
      - x-ms-gateway-slice=corp; path=/; SameSite=None; secure; HttpOnly
      - stsservicecookie=estscorp; path=/; SameSite=None; secure; HttpOnly
      strict-transport-security:
      - max-age=31536000; includeSubDomains
      x-content-type-options:
      - nosniff
      x-ms-ests-server:
      - 2.1.10104.13 - SAN ProdSlices
    status:
      code: 200
      message: OK
- request:
    body: null
    headers:
      Accept:
      - application/json
      Accept-Encoding:
      - gzip, deflate
      CommandName:
      - cdn origin list
      Connection:
      - keep-alive
      ParameterSetName:
      - -g --endpoint-name --profile-name
      User-Agent:
      - python/3.7.6 (Darwin-19.2.0-x86_64-i386-64bit) msrest/0.6.10 msrest_azure/0.6.2
        azure-mgmt-cdn/4.1.0rc1 Azure-SDK-For-Python AZURECLI/2.0.81
      accept-language:
      - en-US
    method: GET
    uri: https://management.azure.com/subscriptions/00000000-0000-0000-0000-000000000000/resourceGroups/clitest.rg000001/providers/Microsoft.Cdn/profiles/profile123/endpoints/endpoint000002/origins?api-version=2019-06-15-preview
  response:
    body:
      string: "{\r\n  \"value\":[\r\n    {\r\n      \"name\":\"origin-0\",\"id\":\"\
        /subscriptions/00000000-0000-0000-0000-000000000000/resourcegroups/clitest.rg000001/providers/Microsoft.Cdn/profiles/profile123/endpoints/endpoint000002/origins/origin-0\"\
        ,\"type\":\"Microsoft.Cdn/profiles/endpoints/origins\",\"properties\":{\r\n\
        \        \"provisioningState\":\"Succeeded\",\"resourceState\":\"Active\"\
        ,\"hostName\":\"www.example.com\",\"httpPort\":80,\"httpsPort\":443\r\n  \
        \    }\r\n    }\r\n  ]\r\n}"
    headers:
      cache-control:
      - no-cache
      content-length:
      - '506'
      content-type:
      - application/json; odata.metadata=minimal
      date:
      - Tue, 25 Feb 2020 19:39:41 GMT
      expires:
      - '-1'
      odata-version:
      - '4.0'
      pragma:
      - no-cache
      server:
      - Microsoft-IIS/8.5
      strict-transport-security:
      - max-age=31536000; includeSubDomains
      transfer-encoding:
      - chunked
      vary:
      - Accept-Encoding
      x-aspnet-version:
      - 4.0.30319
      x-content-type-options:
      - nosniff
      x-powered-by:
      - ASP.NET
    status:
      code: 200
      message: OK
- request:
    body: null
    headers:
      Accept:
      - '*/*'
      Accept-Charset:
      - utf-8
      Accept-Encoding:
      - gzip, deflate
      Connection:
      - keep-alive
      User-Agent:
      - python-requests/2.22.0
      return-client-request-id:
      - 'true'
      x-client-CPU:
      - x64
      x-client-OS:
      - darwin
      x-client-SKU:
      - Python
      x-client-Ver:
      - 1.2.2
    method: GET
    uri: https://login.windows.net/common/discovery/instance?authorization_endpoint=https%3A%2F%2Flogin.windows-ppe.net%2Ff686d426-8d16-42db-81b7-ab578e110ccd%2Foauth2%2Fauthorize&api-version=1.0
  response:
    body:
      string: '{"tenant_discovery_endpoint":"https://login.windows-ppe.net/f686d426-8d16-42db-81b7-ab578e110ccd/.well-known/openid-configuration"}'
    headers:
      access-control-allow-methods:
      - GET, OPTIONS
      access-control-allow-origin:
      - '*'
      cache-control:
      - private, max-age=86400
      content-length:
      - '131'
      content-type:
      - application/json; charset=utf-8
      date:
      - Tue, 25 Feb 2020 19:39:41 GMT
      p3p:
      - CP="DSP CUR OTPi IND OTRi ONL FIN"
      set-cookie:
      - fpc=Ah2YwbegDbtHjqiTzT0gnKk; expires=Thu, 26-Mar-2020 19:39:42 GMT; path=/;
        secure; HttpOnly; SameSite=None
      - esctx=AQABAAAAAABeAFzDwllzTYGDLh_qYbH8HOhkddgMrfjEOPvTkWsU6QjYpRf053SycAwK06UZwgYZzIiLY8OMXlC85F0VyctcRWiBu_ozKfuHp97fZcTPVIPmmENwJr9tbqoMe9h8f3CuJb1Tc1T4pdemXWU36K_UjmpxCRv-newj4WOL3GLo2uP3c43tBfj7OVWTh_REd6EgAA;
        domain=.login.windows.net; path=/; secure; HttpOnly; SameSite=None
      - x-ms-gateway-slice=corp; path=/; SameSite=None; secure; HttpOnly
      - stsservicecookie=estscorp; path=/; SameSite=None; secure; HttpOnly
      strict-transport-security:
      - max-age=31536000; includeSubDomains
      x-content-type-options:
      - nosniff
      x-ms-ests-server:
      - 2.1.10104.13 - SAN ProdSlices
    status:
      code: 200
      message: OK
- request:
    body: null
    headers:
      Accept:
      - application/json
      Accept-Encoding:
      - gzip, deflate
      CommandName:
      - cdn origin show
      Connection:
      - keep-alive
      ParameterSetName:
      - -g -n --endpoint-name --profile-name
      User-Agent:
      - python/3.7.6 (Darwin-19.2.0-x86_64-i386-64bit) msrest/0.6.10 msrest_azure/0.6.2
        azure-mgmt-cdn/4.1.0rc1 Azure-SDK-For-Python AZURECLI/2.0.81
      accept-language:
      - en-US
    method: GET
    uri: https://management.azure.com/subscriptions/00000000-0000-0000-0000-000000000000/resourceGroups/clitest.rg000001/providers/Microsoft.Cdn/profiles/profile123/endpoints/endpoint000002/origins/origin-0?api-version=2019-06-15-preview
  response:
    body:
      string: "{\r\n  \"name\":\"origin-0\",\"id\":\"/subscriptions/00000000-0000-0000-0000-000000000000/resourcegroups/clitest.rg000001/providers/Microsoft.Cdn/profiles/profile123/endpoints/endpoint000002/origins/origin-0\"\
        ,\"type\":\"Microsoft.Cdn/profiles/endpoints/origins\",\"properties\":{\r\n\
        \    \"provisioningState\":\"Succeeded\",\"resourceState\":\"Active\",\"hostName\"\
        :\"www.example.com\",\"httpPort\":80,\"httpsPort\":443\r\n  }\r\n}"
    headers:
      cache-control:
      - no-cache
      content-length:
      - '462'
      content-type:
      - application/json; odata.metadata=minimal
      date:
      - Tue, 25 Feb 2020 19:39:43 GMT
      expires:
      - '-1'
      odata-version:
      - '4.0'
      pragma:
      - no-cache
      server:
      - Microsoft-IIS/8.5
      strict-transport-security:
      - max-age=31536000; includeSubDomains
      transfer-encoding:
      - chunked
      vary:
      - Accept-Encoding
      x-aspnet-version:
      - 4.0.30319
      x-content-type-options:
      - nosniff
      x-powered-by:
      - ASP.NET
    status:
      code: 200
      message: OK
version: 1
