interactions:
- request:
    body: null
    headers:
      Accept:
      - application/json
      Accept-Encoding:
      - gzip, deflate
      CommandName:
      - cdn profile create
      Connection:
      - keep-alive
      ParameterSetName:
      - -g -n
      User-Agent:
      - python/3.7.9 (Windows-10-10.0.19041-SP0) msrest/0.6.21 msrest_azure/0.6.3
        azure-mgmt-resource/12.0.0 Azure-SDK-For-Python AZURECLI/2.21.0
      accept-language:
      - en-US
    method: GET
    uri: https://management.azure.com/subscriptions/00000000-0000-0000-0000-000000000000/resourcegroups/clitest.rg000001?api-version=2020-10-01
  response:
    body:
      string: '{"id":"/subscriptions/00000000-0000-0000-0000-000000000000/resourceGroups/clitest.rg000001","name":"clitest.rg000001","type":"Microsoft.Resources/resourceGroups","location":"westus","tags":{"product":"azurecli","cause":"automation","date":"2021-04-02T10:28:17Z"},"properties":{"provisioningState":"Succeeded"}}'
    headers:
      cache-control:
      - no-cache
      content-length:
      - '428'
      content-type:
      - application/json; charset=utf-8
      date:
      - Fri, 02 Apr 2021 10:28:18 GMT
      expires:
      - '-1'
      pragma:
      - no-cache
      strict-transport-security:
      - max-age=31536000; includeSubDomains
      vary:
      - Accept-Encoding
      x-content-type-options:
      - nosniff
    status:
      code: 200
      message: OK
- request:
    body: '{"location": "westus", "sku": {"name": "Standard_Akamai"}}'
    headers:
      Accept:
      - application/json
      Accept-Encoding:
      - gzip, deflate
      CommandName:
      - cdn profile create
      Connection:
      - keep-alive
      Content-Length:
      - '58'
      Content-Type:
      - application/json
      ParameterSetName:
      - -g -n
      User-Agent:
      - AZURECLI/2.21.0 azsdk-python-mgmt-cdn/11.0.0 Python/3.7.9 (Windows-10-10.0.19041-SP0)
    method: PUT
    uri: https://management.azure.com/subscriptions/00000000-0000-0000-0000-000000000000/resourceGroups/clitest.rg000001/providers/Microsoft.Cdn/profiles/profile123?api-version=2020-09-01
  response:
    body:
      string: '{"id":"/subscriptions/00000000-0000-0000-0000-000000000000/resourcegroups/clitest.rg000001/providers/Microsoft.Cdn/profiles/profile123","type":"Microsoft.Cdn/profiles","name":"profile123","location":"WestUs","kind":"cdn","tags":{},"sku":{"name":"Standard_Akamai"},"properties":{"resourceState":"Creating","provisioningState":"Creating"}}'
    headers:
      azure-asyncoperation:
      - https://management.azure.com/subscriptions/00000000-0000-0000-0000-000000000000/resourcegroups/clitest.rg000001/providers/Microsoft.Cdn/operationresults/35f015fc-fc6d-42fb-8aca-99cb6c4dd852?api-version=2020-09-01
      cache-control:
      - no-cache
      content-length:
      - '396'
      content-type:
      - application/json; charset=utf-8
      date:
      - Fri, 02 Apr 2021 10:28:25 GMT
      expires:
      - '-1'
      pragma:
      - no-cache
      server:
      - Kestrel
      strict-transport-security:
      - max-age=31536000; includeSubDomains
      x-content-type-options:
      - nosniff
      x-ms-ratelimit-remaining-subscription-resource-requests:
      - '23'
    status:
      code: 201
      message: Created
- request:
    body: null
    headers:
      Accept:
      - '*/*'
      Accept-Encoding:
      - gzip, deflate
      CommandName:
      - cdn profile create
      Connection:
      - keep-alive
      ParameterSetName:
      - -g -n
      User-Agent:
      - AZURECLI/2.21.0 azsdk-python-mgmt-cdn/11.0.0 Python/3.7.9 (Windows-10-10.0.19041-SP0)
    method: GET
    uri: https://management.azure.com/subscriptions/00000000-0000-0000-0000-000000000000/resourcegroups/clitest.rg000001/providers/Microsoft.Cdn/operationresults/35f015fc-fc6d-42fb-8aca-99cb6c4dd852?api-version=2020-09-01
  response:
    body:
      string: '{"status":"Succeeded","error":{"code":"None","message":null}}'
    headers:
      cache-control:
      - no-cache
      content-length:
      - '61'
      content-type:
      - application/json; charset=utf-8
      date:
      - Fri, 02 Apr 2021 10:28:35 GMT
      expires:
      - '-1'
      pragma:
      - no-cache
      server:
      - Kestrel
      strict-transport-security:
      - max-age=31536000; includeSubDomains
      transfer-encoding:
      - chunked
      vary:
      - Accept-Encoding
      x-content-type-options:
      - nosniff
    status:
      code: 200
      message: OK
- request:
    body: null
    headers:
      Accept:
      - '*/*'
      Accept-Encoding:
      - gzip, deflate
      CommandName:
      - cdn profile create
      Connection:
      - keep-alive
      ParameterSetName:
      - -g -n
      User-Agent:
      - AZURECLI/2.21.0 azsdk-python-mgmt-cdn/11.0.0 Python/3.7.9 (Windows-10-10.0.19041-SP0)
    method: GET
    uri: https://management.azure.com/subscriptions/00000000-0000-0000-0000-000000000000/resourceGroups/clitest.rg000001/providers/Microsoft.Cdn/profiles/profile123?api-version=2020-09-01
  response:
    body:
      string: '{"id":"/subscriptions/00000000-0000-0000-0000-000000000000/resourcegroups/clitest.rg000001/providers/Microsoft.Cdn/profiles/profile123","type":"Microsoft.Cdn/profiles","name":"profile123","location":"WestUs","kind":"cdn","tags":{},"sku":{"name":"Standard_Akamai"},"properties":{"resourceState":"Active","provisioningState":"Succeeded"}}'
    headers:
      cache-control:
      - no-cache
      content-length:
      - '395'
      content-type:
      - application/json; charset=utf-8
      date:
      - Fri, 02 Apr 2021 10:28:35 GMT
      expires:
      - '-1'
      pragma:
      - no-cache
      server:
      - Kestrel
      strict-transport-security:
      - max-age=31536000; includeSubDomains
      transfer-encoding:
      - chunked
      vary:
      - Accept-Encoding
      x-content-type-options:
      - nosniff
      x-ms-ratelimit-remaining-subscription-resource-requests:
      - '48'
    status:
      code: 200
      message: OK
- request:
    body: null
    headers:
      Accept:
      - application/json
      Accept-Encoding:
      - gzip, deflate
      CommandName:
      - cdn endpoint create
      Connection:
      - keep-alive
      ParameterSetName:
      - -g -n --profile-name --origin
      User-Agent:
      - python/3.7.9 (Windows-10-10.0.19041-SP0) msrest/0.6.21 msrest_azure/0.6.3
        azure-mgmt-resource/12.0.0 Azure-SDK-For-Python AZURECLI/2.21.0
      accept-language:
      - en-US
    method: GET
    uri: https://management.azure.com/subscriptions/00000000-0000-0000-0000-000000000000/resourcegroups/clitest.rg000001?api-version=2020-10-01
  response:
    body:
      string: '{"id":"/subscriptions/00000000-0000-0000-0000-000000000000/resourceGroups/clitest.rg000001","name":"clitest.rg000001","type":"Microsoft.Resources/resourceGroups","location":"westus","tags":{"product":"azurecli","cause":"automation","date":"2021-04-02T10:28:17Z"},"properties":{"provisioningState":"Succeeded"}}'
    headers:
      cache-control:
      - no-cache
      content-length:
      - '428'
      content-type:
      - application/json; charset=utf-8
      date:
      - Fri, 02 Apr 2021 10:28:36 GMT
      expires:
      - '-1'
      pragma:
      - no-cache
      strict-transport-security:
      - max-age=31536000; includeSubDomains
      vary:
      - Accept-Encoding
      x-content-type-options:
      - nosniff
    status:
      code: 200
      message: OK
- request:
    body: '{"location": "westus", "properties": {"isCompressionEnabled": false, "isHttpAllowed":
      true, "isHttpsAllowed": true, "origins": [{"name": "origin-0", "properties":
      {"hostName": "www.example.com", "httpPort": 80, "httpsPort": 443}}]}}'
    headers:
      Accept:
      - application/json
      Accept-Encoding:
      - gzip, deflate
      CommandName:
      - cdn endpoint create
      Connection:
      - keep-alive
      Content-Length:
      - '232'
      Content-Type:
      - application/json
      ParameterSetName:
      - -g -n --profile-name --origin
      User-Agent:
      - AZURECLI/2.21.0 azsdk-python-mgmt-cdn/11.0.0 Python/3.7.9 (Windows-10-10.0.19041-SP0)
    method: PUT
    uri: https://management.azure.com/subscriptions/00000000-0000-0000-0000-000000000000/resourceGroups/clitest.rg000001/providers/Microsoft.Cdn/profiles/profile123/endpoints/endpoint000002?api-version=2020-09-01
  response:
    body:
      string: '{"id":"/subscriptions/00000000-0000-0000-0000-000000000000/resourcegroups/clitest.rg000001/providers/Microsoft.Cdn/profiles/profile123/endpoints/endpoint000002","type":"Microsoft.Cdn/profiles/endpoints","name":"endpoint000002","location":"WestUs","tags":{},"properties":{"hostName":"endpoint000002.azureedge.net","originHostHeader":null,"originPath":null,"contentTypesToCompress":[],"isCompressionEnabled":false,"isHttpAllowed":true,"isHttpsAllowed":true,"queryStringCachingBehavior":"IgnoreQueryString","optimizationType":null,"probePath":null,"origins":[{"name":"origin-0","properties":{"hostName":"www.example.com","httpPort":80,"httpsPort":443,"originHostHeader":null,"priority":null,"weight":null,"enabled":true,"privateLinkAlias":null,"privateLinkResourceId":null,"privateLinkLocation":null,"privateEndpointStatus":null,"privateLinkApprovalMessage":null}}],"originGroups":[],"defaultOriginGroup":null,"customDomains":[],"geoFilters":[],"deliveryPolicy":null,"urlSigningKeys":null,"webApplicationFirewallPolicyLink":null,"resourceState":"Creating","provisioningState":"Creating"}}'
    headers:
      azure-asyncoperation:
      - https://management.azure.com/subscriptions/00000000-0000-0000-0000-000000000000/resourcegroups/clitest.rg000001/providers/Microsoft.Cdn/operationresults/5887f6a9-d89a-444d-a789-34205f15398c?api-version=2020-09-01
      cache-control:
      - no-cache
      content-length:
      - '1174'
      content-type:
      - application/json; charset=utf-8
      date:
      - Fri, 02 Apr 2021 10:28:44 GMT
      expires:
      - '-1'
      pragma:
      - no-cache
      server:
      - Kestrel
      strict-transport-security:
      - max-age=31536000; includeSubDomains
      x-content-type-options:
      - nosniff
      x-ms-ratelimit-remaining-subscription-resource-requests:
      - '99'
    status:
      code: 201
      message: Created
- request:
    body: null
    headers:
      Accept:
      - '*/*'
      Accept-Encoding:
      - gzip, deflate
      CommandName:
      - cdn endpoint create
      Connection:
      - keep-alive
      ParameterSetName:
      - -g -n --profile-name --origin
      User-Agent:
      - AZURECLI/2.21.0 azsdk-python-mgmt-cdn/11.0.0 Python/3.7.9 (Windows-10-10.0.19041-SP0)
    method: GET
    uri: https://management.azure.com/subscriptions/00000000-0000-0000-0000-000000000000/resourcegroups/clitest.rg000001/providers/Microsoft.Cdn/operationresults/5887f6a9-d89a-444d-a789-34205f15398c?api-version=2020-09-01
  response:
    body:
      string: '{"status":"InProgress","error":{"code":"None","message":null}}'
    headers:
      cache-control:
      - no-cache
      content-length:
      - '62'
      content-type:
      - application/json; charset=utf-8
      date:
      - Fri, 02 Apr 2021 10:28:55 GMT
      expires:
      - '-1'
      pragma:
      - no-cache
      server:
      - Kestrel
      strict-transport-security:
      - max-age=31536000; includeSubDomains
      transfer-encoding:
      - chunked
      vary:
      - Accept-Encoding
      x-content-type-options:
      - nosniff
    status:
      code: 200
      message: OK
- request:
    body: null
    headers:
      Accept:
      - '*/*'
      Accept-Encoding:
      - gzip, deflate
      CommandName:
      - cdn endpoint create
      Connection:
      - keep-alive
      ParameterSetName:
      - -g -n --profile-name --origin
      User-Agent:
      - AZURECLI/2.21.0 azsdk-python-mgmt-cdn/11.0.0 Python/3.7.9 (Windows-10-10.0.19041-SP0)
    method: GET
    uri: https://management.azure.com/subscriptions/00000000-0000-0000-0000-000000000000/resourcegroups/clitest.rg000001/providers/Microsoft.Cdn/operationresults/5887f6a9-d89a-444d-a789-34205f15398c?api-version=2020-09-01
  response:
    body:
      string: '{"status":"Succeeded","error":{"code":"None","message":null}}'
    headers:
      cache-control:
      - no-cache
      content-length:
      - '61'
      content-type:
      - application/json; charset=utf-8
      date:
      - Fri, 02 Apr 2021 10:29:25 GMT
      expires:
      - '-1'
      pragma:
      - no-cache
      server:
      - Kestrel
      strict-transport-security:
      - max-age=31536000; includeSubDomains
      transfer-encoding:
      - chunked
      vary:
      - Accept-Encoding
      x-content-type-options:
      - nosniff
    status:
      code: 200
      message: OK
- request:
    body: null
    headers:
      Accept:
      - '*/*'
      Accept-Encoding:
      - gzip, deflate
      CommandName:
      - cdn endpoint create
      Connection:
      - keep-alive
      ParameterSetName:
      - -g -n --profile-name --origin
      User-Agent:
      - AZURECLI/2.21.0 azsdk-python-mgmt-cdn/11.0.0 Python/3.7.9 (Windows-10-10.0.19041-SP0)
    method: GET
    uri: https://management.azure.com/subscriptions/00000000-0000-0000-0000-000000000000/resourceGroups/clitest.rg000001/providers/Microsoft.Cdn/profiles/profile123/endpoints/endpoint000002?api-version=2020-09-01
  response:
    body:
      string: '{"id":"/subscriptions/00000000-0000-0000-0000-000000000000/resourcegroups/clitest.rg000001/providers/Microsoft.Cdn/profiles/profile123/endpoints/endpoint000002","type":"Microsoft.Cdn/profiles/endpoints","name":"endpoint000002","location":"WestUs","tags":{},"properties":{"hostName":"endpoint000002.azureedge.net","originHostHeader":null,"originPath":null,"contentTypesToCompress":[],"isCompressionEnabled":false,"isHttpAllowed":true,"isHttpsAllowed":true,"queryStringCachingBehavior":"IgnoreQueryString","optimizationType":null,"probePath":null,"origins":[{"name":"origin-0","properties":{"hostName":"www.example.com","httpPort":80,"httpsPort":443,"originHostHeader":null,"priority":null,"weight":null,"enabled":true,"privateLinkAlias":null,"privateLinkResourceId":null,"privateLinkLocation":null,"privateEndpointStatus":null,"privateLinkApprovalMessage":null}}],"originGroups":[],"defaultOriginGroup":null,"customDomains":[],"geoFilters":[],"deliveryPolicy":null,"urlSigningKeys":[],"webApplicationFirewallPolicyLink":null,"resourceState":"Running","provisioningState":"Succeeded"}}'
    headers:
      cache-control:
      - no-cache
      content-length:
      - '1172'
      content-type:
      - application/json; charset=utf-8
      date:
      - Fri, 02 Apr 2021 10:29:26 GMT
      expires:
      - '-1'
      pragma:
      - no-cache
      server:
      - Kestrel
      strict-transport-security:
      - max-age=31536000; includeSubDomains
      transfer-encoding:
      - chunked
      vary:
      - Accept-Encoding
      x-content-type-options:
      - nosniff
      x-ms-ratelimit-remaining-subscription-resource-requests:
      - '49'
    status:
      code: 200
      message: OK
- request:
    body: null
    headers:
      Accept:
      - application/json
      Accept-Encoding:
      - gzip, deflate
      CommandName:
      - cdn endpoint stop
      Connection:
      - keep-alive
      Content-Length:
      - '0'
      ParameterSetName:
      - -g -n --profile-name
      User-Agent:
      - AZURECLI/2.21.0 azsdk-python-mgmt-cdn/11.0.0 Python/3.7.9 (Windows-10-10.0.19041-SP0)
    method: POST
    uri: https://management.azure.com/subscriptions/00000000-0000-0000-0000-000000000000/resourceGroups/clitest.rg000001/providers/Microsoft.Cdn/profiles/profile123/endpoints/endpoint000002/stop?api-version=2020-09-01
  response:
    body:
      string: '{"id":"/subscriptions/00000000-0000-0000-0000-000000000000/resourcegroups/clitest.rg000001/providers/Microsoft.Cdn/profiles/profile123/endpoints/endpoint000002","type":"Microsoft.Cdn/profiles/endpoints","name":"endpoint000002","location":"WestUs","tags":{},"properties":{"hostName":"endpoint000002.azureedge.net","originHostHeader":null,"originPath":null,"contentTypesToCompress":[],"isCompressionEnabled":false,"isHttpAllowed":true,"isHttpsAllowed":true,"queryStringCachingBehavior":"IgnoreQueryString","optimizationType":null,"probePath":null,"origins":[{"name":"origin-0","properties":{"hostName":"www.example.com","httpPort":80,"httpsPort":443,"originHostHeader":null,"priority":null,"weight":null,"enabled":true,"privateLinkAlias":null,"privateLinkResourceId":null,"privateLinkLocation":null,"privateEndpointStatus":null,"privateLinkApprovalMessage":null}}],"originGroups":[],"defaultOriginGroup":null,"customDomains":[],"geoFilters":[],"deliveryPolicy":null,"urlSigningKeys":[],"webApplicationFirewallPolicyLink":null,"resourceState":"Stopping","provisioningState":"Succeeded"}}'
    headers:
      azure-asyncoperation:
      - https://management.azure.com/subscriptions/00000000-0000-0000-0000-000000000000/resourcegroups/clitest.rg000001/providers/Microsoft.Cdn/operationresults/9cbc4d0a-5785-4762-98f6-9808a6cd11dd?api-version=2020-09-01
      cache-control:
      - no-cache
      content-length:
      - '1173'
      content-type:
      - application/json; charset=utf-8
      date:
      - Fri, 02 Apr 2021 10:29:27 GMT
      expires:
      - '-1'
      location:
      - https://management.azure.com/subscriptions/00000000-0000-0000-0000-000000000000/resourcegroups/clitest.rg000001/providers/Microsoft.Cdn/operationresults/9cbc4d0a-5785-4762-98f6-9808a6cd11dd/profileresults/profile123/endpointresults/endpoint000002?api-version=2020-09-01
      pragma:
      - no-cache
      server:
      - Kestrel
      strict-transport-security:
      - max-age=31536000; includeSubDomains
      x-content-type-options:
      - nosniff
      x-ms-ratelimit-remaining-subscription-resource-requests:
      - '49'
    status:
      code: 202
      message: Accepted
- request:
    body: null
    headers:
      Accept:
      - '*/*'
      Accept-Encoding:
      - gzip, deflate
      CommandName:
      - cdn endpoint stop
      Connection:
      - keep-alive
      ParameterSetName:
      - -g -n --profile-name
      User-Agent:
      - AZURECLI/2.21.0 azsdk-python-mgmt-cdn/11.0.0 Python/3.7.9 (Windows-10-10.0.19041-SP0)
    method: GET
    uri: https://management.azure.com/subscriptions/00000000-0000-0000-0000-000000000000/resourcegroups/clitest.rg000001/providers/Microsoft.Cdn/operationresults/9cbc4d0a-5785-4762-98f6-9808a6cd11dd?api-version=2020-09-01
  response:
    body:
      string: '{"status":"InProgress","error":{"code":"None","message":null}}'
    headers:
      cache-control:
      - no-cache
      content-length:
      - '62'
      content-type:
      - application/json; charset=utf-8
      date:
      - Fri, 02 Apr 2021 10:29:38 GMT
      expires:
      - '-1'
      pragma:
      - no-cache
      server:
      - Kestrel
      strict-transport-security:
      - max-age=31536000; includeSubDomains
      transfer-encoding:
      - chunked
      vary:
      - Accept-Encoding
      x-content-type-options:
      - nosniff
    status:
      code: 200
      message: OK
- request:
    body: null
    headers:
      Accept:
      - '*/*'
      Accept-Encoding:
      - gzip, deflate
      CommandName:
      - cdn endpoint stop
      Connection:
      - keep-alive
      ParameterSetName:
      - -g -n --profile-name
      User-Agent:
      - AZURECLI/2.21.0 azsdk-python-mgmt-cdn/11.0.0 Python/3.7.9 (Windows-10-10.0.19041-SP0)
    method: GET
    uri: https://management.azure.com/subscriptions/00000000-0000-0000-0000-000000000000/resourcegroups/clitest.rg000001/providers/Microsoft.Cdn/operationresults/9cbc4d0a-5785-4762-98f6-9808a6cd11dd?api-version=2020-09-01
  response:
    body:
      string: '{"status":"Succeeded","error":{"code":"None","message":null}}'
    headers:
      cache-control:
      - no-cache
      content-length:
      - '61'
      content-type:
      - application/json; charset=utf-8
      date:
      - Fri, 02 Apr 2021 10:30:09 GMT
      expires:
      - '-1'
      pragma:
      - no-cache
      server:
      - Kestrel
      strict-transport-security:
      - max-age=31536000; includeSubDomains
      transfer-encoding:
      - chunked
      vary:
      - Accept-Encoding
      x-content-type-options:
      - nosniff
    status:
      code: 200
      message: OK
- request:
    body: null
    headers:
      Accept:
      - '*/*'
      Accept-Encoding:
      - gzip, deflate
      CommandName:
      - cdn endpoint stop
      Connection:
      - keep-alive
      ParameterSetName:
      - -g -n --profile-name
      User-Agent:
      - AZURECLI/2.21.0 azsdk-python-mgmt-cdn/11.0.0 Python/3.7.9 (Windows-10-10.0.19041-SP0)
    method: GET
    uri: https://management.azure.com/subscriptions/00000000-0000-0000-0000-000000000000/resourcegroups/clitest.rg000001/providers/Microsoft.Cdn/operationresults/9cbc4d0a-5785-4762-98f6-9808a6cd11dd/profileresults/profile123/endpointresults/endpoint000002?api-version=2020-09-01
  response:
    body:
      string: '{"id":"/subscriptions/00000000-0000-0000-0000-000000000000/resourcegroups/clitest.rg000001/providers/Microsoft.Cdn/operationresults/9cbc4d0a-5785-4762-98f6-9808a6cd11dd/profileresults/profile123/endpointresults/endpoint000002","type":"Microsoft.Cdn/operationresults/profileresults/endpointresults","name":"endpoint000002","location":"WestUs","tags":{},"properties":{"hostName":"endpoint000002.azureedge.net","originHostHeader":null,"originPath":null,"contentTypesToCompress":[],"isCompressionEnabled":false,"isHttpAllowed":true,"isHttpsAllowed":true,"queryStringCachingBehavior":"IgnoreQueryString","optimizationType":null,"probePath":null,"origins":[{"name":"origin-0","properties":{"hostName":"www.example.com","httpPort":80,"httpsPort":443,"originHostHeader":null,"priority":null,"weight":null,"enabled":true,"privateLinkAlias":null,"privateLinkResourceId":null,"privateLinkLocation":null,"privateEndpointStatus":null,"privateLinkApprovalMessage":null}}],"originGroups":[],"defaultOriginGroup":null,"customDomains":[],"geoFilters":[],"deliveryPolicy":null,"urlSigningKeys":[],"webApplicationFirewallPolicyLink":null,"resourceState":"Stopped","provisioningState":"Succeeded"}}'
    headers:
      cache-control:
      - no-cache
      content-length:
      - '1267'
      content-type:
      - application/json; charset=utf-8
      date:
      - Fri, 02 Apr 2021 10:30:09 GMT
      expires:
      - '-1'
      pragma:
      - no-cache
      server:
      - Kestrel
      strict-transport-security:
      - max-age=31536000; includeSubDomains
      transfer-encoding:
      - chunked
      vary:
      - Accept-Encoding
      x-content-type-options:
      - nosniff
    status:
      code: 200
      message: OK
- request:
    body: null
    headers:
      Accept:
      - application/json
      Accept-Encoding:
      - gzip, deflate
      CommandName:
      - cdn endpoint show
      Connection:
      - keep-alive
      ParameterSetName:
      - -g -n --profile-name
      User-Agent:
      - AZURECLI/2.21.0 azsdk-python-mgmt-cdn/11.0.0 Python/3.7.9 (Windows-10-10.0.19041-SP0)
    method: GET
    uri: https://management.azure.com/subscriptions/00000000-0000-0000-0000-000000000000/resourceGroups/clitest.rg000001/providers/Microsoft.Cdn/profiles/profile123/endpoints/endpoint000002?api-version=2020-09-01
  response:
    body:
      string: '{"id":"/subscriptions/00000000-0000-0000-0000-000000000000/resourcegroups/clitest.rg000001/providers/Microsoft.Cdn/profiles/profile123/endpoints/endpoint000002","type":"Microsoft.Cdn/profiles/endpoints","name":"endpoint000002","location":"WestUs","tags":{},"properties":{"hostName":"endpoint000002.azureedge.net","originHostHeader":null,"originPath":null,"contentTypesToCompress":[],"isCompressionEnabled":false,"isHttpAllowed":true,"isHttpsAllowed":true,"queryStringCachingBehavior":"IgnoreQueryString","optimizationType":null,"probePath":null,"origins":[{"name":"origin-0","properties":{"hostName":"www.example.com","httpPort":80,"httpsPort":443,"originHostHeader":null,"priority":null,"weight":null,"enabled":true,"privateLinkAlias":null,"privateLinkResourceId":null,"privateLinkLocation":null,"privateEndpointStatus":null,"privateLinkApprovalMessage":null}}],"originGroups":[],"defaultOriginGroup":null,"customDomains":[],"geoFilters":[],"deliveryPolicy":null,"urlSigningKeys":[],"webApplicationFirewallPolicyLink":null,"resourceState":"Stopped","provisioningState":"Succeeded"}}'
    headers:
      cache-control:
      - no-cache
      content-length:
      - '1172'
      content-type:
      - application/json; charset=utf-8
      date:
      - Fri, 02 Apr 2021 10:30:11 GMT
      expires:
      - '-1'
      pragma:
      - no-cache
      server:
      - Kestrel
      strict-transport-security:
      - max-age=31536000; includeSubDomains
      transfer-encoding:
      - chunked
      vary:
      - Accept-Encoding
      x-content-type-options:
      - nosniff
      x-ms-ratelimit-remaining-subscription-resource-requests:
      - '47'
    status:
      code: 200
      message: OK
- request:
    body: null
    headers:
      Accept:
      - application/json
      Accept-Encoding:
      - gzip, deflate
      CommandName:
      - cdn endpoint start
      Connection:
      - keep-alive
      Content-Length:
      - '0'
      ParameterSetName:
      - -g -n --profile-name
      User-Agent:
      - AZURECLI/2.21.0 azsdk-python-mgmt-cdn/11.0.0 Python/3.7.9 (Windows-10-10.0.19041-SP0)
    method: POST
    uri: https://management.azure.com/subscriptions/00000000-0000-0000-0000-000000000000/resourceGroups/clitest.rg000001/providers/Microsoft.Cdn/profiles/profile123/endpoints/endpoint000002/start?api-version=2020-09-01
  response:
    body:
      string: '{"id":"/subscriptions/00000000-0000-0000-0000-000000000000/resourcegroups/clitest.rg000001/providers/Microsoft.Cdn/profiles/profile123/endpoints/endpoint000002","type":"Microsoft.Cdn/profiles/endpoints","name":"endpoint000002","location":"WestUs","tags":{},"properties":{"hostName":"endpoint000002.azureedge.net","originHostHeader":null,"originPath":null,"contentTypesToCompress":[],"isCompressionEnabled":false,"isHttpAllowed":true,"isHttpsAllowed":true,"queryStringCachingBehavior":"IgnoreQueryString","optimizationType":null,"probePath":null,"origins":[{"name":"origin-0","properties":{"hostName":"www.example.com","httpPort":80,"httpsPort":443,"originHostHeader":null,"priority":null,"weight":null,"enabled":true,"privateLinkAlias":null,"privateLinkResourceId":null,"privateLinkLocation":null,"privateEndpointStatus":null,"privateLinkApprovalMessage":null}}],"originGroups":[],"defaultOriginGroup":null,"customDomains":[],"geoFilters":[],"deliveryPolicy":null,"urlSigningKeys":[],"webApplicationFirewallPolicyLink":null,"resourceState":"Starting","provisioningState":"Succeeded"}}'
    headers:
      azure-asyncoperation:
      - https://management.azure.com/subscriptions/00000000-0000-0000-0000-000000000000/resourcegroups/clitest.rg000001/providers/Microsoft.Cdn/operationresults/71d5af3f-1678-4c5d-b650-7c8de0cbb24f?api-version=2020-09-01
      cache-control:
      - no-cache
      content-length:
      - '1173'
      content-type:
      - application/json; charset=utf-8
      date:
      - Fri, 02 Apr 2021 10:30:13 GMT
      expires:
      - '-1'
      location:
      - https://management.azure.com/subscriptions/00000000-0000-0000-0000-000000000000/resourcegroups/clitest.rg000001/providers/Microsoft.Cdn/operationresults/71d5af3f-1678-4c5d-b650-7c8de0cbb24f/profileresults/profile123/endpointresults/endpoint000002?api-version=2020-09-01
      pragma:
      - no-cache
      server:
      - Kestrel
      strict-transport-security:
      - max-age=31536000; includeSubDomains
      x-content-type-options:
      - nosniff
      x-ms-ratelimit-remaining-subscription-resource-requests:
      - '49'
    status:
      code: 202
      message: Accepted
- request:
    body: null
    headers:
      Accept:
      - '*/*'
      Accept-Encoding:
      - gzip, deflate
      CommandName:
      - cdn endpoint start
      Connection:
      - keep-alive
      ParameterSetName:
      - -g -n --profile-name
      User-Agent:
      - AZURECLI/2.21.0 azsdk-python-mgmt-cdn/11.0.0 Python/3.7.9 (Windows-10-10.0.19041-SP0)
    method: GET
    uri: https://management.azure.com/subscriptions/00000000-0000-0000-0000-000000000000/resourcegroups/clitest.rg000001/providers/Microsoft.Cdn/operationresults/71d5af3f-1678-4c5d-b650-7c8de0cbb24f?api-version=2020-09-01
  response:
    body:
      string: '{"status":"Succeeded","error":{"code":"None","message":null}}'
    headers:
      cache-control:
      - no-cache
      content-length:
      - '61'
      content-type:
      - application/json; charset=utf-8
      date:
      - Fri, 02 Apr 2021 10:30:23 GMT
      expires:
      - '-1'
      pragma:
      - no-cache
      server:
      - Kestrel
      strict-transport-security:
      - max-age=31536000; includeSubDomains
      transfer-encoding:
      - chunked
      vary:
      - Accept-Encoding
      x-content-type-options:
      - nosniff
    status:
      code: 200
      message: OK
- request:
    body: null
    headers:
      Accept:
      - '*/*'
      Accept-Encoding:
      - gzip, deflate
      CommandName:
      - cdn endpoint start
      Connection:
      - keep-alive
      ParameterSetName:
      - -g -n --profile-name
      User-Agent:
      - AZURECLI/2.21.0 azsdk-python-mgmt-cdn/11.0.0 Python/3.7.9 (Windows-10-10.0.19041-SP0)
    method: GET
    uri: https://management.azure.com/subscriptions/00000000-0000-0000-0000-000000000000/resourcegroups/clitest.rg000001/providers/Microsoft.Cdn/operationresults/71d5af3f-1678-4c5d-b650-7c8de0cbb24f/profileresults/profile123/endpointresults/endpoint000002?api-version=2020-09-01
  response:
    body:
      string: '{"id":"/subscriptions/00000000-0000-0000-0000-000000000000/resourcegroups/clitest.rg000001/providers/Microsoft.Cdn/operationresults/71d5af3f-1678-4c5d-b650-7c8de0cbb24f/profileresults/profile123/endpointresults/endpoint000002","type":"Microsoft.Cdn/operationresults/profileresults/endpointresults","name":"endpoint000002","location":"WestUs","tags":{},"properties":{"hostName":"endpoint000002.azureedge.net","originHostHeader":null,"originPath":null,"contentTypesToCompress":[],"isCompressionEnabled":false,"isHttpAllowed":true,"isHttpsAllowed":true,"queryStringCachingBehavior":"IgnoreQueryString","optimizationType":null,"probePath":null,"origins":[{"name":"origin-0","properties":{"hostName":"www.example.com","httpPort":80,"httpsPort":443,"originHostHeader":null,"priority":null,"weight":null,"enabled":true,"privateLinkAlias":null,"privateLinkResourceId":null,"privateLinkLocation":null,"privateEndpointStatus":null,"privateLinkApprovalMessage":null}}],"originGroups":[],"defaultOriginGroup":null,"customDomains":[],"geoFilters":[],"deliveryPolicy":null,"urlSigningKeys":[],"webApplicationFirewallPolicyLink":null,"resourceState":"Running","provisioningState":"Succeeded"}}'
    headers:
      cache-control:
      - no-cache
      content-length:
      - '1267'
      content-type:
      - application/json; charset=utf-8
      date:
      - Fri, 02 Apr 2021 10:30:23 GMT
      expires:
      - '-1'
      pragma:
      - no-cache
      server:
      - Kestrel
      strict-transport-security:
      - max-age=31536000; includeSubDomains
      transfer-encoding:
      - chunked
      vary:
      - Accept-Encoding
      x-content-type-options:
      - nosniff
    status:
      code: 200
      message: OK
- request:
    body: null
    headers:
      Accept:
      - application/json
      Accept-Encoding:
      - gzip, deflate
      CommandName:
      - cdn endpoint show
      Connection:
      - keep-alive
      ParameterSetName:
      - -g -n --profile-name
      User-Agent:
      - AZURECLI/2.21.0 azsdk-python-mgmt-cdn/11.0.0 Python/3.7.9 (Windows-10-10.0.19041-SP0)
    method: GET
    uri: https://management.azure.com/subscriptions/00000000-0000-0000-0000-000000000000/resourceGroups/clitest.rg000001/providers/Microsoft.Cdn/profiles/profile123/endpoints/endpoint000002?api-version=2020-09-01
  response:
    body:
      string: '{"id":"/subscriptions/00000000-0000-0000-0000-000000000000/resourcegroups/clitest.rg000001/providers/Microsoft.Cdn/profiles/profile123/endpoints/endpoint000002","type":"Microsoft.Cdn/profiles/endpoints","name":"endpoint000002","location":"WestUs","tags":{},"properties":{"hostName":"endpoint000002.azureedge.net","originHostHeader":null,"originPath":null,"contentTypesToCompress":[],"isCompressionEnabled":false,"isHttpAllowed":true,"isHttpsAllowed":true,"queryStringCachingBehavior":"IgnoreQueryString","optimizationType":null,"probePath":null,"origins":[{"name":"origin-0","properties":{"hostName":"www.example.com","httpPort":80,"httpsPort":443,"originHostHeader":null,"priority":null,"weight":null,"enabled":true,"privateLinkAlias":null,"privateLinkResourceId":null,"privateLinkLocation":null,"privateEndpointStatus":null,"privateLinkApprovalMessage":null}}],"originGroups":[],"defaultOriginGroup":null,"customDomains":[],"geoFilters":[],"deliveryPolicy":null,"urlSigningKeys":[],"webApplicationFirewallPolicyLink":null,"resourceState":"Running","provisioningState":"Succeeded"}}'
    headers:
      cache-control:
      - no-cache
      content-length:
      - '1172'
      content-type:
      - application/json; charset=utf-8
      date:
      - Fri, 02 Apr 2021 10:30:25 GMT
      expires:
      - '-1'
      pragma:
      - no-cache
      server:
      - Kestrel
      strict-transport-security:
      - max-age=31536000; includeSubDomains
      transfer-encoding:
      - chunked
      vary:
      - Accept-Encoding
      x-content-type-options:
      - nosniff
      x-ms-ratelimit-remaining-subscription-resource-requests:
      - '48'
    status:
      code: 200
      message: OK
version: 1
