interactions:
- request:
    body: '{"location": "global", "sku": {"name": "Standard_AzureFrontDoor"}}'
    headers:
      Accept:
      - application/json
      Accept-Encoding:
      - gzip, deflate
      CommandName:
      - afd profile create
      Connection:
      - keep-alive
      Content-Length:
      - '66'
      Content-Type:
      - application/json; charset=utf-8
      ParameterSetName:
      - -g --profile-name --sku
      User-Agent:
      - python/3.7.9 (Windows-10-10.0.19041-SP0) msrest/0.6.18 msrest_azure/0.6.3
        azure-mgmt-cdn/7.0.0 Azure-SDK-For-Python AZURECLI/2.19.1
      accept-language:
      - en-US
    method: PUT
    uri: https://management.azure.com/subscriptions/00000000-0000-0000-0000-000000000000/resourceGroups/clitest.rg000001/providers/Microsoft.Cdn/profiles/profile123?api-version=2020-09-01
  response:
    body:
      string: '{"id":"/subscriptions/00000000-0000-0000-0000-000000000000/resourcegroups/clitest.rg000001/providers/Microsoft.Cdn/profiles/profile123","type":"Microsoft.Cdn/profiles","name":"profile123","location":"Global","kind":"frontdoor","tags":{},"sku":{"name":"Standard_AzureFrontDoor"},"properties":{"frontDoorId":"cfd9643b-6fd0-494b-9043-98f9f819cfb1","resourceState":"Creating","provisioningState":"Creating"}}'
    headers:
      azure-asyncoperation:
      - https://management.azure.com/subscriptions/00000000-0000-0000-0000-000000000000/resourcegroups/clitest.rg000001/providers/Microsoft.Cdn/operationresults/468dd7af-5d20-4cfd-ab80-65859c58f612?api-version=2020-09-01
      cache-control:
      - no-cache
      content-length:
      - '463'
      content-type:
      - application/json; charset=utf-8
      date:
      - Fri, 19 Feb 2021 11:46:42 GMT
      expires:
      - '-1'
      pragma:
      - no-cache
      server:
      - Kestrel
      strict-transport-security:
      - max-age=31536000; includeSubDomains
      x-content-type-options:
      - nosniff
      x-ms-ratelimit-remaining-subscription-resource-requests:
      - '22'
    status:
      code: 201
      message: Created
- request:
    body: null
    headers:
      Accept:
      - application/json
      Accept-Encoding:
      - gzip, deflate
      CommandName:
      - afd profile create
      Connection:
      - keep-alive
      ParameterSetName:
      - -g --profile-name --sku
      User-Agent:
      - python/3.7.9 (Windows-10-10.0.19041-SP0) msrest/0.6.18 msrest_azure/0.6.3
        azure-mgmt-cdn/7.0.0 Azure-SDK-For-Python AZURECLI/2.19.1
    method: GET
    uri: https://management.azure.com/subscriptions/00000000-0000-0000-0000-000000000000/resourcegroups/clitest.rg000001/providers/Microsoft.Cdn/operationresults/468dd7af-5d20-4cfd-ab80-65859c58f612?api-version=2020-09-01
  response:
    body:
      string: '{"status":"InProgress","error":{"code":"None","message":null}}'
    headers:
      cache-control:
      - no-cache
      content-length:
      - '62'
      content-type:
      - application/json; charset=utf-8
      date:
      - Fri, 19 Feb 2021 11:46:54 GMT
      expires:
      - '-1'
      pragma:
      - no-cache
      server:
      - Kestrel
      strict-transport-security:
      - max-age=31536000; includeSubDomains
      transfer-encoding:
      - chunked
      vary:
      - Accept-Encoding
      x-content-type-options:
      - nosniff
    status:
      code: 200
      message: OK
- request:
    body: null
    headers:
      Accept:
      - application/json
      Accept-Encoding:
      - gzip, deflate
      CommandName:
      - afd profile create
      Connection:
      - keep-alive
      ParameterSetName:
      - -g --profile-name --sku
      User-Agent:
      - python/3.7.9 (Windows-10-10.0.19041-SP0) msrest/0.6.18 msrest_azure/0.6.3
        azure-mgmt-cdn/7.0.0 Azure-SDK-For-Python AZURECLI/2.19.1
    method: GET
    uri: https://management.azure.com/subscriptions/00000000-0000-0000-0000-000000000000/resourcegroups/clitest.rg000001/providers/Microsoft.Cdn/operationresults/468dd7af-5d20-4cfd-ab80-65859c58f612?api-version=2020-09-01
  response:
    body:
      string: '{"status":"Succeeded","error":{"code":"None","message":null}}'
    headers:
      cache-control:
      - no-cache
      content-length:
      - '61'
      content-type:
      - application/json; charset=utf-8
      date:
      - Fri, 19 Feb 2021 11:47:24 GMT
      expires:
      - '-1'
      pragma:
      - no-cache
      server:
      - Kestrel
      strict-transport-security:
      - max-age=31536000; includeSubDomains
      transfer-encoding:
      - chunked
      vary:
      - Accept-Encoding
      x-content-type-options:
      - nosniff
    status:
      code: 200
      message: OK
- request:
    body: null
    headers:
      Accept:
      - application/json
      Accept-Encoding:
      - gzip, deflate
      CommandName:
      - afd profile create
      Connection:
      - keep-alive
      ParameterSetName:
      - -g --profile-name --sku
      User-Agent:
      - python/3.7.9 (Windows-10-10.0.19041-SP0) msrest/0.6.18 msrest_azure/0.6.3
        azure-mgmt-cdn/7.0.0 Azure-SDK-For-Python AZURECLI/2.19.1
    method: GET
    uri: https://management.azure.com/subscriptions/00000000-0000-0000-0000-000000000000/resourceGroups/clitest.rg000001/providers/Microsoft.Cdn/profiles/profile123?api-version=2020-09-01
  response:
    body:
      string: '{"id":"/subscriptions/00000000-0000-0000-0000-000000000000/resourcegroups/clitest.rg000001/providers/Microsoft.Cdn/profiles/profile123","type":"Microsoft.Cdn/profiles","name":"profile123","location":"Global","kind":"frontdoor","tags":{},"sku":{"name":"Standard_AzureFrontDoor"},"properties":{"frontDoorId":"cfd9643b-6fd0-494b-9043-98f9f819cfb1","resourceState":"Active","provisioningState":"Succeeded"}}'
    headers:
      cache-control:
      - no-cache
      content-length:
      - '462'
      content-type:
      - application/json; charset=utf-8
      date:
      - Fri, 19 Feb 2021 11:47:25 GMT
      expires:
      - '-1'
      pragma:
      - no-cache
      server:
      - Kestrel
      strict-transport-security:
      - max-age=31536000; includeSubDomains
      transfer-encoding:
      - chunked
      vary:
      - Accept-Encoding
      x-content-type-options:
      - nosniff
      x-ms-ratelimit-remaining-subscription-resource-requests:
      - '49'
    status:
      code: 200
      message: OK
- request:
    body: '{"location": "global", "properties": {"originResponseTimeoutSeconds": 100,
      "enabledState": "Enabled"}}'
    headers:
      Accept:
      - application/json
      Accept-Encoding:
      - gzip, deflate
      CommandName:
      - afd endpoint create
      Connection:
      - keep-alive
      Content-Length:
      - '102'
      Content-Type:
      - application/json; charset=utf-8
      ParameterSetName:
      - -g --endpoint-name --profile-name --origin-response-timeout-seconds --enabled-state
      User-Agent:
      - python/3.7.9 (Windows-10-10.0.19041-SP0) msrest/0.6.18 msrest_azure/0.6.3
        azure-mgmt-cdn/7.0.0 Azure-SDK-For-Python AZURECLI/2.19.1
      accept-language:
      - en-US
    method: PUT
    uri: https://management.azure.com/subscriptions/00000000-0000-0000-0000-000000000000/resourceGroups/clitest.rg000001/providers/Microsoft.Cdn/profiles/profile123/afdEndpoints/endpoint000002?api-version=2020-09-01
  response:
    body:
      string: '{"id":"/subscriptions/00000000-0000-0000-0000-000000000000/resourcegroups/clitest.rg000001/providers/Microsoft.Cdn/profiles/profile123/afdEndpoints/endpoint000002","type":"Microsoft.Cdn/profiles/afdendpoints","name":"endpoint000002","location":"Global","tags":{},"properties":{"hostName":"endpoint000002.z01.azurefd.net","originResponseTimeoutSeconds":100,"enabledState":"Enabled","provisioningState":"Creating","deploymentStatus":"NotStarted"}}'
    headers:
      azure-asyncoperation:
      - https://management.azure.com/subscriptions/00000000-0000-0000-0000-000000000000/resourcegroups/clitest.rg000001/providers/Microsoft.Cdn/operationresults/14e1438d-a87e-45bf-8469-b41ff952a534?api-version=2020-09-01
      cache-control:
      - no-cache
      content-length:
      - '534'
      content-type:
      - application/json; charset=utf-8
      date:
      - Fri, 19 Feb 2021 11:47:29 GMT
      expires:
      - '-1'
      pragma:
      - no-cache
      server:
      - Kestrel
      strict-transport-security:
      - max-age=31536000; includeSubDomains
      x-content-type-options:
      - nosniff
      x-ms-ratelimit-remaining-subscription-resource-requests:
      - '99'
    status:
      code: 201
      message: Created
- request:
    body: null
    headers:
      Accept:
      - application/json
      Accept-Encoding:
      - gzip, deflate
      CommandName:
      - afd endpoint create
      Connection:
      - keep-alive
      ParameterSetName:
      - -g --endpoint-name --profile-name --origin-response-timeout-seconds --enabled-state
      User-Agent:
      - python/3.7.9 (Windows-10-10.0.19041-SP0) msrest/0.6.18 msrest_azure/0.6.3
        azure-mgmt-cdn/7.0.0 Azure-SDK-For-Python AZURECLI/2.19.1
    method: GET
    uri: https://management.azure.com/subscriptions/00000000-0000-0000-0000-000000000000/resourcegroups/clitest.rg000001/providers/Microsoft.Cdn/operationresults/14e1438d-a87e-45bf-8469-b41ff952a534?api-version=2020-09-01
  response:
    body:
      string: '{"status":"Succeeded","error":{"code":"None","message":null}}'
    headers:
      cache-control:
      - no-cache
      content-length:
      - '61'
      content-type:
      - application/json; charset=utf-8
      date:
      - Fri, 19 Feb 2021 11:47:40 GMT
      expires:
      - '-1'
      pragma:
      - no-cache
      server:
      - Kestrel
      strict-transport-security:
      - max-age=31536000; includeSubDomains
      transfer-encoding:
      - chunked
      vary:
      - Accept-Encoding
      x-content-type-options:
      - nosniff
    status:
      code: 200
      message: OK
- request:
    body: null
    headers:
      Accept:
      - application/json
      Accept-Encoding:
      - gzip, deflate
      CommandName:
      - afd endpoint create
      Connection:
      - keep-alive
      ParameterSetName:
      - -g --endpoint-name --profile-name --origin-response-timeout-seconds --enabled-state
      User-Agent:
      - python/3.7.9 (Windows-10-10.0.19041-SP0) msrest/0.6.18 msrest_azure/0.6.3
        azure-mgmt-cdn/7.0.0 Azure-SDK-For-Python AZURECLI/2.19.1
    method: GET
    uri: https://management.azure.com/subscriptions/00000000-0000-0000-0000-000000000000/resourceGroups/clitest.rg000001/providers/Microsoft.Cdn/profiles/profile123/afdEndpoints/endpoint000002?api-version=2020-09-01
  response:
    body:
      string: '{"id":"/subscriptions/00000000-0000-0000-0000-000000000000/resourcegroups/clitest.rg000001/providers/Microsoft.Cdn/profiles/profile123/afdEndpoints/endpoint000002","type":"Microsoft.Cdn/profiles/afdendpoints","name":"endpoint000002","location":"Global","tags":{},"properties":{"hostName":"endpoint000002.z01.azurefd.net","originResponseTimeoutSeconds":100,"enabledState":"Enabled","provisioningState":"Succeeded","deploymentStatus":"NotStarted"}}'
    headers:
      cache-control:
      - no-cache
      content-length:
      - '535'
      content-type:
      - application/json; charset=utf-8
      date:
      - Fri, 19 Feb 2021 11:47:40 GMT
      expires:
      - '-1'
      pragma:
      - no-cache
      server:
      - Kestrel
      strict-transport-security:
      - max-age=31536000; includeSubDomains
      transfer-encoding:
      - chunked
      vary:
      - Accept-Encoding
      x-content-type-options:
      - nosniff
      x-ms-ratelimit-remaining-subscription-resource-requests:
      - '49'
    status:
      code: 200
      message: OK
- request:
    body: null
    headers:
      Accept:
      - application/json
      Accept-Encoding:
      - gzip, deflate
      CommandName:
      - afd log-analytic location list
      Connection:
      - keep-alive
      ParameterSetName:
      - -g --profile-name
      User-Agent:
      - python/3.7.9 (Windows-10-10.0.19041-SP0) msrest/0.6.18 msrest_azure/0.6.3
        azure-mgmt-cdn/7.0.0 Azure-SDK-For-Python AZURECLI/2.19.1
      accept-language:
      - en-US
    method: GET
    uri: https://management.azure.com/subscriptions/00000000-0000-0000-0000-000000000000/resourceGroups/clitest.rg000001/providers/Microsoft.Cdn/profiles/profile123/getLogAnalyticsLocations?api-version=2020-09-01
  response:
    body:
      string: '{"continents":[{"id":"africa"},{"id":"antarctica"},{"id":"asia"},{"id":"europe"},{"id":"northAmerica"},{"id":"oceania"},{"id":"southAmerica"}],"countryOrRegions":[{"id":"dz","continentId":"africa"},{"id":"ao","continentId":"africa"},{"id":"bw","continentId":"africa"},{"id":"bi","continentId":"africa"},{"id":"cm","continentId":"africa"},{"id":"cv","continentId":"africa"},{"id":"cf","continentId":"africa"},{"id":"td","continentId":"africa"},{"id":"km","continentId":"africa"},{"id":"yt","continentId":"africa"},{"id":"cg","continentId":"africa"},{"id":"cd","continentId":"africa"},{"id":"bj","continentId":"africa"},{"id":"gq","continentId":"africa"},{"id":"et","continentId":"africa"},{"id":"er","continentId":"africa"},{"id":"dj","continentId":"africa"},{"id":"ga","continentId":"africa"},{"id":"gm","continentId":"africa"},{"id":"gh","continentId":"africa"},{"id":"gn","continentId":"africa"},{"id":"ci","continentId":"africa"},{"id":"ke","continentId":"africa"},{"id":"ls","continentId":"africa"},{"id":"lr","continentId":"africa"},{"id":"ly","continentId":"africa"},{"id":"mg","continentId":"africa"},{"id":"mw","continentId":"africa"},{"id":"ml","continentId":"africa"},{"id":"mr","continentId":"africa"},{"id":"mu","continentId":"africa"},{"id":"ma","continentId":"africa"},{"id":"mz","continentId":"africa"},{"id":"na","continentId":"africa"},{"id":"ne","continentId":"africa"},{"id":"ng","continentId":"africa"},{"id":"gw","continentId":"africa"},{"id":"re","continentId":"africa"},{"id":"rw","continentId":"africa"},{"id":"sh","continentId":"africa"},{"id":"st","continentId":"africa"},{"id":"sn","continentId":"africa"},{"id":"sc","continentId":"africa"},{"id":"sl","continentId":"africa"},{"id":"so","continentId":"africa"},{"id":"za","continentId":"africa"},{"id":"zw","continentId":"africa"},{"id":"ss","continentId":"africa"},{"id":"eh","continentId":"africa"},{"id":"sd","continentId":"africa"},{"id":"sz","continentId":"africa"},{"id":"tg","continentId":"africa"},{"id":"tn","continentId":"africa"},{"id":"ug","continentId":"africa"},{"id":"eg","continentId":"africa"},{"id":"tz","continentId":"africa"},{"id":"bf","continentId":"africa"},{"id":"zm","continentId":"africa"},{"id":"aq","continentId":"antarctica"},{"id":"bv","continentId":"antarctica"},{"id":"gs","continentId":"antarctica"},{"id":"tf","continentId":"antarctica"},{"id":"hm","continentId":"antarctica"},{"id":"af","continentId":"asia"},{"id":"bh","continentId":"asia"},{"id":"bd","continentId":"asia"},{"id":"bt","continentId":"asia"},{"id":"io","continentId":"asia"},{"id":"bn","continentId":"asia"},{"id":"mm","continentId":"asia"},{"id":"kh","continentId":"asia"},{"id":"lk","continentId":"asia"},{"id":"cn","continentId":"asia"},{"id":"tw","continentId":"asia"},{"id":"cx","continentId":"asia"},{"id":"cc","continentId":"asia"},{"id":"cy","continentId":"asia"},{"id":"ps","continentId":"asia"},{"id":"hk","continentId":"asia"},{"id":"in","continentId":"asia"},{"id":"id","continentId":"asia"},{"id":"ir","continentId":"asia"},{"id":"iq","continentId":"asia"},{"id":"il","continentId":"asia"},{"id":"jp","continentId":"asia"},{"id":"kz","continentId":"asia"},{"id":"jo","continentId":"asia"},{"id":"kp","continentId":"asia"},{"id":"kr","continentId":"asia"},{"id":"kw","continentId":"asia"},{"id":"kg","continentId":"asia"},{"id":"la","continentId":"asia"},{"id":"lb","continentId":"asia"},{"id":"mo","continentId":"asia"},{"id":"my","continentId":"asia"},{"id":"mv","continentId":"asia"},{"id":"mn","continentId":"asia"},{"id":"om","continentId":"asia"},{"id":"np","continentId":"asia"},{"id":"pk","continentId":"asia"},{"id":"ph","continentId":"asia"},{"id":"tl","continentId":"asia"},{"id":"qa","continentId":"asia"},{"id":"sa","continentId":"asia"},{"id":"sg","continentId":"asia"},{"id":"vn","continentId":"asia"},{"id":"sy","continentId":"asia"},{"id":"tj","continentId":"asia"},{"id":"th","continentId":"asia"},{"id":"ae","continentId":"asia"},{"id":"tr","continentId":"asia"},{"id":"tm","continentId":"asia"},{"id":"uz","continentId":"asia"},{"id":"ye","continentId":"asia"},{"id":"xe","continentId":"asia"},{"id":"xd","continentId":"asia"},{"id":"xs","continentId":"asia"},{"id":"al","continentId":"europe"},{"id":"ad","continentId":"europe"},{"id":"az","continentId":"europe"},{"id":"at","continentId":"europe"},{"id":"am","continentId":"europe"},{"id":"be","continentId":"europe"},{"id":"ba","continentId":"europe"},{"id":"bg","continentId":"europe"},{"id":"by","continentId":"europe"},{"id":"hr","continentId":"europe"},{"id":"cz","continentId":"europe"},{"id":"dk","continentId":"europe"},{"id":"ee","continentId":"europe"},{"id":"fo","continentId":"europe"},{"id":"fi","continentId":"europe"},{"id":"ax","continentId":"europe"},{"id":"fr","continentId":"europe"},{"id":"ge","continentId":"europe"},{"id":"de","continentId":"europe"},{"id":"gi","continentId":"europe"},{"id":"gr","continentId":"europe"},{"id":"va","continentId":"europe"},{"id":"hu","continentId":"europe"},{"id":"is","continentId":"europe"},{"id":"ie","continentId":"europe"},{"id":"it","continentId":"europe"},{"id":"lv","continentId":"europe"},{"id":"li","continentId":"europe"},{"id":"lt","continentId":"europe"},{"id":"lu","continentId":"europe"},{"id":"mt","continentId":"europe"},{"id":"mc","continentId":"europe"},{"id":"md","continentId":"europe"},{"id":"me","continentId":"europe"},{"id":"nl","continentId":"europe"},{"id":"no","continentId":"europe"},{"id":"pl","continentId":"europe"},{"id":"pt","continentId":"europe"},{"id":"ro","continentId":"europe"},{"id":"ru","continentId":"europe"},{"id":"sm","continentId":"europe"},{"id":"rs","continentId":"europe"},{"id":"sk","continentId":"europe"},{"id":"si","continentId":"europe"},{"id":"es","continentId":"europe"},{"id":"sj","continentId":"europe"},{"id":"se","continentId":"europe"},{"id":"ch","continentId":"europe"},{"id":"ua","continentId":"europe"},{"id":"mk","continentId":"europe"},{"id":"gb","continentId":"europe"},{"id":"gg","continentId":"europe"},{"id":"je","continentId":"europe"},{"id":"im","continentId":"europe"},{"id":"ag","continentId":"northAmerica"},{"id":"bs","continentId":"northAmerica"},{"id":"bb","continentId":"northAmerica"},{"id":"bm","continentId":"northAmerica"},{"id":"bz","continentId":"northAmerica"},{"id":"vg","continentId":"northAmerica"},{"id":"ca","continentId":"northAmerica"},{"id":"ky","continentId":"northAmerica"},{"id":"cr","continentId":"northAmerica"},{"id":"cu","continentId":"northAmerica"},{"id":"dm","continentId":"northAmerica"},{"id":"do","continentId":"northAmerica"},{"id":"sv","continentId":"northAmerica"},{"id":"gl","continentId":"northAmerica"},{"id":"gd","continentId":"northAmerica"},{"id":"gp","continentId":"northAmerica"},{"id":"gt","continentId":"northAmerica"},{"id":"ht","continentId":"northAmerica"},{"id":"hn","continentId":"northAmerica"},{"id":"jm","continentId":"northAmerica"},{"id":"mq","continentId":"northAmerica"},{"id":"mx","continentId":"northAmerica"},{"id":"ms","continentId":"northAmerica"},{"id":"an","continentId":"northAmerica"},{"id":"cw","continentId":"northAmerica"},{"id":"aw","continentId":"northAmerica"},{"id":"sx","continentId":"northAmerica"},{"id":"bq","continentId":"northAmerica"},{"id":"ni","continentId":"northAmerica"},{"id":"um","continentId":"northAmerica"},{"id":"pa","continentId":"northAmerica"},{"id":"pr","continentId":"northAmerica"},{"id":"bl","continentId":"northAmerica"},{"id":"kn","continentId":"northAmerica"},{"id":"ai","continentId":"northAmerica"},{"id":"lc","continentId":"northAmerica"},{"id":"mf","continentId":"northAmerica"},{"id":"pm","continentId":"northAmerica"},{"id":"vc","continentId":"northAmerica"},{"id":"tt","continentId":"northAmerica"},{"id":"tc","continentId":"northAmerica"},{"id":"us","continentId":"northAmerica"},{"id":"vi","continentId":"northAmerica"},{"id":"as","continentId":"oceania"},{"id":"au","continentId":"oceania"},{"id":"sb","continentId":"oceania"},{"id":"ck","continentId":"oceania"},{"id":"fj","continentId":"oceania"},{"id":"pf","continentId":"oceania"},{"id":"ki","continentId":"oceania"},{"id":"gu","continentId":"oceania"},{"id":"nr","continentId":"oceania"},{"id":"nc","continentId":"oceania"},{"id":"vu","continentId":"oceania"},{"id":"nz","continentId":"oceania"},{"id":"nu","continentId":"oceania"},{"id":"nf","continentId":"oceania"},{"id":"mp","continentId":"oceania"},{"id":"fm","continentId":"oceania"},{"id":"mh","continentId":"oceania"},{"id":"pw","continentId":"oceania"},{"id":"pg","continentId":"oceania"},{"id":"pn","continentId":"oceania"},{"id":"tk","continentId":"oceania"},{"id":"to","continentId":"oceania"},{"id":"tv","continentId":"oceania"},{"id":"wf","continentId":"oceania"},{"id":"ws","continentId":"oceania"},{"id":"xx","continentId":"oceania"},{"id":"ar","continentId":"southAmerica"},{"id":"bo","continentId":"southAmerica"},{"id":"br","continentId":"southAmerica"},{"id":"cl","continentId":"southAmerica"},{"id":"co","continentId":"southAmerica"},{"id":"ec","continentId":"southAmerica"},{"id":"fk","continentId":"southAmerica"},{"id":"gf","continentId":"southAmerica"},{"id":"gy","continentId":"southAmerica"},{"id":"py","continentId":"southAmerica"},{"id":"pe","continentId":"southAmerica"},{"id":"sr","continentId":"southAmerica"},{"id":"uy","continentId":"southAmerica"},{"id":"ve","continentId":"southAmerica"}]}'
    headers:
      cache-control:
      - no-cache
      content-length:
      - '9334'
      content-type:
      - application/json; charset=utf-8
      date:
      - Fri, 19 Feb 2021 11:47:41 GMT
      expires:
      - '-1'
      pragma:
      - no-cache
      server:
      - Kestrel
      strict-transport-security:
      - max-age=31536000; includeSubDomains
      transfer-encoding:
      - chunked
      vary:
      - Accept-Encoding
      x-content-type-options:
      - nosniff
    status:
      code: 200
      message: OK
- request:
    body: null
    headers:
      Accept:
      - application/json
      Accept-Encoding:
      - gzip, deflate
      CommandName:
      - afd log-analytic resource list
      Connection:
      - keep-alive
      ParameterSetName:
      - -g --profile-name
      User-Agent:
      - python/3.7.9 (Windows-10-10.0.19041-SP0) msrest/0.6.18 msrest_azure/0.6.3
        azure-mgmt-cdn/7.0.0 Azure-SDK-For-Python AZURECLI/2.19.1
      accept-language:
      - en-US
    method: GET
    uri: https://management.azure.com/subscriptions/00000000-0000-0000-0000-000000000000/resourceGroups/clitest.rg000001/providers/Microsoft.Cdn/profiles/profile123/getLogAnalyticsResources?api-version=2020-09-01
  response:
    body:
      string: '{"endpoints":[{"id":"endpoint000002","name":"endpoint000002.z01.azurefd.net","history":false,"customDomains":[]}],"customDomains":[]}'
    headers:
      cache-control:
      - no-cache
      content-length:
      - '153'
      content-type:
      - application/json; charset=utf-8
      date:
      - Fri, 19 Feb 2021 11:47:43 GMT
      expires:
      - '-1'
      pragma:
      - no-cache
      server:
      - Kestrel
      strict-transport-security:
      - max-age=31536000; includeSubDomains
      transfer-encoding:
      - chunked
      vary:
      - Accept-Encoding
      x-content-type-options:
      - nosniff
    status:
      code: 200
      message: OK
- request:
    body: null
    headers:
      Accept:
      - application/json
      Accept-Encoding:
      - gzip, deflate
      CommandName:
      - afd log-analytic metric list
      Connection:
      - keep-alive
      ParameterSetName:
      - -g --profile-name --metrics --date-time-begin --granularity --date-time-end
        --custom-domains --protocols --group-by
      User-Agent:
      - python/3.7.9 (Windows-10-10.0.19041-SP0) msrest/0.6.18 msrest_azure/0.6.3
        azure-mgmt-cdn/7.0.0 Azure-SDK-For-Python AZURECLI/2.19.1
      accept-language:
      - en-US
    method: GET
    uri: https://management.azure.com/subscriptions/00000000-0000-0000-0000-000000000000/resourceGroups/clitest.rg000001/providers/Microsoft.Cdn/profiles/profile123/getLogAnalyticsMetrics?api-version=2020-09-01&metrics=clientRequestCount&dateTimeBegin=2021-02-19T11%3A47%3A41.000Z&dateTimeEnd=2021-02-19T11%3A52%3A41.000Z&granularity=PT5M&groupBy=cacheStatus&customDomains=endpoint000002.z01.azurefd.net&protocols=http
  response:
    body:
      string: '{"dateTimeBegin":"2021-02-19T11:47:41+00:00","dateTimeEnd":"2021-02-19T11:52:41+00:00","granularity":"PT5M","series":[]}'
    headers:
      cache-control:
      - no-cache
      content-length:
      - '120'
      content-type:
      - application/json; charset=utf-8
      date:
      - Fri, 19 Feb 2021 11:47:44 GMT
      expires:
      - '-1'
      pragma:
      - no-cache
      server:
      - Kestrel
      strict-transport-security:
      - max-age=31536000; includeSubDomains
      transfer-encoding:
      - chunked
      vary:
      - Accept-Encoding
      x-content-type-options:
      - nosniff
    status:
      code: 200
      message: OK
- request:
    body: null
    headers:
      Accept:
      - application/json
      Accept-Encoding:
      - gzip, deflate
      CommandName:
      - afd log-analytic ranking list
      Connection:
      - keep-alive
      ParameterSetName:
      - -g --profile-name --metrics --date-time-begin --date-time-end --custom-domains
        --rankings --max-ranking
      User-Agent:
      - python/3.7.9 (Windows-10-10.0.19041-SP0) msrest/0.6.18 msrest_azure/0.6.3
        azure-mgmt-cdn/7.0.0 Azure-SDK-For-Python AZURECLI/2.19.1
      accept-language:
      - en-US
    method: GET
    uri: https://management.azure.com/subscriptions/00000000-0000-0000-0000-000000000000/resourceGroups/clitest.rg000001/providers/Microsoft.Cdn/profiles/profile123/getLogAnalyticsRankings?api-version=2020-09-01&rankings=referrer&metrics=clientRequestCount&maxRanking=10&dateTimeBegin=2021-02-19T11%3A47%3A41.000Z&dateTimeEnd=2021-02-19T11%3A52%3A41.000Z&customDomains=endpoint000002.z01.azurefd.net
  response:
    body:
      string: '{"dateTimeBegin":"2021-02-19T11:47:41+00:00","dateTimeEnd":"2021-02-19T11:52:41+00:00","tables":[{"ranking":"referrer","data":[]}]}'
    headers:
      cache-control:
      - no-cache
      content-length:
      - '131'
      content-type:
      - application/json; charset=utf-8
      date:
      - Fri, 19 Feb 2021 11:47:45 GMT
      expires:
      - '-1'
      pragma:
      - no-cache
      server:
      - Kestrel
      strict-transport-security:
      - max-age=31536000; includeSubDomains
      transfer-encoding:
      - chunked
      vary:
      - Accept-Encoding
      x-content-type-options:
      - nosniff
    status:
      code: 200
      message: OK
- request:
    body: null
    headers:
      Accept:
      - application/json
      Accept-Encoding:
      - gzip, deflate
      CommandName:
      - afd endpoint delete
      Connection:
      - keep-alive
      Content-Length:
      - '0'
      ParameterSetName:
      - -g --endpoint-name --profile-name --yes
      User-Agent:
      - python/3.7.9 (Windows-10-10.0.19041-SP0) msrest/0.6.18 msrest_azure/0.6.3
        azure-mgmt-cdn/7.0.0 Azure-SDK-For-Python AZURECLI/2.19.1
      accept-language:
      - en-US
    method: DELETE
    uri: https://management.azure.com/subscriptions/00000000-0000-0000-0000-000000000000/resourceGroups/clitest.rg000001/providers/Microsoft.Cdn/profiles/profile123/afdEndpoints/endpoint000002?api-version=2020-09-01
  response:
    body:
      string: ''
    headers:
      azure-asyncoperation:
      - https://management.azure.com/subscriptions/00000000-0000-0000-0000-000000000000/resourcegroups/clitest.rg000001/providers/Microsoft.Cdn/operationresults/aee60b91-0a2b-42f0-a387-c76963d20b5e?api-version=2020-09-01
      cache-control:
      - no-cache
      content-length:
      - '0'
      date:
      - Fri, 19 Feb 2021 11:47:47 GMT
      expires:
      - '-1'
      location:
      - https://management.azure.com/subscriptions/00000000-0000-0000-0000-000000000000/resourcegroups/clitest.rg000001/providers/Microsoft.Cdn/operationresults/aee60b91-0a2b-42f0-a387-c76963d20b5e/profileresults/profile123/afdendpointresults/endpoint000002?api-version=2020-09-01
      pragma:
      - no-cache
      server:
      - Kestrel
      strict-transport-security:
      - max-age=31536000; includeSubDomains
      x-content-type-options:
      - nosniff
      x-ms-ratelimit-remaining-subscription-deletes:
      - '14998'
    status:
      code: 202
      message: Accepted
- request:
    body: null
    headers:
      Accept:
      - application/json
      Accept-Encoding:
      - gzip, deflate
      CommandName:
      - afd endpoint delete
      Connection:
      - keep-alive
      ParameterSetName:
      - -g --endpoint-name --profile-name --yes
      User-Agent:
      - python/3.7.9 (Windows-10-10.0.19041-SP0) msrest/0.6.18 msrest_azure/0.6.3
        azure-mgmt-cdn/7.0.0 Azure-SDK-For-Python AZURECLI/2.19.1
    method: GET
    uri: https://management.azure.com/subscriptions/00000000-0000-0000-0000-000000000000/resourcegroups/clitest.rg000001/providers/Microsoft.Cdn/operationresults/aee60b91-0a2b-42f0-a387-c76963d20b5e?api-version=2020-09-01
  response:
    body:
      string: '{"status":"Succeeded","error":{"code":"None","message":null}}'
    headers:
      cache-control:
      - no-cache
      content-length:
      - '61'
      content-type:
      - application/json; charset=utf-8
      date:
      - Fri, 19 Feb 2021 11:47:58 GMT
      expires:
      - '-1'
      pragma:
      - no-cache
      server:
      - Kestrel
      strict-transport-security:
      - max-age=31536000; includeSubDomains
      transfer-encoding:
      - chunked
      vary:
      - Accept-Encoding
      x-content-type-options:
      - nosniff
    status:
      code: 200
      message: OK
version: 1
