interactions:
- request:
    body: '{"location": "westus", "sku": {"name": "Standard_Microsoft"}}'
    headers:
      Accept:
      - application/json
      Accept-Encoding:
      - gzip, deflate
      CommandName:
      - cdn profile create
      Connection:
      - keep-alive
      Content-Length:
      - '61'
      Content-Type:
      - application/json
      ParameterSetName:
      - -g -n --sku --location
      User-Agent:
      - AZURECLI/2.33.0 azsdk-python-mgmt-cdn/12.0.0 Python/3.7.9 (Windows-10-10.0.19041-SP0)
    method: PUT
    uri: https://management.azure.com/subscriptions/00000000-0000-0000-0000-000000000000/resourceGroups/cli_test_cdn_domain000001/providers/Microsoft.Cdn/profiles/ps1?api-version=2021-06-01
  response:
    body:
      string: '{"id":"/subscriptions/00000000-0000-0000-0000-000000000000/resourcegroups/cli_test_cdn_domain000001/providers/Microsoft.Cdn/profiles/ps1","type":"Microsoft.Cdn/profiles","name":"ps1","location":"WestUs","kind":"cdn","tags":{},"sku":{"name":"Standard_Microsoft"},"properties":{"resourceState":"Creating","provisioningState":"Creating"}}'
    headers:
      azure-asyncoperation:
      - https://management.azure.com/subscriptions/00000000-0000-0000-0000-000000000000/resourcegroups/cli_test_cdn_domain000001/providers/Microsoft.Cdn/operationresults/89497c29-02fc-4908-9238-e663f4877522?api-version=2021-06-01
      cache-control:
      - no-cache
      content-length:
      - '335'
      content-type:
      - application/json; charset=utf-8
      date:
      - Thu, 24 Mar 2022 07:25:49 GMT
      expires:
      - '-1'
      pragma:
      - no-cache
      server:
      - Kestrel
      strict-transport-security:
      - max-age=31536000; includeSubDomains
      x-content-type-options:
      - nosniff
      x-ms-ratelimit-remaining-subscription-resource-requests:
      - '24'
    status:
      code: 201
      message: Created
- request:
    body: null
    headers:
      Accept:
      - '*/*'
      Accept-Encoding:
      - gzip, deflate
      CommandName:
      - cdn profile create
      Connection:
      - keep-alive
      ParameterSetName:
      - -g -n --sku --location
      User-Agent:
      - AZURECLI/2.33.0 azsdk-python-mgmt-cdn/12.0.0 Python/3.7.9 (Windows-10-10.0.19041-SP0)
    method: GET
    uri: https://management.azure.com/subscriptions/00000000-0000-0000-0000-000000000000/resourcegroups/cli_test_cdn_domain000001/providers/Microsoft.Cdn/operationresults/89497c29-02fc-4908-9238-e663f4877522?api-version=2021-06-01
  response:
    body:
      string: '{"status":"Succeeded","error":{"code":"None","message":null}}'
    headers:
      cache-control:
      - no-cache
      content-length:
      - '61'
      content-type:
      - application/json; charset=utf-8
      date:
      - Thu, 24 Mar 2022 07:25:59 GMT
      expires:
      - '-1'
      pragma:
      - no-cache
      server:
      - Kestrel
      strict-transport-security:
      - max-age=31536000; includeSubDomains
      transfer-encoding:
      - chunked
      vary:
      - Accept-Encoding
      x-content-type-options:
      - nosniff
    status:
      code: 200
      message: OK
- request:
    body: null
    headers:
      Accept:
      - '*/*'
      Accept-Encoding:
      - gzip, deflate
      CommandName:
      - cdn profile create
      Connection:
      - keep-alive
      ParameterSetName:
      - -g -n --sku --location
      User-Agent:
      - AZURECLI/2.33.0 azsdk-python-mgmt-cdn/12.0.0 Python/3.7.9 (Windows-10-10.0.19041-SP0)
    method: GET
    uri: https://management.azure.com/subscriptions/00000000-0000-0000-0000-000000000000/resourceGroups/cli_test_cdn_domain000001/providers/Microsoft.Cdn/profiles/ps1?api-version=2021-06-01
  response:
    body:
      string: '{"id":"/subscriptions/00000000-0000-0000-0000-000000000000/resourcegroups/cli_test_cdn_domain000001/providers/Microsoft.Cdn/profiles/ps1","type":"Microsoft.Cdn/profiles","name":"ps1","location":"WestUs","kind":"cdn","tags":{},"sku":{"name":"Standard_Microsoft"},"properties":{"resourceState":"Active","provisioningState":"Succeeded"}}'
    headers:
      cache-control:
      - no-cache
      content-length:
      - '334'
      content-type:
      - application/json; charset=utf-8
      date:
      - Thu, 24 Mar 2022 07:26:00 GMT
      expires:
      - '-1'
      pragma:
      - no-cache
      server:
      - Kestrel
      strict-transport-security:
      - max-age=31536000; includeSubDomains
      transfer-encoding:
      - chunked
      vary:
      - Accept-Encoding
      x-content-type-options:
      - nosniff
      x-ms-ratelimit-remaining-subscription-resource-requests:
      - '49'
    status:
      code: 200
      message: OK
- request:
    body: null
    headers:
      Accept:
      - application/json
      Accept-Encoding:
      - gzip, deflate
      CommandName:
      - cdn waf policy set
      Connection:
      - keep-alive
      ParameterSetName:
      - -g --name
      User-Agent:
      - AZURECLI/2.33.0 azsdk-python-mgmt-cdn/12.0.0 Python/3.7.9 (Windows-10-10.0.19041-SP0)
    method: GET
    uri: https://management.azure.com/subscriptions/00000000-0000-0000-0000-000000000000/resourceGroups/cli_test_cdn_domain000001/providers/Microsoft.Cdn/cdnWebApplicationFirewallPolicies/wafpolicy1?api-version=2021-06-01
  response:
    body:
      string: '{"error":{"code":"ResourceNotFound","message":"The Resource ''Microsoft.Cdn/CdnWebApplicationFirewallPolicies/wafpolicy1''
        under resource group ''cli_test_cdn_domain000001'' was not found. For more
        details please go to https://aka.ms/ARMResourceNotFoundFix"}}'
    headers:
      cache-control:
      - no-cache
      content-length:
      - '255'
      content-type:
      - application/json; charset=utf-8
      date:
      - Thu, 24 Mar 2022 07:26:01 GMT
      expires:
      - '-1'
      pragma:
      - no-cache
      strict-transport-security:
      - max-age=31536000; includeSubDomains
      x-content-type-options:
      - nosniff
      x-ms-failure-cause:
      - gateway
    status:
      code: 404
      message: Not Found
- request:
    body: '{"location": "Global", "sku": {"name": "Standard_Microsoft"}, "properties":
      {"policySettings": {"enabledState": "Enabled", "mode": "Detection"}}}'
    headers:
      Accept:
      - application/json
      Accept-Encoding:
      - gzip, deflate
      CommandName:
      - cdn waf policy set
      Connection:
      - keep-alive
      Content-Length:
      - '145'
      Content-Type:
      - application/json
      ParameterSetName:
      - -g --name
      User-Agent:
      - AZURECLI/2.33.0 azsdk-python-mgmt-cdn/12.0.0 Python/3.7.9 (Windows-10-10.0.19041-SP0)
    method: PUT
    uri: https://management.azure.com/subscriptions/00000000-0000-0000-0000-000000000000/resourceGroups/cli_test_cdn_domain000001/providers/Microsoft.Cdn/cdnWebApplicationFirewallPolicies/wafpolicy1?api-version=2021-06-01
  response:
    body:
      string: '{"id":"/subscriptions/00000000-0000-0000-0000-000000000000/resourcegroups/cli_test_cdn_domain000001/providers/Microsoft.Cdn/cdnwebapplicationfirewallpolicies/wafpolicy1","type":"Microsoft.Cdn/cdnwebapplicationfirewallpolicies","name":"wafpolicy1","location":"Global","tags":{},"sku":{"name":"Standard_Microsoft"},"properties":{"policySettings":{"enabledState":"Enabled","mode":"Detection","defaultRedirectUrl":null,"defaultCustomBlockResponseStatusCode":null,"defaultCustomBlockResponseBody":null},"customRules":{"rules":[]},"rateLimitRules":{"rules":[]},"managedRules":{"managedRuleSets":[]},"endpointLinks":[],"resourceState":"Enabled","provisioningState":"Succeeded"}}'
    headers:
      cache-control:
      - no-cache
      content-length:
      - '671'
      content-type:
      - application/json; charset=utf-8
      date:
      - Thu, 24 Mar 2022 07:26:06 GMT
      expires:
      - '-1'
      pragma:
      - no-cache
      server:
      - Kestrel
      strict-transport-security:
      - max-age=31536000; includeSubDomains
      x-content-type-options:
      - nosniff
      x-ms-ratelimit-remaining-subscription-writes:
      - '1195'
    status:
      code: 201
      message: Created
- request:
    body: null
    headers:
      Accept:
      - application/json
      Accept-Encoding:
      - gzip, deflate
      CommandName:
      - cdn endpoint create
      Connection:
      - keep-alive
      ParameterSetName:
      - -g --origin --profile-name -n
      User-Agent:
      - AZURECLI/2.33.0 azsdk-python-azure-mgmt-resource/20.0.0 Python/3.7.9 (Windows-10-10.0.19041-SP0)
    method: GET
    uri: https://management.azure.com/subscriptions/00000000-0000-0000-0000-000000000000/resourcegroups/cli_test_cdn_domain000001?api-version=2021-04-01
  response:
    body:
      string: '{"id":"/subscriptions/00000000-0000-0000-0000-000000000000/resourceGroups/cli_test_cdn_domain000001","name":"cli_test_cdn_domain000001","type":"Microsoft.Resources/resourceGroups","location":"westus","tags":{"product":"azurecli","cause":"automation","date":"2022-03-24T07:25:40Z"},"properties":{"provisioningState":"Succeeded"}}'
    headers:
      cache-control:
      - no-cache
      content-length:
      - '328'
      content-type:
      - application/json; charset=utf-8
      date:
      - Thu, 24 Mar 2022 07:26:06 GMT
      expires:
      - '-1'
      pragma:
      - no-cache
      strict-transport-security:
      - max-age=31536000; includeSubDomains
      vary:
      - Accept-Encoding
      x-content-type-options:
      - nosniff
    status:
      code: 200
      message: OK
- request:
    body: '{"location": "westus", "properties": {"isCompressionEnabled": false, "isHttpAllowed":
      true, "isHttpsAllowed": true, "origins": [{"name": "origin-0", "properties":
      {"hostName": "www.test.com", "httpPort": 80, "httpsPort": 443}}]}}'
    headers:
      Accept:
      - application/json
      Accept-Encoding:
      - gzip, deflate
      CommandName:
      - cdn endpoint create
      Connection:
      - keep-alive
      Content-Length:
      - '229'
      Content-Type:
      - application/json
      ParameterSetName:
      - -g --origin --profile-name -n
      User-Agent:
      - AZURECLI/2.33.0 azsdk-python-mgmt-cdn/12.0.0 Python/3.7.9 (Windows-10-10.0.19041-SP0)
    method: PUT
    uri: https://management.azure.com/subscriptions/00000000-0000-0000-0000-000000000000/resourceGroups/cli_test_cdn_domain000001/providers/Microsoft.Cdn/profiles/ps1/endpoints/ep1000002?api-version=2021-06-01
  response:
    body:
      string: '{"id":"/subscriptions/00000000-0000-0000-0000-000000000000/resourcegroups/cli_test_cdn_domain000001/providers/Microsoft.Cdn/profiles/ps1/endpoints/ep1000002","type":"Microsoft.Cdn/profiles/endpoints","name":"ep1000002","location":"WestUs","tags":{},"properties":{"hostName":"ep1000002.azureedge.net","originHostHeader":null,"originPath":null,"contentTypesToCompress":[],"isCompressionEnabled":false,"isHttpAllowed":true,"isHttpsAllowed":true,"queryStringCachingBehavior":"IgnoreQueryString","optimizationType":null,"probePath":null,"origins":[{"name":"origin-0","properties":{"hostName":"www.test.com","httpPort":80,"httpsPort":443,"originHostHeader":null,"priority":1,"weight":1000,"enabled":true,"privateLinkAlias":null,"privateLinkResourceId":null,"privateLinkLocation":null,"privateEndpointStatus":null,"privateLinkApprovalMessage":null}}],"originGroups":[],"defaultOriginGroup":null,"customDomains":[],"geoFilters":[],"deliveryPolicy":null,"urlSigningKeys":null,"webApplicationFirewallPolicyLink":null,"resourceState":"Creating","provisioningState":"Creating"}}'
    headers:
      azure-asyncoperation:
      - https://management.azure.com/subscriptions/00000000-0000-0000-0000-000000000000/resourcegroups/cli_test_cdn_domain000001/providers/Microsoft.Cdn/operationresults/b79ffe92-2c7e-4aa9-bf6a-d1d7b17ccf99?api-version=2021-06-01
      cache-control:
      - no-cache
      content-length:
      - '1066'
      content-type:
      - application/json; charset=utf-8
      date:
      - Thu, 24 Mar 2022 07:26:12 GMT
      expires:
      - '-1'
      pragma:
      - no-cache
      server:
      - Kestrel
      strict-transport-security:
      - max-age=31536000; includeSubDomains
      x-content-type-options:
      - nosniff
      x-ms-ratelimit-remaining-subscription-resource-requests:
      - '99'
    status:
      code: 201
      message: Created
- request:
    body: null
    headers:
      Accept:
      - '*/*'
      Accept-Encoding:
      - gzip, deflate
      CommandName:
      - cdn endpoint create
      Connection:
      - keep-alive
      ParameterSetName:
      - -g --origin --profile-name -n
      User-Agent:
      - AZURECLI/2.33.0 azsdk-python-mgmt-cdn/12.0.0 Python/3.7.9 (Windows-10-10.0.19041-SP0)
    method: GET
    uri: https://management.azure.com/subscriptions/00000000-0000-0000-0000-000000000000/resourcegroups/cli_test_cdn_domain000001/providers/Microsoft.Cdn/operationresults/b79ffe92-2c7e-4aa9-bf6a-d1d7b17ccf99?api-version=2021-06-01
  response:
    body:
      string: '{"status":"Succeeded","error":{"code":"None","message":null}}'
    headers:
      cache-control:
      - no-cache
      content-length:
      - '61'
      content-type:
      - application/json; charset=utf-8
      date:
      - Thu, 24 Mar 2022 07:26:22 GMT
      expires:
      - '-1'
      pragma:
      - no-cache
      server:
      - Kestrel
      strict-transport-security:
      - max-age=31536000; includeSubDomains
      transfer-encoding:
      - chunked
      vary:
      - Accept-Encoding
      x-content-type-options:
      - nosniff
    status:
      code: 200
      message: OK
- request:
    body: null
    headers:
      Accept:
      - '*/*'
      Accept-Encoding:
      - gzip, deflate
      CommandName:
      - cdn endpoint create
      Connection:
      - keep-alive
      ParameterSetName:
      - -g --origin --profile-name -n
      User-Agent:
      - AZURECLI/2.33.0 azsdk-python-mgmt-cdn/12.0.0 Python/3.7.9 (Windows-10-10.0.19041-SP0)
    method: GET
    uri: https://management.azure.com/subscriptions/00000000-0000-0000-0000-000000000000/resourceGroups/cli_test_cdn_domain000001/providers/Microsoft.Cdn/profiles/ps1/endpoints/ep1000002?api-version=2021-06-01
  response:
    body:
      string: '{"id":"/subscriptions/00000000-0000-0000-0000-000000000000/resourcegroups/cli_test_cdn_domain000001/providers/Microsoft.Cdn/profiles/ps1/endpoints/ep1000002","type":"Microsoft.Cdn/profiles/endpoints","name":"ep1000002","location":"WestUs","tags":{},"properties":{"hostName":"ep1000002.azureedge.net","originHostHeader":null,"originPath":null,"contentTypesToCompress":[],"isCompressionEnabled":false,"isHttpAllowed":true,"isHttpsAllowed":true,"queryStringCachingBehavior":"IgnoreQueryString","optimizationType":null,"probePath":null,"origins":[{"name":"origin-0","properties":{"hostName":"www.test.com","httpPort":80,"httpsPort":443,"originHostHeader":null,"priority":1,"weight":1000,"enabled":true,"privateLinkAlias":null,"privateLinkResourceId":null,"privateLinkLocation":null,"privateEndpointStatus":null,"privateLinkApprovalMessage":null}}],"originGroups":[],"defaultOriginGroup":null,"customDomains":[],"geoFilters":[],"deliveryPolicy":null,"urlSigningKeys":null,"webApplicationFirewallPolicyLink":null,"resourceState":"Running","provisioningState":"Succeeded"}}'
    headers:
      cache-control:
      - no-cache
      content-length:
      - '1066'
      content-type:
      - application/json; charset=utf-8
      date:
      - Thu, 24 Mar 2022 07:26:24 GMT
      expires:
      - '-1'
      pragma:
      - no-cache
      server:
      - Kestrel
      strict-transport-security:
      - max-age=31536000; includeSubDomains
      transfer-encoding:
      - chunked
      vary:
      - Accept-Encoding
      x-content-type-options:
      - nosniff
      x-ms-ratelimit-remaining-subscription-resource-requests:
      - '49'
    status:
      code: 200
      message: OK
- request:
    body: null
    headers:
      Accept:
      - application/json
      Accept-Encoding:
      - gzip, deflate
      CommandName:
      - cdn endpoint waf policy show
      Connection:
      - keep-alive
      ParameterSetName:
      - -g --profile-name --endpoint-name
      User-Agent:
      - AZURECLI/2.33.0 azsdk-python-mgmt-cdn/12.0.0 Python/3.7.9 (Windows-10-10.0.19041-SP0)
    method: GET
    uri: https://management.azure.com/subscriptions/00000000-0000-0000-0000-000000000000/resourceGroups/cli_test_cdn_domain000001/providers/Microsoft.Cdn/profiles/ps1/endpoints/ep1000002?api-version=2021-06-01
  response:
    body:
      string: '{"id":"/subscriptions/00000000-0000-0000-0000-000000000000/resourcegroups/cli_test_cdn_domain000001/providers/Microsoft.Cdn/profiles/ps1/endpoints/ep1000002","type":"Microsoft.Cdn/profiles/endpoints","name":"ep1000002","location":"WestUs","tags":{},"properties":{"hostName":"ep1000002.azureedge.net","originHostHeader":null,"originPath":null,"contentTypesToCompress":[],"isCompressionEnabled":false,"isHttpAllowed":true,"isHttpsAllowed":true,"queryStringCachingBehavior":"IgnoreQueryString","optimizationType":null,"probePath":null,"origins":[{"name":"origin-0","properties":{"hostName":"www.test.com","httpPort":80,"httpsPort":443,"originHostHeader":null,"priority":1,"weight":1000,"enabled":true,"privateLinkAlias":null,"privateLinkResourceId":null,"privateLinkLocation":null,"privateEndpointStatus":null,"privateLinkApprovalMessage":null}}],"originGroups":[],"defaultOriginGroup":null,"customDomains":[],"geoFilters":[],"deliveryPolicy":null,"urlSigningKeys":null,"webApplicationFirewallPolicyLink":null,"resourceState":"Running","provisioningState":"Succeeded"}}'
    headers:
      cache-control:
      - no-cache
      content-length:
      - '1066'
      content-type:
      - application/json; charset=utf-8
      date:
      - Thu, 24 Mar 2022 07:26:25 GMT
      expires:
      - '-1'
      pragma:
      - no-cache
      server:
      - Kestrel
      strict-transport-security:
      - max-age=31536000; includeSubDomains
      transfer-encoding:
      - chunked
      vary:
      - Accept-Encoding
      x-content-type-options:
      - nosniff
      x-ms-ratelimit-remaining-subscription-resource-requests:
      - '48'
    status:
      code: 200
      message: OK
- request:
    body: null
    headers:
      Accept:
      - application/json
      Accept-Encoding:
      - gzip, deflate
      CommandName:
      - cdn endpoint waf policy set
      Connection:
      - keep-alive
      ParameterSetName:
      - -g --profile-name --endpoint-name --waf-policy-subscription-id --waf-policy-resource-group-name
        --waf-policy-name
      User-Agent:
      - AZURECLI/2.33.0 azsdk-python-mgmt-cdn/12.0.0 Python/3.7.9 (Windows-10-10.0.19041-SP0)
    method: GET
    uri: https://management.azure.com/subscriptions/00000000-0000-0000-0000-000000000000/resourceGroups/cli_test_cdn_domain000001/providers/Microsoft.Cdn/profiles/ps1/endpoints/ep1000002?api-version=2021-06-01
  response:
    body:
      string: '{"id":"/subscriptions/00000000-0000-0000-0000-000000000000/resourcegroups/cli_test_cdn_domain000001/providers/Microsoft.Cdn/profiles/ps1/endpoints/ep1000002","type":"Microsoft.Cdn/profiles/endpoints","name":"ep1000002","location":"WestUs","tags":{},"properties":{"hostName":"ep1000002.azureedge.net","originHostHeader":null,"originPath":null,"contentTypesToCompress":[],"isCompressionEnabled":false,"isHttpAllowed":true,"isHttpsAllowed":true,"queryStringCachingBehavior":"IgnoreQueryString","optimizationType":null,"probePath":null,"origins":[{"name":"origin-0","properties":{"hostName":"www.test.com","httpPort":80,"httpsPort":443,"originHostHeader":null,"priority":1,"weight":1000,"enabled":true,"privateLinkAlias":null,"privateLinkResourceId":null,"privateLinkLocation":null,"privateEndpointStatus":null,"privateLinkApprovalMessage":null}}],"originGroups":[],"defaultOriginGroup":null,"customDomains":[],"geoFilters":[],"deliveryPolicy":null,"urlSigningKeys":null,"webApplicationFirewallPolicyLink":null,"resourceState":"Running","provisioningState":"Succeeded"}}'
    headers:
      cache-control:
      - no-cache
      content-length:
      - '1066'
      content-type:
      - application/json; charset=utf-8
      date:
      - Thu, 24 Mar 2022 07:26:26 GMT
      expires:
      - '-1'
      pragma:
      - no-cache
      server:
      - Kestrel
      strict-transport-security:
      - max-age=31536000; includeSubDomains
      transfer-encoding:
      - chunked
      vary:
      - Accept-Encoding
      x-content-type-options:
      - nosniff
      x-ms-ratelimit-remaining-subscription-resource-requests:
      - '47'
    status:
      code: 200
      message: OK
- request:
    body: '{"location": "WestUs", "tags": {}, "properties": {"contentTypesToCompress":
      [], "isCompressionEnabled": false, "isHttpAllowed": true, "isHttpsAllowed":
      true, "queryStringCachingBehavior": "IgnoreQueryString", "geoFilters": [], "webApplicationFirewallPolicyLink":
      {"id": "/subscriptions/00000000-0000-0000-0000-000000000000/resourceGroups/cli_test_cdn_domain000001/providers/Microsoft.Cdn/CdnWebApplicationFirewallPolicies/wafpolicy1"},
      "origins": [{"name": "origin-0", "properties": {"hostName": "www.test.com",
      "httpPort": 80, "httpsPort": 443, "priority": 1, "weight": 1000, "enabled":
      true}}], "originGroups": []}}'
    headers:
      Accept:
      - application/json
      Accept-Encoding:
      - gzip, deflate
      CommandName:
      - cdn endpoint waf policy set
      Connection:
      - keep-alive
      Content-Length:
      - '617'
      Content-Type:
      - application/json
      ParameterSetName:
      - -g --profile-name --endpoint-name --waf-policy-subscription-id --waf-policy-resource-group-name
        --waf-policy-name
      User-Agent:
      - AZURECLI/2.33.0 azsdk-python-mgmt-cdn/12.0.0 Python/3.7.9 (Windows-10-10.0.19041-SP0)
    method: PUT
    uri: https://management.azure.com/subscriptions/00000000-0000-0000-0000-000000000000/resourceGroups/cli_test_cdn_domain000001/providers/Microsoft.Cdn/profiles/ps1/endpoints/ep1000002?api-version=2021-06-01
  response:
    body:
      string: '{"id":"/subscriptions/00000000-0000-0000-0000-000000000000/resourcegroups/cli_test_cdn_domain000001/providers/Microsoft.Cdn/profiles/ps1/endpoints/ep1000002","type":"Microsoft.Cdn/profiles/endpoints","name":"ep1000002","location":"WestUs","tags":{},"properties":{"hostName":"ep1000002.azureedge.net","originHostHeader":null,"originPath":null,"contentTypesToCompress":[],"isCompressionEnabled":false,"isHttpAllowed":true,"isHttpsAllowed":true,"queryStringCachingBehavior":"IgnoreQueryString","optimizationType":null,"probePath":null,"origins":[{"name":"origin-0","properties":{"hostName":"www.test.com","httpPort":80,"httpsPort":443,"originHostHeader":null,"priority":1,"weight":1000,"enabled":true,"privateLinkAlias":null,"privateLinkResourceId":null,"privateLinkLocation":null,"privateEndpointStatus":null,"privateLinkApprovalMessage":null}}],"originGroups":[],"defaultOriginGroup":null,"customDomains":[],"geoFilters":[],"deliveryPolicy":null,"urlSigningKeys":null,"webApplicationFirewallPolicyLink":{"id":"/subscriptions/00000000-0000-0000-0000-000000000000/resourceGroups/cli_test_cdn_domain000001/providers/Microsoft.Cdn/CdnWebApplicationFirewallPolicies/wafpolicy1"},"resourceState":"Running","provisioningState":"Succeeded"}}'
    headers:
      azure-asyncoperation:
      - https://management.azure.com/subscriptions/00000000-0000-0000-0000-000000000000/resourcegroups/cli_test_cdn_domain000001/providers/Microsoft.Cdn/operationresults/f2ac8e35-7d1d-4842-a8d5-722915cd4058?api-version=2021-06-01
      cache-control:
      - no-cache
      content-length:
      - '1232'
      content-type:
      - application/json; charset=utf-8
      date:
      - Thu, 24 Mar 2022 07:26:28 GMT
      expires:
      - '-1'
      location:
      - https://management.azure.com/subscriptions/00000000-0000-0000-0000-000000000000/resourcegroups/cli_test_cdn_domain000001/providers/Microsoft.Cdn/operationresults/f2ac8e35-7d1d-4842-a8d5-722915cd4058/profileresults/ps1/endpointresults/ep1000002?api-version=2021-06-01
      pragma:
      - no-cache
      server:
      - Kestrel
      strict-transport-security:
      - max-age=31536000; includeSubDomains
      x-content-type-options:
      - nosniff
      x-ms-ratelimit-remaining-subscription-resource-requests:
      - '98'
    status:
      code: 202
      message: Accepted
- request:
    body: null
    headers:
      Accept:
      - '*/*'
      Accept-Encoding:
      - gzip, deflate
      CommandName:
      - cdn endpoint waf policy set
      Connection:
      - keep-alive
      ParameterSetName:
      - -g --profile-name --endpoint-name --waf-policy-subscription-id --waf-policy-resource-group-name
        --waf-policy-name
      User-Agent:
      - AZURECLI/2.33.0 azsdk-python-mgmt-cdn/12.0.0 Python/3.7.9 (Windows-10-10.0.19041-SP0)
    method: GET
    uri: https://management.azure.com/subscriptions/00000000-0000-0000-0000-000000000000/resourcegroups/cli_test_cdn_domain000001/providers/Microsoft.Cdn/operationresults/f2ac8e35-7d1d-4842-a8d5-722915cd4058?api-version=2021-06-01
  response:
    body:
      string: '{"status":"Succeeded","error":{"code":"None","message":null}}'
    headers:
      cache-control:
      - no-cache
      content-length:
      - '61'
      content-type:
      - application/json; charset=utf-8
      date:
      - Thu, 24 Mar 2022 07:26:38 GMT
      expires:
      - '-1'
      pragma:
      - no-cache
      server:
      - Kestrel
      strict-transport-security:
      - max-age=31536000; includeSubDomains
      transfer-encoding:
      - chunked
      vary:
      - Accept-Encoding
      x-content-type-options:
      - nosniff
    status:
      code: 200
      message: OK
- request:
    body: null
    headers:
      Accept:
      - '*/*'
      Accept-Encoding:
      - gzip, deflate
      CommandName:
      - cdn endpoint waf policy set
      Connection:
      - keep-alive
      ParameterSetName:
      - -g --profile-name --endpoint-name --waf-policy-subscription-id --waf-policy-resource-group-name
        --waf-policy-name
      User-Agent:
      - AZURECLI/2.33.0 azsdk-python-mgmt-cdn/12.0.0 Python/3.7.9 (Windows-10-10.0.19041-SP0)
    method: GET
    uri: https://management.azure.com/subscriptions/00000000-0000-0000-0000-000000000000/resourceGroups/cli_test_cdn_domain000001/providers/Microsoft.Cdn/profiles/ps1/endpoints/ep1000002?api-version=2021-06-01
  response:
    body:
      string: '{"id":"/subscriptions/00000000-0000-0000-0000-000000000000/resourcegroups/cli_test_cdn_domain000001/providers/Microsoft.Cdn/profiles/ps1/endpoints/ep1000002","type":"Microsoft.Cdn/profiles/endpoints","name":"ep1000002","location":"WestUs","tags":{},"properties":{"hostName":"ep1000002.azureedge.net","originHostHeader":null,"originPath":null,"contentTypesToCompress":[],"isCompressionEnabled":false,"isHttpAllowed":true,"isHttpsAllowed":true,"queryStringCachingBehavior":"IgnoreQueryString","optimizationType":null,"probePath":null,"origins":[{"name":"origin-0","properties":{"hostName":"www.test.com","httpPort":80,"httpsPort":443,"originHostHeader":null,"priority":1,"weight":1000,"enabled":true,"privateLinkAlias":null,"privateLinkResourceId":null,"privateLinkLocation":null,"privateEndpointStatus":null,"privateLinkApprovalMessage":null}}],"originGroups":[],"defaultOriginGroup":null,"customDomains":[],"geoFilters":[],"deliveryPolicy":null,"urlSigningKeys":null,"webApplicationFirewallPolicyLink":{"id":"/subscriptions/00000000-0000-0000-0000-000000000000/resourceGroups/cli_test_cdn_domain000001/providers/Microsoft.Cdn/CdnWebApplicationFirewallPolicies/wafpolicy1"},"resourceState":"Running","provisioningState":"Succeeded"}}'
    headers:
      cache-control:
      - no-cache
      content-length:
      - '1232'
      content-type:
      - application/json; charset=utf-8
      date:
      - Thu, 24 Mar 2022 07:26:38 GMT
      expires:
      - '-1'
      pragma:
      - no-cache
      server:
      - Kestrel
      strict-transport-security:
      - max-age=31536000; includeSubDomains
      transfer-encoding:
      - chunked
      vary:
      - Accept-Encoding
      x-content-type-options:
      - nosniff
      x-ms-ratelimit-remaining-subscription-resource-requests:
      - '46'
    status:
      code: 200
      message: OK
- request:
    body: null
    headers:
      Accept:
      - application/json
      Accept-Encoding:
      - gzip, deflate
      CommandName:
      - cdn endpoint show
      Connection:
      - keep-alive
      ParameterSetName:
      - -g --profile-name -n
      User-Agent:
      - AZURECLI/2.33.0 azsdk-python-mgmt-cdn/12.0.0 Python/3.7.9 (Windows-10-10.0.19041-SP0)
    method: GET
    uri: https://management.azure.com/subscriptions/00000000-0000-0000-0000-000000000000/resourceGroups/cli_test_cdn_domain000001/providers/Microsoft.Cdn/profiles/ps1/endpoints/ep1000002?api-version=2021-06-01
  response:
    body:
      string: '{"id":"/subscriptions/00000000-0000-0000-0000-000000000000/resourcegroups/cli_test_cdn_domain000001/providers/Microsoft.Cdn/profiles/ps1/endpoints/ep1000002","type":"Microsoft.Cdn/profiles/endpoints","name":"ep1000002","location":"WestUs","tags":{},"properties":{"hostName":"ep1000002.azureedge.net","originHostHeader":null,"originPath":null,"contentTypesToCompress":[],"isCompressionEnabled":false,"isHttpAllowed":true,"isHttpsAllowed":true,"queryStringCachingBehavior":"IgnoreQueryString","optimizationType":null,"probePath":null,"origins":[{"name":"origin-0","properties":{"hostName":"www.test.com","httpPort":80,"httpsPort":443,"originHostHeader":null,"priority":1,"weight":1000,"enabled":true,"privateLinkAlias":null,"privateLinkResourceId":null,"privateLinkLocation":null,"privateEndpointStatus":null,"privateLinkApprovalMessage":null}}],"originGroups":[],"defaultOriginGroup":null,"customDomains":[],"geoFilters":[],"deliveryPolicy":null,"urlSigningKeys":null,"webApplicationFirewallPolicyLink":{"id":"/subscriptions/00000000-0000-0000-0000-000000000000/resourceGroups/cli_test_cdn_domain000001/providers/Microsoft.Cdn/CdnWebApplicationFirewallPolicies/wafpolicy1"},"resourceState":"Running","provisioningState":"Succeeded"}}'
    headers:
      cache-control:
      - no-cache
      content-length:
      - '1232'
      content-type:
      - application/json; charset=utf-8
      date:
      - Thu, 24 Mar 2022 07:26:40 GMT
      expires:
      - '-1'
      pragma:
      - no-cache
      server:
      - Kestrel
      strict-transport-security:
      - max-age=31536000; includeSubDomains
      transfer-encoding:
      - chunked
      vary:
      - Accept-Encoding
      x-content-type-options:
      - nosniff
      x-ms-ratelimit-remaining-subscription-resource-requests:
      - '49'
    status:
      code: 200
      message: OK
- request:
    body: null
    headers:
      Accept:
      - application/json
      Accept-Encoding:
      - gzip, deflate
      CommandName:
      - cdn waf policy show
      Connection:
      - keep-alive
      ParameterSetName:
      - -g -n
      User-Agent:
      - AZURECLI/2.33.0 azsdk-python-mgmt-cdn/12.0.0 Python/3.7.9 (Windows-10-10.0.19041-SP0)
    method: GET
    uri: https://management.azure.com/subscriptions/00000000-0000-0000-0000-000000000000/resourceGroups/cli_test_cdn_domain000001/providers/Microsoft.Cdn/cdnWebApplicationFirewallPolicies/wafpolicy1?api-version=2021-06-01
  response:
    body:
      string: '{"id":"/subscriptions/00000000-0000-0000-0000-000000000000/resourcegroups/cli_test_cdn_domain000001/providers/Microsoft.Cdn/cdnwebapplicationfirewallpolicies/wafpolicy1","type":"Microsoft.Cdn/cdnwebapplicationfirewallpolicies","name":"wafpolicy1","location":"Global","tags":{},"sku":{"name":"Standard_Microsoft"},"properties":{"policySettings":{"enabledState":"Enabled","mode":"Detection","defaultRedirectUrl":null,"defaultCustomBlockResponseStatusCode":null,"defaultCustomBlockResponseBody":null},"customRules":{"rules":[]},"rateLimitRules":{"rules":[]},"managedRules":{"managedRuleSets":[]},"endpointLinks":[{"id":"/subscriptions/00000000-0000-0000-0000-000000000000/resourcegroups/cli_test_cdn_domain000001/providers/Microsoft.Cdn/profiles/ps1/endpoints/ep1000002"}],"resourceState":"Enabled","provisioningState":"Succeeded"}}'
    headers:
      cache-control:
      - no-cache
      content-length:
      - '829'
      content-type:
      - application/json; charset=utf-8
      date:
      - Thu, 24 Mar 2022 07:26:42 GMT
      expires:
      - '-1'
      pragma:
      - no-cache
      server:
      - Kestrel
      strict-transport-security:
      - max-age=31536000; includeSubDomains
      transfer-encoding:
      - chunked
      vary:
      - Accept-Encoding
      x-content-type-options:
      - nosniff
    status:
      code: 200
      message: OK
- request:
    body: null
    headers:
      Accept:
      - application/json
      Accept-Encoding:
      - gzip, deflate
      CommandName:
      - cdn endpoint create
      Connection:
      - keep-alive
      ParameterSetName:
      - -g --origin --profile-name -n
      User-Agent:
      - AZURECLI/2.33.0 azsdk-python-azure-mgmt-resource/20.0.0 Python/3.7.9 (Windows-10-10.0.19041-SP0)
    method: GET
    uri: https://management.azure.com/subscriptions/00000000-0000-0000-0000-000000000000/resourcegroups/cli_test_cdn_domain000001?api-version=2021-04-01
  response:
    body:
      string: '{"id":"/subscriptions/00000000-0000-0000-0000-000000000000/resourceGroups/cli_test_cdn_domain000001","name":"cli_test_cdn_domain000001","type":"Microsoft.Resources/resourceGroups","location":"westus","tags":{"product":"azurecli","cause":"automation","date":"2022-03-24T07:25:40Z"},"properties":{"provisioningState":"Succeeded"}}'
    headers:
      cache-control:
      - no-cache
      content-length:
      - '328'
      content-type:
      - application/json; charset=utf-8
      date:
      - Thu, 24 Mar 2022 07:26:42 GMT
      expires:
      - '-1'
      pragma:
      - no-cache
      strict-transport-security:
      - max-age=31536000; includeSubDomains
      vary:
      - Accept-Encoding
      x-content-type-options:
      - nosniff
    status:
      code: 200
      message: OK
- request:
    body: '{"location": "westus", "properties": {"isCompressionEnabled": false, "isHttpAllowed":
      true, "isHttpsAllowed": true, "origins": [{"name": "origin-0", "properties":
      {"hostName": "www.test.com", "httpPort": 80, "httpsPort": 443}}]}}'
    headers:
      Accept:
      - application/json
      Accept-Encoding:
      - gzip, deflate
      CommandName:
      - cdn endpoint create
      Connection:
      - keep-alive
      Content-Length:
      - '229'
      Content-Type:
      - application/json
      ParameterSetName:
      - -g --origin --profile-name -n
      User-Agent:
      - AZURECLI/2.33.0 azsdk-python-mgmt-cdn/12.0.0 Python/3.7.9 (Windows-10-10.0.19041-SP0)
    method: PUT
    uri: https://management.azure.com/subscriptions/00000000-0000-0000-0000-000000000000/resourceGroups/cli_test_cdn_domain000001/providers/Microsoft.Cdn/profiles/ps1/endpoints/ep2000003?api-version=2021-06-01
  response:
    body:
      string: '{"id":"/subscriptions/00000000-0000-0000-0000-000000000000/resourcegroups/cli_test_cdn_domain000001/providers/Microsoft.Cdn/profiles/ps1/endpoints/ep2000003","type":"Microsoft.Cdn/profiles/endpoints","name":"ep2000003","location":"WestUs","tags":{},"properties":{"hostName":"ep2000003.azureedge.net","originHostHeader":null,"originPath":null,"contentTypesToCompress":[],"isCompressionEnabled":false,"isHttpAllowed":true,"isHttpsAllowed":true,"queryStringCachingBehavior":"IgnoreQueryString","optimizationType":null,"probePath":null,"origins":[{"name":"origin-0","properties":{"hostName":"www.test.com","httpPort":80,"httpsPort":443,"originHostHeader":null,"priority":1,"weight":1000,"enabled":true,"privateLinkAlias":null,"privateLinkResourceId":null,"privateLinkLocation":null,"privateEndpointStatus":null,"privateLinkApprovalMessage":null}}],"originGroups":[],"defaultOriginGroup":null,"customDomains":[],"geoFilters":[],"deliveryPolicy":null,"urlSigningKeys":null,"webApplicationFirewallPolicyLink":null,"resourceState":"Creating","provisioningState":"Creating"}}'
    headers:
      azure-asyncoperation:
      - https://management.azure.com/subscriptions/00000000-0000-0000-0000-000000000000/resourcegroups/cli_test_cdn_domain000001/providers/Microsoft.Cdn/operationresults/02355b23-5003-425f-971b-dc95297337f5?api-version=2021-06-01
      cache-control:
      - no-cache
      content-length:
      - '1066'
      content-type:
      - application/json; charset=utf-8
      date:
      - Thu, 24 Mar 2022 07:26:49 GMT
      expires:
      - '-1'
      pragma:
      - no-cache
      server:
      - Kestrel
      strict-transport-security:
      - max-age=31536000; includeSubDomains
      x-content-type-options:
      - nosniff
      x-ms-ratelimit-remaining-subscription-resource-requests:
      - '96'
    status:
      code: 201
      message: Created
- request:
    body: null
    headers:
      Accept:
      - '*/*'
      Accept-Encoding:
      - gzip, deflate
      CommandName:
      - cdn endpoint create
      Connection:
      - keep-alive
      ParameterSetName:
      - -g --origin --profile-name -n
      User-Agent:
      - AZURECLI/2.33.0 azsdk-python-mgmt-cdn/12.0.0 Python/3.7.9 (Windows-10-10.0.19041-SP0)
    method: GET
    uri: https://management.azure.com/subscriptions/00000000-0000-0000-0000-000000000000/resourcegroups/cli_test_cdn_domain000001/providers/Microsoft.Cdn/operationresults/02355b23-5003-425f-971b-dc95297337f5?api-version=2021-06-01
  response:
    body:
      string: '{"status":"Succeeded","error":{"code":"None","message":null}}'
    headers:
      cache-control:
      - no-cache
      content-length:
      - '61'
      content-type:
      - application/json; charset=utf-8
      date:
      - Thu, 24 Mar 2022 07:26:59 GMT
      expires:
      - '-1'
      pragma:
      - no-cache
      server:
      - Kestrel
      strict-transport-security:
      - max-age=31536000; includeSubDomains
      transfer-encoding:
      - chunked
      vary:
      - Accept-Encoding
      x-content-type-options:
      - nosniff
    status:
      code: 200
      message: OK
- request:
    body: null
    headers:
      Accept:
      - '*/*'
      Accept-Encoding:
      - gzip, deflate
      CommandName:
      - cdn endpoint create
      Connection:
      - keep-alive
      ParameterSetName:
      - -g --origin --profile-name -n
      User-Agent:
      - AZURECLI/2.33.0 azsdk-python-mgmt-cdn/12.0.0 Python/3.7.9 (Windows-10-10.0.19041-SP0)
    method: GET
    uri: https://management.azure.com/subscriptions/00000000-0000-0000-0000-000000000000/resourceGroups/cli_test_cdn_domain000001/providers/Microsoft.Cdn/profiles/ps1/endpoints/ep2000003?api-version=2021-06-01
  response:
    body:
      string: '{"id":"/subscriptions/00000000-0000-0000-0000-000000000000/resourcegroups/cli_test_cdn_domain000001/providers/Microsoft.Cdn/profiles/ps1/endpoints/ep2000003","type":"Microsoft.Cdn/profiles/endpoints","name":"ep2000003","location":"WestUs","tags":{},"properties":{"hostName":"ep2000003.azureedge.net","originHostHeader":null,"originPath":null,"contentTypesToCompress":[],"isCompressionEnabled":false,"isHttpAllowed":true,"isHttpsAllowed":true,"queryStringCachingBehavior":"IgnoreQueryString","optimizationType":null,"probePath":null,"origins":[{"name":"origin-0","properties":{"hostName":"www.test.com","httpPort":80,"httpsPort":443,"originHostHeader":null,"priority":1,"weight":1000,"enabled":true,"privateLinkAlias":null,"privateLinkResourceId":null,"privateLinkLocation":null,"privateEndpointStatus":null,"privateLinkApprovalMessage":null}}],"originGroups":[],"defaultOriginGroup":null,"customDomains":[],"geoFilters":[],"deliveryPolicy":null,"urlSigningKeys":null,"webApplicationFirewallPolicyLink":null,"resourceState":"Running","provisioningState":"Succeeded"}}'
    headers:
      cache-control:
      - no-cache
      content-length:
      - '1066'
      content-type:
      - application/json; charset=utf-8
      date:
      - Thu, 24 Mar 2022 07:26:59 GMT
      expires:
      - '-1'
      pragma:
      - no-cache
      server:
      - Kestrel
      strict-transport-security:
      - max-age=31536000; includeSubDomains
      transfer-encoding:
      - chunked
      vary:
      - Accept-Encoding
      x-content-type-options:
      - nosniff
      x-ms-ratelimit-remaining-subscription-resource-requests:
      - '46'
    status:
      code: 200
      message: OK
- request:
    body: null
    headers:
      Accept:
      - application/json
      Accept-Encoding:
      - gzip, deflate
      CommandName:
      - cdn endpoint waf policy set
      Connection:
      - keep-alive
      ParameterSetName:
      - -g --profile-name --endpoint-name --waf-policy-id
      User-Agent:
      - AZURECLI/2.33.0 azsdk-python-mgmt-cdn/12.0.0 Python/3.7.9 (Windows-10-10.0.19041-SP0)
    method: GET
    uri: https://management.azure.com/subscriptions/00000000-0000-0000-0000-000000000000/resourceGroups/cli_test_cdn_domain000001/providers/Microsoft.Cdn/profiles/ps1/endpoints/ep2000003?api-version=2021-06-01
  response:
    body:
      string: '{"id":"/subscriptions/00000000-0000-0000-0000-000000000000/resourcegroups/cli_test_cdn_domain000001/providers/Microsoft.Cdn/profiles/ps1/endpoints/ep2000003","type":"Microsoft.Cdn/profiles/endpoints","name":"ep2000003","location":"WestUs","tags":{},"properties":{"hostName":"ep2000003.azureedge.net","originHostHeader":null,"originPath":null,"contentTypesToCompress":[],"isCompressionEnabled":false,"isHttpAllowed":true,"isHttpsAllowed":true,"queryStringCachingBehavior":"IgnoreQueryString","optimizationType":null,"probePath":null,"origins":[{"name":"origin-0","properties":{"hostName":"www.test.com","httpPort":80,"httpsPort":443,"originHostHeader":null,"priority":1,"weight":1000,"enabled":true,"privateLinkAlias":null,"privateLinkResourceId":null,"privateLinkLocation":null,"privateEndpointStatus":null,"privateLinkApprovalMessage":null}}],"originGroups":[],"defaultOriginGroup":null,"customDomains":[],"geoFilters":[],"deliveryPolicy":null,"urlSigningKeys":null,"webApplicationFirewallPolicyLink":null,"resourceState":"Running","provisioningState":"Succeeded"}}'
    headers:
      cache-control:
      - no-cache
      content-length:
      - '1066'
      content-type:
      - application/json; charset=utf-8
      date:
      - Thu, 24 Mar 2022 07:27:00 GMT
      expires:
      - '-1'
      pragma:
      - no-cache
      server:
      - Kestrel
      strict-transport-security:
      - max-age=31536000; includeSubDomains
      transfer-encoding:
      - chunked
      vary:
      - Accept-Encoding
      x-content-type-options:
      - nosniff
      x-ms-ratelimit-remaining-subscription-resource-requests:
      - '43'
    status:
      code: 200
      message: OK
- request:
    body: '{"location": "WestUs", "tags": {}, "properties": {"contentTypesToCompress":
      [], "isCompressionEnabled": false, "isHttpAllowed": true, "isHttpsAllowed":
      true, "queryStringCachingBehavior": "IgnoreQueryString", "geoFilters": [], "webApplicationFirewallPolicyLink":
      {"id": "/subscriptions/00000000-0000-0000-0000-000000000000/resourcegroups/cli_test_cdn_domain000001/providers/Microsoft.Cdn/cdnwebapplicationfirewallpolicies/wafpolicy1"},
      "origins": [{"name": "origin-0", "properties": {"hostName": "www.test.com",
      "httpPort": 80, "httpsPort": 443, "priority": 1, "weight": 1000, "enabled":
      true}}], "originGroups": []}}'
    headers:
      Accept:
      - application/json
      Accept-Encoding:
      - gzip, deflate
      CommandName:
      - cdn endpoint waf policy set
      Connection:
      - keep-alive
      Content-Length:
      - '617'
      Content-Type:
      - application/json
      ParameterSetName:
      - -g --profile-name --endpoint-name --waf-policy-id
      User-Agent:
      - AZURECLI/2.33.0 azsdk-python-mgmt-cdn/12.0.0 Python/3.7.9 (Windows-10-10.0.19041-SP0)
    method: PUT
    uri: https://management.azure.com/subscriptions/00000000-0000-0000-0000-000000000000/resourceGroups/cli_test_cdn_domain000001/providers/Microsoft.Cdn/profiles/ps1/endpoints/ep2000003?api-version=2021-06-01
  response:
    body:
      string: '{"id":"/subscriptions/00000000-0000-0000-0000-000000000000/resourcegroups/cli_test_cdn_domain000001/providers/Microsoft.Cdn/profiles/ps1/endpoints/ep2000003","type":"Microsoft.Cdn/profiles/endpoints","name":"ep2000003","location":"WestUs","tags":{},"properties":{"hostName":"ep2000003.azureedge.net","originHostHeader":null,"originPath":null,"contentTypesToCompress":[],"isCompressionEnabled":false,"isHttpAllowed":true,"isHttpsAllowed":true,"queryStringCachingBehavior":"IgnoreQueryString","optimizationType":null,"probePath":null,"origins":[{"name":"origin-0","properties":{"hostName":"www.test.com","httpPort":80,"httpsPort":443,"originHostHeader":null,"priority":1,"weight":1000,"enabled":true,"privateLinkAlias":null,"privateLinkResourceId":null,"privateLinkLocation":null,"privateEndpointStatus":null,"privateLinkApprovalMessage":null}}],"originGroups":[],"defaultOriginGroup":null,"customDomains":[],"geoFilters":[],"deliveryPolicy":null,"urlSigningKeys":null,"webApplicationFirewallPolicyLink":{"id":"/subscriptions/00000000-0000-0000-0000-000000000000/resourcegroups/cli_test_cdn_domain000001/providers/Microsoft.Cdn/cdnwebapplicationfirewallpolicies/wafpolicy1"},"resourceState":"Running","provisioningState":"Succeeded"}}'
    headers:
      azure-asyncoperation:
      - https://management.azure.com/subscriptions/00000000-0000-0000-0000-000000000000/resourcegroups/cli_test_cdn_domain000001/providers/Microsoft.Cdn/operationresults/7c40e2f5-5ff6-4d27-a07b-88070376e6ea?api-version=2021-06-01
      cache-control:
      - no-cache
      content-length:
      - '1232'
      content-type:
      - application/json; charset=utf-8
      date:
      - Thu, 24 Mar 2022 07:27:03 GMT
      expires:
      - '-1'
      location:
      - https://management.azure.com/subscriptions/00000000-0000-0000-0000-000000000000/resourcegroups/cli_test_cdn_domain000001/providers/Microsoft.Cdn/operationresults/7c40e2f5-5ff6-4d27-a07b-88070376e6ea/profileresults/ps1/endpointresults/ep2000003?api-version=2021-06-01
      pragma:
      - no-cache
      server:
      - Kestrel
      strict-transport-security:
      - max-age=31536000; includeSubDomains
      x-content-type-options:
      - nosniff
      x-ms-ratelimit-remaining-subscription-resource-requests:
      - '96'
    status:
      code: 202
      message: Accepted
- request:
    body: null
    headers:
      Accept:
      - '*/*'
      Accept-Encoding:
      - gzip, deflate
      CommandName:
      - cdn endpoint waf policy set
      Connection:
      - keep-alive
      ParameterSetName:
      - -g --profile-name --endpoint-name --waf-policy-id
      User-Agent:
      - AZURECLI/2.33.0 azsdk-python-mgmt-cdn/12.0.0 Python/3.7.9 (Windows-10-10.0.19041-SP0)
    method: GET
    uri: https://management.azure.com/subscriptions/00000000-0000-0000-0000-000000000000/resourcegroups/cli_test_cdn_domain000001/providers/Microsoft.Cdn/operationresults/7c40e2f5-5ff6-4d27-a07b-88070376e6ea?api-version=2021-06-01
  response:
    body:
      string: '{"status":"Succeeded","error":{"code":"None","message":null}}'
    headers:
      cache-control:
      - no-cache
      content-length:
      - '61'
      content-type:
      - application/json; charset=utf-8
      date:
      - Thu, 24 Mar 2022 07:27:13 GMT
      expires:
      - '-1'
      pragma:
      - no-cache
      server:
      - Kestrel
      strict-transport-security:
      - max-age=31536000; includeSubDomains
      transfer-encoding:
      - chunked
      vary:
      - Accept-Encoding
      x-content-type-options:
      - nosniff
    status:
      code: 200
      message: OK
- request:
    body: null
    headers:
      Accept:
      - '*/*'
      Accept-Encoding:
      - gzip, deflate
      CommandName:
      - cdn endpoint waf policy set
      Connection:
      - keep-alive
      ParameterSetName:
      - -g --profile-name --endpoint-name --waf-policy-id
      User-Agent:
      - AZURECLI/2.33.0 azsdk-python-mgmt-cdn/12.0.0 Python/3.7.9 (Windows-10-10.0.19041-SP0)
    method: GET
    uri: https://management.azure.com/subscriptions/00000000-0000-0000-0000-000000000000/resourceGroups/cli_test_cdn_domain000001/providers/Microsoft.Cdn/profiles/ps1/endpoints/ep2000003?api-version=2021-06-01
  response:
    body:
      string: '{"id":"/subscriptions/00000000-0000-0000-0000-000000000000/resourcegroups/cli_test_cdn_domain000001/providers/Microsoft.Cdn/profiles/ps1/endpoints/ep2000003","type":"Microsoft.Cdn/profiles/endpoints","name":"ep2000003","location":"WestUs","tags":{},"properties":{"hostName":"ep2000003.azureedge.net","originHostHeader":null,"originPath":null,"contentTypesToCompress":[],"isCompressionEnabled":false,"isHttpAllowed":true,"isHttpsAllowed":true,"queryStringCachingBehavior":"IgnoreQueryString","optimizationType":null,"probePath":null,"origins":[{"name":"origin-0","properties":{"hostName":"www.test.com","httpPort":80,"httpsPort":443,"originHostHeader":null,"priority":1,"weight":1000,"enabled":true,"privateLinkAlias":null,"privateLinkResourceId":null,"privateLinkLocation":null,"privateEndpointStatus":null,"privateLinkApprovalMessage":null}}],"originGroups":[],"defaultOriginGroup":null,"customDomains":[],"geoFilters":[],"deliveryPolicy":null,"urlSigningKeys":null,"webApplicationFirewallPolicyLink":{"id":"/subscriptions/00000000-0000-0000-0000-000000000000/resourcegroups/cli_test_cdn_domain000001/providers/Microsoft.Cdn/cdnwebapplicationfirewallpolicies/wafpolicy1"},"resourceState":"Running","provisioningState":"Succeeded"}}'
    headers:
      cache-control:
      - no-cache
      content-length:
      - '1232'
      content-type:
      - application/json; charset=utf-8
      date:
      - Thu, 24 Mar 2022 07:27:13 GMT
      expires:
      - '-1'
      pragma:
      - no-cache
      server:
      - Kestrel
      strict-transport-security:
      - max-age=31536000; includeSubDomains
      transfer-encoding:
      - chunked
      vary:
      - Accept-Encoding
      x-content-type-options:
      - nosniff
      x-ms-ratelimit-remaining-subscription-resource-requests:
      - '42'
    status:
      code: 200
      message: OK
- request:
    body: null
    headers:
      Accept:
      - application/json
      Accept-Encoding:
      - gzip, deflate
      CommandName:
      - cdn endpoint show
      Connection:
      - keep-alive
      ParameterSetName:
      - -g --profile-name -n
      User-Agent:
      - AZURECLI/2.33.0 azsdk-python-mgmt-cdn/12.0.0 Python/3.7.9 (Windows-10-10.0.19041-SP0)
    method: GET
    uri: https://management.azure.com/subscriptions/00000000-0000-0000-0000-000000000000/resourceGroups/cli_test_cdn_domain000001/providers/Microsoft.Cdn/profiles/ps1/endpoints/ep2000003?api-version=2021-06-01
  response:
    body:
      string: '{"id":"/subscriptions/00000000-0000-0000-0000-000000000000/resourcegroups/cli_test_cdn_domain000001/providers/Microsoft.Cdn/profiles/ps1/endpoints/ep2000003","type":"Microsoft.Cdn/profiles/endpoints","name":"ep2000003","location":"WestUs","tags":{},"properties":{"hostName":"ep2000003.azureedge.net","originHostHeader":null,"originPath":null,"contentTypesToCompress":[],"isCompressionEnabled":false,"isHttpAllowed":true,"isHttpsAllowed":true,"queryStringCachingBehavior":"IgnoreQueryString","optimizationType":null,"probePath":null,"origins":[{"name":"origin-0","properties":{"hostName":"www.test.com","httpPort":80,"httpsPort":443,"originHostHeader":null,"priority":1,"weight":1000,"enabled":true,"privateLinkAlias":null,"privateLinkResourceId":null,"privateLinkLocation":null,"privateEndpointStatus":null,"privateLinkApprovalMessage":null}}],"originGroups":[],"defaultOriginGroup":null,"customDomains":[],"geoFilters":[],"deliveryPolicy":null,"urlSigningKeys":null,"webApplicationFirewallPolicyLink":{"id":"/subscriptions/00000000-0000-0000-0000-000000000000/resourcegroups/cli_test_cdn_domain000001/providers/Microsoft.Cdn/cdnwebapplicationfirewallpolicies/wafpolicy1"},"resourceState":"Running","provisioningState":"Succeeded"}}'
    headers:
      cache-control:
      - no-cache
      content-length:
      - '1232'
      content-type:
      - application/json; charset=utf-8
      date:
      - Thu, 24 Mar 2022 07:27:15 GMT
      expires:
      - '-1'
      pragma:
      - no-cache
      server:
      - Kestrel
      strict-transport-security:
      - max-age=31536000; includeSubDomains
      transfer-encoding:
      - chunked
      vary:
      - Accept-Encoding
      x-content-type-options:
      - nosniff
      x-ms-ratelimit-remaining-subscription-resource-requests:
      - '49'
    status:
      code: 200
      message: OK
- request:
    body: null
    headers:
      Accept:
      - application/json
      Accept-Encoding:
      - gzip, deflate
      CommandName:
      - cdn waf policy show
      Connection:
      - keep-alive
      ParameterSetName:
      - -g -n
      User-Agent:
      - AZURECLI/2.33.0 azsdk-python-mgmt-cdn/12.0.0 Python/3.7.9 (Windows-10-10.0.19041-SP0)
    method: GET
    uri: https://management.azure.com/subscriptions/00000000-0000-0000-0000-000000000000/resourceGroups/cli_test_cdn_domain000001/providers/Microsoft.Cdn/cdnWebApplicationFirewallPolicies/wafpolicy1?api-version=2021-06-01
  response:
    body:
      string: '{"id":"/subscriptions/00000000-0000-0000-0000-000000000000/resourcegroups/cli_test_cdn_domain000001/providers/Microsoft.Cdn/cdnwebapplicationfirewallpolicies/wafpolicy1","type":"Microsoft.Cdn/cdnwebapplicationfirewallpolicies","name":"wafpolicy1","location":"Global","tags":{},"sku":{"name":"Standard_Microsoft"},"properties":{"policySettings":{"enabledState":"Enabled","mode":"Detection","defaultRedirectUrl":null,"defaultCustomBlockResponseStatusCode":null,"defaultCustomBlockResponseBody":null},"customRules":{"rules":[]},"rateLimitRules":{"rules":[]},"managedRules":{"managedRuleSets":[]},"endpointLinks":[{"id":"/subscriptions/00000000-0000-0000-0000-000000000000/resourcegroups/cli_test_cdn_domain000001/providers/Microsoft.Cdn/profiles/ps1/endpoints/ep1000002"},{"id":"/subscriptions/00000000-0000-0000-0000-000000000000/resourcegroups/cli_test_cdn_domain000001/providers/Microsoft.Cdn/profiles/ps1/endpoints/ep2000003"}],"resourceState":"Enabled","provisioningState":"Succeeded"}}'
    headers:
      cache-control:
      - no-cache
      content-length:
      - '988'
      content-type:
      - application/json; charset=utf-8
      date:
      - Thu, 24 Mar 2022 07:27:17 GMT
      expires:
      - '-1'
      pragma:
      - no-cache
      server:
      - Kestrel
      strict-transport-security:
      - max-age=31536000; includeSubDomains
      transfer-encoding:
      - chunked
      vary:
      - Accept-Encoding
      x-content-type-options:
      - nosniff
    status:
      code: 200
      message: OK
- request:
    body: null
    headers:
      Accept:
      - application/json
      Accept-Encoding:
      - gzip, deflate
      CommandName:
      - cdn endpoint waf policy remove
      Connection:
      - keep-alive
      ParameterSetName:
      - -y -g --profile-name --endpoint-name
      User-Agent:
      - AZURECLI/2.33.0 azsdk-python-mgmt-cdn/12.0.0 Python/3.7.9 (Windows-10-10.0.19041-SP0)
    method: GET
    uri: https://management.azure.com/subscriptions/00000000-0000-0000-0000-000000000000/resourceGroups/cli_test_cdn_domain000001/providers/Microsoft.Cdn/profiles/ps1/endpoints/ep1000002?api-version=2021-06-01
  response:
    body:
      string: '{"id":"/subscriptions/00000000-0000-0000-0000-000000000000/resourcegroups/cli_test_cdn_domain000001/providers/Microsoft.Cdn/profiles/ps1/endpoints/ep1000002","type":"Microsoft.Cdn/profiles/endpoints","name":"ep1000002","location":"WestUs","tags":{},"properties":{"hostName":"ep1000002.azureedge.net","originHostHeader":null,"originPath":null,"contentTypesToCompress":[],"isCompressionEnabled":false,"isHttpAllowed":true,"isHttpsAllowed":true,"queryStringCachingBehavior":"IgnoreQueryString","optimizationType":null,"probePath":null,"origins":[{"name":"origin-0","properties":{"hostName":"www.test.com","httpPort":80,"httpsPort":443,"originHostHeader":null,"priority":1,"weight":1000,"enabled":true,"privateLinkAlias":null,"privateLinkResourceId":null,"privateLinkLocation":null,"privateEndpointStatus":null,"privateLinkApprovalMessage":null}}],"originGroups":[],"defaultOriginGroup":null,"customDomains":[],"geoFilters":[],"deliveryPolicy":null,"urlSigningKeys":null,"webApplicationFirewallPolicyLink":{"id":"/subscriptions/00000000-0000-0000-0000-000000000000/resourceGroups/cli_test_cdn_domain000001/providers/Microsoft.Cdn/CdnWebApplicationFirewallPolicies/wafpolicy1"},"resourceState":"Running","provisioningState":"Succeeded"}}'
    headers:
      cache-control:
      - no-cache
      content-length:
      - '1232'
      content-type:
      - application/json; charset=utf-8
      date:
      - Thu, 24 Mar 2022 07:27:18 GMT
      expires:
      - '-1'
      pragma:
      - no-cache
      server:
      - Kestrel
      strict-transport-security:
      - max-age=31536000; includeSubDomains
      transfer-encoding:
      - chunked
      vary:
      - Accept-Encoding
      x-content-type-options:
      - nosniff
      x-ms-ratelimit-remaining-subscription-resource-requests:
      - '49'
    status:
      code: 200
      message: OK
- request:
    body: '{"location": "WestUs", "tags": {}, "properties": {"contentTypesToCompress":
      [], "isCompressionEnabled": false, "isHttpAllowed": true, "isHttpsAllowed":
      true, "queryStringCachingBehavior": "IgnoreQueryString", "geoFilters": [], "origins":
      [{"name": "origin-0", "properties": {"hostName": "www.test.com", "httpPort":
      80, "httpsPort": 443, "priority": 1, "weight": 1000, "enabled": true}}], "originGroups":
      []}}'
    headers:
      Accept:
      - application/json
      Accept-Encoding:
      - gzip, deflate
      CommandName:
      - cdn endpoint waf policy remove
      Connection:
      - keep-alive
      Content-Length:
      - '408'
      Content-Type:
      - application/json
      ParameterSetName:
      - -y -g --profile-name --endpoint-name
      User-Agent:
      - AZURECLI/2.33.0 azsdk-python-mgmt-cdn/12.0.0 Python/3.7.9 (Windows-10-10.0.19041-SP0)
    method: PUT
    uri: https://management.azure.com/subscriptions/00000000-0000-0000-0000-000000000000/resourceGroups/cli_test_cdn_domain000001/providers/Microsoft.Cdn/profiles/ps1/endpoints/ep1000002?api-version=2021-06-01
  response:
    body:
      string: '{"id":"/subscriptions/00000000-0000-0000-0000-000000000000/resourcegroups/cli_test_cdn_domain000001/providers/Microsoft.Cdn/profiles/ps1/endpoints/ep1000002","type":"Microsoft.Cdn/profiles/endpoints","name":"ep1000002","location":"WestUs","tags":{},"properties":{"hostName":"ep1000002.azureedge.net","originHostHeader":null,"originPath":null,"contentTypesToCompress":[],"isCompressionEnabled":false,"isHttpAllowed":true,"isHttpsAllowed":true,"queryStringCachingBehavior":"IgnoreQueryString","optimizationType":null,"probePath":null,"origins":[{"name":"origin-0","properties":{"hostName":"www.test.com","httpPort":80,"httpsPort":443,"originHostHeader":null,"priority":1,"weight":1000,"enabled":true,"privateLinkAlias":null,"privateLinkResourceId":null,"privateLinkLocation":null,"privateEndpointStatus":null,"privateLinkApprovalMessage":null}}],"originGroups":[],"defaultOriginGroup":null,"customDomains":[],"geoFilters":[],"deliveryPolicy":null,"urlSigningKeys":null,"webApplicationFirewallPolicyLink":null,"resourceState":"Running","provisioningState":"Succeeded"}}'
    headers:
      azure-asyncoperation:
      - https://management.azure.com/subscriptions/00000000-0000-0000-0000-000000000000/resourcegroups/cli_test_cdn_domain000001/providers/Microsoft.Cdn/operationresults/11f5e139-37b5-445f-9b3c-cf8ffc2541ef?api-version=2021-06-01
      cache-control:
      - no-cache
      content-length:
      - '1066'
      content-type:
      - application/json; charset=utf-8
      date:
      - Thu, 24 Mar 2022 07:27:19 GMT
      expires:
      - '-1'
      location:
      - https://management.azure.com/subscriptions/00000000-0000-0000-0000-000000000000/resourcegroups/cli_test_cdn_domain000001/providers/Microsoft.Cdn/operationresults/11f5e139-37b5-445f-9b3c-cf8ffc2541ef/profileresults/ps1/endpointresults/ep1000002?api-version=2021-06-01
      pragma:
      - no-cache
      server:
      - Kestrel
      strict-transport-security:
      - max-age=31536000; includeSubDomains
      x-content-type-options:
      - nosniff
      x-ms-ratelimit-remaining-subscription-resource-requests:
      - '99'
    status:
      code: 202
      message: Accepted
- request:
    body: null
    headers:
      Accept:
      - '*/*'
      Accept-Encoding:
      - gzip, deflate
      CommandName:
      - cdn endpoint waf policy remove
      Connection:
      - keep-alive
      ParameterSetName:
      - -y -g --profile-name --endpoint-name
      User-Agent:
      - AZURECLI/2.33.0 azsdk-python-mgmt-cdn/12.0.0 Python/3.7.9 (Windows-10-10.0.19041-SP0)
    method: GET
    uri: https://management.azure.com/subscriptions/00000000-0000-0000-0000-000000000000/resourcegroups/cli_test_cdn_domain000001/providers/Microsoft.Cdn/operationresults/11f5e139-37b5-445f-9b3c-cf8ffc2541ef?api-version=2021-06-01
  response:
    body:
      string: '{"status":"Succeeded","error":{"code":"None","message":null}}'
    headers:
      cache-control:
      - no-cache
      content-length:
      - '61'
      content-type:
      - application/json; charset=utf-8
      date:
      - Thu, 24 Mar 2022 07:27:31 GMT
      expires:
      - '-1'
      pragma:
      - no-cache
      server:
      - Kestrel
      strict-transport-security:
      - max-age=31536000; includeSubDomains
      transfer-encoding:
      - chunked
      vary:
      - Accept-Encoding
      x-content-type-options:
      - nosniff
    status:
      code: 200
      message: OK
- request:
    body: null
    headers:
      Accept:
      - '*/*'
      Accept-Encoding:
      - gzip, deflate
      CommandName:
      - cdn endpoint waf policy remove
      Connection:
      - keep-alive
      ParameterSetName:
      - -y -g --profile-name --endpoint-name
      User-Agent:
      - AZURECLI/2.33.0 azsdk-python-mgmt-cdn/12.0.0 Python/3.7.9 (Windows-10-10.0.19041-SP0)
    method: GET
    uri: https://management.azure.com/subscriptions/00000000-0000-0000-0000-000000000000/resourceGroups/cli_test_cdn_domain000001/providers/Microsoft.Cdn/profiles/ps1/endpoints/ep1000002?api-version=2021-06-01
  response:
    body:
      string: '{"id":"/subscriptions/00000000-0000-0000-0000-000000000000/resourcegroups/cli_test_cdn_domain000001/providers/Microsoft.Cdn/profiles/ps1/endpoints/ep1000002","type":"Microsoft.Cdn/profiles/endpoints","name":"ep1000002","location":"WestUs","tags":{},"properties":{"hostName":"ep1000002.azureedge.net","originHostHeader":null,"originPath":null,"contentTypesToCompress":[],"isCompressionEnabled":false,"isHttpAllowed":true,"isHttpsAllowed":true,"queryStringCachingBehavior":"IgnoreQueryString","optimizationType":null,"probePath":null,"origins":[{"name":"origin-0","properties":{"hostName":"www.test.com","httpPort":80,"httpsPort":443,"originHostHeader":null,"priority":1,"weight":1000,"enabled":true,"privateLinkAlias":null,"privateLinkResourceId":null,"privateLinkLocation":null,"privateEndpointStatus":null,"privateLinkApprovalMessage":null}}],"originGroups":[],"defaultOriginGroup":null,"customDomains":[],"geoFilters":[],"deliveryPolicy":null,"urlSigningKeys":null,"webApplicationFirewallPolicyLink":null,"resourceState":"Running","provisioningState":"Succeeded"}}'
    headers:
      cache-control:
      - no-cache
      content-length:
      - '1066'
      content-type:
      - application/json; charset=utf-8
      date:
      - Thu, 24 Mar 2022 07:27:31 GMT
      expires:
      - '-1'
      pragma:
      - no-cache
      server:
      - Kestrel
      strict-transport-security:
      - max-age=31536000; includeSubDomains
      transfer-encoding:
      - chunked
      vary:
      - Accept-Encoding
      x-content-type-options:
      - nosniff
      x-ms-ratelimit-remaining-subscription-resource-requests:
      - '48'
    status:
      code: 200
      message: OK
- request:
    body: null
    headers:
      Accept:
      - application/json
      Accept-Encoding:
      - gzip, deflate
      CommandName:
      - cdn endpoint waf policy show
      Connection:
      - keep-alive
      ParameterSetName:
      - -g --profile-name --endpoint-name
      User-Agent:
      - AZURECLI/2.33.0 azsdk-python-mgmt-cdn/12.0.0 Python/3.7.9 (Windows-10-10.0.19041-SP0)
    method: GET
    uri: https://management.azure.com/subscriptions/00000000-0000-0000-0000-000000000000/resourceGroups/cli_test_cdn_domain000001/providers/Microsoft.Cdn/profiles/ps1/endpoints/ep1000002?api-version=2021-06-01
  response:
    body:
      string: '{"id":"/subscriptions/00000000-0000-0000-0000-000000000000/resourcegroups/cli_test_cdn_domain000001/providers/Microsoft.Cdn/profiles/ps1/endpoints/ep1000002","type":"Microsoft.Cdn/profiles/endpoints","name":"ep1000002","location":"WestUs","tags":{},"properties":{"hostName":"ep1000002.azureedge.net","originHostHeader":null,"originPath":null,"contentTypesToCompress":[],"isCompressionEnabled":false,"isHttpAllowed":true,"isHttpsAllowed":true,"queryStringCachingBehavior":"IgnoreQueryString","optimizationType":null,"probePath":null,"origins":[{"name":"origin-0","properties":{"hostName":"www.test.com","httpPort":80,"httpsPort":443,"originHostHeader":null,"priority":1,"weight":1000,"enabled":true,"privateLinkAlias":null,"privateLinkResourceId":null,"privateLinkLocation":null,"privateEndpointStatus":null,"privateLinkApprovalMessage":null}}],"originGroups":[],"defaultOriginGroup":null,"customDomains":[],"geoFilters":[],"deliveryPolicy":null,"urlSigningKeys":null,"webApplicationFirewallPolicyLink":null,"resourceState":"Running","provisioningState":"Succeeded"}}'
    headers:
      cache-control:
      - no-cache
      content-length:
      - '1066'
      content-type:
      - application/json; charset=utf-8
      date:
      - Thu, 24 Mar 2022 07:27:32 GMT
      expires:
      - '-1'
      pragma:
      - no-cache
      server:
      - Kestrel
      strict-transport-security:
      - max-age=31536000; includeSubDomains
      transfer-encoding:
      - chunked
      vary:
      - Accept-Encoding
      x-content-type-options:
      - nosniff
      x-ms-ratelimit-remaining-subscription-resource-requests:
      - '49'
    status:
      code: 200
      message: OK
- request:
    body: null
    headers:
      Accept:
      - application/json
      Accept-Encoding:
      - gzip, deflate
      CommandName:
      - cdn endpoint show
      Connection:
      - keep-alive
      ParameterSetName:
      - -g --profile-name -n
      User-Agent:
      - AZURECLI/2.33.0 azsdk-python-mgmt-cdn/12.0.0 Python/3.7.9 (Windows-10-10.0.19041-SP0)
    method: GET
    uri: https://management.azure.com/subscriptions/00000000-0000-0000-0000-000000000000/resourceGroups/cli_test_cdn_domain000001/providers/Microsoft.Cdn/profiles/ps1/endpoints/ep1000002?api-version=2021-06-01
  response:
    body:
      string: '{"id":"/subscriptions/00000000-0000-0000-0000-000000000000/resourcegroups/cli_test_cdn_domain000001/providers/Microsoft.Cdn/profiles/ps1/endpoints/ep1000002","type":"Microsoft.Cdn/profiles/endpoints","name":"ep1000002","location":"WestUs","tags":{},"properties":{"hostName":"ep1000002.azureedge.net","originHostHeader":null,"originPath":null,"contentTypesToCompress":[],"isCompressionEnabled":false,"isHttpAllowed":true,"isHttpsAllowed":true,"queryStringCachingBehavior":"IgnoreQueryString","optimizationType":null,"probePath":null,"origins":[{"name":"origin-0","properties":{"hostName":"www.test.com","httpPort":80,"httpsPort":443,"originHostHeader":null,"priority":1,"weight":1000,"enabled":true,"privateLinkAlias":null,"privateLinkResourceId":null,"privateLinkLocation":null,"privateEndpointStatus":null,"privateLinkApprovalMessage":null}}],"originGroups":[],"defaultOriginGroup":null,"customDomains":[],"geoFilters":[],"deliveryPolicy":null,"urlSigningKeys":null,"webApplicationFirewallPolicyLink":null,"resourceState":"Running","provisioningState":"Succeeded"}}'
    headers:
      cache-control:
      - no-cache
      content-length:
      - '1066'
      content-type:
      - application/json; charset=utf-8
      date:
      - Thu, 24 Mar 2022 07:27:34 GMT
      expires:
      - '-1'
      pragma:
      - no-cache
      server:
      - Kestrel
      strict-transport-security:
      - max-age=31536000; includeSubDomains
      transfer-encoding:
      - chunked
      vary:
      - Accept-Encoding
      x-content-type-options:
      - nosniff
      x-ms-ratelimit-remaining-subscription-resource-requests:
      - '47'
    status:
      code: 200
      message: OK
- request:
    body: null
    headers:
      Accept:
      - application/json
      Accept-Encoding:
      - gzip, deflate
      CommandName:
      - cdn endpoint waf policy remove
      Connection:
      - keep-alive
      ParameterSetName:
      - -y -g --profile-name --endpoint-name
      User-Agent:
      - AZURECLI/2.33.0 azsdk-python-mgmt-cdn/12.0.0 Python/3.7.9 (Windows-10-10.0.19041-SP0)
    method: GET
    uri: https://management.azure.com/subscriptions/00000000-0000-0000-0000-000000000000/resourceGroups/cli_test_cdn_domain000001/providers/Microsoft.Cdn/profiles/ps1/endpoints/ep2000003?api-version=2021-06-01
  response:
    body:
      string: '{"id":"/subscriptions/00000000-0000-0000-0000-000000000000/resourcegroups/cli_test_cdn_domain000001/providers/Microsoft.Cdn/profiles/ps1/endpoints/ep2000003","type":"Microsoft.Cdn/profiles/endpoints","name":"ep2000003","location":"WestUs","tags":{},"properties":{"hostName":"ep2000003.azureedge.net","originHostHeader":null,"originPath":null,"contentTypesToCompress":[],"isCompressionEnabled":false,"isHttpAllowed":true,"isHttpsAllowed":true,"queryStringCachingBehavior":"IgnoreQueryString","optimizationType":null,"probePath":null,"origins":[{"name":"origin-0","properties":{"hostName":"www.test.com","httpPort":80,"httpsPort":443,"originHostHeader":null,"priority":1,"weight":1000,"enabled":true,"privateLinkAlias":null,"privateLinkResourceId":null,"privateLinkLocation":null,"privateEndpointStatus":null,"privateLinkApprovalMessage":null}}],"originGroups":[],"defaultOriginGroup":null,"customDomains":[],"geoFilters":[],"deliveryPolicy":null,"urlSigningKeys":null,"webApplicationFirewallPolicyLink":{"id":"/subscriptions/00000000-0000-0000-0000-000000000000/resourcegroups/cli_test_cdn_domain000001/providers/Microsoft.Cdn/cdnwebapplicationfirewallpolicies/wafpolicy1"},"resourceState":"Running","provisioningState":"Succeeded"}}'
    headers:
      cache-control:
      - no-cache
      content-length:
      - '1232'
      content-type:
      - application/json; charset=utf-8
      date:
      - Thu, 24 Mar 2022 07:27:34 GMT
      expires:
      - '-1'
      pragma:
      - no-cache
      server:
      - Kestrel
      strict-transport-security:
      - max-age=31536000; includeSubDomains
      transfer-encoding:
      - chunked
      vary:
      - Accept-Encoding
      x-content-type-options:
      - nosniff
      x-ms-ratelimit-remaining-subscription-resource-requests:
      - '47'
    status:
      code: 200
      message: OK
- request:
    body: '{"location": "WestUs", "tags": {}, "properties": {"contentTypesToCompress":
      [], "isCompressionEnabled": false, "isHttpAllowed": true, "isHttpsAllowed":
      true, "queryStringCachingBehavior": "IgnoreQueryString", "geoFilters": [], "origins":
      [{"name": "origin-0", "properties": {"hostName": "www.test.com", "httpPort":
      80, "httpsPort": 443, "priority": 1, "weight": 1000, "enabled": true}}], "originGroups":
      []}}'
    headers:
      Accept:
      - application/json
      Accept-Encoding:
      - gzip, deflate
      CommandName:
      - cdn endpoint waf policy remove
      Connection:
      - keep-alive
      Content-Length:
      - '408'
      Content-Type:
      - application/json
      ParameterSetName:
      - -y -g --profile-name --endpoint-name
      User-Agent:
      - AZURECLI/2.33.0 azsdk-python-mgmt-cdn/12.0.0 Python/3.7.9 (Windows-10-10.0.19041-SP0)
    method: PUT
    uri: https://management.azure.com/subscriptions/00000000-0000-0000-0000-000000000000/resourceGroups/cli_test_cdn_domain000001/providers/Microsoft.Cdn/profiles/ps1/endpoints/ep2000003?api-version=2021-06-01
  response:
    body:
      string: '{"id":"/subscriptions/00000000-0000-0000-0000-000000000000/resourcegroups/cli_test_cdn_domain000001/providers/Microsoft.Cdn/profiles/ps1/endpoints/ep2000003","type":"Microsoft.Cdn/profiles/endpoints","name":"ep2000003","location":"WestUs","tags":{},"properties":{"hostName":"ep2000003.azureedge.net","originHostHeader":null,"originPath":null,"contentTypesToCompress":[],"isCompressionEnabled":false,"isHttpAllowed":true,"isHttpsAllowed":true,"queryStringCachingBehavior":"IgnoreQueryString","optimizationType":null,"probePath":null,"origins":[{"name":"origin-0","properties":{"hostName":"www.test.com","httpPort":80,"httpsPort":443,"originHostHeader":null,"priority":1,"weight":1000,"enabled":true,"privateLinkAlias":null,"privateLinkResourceId":null,"privateLinkLocation":null,"privateEndpointStatus":null,"privateLinkApprovalMessage":null}}],"originGroups":[],"defaultOriginGroup":null,"customDomains":[],"geoFilters":[],"deliveryPolicy":null,"urlSigningKeys":null,"webApplicationFirewallPolicyLink":null,"resourceState":"Running","provisioningState":"Succeeded"}}'
    headers:
      azure-asyncoperation:
      - https://management.azure.com/subscriptions/00000000-0000-0000-0000-000000000000/resourcegroups/cli_test_cdn_domain000001/providers/Microsoft.Cdn/operationresults/63b471d9-55b1-47ac-83fc-7eef817e133d?api-version=2021-06-01
      cache-control:
      - no-cache
      content-length:
      - '1066'
      content-type:
      - application/json; charset=utf-8
      date:
      - Thu, 24 Mar 2022 07:27:36 GMT
      expires:
      - '-1'
      location:
      - https://management.azure.com/subscriptions/00000000-0000-0000-0000-000000000000/resourcegroups/cli_test_cdn_domain000001/providers/Microsoft.Cdn/operationresults/63b471d9-55b1-47ac-83fc-7eef817e133d/profileresults/ps1/endpointresults/ep2000003?api-version=2021-06-01
      pragma:
      - no-cache
      server:
      - Kestrel
      strict-transport-security:
      - max-age=31536000; includeSubDomains
      x-content-type-options:
      - nosniff
      x-ms-ratelimit-remaining-subscription-resource-requests:
      - '98'
    status:
      code: 202
      message: Accepted
- request:
    body: null
    headers:
      Accept:
      - '*/*'
      Accept-Encoding:
      - gzip, deflate
      CommandName:
      - cdn endpoint waf policy remove
      Connection:
      - keep-alive
      ParameterSetName:
      - -y -g --profile-name --endpoint-name
      User-Agent:
      - AZURECLI/2.33.0 azsdk-python-mgmt-cdn/12.0.0 Python/3.7.9 (Windows-10-10.0.19041-SP0)
    method: GET
    uri: https://management.azure.com/subscriptions/00000000-0000-0000-0000-000000000000/resourcegroups/cli_test_cdn_domain000001/providers/Microsoft.Cdn/operationresults/63b471d9-55b1-47ac-83fc-7eef817e133d?api-version=2021-06-01
  response:
    body:
      string: '{"status":"InProgress","error":{"code":"None","message":null}}'
    headers:
      cache-control:
      - no-cache
      content-length:
      - '62'
      content-type:
      - application/json; charset=utf-8
      date:
      - Thu, 24 Mar 2022 07:27:47 GMT
      expires:
      - '-1'
      pragma:
      - no-cache
      server:
      - Kestrel
      strict-transport-security:
      - max-age=31536000; includeSubDomains
      transfer-encoding:
      - chunked
      vary:
      - Accept-Encoding
      x-content-type-options:
      - nosniff
    status:
      code: 200
      message: OK
- request:
    body: null
    headers:
      Accept:
      - '*/*'
      Accept-Encoding:
      - gzip, deflate
      CommandName:
      - cdn endpoint waf policy remove
      Connection:
      - keep-alive
      ParameterSetName:
      - -y -g --profile-name --endpoint-name
      User-Agent:
      - AZURECLI/2.33.0 azsdk-python-mgmt-cdn/12.0.0 Python/3.7.9 (Windows-10-10.0.19041-SP0)
    method: GET
    uri: https://management.azure.com/subscriptions/00000000-0000-0000-0000-000000000000/resourcegroups/cli_test_cdn_domain000001/providers/Microsoft.Cdn/operationresults/63b471d9-55b1-47ac-83fc-7eef817e133d?api-version=2021-06-01
  response:
    body:
      string: '{"status":"Succeeded","error":{"code":"None","message":null}}'
    headers:
      cache-control:
      - no-cache
      content-length:
      - '61'
      content-type:
      - application/json; charset=utf-8
      date:
      - Thu, 24 Mar 2022 07:28:17 GMT
      expires:
      - '-1'
      pragma:
      - no-cache
      server:
      - Kestrel
      strict-transport-security:
      - max-age=31536000; includeSubDomains
      transfer-encoding:
      - chunked
      vary:
      - Accept-Encoding
      x-content-type-options:
      - nosniff
    status:
      code: 200
      message: OK
- request:
    body: null
    headers:
      Accept:
      - '*/*'
      Accept-Encoding:
      - gzip, deflate
      CommandName:
      - cdn endpoint waf policy remove
      Connection:
      - keep-alive
      ParameterSetName:
      - -y -g --profile-name --endpoint-name
      User-Agent:
      - AZURECLI/2.33.0 azsdk-python-mgmt-cdn/12.0.0 Python/3.7.9 (Windows-10-10.0.19041-SP0)
    method: GET
    uri: https://management.azure.com/subscriptions/00000000-0000-0000-0000-000000000000/resourceGroups/cli_test_cdn_domain000001/providers/Microsoft.Cdn/profiles/ps1/endpoints/ep2000003?api-version=2021-06-01
  response:
    body:
      string: '{"id":"/subscriptions/00000000-0000-0000-0000-000000000000/resourcegroups/cli_test_cdn_domain000001/providers/Microsoft.Cdn/profiles/ps1/endpoints/ep2000003","type":"Microsoft.Cdn/profiles/endpoints","name":"ep2000003","location":"WestUs","tags":{},"properties":{"hostName":"ep2000003.azureedge.net","originHostHeader":null,"originPath":null,"contentTypesToCompress":[],"isCompressionEnabled":false,"isHttpAllowed":true,"isHttpsAllowed":true,"queryStringCachingBehavior":"IgnoreQueryString","optimizationType":null,"probePath":null,"origins":[{"name":"origin-0","properties":{"hostName":"www.test.com","httpPort":80,"httpsPort":443,"originHostHeader":null,"priority":1,"weight":1000,"enabled":true,"privateLinkAlias":null,"privateLinkResourceId":null,"privateLinkLocation":null,"privateEndpointStatus":null,"privateLinkApprovalMessage":null}}],"originGroups":[],"defaultOriginGroup":null,"customDomains":[],"geoFilters":[],"deliveryPolicy":null,"urlSigningKeys":null,"webApplicationFirewallPolicyLink":null,"resourceState":"Running","provisioningState":"Succeeded"}}'
    headers:
      cache-control:
      - no-cache
      content-length:
      - '1066'
      content-type:
      - application/json; charset=utf-8
      date:
      - Thu, 24 Mar 2022 07:28:17 GMT
      expires:
      - '-1'
      pragma:
      - no-cache
      server:
      - Kestrel
      strict-transport-security:
      - max-age=31536000; includeSubDomains
      transfer-encoding:
      - chunked
      vary:
      - Accept-Encoding
      x-content-type-options:
      - nosniff
      x-ms-ratelimit-remaining-subscription-resource-requests:
      - '46'
    status:
      code: 200
      message: OK
- request:
    body: null
    headers:
      Accept:
      - application/json
      Accept-Encoding:
      - gzip, deflate
      CommandName:
      - cdn endpoint waf policy show
      Connection:
      - keep-alive
      ParameterSetName:
      - -g --profile-name --endpoint-name
      User-Agent:
      - AZURECLI/2.33.0 azsdk-python-mgmt-cdn/12.0.0 Python/3.7.9 (Windows-10-10.0.19041-SP0)
    method: GET
    uri: https://management.azure.com/subscriptions/00000000-0000-0000-0000-000000000000/resourceGroups/cli_test_cdn_domain000001/providers/Microsoft.Cdn/profiles/ps1/endpoints/ep2000003?api-version=2021-06-01
  response:
    body:
      string: '{"id":"/subscriptions/00000000-0000-0000-0000-000000000000/resourcegroups/cli_test_cdn_domain000001/providers/Microsoft.Cdn/profiles/ps1/endpoints/ep2000003","type":"Microsoft.Cdn/profiles/endpoints","name":"ep2000003","location":"WestUs","tags":{},"properties":{"hostName":"ep2000003.azureedge.net","originHostHeader":null,"originPath":null,"contentTypesToCompress":[],"isCompressionEnabled":false,"isHttpAllowed":true,"isHttpsAllowed":true,"queryStringCachingBehavior":"IgnoreQueryString","optimizationType":null,"probePath":null,"origins":[{"name":"origin-0","properties":{"hostName":"www.test.com","httpPort":80,"httpsPort":443,"originHostHeader":null,"priority":1,"weight":1000,"enabled":true,"privateLinkAlias":null,"privateLinkResourceId":null,"privateLinkLocation":null,"privateEndpointStatus":null,"privateLinkApprovalMessage":null}}],"originGroups":[],"defaultOriginGroup":null,"customDomains":[],"geoFilters":[],"deliveryPolicy":null,"urlSigningKeys":null,"webApplicationFirewallPolicyLink":null,"resourceState":"Running","provisioningState":"Succeeded"}}'
    headers:
      cache-control:
      - no-cache
      content-length:
      - '1066'
      content-type:
      - application/json; charset=utf-8
      date:
      - Thu, 24 Mar 2022 07:28:19 GMT
      expires:
      - '-1'
      pragma:
      - no-cache
      server:
      - Kestrel
      strict-transport-security:
      - max-age=31536000; includeSubDomains
      transfer-encoding:
      - chunked
      vary:
      - Accept-Encoding
      x-content-type-options:
      - nosniff
      x-ms-ratelimit-remaining-subscription-resource-requests:
      - '49'
    status:
      code: 200
      message: OK
- request:
    body: null
    headers:
      Accept:
      - application/json
      Accept-Encoding:
      - gzip, deflate
      CommandName:
      - cdn endpoint show
      Connection:
      - keep-alive
      ParameterSetName:
      - -g --profile-name -n
      User-Agent:
      - AZURECLI/2.33.0 azsdk-python-mgmt-cdn/12.0.0 Python/3.7.9 (Windows-10-10.0.19041-SP0)
    method: GET
    uri: https://management.azure.com/subscriptions/00000000-0000-0000-0000-000000000000/resourceGroups/cli_test_cdn_domain000001/providers/Microsoft.Cdn/profiles/ps1/endpoints/ep2000003?api-version=2021-06-01
  response:
    body:
      string: '{"id":"/subscriptions/00000000-0000-0000-0000-000000000000/resourcegroups/cli_test_cdn_domain000001/providers/Microsoft.Cdn/profiles/ps1/endpoints/ep2000003","type":"Microsoft.Cdn/profiles/endpoints","name":"ep2000003","location":"WestUs","tags":{},"properties":{"hostName":"ep2000003.azureedge.net","originHostHeader":null,"originPath":null,"contentTypesToCompress":[],"isCompressionEnabled":false,"isHttpAllowed":true,"isHttpsAllowed":true,"queryStringCachingBehavior":"IgnoreQueryString","optimizationType":null,"probePath":null,"origins":[{"name":"origin-0","properties":{"hostName":"www.test.com","httpPort":80,"httpsPort":443,"originHostHeader":null,"priority":1,"weight":1000,"enabled":true,"privateLinkAlias":null,"privateLinkResourceId":null,"privateLinkLocation":null,"privateEndpointStatus":null,"privateLinkApprovalMessage":null}}],"originGroups":[],"defaultOriginGroup":null,"customDomains":[],"geoFilters":[],"deliveryPolicy":null,"urlSigningKeys":null,"webApplicationFirewallPolicyLink":null,"resourceState":"Running","provisioningState":"Succeeded"}}'
    headers:
      cache-control:
      - no-cache
      content-length:
      - '1066'
      content-type:
      - application/json; charset=utf-8
      date:
      - Thu, 24 Mar 2022 07:28:21 GMT
      expires:
      - '-1'
      pragma:
      - no-cache
      server:
      - Kestrel
      strict-transport-security:
      - max-age=31536000; includeSubDomains
      transfer-encoding:
      - chunked
      vary:
      - Accept-Encoding
      x-content-type-options:
      - nosniff
      x-ms-ratelimit-remaining-subscription-resource-requests:
      - '45'
    status:
      code: 200
      message: OK
- request:
    body: null
    headers:
      Accept:
      - application/json
      Accept-Encoding:
      - gzip, deflate
      CommandName:
      - cdn waf policy show
      Connection:
      - keep-alive
      ParameterSetName:
      - -g -n
      User-Agent:
      - AZURECLI/2.33.0 azsdk-python-mgmt-cdn/12.0.0 Python/3.7.9 (Windows-10-10.0.19041-SP0)
    method: GET
    uri: https://management.azure.com/subscriptions/00000000-0000-0000-0000-000000000000/resourceGroups/cli_test_cdn_domain000001/providers/Microsoft.Cdn/cdnWebApplicationFirewallPolicies/wafpolicy1?api-version=2021-06-01
  response:
    body:
      string: '{"id":"/subscriptions/00000000-0000-0000-0000-000000000000/resourcegroups/cli_test_cdn_domain000001/providers/Microsoft.Cdn/cdnwebapplicationfirewallpolicies/wafpolicy1","type":"Microsoft.Cdn/cdnwebapplicationfirewallpolicies","name":"wafpolicy1","location":"Global","tags":{},"sku":{"name":"Standard_Microsoft"},"properties":{"policySettings":{"enabledState":"Enabled","mode":"Detection","defaultRedirectUrl":null,"defaultCustomBlockResponseStatusCode":null,"defaultCustomBlockResponseBody":null},"customRules":{"rules":[]},"rateLimitRules":{"rules":[]},"managedRules":{"managedRuleSets":[]},"endpointLinks":[],"resourceState":"Enabled","provisioningState":"Succeeded"}}'
    headers:
      cache-control:
      - no-cache
      content-length:
      - '671'
      content-type:
      - application/json; charset=utf-8
      date:
      - Thu, 24 Mar 2022 07:28:22 GMT
      expires:
      - '-1'
      pragma:
      - no-cache
      server:
      - Kestrel
      strict-transport-security:
      - max-age=31536000; includeSubDomains
      transfer-encoding:
      - chunked
      vary:
      - Accept-Encoding
      x-content-type-options:
      - nosniff
    status:
      code: 200
      message: OK
version: 1
