interactions:
- request:
    body: null
    headers:
      Accept:
      - application/json
      Accept-Encoding:
      - gzip, deflate
      CommandName:
      - cdn endpoint list
      Connection:
      - keep-alive
      ParameterSetName:
      - -g --profile-name
      User-Agent:
      - python/3.8.5 (macOS-10.16-x86_64-i386-64bit) msrest/0.6.18 msrest_azure/0.6.3
        azure-mgmt-cdn/5.1.0 Azure-SDK-For-Python AZURECLI/2.15.0
      accept-language:
      - en-US
    method: GET
    uri: https://management.azure.com/subscriptions/00000000-0000-0000-0000-000000000000/resourceGroups/clitest.rg000001/providers/Microsoft.Cdn/profiles/profile123/endpoints?api-version=2020-04-15
  response:
    body:
      string: '{"error":{"code":"ParentResourceNotFound","message":"Can not perform
        requested operation on nested resource. Parent resource ''profile123'' not
        found."}}'
    headers:
      cache-control:
      - no-cache
      content-length:
      - '151'
      content-type:
      - application/json; charset=utf-8
      date:
      - Wed, 18 Nov 2020 22:33:37 GMT
      expires:
      - '-1'
      pragma:
      - no-cache
      strict-transport-security:
      - max-age=31536000; includeSubDomains
      x-content-type-options:
      - nosniff
      x-ms-failure-cause:
      - gateway
    status:
      code: 404
      message: Not Found
- request:
    body: null
    headers:
      Accept:
      - application/json
      Accept-Encoding:
      - gzip, deflate
      CommandName:
      - cdn profile create
      Connection:
      - keep-alive
      ParameterSetName:
      - -g -n --sku
      User-Agent:
      - python/3.8.5 (macOS-10.16-x86_64-i386-64bit) msrest/0.6.18 msrest_azure/0.6.3
        azure-mgmt-resource/10.2.0 Azure-SDK-For-Python AZURECLI/2.15.0
      accept-language:
      - en-US
    method: GET
    uri: https://management.azure.com/subscriptions/00000000-0000-0000-0000-000000000000/resourcegroups/clitest.rg000001?api-version=2020-06-01
  response:
    body:
      string: '{"id":"/subscriptions/00000000-0000-0000-0000-000000000000/resourceGroups/clitest.rg000001","name":"clitest.rg000001","type":"Microsoft.Resources/resourceGroups","location":"westus","tags":{"product":"azurecli","cause":"automation","date":"2020-11-18T22:33:35Z"},"properties":{"provisioningState":"Succeeded"}}'
    headers:
      cache-control:
      - no-cache
      content-length:
      - '428'
      content-type:
      - application/json; charset=utf-8
      date:
      - Wed, 18 Nov 2020 22:33:38 GMT
      expires:
      - '-1'
      pragma:
      - no-cache
      strict-transport-security:
      - max-age=31536000; includeSubDomains
      vary:
      - Accept-Encoding
      x-content-type-options:
      - nosniff
    status:
      code: 200
      message: OK
- request:
    body: '{"location": "westus", "sku": {"name": "Standard_Microsoft"}}'
    headers:
      Accept:
      - application/json
      Accept-Encoding:
      - gzip, deflate
      CommandName:
      - cdn profile create
      Connection:
      - keep-alive
      Content-Length:
      - '61'
      Content-Type:
      - application/json; charset=utf-8
      ParameterSetName:
      - -g -n --sku
      User-Agent:
      - python/3.8.5 (macOS-10.16-x86_64-i386-64bit) msrest/0.6.18 msrest_azure/0.6.3
        azure-mgmt-cdn/5.1.0 Azure-SDK-For-Python AZURECLI/2.15.0
      accept-language:
      - en-US
    method: PUT
    uri: https://management.azure.com/subscriptions/00000000-0000-0000-0000-000000000000/resourceGroups/clitest.rg000001/providers/Microsoft.Cdn/profiles/profile123?api-version=2020-04-15
  response:
    body:
      string: "{\r\n  \"name\":\"profile123\",\"id\":\"/subscriptions/00000000-0000-0000-0000-000000000000/resourcegroups/clitest.rg000001/providers/Microsoft.Cdn/profiles/profile123\"\
        ,\"type\":\"Microsoft.Cdn/profiles\",\"tags\":{\r\n    \r\n  },\"location\"\
        :\"WestUs\",\"sku\":{\r\n    \"name\":\"Standard_Microsoft\"\r\n  },\"properties\"\
        :{\r\n    \"provisioningState\":\"Creating\",\"resourceState\":\"Creating\"\
        \r\n  }\r\n}"
    headers:
      azure-asyncoperation:
      - https://management.azure.com/subscriptions/00000000-0000-0000-0000-000000000000/resourcegroups/clitest.rg000001/providers/Microsoft.Cdn/operationresults/de2ef574-9ba6-49e6-805d-0844a1cbae38?api-version=2020-04-15
      cache-control:
      - no-cache
      content-length:
      - '422'
      content-type:
      - application/json; odata.metadata=minimal
      date:
      - Wed, 18 Nov 2020 22:33:42 GMT
      expires:
      - '-1'
      odata-version:
      - '4.0'
      pragma:
      - no-cache
      server:
      - Microsoft-IIS/10.0
      strict-transport-security:
      - max-age=31536000; includeSubDomains
      x-aspnet-version:
      - 4.0.30319
      x-content-type-options:
      - nosniff
      x-ms-ratelimit-remaining-subscription-resource-requests:
      - '24'
      x-powered-by:
      - ASP.NET
    status:
      code: 201
      message: Created
- request:
    body: null
    headers:
      Accept:
      - application/json
      Accept-Encoding:
      - gzip, deflate
      CommandName:
      - cdn profile create
      Connection:
      - keep-alive
      ParameterSetName:
      - -g -n --sku
      User-Agent:
      - python/3.8.5 (macOS-10.16-x86_64-i386-64bit) msrest/0.6.18 msrest_azure/0.6.3
        azure-mgmt-cdn/5.1.0 Azure-SDK-For-Python AZURECLI/2.15.0
    method: GET
    uri: https://management.azure.com/subscriptions/00000000-0000-0000-0000-000000000000/resourcegroups/clitest.rg000001/providers/Microsoft.Cdn/operationresults/de2ef574-9ba6-49e6-805d-0844a1cbae38?api-version=2020-04-15
  response:
    body:
      string: "{\r\n  \"status\":\"InProgress\",\"error\":{\r\n    \"code\":\"None\"\
        ,\"message\":null\r\n  }\r\n}"
    headers:
      cache-control:
      - no-cache
      content-length:
      - '78'
      content-type:
      - application/json; odata.metadata=minimal
      date:
      - Wed, 18 Nov 2020 22:33:53 GMT
      expires:
      - '-1'
      odata-version:
      - '4.0'
      pragma:
      - no-cache
      server:
      - Microsoft-IIS/10.0
      strict-transport-security:
      - max-age=31536000; includeSubDomains
      transfer-encoding:
      - chunked
      vary:
      - Accept-Encoding
      x-aspnet-version:
      - 4.0.30319
      x-content-type-options:
      - nosniff
      x-powered-by:
      - ASP.NET
    status:
      code: 200
      message: OK
- request:
    body: null
    headers:
      Accept:
      - application/json
      Accept-Encoding:
      - gzip, deflate
      CommandName:
      - cdn profile create
      Connection:
      - keep-alive
      ParameterSetName:
      - -g -n --sku
      User-Agent:
      - python/3.8.5 (macOS-10.16-x86_64-i386-64bit) msrest/0.6.18 msrest_azure/0.6.3
        azure-mgmt-cdn/5.1.0 Azure-SDK-For-Python AZURECLI/2.15.0
    method: GET
    uri: https://management.azure.com/subscriptions/00000000-0000-0000-0000-000000000000/resourcegroups/clitest.rg000001/providers/Microsoft.Cdn/operationresults/de2ef574-9ba6-49e6-805d-0844a1cbae38?api-version=2020-04-15
  response:
    body:
      string: "{\r\n  \"status\":\"Succeeded\",\"error\":{\r\n    \"code\":\"None\"\
        ,\"message\":null\r\n  }\r\n}"
    headers:
      cache-control:
      - no-cache
      content-length:
      - '77'
      content-type:
      - application/json; odata.metadata=minimal
      date:
      - Wed, 18 Nov 2020 22:34:23 GMT
      expires:
      - '-1'
      odata-version:
      - '4.0'
      pragma:
      - no-cache
      server:
      - Microsoft-IIS/10.0
      strict-transport-security:
      - max-age=31536000; includeSubDomains
      transfer-encoding:
      - chunked
      vary:
      - Accept-Encoding
      x-aspnet-version:
      - 4.0.30319
      x-content-type-options:
      - nosniff
      x-powered-by:
      - ASP.NET
    status:
      code: 200
      message: OK
- request:
    body: null
    headers:
      Accept:
      - application/json
      Accept-Encoding:
      - gzip, deflate
      CommandName:
      - cdn profile create
      Connection:
      - keep-alive
      ParameterSetName:
      - -g -n --sku
      User-Agent:
      - python/3.8.5 (macOS-10.16-x86_64-i386-64bit) msrest/0.6.18 msrest_azure/0.6.3
        azure-mgmt-cdn/5.1.0 Azure-SDK-For-Python AZURECLI/2.15.0
    method: GET
    uri: https://management.azure.com/subscriptions/00000000-0000-0000-0000-000000000000/resourceGroups/clitest.rg000001/providers/Microsoft.Cdn/profiles/profile123?api-version=2020-04-15
  response:
    body:
      string: "{\r\n  \"name\":\"profile123\",\"id\":\"/subscriptions/00000000-0000-0000-0000-000000000000/resourcegroups/clitest.rg000001/providers/Microsoft.Cdn/profiles/profile123\"\
        ,\"type\":\"Microsoft.Cdn/profiles\",\"tags\":{\r\n    \r\n  },\"location\"\
        :\"WestUs\",\"sku\":{\r\n    \"name\":\"Standard_Microsoft\"\r\n  },\"properties\"\
        :{\r\n    \"provisioningState\":\"Succeeded\",\"resourceState\":\"Active\"\
        \r\n  }\r\n}"
    headers:
      cache-control:
      - no-cache
      content-length:
      - '421'
      content-type:
      - application/json; odata.metadata=minimal
      date:
      - Wed, 18 Nov 2020 22:34:24 GMT
      expires:
      - '-1'
      odata-version:
      - '4.0'
      pragma:
      - no-cache
      server:
      - Microsoft-IIS/10.0
      strict-transport-security:
      - max-age=31536000; includeSubDomains
      transfer-encoding:
      - chunked
      vary:
      - Accept-Encoding
      x-aspnet-version:
      - 4.0.30319
      x-content-type-options:
      - nosniff
      x-ms-ratelimit-remaining-subscription-resource-requests:
      - '49'
      x-powered-by:
      - ASP.NET
    status:
      code: 200
      message: OK
- request:
    body: null
    headers:
      Accept:
      - application/json
      Accept-Encoding:
      - gzip, deflate
      CommandName:
      - cdn endpoint list
      Connection:
      - keep-alive
      ParameterSetName:
      - -g --profile-name
      User-Agent:
      - python/3.8.5 (macOS-10.16-x86_64-i386-64bit) msrest/0.6.18 msrest_azure/0.6.3
        azure-mgmt-cdn/5.1.0 Azure-SDK-For-Python AZURECLI/2.15.0
      accept-language:
      - en-US
    method: GET
    uri: https://management.azure.com/subscriptions/00000000-0000-0000-0000-000000000000/resourceGroups/clitest.rg000001/providers/Microsoft.Cdn/profiles/profile123/endpoints?api-version=2020-04-15
  response:
    body:
      string: "{\r\n  \"value\":[\r\n    \r\n  ]\r\n}"
    headers:
      cache-control:
      - no-cache
      content-length:
      - '28'
      content-type:
      - application/json; odata.metadata=minimal
      date:
      - Wed, 18 Nov 2020 22:34:26 GMT
      expires:
      - '-1'
      odata-version:
      - '4.0'
      pragma:
      - no-cache
      server:
      - Microsoft-IIS/10.0
      strict-transport-security:
      - max-age=31536000; includeSubDomains
      transfer-encoding:
      - chunked
      vary:
      - Accept-Encoding
      x-aspnet-version:
      - 4.0.30319
      x-content-type-options:
      - nosniff
      x-ms-ratelimit-remaining-subscription-resource-requests:
      - '49'
      x-powered-by:
      - ASP.NET
    status:
      code: 200
      message: OK
- request:
    body: null
    headers:
      Accept:
      - application/json
      Accept-Encoding:
      - gzip, deflate
      CommandName:
      - cdn endpoint create
      Connection:
      - keep-alive
      ParameterSetName:
      - -g -n --profile-name --origin
      User-Agent:
      - python/3.8.5 (macOS-10.16-x86_64-i386-64bit) msrest/0.6.18 msrest_azure/0.6.3
        azure-mgmt-resource/10.2.0 Azure-SDK-For-Python AZURECLI/2.15.0
      accept-language:
      - en-US
    method: GET
    uri: https://management.azure.com/subscriptions/00000000-0000-0000-0000-000000000000/resourcegroups/clitest.rg000001?api-version=2020-06-01
  response:
    body:
      string: '{"id":"/subscriptions/00000000-0000-0000-0000-000000000000/resourceGroups/clitest.rg000001","name":"clitest.rg000001","type":"Microsoft.Resources/resourceGroups","location":"westus","tags":{"product":"azurecli","cause":"automation","date":"2020-11-18T22:33:35Z"},"properties":{"provisioningState":"Succeeded"}}'
    headers:
      cache-control:
      - no-cache
      content-length:
      - '428'
      content-type:
      - application/json; charset=utf-8
      date:
      - Wed, 18 Nov 2020 22:34:26 GMT
      expires:
      - '-1'
      pragma:
      - no-cache
      strict-transport-security:
      - max-age=31536000; includeSubDomains
      vary:
      - Accept-Encoding
      x-content-type-options:
      - nosniff
    status:
      code: 200
      message: OK
- request:
    body: '{"location": "westus", "properties": {"isCompressionEnabled": false, "isHttpAllowed":
      true, "isHttpsAllowed": true, "origins": [{"name": "origin-0", "properties":
      {"hostName": "www.example.com", "httpPort": 80, "httpsPort": 443}}]}}'
    headers:
      Accept:
      - application/json
      Accept-Encoding:
      - gzip, deflate
      CommandName:
      - cdn endpoint create
      Connection:
      - keep-alive
      Content-Length:
      - '232'
      Content-Type:
      - application/json; charset=utf-8
      ParameterSetName:
      - -g -n --profile-name --origin
      User-Agent:
      - python/3.8.5 (macOS-10.16-x86_64-i386-64bit) msrest/0.6.18 msrest_azure/0.6.3
        azure-mgmt-cdn/5.1.0 Azure-SDK-For-Python AZURECLI/2.15.0
      accept-language:
      - en-US
    method: PUT
    uri: https://management.azure.com/subscriptions/00000000-0000-0000-0000-000000000000/resourceGroups/clitest.rg000001/providers/Microsoft.Cdn/profiles/profile123/endpoints/endpoint000002?api-version=2020-04-15
  response:
    body:
      string: "{\r\n  \"name\":\"endpoint000002\",\"id\":\"/subscriptions/00000000-0000-0000-0000-000000000000/resourcegroups/clitest.rg000001/providers/Microsoft.Cdn/profiles/profile123/endpoints/endpoint000002\"\
        ,\"type\":\"Microsoft.Cdn/profiles/endpoints\",\"tags\":{\r\n    \r\n  },\"\
        location\":\"WestUs\",\"properties\":{\r\n    \"hostName\":\"endpoint000002.azureedge.net\"\
        ,\"originHostHeader\":null,\"provisioningState\":\"Creating\",\"resourceState\"\
        :\"Creating\",\"isHttpAllowed\":true,\"isHttpsAllowed\":true,\"queryStringCachingBehavior\"\
        :\"IgnoreQueryString\",\"originPath\":null,\"origins\":[\r\n      {\r\n  \
        \      \"name\":\"origin-0\",\"properties\":{\r\n          \"hostName\":\"\
        www.example.com\",\"httpPort\":80,\"httpsPort\":443,\"originHostHeader\":null,\"\
        priority\":1,\"weight\":1000,\"enabled\":true,\"privateLinkResourceId\":null,\"\
        privateLinkLocation\":null,\"privateLinkAlias\":null,\"privateEndpointStatus\"\
        :null,\"privateLinkApprovalMessage\":null\r\n        }\r\n      }\r\n    ],\"\
        originGroups\":[\r\n      \r\n    ],\"defaultOriginGroup\":null,\"customDomains\"\
        :[\r\n      \r\n    ],\"contentTypesToCompress\":[\r\n      \r\n    ],\"isCompressionEnabled\"\
        :false,\"optimizationType\":null,\"probePath\":null,\"geoFilters\":[\r\n \
        \     \r\n    ],\"deliveryPolicy\":null,\"webApplicationFirewallPolicyLink\"\
        :null,\"urlSigningKeys\":[\r\n      \r\n    ]\r\n  }\r\n}"
    headers:
      azure-asyncoperation:
      - https://management.azure.com/subscriptions/00000000-0000-0000-0000-000000000000/resourcegroups/clitest.rg000001/providers/Microsoft.Cdn/operationresults/351e96e5-88d8-4d23-8558-347fd9855dd8?api-version=2020-04-15
      cache-control:
      - no-cache
      content-length:
      - '1319'
      content-type:
      - application/json; odata.metadata=minimal
      date:
      - Wed, 18 Nov 2020 22:34:33 GMT
      expires:
      - '-1'
      odata-version:
      - '4.0'
      pragma:
      - no-cache
      server:
      - Microsoft-IIS/10.0
      strict-transport-security:
      - max-age=31536000; includeSubDomains
      x-aspnet-version:
      - 4.0.30319
      x-content-type-options:
      - nosniff
      x-ms-ratelimit-remaining-subscription-resource-requests:
      - '98'
      x-powered-by:
      - ASP.NET
    status:
      code: 201
      message: Created
- request:
    body: null
    headers:
      Accept:
      - application/json
      Accept-Encoding:
      - gzip, deflate
      CommandName:
      - cdn endpoint create
      Connection:
      - keep-alive
      ParameterSetName:
      - -g -n --profile-name --origin
      User-Agent:
      - python/3.8.5 (macOS-10.16-x86_64-i386-64bit) msrest/0.6.18 msrest_azure/0.6.3
        azure-mgmt-cdn/5.1.0 Azure-SDK-For-Python AZURECLI/2.15.0
    method: GET
    uri: https://management.azure.com/subscriptions/00000000-0000-0000-0000-000000000000/resourcegroups/clitest.rg000001/providers/Microsoft.Cdn/operationresults/351e96e5-88d8-4d23-8558-347fd9855dd8?api-version=2020-04-15
  response:
    body:
      string: "{\r\n  \"status\":\"InProgress\",\"error\":{\r\n    \"code\":\"None\"\
        ,\"message\":null\r\n  }\r\n}"
    headers:
      cache-control:
      - no-cache
      content-length:
      - '78'
      content-type:
      - application/json; odata.metadata=minimal
      date:
      - Wed, 18 Nov 2020 22:34:44 GMT
      expires:
      - '-1'
      odata-version:
      - '4.0'
      pragma:
      - no-cache
      server:
      - Microsoft-IIS/10.0
      strict-transport-security:
      - max-age=31536000; includeSubDomains
      transfer-encoding:
      - chunked
      vary:
      - Accept-Encoding
      x-aspnet-version:
      - 4.0.30319
      x-content-type-options:
      - nosniff
      x-powered-by:
      - ASP.NET
    status:
      code: 200
      message: OK
- request:
    body: null
    headers:
      Accept:
      - application/json
      Accept-Encoding:
      - gzip, deflate
      CommandName:
      - cdn endpoint create
      Connection:
      - keep-alive
      ParameterSetName:
      - -g -n --profile-name --origin
      User-Agent:
      - python/3.8.5 (macOS-10.16-x86_64-i386-64bit) msrest/0.6.18 msrest_azure/0.6.3
        azure-mgmt-cdn/5.1.0 Azure-SDK-For-Python AZURECLI/2.15.0
    method: GET
    uri: https://management.azure.com/subscriptions/00000000-0000-0000-0000-000000000000/resourcegroups/clitest.rg000001/providers/Microsoft.Cdn/operationresults/351e96e5-88d8-4d23-8558-347fd9855dd8?api-version=2020-04-15
  response:
    body:
      string: "{\r\n  \"status\":\"Succeeded\",\"error\":{\r\n    \"code\":\"None\"\
        ,\"message\":null\r\n  }\r\n}"
    headers:
      cache-control:
      - no-cache
      content-length:
      - '77'
      content-type:
      - application/json; odata.metadata=minimal
      date:
      - Wed, 18 Nov 2020 22:35:14 GMT
      expires:
      - '-1'
      odata-version:
      - '4.0'
      pragma:
      - no-cache
      server:
      - Microsoft-IIS/10.0
      strict-transport-security:
      - max-age=31536000; includeSubDomains
      transfer-encoding:
      - chunked
      vary:
      - Accept-Encoding
      x-aspnet-version:
      - 4.0.30319
      x-content-type-options:
      - nosniff
      x-powered-by:
      - ASP.NET
    status:
      code: 200
      message: OK
- request:
    body: null
    headers:
      Accept:
      - application/json
      Accept-Encoding:
      - gzip, deflate
      CommandName:
      - cdn endpoint create
      Connection:
      - keep-alive
      ParameterSetName:
      - -g -n --profile-name --origin
      User-Agent:
      - python/3.8.5 (macOS-10.16-x86_64-i386-64bit) msrest/0.6.18 msrest_azure/0.6.3
        azure-mgmt-cdn/5.1.0 Azure-SDK-For-Python AZURECLI/2.15.0
    method: GET
    uri: https://management.azure.com/subscriptions/00000000-0000-0000-0000-000000000000/resourceGroups/clitest.rg000001/providers/Microsoft.Cdn/profiles/profile123/endpoints/endpoint000002?api-version=2020-04-15
  response:
    body:
      string: "{\r\n  \"name\":\"endpoint000002\",\"id\":\"/subscriptions/00000000-0000-0000-0000-000000000000/resourcegroups/clitest.rg000001/providers/Microsoft.Cdn/profiles/profile123/endpoints/endpoint000002\"\
        ,\"type\":\"Microsoft.Cdn/profiles/endpoints\",\"tags\":{\r\n    \r\n  },\"\
        location\":\"WestUs\",\"properties\":{\r\n    \"hostName\":\"endpoint000002.azureedge.net\"\
        ,\"originHostHeader\":null,\"provisioningState\":\"Succeeded\",\"resourceState\"\
        :\"Running\",\"isHttpAllowed\":true,\"isHttpsAllowed\":true,\"queryStringCachingBehavior\"\
        :\"IgnoreQueryString\",\"originPath\":null,\"origins\":[\r\n      {\r\n  \
        \      \"name\":\"origin-0\",\"properties\":{\r\n          \"hostName\":\"\
        www.example.com\",\"httpPort\":80,\"httpsPort\":443,\"originHostHeader\":null,\"\
        priority\":1,\"weight\":1000,\"enabled\":true,\"privateLinkResourceId\":null,\"\
        privateLinkLocation\":null,\"privateLinkAlias\":null,\"privateEndpointStatus\"\
        :null,\"privateLinkApprovalMessage\":null\r\n        }\r\n      }\r\n    ],\"\
        originGroups\":[\r\n      \r\n    ],\"defaultOriginGroup\":null,\"customDomains\"\
        :[\r\n      \r\n    ],\"contentTypesToCompress\":[\r\n      \r\n    ],\"isCompressionEnabled\"\
        :false,\"optimizationType\":null,\"probePath\":null,\"geoFilters\":[\r\n \
        \     \r\n    ],\"deliveryPolicy\":null,\"webApplicationFirewallPolicyLink\"\
        :null,\"urlSigningKeys\":[\r\n      \r\n    ]\r\n  }\r\n}"
    headers:
      cache-control:
      - no-cache
      content-length:
      - '1319'
      content-type:
      - application/json; odata.metadata=minimal
      date:
      - Wed, 18 Nov 2020 22:35:15 GMT
      expires:
      - '-1'
      odata-version:
      - '4.0'
      pragma:
      - no-cache
      server:
      - Microsoft-IIS/10.0
      strict-transport-security:
      - max-age=31536000; includeSubDomains
      transfer-encoding:
      - chunked
      vary:
      - Accept-Encoding
      x-aspnet-version:
      - 4.0.30319
      x-content-type-options:
      - nosniff
      x-ms-ratelimit-remaining-subscription-resource-requests:
      - '49'
      x-powered-by:
      - ASP.NET
    status:
      code: 200
      message: OK
- request:
    body: null
    headers:
      Accept:
      - application/json
      Accept-Encoding:
      - gzip, deflate
      CommandName:
      - cdn endpoint list
      Connection:
      - keep-alive
      ParameterSetName:
      - -g --profile-name
      User-Agent:
      - python/3.8.5 (macOS-10.16-x86_64-i386-64bit) msrest/0.6.18 msrest_azure/0.6.3
        azure-mgmt-cdn/5.1.0 Azure-SDK-For-Python AZURECLI/2.15.0
      accept-language:
      - en-US
    method: GET
    uri: https://management.azure.com/subscriptions/00000000-0000-0000-0000-000000000000/resourceGroups/clitest.rg000001/providers/Microsoft.Cdn/profiles/profile123/endpoints?api-version=2020-04-15
  response:
    body:
      string: "{\r\n  \"value\":[\r\n    {\r\n      \"name\":\"endpoint000002\",\"\
        id\":\"/subscriptions/00000000-0000-0000-0000-000000000000/resourcegroups/clitest.rg000001/providers/Microsoft.Cdn/profiles/profile123/endpoints/endpoint000002\"\
        ,\"type\":\"Microsoft.Cdn/profiles/endpoints\",\"tags\":{\r\n        \r\n\
        \      },\"location\":\"WestUs\",\"properties\":{\r\n        \"hostName\"\
        :\"endpoint000002.azureedge.net\",\"originHostHeader\":null,\"provisioningState\"\
        :\"Succeeded\",\"resourceState\":\"Running\",\"isHttpAllowed\":true,\"isHttpsAllowed\"\
        :true,\"queryStringCachingBehavior\":\"IgnoreQueryString\",\"originPath\"\
        :null,\"origins\":[\r\n          {\r\n            \"name\":\"origin-0\",\"\
        properties\":{\r\n              \"hostName\":\"www.example.com\",\"httpPort\"\
        :80,\"httpsPort\":443,\"originHostHeader\":null,\"priority\":1,\"weight\"\
        :1000,\"enabled\":true,\"privateLinkResourceId\":null,\"privateLinkLocation\"\
        :null,\"privateLinkAlias\":null,\"privateEndpointStatus\":null,\"privateLinkApprovalMessage\"\
        :null\r\n            }\r\n          }\r\n        ],\"originGroups\":[\r\n\
        \          \r\n        ],\"defaultOriginGroup\":null,\"customDomains\":[\r\
        \n          \r\n        ],\"contentTypesToCompress\":[\r\n          \r\n \
        \       ],\"isCompressionEnabled\":false,\"optimizationType\":null,\"probePath\"\
        :null,\"geoFilters\":[\r\n          \r\n        ],\"deliveryPolicy\":null,\"\
        webApplicationFirewallPolicyLink\":null,\"urlSigningKeys\":[\r\n         \
        \ \r\n        ]\r\n      }\r\n    }\r\n  ]\r\n}"
    headers:
      cache-control:
      - no-cache
      content-length:
      - '1435'
      content-type:
      - application/json; odata.metadata=minimal
      date:
      - Wed, 18 Nov 2020 22:35:17 GMT
      expires:
      - '-1'
      odata-version:
      - '4.0'
      pragma:
      - no-cache
      server:
      - Microsoft-IIS/10.0
      strict-transport-security:
      - max-age=31536000; includeSubDomains
      transfer-encoding:
      - chunked
      vary:
      - Accept-Encoding
      x-aspnet-version:
      - 4.0.30319
      x-content-type-options:
      - nosniff
      x-ms-ratelimit-remaining-subscription-resource-requests:
      - '48'
      x-powered-by:
      - ASP.NET
    status:
      code: 200
      message: OK
- request:
    body: null
    headers:
      Accept:
      - application/json
      Accept-Encoding:
      - gzip, deflate
      CommandName:
      - cdn endpoint rule add
      Connection:
      - keep-alive
      ParameterSetName:
      - -g -n --profile-name --order --rule-name --match-variable --operator --match-values
        --action-name --cache-behavior
      User-Agent:
      - python/3.8.5 (macOS-10.16-x86_64-i386-64bit) msrest/0.6.18 msrest_azure/0.6.3
        azure-mgmt-cdn/5.1.0 Azure-SDK-For-Python AZURECLI/2.15.0
      accept-language:
      - en-US
    method: GET
    uri: https://management.azure.com/subscriptions/00000000-0000-0000-0000-000000000000/resourceGroups/clitest.rg000001/providers/Microsoft.Cdn/profiles/profile123/endpoints/endpoint000002?api-version=2020-04-15
  response:
    body:
      string: "{\r\n  \"name\":\"endpoint000002\",\"id\":\"/subscriptions/00000000-0000-0000-0000-000000000000/resourcegroups/clitest.rg000001/providers/Microsoft.Cdn/profiles/profile123/endpoints/endpoint000002\"\
        ,\"type\":\"Microsoft.Cdn/profiles/endpoints\",\"tags\":{\r\n    \r\n  },\"\
        location\":\"WestUs\",\"properties\":{\r\n    \"hostName\":\"endpoint000002.azureedge.net\"\
        ,\"originHostHeader\":null,\"provisioningState\":\"Succeeded\",\"resourceState\"\
        :\"Running\",\"isHttpAllowed\":true,\"isHttpsAllowed\":true,\"queryStringCachingBehavior\"\
        :\"IgnoreQueryString\",\"originPath\":null,\"origins\":[\r\n      {\r\n  \
        \      \"name\":\"origin-0\",\"properties\":{\r\n          \"hostName\":\"\
        www.example.com\",\"httpPort\":80,\"httpsPort\":443,\"originHostHeader\":null,\"\
        priority\":1,\"weight\":1000,\"enabled\":true,\"privateLinkResourceId\":null,\"\
        privateLinkLocation\":null,\"privateLinkAlias\":null,\"privateEndpointStatus\"\
        :null,\"privateLinkApprovalMessage\":null\r\n        }\r\n      }\r\n    ],\"\
        originGroups\":[\r\n      \r\n    ],\"defaultOriginGroup\":null,\"customDomains\"\
        :[\r\n      \r\n    ],\"contentTypesToCompress\":[\r\n      \r\n    ],\"isCompressionEnabled\"\
        :false,\"optimizationType\":null,\"probePath\":null,\"geoFilters\":[\r\n \
        \     \r\n    ],\"deliveryPolicy\":null,\"webApplicationFirewallPolicyLink\"\
        :null,\"urlSigningKeys\":[\r\n      \r\n    ]\r\n  }\r\n}"
    headers:
      cache-control:
      - no-cache
      content-length:
      - '1319'
      content-type:
      - application/json; odata.metadata=minimal
      date:
      - Wed, 18 Nov 2020 22:35:19 GMT
      expires:
      - '-1'
      odata-version:
      - '4.0'
      pragma:
      - no-cache
      server:
      - Microsoft-IIS/10.0
      strict-transport-security:
      - max-age=31536000; includeSubDomains
      transfer-encoding:
      - chunked
      vary:
      - Accept-Encoding
      x-aspnet-version:
      - 4.0.30319
      x-content-type-options:
      - nosniff
      x-ms-ratelimit-remaining-subscription-resource-requests:
      - '49'
      x-powered-by:
      - ASP.NET
    status:
      code: 200
      message: OK
- request:
    body: '{"properties": {"deliveryPolicy": {"description": "delivery_policy", "rules":
      [{"name": "r1", "order": 1, "conditions": [{"name": "RemoteAddress", "parameters":
      {"@odata.type": "#Microsoft.Azure.Cdn.Models.DeliveryRuleRemoteAddressConditionParameters",
      "operator": "GeoMatch", "matchValues": ["TH"]}}], "actions": [{"name": "CacheExpiration",
      "parameters": {"@odata.type": "#Microsoft.Azure.Cdn.Models.DeliveryRuleCacheExpirationActionParameters",
      "cacheBehavior": "BypassCache", "cacheType": "All"}}]}]}}}'
    headers:
      Accept:
      - application/json
      Accept-Encoding:
      - gzip, deflate
      CommandName:
      - cdn endpoint rule add
      Connection:
      - keep-alive
      Content-Length:
      - '506'
      Content-Type:
      - application/json; charset=utf-8
      ParameterSetName:
      - -g -n --profile-name --order --rule-name --match-variable --operator --match-values
        --action-name --cache-behavior
      User-Agent:
      - python/3.8.5 (macOS-10.16-x86_64-i386-64bit) msrest/0.6.18 msrest_azure/0.6.3
        azure-mgmt-cdn/5.1.0 Azure-SDK-For-Python AZURECLI/2.15.0
      accept-language:
      - en-US
    method: PATCH
    uri: https://management.azure.com/subscriptions/00000000-0000-0000-0000-000000000000/resourceGroups/clitest.rg000001/providers/Microsoft.Cdn/profiles/profile123/endpoints/endpoint000002?api-version=2020-04-15
  response:
    body:
      string: "{\r\n  \"name\":\"endpoint000002\",\"id\":\"/subscriptions/00000000-0000-0000-0000-000000000000/resourcegroups/clitest.rg000001/providers/Microsoft.Cdn/profiles/profile123/endpoints/endpoint000002\"\
        ,\"type\":\"Microsoft.Cdn/profiles/endpoints\",\"tags\":{\r\n    \r\n  },\"\
        location\":\"WestUs\",\"properties\":{\r\n    \"hostName\":\"endpoint000002.azureedge.net\"\
        ,\"originHostHeader\":null,\"provisioningState\":\"Succeeded\",\"resourceState\"\
        :\"Running\",\"isHttpAllowed\":true,\"isHttpsAllowed\":true,\"queryStringCachingBehavior\"\
        :\"IgnoreQueryString\",\"originPath\":null,\"origins\":[\r\n      {\r\n  \
        \      \"name\":\"origin-0\",\"properties\":{\r\n          \"hostName\":\"\
        www.example.com\",\"httpPort\":80,\"httpsPort\":443,\"originHostHeader\":null,\"\
        priority\":1,\"weight\":1000,\"enabled\":true,\"privateLinkResourceId\":null,\"\
        privateLinkLocation\":null,\"privateLinkAlias\":null,\"privateEndpointStatus\"\
        :null,\"privateLinkApprovalMessage\":null\r\n        }\r\n      }\r\n    ],\"\
        originGroups\":[\r\n      \r\n    ],\"defaultOriginGroup\":null,\"customDomains\"\
        :[\r\n      \r\n    ],\"contentTypesToCompress\":[\r\n      \r\n    ],\"isCompressionEnabled\"\
        :false,\"optimizationType\":null,\"probePath\":null,\"geoFilters\":[\r\n \
        \     \r\n    ],\"deliveryPolicy\":{\r\n      \"description\":\"delivery_policy\"\
        ,\"rules\":[\r\n        {\r\n          \"name\":\"r1\",\"order\":1,\"conditions\"\
        :[\r\n            {\r\n              \"name\":\"RemoteAddress\",\"parameters\"\
        :{\r\n                \"@odata.type\":\"#Microsoft.Azure.Cdn.Models.DeliveryRuleRemoteAddressConditionParameters\"\
        ,\"operator\":\"GeoMatch\",\"negateCondition\":false,\"matchValues\":[\r\n\
        \                  \"TH\"\r\n                ],\"transforms\":[\r\n      \
        \            \r\n                ]\r\n              }\r\n            }\r\n\
        \          ],\"actions\":[\r\n            {\r\n              \"name\":\"CacheExpiration\"\
        ,\"parameters\":{\r\n                \"@odata.type\":\"#Microsoft.Azure.Cdn.Models.DeliveryRuleCacheExpirationActionParameters\"\
        ,\"cacheBehavior\":\"BypassCache\",\"cacheDuration\":null,\"cacheType\":\"\
        All\"\r\n              }\r\n            }\r\n          ]\r\n        }\r\n\
        \      ]\r\n    },\"webApplicationFirewallPolicyLink\":null,\"urlSigningKeys\"\
        :[\r\n      \r\n    ]\r\n  }\r\n}"
    headers:
      azure-asyncoperation:
      - https://management.azure.com/subscriptions/00000000-0000-0000-0000-000000000000/resourcegroups/clitest.rg000001/providers/Microsoft.Cdn/operationresults/722b8647-7381-45a4-b9e9-4aba35997196?api-version=2020-04-15
      cache-control:
      - no-cache
      content-length:
      - '2130'
      content-type:
      - application/json; odata.metadata=minimal
      date:
      - Wed, 18 Nov 2020 22:35:23 GMT
      expires:
      - '-1'
      location:
      - https://management.azure.com/subscriptions/00000000-0000-0000-0000-000000000000/resourcegroups/clitest.rg000001/providers/Microsoft.Cdn/operationresults/722b8647-7381-45a4-b9e9-4aba35997196/profileresults/profile123/endpointresults/endpoint000002?api-version=2020-04-15
      odata-version:
      - '4.0'
      pragma:
      - no-cache
      server:
      - Microsoft-IIS/10.0
      strict-transport-security:
      - max-age=31536000; includeSubDomains
      x-aspnet-version:
      - 4.0.30319
      x-content-type-options:
      - nosniff
      x-ms-ratelimit-remaining-subscription-resource-requests:
      - '99'
      x-powered-by:
      - ASP.NET
    status:
      code: 202
      message: Accepted
- request:
    body: null
    headers:
      Accept:
      - application/json
      Accept-Encoding:
      - gzip, deflate
      CommandName:
      - cdn endpoint rule add
      Connection:
      - keep-alive
      ParameterSetName:
      - -g -n --profile-name --order --rule-name --match-variable --operator --match-values
        --action-name --cache-behavior
      User-Agent:
      - python/3.8.5 (macOS-10.16-x86_64-i386-64bit) msrest/0.6.18 msrest_azure/0.6.3
        azure-mgmt-cdn/5.1.0 Azure-SDK-For-Python AZURECLI/2.15.0
    method: GET
    uri: https://management.azure.com/subscriptions/00000000-0000-0000-0000-000000000000/resourcegroups/clitest.rg000001/providers/Microsoft.Cdn/operationresults/722b8647-7381-45a4-b9e9-4aba35997196?api-version=2020-04-15
  response:
    body:
      string: "{\r\n  \"status\":\"Succeeded\",\"error\":{\r\n    \"code\":\"None\"\
        ,\"message\":null\r\n  }\r\n}"
    headers:
      cache-control:
      - no-cache
      content-length:
      - '77'
      content-type:
      - application/json; odata.metadata=minimal
      date:
      - Wed, 18 Nov 2020 22:35:32 GMT
      expires:
      - '-1'
      odata-version:
      - '4.0'
      pragma:
      - no-cache
      server:
      - Microsoft-IIS/10.0
      strict-transport-security:
      - max-age=31536000; includeSubDomains
      transfer-encoding:
      - chunked
      vary:
      - Accept-Encoding
      x-aspnet-version:
      - 4.0.30319
      x-content-type-options:
      - nosniff
      x-powered-by:
      - ASP.NET
    status:
      code: 200
      message: OK
- request:
    body: null
    headers:
      Accept:
      - application/json
      Accept-Encoding:
      - gzip, deflate
      CommandName:
      - cdn endpoint rule add
      Connection:
      - keep-alive
      ParameterSetName:
      - -g -n --profile-name --order --rule-name --match-variable --operator --match-values
        --action-name --cache-behavior
      User-Agent:
      - python/3.8.5 (macOS-10.16-x86_64-i386-64bit) msrest/0.6.18 msrest_azure/0.6.3
        azure-mgmt-cdn/5.1.0 Azure-SDK-For-Python AZURECLI/2.15.0
    method: GET
    uri: https://management.azure.com/subscriptions/00000000-0000-0000-0000-000000000000/resourceGroups/clitest.rg000001/providers/Microsoft.Cdn/profiles/profile123/endpoints/endpoint000002?api-version=2020-04-15
  response:
    body:
      string: "{\r\n  \"name\":\"endpoint000002\",\"id\":\"/subscriptions/00000000-0000-0000-0000-000000000000/resourcegroups/clitest.rg000001/providers/Microsoft.Cdn/profiles/profile123/endpoints/endpoint000002\"\
        ,\"type\":\"Microsoft.Cdn/profiles/endpoints\",\"tags\":{\r\n    \r\n  },\"\
        location\":\"WestUs\",\"properties\":{\r\n    \"hostName\":\"endpoint000002.azureedge.net\"\
        ,\"originHostHeader\":null,\"provisioningState\":\"Succeeded\",\"resourceState\"\
        :\"Running\",\"isHttpAllowed\":true,\"isHttpsAllowed\":true,\"queryStringCachingBehavior\"\
        :\"IgnoreQueryString\",\"originPath\":null,\"origins\":[\r\n      {\r\n  \
        \      \"name\":\"origin-0\",\"properties\":{\r\n          \"hostName\":\"\
        www.example.com\",\"httpPort\":80,\"httpsPort\":443,\"originHostHeader\":null,\"\
        priority\":1,\"weight\":1000,\"enabled\":true,\"privateLinkResourceId\":null,\"\
        privateLinkLocation\":null,\"privateLinkAlias\":null,\"privateEndpointStatus\"\
        :null,\"privateLinkApprovalMessage\":null\r\n        }\r\n      }\r\n    ],\"\
        originGroups\":[\r\n      \r\n    ],\"defaultOriginGroup\":null,\"customDomains\"\
        :[\r\n      \r\n    ],\"contentTypesToCompress\":[\r\n      \r\n    ],\"isCompressionEnabled\"\
        :false,\"optimizationType\":null,\"probePath\":null,\"geoFilters\":[\r\n \
        \     \r\n    ],\"deliveryPolicy\":{\r\n      \"description\":\"delivery_policy\"\
        ,\"rules\":[\r\n        {\r\n          \"name\":\"r1\",\"order\":1,\"conditions\"\
        :[\r\n            {\r\n              \"name\":\"RemoteAddress\",\"parameters\"\
        :{\r\n                \"@odata.type\":\"#Microsoft.Azure.Cdn.Models.DeliveryRuleRemoteAddressConditionParameters\"\
        ,\"operator\":\"GeoMatch\",\"negateCondition\":false,\"matchValues\":[\r\n\
        \                  \"TH\"\r\n                ],\"transforms\":[\r\n      \
        \            \r\n                ]\r\n              }\r\n            }\r\n\
        \          ],\"actions\":[\r\n            {\r\n              \"name\":\"CacheExpiration\"\
        ,\"parameters\":{\r\n                \"@odata.type\":\"#Microsoft.Azure.Cdn.Models.DeliveryRuleCacheExpirationActionParameters\"\
        ,\"cacheBehavior\":\"BypassCache\",\"cacheDuration\":null,\"cacheType\":\"\
        All\"\r\n              }\r\n            }\r\n          ]\r\n        }\r\n\
        \      ]\r\n    },\"webApplicationFirewallPolicyLink\":null,\"urlSigningKeys\"\
        :[\r\n      \r\n    ]\r\n  }\r\n}"
    headers:
      cache-control:
      - no-cache
      content-length:
      - '2130'
      content-type:
      - application/json; odata.metadata=minimal
      date:
      - Wed, 18 Nov 2020 22:35:33 GMT
      expires:
      - '-1'
      odata-version:
      - '4.0'
      pragma:
      - no-cache
      server:
      - Microsoft-IIS/10.0
      strict-transport-security:
      - max-age=31536000; includeSubDomains
      transfer-encoding:
      - chunked
      vary:
      - Accept-Encoding
      x-aspnet-version:
      - 4.0.30319
      x-content-type-options:
      - nosniff
      x-ms-ratelimit-remaining-subscription-resource-requests:
      - '49'
      x-powered-by:
      - ASP.NET
    status:
      code: 200
      message: OK
- request:
    body: null
    headers:
      Accept:
      - application/json
      Accept-Encoding:
      - gzip, deflate
      CommandName:
      - cdn endpoint rule condition add
      Connection:
      - keep-alive
      ParameterSetName:
      - -g -n --profile-name --rule-name --match-variable --operator --match-values
      User-Agent:
      - python/3.8.5 (macOS-10.16-x86_64-i386-64bit) msrest/0.6.18 msrest_azure/0.6.3
        azure-mgmt-cdn/5.1.0 Azure-SDK-For-Python AZURECLI/2.15.0
      accept-language:
      - en-US
    method: GET
    uri: https://management.azure.com/subscriptions/00000000-0000-0000-0000-000000000000/resourceGroups/clitest.rg000001/providers/Microsoft.Cdn/profiles/profile123/endpoints/endpoint000002?api-version=2020-04-15
  response:
    body:
      string: "{\r\n  \"name\":\"endpoint000002\",\"id\":\"/subscriptions/00000000-0000-0000-0000-000000000000/resourcegroups/clitest.rg000001/providers/Microsoft.Cdn/profiles/profile123/endpoints/endpoint000002\"\
        ,\"type\":\"Microsoft.Cdn/profiles/endpoints\",\"tags\":{\r\n    \r\n  },\"\
        location\":\"WestUs\",\"properties\":{\r\n    \"hostName\":\"endpoint000002.azureedge.net\"\
        ,\"originHostHeader\":null,\"provisioningState\":\"Succeeded\",\"resourceState\"\
        :\"Running\",\"isHttpAllowed\":true,\"isHttpsAllowed\":true,\"queryStringCachingBehavior\"\
        :\"IgnoreQueryString\",\"originPath\":null,\"origins\":[\r\n      {\r\n  \
        \      \"name\":\"origin-0\",\"properties\":{\r\n          \"hostName\":\"\
        www.example.com\",\"httpPort\":80,\"httpsPort\":443,\"originHostHeader\":null,\"\
        priority\":1,\"weight\":1000,\"enabled\":true,\"privateLinkResourceId\":null,\"\
        privateLinkLocation\":null,\"privateLinkAlias\":null,\"privateEndpointStatus\"\
        :null,\"privateLinkApprovalMessage\":null\r\n        }\r\n      }\r\n    ],\"\
        originGroups\":[\r\n      \r\n    ],\"defaultOriginGroup\":null,\"customDomains\"\
        :[\r\n      \r\n    ],\"contentTypesToCompress\":[\r\n      \r\n    ],\"isCompressionEnabled\"\
        :false,\"optimizationType\":null,\"probePath\":null,\"geoFilters\":[\r\n \
        \     \r\n    ],\"deliveryPolicy\":{\r\n      \"description\":\"delivery_policy\"\
        ,\"rules\":[\r\n        {\r\n          \"name\":\"r1\",\"order\":1,\"conditions\"\
        :[\r\n            {\r\n              \"name\":\"RemoteAddress\",\"parameters\"\
        :{\r\n                \"@odata.type\":\"#Microsoft.Azure.Cdn.Models.DeliveryRuleRemoteAddressConditionParameters\"\
        ,\"operator\":\"GeoMatch\",\"negateCondition\":false,\"matchValues\":[\r\n\
        \                  \"TH\"\r\n                ],\"transforms\":[\r\n      \
        \            \r\n                ]\r\n              }\r\n            }\r\n\
        \          ],\"actions\":[\r\n            {\r\n              \"name\":\"CacheExpiration\"\
        ,\"parameters\":{\r\n                \"@odata.type\":\"#Microsoft.Azure.Cdn.Models.DeliveryRuleCacheExpirationActionParameters\"\
        ,\"cacheBehavior\":\"BypassCache\",\"cacheDuration\":null,\"cacheType\":\"\
        All\"\r\n              }\r\n            }\r\n          ]\r\n        }\r\n\
        \      ]\r\n    },\"webApplicationFirewallPolicyLink\":null,\"urlSigningKeys\"\
        :[\r\n      \r\n    ]\r\n  }\r\n}"
    headers:
      cache-control:
      - no-cache
      content-length:
      - '2130'
      content-type:
      - application/json; odata.metadata=minimal
      date:
      - Wed, 18 Nov 2020 22:35:36 GMT
      expires:
      - '-1'
      odata-version:
      - '4.0'
      pragma:
      - no-cache
      server:
      - Microsoft-IIS/10.0
      strict-transport-security:
      - max-age=31536000; includeSubDomains
      transfer-encoding:
      - chunked
      vary:
      - Accept-Encoding
      x-aspnet-version:
      - 4.0.30319
      x-content-type-options:
      - nosniff
      x-ms-ratelimit-remaining-subscription-resource-requests:
      - '49'
      x-powered-by:
      - ASP.NET
    status:
      code: 200
      message: OK
- request:
    body: '{"properties": {"deliveryPolicy": {"description": "delivery_policy", "rules":
      [{"name": "r1", "order": 1, "conditions": [{"name": "RemoteAddress", "parameters":
      {"@odata.type": "#Microsoft.Azure.Cdn.Models.DeliveryRuleRemoteAddressConditionParameters",
      "operator": "GeoMatch", "negateCondition": false, "matchValues": ["TH"], "transforms":
      []}}, {"name": "RemoteAddress", "parameters": {"@odata.type": "#Microsoft.Azure.Cdn.Models.DeliveryRuleRemoteAddressConditionParameters",
      "operator": "GeoMatch", "matchValues": ["TH", "US"]}}], "actions": [{"name":
      "CacheExpiration", "parameters": {"@odata.type": "#Microsoft.Azure.Cdn.Models.DeliveryRuleCacheExpirationActionParameters",
      "cacheBehavior": "BypassCache", "cacheType": "All"}}]}]}}}'
    headers:
      Accept:
      - application/json
      Accept-Encoding:
      - gzip, deflate
      CommandName:
      - cdn endpoint rule condition add
      Connection:
      - keep-alive
      Content-Length:
      - '737'
      Content-Type:
      - application/json; charset=utf-8
      ParameterSetName:
      - -g -n --profile-name --rule-name --match-variable --operator --match-values
      User-Agent:
      - python/3.8.5 (macOS-10.16-x86_64-i386-64bit) msrest/0.6.18 msrest_azure/0.6.3
        azure-mgmt-cdn/5.1.0 Azure-SDK-For-Python AZURECLI/2.15.0
      accept-language:
      - en-US
    method: PATCH
    uri: https://management.azure.com/subscriptions/00000000-0000-0000-0000-000000000000/resourceGroups/clitest.rg000001/providers/Microsoft.Cdn/profiles/profile123/endpoints/endpoint000002?api-version=2020-04-15
  response:
    body:
      string: "{\r\n  \"name\":\"endpoint000002\",\"id\":\"/subscriptions/00000000-0000-0000-0000-000000000000/resourcegroups/clitest.rg000001/providers/Microsoft.Cdn/profiles/profile123/endpoints/endpoint000002\"\
        ,\"type\":\"Microsoft.Cdn/profiles/endpoints\",\"tags\":{\r\n    \r\n  },\"\
        location\":\"WestUs\",\"properties\":{\r\n    \"hostName\":\"endpoint000002.azureedge.net\"\
        ,\"originHostHeader\":null,\"provisioningState\":\"Succeeded\",\"resourceState\"\
        :\"Running\",\"isHttpAllowed\":true,\"isHttpsAllowed\":true,\"queryStringCachingBehavior\"\
        :\"IgnoreQueryString\",\"originPath\":null,\"origins\":[\r\n      {\r\n  \
        \      \"name\":\"origin-0\",\"properties\":{\r\n          \"hostName\":\"\
        www.example.com\",\"httpPort\":80,\"httpsPort\":443,\"originHostHeader\":null,\"\
        priority\":1,\"weight\":1000,\"enabled\":true,\"privateLinkResourceId\":null,\"\
        privateLinkLocation\":null,\"privateLinkAlias\":null,\"privateEndpointStatus\"\
        :null,\"privateLinkApprovalMessage\":null\r\n        }\r\n      }\r\n    ],\"\
        originGroups\":[\r\n      \r\n    ],\"defaultOriginGroup\":null,\"customDomains\"\
        :[\r\n      \r\n    ],\"contentTypesToCompress\":[\r\n      \r\n    ],\"isCompressionEnabled\"\
        :false,\"optimizationType\":null,\"probePath\":null,\"geoFilters\":[\r\n \
        \     \r\n    ],\"deliveryPolicy\":{\r\n      \"description\":\"delivery_policy\"\
        ,\"rules\":[\r\n        {\r\n          \"name\":\"r1\",\"order\":1,\"conditions\"\
        :[\r\n            {\r\n              \"name\":\"RemoteAddress\",\"parameters\"\
        :{\r\n                \"@odata.type\":\"#Microsoft.Azure.Cdn.Models.DeliveryRuleRemoteAddressConditionParameters\"\
        ,\"operator\":\"GeoMatch\",\"negateCondition\":false,\"matchValues\":[\r\n\
        \                  \"TH\"\r\n                ],\"transforms\":[\r\n      \
        \            \r\n                ]\r\n              }\r\n            },{\r\
        \n              \"name\":\"RemoteAddress\",\"parameters\":{\r\n          \
        \      \"@odata.type\":\"#Microsoft.Azure.Cdn.Models.DeliveryRuleRemoteAddressConditionParameters\"\
        ,\"operator\":\"GeoMatch\",\"negateCondition\":false,\"matchValues\":[\r\n\
        \                  \"TH\",\"US\"\r\n                ],\"transforms\":[\r\n\
        \                  \r\n                ]\r\n              }\r\n          \
        \  }\r\n          ],\"actions\":[\r\n            {\r\n              \"name\"\
        :\"CacheExpiration\",\"parameters\":{\r\n                \"@odata.type\":\"\
        #Microsoft.Azure.Cdn.Models.DeliveryRuleCacheExpirationActionParameters\"\
        ,\"cacheBehavior\":\"BypassCache\",\"cacheDuration\":null,\"cacheType\":\"\
        All\"\r\n              }\r\n            }\r\n          ]\r\n        }\r\n\
        \      ]\r\n    },\"webApplicationFirewallPolicyLink\":null,\"urlSigningKeys\"\
        :[\r\n      \r\n    ]\r\n  }\r\n}"
    headers:
      azure-asyncoperation:
      - https://management.azure.com/subscriptions/00000000-0000-0000-0000-000000000000/resourcegroups/clitest.rg000001/providers/Microsoft.Cdn/operationresults/5d75ae72-da79-4e8e-bcbe-d6827e98f5f4?api-version=2020-04-15
      cache-control:
      - no-cache
      content-length:
      - '2487'
      content-type:
      - application/json; odata.metadata=minimal
      date:
      - Wed, 18 Nov 2020 22:35:39 GMT
      expires:
      - '-1'
      location:
      - https://management.azure.com/subscriptions/00000000-0000-0000-0000-000000000000/resourcegroups/clitest.rg000001/providers/Microsoft.Cdn/operationresults/5d75ae72-da79-4e8e-bcbe-d6827e98f5f4/profileresults/profile123/endpointresults/endpoint000002?api-version=2020-04-15
      odata-version:
      - '4.0'
      pragma:
      - no-cache
      server:
      - Microsoft-IIS/10.0
      strict-transport-security:
      - max-age=31536000; includeSubDomains
      x-aspnet-version:
      - 4.0.30319
      x-content-type-options:
      - nosniff
      x-ms-ratelimit-remaining-subscription-resource-requests:
      - '97'
      x-powered-by:
      - ASP.NET
    status:
      code: 202
      message: Accepted
- request:
    body: null
    headers:
      Accept:
      - application/json
      Accept-Encoding:
      - gzip, deflate
      CommandName:
      - cdn endpoint rule condition add
      Connection:
      - keep-alive
      ParameterSetName:
      - -g -n --profile-name --rule-name --match-variable --operator --match-values
      User-Agent:
      - python/3.8.5 (macOS-10.16-x86_64-i386-64bit) msrest/0.6.18 msrest_azure/0.6.3
        azure-mgmt-cdn/5.1.0 Azure-SDK-For-Python AZURECLI/2.15.0
    method: GET
    uri: https://management.azure.com/subscriptions/00000000-0000-0000-0000-000000000000/resourcegroups/clitest.rg000001/providers/Microsoft.Cdn/operationresults/5d75ae72-da79-4e8e-bcbe-d6827e98f5f4?api-version=2020-04-15
  response:
    body:
      string: "{\r\n  \"status\":\"InProgress\",\"error\":{\r\n    \"code\":\"None\"\
        ,\"message\":null\r\n  }\r\n}"
    headers:
      cache-control:
      - no-cache
      content-length:
      - '78'
      content-type:
      - application/json; odata.metadata=minimal
      date:
      - Wed, 18 Nov 2020 22:35:49 GMT
      expires:
      - '-1'
      odata-version:
      - '4.0'
      pragma:
      - no-cache
      server:
      - Microsoft-IIS/10.0
      strict-transport-security:
      - max-age=31536000; includeSubDomains
      transfer-encoding:
      - chunked
      vary:
      - Accept-Encoding
      x-aspnet-version:
      - 4.0.30319
      x-content-type-options:
      - nosniff
      x-powered-by:
      - ASP.NET
    status:
      code: 200
      message: OK
- request:
    body: null
    headers:
      Accept:
      - application/json
      Accept-Encoding:
      - gzip, deflate
      CommandName:
      - cdn endpoint rule condition add
      Connection:
      - keep-alive
      ParameterSetName:
      - -g -n --profile-name --rule-name --match-variable --operator --match-values
      User-Agent:
      - python/3.8.5 (macOS-10.16-x86_64-i386-64bit) msrest/0.6.18 msrest_azure/0.6.3
        azure-mgmt-cdn/5.1.0 Azure-SDK-For-Python AZURECLI/2.15.0
    method: GET
    uri: https://management.azure.com/subscriptions/00000000-0000-0000-0000-000000000000/resourcegroups/clitest.rg000001/providers/Microsoft.Cdn/operationresults/5d75ae72-da79-4e8e-bcbe-d6827e98f5f4?api-version=2020-04-15
  response:
    body:
      string: "{\r\n  \"status\":\"Succeeded\",\"error\":{\r\n    \"code\":\"None\"\
        ,\"message\":null\r\n  }\r\n}"
    headers:
      cache-control:
      - no-cache
      content-length:
      - '77'
      content-type:
      - application/json; odata.metadata=minimal
      date:
      - Wed, 18 Nov 2020 22:36:20 GMT
      expires:
      - '-1'
      odata-version:
      - '4.0'
      pragma:
      - no-cache
      server:
      - Microsoft-IIS/10.0
      strict-transport-security:
      - max-age=31536000; includeSubDomains
      transfer-encoding:
      - chunked
      vary:
      - Accept-Encoding
      x-aspnet-version:
      - 4.0.30319
      x-content-type-options:
      - nosniff
      x-powered-by:
      - ASP.NET
    status:
      code: 200
      message: OK
- request:
    body: null
    headers:
      Accept:
      - application/json
      Accept-Encoding:
      - gzip, deflate
      CommandName:
      - cdn endpoint rule condition add
      Connection:
      - keep-alive
      ParameterSetName:
      - -g -n --profile-name --rule-name --match-variable --operator --match-values
      User-Agent:
      - python/3.8.5 (macOS-10.16-x86_64-i386-64bit) msrest/0.6.18 msrest_azure/0.6.3
        azure-mgmt-cdn/5.1.0 Azure-SDK-For-Python AZURECLI/2.15.0
    method: GET
    uri: https://management.azure.com/subscriptions/00000000-0000-0000-0000-000000000000/resourceGroups/clitest.rg000001/providers/Microsoft.Cdn/profiles/profile123/endpoints/endpoint000002?api-version=2020-04-15
  response:
    body:
      string: "{\r\n  \"name\":\"endpoint000002\",\"id\":\"/subscriptions/00000000-0000-0000-0000-000000000000/resourcegroups/clitest.rg000001/providers/Microsoft.Cdn/profiles/profile123/endpoints/endpoint000002\"\
        ,\"type\":\"Microsoft.Cdn/profiles/endpoints\",\"tags\":{\r\n    \r\n  },\"\
        location\":\"WestUs\",\"properties\":{\r\n    \"hostName\":\"endpoint000002.azureedge.net\"\
        ,\"originHostHeader\":null,\"provisioningState\":\"Succeeded\",\"resourceState\"\
        :\"Running\",\"isHttpAllowed\":true,\"isHttpsAllowed\":true,\"queryStringCachingBehavior\"\
        :\"IgnoreQueryString\",\"originPath\":null,\"origins\":[\r\n      {\r\n  \
        \      \"name\":\"origin-0\",\"properties\":{\r\n          \"hostName\":\"\
        www.example.com\",\"httpPort\":80,\"httpsPort\":443,\"originHostHeader\":null,\"\
        priority\":1,\"weight\":1000,\"enabled\":true,\"privateLinkResourceId\":null,\"\
        privateLinkLocation\":null,\"privateLinkAlias\":null,\"privateEndpointStatus\"\
        :null,\"privateLinkApprovalMessage\":null\r\n        }\r\n      }\r\n    ],\"\
        originGroups\":[\r\n      \r\n    ],\"defaultOriginGroup\":null,\"customDomains\"\
        :[\r\n      \r\n    ],\"contentTypesToCompress\":[\r\n      \r\n    ],\"isCompressionEnabled\"\
        :false,\"optimizationType\":null,\"probePath\":null,\"geoFilters\":[\r\n \
        \     \r\n    ],\"deliveryPolicy\":{\r\n      \"description\":\"delivery_policy\"\
        ,\"rules\":[\r\n        {\r\n          \"name\":\"r1\",\"order\":1,\"conditions\"\
        :[\r\n            {\r\n              \"name\":\"RemoteAddress\",\"parameters\"\
        :{\r\n                \"@odata.type\":\"#Microsoft.Azure.Cdn.Models.DeliveryRuleRemoteAddressConditionParameters\"\
        ,\"operator\":\"GeoMatch\",\"negateCondition\":false,\"matchValues\":[\r\n\
        \                  \"TH\"\r\n                ],\"transforms\":[\r\n      \
        \            \r\n                ]\r\n              }\r\n            },{\r\
        \n              \"name\":\"RemoteAddress\",\"parameters\":{\r\n          \
        \      \"@odata.type\":\"#Microsoft.Azure.Cdn.Models.DeliveryRuleRemoteAddressConditionParameters\"\
        ,\"operator\":\"GeoMatch\",\"negateCondition\":false,\"matchValues\":[\r\n\
        \                  \"TH\",\"US\"\r\n                ],\"transforms\":[\r\n\
        \                  \r\n                ]\r\n              }\r\n          \
        \  }\r\n          ],\"actions\":[\r\n            {\r\n              \"name\"\
        :\"CacheExpiration\",\"parameters\":{\r\n                \"@odata.type\":\"\
        #Microsoft.Azure.Cdn.Models.DeliveryRuleCacheExpirationActionParameters\"\
        ,\"cacheBehavior\":\"BypassCache\",\"cacheDuration\":null,\"cacheType\":\"\
        All\"\r\n              }\r\n            }\r\n          ]\r\n        }\r\n\
        \      ]\r\n    },\"webApplicationFirewallPolicyLink\":null,\"urlSigningKeys\"\
        :[\r\n      \r\n    ]\r\n  }\r\n}"
    headers:
      cache-control:
      - no-cache
      content-length:
      - '2487'
      content-type:
      - application/json; odata.metadata=minimal
      date:
      - Wed, 18 Nov 2020 22:36:21 GMT
      expires:
      - '-1'
      odata-version:
      - '4.0'
      pragma:
      - no-cache
      server:
      - Microsoft-IIS/10.0
      strict-transport-security:
      - max-age=31536000; includeSubDomains
      transfer-encoding:
      - chunked
      vary:
      - Accept-Encoding
      x-aspnet-version:
      - 4.0.30319
      x-content-type-options:
      - nosniff
      x-ms-ratelimit-remaining-subscription-resource-requests:
      - '49'
      x-powered-by:
      - ASP.NET
    status:
      code: 200
      message: OK
- request:
    body: null
    headers:
      Accept:
      - application/json
      Accept-Encoding:
      - gzip, deflate
      CommandName:
      - cdn endpoint rule action add
      Connection:
      - keep-alive
      ParameterSetName:
      - -g -n --profile-name --rule-name --action-name --source-pattern --destination
      User-Agent:
      - python/3.8.5 (macOS-10.16-x86_64-i386-64bit) msrest/0.6.18 msrest_azure/0.6.3
        azure-mgmt-cdn/5.1.0 Azure-SDK-For-Python AZURECLI/2.15.0
      accept-language:
      - en-US
    method: GET
    uri: https://management.azure.com/subscriptions/00000000-0000-0000-0000-000000000000/resourceGroups/clitest.rg000001/providers/Microsoft.Cdn/profiles/profile123/endpoints/endpoint000002?api-version=2020-04-15
  response:
    body:
      string: "{\r\n  \"name\":\"endpoint000002\",\"id\":\"/subscriptions/00000000-0000-0000-0000-000000000000/resourcegroups/clitest.rg000001/providers/Microsoft.Cdn/profiles/profile123/endpoints/endpoint000002\"\
        ,\"type\":\"Microsoft.Cdn/profiles/endpoints\",\"tags\":{\r\n    \r\n  },\"\
        location\":\"WestUs\",\"properties\":{\r\n    \"hostName\":\"endpoint000002.azureedge.net\"\
        ,\"originHostHeader\":null,\"provisioningState\":\"Succeeded\",\"resourceState\"\
        :\"Running\",\"isHttpAllowed\":true,\"isHttpsAllowed\":true,\"queryStringCachingBehavior\"\
        :\"IgnoreQueryString\",\"originPath\":null,\"origins\":[\r\n      {\r\n  \
        \      \"name\":\"origin-0\",\"properties\":{\r\n          \"hostName\":\"\
        www.example.com\",\"httpPort\":80,\"httpsPort\":443,\"originHostHeader\":null,\"\
        priority\":1,\"weight\":1000,\"enabled\":true,\"privateLinkResourceId\":null,\"\
        privateLinkLocation\":null,\"privateLinkAlias\":null,\"privateEndpointStatus\"\
        :null,\"privateLinkApprovalMessage\":null\r\n        }\r\n      }\r\n    ],\"\
        originGroups\":[\r\n      \r\n    ],\"defaultOriginGroup\":null,\"customDomains\"\
        :[\r\n      \r\n    ],\"contentTypesToCompress\":[\r\n      \r\n    ],\"isCompressionEnabled\"\
        :false,\"optimizationType\":null,\"probePath\":null,\"geoFilters\":[\r\n \
        \     \r\n    ],\"deliveryPolicy\":{\r\n      \"description\":\"delivery_policy\"\
        ,\"rules\":[\r\n        {\r\n          \"name\":\"r1\",\"order\":1,\"conditions\"\
        :[\r\n            {\r\n              \"name\":\"RemoteAddress\",\"parameters\"\
        :{\r\n                \"@odata.type\":\"#Microsoft.Azure.Cdn.Models.DeliveryRuleRemoteAddressConditionParameters\"\
        ,\"operator\":\"GeoMatch\",\"negateCondition\":false,\"matchValues\":[\r\n\
        \                  \"TH\"\r\n                ],\"transforms\":[\r\n      \
        \            \r\n                ]\r\n              }\r\n            },{\r\
        \n              \"name\":\"RemoteAddress\",\"parameters\":{\r\n          \
        \      \"@odata.type\":\"#Microsoft.Azure.Cdn.Models.DeliveryRuleRemoteAddressConditionParameters\"\
        ,\"operator\":\"GeoMatch\",\"negateCondition\":false,\"matchValues\":[\r\n\
        \                  \"TH\",\"US\"\r\n                ],\"transforms\":[\r\n\
        \                  \r\n                ]\r\n              }\r\n          \
        \  }\r\n          ],\"actions\":[\r\n            {\r\n              \"name\"\
        :\"CacheExpiration\",\"parameters\":{\r\n                \"@odata.type\":\"\
        #Microsoft.Azure.Cdn.Models.DeliveryRuleCacheExpirationActionParameters\"\
        ,\"cacheBehavior\":\"BypassCache\",\"cacheDuration\":null,\"cacheType\":\"\
        All\"\r\n              }\r\n            }\r\n          ]\r\n        }\r\n\
        \      ]\r\n    },\"webApplicationFirewallPolicyLink\":null,\"urlSigningKeys\"\
        :[\r\n      \r\n    ]\r\n  }\r\n}"
    headers:
      cache-control:
      - no-cache
      content-length:
      - '2487'
      content-type:
      - application/json; odata.metadata=minimal
      date:
      - Wed, 18 Nov 2020 22:36:23 GMT
      expires:
      - '-1'
      odata-version:
      - '4.0'
      pragma:
      - no-cache
      server:
      - Microsoft-IIS/10.0
      strict-transport-security:
      - max-age=31536000; includeSubDomains
      transfer-encoding:
      - chunked
      vary:
      - Accept-Encoding
      x-aspnet-version:
      - 4.0.30319
      x-content-type-options:
      - nosniff
      x-ms-ratelimit-remaining-subscription-resource-requests:
      - '49'
      x-powered-by:
      - ASP.NET
    status:
      code: 200
      message: OK
- request:
    body: '{"properties": {"deliveryPolicy": {"description": "delivery_policy", "rules":
      [{"name": "r1", "order": 1, "conditions": [{"name": "RemoteAddress", "parameters":
      {"@odata.type": "#Microsoft.Azure.Cdn.Models.DeliveryRuleRemoteAddressConditionParameters",
      "operator": "GeoMatch", "negateCondition": false, "matchValues": ["TH"], "transforms":
      []}}, {"name": "RemoteAddress", "parameters": {"@odata.type": "#Microsoft.Azure.Cdn.Models.DeliveryRuleRemoteAddressConditionParameters",
      "operator": "GeoMatch", "negateCondition": false, "matchValues": ["TH", "US"],
      "transforms": []}}], "actions": [{"name": "CacheExpiration", "parameters": {"@odata.type":
      "#Microsoft.Azure.Cdn.Models.DeliveryRuleCacheExpirationActionParameters", "cacheBehavior":
      "BypassCache", "cacheType": "All"}}, {"name": "UrlRewrite", "parameters": {"@odata.type":
      "#Microsoft.Azure.Cdn.Models.DeliveryRuleUrlRewriteActionParameters", "sourcePattern":
      "/abc", "destination": "/def"}}]}]}}}'
    headers:
      Accept:
      - application/json
      Accept-Encoding:
      - gzip, deflate
      CommandName:
      - cdn endpoint rule action add
      Connection:
      - keep-alive
      Content-Length:
      - '954'
      Content-Type:
      - application/json; charset=utf-8
      ParameterSetName:
      - -g -n --profile-name --rule-name --action-name --source-pattern --destination
      User-Agent:
      - python/3.8.5 (macOS-10.16-x86_64-i386-64bit) msrest/0.6.18 msrest_azure/0.6.3
        azure-mgmt-cdn/5.1.0 Azure-SDK-For-Python AZURECLI/2.15.0
      accept-language:
      - en-US
    method: PATCH
    uri: https://management.azure.com/subscriptions/00000000-0000-0000-0000-000000000000/resourceGroups/clitest.rg000001/providers/Microsoft.Cdn/profiles/profile123/endpoints/endpoint000002?api-version=2020-04-15
  response:
    body:
      string: "{\r\n  \"name\":\"endpoint000002\",\"id\":\"/subscriptions/00000000-0000-0000-0000-000000000000/resourcegroups/clitest.rg000001/providers/Microsoft.Cdn/profiles/profile123/endpoints/endpoint000002\"\
        ,\"type\":\"Microsoft.Cdn/profiles/endpoints\",\"tags\":{\r\n    \r\n  },\"\
        location\":\"WestUs\",\"properties\":{\r\n    \"hostName\":\"endpoint000002.azureedge.net\"\
        ,\"originHostHeader\":null,\"provisioningState\":\"Succeeded\",\"resourceState\"\
        :\"Running\",\"isHttpAllowed\":true,\"isHttpsAllowed\":true,\"queryStringCachingBehavior\"\
        :\"IgnoreQueryString\",\"originPath\":null,\"origins\":[\r\n      {\r\n  \
        \      \"name\":\"origin-0\",\"properties\":{\r\n          \"hostName\":\"\
        www.example.com\",\"httpPort\":80,\"httpsPort\":443,\"originHostHeader\":null,\"\
        priority\":1,\"weight\":1000,\"enabled\":true,\"privateLinkResourceId\":null,\"\
        privateLinkLocation\":null,\"privateLinkAlias\":null,\"privateEndpointStatus\"\
        :null,\"privateLinkApprovalMessage\":null\r\n        }\r\n      }\r\n    ],\"\
        originGroups\":[\r\n      \r\n    ],\"defaultOriginGroup\":null,\"customDomains\"\
        :[\r\n      \r\n    ],\"contentTypesToCompress\":[\r\n      \r\n    ],\"isCompressionEnabled\"\
        :false,\"optimizationType\":null,\"probePath\":null,\"geoFilters\":[\r\n \
        \     \r\n    ],\"deliveryPolicy\":{\r\n      \"description\":\"delivery_policy\"\
        ,\"rules\":[\r\n        {\r\n          \"name\":\"r1\",\"order\":1,\"conditions\"\
        :[\r\n            {\r\n              \"name\":\"RemoteAddress\",\"parameters\"\
        :{\r\n                \"@odata.type\":\"#Microsoft.Azure.Cdn.Models.DeliveryRuleRemoteAddressConditionParameters\"\
        ,\"operator\":\"GeoMatch\",\"negateCondition\":false,\"matchValues\":[\r\n\
        \                  \"TH\"\r\n                ],\"transforms\":[\r\n      \
        \            \r\n                ]\r\n              }\r\n            },{\r\
        \n              \"name\":\"RemoteAddress\",\"parameters\":{\r\n          \
        \      \"@odata.type\":\"#Microsoft.Azure.Cdn.Models.DeliveryRuleRemoteAddressConditionParameters\"\
        ,\"operator\":\"GeoMatch\",\"negateCondition\":false,\"matchValues\":[\r\n\
        \                  \"TH\",\"US\"\r\n                ],\"transforms\":[\r\n\
        \                  \r\n                ]\r\n              }\r\n          \
        \  }\r\n          ],\"actions\":[\r\n            {\r\n              \"name\"\
        :\"CacheExpiration\",\"parameters\":{\r\n                \"@odata.type\":\"\
        #Microsoft.Azure.Cdn.Models.DeliveryRuleCacheExpirationActionParameters\"\
        ,\"cacheBehavior\":\"BypassCache\",\"cacheDuration\":null,\"cacheType\":\"\
        All\"\r\n              }\r\n            },{\r\n              \"name\":\"UrlRewrite\"\
        ,\"parameters\":{\r\n                \"@odata.type\":\"#Microsoft.Azure.Cdn.Models.DeliveryRuleUrlRewriteActionParameters\"\
        ,\"sourcePattern\":\"/abc\",\"destination\":\"/def\",\"preserveUnmatchedPath\"\
        :null\r\n              }\r\n            }\r\n          ]\r\n        }\r\n\
        \      ]\r\n    },\"webApplicationFirewallPolicyLink\":null,\"urlSigningKeys\"\
        :[\r\n      \r\n    ]\r\n  }\r\n}"
    headers:
      azure-asyncoperation:
      - https://management.azure.com/subscriptions/00000000-0000-0000-0000-000000000000/resourcegroups/clitest.rg000001/providers/Microsoft.Cdn/operationresults/cefe443b-a71a-4677-9b42-3ccf37f20bbd?api-version=2020-04-15
      cache-control:
      - no-cache
      content-length:
      - '2744'
      content-type:
      - application/json; odata.metadata=minimal
      date:
      - Wed, 18 Nov 2020 22:36:26 GMT
      expires:
      - '-1'
      location:
      - https://management.azure.com/subscriptions/00000000-0000-0000-0000-000000000000/resourcegroups/clitest.rg000001/providers/Microsoft.Cdn/operationresults/cefe443b-a71a-4677-9b42-3ccf37f20bbd/profileresults/profile123/endpointresults/endpoint000002?api-version=2020-04-15
      odata-version:
      - '4.0'
      pragma:
      - no-cache
      server:
      - Microsoft-IIS/10.0
      strict-transport-security:
      - max-age=31536000; includeSubDomains
      x-aspnet-version:
      - 4.0.30319
      x-content-type-options:
      - nosniff
      x-ms-ratelimit-remaining-subscription-resource-requests:
      - '99'
      x-powered-by:
      - ASP.NET
    status:
      code: 202
      message: Accepted
- request:
    body: null
    headers:
      Accept:
      - application/json
      Accept-Encoding:
      - gzip, deflate
      CommandName:
      - cdn endpoint rule action add
      Connection:
      - keep-alive
      ParameterSetName:
      - -g -n --profile-name --rule-name --action-name --source-pattern --destination
      User-Agent:
      - python/3.8.5 (macOS-10.16-x86_64-i386-64bit) msrest/0.6.18 msrest_azure/0.6.3
        azure-mgmt-cdn/5.1.0 Azure-SDK-For-Python AZURECLI/2.15.0
    method: GET
    uri: https://management.azure.com/subscriptions/00000000-0000-0000-0000-000000000000/resourcegroups/clitest.rg000001/providers/Microsoft.Cdn/operationresults/cefe443b-a71a-4677-9b42-3ccf37f20bbd?api-version=2020-04-15
  response:
    body:
      string: "{\r\n  \"status\":\"Succeeded\",\"error\":{\r\n    \"code\":\"None\"\
        ,\"message\":null\r\n  }\r\n}"
    headers:
      cache-control:
      - no-cache
      content-length:
      - '77'
      content-type:
      - application/json; odata.metadata=minimal
      date:
      - Wed, 18 Nov 2020 22:36:38 GMT
      expires:
      - '-1'
      odata-version:
      - '4.0'
      pragma:
      - no-cache
      server:
      - Microsoft-IIS/10.0
      strict-transport-security:
      - max-age=31536000; includeSubDomains
      transfer-encoding:
      - chunked
      vary:
      - Accept-Encoding
      x-aspnet-version:
      - 4.0.30319
      x-content-type-options:
      - nosniff
      x-powered-by:
      - ASP.NET
    status:
      code: 200
      message: OK
- request:
    body: null
    headers:
      Accept:
      - application/json
      Accept-Encoding:
      - gzip, deflate
      CommandName:
      - cdn endpoint rule action add
      Connection:
      - keep-alive
      ParameterSetName:
      - -g -n --profile-name --rule-name --action-name --source-pattern --destination
      User-Agent:
      - python/3.8.5 (macOS-10.16-x86_64-i386-64bit) msrest/0.6.18 msrest_azure/0.6.3
        azure-mgmt-cdn/5.1.0 Azure-SDK-For-Python AZURECLI/2.15.0
    method: GET
    uri: https://management.azure.com/subscriptions/00000000-0000-0000-0000-000000000000/resourceGroups/clitest.rg000001/providers/Microsoft.Cdn/profiles/profile123/endpoints/endpoint000002?api-version=2020-04-15
  response:
    body:
      string: "{\r\n  \"name\":\"endpoint000002\",\"id\":\"/subscriptions/00000000-0000-0000-0000-000000000000/resourcegroups/clitest.rg000001/providers/Microsoft.Cdn/profiles/profile123/endpoints/endpoint000002\"\
        ,\"type\":\"Microsoft.Cdn/profiles/endpoints\",\"tags\":{\r\n    \r\n  },\"\
        location\":\"WestUs\",\"properties\":{\r\n    \"hostName\":\"endpoint000002.azureedge.net\"\
        ,\"originHostHeader\":null,\"provisioningState\":\"Succeeded\",\"resourceState\"\
        :\"Running\",\"isHttpAllowed\":true,\"isHttpsAllowed\":true,\"queryStringCachingBehavior\"\
        :\"IgnoreQueryString\",\"originPath\":null,\"origins\":[\r\n      {\r\n  \
        \      \"name\":\"origin-0\",\"properties\":{\r\n          \"hostName\":\"\
        www.example.com\",\"httpPort\":80,\"httpsPort\":443,\"originHostHeader\":null,\"\
        priority\":1,\"weight\":1000,\"enabled\":true,\"privateLinkResourceId\":null,\"\
        privateLinkLocation\":null,\"privateLinkAlias\":null,\"privateEndpointStatus\"\
        :null,\"privateLinkApprovalMessage\":null\r\n        }\r\n      }\r\n    ],\"\
        originGroups\":[\r\n      \r\n    ],\"defaultOriginGroup\":null,\"customDomains\"\
        :[\r\n      \r\n    ],\"contentTypesToCompress\":[\r\n      \r\n    ],\"isCompressionEnabled\"\
        :false,\"optimizationType\":null,\"probePath\":null,\"geoFilters\":[\r\n \
        \     \r\n    ],\"deliveryPolicy\":{\r\n      \"description\":\"delivery_policy\"\
        ,\"rules\":[\r\n        {\r\n          \"name\":\"r1\",\"order\":1,\"conditions\"\
        :[\r\n            {\r\n              \"name\":\"RemoteAddress\",\"parameters\"\
        :{\r\n                \"@odata.type\":\"#Microsoft.Azure.Cdn.Models.DeliveryRuleRemoteAddressConditionParameters\"\
        ,\"operator\":\"GeoMatch\",\"negateCondition\":false,\"matchValues\":[\r\n\
        \                  \"TH\"\r\n                ],\"transforms\":[\r\n      \
        \            \r\n                ]\r\n              }\r\n            },{\r\
        \n              \"name\":\"RemoteAddress\",\"parameters\":{\r\n          \
        \      \"@odata.type\":\"#Microsoft.Azure.Cdn.Models.DeliveryRuleRemoteAddressConditionParameters\"\
        ,\"operator\":\"GeoMatch\",\"negateCondition\":false,\"matchValues\":[\r\n\
        \                  \"TH\",\"US\"\r\n                ],\"transforms\":[\r\n\
        \                  \r\n                ]\r\n              }\r\n          \
        \  }\r\n          ],\"actions\":[\r\n            {\r\n              \"name\"\
        :\"CacheExpiration\",\"parameters\":{\r\n                \"@odata.type\":\"\
        #Microsoft.Azure.Cdn.Models.DeliveryRuleCacheExpirationActionParameters\"\
        ,\"cacheBehavior\":\"BypassCache\",\"cacheDuration\":null,\"cacheType\":\"\
        All\"\r\n              }\r\n            },{\r\n              \"name\":\"UrlRewrite\"\
        ,\"parameters\":{\r\n                \"@odata.type\":\"#Microsoft.Azure.Cdn.Models.DeliveryRuleUrlRewriteActionParameters\"\
        ,\"sourcePattern\":\"/abc\",\"destination\":\"/def\",\"preserveUnmatchedPath\"\
        :null\r\n              }\r\n            }\r\n          ]\r\n        }\r\n\
        \      ]\r\n    },\"webApplicationFirewallPolicyLink\":null,\"urlSigningKeys\"\
        :[\r\n      \r\n    ]\r\n  }\r\n}"
    headers:
      cache-control:
      - no-cache
      content-length:
      - '2744'
      content-type:
      - application/json; odata.metadata=minimal
      date:
      - Wed, 18 Nov 2020 22:36:39 GMT
      expires:
      - '-1'
      odata-version:
      - '4.0'
      pragma:
      - no-cache
      server:
      - Microsoft-IIS/10.0
      strict-transport-security:
      - max-age=31536000; includeSubDomains
      transfer-encoding:
      - chunked
      vary:
      - Accept-Encoding
      x-aspnet-version:
      - 4.0.30319
      x-content-type-options:
      - nosniff
      x-ms-ratelimit-remaining-subscription-resource-requests:
      - '49'
      x-powered-by:
      - ASP.NET
    status:
      code: 200
      message: OK
- request:
    body: null
    headers:
      Accept:
      - application/json
      Accept-Encoding:
      - gzip, deflate
      CommandName:
      - cdn endpoint rule condition remove
      Connection:
      - keep-alive
      ParameterSetName:
      - -g -n --profile-name --rule-name --index
      User-Agent:
      - python/3.8.5 (macOS-10.16-x86_64-i386-64bit) msrest/0.6.18 msrest_azure/0.6.3
        azure-mgmt-cdn/5.1.0 Azure-SDK-For-Python AZURECLI/2.15.0
      accept-language:
      - en-US
    method: GET
    uri: https://management.azure.com/subscriptions/00000000-0000-0000-0000-000000000000/resourceGroups/clitest.rg000001/providers/Microsoft.Cdn/profiles/profile123/endpoints/endpoint000002?api-version=2020-04-15
  response:
    body:
      string: "{\r\n  \"name\":\"endpoint000002\",\"id\":\"/subscriptions/00000000-0000-0000-0000-000000000000/resourcegroups/clitest.rg000001/providers/Microsoft.Cdn/profiles/profile123/endpoints/endpoint000002\"\
        ,\"type\":\"Microsoft.Cdn/profiles/endpoints\",\"tags\":{\r\n    \r\n  },\"\
        location\":\"WestUs\",\"properties\":{\r\n    \"hostName\":\"endpoint000002.azureedge.net\"\
        ,\"originHostHeader\":null,\"provisioningState\":\"Succeeded\",\"resourceState\"\
        :\"Running\",\"isHttpAllowed\":true,\"isHttpsAllowed\":true,\"queryStringCachingBehavior\"\
        :\"IgnoreQueryString\",\"originPath\":null,\"origins\":[\r\n      {\r\n  \
        \      \"name\":\"origin-0\",\"properties\":{\r\n          \"hostName\":\"\
        www.example.com\",\"httpPort\":80,\"httpsPort\":443,\"originHostHeader\":null,\"\
        priority\":1,\"weight\":1000,\"enabled\":true,\"privateLinkResourceId\":null,\"\
        privateLinkLocation\":null,\"privateLinkAlias\":null,\"privateEndpointStatus\"\
        :null,\"privateLinkApprovalMessage\":null\r\n        }\r\n      }\r\n    ],\"\
        originGroups\":[\r\n      \r\n    ],\"defaultOriginGroup\":null,\"customDomains\"\
        :[\r\n      \r\n    ],\"contentTypesToCompress\":[\r\n      \r\n    ],\"isCompressionEnabled\"\
        :false,\"optimizationType\":null,\"probePath\":null,\"geoFilters\":[\r\n \
        \     \r\n    ],\"deliveryPolicy\":{\r\n      \"description\":\"delivery_policy\"\
        ,\"rules\":[\r\n        {\r\n          \"name\":\"r1\",\"order\":1,\"conditions\"\
        :[\r\n            {\r\n              \"name\":\"RemoteAddress\",\"parameters\"\
        :{\r\n                \"@odata.type\":\"#Microsoft.Azure.Cdn.Models.DeliveryRuleRemoteAddressConditionParameters\"\
        ,\"operator\":\"GeoMatch\",\"negateCondition\":false,\"matchValues\":[\r\n\
        \                  \"TH\"\r\n                ],\"transforms\":[\r\n      \
        \            \r\n                ]\r\n              }\r\n            },{\r\
        \n              \"name\":\"RemoteAddress\",\"parameters\":{\r\n          \
        \      \"@odata.type\":\"#Microsoft.Azure.Cdn.Models.DeliveryRuleRemoteAddressConditionParameters\"\
        ,\"operator\":\"GeoMatch\",\"negateCondition\":false,\"matchValues\":[\r\n\
        \                  \"TH\",\"US\"\r\n                ],\"transforms\":[\r\n\
        \                  \r\n                ]\r\n              }\r\n          \
        \  }\r\n          ],\"actions\":[\r\n            {\r\n              \"name\"\
        :\"CacheExpiration\",\"parameters\":{\r\n                \"@odata.type\":\"\
        #Microsoft.Azure.Cdn.Models.DeliveryRuleCacheExpirationActionParameters\"\
        ,\"cacheBehavior\":\"BypassCache\",\"cacheDuration\":null,\"cacheType\":\"\
        All\"\r\n              }\r\n            },{\r\n              \"name\":\"UrlRewrite\"\
        ,\"parameters\":{\r\n                \"@odata.type\":\"#Microsoft.Azure.Cdn.Models.DeliveryRuleUrlRewriteActionParameters\"\
        ,\"sourcePattern\":\"/abc\",\"destination\":\"/def\",\"preserveUnmatchedPath\"\
        :null\r\n              }\r\n            }\r\n          ]\r\n        }\r\n\
        \      ]\r\n    },\"webApplicationFirewallPolicyLink\":null,\"urlSigningKeys\"\
        :[\r\n      \r\n    ]\r\n  }\r\n}"
    headers:
      cache-control:
      - no-cache
      content-length:
      - '2744'
      content-type:
      - application/json; odata.metadata=minimal
      date:
      - Wed, 18 Nov 2020 22:36:40 GMT
      expires:
      - '-1'
      odata-version:
      - '4.0'
      pragma:
      - no-cache
      server:
      - Microsoft-IIS/10.0
      strict-transport-security:
      - max-age=31536000; includeSubDomains
      transfer-encoding:
      - chunked
      vary:
      - Accept-Encoding
      x-aspnet-version:
      - 4.0.30319
      x-content-type-options:
      - nosniff
      x-ms-ratelimit-remaining-subscription-resource-requests:
      - '49'
      x-powered-by:
      - ASP.NET
    status:
      code: 200
      message: OK
- request:
    body: '{"properties": {"deliveryPolicy": {"description": "delivery_policy", "rules":
      [{"name": "r1", "order": 1, "conditions": [{"name": "RemoteAddress", "parameters":
      {"@odata.type": "#Microsoft.Azure.Cdn.Models.DeliveryRuleRemoteAddressConditionParameters",
      "operator": "GeoMatch", "negateCondition": false, "matchValues": ["TH", "US"],
      "transforms": []}}], "actions": [{"name": "CacheExpiration", "parameters": {"@odata.type":
      "#Microsoft.Azure.Cdn.Models.DeliveryRuleCacheExpirationActionParameters", "cacheBehavior":
      "BypassCache", "cacheType": "All"}}, {"name": "UrlRewrite", "parameters": {"@odata.type":
      "#Microsoft.Azure.Cdn.Models.DeliveryRuleUrlRewriteActionParameters", "sourcePattern":
      "/abc", "destination": "/def"}}]}]}}}'
    headers:
      Accept:
      - application/json
      Accept-Encoding:
      - gzip, deflate
      CommandName:
      - cdn endpoint rule condition remove
      Connection:
      - keep-alive
      Content-Length:
      - '729'
      Content-Type:
      - application/json; charset=utf-8
      ParameterSetName:
      - -g -n --profile-name --rule-name --index
      User-Agent:
      - python/3.8.5 (macOS-10.16-x86_64-i386-64bit) msrest/0.6.18 msrest_azure/0.6.3
        azure-mgmt-cdn/5.1.0 Azure-SDK-For-Python AZURECLI/2.15.0
      accept-language:
      - en-US
    method: PATCH
    uri: https://management.azure.com/subscriptions/00000000-0000-0000-0000-000000000000/resourceGroups/clitest.rg000001/providers/Microsoft.Cdn/profiles/profile123/endpoints/endpoint000002?api-version=2020-04-15
  response:
    body:
      string: "{\r\n  \"name\":\"endpoint000002\",\"id\":\"/subscriptions/00000000-0000-0000-0000-000000000000/resourcegroups/clitest.rg000001/providers/Microsoft.Cdn/profiles/profile123/endpoints/endpoint000002\"\
        ,\"type\":\"Microsoft.Cdn/profiles/endpoints\",\"tags\":{\r\n    \r\n  },\"\
        location\":\"WestUs\",\"properties\":{\r\n    \"hostName\":\"endpoint000002.azureedge.net\"\
        ,\"originHostHeader\":null,\"provisioningState\":\"Succeeded\",\"resourceState\"\
        :\"Running\",\"isHttpAllowed\":true,\"isHttpsAllowed\":true,\"queryStringCachingBehavior\"\
        :\"IgnoreQueryString\",\"originPath\":null,\"origins\":[\r\n      {\r\n  \
        \      \"name\":\"origin-0\",\"properties\":{\r\n          \"hostName\":\"\
        www.example.com\",\"httpPort\":80,\"httpsPort\":443,\"originHostHeader\":null,\"\
        priority\":1,\"weight\":1000,\"enabled\":true,\"privateLinkResourceId\":null,\"\
        privateLinkLocation\":null,\"privateLinkAlias\":null,\"privateEndpointStatus\"\
        :null,\"privateLinkApprovalMessage\":null\r\n        }\r\n      }\r\n    ],\"\
        originGroups\":[\r\n      \r\n    ],\"defaultOriginGroup\":null,\"customDomains\"\
        :[\r\n      \r\n    ],\"contentTypesToCompress\":[\r\n      \r\n    ],\"isCompressionEnabled\"\
        :false,\"optimizationType\":null,\"probePath\":null,\"geoFilters\":[\r\n \
        \     \r\n    ],\"deliveryPolicy\":{\r\n      \"description\":\"delivery_policy\"\
        ,\"rules\":[\r\n        {\r\n          \"name\":\"r1\",\"order\":1,\"conditions\"\
        :[\r\n            {\r\n              \"name\":\"RemoteAddress\",\"parameters\"\
        :{\r\n                \"@odata.type\":\"#Microsoft.Azure.Cdn.Models.DeliveryRuleRemoteAddressConditionParameters\"\
        ,\"operator\":\"GeoMatch\",\"negateCondition\":false,\"matchValues\":[\r\n\
        \                  \"TH\",\"US\"\r\n                ],\"transforms\":[\r\n\
        \                  \r\n                ]\r\n              }\r\n          \
        \  }\r\n          ],\"actions\":[\r\n            {\r\n              \"name\"\
        :\"CacheExpiration\",\"parameters\":{\r\n                \"@odata.type\":\"\
        #Microsoft.Azure.Cdn.Models.DeliveryRuleCacheExpirationActionParameters\"\
        ,\"cacheBehavior\":\"BypassCache\",\"cacheDuration\":null,\"cacheType\":\"\
        All\"\r\n              }\r\n            },{\r\n              \"name\":\"UrlRewrite\"\
        ,\"parameters\":{\r\n                \"@odata.type\":\"#Microsoft.Azure.Cdn.Models.DeliveryRuleUrlRewriteActionParameters\"\
        ,\"sourcePattern\":\"/abc\",\"destination\":\"/def\",\"preserveUnmatchedPath\"\
        :null\r\n              }\r\n            }\r\n          ]\r\n        }\r\n\
        \      ]\r\n    },\"webApplicationFirewallPolicyLink\":null,\"urlSigningKeys\"\
        :[\r\n      \r\n    ]\r\n  }\r\n}"
    headers:
      azure-asyncoperation:
      - https://management.azure.com/subscriptions/00000000-0000-0000-0000-000000000000/resourcegroups/clitest.rg000001/providers/Microsoft.Cdn/operationresults/7efbbb45-f579-4709-9774-1e489364b53e?api-version=2020-04-15
      cache-control:
      - no-cache
      content-length:
      - '2392'
      content-type:
      - application/json; odata.metadata=minimal
      date:
      - Wed, 18 Nov 2020 22:36:45 GMT
      expires:
      - '-1'
      location:
      - https://management.azure.com/subscriptions/00000000-0000-0000-0000-000000000000/resourcegroups/clitest.rg000001/providers/Microsoft.Cdn/operationresults/7efbbb45-f579-4709-9774-1e489364b53e/profileresults/profile123/endpointresults/endpoint000002?api-version=2020-04-15
      odata-version:
      - '4.0'
      pragma:
      - no-cache
      server:
      - Microsoft-IIS/10.0
      strict-transport-security:
      - max-age=31536000; includeSubDomains
      x-aspnet-version:
      - 4.0.30319
      x-content-type-options:
      - nosniff
      x-ms-ratelimit-remaining-subscription-resource-requests:
      - '99'
      x-powered-by:
      - ASP.NET
    status:
      code: 202
      message: Accepted
- request:
    body: null
    headers:
      Accept:
      - application/json
      Accept-Encoding:
      - gzip, deflate
      CommandName:
      - cdn endpoint rule condition remove
      Connection:
      - keep-alive
      ParameterSetName:
      - -g -n --profile-name --rule-name --index
      User-Agent:
      - python/3.8.5 (macOS-10.16-x86_64-i386-64bit) msrest/0.6.18 msrest_azure/0.6.3
        azure-mgmt-cdn/5.1.0 Azure-SDK-For-Python AZURECLI/2.15.0
    method: GET
    uri: https://management.azure.com/subscriptions/00000000-0000-0000-0000-000000000000/resourcegroups/clitest.rg000001/providers/Microsoft.Cdn/operationresults/7efbbb45-f579-4709-9774-1e489364b53e?api-version=2020-04-15
  response:
    body:
      string: "{\r\n  \"status\":\"Succeeded\",\"error\":{\r\n    \"code\":\"None\"\
        ,\"message\":null\r\n  }\r\n}"
    headers:
      cache-control:
      - no-cache
      content-length:
      - '77'
      content-type:
      - application/json; odata.metadata=minimal
      date:
      - Wed, 18 Nov 2020 22:36:56 GMT
      expires:
      - '-1'
      odata-version:
      - '4.0'
      pragma:
      - no-cache
      server:
      - Microsoft-IIS/10.0
      strict-transport-security:
      - max-age=31536000; includeSubDomains
      transfer-encoding:
      - chunked
      vary:
      - Accept-Encoding
      x-aspnet-version:
      - 4.0.30319
      x-content-type-options:
      - nosniff
      x-powered-by:
      - ASP.NET
    status:
      code: 200
      message: OK
- request:
    body: null
    headers:
      Accept:
      - application/json
      Accept-Encoding:
      - gzip, deflate
      CommandName:
      - cdn endpoint rule condition remove
      Connection:
      - keep-alive
      ParameterSetName:
      - -g -n --profile-name --rule-name --index
      User-Agent:
      - python/3.8.5 (macOS-10.16-x86_64-i386-64bit) msrest/0.6.18 msrest_azure/0.6.3
        azure-mgmt-cdn/5.1.0 Azure-SDK-For-Python AZURECLI/2.15.0
    method: GET
    uri: https://management.azure.com/subscriptions/00000000-0000-0000-0000-000000000000/resourceGroups/clitest.rg000001/providers/Microsoft.Cdn/profiles/profile123/endpoints/endpoint000002?api-version=2020-04-15
  response:
    body:
      string: "{\r\n  \"name\":\"endpoint000002\",\"id\":\"/subscriptions/00000000-0000-0000-0000-000000000000/resourcegroups/clitest.rg000001/providers/Microsoft.Cdn/profiles/profile123/endpoints/endpoint000002\"\
        ,\"type\":\"Microsoft.Cdn/profiles/endpoints\",\"tags\":{\r\n    \r\n  },\"\
        location\":\"WestUs\",\"properties\":{\r\n    \"hostName\":\"endpoint000002.azureedge.net\"\
        ,\"originHostHeader\":null,\"provisioningState\":\"Succeeded\",\"resourceState\"\
        :\"Running\",\"isHttpAllowed\":true,\"isHttpsAllowed\":true,\"queryStringCachingBehavior\"\
        :\"IgnoreQueryString\",\"originPath\":null,\"origins\":[\r\n      {\r\n  \
        \      \"name\":\"origin-0\",\"properties\":{\r\n          \"hostName\":\"\
        www.example.com\",\"httpPort\":80,\"httpsPort\":443,\"originHostHeader\":null,\"\
        priority\":1,\"weight\":1000,\"enabled\":true,\"privateLinkResourceId\":null,\"\
        privateLinkLocation\":null,\"privateLinkAlias\":null,\"privateEndpointStatus\"\
        :null,\"privateLinkApprovalMessage\":null\r\n        }\r\n      }\r\n    ],\"\
        originGroups\":[\r\n      \r\n    ],\"defaultOriginGroup\":null,\"customDomains\"\
        :[\r\n      \r\n    ],\"contentTypesToCompress\":[\r\n      \r\n    ],\"isCompressionEnabled\"\
        :false,\"optimizationType\":null,\"probePath\":null,\"geoFilters\":[\r\n \
        \     \r\n    ],\"deliveryPolicy\":{\r\n      \"description\":\"delivery_policy\"\
        ,\"rules\":[\r\n        {\r\n          \"name\":\"r1\",\"order\":1,\"conditions\"\
        :[\r\n            {\r\n              \"name\":\"RemoteAddress\",\"parameters\"\
        :{\r\n                \"@odata.type\":\"#Microsoft.Azure.Cdn.Models.DeliveryRuleRemoteAddressConditionParameters\"\
        ,\"operator\":\"GeoMatch\",\"negateCondition\":false,\"matchValues\":[\r\n\
        \                  \"TH\",\"US\"\r\n                ],\"transforms\":[\r\n\
        \                  \r\n                ]\r\n              }\r\n          \
        \  }\r\n          ],\"actions\":[\r\n            {\r\n              \"name\"\
        :\"CacheExpiration\",\"parameters\":{\r\n                \"@odata.type\":\"\
        #Microsoft.Azure.Cdn.Models.DeliveryRuleCacheExpirationActionParameters\"\
        ,\"cacheBehavior\":\"BypassCache\",\"cacheDuration\":null,\"cacheType\":\"\
        All\"\r\n              }\r\n            },{\r\n              \"name\":\"UrlRewrite\"\
        ,\"parameters\":{\r\n                \"@odata.type\":\"#Microsoft.Azure.Cdn.Models.DeliveryRuleUrlRewriteActionParameters\"\
        ,\"sourcePattern\":\"/abc\",\"destination\":\"/def\",\"preserveUnmatchedPath\"\
        :null\r\n              }\r\n            }\r\n          ]\r\n        }\r\n\
        \      ]\r\n    },\"webApplicationFirewallPolicyLink\":null,\"urlSigningKeys\"\
        :[\r\n      \r\n    ]\r\n  }\r\n}"
    headers:
      cache-control:
      - no-cache
      content-length:
      - '2392'
      content-type:
      - application/json; odata.metadata=minimal
      date:
      - Wed, 18 Nov 2020 22:36:57 GMT
      expires:
      - '-1'
      odata-version:
      - '4.0'
      pragma:
      - no-cache
      server:
      - Microsoft-IIS/10.0
      strict-transport-security:
      - max-age=31536000; includeSubDomains
      transfer-encoding:
      - chunked
      vary:
      - Accept-Encoding
      x-aspnet-version:
      - 4.0.30319
      x-content-type-options:
      - nosniff
      x-ms-ratelimit-remaining-subscription-resource-requests:
      - '48'
      x-powered-by:
      - ASP.NET
    status:
      code: 200
      message: OK
- request:
    body: null
    headers:
      Accept:
      - application/json
      Accept-Encoding:
      - gzip, deflate
      CommandName:
      - cdn endpoint rule action remove
      Connection:
      - keep-alive
      ParameterSetName:
      - -g -n --profile-name --rule-name --index
      User-Agent:
      - python/3.8.5 (macOS-10.16-x86_64-i386-64bit) msrest/0.6.18 msrest_azure/0.6.3
        azure-mgmt-cdn/5.1.0 Azure-SDK-For-Python AZURECLI/2.15.0
      accept-language:
      - en-US
    method: GET
    uri: https://management.azure.com/subscriptions/00000000-0000-0000-0000-000000000000/resourceGroups/clitest.rg000001/providers/Microsoft.Cdn/profiles/profile123/endpoints/endpoint000002?api-version=2020-04-15
  response:
    body:
      string: "{\r\n  \"name\":\"endpoint000002\",\"id\":\"/subscriptions/00000000-0000-0000-0000-000000000000/resourcegroups/clitest.rg000001/providers/Microsoft.Cdn/profiles/profile123/endpoints/endpoint000002\"\
        ,\"type\":\"Microsoft.Cdn/profiles/endpoints\",\"tags\":{\r\n    \r\n  },\"\
        location\":\"WestUs\",\"properties\":{\r\n    \"hostName\":\"endpoint000002.azureedge.net\"\
        ,\"originHostHeader\":null,\"provisioningState\":\"Succeeded\",\"resourceState\"\
        :\"Running\",\"isHttpAllowed\":true,\"isHttpsAllowed\":true,\"queryStringCachingBehavior\"\
        :\"IgnoreQueryString\",\"originPath\":null,\"origins\":[\r\n      {\r\n  \
        \      \"name\":\"origin-0\",\"properties\":{\r\n          \"hostName\":\"\
        www.example.com\",\"httpPort\":80,\"httpsPort\":443,\"originHostHeader\":null,\"\
        priority\":1,\"weight\":1000,\"enabled\":true,\"privateLinkResourceId\":null,\"\
        privateLinkLocation\":null,\"privateLinkAlias\":null,\"privateEndpointStatus\"\
        :null,\"privateLinkApprovalMessage\":null\r\n        }\r\n      }\r\n    ],\"\
        originGroups\":[\r\n      \r\n    ],\"defaultOriginGroup\":null,\"customDomains\"\
        :[\r\n      \r\n    ],\"contentTypesToCompress\":[\r\n      \r\n    ],\"isCompressionEnabled\"\
        :false,\"optimizationType\":null,\"probePath\":null,\"geoFilters\":[\r\n \
        \     \r\n    ],\"deliveryPolicy\":{\r\n      \"description\":\"delivery_policy\"\
        ,\"rules\":[\r\n        {\r\n          \"name\":\"r1\",\"order\":1,\"conditions\"\
        :[\r\n            {\r\n              \"name\":\"RemoteAddress\",\"parameters\"\
        :{\r\n                \"@odata.type\":\"#Microsoft.Azure.Cdn.Models.DeliveryRuleRemoteAddressConditionParameters\"\
        ,\"operator\":\"GeoMatch\",\"negateCondition\":false,\"matchValues\":[\r\n\
        \                  \"TH\",\"US\"\r\n                ],\"transforms\":[\r\n\
        \                  \r\n                ]\r\n              }\r\n          \
        \  }\r\n          ],\"actions\":[\r\n            {\r\n              \"name\"\
        :\"CacheExpiration\",\"parameters\":{\r\n                \"@odata.type\":\"\
        #Microsoft.Azure.Cdn.Models.DeliveryRuleCacheExpirationActionParameters\"\
        ,\"cacheBehavior\":\"BypassCache\",\"cacheDuration\":null,\"cacheType\":\"\
        All\"\r\n              }\r\n            },{\r\n              \"name\":\"UrlRewrite\"\
        ,\"parameters\":{\r\n                \"@odata.type\":\"#Microsoft.Azure.Cdn.Models.DeliveryRuleUrlRewriteActionParameters\"\
        ,\"sourcePattern\":\"/abc\",\"destination\":\"/def\",\"preserveUnmatchedPath\"\
        :null\r\n              }\r\n            }\r\n          ]\r\n        }\r\n\
        \      ]\r\n    },\"webApplicationFirewallPolicyLink\":null,\"urlSigningKeys\"\
        :[\r\n      \r\n    ]\r\n  }\r\n}"
    headers:
      cache-control:
      - no-cache
      content-length:
      - '2392'
      content-type:
      - application/json; odata.metadata=minimal
      date:
      - Wed, 18 Nov 2020 22:36:59 GMT
      expires:
      - '-1'
      odata-version:
      - '4.0'
      pragma:
      - no-cache
      server:
      - Microsoft-IIS/10.0
      strict-transport-security:
      - max-age=31536000; includeSubDomains
      transfer-encoding:
      - chunked
      vary:
      - Accept-Encoding
      x-aspnet-version:
      - 4.0.30319
      x-content-type-options:
      - nosniff
      x-ms-ratelimit-remaining-subscription-resource-requests:
      - '49'
      x-powered-by:
      - ASP.NET
    status:
      code: 200
      message: OK
- request:
    body: '{"properties": {"deliveryPolicy": {"description": "delivery_policy", "rules":
      [{"name": "r1", "order": 1, "conditions": [{"name": "RemoteAddress", "parameters":
      {"@odata.type": "#Microsoft.Azure.Cdn.Models.DeliveryRuleRemoteAddressConditionParameters",
      "operator": "GeoMatch", "negateCondition": false, "matchValues": ["TH", "US"],
      "transforms": []}}], "actions": [{"name": "UrlRewrite", "parameters": {"@odata.type":
      "#Microsoft.Azure.Cdn.Models.DeliveryRuleUrlRewriteActionParameters", "sourcePattern":
      "/abc", "destination": "/def"}}]}]}}}'
    headers:
      Accept:
      - application/json
      Accept-Encoding:
      - gzip, deflate
      CommandName:
      - cdn endpoint rule action remove
      Connection:
      - keep-alive
      Content-Length:
      - '542'
      Content-Type:
      - application/json; charset=utf-8
      ParameterSetName:
      - -g -n --profile-name --rule-name --index
      User-Agent:
      - python/3.8.5 (macOS-10.16-x86_64-i386-64bit) msrest/0.6.18 msrest_azure/0.6.3
        azure-mgmt-cdn/5.1.0 Azure-SDK-For-Python AZURECLI/2.15.0
      accept-language:
      - en-US
    method: PATCH
    uri: https://management.azure.com/subscriptions/00000000-0000-0000-0000-000000000000/resourceGroups/clitest.rg000001/providers/Microsoft.Cdn/profiles/profile123/endpoints/endpoint000002?api-version=2020-04-15
  response:
    body:
      string: "{\r\n  \"name\":\"endpoint000002\",\"id\":\"/subscriptions/00000000-0000-0000-0000-000000000000/resourcegroups/clitest.rg000001/providers/Microsoft.Cdn/profiles/profile123/endpoints/endpoint000002\"\
        ,\"type\":\"Microsoft.Cdn/profiles/endpoints\",\"tags\":{\r\n    \r\n  },\"\
        location\":\"WestUs\",\"properties\":{\r\n    \"hostName\":\"endpoint000002.azureedge.net\"\
        ,\"originHostHeader\":null,\"provisioningState\":\"Succeeded\",\"resourceState\"\
        :\"Running\",\"isHttpAllowed\":true,\"isHttpsAllowed\":true,\"queryStringCachingBehavior\"\
        :\"IgnoreQueryString\",\"originPath\":null,\"origins\":[\r\n      {\r\n  \
        \      \"name\":\"origin-0\",\"properties\":{\r\n          \"hostName\":\"\
        www.example.com\",\"httpPort\":80,\"httpsPort\":443,\"originHostHeader\":null,\"\
        priority\":1,\"weight\":1000,\"enabled\":true,\"privateLinkResourceId\":null,\"\
        privateLinkLocation\":null,\"privateLinkAlias\":null,\"privateEndpointStatus\"\
        :null,\"privateLinkApprovalMessage\":null\r\n        }\r\n      }\r\n    ],\"\
        originGroups\":[\r\n      \r\n    ],\"defaultOriginGroup\":null,\"customDomains\"\
        :[\r\n      \r\n    ],\"contentTypesToCompress\":[\r\n      \r\n    ],\"isCompressionEnabled\"\
        :false,\"optimizationType\":null,\"probePath\":null,\"geoFilters\":[\r\n \
        \     \r\n    ],\"deliveryPolicy\":{\r\n      \"description\":\"delivery_policy\"\
        ,\"rules\":[\r\n        {\r\n          \"name\":\"r1\",\"order\":1,\"conditions\"\
        :[\r\n            {\r\n              \"name\":\"RemoteAddress\",\"parameters\"\
        :{\r\n                \"@odata.type\":\"#Microsoft.Azure.Cdn.Models.DeliveryRuleRemoteAddressConditionParameters\"\
        ,\"operator\":\"GeoMatch\",\"negateCondition\":false,\"matchValues\":[\r\n\
        \                  \"TH\",\"US\"\r\n                ],\"transforms\":[\r\n\
        \                  \r\n                ]\r\n              }\r\n          \
        \  }\r\n          ],\"actions\":[\r\n            {\r\n              \"name\"\
        :\"UrlRewrite\",\"parameters\":{\r\n                \"@odata.type\":\"#Microsoft.Azure.Cdn.Models.DeliveryRuleUrlRewriteActionParameters\"\
        ,\"sourcePattern\":\"/abc\",\"destination\":\"/def\",\"preserveUnmatchedPath\"\
        :null\r\n              }\r\n            }\r\n          ]\r\n        }\r\n\
        \      ]\r\n    },\"webApplicationFirewallPolicyLink\":null,\"urlSigningKeys\"\
        :[\r\n      \r\n    ]\r\n  }\r\n}"
    headers:
      azure-asyncoperation:
      - https://management.azure.com/subscriptions/00000000-0000-0000-0000-000000000000/resourcegroups/clitest.rg000001/providers/Microsoft.Cdn/operationresults/f742dc21-012c-4abc-b87c-34ad02dfc9c5?api-version=2020-04-15
      cache-control:
      - no-cache
      content-length:
      - '2129'
      content-type:
      - application/json; odata.metadata=minimal
      date:
      - Wed, 18 Nov 2020 22:37:02 GMT
      expires:
      - '-1'
      location:
      - https://management.azure.com/subscriptions/00000000-0000-0000-0000-000000000000/resourcegroups/clitest.rg000001/providers/Microsoft.Cdn/operationresults/f742dc21-012c-4abc-b87c-34ad02dfc9c5/profileresults/profile123/endpointresults/endpoint000002?api-version=2020-04-15
      odata-version:
      - '4.0'
      pragma:
      - no-cache
      server:
      - Microsoft-IIS/10.0
      strict-transport-security:
      - max-age=31536000; includeSubDomains
      x-aspnet-version:
      - 4.0.30319
      x-content-type-options:
      - nosniff
      x-ms-ratelimit-remaining-subscription-resource-requests:
      - '99'
      x-powered-by:
      - ASP.NET
    status:
      code: 202
      message: Accepted
- request:
    body: null
    headers:
      Accept:
      - application/json
      Accept-Encoding:
      - gzip, deflate
      CommandName:
      - cdn endpoint rule action remove
      Connection:
      - keep-alive
      ParameterSetName:
      - -g -n --profile-name --rule-name --index
      User-Agent:
      - python/3.8.5 (macOS-10.16-x86_64-i386-64bit) msrest/0.6.18 msrest_azure/0.6.3
        azure-mgmt-cdn/5.1.0 Azure-SDK-For-Python AZURECLI/2.15.0
    method: GET
    uri: https://management.azure.com/subscriptions/00000000-0000-0000-0000-000000000000/resourcegroups/clitest.rg000001/providers/Microsoft.Cdn/operationresults/f742dc21-012c-4abc-b87c-34ad02dfc9c5?api-version=2020-04-15
  response:
    body:
      string: "{\r\n  \"status\":\"Succeeded\",\"error\":{\r\n    \"code\":\"None\"\
        ,\"message\":null\r\n  }\r\n}"
    headers:
      cache-control:
      - no-cache
      content-length:
      - '77'
      content-type:
      - application/json; odata.metadata=minimal
      date:
      - Wed, 18 Nov 2020 22:37:13 GMT
      expires:
      - '-1'
      odata-version:
      - '4.0'
      pragma:
      - no-cache
      server:
      - Microsoft-IIS/10.0
      strict-transport-security:
      - max-age=31536000; includeSubDomains
      transfer-encoding:
      - chunked
      vary:
      - Accept-Encoding
      x-aspnet-version:
      - 4.0.30319
      x-content-type-options:
      - nosniff
      x-powered-by:
      - ASP.NET
    status:
      code: 200
      message: OK
- request:
    body: null
    headers:
      Accept:
      - application/json
      Accept-Encoding:
      - gzip, deflate
      CommandName:
      - cdn endpoint rule action remove
      Connection:
      - keep-alive
      ParameterSetName:
      - -g -n --profile-name --rule-name --index
      User-Agent:
      - python/3.8.5 (macOS-10.16-x86_64-i386-64bit) msrest/0.6.18 msrest_azure/0.6.3
        azure-mgmt-cdn/5.1.0 Azure-SDK-For-Python AZURECLI/2.15.0
    method: GET
    uri: https://management.azure.com/subscriptions/00000000-0000-0000-0000-000000000000/resourceGroups/clitest.rg000001/providers/Microsoft.Cdn/profiles/profile123/endpoints/endpoint000002?api-version=2020-04-15
  response:
    body:
      string: "{\r\n  \"name\":\"endpoint000002\",\"id\":\"/subscriptions/00000000-0000-0000-0000-000000000000/resourcegroups/clitest.rg000001/providers/Microsoft.Cdn/profiles/profile123/endpoints/endpoint000002\"\
        ,\"type\":\"Microsoft.Cdn/profiles/endpoints\",\"tags\":{\r\n    \r\n  },\"\
        location\":\"WestUs\",\"properties\":{\r\n    \"hostName\":\"endpoint000002.azureedge.net\"\
        ,\"originHostHeader\":null,\"provisioningState\":\"Succeeded\",\"resourceState\"\
        :\"Running\",\"isHttpAllowed\":true,\"isHttpsAllowed\":true,\"queryStringCachingBehavior\"\
        :\"IgnoreQueryString\",\"originPath\":null,\"origins\":[\r\n      {\r\n  \
        \      \"name\":\"origin-0\",\"properties\":{\r\n          \"hostName\":\"\
        www.example.com\",\"httpPort\":80,\"httpsPort\":443,\"originHostHeader\":null,\"\
        priority\":1,\"weight\":1000,\"enabled\":true,\"privateLinkResourceId\":null,\"\
        privateLinkLocation\":null,\"privateLinkAlias\":null,\"privateEndpointStatus\"\
        :null,\"privateLinkApprovalMessage\":null\r\n        }\r\n      }\r\n    ],\"\
        originGroups\":[\r\n      \r\n    ],\"defaultOriginGroup\":null,\"customDomains\"\
        :[\r\n      \r\n    ],\"contentTypesToCompress\":[\r\n      \r\n    ],\"isCompressionEnabled\"\
        :false,\"optimizationType\":null,\"probePath\":null,\"geoFilters\":[\r\n \
        \     \r\n    ],\"deliveryPolicy\":{\r\n      \"description\":\"delivery_policy\"\
        ,\"rules\":[\r\n        {\r\n          \"name\":\"r1\",\"order\":1,\"conditions\"\
        :[\r\n            {\r\n              \"name\":\"RemoteAddress\",\"parameters\"\
        :{\r\n                \"@odata.type\":\"#Microsoft.Azure.Cdn.Models.DeliveryRuleRemoteAddressConditionParameters\"\
        ,\"operator\":\"GeoMatch\",\"negateCondition\":false,\"matchValues\":[\r\n\
        \                  \"TH\",\"US\"\r\n                ],\"transforms\":[\r\n\
        \                  \r\n                ]\r\n              }\r\n          \
        \  }\r\n          ],\"actions\":[\r\n            {\r\n              \"name\"\
        :\"UrlRewrite\",\"parameters\":{\r\n                \"@odata.type\":\"#Microsoft.Azure.Cdn.Models.DeliveryRuleUrlRewriteActionParameters\"\
        ,\"sourcePattern\":\"/abc\",\"destination\":\"/def\",\"preserveUnmatchedPath\"\
        :null\r\n              }\r\n            }\r\n          ]\r\n        }\r\n\
        \      ]\r\n    },\"webApplicationFirewallPolicyLink\":null,\"urlSigningKeys\"\
        :[\r\n      \r\n    ]\r\n  }\r\n}"
    headers:
      cache-control:
      - no-cache
      content-length:
      - '2129'
      content-type:
      - application/json; odata.metadata=minimal
      date:
      - Wed, 18 Nov 2020 22:37:14 GMT
      expires:
      - '-1'
      odata-version:
      - '4.0'
      pragma:
      - no-cache
      server:
      - Microsoft-IIS/10.0
      strict-transport-security:
      - max-age=31536000; includeSubDomains
      transfer-encoding:
      - chunked
      vary:
      - Accept-Encoding
      x-aspnet-version:
      - 4.0.30319
      x-content-type-options:
      - nosniff
      x-ms-ratelimit-remaining-subscription-resource-requests:
      - '49'
      x-powered-by:
      - ASP.NET
    status:
      code: 200
      message: OK
- request:
    body: null
    headers:
      Accept:
      - application/json
      Accept-Encoding:
      - gzip, deflate
      CommandName:
      - cdn endpoint rule remove
      Connection:
      - keep-alive
      ParameterSetName:
      - -g -n --profile-name --rule-name
      User-Agent:
      - python/3.8.5 (macOS-10.16-x86_64-i386-64bit) msrest/0.6.18 msrest_azure/0.6.3
        azure-mgmt-cdn/5.1.0 Azure-SDK-For-Python AZURECLI/2.15.0
      accept-language:
      - en-US
    method: GET
    uri: https://management.azure.com/subscriptions/00000000-0000-0000-0000-000000000000/resourceGroups/clitest.rg000001/providers/Microsoft.Cdn/profiles/profile123/endpoints/endpoint000002?api-version=2020-04-15
  response:
    body:
      string: "{\r\n  \"name\":\"endpoint000002\",\"id\":\"/subscriptions/00000000-0000-0000-0000-000000000000/resourcegroups/clitest.rg000001/providers/Microsoft.Cdn/profiles/profile123/endpoints/endpoint000002\"\
        ,\"type\":\"Microsoft.Cdn/profiles/endpoints\",\"tags\":{\r\n    \r\n  },\"\
        location\":\"WestUs\",\"properties\":{\r\n    \"hostName\":\"endpoint000002.azureedge.net\"\
        ,\"originHostHeader\":null,\"provisioningState\":\"Succeeded\",\"resourceState\"\
        :\"Running\",\"isHttpAllowed\":true,\"isHttpsAllowed\":true,\"queryStringCachingBehavior\"\
        :\"IgnoreQueryString\",\"originPath\":null,\"origins\":[\r\n      {\r\n  \
        \      \"name\":\"origin-0\",\"properties\":{\r\n          \"hostName\":\"\
        www.example.com\",\"httpPort\":80,\"httpsPort\":443,\"originHostHeader\":null,\"\
        priority\":1,\"weight\":1000,\"enabled\":true,\"privateLinkResourceId\":null,\"\
        privateLinkLocation\":null,\"privateLinkAlias\":null,\"privateEndpointStatus\"\
        :null,\"privateLinkApprovalMessage\":null\r\n        }\r\n      }\r\n    ],\"\
        originGroups\":[\r\n      \r\n    ],\"defaultOriginGroup\":null,\"customDomains\"\
        :[\r\n      \r\n    ],\"contentTypesToCompress\":[\r\n      \r\n    ],\"isCompressionEnabled\"\
        :false,\"optimizationType\":null,\"probePath\":null,\"geoFilters\":[\r\n \
        \     \r\n    ],\"deliveryPolicy\":{\r\n      \"description\":\"delivery_policy\"\
        ,\"rules\":[\r\n        {\r\n          \"name\":\"r1\",\"order\":1,\"conditions\"\
        :[\r\n            {\r\n              \"name\":\"RemoteAddress\",\"parameters\"\
        :{\r\n                \"@odata.type\":\"#Microsoft.Azure.Cdn.Models.DeliveryRuleRemoteAddressConditionParameters\"\
        ,\"operator\":\"GeoMatch\",\"negateCondition\":false,\"matchValues\":[\r\n\
        \                  \"TH\",\"US\"\r\n                ],\"transforms\":[\r\n\
        \                  \r\n                ]\r\n              }\r\n          \
        \  }\r\n          ],\"actions\":[\r\n            {\r\n              \"name\"\
        :\"UrlRewrite\",\"parameters\":{\r\n                \"@odata.type\":\"#Microsoft.Azure.Cdn.Models.DeliveryRuleUrlRewriteActionParameters\"\
        ,\"sourcePattern\":\"/abc\",\"destination\":\"/def\",\"preserveUnmatchedPath\"\
        :null\r\n              }\r\n            }\r\n          ]\r\n        }\r\n\
        \      ]\r\n    },\"webApplicationFirewallPolicyLink\":null,\"urlSigningKeys\"\
        :[\r\n      \r\n    ]\r\n  }\r\n}"
    headers:
      cache-control:
      - no-cache
      content-length:
      - '2129'
      content-type:
      - application/json; odata.metadata=minimal
      date:
      - Wed, 18 Nov 2020 22:37:16 GMT
      expires:
      - '-1'
      odata-version:
      - '4.0'
      pragma:
      - no-cache
      server:
      - Microsoft-IIS/10.0
      strict-transport-security:
      - max-age=31536000; includeSubDomains
      transfer-encoding:
      - chunked
      vary:
      - Accept-Encoding
      x-aspnet-version:
      - 4.0.30319
      x-content-type-options:
      - nosniff
      x-ms-ratelimit-remaining-subscription-resource-requests:
      - '49'
      x-powered-by:
      - ASP.NET
    status:
      code: 200
      message: OK
- request:
    body: '{"properties": {"deliveryPolicy": {"description": "delivery_policy", "rules":
      []}}}'
    headers:
      Accept:
      - application/json
      Accept-Encoding:
      - gzip, deflate
      CommandName:
      - cdn endpoint rule remove
      Connection:
      - keep-alive
      Content-Length:
      - '83'
      Content-Type:
      - application/json; charset=utf-8
      ParameterSetName:
      - -g -n --profile-name --rule-name
      User-Agent:
      - python/3.8.5 (macOS-10.16-x86_64-i386-64bit) msrest/0.6.18 msrest_azure/0.6.3
        azure-mgmt-cdn/5.1.0 Azure-SDK-For-Python AZURECLI/2.15.0
      accept-language:
      - en-US
    method: PATCH
    uri: https://management.azure.com/subscriptions/00000000-0000-0000-0000-000000000000/resourceGroups/clitest.rg000001/providers/Microsoft.Cdn/profiles/profile123/endpoints/endpoint000002?api-version=2020-04-15
  response:
    body:
      string: "{\r\n  \"name\":\"endpoint000002\",\"id\":\"/subscriptions/00000000-0000-0000-0000-000000000000/resourcegroups/clitest.rg000001/providers/Microsoft.Cdn/profiles/profile123/endpoints/endpoint000002\"\
        ,\"type\":\"Microsoft.Cdn/profiles/endpoints\",\"tags\":{\r\n    \r\n  },\"\
        location\":\"WestUs\",\"properties\":{\r\n    \"hostName\":\"endpoint000002.azureedge.net\"\
        ,\"originHostHeader\":null,\"provisioningState\":\"Succeeded\",\"resourceState\"\
        :\"Running\",\"isHttpAllowed\":true,\"isHttpsAllowed\":true,\"queryStringCachingBehavior\"\
        :\"IgnoreQueryString\",\"originPath\":null,\"origins\":[\r\n      {\r\n  \
        \      \"name\":\"origin-0\",\"properties\":{\r\n          \"hostName\":\"\
        www.example.com\",\"httpPort\":80,\"httpsPort\":443,\"originHostHeader\":null,\"\
        priority\":1,\"weight\":1000,\"enabled\":true,\"privateLinkResourceId\":null,\"\
        privateLinkLocation\":null,\"privateLinkAlias\":null,\"privateEndpointStatus\"\
        :null,\"privateLinkApprovalMessage\":null\r\n        }\r\n      }\r\n    ],\"\
        originGroups\":[\r\n      \r\n    ],\"defaultOriginGroup\":null,\"customDomains\"\
        :[\r\n      \r\n    ],\"contentTypesToCompress\":[\r\n      \r\n    ],\"isCompressionEnabled\"\
        :false,\"optimizationType\":null,\"probePath\":null,\"geoFilters\":[\r\n \
        \     \r\n    ],\"deliveryPolicy\":{\r\n      \"description\":\"delivery_policy\"\
        ,\"rules\":[\r\n        \r\n      ]\r\n    },\"webApplicationFirewallPolicyLink\"\
        :null,\"urlSigningKeys\":[\r\n      \r\n    ]\r\n  }\r\n}"
    headers:
      azure-asyncoperation:
      - https://management.azure.com/subscriptions/00000000-0000-0000-0000-000000000000/resourcegroups/clitest.rg000001/providers/Microsoft.Cdn/operationresults/0efe9901-1f4b-4b1e-8111-7c91322675c1?api-version=2020-04-15
      cache-control:
      - no-cache
      content-length:
      - '1391'
      content-type:
      - application/json; odata.metadata=minimal
      date:
      - Wed, 18 Nov 2020 22:37:19 GMT
      expires:
      - '-1'
      location:
      - https://management.azure.com/subscriptions/00000000-0000-0000-0000-000000000000/resourcegroups/clitest.rg000001/providers/Microsoft.Cdn/operationresults/0efe9901-1f4b-4b1e-8111-7c91322675c1/profileresults/profile123/endpointresults/endpoint000002?api-version=2020-04-15
      odata-version:
      - '4.0'
      pragma:
      - no-cache
      server:
      - Microsoft-IIS/10.0
      strict-transport-security:
      - max-age=31536000; includeSubDomains
      x-aspnet-version:
      - 4.0.30319
      x-content-type-options:
      - nosniff
      x-ms-ratelimit-remaining-subscription-resource-requests:
      - '99'
      x-powered-by:
      - ASP.NET
    status:
      code: 202
      message: Accepted
- request:
    body: null
    headers:
      Accept:
      - application/json
      Accept-Encoding:
      - gzip, deflate
      CommandName:
      - cdn endpoint rule remove
      Connection:
      - keep-alive
      ParameterSetName:
      - -g -n --profile-name --rule-name
      User-Agent:
      - python/3.8.5 (macOS-10.16-x86_64-i386-64bit) msrest/0.6.18 msrest_azure/0.6.3
        azure-mgmt-cdn/5.1.0 Azure-SDK-For-Python AZURECLI/2.15.0
    method: GET
    uri: https://management.azure.com/subscriptions/00000000-0000-0000-0000-000000000000/resourcegroups/clitest.rg000001/providers/Microsoft.Cdn/operationresults/0efe9901-1f4b-4b1e-8111-7c91322675c1?api-version=2020-04-15
  response:
    body:
      string: "{\r\n  \"status\":\"Succeeded\",\"error\":{\r\n    \"code\":\"None\"\
        ,\"message\":null\r\n  }\r\n}"
    headers:
      cache-control:
      - no-cache
      content-length:
      - '77'
      content-type:
      - application/json; odata.metadata=minimal
      date:
      - Wed, 18 Nov 2020 22:37:30 GMT
      expires:
      - '-1'
      odata-version:
      - '4.0'
      pragma:
      - no-cache
      server:
      - Microsoft-IIS/10.0
      strict-transport-security:
      - max-age=31536000; includeSubDomains
      transfer-encoding:
      - chunked
      vary:
      - Accept-Encoding
      x-aspnet-version:
      - 4.0.30319
      x-content-type-options:
      - nosniff
      x-powered-by:
      - ASP.NET
    status:
      code: 200
      message: OK
- request:
    body: null
    headers:
      Accept:
      - application/json
      Accept-Encoding:
      - gzip, deflate
      CommandName:
      - cdn endpoint rule remove
      Connection:
      - keep-alive
      ParameterSetName:
      - -g -n --profile-name --rule-name
      User-Agent:
      - python/3.8.5 (macOS-10.16-x86_64-i386-64bit) msrest/0.6.18 msrest_azure/0.6.3
        azure-mgmt-cdn/5.1.0 Azure-SDK-For-Python AZURECLI/2.15.0
    method: GET
    uri: https://management.azure.com/subscriptions/00000000-0000-0000-0000-000000000000/resourceGroups/clitest.rg000001/providers/Microsoft.Cdn/profiles/profile123/endpoints/endpoint000002?api-version=2020-04-15
  response:
    body:
      string: "{\r\n  \"name\":\"endpoint000002\",\"id\":\"/subscriptions/00000000-0000-0000-0000-000000000000/resourcegroups/clitest.rg000001/providers/Microsoft.Cdn/profiles/profile123/endpoints/endpoint000002\"\
        ,\"type\":\"Microsoft.Cdn/profiles/endpoints\",\"tags\":{\r\n    \r\n  },\"\
        location\":\"WestUs\",\"properties\":{\r\n    \"hostName\":\"endpoint000002.azureedge.net\"\
        ,\"originHostHeader\":null,\"provisioningState\":\"Succeeded\",\"resourceState\"\
        :\"Running\",\"isHttpAllowed\":true,\"isHttpsAllowed\":true,\"queryStringCachingBehavior\"\
        :\"IgnoreQueryString\",\"originPath\":null,\"origins\":[\r\n      {\r\n  \
        \      \"name\":\"origin-0\",\"properties\":{\r\n          \"hostName\":\"\
        www.example.com\",\"httpPort\":80,\"httpsPort\":443,\"originHostHeader\":null,\"\
        priority\":1,\"weight\":1000,\"enabled\":true,\"privateLinkResourceId\":null,\"\
        privateLinkLocation\":null,\"privateLinkAlias\":null,\"privateEndpointStatus\"\
        :null,\"privateLinkApprovalMessage\":null\r\n        }\r\n      }\r\n    ],\"\
        originGroups\":[\r\n      \r\n    ],\"defaultOriginGroup\":null,\"customDomains\"\
        :[\r\n      \r\n    ],\"contentTypesToCompress\":[\r\n      \r\n    ],\"isCompressionEnabled\"\
        :false,\"optimizationType\":null,\"probePath\":null,\"geoFilters\":[\r\n \
        \     \r\n    ],\"deliveryPolicy\":{\r\n      \"description\":\"delivery_policy\"\
        ,\"rules\":[\r\n        \r\n      ]\r\n    },\"webApplicationFirewallPolicyLink\"\
        :null,\"urlSigningKeys\":[\r\n      \r\n    ]\r\n  }\r\n}"
    headers:
      cache-control:
      - no-cache
      content-length:
      - '1391'
      content-type:
      - application/json; odata.metadata=minimal
      date:
      - Wed, 18 Nov 2020 22:37:31 GMT
      expires:
      - '-1'
      odata-version:
      - '4.0'
      pragma:
      - no-cache
      server:
      - Microsoft-IIS/10.0
      strict-transport-security:
      - max-age=31536000; includeSubDomains
      transfer-encoding:
      - chunked
      vary:
      - Accept-Encoding
      x-aspnet-version:
      - 4.0.30319
      x-content-type-options:
      - nosniff
      x-ms-ratelimit-remaining-subscription-resource-requests:
      - '49'
      x-powered-by:
      - ASP.NET
    status:
      code: 200
      message: OK
- request:
    body: null
    headers:
      Accept:
      - application/json
      Accept-Encoding:
      - gzip, deflate
      CommandName:
      - cdn endpoint delete
      Connection:
      - keep-alive
      Content-Length:
      - '0'
      ParameterSetName:
      - -g -n --profile-name
      User-Agent:
      - python/3.8.5 (macOS-10.16-x86_64-i386-64bit) msrest/0.6.18 msrest_azure/0.6.3
        azure-mgmt-cdn/5.1.0 Azure-SDK-For-Python AZURECLI/2.15.0
      accept-language:
      - en-US
    method: DELETE
    uri: https://management.azure.com/subscriptions/00000000-0000-0000-0000-000000000000/resourceGroups/clitest.rg000001/providers/Microsoft.Cdn/profiles/profile123/endpoints/endpoint000002?api-version=2020-04-15
  response:
    body:
      string: ''
    headers:
      azure-asyncoperation:
      - https://management.azure.com/subscriptions/00000000-0000-0000-0000-000000000000/resourcegroups/clitest.rg000001/providers/Microsoft.Cdn/operationresults/e76ccea3-e5cb-4594-9400-dc5700bb4052?api-version=2020-04-15
      cache-control:
      - no-cache
      content-length:
      - '0'
      date:
      - Wed, 18 Nov 2020 22:37:33 GMT
      expires:
      - '-1'
      location:
      - https://management.azure.com/subscriptions/00000000-0000-0000-0000-000000000000/resourcegroups/clitest.rg000001/providers/Microsoft.Cdn/operationresults/e76ccea3-e5cb-4594-9400-dc5700bb4052/profileresults/profile123/endpointresults/endpoint000002?api-version=2020-04-15
      pragma:
      - no-cache
      server:
      - Microsoft-IIS/10.0
      strict-transport-security:
      - max-age=31536000; includeSubDomains
      x-aspnet-version:
      - 4.0.30319
      x-content-type-options:
      - nosniff
      x-ms-ratelimit-remaining-subscription-deletes:
      - '14999'
      x-powered-by:
      - ASP.NET
    status:
      code: 202
      message: Accepted
- request:
    body: null
    headers:
      Accept:
      - application/json
      Accept-Encoding:
      - gzip, deflate
      CommandName:
      - cdn endpoint delete
      Connection:
      - keep-alive
      ParameterSetName:
      - -g -n --profile-name
      User-Agent:
      - python/3.8.5 (macOS-10.16-x86_64-i386-64bit) msrest/0.6.18 msrest_azure/0.6.3
        azure-mgmt-cdn/5.1.0 Azure-SDK-For-Python AZURECLI/2.15.0
    method: GET
    uri: https://management.azure.com/subscriptions/00000000-0000-0000-0000-000000000000/resourcegroups/clitest.rg000001/providers/Microsoft.Cdn/operationresults/e76ccea3-e5cb-4594-9400-dc5700bb4052?api-version=2020-04-15
  response:
    body:
      string: "{\r\n  \"status\":\"InProgress\",\"error\":{\r\n    \"code\":\"None\"\
        ,\"message\":null\r\n  }\r\n}"
    headers:
      cache-control:
      - no-cache
      content-length:
      - '78'
      content-type:
      - application/json; odata.metadata=minimal
      date:
      - Wed, 18 Nov 2020 22:37:44 GMT
      expires:
      - '-1'
      odata-version:
      - '4.0'
      pragma:
      - no-cache
      server:
      - Microsoft-IIS/10.0
      strict-transport-security:
      - max-age=31536000; includeSubDomains
      transfer-encoding:
      - chunked
      vary:
      - Accept-Encoding
      x-aspnet-version:
      - 4.0.30319
      x-content-type-options:
      - nosniff
      x-powered-by:
      - ASP.NET
    status:
      code: 200
      message: OK
- request:
    body: null
    headers:
      Accept:
      - application/json
      Accept-Encoding:
      - gzip, deflate
      CommandName:
      - cdn endpoint delete
      Connection:
      - keep-alive
      ParameterSetName:
      - -g -n --profile-name
      User-Agent:
      - python/3.8.5 (macOS-10.16-x86_64-i386-64bit) msrest/0.6.18 msrest_azure/0.6.3
        azure-mgmt-cdn/5.1.0 Azure-SDK-For-Python AZURECLI/2.15.0
    method: GET
    uri: https://management.azure.com/subscriptions/00000000-0000-0000-0000-000000000000/resourcegroups/clitest.rg000001/providers/Microsoft.Cdn/operationresults/e76ccea3-e5cb-4594-9400-dc5700bb4052?api-version=2020-04-15
  response:
    body:
      string: "{\r\n  \"status\":\"Succeeded\",\"error\":{\r\n    \"code\":\"None\"\
        ,\"message\":null\r\n  }\r\n}"
    headers:
      cache-control:
      - no-cache
      content-length:
      - '77'
      content-type:
      - application/json; odata.metadata=minimal
      date:
      - Wed, 18 Nov 2020 22:38:14 GMT
      expires:
      - '-1'
      odata-version:
      - '4.0'
      pragma:
      - no-cache
      server:
      - Microsoft-IIS/10.0
      strict-transport-security:
      - max-age=31536000; includeSubDomains
      transfer-encoding:
      - chunked
      vary:
      - Accept-Encoding
      x-aspnet-version:
      - 4.0.30319
      x-content-type-options:
      - nosniff
      x-powered-by:
      - ASP.NET
    status:
      code: 200
      message: OK
version: 1
