interactions:
- request:
    body: '{"location": "global", "sku": {"name": "Standard_AzureFrontDoor"}, "properties":
      {"originResponseTimeoutSeconds": 30}}'
    headers:
      Accept:
      - application/json
      Accept-Encoding:
      - gzip, deflate
      CommandName:
      - afd profile create
      Connection:
      - keep-alive
      Content-Length:
      - '118'
      Content-Type:
      - application/json
      ParameterSetName:
      - -g --profile-name --sku
      User-Agent:
      - AZURECLI/2.35.0 azsdk-python-mgmt-cdn/12.0.0 Python/3.7.9 (Windows-10-10.0.19041-SP0)
    method: PUT
    uri: https://management.azure.com/subscriptions/00000000-0000-0000-0000-000000000000/resourceGroups/clitest.rg000001/providers/Microsoft.Cdn/profiles/profile000002?api-version=2021-06-01
  response:
    body:
      string: '{"id":"/subscriptions/00000000-0000-0000-0000-000000000000/resourcegroups/clitest.rg000001/providers/Microsoft.Cdn/profiles/profile000002","type":"Microsoft.Cdn/profiles","name":"profile000002","location":"Global","kind":"frontdoor","tags":{},"sku":{"name":"Standard_AzureFrontDoor"},"properties":{"originResponseTimeoutSeconds":30,"frontDoorId":"aef6d803-b74e-438b-abf6-a5b161528be2","resourceState":"Creating","provisioningState":"Creating"}}'
    headers:
      azure-asyncoperation:
      - https://management.azure.com/subscriptions/00000000-0000-0000-0000-000000000000/resourcegroups/clitest.rg000001/providers/Microsoft.Cdn/operationresults/5878ff9c-1ecb-4ef5-acff-a50970203807?api-version=2021-06-01
      cache-control:
      - no-cache
      content-length:
      - '444'
      content-type:
      - application/json; charset=utf-8
      date:
      - Thu, 07 Apr 2022 07:47:25 GMT
      expires:
      - '-1'
      pragma:
      - no-cache
      server:
      - Kestrel
      strict-transport-security:
      - max-age=31536000; includeSubDomains
      x-content-type-options:
      - nosniff
      x-ms-ratelimit-remaining-subscription-resource-requests:
      - '24'
    status:
      code: 201
      message: Created
- request:
    body: null
    headers:
      Accept:
      - '*/*'
      Accept-Encoding:
      - gzip, deflate
      CommandName:
      - afd profile create
      Connection:
      - keep-alive
      ParameterSetName:
      - -g --profile-name --sku
      User-Agent:
      - AZURECLI/2.35.0 azsdk-python-mgmt-cdn/12.0.0 Python/3.7.9 (Windows-10-10.0.19041-SP0)
    method: GET
    uri: https://management.azure.com/subscriptions/00000000-0000-0000-0000-000000000000/resourcegroups/clitest.rg000001/providers/Microsoft.Cdn/operationresults/5878ff9c-1ecb-4ef5-acff-a50970203807?api-version=2021-06-01
  response:
    body:
      string: '{"status":"InProgress","error":{"code":"None","message":null}}'
    headers:
      cache-control:
      - no-cache
      content-length:
      - '62'
      content-type:
      - application/json; charset=utf-8
      date:
      - Thu, 07 Apr 2022 07:47:36 GMT
      expires:
      - '-1'
      pragma:
      - no-cache
      server:
      - Kestrel
      strict-transport-security:
      - max-age=31536000; includeSubDomains
      transfer-encoding:
      - chunked
      vary:
      - Accept-Encoding
      x-content-type-options:
      - nosniff
    status:
      code: 200
      message: OK
- request:
    body: null
    headers:
      Accept:
      - '*/*'
      Accept-Encoding:
      - gzip, deflate
      CommandName:
      - afd profile create
      Connection:
      - keep-alive
      ParameterSetName:
      - -g --profile-name --sku
      User-Agent:
      - AZURECLI/2.35.0 azsdk-python-mgmt-cdn/12.0.0 Python/3.7.9 (Windows-10-10.0.19041-SP0)
    method: GET
    uri: https://management.azure.com/subscriptions/00000000-0000-0000-0000-000000000000/resourcegroups/clitest.rg000001/providers/Microsoft.Cdn/operationresults/5878ff9c-1ecb-4ef5-acff-a50970203807?api-version=2021-06-01
  response:
    body:
      string: '{"status":"Succeeded","error":{"code":"None","message":null}}'
    headers:
      cache-control:
      - no-cache
      content-length:
      - '61'
      content-type:
      - application/json; charset=utf-8
      date:
      - Thu, 07 Apr 2022 07:48:07 GMT
      expires:
      - '-1'
      pragma:
      - no-cache
      server:
      - Kestrel
      strict-transport-security:
      - max-age=31536000; includeSubDomains
      transfer-encoding:
      - chunked
      vary:
      - Accept-Encoding
      x-content-type-options:
      - nosniff
    status:
      code: 200
      message: OK
- request:
    body: null
    headers:
      Accept:
      - '*/*'
      Accept-Encoding:
      - gzip, deflate
      CommandName:
      - afd profile create
      Connection:
      - keep-alive
      ParameterSetName:
      - -g --profile-name --sku
      User-Agent:
      - AZURECLI/2.35.0 azsdk-python-mgmt-cdn/12.0.0 Python/3.7.9 (Windows-10-10.0.19041-SP0)
    method: GET
    uri: https://management.azure.com/subscriptions/00000000-0000-0000-0000-000000000000/resourceGroups/clitest.rg000001/providers/Microsoft.Cdn/profiles/profile000002?api-version=2021-06-01
  response:
    body:
      string: '{"id":"/subscriptions/00000000-0000-0000-0000-000000000000/resourcegroups/clitest.rg000001/providers/Microsoft.Cdn/profiles/profile000002","type":"Microsoft.Cdn/profiles","name":"profile000002","location":"Global","kind":"frontdoor","tags":{},"sku":{"name":"Standard_AzureFrontDoor"},"properties":{"originResponseTimeoutSeconds":30,"frontDoorId":"aef6d803-b74e-438b-abf6-a5b161528be2","resourceState":"Active","provisioningState":"Succeeded"}}'
    headers:
      cache-control:
      - no-cache
      content-length:
      - '443'
      content-type:
      - application/json; charset=utf-8
      date:
      - Thu, 07 Apr 2022 07:48:07 GMT
      expires:
      - '-1'
      pragma:
      - no-cache
      server:
      - Kestrel
      strict-transport-security:
      - max-age=31536000; includeSubDomains
      transfer-encoding:
      - chunked
      vary:
      - Accept-Encoding
      x-content-type-options:
      - nosniff
      x-ms-ratelimit-remaining-subscription-resource-requests:
      - '49'
    status:
      code: 200
      message: OK
- request:
    body: null
    headers:
      Accept:
      - application/json
      Accept-Encoding:
      - gzip, deflate
      CommandName:
      - afd rule-set create
      Connection:
      - keep-alive
      Content-Length:
      - '0'
      ParameterSetName:
      - -g --rule-set-name --profile-name
      User-Agent:
      - AZURECLI/2.35.0 azsdk-python-mgmt-cdn/12.0.0 Python/3.7.9 (Windows-10-10.0.19041-SP0)
    method: PUT
    uri: https://management.azure.com/subscriptions/00000000-0000-0000-0000-000000000000/resourceGroups/clitest.rg000001/providers/Microsoft.Cdn/profiles/profile000002/ruleSets/ruleset000003?api-version=2021-06-01
  response:
    body:
      string: '{"id":"/subscriptions/00000000-0000-0000-0000-000000000000/resourcegroups/clitest.rg000001/providers/Microsoft.Cdn/profiles/profile000002/rulesets/ruleset000003","type":"Microsoft.Cdn/profiles/rulesets","name":"ruleset000003","properties":{"provisioningState":"Succeeded","deploymentStatus":"NotStarted"}}'
    headers:
      cache-control:
      - no-cache
      content-length:
      - '305'
      content-type:
      - application/json; charset=utf-8
      date:
      - Thu, 07 Apr 2022 07:48:09 GMT
      expires:
      - '-1'
      pragma:
      - no-cache
      server:
      - Kestrel
      strict-transport-security:
      - max-age=31536000; includeSubDomains
      x-content-type-options:
      - nosniff
      x-ms-ratelimit-remaining-subscription-resource-requests:
      - '98'
    status:
      code: 201
      message: Created
- request:
    body: null
    headers:
      Accept:
      - application/json
      Accept-Encoding:
      - gzip, deflate
      CommandName:
      - afd rule list
      Connection:
      - keep-alive
      ParameterSetName:
      - -g --rule-set-name --profile-name
      User-Agent:
      - AZURECLI/2.35.0 azsdk-python-mgmt-cdn/12.0.0 Python/3.7.9 (Windows-10-10.0.19041-SP0)
    method: GET
    uri: https://management.azure.com/subscriptions/00000000-0000-0000-0000-000000000000/resourceGroups/clitest.rg000001/providers/Microsoft.Cdn/profiles/profile000002/ruleSets/ruleset000003/rules?api-version=2021-06-01
  response:
    body:
      string: '{"value":[]}'
    headers:
      cache-control:
      - no-cache
      content-length:
      - '12'
      content-type:
      - application/json; charset=utf-8
      date:
      - Thu, 07 Apr 2022 07:48:10 GMT
      expires:
      - '-1'
      pragma:
      - no-cache
      server:
      - Kestrel
      strict-transport-security:
      - max-age=31536000; includeSubDomains
      transfer-encoding:
      - chunked
      vary:
      - Accept-Encoding
      x-content-type-options:
      - nosniff
    status:
      code: 200
      message: OK
- request:
    body: '{"properties": {"loadBalancingSettings": {"sampleSize": 4, "successfulSamplesRequired":
      3, "additionalLatencyInMilliseconds": 50}, "healthProbeSettings": {"probePath":
      "/test1/azure.txt", "probeRequestType": "GET", "probeProtocol": "Http", "probeIntervalInSeconds":
      120}}}'
    headers:
      Accept:
      - application/json
      Accept-Encoding:
      - gzip, deflate
      CommandName:
      - afd origin-group create
      Connection:
      - keep-alive
      Content-Length:
      - '272'
      Content-Type:
      - application/json
      ParameterSetName:
      - -g --profile-name --origin-group-name --probe-request-type --probe-protocol
        --probe-interval-in-seconds --probe-path --sample-size --successful-samples-required
        --additional-latency-in-milliseconds
      User-Agent:
      - AZURECLI/2.35.0 azsdk-python-mgmt-cdn/12.0.0 Python/3.7.9 (Windows-10-10.0.19041-SP0)
    method: PUT
    uri: https://management.azure.com/subscriptions/00000000-0000-0000-0000-000000000000/resourceGroups/clitest.rg000001/providers/Microsoft.Cdn/profiles/profile000002/originGroups/og000004?api-version=2021-06-01
  response:
    body:
      string: '{"id":"/subscriptions/00000000-0000-0000-0000-000000000000/resourcegroups/clitest.rg000001/providers/Microsoft.Cdn/profiles/profile000002/originGroups/og000004","type":"Microsoft.Cdn/profiles/originGroups","name":"og000004","properties":{"loadBalancingSettings":{"sampleSize":4,"successfulSamplesRequired":3,"additionalLatencyInMilliseconds":50},"healthProbeSettings":{"probePath":"/test1/azure.txt","probeRequestType":"GET","probeProtocol":"Http","probeIntervalInSeconds":120},"trafficRestorationTimeToHealedOrNewEndpointsInMinutes":null,"sessionAffinityState":"Disabled","provisioningState":"Succeeded","deploymentStatus":"NotStarted"}}'
    headers:
      cache-control:
      - no-cache
      content-length:
      - '638'
      content-type:
      - application/json; charset=utf-8
      date:
      - Thu, 07 Apr 2022 07:48:13 GMT
      expires:
      - '-1'
      pragma:
      - no-cache
      server:
      - Kestrel
      strict-transport-security:
      - max-age=31536000; includeSubDomains
      x-content-type-options:
      - nosniff
      x-ms-ratelimit-remaining-subscription-resource-requests:
      - '99'
    status:
      code: 201
      message: Created
- request:
    body: '{"properties": {"hostName": "huaiyiztesthost1.blob.core.chinacloudapi.cn",
      "httpPort": 8080, "httpsPort": 443, "originHostHeader": "huaiyiztesthost1.blob.core.chinacloudapi.cn",
      "priority": 1, "weight": 666, "enabledState": "Enabled", "enforceCertificateNameCheck":
      true}}'
    headers:
      Accept:
      - application/json
      Accept-Encoding:
      - gzip, deflate
      CommandName:
      - afd origin create
      Connection:
      - keep-alive
      Content-Length:
      - '272'
      Content-Type:
      - application/json
      ParameterSetName:
      - -g --profile-name --origin-group-name --origin-name --host-name --origin-host-header
        --priority --weight --http-port --https-port --enabled-state
      User-Agent:
      - AZURECLI/2.35.0 azsdk-python-mgmt-cdn/12.0.0 Python/3.7.9 (Windows-10-10.0.19041-SP0)
    method: PUT
    uri: https://management.azure.com/subscriptions/00000000-0000-0000-0000-000000000000/resourceGroups/clitest.rg000001/providers/Microsoft.Cdn/profiles/profile000002/originGroups/og000004/origins/origin000005?api-version=2021-06-01
  response:
    body:
      string: '{"id":"/subscriptions/00000000-0000-0000-0000-000000000000/resourcegroups/clitest.rg000001/providers/Microsoft.Cdn/profiles/profile000002/originGroups/og000004/origins/origin000005","type":"Microsoft.Cdn/profiles/originGroups/origins","name":"origin000005","properties":{"originGroupName":"og000004","hostName":"huaiyiztesthost1.blob.core.chinacloudapi.cn","httpPort":8080,"httpsPort":443,"originHostHeader":"huaiyiztesthost1.blob.core.chinacloudapi.cn","priority":1,"weight":666,"enabledState":"Enabled","sharedPrivateLinkResource":null,"enforceCertificateNameCheck":true,"provisioningState":"Creating","deploymentStatus":"NotStarted"}}'
    headers:
      azure-asyncoperation:
      - https://management.azure.com/subscriptions/00000000-0000-0000-0000-000000000000/resourcegroups/clitest.rg000001/providers/Microsoft.Cdn/operationresults/b2f68c69-ce32-4f68-a907-1f1e56d15af7?api-version=2021-06-01
      cache-control:
      - no-cache
      content-length:
      - '637'
      content-type:
      - application/json; charset=utf-8
      date:
      - Thu, 07 Apr 2022 07:48:16 GMT
      expires:
      - '-1'
      pragma:
      - no-cache
      server:
      - Kestrel
      strict-transport-security:
      - max-age=31536000; includeSubDomains
      x-content-type-options:
      - nosniff
      x-ms-ratelimit-remaining-subscription-resource-requests:
      - '99'
    status:
      code: 201
      message: Created
- request:
    body: null
    headers:
      Accept:
      - '*/*'
      Accept-Encoding:
      - gzip, deflate
      CommandName:
      - afd origin create
      Connection:
      - keep-alive
      ParameterSetName:
      - -g --profile-name --origin-group-name --origin-name --host-name --origin-host-header
        --priority --weight --http-port --https-port --enabled-state
      User-Agent:
      - AZURECLI/2.35.0 azsdk-python-mgmt-cdn/12.0.0 Python/3.7.9 (Windows-10-10.0.19041-SP0)
    method: GET
    uri: https://management.azure.com/subscriptions/00000000-0000-0000-0000-000000000000/resourcegroups/clitest.rg000001/providers/Microsoft.Cdn/operationresults/b2f68c69-ce32-4f68-a907-1f1e56d15af7?api-version=2021-06-01
  response:
    body:
      string: '{"status":"Succeeded","error":{"code":"None","message":null}}'
    headers:
      cache-control:
      - no-cache
      content-length:
      - '61'
      content-type:
      - application/json; charset=utf-8
      date:
      - Thu, 07 Apr 2022 07:48:26 GMT
      expires:
      - '-1'
      pragma:
      - no-cache
      server:
      - Kestrel
      strict-transport-security:
      - max-age=31536000; includeSubDomains
      transfer-encoding:
      - chunked
      vary:
      - Accept-Encoding
      x-content-type-options:
      - nosniff
    status:
      code: 200
      message: OK
- request:
    body: null
    headers:
      Accept:
      - '*/*'
      Accept-Encoding:
      - gzip, deflate
      CommandName:
      - afd origin create
      Connection:
      - keep-alive
      ParameterSetName:
      - -g --profile-name --origin-group-name --origin-name --host-name --origin-host-header
        --priority --weight --http-port --https-port --enabled-state
      User-Agent:
      - AZURECLI/2.35.0 azsdk-python-mgmt-cdn/12.0.0 Python/3.7.9 (Windows-10-10.0.19041-SP0)
    method: GET
    uri: https://management.azure.com/subscriptions/00000000-0000-0000-0000-000000000000/resourceGroups/clitest.rg000001/providers/Microsoft.Cdn/profiles/profile000002/originGroups/og000004/origins/origin000005?api-version=2021-06-01
  response:
    body:
      string: '{"id":"/subscriptions/00000000-0000-0000-0000-000000000000/resourcegroups/clitest.rg000001/providers/Microsoft.Cdn/profiles/profile000002/originGroups/og000004/origins/origin000005","type":"Microsoft.Cdn/profiles/originGroups/origins","name":"origin000005","properties":{"originGroupName":"og000004","hostName":"huaiyiztesthost1.blob.core.chinacloudapi.cn","httpPort":8080,"httpsPort":443,"originHostHeader":"huaiyiztesthost1.blob.core.chinacloudapi.cn","priority":1,"weight":666,"enabledState":"Enabled","sharedPrivateLinkResource":null,"enforceCertificateNameCheck":true,"provisioningState":"Succeeded","deploymentStatus":"NotStarted"}}'
    headers:
      cache-control:
      - no-cache
      content-length:
      - '638'
      content-type:
      - application/json; charset=utf-8
      date:
      - Thu, 07 Apr 2022 07:48:26 GMT
      expires:
      - '-1'
      pragma:
      - no-cache
      server:
      - Kestrel
      strict-transport-security:
      - max-age=31536000; includeSubDomains
      transfer-encoding:
      - chunked
      vary:
      - Accept-Encoding
      x-content-type-options:
      - nosniff
    status:
      code: 200
      message: OK
- request:
    body: '{"properties": {"order": 1, "conditions": [{"name": "RemoteAddress", "parameters":
      {"typeName": "DeliveryRuleRemoteAddressConditionParameters", "operator": "GeoMatch",
      "matchValues": ["TH", "US"]}}], "actions": [{"name": "RouteConfigurationOverride",
      "parameters": {"typeName": "DeliveryRuleRouteConfigurationOverrideActionParameters",
      "originGroupOverride": {"originGroup": {"id": "/subscriptions/00000000-0000-0000-0000-000000000000/resourcegroups/clitest.rg000001/providers/Microsoft.Cdn/profiles/profile000002/origingroups/og000004"},
      "forwardingProtocol": "MatchRequest"}, "cacheConfiguration": {"queryStringCachingBehavior":
      "UseQueryString", "isCompressionEnabled": "Disabled", "cacheBehavior": "HonorOrigin"}}}],
      "matchProcessingBehavior": "Stop"}}'
    headers:
      Accept:
      - application/json
      Accept-Encoding:
      - gzip, deflate
      CommandName:
      - afd rule create
      Connection:
      - keep-alive
      Content-Length:
      - '756'
      Content-Type:
      - application/json
      ParameterSetName:
      - -g --rule-set-name --profile-name --rule-name --match-processing-behavior
        --match-variable --operator --match-values --action-name --enable-caching
        --enable-compression --query-string-caching-behavior --cache-behavior --order
        --origin-group --forwarding-protocol
      User-Agent:
      - AZURECLI/2.35.0 azsdk-python-mgmt-cdn/12.0.0 Python/3.7.9 (Windows-10-10.0.19041-SP0)
    method: PUT
    uri: https://management.azure.com/subscriptions/00000000-0000-0000-0000-000000000000/resourceGroups/clitest.rg000001/providers/Microsoft.Cdn/profiles/profile000002/ruleSets/ruleset000003/rules/r1?api-version=2021-06-01
  response:
    body:
      string: '{"id":"/subscriptions/00000000-0000-0000-0000-000000000000/resourcegroups/clitest.rg000001/providers/Microsoft.Cdn/profiles/profile000002/rulesets/ruleset000003/rules/r1","type":"Microsoft.Cdn/profiles/rulesets/rules","name":"r1","properties":{"order":1,"conditions":[{"name":"RemoteAddress","parameters":{"typeName":"DeliveryRuleRemoteAddressConditionParameters","operator":"GeoMatch","negateCondition":false,"matchValues":["TH","US"],"transforms":[]}}],"actions":[{"name":"RouteConfigurationOverride","parameters":{"typeName":"DeliveryRuleRouteConfigurationOverrideActionParameters","cacheConfiguration":{"isCompressionEnabled":"Disabled","queryStringCachingBehavior":"UseQueryString","queryParameters":null,"cacheBehavior":"HonorOrigin","cacheDuration":null},"originGroupOverride":{"originGroup":{"id":"/subscriptions/00000000-0000-0000-0000-000000000000/resourcegroups/clitest.rg000001/providers/Microsoft.Cdn/profiles/profile000002/origingroups/og000004"},"forwardingProtocol":"MatchRequest"}}}],"matchProcessingBehavior":"Stop","provisioningState":"Creating","deploymentStatus":"NotStarted"}}'
    headers:
      azure-asyncoperation:
      - https://management.azure.com/subscriptions/00000000-0000-0000-0000-000000000000/resourcegroups/clitest.rg000001/providers/Microsoft.Cdn/operationresults/dadc5836-36de-48a4-82bf-6f8374878569?api-version=2021-06-01
      cache-control:
      - no-cache
      content-length:
      - '1098'
      content-type:
      - application/json; charset=utf-8
      date:
      - Thu, 07 Apr 2022 07:48:29 GMT
      expires:
      - '-1'
      pragma:
      - no-cache
      server:
      - Kestrel
      strict-transport-security:
      - max-age=31536000; includeSubDomains
      x-content-type-options:
      - nosniff
      x-ms-ratelimit-remaining-subscription-resource-requests:
      - '98'
    status:
      code: 201
      message: Created
- request:
    body: null
    headers:
      Accept:
      - '*/*'
      Accept-Encoding:
      - gzip, deflate
      CommandName:
      - afd rule create
      Connection:
      - keep-alive
      ParameterSetName:
      - -g --rule-set-name --profile-name --rule-name --match-processing-behavior
        --match-variable --operator --match-values --action-name --enable-caching
        --enable-compression --query-string-caching-behavior --cache-behavior --order
        --origin-group --forwarding-protocol
      User-Agent:
      - AZURECLI/2.35.0 azsdk-python-mgmt-cdn/12.0.0 Python/3.7.9 (Windows-10-10.0.19041-SP0)
    method: GET
    uri: https://management.azure.com/subscriptions/00000000-0000-0000-0000-000000000000/resourcegroups/clitest.rg000001/providers/Microsoft.Cdn/operationresults/dadc5836-36de-48a4-82bf-6f8374878569?api-version=2021-06-01
  response:
    body:
      string: '{"status":"Succeeded","error":{"code":"None","message":null}}'
    headers:
      cache-control:
      - no-cache
      content-length:
      - '61'
      content-type:
      - application/json; charset=utf-8
      date:
      - Thu, 07 Apr 2022 07:48:39 GMT
      expires:
      - '-1'
      pragma:
      - no-cache
      server:
      - Kestrel
      strict-transport-security:
      - max-age=31536000; includeSubDomains
      x-content-type-options:
      - nosniff
    status:
      code: 200
      message: OK
- request:
    body: null
    headers:
      Accept:
      - '*/*'
      Accept-Encoding:
      - gzip, deflate
      CommandName:
      - afd rule create
      Connection:
      - keep-alive
      ParameterSetName:
      - -g --rule-set-name --profile-name --rule-name --match-processing-behavior
        --match-variable --operator --match-values --action-name --enable-caching
        --enable-compression --query-string-caching-behavior --cache-behavior --order
        --origin-group --forwarding-protocol
      User-Agent:
      - AZURECLI/2.35.0 azsdk-python-mgmt-cdn/12.0.0 Python/3.7.9 (Windows-10-10.0.19041-SP0)
    method: GET
    uri: https://management.azure.com/subscriptions/00000000-0000-0000-0000-000000000000/resourceGroups/clitest.rg000001/providers/Microsoft.Cdn/profiles/profile000002/ruleSets/ruleset000003/rules/r1?api-version=2021-06-01
  response:
    body:
      string: '{"id":"/subscriptions/00000000-0000-0000-0000-000000000000/resourcegroups/clitest.rg000001/providers/Microsoft.Cdn/profiles/profile000002/rulesets/ruleset000003/rules/r1","type":"Microsoft.Cdn/profiles/rulesets/rules","name":"r1","properties":{"order":1,"conditions":[{"name":"RemoteAddress","parameters":{"typeName":"DeliveryRuleRemoteAddressConditionParameters","operator":"GeoMatch","negateCondition":false,"matchValues":["TH","US"],"transforms":[]}}],"actions":[{"name":"RouteConfigurationOverride","parameters":{"typeName":"DeliveryRuleRouteConfigurationOverrideActionParameters","cacheConfiguration":{"isCompressionEnabled":"Disabled","queryStringCachingBehavior":"UseQueryString","queryParameters":null,"cacheBehavior":"HonorOrigin","cacheDuration":null},"originGroupOverride":{"originGroup":{"id":"/subscriptions/00000000-0000-0000-0000-000000000000/resourcegroups/clitest.rg000001/providers/Microsoft.Cdn/profiles/profile000002/origingroups/og000004"},"forwardingProtocol":"MatchRequest"}}}],"matchProcessingBehavior":"Stop","provisioningState":"Succeeded","deploymentStatus":"NotStarted"}}'
    headers:
      cache-control:
      - no-cache
      content-length:
      - '1099'
      content-type:
      - application/json; charset=utf-8
      date:
      - Thu, 07 Apr 2022 07:48:40 GMT
      expires:
      - '-1'
      pragma:
      - no-cache
      server:
      - Kestrel
      strict-transport-security:
      - max-age=31536000; includeSubDomains
      x-content-type-options:
      - nosniff
    status:
      code: 200
      message: OK
- request:
    body: null
    headers:
      Accept:
      - application/json
      Accept-Encoding:
      - gzip, deflate
      CommandName:
      - afd rule show
      Connection:
      - keep-alive
      ParameterSetName:
      - -g --rule-set-name --profile-name --rule-name
      User-Agent:
      - AZURECLI/2.35.0 azsdk-python-mgmt-cdn/12.0.0 Python/3.7.9 (Windows-10-10.0.19041-SP0)
    method: GET
    uri: https://management.azure.com/subscriptions/00000000-0000-0000-0000-000000000000/resourceGroups/clitest.rg000001/providers/Microsoft.Cdn/profiles/profile000002/ruleSets/ruleset000003/rules/r1?api-version=2021-06-01
  response:
    body:
      string: '{"id":"/subscriptions/00000000-0000-0000-0000-000000000000/resourcegroups/clitest.rg000001/providers/Microsoft.Cdn/profiles/profile000002/rulesets/ruleset000003/rules/r1","type":"Microsoft.Cdn/profiles/rulesets/rules","name":"r1","properties":{"order":1,"conditions":[{"name":"RemoteAddress","parameters":{"typeName":"DeliveryRuleRemoteAddressConditionParameters","operator":"GeoMatch","negateCondition":false,"matchValues":["TH","US"],"transforms":[]}}],"actions":[{"name":"RouteConfigurationOverride","parameters":{"typeName":"DeliveryRuleRouteConfigurationOverrideActionParameters","cacheConfiguration":{"isCompressionEnabled":"Disabled","queryStringCachingBehavior":"UseQueryString","queryParameters":null,"cacheBehavior":"HonorOrigin","cacheDuration":null},"originGroupOverride":{"originGroup":{"id":"/subscriptions/00000000-0000-0000-0000-000000000000/resourcegroups/clitest.rg000001/providers/Microsoft.Cdn/profiles/profile000002/origingroups/og000004"},"forwardingProtocol":"MatchRequest"}}}],"matchProcessingBehavior":"Stop","provisioningState":"Succeeded","deploymentStatus":"NotStarted"}}'
    headers:
      cache-control:
      - no-cache
      content-length:
      - '1099'
      content-type:
      - application/json; charset=utf-8
      date:
      - Thu, 07 Apr 2022 07:48:42 GMT
      expires:
      - '-1'
      pragma:
      - no-cache
      server:
      - Kestrel
      strict-transport-security:
      - max-age=31536000; includeSubDomains
      transfer-encoding:
      - chunked
      vary:
      - Accept-Encoding
      x-content-type-options:
      - nosniff
    status:
      code: 200
      message: OK
- request:
    body: '{"properties": {"order": 2, "conditions": [{"name": "UrlFileExtension",
      "parameters": {"typeName": "DeliveryRuleUrlFileExtensionMatchConditionParameters",
      "operator": "Contains", "matchValues": ["exe", "apk"]}}], "actions": [{"name":
      "UrlRedirect", "parameters": {"typeName": "DeliveryRuleUrlRedirectActionParameters",
      "redirectType": "Moved", "destinationProtocol": "Https", "customPath": "/path1",
      "customHostname": "www.contoso.com", "customQueryString": "a=b", "customFragment":
      "fg1"}}]}}'
    headers:
      Accept:
      - application/json
      Accept-Encoding:
      - gzip, deflate
      CommandName:
      - afd rule create
      Connection:
      - keep-alive
      Content-Length:
      - '493'
      Content-Type:
      - application/json
      ParameterSetName:
      - -g --rule-set-name --profile-name --rule-name --match-variable --operator
        --match-values --action-name --redirect-protocol --redirect-type --order --custom-host
        --custom-path --custom-querystring --custom-fragment
      User-Agent:
      - AZURECLI/2.35.0 azsdk-python-mgmt-cdn/12.0.0 Python/3.7.9 (Windows-10-10.0.19041-SP0)
    method: PUT
    uri: https://management.azure.com/subscriptions/00000000-0000-0000-0000-000000000000/resourceGroups/clitest.rg000001/providers/Microsoft.Cdn/profiles/profile000002/ruleSets/ruleset000003/rules/r2?api-version=2021-06-01
  response:
    body:
      string: '{"id":"/subscriptions/00000000-0000-0000-0000-000000000000/resourcegroups/clitest.rg000001/providers/Microsoft.Cdn/profiles/profile000002/rulesets/ruleset000003/rules/r2","type":"Microsoft.Cdn/profiles/rulesets/rules","name":"r2","properties":{"order":2,"conditions":[{"name":"UrlFileExtension","parameters":{"typeName":"DeliveryRuleUrlFileExtensionMatchConditionParameters","operator":"Contains","negateCondition":false,"matchValues":["exe","apk"],"transforms":[]}}],"actions":[{"name":"UrlRedirect","parameters":{"typeName":"DeliveryRuleUrlRedirectActionParameters","redirectType":"Moved","destinationProtocol":"Https","customQueryString":"a=b","customPath":"/path1","customHostname":"www.contoso.com","customFragment":"fg1"}}],"matchProcessingBehavior":"Continue","provisioningState":"Succeeded","deploymentStatus":"NotStarted"}}'
    headers:
      cache-control:
      - no-cache
      content-length:
      - '832'
      content-type:
      - application/json; charset=utf-8
      date:
      - Thu, 07 Apr 2022 07:48:44 GMT
      expires:
      - '-1'
      pragma:
      - no-cache
      server:
      - Kestrel
      strict-transport-security:
      - max-age=31536000; includeSubDomains
      x-content-type-options:
      - nosniff
      x-ms-ratelimit-remaining-subscription-resource-requests:
      - '98'
    status:
      code: 201
      message: Created
- request:
    body: null
    headers:
      Accept:
      - application/json
      Accept-Encoding:
      - gzip, deflate
      CommandName:
      - afd rule show
      Connection:
      - keep-alive
      ParameterSetName:
      - -g --rule-set-name --profile-name --rule-name
      User-Agent:
      - AZURECLI/2.35.0 azsdk-python-mgmt-cdn/12.0.0 Python/3.7.9 (Windows-10-10.0.19041-SP0)
    method: GET
    uri: https://management.azure.com/subscriptions/00000000-0000-0000-0000-000000000000/resourceGroups/clitest.rg000001/providers/Microsoft.Cdn/profiles/profile000002/ruleSets/ruleset000003/rules/r2?api-version=2021-06-01
  response:
    body:
      string: '{"id":"/subscriptions/00000000-0000-0000-0000-000000000000/resourcegroups/clitest.rg000001/providers/Microsoft.Cdn/profiles/profile000002/rulesets/ruleset000003/rules/r2","type":"Microsoft.Cdn/profiles/rulesets/rules","name":"r2","properties":{"order":2,"conditions":[{"name":"UrlFileExtension","parameters":{"typeName":"DeliveryRuleUrlFileExtensionMatchConditionParameters","operator":"Contains","negateCondition":false,"matchValues":["exe","apk"],"transforms":[]}}],"actions":[{"name":"UrlRedirect","parameters":{"typeName":"DeliveryRuleUrlRedirectActionParameters","redirectType":"Moved","destinationProtocol":"Https","customQueryString":"a=b","customPath":"/path1","customHostname":"www.contoso.com","customFragment":"fg1"}}],"matchProcessingBehavior":"Continue","provisioningState":"Succeeded","deploymentStatus":"NotStarted"}}'
    headers:
      cache-control:
      - no-cache
      content-length:
      - '832'
      content-type:
      - application/json; charset=utf-8
      date:
      - Thu, 07 Apr 2022 07:48:45 GMT
      expires:
      - '-1'
      pragma:
      - no-cache
      server:
      - Kestrel
      strict-transport-security:
      - max-age=31536000; includeSubDomains
      transfer-encoding:
      - chunked
      vary:
      - Accept-Encoding
      x-content-type-options:
      - nosniff
    status:
      code: 200
      message: OK
- request:
    body: '{"properties": {"order": 3, "conditions": [{"name": "RequestScheme", "parameters":
      {"typeName": "DeliveryRuleRequestSchemeConditionParameters", "operator": "Equal",
      "matchValues": ["HTTP"]}}], "actions": [{"name": "UrlRewrite", "parameters":
      {"typeName": "DeliveryRuleUrlRewriteActionParameters", "sourcePattern": "/abc",
      "destination": "/def", "preserveUnmatchedPath": true}}]}}'
    headers:
      Accept:
      - application/json
      Accept-Encoding:
      - gzip, deflate
      CommandName:
      - afd rule create
      Connection:
      - keep-alive
      Content-Length:
      - '379'
      Content-Type:
      - application/json
      ParameterSetName:
      - -g --rule-set-name --profile-name --rule-name --order --match-variable --match-values
        --action-name --source-pattern --destination --preserve-unmatched-path
      User-Agent:
      - AZURECLI/2.35.0 azsdk-python-mgmt-cdn/12.0.0 Python/3.7.9 (Windows-10-10.0.19041-SP0)
    method: PUT
    uri: https://management.azure.com/subscriptions/00000000-0000-0000-0000-000000000000/resourceGroups/clitest.rg000001/providers/Microsoft.Cdn/profiles/profile000002/ruleSets/ruleset000003/rules/r3?api-version=2021-06-01
  response:
    body:
      string: '{"id":"/subscriptions/00000000-0000-0000-0000-000000000000/resourcegroups/clitest.rg000001/providers/Microsoft.Cdn/profiles/profile000002/rulesets/ruleset000003/rules/r3","type":"Microsoft.Cdn/profiles/rulesets/rules","name":"r3","properties":{"order":3,"conditions":[{"name":"RequestScheme","parameters":{"typeName":"DeliveryRuleRequestSchemeConditionParameters","matchValues":["HTTP"],"operator":"Equal","negateCondition":false,"transforms":[]}}],"actions":[{"name":"UrlRewrite","parameters":{"typeName":"DeliveryRuleUrlRewriteActionParameters","sourcePattern":"/abc","destination":"/def","preserveUnmatchedPath":true}}],"matchProcessingBehavior":"Continue","provisioningState":"Succeeded","deploymentStatus":"NotStarted"}}'
    headers:
      cache-control:
      - no-cache
      content-length:
      - '725'
      content-type:
      - application/json; charset=utf-8
      date:
      - Thu, 07 Apr 2022 07:48:48 GMT
      expires:
      - '-1'
      pragma:
      - no-cache
      server:
      - Kestrel
      strict-transport-security:
      - max-age=31536000; includeSubDomains
      x-content-type-options:
      - nosniff
      x-ms-ratelimit-remaining-subscription-resource-requests:
      - '99'
    status:
      code: 201
      message: Created
- request:
    body: null
    headers:
      Accept:
      - application/json
      Accept-Encoding:
      - gzip, deflate
      CommandName:
      - afd rule show
      Connection:
      - keep-alive
      ParameterSetName:
      - -g --rule-set-name --profile-name --rule-name
      User-Agent:
      - AZURECLI/2.35.0 azsdk-python-mgmt-cdn/12.0.0 Python/3.7.9 (Windows-10-10.0.19041-SP0)
    method: GET
    uri: https://management.azure.com/subscriptions/00000000-0000-0000-0000-000000000000/resourceGroups/clitest.rg000001/providers/Microsoft.Cdn/profiles/profile000002/ruleSets/ruleset000003/rules/r3?api-version=2021-06-01
  response:
    body:
      string: '{"id":"/subscriptions/00000000-0000-0000-0000-000000000000/resourcegroups/clitest.rg000001/providers/Microsoft.Cdn/profiles/profile000002/rulesets/ruleset000003/rules/r3","type":"Microsoft.Cdn/profiles/rulesets/rules","name":"r3","properties":{"order":3,"conditions":[{"name":"RequestScheme","parameters":{"typeName":"DeliveryRuleRequestSchemeConditionParameters","matchValues":["HTTP"],"operator":"Equal","negateCondition":false,"transforms":[]}}],"actions":[{"name":"UrlRewrite","parameters":{"typeName":"DeliveryRuleUrlRewriteActionParameters","sourcePattern":"/abc","destination":"/def","preserveUnmatchedPath":true}}],"matchProcessingBehavior":"Continue","provisioningState":"Succeeded","deploymentStatus":"NotStarted"}}'
    headers:
      cache-control:
      - no-cache
      content-length:
      - '725'
      content-type:
      - application/json; charset=utf-8
      date:
      - Thu, 07 Apr 2022 07:48:50 GMT
      expires:
      - '-1'
      pragma:
      - no-cache
      server:
      - Kestrel
      strict-transport-security:
      - max-age=31536000; includeSubDomains
      transfer-encoding:
      - chunked
      vary:
      - Accept-Encoding
      x-content-type-options:
      - nosniff
    status:
      code: 200
      message: OK
- request:
    body: '{"properties": {"order": 4, "conditions": [{"name": "ServerPort", "parameters":
      {"typeName": "DeliveryRuleServerPortConditionParameters", "operator": "Equal",
      "matchValues": ["443"]}}], "actions": [{"name": "ModifyRequestHeader", "parameters":
      {"typeName": "DeliveryRuleHeaderActionParameters", "headerAction": "Append",
      "headerName": "header1", "value": "value1"}}]}}'
    headers:
      Accept:
      - application/json
      Accept-Encoding:
      - gzip, deflate
      CommandName:
      - afd rule create
      Connection:
      - keep-alive
      Content-Length:
      - '368'
      Content-Type:
      - application/json
      ParameterSetName:
      - -g --rule-set-name --profile-name --rule-name --order --match-variable --operator
        --match-values --action-name --header-action --header-name --header-value
      User-Agent:
      - AZURECLI/2.35.0 azsdk-python-mgmt-cdn/12.0.0 Python/3.7.9 (Windows-10-10.0.19041-SP0)
    method: PUT
    uri: https://management.azure.com/subscriptions/00000000-0000-0000-0000-000000000000/resourceGroups/clitest.rg000001/providers/Microsoft.Cdn/profiles/profile000002/ruleSets/ruleset000003/rules/r4?api-version=2021-06-01
  response:
    body:
      string: '{"id":"/subscriptions/00000000-0000-0000-0000-000000000000/resourcegroups/clitest.rg000001/providers/Microsoft.Cdn/profiles/profile000002/rulesets/ruleset000003/rules/r4","type":"Microsoft.Cdn/profiles/rulesets/rules","name":"r4","properties":{"order":4,"conditions":[{"name":"ServerPort","parameters":{"typeName":"DeliveryRuleServerPortConditionParameters","operator":"Equal","negateCondition":false,"matchValues":["443"],"transforms":[]}}],"actions":[{"name":"ModifyRequestHeader","parameters":{"typeName":"DeliveryRuleHeaderActionParameters","headerAction":"Append","headerName":"header1","value":"value1"}}],"matchProcessingBehavior":"Continue","provisioningState":"Succeeded","deploymentStatus":"NotStarted"}}'
    headers:
      cache-control:
      - no-cache
      content-length:
      - '714'
      content-type:
      - application/json; charset=utf-8
      date:
      - Thu, 07 Apr 2022 07:48:52 GMT
      expires:
      - '-1'
      pragma:
      - no-cache
      server:
      - Kestrel
      strict-transport-security:
      - max-age=31536000; includeSubDomains
      x-content-type-options:
      - nosniff
      x-ms-ratelimit-remaining-subscription-resource-requests:
      - '97'
    status:
      code: 201
      message: Created
- request:
    body: null
    headers:
      Accept:
      - application/json
      Accept-Encoding:
      - gzip, deflate
      CommandName:
      - afd rule show
      Connection:
      - keep-alive
      ParameterSetName:
      - -g --rule-set-name --profile-name --rule-name
      User-Agent:
      - AZURECLI/2.35.0 azsdk-python-mgmt-cdn/12.0.0 Python/3.7.9 (Windows-10-10.0.19041-SP0)
    method: GET
    uri: https://management.azure.com/subscriptions/00000000-0000-0000-0000-000000000000/resourceGroups/clitest.rg000001/providers/Microsoft.Cdn/profiles/profile000002/ruleSets/ruleset000003/rules/r4?api-version=2021-06-01
  response:
    body:
      string: '{"id":"/subscriptions/00000000-0000-0000-0000-000000000000/resourcegroups/clitest.rg000001/providers/Microsoft.Cdn/profiles/profile000002/rulesets/ruleset000003/rules/r4","type":"Microsoft.Cdn/profiles/rulesets/rules","name":"r4","properties":{"order":4,"conditions":[{"name":"ServerPort","parameters":{"typeName":"DeliveryRuleServerPortConditionParameters","operator":"Equal","negateCondition":false,"matchValues":["443"],"transforms":[]}}],"actions":[{"name":"ModifyRequestHeader","parameters":{"typeName":"DeliveryRuleHeaderActionParameters","headerAction":"Append","headerName":"header1","value":"value1"}}],"matchProcessingBehavior":"Continue","provisioningState":"Succeeded","deploymentStatus":"NotStarted"}}'
    headers:
      cache-control:
      - no-cache
      content-length:
      - '714'
      content-type:
      - application/json; charset=utf-8
      date:
      - Thu, 07 Apr 2022 07:48:52 GMT
      expires:
      - '-1'
      pragma:
      - no-cache
      server:
      - Kestrel
      strict-transport-security:
      - max-age=31536000; includeSubDomains
      transfer-encoding:
      - chunked
      vary:
      - Accept-Encoding
      x-content-type-options:
      - nosniff
    status:
      code: 200
      message: OK
- request:
    body: '{"properties": {"order": 5, "conditions": [{"name": "ClientPort", "parameters":
      {"typeName": "DeliveryRuleClientPortConditionParameters", "operator": "Equal",
      "matchValues": ["8888"]}}], "actions": [{"name": "ModifyResponseHeader", "parameters":
      {"typeName": "DeliveryRuleHeaderActionParameters", "headerAction": "Overwrite",
      "headerName": "header1", "value": "value1"}}]}}'
    headers:
      Accept:
      - application/json
      Accept-Encoding:
      - gzip, deflate
      CommandName:
      - afd rule create
      Connection:
      - keep-alive
      Content-Length:
      - '373'
      Content-Type:
      - application/json
      ParameterSetName:
      - -g --rule-set-name --profile-name --rule-name --order --match-variable --operator
        --match-values --action-name --header-action --header-name --header-value
      User-Agent:
      - AZURECLI/2.35.0 azsdk-python-mgmt-cdn/12.0.0 Python/3.7.9 (Windows-10-10.0.19041-SP0)
    method: PUT
    uri: https://management.azure.com/subscriptions/00000000-0000-0000-0000-000000000000/resourceGroups/clitest.rg000001/providers/Microsoft.Cdn/profiles/profile000002/ruleSets/ruleset000003/rules/r5?api-version=2021-06-01
  response:
    body:
      string: '{"id":"/subscriptions/00000000-0000-0000-0000-000000000000/resourcegroups/clitest.rg000001/providers/Microsoft.Cdn/profiles/profile000002/rulesets/ruleset000003/rules/r5","type":"Microsoft.Cdn/profiles/rulesets/rules","name":"r5","properties":{"order":5,"conditions":[{"name":"ClientPort","parameters":{"typeName":"DeliveryRuleClientPortConditionParameters","operator":"Equal","negateCondition":false,"matchValues":["8888"],"transforms":[]}}],"actions":[{"name":"ModifyResponseHeader","parameters":{"typeName":"DeliveryRuleHeaderActionParameters","headerAction":"Overwrite","headerName":"header1","value":"value1"}}],"matchProcessingBehavior":"Continue","provisioningState":"Succeeded","deploymentStatus":"NotStarted"}}'
    headers:
      cache-control:
      - no-cache
      content-length:
      - '719'
      content-type:
      - application/json; charset=utf-8
      date:
      - Thu, 07 Apr 2022 07:48:54 GMT
      expires:
      - '-1'
      pragma:
      - no-cache
      server:
      - Kestrel
      strict-transport-security:
      - max-age=31536000; includeSubDomains
      x-content-type-options:
      - nosniff
      x-ms-ratelimit-remaining-subscription-resource-requests:
      - '99'
    status:
      code: 201
      message: Created
- request:
    body: null
    headers:
      Accept:
      - application/json
      Accept-Encoding:
      - gzip, deflate
      CommandName:
      - afd rule show
      Connection:
      - keep-alive
      ParameterSetName:
      - -g --rule-set-name --profile-name --rule-name
      User-Agent:
      - AZURECLI/2.35.0 azsdk-python-mgmt-cdn/12.0.0 Python/3.7.9 (Windows-10-10.0.19041-SP0)
    method: GET
    uri: https://management.azure.com/subscriptions/00000000-0000-0000-0000-000000000000/resourceGroups/clitest.rg000001/providers/Microsoft.Cdn/profiles/profile000002/ruleSets/ruleset000003/rules/r5?api-version=2021-06-01
  response:
    body:
      string: '{"id":"/subscriptions/00000000-0000-0000-0000-000000000000/resourcegroups/clitest.rg000001/providers/Microsoft.Cdn/profiles/profile000002/rulesets/ruleset000003/rules/r5","type":"Microsoft.Cdn/profiles/rulesets/rules","name":"r5","properties":{"order":5,"conditions":[{"name":"ClientPort","parameters":{"typeName":"DeliveryRuleClientPortConditionParameters","operator":"Equal","negateCondition":false,"matchValues":["8888"],"transforms":[]}}],"actions":[{"name":"ModifyResponseHeader","parameters":{"typeName":"DeliveryRuleHeaderActionParameters","headerAction":"Overwrite","headerName":"header1","value":"value1"}}],"matchProcessingBehavior":"Continue","provisioningState":"Succeeded","deploymentStatus":"NotStarted"}}'
    headers:
      cache-control:
      - no-cache
      content-length:
      - '719'
      content-type:
      - application/json; charset=utf-8
      date:
      - Thu, 07 Apr 2022 07:48:56 GMT
      expires:
      - '-1'
      pragma:
      - no-cache
      server:
      - Kestrel
      strict-transport-security:
      - max-age=31536000; includeSubDomains
      transfer-encoding:
      - chunked
      vary:
      - Accept-Encoding
      x-content-type-options:
      - nosniff
    status:
      code: 200
      message: OK
- request:
    body: null
    headers:
      Accept:
      - application/json
      Accept-Encoding:
      - gzip, deflate
      CommandName:
      - afd rule delete
      Connection:
      - keep-alive
      Content-Length:
      - '0'
      ParameterSetName:
      - -g --rule-set-name --profile-name --rule-name --yes
      User-Agent:
      - AZURECLI/2.35.0 azsdk-python-mgmt-cdn/12.0.0 Python/3.7.9 (Windows-10-10.0.19041-SP0)
    method: DELETE
    uri: https://management.azure.com/subscriptions/00000000-0000-0000-0000-000000000000/resourceGroups/clitest.rg000001/providers/Microsoft.Cdn/profiles/profile000002/ruleSets/ruleset000003/rules/r1?api-version=2021-06-01
  response:
    body:
      string: ''
    headers:
      azure-asyncoperation:
      - https://management.azure.com/subscriptions/00000000-0000-0000-0000-000000000000/resourcegroups/clitest.rg000001/providers/Microsoft.Cdn/operationresults/b48b1c7a-350b-46b0-99a3-224fdce6cb7e?api-version=2021-06-01
      cache-control:
      - no-cache
      content-length:
      - '0'
      date:
      - Thu, 07 Apr 2022 07:48:59 GMT
      expires:
      - '-1'
      location:
      - https://management.azure.com/subscriptions/00000000-0000-0000-0000-000000000000/resourcegroups/clitest.rg000001/providers/Microsoft.Cdn/operationresults/b48b1c7a-350b-46b0-99a3-224fdce6cb7e/profileresults/profile000002/rulesetresults/ruleset000003/ruleresults/r1?api-version=2021-06-01
      pragma:
      - no-cache
      server:
      - Kestrel
      strict-transport-security:
      - max-age=31536000; includeSubDomains
      x-content-type-options:
      - nosniff
      x-ms-ratelimit-remaining-subscription-deletes:
      - '14999'
    status:
      code: 202
      message: Accepted
- request:
    body: null
    headers:
      Accept:
      - '*/*'
      Accept-Encoding:
      - gzip, deflate
      CommandName:
      - afd rule delete
      Connection:
      - keep-alive
      ParameterSetName:
      - -g --rule-set-name --profile-name --rule-name --yes
      User-Agent:
      - AZURECLI/2.35.0 azsdk-python-mgmt-cdn/12.0.0 Python/3.7.9 (Windows-10-10.0.19041-SP0)
    method: GET
    uri: https://management.azure.com/subscriptions/00000000-0000-0000-0000-000000000000/resourcegroups/clitest.rg000001/providers/Microsoft.Cdn/operationresults/b48b1c7a-350b-46b0-99a3-224fdce6cb7e?api-version=2021-06-01
  response:
    body:
      string: '{"status":"Succeeded","error":{"code":"None","message":null}}'
    headers:
      cache-control:
      - no-cache
      content-length:
      - '61'
      content-type:
      - application/json; charset=utf-8
      date:
      - Thu, 07 Apr 2022 07:49:10 GMT
      expires:
      - '-1'
      pragma:
      - no-cache
      server:
      - Kestrel
      strict-transport-security:
      - max-age=31536000; includeSubDomains
      transfer-encoding:
      - chunked
      vary:
      - Accept-Encoding
      x-content-type-options:
      - nosniff
    status:
      code: 200
      message: OK
- request:
    body: null
    headers:
      Accept:
      - application/json
      Accept-Encoding:
      - gzip, deflate
      CommandName:
      - afd rule delete
      Connection:
      - keep-alive
      Content-Length:
      - '0'
      ParameterSetName:
      - -g --rule-set-name --profile-name --rule-name --yes
      User-Agent:
      - AZURECLI/2.35.0 azsdk-python-mgmt-cdn/12.0.0 Python/3.7.9 (Windows-10-10.0.19041-SP0)
    method: DELETE
    uri: https://management.azure.com/subscriptions/00000000-0000-0000-0000-000000000000/resourceGroups/clitest.rg000001/providers/Microsoft.Cdn/profiles/profile000002/ruleSets/ruleset000003/rules/r2?api-version=2021-06-01
  response:
    body:
      string: ''
    headers:
      cache-control:
      - no-cache
      content-length:
      - '0'
      date:
      - Thu, 07 Apr 2022 07:49:11 GMT
      expires:
      - '-1'
      pragma:
      - no-cache
      server:
      - Kestrel
      strict-transport-security:
      - max-age=31536000; includeSubDomains
      x-content-type-options:
      - nosniff
      x-ms-ratelimit-remaining-subscription-deletes:
      - '14997'
    status:
      code: 200
      message: OK
- request:
    body: null
    headers:
      Accept:
      - application/json
      Accept-Encoding:
      - gzip, deflate
      CommandName:
      - afd rule delete
      Connection:
      - keep-alive
      Content-Length:
      - '0'
      ParameterSetName:
      - -g --rule-set-name --profile-name --rule-name --yes
      User-Agent:
      - AZURECLI/2.35.0 azsdk-python-mgmt-cdn/12.0.0 Python/3.7.9 (Windows-10-10.0.19041-SP0)
    method: DELETE
    uri: https://management.azure.com/subscriptions/00000000-0000-0000-0000-000000000000/resourceGroups/clitest.rg000001/providers/Microsoft.Cdn/profiles/profile000002/ruleSets/ruleset000003/rules/r3?api-version=2021-06-01
  response:
    body:
      string: ''
    headers:
      cache-control:
      - no-cache
      content-length:
      - '0'
      date:
      - Thu, 07 Apr 2022 07:49:14 GMT
      expires:
      - '-1'
      pragma:
      - no-cache
      server:
      - Kestrel
      strict-transport-security:
      - max-age=31536000; includeSubDomains
      x-content-type-options:
      - nosniff
      x-ms-ratelimit-remaining-subscription-deletes:
      - '14998'
    status:
      code: 200
      message: OK
- request:
    body: null
    headers:
      Accept:
      - application/json
      Accept-Encoding:
      - gzip, deflate
      CommandName:
      - afd rule delete
      Connection:
      - keep-alive
      Content-Length:
      - '0'
      ParameterSetName:
      - -g --rule-set-name --profile-name --rule-name --yes
      User-Agent:
      - AZURECLI/2.35.0 azsdk-python-mgmt-cdn/12.0.0 Python/3.7.9 (Windows-10-10.0.19041-SP0)
    method: DELETE
    uri: https://management.azure.com/subscriptions/00000000-0000-0000-0000-000000000000/resourceGroups/clitest.rg000001/providers/Microsoft.Cdn/profiles/profile000002/ruleSets/ruleset000003/rules/r4?api-version=2021-06-01
  response:
    body:
      string: ''
    headers:
      cache-control:
      - no-cache
      content-length:
      - '0'
      date:
      - Thu, 07 Apr 2022 07:49:16 GMT
      expires:
      - '-1'
      pragma:
      - no-cache
      server:
      - Kestrel
      strict-transport-security:
      - max-age=31536000; includeSubDomains
      x-content-type-options:
      - nosniff
      x-ms-ratelimit-remaining-subscription-deletes:
      - '14999'
    status:
      code: 200
      message: OK
- request:
    body: null
    headers:
      Accept:
      - application/json
      Accept-Encoding:
      - gzip, deflate
      CommandName:
      - afd rule delete
      Connection:
      - keep-alive
      Content-Length:
      - '0'
      ParameterSetName:
      - -g --rule-set-name --profile-name --rule-name --yes
      User-Agent:
      - AZURECLI/2.35.0 azsdk-python-mgmt-cdn/12.0.0 Python/3.7.9 (Windows-10-10.0.19041-SP0)
    method: DELETE
    uri: https://management.azure.com/subscriptions/00000000-0000-0000-0000-000000000000/resourceGroups/clitest.rg000001/providers/Microsoft.Cdn/profiles/profile000002/ruleSets/ruleset000003/rules/r5?api-version=2021-06-01
  response:
    body:
      string: ''
    headers:
      cache-control:
      - no-cache
      content-length:
      - '0'
      date:
      - Thu, 07 Apr 2022 07:49:17 GMT
      expires:
      - '-1'
      pragma:
      - no-cache
      server:
      - Kestrel
      strict-transport-security:
      - max-age=31536000; includeSubDomains
      x-content-type-options:
      - nosniff
      x-ms-ratelimit-remaining-subscription-deletes:
      - '14999'
    status:
      code: 200
      message: OK
- request:
    body: null
    headers:
      Accept:
      - application/json
      Accept-Encoding:
      - gzip, deflate
      CommandName:
      - afd rule-set delete
      Connection:
      - keep-alive
      Content-Length:
      - '0'
      ParameterSetName:
      - -g --rule-set-name --profile-name --yes
      User-Agent:
      - AZURECLI/2.35.0 azsdk-python-mgmt-cdn/12.0.0 Python/3.7.9 (Windows-10-10.0.19041-SP0)
    method: DELETE
    uri: https://management.azure.com/subscriptions/00000000-0000-0000-0000-000000000000/resourceGroups/clitest.rg000001/providers/Microsoft.Cdn/profiles/profile000002/ruleSets/ruleset000003?api-version=2021-06-01
  response:
    body:
      string: ''
    headers:
      cache-control:
      - no-cache
      content-length:
      - '0'
      date:
      - Thu, 07 Apr 2022 07:49:19 GMT
      expires:
      - '-1'
      pragma:
      - no-cache
      server:
      - Kestrel
      strict-transport-security:
      - max-age=31536000; includeSubDomains
      x-content-type-options:
      - nosniff
      x-ms-ratelimit-remaining-subscription-deletes:
      - '14999'
    status:
      code: 200
      message: OK
version: 1
