interactions:
- request:
    body: '{"location": "global", "sku": {"name": "Premium_AzureFrontDoor"}}'
    headers:
      Accept:
      - application/json
      Accept-Encoding:
      - gzip, deflate
      CommandName:
      - afd profile create
      Connection:
      - keep-alive
      Content-Length:
      - '65'
      Content-Type:
      - application/json; charset=utf-8
      ParameterSetName:
      - -g --profile-name --sku
      User-Agent:
      - python/3.7.9 (Windows-10-10.0.19041-SP0) msrest/0.6.18 msrest_azure/0.6.3
        azure-mgmt-cdn/7.0.0 Azure-SDK-For-Python AZURECLI/2.19.1
      accept-language:
      - en-US
    method: PUT
    uri: https://management.azure.com/subscriptions/00000000-0000-0000-0000-000000000000/resourceGroups/clitest.rg000001/providers/Microsoft.Cdn/profiles/profile123?api-version=2020-09-01
  response:
    body:
      string: '{"id":"/subscriptions/00000000-0000-0000-0000-000000000000/resourcegroups/clitest.rg000001/providers/Microsoft.Cdn/profiles/profile123","type":"Microsoft.Cdn/profiles","name":"profile123","location":"Global","kind":"frontdoor","tags":{},"sku":{"name":"Premium_AzureFrontDoor"},"properties":{"frontDoorId":"c0ec0c99-f5b2-4940-849b-d156eb392f32","resourceState":"Creating","provisioningState":"Creating"}}'
    headers:
      azure-asyncoperation:
      - https://management.azure.com/subscriptions/00000000-0000-0000-0000-000000000000/resourcegroups/clitest.rg000001/providers/Microsoft.Cdn/operationresults/f0de1147-11ff-4d5c-a538-a0256caff7eb?api-version=2020-09-01
      cache-control:
      - no-cache
      content-length:
      - '462'
      content-type:
      - application/json; charset=utf-8
      date:
      - Fri, 19 Feb 2021 11:46:43 GMT
      expires:
      - '-1'
      pragma:
      - no-cache
      server:
      - Kestrel
      strict-transport-security:
      - max-age=31536000; includeSubDomains
      x-content-type-options:
      - nosniff
      x-ms-ratelimit-remaining-subscription-resource-requests:
      - '22'
    status:
      code: 201
      message: Created
- request:
    body: null
    headers:
      Accept:
      - application/json
      Accept-Encoding:
      - gzip, deflate
      CommandName:
      - afd profile create
      Connection:
      - keep-alive
      ParameterSetName:
      - -g --profile-name --sku
      User-Agent:
      - python/3.7.9 (Windows-10-10.0.19041-SP0) msrest/0.6.18 msrest_azure/0.6.3
        azure-mgmt-cdn/7.0.0 Azure-SDK-For-Python AZURECLI/2.19.1
    method: GET
    uri: https://management.azure.com/subscriptions/00000000-0000-0000-0000-000000000000/resourcegroups/clitest.rg000001/providers/Microsoft.Cdn/operationresults/f0de1147-11ff-4d5c-a538-a0256caff7eb?api-version=2020-09-01
  response:
    body:
      string: '{"status":"InProgress","error":{"code":"None","message":null}}'
    headers:
      cache-control:
      - no-cache
      content-length:
      - '62'
      content-type:
      - application/json; charset=utf-8
      date:
      - Fri, 19 Feb 2021 11:46:53 GMT
      expires:
      - '-1'
      pragma:
      - no-cache
      server:
      - Kestrel
      strict-transport-security:
      - max-age=31536000; includeSubDomains
      transfer-encoding:
      - chunked
      vary:
      - Accept-Encoding
      x-content-type-options:
      - nosniff
    status:
      code: 200
      message: OK
- request:
    body: null
    headers:
      Accept:
      - application/json
      Accept-Encoding:
      - gzip, deflate
      CommandName:
      - afd profile create
      Connection:
      - keep-alive
      ParameterSetName:
      - -g --profile-name --sku
      User-Agent:
      - python/3.7.9 (Windows-10-10.0.19041-SP0) msrest/0.6.18 msrest_azure/0.6.3
        azure-mgmt-cdn/7.0.0 Azure-SDK-For-Python AZURECLI/2.19.1
    method: GET
    uri: https://management.azure.com/subscriptions/00000000-0000-0000-0000-000000000000/resourcegroups/clitest.rg000001/providers/Microsoft.Cdn/operationresults/f0de1147-11ff-4d5c-a538-a0256caff7eb?api-version=2020-09-01
  response:
    body:
      string: '{"status":"Succeeded","error":{"code":"None","message":null}}'
    headers:
      cache-control:
      - no-cache
      content-length:
      - '61'
      content-type:
      - application/json; charset=utf-8
      date:
      - Fri, 19 Feb 2021 11:47:23 GMT
      expires:
      - '-1'
      pragma:
      - no-cache
      server:
      - Kestrel
      strict-transport-security:
      - max-age=31536000; includeSubDomains
      transfer-encoding:
      - chunked
      vary:
      - Accept-Encoding
      x-content-type-options:
      - nosniff
    status:
      code: 200
      message: OK
- request:
    body: null
    headers:
      Accept:
      - application/json
      Accept-Encoding:
      - gzip, deflate
      CommandName:
      - afd profile create
      Connection:
      - keep-alive
      ParameterSetName:
      - -g --profile-name --sku
      User-Agent:
      - python/3.7.9 (Windows-10-10.0.19041-SP0) msrest/0.6.18 msrest_azure/0.6.3
        azure-mgmt-cdn/7.0.0 Azure-SDK-For-Python AZURECLI/2.19.1
    method: GET
    uri: https://management.azure.com/subscriptions/00000000-0000-0000-0000-000000000000/resourceGroups/clitest.rg000001/providers/Microsoft.Cdn/profiles/profile123?api-version=2020-09-01
  response:
    body:
      string: '{"id":"/subscriptions/00000000-0000-0000-0000-000000000000/resourcegroups/clitest.rg000001/providers/Microsoft.Cdn/profiles/profile123","type":"Microsoft.Cdn/profiles","name":"profile123","location":"Global","kind":"frontdoor","tags":{},"sku":{"name":"Premium_AzureFrontDoor"},"properties":{"frontDoorId":"c0ec0c99-f5b2-4940-849b-d156eb392f32","resourceState":"Active","provisioningState":"Succeeded"}}'
    headers:
      cache-control:
      - no-cache
      content-length:
      - '461'
      content-type:
      - application/json; charset=utf-8
      date:
      - Fri, 19 Feb 2021 11:47:24 GMT
      expires:
      - '-1'
      pragma:
      - no-cache
      server:
      - Kestrel
      strict-transport-security:
      - max-age=31536000; includeSubDomains
      transfer-encoding:
      - chunked
      vary:
      - Accept-Encoding
      x-content-type-options:
      - nosniff
      x-ms-ratelimit-remaining-subscription-resource-requests:
      - '49'
    status:
      code: 200
      message: OK
- request:
    body: '{"location": "global", "properties": {"originResponseTimeoutSeconds": 100,
      "enabledState": "Enabled"}}'
    headers:
      Accept:
      - application/json
      Accept-Encoding:
      - gzip, deflate
      CommandName:
      - afd endpoint create
      Connection:
      - keep-alive
      Content-Length:
      - '102'
      Content-Type:
      - application/json; charset=utf-8
      ParameterSetName:
      - -g --endpoint-name --profile-name --origin-response-timeout-seconds --enabled-state
      User-Agent:
      - python/3.7.9 (Windows-10-10.0.19041-SP0) msrest/0.6.18 msrest_azure/0.6.3
        azure-mgmt-cdn/7.0.0 Azure-SDK-For-Python AZURECLI/2.19.1
      accept-language:
      - en-US
    method: PUT
    uri: https://management.azure.com/subscriptions/00000000-0000-0000-0000-000000000000/resourceGroups/clitest.rg000001/providers/Microsoft.Cdn/profiles/profile123/afdEndpoints/endpoint000002?api-version=2020-09-01
  response:
    body:
      string: '{"id":"/subscriptions/00000000-0000-0000-0000-000000000000/resourcegroups/clitest.rg000001/providers/Microsoft.Cdn/profiles/profile123/afdEndpoints/endpoint000002","type":"Microsoft.Cdn/profiles/afdendpoints","name":"endpoint000002","location":"Global","tags":{},"properties":{"hostName":"endpoint000002.z01.azurefd.net","originResponseTimeoutSeconds":100,"enabledState":"Enabled","provisioningState":"Creating","deploymentStatus":"NotStarted"}}'
    headers:
      azure-asyncoperation:
      - https://management.azure.com/subscriptions/00000000-0000-0000-0000-000000000000/resourcegroups/clitest.rg000001/providers/Microsoft.Cdn/operationresults/66406a53-0017-43ee-969b-66d9fde58e6f?api-version=2020-09-01
      cache-control:
      - no-cache
      content-length:
      - '534'
      content-type:
      - application/json; charset=utf-8
      date:
      - Fri, 19 Feb 2021 11:47:31 GMT
      expires:
      - '-1'
      pragma:
      - no-cache
      server:
      - Kestrel
      strict-transport-security:
      - max-age=31536000; includeSubDomains
      x-content-type-options:
      - nosniff
      x-ms-ratelimit-remaining-subscription-resource-requests:
      - '98'
    status:
      code: 201
      message: Created
- request:
    body: null
    headers:
      Accept:
      - application/json
      Accept-Encoding:
      - gzip, deflate
      CommandName:
      - afd endpoint create
      Connection:
      - keep-alive
      ParameterSetName:
      - -g --endpoint-name --profile-name --origin-response-timeout-seconds --enabled-state
      User-Agent:
      - python/3.7.9 (Windows-10-10.0.19041-SP0) msrest/0.6.18 msrest_azure/0.6.3
        azure-mgmt-cdn/7.0.0 Azure-SDK-For-Python AZURECLI/2.19.1
    method: GET
    uri: https://management.azure.com/subscriptions/00000000-0000-0000-0000-000000000000/resourcegroups/clitest.rg000001/providers/Microsoft.Cdn/operationresults/66406a53-0017-43ee-969b-66d9fde58e6f?api-version=2020-09-01
  response:
    body:
      string: '{"status":"Succeeded","error":{"code":"None","message":null}}'
    headers:
      cache-control:
      - no-cache
      content-length:
      - '61'
      content-type:
      - application/json; charset=utf-8
      date:
      - Fri, 19 Feb 2021 11:47:42 GMT
      expires:
      - '-1'
      pragma:
      - no-cache
      server:
      - Kestrel
      strict-transport-security:
      - max-age=31536000; includeSubDomains
      transfer-encoding:
      - chunked
      vary:
      - Accept-Encoding
      x-content-type-options:
      - nosniff
    status:
      code: 200
      message: OK
- request:
    body: null
    headers:
      Accept:
      - application/json
      Accept-Encoding:
      - gzip, deflate
      CommandName:
      - afd endpoint create
      Connection:
      - keep-alive
      ParameterSetName:
      - -g --endpoint-name --profile-name --origin-response-timeout-seconds --enabled-state
      User-Agent:
      - python/3.7.9 (Windows-10-10.0.19041-SP0) msrest/0.6.18 msrest_azure/0.6.3
        azure-mgmt-cdn/7.0.0 Azure-SDK-For-Python AZURECLI/2.19.1
    method: GET
    uri: https://management.azure.com/subscriptions/00000000-0000-0000-0000-000000000000/resourceGroups/clitest.rg000001/providers/Microsoft.Cdn/profiles/profile123/afdEndpoints/endpoint000002?api-version=2020-09-01
  response:
    body:
      string: '{"id":"/subscriptions/00000000-0000-0000-0000-000000000000/resourcegroups/clitest.rg000001/providers/Microsoft.Cdn/profiles/profile123/afdEndpoints/endpoint000002","type":"Microsoft.Cdn/profiles/afdendpoints","name":"endpoint000002","location":"Global","tags":{},"properties":{"hostName":"endpoint000002.z01.azurefd.net","originResponseTimeoutSeconds":100,"enabledState":"Enabled","provisioningState":"Succeeded","deploymentStatus":"NotStarted"}}'
    headers:
      cache-control:
      - no-cache
      content-length:
      - '535'
      content-type:
      - application/json; charset=utf-8
      date:
      - Fri, 19 Feb 2021 11:47:42 GMT
      expires:
      - '-1'
      pragma:
      - no-cache
      server:
      - Kestrel
      strict-transport-security:
      - max-age=31536000; includeSubDomains
      transfer-encoding:
      - chunked
      vary:
      - Accept-Encoding
      x-content-type-options:
      - nosniff
      x-ms-ratelimit-remaining-subscription-resource-requests:
      - '49'
    status:
      code: 200
      message: OK
- request:
    body: null
    headers:
      Accept:
      - application/json
      Accept-Encoding:
      - gzip, deflate
      CommandName:
      - afd waf-log-analytic metric list
      Connection:
      - keep-alive
      ParameterSetName:
      - -g --profile-name --metrics --date-time-begin --date-time-end --granularity
        --rule-types
      User-Agent:
      - python/3.7.9 (Windows-10-10.0.19041-SP0) msrest/0.6.18 msrest_azure/0.6.3
        azure-mgmt-cdn/7.0.0 Azure-SDK-For-Python AZURECLI/2.19.1
      accept-language:
      - en-US
    method: GET
    uri: https://management.azure.com/subscriptions/00000000-0000-0000-0000-000000000000/resourceGroups/clitest.rg000001/providers/Microsoft.Cdn/profiles/profile123/getWafLogAnalyticsMetrics?api-version=2020-09-01&metrics=clientRequestCount&dateTimeBegin=2021-02-19T11%3A47%3A45.000Z&dateTimeEnd=2021-02-19T11%3A52%3A45.000Z&granularity=PT5M&ruleTypes=managed
  response:
    body:
      string: '{"dateTimeBegin":"2021-02-19T11:47:45+00:00","dateTimeEnd":"2021-02-19T11:52:45+00:00","granularity":"PT5M","series":[{"metric":"clientRequestCount","unit":"count","groups":null,"data":[]}]}'
    headers:
      cache-control:
      - no-cache
      content-length:
      - '190'
      content-type:
      - application/json; charset=utf-8
      date:
      - Fri, 19 Feb 2021 11:47:45 GMT
      expires:
      - '-1'
      pragma:
      - no-cache
      server:
      - Kestrel
      strict-transport-security:
      - max-age=31536000; includeSubDomains
      transfer-encoding:
      - chunked
      vary:
      - Accept-Encoding
      x-content-type-options:
      - nosniff
    status:
      code: 200
      message: OK
- request:
    body: null
    headers:
      Accept:
      - application/json
      Accept-Encoding:
      - gzip, deflate
      CommandName:
      - afd waf-log-analytic ranking list
      Connection:
      - keep-alive
      ParameterSetName:
      - -g --profile-name --metrics --date-time-begin --date-time-end --rankings --max-ranking
      User-Agent:
      - python/3.7.9 (Windows-10-10.0.19041-SP0) msrest/0.6.18 msrest_azure/0.6.3
        azure-mgmt-cdn/7.0.0 Azure-SDK-For-Python AZURECLI/2.19.1
      accept-language:
      - en-US
    method: GET
    uri: https://management.azure.com/subscriptions/00000000-0000-0000-0000-000000000000/resourceGroups/clitest.rg000001/providers/Microsoft.Cdn/profiles/profile123/getWafLogAnalyticsRankings?api-version=2020-09-01&metrics=clientRequestCount&dateTimeBegin=2021-02-19T11%3A47%3A45.000Z&dateTimeEnd=2021-02-19T11%3A52%3A45.000Z&maxRanking=10&rankings=action
  response:
    body:
      string: '{"dateTimeBegin":"2021-02-19T11:47:45+00:00","dateTimeEnd":"2021-02-19T11:52:45+00:00","groups":["action"],"data":[]}'
    headers:
      cache-control:
      - no-cache
      content-length:
      - '117'
      content-type:
      - application/json; charset=utf-8
      date:
      - Fri, 19 Feb 2021 11:47:46 GMT
      expires:
      - '-1'
      pragma:
      - no-cache
      server:
      - Kestrel
      strict-transport-security:
      - max-age=31536000; includeSubDomains
      transfer-encoding:
      - chunked
      vary:
      - Accept-Encoding
      x-content-type-options:
      - nosniff
    status:
      code: 200
      message: OK
- request:
    body: null
    headers:
      Accept:
      - application/json
      Accept-Encoding:
      - gzip, deflate
      CommandName:
      - afd endpoint delete
      Connection:
      - keep-alive
      Content-Length:
      - '0'
      ParameterSetName:
      - -g --endpoint-name --profile-name --yes
      User-Agent:
      - python/3.7.9 (Windows-10-10.0.19041-SP0) msrest/0.6.18 msrest_azure/0.6.3
        azure-mgmt-cdn/7.0.0 Azure-SDK-For-Python AZURECLI/2.19.1
      accept-language:
      - en-US
    method: DELETE
    uri: https://management.azure.com/subscriptions/00000000-0000-0000-0000-000000000000/resourceGroups/clitest.rg000001/providers/Microsoft.Cdn/profiles/profile123/afdEndpoints/endpoint000002?api-version=2020-09-01
  response:
    body:
      string: ''
    headers:
      azure-asyncoperation:
      - https://management.azure.com/subscriptions/00000000-0000-0000-0000-000000000000/resourcegroups/clitest.rg000001/providers/Microsoft.Cdn/operationresults/113ea68c-4da6-4239-a53e-68ee5251def7?api-version=2020-09-01
      cache-control:
      - no-cache
      content-length:
      - '0'
      date:
      - Fri, 19 Feb 2021 11:47:48 GMT
      expires:
      - '-1'
      location:
      - https://management.azure.com/subscriptions/00000000-0000-0000-0000-000000000000/resourcegroups/clitest.rg000001/providers/Microsoft.Cdn/operationresults/113ea68c-4da6-4239-a53e-68ee5251def7/profileresults/profile123/afdendpointresults/endpoint000002?api-version=2020-09-01
      pragma:
      - no-cache
      server:
      - Kestrel
      strict-transport-security:
      - max-age=31536000; includeSubDomains
      x-content-type-options:
      - nosniff
      x-ms-ratelimit-remaining-subscription-deletes:
      - '14998'
    status:
      code: 202
      message: Accepted
- request:
    body: null
    headers:
      Accept:
      - application/json
      Accept-Encoding:
      - gzip, deflate
      CommandName:
      - afd endpoint delete
      Connection:
      - keep-alive
      ParameterSetName:
      - -g --endpoint-name --profile-name --yes
      User-Agent:
      - python/3.7.9 (Windows-10-10.0.19041-SP0) msrest/0.6.18 msrest_azure/0.6.3
        azure-mgmt-cdn/7.0.0 Azure-SDK-For-Python AZURECLI/2.19.1
    method: GET
    uri: https://management.azure.com/subscriptions/00000000-0000-0000-0000-000000000000/resourcegroups/clitest.rg000001/providers/Microsoft.Cdn/operationresults/113ea68c-4da6-4239-a53e-68ee5251def7?api-version=2020-09-01
  response:
    body:
      string: '{"status":"Succeeded","error":{"code":"None","message":null}}'
    headers:
      cache-control:
      - no-cache
      content-length:
      - '61'
      content-type:
      - application/json; charset=utf-8
      date:
      - Fri, 19 Feb 2021 11:47:59 GMT
      expires:
      - '-1'
      pragma:
      - no-cache
      server:
      - Kestrel
      strict-transport-security:
      - max-age=31536000; includeSubDomains
      transfer-encoding:
      - chunked
      vary:
      - Accept-Encoding
      x-content-type-options:
      - nosniff
    status:
      code: 200
      message: OK
version: 1
