interactions:
- request:
    body: null
    headers:
      Accept:
      - application/json
      Accept-Encoding:
      - gzip, deflate
      CommandName:
      - cdn profile create
      Connection:
      - keep-alive
      ParameterSetName:
      - -g -n --sku
      User-Agent:
      - AZURECLI/2.44.1 azsdk-python-azure-mgmt-resource/22.0.0 Python/3.10.9 (Linux-5.15.0-1031-azure-x86_64-with-glibc2.31)
        VSTS_7b238909-6802-4b65-b90d-184bca47f458_build_220_0
    method: GET
    uri: https://management.azure.com/subscriptions/00000000-0000-0000-0000-000000000000/resourcegroups/clitest.rg000001?api-version=2022-09-01
  response:
    body:
      string: '{"id":"/subscriptions/00000000-0000-0000-0000-000000000000/resourceGroups/clitest.rg000001","name":"clitest.rg000001","type":"Microsoft.Resources/resourceGroups","location":"westus","tags":{"product":"azurecli","cause":"automation","date":"2023-01-30T07:50:59Z"},"properties":{"provisioningState":"Succeeded"}}'
    headers:
      cache-control:
      - no-cache
      content-length:
      - '310'
      content-type:
      - application/json; charset=utf-8
      date:
      - Mon, 30 Jan 2023 07:51:00 GMT
      expires:
      - '-1'
      pragma:
      - no-cache
      strict-transport-security:
      - max-age=31536000; includeSubDomains
      vary:
      - Accept-Encoding
      x-content-type-options:
      - nosniff
    status:
      code: 200
      message: OK
- request:
    body: '{"location": "westus", "sku": {"name": "Standard_Verizon"}}'
    headers:
      Accept:
      - application/json
      Accept-Encoding:
      - gzip, deflate
      CommandName:
      - cdn profile create
      Connection:
      - keep-alive
      Content-Length:
      - '59'
      Content-Type:
      - application/json
      ParameterSetName:
      - -g -n --sku
      User-Agent:
      - AZURECLI/2.44.1 azsdk-python-mgmt-cdn/12.0.0 Python/3.10.9 (Linux-5.15.0-1031-azure-x86_64-with-glibc2.31)
        VSTS_7b238909-6802-4b65-b90d-184bca47f458_build_220_0
    method: PUT
    uri: https://management.azure.com/subscriptions/00000000-0000-0000-0000-000000000000/resourceGroups/clitest.rg000001/providers/Microsoft.Cdn/profiles/akp000002?api-version=2021-06-01
  response:
    body:
      string: '{"id":"/subscriptions/00000000-0000-0000-0000-000000000000/resourcegroups/clitest.rg000001/providers/Microsoft.Cdn/profiles/akp000002","type":"Microsoft.Cdn/profiles","name":"akp000002","location":"WestUs","kind":"cdn","tags":{},"sku":{"name":"Standard_Verizon"},"properties":{"resourceState":"Creating","provisioningState":"Creating"}}'
    headers:
      azure-asyncoperation:
      - https://management.azure.com/subscriptions/00000000-0000-0000-0000-000000000000/resourcegroups/clitest.rg000001/providers/Microsoft.Cdn/operationresults/64a11379-4c9e-4cec-b654-803ffa61e6a5?api-version=2021-06-01
      cache-control:
      - no-cache
      content-length:
      - '336'
      content-type:
      - application/json; charset=utf-8
      date:
      - Mon, 30 Jan 2023 07:51:09 GMT
      expires:
      - '-1'
      pragma:
      - no-cache
      server:
      - Kestrel
      strict-transport-security:
      - max-age=31536000; includeSubDomains
      x-content-type-options:
      - nosniff
      x-ms-ratelimit-remaining-subscription-resource-requests:
      - '24'
    status:
      code: 201
      message: Created
- request:
    body: null
    headers:
      Accept:
      - '*/*'
      Accept-Encoding:
      - gzip, deflate
      CommandName:
      - cdn profile create
      Connection:
      - keep-alive
      ParameterSetName:
      - -g -n --sku
      User-Agent:
      - AZURECLI/2.44.1 azsdk-python-mgmt-cdn/12.0.0 Python/3.10.9 (Linux-5.15.0-1031-azure-x86_64-with-glibc2.31)
        VSTS_7b238909-6802-4b65-b90d-184bca47f458_build_220_0
    method: GET
    uri: https://management.azure.com/subscriptions/00000000-0000-0000-0000-000000000000/resourcegroups/clitest.rg000001/providers/Microsoft.Cdn/operationresults/64a11379-4c9e-4cec-b654-803ffa61e6a5?api-version=2021-06-01
  response:
    body:
      string: '{"status":"InProgress","error":{"code":"None","message":null}}'
    headers:
      cache-control:
      - no-cache
      content-length:
      - '62'
      content-type:
      - application/json; charset=utf-8
      date:
      - Mon, 30 Jan 2023 07:51:21 GMT
      expires:
      - '-1'
      pragma:
      - no-cache
      server:
      - Kestrel
      strict-transport-security:
      - max-age=31536000; includeSubDomains
      x-content-type-options:
      - nosniff
    status:
      code: 200
      message: OK
- request:
    body: null
    headers:
      Accept:
      - '*/*'
      Accept-Encoding:
      - gzip, deflate
      CommandName:
      - cdn profile create
      Connection:
      - keep-alive
      ParameterSetName:
      - -g -n --sku
      User-Agent:
      - AZURECLI/2.44.1 azsdk-python-mgmt-cdn/12.0.0 Python/3.10.9 (Linux-5.15.0-1031-azure-x86_64-with-glibc2.31)
        VSTS_7b238909-6802-4b65-b90d-184bca47f458_build_220_0
    method: GET
    uri: https://management.azure.com/subscriptions/00000000-0000-0000-0000-000000000000/resourcegroups/clitest.rg000001/providers/Microsoft.Cdn/operationresults/64a11379-4c9e-4cec-b654-803ffa61e6a5?api-version=2021-06-01
  response:
    body:
      string: '{"status":"InProgress","error":{"code":"None","message":null}}'
    headers:
      cache-control:
      - no-cache
      content-length:
      - '62'
      content-type:
      - application/json; charset=utf-8
      date:
      - Mon, 30 Jan 2023 07:51:52 GMT
      expires:
      - '-1'
      pragma:
      - no-cache
      server:
      - Kestrel
      strict-transport-security:
      - max-age=31536000; includeSubDomains
      x-content-type-options:
      - nosniff
    status:
      code: 200
      message: OK
- request:
    body: null
    headers:
      Accept:
      - '*/*'
      Accept-Encoding:
      - gzip, deflate
      CommandName:
      - cdn profile create
      Connection:
      - keep-alive
      ParameterSetName:
      - -g -n --sku
      User-Agent:
      - AZURECLI/2.44.1 azsdk-python-mgmt-cdn/12.0.0 Python/3.10.9 (Linux-5.15.0-1031-azure-x86_64-with-glibc2.31)
        VSTS_7b238909-6802-4b65-b90d-184bca47f458_build_220_0
    method: GET
    uri: https://management.azure.com/subscriptions/00000000-0000-0000-0000-000000000000/resourcegroups/clitest.rg000001/providers/Microsoft.Cdn/operationresults/64a11379-4c9e-4cec-b654-803ffa61e6a5?api-version=2021-06-01
  response:
    body:
      string: '{"status":"Succeeded","error":{"code":"None","message":null}}'
    headers:
      cache-control:
      - no-cache
      content-length:
      - '61'
      content-type:
      - application/json; charset=utf-8
      date:
      - Mon, 30 Jan 2023 07:52:22 GMT
      expires:
      - '-1'
      pragma:
      - no-cache
      server:
      - Kestrel
      strict-transport-security:
      - max-age=31536000; includeSubDomains
      x-content-type-options:
      - nosniff
    status:
      code: 200
      message: OK
- request:
    body: null
    headers:
      Accept:
      - '*/*'
      Accept-Encoding:
      - gzip, deflate
      CommandName:
      - cdn profile create
      Connection:
      - keep-alive
      ParameterSetName:
      - -g -n --sku
      User-Agent:
      - AZURECLI/2.44.1 azsdk-python-mgmt-cdn/12.0.0 Python/3.10.9 (Linux-5.15.0-1031-azure-x86_64-with-glibc2.31)
        VSTS_7b238909-6802-4b65-b90d-184bca47f458_build_220_0
    method: GET
    uri: https://management.azure.com/subscriptions/00000000-0000-0000-0000-000000000000/resourceGroups/clitest.rg000001/providers/Microsoft.Cdn/profiles/akp000002?api-version=2021-06-01
  response:
    body:
      string: '{"id":"/subscriptions/00000000-0000-0000-0000-000000000000/resourcegroups/clitest.rg000001/providers/Microsoft.Cdn/profiles/akp000002","type":"Microsoft.Cdn/profiles","name":"akp000002","location":"WestUs","kind":"cdn","tags":{},"sku":{"name":"Standard_Verizon"},"properties":{"resourceState":"Active","provisioningState":"Succeeded"}}'
    headers:
      cache-control:
      - no-cache
      content-length:
      - '335'
      content-type:
      - application/json; charset=utf-8
      date:
      - Mon, 30 Jan 2023 07:52:22 GMT
      expires:
      - '-1'
      pragma:
      - no-cache
      server:
      - Kestrel
      strict-transport-security:
      - max-age=31536000; includeSubDomains
      x-content-type-options:
      - nosniff
      x-ms-ratelimit-remaining-subscription-resource-requests:
      - '49'
    status:
      code: 200
      message: OK
- request:
    body: null
    headers:
      Accept:
      - application/json
      Accept-Encoding:
      - gzip, deflate
      CommandName:
      - cdn endpoint create
      Connection:
      - keep-alive
      ParameterSetName:
      - -g -n --profile-name --origin
      User-Agent:
      - AZURECLI/2.44.1 azsdk-python-azure-mgmt-resource/22.0.0 Python/3.10.9 (Linux-5.15.0-1031-azure-x86_64-with-glibc2.31)
        VSTS_7b238909-6802-4b65-b90d-184bca47f458_build_220_0
    method: GET
    uri: https://management.azure.com/subscriptions/00000000-0000-0000-0000-000000000000/resourcegroups/clitest.rg000001?api-version=2022-09-01
  response:
    body:
      string: '{"id":"/subscriptions/00000000-0000-0000-0000-000000000000/resourceGroups/clitest.rg000001","name":"clitest.rg000001","type":"Microsoft.Resources/resourceGroups","location":"westus","tags":{"product":"azurecli","cause":"automation","date":"2023-01-30T07:50:59Z"},"properties":{"provisioningState":"Succeeded"}}'
    headers:
      cache-control:
      - no-cache
      content-length:
      - '310'
      content-type:
      - application/json; charset=utf-8
      date:
      - Mon, 30 Jan 2023 07:52:23 GMT
      expires:
      - '-1'
      pragma:
      - no-cache
      strict-transport-security:
      - max-age=31536000; includeSubDomains
      vary:
      - Accept-Encoding
      x-content-type-options:
      - nosniff
    status:
      code: 200
      message: OK
- request:
    body: '{"location": "westus", "properties": {"isCompressionEnabled": false, "isHttpAllowed":
      true, "isHttpsAllowed": true, "origins": [{"name": "origin-0", "properties":
      {"hostName": "huaiyiztesthost1.blob.core.chinacloudapi.cn", "httpPort": 80,
      "httpsPort": 443}}]}}'
    headers:
      Accept:
      - application/json
      Accept-Encoding:
      - gzip, deflate
      CommandName:
      - cdn endpoint create
      Connection:
      - keep-alive
      Content-Length:
      - '260'
      Content-Type:
      - application/json
      ParameterSetName:
      - -g -n --profile-name --origin
      User-Agent:
      - AZURECLI/2.44.1 azsdk-python-mgmt-cdn/12.0.0 Python/3.10.9 (Linux-5.15.0-1031-azure-x86_64-with-glibc2.31)
        VSTS_7b238909-6802-4b65-b90d-184bca47f458_build_220_0
    method: PUT
    uri: https://management.azure.com/subscriptions/00000000-0000-0000-0000-000000000000/resourceGroups/clitest.rg000001/providers/Microsoft.Cdn/profiles/akp000002/endpoints/endpoint000003?api-version=2021-06-01
  response:
    body:
      string: '{"id":"/subscriptions/00000000-0000-0000-0000-000000000000/resourcegroups/clitest.rg000001/providers/Microsoft.Cdn/profiles/akp000002/endpoints/endpoint000003","type":"Microsoft.Cdn/profiles/endpoints","name":"endpoint000003","location":"WestUs","tags":{},"properties":{"hostName":"endpoint000003.azureedge.net","originHostHeader":null,"originPath":null,"contentTypesToCompress":[],"isCompressionEnabled":false,"isHttpAllowed":true,"isHttpsAllowed":true,"queryStringCachingBehavior":"IgnoreQueryString","optimizationType":null,"probePath":null,"origins":[{"name":"origin-0","properties":{"hostName":"huaiyiztesthost1.blob.core.chinacloudapi.cn","httpPort":80,"httpsPort":443,"originHostHeader":null,"priority":null,"weight":null,"enabled":true,"privateLinkAlias":null,"privateLinkResourceId":null,"privateLinkLocation":null,"privateEndpointStatus":null,"privateLinkApprovalMessage":null}}],"originGroups":[],"defaultOriginGroup":null,"customDomains":[],"geoFilters":[],"deliveryPolicy":null,"urlSigningKeys":null,"webApplicationFirewallPolicyLink":null,"resourceState":"Creating","provisioningState":"Creating"}}'
    headers:
      azure-asyncoperation:
      - https://management.azure.com/subscriptions/00000000-0000-0000-0000-000000000000/resourcegroups/clitest.rg000001/providers/Microsoft.Cdn/operationresults/a3cf22cc-f418-4a7a-8839-cc8f865ffb68?api-version=2021-06-01
      cache-control:
      - no-cache
      content-length:
      - '1112'
      content-type:
      - application/json; charset=utf-8
      date:
      - Mon, 30 Jan 2023 07:52:25 GMT
      expires:
      - '-1'
      pragma:
      - no-cache
      server:
      - Kestrel
      strict-transport-security:
      - max-age=31536000; includeSubDomains
      x-content-type-options:
      - nosniff
      x-ms-ratelimit-remaining-subscription-resource-requests:
      - '99'
    status:
      code: 201
      message: Created
- request:
    body: null
    headers:
      Accept:
      - '*/*'
      Accept-Encoding:
      - gzip, deflate
      CommandName:
      - cdn endpoint create
      Connection:
      - keep-alive
      ParameterSetName:
      - -g -n --profile-name --origin
      User-Agent:
      - AZURECLI/2.44.1 azsdk-python-mgmt-cdn/12.0.0 Python/3.10.9 (Linux-5.15.0-1031-azure-x86_64-with-glibc2.31)
        VSTS_7b238909-6802-4b65-b90d-184bca47f458_build_220_0
    method: GET
    uri: https://management.azure.com/subscriptions/00000000-0000-0000-0000-000000000000/resourcegroups/clitest.rg000001/providers/Microsoft.Cdn/operationresults/a3cf22cc-f418-4a7a-8839-cc8f865ffb68?api-version=2021-06-01
  response:
    body:
      string: '{"status":"InProgress","error":{"code":"None","message":null}}'
    headers:
      cache-control:
      - no-cache
      content-length:
      - '62'
      content-type:
      - application/json; charset=utf-8
      date:
      - Mon, 30 Jan 2023 07:52:35 GMT
      expires:
      - '-1'
      pragma:
      - no-cache
      server:
      - Kestrel
      strict-transport-security:
      - max-age=31536000; includeSubDomains
      transfer-encoding:
      - chunked
      vary:
      - Accept-Encoding
      x-content-type-options:
      - nosniff
    status:
      code: 200
      message: OK
- request:
    body: null
    headers:
      Accept:
      - '*/*'
      Accept-Encoding:
      - gzip, deflate
      CommandName:
      - cdn endpoint create
      Connection:
      - keep-alive
      ParameterSetName:
      - -g -n --profile-name --origin
      User-Agent:
      - AZURECLI/2.44.1 azsdk-python-mgmt-cdn/12.0.0 Python/3.10.9 (Linux-5.15.0-1031-azure-x86_64-with-glibc2.31)
        VSTS_7b238909-6802-4b65-b90d-184bca47f458_build_220_0
    method: GET
    uri: https://management.azure.com/subscriptions/00000000-0000-0000-0000-000000000000/resourcegroups/clitest.rg000001/providers/Microsoft.Cdn/operationresults/a3cf22cc-f418-4a7a-8839-cc8f865ffb68?api-version=2021-06-01
  response:
    body:
      string: '{"status":"Succeeded","error":{"code":"None","message":null}}'
    headers:
      cache-control:
      - no-cache
      content-length:
      - '61'
      content-type:
      - application/json; charset=utf-8
      date:
      - Mon, 30 Jan 2023 07:53:06 GMT
      expires:
      - '-1'
      pragma:
      - no-cache
      server:
      - Kestrel
      strict-transport-security:
      - max-age=31536000; includeSubDomains
      transfer-encoding:
      - chunked
      vary:
      - Accept-Encoding
      x-content-type-options:
      - nosniff
    status:
      code: 200
      message: OK
- request:
    body: null
    headers:
      Accept:
      - '*/*'
      Accept-Encoding:
      - gzip, deflate
      CommandName:
      - cdn endpoint create
      Connection:
      - keep-alive
      ParameterSetName:
      - -g -n --profile-name --origin
      User-Agent:
      - AZURECLI/2.44.1 azsdk-python-mgmt-cdn/12.0.0 Python/3.10.9 (Linux-5.15.0-1031-azure-x86_64-with-glibc2.31)
        VSTS_7b238909-6802-4b65-b90d-184bca47f458_build_220_0
    method: GET
    uri: https://management.azure.com/subscriptions/00000000-0000-0000-0000-000000000000/resourceGroups/clitest.rg000001/providers/Microsoft.Cdn/profiles/akp000002/endpoints/endpoint000003?api-version=2021-06-01
  response:
    body:
      string: '{"id":"/subscriptions/00000000-0000-0000-0000-000000000000/resourcegroups/clitest.rg000001/providers/Microsoft.Cdn/profiles/akp000002/endpoints/endpoint000003","type":"Microsoft.Cdn/profiles/endpoints","name":"endpoint000003","location":"WestUs","tags":{},"properties":{"hostName":"endpoint000003.azureedge.net","originHostHeader":null,"originPath":null,"contentTypesToCompress":[],"isCompressionEnabled":false,"isHttpAllowed":true,"isHttpsAllowed":true,"queryStringCachingBehavior":"IgnoreQueryString","optimizationType":null,"probePath":null,"origins":[{"name":"origin-0","properties":{"hostName":"huaiyiztesthost1.blob.core.chinacloudapi.cn","httpPort":80,"httpsPort":443,"originHostHeader":null,"priority":null,"weight":null,"enabled":true,"privateLinkAlias":null,"privateLinkResourceId":null,"privateLinkLocation":null,"privateEndpointStatus":null,"privateLinkApprovalMessage":null}}],"originGroups":[],"defaultOriginGroup":null,"customDomains":[],"geoFilters":[],"deliveryPolicy":null,"urlSigningKeys":null,"webApplicationFirewallPolicyLink":null,"resourceState":"Running","provisioningState":"Succeeded"}}'
    headers:
      cache-control:
      - no-cache
      content-length:
      - '1112'
      content-type:
      - application/json; charset=utf-8
      date:
      - Mon, 30 Jan 2023 07:53:07 GMT
      expires:
      - '-1'
      pragma:
      - no-cache
      server:
      - Kestrel
      strict-transport-security:
      - max-age=31536000; includeSubDomains
      transfer-encoding:
      - chunked
      vary:
      - Accept-Encoding
      x-content-type-options:
      - nosniff
      x-ms-ratelimit-remaining-subscription-resource-requests:
      - '49'
    status:
      code: 200
      message: OK
- request:
    body: null
    headers:
      Accept:
      - application/json
      Accept-Encoding:
      - gzip, deflate
      CommandName:
      - cdn endpoint rule add
      Connection:
      - keep-alive
      ParameterSetName:
      - -g -n --profile-name --order --action-name --cache-behavior --cache-duration
      User-Agent:
      - AZURECLI/2.44.1 azsdk-python-mgmt-cdn/12.0.0 Python/3.10.9 (Linux-5.15.0-1031-azure-x86_64-with-glibc2.31)
        VSTS_7b238909-6802-4b65-b90d-184bca47f458_build_220_0
    method: GET
    uri: https://management.azure.com/subscriptions/00000000-0000-0000-0000-000000000000/resourceGroups/clitest.rg000001/providers/Microsoft.Cdn/profiles/akp000002?api-version=2021-06-01
  response:
    body:
      string: '{"id":"/subscriptions/00000000-0000-0000-0000-000000000000/resourcegroups/clitest.rg000001/providers/Microsoft.Cdn/profiles/akp000002","type":"Microsoft.Cdn/profiles","name":"akp000002","location":"WestUs","kind":"cdn","tags":{},"sku":{"name":"Standard_Verizon"},"properties":{"resourceState":"Active","provisioningState":"Succeeded"}}'
    headers:
      cache-control:
      - no-cache
      content-length:
      - '335'
      content-type:
      - application/json; charset=utf-8
      date:
      - Mon, 30 Jan 2023 07:53:07 GMT
      expires:
      - '-1'
      pragma:
      - no-cache
      server:
      - Kestrel
      strict-transport-security:
      - max-age=31536000; includeSubDomains
      transfer-encoding:
      - chunked
      vary:
      - Accept-Encoding
      x-content-type-options:
      - nosniff
      x-ms-ratelimit-remaining-subscription-resource-requests:
      - '49'
    status:
      code: 200
      message: OK
- request:
    body: null
    headers:
      Accept:
      - application/json
      Accept-Encoding:
      - gzip, deflate
      CommandName:
      - cdn endpoint rule add
      Connection:
      - keep-alive
      ParameterSetName:
      - -g -n --profile-name --order --action-name --cache-behavior --cache-duration
      User-Agent:
      - AZURECLI/2.44.1 azsdk-python-mgmt-cdn/12.0.0 Python/3.10.9 (Linux-5.15.0-1031-azure-x86_64-with-glibc2.31)
        VSTS_7b238909-6802-4b65-b90d-184bca47f458_build_220_0
    method: GET
    uri: https://management.azure.com/subscriptions/00000000-0000-0000-0000-000000000000/resourceGroups/clitest.rg000001/providers/Microsoft.Cdn/profiles/akp000002/endpoints/endpoint000003?api-version=2021-06-01
  response:
    body:
      string: '{"id":"/subscriptions/00000000-0000-0000-0000-000000000000/resourcegroups/clitest.rg000001/providers/Microsoft.Cdn/profiles/akp000002/endpoints/endpoint000003","type":"Microsoft.Cdn/profiles/endpoints","name":"endpoint000003","location":"WestUs","tags":{},"properties":{"hostName":"endpoint000003.azureedge.net","originHostHeader":null,"originPath":null,"contentTypesToCompress":[],"isCompressionEnabled":false,"isHttpAllowed":true,"isHttpsAllowed":true,"queryStringCachingBehavior":"IgnoreQueryString","optimizationType":null,"probePath":null,"origins":[{"name":"origin-0","properties":{"hostName":"huaiyiztesthost1.blob.core.chinacloudapi.cn","httpPort":80,"httpsPort":443,"originHostHeader":null,"priority":null,"weight":null,"enabled":true,"privateLinkAlias":null,"privateLinkResourceId":null,"privateLinkLocation":null,"privateEndpointStatus":null,"privateLinkApprovalMessage":null}}],"originGroups":[],"defaultOriginGroup":null,"customDomains":[],"geoFilters":[],"deliveryPolicy":null,"urlSigningKeys":null,"webApplicationFirewallPolicyLink":null,"resourceState":"Running","provisioningState":"Succeeded"}}'
    headers:
      cache-control:
      - no-cache
      content-length:
      - '1112'
      content-type:
      - application/json; charset=utf-8
      date:
      - Mon, 30 Jan 2023 07:53:07 GMT
      expires:
      - '-1'
      pragma:
      - no-cache
      server:
      - Kestrel
      strict-transport-security:
      - max-age=31536000; includeSubDomains
      transfer-encoding:
      - chunked
      vary:
      - Accept-Encoding
      x-content-type-options:
      - nosniff
      x-ms-ratelimit-remaining-subscription-resource-requests:
      - '49'
    status:
      code: 200
      message: OK
- request:
    body: '{"properties": {"deliveryPolicy": {"description": "delivery_policy", "rules":
      [{"order": 0, "conditions": [], "actions": [{"name": "CacheExpiration", "parameters":
      {"typeName": "DeliveryRuleCacheExpirationActionParameters", "cacheBehavior":
      "Override", "cacheType": "All", "cacheDuration": "00:05:00"}}]}]}}}'
    headers:
      Accept:
      - application/json
      Accept-Encoding:
      - gzip, deflate
      CommandName:
      - cdn endpoint rule add
      Connection:
      - keep-alive
      Content-Length:
      - '308'
      Content-Type:
      - application/json
      ParameterSetName:
      - -g -n --profile-name --order --action-name --cache-behavior --cache-duration
      User-Agent:
      - AZURECLI/2.44.1 azsdk-python-mgmt-cdn/12.0.0 Python/3.10.9 (Linux-5.15.0-1031-azure-x86_64-with-glibc2.31)
        VSTS_7b238909-6802-4b65-b90d-184bca47f458_build_220_0
    method: PATCH
    uri: https://management.azure.com/subscriptions/00000000-0000-0000-0000-000000000000/resourceGroups/clitest.rg000001/providers/Microsoft.Cdn/profiles/akp000002/endpoints/endpoint000003?api-version=2021-06-01
  response:
    body:
      string: '{"id":"/subscriptions/00000000-0000-0000-0000-000000000000/resourcegroups/clitest.rg000001/providers/Microsoft.Cdn/profiles/akp000002/endpoints/endpoint000003","type":"Microsoft.Cdn/profiles/endpoints","name":"endpoint000003","location":"WestUs","tags":{},"properties":{"hostName":"endpoint000003.azureedge.net","originHostHeader":null,"originPath":null,"contentTypesToCompress":[],"isCompressionEnabled":false,"isHttpAllowed":true,"isHttpsAllowed":true,"queryStringCachingBehavior":"IgnoreQueryString","optimizationType":null,"probePath":null,"origins":[{"name":"origin-0","properties":{"hostName":"huaiyiztesthost1.blob.core.chinacloudapi.cn","httpPort":80,"httpsPort":443,"originHostHeader":null,"priority":null,"weight":null,"enabled":true,"privateLinkAlias":null,"privateLinkResourceId":null,"privateLinkLocation":null,"privateEndpointStatus":null,"privateLinkApprovalMessage":null}}],"originGroups":[],"defaultOriginGroup":null,"customDomains":[],"geoFilters":[],"deliveryPolicy":{"description":"delivery_policy","rules":[{"name":null,"order":0,"conditions":[],"actions":[{"name":"CacheExpiration","parameters":{"typeName":"DeliveryRuleCacheExpirationActionParameters","cacheBehavior":"Override","cacheType":"All","cacheDuration":"00:05:00"}}]}]},"urlSigningKeys":null,"webApplicationFirewallPolicyLink":null,"resourceState":"Running","provisioningState":"Succeeded"}}'
    headers:
      azure-asyncoperation:
      - https://management.azure.com/subscriptions/00000000-0000-0000-0000-000000000000/resourcegroups/clitest.rg000001/providers/Microsoft.Cdn/operationresults/ee4f8ce5-8981-407f-9128-da96bdc55716?api-version=2021-06-01
      cache-control:
      - no-cache
      content-length:
      - '1374'
      content-type:
      - application/json; charset=utf-8
      date:
      - Mon, 30 Jan 2023 07:53:11 GMT
      expires:
      - '-1'
      location:
      - https://management.azure.com/subscriptions/00000000-0000-0000-0000-000000000000/resourcegroups/clitest.rg000001/providers/Microsoft.Cdn/operationresults/ee4f8ce5-8981-407f-9128-da96bdc55716/profileresults/akp000002/endpointresults/endpoint000003?api-version=2021-06-01
      pragma:
      - no-cache
      server:
      - Kestrel
      strict-transport-security:
      - max-age=31536000; includeSubDomains
      x-content-type-options:
      - nosniff
      x-ms-ratelimit-remaining-subscription-resource-requests:
      - '99'
    status:
      code: 202
      message: Accepted
- request:
    body: null
    headers:
      Accept:
      - '*/*'
      Accept-Encoding:
      - gzip, deflate
      CommandName:
      - cdn endpoint rule add
      Connection:
      - keep-alive
      ParameterSetName:
      - -g -n --profile-name --order --action-name --cache-behavior --cache-duration
      User-Agent:
      - AZURECLI/2.44.1 azsdk-python-mgmt-cdn/12.0.0 Python/3.10.9 (Linux-5.15.0-1031-azure-x86_64-with-glibc2.31)
        VSTS_7b238909-6802-4b65-b90d-184bca47f458_build_220_0
    method: GET
    uri: https://management.azure.com/subscriptions/00000000-0000-0000-0000-000000000000/resourcegroups/clitest.rg000001/providers/Microsoft.Cdn/operationresults/ee4f8ce5-8981-407f-9128-da96bdc55716?api-version=2021-06-01
  response:
    body:
      string: '{"status":"InProgress","error":{"code":"None","message":null}}'
    headers:
      cache-control:
      - no-cache
      content-length:
      - '62'
      content-type:
      - application/json; charset=utf-8
      date:
      - Mon, 30 Jan 2023 07:53:21 GMT
      expires:
      - '-1'
      pragma:
      - no-cache
      server:
      - Kestrel
      strict-transport-security:
      - max-age=31536000; includeSubDomains
      transfer-encoding:
      - chunked
      vary:
      - Accept-Encoding
      x-content-type-options:
      - nosniff
    status:
      code: 200
      message: OK
- request:
    body: null
    headers:
      Accept:
      - '*/*'
      Accept-Encoding:
      - gzip, deflate
      CommandName:
      - cdn endpoint rule add
      Connection:
      - keep-alive
      ParameterSetName:
      - -g -n --profile-name --order --action-name --cache-behavior --cache-duration
      User-Agent:
      - AZURECLI/2.44.1 azsdk-python-mgmt-cdn/12.0.0 Python/3.10.9 (Linux-5.15.0-1031-azure-x86_64-with-glibc2.31)
        VSTS_7b238909-6802-4b65-b90d-184bca47f458_build_220_0
    method: GET
    uri: https://management.azure.com/subscriptions/00000000-0000-0000-0000-000000000000/resourcegroups/clitest.rg000001/providers/Microsoft.Cdn/operationresults/ee4f8ce5-8981-407f-9128-da96bdc55716?api-version=2021-06-01
  response:
    body:
      string: '{"status":"Succeeded","error":{"code":"None","message":null}}'
    headers:
      cache-control:
      - no-cache
      content-length:
      - '61'
      content-type:
      - application/json; charset=utf-8
      date:
      - Mon, 30 Jan 2023 07:53:51 GMT
      expires:
      - '-1'
      pragma:
      - no-cache
      server:
      - Kestrel
      strict-transport-security:
      - max-age=31536000; includeSubDomains
      transfer-encoding:
      - chunked
      vary:
      - Accept-Encoding
      x-content-type-options:
      - nosniff
    status:
      code: 200
      message: OK
- request:
    body: null
    headers:
      Accept:
      - '*/*'
      Accept-Encoding:
      - gzip, deflate
      CommandName:
      - cdn endpoint rule add
      Connection:
      - keep-alive
      ParameterSetName:
      - -g -n --profile-name --order --action-name --cache-behavior --cache-duration
      User-Agent:
      - AZURECLI/2.44.1 azsdk-python-mgmt-cdn/12.0.0 Python/3.10.9 (Linux-5.15.0-1031-azure-x86_64-with-glibc2.31)
        VSTS_7b238909-6802-4b65-b90d-184bca47f458_build_220_0
    method: GET
    uri: https://management.azure.com/subscriptions/00000000-0000-0000-0000-000000000000/resourceGroups/clitest.rg000001/providers/Microsoft.Cdn/profiles/akp000002/endpoints/endpoint000003?api-version=2021-06-01
  response:
    body:
      string: '{"id":"/subscriptions/00000000-0000-0000-0000-000000000000/resourcegroups/clitest.rg000001/providers/Microsoft.Cdn/profiles/akp000002/endpoints/endpoint000003","type":"Microsoft.Cdn/profiles/endpoints","name":"endpoint000003","location":"WestUs","tags":{},"properties":{"hostName":"endpoint000003.azureedge.net","originHostHeader":null,"originPath":null,"contentTypesToCompress":[],"isCompressionEnabled":false,"isHttpAllowed":true,"isHttpsAllowed":true,"queryStringCachingBehavior":"IgnoreQueryString","optimizationType":null,"probePath":null,"origins":[{"name":"origin-0","properties":{"hostName":"huaiyiztesthost1.blob.core.chinacloudapi.cn","httpPort":80,"httpsPort":443,"originHostHeader":null,"priority":null,"weight":null,"enabled":true,"privateLinkAlias":null,"privateLinkResourceId":null,"privateLinkLocation":null,"privateEndpointStatus":null,"privateLinkApprovalMessage":null}}],"originGroups":[],"defaultOriginGroup":null,"customDomains":[],"geoFilters":[],"deliveryPolicy":{"description":"delivery_policy","rules":[{"name":null,"order":0,"conditions":[],"actions":[{"name":"CacheExpiration","parameters":{"typeName":"DeliveryRuleCacheExpirationActionParameters","cacheBehavior":"Override","cacheType":"All","cacheDuration":"00:05:00"}}]}]},"urlSigningKeys":null,"webApplicationFirewallPolicyLink":null,"resourceState":"Running","provisioningState":"Succeeded"}}'
    headers:
      cache-control:
      - no-cache
      content-length:
      - '1374'
      content-type:
      - application/json; charset=utf-8
      date:
      - Mon, 30 Jan 2023 07:53:51 GMT
      expires:
      - '-1'
      pragma:
      - no-cache
      server:
      - Kestrel
      strict-transport-security:
      - max-age=31536000; includeSubDomains
      transfer-encoding:
      - chunked
      vary:
      - Accept-Encoding
      x-content-type-options:
      - nosniff
      x-ms-ratelimit-remaining-subscription-resource-requests:
      - '48'
    status:
      code: 200
      message: OK
- request:
    body: null
    headers:
      Accept:
      - application/json
      Accept-Encoding:
      - gzip, deflate
      CommandName:
      - cdn endpoint rule add
      Connection:
      - keep-alive
      ParameterSetName:
      - -g -n --profile-name --order --action-name --match-variable --operator --match-values
        --cache-behavior --cache-duration
      User-Agent:
      - AZURECLI/2.44.1 azsdk-python-mgmt-cdn/12.0.0 Python/3.10.9 (Linux-5.15.0-1031-azure-x86_64-with-glibc2.31)
        VSTS_7b238909-6802-4b65-b90d-184bca47f458_build_220_0
    method: GET
    uri: https://management.azure.com/subscriptions/00000000-0000-0000-0000-000000000000/resourceGroups/clitest.rg000001/providers/Microsoft.Cdn/profiles/akp000002?api-version=2021-06-01
  response:
    body:
      string: '{"id":"/subscriptions/00000000-0000-0000-0000-000000000000/resourcegroups/clitest.rg000001/providers/Microsoft.Cdn/profiles/akp000002","type":"Microsoft.Cdn/profiles","name":"akp000002","location":"WestUs","kind":"cdn","tags":{},"sku":{"name":"Standard_Verizon"},"properties":{"resourceState":"Active","provisioningState":"Succeeded"}}'
    headers:
      cache-control:
      - no-cache
      content-length:
      - '335'
      content-type:
      - application/json; charset=utf-8
      date:
      - Mon, 30 Jan 2023 07:53:52 GMT
      expires:
      - '-1'
      pragma:
      - no-cache
      server:
      - Kestrel
      strict-transport-security:
      - max-age=31536000; includeSubDomains
      transfer-encoding:
      - chunked
      vary:
      - Accept-Encoding
      x-content-type-options:
      - nosniff
      x-ms-ratelimit-remaining-subscription-resource-requests:
      - '49'
    status:
      code: 200
      message: OK
- request:
    body: null
    headers:
      Accept:
      - application/json
      Accept-Encoding:
      - gzip, deflate
      CommandName:
      - cdn endpoint rule add
      Connection:
      - keep-alive
      ParameterSetName:
      - -g -n --profile-name --order --action-name --match-variable --operator --match-values
        --cache-behavior --cache-duration
      User-Agent:
      - AZURECLI/2.44.1 azsdk-python-mgmt-cdn/12.0.0 Python/3.10.9 (Linux-5.15.0-1031-azure-x86_64-with-glibc2.31)
        VSTS_7b238909-6802-4b65-b90d-184bca47f458_build_220_0
    method: GET
    uri: https://management.azure.com/subscriptions/00000000-0000-0000-0000-000000000000/resourceGroups/clitest.rg000001/providers/Microsoft.Cdn/profiles/akp000002/endpoints/endpoint000003?api-version=2021-06-01
  response:
    body:
      string: '{"id":"/subscriptions/00000000-0000-0000-0000-000000000000/resourcegroups/clitest.rg000001/providers/Microsoft.Cdn/profiles/akp000002/endpoints/endpoint000003","type":"Microsoft.Cdn/profiles/endpoints","name":"endpoint000003","location":"WestUs","tags":{},"properties":{"hostName":"endpoint000003.azureedge.net","originHostHeader":null,"originPath":null,"contentTypesToCompress":[],"isCompressionEnabled":false,"isHttpAllowed":true,"isHttpsAllowed":true,"queryStringCachingBehavior":"IgnoreQueryString","optimizationType":null,"probePath":null,"origins":[{"name":"origin-0","properties":{"hostName":"huaiyiztesthost1.blob.core.chinacloudapi.cn","httpPort":80,"httpsPort":443,"originHostHeader":null,"priority":null,"weight":null,"enabled":true,"privateLinkAlias":null,"privateLinkResourceId":null,"privateLinkLocation":null,"privateEndpointStatus":null,"privateLinkApprovalMessage":null}}],"originGroups":[],"defaultOriginGroup":null,"customDomains":[],"geoFilters":[],"deliveryPolicy":{"description":"delivery_policy","rules":[{"name":null,"order":0,"conditions":[],"actions":[{"name":"CacheExpiration","parameters":{"typeName":"DeliveryRuleCacheExpirationActionParameters","cacheBehavior":"Override","cacheType":"All","cacheDuration":"00:05:00"}}]}]},"urlSigningKeys":null,"webApplicationFirewallPolicyLink":null,"resourceState":"Running","provisioningState":"Succeeded"}}'
    headers:
      cache-control:
      - no-cache
      content-length:
      - '1374'
      content-type:
      - application/json; charset=utf-8
      date:
      - Mon, 30 Jan 2023 07:53:52 GMT
      expires:
      - '-1'
      pragma:
      - no-cache
      server:
      - Kestrel
      strict-transport-security:
      - max-age=31536000; includeSubDomains
      transfer-encoding:
      - chunked
      vary:
      - Accept-Encoding
      x-content-type-options:
      - nosniff
      x-ms-ratelimit-remaining-subscription-resource-requests:
      - '49'
    status:
      code: 200
      message: OK
- request:
    body: '{"properties": {"deliveryPolicy": {"description": "delivery_policy", "rules":
      [{"order": 0, "conditions": [], "actions": [{"name": "CacheExpiration", "parameters":
      {"typeName": "DeliveryRuleCacheExpirationActionParameters", "cacheBehavior":
      "Override", "cacheType": "All", "cacheDuration": "00:05:00"}}]}, {"order": 1,
      "conditions": [{"name": "UrlPath", "parameters": {"typeName": "DeliveryRuleUrlPathMatchConditionParameters",
      "operator": "Wildcard", "matchValues": ["/test2/*"]}}], "actions": [{"name":
      "CacheExpiration", "parameters": {"typeName": "DeliveryRuleCacheExpirationActionParameters",
      "cacheBehavior": "Override", "cacheType": "All", "cacheDuration": "00:05:00"}}]}]}}}'
    headers:
      Accept:
      - application/json
      Accept-Encoding:
      - gzip, deflate
      CommandName:
      - cdn endpoint rule add
      Connection:
      - keep-alive
      Content-Length:
      - '682'
      Content-Type:
      - application/json
      ParameterSetName:
      - -g -n --profile-name --order --action-name --match-variable --operator --match-values
        --cache-behavior --cache-duration
      User-Agent:
      - AZURECLI/2.44.1 azsdk-python-mgmt-cdn/12.0.0 Python/3.10.9 (Linux-5.15.0-1031-azure-x86_64-with-glibc2.31)
        VSTS_7b238909-6802-4b65-b90d-184bca47f458_build_220_0
    method: PATCH
    uri: https://management.azure.com/subscriptions/00000000-0000-0000-0000-000000000000/resourceGroups/clitest.rg000001/providers/Microsoft.Cdn/profiles/akp000002/endpoints/endpoint000003?api-version=2021-06-01
  response:
    body:
      string: '{"id":"/subscriptions/00000000-0000-0000-0000-000000000000/resourcegroups/clitest.rg000001/providers/Microsoft.Cdn/profiles/akp000002/endpoints/endpoint000003","type":"Microsoft.Cdn/profiles/endpoints","name":"endpoint000003","location":"WestUs","tags":{},"properties":{"hostName":"endpoint000003.azureedge.net","originHostHeader":null,"originPath":null,"contentTypesToCompress":[],"isCompressionEnabled":false,"isHttpAllowed":true,"isHttpsAllowed":true,"queryStringCachingBehavior":"IgnoreQueryString","optimizationType":null,"probePath":null,"origins":[{"name":"origin-0","properties":{"hostName":"huaiyiztesthost1.blob.core.chinacloudapi.cn","httpPort":80,"httpsPort":443,"originHostHeader":null,"priority":null,"weight":null,"enabled":true,"privateLinkAlias":null,"privateLinkResourceId":null,"privateLinkLocation":null,"privateEndpointStatus":null,"privateLinkApprovalMessage":null}}],"originGroups":[],"defaultOriginGroup":null,"customDomains":[],"geoFilters":[],"deliveryPolicy":{"description":"delivery_policy","rules":[{"name":null,"order":0,"conditions":[],"actions":[{"name":"CacheExpiration","parameters":{"typeName":"DeliveryRuleCacheExpirationActionParameters","cacheBehavior":"Override","cacheType":"All","cacheDuration":"00:05:00"}}]},{"name":null,"order":1,"conditions":[{"name":"UrlPath","parameters":{"typeName":"DeliveryRuleUrlPathConditionParameters","path":"/test2/*","matchType":"Wildcard"}}],"actions":[{"name":"CacheExpiration","parameters":{"typeName":"DeliveryRuleCacheExpirationActionParameters","cacheBehavior":"Override","cacheType":"All","cacheDuration":"00:05:00"}}]}]},"urlSigningKeys":null,"webApplicationFirewallPolicyLink":null,"resourceState":"Running","provisioningState":"Succeeded"}}'
    headers:
      azure-asyncoperation:
      - https://management.azure.com/subscriptions/00000000-0000-0000-0000-000000000000/resourcegroups/clitest.rg000001/providers/Microsoft.Cdn/operationresults/8a9fcdeb-59c3-478d-a600-4cbdf5dce809?api-version=2021-06-01
      cache-control:
      - no-cache
      content-length:
      - '1723'
      content-type:
      - application/json; charset=utf-8
      date:
      - Mon, 30 Jan 2023 07:53:56 GMT
      expires:
      - '-1'
      location:
      - https://management.azure.com/subscriptions/00000000-0000-0000-0000-000000000000/resourcegroups/clitest.rg000001/providers/Microsoft.Cdn/operationresults/8a9fcdeb-59c3-478d-a600-4cbdf5dce809/profileresults/akp000002/endpointresults/endpoint000003?api-version=2021-06-01
      pragma:
      - no-cache
      server:
      - Kestrel
      strict-transport-security:
      - max-age=31536000; includeSubDomains
      x-content-type-options:
      - nosniff
      x-ms-ratelimit-remaining-subscription-resource-requests:
      - '99'
    status:
      code: 202
      message: Accepted
- request:
    body: null
    headers:
      Accept:
      - '*/*'
      Accept-Encoding:
      - gzip, deflate
      CommandName:
      - cdn endpoint rule add
      Connection:
      - keep-alive
      ParameterSetName:
      - -g -n --profile-name --order --action-name --match-variable --operator --match-values
        --cache-behavior --cache-duration
      User-Agent:
      - AZURECLI/2.44.1 azsdk-python-mgmt-cdn/12.0.0 Python/3.10.9 (Linux-5.15.0-1031-azure-x86_64-with-glibc2.31)
        VSTS_7b238909-6802-4b65-b90d-184bca47f458_build_220_0
    method: GET
    uri: https://management.azure.com/subscriptions/00000000-0000-0000-0000-000000000000/resourcegroups/clitest.rg000001/providers/Microsoft.Cdn/operationresults/8a9fcdeb-59c3-478d-a600-4cbdf5dce809?api-version=2021-06-01
  response:
    body:
      string: '{"status":"InProgress","error":{"code":"None","message":null}}'
    headers:
      cache-control:
      - no-cache
      content-length:
      - '62'
      content-type:
      - application/json; charset=utf-8
      date:
      - Mon, 30 Jan 2023 07:54:06 GMT
      expires:
      - '-1'
      pragma:
      - no-cache
      server:
      - Kestrel
      strict-transport-security:
      - max-age=31536000; includeSubDomains
      transfer-encoding:
      - chunked
      vary:
      - Accept-Encoding
      x-content-type-options:
      - nosniff
    status:
      code: 200
      message: OK
- request:
    body: null
    headers:
      Accept:
      - '*/*'
      Accept-Encoding:
      - gzip, deflate
      CommandName:
      - cdn endpoint rule add
      Connection:
      - keep-alive
      ParameterSetName:
      - -g -n --profile-name --order --action-name --match-variable --operator --match-values
        --cache-behavior --cache-duration
      User-Agent:
      - AZURECLI/2.44.1 azsdk-python-mgmt-cdn/12.0.0 Python/3.10.9 (Linux-5.15.0-1031-azure-x86_64-with-glibc2.31)
        VSTS_7b238909-6802-4b65-b90d-184bca47f458_build_220_0
    method: GET
    uri: https://management.azure.com/subscriptions/00000000-0000-0000-0000-000000000000/resourcegroups/clitest.rg000001/providers/Microsoft.Cdn/operationresults/8a9fcdeb-59c3-478d-a600-4cbdf5dce809?api-version=2021-06-01
  response:
    body:
      string: '{"status":"Succeeded","error":{"code":"None","message":null}}'
    headers:
      cache-control:
      - no-cache
      content-length:
      - '61'
      content-type:
      - application/json; charset=utf-8
      date:
      - Mon, 30 Jan 2023 07:54:36 GMT
      expires:
      - '-1'
      pragma:
      - no-cache
      server:
      - Kestrel
      strict-transport-security:
      - max-age=31536000; includeSubDomains
      transfer-encoding:
      - chunked
      vary:
      - Accept-Encoding
      x-content-type-options:
      - nosniff
    status:
      code: 200
      message: OK
- request:
    body: null
    headers:
      Accept:
      - '*/*'
      Accept-Encoding:
      - gzip, deflate
      CommandName:
      - cdn endpoint rule add
      Connection:
      - keep-alive
      ParameterSetName:
      - -g -n --profile-name --order --action-name --match-variable --operator --match-values
        --cache-behavior --cache-duration
      User-Agent:
      - AZURECLI/2.44.1 azsdk-python-mgmt-cdn/12.0.0 Python/3.10.9 (Linux-5.15.0-1031-azure-x86_64-with-glibc2.31)
        VSTS_7b238909-6802-4b65-b90d-184bca47f458_build_220_0
    method: GET
    uri: https://management.azure.com/subscriptions/00000000-0000-0000-0000-000000000000/resourceGroups/clitest.rg000001/providers/Microsoft.Cdn/profiles/akp000002/endpoints/endpoint000003?api-version=2021-06-01
  response:
    body:
      string: '{"id":"/subscriptions/00000000-0000-0000-0000-000000000000/resourcegroups/clitest.rg000001/providers/Microsoft.Cdn/profiles/akp000002/endpoints/endpoint000003","type":"Microsoft.Cdn/profiles/endpoints","name":"endpoint000003","location":"WestUs","tags":{},"properties":{"hostName":"endpoint000003.azureedge.net","originHostHeader":null,"originPath":null,"contentTypesToCompress":[],"isCompressionEnabled":false,"isHttpAllowed":true,"isHttpsAllowed":true,"queryStringCachingBehavior":"IgnoreQueryString","optimizationType":null,"probePath":null,"origins":[{"name":"origin-0","properties":{"hostName":"huaiyiztesthost1.blob.core.chinacloudapi.cn","httpPort":80,"httpsPort":443,"originHostHeader":null,"priority":null,"weight":null,"enabled":true,"privateLinkAlias":null,"privateLinkResourceId":null,"privateLinkLocation":null,"privateEndpointStatus":null,"privateLinkApprovalMessage":null}}],"originGroups":[],"defaultOriginGroup":null,"customDomains":[],"geoFilters":[],"deliveryPolicy":{"description":"delivery_policy","rules":[{"name":null,"order":0,"conditions":[],"actions":[{"name":"CacheExpiration","parameters":{"typeName":"DeliveryRuleCacheExpirationActionParameters","cacheBehavior":"Override","cacheType":"All","cacheDuration":"00:05:00"}}]},{"name":null,"order":1,"conditions":[{"name":"UrlPath","parameters":{"typeName":"DeliveryRuleUrlPathConditionParameters","path":"/test2/*","matchType":"Wildcard"}}],"actions":[{"name":"CacheExpiration","parameters":{"typeName":"DeliveryRuleCacheExpirationActionParameters","cacheBehavior":"Override","cacheType":"All","cacheDuration":"00:05:00"}}]}]},"urlSigningKeys":null,"webApplicationFirewallPolicyLink":null,"resourceState":"Running","provisioningState":"Succeeded"}}'
    headers:
      cache-control:
      - no-cache
      content-length:
      - '1723'
      content-type:
      - application/json; charset=utf-8
      date:
      - Mon, 30 Jan 2023 07:54:36 GMT
      expires:
      - '-1'
      pragma:
      - no-cache
      server:
      - Kestrel
      strict-transport-security:
      - max-age=31536000; includeSubDomains
      transfer-encoding:
      - chunked
      vary:
      - Accept-Encoding
      x-content-type-options:
      - nosniff
      x-ms-ratelimit-remaining-subscription-resource-requests:
      - '48'
    status:
      code: 200
      message: OK
- request:
    body: null
    headers:
      Accept:
      - application/json
      Accept-Encoding:
      - gzip, deflate
      CommandName:
      - cdn endpoint rule add
      Connection:
      - keep-alive
      ParameterSetName:
      - -g -n --profile-name --order --action-name --match-variable --operator --match-values
        --cache-behavior --cache-duration
      User-Agent:
      - AZURECLI/2.44.1 azsdk-python-mgmt-cdn/12.0.0 Python/3.10.9 (Linux-5.15.0-1031-azure-x86_64-with-glibc2.31)
        VSTS_7b238909-6802-4b65-b90d-184bca47f458_build_220_0
    method: GET
    uri: https://management.azure.com/subscriptions/00000000-0000-0000-0000-000000000000/resourceGroups/clitest.rg000001/providers/Microsoft.Cdn/profiles/akp000002?api-version=2021-06-01
  response:
    body:
      string: '{"id":"/subscriptions/00000000-0000-0000-0000-000000000000/resourcegroups/clitest.rg000001/providers/Microsoft.Cdn/profiles/akp000002","type":"Microsoft.Cdn/profiles","name":"akp000002","location":"WestUs","kind":"cdn","tags":{},"sku":{"name":"Standard_Verizon"},"properties":{"resourceState":"Active","provisioningState":"Succeeded"}}'
    headers:
      cache-control:
      - no-cache
      content-length:
      - '335'
      content-type:
      - application/json; charset=utf-8
      date:
      - Mon, 30 Jan 2023 07:54:36 GMT
      expires:
      - '-1'
      pragma:
      - no-cache
      server:
      - Kestrel
      strict-transport-security:
      - max-age=31536000; includeSubDomains
      transfer-encoding:
      - chunked
      vary:
      - Accept-Encoding
      x-content-type-options:
      - nosniff
      x-ms-ratelimit-remaining-subscription-resource-requests:
      - '49'
    status:
      code: 200
      message: OK
- request:
    body: null
    headers:
      Accept:
      - application/json
      Accept-Encoding:
      - gzip, deflate
      CommandName:
      - cdn endpoint rule add
      Connection:
      - keep-alive
      ParameterSetName:
      - -g -n --profile-name --order --action-name --match-variable --operator --match-values
        --cache-behavior --cache-duration
      User-Agent:
      - AZURECLI/2.44.1 azsdk-python-mgmt-cdn/12.0.0 Python/3.10.9 (Linux-5.15.0-1031-azure-x86_64-with-glibc2.31)
        VSTS_7b238909-6802-4b65-b90d-184bca47f458_build_220_0
    method: GET
    uri: https://management.azure.com/subscriptions/00000000-0000-0000-0000-000000000000/resourceGroups/clitest.rg000001/providers/Microsoft.Cdn/profiles/akp000002/endpoints/endpoint000003?api-version=2021-06-01
  response:
    body:
      string: '{"id":"/subscriptions/00000000-0000-0000-0000-000000000000/resourcegroups/clitest.rg000001/providers/Microsoft.Cdn/profiles/akp000002/endpoints/endpoint000003","type":"Microsoft.Cdn/profiles/endpoints","name":"endpoint000003","location":"WestUs","tags":{},"properties":{"hostName":"endpoint000003.azureedge.net","originHostHeader":null,"originPath":null,"contentTypesToCompress":[],"isCompressionEnabled":false,"isHttpAllowed":true,"isHttpsAllowed":true,"queryStringCachingBehavior":"IgnoreQueryString","optimizationType":null,"probePath":null,"origins":[{"name":"origin-0","properties":{"hostName":"huaiyiztesthost1.blob.core.chinacloudapi.cn","httpPort":80,"httpsPort":443,"originHostHeader":null,"priority":null,"weight":null,"enabled":true,"privateLinkAlias":null,"privateLinkResourceId":null,"privateLinkLocation":null,"privateEndpointStatus":null,"privateLinkApprovalMessage":null}}],"originGroups":[],"defaultOriginGroup":null,"customDomains":[],"geoFilters":[],"deliveryPolicy":{"description":"delivery_policy","rules":[{"name":null,"order":0,"conditions":[],"actions":[{"name":"CacheExpiration","parameters":{"typeName":"DeliveryRuleCacheExpirationActionParameters","cacheBehavior":"Override","cacheType":"All","cacheDuration":"00:05:00"}}]},{"name":null,"order":1,"conditions":[{"name":"UrlPath","parameters":{"typeName":"DeliveryRuleUrlPathConditionParameters","path":"/test2/*","matchType":"Wildcard"}}],"actions":[{"name":"CacheExpiration","parameters":{"typeName":"DeliveryRuleCacheExpirationActionParameters","cacheBehavior":"Override","cacheType":"All","cacheDuration":"00:05:00"}}]}]},"urlSigningKeys":null,"webApplicationFirewallPolicyLink":null,"resourceState":"Running","provisioningState":"Succeeded"}}'
    headers:
      cache-control:
      - no-cache
      content-length:
      - '1723'
      content-type:
      - application/json; charset=utf-8
      date:
      - Mon, 30 Jan 2023 07:54:36 GMT
      expires:
      - '-1'
      pragma:
      - no-cache
      server:
      - Kestrel
      strict-transport-security:
      - max-age=31536000; includeSubDomains
      transfer-encoding:
      - chunked
      vary:
      - Accept-Encoding
      x-content-type-options:
      - nosniff
      x-ms-ratelimit-remaining-subscription-resource-requests:
      - '49'
    status:
      code: 200
      message: OK
- request:
    body: '{"properties": {"deliveryPolicy": {"description": "delivery_policy", "rules":
      [{"order": 0, "conditions": [], "actions": [{"name": "CacheExpiration", "parameters":
      {"typeName": "DeliveryRuleCacheExpirationActionParameters", "cacheBehavior":
      "Override", "cacheType": "All", "cacheDuration": "00:05:00"}}]}, {"order": 1,
      "conditions": [{"name": "UrlPath", "parameters": {"typeName": "DeliveryRuleUrlPathMatchConditionParameters",
      "operator": "Wildcard", "matchValues": ["/test2/*"]}}], "actions": [{"name":
      "CacheExpiration", "parameters": {"typeName": "DeliveryRuleCacheExpirationActionParameters",
      "cacheBehavior": "Override", "cacheType": "All", "cacheDuration": "00:05:00"}}]},
      {"order": 2, "conditions": [{"name": "UrlFileExtension", "parameters": {"typeName":
      "DeliveryRuleUrlFileExtensionMatchConditionParameters", "operator": "Any", "matchValues":
      ["mp4", "mp3"]}}], "actions": [{"name": "CacheExpiration", "parameters": {"typeName":
      "DeliveryRuleCacheExpirationActionParameters", "cacheBehavior": "Override",
      "cacheType": "All", "cacheDuration": "00:05:00"}}]}]}}}'
    headers:
      Accept:
      - application/json
      Accept-Encoding:
      - gzip, deflate
      CommandName:
      - cdn endpoint rule add
      Connection:
      - keep-alive
      Content-Length:
      - '1071'
      Content-Type:
      - application/json
      ParameterSetName:
      - -g -n --profile-name --order --action-name --match-variable --operator --match-values
        --cache-behavior --cache-duration
      User-Agent:
      - AZURECLI/2.44.1 azsdk-python-mgmt-cdn/12.0.0 Python/3.10.9 (Linux-5.15.0-1031-azure-x86_64-with-glibc2.31)
        VSTS_7b238909-6802-4b65-b90d-184bca47f458_build_220_0
    method: PATCH
    uri: https://management.azure.com/subscriptions/00000000-0000-0000-0000-000000000000/resourceGroups/clitest.rg000001/providers/Microsoft.Cdn/profiles/akp000002/endpoints/endpoint000003?api-version=2021-06-01
  response:
    body:
      string: '{"id":"/subscriptions/00000000-0000-0000-0000-000000000000/resourcegroups/clitest.rg000001/providers/Microsoft.Cdn/profiles/akp000002/endpoints/endpoint000003","type":"Microsoft.Cdn/profiles/endpoints","name":"endpoint000003","location":"WestUs","tags":{},"properties":{"hostName":"endpoint000003.azureedge.net","originHostHeader":null,"originPath":null,"contentTypesToCompress":[],"isCompressionEnabled":false,"isHttpAllowed":true,"isHttpsAllowed":true,"queryStringCachingBehavior":"IgnoreQueryString","optimizationType":null,"probePath":null,"origins":[{"name":"origin-0","properties":{"hostName":"huaiyiztesthost1.blob.core.chinacloudapi.cn","httpPort":80,"httpsPort":443,"originHostHeader":null,"priority":null,"weight":null,"enabled":true,"privateLinkAlias":null,"privateLinkResourceId":null,"privateLinkLocation":null,"privateEndpointStatus":null,"privateLinkApprovalMessage":null}}],"originGroups":[],"defaultOriginGroup":null,"customDomains":[],"geoFilters":[],"deliveryPolicy":{"description":"delivery_policy","rules":[{"name":null,"order":0,"conditions":[],"actions":[{"name":"CacheExpiration","parameters":{"typeName":"DeliveryRuleCacheExpirationActionParameters","cacheBehavior":"Override","cacheType":"All","cacheDuration":"00:05:00"}}]},{"name":null,"order":1,"conditions":[{"name":"UrlPath","parameters":{"typeName":"DeliveryRuleUrlPathConditionParameters","path":"/test2/*","matchType":"Wildcard"}}],"actions":[{"name":"CacheExpiration","parameters":{"typeName":"DeliveryRuleCacheExpirationActionParameters","cacheBehavior":"Override","cacheType":"All","cacheDuration":"00:05:00"}}]},{"name":null,"order":2,"conditions":[{"name":"UrlFileExtension","parameters":{"typeName":"DeliveryRuleUrlFileExtensionConditionParameters","extensions":["mp4","mp3"]}}],"actions":[{"name":"CacheExpiration","parameters":{"typeName":"DeliveryRuleCacheExpirationActionParameters","cacheBehavior":"Override","cacheType":"All","cacheDuration":"00:05:00"}}]}]},"urlSigningKeys":null,"webApplicationFirewallPolicyLink":null,"resourceState":"Running","provisioningState":"Succeeded"}}'
    headers:
      azure-asyncoperation:
      - https://management.azure.com/subscriptions/00000000-0000-0000-0000-000000000000/resourcegroups/clitest.rg000001/providers/Microsoft.Cdn/operationresults/78b2d7c3-da5a-4b4f-bca0-7c521dd4cf96?api-version=2021-06-01
      cache-control:
      - no-cache
      content-length:
      - '2076'
      content-type:
      - application/json; charset=utf-8
      date:
      - Mon, 30 Jan 2023 07:54:39 GMT
      expires:
      - '-1'
      location:
      - https://management.azure.com/subscriptions/00000000-0000-0000-0000-000000000000/resourcegroups/clitest.rg000001/providers/Microsoft.Cdn/operationresults/78b2d7c3-da5a-4b4f-bca0-7c521dd4cf96/profileresults/akp000002/endpointresults/endpoint000003?api-version=2021-06-01
      pragma:
      - no-cache
      server:
      - Kestrel
      strict-transport-security:
      - max-age=31536000; includeSubDomains
      x-content-type-options:
      - nosniff
      x-ms-ratelimit-remaining-subscription-resource-requests:
      - '99'
    status:
      code: 202
      message: Accepted
- request:
    body: null
    headers:
      Accept:
      - '*/*'
      Accept-Encoding:
      - gzip, deflate
      CommandName:
      - cdn endpoint rule add
      Connection:
      - keep-alive
      ParameterSetName:
      - -g -n --profile-name --order --action-name --match-variable --operator --match-values
        --cache-behavior --cache-duration
      User-Agent:
      - AZURECLI/2.44.1 azsdk-python-mgmt-cdn/12.0.0 Python/3.10.9 (Linux-5.15.0-1031-azure-x86_64-with-glibc2.31)
        VSTS_7b238909-6802-4b65-b90d-184bca47f458_build_220_0
    method: GET
    uri: https://management.azure.com/subscriptions/00000000-0000-0000-0000-000000000000/resourcegroups/clitest.rg000001/providers/Microsoft.Cdn/operationresults/78b2d7c3-da5a-4b4f-bca0-7c521dd4cf96?api-version=2021-06-01
  response:
    body:
      string: '{"status":"InProgress","error":{"code":"None","message":null}}'
    headers:
      cache-control:
      - no-cache
      content-length:
      - '62'
      content-type:
      - application/json; charset=utf-8
      date:
      - Mon, 30 Jan 2023 07:54:49 GMT
      expires:
      - '-1'
      pragma:
      - no-cache
      server:
      - Kestrel
      strict-transport-security:
      - max-age=31536000; includeSubDomains
      transfer-encoding:
      - chunked
      vary:
      - Accept-Encoding
      x-content-type-options:
      - nosniff
    status:
      code: 200
      message: OK
- request:
    body: null
    headers:
      Accept:
      - '*/*'
      Accept-Encoding:
      - gzip, deflate
      CommandName:
      - cdn endpoint rule add
      Connection:
      - keep-alive
      ParameterSetName:
      - -g -n --profile-name --order --action-name --match-variable --operator --match-values
        --cache-behavior --cache-duration
      User-Agent:
      - AZURECLI/2.44.1 azsdk-python-mgmt-cdn/12.0.0 Python/3.10.9 (Linux-5.15.0-1031-azure-x86_64-with-glibc2.31)
        VSTS_7b238909-6802-4b65-b90d-184bca47f458_build_220_0
    method: GET
    uri: https://management.azure.com/subscriptions/00000000-0000-0000-0000-000000000000/resourcegroups/clitest.rg000001/providers/Microsoft.Cdn/operationresults/78b2d7c3-da5a-4b4f-bca0-7c521dd4cf96?api-version=2021-06-01
  response:
    body:
      string: '{"status":"Succeeded","error":{"code":"None","message":null}}'
    headers:
      cache-control:
      - no-cache
      content-length:
      - '61'
      content-type:
      - application/json; charset=utf-8
      date:
      - Mon, 30 Jan 2023 07:55:19 GMT
      expires:
      - '-1'
      pragma:
      - no-cache
      server:
      - Kestrel
      strict-transport-security:
      - max-age=31536000; includeSubDomains
      transfer-encoding:
      - chunked
      vary:
      - Accept-Encoding
      x-content-type-options:
      - nosniff
    status:
      code: 200
      message: OK
- request:
    body: null
    headers:
      Accept:
      - '*/*'
      Accept-Encoding:
      - gzip, deflate
      CommandName:
      - cdn endpoint rule add
      Connection:
      - keep-alive
      ParameterSetName:
      - -g -n --profile-name --order --action-name --match-variable --operator --match-values
        --cache-behavior --cache-duration
      User-Agent:
      - AZURECLI/2.44.1 azsdk-python-mgmt-cdn/12.0.0 Python/3.10.9 (Linux-5.15.0-1031-azure-x86_64-with-glibc2.31)
        VSTS_7b238909-6802-4b65-b90d-184bca47f458_build_220_0
    method: GET
    uri: https://management.azure.com/subscriptions/00000000-0000-0000-0000-000000000000/resourceGroups/clitest.rg000001/providers/Microsoft.Cdn/profiles/akp000002/endpoints/endpoint000003?api-version=2021-06-01
  response:
    body:
      string: '{"id":"/subscriptions/00000000-0000-0000-0000-000000000000/resourcegroups/clitest.rg000001/providers/Microsoft.Cdn/profiles/akp000002/endpoints/endpoint000003","type":"Microsoft.Cdn/profiles/endpoints","name":"endpoint000003","location":"WestUs","tags":{},"properties":{"hostName":"endpoint000003.azureedge.net","originHostHeader":null,"originPath":null,"contentTypesToCompress":[],"isCompressionEnabled":false,"isHttpAllowed":true,"isHttpsAllowed":true,"queryStringCachingBehavior":"IgnoreQueryString","optimizationType":null,"probePath":null,"origins":[{"name":"origin-0","properties":{"hostName":"huaiyiztesthost1.blob.core.chinacloudapi.cn","httpPort":80,"httpsPort":443,"originHostHeader":null,"priority":null,"weight":null,"enabled":true,"privateLinkAlias":null,"privateLinkResourceId":null,"privateLinkLocation":null,"privateEndpointStatus":null,"privateLinkApprovalMessage":null}}],"originGroups":[],"defaultOriginGroup":null,"customDomains":[],"geoFilters":[],"deliveryPolicy":{"description":"delivery_policy","rules":[{"name":null,"order":0,"conditions":[],"actions":[{"name":"CacheExpiration","parameters":{"typeName":"DeliveryRuleCacheExpirationActionParameters","cacheBehavior":"Override","cacheType":"All","cacheDuration":"00:05:00"}}]},{"name":null,"order":1,"conditions":[{"name":"UrlPath","parameters":{"typeName":"DeliveryRuleUrlPathConditionParameters","path":"/test2/*","matchType":"Wildcard"}}],"actions":[{"name":"CacheExpiration","parameters":{"typeName":"DeliveryRuleCacheExpirationActionParameters","cacheBehavior":"Override","cacheType":"All","cacheDuration":"00:05:00"}}]},{"name":null,"order":2,"conditions":[{"name":"UrlFileExtension","parameters":{"typeName":"DeliveryRuleUrlFileExtensionConditionParameters","extensions":["mp4","mp3"]}}],"actions":[{"name":"CacheExpiration","parameters":{"typeName":"DeliveryRuleCacheExpirationActionParameters","cacheBehavior":"Override","cacheType":"All","cacheDuration":"00:05:00"}}]}]},"urlSigningKeys":null,"webApplicationFirewallPolicyLink":null,"resourceState":"Running","provisioningState":"Succeeded"}}'
    headers:
      cache-control:
      - no-cache
      content-length:
      - '2076'
      content-type:
      - application/json; charset=utf-8
      date:
      - Mon, 30 Jan 2023 07:55:19 GMT
      expires:
      - '-1'
      pragma:
      - no-cache
      server:
      - Kestrel
      strict-transport-security:
      - max-age=31536000; includeSubDomains
      transfer-encoding:
      - chunked
      vary:
      - Accept-Encoding
      x-content-type-options:
      - nosniff
      x-ms-ratelimit-remaining-subscription-resource-requests:
      - '48'
    status:
      code: 200
      message: OK
- request:
    body: null
    headers:
      Accept:
      - application/json
      Accept-Encoding:
      - gzip, deflate
      CommandName:
      - cdn endpoint rule remove
      Connection:
      - keep-alive
      ParameterSetName:
      - -g -n --profile-name --order
      User-Agent:
      - AZURECLI/2.44.1 azsdk-python-mgmt-cdn/12.0.0 Python/3.10.9 (Linux-5.15.0-1031-azure-x86_64-with-glibc2.31)
        VSTS_7b238909-6802-4b65-b90d-184bca47f458_build_220_0
    method: GET
    uri: https://management.azure.com/subscriptions/00000000-0000-0000-0000-000000000000/resourceGroups/clitest.rg000001/providers/Microsoft.Cdn/profiles/akp000002/endpoints/endpoint000003?api-version=2021-06-01
  response:
    body:
      string: '{"id":"/subscriptions/00000000-0000-0000-0000-000000000000/resourcegroups/clitest.rg000001/providers/Microsoft.Cdn/profiles/akp000002/endpoints/endpoint000003","type":"Microsoft.Cdn/profiles/endpoints","name":"endpoint000003","location":"WestUs","tags":{},"properties":{"hostName":"endpoint000003.azureedge.net","originHostHeader":null,"originPath":null,"contentTypesToCompress":[],"isCompressionEnabled":false,"isHttpAllowed":true,"isHttpsAllowed":true,"queryStringCachingBehavior":"IgnoreQueryString","optimizationType":null,"probePath":null,"origins":[{"name":"origin-0","properties":{"hostName":"huaiyiztesthost1.blob.core.chinacloudapi.cn","httpPort":80,"httpsPort":443,"originHostHeader":null,"priority":null,"weight":null,"enabled":true,"privateLinkAlias":null,"privateLinkResourceId":null,"privateLinkLocation":null,"privateEndpointStatus":null,"privateLinkApprovalMessage":null}}],"originGroups":[],"defaultOriginGroup":null,"customDomains":[],"geoFilters":[],"deliveryPolicy":{"description":"delivery_policy","rules":[{"name":null,"order":0,"conditions":[],"actions":[{"name":"CacheExpiration","parameters":{"typeName":"DeliveryRuleCacheExpirationActionParameters","cacheBehavior":"Override","cacheType":"All","cacheDuration":"00:05:00"}}]},{"name":null,"order":1,"conditions":[{"name":"UrlPath","parameters":{"typeName":"DeliveryRuleUrlPathConditionParameters","path":"/test2/*","matchType":"Wildcard"}}],"actions":[{"name":"CacheExpiration","parameters":{"typeName":"DeliveryRuleCacheExpirationActionParameters","cacheBehavior":"Override","cacheType":"All","cacheDuration":"00:05:00"}}]},{"name":null,"order":2,"conditions":[{"name":"UrlFileExtension","parameters":{"typeName":"DeliveryRuleUrlFileExtensionConditionParameters","extensions":["mp4","mp3"]}}],"actions":[{"name":"CacheExpiration","parameters":{"typeName":"DeliveryRuleCacheExpirationActionParameters","cacheBehavior":"Override","cacheType":"All","cacheDuration":"00:05:00"}}]}]},"urlSigningKeys":null,"webApplicationFirewallPolicyLink":null,"resourceState":"Running","provisioningState":"Succeeded"}}'
    headers:
      cache-control:
      - no-cache
      content-length:
      - '2076'
      content-type:
      - application/json; charset=utf-8
      date:
      - Mon, 30 Jan 2023 07:55:20 GMT
      expires:
      - '-1'
      pragma:
      - no-cache
      server:
      - Kestrel
      strict-transport-security:
      - max-age=31536000; includeSubDomains
      transfer-encoding:
      - chunked
      vary:
      - Accept-Encoding
      x-content-type-options:
      - nosniff
      x-ms-ratelimit-remaining-subscription-resource-requests:
      - '49'
    status:
      code: 200
      message: OK
- request:
    body: '{"properties": {"deliveryPolicy": {"description": "delivery_policy", "rules":
      [{"order": 0, "conditions": [], "actions": [{"name": "CacheExpiration", "parameters":
      {"typeName": "DeliveryRuleCacheExpirationActionParameters", "cacheBehavior":
      "Override", "cacheType": "All", "cacheDuration": "00:05:00"}}]}, {"order": 1,
      "conditions": [{"name": "UrlPath", "parameters": {"typeName": "DeliveryRuleUrlPathMatchConditionParameters",
      "operator": "Wildcard", "matchValues": ["/test2/*"]}}], "actions": [{"name":
      "CacheExpiration", "parameters": {"typeName": "DeliveryRuleCacheExpirationActionParameters",
      "cacheBehavior": "Override", "cacheType": "All", "cacheDuration": "00:05:00"}}]}]}}}'
    headers:
      Accept:
      - application/json
      Accept-Encoding:
      - gzip, deflate
      CommandName:
      - cdn endpoint rule remove
      Connection:
      - keep-alive
      Content-Length:
      - '682'
      Content-Type:
      - application/json
      ParameterSetName:
      - -g -n --profile-name --order
      User-Agent:
      - AZURECLI/2.44.1 azsdk-python-mgmt-cdn/12.0.0 Python/3.10.9 (Linux-5.15.0-1031-azure-x86_64-with-glibc2.31)
        VSTS_7b238909-6802-4b65-b90d-184bca47f458_build_220_0
    method: PATCH
    uri: https://management.azure.com/subscriptions/00000000-0000-0000-0000-000000000000/resourceGroups/clitest.rg000001/providers/Microsoft.Cdn/profiles/akp000002/endpoints/endpoint000003?api-version=2021-06-01
  response:
    body:
      string: '{"id":"/subscriptions/00000000-0000-0000-0000-000000000000/resourcegroups/clitest.rg000001/providers/Microsoft.Cdn/profiles/akp000002/endpoints/endpoint000003","type":"Microsoft.Cdn/profiles/endpoints","name":"endpoint000003","location":"WestUs","tags":{},"properties":{"hostName":"endpoint000003.azureedge.net","originHostHeader":null,"originPath":null,"contentTypesToCompress":[],"isCompressionEnabled":false,"isHttpAllowed":true,"isHttpsAllowed":true,"queryStringCachingBehavior":"IgnoreQueryString","optimizationType":null,"probePath":null,"origins":[{"name":"origin-0","properties":{"hostName":"huaiyiztesthost1.blob.core.chinacloudapi.cn","httpPort":80,"httpsPort":443,"originHostHeader":null,"priority":null,"weight":null,"enabled":true,"privateLinkAlias":null,"privateLinkResourceId":null,"privateLinkLocation":null,"privateEndpointStatus":null,"privateLinkApprovalMessage":null}}],"originGroups":[],"defaultOriginGroup":null,"customDomains":[],"geoFilters":[],"deliveryPolicy":{"description":"delivery_policy","rules":[{"name":null,"order":0,"conditions":[],"actions":[{"name":"CacheExpiration","parameters":{"typeName":"DeliveryRuleCacheExpirationActionParameters","cacheBehavior":"Override","cacheType":"All","cacheDuration":"00:05:00"}}]},{"name":null,"order":1,"conditions":[{"name":"UrlPath","parameters":{"typeName":"DeliveryRuleUrlPathConditionParameters","path":"/test2/*","matchType":"Wildcard"}}],"actions":[{"name":"CacheExpiration","parameters":{"typeName":"DeliveryRuleCacheExpirationActionParameters","cacheBehavior":"Override","cacheType":"All","cacheDuration":"00:05:00"}}]}]},"urlSigningKeys":null,"webApplicationFirewallPolicyLink":null,"resourceState":"Running","provisioningState":"Succeeded"}}'
    headers:
      azure-asyncoperation:
      - https://management.azure.com/subscriptions/00000000-0000-0000-0000-000000000000/resourcegroups/clitest.rg000001/providers/Microsoft.Cdn/operationresults/efda72e1-e17d-4a18-a4f7-8415e0030a5e?api-version=2021-06-01
      cache-control:
      - no-cache
      content-length:
      - '1723'
      content-type:
      - application/json; charset=utf-8
      date:
      - Mon, 30 Jan 2023 07:55:23 GMT
      expires:
      - '-1'
      location:
      - https://management.azure.com/subscriptions/00000000-0000-0000-0000-000000000000/resourcegroups/clitest.rg000001/providers/Microsoft.Cdn/operationresults/efda72e1-e17d-4a18-a4f7-8415e0030a5e/profileresults/akp000002/endpointresults/endpoint000003?api-version=2021-06-01
      pragma:
      - no-cache
      server:
      - Kestrel
      strict-transport-security:
      - max-age=31536000; includeSubDomains
      x-content-type-options:
      - nosniff
      x-ms-ratelimit-remaining-subscription-resource-requests:
      - '99'
    status:
      code: 202
      message: Accepted
- request:
    body: null
    headers:
      Accept:
      - '*/*'
      Accept-Encoding:
      - gzip, deflate
      CommandName:
      - cdn endpoint rule remove
      Connection:
      - keep-alive
      ParameterSetName:
      - -g -n --profile-name --order
      User-Agent:
      - AZURECLI/2.44.1 azsdk-python-mgmt-cdn/12.0.0 Python/3.10.9 (Linux-5.15.0-1031-azure-x86_64-with-glibc2.31)
        VSTS_7b238909-6802-4b65-b90d-184bca47f458_build_220_0
    method: GET
    uri: https://management.azure.com/subscriptions/00000000-0000-0000-0000-000000000000/resourcegroups/clitest.rg000001/providers/Microsoft.Cdn/operationresults/efda72e1-e17d-4a18-a4f7-8415e0030a5e?api-version=2021-06-01
  response:
    body:
      string: '{"status":"InProgress","error":{"code":"None","message":null}}'
    headers:
      cache-control:
      - no-cache
      content-length:
      - '62'
      content-type:
      - application/json; charset=utf-8
      date:
      - Mon, 30 Jan 2023 07:55:34 GMT
      expires:
      - '-1'
      pragma:
      - no-cache
      server:
      - Kestrel
      strict-transport-security:
      - max-age=31536000; includeSubDomains
      transfer-encoding:
      - chunked
      vary:
      - Accept-Encoding
      x-content-type-options:
      - nosniff
    status:
      code: 200
      message: OK
- request:
    body: null
    headers:
      Accept:
      - '*/*'
      Accept-Encoding:
      - gzip, deflate
      CommandName:
      - cdn endpoint rule remove
      Connection:
      - keep-alive
      ParameterSetName:
      - -g -n --profile-name --order
      User-Agent:
      - AZURECLI/2.44.1 azsdk-python-mgmt-cdn/12.0.0 Python/3.10.9 (Linux-5.15.0-1031-azure-x86_64-with-glibc2.31)
        VSTS_7b238909-6802-4b65-b90d-184bca47f458_build_220_0
    method: GET
    uri: https://management.azure.com/subscriptions/00000000-0000-0000-0000-000000000000/resourcegroups/clitest.rg000001/providers/Microsoft.Cdn/operationresults/efda72e1-e17d-4a18-a4f7-8415e0030a5e?api-version=2021-06-01
  response:
    body:
      string: '{"status":"Succeeded","error":{"code":"None","message":null}}'
    headers:
      cache-control:
      - no-cache
      content-length:
      - '61'
      content-type:
      - application/json; charset=utf-8
      date:
      - Mon, 30 Jan 2023 07:56:04 GMT
      expires:
      - '-1'
      pragma:
      - no-cache
      server:
      - Kestrel
      strict-transport-security:
      - max-age=31536000; includeSubDomains
      transfer-encoding:
      - chunked
      vary:
      - Accept-Encoding
      x-content-type-options:
      - nosniff
    status:
      code: 200
      message: OK
- request:
    body: null
    headers:
      Accept:
      - '*/*'
      Accept-Encoding:
      - gzip, deflate
      CommandName:
      - cdn endpoint rule remove
      Connection:
      - keep-alive
      ParameterSetName:
      - -g -n --profile-name --order
      User-Agent:
      - AZURECLI/2.44.1 azsdk-python-mgmt-cdn/12.0.0 Python/3.10.9 (Linux-5.15.0-1031-azure-x86_64-with-glibc2.31)
        VSTS_7b238909-6802-4b65-b90d-184bca47f458_build_220_0
    method: GET
    uri: https://management.azure.com/subscriptions/00000000-0000-0000-0000-000000000000/resourceGroups/clitest.rg000001/providers/Microsoft.Cdn/profiles/akp000002/endpoints/endpoint000003?api-version=2021-06-01
  response:
    body:
      string: '{"id":"/subscriptions/00000000-0000-0000-0000-000000000000/resourcegroups/clitest.rg000001/providers/Microsoft.Cdn/profiles/akp000002/endpoints/endpoint000003","type":"Microsoft.Cdn/profiles/endpoints","name":"endpoint000003","location":"WestUs","tags":{},"properties":{"hostName":"endpoint000003.azureedge.net","originHostHeader":null,"originPath":null,"contentTypesToCompress":[],"isCompressionEnabled":false,"isHttpAllowed":true,"isHttpsAllowed":true,"queryStringCachingBehavior":"IgnoreQueryString","optimizationType":null,"probePath":null,"origins":[{"name":"origin-0","properties":{"hostName":"huaiyiztesthost1.blob.core.chinacloudapi.cn","httpPort":80,"httpsPort":443,"originHostHeader":null,"priority":null,"weight":null,"enabled":true,"privateLinkAlias":null,"privateLinkResourceId":null,"privateLinkLocation":null,"privateEndpointStatus":null,"privateLinkApprovalMessage":null}}],"originGroups":[],"defaultOriginGroup":null,"customDomains":[],"geoFilters":[],"deliveryPolicy":{"description":"delivery_policy","rules":[{"name":null,"order":0,"conditions":[],"actions":[{"name":"CacheExpiration","parameters":{"typeName":"DeliveryRuleCacheExpirationActionParameters","cacheBehavior":"Override","cacheType":"All","cacheDuration":"00:05:00"}}]},{"name":null,"order":1,"conditions":[{"name":"UrlPath","parameters":{"typeName":"DeliveryRuleUrlPathConditionParameters","path":"/test2/*","matchType":"Wildcard"}}],"actions":[{"name":"CacheExpiration","parameters":{"typeName":"DeliveryRuleCacheExpirationActionParameters","cacheBehavior":"Override","cacheType":"All","cacheDuration":"00:05:00"}}]}]},"urlSigningKeys":null,"webApplicationFirewallPolicyLink":null,"resourceState":"Running","provisioningState":"Succeeded"}}'
    headers:
      cache-control:
      - no-cache
      content-length:
      - '1723'
      content-type:
      - application/json; charset=utf-8
      date:
      - Mon, 30 Jan 2023 07:56:04 GMT
      expires:
      - '-1'
      pragma:
      - no-cache
      server:
      - Kestrel
      strict-transport-security:
      - max-age=31536000; includeSubDomains
      transfer-encoding:
      - chunked
      vary:
      - Accept-Encoding
      x-content-type-options:
      - nosniff
      x-ms-ratelimit-remaining-subscription-resource-requests:
      - '48'
    status:
      code: 200
      message: OK
- request:
    body: null
    headers:
      Accept:
      - application/json
      Accept-Encoding:
      - gzip, deflate
      CommandName:
      - cdn endpoint rule remove
      Connection:
      - keep-alive
      ParameterSetName:
      - -g -n --profile-name --order
      User-Agent:
      - AZURECLI/2.44.1 azsdk-python-mgmt-cdn/12.0.0 Python/3.10.9 (Linux-5.15.0-1031-azure-x86_64-with-glibc2.31)
        VSTS_7b238909-6802-4b65-b90d-184bca47f458_build_220_0
    method: GET
    uri: https://management.azure.com/subscriptions/00000000-0000-0000-0000-000000000000/resourceGroups/clitest.rg000001/providers/Microsoft.Cdn/profiles/akp000002/endpoints/endpoint000003?api-version=2021-06-01
  response:
    body:
      string: '{"id":"/subscriptions/00000000-0000-0000-0000-000000000000/resourcegroups/clitest.rg000001/providers/Microsoft.Cdn/profiles/akp000002/endpoints/endpoint000003","type":"Microsoft.Cdn/profiles/endpoints","name":"endpoint000003","location":"WestUs","tags":{},"properties":{"hostName":"endpoint000003.azureedge.net","originHostHeader":null,"originPath":null,"contentTypesToCompress":[],"isCompressionEnabled":false,"isHttpAllowed":true,"isHttpsAllowed":true,"queryStringCachingBehavior":"IgnoreQueryString","optimizationType":null,"probePath":null,"origins":[{"name":"origin-0","properties":{"hostName":"huaiyiztesthost1.blob.core.chinacloudapi.cn","httpPort":80,"httpsPort":443,"originHostHeader":null,"priority":null,"weight":null,"enabled":true,"privateLinkAlias":null,"privateLinkResourceId":null,"privateLinkLocation":null,"privateEndpointStatus":null,"privateLinkApprovalMessage":null}}],"originGroups":[],"defaultOriginGroup":null,"customDomains":[],"geoFilters":[],"deliveryPolicy":{"description":"delivery_policy","rules":[{"name":null,"order":0,"conditions":[],"actions":[{"name":"CacheExpiration","parameters":{"typeName":"DeliveryRuleCacheExpirationActionParameters","cacheBehavior":"Override","cacheType":"All","cacheDuration":"00:05:00"}}]},{"name":null,"order":1,"conditions":[{"name":"UrlPath","parameters":{"typeName":"DeliveryRuleUrlPathConditionParameters","path":"/test2/*","matchType":"Wildcard"}}],"actions":[{"name":"CacheExpiration","parameters":{"typeName":"DeliveryRuleCacheExpirationActionParameters","cacheBehavior":"Override","cacheType":"All","cacheDuration":"00:05:00"}}]}]},"urlSigningKeys":null,"webApplicationFirewallPolicyLink":null,"resourceState":"Running","provisioningState":"Succeeded"}}'
    headers:
      cache-control:
      - no-cache
      content-length:
      - '1723'
      content-type:
      - application/json; charset=utf-8
      date:
      - Mon, 30 Jan 2023 07:56:04 GMT
      expires:
      - '-1'
      pragma:
      - no-cache
      server:
      - Kestrel
      strict-transport-security:
      - max-age=31536000; includeSubDomains
      transfer-encoding:
      - chunked
      vary:
      - Accept-Encoding
      x-content-type-options:
      - nosniff
      x-ms-ratelimit-remaining-subscription-resource-requests:
      - '49'
    status:
      code: 200
      message: OK
- request:
    body: '{"properties": {"deliveryPolicy": {"description": "delivery_policy", "rules":
      [{"order": 0, "conditions": [], "actions": [{"name": "CacheExpiration", "parameters":
      {"typeName": "DeliveryRuleCacheExpirationActionParameters", "cacheBehavior":
      "Override", "cacheType": "All", "cacheDuration": "00:05:00"}}]}]}}}'
    headers:
      Accept:
      - application/json
      Accept-Encoding:
      - gzip, deflate
      CommandName:
      - cdn endpoint rule remove
      Connection:
      - keep-alive
      Content-Length:
      - '308'
      Content-Type:
      - application/json
      ParameterSetName:
      - -g -n --profile-name --order
      User-Agent:
      - AZURECLI/2.44.1 azsdk-python-mgmt-cdn/12.0.0 Python/3.10.9 (Linux-5.15.0-1031-azure-x86_64-with-glibc2.31)
        VSTS_7b238909-6802-4b65-b90d-184bca47f458_build_220_0
    method: PATCH
    uri: https://management.azure.com/subscriptions/00000000-0000-0000-0000-000000000000/resourceGroups/clitest.rg000001/providers/Microsoft.Cdn/profiles/akp000002/endpoints/endpoint000003?api-version=2021-06-01
  response:
    body:
      string: '{"id":"/subscriptions/00000000-0000-0000-0000-000000000000/resourcegroups/clitest.rg000001/providers/Microsoft.Cdn/profiles/akp000002/endpoints/endpoint000003","type":"Microsoft.Cdn/profiles/endpoints","name":"endpoint000003","location":"WestUs","tags":{},"properties":{"hostName":"endpoint000003.azureedge.net","originHostHeader":null,"originPath":null,"contentTypesToCompress":[],"isCompressionEnabled":false,"isHttpAllowed":true,"isHttpsAllowed":true,"queryStringCachingBehavior":"IgnoreQueryString","optimizationType":null,"probePath":null,"origins":[{"name":"origin-0","properties":{"hostName":"huaiyiztesthost1.blob.core.chinacloudapi.cn","httpPort":80,"httpsPort":443,"originHostHeader":null,"priority":null,"weight":null,"enabled":true,"privateLinkAlias":null,"privateLinkResourceId":null,"privateLinkLocation":null,"privateEndpointStatus":null,"privateLinkApprovalMessage":null}}],"originGroups":[],"defaultOriginGroup":null,"customDomains":[],"geoFilters":[],"deliveryPolicy":{"description":"delivery_policy","rules":[{"name":null,"order":0,"conditions":[],"actions":[{"name":"CacheExpiration","parameters":{"typeName":"DeliveryRuleCacheExpirationActionParameters","cacheBehavior":"Override","cacheType":"All","cacheDuration":"00:05:00"}}]}]},"urlSigningKeys":null,"webApplicationFirewallPolicyLink":null,"resourceState":"Running","provisioningState":"Succeeded"}}'
    headers:
      azure-asyncoperation:
      - https://management.azure.com/subscriptions/00000000-0000-0000-0000-000000000000/resourcegroups/clitest.rg000001/providers/Microsoft.Cdn/operationresults/181656f8-27bc-4ef6-a851-ae652b5b8711?api-version=2021-06-01
      cache-control:
      - no-cache
      content-length:
      - '1374'
      content-type:
      - application/json; charset=utf-8
      date:
      - Mon, 30 Jan 2023 07:56:08 GMT
      expires:
      - '-1'
      location:
      - https://management.azure.com/subscriptions/00000000-0000-0000-0000-000000000000/resourcegroups/clitest.rg000001/providers/Microsoft.Cdn/operationresults/181656f8-27bc-4ef6-a851-ae652b5b8711/profileresults/akp000002/endpointresults/endpoint000003?api-version=2021-06-01
      pragma:
      - no-cache
      server:
      - Kestrel
      strict-transport-security:
      - max-age=31536000; includeSubDomains
      x-content-type-options:
      - nosniff
      x-ms-ratelimit-remaining-subscription-resource-requests:
      - '99'
    status:
      code: 202
      message: Accepted
- request:
    body: null
    headers:
      Accept:
      - '*/*'
      Accept-Encoding:
      - gzip, deflate
      CommandName:
      - cdn endpoint rule remove
      Connection:
      - keep-alive
      ParameterSetName:
      - -g -n --profile-name --order
      User-Agent:
      - AZURECLI/2.44.1 azsdk-python-mgmt-cdn/12.0.0 Python/3.10.9 (Linux-5.15.0-1031-azure-x86_64-with-glibc2.31)
        VSTS_7b238909-6802-4b65-b90d-184bca47f458_build_220_0
    method: GET
    uri: https://management.azure.com/subscriptions/00000000-0000-0000-0000-000000000000/resourcegroups/clitest.rg000001/providers/Microsoft.Cdn/operationresults/181656f8-27bc-4ef6-a851-ae652b5b8711?api-version=2021-06-01
  response:
    body:
      string: '{"status":"InProgress","error":{"code":"None","message":null}}'
    headers:
      cache-control:
      - no-cache
      content-length:
      - '62'
      content-type:
      - application/json; charset=utf-8
      date:
      - Mon, 30 Jan 2023 07:56:18 GMT
      expires:
      - '-1'
      pragma:
      - no-cache
      server:
      - Kestrel
      strict-transport-security:
      - max-age=31536000; includeSubDomains
      transfer-encoding:
      - chunked
      vary:
      - Accept-Encoding
      x-content-type-options:
      - nosniff
    status:
      code: 200
      message: OK
- request:
    body: null
    headers:
      Accept:
      - '*/*'
      Accept-Encoding:
      - gzip, deflate
      CommandName:
      - cdn endpoint rule remove
      Connection:
      - keep-alive
      ParameterSetName:
      - -g -n --profile-name --order
      User-Agent:
      - AZURECLI/2.44.1 azsdk-python-mgmt-cdn/12.0.0 Python/3.10.9 (Linux-5.15.0-1031-azure-x86_64-with-glibc2.31)
        VSTS_7b238909-6802-4b65-b90d-184bca47f458_build_220_0
    method: GET
    uri: https://management.azure.com/subscriptions/00000000-0000-0000-0000-000000000000/resourcegroups/clitest.rg000001/providers/Microsoft.Cdn/operationresults/181656f8-27bc-4ef6-a851-ae652b5b8711?api-version=2021-06-01
  response:
    body:
      string: '{"status":"Succeeded","error":{"code":"None","message":null}}'
    headers:
      cache-control:
      - no-cache
      content-length:
      - '61'
      content-type:
      - application/json; charset=utf-8
      date:
      - Mon, 30 Jan 2023 07:56:49 GMT
      expires:
      - '-1'
      pragma:
      - no-cache
      server:
      - Kestrel
      strict-transport-security:
      - max-age=31536000; includeSubDomains
      transfer-encoding:
      - chunked
      vary:
      - Accept-Encoding
      x-content-type-options:
      - nosniff
    status:
      code: 200
      message: OK
- request:
    body: null
    headers:
      Accept:
      - '*/*'
      Accept-Encoding:
      - gzip, deflate
      CommandName:
      - cdn endpoint rule remove
      Connection:
      - keep-alive
      ParameterSetName:
      - -g -n --profile-name --order
      User-Agent:
      - AZURECLI/2.44.1 azsdk-python-mgmt-cdn/12.0.0 Python/3.10.9 (Linux-5.15.0-1031-azure-x86_64-with-glibc2.31)
        VSTS_7b238909-6802-4b65-b90d-184bca47f458_build_220_0
    method: GET
    uri: https://management.azure.com/subscriptions/00000000-0000-0000-0000-000000000000/resourceGroups/clitest.rg000001/providers/Microsoft.Cdn/profiles/akp000002/endpoints/endpoint000003?api-version=2021-06-01
  response:
    body:
      string: '{"id":"/subscriptions/00000000-0000-0000-0000-000000000000/resourcegroups/clitest.rg000001/providers/Microsoft.Cdn/profiles/akp000002/endpoints/endpoint000003","type":"Microsoft.Cdn/profiles/endpoints","name":"endpoint000003","location":"WestUs","tags":{},"properties":{"hostName":"endpoint000003.azureedge.net","originHostHeader":null,"originPath":null,"contentTypesToCompress":[],"isCompressionEnabled":false,"isHttpAllowed":true,"isHttpsAllowed":true,"queryStringCachingBehavior":"IgnoreQueryString","optimizationType":null,"probePath":null,"origins":[{"name":"origin-0","properties":{"hostName":"huaiyiztesthost1.blob.core.chinacloudapi.cn","httpPort":80,"httpsPort":443,"originHostHeader":null,"priority":null,"weight":null,"enabled":true,"privateLinkAlias":null,"privateLinkResourceId":null,"privateLinkLocation":null,"privateEndpointStatus":null,"privateLinkApprovalMessage":null}}],"originGroups":[],"defaultOriginGroup":null,"customDomains":[],"geoFilters":[],"deliveryPolicy":{"description":"delivery_policy","rules":[{"name":null,"order":0,"conditions":[],"actions":[{"name":"CacheExpiration","parameters":{"typeName":"DeliveryRuleCacheExpirationActionParameters","cacheBehavior":"Override","cacheType":"All","cacheDuration":"00:05:00"}}]}]},"urlSigningKeys":null,"webApplicationFirewallPolicyLink":null,"resourceState":"Running","provisioningState":"Succeeded"}}'
    headers:
      cache-control:
      - no-cache
      content-length:
      - '1374'
      content-type:
      - application/json; charset=utf-8
      date:
      - Mon, 30 Jan 2023 07:56:49 GMT
      expires:
      - '-1'
      pragma:
      - no-cache
      server:
      - Kestrel
      strict-transport-security:
      - max-age=31536000; includeSubDomains
      transfer-encoding:
      - chunked
      vary:
      - Accept-Encoding
      x-content-type-options:
      - nosniff
      x-ms-ratelimit-remaining-subscription-resource-requests:
      - '48'
    status:
      code: 200
      message: OK
- request:
    body: null
    headers:
      Accept:
      - application/json
      Accept-Encoding:
      - gzip, deflate
      CommandName:
      - cdn endpoint rule remove
      Connection:
      - keep-alive
      ParameterSetName:
      - -g -n --profile-name --order
      User-Agent:
      - AZURECLI/2.44.1 azsdk-python-mgmt-cdn/12.0.0 Python/3.10.9 (Linux-5.15.0-1031-azure-x86_64-with-glibc2.31)
        VSTS_7b238909-6802-4b65-b90d-184bca47f458_build_220_0
    method: GET
    uri: https://management.azure.com/subscriptions/00000000-0000-0000-0000-000000000000/resourceGroups/clitest.rg000001/providers/Microsoft.Cdn/profiles/akp000002/endpoints/endpoint000003?api-version=2021-06-01
  response:
    body:
      string: '{"id":"/subscriptions/00000000-0000-0000-0000-000000000000/resourcegroups/clitest.rg000001/providers/Microsoft.Cdn/profiles/akp000002/endpoints/endpoint000003","type":"Microsoft.Cdn/profiles/endpoints","name":"endpoint000003","location":"WestUs","tags":{},"properties":{"hostName":"endpoint000003.azureedge.net","originHostHeader":null,"originPath":null,"contentTypesToCompress":[],"isCompressionEnabled":false,"isHttpAllowed":true,"isHttpsAllowed":true,"queryStringCachingBehavior":"IgnoreQueryString","optimizationType":null,"probePath":null,"origins":[{"name":"origin-0","properties":{"hostName":"huaiyiztesthost1.blob.core.chinacloudapi.cn","httpPort":80,"httpsPort":443,"originHostHeader":null,"priority":null,"weight":null,"enabled":true,"privateLinkAlias":null,"privateLinkResourceId":null,"privateLinkLocation":null,"privateEndpointStatus":null,"privateLinkApprovalMessage":null}}],"originGroups":[],"defaultOriginGroup":null,"customDomains":[],"geoFilters":[],"deliveryPolicy":{"description":"delivery_policy","rules":[{"name":null,"order":0,"conditions":[],"actions":[{"name":"CacheExpiration","parameters":{"typeName":"DeliveryRuleCacheExpirationActionParameters","cacheBehavior":"Override","cacheType":"All","cacheDuration":"00:05:00"}}]}]},"urlSigningKeys":null,"webApplicationFirewallPolicyLink":null,"resourceState":"Running","provisioningState":"Succeeded"}}'
    headers:
      cache-control:
      - no-cache
      content-length:
      - '1374'
      content-type:
      - application/json; charset=utf-8
      date:
      - Mon, 30 Jan 2023 07:56:50 GMT
      expires:
      - '-1'
      pragma:
      - no-cache
      server:
      - Kestrel
      strict-transport-security:
      - max-age=31536000; includeSubDomains
      transfer-encoding:
      - chunked
      vary:
      - Accept-Encoding
      x-content-type-options:
      - nosniff
      x-ms-ratelimit-remaining-subscription-resource-requests:
      - '49'
    status:
      code: 200
      message: OK
- request:
    body: '{"properties": {"deliveryPolicy": {"description": "delivery_policy", "rules":
      []}}}'
    headers:
      Accept:
      - application/json
      Accept-Encoding:
      - gzip, deflate
      CommandName:
      - cdn endpoint rule remove
      Connection:
      - keep-alive
      Content-Length:
      - '83'
      Content-Type:
      - application/json
      ParameterSetName:
      - -g -n --profile-name --order
      User-Agent:
      - AZURECLI/2.44.1 azsdk-python-mgmt-cdn/12.0.0 Python/3.10.9 (Linux-5.15.0-1031-azure-x86_64-with-glibc2.31)
        VSTS_7b238909-6802-4b65-b90d-184bca47f458_build_220_0
    method: PATCH
    uri: https://management.azure.com/subscriptions/00000000-0000-0000-0000-000000000000/resourceGroups/clitest.rg000001/providers/Microsoft.Cdn/profiles/akp000002/endpoints/endpoint000003?api-version=2021-06-01
  response:
    body:
      string: '{"id":"/subscriptions/00000000-0000-0000-0000-000000000000/resourcegroups/clitest.rg000001/providers/Microsoft.Cdn/profiles/akp000002/endpoints/endpoint000003","type":"Microsoft.Cdn/profiles/endpoints","name":"endpoint000003","location":"WestUs","tags":{},"properties":{"hostName":"endpoint000003.azureedge.net","originHostHeader":null,"originPath":null,"contentTypesToCompress":[],"isCompressionEnabled":false,"isHttpAllowed":true,"isHttpsAllowed":true,"queryStringCachingBehavior":"IgnoreQueryString","optimizationType":null,"probePath":null,"origins":[{"name":"origin-0","properties":{"hostName":"huaiyiztesthost1.blob.core.chinacloudapi.cn","httpPort":80,"httpsPort":443,"originHostHeader":null,"priority":null,"weight":null,"enabled":true,"privateLinkAlias":null,"privateLinkResourceId":null,"privateLinkLocation":null,"privateEndpointStatus":null,"privateLinkApprovalMessage":null}}],"originGroups":[],"defaultOriginGroup":null,"customDomains":[],"geoFilters":[],"deliveryPolicy":{"description":"delivery_policy","rules":[]},"urlSigningKeys":null,"webApplicationFirewallPolicyLink":null,"resourceState":"Running","provisioningState":"Succeeded"}}'
    headers:
      azure-asyncoperation:
      - https://management.azure.com/subscriptions/00000000-0000-0000-0000-000000000000/resourcegroups/clitest.rg000001/providers/Microsoft.Cdn/operationresults/b35b4abc-8ce5-4a61-9aa2-ceb87666b5dd?api-version=2021-06-01
      cache-control:
      - no-cache
      content-length:
      - '1152'
      content-type:
      - application/json; charset=utf-8
      date:
      - Mon, 30 Jan 2023 07:56:53 GMT
      expires:
      - '-1'
      location:
      - https://management.azure.com/subscriptions/00000000-0000-0000-0000-000000000000/resourcegroups/clitest.rg000001/providers/Microsoft.Cdn/operationresults/b35b4abc-8ce5-4a61-9aa2-ceb87666b5dd/profileresults/akp000002/endpointresults/endpoint000003?api-version=2021-06-01
      pragma:
      - no-cache
      server:
      - Kestrel
      strict-transport-security:
      - max-age=31536000; includeSubDomains
      x-content-type-options:
      - nosniff
      x-ms-ratelimit-remaining-subscription-resource-requests:
      - '98'
    status:
      code: 202
      message: Accepted
- request:
    body: null
    headers:
      Accept:
      - '*/*'
      Accept-Encoding:
      - gzip, deflate
      CommandName:
      - cdn endpoint rule remove
      Connection:
      - keep-alive
      ParameterSetName:
      - -g -n --profile-name --order
      User-Agent:
      - AZURECLI/2.44.1 azsdk-python-mgmt-cdn/12.0.0 Python/3.10.9 (Linux-5.15.0-1031-azure-x86_64-with-glibc2.31)
        VSTS_7b238909-6802-4b65-b90d-184bca47f458_build_220_0
    method: GET
    uri: https://management.azure.com/subscriptions/00000000-0000-0000-0000-000000000000/resourcegroups/clitest.rg000001/providers/Microsoft.Cdn/operationresults/b35b4abc-8ce5-4a61-9aa2-ceb87666b5dd?api-version=2021-06-01
  response:
    body:
      string: '{"status":"InProgress","error":{"code":"None","message":null}}'
    headers:
      cache-control:
      - no-cache
      content-length:
      - '62'
      content-type:
      - application/json; charset=utf-8
      date:
      - Mon, 30 Jan 2023 07:57:03 GMT
      expires:
      - '-1'
      pragma:
      - no-cache
      server:
      - Kestrel
      strict-transport-security:
      - max-age=31536000; includeSubDomains
      transfer-encoding:
      - chunked
      vary:
      - Accept-Encoding
      x-content-type-options:
      - nosniff
    status:
      code: 200
      message: OK
- request:
    body: null
    headers:
      Accept:
      - '*/*'
      Accept-Encoding:
      - gzip, deflate
      CommandName:
      - cdn endpoint rule remove
      Connection:
      - keep-alive
      ParameterSetName:
      - -g -n --profile-name --order
      User-Agent:
      - AZURECLI/2.44.1 azsdk-python-mgmt-cdn/12.0.0 Python/3.10.9 (Linux-5.15.0-1031-azure-x86_64-with-glibc2.31)
        VSTS_7b238909-6802-4b65-b90d-184bca47f458_build_220_0
    method: GET
    uri: https://management.azure.com/subscriptions/00000000-0000-0000-0000-000000000000/resourcegroups/clitest.rg000001/providers/Microsoft.Cdn/operationresults/b35b4abc-8ce5-4a61-9aa2-ceb87666b5dd?api-version=2021-06-01
  response:
    body:
      string: '{"status":"Succeeded","error":{"code":"None","message":null}}'
    headers:
      cache-control:
      - no-cache
      content-length:
      - '61'
      content-type:
      - application/json; charset=utf-8
      date:
      - Mon, 30 Jan 2023 07:57:33 GMT
      expires:
      - '-1'
      pragma:
      - no-cache
      server:
      - Kestrel
      strict-transport-security:
      - max-age=31536000; includeSubDomains
      transfer-encoding:
      - chunked
      vary:
      - Accept-Encoding
      x-content-type-options:
      - nosniff
    status:
      code: 200
      message: OK
- request:
    body: null
    headers:
      Accept:
      - '*/*'
      Accept-Encoding:
      - gzip, deflate
      CommandName:
      - cdn endpoint rule remove
      Connection:
      - keep-alive
      ParameterSetName:
      - -g -n --profile-name --order
      User-Agent:
      - AZURECLI/2.44.1 azsdk-python-mgmt-cdn/12.0.0 Python/3.10.9 (Linux-5.15.0-1031-azure-x86_64-with-glibc2.31)
        VSTS_7b238909-6802-4b65-b90d-184bca47f458_build_220_0
    method: GET
    uri: https://management.azure.com/subscriptions/00000000-0000-0000-0000-000000000000/resourceGroups/clitest.rg000001/providers/Microsoft.Cdn/profiles/akp000002/endpoints/endpoint000003?api-version=2021-06-01
  response:
    body:
      string: '{"id":"/subscriptions/00000000-0000-0000-0000-000000000000/resourcegroups/clitest.rg000001/providers/Microsoft.Cdn/profiles/akp000002/endpoints/endpoint000003","type":"Microsoft.Cdn/profiles/endpoints","name":"endpoint000003","location":"WestUs","tags":{},"properties":{"hostName":"endpoint000003.azureedge.net","originHostHeader":null,"originPath":null,"contentTypesToCompress":[],"isCompressionEnabled":false,"isHttpAllowed":true,"isHttpsAllowed":true,"queryStringCachingBehavior":"IgnoreQueryString","optimizationType":null,"probePath":null,"origins":[{"name":"origin-0","properties":{"hostName":"huaiyiztesthost1.blob.core.chinacloudapi.cn","httpPort":80,"httpsPort":443,"originHostHeader":null,"priority":null,"weight":null,"enabled":true,"privateLinkAlias":null,"privateLinkResourceId":null,"privateLinkLocation":null,"privateEndpointStatus":null,"privateLinkApprovalMessage":null}}],"originGroups":[],"defaultOriginGroup":null,"customDomains":[],"geoFilters":[],"deliveryPolicy":{"description":"delivery_policy","rules":[]},"urlSigningKeys":null,"webApplicationFirewallPolicyLink":null,"resourceState":"Running","provisioningState":"Succeeded"}}'
    headers:
      cache-control:
      - no-cache
      content-length:
      - '1152'
      content-type:
      - application/json; charset=utf-8
      date:
      - Mon, 30 Jan 2023 07:57:33 GMT
      expires:
      - '-1'
      pragma:
      - no-cache
      server:
      - Kestrel
      strict-transport-security:
      - max-age=31536000; includeSubDomains
      transfer-encoding:
      - chunked
      vary:
      - Accept-Encoding
      x-content-type-options:
      - nosniff
      x-ms-ratelimit-remaining-subscription-resource-requests:
      - '48'
    status:
      code: 200
      message: OK
- request:
    body: null
    headers:
      Accept:
      - application/json
      Accept-Encoding:
      - gzip, deflate
      CommandName:
      - cdn endpoint delete
      Connection:
      - keep-alive
      Content-Length:
      - '0'
      ParameterSetName:
      - -g -n --profile-name
      User-Agent:
      - AZURECLI/2.44.1 azsdk-python-mgmt-cdn/12.0.0 Python/3.10.9 (Linux-5.15.0-1031-azure-x86_64-with-glibc2.31)
        VSTS_7b238909-6802-4b65-b90d-184bca47f458_build_220_0
    method: DELETE
    uri: https://management.azure.com/subscriptions/00000000-0000-0000-0000-000000000000/resourceGroups/clitest.rg000001/providers/Microsoft.Cdn/profiles/akp000002/endpoints/endpoint000003?api-version=2021-06-01
  response:
    body:
      string: ''
    headers:
      azure-asyncoperation:
      - https://management.azure.com/subscriptions/00000000-0000-0000-0000-000000000000/resourcegroups/clitest.rg000001/providers/Microsoft.Cdn/operationresults/1700e101-6b9e-4889-82d1-f6d9dfbc1511?api-version=2021-06-01
      cache-control:
      - no-cache
      content-length:
      - '0'
      date:
      - Mon, 30 Jan 2023 07:57:33 GMT
      expires:
      - '-1'
      location:
      - https://management.azure.com/subscriptions/00000000-0000-0000-0000-000000000000/resourcegroups/clitest.rg000001/providers/Microsoft.Cdn/operationresults/1700e101-6b9e-4889-82d1-f6d9dfbc1511/profileresults/akp000002/endpointresults/endpoint000003?api-version=2021-06-01
      pragma:
      - no-cache
      server:
      - Kestrel
      strict-transport-security:
      - max-age=31536000; includeSubDomains
      x-content-type-options:
      - nosniff
      x-ms-ratelimit-remaining-subscription-deletes:
      - '14999'
    status:
      code: 202
      message: Accepted
- request:
    body: null
    headers:
      Accept:
      - '*/*'
      Accept-Encoding:
      - gzip, deflate
      CommandName:
      - cdn endpoint delete
      Connection:
      - keep-alive
      ParameterSetName:
      - -g -n --profile-name
      User-Agent:
      - AZURECLI/2.44.1 azsdk-python-mgmt-cdn/12.0.0 Python/3.10.9 (Linux-5.15.0-1031-azure-x86_64-with-glibc2.31)
        VSTS_7b238909-6802-4b65-b90d-184bca47f458_build_220_0
    method: GET
    uri: https://management.azure.com/subscriptions/00000000-0000-0000-0000-000000000000/resourcegroups/clitest.rg000001/providers/Microsoft.Cdn/operationresults/1700e101-6b9e-4889-82d1-f6d9dfbc1511?api-version=2021-06-01
  response:
    body:
      string: '{"status":"InProgress","error":{"code":"None","message":null}}'
    headers:
      cache-control:
      - no-cache
      content-length:
      - '62'
      content-type:
      - application/json; charset=utf-8
      date:
      - Mon, 30 Jan 2023 07:57:44 GMT
      expires:
      - '-1'
      pragma:
      - no-cache
      server:
      - Kestrel
      strict-transport-security:
      - max-age=31536000; includeSubDomains
      transfer-encoding:
      - chunked
      vary:
      - Accept-Encoding
      x-content-type-options:
      - nosniff
    status:
      code: 200
      message: OK
- request:
    body: null
    headers:
      Accept:
      - '*/*'
      Accept-Encoding:
      - gzip, deflate
      CommandName:
      - cdn endpoint delete
      Connection:
      - keep-alive
      ParameterSetName:
      - -g -n --profile-name
      User-Agent:
      - AZURECLI/2.44.1 azsdk-python-mgmt-cdn/12.0.0 Python/3.10.9 (Linux-5.15.0-1031-azure-x86_64-with-glibc2.31)
        VSTS_7b238909-6802-4b65-b90d-184bca47f458_build_220_0
    method: GET
    uri: https://management.azure.com/subscriptions/00000000-0000-0000-0000-000000000000/resourcegroups/clitest.rg000001/providers/Microsoft.Cdn/operationresults/1700e101-6b9e-4889-82d1-f6d9dfbc1511?api-version=2021-06-01
  response:
    body:
      string: '{"status":"Succeeded","error":{"code":"None","message":null}}'
    headers:
      cache-control:
      - no-cache
      content-length:
      - '61'
      content-type:
      - application/json; charset=utf-8
      date:
      - Mon, 30 Jan 2023 07:58:14 GMT
      expires:
      - '-1'
      pragma:
      - no-cache
      server:
      - Kestrel
      strict-transport-security:
      - max-age=31536000; includeSubDomains
      transfer-encoding:
      - chunked
      vary:
      - Accept-Encoding
      x-content-type-options:
      - nosniff
    status:
      code: 200
      message: OK
version: 1
