interactions:
- request:
    body: null
    headers:
      Accept:
      - application/json
      Accept-Encoding:
      - gzip, deflate
      CommandName:
      - cdn endpoint list
      Connection:
      - keep-alive
      ParameterSetName:
      - -g --profile-name
      User-Agent:
      - python/3.8.5 (macOS-10.16-x86_64-i386-64bit) msrest/0.6.18 msrest_azure/0.6.3
        azure-mgmt-cdn/5.1.0 Azure-SDK-For-Python AZURECLI/2.15.0
      accept-language:
      - en-US
    method: GET
    uri: https://management.azure.com/subscriptions/00000000-0000-0000-0000-000000000000/resourceGroups/clitest.rg000001/providers/Microsoft.Cdn/profiles/profile123/endpoints?api-version=2020-04-15
  response:
    body:
      string: '{"error":{"code":"ParentResourceNotFound","message":"Can not perform
        requested operation on nested resource. Parent resource ''profile123'' not
        found."}}'
    headers:
      cache-control:
      - no-cache
      content-length:
      - '151'
      content-type:
      - application/json; charset=utf-8
      date:
      - Wed, 18 Nov 2020 22:24:24 GMT
      expires:
      - '-1'
      pragma:
      - no-cache
      strict-transport-security:
      - max-age=31536000; includeSubDomains
      x-content-type-options:
      - nosniff
      x-ms-failure-cause:
      - gateway
    status:
      code: 404
      message: Not Found
- request:
    body: null
    headers:
      Accept:
      - application/json
      Accept-Encoding:
      - gzip, deflate
      CommandName:
      - cdn profile create
      Connection:
      - keep-alive
      ParameterSetName:
      - -g -n --sku
      User-Agent:
      - python/3.8.5 (macOS-10.16-x86_64-i386-64bit) msrest/0.6.18 msrest_azure/0.6.3
        azure-mgmt-resource/10.2.0 Azure-SDK-For-Python AZURECLI/2.15.0
      accept-language:
      - en-US
    method: GET
    uri: https://management.azure.com/subscriptions/00000000-0000-0000-0000-000000000000/resourcegroups/clitest.rg000001?api-version=2020-06-01
  response:
    body:
      string: '{"id":"/subscriptions/00000000-0000-0000-0000-000000000000/resourceGroups/clitest.rg000001","name":"clitest.rg000001","type":"Microsoft.Resources/resourceGroups","location":"westus","tags":{"product":"azurecli","cause":"automation","date":"2020-11-18T22:24:22Z"},"properties":{"provisioningState":"Succeeded"}}'
    headers:
      cache-control:
      - no-cache
      content-length:
      - '428'
      content-type:
      - application/json; charset=utf-8
      date:
      - Wed, 18 Nov 2020 22:24:24 GMT
      expires:
      - '-1'
      pragma:
      - no-cache
      strict-transport-security:
      - max-age=31536000; includeSubDomains
      vary:
      - Accept-Encoding
      x-content-type-options:
      - nosniff
    status:
      code: 200
      message: OK
- request:
    body: '{"location": "westus", "sku": {"name": "Standard_Microsoft"}}'
    headers:
      Accept:
      - application/json
      Accept-Encoding:
      - gzip, deflate
      CommandName:
      - cdn profile create
      Connection:
      - keep-alive
      Content-Length:
      - '61'
      Content-Type:
      - application/json; charset=utf-8
      ParameterSetName:
      - -g -n --sku
      User-Agent:
      - python/3.8.5 (macOS-10.16-x86_64-i386-64bit) msrest/0.6.18 msrest_azure/0.6.3
        azure-mgmt-cdn/5.1.0 Azure-SDK-For-Python AZURECLI/2.15.0
      accept-language:
      - en-US
    method: PUT
    uri: https://management.azure.com/subscriptions/00000000-0000-0000-0000-000000000000/resourceGroups/clitest.rg000001/providers/Microsoft.Cdn/profiles/profile123?api-version=2020-04-15
  response:
    body:
      string: "{\r\n  \"name\":\"profile123\",\"id\":\"/subscriptions/00000000-0000-0000-0000-000000000000/resourcegroups/clitest.rg000001/providers/Microsoft.Cdn/profiles/profile123\"\
        ,\"type\":\"Microsoft.Cdn/profiles\",\"tags\":{\r\n    \r\n  },\"location\"\
        :\"WestUs\",\"sku\":{\r\n    \"name\":\"Standard_Microsoft\"\r\n  },\"properties\"\
        :{\r\n    \"provisioningState\":\"Creating\",\"resourceState\":\"Creating\"\
        \r\n  }\r\n}"
    headers:
      azure-asyncoperation:
      - https://management.azure.com/subscriptions/00000000-0000-0000-0000-000000000000/resourcegroups/clitest.rg000001/providers/Microsoft.Cdn/operationresults/eee1812c-cf37-46c4-8454-d14a44e238fb?api-version=2020-04-15
      cache-control:
      - no-cache
      content-length:
      - '422'
      content-type:
      - application/json; odata.metadata=minimal
      date:
      - Wed, 18 Nov 2020 22:24:29 GMT
      expires:
      - '-1'
      odata-version:
      - '4.0'
      pragma:
      - no-cache
      server:
      - Microsoft-IIS/10.0
      strict-transport-security:
      - max-age=31536000; includeSubDomains
      x-aspnet-version:
      - 4.0.30319
      x-content-type-options:
      - nosniff
      x-ms-ratelimit-remaining-subscription-resource-requests:
      - '24'
      x-powered-by:
      - ASP.NET
    status:
      code: 201
      message: Created
- request:
    body: null
    headers:
      Accept:
      - application/json
      Accept-Encoding:
      - gzip, deflate
      CommandName:
      - cdn profile create
      Connection:
      - keep-alive
      ParameterSetName:
      - -g -n --sku
      User-Agent:
      - python/3.8.5 (macOS-10.16-x86_64-i386-64bit) msrest/0.6.18 msrest_azure/0.6.3
        azure-mgmt-cdn/5.1.0 Azure-SDK-For-Python AZURECLI/2.15.0
    method: GET
    uri: https://management.azure.com/subscriptions/00000000-0000-0000-0000-000000000000/resourcegroups/clitest.rg000001/providers/Microsoft.Cdn/operationresults/eee1812c-cf37-46c4-8454-d14a44e238fb?api-version=2020-04-15
  response:
    body:
      string: "{\r\n  \"status\":\"InProgress\",\"error\":{\r\n    \"code\":\"None\"\
        ,\"message\":null\r\n  }\r\n}"
    headers:
      cache-control:
      - no-cache
      content-length:
      - '78'
      content-type:
      - application/json; odata.metadata=minimal
      date:
      - Wed, 18 Nov 2020 22:24:39 GMT
      expires:
      - '-1'
      odata-version:
      - '4.0'
      pragma:
      - no-cache
      server:
      - Microsoft-IIS/10.0
      strict-transport-security:
      - max-age=31536000; includeSubDomains
      transfer-encoding:
      - chunked
      vary:
      - Accept-Encoding
      x-aspnet-version:
      - 4.0.30319
      x-content-type-options:
      - nosniff
      x-powered-by:
      - ASP.NET
    status:
      code: 200
      message: OK
- request:
    body: null
    headers:
      Accept:
      - application/json
      Accept-Encoding:
      - gzip, deflate
      CommandName:
      - cdn profile create
      Connection:
      - keep-alive
      ParameterSetName:
      - -g -n --sku
      User-Agent:
      - python/3.8.5 (macOS-10.16-x86_64-i386-64bit) msrest/0.6.18 msrest_azure/0.6.3
        azure-mgmt-cdn/5.1.0 Azure-SDK-For-Python AZURECLI/2.15.0
    method: GET
    uri: https://management.azure.com/subscriptions/00000000-0000-0000-0000-000000000000/resourcegroups/clitest.rg000001/providers/Microsoft.Cdn/operationresults/eee1812c-cf37-46c4-8454-d14a44e238fb?api-version=2020-04-15
  response:
    body:
      string: "{\r\n  \"status\":\"Succeeded\",\"error\":{\r\n    \"code\":\"None\"\
        ,\"message\":null\r\n  }\r\n}"
    headers:
      cache-control:
      - no-cache
      content-length:
      - '77'
      content-type:
      - application/json; odata.metadata=minimal
      date:
      - Wed, 18 Nov 2020 22:25:10 GMT
      expires:
      - '-1'
      odata-version:
      - '4.0'
      pragma:
      - no-cache
      server:
      - Microsoft-IIS/10.0
      strict-transport-security:
      - max-age=31536000; includeSubDomains
      transfer-encoding:
      - chunked
      vary:
      - Accept-Encoding
      x-aspnet-version:
      - 4.0.30319
      x-content-type-options:
      - nosniff
      x-powered-by:
      - ASP.NET
    status:
      code: 200
      message: OK
- request:
    body: null
    headers:
      Accept:
      - application/json
      Accept-Encoding:
      - gzip, deflate
      CommandName:
      - cdn profile create
      Connection:
      - keep-alive
      ParameterSetName:
      - -g -n --sku
      User-Agent:
      - python/3.8.5 (macOS-10.16-x86_64-i386-64bit) msrest/0.6.18 msrest_azure/0.6.3
        azure-mgmt-cdn/5.1.0 Azure-SDK-For-Python AZURECLI/2.15.0
    method: GET
    uri: https://management.azure.com/subscriptions/00000000-0000-0000-0000-000000000000/resourceGroups/clitest.rg000001/providers/Microsoft.Cdn/profiles/profile123?api-version=2020-04-15
  response:
    body:
      string: "{\r\n  \"name\":\"profile123\",\"id\":\"/subscriptions/00000000-0000-0000-0000-000000000000/resourcegroups/clitest.rg000001/providers/Microsoft.Cdn/profiles/profile123\"\
        ,\"type\":\"Microsoft.Cdn/profiles\",\"tags\":{\r\n    \r\n  },\"location\"\
        :\"WestUs\",\"sku\":{\r\n    \"name\":\"Standard_Microsoft\"\r\n  },\"properties\"\
        :{\r\n    \"provisioningState\":\"Succeeded\",\"resourceState\":\"Active\"\
        \r\n  }\r\n}"
    headers:
      cache-control:
      - no-cache
      content-length:
      - '421'
      content-type:
      - application/json; odata.metadata=minimal
      date:
      - Wed, 18 Nov 2020 22:25:12 GMT
      expires:
      - '-1'
      odata-version:
      - '4.0'
      pragma:
      - no-cache
      server:
      - Microsoft-IIS/10.0
      strict-transport-security:
      - max-age=31536000; includeSubDomains
      transfer-encoding:
      - chunked
      vary:
      - Accept-Encoding
      x-aspnet-version:
      - 4.0.30319
      x-content-type-options:
      - nosniff
      x-ms-ratelimit-remaining-subscription-resource-requests:
      - '49'
      x-powered-by:
      - ASP.NET
    status:
      code: 200
      message: OK
- request:
    body: null
    headers:
      Accept:
      - application/json
      Accept-Encoding:
      - gzip, deflate
      CommandName:
      - cdn endpoint create
      Connection:
      - keep-alive
      ParameterSetName:
      - -g -n --profile-name --origin
      User-Agent:
      - python/3.8.5 (macOS-10.16-x86_64-i386-64bit) msrest/0.6.18 msrest_azure/0.6.3
        azure-mgmt-resource/10.2.0 Azure-SDK-For-Python AZURECLI/2.15.0
      accept-language:
      - en-US
    method: GET
    uri: https://management.azure.com/subscriptions/00000000-0000-0000-0000-000000000000/resourcegroups/clitest.rg000001?api-version=2020-06-01
  response:
    body:
      string: '{"id":"/subscriptions/00000000-0000-0000-0000-000000000000/resourceGroups/clitest.rg000001","name":"clitest.rg000001","type":"Microsoft.Resources/resourceGroups","location":"westus","tags":{"product":"azurecli","cause":"automation","date":"2020-11-18T22:24:22Z"},"properties":{"provisioningState":"Succeeded"}}'
    headers:
      cache-control:
      - no-cache
      content-length:
      - '428'
      content-type:
      - application/json; charset=utf-8
      date:
      - Wed, 18 Nov 2020 22:25:12 GMT
      expires:
      - '-1'
      pragma:
      - no-cache
      strict-transport-security:
      - max-age=31536000; includeSubDomains
      vary:
      - Accept-Encoding
      x-content-type-options:
      - nosniff
    status:
      code: 200
      message: OK
- request:
    body: '{"location": "westus", "properties": {"isCompressionEnabled": false, "isHttpAllowed":
      true, "isHttpsAllowed": true, "origins": [{"name": "origin-0", "properties":
      {"hostName": "www.example.com", "httpPort": 80, "httpsPort": 443}}]}}'
    headers:
      Accept:
      - application/json
      Accept-Encoding:
      - gzip, deflate
      CommandName:
      - cdn endpoint create
      Connection:
      - keep-alive
      Content-Length:
      - '232'
      Content-Type:
      - application/json; charset=utf-8
      ParameterSetName:
      - -g -n --profile-name --origin
      User-Agent:
      - python/3.8.5 (macOS-10.16-x86_64-i386-64bit) msrest/0.6.18 msrest_azure/0.6.3
        azure-mgmt-cdn/5.1.0 Azure-SDK-For-Python AZURECLI/2.15.0
      accept-language:
      - en-US
    method: PUT
    uri: https://management.azure.com/subscriptions/00000000-0000-0000-0000-000000000000/resourceGroups/clitest.rg000001/providers/Microsoft.Cdn/profiles/profile123/endpoints/cdn-cli-test-4?api-version=2020-04-15
  response:
    body:
      string: "{\r\n  \"name\":\"cdn-cli-test-4\",\"id\":\"/subscriptions/00000000-0000-0000-0000-000000000000/resourcegroups/clitest.rg000001/providers/Microsoft.Cdn/profiles/profile123/endpoints/cdn-cli-test-4\"\
        ,\"type\":\"Microsoft.Cdn/profiles/endpoints\",\"tags\":{\r\n    \r\n  },\"\
        location\":\"WestUs\",\"properties\":{\r\n    \"hostName\":\"cdn-cli-test-4.azureedge.net\"\
        ,\"originHostHeader\":null,\"provisioningState\":\"Creating\",\"resourceState\"\
        :\"Creating\",\"isHttpAllowed\":true,\"isHttpsAllowed\":true,\"queryStringCachingBehavior\"\
        :\"IgnoreQueryString\",\"originPath\":null,\"origins\":[\r\n      {\r\n  \
        \      \"name\":\"origin-0\",\"properties\":{\r\n          \"hostName\":\"\
        www.example.com\",\"httpPort\":80,\"httpsPort\":443,\"originHostHeader\":null,\"\
        priority\":1,\"weight\":1000,\"enabled\":true,\"privateLinkResourceId\":null,\"\
        privateLinkLocation\":null,\"privateLinkAlias\":null,\"privateEndpointStatus\"\
        :null,\"privateLinkApprovalMessage\":null\r\n        }\r\n      }\r\n    ],\"\
        originGroups\":[\r\n      \r\n    ],\"defaultOriginGroup\":null,\"customDomains\"\
        :[\r\n      \r\n    ],\"contentTypesToCompress\":[\r\n      \r\n    ],\"isCompressionEnabled\"\
        :false,\"optimizationType\":null,\"probePath\":null,\"geoFilters\":[\r\n \
        \     \r\n    ],\"deliveryPolicy\":null,\"webApplicationFirewallPolicyLink\"\
        :null,\"urlSigningKeys\":[\r\n      \r\n    ]\r\n  }\r\n}"
    headers:
      azure-asyncoperation:
      - https://management.azure.com/subscriptions/00000000-0000-0000-0000-000000000000/resourcegroups/clitest.rg000001/providers/Microsoft.Cdn/operationresults/74cca49f-7260-49b3-8a36-3159e4284d48?api-version=2020-04-15
      cache-control:
      - no-cache
      content-length:
      - '1289'
      content-type:
      - application/json; odata.metadata=minimal
      date:
      - Wed, 18 Nov 2020 22:25:17 GMT
      expires:
      - '-1'
      odata-version:
      - '4.0'
      pragma:
      - no-cache
      server:
      - Microsoft-IIS/10.0
      strict-transport-security:
      - max-age=31536000; includeSubDomains
      x-aspnet-version:
      - 4.0.30319
      x-content-type-options:
      - nosniff
      x-ms-ratelimit-remaining-subscription-resource-requests:
      - '99'
      x-powered-by:
      - ASP.NET
    status:
      code: 201
      message: Created
- request:
    body: null
    headers:
      Accept:
      - application/json
      Accept-Encoding:
      - gzip, deflate
      CommandName:
      - cdn endpoint create
      Connection:
      - keep-alive
      ParameterSetName:
      - -g -n --profile-name --origin
      User-Agent:
      - python/3.8.5 (macOS-10.16-x86_64-i386-64bit) msrest/0.6.18 msrest_azure/0.6.3
        azure-mgmt-cdn/5.1.0 Azure-SDK-For-Python AZURECLI/2.15.0
    method: GET
    uri: https://management.azure.com/subscriptions/00000000-0000-0000-0000-000000000000/resourcegroups/clitest.rg000001/providers/Microsoft.Cdn/operationresults/74cca49f-7260-49b3-8a36-3159e4284d48?api-version=2020-04-15
  response:
    body:
      string: "{\r\n  \"status\":\"InProgress\",\"error\":{\r\n    \"code\":\"None\"\
        ,\"message\":null\r\n  }\r\n}"
    headers:
      cache-control:
      - no-cache
      content-length:
      - '78'
      content-type:
      - application/json; odata.metadata=minimal
      date:
      - Wed, 18 Nov 2020 22:25:28 GMT
      expires:
      - '-1'
      odata-version:
      - '4.0'
      pragma:
      - no-cache
      server:
      - Microsoft-IIS/10.0
      strict-transport-security:
      - max-age=31536000; includeSubDomains
      transfer-encoding:
      - chunked
      vary:
      - Accept-Encoding
      x-aspnet-version:
      - 4.0.30319
      x-content-type-options:
      - nosniff
      x-powered-by:
      - ASP.NET
    status:
      code: 200
      message: OK
- request:
    body: null
    headers:
      Accept:
      - application/json
      Accept-Encoding:
      - gzip, deflate
      CommandName:
      - cdn endpoint create
      Connection:
      - keep-alive
      ParameterSetName:
      - -g -n --profile-name --origin
      User-Agent:
      - python/3.8.5 (macOS-10.16-x86_64-i386-64bit) msrest/0.6.18 msrest_azure/0.6.3
        azure-mgmt-cdn/5.1.0 Azure-SDK-For-Python AZURECLI/2.15.0
    method: GET
    uri: https://management.azure.com/subscriptions/00000000-0000-0000-0000-000000000000/resourcegroups/clitest.rg000001/providers/Microsoft.Cdn/operationresults/74cca49f-7260-49b3-8a36-3159e4284d48?api-version=2020-04-15
  response:
    body:
      string: "{\r\n  \"status\":\"Succeeded\",\"error\":{\r\n    \"code\":\"None\"\
        ,\"message\":null\r\n  }\r\n}"
    headers:
      cache-control:
      - no-cache
      content-length:
      - '77'
      content-type:
      - application/json; odata.metadata=minimal
      date:
      - Wed, 18 Nov 2020 22:25:59 GMT
      expires:
      - '-1'
      odata-version:
      - '4.0'
      pragma:
      - no-cache
      server:
      - Microsoft-IIS/10.0
      strict-transport-security:
      - max-age=31536000; includeSubDomains
      transfer-encoding:
      - chunked
      vary:
      - Accept-Encoding
      x-aspnet-version:
      - 4.0.30319
      x-content-type-options:
      - nosniff
      x-powered-by:
      - ASP.NET
    status:
      code: 200
      message: OK
- request:
    body: null
    headers:
      Accept:
      - application/json
      Accept-Encoding:
      - gzip, deflate
      CommandName:
      - cdn endpoint create
      Connection:
      - keep-alive
      ParameterSetName:
      - -g -n --profile-name --origin
      User-Agent:
      - python/3.8.5 (macOS-10.16-x86_64-i386-64bit) msrest/0.6.18 msrest_azure/0.6.3
        azure-mgmt-cdn/5.1.0 Azure-SDK-For-Python AZURECLI/2.15.0
    method: GET
    uri: https://management.azure.com/subscriptions/00000000-0000-0000-0000-000000000000/resourceGroups/clitest.rg000001/providers/Microsoft.Cdn/profiles/profile123/endpoints/cdn-cli-test-4?api-version=2020-04-15
  response:
    body:
      string: "{\r\n  \"name\":\"cdn-cli-test-4\",\"id\":\"/subscriptions/00000000-0000-0000-0000-000000000000/resourcegroups/clitest.rg000001/providers/Microsoft.Cdn/profiles/profile123/endpoints/cdn-cli-test-4\"\
        ,\"type\":\"Microsoft.Cdn/profiles/endpoints\",\"tags\":{\r\n    \r\n  },\"\
        location\":\"WestUs\",\"properties\":{\r\n    \"hostName\":\"cdn-cli-test-4.azureedge.net\"\
        ,\"originHostHeader\":null,\"provisioningState\":\"Succeeded\",\"resourceState\"\
        :\"Running\",\"isHttpAllowed\":true,\"isHttpsAllowed\":true,\"queryStringCachingBehavior\"\
        :\"IgnoreQueryString\",\"originPath\":null,\"origins\":[\r\n      {\r\n  \
        \      \"name\":\"origin-0\",\"properties\":{\r\n          \"hostName\":\"\
        www.example.com\",\"httpPort\":80,\"httpsPort\":443,\"originHostHeader\":null,\"\
        priority\":1,\"weight\":1000,\"enabled\":true,\"privateLinkResourceId\":null,\"\
        privateLinkLocation\":null,\"privateLinkAlias\":null,\"privateEndpointStatus\"\
        :null,\"privateLinkApprovalMessage\":null\r\n        }\r\n      }\r\n    ],\"\
        originGroups\":[\r\n      \r\n    ],\"defaultOriginGroup\":null,\"customDomains\"\
        :[\r\n      \r\n    ],\"contentTypesToCompress\":[\r\n      \r\n    ],\"isCompressionEnabled\"\
        :false,\"optimizationType\":null,\"probePath\":null,\"geoFilters\":[\r\n \
        \     \r\n    ],\"deliveryPolicy\":null,\"webApplicationFirewallPolicyLink\"\
        :null,\"urlSigningKeys\":[\r\n      \r\n    ]\r\n  }\r\n}"
    headers:
      cache-control:
      - no-cache
      content-length:
      - '1289'
      content-type:
      - application/json; odata.metadata=minimal
      date:
      - Wed, 18 Nov 2020 22:26:00 GMT
      expires:
      - '-1'
      odata-version:
      - '4.0'
      pragma:
      - no-cache
      server:
      - Microsoft-IIS/10.0
      strict-transport-security:
      - max-age=31536000; includeSubDomains
      transfer-encoding:
      - chunked
      vary:
      - Accept-Encoding
      x-aspnet-version:
      - 4.0.30319
      x-content-type-options:
      - nosniff
      x-ms-ratelimit-remaining-subscription-resource-requests:
      - '49'
      x-powered-by:
      - ASP.NET
    status:
      code: 200
      message: OK
- request:
    body: null
    headers:
      Accept:
      - application/json
      Accept-Encoding:
      - gzip, deflate
      CommandName:
      - cdn custom-domain create
      Connection:
      - keep-alive
      ParameterSetName:
      - -g -n --endpoint-name --profile-name --hostname
      User-Agent:
      - python/3.8.5 (macOS-10.16-x86_64-i386-64bit) msrest/0.6.18 msrest_azure/0.6.3
        azure-mgmt-resource/10.2.0 Azure-SDK-For-Python AZURECLI/2.15.0
      accept-language:
      - en-US
    method: GET
    uri: https://management.azure.com/subscriptions/00000000-0000-0000-0000-000000000000/resourcegroups/clitest.rg000001?api-version=2020-06-01
  response:
    body:
      string: '{"id":"/subscriptions/00000000-0000-0000-0000-000000000000/resourceGroups/clitest.rg000001","name":"clitest.rg000001","type":"Microsoft.Resources/resourceGroups","location":"westus","tags":{"product":"azurecli","cause":"automation","date":"2020-11-18T22:24:22Z"},"properties":{"provisioningState":"Succeeded"}}'
    headers:
      cache-control:
      - no-cache
      content-length:
      - '428'
      content-type:
      - application/json; charset=utf-8
      date:
      - Wed, 18 Nov 2020 22:26:00 GMT
      expires:
      - '-1'
      pragma:
      - no-cache
      strict-transport-security:
      - max-age=31536000; includeSubDomains
      vary:
      - Accept-Encoding
      x-content-type-options:
      - nosniff
    status:
      code: 200
      message: OK
- request:
    body: '{"properties": {"hostName": "customdomain000002.cdn-cli-test-4.azfdtest.xyz"}}'
    headers:
      Accept:
      - application/json
      Accept-Encoding:
      - gzip, deflate
      CommandName:
      - cdn custom-domain create
      Connection:
      - keep-alive
      Content-Length:
      - '80'
      Content-Type:
      - application/json; charset=utf-8
      ParameterSetName:
      - -g -n --endpoint-name --profile-name --hostname
      User-Agent:
      - python/3.8.5 (macOS-10.16-x86_64-i386-64bit) msrest/0.6.18 msrest_azure/0.6.3
        azure-mgmt-cdn/5.1.0 Azure-SDK-For-Python AZURECLI/2.15.0
      accept-language:
      - en-US
    method: PUT
    uri: https://management.azure.com/subscriptions/00000000-0000-0000-0000-000000000000/resourceGroups/clitest.rg000001/providers/Microsoft.Cdn/profiles/profile123/endpoints/cdn-cli-test-4/customDomains/customdomain000002?api-version=2020-04-15
  response:
    body:
      string: "{\r\n  \"name\":\"customdomain000002\",\"id\":\"/subscriptions/00000000-0000-0000-0000-000000000000/resourcegroups/clitest.rg000001/providers/Microsoft.Cdn/profiles/profile123/endpoints/cdn-cli-test-4/customdomains/customdomain000002\"\
        ,\"type\":\"Microsoft.Cdn/profiles/endpoints/customdomains\",\"properties\"\
        :{\r\n    \"provisioningState\":\"Creating\",\"resourceState\":\"Creating\"\
        ,\"hostName\":\"customdomain000002.cdn-cli-test-4.azfdtest.xyz\",\"validationData\"\
        :null,\"customHttpsProvisioningState\":\"Disabled\",\"customHttpsProvisioningSubstate\"\
        :\"None\",\"customHttpsParameters\":null\r\n  }\r\n}"
    headers:
      azure-asyncoperation:
      - https://management.azure.com/subscriptions/00000000-0000-0000-0000-000000000000/resourcegroups/clitest.rg000001/providers/Microsoft.Cdn/operationresults/f829e18e-0901-46ac-a71e-dac5233542f6?api-version=2020-04-15
      cache-control:
      - no-cache
      content-length:
      - '626'
      content-type:
      - application/json; odata.metadata=minimal
      date:
      - Wed, 18 Nov 2020 22:26:03 GMT
      expires:
      - '-1'
      odata-version:
      - '4.0'
      pragma:
      - no-cache
      server:
      - Microsoft-IIS/10.0
      strict-transport-security:
      - max-age=31536000; includeSubDomains
      x-aspnet-version:
      - 4.0.30319
      x-content-type-options:
      - nosniff
      x-ms-ratelimit-remaining-subscription-writes:
      - '1199'
      x-powered-by:
      - ASP.NET
    status:
      code: 201
      message: Created
- request:
    body: null
    headers:
      Accept:
      - application/json
      Accept-Encoding:
      - gzip, deflate
      CommandName:
      - cdn custom-domain create
      Connection:
      - keep-alive
      ParameterSetName:
      - -g -n --endpoint-name --profile-name --hostname
      User-Agent:
      - python/3.8.5 (macOS-10.16-x86_64-i386-64bit) msrest/0.6.18 msrest_azure/0.6.3
        azure-mgmt-cdn/5.1.0 Azure-SDK-For-Python AZURECLI/2.15.0
    method: GET
    uri: https://management.azure.com/subscriptions/00000000-0000-0000-0000-000000000000/resourcegroups/clitest.rg000001/providers/Microsoft.Cdn/operationresults/f829e18e-0901-46ac-a71e-dac5233542f6?api-version=2020-04-15
  response:
    body:
      string: "{\r\n  \"status\":\"InProgress\",\"error\":{\r\n    \"code\":\"None\"\
        ,\"message\":null\r\n  }\r\n}"
    headers:
      cache-control:
      - no-cache
      content-length:
      - '78'
      content-type:
      - application/json; odata.metadata=minimal
      date:
      - Wed, 18 Nov 2020 22:26:13 GMT
      expires:
      - '-1'
      odata-version:
      - '4.0'
      pragma:
      - no-cache
      server:
      - Microsoft-IIS/10.0
      strict-transport-security:
      - max-age=31536000; includeSubDomains
      transfer-encoding:
      - chunked
      vary:
      - Accept-Encoding
      x-aspnet-version:
      - 4.0.30319
      x-content-type-options:
      - nosniff
      x-powered-by:
      - ASP.NET
    status:
      code: 200
      message: OK
- request:
    body: null
    headers:
      Accept:
      - application/json
      Accept-Encoding:
      - gzip, deflate
      CommandName:
      - cdn custom-domain create
      Connection:
      - keep-alive
      ParameterSetName:
      - -g -n --endpoint-name --profile-name --hostname
      User-Agent:
      - python/3.8.5 (macOS-10.16-x86_64-i386-64bit) msrest/0.6.18 msrest_azure/0.6.3
        azure-mgmt-cdn/5.1.0 Azure-SDK-For-Python AZURECLI/2.15.0
    method: GET
    uri: https://management.azure.com/subscriptions/00000000-0000-0000-0000-000000000000/resourcegroups/clitest.rg000001/providers/Microsoft.Cdn/operationresults/f829e18e-0901-46ac-a71e-dac5233542f6?api-version=2020-04-15
  response:
    body:
      string: "{\r\n  \"status\":\"Succeeded\",\"error\":{\r\n    \"code\":\"None\"\
        ,\"message\":null\r\n  }\r\n}"
    headers:
      cache-control:
      - no-cache
      content-length:
      - '77'
      content-type:
      - application/json; odata.metadata=minimal
      date:
      - Wed, 18 Nov 2020 22:26:43 GMT
      expires:
      - '-1'
      odata-version:
      - '4.0'
      pragma:
      - no-cache
      server:
      - Microsoft-IIS/10.0
      strict-transport-security:
      - max-age=31536000; includeSubDomains
      transfer-encoding:
      - chunked
      vary:
      - Accept-Encoding
      x-aspnet-version:
      - 4.0.30319
      x-content-type-options:
      - nosniff
      x-powered-by:
      - ASP.NET
    status:
      code: 200
      message: OK
- request:
    body: null
    headers:
      Accept:
      - application/json
      Accept-Encoding:
      - gzip, deflate
      CommandName:
      - cdn custom-domain create
      Connection:
      - keep-alive
      ParameterSetName:
      - -g -n --endpoint-name --profile-name --hostname
      User-Agent:
      - python/3.8.5 (macOS-10.16-x86_64-i386-64bit) msrest/0.6.18 msrest_azure/0.6.3
        azure-mgmt-cdn/5.1.0 Azure-SDK-For-Python AZURECLI/2.15.0
    method: GET
    uri: https://management.azure.com/subscriptions/00000000-0000-0000-0000-000000000000/resourceGroups/clitest.rg000001/providers/Microsoft.Cdn/profiles/profile123/endpoints/cdn-cli-test-4/customDomains/customdomain000002?api-version=2020-04-15
  response:
    body:
      string: "{\r\n  \"name\":\"customdomain000002\",\"id\":\"/subscriptions/00000000-0000-0000-0000-000000000000/resourcegroups/clitest.rg000001/providers/Microsoft.Cdn/profiles/profile123/endpoints/cdn-cli-test-4/customdomains/customdomain000002\"\
        ,\"type\":\"Microsoft.Cdn/profiles/endpoints/customdomains\",\"properties\"\
        :{\r\n    \"provisioningState\":\"Succeeded\",\"resourceState\":\"Active\"\
        ,\"hostName\":\"customdomain000002.cdn-cli-test-4.azfdtest.xyz\",\"validationData\"\
        :null,\"customHttpsProvisioningState\":\"Disabled\",\"customHttpsProvisioningSubstate\"\
        :\"None\",\"customHttpsParameters\":null\r\n  }\r\n}"
    headers:
      cache-control:
      - no-cache
      content-length:
      - '625'
      content-type:
      - application/json; odata.metadata=minimal
      date:
      - Wed, 18 Nov 2020 22:26:44 GMT
      expires:
      - '-1'
      odata-version:
      - '4.0'
      pragma:
      - no-cache
      server:
      - Microsoft-IIS/10.0
      strict-transport-security:
      - max-age=31536000; includeSubDomains
      transfer-encoding:
      - chunked
      vary:
      - Accept-Encoding
      x-aspnet-version:
      - 4.0.30319
      x-content-type-options:
      - nosniff
      x-powered-by:
      - ASP.NET
    status:
      code: 200
      message: OK
- request:
    body: null
    headers:
      Accept:
      - application/json
      Accept-Encoding:
      - gzip, deflate
      CommandName:
      - cdn custom-domain create
      Connection:
      - keep-alive
      ParameterSetName:
      - -g -n --endpoint-name --profile-name --hostname
      User-Agent:
      - python/3.8.5 (macOS-10.16-x86_64-i386-64bit) msrest/0.6.18 msrest_azure/0.6.3
        azure-mgmt-resource/10.2.0 Azure-SDK-For-Python AZURECLI/2.15.0
      accept-language:
      - en-US
    method: GET
    uri: https://management.azure.com/subscriptions/00000000-0000-0000-0000-000000000000/resourcegroups/clitest.rg000001?api-version=2020-06-01
  response:
    body:
      string: '{"id":"/subscriptions/00000000-0000-0000-0000-000000000000/resourceGroups/clitest.rg000001","name":"clitest.rg000001","type":"Microsoft.Resources/resourceGroups","location":"westus","tags":{"product":"azurecli","cause":"automation","date":"2020-11-18T22:24:22Z"},"properties":{"provisioningState":"Succeeded"}}'
    headers:
      cache-control:
      - no-cache
      content-length:
      - '428'
      content-type:
      - application/json; charset=utf-8
      date:
      - Wed, 18 Nov 2020 22:26:45 GMT
      expires:
      - '-1'
      pragma:
      - no-cache
      strict-transport-security:
      - max-age=31536000; includeSubDomains
      vary:
      - Accept-Encoding
      x-content-type-options:
      - nosniff
    status:
      code: 200
      message: OK
- request:
    body: '{"properties": {"hostName": "customdomain000003.cdn-cli-test-4.azfdtest.xyz"}}'
    headers:
      Accept:
      - application/json
      Accept-Encoding:
      - gzip, deflate
      CommandName:
      - cdn custom-domain create
      Connection:
      - keep-alive
      Content-Length:
      - '80'
      Content-Type:
      - application/json; charset=utf-8
      ParameterSetName:
      - -g -n --endpoint-name --profile-name --hostname
      User-Agent:
      - python/3.8.5 (macOS-10.16-x86_64-i386-64bit) msrest/0.6.18 msrest_azure/0.6.3
        azure-mgmt-cdn/5.1.0 Azure-SDK-For-Python AZURECLI/2.15.0
      accept-language:
      - en-US
    method: PUT
    uri: https://management.azure.com/subscriptions/00000000-0000-0000-0000-000000000000/resourceGroups/clitest.rg000001/providers/Microsoft.Cdn/profiles/profile123/endpoints/cdn-cli-test-4/customDomains/customdomain000003?api-version=2020-04-15
  response:
    body:
      string: "{\r\n  \"name\":\"customdomain000003\",\"id\":\"/subscriptions/00000000-0000-0000-0000-000000000000/resourcegroups/clitest.rg000001/providers/Microsoft.Cdn/profiles/profile123/endpoints/cdn-cli-test-4/customdomains/customdomain000003\"\
        ,\"type\":\"Microsoft.Cdn/profiles/endpoints/customdomains\",\"properties\"\
        :{\r\n    \"provisioningState\":\"Creating\",\"resourceState\":\"Creating\"\
        ,\"hostName\":\"customdomain000003.cdn-cli-test-4.azfdtest.xyz\",\"validationData\"\
        :null,\"customHttpsProvisioningState\":\"Disabled\",\"customHttpsProvisioningSubstate\"\
        :\"None\",\"customHttpsParameters\":null\r\n  }\r\n}"
    headers:
      azure-asyncoperation:
      - https://management.azure.com/subscriptions/00000000-0000-0000-0000-000000000000/resourcegroups/clitest.rg000001/providers/Microsoft.Cdn/operationresults/0649067b-c02f-4492-aff5-f7df45883088?api-version=2020-04-15
      cache-control:
      - no-cache
      content-length:
      - '626'
      content-type:
      - application/json; odata.metadata=minimal
      date:
      - Wed, 18 Nov 2020 22:26:47 GMT
      expires:
      - '-1'
      odata-version:
      - '4.0'
      pragma:
      - no-cache
      server:
      - Microsoft-IIS/10.0
      strict-transport-security:
      - max-age=31536000; includeSubDomains
      x-aspnet-version:
      - 4.0.30319
      x-content-type-options:
      - nosniff
      x-ms-ratelimit-remaining-subscription-writes:
      - '1199'
      x-powered-by:
      - ASP.NET
    status:
      code: 201
      message: Created
- request:
    body: null
    headers:
      Accept:
      - application/json
      Accept-Encoding:
      - gzip, deflate
      CommandName:
      - cdn custom-domain create
      Connection:
      - keep-alive
      ParameterSetName:
      - -g -n --endpoint-name --profile-name --hostname
      User-Agent:
      - python/3.8.5 (macOS-10.16-x86_64-i386-64bit) msrest/0.6.18 msrest_azure/0.6.3
        azure-mgmt-cdn/5.1.0 Azure-SDK-For-Python AZURECLI/2.15.0
    method: GET
    uri: https://management.azure.com/subscriptions/00000000-0000-0000-0000-000000000000/resourcegroups/clitest.rg000001/providers/Microsoft.Cdn/operationresults/0649067b-c02f-4492-aff5-f7df45883088?api-version=2020-04-15
  response:
    body:
      string: "{\r\n  \"status\":\"InProgress\",\"error\":{\r\n    \"code\":\"None\"\
        ,\"message\":null\r\n  }\r\n}"
    headers:
      cache-control:
      - no-cache
      content-length:
      - '78'
      content-type:
      - application/json; odata.metadata=minimal
      date:
      - Wed, 18 Nov 2020 22:26:58 GMT
      expires:
      - '-1'
      odata-version:
      - '4.0'
      pragma:
      - no-cache
      server:
      - Microsoft-IIS/10.0
      strict-transport-security:
      - max-age=31536000; includeSubDomains
      transfer-encoding:
      - chunked
      vary:
      - Accept-Encoding
      x-aspnet-version:
      - 4.0.30319
      x-content-type-options:
      - nosniff
      x-powered-by:
      - ASP.NET
    status:
      code: 200
      message: OK
- request:
    body: null
    headers:
      Accept:
      - application/json
      Accept-Encoding:
      - gzip, deflate
      CommandName:
      - cdn custom-domain create
      Connection:
      - keep-alive
      ParameterSetName:
      - -g -n --endpoint-name --profile-name --hostname
      User-Agent:
      - python/3.8.5 (macOS-10.16-x86_64-i386-64bit) msrest/0.6.18 msrest_azure/0.6.3
        azure-mgmt-cdn/5.1.0 Azure-SDK-For-Python AZURECLI/2.15.0
    method: GET
    uri: https://management.azure.com/subscriptions/00000000-0000-0000-0000-000000000000/resourcegroups/clitest.rg000001/providers/Microsoft.Cdn/operationresults/0649067b-c02f-4492-aff5-f7df45883088?api-version=2020-04-15
  response:
    body:
      string: "{\r\n  \"status\":\"Succeeded\",\"error\":{\r\n    \"code\":\"None\"\
        ,\"message\":null\r\n  }\r\n}"
    headers:
      cache-control:
      - no-cache
      content-length:
      - '77'
      content-type:
      - application/json; odata.metadata=minimal
      date:
      - Wed, 18 Nov 2020 22:27:28 GMT
      expires:
      - '-1'
      odata-version:
      - '4.0'
      pragma:
      - no-cache
      server:
      - Microsoft-IIS/10.0
      strict-transport-security:
      - max-age=31536000; includeSubDomains
      transfer-encoding:
      - chunked
      vary:
      - Accept-Encoding
      x-aspnet-version:
      - 4.0.30319
      x-content-type-options:
      - nosniff
      x-powered-by:
      - ASP.NET
    status:
      code: 200
      message: OK
- request:
    body: null
    headers:
      Accept:
      - application/json
      Accept-Encoding:
      - gzip, deflate
      CommandName:
      - cdn custom-domain create
      Connection:
      - keep-alive
      ParameterSetName:
      - -g -n --endpoint-name --profile-name --hostname
      User-Agent:
      - python/3.8.5 (macOS-10.16-x86_64-i386-64bit) msrest/0.6.18 msrest_azure/0.6.3
        azure-mgmt-cdn/5.1.0 Azure-SDK-For-Python AZURECLI/2.15.0
    method: GET
    uri: https://management.azure.com/subscriptions/00000000-0000-0000-0000-000000000000/resourceGroups/clitest.rg000001/providers/Microsoft.Cdn/profiles/profile123/endpoints/cdn-cli-test-4/customDomains/customdomain000003?api-version=2020-04-15
  response:
    body:
      string: "{\r\n  \"name\":\"customdomain000003\",\"id\":\"/subscriptions/00000000-0000-0000-0000-000000000000/resourcegroups/clitest.rg000001/providers/Microsoft.Cdn/profiles/profile123/endpoints/cdn-cli-test-4/customdomains/customdomain000003\"\
        ,\"type\":\"Microsoft.Cdn/profiles/endpoints/customdomains\",\"properties\"\
        :{\r\n    \"provisioningState\":\"Succeeded\",\"resourceState\":\"Active\"\
        ,\"hostName\":\"customdomain000003.cdn-cli-test-4.azfdtest.xyz\",\"validationData\"\
        :null,\"customHttpsProvisioningState\":\"Disabled\",\"customHttpsProvisioningSubstate\"\
        :\"None\",\"customHttpsParameters\":null\r\n  }\r\n}"
    headers:
      cache-control:
      - no-cache
      content-length:
      - '625'
      content-type:
      - application/json; odata.metadata=minimal
      date:
      - Wed, 18 Nov 2020 22:27:29 GMT
      expires:
      - '-1'
      odata-version:
      - '4.0'
      pragma:
      - no-cache
      server:
      - Microsoft-IIS/10.0
      strict-transport-security:
      - max-age=31536000; includeSubDomains
      transfer-encoding:
      - chunked
      vary:
      - Accept-Encoding
      x-aspnet-version:
      - 4.0.30319
      x-content-type-options:
      - nosniff
      x-powered-by:
      - ASP.NET
    status:
      code: 200
      message: OK
- request:
    body: null
    headers:
      Accept:
      - application/json
      Accept-Encoding:
      - gzip, deflate
      CommandName:
      - cdn custom-domain show
      Connection:
      - keep-alive
      ParameterSetName:
      - -g -n --endpoint-name --profile-name
      User-Agent:
      - python/3.8.5 (macOS-10.16-x86_64-i386-64bit) msrest/0.6.18 msrest_azure/0.6.3
        azure-mgmt-cdn/5.1.0 Azure-SDK-For-Python AZURECLI/2.15.0
      accept-language:
      - en-US
    method: GET
    uri: https://management.azure.com/subscriptions/00000000-0000-0000-0000-000000000000/resourceGroups/clitest.rg000001/providers/Microsoft.Cdn/profiles/profile123/endpoints/cdn-cli-test-4/customDomains/customdomain000002?api-version=2020-04-15
  response:
    body:
      string: "{\r\n  \"name\":\"customdomain000002\",\"id\":\"/subscriptions/00000000-0000-0000-0000-000000000000/resourcegroups/clitest.rg000001/providers/Microsoft.Cdn/profiles/profile123/endpoints/cdn-cli-test-4/customdomains/customdomain000002\"\
        ,\"type\":\"Microsoft.Cdn/profiles/endpoints/customdomains\",\"properties\"\
        :{\r\n    \"provisioningState\":\"Succeeded\",\"resourceState\":\"Active\"\
        ,\"hostName\":\"customdomain000002.cdn-cli-test-4.azfdtest.xyz\",\"validationData\"\
        :null,\"customHttpsProvisioningState\":\"Disabled\",\"customHttpsProvisioningSubstate\"\
        :\"None\",\"customHttpsParameters\":null\r\n  }\r\n}"
    headers:
      cache-control:
      - no-cache
      content-length:
      - '625'
      content-type:
      - application/json; odata.metadata=minimal
      date:
      - Wed, 18 Nov 2020 22:27:30 GMT
      expires:
      - '-1'
      odata-version:
      - '4.0'
      pragma:
      - no-cache
      server:
      - Microsoft-IIS/10.0
      strict-transport-security:
      - max-age=31536000; includeSubDomains
      transfer-encoding:
      - chunked
      vary:
      - Accept-Encoding
      x-aspnet-version:
      - 4.0.30319
      x-content-type-options:
      - nosniff
      x-powered-by:
      - ASP.NET
    status:
      code: 200
      message: OK
- request:
    body: null
    headers:
      Accept:
      - application/json
      Accept-Encoding:
      - gzip, deflate
      CommandName:
      - cdn custom-domain show
      Connection:
      - keep-alive
      ParameterSetName:
      - -g -n --endpoint-name --profile-name
      User-Agent:
      - python/3.8.5 (macOS-10.16-x86_64-i386-64bit) msrest/0.6.18 msrest_azure/0.6.3
        azure-mgmt-cdn/5.1.0 Azure-SDK-For-Python AZURECLI/2.15.0
      accept-language:
      - en-US
    method: GET
    uri: https://management.azure.com/subscriptions/00000000-0000-0000-0000-000000000000/resourceGroups/clitest.rg000001/providers/Microsoft.Cdn/profiles/profile123/endpoints/cdn-cli-test-4/customDomains/customdomain000002?api-version=2020-04-15
  response:
    body:
      string: "{\r\n  \"name\":\"customdomain000002\",\"id\":\"/subscriptions/00000000-0000-0000-0000-000000000000/resourcegroups/clitest.rg000001/providers/Microsoft.Cdn/profiles/profile123/endpoints/cdn-cli-test-4/customdomains/customdomain000002\"\
        ,\"type\":\"Microsoft.Cdn/profiles/endpoints/customdomains\",\"properties\"\
        :{\r\n    \"provisioningState\":\"Succeeded\",\"resourceState\":\"Active\"\
        ,\"hostName\":\"customdomain000002.cdn-cli-test-4.azfdtest.xyz\",\"validationData\"\
        :null,\"customHttpsProvisioningState\":\"Disabled\",\"customHttpsProvisioningSubstate\"\
        :\"None\",\"customHttpsParameters\":null\r\n  }\r\n}"
    headers:
      cache-control:
      - no-cache
      content-length:
      - '625'
      content-type:
      - application/json; odata.metadata=minimal
      date:
      - Wed, 18 Nov 2020 22:27:31 GMT
      expires:
      - '-1'
      odata-version:
      - '4.0'
      pragma:
      - no-cache
      server:
      - Microsoft-IIS/10.0
      strict-transport-security:
      - max-age=31536000; includeSubDomains
      transfer-encoding:
      - chunked
      vary:
      - Accept-Encoding
      x-aspnet-version:
      - 4.0.30319
      x-content-type-options:
      - nosniff
      x-powered-by:
      - ASP.NET
    status:
      code: 200
      message: OK
- request:
    body: null
    headers:
      Accept:
      - application/json
      Accept-Encoding:
      - gzip, deflate
      CommandName:
      - cdn custom-domain enable-https
      Connection:
      - keep-alive
      ParameterSetName:
      - -g -n --endpoint-name --profile-name --min-tls-version
      User-Agent:
      - python/3.8.5 (macOS-10.16-x86_64-i386-64bit) msrest/0.6.18 msrest_azure/0.6.3
        azure-mgmt-cdn/5.1.0 Azure-SDK-For-Python AZURECLI/2.15.0
      accept-language:
      - en-US
    method: GET
    uri: https://management.azure.com/subscriptions/00000000-0000-0000-0000-000000000000/resourceGroups/clitest.rg000001/providers/Microsoft.Cdn/profiles/profile123?api-version=2020-04-15
  response:
    body:
      string: "{\r\n  \"name\":\"profile123\",\"id\":\"/subscriptions/00000000-0000-0000-0000-000000000000/resourcegroups/clitest.rg000001/providers/Microsoft.Cdn/profiles/profile123\"\
        ,\"type\":\"Microsoft.Cdn/profiles\",\"tags\":{\r\n    \r\n  },\"location\"\
        :\"WestUs\",\"sku\":{\r\n    \"name\":\"Standard_Microsoft\"\r\n  },\"properties\"\
        :{\r\n    \"provisioningState\":\"Succeeded\",\"resourceState\":\"Active\"\
        \r\n  }\r\n}"
    headers:
      cache-control:
      - no-cache
      content-length:
      - '421'
      content-type:
      - application/json; odata.metadata=minimal
      date:
      - Wed, 18 Nov 2020 22:27:33 GMT
      expires:
      - '-1'
      odata-version:
      - '4.0'
      pragma:
      - no-cache
      server:
      - Microsoft-IIS/10.0
      strict-transport-security:
      - max-age=31536000; includeSubDomains
      transfer-encoding:
      - chunked
      vary:
      - Accept-Encoding
      x-aspnet-version:
      - 4.0.30319
      x-content-type-options:
      - nosniff
      x-ms-ratelimit-remaining-subscription-resource-requests:
      - '49'
      x-powered-by:
      - ASP.NET
    status:
      code: 200
      message: OK
- request:
    body: '{"protocolType": "ServerNameIndication", "minimumTlsVersion": "TLS10",
      "certificateSource": "Cdn", "certificateSourceParameters": {"@odata.type": "#Microsoft.Azure.Cdn.Models.CdnCertificateSourceParameters",
      "certificateType": "Dedicated"}}'
    headers:
      Accept:
      - application/json
      Accept-Encoding:
      - gzip, deflate
      CommandName:
      - cdn custom-domain enable-https
      Connection:
      - keep-alive
      Content-Length:
      - '240'
      Content-Type:
      - application/json; charset=utf-8
      ParameterSetName:
      - -g -n --endpoint-name --profile-name --min-tls-version
      User-Agent:
      - python/3.8.5 (macOS-10.16-x86_64-i386-64bit) msrest/0.6.18 msrest_azure/0.6.3
        azure-mgmt-cdn/5.1.0 Azure-SDK-For-Python AZURECLI/2.15.0
      accept-language:
      - en-US
    method: POST
    uri: https://management.azure.com/subscriptions/00000000-0000-0000-0000-000000000000/resourceGroups/clitest.rg000001/providers/Microsoft.Cdn/profiles/profile123/endpoints/cdn-cli-test-4/customDomains/customdomain000002/enableCustomHttps?api-version=2020-04-15
  response:
    body:
      string: "{\r\n  \"provisioningState\":\"Succeeded\",\"resourceState\":\"Active\"\
        ,\"hostName\":\"customdomain000002.cdn-cli-test-4.azfdtest.xyz\",\"validationData\"\
        :null,\"customHttpsProvisioningState\":\"Enabling\",\"customHttpsProvisioningSubstate\"\
        :\"SubmittingDomainControlValidationRequest\",\"customHttpsParameters\":{\r\
        \n    \"certificateSource\":\"Cdn\",\"certificateSourceParameters\":{\r\n\
        \      \"@odata.type\":\"#Microsoft.Azure.Cdn.Models.CdnCertificateSourceParameters\"\
        ,\"certificateType\":\"Dedicated\"\r\n    },\"minimumTlsVersion\":\"TLS10\"\
        ,\"protocolType\":\"ServerNameIndication\"\r\n  }\r\n}"
    headers:
      azure-asyncoperation:
      - https://management.azure.com/subscriptions/00000000-0000-0000-0000-000000000000/resourcegroups/clitest.rg000001/providers/Microsoft.Cdn/operationresults/90cf6538-9e9f-4b82-a7a4-6439ebef3b29?api-version=2020-04-15
      cache-control:
      - no-cache
      content-length:
      - '546'
      content-type:
      - application/json; odata.metadata=minimal
      date:
      - Wed, 18 Nov 2020 22:27:37 GMT
      expires:
      - '-1'
      location:
      - https://management.azure.com/subscriptions/00000000-0000-0000-0000-000000000000/resourcegroups/clitest.rg000001/providers/Microsoft.Cdn/operationresults/90cf6538-9e9f-4b82-a7a4-6439ebef3b29/profileresults/profile123/endpointresults/cdn-cli-test-4/customdomainresults/customdomain000002?api-version=2020-04-15
      odata-version:
      - '4.0'
      pragma:
      - no-cache
      server:
      - Microsoft-IIS/10.0
      strict-transport-security:
      - max-age=31536000; includeSubDomains
      x-aspnet-version:
      - 4.0.30319
      x-content-type-options:
      - nosniff
      x-ms-ratelimit-remaining-subscription-writes:
      - '1199'
      x-powered-by:
      - ASP.NET
    status:
      code: 202
      message: Accepted
- request:
    body: null
    headers:
      Accept:
      - application/json
      Accept-Encoding:
      - gzip, deflate
      CommandName:
      - cdn custom-domain enable-https
      Connection:
      - keep-alive
      ParameterSetName:
      - -g -n --endpoint-name --profile-name --min-tls-version
      User-Agent:
      - python/3.8.5 (macOS-10.16-x86_64-i386-64bit) msrest/0.6.18 msrest_azure/0.6.3
        azure-mgmt-cdn/5.1.0 Azure-SDK-For-Python AZURECLI/2.15.0
      accept-language:
      - en-US
    method: GET
    uri: https://management.azure.com/subscriptions/00000000-0000-0000-0000-000000000000/resourceGroups/clitest.rg000001/providers/Microsoft.Cdn/profiles/profile123/endpoints/cdn-cli-test-4/customDomains/customdomain000002?api-version=2020-04-15
  response:
    body:
      string: "{\r\n  \"name\":\"customdomain000002\",\"id\":\"/subscriptions/00000000-0000-0000-0000-000000000000/resourcegroups/clitest.rg000001/providers/Microsoft.Cdn/profiles/profile123/endpoints/cdn-cli-test-4/customdomains/customdomain000002\"\
        ,\"type\":\"Microsoft.Cdn/profiles/endpoints/customdomains\",\"properties\"\
        :{\r\n    \"provisioningState\":\"Succeeded\",\"resourceState\":\"Active\"\
        ,\"hostName\":\"customdomain000002.cdn-cli-test-4.azfdtest.xyz\",\"validationData\"\
        :null,\"customHttpsProvisioningState\":\"Enabling\",\"customHttpsProvisioningSubstate\"\
        :\"SubmittingDomainControlValidationRequest\",\"customHttpsParameters\":{\r\
        \n      \"certificateSource\":\"Cdn\",\"certificateSourceParameters\":{\r\n\
        \        \"@odata.type\":\"#Microsoft.Azure.Cdn.Models.CdnCertificateSourceParameters\"\
        ,\"certificateType\":\"Dedicated\"\r\n      },\"minimumTlsVersion\":\"TLS10\"\
        ,\"protocolType\":\"ServerNameIndication\"\r\n    }\r\n  }\r\n}"
    headers:
      cache-control:
      - no-cache
      content-length:
      - '919'
      content-type:
      - application/json; odata.metadata=minimal
      date:
      - Wed, 18 Nov 2020 22:27:37 GMT
      expires:
      - '-1'
      odata-version:
      - '4.0'
      pragma:
      - no-cache
      server:
      - Microsoft-IIS/10.0
      strict-transport-security:
      - max-age=31536000; includeSubDomains
      transfer-encoding:
      - chunked
      vary:
      - Accept-Encoding
      x-aspnet-version:
      - 4.0.30319
      x-content-type-options:
      - nosniff
      x-powered-by:
      - ASP.NET
    status:
      code: 200
      message: OK
- request:
    body: null
    headers:
      Accept:
      - application/json
      Accept-Encoding:
      - gzip, deflate
      Connection:
      - keep-alive
      User-Agent:
      - python/3.8.5 (macOS-10.16-x86_64-i386-64bit) msrest/0.6.18 msrest_azure/0.6.3
        azure-graphrbac/0.60.0 Azure-SDK-For-Python
      accept-language:
      - en-US
    method: GET
    uri: https://graph.windows.net/00000000-0000-0000-0000-000000000000/me?api-version=1.6
  response:
    body:
      string: '{"odata.metadata":"https://graph.windows.net/00000000-0000-0000-0000-000000000000/$metadata#directoryObjects/@Element","odata.type":"Microsoft.DirectoryServices.User","objectType":"User","objectId":"e7aa967e-e0a8-4488-9242-6165500ea260","deletionTimestamp":null,"accountEnabled":true,"ageGroup":null,"assignedLicenses":[{"disabledPlans":["a413a9ff-720c-4822-98ef-2f37c2a21f4c","a6520331-d7d4-4276-95f5-15c0933bc757","ded3d325-1bdc-453e-8432-5bac26d7a014","afa73018-811e-46e9-988f-f75d2b1b8430","b21a6b06-1988-436e-a07b-51ec6d9f52ad","531ee2f8-b1cb-453b-9c21-d2180d014ca5","bf28f719-7844-4079-9c78-c1307898e192","28b0fa46-c39a-4188-89e2-58e979a6b014","199a5c09-e0ca-4e37-8f7c-b05d533e1ea2","65cc641f-cccd-4643-97e0-a17e3045e541","e26c2fcc-ab91-4a61-b35c-03cdc8dddf66","46129a58-a698-46f0-aa5b-17f6586297d9","6db1f1db-2b46-403f-be40-e39395f08dbb","6dc145d6-95dd-4191-b9c3-185575ee6f6b","41fcdd7d-4733-4863-9cf4-c65b83ce2df4","2f442157-a11c-46b9-ae5b-6e39ff4e5849","c4801e8a-cb58-4c35-aca6-f2dcc106f287","0898bdbb-73b0-471a-81e5-20f1fe4dd66e","617b097b-4b93-4ede-83de-5f075bb5fb2f","33c4f319-9bdd-48d6-9c4d-410b750a4a5a","8e0c0a52-6a6c-4d40-8370-dd62790dcd70","4828c8ec-dc2e-4779-b502-87ac9ce28ab7","3e26ee1f-8a5f-4d52-aee2-b81ce45c8f40"],"skuId":"c7df2760-2c81-4ef7-b578-5b5392b571df"},{"disabledPlans":[],"skuId":"3d957427-ecdc-4df2-aacd-01cc9d519da8"},{"disabledPlans":[],"skuId":"85aae730-b3d1-4f99-bb28-c9f81b05137c"},{"disabledPlans":[],"skuId":"9f3d9c1d-25a5-4aaa-8e59-23a1e6450a67"},{"disabledPlans":[],"skuId":"26a18e8f-4d14-46f8-835a-ed3ba424a961"},{"disabledPlans":[],"skuId":"412ce1a7-a499-41b3-8eb6-b38f2bbc5c3f"},{"disabledPlans":["39b5c996-467e-4e60-bd62-46066f572726"],"skuId":"90d8b3f8-712e-4f7b-aa1e-62e7ae6cbe96"},{"disabledPlans":[],"skuId":"c5928f49-12ba-48f7-ada3-0d743a3601d5"},{"disabledPlans":[],"skuId":"b05e124f-c7cc-45a0-a6aa-8cf78c946968"},{"disabledPlans":["e95bec33-7c88-4a70-8e19-b10bd9d0c014","5dbe027f-2339-4123-9542-606e4d348a72"],"skuId":"09015f9f-377f-4538-bbb5-f75ceb09358a"},{"disabledPlans":[],"skuId":"488ba24a-39a9-4473-8ee5-19291e71b002"},{"disabledPlans":["0b03f40b-c404-40c3-8651-2aceb74365fa","b650d915-9886-424b-a08d-633cede56f57","e95bec33-7c88-4a70-8e19-b10bd9d0c014","5dbe027f-2339-4123-9542-606e4d348a72","fe71d6c3-a2ea-4499-9778-da042bf08063","fafd7243-e5c1-4a3a-9e40-495efcb1d3c3"],"skuId":"ea126fc5-a19e-42e2-a731-da9d437bffcf"}],"assignedPlans":[{"assignedTimestamp":"2020-11-03T22:21:49Z","capabilityStatus":"Enabled","service":"SharePoint","servicePlanId":"fe71d6c3-a2ea-4499-9778-da042bf08063"},{"assignedTimestamp":"2020-11-03T22:21:49Z","capabilityStatus":"Enabled","service":"exchange","servicePlanId":"199a5c09-e0ca-4e37-8f7c-b05d533e1ea2"},{"assignedTimestamp":"2020-11-03T22:21:49Z","capabilityStatus":"Enabled","service":"SharePoint","servicePlanId":"e95bec33-7c88-4a70-8e19-b10bd9d0c014"},{"assignedTimestamp":"2020-11-03T22:21:49Z","capabilityStatus":"Enabled","service":"SharePoint","servicePlanId":"5dbe027f-2339-4123-9542-606e4d348a72"},{"assignedTimestamp":"2020-11-03T22:21:49Z","capabilityStatus":"Enabled","service":"MicrosoftOffice","servicePlanId":"fafd7243-e5c1-4a3a-9e40-495efcb1d3c3"},{"assignedTimestamp":"2020-11-03T22:21:49Z","capabilityStatus":"Deleted","service":"M365CommunicationCompliance","servicePlanId":"a413a9ff-720c-4822-98ef-2f37c2a21f4c"},{"assignedTimestamp":"2020-10-29T23:23:29Z","capabilityStatus":"Enabled","service":"ProcessSimple","servicePlanId":"7e6d7d78-73de-46ba-83b1-6d25117334ba"},{"assignedTimestamp":"2020-10-17T07:41:45Z","capabilityStatus":"Enabled","service":"WorkplaceAnalytics","servicePlanId":"f477b0f0-3bb1-4890-940c-40fcee6ce05f"},{"assignedTimestamp":"2020-08-14T23:03:09Z","capabilityStatus":"Enabled","service":"YammerEnterprise","servicePlanId":"7547a3fe-08ee-4ccb-b430-5077c5041653"},{"assignedTimestamp":"2020-08-04T06:42:49Z","capabilityStatus":"Enabled","service":"exchange","servicePlanId":"b622badb-1b45-48d5-920f-4b27a2c0996c"},{"assignedTimestamp":"2020-08-04T06:42:49Z","capabilityStatus":"Enabled","service":"exchange","servicePlanId":"f3d5636e-ddc2-41bf-bba6-ca6fadece269"},{"assignedTimestamp":"2020-06-18T14:03:53Z","capabilityStatus":"Enabled","service":"MicrosoftPrint","servicePlanId":"795f6fe0-cc4d-4773-b050-5dde4dc704c9"},{"assignedTimestamp":"2019-11-04T23:18:23Z","capabilityStatus":"Enabled","service":"WhiteboardServices","servicePlanId":"4a51bca5-1eff-43f5-878c-177680f191af"},{"assignedTimestamp":"2019-10-15T17:27:46Z","capabilityStatus":"Enabled","service":"exchange","servicePlanId":"5136a095-5cf0-4aff-bec3-e84448b38ea5"},{"assignedTimestamp":"2019-10-15T17:27:46Z","capabilityStatus":"Enabled","service":"exchange","servicePlanId":"efb0351d-3b08-4503-993d-383af8de41e3"},{"assignedTimestamp":"2019-09-08T16:01:32Z","capabilityStatus":"Enabled","service":"MicrosoftCommunicationsOnline","servicePlanId":"018fb91e-cee3-418c-9063-d7562978bdaf"},{"assignedTimestamp":"2019-09-08T16:01:32Z","capabilityStatus":"Enabled","service":"MicrosoftCommunicationsOnline","servicePlanId":"ca4be917-fbce-4b52-839e-6647467a1668"},{"assignedTimestamp":"2019-09-07T22:26:29Z","capabilityStatus":"Enabled","service":"exchange","servicePlanId":"9f431833-0334-42de-a7dc-70aa40db46db"},{"assignedTimestamp":"2019-09-07T22:26:29Z","capabilityStatus":"Enabled","service":"exchange","servicePlanId":"efb87545-963c-4e0d-99df-69c6916d9eb0"},{"assignedTimestamp":"2019-09-07T22:26:29Z","capabilityStatus":"Enabled","service":"exchange","servicePlanId":"34c0d7a0-a70f-4668-9238-47f9fc208882"},{"assignedTimestamp":"2019-09-06T14:01:11Z","capabilityStatus":"Enabled","service":"MicrosoftCommunicationsOnline","servicePlanId":"0feaeb32-d00e-4d66-bd5a-43b5b83db82c"},{"assignedTimestamp":"2019-09-06T14:01:11Z","capabilityStatus":"Enabled","service":"ProcessSimple","servicePlanId":"07699545-9485-468e-95b6-2fca3738be01"},{"assignedTimestamp":"2019-09-06T14:01:11Z","capabilityStatus":"Enabled","service":"Adallom","servicePlanId":"8c098270-9dd4-4350-9b30-ba4703f3b36b"},{"assignedTimestamp":"2019-09-06T14:01:11Z","capabilityStatus":"Enabled","service":"exchange","servicePlanId":"b1188c4c-1b36-4018-b48b-ee07604f6feb"},{"assignedTimestamp":"2019-09-06T14:01:11Z","capabilityStatus":"Enabled","service":"MicrosoftStream","servicePlanId":"6c6042f5-6f01-4d67-b8c1-eb99d36eed3e"},{"assignedTimestamp":"2019-09-06T14:01:11Z","capabilityStatus":"Enabled","service":"AADPremiumService","servicePlanId":"41781fb2-bc02-4b7c-bd55-b576c07bb09d"},{"assignedTimestamp":"2019-09-06T14:01:11Z","capabilityStatus":"Enabled","service":"Sway","servicePlanId":"a23b959c-7ce8-4e57-9140-b90eb88a9e97"},{"assignedTimestamp":"2019-09-06T14:01:11Z","capabilityStatus":"Enabled","service":"PowerBI","servicePlanId":"70d33638-9c74-4d01-bfd3-562de28bd4ba"},{"assignedTimestamp":"2019-09-06T14:01:11Z","capabilityStatus":"Enabled","service":"ProjectWorkManagement","servicePlanId":"b737dad2-2f6c-4c65-90e3-ca563267e8b9"},{"assignedTimestamp":"2019-09-06T14:01:11Z","capabilityStatus":"Enabled","service":"RMSOnline","servicePlanId":"bea4c11e-220a-4e6d-8eb8-8ea15d019f90"},{"assignedTimestamp":"2019-09-06T14:01:11Z","capabilityStatus":"Enabled","service":"AADPremiumService","servicePlanId":"eec0eb4f-6444-4f95-aba0-50c24d67f998"},{"assignedTimestamp":"2019-09-06T14:01:11Z","capabilityStatus":"Enabled","service":"ProjectProgramsAndPortfolios","servicePlanId":"818523f5-016b-4355-9be8-ed6944946ea7"},{"assignedTimestamp":"2019-09-06T14:01:11Z","capabilityStatus":"Enabled","service":"OfficeForms","servicePlanId":"e212cbc7-0961-4c40-9825-01117710dcb1"},{"assignedTimestamp":"2019-09-06T14:01:11Z","capabilityStatus":"Enabled","service":"exchange","servicePlanId":"4de31727-a228-4ec3-a5bf-8e45b5ca48cc"},{"assignedTimestamp":"2019-09-06T14:01:11Z","capabilityStatus":"Enabled","service":"SCO","servicePlanId":"c1ec4a95-1f05-45b3-a911-aa3fa01094f5"},{"assignedTimestamp":"2019-09-06T14:01:11Z","capabilityStatus":"Enabled","service":"SharePoint","servicePlanId":"2bdbaf8f-738f-4ac7-9234-3c3ee2ce7d0f"},{"assignedTimestamp":"2019-09-06T14:01:11Z","capabilityStatus":"Enabled","service":"MicrosoftOffice","servicePlanId":"663a804f-1c30-4ff0-9915-9db84f0d1cea"},{"assignedTimestamp":"2019-09-06T14:01:11Z","capabilityStatus":"Enabled","service":"TeamspaceAPI","servicePlanId":"57ff2da0-773e-42df-b2af-ffb7a2317929"},{"assignedTimestamp":"2019-09-06T14:01:11Z","capabilityStatus":"Enabled","service":"AzureAdvancedThreatAnalytics","servicePlanId":"14ab5db5-e6c4-4b20-b4bc-13e36fd2227f"},{"assignedTimestamp":"2019-09-06T14:01:11Z","capabilityStatus":"Enabled","service":"PowerAppsService","servicePlanId":"9c0dab89-a30c-4117-86e7-97bda240acd2"},{"assignedTimestamp":"2019-09-06T14:01:11Z","capabilityStatus":"Enabled","service":"SharePoint","servicePlanId":"da792a53-cbc0-4184-a10d-e544dd34b3c1"},{"assignedTimestamp":"2019-09-06T14:01:11Z","capabilityStatus":"Enabled","service":"Deskless","servicePlanId":"8c7d2df8-86f0-4902-b2ed-a0458298f3b3"},{"assignedTimestamp":"2019-09-06T14:01:11Z","capabilityStatus":"Enabled","service":"RMSOnline","servicePlanId":"6c57d4b6-3b23-47a5-9bc9-69f17b4947b3"},{"assignedTimestamp":"2019-09-06T14:01:11Z","capabilityStatus":"Enabled","service":"MultiFactorService","servicePlanId":"8a256a2b-b617-496d-b51b-e76466e88db0"},{"assignedTimestamp":"2019-09-06T14:01:11Z","capabilityStatus":"Enabled","service":"ProcessSimple","servicePlanId":"fa200448-008c-4acb-abd4-ea106ed2199d"},{"assignedTimestamp":"2019-09-06T14:01:11Z","capabilityStatus":"Enabled","service":"To-Do","servicePlanId":"3fb82609-8c27-4f7b-bd51-30634711ee67"},{"assignedTimestamp":"2019-09-06T14:01:11Z","capabilityStatus":"Enabled","service":"RMSOnline","servicePlanId":"5689bec4-755d-4753-8b61-40975025187c"},{"assignedTimestamp":"2019-09-06T14:01:11Z","capabilityStatus":"Enabled","service":"MicrosoftOffice","servicePlanId":"43de0ff5-c92c-492b-9116-175376d08c38"},{"assignedTimestamp":"2019-09-06T14:01:11Z","capabilityStatus":"Enabled","service":"CRM","servicePlanId":"50554c47-71d9-49fd-bc54-42a2765c555c"},{"assignedTimestamp":"2019-09-06T14:01:11Z","capabilityStatus":"Enabled","service":"Adallom","servicePlanId":"2e2ddb96-6af9-4b1d-a3f0-d6ecfd22edb2"},{"assignedTimestamp":"2019-09-06T11:22:26Z","capabilityStatus":"Enabled","service":"WindowsDefenderATP","servicePlanId":"871d91ec-ec1a-452b-a83f-bd76c7d770ef"},{"assignedTimestamp":"2019-09-06T11:22:26Z","capabilityStatus":"Enabled","service":"Windows","servicePlanId":"e7c91390-7625-45be-94e0-e16907e03118"},{"assignedTimestamp":"2019-09-06T11:22:24Z","capabilityStatus":"Enabled","service":"Netbreeze","servicePlanId":"03acaee3-9492-4f40-aed4-bcb6b32981b6"},{"assignedTimestamp":"2019-09-06T11:22:24Z","capabilityStatus":"Enabled","service":"DYN365AISERVICEINSIGHTS","servicePlanId":"1412cdc1-d593-4ad1-9050-40c30ad0b023"},{"assignedTimestamp":"2019-09-06T11:22:24Z","capabilityStatus":"Enabled","service":"CRM","servicePlanId":"d56f3deb-50d8-465a-bedb-f079817ccac1"},{"assignedTimestamp":"2019-09-06T11:22:24Z","capabilityStatus":"Enabled","service":"MicrosoftFormsProTest","servicePlanId":"97f29a83-1a20-44ff-bf48-5e4ad11f3e51"}],"city":"REDMOND","companyName":"MICROSOFT","consentProvidedForMinor":null,"country":null,"createdDateTime":"2019-09-06T11:04:33Z","creationType":null,"department":"R&D
        Azure NW Eng-US","dirSyncEnabled":true,"displayName":"Landon Smith","employeeId":null,"facsimileTelephoneNumber":null,"givenName":"Landon","immutableId":"1284170","isCompromised":null,"jobTitle":"SOFTWARE
        ENGINEER","lastDirSyncTime":"2020-09-15T21:48:19Z","legalAgeGroupClassification":null,"mail":"Landon.Smith@microsoft.com","mailNickname":"las","mobile":null,"onPremisesDistinguishedName":"CN=Landon
        Smith,OU=MSE,OU=Users,OU=CoreIdentity,DC=redmond,DC=corp,DC=microsoft,DC=com","onPremisesSecurityIdentifier":"S-1-5-21-2127521184-1604012920-1887927527-38024017","otherMails":[],"passwordPolicies":"DisablePasswordExpiration","passwordProfile":null,"physicalDeliveryOfficeName":"40/6J00","postalCode":null,"preferredLanguage":null,"provisionedPlans":[{"capabilityStatus":"Enabled","provisioningStatus":"Success","service":"SharePoint"},{"capabilityStatus":"Enabled","provisioningStatus":"Success","service":"SharePoint"},{"capabilityStatus":"Enabled","provisioningStatus":"Success","service":"SharePoint"},{"capabilityStatus":"Enabled","provisioningStatus":"Success","service":"exchange"},{"capabilityStatus":"Enabled","provisioningStatus":"Success","service":"exchange"},{"capabilityStatus":"Enabled","provisioningStatus":"Success","service":"exchange"},{"capabilityStatus":"Enabled","provisioningStatus":"Success","service":"exchange"},{"capabilityStatus":"Enabled","provisioningStatus":"Success","service":"exchange"},{"capabilityStatus":"Enabled","provisioningStatus":"Success","service":"MicrosoftCommunicationsOnline"},{"capabilityStatus":"Enabled","provisioningStatus":"Success","service":"MicrosoftCommunicationsOnline"},{"capabilityStatus":"Enabled","provisioningStatus":"Success","service":"exchange"},{"capabilityStatus":"Enabled","provisioningStatus":"Success","service":"exchange"},{"capabilityStatus":"Enabled","provisioningStatus":"Success","service":"exchange"},{"capabilityStatus":"Enabled","provisioningStatus":"Success","service":"MicrosoftCommunicationsOnline"},{"capabilityStatus":"Enabled","provisioningStatus":"Success","service":"CRM"},{"capabilityStatus":"Enabled","provisioningStatus":"Success","service":"exchange"},{"capabilityStatus":"Enabled","provisioningStatus":"Success","service":"exchange"},{"capabilityStatus":"Enabled","provisioningStatus":"Success","service":"SharePoint"},{"capabilityStatus":"Enabled","provisioningStatus":"Success","service":"SharePoint"},{"capabilityStatus":"Enabled","provisioningStatus":"Success","service":"Netbreeze"},{"capabilityStatus":"Enabled","provisioningStatus":"Success","service":"CRM"}],"provisioningErrors":[],"proxyAddresses":["x500:/o=ExchangeLabs/ou=Exchange
        Administrative Group (FYDIBOHF23SPDLT)/cn=Recipients/cn=a95625b442084b07a5c756f1c91f37cd-Landon
        Smit","X500:/o=microsoft/ou=Exchange Administrative Group (FYDIBOHF23SPDLT)/cn=Recipients/cn=2303ebed54a74c34a8936feb56223671-Landon
        Smith","X500:/o=microsoft/ou=Exchange Administrative Group (FYDIBOHF23SPDLT)/cn=Recipients/cn=c8d6b38390b3433ea7de5be0dc7f8b64-Landon
        Smith","smtp:las@microsoft.onmicrosoft.com","smtp:las@service.microsoft.com","smtp:las@microsoft.com","SMTP:Landon.Smith@microsoft.com"],"refreshTokensValidFromDateTime":"2019-09-09T20:25:20Z","showInAddressList":null,"signInNames":[],"sipProxyAddress":"las@microsoft.com","state":null,"streetAddress":null,"surname":"Smith","telephoneNumber":"+1
        (425) 7030874","thumbnailPhoto@odata.mediaEditLink":"directoryObjects/e7aa967e-e0a8-4488-9242-6165500ea260/Microsoft.DirectoryServices.User/thumbnailPhoto","usageLocation":"US","userIdentities":[],"userPrincipalName":"las@microsoft.com","userState":null,"userStateChangedOn":null,"userType":"Member","extension_18e31482d3fb4a8ea958aa96b662f508_SupervisorInd":"N","extension_18e31482d3fb4a8ea958aa96b662f508_ReportsToPersonnelNbr":"478429","extension_18e31482d3fb4a8ea958aa96b662f508_ReportsToFullName":"Chawla,
        Varun","extension_18e31482d3fb4a8ea958aa96b662f508_ReportsToEmailName":"VARUNCH","extension_18e31482d3fb4a8ea958aa96b662f508_ProfitCenterCode":"P10073908","extension_18e31482d3fb4a8ea958aa96b662f508_PositionNumber":"90534190","extension_18e31482d3fb4a8ea958aa96b662f508_CostCenterCode":"10073908","extension_18e31482d3fb4a8ea958aa96b662f508_ZipCode":"98052","extension_18e31482d3fb4a8ea958aa96b662f508_StateProvinceCode":"WA","extension_18e31482d3fb4a8ea958aa96b662f508_LocationAreaCode":"US","extension_18e31482d3fb4a8ea958aa96b662f508_CountryShortCode":"US","extension_18e31482d3fb4a8ea958aa96b662f508_CompanyCode":"1010","extension_18e31482d3fb4a8ea958aa96b662f508_CityName":"REDMOND","extension_18e31482d3fb4a8ea958aa96b662f508_BuildingName":"40","extension_18e31482d3fb4a8ea958aa96b662f508_BuildingID":"310","extension_18e31482d3fb4a8ea958aa96b662f508_AddressLine1":"1
        Microsoft Way","extension_18e31482d3fb4a8ea958aa96b662f508_PersonnelNumber":"1284170"}'
    headers:
      access-control-allow-origin:
      - '*'
      cache-control:
      - no-cache
      content-length:
      - '16066'
      content-type:
      - application/json; odata=minimalmetadata; streaming=true; charset=utf-8
      dataserviceversion:
      - 3.0;
      date:
      - Wed, 18 Nov 2020 22:27:39 GMT
      duration:
      - '703333'
      expires:
      - '-1'
      ocp-aad-diagnostics-server-name:
      - d7w4JHD/5nw3zGJ4mbjSxBTwnDTNxHKAUtLNbPcNRpQ=
      ocp-aad-session-key:
      - uhMC-IjvNGG9OD7laHXXErf5QJ8ubp0iIIWDSzrGWGVXnMueEHwjSJvmYk8S2xaoEYguFSTr4j96Zc-TuaJqAxmE7xIW9wHcy_CwNOPbPqBFqN_0MFbE5oEry_96CQvt.ttMdLCTxKoW0KcpPzr2g5wk7zzEABL2ABj427h-Qk5A
      pragma:
      - no-cache
      request-id:
      - 38f3b3a0-f6ee-409a-8eba-f1bd207363d6
      strict-transport-security:
      - max-age=31536000; includeSubDomains
      x-aspnet-version:
      - 4.0.30319
      x-ms-dirapi-data-contract-version:
      - '1.6'
      x-ms-resource-unit:
      - '1'
      x-powered-by:
      - ASP.NET
    status:
      code: 200
      message: OK
- request:
    body: '{"location": "centralus", "properties": {"tenantId": "72f988bf-86f1-41af-91ab-2d7cd011db47",
      "sku": {"family": "A", "name": "standard"}, "accessPolicies": [{"tenantId":
      "72f988bf-86f1-41af-91ab-2d7cd011db47", "objectId": "e7aa967e-e0a8-4488-9242-6165500ea260",
      "permissions": {"keys": ["get", "create", "delete", "list", "update", "import",
      "backup", "restore", "recover"], "secrets": ["get", "list", "set", "delete",
      "backup", "restore", "recover"], "certificates": ["get", "list", "delete", "create",
      "import", "update", "managecontacts", "getissuers", "listissuers", "setissuers",
      "deleteissuers", "manageissuers", "recover"], "storage": ["get", "list", "delete",
      "set", "update", "regeneratekey", "setsas", "listsas", "getsas", "deletesas"]}}],
      "softDeleteRetentionInDays": 90, "networkAcls": {"bypass": "AzureServices",
      "defaultAction": "Allow"}}}'
    headers:
      Accept:
      - application/json
      Accept-Encoding:
      - gzip, deflate
      CommandName:
      - keyvault create
      Connection:
      - keep-alive
      Content-Length:
      - '852'
      Content-Type:
      - application/json
      ParameterSetName:
      - --location --name -g
      User-Agent:
      - AZURECLI/2.15.0 azsdk-python-azure-mgmt-keyvault/8.0.0 Python/3.8.5 (macOS-10.16-x86_64-i386-64bit)
    method: PUT
    uri: https://management.azure.com/subscriptions/00000000-0000-0000-0000-000000000000/resourceGroups/clitest.rg000001/providers/Microsoft.KeyVault/vaults/keyvault000004?api-version=2019-09-01
  response:
    body:
      string: '{"id":"/subscriptions/00000000-0000-0000-0000-000000000000/resourceGroups/clitest.rg000001/providers/Microsoft.KeyVault/vaults/keyvault000004","name":"keyvault000004","type":"Microsoft.KeyVault/vaults","location":"centralus","tags":{},"properties":{"sku":{"family":"A","name":"standard"},"tenantId":"72f988bf-86f1-41af-91ab-2d7cd011db47","accessPolicies":[{"tenantId":"72f988bf-86f1-41af-91ab-2d7cd011db47","objectId":"e7aa967e-e0a8-4488-9242-6165500ea260","permissions":{"keys":["get","create","delete","list","update","import","backup","restore","recover"],"secrets":["get","list","set","delete","backup","restore","recover"],"certificates":["get","list","delete","create","import","update","managecontacts","getissuers","listissuers","setissuers","deleteissuers","manageissuers","recover"],"storage":["get","list","delete","set","update","regeneratekey","setsas","listsas","getsas","deletesas"]}}],"enabledForDeployment":false,"enableSoftDelete":true,"softDeleteRetentionInDays":90,"vaultUri":"https://keyvault000004.vault.azure.net","provisioningState":"RegisteringDns"}}'
    headers:
      cache-control:
      - no-cache
      content-length:
      - '1152'
      content-type:
      - application/json; charset=utf-8
      date:
      - Wed, 18 Nov 2020 22:27:41 GMT
      expires:
      - '-1'
      pragma:
      - no-cache
      server:
      - Microsoft-IIS/10.0
      strict-transport-security:
      - max-age=31536000; includeSubDomains
      transfer-encoding:
      - chunked
      vary:
      - Accept-Encoding
      x-aspnet-version:
      - 4.0.30319
      x-content-type-options:
      - nosniff
      x-ms-keyvault-service-version:
      - 1.1.131.0
      x-ms-ratelimit-remaining-subscription-writes:
      - '1199'
      x-powered-by:
      - ASP.NET
    status:
      code: 200
      message: OK
- request:
    body: null
    headers:
      Accept:
      - '*/*'
      Accept-Encoding:
      - gzip, deflate
      CommandName:
      - keyvault create
      Connection:
      - keep-alive
      ParameterSetName:
      - --location --name -g
      User-Agent:
      - AZURECLI/2.15.0 azsdk-python-azure-mgmt-keyvault/8.0.0 Python/3.8.5 (macOS-10.16-x86_64-i386-64bit)
    method: GET
    uri: https://management.azure.com/subscriptions/00000000-0000-0000-0000-000000000000/resourceGroups/clitest.rg000001/providers/Microsoft.KeyVault/vaults/keyvault000004?api-version=2019-09-01
  response:
    body:
      string: '{"id":"/subscriptions/00000000-0000-0000-0000-000000000000/resourceGroups/clitest.rg000001/providers/Microsoft.KeyVault/vaults/keyvault000004","name":"keyvault000004","type":"Microsoft.KeyVault/vaults","location":"centralus","tags":{},"properties":{"sku":{"family":"A","name":"standard"},"tenantId":"72f988bf-86f1-41af-91ab-2d7cd011db47","accessPolicies":[{"tenantId":"72f988bf-86f1-41af-91ab-2d7cd011db47","objectId":"e7aa967e-e0a8-4488-9242-6165500ea260","permissions":{"keys":["get","create","delete","list","update","import","backup","restore","recover"],"secrets":["get","list","set","delete","backup","restore","recover"],"certificates":["get","list","delete","create","import","update","managecontacts","getissuers","listissuers","setissuers","deleteissuers","manageissuers","recover"],"storage":["get","list","delete","set","update","regeneratekey","setsas","listsas","getsas","deletesas"]}}],"enabledForDeployment":false,"enableSoftDelete":true,"softDeleteRetentionInDays":90,"vaultUri":"https://keyvault000004.vault.azure.net/","provisioningState":"Succeeded"}}'
    headers:
      cache-control:
      - no-cache
      content-length:
      - '1148'
      content-type:
      - application/json; charset=utf-8
      date:
      - Wed, 18 Nov 2020 22:28:12 GMT
      expires:
      - '-1'
      pragma:
      - no-cache
      server:
      - Microsoft-IIS/10.0
      strict-transport-security:
      - max-age=31536000; includeSubDomains
      transfer-encoding:
      - chunked
      vary:
      - Accept-Encoding
      x-aspnet-version:
      - 4.0.30319
      x-content-type-options:
      - nosniff
      x-ms-keyvault-service-version:
      - 1.1.131.0
      x-powered-by:
      - ASP.NET
    status:
      code: 200
      message: OK
- request:
    body: ''
    headers:
      Accept:
      - application/json
      Accept-Encoding:
      - gzip, deflate
      Connection:
      - keep-alive
      Content-Length:
      - 0
      Content-Type:
      - application/json; charset=utf-8
      User-Agent:
      - python/3.8.5 (macOS-10.16-x86_64-i386-64bit) msrest/0.6.18 msrest_azure/0.6.3
        azure-keyvault/7.0 Azure-SDK-For-Python
      accept-language:
      - en-US
    method: POST
    uri: https://keyvault000004.vault.azure.net/certificates/cert000005/create?api-version=7.0
  response:
    body:
      string: '{"error":{"code":"Unauthorized","message":"Request is missing a Bearer
        or PoP token."}}'
    headers:
      cache-control:
      - no-cache
      content-length:
      - '87'
      content-type:
      - application/json; charset=utf-8
      date:
      - Wed, 18 Nov 2020 22:28:13 GMT
      expires:
      - '-1'
      pragma:
      - no-cache
      strict-transport-security:
      - max-age=31536000;includeSubDomains
      www-authenticate:
      - Bearer authorization="https://login.windows.net/72f988bf-86f1-41af-91ab-2d7cd011db47",
        resource="https://vault.azure.net"
      x-content-type-options:
      - nosniff
      x-ms-keyvault-network-info:
      - conn_type=Ipv4;addr=174.127.252.6;act_addr_fam=InterNetwork;
      x-ms-keyvault-region:
      - centralus
      x-ms-keyvault-service-version:
      - 1.2.58.0
      x-powered-by:
      - ASP.NET
    status:
      code: 401
      message: Unauthorized
- request:
    body: '{"policy": {"key_props": {"exportable": true, "kty": "RSA", "key_size":
      2048, "reuse_key": true}, "secret_props": {"contentType": "application/x-pkcs12"},
      "x509_props": {"subject": "CN=CLIGetDefaultPolicy", "key_usage": ["cRLSign",
      "dataEncipherment", "digitalSignature", "keyEncipherment", "keyAgreement", "keyCertSign"],
      "validity_months": 12}, "lifetime_actions": [{"trigger": {"days_before_expiry":
      90}, "action": {"action_type": "AutoRenew"}}], "issuer": {"name": "Self"}},
      "attributes": {"enabled": true}}'
    headers:
      Accept:
      - application/json
      Accept-Encoding:
      - gzip, deflate
      Connection:
      - keep-alive
      Content-Length:
      - '511'
      Content-Type:
      - application/json; charset=utf-8
      User-Agent:
      - python/3.8.5 (macOS-10.16-x86_64-i386-64bit) msrest/0.6.18 msrest_azure/0.6.3
        azure-keyvault/7.0 Azure-SDK-For-Python
      accept-language:
      - en-US
    method: POST
    uri: https://keyvault000004.vault.azure.net/certificates/cert000005/create?api-version=7.0
  response:
    body:
      string: '{"id":"https://keyvault000004.vault.azure.net/certificates/cert000005/pending","issuer":{"name":"Self"},"csr":"MIICrjCCAZYCAQAwHjEcMBoGA1UEAxMTQ0xJR2V0RGVmYXVsdFBvbGljeTCCASIwDQYJKoZIhvcNAQEBBQADggEPADCCAQoCggEBAKK9IzfYLMVLguYssJAswZ/pBWznBLF6WZJJcXJQakfWV0TEZEcraDm7oKtd6RFxLqiPzbPrfo6cA7Xu6rDBIV8kHFlNYI+LkPyK3gdrN5N/hHjOnkuc+7u9fkiJq2LsX9dzl5WXj/X2aaxy6o28XAS9qmrIe3eAtGHMfcGhYPjXcLt/pdnwaSkV8o6gPZ8ikGbfvyj08VJ3MUPi+i9hZwbYvpH/vHny6Nw+0VlkvTW2RsKVJASPrc1nlE6XWnUUjMg3fUxH2ctyjD6T9BMh/EXZ85pkl/Ja8+mBhQPjC6Ee8SKTD/2bDtXfGhQtTOH46V/YhVPyqM1kLAOuuH0tNpkCAwEAAaBLMEkGCSqGSIb3DQEJDjE8MDowDgYDVR0PAQH/BAQDAgG+MB0GA1UdJQQWMBQGCCsGAQUFBwMBBggrBgEFBQcDAjAJBgNVHRMEAjAAMA0GCSqGSIb3DQEBCwUAA4IBAQAWNjBCvZNIwChRCI0N44OGjStofkMhIRBgCUlmBy5TlqStHtPRKOjPfszXjAxTybstXPpv6v5Ey4PSB7wFUNNk4QQXOvy0Bw1XlKuscaWf86M01kLQitxnwalKqUDhaA5HKIuqt8bdu4JA7HLTXWpAkv6lBkLnQnyLFD4O039MlJs2d/819WyBcEdJ64dQox7jTEQ2CYckCAkFdWj+q1moSAKBYkImh//TS6/LHLo+LXfib7e6SRPepOmJFHhScjVaYfNdK6npAIxHqnWHAGEUZ9WGJF+lrCxkV+dKgjpHaiWNwq+gI6HKpTPCq47lIX2Bs61Rrq4gCUADcAk929kM","cancellation_requested":false,"status":"inProgress","status_details":"Pending
        certificate created. Certificate request is in progress. This may take some
        time based on the issuer provider. Please check again later.","request_id":"728eaa91d29f430ebb8a6b28a38724fb"}'
    headers:
      cache-control:
      - no-cache
      content-length:
      - '1314'
      content-type:
      - application/json; charset=utf-8
      date:
      - Wed, 18 Nov 2020 22:28:15 GMT
      expires:
      - '-1'
      location:
      - https://keyvault000004.vault.azure.net/certificates/cert000005/pending?api-version=7.0&request_id=728eaa91d29f430ebb8a6b28a38724fb
      pragma:
      - no-cache
      strict-transport-security:
      - max-age=31536000;includeSubDomains
      x-content-type-options:
      - nosniff
      x-ms-keyvault-network-info:
      - conn_type=Ipv4;addr=174.127.252.6;act_addr_fam=InterNetwork;
      x-ms-keyvault-region:
      - centralus
      x-ms-keyvault-service-version:
      - 1.2.58.0
      x-powered-by:
      - ASP.NET
    status:
      code: 202
      message: Accepted
- request:
    body: null
    headers:
      Accept:
      - application/json
      Accept-Encoding:
      - gzip, deflate
      Connection:
      - keep-alive
      Content-Type:
      - application/json; charset=utf-8
      User-Agent:
      - python/3.8.5 (macOS-10.16-x86_64-i386-64bit) msrest/0.6.18 msrest_azure/0.6.3
        azure-keyvault/7.0 Azure-SDK-For-Python
      accept-language:
      - en-US
    method: GET
    uri: https://keyvault000004.vault.azure.net/certificates/cert000005/pending?api-version=7.0
  response:
    body:
      string: '{"id":"https://keyvault000004.vault.azure.net/certificates/cert000005/pending","issuer":{"name":"Self"},"csr":"MIICrjCCAZYCAQAwHjEcMBoGA1UEAxMTQ0xJR2V0RGVmYXVsdFBvbGljeTCCASIwDQYJKoZIhvcNAQEBBQADggEPADCCAQoCggEBAKK9IzfYLMVLguYssJAswZ/pBWznBLF6WZJJcXJQakfWV0TEZEcraDm7oKtd6RFxLqiPzbPrfo6cA7Xu6rDBIV8kHFlNYI+LkPyK3gdrN5N/hHjOnkuc+7u9fkiJq2LsX9dzl5WXj/X2aaxy6o28XAS9qmrIe3eAtGHMfcGhYPjXcLt/pdnwaSkV8o6gPZ8ikGbfvyj08VJ3MUPi+i9hZwbYvpH/vHny6Nw+0VlkvTW2RsKVJASPrc1nlE6XWnUUjMg3fUxH2ctyjD6T9BMh/EXZ85pkl/Ja8+mBhQPjC6Ee8SKTD/2bDtXfGhQtTOH46V/YhVPyqM1kLAOuuH0tNpkCAwEAAaBLMEkGCSqGSIb3DQEJDjE8MDowDgYDVR0PAQH/BAQDAgG+MB0GA1UdJQQWMBQGCCsGAQUFBwMBBggrBgEFBQcDAjAJBgNVHRMEAjAAMA0GCSqGSIb3DQEBCwUAA4IBAQAWNjBCvZNIwChRCI0N44OGjStofkMhIRBgCUlmBy5TlqStHtPRKOjPfszXjAxTybstXPpv6v5Ey4PSB7wFUNNk4QQXOvy0Bw1XlKuscaWf86M01kLQitxnwalKqUDhaA5HKIuqt8bdu4JA7HLTXWpAkv6lBkLnQnyLFD4O039MlJs2d/819WyBcEdJ64dQox7jTEQ2CYckCAkFdWj+q1moSAKBYkImh//TS6/LHLo+LXfib7e6SRPepOmJFHhScjVaYfNdK6npAIxHqnWHAGEUZ9WGJF+lrCxkV+dKgjpHaiWNwq+gI6HKpTPCq47lIX2Bs61Rrq4gCUADcAk929kM","cancellation_requested":false,"status":"inProgress","status_details":"Pending
        certificate created. Certificate request is in progress. This may take some
        time based on the issuer provider. Please check again later.","request_id":"728eaa91d29f430ebb8a6b28a38724fb"}'
    headers:
      cache-control:
      - no-cache
      content-length:
      - '1314'
      content-type:
      - application/json; charset=utf-8
      date:
      - Wed, 18 Nov 2020 22:28:16 GMT
      expires:
      - '-1'
      pragma:
      - no-cache
      strict-transport-security:
      - max-age=31536000;includeSubDomains
      x-content-type-options:
      - nosniff
      x-ms-keyvault-network-info:
      - conn_type=Ipv4;addr=174.127.252.6;act_addr_fam=InterNetwork;
      x-ms-keyvault-region:
      - centralus
      x-ms-keyvault-service-version:
      - 1.2.58.0
      x-powered-by:
      - ASP.NET
    status:
      code: 200
      message: OK
- request:
    body: null
    headers:
      Accept:
      - application/json
      Accept-Encoding:
      - gzip, deflate
      Connection:
      - keep-alive
      Content-Type:
      - application/json; charset=utf-8
      User-Agent:
      - python/3.8.5 (macOS-10.16-x86_64-i386-64bit) msrest/0.6.18 msrest_azure/0.6.3
        azure-keyvault/7.0 Azure-SDK-For-Python
      accept-language:
      - en-US
    method: GET
    uri: https://keyvault000004.vault.azure.net/certificates/cert000005/pending?api-version=7.0
  response:
    body:
      string: '{"id":"https://keyvault000004.vault.azure.net/certificates/cert000005/pending","issuer":{"name":"Self"},"csr":"MIICrjCCAZYCAQAwHjEcMBoGA1UEAxMTQ0xJR2V0RGVmYXVsdFBvbGljeTCCASIwDQYJKoZIhvcNAQEBBQADggEPADCCAQoCggEBAKK9IzfYLMVLguYssJAswZ/pBWznBLF6WZJJcXJQakfWV0TEZEcraDm7oKtd6RFxLqiPzbPrfo6cA7Xu6rDBIV8kHFlNYI+LkPyK3gdrN5N/hHjOnkuc+7u9fkiJq2LsX9dzl5WXj/X2aaxy6o28XAS9qmrIe3eAtGHMfcGhYPjXcLt/pdnwaSkV8o6gPZ8ikGbfvyj08VJ3MUPi+i9hZwbYvpH/vHny6Nw+0VlkvTW2RsKVJASPrc1nlE6XWnUUjMg3fUxH2ctyjD6T9BMh/EXZ85pkl/Ja8+mBhQPjC6Ee8SKTD/2bDtXfGhQtTOH46V/YhVPyqM1kLAOuuH0tNpkCAwEAAaBLMEkGCSqGSIb3DQEJDjE8MDowDgYDVR0PAQH/BAQDAgG+MB0GA1UdJQQWMBQGCCsGAQUFBwMBBggrBgEFBQcDAjAJBgNVHRMEAjAAMA0GCSqGSIb3DQEBCwUAA4IBAQAWNjBCvZNIwChRCI0N44OGjStofkMhIRBgCUlmBy5TlqStHtPRKOjPfszXjAxTybstXPpv6v5Ey4PSB7wFUNNk4QQXOvy0Bw1XlKuscaWf86M01kLQitxnwalKqUDhaA5HKIuqt8bdu4JA7HLTXWpAkv6lBkLnQnyLFD4O039MlJs2d/819WyBcEdJ64dQox7jTEQ2CYckCAkFdWj+q1moSAKBYkImh//TS6/LHLo+LXfib7e6SRPepOmJFHhScjVaYfNdK6npAIxHqnWHAGEUZ9WGJF+lrCxkV+dKgjpHaiWNwq+gI6HKpTPCq47lIX2Bs61Rrq4gCUADcAk929kM","cancellation_requested":false,"status":"completed","target":"https://keyvault000004.vault.azure.net/certificates/cert000005","request_id":"728eaa91d29f430ebb8a6b28a38724fb"}'
    headers:
      cache-control:
      - no-cache
      content-length:
      - '1239'
      content-type:
      - application/json; charset=utf-8
      date:
      - Wed, 18 Nov 2020 22:28:27 GMT
      expires:
      - '-1'
      pragma:
      - no-cache
      strict-transport-security:
      - max-age=31536000;includeSubDomains
      x-content-type-options:
      - nosniff
      x-ms-keyvault-network-info:
      - conn_type=Ipv4;addr=174.127.252.6;act_addr_fam=InterNetwork;
      x-ms-keyvault-region:
      - centralus
      x-ms-keyvault-service-version:
      - 1.2.58.0
      x-powered-by:
      - ASP.NET
    status:
      code: 200
      message: OK
- request:
    body: null
    headers:
      Accept:
      - application/json
      Accept-Encoding:
      - gzip, deflate
      Connection:
      - keep-alive
      Content-Type:
      - application/json; charset=utf-8
      User-Agent:
      - python/3.8.5 (macOS-10.16-x86_64-i386-64bit) msrest/0.6.18 msrest_azure/0.6.3
        azure-keyvault/7.0 Azure-SDK-For-Python
      accept-language:
      - en-US
    method: GET
    uri: https://keyvault000004.vault.azure.net/certificates/cert000005/versions?api-version=7.0
  response:
    body:
      string: '{"value":[{"id":"https://keyvault000004.vault.azure.net/certificates/cert000005/6094ac26e53541488ccce9a0f6ad4c6b","x5t":"JbUioiJsU8wBWxmi5IP6b5qpbGM","attributes":{"enabled":true,"nbf":1605737904,"exp":1637274504,"created":1605738504,"updated":1605738504},"subject":""}],"nextLink":null}'
    headers:
      cache-control:
      - no-cache
      content-length:
      - '303'
      content-type:
      - application/json; charset=utf-8
      date:
      - Wed, 18 Nov 2020 22:28:27 GMT
      expires:
      - '-1'
      pragma:
      - no-cache
      strict-transport-security:
      - max-age=31536000;includeSubDomains
      x-content-type-options:
      - nosniff
      x-ms-keyvault-network-info:
      - conn_type=Ipv4;addr=174.127.252.6;act_addr_fam=InterNetwork;
      x-ms-keyvault-region:
      - centralus
      x-ms-keyvault-service-version:
      - 1.2.58.0
      x-powered-by:
      - ASP.NET
    status:
      code: 200
      message: OK
- request:
    body: null
    headers:
      Accept:
      - application/json
      Accept-Encoding:
      - gzip, deflate
      CommandName:
      - cdn custom-domain enable-https
      Connection:
      - keep-alive
      ParameterSetName:
      - -g -n --endpoint-name --profile-name --user-cert-subscription-id --user-cert-group-name
        --user-cert-vault-name --user-cert-secret-name --user-cert-secret-version
        --user-cert-protocol-type
      User-Agent:
      - python/3.8.5 (macOS-10.16-x86_64-i386-64bit) msrest/0.6.18 msrest_azure/0.6.3
        azure-mgmt-cdn/5.1.0 Azure-SDK-For-Python AZURECLI/2.15.0
      accept-language:
      - en-US
    method: GET
    uri: https://management.azure.com/subscriptions/00000000-0000-0000-0000-000000000000/resourceGroups/clitest.rg000001/providers/Microsoft.Cdn/profiles/profile123?api-version=2020-04-15
  response:
    body:
      string: "{\r\n  \"name\":\"profile123\",\"id\":\"/subscriptions/00000000-0000-0000-0000-000000000000/resourcegroups/clitest.rg000001/providers/Microsoft.Cdn/profiles/profile123\"\
        ,\"type\":\"Microsoft.Cdn/profiles\",\"tags\":{\r\n    \r\n  },\"location\"\
        :\"WestUs\",\"sku\":{\r\n    \"name\":\"Standard_Microsoft\"\r\n  },\"properties\"\
        :{\r\n    \"provisioningState\":\"Succeeded\",\"resourceState\":\"Active\"\
        \r\n  }\r\n}"
    headers:
      cache-control:
      - no-cache
      content-length:
      - '421'
      content-type:
      - application/json; odata.metadata=minimal
      date:
      - Wed, 18 Nov 2020 22:28:29 GMT
      expires:
      - '-1'
      odata-version:
      - '4.0'
      pragma:
      - no-cache
      server:
      - Microsoft-IIS/10.0
      strict-transport-security:
      - max-age=31536000; includeSubDomains
      transfer-encoding:
      - chunked
      vary:
      - Accept-Encoding
      x-aspnet-version:
      - 4.0.30319
      x-content-type-options:
      - nosniff
      x-ms-ratelimit-remaining-subscription-resource-requests:
      - '48'
      x-powered-by:
      - ASP.NET
    status:
      code: 200
      message: OK
- request:
    body: '{"protocolType": "ServerNameIndication", "certificateSource": "AzureKeyVault",
      "certificateSourceParameters": {"@odata.type": "#Microsoft.Azure.Cdn.Models.KeyVaultCertificateSourceParameters",
      "subscriptionId": "27cafca8-b9a4-4264-b399-45d0c9cca1ab", "resourceGroupName":
      "clitest.rg000001", "vaultName": "keyvault000004", "secretName": "cert000005",
      "secretVersion": "6094ac26e53541488ccce9a0f6ad4c6b", "updateRule": "NoAction",
      "deleteRule": "NoAction"}}'
    headers:
      Accept:
      - application/json
      Accept-Encoding:
      - gzip, deflate
      CommandName:
      - cdn custom-domain enable-https
      Connection:
      - keep-alive
      Content-Length:
      - '531'
      Content-Type:
      - application/json; charset=utf-8
      ParameterSetName:
      - -g -n --endpoint-name --profile-name --user-cert-subscription-id --user-cert-group-name
        --user-cert-vault-name --user-cert-secret-name --user-cert-secret-version
        --user-cert-protocol-type
      User-Agent:
      - python/3.8.5 (macOS-10.16-x86_64-i386-64bit) msrest/0.6.18 msrest_azure/0.6.3
        azure-mgmt-cdn/5.1.0 Azure-SDK-For-Python AZURECLI/2.15.0
      accept-language:
      - en-US
    method: POST
    uri: https://management.azure.com/subscriptions/00000000-0000-0000-0000-000000000000/resourceGroups/clitest.rg000001/providers/Microsoft.Cdn/profiles/profile123/endpoints/cdn-cli-test-4/customDomains/customdomain000003/enableCustomHttps?api-version=2020-04-15
  response:
    body:
      string: "{\r\n  \"provisioningState\":\"Succeeded\",\"resourceState\":\"Active\"\
        ,\"hostName\":\"customdomain000003.cdn-cli-test-4.azfdtest.xyz\",\"validationData\"\
        :null,\"customHttpsProvisioningState\":\"Enabling\",\"customHttpsProvisioningSubstate\"\
        :\"ImportingUserProvidedCertificate\",\"customHttpsParameters\":{\r\n    \"\
        certificateSource\":\"AzureKeyVault\",\"certificateSourceParameters\":{\r\n\
        \      \"@odata.type\":\"#Microsoft.Azure.Cdn.Models.KeyVaultCertificateSourceParameters\"\
        ,\"subscriptionId\":\"27cafca8-b9a4-4264-b399-45d0c9cca1ab\",\"resourceGroupName\"\
        :\"clitest.rg000001\",\"vaultName\":\"keyvault000004\",\"secretName\":\"cert000005\"\
        ,\"secretVersion\":\"6094ac26e53541488ccce9a0f6ad4c6b\",\"updateRule\":\"\
        NoAction\",\"deleteRule\":\"NoAction\"\r\n    },\"minimumTlsVersion\":\"TLS12\"\
        ,\"protocolType\":\"ServerNameIndication\"\r\n  }\r\n}"
    headers:
      azure-asyncoperation:
      - https://management.azure.com/subscriptions/00000000-0000-0000-0000-000000000000/resourcegroups/clitest.rg000001/providers/Microsoft.Cdn/operationresults/85c2663a-cae2-4e54-a803-922415d682cd?api-version=2020-04-15
      cache-control:
      - no-cache
      content-length:
      - '847'
      content-type:
      - application/json; odata.metadata=minimal
      date:
      - Wed, 18 Nov 2020 22:28:31 GMT
      expires:
      - '-1'
      location:
      - https://management.azure.com/subscriptions/00000000-0000-0000-0000-000000000000/resourcegroups/clitest.rg000001/providers/Microsoft.Cdn/operationresults/85c2663a-cae2-4e54-a803-922415d682cd/profileresults/profile123/endpointresults/cdn-cli-test-4/customdomainresults/customdomain000003?api-version=2020-04-15
      odata-version:
      - '4.0'
      pragma:
      - no-cache
      server:
      - Microsoft-IIS/10.0
      strict-transport-security:
      - max-age=31536000; includeSubDomains
      x-aspnet-version:
      - 4.0.30319
      x-content-type-options:
      - nosniff
      x-ms-ratelimit-remaining-subscription-writes:
      - '1199'
      x-powered-by:
      - ASP.NET
    status:
      code: 202
      message: Accepted
- request:
    body: null
    headers:
      Accept:
      - application/json
      Accept-Encoding:
      - gzip, deflate
      CommandName:
      - cdn custom-domain enable-https
      Connection:
      - keep-alive
      ParameterSetName:
      - -g -n --endpoint-name --profile-name --user-cert-subscription-id --user-cert-group-name
        --user-cert-vault-name --user-cert-secret-name --user-cert-secret-version
        --user-cert-protocol-type
      User-Agent:
      - python/3.8.5 (macOS-10.16-x86_64-i386-64bit) msrest/0.6.18 msrest_azure/0.6.3
        azure-mgmt-cdn/5.1.0 Azure-SDK-For-Python AZURECLI/2.15.0
      accept-language:
      - en-US
    method: GET
    uri: https://management.azure.com/subscriptions/00000000-0000-0000-0000-000000000000/resourceGroups/clitest.rg000001/providers/Microsoft.Cdn/profiles/profile123/endpoints/cdn-cli-test-4/customDomains/customdomain000003?api-version=2020-04-15
  response:
    body:
      string: "{\r\n  \"name\":\"customdomain000003\",\"id\":\"/subscriptions/00000000-0000-0000-0000-000000000000/resourcegroups/clitest.rg000001/providers/Microsoft.Cdn/profiles/profile123/endpoints/cdn-cli-test-4/customdomains/customdomain000003\"\
        ,\"type\":\"Microsoft.Cdn/profiles/endpoints/customdomains\",\"properties\"\
        :{\r\n    \"provisioningState\":\"Succeeded\",\"resourceState\":\"Active\"\
        ,\"hostName\":\"customdomain000003.cdn-cli-test-4.azfdtest.xyz\",\"validationData\"\
        :null,\"customHttpsProvisioningState\":\"Enabling\",\"customHttpsProvisioningSubstate\"\
        :\"ImportingUserProvidedCertificate\",\"customHttpsParameters\":{\r\n    \
        \  \"certificateSource\":\"AzureKeyVault\",\"certificateSourceParameters\"\
        :{\r\n        \"@odata.type\":\"#Microsoft.Azure.Cdn.Models.KeyVaultCertificateSourceParameters\"\
        ,\"subscriptionId\":\"27cafca8-b9a4-4264-b399-45d0c9cca1ab\",\"resourceGroupName\"\
        :\"clitest.rg000001\",\"vaultName\":\"keyvault000004\",\"secretName\":\"cert000005\"\
        ,\"secretVersion\":\"6094ac26e53541488ccce9a0f6ad4c6b\",\"updateRule\":\"\
        NoAction\",\"deleteRule\":\"NoAction\"\r\n      },\"minimumTlsVersion\":\"\
        TLS12\",\"protocolType\":\"ServerNameIndication\"\r\n    }\r\n  }\r\n}"
    headers:
      cache-control:
      - no-cache
      content-length:
      - '1220'
      content-type:
      - application/json; odata.metadata=minimal
      date:
      - Wed, 18 Nov 2020 22:28:32 GMT
      expires:
      - '-1'
      odata-version:
      - '4.0'
      pragma:
      - no-cache
      server:
      - Microsoft-IIS/10.0
      strict-transport-security:
      - max-age=31536000; includeSubDomains
      transfer-encoding:
      - chunked
      vary:
      - Accept-Encoding
      x-aspnet-version:
      - 4.0.30319
      x-content-type-options:
      - nosniff
      x-powered-by:
      - ASP.NET
    status:
      code: 200
      message: OK
- request:
    body: null
    headers:
      Accept:
      - application/json
      Accept-Encoding:
      - gzip, deflate
      CommandName:
      - cdn custom-domain disable-https
      Connection:
      - keep-alive
      Content-Length:
      - '0'
      ParameterSetName:
      - -g -n --endpoint-name --profile-name
      User-Agent:
      - python/3.8.5 (macOS-10.16-x86_64-i386-64bit) msrest/0.6.18 msrest_azure/0.6.3
        azure-mgmt-cdn/5.1.0 Azure-SDK-For-Python AZURECLI/2.15.0
      accept-language:
      - en-US
    method: POST
    uri: https://management.azure.com/subscriptions/00000000-0000-0000-0000-000000000000/resourceGroups/clitest.rg000001/providers/Microsoft.Cdn/profiles/profile123/endpoints/cdn-cli-test-4/customDomains/customdomain000002/disableCustomHttps?api-version=2020-04-15
  response:
    body:
      string: "{\r\n  \"error\": {\r\n    \"code\": \"BadRequest\",\r\n    \"message\"\
        : \"The requested operation cannot be executed on the entity in the current\
        \ state.\"\r\n  }\r\n}"
    headers:
      cache-control:
      - no-cache
      content-language:
      - en-US
      content-length:
      - '147'
      content-type:
      - application/json; charset=utf-8
      date:
      - Wed, 18 Nov 2020 22:28:33 GMT
      expires:
      - '-1'
      pragma:
      - no-cache
      server:
      - Microsoft-IIS/10.0
      strict-transport-security:
      - max-age=31536000; includeSubDomains
      x-aspnet-version:
      - 4.0.30319
      x-content-type-options:
      - nosniff
      x-ms-ratelimit-remaining-subscription-writes:
      - '1199'
      x-powered-by:
      - ASP.NET
    status:
      code: 400
      message: Bad Request
version: 1
