interactions:
- request:
    body: null
    headers:
      Accept:
      - application/json
      Accept-Encoding:
      - gzip, deflate
      Connection:
      - keep-alive
      Content-Type:
      - application/json; charset=utf-8
      User-Agent:
      - python/3.8.2 (Windows-10-10.0.19041-SP0) msrest/0.6.21 msrest_azure/0.6.4
        azure-keyvault/7.0 Azure-SDK-For-Python
      accept-language:
      - en-US
    method: GET
    uri: https://cupertino-kv-test.vault.azure.net/secrets/TestDbPassword/?api-version=7.0
  response:
    body:
      string: '{"value": "microsoft123!", "id": "https://cupertino-kv-test.vault.azure.net/secrets/TestDbPassword/e6c944984acc4f7dab51acf30b3d19cc",
        "attributes": {"enabled": true, "created": 1607518360, "updated": 1607518360,
        "recoveryLevel": "Recoverable+Purgeable"}}'
    headers:
      cache-control:
      - no-cache
      content-length:
      - '254'
      content-type:
      - application/json; charset=utf-8
      date:
      - Wed, 27 Apr 2022 05:28:31 GMT
      expires:
      - '-1'
      pragma:
      - no-cache
      strict-transport-security:
      - max-age=31536000;includeSubDomains
      x-content-type-options:
      - nosniff
      x-ms-keyvault-network-info:
      - conn_type=Ipv4;addr=167.220.255.96;act_addr_fam=InterNetwork;
      x-ms-keyvault-region:
      - eastus
      x-ms-keyvault-service-version:
      - 1.9.378.1
    status:
      code: 200
      message: OK
- request:
    body: '{"properties": {"targetService": {"type": "AzureResource", "id": "/subscriptions/00000000-0000-0000-0000-000000000000/resourceGroups/servicelinker-test-linux-group/providers/Microsoft.Sql/servers/servicelinker-sql/databases/handler-test"},
      "authInfo": {"authType": "secret", "name": "servicelinker", "secretInfo": {"secretType":
      "rawValue", "value": "microsoft123!"}}, "clientType": "python", "secretStore":
      {}}}'
    headers:
      Accept:
      - application/json
      Accept-Encoding:
      - gzip, deflate
      CommandName:
      - webapp connection create sql
      Connection:
      - keep-alive
      Content-Length:
      - '412'
      Content-Type:
      - application/json
      ParameterSetName:
      - --connection --source-id --target-id --secret --client-type
      User-Agent:
      - AZURECLI/2.35.0 azsdk-python-mgmt-servicelinker/1.0.0 Python/3.8.2 (Windows-10-10.0.19041-SP0)
    method: PUT
    uri: https://management.azure.com/subscriptions/00000000-0000-0000-0000-000000000000/resourceGroups/servicelinker-test-linux-group/providers/Microsoft.Web/sites/servicelinker-sql-app/providers/Microsoft.ServiceLinker/linkers/testconn?api-version=2022-05-01
  response:
    body:
      string: '{"id": "/subscriptions/00000000-0000-0000-0000-000000000000/resourceGroups/servicelinker-test-linux-group/providers/Microsoft.Web/sites/servicelinker-sql-app/providers/Microsoft.ServiceLinker/linkers/testconn",
        "name": "testconn", "type": "microsoft.servicelinker/linkers", "systemData":
        {"createdBy": "honc@microsoft.com", "createdByType": "User", "createdAt":
        "2022-04-27T05:28:33.4991261Z", "lastModifiedBy": "honc@microsoft.com", "lastModifiedByType":
        "User", "lastModifiedAt": "2022-04-27T05:28:33.4991261Z"}, "properties": {"provisioningState":
        "Accepted", "targetService": {"id": "/subscriptions/00000000-0000-0000-0000-000000000000/resourceGroups/servicelinker-test-linux-group/providers/Microsoft.Sql/servers/servicelinker-sql/databases/handler-test",
        "resourceProperties": null, "type": "AzureResource"}, "authInfo": {"name":
        "servicelinker", "secretInfo": {"secretType": "rawValue"}, "authType": "secret"},
        "vNetSolution": null, "clientType": "python", "secretStore": {"keyVaultId":
        null}, "scope": null}}'
    headers:
      azure-asyncoperation:
      - https://management.azure.com/subscriptions/00000000-0000-0000-0000-000000000000/providers/Microsoft.ServiceLinker/locations/EASTUS/operationStatuses/59f51a70-34e2-49f3-85c5-a9c95a8e80dd*F712114A38F364B5CAB427C8E5BC23507E99B0D32E8EDFB0E4134B38ABF46FB0?api-version=2022-05-01
      cache-control:
      - no-cache
      content-length:
      - '1016'
      content-type:
      - application/json; charset=utf-8
      date:
      - Wed, 27 Apr 2022 05:28:33 GMT
      etag:
      - '"6a001358-0000-0100-0000-6268d4810000"'
      expires:
      - '-1'
      mise-correlation-id:
      - 15436b3b-2c24-4403-94d5-e50b3efa1950
      pragma:
      - no-cache
      strict-transport-security:
      - max-age=31536000; includeSubDomains
      x-content-type-options:
      - nosniff
      x-ms-providerhub-traffic:
      - 'True'
      x-ms-ratelimit-remaining-subscription-writes:
      - '1199'
    status:
      code: 201
      message: Created
- request:
    body: null
    headers:
      Accept:
      - '*/*'
      Accept-Encoding:
      - gzip, deflate
      CommandName:
      - webapp connection create sql
      Connection:
      - keep-alive
      ParameterSetName:
      - --connection --source-id --target-id --secret --client-type
      User-Agent:
      - AZURECLI/2.35.0 azsdk-python-mgmt-servicelinker/1.0.0 Python/3.8.2 (Windows-10-10.0.19041-SP0)
    method: GET
    uri: https://management.azure.com/subscriptions/00000000-0000-0000-0000-000000000000/providers/Microsoft.ServiceLinker/locations/EASTUS/operationStatuses/59f51a70-34e2-49f3-85c5-a9c95a8e80dd*F712114A38F364B5CAB427C8E5BC23507E99B0D32E8EDFB0E4134B38ABF46FB0?api-version=2022-05-01
  response:
    body:
      string: '{"id": "/subscriptions/00000000-0000-0000-0000-000000000000/providers/Microsoft.ServiceLinker/locations/EASTUS/operationStatuses/59f51a70-34e2-49f3-85c5-a9c95a8e80dd*F712114A38F364B5CAB427C8E5BC23507E99B0D32E8EDFB0E4134B38ABF46FB0",
        "name": "59f51a70-34e2-49f3-85c5-a9c95a8e80dd*F712114A38F364B5CAB427C8E5BC23507E99B0D32E8EDFB0E4134B38ABF46FB0",
        "resourceId": "/subscriptions/00000000-0000-0000-0000-000000000000/resourceGroups/servicelinker-test-linux-group/providers/Microsoft.Web/sites/servicelinker-sql-app/providers/Microsoft.ServiceLinker/linkers/testconn",
        "status": "Succeeded", "startTime": "2022-04-27T05:28:33.6788172Z", "endTime":
        "2022-04-27T05:28:37.9264171Z", "properties": {"message": "Deny public network
        access is set to yes. Please confirm you are using private endpoint connection
        to access target resource."}}'
    headers:
      cache-control:
      - no-cache
      content-length:
      - '830'
      content-type:
      - application/json; charset=utf-8
      date:
      - Wed, 27 Apr 2022 05:29:04 GMT
      etag:
      - '"14003103-0000-0100-0000-6268d4850000"'
      expires:
      - '-1'
      pragma:
      - no-cache
      strict-transport-security:
      - max-age=31536000; includeSubDomains
      x-content-type-options:
      - nosniff
    status:
      code: 200
      message: OK
- request:
    body: null
    headers:
      Accept:
      - '*/*'
      Accept-Encoding:
      - gzip, deflate
      CommandName:
      - webapp connection create sql
      Connection:
      - keep-alive
      ParameterSetName:
      - --connection --source-id --target-id --secret --client-type
      User-Agent:
      - AZURECLI/2.35.0 azsdk-python-mgmt-servicelinker/1.0.0 Python/3.8.2 (Windows-10-10.0.19041-SP0)
    method: GET
    uri: https://management.azure.com/subscriptions/00000000-0000-0000-0000-000000000000/resourceGroups/servicelinker-test-linux-group/providers/Microsoft.Web/sites/servicelinker-sql-app/providers/Microsoft.ServiceLinker/linkers/testconn?api-version=2022-05-01
  response:
    body:
      string: '{"id": "/subscriptions/00000000-0000-0000-0000-000000000000/resourceGroups/servicelinker-test-linux-group/providers/Microsoft.Web/sites/servicelinker-sql-app/providers/Microsoft.ServiceLinker/linkers/testconn",
        "name": "testconn", "type": "microsoft.servicelinker/linkers", "properties":
        {"provisioningState": "Succeeded", "targetService": {"id": "/subscriptions/00000000-0000-0000-0000-000000000000/resourceGroups/servicelinker-test-linux-group/providers/Microsoft.Sql/servers/servicelinker-sql/databases/handler-test",
        "resourceProperties": null, "type": "AzureResource"}, "authInfo": {"name":
        "servicelinker", "secretInfo": {"secretType": "rawValue"}, "authType": "secret"},
        "clientType": "python", "scope": null, "vNetSolution": null, "secretStore":
        {"keyVaultId": null}}}'
    headers:
      cache-control:
      - no-cache
      content-length:
      - '776'
      content-type:
      - application/json; charset=utf-8
      date:
      - Wed, 27 Apr 2022 05:29:05 GMT
      etag:
      - '"6a002858-0000-0100-0000-6268d4850000"'
      expires:
      - '-1'
      mise-correlation-id:
      - 41b7b83e-d71a-47db-a9d5-9b5228933762
      pragma:
      - no-cache
      strict-transport-security:
      - max-age=31536000; includeSubDomains
      vary:
      - Accept-Encoding
      x-content-type-options:
      - nosniff
      x-ms-providerhub-traffic:
      - 'True'
    status:
      code: 200
      message: OK
- request:
    body: null
    headers:
      Accept:
      - application/json
      Accept-Encoding:
      - gzip, deflate
      CommandName:
      - webapp connection list
      Connection:
      - keep-alive
      ParameterSetName:
      - --source-id
      User-Agent:
      - AZURECLI/2.35.0 azsdk-python-mgmt-servicelinker/1.0.0 Python/3.8.2 (Windows-10-10.0.19041-SP0)
    method: GET
    uri: https://management.azure.com/subscriptions/00000000-0000-0000-0000-000000000000/resourceGroups/servicelinker-test-linux-group/providers/Microsoft.Web/sites/servicelinker-sql-app/providers/Microsoft.ServiceLinker/linkers?api-version=2022-05-01
  response:
    body:
      string: '{"value": [{"id": "/subscriptions/00000000-0000-0000-0000-000000000000/resourceGroups/servicelinker-test-linux-group/providers/Microsoft.Web/sites/servicelinker-sql-app/providers/Microsoft.ServiceLinker/linkers/testconn",
        "name": "testconn", "type": "microsoft.servicelinker/linkers", "properties":
        {"provisioningState": "Succeeded", "targetService": {"id": "/subscriptions/00000000-0000-0000-0000-000000000000/resourceGroups/servicelinker-test-linux-group/providers/Microsoft.Sql/servers/servicelinker-sql/databases/handler-test",
        "resourceProperties": null, "type": "AzureResource"}, "authInfo": {"name":
        "servicelinker", "secretInfo": {"secretType": "rawValue"}, "authType": "secret"},
        "clientType": "python", "scope": null, "vNetSolution": null, "secretStore":
        {"keyVaultId": null}}}]}'
    headers:
      cache-control:
      - no-cache
      content-length:
      - '789'
      content-type:
      - application/json; charset=utf-8
      date:
      - Wed, 27 Apr 2022 05:29:08 GMT
      expires:
      - '-1'
      mise-correlation-id:
      - a7470243-5a50-4ded-a946-26bd0da7e8fd
      pragma:
      - no-cache
      strict-transport-security:
      - max-age=31536000; includeSubDomains
      transfer-encoding:
      - chunked
      vary:
      - Accept-Encoding,Accept-Encoding
      x-content-type-options:
      - nosniff
      x-ms-providerhub-traffic:
      - 'True'
    status:
      code: 200
      message: OK
- request:
    body: null
    headers:
      Accept:
      - application/json
      Accept-Encoding:
      - gzip, deflate
      CommandName:
      - webapp connection update sql
      Connection:
      - keep-alive
      ParameterSetName:
      - --id --client-type --secret
      User-Agent:
      - AZURECLI/2.35.0 azsdk-python-mgmt-servicelinker/1.0.0 Python/3.8.2 (Windows-10-10.0.19041-SP0)
    method: GET
    uri: https://management.azure.com/subscriptions/00000000-0000-0000-0000-000000000000/resourceGroups/servicelinker-test-linux-group/providers/Microsoft.Web/sites/servicelinker-sql-app/providers/Microsoft.ServiceLinker/linkers/testconn?api-version=2022-05-01
  response:
    body:
      string: '{"id": "/subscriptions/00000000-0000-0000-0000-000000000000/resourceGroups/servicelinker-test-linux-group/providers/Microsoft.Web/sites/servicelinker-sql-app/providers/Microsoft.ServiceLinker/linkers/testconn",
        "name": "testconn", "type": "microsoft.servicelinker/linkers", "properties":
        {"provisioningState": "Succeeded", "targetService": {"id": "/subscriptions/00000000-0000-0000-0000-000000000000/resourceGroups/servicelinker-test-linux-group/providers/Microsoft.Sql/servers/servicelinker-sql/databases/handler-test",
        "resourceProperties": null, "type": "AzureResource"}, "authInfo": {"name":
        "servicelinker", "secretInfo": {"secretType": "rawValue"}, "authType": "secret"},
        "clientType": "python", "scope": null, "vNetSolution": null, "secretStore":
        {"keyVaultId": null}}}'
    headers:
      cache-control:
      - no-cache
      content-length:
      - '776'
      content-type:
      - application/json; charset=utf-8
      date:
      - Wed, 27 Apr 2022 05:29:08 GMT
      etag:
      - '"6a002858-0000-0100-0000-6268d4850000"'
      expires:
      - '-1'
      mise-correlation-id:
      - 58f0843a-06f1-4a48-80f2-58c669588ebb
      pragma:
      - no-cache
      strict-transport-security:
      - max-age=31536000; includeSubDomains
      transfer-encoding:
      - chunked
      vary:
      - Accept-Encoding,Accept-Encoding
      x-content-type-options:
      - nosniff
      x-ms-providerhub-traffic:
      - 'True'
    status:
      code: 200
      message: OK
- request:
    body: '{"properties": {"targetService": {"type": "AzureResource", "id": "/subscriptions/00000000-0000-0000-0000-000000000000/resourceGroups/servicelinker-test-linux-group/providers/Microsoft.Sql/servers/servicelinker-sql/databases/handler-test"},
      "authInfo": {"authType": "secret", "name": "servicelinker", "secretInfo": {"secretType":
      "rawValue", "value": "microsoft123!"}}, "clientType": "dotnet", "secretStore":
      {}}}'
    headers:
      Accept:
      - application/json
      Accept-Encoding:
      - gzip, deflate
      CommandName:
      - webapp connection update sql
      Connection:
      - keep-alive
      Content-Length:
      - '412'
      Content-Type:
      - application/json
      ParameterSetName:
      - --id --client-type --secret
      User-Agent:
      - AZURECLI/2.35.0 azsdk-python-mgmt-servicelinker/1.0.0 Python/3.8.2 (Windows-10-10.0.19041-SP0)
    method: PUT
    uri: https://management.azure.com/subscriptions/00000000-0000-0000-0000-000000000000/resourceGroups/servicelinker-test-linux-group/providers/Microsoft.Web/sites/servicelinker-sql-app/providers/Microsoft.ServiceLinker/linkers/testconn?api-version=2022-05-01
  response:
    body:
      string: '{"id": "/subscriptions/00000000-0000-0000-0000-000000000000/resourceGroups/servicelinker-test-linux-group/providers/Microsoft.Web/sites/servicelinker-sql-app/providers/Microsoft.ServiceLinker/linkers/testconn",
        "name": "testconn", "type": "microsoft.servicelinker/linkers", "systemData":
        {"createdBy": "honc@microsoft.com", "createdByType": "User", "createdAt":
        "2022-04-27T05:28:33.4991261Z", "lastModifiedBy": "honc@microsoft.com", "lastModifiedByType":
        "User", "lastModifiedAt": "2022-04-27T05:29:09.80337Z"}, "properties": {"provisioningState":
        "Accepted", "targetService": {"id": "/subscriptions/00000000-0000-0000-0000-000000000000/resourceGroups/servicelinker-test-linux-group/providers/Microsoft.Sql/servers/servicelinker-sql/databases/handler-test",
        "resourceProperties": null, "type": "AzureResource"}, "authInfo": {"name":
        "servicelinker", "secretInfo": {"secretType": "rawValue"}, "authType": "secret"},
        "vNetSolution": null, "clientType": "dotnet", "secretStore": {"keyVaultId":
        null}, "scope": null}}'
    headers:
      azure-asyncoperation:
      - https://management.azure.com/subscriptions/00000000-0000-0000-0000-000000000000/providers/Microsoft.ServiceLinker/locations/EASTUS/operationStatuses/704c0c55-f164-4a9d-98ee-5463cba532e3*F712114A38F364B5CAB427C8E5BC23507E99B0D32E8EDFB0E4134B38ABF46FB0?api-version=2022-05-01
      cache-control:
      - no-cache
      content-length:
      - '1014'
      content-type:
      - application/json; charset=utf-8
      date:
      - Wed, 27 Apr 2022 05:29:09 GMT
      etag:
      - '"0200449c-0000-0400-0000-6268d4a60000"'
      expires:
      - '-1'
      mise-correlation-id:
      - c080618d-71ac-4dcf-949f-fafd4226cba8
      pragma:
      - no-cache
      strict-transport-security:
      - max-age=31536000; includeSubDomains
      x-content-type-options:
      - nosniff
      x-ms-providerhub-traffic:
      - 'True'
      x-ms-ratelimit-remaining-subscription-writes:
      - '1191'
    status:
      code: 201
      message: Created
- request:
    body: null
    headers:
      Accept:
      - '*/*'
      Accept-Encoding:
      - gzip, deflate
      CommandName:
      - webapp connection update sql
      Connection:
      - keep-alive
      ParameterSetName:
      - --id --client-type --secret
      User-Agent:
      - AZURECLI/2.35.0 azsdk-python-mgmt-servicelinker/1.0.0 Python/3.8.2 (Windows-10-10.0.19041-SP0)
    method: GET
    uri: https://management.azure.com/subscriptions/00000000-0000-0000-0000-000000000000/providers/Microsoft.ServiceLinker/locations/EASTUS/operationStatuses/704c0c55-f164-4a9d-98ee-5463cba532e3*F712114A38F364B5CAB427C8E5BC23507E99B0D32E8EDFB0E4134B38ABF46FB0?api-version=2022-05-01
  response:
    body:
      string: '{"id": "/subscriptions/00000000-0000-0000-0000-000000000000/providers/Microsoft.ServiceLinker/locations/EASTUS/operationStatuses/704c0c55-f164-4a9d-98ee-5463cba532e3*F712114A38F364B5CAB427C8E5BC23507E99B0D32E8EDFB0E4134B38ABF46FB0",
        "name": "704c0c55-f164-4a9d-98ee-5463cba532e3*F712114A38F364B5CAB427C8E5BC23507E99B0D32E8EDFB0E4134B38ABF46FB0",
        "resourceId": "/subscriptions/00000000-0000-0000-0000-000000000000/resourceGroups/servicelinker-test-linux-group/providers/Microsoft.Web/sites/servicelinker-sql-app/providers/Microsoft.ServiceLinker/linkers/testconn",
        "status": "Succeeded", "startTime": "2022-04-27T05:29:09.9852208Z", "endTime":
        "2022-04-27T05:29:15.4650456Z", "properties": {"message": "Deny public network
        access is set to yes. Please confirm you are using private endpoint connection
        to access target resource."}}'
    headers:
      cache-control:
      - no-cache
      content-length:
      - '830'
      content-type:
      - application/json; charset=utf-8
      date:
      - Wed, 27 Apr 2022 05:29:40 GMT
      etag:
      - '"14008c03-0000-0100-0000-6268d4ab0000"'
      expires:
      - '-1'
      pragma:
      - no-cache
      strict-transport-security:
      - max-age=31536000; includeSubDomains
      transfer-encoding:
      - chunked
      vary:
      - Accept-Encoding
      x-content-type-options:
      - nosniff
    status:
      code: 200
      message: OK
- request:
    body: null
    headers:
      Accept:
      - '*/*'
      Accept-Encoding:
      - gzip, deflate
      CommandName:
      - webapp connection update sql
      Connection:
      - keep-alive
      ParameterSetName:
      - --id --client-type --secret
      User-Agent:
      - AZURECLI/2.35.0 azsdk-python-mgmt-servicelinker/1.0.0 Python/3.8.2 (Windows-10-10.0.19041-SP0)
    method: GET
    uri: https://management.azure.com/subscriptions/00000000-0000-0000-0000-000000000000/resourceGroups/servicelinker-test-linux-group/providers/Microsoft.Web/sites/servicelinker-sql-app/providers/Microsoft.ServiceLinker/linkers/testconn?api-version=2022-05-01
  response:
    body:
      string: '{"id": "/subscriptions/00000000-0000-0000-0000-000000000000/resourceGroups/servicelinker-test-linux-group/providers/Microsoft.Web/sites/servicelinker-sql-app/providers/Microsoft.ServiceLinker/linkers/testconn",
        "name": "testconn", "type": "microsoft.servicelinker/linkers", "properties":
        {"provisioningState": "Succeeded", "targetService": {"id": "/subscriptions/00000000-0000-0000-0000-000000000000/resourceGroups/servicelinker-test-linux-group/providers/Microsoft.Sql/servers/servicelinker-sql/databases/handler-test",
        "resourceProperties": null, "type": "AzureResource"}, "authInfo": {"name":
        "servicelinker", "secretInfo": {"secretType": "rawValue"}, "authType": "secret"},
        "clientType": "dotnet", "scope": null, "vNetSolution": null, "secretStore":
        {"keyVaultId": null}}}'
    headers:
      cache-control:
      - no-cache
      content-length:
      - '776'
      content-type:
      - application/json; charset=utf-8
      date:
      - Wed, 27 Apr 2022 05:29:40 GMT
      etag:
      - '"6a00d958-0000-0100-0000-6268d4ab0000"'
      expires:
      - '-1'
      mise-correlation-id:
      - 640bc758-eec8-40ad-bed9-1bb4c4c5f7e7
      pragma:
      - no-cache
      strict-transport-security:
      - max-age=31536000; includeSubDomains
      transfer-encoding:
      - chunked
      vary:
      - Accept-Encoding,Accept-Encoding
      x-content-type-options:
      - nosniff
      x-ms-providerhub-traffic:
      - 'True'
    status:
      code: 200
      message: OK
- request:
    body: null
    headers:
      Accept:
      - application/json
      Accept-Encoding:
      - gzip, deflate
      CommandName:
      - webapp connection list-configuration
      Connection:
      - keep-alive
      Content-Length:
      - '0'
      ParameterSetName:
      - --id
      User-Agent:
      - AZURECLI/2.35.0 azsdk-python-mgmt-servicelinker/1.0.0 Python/3.8.2 (Windows-10-10.0.19041-SP0)
    method: POST
    uri: https://management.azure.com/subscriptions/00000000-0000-0000-0000-000000000000/resourceGroups/servicelinker-test-linux-group/providers/Microsoft.Web/sites/servicelinker-sql-app/providers/Microsoft.ServiceLinker/linkers/testconn/listConfigurations?api-version=2022-05-01
  response:
    body:
      string: '{"configurations": [{"name": "AZURE_SQL_CONNECTIONSTRING", "value":
        "hidden"}]}'
    headers:
      cache-control:
      - no-cache
      content-length:
      - '79'
      content-type:
      - application/json; charset=utf-8
      date:
      - Wed, 27 Apr 2022 05:29:45 GMT
      expires:
      - '-1'
      mise-correlation-id:
      - 0b74b38b-1f87-40b1-830a-4534b95c23a5
      pragma:
      - no-cache
      strict-transport-security:
      - max-age=31536000; includeSubDomains
      transfer-encoding:
      - chunked
      vary:
      - Accept-Encoding,Accept-Encoding
      x-content-type-options:
      - nosniff
      x-ms-providerhub-traffic:
      - 'True'
      x-ms-ratelimit-remaining-subscription-writes:
      - '1196'
    status:
      code: 200
      message: OK
- request:
    body: null
    headers:
      Accept:
      - application/json
      Accept-Encoding:
      - gzip, deflate
      CommandName:
      - webapp connection validate
      Connection:
      - keep-alive
      ParameterSetName:
      - --id
      User-Agent:
      - AZURECLI/2.35.0 azsdk-python-mgmt-servicelinker/1.0.0 Python/3.8.2 (Windows-10-10.0.19041-SP0)
    method: GET
    uri: https://management.azure.com/subscriptions/00000000-0000-0000-0000-000000000000/resourceGroups/servicelinker-test-linux-group/providers/Microsoft.Web/sites/servicelinker-sql-app/providers/Microsoft.ServiceLinker/linkers/testconn?api-version=2022-05-01
  response:
    body:
      string: '{"id": "/subscriptions/00000000-0000-0000-0000-000000000000/resourceGroups/servicelinker-test-linux-group/providers/Microsoft.Web/sites/servicelinker-sql-app/providers/Microsoft.ServiceLinker/linkers/testconn",
        "name": "testconn", "type": "microsoft.servicelinker/linkers", "properties":
        {"provisioningState": "Succeeded", "targetService": {"id": "/subscriptions/00000000-0000-0000-0000-000000000000/resourceGroups/servicelinker-test-linux-group/providers/Microsoft.Sql/servers/servicelinker-sql/databases/handler-test",
        "resourceProperties": null, "type": "AzureResource"}, "authInfo": {"name":
        "servicelinker", "secretInfo": {"secretType": "rawValue"}, "authType": "secret"},
        "clientType": "dotnet", "scope": null, "vNetSolution": null, "secretStore":
        {"keyVaultId": null}}}'
    headers:
      cache-control:
      - no-cache
      content-length:
      - '776'
      content-type:
      - application/json; charset=utf-8
      date:
      - Wed, 27 Apr 2022 05:29:45 GMT
      etag:
      - '"6a00d958-0000-0100-0000-6268d4ab0000"'
      expires:
      - '-1'
      mise-correlation-id:
      - b1823680-2cad-4270-83c5-d3a4b2e86fcb
      pragma:
      - no-cache
      strict-transport-security:
      - max-age=31536000; includeSubDomains
      transfer-encoding:
      - chunked
      vary:
      - Accept-Encoding,Accept-Encoding
      x-content-type-options:
      - nosniff
      x-ms-providerhub-traffic:
      - 'True'
    status:
      code: 200
      message: OK
- request:
    body: null
    headers:
      Accept:
      - application/json
      Accept-Encoding:
      - gzip, deflate
      CommandName:
      - webapp connection validate
      Connection:
      - keep-alive
      Content-Length:
      - '0'
      ParameterSetName:
      - --id
      User-Agent:
      - AZURECLI/2.35.0 azsdk-python-mgmt-servicelinker/1.0.0 Python/3.8.2 (Windows-10-10.0.19041-SP0)
    method: POST
    uri: https://management.azure.com/subscriptions/00000000-0000-0000-0000-000000000000/resourceGroups/servicelinker-test-linux-group/providers/Microsoft.Web/sites/servicelinker-sql-app/providers/Microsoft.ServiceLinker/linkers/testconn/validateLinker?api-version=2022-05-01
  response:
    body:
      string: 'null'
    headers:
      azure-asyncoperation:
      - https://management.azure.com/subscriptions/00000000-0000-0000-0000-000000000000/providers/Microsoft.ServiceLinker/locations/EASTUS/operationStatuses/d56b5e8c-2f94-4948-b208-a6c7652d77ac*F712114A38F364B5CAB427C8E5BC23507E99B0D32E8EDFB0E4134B38ABF46FB0?api-version=2022-05-01
      cache-control:
      - no-cache
      content-length:
      - '4'
      content-type:
      - application/json; charset=utf-8
      date:
      - Wed, 27 Apr 2022 05:29:46 GMT
      expires:
      - '-1'
      location:
      - https://management.azure.com/subscriptions/00000000-0000-0000-0000-000000000000/providers/Microsoft.ServiceLinker/locations/EASTUS/operationStatuses/d56b5e8c-2f94-4948-b208-a6c7652d77ac*F712114A38F364B5CAB427C8E5BC23507E99B0D32E8EDFB0E4134B38ABF46FB0?api-version=2022-05-01
      mise-correlation-id:
      - c560ac1c-498b-4c13-bcd3-5ff8ad08c9cd
      pragma:
      - no-cache
      strict-transport-security:
      - max-age=31536000; includeSubDomains
      x-content-type-options:
      - nosniff
      x-ms-providerhub-traffic:
      - 'True'
      x-ms-ratelimit-remaining-subscription-writes:
      - '1194'
    status:
      code: 202
      message: Accepted
- request:
    body: null
    headers:
      Accept:
      - '*/*'
      Accept-Encoding:
      - gzip, deflate
      CommandName:
      - webapp connection validate
      Connection:
      - keep-alive
      ParameterSetName:
      - --id
      User-Agent:
      - AZURECLI/2.35.0 azsdk-python-mgmt-servicelinker/1.0.0 Python/3.8.2 (Windows-10-10.0.19041-SP0)
    method: GET
    uri: https://management.azure.com/subscriptions/00000000-0000-0000-0000-000000000000/providers/Microsoft.ServiceLinker/locations/EASTUS/operationStatuses/d56b5e8c-2f94-4948-b208-a6c7652d77ac*F712114A38F364B5CAB427C8E5BC23507E99B0D32E8EDFB0E4134B38ABF46FB0?api-version=2022-05-01
  response:
    body:
      string: '{"id": "/subscriptions/00000000-0000-0000-0000-000000000000/providers/Microsoft.ServiceLinker/locations/EASTUS/operationStatuses/d56b5e8c-2f94-4948-b208-a6c7652d77ac*F712114A38F364B5CAB427C8E5BC23507E99B0D32E8EDFB0E4134B38ABF46FB0",
        "name": "d56b5e8c-2f94-4948-b208-a6c7652d77ac*F712114A38F364B5CAB427C8E5BC23507E99B0D32E8EDFB0E4134B38ABF46FB0",
        "resourceId": "/subscriptions/00000000-0000-0000-0000-000000000000/resourceGroups/servicelinker-test-linux-group/providers/Microsoft.Web/sites/servicelinker-sql-app/providers/Microsoft.ServiceLinker/linkers/testconn",
        "status": "Succeeded", "startTime": "2022-04-27T05:29:46.5301557Z", "endTime":
        "2022-04-27T05:29:49.3628548Z", "properties": {"message": "{\"ConnectionName\":\"testconn\",\"IsConnectionAvailable\":true,\"ValidationDetail\":[{\"Name\":\"The
        target existence is validated\",\"Description\":null,\"Result\":0},{\"Name\":\"The
        target''s network access is validated\",\"Description\":\"Deny public network
        access is set to yes. Please confirm you are using private endpoint connection
        to access target resource.\",\"Result\":2},{\"Name\":\"The configured values
        (except username/password) is validated\",\"Description\":null,\"Result\":0}],\"ReportStartTimeUtc\":\"2022-04-27T05:29:47.9985602Z\",\"ReportEndTimeUtc\":\"2022-04-27T05:29:49.2929842Z\",\"SourceId\":null,\"TargetId\":\"/subscriptions/00000000-0000-0000-0000-000000000000/resourceGroups/servicelinker-test-linux-group/providers/Microsoft.Sql/servers/servicelinker-sql/databases/handler-test\",\"AuthType\":4}"}}'
    headers:
      cache-control:
      - no-cache
      content-length:
      - '1532'
      content-type:
      - application/json; charset=utf-8
      date:
      - Wed, 27 Apr 2022 05:30:16 GMT
      etag:
      - '"16003e17-0000-0400-0000-6268d4cd0000"'
      expires:
      - '-1'
      pragma:
      - no-cache
      strict-transport-security:
      - max-age=31536000; includeSubDomains
      transfer-encoding:
      - chunked
      vary:
      - Accept-Encoding
      x-content-type-options:
      - nosniff
    status:
      code: 200
      message: OK
- request:
    body: null
    headers:
      Accept:
      - application/json
      Accept-Encoding:
      - gzip, deflate
      CommandName:
      - webapp connection show
      Connection:
      - keep-alive
      ParameterSetName:
      - --id
      User-Agent:
      - AZURECLI/2.35.0 azsdk-python-mgmt-servicelinker/1.0.0 Python/3.8.2 (Windows-10-10.0.19041-SP0)
    method: GET
    uri: https://management.azure.com/subscriptions/00000000-0000-0000-0000-000000000000/resourceGroups/servicelinker-test-linux-group/providers/Microsoft.Web/sites/servicelinker-sql-app/providers/Microsoft.ServiceLinker/linkers/testconn?api-version=2022-05-01
  response:
    body:
      string: '{"id": "/subscriptions/00000000-0000-0000-0000-000000000000/resourceGroups/servicelinker-test-linux-group/providers/Microsoft.Web/sites/servicelinker-sql-app/providers/Microsoft.ServiceLinker/linkers/testconn",
        "name": "testconn", "type": "microsoft.servicelinker/linkers", "properties":
        {"provisioningState": "Succeeded", "targetService": {"id": "/subscriptions/00000000-0000-0000-0000-000000000000/resourceGroups/servicelinker-test-linux-group/providers/Microsoft.Sql/servers/servicelinker-sql/databases/handler-test",
        "resourceProperties": null, "type": "AzureResource"}, "authInfo": {"name":
        "servicelinker", "secretInfo": {"secretType": "rawValue"}, "authType": "secret"},
        "clientType": "dotnet", "scope": null, "vNetSolution": null, "secretStore":
        {"keyVaultId": null}}}'
    headers:
      cache-control:
      - no-cache
      content-length:
      - '776'
      content-type:
      - application/json; charset=utf-8
      date:
      - Wed, 27 Apr 2022 05:30:18 GMT
      etag:
      - '"6a00d958-0000-0100-0000-6268d4ab0000"'
      expires:
      - '-1'
      mise-correlation-id:
      - 335673b3-f031-4c0d-b8e3-d8072ecde323
      pragma:
      - no-cache
      strict-transport-security:
      - max-age=31536000; includeSubDomains
      vary:
      - Accept-Encoding
      x-content-type-options:
      - nosniff
      x-ms-providerhub-traffic:
      - 'True'
    status:
      code: 200
      message: OK
- request:
    body: null
    headers:
      Accept:
      - application/json
      Accept-Encoding:
      - gzip, deflate
      CommandName:
      - webapp connection delete
      Connection:
      - keep-alive
      Content-Length:
      - '0'
      ParameterSetName:
      - --id --yes
      User-Agent:
      - AZURECLI/2.35.0 azsdk-python-mgmt-servicelinker/1.0.0 Python/3.8.2 (Windows-10-10.0.19041-SP0)
    method: DELETE
    uri: https://management.azure.com/subscriptions/00000000-0000-0000-0000-000000000000/resourceGroups/servicelinker-test-linux-group/providers/Microsoft.Web/sites/servicelinker-sql-app/providers/Microsoft.ServiceLinker/linkers/testconn?api-version=2022-05-01
  response:
    body:
      string: 'null'
    headers:
      azure-asyncoperation:
      - https://management.azure.com/subscriptions/00000000-0000-0000-0000-000000000000/providers/Microsoft.ServiceLinker/locations/EASTUS/operationStatuses/9188c296-c339-4b03-b63d-40f50a309c12*F712114A38F364B5CAB427C8E5BC23507E99B0D32E8EDFB0E4134B38ABF46FB0?api-version=2022-05-01
      cache-control:
      - no-cache
      content-length:
      - '4'
      content-type:
      - application/json; charset=utf-8
      date:
      - Wed, 27 Apr 2022 05:30:21 GMT
      etag:
      - '"6a00865a-0000-0100-0000-6268d4ee0000"'
      expires:
      - '-1'
      location:
      - https://management.azure.com/subscriptions/00000000-0000-0000-0000-000000000000/providers/Microsoft.ServiceLinker/locations/EASTUS/operationStatuses/9188c296-c339-4b03-b63d-40f50a309c12*F712114A38F364B5CAB427C8E5BC23507E99B0D32E8EDFB0E4134B38ABF46FB0?api-version=2022-05-01
      mise-correlation-id:
      - 5564b298-f104-43b0-8afc-3c590d3754dc
      pragma:
      - no-cache
      strict-transport-security:
      - max-age=31536000; includeSubDomains
      x-content-type-options:
      - nosniff
      x-ms-providerhub-traffic:
      - 'True'
      x-ms-ratelimit-remaining-subscription-deletes:
      - '14997'
    status:
      code: 202
      message: Accepted
- request:
    body: null
    headers:
      Accept:
      - '*/*'
      Accept-Encoding:
      - gzip, deflate
      CommandName:
      - webapp connection delete
      Connection:
      - keep-alive
      ParameterSetName:
      - --id --yes
      User-Agent:
      - AZURECLI/2.35.0 azsdk-python-mgmt-servicelinker/1.0.0 Python/3.8.2 (Windows-10-10.0.19041-SP0)
    method: GET
    uri: https://management.azure.com/subscriptions/00000000-0000-0000-0000-000000000000/providers/Microsoft.ServiceLinker/locations/EASTUS/operationStatuses/9188c296-c339-4b03-b63d-40f50a309c12*F712114A38F364B5CAB427C8E5BC23507E99B0D32E8EDFB0E4134B38ABF46FB0?api-version=2022-05-01
  response:
    body:
      string: '{"id": "/subscriptions/00000000-0000-0000-0000-000000000000/providers/Microsoft.ServiceLinker/locations/EASTUS/operationStatuses/9188c296-c339-4b03-b63d-40f50a309c12*F712114A38F364B5CAB427C8E5BC23507E99B0D32E8EDFB0E4134B38ABF46FB0",
        "name": "9188c296-c339-4b03-b63d-40f50a309c12*F712114A38F364B5CAB427C8E5BC23507E99B0D32E8EDFB0E4134B38ABF46FB0",
        "resourceId": "/subscriptions/00000000-0000-0000-0000-000000000000/resourceGroups/servicelinker-test-linux-group/providers/Microsoft.Web/sites/servicelinker-sql-app/providers/Microsoft.ServiceLinker/linkers/testconn",
        "status": "Succeeded", "startTime": "2022-04-27T05:30:22.1332908Z", "endTime":
        "2022-04-27T05:30:28.6237256Z", "properties": null}'
    headers:
      cache-control:
      - no-cache
      content-length:
      - '694'
      content-type:
      - application/json; charset=utf-8
      date:
      - Wed, 27 Apr 2022 05:30:52 GMT
      etag:
      - '"14004604-0000-0100-0000-6268d4f40000"'
      expires:
      - '-1'
      pragma:
      - no-cache
      strict-transport-security:
      - max-age=31536000; includeSubDomains
      transfer-encoding:
      - chunked
      vary:
      - Accept-Encoding
      x-content-type-options:
      - nosniff
    status:
      code: 200
      message: OK
version: 1
