interactions:
- request:
    body: '{"properties": {"targetId": "/subscriptions/00000000-0000-0000-0000-000000000000/resourceGroups/servicelinker-test-win-group/providers/Microsoft.DocumentDB/databaseAccounts/servicelinker-gremlin-cosmos/gremlinDatabases/coreDB/graphs/MyItem",
      "authInfo": {"authType": "systemAssignedIdentity"}, "clientType": "python",
      "secretStore": {}}}'
    headers:
      Accept:
      - application/json
      Accept-Encoding:
      - gzip, deflate
      CommandName:
      - webapp connection create cosmos-gremlin
      Connection:
      - keep-alive
      Content-Length:
      - '337'
      Content-Type:
      - application/json
      ParameterSetName:
      - --connection --source-id --target-id --system-identity --client-type
      User-Agent:
      - AZURECLI/2.33.1 azsdk-python-mgmt-servicelinker/1.0.0b2 Python/3.10.0 (Linux-5.4.0-1062-azure-x86_64-with-glibc2.31)
    method: PUT
    uri: https://mitmproxy.proxy.svc.cluster.local:8080/subscriptions/00000000-0000-0000-0000-000000000000/resourceGroups/servicelinker-test-win-group/providers/Microsoft.Web/sites/servicelinker-gremlin-cosmos-asp-app/providers/Microsoft.ServiceLinker/linkers/testconn?api-version=2021-11-01-preview
  response:
    body:
      string: '{"id": "/subscriptions/00000000-0000-0000-0000-000000000000/resourceGroups/servicelinker-test-win-group/providers/Microsoft.Web/sites/servicelinker-gremlin-cosmos-asp-app/providers/Microsoft.ServiceLinker/linkers/testconn",
        "name": "testconn", "type": "microsoft.servicelinker/linkers", "systemData":
        {"createdBy": "0a5612a4-bc9a-47ea-b5dd-b9280aca1b09", "createdByType": "Application",
        "createdAt": "2022-03-01T08:01:30.3275537Z", "lastModifiedBy": "0a5612a4-bc9a-47ea-b5dd-b9280aca1b09",
        "lastModifiedByType": "Application", "lastModifiedAt": "2022-03-01T08:01:30.3275537Z"},
        "properties": {"provisioningState": "Accepted", "targetId": "/subscriptions/00000000-0000-0000-0000-000000000000/resourceGroups/servicelinker-test-win-group/providers/Microsoft.DocumentDB/databaseAccounts/servicelinker-gremlin-cosmos/gremlinDatabases/coreDB/graphs/MyItem",
        "authInfo": {"authType": "systemAssignedIdentity"}, "vNetSolution": null,
        "clientType": "python", "secretStore": {"keyVaultId": null}}}'
    headers:
      azure-asyncoperation:
      - https://management.azure.com/subscriptions/00000000-0000-0000-0000-000000000000/providers/Microsoft.ServiceLinker/locations/EASTUS/operationStatuses/47bcb708-9bb5-479a-a87e-7a46af4acefa*174826E4E1C00FA0EECF8C4256C5D9CA1B852269A7BDC14D8E593675AAE9A9B5?api-version=2021-11-01-preview
      cache-control:
      - no-cache
      content-length:
      - '987'
      content-type:
      - application/json; charset=utf-8
      date:
      - Tue, 01 Mar 2022 08:01:31 GMT
      etag:
      - '"f404b6f8-0000-0200-0000-621dd2db0000"'
      expires:
      - '-1'
      pragma:
      - no-cache
      strict-transport-security:
      - max-age=31536000; includeSubDomains
      x-content-type-options:
      - nosniff
      x-ms-providerhub-traffic:
      - 'True'
      x-ms-ratelimit-remaining-subscription-writes:
      - '1198'
    status:
      code: 201
      message: Created
- request:
    body: null
    headers:
      Accept:
      - '*/*'
      Accept-Encoding:
      - gzip, deflate
      CommandName:
      - webapp connection create cosmos-gremlin
      Connection:
      - keep-alive
      ParameterSetName:
      - --connection --source-id --target-id --system-identity --client-type
      User-Agent:
      - AZURECLI/2.33.1 azsdk-python-mgmt-servicelinker/1.0.0b2 Python/3.10.0 (Linux-5.4.0-1062-azure-x86_64-with-glibc2.31)
    method: GET
    uri: https://mitmproxy.proxy.svc.cluster.local:8080/subscriptions/00000000-0000-0000-0000-000000000000/providers/Microsoft.ServiceLinker/locations/EASTUS/operationStatuses/47bcb708-9bb5-479a-a87e-7a46af4acefa*174826E4E1C00FA0EECF8C4256C5D9CA1B852269A7BDC14D8E593675AAE9A9B5?api-version=2021-11-01-preview
  response:
    body:
      string: '{"id": "/subscriptions/00000000-0000-0000-0000-000000000000/providers/Microsoft.ServiceLinker/locations/EASTUS/operationStatuses/47bcb708-9bb5-479a-a87e-7a46af4acefa*174826E4E1C00FA0EECF8C4256C5D9CA1B852269A7BDC14D8E593675AAE9A9B5",
        "name": "47bcb708-9bb5-479a-a87e-7a46af4acefa*174826E4E1C00FA0EECF8C4256C5D9CA1B852269A7BDC14D8E593675AAE9A9B5",
        "resourceId": "/subscriptions/00000000-0000-0000-0000-000000000000/resourceGroups/servicelinker-test-win-group/providers/Microsoft.Web/sites/servicelinker-gremlin-cosmos-asp-app/providers/Microsoft.ServiceLinker/linkers/testconn",
        "status": "Succeeded", "startTime": "2022-03-01T08:01:30.7220779Z", "endTime":
        "2022-03-01T08:01:39.9088402Z", "properties": {}}'
    headers:
      cache-control:
      - no-cache
      content-length:
      - '705'
      content-type:
      - application/json; charset=utf-8
      date:
      - Tue, 01 Mar 2022 08:02:01 GMT
      etag:
      - '"3e012900-0000-0100-0000-621dd2e30000"'
      expires:
      - '-1'
      pragma:
      - no-cache
      strict-transport-security:
      - max-age=31536000; includeSubDomains
      transfer-encoding:
      - chunked
      vary:
      - Accept-Encoding
      x-content-type-options:
      - nosniff
    status:
      code: 200
      message: OK
- request:
    body: null
    headers:
      Accept:
      - '*/*'
      Accept-Encoding:
      - gzip, deflate
      CommandName:
      - webapp connection create cosmos-gremlin
      Connection:
      - keep-alive
      ParameterSetName:
      - --connection --source-id --target-id --system-identity --client-type
      User-Agent:
      - AZURECLI/2.33.1 azsdk-python-mgmt-servicelinker/1.0.0b2 Python/3.10.0 (Linux-5.4.0-1062-azure-x86_64-with-glibc2.31)
    method: GET
    uri: https://mitmproxy.proxy.svc.cluster.local:8080/subscriptions/00000000-0000-0000-0000-000000000000/resourceGroups/servicelinker-test-win-group/providers/Microsoft.Web/sites/servicelinker-gremlin-cosmos-asp-app/providers/Microsoft.ServiceLinker/linkers/testconn?api-version=2021-11-01-preview
  response:
    body:
      string: '{"id": "/subscriptions/00000000-0000-0000-0000-000000000000/resourceGroups/servicelinker-test-win-group/providers/Microsoft.Web/sites/servicelinker-gremlin-cosmos-asp-app/providers/Microsoft.ServiceLinker/linkers/testconn",
        "name": "testconn", "type": "microsoft.servicelinker/linkers", "systemData":
        {"createdBy": "0a5612a4-bc9a-47ea-b5dd-b9280aca1b09", "createdByType": "Application",
        "createdAt": "2022-03-01T08:01:30.3275537Z", "lastModifiedBy": "c4288165-6698-45ba-98a5-48ea7791fed3",
        "lastModifiedByType": "Application", "lastModifiedAt": "2022-03-01T08:01:39.8065428Z"},
        "properties": {"provisioningState": "Succeeded", "targetId": "/subscriptions/00000000-0000-0000-0000-000000000000/resourceGroups/servicelinker-test-win-group/providers/Microsoft.DocumentDB/databaseAccounts/servicelinker-gremlin-cosmos/gremlinDatabases/coreDB/graphs/MyItem",
        "authInfo": {"authType": "systemAssignedIdentity"}, "clientType": "python",
        "secretStore": {}}}'
    headers:
      cache-control:
      - no-cache
      content-length:
      - '948'
      content-type:
      - application/json; charset=utf-8
      date:
      - Tue, 01 Mar 2022 08:02:02 GMT
      etag:
      - '"3c005f58-0000-0100-0000-621dd2e30000"'
      expires:
      - '-1'
      pragma:
      - no-cache
      strict-transport-security:
      - max-age=31536000; includeSubDomains
      transfer-encoding:
      - chunked
      vary:
      - Accept-Encoding
      x-content-type-options:
      - nosniff
      x-ms-providerhub-traffic:
      - 'True'
    status:
      code: 200
      message: OK
- request:
    body: null
    headers:
      Accept:
      - application/json
      Accept-Encoding:
      - gzip, deflate
      CommandName:
      - webapp connection list
      Connection:
      - keep-alive
      ParameterSetName:
      - --source-id
      User-Agent:
      - AZURECLI/2.33.1 azsdk-python-mgmt-servicelinker/1.0.0b2 Python/3.10.0 (Linux-5.4.0-1062-azure-x86_64-with-glibc2.31)
    method: GET
    uri: https://mitmproxy.proxy.svc.cluster.local:8080/subscriptions/00000000-0000-0000-0000-000000000000/resourceGroups/servicelinker-test-win-group/providers/Microsoft.Web/sites/servicelinker-gremlin-cosmos-asp-app/providers/Microsoft.ServiceLinker/linkers?api-version=2021-11-01-preview
  response:
    body:
      string: '{"value": [{"id": "/subscriptions/00000000-0000-0000-0000-000000000000/resourceGroups/servicelinker-test-win-group/providers/Microsoft.Web/sites/servicelinker-gremlin-cosmos-asp-app/providers/Microsoft.ServiceLinker/linkers/testconn",
        "name": "testconn", "type": "microsoft.servicelinker/linkers", "systemData":
        {"createdBy": "0a5612a4-bc9a-47ea-b5dd-b9280aca1b09", "createdByType": "Application",
        "createdAt": "2022-03-01T08:01:30.3275537Z", "lastModifiedBy": "c4288165-6698-45ba-98a5-48ea7791fed3",
        "lastModifiedByType": "Application", "lastModifiedAt": "2022-03-01T08:01:39.8065428Z"},
        "properties": {"provisioningState": "Succeeded", "targetId": "/subscriptions/00000000-0000-0000-0000-000000000000/resourceGroups/servicelinker-test-win-group/providers/Microsoft.DocumentDB/databaseAccounts/servicelinker-gremlin-cosmos/gremlinDatabases/coreDB/graphs/MyItem",
        "authInfo": {"authType": "systemAssignedIdentity"}, "clientType": "python",
        "secretStore": {}}}]}'
    headers:
      cache-control:
      - no-cache
      content-length:
      - '961'
      content-type:
      - application/json; charset=utf-8
      date:
      - Tue, 01 Mar 2022 08:02:04 GMT
      expires:
      - '-1'
      pragma:
      - no-cache
      strict-transport-security:
      - max-age=31536000; includeSubDomains
      transfer-encoding:
      - chunked
      vary:
      - Accept-Encoding
      x-content-type-options:
      - nosniff
      x-ms-providerhub-traffic:
      - 'True'
    status:
      code: 200
      message: OK
- request:
    body: null
    headers:
      Accept:
      - application/json
      Accept-Encoding:
      - gzip, deflate
      CommandName:
      - webapp connection list-configuration
      Connection:
      - keep-alive
      Content-Length:
      - '0'
      ParameterSetName:
      - --id
      User-Agent:
      - AZURECLI/2.33.1 azsdk-python-mgmt-servicelinker/1.0.0b2 Python/3.10.0 (Linux-5.4.0-1062-azure-x86_64-with-glibc2.31)
    method: POST
    uri: https://mitmproxy.proxy.svc.cluster.local:8080/subscriptions/00000000-0000-0000-0000-000000000000/resourceGroups/servicelinker-test-win-group/providers/Microsoft.Web/sites/servicelinker-gremlin-cosmos-asp-app/providers/Microsoft.ServiceLinker/linkers/testconn/listConfigurations?api-version=2021-11-01-preview
  response:
    body:
      string: '{"configurations": [{"name": "AZURE_COSMOS_LISTKEYURL", "value": "https://management.azure.com/subscriptions/00000000-0000-0000-0000-000000000000/resourceGroups/servicelinker-test-win-group/providers/Microsoft.DocumentDB/databaseAccounts/servicelinker-gremlin-cosmos/listKeys?api-version=2021-04-15"},
        {"name": "AZURE_COSMOS_HOSTNAME", "value": "servicelinker-gremlin-cosmos.gremlin.cosmos.azure.com"},
        {"name": "AZURE_COSMOS_PORT", "value": "443"}, {"name": "AZURE_COSMOS_USERNAME",
        "value": "/dbs/coreDB/colls/MyItem"}, {"name": "AZURE_COSMOS_RESOURCEENDPOINT",
        "value": "https://servicelinker-gremlin-cosmos.documents.azure.com:443/"},
        {"name": "AZURE_COSMOS_SCOPE", "value": "https://management.azure.com/.default"}]}'
    headers:
      cache-control:
      - no-cache
      content-length:
      - '721'
      content-type:
      - application/json; charset=utf-8
      date:
      - Tue, 01 Mar 2022 08:02:05 GMT
      expires:
      - '-1'
      pragma:
      - no-cache
      strict-transport-security:
      - max-age=31536000; includeSubDomains
      transfer-encoding:
      - chunked
      vary:
      - Accept-Encoding,Accept-Encoding
      x-content-type-options:
      - nosniff
      x-ms-providerhub-traffic:
      - 'True'
      x-ms-ratelimit-remaining-subscription-writes:
      - '1193'
    status:
      code: 200
      message: OK
- request:
    body: null
    headers:
      Accept:
      - application/json
      Accept-Encoding:
      - gzip, deflate
      CommandName:
      - webapp connection validate
      Connection:
      - keep-alive
      ParameterSetName:
      - --id
      User-Agent:
      - AZURECLI/2.33.1 azsdk-python-mgmt-servicelinker/1.0.0b2 Python/3.10.0 (Linux-5.4.0-1062-azure-x86_64-with-glibc2.31)
    method: GET
    uri: https://mitmproxy.proxy.svc.cluster.local:8080/subscriptions/00000000-0000-0000-0000-000000000000/resourceGroups/servicelinker-test-win-group/providers/Microsoft.Web/sites/servicelinker-gremlin-cosmos-asp-app/providers/Microsoft.ServiceLinker/linkers/testconn?api-version=2021-11-01-preview
  response:
    body:
      string: '{"id": "/subscriptions/00000000-0000-0000-0000-000000000000/resourceGroups/servicelinker-test-win-group/providers/Microsoft.Web/sites/servicelinker-gremlin-cosmos-asp-app/providers/Microsoft.ServiceLinker/linkers/testconn",
        "name": "testconn", "type": "microsoft.servicelinker/linkers", "systemData":
        {"createdBy": "0a5612a4-bc9a-47ea-b5dd-b9280aca1b09", "createdByType": "Application",
        "createdAt": "2022-03-01T08:01:30.3275537Z", "lastModifiedBy": "c4288165-6698-45ba-98a5-48ea7791fed3",
        "lastModifiedByType": "Application", "lastModifiedAt": "2022-03-01T08:01:39.8065428Z"},
        "properties": {"provisioningState": "Succeeded", "targetId": "/subscriptions/00000000-0000-0000-0000-000000000000/resourceGroups/servicelinker-test-win-group/providers/Microsoft.DocumentDB/databaseAccounts/servicelinker-gremlin-cosmos/gremlinDatabases/coreDB/graphs/MyItem",
        "authInfo": {"authType": "systemAssignedIdentity"}, "clientType": "python",
        "secretStore": {}}}'
    headers:
      cache-control:
      - no-cache
      content-length:
      - '948'
      content-type:
      - application/json; charset=utf-8
      date:
      - Tue, 01 Mar 2022 08:02:06 GMT
      etag:
      - '"3c005f58-0000-0100-0000-621dd2e30000"'
      expires:
      - '-1'
      pragma:
      - no-cache
      strict-transport-security:
      - max-age=31536000; includeSubDomains
      transfer-encoding:
      - chunked
      vary:
      - Accept-Encoding
      x-content-type-options:
      - nosniff
      x-ms-providerhub-traffic:
      - 'True'
    status:
      code: 200
      message: OK
- request:
    body: null
    headers:
      Accept:
      - application/json
      Accept-Encoding:
      - gzip, deflate
      CommandName:
      - webapp connection validate
      Connection:
      - keep-alive
      Content-Length:
      - '0'
      ParameterSetName:
      - --id
      User-Agent:
      - AZURECLI/2.33.1 azsdk-python-mgmt-servicelinker/1.0.0b2 Python/3.10.0 (Linux-5.4.0-1062-azure-x86_64-with-glibc2.31)
    method: POST
    uri: https://mitmproxy.proxy.svc.cluster.local:8080/subscriptions/00000000-0000-0000-0000-000000000000/resourceGroups/servicelinker-test-win-group/providers/Microsoft.Web/sites/servicelinker-gremlin-cosmos-asp-app/providers/Microsoft.ServiceLinker/linkers/testconn/validateLinker?api-version=2021-11-01-preview
  response:
    body:
      string: 'null'
    headers:
      azure-asyncoperation:
      - https://management.azure.com/subscriptions/00000000-0000-0000-0000-000000000000/providers/Microsoft.ServiceLinker/locations/EASTUS/operationStatuses/1f02e532-2857-44cd-9ef1-0dd68203a04b*174826E4E1C00FA0EECF8C4256C5D9CA1B852269A7BDC14D8E593675AAE9A9B5?api-version=2021-11-01-preview
      cache-control:
      - no-cache
      content-length:
      - '4'
      content-type:
      - application/json; charset=utf-8
      date:
      - Tue, 01 Mar 2022 08:02:07 GMT
      expires:
      - '-1'
      location:
      - https://management.azure.com/subscriptions/00000000-0000-0000-0000-000000000000/providers/Microsoft.ServiceLinker/locations/EASTUS/operationStatuses/1f02e532-2857-44cd-9ef1-0dd68203a04b*174826E4E1C00FA0EECF8C4256C5D9CA1B852269A7BDC14D8E593675AAE9A9B5?api-version=2021-11-01-preview
      pragma:
      - no-cache
      strict-transport-security:
      - max-age=31536000; includeSubDomains
      x-content-type-options:
      - nosniff
      x-ms-providerhub-traffic:
      - 'True'
      x-ms-ratelimit-remaining-subscription-writes:
      - '1194'
    status:
      code: 202
      message: Accepted
- request:
    body: null
    headers:
      Accept:
      - '*/*'
      Accept-Encoding:
      - gzip, deflate
      CommandName:
      - webapp connection validate
      Connection:
      - keep-alive
      ParameterSetName:
      - --id
      User-Agent:
      - AZURECLI/2.33.1 azsdk-python-mgmt-servicelinker/1.0.0b2 Python/3.10.0 (Linux-5.4.0-1062-azure-x86_64-with-glibc2.31)
    method: GET
    uri: https://mitmproxy.proxy.svc.cluster.local:8080/subscriptions/00000000-0000-0000-0000-000000000000/providers/Microsoft.ServiceLinker/locations/EASTUS/operationStatuses/1f02e532-2857-44cd-9ef1-0dd68203a04b*174826E4E1C00FA0EECF8C4256C5D9CA1B852269A7BDC14D8E593675AAE9A9B5?api-version=2021-11-01-preview
  response:
    body:
      string: '{"id": "/subscriptions/00000000-0000-0000-0000-000000000000/providers/Microsoft.ServiceLinker/locations/EASTUS/operationStatuses/1f02e532-2857-44cd-9ef1-0dd68203a04b*174826E4E1C00FA0EECF8C4256C5D9CA1B852269A7BDC14D8E593675AAE9A9B5",
        "name": "1f02e532-2857-44cd-9ef1-0dd68203a04b*174826E4E1C00FA0EECF8C4256C5D9CA1B852269A7BDC14D8E593675AAE9A9B5",
        "resourceId": "/subscriptions/00000000-0000-0000-0000-000000000000/resourceGroups/servicelinker-test-win-group/providers/Microsoft.Web/sites/servicelinker-gremlin-cosmos-asp-app/providers/Microsoft.ServiceLinker/linkers/testconn",
        "status": "Succeeded", "startTime": "2022-03-01T08:02:07.5493432Z", "endTime":
        "2022-03-01T08:02:10.7088834Z", "properties": {"message": "{\"ConnectionName\":\"testconn\",\"IsConnectionAvailable\":true,\"ValidationDetail\":[{\"Name\":\"The
        target existence is validated\",\"Description\":null,\"Result\":0},{\"Name\":\"The
        target service firewall is validated\",\"Description\":null,\"Result\":0},{\"Name\":\"The
        configured values is validated\",\"Description\":null,\"Result\":0},{\"Name\":\"The
        identity existence is validated\",\"Description\":null,\"Result\":0},{\"Name\":\"The
        identity permission is validated\",\"Description\":null,\"Result\":0}],\"ReportStartTimeUtc\":\"2022-03-01T08:02:08.9513036Z\",\"ReportEndTimeUtc\":\"2022-03-01T08:02:10.6585071Z\",\"SourceId\":null,\"TargetId\":\"/subscriptions/00000000-0000-0000-0000-000000000000/resourceGroups/servicelinker-test-win-group/providers/Microsoft.DocumentDB/databaseAccounts/servicelinker-gremlin-cosmos/gremlinDatabases/coreDB/graphs/MyItem\",\"AuthType\":0}"}}'
    headers:
      cache-control:
      - no-cache
      content-length:
      - '1604'
      content-type:
      - application/json; charset=utf-8
      date:
      - Tue, 01 Mar 2022 08:02:38 GMT
      etag:
      - '"3e017f01-0000-0100-0000-621dd3020000"'
      expires:
      - '-1'
      pragma:
      - no-cache
      strict-transport-security:
      - max-age=31536000; includeSubDomains
      transfer-encoding:
      - chunked
      vary:
      - Accept-Encoding
      x-content-type-options:
      - nosniff
    status:
      code: 200
      message: OK
- request:
    body: null
    headers:
      Accept:
      - application/json
      Accept-Encoding:
      - gzip, deflate
      CommandName:
      - webapp connection show
      Connection:
      - keep-alive
      ParameterSetName:
      - --id
      User-Agent:
      - AZURECLI/2.33.1 azsdk-python-mgmt-servicelinker/1.0.0b2 Python/3.10.0 (Linux-5.4.0-1062-azure-x86_64-with-glibc2.31)
    method: GET
    uri: https://mitmproxy.proxy.svc.cluster.local:8080/subscriptions/00000000-0000-0000-0000-000000000000/resourceGroups/servicelinker-test-win-group/providers/Microsoft.Web/sites/servicelinker-gremlin-cosmos-asp-app/providers/Microsoft.ServiceLinker/linkers/testconn?api-version=2021-11-01-preview
  response:
    body:
      string: '{"id": "/subscriptions/00000000-0000-0000-0000-000000000000/resourceGroups/servicelinker-test-win-group/providers/Microsoft.Web/sites/servicelinker-gremlin-cosmos-asp-app/providers/Microsoft.ServiceLinker/linkers/testconn",
        "name": "testconn", "type": "microsoft.servicelinker/linkers", "systemData":
        {"createdBy": "0a5612a4-bc9a-47ea-b5dd-b9280aca1b09", "createdByType": "Application",
        "createdAt": "2022-03-01T08:01:30.3275537Z", "lastModifiedBy": "c4288165-6698-45ba-98a5-48ea7791fed3",
        "lastModifiedByType": "Application", "lastModifiedAt": "2022-03-01T08:01:39.8065428Z"},
        "properties": {"provisioningState": "Succeeded", "targetId": "/subscriptions/00000000-0000-0000-0000-000000000000/resourceGroups/servicelinker-test-win-group/providers/Microsoft.DocumentDB/databaseAccounts/servicelinker-gremlin-cosmos/gremlinDatabases/coreDB/graphs/MyItem",
        "authInfo": {"authType": "systemAssignedIdentity"}, "clientType": "python",
        "secretStore": {}}}'
    headers:
      cache-control:
      - no-cache
      content-length:
      - '948'
      content-type:
      - application/json; charset=utf-8
      date:
      - Tue, 01 Mar 2022 08:02:39 GMT
      etag:
      - '"3c005f58-0000-0100-0000-621dd2e30000"'
      expires:
      - '-1'
      pragma:
      - no-cache
      strict-transport-security:
      - max-age=31536000; includeSubDomains
      transfer-encoding:
      - chunked
      vary:
      - Accept-Encoding
      x-content-type-options:
      - nosniff
      x-ms-providerhub-traffic:
      - 'True'
    status:
      code: 200
      message: OK
- request:
    body: null
    headers:
      Accept:
      - application/json
      Accept-Encoding:
      - gzip, deflate
      CommandName:
      - webapp connection delete
      Connection:
      - keep-alive
      Content-Length:
      - '0'
      ParameterSetName:
      - --id --yes
      User-Agent:
      - AZURECLI/2.33.1 azsdk-python-mgmt-servicelinker/1.0.0b2 Python/3.10.0 (Linux-5.4.0-1062-azure-x86_64-with-glibc2.31)
    method: DELETE
    uri: https://mitmproxy.proxy.svc.cluster.local:8080/subscriptions/00000000-0000-0000-0000-000000000000/resourceGroups/servicelinker-test-win-group/providers/Microsoft.Web/sites/servicelinker-gremlin-cosmos-asp-app/providers/Microsoft.ServiceLinker/linkers/testconn?api-version=2021-11-01-preview
  response:
    body:
      string: 'null'
    headers:
      azure-asyncoperation:
      - https://management.azure.com/subscriptions/00000000-0000-0000-0000-000000000000/providers/Microsoft.ServiceLinker/locations/EASTUS/operationStatuses/7dc58e43-d6ce-4298-bb9e-4f55258d2abc*174826E4E1C00FA0EECF8C4256C5D9CA1B852269A7BDC14D8E593675AAE9A9B5?api-version=2021-11-01-preview
      cache-control:
      - no-cache
      content-length:
      - '4'
      content-type:
      - application/json; charset=utf-8
      date:
      - Tue, 01 Mar 2022 08:02:43 GMT
      etag:
      - '"1600db8b-0000-0400-0000-621dd3230000"'
      expires:
      - '-1'
      location:
      - https://management.azure.com/subscriptions/00000000-0000-0000-0000-000000000000/providers/Microsoft.ServiceLinker/locations/EASTUS/operationStatuses/7dc58e43-d6ce-4298-bb9e-4f55258d2abc*174826E4E1C00FA0EECF8C4256C5D9CA1B852269A7BDC14D8E593675AAE9A9B5?api-version=2021-11-01-preview
      pragma:
      - no-cache
      strict-transport-security:
      - max-age=31536000; includeSubDomains
      x-content-type-options:
      - nosniff
      x-ms-providerhub-traffic:
      - 'True'
      x-ms-ratelimit-remaining-subscription-deletes:
      - '14998'
    status:
      code: 202
      message: Accepted
- request:
    body: null
    headers:
      Accept:
      - '*/*'
      Accept-Encoding:
      - gzip, deflate
      CommandName:
      - webapp connection delete
      Connection:
      - keep-alive
      ParameterSetName:
      - --id --yes
      User-Agent:
      - AZURECLI/2.33.1 azsdk-python-mgmt-servicelinker/1.0.0b2 Python/3.10.0 (Linux-5.4.0-1062-azure-x86_64-with-glibc2.31)
    method: GET
    uri: https://mitmproxy.proxy.svc.cluster.local:8080/subscriptions/00000000-0000-0000-0000-000000000000/providers/Microsoft.ServiceLinker/locations/EASTUS/operationStatuses/7dc58e43-d6ce-4298-bb9e-4f55258d2abc*174826E4E1C00FA0EECF8C4256C5D9CA1B852269A7BDC14D8E593675AAE9A9B5?api-version=2021-11-01-preview
  response:
    body:
      string: '{"id": "/subscriptions/00000000-0000-0000-0000-000000000000/providers/Microsoft.ServiceLinker/locations/EASTUS/operationStatuses/7dc58e43-d6ce-4298-bb9e-4f55258d2abc*174826E4E1C00FA0EECF8C4256C5D9CA1B852269A7BDC14D8E593675AAE9A9B5",
        "name": "7dc58e43-d6ce-4298-bb9e-4f55258d2abc*174826E4E1C00FA0EECF8C4256C5D9CA1B852269A7BDC14D8E593675AAE9A9B5",
        "resourceId": "/subscriptions/00000000-0000-0000-0000-000000000000/resourceGroups/servicelinker-test-win-group/providers/Microsoft.Web/sites/servicelinker-gremlin-cosmos-asp-app/providers/Microsoft.ServiceLinker/linkers/testconn",
        "status": "Succeeded", "startTime": "2022-03-01T08:02:43.3120863Z", "endTime":
        "2022-03-01T08:02:47.1038545Z", "properties": null}'
    headers:
      cache-control:
      - no-cache
      content-length:
      - '707'
      content-type:
      - application/json; charset=utf-8
      date:
      - Tue, 01 Mar 2022 08:03:14 GMT
      etag:
      - '"af00834a-0000-0200-0000-621dd3270000"'
      expires:
      - '-1'
      pragma:
      - no-cache
      strict-transport-security:
      - max-age=31536000; includeSubDomains
      transfer-encoding:
      - chunked
      vary:
      - Accept-Encoding
      x-content-type-options:
      - nosniff
    status:
      code: 200
      message: OK
version: 1
