interactions:
- request:
    body: null
    headers:
      Accept:
      - application/json
      Accept-Encoding:
      - gzip, deflate
      CommandName:
      - connection create servicebus
      Connection:
      - keep-alive
      ParameterSetName:
      - -g --connection --target-id --secret --client-type
      User-Agent:
      - AZURECLI/2.43.0 (PIP) azsdk-python-azure-mgmt-resource/21.1.0b1 Python/3.8.8
        (Windows-10-10.0.22621-SP0)
    method: GET
    uri: https://management.azure.com/subscriptions/00000000-0000-0000-0000-000000000000/resourcegroups/servicelinker-cli-test-group?api-version=2021-04-01
  response:
    body:
      string: '{"id": "/subscriptions/00000000-0000-0000-0000-000000000000/resourceGroups/servicelinker-cli-test-group",
        "name": "servicelinker-cli-test-group", "type": "Microsoft.Resources/resourceGroups",
        "location": "eastus", "tags": {}, "properties": {"provisioningState": "Succeeded"}}'
    headers:
      cache-control:
      - no-cache
      content-length:
      - '275'
      content-type:
      - application/json; charset=utf-8
      date:
      - Wed, 14 Dec 2022 03:38:23 GMT
      expires:
      - '-1'
      pragma:
      - no-cache
      strict-transport-security:
      - max-age=31536000; includeSubDomains
      vary:
      - Accept-Encoding
      x-content-type-options:
      - nosniff
    status:
      code: 200
      message: OK
- request:
    body: '{"properties": {"targetService": {"type": "AzureResource", "id": "/subscriptions/00000000-0000-0000-0000-000000000000/resourceGroups/servicelinker-test-linux-group/providers/Microsoft.ServiceBus/namespaces/servicelinkertestservicebus"},
      "authInfo": {"authType": "secret"}, "clientType": "python", "publicNetworkSolution":
      {"firewallRules": {"callerClientIP": "true"}}}}'
    headers:
      Accept:
      - application/json
      Accept-Encoding:
      - gzip, deflate
      CommandName:
      - connection create servicebus
      Connection:
      - keep-alive
      Content-Length:
      - '369'
      Content-Type:
      - application/json
      ParameterSetName:
      - -g --connection --target-id --secret --client-type
      User-Agent:
      - AZURECLI/2.43.0 (PIP) azsdk-python-mgmt-servicelinker/1.2.0b1 Python/3.8.8
        (Windows-10-10.0.22621-SP0)
    method: PUT
    uri: https://management.azure.com/subscriptions/00000000-0000-0000-0000-000000000000/resourcegroups/servicelinker-cli-test-group/providers/Microsoft.ServiceLinker/locations/eastus/connectors/testconn8?api-version=2022-11-01-preview
  response:
    body:
      string: '{"id": "/subscriptions/00000000-0000-0000-0000-000000000000/resourceGroups/servicelinker-cli-test-group/providers/Microsoft.ServiceLinker/locations/eastus/connectors/testconn8",
        "name": "testconn8", "type": "microsoft.servicelinker/locations/connectors",
        "systemData": {"createdBy": "xiaofanzhou@microsoft.com", "createdByType":
        "User", "createdAt": "2022-12-14T03:38:24.4375876Z", "lastModifiedBy": "xiaofanzhou@microsoft.com",
        "lastModifiedByType": "User", "lastModifiedAt": "2022-12-14T03:38:24.4375876Z"},
        "properties": {"publicNetworkSolution": {"firewallRules": {"ipRanges": null,
        "callerClientIP": "true"}, "deleteOrUpdateBehavior": "Default", "action":
        "enable"}, "configurationInfo": null, "provisioningState": "Accepted", "targetService":
        {"id": "/subscriptions/00000000-0000-0000-0000-000000000000/resourceGroups/servicelinker-test-linux-group/providers/Microsoft.ServiceBus/namespaces/servicelinkertestservicebus",
        "resourceProperties": null, "type": "AzureResource"}, "authInfo": {"name":
        null, "secretInfo": null, "authType": "secret"}, "clientType": "python", "scope":
        null, "vNetSolution": null, "secretStore": null}}'
    headers:
      azure-asyncoperation:
      - https://management.azure.com/subscriptions/00000000-0000-0000-0000-000000000000/providers/Microsoft.ServiceLinker/locations/EASTUS/operationStatuses/9f4a5bc8-a209-45de-a400-cfd472f600ad*F4F0FB4243A96E85084305E603E9696D1DCB8C251B0ABCC3D86458496C65105E?api-version=2021-01-01-privatepreview
      cache-control:
      - no-cache
      content-length:
      - '1133'
      content-type:
      - application/json; charset=utf-8
      date:
      - Wed, 14 Dec 2022 03:38:24 GMT
      etag:
      - '"59009c50-0000-0100-0000-639945300000"'
      expires:
      - '-1'
      mise-correlation-id:
      - 5170d454-79dc-4850-a906-a335dbc44ab2
      pragma:
      - no-cache
      strict-transport-security:
      - max-age=31536000; includeSubDomains
      x-content-type-options:
      - nosniff
      x-ms-providerhub-traffic:
      - 'True'
      x-ms-ratelimit-remaining-subscription-writes:
      - '1197'
    status:
      code: 201
      message: Created
- request:
    body: null
    headers:
      Accept:
      - '*/*'
      Accept-Encoding:
      - gzip, deflate
      CommandName:
      - connection create servicebus
      Connection:
      - keep-alive
      ParameterSetName:
      - -g --connection --target-id --secret --client-type
      User-Agent:
      - AZURECLI/2.43.0 (PIP) azsdk-python-mgmt-servicelinker/1.2.0b1 Python/3.8.8
        (Windows-10-10.0.22621-SP0)
    method: GET
    uri: https://management.azure.com/subscriptions/00000000-0000-0000-0000-000000000000/providers/Microsoft.ServiceLinker/locations/EASTUS/operationStatuses/9f4a5bc8-a209-45de-a400-cfd472f600ad*F4F0FB4243A96E85084305E603E9696D1DCB8C251B0ABCC3D86458496C65105E?api-version=2021-01-01-privatepreview
  response:
    body:
      string: '{"id": "/subscriptions/00000000-0000-0000-0000-000000000000/providers/Microsoft.ServiceLinker/locations/EASTUS/operationStatuses/9f4a5bc8-a209-45de-a400-cfd472f600ad*F4F0FB4243A96E85084305E603E9696D1DCB8C251B0ABCC3D86458496C65105E",
        "name": "9f4a5bc8-a209-45de-a400-cfd472f600ad*F4F0FB4243A96E85084305E603E9696D1DCB8C251B0ABCC3D86458496C65105E",
        "resourceId": "/subscriptions/00000000-0000-0000-0000-000000000000/resourceGroups/servicelinker-cli-test-group/providers/Microsoft.ServiceLinker/locations/eastus/connectors/testconn8",
        "status": "Succeeded", "startTime": "2022-12-14T03:38:24.7349868Z", "endTime":
        "2022-12-14T03:38:39.0700631Z", "properties": {"Message": null}}'
    headers:
      cache-control:
      - no-cache
      content-length:
      - '674'
      content-type:
      - application/json; charset=utf-8
      date:
      - Wed, 14 Dec 2022 03:38:54 GMT
      etag:
      - '"0f00546d-0000-0100-0000-6399453f0000"'
      expires:
      - '-1'
      pragma:
      - no-cache
      strict-transport-security:
      - max-age=31536000; includeSubDomains
      transfer-encoding:
      - chunked
      vary:
      - Accept-Encoding
      x-content-type-options:
      - nosniff
    status:
      code: 200
      message: OK
- request:
    body: null
    headers:
      Accept:
      - '*/*'
      Accept-Encoding:
      - gzip, deflate
      CommandName:
      - connection create servicebus
      Connection:
      - keep-alive
      ParameterSetName:
      - -g --connection --target-id --secret --client-type
      User-Agent:
      - AZURECLI/2.43.0 (PIP) azsdk-python-mgmt-servicelinker/1.2.0b1 Python/3.8.8
        (Windows-10-10.0.22621-SP0)
    method: GET
    uri: https://management.azure.com/subscriptions/00000000-0000-0000-0000-000000000000/resourcegroups/servicelinker-cli-test-group/providers/Microsoft.ServiceLinker/locations/eastus/connectors/testconn8?api-version=2022-11-01-preview
  response:
    body:
      string: '{"id": "/subscriptions/00000000-0000-0000-0000-000000000000/resourceGroups/servicelinker-cli-test-group/providers/Microsoft.ServiceLinker/locations/eastus/connectors/testconn8",
        "name": "testconn8", "type": "microsoft.servicelinker/locations/connectors",
        "systemData": {"createdBy": "xiaofanzhou@microsoft.com", "createdByType":
        "User", "createdAt": "2022-12-14T03:38:24.4375876Z", "lastModifiedBy": "xiaofanzhou@microsoft.com",
        "lastModifiedByType": "User", "lastModifiedAt": "2022-12-14T03:38:24.4375876Z"},
        "properties": {"publicNetworkSolution": {"firewallRules": {"callerClientIP":
        "true"}, "deleteOrUpdateBehavior": "Default", "action": "enable"}, "provisioningState":
        "Succeeded", "targetService": {"id": "/subscriptions/00000000-0000-0000-0000-000000000000/resourceGroups/servicelinker-test-linux-group/providers/Microsoft.ServiceBus/namespaces/servicelinkertestservicebus",
        "type": "AzureResource"}, "authInfo": {"authType": "secret"}, "clientType":
        "python"}}'
    headers:
      cache-control:
      - no-cache
      content-length:
      - '969'
      content-type:
      - application/json; charset=utf-8
      date:
      - Wed, 14 Dec 2022 03:38:55 GMT
      etag:
      - '"5900ad51-0000-0100-0000-6399453f0000"'
      expires:
      - '-1'
      pragma:
      - no-cache
      strict-transport-security:
      - max-age=31536000; includeSubDomains
      transfer-encoding:
      - chunked
      vary:
      - Accept-Encoding
      x-content-type-options:
      - nosniff
      x-ms-providerhub-traffic:
      - 'True'
    status:
      code: 200
      message: OK
- request:
    body: null
    headers:
      Accept:
      - application/json
      Accept-Encoding:
      - gzip, deflate
      CommandName:
      - connection list
      Connection:
      - keep-alive
      ParameterSetName:
      - -g
      User-Agent:
      - AZURECLI/2.43.0 (PIP) azsdk-python-azure-mgmt-resource/21.1.0b1 Python/3.8.8
        (Windows-10-10.0.22621-SP0)
    method: GET
    uri: https://management.azure.com/subscriptions/00000000-0000-0000-0000-000000000000/resourcegroups/servicelinker-cli-test-group?api-version=2021-04-01
  response:
    body:
      string: '{"id": "/subscriptions/00000000-0000-0000-0000-000000000000/resourceGroups/servicelinker-cli-test-group",
        "name": "servicelinker-cli-test-group", "type": "Microsoft.Resources/resourceGroups",
        "location": "eastus", "tags": {}, "properties": {"provisioningState": "Succeeded"}}'
    headers:
      cache-control:
      - no-cache
      content-length:
      - '275'
      content-type:
      - application/json; charset=utf-8
      date:
      - Wed, 14 Dec 2022 03:38:59 GMT
      expires:
      - '-1'
      pragma:
      - no-cache
      strict-transport-security:
      - max-age=31536000; includeSubDomains
      vary:
      - Accept-Encoding
      x-content-type-options:
      - nosniff
    status:
      code: 200
      message: OK
- request:
    body: null
    headers:
      Accept:
      - application/json
      Accept-Encoding:
      - gzip, deflate
      CommandName:
      - connection list
      Connection:
      - keep-alive
      ParameterSetName:
      - -g
      User-Agent:
      - AZURECLI/2.43.0 (PIP) azsdk-python-mgmt-servicelinker/1.2.0b1 Python/3.8.8
        (Windows-10-10.0.22621-SP0)
    method: GET
    uri: https://management.azure.com/subscriptions/00000000-0000-0000-0000-000000000000/resourcegroups/servicelinker-cli-test-group/providers/Microsoft.ServiceLinker/locations/eastus/connectors?api-version=2022-11-01-preview
  response:
    body:
      string: '{"value": [{"id": "/subscriptions/00000000-0000-0000-0000-000000000000/resourceGroups/servicelinker-cli-test-group/providers/Microsoft.ServiceLinker/locations/eastus/connectors/testconn8",
        "name": "testconn8", "type": "microsoft.servicelinker/locations/connectors",
        "systemData": {"createdBy": "xiaofanzhou@microsoft.com", "createdByType":
        "User", "createdAt": "2022-12-14T03:38:24.4375876Z", "lastModifiedBy": "xiaofanzhou@microsoft.com",
        "lastModifiedByType": "User", "lastModifiedAt": "2022-12-14T03:38:24.4375876Z"},
        "properties": {"publicNetworkSolution": {"firewallRules": {"callerClientIP":
        "true"}, "deleteOrUpdateBehavior": "Default", "action": "enable"}, "provisioningState":
        "Succeeded", "targetService": {"id": "/subscriptions/00000000-0000-0000-0000-000000000000/resourceGroups/servicelinker-test-linux-group/providers/Microsoft.ServiceBus/namespaces/servicelinkertestservicebus",
        "type": "AzureResource"}, "authInfo": {"authType": "secret"}, "clientType":
        "python"}}]}'
    headers:
      cache-control:
      - no-cache
      content-length:
      - '982'
      content-type:
      - application/json; charset=utf-8
      date:
      - Wed, 14 Dec 2022 03:39:00 GMT
      expires:
      - '-1'
      pragma:
      - no-cache
      strict-transport-security:
      - max-age=31536000; includeSubDomains
      transfer-encoding:
      - chunked
      vary:
      - Accept-Encoding
      x-content-type-options:
      - nosniff
      x-ms-providerhub-traffic:
      - 'True'
    status:
      code: 200
      message: OK
- request:
    body: null
    headers:
      Accept:
      - application/json
      Accept-Encoding:
      - gzip, deflate
      CommandName:
      - connection update servicebus
      Connection:
      - keep-alive
      ParameterSetName:
      - --id --client-type
      User-Agent:
      - AZURECLI/2.43.0 (PIP) azsdk-python-mgmt-servicelinker/1.2.0b1 Python/3.8.8
        (Windows-10-10.0.22621-SP0)
    method: GET
    uri: https://management.azure.com/subscriptions/00000000-0000-0000-0000-000000000000/resourcegroups/servicelinker-cli-test-group/providers/Microsoft.ServiceLinker/locations/eastus/connectors/testconn8?api-version=2022-11-01-preview
  response:
    body:
      string: '{"id": "/subscriptions/00000000-0000-0000-0000-000000000000/resourceGroups/servicelinker-cli-test-group/providers/Microsoft.ServiceLinker/locations/eastus/connectors/testconn8",
        "name": "testconn8", "type": "microsoft.servicelinker/locations/connectors",
        "systemData": {"createdBy": "xiaofanzhou@microsoft.com", "createdByType":
        "User", "createdAt": "2022-12-14T03:38:24.4375876Z", "lastModifiedBy": "xiaofanzhou@microsoft.com",
        "lastModifiedByType": "User", "lastModifiedAt": "2022-12-14T03:38:24.4375876Z"},
        "properties": {"publicNetworkSolution": {"firewallRules": {"callerClientIP":
        "true"}, "deleteOrUpdateBehavior": "Default", "action": "enable"}, "provisioningState":
        "Succeeded", "targetService": {"id": "/subscriptions/00000000-0000-0000-0000-000000000000/resourceGroups/servicelinker-test-linux-group/providers/Microsoft.ServiceBus/namespaces/servicelinkertestservicebus",
        "type": "AzureResource"}, "authInfo": {"authType": "secret"}, "clientType":
        "python"}}'
    headers:
      cache-control:
      - no-cache
      content-length:
      - '969'
      content-type:
      - application/json; charset=utf-8
      date:
      - Wed, 14 Dec 2022 03:39:01 GMT
      etag:
      - '"5900ad51-0000-0100-0000-6399453f0000"'
      expires:
      - '-1'
      pragma:
      - no-cache
      strict-transport-security:
      - max-age=31536000; includeSubDomains
      transfer-encoding:
      - chunked
      vary:
      - Accept-Encoding
      x-content-type-options:
      - nosniff
      x-ms-providerhub-traffic:
      - 'True'
    status:
      code: 200
      message: OK
- request:
    body: '{"properties": {"targetService": {"type": "AzureResource", "id": "/subscriptions/00000000-0000-0000-0000-000000000000/resourceGroups/servicelinker-test-linux-group/providers/Microsoft.ServiceBus/namespaces/servicelinkertestservicebus"},
      "authInfo": {"authType": "secret"}, "clientType": "dotnet", "publicNetworkSolution":
      {"deleteOrUpdateBehavior": "Default", "action": "enable", "firewallRules": {"callerClientIP":
      "true"}}}}'
    headers:
      Accept:
      - application/json
      Accept-Encoding:
      - gzip, deflate
      CommandName:
      - connection update servicebus
      Connection:
      - keep-alive
      Content-Length:
      - '426'
      Content-Type:
      - application/json
      ParameterSetName:
      - --id --client-type
      User-Agent:
      - AZURECLI/2.43.0 (PIP) azsdk-python-mgmt-servicelinker/1.2.0b1 Python/3.8.8
        (Windows-10-10.0.22621-SP0)
    method: PUT
    uri: https://management.azure.com/subscriptions/00000000-0000-0000-0000-000000000000/resourcegroups/servicelinker-cli-test-group/providers/Microsoft.ServiceLinker/locations/eastus/connectors/testconn8?api-version=2022-11-01-preview
  response:
    body:
      string: '{"id": "/subscriptions/00000000-0000-0000-0000-000000000000/resourceGroups/servicelinker-cli-test-group/providers/Microsoft.ServiceLinker/locations/eastus/connectors/testconn8",
        "name": "testconn8", "type": "microsoft.servicelinker/locations/connectors",
        "systemData": {"createdBy": "xiaofanzhou@microsoft.com", "createdByType":
        "User", "createdAt": "2022-12-14T03:38:24.4375876Z", "lastModifiedBy": "xiaofanzhou@microsoft.com",
        "lastModifiedByType": "User", "lastModifiedAt": "2022-12-14T03:39:02.1502281Z"},
        "properties": {"publicNetworkSolution": {"firewallRules": {"ipRanges": null,
        "callerClientIP": "true"}, "deleteOrUpdateBehavior": "Default", "action":
        "enable"}, "configurationInfo": null, "provisioningState": "Accepted", "targetService":
        {"id": "/subscriptions/00000000-0000-0000-0000-000000000000/resourceGroups/servicelinker-test-linux-group/providers/Microsoft.ServiceBus/namespaces/servicelinkertestservicebus",
        "resourceProperties": null, "type": "AzureResource"}, "authInfo": {"name":
        null, "secretInfo": null, "authType": "secret"}, "clientType": "dotnet", "scope":
        null, "vNetSolution": null, "secretStore": null}}'
    headers:
      azure-asyncoperation:
      - https://management.azure.com/subscriptions/00000000-0000-0000-0000-000000000000/providers/Microsoft.ServiceLinker/locations/EASTUS/operationStatuses/dbc263a2-351f-4139-b416-3ad015c3c09c*F4F0FB4243A96E85084305E603E9696D1DCB8C251B0ABCC3D86458496C65105E?api-version=2021-01-01-privatepreview
      cache-control:
      - no-cache
      content-length:
      - '1133'
      content-type:
      - application/json; charset=utf-8
      date:
      - Wed, 14 Dec 2022 03:39:01 GMT
      etag:
      - '"59006953-0000-0100-0000-639945560000"'
      expires:
      - '-1'
      mise-correlation-id:
      - 365e309c-49f7-4ea3-adf7-1c57423ecfea
      pragma:
      - no-cache
      strict-transport-security:
      - max-age=31536000; includeSubDomains
      x-content-type-options:
      - nosniff
      x-ms-providerhub-traffic:
      - 'True'
      x-ms-ratelimit-remaining-subscription-writes:
      - '1198'
    status:
      code: 201
      message: Created
- request:
    body: null
    headers:
      Accept:
      - '*/*'
      Accept-Encoding:
      - gzip, deflate
      CommandName:
      - connection update servicebus
      Connection:
      - keep-alive
      ParameterSetName:
      - --id --client-type
      User-Agent:
      - AZURECLI/2.43.0 (PIP) azsdk-python-mgmt-servicelinker/1.2.0b1 Python/3.8.8
        (Windows-10-10.0.22621-SP0)
    method: GET
    uri: https://management.azure.com/subscriptions/00000000-0000-0000-0000-000000000000/providers/Microsoft.ServiceLinker/locations/EASTUS/operationStatuses/dbc263a2-351f-4139-b416-3ad015c3c09c*F4F0FB4243A96E85084305E603E9696D1DCB8C251B0ABCC3D86458496C65105E?api-version=2021-01-01-privatepreview
  response:
    body:
      string: '{"id": "/subscriptions/00000000-0000-0000-0000-000000000000/providers/Microsoft.ServiceLinker/locations/EASTUS/operationStatuses/dbc263a2-351f-4139-b416-3ad015c3c09c*F4F0FB4243A96E85084305E603E9696D1DCB8C251B0ABCC3D86458496C65105E",
        "name": "dbc263a2-351f-4139-b416-3ad015c3c09c*F4F0FB4243A96E85084305E603E9696D1DCB8C251B0ABCC3D86458496C65105E",
        "resourceId": "/subscriptions/00000000-0000-0000-0000-000000000000/resourceGroups/servicelinker-cli-test-group/providers/Microsoft.ServiceLinker/locations/eastus/connectors/testconn8",
        "status": "Succeeded", "startTime": "2022-12-14T03:39:02.4215008Z", "endTime":
        "2022-12-14T03:39:15.5671934Z", "properties": {"Message": null}}'
    headers:
      cache-control:
      - no-cache
      content-length:
      - '674'
      content-type:
      - application/json; charset=utf-8
      date:
      - Wed, 14 Dec 2022 03:39:33 GMT
      etag:
      - '"0f00866d-0000-0100-0000-639945630000"'
      expires:
      - '-1'
      pragma:
      - no-cache
      strict-transport-security:
      - max-age=31536000; includeSubDomains
      transfer-encoding:
      - chunked
      vary:
      - Accept-Encoding
      x-content-type-options:
      - nosniff
    status:
      code: 200
      message: OK
- request:
    body: null
    headers:
      Accept:
      - '*/*'
      Accept-Encoding:
      - gzip, deflate
      CommandName:
      - connection update servicebus
      Connection:
      - keep-alive
      ParameterSetName:
      - --id --client-type
      User-Agent:
      - AZURECLI/2.43.0 (PIP) azsdk-python-mgmt-servicelinker/1.2.0b1 Python/3.8.8
        (Windows-10-10.0.22621-SP0)
    method: GET
    uri: https://management.azure.com/subscriptions/00000000-0000-0000-0000-000000000000/resourcegroups/servicelinker-cli-test-group/providers/Microsoft.ServiceLinker/locations/eastus/connectors/testconn8?api-version=2022-11-01-preview
  response:
    body:
      string: '{"id": "/subscriptions/00000000-0000-0000-0000-000000000000/resourceGroups/servicelinker-cli-test-group/providers/Microsoft.ServiceLinker/locations/eastus/connectors/testconn8",
        "name": "testconn8", "type": "microsoft.servicelinker/locations/connectors",
        "systemData": {"createdBy": "xiaofanzhou@microsoft.com", "createdByType":
        "User", "createdAt": "2022-12-14T03:38:24.4375876Z", "lastModifiedBy": "xiaofanzhou@microsoft.com",
        "lastModifiedByType": "User", "lastModifiedAt": "2022-12-14T03:39:02.1502281Z"},
        "properties": {"publicNetworkSolution": {"firewallRules": {"callerClientIP":
        "true"}, "deleteOrUpdateBehavior": "Default", "action": "enable"}, "provisioningState":
        "Succeeded", "targetService": {"id": "/subscriptions/00000000-0000-0000-0000-000000000000/resourceGroups/servicelinker-test-linux-group/providers/Microsoft.ServiceBus/namespaces/servicelinkertestservicebus",
        "type": "AzureResource"}, "authInfo": {"authType": "secret"}, "clientType":
        "dotnet"}}'
    headers:
      cache-control:
      - no-cache
      content-length:
      - '969'
      content-type:
      - application/json; charset=utf-8
      date:
      - Wed, 14 Dec 2022 03:39:33 GMT
      etag:
      - '"59007b54-0000-0100-0000-639945630000"'
      expires:
      - '-1'
      pragma:
      - no-cache
      strict-transport-security:
      - max-age=31536000; includeSubDomains
      transfer-encoding:
      - chunked
      vary:
      - Accept-Encoding
      x-content-type-options:
      - nosniff
      x-ms-providerhub-traffic:
      - 'True'
    status:
      code: 200
      message: OK
- request:
    body: null
    headers:
      Accept:
      - application/json
      Accept-Encoding:
      - gzip, deflate
      CommandName:
      - connection generate-configuration
      Connection:
      - keep-alive
      Content-Length:
      - '0'
      Content-Type:
      - application/json
      ParameterSetName:
      - --id
      User-Agent:
      - AZURECLI/2.43.0 (PIP) azsdk-python-mgmt-servicelinker/1.2.0b1 Python/3.8.8
        (Windows-10-10.0.22621-SP0)
    method: POST
    uri: https://management.azure.com/subscriptions/00000000-0000-0000-0000-000000000000/resourcegroups/servicelinker-cli-test-group/providers/Microsoft.ServiceLinker/locations/eastus/connectors/testconn8/generateConfigurations?api-version=2022-11-01-preview
  response:
    body:
      string: '{"configurations": [{"name": "AZURE_SERVICEBUS_CONNECTIONSTRING", "value":
        "hidden"}]}'
    headers:
      cache-control:
      - no-cache
      content-length:
      - '86'
      content-type:
      - application/json; charset=utf-8
      date:
      - Wed, 14 Dec 2022 03:39:39 GMT
      expires:
      - '-1'
      mise-correlation-id:
      - 3731b051-d81f-49df-a376-09c292ac5c13
      pragma:
      - no-cache
      strict-transport-security:
      - max-age=31536000; includeSubDomains
      transfer-encoding:
      - chunked
      vary:
      - Accept-Encoding
      x-content-type-options:
      - nosniff
      x-ms-providerhub-traffic:
      - 'True'
      x-ms-ratelimit-remaining-subscription-writes:
      - '1196'
    status:
      code: 200
      message: OK
- request:
    body: null
    headers:
      Accept:
      - application/json
      Accept-Encoding:
      - gzip, deflate
      CommandName:
      - connection validate
      Connection:
      - keep-alive
      Content-Length:
      - '0'
      ParameterSetName:
      - --id
      User-Agent:
      - AZURECLI/2.43.0 (PIP) azsdk-python-mgmt-servicelinker/1.2.0b1 Python/3.8.8
        (Windows-10-10.0.22621-SP0)
    method: POST
    uri: https://management.azure.com/subscriptions/00000000-0000-0000-0000-000000000000/resourcegroups/servicelinker-cli-test-group/providers/Microsoft.ServiceLinker/locations/eastus/connectors/testconn8/validate?api-version=2022-11-01-preview
  response:
    body:
      string: 'null'
    headers:
      azure-asyncoperation:
      - https://management.azure.com/subscriptions/00000000-0000-0000-0000-000000000000/providers/Microsoft.ServiceLinker/locations/EASTUS/operationStatuses/1153857d-aef1-4621-b88b-e28cb7e2e1e4*F4F0FB4243A96E85084305E603E9696D1DCB8C251B0ABCC3D86458496C65105E?api-version=2021-01-01-privatepreview
      cache-control:
      - no-cache
      content-length:
      - '4'
      content-type:
      - application/json; charset=utf-8
      date:
      - Wed, 14 Dec 2022 03:39:41 GMT
      expires:
      - '-1'
      location:
      - https://management.azure.com/subscriptions/00000000-0000-0000-0000-000000000000/providers/Microsoft.ServiceLinker/locations/EASTUS/operationStatuses/1153857d-aef1-4621-b88b-e28cb7e2e1e4*F4F0FB4243A96E85084305E603E9696D1DCB8C251B0ABCC3D86458496C65105E?api-version=2021-01-01-privatepreview
      mise-correlation-id:
      - c2d3a173-4748-4220-b09b-de69bda3576d
      pragma:
      - no-cache
      strict-transport-security:
      - max-age=31536000; includeSubDomains
      x-content-type-options:
      - nosniff
      x-ms-providerhub-traffic:
      - 'True'
      x-ms-ratelimit-remaining-subscription-writes:
      - '1196'
    status:
      code: 202
      message: Accepted
- request:
    body: null
    headers:
      Accept:
      - '*/*'
      Accept-Encoding:
      - gzip, deflate
      CommandName:
      - connection validate
      Connection:
      - keep-alive
      ParameterSetName:
      - --id
      User-Agent:
      - AZURECLI/2.43.0 (PIP) azsdk-python-mgmt-servicelinker/1.2.0b1 Python/3.8.8
        (Windows-10-10.0.22621-SP0)
    method: GET
    uri: https://management.azure.com/subscriptions/00000000-0000-0000-0000-000000000000/providers/Microsoft.ServiceLinker/locations/EASTUS/operationStatuses/1153857d-aef1-4621-b88b-e28cb7e2e1e4*F4F0FB4243A96E85084305E603E9696D1DCB8C251B0ABCC3D86458496C65105E?api-version=2021-01-01-privatepreview
  response:
    body:
      string: '{"id": "/subscriptions/00000000-0000-0000-0000-000000000000/providers/Microsoft.ServiceLinker/locations/EASTUS/operationStatuses/1153857d-aef1-4621-b88b-e28cb7e2e1e4*F4F0FB4243A96E85084305E603E9696D1DCB8C251B0ABCC3D86458496C65105E",
        "name": "1153857d-aef1-4621-b88b-e28cb7e2e1e4*F4F0FB4243A96E85084305E603E9696D1DCB8C251B0ABCC3D86458496C65105E",
        "resourceId": "/subscriptions/00000000-0000-0000-0000-000000000000/resourceGroups/servicelinker-cli-test-group/providers/Microsoft.ServiceLinker/locations/eastus/connectors/testconn8",
        "status": "Succeeded", "startTime": "2022-12-14T03:39:41.5813001Z", "endTime":
        "2022-12-14T03:39:45.8696816Z", "properties": {"Message": "{\"ConnectionName\":\"testconn8\",\"IsConnectionAvailable\":true,\"ValidationDetail\":[{\"Name\":\"The
        target existence is validated\",\"Description\":null,\"Result\":0},{\"Name\":\"The
        target service firewall is validated\",\"Description\":null,\"Result\":0}],\"ReportStartTimeUtc\":\"2022-12-14T03:39:43.1460583Z\",\"ReportEndTimeUtc\":\"2022-12-14T03:39:44.7583696Z\",\"SourceId\":null,\"TargetId\":null,\"AuthType\":4}",
        "linkerName": "testconn8", "isConnectionAvailable": true, "validationDetail":
        [{"name": "The target existence is validated", "description": null, "result":
        "success"}, {"name": "The target service firewall is validated", "description":
        null, "result": "success"}], "reportStartTimeUtc": "2022-12-14T03:39:43.1460583Z",
        "reportEndTimeUtc": "2022-12-14T03:39:44.7583696Z", "sourceId": null, "targetId":
        null, "authType": "secret"}}'
    headers:
      cache-control:
      - no-cache
      content-length:
      - '1523'
      content-type:
      - application/json; charset=utf-8
      date:
      - Wed, 14 Dec 2022 03:40:12 GMT
      etag:
      - '"0f00b26d-0000-0100-0000-639945810000"'
      expires:
      - '-1'
      pragma:
      - no-cache
      strict-transport-security:
      - max-age=31536000; includeSubDomains
      transfer-encoding:
      - chunked
      vary:
      - Accept-Encoding
      x-content-type-options:
      - nosniff
    status:
      code: 200
      message: OK
- request:
    body: null
    headers:
      Accept:
      - '*/*'
      Accept-Encoding:
      - gzip, deflate
      CommandName:
      - connection validate
      Connection:
      - keep-alive
      ParameterSetName:
      - --id
      User-Agent:
      - AZURECLI/2.43.0 (PIP) azsdk-python-mgmt-servicelinker/1.2.0b1 Python/3.8.8
        (Windows-10-10.0.22621-SP0)
    method: GET
    uri: https://management.azure.com/subscriptions/00000000-0000-0000-0000-000000000000/providers/Microsoft.ServiceLinker/locations/EASTUS/operationStatuses/1153857d-aef1-4621-b88b-e28cb7e2e1e4*F4F0FB4243A96E85084305E603E9696D1DCB8C251B0ABCC3D86458496C65105E?api-version=2021-01-01-privatepreview
  response:
    body:
      string: '{"id": "/subscriptions/00000000-0000-0000-0000-000000000000/providers/Microsoft.ServiceLinker/locations/EASTUS/operationStatuses/1153857d-aef1-4621-b88b-e28cb7e2e1e4*F4F0FB4243A96E85084305E603E9696D1DCB8C251B0ABCC3D86458496C65105E",
        "name": "1153857d-aef1-4621-b88b-e28cb7e2e1e4*F4F0FB4243A96E85084305E603E9696D1DCB8C251B0ABCC3D86458496C65105E",
        "resourceId": "/subscriptions/00000000-0000-0000-0000-000000000000/resourceGroups/servicelinker-cli-test-group/providers/Microsoft.ServiceLinker/locations/eastus/connectors/testconn8",
        "status": "Succeeded", "startTime": "2022-12-14T03:39:41.5813001Z", "endTime":
        "2022-12-14T03:39:45.8696816Z", "properties": {"Message": "{\"ConnectionName\":\"testconn8\",\"IsConnectionAvailable\":true,\"ValidationDetail\":[{\"Name\":\"The
        target existence is validated\",\"Description\":null,\"Result\":0},{\"Name\":\"The
        target service firewall is validated\",\"Description\":null,\"Result\":0}],\"ReportStartTimeUtc\":\"2022-12-14T03:39:43.1460583Z\",\"ReportEndTimeUtc\":\"2022-12-14T03:39:44.7583696Z\",\"SourceId\":null,\"TargetId\":null,\"AuthType\":4}",
        "linkerName": "testconn8", "isConnectionAvailable": true, "validationDetail":
        [{"name": "The target existence is validated", "description": null, "result":
        "success"}, {"name": "The target service firewall is validated", "description":
        null, "result": "success"}], "reportStartTimeUtc": "2022-12-14T03:39:43.1460583Z",
        "reportEndTimeUtc": "2022-12-14T03:39:44.7583696Z", "sourceId": null, "targetId":
        null, "authType": "secret"}}'
    headers:
      cache-control:
      - no-cache
      content-length:
      - '1523'
      content-type:
      - application/json; charset=utf-8
      date:
      - Wed, 14 Dec 2022 03:40:12 GMT
      etag:
      - '"0f00b26d-0000-0100-0000-639945810000"'
      expires:
      - '-1'
      pragma:
      - no-cache
      strict-transport-security:
      - max-age=31536000; includeSubDomains
      transfer-encoding:
      - chunked
      vary:
      - Accept-Encoding
      x-content-type-options:
      - nosniff
    status:
      code: 200
      message: OK
- request:
    body: null
    headers:
      Accept:
      - application/json
      Accept-Encoding:
      - gzip, deflate
      CommandName:
      - connection show
      Connection:
      - keep-alive
      ParameterSetName:
      - --id
      User-Agent:
      - AZURECLI/2.43.0 (PIP) azsdk-python-mgmt-servicelinker/1.2.0b1 Python/3.8.8
        (Windows-10-10.0.22621-SP0)
    method: GET
    uri: https://management.azure.com/subscriptions/00000000-0000-0000-0000-000000000000/resourcegroups/servicelinker-cli-test-group/providers/Microsoft.ServiceLinker/locations/eastus/connectors/testconn8?api-version=2022-11-01-preview
  response:
    body:
      string: '{"id": "/subscriptions/00000000-0000-0000-0000-000000000000/resourceGroups/servicelinker-cli-test-group/providers/Microsoft.ServiceLinker/locations/eastus/connectors/testconn8",
        "name": "testconn8", "type": "microsoft.servicelinker/locations/connectors",
        "systemData": {"createdBy": "xiaofanzhou@microsoft.com", "createdByType":
        "User", "createdAt": "2022-12-14T03:38:24.4375876Z", "lastModifiedBy": "xiaofanzhou@microsoft.com",
        "lastModifiedByType": "User", "lastModifiedAt": "2022-12-14T03:39:02.1502281Z"},
        "properties": {"publicNetworkSolution": {"firewallRules": {"callerClientIP":
        "true"}, "deleteOrUpdateBehavior": "Default", "action": "enable"}, "provisioningState":
        "Succeeded", "targetService": {"id": "/subscriptions/00000000-0000-0000-0000-000000000000/resourceGroups/servicelinker-test-linux-group/providers/Microsoft.ServiceBus/namespaces/servicelinkertestservicebus",
        "type": "AzureResource"}, "authInfo": {"authType": "secret"}, "clientType":
        "dotnet"}}'
    headers:
      cache-control:
      - no-cache
      content-length:
      - '969'
      content-type:
      - application/json; charset=utf-8
      date:
      - Wed, 14 Dec 2022 03:40:13 GMT
      etag:
      - '"59007b54-0000-0100-0000-639945630000"'
      expires:
      - '-1'
      pragma:
      - no-cache
      strict-transport-security:
      - max-age=31536000; includeSubDomains
      transfer-encoding:
      - chunked
      vary:
      - Accept-Encoding
      x-content-type-options:
      - nosniff
      x-ms-providerhub-traffic:
      - 'True'
    status:
      code: 200
      message: OK
- request:
    body: null
    headers:
      Accept:
      - application/json
      Accept-Encoding:
      - gzip, deflate
      CommandName:
      - connection delete
      Connection:
      - keep-alive
      Content-Length:
      - '0'
      ParameterSetName:
      - --id --yes
      User-Agent:
      - AZURECLI/2.43.0 (PIP) azsdk-python-mgmt-servicelinker/1.2.0b1 Python/3.8.8
        (Windows-10-10.0.22621-SP0)
    method: DELETE
    uri: https://management.azure.com/subscriptions/00000000-0000-0000-0000-000000000000/resourcegroups/servicelinker-cli-test-group/providers/Microsoft.ServiceLinker/locations/eastus/connectors/testconn8?api-version=2022-11-01-preview
  response:
    body:
      string: ''
    headers:
      cache-control:
      - no-cache
      content-length:
      - '0'
      date:
      - Wed, 14 Dec 2022 03:40:18 GMT
      expires:
      - '-1'
      pragma:
      - no-cache
      strict-transport-security:
      - max-age=31536000; includeSubDomains
      x-content-type-options:
      - nosniff
      x-ms-providerhub-traffic:
      - 'True'
      x-ms-ratelimit-remaining-subscription-deletes:
      - '14998'
    status:
      code: 200
      message: OK
version: 1
