interactions:
- request:
    body: '{"properties": {"targetId": "/subscriptions/00000000-0000-0000-0000-000000000000/resourceGroups/servicelinker-test-win-group/providers/Microsoft.DocumentDB/databaseAccounts/servicelinker-table-cosmos2/tables/MyItem",
      "authInfo": {"authType": "systemAssignedIdentity"}, "clientType": "python"}}'
    headers:
      Accept:
      - application/json
      Accept-Encoding:
      - gzip, deflate
      CommandName:
      - webapp connection create cosmos-table
      Connection:
      - keep-alive
      Content-Length:
      - '293'
      Content-Type:
      - application/json
      ParameterSetName:
      - --connection --source-id --target-id --system-identity --client-type
      User-Agent:
      - AZURECLI/2.29.1 azsdk-python-mgmt-servicelinker/1.0.0b1 Python/3.8.2 (Windows-10-10.0.19041-SP0)
    method: PUT
    uri: https://management.azure.com/subscriptions/00000000-0000-0000-0000-000000000000/resourceGroups/servicelinker-test-win-group/providers/Microsoft.Web/sites/servicelinker-table-cosmos-asp-app2/providers/Microsoft.ServiceLinker/linkers/testconn?api-version=2021-11-01-preview
  response:
    body:
      string: '{"id": "/subscriptions/00000000-0000-0000-0000-000000000000/resourceGroups/servicelinker-test-win-group/providers/Microsoft.Web/sites/servicelinker-table-cosmos-asp-app2/providers/Microsoft.ServiceLinker/linkers/testconn",
        "name": "testconn", "type": "microsoft.servicelinker/linkers", "systemData":
        {"createdBy": "honc@microsoft.com", "createdByType": "User", "createdAt":
        "2021-10-28T07:24:34.0592646Z", "lastModifiedBy": "honc@microsoft.com", "lastModifiedByType":
        "User", "lastModifiedAt": "2021-10-28T07:24:34.0592646Z"}, "properties": {"targetId":
        "/subscriptions/00000000-0000-0000-0000-000000000000/resourceGroups/servicelinker-test-win-group/providers/Microsoft.DocumentDB/databaseAccounts/servicelinker-table-cosmos2/tables/MyItem",
        "authInfo": {"authType": "systemAssignedIdentity"}, "clientType": "python",
        "provisioningState": "Accepted"}}'
    headers:
      azure-asyncoperation:
      - https://management.azure.com/subscriptions/00000000-0000-0000-0000-000000000000/providers/Microsoft.ServiceLinker/locations/EASTUS/operationStatuses/81c030d5-3932-4f03-978b-2af98bc5985c*89A56AA1FCBE084D198698DFC766FE7EA74FA1B99196A3461837FFA9533AD18A?api-version=2021-11-01-preview
      cache-control:
      - no-cache
      content-length:
      - '824'
      content-type:
      - application/json; charset=utf-8
      date:
      - Thu, 28 Oct 2021 07:24:34 GMT
      etag:
      - '"36067e66-0000-0500-0000-617a50330000"'
      expires:
      - '-1'
      pragma:
      - no-cache
      strict-transport-security:
      - max-age=31536000; includeSubDomains
      x-content-type-options:
      - nosniff
      x-ms-providerhub-traffic:
      - 'True'
      x-ms-ratelimit-remaining-subscription-writes:
      - '1198'
    status:
      code: 201
      message: Created
- request:
    body: null
    headers:
      Accept:
      - '*/*'
      Accept-Encoding:
      - gzip, deflate
      CommandName:
      - webapp connection create cosmos-table
      Connection:
      - keep-alive
      ParameterSetName:
      - --connection --source-id --target-id --system-identity --client-type
      User-Agent:
      - AZURECLI/2.29.1 azsdk-python-mgmt-servicelinker/1.0.0b1 Python/3.8.2 (Windows-10-10.0.19041-SP0)
    method: GET
    uri: https://management.azure.com/subscriptions/00000000-0000-0000-0000-000000000000/providers/Microsoft.ServiceLinker/locations/EASTUS/operationStatuses/81c030d5-3932-4f03-978b-2af98bc5985c*89A56AA1FCBE084D198698DFC766FE7EA74FA1B99196A3461837FFA9533AD18A?api-version=2021-11-01-preview
  response:
    body:
      string: '{"id": "/subscriptions/00000000-0000-0000-0000-000000000000/providers/Microsoft.ServiceLinker/locations/EASTUS/operationStatuses/81c030d5-3932-4f03-978b-2af98bc5985c*89A56AA1FCBE084D198698DFC766FE7EA74FA1B99196A3461837FFA9533AD18A",
        "name": "81c030d5-3932-4f03-978b-2af98bc5985c*89A56AA1FCBE084D198698DFC766FE7EA74FA1B99196A3461837FFA9533AD18A",
        "resourceId": "/subscriptions/00000000-0000-0000-0000-000000000000/resourceGroups/servicelinker-test-win-group/providers/Microsoft.Web/sites/servicelinker-table-cosmos-asp-app2/providers/Microsoft.ServiceLinker/linkers/testconn",
        "status": "Accepted", "startTime": "2021-10-28T07:24:34.3114636Z"}'
    headers:
      cache-control:
      - no-cache
      content-length:
      - '633'
      content-type:
      - application/json; charset=utf-8
      date:
      - Thu, 28 Oct 2021 07:25:05 GMT
      etag:
      - '"0500e006-0000-0500-0000-617a50320000"'
      expires:
      - '-1'
      pragma:
      - no-cache
      strict-transport-security:
      - max-age=31536000; includeSubDomains
      transfer-encoding:
      - chunked
      vary:
      - Accept-Encoding
      x-content-type-options:
      - nosniff
    status:
      code: 200
      message: OK
- request:
    body: null
    headers:
      Accept:
      - '*/*'
      Accept-Encoding:
      - gzip, deflate
      CommandName:
      - webapp connection create cosmos-table
      Connection:
      - keep-alive
      ParameterSetName:
      - --connection --source-id --target-id --system-identity --client-type
      User-Agent:
      - AZURECLI/2.29.1 azsdk-python-mgmt-servicelinker/1.0.0b1 Python/3.8.2 (Windows-10-10.0.19041-SP0)
    method: GET
    uri: https://management.azure.com/subscriptions/00000000-0000-0000-0000-000000000000/providers/Microsoft.ServiceLinker/locations/EASTUS/operationStatuses/81c030d5-3932-4f03-978b-2af98bc5985c*89A56AA1FCBE084D198698DFC766FE7EA74FA1B99196A3461837FFA9533AD18A?api-version=2021-11-01-preview
  response:
    body:
      string: '{"id": "/subscriptions/00000000-0000-0000-0000-000000000000/providers/Microsoft.ServiceLinker/locations/EASTUS/operationStatuses/81c030d5-3932-4f03-978b-2af98bc5985c*89A56AA1FCBE084D198698DFC766FE7EA74FA1B99196A3461837FFA9533AD18A",
        "name": "81c030d5-3932-4f03-978b-2af98bc5985c*89A56AA1FCBE084D198698DFC766FE7EA74FA1B99196A3461837FFA9533AD18A",
        "resourceId": "/subscriptions/00000000-0000-0000-0000-000000000000/resourceGroups/servicelinker-test-win-group/providers/Microsoft.Web/sites/servicelinker-table-cosmos-asp-app2/providers/Microsoft.ServiceLinker/linkers/testconn",
        "status": "Accepted", "startTime": "2021-10-28T07:24:34.3114636Z"}'
    headers:
      cache-control:
      - no-cache
      content-length:
      - '633'
      content-type:
      - application/json; charset=utf-8
      date:
      - Thu, 28 Oct 2021 07:25:35 GMT
      etag:
      - '"0500e006-0000-0500-0000-617a50320000"'
      expires:
      - '-1'
      pragma:
      - no-cache
      strict-transport-security:
      - max-age=31536000; includeSubDomains
      transfer-encoding:
      - chunked
      vary:
      - Accept-Encoding
      x-content-type-options:
      - nosniff
    status:
      code: 200
      message: OK
- request:
    body: null
    headers:
      Accept:
      - '*/*'
      Accept-Encoding:
      - gzip, deflate
      CommandName:
      - webapp connection create cosmos-table
      Connection:
      - keep-alive
      ParameterSetName:
      - --connection --source-id --target-id --system-identity --client-type
      User-Agent:
      - AZURECLI/2.29.1 azsdk-python-mgmt-servicelinker/1.0.0b1 Python/3.8.2 (Windows-10-10.0.19041-SP0)
    method: GET
    uri: https://management.azure.com/subscriptions/00000000-0000-0000-0000-000000000000/providers/Microsoft.ServiceLinker/locations/EASTUS/operationStatuses/81c030d5-3932-4f03-978b-2af98bc5985c*89A56AA1FCBE084D198698DFC766FE7EA74FA1B99196A3461837FFA9533AD18A?api-version=2021-11-01-preview
  response:
    body:
      string: '{"id": "/subscriptions/00000000-0000-0000-0000-000000000000/providers/Microsoft.ServiceLinker/locations/EASTUS/operationStatuses/81c030d5-3932-4f03-978b-2af98bc5985c*89A56AA1FCBE084D198698DFC766FE7EA74FA1B99196A3461837FFA9533AD18A",
        "name": "81c030d5-3932-4f03-978b-2af98bc5985c*89A56AA1FCBE084D198698DFC766FE7EA74FA1B99196A3461837FFA9533AD18A",
        "resourceId": "/subscriptions/00000000-0000-0000-0000-000000000000/resourceGroups/servicelinker-test-win-group/providers/Microsoft.Web/sites/servicelinker-table-cosmos-asp-app2/providers/Microsoft.ServiceLinker/linkers/testconn",
        "status": "Succeeded", "startTime": "2021-10-28T07:24:34.3114636Z", "endTime":
        "2021-10-28T07:25:42.7461704Z", "properties": {}}'
    headers:
      cache-control:
      - no-cache
      content-length:
      - '691'
      content-type:
      - application/json; charset=utf-8
      date:
      - Thu, 28 Oct 2021 07:26:05 GMT
      etag:
      - '"05001c07-0000-0500-0000-617a50760000"'
      expires:
      - '-1'
      pragma:
      - no-cache
      strict-transport-security:
      - max-age=31536000; includeSubDomains
      transfer-encoding:
      - chunked
      vary:
      - Accept-Encoding
      x-content-type-options:
      - nosniff
    status:
      code: 200
      message: OK
- request:
    body: null
    headers:
      Accept:
      - '*/*'
      Accept-Encoding:
      - gzip, deflate
      CommandName:
      - webapp connection create cosmos-table
      Connection:
      - keep-alive
      ParameterSetName:
      - --connection --source-id --target-id --system-identity --client-type
      User-Agent:
      - AZURECLI/2.29.1 azsdk-python-mgmt-servicelinker/1.0.0b1 Python/3.8.2 (Windows-10-10.0.19041-SP0)
    method: GET
    uri: https://management.azure.com/subscriptions/00000000-0000-0000-0000-000000000000/resourceGroups/servicelinker-test-win-group/providers/Microsoft.Web/sites/servicelinker-table-cosmos-asp-app2/providers/Microsoft.ServiceLinker/linkers/testconn?api-version=2021-11-01-preview
  response:
    body:
      string: '{"id": "/subscriptions/00000000-0000-0000-0000-000000000000/resourceGroups/servicelinker-test-win-group/providers/Microsoft.Web/sites/servicelinker-table-cosmos-asp-app2/providers/Microsoft.ServiceLinker/linkers/testconn",
        "name": "testconn", "type": "microsoft.servicelinker/linkers", "systemData":
        {"createdBy": "honc@microsoft.com", "createdByType": "User", "createdAt":
        "2021-10-28T07:24:34.0592646Z", "lastModifiedBy": "c4288165-6698-45ba-98a5-48ea7791fed3",
        "lastModifiedByType": "Application", "lastModifiedAt": "2021-10-28T07:25:42.3591558Z"},
        "properties": {"targetId": "/subscriptions/00000000-0000-0000-0000-000000000000/resourceGroups/servicelinker-test-win-group/providers/Microsoft.DocumentDB/databaseAccounts/servicelinker-table-cosmos2/tables/MyItem",
        "authInfo": {"authType": "systemAssignedIdentity"}, "clientType": "python",
        "provisioningState": "Succeeded"}}'
    headers:
      cache-control:
      - no-cache
      content-length:
      - '850'
      content-type:
      - application/json; charset=utf-8
      date:
      - Thu, 28 Oct 2021 07:26:06 GMT
      etag:
      - '"3606957b-0000-0500-0000-617a50760000"'
      expires:
      - '-1'
      pragma:
      - no-cache
      strict-transport-security:
      - max-age=31536000; includeSubDomains
      transfer-encoding:
      - chunked
      vary:
      - Accept-Encoding
      x-content-type-options:
      - nosniff
      x-ms-providerhub-traffic:
      - 'True'
    status:
      code: 200
      message: OK
- request:
    body: null
    headers:
      Accept:
      - application/json
      Accept-Encoding:
      - gzip, deflate
      CommandName:
      - webapp connection list
      Connection:
      - keep-alive
      ParameterSetName:
      - --source-id
      User-Agent:
      - AZURECLI/2.29.1 azsdk-python-mgmt-servicelinker/1.0.0b1 Python/3.8.2 (Windows-10-10.0.19041-SP0)
    method: GET
    uri: https://management.azure.com/subscriptions/00000000-0000-0000-0000-000000000000/resourceGroups/servicelinker-test-win-group/providers/Microsoft.Web/sites/servicelinker-table-cosmos-asp-app2/providers/Microsoft.ServiceLinker/linkers?api-version=2021-11-01-preview
  response:
    body:
      string: '{"value": [{"id": "/subscriptions/00000000-0000-0000-0000-000000000000/resourceGroups/servicelinker-test-win-group/providers/Microsoft.Web/sites/servicelinker-table-cosmos-asp-app2/providers/Microsoft.ServiceLinker/linkers/testconn",
        "name": "testconn", "type": "microsoft.servicelinker/linkers", "systemData":
        {"createdBy": "honc@microsoft.com", "createdByType": "User", "createdAt":
        "2021-10-28T07:24:34.0592646Z", "lastModifiedBy": "c4288165-6698-45ba-98a5-48ea7791fed3",
        "lastModifiedByType": "Application", "lastModifiedAt": "2021-10-28T07:25:42.3591558Z"},
        "properties": {"targetId": "/subscriptions/00000000-0000-0000-0000-000000000000/resourceGroups/servicelinker-test-win-group/providers/Microsoft.DocumentDB/databaseAccounts/servicelinker-table-cosmos2/tables/MyItem",
        "authInfo": {"authType": "systemAssignedIdentity"}, "clientType": "python",
        "provisioningState": "Succeeded"}}]}'
    headers:
      cache-control:
      - no-cache
      content-length:
      - '862'
      content-type:
      - application/json; charset=utf-8
      date:
      - Thu, 28 Oct 2021 07:26:13 GMT
      expires:
      - '-1'
      pragma:
      - no-cache
      strict-transport-security:
      - max-age=31536000; includeSubDomains
      transfer-encoding:
      - chunked
      vary:
      - Accept-Encoding
      x-content-type-options:
      - nosniff
      x-ms-providerhub-traffic:
      - 'True'
    status:
      code: 200
      message: OK
- request:
    body: null
    headers:
      Accept:
      - application/json
      Accept-Encoding:
      - gzip, deflate
      CommandName:
      - webapp connection list-configuration
      Connection:
      - keep-alive
      Content-Length:
      - '0'
      ParameterSetName:
      - --id
      User-Agent:
      - AZURECLI/2.29.1 azsdk-python-mgmt-servicelinker/1.0.0b1 Python/3.8.2 (Windows-10-10.0.19041-SP0)
    method: POST
    uri: https://management.azure.com/subscriptions/00000000-0000-0000-0000-000000000000/resourceGroups/servicelinker-test-win-group/providers/Microsoft.Web/sites/servicelinker-table-cosmos-asp-app2/providers/Microsoft.ServiceLinker/linkers/testconn/listConfigurations?api-version=2021-11-01-preview
  response:
    body:
      string: '{"configurations": [{"name": "AZURE_COSMOS_LISTCONNECTIONSTRINGURL",
        "value": "https://management.azure.com/subscriptions/00000000-0000-0000-0000-000000000000/resourceGroups/servicelinker-test-win-group/providers/Microsoft.DocumentDB/databaseAccounts/servicelinker-table-cosmos2/listConnectionStrings?api-version=2021-04-15"},
        {"name": "AZURE_COSMOS_RESOURCEENDPOINT", "value": "https://servicelinker-table-cosmos2.documents.azure.com:443/"},
        {"name": "AZURE_COSMOS_SCOPE", "value": "https://management.azure.com/.default"}]}'
    headers:
      cache-control:
      - no-cache
      content-length:
      - '513'
      content-type:
      - application/json; charset=utf-8
      date:
      - Thu, 28 Oct 2021 07:26:18 GMT
      expires:
      - '-1'
      pragma:
      - no-cache
      strict-transport-security:
      - max-age=31536000; includeSubDomains
      transfer-encoding:
      - chunked
      vary:
      - Accept-Encoding,Accept-Encoding
      x-content-type-options:
      - nosniff
      x-ms-providerhub-traffic:
      - 'True'
      x-ms-ratelimit-remaining-subscription-writes:
      - '1198'
    status:
      code: 200
      message: OK
- request:
    body: null
    headers:
      Accept:
      - application/json
      Accept-Encoding:
      - gzip, deflate
      CommandName:
      - webapp connection validate
      Connection:
      - keep-alive
      ParameterSetName:
      - --id
      User-Agent:
      - AZURECLI/2.29.1 azsdk-python-mgmt-servicelinker/1.0.0b1 Python/3.8.2 (Windows-10-10.0.19041-SP0)
    method: GET
    uri: https://management.azure.com/subscriptions/00000000-0000-0000-0000-000000000000/resourceGroups/servicelinker-test-win-group/providers/Microsoft.Web/sites/servicelinker-table-cosmos-asp-app2/providers/Microsoft.ServiceLinker/linkers/testconn?api-version=2021-11-01-preview
  response:
    body:
      string: '{"id": "/subscriptions/00000000-0000-0000-0000-000000000000/resourceGroups/servicelinker-test-win-group/providers/Microsoft.Web/sites/servicelinker-table-cosmos-asp-app2/providers/Microsoft.ServiceLinker/linkers/testconn",
        "name": "testconn", "type": "microsoft.servicelinker/linkers", "systemData":
        {"createdBy": "honc@microsoft.com", "createdByType": "User", "createdAt":
        "2021-10-28T07:24:34.0592646Z", "lastModifiedBy": "c4288165-6698-45ba-98a5-48ea7791fed3",
        "lastModifiedByType": "Application", "lastModifiedAt": "2021-10-28T07:25:42.3591558Z"},
        "properties": {"targetId": "/subscriptions/00000000-0000-0000-0000-000000000000/resourceGroups/servicelinker-test-win-group/providers/Microsoft.DocumentDB/databaseAccounts/servicelinker-table-cosmos2/tables/MyItem",
        "authInfo": {"authType": "systemAssignedIdentity"}, "clientType": "python",
        "provisioningState": "Succeeded"}}'
    headers:
      cache-control:
      - no-cache
      content-length:
      - '850'
      content-type:
      - application/json; charset=utf-8
      date:
      - Thu, 28 Oct 2021 07:26:20 GMT
      etag:
      - '"3606957b-0000-0500-0000-617a50760000"'
      expires:
      - '-1'
      pragma:
      - no-cache
      strict-transport-security:
      - max-age=31536000; includeSubDomains
      transfer-encoding:
      - chunked
      vary:
      - Accept-Encoding
      x-content-type-options:
      - nosniff
      x-ms-providerhub-traffic:
      - 'True'
    status:
      code: 200
      message: OK
- request:
    body: null
    headers:
      Accept:
      - application/json
      Accept-Encoding:
      - gzip, deflate
      CommandName:
      - webapp connection validate
      Connection:
      - keep-alive
      Content-Length:
      - '0'
      ParameterSetName:
      - --id
      User-Agent:
      - AZURECLI/2.29.1 azsdk-python-mgmt-servicelinker/1.0.0b1 Python/3.8.2 (Windows-10-10.0.19041-SP0)
    method: POST
    uri: https://management.azure.com/subscriptions/00000000-0000-0000-0000-000000000000/resourceGroups/servicelinker-test-win-group/providers/Microsoft.Web/sites/servicelinker-table-cosmos-asp-app2/providers/Microsoft.ServiceLinker/linkers/testconn/validateLinker?api-version=2021-11-01-preview
  response:
    body:
      string: 'null'
    headers:
      azure-asyncoperation:
      - https://management.azure.com/subscriptions/00000000-0000-0000-0000-000000000000/providers/Microsoft.ServiceLinker/locations/EASTUS/operationStatuses/52f469d8-30ab-45d4-8431-9b1fa781c7b5*89A56AA1FCBE084D198698DFC766FE7EA74FA1B99196A3461837FFA9533AD18A?api-version=2021-11-01-preview
      cache-control:
      - no-cache
      content-length:
      - '4'
      content-type:
      - application/json; charset=utf-8
      date:
      - Thu, 28 Oct 2021 07:26:21 GMT
      expires:
      - '-1'
      location:
      - https://management.azure.com/subscriptions/00000000-0000-0000-0000-000000000000/providers/Microsoft.ServiceLinker/locations/EASTUS/operationStatuses/52f469d8-30ab-45d4-8431-9b1fa781c7b5*89A56AA1FCBE084D198698DFC766FE7EA74FA1B99196A3461837FFA9533AD18A?api-version=2021-11-01-preview
      pragma:
      - no-cache
      strict-transport-security:
      - max-age=31536000; includeSubDomains
      x-content-type-options:
      - nosniff
      x-ms-providerhub-traffic:
      - 'True'
      x-ms-ratelimit-remaining-subscription-writes:
      - '1199'
    status:
      code: 202
      message: Accepted
- request:
    body: null
    headers:
      Accept:
      - '*/*'
      Accept-Encoding:
      - gzip, deflate
      CommandName:
      - webapp connection validate
      Connection:
      - keep-alive
      ParameterSetName:
      - --id
      User-Agent:
      - AZURECLI/2.29.1 azsdk-python-mgmt-servicelinker/1.0.0b1 Python/3.8.2 (Windows-10-10.0.19041-SP0)
    method: GET
    uri: https://management.azure.com/subscriptions/00000000-0000-0000-0000-000000000000/providers/Microsoft.ServiceLinker/locations/EASTUS/operationStatuses/52f469d8-30ab-45d4-8431-9b1fa781c7b5*89A56AA1FCBE084D198698DFC766FE7EA74FA1B99196A3461837FFA9533AD18A?api-version=2021-11-01-preview
  response:
    body:
      string: '{"id": "/subscriptions/00000000-0000-0000-0000-000000000000/providers/Microsoft.ServiceLinker/locations/EASTUS/operationStatuses/52f469d8-30ab-45d4-8431-9b1fa781c7b5*89A56AA1FCBE084D198698DFC766FE7EA74FA1B99196A3461837FFA9533AD18A",
        "name": "52f469d8-30ab-45d4-8431-9b1fa781c7b5*89A56AA1FCBE084D198698DFC766FE7EA74FA1B99196A3461837FFA9533AD18A",
        "resourceId": "/subscriptions/00000000-0000-0000-0000-000000000000/resourceGroups/servicelinker-test-win-group/providers/Microsoft.Web/sites/servicelinker-table-cosmos-asp-app2/providers/Microsoft.ServiceLinker/linkers/testconn",
        "status": "Succeeded", "startTime": "2021-10-28T07:26:20.8935693Z", "endTime":
        "2021-10-28T07:26:25.3235427Z", "properties": {"message": "{\"ConnectionName\":\"testconn\",\"IsConnectionAvailable\":true,\"ValidationDetail\":[{\"Name\":\"The
        target existence is validated\",\"Description\":null,\"Result\":0},{\"Name\":\"The
        target service firewall is validated\",\"Description\":null,\"Result\":0},{\"Name\":\"The
        configured values is validated\",\"Description\":null,\"Result\":0},{\"Name\":\"The
        identity existence is validated\",\"Description\":null,\"Result\":0},{\"Name\":\"The
        identity permission is validated\",\"Description\":null,\"Result\":0}],\"ReportStartTimeUtc\":\"2021-10-28T07:26:22.6603463Z\",\"ReportEndTimeUtc\":\"2021-10-28T07:26:25.1879491Z\",\"SourceId\":null,\"TargetId\":\"/subscriptions/00000000-0000-0000-0000-000000000000/resourceGroups/servicelinker-test-win-group/providers/Microsoft.DocumentDB/databaseAccounts/servicelinker-table-cosmos2/tables/MyItem\",\"AuthType\":0}"}}'
    headers:
      cache-control:
      - no-cache
      content-length:
      - '1564'
      content-type:
      - application/json; charset=utf-8
      date:
      - Thu, 28 Oct 2021 07:26:51 GMT
      etag:
      - '"05002207-0000-0500-0000-617a50a10000"'
      expires:
      - '-1'
      pragma:
      - no-cache
      strict-transport-security:
      - max-age=31536000; includeSubDomains
      transfer-encoding:
      - chunked
      vary:
      - Accept-Encoding
      x-content-type-options:
      - nosniff
    status:
      code: 200
      message: OK
- request:
    body: null
    headers:
      Accept:
      - application/json
      Accept-Encoding:
      - gzip, deflate
      CommandName:
      - webapp connection show
      Connection:
      - keep-alive
      ParameterSetName:
      - --id
      User-Agent:
      - AZURECLI/2.29.1 azsdk-python-mgmt-servicelinker/1.0.0b1 Python/3.8.2 (Windows-10-10.0.19041-SP0)
    method: GET
    uri: https://management.azure.com/subscriptions/00000000-0000-0000-0000-000000000000/resourceGroups/servicelinker-test-win-group/providers/Microsoft.Web/sites/servicelinker-table-cosmos-asp-app2/providers/Microsoft.ServiceLinker/linkers/testconn?api-version=2021-11-01-preview
  response:
    body:
      string: '{"id": "/subscriptions/00000000-0000-0000-0000-000000000000/resourceGroups/servicelinker-test-win-group/providers/Microsoft.Web/sites/servicelinker-table-cosmos-asp-app2/providers/Microsoft.ServiceLinker/linkers/testconn",
        "name": "testconn", "type": "microsoft.servicelinker/linkers", "systemData":
        {"createdBy": "honc@microsoft.com", "createdByType": "User", "createdAt":
        "2021-10-28T07:24:34.0592646Z", "lastModifiedBy": "c4288165-6698-45ba-98a5-48ea7791fed3",
        "lastModifiedByType": "Application", "lastModifiedAt": "2021-10-28T07:25:42.3591558Z"},
        "properties": {"targetId": "/subscriptions/00000000-0000-0000-0000-000000000000/resourceGroups/servicelinker-test-win-group/providers/Microsoft.DocumentDB/databaseAccounts/servicelinker-table-cosmos2/tables/MyItem",
        "authInfo": {"authType": "systemAssignedIdentity"}, "clientType": "python",
        "provisioningState": "Succeeded"}}'
    headers:
      cache-control:
      - no-cache
      content-length:
      - '850'
      content-type:
      - application/json; charset=utf-8
      date:
      - Thu, 28 Oct 2021 07:26:54 GMT
      etag:
      - '"3606957b-0000-0500-0000-617a50760000"'
      expires:
      - '-1'
      pragma:
      - no-cache
      strict-transport-security:
      - max-age=31536000; includeSubDomains
      transfer-encoding:
      - chunked
      vary:
      - Accept-Encoding
      x-content-type-options:
      - nosniff
      x-ms-providerhub-traffic:
      - 'True'
    status:
      code: 200
      message: OK
- request:
    body: null
    headers:
      Accept:
      - application/json
      Accept-Encoding:
      - gzip, deflate
      CommandName:
      - webapp connection delete
      Connection:
      - keep-alive
      Content-Length:
      - '0'
      ParameterSetName:
      - --id --yes
      User-Agent:
      - AZURECLI/2.29.1 azsdk-python-mgmt-servicelinker/1.0.0b1 Python/3.8.2 (Windows-10-10.0.19041-SP0)
    method: DELETE
    uri: https://management.azure.com/subscriptions/00000000-0000-0000-0000-000000000000/resourceGroups/servicelinker-test-win-group/providers/Microsoft.Web/sites/servicelinker-table-cosmos-asp-app2/providers/Microsoft.ServiceLinker/linkers/testconn?api-version=2021-11-01-preview
  response:
    body:
      string: 'null'
    headers:
      azure-asyncoperation:
      - https://management.azure.com/subscriptions/00000000-0000-0000-0000-000000000000/providers/Microsoft.ServiceLinker/locations/EASTUS/operationStatuses/5333f70f-b646-4686-8b39-f28dc9ccf4cf*89A56AA1FCBE084D198698DFC766FE7EA74FA1B99196A3461837FFA9533AD18A?api-version=2021-11-01-preview
      cache-control:
      - no-cache
      content-length:
      - '4'
      content-type:
      - application/json; charset=utf-8
      date:
      - Thu, 28 Oct 2021 07:27:01 GMT
      etag:
      - '"36062795-0000-0500-0000-617a50c50000"'
      expires:
      - '-1'
      location:
      - https://management.azure.com/subscriptions/00000000-0000-0000-0000-000000000000/providers/Microsoft.ServiceLinker/locations/EASTUS/operationStatuses/5333f70f-b646-4686-8b39-f28dc9ccf4cf*89A56AA1FCBE084D198698DFC766FE7EA74FA1B99196A3461837FFA9533AD18A?api-version=2021-11-01-preview
      pragma:
      - no-cache
      strict-transport-security:
      - max-age=31536000; includeSubDomains
      x-content-type-options:
      - nosniff
      x-ms-providerhub-traffic:
      - 'True'
      x-ms-ratelimit-remaining-subscription-deletes:
      - '14998'
    status:
      code: 202
      message: Accepted
- request:
    body: null
    headers:
      Accept:
      - '*/*'
      Accept-Encoding:
      - gzip, deflate
      CommandName:
      - webapp connection delete
      Connection:
      - keep-alive
      ParameterSetName:
      - --id --yes
      User-Agent:
      - AZURECLI/2.29.1 azsdk-python-mgmt-servicelinker/1.0.0b1 Python/3.8.2 (Windows-10-10.0.19041-SP0)
    method: GET
    uri: https://management.azure.com/subscriptions/00000000-0000-0000-0000-000000000000/providers/Microsoft.ServiceLinker/locations/EASTUS/operationStatuses/5333f70f-b646-4686-8b39-f28dc9ccf4cf*89A56AA1FCBE084D198698DFC766FE7EA74FA1B99196A3461837FFA9533AD18A?api-version=2021-11-01-preview
  response:
    body:
      string: '{"id": "/subscriptions/00000000-0000-0000-0000-000000000000/providers/Microsoft.ServiceLinker/locations/EASTUS/operationStatuses/5333f70f-b646-4686-8b39-f28dc9ccf4cf*89A56AA1FCBE084D198698DFC766FE7EA74FA1B99196A3461837FFA9533AD18A",
        "name": "5333f70f-b646-4686-8b39-f28dc9ccf4cf*89A56AA1FCBE084D198698DFC766FE7EA74FA1B99196A3461837FFA9533AD18A",
        "resourceId": "/subscriptions/00000000-0000-0000-0000-000000000000/resourceGroups/servicelinker-test-win-group/providers/Microsoft.Web/sites/servicelinker-table-cosmos-asp-app2/providers/Microsoft.ServiceLinker/linkers/testconn",
        "status": "Succeeded", "startTime": "2021-10-28T07:27:01.222217Z", "endTime":
        "2021-10-28T07:27:04.7062904Z", "properties": null}'
    headers:
      cache-control:
      - no-cache
      content-length:
      - '692'
      content-type:
      - application/json; charset=utf-8
      date:
      - Thu, 28 Oct 2021 07:27:31 GMT
      etag:
      - '"05002c07-0000-0500-0000-617a50c80000"'
      expires:
      - '-1'
      pragma:
      - no-cache
      strict-transport-security:
      - max-age=31536000; includeSubDomains
      transfer-encoding:
      - chunked
      vary:
      - Accept-Encoding
      x-content-type-options:
      - nosniff
    status:
      code: 200
      message: OK
version: 1
