interactions:
- request:
    body: null
    headers:
      Accept:
      - application/json
      Accept-Encoding:
      - gzip, deflate
      Connection:
      - keep-alive
      Content-Type:
      - application/json; charset=utf-8
      User-Agent:
      - python/3.8.8 (Windows-10-10.0.22621-SP0) msrest/0.7.1 msrest_azure/0.6.4 azure-keyvault/7.0
        Azure-SDK-For-Python
      accept-language:
      - en-US
    method: GET
    uri: https://cupertino-kv-test.vault.azure.net/secrets/TestDbPassword/?api-version=7.0
  response:
    body:
      string: '{"value": "microsoft123!", "id": "https://cupertino-kv-test.vault.azure.net/secrets/TestDbPassword/e6c944984acc4f7dab51acf30b3d19cc",
        "attributes": {"enabled": true, "created": 1607518360, "updated": 1607518360,
        "recoveryLevel": "Recoverable+Purgeable"}}'
    headers:
      cache-control:
      - no-cache
      content-length:
      - '254'
      content-type:
      - application/json; charset=utf-8
      date:
      - Wed, 14 Dec 2022 03:21:14 GMT
      expires:
      - '-1'
      pragma:
      - no-cache
      strict-transport-security:
      - max-age=31536000;includeSubDomains
      x-content-type-options:
      - nosniff
      x-ms-keyvault-network-info:
      - conn_type=Ipv4;addr=167.220.255.60;act_addr_fam=InterNetwork;
      x-ms-keyvault-region:
      - eastus
      x-ms-keyvault-service-version:
      - 1.9.640.1
    status:
      code: 200
      message: OK
- request:
    body: null
    headers:
      Accept:
      - application/json
      Accept-Encoding:
      - gzip, deflate
      CommandName:
      - connection create mysql-flexible
      Connection:
      - keep-alive
      ParameterSetName:
      - -g --connection --target-id --secret --client-type
      User-Agent:
      - AZURECLI/2.43.0 (PIP) azsdk-python-azure-mgmt-resource/21.1.0b1 Python/3.8.8
        (Windows-10-10.0.22621-SP0)
    method: GET
    uri: https://management.azure.com/subscriptions/00000000-0000-0000-0000-000000000000/resourcegroups/servicelinker-cli-test-group?api-version=2021-04-01
  response:
    body:
      string: '{"id": "/subscriptions/00000000-0000-0000-0000-000000000000/resourceGroups/servicelinker-cli-test-group",
        "name": "servicelinker-cli-test-group", "type": "Microsoft.Resources/resourceGroups",
        "location": "eastus", "tags": {}, "properties": {"provisioningState": "Succeeded"}}'
    headers:
      cache-control:
      - no-cache
      connection:
      - close
      content-length:
      - '275'
      content-type:
      - application/json; charset=utf-8
      date:
      - Wed, 14 Dec 2022 03:21:14 GMT
      expires:
      - '-1'
      pragma:
      - no-cache
      strict-transport-security:
      - max-age=31536000; includeSubDomains
      vary:
      - Accept-Encoding
      x-content-type-options:
      - nosniff
    status:
      code: 200
      message: OK
- request:
    body: '{"properties": {"targetService": {"type": "AzureResource", "id": "/subscriptions/00000000-0000-0000-0000-000000000000/resourceGroups/servicelinker-test-linux-group/providers/Microsoft.DBforMySQL/flexibleServers/servicelinker-flexible-mysql/databases/mysqlDB"},
      "authInfo": {"authType": "secret", "name": "servicelinker", "secretInfo": {"secretType":
      "rawValue", "value": "microsoft123!"}}, "clientType": "python", "publicNetworkSolution":
      {"firewallRules": {"callerClientIP": "true"}}}}'
    headers:
      Accept:
      - application/json
      Accept-Encoding:
      - gzip, deflate
      CommandName:
      - connection create mysql-flexible
      Connection:
      - keep-alive
      Content-Length:
      - '486'
      Content-Type:
      - application/json
      ParameterSetName:
      - -g --connection --target-id --secret --client-type
      User-Agent:
      - AZURECLI/2.43.0 (PIP) azsdk-python-mgmt-servicelinker/1.2.0b1 Python/3.8.8
        (Windows-10-10.0.22621-SP0)
      x-ms-serviceconnector-user-token:
      - hidden
    method: PUT
    uri: https://management.azure.com/subscriptions/00000000-0000-0000-0000-000000000000/resourcegroups/servicelinker-cli-test-group/providers/Microsoft.ServiceLinker/locations/eastus/connectors/testconn16?api-version=2022-11-01-preview
  response:
    body:
      string: '{"id": "/subscriptions/00000000-0000-0000-0000-000000000000/resourceGroups/servicelinker-cli-test-group/providers/Microsoft.ServiceLinker/locations/eastus/connectors/testconn16",
        "name": "testconn16", "type": "microsoft.servicelinker/locations/connectors",
        "systemData": {"createdBy": "xiaofanzhou@microsoft.com", "createdByType":
        "User", "createdAt": "2022-12-14T03:21:16.3741162Z", "lastModifiedBy": "xiaofanzhou@microsoft.com",
        "lastModifiedByType": "User", "lastModifiedAt": "2022-12-14T03:21:16.3741162Z"},
        "properties": {"publicNetworkSolution": {"firewallRules": {"ipRanges": null,
        "callerClientIP": "true"}, "deleteOrUpdateBehavior": "Default", "action":
        "enable"}, "configurationInfo": null, "provisioningState": "Accepted", "targetService":
        {"id": "/subscriptions/00000000-0000-0000-0000-000000000000/resourceGroups/servicelinker-test-linux-group/providers/Microsoft.DBforMySQL/flexibleServers/servicelinker-flexible-mysql/databases/mysqlDB",
        "resourceProperties": null, "type": "AzureResource"}, "authInfo": {"name":
        "servicelinker", "secretInfo": {"secretType": "rawValue"}, "authType": "secret"},
        "clientType": "python", "scope": null, "vNetSolution": null, "secretStore":
        null}}'
    headers:
      azure-asyncoperation:
      - https://management.azure.com/subscriptions/00000000-0000-0000-0000-000000000000/providers/Microsoft.ServiceLinker/locations/EASTUS/operationStatuses/f23bc658-af21-4fd6-8d5a-f8deb927b55a*55C5B2A1FEE871FD1D15F20C84416810C660EEC5675338411FBC8948FD181BF5?api-version=2021-01-01-privatepreview
      cache-control:
      - no-cache
      content-length:
      - '1192'
      content-type:
      - application/json; charset=utf-8
      date:
      - Wed, 14 Dec 2022 03:21:16 GMT
      etag:
      - '"59008a0f-0000-0100-0000-6399412d0000"'
      expires:
      - '-1'
      mise-correlation-id:
      - 2c564b3f-40ec-4e01-bdf7-49d6473cfa20
      pragma:
      - no-cache
      strict-transport-security:
      - max-age=31536000; includeSubDomains
      x-content-type-options:
      - nosniff
      x-ms-providerhub-traffic:
      - 'True'
      x-ms-ratelimit-remaining-subscription-writes:
      - '1199'
    status:
      code: 201
      message: Created
- request:
    body: null
    headers:
      Accept:
      - '*/*'
      Accept-Encoding:
      - gzip, deflate
      CommandName:
      - connection create mysql-flexible
      Connection:
      - keep-alive
      ParameterSetName:
      - -g --connection --target-id --secret --client-type
      User-Agent:
      - AZURECLI/2.43.0 (PIP) azsdk-python-mgmt-servicelinker/1.2.0b1 Python/3.8.8
        (Windows-10-10.0.22621-SP0)
      x-ms-serviceconnector-user-token:
      - hidden
    method: GET
    uri: https://management.azure.com/subscriptions/00000000-0000-0000-0000-000000000000/providers/Microsoft.ServiceLinker/locations/EASTUS/operationStatuses/f23bc658-af21-4fd6-8d5a-f8deb927b55a*55C5B2A1FEE871FD1D15F20C84416810C660EEC5675338411FBC8948FD181BF5?api-version=2021-01-01-privatepreview
  response:
    body:
      string: '{"id": "/subscriptions/00000000-0000-0000-0000-000000000000/providers/Microsoft.ServiceLinker/locations/EASTUS/operationStatuses/f23bc658-af21-4fd6-8d5a-f8deb927b55a*55C5B2A1FEE871FD1D15F20C84416810C660EEC5675338411FBC8948FD181BF5",
        "name": "f23bc658-af21-4fd6-8d5a-f8deb927b55a*55C5B2A1FEE871FD1D15F20C84416810C660EEC5675338411FBC8948FD181BF5",
        "resourceId": "/subscriptions/00000000-0000-0000-0000-000000000000/resourceGroups/servicelinker-cli-test-group/providers/Microsoft.ServiceLinker/locations/eastus/connectors/testconn16",
        "status": "Accepted", "startTime": "2022-12-14T03:21:17.3681125Z"}'
    headers:
      cache-control:
      - no-cache
      content-length:
      - '598'
      content-type:
      - application/json; charset=utf-8
      date:
      - Wed, 14 Dec 2022 03:21:47 GMT
      etag:
      - '"0f006265-0000-0100-0000-6399412d0000"'
      expires:
      - '-1'
      pragma:
      - no-cache
      strict-transport-security:
      - max-age=31536000; includeSubDomains
      transfer-encoding:
      - chunked
      vary:
      - Accept-Encoding
      x-content-type-options:
      - nosniff
    status:
      code: 200
      message: OK
- request:
    body: null
    headers:
      Accept:
      - '*/*'
      Accept-Encoding:
      - gzip, deflate
      CommandName:
      - connection create mysql-flexible
      Connection:
      - keep-alive
      ParameterSetName:
      - -g --connection --target-id --secret --client-type
      User-Agent:
      - AZURECLI/2.43.0 (PIP) azsdk-python-mgmt-servicelinker/1.2.0b1 Python/3.8.8
        (Windows-10-10.0.22621-SP0)
      x-ms-serviceconnector-user-token:
      - hidden
    method: GET
    uri: https://management.azure.com/subscriptions/00000000-0000-0000-0000-000000000000/providers/Microsoft.ServiceLinker/locations/EASTUS/operationStatuses/f23bc658-af21-4fd6-8d5a-f8deb927b55a*55C5B2A1FEE871FD1D15F20C84416810C660EEC5675338411FBC8948FD181BF5?api-version=2021-01-01-privatepreview
  response:
    body:
      string: '{"id": "/subscriptions/00000000-0000-0000-0000-000000000000/providers/Microsoft.ServiceLinker/locations/EASTUS/operationStatuses/f23bc658-af21-4fd6-8d5a-f8deb927b55a*55C5B2A1FEE871FD1D15F20C84416810C660EEC5675338411FBC8948FD181BF5",
        "name": "f23bc658-af21-4fd6-8d5a-f8deb927b55a*55C5B2A1FEE871FD1D15F20C84416810C660EEC5675338411FBC8948FD181BF5",
        "resourceId": "/subscriptions/00000000-0000-0000-0000-000000000000/resourceGroups/servicelinker-cli-test-group/providers/Microsoft.ServiceLinker/locations/eastus/connectors/testconn16",
        "status": "Accepted", "startTime": "2022-12-14T03:21:17.3681125Z"}'
    headers:
      cache-control:
      - no-cache
      content-length:
      - '598'
      content-type:
      - application/json; charset=utf-8
      date:
      - Wed, 14 Dec 2022 03:22:19 GMT
      etag:
      - '"0f006265-0000-0100-0000-6399412d0000"'
      expires:
      - '-1'
      pragma:
      - no-cache
      strict-transport-security:
      - max-age=31536000; includeSubDomains
      transfer-encoding:
      - chunked
      vary:
      - Accept-Encoding
      x-content-type-options:
      - nosniff
    status:
      code: 200
      message: OK
- request:
    body: null
    headers:
      Accept:
      - '*/*'
      Accept-Encoding:
      - gzip, deflate
      CommandName:
      - connection create mysql-flexible
      Connection:
      - keep-alive
      ParameterSetName:
      - -g --connection --target-id --secret --client-type
      User-Agent:
      - AZURECLI/2.43.0 (PIP) azsdk-python-mgmt-servicelinker/1.2.0b1 Python/3.8.8
        (Windows-10-10.0.22621-SP0)
      x-ms-serviceconnector-user-token:
      - hidden
    method: GET
    uri: https://management.azure.com/subscriptions/00000000-0000-0000-0000-000000000000/providers/Microsoft.ServiceLinker/locations/EASTUS/operationStatuses/f23bc658-af21-4fd6-8d5a-f8deb927b55a*55C5B2A1FEE871FD1D15F20C84416810C660EEC5675338411FBC8948FD181BF5?api-version=2021-01-01-privatepreview
  response:
    body:
      string: '{"id": "/subscriptions/00000000-0000-0000-0000-000000000000/providers/Microsoft.ServiceLinker/locations/EASTUS/operationStatuses/f23bc658-af21-4fd6-8d5a-f8deb927b55a*55C5B2A1FEE871FD1D15F20C84416810C660EEC5675338411FBC8948FD181BF5",
        "name": "f23bc658-af21-4fd6-8d5a-f8deb927b55a*55C5B2A1FEE871FD1D15F20C84416810C660EEC5675338411FBC8948FD181BF5",
        "resourceId": "/subscriptions/00000000-0000-0000-0000-000000000000/resourceGroups/servicelinker-cli-test-group/providers/Microsoft.ServiceLinker/locations/eastus/connectors/testconn16",
        "status": "Succeeded", "startTime": "2022-12-14T03:21:17.3681125Z", "endTime":
        "2022-12-14T03:22:22.9727333Z", "properties": {"Message": null}}'
    headers:
      cache-control:
      - no-cache
      content-length:
      - '675'
      content-type:
      - application/json; charset=utf-8
      date:
      - Wed, 14 Dec 2022 03:22:50 GMT
      etag:
      - '"0f00e265-0000-0100-0000-6399416e0000"'
      expires:
      - '-1'
      pragma:
      - no-cache
      strict-transport-security:
      - max-age=31536000; includeSubDomains
      transfer-encoding:
      - chunked
      vary:
      - Accept-Encoding
      x-content-type-options:
      - nosniff
    status:
      code: 200
      message: OK
- request:
    body: null
    headers:
      Accept:
      - '*/*'
      Accept-Encoding:
      - gzip, deflate
      CommandName:
      - connection create mysql-flexible
      Connection:
      - keep-alive
      ParameterSetName:
      - -g --connection --target-id --secret --client-type
      User-Agent:
      - AZURECLI/2.43.0 (PIP) azsdk-python-mgmt-servicelinker/1.2.0b1 Python/3.8.8
        (Windows-10-10.0.22621-SP0)
      x-ms-serviceconnector-user-token:
      - hidden
    method: GET
    uri: https://management.azure.com/subscriptions/00000000-0000-0000-0000-000000000000/resourcegroups/servicelinker-cli-test-group/providers/Microsoft.ServiceLinker/locations/eastus/connectors/testconn16?api-version=2022-11-01-preview
  response:
    body:
      string: '{"id": "/subscriptions/00000000-0000-0000-0000-000000000000/resourceGroups/servicelinker-cli-test-group/providers/Microsoft.ServiceLinker/locations/eastus/connectors/testconn16",
        "name": "testconn16", "type": "microsoft.servicelinker/locations/connectors",
        "systemData": {"createdBy": "xiaofanzhou@microsoft.com", "createdByType":
        "User", "createdAt": "2022-12-14T03:21:16.3741162Z", "lastModifiedBy": "xiaofanzhou@microsoft.com",
        "lastModifiedByType": "User", "lastModifiedAt": "2022-12-14T03:21:16.3741162Z"},
        "properties": {"publicNetworkSolution": {"firewallRules": {"callerClientIP":
        "true"}, "deleteOrUpdateBehavior": "Default", "action": "enable"}, "provisioningState":
        "Succeeded", "targetService": {"id": "/subscriptions/00000000-0000-0000-0000-000000000000/resourceGroups/servicelinker-test-linux-group/providers/Microsoft.DBforMySQL/flexibleServers/servicelinker-flexible-mysql/databases/mysqlDB",
        "type": "AzureResource"}, "authInfo": {"name": "servicelinker", "secretInfo":
        {"secretType": "rawValue"}, "authType": "secret"}, "clientType": "python"}}'
    headers:
      cache-control:
      - no-cache
      content-length:
      - '1062'
      content-type:
      - application/json; charset=utf-8
      date:
      - Wed, 14 Dec 2022 03:22:51 GMT
      etag:
      - '"59002d14-0000-0100-0000-6399416e0000"'
      expires:
      - '-1'
      pragma:
      - no-cache
      strict-transport-security:
      - max-age=31536000; includeSubDomains
      transfer-encoding:
      - chunked
      vary:
      - Accept-Encoding
      x-content-type-options:
      - nosniff
      x-ms-providerhub-traffic:
      - 'True'
    status:
      code: 200
      message: OK
- request:
    body: null
    headers:
      Accept:
      - application/json
      Accept-Encoding:
      - gzip, deflate
      CommandName:
      - connection list
      Connection:
      - keep-alive
      ParameterSetName:
      - -g
      User-Agent:
      - AZURECLI/2.43.0 (PIP) azsdk-python-azure-mgmt-resource/21.1.0b1 Python/3.8.8
        (Windows-10-10.0.22621-SP0)
    method: GET
    uri: https://management.azure.com/subscriptions/00000000-0000-0000-0000-000000000000/resourcegroups/servicelinker-cli-test-group?api-version=2021-04-01
  response:
    body:
      string: '{"id": "/subscriptions/00000000-0000-0000-0000-000000000000/resourceGroups/servicelinker-cli-test-group",
        "name": "servicelinker-cli-test-group", "type": "Microsoft.Resources/resourceGroups",
        "location": "eastus", "tags": {}, "properties": {"provisioningState": "Succeeded"}}'
    headers:
      cache-control:
      - no-cache
      content-length:
      - '275'
      content-type:
      - application/json; charset=utf-8
      date:
      - Wed, 14 Dec 2022 03:23:02 GMT
      expires:
      - '-1'
      pragma:
      - no-cache
      strict-transport-security:
      - max-age=31536000; includeSubDomains
      vary:
      - Accept-Encoding
      x-content-type-options:
      - nosniff
    status:
      code: 200
      message: OK
- request:
    body: null
    headers:
      Accept:
      - application/json
      Accept-Encoding:
      - gzip, deflate
      CommandName:
      - connection list
      Connection:
      - keep-alive
      ParameterSetName:
      - -g
      User-Agent:
      - AZURECLI/2.43.0 (PIP) azsdk-python-mgmt-servicelinker/1.2.0b1 Python/3.8.8
        (Windows-10-10.0.22621-SP0)
    method: GET
    uri: https://management.azure.com/subscriptions/00000000-0000-0000-0000-000000000000/resourcegroups/servicelinker-cli-test-group/providers/Microsoft.ServiceLinker/locations/eastus/connectors?api-version=2022-11-01-preview
  response:
    body:
      string: '{"value": [{"id": "/subscriptions/00000000-0000-0000-0000-000000000000/resourceGroups/servicelinker-cli-test-group/providers/Microsoft.ServiceLinker/locations/eastus/connectors/testconn16",
        "name": "testconn16", "type": "microsoft.servicelinker/locations/connectors",
        "systemData": {"createdBy": "xiaofanzhou@microsoft.com", "createdByType":
        "User", "createdAt": "2022-12-14T03:21:16.3741162Z", "lastModifiedBy": "xiaofanzhou@microsoft.com",
        "lastModifiedByType": "User", "lastModifiedAt": "2022-12-14T03:21:16.3741162Z"},
        "properties": {"publicNetworkSolution": {"firewallRules": {"callerClientIP":
        "true"}, "deleteOrUpdateBehavior": "Default", "action": "enable"}, "provisioningState":
        "Succeeded", "targetService": {"id": "/subscriptions/00000000-0000-0000-0000-000000000000/resourceGroups/servicelinker-test-linux-group/providers/Microsoft.DBforMySQL/flexibleServers/servicelinker-flexible-mysql/databases/mysqlDB",
        "type": "AzureResource"}, "authInfo": {"name": "servicelinker", "secretInfo":
        {"secretType": "rawValue"}, "authType": "secret"}, "clientType": "python"}}]}'
    headers:
      cache-control:
      - no-cache
      content-length:
      - '1075'
      content-type:
      - application/json; charset=utf-8
      date:
      - Wed, 14 Dec 2022 03:23:04 GMT
      expires:
      - '-1'
      pragma:
      - no-cache
      strict-transport-security:
      - max-age=31536000; includeSubDomains
      transfer-encoding:
      - chunked
      vary:
      - Accept-Encoding
      x-content-type-options:
      - nosniff
      x-ms-providerhub-traffic:
      - 'True'
    status:
      code: 200
      message: OK
- request:
    body: null
    headers:
      Accept:
      - application/json
      Accept-Encoding:
      - gzip, deflate
      CommandName:
      - connection update mysql-flexible
      Connection:
      - keep-alive
      ParameterSetName:
      - --id --client-type --secret
      User-Agent:
      - AZURECLI/2.43.0 (PIP) azsdk-python-mgmt-servicelinker/1.2.0b1 Python/3.8.8
        (Windows-10-10.0.22621-SP0)
    method: GET
    uri: https://management.azure.com/subscriptions/00000000-0000-0000-0000-000000000000/resourcegroups/servicelinker-cli-test-group/providers/Microsoft.ServiceLinker/locations/eastus/connectors/testconn16?api-version=2022-11-01-preview
  response:
    body:
      string: '{"id": "/subscriptions/00000000-0000-0000-0000-000000000000/resourceGroups/servicelinker-cli-test-group/providers/Microsoft.ServiceLinker/locations/eastus/connectors/testconn16",
        "name": "testconn16", "type": "microsoft.servicelinker/locations/connectors",
        "systemData": {"createdBy": "xiaofanzhou@microsoft.com", "createdByType":
        "User", "createdAt": "2022-12-14T03:21:16.3741162Z", "lastModifiedBy": "xiaofanzhou@microsoft.com",
        "lastModifiedByType": "User", "lastModifiedAt": "2022-12-14T03:21:16.3741162Z"},
        "properties": {"publicNetworkSolution": {"firewallRules": {"callerClientIP":
        "true"}, "deleteOrUpdateBehavior": "Default", "action": "enable"}, "provisioningState":
        "Succeeded", "targetService": {"id": "/subscriptions/00000000-0000-0000-0000-000000000000/resourceGroups/servicelinker-test-linux-group/providers/Microsoft.DBforMySQL/flexibleServers/servicelinker-flexible-mysql/databases/mysqlDB",
        "type": "AzureResource"}, "authInfo": {"name": "servicelinker", "secretInfo":
        {"secretType": "rawValue"}, "authType": "secret"}, "clientType": "python"}}'
    headers:
      cache-control:
      - no-cache
      content-length:
      - '1062'
      content-type:
      - application/json; charset=utf-8
      date:
      - Wed, 14 Dec 2022 03:23:06 GMT
      etag:
      - '"59002d14-0000-0100-0000-6399416e0000"'
      expires:
      - '-1'
      pragma:
      - no-cache
      strict-transport-security:
      - max-age=31536000; includeSubDomains
      transfer-encoding:
      - chunked
      vary:
      - Accept-Encoding
      x-content-type-options:
      - nosniff
      x-ms-providerhub-traffic:
      - 'True'
    status:
      code: 200
      message: OK
- request:
    body: '{"properties": {"targetService": {"type": "AzureResource", "id": "/subscriptions/00000000-0000-0000-0000-000000000000/resourceGroups/servicelinker-test-linux-group/providers/Microsoft.DBforMySQL/flexibleServers/servicelinker-flexible-mysql/databases/mysqlDB"},
      "authInfo": {"authType": "secret", "name": "servicelinker", "secretInfo": {"secretType":
      "keyVaultSecretUri", "value": "https://cupertino-kv-test.vault.azure.net/secrets/TestDbPassword"}},
      "clientType": "dotnet", "publicNetworkSolution": {"deleteOrUpdateBehavior":
      "Default", "action": "enable", "firewallRules": {"callerClientIP": "true"}}}}'
    headers:
      Accept:
      - application/json
      Accept-Encoding:
      - gzip, deflate
      CommandName:
      - connection update mysql-flexible
      Connection:
      - keep-alive
      Content-Length:
      - '603'
      Content-Type:
      - application/json
      ParameterSetName:
      - --id --client-type --secret
      User-Agent:
      - AZURECLI/2.43.0 (PIP) azsdk-python-mgmt-servicelinker/1.2.0b1 Python/3.8.8
        (Windows-10-10.0.22621-SP0)
    method: PUT
    uri: https://management.azure.com/subscriptions/00000000-0000-0000-0000-000000000000/resourcegroups/servicelinker-cli-test-group/providers/Microsoft.ServiceLinker/locations/eastus/connectors/testconn16?api-version=2022-11-01-preview
  response:
    body:
      string: '{"id": "/subscriptions/00000000-0000-0000-0000-000000000000/resourceGroups/servicelinker-cli-test-group/providers/Microsoft.ServiceLinker/locations/eastus/connectors/testconn16",
        "name": "testconn16", "type": "microsoft.servicelinker/locations/connectors",
        "systemData": {"createdBy": "xiaofanzhou@microsoft.com", "createdByType":
        "User", "createdAt": "2022-12-14T03:21:16.3741162Z", "lastModifiedBy": "xiaofanzhou@microsoft.com",
        "lastModifiedByType": "User", "lastModifiedAt": "2022-12-14T03:23:08.937314Z"},
        "properties": {"publicNetworkSolution": {"firewallRules": {"ipRanges": null,
        "callerClientIP": "true"}, "deleteOrUpdateBehavior": "Default", "action":
        "enable"}, "configurationInfo": null, "provisioningState": "Accepted", "targetService":
        {"id": "/subscriptions/00000000-0000-0000-0000-000000000000/resourceGroups/servicelinker-test-linux-group/providers/Microsoft.DBforMySQL/flexibleServers/servicelinker-flexible-mysql/databases/mysqlDB",
        "resourceProperties": null, "type": "AzureResource"}, "authInfo": {"name":
        "servicelinker", "secretInfo": {"value": "https://cupertino-kv-test.vault.azure.net/secrets/TestDbPassword",
        "secretType": "keyVaultSecretUri"}, "authType": "secret"}, "clientType": "dotnet",
        "scope": null, "vNetSolution": null, "secretStore": null}}'
    headers:
      azure-asyncoperation:
      - https://management.azure.com/subscriptions/00000000-0000-0000-0000-000000000000/providers/Microsoft.ServiceLinker/locations/EASTUS/operationStatuses/f460e0bb-9fe4-4bd0-a5db-883e8ac43de6*55C5B2A1FEE871FD1D15F20C84416810C660EEC5675338411FBC8948FD181BF5?api-version=2021-01-01-privatepreview
      cache-control:
      - no-cache
      content-length:
      - '1277'
      content-type:
      - application/json; charset=utf-8
      date:
      - Wed, 14 Dec 2022 03:23:08 GMT
      etag:
      - '"5900a917-0000-0100-0000-6399419d0000"'
      expires:
      - '-1'
      mise-correlation-id:
      - 1e2f5aa7-a49b-46a9-877c-29e7fb9b95d1
      pragma:
      - no-cache
      strict-transport-security:
      - max-age=31536000; includeSubDomains
      x-content-type-options:
      - nosniff
      x-ms-providerhub-traffic:
      - 'True'
      x-ms-ratelimit-remaining-subscription-writes:
      - '1199'
    status:
      code: 201
      message: Created
- request:
    body: null
    headers:
      Accept:
      - '*/*'
      Accept-Encoding:
      - gzip, deflate
      CommandName:
      - connection update mysql-flexible
      Connection:
      - keep-alive
      ParameterSetName:
      - --id --client-type --secret
      User-Agent:
      - AZURECLI/2.43.0 (PIP) azsdk-python-mgmt-servicelinker/1.2.0b1 Python/3.8.8
        (Windows-10-10.0.22621-SP0)
    method: GET
    uri: https://management.azure.com/subscriptions/00000000-0000-0000-0000-000000000000/providers/Microsoft.ServiceLinker/locations/EASTUS/operationStatuses/f460e0bb-9fe4-4bd0-a5db-883e8ac43de6*55C5B2A1FEE871FD1D15F20C84416810C660EEC5675338411FBC8948FD181BF5?api-version=2021-01-01-privatepreview
  response:
    body:
      string: '{"id": "/subscriptions/00000000-0000-0000-0000-000000000000/providers/Microsoft.ServiceLinker/locations/EASTUS/operationStatuses/f460e0bb-9fe4-4bd0-a5db-883e8ac43de6*55C5B2A1FEE871FD1D15F20C84416810C660EEC5675338411FBC8948FD181BF5",
        "name": "f460e0bb-9fe4-4bd0-a5db-883e8ac43de6*55C5B2A1FEE871FD1D15F20C84416810C660EEC5675338411FBC8948FD181BF5",
        "resourceId": "/subscriptions/00000000-0000-0000-0000-000000000000/resourceGroups/servicelinker-cli-test-group/providers/Microsoft.ServiceLinker/locations/eastus/connectors/testconn16",
        "status": "Succeeded", "startTime": "2022-12-14T03:23:09.287552Z", "endTime":
        "2022-12-14T03:23:13.6538285Z", "properties": {"Message": null}}'
    headers:
      cache-control:
      - no-cache
      content-length:
      - '674'
      content-type:
      - application/json; charset=utf-8
      date:
      - Wed, 14 Dec 2022 03:23:40 GMT
      etag:
      - '"0f003866-0000-0100-0000-639941a10000"'
      expires:
      - '-1'
      pragma:
      - no-cache
      strict-transport-security:
      - max-age=31536000; includeSubDomains
      transfer-encoding:
      - chunked
      vary:
      - Accept-Encoding
      x-content-type-options:
      - nosniff
    status:
      code: 200
      message: OK
- request:
    body: null
    headers:
      Accept:
      - '*/*'
      Accept-Encoding:
      - gzip, deflate
      CommandName:
      - connection update mysql-flexible
      Connection:
      - keep-alive
      ParameterSetName:
      - --id --client-type --secret
      User-Agent:
      - AZURECLI/2.43.0 (PIP) azsdk-python-mgmt-servicelinker/1.2.0b1 Python/3.8.8
        (Windows-10-10.0.22621-SP0)
    method: GET
    uri: https://management.azure.com/subscriptions/00000000-0000-0000-0000-000000000000/resourcegroups/servicelinker-cli-test-group/providers/Microsoft.ServiceLinker/locations/eastus/connectors/testconn16?api-version=2022-11-01-preview
  response:
    body:
      string: '{"id": "/subscriptions/00000000-0000-0000-0000-000000000000/resourceGroups/servicelinker-cli-test-group/providers/Microsoft.ServiceLinker/locations/eastus/connectors/testconn16",
        "name": "testconn16", "type": "microsoft.servicelinker/locations/connectors",
        "systemData": {"createdBy": "xiaofanzhou@microsoft.com", "createdByType":
        "User", "createdAt": "2022-12-14T03:21:16.3741162Z", "lastModifiedBy": "xiaofanzhou@microsoft.com",
        "lastModifiedByType": "User", "lastModifiedAt": "2022-12-14T03:23:08.937314Z"},
        "properties": {"publicNetworkSolution": {"firewallRules": {"callerClientIP":
        "true"}, "deleteOrUpdateBehavior": "Default", "action": "enable"}, "provisioningState":
        "Succeeded", "targetService": {"id": "/subscriptions/00000000-0000-0000-0000-000000000000/resourceGroups/servicelinker-test-linux-group/providers/Microsoft.DBforMySQL/flexibleServers/servicelinker-flexible-mysql/databases/mysqlDB",
        "type": "AzureResource"}, "authInfo": {"name": "servicelinker", "secretInfo":
        {"value": "https://cupertino-kv-test.vault.azure.net/secrets/TestDbPassword",
        "secretType": "keyVaultSecretUri"}, "authType": "secret"}, "clientType": "dotnet"}}'
    headers:
      cache-control:
      - no-cache
      content-length:
      - '1147'
      content-type:
      - application/json; charset=utf-8
      date:
      - Wed, 14 Dec 2022 03:23:40 GMT
      etag:
      - '"5900f517-0000-0100-0000-639941a10000"'
      expires:
      - '-1'
      pragma:
      - no-cache
      strict-transport-security:
      - max-age=31536000; includeSubDomains
      transfer-encoding:
      - chunked
      vary:
      - Accept-Encoding
      x-content-type-options:
      - nosniff
      x-ms-providerhub-traffic:
      - 'True'
    status:
      code: 200
      message: OK
- request:
    body: null
    headers:
      Accept:
      - application/json
      Accept-Encoding:
      - gzip, deflate
      CommandName:
      - connection generate-configuration
      Connection:
      - keep-alive
      Content-Length:
      - '0'
      Content-Type:
      - application/json
      ParameterSetName:
      - --id
      User-Agent:
      - AZURECLI/2.43.0 (PIP) azsdk-python-mgmt-servicelinker/1.2.0b1 Python/3.8.8
        (Windows-10-10.0.22621-SP0)
    method: POST
    uri: https://management.azure.com/subscriptions/00000000-0000-0000-0000-000000000000/resourcegroups/servicelinker-cli-test-group/providers/Microsoft.ServiceLinker/locations/eastus/connectors/testconn16/generateConfigurations?api-version=2022-11-01-preview
  response:
    body:
      string: '{"configurations": [{"name": "AZURE_MYSQL_HOST", "value": "servicelinker-flexible-mysql.mysql.database.azure.com"},
        {"name": "AZURE_MYSQL_PORT", "value": "3306"}, {"name": "AZURE_MYSQL_DATABASE",
        "value": "mysqlDB"}, {"name": "AZURE_MYSQL_SSL", "value": "true"}, {"name":
        "AZURE_MYSQL_USERNAME", "value": "servicelinker"}, {"name": "AZURE_MYSQL_PASSWORD",
        "value": "@Microsoft.KeyVault(SecretUri=https://cupertino-kv-test.vault.azure.net/secrets/TestDbPassword)"}]}'
    headers:
      cache-control:
      - no-cache
      content-length:
      - '465'
      content-type:
      - application/json; charset=utf-8
      date:
      - Wed, 14 Dec 2022 03:23:52 GMT
      expires:
      - '-1'
      mise-correlation-id:
      - b7865211-f395-4e08-b149-e337468ddd92
      pragma:
      - no-cache
      strict-transport-security:
      - max-age=31536000; includeSubDomains
      transfer-encoding:
      - chunked
      vary:
      - Accept-Encoding
      x-content-type-options:
      - nosniff
      x-ms-providerhub-traffic:
      - 'True'
      x-ms-ratelimit-remaining-subscription-writes:
      - '1199'
    status:
      code: 200
      message: OK
- request:
    body: null
    headers:
      Accept:
      - application/json
      Accept-Encoding:
      - gzip, deflate
      CommandName:
      - connection validate
      Connection:
      - keep-alive
      Content-Length:
      - '0'
      ParameterSetName:
      - --id
      User-Agent:
      - AZURECLI/2.43.0 (PIP) azsdk-python-mgmt-servicelinker/1.2.0b1 Python/3.8.8
        (Windows-10-10.0.22621-SP0)
    method: POST
    uri: https://management.azure.com/subscriptions/00000000-0000-0000-0000-000000000000/resourcegroups/servicelinker-cli-test-group/providers/Microsoft.ServiceLinker/locations/eastus/connectors/testconn16/validate?api-version=2022-11-01-preview
  response:
    body:
      string: 'null'
    headers:
      azure-asyncoperation:
      - https://management.azure.com/subscriptions/00000000-0000-0000-0000-000000000000/providers/Microsoft.ServiceLinker/locations/EASTUS/operationStatuses/d0aac3f9-ffed-437e-866b-7c241b4203cf*55C5B2A1FEE871FD1D15F20C84416810C660EEC5675338411FBC8948FD181BF5?api-version=2021-01-01-privatepreview
      cache-control:
      - no-cache
      content-length:
      - '4'
      content-type:
      - application/json; charset=utf-8
      date:
      - Wed, 14 Dec 2022 03:23:54 GMT
      expires:
      - '-1'
      location:
      - https://management.azure.com/subscriptions/00000000-0000-0000-0000-000000000000/providers/Microsoft.ServiceLinker/locations/EASTUS/operationStatuses/d0aac3f9-ffed-437e-866b-7c241b4203cf*55C5B2A1FEE871FD1D15F20C84416810C660EEC5675338411FBC8948FD181BF5?api-version=2021-01-01-privatepreview
      mise-correlation-id:
      - 581655a7-04fc-4fb0-8c2b-a8a8d316fd47
      pragma:
      - no-cache
      strict-transport-security:
      - max-age=31536000; includeSubDomains
      x-content-type-options:
      - nosniff
      x-ms-providerhub-traffic:
      - 'True'
      x-ms-ratelimit-remaining-subscription-writes:
      - '1199'
    status:
      code: 202
      message: Accepted
- request:
    body: null
    headers:
      Accept:
      - '*/*'
      Accept-Encoding:
      - gzip, deflate
      CommandName:
      - connection validate
      Connection:
      - keep-alive
      ParameterSetName:
      - --id
      User-Agent:
      - AZURECLI/2.43.0 (PIP) azsdk-python-mgmt-servicelinker/1.2.0b1 Python/3.8.8
        (Windows-10-10.0.22621-SP0)
    method: GET
    uri: https://management.azure.com/subscriptions/00000000-0000-0000-0000-000000000000/providers/Microsoft.ServiceLinker/locations/EASTUS/operationStatuses/d0aac3f9-ffed-437e-866b-7c241b4203cf*55C5B2A1FEE871FD1D15F20C84416810C660EEC5675338411FBC8948FD181BF5?api-version=2021-01-01-privatepreview
  response:
    body:
      string: '{"id": "/subscriptions/00000000-0000-0000-0000-000000000000/providers/Microsoft.ServiceLinker/locations/EASTUS/operationStatuses/d0aac3f9-ffed-437e-866b-7c241b4203cf*55C5B2A1FEE871FD1D15F20C84416810C660EEC5675338411FBC8948FD181BF5",
        "name": "d0aac3f9-ffed-437e-866b-7c241b4203cf*55C5B2A1FEE871FD1D15F20C84416810C660EEC5675338411FBC8948FD181BF5",
        "resourceId": "/subscriptions/00000000-0000-0000-0000-000000000000/resourceGroups/servicelinker-cli-test-group/providers/Microsoft.ServiceLinker/locations/eastus/connectors/testconn16",
        "status": "Succeeded", "startTime": "2022-12-14T03:23:55.2324024Z", "endTime":
        "2022-12-14T03:23:58.4064098Z", "properties": {"Message": "{\"ConnectionName\":\"testconn16\",\"IsConnectionAvailable\":true,\"ValidationDetail\":[{\"Name\":\"The
        target existence is validated\",\"Description\":null,\"Result\":0},{\"Name\":\"The
        target service firewall is validated\",\"Description\":null,\"Result\":0}],\"ReportStartTimeUtc\":\"2022-12-14T03:23:56.6255405Z\",\"ReportEndTimeUtc\":\"2022-12-14T03:23:57.3103943Z\",\"SourceId\":null,\"TargetId\":null,\"AuthType\":4}",
        "linkerName": "testconn16", "isConnectionAvailable": true, "validationDetail":
        [{"name": "The target existence is validated", "description": null, "result":
        "success"}, {"name": "The target service firewall is validated", "description":
        null, "result": "success"}], "reportStartTimeUtc": "2022-12-14T03:23:56.6255405Z",
        "reportEndTimeUtc": "2022-12-14T03:23:57.3103943Z", "sourceId": null, "targetId":
        null, "authType": "secret"}}'
    headers:
      cache-control:
      - no-cache
      content-length:
      - '1526'
      content-type:
      - application/json; charset=utf-8
      date:
      - Wed, 14 Dec 2022 03:24:26 GMT
      etag:
      - '"0f009666-0000-0100-0000-639941ce0000"'
      expires:
      - '-1'
      pragma:
      - no-cache
      strict-transport-security:
      - max-age=31536000; includeSubDomains
      transfer-encoding:
      - chunked
      vary:
      - Accept-Encoding
      x-content-type-options:
      - nosniff
    status:
      code: 200
      message: OK
- request:
    body: null
    headers:
      Accept:
      - '*/*'
      Accept-Encoding:
      - gzip, deflate
      CommandName:
      - connection validate
      Connection:
      - keep-alive
      ParameterSetName:
      - --id
      User-Agent:
      - AZURECLI/2.43.0 (PIP) azsdk-python-mgmt-servicelinker/1.2.0b1 Python/3.8.8
        (Windows-10-10.0.22621-SP0)
    method: GET
    uri: https://management.azure.com/subscriptions/00000000-0000-0000-0000-000000000000/providers/Microsoft.ServiceLinker/locations/EASTUS/operationStatuses/d0aac3f9-ffed-437e-866b-7c241b4203cf*55C5B2A1FEE871FD1D15F20C84416810C660EEC5675338411FBC8948FD181BF5?api-version=2021-01-01-privatepreview
  response:
    body:
      string: '{"id": "/subscriptions/00000000-0000-0000-0000-000000000000/providers/Microsoft.ServiceLinker/locations/EASTUS/operationStatuses/d0aac3f9-ffed-437e-866b-7c241b4203cf*55C5B2A1FEE871FD1D15F20C84416810C660EEC5675338411FBC8948FD181BF5",
        "name": "d0aac3f9-ffed-437e-866b-7c241b4203cf*55C5B2A1FEE871FD1D15F20C84416810C660EEC5675338411FBC8948FD181BF5",
        "resourceId": "/subscriptions/00000000-0000-0000-0000-000000000000/resourceGroups/servicelinker-cli-test-group/providers/Microsoft.ServiceLinker/locations/eastus/connectors/testconn16",
        "status": "Succeeded", "startTime": "2022-12-14T03:23:55.2324024Z", "endTime":
        "2022-12-14T03:23:58.4064098Z", "properties": {"Message": "{\"ConnectionName\":\"testconn16\",\"IsConnectionAvailable\":true,\"ValidationDetail\":[{\"Name\":\"The
        target existence is validated\",\"Description\":null,\"Result\":0},{\"Name\":\"The
        target service firewall is validated\",\"Description\":null,\"Result\":0}],\"ReportStartTimeUtc\":\"2022-12-14T03:23:56.6255405Z\",\"ReportEndTimeUtc\":\"2022-12-14T03:23:57.3103943Z\",\"SourceId\":null,\"TargetId\":null,\"AuthType\":4}",
        "linkerName": "testconn16", "isConnectionAvailable": true, "validationDetail":
        [{"name": "The target existence is validated", "description": null, "result":
        "success"}, {"name": "The target service firewall is validated", "description":
        null, "result": "success"}], "reportStartTimeUtc": "2022-12-14T03:23:56.6255405Z",
        "reportEndTimeUtc": "2022-12-14T03:23:57.3103943Z", "sourceId": null, "targetId":
        null, "authType": "secret"}}'
    headers:
      cache-control:
      - no-cache
      content-length:
      - '1526'
      content-type:
      - application/json; charset=utf-8
      date:
      - Wed, 14 Dec 2022 03:24:27 GMT
      etag:
      - '"0f009666-0000-0100-0000-639941ce0000"'
      expires:
      - '-1'
      pragma:
      - no-cache
      strict-transport-security:
      - max-age=31536000; includeSubDomains
      transfer-encoding:
      - chunked
      vary:
      - Accept-Encoding
      x-content-type-options:
      - nosniff
    status:
      code: 200
      message: OK
- request:
    body: null
    headers:
      Accept:
      - application/json
      Accept-Encoding:
      - gzip, deflate
      CommandName:
      - connection show
      Connection:
      - keep-alive
      ParameterSetName:
      - --id
      User-Agent:
      - AZURECLI/2.43.0 (PIP) azsdk-python-mgmt-servicelinker/1.2.0b1 Python/3.8.8
        (Windows-10-10.0.22621-SP0)
    method: GET
    uri: https://management.azure.com/subscriptions/00000000-0000-0000-0000-000000000000/resourcegroups/servicelinker-cli-test-group/providers/Microsoft.ServiceLinker/locations/eastus/connectors/testconn16?api-version=2022-11-01-preview
  response:
    body:
      string: '{"id": "/subscriptions/00000000-0000-0000-0000-000000000000/resourceGroups/servicelinker-cli-test-group/providers/Microsoft.ServiceLinker/locations/eastus/connectors/testconn16",
        "name": "testconn16", "type": "microsoft.servicelinker/locations/connectors",
        "systemData": {"createdBy": "xiaofanzhou@microsoft.com", "createdByType":
        "User", "createdAt": "2022-12-14T03:21:16.3741162Z", "lastModifiedBy": "xiaofanzhou@microsoft.com",
        "lastModifiedByType": "User", "lastModifiedAt": "2022-12-14T03:23:08.937314Z"},
        "properties": {"publicNetworkSolution": {"firewallRules": {"callerClientIP":
        "true"}, "deleteOrUpdateBehavior": "Default", "action": "enable"}, "provisioningState":
        "Succeeded", "targetService": {"id": "/subscriptions/00000000-0000-0000-0000-000000000000/resourceGroups/servicelinker-test-linux-group/providers/Microsoft.DBforMySQL/flexibleServers/servicelinker-flexible-mysql/databases/mysqlDB",
        "type": "AzureResource"}, "authInfo": {"name": "servicelinker", "secretInfo":
        {"value": "https://cupertino-kv-test.vault.azure.net/secrets/TestDbPassword",
        "secretType": "keyVaultSecretUri"}, "authType": "secret"}, "clientType": "dotnet"}}'
    headers:
      cache-control:
      - no-cache
      content-length:
      - '1147'
      content-type:
      - application/json; charset=utf-8
      date:
      - Wed, 14 Dec 2022 03:24:29 GMT
      etag:
      - '"5900f517-0000-0100-0000-639941a10000"'
      expires:
      - '-1'
      pragma:
      - no-cache
      strict-transport-security:
      - max-age=31536000; includeSubDomains
      transfer-encoding:
      - chunked
      vary:
      - Accept-Encoding
      x-content-type-options:
      - nosniff
      x-ms-providerhub-traffic:
      - 'True'
    status:
      code: 200
      message: OK
- request:
    body: null
    headers:
      Accept:
      - application/json
      Accept-Encoding:
      - gzip, deflate
      CommandName:
      - connection delete
      Connection:
      - keep-alive
      Content-Length:
      - '0'
      ParameterSetName:
      - --id --yes
      User-Agent:
      - AZURECLI/2.43.0 (PIP) azsdk-python-mgmt-servicelinker/1.2.0b1 Python/3.8.8
        (Windows-10-10.0.22621-SP0)
    method: DELETE
    uri: https://management.azure.com/subscriptions/00000000-0000-0000-0000-000000000000/resourcegroups/servicelinker-cli-test-group/providers/Microsoft.ServiceLinker/locations/eastus/connectors/testconn16?api-version=2022-11-01-preview
  response:
    body:
      string: ''
    headers:
      cache-control:
      - no-cache
      content-length:
      - '0'
      date:
      - Wed, 14 Dec 2022 03:24:42 GMT
      expires:
      - '-1'
      pragma:
      - no-cache
      strict-transport-security:
      - max-age=31536000; includeSubDomains
      x-content-type-options:
      - nosniff
      x-ms-providerhub-traffic:
      - 'True'
      x-ms-ratelimit-remaining-subscription-deletes:
      - '14999'
    status:
      code: 200
      message: OK
version: 1
