interactions:
- request:
    body: '{"properties": {"targetId": "/subscriptions/00000000-0000-0000-0000-000000000000/resourceGroups/servicelinker-test-win-group/providers/Microsoft.DocumentDB/databaseAccounts/servicelinker-cassandra-cosmos/cassandraKeyspaces/coredb",
      "authInfo": {"authType": "systemAssignedIdentity"}, "clientType": "python",
      "secretStore": {}}}'
    headers:
      Accept:
      - application/json
      Accept-Encoding:
      - gzip, deflate
      CommandName:
      - webapp connection create cosmos-cassandra
      Connection:
      - keep-alive
      Content-Length:
      - '327'
      Content-Type:
      - application/json
      ParameterSetName:
      - --connection --source-id --target-id --system-identity --client-type
      User-Agent:
      - AZURECLI/2.33.1 azsdk-python-mgmt-servicelinker/1.0.0b2 Python/3.10.0 (Linux-5.4.0-1062-azure-x86_64-with-glibc2.31)
    method: PUT
    uri: https://mitmproxy.proxy.svc.cluster.local:8080/subscriptions/00000000-0000-0000-0000-000000000000/resourceGroups/servicelinker-test-win-group/providers/Microsoft.Web/sites/servicelinker-cassandra-cosmos-asp-app/providers/Microsoft.ServiceLinker/linkers/testconn?api-version=2021-11-01-preview
  response:
    body:
      string: '{"id": "/subscriptions/00000000-0000-0000-0000-000000000000/resourceGroups/servicelinker-test-win-group/providers/Microsoft.Web/sites/servicelinker-cassandra-cosmos-asp-app/providers/Microsoft.ServiceLinker/linkers/testconn",
        "name": "testconn", "type": "microsoft.servicelinker/linkers", "systemData":
        {"createdBy": "0a5612a4-bc9a-47ea-b5dd-b9280aca1b09", "createdByType": "Application",
        "createdAt": "2022-03-01T07:59:46.3097392Z", "lastModifiedBy": "0a5612a4-bc9a-47ea-b5dd-b9280aca1b09",
        "lastModifiedByType": "Application", "lastModifiedAt": "2022-03-01T07:59:46.3097392Z"},
        "properties": {"provisioningState": "Accepted", "targetId": "/subscriptions/00000000-0000-0000-0000-000000000000/resourceGroups/servicelinker-test-win-group/providers/Microsoft.DocumentDB/databaseAccounts/servicelinker-cassandra-cosmos/cassandraKeyspaces/coredb",
        "authInfo": {"authType": "systemAssignedIdentity"}, "vNetSolution": null,
        "clientType": "python", "secretStore": {"keyVaultId": null}}}'
    headers:
      azure-asyncoperation:
      - https://management.azure.com/subscriptions/00000000-0000-0000-0000-000000000000/providers/Microsoft.ServiceLinker/locations/EASTUS/operationStatuses/00d1336c-7a59-41f5-ad03-b0ec2816cae5*B7BC348CBB261FE8C2C0EEDF509ECAC895F41B4A2CD6A939CF043242D9E39F57?api-version=2021-11-01-preview
      cache-control:
      - no-cache
      content-length:
      - '979'
      content-type:
      - application/json; charset=utf-8
      date:
      - Tue, 01 Mar 2022 07:59:47 GMT
      etag:
      - '"3c002a54-0000-0100-0000-621dd2730000"'
      expires:
      - '-1'
      pragma:
      - no-cache
      strict-transport-security:
      - max-age=31536000; includeSubDomains
      x-content-type-options:
      - nosniff
      x-ms-providerhub-traffic:
      - 'True'
      x-ms-ratelimit-remaining-subscription-writes:
      - '1195'
    status:
      code: 201
      message: Created
- request:
    body: null
    headers:
      Accept:
      - '*/*'
      Accept-Encoding:
      - gzip, deflate
      CommandName:
      - webapp connection create cosmos-cassandra
      Connection:
      - keep-alive
      ParameterSetName:
      - --connection --source-id --target-id --system-identity --client-type
      User-Agent:
      - AZURECLI/2.33.1 azsdk-python-mgmt-servicelinker/1.0.0b2 Python/3.10.0 (Linux-5.4.0-1062-azure-x86_64-with-glibc2.31)
    method: GET
    uri: https://mitmproxy.proxy.svc.cluster.local:8080/subscriptions/00000000-0000-0000-0000-000000000000/providers/Microsoft.ServiceLinker/locations/EASTUS/operationStatuses/00d1336c-7a59-41f5-ad03-b0ec2816cae5*B7BC348CBB261FE8C2C0EEDF509ECAC895F41B4A2CD6A939CF043242D9E39F57?api-version=2021-11-01-preview
  response:
    body:
      string: '{"id": "/subscriptions/00000000-0000-0000-0000-000000000000/providers/Microsoft.ServiceLinker/locations/EASTUS/operationStatuses/00d1336c-7a59-41f5-ad03-b0ec2816cae5*B7BC348CBB261FE8C2C0EEDF509ECAC895F41B4A2CD6A939CF043242D9E39F57",
        "name": "00d1336c-7a59-41f5-ad03-b0ec2816cae5*B7BC348CBB261FE8C2C0EEDF509ECAC895F41B4A2CD6A939CF043242D9E39F57",
        "resourceId": "/subscriptions/00000000-0000-0000-0000-000000000000/resourceGroups/servicelinker-test-win-group/providers/Microsoft.Web/sites/servicelinker-cassandra-cosmos-asp-app/providers/Microsoft.ServiceLinker/linkers/testconn",
        "status": "Succeeded", "startTime": "2022-03-01T07:59:47.3119528Z", "endTime":
        "2022-03-01T07:59:57.8461421Z", "properties": {}}'
    headers:
      cache-control:
      - no-cache
      content-length:
      - '707'
      content-type:
      - application/json; charset=utf-8
      date:
      - Tue, 01 Mar 2022 08:00:18 GMT
      etag:
      - '"af008849-0000-0200-0000-621dd27d0000"'
      expires:
      - '-1'
      pragma:
      - no-cache
      strict-transport-security:
      - max-age=31536000; includeSubDomains
      transfer-encoding:
      - chunked
      vary:
      - Accept-Encoding
      x-content-type-options:
      - nosniff
    status:
      code: 200
      message: OK
- request:
    body: null
    headers:
      Accept:
      - '*/*'
      Accept-Encoding:
      - gzip, deflate
      CommandName:
      - webapp connection create cosmos-cassandra
      Connection:
      - keep-alive
      ParameterSetName:
      - --connection --source-id --target-id --system-identity --client-type
      User-Agent:
      - AZURECLI/2.33.1 azsdk-python-mgmt-servicelinker/1.0.0b2 Python/3.10.0 (Linux-5.4.0-1062-azure-x86_64-with-glibc2.31)
    method: GET
    uri: https://mitmproxy.proxy.svc.cluster.local:8080/subscriptions/00000000-0000-0000-0000-000000000000/resourceGroups/servicelinker-test-win-group/providers/Microsoft.Web/sites/servicelinker-cassandra-cosmos-asp-app/providers/Microsoft.ServiceLinker/linkers/testconn?api-version=2021-11-01-preview
  response:
    body:
      string: '{"id": "/subscriptions/00000000-0000-0000-0000-000000000000/resourceGroups/servicelinker-test-win-group/providers/Microsoft.Web/sites/servicelinker-cassandra-cosmos-asp-app/providers/Microsoft.ServiceLinker/linkers/testconn",
        "name": "testconn", "type": "microsoft.servicelinker/linkers", "systemData":
        {"createdBy": "0a5612a4-bc9a-47ea-b5dd-b9280aca1b09", "createdByType": "Application",
        "createdAt": "2022-03-01T07:59:46.3097392Z", "lastModifiedBy": "c4288165-6698-45ba-98a5-48ea7791fed3",
        "lastModifiedByType": "Application", "lastModifiedAt": "2022-03-01T07:59:57.7571349Z"},
        "properties": {"provisioningState": "Succeeded", "targetId": "/subscriptions/00000000-0000-0000-0000-000000000000/resourceGroups/servicelinker-test-win-group/providers/Microsoft.DocumentDB/databaseAccounts/servicelinker-cassandra-cosmos/cassandraKeyspaces/coredb",
        "authInfo": {"authType": "systemAssignedIdentity"}, "clientType": "python",
        "secretStore": {}}}'
    headers:
      cache-control:
      - no-cache
      content-length:
      - '940'
      content-type:
      - application/json; charset=utf-8
      date:
      - Tue, 01 Mar 2022 08:00:19 GMT
      etag:
      - '"f4041cee-0000-0200-0000-621dd27d0000"'
      expires:
      - '-1'
      pragma:
      - no-cache
      strict-transport-security:
      - max-age=31536000; includeSubDomains
      transfer-encoding:
      - chunked
      vary:
      - Accept-Encoding
      x-content-type-options:
      - nosniff
      x-ms-providerhub-traffic:
      - 'True'
    status:
      code: 200
      message: OK
- request:
    body: null
    headers:
      Accept:
      - application/json
      Accept-Encoding:
      - gzip, deflate
      CommandName:
      - webapp connection list
      Connection:
      - keep-alive
      ParameterSetName:
      - --source-id
      User-Agent:
      - AZURECLI/2.33.1 azsdk-python-mgmt-servicelinker/1.0.0b2 Python/3.10.0 (Linux-5.4.0-1062-azure-x86_64-with-glibc2.31)
    method: GET
    uri: https://mitmproxy.proxy.svc.cluster.local:8080/subscriptions/00000000-0000-0000-0000-000000000000/resourceGroups/servicelinker-test-win-group/providers/Microsoft.Web/sites/servicelinker-cassandra-cosmos-asp-app/providers/Microsoft.ServiceLinker/linkers?api-version=2021-11-01-preview
  response:
    body:
      string: '{"value": [{"id": "/subscriptions/00000000-0000-0000-0000-000000000000/resourceGroups/servicelinker-test-win-group/providers/Microsoft.Web/sites/servicelinker-cassandra-cosmos-asp-app/providers/Microsoft.ServiceLinker/linkers/testconn",
        "name": "testconn", "type": "microsoft.servicelinker/linkers", "systemData":
        {"createdBy": "0a5612a4-bc9a-47ea-b5dd-b9280aca1b09", "createdByType": "Application",
        "createdAt": "2022-03-01T07:59:46.3097392Z", "lastModifiedBy": "c4288165-6698-45ba-98a5-48ea7791fed3",
        "lastModifiedByType": "Application", "lastModifiedAt": "2022-03-01T07:59:57.7571349Z"},
        "properties": {"provisioningState": "Succeeded", "targetId": "/subscriptions/00000000-0000-0000-0000-000000000000/resourceGroups/servicelinker-test-win-group/providers/Microsoft.DocumentDB/databaseAccounts/servicelinker-cassandra-cosmos/cassandraKeyspaces/coredb",
        "authInfo": {"authType": "systemAssignedIdentity"}, "clientType": "python",
        "secretStore": {}}}]}'
    headers:
      cache-control:
      - no-cache
      content-length:
      - '953'
      content-type:
      - application/json; charset=utf-8
      date:
      - Tue, 01 Mar 2022 08:00:22 GMT
      expires:
      - '-1'
      pragma:
      - no-cache
      strict-transport-security:
      - max-age=31536000; includeSubDomains
      transfer-encoding:
      - chunked
      vary:
      - Accept-Encoding
      x-content-type-options:
      - nosniff
      x-ms-providerhub-traffic:
      - 'True'
    status:
      code: 200
      message: OK
- request:
    body: null
    headers:
      Accept:
      - application/json
      Accept-Encoding:
      - gzip, deflate
      CommandName:
      - webapp connection list-configuration
      Connection:
      - keep-alive
      Content-Length:
      - '0'
      ParameterSetName:
      - --id
      User-Agent:
      - AZURECLI/2.33.1 azsdk-python-mgmt-servicelinker/1.0.0b2 Python/3.10.0 (Linux-5.4.0-1062-azure-x86_64-with-glibc2.31)
    method: POST
    uri: https://mitmproxy.proxy.svc.cluster.local:8080/subscriptions/00000000-0000-0000-0000-000000000000/resourceGroups/servicelinker-test-win-group/providers/Microsoft.Web/sites/servicelinker-cassandra-cosmos-asp-app/providers/Microsoft.ServiceLinker/linkers/testconn/listConfigurations?api-version=2021-11-01-preview
  response:
    body:
      string: '{"configurations": [{"name": "AZURE_COSMOS_LISTKEYURL", "value": "https://management.azure.com/subscriptions/00000000-0000-0000-0000-000000000000/resourceGroups/servicelinker-test-win-group/providers/Microsoft.DocumentDB/databaseAccounts/servicelinker-cassandra-cosmos/listKeys?api-version=2021-04-15"},
        {"name": "AZURE_COSMOS_USERNAME", "value": "servicelinker-cassandra-cosmos"},
        {"name": "AZURE_COSMOS_CONTACTPOINT", "value": "servicelinker-cassandra-cosmos.cassandra.cosmos.azure.com"},
        {"name": "AZURE_COSMOS_PORT", "value": "10350"}, {"name": "AZURE_COSMOS_KEYSPACE",
        "value": "coredb"}, {"name": "AZURE_COSMOS_RESOURCEENDPOINT", "value": "https://servicelinker-cassandra-cosmos.documents.azure.com:443/"},
        {"name": "AZURE_COSMOS_SCOPE", "value": "https://management.azure.com/.default"}]}'
    headers:
      cache-control:
      - no-cache
      content-length:
      - '795'
      content-type:
      - application/json; charset=utf-8
      date:
      - Tue, 01 Mar 2022 08:00:24 GMT
      expires:
      - '-1'
      pragma:
      - no-cache
      strict-transport-security:
      - max-age=31536000; includeSubDomains
      transfer-encoding:
      - chunked
      vary:
      - Accept-Encoding,Accept-Encoding
      x-content-type-options:
      - nosniff
      x-ms-providerhub-traffic:
      - 'True'
      x-ms-ratelimit-remaining-subscription-writes:
      - '1195'
    status:
      code: 200
      message: OK
- request:
    body: null
    headers:
      Accept:
      - application/json
      Accept-Encoding:
      - gzip, deflate
      CommandName:
      - webapp connection validate
      Connection:
      - keep-alive
      ParameterSetName:
      - --id
      User-Agent:
      - AZURECLI/2.33.1 azsdk-python-mgmt-servicelinker/1.0.0b2 Python/3.10.0 (Linux-5.4.0-1062-azure-x86_64-with-glibc2.31)
    method: GET
    uri: https://mitmproxy.proxy.svc.cluster.local:8080/subscriptions/00000000-0000-0000-0000-000000000000/resourceGroups/servicelinker-test-win-group/providers/Microsoft.Web/sites/servicelinker-cassandra-cosmos-asp-app/providers/Microsoft.ServiceLinker/linkers/testconn?api-version=2021-11-01-preview
  response:
    body:
      string: '{"id": "/subscriptions/00000000-0000-0000-0000-000000000000/resourceGroups/servicelinker-test-win-group/providers/Microsoft.Web/sites/servicelinker-cassandra-cosmos-asp-app/providers/Microsoft.ServiceLinker/linkers/testconn",
        "name": "testconn", "type": "microsoft.servicelinker/linkers", "systemData":
        {"createdBy": "0a5612a4-bc9a-47ea-b5dd-b9280aca1b09", "createdByType": "Application",
        "createdAt": "2022-03-01T07:59:46.3097392Z", "lastModifiedBy": "c4288165-6698-45ba-98a5-48ea7791fed3",
        "lastModifiedByType": "Application", "lastModifiedAt": "2022-03-01T07:59:57.7571349Z"},
        "properties": {"provisioningState": "Succeeded", "targetId": "/subscriptions/00000000-0000-0000-0000-000000000000/resourceGroups/servicelinker-test-win-group/providers/Microsoft.DocumentDB/databaseAccounts/servicelinker-cassandra-cosmos/cassandraKeyspaces/coredb",
        "authInfo": {"authType": "systemAssignedIdentity"}, "clientType": "python",
        "secretStore": {}}}'
    headers:
      cache-control:
      - no-cache
      content-length:
      - '940'
      content-type:
      - application/json; charset=utf-8
      date:
      - Tue, 01 Mar 2022 08:00:24 GMT
      etag:
      - '"f4041cee-0000-0200-0000-621dd27d0000"'
      expires:
      - '-1'
      pragma:
      - no-cache
      strict-transport-security:
      - max-age=31536000; includeSubDomains
      transfer-encoding:
      - chunked
      vary:
      - Accept-Encoding
      x-content-type-options:
      - nosniff
      x-ms-providerhub-traffic:
      - 'True'
    status:
      code: 200
      message: OK
- request:
    body: null
    headers:
      Accept:
      - application/json
      Accept-Encoding:
      - gzip, deflate
      CommandName:
      - webapp connection validate
      Connection:
      - keep-alive
      Content-Length:
      - '0'
      ParameterSetName:
      - --id
      User-Agent:
      - AZURECLI/2.33.1 azsdk-python-mgmt-servicelinker/1.0.0b2 Python/3.10.0 (Linux-5.4.0-1062-azure-x86_64-with-glibc2.31)
    method: POST
    uri: https://mitmproxy.proxy.svc.cluster.local:8080/subscriptions/00000000-0000-0000-0000-000000000000/resourceGroups/servicelinker-test-win-group/providers/Microsoft.Web/sites/servicelinker-cassandra-cosmos-asp-app/providers/Microsoft.ServiceLinker/linkers/testconn/validateLinker?api-version=2021-11-01-preview
  response:
    body:
      string: 'null'
    headers:
      azure-asyncoperation:
      - https://management.azure.com/subscriptions/00000000-0000-0000-0000-000000000000/providers/Microsoft.ServiceLinker/locations/EASTUS/operationStatuses/cd94c7c6-2f6c-4e93-9936-c64bc5ba3e40*B7BC348CBB261FE8C2C0EEDF509ECAC895F41B4A2CD6A939CF043242D9E39F57?api-version=2021-11-01-preview
      cache-control:
      - no-cache
      content-length:
      - '4'
      content-type:
      - application/json; charset=utf-8
      date:
      - Tue, 01 Mar 2022 08:00:25 GMT
      expires:
      - '-1'
      location:
      - https://management.azure.com/subscriptions/00000000-0000-0000-0000-000000000000/providers/Microsoft.ServiceLinker/locations/EASTUS/operationStatuses/cd94c7c6-2f6c-4e93-9936-c64bc5ba3e40*B7BC348CBB261FE8C2C0EEDF509ECAC895F41B4A2CD6A939CF043242D9E39F57?api-version=2021-11-01-preview
      pragma:
      - no-cache
      strict-transport-security:
      - max-age=31536000; includeSubDomains
      x-content-type-options:
      - nosniff
      x-ms-providerhub-traffic:
      - 'True'
      x-ms-ratelimit-remaining-subscription-writes:
      - '1196'
    status:
      code: 202
      message: Accepted
- request:
    body: null
    headers:
      Accept:
      - '*/*'
      Accept-Encoding:
      - gzip, deflate
      CommandName:
      - webapp connection validate
      Connection:
      - keep-alive
      ParameterSetName:
      - --id
      User-Agent:
      - AZURECLI/2.33.1 azsdk-python-mgmt-servicelinker/1.0.0b2 Python/3.10.0 (Linux-5.4.0-1062-azure-x86_64-with-glibc2.31)
    method: GET
    uri: https://mitmproxy.proxy.svc.cluster.local:8080/subscriptions/00000000-0000-0000-0000-000000000000/providers/Microsoft.ServiceLinker/locations/EASTUS/operationStatuses/cd94c7c6-2f6c-4e93-9936-c64bc5ba3e40*B7BC348CBB261FE8C2C0EEDF509ECAC895F41B4A2CD6A939CF043242D9E39F57?api-version=2021-11-01-preview
  response:
    body:
      string: '{"id": "/subscriptions/00000000-0000-0000-0000-000000000000/providers/Microsoft.ServiceLinker/locations/EASTUS/operationStatuses/cd94c7c6-2f6c-4e93-9936-c64bc5ba3e40*B7BC348CBB261FE8C2C0EEDF509ECAC895F41B4A2CD6A939CF043242D9E39F57",
        "name": "cd94c7c6-2f6c-4e93-9936-c64bc5ba3e40*B7BC348CBB261FE8C2C0EEDF509ECAC895F41B4A2CD6A939CF043242D9E39F57",
        "resourceId": "/subscriptions/00000000-0000-0000-0000-000000000000/resourceGroups/servicelinker-test-win-group/providers/Microsoft.Web/sites/servicelinker-cassandra-cosmos-asp-app/providers/Microsoft.ServiceLinker/linkers/testconn",
        "status": "Succeeded", "startTime": "2022-03-01T08:00:25.2746946Z", "endTime":
        "2022-03-01T08:00:28.8752637Z", "properties": {"message": "{\"ConnectionName\":\"testconn\",\"IsConnectionAvailable\":true,\"ValidationDetail\":[{\"Name\":\"The
        target existence is validated\",\"Description\":null,\"Result\":0},{\"Name\":\"The
        target service firewall is validated\",\"Description\":null,\"Result\":0},{\"Name\":\"The
        configured values is validated\",\"Description\":null,\"Result\":0},{\"Name\":\"The
        identity existence is validated\",\"Description\":null,\"Result\":0},{\"Name\":\"The
        identity permission is validated\",\"Description\":null,\"Result\":0}],\"ReportStartTimeUtc\":\"2022-03-01T08:00:26.7038461Z\",\"ReportEndTimeUtc\":\"2022-03-01T08:00:28.8192679Z\",\"SourceId\":null,\"TargetId\":\"/subscriptions/00000000-0000-0000-0000-000000000000/resourceGroups/servicelinker-test-win-group/providers/Microsoft.DocumentDB/databaseAccounts/servicelinker-cassandra-cosmos/cassandraKeyspaces/coredb\",\"AuthType\":0}"}}'
    headers:
      cache-control:
      - no-cache
      content-length:
      - '1596'
      content-type:
      - application/json; charset=utf-8
      date:
      - Tue, 01 Mar 2022 08:00:55 GMT
      etag:
      - '"af00b449-0000-0200-0000-621dd29c0000"'
      expires:
      - '-1'
      pragma:
      - no-cache
      strict-transport-security:
      - max-age=31536000; includeSubDomains
      transfer-encoding:
      - chunked
      vary:
      - Accept-Encoding
      x-content-type-options:
      - nosniff
    status:
      code: 200
      message: OK
- request:
    body: null
    headers:
      Accept:
      - application/json
      Accept-Encoding:
      - gzip, deflate
      CommandName:
      - webapp connection show
      Connection:
      - keep-alive
      ParameterSetName:
      - --id
      User-Agent:
      - AZURECLI/2.33.1 azsdk-python-mgmt-servicelinker/1.0.0b2 Python/3.10.0 (Linux-5.4.0-1062-azure-x86_64-with-glibc2.31)
    method: GET
    uri: https://mitmproxy.proxy.svc.cluster.local:8080/subscriptions/00000000-0000-0000-0000-000000000000/resourceGroups/servicelinker-test-win-group/providers/Microsoft.Web/sites/servicelinker-cassandra-cosmos-asp-app/providers/Microsoft.ServiceLinker/linkers/testconn?api-version=2021-11-01-preview
  response:
    body:
      string: '{"id": "/subscriptions/00000000-0000-0000-0000-000000000000/resourceGroups/servicelinker-test-win-group/providers/Microsoft.Web/sites/servicelinker-cassandra-cosmos-asp-app/providers/Microsoft.ServiceLinker/linkers/testconn",
        "name": "testconn", "type": "microsoft.servicelinker/linkers", "systemData":
        {"createdBy": "0a5612a4-bc9a-47ea-b5dd-b9280aca1b09", "createdByType": "Application",
        "createdAt": "2022-03-01T07:59:46.3097392Z", "lastModifiedBy": "c4288165-6698-45ba-98a5-48ea7791fed3",
        "lastModifiedByType": "Application", "lastModifiedAt": "2022-03-01T07:59:57.7571349Z"},
        "properties": {"provisioningState": "Succeeded", "targetId": "/subscriptions/00000000-0000-0000-0000-000000000000/resourceGroups/servicelinker-test-win-group/providers/Microsoft.DocumentDB/databaseAccounts/servicelinker-cassandra-cosmos/cassandraKeyspaces/coredb",
        "authInfo": {"authType": "systemAssignedIdentity"}, "clientType": "python",
        "secretStore": {}}}'
    headers:
      cache-control:
      - no-cache
      content-length:
      - '940'
      content-type:
      - application/json; charset=utf-8
      date:
      - Tue, 01 Mar 2022 08:00:56 GMT
      etag:
      - '"f4041cee-0000-0200-0000-621dd27d0000"'
      expires:
      - '-1'
      pragma:
      - no-cache
      strict-transport-security:
      - max-age=31536000; includeSubDomains
      transfer-encoding:
      - chunked
      vary:
      - Accept-Encoding
      x-content-type-options:
      - nosniff
      x-ms-providerhub-traffic:
      - 'True'
    status:
      code: 200
      message: OK
- request:
    body: null
    headers:
      Accept:
      - application/json
      Accept-Encoding:
      - gzip, deflate
      CommandName:
      - webapp connection delete
      Connection:
      - keep-alive
      Content-Length:
      - '0'
      ParameterSetName:
      - --id --yes
      User-Agent:
      - AZURECLI/2.33.1 azsdk-python-mgmt-servicelinker/1.0.0b2 Python/3.10.0 (Linux-5.4.0-1062-azure-x86_64-with-glibc2.31)
    method: DELETE
    uri: https://mitmproxy.proxy.svc.cluster.local:8080/subscriptions/00000000-0000-0000-0000-000000000000/resourceGroups/servicelinker-test-win-group/providers/Microsoft.Web/sites/servicelinker-cassandra-cosmos-asp-app/providers/Microsoft.ServiceLinker/linkers/testconn?api-version=2021-11-01-preview
  response:
    body:
      string: 'null'
    headers:
      azure-asyncoperation:
      - https://management.azure.com/subscriptions/00000000-0000-0000-0000-000000000000/providers/Microsoft.ServiceLinker/locations/EASTUS/operationStatuses/1ec1f251-a188-40dc-b931-9e4f2a908e96*B7BC348CBB261FE8C2C0EEDF509ECAC895F41B4A2CD6A939CF043242D9E39F57?api-version=2021-11-01-preview
      cache-control:
      - no-cache
      content-length:
      - '4'
      content-type:
      - application/json; charset=utf-8
      date:
      - Tue, 01 Mar 2022 08:01:00 GMT
      etag:
      - '"3c00ef56-0000-0100-0000-621dd2bc0000"'
      expires:
      - '-1'
      location:
      - https://management.azure.com/subscriptions/00000000-0000-0000-0000-000000000000/providers/Microsoft.ServiceLinker/locations/EASTUS/operationStatuses/1ec1f251-a188-40dc-b931-9e4f2a908e96*B7BC348CBB261FE8C2C0EEDF509ECAC895F41B4A2CD6A939CF043242D9E39F57?api-version=2021-11-01-preview
      pragma:
      - no-cache
      strict-transport-security:
      - max-age=31536000; includeSubDomains
      x-content-type-options:
      - nosniff
      x-ms-providerhub-traffic:
      - 'True'
      x-ms-ratelimit-remaining-subscription-deletes:
      - '14998'
    status:
      code: 202
      message: Accepted
- request:
    body: null
    headers:
      Accept:
      - '*/*'
      Accept-Encoding:
      - gzip, deflate
      CommandName:
      - webapp connection delete
      Connection:
      - keep-alive
      ParameterSetName:
      - --id --yes
      User-Agent:
      - AZURECLI/2.33.1 azsdk-python-mgmt-servicelinker/1.0.0b2 Python/3.10.0 (Linux-5.4.0-1062-azure-x86_64-with-glibc2.31)
    method: GET
    uri: https://mitmproxy.proxy.svc.cluster.local:8080/subscriptions/00000000-0000-0000-0000-000000000000/providers/Microsoft.ServiceLinker/locations/EASTUS/operationStatuses/1ec1f251-a188-40dc-b931-9e4f2a908e96*B7BC348CBB261FE8C2C0EEDF509ECAC895F41B4A2CD6A939CF043242D9E39F57?api-version=2021-11-01-preview
  response:
    body:
      string: '{"id": "/subscriptions/00000000-0000-0000-0000-000000000000/providers/Microsoft.ServiceLinker/locations/EASTUS/operationStatuses/1ec1f251-a188-40dc-b931-9e4f2a908e96*B7BC348CBB261FE8C2C0EEDF509ECAC895F41B4A2CD6A939CF043242D9E39F57",
        "name": "1ec1f251-a188-40dc-b931-9e4f2a908e96*B7BC348CBB261FE8C2C0EEDF509ECAC895F41B4A2CD6A939CF043242D9E39F57",
        "resourceId": "/subscriptions/00000000-0000-0000-0000-000000000000/resourceGroups/servicelinker-test-win-group/providers/Microsoft.Web/sites/servicelinker-cassandra-cosmos-asp-app/providers/Microsoft.ServiceLinker/linkers/testconn",
        "status": "Succeeded", "startTime": "2022-03-01T08:01:00.6602942Z", "endTime":
        "2022-03-01T08:01:04.9384366Z", "properties": null}'
    headers:
      cache-control:
      - no-cache
      content-length:
      - '709'
      content-type:
      - application/json; charset=utf-8
      date:
      - Tue, 01 Mar 2022 08:01:30 GMT
      etag:
      - '"af00f049-0000-0200-0000-621dd2c00000"'
      expires:
      - '-1'
      pragma:
      - no-cache
      strict-transport-security:
      - max-age=31536000; includeSubDomains
      transfer-encoding:
      - chunked
      vary:
      - Accept-Encoding
      x-content-type-options:
      - nosniff
    status:
      code: 200
      message: OK
version: 1
