interactions:
- request:
    body: '{"properties": {"targetService": {"type": "AzureResource", "id": "/subscriptions/00000000-0000-0000-0000-000000000000/resourceGroups/servicelinker-test-linux-group/providers/Microsoft.Storage/storageAccounts/servicelinkerteststorage/blobServices/default"},
      "authInfo": {"authType": "secret"}, "clientType": "python", "vNetSolution":
      {"type": "privateLink"}, "secretStore": {}}}'
    headers:
      Accept:
      - application/json
      Accept-Encoding:
      - gzip, deflate
      CommandName:
      - webapp connection create storage-blob
      Connection:
      - keep-alive
      Content-Length:
      - '377'
      Content-Type:
      - application/json
      ParameterSetName:
      - --connection --source-id --target-id --secret --client-type --private-endpoint
      User-Agent:
      - AZURECLI/2.43.0 (PIP) azsdk-python-mgmt-servicelinker/1.2.0b1 Python/3.8.8
        (Windows-10-10.0.22621-SP0)
      x-ms-serviceconnector-user-token:
      - hidden
    method: PUT
    uri: https://management.azure.com/subscriptions/00000000-0000-0000-0000-000000000000/resourceGroups/servicelinker-test-linux-group/providers/Microsoft.Web/sites/servicelinker-storageblob-app/providers/Microsoft.ServiceLinker/linkers/testconn?api-version=2022-11-01-preview
  response:
    body:
      string: '{"id": "/subscriptions/00000000-0000-0000-0000-000000000000/resourceGroups/servicelinker-test-linux-group/providers/Microsoft.Web/sites/servicelinker-storageblob-app/providers/Microsoft.ServiceLinker/linkers/testconn",
        "name": "testconn", "type": "microsoft.servicelinker/linkers", "systemData":
        {"createdBy": "xiaofanzhou@microsoft.com", "createdByType": "User", "createdAt":
        "2022-12-14T10:00:01.9165816Z", "lastModifiedBy": "xiaofanzhou@microsoft.com",
        "lastModifiedByType": "User", "lastModifiedAt": "2022-12-14T10:00:01.9165816Z"},
        "properties": {"provisioningState": "Accepted", "targetService": {"id": "/subscriptions/00000000-0000-0000-0000-000000000000/resourceGroups/servicelinker-test-linux-group/providers/Microsoft.Storage/storageAccounts/servicelinkerteststorage/blobServices/default",
        "resourceProperties": null, "type": "AzureResource"}, "authInfo": {"name":
        null, "secretInfo": null, "authType": "secret"}, "vNetSolution": {"type":
        "privateLink", "deleteOrUpdateBehavior": "Default"}, "clientType": "python",
        "secretStore": {"keyVaultId": null, "keyVaultSecretName": null}, "scope":
        null, "publicNetworkSolution": null, "configurationInfo": null}}'
    headers:
      azure-asyncoperation:
      - https://management.azure.com/subscriptions/00000000-0000-0000-0000-000000000000/providers/Microsoft.ServiceLinker/locations/EASTUS/operationStatuses/92dacd79-0ddb-42d9-8b8b-275c06d4171f*FE7F78E8B9CFFDB9E710A6821DFC983C3CC929A45BC45B6216A1A9AB91FECA7C?api-version=2021-01-01-privatepreview
      cache-control:
      - no-cache
      content-length:
      - '1164'
      content-type:
      - application/json; charset=utf-8
      date:
      - Wed, 14 Dec 2022 10:00:04 GMT
      etag:
      - '"36003947-0000-0100-0000-63999ea40000"'
      expires:
      - '-1'
      mise-correlation-id:
      - a9e924da-a017-4dbb-b410-1df328a2076b
      pragma:
      - no-cache
      strict-transport-security:
      - max-age=31536000; includeSubDomains
      x-content-type-options:
      - nosniff
      x-ms-providerhub-traffic:
      - 'True'
      x-ms-ratelimit-remaining-subscription-writes:
      - '1199'
    status:
      code: 201
      message: Created
- request:
    body: null
    headers:
      Accept:
      - '*/*'
      Accept-Encoding:
      - gzip, deflate
      CommandName:
      - webapp connection create storage-blob
      Connection:
      - keep-alive
      ParameterSetName:
      - --connection --source-id --target-id --secret --client-type --private-endpoint
      User-Agent:
      - AZURECLI/2.43.0 (PIP) azsdk-python-mgmt-servicelinker/1.2.0b1 Python/3.8.8
        (Windows-10-10.0.22621-SP0)
      x-ms-serviceconnector-user-token:
      - hidden
    method: GET
    uri: https://management.azure.com/subscriptions/00000000-0000-0000-0000-000000000000/providers/Microsoft.ServiceLinker/locations/EASTUS/operationStatuses/92dacd79-0ddb-42d9-8b8b-275c06d4171f*FE7F78E8B9CFFDB9E710A6821DFC983C3CC929A45BC45B6216A1A9AB91FECA7C?api-version=2021-01-01-privatepreview
  response:
    body:
      string: '{"id": "/subscriptions/00000000-0000-0000-0000-000000000000/providers/Microsoft.ServiceLinker/locations/EASTUS/operationStatuses/92dacd79-0ddb-42d9-8b8b-275c06d4171f*FE7F78E8B9CFFDB9E710A6821DFC983C3CC929A45BC45B6216A1A9AB91FECA7C",
        "name": "92dacd79-0ddb-42d9-8b8b-275c06d4171f*FE7F78E8B9CFFDB9E710A6821DFC983C3CC929A45BC45B6216A1A9AB91FECA7C",
        "resourceId": "/subscriptions/00000000-0000-0000-0000-000000000000/resourceGroups/servicelinker-test-linux-group/providers/Microsoft.Web/sites/servicelinker-storageblob-app/providers/Microsoft.ServiceLinker/linkers/testconn",
        "status": "Succeeded", "startTime": "2022-12-14T10:00:03.8872814Z", "endTime":
        "2022-12-14T10:00:24.6455941Z", "properties": {"Message": null}}'
    headers:
      cache-control:
      - no-cache
      content-length:
      - '715'
      content-type:
      - application/json; charset=utf-8
      date:
      - Wed, 14 Dec 2022 10:00:34 GMT
      etag:
      - '"1000a1c1-0000-0100-0000-63999eb80000"'
      expires:
      - '-1'
      pragma:
      - no-cache
      strict-transport-security:
      - max-age=31536000; includeSubDomains
      transfer-encoding:
      - chunked
      vary:
      - Accept-Encoding
      x-content-type-options:
      - nosniff
    status:
      code: 200
      message: OK
- request:
    body: null
    headers:
      Accept:
      - '*/*'
      Accept-Encoding:
      - gzip, deflate
      CommandName:
      - webapp connection create storage-blob
      Connection:
      - keep-alive
      ParameterSetName:
      - --connection --source-id --target-id --secret --client-type --private-endpoint
      User-Agent:
      - AZURECLI/2.43.0 (PIP) azsdk-python-mgmt-servicelinker/1.2.0b1 Python/3.8.8
        (Windows-10-10.0.22621-SP0)
      x-ms-serviceconnector-user-token:
      - hidden
    method: GET
    uri: https://management.azure.com/subscriptions/00000000-0000-0000-0000-000000000000/resourceGroups/servicelinker-test-linux-group/providers/Microsoft.Web/sites/servicelinker-storageblob-app/providers/Microsoft.ServiceLinker/linkers/testconn?api-version=2022-11-01-preview
  response:
    body:
      string: '{"id": "/subscriptions/00000000-0000-0000-0000-000000000000/resourceGroups/servicelinker-test-linux-group/providers/Microsoft.Web/sites/servicelinker-storageblob-app/providers/Microsoft.ServiceLinker/linkers/testconn",
        "name": "testconn", "type": "microsoft.servicelinker/linkers", "systemData":
        {"createdBy": "xiaofanzhou@microsoft.com", "createdByType": "User", "createdAt":
        "2022-12-14T10:00:01.9165816Z", "lastModifiedBy": "xiaofanzhou@microsoft.com",
        "lastModifiedByType": "User", "lastModifiedAt": "2022-12-14T10:00:01.9165816Z"},
        "properties": {"publicNetworkSolution": null, "configurationInfo": null, "provisioningState":
        "Succeeded", "targetService": {"id": "/subscriptions/00000000-0000-0000-0000-000000000000/resourceGroups/servicelinker-test-linux-group/providers/Microsoft.Storage/storageAccounts/servicelinkerteststorage/blobServices/default",
        "resourceProperties": null, "type": "AzureResource"}, "authInfo": {"name":
        null, "secretInfo": {"secretType": "rawValue"}, "authType": "secret"}, "clientType":
        "python", "scope": null, "vNetSolution": {"type": "privateLink", "deleteOrUpdateBehavior":
        "Default"}, "secretStore": {"keyVaultId": null, "keyVaultSecretName": null}}}'
    headers:
      cache-control:
      - no-cache
      content-length:
      - '1187'
      content-type:
      - application/json; charset=utf-8
      date:
      - Wed, 14 Dec 2022 10:00:37 GMT
      etag:
      - '"36009348-0000-0100-0000-63999eb80000"'
      expires:
      - '-1'
      mise-correlation-id:
      - fb3e2bc6-3f90-44e9-94ab-7e6d946c8370
      pragma:
      - no-cache
      strict-transport-security:
      - max-age=31536000; includeSubDomains
      transfer-encoding:
      - chunked
      vary:
      - Accept-Encoding
      x-content-type-options:
      - nosniff
      x-ms-providerhub-traffic:
      - 'True'
    status:
      code: 200
      message: OK
- request:
    body: null
    headers:
      Accept:
      - application/json
      Accept-Encoding:
      - gzip, deflate
      CommandName:
      - webapp connection list
      Connection:
      - keep-alive
      ParameterSetName:
      - --source-id
      User-Agent:
      - AZURECLI/2.43.0 (PIP) azsdk-python-mgmt-servicelinker/1.2.0b1 Python/3.8.8
        (Windows-10-10.0.22621-SP0)
    method: GET
    uri: https://management.azure.com/subscriptions/00000000-0000-0000-0000-000000000000/resourceGroups/servicelinker-test-linux-group/providers/Microsoft.Web/sites/servicelinker-storageblob-app/providers/Microsoft.ServiceLinker/linkers?api-version=2022-11-01-preview
  response:
    body:
      string: '{"value": [{"id": "/subscriptions/00000000-0000-0000-0000-000000000000/resourceGroups/servicelinker-test-linux-group/providers/Microsoft.Web/sites/servicelinker-storageblob-app/providers/Microsoft.ServiceLinker/linkers/testconn",
        "name": "testconn", "type": "microsoft.servicelinker/linkers", "systemData":
        {"createdBy": "xiaofanzhou@microsoft.com", "createdByType": "User", "createdAt":
        "2022-12-14T10:00:01.9165816Z", "lastModifiedBy": "xiaofanzhou@microsoft.com",
        "lastModifiedByType": "User", "lastModifiedAt": "2022-12-14T10:00:01.9165816Z"},
        "properties": {"publicNetworkSolution": null, "configurationInfo": null, "provisioningState":
        "Succeeded", "targetService": {"id": "/subscriptions/00000000-0000-0000-0000-000000000000/resourceGroups/servicelinker-test-linux-group/providers/Microsoft.Storage/storageAccounts/servicelinkerteststorage/blobServices/default",
        "resourceProperties": null, "type": "AzureResource"}, "authInfo": {"name":
        null, "secretInfo": {"secretType": "rawValue"}, "authType": "secret"}, "clientType":
        "python", "scope": null, "vNetSolution": {"type": "privateLink", "deleteOrUpdateBehavior":
        "Default"}, "secretStore": {"keyVaultId": null, "keyVaultSecretName": null}}}]}'
    headers:
      cache-control:
      - no-cache
      content-length:
      - '1200'
      content-type:
      - application/json; charset=utf-8
      date:
      - Wed, 14 Dec 2022 10:00:42 GMT
      expires:
      - '-1'
      mise-correlation-id:
      - a8128b1a-31ff-4a91-a870-769c053db6e3
      pragma:
      - no-cache
      strict-transport-security:
      - max-age=31536000; includeSubDomains
      transfer-encoding:
      - chunked
      vary:
      - Accept-Encoding
      x-content-type-options:
      - nosniff
      x-ms-providerhub-traffic:
      - 'True'
    status:
      code: 200
      message: OK
- request:
    body: null
    headers:
      Accept:
      - application/json
      Accept-Encoding:
      - gzip, deflate
      CommandName:
      - webapp connection show
      Connection:
      - keep-alive
      ParameterSetName:
      - --id
      User-Agent:
      - AZURECLI/2.43.0 (PIP) azsdk-python-mgmt-servicelinker/1.2.0b1 Python/3.8.8
        (Windows-10-10.0.22621-SP0)
    method: GET
    uri: https://management.azure.com/subscriptions/00000000-0000-0000-0000-000000000000/resourceGroups/servicelinker-test-linux-group/providers/Microsoft.Web/sites/servicelinker-storageblob-app/providers/Microsoft.ServiceLinker/linkers/testconn?api-version=2022-11-01-preview
  response:
    body:
      string: '{"id": "/subscriptions/00000000-0000-0000-0000-000000000000/resourceGroups/servicelinker-test-linux-group/providers/Microsoft.Web/sites/servicelinker-storageblob-app/providers/Microsoft.ServiceLinker/linkers/testconn",
        "name": "testconn", "type": "microsoft.servicelinker/linkers", "systemData":
        {"createdBy": "xiaofanzhou@microsoft.com", "createdByType": "User", "createdAt":
        "2022-12-14T10:00:01.9165816Z", "lastModifiedBy": "xiaofanzhou@microsoft.com",
        "lastModifiedByType": "User", "lastModifiedAt": "2022-12-14T10:00:01.9165816Z"},
        "properties": {"publicNetworkSolution": null, "configurationInfo": null, "provisioningState":
        "Succeeded", "targetService": {"id": "/subscriptions/00000000-0000-0000-0000-000000000000/resourceGroups/servicelinker-test-linux-group/providers/Microsoft.Storage/storageAccounts/servicelinkerteststorage/blobServices/default",
        "resourceProperties": null, "type": "AzureResource"}, "authInfo": {"name":
        null, "secretInfo": {"secretType": "rawValue"}, "authType": "secret"}, "clientType":
        "python", "scope": null, "vNetSolution": {"type": "privateLink", "deleteOrUpdateBehavior":
        "Default"}, "secretStore": {"keyVaultId": null, "keyVaultSecretName": null}}}'
    headers:
      cache-control:
      - no-cache
      content-length:
      - '1187'
      content-type:
      - application/json; charset=utf-8
      date:
      - Wed, 14 Dec 2022 10:00:46 GMT
      etag:
      - '"36009348-0000-0100-0000-63999eb80000"'
      expires:
      - '-1'
      mise-correlation-id:
      - 1f5e68d3-2524-4717-9413-d1136855608b
      pragma:
      - no-cache
      strict-transport-security:
      - max-age=31536000; includeSubDomains
      transfer-encoding:
      - chunked
      vary:
      - Accept-Encoding
      x-content-type-options:
      - nosniff
      x-ms-providerhub-traffic:
      - 'True'
    status:
      code: 200
      message: OK
- request:
    body: null
    headers:
      Accept:
      - application/json
      Accept-Encoding:
      - gzip, deflate
      CommandName:
      - webapp connection update storage-blob
      Connection:
      - keep-alive
      ParameterSetName:
      - --id --secret
      User-Agent:
      - AZURECLI/2.43.0 (PIP) azsdk-python-mgmt-servicelinker/1.2.0b1 Python/3.8.8
        (Windows-10-10.0.22621-SP0)
    method: GET
    uri: https://management.azure.com/subscriptions/00000000-0000-0000-0000-000000000000/resourceGroups/servicelinker-test-linux-group/providers/Microsoft.Web/sites/servicelinker-storageblob-app/providers/Microsoft.ServiceLinker/linkers/testconn?api-version=2022-11-01-preview
  response:
    body:
      string: '{"id": "/subscriptions/00000000-0000-0000-0000-000000000000/resourceGroups/servicelinker-test-linux-group/providers/Microsoft.Web/sites/servicelinker-storageblob-app/providers/Microsoft.ServiceLinker/linkers/testconn",
        "name": "testconn", "type": "microsoft.servicelinker/linkers", "systemData":
        {"createdBy": "xiaofanzhou@microsoft.com", "createdByType": "User", "createdAt":
        "2022-12-14T10:00:01.9165816Z", "lastModifiedBy": "xiaofanzhou@microsoft.com",
        "lastModifiedByType": "User", "lastModifiedAt": "2022-12-14T10:00:01.9165816Z"},
        "properties": {"publicNetworkSolution": null, "configurationInfo": null, "provisioningState":
        "Succeeded", "targetService": {"id": "/subscriptions/00000000-0000-0000-0000-000000000000/resourceGroups/servicelinker-test-linux-group/providers/Microsoft.Storage/storageAccounts/servicelinkerteststorage/blobServices/default",
        "resourceProperties": null, "type": "AzureResource"}, "authInfo": {"name":
        null, "secretInfo": {"secretType": "rawValue"}, "authType": "secret"}, "clientType":
        "python", "scope": null, "vNetSolution": {"type": "privateLink", "deleteOrUpdateBehavior":
        "Default"}, "secretStore": {"keyVaultId": null, "keyVaultSecretName": null}}}'
    headers:
      cache-control:
      - no-cache
      content-length:
      - '1187'
      content-type:
      - application/json; charset=utf-8
      date:
      - Wed, 14 Dec 2022 10:00:53 GMT
      etag:
      - '"36009348-0000-0100-0000-63999eb80000"'
      expires:
      - '-1'
      mise-correlation-id:
      - 94eaaed1-f111-4559-b750-5d6cd83d7d5d
      pragma:
      - no-cache
      strict-transport-security:
      - max-age=31536000; includeSubDomains
      transfer-encoding:
      - chunked
      vary:
      - Accept-Encoding
      x-content-type-options:
      - nosniff
      x-ms-providerhub-traffic:
      - 'True'
    status:
      code: 200
      message: OK
- request:
    body: '{"properties": {"targetService": {"type": "AzureResource", "id": "/subscriptions/00000000-0000-0000-0000-000000000000/resourceGroups/servicelinker-test-linux-group/providers/Microsoft.Storage/storageAccounts/servicelinkerteststorage/blobServices/default"},
      "authInfo": {"authType": "secret"}, "clientType": "python", "vNetSolution":
      {"type": "privateLink", "deleteOrUpdateBehavior": "Default"}, "secretStore":
      {}}}'
    headers:
      Accept:
      - application/json
      Accept-Encoding:
      - gzip, deflate
      CommandName:
      - webapp connection update storage-blob
      Connection:
      - keep-alive
      Content-Length:
      - '414'
      Content-Type:
      - application/json
      ParameterSetName:
      - --id --secret
      User-Agent:
      - AZURECLI/2.43.0 (PIP) azsdk-python-mgmt-servicelinker/1.2.0b1 Python/3.8.8
        (Windows-10-10.0.22621-SP0)
    method: PUT
    uri: https://management.azure.com/subscriptions/00000000-0000-0000-0000-000000000000/resourceGroups/servicelinker-test-linux-group/providers/Microsoft.Web/sites/servicelinker-storageblob-app/providers/Microsoft.ServiceLinker/linkers/testconn?api-version=2022-11-01-preview
  response:
    body:
      string: '{"id": "/subscriptions/00000000-0000-0000-0000-000000000000/resourceGroups/servicelinker-test-linux-group/providers/Microsoft.Web/sites/servicelinker-storageblob-app/providers/Microsoft.ServiceLinker/linkers/testconn",
        "name": "testconn", "type": "microsoft.servicelinker/linkers", "systemData":
        {"createdBy": "xiaofanzhou@microsoft.com", "createdByType": "User", "createdAt":
        "2022-12-14T10:00:01.9165816Z", "lastModifiedBy": "xiaofanzhou@microsoft.com",
        "lastModifiedByType": "User", "lastModifiedAt": "2022-12-14T10:00:54.7263923Z"},
        "properties": {"provisioningState": "Accepted", "targetService": {"id": "/subscriptions/00000000-0000-0000-0000-000000000000/resourceGroups/servicelinker-test-linux-group/providers/Microsoft.Storage/storageAccounts/servicelinkerteststorage/blobServices/default",
        "resourceProperties": null, "type": "AzureResource"}, "authInfo": {"name":
        null, "secretInfo": null, "authType": "secret"}, "vNetSolution": {"type":
        "privateLink", "deleteOrUpdateBehavior": "Default"}, "clientType": "python",
        "secretStore": {"keyVaultId": null, "keyVaultSecretName": null}, "scope":
        null, "publicNetworkSolution": null, "configurationInfo": null}}'
    headers:
      azure-asyncoperation:
      - https://management.azure.com/subscriptions/00000000-0000-0000-0000-000000000000/providers/Microsoft.ServiceLinker/locations/EASTUS/operationStatuses/7c034733-0b00-40cc-8a3d-c324ce3d6dd4*FE7F78E8B9CFFDB9E710A6821DFC983C3CC929A45BC45B6216A1A9AB91FECA7C?api-version=2021-01-01-privatepreview
      cache-control:
      - no-cache
      content-length:
      - '1164'
      content-type:
      - application/json; charset=utf-8
      date:
      - Wed, 14 Dec 2022 10:00:55 GMT
      etag:
      - '"36003f4a-0000-0100-0000-63999ed70000"'
      expires:
      - '-1'
      mise-correlation-id:
      - 1dbd0be4-34a1-41f2-bd77-2765bf1c9f50
      pragma:
      - no-cache
      strict-transport-security:
      - max-age=31536000; includeSubDomains
      x-content-type-options:
      - nosniff
      x-ms-providerhub-traffic:
      - 'True'
      x-ms-ratelimit-remaining-subscription-writes:
      - '1199'
    status:
      code: 201
      message: Created
- request:
    body: null
    headers:
      Accept:
      - '*/*'
      Accept-Encoding:
      - gzip, deflate
      CommandName:
      - webapp connection update storage-blob
      Connection:
      - keep-alive
      ParameterSetName:
      - --id --secret
      User-Agent:
      - AZURECLI/2.43.0 (PIP) azsdk-python-mgmt-servicelinker/1.2.0b1 Python/3.8.8
        (Windows-10-10.0.22621-SP0)
    method: GET
    uri: https://management.azure.com/subscriptions/00000000-0000-0000-0000-000000000000/providers/Microsoft.ServiceLinker/locations/EASTUS/operationStatuses/7c034733-0b00-40cc-8a3d-c324ce3d6dd4*FE7F78E8B9CFFDB9E710A6821DFC983C3CC929A45BC45B6216A1A9AB91FECA7C?api-version=2021-01-01-privatepreview
  response:
    body:
      string: '{"id": "/subscriptions/00000000-0000-0000-0000-000000000000/providers/Microsoft.ServiceLinker/locations/EASTUS/operationStatuses/7c034733-0b00-40cc-8a3d-c324ce3d6dd4*FE7F78E8B9CFFDB9E710A6821DFC983C3CC929A45BC45B6216A1A9AB91FECA7C",
        "name": "7c034733-0b00-40cc-8a3d-c324ce3d6dd4*FE7F78E8B9CFFDB9E710A6821DFC983C3CC929A45BC45B6216A1A9AB91FECA7C",
        "resourceId": "/subscriptions/00000000-0000-0000-0000-000000000000/resourceGroups/servicelinker-test-linux-group/providers/Microsoft.Web/sites/servicelinker-storageblob-app/providers/Microsoft.ServiceLinker/linkers/testconn",
        "status": "Succeeded", "startTime": "2022-12-14T10:00:55.1427511Z", "endTime":
        "2022-12-14T10:01:00.71048Z", "properties": {"Message": null}}'
    headers:
      cache-control:
      - no-cache
      content-length:
      - '713'
      content-type:
      - application/json; charset=utf-8
      date:
      - Wed, 14 Dec 2022 10:01:26 GMT
      etag:
      - '"100033c2-0000-0100-0000-63999edc0000"'
      expires:
      - '-1'
      pragma:
      - no-cache
      strict-transport-security:
      - max-age=31536000; includeSubDomains
      transfer-encoding:
      - chunked
      vary:
      - Accept-Encoding
      x-content-type-options:
      - nosniff
    status:
      code: 200
      message: OK
- request:
    body: null
    headers:
      Accept:
      - '*/*'
      Accept-Encoding:
      - gzip, deflate
      CommandName:
      - webapp connection update storage-blob
      Connection:
      - keep-alive
      ParameterSetName:
      - --id --secret
      User-Agent:
      - AZURECLI/2.43.0 (PIP) azsdk-python-mgmt-servicelinker/1.2.0b1 Python/3.8.8
        (Windows-10-10.0.22621-SP0)
    method: GET
    uri: https://management.azure.com/subscriptions/00000000-0000-0000-0000-000000000000/resourceGroups/servicelinker-test-linux-group/providers/Microsoft.Web/sites/servicelinker-storageblob-app/providers/Microsoft.ServiceLinker/linkers/testconn?api-version=2022-11-01-preview
  response:
    body:
      string: '{"id": "/subscriptions/00000000-0000-0000-0000-000000000000/resourceGroups/servicelinker-test-linux-group/providers/Microsoft.Web/sites/servicelinker-storageblob-app/providers/Microsoft.ServiceLinker/linkers/testconn",
        "name": "testconn", "type": "microsoft.servicelinker/linkers", "systemData":
        {"createdBy": "xiaofanzhou@microsoft.com", "createdByType": "User", "createdAt":
        "2022-12-14T10:00:01.9165816Z", "lastModifiedBy": "xiaofanzhou@microsoft.com",
        "lastModifiedByType": "User", "lastModifiedAt": "2022-12-14T10:00:54.7263923Z"},
        "properties": {"publicNetworkSolution": null, "configurationInfo": null, "provisioningState":
        "Succeeded", "targetService": {"id": "/subscriptions/00000000-0000-0000-0000-000000000000/resourceGroups/servicelinker-test-linux-group/providers/Microsoft.Storage/storageAccounts/servicelinkerteststorage/blobServices/default",
        "resourceProperties": null, "type": "AzureResource"}, "authInfo": {"name":
        null, "secretInfo": {"secretType": "rawValue"}, "authType": "secret"}, "clientType":
        "python", "scope": null, "vNetSolution": {"type": "privateLink", "deleteOrUpdateBehavior":
        "Default"}, "secretStore": {"keyVaultId": null, "keyVaultSecretName": null}}}'
    headers:
      cache-control:
      - no-cache
      content-length:
      - '1187'
      content-type:
      - application/json; charset=utf-8
      date:
      - Wed, 14 Dec 2022 10:01:27 GMT
      etag:
      - '"3600a34a-0000-0100-0000-63999edc0000"'
      expires:
      - '-1'
      mise-correlation-id:
      - b3943a1a-c328-4aad-a7cb-8ff6cb86300f
      pragma:
      - no-cache
      strict-transport-security:
      - max-age=31536000; includeSubDomains
      transfer-encoding:
      - chunked
      vary:
      - Accept-Encoding
      x-content-type-options:
      - nosniff
      x-ms-providerhub-traffic:
      - 'True'
    status:
      code: 200
      message: OK
- request:
    body: null
    headers:
      Accept:
      - application/json
      Accept-Encoding:
      - gzip, deflate
      CommandName:
      - webapp connection show
      Connection:
      - keep-alive
      ParameterSetName:
      - --id
      User-Agent:
      - AZURECLI/2.43.0 (PIP) azsdk-python-mgmt-servicelinker/1.2.0b1 Python/3.8.8
        (Windows-10-10.0.22621-SP0)
    method: GET
    uri: https://management.azure.com/subscriptions/00000000-0000-0000-0000-000000000000/resourceGroups/servicelinker-test-linux-group/providers/Microsoft.Web/sites/servicelinker-storageblob-app/providers/Microsoft.ServiceLinker/linkers/testconn?api-version=2022-11-01-preview
  response:
    body:
      string: '{"id": "/subscriptions/00000000-0000-0000-0000-000000000000/resourceGroups/servicelinker-test-linux-group/providers/Microsoft.Web/sites/servicelinker-storageblob-app/providers/Microsoft.ServiceLinker/linkers/testconn",
        "name": "testconn", "type": "microsoft.servicelinker/linkers", "systemData":
        {"createdBy": "xiaofanzhou@microsoft.com", "createdByType": "User", "createdAt":
        "2022-12-14T10:00:01.9165816Z", "lastModifiedBy": "xiaofanzhou@microsoft.com",
        "lastModifiedByType": "User", "lastModifiedAt": "2022-12-14T10:00:54.7263923Z"},
        "properties": {"publicNetworkSolution": null, "configurationInfo": null, "provisioningState":
        "Succeeded", "targetService": {"id": "/subscriptions/00000000-0000-0000-0000-000000000000/resourceGroups/servicelinker-test-linux-group/providers/Microsoft.Storage/storageAccounts/servicelinkerteststorage/blobServices/default",
        "resourceProperties": null, "type": "AzureResource"}, "authInfo": {"name":
        null, "secretInfo": {"secretType": "rawValue"}, "authType": "secret"}, "clientType":
        "python", "scope": null, "vNetSolution": {"type": "privateLink", "deleteOrUpdateBehavior":
        "Default"}, "secretStore": {"keyVaultId": null, "keyVaultSecretName": null}}}'
    headers:
      cache-control:
      - no-cache
      content-length:
      - '1187'
      content-type:
      - application/json; charset=utf-8
      date:
      - Wed, 14 Dec 2022 10:01:32 GMT
      etag:
      - '"3600a34a-0000-0100-0000-63999edc0000"'
      expires:
      - '-1'
      mise-correlation-id:
      - 1f7db531-e2ef-4832-8fa5-0b40987ab6a3
      pragma:
      - no-cache
      strict-transport-security:
      - max-age=31536000; includeSubDomains
      transfer-encoding:
      - chunked
      vary:
      - Accept-Encoding
      x-content-type-options:
      - nosniff
      x-ms-providerhub-traffic:
      - 'True'
    status:
      code: 200
      message: OK
- request:
    body: null
    headers:
      Accept:
      - application/json
      Accept-Encoding:
      - gzip, deflate
      CommandName:
      - webapp connection update storage-blob
      Connection:
      - keep-alive
      ParameterSetName:
      - --id --secret --private-endpoint
      User-Agent:
      - AZURECLI/2.43.0 (PIP) azsdk-python-mgmt-servicelinker/1.2.0b1 Python/3.8.8
        (Windows-10-10.0.22621-SP0)
    method: GET
    uri: https://management.azure.com/subscriptions/00000000-0000-0000-0000-000000000000/resourceGroups/servicelinker-test-linux-group/providers/Microsoft.Web/sites/servicelinker-storageblob-app/providers/Microsoft.ServiceLinker/linkers/testconn?api-version=2022-11-01-preview
  response:
    body:
      string: '{"id": "/subscriptions/00000000-0000-0000-0000-000000000000/resourceGroups/servicelinker-test-linux-group/providers/Microsoft.Web/sites/servicelinker-storageblob-app/providers/Microsoft.ServiceLinker/linkers/testconn",
        "name": "testconn", "type": "microsoft.servicelinker/linkers", "systemData":
        {"createdBy": "xiaofanzhou@microsoft.com", "createdByType": "User", "createdAt":
        "2022-12-14T10:00:01.9165816Z", "lastModifiedBy": "xiaofanzhou@microsoft.com",
        "lastModifiedByType": "User", "lastModifiedAt": "2022-12-14T10:00:54.7263923Z"},
        "properties": {"publicNetworkSolution": null, "configurationInfo": null, "provisioningState":
        "Succeeded", "targetService": {"id": "/subscriptions/00000000-0000-0000-0000-000000000000/resourceGroups/servicelinker-test-linux-group/providers/Microsoft.Storage/storageAccounts/servicelinkerteststorage/blobServices/default",
        "resourceProperties": null, "type": "AzureResource"}, "authInfo": {"name":
        null, "secretInfo": {"secretType": "rawValue"}, "authType": "secret"}, "clientType":
        "python", "scope": null, "vNetSolution": {"type": "privateLink", "deleteOrUpdateBehavior":
        "Default"}, "secretStore": {"keyVaultId": null, "keyVaultSecretName": null}}}'
    headers:
      cache-control:
      - no-cache
      content-length:
      - '1187'
      content-type:
      - application/json; charset=utf-8
      date:
      - Wed, 14 Dec 2022 10:01:40 GMT
      etag:
      - '"3600a34a-0000-0100-0000-63999edc0000"'
      expires:
      - '-1'
      mise-correlation-id:
      - 34ab46b0-b9b3-4d11-b11c-9a95d21058ea
      pragma:
      - no-cache
      strict-transport-security:
      - max-age=31536000; includeSubDomains
      transfer-encoding:
      - chunked
      vary:
      - Accept-Encoding
      x-content-type-options:
      - nosniff
      x-ms-providerhub-traffic:
      - 'True'
    status:
      code: 200
      message: OK
- request:
    body: '{"properties": {"targetService": {"type": "AzureResource", "id": "/subscriptions/00000000-0000-0000-0000-000000000000/resourceGroups/servicelinker-test-linux-group/providers/Microsoft.Storage/storageAccounts/servicelinkerteststorage/blobServices/default"},
      "authInfo": {"authType": "secret"}, "clientType": "python", "secretStore": {}}}'
    headers:
      Accept:
      - application/json
      Accept-Encoding:
      - gzip, deflate
      CommandName:
      - webapp connection update storage-blob
      Connection:
      - keep-alive
      Content-Length:
      - '336'
      Content-Type:
      - application/json
      ParameterSetName:
      - --id --secret --private-endpoint
      User-Agent:
      - AZURECLI/2.43.0 (PIP) azsdk-python-mgmt-servicelinker/1.2.0b1 Python/3.8.8
        (Windows-10-10.0.22621-SP0)
    method: PUT
    uri: https://management.azure.com/subscriptions/00000000-0000-0000-0000-000000000000/resourceGroups/servicelinker-test-linux-group/providers/Microsoft.Web/sites/servicelinker-storageblob-app/providers/Microsoft.ServiceLinker/linkers/testconn?api-version=2022-11-01-preview
  response:
    body:
      string: '{"id": "/subscriptions/00000000-0000-0000-0000-000000000000/resourceGroups/servicelinker-test-linux-group/providers/Microsoft.Web/sites/servicelinker-storageblob-app/providers/Microsoft.ServiceLinker/linkers/testconn",
        "name": "testconn", "type": "microsoft.servicelinker/linkers", "systemData":
        {"createdBy": "xiaofanzhou@microsoft.com", "createdByType": "User", "createdAt":
        "2022-12-14T10:00:01.9165816Z", "lastModifiedBy": "xiaofanzhou@microsoft.com",
        "lastModifiedByType": "User", "lastModifiedAt": "2022-12-14T10:01:42.103673Z"},
        "properties": {"provisioningState": "Accepted", "targetService": {"id": "/subscriptions/00000000-0000-0000-0000-000000000000/resourceGroups/servicelinker-test-linux-group/providers/Microsoft.Storage/storageAccounts/servicelinkerteststorage/blobServices/default",
        "resourceProperties": null, "type": "AzureResource"}, "authInfo": {"name":
        null, "secretInfo": null, "authType": "secret"}, "vNetSolution": null, "clientType":
        "python", "secretStore": {"keyVaultId": null, "keyVaultSecretName": null},
        "scope": null, "publicNetworkSolution": null, "configurationInfo": null}}'
    headers:
      azure-asyncoperation:
      - https://management.azure.com/subscriptions/00000000-0000-0000-0000-000000000000/providers/Microsoft.ServiceLinker/locations/EASTUS/operationStatuses/39bda94b-b168-4e9c-8f0b-61207ec7872f*FE7F78E8B9CFFDB9E710A6821DFC983C3CC929A45BC45B6216A1A9AB91FECA7C?api-version=2021-01-01-privatepreview
      cache-control:
      - no-cache
      content-length:
      - '1107'
      content-type:
      - application/json; charset=utf-8
      date:
      - Wed, 14 Dec 2022 10:01:42 GMT
      etag:
      - '"3600194d-0000-0100-0000-63999f060000"'
      expires:
      - '-1'
      mise-correlation-id:
      - 39b0f75e-7e4f-41c9-8de3-017bcd1fb1f3
      pragma:
      - no-cache
      strict-transport-security:
      - max-age=31536000; includeSubDomains
      x-content-type-options:
      - nosniff
      x-ms-providerhub-traffic:
      - 'True'
      x-ms-ratelimit-remaining-subscription-writes:
      - '1199'
    status:
      code: 201
      message: Created
- request:
    body: null
    headers:
      Accept:
      - '*/*'
      Accept-Encoding:
      - gzip, deflate
      CommandName:
      - webapp connection update storage-blob
      Connection:
      - keep-alive
      ParameterSetName:
      - --id --secret --private-endpoint
      User-Agent:
      - AZURECLI/2.43.0 (PIP) azsdk-python-mgmt-servicelinker/1.2.0b1 Python/3.8.8
        (Windows-10-10.0.22621-SP0)
    method: GET
    uri: https://management.azure.com/subscriptions/00000000-0000-0000-0000-000000000000/providers/Microsoft.ServiceLinker/locations/EASTUS/operationStatuses/39bda94b-b168-4e9c-8f0b-61207ec7872f*FE7F78E8B9CFFDB9E710A6821DFC983C3CC929A45BC45B6216A1A9AB91FECA7C?api-version=2021-01-01-privatepreview
  response:
    body:
      string: '{"id": "/subscriptions/00000000-0000-0000-0000-000000000000/providers/Microsoft.ServiceLinker/locations/EASTUS/operationStatuses/39bda94b-b168-4e9c-8f0b-61207ec7872f*FE7F78E8B9CFFDB9E710A6821DFC983C3CC929A45BC45B6216A1A9AB91FECA7C",
        "name": "39bda94b-b168-4e9c-8f0b-61207ec7872f*FE7F78E8B9CFFDB9E710A6821DFC983C3CC929A45BC45B6216A1A9AB91FECA7C",
        "resourceId": "/subscriptions/00000000-0000-0000-0000-000000000000/resourceGroups/servicelinker-test-linux-group/providers/Microsoft.Web/sites/servicelinker-storageblob-app/providers/Microsoft.ServiceLinker/linkers/testconn",
        "status": "Succeeded", "startTime": "2022-12-14T10:01:42.5052143Z", "endTime":
        "2022-12-14T10:01:48.4897066Z", "properties": {"Message": null}}'
    headers:
      cache-control:
      - no-cache
      content-length:
      - '715'
      content-type:
      - application/json; charset=utf-8
      date:
      - Wed, 14 Dec 2022 10:02:13 GMT
      etag:
      - '"1000ffc2-0000-0100-0000-63999f0c0000"'
      expires:
      - '-1'
      pragma:
      - no-cache
      strict-transport-security:
      - max-age=31536000; includeSubDomains
      transfer-encoding:
      - chunked
      vary:
      - Accept-Encoding
      x-content-type-options:
      - nosniff
    status:
      code: 200
      message: OK
- request:
    body: null
    headers:
      Accept:
      - '*/*'
      Accept-Encoding:
      - gzip, deflate
      CommandName:
      - webapp connection update storage-blob
      Connection:
      - keep-alive
      ParameterSetName:
      - --id --secret --private-endpoint
      User-Agent:
      - AZURECLI/2.43.0 (PIP) azsdk-python-mgmt-servicelinker/1.2.0b1 Python/3.8.8
        (Windows-10-10.0.22621-SP0)
    method: GET
    uri: https://management.azure.com/subscriptions/00000000-0000-0000-0000-000000000000/resourceGroups/servicelinker-test-linux-group/providers/Microsoft.Web/sites/servicelinker-storageblob-app/providers/Microsoft.ServiceLinker/linkers/testconn?api-version=2022-11-01-preview
  response:
    body:
      string: '{"id": "/subscriptions/00000000-0000-0000-0000-000000000000/resourceGroups/servicelinker-test-linux-group/providers/Microsoft.Web/sites/servicelinker-storageblob-app/providers/Microsoft.ServiceLinker/linkers/testconn",
        "name": "testconn", "type": "microsoft.servicelinker/linkers", "systemData":
        {"createdBy": "xiaofanzhou@microsoft.com", "createdByType": "User", "createdAt":
        "2022-12-14T10:00:01.9165816Z", "lastModifiedBy": "xiaofanzhou@microsoft.com",
        "lastModifiedByType": "User", "lastModifiedAt": "2022-12-14T10:01:42.103673Z"},
        "properties": {"publicNetworkSolution": null, "configurationInfo": null, "provisioningState":
        "Succeeded", "targetService": {"id": "/subscriptions/00000000-0000-0000-0000-000000000000/resourceGroups/servicelinker-test-linux-group/providers/Microsoft.Storage/storageAccounts/servicelinkerteststorage/blobServices/default",
        "resourceProperties": null, "type": "AzureResource"}, "authInfo": {"name":
        null, "secretInfo": {"secretType": "rawValue"}, "authType": "secret"}, "clientType":
        "python", "scope": null, "vNetSolution": null, "secretStore": {"keyVaultId":
        null, "keyVaultSecretName": null}}}'
    headers:
      cache-control:
      - no-cache
      content-length:
      - '1130'
      content-type:
      - application/json; charset=utf-8
      date:
      - Wed, 14 Dec 2022 10:02:14 GMT
      etag:
      - '"3600714d-0000-0100-0000-63999f0c0000"'
      expires:
      - '-1'
      mise-correlation-id:
      - 67163d62-dfea-4874-8de3-b33b97c9990a
      pragma:
      - no-cache
      strict-transport-security:
      - max-age=31536000; includeSubDomains
      transfer-encoding:
      - chunked
      vary:
      - Accept-Encoding
      x-content-type-options:
      - nosniff
      x-ms-providerhub-traffic:
      - 'True'
    status:
      code: 200
      message: OK
- request:
    body: null
    headers:
      Accept:
      - application/json
      Accept-Encoding:
      - gzip, deflate
      CommandName:
      - webapp connection show
      Connection:
      - keep-alive
      ParameterSetName:
      - --id
      User-Agent:
      - AZURECLI/2.43.0 (PIP) azsdk-python-mgmt-servicelinker/1.2.0b1 Python/3.8.8
        (Windows-10-10.0.22621-SP0)
    method: GET
    uri: https://management.azure.com/subscriptions/00000000-0000-0000-0000-000000000000/resourceGroups/servicelinker-test-linux-group/providers/Microsoft.Web/sites/servicelinker-storageblob-app/providers/Microsoft.ServiceLinker/linkers/testconn?api-version=2022-11-01-preview
  response:
    body:
      string: '{"id": "/subscriptions/00000000-0000-0000-0000-000000000000/resourceGroups/servicelinker-test-linux-group/providers/Microsoft.Web/sites/servicelinker-storageblob-app/providers/Microsoft.ServiceLinker/linkers/testconn",
        "name": "testconn", "type": "microsoft.servicelinker/linkers", "systemData":
        {"createdBy": "xiaofanzhou@microsoft.com", "createdByType": "User", "createdAt":
        "2022-12-14T10:00:01.9165816Z", "lastModifiedBy": "xiaofanzhou@microsoft.com",
        "lastModifiedByType": "User", "lastModifiedAt": "2022-12-14T10:01:42.103673Z"},
        "properties": {"publicNetworkSolution": null, "configurationInfo": null, "provisioningState":
        "Succeeded", "targetService": {"id": "/subscriptions/00000000-0000-0000-0000-000000000000/resourceGroups/servicelinker-test-linux-group/providers/Microsoft.Storage/storageAccounts/servicelinkerteststorage/blobServices/default",
        "resourceProperties": null, "type": "AzureResource"}, "authInfo": {"name":
        null, "secretInfo": {"secretType": "rawValue"}, "authType": "secret"}, "clientType":
        "python", "scope": null, "vNetSolution": null, "secretStore": {"keyVaultId":
        null, "keyVaultSecretName": null}}}'
    headers:
      cache-control:
      - no-cache
      content-length:
      - '1130'
      content-type:
      - application/json; charset=utf-8
      date:
      - Wed, 14 Dec 2022 10:02:19 GMT
      etag:
      - '"3600714d-0000-0100-0000-63999f0c0000"'
      expires:
      - '-1'
      mise-correlation-id:
      - 4911406f-a185-48e5-83c4-c4fb12098bf4
      pragma:
      - no-cache
      strict-transport-security:
      - max-age=31536000; includeSubDomains
      transfer-encoding:
      - chunked
      vary:
      - Accept-Encoding
      x-content-type-options:
      - nosniff
      x-ms-providerhub-traffic:
      - 'True'
    status:
      code: 200
      message: OK
- request:
    body: null
    headers:
      Accept:
      - application/json
      Accept-Encoding:
      - gzip, deflate
      CommandName:
      - webapp connection list
      Connection:
      - keep-alive
      ParameterSetName:
      - --source-id
      User-Agent:
      - AZURECLI/2.43.0 (PIP) azsdk-python-mgmt-servicelinker/1.2.0b1 Python/3.8.8
        (Windows-10-10.0.22621-SP0)
    method: GET
    uri: https://management.azure.com/subscriptions/00000000-0000-0000-0000-000000000000/resourceGroups/servicelinker-test-linux-group/providers/Microsoft.Web/sites/servicelinker-storageblob-app/providers/Microsoft.ServiceLinker/linkers?api-version=2022-11-01-preview
  response:
    body:
      string: '{"value": [{"id": "/subscriptions/00000000-0000-0000-0000-000000000000/resourceGroups/servicelinker-test-linux-group/providers/Microsoft.Web/sites/servicelinker-storageblob-app/providers/Microsoft.ServiceLinker/linkers/testconn",
        "name": "testconn", "type": "microsoft.servicelinker/linkers", "systemData":
        {"createdBy": "xiaofanzhou@microsoft.com", "createdByType": "User", "createdAt":
        "2022-12-14T10:00:01.9165816Z", "lastModifiedBy": "xiaofanzhou@microsoft.com",
        "lastModifiedByType": "User", "lastModifiedAt": "2022-12-14T10:01:42.103673Z"},
        "properties": {"publicNetworkSolution": null, "configurationInfo": null, "provisioningState":
        "Succeeded", "targetService": {"id": "/subscriptions/00000000-0000-0000-0000-000000000000/resourceGroups/servicelinker-test-linux-group/providers/Microsoft.Storage/storageAccounts/servicelinkerteststorage/blobServices/default",
        "resourceProperties": null, "type": "AzureResource"}, "authInfo": {"name":
        null, "secretInfo": {"secretType": "rawValue"}, "authType": "secret"}, "clientType":
        "python", "scope": null, "vNetSolution": null, "secretStore": {"keyVaultId":
        null, "keyVaultSecretName": null}}}]}'
    headers:
      cache-control:
      - no-cache
      content-length:
      - '1143'
      content-type:
      - application/json; charset=utf-8
      date:
      - Wed, 14 Dec 2022 10:02:27 GMT
      expires:
      - '-1'
      mise-correlation-id:
      - 4b9ddffb-f032-4dd5-9ee7-55a4ded11d9d
      pragma:
      - no-cache
      strict-transport-security:
      - max-age=31536000; includeSubDomains
      transfer-encoding:
      - chunked
      vary:
      - Accept-Encoding
      x-content-type-options:
      - nosniff
      x-ms-providerhub-traffic:
      - 'True'
    status:
      code: 200
      message: OK
- request:
    body: null
    headers:
      Accept:
      - application/json
      Accept-Encoding:
      - gzip, deflate
      CommandName:
      - webapp connection delete
      Connection:
      - keep-alive
      Content-Length:
      - '0'
      ParameterSetName:
      - --id --yes
      User-Agent:
      - AZURECLI/2.43.0 (PIP) azsdk-python-mgmt-servicelinker/1.2.0b1 Python/3.8.8
        (Windows-10-10.0.22621-SP0)
    method: DELETE
    uri: https://management.azure.com/subscriptions/00000000-0000-0000-0000-000000000000/resourceGroups/servicelinker-test-linux-group/providers/Microsoft.Web/sites/servicelinker-storageblob-app/providers/Microsoft.ServiceLinker/linkers/testconn?api-version=2022-11-01-preview
  response:
    body:
      string: 'null'
    headers:
      azure-asyncoperation:
      - https://management.azure.com/subscriptions/00000000-0000-0000-0000-000000000000/providers/Microsoft.ServiceLinker/locations/EASTUS/operationStatuses/fa034601-b637-4cdc-b44d-34d0b8602b8d*FE7F78E8B9CFFDB9E710A6821DFC983C3CC929A45BC45B6216A1A9AB91FECA7C?api-version=2021-01-01-privatepreview
      cache-control:
      - no-cache
      content-length:
      - '4'
      content-type:
      - application/json; charset=utf-8
      date:
      - Wed, 14 Dec 2022 10:02:30 GMT
      etag:
      - '"3600db4f-0000-0100-0000-63999f360000"'
      expires:
      - '-1'
      location:
      - https://management.azure.com/subscriptions/00000000-0000-0000-0000-000000000000/providers/Microsoft.ServiceLinker/locations/EASTUS/operationStatuses/fa034601-b637-4cdc-b44d-34d0b8602b8d*FE7F78E8B9CFFDB9E710A6821DFC983C3CC929A45BC45B6216A1A9AB91FECA7C?api-version=2021-01-01-privatepreview
      mise-correlation-id:
      - 668c441e-ff7f-4399-9d41-9bb0ff0ec286
      pragma:
      - no-cache
      strict-transport-security:
      - max-age=31536000; includeSubDomains
      x-content-type-options:
      - nosniff
      x-ms-providerhub-traffic:
      - 'True'
      x-ms-ratelimit-remaining-subscription-deletes:
      - '14999'
    status:
      code: 202
      message: Accepted
- request:
    body: null
    headers:
      Accept:
      - '*/*'
      Accept-Encoding:
      - gzip, deflate
      CommandName:
      - webapp connection delete
      Connection:
      - keep-alive
      ParameterSetName:
      - --id --yes
      User-Agent:
      - AZURECLI/2.43.0 (PIP) azsdk-python-mgmt-servicelinker/1.2.0b1 Python/3.8.8
        (Windows-10-10.0.22621-SP0)
    method: GET
    uri: https://management.azure.com/subscriptions/00000000-0000-0000-0000-000000000000/providers/Microsoft.ServiceLinker/locations/EASTUS/operationStatuses/fa034601-b637-4cdc-b44d-34d0b8602b8d*FE7F78E8B9CFFDB9E710A6821DFC983C3CC929A45BC45B6216A1A9AB91FECA7C?api-version=2021-01-01-privatepreview
  response:
    body:
      string: '{"id": "/subscriptions/00000000-0000-0000-0000-000000000000/providers/Microsoft.ServiceLinker/locations/EASTUS/operationStatuses/fa034601-b637-4cdc-b44d-34d0b8602b8d*FE7F78E8B9CFFDB9E710A6821DFC983C3CC929A45BC45B6216A1A9AB91FECA7C",
        "name": "fa034601-b637-4cdc-b44d-34d0b8602b8d*FE7F78E8B9CFFDB9E710A6821DFC983C3CC929A45BC45B6216A1A9AB91FECA7C",
        "resourceId": "/subscriptions/00000000-0000-0000-0000-000000000000/resourceGroups/servicelinker-test-linux-group/providers/Microsoft.Web/sites/servicelinker-storageblob-app/providers/Microsoft.ServiceLinker/linkers/testconn",
        "status": "Succeeded", "startTime": "2022-12-14T10:02:30.5352775Z", "endTime":
        "2022-12-14T10:02:35.9150454Z", "properties": null}'
    headers:
      cache-control:
      - no-cache
      content-length:
      - '702'
      content-type:
      - application/json; charset=utf-8
      date:
      - Wed, 14 Dec 2022 10:03:01 GMT
      etag:
      - '"1000cac3-0000-0100-0000-63999f3b0000"'
      expires:
      - '-1'
      pragma:
      - no-cache
      strict-transport-security:
      - max-age=31536000; includeSubDomains
      transfer-encoding:
      - chunked
      vary:
      - Accept-Encoding
      x-content-type-options:
      - nosniff
    status:
      code: 200
      message: OK
version: 1
