interactions:
- request:
    body: '{"properties": {"targetId": "/subscriptions/00000000-0000-0000-0000-000000000000/resourceGroups/servicelinker-test-win-group/providers/Microsoft.DocumentDB/databaseAccounts/servicelinker-mongo-cosmos2/mongodbDatabases/coreDB",
      "authInfo": {"authType": "systemAssignedIdentity"}, "clientType": "dotnet"}}'
    headers:
      Accept:
      - application/json
      Accept-Encoding:
      - gzip, deflate
      CommandName:
      - webapp connection create cosmos-mongo
      Connection:
      - keep-alive
      Content-Length:
      - '303'
      Content-Type:
      - application/json
      ParameterSetName:
      - --connection --source-id --target-id --system-identity --client-type
      User-Agent:
      - AZURECLI/2.29.1 azsdk-python-mgmt-servicelinker/1.0.0b1 Python/3.8.2 (Windows-10-10.0.19041-SP0)
    method: PUT
    uri: https://management.azure.com/subscriptions/00000000-0000-0000-0000-000000000000/resourceGroups/servicelinker-test-win-group/providers/Microsoft.Web/sites/servicelinker-mongo-cosmos-asp-app2/providers/Microsoft.ServiceLinker/linkers/testconn?api-version=2021-11-01-preview
  response:
    body:
      string: '{"id": "/subscriptions/00000000-0000-0000-0000-000000000000/resourceGroups/servicelinker-test-win-group/providers/Microsoft.Web/sites/servicelinker-mongo-cosmos-asp-app2/providers/Microsoft.ServiceLinker/linkers/testconn",
        "name": "testconn", "type": "microsoft.servicelinker/linkers", "systemData":
        {"createdBy": "honc@microsoft.com", "createdByType": "User", "createdAt":
        "2021-10-28T07:21:42.0065543Z", "lastModifiedBy": "honc@microsoft.com", "lastModifiedByType":
        "User", "lastModifiedAt": "2021-10-28T07:21:42.0065543Z"}, "properties": {"targetId":
        "/subscriptions/00000000-0000-0000-0000-000000000000/resourceGroups/servicelinker-test-win-group/providers/Microsoft.DocumentDB/databaseAccounts/servicelinker-mongo-cosmos2/mongodbDatabases/coreDB",
        "authInfo": {"authType": "systemAssignedIdentity"}, "clientType": "dotnet",
        "provisioningState": "Accepted"}}'
    headers:
      azure-asyncoperation:
      - https://management.azure.com/subscriptions/00000000-0000-0000-0000-000000000000/providers/Microsoft.ServiceLinker/locations/EASTUS/operationStatuses/0a3b6bae-7b64-4e99-b819-2aa2e9175133*84DF68312404D39B28A234BA95172C4421DCEBD8385E891C6CF898D346C291A1?api-version=2021-11-01-preview
      cache-control:
      - no-cache
      content-length:
      - '834'
      content-type:
      - application/json; charset=utf-8
      date:
      - Thu, 28 Oct 2021 07:21:42 GMT
      etag:
      - '"3606ff2f-0000-0500-0000-617a4f860000"'
      expires:
      - '-1'
      pragma:
      - no-cache
      strict-transport-security:
      - max-age=31536000; includeSubDomains
      x-content-type-options:
      - nosniff
      x-ms-providerhub-traffic:
      - 'True'
      x-ms-ratelimit-remaining-subscription-writes:
      - '1198'
    status:
      code: 201
      message: Created
- request:
    body: null
    headers:
      Accept:
      - '*/*'
      Accept-Encoding:
      - gzip, deflate
      CommandName:
      - webapp connection create cosmos-mongo
      Connection:
      - keep-alive
      ParameterSetName:
      - --connection --source-id --target-id --system-identity --client-type
      User-Agent:
      - AZURECLI/2.29.1 azsdk-python-mgmt-servicelinker/1.0.0b1 Python/3.8.2 (Windows-10-10.0.19041-SP0)
    method: GET
    uri: https://management.azure.com/subscriptions/00000000-0000-0000-0000-000000000000/providers/Microsoft.ServiceLinker/locations/EASTUS/operationStatuses/0a3b6bae-7b64-4e99-b819-2aa2e9175133*84DF68312404D39B28A234BA95172C4421DCEBD8385E891C6CF898D346C291A1?api-version=2021-11-01-preview
  response:
    body:
      string: '{"id": "/subscriptions/00000000-0000-0000-0000-000000000000/providers/Microsoft.ServiceLinker/locations/EASTUS/operationStatuses/0a3b6bae-7b64-4e99-b819-2aa2e9175133*84DF68312404D39B28A234BA95172C4421DCEBD8385E891C6CF898D346C291A1",
        "name": "0a3b6bae-7b64-4e99-b819-2aa2e9175133*84DF68312404D39B28A234BA95172C4421DCEBD8385E891C6CF898D346C291A1",
        "resourceId": "/subscriptions/00000000-0000-0000-0000-000000000000/resourceGroups/servicelinker-test-win-group/providers/Microsoft.Web/sites/servicelinker-mongo-cosmos-asp-app2/providers/Microsoft.ServiceLinker/linkers/testconn",
        "status": "Accepted", "startTime": "2021-10-28T07:21:42.285747Z"}'
    headers:
      cache-control:
      - no-cache
      content-length:
      - '632'
      content-type:
      - application/json; charset=utf-8
      date:
      - Thu, 28 Oct 2021 07:22:12 GMT
      etag:
      - '"05009b06-0000-0500-0000-617a4f860000"'
      expires:
      - '-1'
      pragma:
      - no-cache
      strict-transport-security:
      - max-age=31536000; includeSubDomains
      transfer-encoding:
      - chunked
      vary:
      - Accept-Encoding
      x-content-type-options:
      - nosniff
    status:
      code: 200
      message: OK
- request:
    body: null
    headers:
      Accept:
      - '*/*'
      Accept-Encoding:
      - gzip, deflate
      CommandName:
      - webapp connection create cosmos-mongo
      Connection:
      - keep-alive
      ParameterSetName:
      - --connection --source-id --target-id --system-identity --client-type
      User-Agent:
      - AZURECLI/2.29.1 azsdk-python-mgmt-servicelinker/1.0.0b1 Python/3.8.2 (Windows-10-10.0.19041-SP0)
    method: GET
    uri: https://management.azure.com/subscriptions/00000000-0000-0000-0000-000000000000/providers/Microsoft.ServiceLinker/locations/EASTUS/operationStatuses/0a3b6bae-7b64-4e99-b819-2aa2e9175133*84DF68312404D39B28A234BA95172C4421DCEBD8385E891C6CF898D346C291A1?api-version=2021-11-01-preview
  response:
    body:
      string: '{"id": "/subscriptions/00000000-0000-0000-0000-000000000000/providers/Microsoft.ServiceLinker/locations/EASTUS/operationStatuses/0a3b6bae-7b64-4e99-b819-2aa2e9175133*84DF68312404D39B28A234BA95172C4421DCEBD8385E891C6CF898D346C291A1",
        "name": "0a3b6bae-7b64-4e99-b819-2aa2e9175133*84DF68312404D39B28A234BA95172C4421DCEBD8385E891C6CF898D346C291A1",
        "resourceId": "/subscriptions/00000000-0000-0000-0000-000000000000/resourceGroups/servicelinker-test-win-group/providers/Microsoft.Web/sites/servicelinker-mongo-cosmos-asp-app2/providers/Microsoft.ServiceLinker/linkers/testconn",
        "status": "Accepted", "startTime": "2021-10-28T07:21:42.285747Z"}'
    headers:
      cache-control:
      - no-cache
      content-length:
      - '632'
      content-type:
      - application/json; charset=utf-8
      date:
      - Thu, 28 Oct 2021 07:22:43 GMT
      etag:
      - '"05009b06-0000-0500-0000-617a4f860000"'
      expires:
      - '-1'
      pragma:
      - no-cache
      strict-transport-security:
      - max-age=31536000; includeSubDomains
      transfer-encoding:
      - chunked
      vary:
      - Accept-Encoding
      x-content-type-options:
      - nosniff
    status:
      code: 200
      message: OK
- request:
    body: null
    headers:
      Accept:
      - '*/*'
      Accept-Encoding:
      - gzip, deflate
      CommandName:
      - webapp connection create cosmos-mongo
      Connection:
      - keep-alive
      ParameterSetName:
      - --connection --source-id --target-id --system-identity --client-type
      User-Agent:
      - AZURECLI/2.29.1 azsdk-python-mgmt-servicelinker/1.0.0b1 Python/3.8.2 (Windows-10-10.0.19041-SP0)
    method: GET
    uri: https://management.azure.com/subscriptions/00000000-0000-0000-0000-000000000000/providers/Microsoft.ServiceLinker/locations/EASTUS/operationStatuses/0a3b6bae-7b64-4e99-b819-2aa2e9175133*84DF68312404D39B28A234BA95172C4421DCEBD8385E891C6CF898D346C291A1?api-version=2021-11-01-preview
  response:
    body:
      string: '{"id": "/subscriptions/00000000-0000-0000-0000-000000000000/providers/Microsoft.ServiceLinker/locations/EASTUS/operationStatuses/0a3b6bae-7b64-4e99-b819-2aa2e9175133*84DF68312404D39B28A234BA95172C4421DCEBD8385E891C6CF898D346C291A1",
        "name": "0a3b6bae-7b64-4e99-b819-2aa2e9175133*84DF68312404D39B28A234BA95172C4421DCEBD8385E891C6CF898D346C291A1",
        "resourceId": "/subscriptions/00000000-0000-0000-0000-000000000000/resourceGroups/servicelinker-test-win-group/providers/Microsoft.Web/sites/servicelinker-mongo-cosmos-asp-app2/providers/Microsoft.ServiceLinker/linkers/testconn",
        "status": "Succeeded", "startTime": "2021-10-28T07:21:42.285747Z", "endTime":
        "2021-10-28T07:22:50.4530983Z", "properties": {}}'
    headers:
      cache-control:
      - no-cache
      content-length:
      - '690'
      content-type:
      - application/json; charset=utf-8
      date:
      - Thu, 28 Oct 2021 07:23:13 GMT
      etag:
      - '"0500ad06-0000-0500-0000-617a4fca0000"'
      expires:
      - '-1'
      pragma:
      - no-cache
      strict-transport-security:
      - max-age=31536000; includeSubDomains
      transfer-encoding:
      - chunked
      vary:
      - Accept-Encoding
      x-content-type-options:
      - nosniff
    status:
      code: 200
      message: OK
- request:
    body: null
    headers:
      Accept:
      - '*/*'
      Accept-Encoding:
      - gzip, deflate
      CommandName:
      - webapp connection create cosmos-mongo
      Connection:
      - keep-alive
      ParameterSetName:
      - --connection --source-id --target-id --system-identity --client-type
      User-Agent:
      - AZURECLI/2.29.1 azsdk-python-mgmt-servicelinker/1.0.0b1 Python/3.8.2 (Windows-10-10.0.19041-SP0)
    method: GET
    uri: https://management.azure.com/subscriptions/00000000-0000-0000-0000-000000000000/resourceGroups/servicelinker-test-win-group/providers/Microsoft.Web/sites/servicelinker-mongo-cosmos-asp-app2/providers/Microsoft.ServiceLinker/linkers/testconn?api-version=2021-11-01-preview
  response:
    body:
      string: '{"id": "/subscriptions/00000000-0000-0000-0000-000000000000/resourceGroups/servicelinker-test-win-group/providers/Microsoft.Web/sites/servicelinker-mongo-cosmos-asp-app2/providers/Microsoft.ServiceLinker/linkers/testconn",
        "name": "testconn", "type": "microsoft.servicelinker/linkers", "systemData":
        {"createdBy": "honc@microsoft.com", "createdByType": "User", "createdAt":
        "2021-10-28T07:21:42.0065543Z", "lastModifiedBy": "c4288165-6698-45ba-98a5-48ea7791fed3",
        "lastModifiedByType": "Application", "lastModifiedAt": "2021-10-28T07:22:50.1080111Z"},
        "properties": {"targetId": "/subscriptions/00000000-0000-0000-0000-000000000000/resourceGroups/servicelinker-test-win-group/providers/Microsoft.DocumentDB/databaseAccounts/servicelinker-mongo-cosmos2/mongodbDatabases/coreDB",
        "authInfo": {"authType": "systemAssignedIdentity"}, "clientType": "dotnet",
        "provisioningState": "Succeeded"}}'
    headers:
      cache-control:
      - no-cache
      content-length:
      - '860'
      content-type:
      - application/json; charset=utf-8
      date:
      - Thu, 28 Oct 2021 07:23:13 GMT
      etag:
      - '"36061645-0000-0500-0000-617a4fca0000"'
      expires:
      - '-1'
      pragma:
      - no-cache
      strict-transport-security:
      - max-age=31536000; includeSubDomains
      transfer-encoding:
      - chunked
      vary:
      - Accept-Encoding
      x-content-type-options:
      - nosniff
      x-ms-providerhub-traffic:
      - 'True'
    status:
      code: 200
      message: OK
- request:
    body: null
    headers:
      Accept:
      - application/json
      Accept-Encoding:
      - gzip, deflate
      CommandName:
      - webapp connection list
      Connection:
      - keep-alive
      ParameterSetName:
      - --source-id
      User-Agent:
      - AZURECLI/2.29.1 azsdk-python-mgmt-servicelinker/1.0.0b1 Python/3.8.2 (Windows-10-10.0.19041-SP0)
    method: GET
    uri: https://management.azure.com/subscriptions/00000000-0000-0000-0000-000000000000/resourceGroups/servicelinker-test-win-group/providers/Microsoft.Web/sites/servicelinker-mongo-cosmos-asp-app2/providers/Microsoft.ServiceLinker/linkers?api-version=2021-11-01-preview
  response:
    body:
      string: '{"value": [{"id": "/subscriptions/00000000-0000-0000-0000-000000000000/resourceGroups/servicelinker-test-win-group/providers/Microsoft.Web/sites/servicelinker-mongo-cosmos-asp-app2/providers/Microsoft.ServiceLinker/linkers/testconn",
        "name": "testconn", "type": "microsoft.servicelinker/linkers", "systemData":
        {"createdBy": "honc@microsoft.com", "createdByType": "User", "createdAt":
        "2021-10-28T07:21:42.0065543Z", "lastModifiedBy": "c4288165-6698-45ba-98a5-48ea7791fed3",
        "lastModifiedByType": "Application", "lastModifiedAt": "2021-10-28T07:22:50.1080111Z"},
        "properties": {"targetId": "/subscriptions/00000000-0000-0000-0000-000000000000/resourceGroups/servicelinker-test-win-group/providers/Microsoft.DocumentDB/databaseAccounts/servicelinker-mongo-cosmos2/mongodbDatabases/coreDB",
        "authInfo": {"authType": "systemAssignedIdentity"}, "clientType": "dotnet",
        "provisioningState": "Succeeded"}}]}'
    headers:
      cache-control:
      - no-cache
      content-length:
      - '872'
      content-type:
      - application/json; charset=utf-8
      date:
      - Thu, 28 Oct 2021 07:23:20 GMT
      expires:
      - '-1'
      pragma:
      - no-cache
      strict-transport-security:
      - max-age=31536000; includeSubDomains
      transfer-encoding:
      - chunked
      vary:
      - Accept-Encoding
      x-content-type-options:
      - nosniff
      x-ms-providerhub-traffic:
      - 'True'
    status:
      code: 200
      message: OK
- request:
    body: null
    headers:
      Accept:
      - application/json
      Accept-Encoding:
      - gzip, deflate
      CommandName:
      - webapp connection list-configuration
      Connection:
      - keep-alive
      Content-Length:
      - '0'
      ParameterSetName:
      - --id
      User-Agent:
      - AZURECLI/2.29.1 azsdk-python-mgmt-servicelinker/1.0.0b1 Python/3.8.2 (Windows-10-10.0.19041-SP0)
    method: POST
    uri: https://management.azure.com/subscriptions/00000000-0000-0000-0000-000000000000/resourceGroups/servicelinker-test-win-group/providers/Microsoft.Web/sites/servicelinker-mongo-cosmos-asp-app2/providers/Microsoft.ServiceLinker/linkers/testconn/listConfigurations?api-version=2021-11-01-preview
  response:
    body:
      string: '{"configurations": [{"name": "AZURE_COSMOS_LISTCONNECTIONSTRINGURL",
        "value": "https://management.azure.com/subscriptions/00000000-0000-0000-0000-000000000000/resourceGroups/servicelinker-test-win-group/providers/Microsoft.DocumentDB/databaseAccounts/servicelinker-mongo-cosmos2/listConnectionStrings?api-version=2021-04-15"},
        {"name": "AZURE_COSMOS_RESOURCEENDPOINT", "value": "https://servicelinker-mongo-cosmos2.documents.azure.com:443/"},
        {"name": "AZURE_COSMOS_SCOPE", "value": "https://management.azure.com/.default"}]}'
    headers:
      cache-control:
      - no-cache
      content-length:
      - '513'
      content-type:
      - application/json; charset=utf-8
      date:
      - Thu, 28 Oct 2021 07:23:22 GMT
      expires:
      - '-1'
      pragma:
      - no-cache
      strict-transport-security:
      - max-age=31536000; includeSubDomains
      transfer-encoding:
      - chunked
      vary:
      - Accept-Encoding,Accept-Encoding
      x-content-type-options:
      - nosniff
      x-ms-providerhub-traffic:
      - 'True'
      x-ms-ratelimit-remaining-subscription-writes:
      - '1199'
    status:
      code: 200
      message: OK
- request:
    body: null
    headers:
      Accept:
      - application/json
      Accept-Encoding:
      - gzip, deflate
      CommandName:
      - webapp connection validate
      Connection:
      - keep-alive
      ParameterSetName:
      - --id
      User-Agent:
      - AZURECLI/2.29.1 azsdk-python-mgmt-servicelinker/1.0.0b1 Python/3.8.2 (Windows-10-10.0.19041-SP0)
    method: GET
    uri: https://management.azure.com/subscriptions/00000000-0000-0000-0000-000000000000/resourceGroups/servicelinker-test-win-group/providers/Microsoft.Web/sites/servicelinker-mongo-cosmos-asp-app2/providers/Microsoft.ServiceLinker/linkers/testconn?api-version=2021-11-01-preview
  response:
    body:
      string: '{"id": "/subscriptions/00000000-0000-0000-0000-000000000000/resourceGroups/servicelinker-test-win-group/providers/Microsoft.Web/sites/servicelinker-mongo-cosmos-asp-app2/providers/Microsoft.ServiceLinker/linkers/testconn",
        "name": "testconn", "type": "microsoft.servicelinker/linkers", "systemData":
        {"createdBy": "honc@microsoft.com", "createdByType": "User", "createdAt":
        "2021-10-28T07:21:42.0065543Z", "lastModifiedBy": "c4288165-6698-45ba-98a5-48ea7791fed3",
        "lastModifiedByType": "Application", "lastModifiedAt": "2021-10-28T07:22:50.1080111Z"},
        "properties": {"targetId": "/subscriptions/00000000-0000-0000-0000-000000000000/resourceGroups/servicelinker-test-win-group/providers/Microsoft.DocumentDB/databaseAccounts/servicelinker-mongo-cosmos2/mongodbDatabases/coreDB",
        "authInfo": {"authType": "systemAssignedIdentity"}, "clientType": "dotnet",
        "provisioningState": "Succeeded"}}'
    headers:
      cache-control:
      - no-cache
      content-length:
      - '860'
      content-type:
      - application/json; charset=utf-8
      date:
      - Thu, 28 Oct 2021 07:23:25 GMT
      etag:
      - '"36061645-0000-0500-0000-617a4fca0000"'
      expires:
      - '-1'
      pragma:
      - no-cache
      strict-transport-security:
      - max-age=31536000; includeSubDomains
      transfer-encoding:
      - chunked
      vary:
      - Accept-Encoding
      x-content-type-options:
      - nosniff
      x-ms-providerhub-traffic:
      - 'True'
    status:
      code: 200
      message: OK
- request:
    body: null
    headers:
      Accept:
      - application/json
      Accept-Encoding:
      - gzip, deflate
      CommandName:
      - webapp connection validate
      Connection:
      - keep-alive
      Content-Length:
      - '0'
      ParameterSetName:
      - --id
      User-Agent:
      - AZURECLI/2.29.1 azsdk-python-mgmt-servicelinker/1.0.0b1 Python/3.8.2 (Windows-10-10.0.19041-SP0)
    method: POST
    uri: https://management.azure.com/subscriptions/00000000-0000-0000-0000-000000000000/resourceGroups/servicelinker-test-win-group/providers/Microsoft.Web/sites/servicelinker-mongo-cosmos-asp-app2/providers/Microsoft.ServiceLinker/linkers/testconn/validateLinker?api-version=2021-11-01-preview
  response:
    body:
      string: 'null'
    headers:
      azure-asyncoperation:
      - https://management.azure.com/subscriptions/00000000-0000-0000-0000-000000000000/providers/Microsoft.ServiceLinker/locations/EASTUS/operationStatuses/54af87de-f2f1-4954-8739-7cd54db60e05*84DF68312404D39B28A234BA95172C4421DCEBD8385E891C6CF898D346C291A1?api-version=2021-11-01-preview
      cache-control:
      - no-cache
      content-length:
      - '4'
      content-type:
      - application/json; charset=utf-8
      date:
      - Thu, 28 Oct 2021 07:23:26 GMT
      expires:
      - '-1'
      location:
      - https://management.azure.com/subscriptions/00000000-0000-0000-0000-000000000000/providers/Microsoft.ServiceLinker/locations/EASTUS/operationStatuses/54af87de-f2f1-4954-8739-7cd54db60e05*84DF68312404D39B28A234BA95172C4421DCEBD8385E891C6CF898D346C291A1?api-version=2021-11-01-preview
      pragma:
      - no-cache
      strict-transport-security:
      - max-age=31536000; includeSubDomains
      x-content-type-options:
      - nosniff
      x-ms-providerhub-traffic:
      - 'True'
      x-ms-ratelimit-remaining-subscription-writes:
      - '1198'
    status:
      code: 202
      message: Accepted
- request:
    body: null
    headers:
      Accept:
      - '*/*'
      Accept-Encoding:
      - gzip, deflate
      CommandName:
      - webapp connection validate
      Connection:
      - keep-alive
      ParameterSetName:
      - --id
      User-Agent:
      - AZURECLI/2.29.1 azsdk-python-mgmt-servicelinker/1.0.0b1 Python/3.8.2 (Windows-10-10.0.19041-SP0)
    method: GET
    uri: https://management.azure.com/subscriptions/00000000-0000-0000-0000-000000000000/providers/Microsoft.ServiceLinker/locations/EASTUS/operationStatuses/54af87de-f2f1-4954-8739-7cd54db60e05*84DF68312404D39B28A234BA95172C4421DCEBD8385E891C6CF898D346C291A1?api-version=2021-11-01-preview
  response:
    body:
      string: '{"id": "/subscriptions/00000000-0000-0000-0000-000000000000/providers/Microsoft.ServiceLinker/locations/EASTUS/operationStatuses/54af87de-f2f1-4954-8739-7cd54db60e05*84DF68312404D39B28A234BA95172C4421DCEBD8385E891C6CF898D346C291A1",
        "name": "54af87de-f2f1-4954-8739-7cd54db60e05*84DF68312404D39B28A234BA95172C4421DCEBD8385E891C6CF898D346C291A1",
        "resourceId": "/subscriptions/00000000-0000-0000-0000-000000000000/resourceGroups/servicelinker-test-win-group/providers/Microsoft.Web/sites/servicelinker-mongo-cosmos-asp-app2/providers/Microsoft.ServiceLinker/linkers/testconn",
        "status": "Succeeded", "startTime": "2021-10-28T07:23:26.4054366Z", "endTime":
        "2021-10-28T07:23:29.6770775Z", "properties": {"message": "{\"ConnectionName\":\"testconn\",\"IsConnectionAvailable\":true,\"ValidationDetail\":[{\"Name\":\"The
        target existence is validated\",\"Description\":null,\"Result\":0},{\"Name\":\"The
        target service firewall is validated\",\"Description\":null,\"Result\":0},{\"Name\":\"The
        configured values is validated\",\"Description\":null,\"Result\":0},{\"Name\":\"The
        identity existence is validated\",\"Description\":null,\"Result\":0},{\"Name\":\"The
        identity permission is validated\",\"Description\":null,\"Result\":0}],\"ReportStartTimeUtc\":\"2021-10-28T07:23:27.9642227Z\",\"ReportEndTimeUtc\":\"2021-10-28T07:23:29.5697208Z\",\"SourceId\":null,\"TargetId\":\"/subscriptions/00000000-0000-0000-0000-000000000000/resourceGroups/servicelinker-test-win-group/providers/Microsoft.DocumentDB/databaseAccounts/servicelinker-mongo-cosmos2/mongodbDatabases/coreDB\",\"AuthType\":0}"}}'
    headers:
      cache-control:
      - no-cache
      content-length:
      - '1574'
      content-type:
      - application/json; charset=utf-8
      date:
      - Thu, 28 Oct 2021 07:23:56 GMT
      etag:
      - '"0500bd06-0000-0500-0000-617a4ff10000"'
      expires:
      - '-1'
      pragma:
      - no-cache
      strict-transport-security:
      - max-age=31536000; includeSubDomains
      transfer-encoding:
      - chunked
      vary:
      - Accept-Encoding
      x-content-type-options:
      - nosniff
    status:
      code: 200
      message: OK
- request:
    body: null
    headers:
      Accept:
      - application/json
      Accept-Encoding:
      - gzip, deflate
      CommandName:
      - webapp connection show
      Connection:
      - keep-alive
      ParameterSetName:
      - --id
      User-Agent:
      - AZURECLI/2.29.1 azsdk-python-mgmt-servicelinker/1.0.0b1 Python/3.8.2 (Windows-10-10.0.19041-SP0)
    method: GET
    uri: https://management.azure.com/subscriptions/00000000-0000-0000-0000-000000000000/resourceGroups/servicelinker-test-win-group/providers/Microsoft.Web/sites/servicelinker-mongo-cosmos-asp-app2/providers/Microsoft.ServiceLinker/linkers/testconn?api-version=2021-11-01-preview
  response:
    body:
      string: '{"id": "/subscriptions/00000000-0000-0000-0000-000000000000/resourceGroups/servicelinker-test-win-group/providers/Microsoft.Web/sites/servicelinker-mongo-cosmos-asp-app2/providers/Microsoft.ServiceLinker/linkers/testconn",
        "name": "testconn", "type": "microsoft.servicelinker/linkers", "systemData":
        {"createdBy": "honc@microsoft.com", "createdByType": "User", "createdAt":
        "2021-10-28T07:21:42.0065543Z", "lastModifiedBy": "c4288165-6698-45ba-98a5-48ea7791fed3",
        "lastModifiedByType": "Application", "lastModifiedAt": "2021-10-28T07:22:50.1080111Z"},
        "properties": {"targetId": "/subscriptions/00000000-0000-0000-0000-000000000000/resourceGroups/servicelinker-test-win-group/providers/Microsoft.DocumentDB/databaseAccounts/servicelinker-mongo-cosmos2/mongodbDatabases/coreDB",
        "authInfo": {"authType": "systemAssignedIdentity"}, "clientType": "dotnet",
        "provisioningState": "Succeeded"}}'
    headers:
      cache-control:
      - no-cache
      content-length:
      - '860'
      content-type:
      - application/json; charset=utf-8
      date:
      - Thu, 28 Oct 2021 07:23:59 GMT
      etag:
      - '"36061645-0000-0500-0000-617a4fca0000"'
      expires:
      - '-1'
      pragma:
      - no-cache
      strict-transport-security:
      - max-age=31536000; includeSubDomains
      transfer-encoding:
      - chunked
      vary:
      - Accept-Encoding
      x-content-type-options:
      - nosniff
      x-ms-providerhub-traffic:
      - 'True'
    status:
      code: 200
      message: OK
- request:
    body: null
    headers:
      Accept:
      - application/json
      Accept-Encoding:
      - gzip, deflate
      CommandName:
      - webapp connection delete
      Connection:
      - keep-alive
      Content-Length:
      - '0'
      ParameterSetName:
      - --id --yes
      User-Agent:
      - AZURECLI/2.29.1 azsdk-python-mgmt-servicelinker/1.0.0b1 Python/3.8.2 (Windows-10-10.0.19041-SP0)
    method: DELETE
    uri: https://management.azure.com/subscriptions/00000000-0000-0000-0000-000000000000/resourceGroups/servicelinker-test-win-group/providers/Microsoft.Web/sites/servicelinker-mongo-cosmos-asp-app2/providers/Microsoft.ServiceLinker/linkers/testconn?api-version=2021-11-01-preview
  response:
    body:
      string: 'null'
    headers:
      azure-asyncoperation:
      - https://management.azure.com/subscriptions/00000000-0000-0000-0000-000000000000/providers/Microsoft.ServiceLinker/locations/EASTUS/operationStatuses/83748870-122b-4ac7-b10c-11baf05ed2b5*84DF68312404D39B28A234BA95172C4421DCEBD8385E891C6CF898D346C291A1?api-version=2021-11-01-preview
      cache-control:
      - no-cache
      content-length:
      - '4'
      content-type:
      - application/json; charset=utf-8
      date:
      - Thu, 28 Oct 2021 07:24:06 GMT
      etag:
      - '"3606f45c-0000-0500-0000-617a50160000"'
      expires:
      - '-1'
      location:
      - https://management.azure.com/subscriptions/00000000-0000-0000-0000-000000000000/providers/Microsoft.ServiceLinker/locations/EASTUS/operationStatuses/83748870-122b-4ac7-b10c-11baf05ed2b5*84DF68312404D39B28A234BA95172C4421DCEBD8385E891C6CF898D346C291A1?api-version=2021-11-01-preview
      pragma:
      - no-cache
      strict-transport-security:
      - max-age=31536000; includeSubDomains
      x-content-type-options:
      - nosniff
      x-ms-providerhub-traffic:
      - 'True'
      x-ms-ratelimit-remaining-subscription-deletes:
      - '14999'
    status:
      code: 202
      message: Accepted
- request:
    body: null
    headers:
      Accept:
      - '*/*'
      Accept-Encoding:
      - gzip, deflate
      CommandName:
      - webapp connection delete
      Connection:
      - keep-alive
      ParameterSetName:
      - --id --yes
      User-Agent:
      - AZURECLI/2.29.1 azsdk-python-mgmt-servicelinker/1.0.0b1 Python/3.8.2 (Windows-10-10.0.19041-SP0)
    method: GET
    uri: https://management.azure.com/subscriptions/00000000-0000-0000-0000-000000000000/providers/Microsoft.ServiceLinker/locations/EASTUS/operationStatuses/83748870-122b-4ac7-b10c-11baf05ed2b5*84DF68312404D39B28A234BA95172C4421DCEBD8385E891C6CF898D346C291A1?api-version=2021-11-01-preview
  response:
    body:
      string: '{"id": "/subscriptions/00000000-0000-0000-0000-000000000000/providers/Microsoft.ServiceLinker/locations/EASTUS/operationStatuses/83748870-122b-4ac7-b10c-11baf05ed2b5*84DF68312404D39B28A234BA95172C4421DCEBD8385E891C6CF898D346C291A1",
        "name": "83748870-122b-4ac7-b10c-11baf05ed2b5*84DF68312404D39B28A234BA95172C4421DCEBD8385E891C6CF898D346C291A1",
        "resourceId": "/subscriptions/00000000-0000-0000-0000-000000000000/resourceGroups/servicelinker-test-win-group/providers/Microsoft.Web/sites/servicelinker-mongo-cosmos-asp-app2/providers/Microsoft.ServiceLinker/linkers/testconn",
        "status": "Succeeded", "startTime": "2021-10-28T07:24:05.788062Z", "endTime":
        "2021-10-28T07:24:08.9280815Z", "properties": null}'
    headers:
      cache-control:
      - no-cache
      content-length:
      - '692'
      content-type:
      - application/json; charset=utf-8
      date:
      - Thu, 28 Oct 2021 07:24:36 GMT
      etag:
      - '"0500d606-0000-0500-0000-617a50180000"'
      expires:
      - '-1'
      pragma:
      - no-cache
      strict-transport-security:
      - max-age=31536000; includeSubDomains
      transfer-encoding:
      - chunked
      vary:
      - Accept-Encoding
      x-content-type-options:
      - nosniff
    status:
      code: 200
      message: OK
version: 1
