interactions:
- request:
    body: '{"properties": {"targetService": {"type": "AzureResource", "id": "/subscriptions/00000000-0000-0000-0000-000000000000/resourceGroups/servicelinker-test-linux-group/providers/Microsoft.ServiceBus/namespaces/servicelinkertestservicebus"},
      "authInfo": {"authType": "secret"}, "clientType": "python", "secretStore": {},
      "scope": "default"}}'
    headers:
      Accept:
      - application/json
      Accept-Encoding:
      - gzip, deflate
      CommandName:
      - aks connection create servicebus
      Connection:
      - keep-alive
      Content-Length:
      - '336'
      Content-Type:
      - application/json
      ParameterSetName:
      - --connection --source-id --target-id --secret --client-type
      User-Agent:
      - AZURECLI/2.35.0 azsdk-python-mgmt-servicelinker/1.0.0 Python/3.8.2 (Windows-10-10.0.19041-SP0)
    method: PUT
    uri: https://management.azure.com/subscriptions/00000000-0000-0000-0000-000000000000/resourceGroups/servicelinker-test-linux-group/providers/Microsoft.ContainerService/managedClusters/servicelinker-servicebus-cluster/providers/Microsoft.ServiceLinker/linkers/testconn?api-version=2022-05-01
  response:
    body:
      string: '{"id": "/subscriptions/00000000-0000-0000-0000-000000000000/resourceGroups/servicelinker-test-linux-group/providers/Microsoft.ContainerService/managedClusters/servicelinker-servicebus-cluster/providers/Microsoft.ServiceLinker/linkers/testconn",
        "name": "testconn", "type": "microsoft.servicelinker/linkers", "systemData":
        {"createdBy": "honc@microsoft.com", "createdByType": "User", "createdAt":
        "2022-04-27T05:19:41.194122Z", "lastModifiedBy": "honc@microsoft.com", "lastModifiedByType":
        "User", "lastModifiedAt": "2022-04-27T05:19:41.194122Z"}, "properties": {"provisioningState":
        "Accepted", "targetService": {"id": "/subscriptions/00000000-0000-0000-0000-000000000000/resourceGroups/servicelinker-test-linux-group/providers/Microsoft.ServiceBus/namespaces/servicelinkertestservicebus",
        "resourceProperties": null, "type": "AzureResource"}, "authInfo": {"name":
        null, "secretInfo": null, "authType": "secret"}, "vNetSolution": null, "clientType":
        "python", "secretStore": {"keyVaultId": null}, "scope": "default"}}'
    headers:
      azure-asyncoperation:
      - https://management.azure.com/subscriptions/00000000-0000-0000-0000-000000000000/providers/Microsoft.ServiceLinker/locations/EASTUS/operationStatuses/5cc43e66-034b-4146-a14b-51ced3475de0*17A63BD281CD1B020FC245F3093AD39A81F442A70E7406D4C6D49D065A9D8D46?api-version=2022-05-01
      cache-control:
      - no-cache
      content-length:
      - '1017'
      content-type:
      - application/json; charset=utf-8
      date:
      - Wed, 27 Apr 2022 05:19:40 GMT
      etag:
      - '"6a005f4e-0000-0100-0000-6268d26d0000"'
      expires:
      - '-1'
      mise-correlation-id:
      - bc4b8af6-514a-48b0-99b6-d7628e6467da
      pragma:
      - no-cache
      strict-transport-security:
      - max-age=31536000; includeSubDomains
      x-content-type-options:
      - nosniff
      x-ms-providerhub-traffic:
      - 'True'
      x-ms-ratelimit-remaining-subscription-writes:
      - '1197'
    status:
      code: 201
      message: Created
- request:
    body: null
    headers:
      Accept:
      - '*/*'
      Accept-Encoding:
      - gzip, deflate
      CommandName:
      - aks connection create servicebus
      Connection:
      - keep-alive
      ParameterSetName:
      - --connection --source-id --target-id --secret --client-type
      User-Agent:
      - AZURECLI/2.35.0 azsdk-python-mgmt-servicelinker/1.0.0 Python/3.8.2 (Windows-10-10.0.19041-SP0)
    method: GET
    uri: https://management.azure.com/subscriptions/00000000-0000-0000-0000-000000000000/providers/Microsoft.ServiceLinker/locations/EASTUS/operationStatuses/5cc43e66-034b-4146-a14b-51ced3475de0*17A63BD281CD1B020FC245F3093AD39A81F442A70E7406D4C6D49D065A9D8D46?api-version=2022-05-01
  response:
    body:
      string: '{"id": "/subscriptions/00000000-0000-0000-0000-000000000000/providers/Microsoft.ServiceLinker/locations/EASTUS/operationStatuses/5cc43e66-034b-4146-a14b-51ced3475de0*17A63BD281CD1B020FC245F3093AD39A81F442A70E7406D4C6D49D065A9D8D46",
        "name": "5cc43e66-034b-4146-a14b-51ced3475de0*17A63BD281CD1B020FC245F3093AD39A81F442A70E7406D4C6D49D065A9D8D46",
        "resourceId": "/subscriptions/00000000-0000-0000-0000-000000000000/resourceGroups/servicelinker-test-linux-group/providers/Microsoft.ContainerService/managedClusters/servicelinker-servicebus-cluster/providers/Microsoft.ServiceLinker/linkers/testconn",
        "status": "Accepted", "startTime": "2022-04-27T05:19:41.4446117Z"}'
    headers:
      cache-control:
      - no-cache
      content-length:
      - '664'
      content-type:
      - application/json; charset=utf-8
      date:
      - Wed, 27 Apr 2022 05:20:12 GMT
      etag:
      - '"130090fd-0000-0100-0000-6268d26d0000"'
      expires:
      - '-1'
      pragma:
      - no-cache
      strict-transport-security:
      - max-age=31536000; includeSubDomains
      transfer-encoding:
      - chunked
      vary:
      - Accept-Encoding
      x-content-type-options:
      - nosniff
    status:
      code: 200
      message: OK
- request:
    body: null
    headers:
      Accept:
      - '*/*'
      Accept-Encoding:
      - gzip, deflate
      CommandName:
      - aks connection create servicebus
      Connection:
      - keep-alive
      ParameterSetName:
      - --connection --source-id --target-id --secret --client-type
      User-Agent:
      - AZURECLI/2.35.0 azsdk-python-mgmt-servicelinker/1.0.0 Python/3.8.2 (Windows-10-10.0.19041-SP0)
    method: GET
    uri: https://management.azure.com/subscriptions/00000000-0000-0000-0000-000000000000/providers/Microsoft.ServiceLinker/locations/EASTUS/operationStatuses/5cc43e66-034b-4146-a14b-51ced3475de0*17A63BD281CD1B020FC245F3093AD39A81F442A70E7406D4C6D49D065A9D8D46?api-version=2022-05-01
  response:
    body:
      string: '{"id": "/subscriptions/00000000-0000-0000-0000-000000000000/providers/Microsoft.ServiceLinker/locations/EASTUS/operationStatuses/5cc43e66-034b-4146-a14b-51ced3475de0*17A63BD281CD1B020FC245F3093AD39A81F442A70E7406D4C6D49D065A9D8D46",
        "name": "5cc43e66-034b-4146-a14b-51ced3475de0*17A63BD281CD1B020FC245F3093AD39A81F442A70E7406D4C6D49D065A9D8D46",
        "resourceId": "/subscriptions/00000000-0000-0000-0000-000000000000/resourceGroups/servicelinker-test-linux-group/providers/Microsoft.ContainerService/managedClusters/servicelinker-servicebus-cluster/providers/Microsoft.ServiceLinker/linkers/testconn",
        "status": "Succeeded", "startTime": "2022-04-27T05:19:41.4446117Z", "endTime":
        "2022-04-27T05:20:28.6211201Z", "properties": {}}'
    headers:
      cache-control:
      - no-cache
      content-length:
      - '726'
      content-type:
      - application/json; charset=utf-8
      date:
      - Wed, 27 Apr 2022 05:20:42 GMT
      etag:
      - '"1500bce3-0000-0400-0000-6268d29c0000"'
      expires:
      - '-1'
      pragma:
      - no-cache
      strict-transport-security:
      - max-age=31536000; includeSubDomains
      transfer-encoding:
      - chunked
      vary:
      - Accept-Encoding
      x-content-type-options:
      - nosniff
    status:
      code: 200
      message: OK
- request:
    body: null
    headers:
      Accept:
      - '*/*'
      Accept-Encoding:
      - gzip, deflate
      CommandName:
      - aks connection create servicebus
      Connection:
      - keep-alive
      ParameterSetName:
      - --connection --source-id --target-id --secret --client-type
      User-Agent:
      - AZURECLI/2.35.0 azsdk-python-mgmt-servicelinker/1.0.0 Python/3.8.2 (Windows-10-10.0.19041-SP0)
    method: GET
    uri: https://management.azure.com/subscriptions/00000000-0000-0000-0000-000000000000/resourceGroups/servicelinker-test-linux-group/providers/Microsoft.ContainerService/managedClusters/servicelinker-servicebus-cluster/providers/Microsoft.ServiceLinker/linkers/testconn?api-version=2022-05-01
  response:
    body:
      string: '{"id": "/subscriptions/00000000-0000-0000-0000-000000000000/resourceGroups/servicelinker-test-linux-group/providers/Microsoft.ContainerService/managedClusters/servicelinker-servicebus-cluster/providers/Microsoft.ServiceLinker/linkers/testconn",
        "name": "testconn", "type": "microsoft.servicelinker/linkers", "properties":
        {"provisioningState": "Succeeded", "targetService": {"id": "/subscriptions/00000000-0000-0000-0000-000000000000/resourceGroups/servicelinker-test-linux-group/providers/Microsoft.ServiceBus/namespaces/servicelinkertestservicebus",
        "resourceProperties": null, "type": "AzureResource"}, "authInfo": {"name":
        null, "secretInfo": null, "authType": "secret"}, "clientType": "python", "scope":
        "default", "vNetSolution": null, "secretStore": {"keyVaultId": null}}}'
    headers:
      cache-control:
      - no-cache
      content-length:
      - '779'
      content-type:
      - application/json; charset=utf-8
      date:
      - Wed, 27 Apr 2022 05:20:42 GMT
      etag:
      - '"0200fd9a-0000-0400-0000-6268d29c0000"'
      expires:
      - '-1'
      mise-correlation-id:
      - 41c94a3c-888a-46b9-8de4-43351b721b4c
      pragma:
      - no-cache
      strict-transport-security:
      - max-age=31536000; includeSubDomains
      transfer-encoding:
      - chunked
      vary:
      - Accept-Encoding,Accept-Encoding
      x-content-type-options:
      - nosniff
      x-ms-providerhub-traffic:
      - 'True'
    status:
      code: 200
      message: OK
- request:
    body: null
    headers:
      Accept:
      - application/json
      Accept-Encoding:
      - gzip, deflate
      CommandName:
      - aks connection list
      Connection:
      - keep-alive
      ParameterSetName:
      - --source-id
      User-Agent:
      - AZURECLI/2.35.0 azsdk-python-mgmt-servicelinker/1.0.0 Python/3.8.2 (Windows-10-10.0.19041-SP0)
    method: GET
    uri: https://management.azure.com/subscriptions/00000000-0000-0000-0000-000000000000/resourceGroups/servicelinker-test-linux-group/providers/Microsoft.ContainerService/managedClusters/servicelinker-servicebus-cluster/providers/Microsoft.ServiceLinker/linkers?api-version=2022-05-01
  response:
    body:
      string: '{"value": [{"id": "/subscriptions/00000000-0000-0000-0000-000000000000/resourceGroups/servicelinker-test-linux-group/providers/Microsoft.ContainerService/managedClusters/servicelinker-servicebus-cluster/providers/Microsoft.ServiceLinker/linkers/testconn",
        "name": "testconn", "type": "microsoft.servicelinker/linkers", "properties":
        {"provisioningState": "Succeeded", "targetService": {"id": "/subscriptions/00000000-0000-0000-0000-000000000000/resourceGroups/servicelinker-test-linux-group/providers/Microsoft.ServiceBus/namespaces/servicelinkertestservicebus",
        "resourceProperties": null, "type": "AzureResource"}, "authInfo": {"name":
        null, "secretInfo": null, "authType": "secret"}, "clientType": "python", "scope":
        "default", "vNetSolution": null, "secretStore": {"keyVaultId": null}}}]}'
    headers:
      cache-control:
      - no-cache
      content-length:
      - '792'
      content-type:
      - application/json; charset=utf-8
      date:
      - Wed, 27 Apr 2022 05:20:46 GMT
      expires:
      - '-1'
      mise-correlation-id:
      - 3127ed69-472c-44be-984d-ec35e630c6fb
      pragma:
      - no-cache
      strict-transport-security:
      - max-age=31536000; includeSubDomains
      transfer-encoding:
      - chunked
      vary:
      - Accept-Encoding,Accept-Encoding
      x-content-type-options:
      - nosniff
      x-ms-providerhub-traffic:
      - 'True'
    status:
      code: 200
      message: OK
- request:
    body: null
    headers:
      Accept:
      - application/json
      Accept-Encoding:
      - gzip, deflate
      CommandName:
      - aks connection update servicebus
      Connection:
      - keep-alive
      ParameterSetName:
      - --id --client-type
      User-Agent:
      - AZURECLI/2.35.0 azsdk-python-mgmt-servicelinker/1.0.0 Python/3.8.2 (Windows-10-10.0.19041-SP0)
    method: GET
    uri: https://management.azure.com/subscriptions/00000000-0000-0000-0000-000000000000/resourceGroups/servicelinker-test-linux-group/providers/Microsoft.ContainerService/managedClusters/servicelinker-servicebus-cluster/providers/Microsoft.ServiceLinker/linkers/testconn?api-version=2022-05-01
  response:
    body:
      string: '{"id": "/subscriptions/00000000-0000-0000-0000-000000000000/resourceGroups/servicelinker-test-linux-group/providers/Microsoft.ContainerService/managedClusters/servicelinker-servicebus-cluster/providers/Microsoft.ServiceLinker/linkers/testconn",
        "name": "testconn", "type": "microsoft.servicelinker/linkers", "properties":
        {"provisioningState": "Succeeded", "targetService": {"id": "/subscriptions/00000000-0000-0000-0000-000000000000/resourceGroups/servicelinker-test-linux-group/providers/Microsoft.ServiceBus/namespaces/servicelinkertestservicebus",
        "resourceProperties": null, "type": "AzureResource"}, "authInfo": {"name":
        null, "secretInfo": null, "authType": "secret"}, "clientType": "python", "scope":
        "default", "vNetSolution": null, "secretStore": {"keyVaultId": null}}}'
    headers:
      cache-control:
      - no-cache
      content-length:
      - '779'
      content-type:
      - application/json; charset=utf-8
      date:
      - Wed, 27 Apr 2022 05:20:47 GMT
      etag:
      - '"0200fd9a-0000-0400-0000-6268d29c0000"'
      expires:
      - '-1'
      mise-correlation-id:
      - ab871f9d-b0fa-41f2-9eec-55a531c8afb2
      pragma:
      - no-cache
      strict-transport-security:
      - max-age=31536000; includeSubDomains
      transfer-encoding:
      - chunked
      vary:
      - Accept-Encoding,Accept-Encoding
      x-content-type-options:
      - nosniff
      x-ms-providerhub-traffic:
      - 'True'
    status:
      code: 200
      message: OK
- request:
    body: '{"properties": {"targetService": {"type": "AzureResource", "id": "/subscriptions/00000000-0000-0000-0000-000000000000/resourceGroups/servicelinker-test-linux-group/providers/Microsoft.ServiceBus/namespaces/servicelinkertestservicebus"},
      "authInfo": {"authType": "secret"}, "clientType": "dotnet", "secretStore": {},
      "scope": "default"}}'
    headers:
      Accept:
      - application/json
      Accept-Encoding:
      - gzip, deflate
      CommandName:
      - aks connection update servicebus
      Connection:
      - keep-alive
      Content-Length:
      - '336'
      Content-Type:
      - application/json
      ParameterSetName:
      - --id --client-type
      User-Agent:
      - AZURECLI/2.35.0 azsdk-python-mgmt-servicelinker/1.0.0 Python/3.8.2 (Windows-10-10.0.19041-SP0)
    method: PUT
    uri: https://management.azure.com/subscriptions/00000000-0000-0000-0000-000000000000/resourceGroups/servicelinker-test-linux-group/providers/Microsoft.ContainerService/managedClusters/servicelinker-servicebus-cluster/providers/Microsoft.ServiceLinker/linkers/testconn?api-version=2022-05-01
  response:
    body:
      string: '{"id": "/subscriptions/00000000-0000-0000-0000-000000000000/resourceGroups/servicelinker-test-linux-group/providers/Microsoft.ContainerService/managedClusters/servicelinker-servicebus-cluster/providers/Microsoft.ServiceLinker/linkers/testconn",
        "name": "testconn", "type": "microsoft.servicelinker/linkers", "systemData":
        {"createdBy": "honc@microsoft.com", "createdByType": "User", "createdAt":
        "2022-04-27T05:19:41.194122Z", "lastModifiedBy": "honc@microsoft.com", "lastModifiedByType":
        "User", "lastModifiedAt": "2022-04-27T05:20:48.2588669Z"}, "properties": {"provisioningState":
        "Accepted", "targetService": {"id": "/subscriptions/00000000-0000-0000-0000-000000000000/resourceGroups/servicelinker-test-linux-group/providers/Microsoft.ServiceBus/namespaces/servicelinkertestservicebus",
        "resourceProperties": null, "type": "AzureResource"}, "authInfo": {"name":
        null, "secretInfo": null, "authType": "secret"}, "vNetSolution": null, "clientType":
        "dotnet", "secretStore": {"keyVaultId": null}, "scope": "default"}}'
    headers:
      azure-asyncoperation:
      - https://management.azure.com/subscriptions/00000000-0000-0000-0000-000000000000/providers/Microsoft.ServiceLinker/locations/EASTUS/operationStatuses/666663b4-b496-49bc-8dee-c374c8d5e4e4*17A63BD281CD1B020FC245F3093AD39A81F442A70E7406D4C6D49D065A9D8D46?api-version=2022-05-01
      cache-control:
      - no-cache
      content-length:
      - '1018'
      content-type:
      - application/json; charset=utf-8
      date:
      - Wed, 27 Apr 2022 05:20:47 GMT
      etag:
      - '"6a00364f-0000-0100-0000-6268d2b00000"'
      expires:
      - '-1'
      mise-correlation-id:
      - 1833862a-0772-4f51-a2a5-f67921acc031
      pragma:
      - no-cache
      strict-transport-security:
      - max-age=31536000; includeSubDomains
      x-content-type-options:
      - nosniff
      x-ms-providerhub-traffic:
      - 'True'
      x-ms-ratelimit-remaining-subscription-writes:
      - '1195'
    status:
      code: 201
      message: Created
- request:
    body: null
    headers:
      Accept:
      - '*/*'
      Accept-Encoding:
      - gzip, deflate
      CommandName:
      - aks connection update servicebus
      Connection:
      - keep-alive
      ParameterSetName:
      - --id --client-type
      User-Agent:
      - AZURECLI/2.35.0 azsdk-python-mgmt-servicelinker/1.0.0 Python/3.8.2 (Windows-10-10.0.19041-SP0)
    method: GET
    uri: https://management.azure.com/subscriptions/00000000-0000-0000-0000-000000000000/providers/Microsoft.ServiceLinker/locations/EASTUS/operationStatuses/666663b4-b496-49bc-8dee-c374c8d5e4e4*17A63BD281CD1B020FC245F3093AD39A81F442A70E7406D4C6D49D065A9D8D46?api-version=2022-05-01
  response:
    body:
      string: '{"id": "/subscriptions/00000000-0000-0000-0000-000000000000/providers/Microsoft.ServiceLinker/locations/EASTUS/operationStatuses/666663b4-b496-49bc-8dee-c374c8d5e4e4*17A63BD281CD1B020FC245F3093AD39A81F442A70E7406D4C6D49D065A9D8D46",
        "name": "666663b4-b496-49bc-8dee-c374c8d5e4e4*17A63BD281CD1B020FC245F3093AD39A81F442A70E7406D4C6D49D065A9D8D46",
        "resourceId": "/subscriptions/00000000-0000-0000-0000-000000000000/resourceGroups/servicelinker-test-linux-group/providers/Microsoft.ContainerService/managedClusters/servicelinker-servicebus-cluster/providers/Microsoft.ServiceLinker/linkers/testconn",
        "status": "Accepted", "startTime": "2022-04-27T05:20:48.4394033Z"}'
    headers:
      cache-control:
      - no-cache
      content-length:
      - '664'
      content-type:
      - application/json; charset=utf-8
      date:
      - Wed, 27 Apr 2022 05:21:19 GMT
      etag:
      - '"13003afe-0000-0100-0000-6268d2b00000"'
      expires:
      - '-1'
      pragma:
      - no-cache
      strict-transport-security:
      - max-age=31536000; includeSubDomains
      transfer-encoding:
      - chunked
      vary:
      - Accept-Encoding
      x-content-type-options:
      - nosniff
    status:
      code: 200
      message: OK
- request:
    body: null
    headers:
      Accept:
      - '*/*'
      Accept-Encoding:
      - gzip, deflate
      CommandName:
      - aks connection update servicebus
      Connection:
      - keep-alive
      ParameterSetName:
      - --id --client-type
      User-Agent:
      - AZURECLI/2.35.0 azsdk-python-mgmt-servicelinker/1.0.0 Python/3.8.2 (Windows-10-10.0.19041-SP0)
    method: GET
    uri: https://management.azure.com/subscriptions/00000000-0000-0000-0000-000000000000/providers/Microsoft.ServiceLinker/locations/EASTUS/operationStatuses/666663b4-b496-49bc-8dee-c374c8d5e4e4*17A63BD281CD1B020FC245F3093AD39A81F442A70E7406D4C6D49D065A9D8D46?api-version=2022-05-01
  response:
    body:
      string: '{"id": "/subscriptions/00000000-0000-0000-0000-000000000000/providers/Microsoft.ServiceLinker/locations/EASTUS/operationStatuses/666663b4-b496-49bc-8dee-c374c8d5e4e4*17A63BD281CD1B020FC245F3093AD39A81F442A70E7406D4C6D49D065A9D8D46",
        "name": "666663b4-b496-49bc-8dee-c374c8d5e4e4*17A63BD281CD1B020FC245F3093AD39A81F442A70E7406D4C6D49D065A9D8D46",
        "resourceId": "/subscriptions/00000000-0000-0000-0000-000000000000/resourceGroups/servicelinker-test-linux-group/providers/Microsoft.ContainerService/managedClusters/servicelinker-servicebus-cluster/providers/Microsoft.ServiceLinker/linkers/testconn",
        "status": "Accepted", "startTime": "2022-04-27T05:20:48.4394033Z"}'
    headers:
      cache-control:
      - no-cache
      content-length:
      - '664'
      content-type:
      - application/json; charset=utf-8
      date:
      - Wed, 27 Apr 2022 05:21:49 GMT
      etag:
      - '"13003afe-0000-0100-0000-6268d2b00000"'
      expires:
      - '-1'
      pragma:
      - no-cache
      strict-transport-security:
      - max-age=31536000; includeSubDomains
      transfer-encoding:
      - chunked
      vary:
      - Accept-Encoding
      x-content-type-options:
      - nosniff
    status:
      code: 200
      message: OK
- request:
    body: null
    headers:
      Accept:
      - '*/*'
      Accept-Encoding:
      - gzip, deflate
      CommandName:
      - aks connection update servicebus
      Connection:
      - keep-alive
      ParameterSetName:
      - --id --client-type
      User-Agent:
      - AZURECLI/2.35.0 azsdk-python-mgmt-servicelinker/1.0.0 Python/3.8.2 (Windows-10-10.0.19041-SP0)
    method: GET
    uri: https://management.azure.com/subscriptions/00000000-0000-0000-0000-000000000000/providers/Microsoft.ServiceLinker/locations/EASTUS/operationStatuses/666663b4-b496-49bc-8dee-c374c8d5e4e4*17A63BD281CD1B020FC245F3093AD39A81F442A70E7406D4C6D49D065A9D8D46?api-version=2022-05-01
  response:
    body:
      string: '{"id": "/subscriptions/00000000-0000-0000-0000-000000000000/providers/Microsoft.ServiceLinker/locations/EASTUS/operationStatuses/666663b4-b496-49bc-8dee-c374c8d5e4e4*17A63BD281CD1B020FC245F3093AD39A81F442A70E7406D4C6D49D065A9D8D46",
        "name": "666663b4-b496-49bc-8dee-c374c8d5e4e4*17A63BD281CD1B020FC245F3093AD39A81F442A70E7406D4C6D49D065A9D8D46",
        "resourceId": "/subscriptions/00000000-0000-0000-0000-000000000000/resourceGroups/servicelinker-test-linux-group/providers/Microsoft.ContainerService/managedClusters/servicelinker-servicebus-cluster/providers/Microsoft.ServiceLinker/linkers/testconn",
        "status": "Accepted", "startTime": "2022-04-27T05:20:48.4394033Z"}'
    headers:
      cache-control:
      - no-cache
      content-length:
      - '664'
      content-type:
      - application/json; charset=utf-8
      date:
      - Wed, 27 Apr 2022 05:22:19 GMT
      etag:
      - '"13003afe-0000-0100-0000-6268d2b00000"'
      expires:
      - '-1'
      pragma:
      - no-cache
      strict-transport-security:
      - max-age=31536000; includeSubDomains
      transfer-encoding:
      - chunked
      vary:
      - Accept-Encoding
      x-content-type-options:
      - nosniff
    status:
      code: 200
      message: OK
- request:
    body: null
    headers:
      Accept:
      - '*/*'
      Accept-Encoding:
      - gzip, deflate
      CommandName:
      - aks connection update servicebus
      Connection:
      - keep-alive
      ParameterSetName:
      - --id --client-type
      User-Agent:
      - AZURECLI/2.35.0 azsdk-python-mgmt-servicelinker/1.0.0 Python/3.8.2 (Windows-10-10.0.19041-SP0)
    method: GET
    uri: https://management.azure.com/subscriptions/00000000-0000-0000-0000-000000000000/providers/Microsoft.ServiceLinker/locations/EASTUS/operationStatuses/666663b4-b496-49bc-8dee-c374c8d5e4e4*17A63BD281CD1B020FC245F3093AD39A81F442A70E7406D4C6D49D065A9D8D46?api-version=2022-05-01
  response:
    body:
      string: '{"id": "/subscriptions/00000000-0000-0000-0000-000000000000/providers/Microsoft.ServiceLinker/locations/EASTUS/operationStatuses/666663b4-b496-49bc-8dee-c374c8d5e4e4*17A63BD281CD1B020FC245F3093AD39A81F442A70E7406D4C6D49D065A9D8D46",
        "name": "666663b4-b496-49bc-8dee-c374c8d5e4e4*17A63BD281CD1B020FC245F3093AD39A81F442A70E7406D4C6D49D065A9D8D46",
        "resourceId": "/subscriptions/00000000-0000-0000-0000-000000000000/resourceGroups/servicelinker-test-linux-group/providers/Microsoft.ContainerService/managedClusters/servicelinker-servicebus-cluster/providers/Microsoft.ServiceLinker/linkers/testconn",
        "status": "Succeeded", "startTime": "2022-04-27T05:20:48.4394033Z", "endTime":
        "2022-04-27T05:22:24.3357481Z", "properties": {}}'
    headers:
      cache-control:
      - no-cache
      content-length:
      - '726'
      content-type:
      - application/json; charset=utf-8
      date:
      - Wed, 27 Apr 2022 05:22:49 GMT
      etag:
      - '"1500acef-0000-0400-0000-6268d3100000"'
      expires:
      - '-1'
      pragma:
      - no-cache
      strict-transport-security:
      - max-age=31536000; includeSubDomains
      transfer-encoding:
      - chunked
      vary:
      - Accept-Encoding
      x-content-type-options:
      - nosniff
    status:
      code: 200
      message: OK
- request:
    body: null
    headers:
      Accept:
      - '*/*'
      Accept-Encoding:
      - gzip, deflate
      CommandName:
      - aks connection update servicebus
      Connection:
      - keep-alive
      ParameterSetName:
      - --id --client-type
      User-Agent:
      - AZURECLI/2.35.0 azsdk-python-mgmt-servicelinker/1.0.0 Python/3.8.2 (Windows-10-10.0.19041-SP0)
    method: GET
    uri: https://management.azure.com/subscriptions/00000000-0000-0000-0000-000000000000/resourceGroups/servicelinker-test-linux-group/providers/Microsoft.ContainerService/managedClusters/servicelinker-servicebus-cluster/providers/Microsoft.ServiceLinker/linkers/testconn?api-version=2022-05-01
  response:
    body:
      string: '{"id": "/subscriptions/00000000-0000-0000-0000-000000000000/resourceGroups/servicelinker-test-linux-group/providers/Microsoft.ContainerService/managedClusters/servicelinker-servicebus-cluster/providers/Microsoft.ServiceLinker/linkers/testconn",
        "name": "testconn", "type": "microsoft.servicelinker/linkers", "properties":
        {"provisioningState": "Succeeded", "targetService": {"id": "/subscriptions/00000000-0000-0000-0000-000000000000/resourceGroups/servicelinker-test-linux-group/providers/Microsoft.ServiceBus/namespaces/servicelinkertestservicebus",
        "resourceProperties": null, "type": "AzureResource"}, "authInfo": {"name":
        null, "secretInfo": null, "authType": "secret"}, "clientType": "dotnet", "scope":
        "default", "vNetSolution": null, "secretStore": {"keyVaultId": null}}}'
    headers:
      cache-control:
      - no-cache
      content-length:
      - '779'
      content-type:
      - application/json; charset=utf-8
      date:
      - Wed, 27 Apr 2022 05:22:49 GMT
      etag:
      - '"0200899b-0000-0400-0000-6268d3100000"'
      expires:
      - '-1'
      mise-correlation-id:
      - bc700f03-f125-4f47-b1e2-58ab566a5f0c
      pragma:
      - no-cache
      strict-transport-security:
      - max-age=31536000; includeSubDomains
      transfer-encoding:
      - chunked
      vary:
      - Accept-Encoding,Accept-Encoding
      x-content-type-options:
      - nosniff
      x-ms-providerhub-traffic:
      - 'True'
    status:
      code: 200
      message: OK
- request:
    body: null
    headers:
      Accept:
      - application/json
      Accept-Encoding:
      - gzip, deflate
      CommandName:
      - aks connection list-configuration
      Connection:
      - keep-alive
      Content-Length:
      - '0'
      ParameterSetName:
      - --id
      User-Agent:
      - AZURECLI/2.35.0 azsdk-python-mgmt-servicelinker/1.0.0 Python/3.8.2 (Windows-10-10.0.19041-SP0)
    method: POST
    uri: https://management.azure.com/subscriptions/00000000-0000-0000-0000-000000000000/resourceGroups/servicelinker-test-linux-group/providers/Microsoft.ContainerService/managedClusters/servicelinker-servicebus-cluster/providers/Microsoft.ServiceLinker/linkers/testconn/listConfigurations?api-version=2022-05-01
  response:
    body:
      string: '{"configurations": [{"name": "AZURE_SERVICEBUS_CONNECTIONSTRING", "value":
        ""}]}'
    headers:
      cache-control:
      - no-cache
      content-length:
      - '80'
      content-type:
      - application/json; charset=utf-8
      date:
      - Wed, 27 Apr 2022 05:22:54 GMT
      expires:
      - '-1'
      mise-correlation-id:
      - 21154327-1ac9-4a42-8e77-3064f5b51877
      pragma:
      - no-cache
      strict-transport-security:
      - max-age=31536000; includeSubDomains
      transfer-encoding:
      - chunked
      vary:
      - Accept-Encoding,Accept-Encoding
      x-content-type-options:
      - nosniff
      x-ms-providerhub-traffic:
      - 'True'
      x-ms-ratelimit-remaining-subscription-writes:
      - '1194'
    status:
      code: 200
      message: OK
- request:
    body: null
    headers:
      Accept:
      - application/json
      Accept-Encoding:
      - gzip, deflate
      CommandName:
      - aks connection validate
      Connection:
      - keep-alive
      ParameterSetName:
      - --id
      User-Agent:
      - AZURECLI/2.35.0 azsdk-python-mgmt-servicelinker/1.0.0 Python/3.8.2 (Windows-10-10.0.19041-SP0)
    method: GET
    uri: https://management.azure.com/subscriptions/00000000-0000-0000-0000-000000000000/resourceGroups/servicelinker-test-linux-group/providers/Microsoft.ContainerService/managedClusters/servicelinker-servicebus-cluster/providers/Microsoft.ServiceLinker/linkers/testconn?api-version=2022-05-01
  response:
    body:
      string: '{"id": "/subscriptions/00000000-0000-0000-0000-000000000000/resourceGroups/servicelinker-test-linux-group/providers/Microsoft.ContainerService/managedClusters/servicelinker-servicebus-cluster/providers/Microsoft.ServiceLinker/linkers/testconn",
        "name": "testconn", "type": "microsoft.servicelinker/linkers", "properties":
        {"provisioningState": "Succeeded", "targetService": {"id": "/subscriptions/00000000-0000-0000-0000-000000000000/resourceGroups/servicelinker-test-linux-group/providers/Microsoft.ServiceBus/namespaces/servicelinkertestservicebus",
        "resourceProperties": null, "type": "AzureResource"}, "authInfo": {"name":
        null, "secretInfo": null, "authType": "secret"}, "clientType": "dotnet", "scope":
        "default", "vNetSolution": null, "secretStore": {"keyVaultId": null}}}'
    headers:
      cache-control:
      - no-cache
      content-length:
      - '779'
      content-type:
      - application/json; charset=utf-8
      date:
      - Wed, 27 Apr 2022 05:22:56 GMT
      etag:
      - '"0200899b-0000-0400-0000-6268d3100000"'
      expires:
      - '-1'
      mise-correlation-id:
      - be7403b6-03e4-4bec-a4c6-8493dd4ad292
      pragma:
      - no-cache
      strict-transport-security:
      - max-age=31536000; includeSubDomains
      transfer-encoding:
      - chunked
      vary:
      - Accept-Encoding,Accept-Encoding
      x-content-type-options:
      - nosniff
      x-ms-providerhub-traffic:
      - 'True'
    status:
      code: 200
      message: OK
- request:
    body: null
    headers:
      Accept:
      - application/json
      Accept-Encoding:
      - gzip, deflate
      CommandName:
      - aks connection validate
      Connection:
      - keep-alive
      Content-Length:
      - '0'
      ParameterSetName:
      - --id
      User-Agent:
      - AZURECLI/2.35.0 azsdk-python-mgmt-servicelinker/1.0.0 Python/3.8.2 (Windows-10-10.0.19041-SP0)
    method: POST
    uri: https://management.azure.com/subscriptions/00000000-0000-0000-0000-000000000000/resourceGroups/servicelinker-test-linux-group/providers/Microsoft.ContainerService/managedClusters/servicelinker-servicebus-cluster/providers/Microsoft.ServiceLinker/linkers/testconn/validateLinker?api-version=2022-05-01
  response:
    body:
      string: 'null'
    headers:
      azure-asyncoperation:
      - https://management.azure.com/subscriptions/00000000-0000-0000-0000-000000000000/providers/Microsoft.ServiceLinker/locations/EASTUS/operationStatuses/863c54a0-043b-411b-ae94-5f810b1822c8*17A63BD281CD1B020FC245F3093AD39A81F442A70E7406D4C6D49D065A9D8D46?api-version=2022-05-01
      cache-control:
      - no-cache
      content-length:
      - '4'
      content-type:
      - application/json; charset=utf-8
      date:
      - Wed, 27 Apr 2022 05:22:57 GMT
      expires:
      - '-1'
      location:
      - https://management.azure.com/subscriptions/00000000-0000-0000-0000-000000000000/providers/Microsoft.ServiceLinker/locations/EASTUS/operationStatuses/863c54a0-043b-411b-ae94-5f810b1822c8*17A63BD281CD1B020FC245F3093AD39A81F442A70E7406D4C6D49D065A9D8D46?api-version=2022-05-01
      mise-correlation-id:
      - 20f473cc-3b53-4e4d-bb8f-c1efdbcb8cfe
      pragma:
      - no-cache
      strict-transport-security:
      - max-age=31536000; includeSubDomains
      x-content-type-options:
      - nosniff
      x-ms-providerhub-traffic:
      - 'True'
      x-ms-ratelimit-remaining-subscription-writes:
      - '1196'
    status:
      code: 202
      message: Accepted
- request:
    body: null
    headers:
      Accept:
      - '*/*'
      Accept-Encoding:
      - gzip, deflate
      CommandName:
      - aks connection validate
      Connection:
      - keep-alive
      ParameterSetName:
      - --id
      User-Agent:
      - AZURECLI/2.35.0 azsdk-python-mgmt-servicelinker/1.0.0 Python/3.8.2 (Windows-10-10.0.19041-SP0)
    method: GET
    uri: https://management.azure.com/subscriptions/00000000-0000-0000-0000-000000000000/providers/Microsoft.ServiceLinker/locations/EASTUS/operationStatuses/863c54a0-043b-411b-ae94-5f810b1822c8*17A63BD281CD1B020FC245F3093AD39A81F442A70E7406D4C6D49D065A9D8D46?api-version=2022-05-01
  response:
    body:
      string: '{"id": "/subscriptions/00000000-0000-0000-0000-000000000000/providers/Microsoft.ServiceLinker/locations/EASTUS/operationStatuses/863c54a0-043b-411b-ae94-5f810b1822c8*17A63BD281CD1B020FC245F3093AD39A81F442A70E7406D4C6D49D065A9D8D46",
        "name": "863c54a0-043b-411b-ae94-5f810b1822c8*17A63BD281CD1B020FC245F3093AD39A81F442A70E7406D4C6D49D065A9D8D46",
        "resourceId": "/subscriptions/00000000-0000-0000-0000-000000000000/resourceGroups/servicelinker-test-linux-group/providers/Microsoft.ContainerService/managedClusters/servicelinker-servicebus-cluster/providers/Microsoft.ServiceLinker/linkers/testconn",
        "status": "Succeeded", "startTime": "2022-04-27T05:22:57.3701657Z", "endTime":
        "2022-04-27T05:23:01.4513225Z", "properties": {"message": "{\"ConnectionName\":\"testconn\",\"IsConnectionAvailable\":true,\"ValidationDetail\":[{\"Name\":\"The
        target existence is validated\",\"Description\":null,\"Result\":0},{\"Name\":\"The
        target service firewall is validated\",\"Description\":null,\"Result\":0},{\"Name\":\"The
        configured values is validated\",\"Description\":null,\"Result\":0}],\"ReportStartTimeUtc\":\"2022-04-27T05:22:58.6243677Z\",\"ReportEndTimeUtc\":\"2022-04-27T05:23:01.3512987Z\",\"SourceId\":null,\"TargetId\":\"/subscriptions/00000000-0000-0000-0000-000000000000/resourceGroups/servicelinker-test-linux-group/providers/Microsoft.ServiceBus/namespaces/servicelinkertestservicebus\",\"AuthType\":4}"}}'
    headers:
      cache-control:
      - no-cache
      content-length:
      - '1411'
      content-type:
      - application/json; charset=utf-8
      date:
      - Wed, 27 Apr 2022 05:23:36 GMT
      etag:
      - '"1500b7f1-0000-0400-0000-6268d3350000"'
      expires:
      - '-1'
      pragma:
      - no-cache
      strict-transport-security:
      - max-age=31536000; includeSubDomains
      transfer-encoding:
      - chunked
      vary:
      - Accept-Encoding
      x-content-type-options:
      - nosniff
    status:
      code: 200
      message: OK
- request:
    body: null
    headers:
      Accept:
      - application/json
      Accept-Encoding:
      - gzip, deflate
      CommandName:
      - aks connection show
      Connection:
      - keep-alive
      ParameterSetName:
      - --id
      User-Agent:
      - AZURECLI/2.35.0 azsdk-python-mgmt-servicelinker/1.0.0 Python/3.8.2 (Windows-10-10.0.19041-SP0)
    method: GET
    uri: https://management.azure.com/subscriptions/00000000-0000-0000-0000-000000000000/resourceGroups/servicelinker-test-linux-group/providers/Microsoft.ContainerService/managedClusters/servicelinker-servicebus-cluster/providers/Microsoft.ServiceLinker/linkers/testconn?api-version=2022-05-01
  response:
    body:
      string: '{"id": "/subscriptions/00000000-0000-0000-0000-000000000000/resourceGroups/servicelinker-test-linux-group/providers/Microsoft.ContainerService/managedClusters/servicelinker-servicebus-cluster/providers/Microsoft.ServiceLinker/linkers/testconn",
        "name": "testconn", "type": "microsoft.servicelinker/linkers", "properties":
        {"provisioningState": "Succeeded", "targetService": {"id": "/subscriptions/00000000-0000-0000-0000-000000000000/resourceGroups/servicelinker-test-linux-group/providers/Microsoft.ServiceBus/namespaces/servicelinkertestservicebus",
        "resourceProperties": null, "type": "AzureResource"}, "authInfo": {"name":
        null, "secretInfo": null, "authType": "secret"}, "clientType": "dotnet", "scope":
        "default", "vNetSolution": null, "secretStore": {"keyVaultId": null}}}'
    headers:
      cache-control:
      - no-cache
      content-length:
      - '779'
      content-type:
      - application/json; charset=utf-8
      date:
      - Wed, 27 Apr 2022 05:23:37 GMT
      etag:
      - '"0200899b-0000-0400-0000-6268d3100000"'
      expires:
      - '-1'
      mise-correlation-id:
      - 748202bb-28af-4f02-b33e-cfc2394fd4b1
      pragma:
      - no-cache
      strict-transport-security:
      - max-age=31536000; includeSubDomains
      transfer-encoding:
      - chunked
      vary:
      - Accept-Encoding,Accept-Encoding
      x-content-type-options:
      - nosniff
      x-ms-providerhub-traffic:
      - 'True'
    status:
      code: 200
      message: OK
- request:
    body: null
    headers:
      Accept:
      - application/json
      Accept-Encoding:
      - gzip, deflate
      CommandName:
      - aks connection delete
      Connection:
      - keep-alive
      Content-Length:
      - '0'
      ParameterSetName:
      - --id --yes
      User-Agent:
      - AZURECLI/2.35.0 azsdk-python-mgmt-servicelinker/1.0.0 Python/3.8.2 (Windows-10-10.0.19041-SP0)
    method: DELETE
    uri: https://management.azure.com/subscriptions/00000000-0000-0000-0000-000000000000/resourceGroups/servicelinker-test-linux-group/providers/Microsoft.ContainerService/managedClusters/servicelinker-servicebus-cluster/providers/Microsoft.ServiceLinker/linkers/testconn?api-version=2022-05-01
  response:
    body:
      string: 'null'
    headers:
      azure-asyncoperation:
      - https://management.azure.com/subscriptions/00000000-0000-0000-0000-000000000000/providers/Microsoft.ServiceLinker/locations/EASTUS/operationStatuses/b209569c-71dd-4231-a0fd-420feac7d4b6*17A63BD281CD1B020FC245F3093AD39A81F442A70E7406D4C6D49D065A9D8D46?api-version=2022-05-01
      cache-control:
      - no-cache
      content-length:
      - '4'
      content-type:
      - application/json; charset=utf-8
      date:
      - Wed, 27 Apr 2022 05:23:43 GMT
      etag:
      - '"02009a9b-0000-0400-0000-6268d35f0000"'
      expires:
      - '-1'
      location:
      - https://management.azure.com/subscriptions/00000000-0000-0000-0000-000000000000/providers/Microsoft.ServiceLinker/locations/EASTUS/operationStatuses/b209569c-71dd-4231-a0fd-420feac7d4b6*17A63BD281CD1B020FC245F3093AD39A81F442A70E7406D4C6D49D065A9D8D46?api-version=2022-05-01
      mise-correlation-id:
      - 272f5fb9-218c-4de9-88fd-3d8eb3792c9d
      pragma:
      - no-cache
      strict-transport-security:
      - max-age=31536000; includeSubDomains
      x-content-type-options:
      - nosniff
      x-ms-providerhub-traffic:
      - 'True'
      x-ms-ratelimit-remaining-subscription-deletes:
      - '14999'
    status:
      code: 202
      message: Accepted
- request:
    body: null
    headers:
      Accept:
      - '*/*'
      Accept-Encoding:
      - gzip, deflate
      CommandName:
      - aks connection delete
      Connection:
      - keep-alive
      ParameterSetName:
      - --id --yes
      User-Agent:
      - AZURECLI/2.35.0 azsdk-python-mgmt-servicelinker/1.0.0 Python/3.8.2 (Windows-10-10.0.19041-SP0)
    method: GET
    uri: https://management.azure.com/subscriptions/00000000-0000-0000-0000-000000000000/providers/Microsoft.ServiceLinker/locations/EASTUS/operationStatuses/b209569c-71dd-4231-a0fd-420feac7d4b6*17A63BD281CD1B020FC245F3093AD39A81F442A70E7406D4C6D49D065A9D8D46?api-version=2022-05-01
  response:
    body:
      string: '{"id": "/subscriptions/00000000-0000-0000-0000-000000000000/providers/Microsoft.ServiceLinker/locations/EASTUS/operationStatuses/b209569c-71dd-4231-a0fd-420feac7d4b6*17A63BD281CD1B020FC245F3093AD39A81F442A70E7406D4C6D49D065A9D8D46",
        "name": "b209569c-71dd-4231-a0fd-420feac7d4b6*17A63BD281CD1B020FC245F3093AD39A81F442A70E7406D4C6D49D065A9D8D46",
        "resourceId": "/subscriptions/00000000-0000-0000-0000-000000000000/resourceGroups/servicelinker-test-linux-group/providers/Microsoft.ContainerService/managedClusters/servicelinker-servicebus-cluster/providers/Microsoft.ServiceLinker/linkers/testconn",
        "status": "Deleting", "startTime": "2022-04-27T05:23:43.3499259Z"}'
    headers:
      cache-control:
      - no-cache
      content-length:
      - '664'
      content-type:
      - application/json; charset=utf-8
      date:
      - Wed, 27 Apr 2022 05:24:14 GMT
      etag:
      - '"15003af7-0000-0400-0000-6268d35f0000"'
      expires:
      - '-1'
      pragma:
      - no-cache
      strict-transport-security:
      - max-age=31536000; includeSubDomains
      x-content-type-options:
      - nosniff
    status:
      code: 202
      message: Accepted
- request:
    body: null
    headers:
      Accept:
      - '*/*'
      Accept-Encoding:
      - gzip, deflate
      CommandName:
      - aks connection delete
      Connection:
      - keep-alive
      ParameterSetName:
      - --id --yes
      User-Agent:
      - AZURECLI/2.35.0 azsdk-python-mgmt-servicelinker/1.0.0 Python/3.8.2 (Windows-10-10.0.19041-SP0)
    method: GET
    uri: https://management.azure.com/subscriptions/00000000-0000-0000-0000-000000000000/providers/Microsoft.ServiceLinker/locations/EASTUS/operationStatuses/b209569c-71dd-4231-a0fd-420feac7d4b6*17A63BD281CD1B020FC245F3093AD39A81F442A70E7406D4C6D49D065A9D8D46?api-version=2022-05-01
  response:
    body:
      string: '{"id": "/subscriptions/00000000-0000-0000-0000-000000000000/providers/Microsoft.ServiceLinker/locations/EASTUS/operationStatuses/b209569c-71dd-4231-a0fd-420feac7d4b6*17A63BD281CD1B020FC245F3093AD39A81F442A70E7406D4C6D49D065A9D8D46",
        "name": "b209569c-71dd-4231-a0fd-420feac7d4b6*17A63BD281CD1B020FC245F3093AD39A81F442A70E7406D4C6D49D065A9D8D46",
        "resourceId": "/subscriptions/00000000-0000-0000-0000-000000000000/resourceGroups/servicelinker-test-linux-group/providers/Microsoft.ContainerService/managedClusters/servicelinker-servicebus-cluster/providers/Microsoft.ServiceLinker/linkers/testconn",
        "status": "Deleting", "startTime": "2022-04-27T05:23:43.3499259Z"}'
    headers:
      cache-control:
      - no-cache
      content-length:
      - '664'
      content-type:
      - application/json; charset=utf-8
      date:
      - Wed, 27 Apr 2022 05:24:44 GMT
      etag:
      - '"15003af7-0000-0400-0000-6268d35f0000"'
      expires:
      - '-1'
      pragma:
      - no-cache
      strict-transport-security:
      - max-age=31536000; includeSubDomains
      x-content-type-options:
      - nosniff
    status:
      code: 202
      message: Accepted
- request:
    body: null
    headers:
      Accept:
      - '*/*'
      Accept-Encoding:
      - gzip, deflate
      CommandName:
      - aks connection delete
      Connection:
      - keep-alive
      ParameterSetName:
      - --id --yes
      User-Agent:
      - AZURECLI/2.35.0 azsdk-python-mgmt-servicelinker/1.0.0 Python/3.8.2 (Windows-10-10.0.19041-SP0)
    method: GET
    uri: https://management.azure.com/subscriptions/00000000-0000-0000-0000-000000000000/providers/Microsoft.ServiceLinker/locations/EASTUS/operationStatuses/b209569c-71dd-4231-a0fd-420feac7d4b6*17A63BD281CD1B020FC245F3093AD39A81F442A70E7406D4C6D49D065A9D8D46?api-version=2022-05-01
  response:
    body:
      string: '{"id": "/subscriptions/00000000-0000-0000-0000-000000000000/providers/Microsoft.ServiceLinker/locations/EASTUS/operationStatuses/b209569c-71dd-4231-a0fd-420feac7d4b6*17A63BD281CD1B020FC245F3093AD39A81F442A70E7406D4C6D49D065A9D8D46",
        "name": "b209569c-71dd-4231-a0fd-420feac7d4b6*17A63BD281CD1B020FC245F3093AD39A81F442A70E7406D4C6D49D065A9D8D46",
        "resourceId": "/subscriptions/00000000-0000-0000-0000-000000000000/resourceGroups/servicelinker-test-linux-group/providers/Microsoft.ContainerService/managedClusters/servicelinker-servicebus-cluster/providers/Microsoft.ServiceLinker/linkers/testconn",
        "status": "Deleting", "startTime": "2022-04-27T05:23:43.3499259Z"}'
    headers:
      cache-control:
      - no-cache
      content-length:
      - '664'
      content-type:
      - application/json; charset=utf-8
      date:
      - Wed, 27 Apr 2022 05:25:15 GMT
      etag:
      - '"15003af7-0000-0400-0000-6268d35f0000"'
      expires:
      - '-1'
      pragma:
      - no-cache
      strict-transport-security:
      - max-age=31536000; includeSubDomains
      x-content-type-options:
      - nosniff
    status:
      code: 202
      message: Accepted
- request:
    body: null
    headers:
      Accept:
      - '*/*'
      Accept-Encoding:
      - gzip, deflate
      CommandName:
      - aks connection delete
      Connection:
      - keep-alive
      ParameterSetName:
      - --id --yes
      User-Agent:
      - AZURECLI/2.35.0 azsdk-python-mgmt-servicelinker/1.0.0 Python/3.8.2 (Windows-10-10.0.19041-SP0)
    method: GET
    uri: https://management.azure.com/subscriptions/00000000-0000-0000-0000-000000000000/providers/Microsoft.ServiceLinker/locations/EASTUS/operationStatuses/b209569c-71dd-4231-a0fd-420feac7d4b6*17A63BD281CD1B020FC245F3093AD39A81F442A70E7406D4C6D49D065A9D8D46?api-version=2022-05-01
  response:
    body:
      string: '{"id": "/subscriptions/00000000-0000-0000-0000-000000000000/providers/Microsoft.ServiceLinker/locations/EASTUS/operationStatuses/b209569c-71dd-4231-a0fd-420feac7d4b6*17A63BD281CD1B020FC245F3093AD39A81F442A70E7406D4C6D49D065A9D8D46",
        "name": "b209569c-71dd-4231-a0fd-420feac7d4b6*17A63BD281CD1B020FC245F3093AD39A81F442A70E7406D4C6D49D065A9D8D46",
        "resourceId": "/subscriptions/00000000-0000-0000-0000-000000000000/resourceGroups/servicelinker-test-linux-group/providers/Microsoft.ContainerService/managedClusters/servicelinker-servicebus-cluster/providers/Microsoft.ServiceLinker/linkers/testconn",
        "status": "Succeeded", "startTime": "2022-04-27T05:23:43.3499259Z", "endTime":
        "2022-04-27T05:25:24.0266508Z", "properties": null}'
    headers:
      cache-control:
      - no-cache
      content-length:
      - '728'
      content-type:
      - application/json; charset=utf-8
      date:
      - Wed, 27 Apr 2022 05:25:45 GMT
      etag:
      - '"14003b01-0000-0100-0000-6268d3c40000"'
      expires:
      - '-1'
      pragma:
      - no-cache
      strict-transport-security:
      - max-age=31536000; includeSubDomains
      transfer-encoding:
      - chunked
      vary:
      - Accept-Encoding
      x-content-type-options:
      - nosniff
    status:
      code: 200
      message: OK
version: 1
