interactions:
- request:
    body: null
    headers:
      Accept:
      - application/json
      Accept-Encoding:
      - gzip, deflate
      CommandName:
      - webapp connection create confluent-cloud
      Connection:
      - keep-alive
      ParameterSetName:
      - --connection --source-id --bootstrap-server --kafka-key --kafka-secret --schema-registry
        --schema-key --schema-secret --client-type --vault-id
      User-Agent:
      - AZURECLI/2.35.0 azsdk-python-mgmt-servicelinker/1.0.0 Python/3.8.2 (Windows-10-10.0.19041-SP0)
      x-ms-serviceconnector-user-token:
      - hidden
    method: GET
    uri: https://management.azure.com/subscriptions/00000000-0000-0000-0000-000000000000/resourceGroups/servicelinker-test-linux-group/providers/Microsoft.Web/sites/servicelinker-kafka-ref-app/providers/Microsoft.ServiceLinker/linkers?api-version=2022-05-01
  response:
    body:
      string: '{"value": []}'
    headers:
      cache-control:
      - no-cache
      content-length:
      - '13'
      content-type:
      - application/json; charset=utf-8
      date:
      - Wed, 27 Apr 2022 05:18:24 GMT
      expires:
      - '-1'
      mise-correlation-id:
      - c1463ea4-936a-4b7b-8806-6e54ce675144
      pragma:
      - no-cache
      strict-transport-security:
      - max-age=31536000; includeSubDomains
      transfer-encoding:
      - chunked
      vary:
      - Accept-Encoding,Accept-Encoding
      x-content-type-options:
      - nosniff
      x-ms-providerhub-traffic:
      - 'True'
    status:
      code: 200
      message: OK
- request:
    body: '{"properties": {"targetService": {"type": "AzureResource", "id": "/subscriptions/00000000-0000-0000-0000-000000000000/resourceGroups/servicelinker-test-linux-group/providers/Microsoft.KeyVault/vaults/servicelinker-kv-ref"},
      "authInfo": {"authType": "systemAssignedIdentity"}, "clientType": "dotnet"}}'
    headers:
      Accept:
      - application/json
      Accept-Encoding:
      - gzip, deflate
      CommandName:
      - webapp connection create confluent-cloud
      Connection:
      - keep-alive
      Content-Length:
      - '300'
      Content-Type:
      - application/json
      ParameterSetName:
      - --connection --source-id --bootstrap-server --kafka-key --kafka-secret --schema-registry
        --schema-key --schema-secret --client-type --vault-id
      User-Agent:
      - AZURECLI/2.35.0 azsdk-python-mgmt-servicelinker/1.0.0 Python/3.8.2 (Windows-10-10.0.19041-SP0)
      x-ms-serviceconnector-user-token:
      - hidden
    method: PUT
    uri: https://management.azure.com/subscriptions/00000000-0000-0000-0000-000000000000/resourceGroups/servicelinker-test-linux-group/providers/Microsoft.Web/sites/servicelinker-kafka-ref-app/providers/Microsoft.ServiceLinker/linkers/keyvault_QEOig?api-version=2022-05-01
  response:
    body:
      string: '{"id": "/subscriptions/00000000-0000-0000-0000-000000000000/resourceGroups/servicelinker-test-linux-group/providers/Microsoft.Web/sites/servicelinker-kafka-ref-app/providers/Microsoft.ServiceLinker/linkers/keyvault_QEOig",
        "name": "keyvault_QEOig", "type": "microsoft.servicelinker/linkers", "systemData":
        {"createdBy": "honc@microsoft.com", "createdByType": "User", "createdAt":
        "2022-04-27T05:18:25.4400384Z", "lastModifiedBy": "honc@microsoft.com", "lastModifiedByType":
        "User", "lastModifiedAt": "2022-04-27T05:18:25.4400384Z"}, "properties": {"provisioningState":
        "Accepted", "targetService": {"id": "/subscriptions/00000000-0000-0000-0000-000000000000/resourceGroups/servicelinker-test-linux-group/providers/Microsoft.KeyVault/vaults/servicelinker-kv-ref",
        "resourceProperties": null, "type": "AzureResource"}, "authInfo": {"authType":
        "systemAssignedIdentity"}, "vNetSolution": null, "clientType": "dotnet", "secretStore":
        null, "scope": null}}'
    headers:
      azure-asyncoperation:
      - https://management.azure.com/subscriptions/00000000-0000-0000-0000-000000000000/providers/Microsoft.ServiceLinker/locations/EASTUS/operationStatuses/47a37eba-3deb-4088-9fd1-717c1b02df9b*421142A912F0A2CDC702EEC154D2B3BD77AC0C07E8BC8AF4834EFA6053A2C21B?api-version=2022-05-01
      cache-control:
      - no-cache
      content-length:
      - '951'
      content-type:
      - application/json; charset=utf-8
      date:
      - Wed, 27 Apr 2022 05:18:25 GMT
      etag:
      - '"6a009d4d-0000-0100-0000-6268d2210000"'
      expires:
      - '-1'
      mise-correlation-id:
      - 60184ef3-290b-4b19-82f6-d1405508ac87
      pragma:
      - no-cache
      strict-transport-security:
      - max-age=31536000; includeSubDomains
      x-content-type-options:
      - nosniff
      x-ms-providerhub-traffic:
      - 'True'
      x-ms-ratelimit-remaining-subscription-writes:
      - '1198'
    status:
      code: 201
      message: Created
- request:
    body: null
    headers:
      Accept:
      - '*/*'
      Accept-Encoding:
      - gzip, deflate
      CommandName:
      - webapp connection create confluent-cloud
      Connection:
      - keep-alive
      ParameterSetName:
      - --connection --source-id --bootstrap-server --kafka-key --kafka-secret --schema-registry
        --schema-key --schema-secret --client-type --vault-id
      User-Agent:
      - AZURECLI/2.35.0 azsdk-python-mgmt-servicelinker/1.0.0 Python/3.8.2 (Windows-10-10.0.19041-SP0)
      x-ms-serviceconnector-user-token:
      - hidden
    method: GET
    uri: https://management.azure.com/subscriptions/00000000-0000-0000-0000-000000000000/providers/Microsoft.ServiceLinker/locations/EASTUS/operationStatuses/47a37eba-3deb-4088-9fd1-717c1b02df9b*421142A912F0A2CDC702EEC154D2B3BD77AC0C07E8BC8AF4834EFA6053A2C21B?api-version=2022-05-01
  response:
    body:
      string: '{"id": "/subscriptions/00000000-0000-0000-0000-000000000000/providers/Microsoft.ServiceLinker/locations/EASTUS/operationStatuses/47a37eba-3deb-4088-9fd1-717c1b02df9b*421142A912F0A2CDC702EEC154D2B3BD77AC0C07E8BC8AF4834EFA6053A2C21B",
        "name": "47a37eba-3deb-4088-9fd1-717c1b02df9b*421142A912F0A2CDC702EEC154D2B3BD77AC0C07E8BC8AF4834EFA6053A2C21B",
        "resourceId": "/subscriptions/00000000-0000-0000-0000-000000000000/resourceGroups/servicelinker-test-linux-group/providers/Microsoft.Web/sites/servicelinker-kafka-ref-app/providers/Microsoft.ServiceLinker/linkers/keyvault_QEOig",
        "status": "Succeeded", "startTime": "2022-04-27T05:18:25.6094487Z", "endTime":
        "2022-04-27T05:18:29.826921Z", "properties": {}}'
    headers:
      cache-control:
      - no-cache
      content-length:
      - '703'
      content-type:
      - application/json; charset=utf-8
      date:
      - Wed, 27 Apr 2022 05:18:55 GMT
      etag:
      - '"13002dfd-0000-0100-0000-6268d2250000"'
      expires:
      - '-1'
      pragma:
      - no-cache
      strict-transport-security:
      - max-age=31536000; includeSubDomains
      transfer-encoding:
      - chunked
      vary:
      - Accept-Encoding
      x-content-type-options:
      - nosniff
    status:
      code: 200
      message: OK
- request:
    body: null
    headers:
      Accept:
      - '*/*'
      Accept-Encoding:
      - gzip, deflate
      CommandName:
      - webapp connection create confluent-cloud
      Connection:
      - keep-alive
      ParameterSetName:
      - --connection --source-id --bootstrap-server --kafka-key --kafka-secret --schema-registry
        --schema-key --schema-secret --client-type --vault-id
      User-Agent:
      - AZURECLI/2.35.0 azsdk-python-mgmt-servicelinker/1.0.0 Python/3.8.2 (Windows-10-10.0.19041-SP0)
      x-ms-serviceconnector-user-token:
      - hidden
    method: GET
    uri: https://management.azure.com/subscriptions/00000000-0000-0000-0000-000000000000/resourceGroups/servicelinker-test-linux-group/providers/Microsoft.Web/sites/servicelinker-kafka-ref-app/providers/Microsoft.ServiceLinker/linkers/keyvault_QEOig?api-version=2022-05-01
  response:
    body:
      string: '{"id": "/subscriptions/00000000-0000-0000-0000-000000000000/resourceGroups/servicelinker-test-linux-group/providers/Microsoft.Web/sites/servicelinker-kafka-ref-app/providers/Microsoft.ServiceLinker/linkers/keyvault_QEOig",
        "name": "keyvault_QEOig", "type": "microsoft.servicelinker/linkers", "properties":
        {"provisioningState": "Succeeded", "targetService": {"id": "/subscriptions/00000000-0000-0000-0000-000000000000/resourceGroups/servicelinker-test-linux-group/providers/Microsoft.KeyVault/vaults/servicelinker-kv-ref",
        "resourceProperties": null, "type": "AzureResource"}, "authInfo": {"authType":
        "systemAssignedIdentity"}, "clientType": "dotnet", "scope": null, "vNetSolution":
        null, "secretStore": null}}'
    headers:
      cache-control:
      - no-cache
      content-length:
      - '711'
      content-type:
      - application/json; charset=utf-8
      date:
      - Wed, 27 Apr 2022 05:18:56 GMT
      etag:
      - '"6a00ac4d-0000-0100-0000-6268d2250000"'
      expires:
      - '-1'
      mise-correlation-id:
      - 7f7d36dd-6759-45d7-8cc0-a8a8b6676840
      pragma:
      - no-cache
      strict-transport-security:
      - max-age=31536000; includeSubDomains
      transfer-encoding:
      - chunked
      vary:
      - Accept-Encoding,Accept-Encoding
      x-content-type-options:
      - nosniff
      x-ms-providerhub-traffic:
      - 'True'
    status:
      code: 200
      message: OK
- request:
    body: '{"properties": {"targetService": {"type": "ConfluentBootstrapServer", "endpoint":
      "xxx.eastus.azure.confluent.cloud:9092"}, "authInfo": {"authType": "secret",
      "name": "Name", "secretInfo": {"secretType": "rawValue", "value": "Secret"}},
      "clientType": "python", "secretStore": {"keyVaultId": "/subscriptions/00000000-0000-0000-0000-000000000000/resourceGroups/servicelinker-test-linux-group/providers/Microsoft.KeyVault/vaults/servicelinker-kv-ref"}}}'
    headers:
      Accept:
      - application/json
      Accept-Encoding:
      - gzip, deflate
      CommandName:
      - webapp connection create confluent-cloud
      Connection:
      - keep-alive
      Content-Length:
      - '450'
      Content-Type:
      - application/json
      ParameterSetName:
      - --connection --source-id --bootstrap-server --kafka-key --kafka-secret --schema-registry
        --schema-key --schema-secret --client-type --vault-id
      User-Agent:
      - AZURECLI/2.35.0 azsdk-python-mgmt-servicelinker/1.0.0 Python/3.8.2 (Windows-10-10.0.19041-SP0)
      x-ms-serviceconnector-user-token:
      - hidden
    method: PUT
    uri: https://management.azure.com/subscriptions/00000000-0000-0000-0000-000000000000/resourceGroups/servicelinker-test-linux-group/providers/Microsoft.Web/sites/servicelinker-kafka-ref-app/providers/Microsoft.ServiceLinker/linkers/testconn?api-version=2022-05-01
  response:
    body:
      string: '{"id": "/subscriptions/00000000-0000-0000-0000-000000000000/resourceGroups/servicelinker-test-linux-group/providers/Microsoft.Web/sites/servicelinker-kafka-ref-app/providers/Microsoft.ServiceLinker/linkers/testconn",
        "name": "testconn", "type": "microsoft.servicelinker/linkers", "systemData":
        {"createdBy": "honc@microsoft.com", "createdByType": "User", "createdAt":
        "2022-04-27T05:18:56.6899351Z", "lastModifiedBy": "honc@microsoft.com", "lastModifiedByType":
        "User", "lastModifiedAt": "2022-04-27T05:18:56.6899351Z"}, "properties": {"provisioningState":
        "Accepted", "targetService": {"endpoint": "xxx.eastus.azure.confluent.cloud:9092",
        "type": "ConfluentBootstrapServer"}, "authInfo": {"name": "Name", "secretInfo":
        {"secretType": "rawValue"}, "authType": "secret"}, "vNetSolution": null, "clientType":
        "python", "secretStore": {"keyVaultId": "/subscriptions/00000000-0000-0000-0000-000000000000/resourceGroups/servicelinker-test-linux-group/providers/Microsoft.KeyVault/vaults/servicelinker-kv-ref"},
        "scope": null}}'
    headers:
      azure-asyncoperation:
      - https://management.azure.com/subscriptions/00000000-0000-0000-0000-000000000000/providers/Microsoft.ServiceLinker/locations/EASTUS/operationStatuses/57d56cbf-5bb3-4bec-9e91-a71260f33a14*17A8D02A6981FBF0FAD6665634562817645CA4C9C1E6612DEB9C863AA159F252?api-version=2022-05-01
      cache-control:
      - no-cache
      content-length:
      - '1021'
      content-type:
      - application/json; charset=utf-8
      date:
      - Wed, 27 Apr 2022 05:18:57 GMT
      etag:
      - '"6a00e04d-0000-0100-0000-6268d2410000"'
      expires:
      - '-1'
      mise-correlation-id:
      - 44790199-bf8a-4591-b6e7-fe2de7e51c42
      pragma:
      - no-cache
      strict-transport-security:
      - max-age=31536000; includeSubDomains
      x-content-type-options:
      - nosniff
      x-ms-providerhub-traffic:
      - 'True'
      x-ms-ratelimit-remaining-subscription-writes:
      - '1197'
    status:
      code: 201
      message: Created
- request:
    body: null
    headers:
      Accept:
      - '*/*'
      Accept-Encoding:
      - gzip, deflate
      CommandName:
      - webapp connection create confluent-cloud
      Connection:
      - keep-alive
      ParameterSetName:
      - --connection --source-id --bootstrap-server --kafka-key --kafka-secret --schema-registry
        --schema-key --schema-secret --client-type --vault-id
      User-Agent:
      - AZURECLI/2.35.0 azsdk-python-mgmt-servicelinker/1.0.0 Python/3.8.2 (Windows-10-10.0.19041-SP0)
      x-ms-serviceconnector-user-token:
      - hidden
    method: GET
    uri: https://management.azure.com/subscriptions/00000000-0000-0000-0000-000000000000/providers/Microsoft.ServiceLinker/locations/EASTUS/operationStatuses/57d56cbf-5bb3-4bec-9e91-a71260f33a14*17A8D02A6981FBF0FAD6665634562817645CA4C9C1E6612DEB9C863AA159F252?api-version=2022-05-01
  response:
    body:
      string: '{"id": "/subscriptions/00000000-0000-0000-0000-000000000000/providers/Microsoft.ServiceLinker/locations/EASTUS/operationStatuses/57d56cbf-5bb3-4bec-9e91-a71260f33a14*17A8D02A6981FBF0FAD6665634562817645CA4C9C1E6612DEB9C863AA159F252",
        "name": "57d56cbf-5bb3-4bec-9e91-a71260f33a14*17A8D02A6981FBF0FAD6665634562817645CA4C9C1E6612DEB9C863AA159F252",
        "resourceId": "/subscriptions/00000000-0000-0000-0000-000000000000/resourceGroups/servicelinker-test-linux-group/providers/Microsoft.Web/sites/servicelinker-kafka-ref-app/providers/Microsoft.ServiceLinker/linkers/testconn",
        "status": "Succeeded", "startTime": "2022-04-27T05:18:56.8768874Z", "endTime":
        "2022-04-27T05:19:01.8774763Z", "properties": {"message": ""}}'
    headers:
      cache-control:
      - no-cache
      content-length:
      - '711'
      content-type:
      - application/json; charset=utf-8
      date:
      - Wed, 27 Apr 2022 05:19:27 GMT
      etag:
      - '"150089d9-0000-0400-0000-6268d2450000"'
      expires:
      - '-1'
      pragma:
      - no-cache
      strict-transport-security:
      - max-age=31536000; includeSubDomains
      transfer-encoding:
      - chunked
      vary:
      - Accept-Encoding
      x-content-type-options:
      - nosniff
    status:
      code: 200
      message: OK
- request:
    body: null
    headers:
      Accept:
      - '*/*'
      Accept-Encoding:
      - gzip, deflate
      CommandName:
      - webapp connection create confluent-cloud
      Connection:
      - keep-alive
      ParameterSetName:
      - --connection --source-id --bootstrap-server --kafka-key --kafka-secret --schema-registry
        --schema-key --schema-secret --client-type --vault-id
      User-Agent:
      - AZURECLI/2.35.0 azsdk-python-mgmt-servicelinker/1.0.0 Python/3.8.2 (Windows-10-10.0.19041-SP0)
      x-ms-serviceconnector-user-token:
      - hidden
    method: GET
    uri: https://management.azure.com/subscriptions/00000000-0000-0000-0000-000000000000/resourceGroups/servicelinker-test-linux-group/providers/Microsoft.Web/sites/servicelinker-kafka-ref-app/providers/Microsoft.ServiceLinker/linkers/testconn?api-version=2022-05-01
  response:
    body:
      string: '{"id": "/subscriptions/00000000-0000-0000-0000-000000000000/resourceGroups/servicelinker-test-linux-group/providers/Microsoft.Web/sites/servicelinker-kafka-ref-app/providers/Microsoft.ServiceLinker/linkers/testconn",
        "name": "testconn", "type": "microsoft.servicelinker/linkers", "properties":
        {"provisioningState": "Succeeded", "targetService": {"endpoint": "xxx.eastus.azure.confluent.cloud:9092",
        "type": "ConfluentBootstrapServer"}, "authInfo": {"name": "Name", "secretInfo":
        {"secretType": "rawValue"}, "authType": "secret"}, "clientType": "python",
        "scope": null, "vNetSolution": null, "secretStore": {"keyVaultId": "/subscriptions/00000000-0000-0000-0000-000000000000/resourceGroups/servicelinker-test-linux-group/providers/Microsoft.KeyVault/vaults/servicelinker-kv-ref"}}}'
    headers:
      cache-control:
      - no-cache
      content-length:
      - '781'
      content-type:
      - application/json; charset=utf-8
      date:
      - Wed, 27 Apr 2022 05:19:27 GMT
      etag:
      - '"0200da9a-0000-0400-0000-6268d2450000"'
      expires:
      - '-1'
      mise-correlation-id:
      - 07af9ca7-94c0-4675-b0c2-2c521ee1005e
      pragma:
      - no-cache
      strict-transport-security:
      - max-age=31536000; includeSubDomains
      transfer-encoding:
      - chunked
      vary:
      - Accept-Encoding,Accept-Encoding
      x-content-type-options:
      - nosniff
      x-ms-providerhub-traffic:
      - 'True'
    status:
      code: 200
      message: OK
- request:
    body: '{"properties": {"targetService": {"type": "ConfluentSchemaRegistry", "endpoint":
      "https://xxx.eastus.azure.confluent.cloud"}, "authInfo": {"authType": "secret",
      "name": "Name", "secretInfo": {"secretType": "rawValue", "value": "Secret"}},
      "clientType": "python", "secretStore": {"keyVaultId": "/subscriptions/00000000-0000-0000-0000-000000000000/resourceGroups/servicelinker-test-linux-group/providers/Microsoft.KeyVault/vaults/servicelinker-kv-ref"}}}'
    headers:
      Accept:
      - application/json
      Accept-Encoding:
      - gzip, deflate
      CommandName:
      - webapp connection create confluent-cloud
      Connection:
      - keep-alive
      Content-Length:
      - '452'
      Content-Type:
      - application/json
      ParameterSetName:
      - --connection --source-id --bootstrap-server --kafka-key --kafka-secret --schema-registry
        --schema-key --schema-secret --client-type --vault-id
      User-Agent:
      - AZURECLI/2.35.0 azsdk-python-mgmt-servicelinker/1.0.0 Python/3.8.2 (Windows-10-10.0.19041-SP0)
      x-ms-serviceconnector-user-token:
      - hidden
    method: PUT
    uri: https://management.azure.com/subscriptions/00000000-0000-0000-0000-000000000000/resourceGroups/servicelinker-test-linux-group/providers/Microsoft.Web/sites/servicelinker-kafka-ref-app/providers/Microsoft.ServiceLinker/linkers/testconn_schema?api-version=2022-05-01
  response:
    body:
      string: '{"id": "/subscriptions/00000000-0000-0000-0000-000000000000/resourceGroups/servicelinker-test-linux-group/providers/Microsoft.Web/sites/servicelinker-kafka-ref-app/providers/Microsoft.ServiceLinker/linkers/testconn_schema",
        "name": "testconn_schema", "type": "microsoft.servicelinker/linkers", "systemData":
        {"createdBy": "honc@microsoft.com", "createdByType": "User", "createdAt":
        "2022-04-27T05:19:28.299208Z", "lastModifiedBy": "honc@microsoft.com", "lastModifiedByType":
        "User", "lastModifiedAt": "2022-04-27T05:19:28.299208Z"}, "properties": {"provisioningState":
        "Accepted", "targetService": {"endpoint": "https://xxx.eastus.azure.confluent.cloud",
        "type": "ConfluentSchemaRegistry"}, "authInfo": {"name": "Name", "secretInfo":
        {"secretType": "rawValue"}, "authType": "secret"}, "vNetSolution": null, "clientType":
        "python", "secretStore": {"keyVaultId": "/subscriptions/00000000-0000-0000-0000-000000000000/resourceGroups/servicelinker-test-linux-group/providers/Microsoft.KeyVault/vaults/servicelinker-kv-ref"},
        "scope": null}}'
    headers:
      azure-asyncoperation:
      - https://management.azure.com/subscriptions/00000000-0000-0000-0000-000000000000/providers/Microsoft.ServiceLinker/locations/EASTUS/operationStatuses/ad2f5185-adcf-401e-9276-32da1168fe4e*800A3CD6FB5107C266B0675A3A2384F10FDD61763B09D9C3193AE3A8C9053EB8?api-version=2022-05-01
      cache-control:
      - no-cache
      content-length:
      - '1035'
      content-type:
      - application/json; charset=utf-8
      date:
      - Wed, 27 Apr 2022 05:19:28 GMT
      etag:
      - '"6a00374e-0000-0100-0000-6268d2600000"'
      expires:
      - '-1'
      mise-correlation-id:
      - cc1ed7f7-c7a1-4314-930e-bbc43198bcd7
      pragma:
      - no-cache
      strict-transport-security:
      - max-age=31536000; includeSubDomains
      x-content-type-options:
      - nosniff
      x-ms-providerhub-traffic:
      - 'True'
      x-ms-ratelimit-remaining-subscription-writes:
      - '1196'
    status:
      code: 201
      message: Created
- request:
    body: null
    headers:
      Accept:
      - '*/*'
      Accept-Encoding:
      - gzip, deflate
      CommandName:
      - webapp connection create confluent-cloud
      Connection:
      - keep-alive
      ParameterSetName:
      - --connection --source-id --bootstrap-server --kafka-key --kafka-secret --schema-registry
        --schema-key --schema-secret --client-type --vault-id
      User-Agent:
      - AZURECLI/2.35.0 azsdk-python-mgmt-servicelinker/1.0.0 Python/3.8.2 (Windows-10-10.0.19041-SP0)
      x-ms-serviceconnector-user-token:
      - hidden
    method: GET
    uri: https://management.azure.com/subscriptions/00000000-0000-0000-0000-000000000000/providers/Microsoft.ServiceLinker/locations/EASTUS/operationStatuses/ad2f5185-adcf-401e-9276-32da1168fe4e*800A3CD6FB5107C266B0675A3A2384F10FDD61763B09D9C3193AE3A8C9053EB8?api-version=2022-05-01
  response:
    body:
      string: '{"id": "/subscriptions/00000000-0000-0000-0000-000000000000/providers/Microsoft.ServiceLinker/locations/EASTUS/operationStatuses/ad2f5185-adcf-401e-9276-32da1168fe4e*800A3CD6FB5107C266B0675A3A2384F10FDD61763B09D9C3193AE3A8C9053EB8",
        "name": "ad2f5185-adcf-401e-9276-32da1168fe4e*800A3CD6FB5107C266B0675A3A2384F10FDD61763B09D9C3193AE3A8C9053EB8",
        "resourceId": "/subscriptions/00000000-0000-0000-0000-000000000000/resourceGroups/servicelinker-test-linux-group/providers/Microsoft.Web/sites/servicelinker-kafka-ref-app/providers/Microsoft.ServiceLinker/linkers/testconn_schema",
        "status": "Succeeded", "startTime": "2022-04-27T05:19:28.5034517Z", "endTime":
        "2022-04-27T05:19:33.2110077Z", "properties": {"message": ""}}'
    headers:
      cache-control:
      - no-cache
      content-length:
      - '718'
      content-type:
      - application/json; charset=utf-8
      date:
      - Wed, 27 Apr 2022 05:19:58 GMT
      etag:
      - '"15001edb-0000-0400-0000-6268d2650000"'
      expires:
      - '-1'
      pragma:
      - no-cache
      strict-transport-security:
      - max-age=31536000; includeSubDomains
      transfer-encoding:
      - chunked
      vary:
      - Accept-Encoding
      x-content-type-options:
      - nosniff
    status:
      code: 200
      message: OK
- request:
    body: null
    headers:
      Accept:
      - '*/*'
      Accept-Encoding:
      - gzip, deflate
      CommandName:
      - webapp connection create confluent-cloud
      Connection:
      - keep-alive
      ParameterSetName:
      - --connection --source-id --bootstrap-server --kafka-key --kafka-secret --schema-registry
        --schema-key --schema-secret --client-type --vault-id
      User-Agent:
      - AZURECLI/2.35.0 azsdk-python-mgmt-servicelinker/1.0.0 Python/3.8.2 (Windows-10-10.0.19041-SP0)
      x-ms-serviceconnector-user-token:
      - hidden
    method: GET
    uri: https://management.azure.com/subscriptions/00000000-0000-0000-0000-000000000000/resourceGroups/servicelinker-test-linux-group/providers/Microsoft.Web/sites/servicelinker-kafka-ref-app/providers/Microsoft.ServiceLinker/linkers/testconn_schema?api-version=2022-05-01
  response:
    body:
      string: '{"id": "/subscriptions/00000000-0000-0000-0000-000000000000/resourceGroups/servicelinker-test-linux-group/providers/Microsoft.Web/sites/servicelinker-kafka-ref-app/providers/Microsoft.ServiceLinker/linkers/testconn_schema",
        "name": "testconn_schema", "type": "microsoft.servicelinker/linkers", "properties":
        {"provisioningState": "Succeeded", "targetService": {"endpoint": "https://xxx.eastus.azure.confluent.cloud",
        "type": "ConfluentSchemaRegistry"}, "authInfo": {"name": "Name", "secretInfo":
        {"secretType": "rawValue"}, "authType": "secret"}, "clientType": "python",
        "scope": null, "vNetSolution": null, "secretStore": {"keyVaultId": "/subscriptions/00000000-0000-0000-0000-000000000000/resourceGroups/servicelinker-test-linux-group/providers/Microsoft.KeyVault/vaults/servicelinker-kv-ref"}}}'
    headers:
      cache-control:
      - no-cache
      content-length:
      - '797'
      content-type:
      - application/json; charset=utf-8
      date:
      - Wed, 27 Apr 2022 05:19:59 GMT
      etag:
      - '"0200de9a-0000-0400-0000-6268d2650000"'
      expires:
      - '-1'
      mise-correlation-id:
      - b23dc417-de49-4b38-b6a6-7bfa20fdcf8b
      pragma:
      - no-cache
      strict-transport-security:
      - max-age=31536000; includeSubDomains
      transfer-encoding:
      - chunked
      vary:
      - Accept-Encoding,Accept-Encoding
      x-content-type-options:
      - nosniff
      x-ms-providerhub-traffic:
      - 'True'
    status:
      code: 200
      message: OK
- request:
    body: null
    headers:
      Accept:
      - application/json
      Accept-Encoding:
      - gzip, deflate
      CommandName:
      - webapp connection list
      Connection:
      - keep-alive
      ParameterSetName:
      - --source-id
      User-Agent:
      - AZURECLI/2.35.0 azsdk-python-mgmt-servicelinker/1.0.0 Python/3.8.2 (Windows-10-10.0.19041-SP0)
    method: GET
    uri: https://management.azure.com/subscriptions/00000000-0000-0000-0000-000000000000/resourceGroups/servicelinker-test-linux-group/providers/Microsoft.Web/sites/servicelinker-kafka-ref-app/providers/Microsoft.ServiceLinker/linkers?api-version=2022-05-01
  response:
    body:
      string: '{"value": [{"id": "/subscriptions/00000000-0000-0000-0000-000000000000/resourceGroups/servicelinker-test-linux-group/providers/Microsoft.Web/sites/servicelinker-kafka-ref-app/providers/Microsoft.ServiceLinker/linkers/keyvault_QEOig",
        "name": "keyvault_QEOig", "type": "microsoft.servicelinker/linkers", "properties":
        {"provisioningState": "Succeeded", "targetService": {"id": "/subscriptions/00000000-0000-0000-0000-000000000000/resourceGroups/servicelinker-test-linux-group/providers/Microsoft.KeyVault/vaults/servicelinker-kv-ref",
        "resourceProperties": null, "type": "AzureResource"}, "authInfo": {"authType":
        "systemAssignedIdentity"}, "clientType": "dotnet", "scope": null, "vNetSolution":
        null, "secretStore": null}}, {"id": "/subscriptions/00000000-0000-0000-0000-000000000000/resourceGroups/servicelinker-test-linux-group/providers/Microsoft.Web/sites/servicelinker-kafka-ref-app/providers/Microsoft.ServiceLinker/linkers/testconn",
        "name": "testconn", "type": "microsoft.servicelinker/linkers", "properties":
        {"provisioningState": "Succeeded", "targetService": {"endpoint": "xxx.eastus.azure.confluent.cloud:9092",
        "type": "ConfluentBootstrapServer"}, "authInfo": {"name": "Name", "secretInfo":
        {"secretType": "rawValue"}, "authType": "secret"}, "clientType": "python",
        "scope": null, "vNetSolution": null, "secretStore": {"keyVaultId": "/subscriptions/00000000-0000-0000-0000-000000000000/resourceGroups/servicelinker-test-linux-group/providers/Microsoft.KeyVault/vaults/servicelinker-kv-ref"}}},
        {"id": "/subscriptions/00000000-0000-0000-0000-000000000000/resourceGroups/servicelinker-test-linux-group/providers/Microsoft.Web/sites/servicelinker-kafka-ref-app/providers/Microsoft.ServiceLinker/linkers/testconn_schema",
        "name": "testconn_schema", "type": "microsoft.servicelinker/linkers", "properties":
        {"provisioningState": "Succeeded", "targetService": {"endpoint": "https://xxx.eastus.azure.confluent.cloud",
        "type": "ConfluentSchemaRegistry"}, "authInfo": {"name": "Name", "secretInfo":
        {"secretType": "rawValue"}, "authType": "secret"}, "clientType": "python",
        "scope": null, "vNetSolution": null, "secretStore": {"keyVaultId": "/subscriptions/00000000-0000-0000-0000-000000000000/resourceGroups/servicelinker-test-linux-group/providers/Microsoft.KeyVault/vaults/servicelinker-kv-ref"}}}]}'
    headers:
      cache-control:
      - no-cache
      content-length:
      - '2306'
      content-type:
      - application/json; charset=utf-8
      date:
      - Wed, 27 Apr 2022 05:20:10 GMT
      expires:
      - '-1'
      mise-correlation-id:
      - f7a13391-c123-41de-83a5-7fcb6bcb71ac
      pragma:
      - no-cache
      strict-transport-security:
      - max-age=31536000; includeSubDomains
      transfer-encoding:
      - chunked
      vary:
      - Accept-Encoding,Accept-Encoding
      x-content-type-options:
      - nosniff
      x-ms-providerhub-traffic:
      - 'True'
    status:
      code: 200
      message: OK
- request:
    body: null
    headers:
      Accept:
      - application/json
      Accept-Encoding:
      - gzip, deflate
      CommandName:
      - webapp connection show
      Connection:
      - keep-alive
      ParameterSetName:
      - --id
      User-Agent:
      - AZURECLI/2.35.0 azsdk-python-mgmt-servicelinker/1.0.0 Python/3.8.2 (Windows-10-10.0.19041-SP0)
    method: GET
    uri: https://management.azure.com/subscriptions/00000000-0000-0000-0000-000000000000/resourceGroups/servicelinker-test-linux-group/providers/Microsoft.Web/sites/servicelinker-kafka-ref-app/providers/Microsoft.ServiceLinker/linkers/testconn?api-version=2022-05-01
  response:
    body:
      string: '{"id": "/subscriptions/00000000-0000-0000-0000-000000000000/resourceGroups/servicelinker-test-linux-group/providers/Microsoft.Web/sites/servicelinker-kafka-ref-app/providers/Microsoft.ServiceLinker/linkers/testconn",
        "name": "testconn", "type": "microsoft.servicelinker/linkers", "properties":
        {"provisioningState": "Succeeded", "targetService": {"endpoint": "xxx.eastus.azure.confluent.cloud:9092",
        "type": "ConfluentBootstrapServer"}, "authInfo": {"name": "Name", "secretInfo":
        {"secretType": "rawValue"}, "authType": "secret"}, "clientType": "python",
        "scope": null, "vNetSolution": null, "secretStore": {"keyVaultId": "/subscriptions/00000000-0000-0000-0000-000000000000/resourceGroups/servicelinker-test-linux-group/providers/Microsoft.KeyVault/vaults/servicelinker-kv-ref"}}}'
    headers:
      cache-control:
      - no-cache
      content-length:
      - '781'
      content-type:
      - application/json; charset=utf-8
      date:
      - Wed, 27 Apr 2022 05:20:11 GMT
      etag:
      - '"0200da9a-0000-0400-0000-6268d2450000"'
      expires:
      - '-1'
      mise-correlation-id:
      - 2c08e446-70ae-469c-af3c-5cc96ec1daa1
      pragma:
      - no-cache
      strict-transport-security:
      - max-age=31536000; includeSubDomains
      transfer-encoding:
      - chunked
      vary:
      - Accept-Encoding,Accept-Encoding
      x-content-type-options:
      - nosniff
      x-ms-providerhub-traffic:
      - 'True'
    status:
      code: 200
      message: OK
- request:
    body: null
    headers:
      Accept:
      - application/json
      Accept-Encoding:
      - gzip, deflate
      CommandName:
      - webapp connection show
      Connection:
      - keep-alive
      ParameterSetName:
      - --id
      User-Agent:
      - AZURECLI/2.35.0 azsdk-python-mgmt-servicelinker/1.0.0 Python/3.8.2 (Windows-10-10.0.19041-SP0)
    method: GET
    uri: https://management.azure.com/subscriptions/00000000-0000-0000-0000-000000000000/resourceGroups/servicelinker-test-linux-group/providers/Microsoft.Web/sites/servicelinker-kafka-ref-app/providers/Microsoft.ServiceLinker/linkers/testconn_schema?api-version=2022-05-01
  response:
    body:
      string: '{"id": "/subscriptions/00000000-0000-0000-0000-000000000000/resourceGroups/servicelinker-test-linux-group/providers/Microsoft.Web/sites/servicelinker-kafka-ref-app/providers/Microsoft.ServiceLinker/linkers/testconn_schema",
        "name": "testconn_schema", "type": "microsoft.servicelinker/linkers", "properties":
        {"provisioningState": "Succeeded", "targetService": {"endpoint": "https://xxx.eastus.azure.confluent.cloud",
        "type": "ConfluentSchemaRegistry"}, "authInfo": {"name": "Name", "secretInfo":
        {"secretType": "rawValue"}, "authType": "secret"}, "clientType": "python",
        "scope": null, "vNetSolution": null, "secretStore": {"keyVaultId": "/subscriptions/00000000-0000-0000-0000-000000000000/resourceGroups/servicelinker-test-linux-group/providers/Microsoft.KeyVault/vaults/servicelinker-kv-ref"}}}'
    headers:
      cache-control:
      - no-cache
      content-length:
      - '797'
      content-type:
      - application/json; charset=utf-8
      date:
      - Wed, 27 Apr 2022 05:20:15 GMT
      etag:
      - '"0200de9a-0000-0400-0000-6268d2650000"'
      expires:
      - '-1'
      mise-correlation-id:
      - 4fd65007-5546-4413-89da-6c6def6cfcfc
      pragma:
      - no-cache
      strict-transport-security:
      - max-age=31536000; includeSubDomains
      transfer-encoding:
      - chunked
      vary:
      - Accept-Encoding,Accept-Encoding
      x-content-type-options:
      - nosniff
      x-ms-providerhub-traffic:
      - 'True'
    status:
      code: 200
      message: OK
- request:
    body: null
    headers:
      Accept:
      - application/json
      Accept-Encoding:
      - gzip, deflate
      CommandName:
      - webapp connection update confluent-cloud
      Connection:
      - keep-alive
      ParameterSetName:
      - --connection --source-id --kafka-secret
      User-Agent:
      - AZURECLI/2.35.0 azsdk-python-mgmt-servicelinker/1.0.0 Python/3.8.2 (Windows-10-10.0.19041-SP0)
    method: GET
    uri: https://management.azure.com/subscriptions/00000000-0000-0000-0000-000000000000/resourceGroups/servicelinker-test-linux-group/providers/Microsoft.Web/sites/servicelinker-kafka-ref-app/providers/Microsoft.ServiceLinker/linkers/testconn?api-version=2022-05-01
  response:
    body:
      string: '{"id": "/subscriptions/00000000-0000-0000-0000-000000000000/resourceGroups/servicelinker-test-linux-group/providers/Microsoft.Web/sites/servicelinker-kafka-ref-app/providers/Microsoft.ServiceLinker/linkers/testconn",
        "name": "testconn", "type": "microsoft.servicelinker/linkers", "properties":
        {"provisioningState": "Succeeded", "targetService": {"endpoint": "xxx.eastus.azure.confluent.cloud:9092",
        "type": "ConfluentBootstrapServer"}, "authInfo": {"name": "Name", "secretInfo":
        {"secretType": "rawValue"}, "authType": "secret"}, "clientType": "python",
        "scope": null, "vNetSolution": null, "secretStore": {"keyVaultId": "/subscriptions/00000000-0000-0000-0000-000000000000/resourceGroups/servicelinker-test-linux-group/providers/Microsoft.KeyVault/vaults/servicelinker-kv-ref"}}}'
    headers:
      cache-control:
      - no-cache
      content-length:
      - '781'
      content-type:
      - application/json; charset=utf-8
      date:
      - Wed, 27 Apr 2022 05:20:23 GMT
      etag:
      - '"0200da9a-0000-0400-0000-6268d2450000"'
      expires:
      - '-1'
      mise-correlation-id:
      - d33be634-53a0-485a-bd59-11af5feb1dfb
      pragma:
      - no-cache
      strict-transport-security:
      - max-age=31536000; includeSubDomains
      transfer-encoding:
      - chunked
      vary:
      - Accept-Encoding,Accept-Encoding
      x-content-type-options:
      - nosniff
      x-ms-providerhub-traffic:
      - 'True'
    status:
      code: 200
      message: OK
- request:
    body: null
    headers:
      Accept:
      - application/json
      Accept-Encoding:
      - gzip, deflate
      CommandName:
      - webapp connection update confluent-cloud
      Connection:
      - keep-alive
      ParameterSetName:
      - --connection --source-id --kafka-secret
      User-Agent:
      - AZURECLI/2.35.0 azsdk-python-mgmt-servicelinker/1.0.0 Python/3.8.2 (Windows-10-10.0.19041-SP0)
      x-ms-serviceconnector-user-token:
      - hidden
    method: GET
    uri: https://management.azure.com/subscriptions/00000000-0000-0000-0000-000000000000/resourceGroups/servicelinker-test-linux-group/providers/Microsoft.Web/sites/servicelinker-kafka-ref-app/providers/Microsoft.ServiceLinker/linkers?api-version=2022-05-01
  response:
    body:
      string: '{"value": [{"id": "/subscriptions/00000000-0000-0000-0000-000000000000/resourceGroups/servicelinker-test-linux-group/providers/Microsoft.Web/sites/servicelinker-kafka-ref-app/providers/Microsoft.ServiceLinker/linkers/keyvault_QEOig",
        "name": "keyvault_QEOig", "type": "microsoft.servicelinker/linkers", "properties":
        {"provisioningState": "Succeeded", "targetService": {"id": "/subscriptions/00000000-0000-0000-0000-000000000000/resourceGroups/servicelinker-test-linux-group/providers/Microsoft.KeyVault/vaults/servicelinker-kv-ref",
        "resourceProperties": null, "type": "AzureResource"}, "authInfo": {"authType":
        "systemAssignedIdentity"}, "clientType": "dotnet", "scope": null, "vNetSolution":
        null, "secretStore": null}}, {"id": "/subscriptions/00000000-0000-0000-0000-000000000000/resourceGroups/servicelinker-test-linux-group/providers/Microsoft.Web/sites/servicelinker-kafka-ref-app/providers/Microsoft.ServiceLinker/linkers/testconn",
        "name": "testconn", "type": "microsoft.servicelinker/linkers", "properties":
        {"provisioningState": "Succeeded", "targetService": {"endpoint": "xxx.eastus.azure.confluent.cloud:9092",
        "type": "ConfluentBootstrapServer"}, "authInfo": {"name": "Name", "secretInfo":
        {"secretType": "rawValue"}, "authType": "secret"}, "clientType": "python",
        "scope": null, "vNetSolution": null, "secretStore": {"keyVaultId": "/subscriptions/00000000-0000-0000-0000-000000000000/resourceGroups/servicelinker-test-linux-group/providers/Microsoft.KeyVault/vaults/servicelinker-kv-ref"}}},
        {"id": "/subscriptions/00000000-0000-0000-0000-000000000000/resourceGroups/servicelinker-test-linux-group/providers/Microsoft.Web/sites/servicelinker-kafka-ref-app/providers/Microsoft.ServiceLinker/linkers/testconn_schema",
        "name": "testconn_schema", "type": "microsoft.servicelinker/linkers", "properties":
        {"provisioningState": "Succeeded", "targetService": {"endpoint": "https://xxx.eastus.azure.confluent.cloud",
        "type": "ConfluentSchemaRegistry"}, "authInfo": {"name": "Name", "secretInfo":
        {"secretType": "rawValue"}, "authType": "secret"}, "clientType": "python",
        "scope": null, "vNetSolution": null, "secretStore": {"keyVaultId": "/subscriptions/00000000-0000-0000-0000-000000000000/resourceGroups/servicelinker-test-linux-group/providers/Microsoft.KeyVault/vaults/servicelinker-kv-ref"}}}]}'
    headers:
      cache-control:
      - no-cache
      content-length:
      - '2306'
      content-type:
      - application/json; charset=utf-8
      date:
      - Wed, 27 Apr 2022 05:20:23 GMT
      expires:
      - '-1'
      mise-correlation-id:
      - 43d60c21-4c83-4601-9023-778200866407
      pragma:
      - no-cache
      strict-transport-security:
      - max-age=31536000; includeSubDomains
      transfer-encoding:
      - chunked
      vary:
      - Accept-Encoding,Accept-Encoding
      x-content-type-options:
      - nosniff
      x-ms-providerhub-traffic:
      - 'True'
    status:
      code: 200
      message: OK
- request:
    body: '{"properties": {"targetService": {"type": "ConfluentBootstrapServer", "endpoint":
      "xxx.eastus.azure.confluent.cloud:9092"}, "authInfo": {"authType": "secret",
      "name": "Name"}, "clientType": "python", "secretStore": {"keyVaultId": "/subscriptions/00000000-0000-0000-0000-000000000000/resourceGroups/servicelinker-test-linux-group/providers/Microsoft.KeyVault/vaults/servicelinker-kv-ref"}}}'
    headers:
      Accept:
      - application/json
      Accept-Encoding:
      - gzip, deflate
      CommandName:
      - webapp connection update confluent-cloud
      Connection:
      - keep-alive
      Content-Length:
      - '389'
      Content-Type:
      - application/json
      ParameterSetName:
      - --connection --source-id --kafka-secret
      User-Agent:
      - AZURECLI/2.35.0 azsdk-python-mgmt-servicelinker/1.0.0 Python/3.8.2 (Windows-10-10.0.19041-SP0)
      x-ms-serviceconnector-user-token:
      - hidden
    method: PUT
    uri: https://management.azure.com/subscriptions/00000000-0000-0000-0000-000000000000/resourceGroups/servicelinker-test-linux-group/providers/Microsoft.Web/sites/servicelinker-kafka-ref-app/providers/Microsoft.ServiceLinker/linkers/testconn?api-version=2022-05-01
  response:
    body:
      string: '{"id": "/subscriptions/00000000-0000-0000-0000-000000000000/resourceGroups/servicelinker-test-linux-group/providers/Microsoft.Web/sites/servicelinker-kafka-ref-app/providers/Microsoft.ServiceLinker/linkers/testconn",
        "name": "testconn", "type": "microsoft.servicelinker/linkers", "systemData":
        {"createdBy": "honc@microsoft.com", "createdByType": "User", "createdAt":
        "2022-04-27T05:18:56.6899351Z", "lastModifiedBy": "honc@microsoft.com", "lastModifiedByType":
        "User", "lastModifiedAt": "2022-04-27T05:20:29.2119077Z"}, "properties": {"provisioningState":
        "Accepted", "targetService": {"endpoint": "xxx.eastus.azure.confluent.cloud:9092",
        "type": "ConfluentBootstrapServer"}, "authInfo": {"name": "Name", "secretInfo":
        null, "authType": "secret"}, "vNetSolution": null, "clientType": "python",
        "secretStore": {"keyVaultId": "/subscriptions/00000000-0000-0000-0000-000000000000/resourceGroups/servicelinker-test-linux-group/providers/Microsoft.KeyVault/vaults/servicelinker-kv-ref"},
        "scope": null}}'
    headers:
      azure-asyncoperation:
      - https://management.azure.com/subscriptions/00000000-0000-0000-0000-000000000000/providers/Microsoft.ServiceLinker/locations/EASTUS/operationStatuses/325be2a2-1a7a-4d0f-8b7a-f1dae5662c38*17A8D02A6981FBF0FAD6665634562817645CA4C9C1E6612DEB9C863AA159F252?api-version=2022-05-01
      cache-control:
      - no-cache
      content-length:
      - '999'
      content-type:
      - application/json; charset=utf-8
      date:
      - Wed, 27 Apr 2022 05:20:29 GMT
      etag:
      - '"6a00fc4e-0000-0100-0000-6268d29d0000"'
      expires:
      - '-1'
      mise-correlation-id:
      - e3dc5688-bb2b-44e5-8153-c0c0817f52e0
      pragma:
      - no-cache
      strict-transport-security:
      - max-age=31536000; includeSubDomains
      x-content-type-options:
      - nosniff
      x-ms-providerhub-traffic:
      - 'True'
      x-ms-ratelimit-remaining-subscription-writes:
      - '1196'
    status:
      code: 201
      message: Created
- request:
    body: null
    headers:
      Accept:
      - '*/*'
      Accept-Encoding:
      - gzip, deflate
      CommandName:
      - webapp connection update confluent-cloud
      Connection:
      - keep-alive
      ParameterSetName:
      - --connection --source-id --kafka-secret
      User-Agent:
      - AZURECLI/2.35.0 azsdk-python-mgmt-servicelinker/1.0.0 Python/3.8.2 (Windows-10-10.0.19041-SP0)
      x-ms-serviceconnector-user-token:
      - hidden
    method: GET
    uri: https://management.azure.com/subscriptions/00000000-0000-0000-0000-000000000000/providers/Microsoft.ServiceLinker/locations/EASTUS/operationStatuses/325be2a2-1a7a-4d0f-8b7a-f1dae5662c38*17A8D02A6981FBF0FAD6665634562817645CA4C9C1E6612DEB9C863AA159F252?api-version=2022-05-01
  response:
    body:
      string: '{"id": "/subscriptions/00000000-0000-0000-0000-000000000000/providers/Microsoft.ServiceLinker/locations/EASTUS/operationStatuses/325be2a2-1a7a-4d0f-8b7a-f1dae5662c38*17A8D02A6981FBF0FAD6665634562817645CA4C9C1E6612DEB9C863AA159F252",
        "name": "325be2a2-1a7a-4d0f-8b7a-f1dae5662c38*17A8D02A6981FBF0FAD6665634562817645CA4C9C1E6612DEB9C863AA159F252",
        "resourceId": "/subscriptions/00000000-0000-0000-0000-000000000000/resourceGroups/servicelinker-test-linux-group/providers/Microsoft.Web/sites/servicelinker-kafka-ref-app/providers/Microsoft.ServiceLinker/linkers/testconn",
        "status": "Succeeded", "startTime": "2022-04-27T05:20:29.4477179Z", "endTime":
        "2022-04-27T05:20:33.5358184Z", "properties": {"message": ""}}'
    headers:
      cache-control:
      - no-cache
      content-length:
      - '711'
      content-type:
      - application/json; charset=utf-8
      date:
      - Wed, 27 Apr 2022 05:20:59 GMT
      etag:
      - '"1500f5e3-0000-0400-0000-6268d2a10000"'
      expires:
      - '-1'
      pragma:
      - no-cache
      strict-transport-security:
      - max-age=31536000; includeSubDomains
      transfer-encoding:
      - chunked
      vary:
      - Accept-Encoding
      x-content-type-options:
      - nosniff
    status:
      code: 200
      message: OK
- request:
    body: null
    headers:
      Accept:
      - '*/*'
      Accept-Encoding:
      - gzip, deflate
      CommandName:
      - webapp connection update confluent-cloud
      Connection:
      - keep-alive
      ParameterSetName:
      - --connection --source-id --kafka-secret
      User-Agent:
      - AZURECLI/2.35.0 azsdk-python-mgmt-servicelinker/1.0.0 Python/3.8.2 (Windows-10-10.0.19041-SP0)
      x-ms-serviceconnector-user-token:
      - hidden
    method: GET
    uri: https://management.azure.com/subscriptions/00000000-0000-0000-0000-000000000000/resourceGroups/servicelinker-test-linux-group/providers/Microsoft.Web/sites/servicelinker-kafka-ref-app/providers/Microsoft.ServiceLinker/linkers/testconn?api-version=2022-05-01
  response:
    body:
      string: '{"id": "/subscriptions/00000000-0000-0000-0000-000000000000/resourceGroups/servicelinker-test-linux-group/providers/Microsoft.Web/sites/servicelinker-kafka-ref-app/providers/Microsoft.ServiceLinker/linkers/testconn",
        "name": "testconn", "type": "microsoft.servicelinker/linkers", "properties":
        {"provisioningState": "Succeeded", "targetService": {"endpoint": "xxx.eastus.azure.confluent.cloud:9092",
        "type": "ConfluentBootstrapServer"}, "authInfo": {"name": "Name", "secretInfo":
        null, "authType": "secret"}, "clientType": "python", "scope": null, "vNetSolution":
        null, "secretStore": {"keyVaultId": "/subscriptions/00000000-0000-0000-0000-000000000000/resourceGroups/servicelinker-test-linux-group/providers/Microsoft.KeyVault/vaults/servicelinker-kv-ref"}}}'
    headers:
      cache-control:
      - no-cache
      content-length:
      - '759'
      content-type:
      - application/json; charset=utf-8
      date:
      - Wed, 27 Apr 2022 05:20:59 GMT
      etag:
      - '"0200fe9a-0000-0400-0000-6268d2a10000"'
      expires:
      - '-1'
      mise-correlation-id:
      - 0d3e343f-3296-4d43-81d2-b24d06f04063
      pragma:
      - no-cache
      strict-transport-security:
      - max-age=31536000; includeSubDomains
      transfer-encoding:
      - chunked
      vary:
      - Accept-Encoding,Accept-Encoding
      x-content-type-options:
      - nosniff
      x-ms-providerhub-traffic:
      - 'True'
    status:
      code: 200
      message: OK
- request:
    body: null
    headers:
      Accept:
      - application/json
      Accept-Encoding:
      - gzip, deflate
      CommandName:
      - webapp connection show
      Connection:
      - keep-alive
      ParameterSetName:
      - --id
      User-Agent:
      - AZURECLI/2.35.0 azsdk-python-mgmt-servicelinker/1.0.0 Python/3.8.2 (Windows-10-10.0.19041-SP0)
    method: GET
    uri: https://management.azure.com/subscriptions/00000000-0000-0000-0000-000000000000/resourceGroups/servicelinker-test-linux-group/providers/Microsoft.Web/sites/servicelinker-kafka-ref-app/providers/Microsoft.ServiceLinker/linkers/testconn?api-version=2022-05-01
  response:
    body:
      string: '{"id": "/subscriptions/00000000-0000-0000-0000-000000000000/resourceGroups/servicelinker-test-linux-group/providers/Microsoft.Web/sites/servicelinker-kafka-ref-app/providers/Microsoft.ServiceLinker/linkers/testconn",
        "name": "testconn", "type": "microsoft.servicelinker/linkers", "properties":
        {"provisioningState": "Succeeded", "targetService": {"endpoint": "xxx.eastus.azure.confluent.cloud:9092",
        "type": "ConfluentBootstrapServer"}, "authInfo": {"name": "Name", "secretInfo":
        null, "authType": "secret"}, "clientType": "python", "scope": null, "vNetSolution":
        null, "secretStore": {"keyVaultId": "/subscriptions/00000000-0000-0000-0000-000000000000/resourceGroups/servicelinker-test-linux-group/providers/Microsoft.KeyVault/vaults/servicelinker-kv-ref"}}}'
    headers:
      cache-control:
      - no-cache
      content-length:
      - '759'
      content-type:
      - application/json; charset=utf-8
      date:
      - Wed, 27 Apr 2022 05:21:01 GMT
      etag:
      - '"0200fe9a-0000-0400-0000-6268d2a10000"'
      expires:
      - '-1'
      mise-correlation-id:
      - 6e959ab7-bb03-4e5c-a17b-d33c03def2fa
      pragma:
      - no-cache
      strict-transport-security:
      - max-age=31536000; includeSubDomains
      transfer-encoding:
      - chunked
      vary:
      - Accept-Encoding,Accept-Encoding
      x-content-type-options:
      - nosniff
      x-ms-providerhub-traffic:
      - 'True'
    status:
      code: 200
      message: OK
- request:
    body: null
    headers:
      Accept:
      - application/json
      Accept-Encoding:
      - gzip, deflate
      CommandName:
      - webapp connection list
      Connection:
      - keep-alive
      ParameterSetName:
      - --source-id
      User-Agent:
      - AZURECLI/2.35.0 azsdk-python-mgmt-servicelinker/1.0.0 Python/3.8.2 (Windows-10-10.0.19041-SP0)
    method: GET
    uri: https://management.azure.com/subscriptions/00000000-0000-0000-0000-000000000000/resourceGroups/servicelinker-test-linux-group/providers/Microsoft.Web/sites/servicelinker-kafka-ref-app/providers/Microsoft.ServiceLinker/linkers?api-version=2022-05-01
  response:
    body:
      string: '{"value": [{"id": "/subscriptions/00000000-0000-0000-0000-000000000000/resourceGroups/servicelinker-test-linux-group/providers/Microsoft.Web/sites/servicelinker-kafka-ref-app/providers/Microsoft.ServiceLinker/linkers/keyvault_QEOig",
        "name": "keyvault_QEOig", "type": "microsoft.servicelinker/linkers", "properties":
        {"provisioningState": "Succeeded", "targetService": {"id": "/subscriptions/00000000-0000-0000-0000-000000000000/resourceGroups/servicelinker-test-linux-group/providers/Microsoft.KeyVault/vaults/servicelinker-kv-ref",
        "resourceProperties": null, "type": "AzureResource"}, "authInfo": {"authType":
        "systemAssignedIdentity"}, "clientType": "dotnet", "scope": null, "vNetSolution":
        null, "secretStore": null}}, {"id": "/subscriptions/00000000-0000-0000-0000-000000000000/resourceGroups/servicelinker-test-linux-group/providers/Microsoft.Web/sites/servicelinker-kafka-ref-app/providers/Microsoft.ServiceLinker/linkers/testconn",
        "name": "testconn", "type": "microsoft.servicelinker/linkers", "properties":
        {"provisioningState": "Succeeded", "targetService": {"endpoint": "xxx.eastus.azure.confluent.cloud:9092",
        "type": "ConfluentBootstrapServer"}, "authInfo": {"name": "Name", "secretInfo":
        null, "authType": "secret"}, "clientType": "python", "scope": null, "vNetSolution":
        null, "secretStore": {"keyVaultId": "/subscriptions/00000000-0000-0000-0000-000000000000/resourceGroups/servicelinker-test-linux-group/providers/Microsoft.KeyVault/vaults/servicelinker-kv-ref"}}},
        {"id": "/subscriptions/00000000-0000-0000-0000-000000000000/resourceGroups/servicelinker-test-linux-group/providers/Microsoft.Web/sites/servicelinker-kafka-ref-app/providers/Microsoft.ServiceLinker/linkers/testconn_schema",
        "name": "testconn_schema", "type": "microsoft.servicelinker/linkers", "properties":
        {"provisioningState": "Succeeded", "targetService": {"endpoint": "https://xxx.eastus.azure.confluent.cloud",
        "type": "ConfluentSchemaRegistry"}, "authInfo": {"name": "Name", "secretInfo":
        {"secretType": "rawValue"}, "authType": "secret"}, "clientType": "python",
        "scope": null, "vNetSolution": null, "secretStore": {"keyVaultId": "/subscriptions/00000000-0000-0000-0000-000000000000/resourceGroups/servicelinker-test-linux-group/providers/Microsoft.KeyVault/vaults/servicelinker-kv-ref"}}}]}'
    headers:
      cache-control:
      - no-cache
      content-length:
      - '2284'
      content-type:
      - application/json; charset=utf-8
      date:
      - Wed, 27 Apr 2022 05:21:04 GMT
      expires:
      - '-1'
      mise-correlation-id:
      - 6e279175-8b86-4d47-bdd4-aa8969c73b4c
      pragma:
      - no-cache
      strict-transport-security:
      - max-age=31536000; includeSubDomains
      transfer-encoding:
      - chunked
      vary:
      - Accept-Encoding,Accept-Encoding
      x-content-type-options:
      - nosniff
      x-ms-providerhub-traffic:
      - 'True'
    status:
      code: 200
      message: OK
- request:
    body: null
    headers:
      Accept:
      - application/json
      Accept-Encoding:
      - gzip, deflate
      CommandName:
      - webapp connection delete
      Connection:
      - keep-alive
      Content-Length:
      - '0'
      ParameterSetName:
      - --id --yes
      User-Agent:
      - AZURECLI/2.35.0 azsdk-python-mgmt-servicelinker/1.0.0 Python/3.8.2 (Windows-10-10.0.19041-SP0)
    method: DELETE
    uri: https://management.azure.com/subscriptions/00000000-0000-0000-0000-000000000000/resourceGroups/servicelinker-test-linux-group/providers/Microsoft.Web/sites/servicelinker-kafka-ref-app/providers/Microsoft.ServiceLinker/linkers/keyvault_QEOig?api-version=2022-05-01
  response:
    body:
      string: 'null'
    headers:
      azure-asyncoperation:
      - https://management.azure.com/subscriptions/00000000-0000-0000-0000-000000000000/providers/Microsoft.ServiceLinker/locations/EASTUS/operationStatuses/1ccd27f7-dd7a-4a93-84cc-3cf12234207e*421142A912F0A2CDC702EEC154D2B3BD77AC0C07E8BC8AF4834EFA6053A2C21B?api-version=2022-05-01
      cache-control:
      - no-cache
      content-length:
      - '4'
      content-type:
      - application/json; charset=utf-8
      date:
      - Wed, 27 Apr 2022 05:21:05 GMT
      etag:
      - '"02000e9b-0000-0400-0000-6268d2c20000"'
      expires:
      - '-1'
      location:
      - https://management.azure.com/subscriptions/00000000-0000-0000-0000-000000000000/providers/Microsoft.ServiceLinker/locations/EASTUS/operationStatuses/1ccd27f7-dd7a-4a93-84cc-3cf12234207e*421142A912F0A2CDC702EEC154D2B3BD77AC0C07E8BC8AF4834EFA6053A2C21B?api-version=2022-05-01
      mise-correlation-id:
      - 0938e943-86c5-47fe-a6bf-4cd651606e26
      pragma:
      - no-cache
      strict-transport-security:
      - max-age=31536000; includeSubDomains
      x-content-type-options:
      - nosniff
      x-ms-providerhub-traffic:
      - 'True'
      x-ms-ratelimit-remaining-subscription-deletes:
      - '14998'
    status:
      code: 202
      message: Accepted
- request:
    body: null
    headers:
      Accept:
      - '*/*'
      Accept-Encoding:
      - gzip, deflate
      CommandName:
      - webapp connection delete
      Connection:
      - keep-alive
      ParameterSetName:
      - --id --yes
      User-Agent:
      - AZURECLI/2.35.0 azsdk-python-mgmt-servicelinker/1.0.0 Python/3.8.2 (Windows-10-10.0.19041-SP0)
    method: GET
    uri: https://management.azure.com/subscriptions/00000000-0000-0000-0000-000000000000/providers/Microsoft.ServiceLinker/locations/EASTUS/operationStatuses/1ccd27f7-dd7a-4a93-84cc-3cf12234207e*421142A912F0A2CDC702EEC154D2B3BD77AC0C07E8BC8AF4834EFA6053A2C21B?api-version=2022-05-01
  response:
    body:
      string: '{"id": "/subscriptions/00000000-0000-0000-0000-000000000000/providers/Microsoft.ServiceLinker/locations/EASTUS/operationStatuses/1ccd27f7-dd7a-4a93-84cc-3cf12234207e*421142A912F0A2CDC702EEC154D2B3BD77AC0C07E8BC8AF4834EFA6053A2C21B",
        "name": "1ccd27f7-dd7a-4a93-84cc-3cf12234207e*421142A912F0A2CDC702EEC154D2B3BD77AC0C07E8BC8AF4834EFA6053A2C21B",
        "resourceId": "/subscriptions/00000000-0000-0000-0000-000000000000/resourceGroups/servicelinker-test-linux-group/providers/Microsoft.Web/sites/servicelinker-kafka-ref-app/providers/Microsoft.ServiceLinker/linkers/keyvault_QEOig",
        "status": "Succeeded", "startTime": "2022-04-27T05:21:06.002952Z", "endTime":
        "2022-04-27T05:21:09.5942832Z", "properties": null}'
    headers:
      cache-control:
      - no-cache
      content-length:
      - '705'
      content-type:
      - application/json; charset=utf-8
      date:
      - Wed, 27 Apr 2022 05:21:37 GMT
      etag:
      - '"150093e5-0000-0400-0000-6268d2c50000"'
      expires:
      - '-1'
      pragma:
      - no-cache
      strict-transport-security:
      - max-age=31536000; includeSubDomains
      transfer-encoding:
      - chunked
      vary:
      - Accept-Encoding
      x-content-type-options:
      - nosniff
    status:
      code: 200
      message: OK
- request:
    body: null
    headers:
      Accept:
      - application/json
      Accept-Encoding:
      - gzip, deflate
      CommandName:
      - webapp connection delete
      Connection:
      - keep-alive
      Content-Length:
      - '0'
      ParameterSetName:
      - --id --yes
      User-Agent:
      - AZURECLI/2.35.0 azsdk-python-mgmt-servicelinker/1.0.0 Python/3.8.2 (Windows-10-10.0.19041-SP0)
    method: DELETE
    uri: https://management.azure.com/subscriptions/00000000-0000-0000-0000-000000000000/resourceGroups/servicelinker-test-linux-group/providers/Microsoft.Web/sites/servicelinker-kafka-ref-app/providers/Microsoft.ServiceLinker/linkers/testconn?api-version=2022-05-01
  response:
    body:
      string: 'null'
    headers:
      azure-asyncoperation:
      - https://management.azure.com/subscriptions/00000000-0000-0000-0000-000000000000/providers/Microsoft.ServiceLinker/locations/EASTUS/operationStatuses/23a7b034-d28f-4449-9217-9e912079abc0*17A8D02A6981FBF0FAD6665634562817645CA4C9C1E6612DEB9C863AA159F252?api-version=2022-05-01
      cache-control:
      - no-cache
      content-length:
      - '4'
      content-type:
      - application/json; charset=utf-8
      date:
      - Wed, 27 Apr 2022 05:21:39 GMT
      etag:
      - '"0200429b-0000-0400-0000-6268d2e30000"'
      expires:
      - '-1'
      location:
      - https://management.azure.com/subscriptions/00000000-0000-0000-0000-000000000000/providers/Microsoft.ServiceLinker/locations/EASTUS/operationStatuses/23a7b034-d28f-4449-9217-9e912079abc0*17A8D02A6981FBF0FAD6665634562817645CA4C9C1E6612DEB9C863AA159F252?api-version=2022-05-01
      mise-correlation-id:
      - 4cb9f1c1-0c86-440f-b246-ecc415a24e4b
      pragma:
      - no-cache
      strict-transport-security:
      - max-age=31536000; includeSubDomains
      x-content-type-options:
      - nosniff
      x-ms-providerhub-traffic:
      - 'True'
      x-ms-ratelimit-remaining-subscription-deletes:
      - '14999'
    status:
      code: 202
      message: Accepted
- request:
    body: null
    headers:
      Accept:
      - '*/*'
      Accept-Encoding:
      - gzip, deflate
      CommandName:
      - webapp connection delete
      Connection:
      - keep-alive
      ParameterSetName:
      - --id --yes
      User-Agent:
      - AZURECLI/2.35.0 azsdk-python-mgmt-servicelinker/1.0.0 Python/3.8.2 (Windows-10-10.0.19041-SP0)
    method: GET
    uri: https://management.azure.com/subscriptions/00000000-0000-0000-0000-000000000000/providers/Microsoft.ServiceLinker/locations/EASTUS/operationStatuses/23a7b034-d28f-4449-9217-9e912079abc0*17A8D02A6981FBF0FAD6665634562817645CA4C9C1E6612DEB9C863AA159F252?api-version=2022-05-01
  response:
    body:
      string: '{"id": "/subscriptions/00000000-0000-0000-0000-000000000000/providers/Microsoft.ServiceLinker/locations/EASTUS/operationStatuses/23a7b034-d28f-4449-9217-9e912079abc0*17A8D02A6981FBF0FAD6665634562817645CA4C9C1E6612DEB9C863AA159F252",
        "name": "23a7b034-d28f-4449-9217-9e912079abc0*17A8D02A6981FBF0FAD6665634562817645CA4C9C1E6612DEB9C863AA159F252",
        "resourceId": "/subscriptions/00000000-0000-0000-0000-000000000000/resourceGroups/servicelinker-test-linux-group/providers/Microsoft.Web/sites/servicelinker-kafka-ref-app/providers/Microsoft.ServiceLinker/linkers/testconn",
        "status": "Succeeded", "startTime": "2022-04-27T05:21:39.0089259Z", "endTime":
        "2022-04-27T05:21:42.0081171Z", "properties": null}'
    headers:
      cache-control:
      - no-cache
      content-length:
      - '700'
      content-type:
      - application/json; charset=utf-8
      date:
      - Wed, 27 Apr 2022 05:22:09 GMT
      etag:
      - '"150099e7-0000-0400-0000-6268d2e60000"'
      expires:
      - '-1'
      pragma:
      - no-cache
      strict-transport-security:
      - max-age=31536000; includeSubDomains
      transfer-encoding:
      - chunked
      vary:
      - Accept-Encoding
      x-content-type-options:
      - nosniff
    status:
      code: 200
      message: OK
- request:
    body: null
    headers:
      Accept:
      - application/json
      Accept-Encoding:
      - gzip, deflate
      CommandName:
      - webapp connection delete
      Connection:
      - keep-alive
      Content-Length:
      - '0'
      ParameterSetName:
      - --id --yes
      User-Agent:
      - AZURECLI/2.35.0 azsdk-python-mgmt-servicelinker/1.0.0 Python/3.8.2 (Windows-10-10.0.19041-SP0)
    method: DELETE
    uri: https://management.azure.com/subscriptions/00000000-0000-0000-0000-000000000000/resourceGroups/servicelinker-test-linux-group/providers/Microsoft.Web/sites/servicelinker-kafka-ref-app/providers/Microsoft.ServiceLinker/linkers/testconn_schema?api-version=2022-05-01
  response:
    body:
      string: 'null'
    headers:
      azure-asyncoperation:
      - https://management.azure.com/subscriptions/00000000-0000-0000-0000-000000000000/providers/Microsoft.ServiceLinker/locations/EASTUS/operationStatuses/159638c6-552a-4fb0-bcf5-ccb39d600b81*800A3CD6FB5107C266B0675A3A2384F10FDD61763B09D9C3193AE3A8C9053EB8?api-version=2022-05-01
      cache-control:
      - no-cache
      content-length:
      - '4'
      content-type:
      - application/json; charset=utf-8
      date:
      - Wed, 27 Apr 2022 05:22:10 GMT
      etag:
      - '"6a009450-0000-0100-0000-6268d3030000"'
      expires:
      - '-1'
      location:
      - https://management.azure.com/subscriptions/00000000-0000-0000-0000-000000000000/providers/Microsoft.ServiceLinker/locations/EASTUS/operationStatuses/159638c6-552a-4fb0-bcf5-ccb39d600b81*800A3CD6FB5107C266B0675A3A2384F10FDD61763B09D9C3193AE3A8C9053EB8?api-version=2022-05-01
      mise-correlation-id:
      - 95f3b2c9-bc29-40de-addc-c08a9b15260f
      pragma:
      - no-cache
      strict-transport-security:
      - max-age=31536000; includeSubDomains
      x-content-type-options:
      - nosniff
      x-ms-providerhub-traffic:
      - 'True'
      x-ms-ratelimit-remaining-subscription-deletes:
      - '14998'
    status:
      code: 202
      message: Accepted
- request:
    body: null
    headers:
      Accept:
      - '*/*'
      Accept-Encoding:
      - gzip, deflate
      CommandName:
      - webapp connection delete
      Connection:
      - keep-alive
      ParameterSetName:
      - --id --yes
      User-Agent:
      - AZURECLI/2.35.0 azsdk-python-mgmt-servicelinker/1.0.0 Python/3.8.2 (Windows-10-10.0.19041-SP0)
    method: GET
    uri: https://management.azure.com/subscriptions/00000000-0000-0000-0000-000000000000/providers/Microsoft.ServiceLinker/locations/EASTUS/operationStatuses/159638c6-552a-4fb0-bcf5-ccb39d600b81*800A3CD6FB5107C266B0675A3A2384F10FDD61763B09D9C3193AE3A8C9053EB8?api-version=2022-05-01
  response:
    body:
      string: '{"id": "/subscriptions/00000000-0000-0000-0000-000000000000/providers/Microsoft.ServiceLinker/locations/EASTUS/operationStatuses/159638c6-552a-4fb0-bcf5-ccb39d600b81*800A3CD6FB5107C266B0675A3A2384F10FDD61763B09D9C3193AE3A8C9053EB8",
        "name": "159638c6-552a-4fb0-bcf5-ccb39d600b81*800A3CD6FB5107C266B0675A3A2384F10FDD61763B09D9C3193AE3A8C9053EB8",
        "resourceId": "/subscriptions/00000000-0000-0000-0000-000000000000/resourceGroups/servicelinker-test-linux-group/providers/Microsoft.Web/sites/servicelinker-kafka-ref-app/providers/Microsoft.ServiceLinker/linkers/testconn_schema",
        "status": "Succeeded", "startTime": "2022-04-27T05:22:11.0460902Z", "endTime":
        "2022-04-27T05:22:14.2800533Z", "properties": null}'
    headers:
      cache-control:
      - no-cache
      content-length:
      - '707'
      content-type:
      - application/json; charset=utf-8
      date:
      - Wed, 27 Apr 2022 05:22:40 GMT
      etag:
      - '"13001aff-0000-0100-0000-6268d3060000"'
      expires:
      - '-1'
      pragma:
      - no-cache
      strict-transport-security:
      - max-age=31536000; includeSubDomains
      transfer-encoding:
      - chunked
      vary:
      - Accept-Encoding
      x-content-type-options:
      - nosniff
    status:
      code: 200
      message: OK
version: 1
