interactions:
- request:
    body: null
    headers:
      Accept:
      - application/json
      Accept-Encoding:
      - gzip, deflate
      CommandName:
      - identity show
      Connection:
      - keep-alive
      ParameterSetName:
      - -n -g
      User-Agent:
      - AZURECLI/2.48.0 azsdk-python-azure-mgmt-msi/7.0.0 Python/3.9.7 (Windows-10-10.0.22621-SP0)
    method: GET
    uri: https://management.azure.com/subscriptions/00000000-0000-0000-0000-000000000000/resourceGroups/servicelinker-test-linux-group/providers/Microsoft.ManagedIdentity/userAssignedIdentities/servicelinker-springcloud-identity?api-version=2023-01-31
  response:
    body:
      string: '{"location": "eastus", "tags": {}, "id": "/subscriptions/00000000-0000-0000-0000-000000000000/resourcegroups/servicelinker-test-linux-group/providers/Microsoft.ManagedIdentity/userAssignedIdentities/servicelinker-springcloud-identity",
        "name": "servicelinker-springcloud-identity", "type": "Microsoft.ManagedIdentity/userAssignedIdentities",
        "properties": {"tenantId": "72f988bf-86f1-41af-91ab-2d7cd011db47", "principalId":
        "8420de58-ea55-4131-a9b1-f39c9ac03225", "clientId": "3f818911-f7b7-4224-b88e-810f2479084b"}}'
    headers:
      cache-control:
      - no-cache
      content-length:
      - '516'
      content-type:
      - application/json; charset=utf-8
      date:
      - Mon, 24 Apr 2023 08:23:13 GMT
      expires:
      - '-1'
      pragma:
      - no-cache
      strict-transport-security:
      - max-age=31536000; includeSubDomains
      transfer-encoding:
      - chunked
      vary:
      - Accept-Encoding
      x-content-type-options:
      - nosniff
    status:
      code: 200
      message: OK
- request:
    body: '{"properties": {"targetService": {"type": "AzureResource", "id": "/subscriptions/00000000-0000-0000-0000-000000000000/resourceGroups/servicelinker-test-linux-group/providers/Microsoft.SignalRService/SignalR/servicelinker-signalr"},
      "authInfo": {"authType": "userAssignedIdentity", "clientId": "3f818911-f7b7-4224-b88e-810f2479084b",
      "subscriptionId": "937bc588-a144-4083-8612-5f9ffbbddb14"}, "clientType": "dotnet",
      "secretStore": {}, "configurationInfo": {}}}'
    headers:
      Accept:
      - application/json
      Accept-Encoding:
      - gzip, deflate
      CommandName:
      - spring connection create signalr
      Connection:
      - keep-alive
      Content-Length:
      - '460'
      Content-Type:
      - application/json
      ParameterSetName:
      - --connection --source-id --target-id --user-identity --client-type
      User-Agent:
      - AZURECLI/2.48.0 azsdk-python-mgmt-servicelinker/1.2.0b1 Python/3.9.7 (Windows-10-10.0.22621-SP0)
    method: PUT
    uri: https://management.azure.com/subscriptions/00000000-0000-0000-0000-000000000000/resourceGroups/servicelinker-test-linux-group/providers/Microsoft.AppPlatform/Spring/servicelinker-springcloud/apps/signalr/deployments/mock-deployment/providers/Microsoft.ServiceLinker/linkers/testconn?api-version=2022-11-01-preview
  response:
    body:
      string: '{"id": "/subscriptions/00000000-0000-0000-0000-000000000000/resourceGroups/servicelinker-test-linux-group/providers/Microsoft.AppPlatform/Spring/servicelinker-springcloud/apps/signalr/deployments/default/providers/Microsoft.ServiceLinker/linkers/testconn",
        "name": "testconn", "type": "microsoft.servicelinker/linkers", "systemData":
        {"createdBy": "wchi@microsoft.com", "createdByType": "User", "createdAt":
        "2023-04-24T08:22:00.4694322Z", "lastModifiedBy": "wchi@microsoft.com", "lastModifiedByType":
        "User", "lastModifiedAt": "2023-04-24T08:23:14.7288362Z"}, "properties": {"provisioningState":
        "Accepted", "targetService": {"id": "/subscriptions/00000000-0000-0000-0000-000000000000/resourceGroups/servicelinker-test-linux-group/providers/Microsoft.SignalRService/SignalR/servicelinker-signalr",
        "resourceProperties": null, "type": "AzureResource"}, "authInfo": {"subscriptionId":
        "937bc588-a144-4083-8612-5f9ffbbddb14", "clientId": "3f818911-f7b7-4224-b88e-810f2479084b",
        "roles": null, "userName": null, "authType": "userAssignedIdentity", "deleteOrUpdateBehavior":
        null}, "vNetSolution": null, "clientType": "dotnet", "secretStore": {"keyVaultId":
        null, "keyVaultSecretName": null}, "scope": null, "publicNetworkSolution":
        null, "configurationInfo": {"customizedKeys": null, "additionalConfigurations":
        null, "deleteOrUpdateBehavior": null, "action": null, "daprProperties": null}}}'
    headers:
      azure-asyncoperation:
      - https://management.azure.com/subscriptions/00000000-0000-0000-0000-000000000000/providers/Microsoft.ServiceLinker/locations/EASTUS/operationStatuses/450f6732-1154-4556-bfa1-c8dd5338eab9*2BF3FEA41CC9306D359EF5383E565D0093B8DBEBA403740668716A12E618064D?api-version=2021-01-01-privatepreview
      cache-control:
      - no-cache
      content-length:
      - '1388'
      content-type:
      - application/json; charset=utf-8
      date:
      - Mon, 24 Apr 2023 08:23:18 GMT
      etag:
      - '"410088bf-0000-0100-0000-64463c770000"'
      expires:
      - '-1'
      mise-correlation-id:
      - b6ae036b-a88c-450d-a1c1-effddb5896e8
      pragma:
      - no-cache
      strict-transport-security:
      - max-age=31536000; includeSubDomains
      x-content-type-options:
      - nosniff
      x-ms-providerhub-traffic:
      - 'True'
      x-ms-ratelimit-remaining-subscription-writes:
      - '1199'
    status:
      code: 201
      message: Created
- request:
    body: null
    headers:
      Accept:
      - '*/*'
      Accept-Encoding:
      - gzip, deflate
      CommandName:
      - spring connection create signalr
      Connection:
      - keep-alive
      ParameterSetName:
      - --connection --source-id --target-id --user-identity --client-type
      User-Agent:
      - AZURECLI/2.48.0 azsdk-python-mgmt-servicelinker/1.2.0b1 Python/3.9.7 (Windows-10-10.0.22621-SP0)
    method: GET
    uri: https://management.azure.com/subscriptions/00000000-0000-0000-0000-000000000000/providers/Microsoft.ServiceLinker/locations/EASTUS/operationStatuses/450f6732-1154-4556-bfa1-c8dd5338eab9*2BF3FEA41CC9306D359EF5383E565D0093B8DBEBA403740668716A12E618064D?api-version=2021-01-01-privatepreview
  response:
    body:
      string: '{"id": "/subscriptions/00000000-0000-0000-0000-000000000000/providers/Microsoft.ServiceLinker/locations/EASTUS/operationStatuses/450f6732-1154-4556-bfa1-c8dd5338eab9*2BF3FEA41CC9306D359EF5383E565D0093B8DBEBA403740668716A12E618064D",
        "name": "450f6732-1154-4556-bfa1-c8dd5338eab9*2BF3FEA41CC9306D359EF5383E565D0093B8DBEBA403740668716A12E618064D",
        "resourceId": "/subscriptions/00000000-0000-0000-0000-000000000000/resourceGroups/servicelinker-test-linux-group/providers/Microsoft.AppPlatform/Spring/servicelinker-springcloud/apps/signalr/deployments/default/providers/Microsoft.ServiceLinker/linkers/testconn",
        "status": "Accepted", "startTime": "2023-04-24T08:23:19.3662813Z"}'
    headers:
      cache-control:
      - no-cache
      content-length:
      - '676'
      content-type:
      - application/json; charset=utf-8
      date:
      - Mon, 24 Apr 2023 08:23:19 GMT
      etag:
      - '"12007d98-0000-0100-0000-64463c770000"'
      expires:
      - '-1'
      pragma:
      - no-cache
      strict-transport-security:
      - max-age=31536000; includeSubDomains
      x-content-type-options:
      - nosniff
    status:
      code: 200
      message: OK
- request:
    body: null
    headers:
      Accept:
      - '*/*'
      Accept-Encoding:
      - gzip, deflate
      CommandName:
      - spring connection create signalr
      Connection:
      - keep-alive
      ParameterSetName:
      - --connection --source-id --target-id --user-identity --client-type
      User-Agent:
      - AZURECLI/2.48.0 azsdk-python-mgmt-servicelinker/1.2.0b1 Python/3.9.7 (Windows-10-10.0.22621-SP0)
    method: GET
    uri: https://management.azure.com/subscriptions/00000000-0000-0000-0000-000000000000/providers/Microsoft.ServiceLinker/locations/EASTUS/operationStatuses/450f6732-1154-4556-bfa1-c8dd5338eab9*2BF3FEA41CC9306D359EF5383E565D0093B8DBEBA403740668716A12E618064D?api-version=2021-01-01-privatepreview
  response:
    body:
      string: '{"id": "/subscriptions/00000000-0000-0000-0000-000000000000/providers/Microsoft.ServiceLinker/locations/EASTUS/operationStatuses/450f6732-1154-4556-bfa1-c8dd5338eab9*2BF3FEA41CC9306D359EF5383E565D0093B8DBEBA403740668716A12E618064D",
        "name": "450f6732-1154-4556-bfa1-c8dd5338eab9*2BF3FEA41CC9306D359EF5383E565D0093B8DBEBA403740668716A12E618064D",
        "resourceId": "/subscriptions/00000000-0000-0000-0000-000000000000/resourceGroups/servicelinker-test-linux-group/providers/Microsoft.AppPlatform/Spring/servicelinker-springcloud/apps/signalr/deployments/default/providers/Microsoft.ServiceLinker/linkers/testconn",
        "status": "Succeeded", "startTime": "2023-04-24T08:23:19.3662813Z", "endTime":
        "2023-04-24T08:23:29.1860752Z", "properties": {"Message": null}}'
    headers:
      cache-control:
      - no-cache
      content-length:
      - '753'
      content-type:
      - application/json; charset=utf-8
      date:
      - Mon, 24 Apr 2023 08:23:50 GMT
      etag:
      - '"12007e98-0000-0100-0000-64463c810000"'
      expires:
      - '-1'
      pragma:
      - no-cache
      strict-transport-security:
      - max-age=31536000; includeSubDomains
      x-content-type-options:
      - nosniff
    status:
      code: 200
      message: OK
- request:
    body: null
    headers:
      Accept:
      - '*/*'
      Accept-Encoding:
      - gzip, deflate
      CommandName:
      - spring connection create signalr
      Connection:
      - keep-alive
      ParameterSetName:
      - --connection --source-id --target-id --user-identity --client-type
      User-Agent:
      - AZURECLI/2.48.0 azsdk-python-mgmt-servicelinker/1.2.0b1 Python/3.9.7 (Windows-10-10.0.22621-SP0)
    method: GET
    uri: https://management.azure.com/subscriptions/00000000-0000-0000-0000-000000000000/resourceGroups/servicelinker-test-linux-group/providers/Microsoft.AppPlatform/Spring/servicelinker-springcloud/apps/signalr/deployments/mock-deployment/providers/Microsoft.ServiceLinker/linkers/testconn?api-version=2022-11-01-preview
  response:
    body:
      string: '{"id": "/subscriptions/00000000-0000-0000-0000-000000000000/resourceGroups/servicelinker-test-linux-group/providers/Microsoft.AppPlatform/Spring/servicelinker-springcloud/apps/signalr/deployments/default/providers/Microsoft.ServiceLinker/linkers/testconn",
        "name": "testconn", "type": "microsoft.servicelinker/linkers", "systemData":
        {"createdBy": "wchi@microsoft.com", "createdByType": "User", "createdAt":
        "2023-04-24T08:22:00.4694322Z", "lastModifiedBy": "wchi@microsoft.com", "lastModifiedByType":
        "User", "lastModifiedAt": "2023-04-24T08:23:14.7288362Z"}, "properties": {"publicNetworkSolution":
        null, "configurationInfo": {"customizedKeys": null, "additionalConfigurations":
        null, "deleteOrUpdateBehavior": null, "action": null, "daprProperties": null},
        "provisioningState": "Succeeded", "targetService": {"id": "/subscriptions/00000000-0000-0000-0000-000000000000/resourceGroups/servicelinker-test-linux-group/providers/Microsoft.SignalRService/SignalR/servicelinker-signalr",
        "resourceProperties": null, "type": "AzureResource"}, "authInfo": {"subscriptionId":
        "937bc588-a144-4083-8612-5f9ffbbddb14", "clientId": "3f818911-f7b7-4224-b88e-810f2479084b",
        "roles": null, "userName": null, "authType": "userAssignedIdentity", "deleteOrUpdateBehavior":
        null}, "clientType": "dotnet", "scope": null, "vNetSolution": null, "secretStore":
        {"keyVaultId": null, "keyVaultSecretName": null}}}'
    headers:
      cache-control:
      - no-cache
      content-length:
      - '1389'
      content-type:
      - application/json; charset=utf-8
      date:
      - Mon, 24 Apr 2023 08:23:51 GMT
      etag:
      - '"410098bf-0000-0100-0000-64463c810000"'
      expires:
      - '-1'
      mise-correlation-id:
      - 07719f18-1ab0-473c-991c-62f033268e4a
      pragma:
      - no-cache
      strict-transport-security:
      - max-age=31536000; includeSubDomains
      x-content-type-options:
      - nosniff
      x-ms-providerhub-traffic:
      - 'True'
    status:
      code: 200
      message: OK
- request:
    body: null
    headers:
      Accept:
      - application/json
      Accept-Encoding:
      - gzip, deflate
      CommandName:
      - spring connection list
      Connection:
      - keep-alive
      ParameterSetName:
      - --source-id
      User-Agent:
      - AZURECLI/2.48.0 azsdk-python-mgmt-servicelinker/1.2.0b1 Python/3.9.7 (Windows-10-10.0.22621-SP0)
    method: GET
    uri: https://management.azure.com/subscriptions/00000000-0000-0000-0000-000000000000/resourceGroups/servicelinker-test-linux-group/providers/Microsoft.AppPlatform/Spring/servicelinker-springcloud/apps/signalr/deployments/mock-deployment/providers/Microsoft.ServiceLinker/linkers?api-version=2022-11-01-preview
  response:
    body:
      string: '{"value": [{"id": "/subscriptions/00000000-0000-0000-0000-000000000000/resourceGroups/servicelinker-test-linux-group/providers/Microsoft.AppPlatform/Spring/servicelinker-springcloud/apps/signalr/deployments/default/providers/Microsoft.ServiceLinker/linkers/testconn",
        "name": "testconn", "type": "microsoft.servicelinker/linkers", "systemData":
        {"createdBy": "wchi@microsoft.com", "createdByType": "User", "createdAt":
        "2023-04-24T08:22:00.4694322Z", "lastModifiedBy": "wchi@microsoft.com", "lastModifiedByType":
        "User", "lastModifiedAt": "2023-04-24T08:23:14.7288362Z"}, "properties": {"publicNetworkSolution":
        null, "configurationInfo": {"customizedKeys": null, "additionalConfigurations":
        null, "deleteOrUpdateBehavior": null, "action": null, "daprProperties": null},
        "provisioningState": "Succeeded", "targetService": {"id": "/subscriptions/00000000-0000-0000-0000-000000000000/resourceGroups/servicelinker-test-linux-group/providers/Microsoft.SignalRService/SignalR/servicelinker-signalr",
        "resourceProperties": null, "type": "AzureResource"}, "authInfo": {"subscriptionId":
        "937bc588-a144-4083-8612-5f9ffbbddb14", "clientId": "3f818911-f7b7-4224-b88e-810f2479084b",
        "roles": null, "userName": null, "authType": "userAssignedIdentity", "deleteOrUpdateBehavior":
        null}, "clientType": "dotnet", "scope": null, "vNetSolution": null, "secretStore":
        {"keyVaultId": null, "keyVaultSecretName": null}}}]}'
    headers:
      cache-control:
      - no-cache
      content-length:
      - '1402'
      content-type:
      - application/json; charset=utf-8
      date:
      - Mon, 24 Apr 2023 08:23:58 GMT
      expires:
      - '-1'
      mise-correlation-id:
      - ed63fc60-4312-46b2-a1ac-8e2f8e526dee
      pragma:
      - no-cache
      strict-transport-security:
      - max-age=31536000; includeSubDomains
      transfer-encoding:
      - chunked
      vary:
      - Accept-Encoding
      x-content-type-options:
      - nosniff
      x-ms-providerhub-traffic:
      - 'True'
    status:
      code: 200
      message: OK
- request:
    body: null
    headers:
      Accept:
      - application/json
      Accept-Encoding:
      - gzip, deflate
      CommandName:
      - spring connection list-configuration
      Connection:
      - keep-alive
      Content-Length:
      - '0'
      ParameterSetName:
      - --id
      User-Agent:
      - AZURECLI/2.48.0 azsdk-python-mgmt-servicelinker/1.2.0b1 Python/3.9.7 (Windows-10-10.0.22621-SP0)
    method: POST
    uri: https://management.azure.com/subscriptions/00000000-0000-0000-0000-000000000000/resourceGroups/servicelinker-test-linux-group/providers/Microsoft.AppPlatform/Spring/servicelinker-springcloud/apps/signalr/deployments/mock-deployment/providers/Microsoft.ServiceLinker/linkers/testconn/listConfigurations?api-version=2022-11-01-preview
  response:
    body:
      string: '{"configurations": [{"name": "AZURE_SIGNALR_CONNECTIONSTRING", "value":
        "Endpoint=https://servicelinker-signalr;AuthType=aad;ClientId=3f818911-f7b7-4224-b88e-810f2479084b;Version=1.0;"}]}'
    headers:
      cache-control:
      - no-cache
      content-length:
      - '187'
      content-type:
      - application/json; charset=utf-8
      date:
      - Mon, 24 Apr 2023 08:24:03 GMT
      expires:
      - '-1'
      mise-correlation-id:
      - f22c5585-90bd-4512-b238-19d667200225
      pragma:
      - no-cache
      strict-transport-security:
      - max-age=31536000; includeSubDomains
      transfer-encoding:
      - chunked
      vary:
      - Accept-Encoding
      x-content-type-options:
      - nosniff
      x-ms-providerhub-traffic:
      - 'True'
      x-ms-ratelimit-remaining-subscription-writes:
      - '1199'
    status:
      code: 200
      message: OK
- request:
    body: null
    headers:
      Accept:
      - application/json
      Accept-Encoding:
      - gzip, deflate
      CommandName:
      - spring connection validate
      Connection:
      - keep-alive
      ParameterSetName:
      - --id
      User-Agent:
      - AZURECLI/2.48.0 azsdk-python-mgmt-servicelinker/1.2.0b1 Python/3.9.7 (Windows-10-10.0.22621-SP0)
    method: GET
    uri: https://management.azure.com/subscriptions/00000000-0000-0000-0000-000000000000/resourceGroups/servicelinker-test-linux-group/providers/Microsoft.AppPlatform/Spring/servicelinker-springcloud/apps/signalr/deployments/mock-deployment/providers/Microsoft.ServiceLinker/linkers/testconn?api-version=2022-11-01-preview
  response:
    body:
      string: '{"id": "/subscriptions/00000000-0000-0000-0000-000000000000/resourceGroups/servicelinker-test-linux-group/providers/Microsoft.AppPlatform/Spring/servicelinker-springcloud/apps/signalr/deployments/default/providers/Microsoft.ServiceLinker/linkers/testconn",
        "name": "testconn", "type": "microsoft.servicelinker/linkers", "systemData":
        {"createdBy": "wchi@microsoft.com", "createdByType": "User", "createdAt":
        "2023-04-24T08:22:00.4694322Z", "lastModifiedBy": "wchi@microsoft.com", "lastModifiedByType":
        "User", "lastModifiedAt": "2023-04-24T08:23:14.7288362Z"}, "properties": {"publicNetworkSolution":
        null, "configurationInfo": {"customizedKeys": null, "additionalConfigurations":
        null, "deleteOrUpdateBehavior": null, "action": null, "daprProperties": null},
        "provisioningState": "Succeeded", "targetService": {"id": "/subscriptions/00000000-0000-0000-0000-000000000000/resourceGroups/servicelinker-test-linux-group/providers/Microsoft.SignalRService/SignalR/servicelinker-signalr",
        "resourceProperties": null, "type": "AzureResource"}, "authInfo": {"subscriptionId":
        "937bc588-a144-4083-8612-5f9ffbbddb14", "clientId": "3f818911-f7b7-4224-b88e-810f2479084b",
        "roles": null, "userName": null, "authType": "userAssignedIdentity", "deleteOrUpdateBehavior":
        null}, "clientType": "dotnet", "scope": null, "vNetSolution": null, "secretStore":
        {"keyVaultId": null, "keyVaultSecretName": null}}}'
    headers:
      cache-control:
      - no-cache
      content-length:
      - '1389'
      content-type:
      - application/json; charset=utf-8
      date:
      - Mon, 24 Apr 2023 08:24:07 GMT
      etag:
      - '"410098bf-0000-0100-0000-64463c810000"'
      expires:
      - '-1'
      mise-correlation-id:
      - 32dc1a86-627b-4cc3-bf1a-541235143081
      pragma:
      - no-cache
      strict-transport-security:
      - max-age=31536000; includeSubDomains
      transfer-encoding:
      - chunked
      vary:
      - Accept-Encoding
      x-content-type-options:
      - nosniff
      x-ms-providerhub-traffic:
      - 'True'
    status:
      code: 200
      message: OK
- request:
    body: null
    headers:
      Accept:
      - application/json
      Accept-Encoding:
      - gzip, deflate
      CommandName:
      - spring connection validate
      Connection:
      - keep-alive
      Content-Length:
      - '0'
      ParameterSetName:
      - --id
      User-Agent:
      - AZURECLI/2.48.0 azsdk-python-mgmt-servicelinker/1.2.0b1 Python/3.9.7 (Windows-10-10.0.22621-SP0)
    method: POST
    uri: https://management.azure.com/subscriptions/00000000-0000-0000-0000-000000000000/resourceGroups/servicelinker-test-linux-group/providers/Microsoft.AppPlatform/Spring/servicelinker-springcloud/apps/signalr/deployments/mock-deployment/providers/Microsoft.ServiceLinker/linkers/testconn/validateLinker?api-version=2022-11-01-preview
  response:
    body:
      string: 'null'
    headers:
      azure-asyncoperation:
      - https://management.azure.com/subscriptions/00000000-0000-0000-0000-000000000000/providers/Microsoft.ServiceLinker/locations/EASTUS/operationStatuses/5fb9d868-89e8-4a46-99e8-bc5408af8c34*2BF3FEA41CC9306D359EF5383E565D0093B8DBEBA403740668716A12E618064D?api-version=2021-01-01-privatepreview
      cache-control:
      - no-cache
      content-length:
      - '4'
      content-type:
      - application/json; charset=utf-8
      date:
      - Mon, 24 Apr 2023 08:24:09 GMT
      expires:
      - '-1'
      location:
      - https://management.azure.com/subscriptions/00000000-0000-0000-0000-000000000000/providers/Microsoft.ServiceLinker/locations/EASTUS/operationStatuses/5fb9d868-89e8-4a46-99e8-bc5408af8c34*2BF3FEA41CC9306D359EF5383E565D0093B8DBEBA403740668716A12E618064D?api-version=2021-01-01-privatepreview
      mise-correlation-id:
      - f8dedaa7-3e69-43a6-a095-a966fc8614eb
      pragma:
      - no-cache
      strict-transport-security:
      - max-age=31536000; includeSubDomains
      x-content-type-options:
      - nosniff
      x-ms-providerhub-traffic:
      - 'True'
      x-ms-ratelimit-remaining-subscription-writes:
      - '1199'
    status:
      code: 202
      message: Accepted
- request:
    body: null
    headers:
      Accept:
      - '*/*'
      Accept-Encoding:
      - gzip, deflate
      CommandName:
      - spring connection validate
      Connection:
      - keep-alive
      ParameterSetName:
      - --id
      User-Agent:
      - AZURECLI/2.48.0 azsdk-python-mgmt-servicelinker/1.2.0b1 Python/3.9.7 (Windows-10-10.0.22621-SP0)
    method: GET
    uri: https://management.azure.com/subscriptions/00000000-0000-0000-0000-000000000000/providers/Microsoft.ServiceLinker/locations/EASTUS/operationStatuses/5fb9d868-89e8-4a46-99e8-bc5408af8c34*2BF3FEA41CC9306D359EF5383E565D0093B8DBEBA403740668716A12E618064D?api-version=2021-01-01-privatepreview
  response:
    body:
      string: '{"id": "/subscriptions/00000000-0000-0000-0000-000000000000/providers/Microsoft.ServiceLinker/locations/EASTUS/operationStatuses/5fb9d868-89e8-4a46-99e8-bc5408af8c34*2BF3FEA41CC9306D359EF5383E565D0093B8DBEBA403740668716A12E618064D",
        "name": "5fb9d868-89e8-4a46-99e8-bc5408af8c34*2BF3FEA41CC9306D359EF5383E565D0093B8DBEBA403740668716A12E618064D",
        "resourceId": "/subscriptions/00000000-0000-0000-0000-000000000000/resourceGroups/servicelinker-test-linux-group/providers/Microsoft.AppPlatform/Spring/servicelinker-springcloud/apps/signalr/deployments/default/providers/Microsoft.ServiceLinker/linkers/testconn",
        "status": "Accepted", "startTime": "2023-04-24T08:24:09.8156422Z"}'
    headers:
      cache-control:
      - no-cache
      content-length:
      - '676'
      content-type:
      - application/json; charset=utf-8
      date:
      - Mon, 24 Apr 2023 08:24:10 GMT
      etag:
      - '"12008b98-0000-0100-0000-64463ca90000"'
      expires:
      - '-1'
      pragma:
      - no-cache
      strict-transport-security:
      - max-age=31536000; includeSubDomains
      x-content-type-options:
      - nosniff
    status:
      code: 202
      message: Accepted
- request:
    body: null
    headers:
      Accept:
      - '*/*'
      Accept-Encoding:
      - gzip, deflate
      CommandName:
      - spring connection validate
      Connection:
      - keep-alive
      ParameterSetName:
      - --id
      User-Agent:
      - AZURECLI/2.48.0 azsdk-python-mgmt-servicelinker/1.2.0b1 Python/3.9.7 (Windows-10-10.0.22621-SP0)
    method: GET
    uri: https://management.azure.com/subscriptions/00000000-0000-0000-0000-000000000000/providers/Microsoft.ServiceLinker/locations/EASTUS/operationStatuses/5fb9d868-89e8-4a46-99e8-bc5408af8c34*2BF3FEA41CC9306D359EF5383E565D0093B8DBEBA403740668716A12E618064D?api-version=2021-01-01-privatepreview
  response:
    body:
      string: '{"id": "/subscriptions/00000000-0000-0000-0000-000000000000/providers/Microsoft.ServiceLinker/locations/EASTUS/operationStatuses/5fb9d868-89e8-4a46-99e8-bc5408af8c34*2BF3FEA41CC9306D359EF5383E565D0093B8DBEBA403740668716A12E618064D",
        "name": "5fb9d868-89e8-4a46-99e8-bc5408af8c34*2BF3FEA41CC9306D359EF5383E565D0093B8DBEBA403740668716A12E618064D",
        "resourceId": "/subscriptions/00000000-0000-0000-0000-000000000000/resourceGroups/servicelinker-test-linux-group/providers/Microsoft.AppPlatform/Spring/servicelinker-springcloud/apps/signalr/deployments/default/providers/Microsoft.ServiceLinker/linkers/testconn",
        "status": "Succeeded", "startTime": "2023-04-24T08:24:09.8156422Z", "endTime":
        "2023-04-24T08:24:14.3830328Z", "properties": {"Message": "{\"ConnectionName\":\"testconn\",\"IsConnectionAvailable\":true,\"ValidationDetail\":[{\"Name\":\"Target
        resource existence validated.\",\"Description\":null,\"Result\":0},{\"Name\":\"Target
        network ACL validated.\",\"Description\":null,\"Result\":0},{\"Name\":\"Configured
        connection information validated.\",\"Description\":null,\"Result\":0},{\"Name\":\"Managed
        Identity existence validated.\",\"Description\":null,\"Result\":0},{\"Name\":\"Managed
        Identity permissions validated.\",\"Description\":null,\"Result\":0}],\"ReportStartTimeUtc\":\"2023-04-24T08:24:11.1960401Z\",\"ReportEndTimeUtc\":\"2023-04-24T08:24:13.1469942Z\",\"SourceId\":null,\"TargetId\":null,\"AuthType\":1}",
        "linkerName": "testconn", "isConnectionAvailable": true, "validationDetail":
        [{"name": "Target resource existence validated.", "description": null, "result":
        "success"}, {"name": "Target network ACL validated.", "description": null,
        "result": "success"}, {"name": "Configured connection information validated.",
        "description": null, "result": "success"}, {"name": "Managed Identity existence
        validated.", "description": null, "result": "success"}, {"name": "Managed
        Identity permissions validated.", "description": null, "result": "success"}],
        "reportStartTimeUtc": "2023-04-24T08:24:11.1960401Z", "reportEndTimeUtc":
        "2023-04-24T08:24:13.1469942Z", "sourceId": null, "targetId": null, "authType":
        "userAssignedIdentity"}}'
    headers:
      cache-control:
      - no-cache
      content-length:
      - '2156'
      content-type:
      - application/json; charset=utf-8
      date:
      - Mon, 24 Apr 2023 08:24:40 GMT
      etag:
      - '"12008e98-0000-0100-0000-64463cae0000"'
      expires:
      - '-1'
      pragma:
      - no-cache
      strict-transport-security:
      - max-age=31536000; includeSubDomains
      transfer-encoding:
      - chunked
      vary:
      - Accept-Encoding
      x-content-type-options:
      - nosniff
    status:
      code: 200
      message: OK
- request:
    body: null
    headers:
      Accept:
      - '*/*'
      Accept-Encoding:
      - gzip, deflate
      CommandName:
      - spring connection validate
      Connection:
      - keep-alive
      ParameterSetName:
      - --id
      User-Agent:
      - AZURECLI/2.48.0 azsdk-python-mgmt-servicelinker/1.2.0b1 Python/3.9.7 (Windows-10-10.0.22621-SP0)
    method: GET
    uri: https://management.azure.com/subscriptions/00000000-0000-0000-0000-000000000000/providers/Microsoft.ServiceLinker/locations/EASTUS/operationStatuses/5fb9d868-89e8-4a46-99e8-bc5408af8c34*2BF3FEA41CC9306D359EF5383E565D0093B8DBEBA403740668716A12E618064D?api-version=2021-01-01-privatepreview
  response:
    body:
      string: '{"id": "/subscriptions/00000000-0000-0000-0000-000000000000/providers/Microsoft.ServiceLinker/locations/EASTUS/operationStatuses/5fb9d868-89e8-4a46-99e8-bc5408af8c34*2BF3FEA41CC9306D359EF5383E565D0093B8DBEBA403740668716A12E618064D",
        "name": "5fb9d868-89e8-4a46-99e8-bc5408af8c34*2BF3FEA41CC9306D359EF5383E565D0093B8DBEBA403740668716A12E618064D",
        "resourceId": "/subscriptions/00000000-0000-0000-0000-000000000000/resourceGroups/servicelinker-test-linux-group/providers/Microsoft.AppPlatform/Spring/servicelinker-springcloud/apps/signalr/deployments/default/providers/Microsoft.ServiceLinker/linkers/testconn",
        "status": "Succeeded", "startTime": "2023-04-24T08:24:09.8156422Z", "endTime":
        "2023-04-24T08:24:14.3830328Z", "properties": {"Message": "{\"ConnectionName\":\"testconn\",\"IsConnectionAvailable\":true,\"ValidationDetail\":[{\"Name\":\"Target
        resource existence validated.\",\"Description\":null,\"Result\":0},{\"Name\":\"Target
        network ACL validated.\",\"Description\":null,\"Result\":0},{\"Name\":\"Configured
        connection information validated.\",\"Description\":null,\"Result\":0},{\"Name\":\"Managed
        Identity existence validated.\",\"Description\":null,\"Result\":0},{\"Name\":\"Managed
        Identity permissions validated.\",\"Description\":null,\"Result\":0}],\"ReportStartTimeUtc\":\"2023-04-24T08:24:11.1960401Z\",\"ReportEndTimeUtc\":\"2023-04-24T08:24:13.1469942Z\",\"SourceId\":null,\"TargetId\":null,\"AuthType\":1}",
        "linkerName": "testconn", "isConnectionAvailable": true, "validationDetail":
        [{"name": "Target resource existence validated.", "description": null, "result":
        "success"}, {"name": "Target network ACL validated.", "description": null,
        "result": "success"}, {"name": "Configured connection information validated.",
        "description": null, "result": "success"}, {"name": "Managed Identity existence
        validated.", "description": null, "result": "success"}, {"name": "Managed
        Identity permissions validated.", "description": null, "result": "success"}],
        "reportStartTimeUtc": "2023-04-24T08:24:11.1960401Z", "reportEndTimeUtc":
        "2023-04-24T08:24:13.1469942Z", "sourceId": null, "targetId": null, "authType":
        "userAssignedIdentity"}}'
    headers:
      cache-control:
      - no-cache
      content-length:
      - '2156'
      content-type:
      - application/json; charset=utf-8
      date:
      - Mon, 24 Apr 2023 08:24:41 GMT
      etag:
      - '"12008e98-0000-0100-0000-64463cae0000"'
      expires:
      - '-1'
      pragma:
      - no-cache
      strict-transport-security:
      - max-age=31536000; includeSubDomains
      transfer-encoding:
      - chunked
      vary:
      - Accept-Encoding
      x-content-type-options:
      - nosniff
    status:
      code: 200
      message: OK
- request:
    body: null
    headers:
      Accept:
      - application/json
      Accept-Encoding:
      - gzip, deflate
      CommandName:
      - spring connection show
      Connection:
      - keep-alive
      ParameterSetName:
      - --id
      User-Agent:
      - AZURECLI/2.48.0 azsdk-python-mgmt-servicelinker/1.2.0b1 Python/3.9.7 (Windows-10-10.0.22621-SP0)
    method: GET
    uri: https://management.azure.com/subscriptions/00000000-0000-0000-0000-000000000000/resourceGroups/servicelinker-test-linux-group/providers/Microsoft.AppPlatform/Spring/servicelinker-springcloud/apps/signalr/deployments/mock-deployment/providers/Microsoft.ServiceLinker/linkers/testconn?api-version=2022-11-01-preview
  response:
    body:
      string: '{"id": "/subscriptions/00000000-0000-0000-0000-000000000000/resourceGroups/servicelinker-test-linux-group/providers/Microsoft.AppPlatform/Spring/servicelinker-springcloud/apps/signalr/deployments/default/providers/Microsoft.ServiceLinker/linkers/testconn",
        "name": "testconn", "type": "microsoft.servicelinker/linkers", "systemData":
        {"createdBy": "wchi@microsoft.com", "createdByType": "User", "createdAt":
        "2023-04-24T08:22:00.4694322Z", "lastModifiedBy": "wchi@microsoft.com", "lastModifiedByType":
        "User", "lastModifiedAt": "2023-04-24T08:23:14.7288362Z"}, "properties": {"publicNetworkSolution":
        null, "configurationInfo": {"customizedKeys": null, "additionalConfigurations":
        null, "deleteOrUpdateBehavior": null, "action": null, "daprProperties": null},
        "provisioningState": "Succeeded", "targetService": {"id": "/subscriptions/00000000-0000-0000-0000-000000000000/resourceGroups/servicelinker-test-linux-group/providers/Microsoft.SignalRService/SignalR/servicelinker-signalr",
        "resourceProperties": null, "type": "AzureResource"}, "authInfo": {"subscriptionId":
        "937bc588-a144-4083-8612-5f9ffbbddb14", "clientId": "3f818911-f7b7-4224-b88e-810f2479084b",
        "roles": null, "userName": null, "authType": "userAssignedIdentity", "deleteOrUpdateBehavior":
        null}, "clientType": "dotnet", "scope": null, "vNetSolution": null, "secretStore":
        {"keyVaultId": null, "keyVaultSecretName": null}}}'
    headers:
      cache-control:
      - no-cache
      content-length:
      - '1389'
      content-type:
      - application/json; charset=utf-8
      date:
      - Mon, 24 Apr 2023 08:24:45 GMT
      etag:
      - '"410098bf-0000-0100-0000-64463c810000"'
      expires:
      - '-1'
      mise-correlation-id:
      - 29aa3546-ae2f-4eed-a3d9-ae1c8b4b391c
      pragma:
      - no-cache
      strict-transport-security:
      - max-age=31536000; includeSubDomains
      transfer-encoding:
      - chunked
      vary:
      - Accept-Encoding
      x-content-type-options:
      - nosniff
      x-ms-providerhub-traffic:
      - 'True'
    status:
      code: 200
      message: OK
- request:
    body: null
    headers:
      Accept:
      - application/json
      Accept-Encoding:
      - gzip, deflate
      CommandName:
      - spring connection delete
      Connection:
      - keep-alive
      Content-Length:
      - '0'
      ParameterSetName:
      - --id --yes
      User-Agent:
      - AZURECLI/2.48.0 azsdk-python-mgmt-servicelinker/1.2.0b1 Python/3.9.7 (Windows-10-10.0.22621-SP0)
    method: DELETE
    uri: https://management.azure.com/subscriptions/00000000-0000-0000-0000-000000000000/resourceGroups/servicelinker-test-linux-group/providers/Microsoft.AppPlatform/Spring/servicelinker-springcloud/apps/signalr/deployments/mock-deployment/providers/Microsoft.ServiceLinker/linkers/testconn?api-version=2022-11-01-preview
  response:
    body:
      string: 'null'
    headers:
      azure-asyncoperation:
      - https://management.azure.com/subscriptions/00000000-0000-0000-0000-000000000000/providers/Microsoft.ServiceLinker/locations/EASTUS/operationStatuses/ce164e59-e56e-4ed7-b139-d795bce7208c*2BF3FEA41CC9306D359EF5383E565D0093B8DBEBA403740668716A12E618064D?api-version=2021-01-01-privatepreview
      cache-control:
      - no-cache
      content-length:
      - '4'
      content-type:
      - application/json; charset=utf-8
      date:
      - Mon, 24 Apr 2023 08:24:56 GMT
      etag:
      - '"410027c0-0000-0100-0000-64463cd80000"'
      expires:
      - '-1'
      location:
      - https://management.azure.com/subscriptions/00000000-0000-0000-0000-000000000000/providers/Microsoft.ServiceLinker/locations/EASTUS/operationStatuses/ce164e59-e56e-4ed7-b139-d795bce7208c*2BF3FEA41CC9306D359EF5383E565D0093B8DBEBA403740668716A12E618064D?api-version=2021-01-01-privatepreview
      mise-correlation-id:
      - bc912ac1-9088-4ece-a082-5092b3dc4920
      pragma:
      - no-cache
      strict-transport-security:
      - max-age=31536000; includeSubDomains
      x-content-type-options:
      - nosniff
      x-ms-providerhub-traffic:
      - 'True'
      x-ms-ratelimit-remaining-subscription-deletes:
      - '14999'
    status:
      code: 202
      message: Accepted
- request:
    body: null
    headers:
      Accept:
      - '*/*'
      Accept-Encoding:
      - gzip, deflate
      CommandName:
      - spring connection delete
      Connection:
      - keep-alive
      ParameterSetName:
      - --id --yes
      User-Agent:
      - AZURECLI/2.48.0 azsdk-python-mgmt-servicelinker/1.2.0b1 Python/3.9.7 (Windows-10-10.0.22621-SP0)
    method: GET
    uri: https://management.azure.com/subscriptions/00000000-0000-0000-0000-000000000000/providers/Microsoft.ServiceLinker/locations/EASTUS/operationStatuses/ce164e59-e56e-4ed7-b139-d795bce7208c*2BF3FEA41CC9306D359EF5383E565D0093B8DBEBA403740668716A12E618064D?api-version=2021-01-01-privatepreview
  response:
    body:
      string: '{"id": "/subscriptions/00000000-0000-0000-0000-000000000000/providers/Microsoft.ServiceLinker/locations/EASTUS/operationStatuses/ce164e59-e56e-4ed7-b139-d795bce7208c*2BF3FEA41CC9306D359EF5383E565D0093B8DBEBA403740668716A12E618064D",
        "name": "ce164e59-e56e-4ed7-b139-d795bce7208c*2BF3FEA41CC9306D359EF5383E565D0093B8DBEBA403740668716A12E618064D",
        "resourceId": "/subscriptions/00000000-0000-0000-0000-000000000000/resourceGroups/servicelinker-test-linux-group/providers/Microsoft.AppPlatform/Spring/servicelinker-springcloud/apps/signalr/deployments/default/providers/Microsoft.ServiceLinker/linkers/testconn",
        "status": "Deleting", "startTime": "2023-04-24T08:24:56.6806592Z"}'
    headers:
      cache-control:
      - no-cache
      content-length:
      - '676'
      content-type:
      - application/json; charset=utf-8
      date:
      - Mon, 24 Apr 2023 08:24:57 GMT
      etag:
      - '"12009d98-0000-0100-0000-64463cd80000"'
      expires:
      - '-1'
      pragma:
      - no-cache
      strict-transport-security:
      - max-age=31536000; includeSubDomains
      x-content-type-options:
      - nosniff
    status:
      code: 202
      message: Accepted
- request:
    body: null
    headers:
      Accept:
      - '*/*'
      Accept-Encoding:
      - gzip, deflate
      CommandName:
      - spring connection delete
      Connection:
      - keep-alive
      ParameterSetName:
      - --id --yes
      User-Agent:
      - AZURECLI/2.48.0 azsdk-python-mgmt-servicelinker/1.2.0b1 Python/3.9.7 (Windows-10-10.0.22621-SP0)
    method: GET
    uri: https://management.azure.com/subscriptions/00000000-0000-0000-0000-000000000000/providers/Microsoft.ServiceLinker/locations/EASTUS/operationStatuses/ce164e59-e56e-4ed7-b139-d795bce7208c*2BF3FEA41CC9306D359EF5383E565D0093B8DBEBA403740668716A12E618064D?api-version=2021-01-01-privatepreview
  response:
    body:
      string: '{"id": "/subscriptions/00000000-0000-0000-0000-000000000000/providers/Microsoft.ServiceLinker/locations/EASTUS/operationStatuses/ce164e59-e56e-4ed7-b139-d795bce7208c*2BF3FEA41CC9306D359EF5383E565D0093B8DBEBA403740668716A12E618064D",
        "name": "ce164e59-e56e-4ed7-b139-d795bce7208c*2BF3FEA41CC9306D359EF5383E565D0093B8DBEBA403740668716A12E618064D",
        "resourceId": "/subscriptions/00000000-0000-0000-0000-000000000000/resourceGroups/servicelinker-test-linux-group/providers/Microsoft.AppPlatform/Spring/servicelinker-springcloud/apps/signalr/deployments/default/providers/Microsoft.ServiceLinker/linkers/testconn",
        "status": "Succeeded", "startTime": "2023-04-24T08:24:56.6806592Z", "endTime":
        "2023-04-24T08:25:01.6039798Z", "properties": null}'
    headers:
      cache-control:
      - no-cache
      content-length:
      - '740'
      content-type:
      - application/json; charset=utf-8
      date:
      - Mon, 24 Apr 2023 08:25:27 GMT
      etag:
      - '"12009f98-0000-0100-0000-64463cdd0000"'
      expires:
      - '-1'
      pragma:
      - no-cache
      strict-transport-security:
      - max-age=31536000; includeSubDomains
      transfer-encoding:
      - chunked
      vary:
      - Accept-Encoding
      x-content-type-options:
      - nosniff
    status:
      code: 200
      message: OK
version: 1
