interactions:
- request:
    body: '{"properties": {"targetService": {"type": "AzureResource", "id": "/subscriptions/00000000-0000-0000-0000-000000000000/resourceGroups/servicelinker-test-linux-group/providers/Microsoft.AppConfiguration/configurationStores/servicelinker-app-configuration"},
      "authInfo": {"authType": "systemAssignedIdentity"}, "clientType": "python",
      "secretStore": {}}}'
    headers:
      Accept:
      - application/json
      Accept-Encoding:
      - gzip, deflate
      CommandName:
      - webapp connection create appconfig
      Connection:
      - keep-alive
      Content-Length:
      - '351'
      Content-Type:
      - application/json
      ParameterSetName:
      - --connection --source-id --target-id --system-identity --client-type
      User-Agent:
      - AZURECLI/2.43.0 (PIP) azsdk-python-mgmt-servicelinker/1.2.0b1 Python/3.8.8
        (Windows-10-10.0.22621-SP0)
    method: PUT
    uri: https://management.azure.com/subscriptions/00000000-0000-0000-0000-000000000000/resourceGroups/servicelinker-test-linux-group/providers/Microsoft.Web/sites/servicelinker-config-app/providers/Microsoft.ServiceLinker/linkers/testconn?api-version=2022-11-01-preview
  response:
    body:
      string: '{"id": "/subscriptions/00000000-0000-0000-0000-000000000000/resourceGroups/servicelinker-test-linux-group/providers/Microsoft.Web/sites/servicelinker-config-app/providers/Microsoft.ServiceLinker/linkers/testconn",
        "name": "testconn", "type": "microsoft.servicelinker/linkers", "systemData":
        {"createdBy": "xiaofanzhou@microsoft.com", "createdByType": "User", "createdAt":
        "2022-12-14T08:12:44.6244623Z", "lastModifiedBy": "xiaofanzhou@microsoft.com",
        "lastModifiedByType": "User", "lastModifiedAt": "2022-12-14T08:36:12.6287163Z"},
        "properties": {"provisioningState": "Accepted", "targetService": {"id": "/subscriptions/00000000-0000-0000-0000-000000000000/resourceGroups/servicelinker-test-linux-group/providers/Microsoft.AppConfiguration/configurationStores/servicelinker-app-configuration",
        "resourceProperties": null, "type": "AzureResource"}, "authInfo": {"roles":
        null, "userName": null, "authType": "systemAssignedIdentity", "deleteOrUpdateBehavior":
        "Default"}, "vNetSolution": null, "clientType": "python", "secretStore": {"keyVaultId":
        null, "keyVaultSecretName": null}, "scope": null, "publicNetworkSolution":
        null, "configurationInfo": null}}'
    headers:
      azure-asyncoperation:
      - https://management.azure.com/subscriptions/00000000-0000-0000-0000-000000000000/providers/Microsoft.ServiceLinker/locations/EASTUS/operationStatuses/3227d5a7-d829-4fdb-aa7a-212c7d235bb4*B22D1BF0F49AC649997150ED375181592C599234B0CECEE608F725EDA66E202C?api-version=2021-01-01-privatepreview
      cache-control:
      - no-cache
      content-length:
      - '1154'
      content-type:
      - application/json; charset=utf-8
      date:
      - Wed, 14 Dec 2022 08:36:14 GMT
      etag:
      - '"34006fea-0000-0100-0000-63998afe0000"'
      expires:
      - '-1'
      mise-correlation-id:
      - 99846bec-e064-48ed-9fb7-bc0835eeb62f
      pragma:
      - no-cache
      strict-transport-security:
      - max-age=31536000; includeSubDomains
      x-content-type-options:
      - nosniff
      x-ms-providerhub-traffic:
      - 'True'
      x-ms-ratelimit-remaining-subscription-writes:
      - '1199'
    status:
      code: 201
      message: Created
- request:
    body: null
    headers:
      Accept:
      - '*/*'
      Accept-Encoding:
      - gzip, deflate
      CommandName:
      - webapp connection create appconfig
      Connection:
      - keep-alive
      ParameterSetName:
      - --connection --source-id --target-id --system-identity --client-type
      User-Agent:
      - AZURECLI/2.43.0 (PIP) azsdk-python-mgmt-servicelinker/1.2.0b1 Python/3.8.8
        (Windows-10-10.0.22621-SP0)
    method: GET
    uri: https://management.azure.com/subscriptions/00000000-0000-0000-0000-000000000000/providers/Microsoft.ServiceLinker/locations/EASTUS/operationStatuses/3227d5a7-d829-4fdb-aa7a-212c7d235bb4*B22D1BF0F49AC649997150ED375181592C599234B0CECEE608F725EDA66E202C?api-version=2021-01-01-privatepreview
  response:
    body:
      string: '{"id": "/subscriptions/00000000-0000-0000-0000-000000000000/providers/Microsoft.ServiceLinker/locations/EASTUS/operationStatuses/3227d5a7-d829-4fdb-aa7a-212c7d235bb4*B22D1BF0F49AC649997150ED375181592C599234B0CECEE608F725EDA66E202C",
        "name": "3227d5a7-d829-4fdb-aa7a-212c7d235bb4*B22D1BF0F49AC649997150ED375181592C599234B0CECEE608F725EDA66E202C",
        "resourceId": "/subscriptions/00000000-0000-0000-0000-000000000000/resourceGroups/servicelinker-test-linux-group/providers/Microsoft.Web/sites/servicelinker-config-app/providers/Microsoft.ServiceLinker/linkers/testconn",
        "status": "Succeeded", "startTime": "2022-12-14T08:36:13.8830812Z", "endTime":
        "2022-12-14T08:36:20.6273437Z", "properties": {"Message": ""}}'
    headers:
      cache-control:
      - no-cache
      content-length:
      - '708'
      content-type:
      - application/json; charset=utf-8
      date:
      - Wed, 14 Dec 2022 08:36:45 GMT
      etag:
      - '"1000244d-0000-0100-0000-63998b040000"'
      expires:
      - '-1'
      pragma:
      - no-cache
      strict-transport-security:
      - max-age=31536000; includeSubDomains
      transfer-encoding:
      - chunked
      vary:
      - Accept-Encoding
      x-content-type-options:
      - nosniff
    status:
      code: 200
      message: OK
- request:
    body: null
    headers:
      Accept:
      - '*/*'
      Accept-Encoding:
      - gzip, deflate
      CommandName:
      - webapp connection create appconfig
      Connection:
      - keep-alive
      ParameterSetName:
      - --connection --source-id --target-id --system-identity --client-type
      User-Agent:
      - AZURECLI/2.43.0 (PIP) azsdk-python-mgmt-servicelinker/1.2.0b1 Python/3.8.8
        (Windows-10-10.0.22621-SP0)
    method: GET
    uri: https://management.azure.com/subscriptions/00000000-0000-0000-0000-000000000000/resourceGroups/servicelinker-test-linux-group/providers/Microsoft.Web/sites/servicelinker-config-app/providers/Microsoft.ServiceLinker/linkers/testconn?api-version=2022-11-01-preview
  response:
    body:
      string: '{"id": "/subscriptions/00000000-0000-0000-0000-000000000000/resourceGroups/servicelinker-test-linux-group/providers/Microsoft.Web/sites/servicelinker-config-app/providers/Microsoft.ServiceLinker/linkers/testconn",
        "name": "testconn", "type": "microsoft.servicelinker/linkers", "systemData":
        {"createdBy": "xiaofanzhou@microsoft.com", "createdByType": "User", "createdAt":
        "2022-12-14T08:12:44.6244623Z", "lastModifiedBy": "xiaofanzhou@microsoft.com",
        "lastModifiedByType": "User", "lastModifiedAt": "2022-12-14T08:36:12.6287163Z"},
        "properties": {"publicNetworkSolution": null, "configurationInfo": null, "provisioningState":
        "Succeeded", "targetService": {"id": "/subscriptions/00000000-0000-0000-0000-000000000000/resourceGroups/servicelinker-test-linux-group/providers/Microsoft.AppConfiguration/configurationStores/servicelinker-app-configuration",
        "resourceProperties": null, "type": "AzureResource"}, "authInfo": {"roles":
        null, "userName": null, "authType": "systemAssignedIdentity", "deleteOrUpdateBehavior":
        "Default"}, "clientType": "python", "scope": null, "vNetSolution": null, "secretStore":
        {"keyVaultId": null, "keyVaultSecretName": null}}}'
    headers:
      cache-control:
      - no-cache
      content-length:
      - '1155'
      content-type:
      - application/json; charset=utf-8
      date:
      - Wed, 14 Dec 2022 08:36:45 GMT
      etag:
      - '"3400d7ea-0000-0100-0000-63998b040000"'
      expires:
      - '-1'
      mise-correlation-id:
      - 132763f4-7e16-44dc-ab7b-d79bff78b191
      pragma:
      - no-cache
      strict-transport-security:
      - max-age=31536000; includeSubDomains
      transfer-encoding:
      - chunked
      vary:
      - Accept-Encoding
      x-content-type-options:
      - nosniff
      x-ms-providerhub-traffic:
      - 'True'
    status:
      code: 200
      message: OK
- request:
    body: null
    headers:
      Accept:
      - application/json
      Accept-Encoding:
      - gzip, deflate
      CommandName:
      - webapp connection list
      Connection:
      - keep-alive
      ParameterSetName:
      - --source-id
      User-Agent:
      - AZURECLI/2.43.0 (PIP) azsdk-python-mgmt-servicelinker/1.2.0b1 Python/3.8.8
        (Windows-10-10.0.22621-SP0)
    method: GET
    uri: https://management.azure.com/subscriptions/00000000-0000-0000-0000-000000000000/resourceGroups/servicelinker-test-linux-group/providers/Microsoft.Web/sites/servicelinker-config-app/providers/Microsoft.ServiceLinker/linkers?api-version=2022-11-01-preview
  response:
    body:
      string: '{"value": [{"id": "/subscriptions/00000000-0000-0000-0000-000000000000/resourceGroups/servicelinker-test-linux-group/providers/Microsoft.Web/sites/servicelinker-config-app/providers/Microsoft.ServiceLinker/linkers/testconn",
        "name": "testconn", "type": "microsoft.servicelinker/linkers", "systemData":
        {"createdBy": "xiaofanzhou@microsoft.com", "createdByType": "User", "createdAt":
        "2022-12-14T08:12:44.6244623Z", "lastModifiedBy": "xiaofanzhou@microsoft.com",
        "lastModifiedByType": "User", "lastModifiedAt": "2022-12-14T08:36:12.6287163Z"},
        "properties": {"publicNetworkSolution": null, "configurationInfo": null, "provisioningState":
        "Succeeded", "targetService": {"id": "/subscriptions/00000000-0000-0000-0000-000000000000/resourceGroups/servicelinker-test-linux-group/providers/Microsoft.AppConfiguration/configurationStores/servicelinker-app-configuration",
        "resourceProperties": null, "type": "AzureResource"}, "authInfo": {"roles":
        null, "userName": null, "authType": "systemAssignedIdentity", "deleteOrUpdateBehavior":
        "Default"}, "clientType": "python", "scope": null, "vNetSolution": null, "secretStore":
        {"keyVaultId": null, "keyVaultSecretName": null}}}]}'
    headers:
      cache-control:
      - no-cache
      content-length:
      - '1168'
      content-type:
      - application/json; charset=utf-8
      date:
      - Wed, 14 Dec 2022 08:36:55 GMT
      expires:
      - '-1'
      mise-correlation-id:
      - e917f893-88f9-441f-950d-50ce6b7bd105
      pragma:
      - no-cache
      strict-transport-security:
      - max-age=31536000; includeSubDomains
      transfer-encoding:
      - chunked
      vary:
      - Accept-Encoding
      x-content-type-options:
      - nosniff
      x-ms-providerhub-traffic:
      - 'True'
    status:
      code: 200
      message: OK
- request:
    body: null
    headers:
      Accept:
      - application/json
      Accept-Encoding:
      - gzip, deflate
      CommandName:
      - webapp connection update appconfig
      Connection:
      - keep-alive
      ParameterSetName:
      - --id --client-type
      User-Agent:
      - AZURECLI/2.43.0 (PIP) azsdk-python-mgmt-servicelinker/1.2.0b1 Python/3.8.8
        (Windows-10-10.0.22621-SP0)
    method: GET
    uri: https://management.azure.com/subscriptions/00000000-0000-0000-0000-000000000000/resourceGroups/servicelinker-test-linux-group/providers/Microsoft.Web/sites/servicelinker-config-app/providers/Microsoft.ServiceLinker/linkers/testconn?api-version=2022-11-01-preview
  response:
    body:
      string: '{"id": "/subscriptions/00000000-0000-0000-0000-000000000000/resourceGroups/servicelinker-test-linux-group/providers/Microsoft.Web/sites/servicelinker-config-app/providers/Microsoft.ServiceLinker/linkers/testconn",
        "name": "testconn", "type": "microsoft.servicelinker/linkers", "systemData":
        {"createdBy": "xiaofanzhou@microsoft.com", "createdByType": "User", "createdAt":
        "2022-12-14T08:12:44.6244623Z", "lastModifiedBy": "xiaofanzhou@microsoft.com",
        "lastModifiedByType": "User", "lastModifiedAt": "2022-12-14T08:36:12.6287163Z"},
        "properties": {"publicNetworkSolution": null, "configurationInfo": null, "provisioningState":
        "Succeeded", "targetService": {"id": "/subscriptions/00000000-0000-0000-0000-000000000000/resourceGroups/servicelinker-test-linux-group/providers/Microsoft.AppConfiguration/configurationStores/servicelinker-app-configuration",
        "resourceProperties": null, "type": "AzureResource"}, "authInfo": {"roles":
        null, "userName": null, "authType": "systemAssignedIdentity", "deleteOrUpdateBehavior":
        "Default"}, "clientType": "python", "scope": null, "vNetSolution": null, "secretStore":
        {"keyVaultId": null, "keyVaultSecretName": null}}}'
    headers:
      cache-control:
      - no-cache
      content-length:
      - '1155'
      content-type:
      - application/json; charset=utf-8
      date:
      - Wed, 14 Dec 2022 08:36:57 GMT
      etag:
      - '"3400d7ea-0000-0100-0000-63998b040000"'
      expires:
      - '-1'
      mise-correlation-id:
      - 6f8fb843-fef4-4761-8ec5-578e91bfbe2b
      pragma:
      - no-cache
      strict-transport-security:
      - max-age=31536000; includeSubDomains
      transfer-encoding:
      - chunked
      vary:
      - Accept-Encoding
      x-content-type-options:
      - nosniff
      x-ms-providerhub-traffic:
      - 'True'
    status:
      code: 200
      message: OK
- request:
    body: '{"properties": {"targetService": {"type": "AzureResource", "id": "/subscriptions/00000000-0000-0000-0000-000000000000/resourceGroups/servicelinker-test-linux-group/providers/Microsoft.AppConfiguration/configurationStores/servicelinker-app-configuration"},
      "authInfo": {"authType": "systemAssignedIdentity"}, "clientType": "dotnet",
      "secretStore": {}}}'
    headers:
      Accept:
      - application/json
      Accept-Encoding:
      - gzip, deflate
      CommandName:
      - webapp connection update appconfig
      Connection:
      - keep-alive
      Content-Length:
      - '351'
      Content-Type:
      - application/json
      ParameterSetName:
      - --id --client-type
      User-Agent:
      - AZURECLI/2.43.0 (PIP) azsdk-python-mgmt-servicelinker/1.2.0b1 Python/3.8.8
        (Windows-10-10.0.22621-SP0)
    method: PUT
    uri: https://management.azure.com/subscriptions/00000000-0000-0000-0000-000000000000/resourceGroups/servicelinker-test-linux-group/providers/Microsoft.Web/sites/servicelinker-config-app/providers/Microsoft.ServiceLinker/linkers/testconn?api-version=2022-11-01-preview
  response:
    body:
      string: '{"id": "/subscriptions/00000000-0000-0000-0000-000000000000/resourceGroups/servicelinker-test-linux-group/providers/Microsoft.Web/sites/servicelinker-config-app/providers/Microsoft.ServiceLinker/linkers/testconn",
        "name": "testconn", "type": "microsoft.servicelinker/linkers", "systemData":
        {"createdBy": "xiaofanzhou@microsoft.com", "createdByType": "User", "createdAt":
        "2022-12-14T08:12:44.6244623Z", "lastModifiedBy": "xiaofanzhou@microsoft.com",
        "lastModifiedByType": "User", "lastModifiedAt": "2022-12-14T08:36:58.9790262Z"},
        "properties": {"provisioningState": "Accepted", "targetService": {"id": "/subscriptions/00000000-0000-0000-0000-000000000000/resourceGroups/servicelinker-test-linux-group/providers/Microsoft.AppConfiguration/configurationStores/servicelinker-app-configuration",
        "resourceProperties": null, "type": "AzureResource"}, "authInfo": {"roles":
        null, "userName": null, "authType": "systemAssignedIdentity", "deleteOrUpdateBehavior":
        "Default"}, "vNetSolution": null, "clientType": "dotnet", "secretStore": {"keyVaultId":
        null, "keyVaultSecretName": null}, "scope": null, "publicNetworkSolution":
        null, "configurationInfo": null}}'
    headers:
      azure-asyncoperation:
      - https://management.azure.com/subscriptions/00000000-0000-0000-0000-000000000000/providers/Microsoft.ServiceLinker/locations/EASTUS/operationStatuses/285f4b9e-d2b7-4a58-8bc8-e28e8e109995*B22D1BF0F49AC649997150ED375181592C599234B0CECEE608F725EDA66E202C?api-version=2021-01-01-privatepreview
      cache-control:
      - no-cache
      content-length:
      - '1154'
      content-type:
      - application/json; charset=utf-8
      date:
      - Wed, 14 Dec 2022 08:36:59 GMT
      etag:
      - '"340088ed-0000-0100-0000-63998b2b0000"'
      expires:
      - '-1'
      mise-correlation-id:
      - 80652c46-f2fc-41d5-9852-757174de2dfd
      pragma:
      - no-cache
      strict-transport-security:
      - max-age=31536000; includeSubDomains
      x-content-type-options:
      - nosniff
      x-ms-providerhub-traffic:
      - 'True'
      x-ms-ratelimit-remaining-subscription-writes:
      - '1199'
    status:
      code: 201
      message: Created
- request:
    body: null
    headers:
      Accept:
      - '*/*'
      Accept-Encoding:
      - gzip, deflate
      CommandName:
      - webapp connection update appconfig
      Connection:
      - keep-alive
      ParameterSetName:
      - --id --client-type
      User-Agent:
      - AZURECLI/2.43.0 (PIP) azsdk-python-mgmt-servicelinker/1.2.0b1 Python/3.8.8
        (Windows-10-10.0.22621-SP0)
    method: GET
    uri: https://management.azure.com/subscriptions/00000000-0000-0000-0000-000000000000/providers/Microsoft.ServiceLinker/locations/EASTUS/operationStatuses/285f4b9e-d2b7-4a58-8bc8-e28e8e109995*B22D1BF0F49AC649997150ED375181592C599234B0CECEE608F725EDA66E202C?api-version=2021-01-01-privatepreview
  response:
    body:
      string: '{"id": "/subscriptions/00000000-0000-0000-0000-000000000000/providers/Microsoft.ServiceLinker/locations/EASTUS/operationStatuses/285f4b9e-d2b7-4a58-8bc8-e28e8e109995*B22D1BF0F49AC649997150ED375181592C599234B0CECEE608F725EDA66E202C",
        "name": "285f4b9e-d2b7-4a58-8bc8-e28e8e109995*B22D1BF0F49AC649997150ED375181592C599234B0CECEE608F725EDA66E202C",
        "resourceId": "/subscriptions/00000000-0000-0000-0000-000000000000/resourceGroups/servicelinker-test-linux-group/providers/Microsoft.Web/sites/servicelinker-config-app/providers/Microsoft.ServiceLinker/linkers/testconn",
        "status": "Succeeded", "startTime": "2022-12-14T08:36:59.4095372Z", "endTime":
        "2022-12-14T08:37:05.4060327Z", "properties": {"Message": ""}}'
    headers:
      cache-control:
      - no-cache
      content-length:
      - '708'
      content-type:
      - application/json; charset=utf-8
      date:
      - Wed, 14 Dec 2022 08:37:30 GMT
      etag:
      - '"1000104e-0000-0100-0000-63998b310000"'
      expires:
      - '-1'
      pragma:
      - no-cache
      strict-transport-security:
      - max-age=31536000; includeSubDomains
      transfer-encoding:
      - chunked
      vary:
      - Accept-Encoding
      x-content-type-options:
      - nosniff
    status:
      code: 200
      message: OK
- request:
    body: null
    headers:
      Accept:
      - '*/*'
      Accept-Encoding:
      - gzip, deflate
      CommandName:
      - webapp connection update appconfig
      Connection:
      - keep-alive
      ParameterSetName:
      - --id --client-type
      User-Agent:
      - AZURECLI/2.43.0 (PIP) azsdk-python-mgmt-servicelinker/1.2.0b1 Python/3.8.8
        (Windows-10-10.0.22621-SP0)
    method: GET
    uri: https://management.azure.com/subscriptions/00000000-0000-0000-0000-000000000000/resourceGroups/servicelinker-test-linux-group/providers/Microsoft.Web/sites/servicelinker-config-app/providers/Microsoft.ServiceLinker/linkers/testconn?api-version=2022-11-01-preview
  response:
    body:
      string: '{"id": "/subscriptions/00000000-0000-0000-0000-000000000000/resourceGroups/servicelinker-test-linux-group/providers/Microsoft.Web/sites/servicelinker-config-app/providers/Microsoft.ServiceLinker/linkers/testconn",
        "name": "testconn", "type": "microsoft.servicelinker/linkers", "systemData":
        {"createdBy": "xiaofanzhou@microsoft.com", "createdByType": "User", "createdAt":
        "2022-12-14T08:12:44.6244623Z", "lastModifiedBy": "xiaofanzhou@microsoft.com",
        "lastModifiedByType": "User", "lastModifiedAt": "2022-12-14T08:36:58.9790262Z"},
        "properties": {"publicNetworkSolution": null, "configurationInfo": null, "provisioningState":
        "Succeeded", "targetService": {"id": "/subscriptions/00000000-0000-0000-0000-000000000000/resourceGroups/servicelinker-test-linux-group/providers/Microsoft.AppConfiguration/configurationStores/servicelinker-app-configuration",
        "resourceProperties": null, "type": "AzureResource"}, "authInfo": {"roles":
        null, "userName": null, "authType": "systemAssignedIdentity", "deleteOrUpdateBehavior":
        "Default"}, "clientType": "dotnet", "scope": null, "vNetSolution": null, "secretStore":
        {"keyVaultId": null, "keyVaultSecretName": null}}}'
    headers:
      cache-control:
      - no-cache
      content-length:
      - '1155'
      content-type:
      - application/json; charset=utf-8
      date:
      - Wed, 14 Dec 2022 08:37:30 GMT
      etag:
      - '"3400fded-0000-0100-0000-63998b310000"'
      expires:
      - '-1'
      mise-correlation-id:
      - 908edc1d-72f4-4863-b3b6-6644049706c2
      pragma:
      - no-cache
      strict-transport-security:
      - max-age=31536000; includeSubDomains
      transfer-encoding:
      - chunked
      vary:
      - Accept-Encoding
      x-content-type-options:
      - nosniff
      x-ms-providerhub-traffic:
      - 'True'
    status:
      code: 200
      message: OK
- request:
    body: null
    headers:
      Accept:
      - application/json
      Accept-Encoding:
      - gzip, deflate
      CommandName:
      - webapp connection list-configuration
      Connection:
      - keep-alive
      Content-Length:
      - '0'
      ParameterSetName:
      - --id
      User-Agent:
      - AZURECLI/2.43.0 (PIP) azsdk-python-mgmt-servicelinker/1.2.0b1 Python/3.8.8
        (Windows-10-10.0.22621-SP0)
    method: POST
    uri: https://management.azure.com/subscriptions/00000000-0000-0000-0000-000000000000/resourceGroups/servicelinker-test-linux-group/providers/Microsoft.Web/sites/servicelinker-config-app/providers/Microsoft.ServiceLinker/linkers/testconn/listConfigurations?api-version=2022-11-01-preview
  response:
    body:
      string: '{"configurations": [{"name": "AZURE_APPCONFIGURATION_ENDPOINT", "value":
        "https://servicelinker-app-configuration.azconfig.io"}]}'
    headers:
      cache-control:
      - no-cache
      content-length:
      - '129'
      content-type:
      - application/json; charset=utf-8
      date:
      - Wed, 14 Dec 2022 08:37:36 GMT
      expires:
      - '-1'
      mise-correlation-id:
      - df60fe1f-9612-4b0b-9967-1e87da321608
      pragma:
      - no-cache
      strict-transport-security:
      - max-age=31536000; includeSubDomains
      transfer-encoding:
      - chunked
      vary:
      - Accept-Encoding
      x-content-type-options:
      - nosniff
      x-ms-providerhub-traffic:
      - 'True'
      x-ms-ratelimit-remaining-subscription-writes:
      - '1199'
    status:
      code: 200
      message: OK
- request:
    body: null
    headers:
      Accept:
      - application/json
      Accept-Encoding:
      - gzip, deflate
      CommandName:
      - webapp connection validate
      Connection:
      - keep-alive
      ParameterSetName:
      - --id
      User-Agent:
      - AZURECLI/2.43.0 (PIP) azsdk-python-mgmt-servicelinker/1.2.0b1 Python/3.8.8
        (Windows-10-10.0.22621-SP0)
    method: GET
    uri: https://management.azure.com/subscriptions/00000000-0000-0000-0000-000000000000/resourceGroups/servicelinker-test-linux-group/providers/Microsoft.Web/sites/servicelinker-config-app/providers/Microsoft.ServiceLinker/linkers/testconn?api-version=2022-11-01-preview
  response:
    body:
      string: '{"id": "/subscriptions/00000000-0000-0000-0000-000000000000/resourceGroups/servicelinker-test-linux-group/providers/Microsoft.Web/sites/servicelinker-config-app/providers/Microsoft.ServiceLinker/linkers/testconn",
        "name": "testconn", "type": "microsoft.servicelinker/linkers", "systemData":
        {"createdBy": "xiaofanzhou@microsoft.com", "createdByType": "User", "createdAt":
        "2022-12-14T08:12:44.6244623Z", "lastModifiedBy": "xiaofanzhou@microsoft.com",
        "lastModifiedByType": "User", "lastModifiedAt": "2022-12-14T08:36:58.9790262Z"},
        "properties": {"publicNetworkSolution": null, "configurationInfo": null, "provisioningState":
        "Succeeded", "targetService": {"id": "/subscriptions/00000000-0000-0000-0000-000000000000/resourceGroups/servicelinker-test-linux-group/providers/Microsoft.AppConfiguration/configurationStores/servicelinker-app-configuration",
        "resourceProperties": null, "type": "AzureResource"}, "authInfo": {"roles":
        null, "userName": null, "authType": "systemAssignedIdentity", "deleteOrUpdateBehavior":
        "Default"}, "clientType": "dotnet", "scope": null, "vNetSolution": null, "secretStore":
        {"keyVaultId": null, "keyVaultSecretName": null}}}'
    headers:
      cache-control:
      - no-cache
      content-length:
      - '1155'
      content-type:
      - application/json; charset=utf-8
      date:
      - Wed, 14 Dec 2022 08:37:38 GMT
      etag:
      - '"3400fded-0000-0100-0000-63998b310000"'
      expires:
      - '-1'
      mise-correlation-id:
      - 83ee436c-6142-4b90-8065-6e41546c3ea3
      pragma:
      - no-cache
      strict-transport-security:
      - max-age=31536000; includeSubDomains
      transfer-encoding:
      - chunked
      vary:
      - Accept-Encoding
      x-content-type-options:
      - nosniff
      x-ms-providerhub-traffic:
      - 'True'
    status:
      code: 200
      message: OK
- request:
    body: null
    headers:
      Accept:
      - application/json
      Accept-Encoding:
      - gzip, deflate
      CommandName:
      - webapp connection validate
      Connection:
      - keep-alive
      Content-Length:
      - '0'
      ParameterSetName:
      - --id
      User-Agent:
      - AZURECLI/2.43.0 (PIP) azsdk-python-mgmt-servicelinker/1.2.0b1 Python/3.8.8
        (Windows-10-10.0.22621-SP0)
    method: POST
    uri: https://management.azure.com/subscriptions/00000000-0000-0000-0000-000000000000/resourceGroups/servicelinker-test-linux-group/providers/Microsoft.Web/sites/servicelinker-config-app/providers/Microsoft.ServiceLinker/linkers/testconn/validateLinker?api-version=2022-11-01-preview
  response:
    body:
      string: 'null'
    headers:
      azure-asyncoperation:
      - https://management.azure.com/subscriptions/00000000-0000-0000-0000-000000000000/providers/Microsoft.ServiceLinker/locations/EASTUS/operationStatuses/c3f85a61-5e2a-4fd0-bcc7-f78fff2a0b20*B22D1BF0F49AC649997150ED375181592C599234B0CECEE608F725EDA66E202C?api-version=2021-01-01-privatepreview
      cache-control:
      - no-cache
      content-length:
      - '4'
      content-type:
      - application/json; charset=utf-8
      date:
      - Wed, 14 Dec 2022 08:37:38 GMT
      expires:
      - '-1'
      location:
      - https://management.azure.com/subscriptions/00000000-0000-0000-0000-000000000000/providers/Microsoft.ServiceLinker/locations/EASTUS/operationStatuses/c3f85a61-5e2a-4fd0-bcc7-f78fff2a0b20*B22D1BF0F49AC649997150ED375181592C599234B0CECEE608F725EDA66E202C?api-version=2021-01-01-privatepreview
      mise-correlation-id:
      - 164b0c93-84da-48d1-a664-f8641c47e20e
      pragma:
      - no-cache
      strict-transport-security:
      - max-age=31536000; includeSubDomains
      x-content-type-options:
      - nosniff
      x-ms-providerhub-traffic:
      - 'True'
      x-ms-ratelimit-remaining-subscription-writes:
      - '1199'
    status:
      code: 202
      message: Accepted
- request:
    body: null
    headers:
      Accept:
      - '*/*'
      Accept-Encoding:
      - gzip, deflate
      CommandName:
      - webapp connection validate
      Connection:
      - keep-alive
      ParameterSetName:
      - --id
      User-Agent:
      - AZURECLI/2.43.0 (PIP) azsdk-python-mgmt-servicelinker/1.2.0b1 Python/3.8.8
        (Windows-10-10.0.22621-SP0)
    method: GET
    uri: https://management.azure.com/subscriptions/00000000-0000-0000-0000-000000000000/providers/Microsoft.ServiceLinker/locations/EASTUS/operationStatuses/c3f85a61-5e2a-4fd0-bcc7-f78fff2a0b20*B22D1BF0F49AC649997150ED375181592C599234B0CECEE608F725EDA66E202C?api-version=2021-01-01-privatepreview
  response:
    body:
      string: '{"id": "/subscriptions/00000000-0000-0000-0000-000000000000/providers/Microsoft.ServiceLinker/locations/EASTUS/operationStatuses/c3f85a61-5e2a-4fd0-bcc7-f78fff2a0b20*B22D1BF0F49AC649997150ED375181592C599234B0CECEE608F725EDA66E202C",
        "name": "c3f85a61-5e2a-4fd0-bcc7-f78fff2a0b20*B22D1BF0F49AC649997150ED375181592C599234B0CECEE608F725EDA66E202C",
        "resourceId": "/subscriptions/00000000-0000-0000-0000-000000000000/resourceGroups/servicelinker-test-linux-group/providers/Microsoft.Web/sites/servicelinker-config-app/providers/Microsoft.ServiceLinker/linkers/testconn",
        "status": "Succeeded", "startTime": "2022-12-14T08:37:39.4593321Z", "endTime":
        "2022-12-14T08:37:43.6525342Z", "properties": {"Message": "{\"ConnectionName\":\"testconn\",\"IsConnectionAvailable\":true,\"ValidationDetail\":[{\"Name\":\"The
        target existence is validated\",\"Description\":null,\"Result\":0},{\"Name\":\"The
        target''s network access is validated\",\"Description\":null,\"Result\":0},{\"Name\":\"The
        configured values is validated\",\"Description\":null,\"Result\":0},{\"Name\":\"The
        identity existence is validated\",\"Description\":null,\"Result\":0},{\"Name\":\"The
        identity permission is validated\",\"Description\":null,\"Result\":0}],\"ReportStartTimeUtc\":\"2022-12-14T08:37:40.7224801Z\",\"ReportEndTimeUtc\":\"2022-12-14T08:37:42.4942714Z\",\"SourceId\":null,\"TargetId\":null,\"AuthType\":0}",
        "linkerName": "testconn", "isConnectionAvailable": true, "validationDetail":
        [{"name": "The target existence is validated", "description": null, "result":
        "success"}, {"name": "The target''s network access is validated", "description":
        null, "result": "success"}, {"name": "The configured values is validated",
        "description": null, "result": "success"}, {"name": "The identity existence
        is validated", "description": null, "result": "success"}, {"name": "The identity
        permission is validated", "description": null, "result": "success"}], "reportStartTimeUtc":
        "2022-12-14T08:37:40.7224801Z", "reportEndTimeUtc": "2022-12-14T08:37:42.4942714Z",
        "sourceId": null, "targetId": null, "authType": "systemAssignedIdentity"}}'
    headers:
      cache-control:
      - no-cache
      content-length:
      - '2101'
      content-type:
      - application/json; charset=utf-8
      date:
      - Wed, 14 Dec 2022 08:38:10 GMT
      etag:
      - '"1000f94e-0000-0100-0000-63998b570000"'
      expires:
      - '-1'
      pragma:
      - no-cache
      strict-transport-security:
      - max-age=31536000; includeSubDomains
      transfer-encoding:
      - chunked
      vary:
      - Accept-Encoding
      x-content-type-options:
      - nosniff
    status:
      code: 200
      message: OK
- request:
    body: null
    headers:
      Accept:
      - '*/*'
      Accept-Encoding:
      - gzip, deflate
      CommandName:
      - webapp connection validate
      Connection:
      - keep-alive
      ParameterSetName:
      - --id
      User-Agent:
      - AZURECLI/2.43.0 (PIP) azsdk-python-mgmt-servicelinker/1.2.0b1 Python/3.8.8
        (Windows-10-10.0.22621-SP0)
    method: GET
    uri: https://management.azure.com/subscriptions/00000000-0000-0000-0000-000000000000/providers/Microsoft.ServiceLinker/locations/EASTUS/operationStatuses/c3f85a61-5e2a-4fd0-bcc7-f78fff2a0b20*B22D1BF0F49AC649997150ED375181592C599234B0CECEE608F725EDA66E202C?api-version=2021-01-01-privatepreview
  response:
    body:
      string: '{"id": "/subscriptions/00000000-0000-0000-0000-000000000000/providers/Microsoft.ServiceLinker/locations/EASTUS/operationStatuses/c3f85a61-5e2a-4fd0-bcc7-f78fff2a0b20*B22D1BF0F49AC649997150ED375181592C599234B0CECEE608F725EDA66E202C",
        "name": "c3f85a61-5e2a-4fd0-bcc7-f78fff2a0b20*B22D1BF0F49AC649997150ED375181592C599234B0CECEE608F725EDA66E202C",
        "resourceId": "/subscriptions/00000000-0000-0000-0000-000000000000/resourceGroups/servicelinker-test-linux-group/providers/Microsoft.Web/sites/servicelinker-config-app/providers/Microsoft.ServiceLinker/linkers/testconn",
        "status": "Succeeded", "startTime": "2022-12-14T08:37:39.4593321Z", "endTime":
        "2022-12-14T08:37:43.6525342Z", "properties": {"Message": "{\"ConnectionName\":\"testconn\",\"IsConnectionAvailable\":true,\"ValidationDetail\":[{\"Name\":\"The
        target existence is validated\",\"Description\":null,\"Result\":0},{\"Name\":\"The
        target''s network access is validated\",\"Description\":null,\"Result\":0},{\"Name\":\"The
        configured values is validated\",\"Description\":null,\"Result\":0},{\"Name\":\"The
        identity existence is validated\",\"Description\":null,\"Result\":0},{\"Name\":\"The
        identity permission is validated\",\"Description\":null,\"Result\":0}],\"ReportStartTimeUtc\":\"2022-12-14T08:37:40.7224801Z\",\"ReportEndTimeUtc\":\"2022-12-14T08:37:42.4942714Z\",\"SourceId\":null,\"TargetId\":null,\"AuthType\":0}",
        "linkerName": "testconn", "isConnectionAvailable": true, "validationDetail":
        [{"name": "The target existence is validated", "description": null, "result":
        "success"}, {"name": "The target''s network access is validated", "description":
        null, "result": "success"}, {"name": "The configured values is validated",
        "description": null, "result": "success"}, {"name": "The identity existence
        is validated", "description": null, "result": "success"}, {"name": "The identity
        permission is validated", "description": null, "result": "success"}], "reportStartTimeUtc":
        "2022-12-14T08:37:40.7224801Z", "reportEndTimeUtc": "2022-12-14T08:37:42.4942714Z",
        "sourceId": null, "targetId": null, "authType": "systemAssignedIdentity"}}'
    headers:
      cache-control:
      - no-cache
      content-length:
      - '2101'
      content-type:
      - application/json; charset=utf-8
      date:
      - Wed, 14 Dec 2022 08:38:10 GMT
      etag:
      - '"1000f94e-0000-0100-0000-63998b570000"'
      expires:
      - '-1'
      pragma:
      - no-cache
      strict-transport-security:
      - max-age=31536000; includeSubDomains
      transfer-encoding:
      - chunked
      vary:
      - Accept-Encoding
      x-content-type-options:
      - nosniff
    status:
      code: 200
      message: OK
- request:
    body: null
    headers:
      Accept:
      - application/json
      Accept-Encoding:
      - gzip, deflate
      CommandName:
      - webapp connection show
      Connection:
      - keep-alive
      ParameterSetName:
      - --id
      User-Agent:
      - AZURECLI/2.43.0 (PIP) azsdk-python-mgmt-servicelinker/1.2.0b1 Python/3.8.8
        (Windows-10-10.0.22621-SP0)
    method: GET
    uri: https://management.azure.com/subscriptions/00000000-0000-0000-0000-000000000000/resourceGroups/servicelinker-test-linux-group/providers/Microsoft.Web/sites/servicelinker-config-app/providers/Microsoft.ServiceLinker/linkers/testconn?api-version=2022-11-01-preview
  response:
    body:
      string: '{"id": "/subscriptions/00000000-0000-0000-0000-000000000000/resourceGroups/servicelinker-test-linux-group/providers/Microsoft.Web/sites/servicelinker-config-app/providers/Microsoft.ServiceLinker/linkers/testconn",
        "name": "testconn", "type": "microsoft.servicelinker/linkers", "systemData":
        {"createdBy": "xiaofanzhou@microsoft.com", "createdByType": "User", "createdAt":
        "2022-12-14T08:12:44.6244623Z", "lastModifiedBy": "xiaofanzhou@microsoft.com",
        "lastModifiedByType": "User", "lastModifiedAt": "2022-12-14T08:36:58.9790262Z"},
        "properties": {"publicNetworkSolution": null, "configurationInfo": null, "provisioningState":
        "Succeeded", "targetService": {"id": "/subscriptions/00000000-0000-0000-0000-000000000000/resourceGroups/servicelinker-test-linux-group/providers/Microsoft.AppConfiguration/configurationStores/servicelinker-app-configuration",
        "resourceProperties": null, "type": "AzureResource"}, "authInfo": {"roles":
        null, "userName": null, "authType": "systemAssignedIdentity", "deleteOrUpdateBehavior":
        "Default"}, "clientType": "dotnet", "scope": null, "vNetSolution": null, "secretStore":
        {"keyVaultId": null, "keyVaultSecretName": null}}}'
    headers:
      cache-control:
      - no-cache
      content-length:
      - '1155'
      content-type:
      - application/json; charset=utf-8
      date:
      - Wed, 14 Dec 2022 08:38:12 GMT
      etag:
      - '"3400fded-0000-0100-0000-63998b310000"'
      expires:
      - '-1'
      mise-correlation-id:
      - 489df767-7e1b-4c1d-9026-ec5d2c8fe1ac
      pragma:
      - no-cache
      strict-transport-security:
      - max-age=31536000; includeSubDomains
      transfer-encoding:
      - chunked
      vary:
      - Accept-Encoding
      x-content-type-options:
      - nosniff
      x-ms-providerhub-traffic:
      - 'True'
    status:
      code: 200
      message: OK
- request:
    body: null
    headers:
      Accept:
      - application/json
      Accept-Encoding:
      - gzip, deflate
      CommandName:
      - webapp connection delete
      Connection:
      - keep-alive
      Content-Length:
      - '0'
      ParameterSetName:
      - --id --yes
      User-Agent:
      - AZURECLI/2.43.0 (PIP) azsdk-python-mgmt-servicelinker/1.2.0b1 Python/3.8.8
        (Windows-10-10.0.22621-SP0)
    method: DELETE
    uri: https://management.azure.com/subscriptions/00000000-0000-0000-0000-000000000000/resourceGroups/servicelinker-test-linux-group/providers/Microsoft.Web/sites/servicelinker-config-app/providers/Microsoft.ServiceLinker/linkers/testconn?api-version=2022-11-01-preview
  response:
    body:
      string: 'null'
    headers:
      azure-asyncoperation:
      - https://management.azure.com/subscriptions/00000000-0000-0000-0000-000000000000/providers/Microsoft.ServiceLinker/locations/EASTUS/operationStatuses/93b18af1-b1ed-4ded-ad7b-aed59c15aec0*B22D1BF0F49AC649997150ED375181592C599234B0CECEE608F725EDA66E202C?api-version=2021-01-01-privatepreview
      cache-control:
      - no-cache
      content-length:
      - '4'
      content-type:
      - application/json; charset=utf-8
      date:
      - Wed, 14 Dec 2022 08:38:22 GMT
      etag:
      - '"34009cf3-0000-0100-0000-63998b7e0000"'
      expires:
      - '-1'
      location:
      - https://management.azure.com/subscriptions/00000000-0000-0000-0000-000000000000/providers/Microsoft.ServiceLinker/locations/EASTUS/operationStatuses/93b18af1-b1ed-4ded-ad7b-aed59c15aec0*B22D1BF0F49AC649997150ED375181592C599234B0CECEE608F725EDA66E202C?api-version=2021-01-01-privatepreview
      mise-correlation-id:
      - 8db9bfa4-f0f8-4533-906a-7bf79546fc0e
      pragma:
      - no-cache
      strict-transport-security:
      - max-age=31536000; includeSubDomains
      x-content-type-options:
      - nosniff
      x-ms-providerhub-traffic:
      - 'True'
      x-ms-ratelimit-remaining-subscription-deletes:
      - '14999'
    status:
      code: 202
      message: Accepted
- request:
    body: null
    headers:
      Accept:
      - '*/*'
      Accept-Encoding:
      - gzip, deflate
      CommandName:
      - webapp connection delete
      Connection:
      - keep-alive
      ParameterSetName:
      - --id --yes
      User-Agent:
      - AZURECLI/2.43.0 (PIP) azsdk-python-mgmt-servicelinker/1.2.0b1 Python/3.8.8
        (Windows-10-10.0.22621-SP0)
    method: GET
    uri: https://management.azure.com/subscriptions/00000000-0000-0000-0000-000000000000/providers/Microsoft.ServiceLinker/locations/EASTUS/operationStatuses/93b18af1-b1ed-4ded-ad7b-aed59c15aec0*B22D1BF0F49AC649997150ED375181592C599234B0CECEE608F725EDA66E202C?api-version=2021-01-01-privatepreview
  response:
    body:
      string: '{"id": "/subscriptions/00000000-0000-0000-0000-000000000000/providers/Microsoft.ServiceLinker/locations/EASTUS/operationStatuses/93b18af1-b1ed-4ded-ad7b-aed59c15aec0*B22D1BF0F49AC649997150ED375181592C599234B0CECEE608F725EDA66E202C",
        "name": "93b18af1-b1ed-4ded-ad7b-aed59c15aec0*B22D1BF0F49AC649997150ED375181592C599234B0CECEE608F725EDA66E202C",
        "resourceId": "/subscriptions/00000000-0000-0000-0000-000000000000/resourceGroups/servicelinker-test-linux-group/providers/Microsoft.Web/sites/servicelinker-config-app/providers/Microsoft.ServiceLinker/linkers/testconn",
        "status": "Succeeded", "startTime": "2022-12-14T08:38:22.4238131Z", "endTime":
        "2022-12-14T08:38:27.413431Z", "properties": null}'
    headers:
      cache-control:
      - no-cache
      content-length:
      - '696'
      content-type:
      - application/json; charset=utf-8
      date:
      - Wed, 14 Dec 2022 08:38:52 GMT
      etag:
      - '"10002e50-0000-0100-0000-63998b830000"'
      expires:
      - '-1'
      pragma:
      - no-cache
      strict-transport-security:
      - max-age=31536000; includeSubDomains
      transfer-encoding:
      - chunked
      vary:
      - Accept-Encoding
      x-content-type-options:
      - nosniff
    status:
      code: 200
      message: OK
version: 1
