interactions:
- request:
    body: '{"location": "westus", "tags": {"product": "azurecli", "cause": "automation",
      "date": "2018-05-17T17:52:06Z"}}'
    headers:
      Accept: [application/json]
      Accept-Encoding: ['gzip, deflate']
      CommandName: [group create]
      Connection: [keep-alive]
      Content-Length: ['110']
      Content-Type: [application/json; charset=utf-8]
      User-Agent: [python/3.6.1 (Windows-10-10.0.17134-SP0) requests/2.18.4 msrest/0.4.29
          msrest_azure/0.4.30 resourcemanagementclient/1.2.1 Azure-SDK-For-Python
          AZURECLI/2.0.33]
      accept-language: [en-US]
    method: PUT
    uri: https://management.azure.com/subscriptions/00000000-0000-0000-0000-000000000000/resourcegroups/cli_test_dns000001?api-version=2016-02-01
  response:
    body: {string: '{"id":"/subscriptions/00000000-0000-0000-0000-000000000000/resourceGroups/cli_test_dns000001","name":"cli_test_dns000001","location":"westus","tags":{"product":"azurecli","cause":"automation","date":"2018-05-17T17:52:06Z"},"properties":{"provisioningState":"Succeeded"}}'}
    headers:
      cache-control: [no-cache]
      content-length: ['384']
      content-type: [application/json; charset=utf-8]
      date: ['Thu, 17 May 2018 17:52:09 GMT']
      expires: ['-1']
      pragma: [no-cache]
      strict-transport-security: [max-age=31536000; includeSubDomains]
      x-content-type-options: [nosniff]
      x-ms-ratelimit-remaining-subscription-writes: ['1199']
    status: {code: 201, message: Created}
- request:
    body: null
    headers:
      Accept: [application/json]
      Accept-Encoding: ['gzip, deflate']
      CommandName: [network dns zone list]
      Connection: [keep-alive]
      Content-Type: [application/json; charset=utf-8]
      User-Agent: [python/3.6.1 (Windows-10-10.0.17134-SP0) requests/2.18.4 msrest/0.4.29
          msrest_azure/0.4.30 azure-mgmt-dns/2.0.0rc1 Azure-SDK-For-Python AZURECLI/2.0.33]
      accept-language: [en-US]
    method: GET
    uri: https://management.azure.com/subscriptions/00000000-0000-0000-0000-000000000000/providers/Microsoft.Network/dnszones?api-version=2018-03-01-preview
  response:
    body: {string: '{"value":[{"id":"\/subscriptions\/0b1f6471-1bf0-4dda-aec3-cb9272f09590\/resourceGroups\/cli_dns_zone1_importd4mnoaz7zjnhcwdnkr7tqoub3iwau5fitefh4vls4ojl33kp5td3rbb\/providers\/Microsoft.Network\/dnszones\/zone1.com","name":"zone1.com","type":"Microsoft.Network\/dnszones","etag":"00000002-0000-0000-7a38-ecdf9dedd301","location":"global","tags":{},"properties":{"maxNumberOfRecordSets":5000,"nameServers":["ns1-09.azure-dns.com.","ns2-09.azure-dns.net.","ns3-09.azure-dns.org.","ns4-09.azure-dns.info."],"numberOfRecordSets":2,"zoneType":"Public"}},{"id":"\/subscriptions\/0b1f6471-1bf0-4dda-aec3-cb9272f09590\/resourceGroups\/cli_dns_zone3_importbcodqclh7eid2zm5juxs5nbtsqrrwyrmb6qthfvefhq2v4u2d5cnrpg\/providers\/Microsoft.Network\/dnszones\/zone3.com","name":"zone3.com","type":"Microsoft.Network\/dnszones","etag":"00000002-0000-0000-ad57-55f09dedd301","location":"global","tags":{},"properties":{"maxNumberOfRecordSets":5000,"nameServers":["ns1-09.azure-dns.com.","ns2-09.azure-dns.net.","ns3-09.azure-dns.org.","ns4-09.azure-dns.info."],"numberOfRecordSets":2,"zoneType":"Public"}},{"id":"\/subscriptions\/0b1f6471-1bf0-4dda-aec3-cb9272f09590\/resourceGroups\/cli_dns_zone6_importyj6cnh4gnyl3j5azmr6ze7uwvk3hkyk7utpwttpabnjindf2q2zdm43\/providers\/Microsoft.Network\/dnszones\/zone6.com","name":"zone6.com","type":"Microsoft.Network\/dnszones","etag":"00000002-0000-0000-16ef-82ed9dedd301","location":"global","tags":{},"properties":{"maxNumberOfRecordSets":5000,"nameServers":["ns1-02.azure-dns.com.","ns2-02.azure-dns.net.","ns3-02.azure-dns.org.","ns4-02.azure-dns.info."],"numberOfRecordSets":2,"zoneType":"Public"}}]}'}
    headers:
      cache-control: [private]
      content-length: ['1628']
      content-type: [application/json; charset=utf-8]
      date: ['Thu, 17 May 2018 17:52:14 GMT']
      server: [Microsoft-IIS/8.5]
      strict-transport-security: [max-age=31536000; includeSubDomains]
      transfer-encoding: [chunked]
      vary: [Accept-Encoding]
      x-aspnet-version: [4.0.30319]
      x-content-type-options: [nosniff]
      x-ms-ratelimit-remaining-subscription-resource-requests: ['11999']
      x-powered-by: [ASP.NET]
    status: {code: 200, message: OK}
- request:
    body: '{"location": "global", "properties": {"zoneType": "Public", "registrationVirtualNetworks":
      [], "resolutionVirtualNetworks": []}}'
    headers:
      Accept: [application/json]
      Accept-Encoding: ['gzip, deflate']
      CommandName: [network dns zone create]
      Connection: [keep-alive]
      Content-Length: ['128']
      Content-Type: [application/json; charset=utf-8]
      User-Agent: [python/3.6.1 (Windows-10-10.0.17134-SP0) requests/2.18.4 msrest/0.4.29
          msrest_azure/0.4.30 azure-mgmt-dns/2.0.0rc1 Azure-SDK-For-Python AZURECLI/2.0.33]
      accept-language: [en-US]
    method: PUT
    uri: https://management.azure.com/subscriptions/00000000-0000-0000-0000-000000000000/resourceGroups/cli_test_dns000001/providers/Microsoft.Network/dnsZones/myzone.com?api-version=2018-03-01-preview
  response:
    body: {string: '{"id":"\/subscriptions\/0b1f6471-1bf0-4dda-aec3-cb9272f09590\/resourceGroups\/cli_test_dns000001\/providers\/Microsoft.Network\/dnszones\/myzone.com","name":"myzone.com","type":"Microsoft.Network\/dnszones","etag":"00000002-0000-0000-9e77-decc07eed301","location":"global","tags":{},"properties":{"maxNumberOfRecordSets":5000,"nameServers":["ns1-01.azure-dns.com.","ns2-01.azure-dns.net.","ns3-01.azure-dns.org.","ns4-01.azure-dns.info."],"numberOfRecordSets":2,"zoneType":"Public"}}'}
    headers:
      cache-control: [private]
      content-length: ['540']
      content-type: [application/json; charset=utf-8]
      date: ['Thu, 17 May 2018 17:52:19 GMT']
      etag: [00000002-0000-0000-9e77-decc07eed301]
      server: [Microsoft-IIS/8.5]
      strict-transport-security: [max-age=31536000; includeSubDomains]
      x-aspnet-version: [4.0.30319]
      x-content-type-options: [nosniff]
      x-ms-ratelimit-remaining-subscription-resource-requests: ['11999']
      x-powered-by: [ASP.NET]
    status: {code: 201, message: Created}
- request:
    body: null
    headers:
      Accept: [application/json]
      Accept-Encoding: ['gzip, deflate']
      CommandName: [network dns zone list]
      Connection: [keep-alive]
      Content-Type: [application/json; charset=utf-8]
      User-Agent: [python/3.6.1 (Windows-10-10.0.17134-SP0) requests/2.18.4 msrest/0.4.29
          msrest_azure/0.4.30 azure-mgmt-dns/2.0.0rc1 Azure-SDK-For-Python AZURECLI/2.0.33]
      accept-language: [en-US]
    method: GET
    uri: https://management.azure.com/subscriptions/00000000-0000-0000-0000-000000000000/resourceGroups/cli_test_dns000001/providers/Microsoft.Network/dnsZones?api-version=2018-03-01-preview
  response:
    body: {string: '{"value":[{"id":"\/subscriptions\/0b1f6471-1bf0-4dda-aec3-cb9272f09590\/resourceGroups\/cli_test_dns000001\/providers\/Microsoft.Network\/dnszones\/myzone.com","name":"myzone.com","type":"Microsoft.Network\/dnszones","etag":"00000002-0000-0000-9e77-decc07eed301","location":"global","tags":{},"properties":{"maxNumberOfRecordSets":5000,"nameServers":["ns1-01.azure-dns.com.","ns2-01.azure-dns.net.","ns3-01.azure-dns.org.","ns4-01.azure-dns.info."],"numberOfRecordSets":2,"zoneType":"Public"}}]}'}
    headers:
      cache-control: [private]
      content-length: ['552']
      content-type: [application/json; charset=utf-8]
      date: ['Thu, 17 May 2018 17:52:24 GMT']
      server: [Microsoft-IIS/8.5]
      strict-transport-security: [max-age=31536000; includeSubDomains]
      transfer-encoding: [chunked]
      vary: [Accept-Encoding]
      x-aspnet-version: [4.0.30319]
      x-content-type-options: [nosniff]
      x-ms-ratelimit-remaining-subscription-resource-requests: ['11999']
      x-powered-by: [ASP.NET]
    status: {code: 200, message: OK}
- request:
    body: null
    headers:
      Accept: [application/json]
      Accept-Encoding: ['gzip, deflate']
      CommandName: [network dns zone show]
      Connection: [keep-alive]
      Content-Type: [application/json; charset=utf-8]
      User-Agent: [python/3.6.1 (Windows-10-10.0.17134-SP0) requests/2.18.4 msrest/0.4.29
          msrest_azure/0.4.30 azure-mgmt-dns/2.0.0rc1 Azure-SDK-For-Python AZURECLI/2.0.33]
      accept-language: [en-US]
    method: GET
    uri: https://management.azure.com/subscriptions/00000000-0000-0000-0000-000000000000/resourceGroups/cli_test_dns000001/providers/Microsoft.Network/dnsZones/myzone.com?api-version=2018-03-01-preview
  response:
    body: {string: '{"id":"\/subscriptions\/0b1f6471-1bf0-4dda-aec3-cb9272f09590\/resourceGroups\/cli_test_dns000001\/providers\/Microsoft.Network\/dnszones\/myzone.com","name":"myzone.com","type":"Microsoft.Network\/dnszones","etag":"00000002-0000-0000-9e77-decc07eed301","location":"global","tags":{},"properties":{"maxNumberOfRecordSets":5000,"nameServers":["ns1-01.azure-dns.com.","ns2-01.azure-dns.net.","ns3-01.azure-dns.org.","ns4-01.azure-dns.info."],"numberOfRecordSets":2,"zoneType":"Public"}}'}
    headers:
      cache-control: [private]
      content-length: ['540']
      content-type: [application/json; charset=utf-8]
      date: ['Thu, 17 May 2018 17:52:26 GMT']
      etag: [00000002-0000-0000-9e77-decc07eed301]
      server: [Microsoft-IIS/8.5]
      strict-transport-security: [max-age=31536000; includeSubDomains]
      transfer-encoding: [chunked]
      vary: [Accept-Encoding]
      x-aspnet-version: [4.0.30319]
      x-content-type-options: [nosniff]
      x-ms-ratelimit-remaining-subscription-resource-requests: ['11999']
      x-powered-by: [ASP.NET]
    status: {code: 200, message: OK}
- request:
    body: '{"properties": {"TTL": 3600}}'
    headers:
      Accept: [application/json]
      Accept-Encoding: ['gzip, deflate']
      CommandName: [network dns record-set a create]
      Connection: [keep-alive]
      Content-Length: ['29']
      Content-Type: [application/json; charset=utf-8]
      User-Agent: [python/3.6.1 (Windows-10-10.0.17134-SP0) requests/2.18.4 msrest/0.4.29
          msrest_azure/0.4.30 azure-mgmt-dns/2.0.0rc1 Azure-SDK-For-Python AZURECLI/2.0.33]
      accept-language: [en-US]
    method: PUT
    uri: https://management.azure.com/subscriptions/00000000-0000-0000-0000-000000000000/resourceGroups/cli_test_dns000001/providers/Microsoft.Network/dnsZones/myzone.com/A/myrsa?api-version=2018-03-01-preview
  response:
    body: {string: '{"id":"\/subscriptions\/0b1f6471-1bf0-4dda-aec3-cb9272f09590\/resourceGroups\/cli_test_dns000001\/providers\/Microsoft.Network\/dnszones\/myzone.com\/A\/myrsa","name":"myrsa","type":"Microsoft.Network\/dnszones\/A","etag":"bc99ad0b-af4f-4ce1-a6e0-3d8f2f4bbc11","properties":{"fqdn":"myrsa.myzone.com.","TTL":3600,"ARecords":[]}}'}
    headers:
      cache-control: [private]
      content-length: ['385']
      content-type: [application/json; charset=utf-8]
      date: ['Thu, 17 May 2018 17:52:29 GMT']
      etag: [bc99ad0b-af4f-4ce1-a6e0-3d8f2f4bbc11]
      server: [Microsoft-IIS/8.5]
      strict-transport-security: [max-age=31536000; includeSubDomains]
      x-aspnet-version: [4.0.30319]
      x-content-type-options: [nosniff]
      x-ms-ratelimit-remaining-subscription-resource-requests: ['11999']
      x-powered-by: [ASP.NET]
    status: {code: 201, message: Created}
- request:
    body: null
    headers:
      Accept: [application/json]
      Accept-Encoding: ['gzip, deflate']
      CommandName: [network dns record-set a add-record]
      Connection: [keep-alive]
      Content-Type: [application/json; charset=utf-8]
      User-Agent: [python/3.6.1 (Windows-10-10.0.17134-SP0) requests/2.18.4 msrest/0.4.29
          msrest_azure/0.4.30 azure-mgmt-dns/2.0.0rc1 Azure-SDK-For-Python AZURECLI/2.0.33]
      accept-language: [en-US]
    method: GET
    uri: https://management.azure.com/subscriptions/00000000-0000-0000-0000-000000000000/resourceGroups/cli_test_dns000001/providers/Microsoft.Network/dnsZones/myzone.com/A/myrsa?api-version=2018-03-01-preview
  response:
    body: {string: '{"id":"\/subscriptions\/0b1f6471-1bf0-4dda-aec3-cb9272f09590\/resourceGroups\/cli_test_dns000001\/providers\/Microsoft.Network\/dnszones\/myzone.com\/A\/myrsa","name":"myrsa","type":"Microsoft.Network\/dnszones\/A","etag":"bc99ad0b-af4f-4ce1-a6e0-3d8f2f4bbc11","properties":{"fqdn":"myrsa.myzone.com.","TTL":3600,"ARecords":[]}}'}
    headers:
      cache-control: [private]
      content-length: ['385']
      content-type: [application/json; charset=utf-8]
      date: ['Thu, 17 May 2018 17:52:30 GMT']
      etag: [bc99ad0b-af4f-4ce1-a6e0-3d8f2f4bbc11]
      server: [Microsoft-IIS/8.5]
      strict-transport-security: [max-age=31536000; includeSubDomains]
      transfer-encoding: [chunked]
      vary: [Accept-Encoding]
      x-aspnet-version: [4.0.30319]
      x-content-type-options: [nosniff]
      x-ms-ratelimit-remaining-subscription-resource-requests: ['11999']
      x-powered-by: [ASP.NET]
    status: {code: 200, message: OK}
- request:
    body: '{"etag": "bc99ad0b-af4f-4ce1-a6e0-3d8f2f4bbc11", "properties": {"TTL":
      3600, "ARecords": [{"ipv4Address": "10.0.0.10"}]}}'
    headers:
      Accept: [application/json]
      Accept-Encoding: ['gzip, deflate']
      CommandName: [network dns record-set a add-record]
      Connection: [keep-alive]
      Content-Length: ['121']
      Content-Type: [application/json; charset=utf-8]
      User-Agent: [python/3.6.1 (Windows-10-10.0.17134-SP0) requests/2.18.4 msrest/0.4.29
          msrest_azure/0.4.30 azure-mgmt-dns/2.0.0rc1 Azure-SDK-For-Python AZURECLI/2.0.33]
      accept-language: [en-US]
    method: PUT
    uri: https://management.azure.com/subscriptions/00000000-0000-0000-0000-000000000000/resourceGroups/cli_test_dns000001/providers/Microsoft.Network/dnsZones/myzone.com/A/myrsa?api-version=2018-03-01-preview
  response:
    body: {string: '{"id":"\/subscriptions\/0b1f6471-1bf0-4dda-aec3-cb9272f09590\/resourceGroups\/cli_test_dns000001\/providers\/Microsoft.Network\/dnszones\/myzone.com\/A\/myrsa","name":"myrsa","type":"Microsoft.Network\/dnszones\/A","etag":"399d1868-7769-4e43-a00a-099b14731057","properties":{"fqdn":"myrsa.myzone.com.","TTL":3600,"ARecords":[{"ipv4Address":"10.0.0.10"}]}}'}
    headers:
      cache-control: [private]
      content-length: ['412']
      content-type: [application/json; charset=utf-8]
      date: ['Thu, 17 May 2018 17:52:33 GMT']
      etag: [399d1868-7769-4e43-a00a-099b14731057]
      server: [Microsoft-IIS/8.5]
      strict-transport-security: [max-age=31536000; includeSubDomains]
      transfer-encoding: [chunked]
      vary: [Accept-Encoding]
      x-aspnet-version: [4.0.30319]
      x-content-type-options: [nosniff]
      x-ms-ratelimit-remaining-subscription-resource-requests: ['11999']
      x-powered-by: [ASP.NET]
    status: {code: 200, message: OK}
- request:
    body: null
    headers:
      Accept: [application/json]
      Accept-Encoding: ['gzip, deflate']
      CommandName: [network dns record-set a add-record]
      Connection: [keep-alive]
      Content-Type: [application/json; charset=utf-8]
      User-Agent: [python/3.6.1 (Windows-10-10.0.17134-SP0) requests/2.18.4 msrest/0.4.29
          msrest_azure/0.4.30 azure-mgmt-dns/2.0.0rc1 Azure-SDK-For-Python AZURECLI/2.0.33]
      accept-language: [en-US]
    method: GET
    uri: https://management.azure.com/subscriptions/00000000-0000-0000-0000-000000000000/resourceGroups/cli_test_dns000001/providers/Microsoft.Network/dnsZones/myzone.com/A/myrsaalt?api-version=2018-03-01-preview
  response:
    body: {string: '{"code":"NotFound","message":"The resource record ''myrsaalt''
        does not exist in resource group ''cli_test_dns000001'' of subscription ''0b1f6471-1bf0-4dda-aec3-cb9272f09590''."}'}
    headers:
      cache-control: [private]
      content-length: ['229']
      content-type: [application/json; charset=utf-8]
      date: ['Thu, 17 May 2018 17:52:35 GMT']
      server: [Microsoft-IIS/8.5]
      strict-transport-security: [max-age=31536000; includeSubDomains]
      x-aspnet-version: [4.0.30319]
      x-content-type-options: [nosniff]
      x-ms-ratelimit-remaining-subscription-resource-requests: ['11999']
      x-powered-by: [ASP.NET]
    status: {code: 404, message: Not Found}
- request:
    body: '{"properties": {"TTL": 3600, "ARecords": [{"ipv4Address": "10.0.0.10"}]}}'
    headers:
      Accept: [application/json]
      Accept-Encoding: ['gzip, deflate']
      CommandName: [network dns record-set a add-record]
      Connection: [keep-alive]
      Content-Length: ['73']
      Content-Type: [application/json; charset=utf-8]
      User-Agent: [python/3.6.1 (Windows-10-10.0.17134-SP0) requests/2.18.4 msrest/0.4.29
          msrest_azure/0.4.30 azure-mgmt-dns/2.0.0rc1 Azure-SDK-For-Python AZURECLI/2.0.33]
      accept-language: [en-US]
    method: PUT
    uri: https://management.azure.com/subscriptions/00000000-0000-0000-0000-000000000000/resourceGroups/cli_test_dns000001/providers/Microsoft.Network/dnsZones/myzone.com/A/myrsaalt?api-version=2018-03-01-preview
  response:
    body: {string: '{"id":"\/subscriptions\/0b1f6471-1bf0-4dda-aec3-cb9272f09590\/resourceGroups\/cli_test_dns000001\/providers\/Microsoft.Network\/dnszones\/myzone.com\/A\/myrsaalt","name":"myrsaalt","type":"Microsoft.Network\/dnszones\/A","etag":"afe17ec7-5909-498c-8156-b1da971ec908","properties":{"fqdn":"myrsaalt.myzone.com.","TTL":3600,"ARecords":[{"ipv4Address":"10.0.0.10"}]}}'}
    headers:
      cache-control: [private]
      content-length: ['421']
      content-type: [application/json; charset=utf-8]
      date: ['Thu, 17 May 2018 17:52:38 GMT']
      etag: [afe17ec7-5909-498c-8156-b1da971ec908]
      server: [Microsoft-IIS/8.5]
      strict-transport-security: [max-age=31536000; includeSubDomains]
      x-aspnet-version: [4.0.30319]
      x-content-type-options: [nosniff]
      x-ms-ratelimit-remaining-subscription-resource-requests: ['11999']
      x-powered-by: [ASP.NET]
    status: {code: 201, message: Created}
- request:
    body: '{"properties": {"TTL": 3600}}'
    headers:
      Accept: [application/json]
      Accept-Encoding: ['gzip, deflate']
      CommandName: [network dns record-set aaaa create]
      Connection: [keep-alive]
      Content-Length: ['29']
      Content-Type: [application/json; charset=utf-8]
      User-Agent: [python/3.6.1 (Windows-10-10.0.17134-SP0) requests/2.18.4 msrest/0.4.29
          msrest_azure/0.4.30 azure-mgmt-dns/2.0.0rc1 Azure-SDK-For-Python AZURECLI/2.0.33]
      accept-language: [en-US]
    method: PUT
    uri: https://management.azure.com/subscriptions/00000000-0000-0000-0000-000000000000/resourceGroups/cli_test_dns000001/providers/Microsoft.Network/dnsZones/myzone.com/AAAA/myrsaaaa?api-version=2018-03-01-preview
  response:
    body: {string: '{"id":"\/subscriptions\/0b1f6471-1bf0-4dda-aec3-cb9272f09590\/resourceGroups\/cli_test_dns000001\/providers\/Microsoft.Network\/dnszones\/myzone.com\/AAAA\/myrsaaaa","name":"myrsaaaa","type":"Microsoft.Network\/dnszones\/AAAA","etag":"dfb9c47d-3360-4570-b91e-805781b35714","properties":{"fqdn":"myrsaaaa.myzone.com.","TTL":3600,"AAAARecords":[]}}'}
    headers:
      cache-control: [private]
      content-length: ['403']
      content-type: [application/json; charset=utf-8]
      date: ['Thu, 17 May 2018 17:52:41 GMT']
      etag: [dfb9c47d-3360-4570-b91e-805781b35714]
      server: [Microsoft-IIS/8.5]
      strict-transport-security: [max-age=31536000; includeSubDomains]
      x-aspnet-version: [4.0.30319]
      x-content-type-options: [nosniff]
      x-ms-ratelimit-remaining-subscription-resource-requests: ['11999']
      x-powered-by: [ASP.NET]
    status: {code: 201, message: Created}
- request:
    body: null
    headers:
      Accept: [application/json]
      Accept-Encoding: ['gzip, deflate']
      CommandName: [network dns record-set aaaa add-record]
      Connection: [keep-alive]
      Content-Type: [application/json; charset=utf-8]
      User-Agent: [python/3.6.1 (Windows-10-10.0.17134-SP0) requests/2.18.4 msrest/0.4.29
          msrest_azure/0.4.30 azure-mgmt-dns/2.0.0rc1 Azure-SDK-For-Python AZURECLI/2.0.33]
      accept-language: [en-US]
    method: GET
    uri: https://management.azure.com/subscriptions/00000000-0000-0000-0000-000000000000/resourceGroups/cli_test_dns000001/providers/Microsoft.Network/dnsZones/myzone.com/AAAA/myrsaaaa?api-version=2018-03-01-preview
  response:
    body: {string: '{"id":"\/subscriptions\/0b1f6471-1bf0-4dda-aec3-cb9272f09590\/resourceGroups\/cli_test_dns000001\/providers\/Microsoft.Network\/dnszones\/myzone.com\/AAAA\/myrsaaaa","name":"myrsaaaa","type":"Microsoft.Network\/dnszones\/AAAA","etag":"dfb9c47d-3360-4570-b91e-805781b35714","properties":{"fqdn":"myrsaaaa.myzone.com.","TTL":3600,"AAAARecords":[]}}'}
    headers:
      cache-control: [private]
      content-length: ['403']
      content-type: [application/json; charset=utf-8]
      date: ['Thu, 17 May 2018 17:52:42 GMT']
      etag: [dfb9c47d-3360-4570-b91e-805781b35714]
      server: [Microsoft-IIS/8.5]
      strict-transport-security: [max-age=31536000; includeSubDomains]
      transfer-encoding: [chunked]
      vary: [Accept-Encoding]
      x-aspnet-version: [4.0.30319]
      x-content-type-options: [nosniff]
      x-ms-ratelimit-remaining-subscription-resource-requests: ['11999']
      x-powered-by: [ASP.NET]
    status: {code: 200, message: OK}
- request:
    body: '{"etag": "dfb9c47d-3360-4570-b91e-805781b35714", "properties": {"TTL":
      3600, "AAAARecords": [{"ipv6Address": "2001:db8:0:1:1:1:1:1"}]}}'
    headers:
      Accept: [application/json]
      Accept-Encoding: ['gzip, deflate']
      CommandName: [network dns record-set aaaa add-record]
      Connection: [keep-alive]
      Content-Length: ['135']
      Content-Type: [application/json; charset=utf-8]
      User-Agent: [python/3.6.1 (Windows-10-10.0.17134-SP0) requests/2.18.4 msrest/0.4.29
          msrest_azure/0.4.30 azure-mgmt-dns/2.0.0rc1 Azure-SDK-For-Python AZURECLI/2.0.33]
      accept-language: [en-US]
    method: PUT
    uri: https://management.azure.com/subscriptions/00000000-0000-0000-0000-000000000000/resourceGroups/cli_test_dns000001/providers/Microsoft.Network/dnsZones/myzone.com/AAAA/myrsaaaa?api-version=2018-03-01-preview
  response:
    body: {string: '{"id":"\/subscriptions\/0b1f6471-1bf0-4dda-aec3-cb9272f09590\/resourceGroups\/cli_test_dns000001\/providers\/Microsoft.Network\/dnszones\/myzone.com\/AAAA\/myrsaaaa","name":"myrsaaaa","type":"Microsoft.Network\/dnszones\/AAAA","etag":"daf049a1-b36f-439c-a7bb-1799368b36d1","properties":{"fqdn":"myrsaaaa.myzone.com.","TTL":3600,"AAAARecords":[{"ipv6Address":"2001:db8:0:1:1:1:1:1"}]}}'}
    headers:
      cache-control: [private]
      content-length: ['441']
      content-type: [application/json; charset=utf-8]
      date: ['Thu, 17 May 2018 17:52:44 GMT']
      etag: [daf049a1-b36f-439c-a7bb-1799368b36d1]
      server: [Microsoft-IIS/8.5]
      strict-transport-security: [max-age=31536000; includeSubDomains]
      transfer-encoding: [chunked]
      vary: [Accept-Encoding]
      x-aspnet-version: [4.0.30319]
      x-content-type-options: [nosniff]
      x-ms-ratelimit-remaining-subscription-resource-requests: ['11999']
      x-powered-by: [ASP.NET]
    status: {code: 200, message: OK}
- request:
    body: null
    headers:
      Accept: [application/json]
      Accept-Encoding: ['gzip, deflate']
      CommandName: [network dns record-set aaaa add-record]
      Connection: [keep-alive]
      Content-Type: [application/json; charset=utf-8]
      User-Agent: [python/3.6.1 (Windows-10-10.0.17134-SP0) requests/2.18.4 msrest/0.4.29
          msrest_azure/0.4.30 azure-mgmt-dns/2.0.0rc1 Azure-SDK-For-Python AZURECLI/2.0.33]
      accept-language: [en-US]
    method: GET
    uri: https://management.azure.com/subscriptions/00000000-0000-0000-0000-000000000000/resourceGroups/cli_test_dns000001/providers/Microsoft.Network/dnsZones/myzone.com/AAAA/myrsaaaaalt?api-version=2018-03-01-preview
  response:
    body: {string: '{"code":"NotFound","message":"The resource record ''myrsaaaaalt''
        does not exist in resource group ''cli_test_dns000001'' of subscription ''0b1f6471-1bf0-4dda-aec3-cb9272f09590''."}'}
    headers:
      cache-control: [private]
      content-length: ['232']
      content-type: [application/json; charset=utf-8]
      date: ['Thu, 17 May 2018 17:52:46 GMT']
      server: [Microsoft-IIS/8.5]
      strict-transport-security: [max-age=31536000; includeSubDomains]
      x-aspnet-version: [4.0.30319]
      x-content-type-options: [nosniff]
      x-ms-ratelimit-remaining-subscription-resource-requests: ['11999']
      x-powered-by: [ASP.NET]
    status: {code: 404, message: Not Found}
- request:
    body: '{"properties": {"TTL": 3600, "AAAARecords": [{"ipv6Address": "2001:db8:0:1:1:1:1:1"}]}}'
    headers:
      Accept: [application/json]
      Accept-Encoding: ['gzip, deflate']
      CommandName: [network dns record-set aaaa add-record]
      Connection: [keep-alive]
      Content-Length: ['87']
      Content-Type: [application/json; charset=utf-8]
      User-Agent: [python/3.6.1 (Windows-10-10.0.17134-SP0) requests/2.18.4 msrest/0.4.29
          msrest_azure/0.4.30 azure-mgmt-dns/2.0.0rc1 Azure-SDK-For-Python AZURECLI/2.0.33]
      accept-language: [en-US]
    method: PUT
    uri: https://management.azure.com/subscriptions/00000000-0000-0000-0000-000000000000/resourceGroups/cli_test_dns000001/providers/Microsoft.Network/dnsZones/myzone.com/AAAA/myrsaaaaalt?api-version=2018-03-01-preview
  response:
    body: {string: '{"id":"\/subscriptions\/0b1f6471-1bf0-4dda-aec3-cb9272f09590\/resourceGroups\/cli_test_dns000001\/providers\/Microsoft.Network\/dnszones\/myzone.com\/AAAA\/myrsaaaaalt","name":"myrsaaaaalt","type":"Microsoft.Network\/dnszones\/AAAA","etag":"161a029a-64ee-48b8-82f0-274851d1b229","properties":{"fqdn":"myrsaaaaalt.myzone.com.","TTL":3600,"AAAARecords":[{"ipv6Address":"2001:db8:0:1:1:1:1:1"}]}}'}
    headers:
      cache-control: [private]
      content-length: ['450']
      content-type: [application/json; charset=utf-8]
      date: ['Thu, 17 May 2018 17:52:49 GMT']
      etag: [161a029a-64ee-48b8-82f0-274851d1b229]
      server: [Microsoft-IIS/8.5]
      strict-transport-security: [max-age=31536000; includeSubDomains]
      x-aspnet-version: [4.0.30319]
      x-content-type-options: [nosniff]
      x-ms-ratelimit-remaining-subscription-resource-requests: ['11999']
      x-powered-by: [ASP.NET]
    status: {code: 201, message: Created}
- request:
    body: '{"properties": {"TTL": 3600}}'
    headers:
      Accept: [application/json]
      Accept-Encoding: ['gzip, deflate']
      CommandName: [network dns record-set caa create]
      Connection: [keep-alive]
      Content-Length: ['29']
      Content-Type: [application/json; charset=utf-8]
      User-Agent: [python/3.6.1 (Windows-10-10.0.17134-SP0) requests/2.18.4 msrest/0.4.29
          msrest_azure/0.4.30 azure-mgmt-dns/2.0.0rc1 Azure-SDK-For-Python AZURECLI/2.0.33]
      accept-language: [en-US]
    method: PUT
    uri: https://management.azure.com/subscriptions/00000000-0000-0000-0000-000000000000/resourceGroups/cli_test_dns000001/providers/Microsoft.Network/dnsZones/myzone.com/CAA/myrscaa?api-version=2018-03-01-preview
  response:
    body: {string: '{"id":"\/subscriptions\/0b1f6471-1bf0-4dda-aec3-cb9272f09590\/resourceGroups\/cli_test_dns000001\/providers\/Microsoft.Network\/dnszones\/myzone.com\/CAA\/myrscaa","name":"myrscaa","type":"Microsoft.Network\/dnszones\/CAA","etag":"a53b4293-92c4-48d8-a738-09bc78364b59","properties":{"fqdn":"myrscaa.myzone.com.","TTL":3600,"caaRecords":[]}}'}
    headers:
      cache-control: [private]
      content-length: ['397']
      content-type: [application/json; charset=utf-8]
      date: ['Thu, 17 May 2018 17:52:52 GMT']
      etag: [a53b4293-92c4-48d8-a738-09bc78364b59]
      server: [Microsoft-IIS/8.5]
      strict-transport-security: [max-age=31536000; includeSubDomains]
      x-aspnet-version: [4.0.30319]
      x-content-type-options: [nosniff]
      x-ms-ratelimit-remaining-subscription-resource-requests: ['11999']
      x-powered-by: [ASP.NET]
    status: {code: 201, message: Created}
- request:
    body: null
    headers:
      Accept: [application/json]
      Accept-Encoding: ['gzip, deflate']
      CommandName: [network dns record-set caa add-record]
      Connection: [keep-alive]
      Content-Type: [application/json; charset=utf-8]
      User-Agent: [python/3.6.1 (Windows-10-10.0.17134-SP0) requests/2.18.4 msrest/0.4.29
          msrest_azure/0.4.30 azure-mgmt-dns/2.0.0rc1 Azure-SDK-For-Python AZURECLI/2.0.33]
      accept-language: [en-US]
    method: GET
    uri: https://management.azure.com/subscriptions/00000000-0000-0000-0000-000000000000/resourceGroups/cli_test_dns000001/providers/Microsoft.Network/dnsZones/myzone.com/CAA/myrscaa?api-version=2018-03-01-preview
  response:
    body: {string: '{"id":"\/subscriptions\/0b1f6471-1bf0-4dda-aec3-cb9272f09590\/resourceGroups\/cli_test_dns000001\/providers\/Microsoft.Network\/dnszones\/myzone.com\/CAA\/myrscaa","name":"myrscaa","type":"Microsoft.Network\/dnszones\/CAA","etag":"a53b4293-92c4-48d8-a738-09bc78364b59","properties":{"fqdn":"myrscaa.myzone.com.","TTL":3600,"caaRecords":[]}}'}
    headers:
      cache-control: [private]
      content-length: ['397']
      content-type: [application/json; charset=utf-8]
      date: ['Thu, 17 May 2018 17:52:54 GMT']
      etag: [a53b4293-92c4-48d8-a738-09bc78364b59]
      server: [Microsoft-IIS/8.5]
      strict-transport-security: [max-age=31536000; includeSubDomains]
      transfer-encoding: [chunked]
      vary: [Accept-Encoding]
      x-aspnet-version: [4.0.30319]
      x-content-type-options: [nosniff]
      x-ms-ratelimit-remaining-subscription-resource-requests: ['11999']
      x-powered-by: [ASP.NET]
    status: {code: 200, message: OK}
- request:
    body: '{"etag": "a53b4293-92c4-48d8-a738-09bc78364b59", "properties": {"TTL":
      3600, "caaRecords": [{"flags": 0, "tag": "foo", "value": "my value"}]}}'
    headers:
      Accept: [application/json]
      Accept-Encoding: ['gzip, deflate']
      CommandName: [network dns record-set caa add-record]
      Connection: [keep-alive]
      Content-Length: ['142']
      Content-Type: [application/json; charset=utf-8]
      User-Agent: [python/3.6.1 (Windows-10-10.0.17134-SP0) requests/2.18.4 msrest/0.4.29
          msrest_azure/0.4.30 azure-mgmt-dns/2.0.0rc1 Azure-SDK-For-Python AZURECLI/2.0.33]
      accept-language: [en-US]
    method: PUT
    uri: https://management.azure.com/subscriptions/00000000-0000-0000-0000-000000000000/resourceGroups/cli_test_dns000001/providers/Microsoft.Network/dnsZones/myzone.com/CAA/myrscaa?api-version=2018-03-01-preview
  response:
    body: {string: '{"id":"\/subscriptions\/0b1f6471-1bf0-4dda-aec3-cb9272f09590\/resourceGroups\/cli_test_dns000001\/providers\/Microsoft.Network\/dnszones\/myzone.com\/CAA\/myrscaa","name":"myrscaa","type":"Microsoft.Network\/dnszones\/CAA","etag":"44fccdf7-337b-4199-8315-23bde0cf0faf","properties":{"fqdn":"myrscaa.myzone.com.","TTL":3600,"caaRecords":[{"flags":0,"tag":"foo","value":"my
        value"}]}}'}
    headers:
      cache-control: [private]
      content-length: ['439']
      content-type: [application/json; charset=utf-8]
      date: ['Thu, 17 May 2018 17:52:57 GMT']
      etag: [44fccdf7-337b-4199-8315-23bde0cf0faf]
      server: [Microsoft-IIS/8.5]
      strict-transport-security: [max-age=31536000; includeSubDomains]
      transfer-encoding: [chunked]
      vary: [Accept-Encoding]
      x-aspnet-version: [4.0.30319]
      x-content-type-options: [nosniff]
      x-ms-ratelimit-remaining-subscription-resource-requests: ['11999']
      x-powered-by: [ASP.NET]
    status: {code: 200, message: OK}
- request:
    body: null
    headers:
      Accept: [application/json]
      Accept-Encoding: ['gzip, deflate']
      CommandName: [network dns record-set caa add-record]
      Connection: [keep-alive]
      Content-Type: [application/json; charset=utf-8]
      User-Agent: [python/3.6.1 (Windows-10-10.0.17134-SP0) requests/2.18.4 msrest/0.4.29
          msrest_azure/0.4.30 azure-mgmt-dns/2.0.0rc1 Azure-SDK-For-Python AZURECLI/2.0.33]
      accept-language: [en-US]
    method: GET
    uri: https://management.azure.com/subscriptions/00000000-0000-0000-0000-000000000000/resourceGroups/cli_test_dns000001/providers/Microsoft.Network/dnsZones/myzone.com/CAA/myrscaaalt?api-version=2018-03-01-preview
  response:
    body: {string: '{"code":"NotFound","message":"The resource record ''myrscaaalt''
        does not exist in resource group ''cli_test_dns000001'' of subscription ''0b1f6471-1bf0-4dda-aec3-cb9272f09590''."}'}
    headers:
      cache-control: [private]
      content-length: ['231']
      content-type: [application/json; charset=utf-8]
      date: ['Thu, 17 May 2018 17:53:00 GMT']
      server: [Microsoft-IIS/8.5]
      strict-transport-security: [max-age=31536000; includeSubDomains]
      x-aspnet-version: [4.0.30319]
      x-content-type-options: [nosniff]
      x-ms-ratelimit-remaining-subscription-resource-requests: ['11999']
      x-powered-by: [ASP.NET]
    status: {code: 404, message: Not Found}
- request:
    body: '{"properties": {"TTL": 3600, "caaRecords": [{"flags": 0, "tag": "foo",
      "value": "my value"}]}}'
    headers:
      Accept: [application/json]
      Accept-Encoding: ['gzip, deflate']
      CommandName: [network dns record-set caa add-record]
      Connection: [keep-alive]
      Content-Length: ['94']
      Content-Type: [application/json; charset=utf-8]
      User-Agent: [python/3.6.1 (Windows-10-10.0.17134-SP0) requests/2.18.4 msrest/0.4.29
          msrest_azure/0.4.30 azure-mgmt-dns/2.0.0rc1 Azure-SDK-For-Python AZURECLI/2.0.33]
      accept-language: [en-US]
    method: PUT
    uri: https://management.azure.com/subscriptions/00000000-0000-0000-0000-000000000000/resourceGroups/cli_test_dns000001/providers/Microsoft.Network/dnsZones/myzone.com/CAA/myrscaaalt?api-version=2018-03-01-preview
  response:
    body: {string: '{"id":"\/subscriptions\/0b1f6471-1bf0-4dda-aec3-cb9272f09590\/resourceGroups\/cli_test_dns000001\/providers\/Microsoft.Network\/dnszones\/myzone.com\/CAA\/myrscaaalt","name":"myrscaaalt","type":"Microsoft.Network\/dnszones\/CAA","etag":"f1748996-2bf4-401e-9a28-3640d34bad84","properties":{"fqdn":"myrscaaalt.myzone.com.","TTL":3600,"caaRecords":[{"flags":0,"tag":"foo","value":"my
        value"}]}}'}
    headers:
      cache-control: [private]
      content-length: ['448']
      content-type: [application/json; charset=utf-8]
      date: ['Thu, 17 May 2018 17:53:01 GMT']
      etag: [f1748996-2bf4-401e-9a28-3640d34bad84]
      server: [Microsoft-IIS/8.5]
      strict-transport-security: [max-age=31536000; includeSubDomains]
      x-aspnet-version: [4.0.30319]
      x-content-type-options: [nosniff]
      x-ms-ratelimit-remaining-subscription-resource-requests: ['11999']
      x-powered-by: [ASP.NET]
    status: {code: 201, message: Created}
- request:
    body: '{"properties": {"TTL": 3600}}'
    headers:
      Accept: [application/json]
      Accept-Encoding: ['gzip, deflate']
      CommandName: [network dns record-set cname create]
      Connection: [keep-alive]
      Content-Length: ['29']
      Content-Type: [application/json; charset=utf-8]
      User-Agent: [python/3.6.1 (Windows-10-10.0.17134-SP0) requests/2.18.4 msrest/0.4.29
          msrest_azure/0.4.30 azure-mgmt-dns/2.0.0rc1 Azure-SDK-For-Python AZURECLI/2.0.33]
      accept-language: [en-US]
    method: PUT
    uri: https://management.azure.com/subscriptions/00000000-0000-0000-0000-000000000000/resourceGroups/cli_test_dns000001/providers/Microsoft.Network/dnsZones/myzone.com/CNAME/myrscname?api-version=2018-03-01-preview
  response:
    body: {string: '{"id":"\/subscriptions\/0b1f6471-1bf0-4dda-aec3-cb9272f09590\/resourceGroups\/cli_test_dns000001\/providers\/Microsoft.Network\/dnszones\/myzone.com\/CNAME\/myrscname","name":"myrscname","type":"Microsoft.Network\/dnszones\/CNAME","etag":"28d88929-f88a-43e6-86b3-3e93417fe4c7","properties":{"fqdn":"myrscname.myzone.com.","TTL":3600}}'}
    headers:
      cache-control: [private]
      content-length: ['391']
      content-type: [application/json; charset=utf-8]
      date: ['Thu, 17 May 2018 17:53:05 GMT']
      etag: [28d88929-f88a-43e6-86b3-3e93417fe4c7]
      server: [Microsoft-IIS/8.5]
      strict-transport-security: [max-age=31536000; includeSubDomains]
      x-aspnet-version: [4.0.30319]
      x-content-type-options: [nosniff]
      x-ms-ratelimit-remaining-subscription-resource-requests: ['11999']
      x-powered-by: [ASP.NET]
    status: {code: 201, message: Created}
- request:
    body: null
    headers:
      Accept: [application/json]
      Accept-Encoding: ['gzip, deflate']
      CommandName: [network dns record-set cname set-record]
      Connection: [keep-alive]
      Content-Type: [application/json; charset=utf-8]
      User-Agent: [python/3.6.1 (Windows-10-10.0.17134-SP0) requests/2.18.4 msrest/0.4.29
          msrest_azure/0.4.30 azure-mgmt-dns/2.0.0rc1 Azure-SDK-For-Python AZURECLI/2.0.33]
      accept-language: [en-US]
    method: GET
    uri: https://management.azure.com/subscriptions/00000000-0000-0000-0000-000000000000/resourceGroups/cli_test_dns000001/providers/Microsoft.Network/dnsZones/myzone.com/CNAME/myrscname?api-version=2018-03-01-preview
  response:
    body: {string: '{"id":"\/subscriptions\/0b1f6471-1bf0-4dda-aec3-cb9272f09590\/resourceGroups\/cli_test_dns000001\/providers\/Microsoft.Network\/dnszones\/myzone.com\/CNAME\/myrscname","name":"myrscname","type":"Microsoft.Network\/dnszones\/CNAME","etag":"28d88929-f88a-43e6-86b3-3e93417fe4c7","properties":{"fqdn":"myrscname.myzone.com.","TTL":3600}}'}
    headers:
      cache-control: [private]
      content-length: ['391']
      content-type: [application/json; charset=utf-8]
      date: ['Thu, 17 May 2018 17:53:07 GMT']
      etag: [28d88929-f88a-43e6-86b3-3e93417fe4c7]
      server: [Microsoft-IIS/8.5]
      strict-transport-security: [max-age=31536000; includeSubDomains]
      transfer-encoding: [chunked]
      vary: [Accept-Encoding]
      x-aspnet-version: [4.0.30319]
      x-content-type-options: [nosniff]
      x-ms-ratelimit-remaining-subscription-resource-requests: ['11999']
      x-powered-by: [ASP.NET]
    status: {code: 200, message: OK}
- request:
    body: '{"etag": "28d88929-f88a-43e6-86b3-3e93417fe4c7", "properties": {"TTL":
      3600, "CNAMERecord": {"cname": "mycname"}}}'
    headers:
      Accept: [application/json]
      Accept-Encoding: ['gzip, deflate']
      CommandName: [network dns record-set cname set-record]
      Connection: [keep-alive]
      Content-Length: ['114']
      Content-Type: [application/json; charset=utf-8]
      User-Agent: [python/3.6.1 (Windows-10-10.0.17134-SP0) requests/2.18.4 msrest/0.4.29
          msrest_azure/0.4.30 azure-mgmt-dns/2.0.0rc1 Azure-SDK-For-Python AZURECLI/2.0.33]
      accept-language: [en-US]
    method: PUT
    uri: https://management.azure.com/subscriptions/00000000-0000-0000-0000-000000000000/resourceGroups/cli_test_dns000001/providers/Microsoft.Network/dnsZones/myzone.com/CNAME/myrscname?api-version=2018-03-01-preview
  response:
    body: {string: '{"id":"\/subscriptions\/0b1f6471-1bf0-4dda-aec3-cb9272f09590\/resourceGroups\/cli_test_dns000001\/providers\/Microsoft.Network\/dnszones\/myzone.com\/CNAME\/myrscname","name":"myrscname","type":"Microsoft.Network\/dnszones\/CNAME","etag":"6fab22c1-1446-42b9-ae6f-9c7614913566","properties":{"fqdn":"myrscname.myzone.com.","TTL":3600,"CNAMERecord":{"cname":"mycname"}}}'}
    headers:
      cache-control: [private]
      content-length: ['425']
      content-type: [application/json; charset=utf-8]
      date: ['Thu, 17 May 2018 17:53:09 GMT']
      etag: [6fab22c1-1446-42b9-ae6f-9c7614913566]
      server: [Microsoft-IIS/8.5]
      strict-transport-security: [max-age=31536000; includeSubDomains]
      transfer-encoding: [chunked]
      vary: [Accept-Encoding]
      x-aspnet-version: [4.0.30319]
      x-content-type-options: [nosniff]
      x-ms-ratelimit-remaining-subscription-resource-requests: ['11999']
      x-powered-by: [ASP.NET]
    status: {code: 200, message: OK}
- request:
    body: null
    headers:
      Accept: [application/json]
      Accept-Encoding: ['gzip, deflate']
      CommandName: [network dns record-set cname set-record]
      Connection: [keep-alive]
      Content-Type: [application/json; charset=utf-8]
      User-Agent: [python/3.6.1 (Windows-10-10.0.17134-SP0) requests/2.18.4 msrest/0.4.29
          msrest_azure/0.4.30 azure-mgmt-dns/2.0.0rc1 Azure-SDK-For-Python AZURECLI/2.0.33]
      accept-language: [en-US]
    method: GET
    uri: https://management.azure.com/subscriptions/00000000-0000-0000-0000-000000000000/resourceGroups/cli_test_dns000001/providers/Microsoft.Network/dnsZones/myzone.com/CNAME/myrscnamealt?api-version=2018-03-01-preview
  response:
    body: {string: '{"code":"NotFound","message":"The resource record ''myrscnamealt''
        does not exist in resource group ''cli_test_dns000001'' of subscription ''0b1f6471-1bf0-4dda-aec3-cb9272f09590''."}'}
    headers:
      cache-control: [private]
      content-length: ['233']
      content-type: [application/json; charset=utf-8]
      date: ['Thu, 17 May 2018 17:53:11 GMT']
      server: [Microsoft-IIS/8.5]
      strict-transport-security: [max-age=31536000; includeSubDomains]
      x-aspnet-version: [4.0.30319]
      x-content-type-options: [nosniff]
      x-ms-ratelimit-remaining-subscription-resource-requests: ['11999']
      x-powered-by: [ASP.NET]
    status: {code: 404, message: Not Found}
- request:
    body: '{"properties": {"TTL": 3600, "CNAMERecord": {"cname": "mycname"}}}'
    headers:
      Accept: [application/json]
      Accept-Encoding: ['gzip, deflate']
      CommandName: [network dns record-set cname set-record]
      Connection: [keep-alive]
      Content-Length: ['66']
      Content-Type: [application/json; charset=utf-8]
      User-Agent: [python/3.6.1 (Windows-10-10.0.17134-SP0) requests/2.18.4 msrest/0.4.29
          msrest_azure/0.4.30 azure-mgmt-dns/2.0.0rc1 Azure-SDK-For-Python AZURECLI/2.0.33]
      accept-language: [en-US]
    method: PUT
    uri: https://management.azure.com/subscriptions/00000000-0000-0000-0000-000000000000/resourceGroups/cli_test_dns000001/providers/Microsoft.Network/dnsZones/myzone.com/CNAME/myrscnamealt?api-version=2018-03-01-preview
  response:
    body: {string: '{"id":"\/subscriptions\/0b1f6471-1bf0-4dda-aec3-cb9272f09590\/resourceGroups\/cli_test_dns000001\/providers\/Microsoft.Network\/dnszones\/myzone.com\/CNAME\/myrscnamealt","name":"myrscnamealt","type":"Microsoft.Network\/dnszones\/CNAME","etag":"c3165715-59af-4771-b355-7ddbb54396c4","properties":{"fqdn":"myrscnamealt.myzone.com.","TTL":3600,"CNAMERecord":{"cname":"mycname"}}}'}
    headers:
      cache-control: [private]
      content-length: ['434']
      content-type: [application/json; charset=utf-8]
      date: ['Thu, 17 May 2018 17:53:13 GMT']
      etag: [c3165715-59af-4771-b355-7ddbb54396c4]
      server: [Microsoft-IIS/8.5]
      strict-transport-security: [max-age=31536000; includeSubDomains]
      x-aspnet-version: [4.0.30319]
      x-content-type-options: [nosniff]
      x-ms-ratelimit-remaining-subscription-resource-requests: ['11999']
      x-powered-by: [ASP.NET]
    status: {code: 201, message: Created}
- request:
    body: '{"properties": {"TTL": 3600}}'
    headers:
      Accept: [application/json]
      Accept-Encoding: ['gzip, deflate']
      CommandName: [network dns record-set mx create]
      Connection: [keep-alive]
      Content-Length: ['29']
      Content-Type: [application/json; charset=utf-8]
      User-Agent: [python/3.6.1 (Windows-10-10.0.17134-SP0) requests/2.18.4 msrest/0.4.29
          msrest_azure/0.4.30 azure-mgmt-dns/2.0.0rc1 Azure-SDK-For-Python AZURECLI/2.0.33]
      accept-language: [en-US]
    method: PUT
    uri: https://management.azure.com/subscriptions/00000000-0000-0000-0000-000000000000/resourceGroups/cli_test_dns000001/providers/Microsoft.Network/dnsZones/myzone.com/MX/myrsmx?api-version=2018-03-01-preview
  response:
    body: {string: '{"id":"\/subscriptions\/0b1f6471-1bf0-4dda-aec3-cb9272f09590\/resourceGroups\/cli_test_dns000001\/providers\/Microsoft.Network\/dnszones\/myzone.com\/MX\/myrsmx","name":"myrsmx","type":"Microsoft.Network\/dnszones\/MX","etag":"49bc3444-c5fa-4ca6-81ca-457efde8b19b","properties":{"fqdn":"myrsmx.myzone.com.","TTL":3600,"MXRecords":[]}}'}
    headers:
      cache-control: [private]
      content-length: ['391']
      content-type: [application/json; charset=utf-8]
      date: ['Thu, 17 May 2018 17:53:16 GMT']
      etag: [49bc3444-c5fa-4ca6-81ca-457efde8b19b]
      server: [Microsoft-IIS/8.5]
      strict-transport-security: [max-age=31536000; includeSubDomains]
      x-aspnet-version: [4.0.30319]
      x-content-type-options: [nosniff]
      x-ms-ratelimit-remaining-subscription-resource-requests: ['11999']
      x-powered-by: [ASP.NET]
    status: {code: 201, message: Created}
- request:
    body: null
    headers:
      Accept: [application/json]
      Accept-Encoding: ['gzip, deflate']
      CommandName: [network dns record-set mx add-record]
      Connection: [keep-alive]
      Content-Type: [application/json; charset=utf-8]
      User-Agent: [python/3.6.1 (Windows-10-10.0.17134-SP0) requests/2.18.4 msrest/0.4.29
          msrest_azure/0.4.30 azure-mgmt-dns/2.0.0rc1 Azure-SDK-For-Python AZURECLI/2.0.33]
      accept-language: [en-US]
    method: GET
    uri: https://management.azure.com/subscriptions/00000000-0000-0000-0000-000000000000/resourceGroups/cli_test_dns000001/providers/Microsoft.Network/dnsZones/myzone.com/MX/myrsmx?api-version=2018-03-01-preview
  response:
    body: {string: '{"id":"\/subscriptions\/0b1f6471-1bf0-4dda-aec3-cb9272f09590\/resourceGroups\/cli_test_dns000001\/providers\/Microsoft.Network\/dnszones\/myzone.com\/MX\/myrsmx","name":"myrsmx","type":"Microsoft.Network\/dnszones\/MX","etag":"49bc3444-c5fa-4ca6-81ca-457efde8b19b","properties":{"fqdn":"myrsmx.myzone.com.","TTL":3600,"MXRecords":[]}}'}
    headers:
      cache-control: [private]
      content-length: ['391']
      content-type: [application/json; charset=utf-8]
      date: ['Thu, 17 May 2018 17:53:18 GMT']
      etag: [49bc3444-c5fa-4ca6-81ca-457efde8b19b]
      server: [Microsoft-IIS/8.5]
      strict-transport-security: [max-age=31536000; includeSubDomains]
      transfer-encoding: [chunked]
      vary: [Accept-Encoding]
      x-aspnet-version: [4.0.30319]
      x-content-type-options: [nosniff]
      x-ms-ratelimit-remaining-subscription-resource-requests: ['11999']
      x-powered-by: [ASP.NET]
    status: {code: 200, message: OK}
- request:
    body: '{"etag": "49bc3444-c5fa-4ca6-81ca-457efde8b19b", "properties": {"TTL":
      3600, "MXRecords": [{"preference": 13, "exchange": "12"}]}}'
    headers:
      Accept: [application/json]
      Accept-Encoding: ['gzip, deflate']
      CommandName: [network dns record-set mx add-record]
      Connection: [keep-alive]
      Content-Length: ['130']
      Content-Type: [application/json; charset=utf-8]
      User-Agent: [python/3.6.1 (Windows-10-10.0.17134-SP0) requests/2.18.4 msrest/0.4.29
          msrest_azure/0.4.30 azure-mgmt-dns/2.0.0rc1 Azure-SDK-For-Python AZURECLI/2.0.33]
      accept-language: [en-US]
    method: PUT
    uri: https://management.azure.com/subscriptions/00000000-0000-0000-0000-000000000000/resourceGroups/cli_test_dns000001/providers/Microsoft.Network/dnsZones/myzone.com/MX/myrsmx?api-version=2018-03-01-preview
  response:
    body: {string: '{"id":"\/subscriptions\/0b1f6471-1bf0-4dda-aec3-cb9272f09590\/resourceGroups\/cli_test_dns000001\/providers\/Microsoft.Network\/dnszones\/myzone.com\/MX\/myrsmx","name":"myrsmx","type":"Microsoft.Network\/dnszones\/MX","etag":"cce846a6-fbf2-421e-aeaf-0e525d02c310","properties":{"fqdn":"myrsmx.myzone.com.","TTL":3600,"MXRecords":[{"exchange":"12","preference":13}]}}'}
    headers:
      cache-control: [private]
      content-length: ['424']
      content-type: [application/json; charset=utf-8]
      date: ['Thu, 17 May 2018 17:53:22 GMT']
      etag: [cce846a6-fbf2-421e-aeaf-0e525d02c310]
      server: [Microsoft-IIS/8.5]
      strict-transport-security: [max-age=31536000; includeSubDomains]
      transfer-encoding: [chunked]
      vary: [Accept-Encoding]
      x-aspnet-version: [4.0.30319]
      x-content-type-options: [nosniff]
      x-ms-ratelimit-remaining-subscription-resource-requests: ['11999']
      x-powered-by: [ASP.NET]
    status: {code: 200, message: OK}
- request:
    body: null
    headers:
      Accept: [application/json]
      Accept-Encoding: ['gzip, deflate']
      CommandName: [network dns record-set mx add-record]
      Connection: [keep-alive]
      Content-Type: [application/json; charset=utf-8]
      User-Agent: [python/3.6.1 (Windows-10-10.0.17134-SP0) requests/2.18.4 msrest/0.4.29
          msrest_azure/0.4.30 azure-mgmt-dns/2.0.0rc1 Azure-SDK-For-Python AZURECLI/2.0.33]
      accept-language: [en-US]
    method: GET
    uri: https://management.azure.com/subscriptions/00000000-0000-0000-0000-000000000000/resourceGroups/cli_test_dns000001/providers/Microsoft.Network/dnsZones/myzone.com/MX/myrsmxalt?api-version=2018-03-01-preview
  response:
    body: {string: '{"code":"NotFound","message":"The resource record ''myrsmxalt''
        does not exist in resource group ''cli_test_dns000001'' of subscription ''0b1f6471-1bf0-4dda-aec3-cb9272f09590''."}'}
    headers:
      cache-control: [private]
      content-length: ['230']
      content-type: [application/json; charset=utf-8]
      date: ['Thu, 17 May 2018 17:53:23 GMT']
      server: [Microsoft-IIS/8.5]
      strict-transport-security: [max-age=31536000; includeSubDomains]
      x-aspnet-version: [4.0.30319]
      x-content-type-options: [nosniff]
      x-ms-ratelimit-remaining-subscription-resource-requests: ['11999']
      x-powered-by: [ASP.NET]
    status: {code: 404, message: Not Found}
- request:
    body: '{"properties": {"TTL": 3600, "MXRecords": [{"preference": 13, "exchange":
      "12"}]}}'
    headers:
      Accept: [application/json]
      Accept-Encoding: ['gzip, deflate']
      CommandName: [network dns record-set mx add-record]
      Connection: [keep-alive]
      Content-Length: ['82']
      Content-Type: [application/json; charset=utf-8]
      User-Agent: [python/3.6.1 (Windows-10-10.0.17134-SP0) requests/2.18.4 msrest/0.4.29
          msrest_azure/0.4.30 azure-mgmt-dns/2.0.0rc1 Azure-SDK-For-Python AZURECLI/2.0.33]
      accept-language: [en-US]
    method: PUT
    uri: https://management.azure.com/subscriptions/00000000-0000-0000-0000-000000000000/resourceGroups/cli_test_dns000001/providers/Microsoft.Network/dnsZones/myzone.com/MX/myrsmxalt?api-version=2018-03-01-preview
  response:
    body: {string: '{"id":"\/subscriptions\/0b1f6471-1bf0-4dda-aec3-cb9272f09590\/resourceGroups\/cli_test_dns000001\/providers\/Microsoft.Network\/dnszones\/myzone.com\/MX\/myrsmxalt","name":"myrsmxalt","type":"Microsoft.Network\/dnszones\/MX","etag":"5c4cc958-158b-4085-a643-6b2276f13fd1","properties":{"fqdn":"myrsmxalt.myzone.com.","TTL":3600,"MXRecords":[{"exchange":"12","preference":13}]}}'}
    headers:
      cache-control: [private]
      content-length: ['433']
      content-type: [application/json; charset=utf-8]
      date: ['Thu, 17 May 2018 17:53:27 GMT']
      etag: [5c4cc958-158b-4085-a643-6b2276f13fd1]
      server: [Microsoft-IIS/8.5]
      strict-transport-security: [max-age=31536000; includeSubDomains]
      x-aspnet-version: [4.0.30319]
      x-content-type-options: [nosniff]
      x-ms-ratelimit-remaining-subscription-resource-requests: ['11999']
      x-powered-by: [ASP.NET]
    status: {code: 201, message: Created}
- request:
    body: '{"properties": {"TTL": 3600}}'
    headers:
      Accept: [application/json]
      Accept-Encoding: ['gzip, deflate']
      CommandName: [network dns record-set ns create]
      Connection: [keep-alive]
      Content-Length: ['29']
      Content-Type: [application/json; charset=utf-8]
      User-Agent: [python/3.6.1 (Windows-10-10.0.17134-SP0) requests/2.18.4 msrest/0.4.29
          msrest_azure/0.4.30 azure-mgmt-dns/2.0.0rc1 Azure-SDK-For-Python AZURECLI/2.0.33]
      accept-language: [en-US]
    method: PUT
    uri: https://management.azure.com/subscriptions/00000000-0000-0000-0000-000000000000/resourceGroups/cli_test_dns000001/providers/Microsoft.Network/dnsZones/myzone.com/NS/myrsns?api-version=2018-03-01-preview
  response:
    body: {string: '{"id":"\/subscriptions\/0b1f6471-1bf0-4dda-aec3-cb9272f09590\/resourceGroups\/cli_test_dns000001\/providers\/Microsoft.Network\/dnszones\/myzone.com\/NS\/myrsns","name":"myrsns","type":"Microsoft.Network\/dnszones\/NS","etag":"b62935c9-2537-4cbb-8376-d681bdd5125c","properties":{"fqdn":"myrsns.myzone.com.","TTL":3600,"NSRecords":[]}}'}
    headers:
      cache-control: [private]
      content-length: ['391']
      content-type: [application/json; charset=utf-8]
      date: ['Thu, 17 May 2018 17:53:29 GMT']
      etag: [b62935c9-2537-4cbb-8376-d681bdd5125c]
      server: [Microsoft-IIS/8.5]
      strict-transport-security: [max-age=31536000; includeSubDomains]
      x-aspnet-version: [4.0.30319]
      x-content-type-options: [nosniff]
      x-ms-ratelimit-remaining-subscription-resource-requests: ['11999']
      x-powered-by: [ASP.NET]
    status: {code: 201, message: Created}
- request:
    body: null
    headers:
      Accept: [application/json]
      Accept-Encoding: ['gzip, deflate']
      CommandName: [network dns record-set ns add-record]
      Connection: [keep-alive]
      Content-Type: [application/json; charset=utf-8]
      User-Agent: [python/3.6.1 (Windows-10-10.0.17134-SP0) requests/2.18.4 msrest/0.4.29
          msrest_azure/0.4.30 azure-mgmt-dns/2.0.0rc1 Azure-SDK-For-Python AZURECLI/2.0.33]
      accept-language: [en-US]
    method: GET
    uri: https://management.azure.com/subscriptions/00000000-0000-0000-0000-000000000000/resourceGroups/cli_test_dns000001/providers/Microsoft.Network/dnsZones/myzone.com/NS/myrsns?api-version=2018-03-01-preview
  response:
    body: {string: '{"id":"\/subscriptions\/0b1f6471-1bf0-4dda-aec3-cb9272f09590\/resourceGroups\/cli_test_dns000001\/providers\/Microsoft.Network\/dnszones\/myzone.com\/NS\/myrsns","name":"myrsns","type":"Microsoft.Network\/dnszones\/NS","etag":"b62935c9-2537-4cbb-8376-d681bdd5125c","properties":{"fqdn":"myrsns.myzone.com.","TTL":3600,"NSRecords":[]}}'}
    headers:
      cache-control: [private]
      content-length: ['391']
      content-type: [application/json; charset=utf-8]
      date: ['Thu, 17 May 2018 17:53:32 GMT']
      etag: [b62935c9-2537-4cbb-8376-d681bdd5125c]
      server: [Microsoft-IIS/8.5]
      strict-transport-security: [max-age=31536000; includeSubDomains]
      transfer-encoding: [chunked]
      vary: [Accept-Encoding]
      x-aspnet-version: [4.0.30319]
      x-content-type-options: [nosniff]
      x-ms-ratelimit-remaining-subscription-resource-requests: ['11999']
      x-powered-by: [ASP.NET]
    status: {code: 200, message: OK}
- request:
    body: '{"etag": "b62935c9-2537-4cbb-8376-d681bdd5125c", "properties": {"TTL":
      3600, "NSRecords": [{"nsdname": "foobar.com"}]}}'
    headers:
      Accept: [application/json]
      Accept-Encoding: ['gzip, deflate']
      CommandName: [network dns record-set ns add-record]
      Connection: [keep-alive]
      Content-Length: ['119']
      Content-Type: [application/json; charset=utf-8]
      User-Agent: [python/3.6.1 (Windows-10-10.0.17134-SP0) requests/2.18.4 msrest/0.4.29
          msrest_azure/0.4.30 azure-mgmt-dns/2.0.0rc1 Azure-SDK-For-Python AZURECLI/2.0.33]
      accept-language: [en-US]
    method: PUT
    uri: https://management.azure.com/subscriptions/00000000-0000-0000-0000-000000000000/resourceGroups/cli_test_dns000001/providers/Microsoft.Network/dnsZones/myzone.com/NS/myrsns?api-version=2018-03-01-preview
  response:
    body: {string: '{"id":"\/subscriptions\/0b1f6471-1bf0-4dda-aec3-cb9272f09590\/resourceGroups\/cli_test_dns000001\/providers\/Microsoft.Network\/dnszones\/myzone.com\/NS\/myrsns","name":"myrsns","type":"Microsoft.Network\/dnszones\/NS","etag":"9cbc8ee5-494c-4ea2-93fa-e2e5d80a61ff","properties":{"fqdn":"myrsns.myzone.com.","TTL":3600,"NSRecords":[{"nsdname":"foobar.com"}]}}'}
    headers:
      cache-control: [private]
      content-length: ['415']
      content-type: [application/json; charset=utf-8]
      date: ['Thu, 17 May 2018 17:53:34 GMT']
      etag: [9cbc8ee5-494c-4ea2-93fa-e2e5d80a61ff]
      server: [Microsoft-IIS/8.5]
      strict-transport-security: [max-age=31536000; includeSubDomains]
      transfer-encoding: [chunked]
      vary: [Accept-Encoding]
      x-aspnet-version: [4.0.30319]
      x-content-type-options: [nosniff]
      x-ms-ratelimit-remaining-subscription-resource-requests: ['11999']
      x-powered-by: [ASP.NET]
    status: {code: 200, message: OK}
- request:
    body: null
    headers:
      Accept: [application/json]
      Accept-Encoding: ['gzip, deflate']
      CommandName: [network dns record-set ns add-record]
      Connection: [keep-alive]
      Content-Type: [application/json; charset=utf-8]
      User-Agent: [python/3.6.1 (Windows-10-10.0.17134-SP0) requests/2.18.4 msrest/0.4.29
          msrest_azure/0.4.30 azure-mgmt-dns/2.0.0rc1 Azure-SDK-For-Python AZURECLI/2.0.33]
      accept-language: [en-US]
    method: GET
    uri: https://management.azure.com/subscriptions/00000000-0000-0000-0000-000000000000/resourceGroups/cli_test_dns000001/providers/Microsoft.Network/dnsZones/myzone.com/NS/myrsnsalt?api-version=2018-03-01-preview
  response:
    body: {string: '{"code":"NotFound","message":"The resource record ''myrsnsalt''
        does not exist in resource group ''cli_test_dns000001'' of subscription ''0b1f6471-1bf0-4dda-aec3-cb9272f09590''."}'}
    headers:
      cache-control: [private]
      content-length: ['230']
      content-type: [application/json; charset=utf-8]
      date: ['Thu, 17 May 2018 17:53:35 GMT']
      server: [Microsoft-IIS/8.5]
      strict-transport-security: [max-age=31536000; includeSubDomains]
      x-aspnet-version: [4.0.30319]
      x-content-type-options: [nosniff]
      x-ms-ratelimit-remaining-subscription-resource-requests: ['11999']
      x-powered-by: [ASP.NET]
    status: {code: 404, message: Not Found}
- request:
    body: '{"properties": {"TTL": 3600, "NSRecords": [{"nsdname": "foobar.com"}]}}'
    headers:
      Accept: [application/json]
      Accept-Encoding: ['gzip, deflate']
      CommandName: [network dns record-set ns add-record]
      Connection: [keep-alive]
      Content-Length: ['71']
      Content-Type: [application/json; charset=utf-8]
      User-Agent: [python/3.6.1 (Windows-10-10.0.17134-SP0) requests/2.18.4 msrest/0.4.29
          msrest_azure/0.4.30 azure-mgmt-dns/2.0.0rc1 Azure-SDK-For-Python AZURECLI/2.0.33]
      accept-language: [en-US]
    method: PUT
    uri: https://management.azure.com/subscriptions/00000000-0000-0000-0000-000000000000/resourceGroups/cli_test_dns000001/providers/Microsoft.Network/dnsZones/myzone.com/NS/myrsnsalt?api-version=2018-03-01-preview
  response:
    body: {string: '{"id":"\/subscriptions\/0b1f6471-1bf0-4dda-aec3-cb9272f09590\/resourceGroups\/cli_test_dns000001\/providers\/Microsoft.Network\/dnszones\/myzone.com\/NS\/myrsnsalt","name":"myrsnsalt","type":"Microsoft.Network\/dnszones\/NS","etag":"5e2d5ee9-57b6-4395-8f84-c62547dafbaa","properties":{"fqdn":"myrsnsalt.myzone.com.","TTL":3600,"NSRecords":[{"nsdname":"foobar.com"}]}}'}
    headers:
      cache-control: [private]
      content-length: ['424']
      content-type: [application/json; charset=utf-8]
      date: ['Thu, 17 May 2018 17:53:37 GMT']
      etag: [5e2d5ee9-57b6-4395-8f84-c62547dafbaa]
      server: [Microsoft-IIS/8.5]
      strict-transport-security: [max-age=31536000; includeSubDomains]
      x-aspnet-version: [4.0.30319]
      x-content-type-options: [nosniff]
      x-ms-ratelimit-remaining-subscription-resource-requests: ['11999']
      x-powered-by: [ASP.NET]
    status: {code: 201, message: Created}
- request:
    body: '{"properties": {"TTL": 3600}}'
    headers:
      Accept: [application/json]
      Accept-Encoding: ['gzip, deflate']
      CommandName: [network dns record-set ptr create]
      Connection: [keep-alive]
      Content-Length: ['29']
      Content-Type: [application/json; charset=utf-8]
      User-Agent: [python/3.6.1 (Windows-10-10.0.17134-SP0) requests/2.18.4 msrest/0.4.29
          msrest_azure/0.4.30 azure-mgmt-dns/2.0.0rc1 Azure-SDK-For-Python AZURECLI/2.0.33]
      accept-language: [en-US]
    method: PUT
    uri: https://management.azure.com/subscriptions/00000000-0000-0000-0000-000000000000/resourceGroups/cli_test_dns000001/providers/Microsoft.Network/dnsZones/myzone.com/PTR/myrsptr?api-version=2018-03-01-preview
  response:
    body: {string: '{"id":"\/subscriptions\/0b1f6471-1bf0-4dda-aec3-cb9272f09590\/resourceGroups\/cli_test_dns000001\/providers\/Microsoft.Network\/dnszones\/myzone.com\/PTR\/myrsptr","name":"myrsptr","type":"Microsoft.Network\/dnszones\/PTR","etag":"1b82db4e-0577-4e91-b0cc-30195e255e8b","properties":{"fqdn":"myrsptr.myzone.com.","TTL":3600,"PTRRecords":[]}}'}
    headers:
      cache-control: [private]
      content-length: ['397']
      content-type: [application/json; charset=utf-8]
      date: ['Thu, 17 May 2018 17:53:40 GMT']
      etag: [1b82db4e-0577-4e91-b0cc-30195e255e8b]
      server: [Microsoft-IIS/8.5]
      strict-transport-security: [max-age=31536000; includeSubDomains]
      x-aspnet-version: [4.0.30319]
      x-content-type-options: [nosniff]
      x-ms-ratelimit-remaining-subscription-resource-requests: ['11999']
      x-powered-by: [ASP.NET]
    status: {code: 201, message: Created}
- request:
    body: null
    headers:
      Accept: [application/json]
      Accept-Encoding: ['gzip, deflate']
      CommandName: [network dns record-set ptr add-record]
      Connection: [keep-alive]
      Content-Type: [application/json; charset=utf-8]
      User-Agent: [python/3.6.1 (Windows-10-10.0.17134-SP0) requests/2.18.4 msrest/0.4.29
          msrest_azure/0.4.30 azure-mgmt-dns/2.0.0rc1 Azure-SDK-For-Python AZURECLI/2.0.33]
      accept-language: [en-US]
    method: GET
    uri: https://management.azure.com/subscriptions/00000000-0000-0000-0000-000000000000/resourceGroups/cli_test_dns000001/providers/Microsoft.Network/dnsZones/myzone.com/PTR/myrsptr?api-version=2018-03-01-preview
  response:
    body: {string: '{"id":"\/subscriptions\/0b1f6471-1bf0-4dda-aec3-cb9272f09590\/resourceGroups\/cli_test_dns000001\/providers\/Microsoft.Network\/dnszones\/myzone.com\/PTR\/myrsptr","name":"myrsptr","type":"Microsoft.Network\/dnszones\/PTR","etag":"1b82db4e-0577-4e91-b0cc-30195e255e8b","properties":{"fqdn":"myrsptr.myzone.com.","TTL":3600,"PTRRecords":[]}}'}
    headers:
      cache-control: [private]
      content-length: ['397']
      content-type: [application/json; charset=utf-8]
      date: ['Thu, 17 May 2018 17:53:42 GMT']
      etag: [1b82db4e-0577-4e91-b0cc-30195e255e8b]
      server: [Microsoft-IIS/8.5]
      strict-transport-security: [max-age=31536000; includeSubDomains]
      transfer-encoding: [chunked]
      vary: [Accept-Encoding]
      x-aspnet-version: [4.0.30319]
      x-content-type-options: [nosniff]
      x-ms-ratelimit-remaining-subscription-resource-requests: ['11999']
      x-powered-by: [ASP.NET]
    status: {code: 200, message: OK}
- request:
    body: '{"etag": "1b82db4e-0577-4e91-b0cc-30195e255e8b", "properties": {"TTL":
      3600, "PTRRecords": [{"ptrdname": "foobar.com"}]}}'
    headers:
      Accept: [application/json]
      Accept-Encoding: ['gzip, deflate']
      CommandName: [network dns record-set ptr add-record]
      Connection: [keep-alive]
      Content-Length: ['121']
      Content-Type: [application/json; charset=utf-8]
      User-Agent: [python/3.6.1 (Windows-10-10.0.17134-SP0) requests/2.18.4 msrest/0.4.29
          msrest_azure/0.4.30 azure-mgmt-dns/2.0.0rc1 Azure-SDK-For-Python AZURECLI/2.0.33]
      accept-language: [en-US]
    method: PUT
    uri: https://management.azure.com/subscriptions/00000000-0000-0000-0000-000000000000/resourceGroups/cli_test_dns000001/providers/Microsoft.Network/dnsZones/myzone.com/PTR/myrsptr?api-version=2018-03-01-preview
  response:
    body: {string: '{"id":"\/subscriptions\/0b1f6471-1bf0-4dda-aec3-cb9272f09590\/resourceGroups\/cli_test_dns000001\/providers\/Microsoft.Network\/dnszones\/myzone.com\/PTR\/myrsptr","name":"myrsptr","type":"Microsoft.Network\/dnszones\/PTR","etag":"38802fcf-0720-448f-b1b1-71786eea89a6","properties":{"fqdn":"myrsptr.myzone.com.","TTL":3600,"PTRRecords":[{"ptrdname":"foobar.com"}]}}'}
    headers:
      cache-control: [private]
      content-length: ['422']
      content-type: [application/json; charset=utf-8]
      date: ['Thu, 17 May 2018 17:53:45 GMT']
      etag: [38802fcf-0720-448f-b1b1-71786eea89a6]
      server: [Microsoft-IIS/8.5]
      strict-transport-security: [max-age=31536000; includeSubDomains]
      transfer-encoding: [chunked]
      vary: [Accept-Encoding]
      x-aspnet-version: [4.0.30319]
      x-content-type-options: [nosniff]
      x-ms-ratelimit-remaining-subscription-resource-requests: ['11999']
      x-powered-by: [ASP.NET]
    status: {code: 200, message: OK}
- request:
    body: null
    headers:
      Accept: [application/json]
      Accept-Encoding: ['gzip, deflate']
      CommandName: [network dns record-set ptr add-record]
      Connection: [keep-alive]
      Content-Type: [application/json; charset=utf-8]
      User-Agent: [python/3.6.1 (Windows-10-10.0.17134-SP0) requests/2.18.4 msrest/0.4.29
          msrest_azure/0.4.30 azure-mgmt-dns/2.0.0rc1 Azure-SDK-For-Python AZURECLI/2.0.33]
      accept-language: [en-US]
    method: GET
    uri: https://management.azure.com/subscriptions/00000000-0000-0000-0000-000000000000/resourceGroups/cli_test_dns000001/providers/Microsoft.Network/dnsZones/myzone.com/PTR/myrsptralt?api-version=2018-03-01-preview
  response:
    body: {string: '{"code":"NotFound","message":"The resource record ''myrsptralt''
        does not exist in resource group ''cli_test_dns000001'' of subscription ''0b1f6471-1bf0-4dda-aec3-cb9272f09590''."}'}
    headers:
      cache-control: [private]
      content-length: ['231']
      content-type: [application/json; charset=utf-8]
      date: ['Thu, 17 May 2018 17:53:47 GMT']
      server: [Microsoft-IIS/8.5]
      strict-transport-security: [max-age=31536000; includeSubDomains]
      x-aspnet-version: [4.0.30319]
      x-content-type-options: [nosniff]
      x-ms-ratelimit-remaining-subscription-resource-requests: ['11999']
      x-powered-by: [ASP.NET]
    status: {code: 404, message: Not Found}
- request:
    body: '{"properties": {"TTL": 3600, "PTRRecords": [{"ptrdname": "foobar.com"}]}}'
    headers:
      Accept: [application/json]
      Accept-Encoding: ['gzip, deflate']
      CommandName: [network dns record-set ptr add-record]
      Connection: [keep-alive]
      Content-Length: ['73']
      Content-Type: [application/json; charset=utf-8]
      User-Agent: [python/3.6.1 (Windows-10-10.0.17134-SP0) requests/2.18.4 msrest/0.4.29
          msrest_azure/0.4.30 azure-mgmt-dns/2.0.0rc1 Azure-SDK-For-Python AZURECLI/2.0.33]
      accept-language: [en-US]
    method: PUT
    uri: https://management.azure.com/subscriptions/00000000-0000-0000-0000-000000000000/resourceGroups/cli_test_dns000001/providers/Microsoft.Network/dnsZones/myzone.com/PTR/myrsptralt?api-version=2018-03-01-preview
  response:
    body: {string: '{"id":"\/subscriptions\/0b1f6471-1bf0-4dda-aec3-cb9272f09590\/resourceGroups\/cli_test_dns000001\/providers\/Microsoft.Network\/dnszones\/myzone.com\/PTR\/myrsptralt","name":"myrsptralt","type":"Microsoft.Network\/dnszones\/PTR","etag":"effeccc6-dee0-4dec-971e-02a311f470ef","properties":{"fqdn":"myrsptralt.myzone.com.","TTL":3600,"PTRRecords":[{"ptrdname":"foobar.com"}]}}'}
    headers:
      cache-control: [private]
      content-length: ['431']
      content-type: [application/json; charset=utf-8]
      date: ['Thu, 17 May 2018 17:53:49 GMT']
      etag: [effeccc6-dee0-4dec-971e-02a311f470ef]
      server: [Microsoft-IIS/8.5]
      strict-transport-security: [max-age=31536000; includeSubDomains]
      x-aspnet-version: [4.0.30319]
      x-content-type-options: [nosniff]
      x-ms-ratelimit-remaining-subscription-resource-requests: ['11999']
      x-powered-by: [ASP.NET]
    status: {code: 201, message: Created}
- request:
    body: '{"properties": {"TTL": 3600}}'
    headers:
      Accept: [application/json]
      Accept-Encoding: ['gzip, deflate']
      CommandName: [network dns record-set srv create]
      Connection: [keep-alive]
      Content-Length: ['29']
      Content-Type: [application/json; charset=utf-8]
      User-Agent: [python/3.6.1 (Windows-10-10.0.17134-SP0) requests/2.18.4 msrest/0.4.29
          msrest_azure/0.4.30 azure-mgmt-dns/2.0.0rc1 Azure-SDK-For-Python AZURECLI/2.0.33]
      accept-language: [en-US]
    method: PUT
    uri: https://management.azure.com/subscriptions/00000000-0000-0000-0000-000000000000/resourceGroups/cli_test_dns000001/providers/Microsoft.Network/dnsZones/myzone.com/SRV/myrssrv?api-version=2018-03-01-preview
  response:
    body: {string: '{"id":"\/subscriptions\/0b1f6471-1bf0-4dda-aec3-cb9272f09590\/resourceGroups\/cli_test_dns000001\/providers\/Microsoft.Network\/dnszones\/myzone.com\/SRV\/myrssrv","name":"myrssrv","type":"Microsoft.Network\/dnszones\/SRV","etag":"a7fb06fa-1ea1-4e38-905d-3bdbd684d3a7","properties":{"fqdn":"myrssrv.myzone.com.","TTL":3600,"SRVRecords":[]}}'}
    headers:
      cache-control: [private]
      content-length: ['397']
      content-type: [application/json; charset=utf-8]
      date: ['Thu, 17 May 2018 17:53:51 GMT']
      etag: [a7fb06fa-1ea1-4e38-905d-3bdbd684d3a7]
      server: [Microsoft-IIS/8.5]
      strict-transport-security: [max-age=31536000; includeSubDomains]
      x-aspnet-version: [4.0.30319]
      x-content-type-options: [nosniff]
      x-ms-ratelimit-remaining-subscription-resource-requests: ['11999']
      x-powered-by: [ASP.NET]
    status: {code: 201, message: Created}
- request:
    body: null
    headers:
      Accept: [application/json]
      Accept-Encoding: ['gzip, deflate']
      CommandName: [network dns record-set srv add-record]
      Connection: [keep-alive]
      Content-Type: [application/json; charset=utf-8]
      User-Agent: [python/3.6.1 (Windows-10-10.0.17134-SP0) requests/2.18.4 msrest/0.4.29
          msrest_azure/0.4.30 azure-mgmt-dns/2.0.0rc1 Azure-SDK-For-Python AZURECLI/2.0.33]
      accept-language: [en-US]
    method: GET
    uri: https://management.azure.com/subscriptions/00000000-0000-0000-0000-000000000000/resourceGroups/cli_test_dns000001/providers/Microsoft.Network/dnsZones/myzone.com/SRV/myrssrv?api-version=2018-03-01-preview
  response:
    body: {string: '{"id":"\/subscriptions\/0b1f6471-1bf0-4dda-aec3-cb9272f09590\/resourceGroups\/cli_test_dns000001\/providers\/Microsoft.Network\/dnszones\/myzone.com\/SRV\/myrssrv","name":"myrssrv","type":"Microsoft.Network\/dnszones\/SRV","etag":"a7fb06fa-1ea1-4e38-905d-3bdbd684d3a7","properties":{"fqdn":"myrssrv.myzone.com.","TTL":3600,"SRVRecords":[]}}'}
    headers:
      cache-control: [private]
      content-length: ['397']
      content-type: [application/json; charset=utf-8]
      date: ['Thu, 17 May 2018 17:53:53 GMT']
      etag: [a7fb06fa-1ea1-4e38-905d-3bdbd684d3a7]
      server: [Microsoft-IIS/8.5]
      strict-transport-security: [max-age=31536000; includeSubDomains]
      transfer-encoding: [chunked]
      vary: [Accept-Encoding]
      x-aspnet-version: [4.0.30319]
      x-content-type-options: [nosniff]
      x-ms-ratelimit-remaining-subscription-resource-requests: ['11999']
      x-powered-by: [ASP.NET]
    status: {code: 200, message: OK}
- request:
    body: '{"etag": "a7fb06fa-1ea1-4e38-905d-3bdbd684d3a7", "properties": {"TTL":
      3600, "SRVRecords": [{"priority": 1, "weight": 50, "port": 1234, "target": "target.com"}]}}'
    headers:
      Accept: [application/json]
      Accept-Encoding: ['gzip, deflate']
      CommandName: [network dns record-set srv add-record]
      Connection: [keep-alive]
      Content-Length: ['162']
      Content-Type: [application/json; charset=utf-8]
      User-Agent: [python/3.6.1 (Windows-10-10.0.17134-SP0) requests/2.18.4 msrest/0.4.29
          msrest_azure/0.4.30 azure-mgmt-dns/2.0.0rc1 Azure-SDK-For-Python AZURECLI/2.0.33]
      accept-language: [en-US]
    method: PUT
    uri: https://management.azure.com/subscriptions/00000000-0000-0000-0000-000000000000/resourceGroups/cli_test_dns000001/providers/Microsoft.Network/dnsZones/myzone.com/SRV/myrssrv?api-version=2018-03-01-preview
  response:
    body: {string: '{"id":"\/subscriptions\/0b1f6471-1bf0-4dda-aec3-cb9272f09590\/resourceGroups\/cli_test_dns000001\/providers\/Microsoft.Network\/dnszones\/myzone.com\/SRV\/myrssrv","name":"myrssrv","type":"Microsoft.Network\/dnszones\/SRV","etag":"e1c50a71-c568-465b-9a64-c415ed0826e3","properties":{"fqdn":"myrssrv.myzone.com.","TTL":3600,"SRVRecords":[{"port":1234,"priority":1,"target":"target.com","weight":50}]}}'}
    headers:
      cache-control: [private]
      content-length: ['457']
      content-type: [application/json; charset=utf-8]
      date: ['Thu, 17 May 2018 17:53:55 GMT']
      etag: [e1c50a71-c568-465b-9a64-c415ed0826e3]
      server: [Microsoft-IIS/8.5]
      strict-transport-security: [max-age=31536000; includeSubDomains]
      transfer-encoding: [chunked]
      vary: [Accept-Encoding]
      x-aspnet-version: [4.0.30319]
      x-content-type-options: [nosniff]
      x-ms-ratelimit-remaining-subscription-resource-requests: ['11999']
      x-powered-by: [ASP.NET]
    status: {code: 200, message: OK}
- request:
    body: null
    headers:
      Accept: [application/json]
      Accept-Encoding: ['gzip, deflate']
      CommandName: [network dns record-set srv add-record]
      Connection: [keep-alive]
      Content-Type: [application/json; charset=utf-8]
      User-Agent: [python/3.6.1 (Windows-10-10.0.17134-SP0) requests/2.18.4 msrest/0.4.29
          msrest_azure/0.4.30 azure-mgmt-dns/2.0.0rc1 Azure-SDK-For-Python AZURECLI/2.0.33]
      accept-language: [en-US]
    method: GET
    uri: https://management.azure.com/subscriptions/00000000-0000-0000-0000-000000000000/resourceGroups/cli_test_dns000001/providers/Microsoft.Network/dnsZones/myzone.com/SRV/myrssrvalt?api-version=2018-03-01-preview
  response:
    body: {string: '{"code":"NotFound","message":"The resource record ''myrssrvalt''
        does not exist in resource group ''cli_test_dns000001'' of subscription ''0b1f6471-1bf0-4dda-aec3-cb9272f09590''."}'}
    headers:
      cache-control: [private]
      content-length: ['231']
      content-type: [application/json; charset=utf-8]
      date: ['Thu, 17 May 2018 17:53:57 GMT']
      server: [Microsoft-IIS/8.5]
      strict-transport-security: [max-age=31536000; includeSubDomains]
      x-aspnet-version: [4.0.30319]
      x-content-type-options: [nosniff]
      x-ms-ratelimit-remaining-subscription-resource-requests: ['11999']
      x-powered-by: [ASP.NET]
    status: {code: 404, message: Not Found}
- request:
    body: '{"properties": {"TTL": 3600, "SRVRecords": [{"priority": 1, "weight": 50,
      "port": 1234, "target": "target.com"}]}}'
    headers:
      Accept: [application/json]
      Accept-Encoding: ['gzip, deflate']
      CommandName: [network dns record-set srv add-record]
      Connection: [keep-alive]
      Content-Length: ['114']
      Content-Type: [application/json; charset=utf-8]
      User-Agent: [python/3.6.1 (Windows-10-10.0.17134-SP0) requests/2.18.4 msrest/0.4.29
          msrest_azure/0.4.30 azure-mgmt-dns/2.0.0rc1 Azure-SDK-For-Python AZURECLI/2.0.33]
      accept-language: [en-US]
    method: PUT
    uri: https://management.azure.com/subscriptions/00000000-0000-0000-0000-000000000000/resourceGroups/cli_test_dns000001/providers/Microsoft.Network/dnsZones/myzone.com/SRV/myrssrvalt?api-version=2018-03-01-preview
  response:
    body: {string: '{"id":"\/subscriptions\/0b1f6471-1bf0-4dda-aec3-cb9272f09590\/resourceGroups\/cli_test_dns000001\/providers\/Microsoft.Network\/dnszones\/myzone.com\/SRV\/myrssrvalt","name":"myrssrvalt","type":"Microsoft.Network\/dnszones\/SRV","etag":"e8d8464d-6667-40b3-8b97-5ec73d6a3884","properties":{"fqdn":"myrssrvalt.myzone.com.","TTL":3600,"SRVRecords":[{"port":1234,"priority":1,"target":"target.com","weight":50}]}}'}
    headers:
      cache-control: [private]
      content-length: ['466']
      content-type: [application/json; charset=utf-8]
      date: ['Thu, 17 May 2018 17:54:00 GMT']
      etag: [e8d8464d-6667-40b3-8b97-5ec73d6a3884]
      server: [Microsoft-IIS/8.5]
      strict-transport-security: [max-age=31536000; includeSubDomains]
      x-aspnet-version: [4.0.30319]
      x-content-type-options: [nosniff]
      x-ms-ratelimit-remaining-subscription-resource-requests: ['11999']
      x-powered-by: [ASP.NET]
    status: {code: 201, message: Created}
- request:
    body: '{"properties": {"TTL": 3600}}'
    headers:
      Accept: [application/json]
      Accept-Encoding: ['gzip, deflate']
      CommandName: [network dns record-set txt create]
      Connection: [keep-alive]
      Content-Length: ['29']
      Content-Type: [application/json; charset=utf-8]
      User-Agent: [python/3.6.1 (Windows-10-10.0.17134-SP0) requests/2.18.4 msrest/0.4.29
          msrest_azure/0.4.30 azure-mgmt-dns/2.0.0rc1 Azure-SDK-For-Python AZURECLI/2.0.33]
      accept-language: [en-US]
    method: PUT
    uri: https://management.azure.com/subscriptions/00000000-0000-0000-0000-000000000000/resourceGroups/cli_test_dns000001/providers/Microsoft.Network/dnsZones/myzone.com/TXT/myrstxt?api-version=2018-03-01-preview
  response:
    body: {string: '{"id":"\/subscriptions\/0b1f6471-1bf0-4dda-aec3-cb9272f09590\/resourceGroups\/cli_test_dns000001\/providers\/Microsoft.Network\/dnszones\/myzone.com\/TXT\/myrstxt","name":"myrstxt","type":"Microsoft.Network\/dnszones\/TXT","etag":"c17671d9-5fd7-4624-a7c5-d6f699798181","properties":{"fqdn":"myrstxt.myzone.com.","TTL":3600,"TXTRecords":[]}}'}
    headers:
      cache-control: [private]
      content-length: ['397']
      content-type: [application/json; charset=utf-8]
      date: ['Thu, 17 May 2018 17:54:01 GMT']
      etag: [c17671d9-5fd7-4624-a7c5-d6f699798181]
      server: [Microsoft-IIS/8.5]
      strict-transport-security: [max-age=31536000; includeSubDomains]
      x-aspnet-version: [4.0.30319]
      x-content-type-options: [nosniff]
      x-ms-ratelimit-remaining-subscription-resource-requests: ['11999']
      x-powered-by: [ASP.NET]
    status: {code: 201, message: Created}
- request:
    body: null
    headers:
      Accept: [application/json]
      Accept-Encoding: ['gzip, deflate']
      CommandName: [network dns record-set txt add-record]
      Connection: [keep-alive]
      Content-Type: [application/json; charset=utf-8]
      User-Agent: [python/3.6.1 (Windows-10-10.0.17134-SP0) requests/2.18.4 msrest/0.4.29
          msrest_azure/0.4.30 azure-mgmt-dns/2.0.0rc1 Azure-SDK-For-Python AZURECLI/2.0.33]
      accept-language: [en-US]
    method: GET
    uri: https://management.azure.com/subscriptions/00000000-0000-0000-0000-000000000000/resourceGroups/cli_test_dns000001/providers/Microsoft.Network/dnsZones/myzone.com/TXT/myrstxt?api-version=2018-03-01-preview
  response:
    body: {string: '{"id":"\/subscriptions\/0b1f6471-1bf0-4dda-aec3-cb9272f09590\/resourceGroups\/cli_test_dns000001\/providers\/Microsoft.Network\/dnszones\/myzone.com\/TXT\/myrstxt","name":"myrstxt","type":"Microsoft.Network\/dnszones\/TXT","etag":"c17671d9-5fd7-4624-a7c5-d6f699798181","properties":{"fqdn":"myrstxt.myzone.com.","TTL":3600,"TXTRecords":[]}}'}
    headers:
      cache-control: [private]
      content-length: ['397']
      content-type: [application/json; charset=utf-8]
      date: ['Thu, 17 May 2018 17:54:03 GMT']
      etag: [c17671d9-5fd7-4624-a7c5-d6f699798181]
      server: [Microsoft-IIS/8.5]
      strict-transport-security: [max-age=31536000; includeSubDomains]
      transfer-encoding: [chunked]
      vary: [Accept-Encoding]
      x-aspnet-version: [4.0.30319]
      x-content-type-options: [nosniff]
      x-ms-ratelimit-remaining-subscription-resource-requests: ['11999']
      x-powered-by: [ASP.NET]
    status: {code: 200, message: OK}
- request:
    body: '{"etag": "c17671d9-5fd7-4624-a7c5-d6f699798181", "properties": {"TTL":
      3600, "TXTRecords": [{"value": ["some_text"]}]}}'
    headers:
      Accept: [application/json]
      Accept-Encoding: ['gzip, deflate']
      CommandName: [network dns record-set txt add-record]
      Connection: [keep-alive]
      Content-Length: ['119']
      Content-Type: [application/json; charset=utf-8]
      User-Agent: [python/3.6.1 (Windows-10-10.0.17134-SP0) requests/2.18.4 msrest/0.4.29
          msrest_azure/0.4.30 azure-mgmt-dns/2.0.0rc1 Azure-SDK-For-Python AZURECLI/2.0.33]
      accept-language: [en-US]
    method: PUT
    uri: https://management.azure.com/subscriptions/00000000-0000-0000-0000-000000000000/resourceGroups/cli_test_dns000001/providers/Microsoft.Network/dnsZones/myzone.com/TXT/myrstxt?api-version=2018-03-01-preview
  response:
    body: {string: '{"id":"\/subscriptions\/0b1f6471-1bf0-4dda-aec3-cb9272f09590\/resourceGroups\/cli_test_dns000001\/providers\/Microsoft.Network\/dnszones\/myzone.com\/TXT\/myrstxt","name":"myrstxt","type":"Microsoft.Network\/dnszones\/TXT","etag":"79dc109f-a03a-4038-9407-d899905f2272","properties":{"fqdn":"myrstxt.myzone.com.","TTL":3600,"TXTRecords":[{"value":["some_text"]}]}}'}
    headers:
      cache-control: [private]
      content-length: ['420']
      content-type: [application/json; charset=utf-8]
      date: ['Thu, 17 May 2018 17:54:05 GMT']
      etag: [79dc109f-a03a-4038-9407-d899905f2272]
      server: [Microsoft-IIS/8.5]
      strict-transport-security: [max-age=31536000; includeSubDomains]
      transfer-encoding: [chunked]
      vary: [Accept-Encoding]
      x-aspnet-version: [4.0.30319]
      x-content-type-options: [nosniff]
      x-ms-ratelimit-remaining-subscription-resource-requests: ['11999']
      x-powered-by: [ASP.NET]
    status: {code: 200, message: OK}
- request:
    body: null
    headers:
      Accept: [application/json]
      Accept-Encoding: ['gzip, deflate']
      CommandName: [network dns record-set txt add-record]
      Connection: [keep-alive]
      Content-Type: [application/json; charset=utf-8]
      User-Agent: [python/3.6.1 (Windows-10-10.0.17134-SP0) requests/2.18.4 msrest/0.4.29
          msrest_azure/0.4.30 azure-mgmt-dns/2.0.0rc1 Azure-SDK-For-Python AZURECLI/2.0.33]
      accept-language: [en-US]
    method: GET
    uri: https://management.azure.com/subscriptions/00000000-0000-0000-0000-000000000000/resourceGroups/cli_test_dns000001/providers/Microsoft.Network/dnsZones/myzone.com/TXT/myrstxtalt?api-version=2018-03-01-preview
  response:
    body: {string: '{"code":"NotFound","message":"The resource record ''myrstxtalt''
        does not exist in resource group ''cli_test_dns000001'' of subscription ''0b1f6471-1bf0-4dda-aec3-cb9272f09590''."}'}
    headers:
      cache-control: [private]
      content-length: ['231']
      content-type: [application/json; charset=utf-8]
      date: ['Thu, 17 May 2018 17:54:07 GMT']
      server: [Microsoft-IIS/8.5]
      strict-transport-security: [max-age=31536000; includeSubDomains]
      x-aspnet-version: [4.0.30319]
      x-content-type-options: [nosniff]
      x-ms-ratelimit-remaining-subscription-resource-requests: ['11999']
      x-powered-by: [ASP.NET]
    status: {code: 404, message: Not Found}
- request:
    body: '{"properties": {"TTL": 3600, "TXTRecords": [{"value": ["some_text"]}]}}'
    headers:
      Accept: [application/json]
      Accept-Encoding: ['gzip, deflate']
      CommandName: [network dns record-set txt add-record]
      Connection: [keep-alive]
      Content-Length: ['71']
      Content-Type: [application/json; charset=utf-8]
      User-Agent: [python/3.6.1 (Windows-10-10.0.17134-SP0) requests/2.18.4 msrest/0.4.29
          msrest_azure/0.4.30 azure-mgmt-dns/2.0.0rc1 Azure-SDK-For-Python AZURECLI/2.0.33]
      accept-language: [en-US]
    method: PUT
    uri: https://management.azure.com/subscriptions/00000000-0000-0000-0000-000000000000/resourceGroups/cli_test_dns000001/providers/Microsoft.Network/dnsZones/myzone.com/TXT/myrstxtalt?api-version=2018-03-01-preview
  response:
    body: {string: '{"id":"\/subscriptions\/0b1f6471-1bf0-4dda-aec3-cb9272f09590\/resourceGroups\/cli_test_dns000001\/providers\/Microsoft.Network\/dnszones\/myzone.com\/TXT\/myrstxtalt","name":"myrstxtalt","type":"Microsoft.Network\/dnszones\/TXT","etag":"87e3f8d4-34c8-4f01-a22d-c51eec8ca0f0","properties":{"fqdn":"myrstxtalt.myzone.com.","TTL":3600,"TXTRecords":[{"value":["some_text"]}]}}'}
    headers:
      cache-control: [private]
      content-length: ['429']
      content-type: [application/json; charset=utf-8]
      date: ['Thu, 17 May 2018 17:54:09 GMT']
      etag: [87e3f8d4-34c8-4f01-a22d-c51eec8ca0f0]
      server: [Microsoft-IIS/8.5]
      strict-transport-security: [max-age=31536000; includeSubDomains]
      x-aspnet-version: [4.0.30319]
      x-content-type-options: [nosniff]
      x-ms-ratelimit-remaining-subscription-resource-requests: ['11999']
      x-powered-by: [ASP.NET]
    status: {code: 201, message: Created}
- request:
    body: null
    headers:
      Accept: [application/json]
      Accept-Encoding: ['gzip, deflate']
      CommandName: [network dns record-set a add-record]
      Connection: [keep-alive]
      Content-Type: [application/json; charset=utf-8]
      User-Agent: [python/3.6.1 (Windows-10-10.0.17134-SP0) requests/2.18.4 msrest/0.4.29
          msrest_azure/0.4.30 azure-mgmt-dns/2.0.0rc1 Azure-SDK-For-Python AZURECLI/2.0.33]
      accept-language: [en-US]
    method: GET
    uri: https://management.azure.com/subscriptions/00000000-0000-0000-0000-000000000000/resourceGroups/cli_test_dns000001/providers/Microsoft.Network/dnsZones/myzone.com/A/myrsa?api-version=2018-03-01-preview
  response:
    body: {string: '{"id":"\/subscriptions\/0b1f6471-1bf0-4dda-aec3-cb9272f09590\/resourceGroups\/cli_test_dns000001\/providers\/Microsoft.Network\/dnszones\/myzone.com\/A\/myrsa","name":"myrsa","type":"Microsoft.Network\/dnszones\/A","etag":"399d1868-7769-4e43-a00a-099b14731057","properties":{"fqdn":"myrsa.myzone.com.","TTL":3600,"ARecords":[{"ipv4Address":"10.0.0.10"}]}}'}
    headers:
      cache-control: [private]
      content-length: ['412']
      content-type: [application/json; charset=utf-8]
      date: ['Thu, 17 May 2018 17:54:12 GMT']
      etag: [399d1868-7769-4e43-a00a-099b14731057]
      server: [Microsoft-IIS/8.5]
      strict-transport-security: [max-age=31536000; includeSubDomains]
      transfer-encoding: [chunked]
      vary: [Accept-Encoding]
      x-aspnet-version: [4.0.30319]
      x-content-type-options: [nosniff]
      x-ms-ratelimit-remaining-subscription-resource-requests: ['11999']
      x-powered-by: [ASP.NET]
    status: {code: 200, message: OK}
- request:
    body: '{"etag": "399d1868-7769-4e43-a00a-099b14731057", "properties": {"TTL":
      3600, "ARecords": [{"ipv4Address": "10.0.0.10"}, {"ipv4Address": "10.0.0.11"}]}}'
    headers:
      Accept: [application/json]
      Accept-Encoding: ['gzip, deflate']
      CommandName: [network dns record-set a add-record]
      Connection: [keep-alive]
      Content-Length: ['151']
      Content-Type: [application/json; charset=utf-8]
      User-Agent: [python/3.6.1 (Windows-10-10.0.17134-SP0) requests/2.18.4 msrest/0.4.29
          msrest_azure/0.4.30 azure-mgmt-dns/2.0.0rc1 Azure-SDK-For-Python AZURECLI/2.0.33]
      accept-language: [en-US]
    method: PUT
    uri: https://management.azure.com/subscriptions/00000000-0000-0000-0000-000000000000/resourceGroups/cli_test_dns000001/providers/Microsoft.Network/dnsZones/myzone.com/A/myrsa?api-version=2018-03-01-preview
  response:
    body: {string: '{"id":"\/subscriptions\/0b1f6471-1bf0-4dda-aec3-cb9272f09590\/resourceGroups\/cli_test_dns000001\/providers\/Microsoft.Network\/dnszones\/myzone.com\/A\/myrsa","name":"myrsa","type":"Microsoft.Network\/dnszones\/A","etag":"c120f572-40fa-4f33-b957-729276f7448f","properties":{"fqdn":"myrsa.myzone.com.","TTL":3600,"ARecords":[{"ipv4Address":"10.0.0.10"},{"ipv4Address":"10.0.0.11"}]}}'}
    headers:
      cache-control: [private]
      content-length: ['440']
      content-type: [application/json; charset=utf-8]
      date: ['Thu, 17 May 2018 17:54:13 GMT']
      etag: [c120f572-40fa-4f33-b957-729276f7448f]
      server: [Microsoft-IIS/8.5]
      strict-transport-security: [max-age=31536000; includeSubDomains]
      transfer-encoding: [chunked]
      vary: [Accept-Encoding]
      x-aspnet-version: [4.0.30319]
      x-content-type-options: [nosniff]
      x-ms-ratelimit-remaining-subscription-resource-requests: ['11999']
      x-powered-by: [ASP.NET]
    status: {code: 200, message: OK}
- request:
    body: null
    headers:
      Accept: [application/json]
      Accept-Encoding: ['gzip, deflate']
      CommandName: [network dns record-set soa update]
      Connection: [keep-alive]
      Content-Type: [application/json; charset=utf-8]
      User-Agent: [python/3.6.1 (Windows-10-10.0.17134-SP0) requests/2.18.4 msrest/0.4.29
          msrest_azure/0.4.30 azure-mgmt-dns/2.0.0rc1 Azure-SDK-For-Python AZURECLI/2.0.33]
      accept-language: [en-US]
    method: GET
    uri: https://management.azure.com/subscriptions/00000000-0000-0000-0000-000000000000/resourceGroups/cli_test_dns000001/providers/Microsoft.Network/dnsZones/myzone.com/SOA/@?api-version=2018-03-01-preview
  response:
    body: {string: '{"id":"\/subscriptions\/0b1f6471-1bf0-4dda-aec3-cb9272f09590\/resourceGroups\/cli_test_dns000001\/providers\/Microsoft.Network\/dnszones\/myzone.com\/SOA\/@","name":"@","type":"Microsoft.Network\/dnszones\/SOA","etag":"88c2656b-ca71-4a64-9dd7-b49809fc468f","properties":{"fqdn":"myzone.com.","TTL":3600,"SOARecord":{"email":"azuredns-hostmaster.microsoft.com","expireTime":2419200,"host":"ns1-01.azure-dns.com.","minimumTTL":300,"refreshTime":3600,"retryTime":300,"serialNumber":1}}}'}
    headers:
      cache-control: [private]
      content-length: ['540']
      content-type: [application/json; charset=utf-8]
      date: ['Thu, 17 May 2018 17:54:15 GMT']
      etag: [88c2656b-ca71-4a64-9dd7-b49809fc468f]
      server: [Microsoft-IIS/8.5]
      strict-transport-security: [max-age=31536000; includeSubDomains]
      transfer-encoding: [chunked]
      vary: [Accept-Encoding]
      x-aspnet-version: [4.0.30319]
      x-content-type-options: [nosniff]
      x-ms-ratelimit-remaining-subscription-resource-requests: ['11999']
      x-powered-by: [ASP.NET]
    status: {code: 200, message: OK}
- request:
    body: null
    headers:
      Accept: [application/json]
      Accept-Encoding: ['gzip, deflate']
      CommandName: [network dns record-set soa update]
      Connection: [keep-alive]
      Content-Type: [application/json; charset=utf-8]
      User-Agent: [python/3.6.1 (Windows-10-10.0.17134-SP0) requests/2.18.4 msrest/0.4.29
          msrest_azure/0.4.30 azure-mgmt-dns/2.0.0rc1 Azure-SDK-For-Python AZURECLI/2.0.33]
      accept-language: [en-US]
    method: GET
    uri: https://management.azure.com/subscriptions/00000000-0000-0000-0000-000000000000/resourceGroups/cli_test_dns000001/providers/Microsoft.Network/dnsZones/myzone.com/SOA/@?api-version=2018-03-01-preview
  response:
    body: {string: '{"id":"\/subscriptions\/0b1f6471-1bf0-4dda-aec3-cb9272f09590\/resourceGroups\/cli_test_dns000001\/providers\/Microsoft.Network\/dnszones\/myzone.com\/SOA\/@","name":"@","type":"Microsoft.Network\/dnszones\/SOA","etag":"88c2656b-ca71-4a64-9dd7-b49809fc468f","properties":{"fqdn":"myzone.com.","TTL":3600,"SOARecord":{"email":"azuredns-hostmaster.microsoft.com","expireTime":2419200,"host":"ns1-01.azure-dns.com.","minimumTTL":300,"refreshTime":3600,"retryTime":300,"serialNumber":1}}}'}
    headers:
      cache-control: [private]
      content-length: ['540']
      content-type: [application/json; charset=utf-8]
      date: ['Thu, 17 May 2018 17:54:15 GMT']
      etag: [88c2656b-ca71-4a64-9dd7-b49809fc468f]
      server: [Microsoft-IIS/8.5]
      strict-transport-security: [max-age=31536000; includeSubDomains]
      transfer-encoding: [chunked]
      vary: [Accept-Encoding]
      x-aspnet-version: [4.0.30319]
      x-content-type-options: [nosniff]
      x-ms-ratelimit-remaining-subscription-resource-requests: ['11999']
      x-powered-by: [ASP.NET]
    status: {code: 200, message: OK}
- request:
    body: '{"etag": "88c2656b-ca71-4a64-9dd7-b49809fc468f", "properties": {"TTL":
      3600, "SOARecord": {"host": "ns1-01.azure-dns.com.", "email": "foo.com", "serialNumber":
      123, "refreshTime": 60, "retryTime": 90, "expireTime": 30, "minimumTTL": 20}}}'
    headers:
      Accept: [application/json]
      Accept-Encoding: ['gzip, deflate']
      CommandName: [network dns record-set soa update]
      Connection: [keep-alive]
      Content-Length: ['238']
      Content-Type: [application/json; charset=utf-8]
      User-Agent: [python/3.6.1 (Windows-10-10.0.17134-SP0) requests/2.18.4 msrest/0.4.29
          msrest_azure/0.4.30 azure-mgmt-dns/2.0.0rc1 Azure-SDK-For-Python AZURECLI/2.0.33]
      accept-language: [en-US]
    method: PUT
    uri: https://management.azure.com/subscriptions/00000000-0000-0000-0000-000000000000/resourceGroups/cli_test_dns000001/providers/Microsoft.Network/dnsZones/myzone.com/SOA/@?api-version=2018-03-01-preview
  response:
    body: {string: '{"id":"\/subscriptions\/0b1f6471-1bf0-4dda-aec3-cb9272f09590\/resourceGroups\/cli_test_dns000001\/providers\/Microsoft.Network\/dnszones\/myzone.com\/SOA\/@","name":"@","type":"Microsoft.Network\/dnszones\/SOA","etag":"e9cb1d9b-335b-4be5-ac0d-9acdfcec8938","properties":{"fqdn":"myzone.com.","TTL":3600,"SOARecord":{"email":"foo.com","expireTime":30,"host":"ns1-01.azure-dns.com.","minimumTTL":20,"refreshTime":60,"retryTime":90,"serialNumber":123}}}'}
    headers:
      cache-control: [private]
      content-length: ['507']
      content-type: [application/json; charset=utf-8]
      date: ['Thu, 17 May 2018 17:54:18 GMT']
      etag: [e9cb1d9b-335b-4be5-ac0d-9acdfcec8938]
      server: [Microsoft-IIS/8.5]
      strict-transport-security: [max-age=31536000; includeSubDomains]
      transfer-encoding: [chunked]
      vary: [Accept-Encoding]
      x-aspnet-version: [4.0.30319]
      x-content-type-options: [nosniff]
      x-ms-ratelimit-remaining-subscription-resource-requests: ['11999']
      x-powered-by: [ASP.NET]
    status: {code: 200, message: OK}
- request:
    body: null
    headers:
      Accept: [application/json]
      Accept-Encoding: ['gzip, deflate']
      CommandName: [network dns record-set txt add-record]
      Connection: [keep-alive]
      Content-Type: [application/json; charset=utf-8]
      User-Agent: [python/3.6.1 (Windows-10-10.0.17134-SP0) requests/2.18.4 msrest/0.4.29
          msrest_azure/0.4.30 azure-mgmt-dns/2.0.0rc1 Azure-SDK-For-Python AZURECLI/2.0.33]
      accept-language: [en-US]
    method: GET
    uri: https://management.azure.com/subscriptions/00000000-0000-0000-0000-000000000000/resourceGroups/cli_test_dns000001/providers/Microsoft.Network/dnsZones/myzone.com/TXT/longtxt?api-version=2018-03-01-preview
  response:
    body: {string: '{"code":"NotFound","message":"The resource record ''longtxt''
        does not exist in resource group ''cli_test_dns000001'' of subscription ''0b1f6471-1bf0-4dda-aec3-cb9272f09590''."}'}
    headers:
      cache-control: [private]
      content-length: ['228']
      content-type: [application/json; charset=utf-8]
      date: ['Thu, 17 May 2018 17:54:19 GMT']
      server: [Microsoft-IIS/8.5]
      strict-transport-security: [max-age=31536000; includeSubDomains]
      x-aspnet-version: [4.0.30319]
      x-content-type-options: [nosniff]
      x-ms-ratelimit-remaining-subscription-resource-requests: ['11999']
      x-powered-by: [ASP.NET]
    status: {code: 404, message: Not Found}
- request:
    body: '{"properties": {"TTL": 3600, "TXTRecords": [{"value": ["012345678901234567890123456789012345678901234567890123456789012345678901234567890123456789012345678901234567890123456789012345678901234567890123456789012345678901234567890123456789012345678901234567890123456789012345678901234567890123456789012345678901234",
      "56789012345678901234567890123456789012345678901234567890123456789012345678901234567890123456789012345678901234567890123456789012345678901234567890123456789012345678901234567890123456789012345678901234567890123456789012345678901234567890123456789"]}]}}'
    headers:
      Accept: [application/json]
      Accept-Encoding: ['gzip, deflate']
      CommandName: [network dns record-set txt add-record]
      Connection: [keep-alive]
      Content-Length: ['566']
      Content-Type: [application/json; charset=utf-8]
      User-Agent: [python/3.6.1 (Windows-10-10.0.17134-SP0) requests/2.18.4 msrest/0.4.29
          msrest_azure/0.4.30 azure-mgmt-dns/2.0.0rc1 Azure-SDK-For-Python AZURECLI/2.0.33]
      accept-language: [en-US]
    method: PUT
    uri: https://management.azure.com/subscriptions/00000000-0000-0000-0000-000000000000/resourceGroups/cli_test_dns000001/providers/Microsoft.Network/dnsZones/myzone.com/TXT/longtxt?api-version=2018-03-01-preview
  response:
    body: {string: '{"id":"\/subscriptions\/0b1f6471-1bf0-4dda-aec3-cb9272f09590\/resourceGroups\/cli_test_dns000001\/providers\/Microsoft.Network\/dnszones\/myzone.com\/TXT\/longtxt","name":"longtxt","type":"Microsoft.Network\/dnszones\/TXT","etag":"bd4a08d6-d19e-481a-9576-9b3674c5a7af","properties":{"fqdn":"longtxt.myzone.com.","TTL":3600,"TXTRecords":[{"value":["012345678901234567890123456789012345678901234567890123456789012345678901234567890123456789012345678901234567890123456789012345678901234567890123456789012345678901234567890123456789012345678901234567890123456789012345678901234567890123456789012345678901234","56789012345678901234567890123456789012345678901234567890123456789012345678901234567890123456789012345678901234567890123456789012345678901234567890123456789012345678901234567890123456789012345678901234567890123456789012345678901234567890123456789"]}]}}'}
    headers:
      cache-control: [private]
      content-length: ['914']
      content-type: [application/json; charset=utf-8]
      date: ['Thu, 17 May 2018 17:54:21 GMT']
      etag: [bd4a08d6-d19e-481a-9576-9b3674c5a7af]
      server: [Microsoft-IIS/8.5]
      strict-transport-security: [max-age=31536000; includeSubDomains]
      x-aspnet-version: [4.0.30319]
      x-content-type-options: [nosniff]
      x-ms-ratelimit-remaining-subscription-resource-requests: ['11999']
      x-powered-by: [ASP.NET]
    status: {code: 201, message: Created}
- request:
    body: null
    headers:
      Accept: [application/json]
      Accept-Encoding: ['gzip, deflate']
      CommandName: [network dns zone show]
      Connection: [keep-alive]
      Content-Type: [application/json; charset=utf-8]
      User-Agent: [python/3.6.1 (Windows-10-10.0.17134-SP0) requests/2.18.4 msrest/0.4.29
          msrest_azure/0.4.30 azure-mgmt-dns/2.0.0rc1 Azure-SDK-For-Python AZURECLI/2.0.33]
      accept-language: [en-US]
    method: GET
    uri: https://management.azure.com/subscriptions/00000000-0000-0000-0000-000000000000/resourceGroups/cli_test_dns000001/providers/Microsoft.Network/dnsZones/myzone.com?api-version=2018-03-01-preview
  response:
    body: {string: '{"id":"\/subscriptions\/0b1f6471-1bf0-4dda-aec3-cb9272f09590\/resourceGroups\/cli_test_dns000001\/providers\/Microsoft.Network\/dnszones\/myzone.com","name":"myzone.com","type":"Microsoft.Network\/dnszones","etag":"00000002-0000-0000-9e77-decc07eed301","location":"global","tags":{},"properties":{"maxNumberOfRecordSets":5000,"nameServers":["ns1-01.azure-dns.com.","ns2-01.azure-dns.net.","ns3-01.azure-dns.org.","ns4-01.azure-dns.info."],"numberOfRecordSets":21,"zoneType":"Public"}}'}
    headers:
      cache-control: [private]
      content-length: ['541']
      content-type: [application/json; charset=utf-8]
      date: ['Thu, 17 May 2018 17:54:24 GMT']
      etag: [00000002-0000-0000-9e77-decc07eed301]
      server: [Microsoft-IIS/8.5]
      strict-transport-security: [max-age=31536000; includeSubDomains]
      transfer-encoding: [chunked]
      vary: [Accept-Encoding]
      x-aspnet-version: [4.0.30319]
      x-content-type-options: [nosniff]
      x-ms-ratelimit-remaining-subscription-resource-requests: ['11999']
      x-powered-by: [ASP.NET]
    status: {code: 200, message: OK}
- request:
    body: null
    headers:
      Accept: [application/json]
      Accept-Encoding: ['gzip, deflate']
      CommandName: [network dns record-set a show]
      Connection: [keep-alive]
      Content-Type: [application/json; charset=utf-8]
      User-Agent: [python/3.6.1 (Windows-10-10.0.17134-SP0) requests/2.18.4 msrest/0.4.29
          msrest_azure/0.4.30 azure-mgmt-dns/2.0.0rc1 Azure-SDK-For-Python AZURECLI/2.0.33]
      accept-language: [en-US]
    method: GET
    uri: https://management.azure.com/subscriptions/00000000-0000-0000-0000-000000000000/resourceGroups/cli_test_dns000001/providers/Microsoft.Network/dnsZones/myzone.com/A/myrsa?api-version=2018-03-01-preview
  response:
    body: {string: '{"id":"\/subscriptions\/0b1f6471-1bf0-4dda-aec3-cb9272f09590\/resourceGroups\/cli_test_dns000001\/providers\/Microsoft.Network\/dnszones\/myzone.com\/A\/myrsa","name":"myrsa","type":"Microsoft.Network\/dnszones\/A","etag":"c120f572-40fa-4f33-b957-729276f7448f","properties":{"fqdn":"myrsa.myzone.com.","TTL":3600,"ARecords":[{"ipv4Address":"10.0.0.10"},{"ipv4Address":"10.0.0.11"}]}}'}
    headers:
      cache-control: [private]
      content-length: ['440']
      content-type: [application/json; charset=utf-8]
      date: ['Thu, 17 May 2018 17:54:25 GMT']
      etag: [c120f572-40fa-4f33-b957-729276f7448f]
      server: [Microsoft-IIS/8.5]
      strict-transport-security: [max-age=31536000; includeSubDomains]
      transfer-encoding: [chunked]
      vary: [Accept-Encoding]
      x-aspnet-version: [4.0.30319]
      x-content-type-options: [nosniff]
      x-ms-ratelimit-remaining-subscription-resource-requests: ['11998']
      x-powered-by: [ASP.NET]
    status: {code: 200, message: OK}
- request:
    body: null
    headers:
      Accept: [application/json]
      Accept-Encoding: ['gzip, deflate']
      CommandName: [network dns record-set list]
      Connection: [keep-alive]
      Content-Type: [application/json; charset=utf-8]
      User-Agent: [python/3.6.1 (Windows-10-10.0.17134-SP0) requests/2.18.4 msrest/0.4.29
          msrest_azure/0.4.30 azure-mgmt-dns/2.0.0rc1 Azure-SDK-For-Python AZURECLI/2.0.33]
      accept-language: [en-US]
    method: GET
    uri: https://management.azure.com/subscriptions/00000000-0000-0000-0000-000000000000/resourceGroups/cli_test_dns000001/providers/Microsoft.Network/dnsZones/myzone.com/recordsets?api-version=2018-03-01-preview
  response:
    body: {string: '{"value":[{"id":"\/subscriptions\/0b1f6471-1bf0-4dda-aec3-cb9272f09590\/resourceGroups\/cli_test_dns000001\/providers\/Microsoft.Network\/dnszones\/myzone.com\/NS\/@","name":"@","type":"Microsoft.Network\/dnszones\/NS","etag":"83a8e96e-5dc9-44cd-a5ec-61dd084397ad","properties":{"fqdn":"myzone.com.","TTL":172800,"NSRecords":[{"nsdname":"ns1-01.azure-dns.com."},{"nsdname":"ns2-01.azure-dns.net."},{"nsdname":"ns3-01.azure-dns.org."},{"nsdname":"ns4-01.azure-dns.info."}]}},{"id":"\/subscriptions\/0b1f6471-1bf0-4dda-aec3-cb9272f09590\/resourceGroups\/cli_test_dns000001\/providers\/Microsoft.Network\/dnszones\/myzone.com\/SOA\/@","name":"@","type":"Microsoft.Network\/dnszones\/SOA","etag":"e9cb1d9b-335b-4be5-ac0d-9acdfcec8938","properties":{"fqdn":"myzone.com.","TTL":3600,"SOARecord":{"email":"foo.com","expireTime":30,"host":"ns1-01.azure-dns.com.","minimumTTL":20,"refreshTime":60,"retryTime":90,"serialNumber":123}}},{"id":"\/subscriptions\/0b1f6471-1bf0-4dda-aec3-cb9272f09590\/resourceGroups\/cli_test_dns000001\/providers\/Microsoft.Network\/dnszones\/myzone.com\/TXT\/longtxt","name":"longtxt","type":"Microsoft.Network\/dnszones\/TXT","etag":"bd4a08d6-d19e-481a-9576-9b3674c5a7af","properties":{"fqdn":"longtxt.myzone.com.","TTL":3600,"TXTRecords":[{"value":["012345678901234567890123456789012345678901234567890123456789012345678901234567890123456789012345678901234567890123456789012345678901234567890123456789012345678901234567890123456789012345678901234567890123456789012345678901234567890123456789012345678901234","56789012345678901234567890123456789012345678901234567890123456789012345678901234567890123456789012345678901234567890123456789012345678901234567890123456789012345678901234567890123456789012345678901234567890123456789012345678901234567890123456789"]}]}},{"id":"\/subscriptions\/0b1f6471-1bf0-4dda-aec3-cb9272f09590\/resourceGroups\/cli_test_dns000001\/providers\/Microsoft.Network\/dnszones\/myzone.com\/A\/myrsa","name":"myrsa","type":"Microsoft.Network\/dnszones\/A","etag":"c120f572-40fa-4f33-b957-729276f7448f","properties":{"fqdn":"myrsa.myzone.com.","TTL":3600,"ARecords":[{"ipv4Address":"10.0.0.10"},{"ipv4Address":"10.0.0.11"}]}},{"id":"\/subscriptions\/0b1f6471-1bf0-4dda-aec3-cb9272f09590\/resourceGroups\/cli_test_dns000001\/providers\/Microsoft.Network\/dnszones\/myzone.com\/AAAA\/myrsaaaa","name":"myrsaaaa","type":"Microsoft.Network\/dnszones\/AAAA","etag":"daf049a1-b36f-439c-a7bb-1799368b36d1","properties":{"fqdn":"myrsaaaa.myzone.com.","TTL":3600,"AAAARecords":[{"ipv6Address":"2001:db8:0:1:1:1:1:1"}]}},{"id":"\/subscriptions\/0b1f6471-1bf0-4dda-aec3-cb9272f09590\/resourceGroups\/cli_test_dns000001\/providers\/Microsoft.Network\/dnszones\/myzone.com\/AAAA\/myrsaaaaalt","name":"myrsaaaaalt","type":"Microsoft.Network\/dnszones\/AAAA","etag":"161a029a-64ee-48b8-82f0-274851d1b229","properties":{"fqdn":"myrsaaaaalt.myzone.com.","TTL":3600,"AAAARecords":[{"ipv6Address":"2001:db8:0:1:1:1:1:1"}]}},{"id":"\/subscriptions\/0b1f6471-1bf0-4dda-aec3-cb9272f09590\/resourceGroups\/cli_test_dns000001\/providers\/Microsoft.Network\/dnszones\/myzone.com\/A\/myrsaalt","name":"myrsaalt","type":"Microsoft.Network\/dnszones\/A","etag":"afe17ec7-5909-498c-8156-b1da971ec908","properties":{"fqdn":"myrsaalt.myzone.com.","TTL":3600,"ARecords":[{"ipv4Address":"10.0.0.10"}]}},{"id":"\/subscriptions\/0b1f6471-1bf0-4dda-aec3-cb9272f09590\/resourceGroups\/cli_test_dns000001\/providers\/Microsoft.Network\/dnszones\/myzone.com\/CAA\/myrscaa","name":"myrscaa","type":"Microsoft.Network\/dnszones\/CAA","etag":"44fccdf7-337b-4199-8315-23bde0cf0faf","properties":{"fqdn":"myrscaa.myzone.com.","TTL":3600,"caaRecords":[{"flags":0,"tag":"foo","value":"my
        value"}]}},{"id":"\/subscriptions\/0b1f6471-1bf0-4dda-aec3-cb9272f09590\/resourceGroups\/cli_test_dns000001\/providers\/Microsoft.Network\/dnszones\/myzone.com\/CAA\/myrscaaalt","name":"myrscaaalt","type":"Microsoft.Network\/dnszones\/CAA","etag":"f1748996-2bf4-401e-9a28-3640d34bad84","properties":{"fqdn":"myrscaaalt.myzone.com.","TTL":3600,"caaRecords":[{"flags":0,"tag":"foo","value":"my
        value"}]}},{"id":"\/subscriptions\/0b1f6471-1bf0-4dda-aec3-cb9272f09590\/resourceGroups\/cli_test_dns000001\/providers\/Microsoft.Network\/dnszones\/myzone.com\/CNAME\/myrscname","name":"myrscname","type":"Microsoft.Network\/dnszones\/CNAME","etag":"6fab22c1-1446-42b9-ae6f-9c7614913566","properties":{"fqdn":"myrscname.myzone.com.","TTL":3600,"CNAMERecord":{"cname":"mycname"}}},{"id":"\/subscriptions\/0b1f6471-1bf0-4dda-aec3-cb9272f09590\/resourceGroups\/cli_test_dns000001\/providers\/Microsoft.Network\/dnszones\/myzone.com\/CNAME\/myrscnamealt","name":"myrscnamealt","type":"Microsoft.Network\/dnszones\/CNAME","etag":"c3165715-59af-4771-b355-7ddbb54396c4","properties":{"fqdn":"myrscnamealt.myzone.com.","TTL":3600,"CNAMERecord":{"cname":"mycname"}}},{"id":"\/subscriptions\/0b1f6471-1bf0-4dda-aec3-cb9272f09590\/resourceGroups\/cli_test_dns000001\/providers\/Microsoft.Network\/dnszones\/myzone.com\/MX\/myrsmx","name":"myrsmx","type":"Microsoft.Network\/dnszones\/MX","etag":"cce846a6-fbf2-421e-aeaf-0e525d02c310","properties":{"fqdn":"myrsmx.myzone.com.","TTL":3600,"MXRecords":[{"exchange":"12","preference":13}]}},{"id":"\/subscriptions\/0b1f6471-1bf0-4dda-aec3-cb9272f09590\/resourceGroups\/cli_test_dns000001\/providers\/Microsoft.Network\/dnszones\/myzone.com\/MX\/myrsmxalt","name":"myrsmxalt","type":"Microsoft.Network\/dnszones\/MX","etag":"5c4cc958-158b-4085-a643-6b2276f13fd1","properties":{"fqdn":"myrsmxalt.myzone.com.","TTL":3600,"MXRecords":[{"exchange":"12","preference":13}]}},{"id":"\/subscriptions\/0b1f6471-1bf0-4dda-aec3-cb9272f09590\/resourceGroups\/cli_test_dns000001\/providers\/Microsoft.Network\/dnszones\/myzone.com\/NS\/myrsns","name":"myrsns","type":"Microsoft.Network\/dnszones\/NS","etag":"9cbc8ee5-494c-4ea2-93fa-e2e5d80a61ff","properties":{"fqdn":"myrsns.myzone.com.","TTL":3600,"NSRecords":[{"nsdname":"foobar.com"}]}},{"id":"\/subscriptions\/0b1f6471-1bf0-4dda-aec3-cb9272f09590\/resourceGroups\/cli_test_dns000001\/providers\/Microsoft.Network\/dnszones\/myzone.com\/NS\/myrsnsalt","name":"myrsnsalt","type":"Microsoft.Network\/dnszones\/NS","etag":"5e2d5ee9-57b6-4395-8f84-c62547dafbaa","properties":{"fqdn":"myrsnsalt.myzone.com.","TTL":3600,"NSRecords":[{"nsdname":"foobar.com"}]}},{"id":"\/subscriptions\/0b1f6471-1bf0-4dda-aec3-cb9272f09590\/resourceGroups\/cli_test_dns000001\/providers\/Microsoft.Network\/dnszones\/myzone.com\/PTR\/myrsptr","name":"myrsptr","type":"Microsoft.Network\/dnszones\/PTR","etag":"38802fcf-0720-448f-b1b1-71786eea89a6","properties":{"fqdn":"myrsptr.myzone.com.","TTL":3600,"PTRRecords":[{"ptrdname":"foobar.com"}]}},{"id":"\/subscriptions\/0b1f6471-1bf0-4dda-aec3-cb9272f09590\/resourceGroups\/cli_test_dns000001\/providers\/Microsoft.Network\/dnszones\/myzone.com\/PTR\/myrsptralt","name":"myrsptralt","type":"Microsoft.Network\/dnszones\/PTR","etag":"effeccc6-dee0-4dec-971e-02a311f470ef","properties":{"fqdn":"myrsptralt.myzone.com.","TTL":3600,"PTRRecords":[{"ptrdname":"foobar.com"}]}},{"id":"\/subscriptions\/0b1f6471-1bf0-4dda-aec3-cb9272f09590\/resourceGroups\/cli_test_dns000001\/providers\/Microsoft.Network\/dnszones\/myzone.com\/SRV\/myrssrv","name":"myrssrv","type":"Microsoft.Network\/dnszones\/SRV","etag":"e1c50a71-c568-465b-9a64-c415ed0826e3","properties":{"fqdn":"myrssrv.myzone.com.","TTL":3600,"SRVRecords":[{"port":1234,"priority":1,"target":"target.com","weight":50}]}},{"id":"\/subscriptions\/0b1f6471-1bf0-4dda-aec3-cb9272f09590\/resourceGroups\/cli_test_dns000001\/providers\/Microsoft.Network\/dnszones\/myzone.com\/SRV\/myrssrvalt","name":"myrssrvalt","type":"Microsoft.Network\/dnszones\/SRV","etag":"e8d8464d-6667-40b3-8b97-5ec73d6a3884","properties":{"fqdn":"myrssrvalt.myzone.com.","TTL":3600,"SRVRecords":[{"port":1234,"priority":1,"target":"target.com","weight":50}]}},{"id":"\/subscriptions\/0b1f6471-1bf0-4dda-aec3-cb9272f09590\/resourceGroups\/cli_test_dns000001\/providers\/Microsoft.Network\/dnszones\/myzone.com\/TXT\/myrstxt","name":"myrstxt","type":"Microsoft.Network\/dnszones\/TXT","etag":"79dc109f-a03a-4038-9407-d899905f2272","properties":{"fqdn":"myrstxt.myzone.com.","TTL":3600,"TXTRecords":[{"value":["some_text"]}]}},{"id":"\/subscriptions\/0b1f6471-1bf0-4dda-aec3-cb9272f09590\/resourceGroups\/cli_test_dns000001\/providers\/Microsoft.Network\/dnszones\/myzone.com\/TXT\/myrstxtalt","name":"myrstxtalt","type":"Microsoft.Network\/dnszones\/TXT","etag":"87e3f8d4-34c8-4f01-a22d-c51eec8ca0f0","properties":{"fqdn":"myrstxtalt.myzone.com.","TTL":3600,"TXTRecords":[{"value":["some_text"]}]}}]}'}
    headers:
      cache-control: [private]
      content-length: ['9792']
      content-type: [application/json; charset=utf-8]
      date: ['Thu, 17 May 2018 17:54:27 GMT']
      server: [Microsoft-IIS/8.5]
      strict-transport-security: [max-age=31536000; includeSubDomains]
      transfer-encoding: [chunked]
      vary: [Accept-Encoding]
      x-aspnet-version: [4.0.30319]
      x-content-type-options: [nosniff]
      x-ms-ratelimit-remaining-subscription-resource-requests: ['11999']
      x-powered-by: [ASP.NET]
    status: {code: 200, message: OK}
- request:
    body: null
    headers:
      Accept: [application/json]
      Accept-Encoding: ['gzip, deflate']
      CommandName: [network dns record-set txt list]
      Connection: [keep-alive]
      Content-Type: [application/json; charset=utf-8]
      User-Agent: [python/3.6.1 (Windows-10-10.0.17134-SP0) requests/2.18.4 msrest/0.4.29
          msrest_azure/0.4.30 azure-mgmt-dns/2.0.0rc1 Azure-SDK-For-Python AZURECLI/2.0.33]
      accept-language: [en-US]
    method: GET
    uri: https://management.azure.com/subscriptions/00000000-0000-0000-0000-000000000000/resourceGroups/cli_test_dns000001/providers/Microsoft.Network/dnsZones/myzone.com/TXT?api-version=2018-03-01-preview
  response:
    body: {string: '{"value":[{"id":"\/subscriptions\/0b1f6471-1bf0-4dda-aec3-cb9272f09590\/resourceGroups\/cli_test_dns000001\/providers\/Microsoft.Network\/dnszones\/myzone.com\/TXT\/longtxt","name":"longtxt","type":"Microsoft.Network\/dnszones\/TXT","etag":"bd4a08d6-d19e-481a-9576-9b3674c5a7af","properties":{"fqdn":"longtxt.myzone.com.","TTL":3600,"TXTRecords":[{"value":["012345678901234567890123456789012345678901234567890123456789012345678901234567890123456789012345678901234567890123456789012345678901234567890123456789012345678901234567890123456789012345678901234567890123456789012345678901234567890123456789012345678901234","56789012345678901234567890123456789012345678901234567890123456789012345678901234567890123456789012345678901234567890123456789012345678901234567890123456789012345678901234567890123456789012345678901234567890123456789012345678901234567890123456789"]}]}},{"id":"\/subscriptions\/0b1f6471-1bf0-4dda-aec3-cb9272f09590\/resourceGroups\/cli_test_dns000001\/providers\/Microsoft.Network\/dnszones\/myzone.com\/TXT\/myrstxt","name":"myrstxt","type":"Microsoft.Network\/dnszones\/TXT","etag":"79dc109f-a03a-4038-9407-d899905f2272","properties":{"fqdn":"myrstxt.myzone.com.","TTL":3600,"TXTRecords":[{"value":["some_text"]}]}},{"id":"\/subscriptions\/0b1f6471-1bf0-4dda-aec3-cb9272f09590\/resourceGroups\/cli_test_dns000001\/providers\/Microsoft.Network\/dnszones\/myzone.com\/TXT\/myrstxtalt","name":"myrstxtalt","type":"Microsoft.Network\/dnszones\/TXT","etag":"87e3f8d4-34c8-4f01-a22d-c51eec8ca0f0","properties":{"fqdn":"myrstxtalt.myzone.com.","TTL":3600,"TXTRecords":[{"value":["some_text"]}]}}]}'}
    headers:
      cache-control: [private]
      content-length: ['1777']
      content-type: [application/json; charset=utf-8]
      date: ['Thu, 17 May 2018 17:54:30 GMT']
      server: [Microsoft-IIS/8.5]
      strict-transport-security: [max-age=31536000; includeSubDomains]
      transfer-encoding: [chunked]
      vary: [Accept-Encoding]
      x-aspnet-version: [4.0.30319]
      x-content-type-options: [nosniff]
      x-ms-ratelimit-remaining-subscription-resource-requests: ['11999']
      x-powered-by: [ASP.NET]
    status: {code: 200, message: OK}
- request:
    body: null
    headers:
      Accept: [application/json]
      Accept-Encoding: ['gzip, deflate']
      CommandName: [network dns record-set a remove-record]
      Connection: [keep-alive]
      Content-Type: [application/json; charset=utf-8]
      User-Agent: [python/3.6.1 (Windows-10-10.0.17134-SP0) requests/2.18.4 msrest/0.4.29
          msrest_azure/0.4.30 azure-mgmt-dns/2.0.0rc1 Azure-SDK-For-Python AZURECLI/2.0.33]
      accept-language: [en-US]
    method: GET
    uri: https://management.azure.com/subscriptions/00000000-0000-0000-0000-000000000000/resourceGroups/cli_test_dns000001/providers/Microsoft.Network/dnsZones/myzone.com/A/myrsa?api-version=2018-03-01-preview
  response:
    body: {string: '{"id":"\/subscriptions\/0b1f6471-1bf0-4dda-aec3-cb9272f09590\/resourceGroups\/cli_test_dns000001\/providers\/Microsoft.Network\/dnszones\/myzone.com\/A\/myrsa","name":"myrsa","type":"Microsoft.Network\/dnszones\/A","etag":"c120f572-40fa-4f33-b957-729276f7448f","properties":{"fqdn":"myrsa.myzone.com.","TTL":3600,"ARecords":[{"ipv4Address":"10.0.0.10"},{"ipv4Address":"10.0.0.11"}]}}'}
    headers:
      cache-control: [private]
      content-length: ['440']
      content-type: [application/json; charset=utf-8]
      date: ['Thu, 17 May 2018 17:54:31 GMT']
      etag: [c120f572-40fa-4f33-b957-729276f7448f]
      server: [Microsoft-IIS/8.5]
      strict-transport-security: [max-age=31536000; includeSubDomains]
      transfer-encoding: [chunked]
      vary: [Accept-Encoding]
      x-aspnet-version: [4.0.30319]
      x-content-type-options: [nosniff]
      x-ms-ratelimit-remaining-subscription-resource-requests: ['11998']
      x-powered-by: [ASP.NET]
    status: {code: 200, message: OK}
- request:
    body: '{"etag": "c120f572-40fa-4f33-b957-729276f7448f", "properties": {"TTL":
      3600, "ARecords": [{"ipv4Address": "10.0.0.11"}]}}'
    headers:
      Accept: [application/json]
      Accept-Encoding: ['gzip, deflate']
      CommandName: [network dns record-set a remove-record]
      Connection: [keep-alive]
      Content-Length: ['121']
      Content-Type: [application/json; charset=utf-8]
      User-Agent: [python/3.6.1 (Windows-10-10.0.17134-SP0) requests/2.18.4 msrest/0.4.29
          msrest_azure/0.4.30 azure-mgmt-dns/2.0.0rc1 Azure-SDK-For-Python AZURECLI/2.0.33]
      accept-language: [en-US]
    method: PUT
    uri: https://management.azure.com/subscriptions/00000000-0000-0000-0000-000000000000/resourceGroups/cli_test_dns000001/providers/Microsoft.Network/dnsZones/myzone.com/A/myrsa?api-version=2018-03-01-preview
  response:
    body: {string: '{"id":"\/subscriptions\/0b1f6471-1bf0-4dda-aec3-cb9272f09590\/resourceGroups\/cli_test_dns000001\/providers\/Microsoft.Network\/dnszones\/myzone.com\/A\/myrsa","name":"myrsa","type":"Microsoft.Network\/dnszones\/A","etag":"811a9d08-8f58-479c-a599-822ab7493997","properties":{"fqdn":"myrsa.myzone.com.","TTL":3600,"ARecords":[{"ipv4Address":"10.0.0.11"}]}}'}
    headers:
      cache-control: [private]
      content-length: ['412']
      content-type: [application/json; charset=utf-8]
      date: ['Thu, 17 May 2018 17:54:33 GMT']
      etag: [811a9d08-8f58-479c-a599-822ab7493997]
      server: [Microsoft-IIS/8.5]
      strict-transport-security: [max-age=31536000; includeSubDomains]
      transfer-encoding: [chunked]
      vary: [Accept-Encoding]
      x-aspnet-version: [4.0.30319]
      x-content-type-options: [nosniff]
      x-ms-ratelimit-remaining-subscription-resource-requests: ['11999']
      x-powered-by: [ASP.NET]
    status: {code: 200, message: OK}
- request:
    body: null
    headers:
      Accept: [application/json]
      Accept-Encoding: ['gzip, deflate']
      CommandName: [network dns record-set aaaa remove-record]
      Connection: [keep-alive]
      Content-Type: [application/json; charset=utf-8]
      User-Agent: [python/3.6.1 (Windows-10-10.0.17134-SP0) requests/2.18.4 msrest/0.4.29
          msrest_azure/0.4.30 azure-mgmt-dns/2.0.0rc1 Azure-SDK-For-Python AZURECLI/2.0.33]
      accept-language: [en-US]
    method: GET
    uri: https://management.azure.com/subscriptions/00000000-0000-0000-0000-000000000000/resourceGroups/cli_test_dns000001/providers/Microsoft.Network/dnsZones/myzone.com/AAAA/myrsaaaa?api-version=2018-03-01-preview
  response:
    body: {string: '{"id":"\/subscriptions\/0b1f6471-1bf0-4dda-aec3-cb9272f09590\/resourceGroups\/cli_test_dns000001\/providers\/Microsoft.Network\/dnszones\/myzone.com\/AAAA\/myrsaaaa","name":"myrsaaaa","type":"Microsoft.Network\/dnszones\/AAAA","etag":"daf049a1-b36f-439c-a7bb-1799368b36d1","properties":{"fqdn":"myrsaaaa.myzone.com.","TTL":3600,"AAAARecords":[{"ipv6Address":"2001:db8:0:1:1:1:1:1"}]}}'}
    headers:
      cache-control: [private]
      content-length: ['441']
      content-type: [application/json; charset=utf-8]
      date: ['Thu, 17 May 2018 17:54:35 GMT']
      etag: [daf049a1-b36f-439c-a7bb-1799368b36d1]
      server: [Microsoft-IIS/8.5]
      strict-transport-security: [max-age=31536000; includeSubDomains]
      transfer-encoding: [chunked]
      vary: [Accept-Encoding]
      x-aspnet-version: [4.0.30319]
      x-content-type-options: [nosniff]
      x-ms-ratelimit-remaining-subscription-resource-requests: ['11999']
      x-powered-by: [ASP.NET]
    status: {code: 200, message: OK}
- request:
    body: null
    headers:
      Accept: [application/json]
      Accept-Encoding: ['gzip, deflate']
      CommandName: [network dns record-set aaaa remove-record]
      Connection: [keep-alive]
      Content-Length: ['0']
      Content-Type: [application/json; charset=utf-8]
      User-Agent: [python/3.6.1 (Windows-10-10.0.17134-SP0) requests/2.18.4 msrest/0.4.29
          msrest_azure/0.4.30 azure-mgmt-dns/2.0.0rc1 Azure-SDK-For-Python AZURECLI/2.0.33]
      accept-language: [en-US]
    method: DELETE
    uri: https://management.azure.com/subscriptions/00000000-0000-0000-0000-000000000000/resourceGroups/cli_test_dns000001/providers/Microsoft.Network/dnsZones/myzone.com/AAAA/myrsaaaa?api-version=2018-03-01-preview
  response:
    body: {string: ''}
    headers:
      cache-control: [private]
      content-length: ['0']
      date: ['Thu, 17 May 2018 17:54:36 GMT']
      server: [Microsoft-IIS/8.5]
      strict-transport-security: [max-age=31536000; includeSubDomains]
      x-aspnet-version: [4.0.30319]
      x-content-type-options: [nosniff]
      x-ms-ratelimit-remaining-subscription-resource-requests: ['11999']
      x-powered-by: [ASP.NET]
    status: {code: 200, message: OK}
- request:
    body: null
    headers:
      Accept: [application/json]
      Accept-Encoding: ['gzip, deflate']
      CommandName: [network dns record-set caa remove-record]
      Connection: [keep-alive]
      Content-Type: [application/json; charset=utf-8]
      User-Agent: [python/3.6.1 (Windows-10-10.0.17134-SP0) requests/2.18.4 msrest/0.4.29
          msrest_azure/0.4.30 azure-mgmt-dns/2.0.0rc1 Azure-SDK-For-Python AZURECLI/2.0.33]
      accept-language: [en-US]
    method: GET
    uri: https://management.azure.com/subscriptions/00000000-0000-0000-0000-000000000000/resourceGroups/cli_test_dns000001/providers/Microsoft.Network/dnsZones/myzone.com/CAA/myrscaa?api-version=2018-03-01-preview
  response:
    body: {string: '{"id":"\/subscriptions\/0b1f6471-1bf0-4dda-aec3-cb9272f09590\/resourceGroups\/cli_test_dns000001\/providers\/Microsoft.Network\/dnszones\/myzone.com\/CAA\/myrscaa","name":"myrscaa","type":"Microsoft.Network\/dnszones\/CAA","etag":"44fccdf7-337b-4199-8315-23bde0cf0faf","properties":{"fqdn":"myrscaa.myzone.com.","TTL":3600,"caaRecords":[{"flags":0,"tag":"foo","value":"my
        value"}]}}'}
    headers:
      cache-control: [private]
      content-length: ['439']
      content-type: [application/json; charset=utf-8]
      date: ['Thu, 17 May 2018 17:54:39 GMT']
      etag: [44fccdf7-337b-4199-8315-23bde0cf0faf]
      server: [Microsoft-IIS/8.5]
      strict-transport-security: [max-age=31536000; includeSubDomains]
      transfer-encoding: [chunked]
      vary: [Accept-Encoding]
      x-aspnet-version: [4.0.30319]
      x-content-type-options: [nosniff]
      x-ms-ratelimit-remaining-subscription-resource-requests: ['11999']
      x-powered-by: [ASP.NET]
    status: {code: 200, message: OK}
- request:
    body: null
    headers:
      Accept: [application/json]
      Accept-Encoding: ['gzip, deflate']
      CommandName: [network dns record-set caa remove-record]
      Connection: [keep-alive]
      Content-Length: ['0']
      Content-Type: [application/json; charset=utf-8]
      User-Agent: [python/3.6.1 (Windows-10-10.0.17134-SP0) requests/2.18.4 msrest/0.4.29
          msrest_azure/0.4.30 azure-mgmt-dns/2.0.0rc1 Azure-SDK-For-Python AZURECLI/2.0.33]
      accept-language: [en-US]
    method: DELETE
    uri: https://management.azure.com/subscriptions/00000000-0000-0000-0000-000000000000/resourceGroups/cli_test_dns000001/providers/Microsoft.Network/dnsZones/myzone.com/CAA/myrscaa?api-version=2018-03-01-preview
  response:
    body: {string: ''}
    headers:
      cache-control: [private]
      content-length: ['0']
      date: ['Thu, 17 May 2018 17:54:41 GMT']
      server: [Microsoft-IIS/8.5]
      strict-transport-security: [max-age=31536000; includeSubDomains]
      x-aspnet-version: [4.0.30319]
      x-content-type-options: [nosniff]
      x-ms-ratelimit-remaining-subscription-resource-requests: ['11999']
      x-powered-by: [ASP.NET]
    status: {code: 200, message: OK}
- request:
    body: null
    headers:
      Accept: [application/json]
      Accept-Encoding: ['gzip, deflate']
      CommandName: [network dns record-set cname remove-record]
      Connection: [keep-alive]
      Content-Type: [application/json; charset=utf-8]
      User-Agent: [python/3.6.1 (Windows-10-10.0.17134-SP0) requests/2.18.4 msrest/0.4.29
          msrest_azure/0.4.30 azure-mgmt-dns/2.0.0rc1 Azure-SDK-For-Python AZURECLI/2.0.33]
      accept-language: [en-US]
    method: GET
    uri: https://management.azure.com/subscriptions/00000000-0000-0000-0000-000000000000/resourceGroups/cli_test_dns000001/providers/Microsoft.Network/dnsZones/myzone.com/CNAME/myrscname?api-version=2018-03-01-preview
  response:
    body: {string: '{"id":"\/subscriptions\/0b1f6471-1bf0-4dda-aec3-cb9272f09590\/resourceGroups\/cli_test_dns000001\/providers\/Microsoft.Network\/dnszones\/myzone.com\/CNAME\/myrscname","name":"myrscname","type":"Microsoft.Network\/dnszones\/CNAME","etag":"6fab22c1-1446-42b9-ae6f-9c7614913566","properties":{"fqdn":"myrscname.myzone.com.","TTL":3600,"CNAMERecord":{"cname":"mycname"}}}'}
    headers:
      cache-control: [private]
      content-length: ['425']
      content-type: [application/json; charset=utf-8]
      date: ['Thu, 17 May 2018 17:54:42 GMT']
      etag: [6fab22c1-1446-42b9-ae6f-9c7614913566]
      server: [Microsoft-IIS/8.5]
      strict-transport-security: [max-age=31536000; includeSubDomains]
      transfer-encoding: [chunked]
      vary: [Accept-Encoding]
      x-aspnet-version: [4.0.30319]
      x-content-type-options: [nosniff]
      x-ms-ratelimit-remaining-subscription-resource-requests: ['11999']
      x-powered-by: [ASP.NET]
    status: {code: 200, message: OK}
- request:
    body: null
    headers:
      Accept: [application/json]
      Accept-Encoding: ['gzip, deflate']
      CommandName: [network dns record-set cname remove-record]
      Connection: [keep-alive]
      Content-Length: ['0']
      Content-Type: [application/json; charset=utf-8]
      User-Agent: [python/3.6.1 (Windows-10-10.0.17134-SP0) requests/2.18.4 msrest/0.4.29
          msrest_azure/0.4.30 azure-mgmt-dns/2.0.0rc1 Azure-SDK-For-Python AZURECLI/2.0.33]
      accept-language: [en-US]
    method: DELETE
    uri: https://management.azure.com/subscriptions/00000000-0000-0000-0000-000000000000/resourceGroups/cli_test_dns000001/providers/Microsoft.Network/dnsZones/myzone.com/CNAME/myrscname?api-version=2018-03-01-preview
  response:
    body: {string: ''}
    headers:
      cache-control: [private]
      content-length: ['0']
      date: ['Thu, 17 May 2018 17:54:44 GMT']
      server: [Microsoft-IIS/8.5]
      strict-transport-security: [max-age=31536000; includeSubDomains]
      x-aspnet-version: [4.0.30319]
      x-content-type-options: [nosniff]
      x-ms-ratelimit-remaining-subscription-resource-requests: ['11999']
      x-powered-by: [ASP.NET]
    status: {code: 200, message: OK}
- request:
    body: null
    headers:
      Accept: [application/json]
      Accept-Encoding: ['gzip, deflate']
      CommandName: [network dns record-set mx remove-record]
      Connection: [keep-alive]
      Content-Type: [application/json; charset=utf-8]
      User-Agent: [python/3.6.1 (Windows-10-10.0.17134-SP0) requests/2.18.4 msrest/0.4.29
          msrest_azure/0.4.30 azure-mgmt-dns/2.0.0rc1 Azure-SDK-For-Python AZURECLI/2.0.33]
      accept-language: [en-US]
    method: GET
    uri: https://management.azure.com/subscriptions/00000000-0000-0000-0000-000000000000/resourceGroups/cli_test_dns000001/providers/Microsoft.Network/dnsZones/myzone.com/MX/myrsmx?api-version=2018-03-01-preview
  response:
    body: {string: '{"id":"\/subscriptions\/0b1f6471-1bf0-4dda-aec3-cb9272f09590\/resourceGroups\/cli_test_dns000001\/providers\/Microsoft.Network\/dnszones\/myzone.com\/MX\/myrsmx","name":"myrsmx","type":"Microsoft.Network\/dnszones\/MX","etag":"cce846a6-fbf2-421e-aeaf-0e525d02c310","properties":{"fqdn":"myrsmx.myzone.com.","TTL":3600,"MXRecords":[{"exchange":"12","preference":13}]}}'}
    headers:
      cache-control: [private]
      content-length: ['424']
      content-type: [application/json; charset=utf-8]
      date: ['Thu, 17 May 2018 17:54:45 GMT']
      etag: [cce846a6-fbf2-421e-aeaf-0e525d02c310]
      server: [Microsoft-IIS/8.5]
      strict-transport-security: [max-age=31536000; includeSubDomains]
      transfer-encoding: [chunked]
      vary: [Accept-Encoding]
      x-aspnet-version: [4.0.30319]
      x-content-type-options: [nosniff]
      x-ms-ratelimit-remaining-subscription-resource-requests: ['11999']
      x-powered-by: [ASP.NET]
    status: {code: 200, message: OK}
- request:
    body: null
    headers:
      Accept: [application/json]
      Accept-Encoding: ['gzip, deflate']
      CommandName: [network dns record-set mx remove-record]
      Connection: [keep-alive]
      Content-Length: ['0']
      Content-Type: [application/json; charset=utf-8]
      User-Agent: [python/3.6.1 (Windows-10-10.0.17134-SP0) requests/2.18.4 msrest/0.4.29
          msrest_azure/0.4.30 azure-mgmt-dns/2.0.0rc1 Azure-SDK-For-Python AZURECLI/2.0.33]
      accept-language: [en-US]
    method: DELETE
    uri: https://management.azure.com/subscriptions/00000000-0000-0000-0000-000000000000/resourceGroups/cli_test_dns000001/providers/Microsoft.Network/dnsZones/myzone.com/MX/myrsmx?api-version=2018-03-01-preview
  response:
    body: {string: ''}
    headers:
      cache-control: [private]
      content-length: ['0']
      date: ['Thu, 17 May 2018 17:54:48 GMT']
      server: [Microsoft-IIS/8.5]
      strict-transport-security: [max-age=31536000; includeSubDomains]
      x-aspnet-version: [4.0.30319]
      x-content-type-options: [nosniff]
      x-ms-ratelimit-remaining-subscription-resource-requests: ['11999']
      x-powered-by: [ASP.NET]
    status: {code: 200, message: OK}
- request:
    body: null
    headers:
      Accept: [application/json]
      Accept-Encoding: ['gzip, deflate']
      CommandName: [network dns record-set ns remove-record]
      Connection: [keep-alive]
      Content-Type: [application/json; charset=utf-8]
      User-Agent: [python/3.6.1 (Windows-10-10.0.17134-SP0) requests/2.18.4 msrest/0.4.29
          msrest_azure/0.4.30 azure-mgmt-dns/2.0.0rc1 Azure-SDK-For-Python AZURECLI/2.0.33]
      accept-language: [en-US]
    method: GET
    uri: https://management.azure.com/subscriptions/00000000-0000-0000-0000-000000000000/resourceGroups/cli_test_dns000001/providers/Microsoft.Network/dnsZones/myzone.com/NS/myrsns?api-version=2018-03-01-preview
  response:
    body: {string: '{"id":"\/subscriptions\/0b1f6471-1bf0-4dda-aec3-cb9272f09590\/resourceGroups\/cli_test_dns000001\/providers\/Microsoft.Network\/dnszones\/myzone.com\/NS\/myrsns","name":"myrsns","type":"Microsoft.Network\/dnszones\/NS","etag":"9cbc8ee5-494c-4ea2-93fa-e2e5d80a61ff","properties":{"fqdn":"myrsns.myzone.com.","TTL":3600,"NSRecords":[{"nsdname":"foobar.com"}]}}'}
    headers:
      cache-control: [private]
      content-length: ['415']
      content-type: [application/json; charset=utf-8]
      date: ['Thu, 17 May 2018 17:54:48 GMT']
      etag: [9cbc8ee5-494c-4ea2-93fa-e2e5d80a61ff]
      server: [Microsoft-IIS/8.5]
      strict-transport-security: [max-age=31536000; includeSubDomains]
      transfer-encoding: [chunked]
      vary: [Accept-Encoding]
      x-aspnet-version: [4.0.30319]
      x-content-type-options: [nosniff]
      x-ms-ratelimit-remaining-subscription-resource-requests: ['11999']
      x-powered-by: [ASP.NET]
    status: {code: 200, message: OK}
- request:
    body: null
    headers:
      Accept: [application/json]
      Accept-Encoding: ['gzip, deflate']
      CommandName: [network dns record-set ns remove-record]
      Connection: [keep-alive]
      Content-Length: ['0']
      Content-Type: [application/json; charset=utf-8]
      User-Agent: [python/3.6.1 (Windows-10-10.0.17134-SP0) requests/2.18.4 msrest/0.4.29
          msrest_azure/0.4.30 azure-mgmt-dns/2.0.0rc1 Azure-SDK-For-Python AZURECLI/2.0.33]
      accept-language: [en-US]
    method: DELETE
    uri: https://management.azure.com/subscriptions/00000000-0000-0000-0000-000000000000/resourceGroups/cli_test_dns000001/providers/Microsoft.Network/dnsZones/myzone.com/NS/myrsns?api-version=2018-03-01-preview
  response:
    body: {string: ''}
    headers:
      cache-control: [private]
      content-length: ['0']
      date: ['Thu, 17 May 2018 17:54:51 GMT']
      server: [Microsoft-IIS/8.5]
      strict-transport-security: [max-age=31536000; includeSubDomains]
      x-aspnet-version: [4.0.30319]
      x-content-type-options: [nosniff]
      x-ms-ratelimit-remaining-subscription-resource-requests: ['11999']
      x-powered-by: [ASP.NET]
    status: {code: 200, message: OK}
- request:
    body: null
    headers:
      Accept: [application/json]
      Accept-Encoding: ['gzip, deflate']
      CommandName: [network dns record-set ptr remove-record]
      Connection: [keep-alive]
      Content-Type: [application/json; charset=utf-8]
      User-Agent: [python/3.6.1 (Windows-10-10.0.17134-SP0) requests/2.18.4 msrest/0.4.29
          msrest_azure/0.4.30 azure-mgmt-dns/2.0.0rc1 Azure-SDK-For-Python AZURECLI/2.0.33]
      accept-language: [en-US]
    method: GET
    uri: https://management.azure.com/subscriptions/00000000-0000-0000-0000-000000000000/resourceGroups/cli_test_dns000001/providers/Microsoft.Network/dnsZones/myzone.com/PTR/myrsptr?api-version=2018-03-01-preview
  response:
    body: {string: '{"id":"\/subscriptions\/0b1f6471-1bf0-4dda-aec3-cb9272f09590\/resourceGroups\/cli_test_dns000001\/providers\/Microsoft.Network\/dnszones\/myzone.com\/PTR\/myrsptr","name":"myrsptr","type":"Microsoft.Network\/dnszones\/PTR","etag":"38802fcf-0720-448f-b1b1-71786eea89a6","properties":{"fqdn":"myrsptr.myzone.com.","TTL":3600,"PTRRecords":[{"ptrdname":"foobar.com"}]}}'}
    headers:
      cache-control: [private]
      content-length: ['422']
      content-type: [application/json; charset=utf-8]
      date: ['Thu, 17 May 2018 17:54:53 GMT']
      etag: [38802fcf-0720-448f-b1b1-71786eea89a6]
      server: [Microsoft-IIS/8.5]
      strict-transport-security: [max-age=31536000; includeSubDomains]
      transfer-encoding: [chunked]
      vary: [Accept-Encoding]
      x-aspnet-version: [4.0.30319]
      x-content-type-options: [nosniff]
      x-ms-ratelimit-remaining-subscription-resource-requests: ['11999']
      x-powered-by: [ASP.NET]
    status: {code: 200, message: OK}
- request:
    body: null
    headers:
      Accept: [application/json]
      Accept-Encoding: ['gzip, deflate']
      CommandName: [network dns record-set ptr remove-record]
      Connection: [keep-alive]
      Content-Length: ['0']
      Content-Type: [application/json; charset=utf-8]
      User-Agent: [python/3.6.1 (Windows-10-10.0.17134-SP0) requests/2.18.4 msrest/0.4.29
          msrest_azure/0.4.30 azure-mgmt-dns/2.0.0rc1 Azure-SDK-For-Python AZURECLI/2.0.33]
      accept-language: [en-US]
    method: DELETE
    uri: https://management.azure.com/subscriptions/00000000-0000-0000-0000-000000000000/resourceGroups/cli_test_dns000001/providers/Microsoft.Network/dnsZones/myzone.com/PTR/myrsptr?api-version=2018-03-01-preview
  response:
    body: {string: ''}
    headers:
      cache-control: [private]
      content-length: ['0']
      date: ['Thu, 17 May 2018 17:54:55 GMT']
      server: [Microsoft-IIS/8.5]
      strict-transport-security: [max-age=31536000; includeSubDomains]
      x-aspnet-version: [4.0.30319]
      x-content-type-options: [nosniff]
      x-ms-ratelimit-remaining-subscription-resource-requests: ['11999']
      x-powered-by: [ASP.NET]
    status: {code: 200, message: OK}
- request:
    body: null
    headers:
      Accept: [application/json]
      Accept-Encoding: ['gzip, deflate']
      CommandName: [network dns record-set srv remove-record]
      Connection: [keep-alive]
      Content-Type: [application/json; charset=utf-8]
      User-Agent: [python/3.6.1 (Windows-10-10.0.17134-SP0) requests/2.18.4 msrest/0.4.29
          msrest_azure/0.4.30 azure-mgmt-dns/2.0.0rc1 Azure-SDK-For-Python AZURECLI/2.0.33]
      accept-language: [en-US]
    method: GET
    uri: https://management.azure.com/subscriptions/00000000-0000-0000-0000-000000000000/resourceGroups/cli_test_dns000001/providers/Microsoft.Network/dnsZones/myzone.com/SRV/myrssrv?api-version=2018-03-01-preview
  response:
    body: {string: '{"id":"\/subscriptions\/0b1f6471-1bf0-4dda-aec3-cb9272f09590\/resourceGroups\/cli_test_dns000001\/providers\/Microsoft.Network\/dnszones\/myzone.com\/SRV\/myrssrv","name":"myrssrv","type":"Microsoft.Network\/dnszones\/SRV","etag":"e1c50a71-c568-465b-9a64-c415ed0826e3","properties":{"fqdn":"myrssrv.myzone.com.","TTL":3600,"SRVRecords":[{"port":1234,"priority":1,"target":"target.com","weight":50}]}}'}
    headers:
      cache-control: [private]
      content-length: ['457']
      content-type: [application/json; charset=utf-8]
      date: ['Thu, 17 May 2018 17:54:57 GMT']
      etag: [e1c50a71-c568-465b-9a64-c415ed0826e3]
      server: [Microsoft-IIS/8.5]
      strict-transport-security: [max-age=31536000; includeSubDomains]
      transfer-encoding: [chunked]
      vary: [Accept-Encoding]
      x-aspnet-version: [4.0.30319]
      x-content-type-options: [nosniff]
      x-ms-ratelimit-remaining-subscription-resource-requests: ['11999']
      x-powered-by: [ASP.NET]
    status: {code: 200, message: OK}
- request:
    body: null
    headers:
      Accept: [application/json]
      Accept-Encoding: ['gzip, deflate']
      CommandName: [network dns record-set srv remove-record]
      Connection: [keep-alive]
      Content-Length: ['0']
      Content-Type: [application/json; charset=utf-8]
      User-Agent: [python/3.6.1 (Windows-10-10.0.17134-SP0) requests/2.18.4 msrest/0.4.29
          msrest_azure/0.4.30 azure-mgmt-dns/2.0.0rc1 Azure-SDK-For-Python AZURECLI/2.0.33]
      accept-language: [en-US]
    method: DELETE
    uri: https://management.azure.com/subscriptions/00000000-0000-0000-0000-000000000000/resourceGroups/cli_test_dns000001/providers/Microsoft.Network/dnsZones/myzone.com/SRV/myrssrv?api-version=2018-03-01-preview
  response:
    body: {string: ''}
    headers:
      cache-control: [private]
      content-length: ['0']
      date: ['Thu, 17 May 2018 17:54:59 GMT']
      server: [Microsoft-IIS/8.5]
      strict-transport-security: [max-age=31536000; includeSubDomains]
      x-aspnet-version: [4.0.30319]
      x-content-type-options: [nosniff]
      x-ms-ratelimit-remaining-subscription-resource-requests: ['11999']
      x-powered-by: [ASP.NET]
    status: {code: 200, message: OK}
- request:
    body: null
    headers:
      Accept: [application/json]
      Accept-Encoding: ['gzip, deflate']
      CommandName: [network dns record-set txt remove-record]
      Connection: [keep-alive]
      Content-Type: [application/json; charset=utf-8]
      User-Agent: [python/3.6.1 (Windows-10-10.0.17134-SP0) requests/2.18.4 msrest/0.4.29
          msrest_azure/0.4.30 azure-mgmt-dns/2.0.0rc1 Azure-SDK-For-Python AZURECLI/2.0.33]
      accept-language: [en-US]
    method: GET
    uri: https://management.azure.com/subscriptions/00000000-0000-0000-0000-000000000000/resourceGroups/cli_test_dns000001/providers/Microsoft.Network/dnsZones/myzone.com/TXT/myrstxt?api-version=2018-03-01-preview
  response:
    body: {string: '{"id":"\/subscriptions\/0b1f6471-1bf0-4dda-aec3-cb9272f09590\/resourceGroups\/cli_test_dns000001\/providers\/Microsoft.Network\/dnszones\/myzone.com\/TXT\/myrstxt","name":"myrstxt","type":"Microsoft.Network\/dnszones\/TXT","etag":"79dc109f-a03a-4038-9407-d899905f2272","properties":{"fqdn":"myrstxt.myzone.com.","TTL":3600,"TXTRecords":[{"value":["some_text"]}]}}'}
    headers:
      cache-control: [private]
      content-length: ['420']
      content-type: [application/json; charset=utf-8]
      date: ['Thu, 17 May 2018 17:55:00 GMT']
      etag: [79dc109f-a03a-4038-9407-d899905f2272]
      server: [Microsoft-IIS/8.5]
      strict-transport-security: [max-age=31536000; includeSubDomains]
      transfer-encoding: [chunked]
      vary: [Accept-Encoding]
      x-aspnet-version: [4.0.30319]
      x-content-type-options: [nosniff]
      x-ms-ratelimit-remaining-subscription-resource-requests: ['11999']
      x-powered-by: [ASP.NET]
    status: {code: 200, message: OK}
- request:
    body: null
    headers:
      Accept: [application/json]
      Accept-Encoding: ['gzip, deflate']
      CommandName: [network dns record-set txt remove-record]
      Connection: [keep-alive]
      Content-Length: ['0']
      Content-Type: [application/json; charset=utf-8]
      User-Agent: [python/3.6.1 (Windows-10-10.0.17134-SP0) requests/2.18.4 msrest/0.4.29
          msrest_azure/0.4.30 azure-mgmt-dns/2.0.0rc1 Azure-SDK-For-Python AZURECLI/2.0.33]
      accept-language: [en-US]
    method: DELETE
    uri: https://management.azure.com/subscriptions/00000000-0000-0000-0000-000000000000/resourceGroups/cli_test_dns000001/providers/Microsoft.Network/dnsZones/myzone.com/TXT/myrstxt?api-version=2018-03-01-preview
  response:
    body: {string: ''}
    headers:
      cache-control: [private]
      content-length: ['0']
      date: ['Thu, 17 May 2018 17:55:02 GMT']
      server: [Microsoft-IIS/8.5]
      strict-transport-security: [max-age=31536000; includeSubDomains]
      x-aspnet-version: [4.0.30319]
      x-content-type-options: [nosniff]
      x-ms-ratelimit-remaining-subscription-resource-requests: ['11999']
      x-powered-by: [ASP.NET]
    status: {code: 200, message: OK}
- request:
    body: null
    headers:
      Accept: [application/json]
      Accept-Encoding: ['gzip, deflate']
      CommandName: [network dns record-set a show]
      Connection: [keep-alive]
      Content-Type: [application/json; charset=utf-8]
      User-Agent: [python/3.6.1 (Windows-10-10.0.17134-SP0) requests/2.18.4 msrest/0.4.29
          msrest_azure/0.4.30 azure-mgmt-dns/2.0.0rc1 Azure-SDK-For-Python AZURECLI/2.0.33]
      accept-language: [en-US]
    method: GET
    uri: https://management.azure.com/subscriptions/00000000-0000-0000-0000-000000000000/resourceGroups/cli_test_dns000001/providers/Microsoft.Network/dnsZones/myzone.com/A/myrsa?api-version=2018-03-01-preview
  response:
    body: {string: '{"id":"\/subscriptions\/0b1f6471-1bf0-4dda-aec3-cb9272f09590\/resourceGroups\/cli_test_dns000001\/providers\/Microsoft.Network\/dnszones\/myzone.com\/A\/myrsa","name":"myrsa","type":"Microsoft.Network\/dnszones\/A","etag":"811a9d08-8f58-479c-a599-822ab7493997","properties":{"fqdn":"myrsa.myzone.com.","TTL":3600,"ARecords":[{"ipv4Address":"10.0.0.11"}]}}'}
    headers:
      cache-control: [private]
      content-length: ['412']
      content-type: [application/json; charset=utf-8]
      date: ['Thu, 17 May 2018 17:55:04 GMT']
      etag: [811a9d08-8f58-479c-a599-822ab7493997]
      server: [Microsoft-IIS/8.5]
      strict-transport-security: [max-age=31536000; includeSubDomains]
      transfer-encoding: [chunked]
      vary: [Accept-Encoding]
      x-aspnet-version: [4.0.30319]
      x-content-type-options: [nosniff]
      x-ms-ratelimit-remaining-subscription-resource-requests: ['11999']
      x-powered-by: [ASP.NET]
    status: {code: 200, message: OK}
- request:
    body: null
    headers:
      Accept: [application/json]
      Accept-Encoding: ['gzip, deflate']
      CommandName: [network dns record-set a remove-record]
      Connection: [keep-alive]
      Content-Type: [application/json; charset=utf-8]
      User-Agent: [python/3.6.1 (Windows-10-10.0.17134-SP0) requests/2.18.4 msrest/0.4.29
          msrest_azure/0.4.30 azure-mgmt-dns/2.0.0rc1 Azure-SDK-For-Python AZURECLI/2.0.33]
      accept-language: [en-US]
    method: GET
    uri: https://management.azure.com/subscriptions/00000000-0000-0000-0000-000000000000/resourceGroups/cli_test_dns000001/providers/Microsoft.Network/dnsZones/myzone.com/A/myrsa?api-version=2018-03-01-preview
  response:
    body: {string: '{"id":"\/subscriptions\/0b1f6471-1bf0-4dda-aec3-cb9272f09590\/resourceGroups\/cli_test_dns000001\/providers\/Microsoft.Network\/dnszones\/myzone.com\/A\/myrsa","name":"myrsa","type":"Microsoft.Network\/dnszones\/A","etag":"811a9d08-8f58-479c-a599-822ab7493997","properties":{"fqdn":"myrsa.myzone.com.","TTL":3600,"ARecords":[{"ipv4Address":"10.0.0.11"}]}}'}
    headers:
      cache-control: [private]
      content-length: ['412']
      content-type: [application/json; charset=utf-8]
      date: ['Thu, 17 May 2018 17:55:05 GMT']
      etag: [811a9d08-8f58-479c-a599-822ab7493997]
      server: [Microsoft-IIS/8.5]
      strict-transport-security: [max-age=31536000; includeSubDomains]
      transfer-encoding: [chunked]
      vary: [Accept-Encoding]
      x-aspnet-version: [4.0.30319]
      x-content-type-options: [nosniff]
      x-ms-ratelimit-remaining-subscription-resource-requests: ['11999']
      x-powered-by: [ASP.NET]
    status: {code: 200, message: OK}
- request:
    body: null
    headers:
      Accept: [application/json]
      Accept-Encoding: ['gzip, deflate']
      CommandName: [network dns record-set a remove-record]
      Connection: [keep-alive]
      Content-Length: ['0']
      Content-Type: [application/json; charset=utf-8]
      User-Agent: [python/3.6.1 (Windows-10-10.0.17134-SP0) requests/2.18.4 msrest/0.4.29
          msrest_azure/0.4.30 azure-mgmt-dns/2.0.0rc1 Azure-SDK-For-Python AZURECLI/2.0.33]
      accept-language: [en-US]
    method: DELETE
    uri: https://management.azure.com/subscriptions/00000000-0000-0000-0000-000000000000/resourceGroups/cli_test_dns000001/providers/Microsoft.Network/dnsZones/myzone.com/A/myrsa?api-version=2018-03-01-preview
  response:
    body: {string: ''}
    headers:
      cache-control: [private]
      content-length: ['0']
      date: ['Thu, 17 May 2018 17:55:08 GMT']
      server: [Microsoft-IIS/8.5]
      strict-transport-security: [max-age=31536000; includeSubDomains]
      x-aspnet-version: [4.0.30319]
      x-content-type-options: [nosniff]
      x-ms-ratelimit-remaining-subscription-resource-requests: ['11999']
      x-powered-by: [ASP.NET]
    status: {code: 200, message: OK}
- request:
    body: null
    headers:
      Accept: [application/json]
      Accept-Encoding: ['gzip, deflate']
      CommandName: [network dns record-set a show]
      Connection: [keep-alive]
      Content-Type: [application/json; charset=utf-8]
      User-Agent: [python/3.6.1 (Windows-10-10.0.17134-SP0) requests/2.18.4 msrest/0.4.29
          msrest_azure/0.4.30 azure-mgmt-dns/2.0.0rc1 Azure-SDK-For-Python AZURECLI/2.0.33]
      accept-language: [en-US]
    method: GET
    uri: https://management.azure.com/subscriptions/00000000-0000-0000-0000-000000000000/resourceGroups/cli_test_dns000001/providers/Microsoft.Network/dnsZones/myzone.com/A/myrsa?api-version=2018-03-01-preview
  response:
    body: {string: '{"code":"NotFound","message":"The resource record ''myrsa'' does
        not exist in resource group ''cli_test_dns000001'' of subscription ''0b1f6471-1bf0-4dda-aec3-cb9272f09590''."}'}
    headers:
      cache-control: [private]
      content-length: ['226']
      content-type: [application/json; charset=utf-8]
      date: ['Thu, 17 May 2018 17:55:08 GMT']
      server: [Microsoft-IIS/8.5]
      strict-transport-security: [max-age=31536000; includeSubDomains]
      x-aspnet-version: [4.0.30319]
      x-content-type-options: [nosniff]
      x-ms-ratelimit-remaining-subscription-resource-requests: ['11999']
      x-powered-by: [ASP.NET]
    status: {code: 404, message: Not Found}
- request:
    body: null
    headers:
      Accept: [application/json]
      Accept-Encoding: ['gzip, deflate']
      CommandName: [network dns record-set a delete]
      Connection: [keep-alive]
      Content-Length: ['0']
      Content-Type: [application/json; charset=utf-8]
      User-Agent: [python/3.6.1 (Windows-10-10.0.17134-SP0) requests/2.18.4 msrest/0.4.29
          msrest_azure/0.4.30 azure-mgmt-dns/2.0.0rc1 Azure-SDK-For-Python AZURECLI/2.0.33]
      accept-language: [en-US]
    method: DELETE
    uri: https://management.azure.com/subscriptions/00000000-0000-0000-0000-000000000000/resourceGroups/cli_test_dns000001/providers/Microsoft.Network/dnsZones/myzone.com/A/myrsa?api-version=2018-03-01-preview
  response:
    body: {string: ''}
    headers:
      cache-control: [private]
      date: ['Thu, 17 May 2018 17:55:11 GMT']
      server: [Microsoft-IIS/8.5]
      strict-transport-security: [max-age=31536000; includeSubDomains]
      x-aspnet-version: [4.0.30319]
      x-content-type-options: [nosniff]
      x-ms-ratelimit-remaining-subscription-resource-requests: ['11999']
      x-powered-by: [ASP.NET]
    status: {code: 204, message: No Content}
- request:
    body: null
    headers:
      Accept: [application/json]
      Accept-Encoding: ['gzip, deflate']
      CommandName: [network dns record-set a show]
      Connection: [keep-alive]
      Content-Type: [application/json; charset=utf-8]
      User-Agent: [python/3.6.1 (Windows-10-10.0.17134-SP0) requests/2.18.4 msrest/0.4.29
          msrest_azure/0.4.30 azure-mgmt-dns/2.0.0rc1 Azure-SDK-For-Python AZURECLI/2.0.33]
      accept-language: [en-US]
    method: GET
    uri: https://management.azure.com/subscriptions/00000000-0000-0000-0000-000000000000/resourceGroups/cli_test_dns000001/providers/Microsoft.Network/dnsZones/myzone.com/A/myrsa?api-version=2018-03-01-preview
  response:
    body: {string: '{"code":"NotFound","message":"The resource record ''myrsa'' does
        not exist in resource group ''cli_test_dns000001'' of subscription ''0b1f6471-1bf0-4dda-aec3-cb9272f09590''."}'}
    headers:
      cache-control: [private]
      content-length: ['226']
      content-type: [application/json; charset=utf-8]
      date: ['Thu, 17 May 2018 17:55:12 GMT']
      server: [Microsoft-IIS/8.5]
      strict-transport-security: [max-age=31536000; includeSubDomains]
      x-aspnet-version: [4.0.30319]
      x-content-type-options: [nosniff]
      x-ms-ratelimit-remaining-subscription-resource-requests: ['11999']
      x-powered-by: [ASP.NET]
    status: {code: 404, message: Not Found}
- request:
    body: null
    headers:
      Accept: [application/json]
      Accept-Encoding: ['gzip, deflate']
      CommandName: [network dns zone delete]
      Connection: [keep-alive]
      Content-Length: ['0']
      Content-Type: [application/json; charset=utf-8]
      User-Agent: [python/3.6.1 (Windows-10-10.0.17134-SP0) requests/2.18.4 msrest/0.4.29
          msrest_azure/0.4.30 azure-mgmt-dns/2.0.0rc1 Azure-SDK-For-Python AZURECLI/2.0.33]
      accept-language: [en-US]
    method: DELETE
    uri: https://management.azure.com/subscriptions/00000000-0000-0000-0000-000000000000/resourceGroups/cli_test_dns000001/providers/Microsoft.Network/dnsZones/myzone.com?api-version=2018-03-01-preview
  response:
    body: {string: ''}
    headers:
      azure-asyncoperation: ['https://management.azure.com:443/subscriptions/00000000-0000-0000-0000-000000000000/resourceGroups/cli_test_dns000001/providers/Microsoft.Network/dnsOperationStatuses/delzone636621765177231555529e438c?api-version=2018-03-01-preview']
      cache-control: [private]
      content-length: ['0']
      date: ['Thu, 17 May 2018 17:55:18 GMT']
      location: ['https://management.azure.com/subscriptions/00000000-0000-0000-0000-000000000000/resourceGroups/cli_test_dns000001/providers/Microsoft.Network/dnsOperationResults/delzone636621765177231555529e438c?api-version=2018-03-01-preview']
      server: [Microsoft-IIS/8.5]
      strict-transport-security: [max-age=31536000; includeSubDomains]
      x-aspnet-version: [4.0.30319]
      x-content-type-options: [nosniff]
      x-ms-ratelimit-remaining-subscription-resource-requests: ['11999']
      x-powered-by: [ASP.NET]
    status: {code: 202, message: Accepted}
- request:
    body: null
    headers:
      Accept: [application/json]
      Accept-Encoding: ['gzip, deflate']
      CommandName: [network dns zone delete]
      Connection: [keep-alive]
      User-Agent: [python/3.6.1 (Windows-10-10.0.17134-SP0) requests/2.18.4 msrest/0.4.29
          msrest_azure/0.4.30 azure-mgmt-dns/2.0.0rc1 Azure-SDK-For-Python AZURECLI/2.0.33]
    method: GET
    uri: https://management.azure.com/subscriptions/00000000-0000-0000-0000-000000000000/resourceGroups/cli_test_dns000001/providers/Microsoft.Network/dnsOperationStatuses/delzone636621765177231555529e438c?api-version=2018-03-01-preview
  response:
    body: {string: '{"status":"InProgress"}'}
    headers:
      azure-asyncoperation: ['https://management.azure.com:443/subscriptions/00000000-0000-0000-0000-000000000000/resourceGroups/cli_test_dns000001/providers/Microsoft.Network/dnsOperationStatuses/delzone636621765177231555529e438c?api-version=2018-03-01-preview']
      cache-control: [private]
      content-length: ['23']
      content-type: [application/json; charset=utf-8]
      date: ['Thu, 17 May 2018 17:55:22 GMT']
      location: ['https://management.azure.com/subscriptions/00000000-0000-0000-0000-000000000000/resourceGroups/cli_test_dns000001/providers/Microsoft.Network/dnsOperationResults/delzone636621765177231555529e438c?api-version=2018-03-01-preview']
      server: [Microsoft-IIS/8.5]
      strict-transport-security: [max-age=31536000; includeSubDomains]
      x-aspnet-version: [4.0.30319]
      x-content-type-options: [nosniff]
      x-ms-ratelimit-remaining-subscription-resource-requests: ['11999']
      x-powered-by: [ASP.NET]
    status: {code: 202, message: Accepted}
- request:
    body: null
    headers:
      Accept: [application/json]
      Accept-Encoding: ['gzip, deflate']
      CommandName: [network dns zone delete]
      Connection: [keep-alive]
      User-Agent: [python/3.6.1 (Windows-10-10.0.17134-SP0) requests/2.18.4 msrest/0.4.29
          msrest_azure/0.4.30 azure-mgmt-dns/2.0.0rc1 Azure-SDK-For-Python AZURECLI/2.0.33]
    method: GET
    uri: https://management.azure.com/subscriptions/00000000-0000-0000-0000-000000000000/resourceGroups/cli_test_dns000001/providers/Microsoft.Network/dnsOperationStatuses/delzone636621765177231555529e438c?api-version=2018-03-01-preview
  response:
    body: {string: '{"status":"Succeeded"}'}
    headers:
      cache-control: [private]
      content-length: ['22']
      content-type: [application/json; charset=utf-8]
      date: ['Thu, 17 May 2018 17:55:25 GMT']
      server: [Microsoft-IIS/8.5]
      strict-transport-security: [max-age=31536000; includeSubDomains]
      transfer-encoding: [chunked]
      vary: [Accept-Encoding]
      x-aspnet-version: [4.0.30319]
      x-content-type-options: [nosniff]
      x-ms-ratelimit-remaining-subscription-resource-requests: ['11999']
      x-powered-by: [ASP.NET]
    status: {code: 200, message: OK}
- request:
    body: null
    headers:
      Accept: [application/json]
      Accept-Encoding: ['gzip, deflate']
      CommandName: [group delete]
      Connection: [keep-alive]
      Content-Length: ['0']
      Content-Type: [application/json; charset=utf-8]
      User-Agent: [python/3.6.1 (Windows-10-10.0.17134-SP0) requests/2.18.4 msrest/0.4.29
          msrest_azure/0.4.30 resourcemanagementclient/1.2.1 Azure-SDK-For-Python
          AZURECLI/2.0.33]
      accept-language: [en-US]
    method: DELETE
    uri: https://management.azure.com/subscriptions/00000000-0000-0000-0000-000000000000/resourcegroups/cli_test_dns000001?api-version=2016-02-01
  response:
    body: {string: ''}
    headers:
      cache-control: [no-cache]
      content-length: ['0']
      date: ['Thu, 17 May 2018 17:55:26 GMT']
      expires: ['-1']
      location: ['https://management.azure.com/subscriptions/00000000-0000-0000-0000-000000000000/operationresults/eyJqb2JJZCI6IlJFU09VUkNFR1JPVVBERUxFVElPTkpPQi1DTEk6NUZURVNUOjVGRE5TRDdKR1ZBM0U0TjI3S1RTRUhLWFVUSERUNkVBUlJWUHxBNUFFRUVFNzlDNzA0ODlCLVdFU1RVUyIsImpvYkxvY2F0aW9uIjoid2VzdHVzIn0?api-version=2016-02-01']
      pragma: [no-cache]
      strict-transport-security: [max-age=31536000; includeSubDomains]
      x-content-type-options: [nosniff]
      x-ms-ratelimit-remaining-subscription-deletes: ['14999']
    status: {code: 202, message: Accepted}
version: 1
