interactions:
- request:
    body: null
    headers:
      Accept:
      - application/json
      Accept-Encoding:
      - gzip, deflate
      CommandName:
      - appservice plan create
      Connection:
      - keep-alive
      ParameterSetName:
      - -g -n
      User-Agent:
      - python/3.7.6 (Windows-10-10.0.18362-SP0) msrest/0.6.11 msrest_azure/0.6.3
        azure-mgmt-resource/8.0.1 Azure-SDK-For-Python AZURECLI/2.2.0
      accept-language:
      - en-US
    method: GET
    uri: https://management.azure.com/subscriptions/00000000-0000-0000-0000-000000000000/resourcegroups/clitest.rg000001?api-version=2019-07-01
  response:
    body:
      string: '{"id":"/subscriptions/00000000-0000-0000-0000-000000000000/resourceGroups/clitest.rg000001","name":"clitest.rg000001","type":"Microsoft.Resources/resourceGroups","location":"westus","tags":{"product":"azurecli","cause":"automation","date":"2020-03-28T10:22:35Z"},"properties":{"provisioningState":"Succeeded"}}'
    headers:
      cache-control:
      - no-cache
      content-length:
      - '428'
      content-type:
      - application/json; charset=utf-8
      date:
      - Sat, 28 Mar 2020 10:22:42 GMT
      expires:
      - '-1'
      pragma:
      - no-cache
      strict-transport-security:
      - max-age=31536000; includeSubDomains
      vary:
      - Accept-Encoding
      x-content-type-options:
      - nosniff
    status:
      code: 200
      message: OK
- request:
    body: '{"name": "win-log000003", "type": "Microsoft.Web/serverfarms", "location":
      "westus", "properties": {"skuName": "B1", "capacity": 1}}'
    headers:
      Accept:
      - application/json
      Accept-Encoding:
      - gzip, deflate
      CommandName:
      - appservice plan create
      Connection:
      - keep-alive
      Content-Length:
      - '143'
      Content-Type:
      - application/json; charset=utf-8
      ParameterSetName:
      - -g -n
      User-Agent:
      - python/3.7.6 (Windows-10-10.0.18362-SP0) msrest/0.6.11 msrest_azure/0.6.3
        azure-mgmt-web/0.44.0 Azure-SDK-For-Python AZURECLI/2.2.0
      accept-language:
      - en-US
    method: POST
    uri: https://management.azure.com/subscriptions/00000000-0000-0000-0000-000000000000/resourceGroups/clitest.rg000001/providers/Microsoft.Web/validate?api-version=2019-08-01
  response:
    body:
      string: '{"status":"Success","error":null}'
    headers:
      cache-control:
      - no-cache
      content-length:
      - '33'
      content-type:
      - application/json
      date:
      - Sat, 28 Mar 2020 10:22:43 GMT
      expires:
      - '-1'
      pragma:
      - no-cache
      server:
      - Microsoft-IIS/10.0
      strict-transport-security:
      - max-age=31536000; includeSubDomains
      transfer-encoding:
      - chunked
      vary:
      - Accept-Encoding
      x-aspnet-version:
      - 4.0.30319
      x-content-type-options:
      - nosniff
      x-ms-ratelimit-remaining-subscription-writes:
      - '1197'
      x-powered-by:
      - ASP.NET
    status:
      code: 200
      message: OK
- request:
    body: null
    headers:
      Accept:
      - application/json
      Accept-Encoding:
      - gzip, deflate
      CommandName:
      - appservice plan create
      Connection:
      - keep-alive
      ParameterSetName:
      - -g -n
      User-Agent:
      - python/3.7.6 (Windows-10-10.0.18362-SP0) msrest/0.6.11 msrest_azure/0.6.3
        azure-mgmt-resource/8.0.1 Azure-SDK-For-Python AZURECLI/2.2.0
      accept-language:
      - en-US
    method: GET
    uri: https://management.azure.com/subscriptions/00000000-0000-0000-0000-000000000000/resourcegroups/clitest.rg000001?api-version=2019-07-01
  response:
    body:
      string: '{"id":"/subscriptions/00000000-0000-0000-0000-000000000000/resourceGroups/clitest.rg000001","name":"clitest.rg000001","type":"Microsoft.Resources/resourceGroups","location":"westus","tags":{"product":"azurecli","cause":"automation","date":"2020-03-28T10:22:35Z"},"properties":{"provisioningState":"Succeeded"}}'
    headers:
      cache-control:
      - no-cache
      content-length:
      - '428'
      content-type:
      - application/json; charset=utf-8
      date:
      - Sat, 28 Mar 2020 10:22:43 GMT
      expires:
      - '-1'
      pragma:
      - no-cache
      strict-transport-security:
      - max-age=31536000; includeSubDomains
      vary:
      - Accept-Encoding
      x-content-type-options:
      - nosniff
    status:
      code: 200
      message: OK
- request:
    body: '{"location": "westus", "properties": {"perSiteScaling": false, "isXenon":
      false}, "sku": {"name": "B1", "tier": "BASIC", "capacity": 1}}'
    headers:
      Accept:
      - application/json
      Accept-Encoding:
      - gzip, deflate
      CommandName:
      - appservice plan create
      Connection:
      - keep-alive
      Content-Length:
      - '136'
      Content-Type:
      - application/json; charset=utf-8
      ParameterSetName:
      - -g -n
      User-Agent:
      - python/3.7.6 (Windows-10-10.0.18362-SP0) msrest/0.6.11 msrest_azure/0.6.3
        azure-mgmt-web/0.44.0 Azure-SDK-For-Python AZURECLI/2.2.0
      accept-language:
      - en-US
    method: PUT
    uri: https://management.azure.com/subscriptions/00000000-0000-0000-0000-000000000000/resourceGroups/clitest.rg000001/providers/Microsoft.Web/serverfarms/win-log000003?api-version=2019-08-01
  response:
    body:
      string: '{"id":"/subscriptions/00000000-0000-0000-0000-000000000000/resourceGroups/clitest.rg000001/providers/Microsoft.Web/serverfarms/win-log000003","name":"win-log000003","type":"Microsoft.Web/serverfarms","kind":"app","location":"West
        US","properties":{"serverFarmId":28689,"name":"win-log000003","workerSize":"Default","workerSizeId":0,"workerTierName":null,"numberOfWorkers":1,"currentWorkerSize":"Default","currentWorkerSizeId":0,"currentNumberOfWorkers":1,"status":"Ready","webSpace":"clitest.rg000001-WestUSwebspace","subscription":"04b0639d-85d8-445a-bada-8da78e50ff30","adminSiteName":null,"hostingEnvironment":null,"hostingEnvironmentProfile":null,"maximumNumberOfWorkers":3,"planName":"VirtualDedicatedPlan","adminRuntimeSiteName":null,"computeMode":"Dedicated","siteMode":null,"geoRegion":"West
        US","perSiteScaling":false,"maximumElasticWorkerCount":1,"numberOfSites":0,"hostingEnvironmentId":null,"isSpot":false,"spotExpirationTime":null,"freeOfferExpirationTime":null,"tags":null,"kind":"app","resourceGroup":"clitest.rg000001","reserved":false,"isXenon":false,"hyperV":false,"mdmId":"waws-prod-bay-113_28689","targetWorkerCount":0,"targetWorkerSizeId":0,"provisioningState":"Succeeded","webSiteId":null,"existingServerFarmIds":null},"sku":{"name":"B1","tier":"Basic","size":"B1","family":"B","capacity":1}}'
    headers:
      cache-control:
      - no-cache
      content-length:
      - '1524'
      content-type:
      - application/json
      date:
      - Sat, 28 Mar 2020 10:22:54 GMT
      expires:
      - '-1'
      pragma:
      - no-cache
      server:
      - Microsoft-IIS/10.0
      strict-transport-security:
      - max-age=31536000; includeSubDomains
      transfer-encoding:
      - chunked
      vary:
      - Accept-Encoding
      x-aspnet-version:
      - 4.0.30319
      x-content-type-options:
      - nosniff
      x-ms-ratelimit-remaining-subscription-writes:
      - '1197'
      x-powered-by:
      - ASP.NET
    status:
      code: 200
      message: OK
- request:
    body: null
    headers:
      Accept:
      - application/json
      Accept-Encoding:
      - gzip, deflate
      CommandName:
      - webapp create
      Connection:
      - keep-alive
      ParameterSetName:
      - -g -n --plan --deployment-source-url -r
      User-Agent:
      - python/3.7.6 (Windows-10-10.0.18362-SP0) msrest/0.6.11 msrest_azure/0.6.3
        azure-mgmt-web/0.44.0 Azure-SDK-For-Python AZURECLI/2.2.0
      accept-language:
      - en-US
    method: GET
    uri: https://management.azure.com/subscriptions/00000000-0000-0000-0000-000000000000/resourceGroups/clitest.rg000001/providers/Microsoft.Web/serverfarms/win-log000003?api-version=2019-08-01
  response:
    body:
      string: '{"id":"/subscriptions/00000000-0000-0000-0000-000000000000/resourceGroups/clitest.rg000001/providers/Microsoft.Web/serverfarms/win-log000003","name":"win-log000003","type":"Microsoft.Web/serverfarms","kind":"app","location":"West
        US","properties":{"serverFarmId":28689,"name":"win-log000003","workerSize":"Default","workerSizeId":0,"workerTierName":null,"numberOfWorkers":1,"currentWorkerSize":"Default","currentWorkerSizeId":0,"currentNumberOfWorkers":1,"status":"Ready","webSpace":"clitest.rg000001-WestUSwebspace","subscription":"04b0639d-85d8-445a-bada-8da78e50ff30","adminSiteName":null,"hostingEnvironment":null,"hostingEnvironmentProfile":null,"maximumNumberOfWorkers":3,"planName":"VirtualDedicatedPlan","adminRuntimeSiteName":null,"computeMode":"Dedicated","siteMode":null,"geoRegion":"West
        US","perSiteScaling":false,"maximumElasticWorkerCount":1,"numberOfSites":0,"hostingEnvironmentId":null,"isSpot":false,"spotExpirationTime":null,"freeOfferExpirationTime":null,"tags":null,"kind":"app","resourceGroup":"clitest.rg000001","reserved":false,"isXenon":false,"hyperV":false,"mdmId":"waws-prod-bay-113_28689","targetWorkerCount":0,"targetWorkerSizeId":0,"provisioningState":"Succeeded","webSiteId":null,"existingServerFarmIds":null},"sku":{"name":"B1","tier":"Basic","size":"B1","family":"B","capacity":1}}'
    headers:
      cache-control:
      - no-cache
      content-length:
      - '1524'
      content-type:
      - application/json
      date:
      - Sat, 28 Mar 2020 10:22:55 GMT
      expires:
      - '-1'
      pragma:
      - no-cache
      server:
      - Microsoft-IIS/10.0
      strict-transport-security:
      - max-age=31536000; includeSubDomains
      transfer-encoding:
      - chunked
      vary:
      - Accept-Encoding
      x-aspnet-version:
      - 4.0.30319
      x-content-type-options:
      - nosniff
      x-powered-by:
      - ASP.NET
    status:
      code: 200
      message: OK
- request:
    body: 'b''{"name": "webapp-win-log000002", "type": "Microsoft.Web/sites", "location":
      "West US", "properties": {"serverFarmId": "/subscriptions/00000000-0000-0000-0000-000000000000/resourceGroups/clitest.rg000001/providers/Microsoft.Web/serverfarms/win-log000003"}}'''
    headers:
      Accept:
      - application/json
      Accept-Encoding:
      - gzip, deflate
      CommandName:
      - webapp create
      Connection:
      - keep-alive
      Content-Length:
      - '329'
      Content-Type:
      - application/json; charset=utf-8
      ParameterSetName:
      - -g -n --plan --deployment-source-url -r
      User-Agent:
      - python/3.7.6 (Windows-10-10.0.18362-SP0) msrest/0.6.11 msrest_azure/0.6.3
        azure-mgmt-web/0.44.0 Azure-SDK-For-Python AZURECLI/2.2.0
      accept-language:
      - en-US
    method: POST
    uri: https://management.azure.com/subscriptions/00000000-0000-0000-0000-000000000000/resourceGroups/clitest.rg000001/providers/Microsoft.Web/validate?api-version=2019-08-01
  response:
    body:
      string: '{"status":"Success","error":null}'
    headers:
      cache-control:
      - no-cache
      content-length:
      - '33'
      content-type:
      - application/json
      date:
      - Sat, 28 Mar 2020 10:22:57 GMT
      expires:
      - '-1'
      pragma:
      - no-cache
      server:
      - Microsoft-IIS/10.0
      strict-transport-security:
      - max-age=31536000; includeSubDomains
      transfer-encoding:
      - chunked
      vary:
      - Accept-Encoding
      x-aspnet-version:
      - 4.0.30319
      x-content-type-options:
      - nosniff
      x-ms-ratelimit-remaining-subscription-writes:
      - '1195'
      x-powered-by:
      - ASP.NET
    status:
      code: 200
      message: OK
- request:
    body: null
    headers:
      Accept:
      - application/json
      Accept-Encoding:
      - gzip, deflate
      CommandName:
      - webapp create
      Connection:
      - keep-alive
      ParameterSetName:
      - -g -n --plan --deployment-source-url -r
      User-Agent:
      - python/3.7.6 (Windows-10-10.0.18362-SP0) msrest/0.6.11 msrest_azure/0.6.3
        azure-mgmt-web/0.44.0 Azure-SDK-For-Python AZURECLI/2.2.0
      accept-language:
      - en-US
    method: GET
    uri: https://management.azure.com/subscriptions/00000000-0000-0000-0000-000000000000/resourceGroups/clitest.rg000001/providers/Microsoft.Web/serverfarms/win-log000003?api-version=2019-08-01
  response:
    body:
      string: '{"id":"/subscriptions/00000000-0000-0000-0000-000000000000/resourceGroups/clitest.rg000001/providers/Microsoft.Web/serverfarms/win-log000003","name":"win-log000003","type":"Microsoft.Web/serverfarms","kind":"app","location":"West
        US","properties":{"serverFarmId":28689,"name":"win-log000003","workerSize":"Default","workerSizeId":0,"workerTierName":null,"numberOfWorkers":1,"currentWorkerSize":"Default","currentWorkerSizeId":0,"currentNumberOfWorkers":1,"status":"Ready","webSpace":"clitest.rg000001-WestUSwebspace","subscription":"04b0639d-85d8-445a-bada-8da78e50ff30","adminSiteName":null,"hostingEnvironment":null,"hostingEnvironmentProfile":null,"maximumNumberOfWorkers":3,"planName":"VirtualDedicatedPlan","adminRuntimeSiteName":null,"computeMode":"Dedicated","siteMode":null,"geoRegion":"West
        US","perSiteScaling":false,"maximumElasticWorkerCount":1,"numberOfSites":0,"hostingEnvironmentId":null,"isSpot":false,"spotExpirationTime":null,"freeOfferExpirationTime":null,"tags":null,"kind":"app","resourceGroup":"clitest.rg000001","reserved":false,"isXenon":false,"hyperV":false,"mdmId":"waws-prod-bay-113_28689","targetWorkerCount":0,"targetWorkerSizeId":0,"provisioningState":"Succeeded","webSiteId":null,"existingServerFarmIds":null},"sku":{"name":"B1","tier":"Basic","size":"B1","family":"B","capacity":1}}'
    headers:
      cache-control:
      - no-cache
      content-length:
      - '1524'
      content-type:
      - application/json
      date:
      - Sat, 28 Mar 2020 10:22:58 GMT
      expires:
      - '-1'
      pragma:
      - no-cache
      server:
      - Microsoft-IIS/10.0
      strict-transport-security:
      - max-age=31536000; includeSubDomains
      transfer-encoding:
      - chunked
      vary:
      - Accept-Encoding
      x-aspnet-version:
      - 4.0.30319
      x-content-type-options:
      - nosniff
      x-powered-by:
      - ASP.NET
    status:
      code: 200
      message: OK
- request:
    body: '{"name": "webapp-win-log000002", "type": "Site"}'
    headers:
      Accept:
      - application/json
      Accept-Encoding:
      - gzip, deflate
      CommandName:
      - webapp create
      Connection:
      - keep-alive
      Content-Length:
      - '52'
      Content-Type:
      - application/json; charset=utf-8
      ParameterSetName:
      - -g -n --plan --deployment-source-url -r
      User-Agent:
      - python/3.7.6 (Windows-10-10.0.18362-SP0) msrest/0.6.11 msrest_azure/0.6.3
        azure-mgmt-web/0.44.0 Azure-SDK-For-Python AZURECLI/2.2.0
      accept-language:
      - en-US
    method: POST
    uri: https://management.azure.com/subscriptions/00000000-0000-0000-0000-000000000000/providers/Microsoft.Web/checknameavailability?api-version=2019-08-01
  response:
    body:
      string: '{"nameAvailable":true,"reason":"","message":""}'
    headers:
      cache-control:
      - no-cache
      content-length:
      - '47'
      content-type:
      - application/json
      date:
      - Sat, 28 Mar 2020 10:22:59 GMT
      expires:
      - '-1'
      pragma:
      - no-cache
      server:
      - Microsoft-IIS/10.0
      strict-transport-security:
      - max-age=31536000; includeSubDomains
      transfer-encoding:
      - chunked
      vary:
      - Accept-Encoding
      x-aspnet-version:
      - 4.0.30319
      x-content-type-options:
      - nosniff
      x-powered-by:
      - ASP.NET
    status:
      code: 200
      message: OK
- request:
    body: null
    headers:
      Accept:
      - application/json
      Accept-Encoding:
      - gzip, deflate
      CommandName:
      - webapp create
      Connection:
      - keep-alive
      ParameterSetName:
      - -g -n --plan --deployment-source-url -r
      User-Agent:
      - python/3.7.6 (Windows-10-10.0.18362-SP0) msrest/0.6.11 msrest_azure/0.6.3
        azure-mgmt-web/0.44.0 Azure-SDK-For-Python AZURECLI/2.2.0
      accept-language:
      - en-US
    method: GET
    uri: https://management.azure.com/providers/Microsoft.Web/availableStacks?osTypeSelected=Windows&api-version=2019-08-01
  response:
    body:
      string: '{"value":[{"id":null,"name":"aspnet","type":"Microsoft.Web/availableStacks?osTypeSelected=Windows","properties":{"name":"aspnet","display":"ASP.NET","dependency":null,"majorVersions":[{"displayVersion":"V4.7","runtimeVersion":"v4.0","isDefault":true,"minorVersions":[],"applicationInsights":true,"isPreview":false,"isDeprecated":false,"isHidden":false},{"displayVersion":"V3.5","runtimeVersion":"v2.0","isDefault":false,"minorVersions":[],"applicationInsights":true,"isPreview":false,"isDeprecated":false,"isHidden":false}],"frameworks":[],"isDeprecated":null}},{"id":null,"name":"dotnetcore","type":"Microsoft.Web/availableStacks?osTypeSelected=Windows","properties":{"name":"dotnetcore","display":".NET
        Core","dependency":null,"majorVersions":[{"displayVersion":"1.0","runtimeVersion":null,"isDefault":false,"minorVersions":[],"applicationInsights":false,"isPreview":false,"isDeprecated":false,"isHidden":false},{"displayVersion":"1.1","runtimeVersion":null,"isDefault":false,"minorVersions":[],"applicationInsights":false,"isPreview":false,"isDeprecated":false,"isHidden":false},{"displayVersion":"2.1","runtimeVersion":null,"isDefault":false,"minorVersions":[],"applicationInsights":false,"isPreview":false,"isDeprecated":false,"isHidden":false},{"displayVersion":"2.2","runtimeVersion":null,"isDefault":false,"minorVersions":[],"applicationInsights":false,"isPreview":false,"isDeprecated":false,"isHidden":false},{"displayVersion":"3.0","runtimeVersion":null,"isDefault":false,"minorVersions":[],"applicationInsights":false,"isPreview":false,"isDeprecated":false,"isHidden":false}],"frameworks":[],"isDeprecated":null}},{"id":null,"name":"node","type":"Microsoft.Web/availableStacks?osTypeSelected=Windows","properties":{"name":"node","display":"Node","dependency":null,"majorVersions":[{"displayVersion":"0.6","runtimeVersion":"0.6","isDefault":false,"minorVersions":[{"displayVersion":"0.6.20","runtimeVersion":"0.6.20","isDefault":true,"isRemoteDebuggingEnabled":false}],"applicationInsights":false,"isPreview":false,"isDeprecated":false,"isHidden":false},{"displayVersion":"0.8","runtimeVersion":"0.8","isDefault":false,"minorVersions":[{"displayVersion":"0.8.2","runtimeVersion":"0.8.2","isDefault":false,"isRemoteDebuggingEnabled":false},{"displayVersion":"0.8.19","runtimeVersion":"0.8.19","isDefault":false,"isRemoteDebuggingEnabled":false},{"displayVersion":"0.8.26","runtimeVersion":"0.8.26","isDefault":false,"isRemoteDebuggingEnabled":false},{"displayVersion":"0.8.27","runtimeVersion":"0.8.27","isDefault":false,"isRemoteDebuggingEnabled":false},{"displayVersion":"0.8.28","runtimeVersion":"0.8.28","isDefault":true,"isRemoteDebuggingEnabled":false}],"applicationInsights":false,"isPreview":false,"isDeprecated":false,"isHidden":false},{"displayVersion":"0.10","runtimeVersion":"0.10","isDefault":false,"minorVersions":[{"displayVersion":"0.10.5","runtimeVersion":"0.10.5","isDefault":false,"isRemoteDebuggingEnabled":false},{"displayVersion":"0.10.18","runtimeVersion":"0.10.18","isDefault":false,"isRemoteDebuggingEnabled":false},{"displayVersion":"0.10.21","runtimeVersion":"0.10.21","isDefault":false,"isRemoteDebuggingEnabled":false},{"displayVersion":"0.10.24","runtimeVersion":"0.10.24","isDefault":false,"isRemoteDebuggingEnabled":false},{"displayVersion":"0.10.28","runtimeVersion":"0.10.28","isDefault":false,"isRemoteDebuggingEnabled":false},{"displayVersion":"0.10.29","runtimeVersion":"0.10.29","isDefault":false,"isRemoteDebuggingEnabled":false},{"displayVersion":"0.10.31","runtimeVersion":"0.10.31","isDefault":false,"isRemoteDebuggingEnabled":false},{"displayVersion":"0.10.32","runtimeVersion":"0.10.32","isDefault":false,"isRemoteDebuggingEnabled":false},{"displayVersion":"0.10.40","runtimeVersion":"0.10.40","isDefault":false,"isRemoteDebuggingEnabled":false},{"displayVersion":"0.10.5","runtimeVersion":"0.10.5","isDefault":true,"isRemoteDebuggingEnabled":false}],"applicationInsights":false,"isPreview":false,"isDeprecated":false,"isHidden":false},{"displayVersion":"0.12","runtimeVersion":"0.12","isDefault":false,"minorVersions":[{"displayVersion":"0.12.0","runtimeVersion":"0.12.0","isDefault":false,"isRemoteDebuggingEnabled":false},{"displayVersion":"0.12.2","runtimeVersion":"0.12.2","isDefault":false,"isRemoteDebuggingEnabled":false},{"displayVersion":"0.12.3","runtimeVersion":"0.12.3","isDefault":false,"isRemoteDebuggingEnabled":false},{"displayVersion":"0.12.6","runtimeVersion":"0.12.6","isDefault":true,"isRemoteDebuggingEnabled":false}],"applicationInsights":false,"isPreview":false,"isDeprecated":false,"isHidden":false},{"displayVersion":"4.8","runtimeVersion":"4.8","isDefault":false,"minorVersions":[],"applicationInsights":false,"isPreview":false,"isDeprecated":false,"isHidden":false},{"displayVersion":"6.5","runtimeVersion":"6.5","isDefault":false,"minorVersions":[{"displayVersion":"6.5.0","runtimeVersion":"6.5.0","isDefault":true,"isRemoteDebuggingEnabled":false}],"applicationInsights":false,"isPreview":false,"isDeprecated":false,"isHidden":false},{"displayVersion":"6.9","runtimeVersion":"6.9","isDefault":false,"minorVersions":[{"displayVersion":"6.9.1","runtimeVersion":"6.9.1","isDefault":false,"isRemoteDebuggingEnabled":false},{"displayVersion":"6.9.5","runtimeVersion":"6.9.5","isDefault":true,"isRemoteDebuggingEnabled":false}],"applicationInsights":false,"isPreview":false,"isDeprecated":false,"isHidden":false},{"displayVersion":"6.12","runtimeVersion":"6.12","isDefault":false,"minorVersions":[],"applicationInsights":false,"isPreview":false,"isDeprecated":false,"isHidden":false},{"displayVersion":"7.10","runtimeVersion":"7.10","isDefault":false,"minorVersions":[{"displayVersion":"7.10.1","runtimeVersion":"7.10.1","isDefault":true,"isRemoteDebuggingEnabled":false}],"applicationInsights":false,"isPreview":false,"isDeprecated":false,"isHidden":false},{"displayVersion":"8.1","runtimeVersion":"8.1","isDefault":false,"minorVersions":[{"displayVersion":"8.1.4","runtimeVersion":"8.1.4","isDefault":true,"isRemoteDebuggingEnabled":false}],"applicationInsights":false,"isPreview":false,"isDeprecated":false,"isHidden":false},{"displayVersion":"8.4","runtimeVersion":"8.4","isDefault":false,"minorVersions":[],"applicationInsights":false,"isPreview":false,"isDeprecated":false,"isHidden":false},{"displayVersion":"8.5","runtimeVersion":"8.5","isDefault":false,"minorVersions":[],"applicationInsights":false,"isPreview":false,"isDeprecated":false,"isHidden":false},{"displayVersion":"8.9","runtimeVersion":"8.9","isDefault":false,"minorVersions":[],"applicationInsights":false,"isPreview":false,"isDeprecated":false,"isHidden":false},{"displayVersion":"8.10","runtimeVersion":"8.10","isDefault":false,"minorVersions":[],"applicationInsights":false,"isPreview":false,"isDeprecated":false,"isHidden":false},{"displayVersion":"8.11","runtimeVersion":"8.11","isDefault":true,"minorVersions":[],"applicationInsights":false,"isPreview":false,"isDeprecated":false,"isHidden":false},{"displayVersion":"10.0","runtimeVersion":"10.0","isDefault":false,"minorVersions":[{"displayVersion":"10.0.0","runtimeVersion":"10.0.0","isDefault":false,"isRemoteDebuggingEnabled":false}],"applicationInsights":false,"isPreview":false,"isDeprecated":false,"isHidden":false},{"displayVersion":"10.6","runtimeVersion":"10.6","isDefault":false,"minorVersions":[{"displayVersion":"10.6.0","runtimeVersion":"10.6.0","isDefault":false,"isRemoteDebuggingEnabled":false}],"applicationInsights":false,"isPreview":false,"isDeprecated":false,"isHidden":false},{"displayVersion":"10.14","runtimeVersion":"10.14","isDefault":false,"minorVersions":[{"displayVersion":"10.14.0","runtimeVersion":"10.14.0","isDefault":false,"isRemoteDebuggingEnabled":false}],"applicationInsights":false,"isPreview":false,"isDeprecated":false,"isHidden":false},{"displayVersion":"10.15","runtimeVersion":"10.15","isDefault":false,"minorVersions":[{"displayVersion":"10.15.2","runtimeVersion":"10.15.2","isDefault":true,"isRemoteDebuggingEnabled":false}],"applicationInsights":false,"isPreview":false,"isDeprecated":false,"isHidden":false}],"frameworks":[],"isDeprecated":null}},{"id":null,"name":"php","type":"Microsoft.Web/availableStacks?osTypeSelected=Windows","properties":{"name":"php","display":"PHP","dependency":null,"majorVersions":[{"displayVersion":"5.6","runtimeVersion":"5.6","isDefault":false,"minorVersions":[],"applicationInsights":false,"isPreview":false,"isDeprecated":false,"isHidden":false},{"displayVersion":"7.2","runtimeVersion":"7.2","isDefault":false,"minorVersions":[],"applicationInsights":false,"isPreview":false,"isDeprecated":false,"isHidden":false},{"displayVersion":"7.3","runtimeVersion":"7.3","isDefault":true,"minorVersions":[],"applicationInsights":false,"isPreview":false,"isDeprecated":false,"isHidden":false},{"displayVersion":"7.4","runtimeVersion":"7.4","isDefault":true,"minorVersions":[],"applicationInsights":false,"isPreview":false,"isDeprecated":false,"isHidden":false}],"frameworks":[],"isDeprecated":null}},{"id":null,"name":"python","type":"Microsoft.Web/availableStacks?osTypeSelected=Windows","properties":{"name":"python","display":"Python","dependency":null,"majorVersions":[{"displayVersion":"2.7","runtimeVersion":"2.7","isDefault":false,"minorVersions":[{"displayVersion":"2.7","runtimeVersion":"2.7.3","isDefault":true,"isRemoteDebuggingEnabled":false}],"applicationInsights":false,"isPreview":false,"isDeprecated":false,"isHidden":false},{"displayVersion":"3.6","runtimeVersion":"3.4","isDefault":false,"minorVersions":[{"displayVersion":"3.6","runtimeVersion":"3.4.0","isDefault":true,"isRemoteDebuggingEnabled":false}],"applicationInsights":false,"isPreview":false,"isDeprecated":false,"isHidden":false}],"frameworks":[],"isDeprecated":null}},{"id":null,"name":"java","type":"Microsoft.Web/availableStacks?osTypeSelected=Windows","properties":{"name":"java","display":"Java","dependency":null,"majorVersions":[{"displayVersion":"1.7","runtimeVersion":"1.7","isDefault":false,"minorVersions":[{"displayVersion":"1.7.0_51
        (Oracle)","runtimeVersion":"1.7.0_51","isDefault":false,"isRemoteDebuggingEnabled":false},{"displayVersion":"1.7.0_71
        (Oracle)","runtimeVersion":"1.7.0_71","isDefault":false,"isRemoteDebuggingEnabled":false},{"displayVersion":"1.7.0_80
        (Oracle)","runtimeVersion":"1.7.0_80","isDefault":false,"isRemoteDebuggingEnabled":false},{"displayVersion":"1.7.0_191
        (Azul)","runtimeVersion":"1.7.0_191_ZULU","isDefault":false,"isRemoteDebuggingEnabled":false},{"displayVersion":"1.7.0_222
        (Azul)","runtimeVersion":"1.7.0_222_ZULU","isDefault":true,"isRemoteDebuggingEnabled":false},{"displayVersion":"1.7.0_242
        (Azul)","runtimeVersion":"1.7.0_242_ZULU","isDefault":false,"isRemoteDebuggingEnabled":false}],"applicationInsights":false,"isPreview":false,"isDeprecated":true,"isHidden":false},{"displayVersion":"1.8","runtimeVersion":"1.8","isDefault":true,"minorVersions":[{"displayVersion":"1.8.0_25
        (Oracle)","runtimeVersion":"1.8.0_25","isDefault":false,"isRemoteDebuggingEnabled":false},{"displayVersion":"1.8.0_60
        (Oracle)","runtimeVersion":"1.8.0_60","isDefault":false,"isRemoteDebuggingEnabled":false},{"displayVersion":"1.8.0_73
        (Oracle)","runtimeVersion":"1.8.0_73","isDefault":false,"isRemoteDebuggingEnabled":false},{"displayVersion":"1.8.0_92
        (Azul)","runtimeVersion":"1.8.0_92","isDefault":false,"isRemoteDebuggingEnabled":false},{"displayVersion":"1.8.0_102
        (Azul)","runtimeVersion":"1.8.0_102","isDefault":false,"isRemoteDebuggingEnabled":false},{"displayVersion":"1.8.0_111
        (Oracle)","runtimeVersion":"1.8.0_111","isDefault":false,"isRemoteDebuggingEnabled":false},{"displayVersion":"1.8.0_144
        (Azul)","runtimeVersion":"1.8.0_144","isDefault":false,"isRemoteDebuggingEnabled":false},{"displayVersion":"1.8.0_172
        (Oracle)","runtimeVersion":"1.8.0_172","isDefault":false,"isRemoteDebuggingEnabled":false},{"displayVersion":"1.8.0_172
        (Azul)","runtimeVersion":"1.8.0_172_ZULU","isDefault":false,"isRemoteDebuggingEnabled":false},{"displayVersion":"1.8.0_181
        (Oracle)","runtimeVersion":"1.8.0_181","isDefault":false,"isRemoteDebuggingEnabled":false},{"displayVersion":"1.8.0_181
        (Azul)","runtimeVersion":"1.8.0_181_ZULU","isDefault":false,"isRemoteDebuggingEnabled":false},{"displayVersion":"1.8.0_202
        (Oracle)","runtimeVersion":"1.8.0_202","isDefault":false,"isRemoteDebuggingEnabled":false},{"displayVersion":"1.8.0_202
        (Azul)","runtimeVersion":"1.8.0_202_ZULU","isDefault":false,"isRemoteDebuggingEnabled":false},{"displayVersion":"1.8.0_212
        (Azul)","runtimeVersion":"1.8.0_212_ZULU","isDefault":true,"isRemoteDebuggingEnabled":false},{"displayVersion":"1.8.0_232
        (Azul)","runtimeVersion":"1.8.0_232_ZULU","isDefault":false,"isRemoteDebuggingEnabled":false}],"applicationInsights":false,"isPreview":false,"isDeprecated":false,"isHidden":false},{"displayVersion":"11","runtimeVersion":"11","isDefault":false,"minorVersions":[{"displayVersion":"11.0.2
        (Azul)","runtimeVersion":"11.0.2_ZULU","isDefault":false,"isRemoteDebuggingEnabled":false},{"displayVersion":"11.0.3
        (Azul)","runtimeVersion":"11.0.3_ZULU","isDefault":true,"isRemoteDebuggingEnabled":false},{"displayVersion":"11.0.5
        (Azul)","runtimeVersion":"11.0.5_ZULU","isDefault":false,"isRemoteDebuggingEnabled":false}],"applicationInsights":false,"isPreview":false,"isDeprecated":false,"isHidden":false}],"frameworks":[],"isDeprecated":null}},{"id":null,"name":"javaContainers","type":"Microsoft.Web/availableStacks?osTypeSelected=Windows","properties":{"name":"javaContainers","display":"Java","dependency":"java","majorVersions":[],"frameworks":[{"name":"tomcat","display":"Tomcat","dependency":null,"majorVersions":[{"displayVersion":"7.0","runtimeVersion":"7.0","isDefault":false,"minorVersions":[{"displayVersion":"7.0.50","runtimeVersion":"7.0.50","isDefault":false,"isRemoteDebuggingEnabled":false},{"displayVersion":"7.0.62","runtimeVersion":"7.0.62","isDefault":false,"isRemoteDebuggingEnabled":false},{"displayVersion":"7.0.81","runtimeVersion":"7.0.81","isDefault":true,"isRemoteDebuggingEnabled":false},{"displayVersion":"7.0.94","runtimeVersion":"7.0.94","isDefault":false,"isRemoteDebuggingEnabled":false}],"applicationInsights":false,"isPreview":false,"isDeprecated":true,"isHidden":false},{"displayVersion":"8.0","runtimeVersion":"8.0","isDefault":false,"minorVersions":[{"displayVersion":"8.0.23","runtimeVersion":"8.0.23","isDefault":false,"isRemoteDebuggingEnabled":false},{"displayVersion":"8.0.46","runtimeVersion":"8.0.46","isDefault":true,"isRemoteDebuggingEnabled":false},{"displayVersion":"8.0.53","runtimeVersion":"8.0.53","isDefault":false,"isRemoteDebuggingEnabled":false}],"applicationInsights":false,"isPreview":false,"isDeprecated":true,"isHidden":false},{"displayVersion":"8.5","runtimeVersion":"8.5","isDefault":false,"minorVersions":[{"displayVersion":"8.5.6","runtimeVersion":"8.5.6","isDefault":false,"isRemoteDebuggingEnabled":false},{"displayVersion":"8.5.20","runtimeVersion":"8.5.20","isDefault":false,"isRemoteDebuggingEnabled":false},{"displayVersion":"8.5.31","runtimeVersion":"8.5.31","isDefault":false,"isRemoteDebuggingEnabled":false},{"displayVersion":"8.5.34","runtimeVersion":"8.5.34","isDefault":false,"isRemoteDebuggingEnabled":false},{"displayVersion":"8.5.37","runtimeVersion":"8.5.37","isDefault":false,"isRemoteDebuggingEnabled":false},{"displayVersion":"8.5.42","runtimeVersion":"8.5.42","isDefault":true,"isRemoteDebuggingEnabled":false},{"displayVersion":"8.5.47","runtimeVersion":"8.5.47","isDefault":false,"isRemoteDebuggingEnabled":false}],"applicationInsights":false,"isPreview":false,"isDeprecated":false,"isHidden":false},{"displayVersion":"9.0","runtimeVersion":"9.0","isDefault":true,"minorVersions":[{"displayVersion":"9.0.0","runtimeVersion":"9.0.0","isDefault":false,"isRemoteDebuggingEnabled":false},{"displayVersion":"9.0.8","runtimeVersion":"9.0.8","isDefault":false,"isRemoteDebuggingEnabled":false},{"displayVersion":"9.0.12","runtimeVersion":"9.0.12","isDefault":false,"isRemoteDebuggingEnabled":false},{"displayVersion":"9.0.14","runtimeVersion":"9.0.14","isDefault":false,"isRemoteDebuggingEnabled":false},{"displayVersion":"9.0.21","runtimeVersion":"9.0.21","isDefault":true,"isRemoteDebuggingEnabled":false},{"displayVersion":"9.0.27","runtimeVersion":"9.0.27","isDefault":false,"isRemoteDebuggingEnabled":false}],"applicationInsights":false,"isPreview":false,"isDeprecated":false,"isHidden":false}],"frameworks":null,"isDeprecated":null},{"name":"jetty","display":"Jetty","dependency":null,"majorVersions":[{"displayVersion":"9.1","runtimeVersion":"9.1","isDefault":false,"minorVersions":[{"displayVersion":"9.1.0","runtimeVersion":"9.1.0.20131115","isDefault":true,"isRemoteDebuggingEnabled":false}],"applicationInsights":false,"isPreview":false,"isDeprecated":false,"isHidden":false},{"displayVersion":"9.3","runtimeVersion":"9.3","isDefault":true,"minorVersions":[{"displayVersion":"9.3.13","runtimeVersion":"9.3.13.20161014","isDefault":false,"isRemoteDebuggingEnabled":false},{"displayVersion":"9.3.25","runtimeVersion":"9.3.25.20180904","isDefault":true,"isRemoteDebuggingEnabled":false}],"applicationInsights":false,"isPreview":false,"isDeprecated":false,"isHidden":false}],"frameworks":null,"isDeprecated":null},{"name":"java","display":"Java
        SE","dependency":null,"majorVersions":[{"displayVersion":"8","runtimeVersion":"8","isDefault":false,"minorVersions":[],"applicationInsights":false,"isPreview":false,"isDeprecated":false,"isHidden":false}],"frameworks":null,"isDeprecated":null}],"isDeprecated":null}}],"nextLink":null,"id":null}'
    headers:
      cache-control:
      - no-cache
      content-length:
      - '17484'
      content-type:
      - application/json
      date:
      - Sat, 28 Mar 2020 10:23:01 GMT
      expires:
      - '-1'
      pragma:
      - no-cache
      server:
      - Microsoft-IIS/10.0
      strict-transport-security:
      - max-age=31536000; includeSubDomains
      transfer-encoding:
      - chunked
      vary:
      - Accept-Encoding
      x-aspnet-version:
      - 4.0.30319
      x-content-type-options:
      - nosniff
      x-powered-by:
      - ASP.NET
    status:
      code: 200
      message: OK
- request:
    body: 'b''{"location": "West US", "properties": {"serverFarmId": "/subscriptions/00000000-0000-0000-0000-000000000000/resourceGroups/clitest.rg000001/providers/Microsoft.Web/serverfarms/win-log000003",
      "reserved": false, "isXenon": false, "hyperV": false, "siteConfig": {"netFrameworkVersion":
      "v4.6", "appSettings": [{"name": "WEBSITE_NODE_DEFAULT_VERSION", "value": "6.12"}],
      "localMySqlEnabled": false, "http20Enabled": true}, "scmSiteAlsoStopped": false,
      "httpsOnly": false}}'''
    headers:
      Accept:
      - application/json
      Accept-Encoding:
      - gzip, deflate
      CommandName:
      - webapp create
      Connection:
      - keep-alive
      Content-Length:
      - '539'
      Content-Type:
      - application/json; charset=utf-8
      ParameterSetName:
      - -g -n --plan --deployment-source-url -r
      User-Agent:
      - python/3.7.6 (Windows-10-10.0.18362-SP0) msrest/0.6.11 msrest_azure/0.6.3
        azure-mgmt-web/0.44.0 Azure-SDK-For-Python AZURECLI/2.2.0
      accept-language:
      - en-US
    method: PUT
    uri: https://management.azure.com/subscriptions/00000000-0000-0000-0000-000000000000/resourceGroups/clitest.rg000001/providers/Microsoft.Web/sites/webapp-win-log000002?api-version=2019-08-01
  response:
    body:
      string: '{"id":"/subscriptions/00000000-0000-0000-0000-000000000000/resourceGroups/clitest.rg000001/providers/Microsoft.Web/sites/webapp-win-log000002","name":"webapp-win-log000002","type":"Microsoft.Web/sites","kind":"app","location":"West
        US","properties":{"name":"webapp-win-log000002","state":"Running","hostNames":["webapp-win-log000002.azurewebsites.net"],"webSpace":"clitest.rg000001-WestUSwebspace","selfLink":"https://waws-prod-bay-113.api.azurewebsites.windows.net:454/subscriptions/00000000-0000-0000-0000-000000000000/webspaces/clitest.rg000001-WestUSwebspace/sites/webapp-win-log000002","repositorySiteName":"webapp-win-log000002","owner":null,"usageState":"Normal","enabled":true,"adminEnabled":true,"enabledHostNames":["webapp-win-log000002.azurewebsites.net","webapp-win-log000002.scm.azurewebsites.net"],"siteProperties":{"metadata":null,"properties":[{"name":"LinuxFxVersion","value":""},{"name":"WindowsFxVersion","value":null}],"appSettings":null},"availabilityState":"Normal","sslCertificates":null,"csrs":[],"cers":null,"siteMode":null,"hostNameSslStates":[{"name":"webapp-win-log000002.azurewebsites.net","sslState":"Disabled","ipBasedSslResult":null,"virtualIP":null,"thumbprint":null,"toUpdate":null,"toUpdateIpBasedSsl":null,"ipBasedSslState":"NotConfigured","hostType":"Standard"},{"name":"webapp-win-log000002.scm.azurewebsites.net","sslState":"Disabled","ipBasedSslResult":null,"virtualIP":null,"thumbprint":null,"toUpdate":null,"toUpdateIpBasedSsl":null,"ipBasedSslState":"NotConfigured","hostType":"Repository"}],"computeMode":null,"serverFarm":null,"serverFarmId":"/subscriptions/00000000-0000-0000-0000-000000000000/resourceGroups/clitest.rg000001/providers/Microsoft.Web/serverfarms/win-log000003","reserved":false,"isXenon":false,"hyperV":false,"lastModifiedTimeUtc":"2020-03-28T10:23:07.9833333","storageRecoveryDefaultState":"Running","contentAvailabilityState":"Normal","runtimeAvailabilityState":"Normal","siteConfig":null,"deploymentId":"webapp-win-log000002","trafficManagerHostNames":null,"sku":"Basic","scmSiteAlsoStopped":false,"targetSwapSlot":null,"hostingEnvironment":null,"hostingEnvironmentProfile":null,"clientAffinityEnabled":true,"clientCertEnabled":false,"clientCertExclusionPaths":null,"hostNamesDisabled":false,"domainVerificationIdentifiers":null,"customDomainVerificationId":"C3E7C05FE8A97695B3AE08C1935F4251C48E338FE439627B2E788D9D718C8A70","kind":"app","inboundIpAddress":"40.78.48.219","possibleInboundIpAddresses":"40.78.48.219","outboundIpAddresses":"40.78.48.219,104.40.3.246,104.40.8.50,104.40.4.179,104.40.14.83","possibleOutboundIpAddresses":"40.78.48.219,104.40.3.246,104.40.8.50,104.40.4.179,104.40.14.83,104.40.12.222,104.40.2.67,104.40.9.121","containerSize":0,"dailyMemoryTimeQuota":0,"suspendedTill":null,"siteDisabledReason":0,"functionExecutionUnitsCache":null,"maxNumberOfWorkers":null,"homeStamp":"waws-prod-bay-113","cloningInfo":null,"hostingEnvironmentId":null,"tags":null,"resourceGroup":"clitest.rg000001","defaultHostName":"webapp-win-log000002.azurewebsites.net","slotSwapStatus":null,"httpsOnly":false,"redundancyMode":"None","inProgressOperationId":null,"geoDistributions":null,"privateEndpointConnections":null,"buildVersion":null,"targetBuildVersion":null}}'
    headers:
      cache-control:
      - no-cache
      content-length:
      - '3589'
      content-type:
      - application/json
      date:
      - Sat, 28 Mar 2020 10:23:25 GMT
      etag:
      - '"1D604EAE0674E55"'
      expires:
      - '-1'
      pragma:
      - no-cache
      server:
      - Microsoft-IIS/10.0
      strict-transport-security:
      - max-age=31536000; includeSubDomains
      transfer-encoding:
      - chunked
      vary:
      - Accept-Encoding
      x-aspnet-version:
      - 4.0.30319
      x-content-type-options:
      - nosniff
      x-ms-ratelimit-remaining-subscription-resource-requests:
      - '497'
      x-powered-by:
      - ASP.NET
    status:
      code: 200
      message: OK
- request:
    body: null
    headers:
      Accept:
      - application/json
      Accept-Encoding:
      - gzip, deflate
      CommandName:
      - webapp create
      Connection:
      - keep-alive
      ParameterSetName:
      - -g -n --plan --deployment-source-url -r
      User-Agent:
      - python/3.7.6 (Windows-10-10.0.18362-SP0) msrest/0.6.11 msrest_azure/0.6.3
        azure-mgmt-web/0.44.0 Azure-SDK-For-Python AZURECLI/2.2.0
      accept-language:
      - en-US
    method: GET
    uri: https://management.azure.com/subscriptions/00000000-0000-0000-0000-000000000000/resourceGroups/clitest.rg000001/providers/Microsoft.Web/sites/webapp-win-log000002?api-version=2019-08-01
  response:
    body:
      string: '{"id":"/subscriptions/00000000-0000-0000-0000-000000000000/resourceGroups/clitest.rg000001/providers/Microsoft.Web/sites/webapp-win-log000002","name":"webapp-win-log000002","type":"Microsoft.Web/sites","kind":"app","location":"West
        US","properties":{"name":"webapp-win-log000002","state":"Running","hostNames":["webapp-win-log000002.azurewebsites.net"],"webSpace":"clitest.rg000001-WestUSwebspace","selfLink":"https://waws-prod-bay-113.api.azurewebsites.windows.net:454/subscriptions/00000000-0000-0000-0000-000000000000/webspaces/clitest.rg000001-WestUSwebspace/sites/webapp-win-log000002","repositorySiteName":"webapp-win-log000002","owner":null,"usageState":"Normal","enabled":true,"adminEnabled":true,"enabledHostNames":["webapp-win-log000002.azurewebsites.net","webapp-win-log000002.scm.azurewebsites.net"],"siteProperties":{"metadata":null,"properties":[{"name":"LinuxFxVersion","value":""},{"name":"WindowsFxVersion","value":null}],"appSettings":null},"availabilityState":"Normal","sslCertificates":null,"csrs":[],"cers":null,"siteMode":null,"hostNameSslStates":[{"name":"webapp-win-log000002.azurewebsites.net","sslState":"Disabled","ipBasedSslResult":null,"virtualIP":null,"thumbprint":null,"toUpdate":null,"toUpdateIpBasedSsl":null,"ipBasedSslState":"NotConfigured","hostType":"Standard"},{"name":"webapp-win-log000002.scm.azurewebsites.net","sslState":"Disabled","ipBasedSslResult":null,"virtualIP":null,"thumbprint":null,"toUpdate":null,"toUpdateIpBasedSsl":null,"ipBasedSslState":"NotConfigured","hostType":"Repository"}],"computeMode":null,"serverFarm":null,"serverFarmId":"/subscriptions/00000000-0000-0000-0000-000000000000/resourceGroups/clitest.rg000001/providers/Microsoft.Web/serverfarms/win-log000003","reserved":false,"isXenon":false,"hyperV":false,"lastModifiedTimeUtc":"2020-03-28T10:23:08.7733333","storageRecoveryDefaultState":"Running","contentAvailabilityState":"Normal","runtimeAvailabilityState":"Normal","siteConfig":null,"deploymentId":"webapp-win-log000002","trafficManagerHostNames":null,"sku":"Basic","scmSiteAlsoStopped":false,"targetSwapSlot":null,"hostingEnvironment":null,"hostingEnvironmentProfile":null,"clientAffinityEnabled":true,"clientCertEnabled":false,"clientCertExclusionPaths":null,"hostNamesDisabled":false,"domainVerificationIdentifiers":null,"customDomainVerificationId":"C3E7C05FE8A97695B3AE08C1935F4251C48E338FE439627B2E788D9D718C8A70","kind":"app","inboundIpAddress":"40.78.48.219","possibleInboundIpAddresses":"40.78.48.219","outboundIpAddresses":"40.78.48.219,104.40.3.246,104.40.8.50,104.40.4.179,104.40.14.83","possibleOutboundIpAddresses":"40.78.48.219,104.40.3.246,104.40.8.50,104.40.4.179,104.40.14.83,104.40.12.222,104.40.2.67,104.40.9.121","containerSize":0,"dailyMemoryTimeQuota":0,"suspendedTill":null,"siteDisabledReason":0,"functionExecutionUnitsCache":null,"maxNumberOfWorkers":null,"homeStamp":"waws-prod-bay-113","cloningInfo":null,"hostingEnvironmentId":null,"tags":null,"resourceGroup":"clitest.rg000001","defaultHostName":"webapp-win-log000002.azurewebsites.net","slotSwapStatus":null,"httpsOnly":false,"redundancyMode":"None","inProgressOperationId":null,"geoDistributions":null,"privateEndpointConnections":[],"buildVersion":null,"targetBuildVersion":null}}'
    headers:
      cache-control:
      - no-cache
      content-length:
      - '3587'
      content-type:
      - application/json
      date:
      - Sat, 28 Mar 2020 10:23:26 GMT
      etag:
      - '"1D604EAE0674E55"'
      expires:
      - '-1'
      pragma:
      - no-cache
      server:
      - Microsoft-IIS/10.0
      strict-transport-security:
      - max-age=31536000; includeSubDomains
      transfer-encoding:
      - chunked
      vary:
      - Accept-Encoding
      x-aspnet-version:
      - 4.0.30319
      x-content-type-options:
      - nosniff
      x-powered-by:
      - ASP.NET
    status:
      code: 200
      message: OK
- request:
    body: '{"properties": {"repoUrl": "https://github.com/yugangw-msft/azure-site-test.git",
      "branch": "master", "isManualIntegration": true, "isMercurial": false}}'
    headers:
      Accept:
      - application/json
      Accept-Encoding:
      - gzip, deflate
      CommandName:
      - webapp create
      Connection:
      - keep-alive
      Content-Length:
      - '153'
      Content-Type:
      - application/json; charset=utf-8
      ParameterSetName:
      - -g -n --plan --deployment-source-url -r
      User-Agent:
      - python/3.7.6 (Windows-10-10.0.18362-SP0) msrest/0.6.11 msrest_azure/0.6.3
        azure-mgmt-web/0.44.0 Azure-SDK-For-Python AZURECLI/2.2.0
      accept-language:
      - en-US
    method: PUT
    uri: https://management.azure.com/subscriptions/00000000-0000-0000-0000-000000000000/resourceGroups/clitest.rg000001/providers/Microsoft.Web/sites/webapp-win-log000002/sourcecontrols/web?api-version=2019-08-01
  response:
    body:
      string: '{"id":"/subscriptions/00000000-0000-0000-0000-000000000000/resourceGroups/clitest.rg000001/providers/Microsoft.Web/sites/webapp-win-log000002/sourcecontrols/web","name":"webapp-win-log000002","type":"Microsoft.Web/sites/sourcecontrols","location":"West
        US","properties":{"repoUrl":"https://github.com/yugangw-msft/azure-site-test.git","branch":"master","isManualIntegration":true,"isGitHubAction":false,"deploymentRollbackEnabled":false,"isMercurial":false,"provisioningState":"InProgress"}}'
    headers:
      cache-control:
      - no-cache
      content-length:
      - '558'
      content-type:
      - application/json
      date:
      - Sat, 28 Mar 2020 10:23:34 GMT
      etag:
      - '"1D604EAF030D9C0"'
      expires:
      - '-1'
      pragma:
      - no-cache
      server:
      - Microsoft-IIS/10.0
      strict-transport-security:
      - max-age=31536000; includeSubDomains
      x-aspnet-version:
      - 4.0.30319
      x-content-type-options:
      - nosniff
      x-ms-ratelimit-remaining-subscription-writes:
      - '1196'
      x-powered-by:
      - ASP.NET
    status:
      code: 201
      message: Created
- request:
    body: null
    headers:
      Accept:
      - application/json
      Accept-Encoding:
      - gzip, deflate
      CommandName:
      - webapp create
      Connection:
      - keep-alive
      ParameterSetName:
      - -g -n --plan --deployment-source-url -r
      User-Agent:
      - python/3.7.6 (Windows-10-10.0.18362-SP0) msrest/0.6.11 msrest_azure/0.6.3
        azure-mgmt-web/0.44.0 Azure-SDK-For-Python AZURECLI/2.2.0
    method: GET
    uri: https://management.azure.com/subscriptions/00000000-0000-0000-0000-000000000000/resourceGroups/clitest.rg000001/providers/Microsoft.Web/sites/webapp-win-log000002/sourcecontrols/web?api-version=2019-08-01
  response:
    body:
      string: '{"id":"/subscriptions/00000000-0000-0000-0000-000000000000/resourceGroups/clitest.rg000001/providers/Microsoft.Web/sites/webapp-win-log000002/sourcecontrols/web","name":"webapp-win-log000002","type":"Microsoft.Web/sites/sourcecontrols","location":"West
        US","properties":{"repoUrl":"https://github.com/yugangw-msft/azure-site-test.git","branch":"master","isManualIntegration":true,"isGitHubAction":false,"deploymentRollbackEnabled":false,"isMercurial":false,"provisioningState":"InProgress","provisioningDetails":"2020-03-28T10:23:59.2031320
        https://webapp-win-log000002.scm.azurewebsites.net/api/deployments/latest?deployer=GitHub&time=2020-03-28_10-23-48Z"}}'
    headers:
      cache-control:
      - no-cache
      content-length:
      - '730'
      content-type:
      - application/json
      date:
      - Sat, 28 Mar 2020 10:24:09 GMT
      etag:
      - '"1D604EAF030D9C0"'
      expires:
      - '-1'
      pragma:
      - no-cache
      server:
      - Microsoft-IIS/10.0
      strict-transport-security:
      - max-age=31536000; includeSubDomains
      transfer-encoding:
      - chunked
      vary:
      - Accept-Encoding
      x-aspnet-version:
      - 4.0.30319
      x-content-type-options:
      - nosniff
      x-powered-by:
      - ASP.NET
    status:
      code: 200
      message: OK
- request:
    body: null
    headers:
      Accept:
      - application/json
      Accept-Encoding:
      - gzip, deflate
      CommandName:
      - webapp create
      Connection:
      - keep-alive
      ParameterSetName:
      - -g -n --plan --deployment-source-url -r
      User-Agent:
      - python/3.7.6 (Windows-10-10.0.18362-SP0) msrest/0.6.11 msrest_azure/0.6.3
        azure-mgmt-web/0.44.0 Azure-SDK-For-Python AZURECLI/2.2.0
    method: GET
    uri: https://management.azure.com/subscriptions/00000000-0000-0000-0000-000000000000/resourceGroups/clitest.rg000001/providers/Microsoft.Web/sites/webapp-win-log000002/sourcecontrols/web?api-version=2019-08-01
  response:
    body:
      string: '{"id":"/subscriptions/00000000-0000-0000-0000-000000000000/resourceGroups/clitest.rg000001/providers/Microsoft.Web/sites/webapp-win-log000002/sourcecontrols/web","name":"webapp-win-log000002","type":"Microsoft.Web/sites/sourcecontrols","location":"West
        US","properties":{"repoUrl":"https://github.com/yugangw-msft/azure-site-test.git","branch":"master","isManualIntegration":true,"isGitHubAction":false,"deploymentRollbackEnabled":false,"isMercurial":false,"provisioningState":"Succeeded"}}'
    headers:
      cache-control:
      - no-cache
      content-length:
      - '557'
      content-type:
      - application/json
      date:
      - Sat, 28 Mar 2020 10:24:41 GMT
      etag:
      - '"1D604EAF030D9C0"'
      expires:
      - '-1'
      pragma:
      - no-cache
      server:
      - Microsoft-IIS/10.0
      strict-transport-security:
      - max-age=31536000; includeSubDomains
      transfer-encoding:
      - chunked
      vary:
      - Accept-Encoding
      x-aspnet-version:
      - 4.0.30319
      x-content-type-options:
      - nosniff
      x-powered-by:
      - ASP.NET
    status:
      code: 200
      message: OK
- request:
    body: '{}'
    headers:
      Accept:
      - application/xml
      Accept-Encoding:
      - gzip, deflate
      CommandName:
      - webapp create
      Connection:
      - keep-alive
      Content-Length:
      - '2'
      Content-Type:
      - application/json; charset=utf-8
      ParameterSetName:
      - -g -n --plan --deployment-source-url -r
      User-Agent:
      - python/3.7.6 (Windows-10-10.0.18362-SP0) msrest/0.6.11 msrest_azure/0.6.3
        azure-mgmt-web/0.44.0 Azure-SDK-For-Python AZURECLI/2.2.0
      accept-language:
      - en-US
    method: POST
    uri: https://management.azure.com/subscriptions/00000000-0000-0000-0000-000000000000/resourceGroups/clitest.rg000001/providers/Microsoft.Web/sites/webapp-win-log000002/publishxml?api-version=2019-08-01
  response:
    body:
      string: <publishData><publishProfile profileName="webapp-win-log000002 - Web
        Deploy" publishMethod="MSDeploy" publishUrl="webapp-win-log000002.scm.azurewebsites.net:443"
        msdeploySite="webapp-win-log000002" userName="$webapp-win-log000002" userPWD="yRtbcrBloHSFKaljAk5wXuF31mhpZpFaa0MzdfmpKh7hvlTix7lDfebswnFZ"
        destinationAppUrl="http://webapp-win-log000002.azurewebsites.net" SQLServerDBConnectionString=""
        mySQLDBConnectionString="" hostingProviderForumLink="" controlPanelLink="http://windows.azure.com"
        webSystem="WebSites"><databases /></publishProfile><publishProfile profileName="webapp-win-log000002
        - FTP" publishMethod="FTP" publishUrl="ftp://waws-prod-bay-113.ftp.azurewebsites.windows.net/site/wwwroot"
        ftpPassiveMode="True" userName="webapp-win-log000002\$webapp-win-log000002"
        userPWD="yRtbcrBloHSFKaljAk5wXuF31mhpZpFaa0MzdfmpKh7hvlTix7lDfebswnFZ" destinationAppUrl="http://webapp-win-log000002.azurewebsites.net"
        SQLServerDBConnectionString="" mySQLDBConnectionString="" hostingProviderForumLink=""
        controlPanelLink="http://windows.azure.com" webSystem="WebSites"><databases
        /></publishProfile><publishProfile profileName="webapp-win-log000002 - ReadOnly
        - FTP" publishMethod="FTP" publishUrl="ftp://waws-prod-bay-113dr.ftp.azurewebsites.windows.net/site/wwwroot"
        ftpPassiveMode="True" userName="webapp-win-log000002\$webapp-win-log000002"
        userPWD="yRtbcrBloHSFKaljAk5wXuF31mhpZpFaa0MzdfmpKh7hvlTix7lDfebswnFZ" destinationAppUrl="http://webapp-win-log000002.azurewebsites.net"
        SQLServerDBConnectionString="" mySQLDBConnectionString="" hostingProviderForumLink=""
        controlPanelLink="http://windows.azure.com" webSystem="WebSites"><databases
        /></publishProfile></publishData>
    headers:
      cache-control:
      - no-cache
      content-length:
      - '1730'
      content-type:
      - application/xml
      date:
      - Sat, 28 Mar 2020 10:24:43 GMT
      expires:
      - '-1'
      pragma:
      - no-cache
      server:
      - Microsoft-IIS/10.0
      strict-transport-security:
      - max-age=31536000; includeSubDomains
      x-aspnet-version:
      - 4.0.30319
      x-content-type-options:
      - nosniff
      x-ms-ratelimit-remaining-subscription-resource-requests:
      - '11997'
      x-powered-by:
      - ASP.NET
    status:
      code: 200
      message: OK
- request:
    body: null
    headers:
      Accept:
      - application/json
      Accept-Encoding:
      - gzip, deflate
      CommandName:
      - webapp log download
      Connection:
      - keep-alive
      ParameterSetName:
      - -g -n --log-file
      User-Agent:
      - python/3.7.6 (Windows-10-10.0.18362-SP0) msrest/0.6.11 msrest_azure/0.6.3
        azure-mgmt-web/0.44.0 Azure-SDK-For-Python AZURECLI/2.2.0
      accept-language:
      - en-US
    method: GET
    uri: https://management.azure.com/subscriptions/00000000-0000-0000-0000-000000000000/resourceGroups/clitest.rg000001/providers/Microsoft.Web/sites/webapp-win-log000002?api-version=2019-08-01
  response:
    body:
      string: '{"id":"/subscriptions/00000000-0000-0000-0000-000000000000/resourceGroups/clitest.rg000001/providers/Microsoft.Web/sites/webapp-win-log000002","name":"webapp-win-log000002","type":"Microsoft.Web/sites","kind":"app","location":"West
        US","properties":{"name":"webapp-win-log000002","state":"Running","hostNames":["webapp-win-log000002.azurewebsites.net"],"webSpace":"clitest.rg000001-WestUSwebspace","selfLink":"https://waws-prod-bay-113.api.azurewebsites.windows.net:454/subscriptions/00000000-0000-0000-0000-000000000000/webspaces/clitest.rg000001-WestUSwebspace/sites/webapp-win-log000002","repositorySiteName":"webapp-win-log000002","owner":null,"usageState":"Normal","enabled":true,"adminEnabled":true,"enabledHostNames":["webapp-win-log000002.azurewebsites.net","webapp-win-log000002.scm.azurewebsites.net"],"siteProperties":{"metadata":null,"properties":[{"name":"LinuxFxVersion","value":""},{"name":"WindowsFxVersion","value":null}],"appSettings":null},"availabilityState":"Normal","sslCertificates":null,"csrs":[],"cers":null,"siteMode":null,"hostNameSslStates":[{"name":"webapp-win-log000002.azurewebsites.net","sslState":"Disabled","ipBasedSslResult":null,"virtualIP":null,"thumbprint":null,"toUpdate":null,"toUpdateIpBasedSsl":null,"ipBasedSslState":"NotConfigured","hostType":"Standard"},{"name":"webapp-win-log000002.scm.azurewebsites.net","sslState":"Disabled","ipBasedSslResult":null,"virtualIP":null,"thumbprint":null,"toUpdate":null,"toUpdateIpBasedSsl":null,"ipBasedSslState":"NotConfigured","hostType":"Repository"}],"computeMode":null,"serverFarm":null,"serverFarmId":"/subscriptions/00000000-0000-0000-0000-000000000000/resourceGroups/clitest.rg000001/providers/Microsoft.Web/serverfarms/win-log000003","reserved":false,"isXenon":false,"hyperV":false,"lastModifiedTimeUtc":"2020-03-28T10:23:35.26","storageRecoveryDefaultState":"Running","contentAvailabilityState":"Normal","runtimeAvailabilityState":"Normal","siteConfig":null,"deploymentId":"webapp-win-log000002","trafficManagerHostNames":null,"sku":"Basic","scmSiteAlsoStopped":false,"targetSwapSlot":null,"hostingEnvironment":null,"hostingEnvironmentProfile":null,"clientAffinityEnabled":true,"clientCertEnabled":false,"clientCertExclusionPaths":null,"hostNamesDisabled":false,"domainVerificationIdentifiers":null,"customDomainVerificationId":"C3E7C05FE8A97695B3AE08C1935F4251C48E338FE439627B2E788D9D718C8A70","kind":"app","inboundIpAddress":"40.78.48.219","possibleInboundIpAddresses":"40.78.48.219","outboundIpAddresses":"40.78.48.219,104.40.3.246,104.40.8.50,104.40.4.179,104.40.14.83","possibleOutboundIpAddresses":"40.78.48.219,104.40.3.246,104.40.8.50,104.40.4.179,104.40.14.83,104.40.12.222,104.40.2.67,104.40.9.121","containerSize":0,"dailyMemoryTimeQuota":0,"suspendedTill":null,"siteDisabledReason":0,"functionExecutionUnitsCache":null,"maxNumberOfWorkers":null,"homeStamp":"waws-prod-bay-113","cloningInfo":null,"hostingEnvironmentId":null,"tags":null,"resourceGroup":"clitest.rg000001","defaultHostName":"webapp-win-log000002.azurewebsites.net","slotSwapStatus":null,"httpsOnly":false,"redundancyMode":"None","inProgressOperationId":null,"geoDistributions":null,"privateEndpointConnections":[],"buildVersion":null,"targetBuildVersion":null}}'
    headers:
      cache-control:
      - no-cache
      content-length:
      - '3582'
      content-type:
      - application/json
      date:
      - Sat, 28 Mar 2020 10:25:14 GMT
      etag:
      - '"1D604EAF030D9C0"'
      expires:
      - '-1'
      pragma:
      - no-cache
      server:
      - Microsoft-IIS/10.0
      strict-transport-security:
      - max-age=31536000; includeSubDomains
      transfer-encoding:
      - chunked
      vary:
      - Accept-Encoding
      x-aspnet-version:
      - 4.0.30319
      x-content-type-options:
      - nosniff
      x-powered-by:
      - ASP.NET
    status:
      code: 200
      message: OK
- request:
    body: '{}'
    headers:
      Accept:
      - application/xml
      Accept-Encoding:
      - gzip, deflate
      CommandName:
      - webapp log download
      Connection:
      - keep-alive
      Content-Length:
      - '2'
      Content-Type:
      - application/json; charset=utf-8
      ParameterSetName:
      - -g -n --log-file
      User-Agent:
      - python/3.7.6 (Windows-10-10.0.18362-SP0) msrest/0.6.11 msrest_azure/0.6.3
        azure-mgmt-web/0.44.0 Azure-SDK-For-Python AZURECLI/2.2.0
      accept-language:
      - en-US
    method: POST
    uri: https://management.azure.com/subscriptions/00000000-0000-0000-0000-000000000000/resourceGroups/clitest.rg000001/providers/Microsoft.Web/sites/webapp-win-log000002/publishxml?api-version=2019-08-01
  response:
    body:
      string: <publishData><publishProfile profileName="webapp-win-log000002 - Web
        Deploy" publishMethod="MSDeploy" publishUrl="webapp-win-log000002.scm.azurewebsites.net:443"
        msdeploySite="webapp-win-log000002" userName="$webapp-win-log000002" userPWD="yRtbcrBloHSFKaljAk5wXuF31mhpZpFaa0MzdfmpKh7hvlTix7lDfebswnFZ"
        destinationAppUrl="http://webapp-win-log000002.azurewebsites.net" SQLServerDBConnectionString=""
        mySQLDBConnectionString="" hostingProviderForumLink="" controlPanelLink="http://windows.azure.com"
        webSystem="WebSites"><databases /></publishProfile><publishProfile profileName="webapp-win-log000002
        - FTP" publishMethod="FTP" publishUrl="ftp://waws-prod-bay-113.ftp.azurewebsites.windows.net/site/wwwroot"
        ftpPassiveMode="True" userName="webapp-win-log000002\$webapp-win-log000002"
        userPWD="yRtbcrBloHSFKaljAk5wXuF31mhpZpFaa0MzdfmpKh7hvlTix7lDfebswnFZ" destinationAppUrl="http://webapp-win-log000002.azurewebsites.net"
        SQLServerDBConnectionString="" mySQLDBConnectionString="" hostingProviderForumLink=""
        controlPanelLink="http://windows.azure.com" webSystem="WebSites"><databases
        /></publishProfile><publishProfile profileName="webapp-win-log000002 - ReadOnly
        - FTP" publishMethod="FTP" publishUrl="ftp://waws-prod-bay-113dr.ftp.azurewebsites.windows.net/site/wwwroot"
        ftpPassiveMode="True" userName="webapp-win-log000002\$webapp-win-log000002"
        userPWD="yRtbcrBloHSFKaljAk5wXuF31mhpZpFaa0MzdfmpKh7hvlTix7lDfebswnFZ" destinationAppUrl="http://webapp-win-log000002.azurewebsites.net"
        SQLServerDBConnectionString="" mySQLDBConnectionString="" hostingProviderForumLink=""
        controlPanelLink="http://windows.azure.com" webSystem="WebSites"><databases
        /></publishProfile></publishData>
    headers:
      cache-control:
      - no-cache
      content-length:
      - '1730'
      content-type:
      - application/xml
      date:
      - Sat, 28 Mar 2020 10:25:15 GMT
      expires:
      - '-1'
      pragma:
      - no-cache
      server:
      - Microsoft-IIS/10.0
      strict-transport-security:
      - max-age=31536000; includeSubDomains
      x-aspnet-version:
      - 4.0.30319
      x-content-type-options:
      - nosniff
      x-ms-ratelimit-remaining-subscription-resource-requests:
      - '11999'
      x-powered-by:
      - ASP.NET
    status:
      code: 200
      message: OK
- request:
    body: null
    headers:
      Accept:
      - application/json
      Accept-Encoding:
      - gzip, deflate
      CommandName:
      - webapp log download
      Connection:
      - keep-alive
      Content-Length:
      - '0'
      ParameterSetName:
      - -g -n --log-file
      User-Agent:
      - python/3.7.6 (Windows-10-10.0.18362-SP0) msrest/0.6.11 msrest_azure/0.6.3
        azure-mgmt-web/0.44.0 Azure-SDK-For-Python AZURECLI/2.2.0
      accept-language:
      - en-US
    method: POST
    uri: https://management.azure.com/subscriptions/00000000-0000-0000-0000-000000000000/resourceGroups/clitest.rg000001/providers/Microsoft.Web/sites/webapp-win-log000002/config/publishingcredentials/list?api-version=2019-08-01
  response:
    body:
      string: '{"id":"/subscriptions/00000000-0000-0000-0000-000000000000/resourceGroups/clitest.rg000001/providers/Microsoft.Web/sites/webapp-win-log000002/publishingcredentials/$webapp-win-log000002","name":"webapp-win-log000002","type":"Microsoft.Web/sites/publishingcredentials","location":"West
        US","properties":{"name":null,"publishingUserName":"$webapp-win-log000002","publishingPassword":"yRtbcrBloHSFKaljAk5wXuF31mhpZpFaa0MzdfmpKh7hvlTix7lDfebswnFZ","publishingPasswordHash":null,"publishingPasswordHashSalt":null,"metadata":null,"isDeleted":false,"scmUri":"https://$webapp-win-log000002:yRtbcrBloHSFKaljAk5wXuF31mhpZpFaa0MzdfmpKh7hvlTix7lDfebswnFZ@webapp-win-log000002.scm.azurewebsites.net"}}'
    headers:
      cache-control:
      - no-cache
      content-length:
      - '771'
      content-type:
      - application/json
      date:
      - Sat, 28 Mar 2020 10:25:15 GMT
      expires:
      - '-1'
      pragma:
      - no-cache
      server:
      - Microsoft-IIS/10.0
      strict-transport-security:
      - max-age=31536000; includeSubDomains
      transfer-encoding:
      - chunked
      vary:
      - Accept-Encoding
      x-aspnet-version:
      - 4.0.30319
      x-content-type-options:
      - nosniff
      x-ms-ratelimit-remaining-subscription-resource-requests:
      - '11995'
      x-powered-by:
      - ASP.NET
    status:
      code: 200
      message: OK
- request:
    body: null
    headers: {}
    method: GET
    uri: https://webapp-win-log000002.scm.azurewebsites.net/dump
  response:
    body:
      string: !!binary |
        UEsDBBQACAAIAAhTfFAAAAAAAAAAAAAAAAASAAAAZGVwbG95bWVudHMvYWN0aXZlDcGBDQAgCAOw
        l5CMyM7RZfx/grZSYz7mIQKyi2V3K5a1mciZG/sBUEsHCFX9O3cnAAAAKAAAAFBLAwQUAAgACAAI
        U3xQAAAAAAAAAAAAAAAAPAAAAGRlcGxveW1lbnRzL2NjODRmZmZmOTJhOTQwNGNlZTU5NWVlODhj
        MDFlYzc5MjQyZmZiMDcvbG9nLmxvZ61YXY7cuBF+ToDcQfBDZgw0FZEiJXLyMou1kwBJjIXtxQKD
        ARZsiepWVi12JPXMdp5yCD/mKkHushfIFfJR3S1RM9Oy24htwFNDVX31x2JVsYhFJIoJkx9pdMPi
        GxGFTDIRpfHd4vttrruyXgXtbrmx+a4ybbiIUrnMBUtJkfOccGo0kTThRMdFzPMiSnPJFtFvfs1e
        kBxzEUVJerf4rjFb3TjRudlWdr8xdRcUtgkyu9mUXVDmwVWWSV7gj2JX4YLRNOWMZkSnbEm4EILo
        pRQkFibnWZobEalzqEJGUSyB+kdTm+ZgkQfbZk257WBYvOQsUzlRhZCEpzQmyiQJ0UrRlMo0jWXu
        IH71kmUJ50ImEj5rnVXd2sCcqrKPjnJG6ToPOhusDioY3+6DAjfBlf7HrjFBW3b+8eE0IPuAkNqS
        3HbEU540was3N/druzH3jvEejrX4wTb7VwGxTw5Hxva+s7Zq8Q2E5gb/Oe7vdLd+wuLJQxjO2E9D
        LqWkkZj3cR9hBxf+rQ1+MMvgAzB7mc9dSsOEUiZdGr7f1fWTVDl6NAzDRca0UVFiEKeEEp4bTvCD
        QFLnWSFMHFPR5+MLYQMGSxRl/G7x7SFEN0+sf+aw+8NvwmyTvzrnjThMBVWUqrvFnxD2yul+snoU
        eNaZHBcwxo2i0Koxh3TV2+2PtiggyoTrbnMOGaxKplIiDn/e5bsP+zoL3739GBSN3SC/ziTKFRLz
        6enj42NjbXd1HimmnFMKpDemMn2VKMrKQM7ato5sO910TtnqS4R8a7d756ejjHBVduWqto2ZY45x
        r1Pc6yfMW539pFcuyWz9NeyNzUzbfpZdMREn0TP01jQPpgH3HPSJd/DdFwc4Eai2MXLjL9b+1HsM
        VRPcAPzdAB3s6tw0h0riwjiTa9KFkSGMh8LVR43stsGx7AwizyeCjKO0L+rH8mry4NEsw8zWRbma
        Qz7xvTtWBLitLW3dBvpBl5VeViawdV9Kt5Xu8DpsAt0gw6IwCVn0274G/B6UDJlPUOVTLJlQ6YSS
        I0WjUEwoOj1kdHLK+JT0UCCJPeH1NMJpPBUVe9rjlHuWURZOKf9TFsaeDiwcVOBhNLLxkE6JQQSK
        RTho4ojJySDbnQzG8jD2pcU+D2BP+vAQsD7h6cbDIQY8FD5PMiU8AXLUABzjZwLGDZ8JXzcBDQZ1
        hI8jkD3eSTolPGnSP1EjDtjHk8R3L9JydEjiq5P4GiS+BknoaZCEyhc9AVW+aDU6xPEMmQt1psoh
        205xwJnnrZ4aIt5TvpSJIUjDQQq0HVVMfetTWD84NvWtT/1gpL4rUt8Vqe8KRwxpB5wpajSGA2Ea
        YSUUGriQNf6Jl2vSR5IoIIPejhhyQPrhcMTgBUd4OL524PfcDMqLr/tuxALlpSIo6t0aR4ox5I5E
        Rp1i6UgvVRAg6l1MR7p7MlOzuUgSinb1Ax7vrEPJPjUoxyIc9HczDL5vTeC/p/0D7RrZbG0tznSQ
        l0VhGte/H1kvg91uTnxBrzWlM1on6AiFe6tOg0lZtr3i+00V6C6YNDjHFube++acaNygiCru+tca
        Cv3wzft3U6v3u5WuV48EDxvBY3uLmhpGwTuLNv7wUOLdWizoi8PB1wsfe2+43VQ5PPv/hnj/9ps3
        f30bYM7TM8JpKhKOdvZC51RlZmokyYzy/AZpLTFTSjcWmp+3DVqvW9wDXPk+J388Dp73x7MXQziV
        8sunf/3y6Z/4FyA4emuIa0L7kMUXceum0XtSoPfoTA1+/J3hZ2hFJdrBEX3XlVVLNqZZmR79Mm70
        T4DtSLffHtj5DHisaJwge0fwzLWHBlPdqtYdxspeg+QiEb3mGDYPGW6b9rNWPFdjY7q1zR0nDdkM
        OvKLqokBps7QF+6aQ+Qu4y2QRetbdHQXYh6cBkY8HDPKplgnJBhMR28/6Gb/WRufs51inJdtP7Wj
        ivRaz+WpRN1WuCsjODYp7dFRcXgZa4OqZkgvoIH+qMDnzVaRwLSMWXlENp1egQ2P3EVsW6wZSGdJ
        Y1a41bCYhumMAJoyMbW41YUhy517eG5dDziTHdjdPON2ExrBpNOVmQsaqs0Meswj9QQdnLvWuKTG
        KzvDyuVhQhwd1ppu29jOukttCwc+i60E9laou6MA7A/ynm3O5OdsRVnrau2WEfBYfxeD6129LY+l
        JXp9zgo0L5RKxidX09YEAst2bfJbtIZ4Ca+Nwa+atjuYdJk4eOTnPdF53kAaeqLgGrPeo25yiHe5
        MXSp5dZ9hEkXKOiNL0P5e3vb99ozlrIkwbpo6u7lbgWt0GQH15u212/WWc9FtKbuzXAP2jWKaddY
        VypQY07NXC8XQRnocuPKtdcbrrtuS0zTHGoweus50zljSTRJGpdtpHReQ58vYYjJS90/LA0c7DWO
        GyD3v3eWwvHJZTg6y8y2czhYgQXXtVnZrtTYRQIFs5Fv31egfPrvf/6Nf+5dX9p8P1Yt1wkH18t9
        hysZQ+2hmW/0I3GfwhhvEnjqzEGvEuX4gVTYSUJfjL38S6z/w/EiYEcO69u22FXV/tACP1lqoklB
        DjC8HQJtwmmpibrf+cvg42bzun3tlptJIlIjlopEXGO5mWpBlgI/5fFSaq1TIdVLy/YDlJICK9S7
        xcemXK1Mv21vTLbPsFe5Rp/1UJrHAN0Vls1l67Yt+etwIZcq1xnjWKxnEeEmFkQqmpAoTVTOVKaW
        yrywZ+8BmXKZhwfizbjTH70SLlSSMLxelAAjgzFKEc0KQVSWJiZTisWGO9n/A1BLBwgZMdZRHAgA
        AJQYAABQSwMEFAAIAAgA+1J8UAAAAAAAAAAAAAAAAD0AAABkZXBsb3ltZW50cy9jYzg0ZmZmZjky
        YTk0MDRjZWU1OTVlZTg4YzAxZWM3OTI0MmZmYjA3L21hbmlmZXN000vPLMlMz8svSuXlKkhMzk5M
        T9XLKs7PA/KK8pNTi4uhvOLUorLUIiCHl0sPqIWXCwBQSwcITTyJtTIAAAA5AAAAUEsDBBQACAAI
        AAhTfFAAAAAAAAAAAAAAAAA/AAAAZGVwbG95bWVudHMvY2M4NGZmZmY5MmE5NDA0Y2VlNTk1ZWU4
        OGMwMWVjNzkyNDJmZmIwNy9zdGF0dXMueG1sjZKxbsMgFEX3Sv0HK3tsjO3YjgjpkrZ7PXWpCH52
        kYyxAKfJt3XoJ/UXSkkcuVKGMvHevefyEHx/fpHtUXbBAbQRqt8s4hAtAui5qkXfbhajbZbFYkvv
        70gNQ6dOEnrrqiAgoqacF2njVolZmaKUA2RlBlAUHMXA8xKnuGn2KCeRM3uIjfZdaXoaW9a3H0tp
        GkuiS9MbzqeApk/CPo97El0bM34nmeimkAcpuFZGNTbkSk5pZ4tnJBjDWqCsrgMz7mvl6N7thkFp
        6y4WTQbvHrRqtSMoia5bLxjL7Gjoy8i5k0l0qWdaBUfrsLPgCy92zNgLtevrSkigGGG0RMkSF1WM
        1jhdx3mYoLxMy+SVRDcAH6SBgzjAzYhknaEQY4RQhl3EH+s0ora3DvdkskKrJI4d6aa/+DwG/5p4
        cnnEvcLQgQVa6RFIdC29KMybBTnQR9YZJ07lpGlgteq700y/tn6favYJfwBQSwcI0CIHMWcBAAC8
        AgAAUEsDBBQAAAAAAPdSfFAAAAAAAAAAAAAAAAATAAAAZGVwbG95bWVudHMvcGVuZGluZ1BLAwQU
        AAgACADxUnxQAAAAAAAAAAAAAAAAGAAAAGRlcGxveW1lbnRzL3NldHRpbmdzLnhtbHu/e7+NfUVu
        jkJZalFxZn6erZKhnoGSQmpecn5KZl66rVJpSZquhZK9HS+XTXFqSQlQrBjIVlCwSUktyMmvzE3N
        KwHzgSKJKSkK2amVtkpJRYl5yRlKCmWJOaWptkq5icUlqUVKCvoQjfooOm304cYCAFBLBwgMBWYk
        cgAAAIwAAABQSwMEFAAIAAgA+VJ8UAAAAAAAAAAAAAAAABwAAABkZXBsb3ltZW50cy90b29scy9k
        ZXBsb3kuY21kxVbfb+JGEH5H4n8YkCzdVcFJrq0qkVIdIssdPTAUO7mchGQ59gK+mF3XXofQh/7t
        ndm1+RFI7vp0PIDx7Mx+O/t9M/M+nkPTcnsj35t2e8wfsls2tJrgsL+g+UsT3vNwKUHO5/VavdZu
        Q+vkR5s+3VzfwDVPE7lZcaHADbM4Vdp0y7M8lqINl/aFffnbq5G0cZLxjP9dxHmseH68vASDYeP5
        BoSMuP01h1jkKkgSHtVr6yX6awO8+0MUCdBXvTbog8Wm0/HUHFOf8gLe1GsA+pyjOM9jsdhG5E88
        LFRwn/AzSBMe5LzapFpyBpjAIMl4EG0qG49gFTxwyAvEECsIAwH3HHBNuETbPJMrCIssoyRx8Rhn
        UlDCbIKxkEoCzzKZ1Wtvy2O6XBXpLgn0NucqkWGQoD+hi3gSbPD7KQ0EJZqWuMyD7tQb9Ls9z+1Y
        /0bphWXbsyBT8TwIFWZV58MZe3DN+gOHXePvZDj+MmKO57vjm2mPmdRQpCNTFbGEiZl9IZLXnX7A
        ADrJzyIZU8fawrRm6/U6kxJZow//LKrD7jx/1HUGfeZ6/qTrfdyFPbYdxF0FIp7zHANTlp/FnUzZ
        7WB8456KDUCgT694YQcABH8KPynEd784Pb83ujbQUVIDQ1t4KKIC8o0It3QsLcTIT2R0SyNefAIi
        XVWE067kCa0FKjSPE6RTec7Gju+Nku/7HKNViGFIZEo28LXIFWSFELRnkxDRnk1YyyKJkOe5xMfs
        gbwoLQcH6lhBmkaBCqwZYptVzna4QkFiOvS2u/pAN4E736g4idUG+oUIFVL3hNqp5OjVLk94qByU
        e1lQSg5X/DVw2JD1PN8ZXzP/lk3dwdg5SLe35DCXSSLXdMYAJRpJwUEKPL4U8DkWkVzn0P2H1PuZ
        3+sStK9TOry+Aeu1/Swsq0eiwcJ68NYI4OgtG02s5vffH7KZ3Q1c71lsijLzfaqOZbpstUqbhnfm
        /s5TVC3mid2xzu+HyF7wJlRaP9/gldYAQHmI1+Clq9fQTUb+n66W+ksAD/3/F74S3X7hqtKxn6Xq
        XYdSST5a2yaDDgJEMXeajWpVA++4Qa9L3A28ybfAhu5eNa28UCcUj6RUuZeb6C20Ytps3Ddaaf/g
        j9brvoAP5gGNcd+qO+rHQETJfkuNtgMC9jsd8dLW1c0UN+Ty+QCJPHD8yZAGkp2GqqnksqSw1mCb
        6RbNe6sIvQ7qEa5vPcKvF9CiEWcXp+xtZFaHhq0cWwINxx2FXFK0nO4GZI2haS9idWUvF1f27qhX
        5pFK4XfqWt8/5vedDabqmWHm0QxS9Zo5/MmCiF4/29uuQm0iDcKHYEGD1AulQrdoa1auw1lKijLJ
        aZEvKbN76auyRMw9ugPNfBREY9ubWq00k1Ghi3spuG/WjlSmpmcQQX70p+xcXCAkTdiSchDKFY4V
        EWSyUDG2ELUMFKxj7M1maC7w35KLapzbo+pugNNPQCXE71g/lfdq6f9WvaaH810DR4bpufyiaXbo
        B9jpI+BPsephaersz7ZnFbzONhqtg/P7gxFYH6mcN/GEeqis1zT+bokclkEOMtQTawRRkZGc1/we
        qDPCjuSoZ0MH2gdnVkZT7JA/chy8d4Y+Tr9VrzezuYFw7FPBvdwu2Pet194Yjeh7eQa9H4s4p1k7
        L8KQ5/m8wOEG8f0HUEsHCHohM0npBAAA7gwAAFBLAwQUAAgACAD5UnxQAAAAAAAAAAAAAAAAJAAA
        AGRlcGxveW1lbnRzL3Rvb2xzL2RlcGxveW1lbnRDYWNoZUtlebMw1TM0NDIy0zMxsjTXM+Dl0q1U
        0NXNy9dNyS/RTUktyMmvzE3NK1HQLVJQcrGKycjPTY0pzixJjSlKLcgHMvKLKpUUdPPRJBEai2NK
        8vNzioFqgIampAIpkO6AxJIMNC1I5vFyAQBQSwcItF83p2cAAACWAAAAUEsDBBQACAAIAPRSfFAA
        AAAAAAAAAAAAAAAVAAAATG9nRmlsZXMvZXZlbnRsb2cueG1sbZBNa8MwDIbvg/0Hk3ux89k2qIaQ
        hDWs60Kb00oZptFoWL5w3I7C2G+fmzRlh12s168l+ZEgPmOtOg595LC9dAorDqlszkWOkqxFhQtj
        qVSblkJ9NLJaijovURr0VpRE3GKMAe1b6Bus8Iwld4AOAjLRfXKd0Ed4xstXI/OOjwLoqDhkRYWh
        RKEwJwPL1VkYFrPYhNkTa5aZzLds3zHf7gQbPOiGV46ZNXW8qXljufsQHkVda6agbcviIFTR1EBH
        E8Kmak8KJd9EjJmuG8XTkDm2zhgfYIuHkyzURQ9Nxx3180ZCCQ79GaTpKgmDLHldv78E6+Ap3vj+
        zz8u+SbqWHQL5gZzL5zPyC5LImK7c29PdqmWWjl7oEPvYa9/tWbo/+7448MvUEsHCKmUFmMmAQAA
        wQEAAFBLAwQUAAAAAAAoU3xQAAAAAAAAAAAAAAAAGQAAAExvZ0ZpbGVzL2t1ZHUvZGVwbG95bWVu
        dC9QSwMEFAAIAAgA8FJ8UAAAAAAAAAAAAAAAAFMAAABMb2dGaWxlcy9rdWR1L3RyYWNlLzIwMjAt
        MDMtMjhUMTAtMjMtMzNfMmIwMGJlXzAwMV9TdGFydHVwX1BPU1RfYXBpLXNldHRpbmdzXzBzLnht
        bH2OwWrDMBBE74X+w3bPUa3IiamNHQjpxdRNQmVKb0aJRSuwZdVaH/r3lQOBkkOv+2bnTe5JOyBD
        nS5QkhppcvCmvyftCaFVFM6CC854zMRTveSZiLM4flwmawRjPSl7niMnzk8aYRq7AiPlTOQ1kbGf
        HqHX9DW0BR4PskagHxfy49XgTCDrNFktxCJBkLvXRr6Ux0bKqnnfVuXzti4P+wJ5YOe+vjzvBxtU
        m/s7gPzv/F2nlQ3zP/oOqmFW/7M/TRGiTf7AGLTTqMgMNgPee2AsNOfRXHyL49WV/wJQSwcILR5r
        59wAAAA3AQAAUEsDBBQACAAIAPFSfFAAAAAAAAAAAAAAAABPAAAATG9nRmlsZXMva3VkdS90cmFj
        ZS8yMDIwLTAzLTI4VDEwLTIzLTMzXzJiMDBiZV8wMDJfUE9TVF9hcGktc2V0dGluZ3NfMjA0XzFz
        LnhtbJ1T247aMBB9r9R/cP28E3IDAiIrpSzbReUmEsr2MSQDpAXbtZ29fX0nbFGrrpCqvs4cn+M5
        c2ZgLCpmK3vAmI9FIY+V2LEl/qjRWM7K3FLdd30X3AD8KPPcvh/0g8Dx/YizShibi6KBbFx3g5zV
        +hDzVq6qlkFrictwdkS7l2XMF/M048w+K8Lrs4KqqNPudcIr/6rD2VAKgYWtpIj5Z0QFyaF6IF6q
        WxQWJih2dk96r9hTLTsx5kodqiJvnra+GSk4S2rS1dXLqRbzj7lxHIez0ZMihZh7rgsF0VaiJoE7
        aaj2iBvigcdKwEHuvrfzQO1Kic+OKY5O/lJrJISpLBpHIPmzMqgh2dHPYp40bVjjJm360PxYy8MB
        dSvqOq7TdbohZ09wNPBreGhGxzwqotItwSv9AsJy68Om2HjgbaNe2yu9bdml393DOlmnsBJIKyqx
        hNVy8sbn4WQ8mmUwXsQ8JL3ICSPH93r9yHXdhiJZLmEy/wTjm3+XTcfZCG5Gi8n86/RETm8vmcTZ
        OkkJfJusJhnc0bZnyXR0GX/J1Hu4lfox182cCy2tjPneWkVJohmUSlE/VAW+aU1TGM4nN2mWLDPa
        LmfX798xNvgz4PPa7mQTcI1GSWHI2UsJD51O0P6d1jOc8m5rM6QdNGdBC30tZPhECZjJc045a36J
        OubTqtDSyK2F8Thtea5Dq/jPEAzzYo/nXMVc6eqBzvPkilEztPAFtTldTkh5C9zA63HWuh58AGBl
        rU9n0Gdh92gYAJkzaDXe/N33wnZwRvwEUEsHCB1qTahOAgAAHgQAAFBLAwQUAAgACADxUnxQAAAA
        AAAAAAAAAAAAVgAAAExvZ0ZpbGVzL2t1ZHUvdHJhY2UvMjAyMC0wMy0yOFQxMC0yMy0zNV8yYjAw
        YmVfMDAzX0dFVF9hcGktc2V0dGluZ3MtU2NtVHlwZV8yMDBfMHMueG1snZNdb9owFIbvJ+0/eL7u
        SZwAJTBSKaN0jUpLRcLoLkNyAG8hzmynX79+J+mQpkpI0279vj4frx9PjMWaWWlLDHlc5eogqx1b
        4q8GjeWsyCyd+8IXIHrgB6knxn5v3Bs4A+FzJitjsypvLRshNshZo8uQu1ktXYPWUi3jJvkhfalJ
        O6DdqyLkX2cpZ5aOQq6PjWpJwmB03j/zz845m6qqwtxKVYX8BrGGqJSPVCJqqISWr9mb9CUzjuNw
        dq2MDfkTbrK6hidZQal2PwdZr94VCl8ckx+c7LXRSA4jLRqnQlpuZVBDtMOK7katDGvcJK0O1N9q
        VZao3WDoCGfoDPucPcPBwJ+RoR0YsyAPClGAV/g59IutD5t844G3DUYDr/C2xZCGfoB1tE5gVSHl
        W2ABq+X8ZEjTeTy7SyG+D3mf+gZOP3B8bzQOhBBtqWi5hPniK8SX/94+idMZXM7u54vvt11xunsq
        LM7WUULmq2g1T+F6kaR30e3stP9UuA9wpfRTptt977WyKuR7a2vT7VDXCepHmeM76eLjB8YmfyO5
        aOxOtUhqNLWqDMV5msmhIHSOYB3tRKhtzJSCb0GmDN8OUnymZ1/ccNaOgjrktzLXyqithThOXE84
        5P3PF59m+R6PEIW81vKRPlK3uqnv0MI31KaDu09w9UTPG3XMW2IR2s8SciK5lHnHufvDqOozy/eZ
        pk8VNnYLAWfuxeQTACsa3ZnGzDs/GAZAGU7cNsL3OlF0NPwGUEsHCMWVToo0AgAA9gMAAFBLAwQU
        AAgACADzUnxQAAAAAAAAAAAAAAAAVgAAAExvZ0ZpbGVzL2t1ZHUvdHJhY2UvMjAyMC0wMy0yOFQx
        MC0yMy0zOF8yYjAwYmVfMDA0X0dFVF9hcGktc2V0dGluZ3MtU2NtVHlwZV8yMDBfMHMueG1snZNd
        b5swFIbvJ+0/eL7uAQNpQrJQiaVpi5o2VSBLd0ngJGEjmNkm/fj1O9BFmiplmnbr9/X5eP14rA3W
        zBSmxIBHVSb3RbVlC/zZoDac5amhc1e4AoQHrp84YuR6I8+3Bj2Xs6LSJq2y1rIWYo2cNaoMuJ3W
        ha3RGKql7TjbJy81aXs0O5kH/HqacGboKODq2KguSDgf9ntn7lmfs4msKsxMIauA3yLWEJbFgUqE
        DZVQxWv6Jn1JtWVZnN1IbQL+hOu0ruGpqKCU2x/nqVdvc4kvls72VvraKCSHLgxqq0JabqlRQbjF
        iu6GrQwrXMetDtTfKFmWqGx/YAlrQPty9gx7Db9HhnZgTP3Mz0UOTu5m0Ms3LqyztQPOxh+eO7mz
        yQc09COswlUMywop3xxzWC5mJ0OazKLpfQLRQ8B71Ne3er7lOsORL4RoS4WLBczm1xBd/nv7OEqm
        cDl9mM2/3XXF6e6psDhbhTGZr8LlLIGbeZzch3fT0/5T4T7ClVRPqWr3fVDSyIDvjKl1t0Ndx6gO
        RYbvpIuPHxgb/4nkvDFb2SKpUNey0hTnX5jsU0RHsI52ItQ0ekLBtyCT4e0gwWd69vktZ+0oqAJ+
        V2RKarkxEEWx7QiLvP/54pM02+ERooDXqjjQR+pW1/U9GviKSndw9wguT3jOsGPeEIvQfpaAE8ll
        kXWc29+1rD6zbJcq+lRBYzbgc2ZfjD8BsLxRnWnExF4zAIpwbLcJvpf73lH/BVBLBwiQTzEJMgIA
        APQDAABQSwMEFAAIAAgA9FJ8UAAAAAAAAAAAAAAAAEIAAABMb2dGaWxlcy9rdWR1L3RyYWNlLzIw
        MjAtMDMtMjhUMTAtMjMtNDFfMmIwMGJlXzAwNV9TaHV0ZG93bl8wcy54bWxVi0EOgyAQRfdNeocp
        a7EDKiJRz9CkvYAKSUkUrQzp9avLJn/1/nttJLcBeZpdxx77OrkY4flOZNdvYGAHOrhEiRwLLvVL
        oJGFKUXeCMHAh0hDmE5lRBwdg83bjlWNKjOZKQZpI78cN6I5p3ONdaWaI52HSLv7JBfpTylyobTU
        9RHf+/bGOdi0D+TXYECUSwTO++vlB1BLBwj8yE+alQAAALcAAABQSwMEFAAIAAgA91J8UAAAAAAA
        AAAAAAAAAFoAAABMb2dGaWxlcy9rdWR1L3RyYWNlLzIwMjAtMDMtMjhUMTAtMjMtNDZfMmIwMGJl
        XzAwMV9TdGFydHVwX0dFVF9hcGktc2V0dGluZ3MtU2NtVHlwZV8wcy54bWx9j1FLwzAUhd8F/8P1
        Pi82TWYZpRmMOcawOjFFfCvZGmagTWtzC/rvzZCB+ODr+S7fuacIZAcgR61VqMmMNA3wYj8mGwih
        MRRjwQVnXDKxqFKeC5nPs9tMLhCcD2T88Xxy4PxgEaaxVZiYwSXBEjl/Cok+dtXXEFln6b1vFG43
        FQLFSOF4KRpcBJmUYiZmGYJeP9b6Yfdca13Wr6tyd7+qdvsnhTyyH5/CzSfZ0Zt26+Kny+srgOL3
        mHVrjY9j3roWyv4U/l1zN0dIlsUNY9BMoyHX+xzSrAvAWFQXydn8l8v0wr8BUEsHCHk20AzlAAAA
        RgEAAFBLAwQUAAgACAD3UnxQAAAAAAAAAAAAAAAAVgAAAExvZ0ZpbGVzL2t1ZHUvdHJhY2UvMjAy
        MC0wMy0yOFQxMC0yMy00Nl8yYjAwYmVfMDAyX0dFVF9hcGktc2V0dGluZ3MtU2NtVHlwZV8yMDBf
        MXMueG1snZNdb9owFIbvJ+0/eL7ucZyEQmCkUkbpGpWWioTRXYbkANkgzmynX79+J+mQpkpI0279
        vj4frx+PjcWa2dLuMeRxlatDWW3ZAn81aCxnRWbp3JOeBOmDF6SuHHn+qNcXA+lyVlbGZlXeWtZS
        rpGzRu9D7mR16Ri0lmoZJ8kP6UtN2gHtThUh/zpNObN0FHJ9bFSXJPR93zvzzvqcTVRVYW5LVYX8
        BrGGaF8+UomooRK6fM3epC+ZEUJwdq2MDfkTrrO6hqeygr3a/jzP/HpbKHwRJj+I7LXRSA5TWjSi
        QlpuaVBDtMWK7katDCtcJ60O1N9qtd+jdoKBkGIgBj3OnuFg4M/I0A6MWZAHhSzALbwcesXGg3W+
        dsHdBMNzt3A3xYCGfoBVtEpgWSHlW2ABy8XsZEiTWTy9SyG+D3mP+gaiFwjPHY4CKWVbKlosYDb/
        CvHlv7dP4nQKl9P72fz7bVec7p4Ki7NVlJD5KlrOUrieJ+lddDs97T8V7gNcKf2U6Xbfe62sCvnO
        2tp0O9R1gvqxzPGddPHxA2Pjv5GcN3arWiQ1mlpVhuI8xeRAnPfpkY5gHe1EqG3MhIJvQaYM3w5S
        fKZnn99w1o6COuS3Za6VURsLcZw4rhTk/c8Xn2T5Do8QhbzW5SN9pG51U9+hhW+oTQd3j+Dype8O
        O+YtsQjtZwk5kbwv845z54dR1WeW7zJNnyps7AYCzpyL8ScAVjS6M42YLw+GAVCGY6eN8L0eDP2j
        4TdQSwcINh1C+jYCAAD2AwAAUEsDBBQACAAIAPhSfFAAAAAAAAAAAAAAAABJAAAATG9nRmlsZXMv
        a3VkdS90cmFjZS8yMDIwLTAzLTI4VDEwLTIzLTQ3XzJiMDBiZV8wMDNfUE9TVF9kZXBsb3lfMjAy
        XzFzLnhtbJVUTW/bOBC9L7D/geWhp45ESU6suFELbeokxjofiJ1Ndy+FTE1sojLJklQ++ut3JMdo
        EMRFe+W8Gc68eW8OfUDLggoNFnyipVkrvWRX+K1FHzirq0DvqUgFiAzSfJ6IUZqNBsNoP8s5U9qH
        SssOshBigZy1ril4XKNtzONHL9fzR4vF+CGg01VzosLbam3fK1/6Ry2L4FpKWWNYmbrglxezOWeh
        S+Bu24BVFNnPsvRd+m6fsyOjNcqgjC7434gWykbdUQ16D6gDTFEvw6rgBwlnZUt1nfpebeB/VT6K
        Is7GD5YqFDwRAiSlKd01cWo8vd3jorIW7pWGxiy/7lWZXdYGHyOaJKq+tw4J4VVAH2kkeq49OiiX
        9HPByy4MN7iYdXHoOnKmadDF+TAS0TAaDjh7gLWHp+GgGw2rXOa1qCGpUwmD+jaFhVwkkNzmB3tJ
        ndzWQ+ruM9yUNzO41kgbqrGG66vp79J8NJ2Mz+cwuSz4gNrJo0EepcnBKBdCdD+UV1cwvTiByadf
        72o2mY/h0/hyevHvWV+ccndxyNlNOSPwcXk9ncMpLfu8PBvvxu/i/DMcG3dfuY6GS2eCKfgqBOv7
        GaydobtTEl+EPvz5B2OHz7V+jEGuTitd04Z+qvMhsdOnvygwC5ULbKP0NSmAzMDCCtmikl+XzrS6
        /lnZfEAKjT8cvgFgdet6jY5YlmRrzwA27cZdvy8he+I55PlEF21Yms69Dr012pNudtk3j5J874fX
        tnAyc2j9ESms9zxnm4c5PnT6lhJtQJqqoxhdwc+UdMab2wCTySxORERMTY188lu/lFEc79LD6/uN
        K6uezkdHqo8bukA+fNzwTL/SDTltF/0ZCWqNxY/b9CURkGYwyP+je1DJFW49WHDr1B3V6SXi7TkG
        +Aed76/IgLyZiSw5eGUdyf52G4ev72KYbwH/A1BLBwiiGuXWwQIAAEgFAABQSwMEFAAIAAgACFN8
        UAAAAAAAAAAAAAAAAFEAAABMb2dGaWxlcy9rdWR1L3RyYWNlLzIwMjAtMDMtMjhUMTAtMjMtNDdf
        MmIwMGJlXzAwNF9CYWNrZ3JvdW5kX1BPU1RfZGVwbG95XzMwcy54bWzVVk1v4zYQvRfof5jqUGwO
        ViRZn26yQDfJ7hZFWwNOsRcBBUWNbSESqSWpJP73HdpJbMuyuih6qWHABjGcN3zz5pFX2mALpjI1
        XjsfGH9YKdmJ8l4xjg6UzNBy4AXexJtOgvTe92bBdBYmbholDlRCGya4DSk8r6ANnaqvncsS21pu
        HGjQrGV57cz/WNw78P777wCuDvFuFDJTiRUYbFqpmNrAbmuDwpxHT10vDhy4fH/1w2QCZacoiRQz
        SJJGw2RyijNHtZSqsUhLNHwNBdNYfiOWH4Uvtfeqv92e0pb6GxNshcrdrbyryhnnabikTxawLPRC
        jhhlEWKacs9HnmRBGCyXhZdcnD1l5Ll+5r0h97BvZF0j33LH10ysUKOhdthTbskYSxt4dKAT8qb+
        njygz1Gj/mxJCZY+3RWNLLsa9SjCNBpACA/ac4JwiwZthyzIXgNQdFVdohoDm2akhW3PbdJe4R92
        +6HS8LsscVEZfFkaSxmm8UD9ftRj6NJquS9C38t6YUeKl+3GHnGx+AwPuBllMZpOh6qIR9Jvz0b5
        xw4Xhel5vj6hQDtOx13QXFXt+YEkqUYZ2cFBE3ptuHtG3m2z4jP1WbAaWiU56lEC4oSEajYt+ctb
        dMvM+toh21GUx+VN6QBTq85Oob52fvzaSfPT7SyfK7lSrIGPFUkV3j2n8UVum39H8EKTW+j8167s
        8jRyfT8IYjcMsiQvKpELkslfLxrPXbvyQIE7BizeDgImG3IaISelNJMDvU4UvNWwlg3mmkBzha2k
        P1JtXnfLobB9Hp0bKWv9Gk1AJRKeTTYnAoY29zEGpJMm4bF2TsZlwR7JFznja/p5RGWZArkEs8bD
        qdyxAeQ2wGXTMFH+H/g4c5lFvhvFQ47o9cm6Ghz4LO752n+gfd+NQ3K1f6f9ve5OBJXvVvY6HlBJ
        EIV9p+ud6F5VK7rurEko5BteI7xrFT5W+AQ0OSSVSrOixvLCPWNE4cxP6HojIzq5h/yev/Wwf1kJ
        uUX+uIAnRnc5qpfb/LUUhV871AaYJtmS79OXAa+Z1hWHL5Uo5ROttO1obYH/bYo49PbFQ9XCshN0
        LdPUmB1JYIejlquKEyTojeBQIGedxn0oVSikARRb0sbrCrIBznpKHdZpEKfTI6WeCUv87KgFRw+B
        mxrZ9o7u6NFIjzZYWoMd63Lo+f9U8RHCFyw+S/mgX99U866oK72+eySH/9nyN4O51Ob27fE1Cj4d
        eiemB3ydISGbJsHr+J8LidO3B8HfUEsHCD7daSK1AwAARgsAAFBLAwQUAAgACAD4UnxQAAAAAAAA
        AAAAAAAAWAAAAExvZ0ZpbGVzL2t1ZHUvdHJhY2UvMjAyMC0wMy0yOFQxMC0yMy00OF8yYjAwYmVf
        MDA1X0dFVF9hcGktZGVwbG95bWVudHMtbGF0ZXN0XzIwMl8wcy54bWytVNtS2zAQfe9M/0HVQ5+6
        vicxAdNxIYRME2ByKbQvHcfeBLW2pUoyt6+vbBLIFMIwHV61q92zu+ecPaVREM10jhEdlCkvWLkk
        Y/xTodKUZIk2757jOeD44IVT1+l6fjcILa/tU8JKpZMyrVPmjjNHSiqZR9ROBLMzFDm/LbDUys5N
        GaU/3z+hjPpMH1fzj0khdjUrMHps8NN1wPMhCH9QUqC+5FlE+70pJfpWmDZyDUwwE2j7vvfJ+xRS
        csDLElPNeBnRr4gC4pxdGThxZUpIdpfch74kyrIsSo650hG9xnkiBFyzEnK+/N1KfLHMON5aKi2s
        5K6SaDIUM9CtEs0yZgolxEszUUTjOgznOJ/UcTD9teR5jtIOO5ZjdaxOQMkNFApWkKEGjEmYhpmT
        gZt5KQTZwoN5OnfBXYQ7LTdzF1nHgL6A8/h8ArMSzT0yzGA2Hr7ZUg+Gg97JFAZnEQ0MztCqb+nu
        dEPHcerW8XgMw9M+DA5fD3cymPbgsHc2PP0+aoqbv9uWS8l5PDHJR/FsOIXj08n0JB71tudvO8YF
        HHF5nch6P2eSax7RS62FamYQYoLyiqX4T2j//TtC9jYpf/jA0tUPq496jKrKX2S/H7iUNNVeU2/Y
        0P+x1Uu62qy8tfYoKZMlykesZuztUvVbRiH2/t4HAJJVstFClxjNFYoArKbY2otoLAT4zmLHnXtI
        mCJnWGbGJV5q2WobMj1p6bY3O+7Z9SGewPKDx6TXpGxe87TSS14bmEQleKmMmLavpd0yEl3byjrd
        +Jmu1IGRXWN7lNw/TPGmFn2aotCYUVKTxfgYHbFUcsUXGgaDie06lhn7P1V/kKSXuDaSiArJrgxt
        GjorcYIavqFUjcEFxmB8x3d3KBnydGVtDfm7tr1Nd8/r6I2curY/Y4swbUzamGrO7nHZvxQvd0l6
        mUiFOqr0Ap7jotta3/z5iwfOA3P+AlBLBwjr5Lix0gIAALEGAABQSwMEFAAIAAgA/VJ8UAAAAAAA
        AAAAAAAAAFgAAABMb2dGaWxlcy9rdWR1L3RyYWNlLzIwMjAtMDMtMjhUMTAtMjMtNThfMmIwMGJl
        XzAwNl9HRVRfYXBpLWRlcGxveW1lbnRzLWxhdGVzdF8yMDJfMHMueG1srVVNc9s2EL13pv8BwaEn
        gwRBygQVMx1GdmxNJVsjybXbS4cCVzJbfqAAaMf59QEpq7IcSZPphEfs8u3br7dn2oBEJjcFxHhY
        ibrMqxWawr8NaINRlhr7ziijhPqE8blH+8zv97gT0h5GeaVNWonWZUHpAjBqVBFjN5W5m4Es6ucS
        KqPdwsJo8+v6CVR8mZurZvFLWsr3Ji8h3gb4y6OE+STgf2JUgnmosxhfXswxMs/ShlEbYjK3hlPf
        ZyfsxGMYDeqqAmHyuorxbwCSJEX+aPkkjcVQ+Zd0bfqYasdxMLqqtYnxEyxSKclTXpGiXv3TS325
        ymp4drQonfRLo8B66Nxydyqw1bjVoEiysinFOGnN5A4Ws9ZObHyj6qIA5fLQoU7ohAFGn0mpyQtn
        0jKGlAue0Yx4GRMkyJaMLMTCI96SRz0v85ZZaEnfk7vkbkZuK7ANySAjt9PRD6vqYDS8uJ6T4STG
        geXJnYA7zIv6nFLahk6mUzK6uSTD8++nOxvOL8j5xWR088e4A7f/HiouRnfJzDp/Sm5Hc3J1M5tf
        J+OLw/6HmnFPPtXqKVVtfSaqNnWMH4yRustByhmox1zAG9OHn39C6Oz1zA8KSKtGovuyQKN6ZX8/
        MvPM9tT9cPaOEJQ1qpupPvK9UiNCvoU+/28DXsg4l2CmoJvCztKRKKchRh3aG6p78Ubdam1N34t8
        EHucVukK1Jbr8ZJwW5IXssh+O7WdNGoFaL31rRAguyrlUTge8h24N4BTKOtHQBZFEp8uoxM0gSqz
        inWCFAiwG5+h1CDfZdxtNQWt5SrgKBkfLkzkUM+G/aaxXm/b2DY3S8ZtR+ftAHjhqwk47MY43cXb
        qdW2g0gIHiztF7E0CmggAHpRD4BzQT0QYcQCtlwuaIhyjT42edEW4Gh23NuT3Q6Z/Yn5jG8ZH3AJ
        XhVpJ6Gbxqzq9pgo0LKutNW1QzMfOR473Ur8xt3eFtPogVXA7gRhtH6Yw+dWf4UAaSDDqF0ue1Pw
        OBeq1vXSkOFw5nrUsXL2PwV4kIoH2Gh6jKXKH+2adcqi5TUY8jso3d2awGq9T30vwlY9xMuV6XSo
        77qHJHC/pP2gq9leIrtrZN4dTHvfinzNy/1b19V7JB5SpcHEjVmSvVMfbnq+v+NBz984fAVQSwcI
        MJXsFGIDAAA9CAAAUEsDBBQACAAIAAVTfFAAAAAAAAAAAAAAAABVAAAATG9nRmlsZXMva3VkdS90
        cmFjZS8yMDIwLTAzLTI4VDEwLTI0LTEwXzJiMDBiZV8wMDdfR0VUX2FwaS1zZXR0aW5ncy1icmFu
        Y2hfMjAwXzBzLnhtbJ1T227aQBB9r9R/2O5zxl5fAENxJJeQxAoJEZiSPvoygFvj3e6uyeXru3aK
        VCVCrfq6c+bMzplzxkqjILrUFYY0rnO+L+stWeDPBpWmpEi1eXeZy4B54AaJw0auP3KYxYZDSspa
        6bTOW0jGWIaUNLIKqZ2K0laoteFSdiYNZEfJHvWOFyG9miaU6GdhuuRxjihNoe957pl75riUTHhd
        Y65LXof0BlFAVJUHQx81hkOWL+lr6UuqLMui5JorHdJHzFIh4LGsoeLbH73UE9uC47Ol8r2VvjQS
        DUKVGpVVo1lupVBCtMXa9EZtGdaYLds6mPla8qpCaQcDi1kDa+BT8gR7Bb//DO2Pexk6bBBsoPAD
        H/xe34e0yAbgIPb7Ax+HaW9DyQOso/USVjUafQssYLWYnRJpMoundwnE9yH1zdjA8gPLdYajgDHW
        MkWLBczmVxBf/Pv0ZZxM4WJ6P5t/u+3ITe8prShZR0sDvoxWswSu58vkLrqdnsaf0vYBLrl8TGW7
        7r3kmod0p7VQ3Q5CLFEeyhzflM4/fiBk/KcjJxWmdSPIw74iM7417X9xpH0+/gRAikZ2FhkRZ7BX
        BOA99bzRW96aXaISvFbGXae5Hc+of/TsEW68rxs1MSdtI2IArw8JPhlDzW8oabdEGdLbMpdc8Y2G
        OF7abXj+20uTNN/h0Z4hFbI8mIh2qipxhxq+olRdbHxjW495jolp62bjcki60JmMVGXeyWN/V7z+
        TPJdKk1cw0ZvIKDknYbsKOHYbo/zVmLPOdZ/AVBLBwib66ULSQIAAE4EAABQSwMEFAAIAAgABVN8
        UAAAAAAAAAAAAAAAAFgAAABMb2dGaWxlcy9rdWR1L3RyYWNlLzIwMjAtMDMtMjhUMTAtMjQtMTBf
        MmIwMGJlXzAwOF9HRVRfYXBpLWRlcGxveW1lbnRzLWxhdGVzdF8yMDJfMHMueG1srVTfc9M4EH6/
        Gf4HnR54Ym3Jdogdam5Mm7YZ0h+TpFfg5caRN6k4xxKS3FL++pPdlnSA9BgGPWpXu592v+/bsw41
        cdLVmNNJI9RGNmsyw08tWkdJVTp/H7GIAYshShecjaJkxFnAU0aJbKwrG9GlLBlbIiWtqXMallqG
        Fepa3W6wcTasfRnr/rq7QpMfSXfcLp+XG/3KyQ3m2wb/cAZRDEn6gZINuitV5fRovKDE3WrfxjwA
        09IHXsZx9CJ6wSNK9lXToHBSNTl9i6ihqOW1x1O0voaRX8q70JvSBkFAybGyLqc3uCy1hhvZQK3W
        /w7KWK8rhbeBFZug/NIa9BlWeuxBg34aFxYNFGv/pZwWXRgucTnv4uD7O6PqGk2YDgMWDINhQsln
        2Fi4xwwdYixTkVasAl5FApJqFcFSLDnwVZoNeMVX1dCDfgeXxeUcLhr0C6mwgovZ9LdNdX86GZ8u
        YHKe08TjTIMkDSKejVLGeNe6mM1genYEk4OfhzufLMZwMD6fnr0/6Yv7t7uGS8llMffJh8XFdAHH
        Z/PFaXEy3p2/axnv4FCZm9J08zk3yqmcXjmnbf8HredorqXAb0Kvn/1ByN5jzh98pen9i+AI3Qxt
        Wz9N/8yTrq/2M/WmPf+3rZ4SVsS9sO4r76x9UjblGs0Wq//2bq32JcPXe38CkKo1vRZGhMfpxhKA
        /+tFhEiTlT9ZVGYJSwTiIBsgpqlgHMUwi5JotVqyIZGWvGllXXkLeQpO/NJL4zs47DGYvbDb0XeI
        h/E26ccpEXuc8njRZ61bq87cDFqtGut1tnticTbYWs5Duvc619p9r8jeEim5u1jg584PhEDtsKKk
        45H3OHoihVFWrRxMJvPQW6bf6y8awn4prvDBY3Kqjbz2jOqZbvUpOvgbje29L/HeE7OYZ5RMlbh3
        vV4XozDcJckfS+w3uXjnjN4xYdEbuPfbWt7hCj9a1bwi4qo0Fl3euhWkT/Fix8Jj/sCJ/wBQSwcI
        MMCzdeoCAADMBgAAUEsDBBQACAAIABRTfFAAAAAAAAAAAAAAAABVAAAATG9nRmlsZXMva3VkdS90
        cmFjZS8yMDIwLTAzLTI4VDEwLTI0LTQxXzJiMDBiZV8wMTBfR0VUX2FwaS1zZXR0aW5ncy1icmFu
        Y2hfMjAwXzBzLnhtbJ1TXW/aQBB8r9T/cL3nrL9wsKE4kktIgkJCBKakj8ZewK3xXe/O5OPXd+0U
        tUpEW/X1dnb2dnZmoA1KZgpTYsTHVSZ2RbVhM/xeozac5amhd8/xHHA64IWJ6/Q9v++7VtB1OSsq
        bdIqayArx1khZ7UqI26nsrA1GkNc2l4pgmw526HZijzil6OEM/MkqUsd5siCCt1OxzvxTkLOhqKq
        MDOFqCJ+jSghLos9scc1UajiOX0pfUq1ZVmcXQltIv6Aq1RKeCgqKMXm22nakZtc4JOls52VPtcK
        CaELg9qqkHZbaFQQb7Ci3rgpwxJX86YONN8oUZao7DCwHCuwAp+zR9hp+PllaD7srL1TB9cZCZNl
        4PdChN7adSFY97xunoW571DbPSzj5RwWFZK8OeawmE2OaTScjEe3CYzvIu7T2NDyQ8tze/3wNOg2
        TPFsBpPpJYzP/336fJyM4Hx0N5l+uWnJqfeYVpwt4zmBL+LFJIGr6Ty5jW9Gx/HHtL2HC6EeUtWs
        e6eEERHfGiN1u4OUc1T7IsNXpbP37xgb/G7IYYlpVUt2vyvZRGyo/S+GtM8GHwBYXqvWIn3mdnea
        AbylntZmIxqvK9RSVJrc9QfuIPhl2QOcrG9qPaSTNglxOHt5SPCRDDW95qzZElXEb4pMCS3WBsbj
        ue06FmH/00vDNNviwZ4Rl6rYU0JbVbW8RQOfUek2Nj7ZtuN03F6bJkMuh6TNHGWkLLJWHvurFtVH
        lm1TRWmNarMGCt8bDZ2DhAO7Oc5riTvuof4DUEsHCNwCBNNIAgAATQQAAFBLAwQUAAgACAAoU3xQ
        AAAAAAAAAAAAAAAARwAAAExvZ0ZpbGVzL2t1ZHUvdHJhY2UvMjAyMC0wMy0yOFQxMC0yNS0xN18y
        YjAwYmVfMDExX0dFVF9kdW1wX3BlbmRpbmcueG1sfVJdb9swDHwfsP+g6blUHTlxPhAX8FK3DeY2
        Qewg3d5km0mF2ZJmyw3SXz85w4ZhQ/pK3h3vSM5bi4ZYaSsM6VIVupbqQDb4o8PWUlIK6+rc4x54
        PvBJNvBmfDQbjNlkwCmRqrVCFT0k97wcKemaKqTXZVcbSmq0L7oM6X2cUWJPxsGa38JGukbg+/yK
        XwWULLRSWFipVUi/IBqIKvnq5KKiQGMhdsZKZyykskTl3J5cq3PqjXwTv1ifRcsYo+RBtzakR8yF
        MXCUCip9+D4SvjmUGk+sLWom3roGHaKVFlum0OV8hl20S2GrsJ+EJWw3yZ8ci2QZP2WwXId04Pls
        OGXcC1jAZ8Fw6o97crTZQLK6h+VtSH1vn4sx5oCjIoBhyacgJuMp4ETsR2LvCqNhz0mXWQy38TpZ
        fX08yzvuJduU7KLUge+ibZLBwyrNnqLH+DL+csw73RxF0ydcN9rqkL5Ya9pzBmNSbF5lgf+0bj5+
        IGT+958sKhSqM+S5rkiiD47+zp9wt6Hrm/knAFJ2zflaM+LVLQH4X/mbNKltUNTuIay7NFspV3pX
        f+y2+RNQSwcI2gMIYK8BAADGAgAAUEsDBBQACAAIAPBSfFAAAAAAAAAAAAAAAABLAAAATG9nRmls
        ZXMva3VkdS90cmFjZS9SRDAwMTU1REU3QzA0My03ZTUzYzRmNC1hZjdkLTRkMTMtOGYzOC05NDE3
        YjEwOTdjNWYudHh0NcvBCoIwGADge9A7/A8wcW0ltZvUZWQq/aPrEBs1SF3u36G3T4LOH5/ggmdc
        ZmJvNlwJqaQEQOpmSgGu7p1cJAZpfinIu+Dz6Ij8+IgMBkfP6a6gbdAwoE9wCuZ/CH6R3aHYMsEK
        Bni8WDzr1iJW9lZW+lQa3dQK+GL9YH65nka3Xn0BUEsHCG0L/TqEAAAAkQAAAFBLAQIUABQACAAI
        AAhTfFBV/Tt3JwAAACgAAAASAAAAAAAAAAAAAAAAAAAAAABkZXBsb3ltZW50cy9hY3RpdmVQSwEC
        FAAUAAgACAAIU3xQGTHWURwIAACUGAAAPAAAAAAAAAAAAAAAAABnAAAAZGVwbG95bWVudHMvY2M4
        NGZmZmY5MmE5NDA0Y2VlNTk1ZWU4OGMwMWVjNzkyNDJmZmIwNy9sb2cubG9nUEsBAhQAFAAIAAgA
        +1J8UE08ibUyAAAAOQAAAD0AAAAAAAAAAAAAAAAA7QgAAGRlcGxveW1lbnRzL2NjODRmZmZmOTJh
        OTQwNGNlZTU5NWVlODhjMDFlYzc5MjQyZmZiMDcvbWFuaWZlc3RQSwECFAAUAAgACAAIU3xQ0CIH
        MWcBAAC8AgAAPwAAAAAAAAAAAAAAAACKCQAAZGVwbG95bWVudHMvY2M4NGZmZmY5MmE5NDA0Y2Vl
        NTk1ZWU4OGMwMWVjNzkyNDJmZmIwNy9zdGF0dXMueG1sUEsBAhQAFAAAAAAA91J8UAAAAAAAAAAA
        AAAAABMAAAAAAAAAAAAAAAAAXgsAAGRlcGxveW1lbnRzL3BlbmRpbmdQSwECFAAUAAgACADxUnxQ
        DAVmJHIAAACMAAAAGAAAAAAAAAAAAAAAAACPCwAAZGVwbG95bWVudHMvc2V0dGluZ3MueG1sUEsB
        AhQAFAAIAAgA+VJ8UHohM0npBAAA7gwAABwAAAAAAAAAAAAAAAAARwwAAGRlcGxveW1lbnRzL3Rv
        b2xzL2RlcGxveS5jbWRQSwECFAAUAAgACAD5UnxQtF83p2cAAACWAAAAJAAAAAAAAAAAAAAAAAB6
        EQAAZGVwbG95bWVudHMvdG9vbHMvZGVwbG95bWVudENhY2hlS2V5UEsBAhQAFAAIAAgA9FJ8UKmU
        FmMmAQAAwQEAABUAAAAAAAAAAAAAAAAAMxIAAExvZ0ZpbGVzL2V2ZW50bG9nLnhtbFBLAQIUABQA
        AAAAAChTfFAAAAAAAAAAAAAAAAAZAAAAAAAAAAAAAAAAAJwTAABMb2dGaWxlcy9rdWR1L2RlcGxv
        eW1lbnQvUEsBAhQAFAAIAAgA8FJ8UC0ea+fcAAAANwEAAFMAAAAAAAAAAAAAAAAA0xMAAExvZ0Zp
        bGVzL2t1ZHUvdHJhY2UvMjAyMC0wMy0yOFQxMC0yMy0zM18yYjAwYmVfMDAxX1N0YXJ0dXBfUE9T
        VF9hcGktc2V0dGluZ3NfMHMueG1sUEsBAhQAFAAIAAgA8VJ8UB1qTahOAgAAHgQAAE8AAAAAAAAA
        AAAAAAAAMBUAAExvZ0ZpbGVzL2t1ZHUvdHJhY2UvMjAyMC0wMy0yOFQxMC0yMy0zM18yYjAwYmVf
        MDAyX1BPU1RfYXBpLXNldHRpbmdzXzIwNF8xcy54bWxQSwECFAAUAAgACADxUnxQxZVOijQCAAD2
        AwAAVgAAAAAAAAAAAAAAAAD7FwAATG9nRmlsZXMva3VkdS90cmFjZS8yMDIwLTAzLTI4VDEwLTIz
        LTM1XzJiMDBiZV8wMDNfR0VUX2FwaS1zZXR0aW5ncy1TY21UeXBlXzIwMF8wcy54bWxQSwECFAAU
        AAgACADzUnxQkE8xCTICAAD0AwAAVgAAAAAAAAAAAAAAAACzGgAATG9nRmlsZXMva3VkdS90cmFj
        ZS8yMDIwLTAzLTI4VDEwLTIzLTM4XzJiMDBiZV8wMDRfR0VUX2FwaS1zZXR0aW5ncy1TY21UeXBl
        XzIwMF8wcy54bWxQSwECFAAUAAgACAD0UnxQ/MhPmpUAAAC3AAAAQgAAAAAAAAAAAAAAAABpHQAA
        TG9nRmlsZXMva3VkdS90cmFjZS8yMDIwLTAzLTI4VDEwLTIzLTQxXzJiMDBiZV8wMDVfU2h1dGRv
        d25fMHMueG1sUEsBAhQAFAAIAAgA91J8UHk20AzlAAAARgEAAFoAAAAAAAAAAAAAAAAAbh4AAExv
        Z0ZpbGVzL2t1ZHUvdHJhY2UvMjAyMC0wMy0yOFQxMC0yMy00Nl8yYjAwYmVfMDAxX1N0YXJ0dXBf
        R0VUX2FwaS1zZXR0aW5ncy1TY21UeXBlXzBzLnhtbFBLAQIUABQACAAIAPdSfFA2HUL6NgIAAPYD
        AABWAAAAAAAAAAAAAAAAANsfAABMb2dGaWxlcy9rdWR1L3RyYWNlLzIwMjAtMDMtMjhUMTAtMjMt
        NDZfMmIwMGJlXzAwMl9HRVRfYXBpLXNldHRpbmdzLVNjbVR5cGVfMjAwXzFzLnhtbFBLAQIUABQA
        CAAIAPhSfFCiGuXWwQIAAEgFAABJAAAAAAAAAAAAAAAAAJUiAABMb2dGaWxlcy9rdWR1L3RyYWNl
        LzIwMjAtMDMtMjhUMTAtMjMtNDdfMmIwMGJlXzAwM19QT1NUX2RlcGxveV8yMDJfMXMueG1sUEsB
        AhQAFAAIAAgACFN8UD7daSK1AwAARgsAAFEAAAAAAAAAAAAAAAAAzSUAAExvZ0ZpbGVzL2t1ZHUv
        dHJhY2UvMjAyMC0wMy0yOFQxMC0yMy00N18yYjAwYmVfMDA0X0JhY2tncm91bmRfUE9TVF9kZXBs
        b3lfMzBzLnhtbFBLAQIUABQACAAIAPhSfFDr5Lix0gIAALEGAABYAAAAAAAAAAAAAAAAAAEqAABM
        b2dGaWxlcy9rdWR1L3RyYWNlLzIwMjAtMDMtMjhUMTAtMjMtNDhfMmIwMGJlXzAwNV9HRVRfYXBp
        LWRlcGxveW1lbnRzLWxhdGVzdF8yMDJfMHMueG1sUEsBAhQAFAAIAAgA/VJ8UDCV7BRiAwAAPQgA
        AFgAAAAAAAAAAAAAAAAAWS0AAExvZ0ZpbGVzL2t1ZHUvdHJhY2UvMjAyMC0wMy0yOFQxMC0yMy01
        OF8yYjAwYmVfMDA2X0dFVF9hcGktZGVwbG95bWVudHMtbGF0ZXN0XzIwMl8wcy54bWxQSwECFAAU
        AAgACAAFU3xQm+ulC0kCAABOBAAAVQAAAAAAAAAAAAAAAABBMQAATG9nRmlsZXMva3VkdS90cmFj
        ZS8yMDIwLTAzLTI4VDEwLTI0LTEwXzJiMDBiZV8wMDdfR0VUX2FwaS1zZXR0aW5ncy1icmFuY2hf
        MjAwXzBzLnhtbFBLAQIUABQACAAIAAVTfFAwwLN16gIAAMwGAABYAAAAAAAAAAAAAAAAAA00AABM
        b2dGaWxlcy9rdWR1L3RyYWNlLzIwMjAtMDMtMjhUMTAtMjQtMTBfMmIwMGJlXzAwOF9HRVRfYXBp
        LWRlcGxveW1lbnRzLWxhdGVzdF8yMDJfMHMueG1sUEsBAhQAFAAIAAgAFFN8UNwCBNNIAgAATQQA
        AFUAAAAAAAAAAAAAAAAAfTcAAExvZ0ZpbGVzL2t1ZHUvdHJhY2UvMjAyMC0wMy0yOFQxMC0yNC00
        MV8yYjAwYmVfMDEwX0dFVF9hcGktc2V0dGluZ3MtYnJhbmNoXzIwMF8wcy54bWxQSwECFAAUAAgA
        CAAoU3xQ2gMIYK8BAADGAgAARwAAAAAAAAAAAAAAAABIOgAATG9nRmlsZXMva3VkdS90cmFjZS8y
        MDIwLTAzLTI4VDEwLTI1LTE3XzJiMDBiZV8wMTFfR0VUX2R1bXBfcGVuZGluZy54bWxQSwECFAAU
        AAgACADwUnxQbQv9OoQAAACRAAAASwAAAAAAAAAAAAAAAABsPAAATG9nRmlsZXMva3VkdS90cmFj
        ZS9SRDAwMTU1REU3QzA0My03ZTUzYzRmNC1hZjdkLTRkMTMtOGYzOC05NDE3YjEwOTdjNWYudHh0
        UEsFBgAAAAAaABoALQsAAGk9AAAAAA==
    headers:
      cache-control:
      - no-cache
      content-disposition:
      - attachment; filename=dump-03-28-10-25-17.zip
      content-type:
      - application/zip
      date:
      - Sat, 28 Mar 2020 10:25:17 GMT
      expires:
      - '-1'
      pragma:
      - no-cache
      server:
      - Microsoft-IIS/10.0
      set-cookie:
      - ARRAffinity=2b00be879178b4f8e4811ddc43217bf1192aeb721793199fd5e74bea2e9d9eea;Path=/;HttpOnly;Domain=webapp-win-logk5a3pgdoey.scm.azurewebsites.net
      transfer-encoding:
      - chunked
      x-aspnet-version:
      - 4.0.30319
      x-powered-by:
      - ASP.NET
    status:
      code: 200
      message: OK
version: 1
