interactions:
- request:
    body: '{"location": "eastus", "sku": {"name": "P1V2", "tier": "PREMIUMV2", "capacity":
      3}, "properties": {"perSiteScaling": false, "isXenon": false, "zoneRedundant":
      true}}'
    headers:
      Accept:
      - application/json
      Accept-Encoding:
      - gzip, deflate
      CommandName:
      - functionapp plan create
      Connection:
      - keep-alive
      Content-Length:
      - '165'
      Content-Type:
      - application/json
      ParameterSetName:
      - -g -n -l -z --sku
      User-Agent:
      - AZURECLI/2.69.0 azsdk-python-core/1.31.0 Python/3.12.9 (Windows-10-10.0.19045-SP0)
    method: PUT
    uri: https://management.azure.com/subscriptions/00000000-0000-0000-0000-000000000000/resourceGroups/clitest.rg000001/providers/Microsoft.Web/serverfarms/plan000002?api-version=2023-01-01
  response:
    body:
      string: '{"id":"/subscriptions/00000000-0000-0000-0000-000000000000/resourceGroups/clitest.rg000001/providers/Microsoft.Web/serverfarms/plan000002","name":"plan000002","type":"Microsoft.Web/serverfarms","kind":"app","location":"eastus","properties":{"serverFarmId":60990,"name":"plan000002","sku":{"name":"P1v2","tier":"PremiumV2","size":"P1v2","family":"Pv2","capacity":3},"workerSize":"D1","workerSizeId":3,"workerTierName":null,"numberOfWorkers":3,"currentWorkerSize":"D1","currentWorkerSizeId":3,"currentNumberOfWorkers":3,"status":"Ready","webSpace":"clitest.rg000001-EastUSwebspace","subscription":"0b1f6471-1bf0-4dda-aec3-cb9272f09590","adminSiteName":null,"hostingEnvironment":null,"hostingEnvironmentProfile":null,"maximumNumberOfWorkers":0,"planName":"VirtualDedicatedPlan","adminRuntimeSiteName":null,"computeMode":"Dedicated","siteMode":null,"geoRegion":"East
        US","perSiteScaling":false,"elasticScaleEnabled":false,"maximumElasticWorkerCount":3,"numberOfSites":0,"hostingEnvironmentId":null,"isSpot":false,"spotExpirationTime":null,"freeOfferExpirationTime":null,"tags":null,"kind":"app","resourceGroup":"clitest.rg000001","reserved":false,"isXenon":false,"hyperV":false,"mdmId":"waws-prod-blu-391_60990","targetWorkerCount":0,"targetWorkerSizeId":0,"provisioningState":"Succeeded","webSiteId":null,"existingServerFarmIds":null,"kubeEnvironmentProfile":null,"zoneRedundant":true,"migrateToVMSS":null,"vnetConnectionsUsed":null,"vnetConnectionsMax":null,"createdTime":"2025-02-21T13:06:29.94"},"sku":{"name":"P1v2","tier":"PremiumV2","size":"P1v2","family":"Pv2","capacity":3}}'
    headers:
      cache-control:
      - no-cache
      content-length:
      - '1579'
      content-type:
      - application/json
      date:
      - Fri, 21 Feb 2025 13:06:32 GMT
      etag:
      - '"1DB84616C9393AB"'
      expires:
      - '-1'
      pragma:
      - no-cache
      server:
      - Microsoft-IIS/10.0
      strict-transport-security:
      - max-age=31536000; includeSubDomains
      x-aspnet-version:
      - 4.0.30319
      x-content-type-options:
      - nosniff
      x-ms-operation-identifier:
      - tenantId=54826b22-38d6-4fb2-bad9-b7b93a3e9c5a,objectId=a7250e3a-0e5e-48e2-9a34-45f1f5e1a91e/eastus2euap/d72f1316-e9a7-4da5-ae96-452cbcd02e26
      x-ms-ratelimit-remaining-subscription-global-writes:
      - '2999'
      x-ms-ratelimit-remaining-subscription-writes:
      - '199'
      x-powered-by:
      - ASP.NET
    status:
      code: 200
      message: OK
- request:
    body: null
    headers:
      Accept:
      - '*/*'
      Accept-Encoding:
      - gzip, deflate
      CommandName:
      - appservice plan show
      Connection:
      - keep-alive
      ParameterSetName:
      - -g -n
      User-Agent:
      - python/3.12.9 (Windows-10-10.0.19045-SP0) AZURECLI/2.69.0
    method: GET
    uri: https://management.azure.com/subscriptions/00000000-0000-0000-0000-000000000000/resourceGroups/clitest.rg000001/providers/Microsoft.Web/serverfarms/plan000002?api-version=2023-01-01
  response:
    body:
      string: '{"id":"/subscriptions/00000000-0000-0000-0000-000000000000/resourceGroups/clitest.rg000001/providers/Microsoft.Web/serverfarms/plan000002","name":"plan000002","type":"Microsoft.Web/serverfarms","kind":"app","location":"East
        US","properties":{"serverFarmId":60990,"name":"plan000002","workerSize":"D1","workerSizeId":3,"workerTierName":null,"numberOfWorkers":3,"currentWorkerSize":"D1","currentWorkerSizeId":3,"currentNumberOfWorkers":3,"status":"Ready","webSpace":"clitest.rg000001-EastUSwebspace","subscription":"0b1f6471-1bf0-4dda-aec3-cb9272f09590","adminSiteName":null,"hostingEnvironment":null,"hostingEnvironmentProfile":null,"maximumNumberOfWorkers":30,"planName":"VirtualDedicatedPlan","adminRuntimeSiteName":null,"computeMode":"Dedicated","siteMode":null,"geoRegion":"East
        US","perSiteScaling":false,"elasticScaleEnabled":false,"maximumElasticWorkerCount":3,"numberOfSites":0,"hostingEnvironmentId":null,"isSpot":false,"spotExpirationTime":null,"freeOfferExpirationTime":null,"tags":null,"kind":"app","resourceGroup":"clitest.rg000001","reserved":false,"isXenon":false,"hyperV":false,"mdmId":"waws-prod-blu-391_60990","targetWorkerCount":0,"targetWorkerSizeId":0,"provisioningState":"Succeeded","webSiteId":null,"existingServerFarmIds":null,"kubeEnvironmentProfile":null,"zoneRedundant":true,"migrateToVMSS":null,"vnetConnectionsUsed":0,"vnetConnectionsMax":2,"createdTime":"2025-02-21T13:06:29.94"},"sku":{"name":"P1v2","tier":"PremiumV2","size":"P1v2","family":"Pv2","capacity":3}}'
    headers:
      cache-control:
      - no-cache
      content-length:
      - '1492'
      content-type:
      - application/json
      date:
      - Fri, 21 Feb 2025 13:06:33 GMT
      expires:
      - '-1'
      pragma:
      - no-cache
      server:
      - Microsoft-IIS/10.0
      strict-transport-security:
      - max-age=31536000; includeSubDomains
      x-aspnet-version:
      - 4.0.30319
      x-content-type-options:
      - nosniff
      x-ms-ratelimit-remaining-subscription-global-reads:
      - '3749'
      x-powered-by:
      - ASP.NET
    status:
      code: 200
      message: OK
- request:
    body: '{"location": "japanwest", "sku": {"name": "P1V3", "tier": "PREMIUMV3",
      "capacity": 3}, "properties": {"perSiteScaling": false, "isXenon": false, "zoneRedundant":
      true}}'
    headers:
      Accept:
      - application/json
      Accept-Encoding:
      - gzip, deflate
      CommandName:
      - functionapp plan create
      Connection:
      - keep-alive
      Content-Length:
      - '168'
      Content-Type:
      - application/json
      ParameterSetName:
      - -g -n -l -z --sku
      User-Agent:
      - AZURECLI/2.69.0 azsdk-python-core/1.31.0 Python/3.12.9 (Windows-10-10.0.19045-SP0)
    method: PUT
    uri: https://management.azure.com/subscriptions/00000000-0000-0000-0000-000000000000/resourceGroups/clitest.rg000001/providers/Microsoft.Web/serverfarms/plan000003?api-version=2023-01-01
  response:
    body:
      string: '{"Code":"Unauthorized","Message":"Requested features are not supported
        in region. Please try another region.","Target":null,"Details":[{"Message":"Requested
        features are not supported in region. Please try another region."},{"Code":"Unauthorized"},{"ErrorEntity":{"ExtendedCode":"59911","MessageTemplate":"Requested
        features are not supported in region. Please try another region.","Parameters":[],"Code":"Unauthorized","Message":"Requested
        features are not supported in region. Please try another region."}}],"Innererror":null}'
    headers:
      cache-control:
      - no-cache
      connection:
      - close
      content-length:
      - '528'
      content-type:
      - application/json; charset=utf-8
      date:
      - Fri, 21 Feb 2025 13:06:37 GMT
      expires:
      - '-1'
      pragma:
      - no-cache
      server:
      - Microsoft-IIS/10.0
      strict-transport-security:
      - max-age=31536000; includeSubDomains
      x-aspnet-version:
      - 4.0.30319
      x-content-type-options:
      - nosniff
      x-ms-ratelimit-remaining-subscription-global-writes:
      - '2998'
      x-ms-ratelimit-remaining-subscription-writes:
      - '198'
      x-powered-by:
      - ASP.NET
    status:
      code: 401
      message: Unauthorized
- request:
    body: '{"location": "eastus2", "sku": {"name": "F1", "tier": "FREE"}, "properties":
      {"perSiteScaling": false, "isXenon": false, "zoneRedundant": false}}'
    headers:
      Accept:
      - application/json
      Accept-Encoding:
      - gzip, deflate
      CommandName:
      - functionapp plan create
      Connection:
      - keep-alive
      Content-Length:
      - '145'
      Content-Type:
      - application/json
      ParameterSetName:
      - -g -n -l --sku
      User-Agent:
      - AZURECLI/2.69.0 azsdk-python-core/1.31.0 Python/3.12.9 (Windows-10-10.0.19045-SP0)
    method: PUT
    uri: https://management.azure.com/subscriptions/00000000-0000-0000-0000-000000000000/resourceGroups/clitest.rg000001/providers/Microsoft.Web/serverfarms/plan000004?api-version=2023-01-01
  response:
    body:
      string: '{"id":"/subscriptions/00000000-0000-0000-0000-000000000000/resourceGroups/clitest.rg000001/providers/Microsoft.Web/serverfarms/plan000004","name":"plan000004","type":"Microsoft.Web/serverfarms","kind":"app","location":"eastus2","properties":{"serverFarmId":70052,"name":"plan000004","sku":{"name":"F1","tier":"Free","size":"F1","family":"F","capacity":0},"workerSize":"Default","workerSizeId":0,"workerTierName":null,"numberOfWorkers":0,"currentWorkerSize":"Default","currentWorkerSizeId":0,"currentNumberOfWorkers":0,"status":"Ready","webSpace":"clitest.rg000001-EastUS2webspace","subscription":"0b1f6471-1bf0-4dda-aec3-cb9272f09590","adminSiteName":null,"hostingEnvironment":null,"hostingEnvironmentProfile":null,"maximumNumberOfWorkers":0,"planName":"VirtualDedicatedPlan","adminRuntimeSiteName":null,"computeMode":"Shared","siteMode":"Limited","geoRegion":"East
        US 2","perSiteScaling":false,"elasticScaleEnabled":false,"maximumElasticWorkerCount":1,"numberOfSites":0,"hostingEnvironmentId":null,"isSpot":false,"spotExpirationTime":null,"freeOfferExpirationTime":null,"tags":null,"kind":"app","resourceGroup":"clitest.rg000001","reserved":false,"isXenon":false,"hyperV":false,"mdmId":"waws-prod-bn1-059_70052","targetWorkerCount":0,"targetWorkerSizeId":0,"provisioningState":"Succeeded","webSiteId":null,"existingServerFarmIds":null,"kubeEnvironmentProfile":null,"zoneRedundant":false,"migrateToVMSS":null,"vnetConnectionsUsed":null,"vnetConnectionsMax":null,"createdTime":"2025-02-21T13:06:42.8266667"},"sku":{"name":"F1","tier":"Free","size":"F1","family":"F","capacity":0}}'
    headers:
      cache-control:
      - no-cache
      content-length:
      - '1579'
      content-type:
      - application/json
      date:
      - Fri, 21 Feb 2025 13:06:42 GMT
      expires:
      - '-1'
      pragma:
      - no-cache
      server:
      - Microsoft-IIS/10.0
      strict-transport-security:
      - max-age=31536000; includeSubDomains
      x-aspnet-version:
      - 4.0.30319
      x-content-type-options:
      - nosniff
      x-ms-operation-identifier:
      - tenantId=54826b22-38d6-4fb2-bad9-b7b93a3e9c5a,objectId=a7250e3a-0e5e-48e2-9a34-45f1f5e1a91e/eastus2euap/01257799-2623-4abc-9a46-2f5e71e9f70a
      x-ms-ratelimit-remaining-subscription-global-writes:
      - '2997'
      x-ms-ratelimit-remaining-subscription-writes:
      - '197'
      x-powered-by:
      - ASP.NET
    status:
      code: 200
      message: OK
- request:
    body: null
    headers:
      Accept:
      - '*/*'
      Accept-Encoding:
      - gzip, deflate
      CommandName:
      - appservice plan show
      Connection:
      - keep-alive
      ParameterSetName:
      - -g -n
      User-Agent:
      - python/3.12.9 (Windows-10-10.0.19045-SP0) AZURECLI/2.69.0
    method: GET
    uri: https://management.azure.com/subscriptions/00000000-0000-0000-0000-000000000000/resourceGroups/clitest.rg000001/providers/Microsoft.Web/serverfarms/plan000004?api-version=2023-01-01
  response:
    body:
      string: '{"id":"/subscriptions/00000000-0000-0000-0000-000000000000/resourceGroups/clitest.rg000001/providers/Microsoft.Web/serverfarms/plan000004","name":"plan000004","type":"Microsoft.Web/serverfarms","kind":"app","location":"East
        US 2","properties":{"serverFarmId":70052,"name":"plan000004","workerSize":"Default","workerSizeId":0,"workerTierName":null,"numberOfWorkers":0,"currentWorkerSize":"Default","currentWorkerSizeId":0,"currentNumberOfWorkers":0,"status":"Ready","webSpace":"clitest.rg000001-EastUS2webspace","subscription":"0b1f6471-1bf0-4dda-aec3-cb9272f09590","adminSiteName":null,"hostingEnvironment":null,"hostingEnvironmentProfile":null,"maximumNumberOfWorkers":1,"planName":"VirtualDedicatedPlan","adminRuntimeSiteName":null,"computeMode":"Shared","siteMode":"Limited","geoRegion":"East
        US 2","perSiteScaling":false,"elasticScaleEnabled":false,"maximumElasticWorkerCount":1,"numberOfSites":0,"hostingEnvironmentId":null,"isSpot":false,"spotExpirationTime":null,"freeOfferExpirationTime":null,"tags":null,"kind":"app","resourceGroup":"clitest.rg000001","reserved":false,"isXenon":false,"hyperV":false,"mdmId":"waws-prod-bn1-059_70052","targetWorkerCount":0,"targetWorkerSizeId":0,"provisioningState":"Succeeded","webSiteId":null,"existingServerFarmIds":null,"kubeEnvironmentProfile":null,"zoneRedundant":false,"migrateToVMSS":null,"vnetConnectionsUsed":0,"vnetConnectionsMax":2,"createdTime":"2025-02-21T13:06:42.8266667"},"sku":{"name":"F1","tier":"Free","size":"F1","family":"F","capacity":0}}'
    headers:
      cache-control:
      - no-cache
      content-length:
      - '1503'
      content-type:
      - application/json
      date:
      - Fri, 21 Feb 2025 13:06:44 GMT
      expires:
      - '-1'
      pragma:
      - no-cache
      server:
      - Microsoft-IIS/10.0
      strict-transport-security:
      - max-age=31536000; includeSubDomains
      x-aspnet-version:
      - 4.0.30319
      x-content-type-options:
      - nosniff
      x-ms-ratelimit-remaining-subscription-global-reads:
      - '3749'
      x-powered-by:
      - ASP.NET
    status:
      code: 200
      message: OK
version: 1
