interactions:
- request:
    body: '{"location": "westus"}'
    headers:
      Accept:
      - application/json
      Accept-Encoding:
      - gzip, deflate
      CommandName:
      - group create
      Connection:
      - keep-alive
      Content-Length:
      - '22'
      Content-Type:
      - application/json; charset=utf-8
      ParameterSetName:
      - -n -l
      User-Agent:
      - python/3.7.6 (Windows-10-10.0.18362-SP0) msrest/0.6.11 msrest_azure/0.6.3
        azure-mgmt-resource/8.0.1 Azure-SDK-For-Python AZURECLI/2.3.1
      accept-language:
      - en-US
    method: PUT
    uri: https://management.azure.com/subscriptions/00000000-0000-0000-0000-000000000000/resourcegroups/clitest.rg000002?api-version=2019-07-01
  response:
    body:
      string: '{"id":"/subscriptions/00000000-0000-0000-0000-000000000000/resourceGroups/clitest.rg000002","name":"clitest.rg000002","type":"Microsoft.Resources/resourceGroups","location":"westus","properties":{"provisioningState":"Succeeded"}}'
    headers:
      cache-control:
      - no-cache
      content-length:
      - '347'
      content-type:
      - application/json; charset=utf-8
      date:
      - Fri, 03 Apr 2020 06:54:22 GMT
      expires:
      - '-1'
      pragma:
      - no-cache
      strict-transport-security:
      - max-age=31536000; includeSubDomains
      transfer-encoding:
      - chunked
      vary:
      - Accept-Encoding
      x-content-type-options:
      - nosniff
      x-ms-ratelimit-remaining-subscription-writes:
      - '1184'
    status:
      code: 200
      message: OK
- request:
    body: null
    headers:
      Accept:
      - application/json
      Accept-Encoding:
      - gzip, deflate
      CommandName:
      - appservice plan create
      Connection:
      - keep-alive
      ParameterSetName:
      - -g -n --sku
      User-Agent:
      - python/3.7.6 (Windows-10-10.0.18362-SP0) msrest/0.6.11 msrest_azure/0.6.3
        azure-mgmt-resource/8.0.1 Azure-SDK-For-Python AZURECLI/2.3.1
      accept-language:
      - en-US
    method: GET
    uri: https://management.azure.com/subscriptions/00000000-0000-0000-0000-000000000000/resourcegroups/clitest.rg000001?api-version=2019-07-01
  response:
    body:
      string: '{"id":"/subscriptions/00000000-0000-0000-0000-000000000000/resourceGroups/clitest.rg000001","name":"clitest.rg000001","type":"Microsoft.Resources/resourceGroups","location":"westus","tags":{"product":"azurecli","cause":"automation","date":"2020-04-03T06:54:10Z"},"properties":{"provisioningState":"Succeeded"}}'
    headers:
      cache-control:
      - no-cache
      content-length:
      - '428'
      content-type:
      - application/json; charset=utf-8
      date:
      - Fri, 03 Apr 2020 06:54:24 GMT
      expires:
      - '-1'
      pragma:
      - no-cache
      strict-transport-security:
      - max-age=31536000; includeSubDomains
      vary:
      - Accept-Encoding
      x-content-type-options:
      - nosniff
    status:
      code: 200
      message: OK
- request:
    body: '{"name": "web-error-plan000003", "type": "Microsoft.Web/serverfarms", "location":
      "westus", "properties": {"skuName": "B1", "capacity": 1}}'
    headers:
      Accept:
      - application/json
      Accept-Encoding:
      - gzip, deflate
      CommandName:
      - appservice plan create
      Connection:
      - keep-alive
      Content-Length:
      - '143'
      Content-Type:
      - application/json; charset=utf-8
      ParameterSetName:
      - -g -n --sku
      User-Agent:
      - python/3.7.6 (Windows-10-10.0.18362-SP0) msrest/0.6.11 msrest_azure/0.6.3
        azure-mgmt-web/0.44.0 Azure-SDK-For-Python AZURECLI/2.3.1
      accept-language:
      - en-US
    method: POST
    uri: https://management.azure.com/subscriptions/00000000-0000-0000-0000-000000000000/resourceGroups/clitest.rg000001/providers/Microsoft.Web/validate?api-version=2019-08-01
  response:
    body:
      string: '{"status":"Success","error":null}'
    headers:
      cache-control:
      - no-cache
      content-length:
      - '33'
      content-type:
      - application/json
      date:
      - Fri, 03 Apr 2020 06:54:26 GMT
      expires:
      - '-1'
      pragma:
      - no-cache
      server:
      - Microsoft-IIS/10.0
      strict-transport-security:
      - max-age=31536000; includeSubDomains
      transfer-encoding:
      - chunked
      vary:
      - Accept-Encoding
      x-aspnet-version:
      - 4.0.30319
      x-content-type-options:
      - nosniff
      x-ms-ratelimit-remaining-subscription-writes:
      - '1191'
      x-powered-by:
      - ASP.NET
    status:
      code: 200
      message: OK
- request:
    body: null
    headers:
      Accept:
      - application/json
      Accept-Encoding:
      - gzip, deflate
      CommandName:
      - appservice plan create
      Connection:
      - keep-alive
      ParameterSetName:
      - -g -n --sku
      User-Agent:
      - python/3.7.6 (Windows-10-10.0.18362-SP0) msrest/0.6.11 msrest_azure/0.6.3
        azure-mgmt-resource/8.0.1 Azure-SDK-For-Python AZURECLI/2.3.1
      accept-language:
      - en-US
    method: GET
    uri: https://management.azure.com/subscriptions/00000000-0000-0000-0000-000000000000/resourcegroups/clitest.rg000001?api-version=2019-07-01
  response:
    body:
      string: '{"id":"/subscriptions/00000000-0000-0000-0000-000000000000/resourceGroups/clitest.rg000001","name":"clitest.rg000001","type":"Microsoft.Resources/resourceGroups","location":"westus","tags":{"product":"azurecli","cause":"automation","date":"2020-04-03T06:54:10Z"},"properties":{"provisioningState":"Succeeded"}}'
    headers:
      cache-control:
      - no-cache
      content-length:
      - '428'
      content-type:
      - application/json; charset=utf-8
      date:
      - Fri, 03 Apr 2020 06:54:27 GMT
      expires:
      - '-1'
      pragma:
      - no-cache
      strict-transport-security:
      - max-age=31536000; includeSubDomains
      vary:
      - Accept-Encoding
      x-content-type-options:
      - nosniff
    status:
      code: 200
      message: OK
- request:
    body: '{"location": "westus", "properties": {"perSiteScaling": false, "isXenon":
      false}, "sku": {"name": "B1", "tier": "BASIC", "capacity": 1}}'
    headers:
      Accept:
      - application/json
      Accept-Encoding:
      - gzip, deflate
      CommandName:
      - appservice plan create
      Connection:
      - keep-alive
      Content-Length:
      - '136'
      Content-Type:
      - application/json; charset=utf-8
      ParameterSetName:
      - -g -n --sku
      User-Agent:
      - python/3.7.6 (Windows-10-10.0.18362-SP0) msrest/0.6.11 msrest_azure/0.6.3
        azure-mgmt-web/0.44.0 Azure-SDK-For-Python AZURECLI/2.3.1
      accept-language:
      - en-US
    method: PUT
    uri: https://management.azure.com/subscriptions/00000000-0000-0000-0000-000000000000/resourceGroups/clitest.rg000001/providers/Microsoft.Web/serverfarms/web-error-plan000003?api-version=2019-08-01
  response:
    body:
      string: '{"id":"/subscriptions/00000000-0000-0000-0000-000000000000/resourceGroups/clitest.rg000001/providers/Microsoft.Web/serverfarms/web-error-plan000003","name":"web-error-plan000003","type":"Microsoft.Web/serverfarms","kind":"app","location":"West
        US","properties":{"serverFarmId":30545,"name":"web-error-plan000003","workerSize":"Default","workerSizeId":0,"workerTierName":null,"numberOfWorkers":1,"currentWorkerSize":"Default","currentWorkerSizeId":0,"currentNumberOfWorkers":1,"status":"Ready","webSpace":"clitest.rg000001-WestUSwebspace","subscription":"04b0639d-85d8-445a-bada-8da78e50ff30","adminSiteName":null,"hostingEnvironment":null,"hostingEnvironmentProfile":null,"maximumNumberOfWorkers":3,"planName":"VirtualDedicatedPlan","adminRuntimeSiteName":null,"computeMode":"Dedicated","siteMode":null,"geoRegion":"West
        US","perSiteScaling":false,"maximumElasticWorkerCount":1,"numberOfSites":0,"hostingEnvironmentId":null,"isSpot":false,"spotExpirationTime":null,"freeOfferExpirationTime":null,"tags":null,"kind":"app","resourceGroup":"clitest.rg000001","reserved":false,"isXenon":false,"hyperV":false,"mdmId":"waws-prod-bay-061_30545","targetWorkerCount":0,"targetWorkerSizeId":0,"provisioningState":"Succeeded","webSiteId":null,"existingServerFarmIds":null},"sku":{"name":"B1","tier":"Basic","size":"B1","family":"B","capacity":1}}'
    headers:
      cache-control:
      - no-cache
      content-length:
      - '1524'
      content-type:
      - application/json
      date:
      - Fri, 03 Apr 2020 06:54:40 GMT
      expires:
      - '-1'
      pragma:
      - no-cache
      server:
      - Microsoft-IIS/10.0
      strict-transport-security:
      - max-age=31536000; includeSubDomains
      transfer-encoding:
      - chunked
      vary:
      - Accept-Encoding
      x-aspnet-version:
      - 4.0.30319
      x-content-type-options:
      - nosniff
      x-ms-ratelimit-remaining-subscription-writes:
      - '1187'
      x-powered-by:
      - ASP.NET
    status:
      code: 200
      message: OK
- request:
    body: null
    headers:
      Accept:
      - application/json
      Accept-Encoding:
      - gzip, deflate
      CommandName:
      - webapp create
      Connection:
      - keep-alive
      ParameterSetName:
      - -g -n --plan
      User-Agent:
      - python/3.7.6 (Windows-10-10.0.18362-SP0) msrest/0.6.11 msrest_azure/0.6.3
        azure-mgmt-web/0.44.0 Azure-SDK-For-Python AZURECLI/2.3.1
      accept-language:
      - en-US
    method: GET
    uri: https://management.azure.com/subscriptions/00000000-0000-0000-0000-000000000000/resourceGroups/clitest.rg000001/providers/Microsoft.Web/serverfarms/web-error-plan000003?api-version=2019-08-01
  response:
    body:
      string: '{"id":"/subscriptions/00000000-0000-0000-0000-000000000000/resourceGroups/clitest.rg000001/providers/Microsoft.Web/serverfarms/web-error-plan000003","name":"web-error-plan000003","type":"Microsoft.Web/serverfarms","kind":"app","location":"West
        US","properties":{"serverFarmId":30545,"name":"web-error-plan000003","workerSize":"Default","workerSizeId":0,"workerTierName":null,"numberOfWorkers":1,"currentWorkerSize":"Default","currentWorkerSizeId":0,"currentNumberOfWorkers":1,"status":"Ready","webSpace":"clitest.rg000001-WestUSwebspace","subscription":"04b0639d-85d8-445a-bada-8da78e50ff30","adminSiteName":null,"hostingEnvironment":null,"hostingEnvironmentProfile":null,"maximumNumberOfWorkers":3,"planName":"VirtualDedicatedPlan","adminRuntimeSiteName":null,"computeMode":"Dedicated","siteMode":null,"geoRegion":"West
        US","perSiteScaling":false,"maximumElasticWorkerCount":1,"numberOfSites":0,"hostingEnvironmentId":null,"isSpot":false,"spotExpirationTime":null,"freeOfferExpirationTime":null,"tags":null,"kind":"app","resourceGroup":"clitest.rg000001","reserved":false,"isXenon":false,"hyperV":false,"mdmId":"waws-prod-bay-061_30545","targetWorkerCount":0,"targetWorkerSizeId":0,"provisioningState":"Succeeded","webSiteId":null,"existingServerFarmIds":null},"sku":{"name":"B1","tier":"Basic","size":"B1","family":"B","capacity":1}}'
    headers:
      cache-control:
      - no-cache
      content-length:
      - '1524'
      content-type:
      - application/json
      date:
      - Fri, 03 Apr 2020 06:54:40 GMT
      expires:
      - '-1'
      pragma:
      - no-cache
      server:
      - Microsoft-IIS/10.0
      strict-transport-security:
      - max-age=31536000; includeSubDomains
      transfer-encoding:
      - chunked
      vary:
      - Accept-Encoding
      x-aspnet-version:
      - 4.0.30319
      x-content-type-options:
      - nosniff
      x-powered-by:
      - ASP.NET
    status:
      code: 200
      message: OK
- request:
    body: 'b''{"name": "web-error000004", "type": "Microsoft.Web/sites", "location":
      "West US", "properties": {"serverFarmId": "/subscriptions/00000000-0000-0000-0000-000000000000/resourceGroups/clitest.rg000001/providers/Microsoft.Web/serverfarms/web-error-plan000003"}}'''
    headers:
      Accept:
      - application/json
      Accept-Encoding:
      - gzip, deflate
      CommandName:
      - webapp create
      Connection:
      - keep-alive
      Content-Length:
      - '329'
      Content-Type:
      - application/json; charset=utf-8
      ParameterSetName:
      - -g -n --plan
      User-Agent:
      - python/3.7.6 (Windows-10-10.0.18362-SP0) msrest/0.6.11 msrest_azure/0.6.3
        azure-mgmt-web/0.44.0 Azure-SDK-For-Python AZURECLI/2.3.1
      accept-language:
      - en-US
    method: POST
    uri: https://management.azure.com/subscriptions/00000000-0000-0000-0000-000000000000/resourceGroups/clitest.rg000001/providers/Microsoft.Web/validate?api-version=2019-08-01
  response:
    body:
      string: '{"status":"Success","error":null}'
    headers:
      cache-control:
      - no-cache
      content-length:
      - '33'
      content-type:
      - application/json
      date:
      - Fri, 03 Apr 2020 06:54:41 GMT
      expires:
      - '-1'
      pragma:
      - no-cache
      server:
      - Microsoft-IIS/10.0
      strict-transport-security:
      - max-age=31536000; includeSubDomains
      transfer-encoding:
      - chunked
      vary:
      - Accept-Encoding
      x-aspnet-version:
      - 4.0.30319
      x-content-type-options:
      - nosniff
      x-ms-ratelimit-remaining-subscription-writes:
      - '1194'
      x-powered-by:
      - ASP.NET
    status:
      code: 200
      message: OK
- request:
    body: null
    headers:
      Accept:
      - application/json
      Accept-Encoding:
      - gzip, deflate
      CommandName:
      - webapp create
      Connection:
      - keep-alive
      ParameterSetName:
      - -g -n --plan
      User-Agent:
      - python/3.7.6 (Windows-10-10.0.18362-SP0) msrest/0.6.11 msrest_azure/0.6.3
        azure-mgmt-web/0.44.0 Azure-SDK-For-Python AZURECLI/2.3.1
      accept-language:
      - en-US
    method: GET
    uri: https://management.azure.com/subscriptions/00000000-0000-0000-0000-000000000000/resourceGroups/clitest.rg000001/providers/Microsoft.Web/serverfarms/web-error-plan000003?api-version=2019-08-01
  response:
    body:
      string: '{"id":"/subscriptions/00000000-0000-0000-0000-000000000000/resourceGroups/clitest.rg000001/providers/Microsoft.Web/serverfarms/web-error-plan000003","name":"web-error-plan000003","type":"Microsoft.Web/serverfarms","kind":"app","location":"West
        US","properties":{"serverFarmId":30545,"name":"web-error-plan000003","workerSize":"Default","workerSizeId":0,"workerTierName":null,"numberOfWorkers":1,"currentWorkerSize":"Default","currentWorkerSizeId":0,"currentNumberOfWorkers":1,"status":"Ready","webSpace":"clitest.rg000001-WestUSwebspace","subscription":"04b0639d-85d8-445a-bada-8da78e50ff30","adminSiteName":null,"hostingEnvironment":null,"hostingEnvironmentProfile":null,"maximumNumberOfWorkers":3,"planName":"VirtualDedicatedPlan","adminRuntimeSiteName":null,"computeMode":"Dedicated","siteMode":null,"geoRegion":"West
        US","perSiteScaling":false,"maximumElasticWorkerCount":1,"numberOfSites":0,"hostingEnvironmentId":null,"isSpot":false,"spotExpirationTime":null,"freeOfferExpirationTime":null,"tags":null,"kind":"app","resourceGroup":"clitest.rg000001","reserved":false,"isXenon":false,"hyperV":false,"mdmId":"waws-prod-bay-061_30545","targetWorkerCount":0,"targetWorkerSizeId":0,"provisioningState":"Succeeded","webSiteId":null,"existingServerFarmIds":null},"sku":{"name":"B1","tier":"Basic","size":"B1","family":"B","capacity":1}}'
    headers:
      cache-control:
      - no-cache
      content-length:
      - '1524'
      content-type:
      - application/json
      date:
      - Fri, 03 Apr 2020 06:54:41 GMT
      expires:
      - '-1'
      pragma:
      - no-cache
      server:
      - Microsoft-IIS/10.0
      strict-transport-security:
      - max-age=31536000; includeSubDomains
      transfer-encoding:
      - chunked
      vary:
      - Accept-Encoding
      x-aspnet-version:
      - 4.0.30319
      x-content-type-options:
      - nosniff
      x-powered-by:
      - ASP.NET
    status:
      code: 200
      message: OK
- request:
    body: '{"name": "web-error000004", "type": "Site"}'
    headers:
      Accept:
      - application/json
      Accept-Encoding:
      - gzip, deflate
      CommandName:
      - webapp create
      Connection:
      - keep-alive
      Content-Length:
      - '52'
      Content-Type:
      - application/json; charset=utf-8
      ParameterSetName:
      - -g -n --plan
      User-Agent:
      - python/3.7.6 (Windows-10-10.0.18362-SP0) msrest/0.6.11 msrest_azure/0.6.3
        azure-mgmt-web/0.44.0 Azure-SDK-For-Python AZURECLI/2.3.1
      accept-language:
      - en-US
    method: POST
    uri: https://management.azure.com/subscriptions/00000000-0000-0000-0000-000000000000/providers/Microsoft.Web/checknameavailability?api-version=2019-08-01
  response:
    body:
      string: '{"nameAvailable":true,"reason":"","message":""}'
    headers:
      cache-control:
      - no-cache
      content-length:
      - '47'
      content-type:
      - application/json
      date:
      - Fri, 03 Apr 2020 06:54:42 GMT
      expires:
      - '-1'
      pragma:
      - no-cache
      server:
      - Microsoft-IIS/10.0
      strict-transport-security:
      - max-age=31536000; includeSubDomains
      transfer-encoding:
      - chunked
      vary:
      - Accept-Encoding
      x-aspnet-version:
      - 4.0.30319
      x-content-type-options:
      - nosniff
      x-powered-by:
      - ASP.NET
    status:
      code: 200
      message: OK
- request:
    body: 'b''{"location": "West US", "properties": {"serverFarmId": "/subscriptions/00000000-0000-0000-0000-000000000000/resourceGroups/clitest.rg000001/providers/Microsoft.Web/serverfarms/web-error-plan000003",
      "reserved": false, "isXenon": false, "hyperV": false, "siteConfig": {"netFrameworkVersion":
      "v4.6", "appSettings": [{"name": "WEBSITE_NODE_DEFAULT_VERSION", "value": "10.14"}],
      "localMySqlEnabled": false, "http20Enabled": true}, "scmSiteAlsoStopped": false,
      "httpsOnly": false}}'''
    headers:
      Accept:
      - application/json
      Accept-Encoding:
      - gzip, deflate
      CommandName:
      - webapp create
      Connection:
      - keep-alive
      Content-Length:
      - '540'
      Content-Type:
      - application/json; charset=utf-8
      ParameterSetName:
      - -g -n --plan
      User-Agent:
      - python/3.7.6 (Windows-10-10.0.18362-SP0) msrest/0.6.11 msrest_azure/0.6.3
        azure-mgmt-web/0.44.0 Azure-SDK-For-Python AZURECLI/2.3.1
      accept-language:
      - en-US
    method: PUT
    uri: https://management.azure.com/subscriptions/00000000-0000-0000-0000-000000000000/resourceGroups/clitest.rg000001/providers/Microsoft.Web/sites/web-error000004?api-version=2019-08-01
  response:
    body:
      string: '{"id":"/subscriptions/00000000-0000-0000-0000-000000000000/resourceGroups/clitest.rg000001/providers/Microsoft.Web/sites/web-error000004","name":"web-error000004","type":"Microsoft.Web/sites","kind":"app","location":"West
        US","properties":{"name":"web-error000004","state":"Running","hostNames":["web-error000004.azurewebsites.net"],"webSpace":"clitest.rg000001-WestUSwebspace","selfLink":"https://waws-prod-bay-061.api.azurewebsites.windows.net:454/subscriptions/00000000-0000-0000-0000-000000000000/webspaces/clitest.rg000001-WestUSwebspace/sites/web-error000004","repositorySiteName":"web-error000004","owner":null,"usageState":"Normal","enabled":true,"adminEnabled":true,"enabledHostNames":["web-error000004.azurewebsites.net","web-error000004.scm.azurewebsites.net"],"siteProperties":{"metadata":null,"properties":[{"name":"LinuxFxVersion","value":""},{"name":"WindowsFxVersion","value":null}],"appSettings":null},"availabilityState":"Normal","sslCertificates":null,"csrs":[],"cers":null,"siteMode":null,"hostNameSslStates":[{"name":"web-error000004.azurewebsites.net","sslState":"Disabled","ipBasedSslResult":null,"virtualIP":null,"thumbprint":null,"toUpdate":null,"toUpdateIpBasedSsl":null,"ipBasedSslState":"NotConfigured","hostType":"Standard"},{"name":"web-error000004.scm.azurewebsites.net","sslState":"Disabled","ipBasedSslResult":null,"virtualIP":null,"thumbprint":null,"toUpdate":null,"toUpdateIpBasedSsl":null,"ipBasedSslState":"NotConfigured","hostType":"Repository"}],"computeMode":null,"serverFarm":null,"serverFarmId":"/subscriptions/00000000-0000-0000-0000-000000000000/resourceGroups/clitest.rg000001/providers/Microsoft.Web/serverfarms/web-error-plan000003","reserved":false,"isXenon":false,"hyperV":false,"lastModifiedTimeUtc":"2020-04-03T06:54:54.597","storageRecoveryDefaultState":"Running","contentAvailabilityState":"Normal","runtimeAvailabilityState":"Normal","siteConfig":null,"deploymentId":"web-error000004","trafficManagerHostNames":null,"sku":"Basic","scmSiteAlsoStopped":false,"targetSwapSlot":null,"hostingEnvironment":null,"hostingEnvironmentProfile":null,"clientAffinityEnabled":true,"clientCertEnabled":false,"clientCertExclusionPaths":null,"hostNamesDisabled":false,"domainVerificationIdentifiers":null,"customDomainVerificationId":"C3E7C05FE8A97695B3AE08C1935F4251C48E338FE439627B2E788D9D718C8A70","kind":"app","inboundIpAddress":"40.118.255.59","possibleInboundIpAddresses":"40.118.255.59,40.112.243.38","outboundIpAddresses":"40.118.255.137,40.118.255.231,40.118.250.218,40.118.252.35","possibleOutboundIpAddresses":"40.118.255.137,40.118.255.231,40.118.250.218,40.118.252.35,13.91.243.133,13.91.243.180,13.91.243.206,13.91.247.13,40.118.205.105","containerSize":0,"dailyMemoryTimeQuota":0,"suspendedTill":null,"siteDisabledReason":0,"functionExecutionUnitsCache":null,"maxNumberOfWorkers":null,"homeStamp":"waws-prod-bay-061","cloningInfo":null,"hostingEnvironmentId":null,"tags":null,"resourceGroup":"clitest.rg000001","defaultHostName":"web-error000004.azurewebsites.net","slotSwapStatus":null,"httpsOnly":false,"redundancyMode":"None","inProgressOperationId":null,"geoDistributions":null,"privateEndpointConnections":null,"buildVersion":null,"targetBuildVersion":null}}'
    headers:
      cache-control:
      - no-cache
      content-length:
      - '3622'
      content-type:
      - application/json
      date:
      - Fri, 03 Apr 2020 06:55:12 GMT
      etag:
      - '"1D60984C8128BC0"'
      expires:
      - '-1'
      pragma:
      - no-cache
      server:
      - Microsoft-IIS/10.0
      strict-transport-security:
      - max-age=31536000; includeSubDomains
      transfer-encoding:
      - chunked
      vary:
      - Accept-Encoding
      x-aspnet-version:
      - 4.0.30319
      x-content-type-options:
      - nosniff
      x-ms-ratelimit-remaining-subscription-resource-requests:
      - '498'
      x-powered-by:
      - ASP.NET
    status:
      code: 200
      message: OK
- request:
    body: '{}'
    headers:
      Accept:
      - application/xml
      Accept-Encoding:
      - gzip, deflate
      CommandName:
      - webapp create
      Connection:
      - keep-alive
      Content-Length:
      - '2'
      Content-Type:
      - application/json; charset=utf-8
      ParameterSetName:
      - -g -n --plan
      User-Agent:
      - python/3.7.6 (Windows-10-10.0.18362-SP0) msrest/0.6.11 msrest_azure/0.6.3
        azure-mgmt-web/0.44.0 Azure-SDK-For-Python AZURECLI/2.3.1
      accept-language:
      - en-US
    method: POST
    uri: https://management.azure.com/subscriptions/00000000-0000-0000-0000-000000000000/resourceGroups/clitest.rg000001/providers/Microsoft.Web/sites/web-error000004/publishxml?api-version=2019-08-01
  response:
    body:
      string: <publishData><publishProfile profileName="web-error000004 - Web Deploy"
        publishMethod="MSDeploy" publishUrl="web-error000004.scm.azurewebsites.net:443"
        msdeploySite="web-error000004" userName="$web-error000004" userPWD="dZvphh6b6FujfFccq6Ga5uZb8nnAbap4jw4KxAcLmqJTnFQ8yfy3lj5HePdM"
        destinationAppUrl="http://web-error000004.azurewebsites.net" SQLServerDBConnectionString=""
        mySQLDBConnectionString="" hostingProviderForumLink="" controlPanelLink="http://windows.azure.com"
        webSystem="WebSites"><databases /></publishProfile><publishProfile profileName="web-error000004
        - FTP" publishMethod="FTP" publishUrl="ftp://waws-prod-bay-061.ftp.azurewebsites.windows.net/site/wwwroot"
        ftpPassiveMode="True" userName="web-error000004\$web-error000004" userPWD="dZvphh6b6FujfFccq6Ga5uZb8nnAbap4jw4KxAcLmqJTnFQ8yfy3lj5HePdM"
        destinationAppUrl="http://web-error000004.azurewebsites.net" SQLServerDBConnectionString=""
        mySQLDBConnectionString="" hostingProviderForumLink="" controlPanelLink="http://windows.azure.com"
        webSystem="WebSites"><databases /></publishProfile><publishProfile profileName="web-error000004
        - ReadOnly - FTP" publishMethod="FTP" publishUrl="ftp://waws-prod-bay-061dr.ftp.azurewebsites.windows.net/site/wwwroot"
        ftpPassiveMode="True" userName="web-error000004\$web-error000004" userPWD="dZvphh6b6FujfFccq6Ga5uZb8nnAbap4jw4KxAcLmqJTnFQ8yfy3lj5HePdM"
        destinationAppUrl="http://web-error000004.azurewebsites.net" SQLServerDBConnectionString=""
        mySQLDBConnectionString="" hostingProviderForumLink="" controlPanelLink="http://windows.azure.com"
        webSystem="WebSites"><databases /></publishProfile></publishData>
    headers:
      cache-control:
      - no-cache
      content-length:
      - '1730'
      content-type:
      - application/xml
      date:
      - Fri, 03 Apr 2020 06:55:13 GMT
      expires:
      - '-1'
      pragma:
      - no-cache
      server:
      - Microsoft-IIS/10.0
      strict-transport-security:
      - max-age=31536000; includeSubDomains
      x-aspnet-version:
      - 4.0.30319
      x-content-type-options:
      - nosniff
      x-ms-ratelimit-remaining-subscription-resource-requests:
      - '11996'
      x-powered-by:
      - ASP.NET
    status:
      code: 200
      message: OK
- request:
    body: null
    headers:
      Accept:
      - application/json
      Accept-Encoding:
      - gzip, deflate
      CommandName:
      - appservice plan create
      Connection:
      - keep-alive
      ParameterSetName:
      - -g -n --sku
      User-Agent:
      - python/3.7.6 (Windows-10-10.0.18362-SP0) msrest/0.6.11 msrest_azure/0.6.3
        azure-mgmt-resource/8.0.1 Azure-SDK-For-Python AZURECLI/2.3.1
      accept-language:
      - en-US
    method: GET
    uri: https://management.azure.com/subscriptions/00000000-0000-0000-0000-000000000000/resourcegroups/clitest.rg000002?api-version=2019-07-01
  response:
    body:
      string: '{"id":"/subscriptions/00000000-0000-0000-0000-000000000000/resourceGroups/clitest.rg000002","name":"clitest.rg000002","type":"Microsoft.Resources/resourceGroups","location":"westus","properties":{"provisioningState":"Succeeded"}}'
    headers:
      cache-control:
      - no-cache
      content-length:
      - '347'
      content-type:
      - application/json; charset=utf-8
      date:
      - Fri, 03 Apr 2020 06:55:13 GMT
      expires:
      - '-1'
      pragma:
      - no-cache
      strict-transport-security:
      - max-age=31536000; includeSubDomains
      vary:
      - Accept-Encoding
      x-content-type-options:
      - nosniff
    status:
      code: 200
      message: OK
- request:
    body: '{"name": "web-error-plan000003", "type": "Microsoft.Web/serverfarms", "location":
      "westus", "properties": {"skuName": "B1", "capacity": 1}}'
    headers:
      Accept:
      - application/json
      Accept-Encoding:
      - gzip, deflate
      CommandName:
      - appservice plan create
      Connection:
      - keep-alive
      Content-Length:
      - '143'
      Content-Type:
      - application/json; charset=utf-8
      ParameterSetName:
      - -g -n --sku
      User-Agent:
      - python/3.7.6 (Windows-10-10.0.18362-SP0) msrest/0.6.11 msrest_azure/0.6.3
        azure-mgmt-web/0.44.0 Azure-SDK-For-Python AZURECLI/2.3.1
      accept-language:
      - en-US
    method: POST
    uri: https://management.azure.com/subscriptions/00000000-0000-0000-0000-000000000000/resourceGroups/clitest.rg000002/providers/Microsoft.Web/validate?api-version=2019-08-01
  response:
    body:
      string: '{"status":"Success","error":null}'
    headers:
      cache-control:
      - no-cache
      content-length:
      - '33'
      content-type:
      - application/json
      date:
      - Fri, 03 Apr 2020 06:55:15 GMT
      expires:
      - '-1'
      pragma:
      - no-cache
      server:
      - Microsoft-IIS/10.0
      strict-transport-security:
      - max-age=31536000; includeSubDomains
      transfer-encoding:
      - chunked
      vary:
      - Accept-Encoding
      x-aspnet-version:
      - 4.0.30319
      x-content-type-options:
      - nosniff
      x-ms-ratelimit-remaining-subscription-writes:
      - '1193'
      x-powered-by:
      - ASP.NET
    status:
      code: 200
      message: OK
- request:
    body: null
    headers:
      Accept:
      - application/json
      Accept-Encoding:
      - gzip, deflate
      CommandName:
      - appservice plan create
      Connection:
      - keep-alive
      ParameterSetName:
      - -g -n --sku
      User-Agent:
      - python/3.7.6 (Windows-10-10.0.18362-SP0) msrest/0.6.11 msrest_azure/0.6.3
        azure-mgmt-resource/8.0.1 Azure-SDK-For-Python AZURECLI/2.3.1
      accept-language:
      - en-US
    method: GET
    uri: https://management.azure.com/subscriptions/00000000-0000-0000-0000-000000000000/resourcegroups/clitest.rg000002?api-version=2019-07-01
  response:
    body:
      string: '{"id":"/subscriptions/00000000-0000-0000-0000-000000000000/resourceGroups/clitest.rg000002","name":"clitest.rg000002","type":"Microsoft.Resources/resourceGroups","location":"westus","properties":{"provisioningState":"Succeeded"}}'
    headers:
      cache-control:
      - no-cache
      content-length:
      - '347'
      content-type:
      - application/json; charset=utf-8
      date:
      - Fri, 03 Apr 2020 06:55:16 GMT
      expires:
      - '-1'
      pragma:
      - no-cache
      strict-transport-security:
      - max-age=31536000; includeSubDomains
      vary:
      - Accept-Encoding
      x-content-type-options:
      - nosniff
    status:
      code: 200
      message: OK
- request:
    body: '{"location": "westus", "properties": {"perSiteScaling": false, "isXenon":
      false}, "sku": {"name": "B1", "tier": "BASIC", "capacity": 1}}'
    headers:
      Accept:
      - application/json
      Accept-Encoding:
      - gzip, deflate
      CommandName:
      - appservice plan create
      Connection:
      - keep-alive
      Content-Length:
      - '136'
      Content-Type:
      - application/json; charset=utf-8
      ParameterSetName:
      - -g -n --sku
      User-Agent:
      - python/3.7.6 (Windows-10-10.0.18362-SP0) msrest/0.6.11 msrest_azure/0.6.3
        azure-mgmt-web/0.44.0 Azure-SDK-For-Python AZURECLI/2.3.1
      accept-language:
      - en-US
    method: PUT
    uri: https://management.azure.com/subscriptions/00000000-0000-0000-0000-000000000000/resourceGroups/clitest.rg000002/providers/Microsoft.Web/serverfarms/web-error-plan000003?api-version=2019-08-01
  response:
    body:
      string: '{"id":"/subscriptions/00000000-0000-0000-0000-000000000000/resourceGroups/clitest.rg000002/providers/Microsoft.Web/serverfarms/web-error-plan000003","name":"web-error-plan000003","type":"Microsoft.Web/serverfarms","kind":"app","location":"West
        US","properties":{"serverFarmId":33941,"name":"web-error-plan000003","workerSize":"Default","workerSizeId":0,"workerTierName":null,"numberOfWorkers":1,"currentWorkerSize":"Default","currentWorkerSizeId":0,"currentNumberOfWorkers":1,"status":"Ready","webSpace":"clitest.rg000002-WestUSwebspace","subscription":"04b0639d-85d8-445a-bada-8da78e50ff30","adminSiteName":null,"hostingEnvironment":null,"hostingEnvironmentProfile":null,"maximumNumberOfWorkers":3,"planName":"VirtualDedicatedPlan","adminRuntimeSiteName":null,"computeMode":"Dedicated","siteMode":null,"geoRegion":"West
        US","perSiteScaling":false,"maximumElasticWorkerCount":1,"numberOfSites":0,"hostingEnvironmentId":null,"isSpot":false,"spotExpirationTime":null,"freeOfferExpirationTime":null,"tags":null,"kind":"app","resourceGroup":"clitest.rg000002","reserved":false,"isXenon":false,"hyperV":false,"mdmId":"waws-prod-bay-055_33941","targetWorkerCount":0,"targetWorkerSizeId":0,"provisioningState":"Succeeded","webSiteId":null,"existingServerFarmIds":null},"sku":{"name":"B1","tier":"Basic","size":"B1","family":"B","capacity":1}}'
    headers:
      cache-control:
      - no-cache
      content-length:
      - '1524'
      content-type:
      - application/json
      date:
      - Fri, 03 Apr 2020 06:55:29 GMT
      expires:
      - '-1'
      pragma:
      - no-cache
      server:
      - Microsoft-IIS/10.0
      strict-transport-security:
      - max-age=31536000; includeSubDomains
      transfer-encoding:
      - chunked
      vary:
      - Accept-Encoding
      x-aspnet-version:
      - 4.0.30319
      x-content-type-options:
      - nosniff
      x-ms-ratelimit-remaining-subscription-writes:
      - '1184'
      x-powered-by:
      - ASP.NET
    status:
      code: 200
      message: OK
- request:
    body: null
    headers:
      Accept:
      - application/json
      Accept-Encoding:
      - gzip, deflate
      CommandName:
      - webapp create
      Connection:
      - keep-alive
      ParameterSetName:
      - -g -n --plan
      User-Agent:
      - python/3.7.6 (Windows-10-10.0.18362-SP0) msrest/0.6.11 msrest_azure/0.6.3
        azure-mgmt-web/0.44.0 Azure-SDK-For-Python AZURECLI/2.3.1
      accept-language:
      - en-US
    method: GET
    uri: https://management.azure.com/subscriptions/00000000-0000-0000-0000-000000000000/resourceGroups/clitest.rg000002/providers/Microsoft.Web/serverfarms/web-error-plan000003?api-version=2019-08-01
  response:
    body:
      string: '{"id":"/subscriptions/00000000-0000-0000-0000-000000000000/resourceGroups/clitest.rg000002/providers/Microsoft.Web/serverfarms/web-error-plan000003","name":"web-error-plan000003","type":"Microsoft.Web/serverfarms","kind":"app","location":"West
        US","properties":{"serverFarmId":33941,"name":"web-error-plan000003","workerSize":"Default","workerSizeId":0,"workerTierName":null,"numberOfWorkers":1,"currentWorkerSize":"Default","currentWorkerSizeId":0,"currentNumberOfWorkers":1,"status":"Ready","webSpace":"clitest.rg000002-WestUSwebspace","subscription":"04b0639d-85d8-445a-bada-8da78e50ff30","adminSiteName":null,"hostingEnvironment":null,"hostingEnvironmentProfile":null,"maximumNumberOfWorkers":3,"planName":"VirtualDedicatedPlan","adminRuntimeSiteName":null,"computeMode":"Dedicated","siteMode":null,"geoRegion":"West
        US","perSiteScaling":false,"maximumElasticWorkerCount":1,"numberOfSites":0,"hostingEnvironmentId":null,"isSpot":false,"spotExpirationTime":null,"freeOfferExpirationTime":null,"tags":null,"kind":"app","resourceGroup":"clitest.rg000002","reserved":false,"isXenon":false,"hyperV":false,"mdmId":"waws-prod-bay-055_33941","targetWorkerCount":0,"targetWorkerSizeId":0,"provisioningState":"Succeeded","webSiteId":null,"existingServerFarmIds":null},"sku":{"name":"B1","tier":"Basic","size":"B1","family":"B","capacity":1}}'
    headers:
      cache-control:
      - no-cache
      content-length:
      - '1524'
      content-type:
      - application/json
      date:
      - Fri, 03 Apr 2020 06:55:31 GMT
      expires:
      - '-1'
      pragma:
      - no-cache
      server:
      - Microsoft-IIS/10.0
      strict-transport-security:
      - max-age=31536000; includeSubDomains
      transfer-encoding:
      - chunked
      vary:
      - Accept-Encoding
      x-aspnet-version:
      - 4.0.30319
      x-content-type-options:
      - nosniff
      x-powered-by:
      - ASP.NET
    status:
      code: 200
      message: OK
- request:
    body: 'b''{"name": "web-error000004", "type": "Microsoft.Web/sites", "location":
      "West US", "properties": {"serverFarmId": "/subscriptions/00000000-0000-0000-0000-000000000000/resourceGroups/clitest.rg000002/providers/Microsoft.Web/serverfarms/web-error-plan000003"}}'''
    headers:
      Accept:
      - application/json
      Accept-Encoding:
      - gzip, deflate
      CommandName:
      - webapp create
      Connection:
      - keep-alive
      Content-Length:
      - '329'
      Content-Type:
      - application/json; charset=utf-8
      ParameterSetName:
      - -g -n --plan
      User-Agent:
      - python/3.7.6 (Windows-10-10.0.18362-SP0) msrest/0.6.11 msrest_azure/0.6.3
        azure-mgmt-web/0.44.0 Azure-SDK-For-Python AZURECLI/2.3.1
      accept-language:
      - en-US
    method: POST
    uri: https://management.azure.com/subscriptions/00000000-0000-0000-0000-000000000000/resourceGroups/clitest.rg000002/providers/Microsoft.Web/validate?api-version=2019-08-01
  response:
    body:
      string: '{"status":"Success","error":null}'
    headers:
      cache-control:
      - no-cache
      content-length:
      - '33'
      content-type:
      - application/json
      date:
      - Fri, 03 Apr 2020 06:55:31 GMT
      expires:
      - '-1'
      pragma:
      - no-cache
      server:
      - Microsoft-IIS/10.0
      strict-transport-security:
      - max-age=31536000; includeSubDomains
      transfer-encoding:
      - chunked
      vary:
      - Accept-Encoding
      x-aspnet-version:
      - 4.0.30319
      x-content-type-options:
      - nosniff
      x-ms-ratelimit-remaining-subscription-writes:
      - '1190'
      x-powered-by:
      - ASP.NET
    status:
      code: 200
      message: OK
- request:
    body: null
    headers:
      Accept:
      - application/json
      Accept-Encoding:
      - gzip, deflate
      CommandName:
      - webapp create
      Connection:
      - keep-alive
      ParameterSetName:
      - -g -n --plan
      User-Agent:
      - python/3.7.6 (Windows-10-10.0.18362-SP0) msrest/0.6.11 msrest_azure/0.6.3
        azure-mgmt-web/0.44.0 Azure-SDK-For-Python AZURECLI/2.3.1
      accept-language:
      - en-US
    method: GET
    uri: https://management.azure.com/subscriptions/00000000-0000-0000-0000-000000000000/resourceGroups/clitest.rg000002/providers/Microsoft.Web/serverfarms/web-error-plan000003?api-version=2019-08-01
  response:
    body:
      string: '{"id":"/subscriptions/00000000-0000-0000-0000-000000000000/resourceGroups/clitest.rg000002/providers/Microsoft.Web/serverfarms/web-error-plan000003","name":"web-error-plan000003","type":"Microsoft.Web/serverfarms","kind":"app","location":"West
        US","properties":{"serverFarmId":33941,"name":"web-error-plan000003","workerSize":"Default","workerSizeId":0,"workerTierName":null,"numberOfWorkers":1,"currentWorkerSize":"Default","currentWorkerSizeId":0,"currentNumberOfWorkers":1,"status":"Ready","webSpace":"clitest.rg000002-WestUSwebspace","subscription":"04b0639d-85d8-445a-bada-8da78e50ff30","adminSiteName":null,"hostingEnvironment":null,"hostingEnvironmentProfile":null,"maximumNumberOfWorkers":3,"planName":"VirtualDedicatedPlan","adminRuntimeSiteName":null,"computeMode":"Dedicated","siteMode":null,"geoRegion":"West
        US","perSiteScaling":false,"maximumElasticWorkerCount":1,"numberOfSites":0,"hostingEnvironmentId":null,"isSpot":false,"spotExpirationTime":null,"freeOfferExpirationTime":null,"tags":null,"kind":"app","resourceGroup":"clitest.rg000002","reserved":false,"isXenon":false,"hyperV":false,"mdmId":"waws-prod-bay-055_33941","targetWorkerCount":0,"targetWorkerSizeId":0,"provisioningState":"Succeeded","webSiteId":null,"existingServerFarmIds":null},"sku":{"name":"B1","tier":"Basic","size":"B1","family":"B","capacity":1}}'
    headers:
      cache-control:
      - no-cache
      content-length:
      - '1524'
      content-type:
      - application/json
      date:
      - Fri, 03 Apr 2020 06:55:32 GMT
      expires:
      - '-1'
      pragma:
      - no-cache
      server:
      - Microsoft-IIS/10.0
      strict-transport-security:
      - max-age=31536000; includeSubDomains
      transfer-encoding:
      - chunked
      vary:
      - Accept-Encoding
      x-aspnet-version:
      - 4.0.30319
      x-content-type-options:
      - nosniff
      x-powered-by:
      - ASP.NET
    status:
      code: 200
      message: OK
- request:
    body: '{"name": "web-error000004", "type": "Site"}'
    headers:
      Accept:
      - application/json
      Accept-Encoding:
      - gzip, deflate
      CommandName:
      - webapp create
      Connection:
      - keep-alive
      Content-Length:
      - '52'
      Content-Type:
      - application/json; charset=utf-8
      ParameterSetName:
      - -g -n --plan
      User-Agent:
      - python/3.7.6 (Windows-10-10.0.18362-SP0) msrest/0.6.11 msrest_azure/0.6.3
        azure-mgmt-web/0.44.0 Azure-SDK-For-Python AZURECLI/2.3.1
      accept-language:
      - en-US
    method: POST
    uri: https://management.azure.com/subscriptions/00000000-0000-0000-0000-000000000000/providers/Microsoft.Web/checknameavailability?api-version=2019-08-01
  response:
    body:
      string: '{"nameAvailable":false,"reason":"AlreadyExists","message":"Hostname
        ''web-error000004'' already exists. Please select a different name."}'
    headers:
      cache-control:
      - no-cache
      content-length:
      - '144'
      content-type:
      - application/json
      date:
      - Fri, 03 Apr 2020 06:55:33 GMT
      expires:
      - '-1'
      pragma:
      - no-cache
      server:
      - Microsoft-IIS/10.0
      strict-transport-security:
      - max-age=31536000; includeSubDomains
      transfer-encoding:
      - chunked
      vary:
      - Accept-Encoding
      x-aspnet-version:
      - 4.0.30319
      x-content-type-options:
      - nosniff
      x-powered-by:
      - ASP.NET
    status:
      code: 200
      message: OK
- request:
    body: null
    headers:
      Accept:
      - application/json
      Accept-Encoding:
      - gzip, deflate
      CommandName:
      - webapp create
      Connection:
      - keep-alive
      Content-Length:
      - '0'
      ParameterSetName:
      - -g -n --plan
      User-Agent:
      - python/3.7.6 (Windows-10-10.0.18362-SP0) msrest/0.6.11 msrest_azure/0.6.3
        azure-mgmt-web/0.44.0 Azure-SDK-For-Python AZURECLI/2.3.1
      accept-language:
      - en-US
    method: POST
    uri: https://management.azure.com/subscriptions/00000000-0000-0000-0000-000000000000/resourceGroups/clitest.rg000002/providers/Microsoft.Web/sites/web-error000004/config/appsettings/list?api-version=2019-08-01
  response:
    body:
      string: '{"error":{"code":"ResourceNotFound","message":"The Resource ''Microsoft.Web/sites/web-error000004''
        under resource group ''clitest.rg000002'' was not found."}}'
    headers:
      cache-control:
      - no-cache
      content-length:
      - '223'
      content-type:
      - application/json; charset=utf-8
      date:
      - Fri, 03 Apr 2020 06:55:39 GMT
      expires:
      - '-1'
      pragma:
      - no-cache
      strict-transport-security:
      - max-age=31536000; includeSubDomains
      x-content-type-options:
      - nosniff
      x-ms-failure-cause:
      - gateway
    status:
      code: 404
      message: Not Found
version: 1
