interactions:
- request:
    body: null
    headers:
      Accept:
      - application/json
      Accept-Encoding:
      - gzip, deflate
      CommandName:
      - appservice plan create
      Connection:
      - keep-alive
      ParameterSetName:
      - -g -n
      User-Agent:
      - python/3.7.4 (Windows-10-10.0.18362-SP0) msrest/0.6.10 msrest_azure/0.6.2
        azure-mgmt-resource/6.0.0 Azure-SDK-For-Python AZURECLI/2.0.79
      accept-language:
      - en-US
    method: GET
    uri: https://management.azure.com/subscriptions/00000000-0000-0000-0000-000000000000/resourcegroups/clitest.rg000001?api-version=2019-07-01
  response:
    body:
      string: '{"id":"/subscriptions/00000000-0000-0000-0000-000000000000/resourceGroups/clitest.rg000001","name":"clitest.rg000001","type":"Microsoft.Resources/resourceGroups","location":"westus","tags":{"product":"azurecli","cause":"automation","date":"2020-01-13T09:55:58Z"},"properties":{"provisioningState":"Succeeded"}}'
    headers:
      cache-control:
      - no-cache
      content-length:
      - '428'
      content-type:
      - application/json; charset=utf-8
      date:
      - Mon, 13 Jan 2020 09:56:06 GMT
      expires:
      - '-1'
      pragma:
      - no-cache
      strict-transport-security:
      - max-age=31536000; includeSubDomains
      vary:
      - Accept-Encoding
      x-content-type-options:
      - nosniff
    status:
      code: 200
      message: OK
- request:
    body: '{"name": "plan-quick000003", "type": "Microsoft.Web/serverfarms", "location":
      "westus", "properties": {"skuName": "B1", "capacity": 1}}'
    headers:
      Accept:
      - application/json
      Accept-Encoding:
      - gzip, deflate
      CommandName:
      - appservice plan create
      Connection:
      - keep-alive
      Content-Length:
      - '143'
      Content-Type:
      - application/json; charset=utf-8
      ParameterSetName:
      - -g -n
      User-Agent:
      - python/3.7.4 (Windows-10-10.0.18362-SP0) msrest/0.6.10 msrest_azure/0.6.2
        azure-mgmt-web/0.44.0 Azure-SDK-For-Python AZURECLI/2.0.79
      accept-language:
      - en-US
    method: POST
    uri: https://management.azure.com/subscriptions/00000000-0000-0000-0000-000000000000/resourceGroups/clitest.rg000001/providers/Microsoft.Web/validate?api-version=2019-08-01
  response:
    body:
      string: '{"status":"Success","error":null}'
    headers:
      cache-control:
      - no-cache
      content-length:
      - '33'
      content-type:
      - application/json
      date:
      - Mon, 13 Jan 2020 09:56:07 GMT
      expires:
      - '-1'
      pragma:
      - no-cache
      server:
      - Microsoft-IIS/10.0
      strict-transport-security:
      - max-age=31536000; includeSubDomains
      transfer-encoding:
      - chunked
      vary:
      - Accept-Encoding
      x-aspnet-version:
      - 4.0.30319
      x-content-type-options:
      - nosniff
      x-ms-ratelimit-remaining-subscription-writes:
      - '1199'
      x-powered-by:
      - ASP.NET
    status:
      code: 200
      message: OK
- request:
    body: null
    headers:
      Accept:
      - application/json
      Accept-Encoding:
      - gzip, deflate
      CommandName:
      - appservice plan create
      Connection:
      - keep-alive
      ParameterSetName:
      - -g -n
      User-Agent:
      - python/3.7.4 (Windows-10-10.0.18362-SP0) msrest/0.6.10 msrest_azure/0.6.2
        azure-mgmt-resource/6.0.0 Azure-SDK-For-Python AZURECLI/2.0.79
      accept-language:
      - en-US
    method: GET
    uri: https://management.azure.com/subscriptions/00000000-0000-0000-0000-000000000000/resourcegroups/clitest.rg000001?api-version=2019-07-01
  response:
    body:
      string: '{"id":"/subscriptions/00000000-0000-0000-0000-000000000000/resourceGroups/clitest.rg000001","name":"clitest.rg000001","type":"Microsoft.Resources/resourceGroups","location":"westus","tags":{"product":"azurecli","cause":"automation","date":"2020-01-13T09:55:58Z"},"properties":{"provisioningState":"Succeeded"}}'
    headers:
      cache-control:
      - no-cache
      content-length:
      - '428'
      content-type:
      - application/json; charset=utf-8
      date:
      - Mon, 13 Jan 2020 09:56:07 GMT
      expires:
      - '-1'
      pragma:
      - no-cache
      strict-transport-security:
      - max-age=31536000; includeSubDomains
      vary:
      - Accept-Encoding
      x-content-type-options:
      - nosniff
    status:
      code: 200
      message: OK
- request:
    body: '{"location": "westus", "properties": {"perSiteScaling": false, "isXenon":
      false}, "sku": {"name": "B1", "tier": "BASIC", "capacity": 1}}'
    headers:
      Accept:
      - application/json
      Accept-Encoding:
      - gzip, deflate
      CommandName:
      - appservice plan create
      Connection:
      - keep-alive
      Content-Length:
      - '136'
      Content-Type:
      - application/json; charset=utf-8
      ParameterSetName:
      - -g -n
      User-Agent:
      - python/3.7.4 (Windows-10-10.0.18362-SP0) msrest/0.6.10 msrest_azure/0.6.2
        azure-mgmt-web/0.44.0 Azure-SDK-For-Python AZURECLI/2.0.79
      accept-language:
      - en-US
    method: PUT
    uri: https://management.azure.com/subscriptions/00000000-0000-0000-0000-000000000000/resourceGroups/clitest.rg000001/providers/Microsoft.Web/serverfarms/plan-quick000003?api-version=2019-08-01
  response:
    body:
      string: '{"id":"/subscriptions/00000000-0000-0000-0000-000000000000/resourceGroups/clitest.rg000001/providers/Microsoft.Web/serverfarms/plan-quick000003","name":"plan-quick000003","type":"Microsoft.Web/serverfarms","kind":"app","location":"West
        US","properties":{"serverFarmId":27038,"name":"plan-quick000003","workerSize":"Default","workerSizeId":0,"workerTierName":null,"numberOfWorkers":1,"currentWorkerSize":"Default","currentWorkerSizeId":0,"currentNumberOfWorkers":1,"status":"Ready","webSpace":"clitest.rg000001-WestUSwebspace","subscription":"0b1f6471-1bf0-4dda-aec3-cb9272f09590","adminSiteName":null,"hostingEnvironment":null,"hostingEnvironmentProfile":null,"maximumNumberOfWorkers":3,"planName":"VirtualDedicatedPlan","adminRuntimeSiteName":null,"computeMode":"Dedicated","siteMode":null,"geoRegion":"West
        US","perSiteScaling":false,"maximumElasticWorkerCount":1,"numberOfSites":0,"hostingEnvironmentId":null,"isSpot":false,"spotExpirationTime":null,"freeOfferExpirationTime":null,"tags":null,"kind":"app","resourceGroup":"clitest.rg000001","reserved":false,"isXenon":false,"hyperV":false,"mdmId":"waws-prod-bay-071_27038","targetWorkerCount":0,"targetWorkerSizeId":0,"provisioningState":"Succeeded","webSiteId":null,"existingServerFarmIds":null},"sku":{"name":"B1","tier":"Basic","size":"B1","family":"B","capacity":1}}'
    headers:
      cache-control:
      - no-cache
      content-length:
      - '1524'
      content-type:
      - application/json
      date:
      - Mon, 13 Jan 2020 09:56:18 GMT
      expires:
      - '-1'
      pragma:
      - no-cache
      server:
      - Microsoft-IIS/10.0
      strict-transport-security:
      - max-age=31536000; includeSubDomains
      transfer-encoding:
      - chunked
      vary:
      - Accept-Encoding
      x-aspnet-version:
      - 4.0.30319
      x-content-type-options:
      - nosniff
      x-ms-ratelimit-remaining-subscription-writes:
      - '1199'
      x-powered-by:
      - ASP.NET
    status:
      code: 200
      message: OK
- request:
    body: null
    headers:
      Accept:
      - application/json
      Accept-Encoding:
      - gzip, deflate
      CommandName:
      - webapp create
      Connection:
      - keep-alive
      ParameterSetName:
      - -g -n --plan --deployment-local-git -r
      User-Agent:
      - python/3.7.4 (Windows-10-10.0.18362-SP0) msrest/0.6.10 msrest_azure/0.6.2
        azure-mgmt-web/0.44.0 Azure-SDK-For-Python AZURECLI/2.0.79
      accept-language:
      - en-US
    method: GET
    uri: https://management.azure.com/subscriptions/00000000-0000-0000-0000-000000000000/resourceGroups/clitest.rg000001/providers/Microsoft.Web/serverfarms/plan-quick000003?api-version=2019-08-01
  response:
    body:
      string: '{"id":"/subscriptions/00000000-0000-0000-0000-000000000000/resourceGroups/clitest.rg000001/providers/Microsoft.Web/serverfarms/plan-quick000003","name":"plan-quick000003","type":"Microsoft.Web/serverfarms","kind":"app","location":"West
        US","properties":{"serverFarmId":27038,"name":"plan-quick000003","workerSize":"Default","workerSizeId":0,"workerTierName":null,"numberOfWorkers":1,"currentWorkerSize":"Default","currentWorkerSizeId":0,"currentNumberOfWorkers":1,"status":"Ready","webSpace":"clitest.rg000001-WestUSwebspace","subscription":"0b1f6471-1bf0-4dda-aec3-cb9272f09590","adminSiteName":null,"hostingEnvironment":null,"hostingEnvironmentProfile":null,"maximumNumberOfWorkers":3,"planName":"VirtualDedicatedPlan","adminRuntimeSiteName":null,"computeMode":"Dedicated","siteMode":null,"geoRegion":"West
        US","perSiteScaling":false,"maximumElasticWorkerCount":1,"numberOfSites":0,"hostingEnvironmentId":null,"isSpot":false,"spotExpirationTime":null,"freeOfferExpirationTime":null,"tags":null,"kind":"app","resourceGroup":"clitest.rg000001","reserved":false,"isXenon":false,"hyperV":false,"mdmId":"waws-prod-bay-071_27038","targetWorkerCount":0,"targetWorkerSizeId":0,"provisioningState":"Succeeded","webSiteId":null,"existingServerFarmIds":null},"sku":{"name":"B1","tier":"Basic","size":"B1","family":"B","capacity":1}}'
    headers:
      cache-control:
      - no-cache
      content-length:
      - '1524'
      content-type:
      - application/json
      date:
      - Mon, 13 Jan 2020 09:56:20 GMT
      expires:
      - '-1'
      pragma:
      - no-cache
      server:
      - Microsoft-IIS/10.0
      strict-transport-security:
      - max-age=31536000; includeSubDomains
      transfer-encoding:
      - chunked
      vary:
      - Accept-Encoding
      x-aspnet-version:
      - 4.0.30319
      x-content-type-options:
      - nosniff
      x-powered-by:
      - ASP.NET
    status:
      code: 200
      message: OK
- request:
    body: 'b''{"name": "webapp-quick000002", "type": "Microsoft.Web/sites", "location":
      "West US", "properties": {"serverFarmId": "/subscriptions/00000000-0000-0000-0000-000000000000/resourceGroups/clitest.rg000001/providers/Microsoft.Web/serverfarms/plan-quick000003"}}'''
    headers:
      Accept:
      - application/json
      Accept-Encoding:
      - gzip, deflate
      CommandName:
      - webapp create
      Connection:
      - keep-alive
      Content-Length:
      - '329'
      Content-Type:
      - application/json; charset=utf-8
      ParameterSetName:
      - -g -n --plan --deployment-local-git -r
      User-Agent:
      - python/3.7.4 (Windows-10-10.0.18362-SP0) msrest/0.6.10 msrest_azure/0.6.2
        azure-mgmt-web/0.44.0 Azure-SDK-For-Python AZURECLI/2.0.79
      accept-language:
      - en-US
    method: POST
    uri: https://management.azure.com/subscriptions/00000000-0000-0000-0000-000000000000/resourceGroups/clitest.rg000001/providers/Microsoft.Web/validate?api-version=2019-08-01
  response:
    body:
      string: '{"status":"Success","error":null}'
    headers:
      cache-control:
      - no-cache
      content-length:
      - '33'
      content-type:
      - application/json
      date:
      - Mon, 13 Jan 2020 09:56:20 GMT
      expires:
      - '-1'
      pragma:
      - no-cache
      server:
      - Microsoft-IIS/10.0
      strict-transport-security:
      - max-age=31536000; includeSubDomains
      transfer-encoding:
      - chunked
      vary:
      - Accept-Encoding
      x-aspnet-version:
      - 4.0.30319
      x-content-type-options:
      - nosniff
      x-ms-ratelimit-remaining-subscription-writes:
      - '1198'
      x-powered-by:
      - ASP.NET
    status:
      code: 200
      message: OK
- request:
    body: null
    headers:
      Accept:
      - application/json
      Accept-Encoding:
      - gzip, deflate
      CommandName:
      - webapp create
      Connection:
      - keep-alive
      ParameterSetName:
      - -g -n --plan --deployment-local-git -r
      User-Agent:
      - python/3.7.4 (Windows-10-10.0.18362-SP0) msrest/0.6.10 msrest_azure/0.6.2
        azure-mgmt-web/0.44.0 Azure-SDK-For-Python AZURECLI/2.0.79
      accept-language:
      - en-US
    method: GET
    uri: https://management.azure.com/subscriptions/00000000-0000-0000-0000-000000000000/resourceGroups/clitest.rg000001/providers/Microsoft.Web/serverfarms/plan-quick000003?api-version=2019-08-01
  response:
    body:
      string: '{"id":"/subscriptions/00000000-0000-0000-0000-000000000000/resourceGroups/clitest.rg000001/providers/Microsoft.Web/serverfarms/plan-quick000003","name":"plan-quick000003","type":"Microsoft.Web/serverfarms","kind":"app","location":"West
        US","properties":{"serverFarmId":27038,"name":"plan-quick000003","workerSize":"Default","workerSizeId":0,"workerTierName":null,"numberOfWorkers":1,"currentWorkerSize":"Default","currentWorkerSizeId":0,"currentNumberOfWorkers":1,"status":"Ready","webSpace":"clitest.rg000001-WestUSwebspace","subscription":"0b1f6471-1bf0-4dda-aec3-cb9272f09590","adminSiteName":null,"hostingEnvironment":null,"hostingEnvironmentProfile":null,"maximumNumberOfWorkers":3,"planName":"VirtualDedicatedPlan","adminRuntimeSiteName":null,"computeMode":"Dedicated","siteMode":null,"geoRegion":"West
        US","perSiteScaling":false,"maximumElasticWorkerCount":1,"numberOfSites":0,"hostingEnvironmentId":null,"isSpot":false,"spotExpirationTime":null,"freeOfferExpirationTime":null,"tags":null,"kind":"app","resourceGroup":"clitest.rg000001","reserved":false,"isXenon":false,"hyperV":false,"mdmId":"waws-prod-bay-071_27038","targetWorkerCount":0,"targetWorkerSizeId":0,"provisioningState":"Succeeded","webSiteId":null,"existingServerFarmIds":null},"sku":{"name":"B1","tier":"Basic","size":"B1","family":"B","capacity":1}}'
    headers:
      cache-control:
      - no-cache
      content-length:
      - '1524'
      content-type:
      - application/json
      date:
      - Mon, 13 Jan 2020 09:56:21 GMT
      expires:
      - '-1'
      pragma:
      - no-cache
      server:
      - Microsoft-IIS/10.0
      strict-transport-security:
      - max-age=31536000; includeSubDomains
      transfer-encoding:
      - chunked
      vary:
      - Accept-Encoding
      x-aspnet-version:
      - 4.0.30319
      x-content-type-options:
      - nosniff
      x-powered-by:
      - ASP.NET
    status:
      code: 200
      message: OK
- request:
    body: null
    headers:
      Accept:
      - application/json
      Accept-Encoding:
      - gzip, deflate
      CommandName:
      - webapp create
      Connection:
      - keep-alive
      ParameterSetName:
      - -g -n --plan --deployment-local-git -r
      User-Agent:
      - python/3.7.4 (Windows-10-10.0.18362-SP0) msrest/0.6.10 msrest_azure/0.6.2
        azure-mgmt-web/0.44.0 Azure-SDK-For-Python AZURECLI/2.0.79
      accept-language:
      - en-US
    method: GET
    uri: https://management.azure.com/providers/Microsoft.Web/availableStacks?osTypeSelected=Windows&api-version=2019-08-01
  response:
    body:
      string: '{"value":[{"id":null,"name":"aspnet","type":"Microsoft.Web/availableStacks?osTypeSelected=Windows","properties":{"name":"aspnet","display":"ASP.NET","dependency":null,"majorVersions":[{"displayVersion":"V4.7","runtimeVersion":"v4.0","isDefault":true,"minorVersions":[],"applicationInsights":true,"isPreview":false,"isDeprecated":false,"isHidden":false},{"displayVersion":"V3.5","runtimeVersion":"v2.0","isDefault":false,"minorVersions":[],"applicationInsights":true,"isPreview":false,"isDeprecated":false,"isHidden":false}],"frameworks":[],"isDeprecated":null}},{"id":null,"name":"dotnetcore","type":"Microsoft.Web/availableStacks?osTypeSelected=Windows","properties":{"name":"dotnetcore","display":".NET
        Core","dependency":null,"majorVersions":[{"displayVersion":"1.0","runtimeVersion":null,"isDefault":false,"minorVersions":[],"applicationInsights":false,"isPreview":false,"isDeprecated":false,"isHidden":false},{"displayVersion":"1.1","runtimeVersion":null,"isDefault":false,"minorVersions":[],"applicationInsights":false,"isPreview":false,"isDeprecated":false,"isHidden":false},{"displayVersion":"2.1","runtimeVersion":null,"isDefault":false,"minorVersions":[],"applicationInsights":false,"isPreview":false,"isDeprecated":false,"isHidden":false},{"displayVersion":"2.2","runtimeVersion":null,"isDefault":false,"minorVersions":[],"applicationInsights":false,"isPreview":false,"isDeprecated":false,"isHidden":false},{"displayVersion":"3.0","runtimeVersion":null,"isDefault":false,"minorVersions":[],"applicationInsights":false,"isPreview":false,"isDeprecated":false,"isHidden":false}],"frameworks":[],"isDeprecated":null}},{"id":null,"name":"node","type":"Microsoft.Web/availableStacks?osTypeSelected=Windows","properties":{"name":"node","display":"Node","dependency":null,"majorVersions":[{"displayVersion":"0.6","runtimeVersion":"0.6","isDefault":false,"minorVersions":[{"displayVersion":"0.6.20","runtimeVersion":"0.6.20","isDefault":true,"isRemoteDebuggingEnabled":false}],"applicationInsights":false,"isPreview":false,"isDeprecated":false,"isHidden":false},{"displayVersion":"0.8","runtimeVersion":"0.8","isDefault":false,"minorVersions":[{"displayVersion":"0.8.2","runtimeVersion":"0.8.2","isDefault":false,"isRemoteDebuggingEnabled":false},{"displayVersion":"0.8.19","runtimeVersion":"0.8.19","isDefault":false,"isRemoteDebuggingEnabled":false},{"displayVersion":"0.8.26","runtimeVersion":"0.8.26","isDefault":false,"isRemoteDebuggingEnabled":false},{"displayVersion":"0.8.27","runtimeVersion":"0.8.27","isDefault":false,"isRemoteDebuggingEnabled":false},{"displayVersion":"0.8.28","runtimeVersion":"0.8.28","isDefault":true,"isRemoteDebuggingEnabled":false}],"applicationInsights":false,"isPreview":false,"isDeprecated":false,"isHidden":false},{"displayVersion":"0.10","runtimeVersion":"0.10","isDefault":false,"minorVersions":[{"displayVersion":"0.10.5","runtimeVersion":"0.10.5","isDefault":false,"isRemoteDebuggingEnabled":false},{"displayVersion":"0.10.18","runtimeVersion":"0.10.18","isDefault":false,"isRemoteDebuggingEnabled":false},{"displayVersion":"0.10.21","runtimeVersion":"0.10.21","isDefault":false,"isRemoteDebuggingEnabled":false},{"displayVersion":"0.10.24","runtimeVersion":"0.10.24","isDefault":false,"isRemoteDebuggingEnabled":false},{"displayVersion":"0.10.28","runtimeVersion":"0.10.28","isDefault":false,"isRemoteDebuggingEnabled":false},{"displayVersion":"0.10.29","runtimeVersion":"0.10.29","isDefault":false,"isRemoteDebuggingEnabled":false},{"displayVersion":"0.10.31","runtimeVersion":"0.10.31","isDefault":false,"isRemoteDebuggingEnabled":false},{"displayVersion":"0.10.32","runtimeVersion":"0.10.32","isDefault":false,"isRemoteDebuggingEnabled":false},{"displayVersion":"0.10.40","runtimeVersion":"0.10.40","isDefault":false,"isRemoteDebuggingEnabled":false},{"displayVersion":"0.10.5","runtimeVersion":"0.10.5","isDefault":true,"isRemoteDebuggingEnabled":false}],"applicationInsights":false,"isPreview":false,"isDeprecated":false,"isHidden":false},{"displayVersion":"0.12","runtimeVersion":"0.12","isDefault":false,"minorVersions":[{"displayVersion":"0.12.0","runtimeVersion":"0.12.0","isDefault":false,"isRemoteDebuggingEnabled":false},{"displayVersion":"0.12.2","runtimeVersion":"0.12.2","isDefault":false,"isRemoteDebuggingEnabled":false},{"displayVersion":"0.12.3","runtimeVersion":"0.12.3","isDefault":false,"isRemoteDebuggingEnabled":false},{"displayVersion":"0.12.6","runtimeVersion":"0.12.6","isDefault":true,"isRemoteDebuggingEnabled":false}],"applicationInsights":false,"isPreview":false,"isDeprecated":false,"isHidden":false},{"displayVersion":"4.8","runtimeVersion":"4.8","isDefault":false,"minorVersions":[],"applicationInsights":false,"isPreview":false,"isDeprecated":false,"isHidden":false},{"displayVersion":"6.5","runtimeVersion":"6.5","isDefault":false,"minorVersions":[{"displayVersion":"6.5.0","runtimeVersion":"6.5.0","isDefault":true,"isRemoteDebuggingEnabled":false}],"applicationInsights":false,"isPreview":false,"isDeprecated":false,"isHidden":false},{"displayVersion":"6.9","runtimeVersion":"6.9","isDefault":false,"minorVersions":[{"displayVersion":"6.9.1","runtimeVersion":"6.9.1","isDefault":false,"isRemoteDebuggingEnabled":false},{"displayVersion":"6.9.5","runtimeVersion":"6.9.5","isDefault":true,"isRemoteDebuggingEnabled":false}],"applicationInsights":false,"isPreview":false,"isDeprecated":false,"isHidden":false},{"displayVersion":"6.12","runtimeVersion":"6.12","isDefault":false,"minorVersions":[],"applicationInsights":false,"isPreview":false,"isDeprecated":false,"isHidden":false},{"displayVersion":"7.10","runtimeVersion":"7.10","isDefault":false,"minorVersions":[{"displayVersion":"7.10.1","runtimeVersion":"7.10.1","isDefault":true,"isRemoteDebuggingEnabled":false}],"applicationInsights":false,"isPreview":false,"isDeprecated":false,"isHidden":false},{"displayVersion":"8.1","runtimeVersion":"8.1","isDefault":false,"minorVersions":[{"displayVersion":"8.1.4","runtimeVersion":"8.1.4","isDefault":true,"isRemoteDebuggingEnabled":false}],"applicationInsights":false,"isPreview":false,"isDeprecated":false,"isHidden":false},{"displayVersion":"8.4","runtimeVersion":"8.4","isDefault":false,"minorVersions":[],"applicationInsights":false,"isPreview":false,"isDeprecated":false,"isHidden":false},{"displayVersion":"8.5","runtimeVersion":"8.5","isDefault":false,"minorVersions":[],"applicationInsights":false,"isPreview":false,"isDeprecated":false,"isHidden":false},{"displayVersion":"8.9","runtimeVersion":"8.9","isDefault":false,"minorVersions":[],"applicationInsights":false,"isPreview":false,"isDeprecated":false,"isHidden":false},{"displayVersion":"8.10","runtimeVersion":"8.10","isDefault":false,"minorVersions":[],"applicationInsights":false,"isPreview":false,"isDeprecated":false,"isHidden":false},{"displayVersion":"8.11","runtimeVersion":"8.11","isDefault":true,"minorVersions":[],"applicationInsights":false,"isPreview":false,"isDeprecated":false,"isHidden":false},{"displayVersion":"10.0","runtimeVersion":"10.0","isDefault":false,"minorVersions":[{"displayVersion":"10.0.0","runtimeVersion":"10.0.0","isDefault":false,"isRemoteDebuggingEnabled":false}],"applicationInsights":false,"isPreview":false,"isDeprecated":false,"isHidden":false},{"displayVersion":"10.6","runtimeVersion":"10.6","isDefault":false,"minorVersions":[{"displayVersion":"10.6.0","runtimeVersion":"10.6.0","isDefault":false,"isRemoteDebuggingEnabled":false}],"applicationInsights":false,"isPreview":false,"isDeprecated":false,"isHidden":false},{"displayVersion":"10.14","runtimeVersion":"10.14","isDefault":false,"minorVersions":[{"displayVersion":"10.14.0","runtimeVersion":"10.14.0","isDefault":false,"isRemoteDebuggingEnabled":false}],"applicationInsights":false,"isPreview":false,"isDeprecated":false,"isHidden":false},{"displayVersion":"10.15","runtimeVersion":"10.15","isDefault":false,"minorVersions":[{"displayVersion":"10.15.2","runtimeVersion":"10.15.2","isDefault":true,"isRemoteDebuggingEnabled":false}],"applicationInsights":false,"isPreview":false,"isDeprecated":false,"isHidden":false}],"frameworks":[],"isDeprecated":null}},{"id":null,"name":"php","type":"Microsoft.Web/availableStacks?osTypeSelected=Windows","properties":{"name":"php","display":"PHP","dependency":null,"majorVersions":[{"displayVersion":"5.6","runtimeVersion":"5.6","isDefault":false,"minorVersions":[],"applicationInsights":false,"isPreview":false,"isDeprecated":false,"isHidden":false},{"displayVersion":"7.0","runtimeVersion":"7.0","isDefault":false,"minorVersions":[],"applicationInsights":false,"isPreview":false,"isDeprecated":false,"isHidden":false},{"displayVersion":"7.1","runtimeVersion":"7.1","isDefault":false,"minorVersions":[],"applicationInsights":false,"isPreview":false,"isDeprecated":false,"isHidden":false},{"displayVersion":"7.2","runtimeVersion":"7.2","isDefault":true,"minorVersions":[],"applicationInsights":false,"isPreview":false,"isDeprecated":false,"isHidden":false},{"displayVersion":"7.3","runtimeVersion":"7.3","isDefault":false,"minorVersions":[],"applicationInsights":false,"isPreview":false,"isDeprecated":false,"isHidden":false}],"frameworks":[],"isDeprecated":null}},{"id":null,"name":"python","type":"Microsoft.Web/availableStacks?osTypeSelected=Windows","properties":{"name":"python","display":"Python","dependency":null,"majorVersions":[{"displayVersion":"2.7","runtimeVersion":"2.7","isDefault":false,"minorVersions":[{"displayVersion":"2.7","runtimeVersion":"2.7.3","isDefault":true,"isRemoteDebuggingEnabled":false}],"applicationInsights":false,"isPreview":false,"isDeprecated":false,"isHidden":false},{"displayVersion":"3.6","runtimeVersion":"3.4","isDefault":false,"minorVersions":[{"displayVersion":"3.6","runtimeVersion":"3.4.0","isDefault":true,"isRemoteDebuggingEnabled":false}],"applicationInsights":false,"isPreview":false,"isDeprecated":false,"isHidden":false}],"frameworks":[],"isDeprecated":null}},{"id":null,"name":"java","type":"Microsoft.Web/availableStacks?osTypeSelected=Windows","properties":{"name":"java","display":"Java","dependency":null,"majorVersions":[{"displayVersion":"1.7","runtimeVersion":"1.7","isDefault":false,"minorVersions":[{"displayVersion":"1.7.0_51
        (Oracle)","runtimeVersion":"1.7.0_51","isDefault":false,"isRemoteDebuggingEnabled":false},{"displayVersion":"1.7.0_71
        (Oracle)","runtimeVersion":"1.7.0_71","isDefault":false,"isRemoteDebuggingEnabled":false},{"displayVersion":"1.7.0_80
        (Oracle)","runtimeVersion":"1.7.0_80","isDefault":false,"isRemoteDebuggingEnabled":false},{"displayVersion":"1.7.0_191
        (Azul)","runtimeVersion":"1.7.0_191_ZULU","isDefault":true,"isRemoteDebuggingEnabled":false},{"displayVersion":"1.7.0_222
        (Azul)","runtimeVersion":"1.7.0_222_ZULU","isDefault":false,"isRemoteDebuggingEnabled":false}],"applicationInsights":false,"isPreview":false,"isDeprecated":true,"isHidden":false},{"displayVersion":"1.8","runtimeVersion":"1.8","isDefault":true,"minorVersions":[{"displayVersion":"1.8.0_25
        (Oracle)","runtimeVersion":"1.8.0_25","isDefault":false,"isRemoteDebuggingEnabled":false},{"displayVersion":"1.8.0_60
        (Oracle)","runtimeVersion":"1.8.0_60","isDefault":false,"isRemoteDebuggingEnabled":false},{"displayVersion":"1.8.0_73
        (Oracle)","runtimeVersion":"1.8.0_73","isDefault":false,"isRemoteDebuggingEnabled":false},{"displayVersion":"1.8.0_92
        (Azul)","runtimeVersion":"1.8.0_92","isDefault":false,"isRemoteDebuggingEnabled":false},{"displayVersion":"1.8.0_102
        (Azul)","runtimeVersion":"1.8.0_102","isDefault":false,"isRemoteDebuggingEnabled":false},{"displayVersion":"1.8.0_111
        (Oracle)","runtimeVersion":"1.8.0_111","isDefault":false,"isRemoteDebuggingEnabled":false},{"displayVersion":"1.8.0_144
        (Azul)","runtimeVersion":"1.8.0_144","isDefault":false,"isRemoteDebuggingEnabled":false},{"displayVersion":"1.8.0_172
        (Oracle)","runtimeVersion":"1.8.0_172","isDefault":false,"isRemoteDebuggingEnabled":false},{"displayVersion":"1.8.0_172
        (Azul)","runtimeVersion":"1.8.0_172_ZULU","isDefault":false,"isRemoteDebuggingEnabled":false},{"displayVersion":"1.8.0_181
        (Oracle)","runtimeVersion":"1.8.0_181","isDefault":false,"isRemoteDebuggingEnabled":false},{"displayVersion":"1.8.0_181
        (Azul)","runtimeVersion":"1.8.0_181_ZULU","isDefault":false,"isRemoteDebuggingEnabled":false},{"displayVersion":"1.8.0_202
        (Oracle)","runtimeVersion":"1.8.0_202","isDefault":false,"isRemoteDebuggingEnabled":false},{"displayVersion":"1.8.0_202
        (Azul)","runtimeVersion":"1.8.0_202_ZULU","isDefault":true,"isRemoteDebuggingEnabled":false},{"displayVersion":"1.8.0_212
        (Azul)","runtimeVersion":"1.8.0_212_ZULU","isDefault":false,"isRemoteDebuggingEnabled":false}],"applicationInsights":false,"isPreview":false,"isDeprecated":false,"isHidden":false},{"displayVersion":"11","runtimeVersion":"11","isDefault":false,"minorVersions":[{"displayVersion":"11.0.2
        (Azul)","runtimeVersion":"11.0.2_ZULU","isDefault":true,"isRemoteDebuggingEnabled":false},{"displayVersion":"11.0.3
        (Azul)","runtimeVersion":"11.0.3_ZULU","isDefault":false,"isRemoteDebuggingEnabled":false}],"applicationInsights":false,"isPreview":false,"isDeprecated":false,"isHidden":false}],"frameworks":[],"isDeprecated":null}},{"id":null,"name":"javaContainers","type":"Microsoft.Web/availableStacks?osTypeSelected=Windows","properties":{"name":"javaContainers","display":"Java","dependency":"java","majorVersions":[],"frameworks":[{"name":"tomcat","display":"Tomcat","dependency":null,"majorVersions":[{"displayVersion":"7.0","runtimeVersion":"7.0","isDefault":false,"minorVersions":[{"displayVersion":"7.0.50","runtimeVersion":"7.0.50","isDefault":false,"isRemoteDebuggingEnabled":false},{"displayVersion":"7.0.62","runtimeVersion":"7.0.62","isDefault":false,"isRemoteDebuggingEnabled":false},{"displayVersion":"7.0.81","runtimeVersion":"7.0.81","isDefault":true,"isRemoteDebuggingEnabled":false},{"displayVersion":"7.0.94","runtimeVersion":"7.0.94","isDefault":false,"isRemoteDebuggingEnabled":false}],"applicationInsights":false,"isPreview":false,"isDeprecated":true,"isHidden":false},{"displayVersion":"8.0","runtimeVersion":"8.0","isDefault":false,"minorVersions":[{"displayVersion":"8.0.23","runtimeVersion":"8.0.23","isDefault":false,"isRemoteDebuggingEnabled":false},{"displayVersion":"8.0.46","runtimeVersion":"8.0.46","isDefault":true,"isRemoteDebuggingEnabled":false},{"displayVersion":"8.0.53","runtimeVersion":"8.0.53","isDefault":false,"isRemoteDebuggingEnabled":false}],"applicationInsights":false,"isPreview":false,"isDeprecated":true,"isHidden":false},{"displayVersion":"8.5","runtimeVersion":"8.5","isDefault":false,"minorVersions":[{"displayVersion":"8.5.6","runtimeVersion":"8.5.6","isDefault":false,"isRemoteDebuggingEnabled":false},{"displayVersion":"8.5.20","runtimeVersion":"8.5.20","isDefault":false,"isRemoteDebuggingEnabled":false},{"displayVersion":"8.5.31","runtimeVersion":"8.5.31","isDefault":false,"isRemoteDebuggingEnabled":false},{"displayVersion":"8.5.34","runtimeVersion":"8.5.34","isDefault":false,"isRemoteDebuggingEnabled":false},{"displayVersion":"8.5.37","runtimeVersion":"8.5.37","isDefault":true,"isRemoteDebuggingEnabled":false},{"displayVersion":"8.5.42","runtimeVersion":"8.5.42","isDefault":false,"isRemoteDebuggingEnabled":false}],"applicationInsights":false,"isPreview":false,"isDeprecated":false,"isHidden":false},{"displayVersion":"9.0","runtimeVersion":"9.0","isDefault":true,"minorVersions":[{"displayVersion":"9.0.0","runtimeVersion":"9.0.0","isDefault":false,"isRemoteDebuggingEnabled":false},{"displayVersion":"9.0.8","runtimeVersion":"9.0.8","isDefault":false,"isRemoteDebuggingEnabled":false},{"displayVersion":"9.0.12","runtimeVersion":"9.0.12","isDefault":false,"isRemoteDebuggingEnabled":false},{"displayVersion":"9.0.14","runtimeVersion":"9.0.14","isDefault":true,"isRemoteDebuggingEnabled":false},{"displayVersion":"9.0.21","runtimeVersion":"9.0.21","isDefault":false,"isRemoteDebuggingEnabled":false}],"applicationInsights":false,"isPreview":false,"isDeprecated":false,"isHidden":false}],"frameworks":null,"isDeprecated":null},{"name":"jetty","display":"Jetty","dependency":null,"majorVersions":[{"displayVersion":"9.1","runtimeVersion":"9.1","isDefault":false,"minorVersions":[{"displayVersion":"9.1.0","runtimeVersion":"9.1.0.20131115","isDefault":true,"isRemoteDebuggingEnabled":false}],"applicationInsights":false,"isPreview":false,"isDeprecated":false,"isHidden":false},{"displayVersion":"9.3","runtimeVersion":"9.3","isDefault":true,"minorVersions":[{"displayVersion":"9.3.13","runtimeVersion":"9.3.13.20161014","isDefault":false,"isRemoteDebuggingEnabled":false},{"displayVersion":"9.3.25","runtimeVersion":"9.3.25.20180904","isDefault":true,"isRemoteDebuggingEnabled":false}],"applicationInsights":false,"isPreview":false,"isDeprecated":false,"isHidden":false}],"frameworks":null,"isDeprecated":null},{"name":"java","display":"Java","dependency":null,"majorVersions":[{"displayVersion":"SE","runtimeVersion":"SE","isDefault":false,"minorVersions":[],"applicationInsights":false,"isPreview":false,"isDeprecated":false,"isHidden":false}],"frameworks":null,"isDeprecated":null}],"isDeprecated":null}}],"nextLink":null,"id":null}'
    headers:
      cache-control:
      - no-cache
      content-length:
      - '17080'
      content-type:
      - application/json
      date:
      - Mon, 13 Jan 2020 09:56:22 GMT
      expires:
      - '-1'
      pragma:
      - no-cache
      server:
      - Microsoft-IIS/10.0
      strict-transport-security:
      - max-age=31536000; includeSubDomains
      transfer-encoding:
      - chunked
      vary:
      - Accept-Encoding
      x-aspnet-version:
      - 4.0.30319
      x-content-type-options:
      - nosniff
      x-powered-by:
      - ASP.NET
    status:
      code: 200
      message: OK
- request:
    body: 'b''{"location": "West US", "properties": {"serverFarmId": "/subscriptions/00000000-0000-0000-0000-000000000000/resourceGroups/clitest.rg000001/providers/Microsoft.Web/serverfarms/plan-quick000003",
      "reserved": false, "isXenon": false, "hyperV": false, "siteConfig": {"netFrameworkVersion":
      "v4.6", "appSettings": [{"name": "WEBSITE_NODE_DEFAULT_VERSION", "value": "6.12"}],
      "localMySqlEnabled": false, "http20Enabled": true}, "scmSiteAlsoStopped": false,
      "httpsOnly": false}}'''
    headers:
      Accept:
      - application/json
      Accept-Encoding:
      - gzip, deflate
      CommandName:
      - webapp create
      Connection:
      - keep-alive
      Content-Length:
      - '539'
      Content-Type:
      - application/json; charset=utf-8
      ParameterSetName:
      - -g -n --plan --deployment-local-git -r
      User-Agent:
      - python/3.7.4 (Windows-10-10.0.18362-SP0) msrest/0.6.10 msrest_azure/0.6.2
        azure-mgmt-web/0.44.0 Azure-SDK-For-Python AZURECLI/2.0.79
      accept-language:
      - en-US
    method: PUT
    uri: https://management.azure.com/subscriptions/00000000-0000-0000-0000-000000000000/resourceGroups/clitest.rg000001/providers/Microsoft.Web/sites/webapp-quick000002?api-version=2019-08-01
  response:
    body:
      string: '{"id":"/subscriptions/00000000-0000-0000-0000-000000000000/resourceGroups/clitest.rg000001/providers/Microsoft.Web/sites/webapp-quick000002","name":"webapp-quick000002","type":"Microsoft.Web/sites","kind":"app","location":"West
        US","properties":{"name":"webapp-quick000002","state":"Running","hostNames":["webapp-quick000002.azurewebsites.net"],"webSpace":"clitest.rg000001-WestUSwebspace","selfLink":"https://waws-prod-bay-071.api.azurewebsites.windows.net:454/subscriptions/00000000-0000-0000-0000-000000000000/webspaces/clitest.rg000001-WestUSwebspace/sites/webapp-quick000002","repositorySiteName":"webapp-quick000002","owner":null,"usageState":"Normal","enabled":true,"adminEnabled":true,"enabledHostNames":["webapp-quick000002.azurewebsites.net","webapp-quick000002.scm.azurewebsites.net"],"siteProperties":{"metadata":null,"properties":[{"name":"LinuxFxVersion","value":""},{"name":"WindowsFxVersion","value":null}],"appSettings":null},"availabilityState":"Normal","sslCertificates":null,"csrs":[],"cers":null,"siteMode":null,"hostNameSslStates":[{"name":"webapp-quick000002.azurewebsites.net","sslState":"Disabled","ipBasedSslResult":null,"virtualIP":null,"thumbprint":null,"toUpdate":null,"toUpdateIpBasedSsl":null,"ipBasedSslState":"NotConfigured","hostType":"Standard"},{"name":"webapp-quick000002.scm.azurewebsites.net","sslState":"Disabled","ipBasedSslResult":null,"virtualIP":null,"thumbprint":null,"toUpdate":null,"toUpdateIpBasedSsl":null,"ipBasedSslState":"NotConfigured","hostType":"Repository"}],"computeMode":null,"serverFarm":null,"serverFarmId":"/subscriptions/00000000-0000-0000-0000-000000000000/resourceGroups/clitest.rg000001/providers/Microsoft.Web/serverfarms/plan-quick000003","reserved":false,"isXenon":false,"hyperV":false,"lastModifiedTimeUtc":"2020-01-13T09:56:26.7","storageRecoveryDefaultState":"Running","contentAvailabilityState":"Normal","runtimeAvailabilityState":"Normal","siteConfig":null,"deploymentId":"webapp-quick000002","trafficManagerHostNames":null,"sku":"Basic","scmSiteAlsoStopped":false,"targetSwapSlot":null,"hostingEnvironment":null,"hostingEnvironmentProfile":null,"clientAffinityEnabled":true,"clientCertEnabled":false,"clientCertExclusionPaths":null,"hostNamesDisabled":false,"domainVerificationIdentifiers":null,"customDomainVerificationId":"A6BE3CB8CAB6DFE528075BDE8EC60C912BC3EEEFC52C398AB873BA719EAFAC69","kind":"app","inboundIpAddress":"23.101.207.250","possibleInboundIpAddresses":"23.101.207.250","outboundIpAddresses":"23.101.199.30,23.101.196.70,23.101.201.119,23.101.197.194","possibleOutboundIpAddresses":"23.101.199.30,23.101.196.70,23.101.201.119,23.101.197.194","containerSize":0,"dailyMemoryTimeQuota":0,"suspendedTill":null,"siteDisabledReason":0,"functionExecutionUnitsCache":null,"maxNumberOfWorkers":null,"homeStamp":"waws-prod-bay-071","cloningInfo":null,"hostingEnvironmentId":null,"tags":null,"resourceGroup":"clitest.rg000001","defaultHostName":"webapp-quick000002.azurewebsites.net","slotSwapStatus":null,"httpsOnly":false,"redundancyMode":"None","inProgressOperationId":null,"geoDistributions":null,"privateEndpointConnections":null,"buildVersion":null,"targetBuildVersion":null}}'
    headers:
      cache-control:
      - no-cache
      content-length:
      - '3536'
      content-type:
      - application/json
      date:
      - Mon, 13 Jan 2020 09:56:44 GMT
      etag:
      - '"1D5C9F7B8DE1C0B"'
      expires:
      - '-1'
      pragma:
      - no-cache
      server:
      - Microsoft-IIS/10.0
      strict-transport-security:
      - max-age=31536000; includeSubDomains
      transfer-encoding:
      - chunked
      vary:
      - Accept-Encoding
      x-aspnet-version:
      - 4.0.30319
      x-content-type-options:
      - nosniff
      x-ms-ratelimit-remaining-subscription-resource-requests:
      - '499'
      x-powered-by:
      - ASP.NET
    status:
      code: 200
      message: OK
- request:
    body: null
    headers:
      Accept:
      - application/json
      Accept-Encoding:
      - gzip, deflate
      CommandName:
      - webapp create
      Connection:
      - keep-alive
      ParameterSetName:
      - -g -n --plan --deployment-local-git -r
      User-Agent:
      - python/3.7.4 (Windows-10-10.0.18362-SP0) msrest/0.6.10 msrest_azure/0.6.2
        azure-mgmt-web/0.44.0 Azure-SDK-For-Python AZURECLI/2.0.79
      accept-language:
      - en-US
    method: GET
    uri: https://management.azure.com/subscriptions/00000000-0000-0000-0000-000000000000/resourceGroups/clitest.rg000001/providers/Microsoft.Web/sites/webapp-quick000002?api-version=2019-08-01
  response:
    body:
      string: '{"id":"/subscriptions/00000000-0000-0000-0000-000000000000/resourceGroups/clitest.rg000001/providers/Microsoft.Web/sites/webapp-quick000002","name":"webapp-quick000002","type":"Microsoft.Web/sites","kind":"app","location":"West
        US","properties":{"name":"webapp-quick000002","state":"Running","hostNames":["webapp-quick000002.azurewebsites.net"],"webSpace":"clitest.rg000001-WestUSwebspace","selfLink":"https://waws-prod-bay-071.api.azurewebsites.windows.net:454/subscriptions/00000000-0000-0000-0000-000000000000/webspaces/clitest.rg000001-WestUSwebspace/sites/webapp-quick000002","repositorySiteName":"webapp-quick000002","owner":null,"usageState":"Normal","enabled":true,"adminEnabled":true,"enabledHostNames":["webapp-quick000002.azurewebsites.net","webapp-quick000002.scm.azurewebsites.net"],"siteProperties":{"metadata":null,"properties":[{"name":"LinuxFxVersion","value":""},{"name":"WindowsFxVersion","value":null}],"appSettings":null},"availabilityState":"Normal","sslCertificates":null,"csrs":[],"cers":null,"siteMode":null,"hostNameSslStates":[{"name":"webapp-quick000002.azurewebsites.net","sslState":"Disabled","ipBasedSslResult":null,"virtualIP":null,"thumbprint":null,"toUpdate":null,"toUpdateIpBasedSsl":null,"ipBasedSslState":"NotConfigured","hostType":"Standard"},{"name":"webapp-quick000002.scm.azurewebsites.net","sslState":"Disabled","ipBasedSslResult":null,"virtualIP":null,"thumbprint":null,"toUpdate":null,"toUpdateIpBasedSsl":null,"ipBasedSslState":"NotConfigured","hostType":"Repository"}],"computeMode":null,"serverFarm":null,"serverFarmId":"/subscriptions/00000000-0000-0000-0000-000000000000/resourceGroups/clitest.rg000001/providers/Microsoft.Web/serverfarms/plan-quick000003","reserved":false,"isXenon":false,"hyperV":false,"lastModifiedTimeUtc":"2020-01-13T09:56:27.2966667","storageRecoveryDefaultState":"Running","contentAvailabilityState":"Normal","runtimeAvailabilityState":"Normal","siteConfig":null,"deploymentId":"webapp-quick000002","trafficManagerHostNames":null,"sku":"Basic","scmSiteAlsoStopped":false,"targetSwapSlot":null,"hostingEnvironment":null,"hostingEnvironmentProfile":null,"clientAffinityEnabled":true,"clientCertEnabled":false,"clientCertExclusionPaths":null,"hostNamesDisabled":false,"domainVerificationIdentifiers":null,"customDomainVerificationId":"A6BE3CB8CAB6DFE528075BDE8EC60C912BC3EEEFC52C398AB873BA719EAFAC69","kind":"app","inboundIpAddress":"23.101.207.250","possibleInboundIpAddresses":"23.101.207.250","outboundIpAddresses":"23.101.199.30,23.101.196.70,23.101.201.119,23.101.197.194","possibleOutboundIpAddresses":"23.101.199.30,23.101.196.70,23.101.201.119,23.101.197.194","containerSize":0,"dailyMemoryTimeQuota":0,"suspendedTill":null,"siteDisabledReason":0,"functionExecutionUnitsCache":null,"maxNumberOfWorkers":null,"homeStamp":"waws-prod-bay-071","cloningInfo":null,"hostingEnvironmentId":null,"tags":null,"resourceGroup":"clitest.rg000001","defaultHostName":"webapp-quick000002.azurewebsites.net","slotSwapStatus":null,"httpsOnly":false,"redundancyMode":"None","inProgressOperationId":null,"geoDistributions":null,"privateEndpointConnections":[],"buildVersion":null,"targetBuildVersion":null}}'
    headers:
      cache-control:
      - no-cache
      content-length:
      - '3540'
      content-type:
      - application/json
      date:
      - Mon, 13 Jan 2020 09:56:44 GMT
      etag:
      - '"1D5C9F7B8DE1C0B"'
      expires:
      - '-1'
      pragma:
      - no-cache
      server:
      - Microsoft-IIS/10.0
      strict-transport-security:
      - max-age=31536000; includeSubDomains
      transfer-encoding:
      - chunked
      vary:
      - Accept-Encoding
      x-aspnet-version:
      - 4.0.30319
      x-content-type-options:
      - nosniff
      x-powered-by:
      - ASP.NET
    status:
      code: 200
      message: OK
- request:
    body: '{"properties": {"netFrameworkVersion": "v4.6", "scmType": "LocalGit", "localMySqlEnabled":
      false, "http20Enabled": true}}'
    headers:
      Accept:
      - application/json
      Accept-Encoding:
      - gzip, deflate
      CommandName:
      - webapp create
      Connection:
      - keep-alive
      Content-Length:
      - '121'
      Content-Type:
      - application/json; charset=utf-8
      ParameterSetName:
      - -g -n --plan --deployment-local-git -r
      User-Agent:
      - python/3.7.4 (Windows-10-10.0.18362-SP0) msrest/0.6.10 msrest_azure/0.6.2
        azure-mgmt-web/0.44.0 Azure-SDK-For-Python AZURECLI/2.0.79
      accept-language:
      - en-US
    method: PUT
    uri: https://management.azure.com/subscriptions/00000000-0000-0000-0000-000000000000/resourceGroups/clitest.rg000001/providers/Microsoft.Web/sites/webapp-quick000002/config/web?api-version=2019-08-01
  response:
    body:
      string: '{"id":"/subscriptions/00000000-0000-0000-0000-000000000000/resourceGroups/clitest.rg000001/providers/Microsoft.Web/sites/webapp-quick000002","name":"webapp-quick000002","type":"Microsoft.Web/sites","location":"West
        US","properties":{"numberOfWorkers":1,"defaultDocuments":["Default.htm","Default.html","Default.asp","index.htm","index.html","iisstart.htm","default.aspx","index.php","hostingstart.html"],"netFrameworkVersion":"v4.0","phpVersion":"5.6","pythonVersion":"","nodeVersion":"","linuxFxVersion":"","windowsFxVersion":null,"requestTracingEnabled":false,"remoteDebuggingEnabled":false,"remoteDebuggingVersion":null,"httpLoggingEnabled":false,"azureMonitorLogCategories":null,"logsDirectorySizeLimit":35,"detailedErrorLoggingEnabled":false,"publishingUsername":"$webapp-quick000002","publishingPassword":null,"appSettings":null,"metadata":null,"connectionStrings":null,"machineKey":null,"handlerMappings":null,"documentRoot":null,"scmType":"LocalGit","use32BitWorkerProcess":true,"webSocketsEnabled":false,"alwaysOn":false,"javaVersion":null,"javaContainer":null,"javaContainerVersion":null,"appCommandLine":"","managedPipelineMode":"Integrated","virtualApplications":[{"virtualPath":"/","physicalPath":"site\\wwwroot","preloadEnabled":false,"virtualDirectories":null}],"winAuthAdminState":0,"winAuthTenantState":0,"customAppPoolIdentityAdminState":false,"customAppPoolIdentityTenantState":false,"runtimeADUser":null,"runtimeADUserPassword":null,"loadBalancing":"LeastRequests","routingRules":[],"experiments":{"rampUpRules":[]},"limits":null,"autoHealEnabled":false,"autoHealRules":null,"tracingOptions":null,"vnetName":"","siteAuthEnabled":false,"siteAuthSettings":{"enabled":null,"unauthenticatedClientAction":null,"tokenStoreEnabled":null,"allowedExternalRedirectUrls":null,"defaultProvider":null,"clientId":null,"clientSecret":null,"clientSecretCertificateThumbprint":null,"issuer":null,"allowedAudiences":null,"additionalLoginParams":null,"isAadAutoProvisioned":false,"googleClientId":null,"googleClientSecret":null,"googleOAuthScopes":null,"facebookAppId":null,"facebookAppSecret":null,"facebookOAuthScopes":null,"twitterConsumerKey":null,"twitterConsumerSecret":null,"microsoftAccountClientId":null,"microsoftAccountClientSecret":null,"microsoftAccountOAuthScopes":null},"cors":null,"push":null,"apiDefinition":null,"apiManagementConfig":null,"autoSwapSlotName":null,"localMySqlEnabled":false,"managedServiceIdentityId":null,"xManagedServiceIdentityId":null,"ipSecurityRestrictions":[{"ipAddress":"Any","action":"Allow","priority":1,"name":"Allow
        all","description":"Allow all access"}],"scmIpSecurityRestrictions":[{"ipAddress":"Any","action":"Allow","priority":1,"name":"Allow
        all","description":"Allow all access"}],"scmIpSecurityRestrictionsUseMain":false,"http20Enabled":true,"minTlsVersion":"1.2","ftpsState":"AllAllowed","preWarmedInstanceCount":0,"healthCheckPath":null,"fileChangeAuditEnabled":false,"functionsRuntimeScaleMonitoringEnabled":false,"websiteTimeZone":null}}'
    headers:
      cache-control:
      - no-cache
      content-length:
      - '3072'
      content-type:
      - application/json
      date:
      - Mon, 13 Jan 2020 09:56:45 GMT
      etag:
      - '"1D5C9F7B8DE1C0B"'
      expires:
      - '-1'
      pragma:
      - no-cache
      server:
      - Microsoft-IIS/10.0
      strict-transport-security:
      - max-age=31536000; includeSubDomains
      transfer-encoding:
      - chunked
      vary:
      - Accept-Encoding
      x-aspnet-version:
      - 4.0.30319
      x-content-type-options:
      - nosniff
      x-ms-ratelimit-remaining-subscription-writes:
      - '1198'
      x-powered-by:
      - ASP.NET
    status:
      code: 200
      message: OK
- request:
    body: null
    headers:
      Accept:
      - application/json
      Accept-Encoding:
      - gzip, deflate
      CommandName:
      - webapp create
      Connection:
      - keep-alive
      ParameterSetName:
      - -g -n --plan --deployment-local-git -r
      User-Agent:
      - python/3.7.4 (Windows-10-10.0.18362-SP0) msrest/0.6.10 msrest_azure/0.6.2
        azure-mgmt-web/0.44.0 Azure-SDK-For-Python AZURECLI/2.0.79
      accept-language:
      - en-US
    method: GET
    uri: https://management.azure.com/providers/Microsoft.Web/publishingUsers/web?api-version=2019-08-01
  response:
    body:
      string: '{"id":null,"name":"web","type":"Microsoft.Web/publishingUsers/web","properties":{"name":null,"publishingUserName":null,"publishingPassword":null,"publishingPasswordHash":null,"publishingPasswordHashSalt":null,"metadata":null,"isDeleted":false,"scmUri":null}}'
    headers:
      cache-control:
      - no-cache
      content-length:
      - '258'
      content-type:
      - application/json
      date:
      - Mon, 13 Jan 2020 09:56:46 GMT
      expires:
      - '-1'
      pragma:
      - no-cache
      server:
      - Microsoft-IIS/10.0
      strict-transport-security:
      - max-age=31536000; includeSubDomains
      transfer-encoding:
      - chunked
      vary:
      - Accept-Encoding
      x-aspnet-version:
      - 4.0.30319
      x-content-type-options:
      - nosniff
      x-powered-by:
      - ASP.NET
    status:
      code: 200
      message: OK
- request:
    body: null
    headers:
      Accept:
      - application/json
      Accept-Encoding:
      - gzip, deflate
      CommandName:
      - webapp create
      Connection:
      - keep-alive
      ParameterSetName:
      - -g -n --plan --deployment-local-git -r
      User-Agent:
      - python/3.7.4 (Windows-10-10.0.18362-SP0) msrest/0.6.10 msrest_azure/0.6.2
        azure-mgmt-web/0.44.0 Azure-SDK-For-Python AZURECLI/2.0.79
      accept-language:
      - en-US
    method: GET
    uri: https://management.azure.com/subscriptions/00000000-0000-0000-0000-000000000000/resourceGroups/clitest.rg000001/providers/Microsoft.Web/sites/webapp-quick000002/sourcecontrols/web?api-version=2019-08-01
  response:
    body:
      string: '{"id":"/subscriptions/00000000-0000-0000-0000-000000000000/resourceGroups/clitest.rg000001/providers/Microsoft.Web/sites/webapp-quick000002/sourcecontrols/web","name":"webapp-quick000002","type":"Microsoft.Web/sites/sourcecontrols","location":"West
        US","properties":{"repoUrl":"https://webapp-quick000002.scm.azurewebsites.net","branch":null,"isManualIntegration":false,"isGitHubAction":false,"deploymentRollbackEnabled":false,"isMercurial":false,"provisioningState":"Succeeded"}}'
    headers:
      cache-control:
      - no-cache
      content-length:
      - '557'
      content-type:
      - application/json
      date:
      - Mon, 13 Jan 2020 09:56:47 GMT
      etag:
      - '"1D5C9F7C41F7A40"'
      expires:
      - '-1'
      pragma:
      - no-cache
      server:
      - Microsoft-IIS/10.0
      strict-transport-security:
      - max-age=31536000; includeSubDomains
      transfer-encoding:
      - chunked
      vary:
      - Accept-Encoding
      x-aspnet-version:
      - 4.0.30319
      x-content-type-options:
      - nosniff
      x-powered-by:
      - ASP.NET
    status:
      code: 200
      message: OK
- request:
    body: '{}'
    headers:
      Accept:
      - application/xml
      Accept-Encoding:
      - gzip, deflate
      CommandName:
      - webapp create
      Connection:
      - keep-alive
      Content-Length:
      - '2'
      Content-Type:
      - application/json; charset=utf-8
      ParameterSetName:
      - -g -n --plan --deployment-local-git -r
      User-Agent:
      - python/3.7.4 (Windows-10-10.0.18362-SP0) msrest/0.6.10 msrest_azure/0.6.2
        azure-mgmt-web/0.44.0 Azure-SDK-For-Python AZURECLI/2.0.79
      accept-language:
      - en-US
    method: POST
    uri: https://management.azure.com/subscriptions/00000000-0000-0000-0000-000000000000/resourceGroups/clitest.rg000001/providers/Microsoft.Web/sites/webapp-quick000002/publishxml?api-version=2019-08-01
  response:
    body:
      string: <publishData><publishProfile profileName="webapp-quick000002 - Web Deploy"
        publishMethod="MSDeploy" publishUrl="webapp-quick000002.scm.azurewebsites.net:443"
        msdeploySite="webapp-quick000002" userName="$webapp-quick000002" userPWD="lJRmb7d3HbzRGi6ldEcR0bACSBGmJsC6hbb9EJAgwKGQtRqaRTlabMF4fJWw"
        destinationAppUrl="http://webapp-quick000002.azurewebsites.net" SQLServerDBConnectionString=""
        mySQLDBConnectionString="" hostingProviderForumLink="" controlPanelLink="http://windows.azure.com"
        webSystem="WebSites"><databases /></publishProfile><publishProfile profileName="webapp-quick000002
        - FTP" publishMethod="FTP" publishUrl="ftp://waws-prod-bay-071.ftp.azurewebsites.windows.net/site/wwwroot"
        ftpPassiveMode="True" userName="webapp-quick000002\$webapp-quick000002" userPWD="lJRmb7d3HbzRGi6ldEcR0bACSBGmJsC6hbb9EJAgwKGQtRqaRTlabMF4fJWw"
        destinationAppUrl="http://webapp-quick000002.azurewebsites.net" SQLServerDBConnectionString=""
        mySQLDBConnectionString="" hostingProviderForumLink="" controlPanelLink="http://windows.azure.com"
        webSystem="WebSites"><databases /></publishProfile><publishProfile profileName="webapp-quick000002
        - ReadOnly - FTP" publishMethod="FTP" publishUrl="ftp://waws-prod-bay-071dr.ftp.azurewebsites.windows.net/site/wwwroot"
        ftpPassiveMode="True" userName="webapp-quick000002\$webapp-quick000002" userPWD="lJRmb7d3HbzRGi6ldEcR0bACSBGmJsC6hbb9EJAgwKGQtRqaRTlabMF4fJWw"
        destinationAppUrl="http://webapp-quick000002.azurewebsites.net" SQLServerDBConnectionString=""
        mySQLDBConnectionString="" hostingProviderForumLink="" controlPanelLink="http://windows.azure.com"
        webSystem="WebSites"><databases /></publishProfile></publishData>
    headers:
      cache-control:
      - no-cache
      content-length:
      - '1730'
      content-type:
      - application/xml
      date:
      - Mon, 13 Jan 2020 09:56:47 GMT
      expires:
      - '-1'
      pragma:
      - no-cache
      server:
      - Microsoft-IIS/10.0
      strict-transport-security:
      - max-age=31536000; includeSubDomains
      x-aspnet-version:
      - 4.0.30319
      x-content-type-options:
      - nosniff
      x-ms-ratelimit-remaining-subscription-resource-requests:
      - '11999'
      x-powered-by:
      - ASP.NET
    status:
      code: 200
      message: OK
- request:
    body: null
    headers:
      Accept:
      - application/json
      Accept-Encoding:
      - gzip, deflate
      CommandName:
      - webapp config appsettings list
      Connection:
      - keep-alive
      Content-Length:
      - '0'
      ParameterSetName:
      - -g -n
      User-Agent:
      - python/3.7.4 (Windows-10-10.0.18362-SP0) msrest/0.6.10 msrest_azure/0.6.2
        azure-mgmt-web/0.44.0 Azure-SDK-For-Python AZURECLI/2.0.79
      accept-language:
      - en-US
    method: POST
    uri: https://management.azure.com/subscriptions/00000000-0000-0000-0000-000000000000/resourceGroups/clitest.rg000001/providers/Microsoft.Web/sites/webapp-quick000002/config/appsettings/list?api-version=2019-08-01
  response:
    body:
      string: '{"id":"/subscriptions/00000000-0000-0000-0000-000000000000/resourceGroups/clitest.rg000001/providers/Microsoft.Web/sites/webapp-quick000002/config/appsettings","name":"appsettings","type":"Microsoft.Web/sites/config","location":"West
        US","properties":{"WEBSITE_NODE_DEFAULT_VERSION":"6.12"}}'
    headers:
      cache-control:
      - no-cache
      content-length:
      - '356'
      content-type:
      - application/json
      date:
      - Mon, 13 Jan 2020 09:56:49 GMT
      expires:
      - '-1'
      pragma:
      - no-cache
      server:
      - Microsoft-IIS/10.0
      strict-transport-security:
      - max-age=31536000; includeSubDomains
      transfer-encoding:
      - chunked
      vary:
      - Accept-Encoding
      x-aspnet-version:
      - 4.0.30319
      x-content-type-options:
      - nosniff
      x-ms-ratelimit-remaining-subscription-resource-requests:
      - '11999'
      x-powered-by:
      - ASP.NET
    status:
      code: 200
      message: OK
- request:
    body: null
    headers:
      Accept:
      - application/json
      Accept-Encoding:
      - gzip, deflate
      CommandName:
      - webapp config appsettings list
      Connection:
      - keep-alive
      ParameterSetName:
      - -g -n
      User-Agent:
      - python/3.7.4 (Windows-10-10.0.18362-SP0) msrest/0.6.10 msrest_azure/0.6.2
        azure-mgmt-web/0.44.0 Azure-SDK-For-Python AZURECLI/2.0.79
      accept-language:
      - en-US
    method: GET
    uri: https://management.azure.com/subscriptions/00000000-0000-0000-0000-000000000000/resourceGroups/clitest.rg000001/providers/Microsoft.Web/sites/webapp-quick000002/config/slotConfigNames?api-version=2019-08-01
  response:
    body:
      string: '{"id":null,"name":"webapp-quick000002","type":"Microsoft.Web/sites","location":"West
        US","properties":{"connectionStringNames":null,"appSettingNames":null,"azureStorageConfigNames":null}}'
    headers:
      cache-control:
      - no-cache
      content-length:
      - '193'
      content-type:
      - application/json
      date:
      - Mon, 13 Jan 2020 09:56:49 GMT
      expires:
      - '-1'
      pragma:
      - no-cache
      server:
      - Microsoft-IIS/10.0
      strict-transport-security:
      - max-age=31536000; includeSubDomains
      transfer-encoding:
      - chunked
      vary:
      - Accept-Encoding
      x-aspnet-version:
      - 4.0.30319
      x-content-type-options:
      - nosniff
      x-powered-by:
      - ASP.NET
    status:
      code: 200
      message: OK
version: 1
