interactions:
- request:
    body: null
    headers:
      Accept:
      - application/json
      Accept-Encoding:
      - gzip, deflate
      CommandName:
      - acr create
      Connection:
      - keep-alive
      ParameterSetName:
      - --admin-enabled -g -n --sku
      User-Agent:
      - python/3.7.7 (Windows-10-10.0.19041-SP0) msrest/0.6.18 msrest_azure/0.6.3
        azure-mgmt-resource/12.0.0 Azure-SDK-For-Python AZURECLI/2.19.1
      accept-language:
      - en-US
    method: GET
    uri: https://management.azure.com/subscriptions/00000000-0000-0000-0000-000000000000/resourcegroups/clitest.rg000001?api-version=2020-10-01
  response:
    body:
      string: '{"id":"/subscriptions/00000000-0000-0000-0000-000000000000/resourceGroups/clitest.rg000001","name":"clitest.rg000001","type":"Microsoft.Resources/resourceGroups","location":"eastus","tags":{"product":"azurecli","cause":"automation","date":"2021-02-22T10:16:28Z"},"properties":{"provisioningState":"Succeeded"}}'
    headers:
      cache-control:
      - no-cache
      content-length:
      - '428'
      content-type:
      - application/json; charset=utf-8
      date:
      - Mon, 22 Feb 2021 10:16:56 GMT
      expires:
      - '-1'
      pragma:
      - no-cache
      strict-transport-security:
      - max-age=31536000; includeSubDomains
      vary:
      - Accept-Encoding
      x-content-type-options:
      - nosniff
    status:
      code: 200
      message: OK
- request:
    body: '{"location": "eastus", "sku": {"name": "Basic"}, "properties": {"adminUserEnabled":
      true, "publicNetworkAccess": "Enabled", "networkRuleBypassOptions": "AzureServices"}}'
    headers:
      Accept:
      - application/json
      Accept-Encoding:
      - gzip, deflate
      CommandName:
      - acr create
      Connection:
      - keep-alive
      Content-Length:
      - '169'
      Content-Type:
      - application/json; charset=utf-8
      ParameterSetName:
      - --admin-enabled -g -n --sku
      User-Agent:
      - python/3.7.7 (Windows-10-10.0.19041-SP0) msrest/0.6.18 msrest_azure/0.6.3
        azure-mgmt-containerregistry/3.0.0rc16 Azure-SDK-For-Python AZURECLI/2.19.1
      accept-language:
      - en-US
    method: PUT
    uri: https://management.azure.com/subscriptions/00000000-0000-0000-0000-000000000000/resourceGroups/clitest.rg000001/providers/Microsoft.ContainerRegistry/registries/functionappacrtest000004?api-version=2020-11-01-preview
  response:
    body:
      string: '{"sku":{"name":"Basic","tier":"Basic"},"type":"Microsoft.ContainerRegistry/registries","id":"/subscriptions/00000000-0000-0000-0000-000000000000/resourceGroups/clitest.rg000001/providers/Microsoft.ContainerRegistry/registries/functionappacrtest000004","name":"functionappacrtest000004","location":"eastus","tags":{},"systemData":{"createdBy":"zuh@microsoft.com","createdByType":"User","createdAt":"2021-02-22T10:17:02.9424593+00:00","lastModifiedBy":"zuh@microsoft.com","lastModifiedByType":"User","lastModifiedAt":"2021-02-22T10:17:02.9424593+00:00"},"properties":{"loginServer":"functionappacrtest000004.azurecr.io","creationDate":"2021-02-22T10:17:02.9424593Z","provisioningState":"Succeeded","adminUserEnabled":true,"policies":{"quarantinePolicy":{"status":"disabled"},"trustPolicy":{"type":"Notary","status":"disabled"},"retentionPolicy":{"days":7,"lastUpdatedTime":"2021-02-22T10:17:07.1336524+00:00","status":"disabled"}},"encryption":{"status":"disabled"},"dataEndpointEnabled":false,"dataEndpointHostNames":[],"privateEndpointConnections":[],"publicNetworkAccess":"Enabled","networkRuleBypassOptions":"AzureServices","zoneRedundancy":"Disabled"}}'
    headers:
      cache-control:
      - no-cache
      content-length:
      - '1214'
      content-type:
      - application/json; charset=utf-8
      date:
      - Mon, 22 Feb 2021 10:17:08 GMT
      expires:
      - '-1'
      pragma:
      - no-cache
      server:
      - Microsoft-HTTPAPI/2.0
      strict-transport-security:
      - max-age=31536000; includeSubDomains
      transfer-encoding:
      - chunked
      vary:
      - Accept-Encoding
      x-content-type-options:
      - nosniff
      x-ms-ratelimit-remaining-subscription-writes:
      - '1196'
    status:
      code: 200
      message: OK
- request:
    body: null
    headers:
      Accept:
      - application/json
      Accept-Encoding:
      - gzip, deflate
      CommandName:
      - appservice plan create
      Connection:
      - keep-alive
      ParameterSetName:
      - -g -n --sku --is-linux
      User-Agent:
      - python/3.7.7 (Windows-10-10.0.19041-SP0) msrest/0.6.18 msrest_azure/0.6.3
        azure-mgmt-resource/12.0.0 Azure-SDK-For-Python AZURECLI/2.19.1
      accept-language:
      - en-US
    method: GET
    uri: https://management.azure.com/subscriptions/00000000-0000-0000-0000-000000000000/resourcegroups/clitest.rg000001?api-version=2020-10-01
  response:
    body:
      string: '{"id":"/subscriptions/00000000-0000-0000-0000-000000000000/resourceGroups/clitest.rg000001","name":"clitest.rg000001","type":"Microsoft.Resources/resourceGroups","location":"eastus","tags":{"product":"azurecli","cause":"automation","date":"2021-02-22T10:16:28Z"},"properties":{"provisioningState":"Succeeded"}}'
    headers:
      cache-control:
      - no-cache
      content-length:
      - '428'
      content-type:
      - application/json; charset=utf-8
      date:
      - Mon, 22 Feb 2021 10:17:08 GMT
      expires:
      - '-1'
      pragma:
      - no-cache
      strict-transport-security:
      - max-age=31536000; includeSubDomains
      vary:
      - Accept-Encoding
      x-content-type-options:
      - nosniff
    status:
      code: 200
      message: OK
- request:
    body: '{"name": "acrtestplanfunction000003", "type": "Microsoft.Web/serverfarms",
      "location": "eastus", "properties": {"skuName": "S1", "needLinuxWorkers": true,
      "capacity": 1}}'
    headers:
      Accept:
      - application/json
      Accept-Encoding:
      - gzip, deflate
      CommandName:
      - appservice plan create
      Connection:
      - keep-alive
      Content-Length:
      - '169'
      Content-Type:
      - application/json; charset=utf-8
      ParameterSetName:
      - -g -n --sku --is-linux
      User-Agent:
      - python/3.7.7 (Windows-10-10.0.19041-SP0) msrest/0.6.18 msrest_azure/0.6.3
        azure-mgmt-web/0.48.0 Azure-SDK-For-Python AZURECLI/2.19.1
      accept-language:
      - en-US
    method: POST
    uri: https://management.azure.com/subscriptions/00000000-0000-0000-0000-000000000000/resourceGroups/clitest.rg000001/providers/Microsoft.Web/validate?api-version=2019-08-01
  response:
    body:
      string: '{"status":"Success","error":null}'
    headers:
      cache-control:
      - no-cache
      content-length:
      - '33'
      content-type:
      - application/json
      date:
      - Mon, 22 Feb 2021 10:17:09 GMT
      expires:
      - '-1'
      pragma:
      - no-cache
      server:
      - Microsoft-IIS/10.0
      strict-transport-security:
      - max-age=31536000; includeSubDomains
      transfer-encoding:
      - chunked
      vary:
      - Accept-Encoding
      x-aspnet-version:
      - 4.0.30319
      x-content-type-options:
      - nosniff
      x-ms-ratelimit-remaining-subscription-writes:
      - '1199'
      x-powered-by:
      - ASP.NET
    status:
      code: 200
      message: OK
- request:
    body: null
    headers:
      Accept:
      - application/json
      Accept-Encoding:
      - gzip, deflate
      CommandName:
      - appservice plan create
      Connection:
      - keep-alive
      ParameterSetName:
      - -g -n --sku --is-linux
      User-Agent:
      - python/3.7.7 (Windows-10-10.0.19041-SP0) msrest/0.6.18 msrest_azure/0.6.3
        azure-mgmt-resource/12.0.0 Azure-SDK-For-Python AZURECLI/2.19.1
      accept-language:
      - en-US
    method: GET
    uri: https://management.azure.com/subscriptions/00000000-0000-0000-0000-000000000000/resourcegroups/clitest.rg000001?api-version=2020-10-01
  response:
    body:
      string: '{"id":"/subscriptions/00000000-0000-0000-0000-000000000000/resourceGroups/clitest.rg000001","name":"clitest.rg000001","type":"Microsoft.Resources/resourceGroups","location":"eastus","tags":{"product":"azurecli","cause":"automation","date":"2021-02-22T10:16:28Z"},"properties":{"provisioningState":"Succeeded"}}'
    headers:
      cache-control:
      - no-cache
      content-length:
      - '428'
      content-type:
      - application/json; charset=utf-8
      date:
      - Mon, 22 Feb 2021 10:17:09 GMT
      expires:
      - '-1'
      pragma:
      - no-cache
      strict-transport-security:
      - max-age=31536000; includeSubDomains
      vary:
      - Accept-Encoding
      x-content-type-options:
      - nosniff
    status:
      code: 200
      message: OK
- request:
    body: '{"location": "eastus", "properties": {"perSiteScaling": false, "reserved":
      true, "isXenon": false}, "sku": {"name": "S1", "tier": "STANDARD", "capacity":
      1}}'
    headers:
      Accept:
      - application/json
      Accept-Encoding:
      - gzip, deflate
      CommandName:
      - appservice plan create
      Connection:
      - keep-alive
      Content-Length:
      - '157'
      Content-Type:
      - application/json; charset=utf-8
      ParameterSetName:
      - -g -n --sku --is-linux
      User-Agent:
      - python/3.7.7 (Windows-10-10.0.19041-SP0) msrest/0.6.18 msrest_azure/0.6.3
        azure-mgmt-web/0.48.0 Azure-SDK-For-Python AZURECLI/2.19.1
      accept-language:
      - en-US
    method: PUT
    uri: https://management.azure.com/subscriptions/00000000-0000-0000-0000-000000000000/resourceGroups/clitest.rg000001/providers/Microsoft.Web/serverfarms/acrtestplanfunction000003?api-version=2019-08-01
  response:
    body:
      string: '{"id":"/subscriptions/00000000-0000-0000-0000-000000000000/resourceGroups/clitest.rg000001/providers/Microsoft.Web/serverfarms/acrtestplanfunction000003","name":"acrtestplanfunction000003","type":"Microsoft.Web/serverfarms","kind":"linux","location":"eastus","properties":{"serverFarmId":10896,"name":"acrtestplanfunction000003","sku":{"name":"S1","tier":"Standard","size":"S1","family":"S","capacity":1},"workerSize":"Default","workerSizeId":0,"workerTierName":null,"numberOfWorkers":1,"currentWorkerSize":"Default","currentWorkerSizeId":0,"currentNumberOfWorkers":1,"status":"Ready","webSpace":"clitest.rg000001-EastUSwebspace","subscription":"0b1f6471-1bf0-4dda-aec3-cb9272f09590","adminSiteName":null,"hostingEnvironment":null,"hostingEnvironmentProfile":null,"maximumNumberOfWorkers":0,"planName":"VirtualDedicatedPlan","adminRuntimeSiteName":null,"computeMode":"Dedicated","siteMode":null,"geoRegion":"East
        US","perSiteScaling":false,"maximumElasticWorkerCount":1,"numberOfSites":0,"hostingEnvironmentId":null,"isSpot":false,"spotExpirationTime":null,"freeOfferExpirationTime":null,"tags":null,"kind":"linux","resourceGroup":"clitest.rg000001","reserved":true,"isXenon":false,"hyperV":false,"mdmId":"waws-prod-blu-197_10896","targetWorkerCount":0,"targetWorkerSizeId":0,"provisioningState":"Succeeded","webSiteId":null,"existingServerFarmIds":null,"azBalancing":false},"sku":{"name":"S1","tier":"Standard","size":"S1","family":"S","capacity":1}}'
    headers:
      cache-control:
      - no-cache
      content-length:
      - '1625'
      content-type:
      - application/json
      date:
      - Mon, 22 Feb 2021 10:17:32 GMT
      etag:
      - '"1D70903EE04DBCB"'
      expires:
      - '-1'
      pragma:
      - no-cache
      server:
      - Microsoft-IIS/10.0
      strict-transport-security:
      - max-age=31536000; includeSubDomains
      transfer-encoding:
      - chunked
      vary:
      - Accept-Encoding
      x-aspnet-version:
      - 4.0.30319
      x-content-type-options:
      - nosniff
      x-ms-ratelimit-remaining-subscription-writes:
      - '1195'
      x-powered-by:
      - ASP.NET
    status:
      code: 200
      message: OK
- request:
    body: null
    headers:
      Accept:
      - application/json
      Accept-Encoding:
      - gzip, deflate
      CommandName:
      - functionapp create
      Connection:
      - keep-alive
      ParameterSetName:
      - -g -n -s --plan --runtime
      User-Agent:
      - python/3.7.7 (Windows-10-10.0.19041-SP0) msrest/0.6.18 msrest_azure/0.6.3
        azure-mgmt-web/0.48.0 Azure-SDK-For-Python AZURECLI/2.19.1
      accept-language:
      - en-US
    method: GET
    uri: https://management.azure.com/subscriptions/00000000-0000-0000-0000-000000000000/resourceGroups/clitest.rg000001/providers/Microsoft.Web/serverfarms/acrtestplanfunction000003?api-version=2019-08-01
  response:
    body:
      string: '{"id":"/subscriptions/00000000-0000-0000-0000-000000000000/resourceGroups/clitest.rg000001/providers/Microsoft.Web/serverfarms/acrtestplanfunction000003","name":"acrtestplanfunction000003","type":"Microsoft.Web/serverfarms","kind":"linux","location":"East
        US","properties":{"serverFarmId":10896,"name":"acrtestplanfunction000003","workerSize":"Default","workerSizeId":0,"workerTierName":null,"numberOfWorkers":1,"currentWorkerSize":"Default","currentWorkerSizeId":0,"currentNumberOfWorkers":1,"status":"Ready","webSpace":"clitest.rg000001-EastUSwebspace","subscription":"0b1f6471-1bf0-4dda-aec3-cb9272f09590","adminSiteName":null,"hostingEnvironment":null,"hostingEnvironmentProfile":null,"maximumNumberOfWorkers":10,"planName":"VirtualDedicatedPlan","adminRuntimeSiteName":null,"computeMode":"Dedicated","siteMode":null,"geoRegion":"East
        US","perSiteScaling":false,"maximumElasticWorkerCount":1,"numberOfSites":0,"hostingEnvironmentId":null,"isSpot":false,"spotExpirationTime":null,"freeOfferExpirationTime":null,"tags":null,"kind":"linux","resourceGroup":"clitest.rg000001","reserved":true,"isXenon":false,"hyperV":false,"mdmId":"waws-prod-blu-197_10896","targetWorkerCount":0,"targetWorkerSizeId":0,"provisioningState":"Succeeded","webSiteId":null,"existingServerFarmIds":null,"azBalancing":false},"sku":{"name":"S1","tier":"Standard","size":"S1","family":"S","capacity":1}}'
    headers:
      cache-control:
      - no-cache
      content-length:
      - '1551'
      content-type:
      - application/json
      date:
      - Mon, 22 Feb 2021 10:17:33 GMT
      expires:
      - '-1'
      pragma:
      - no-cache
      server:
      - Microsoft-IIS/10.0
      strict-transport-security:
      - max-age=31536000; includeSubDomains
      transfer-encoding:
      - chunked
      vary:
      - Accept-Encoding
      x-aspnet-version:
      - 4.0.30319
      x-content-type-options:
      - nosniff
      x-powered-by:
      - ASP.NET
    status:
      code: 200
      message: OK
- request:
    body: null
    headers:
      Accept:
      - application/json
      Accept-Encoding:
      - gzip, deflate
      CommandName:
      - functionapp create
      Connection:
      - keep-alive
      ParameterSetName:
      - -g -n -s --plan --runtime
      User-Agent:
      - AZURECLI/2.19.1 azsdk-python-azure-mgmt-storage/17.0.0 Python/3.7.7 (Windows-10-10.0.19041-SP0)
    method: GET
    uri: https://management.azure.com/subscriptions/00000000-0000-0000-0000-000000000000/resourceGroups/clitest.rg000001/providers/Microsoft.Storage/storageAccounts/clitest000002?api-version=2021-01-01
  response:
    body:
      string: '{"sku":{"name":"Standard_LRS","tier":"Standard"},"kind":"Storage","id":"/subscriptions/00000000-0000-0000-0000-000000000000/resourceGroups/clitest.rg000001/providers/Microsoft.Storage/storageAccounts/clitest000002","name":"clitest000002","type":"Microsoft.Storage/storageAccounts","location":"westus","tags":{},"properties":{"privateEndpointConnections":[],"networkAcls":{"bypass":"AzureServices","virtualNetworkRules":[],"ipRules":[],"defaultAction":"Allow"},"supportsHttpsTrafficOnly":true,"encryption":{"services":{"file":{"keyType":"Account","enabled":true,"lastEnabledTime":"2021-02-22T10:16:36.7986431Z"},"blob":{"keyType":"Account","enabled":true,"lastEnabledTime":"2021-02-22T10:16:36.7986431Z"}},"keySource":"Microsoft.Storage"},"provisioningState":"Succeeded","creationTime":"2021-02-22T10:16:36.7204948Z","primaryEndpoints":{"blob":"https://clitest000002.blob.core.windows.net/","queue":"https://clitest000002.queue.core.windows.net/","table":"https://clitest000002.table.core.windows.net/","file":"https://clitest000002.file.core.windows.net/"},"primaryLocation":"westus","statusOfPrimary":"available"}}'
    headers:
      cache-control:
      - no-cache
      content-length:
      - '1240'
      content-type:
      - application/json
      date:
      - Mon, 22 Feb 2021 10:17:34 GMT
      expires:
      - '-1'
      pragma:
      - no-cache
      server:
      - Microsoft-Azure-Storage-Resource-Provider/1.0,Microsoft-HTTPAPI/2.0 Microsoft-HTTPAPI/2.0
      strict-transport-security:
      - max-age=31536000; includeSubDomains
      transfer-encoding:
      - chunked
      vary:
      - Accept-Encoding
      x-content-type-options:
      - nosniff
    status:
      code: 200
      message: OK
- request:
    body: null
    headers:
      Accept:
      - application/json
      Accept-Encoding:
      - gzip, deflate
      CommandName:
      - functionapp create
      Connection:
      - keep-alive
      Content-Length:
      - '0'
      ParameterSetName:
      - -g -n -s --plan --runtime
      User-Agent:
      - AZURECLI/2.19.1 azsdk-python-azure-mgmt-storage/17.0.0 Python/3.7.7 (Windows-10-10.0.19041-SP0)
    method: POST
    uri: https://management.azure.com/subscriptions/00000000-0000-0000-0000-000000000000/resourceGroups/clitest.rg000001/providers/Microsoft.Storage/storageAccounts/clitest000002/listKeys?api-version=2021-01-01&$expand=kerb
  response:
    body:
      string: '{"keys":[{"keyName":"key1","value":"veryFakedStorageAccountKey==","permissions":"FULL"},{"keyName":"key2","value":"veryFakedStorageAccountKey==","permissions":"FULL"}]}'
    headers:
      cache-control:
      - no-cache
      content-length:
      - '288'
      content-type:
      - application/json
      date:
      - Mon, 22 Feb 2021 10:17:35 GMT
      expires:
      - '-1'
      pragma:
      - no-cache
      server:
      - Microsoft-Azure-Storage-Resource-Provider/1.0,Microsoft-HTTPAPI/2.0 Microsoft-HTTPAPI/2.0
      strict-transport-security:
      - max-age=31536000; includeSubDomains
      transfer-encoding:
      - chunked
      vary:
      - Accept-Encoding
      x-content-type-options:
      - nosniff
      x-ms-ratelimit-remaining-subscription-resource-requests:
      - '11997'
    status:
      code: 200
      message: OK
- request:
    body: '{"kind": "functionapp,linux", "location": "East US", "properties": {"serverFarmId":
      "acrtestplanfunction000003", "reserved": true, "isXenon": false, "hyperV": false,
      "siteConfig": {"netFrameworkVersion": "v4.6", "linuxFxVersion": "Node|10", "appSettings":
      [{"name": "MACHINEKEY_DecryptionKey", "value": "5866F2977153A66B32C440BA76C1B7C67D3648E28443C33F3CE6C659493BB570"},
      {"name": "WEBSITES_ENABLE_APP_SERVICE_STORAGE", "value": "true"}, {"name": "FUNCTIONS_WORKER_RUNTIME",
      "value": "node"}, {"name": "FUNCTIONS_EXTENSION_VERSION", "value": "~2"}, {"name":
      "AzureWebJobsStorage", "value": "DefaultEndpointsProtocol=https;EndpointSuffix=core.windows.net;AccountName=clitest000002;AccountKey=veryFakedStorageAccountKey=="}],
      "use32BitWorkerProcess": false, "alwaysOn": true, "localMySqlEnabled": false,
      "http20Enabled": true}, "scmSiteAlsoStopped": false}}'
    headers:
      Accept:
      - application/json
      Accept-Encoding:
      - gzip, deflate
      CommandName:
      - functionapp create
      Connection:
      - keep-alive
      Content-Length:
      - '925'
      Content-Type:
      - application/json; charset=utf-8
      ParameterSetName:
      - -g -n -s --plan --runtime
      User-Agent:
      - python/3.7.7 (Windows-10-10.0.19041-SP0) msrest/0.6.18 msrest_azure/0.6.3
        azure-mgmt-web/0.48.0 Azure-SDK-For-Python AZURECLI/2.19.1
      accept-language:
      - en-US
    method: PUT
    uri: https://management.azure.com/subscriptions/00000000-0000-0000-0000-000000000000/resourceGroups/clitest.rg000001/providers/Microsoft.Web/sites/functionappacrtest000004?api-version=2019-08-01
  response:
    body:
      string: '{"id":"/subscriptions/00000000-0000-0000-0000-000000000000/resourceGroups/clitest.rg000001/providers/Microsoft.Web/sites/functionappacrtest000004","name":"functionappacrtest000004","type":"Microsoft.Web/sites","kind":"functionapp,linux","location":"East
        US","properties":{"name":"functionappacrtest000004","state":"Running","hostNames":["functionappacrtest000004.azurewebsites.net"],"webSpace":"clitest.rg000001-EastUSwebspace","selfLink":"https://waws-prod-blu-197.api.azurewebsites.windows.net:454/subscriptions/00000000-0000-0000-0000-000000000000/webspaces/clitest.rg000001-EastUSwebspace/sites/functionappacrtest000004","repositorySiteName":"functionappacrtest000004","owner":null,"usageState":"Normal","enabled":true,"adminEnabled":true,"enabledHostNames":["functionappacrtest000004.azurewebsites.net","functionappacrtest000004.scm.azurewebsites.net"],"siteProperties":{"metadata":null,"properties":[{"name":"LinuxFxVersion","value":"Node|10"},{"name":"WindowsFxVersion","value":null}],"appSettings":null},"availabilityState":"Normal","sslCertificates":null,"csrs":[],"cers":null,"siteMode":null,"hostNameSslStates":[{"name":"functionappacrtest000004.azurewebsites.net","sslState":"Disabled","ipBasedSslResult":null,"virtualIP":null,"thumbprint":null,"toUpdate":null,"toUpdateIpBasedSsl":null,"ipBasedSslState":"NotConfigured","hostType":"Standard"},{"name":"functionappacrtest000004.scm.azurewebsites.net","sslState":"Disabled","ipBasedSslResult":null,"virtualIP":null,"thumbprint":null,"toUpdate":null,"toUpdateIpBasedSsl":null,"ipBasedSslState":"NotConfigured","hostType":"Repository"}],"computeMode":null,"serverFarm":null,"serverFarmId":"/subscriptions/00000000-0000-0000-0000-000000000000/resourceGroups/clitest.rg000001/providers/Microsoft.Web/serverfarms/acrtestplanfunction000003","reserved":true,"isXenon":false,"hyperV":false,"lastModifiedTimeUtc":"2021-02-22T10:17:41.45","storageRecoveryDefaultState":"Running","contentAvailabilityState":"Normal","runtimeAvailabilityState":"Normal","siteConfig":{"numberOfWorkers":null,"defaultDocuments":null,"netFrameworkVersion":null,"phpVersion":null,"pythonVersion":null,"nodeVersion":null,"powerShellVersion":null,"linuxFxVersion":null,"windowsFxVersion":null,"requestTracingEnabled":null,"remoteDebuggingEnabled":null,"remoteDebuggingVersion":null,"httpLoggingEnabled":null,"azureMonitorLogCategories":null,"acrUseManagedIdentityCreds":false,"acrUserManagedIdentityID":null,"logsDirectorySizeLimit":null,"detailedErrorLoggingEnabled":null,"publishingUsername":null,"publishingPassword":null,"appSettings":null,"azureStorageAccounts":null,"metadata":null,"connectionStrings":null,"machineKey":null,"handlerMappings":null,"documentRoot":null,"scmType":null,"use32BitWorkerProcess":null,"webSocketsEnabled":null,"alwaysOn":null,"javaVersion":null,"javaContainer":null,"javaContainerVersion":null,"appCommandLine":null,"managedPipelineMode":null,"virtualApplications":null,"winAuthAdminState":null,"winAuthTenantState":null,"customAppPoolIdentityAdminState":null,"customAppPoolIdentityTenantState":null,"runtimeADUser":null,"runtimeADUserPassword":null,"loadBalancing":null,"routingRules":null,"experiments":null,"limits":null,"autoHealEnabled":null,"autoHealRules":null,"tracingOptions":null,"vnetName":null,"vnetRouteAllEnabled":null,"vnetPrivatePortsCount":null,"cors":null,"push":null,"apiDefinition":null,"apiManagementConfig":null,"autoSwapSlotName":null,"localMySqlEnabled":null,"managedServiceIdentityId":null,"xManagedServiceIdentityId":null,"ipSecurityRestrictions":[{"ipAddress":"Any","action":"Allow","priority":1,"name":"Allow
        all","description":"Allow all access"}],"scmIpSecurityRestrictions":[{"ipAddress":"Any","action":"Allow","priority":1,"name":"Allow
        all","description":"Allow all access"}],"scmIpSecurityRestrictionsUseMain":null,"http20Enabled":null,"minTlsVersion":null,"scmMinTlsVersion":null,"ftpsState":null,"preWarmedInstanceCount":null,"functionAppScaleLimit":null,"healthCheckPath":null,"fileChangeAuditEnabled":null,"functionsRuntimeScaleMonitoringEnabled":null,"websiteTimeZone":null,"minimumElasticInstanceCount":0},"deploymentId":"functionappacrtest000004","trafficManagerHostNames":null,"sku":"Standard","scmSiteAlsoStopped":false,"targetSwapSlot":null,"hostingEnvironment":null,"hostingEnvironmentProfile":null,"clientAffinityEnabled":false,"clientCertEnabled":false,"clientCertMode":"Required","clientCertExclusionPaths":null,"hostNamesDisabled":false,"domainVerificationIdentifiers":null,"customDomainVerificationId":"253001F2FCF5A7B1CD759EB861E9BB1596370BE27E47A991F72184277B3D12F2","kind":"functionapp,linux","inboundIpAddress":"20.49.104.8","possibleInboundIpAddresses":"20.49.104.8","ftpUsername":"functionappacrtest000004\\$functionappacrtest000004","ftpsHostName":"ftps://waws-prod-blu-197.ftp.azurewebsites.windows.net/site/wwwroot","outboundIpAddresses":"52.191.102.28,52.191.102.155,52.191.102.233,52.191.103.216,52.191.96.255,52.224.128.162","possibleOutboundIpAddresses":"52.191.102.28,52.191.102.155,52.191.102.233,52.191.103.216,52.191.96.255,52.224.128.162,52.224.129.5,52.224.129.35,52.224.129.250,52.224.130.74,52.224.130.227,52.224.131.218,52.190.44.200,52.190.45.17,52.190.45.31,52.190.45.66,52.190.46.42,52.190.46.122","containerSize":0,"dailyMemoryTimeQuota":0,"suspendedTill":null,"siteDisabledReason":0,"functionExecutionUnitsCache":null,"maxNumberOfWorkers":null,"homeStamp":"waws-prod-blu-197","cloningInfo":null,"hostingEnvironmentId":null,"tags":null,"resourceGroup":"clitest.rg000001","defaultHostName":"functionappacrtest000004.azurewebsites.net","slotSwapStatus":null,"httpsOnly":false,"redundancyMode":"None","inProgressOperationId":null,"geoDistributions":null,"privateEndpointConnections":null,"buildVersion":null,"targetBuildVersion":null,"migrationState":null,"eligibleLogCategories":"FunctionAppLogs","storageAccountRequired":false}}'
    headers:
      cache-control:
      - no-cache
      content-length:
      - '6156'
      content-type:
      - application/json
      date:
      - Mon, 22 Feb 2021 10:17:57 GMT
      etag:
      - '"1D70903F48619E0"'
      expires:
      - '-1'
      pragma:
      - no-cache
      server:
      - Microsoft-IIS/10.0
      strict-transport-security:
      - max-age=31536000; includeSubDomains
      transfer-encoding:
      - chunked
      vary:
      - Accept-Encoding
      x-aspnet-version:
      - 4.0.30319
      x-content-type-options:
      - nosniff
      x-ms-ratelimit-remaining-subscription-resource-requests:
      - '498'
      x-powered-by:
      - ASP.NET
    status:
      code: 200
      message: OK
- request:
    body: '{"location": "East US", "kind": "web", "properties": {"Application_Type":
      "web"}}'
    headers:
      Accept:
      - application/json
      Accept-Encoding:
      - gzip, deflate
      CommandName:
      - functionapp create
      Connection:
      - keep-alive
      Content-Length:
      - '81'
      Content-Type:
      - application/json; charset=utf-8
      ParameterSetName:
      - -g -n -s --plan --runtime
      User-Agent:
      - python/3.7.7 (Windows-10-10.0.19041-SP0) msrest/0.6.18 msrest_azure/0.6.3
        azure-mgmt-applicationinsights/0.1.1 Azure-SDK-For-Python AZURECLI/2.19.1
      accept-language:
      - en-US
    method: PUT
    uri: https://management.azure.com/subscriptions/00000000-0000-0000-0000-000000000000/resourceGroups/clitest.rg000001/providers/microsoft.insights/components/functionappacrtest000004?api-version=2015-05-01
  response:
    body:
      string: '{"id":"/subscriptions/00000000-0000-0000-0000-000000000000/resourceGroups/clitest.rg000001/providers/microsoft.insights/components/functionappacrtest000004","name":"functionappacrtest000004","type":"microsoft.insights/components","location":"eastus","tags":{},"kind":"web","etag":"\"7900a5a4-0000-0100-0000-603384de0000\"","properties":{"Ver":"v2","ApplicationId":"functionappacrtest000004","AppId":"6ad1a98b-103a-4bf7-9893-800cc75814f4","Application_Type":"web","Flow_Type":null,"Request_Source":null,"InstrumentationKey":"8fd2004e-4a8c-4803-bda0-aafc1e72bd71","ConnectionString":"InstrumentationKey=8fd2004e-4a8c-4803-bda0-aafc1e72bd71;IngestionEndpoint=https://eastus-6.in.applicationinsights.azure.com/","Name":"functionappacrtest000004","CreationDate":"2021-02-22T10:18:06.0142103+00:00","TenantId":"0b1f6471-1bf0-4dda-aec3-cb9272f09590","provisioningState":"Succeeded","SamplingPercentage":null,"RetentionInDays":90,"IngestionMode":"ApplicationInsights","publicNetworkAccessForIngestion":"Enabled","publicNetworkAccessForQuery":"Enabled"}}'
    headers:
      access-control-expose-headers:
      - Request-Context
      cache-control:
      - no-cache
      content-length:
      - '1104'
      content-type:
      - application/json; charset=utf-8
      date:
      - Mon, 22 Feb 2021 10:18:08 GMT
      expires:
      - '-1'
      pragma:
      - no-cache
      request-context:
      - appId=cid-v1:920e14b1-13f3-461a-a4bb-b4fe6f1a4525
      server:
      - Microsoft-IIS/10.0
      strict-transport-security:
      - max-age=31536000; includeSubDomains
      transfer-encoding:
      - chunked
      vary:
      - Accept-Encoding
      x-content-type-options:
      - nosniff
      x-ms-ratelimit-remaining-subscription-writes:
      - '1194'
      x-powered-by:
      - ASP.NET
    status:
      code: 200
      message: OK
- request:
    body: null
    headers:
      Accept:
      - application/json
      Accept-Encoding:
      - gzip, deflate
      CommandName:
      - functionapp create
      Connection:
      - keep-alive
      Content-Length:
      - '0'
      ParameterSetName:
      - -g -n -s --plan --runtime
      User-Agent:
      - python/3.7.7 (Windows-10-10.0.19041-SP0) msrest/0.6.18 msrest_azure/0.6.3
        azure-mgmt-web/0.48.0 Azure-SDK-For-Python AZURECLI/2.19.1
      accept-language:
      - en-US
    method: POST
    uri: https://management.azure.com/subscriptions/00000000-0000-0000-0000-000000000000/resourceGroups/clitest.rg000001/providers/Microsoft.Web/sites/functionappacrtest000004/config/appsettings/list?api-version=2019-08-01
  response:
    body:
      string: '{"id":"/subscriptions/00000000-0000-0000-0000-000000000000/resourceGroups/clitest.rg000001/providers/Microsoft.Web/sites/functionappacrtest000004/config/appsettings","name":"appsettings","type":"Microsoft.Web/sites/config","location":"East
        US","properties":{"MACHINEKEY_DecryptionKey":"5866F2977153A66B32C440BA76C1B7C67D3648E28443C33F3CE6C659493BB570","WEBSITES_ENABLE_APP_SERVICE_STORAGE":"true","FUNCTIONS_WORKER_RUNTIME":"node","FUNCTIONS_EXTENSION_VERSION":"~2","AzureWebJobsStorage":"DefaultEndpointsProtocol=https;EndpointSuffix=core.windows.net;AccountName=clitest000002;AccountKey=veryFakedStorageAccountKey=="}}'
    headers:
      cache-control:
      - no-cache
      content-length:
      - '750'
      content-type:
      - application/json
      date:
      - Mon, 22 Feb 2021 10:18:09 GMT
      expires:
      - '-1'
      pragma:
      - no-cache
      server:
      - Microsoft-IIS/10.0
      strict-transport-security:
      - max-age=31536000; includeSubDomains
      transfer-encoding:
      - chunked
      vary:
      - Accept-Encoding
      x-aspnet-version:
      - 4.0.30319
      x-content-type-options:
      - nosniff
      x-ms-ratelimit-remaining-subscription-resource-requests:
      - '11998'
      x-powered-by:
      - ASP.NET
    status:
      code: 200
      message: OK
- request:
    body: '{"kind": "<class ''str''>", "properties": {"MACHINEKEY_DecryptionKey":
      "5866F2977153A66B32C440BA76C1B7C67D3648E28443C33F3CE6C659493BB570", "WEBSITES_ENABLE_APP_SERVICE_STORAGE":
      "true", "FUNCTIONS_WORKER_RUNTIME": "node", "FUNCTIONS_EXTENSION_VERSION": "~2",
      "AzureWebJobsStorage": "DefaultEndpointsProtocol=https;EndpointSuffix=core.windows.net;AccountName=clitest000002;AccountKey=veryFakedStorageAccountKey==",
      "APPINSIGHTS_INSTRUMENTATIONKEY": "8fd2004e-4a8c-4803-bda0-aafc1e72bd71"}}'
    headers:
      Accept:
      - application/json
      Accept-Encoding:
      - gzip, deflate
      CommandName:
      - functionapp create
      Connection:
      - keep-alive
      Content-Length:
      - '557'
      Content-Type:
      - application/json; charset=utf-8
      ParameterSetName:
      - -g -n -s --plan --runtime
      User-Agent:
      - python/3.7.7 (Windows-10-10.0.19041-SP0) msrest/0.6.18 msrest_azure/0.6.3
        azure-mgmt-web/0.48.0 Azure-SDK-For-Python AZURECLI/2.19.1
      accept-language:
      - en-US
    method: PUT
    uri: https://management.azure.com/subscriptions/00000000-0000-0000-0000-000000000000/resourceGroups/clitest.rg000001/providers/Microsoft.Web/sites/functionappacrtest000004/config/appsettings?api-version=2019-08-01
  response:
    body:
      string: '{"id":"/subscriptions/00000000-0000-0000-0000-000000000000/resourceGroups/clitest.rg000001/providers/Microsoft.Web/sites/functionappacrtest000004/config/appsettings","name":"appsettings","type":"Microsoft.Web/sites/config","location":"East
        US","properties":{"MACHINEKEY_DecryptionKey":"5866F2977153A66B32C440BA76C1B7C67D3648E28443C33F3CE6C659493BB570","WEBSITES_ENABLE_APP_SERVICE_STORAGE":"true","FUNCTIONS_WORKER_RUNTIME":"node","FUNCTIONS_EXTENSION_VERSION":"~2","AzureWebJobsStorage":"DefaultEndpointsProtocol=https;EndpointSuffix=core.windows.net;AccountName=clitest000002;AccountKey=veryFakedStorageAccountKey==","APPINSIGHTS_INSTRUMENTATIONKEY":"8fd2004e-4a8c-4803-bda0-aafc1e72bd71"}}'
    headers:
      cache-control:
      - no-cache
      content-length:
      - '822'
      content-type:
      - application/json
      date:
      - Mon, 22 Feb 2021 10:18:11 GMT
      etag:
      - '"1D7090405DD6435"'
      expires:
      - '-1'
      pragma:
      - no-cache
      server:
      - Microsoft-IIS/10.0
      strict-transport-security:
      - max-age=31536000; includeSubDomains
      transfer-encoding:
      - chunked
      vary:
      - Accept-Encoding
      x-aspnet-version:
      - 4.0.30319
      x-content-type-options:
      - nosniff
      x-ms-ratelimit-remaining-subscription-writes:
      - '1190'
      x-powered-by:
      - ASP.NET
    status:
      code: 200
      message: OK
- request:
    body: null
    headers:
      Accept:
      - application/json
      Accept-Encoding:
      - gzip, deflate
      CommandName:
      - acr credential show
      Connection:
      - keep-alive
      ParameterSetName:
      - -n -g
      User-Agent:
      - python/3.7.7 (Windows-10-10.0.19041-SP0) msrest/0.6.18 msrest_azure/0.6.3
        azure-mgmt-containerregistry/3.0.0rc16 Azure-SDK-For-Python AZURECLI/2.19.1
      accept-language:
      - en-US
    method: GET
    uri: https://management.azure.com/subscriptions/00000000-0000-0000-0000-000000000000/resourceGroups/clitest.rg000001/providers/Microsoft.ContainerRegistry/registries/functionappacrtest000004?api-version=2020-11-01-preview
  response:
    body:
      string: '{"sku":{"name":"Basic","tier":"Basic"},"type":"Microsoft.ContainerRegistry/registries","id":"/subscriptions/00000000-0000-0000-0000-000000000000/resourceGroups/clitest.rg000001/providers/Microsoft.ContainerRegistry/registries/functionappacrtest000004","name":"functionappacrtest000004","location":"eastus","tags":{},"systemData":{"createdBy":"zuh@microsoft.com","createdByType":"User","createdAt":"2021-02-22T10:17:02.9424593+00:00","lastModifiedBy":"zuh@microsoft.com","lastModifiedByType":"User","lastModifiedAt":"2021-02-22T10:17:02.9424593+00:00"},"properties":{"loginServer":"functionappacrtest000004.azurecr.io","creationDate":"2021-02-22T10:17:02.9424593Z","provisioningState":"Succeeded","adminUserEnabled":true,"policies":{"quarantinePolicy":{"status":"disabled"},"trustPolicy":{"type":"Notary","status":"disabled"},"retentionPolicy":{"days":7,"lastUpdatedTime":"2021-02-22T10:17:07.1336524+00:00","status":"disabled"}},"encryption":{"status":"disabled"},"dataEndpointEnabled":false,"dataEndpointHostNames":[],"privateEndpointConnections":[],"publicNetworkAccess":"Enabled","networkRuleBypassOptions":"AzureServices","zoneRedundancy":"Disabled"}}'
    headers:
      cache-control:
      - no-cache
      content-length:
      - '1214'
      content-type:
      - application/json; charset=utf-8
      date:
      - Mon, 22 Feb 2021 10:18:13 GMT
      expires:
      - '-1'
      pragma:
      - no-cache
      server:
      - Microsoft-HTTPAPI/2.0
      strict-transport-security:
      - max-age=31536000; includeSubDomains
      transfer-encoding:
      - chunked
      vary:
      - Accept-Encoding
      x-content-type-options:
      - nosniff
    status:
      code: 200
      message: OK
- request:
    body: null
    headers:
      Accept:
      - application/json
      Accept-Encoding:
      - gzip, deflate
      CommandName:
      - acr credential show
      Connection:
      - keep-alive
      Content-Length:
      - '0'
      ParameterSetName:
      - -n -g
      User-Agent:
      - python/3.7.7 (Windows-10-10.0.19041-SP0) msrest/0.6.18 msrest_azure/0.6.3
        azure-mgmt-containerregistry/3.0.0rc16 Azure-SDK-For-Python AZURECLI/2.19.1
      accept-language:
      - en-US
    method: POST
    uri: https://management.azure.com/subscriptions/00000000-0000-0000-0000-000000000000/resourceGroups/clitest.rg000001/providers/Microsoft.ContainerRegistry/registries/functionappacrtest000004/listCredentials?api-version=2020-11-01-preview
  response:
    body:
      string: '{"username":"functionappacrtest000004","passwords":[{"name":"password","value":"DWe4QLRCbw4XrN7c0yvWOOxR5aj3W=Qy"},{"name":"password2","value":"iYpg5CNAu9sLzHpUQ+R58HthnPhC/54K"}]}'
    headers:
      cache-control:
      - no-cache
      content-length:
      - '180'
      content-type:
      - application/json; charset=utf-8
      date:
      - Mon, 22 Feb 2021 10:18:15 GMT
      expires:
      - '-1'
      pragma:
      - no-cache
      server:
      - Microsoft-HTTPAPI/2.0
      strict-transport-security:
      - max-age=31536000; includeSubDomains
      transfer-encoding:
      - chunked
      vary:
      - Accept-Encoding
      x-content-type-options:
      - nosniff
      x-ms-ratelimit-remaining-subscription-writes:
      - '1198'
    status:
      code: 200
      message: OK
- request:
    body: null
    headers:
      Accept:
      - application/json
      Accept-Encoding:
      - gzip, deflate
      CommandName:
      - functionapp config container set
      Connection:
      - keep-alive
      ParameterSetName:
      - -g -n --docker-custom-image-name --docker-registry-server-url
      User-Agent:
      - python/3.7.7 (Windows-10-10.0.19041-SP0) msrest/0.6.18 msrest_azure/0.6.3
        azure-mgmt-resource/12.0.0 Azure-SDK-For-Python AZURECLI/2.19.1
      accept-language:
      - en-US
    method: GET
    uri: https://management.azure.com/subscriptions/00000000-0000-0000-0000-000000000000/resources?$filter=resourceType%20eq%20%27Microsoft.ContainerRegistry%2Fregistries%27&api-version=2020-10-01
  response:
    body:
      string: '{"value":[{"id":"/subscriptions/00000000-0000-0000-0000-000000000000/resourceGroups/clitest.rg000001/providers/Microsoft.ContainerRegistry/registries/functionappacrtest000004","name":"functionappacrtest000004","type":"Microsoft.ContainerRegistry/registries","sku":{"name":"Basic","tier":"Basic"},"location":"eastus","tags":{},"systemData":{"createdBy":"zuh@microsoft.com","createdByType":"User","createdAt":"2021-02-22T10:17:02.9424593Z","lastModifiedBy":"zuh@microsoft.com","lastModifiedByType":"User","lastModifiedAt":"2021-02-22T10:17:02.9424593Z"}},{"id":"/subscriptions/00000000-0000-0000-0000-000000000000/resourceGroups/clitest.rgkhwyagdjildo6zqnrzkbuqvuzurojdkmres4jbrwgz6bbqh5z3tiluwwkoxp4l6ns/providers/Microsoft.ContainerRegistry/registries/functionappacrtest3ptx5e","name":"functionappacrtest3ptx5e","type":"Microsoft.ContainerRegistry/registries","sku":{"name":"Basic","tier":"Basic"},"location":"brazilsouth","tags":{},"systemData":{"createdBy":"zuh@microsoft.com","createdByType":"User","createdAt":"2021-02-22T10:17:33.2313719Z","lastModifiedBy":"zuh@microsoft.com","lastModifiedByType":"User","lastModifiedAt":"2021-02-22T10:17:33.2313719Z"}},{"id":"/subscriptions/00000000-0000-0000-0000-000000000000/resourceGroups/clitest.rgvxf4t7uf2l4q4pp3gtt7pstjfnfctr237k54bfnogl52wantldaxe63stnlrsjpej/providers/Microsoft.ContainerRegistry/registries/functionappacrtestytjzpb","name":"functionappacrtestytjzpb","type":"Microsoft.ContainerRegistry/registries","sku":{"name":"Basic","tier":"Basic"},"location":"brazilsouth","tags":{},"systemData":{"createdBy":"zuh@microsoft.com","createdByType":"User","createdAt":"2021-02-22T10:17:33.9113764Z","lastModifiedBy":"zuh@microsoft.com","lastModifiedByType":"User","lastModifiedAt":"2021-02-22T10:17:33.9113764Z"}},{"id":"/subscriptions/00000000-0000-0000-0000-000000000000/resourceGroups/qianwens/providers/Microsoft.ContainerRegistry/registries/qianwen","name":"qianwen","type":"Microsoft.ContainerRegistry/registries","sku":{"name":"Standard","tier":"Standard"},"location":"eastus","tags":{}}]}'
    headers:
      cache-control:
      - no-cache
      content-length:
      - '2108'
      content-type:
      - application/json; charset=utf-8
      date:
      - Mon, 22 Feb 2021 10:18:15 GMT
      expires:
      - '-1'
      pragma:
      - no-cache
      strict-transport-security:
      - max-age=31536000; includeSubDomains
      vary:
      - Accept-Encoding
      x-content-type-options:
      - nosniff
    status:
      code: 200
      message: OK
- request:
    body: null
    headers:
      Accept:
      - application/json
      Accept-Encoding:
      - gzip, deflate
      CommandName:
      - functionapp config container set
      Connection:
      - keep-alive
      ParameterSetName:
      - -g -n --docker-custom-image-name --docker-registry-server-url
      User-Agent:
      - python/3.7.7 (Windows-10-10.0.19041-SP0) msrest/0.6.18 msrest_azure/0.6.3
        azure-mgmt-containerregistry/3.0.0rc16 Azure-SDK-For-Python AZURECLI/2.19.1
      accept-language:
      - en-US
    method: GET
    uri: https://management.azure.com/subscriptions/00000000-0000-0000-0000-000000000000/resourceGroups/clitest.rg000001/providers/Microsoft.ContainerRegistry/registries/functionappacrtest000004?api-version=2019-05-01
  response:
    body:
      string: '{"sku":{"name":"Basic","tier":"Basic"},"type":"Microsoft.ContainerRegistry/registries","id":"/subscriptions/00000000-0000-0000-0000-000000000000/resourceGroups/clitest.rg000001/providers/Microsoft.ContainerRegistry/registries/functionappacrtest000004","name":"functionappacrtest000004","location":"eastus","tags":{},"properties":{"loginServer":"functionappacrtest000004.azurecr.io","creationDate":"2021-02-22T10:17:02.9424593Z","provisioningState":"Succeeded","adminUserEnabled":true,"policies":{"quarantinePolicy":{"status":"disabled"},"trustPolicy":{"type":"Notary","status":"disabled"},"retentionPolicy":{"days":7,"lastUpdatedTime":"2021-02-22T10:17:07.1336524+00:00","status":"disabled"}}}}'
    headers:
      cache-control:
      - no-cache
      content-length:
      - '753'
      content-type:
      - application/json; charset=utf-8
      date:
      - Mon, 22 Feb 2021 10:18:19 GMT
      expires:
      - '-1'
      pragma:
      - no-cache
      server:
      - Microsoft-HTTPAPI/2.0
      strict-transport-security:
      - max-age=31536000; includeSubDomains
      transfer-encoding:
      - chunked
      vary:
      - Accept-Encoding
      x-content-type-options:
      - nosniff
    status:
      code: 200
      message: OK
- request:
    body: null
    headers:
      Accept:
      - application/json
      Accept-Encoding:
      - gzip, deflate
      CommandName:
      - functionapp config container set
      Connection:
      - keep-alive
      Content-Length:
      - '0'
      ParameterSetName:
      - -g -n --docker-custom-image-name --docker-registry-server-url
      User-Agent:
      - python/3.7.7 (Windows-10-10.0.19041-SP0) msrest/0.6.18 msrest_azure/0.6.3
        azure-mgmt-containerregistry/3.0.0rc16 Azure-SDK-For-Python AZURECLI/2.19.1
      accept-language:
      - en-US
    method: POST
    uri: https://management.azure.com/subscriptions/00000000-0000-0000-0000-000000000000/resourceGroups/clitest.rg000001/providers/Microsoft.ContainerRegistry/registries/functionappacrtest000004/listCredentials?api-version=2019-05-01
  response:
    body:
      string: '{"username":"functionappacrtest000004","passwords":[{"name":"password","value":"DWe4QLRCbw4XrN7c0yvWOOxR5aj3W=Qy"},{"name":"password2","value":"iYpg5CNAu9sLzHpUQ+R58HthnPhC/54K"}]}'
    headers:
      cache-control:
      - no-cache
      content-length:
      - '180'
      content-type:
      - application/json; charset=utf-8
      date:
      - Mon, 22 Feb 2021 10:18:20 GMT
      expires:
      - '-1'
      pragma:
      - no-cache
      server:
      - Microsoft-HTTPAPI/2.0
      strict-transport-security:
      - max-age=31536000; includeSubDomains
      transfer-encoding:
      - chunked
      vary:
      - Accept-Encoding
      x-content-type-options:
      - nosniff
      x-ms-ratelimit-remaining-subscription-writes:
      - '1199'
    status:
      code: 200
      message: OK
- request:
    body: null
    headers:
      Accept:
      - application/json
      Accept-Encoding:
      - gzip, deflate
      CommandName:
      - functionapp config container set
      Connection:
      - keep-alive
      Content-Length:
      - '0'
      ParameterSetName:
      - -g -n --docker-custom-image-name --docker-registry-server-url
      User-Agent:
      - python/3.7.7 (Windows-10-10.0.19041-SP0) msrest/0.6.18 msrest_azure/0.6.3
        azure-mgmt-web/0.48.0 Azure-SDK-For-Python AZURECLI/2.19.1
      accept-language:
      - en-US
    method: POST
    uri: https://management.azure.com/subscriptions/00000000-0000-0000-0000-000000000000/resourceGroups/clitest.rg000001/providers/Microsoft.Web/sites/functionappacrtest000004/config/appsettings/list?api-version=2019-08-01
  response:
    body:
      string: '{"id":"/subscriptions/00000000-0000-0000-0000-000000000000/resourceGroups/clitest.rg000001/providers/Microsoft.Web/sites/functionappacrtest000004/config/appsettings","name":"appsettings","type":"Microsoft.Web/sites/config","location":"East
        US","properties":{"MACHINEKEY_DecryptionKey":"5866F2977153A66B32C440BA76C1B7C67D3648E28443C33F3CE6C659493BB570","WEBSITES_ENABLE_APP_SERVICE_STORAGE":"true","FUNCTIONS_WORKER_RUNTIME":"node","FUNCTIONS_EXTENSION_VERSION":"~2","AzureWebJobsStorage":"DefaultEndpointsProtocol=https;EndpointSuffix=core.windows.net;AccountName=clitest000002;AccountKey=veryFakedStorageAccountKey==","APPINSIGHTS_INSTRUMENTATIONKEY":"8fd2004e-4a8c-4803-bda0-aafc1e72bd71"}}'
    headers:
      cache-control:
      - no-cache
      content-length:
      - '822'
      content-type:
      - application/json
      date:
      - Mon, 22 Feb 2021 10:18:23 GMT
      expires:
      - '-1'
      pragma:
      - no-cache
      server:
      - Microsoft-IIS/10.0
      strict-transport-security:
      - max-age=31536000; includeSubDomains
      transfer-encoding:
      - chunked
      vary:
      - Accept-Encoding
      x-aspnet-version:
      - 4.0.30319
      x-content-type-options:
      - nosniff
      x-ms-ratelimit-remaining-subscription-resource-requests:
      - '11998'
      x-powered-by:
      - ASP.NET
    status:
      code: 200
      message: OK
- request:
    body: '{"kind": "<class ''str''>", "properties": {"MACHINEKEY_DecryptionKey":
      "5866F2977153A66B32C440BA76C1B7C67D3648E28443C33F3CE6C659493BB570", "WEBSITES_ENABLE_APP_SERVICE_STORAGE":
      "true", "FUNCTIONS_WORKER_RUNTIME": "node", "FUNCTIONS_EXTENSION_VERSION": "~2",
      "AzureWebJobsStorage": "DefaultEndpointsProtocol=https;EndpointSuffix=core.windows.net;AccountName=clitest000002;AccountKey=veryFakedStorageAccountKey==",
      "APPINSIGHTS_INSTRUMENTATIONKEY": "8fd2004e-4a8c-4803-bda0-aafc1e72bd71", "DOCKER_REGISTRY_SERVER_URL":
      "https://functionappacrtest000004.azurecr.io", "DOCKER_REGISTRY_SERVER_USERNAME":
      "functionappacrtest000004", "DOCKER_REGISTRY_SERVER_PASSWORD": "DWe4QLRCbw4XrN7c0yvWOOxR5aj3W=Qy"}}'
    headers:
      Accept:
      - application/json
      Accept-Encoding:
      - gzip, deflate
      CommandName:
      - functionapp config container set
      Connection:
      - keep-alive
      Content-Length:
      - '768'
      Content-Type:
      - application/json; charset=utf-8
      ParameterSetName:
      - -g -n --docker-custom-image-name --docker-registry-server-url
      User-Agent:
      - python/3.7.7 (Windows-10-10.0.19041-SP0) msrest/0.6.18 msrest_azure/0.6.3
        azure-mgmt-web/0.48.0 Azure-SDK-For-Python AZURECLI/2.19.1
      accept-language:
      - en-US
    method: PUT
    uri: https://management.azure.com/subscriptions/00000000-0000-0000-0000-000000000000/resourceGroups/clitest.rg000001/providers/Microsoft.Web/sites/functionappacrtest000004/config/appsettings?api-version=2019-08-01
  response:
    body:
      string: '{"id":"/subscriptions/00000000-0000-0000-0000-000000000000/resourceGroups/clitest.rg000001/providers/Microsoft.Web/sites/functionappacrtest000004/config/appsettings","name":"appsettings","type":"Microsoft.Web/sites/config","location":"East
        US","properties":{"MACHINEKEY_DecryptionKey":"5866F2977153A66B32C440BA76C1B7C67D3648E28443C33F3CE6C659493BB570","WEBSITES_ENABLE_APP_SERVICE_STORAGE":"true","FUNCTIONS_WORKER_RUNTIME":"node","FUNCTIONS_EXTENSION_VERSION":"~2","AzureWebJobsStorage":"DefaultEndpointsProtocol=https;EndpointSuffix=core.windows.net;AccountName=clitest000002;AccountKey=veryFakedStorageAccountKey==","APPINSIGHTS_INSTRUMENTATIONKEY":"8fd2004e-4a8c-4803-bda0-aafc1e72bd71","DOCKER_REGISTRY_SERVER_URL":"https://functionappacrtest000004.azurecr.io","DOCKER_REGISTRY_SERVER_USERNAME":"functionappacrtest000004","DOCKER_REGISTRY_SERVER_PASSWORD":"DWe4QLRCbw4XrN7c0yvWOOxR5aj3W=Qy"}}'
    headers:
      cache-control:
      - no-cache
      content-length:
      - '1027'
      content-type:
      - application/json
      date:
      - Mon, 22 Feb 2021 10:18:24 GMT
      etag:
      - '"1D709040DBC0F6B"'
      expires:
      - '-1'
      pragma:
      - no-cache
      server:
      - Microsoft-IIS/10.0
      strict-transport-security:
      - max-age=31536000; includeSubDomains
      transfer-encoding:
      - chunked
      vary:
      - Accept-Encoding
      x-aspnet-version:
      - 4.0.30319
      x-content-type-options:
      - nosniff
      x-ms-ratelimit-remaining-subscription-writes:
      - '1194'
      x-powered-by:
      - ASP.NET
    status:
      code: 200
      message: OK
- request:
    body: null
    headers:
      Accept:
      - application/json
      Accept-Encoding:
      - gzip, deflate
      CommandName:
      - functionapp config container set
      Connection:
      - keep-alive
      Content-Length:
      - '0'
      ParameterSetName:
      - -g -n --docker-custom-image-name --docker-registry-server-url
      User-Agent:
      - python/3.7.7 (Windows-10-10.0.19041-SP0) msrest/0.6.18 msrest_azure/0.6.3
        azure-mgmt-web/0.48.0 Azure-SDK-For-Python AZURECLI/2.19.1
      accept-language:
      - en-US
    method: POST
    uri: https://management.azure.com/subscriptions/00000000-0000-0000-0000-000000000000/resourceGroups/clitest.rg000001/providers/Microsoft.Web/sites/functionappacrtest000004/config/appsettings/list?api-version=2019-08-01
  response:
    body:
      string: '{"id":"/subscriptions/00000000-0000-0000-0000-000000000000/resourceGroups/clitest.rg000001/providers/Microsoft.Web/sites/functionappacrtest000004/config/appsettings","name":"appsettings","type":"Microsoft.Web/sites/config","location":"East
        US","properties":{"MACHINEKEY_DecryptionKey":"5866F2977153A66B32C440BA76C1B7C67D3648E28443C33F3CE6C659493BB570","WEBSITES_ENABLE_APP_SERVICE_STORAGE":"true","FUNCTIONS_WORKER_RUNTIME":"node","FUNCTIONS_EXTENSION_VERSION":"~2","AzureWebJobsStorage":"DefaultEndpointsProtocol=https;EndpointSuffix=core.windows.net;AccountName=clitest000002;AccountKey=veryFakedStorageAccountKey==","APPINSIGHTS_INSTRUMENTATIONKEY":"8fd2004e-4a8c-4803-bda0-aafc1e72bd71","DOCKER_REGISTRY_SERVER_URL":"https://functionappacrtest000004.azurecr.io","DOCKER_REGISTRY_SERVER_USERNAME":"functionappacrtest000004","DOCKER_REGISTRY_SERVER_PASSWORD":"DWe4QLRCbw4XrN7c0yvWOOxR5aj3W=Qy"}}'
    headers:
      cache-control:
      - no-cache
      content-length:
      - '1027'
      content-type:
      - application/json
      date:
      - Mon, 22 Feb 2021 10:18:25 GMT
      expires:
      - '-1'
      pragma:
      - no-cache
      server:
      - Microsoft-IIS/10.0
      strict-transport-security:
      - max-age=31536000; includeSubDomains
      transfer-encoding:
      - chunked
      vary:
      - Accept-Encoding
      x-aspnet-version:
      - 4.0.30319
      x-content-type-options:
      - nosniff
      x-ms-ratelimit-remaining-subscription-resource-requests:
      - '11999'
      x-powered-by:
      - ASP.NET
    status:
      code: 200
      message: OK
- request:
    body: null
    headers:
      Accept:
      - application/json
      Accept-Encoding:
      - gzip, deflate
      CommandName:
      - functionapp config container set
      Connection:
      - keep-alive
      ParameterSetName:
      - -g -n --docker-custom-image-name --docker-registry-server-url
      User-Agent:
      - python/3.7.7 (Windows-10-10.0.19041-SP0) msrest/0.6.18 msrest_azure/0.6.3
        azure-mgmt-web/0.48.0 Azure-SDK-For-Python AZURECLI/2.19.1
      accept-language:
      - en-US
    method: GET
    uri: https://management.azure.com/subscriptions/00000000-0000-0000-0000-000000000000/resourceGroups/clitest.rg000001/providers/Microsoft.Web/sites/functionappacrtest000004/config/slotConfigNames?api-version=2019-08-01
  response:
    body:
      string: '{"id":null,"name":"functionappacrtest000004","type":"Microsoft.Web/sites","location":"East
        US","properties":{"connectionStringNames":null,"appSettingNames":null,"azureStorageConfigNames":null}}'
    headers:
      cache-control:
      - no-cache
      content-length:
      - '193'
      content-type:
      - application/json
      date:
      - Mon, 22 Feb 2021 10:18:25 GMT
      expires:
      - '-1'
      pragma:
      - no-cache
      server:
      - Microsoft-IIS/10.0
      strict-transport-security:
      - max-age=31536000; includeSubDomains
      transfer-encoding:
      - chunked
      vary:
      - Accept-Encoding
      x-aspnet-version:
      - 4.0.30319
      x-content-type-options:
      - nosniff
      x-powered-by:
      - ASP.NET
    status:
      code: 200
      message: OK
- request:
    body: null
    headers:
      Accept:
      - application/json
      Accept-Encoding:
      - gzip, deflate
      CommandName:
      - functionapp config container set
      Connection:
      - keep-alive
      ParameterSetName:
      - -g -n --docker-custom-image-name --docker-registry-server-url
      User-Agent:
      - python/3.7.7 (Windows-10-10.0.19041-SP0) msrest/0.6.18 msrest_azure/0.6.3
        azure-mgmt-web/0.48.0 Azure-SDK-For-Python AZURECLI/2.19.1
      accept-language:
      - en-US
    method: GET
    uri: https://management.azure.com/subscriptions/00000000-0000-0000-0000-000000000000/resourceGroups/clitest.rg000001/providers/Microsoft.Web/sites/functionappacrtest000004?api-version=2019-08-01
  response:
    body:
      string: '{"id":"/subscriptions/00000000-0000-0000-0000-000000000000/resourceGroups/clitest.rg000001/providers/Microsoft.Web/sites/functionappacrtest000004","name":"functionappacrtest000004","type":"Microsoft.Web/sites","kind":"functionapp,linux","location":"East
        US","properties":{"name":"functionappacrtest000004","state":"Running","hostNames":["functionappacrtest000004.azurewebsites.net"],"webSpace":"clitest.rg000001-EastUSwebspace","selfLink":"https://waws-prod-blu-197.api.azurewebsites.windows.net:454/subscriptions/00000000-0000-0000-0000-000000000000/webspaces/clitest.rg000001-EastUSwebspace/sites/functionappacrtest000004","repositorySiteName":"functionappacrtest000004","owner":null,"usageState":"Normal","enabled":true,"adminEnabled":true,"enabledHostNames":["functionappacrtest000004.azurewebsites.net","functionappacrtest000004.scm.azurewebsites.net"],"siteProperties":{"metadata":null,"properties":[{"name":"LinuxFxVersion","value":"Node|10"},{"name":"WindowsFxVersion","value":null}],"appSettings":null},"availabilityState":"Normal","sslCertificates":null,"csrs":[],"cers":null,"siteMode":null,"hostNameSslStates":[{"name":"functionappacrtest000004.azurewebsites.net","sslState":"Disabled","ipBasedSslResult":null,"virtualIP":null,"thumbprint":null,"toUpdate":null,"toUpdateIpBasedSsl":null,"ipBasedSslState":"NotConfigured","hostType":"Standard"},{"name":"functionappacrtest000004.scm.azurewebsites.net","sslState":"Disabled","ipBasedSslResult":null,"virtualIP":null,"thumbprint":null,"toUpdate":null,"toUpdateIpBasedSsl":null,"ipBasedSslState":"NotConfigured","hostType":"Repository"}],"computeMode":null,"serverFarm":null,"serverFarmId":"/subscriptions/00000000-0000-0000-0000-000000000000/resourceGroups/clitest.rg000001/providers/Microsoft.Web/serverfarms/acrtestplanfunction000003","reserved":true,"isXenon":false,"hyperV":false,"lastModifiedTimeUtc":"2021-02-22T10:18:24.5666667","storageRecoveryDefaultState":"Running","contentAvailabilityState":"Normal","runtimeAvailabilityState":"Normal","siteConfig":{"numberOfWorkers":null,"defaultDocuments":null,"netFrameworkVersion":null,"phpVersion":null,"pythonVersion":null,"nodeVersion":null,"powerShellVersion":null,"linuxFxVersion":null,"windowsFxVersion":null,"requestTracingEnabled":null,"remoteDebuggingEnabled":null,"remoteDebuggingVersion":null,"httpLoggingEnabled":null,"azureMonitorLogCategories":null,"acrUseManagedIdentityCreds":false,"acrUserManagedIdentityID":null,"logsDirectorySizeLimit":null,"detailedErrorLoggingEnabled":null,"publishingUsername":null,"publishingPassword":null,"appSettings":null,"azureStorageAccounts":null,"metadata":null,"connectionStrings":null,"machineKey":null,"handlerMappings":null,"documentRoot":null,"scmType":null,"use32BitWorkerProcess":null,"webSocketsEnabled":null,"alwaysOn":null,"javaVersion":null,"javaContainer":null,"javaContainerVersion":null,"appCommandLine":null,"managedPipelineMode":null,"virtualApplications":null,"winAuthAdminState":null,"winAuthTenantState":null,"customAppPoolIdentityAdminState":null,"customAppPoolIdentityTenantState":null,"runtimeADUser":null,"runtimeADUserPassword":null,"loadBalancing":null,"routingRules":null,"experiments":null,"limits":null,"autoHealEnabled":null,"autoHealRules":null,"tracingOptions":null,"vnetName":null,"vnetRouteAllEnabled":null,"vnetPrivatePortsCount":null,"cors":null,"push":null,"apiDefinition":null,"apiManagementConfig":null,"autoSwapSlotName":null,"localMySqlEnabled":null,"managedServiceIdentityId":null,"xManagedServiceIdentityId":null,"ipSecurityRestrictions":null,"scmIpSecurityRestrictions":null,"scmIpSecurityRestrictionsUseMain":null,"http20Enabled":null,"minTlsVersion":null,"scmMinTlsVersion":null,"ftpsState":null,"preWarmedInstanceCount":null,"functionAppScaleLimit":null,"healthCheckPath":null,"fileChangeAuditEnabled":null,"functionsRuntimeScaleMonitoringEnabled":null,"websiteTimeZone":null,"minimumElasticInstanceCount":0},"deploymentId":"functionappacrtest000004","trafficManagerHostNames":null,"sku":"Standard","scmSiteAlsoStopped":false,"targetSwapSlot":null,"hostingEnvironment":null,"hostingEnvironmentProfile":null,"clientAffinityEnabled":false,"clientCertEnabled":false,"clientCertMode":"Required","clientCertExclusionPaths":null,"hostNamesDisabled":false,"domainVerificationIdentifiers":null,"customDomainVerificationId":"253001F2FCF5A7B1CD759EB861E9BB1596370BE27E47A991F72184277B3D12F2","kind":"functionapp,linux","inboundIpAddress":"20.49.104.8","possibleInboundIpAddresses":"20.49.104.8","ftpUsername":"functionappacrtest000004\\$functionappacrtest000004","ftpsHostName":"ftps://waws-prod-blu-197.ftp.azurewebsites.windows.net/site/wwwroot","outboundIpAddresses":"52.191.102.28,52.191.102.155,52.191.102.233,52.191.103.216,52.191.96.255,52.224.128.162","possibleOutboundIpAddresses":"52.191.102.28,52.191.102.155,52.191.102.233,52.191.103.216,52.191.96.255,52.224.128.162,52.224.129.5,52.224.129.35,52.224.129.250,52.224.130.74,52.224.130.227,52.224.131.218,52.190.44.200,52.190.45.17,52.190.45.31,52.190.45.66,52.190.46.42,52.190.46.122","containerSize":0,"dailyMemoryTimeQuota":0,"suspendedTill":null,"siteDisabledReason":0,"functionExecutionUnitsCache":null,"maxNumberOfWorkers":null,"homeStamp":"waws-prod-blu-197","cloningInfo":null,"hostingEnvironmentId":null,"tags":null,"resourceGroup":"clitest.rg000001","defaultHostName":"functionappacrtest000004.azurewebsites.net","slotSwapStatus":null,"httpsOnly":false,"redundancyMode":"None","inProgressOperationId":null,"geoDistributions":null,"privateEndpointConnections":[],"buildVersion":null,"targetBuildVersion":null,"migrationState":null,"eligibleLogCategories":"FunctionAppLogs","storageAccountRequired":false}}'
    headers:
      cache-control:
      - no-cache
      content-length:
      - '5961'
      content-type:
      - application/json
      date:
      - Mon, 22 Feb 2021 10:18:26 GMT
      etag:
      - '"1D709040DBC0F6B"'
      expires:
      - '-1'
      pragma:
      - no-cache
      server:
      - Microsoft-IIS/10.0
      strict-transport-security:
      - max-age=31536000; includeSubDomains
      transfer-encoding:
      - chunked
      vary:
      - Accept-Encoding
      x-aspnet-version:
      - 4.0.30319
      x-content-type-options:
      - nosniff
      x-powered-by:
      - ASP.NET
    status:
      code: 200
      message: OK
- request:
    body: null
    headers:
      Accept:
      - application/json
      Accept-Encoding:
      - gzip, deflate
      CommandName:
      - functionapp config container set
      Connection:
      - keep-alive
      ParameterSetName:
      - -g -n --docker-custom-image-name --docker-registry-server-url
      User-Agent:
      - python/3.7.7 (Windows-10-10.0.19041-SP0) msrest/0.6.18 msrest_azure/0.6.3
        azure-mgmt-web/0.48.0 Azure-SDK-For-Python AZURECLI/2.19.1
      accept-language:
      - en-US
    method: GET
    uri: https://management.azure.com/subscriptions/00000000-0000-0000-0000-000000000000/resourceGroups/clitest.rg000001/providers/Microsoft.Web/sites/functionappacrtest000004/config/web?api-version=2019-08-01
  response:
    body:
      string: '{"id":"/subscriptions/00000000-0000-0000-0000-000000000000/resourceGroups/clitest.rg000001/providers/Microsoft.Web/sites/functionappacrtest000004/config/web","name":"functionappacrtest000004","type":"Microsoft.Web/sites/config","location":"East
        US","properties":{"numberOfWorkers":1,"defaultDocuments":["Default.htm","Default.html","Default.asp","index.htm","index.html","iisstart.htm","default.aspx","index.php"],"netFrameworkVersion":"v4.0","phpVersion":"","pythonVersion":"","nodeVersion":"","powerShellVersion":"","linuxFxVersion":"Node|10","windowsFxVersion":null,"requestTracingEnabled":false,"remoteDebuggingEnabled":false,"remoteDebuggingVersion":null,"httpLoggingEnabled":false,"azureMonitorLogCategories":null,"acrUseManagedIdentityCreds":false,"acrUserManagedIdentityID":null,"logsDirectorySizeLimit":35,"detailedErrorLoggingEnabled":false,"publishingUsername":"$functionappacrtest000004","publishingPassword":null,"appSettings":null,"azureStorageAccounts":{},"metadata":null,"connectionStrings":null,"machineKey":null,"handlerMappings":null,"documentRoot":null,"scmType":"None","use32BitWorkerProcess":false,"webSocketsEnabled":false,"alwaysOn":true,"javaVersion":null,"javaContainer":null,"javaContainerVersion":null,"appCommandLine":"","managedPipelineMode":"Integrated","virtualApplications":[{"virtualPath":"/","physicalPath":"site\\wwwroot","preloadEnabled":true,"virtualDirectories":null}],"winAuthAdminState":0,"winAuthTenantState":0,"customAppPoolIdentityAdminState":false,"customAppPoolIdentityTenantState":false,"runtimeADUser":null,"runtimeADUserPassword":null,"loadBalancing":"LeastRequests","routingRules":[],"experiments":{"rampUpRules":[]},"limits":null,"autoHealEnabled":false,"autoHealRules":null,"tracingOptions":null,"vnetName":"","vnetRouteAllEnabled":false,"vnetPrivatePortsCount":0,"siteAuthEnabled":false,"siteAuthSettings":{"enabled":null,"configVersion":null,"unauthenticatedClientAction":null,"tokenStoreEnabled":null,"allowedExternalRedirectUrls":null,"defaultProvider":null,"clientId":null,"clientSecret":null,"clientSecretSettingName":null,"clientSecretCertificateThumbprint":null,"issuer":null,"allowedAudiences":null,"additionalLoginParams":null,"isAadAutoProvisioned":false,"aadClaimsAuthorization":null,"googleClientId":null,"googleClientSecret":null,"googleClientSecretSettingName":null,"googleOAuthScopes":null,"facebookAppId":null,"facebookAppSecret":null,"facebookAppSecretSettingName":null,"facebookOAuthScopes":null,"gitHubClientId":null,"gitHubClientSecret":null,"gitHubClientSecretSettingName":null,"gitHubOAuthScopes":null,"twitterConsumerKey":null,"twitterConsumerSecret":null,"twitterConsumerSecretSettingName":null,"microsoftAccountClientId":null,"microsoftAccountClientSecret":null,"microsoftAccountClientSecretSettingName":null,"microsoftAccountOAuthScopes":null},"cors":{"allowedOrigins":["https://functions.azure.com","https://functions-staging.azure.com","https://functions-next.azure.com"],"supportCredentials":false},"push":null,"apiDefinition":null,"apiManagementConfig":null,"autoSwapSlotName":null,"localMySqlEnabled":false,"managedServiceIdentityId":null,"xManagedServiceIdentityId":null,"ipSecurityRestrictions":[{"ipAddress":"Any","action":"Allow","priority":1,"name":"Allow
        all","description":"Allow all access"}],"scmIpSecurityRestrictions":[{"ipAddress":"Any","action":"Allow","priority":1,"name":"Allow
        all","description":"Allow all access"}],"scmIpSecurityRestrictionsUseMain":false,"http20Enabled":true,"minTlsVersion":"1.2","scmMinTlsVersion":"1.0","ftpsState":"AllAllowed","preWarmedInstanceCount":0,"functionAppScaleLimit":0,"healthCheckPath":null,"fileChangeAuditEnabled":false,"functionsRuntimeScaleMonitoringEnabled":false,"websiteTimeZone":null,"minimumElasticInstanceCount":0}}'
    headers:
      cache-control:
      - no-cache
      content-length:
      - '3820'
      content-type:
      - application/json
      date:
      - Mon, 22 Feb 2021 10:18:27 GMT
      expires:
      - '-1'
      pragma:
      - no-cache
      server:
      - Microsoft-IIS/10.0
      strict-transport-security:
      - max-age=31536000; includeSubDomains
      transfer-encoding:
      - chunked
      vary:
      - Accept-Encoding
      x-aspnet-version:
      - 4.0.30319
      x-content-type-options:
      - nosniff
      x-powered-by:
      - ASP.NET
    status:
      code: 200
      message: OK
- request:
    body: null
    headers:
      Accept:
      - application/json
      Accept-Encoding:
      - gzip, deflate
      CommandName:
      - functionapp config container set
      Connection:
      - keep-alive
      Content-Length:
      - '0'
      ParameterSetName:
      - -g -n --docker-custom-image-name --docker-registry-server-url
      User-Agent:
      - python/3.7.7 (Windows-10-10.0.19041-SP0) msrest/0.6.18 msrest_azure/0.6.3
        azure-mgmt-web/0.48.0 Azure-SDK-For-Python AZURECLI/2.19.1
      accept-language:
      - en-US
    method: POST
    uri: https://management.azure.com/subscriptions/00000000-0000-0000-0000-000000000000/resourceGroups/clitest.rg000001/providers/Microsoft.Web/sites/functionappacrtest000004/config/appsettings/list?api-version=2019-08-01
  response:
    body:
      string: '{"id":"/subscriptions/00000000-0000-0000-0000-000000000000/resourceGroups/clitest.rg000001/providers/Microsoft.Web/sites/functionappacrtest000004/config/appsettings","name":"appsettings","type":"Microsoft.Web/sites/config","location":"East
        US","properties":{"MACHINEKEY_DecryptionKey":"5866F2977153A66B32C440BA76C1B7C67D3648E28443C33F3CE6C659493BB570","WEBSITES_ENABLE_APP_SERVICE_STORAGE":"true","FUNCTIONS_WORKER_RUNTIME":"node","FUNCTIONS_EXTENSION_VERSION":"~2","AzureWebJobsStorage":"DefaultEndpointsProtocol=https;EndpointSuffix=core.windows.net;AccountName=clitest000002;AccountKey=veryFakedStorageAccountKey==","APPINSIGHTS_INSTRUMENTATIONKEY":"8fd2004e-4a8c-4803-bda0-aafc1e72bd71","DOCKER_REGISTRY_SERVER_URL":"https://functionappacrtest000004.azurecr.io","DOCKER_REGISTRY_SERVER_USERNAME":"functionappacrtest000004","DOCKER_REGISTRY_SERVER_PASSWORD":"DWe4QLRCbw4XrN7c0yvWOOxR5aj3W=Qy"}}'
    headers:
      cache-control:
      - no-cache
      content-length:
      - '1027'
      content-type:
      - application/json
      date:
      - Mon, 22 Feb 2021 10:18:28 GMT
      expires:
      - '-1'
      pragma:
      - no-cache
      server:
      - Microsoft-IIS/10.0
      strict-transport-security:
      - max-age=31536000; includeSubDomains
      transfer-encoding:
      - chunked
      vary:
      - Accept-Encoding
      x-aspnet-version:
      - 4.0.30319
      x-content-type-options:
      - nosniff
      x-ms-ratelimit-remaining-subscription-resource-requests:
      - '11998'
      x-powered-by:
      - ASP.NET
    status:
      code: 200
      message: OK
- request:
    body: '{"kind": "<class ''str''>", "properties": {"MACHINEKEY_DecryptionKey":
      "5866F2977153A66B32C440BA76C1B7C67D3648E28443C33F3CE6C659493BB570", "WEBSITES_ENABLE_APP_SERVICE_STORAGE":
      "false", "FUNCTIONS_WORKER_RUNTIME": "node", "FUNCTIONS_EXTENSION_VERSION":
      "~2", "AzureWebJobsStorage": "DefaultEndpointsProtocol=https;EndpointSuffix=core.windows.net;AccountName=clitest000002;AccountKey=veryFakedStorageAccountKey==",
      "APPINSIGHTS_INSTRUMENTATIONKEY": "8fd2004e-4a8c-4803-bda0-aafc1e72bd71", "DOCKER_REGISTRY_SERVER_URL":
      "https://functionappacrtest000004.azurecr.io", "DOCKER_REGISTRY_SERVER_USERNAME":
      "functionappacrtest000004", "DOCKER_REGISTRY_SERVER_PASSWORD": "DWe4QLRCbw4XrN7c0yvWOOxR5aj3W=Qy"}}'
    headers:
      Accept:
      - application/json
      Accept-Encoding:
      - gzip, deflate
      CommandName:
      - functionapp config container set
      Connection:
      - keep-alive
      Content-Length:
      - '769'
      Content-Type:
      - application/json; charset=utf-8
      ParameterSetName:
      - -g -n --docker-custom-image-name --docker-registry-server-url
      User-Agent:
      - python/3.7.7 (Windows-10-10.0.19041-SP0) msrest/0.6.18 msrest_azure/0.6.3
        azure-mgmt-web/0.48.0 Azure-SDK-For-Python AZURECLI/2.19.1
      accept-language:
      - en-US
    method: PUT
    uri: https://management.azure.com/subscriptions/00000000-0000-0000-0000-000000000000/resourceGroups/clitest.rg000001/providers/Microsoft.Web/sites/functionappacrtest000004/config/appsettings?api-version=2019-08-01
  response:
    body:
      string: '{"id":"/subscriptions/00000000-0000-0000-0000-000000000000/resourceGroups/clitest.rg000001/providers/Microsoft.Web/sites/functionappacrtest000004/config/appsettings","name":"appsettings","type":"Microsoft.Web/sites/config","location":"East
        US","properties":{"MACHINEKEY_DecryptionKey":"5866F2977153A66B32C440BA76C1B7C67D3648E28443C33F3CE6C659493BB570","WEBSITES_ENABLE_APP_SERVICE_STORAGE":"false","FUNCTIONS_WORKER_RUNTIME":"node","FUNCTIONS_EXTENSION_VERSION":"~2","AzureWebJobsStorage":"DefaultEndpointsProtocol=https;EndpointSuffix=core.windows.net;AccountName=clitest000002;AccountKey=veryFakedStorageAccountKey==","APPINSIGHTS_INSTRUMENTATIONKEY":"8fd2004e-4a8c-4803-bda0-aafc1e72bd71","DOCKER_REGISTRY_SERVER_URL":"https://functionappacrtest000004.azurecr.io","DOCKER_REGISTRY_SERVER_USERNAME":"functionappacrtest000004","DOCKER_REGISTRY_SERVER_PASSWORD":"DWe4QLRCbw4XrN7c0yvWOOxR5aj3W=Qy"}}'
    headers:
      cache-control:
      - no-cache
      content-length:
      - '1028'
      content-type:
      - application/json
      date:
      - Mon, 22 Feb 2021 10:18:29 GMT
      etag:
      - '"1D7090410A42E35"'
      expires:
      - '-1'
      pragma:
      - no-cache
      server:
      - Microsoft-IIS/10.0
      strict-transport-security:
      - max-age=31536000; includeSubDomains
      transfer-encoding:
      - chunked
      vary:
      - Accept-Encoding
      x-aspnet-version:
      - 4.0.30319
      x-content-type-options:
      - nosniff
      x-ms-ratelimit-remaining-subscription-writes:
      - '1197'
      x-powered-by:
      - ASP.NET
    status:
      code: 200
      message: OK
- request:
    body: '{"properties": {"numberOfWorkers": 1, "defaultDocuments": ["Default.htm",
      "Default.html", "Default.asp", "index.htm", "index.html", "iisstart.htm", "default.aspx",
      "index.php"], "netFrameworkVersion": "v4.0", "phpVersion": "", "pythonVersion":
      "", "nodeVersion": "", "powerShellVersion": "", "linuxFxVersion": "DOCKER|functionappacrtest000004.azurecr.io/image-name:latest",
      "requestTracingEnabled": false, "remoteDebuggingEnabled": false, "httpLoggingEnabled":
      false, "acrUseManagedIdentityCreds": false, "logsDirectorySizeLimit": 35, "detailedErrorLoggingEnabled":
      false, "publishingUsername": "$functionappacrtest000004", "scmType": "None",
      "use32BitWorkerProcess": false, "webSocketsEnabled": false, "alwaysOn": true,
      "appCommandLine": "", "managedPipelineMode": "Integrated", "virtualApplications":
      [{"virtualPath": "/", "physicalPath": "site\\wwwroot", "preloadEnabled": true}],
      "loadBalancing": "LeastRequests", "experiments": {"rampUpRules": []}, "autoHealEnabled":
      false, "vnetName": "", "cors": {"allowedOrigins": ["https://functions.azure.com",
      "https://functions-staging.azure.com", "https://functions-next.azure.com"],
      "supportCredentials": false}, "localMySqlEnabled": false, "scmIpSecurityRestrictions":
      [{"ipAddress": "Any", "action": "Allow", "priority": 1, "name": "Allow all",
      "description": "Allow all access"}], "scmIpSecurityRestrictionsUseMain": false,
      "http20Enabled": true, "minTlsVersion": "1.2", "ftpsState": "AllAllowed", "preWarmedInstanceCount":
      0}}'
    headers:
      Accept:
      - application/json
      Accept-Encoding:
      - gzip, deflate
      CommandName:
      - functionapp config container set
      Connection:
      - keep-alive
      Content-Length:
      - '1478'
      Content-Type:
      - application/json; charset=utf-8
      ParameterSetName:
      - -g -n --docker-custom-image-name --docker-registry-server-url
      User-Agent:
      - python/3.7.7 (Windows-10-10.0.19041-SP0) msrest/0.6.18 msrest_azure/0.6.3
        azure-mgmt-web/0.48.0 Azure-SDK-For-Python AZURECLI/2.19.1
      accept-language:
      - en-US
    method: PATCH
    uri: https://management.azure.com/subscriptions/00000000-0000-0000-0000-000000000000/resourceGroups/clitest.rg000001/providers/Microsoft.Web/sites/functionappacrtest000004/config/web?api-version=2019-08-01
  response:
    body:
      string: '{"id":"/subscriptions/00000000-0000-0000-0000-000000000000/resourceGroups/clitest.rg000001/providers/Microsoft.Web/sites/functionappacrtest000004","name":"functionappacrtest000004","type":"Microsoft.Web/sites","location":"East
        US","properties":{"numberOfWorkers":1,"defaultDocuments":["Default.htm","Default.html","Default.asp","index.htm","index.html","iisstart.htm","default.aspx","index.php"],"netFrameworkVersion":"v4.0","phpVersion":"","pythonVersion":"","nodeVersion":"","powerShellVersion":"","linuxFxVersion":"DOCKER|functionappacrtest000004.azurecr.io/image-name:latest","windowsFxVersion":null,"requestTracingEnabled":false,"remoteDebuggingEnabled":false,"remoteDebuggingVersion":"VS2019","httpLoggingEnabled":false,"azureMonitorLogCategories":null,"acrUseManagedIdentityCreds":false,"acrUserManagedIdentityID":null,"logsDirectorySizeLimit":35,"detailedErrorLoggingEnabled":false,"publishingUsername":"$functionappacrtest000004","publishingPassword":null,"appSettings":null,"azureStorageAccounts":{},"metadata":null,"connectionStrings":null,"machineKey":null,"handlerMappings":null,"documentRoot":null,"scmType":"None","use32BitWorkerProcess":false,"webSocketsEnabled":false,"alwaysOn":true,"javaVersion":null,"javaContainer":null,"javaContainerVersion":null,"appCommandLine":"","managedPipelineMode":"Integrated","virtualApplications":[{"virtualPath":"/","physicalPath":"site\\wwwroot","preloadEnabled":true,"virtualDirectories":null}],"winAuthAdminState":0,"winAuthTenantState":0,"customAppPoolIdentityAdminState":false,"customAppPoolIdentityTenantState":false,"runtimeADUser":null,"runtimeADUserPassword":null,"loadBalancing":"LeastRequests","routingRules":[],"experiments":{"rampUpRules":[]},"limits":null,"autoHealEnabled":false,"autoHealRules":null,"tracingOptions":null,"vnetName":"","vnetRouteAllEnabled":false,"vnetPrivatePortsCount":0,"siteAuthEnabled":false,"siteAuthSettings":{"enabled":null,"configVersion":null,"unauthenticatedClientAction":null,"tokenStoreEnabled":null,"allowedExternalRedirectUrls":null,"defaultProvider":null,"clientId":null,"clientSecret":null,"clientSecretSettingName":null,"clientSecretCertificateThumbprint":null,"issuer":null,"allowedAudiences":null,"additionalLoginParams":null,"isAadAutoProvisioned":false,"aadClaimsAuthorization":null,"googleClientId":null,"googleClientSecret":null,"googleClientSecretSettingName":null,"googleOAuthScopes":null,"facebookAppId":null,"facebookAppSecret":null,"facebookAppSecretSettingName":null,"facebookOAuthScopes":null,"gitHubClientId":null,"gitHubClientSecret":null,"gitHubClientSecretSettingName":null,"gitHubOAuthScopes":null,"twitterConsumerKey":null,"twitterConsumerSecret":null,"twitterConsumerSecretSettingName":null,"microsoftAccountClientId":null,"microsoftAccountClientSecret":null,"microsoftAccountClientSecretSettingName":null,"microsoftAccountOAuthScopes":null},"cors":{"allowedOrigins":["https://functions.azure.com","https://functions-staging.azure.com","https://functions-next.azure.com"],"supportCredentials":false},"push":null,"apiDefinition":null,"apiManagementConfig":null,"autoSwapSlotName":null,"localMySqlEnabled":false,"managedServiceIdentityId":null,"xManagedServiceIdentityId":null,"ipSecurityRestrictions":[{"ipAddress":"Any","action":"Allow","priority":1,"name":"Allow
        all","description":"Allow all access"}],"scmIpSecurityRestrictions":[{"ipAddress":"Any","action":"Allow","priority":1,"name":"Allow
        all","description":"Allow all access"}],"scmIpSecurityRestrictionsUseMain":false,"http20Enabled":true,"minTlsVersion":"1.2","scmMinTlsVersion":"1.0","ftpsState":"AllAllowed","preWarmedInstanceCount":0,"functionAppScaleLimit":0,"healthCheckPath":null,"fileChangeAuditEnabled":false,"functionsRuntimeScaleMonitoringEnabled":false,"websiteTimeZone":null,"minimumElasticInstanceCount":0}}'
    headers:
      cache-control:
      - no-cache
      content-length:
      - '3859'
      content-type:
      - application/json
      date:
      - Mon, 22 Feb 2021 10:18:32 GMT
      etag:
      - '"1D7090410A42E35"'
      expires:
      - '-1'
      pragma:
      - no-cache
      server:
      - Microsoft-IIS/10.0
      strict-transport-security:
      - max-age=31536000; includeSubDomains
      transfer-encoding:
      - chunked
      vary:
      - Accept-Encoding
      x-aspnet-version:
      - 4.0.30319
      x-content-type-options:
      - nosniff
      x-ms-ratelimit-remaining-subscription-writes:
      - '1194'
      x-powered-by:
      - ASP.NET
    status:
      code: 200
      message: OK
- request:
    body: null
    headers:
      Accept:
      - application/json
      Accept-Encoding:
      - gzip, deflate
      CommandName:
      - functionapp config container set
      Connection:
      - keep-alive
      ParameterSetName:
      - -g -n --docker-custom-image-name --docker-registry-server-url
      User-Agent:
      - python/3.7.7 (Windows-10-10.0.19041-SP0) msrest/0.6.18 msrest_azure/0.6.3
        azure-mgmt-web/0.48.0 Azure-SDK-For-Python AZURECLI/2.19.1
      accept-language:
      - en-US
    method: GET
    uri: https://management.azure.com/subscriptions/00000000-0000-0000-0000-000000000000/resourceGroups/clitest.rg000001/providers/Microsoft.Web/sites/functionappacrtest000004/config/web?api-version=2019-08-01
  response:
    body:
      string: '{"id":"/subscriptions/00000000-0000-0000-0000-000000000000/resourceGroups/clitest.rg000001/providers/Microsoft.Web/sites/functionappacrtest000004/config/web","name":"functionappacrtest000004","type":"Microsoft.Web/sites/config","location":"East
        US","properties":{"numberOfWorkers":1,"defaultDocuments":["Default.htm","Default.html","Default.asp","index.htm","index.html","iisstart.htm","default.aspx","index.php"],"netFrameworkVersion":"v4.0","phpVersion":"","pythonVersion":"","nodeVersion":"","powerShellVersion":"","linuxFxVersion":"DOCKER|functionappacrtest000004.azurecr.io/image-name:latest","windowsFxVersion":null,"requestTracingEnabled":false,"remoteDebuggingEnabled":false,"remoteDebuggingVersion":"VS2019","httpLoggingEnabled":false,"azureMonitorLogCategories":null,"acrUseManagedIdentityCreds":false,"acrUserManagedIdentityID":null,"logsDirectorySizeLimit":35,"detailedErrorLoggingEnabled":false,"publishingUsername":"$functionappacrtest000004","publishingPassword":null,"appSettings":null,"azureStorageAccounts":{},"metadata":null,"connectionStrings":null,"machineKey":null,"handlerMappings":null,"documentRoot":null,"scmType":"None","use32BitWorkerProcess":false,"webSocketsEnabled":false,"alwaysOn":true,"javaVersion":null,"javaContainer":null,"javaContainerVersion":null,"appCommandLine":"","managedPipelineMode":"Integrated","virtualApplications":[{"virtualPath":"/","physicalPath":"site\\wwwroot","preloadEnabled":true,"virtualDirectories":null}],"winAuthAdminState":0,"winAuthTenantState":0,"customAppPoolIdentityAdminState":false,"customAppPoolIdentityTenantState":false,"runtimeADUser":null,"runtimeADUserPassword":null,"loadBalancing":"LeastRequests","routingRules":[],"experiments":{"rampUpRules":[]},"limits":null,"autoHealEnabled":false,"autoHealRules":null,"tracingOptions":null,"vnetName":"","vnetRouteAllEnabled":false,"vnetPrivatePortsCount":0,"siteAuthEnabled":false,"siteAuthSettings":{"enabled":null,"configVersion":null,"unauthenticatedClientAction":null,"tokenStoreEnabled":null,"allowedExternalRedirectUrls":null,"defaultProvider":null,"clientId":null,"clientSecret":null,"clientSecretSettingName":null,"clientSecretCertificateThumbprint":null,"issuer":null,"allowedAudiences":null,"additionalLoginParams":null,"isAadAutoProvisioned":false,"aadClaimsAuthorization":null,"googleClientId":null,"googleClientSecret":null,"googleClientSecretSettingName":null,"googleOAuthScopes":null,"facebookAppId":null,"facebookAppSecret":null,"facebookAppSecretSettingName":null,"facebookOAuthScopes":null,"gitHubClientId":null,"gitHubClientSecret":null,"gitHubClientSecretSettingName":null,"gitHubOAuthScopes":null,"twitterConsumerKey":null,"twitterConsumerSecret":null,"twitterConsumerSecretSettingName":null,"microsoftAccountClientId":null,"microsoftAccountClientSecret":null,"microsoftAccountClientSecretSettingName":null,"microsoftAccountOAuthScopes":null},"cors":{"allowedOrigins":["https://functions.azure.com","https://functions-staging.azure.com","https://functions-next.azure.com"],"supportCredentials":false},"push":null,"apiDefinition":null,"apiManagementConfig":null,"autoSwapSlotName":null,"localMySqlEnabled":false,"managedServiceIdentityId":null,"xManagedServiceIdentityId":null,"ipSecurityRestrictions":[{"ipAddress":"Any","action":"Allow","priority":1,"name":"Allow
        all","description":"Allow all access"}],"scmIpSecurityRestrictions":[{"ipAddress":"Any","action":"Allow","priority":1,"name":"Allow
        all","description":"Allow all access"}],"scmIpSecurityRestrictionsUseMain":false,"http20Enabled":true,"minTlsVersion":"1.2","scmMinTlsVersion":"1.0","ftpsState":"AllAllowed","preWarmedInstanceCount":0,"functionAppScaleLimit":0,"healthCheckPath":null,"fileChangeAuditEnabled":false,"functionsRuntimeScaleMonitoringEnabled":false,"websiteTimeZone":null,"minimumElasticInstanceCount":0}}'
    headers:
      cache-control:
      - no-cache
      content-length:
      - '3877'
      content-type:
      - application/json
      date:
      - Mon, 22 Feb 2021 10:18:33 GMT
      expires:
      - '-1'
      pragma:
      - no-cache
      server:
      - Microsoft-IIS/10.0
      strict-transport-security:
      - max-age=31536000; includeSubDomains
      transfer-encoding:
      - chunked
      vary:
      - Accept-Encoding
      x-aspnet-version:
      - 4.0.30319
      x-content-type-options:
      - nosniff
      x-powered-by:
      - ASP.NET
    status:
      code: 200
      message: OK
- request:
    body: null
    headers:
      Accept:
      - application/json
      Accept-Encoding:
      - gzip, deflate
      CommandName:
      - functionapp config container show
      Connection:
      - keep-alive
      Content-Length:
      - '0'
      ParameterSetName:
      - -g -n
      User-Agent:
      - python/3.7.7 (Windows-10-10.0.19041-SP0) msrest/0.6.18 msrest_azure/0.6.3
        azure-mgmt-web/0.48.0 Azure-SDK-For-Python AZURECLI/2.19.1
      accept-language:
      - en-US
    method: POST
    uri: https://management.azure.com/subscriptions/00000000-0000-0000-0000-000000000000/resourceGroups/clitest.rg000001/providers/Microsoft.Web/sites/functionappacrtest000004/config/appsettings/list?api-version=2019-08-01
  response:
    body:
      string: '{"id":"/subscriptions/00000000-0000-0000-0000-000000000000/resourceGroups/clitest.rg000001/providers/Microsoft.Web/sites/functionappacrtest000004/config/appsettings","name":"appsettings","type":"Microsoft.Web/sites/config","location":"East
        US","properties":{"MACHINEKEY_DecryptionKey":"5866F2977153A66B32C440BA76C1B7C67D3648E28443C33F3CE6C659493BB570","WEBSITES_ENABLE_APP_SERVICE_STORAGE":"false","FUNCTIONS_WORKER_RUNTIME":"node","FUNCTIONS_EXTENSION_VERSION":"~2","AzureWebJobsStorage":"DefaultEndpointsProtocol=https;EndpointSuffix=core.windows.net;AccountName=clitest000002;AccountKey=veryFakedStorageAccountKey==","APPINSIGHTS_INSTRUMENTATIONKEY":"8fd2004e-4a8c-4803-bda0-aafc1e72bd71","DOCKER_REGISTRY_SERVER_URL":"https://functionappacrtest000004.azurecr.io","DOCKER_REGISTRY_SERVER_USERNAME":"functionappacrtest000004","DOCKER_REGISTRY_SERVER_PASSWORD":"DWe4QLRCbw4XrN7c0yvWOOxR5aj3W=Qy"}}'
    headers:
      cache-control:
      - no-cache
      content-length:
      - '1028'
      content-type:
      - application/json
      date:
      - Mon, 22 Feb 2021 10:18:34 GMT
      expires:
      - '-1'
      pragma:
      - no-cache
      server:
      - Microsoft-IIS/10.0
      strict-transport-security:
      - max-age=31536000; includeSubDomains
      transfer-encoding:
      - chunked
      vary:
      - Accept-Encoding
      x-aspnet-version:
      - 4.0.30319
      x-content-type-options:
      - nosniff
      x-ms-ratelimit-remaining-subscription-resource-requests:
      - '11997'
      x-powered-by:
      - ASP.NET
    status:
      code: 200
      message: OK
- request:
    body: null
    headers:
      Accept:
      - application/json
      Accept-Encoding:
      - gzip, deflate
      CommandName:
      - functionapp config container show
      Connection:
      - keep-alive
      ParameterSetName:
      - -g -n
      User-Agent:
      - python/3.7.7 (Windows-10-10.0.19041-SP0) msrest/0.6.18 msrest_azure/0.6.3
        azure-mgmt-web/0.48.0 Azure-SDK-For-Python AZURECLI/2.19.1
      accept-language:
      - en-US
    method: GET
    uri: https://management.azure.com/subscriptions/00000000-0000-0000-0000-000000000000/resourceGroups/clitest.rg000001/providers/Microsoft.Web/sites/functionappacrtest000004/config/slotConfigNames?api-version=2019-08-01
  response:
    body:
      string: '{"id":null,"name":"functionappacrtest000004","type":"Microsoft.Web/sites","location":"East
        US","properties":{"connectionStringNames":null,"appSettingNames":null,"azureStorageConfigNames":null}}'
    headers:
      cache-control:
      - no-cache
      content-length:
      - '193'
      content-type:
      - application/json
      date:
      - Mon, 22 Feb 2021 10:18:35 GMT
      expires:
      - '-1'
      pragma:
      - no-cache
      server:
      - Microsoft-IIS/10.0
      strict-transport-security:
      - max-age=31536000; includeSubDomains
      transfer-encoding:
      - chunked
      vary:
      - Accept-Encoding
      x-aspnet-version:
      - 4.0.30319
      x-content-type-options:
      - nosniff
      x-powered-by:
      - ASP.NET
    status:
      code: 200
      message: OK
- request:
    body: null
    headers:
      Accept:
      - application/json
      Accept-Encoding:
      - gzip, deflate
      CommandName:
      - functionapp config container show
      Connection:
      - keep-alive
      ParameterSetName:
      - -g -n
      User-Agent:
      - python/3.7.7 (Windows-10-10.0.19041-SP0) msrest/0.6.18 msrest_azure/0.6.3
        azure-mgmt-web/0.48.0 Azure-SDK-For-Python AZURECLI/2.19.1
      accept-language:
      - en-US
    method: GET
    uri: https://management.azure.com/subscriptions/00000000-0000-0000-0000-000000000000/resourceGroups/clitest.rg000001/providers/Microsoft.Web/sites/functionappacrtest000004/config/web?api-version=2019-08-01
  response:
    body:
      string: '{"id":"/subscriptions/00000000-0000-0000-0000-000000000000/resourceGroups/clitest.rg000001/providers/Microsoft.Web/sites/functionappacrtest000004/config/web","name":"functionappacrtest000004","type":"Microsoft.Web/sites/config","location":"East
        US","properties":{"numberOfWorkers":1,"defaultDocuments":["Default.htm","Default.html","Default.asp","index.htm","index.html","iisstart.htm","default.aspx","index.php"],"netFrameworkVersion":"v4.0","phpVersion":"","pythonVersion":"","nodeVersion":"","powerShellVersion":"","linuxFxVersion":"DOCKER|functionappacrtest000004.azurecr.io/image-name:latest","windowsFxVersion":null,"requestTracingEnabled":false,"remoteDebuggingEnabled":false,"remoteDebuggingVersion":"VS2019","httpLoggingEnabled":false,"azureMonitorLogCategories":null,"acrUseManagedIdentityCreds":false,"acrUserManagedIdentityID":null,"logsDirectorySizeLimit":35,"detailedErrorLoggingEnabled":false,"publishingUsername":"$functionappacrtest000004","publishingPassword":null,"appSettings":null,"azureStorageAccounts":{},"metadata":null,"connectionStrings":null,"machineKey":null,"handlerMappings":null,"documentRoot":null,"scmType":"None","use32BitWorkerProcess":false,"webSocketsEnabled":false,"alwaysOn":true,"javaVersion":null,"javaContainer":null,"javaContainerVersion":null,"appCommandLine":"","managedPipelineMode":"Integrated","virtualApplications":[{"virtualPath":"/","physicalPath":"site\\wwwroot","preloadEnabled":true,"virtualDirectories":null}],"winAuthAdminState":0,"winAuthTenantState":0,"customAppPoolIdentityAdminState":false,"customAppPoolIdentityTenantState":false,"runtimeADUser":null,"runtimeADUserPassword":null,"loadBalancing":"LeastRequests","routingRules":[],"experiments":{"rampUpRules":[]},"limits":null,"autoHealEnabled":false,"autoHealRules":null,"tracingOptions":null,"vnetName":"","vnetRouteAllEnabled":false,"vnetPrivatePortsCount":0,"siteAuthEnabled":false,"siteAuthSettings":{"enabled":null,"configVersion":null,"unauthenticatedClientAction":null,"tokenStoreEnabled":null,"allowedExternalRedirectUrls":null,"defaultProvider":null,"clientId":null,"clientSecret":null,"clientSecretSettingName":null,"clientSecretCertificateThumbprint":null,"issuer":null,"allowedAudiences":null,"additionalLoginParams":null,"isAadAutoProvisioned":false,"aadClaimsAuthorization":null,"googleClientId":null,"googleClientSecret":null,"googleClientSecretSettingName":null,"googleOAuthScopes":null,"facebookAppId":null,"facebookAppSecret":null,"facebookAppSecretSettingName":null,"facebookOAuthScopes":null,"gitHubClientId":null,"gitHubClientSecret":null,"gitHubClientSecretSettingName":null,"gitHubOAuthScopes":null,"twitterConsumerKey":null,"twitterConsumerSecret":null,"twitterConsumerSecretSettingName":null,"microsoftAccountClientId":null,"microsoftAccountClientSecret":null,"microsoftAccountClientSecretSettingName":null,"microsoftAccountOAuthScopes":null},"cors":{"allowedOrigins":["https://functions.azure.com","https://functions-staging.azure.com","https://functions-next.azure.com"],"supportCredentials":false},"push":null,"apiDefinition":null,"apiManagementConfig":null,"autoSwapSlotName":null,"localMySqlEnabled":false,"managedServiceIdentityId":null,"xManagedServiceIdentityId":null,"ipSecurityRestrictions":[{"ipAddress":"Any","action":"Allow","priority":1,"name":"Allow
        all","description":"Allow all access"}],"scmIpSecurityRestrictions":[{"ipAddress":"Any","action":"Allow","priority":1,"name":"Allow
        all","description":"Allow all access"}],"scmIpSecurityRestrictionsUseMain":false,"http20Enabled":true,"minTlsVersion":"1.2","scmMinTlsVersion":"1.0","ftpsState":"AllAllowed","preWarmedInstanceCount":0,"functionAppScaleLimit":0,"healthCheckPath":null,"fileChangeAuditEnabled":false,"functionsRuntimeScaleMonitoringEnabled":false,"websiteTimeZone":null,"minimumElasticInstanceCount":0}}'
    headers:
      cache-control:
      - no-cache
      content-length:
      - '3877'
      content-type:
      - application/json
      date:
      - Mon, 22 Feb 2021 10:18:36 GMT
      expires:
      - '-1'
      pragma:
      - no-cache
      server:
      - Microsoft-IIS/10.0
      strict-transport-security:
      - max-age=31536000; includeSubDomains
      transfer-encoding:
      - chunked
      vary:
      - Accept-Encoding
      x-aspnet-version:
      - 4.0.30319
      x-content-type-options:
      - nosniff
      x-powered-by:
      - ASP.NET
    status:
      code: 200
      message: OK
- request:
    body: null
    headers:
      Accept:
      - application/json
      Accept-Encoding:
      - gzip, deflate
      CommandName:
      - functionapp config appsettings list
      Connection:
      - keep-alive
      Content-Length:
      - '0'
      ParameterSetName:
      - -g -n
      User-Agent:
      - python/3.7.7 (Windows-10-10.0.19041-SP0) msrest/0.6.18 msrest_azure/0.6.3
        azure-mgmt-web/0.48.0 Azure-SDK-For-Python AZURECLI/2.19.1
      accept-language:
      - en-US
    method: POST
    uri: https://management.azure.com/subscriptions/00000000-0000-0000-0000-000000000000/resourceGroups/clitest.rg000001/providers/Microsoft.Web/sites/functionappacrtest000004/config/appsettings/list?api-version=2019-08-01
  response:
    body:
      string: '{"id":"/subscriptions/00000000-0000-0000-0000-000000000000/resourceGroups/clitest.rg000001/providers/Microsoft.Web/sites/functionappacrtest000004/config/appsettings","name":"appsettings","type":"Microsoft.Web/sites/config","location":"East
        US","properties":{"MACHINEKEY_DecryptionKey":"5866F2977153A66B32C440BA76C1B7C67D3648E28443C33F3CE6C659493BB570","WEBSITES_ENABLE_APP_SERVICE_STORAGE":"false","FUNCTIONS_WORKER_RUNTIME":"node","FUNCTIONS_EXTENSION_VERSION":"~2","AzureWebJobsStorage":"DefaultEndpointsProtocol=https;EndpointSuffix=core.windows.net;AccountName=clitest000002;AccountKey=veryFakedStorageAccountKey==","APPINSIGHTS_INSTRUMENTATIONKEY":"8fd2004e-4a8c-4803-bda0-aafc1e72bd71","DOCKER_REGISTRY_SERVER_URL":"https://functionappacrtest000004.azurecr.io","DOCKER_REGISTRY_SERVER_USERNAME":"functionappacrtest000004","DOCKER_REGISTRY_SERVER_PASSWORD":"DWe4QLRCbw4XrN7c0yvWOOxR5aj3W=Qy"}}'
    headers:
      cache-control:
      - no-cache
      content-length:
      - '1028'
      content-type:
      - application/json
      date:
      - Mon, 22 Feb 2021 10:18:37 GMT
      expires:
      - '-1'
      pragma:
      - no-cache
      server:
      - Microsoft-IIS/10.0
      strict-transport-security:
      - max-age=31536000; includeSubDomains
      transfer-encoding:
      - chunked
      vary:
      - Accept-Encoding
      x-aspnet-version:
      - 4.0.30319
      x-content-type-options:
      - nosniff
      x-ms-ratelimit-remaining-subscription-resource-requests:
      - '11999'
      x-powered-by:
      - ASP.NET
    status:
      code: 200
      message: OK
- request:
    body: null
    headers:
      Accept:
      - application/json
      Accept-Encoding:
      - gzip, deflate
      CommandName:
      - functionapp config appsettings list
      Connection:
      - keep-alive
      ParameterSetName:
      - -g -n
      User-Agent:
      - python/3.7.7 (Windows-10-10.0.19041-SP0) msrest/0.6.18 msrest_azure/0.6.3
        azure-mgmt-web/0.48.0 Azure-SDK-For-Python AZURECLI/2.19.1
      accept-language:
      - en-US
    method: GET
    uri: https://management.azure.com/subscriptions/00000000-0000-0000-0000-000000000000/resourceGroups/clitest.rg000001/providers/Microsoft.Web/sites/functionappacrtest000004/config/slotConfigNames?api-version=2019-08-01
  response:
    body:
      string: '{"id":null,"name":"functionappacrtest000004","type":"Microsoft.Web/sites","location":"East
        US","properties":{"connectionStringNames":null,"appSettingNames":null,"azureStorageConfigNames":null}}'
    headers:
      cache-control:
      - no-cache
      content-length:
      - '193'
      content-type:
      - application/json
      date:
      - Mon, 22 Feb 2021 10:18:38 GMT
      expires:
      - '-1'
      pragma:
      - no-cache
      server:
      - Microsoft-IIS/10.0
      strict-transport-security:
      - max-age=31536000; includeSubDomains
      transfer-encoding:
      - chunked
      vary:
      - Accept-Encoding
      x-aspnet-version:
      - 4.0.30319
      x-content-type-options:
      - nosniff
      x-powered-by:
      - ASP.NET
    status:
      code: 200
      message: OK
- request:
    body: null
    headers:
      Accept:
      - application/json
      Accept-Encoding:
      - gzip, deflate
      CommandName:
      - functionapp config container delete
      Connection:
      - keep-alive
      ParameterSetName:
      - -g -n
      User-Agent:
      - python/3.7.7 (Windows-10-10.0.19041-SP0) msrest/0.6.18 msrest_azure/0.6.3
        azure-mgmt-web/0.48.0 Azure-SDK-For-Python AZURECLI/2.19.1
      accept-language:
      - en-US
    method: GET
    uri: https://management.azure.com/subscriptions/00000000-0000-0000-0000-000000000000/resourceGroups/clitest.rg000001/providers/Microsoft.Web/sites/functionappacrtest000004/config/web?api-version=2019-08-01
  response:
    body:
      string: '{"id":"/subscriptions/00000000-0000-0000-0000-000000000000/resourceGroups/clitest.rg000001/providers/Microsoft.Web/sites/functionappacrtest000004/config/web","name":"functionappacrtest000004","type":"Microsoft.Web/sites/config","location":"East
        US","properties":{"numberOfWorkers":1,"defaultDocuments":["Default.htm","Default.html","Default.asp","index.htm","index.html","iisstart.htm","default.aspx","index.php"],"netFrameworkVersion":"v4.0","phpVersion":"","pythonVersion":"","nodeVersion":"","powerShellVersion":"","linuxFxVersion":"DOCKER|functionappacrtest000004.azurecr.io/image-name:latest","windowsFxVersion":null,"requestTracingEnabled":false,"remoteDebuggingEnabled":false,"remoteDebuggingVersion":"VS2019","httpLoggingEnabled":false,"azureMonitorLogCategories":null,"acrUseManagedIdentityCreds":false,"acrUserManagedIdentityID":null,"logsDirectorySizeLimit":35,"detailedErrorLoggingEnabled":false,"publishingUsername":"$functionappacrtest000004","publishingPassword":null,"appSettings":null,"azureStorageAccounts":{},"metadata":null,"connectionStrings":null,"machineKey":null,"handlerMappings":null,"documentRoot":null,"scmType":"None","use32BitWorkerProcess":false,"webSocketsEnabled":false,"alwaysOn":true,"javaVersion":null,"javaContainer":null,"javaContainerVersion":null,"appCommandLine":"","managedPipelineMode":"Integrated","virtualApplications":[{"virtualPath":"/","physicalPath":"site\\wwwroot","preloadEnabled":true,"virtualDirectories":null}],"winAuthAdminState":0,"winAuthTenantState":0,"customAppPoolIdentityAdminState":false,"customAppPoolIdentityTenantState":false,"runtimeADUser":null,"runtimeADUserPassword":null,"loadBalancing":"LeastRequests","routingRules":[],"experiments":{"rampUpRules":[]},"limits":null,"autoHealEnabled":false,"autoHealRules":null,"tracingOptions":null,"vnetName":"","vnetRouteAllEnabled":false,"vnetPrivatePortsCount":0,"siteAuthEnabled":false,"siteAuthSettings":{"enabled":null,"configVersion":null,"unauthenticatedClientAction":null,"tokenStoreEnabled":null,"allowedExternalRedirectUrls":null,"defaultProvider":null,"clientId":null,"clientSecret":null,"clientSecretSettingName":null,"clientSecretCertificateThumbprint":null,"issuer":null,"allowedAudiences":null,"additionalLoginParams":null,"isAadAutoProvisioned":false,"aadClaimsAuthorization":null,"googleClientId":null,"googleClientSecret":null,"googleClientSecretSettingName":null,"googleOAuthScopes":null,"facebookAppId":null,"facebookAppSecret":null,"facebookAppSecretSettingName":null,"facebookOAuthScopes":null,"gitHubClientId":null,"gitHubClientSecret":null,"gitHubClientSecretSettingName":null,"gitHubOAuthScopes":null,"twitterConsumerKey":null,"twitterConsumerSecret":null,"twitterConsumerSecretSettingName":null,"microsoftAccountClientId":null,"microsoftAccountClientSecret":null,"microsoftAccountClientSecretSettingName":null,"microsoftAccountOAuthScopes":null},"cors":{"allowedOrigins":["https://functions.azure.com","https://functions-staging.azure.com","https://functions-next.azure.com"],"supportCredentials":false},"push":null,"apiDefinition":null,"apiManagementConfig":null,"autoSwapSlotName":null,"localMySqlEnabled":false,"managedServiceIdentityId":null,"xManagedServiceIdentityId":null,"ipSecurityRestrictions":[{"ipAddress":"Any","action":"Allow","priority":1,"name":"Allow
        all","description":"Allow all access"}],"scmIpSecurityRestrictions":[{"ipAddress":"Any","action":"Allow","priority":1,"name":"Allow
        all","description":"Allow all access"}],"scmIpSecurityRestrictionsUseMain":false,"http20Enabled":true,"minTlsVersion":"1.2","scmMinTlsVersion":"1.0","ftpsState":"AllAllowed","preWarmedInstanceCount":0,"functionAppScaleLimit":0,"healthCheckPath":null,"fileChangeAuditEnabled":false,"functionsRuntimeScaleMonitoringEnabled":false,"websiteTimeZone":null,"minimumElasticInstanceCount":0}}'
    headers:
      cache-control:
      - no-cache
      content-length:
      - '3877'
      content-type:
      - application/json
      date:
      - Mon, 22 Feb 2021 10:18:38 GMT
      expires:
      - '-1'
      pragma:
      - no-cache
      server:
      - Microsoft-IIS/10.0
      strict-transport-security:
      - max-age=31536000; includeSubDomains
      transfer-encoding:
      - chunked
      vary:
      - Accept-Encoding
      x-aspnet-version:
      - 4.0.30319
      x-content-type-options:
      - nosniff
      x-powered-by:
      - ASP.NET
    status:
      code: 200
      message: OK
- request:
    body: null
    headers:
      Accept:
      - application/json
      Accept-Encoding:
      - gzip, deflate
      CommandName:
      - functionapp config container delete
      Connection:
      - keep-alive
      Content-Length:
      - '0'
      ParameterSetName:
      - -g -n
      User-Agent:
      - python/3.7.7 (Windows-10-10.0.19041-SP0) msrest/0.6.18 msrest_azure/0.6.3
        azure-mgmt-web/0.48.0 Azure-SDK-For-Python AZURECLI/2.19.1
      accept-language:
      - en-US
    method: POST
    uri: https://management.azure.com/subscriptions/00000000-0000-0000-0000-000000000000/resourceGroups/clitest.rg000001/providers/Microsoft.Web/sites/functionappacrtest000004/config/appsettings/list?api-version=2019-08-01
  response:
    body:
      string: '{"id":"/subscriptions/00000000-0000-0000-0000-000000000000/resourceGroups/clitest.rg000001/providers/Microsoft.Web/sites/functionappacrtest000004/config/appsettings","name":"appsettings","type":"Microsoft.Web/sites/config","location":"East
        US","properties":{"MACHINEKEY_DecryptionKey":"5866F2977153A66B32C440BA76C1B7C67D3648E28443C33F3CE6C659493BB570","WEBSITES_ENABLE_APP_SERVICE_STORAGE":"false","FUNCTIONS_WORKER_RUNTIME":"node","FUNCTIONS_EXTENSION_VERSION":"~2","AzureWebJobsStorage":"DefaultEndpointsProtocol=https;EndpointSuffix=core.windows.net;AccountName=clitest000002;AccountKey=veryFakedStorageAccountKey==","APPINSIGHTS_INSTRUMENTATIONKEY":"8fd2004e-4a8c-4803-bda0-aafc1e72bd71","DOCKER_REGISTRY_SERVER_URL":"https://functionappacrtest000004.azurecr.io","DOCKER_REGISTRY_SERVER_USERNAME":"functionappacrtest000004","DOCKER_REGISTRY_SERVER_PASSWORD":"DWe4QLRCbw4XrN7c0yvWOOxR5aj3W=Qy"}}'
    headers:
      cache-control:
      - no-cache
      content-length:
      - '1028'
      content-type:
      - application/json
      date:
      - Mon, 22 Feb 2021 10:18:39 GMT
      expires:
      - '-1'
      pragma:
      - no-cache
      server:
      - Microsoft-IIS/10.0
      strict-transport-security:
      - max-age=31536000; includeSubDomains
      transfer-encoding:
      - chunked
      vary:
      - Accept-Encoding
      x-aspnet-version:
      - 4.0.30319
      x-content-type-options:
      - nosniff
      x-ms-ratelimit-remaining-subscription-resource-requests:
      - '11996'
      x-powered-by:
      - ASP.NET
    status:
      code: 200
      message: OK
- request:
    body: null
    headers:
      Accept:
      - application/json
      Accept-Encoding:
      - gzip, deflate
      CommandName:
      - functionapp config container delete
      Connection:
      - keep-alive
      ParameterSetName:
      - -g -n
      User-Agent:
      - python/3.7.7 (Windows-10-10.0.19041-SP0) msrest/0.6.18 msrest_azure/0.6.3
        azure-mgmt-web/0.48.0 Azure-SDK-For-Python AZURECLI/2.19.1
      accept-language:
      - en-US
    method: GET
    uri: https://management.azure.com/subscriptions/00000000-0000-0000-0000-000000000000/resourceGroups/clitest.rg000001/providers/Microsoft.Web/sites/functionappacrtest000004/config/slotConfigNames?api-version=2019-08-01
  response:
    body:
      string: '{"id":null,"name":"functionappacrtest000004","type":"Microsoft.Web/sites","location":"East
        US","properties":{"connectionStringNames":null,"appSettingNames":null,"azureStorageConfigNames":null}}'
    headers:
      cache-control:
      - no-cache
      content-length:
      - '193'
      content-type:
      - application/json
      date:
      - Mon, 22 Feb 2021 10:18:39 GMT
      expires:
      - '-1'
      pragma:
      - no-cache
      server:
      - Microsoft-IIS/10.0
      strict-transport-security:
      - max-age=31536000; includeSubDomains
      transfer-encoding:
      - chunked
      vary:
      - Accept-Encoding
      x-aspnet-version:
      - 4.0.30319
      x-content-type-options:
      - nosniff
      x-powered-by:
      - ASP.NET
    status:
      code: 200
      message: OK
- request:
    body: '{"kind": "<class ''str''>", "properties": {"MACHINEKEY_DecryptionKey":
      "5866F2977153A66B32C440BA76C1B7C67D3648E28443C33F3CE6C659493BB570", "FUNCTIONS_WORKER_RUNTIME":
      "node", "FUNCTIONS_EXTENSION_VERSION": "~2", "AzureWebJobsStorage": "DefaultEndpointsProtocol=https;EndpointSuffix=core.windows.net;AccountName=clitest000002;AccountKey=veryFakedStorageAccountKey==",
      "APPINSIGHTS_INSTRUMENTATIONKEY": "8fd2004e-4a8c-4803-bda0-aafc1e72bd71", "DOCKER_REGISTRY_SERVER_URL":
      "https://functionappacrtest000004.azurecr.io", "DOCKER_REGISTRY_SERVER_USERNAME":
      "functionappacrtest000004", "DOCKER_REGISTRY_SERVER_PASSWORD": "DWe4QLRCbw4XrN7c0yvWOOxR5aj3W=Qy"}}'
    headers:
      Accept:
      - application/json
      Accept-Encoding:
      - gzip, deflate
      CommandName:
      - functionapp config container delete
      Connection:
      - keep-alive
      Content-Length:
      - '721'
      Content-Type:
      - application/json; charset=utf-8
      ParameterSetName:
      - -g -n
      User-Agent:
      - python/3.7.7 (Windows-10-10.0.19041-SP0) msrest/0.6.18 msrest_azure/0.6.3
        azure-mgmt-web/0.48.0 Azure-SDK-For-Python AZURECLI/2.19.1
      accept-language:
      - en-US
    method: PUT
    uri: https://management.azure.com/subscriptions/00000000-0000-0000-0000-000000000000/resourceGroups/clitest.rg000001/providers/Microsoft.Web/sites/functionappacrtest000004/config/appsettings?api-version=2019-08-01
  response:
    body:
      string: '{"id":"/subscriptions/00000000-0000-0000-0000-000000000000/resourceGroups/clitest.rg000001/providers/Microsoft.Web/sites/functionappacrtest000004/config/appsettings","name":"appsettings","type":"Microsoft.Web/sites/config","location":"East
        US","properties":{"MACHINEKEY_DecryptionKey":"5866F2977153A66B32C440BA76C1B7C67D3648E28443C33F3CE6C659493BB570","FUNCTIONS_WORKER_RUNTIME":"node","FUNCTIONS_EXTENSION_VERSION":"~2","AzureWebJobsStorage":"DefaultEndpointsProtocol=https;EndpointSuffix=core.windows.net;AccountName=clitest000002;AccountKey=veryFakedStorageAccountKey==","APPINSIGHTS_INSTRUMENTATIONKEY":"8fd2004e-4a8c-4803-bda0-aafc1e72bd71","DOCKER_REGISTRY_SERVER_URL":"https://functionappacrtest000004.azurecr.io","DOCKER_REGISTRY_SERVER_USERNAME":"functionappacrtest000004","DOCKER_REGISTRY_SERVER_PASSWORD":"DWe4QLRCbw4XrN7c0yvWOOxR5aj3W=Qy"}}'
    headers:
      cache-control:
      - no-cache
      content-length:
      - '982'
      content-type:
      - application/json
      date:
      - Mon, 22 Feb 2021 10:18:40 GMT
      etag:
      - '"1D709041774C4CB"'
      expires:
      - '-1'
      pragma:
      - no-cache
      server:
      - Microsoft-IIS/10.0
      strict-transport-security:
      - max-age=31536000; includeSubDomains
      transfer-encoding:
      - chunked
      vary:
      - Accept-Encoding
      x-aspnet-version:
      - 4.0.30319
      x-content-type-options:
      - nosniff
      x-ms-ratelimit-remaining-subscription-writes:
      - '1192'
      x-powered-by:
      - ASP.NET
    status:
      code: 200
      message: OK
- request:
    body: '{"properties": {"numberOfWorkers": 1, "defaultDocuments": ["Default.htm",
      "Default.html", "Default.asp", "index.htm", "index.html", "iisstart.htm", "default.aspx",
      "index.php"], "netFrameworkVersion": "v4.0", "phpVersion": "", "pythonVersion":
      "", "nodeVersion": "", "powerShellVersion": "", "linuxFxVersion": " ", "requestTracingEnabled":
      false, "remoteDebuggingEnabled": false, "remoteDebuggingVersion": "VS2019",
      "httpLoggingEnabled": false, "acrUseManagedIdentityCreds": false, "logsDirectorySizeLimit":
      35, "detailedErrorLoggingEnabled": false, "publishingUsername": "$functionappacrtest000004",
      "scmType": "None", "use32BitWorkerProcess": false, "webSocketsEnabled": false,
      "alwaysOn": true, "appCommandLine": "", "managedPipelineMode": "Integrated",
      "virtualApplications": [{"virtualPath": "/", "physicalPath": "site\\wwwroot",
      "preloadEnabled": true}], "loadBalancing": "LeastRequests", "experiments": {"rampUpRules":
      []}, "autoHealEnabled": false, "vnetName": "", "cors": {"allowedOrigins": ["https://functions.azure.com",
      "https://functions-staging.azure.com", "https://functions-next.azure.com"],
      "supportCredentials": false}, "localMySqlEnabled": false, "scmIpSecurityRestrictions":
      [{"ipAddress": "Any", "action": "Allow", "priority": 1, "name": "Allow all",
      "description": "Allow all access"}], "scmIpSecurityRestrictionsUseMain": false,
      "http20Enabled": true, "minTlsVersion": "1.2", "ftpsState": "AllAllowed", "preWarmedInstanceCount":
      0}}'
    headers:
      Accept:
      - application/json
      Accept-Encoding:
      - gzip, deflate
      CommandName:
      - functionapp config container delete
      Connection:
      - keep-alive
      Content-Length:
      - '1455'
      Content-Type:
      - application/json; charset=utf-8
      ParameterSetName:
      - -g -n
      User-Agent:
      - python/3.7.7 (Windows-10-10.0.19041-SP0) msrest/0.6.18 msrest_azure/0.6.3
        azure-mgmt-web/0.48.0 Azure-SDK-For-Python AZURECLI/2.19.1
      accept-language:
      - en-US
    method: PATCH
    uri: https://management.azure.com/subscriptions/00000000-0000-0000-0000-000000000000/resourceGroups/clitest.rg000001/providers/Microsoft.Web/sites/functionappacrtest000004/config/web?api-version=2019-08-01
  response:
    body:
      string: '{"id":"/subscriptions/00000000-0000-0000-0000-000000000000/resourceGroups/clitest.rg000001/providers/Microsoft.Web/sites/functionappacrtest000004","name":"functionappacrtest000004","type":"Microsoft.Web/sites","location":"East
        US","properties":{"numberOfWorkers":1,"defaultDocuments":["Default.htm","Default.html","Default.asp","index.htm","index.html","iisstart.htm","default.aspx","index.php"],"netFrameworkVersion":"v4.0","phpVersion":"","pythonVersion":"","nodeVersion":"","powerShellVersion":"","linuxFxVersion":"
        ","windowsFxVersion":null,"requestTracingEnabled":false,"remoteDebuggingEnabled":false,"remoteDebuggingVersion":"VS2019","httpLoggingEnabled":false,"azureMonitorLogCategories":null,"acrUseManagedIdentityCreds":false,"acrUserManagedIdentityID":null,"logsDirectorySizeLimit":35,"detailedErrorLoggingEnabled":false,"publishingUsername":"$functionappacrtest000004","publishingPassword":null,"appSettings":null,"azureStorageAccounts":{},"metadata":null,"connectionStrings":null,"machineKey":null,"handlerMappings":null,"documentRoot":null,"scmType":"None","use32BitWorkerProcess":false,"webSocketsEnabled":false,"alwaysOn":true,"javaVersion":null,"javaContainer":null,"javaContainerVersion":null,"appCommandLine":"","managedPipelineMode":"Integrated","virtualApplications":[{"virtualPath":"/","physicalPath":"site\\wwwroot","preloadEnabled":true,"virtualDirectories":null}],"winAuthAdminState":0,"winAuthTenantState":0,"customAppPoolIdentityAdminState":false,"customAppPoolIdentityTenantState":false,"runtimeADUser":null,"runtimeADUserPassword":null,"loadBalancing":"LeastRequests","routingRules":[],"experiments":{"rampUpRules":[]},"limits":null,"autoHealEnabled":false,"autoHealRules":null,"tracingOptions":null,"vnetName":"","vnetRouteAllEnabled":false,"vnetPrivatePortsCount":0,"siteAuthEnabled":false,"siteAuthSettings":{"enabled":null,"configVersion":null,"unauthenticatedClientAction":null,"tokenStoreEnabled":null,"allowedExternalRedirectUrls":null,"defaultProvider":null,"clientId":null,"clientSecret":null,"clientSecretSettingName":null,"clientSecretCertificateThumbprint":null,"issuer":null,"allowedAudiences":null,"additionalLoginParams":null,"isAadAutoProvisioned":false,"aadClaimsAuthorization":null,"googleClientId":null,"googleClientSecret":null,"googleClientSecretSettingName":null,"googleOAuthScopes":null,"facebookAppId":null,"facebookAppSecret":null,"facebookAppSecretSettingName":null,"facebookOAuthScopes":null,"gitHubClientId":null,"gitHubClientSecret":null,"gitHubClientSecretSettingName":null,"gitHubOAuthScopes":null,"twitterConsumerKey":null,"twitterConsumerSecret":null,"twitterConsumerSecretSettingName":null,"microsoftAccountClientId":null,"microsoftAccountClientSecret":null,"microsoftAccountClientSecretSettingName":null,"microsoftAccountOAuthScopes":null},"cors":{"allowedOrigins":["https://functions.azure.com","https://functions-staging.azure.com","https://functions-next.azure.com"],"supportCredentials":false},"push":null,"apiDefinition":null,"apiManagementConfig":null,"autoSwapSlotName":null,"localMySqlEnabled":false,"managedServiceIdentityId":null,"xManagedServiceIdentityId":null,"ipSecurityRestrictions":[{"ipAddress":"Any","action":"Allow","priority":1,"name":"Allow
        all","description":"Allow all access"}],"scmIpSecurityRestrictions":[{"ipAddress":"Any","action":"Allow","priority":1,"name":"Allow
        all","description":"Allow all access"}],"scmIpSecurityRestrictionsUseMain":false,"http20Enabled":true,"minTlsVersion":"1.2","scmMinTlsVersion":"1.0","ftpsState":"AllAllowed","preWarmedInstanceCount":0,"functionAppScaleLimit":0,"healthCheckPath":null,"fileChangeAuditEnabled":false,"functionsRuntimeScaleMonitoringEnabled":false,"websiteTimeZone":null,"minimumElasticInstanceCount":0}}'
    headers:
      cache-control:
      - no-cache
      content-length:
      - '3800'
      content-type:
      - application/json
      date:
      - Mon, 22 Feb 2021 10:18:43 GMT
      etag:
      - '"1D709041774C4CB"'
      expires:
      - '-1'
      pragma:
      - no-cache
      server:
      - Microsoft-IIS/10.0
      strict-transport-security:
      - max-age=31536000; includeSubDomains
      transfer-encoding:
      - chunked
      vary:
      - Accept-Encoding
      x-aspnet-version:
      - 4.0.30319
      x-content-type-options:
      - nosniff
      x-ms-ratelimit-remaining-subscription-writes:
      - '1194'
      x-powered-by:
      - ASP.NET
    status:
      code: 200
      message: OK
- request:
    body: null
    headers:
      Accept:
      - application/json
      Accept-Encoding:
      - gzip, deflate
      CommandName:
      - functionapp config container delete
      Connection:
      - keep-alive
      Content-Length:
      - '0'
      ParameterSetName:
      - -g -n
      User-Agent:
      - python/3.7.7 (Windows-10-10.0.19041-SP0) msrest/0.6.18 msrest_azure/0.6.3
        azure-mgmt-web/0.48.0 Azure-SDK-For-Python AZURECLI/2.19.1
      accept-language:
      - en-US
    method: POST
    uri: https://management.azure.com/subscriptions/00000000-0000-0000-0000-000000000000/resourceGroups/clitest.rg000001/providers/Microsoft.Web/sites/functionappacrtest000004/config/appsettings/list?api-version=2019-08-01
  response:
    body:
      string: '{"id":"/subscriptions/00000000-0000-0000-0000-000000000000/resourceGroups/clitest.rg000001/providers/Microsoft.Web/sites/functionappacrtest000004/config/appsettings","name":"appsettings","type":"Microsoft.Web/sites/config","location":"East
        US","properties":{"MACHINEKEY_DecryptionKey":"5866F2977153A66B32C440BA76C1B7C67D3648E28443C33F3CE6C659493BB570","FUNCTIONS_WORKER_RUNTIME":"node","FUNCTIONS_EXTENSION_VERSION":"~2","AzureWebJobsStorage":"DefaultEndpointsProtocol=https;EndpointSuffix=core.windows.net;AccountName=clitest000002;AccountKey=veryFakedStorageAccountKey==","APPINSIGHTS_INSTRUMENTATIONKEY":"8fd2004e-4a8c-4803-bda0-aafc1e72bd71","DOCKER_REGISTRY_SERVER_URL":"https://functionappacrtest000004.azurecr.io","DOCKER_REGISTRY_SERVER_USERNAME":"functionappacrtest000004","DOCKER_REGISTRY_SERVER_PASSWORD":"DWe4QLRCbw4XrN7c0yvWOOxR5aj3W=Qy"}}'
    headers:
      cache-control:
      - no-cache
      content-length:
      - '982'
      content-type:
      - application/json
      date:
      - Mon, 22 Feb 2021 10:18:43 GMT
      expires:
      - '-1'
      pragma:
      - no-cache
      server:
      - Microsoft-IIS/10.0
      strict-transport-security:
      - max-age=31536000; includeSubDomains
      transfer-encoding:
      - chunked
      vary:
      - Accept-Encoding
      x-aspnet-version:
      - 4.0.30319
      x-content-type-options:
      - nosniff
      x-ms-ratelimit-remaining-subscription-resource-requests:
      - '11998'
      x-powered-by:
      - ASP.NET
    status:
      code: 200
      message: OK
- request:
    body: null
    headers:
      Accept:
      - application/json
      Accept-Encoding:
      - gzip, deflate
      CommandName:
      - functionapp config container delete
      Connection:
      - keep-alive
      ParameterSetName:
      - -g -n
      User-Agent:
      - python/3.7.7 (Windows-10-10.0.19041-SP0) msrest/0.6.18 msrest_azure/0.6.3
        azure-mgmt-web/0.48.0 Azure-SDK-For-Python AZURECLI/2.19.1
      accept-language:
      - en-US
    method: GET
    uri: https://management.azure.com/subscriptions/00000000-0000-0000-0000-000000000000/resourceGroups/clitest.rg000001/providers/Microsoft.Web/sites/functionappacrtest000004/config/slotConfigNames?api-version=2019-08-01
  response:
    body:
      string: '{"id":null,"name":"functionappacrtest000004","type":"Microsoft.Web/sites","location":"East
        US","properties":{"connectionStringNames":null,"appSettingNames":null,"azureStorageConfigNames":null}}'
    headers:
      cache-control:
      - no-cache
      content-length:
      - '193'
      content-type:
      - application/json
      date:
      - Mon, 22 Feb 2021 10:18:43 GMT
      expires:
      - '-1'
      pragma:
      - no-cache
      server:
      - Microsoft-IIS/10.0
      strict-transport-security:
      - max-age=31536000; includeSubDomains
      transfer-encoding:
      - chunked
      vary:
      - Accept-Encoding
      x-aspnet-version:
      - 4.0.30319
      x-content-type-options:
      - nosniff
      x-powered-by:
      - ASP.NET
    status:
      code: 200
      message: OK
- request:
    body: '{"kind": "<class ''str''>", "properties": {"MACHINEKEY_DecryptionKey":
      "5866F2977153A66B32C440BA76C1B7C67D3648E28443C33F3CE6C659493BB570", "FUNCTIONS_WORKER_RUNTIME":
      "node", "FUNCTIONS_EXTENSION_VERSION": "~2", "AzureWebJobsStorage": "DefaultEndpointsProtocol=https;EndpointSuffix=core.windows.net;AccountName=clitest000002;AccountKey=veryFakedStorageAccountKey==",
      "APPINSIGHTS_INSTRUMENTATIONKEY": "8fd2004e-4a8c-4803-bda0-aafc1e72bd71"}}'
    headers:
      Accept:
      - application/json
      Accept-Encoding:
      - gzip, deflate
      CommandName:
      - functionapp config container delete
      Connection:
      - keep-alive
      Content-Length:
      - '510'
      Content-Type:
      - application/json; charset=utf-8
      ParameterSetName:
      - -g -n
      User-Agent:
      - python/3.7.7 (Windows-10-10.0.19041-SP0) msrest/0.6.18 msrest_azure/0.6.3
        azure-mgmt-web/0.48.0 Azure-SDK-For-Python AZURECLI/2.19.1
      accept-language:
      - en-US
    method: PUT
    uri: https://management.azure.com/subscriptions/00000000-0000-0000-0000-000000000000/resourceGroups/clitest.rg000001/providers/Microsoft.Web/sites/functionappacrtest000004/config/appsettings?api-version=2019-08-01
  response:
    body:
      string: '{"id":"/subscriptions/00000000-0000-0000-0000-000000000000/resourceGroups/clitest.rg000001/providers/Microsoft.Web/sites/functionappacrtest000004/config/appsettings","name":"appsettings","type":"Microsoft.Web/sites/config","location":"East
        US","properties":{"MACHINEKEY_DecryptionKey":"5866F2977153A66B32C440BA76C1B7C67D3648E28443C33F3CE6C659493BB570","FUNCTIONS_WORKER_RUNTIME":"node","FUNCTIONS_EXTENSION_VERSION":"~2","AzureWebJobsStorage":"DefaultEndpointsProtocol=https;EndpointSuffix=core.windows.net;AccountName=clitest000002;AccountKey=veryFakedStorageAccountKey==","APPINSIGHTS_INSTRUMENTATIONKEY":"8fd2004e-4a8c-4803-bda0-aafc1e72bd71"}}'
    headers:
      cache-control:
      - no-cache
      content-length:
      - '777'
      content-type:
      - application/json
      date:
      - Mon, 22 Feb 2021 10:18:45 GMT
      etag:
      - '"1D7090419EAF4EB"'
      expires:
      - '-1'
      pragma:
      - no-cache
      server:
      - Microsoft-IIS/10.0
      strict-transport-security:
      - max-age=31536000; includeSubDomains
      transfer-encoding:
      - chunked
      vary:
      - Accept-Encoding
      x-aspnet-version:
      - 4.0.30319
      x-content-type-options:
      - nosniff
      x-ms-ratelimit-remaining-subscription-writes:
      - '1194'
      x-powered-by:
      - ASP.NET
    status:
      code: 200
      message: OK
- request:
    body: null
    headers:
      Accept:
      - application/json
      Accept-Encoding:
      - gzip, deflate
      CommandName:
      - functionapp config appsettings list
      Connection:
      - keep-alive
      Content-Length:
      - '0'
      ParameterSetName:
      - -g -n
      User-Agent:
      - python/3.7.7 (Windows-10-10.0.19041-SP0) msrest/0.6.18 msrest_azure/0.6.3
        azure-mgmt-web/0.48.0 Azure-SDK-For-Python AZURECLI/2.19.1
      accept-language:
      - en-US
    method: POST
    uri: https://management.azure.com/subscriptions/00000000-0000-0000-0000-000000000000/resourceGroups/clitest.rg000001/providers/Microsoft.Web/sites/functionappacrtest000004/config/appsettings/list?api-version=2019-08-01
  response:
    body:
      string: '{"id":"/subscriptions/00000000-0000-0000-0000-000000000000/resourceGroups/clitest.rg000001/providers/Microsoft.Web/sites/functionappacrtest000004/config/appsettings","name":"appsettings","type":"Microsoft.Web/sites/config","location":"East
        US","properties":{"MACHINEKEY_DecryptionKey":"5866F2977153A66B32C440BA76C1B7C67D3648E28443C33F3CE6C659493BB570","FUNCTIONS_WORKER_RUNTIME":"node","FUNCTIONS_EXTENSION_VERSION":"~2","AzureWebJobsStorage":"DefaultEndpointsProtocol=https;EndpointSuffix=core.windows.net;AccountName=clitest000002;AccountKey=veryFakedStorageAccountKey==","APPINSIGHTS_INSTRUMENTATIONKEY":"8fd2004e-4a8c-4803-bda0-aafc1e72bd71"}}'
    headers:
      cache-control:
      - no-cache
      content-length:
      - '777'
      content-type:
      - application/json
      date:
      - Mon, 22 Feb 2021 10:18:46 GMT
      expires:
      - '-1'
      pragma:
      - no-cache
      server:
      - Microsoft-IIS/10.0
      strict-transport-security:
      - max-age=31536000; includeSubDomains
      transfer-encoding:
      - chunked
      vary:
      - Accept-Encoding
      x-aspnet-version:
      - 4.0.30319
      x-content-type-options:
      - nosniff
      x-ms-ratelimit-remaining-subscription-resource-requests:
      - '11998'
      x-powered-by:
      - ASP.NET
    status:
      code: 200
      message: OK
- request:
    body: null
    headers:
      Accept:
      - application/json
      Accept-Encoding:
      - gzip, deflate
      CommandName:
      - functionapp config appsettings list
      Connection:
      - keep-alive
      ParameterSetName:
      - -g -n
      User-Agent:
      - python/3.7.7 (Windows-10-10.0.19041-SP0) msrest/0.6.18 msrest_azure/0.6.3
        azure-mgmt-web/0.48.0 Azure-SDK-For-Python AZURECLI/2.19.1
      accept-language:
      - en-US
    method: GET
    uri: https://management.azure.com/subscriptions/00000000-0000-0000-0000-000000000000/resourceGroups/clitest.rg000001/providers/Microsoft.Web/sites/functionappacrtest000004/config/slotConfigNames?api-version=2019-08-01
  response:
    body:
      string: '{"id":null,"name":"functionappacrtest000004","type":"Microsoft.Web/sites","location":"East
        US","properties":{"connectionStringNames":null,"appSettingNames":null,"azureStorageConfigNames":null}}'
    headers:
      cache-control:
      - no-cache
      content-length:
      - '193'
      content-type:
      - application/json
      date:
      - Mon, 22 Feb 2021 10:18:46 GMT
      expires:
      - '-1'
      pragma:
      - no-cache
      server:
      - Microsoft-IIS/10.0
      strict-transport-security:
      - max-age=31536000; includeSubDomains
      transfer-encoding:
      - chunked
      vary:
      - Accept-Encoding
      x-aspnet-version:
      - 4.0.30319
      x-content-type-options:
      - nosniff
      x-powered-by:
      - ASP.NET
    status:
      code: 200
      message: OK
- request:
    body: null
    headers:
      Accept:
      - application/json
      Accept-Encoding:
      - gzip, deflate
      CommandName:
      - functionapp delete
      Connection:
      - keep-alive
      Content-Length:
      - '0'
      ParameterSetName:
      - -g -n
      User-Agent:
      - python/3.7.7 (Windows-10-10.0.19041-SP0) msrest/0.6.18 msrest_azure/0.6.3
        azure-mgmt-web/0.48.0 Azure-SDK-For-Python AZURECLI/2.19.1
      accept-language:
      - en-US
    method: DELETE
    uri: https://management.azure.com/subscriptions/00000000-0000-0000-0000-000000000000/resourceGroups/clitest.rg000001/providers/Microsoft.Web/sites/functionappacrtest000004?api-version=2019-08-01
  response:
    body:
      string: ''
    headers:
      cache-control:
      - no-cache
      content-length:
      - '0'
      date:
      - Mon, 22 Feb 2021 10:18:56 GMT
      etag:
      - '"1D7090419EAF4EB"'
      expires:
      - '-1'
      pragma:
      - no-cache
      server:
      - Microsoft-IIS/10.0
      strict-transport-security:
      - max-age=31536000; includeSubDomains
      x-aspnet-version:
      - 4.0.30319
      x-content-type-options:
      - nosniff
      x-ms-ratelimit-remaining-subscription-deletes:
      - '14999'
      x-powered-by:
      - ASP.NET
    status:
      code: 200
      message: OK
version: 1
