interactions:
- request:
    body: null
    headers:
      Accept:
      - application/json
      Accept-Encoding:
      - gzip, deflate
      CommandName:
      - appservice plan create
      Connection:
      - keep-alive
      ParameterSetName:
      - -g -n --sku
      User-Agent:
      - python/3.8.2 (macOS-10.16-x86_64-i386-64bit) msrest/0.6.21 msrest_azure/0.6.3
        azure-mgmt-resource/12.0.0 Azure-SDK-For-Python AZURECLI/2.21.0
      accept-language:
      - en-US
    method: GET
    uri: https://management.azure.com/subscriptions/00000000-0000-0000-0000-000000000000/resourcegroups/cli_test_webapp_zipDeploy000001?api-version=2020-10-01
  response:
    body:
      string: '{"id":"/subscriptions/00000000-0000-0000-0000-000000000000/resourceGroups/cli_test_webapp_zipDeploy000001","name":"cli_test_webapp_zipDeploy000001","type":"Microsoft.Resources/resourceGroups","location":"japanwest","tags":{"product":"azurecli","cause":"automation","date":"2021-03-31T05:37:06Z"},"properties":{"provisioningState":"Succeeded"}}'
    headers:
      cache-control:
      - no-cache
      content-length:
      - '431'
      content-type:
      - application/json; charset=utf-8
      date:
      - Wed, 31 Mar 2021 05:37:09 GMT
      expires:
      - '-1'
      pragma:
      - no-cache
      strict-transport-security:
      - max-age=31536000; includeSubDomains
      vary:
      - Accept-Encoding
      x-content-type-options:
      - nosniff
    status:
      code: 200
      message: OK
- request:
    body: '{"name": "webapp-zipDeploy-plan000003", "type": "Microsoft.Web/serverfarms",
      "location": "japanwest", "properties": {"skuName": "S1", "capacity": 1}}'
    headers:
      Accept:
      - application/json
      Accept-Encoding:
      - gzip, deflate
      CommandName:
      - appservice plan create
      Connection:
      - keep-alive
      Content-Length:
      - '162'
      Content-Type:
      - application/json
      ParameterSetName:
      - -g -n --sku
      User-Agent:
      - AZURECLI/2.21.0 azsdk-python-azure-mgmt-web/2.0.0 Python/3.8.2 (macOS-10.16-x86_64-i386-64bit)
    method: POST
    uri: https://management.azure.com/subscriptions/00000000-0000-0000-0000-000000000000/resourceGroups/cli_test_webapp_zipDeploy000001/providers/Microsoft.Web/validate?api-version=2020-09-01
  response:
    body:
      string: '{"status":"Success","error":null}'
    headers:
      cache-control:
      - no-cache
      content-length:
      - '33'
      content-type:
      - application/json
      date:
      - Wed, 31 Mar 2021 05:37:10 GMT
      expires:
      - '-1'
      pragma:
      - no-cache
      server:
      - Microsoft-IIS/10.0
      strict-transport-security:
      - max-age=31536000; includeSubDomains
      transfer-encoding:
      - chunked
      vary:
      - Accept-Encoding
      x-aspnet-version:
      - 4.0.30319
      x-content-type-options:
      - nosniff
      x-ms-ratelimit-remaining-subscription-writes:
      - '1199'
      x-powered-by:
      - ASP.NET
    status:
      code: 200
      message: OK
- request:
    body: null
    headers:
      Accept:
      - application/json
      Accept-Encoding:
      - gzip, deflate
      CommandName:
      - appservice plan create
      Connection:
      - keep-alive
      ParameterSetName:
      - -g -n --sku
      User-Agent:
      - python/3.8.2 (macOS-10.16-x86_64-i386-64bit) msrest/0.6.21 msrest_azure/0.6.3
        azure-mgmt-resource/12.0.0 Azure-SDK-For-Python AZURECLI/2.21.0
      accept-language:
      - en-US
    method: GET
    uri: https://management.azure.com/subscriptions/00000000-0000-0000-0000-000000000000/resourcegroups/cli_test_webapp_zipDeploy000001?api-version=2020-10-01
  response:
    body:
      string: '{"id":"/subscriptions/00000000-0000-0000-0000-000000000000/resourceGroups/cli_test_webapp_zipDeploy000001","name":"cli_test_webapp_zipDeploy000001","type":"Microsoft.Resources/resourceGroups","location":"japanwest","tags":{"product":"azurecli","cause":"automation","date":"2021-03-31T05:37:06Z"},"properties":{"provisioningState":"Succeeded"}}'
    headers:
      cache-control:
      - no-cache
      content-length:
      - '431'
      content-type:
      - application/json; charset=utf-8
      date:
      - Wed, 31 Mar 2021 05:37:10 GMT
      expires:
      - '-1'
      pragma:
      - no-cache
      strict-transport-security:
      - max-age=31536000; includeSubDomains
      vary:
      - Accept-Encoding
      x-content-type-options:
      - nosniff
    status:
      code: 200
      message: OK
- request:
    body: '{"location": "japanwest", "sku": {"name": "S1", "tier": "STANDARD", "capacity":
      1}, "properties": {"perSiteScaling": false, "isXenon": false}}'
    headers:
      Accept:
      - application/json
      Accept-Encoding:
      - gzip, deflate
      CommandName:
      - appservice plan create
      Connection:
      - keep-alive
      Content-Length:
      - '142'
      Content-Type:
      - application/json
      ParameterSetName:
      - -g -n --sku
      User-Agent:
      - AZURECLI/2.21.0 azsdk-python-azure-mgmt-web/2.0.0 Python/3.8.2 (macOS-10.16-x86_64-i386-64bit)
    method: PUT
    uri: https://management.azure.com/subscriptions/00000000-0000-0000-0000-000000000000/resourceGroups/cli_test_webapp_zipDeploy000001/providers/Microsoft.Web/serverfarms/webapp-zipDeploy-plan000003?api-version=2020-09-01
  response:
    body:
      string: '{"id":"/subscriptions/00000000-0000-0000-0000-000000000000/resourceGroups/cli_test_webapp_zipDeploy000001/providers/Microsoft.Web/serverfarms/webapp-zipDeploy-plan000003","name":"webapp-zipDeploy-plan000003","type":"Microsoft.Web/serverfarms","kind":"app","location":"japanwest","properties":{"serverFarmId":22567,"name":"webapp-zipDeploy-plan000003","sku":{"name":"S1","tier":"Standard","size":"S1","family":"S","capacity":1},"workerSize":"Default","workerSizeId":0,"workerTierName":null,"numberOfWorkers":1,"currentWorkerSize":"Default","currentWorkerSizeId":0,"currentNumberOfWorkers":1,"status":"Ready","webSpace":"cli_test_webapp_zipDeploy000001-JapanWestwebspace","subscription":"e483435e-282d-4ac1-92b5-d6123f2aa360","adminSiteName":null,"hostingEnvironment":null,"hostingEnvironmentProfile":null,"maximumNumberOfWorkers":0,"planName":"VirtualDedicatedPlan","adminRuntimeSiteName":null,"computeMode":"Dedicated","siteMode":null,"geoRegion":"Japan
        West","perSiteScaling":false,"maximumElasticWorkerCount":1,"numberOfSites":0,"hostingEnvironmentId":null,"isSpot":false,"spotExpirationTime":null,"freeOfferExpirationTime":null,"tags":null,"kind":"app","resourceGroup":"cli_test_webapp_zipDeploy000001","reserved":false,"isXenon":false,"hyperV":false,"mdmId":"waws-prod-os1-013_22567","targetWorkerCount":0,"targetWorkerSizeId":0,"provisioningState":"Succeeded","webSiteId":null,"existingServerFarmIds":null,"kubeEnvironmentProfile":null,"azBalancing":false},"sku":{"name":"S1","tier":"Standard","size":"S1","family":"S","capacity":1}}'
    headers:
      cache-control:
      - no-cache
      content-length:
      - '1709'
      content-type:
      - application/json
      date:
      - Wed, 31 Mar 2021 05:37:26 GMT
      etag:
      - '"1D725EFECD8E08B"'
      expires:
      - '-1'
      pragma:
      - no-cache
      server:
      - Microsoft-IIS/10.0
      strict-transport-security:
      - max-age=31536000; includeSubDomains
      transfer-encoding:
      - chunked
      vary:
      - Accept-Encoding
      x-aspnet-version:
      - 4.0.30319
      x-content-type-options:
      - nosniff
      x-ms-ratelimit-remaining-subscription-writes:
      - '1198'
      x-powered-by:
      - ASP.NET
    status:
      code: 200
      message: OK
- request:
    body: null
    headers:
      Accept:
      - application/json
      Accept-Encoding:
      - gzip, deflate
      CommandName:
      - webapp create
      Connection:
      - keep-alive
      ParameterSetName:
      - -g -n --plan
      User-Agent:
      - AZURECLI/2.21.0 azsdk-python-azure-mgmt-web/2.0.0 Python/3.8.2 (macOS-10.16-x86_64-i386-64bit)
    method: GET
    uri: https://management.azure.com/subscriptions/00000000-0000-0000-0000-000000000000/resourceGroups/cli_test_webapp_zipDeploy000001/providers/Microsoft.Web/serverfarms/webapp-zipDeploy-plan000003?api-version=2020-09-01
  response:
    body:
      string: '{"id":"/subscriptions/00000000-0000-0000-0000-000000000000/resourceGroups/cli_test_webapp_zipDeploy000001/providers/Microsoft.Web/serverfarms/webapp-zipDeploy-plan000003","name":"webapp-zipDeploy-plan000003","type":"Microsoft.Web/serverfarms","kind":"app","location":"Japan
        West","properties":{"serverFarmId":22567,"name":"webapp-zipDeploy-plan000003","workerSize":"Default","workerSizeId":0,"workerTierName":null,"numberOfWorkers":1,"currentWorkerSize":"Default","currentWorkerSizeId":0,"currentNumberOfWorkers":1,"status":"Ready","webSpace":"cli_test_webapp_zipDeploy000001-JapanWestwebspace","subscription":"e483435e-282d-4ac1-92b5-d6123f2aa360","adminSiteName":null,"hostingEnvironment":null,"hostingEnvironmentProfile":null,"maximumNumberOfWorkers":10,"planName":"VirtualDedicatedPlan","adminRuntimeSiteName":null,"computeMode":"Dedicated","siteMode":null,"geoRegion":"Japan
        West","perSiteScaling":false,"maximumElasticWorkerCount":1,"numberOfSites":0,"hostingEnvironmentId":null,"isSpot":false,"spotExpirationTime":null,"freeOfferExpirationTime":null,"tags":null,"kind":"app","resourceGroup":"cli_test_webapp_zipDeploy000001","reserved":false,"isXenon":false,"hyperV":false,"mdmId":"waws-prod-os1-013_22567","targetWorkerCount":0,"targetWorkerSizeId":0,"provisioningState":"Succeeded","webSiteId":null,"existingServerFarmIds":null,"kubeEnvironmentProfile":null,"azBalancing":false},"sku":{"name":"S1","tier":"Standard","size":"S1","family":"S","capacity":1}}'
    headers:
      cache-control:
      - no-cache
      content-length:
      - '1635'
      content-type:
      - application/json
      date:
      - Wed, 31 Mar 2021 05:37:27 GMT
      expires:
      - '-1'
      pragma:
      - no-cache
      server:
      - Microsoft-IIS/10.0
      strict-transport-security:
      - max-age=31536000; includeSubDomains
      transfer-encoding:
      - chunked
      vary:
      - Accept-Encoding
      x-aspnet-version:
      - 4.0.30319
      x-content-type-options:
      - nosniff
      x-powered-by:
      - ASP.NET
    status:
      code: 200
      message: OK
- request:
    body: '{"name": "webapp-zipDeploy-test000002", "type": "Microsoft.Web/sites",
      "location": "Japan West", "properties": {"serverFarmId": "/subscriptions/00000000-0000-0000-0000-000000000000/resourceGroups/cli_test_webapp_zipDeploy000001/providers/Microsoft.Web/serverfarms/webapp-zipDeploy-plan000003"}}'
    headers:
      Accept:
      - application/json
      Accept-Encoding:
      - gzip, deflate
      CommandName:
      - webapp create
      Connection:
      - keep-alive
      Content-Length:
      - '364'
      Content-Type:
      - application/json
      ParameterSetName:
      - -g -n --plan
      User-Agent:
      - AZURECLI/2.21.0 azsdk-python-azure-mgmt-web/2.0.0 Python/3.8.2 (macOS-10.16-x86_64-i386-64bit)
    method: POST
    uri: https://management.azure.com/subscriptions/00000000-0000-0000-0000-000000000000/resourceGroups/cli_test_webapp_zipDeploy000001/providers/Microsoft.Web/validate?api-version=2020-09-01
  response:
    body:
      string: '{"status":"Success","error":null}'
    headers:
      cache-control:
      - no-cache
      content-length:
      - '33'
      content-type:
      - application/json
      date:
      - Wed, 31 Mar 2021 05:37:28 GMT
      expires:
      - '-1'
      pragma:
      - no-cache
      server:
      - Microsoft-IIS/10.0
      strict-transport-security:
      - max-age=31536000; includeSubDomains
      transfer-encoding:
      - chunked
      vary:
      - Accept-Encoding
      x-aspnet-version:
      - 4.0.30319
      x-content-type-options:
      - nosniff
      x-ms-ratelimit-remaining-subscription-writes:
      - '1199'
      x-powered-by:
      - ASP.NET
    status:
      code: 200
      message: OK
- request:
    body: null
    headers:
      Accept:
      - application/json
      Accept-Encoding:
      - gzip, deflate
      CommandName:
      - webapp create
      Connection:
      - keep-alive
      ParameterSetName:
      - -g -n --plan
      User-Agent:
      - AZURECLI/2.21.0 azsdk-python-azure-mgmt-web/2.0.0 Python/3.8.2 (macOS-10.16-x86_64-i386-64bit)
    method: GET
    uri: https://management.azure.com/subscriptions/00000000-0000-0000-0000-000000000000/resourceGroups/cli_test_webapp_zipDeploy000001/providers/Microsoft.Web/serverfarms/webapp-zipDeploy-plan000003?api-version=2020-09-01
  response:
    body:
      string: '{"id":"/subscriptions/00000000-0000-0000-0000-000000000000/resourceGroups/cli_test_webapp_zipDeploy000001/providers/Microsoft.Web/serverfarms/webapp-zipDeploy-plan000003","name":"webapp-zipDeploy-plan000003","type":"Microsoft.Web/serverfarms","kind":"app","location":"Japan
        West","properties":{"serverFarmId":22567,"name":"webapp-zipDeploy-plan000003","workerSize":"Default","workerSizeId":0,"workerTierName":null,"numberOfWorkers":1,"currentWorkerSize":"Default","currentWorkerSizeId":0,"currentNumberOfWorkers":1,"status":"Ready","webSpace":"cli_test_webapp_zipDeploy000001-JapanWestwebspace","subscription":"e483435e-282d-4ac1-92b5-d6123f2aa360","adminSiteName":null,"hostingEnvironment":null,"hostingEnvironmentProfile":null,"maximumNumberOfWorkers":10,"planName":"VirtualDedicatedPlan","adminRuntimeSiteName":null,"computeMode":"Dedicated","siteMode":null,"geoRegion":"Japan
        West","perSiteScaling":false,"maximumElasticWorkerCount":1,"numberOfSites":0,"hostingEnvironmentId":null,"isSpot":false,"spotExpirationTime":null,"freeOfferExpirationTime":null,"tags":null,"kind":"app","resourceGroup":"cli_test_webapp_zipDeploy000001","reserved":false,"isXenon":false,"hyperV":false,"mdmId":"waws-prod-os1-013_22567","targetWorkerCount":0,"targetWorkerSizeId":0,"provisioningState":"Succeeded","webSiteId":null,"existingServerFarmIds":null,"kubeEnvironmentProfile":null,"azBalancing":false},"sku":{"name":"S1","tier":"Standard","size":"S1","family":"S","capacity":1}}'
    headers:
      cache-control:
      - no-cache
      content-length:
      - '1635'
      content-type:
      - application/json
      date:
      - Wed, 31 Mar 2021 05:37:29 GMT
      expires:
      - '-1'
      pragma:
      - no-cache
      server:
      - Microsoft-IIS/10.0
      strict-transport-security:
      - max-age=31536000; includeSubDomains
      transfer-encoding:
      - chunked
      vary:
      - Accept-Encoding
      x-aspnet-version:
      - 4.0.30319
      x-content-type-options:
      - nosniff
      x-powered-by:
      - ASP.NET
    status:
      code: 200
      message: OK
- request:
    body: '{"name": "webapp-zipDeploy-test000002", "type": "Site"}'
    headers:
      Accept:
      - application/json
      Accept-Encoding:
      - gzip, deflate
      CommandName:
      - webapp create
      Connection:
      - keep-alive
      Content-Length:
      - '68'
      Content-Type:
      - application/json
      ParameterSetName:
      - -g -n --plan
      User-Agent:
      - AZURECLI/2.21.0 azsdk-python-azure-mgmt-web/2.0.0 Python/3.8.2 (macOS-10.16-x86_64-i386-64bit)
    method: POST
    uri: https://management.azure.com/subscriptions/00000000-0000-0000-0000-000000000000/providers/Microsoft.Web/checknameavailability?api-version=2020-09-01
  response:
    body:
      string: '{"nameAvailable":true,"reason":"","message":""}'
    headers:
      cache-control:
      - no-cache
      content-length:
      - '47'
      content-type:
      - application/json
      date:
      - Wed, 31 Mar 2021 05:37:29 GMT
      expires:
      - '-1'
      pragma:
      - no-cache
      server:
      - Microsoft-IIS/10.0
      strict-transport-security:
      - max-age=31536000; includeSubDomains
      transfer-encoding:
      - chunked
      vary:
      - Accept-Encoding
      x-aspnet-version:
      - 4.0.30319
      x-content-type-options:
      - nosniff
      x-powered-by:
      - ASP.NET
    status:
      code: 200
      message: OK
- request:
    body: '{"location": "Japan West", "properties": {"serverFarmId": "/subscriptions/00000000-0000-0000-0000-000000000000/resourceGroups/cli_test_webapp_zipDeploy000001/providers/Microsoft.Web/serverfarms/webapp-zipDeploy-plan000003",
      "reserved": false, "isXenon": false, "hyperV": false, "siteConfig": {"netFrameworkVersion":
      "v4.6", "appSettings": [{"name": "WEBSITE_NODE_DEFAULT_VERSION", "value": "10.14.1"}],
      "alwaysOn": true, "localMySqlEnabled": false, "http20Enabled": true}, "scmSiteAlsoStopped":
      false, "httpsOnly": false}}'
    headers:
      Accept:
      - application/json
      Accept-Encoding:
      - gzip, deflate
      CommandName:
      - webapp create
      Connection:
      - keep-alive
      Content-Length:
      - '579'
      Content-Type:
      - application/json
      ParameterSetName:
      - -g -n --plan
      User-Agent:
      - AZURECLI/2.21.0 azsdk-python-azure-mgmt-web/2.0.0 Python/3.8.2 (macOS-10.16-x86_64-i386-64bit)
    method: PUT
    uri: https://management.azure.com/subscriptions/00000000-0000-0000-0000-000000000000/resourceGroups/cli_test_webapp_zipDeploy000001/providers/Microsoft.Web/sites/webapp-zipDeploy-test000002?api-version=2020-09-01
  response:
    body:
      string: '{"id":"/subscriptions/00000000-0000-0000-0000-000000000000/resourceGroups/cli_test_webapp_zipDeploy000001/providers/Microsoft.Web/sites/webapp-zipDeploy-test000002","name":"webapp-zipDeploy-test000002","type":"Microsoft.Web/sites","kind":"app","location":"Japan
        West","properties":{"name":"webapp-zipDeploy-test000002","state":"Running","hostNames":["webapp-zipdeploy-testuwixtqwbbizfq43sysz.azurewebsites.net"],"webSpace":"cli_test_webapp_zipDeploy000001-JapanWestwebspace","selfLink":"https://waws-prod-os1-013.api.azurewebsites.windows.net:454/subscriptions/00000000-0000-0000-0000-000000000000/webspaces/cli_test_webapp_zipDeploy000001-JapanWestwebspace/sites/webapp-zipDeploy-test000002","repositorySiteName":"webapp-zipDeploy-test000002","owner":null,"usageState":"Normal","enabled":true,"adminEnabled":true,"enabledHostNames":["webapp-zipdeploy-testuwixtqwbbizfq43sysz.azurewebsites.net","webapp-zipdeploy-testuwixtqwbbizfq43sysz.scm.azurewebsites.net"],"siteProperties":{"metadata":null,"properties":[{"name":"LinuxFxVersion","value":""},{"name":"WindowsFxVersion","value":null}],"appSettings":null},"availabilityState":"Normal","sslCertificates":null,"csrs":[],"cers":null,"siteMode":null,"hostNameSslStates":[{"name":"webapp-zipdeploy-testuwixtqwbbizfq43sysz.azurewebsites.net","sslState":"Disabled","ipBasedSslResult":null,"virtualIP":null,"thumbprint":null,"toUpdate":null,"toUpdateIpBasedSsl":null,"ipBasedSslState":"NotConfigured","hostType":"Standard"},{"name":"webapp-zipdeploy-testuwixtqwbbizfq43sysz.scm.azurewebsites.net","sslState":"Disabled","ipBasedSslResult":null,"virtualIP":null,"thumbprint":null,"toUpdate":null,"toUpdateIpBasedSsl":null,"ipBasedSslState":"NotConfigured","hostType":"Repository"}],"computeMode":null,"serverFarm":null,"serverFarmId":"/subscriptions/00000000-0000-0000-0000-000000000000/resourceGroups/cli_test_webapp_zipDeploy000001/providers/Microsoft.Web/serverfarms/webapp-zipDeploy-plan000003","reserved":false,"isXenon":false,"hyperV":false,"lastModifiedTimeUtc":"2021-03-31T05:37:38.6333333","storageRecoveryDefaultState":"Running","contentAvailabilityState":"Normal","runtimeAvailabilityState":"Normal","siteConfig":{"numberOfWorkers":null,"defaultDocuments":null,"netFrameworkVersion":null,"phpVersion":null,"pythonVersion":null,"nodeVersion":null,"powerShellVersion":null,"linuxFxVersion":null,"windowsFxVersion":null,"requestTracingEnabled":null,"remoteDebuggingEnabled":null,"remoteDebuggingVersion":null,"httpLoggingEnabled":null,"azureMonitorLogCategories":null,"acrUseManagedIdentityCreds":false,"acrUserManagedIdentityID":null,"logsDirectorySizeLimit":null,"detailedErrorLoggingEnabled":null,"publishingUsername":null,"publishingPassword":null,"appSettings":null,"azureStorageAccounts":null,"metadata":null,"connectionStrings":null,"machineKey":null,"handlerMappings":null,"documentRoot":null,"scmType":null,"use32BitWorkerProcess":null,"webSocketsEnabled":null,"alwaysOn":null,"javaVersion":null,"javaContainer":null,"javaContainerVersion":null,"appCommandLine":null,"managedPipelineMode":null,"virtualApplications":null,"winAuthAdminState":null,"winAuthTenantState":null,"customAppPoolIdentityAdminState":null,"customAppPoolIdentityTenantState":null,"runtimeADUser":null,"runtimeADUserPassword":null,"loadBalancing":null,"routingRules":null,"experiments":null,"limits":null,"autoHealEnabled":null,"autoHealRules":null,"tracingOptions":null,"vnetName":null,"vnetRouteAllEnabled":null,"vnetPrivatePortsCount":null,"cors":null,"push":null,"apiDefinition":null,"apiManagementConfig":null,"autoSwapSlotName":null,"localMySqlEnabled":null,"managedServiceIdentityId":null,"xManagedServiceIdentityId":null,"keyVaultReferenceIdentity":null,"ipSecurityRestrictions":[{"ipAddress":"Any","action":"Allow","priority":1,"name":"Allow
        all","description":"Allow all access"}],"scmIpSecurityRestrictions":[{"ipAddress":"Any","action":"Allow","priority":1,"name":"Allow
        all","description":"Allow all access"}],"scmIpSecurityRestrictionsUseMain":null,"http20Enabled":null,"minTlsVersion":null,"scmMinTlsVersion":null,"ftpsState":null,"preWarmedInstanceCount":null,"functionAppScaleLimit":null,"healthCheckPath":null,"fileChangeAuditEnabled":null,"functionsRuntimeScaleMonitoringEnabled":null,"websiteTimeZone":null,"minimumElasticInstanceCount":0},"deploymentId":"webapp-zipDeploy-test000002","slotName":null,"trafficManagerHostNames":null,"sku":"Standard","scmSiteAlsoStopped":false,"targetSwapSlot":null,"hostingEnvironment":null,"hostingEnvironmentProfile":null,"clientAffinityEnabled":true,"clientCertEnabled":false,"clientCertMode":"Required","clientCertExclusionPaths":null,"hostNamesDisabled":false,"domainVerificationIdentifiers":null,"customDomainVerificationId":"30E3673979DFB5673924412D39370809E608E2DE4E889BD01C7B80FC38A57EED","kind":"app","inboundIpAddress":"40.74.100.129","possibleInboundIpAddresses":"40.74.100.129","ftpUsername":"webapp-zipDeploy-test000002\\$webapp-zipDeploy-test000002","ftpsHostName":"ftps://waws-prod-os1-013.ftp.azurewebsites.windows.net/site/wwwroot","outboundIpAddresses":"40.74.100.129,40.74.85.64,40.74.126.115,40.74.125.67,40.74.128.17","possibleOutboundIpAddresses":"40.74.100.129,40.74.85.64,40.74.126.115,40.74.125.67,40.74.128.17,40.74.127.201,40.74.128.130,23.100.108.106,40.74.128.122,40.74.128.53","containerSize":0,"dailyMemoryTimeQuota":0,"suspendedTill":null,"siteDisabledReason":0,"functionExecutionUnitsCache":null,"maxNumberOfWorkers":null,"homeStamp":"waws-prod-os1-013","cloningInfo":null,"hostingEnvironmentId":null,"tags":null,"resourceGroup":"cli_test_webapp_zipDeploy000001","defaultHostName":"webapp-zipdeploy-testuwixtqwbbizfq43sysz.azurewebsites.net","slotSwapStatus":null,"keyVaultReferenceIdentity":"SystemAssigned","httpsOnly":false,"redundancyMode":"None","inProgressOperationId":null,"geoDistributions":null,"privateEndpointConnections":null,"buildVersion":null,"targetBuildVersion":null,"migrationState":null,"eligibleLogCategories":"AppServiceAppLogs,AppServiceAuditLogs,AppServiceConsoleLogs,AppServiceHTTPLogs,AppServiceIPSecAuditLogs,AppServicePlatformLogs,ScanLogs","storageAccountRequired":false}}'
    headers:
      cache-control:
      - no-cache
      content-length:
      - '6453'
      content-type:
      - application/json
      date:
      - Wed, 31 Mar 2021 05:37:57 GMT
      etag:
      - '"1D725EFF681D175"'
      expires:
      - '-1'
      pragma:
      - no-cache
      server:
      - Microsoft-IIS/10.0
      strict-transport-security:
      - max-age=31536000; includeSubDomains
      transfer-encoding:
      - chunked
      vary:
      - Accept-Encoding
      x-aspnet-version:
      - 4.0.30319
      x-content-type-options:
      - nosniff
      x-ms-ratelimit-remaining-subscription-resource-requests:
      - '499'
      x-powered-by:
      - ASP.NET
    status:
      code: 200
      message: OK
- request:
    body: '{"format": "WebDeploy"}'
    headers:
      Accept:
      - application/xml
      Accept-Encoding:
      - gzip, deflate
      CommandName:
      - webapp create
      Connection:
      - keep-alive
      Content-Length:
      - '23'
      Content-Type:
      - application/json
      ParameterSetName:
      - -g -n --plan
      User-Agent:
      - AZURECLI/2.21.0 azsdk-python-azure-mgmt-web/2.0.0 Python/3.8.2 (macOS-10.16-x86_64-i386-64bit)
    method: POST
    uri: https://management.azure.com/subscriptions/00000000-0000-0000-0000-000000000000/resourceGroups/cli_test_webapp_zipDeploy000001/providers/Microsoft.Web/sites/webapp-zipDeploy-test000002/publishxml?api-version=2020-09-01
  response:
    body:
      string: <publishData><publishProfile profileName="webapp-zipDeploy-test000002
        - Web Deploy" publishMethod="MSDeploy" publishUrl="webapp-zipdeploy-testuwixtqwbbizfq43sysz.scm.azurewebsites.net:443"
        msdeploySite="webapp-zipDeploy-test000002" userName="$webapp-zipDeploy-test000002"
        userPWD="ncqN3E9Yype9FbjkJ04xv4dwFJCbcLlg5kdwc9KqE7koDXChLyh5L3w2qw7u" destinationAppUrl="http://webapp-zipdeploy-testuwixtqwbbizfq43sysz.azurewebsites.net"
        SQLServerDBConnectionString="" mySQLDBConnectionString="" hostingProviderForumLink=""
        controlPanelLink="http://windows.azure.com" webSystem="WebSites"><databases
        /></publishProfile><publishProfile profileName="webapp-zipDeploy-test000002
        - FTP" publishMethod="FTP" publishUrl="ftp://waws-prod-os1-013.ftp.azurewebsites.windows.net/site/wwwroot"
        ftpPassiveMode="True" userName="webapp-zipDeploy-test000002\$webapp-zipDeploy-test000002"
        userPWD="ncqN3E9Yype9FbjkJ04xv4dwFJCbcLlg5kdwc9KqE7koDXChLyh5L3w2qw7u" destinationAppUrl="http://webapp-zipdeploy-testuwixtqwbbizfq43sysz.azurewebsites.net"
        SQLServerDBConnectionString="" mySQLDBConnectionString="" hostingProviderForumLink=""
        controlPanelLink="http://windows.azure.com" webSystem="WebSites"><databases
        /></publishProfile><publishProfile profileName="webapp-zipDeploy-test000002
        - Zip Deploy" publishMethod="ZipDeploy" publishUrl="webapp-zipdeploy-testuwixtqwbbizfq43sysz.scm.azurewebsites.net:443"
        userName="$webapp-zipDeploy-test000002" userPWD="ncqN3E9Yype9FbjkJ04xv4dwFJCbcLlg5kdwc9KqE7koDXChLyh5L3w2qw7u"
        destinationAppUrl="http://webapp-zipdeploy-testuwixtqwbbizfq43sysz.azurewebsites.net"
        SQLServerDBConnectionString="" mySQLDBConnectionString="" hostingProviderForumLink=""
        controlPanelLink="http://windows.azure.com" webSystem="WebSites"><databases
        /></publishProfile><publishProfile profileName="webapp-zipDeploy-test000002
        - ReadOnly - FTP" publishMethod="FTP" publishUrl="ftp://waws-prod-os1-013dr.ftp.azurewebsites.windows.net/site/wwwroot"
        ftpPassiveMode="True" userName="webapp-zipDeploy-test000002\$webapp-zipDeploy-test000002"
        userPWD="ncqN3E9Yype9FbjkJ04xv4dwFJCbcLlg5kdwc9KqE7koDXChLyh5L3w2qw7u" destinationAppUrl="http://webapp-zipdeploy-testuwixtqwbbizfq43sysz.azurewebsites.net"
        SQLServerDBConnectionString="" mySQLDBConnectionString="" hostingProviderForumLink=""
        controlPanelLink="http://windows.azure.com" webSystem="WebSites"><databases
        /></publishProfile></publishData>
    headers:
      cache-control:
      - no-cache
      content-length:
      - '2519'
      content-type:
      - application/xml
      date:
      - Wed, 31 Mar 2021 05:37:59 GMT
      expires:
      - '-1'
      pragma:
      - no-cache
      server:
      - Microsoft-IIS/10.0
      strict-transport-security:
      - max-age=31536000; includeSubDomains
      x-aspnet-version:
      - 4.0.30319
      x-content-type-options:
      - nosniff
      x-ms-ratelimit-remaining-subscription-resource-requests:
      - '11999'
      x-powered-by:
      - ASP.NET
    status:
      code: 200
      message: OK
- request:
    body: null
    headers:
      Accept:
      - application/json
      Accept-Encoding:
      - gzip, deflate
      CommandName:
      - webapp deployment source config-zip
      Connection:
      - keep-alive
      Content-Length:
      - '0'
      ParameterSetName:
      - -g -n --src
      User-Agent:
      - AZURECLI/2.21.0 azsdk-python-azure-mgmt-web/2.0.0 Python/3.8.2 (macOS-10.16-x86_64-i386-64bit)
    method: POST
    uri: https://management.azure.com/subscriptions/00000000-0000-0000-0000-000000000000/resourceGroups/cli_test_webapp_zipDeploy000001/providers/Microsoft.Web/sites/webapp-zipDeploy-test000002/config/publishingcredentials/list?api-version=2020-09-01
  response:
    body:
      string: '{"id":"/subscriptions/00000000-0000-0000-0000-000000000000/resourceGroups/cli_test_webapp_zipDeploy000001/providers/Microsoft.Web/sites/webapp-zipDeploy-test000002/publishingcredentials/$webapp-zipDeploy-test000002","name":"webapp-zipDeploy-test000002","type":"Microsoft.Web/sites/publishingcredentials","location":"Japan
        West","properties":{"name":null,"publishingUserName":"$webapp-zipDeploy-test000002","publishingPassword":"ncqN3E9Yype9FbjkJ04xv4dwFJCbcLlg5kdwc9KqE7koDXChLyh5L3w2qw7u","publishingPasswordHash":null,"publishingPasswordHashSalt":null,"metadata":null,"isDeleted":false,"scmUri":"https://$webapp-zipDeploy-test000002:ncqN3E9Yype9FbjkJ04xv4dwFJCbcLlg5kdwc9KqE7koDXChLyh5L3w2qw7u@webapp-zipdeploy-testuwixtqwbbizfq43sysz.scm.azurewebsites.net"}}'
    headers:
      cache-control:
      - no-cache
      content-length:
      - '870'
      content-type:
      - application/json
      date:
      - Wed, 31 Mar 2021 05:38:00 GMT
      expires:
      - '-1'
      pragma:
      - no-cache
      server:
      - Microsoft-IIS/10.0
      strict-transport-security:
      - max-age=31536000; includeSubDomains
      transfer-encoding:
      - chunked
      vary:
      - Accept-Encoding
      x-aspnet-version:
      - 4.0.30319
      x-content-type-options:
      - nosniff
      x-ms-ratelimit-remaining-subscription-resource-requests:
      - '11999'
      x-powered-by:
      - ASP.NET
    status:
      code: 200
      message: OK
- request:
    body: null
    headers:
      Accept:
      - application/json
      Accept-Encoding:
      - gzip, deflate
      CommandName:
      - webapp deployment source config-zip
      Connection:
      - keep-alive
      ParameterSetName:
      - -g -n --src
      User-Agent:
      - AZURECLI/2.21.0 azsdk-python-azure-mgmt-web/2.0.0 Python/3.8.2 (macOS-10.16-x86_64-i386-64bit)
    method: GET
    uri: https://management.azure.com/subscriptions/00000000-0000-0000-0000-000000000000/resourceGroups/cli_test_webapp_zipDeploy000001/providers/Microsoft.Web/sites/webapp-zipDeploy-test000002?api-version=2020-09-01
  response:
    body:
      string: '{"id":"/subscriptions/00000000-0000-0000-0000-000000000000/resourceGroups/cli_test_webapp_zipDeploy000001/providers/Microsoft.Web/sites/webapp-zipDeploy-test000002","name":"webapp-zipDeploy-test000002","type":"Microsoft.Web/sites","kind":"app","location":"Japan
        West","properties":{"name":"webapp-zipDeploy-test000002","state":"Running","hostNames":["webapp-zipdeploy-testuwixtqwbbizfq43sysz.azurewebsites.net"],"webSpace":"cli_test_webapp_zipDeploy000001-JapanWestwebspace","selfLink":"https://waws-prod-os1-013.api.azurewebsites.windows.net:454/subscriptions/00000000-0000-0000-0000-000000000000/webspaces/cli_test_webapp_zipDeploy000001-JapanWestwebspace/sites/webapp-zipDeploy-test000002","repositorySiteName":"webapp-zipDeploy-test000002","owner":null,"usageState":"Normal","enabled":true,"adminEnabled":true,"enabledHostNames":["webapp-zipdeploy-testuwixtqwbbizfq43sysz.azurewebsites.net","webapp-zipdeploy-testuwixtqwbbizfq43sysz.scm.azurewebsites.net"],"siteProperties":{"metadata":null,"properties":[{"name":"LinuxFxVersion","value":""},{"name":"WindowsFxVersion","value":null}],"appSettings":null},"availabilityState":"Normal","sslCertificates":null,"csrs":[],"cers":null,"siteMode":null,"hostNameSslStates":[{"name":"webapp-zipdeploy-testuwixtqwbbizfq43sysz.azurewebsites.net","sslState":"Disabled","ipBasedSslResult":null,"virtualIP":null,"thumbprint":null,"toUpdate":null,"toUpdateIpBasedSsl":null,"ipBasedSslState":"NotConfigured","hostType":"Standard"},{"name":"webapp-zipdeploy-testuwixtqwbbizfq43sysz.scm.azurewebsites.net","sslState":"Disabled","ipBasedSslResult":null,"virtualIP":null,"thumbprint":null,"toUpdate":null,"toUpdateIpBasedSsl":null,"ipBasedSslState":"NotConfigured","hostType":"Repository"}],"computeMode":null,"serverFarm":null,"serverFarmId":"/subscriptions/00000000-0000-0000-0000-000000000000/resourceGroups/cli_test_webapp_zipDeploy000001/providers/Microsoft.Web/serverfarms/webapp-zipDeploy-plan000003","reserved":false,"isXenon":false,"hyperV":false,"lastModifiedTimeUtc":"2021-03-31T05:37:39.3833333","storageRecoveryDefaultState":"Running","contentAvailabilityState":"Normal","runtimeAvailabilityState":"Normal","siteConfig":{"numberOfWorkers":null,"defaultDocuments":null,"netFrameworkVersion":null,"phpVersion":null,"pythonVersion":null,"nodeVersion":null,"powerShellVersion":null,"linuxFxVersion":null,"windowsFxVersion":null,"requestTracingEnabled":null,"remoteDebuggingEnabled":null,"remoteDebuggingVersion":null,"httpLoggingEnabled":null,"azureMonitorLogCategories":null,"acrUseManagedIdentityCreds":false,"acrUserManagedIdentityID":null,"logsDirectorySizeLimit":null,"detailedErrorLoggingEnabled":null,"publishingUsername":null,"publishingPassword":null,"appSettings":null,"azureStorageAccounts":null,"metadata":null,"connectionStrings":null,"machineKey":null,"handlerMappings":null,"documentRoot":null,"scmType":null,"use32BitWorkerProcess":null,"webSocketsEnabled":null,"alwaysOn":null,"javaVersion":null,"javaContainer":null,"javaContainerVersion":null,"appCommandLine":null,"managedPipelineMode":null,"virtualApplications":null,"winAuthAdminState":null,"winAuthTenantState":null,"customAppPoolIdentityAdminState":null,"customAppPoolIdentityTenantState":null,"runtimeADUser":null,"runtimeADUserPassword":null,"loadBalancing":null,"routingRules":null,"experiments":null,"limits":null,"autoHealEnabled":null,"autoHealRules":null,"tracingOptions":null,"vnetName":null,"vnetRouteAllEnabled":null,"vnetPrivatePortsCount":null,"cors":null,"push":null,"apiDefinition":null,"apiManagementConfig":null,"autoSwapSlotName":null,"localMySqlEnabled":null,"managedServiceIdentityId":null,"xManagedServiceIdentityId":null,"keyVaultReferenceIdentity":null,"ipSecurityRestrictions":null,"scmIpSecurityRestrictions":null,"scmIpSecurityRestrictionsUseMain":null,"http20Enabled":null,"minTlsVersion":null,"scmMinTlsVersion":null,"ftpsState":null,"preWarmedInstanceCount":null,"functionAppScaleLimit":null,"healthCheckPath":null,"fileChangeAuditEnabled":null,"functionsRuntimeScaleMonitoringEnabled":null,"websiteTimeZone":null,"minimumElasticInstanceCount":0},"deploymentId":"webapp-zipDeploy-test000002","slotName":null,"trafficManagerHostNames":null,"sku":"Standard","scmSiteAlsoStopped":false,"targetSwapSlot":null,"hostingEnvironment":null,"hostingEnvironmentProfile":null,"clientAffinityEnabled":true,"clientCertEnabled":false,"clientCertMode":"Required","clientCertExclusionPaths":null,"hostNamesDisabled":false,"domainVerificationIdentifiers":null,"customDomainVerificationId":"30E3673979DFB5673924412D39370809E608E2DE4E889BD01C7B80FC38A57EED","kind":"app","inboundIpAddress":"40.74.100.129","possibleInboundIpAddresses":"40.74.100.129","ftpUsername":"webapp-zipDeploy-test000002\\$webapp-zipDeploy-test000002","ftpsHostName":"ftps://waws-prod-os1-013.ftp.azurewebsites.windows.net/site/wwwroot","outboundIpAddresses":"40.74.100.129,40.74.85.64,40.74.126.115,40.74.125.67,40.74.128.17","possibleOutboundIpAddresses":"40.74.100.129,40.74.85.64,40.74.126.115,40.74.125.67,40.74.128.17,40.74.127.201,40.74.128.130,23.100.108.106,40.74.128.122,40.74.128.53","containerSize":0,"dailyMemoryTimeQuota":0,"suspendedTill":null,"siteDisabledReason":0,"functionExecutionUnitsCache":null,"maxNumberOfWorkers":null,"homeStamp":"waws-prod-os1-013","cloningInfo":null,"hostingEnvironmentId":null,"tags":null,"resourceGroup":"cli_test_webapp_zipDeploy000001","defaultHostName":"webapp-zipdeploy-testuwixtqwbbizfq43sysz.azurewebsites.net","slotSwapStatus":null,"keyVaultReferenceIdentity":"SystemAssigned","httpsOnly":false,"redundancyMode":"None","inProgressOperationId":null,"geoDistributions":null,"privateEndpointConnections":[],"buildVersion":null,"targetBuildVersion":null,"migrationState":null,"eligibleLogCategories":"AppServiceAppLogs,AppServiceAuditLogs,AppServiceConsoleLogs,AppServiceHTTPLogs,AppServiceIPSecAuditLogs,AppServicePlatformLogs,ScanLogs","storageAccountRequired":false}}'
    headers:
      cache-control:
      - no-cache
      content-length:
      - '6253'
      content-type:
      - application/json
      date:
      - Wed, 31 Mar 2021 05:38:02 GMT
      etag:
      - '"1D725EFF681D175"'
      expires:
      - '-1'
      pragma:
      - no-cache
      server:
      - Microsoft-IIS/10.0
      strict-transport-security:
      - max-age=31536000; includeSubDomains
      transfer-encoding:
      - chunked
      vary:
      - Accept-Encoding
      x-aspnet-version:
      - 4.0.30319
      x-content-type-options:
      - nosniff
      x-powered-by:
      - ASP.NET
    status:
      code: 200
      message: OK
- request:
    body: null
    headers:
      Accept:
      - application/json
      Accept-Encoding:
      - gzip, deflate
      CommandName:
      - webapp deployment source config-zip
      Connection:
      - keep-alive
      ParameterSetName:
      - -g -n --src
      User-Agent:
      - AZURECLI/2.21.0 azsdk-python-azure-mgmt-web/2.0.0 Python/3.8.2 (macOS-10.16-x86_64-i386-64bit)
    method: GET
    uri: https://management.azure.com/subscriptions/00000000-0000-0000-0000-000000000000/resourceGroups/cli_test_webapp_zipDeploy000001/providers/Microsoft.Web/sites/webapp-zipDeploy-test000002/config/web?api-version=2020-09-01
  response:
    body:
      string: '{"id":"/subscriptions/00000000-0000-0000-0000-000000000000/resourceGroups/cli_test_webapp_zipDeploy000001/providers/Microsoft.Web/sites/webapp-zipDeploy-test000002/config/web","name":"webapp-zipDeploy-test000002","type":"Microsoft.Web/sites/config","location":"Japan
        West","properties":{"numberOfWorkers":1,"defaultDocuments":["Default.htm","Default.html","Default.asp","index.htm","index.html","iisstart.htm","default.aspx","index.php","hostingstart.html"],"netFrameworkVersion":"v4.0","phpVersion":"5.6","pythonVersion":"","nodeVersion":"","powerShellVersion":"","linuxFxVersion":"","windowsFxVersion":null,"requestTracingEnabled":false,"remoteDebuggingEnabled":false,"remoteDebuggingVersion":null,"httpLoggingEnabled":false,"azureMonitorLogCategories":null,"acrUseManagedIdentityCreds":false,"acrUserManagedIdentityID":null,"logsDirectorySizeLimit":35,"detailedErrorLoggingEnabled":false,"publishingUsername":"$webapp-zipDeploy-test000002","publishingPassword":null,"appSettings":null,"azureStorageAccounts":{},"metadata":null,"connectionStrings":null,"machineKey":null,"handlerMappings":null,"documentRoot":null,"scmType":"None","use32BitWorkerProcess":true,"webSocketsEnabled":false,"alwaysOn":true,"javaVersion":null,"javaContainer":null,"javaContainerVersion":null,"appCommandLine":"","managedPipelineMode":"Integrated","virtualApplications":[{"virtualPath":"/","physicalPath":"site\\wwwroot","preloadEnabled":true,"virtualDirectories":null}],"winAuthAdminState":0,"winAuthTenantState":0,"customAppPoolIdentityAdminState":false,"customAppPoolIdentityTenantState":false,"runtimeADUser":null,"runtimeADUserPassword":null,"loadBalancing":"LeastRequests","routingRules":[],"experiments":{"rampUpRules":[]},"limits":null,"autoHealEnabled":false,"autoHealRules":null,"tracingOptions":null,"vnetName":"","vnetRouteAllEnabled":false,"vnetPrivatePortsCount":0,"siteAuthEnabled":false,"siteAuthSettings":{"enabled":null,"configVersion":null,"unauthenticatedClientAction":null,"tokenStoreEnabled":null,"allowedExternalRedirectUrls":null,"defaultProvider":null,"clientId":null,"clientSecret":null,"clientSecretSettingName":null,"clientSecretCertificateThumbprint":null,"issuer":null,"allowedAudiences":null,"additionalLoginParams":null,"isAadAutoProvisioned":false,"aadClaimsAuthorization":null,"googleClientId":null,"googleClientSecret":null,"googleClientSecretSettingName":null,"googleOAuthScopes":null,"facebookAppId":null,"facebookAppSecret":null,"facebookAppSecretSettingName":null,"facebookOAuthScopes":null,"gitHubClientId":null,"gitHubClientSecret":null,"gitHubClientSecretSettingName":null,"gitHubOAuthScopes":null,"twitterConsumerKey":null,"twitterConsumerSecret":null,"twitterConsumerSecretSettingName":null,"microsoftAccountClientId":null,"microsoftAccountClientSecret":null,"microsoftAccountClientSecretSettingName":null,"microsoftAccountOAuthScopes":null},"cors":null,"push":null,"apiDefinition":null,"apiManagementConfig":null,"autoSwapSlotName":null,"localMySqlEnabled":false,"managedServiceIdentityId":null,"xManagedServiceIdentityId":null,"keyVaultReferenceIdentity":null,"ipSecurityRestrictions":[{"ipAddress":"Any","action":"Allow","priority":1,"name":"Allow
        all","description":"Allow all access"}],"scmIpSecurityRestrictions":[{"ipAddress":"Any","action":"Allow","priority":1,"name":"Allow
        all","description":"Allow all access"}],"scmIpSecurityRestrictionsUseMain":false,"http20Enabled":true,"minTlsVersion":"1.2","scmMinTlsVersion":"1.0","ftpsState":"AllAllowed","preWarmedInstanceCount":0,"functionAppScaleLimit":0,"healthCheckPath":null,"fileChangeAuditEnabled":false,"functionsRuntimeScaleMonitoringEnabled":false,"websiteTimeZone":null,"minimumElasticInstanceCount":0}}'
    headers:
      cache-control:
      - no-cache
      content-length:
      - '3773'
      content-type:
      - application/json
      date:
      - Wed, 31 Mar 2021 05:38:03 GMT
      expires:
      - '-1'
      pragma:
      - no-cache
      server:
      - Microsoft-IIS/10.0
      strict-transport-security:
      - max-age=31536000; includeSubDomains
      transfer-encoding:
      - chunked
      vary:
      - Accept-Encoding
      x-aspnet-version:
      - 4.0.30319
      x-content-type-options:
      - nosniff
      x-powered-by:
      - ASP.NET
    status:
      code: 200
      message: OK
- request:
    body: '{"format": "WebDeploy"}'
    headers:
      Accept:
      - application/xml
      Accept-Encoding:
      - gzip, deflate
      CommandName:
      - webapp deployment source config-zip
      Connection:
      - keep-alive
      Content-Length:
      - '23'
      Content-Type:
      - application/json
      ParameterSetName:
      - -g -n --src
      User-Agent:
      - AZURECLI/2.21.0 azsdk-python-azure-mgmt-web/2.0.0 Python/3.8.2 (macOS-10.16-x86_64-i386-64bit)
    method: POST
    uri: https://management.azure.com/subscriptions/00000000-0000-0000-0000-000000000000/resourceGroups/cli_test_webapp_zipDeploy000001/providers/Microsoft.Web/sites/webapp-zipDeploy-test000002/publishxml?api-version=2020-09-01
  response:
    body:
      string: <publishData><publishProfile profileName="webapp-zipDeploy-test000002
        - Web Deploy" publishMethod="MSDeploy" publishUrl="webapp-zipdeploy-testuwixtqwbbizfq43sysz.scm.azurewebsites.net:443"
        msdeploySite="webapp-zipDeploy-test000002" userName="$webapp-zipDeploy-test000002"
        userPWD="ncqN3E9Yype9FbjkJ04xv4dwFJCbcLlg5kdwc9KqE7koDXChLyh5L3w2qw7u" destinationAppUrl="http://webapp-zipdeploy-testuwixtqwbbizfq43sysz.azurewebsites.net"
        SQLServerDBConnectionString="" mySQLDBConnectionString="" hostingProviderForumLink=""
        controlPanelLink="http://windows.azure.com" webSystem="WebSites"><databases
        /></publishProfile><publishProfile profileName="webapp-zipDeploy-test000002
        - FTP" publishMethod="FTP" publishUrl="ftp://waws-prod-os1-013.ftp.azurewebsites.windows.net/site/wwwroot"
        ftpPassiveMode="True" userName="webapp-zipDeploy-test000002\$webapp-zipDeploy-test000002"
        userPWD="ncqN3E9Yype9FbjkJ04xv4dwFJCbcLlg5kdwc9KqE7koDXChLyh5L3w2qw7u" destinationAppUrl="http://webapp-zipdeploy-testuwixtqwbbizfq43sysz.azurewebsites.net"
        SQLServerDBConnectionString="" mySQLDBConnectionString="" hostingProviderForumLink=""
        controlPanelLink="http://windows.azure.com" webSystem="WebSites"><databases
        /></publishProfile><publishProfile profileName="webapp-zipDeploy-test000002
        - Zip Deploy" publishMethod="ZipDeploy" publishUrl="webapp-zipdeploy-testuwixtqwbbizfq43sysz.scm.azurewebsites.net:443"
        userName="$webapp-zipDeploy-test000002" userPWD="ncqN3E9Yype9FbjkJ04xv4dwFJCbcLlg5kdwc9KqE7koDXChLyh5L3w2qw7u"
        destinationAppUrl="http://webapp-zipdeploy-testuwixtqwbbizfq43sysz.azurewebsites.net"
        SQLServerDBConnectionString="" mySQLDBConnectionString="" hostingProviderForumLink=""
        controlPanelLink="http://windows.azure.com" webSystem="WebSites"><databases
        /></publishProfile><publishProfile profileName="webapp-zipDeploy-test000002
        - ReadOnly - FTP" publishMethod="FTP" publishUrl="ftp://waws-prod-os1-013dr.ftp.azurewebsites.windows.net/site/wwwroot"
        ftpPassiveMode="True" userName="webapp-zipDeploy-test000002\$webapp-zipDeploy-test000002"
        userPWD="ncqN3E9Yype9FbjkJ04xv4dwFJCbcLlg5kdwc9KqE7koDXChLyh5L3w2qw7u" destinationAppUrl="http://webapp-zipdeploy-testuwixtqwbbizfq43sysz.azurewebsites.net"
        SQLServerDBConnectionString="" mySQLDBConnectionString="" hostingProviderForumLink=""
        controlPanelLink="http://windows.azure.com" webSystem="WebSites"><databases
        /></publishProfile></publishData>
    headers:
      cache-control:
      - no-cache
      content-length:
      - '2519'
      content-type:
      - application/xml
      date:
      - Wed, 31 Mar 2021 05:38:04 GMT
      expires:
      - '-1'
      pragma:
      - no-cache
      server:
      - Microsoft-IIS/10.0
      strict-transport-security:
      - max-age=31536000; includeSubDomains
      x-aspnet-version:
      - 4.0.30319
      x-content-type-options:
      - nosniff
      x-ms-ratelimit-remaining-subscription-resource-requests:
      - '11999'
      x-powered-by:
      - ASP.NET
    status:
      code: 200
      message: OK
- request:
    body: !!binary |
      UEsDBBQAAAAIAARkUUvBmBSXUwAAAHAAAAAJAAAAdGVzdC5odG1ss1F08XcOiQxwVcgoyc2x4+Wy
      gdFJ+SmVQBokYmgXlVmg4JJakJNfqVBanJmXruDs42mjD5QAKyiwC8nILFYAopDU4hKwSTb6BRA5
      fag5QNUggwFQSwECFAAUAAAACAAEZFFLwZgUl1MAAABwAAAACQAAAAAAAAABACAAAAAAAAAAdGVz
      dC5odG1sUEsFBgAAAAABAAEANwAAAHoAAAAAAA==
    headers:
      Accept:
      - '*/*'
      Accept-Encoding:
      - gzip, deflate
      Cache-Control:
      - no-cache
      Connection:
      - keep-alive
      Content-Length:
      - '199'
      Content-Type:
      - application/octet-stream
      User-Agent:
      - AZURECLI/2.21.0
    method: POST
    uri: https://webapp-zipdeploy-testuwixtqwbbizfq43sysz.scm.azurewebsites.net/api/zipdeploy?isAsync=true
  response:
    body:
      string: ''
    headers:
      cache-control:
      - no-cache
      content-length:
      - '0'
      date:
      - Wed, 31 Mar 2021 05:38:06 GMT
      expires:
      - '-1'
      location:
      - https://webapp-zipdeploy-testuwixtqwbbizfq43sysz.scm.azurewebsites.net/api/deployments/latest?deployer=ZipDeploy&time=2021-03-31_05-38-06Z
      pragma:
      - no-cache
      server:
      - Microsoft-IIS/10.0
      set-cookie:
      - ARRAffinity=fec4d939f30049bff6f938c61645390e2e68b0974922682d1cbb5a8acfa80f72;Path=/;HttpOnly;Secure;Domain=webapp-zipdeploy-testuwixtqwbbizfq43sysz.scm.azurewebsites.net
      - ARRAffinitySameSite=fec4d939f30049bff6f938c61645390e2e68b0974922682d1cbb5a8acfa80f72;Path=/;HttpOnly;SameSite=None;Secure;Domain=webapp-zipdeploy-testuwixtqwbbizfq43sysz.scm.azurewebsites.net
      x-aspnet-version:
      - 4.0.30319
      x-powered-by:
      - ASP.NET
    status:
      code: 202
      message: Accepted
- request:
    body: null
    headers:
      Accept:
      - '*/*'
      Accept-Encoding:
      - gzip, deflate
      Cache-Control:
      - no-cache
      Connection:
      - keep-alive
      Content-Type:
      - application/octet-stream
      User-Agent:
      - AZURECLI/2.21.0
    method: GET
    uri: https://webapp-zipdeploy-testuwixtqwbbizfq43sysz.scm.azurewebsites.net/api/deployments/mock-deployment
  response:
    body:
      string: '{"id":"06c3f021968f4e12ab7384c784d5d26a","status":4,"status_text":"","author_email":"N/A","author":"N/A","deployer":"ZipDeploy","message":"Created
        via a push deployment","progress":"","received_time":"2021-03-31T05:38:07.1679631Z","start_time":"2021-03-31T05:38:07.4336Z","end_time":"2021-03-31T05:38:12.4525749Z","last_success_end_time":"2021-03-31T05:38:12.4525749Z","complete":true,"active":false,"is_temp":false,"is_readonly":true,"url":"https://webapp-zipdeploy-testuwixtqwbbizfq43sysz.scm.azurewebsites.net/api/deployments/latest","log_url":"https://webapp-zipdeploy-testuwixtqwbbizfq43sysz.scm.azurewebsites.net/api/deployments/latest/log","site_name":"webapp-zipDeploy-test000002","provisioningState":"Succeeded"}'
    headers:
      cache-control:
      - no-cache
      content-length:
      - '734'
      content-type:
      - application/json; charset=utf-8
      date:
      - Wed, 31 Mar 2021 05:38:12 GMT
      expires:
      - '-1'
      pragma:
      - no-cache
      server:
      - Microsoft-IIS/10.0
      set-cookie:
      - ARRAffinity=fec4d939f30049bff6f938c61645390e2e68b0974922682d1cbb5a8acfa80f72;Path=/;HttpOnly;Secure;Domain=webapp-zipdeploy-testuwixtqwbbizfq43sysz.scm.azurewebsites.net
      - ARRAffinitySameSite=fec4d939f30049bff6f938c61645390e2e68b0974922682d1cbb5a8acfa80f72;Path=/;HttpOnly;SameSite=None;Secure;Domain=webapp-zipdeploy-testuwixtqwbbizfq43sysz.scm.azurewebsites.net
      vary:
      - Accept-Encoding
      x-aspnet-version:
      - 4.0.30319
      x-powered-by:
      - ASP.NET
    status:
      code: 200
      message: OK
version: 1
