interactions:
- request:
    body: null
    headers:
      Accept:
      - application/json
      Accept-Encoding:
      - gzip, deflate
      CommandName:
      - network vnet create
      Connection:
      - keep-alive
      ParameterSetName:
      - -g -n --address-prefix --subnet-name --subnet-prefix
      User-Agent:
      - python/3.7.2 (Darwin-16.7.0-x86_64-i386-64bit) msrest/0.6.16 msrest_azure/0.6.3
        azure-mgmt-resource/10.0.0 Azure-SDK-For-Python AZURECLI/2.8.0
      accept-language:
      - en-US
    method: GET
    uri: https://management.azure.com/subscriptions/00000000-0000-0000-0000-000000000000/resourcegroups/clitest.rg000001?api-version=2019-07-01
  response:
    body:
      string: '{"id":"/subscriptions/00000000-0000-0000-0000-000000000000/resourceGroups/clitest.rg000001","name":"clitest.rg000001","type":"Microsoft.Resources/resourceGroups","location":"centralus","tags":{"product":"azurecli","cause":"automation","date":"2020-06-30T06:04:56Z"},"properties":{"provisioningState":"Succeeded"}}'
    headers:
      cache-control:
      - no-cache
      content-length:
      - '431'
      content-type:
      - application/json; charset=utf-8
      date:
      - Tue, 30 Jun 2020 06:04:55 GMT
      expires:
      - '-1'
      pragma:
      - no-cache
      strict-transport-security:
      - max-age=31536000; includeSubDomains
      vary:
      - Accept-Encoding
      x-content-type-options:
      - nosniff
    status:
      code: 200
      message: OK
- request:
    body: '{"location": "centralus", "tags": {}, "properties": {"addressSpace": {"addressPrefixes":
      ["10.0.0.0/16"]}, "dhcpOptions": {}, "subnets": [{"properties": {"addressPrefix":
      "10.0.0.0/24"}, "name": "swiftsubnet000004"}]}}'
    headers:
      Accept:
      - application/json
      Accept-Encoding:
      - gzip, deflate
      CommandName:
      - network vnet create
      Connection:
      - keep-alive
      Content-Length:
      - '225'
      Content-Type:
      - application/json; charset=utf-8
      ParameterSetName:
      - -g -n --address-prefix --subnet-name --subnet-prefix
      User-Agent:
      - python/3.7.2 (Darwin-16.7.0-x86_64-i386-64bit) msrest/0.6.16 msrest_azure/0.6.3
        azure-mgmt-network/10.2.0 Azure-SDK-For-Python AZURECLI/2.8.0
      accept-language:
      - en-US
    method: PUT
    uri: https://management.azure.com/subscriptions/00000000-0000-0000-0000-000000000000/resourceGroups/clitest.rg000001/providers/Microsoft.Network/virtualNetworks/swiftname000005?api-version=2020-04-01
  response:
    body:
      string: "{\r\n  \"name\": \"swiftname000005\",\r\n  \"id\": \"/subscriptions/00000000-0000-0000-0000-000000000000/resourceGroups/clitest.rg000001/providers/Microsoft.Network/virtualNetworks/swiftname000005\",\r\n
        \ \"etag\": \"W/\\\"275dd6ca-4ae2-4ee9-a140-de6084a8b9b4\\\"\",\r\n  \"type\":
        \"Microsoft.Network/virtualNetworks\",\r\n  \"location\": \"centralus\",\r\n
        \ \"tags\": {},\r\n  \"properties\": {\r\n    \"provisioningState\": \"Updating\",\r\n
        \   \"resourceGuid\": \"51c95f25-e0cb-42d0-9124-baca0382a53a\",\r\n    \"addressSpace\":
        {\r\n      \"addressPrefixes\": [\r\n        \"10.0.0.0/16\"\r\n      ]\r\n
        \   },\r\n    \"dhcpOptions\": {\r\n      \"dnsServers\": []\r\n    },\r\n
        \   \"subnets\": [\r\n      {\r\n        \"name\": \"swiftsubnet000004\",\r\n
        \       \"id\": \"/subscriptions/00000000-0000-0000-0000-000000000000/resourceGroups/clitest.rg000001/providers/Microsoft.Network/virtualNetworks/swiftname000005/subnets/swiftsubnet000004\",\r\n
        \       \"etag\": \"W/\\\"275dd6ca-4ae2-4ee9-a140-de6084a8b9b4\\\"\",\r\n
        \       \"properties\": {\r\n          \"provisioningState\": \"Updating\",\r\n
        \         \"addressPrefix\": \"10.0.0.0/24\",\r\n          \"delegations\":
        [],\r\n          \"privateEndpointNetworkPolicies\": \"Enabled\",\r\n          \"privateLinkServiceNetworkPolicies\":
        \"Enabled\"\r\n        },\r\n        \"type\": \"Microsoft.Network/virtualNetworks/subnets\"\r\n
        \     }\r\n    ],\r\n    \"virtualNetworkPeerings\": [],\r\n    \"enableDdosProtection\":
        false,\r\n    \"enableVmProtection\": false\r\n  }\r\n}"
    headers:
      azure-asyncnotification:
      - Enabled
      azure-asyncoperation:
      - https://management.azure.com/subscriptions/00000000-0000-0000-0000-000000000000/providers/Microsoft.Network/locations/centralus/operations/e8b9e421-5e04-4ba8-882c-dd99a3069998?api-version=2020-04-01
      cache-control:
      - no-cache
      content-length:
      - '1531'
      content-type:
      - application/json; charset=utf-8
      date:
      - Tue, 30 Jun 2020 06:04:56 GMT
      expires:
      - '-1'
      pragma:
      - no-cache
      server:
      - Microsoft-HTTPAPI/2.0
      - Microsoft-HTTPAPI/2.0
      strict-transport-security:
      - max-age=31536000; includeSubDomains
      x-content-type-options:
      - nosniff
      x-ms-arm-service-request-id:
      - 62b7095b-bfe7-4038-a6e5-669fcaf4a775
      x-ms-ratelimit-remaining-subscription-writes:
      - '1198'
    status:
      code: 201
      message: Created
- request:
    body: null
    headers:
      Accept:
      - application/json
      Accept-Encoding:
      - gzip, deflate
      CommandName:
      - network vnet create
      Connection:
      - keep-alive
      ParameterSetName:
      - -g -n --address-prefix --subnet-name --subnet-prefix
      User-Agent:
      - python/3.7.2 (Darwin-16.7.0-x86_64-i386-64bit) msrest/0.6.16 msrest_azure/0.6.3
        azure-mgmt-network/10.2.0 Azure-SDK-For-Python AZURECLI/2.8.0
    method: GET
    uri: https://management.azure.com/subscriptions/00000000-0000-0000-0000-000000000000/providers/Microsoft.Network/locations/centralus/operations/e8b9e421-5e04-4ba8-882c-dd99a3069998?api-version=2020-04-01
  response:
    body:
      string: "{\r\n  \"status\": \"Succeeded\"\r\n}"
    headers:
      cache-control:
      - no-cache
      content-length:
      - '29'
      content-type:
      - application/json; charset=utf-8
      date:
      - Tue, 30 Jun 2020 06:05:00 GMT
      expires:
      - '-1'
      pragma:
      - no-cache
      server:
      - Microsoft-HTTPAPI/2.0
      - Microsoft-HTTPAPI/2.0
      strict-transport-security:
      - max-age=31536000; includeSubDomains
      transfer-encoding:
      - chunked
      vary:
      - Accept-Encoding
      x-content-type-options:
      - nosniff
      x-ms-arm-service-request-id:
      - e7695342-c738-4cce-96da-d86ab98e6306
    status:
      code: 200
      message: OK
- request:
    body: null
    headers:
      Accept:
      - application/json
      Accept-Encoding:
      - gzip, deflate
      CommandName:
      - network vnet create
      Connection:
      - keep-alive
      ParameterSetName:
      - -g -n --address-prefix --subnet-name --subnet-prefix
      User-Agent:
      - python/3.7.2 (Darwin-16.7.0-x86_64-i386-64bit) msrest/0.6.16 msrest_azure/0.6.3
        azure-mgmt-network/10.2.0 Azure-SDK-For-Python AZURECLI/2.8.0
    method: GET
    uri: https://management.azure.com/subscriptions/00000000-0000-0000-0000-000000000000/resourceGroups/clitest.rg000001/providers/Microsoft.Network/virtualNetworks/swiftname000005?api-version=2020-04-01
  response:
    body:
      string: "{\r\n  \"name\": \"swiftname000005\",\r\n  \"id\": \"/subscriptions/00000000-0000-0000-0000-000000000000/resourceGroups/clitest.rg000001/providers/Microsoft.Network/virtualNetworks/swiftname000005\",\r\n
        \ \"etag\": \"W/\\\"4774add3-eaa1-4e65-a23f-478269679a25\\\"\",\r\n  \"type\":
        \"Microsoft.Network/virtualNetworks\",\r\n  \"location\": \"centralus\",\r\n
        \ \"tags\": {},\r\n  \"properties\": {\r\n    \"provisioningState\": \"Succeeded\",\r\n
        \   \"resourceGuid\": \"51c95f25-e0cb-42d0-9124-baca0382a53a\",\r\n    \"addressSpace\":
        {\r\n      \"addressPrefixes\": [\r\n        \"10.0.0.0/16\"\r\n      ]\r\n
        \   },\r\n    \"dhcpOptions\": {\r\n      \"dnsServers\": []\r\n    },\r\n
        \   \"subnets\": [\r\n      {\r\n        \"name\": \"swiftsubnet000004\",\r\n
        \       \"id\": \"/subscriptions/00000000-0000-0000-0000-000000000000/resourceGroups/clitest.rg000001/providers/Microsoft.Network/virtualNetworks/swiftname000005/subnets/swiftsubnet000004\",\r\n
        \       \"etag\": \"W/\\\"4774add3-eaa1-4e65-a23f-478269679a25\\\"\",\r\n
        \       \"properties\": {\r\n          \"provisioningState\": \"Succeeded\",\r\n
        \         \"addressPrefix\": \"10.0.0.0/24\",\r\n          \"delegations\":
        [],\r\n          \"privateEndpointNetworkPolicies\": \"Enabled\",\r\n          \"privateLinkServiceNetworkPolicies\":
        \"Enabled\"\r\n        },\r\n        \"type\": \"Microsoft.Network/virtualNetworks/subnets\"\r\n
        \     }\r\n    ],\r\n    \"virtualNetworkPeerings\": [],\r\n    \"enableDdosProtection\":
        false,\r\n    \"enableVmProtection\": false\r\n  }\r\n}"
    headers:
      cache-control:
      - no-cache
      content-length:
      - '1533'
      content-type:
      - application/json; charset=utf-8
      date:
      - Tue, 30 Jun 2020 06:05:00 GMT
      etag:
      - W/"4774add3-eaa1-4e65-a23f-478269679a25"
      expires:
      - '-1'
      pragma:
      - no-cache
      server:
      - Microsoft-HTTPAPI/2.0
      - Microsoft-HTTPAPI/2.0
      strict-transport-security:
      - max-age=31536000; includeSubDomains
      transfer-encoding:
      - chunked
      vary:
      - Accept-Encoding
      x-content-type-options:
      - nosniff
      x-ms-arm-service-request-id:
      - b8bd2bbe-d193-4199-89ae-5147c04e2717
    status:
      code: 200
      message: OK
- request:
    body: null
    headers:
      Accept:
      - application/json
      Accept-Encoding:
      - gzip, deflate
      CommandName:
      - network vnet subnet update
      Connection:
      - keep-alive
      ParameterSetName:
      - -g --vnet --name --delegations --service-endpoints
      User-Agent:
      - python/3.7.2 (Darwin-16.7.0-x86_64-i386-64bit) msrest/0.6.16 msrest_azure/0.6.3
        azure-mgmt-network/10.2.0 Azure-SDK-For-Python AZURECLI/2.8.0
      accept-language:
      - en-US
    method: GET
    uri: https://management.azure.com/subscriptions/00000000-0000-0000-0000-000000000000/resourceGroups/clitest.rg000001/providers/Microsoft.Network/virtualNetworks/swiftname000005/subnets/swiftsubnet000004?api-version=2020-04-01
  response:
    body:
      string: "{\r\n  \"name\": \"swiftsubnet000004\",\r\n  \"id\": \"/subscriptions/00000000-0000-0000-0000-000000000000/resourceGroups/clitest.rg000001/providers/Microsoft.Network/virtualNetworks/swiftname000005/subnets/swiftsubnet000004\",\r\n
        \ \"etag\": \"W/\\\"4774add3-eaa1-4e65-a23f-478269679a25\\\"\",\r\n  \"properties\":
        {\r\n    \"provisioningState\": \"Succeeded\",\r\n    \"addressPrefix\": \"10.0.0.0/24\",\r\n
        \   \"delegations\": [],\r\n    \"privateEndpointNetworkPolicies\": \"Enabled\",\r\n
        \   \"privateLinkServiceNetworkPolicies\": \"Enabled\"\r\n  },\r\n  \"type\":
        \"Microsoft.Network/virtualNetworks/subnets\"\r\n}"
    headers:
      cache-control:
      - no-cache
      content-length:
      - '639'
      content-type:
      - application/json; charset=utf-8
      date:
      - Tue, 30 Jun 2020 06:05:01 GMT
      etag:
      - W/"4774add3-eaa1-4e65-a23f-478269679a25"
      expires:
      - '-1'
      pragma:
      - no-cache
      server:
      - Microsoft-HTTPAPI/2.0
      - Microsoft-HTTPAPI/2.0
      strict-transport-security:
      - max-age=31536000; includeSubDomains
      transfer-encoding:
      - chunked
      vary:
      - Accept-Encoding
      x-content-type-options:
      - nosniff
      x-ms-arm-service-request-id:
      - fca48238-70c6-4484-8f48-25cb64e655c3
    status:
      code: 200
      message: OK
- request:
    body: 'b''{"id": "/subscriptions/00000000-0000-0000-0000-000000000000/resourceGroups/clitest.rg000001/providers/Microsoft.Network/virtualNetworks/swiftname000005/subnets/swiftsubnet000004",
      "properties": {"addressPrefix": "10.0.0.0/24", "serviceEndpoints": [{"service":
      "Microsoft.Storage"}], "delegations": [{"properties": {"serviceName": "Microsoft.Web/serverfarms"},
      "name": "0"}], "privateEndpointNetworkPolicies": "Enabled", "privateLinkServiceNetworkPolicies":
      "Enabled"}, "name": "swiftsubnet000004"}'''
    headers:
      Accept:
      - application/json
      Accept-Encoding:
      - gzip, deflate
      CommandName:
      - network vnet subnet update
      Connection:
      - keep-alive
      Content-Length:
      - '579'
      Content-Type:
      - application/json; charset=utf-8
      ParameterSetName:
      - -g --vnet --name --delegations --service-endpoints
      User-Agent:
      - python/3.7.2 (Darwin-16.7.0-x86_64-i386-64bit) msrest/0.6.16 msrest_azure/0.6.3
        azure-mgmt-network/10.2.0 Azure-SDK-For-Python AZURECLI/2.8.0
      accept-language:
      - en-US
    method: PUT
    uri: https://management.azure.com/subscriptions/00000000-0000-0000-0000-000000000000/resourceGroups/clitest.rg000001/providers/Microsoft.Network/virtualNetworks/swiftname000005/subnets/swiftsubnet000004?api-version=2020-04-01
  response:
    body:
      string: "{\r\n  \"name\": \"swiftsubnet000004\",\r\n  \"id\": \"/subscriptions/00000000-0000-0000-0000-000000000000/resourceGroups/clitest.rg000001/providers/Microsoft.Network/virtualNetworks/swiftname000005/subnets/swiftsubnet000004\",\r\n
        \ \"etag\": \"W/\\\"f1a270f4-bf21-4e3b-bde4-81f78ec7a90e\\\"\",\r\n  \"properties\":
        {\r\n    \"provisioningState\": \"Updating\",\r\n    \"addressPrefix\": \"10.0.0.0/24\",\r\n
        \   \"serviceEndpoints\": [\r\n      {\r\n        \"provisioningState\": \"Updating\",\r\n
        \       \"service\": \"Microsoft.Storage\",\r\n        \"locations\": [\r\n
        \         \"centralus\",\r\n          \"eastus2\"\r\n        ]\r\n      }\r\n
        \   ],\r\n    \"delegations\": [\r\n      {\r\n        \"name\": \"0\",\r\n
        \       \"id\": \"/subscriptions/00000000-0000-0000-0000-000000000000/resourceGroups/clitest.rg000001/providers/Microsoft.Network/virtualNetworks/swiftname000005/subnets/swiftsubnet000004/delegations/0\",\r\n
        \       \"etag\": \"W/\\\"f1a270f4-bf21-4e3b-bde4-81f78ec7a90e\\\"\",\r\n
        \       \"properties\": {\r\n          \"provisioningState\": \"Succeeded\",\r\n
        \         \"serviceName\": \"Microsoft.Web/serverfarms\",\r\n          \"actions\":
        [\r\n            \"Microsoft.Network/virtualNetworks/subnets/action\"\r\n
        \         ]\r\n        },\r\n        \"type\": \"Microsoft.Network/virtualNetworks/subnets/delegations\"\r\n
        \     }\r\n    ],\r\n    \"privateEndpointNetworkPolicies\": \"Enabled\",\r\n
        \   \"privateLinkServiceNetworkPolicies\": \"Enabled\"\r\n  },\r\n  \"type\":
        \"Microsoft.Network/virtualNetworks/subnets\"\r\n}"
    headers:
      azure-asyncoperation:
      - https://management.azure.com/subscriptions/00000000-0000-0000-0000-000000000000/providers/Microsoft.Network/locations/centralus/operations/f9dece93-e4ec-4d71-8802-386d45176739?api-version=2020-04-01
      cache-control:
      - no-cache
      content-length:
      - '1551'
      content-type:
      - application/json; charset=utf-8
      date:
      - Tue, 30 Jun 2020 06:05:02 GMT
      expires:
      - '-1'
      pragma:
      - no-cache
      server:
      - Microsoft-HTTPAPI/2.0
      - Microsoft-HTTPAPI/2.0
      strict-transport-security:
      - max-age=31536000; includeSubDomains
      transfer-encoding:
      - chunked
      vary:
      - Accept-Encoding
      x-content-type-options:
      - nosniff
      x-ms-arm-service-request-id:
      - 04bc3cc5-0d1b-475c-bfeb-08fe828abc23
      x-ms-ratelimit-remaining-subscription-writes:
      - '1199'
    status:
      code: 200
      message: OK
- request:
    body: null
    headers:
      Accept:
      - application/json
      Accept-Encoding:
      - gzip, deflate
      CommandName:
      - network vnet subnet update
      Connection:
      - keep-alive
      ParameterSetName:
      - -g --vnet --name --delegations --service-endpoints
      User-Agent:
      - python/3.7.2 (Darwin-16.7.0-x86_64-i386-64bit) msrest/0.6.16 msrest_azure/0.6.3
        azure-mgmt-network/10.2.0 Azure-SDK-For-Python AZURECLI/2.8.0
    method: GET
    uri: https://management.azure.com/subscriptions/00000000-0000-0000-0000-000000000000/providers/Microsoft.Network/locations/centralus/operations/f9dece93-e4ec-4d71-8802-386d45176739?api-version=2020-04-01
  response:
    body:
      string: "{\r\n  \"status\": \"Succeeded\"\r\n}"
    headers:
      cache-control:
      - no-cache
      content-length:
      - '29'
      content-type:
      - application/json; charset=utf-8
      date:
      - Tue, 30 Jun 2020 06:05:05 GMT
      expires:
      - '-1'
      pragma:
      - no-cache
      server:
      - Microsoft-HTTPAPI/2.0
      - Microsoft-HTTPAPI/2.0
      strict-transport-security:
      - max-age=31536000; includeSubDomains
      transfer-encoding:
      - chunked
      vary:
      - Accept-Encoding
      x-content-type-options:
      - nosniff
      x-ms-arm-service-request-id:
      - 11d60f54-c94d-4e0d-931c-7dde5dd2c64e
    status:
      code: 200
      message: OK
- request:
    body: null
    headers:
      Accept:
      - application/json
      Accept-Encoding:
      - gzip, deflate
      CommandName:
      - network vnet subnet update
      Connection:
      - keep-alive
      ParameterSetName:
      - -g --vnet --name --delegations --service-endpoints
      User-Agent:
      - python/3.7.2 (Darwin-16.7.0-x86_64-i386-64bit) msrest/0.6.16 msrest_azure/0.6.3
        azure-mgmt-network/10.2.0 Azure-SDK-For-Python AZURECLI/2.8.0
    method: GET
    uri: https://management.azure.com/subscriptions/00000000-0000-0000-0000-000000000000/resourceGroups/clitest.rg000001/providers/Microsoft.Network/virtualNetworks/swiftname000005/subnets/swiftsubnet000004?api-version=2020-04-01
  response:
    body:
      string: "{\r\n  \"name\": \"swiftsubnet000004\",\r\n  \"id\": \"/subscriptions/00000000-0000-0000-0000-000000000000/resourceGroups/clitest.rg000001/providers/Microsoft.Network/virtualNetworks/swiftname000005/subnets/swiftsubnet000004\",\r\n
        \ \"etag\": \"W/\\\"c67e5073-1797-4d8d-af74-2adb62d53999\\\"\",\r\n  \"properties\":
        {\r\n    \"provisioningState\": \"Succeeded\",\r\n    \"addressPrefix\": \"10.0.0.0/24\",\r\n
        \   \"serviceEndpoints\": [\r\n      {\r\n        \"provisioningState\": \"Succeeded\",\r\n
        \       \"service\": \"Microsoft.Storage\",\r\n        \"locations\": [\r\n
        \         \"centralus\",\r\n          \"eastus2\"\r\n        ]\r\n      }\r\n
        \   ],\r\n    \"delegations\": [\r\n      {\r\n        \"name\": \"0\",\r\n
        \       \"id\": \"/subscriptions/00000000-0000-0000-0000-000000000000/resourceGroups/clitest.rg000001/providers/Microsoft.Network/virtualNetworks/swiftname000005/subnets/swiftsubnet000004/delegations/0\",\r\n
        \       \"etag\": \"W/\\\"c67e5073-1797-4d8d-af74-2adb62d53999\\\"\",\r\n
        \       \"properties\": {\r\n          \"provisioningState\": \"Succeeded\",\r\n
        \         \"serviceName\": \"Microsoft.Web/serverfarms\",\r\n          \"actions\":
        [\r\n            \"Microsoft.Network/virtualNetworks/subnets/action\"\r\n
        \         ]\r\n        },\r\n        \"type\": \"Microsoft.Network/virtualNetworks/subnets/delegations\"\r\n
        \     }\r\n    ],\r\n    \"privateEndpointNetworkPolicies\": \"Enabled\",\r\n
        \   \"privateLinkServiceNetworkPolicies\": \"Enabled\"\r\n  },\r\n  \"type\":
        \"Microsoft.Network/virtualNetworks/subnets\"\r\n}"
    headers:
      cache-control:
      - no-cache
      content-length:
      - '1553'
      content-type:
      - application/json; charset=utf-8
      date:
      - Tue, 30 Jun 2020 06:05:05 GMT
      etag:
      - W/"c67e5073-1797-4d8d-af74-2adb62d53999"
      expires:
      - '-1'
      pragma:
      - no-cache
      server:
      - Microsoft-HTTPAPI/2.0
      - Microsoft-HTTPAPI/2.0
      strict-transport-security:
      - max-age=31536000; includeSubDomains
      transfer-encoding:
      - chunked
      vary:
      - Accept-Encoding
      x-content-type-options:
      - nosniff
      x-ms-arm-service-request-id:
      - 7c2912ed-5c64-48f0-8b79-fa95d6e0252f
    status:
      code: 200
      message: OK
- request:
    body: null
    headers:
      Accept:
      - application/json
      Accept-Encoding:
      - gzip, deflate
      CommandName:
      - appservice plan create
      Connection:
      - keep-alive
      ParameterSetName:
      - -g -n --sku
      User-Agent:
      - python/3.7.2 (Darwin-16.7.0-x86_64-i386-64bit) msrest/0.6.16 msrest_azure/0.6.3
        azure-mgmt-resource/10.0.0 Azure-SDK-For-Python AZURECLI/2.8.0
      accept-language:
      - en-US
    method: GET
    uri: https://management.azure.com/subscriptions/00000000-0000-0000-0000-000000000000/resourcegroups/clitest.rg000001?api-version=2019-07-01
  response:
    body:
      string: '{"id":"/subscriptions/00000000-0000-0000-0000-000000000000/resourceGroups/clitest.rg000001","name":"clitest.rg000001","type":"Microsoft.Resources/resourceGroups","location":"centralus","tags":{"product":"azurecli","cause":"automation","date":"2020-06-30T06:04:56Z"},"properties":{"provisioningState":"Succeeded"}}'
    headers:
      cache-control:
      - no-cache
      content-length:
      - '431'
      content-type:
      - application/json; charset=utf-8
      date:
      - Tue, 30 Jun 2020 06:05:06 GMT
      expires:
      - '-1'
      pragma:
      - no-cache
      strict-transport-security:
      - max-age=31536000; includeSubDomains
      vary:
      - Accept-Encoding
      x-content-type-options:
      - nosniff
    status:
      code: 200
      message: OK
- request:
    body: '{"name": "swiftplan000003", "type": "Microsoft.Web/serverfarms", "location":
      "centralus", "properties": {"skuName": "P1V2", "capacity": 1}}'
    headers:
      Accept:
      - application/json
      Accept-Encoding:
      - gzip, deflate
      CommandName:
      - appservice plan create
      Connection:
      - keep-alive
      Content-Length:
      - '148'
      Content-Type:
      - application/json; charset=utf-8
      ParameterSetName:
      - -g -n --sku
      User-Agent:
      - python/3.7.2 (Darwin-16.7.0-x86_64-i386-64bit) msrest/0.6.16 msrest_azure/0.6.3
        azure-mgmt-web/0.46.0 Azure-SDK-For-Python AZURECLI/2.8.0
      accept-language:
      - en-US
    method: POST
    uri: https://management.azure.com/subscriptions/00000000-0000-0000-0000-000000000000/resourceGroups/clitest.rg000001/providers/Microsoft.Web/validate?api-version=2019-08-01
  response:
    body:
      string: '{"status":"Success","error":null}'
    headers:
      cache-control:
      - no-cache
      content-length:
      - '33'
      content-type:
      - application/json
      date:
      - Tue, 30 Jun 2020 06:05:06 GMT
      expires:
      - '-1'
      pragma:
      - no-cache
      server:
      - Microsoft-IIS/10.0
      strict-transport-security:
      - max-age=31536000; includeSubDomains
      transfer-encoding:
      - chunked
      vary:
      - Accept-Encoding
      x-aspnet-version:
      - 4.0.30319
      x-content-type-options:
      - nosniff
      x-ms-ratelimit-remaining-subscription-writes:
      - '1199'
      x-powered-by:
      - ASP.NET
    status:
      code: 200
      message: OK
- request:
    body: null
    headers:
      Accept:
      - application/json
      Accept-Encoding:
      - gzip, deflate
      CommandName:
      - appservice plan create
      Connection:
      - keep-alive
      ParameterSetName:
      - -g -n --sku
      User-Agent:
      - python/3.7.2 (Darwin-16.7.0-x86_64-i386-64bit) msrest/0.6.16 msrest_azure/0.6.3
        azure-mgmt-resource/10.0.0 Azure-SDK-For-Python AZURECLI/2.8.0
      accept-language:
      - en-US
    method: GET
    uri: https://management.azure.com/subscriptions/00000000-0000-0000-0000-000000000000/resourcegroups/clitest.rg000001?api-version=2019-07-01
  response:
    body:
      string: '{"id":"/subscriptions/00000000-0000-0000-0000-000000000000/resourceGroups/clitest.rg000001","name":"clitest.rg000001","type":"Microsoft.Resources/resourceGroups","location":"centralus","tags":{"product":"azurecli","cause":"automation","date":"2020-06-30T06:04:56Z"},"properties":{"provisioningState":"Succeeded"}}'
    headers:
      cache-control:
      - no-cache
      content-length:
      - '431'
      content-type:
      - application/json; charset=utf-8
      date:
      - Tue, 30 Jun 2020 06:05:07 GMT
      expires:
      - '-1'
      pragma:
      - no-cache
      strict-transport-security:
      - max-age=31536000; includeSubDomains
      vary:
      - Accept-Encoding
      x-content-type-options:
      - nosniff
    status:
      code: 200
      message: OK
- request:
    body: '{"location": "centralus", "properties": {"perSiteScaling": false, "isXenon":
      false}, "sku": {"name": "P1V2", "tier": "PREMIUMV2", "capacity": 1}}'
    headers:
      Accept:
      - application/json
      Accept-Encoding:
      - gzip, deflate
      CommandName:
      - appservice plan create
      Connection:
      - keep-alive
      Content-Length:
      - '145'
      Content-Type:
      - application/json; charset=utf-8
      ParameterSetName:
      - -g -n --sku
      User-Agent:
      - python/3.7.2 (Darwin-16.7.0-x86_64-i386-64bit) msrest/0.6.16 msrest_azure/0.6.3
        azure-mgmt-web/0.46.0 Azure-SDK-For-Python AZURECLI/2.8.0
      accept-language:
      - en-US
    method: PUT
    uri: https://management.azure.com/subscriptions/00000000-0000-0000-0000-000000000000/resourceGroups/clitest.rg000001/providers/Microsoft.Web/serverfarms/swiftplan000003?api-version=2019-08-01
  response:
    body:
      string: '{"id":"/subscriptions/00000000-0000-0000-0000-000000000000/resourceGroups/clitest.rg000001/providers/Microsoft.Web/serverfarms/swiftplan000003","name":"swiftplan000003","type":"Microsoft.Web/serverfarms","kind":"app","location":"Central
        US","properties":{"serverFarmId":40384,"name":"swiftplan000003","workerSize":"D1","workerSizeId":3,"workerTierName":null,"numberOfWorkers":1,"currentWorkerSize":"D1","currentWorkerSizeId":3,"currentNumberOfWorkers":1,"status":"Ready","webSpace":"clitest.rg000001-CentralUSwebspace","subscription":"5700fc96-77b4-4f8d-afce-c353d8c443bd","adminSiteName":null,"hostingEnvironment":null,"hostingEnvironmentProfile":null,"maximumNumberOfWorkers":30,"planName":"VirtualDedicatedPlan","adminRuntimeSiteName":null,"computeMode":"Dedicated","siteMode":null,"geoRegion":"Central
        US","perSiteScaling":false,"maximumElasticWorkerCount":1,"numberOfSites":0,"hostingEnvironmentId":null,"isSpot":false,"spotExpirationTime":null,"freeOfferExpirationTime":null,"tags":null,"kind":"app","resourceGroup":"clitest.rg000001","reserved":false,"isXenon":false,"hyperV":false,"mdmId":"waws-prod-dm1-087_40384","targetWorkerCount":0,"targetWorkerSizeId":0,"provisioningState":"Succeeded","webSiteId":null,"existingServerFarmIds":null},"sku":{"name":"P1v2","tier":"PremiumV2","size":"P1v2","family":"Pv2","capacity":1}}'
    headers:
      cache-control:
      - no-cache
      content-length:
      - '1534'
      content-type:
      - application/json
      date:
      - Tue, 30 Jun 2020 06:05:13 GMT
      expires:
      - '-1'
      pragma:
      - no-cache
      server:
      - Microsoft-IIS/10.0
      strict-transport-security:
      - max-age=31536000; includeSubDomains
      transfer-encoding:
      - chunked
      vary:
      - Accept-Encoding
      x-aspnet-version:
      - 4.0.30319
      x-content-type-options:
      - nosniff
      x-ms-ratelimit-remaining-subscription-writes:
      - '1198'
      x-powered-by:
      - ASP.NET
    status:
      code: 200
      message: OK
- request:
    body: null
    headers:
      Accept:
      - application/json
      Accept-Encoding:
      - gzip, deflate
      CommandName:
      - webapp create
      Connection:
      - keep-alive
      ParameterSetName:
      - -g -n --plan
      User-Agent:
      - python/3.7.2 (Darwin-16.7.0-x86_64-i386-64bit) msrest/0.6.16 msrest_azure/0.6.3
        azure-mgmt-web/0.46.0 Azure-SDK-For-Python AZURECLI/2.8.0
      accept-language:
      - en-US
    method: GET
    uri: https://management.azure.com/subscriptions/00000000-0000-0000-0000-000000000000/resourceGroups/clitest.rg000001/providers/Microsoft.Web/serverfarms/swiftplan000003?api-version=2019-08-01
  response:
    body:
      string: '{"id":"/subscriptions/00000000-0000-0000-0000-000000000000/resourceGroups/clitest.rg000001/providers/Microsoft.Web/serverfarms/swiftplan000003","name":"swiftplan000003","type":"Microsoft.Web/serverfarms","kind":"app","location":"Central
        US","properties":{"serverFarmId":40384,"name":"swiftplan000003","workerSize":"D1","workerSizeId":3,"workerTierName":null,"numberOfWorkers":1,"currentWorkerSize":"D1","currentWorkerSizeId":3,"currentNumberOfWorkers":1,"status":"Ready","webSpace":"clitest.rg000001-CentralUSwebspace","subscription":"5700fc96-77b4-4f8d-afce-c353d8c443bd","adminSiteName":null,"hostingEnvironment":null,"hostingEnvironmentProfile":null,"maximumNumberOfWorkers":30,"planName":"VirtualDedicatedPlan","adminRuntimeSiteName":null,"computeMode":"Dedicated","siteMode":null,"geoRegion":"Central
        US","perSiteScaling":false,"maximumElasticWorkerCount":1,"numberOfSites":0,"hostingEnvironmentId":null,"isSpot":false,"spotExpirationTime":null,"freeOfferExpirationTime":null,"tags":null,"kind":"app","resourceGroup":"clitest.rg000001","reserved":false,"isXenon":false,"hyperV":false,"mdmId":"waws-prod-dm1-087_40384","targetWorkerCount":0,"targetWorkerSizeId":0,"provisioningState":"Succeeded","webSiteId":null,"existingServerFarmIds":null},"sku":{"name":"P1v2","tier":"PremiumV2","size":"P1v2","family":"Pv2","capacity":1}}'
    headers:
      cache-control:
      - no-cache
      content-length:
      - '1534'
      content-type:
      - application/json
      date:
      - Tue, 30 Jun 2020 06:05:13 GMT
      expires:
      - '-1'
      pragma:
      - no-cache
      server:
      - Microsoft-IIS/10.0
      strict-transport-security:
      - max-age=31536000; includeSubDomains
      transfer-encoding:
      - chunked
      vary:
      - Accept-Encoding
      x-aspnet-version:
      - 4.0.30319
      x-content-type-options:
      - nosniff
      x-powered-by:
      - ASP.NET
    status:
      code: 200
      message: OK
- request:
    body: 'b''{"name": "swiftwebapp000002", "type": "Microsoft.Web/sites", "location":
      "Central US", "properties": {"serverFarmId": "/subscriptions/00000000-0000-0000-0000-000000000000/resourceGroups/clitest.rg000001/providers/Microsoft.Web/serverfarms/swiftplan000003"}}'''
    headers:
      Accept:
      - application/json
      Accept-Encoding:
      - gzip, deflate
      CommandName:
      - webapp create
      Connection:
      - keep-alive
      Content-Length:
      - '332'
      Content-Type:
      - application/json; charset=utf-8
      ParameterSetName:
      - -g -n --plan
      User-Agent:
      - python/3.7.2 (Darwin-16.7.0-x86_64-i386-64bit) msrest/0.6.16 msrest_azure/0.6.3
        azure-mgmt-web/0.46.0 Azure-SDK-For-Python AZURECLI/2.8.0
      accept-language:
      - en-US
    method: POST
    uri: https://management.azure.com/subscriptions/00000000-0000-0000-0000-000000000000/resourceGroups/clitest.rg000001/providers/Microsoft.Web/validate?api-version=2019-08-01
  response:
    body:
      string: '{"status":"Success","error":null}'
    headers:
      cache-control:
      - no-cache
      content-length:
      - '33'
      content-type:
      - application/json
      date:
      - Tue, 30 Jun 2020 06:05:14 GMT
      expires:
      - '-1'
      pragma:
      - no-cache
      server:
      - Microsoft-IIS/10.0
      strict-transport-security:
      - max-age=31536000; includeSubDomains
      transfer-encoding:
      - chunked
      vary:
      - Accept-Encoding
      x-aspnet-version:
      - 4.0.30319
      x-content-type-options:
      - nosniff
      x-ms-ratelimit-remaining-subscription-writes:
      - '1198'
      x-powered-by:
      - ASP.NET
    status:
      code: 200
      message: OK
- request:
    body: null
    headers:
      Accept:
      - application/json
      Accept-Encoding:
      - gzip, deflate
      CommandName:
      - webapp create
      Connection:
      - keep-alive
      ParameterSetName:
      - -g -n --plan
      User-Agent:
      - python/3.7.2 (Darwin-16.7.0-x86_64-i386-64bit) msrest/0.6.16 msrest_azure/0.6.3
        azure-mgmt-web/0.46.0 Azure-SDK-For-Python AZURECLI/2.8.0
      accept-language:
      - en-US
    method: GET
    uri: https://management.azure.com/subscriptions/00000000-0000-0000-0000-000000000000/resourceGroups/clitest.rg000001/providers/Microsoft.Web/serverfarms/swiftplan000003?api-version=2019-08-01
  response:
    body:
      string: '{"id":"/subscriptions/00000000-0000-0000-0000-000000000000/resourceGroups/clitest.rg000001/providers/Microsoft.Web/serverfarms/swiftplan000003","name":"swiftplan000003","type":"Microsoft.Web/serverfarms","kind":"app","location":"Central
        US","properties":{"serverFarmId":40384,"name":"swiftplan000003","workerSize":"D1","workerSizeId":3,"workerTierName":null,"numberOfWorkers":1,"currentWorkerSize":"D1","currentWorkerSizeId":3,"currentNumberOfWorkers":1,"status":"Ready","webSpace":"clitest.rg000001-CentralUSwebspace","subscription":"5700fc96-77b4-4f8d-afce-c353d8c443bd","adminSiteName":null,"hostingEnvironment":null,"hostingEnvironmentProfile":null,"maximumNumberOfWorkers":30,"planName":"VirtualDedicatedPlan","adminRuntimeSiteName":null,"computeMode":"Dedicated","siteMode":null,"geoRegion":"Central
        US","perSiteScaling":false,"maximumElasticWorkerCount":1,"numberOfSites":0,"hostingEnvironmentId":null,"isSpot":false,"spotExpirationTime":null,"freeOfferExpirationTime":null,"tags":null,"kind":"app","resourceGroup":"clitest.rg000001","reserved":false,"isXenon":false,"hyperV":false,"mdmId":"waws-prod-dm1-087_40384","targetWorkerCount":0,"targetWorkerSizeId":0,"provisioningState":"Succeeded","webSiteId":null,"existingServerFarmIds":null},"sku":{"name":"P1v2","tier":"PremiumV2","size":"P1v2","family":"Pv2","capacity":1}}'
    headers:
      cache-control:
      - no-cache
      content-length:
      - '1534'
      content-type:
      - application/json
      date:
      - Tue, 30 Jun 2020 06:05:14 GMT
      expires:
      - '-1'
      pragma:
      - no-cache
      server:
      - Microsoft-IIS/10.0
      strict-transport-security:
      - max-age=31536000; includeSubDomains
      transfer-encoding:
      - chunked
      vary:
      - Accept-Encoding
      x-aspnet-version:
      - 4.0.30319
      x-content-type-options:
      - nosniff
      x-powered-by:
      - ASP.NET
    status:
      code: 200
      message: OK
- request:
    body: '{"name": "swiftwebapp000002", "type": "Site"}'
    headers:
      Accept:
      - application/json
      Accept-Encoding:
      - gzip, deflate
      CommandName:
      - webapp create
      Connection:
      - keep-alive
      Content-Length:
      - '52'
      Content-Type:
      - application/json; charset=utf-8
      ParameterSetName:
      - -g -n --plan
      User-Agent:
      - python/3.7.2 (Darwin-16.7.0-x86_64-i386-64bit) msrest/0.6.16 msrest_azure/0.6.3
        azure-mgmt-web/0.46.0 Azure-SDK-For-Python AZURECLI/2.8.0
      accept-language:
      - en-US
    method: POST
    uri: https://management.azure.com/subscriptions/00000000-0000-0000-0000-000000000000/providers/Microsoft.Web/checknameavailability?api-version=2019-08-01
  response:
    body:
      string: '{"nameAvailable":true,"reason":"","message":""}'
    headers:
      cache-control:
      - no-cache
      content-length:
      - '47'
      content-type:
      - application/json
      date:
      - Tue, 30 Jun 2020 06:05:15 GMT
      expires:
      - '-1'
      pragma:
      - no-cache
      server:
      - Microsoft-IIS/10.0
      strict-transport-security:
      - max-age=31536000; includeSubDomains
      transfer-encoding:
      - chunked
      vary:
      - Accept-Encoding
      x-aspnet-version:
      - 4.0.30319
      x-content-type-options:
      - nosniff
      x-powered-by:
      - ASP.NET
    status:
      code: 200
      message: OK
- request:
    body: 'b''{"location": "Central US", "properties": {"serverFarmId": "/subscriptions/00000000-0000-0000-0000-000000000000/resourceGroups/clitest.rg000001/providers/Microsoft.Web/serverfarms/swiftplan000003",
      "reserved": false, "isXenon": false, "hyperV": false, "siteConfig": {"netFrameworkVersion":
      "v4.6", "appSettings": [{"name": "WEBSITE_NODE_DEFAULT_VERSION", "value": "10.14"}],
      "alwaysOn": true, "localMySqlEnabled": false, "http20Enabled": true}, "scmSiteAlsoStopped":
      false, "httpsOnly": false}}'''
    headers:
      Accept:
      - application/json
      Accept-Encoding:
      - gzip, deflate
      CommandName:
      - webapp create
      Connection:
      - keep-alive
      Content-Length:
      - '561'
      Content-Type:
      - application/json; charset=utf-8
      ParameterSetName:
      - -g -n --plan
      User-Agent:
      - python/3.7.2 (Darwin-16.7.0-x86_64-i386-64bit) msrest/0.6.16 msrest_azure/0.6.3
        azure-mgmt-web/0.46.0 Azure-SDK-For-Python AZURECLI/2.8.0
      accept-language:
      - en-US
    method: PUT
    uri: https://management.azure.com/subscriptions/00000000-0000-0000-0000-000000000000/resourceGroups/clitest.rg000001/providers/Microsoft.Web/sites/swiftwebapp000002?api-version=2019-08-01
  response:
    body:
      string: '{"id":"/subscriptions/00000000-0000-0000-0000-000000000000/resourceGroups/clitest.rg000001/providers/Microsoft.Web/sites/swiftwebapp000002","name":"swiftwebapp000002","type":"Microsoft.Web/sites","kind":"app","location":"Central
        US","properties":{"name":"swiftwebapp000002","state":"Running","hostNames":["swiftwebapp000002.azurewebsites.net"],"webSpace":"clitest.rg000001-CentralUSwebspace","selfLink":"https://waws-prod-dm1-087.api.azurewebsites.windows.net:454/subscriptions/00000000-0000-0000-0000-000000000000/webspaces/clitest.rg000001-CentralUSwebspace/sites/swiftwebapp000002","repositorySiteName":"swiftwebapp000002","owner":null,"usageState":"Normal","enabled":true,"adminEnabled":true,"enabledHostNames":["swiftwebapp000002.azurewebsites.net","swiftwebapp000002.scm.azurewebsites.net"],"siteProperties":{"metadata":null,"properties":[{"name":"LinuxFxVersion","value":""},{"name":"WindowsFxVersion","value":null}],"appSettings":null},"availabilityState":"Normal","sslCertificates":null,"csrs":[],"cers":null,"siteMode":null,"hostNameSslStates":[{"name":"swiftwebapp000002.azurewebsites.net","sslState":"Disabled","ipBasedSslResult":null,"virtualIP":null,"thumbprint":null,"toUpdate":null,"toUpdateIpBasedSsl":null,"ipBasedSslState":"NotConfigured","hostType":"Standard"},{"name":"swiftwebapp000002.scm.azurewebsites.net","sslState":"Disabled","ipBasedSslResult":null,"virtualIP":null,"thumbprint":null,"toUpdate":null,"toUpdateIpBasedSsl":null,"ipBasedSslState":"NotConfigured","hostType":"Repository"}],"computeMode":null,"serverFarm":null,"serverFarmId":"/subscriptions/00000000-0000-0000-0000-000000000000/resourceGroups/clitest.rg000001/providers/Microsoft.Web/serverfarms/swiftplan000003","reserved":false,"isXenon":false,"hyperV":false,"lastModifiedTimeUtc":"2020-06-30T06:05:18.7966667","storageRecoveryDefaultState":"Running","contentAvailabilityState":"Normal","runtimeAvailabilityState":"Normal","siteConfig":{"numberOfWorkers":null,"defaultDocuments":null,"netFrameworkVersion":null,"phpVersion":null,"pythonVersion":null,"nodeVersion":null,"powerShellVersion":null,"linuxFxVersion":null,"windowsFxVersion":null,"requestTracingEnabled":null,"remoteDebuggingEnabled":null,"remoteDebuggingVersion":null,"httpLoggingEnabled":null,"azureMonitorLogCategories":null,"acrUseManagedIdentityCreds":false,"acrUserManagedIdentityID":null,"logsDirectorySizeLimit":null,"detailedErrorLoggingEnabled":null,"publishingUsername":null,"publishingPassword":null,"appSettings":null,"metadata":null,"connectionStrings":null,"machineKey":null,"handlerMappings":null,"documentRoot":null,"scmType":null,"use32BitWorkerProcess":null,"webSocketsEnabled":null,"alwaysOn":null,"javaVersion":null,"javaContainer":null,"javaContainerVersion":null,"appCommandLine":null,"managedPipelineMode":null,"virtualApplications":null,"winAuthAdminState":null,"winAuthTenantState":null,"customAppPoolIdentityAdminState":null,"customAppPoolIdentityTenantState":null,"runtimeADUser":null,"runtimeADUserPassword":null,"loadBalancing":null,"routingRules":null,"experiments":null,"limits":null,"autoHealEnabled":null,"autoHealRules":null,"tracingOptions":null,"vnetName":null,"cors":null,"push":null,"apiDefinition":null,"apiManagementConfig":null,"autoSwapSlotName":null,"localMySqlEnabled":null,"managedServiceIdentityId":null,"xManagedServiceIdentityId":null,"ipSecurityRestrictions":[{"ipAddress":"Any","action":"Allow","priority":1,"name":"Allow
        all","description":"Allow all access"}],"scmIpSecurityRestrictions":[{"ipAddress":"Any","action":"Allow","priority":1,"name":"Allow
        all","description":"Allow all access"}],"scmIpSecurityRestrictionsUseMain":null,"http20Enabled":null,"minTlsVersion":null,"ftpsState":null,"preWarmedInstanceCount":null,"healthCheckPath":null,"fileChangeAuditEnabled":null,"functionsRuntimeScaleMonitoringEnabled":null,"websiteTimeZone":null,"minimumElasticInstanceCount":0},"deploymentId":"swiftwebapp000002","trafficManagerHostNames":null,"sku":"PremiumV2","scmSiteAlsoStopped":false,"targetSwapSlot":null,"hostingEnvironment":null,"hostingEnvironmentProfile":null,"clientAffinityEnabled":true,"clientCertEnabled":false,"clientCertMode":"Required","clientCertExclusionPaths":null,"hostNamesDisabled":false,"domainVerificationIdentifiers":null,"customDomainVerificationId":"A5B12E93C19D795D34DF79C449C2C3BAF58329ACBE54CAAF49EDCD93822ACCE8","kind":"app","inboundIpAddress":"52.173.139.99","possibleInboundIpAddresses":"52.173.139.99","ftpUsername":"swiftwebapp000002\\$swiftwebapp000002","ftpsHostName":"ftps://waws-prod-dm1-087.ftp.azurewebsites.windows.net/site/wwwroot","outboundIpAddresses":"52.176.107.202,52.173.184.202,52.173.190.226","possibleOutboundIpAddresses":"52.173.139.99,52.173.188.229,52.173.184.127,52.173.186.243,52.173.190.95,52.176.107.202,52.173.184.202,52.173.190.226","containerSize":0,"dailyMemoryTimeQuota":0,"suspendedTill":null,"siteDisabledReason":0,"functionExecutionUnitsCache":null,"maxNumberOfWorkers":null,"homeStamp":"waws-prod-dm1-087","cloningInfo":null,"hostingEnvironmentId":null,"tags":null,"resourceGroup":"clitest.rg000001","defaultHostName":"swiftwebapp000002.azurewebsites.net","slotSwapStatus":null,"httpsOnly":false,"redundancyMode":"None","inProgressOperationId":null,"geoDistributions":null,"privateEndpointConnections":null,"buildVersion":null,"targetBuildVersion":null}}'
    headers:
      cache-control:
      - no-cache
      content-length:
      - '5729'
      content-type:
      - application/json
      date:
      - Tue, 30 Jun 2020 06:05:34 GMT
      etag:
      - '"1D64EA46EB3F9A0"'
      expires:
      - '-1'
      pragma:
      - no-cache
      server:
      - Microsoft-IIS/10.0
      strict-transport-security:
      - max-age=31536000; includeSubDomains
      transfer-encoding:
      - chunked
      vary:
      - Accept-Encoding
      x-aspnet-version:
      - 4.0.30319
      x-content-type-options:
      - nosniff
      x-ms-ratelimit-remaining-subscription-resource-requests:
      - '499'
      x-powered-by:
      - ASP.NET
    status:
      code: 200
      message: OK
- request:
    body: '{}'
    headers:
      Accept:
      - application/xml
      Accept-Encoding:
      - gzip, deflate
      CommandName:
      - webapp create
      Connection:
      - keep-alive
      Content-Length:
      - '2'
      Content-Type:
      - application/json; charset=utf-8
      ParameterSetName:
      - -g -n --plan
      User-Agent:
      - python/3.7.2 (Darwin-16.7.0-x86_64-i386-64bit) msrest/0.6.16 msrest_azure/0.6.3
        azure-mgmt-web/0.46.0 Azure-SDK-For-Python AZURECLI/2.8.0
      accept-language:
      - en-US
    method: POST
    uri: https://management.azure.com/subscriptions/00000000-0000-0000-0000-000000000000/resourceGroups/clitest.rg000001/providers/Microsoft.Web/sites/swiftwebapp000002/publishxml?api-version=2019-08-01
  response:
    body:
      string: <publishData><publishProfile profileName="swiftwebapp000002 - Web Deploy"
        publishMethod="MSDeploy" publishUrl="swiftwebapp000002.scm.azurewebsites.net:443"
        msdeploySite="swiftwebapp000002" userName="$swiftwebapp000002" userPWD="R73gZSuYJpEEoa7oPcjDerTEmgAtfD5EfZJeMxmXlDKg7qrnjcSbEqux4NEi"
        destinationAppUrl="http://swiftwebapp000002.azurewebsites.net" SQLServerDBConnectionString=""
        mySQLDBConnectionString="" hostingProviderForumLink="" controlPanelLink="http://windows.azure.com"
        webSystem="WebSites"><databases /></publishProfile><publishProfile profileName="swiftwebapp000002
        - FTP" publishMethod="FTP" publishUrl="ftp://waws-prod-dm1-087.ftp.azurewebsites.windows.net/site/wwwroot"
        ftpPassiveMode="True" userName="swiftwebapp000002\$swiftwebapp000002" userPWD="R73gZSuYJpEEoa7oPcjDerTEmgAtfD5EfZJeMxmXlDKg7qrnjcSbEqux4NEi"
        destinationAppUrl="http://swiftwebapp000002.azurewebsites.net" SQLServerDBConnectionString=""
        mySQLDBConnectionString="" hostingProviderForumLink="" controlPanelLink="http://windows.azure.com"
        webSystem="WebSites"><databases /></publishProfile><publishProfile profileName="swiftwebapp000002
        - ReadOnly - FTP" publishMethod="FTP" publishUrl="ftp://waws-prod-dm1-087dr.ftp.azurewebsites.windows.net/site/wwwroot"
        ftpPassiveMode="True" userName="swiftwebapp000002\$swiftwebapp000002" userPWD="R73gZSuYJpEEoa7oPcjDerTEmgAtfD5EfZJeMxmXlDKg7qrnjcSbEqux4NEi"
        destinationAppUrl="http://swiftwebapp000002.azurewebsites.net" SQLServerDBConnectionString=""
        mySQLDBConnectionString="" hostingProviderForumLink="" controlPanelLink="http://windows.azure.com"
        webSystem="WebSites"><databases /></publishProfile></publishData>
    headers:
      cache-control:
      - no-cache
      content-length:
      - '1730'
      content-type:
      - application/xml
      date:
      - Tue, 30 Jun 2020 06:05:34 GMT
      expires:
      - '-1'
      pragma:
      - no-cache
      server:
      - Microsoft-IIS/10.0
      strict-transport-security:
      - max-age=31536000; includeSubDomains
      x-aspnet-version:
      - 4.0.30319
      x-content-type-options:
      - nosniff
      x-ms-ratelimit-remaining-subscription-resource-requests:
      - '11999'
      x-powered-by:
      - ASP.NET
    status:
      code: 200
      message: OK
- request:
    body: null
    headers:
      Accept:
      - application/json
      Accept-Encoding:
      - gzip, deflate
      CommandName:
      - webapp vnet-integration add
      Connection:
      - keep-alive
      ParameterSetName:
      - -g -n --vnet --subnet
      User-Agent:
      - python/3.7.2 (Darwin-16.7.0-x86_64-i386-64bit) msrest/0.6.16 msrest_azure/0.6.3
        azure-mgmt-network/10.2.0 Azure-SDK-For-Python AZURECLI/2.8.0
      accept-language:
      - en-US
    method: GET
    uri: https://management.azure.com/subscriptions/00000000-0000-0000-0000-000000000000/providers/Microsoft.Network/virtualNetworks?api-version=2020-04-01
  response:
    body:
      string: '{"value":[{"name":"githubactions-vnet","id":"/subscriptions/00000000-0000-0000-0000-000000000000/resourceGroups/calvin-github-actions/providers/Microsoft.Network/virtualNetworks/githubactions-vnet","etag":"W/\"f536a85f-4b2c-460d-b020-fd38aeff7e7d\"","type":"Microsoft.Network/virtualNetworks","location":"centralus","tags":{},"properties":{"provisioningState":"Succeeded","resourceGuid":"e04e58d0-4102-49b5-87f5-f38b1042b918","addressSpace":{"addressPrefixes":["10.0.0.0/16"]},"subnets":[{"name":"githubactions-subnet","id":"/subscriptions/00000000-0000-0000-0000-000000000000/resourceGroups/calvin-github-actions/providers/Microsoft.Network/virtualNetworks/githubactions-vnet/subnets/githubactions-subnet","etag":"W/\"f536a85f-4b2c-460d-b020-fd38aeff7e7d\"","properties":{"provisioningState":"Succeeded","addressPrefix":"10.0.1.0/24","serviceEndpoints":[],"delegations":[{"name":"delegation","id":"/subscriptions/00000000-0000-0000-0000-000000000000/resourceGroups/calvin-github-actions/providers/Microsoft.Network/virtualNetworks/githubactions-vnet/subnets/githubactions-subnet/delegations/delegation","etag":"W/\"f536a85f-4b2c-460d-b020-fd38aeff7e7d\"","properties":{"provisioningState":"Succeeded","serviceName":"Microsoft.Web/serverFarms","actions":["Microsoft.Network/virtualNetworks/subnets/action"]},"type":"Microsoft.Network/virtualNetworks/subnets/delegations"}],"privateEndpointNetworkPolicies":"Enabled","privateLinkServiceNetworkPolicies":"Enabled"},"type":"Microsoft.Network/virtualNetworks/subnets"},{"name":"default","id":"/subscriptions/00000000-0000-0000-0000-000000000000/resourceGroups/calvin-github-actions/providers/Microsoft.Network/virtualNetworks/githubactions-vnet/subnets/default","etag":"W/\"f536a85f-4b2c-460d-b020-fd38aeff7e7d\"","properties":{"provisioningState":"Succeeded","addressPrefix":"10.0.0.0/24","delegations":[{"name":"delegation","id":"/subscriptions/00000000-0000-0000-0000-000000000000/resourceGroups/calvin-github-actions/providers/Microsoft.Network/virtualNetworks/githubactions-vnet/subnets/default/delegations/delegation","etag":"W/\"f536a85f-4b2c-460d-b020-fd38aeff7e7d\"","properties":{"provisioningState":"Succeeded","serviceName":"Microsoft.Web/serverfarms","actions":["Microsoft.Network/virtualNetworks/subnets/action"]},"type":"Microsoft.Network/virtualNetworks/subnets/delegations"}],"privateEndpointNetworkPolicies":"Enabled","privateLinkServiceNetworkPolicies":"Enabled"},"type":"Microsoft.Network/virtualNetworks/subnets"}],"virtualNetworkPeerings":[],"enableDdosProtection":false,"enableVmProtection":false}},{"name":"testvnet-diffrg","id":"/subscriptions/00000000-0000-0000-0000-000000000000/resourceGroups/calvin-github-actions/providers/Microsoft.Network/virtualNetworks/testvnet-diffrg","etag":"W/\"af537eec-2fa5-480a-a27d-4dd71fa8aa91\"","type":"Microsoft.Network/virtualNetworks","location":"centralus","tags":{},"properties":{"provisioningState":"Succeeded","resourceGuid":"f8889475-c312-4989-93ef-0288a0b555b2","addressSpace":{"addressPrefixes":["10.2.0.0/16"]},"subnets":[{"name":"default","id":"/subscriptions/00000000-0000-0000-0000-000000000000/resourceGroups/calvin-github-actions/providers/Microsoft.Network/virtualNetworks/testvnet-diffrg/subnets/default","etag":"W/\"af537eec-2fa5-480a-a27d-4dd71fa8aa91\"","properties":{"provisioningState":"Succeeded","addressPrefix":"10.2.0.0/24","serviceAssociationLinks":[{"name":"AppServiceLink","id":"/subscriptions/00000000-0000-0000-0000-000000000000/resourceGroups/calvin-github-actions/providers/Microsoft.Network/virtualNetworks/testvnet-diffrg/subnets/default/serviceAssociationLinks/AppServiceLink","etag":"W/\"af537eec-2fa5-480a-a27d-4dd71fa8aa91\"","type":"Microsoft.Network/virtualNetworks/subnets/serviceAssociationLinks","properties":{"provisioningState":"Succeeded","linkedResourceType":"Microsoft.Web/serverfarms","link":"/subscriptions/00000000-0000-0000-0000-000000000000/resourceGroups/calvin-github-actions/providers/Microsoft.Web/serverfarms/calvin-windows-asp-f1","allowDelete":false,"locations":[]}}],"delegations":[{"name":"delegation","id":"/subscriptions/00000000-0000-0000-0000-000000000000/resourceGroups/calvin-github-actions/providers/Microsoft.Network/virtualNetworks/testvnet-diffrg/subnets/default/delegations/delegation","etag":"W/\"af537eec-2fa5-480a-a27d-4dd71fa8aa91\"","properties":{"provisioningState":"Succeeded","serviceName":"Microsoft.Web/serverFarms","actions":["Microsoft.Network/virtualNetworks/subnets/action"]},"type":"Microsoft.Network/virtualNetworks/subnets/delegations"}],"privateEndpointNetworkPolicies":"Enabled","privateLinkServiceNetworkPolicies":"Enabled"},"type":"Microsoft.Network/virtualNetworks/subnets"}],"virtualNetworkPeerings":[],"enableDdosProtection":false,"enableVmProtection":false}},{"name":"swiftname57xmszy77v5iyjj","id":"/subscriptions/00000000-0000-0000-0000-000000000000/resourceGroups/clitest.rgluz2n54wwexwhlxrzyet2rnoeyk2kitdsi7bpsna73uqyccsj6koqu7gk4arpna53/providers/Microsoft.Network/virtualNetworks/swiftname57xmszy77v5iyjj","etag":"W/\"679b8036-6b06-43c2-a09a-253e79dfcc88\"","type":"Microsoft.Network/virtualNetworks","location":"centralus","tags":{},"properties":{"provisioningState":"Succeeded","resourceGuid":"8d32011e-a052-489f-9751-f157682d0ee2","addressSpace":{"addressPrefixes":["10.0.0.0/16"]},"dhcpOptions":{"dnsServers":[]},"subnets":[{"name":"swiftsubnetgehz2tpxrnqwv","id":"/subscriptions/00000000-0000-0000-0000-000000000000/resourceGroups/clitest.rgluz2n54wwexwhlxrzyet2rnoeyk2kitdsi7bpsna73uqyccsj6koqu7gk4arpna53/providers/Microsoft.Network/virtualNetworks/swiftname57xmszy77v5iyjj/subnets/swiftsubnetgehz2tpxrnqwv","etag":"W/\"679b8036-6b06-43c2-a09a-253e79dfcc88\"","properties":{"provisioningState":"Succeeded","addressPrefix":"10.0.0.0/24","delegations":[],"privateEndpointNetworkPolicies":"Enabled","privateLinkServiceNetworkPolicies":"Enabled"},"type":"Microsoft.Network/virtualNetworks/subnets"}],"virtualNetworkPeerings":[],"enableDdosProtection":false,"enableVmProtection":false}},{"name":"swiftnamet7k5rw4jkgdege7","id":"/subscriptions/00000000-0000-0000-0000-000000000000/resourceGroups/clitest.rgub2caabu5buxib5tk337pgt7nlacj7znsugeer4iu2skvw4yv24sroukundpz2i4l/providers/Microsoft.Network/virtualNetworks/swiftnamet7k5rw4jkgdege7","etag":"W/\"a47121c9-50fd-4cd5-9981-603a810b51c3\"","type":"Microsoft.Network/virtualNetworks","location":"centralus","tags":{},"properties":{"provisioningState":"Succeeded","resourceGuid":"f914bc97-a0da-41a6-8d62-516f2fbb85f0","addressSpace":{"addressPrefixes":["10.0.0.0/16"]},"dhcpOptions":{"dnsServers":[]},"subnets":[{"name":"swiftsubnetgkdrjh4jgzsnw","id":"/subscriptions/00000000-0000-0000-0000-000000000000/resourceGroups/clitest.rgub2caabu5buxib5tk337pgt7nlacj7znsugeer4iu2skvw4yv24sroukundpz2i4l/providers/Microsoft.Network/virtualNetworks/swiftnamet7k5rw4jkgdege7/subnets/swiftsubnetgkdrjh4jgzsnw","etag":"W/\"a47121c9-50fd-4cd5-9981-603a810b51c3\"","properties":{"provisioningState":"Succeeded","addressPrefix":"10.0.0.0/24","serviceAssociationLinks":[{"name":"AppServiceLink","id":"/subscriptions/00000000-0000-0000-0000-000000000000/resourceGroups/clitest.rgub2caabu5buxib5tk337pgt7nlacj7znsugeer4iu2skvw4yv24sroukundpz2i4l/providers/Microsoft.Network/virtualNetworks/swiftnamet7k5rw4jkgdege7/subnets/swiftsubnetgkdrjh4jgzsnw/serviceAssociationLinks/AppServiceLink","etag":"W/\"a47121c9-50fd-4cd5-9981-603a810b51c3\"","type":"Microsoft.Network/virtualNetworks/subnets/serviceAssociationLinks","properties":{"provisioningState":"Succeeded","linkedResourceType":"Microsoft.Web/serverfarms","link":"/subscriptions/00000000-0000-0000-0000-000000000000/resourceGroups/clitest.rgub2caabu5buxib5tk337pgt7nlacj7znsugeer4iu2skvw4yv24sroukundpz2i4l/providers/Microsoft.Web/serverfarms/swiftplan7n2v6b23hc7hxfm","allowDelete":false,"locations":[]}}],"delegations":[{"name":"delegation","id":"/subscriptions/00000000-0000-0000-0000-000000000000/resourceGroups/clitest.rgub2caabu5buxib5tk337pgt7nlacj7znsugeer4iu2skvw4yv24sroukundpz2i4l/providers/Microsoft.Network/virtualNetworks/swiftnamet7k5rw4jkgdege7/subnets/swiftsubnetgkdrjh4jgzsnw/delegations/delegation","etag":"W/\"a47121c9-50fd-4cd5-9981-603a810b51c3\"","properties":{"provisioningState":"Succeeded","serviceName":"Microsoft.Web/serverFarms","actions":["Microsoft.Network/virtualNetworks/subnets/action"]},"type":"Microsoft.Network/virtualNetworks/subnets/delegations"}],"privateEndpointNetworkPolicies":"Enabled","privateLinkServiceNetworkPolicies":"Enabled"},"type":"Microsoft.Network/virtualNetworks/subnets"}],"virtualNetworkPeerings":[],"enableDdosProtection":false,"enableVmProtection":false}},{"name":"swiftname000005","id":"/subscriptions/00000000-0000-0000-0000-000000000000/resourceGroups/clitest.rg000001/providers/Microsoft.Network/virtualNetworks/swiftname000005","etag":"W/\"c67e5073-1797-4d8d-af74-2adb62d53999\"","type":"Microsoft.Network/virtualNetworks","location":"centralus","tags":{},"properties":{"provisioningState":"Succeeded","resourceGuid":"51c95f25-e0cb-42d0-9124-baca0382a53a","addressSpace":{"addressPrefixes":["10.0.0.0/16"]},"dhcpOptions":{"dnsServers":[]},"subnets":[{"name":"swiftsubnet000004","id":"/subscriptions/00000000-0000-0000-0000-000000000000/resourceGroups/clitest.rg000001/providers/Microsoft.Network/virtualNetworks/swiftname000005/subnets/swiftsubnet000004","etag":"W/\"c67e5073-1797-4d8d-af74-2adb62d53999\"","properties":{"provisioningState":"Succeeded","addressPrefix":"10.0.0.0/24","serviceEndpoints":[{"provisioningState":"Succeeded","service":"Microsoft.Storage","locations":["centralus","eastus2"]}],"delegations":[{"name":"0","id":"/subscriptions/00000000-0000-0000-0000-000000000000/resourceGroups/clitest.rg000001/providers/Microsoft.Network/virtualNetworks/swiftname000005/subnets/swiftsubnet000004/delegations/0","etag":"W/\"c67e5073-1797-4d8d-af74-2adb62d53999\"","properties":{"provisioningState":"Succeeded","serviceName":"Microsoft.Web/serverfarms","actions":["Microsoft.Network/virtualNetworks/subnets/action"]},"type":"Microsoft.Network/virtualNetworks/subnets/delegations"}],"privateEndpointNetworkPolicies":"Enabled","privateLinkServiceNetworkPolicies":"Enabled"},"type":"Microsoft.Network/virtualNetworks/subnets"}],"virtualNetworkPeerings":[],"enableDdosProtection":false,"enableVmProtection":false}},{"name":"swiftnameadmsoyykpzx4da2","id":"/subscriptions/00000000-0000-0000-0000-000000000000/resourceGroups/swiftwebappaip5iuqcmcy25/providers/Microsoft.Network/virtualNetworks/swiftnameadmsoyykpzx4da2","etag":"W/\"190e09a5-f5c0-4ed4-a699-29c68de76aa5\"","type":"Microsoft.Network/virtualNetworks","location":"centralus","tags":{},"properties":{"provisioningState":"Succeeded","resourceGuid":"2a1b1f50-0958-4eef-819a-c9cebb83999b","addressSpace":{"addressPrefixes":["10.0.0.0/16"]},"dhcpOptions":{"dnsServers":[]},"subnets":[{"name":"swiftsubnetze7opg7fo3azr","id":"/subscriptions/00000000-0000-0000-0000-000000000000/resourceGroups/swiftwebappaip5iuqcmcy25/providers/Microsoft.Network/virtualNetworks/swiftnameadmsoyykpzx4da2/subnets/swiftsubnetze7opg7fo3azr","etag":"W/\"190e09a5-f5c0-4ed4-a699-29c68de76aa5\"","properties":{"provisioningState":"Succeeded","addressPrefix":"10.0.0.0/24","delegations":[{"name":"delegation","id":"/subscriptions/00000000-0000-0000-0000-000000000000/resourceGroups/swiftwebappaip5iuqcmcy25/providers/Microsoft.Network/virtualNetworks/swiftnameadmsoyykpzx4da2/subnets/swiftsubnetze7opg7fo3azr/delegations/delegation","etag":"W/\"190e09a5-f5c0-4ed4-a699-29c68de76aa5\"","properties":{"provisioningState":"Succeeded","serviceName":"Microsoft.Web/serverFarms","actions":["Microsoft.Network/virtualNetworks/subnets/action"]},"type":"Microsoft.Network/virtualNetworks/subnets/delegations"}],"privateEndpointNetworkPolicies":"Enabled","privateLinkServiceNetworkPolicies":"Enabled"},"type":"Microsoft.Network/virtualNetworks/subnets"}],"virtualNetworkPeerings":[],"enableDdosProtection":false,"enableVmProtection":false}},{"name":"swiftnamebvlcrlyjxk6t3yv","id":"/subscriptions/00000000-0000-0000-0000-000000000000/resourceGroups/swiftwebappflrtxjt2r5nti/providers/Microsoft.Network/virtualNetworks/swiftnamebvlcrlyjxk6t3yv","etag":"W/\"f772faed-47c9-4d37-ae2e-89a4e3172711\"","type":"Microsoft.Network/virtualNetworks","location":"centralus","tags":{},"properties":{"provisioningState":"Succeeded","resourceGuid":"c378bfcf-b0e1-458c-afef-40f4f1daec18","addressSpace":{"addressPrefixes":["10.0.0.0/16"]},"dhcpOptions":{"dnsServers":[]},"subnets":[{"name":"swiftsubnetckxo3jpibxnx7","id":"/subscriptions/00000000-0000-0000-0000-000000000000/resourceGroups/swiftwebappflrtxjt2r5nti/providers/Microsoft.Network/virtualNetworks/swiftnamebvlcrlyjxk6t3yv/subnets/swiftsubnetckxo3jpibxnx7","etag":"W/\"f772faed-47c9-4d37-ae2e-89a4e3172711\"","properties":{"provisioningState":"Succeeded","addressPrefix":"10.0.0.0/24","delegations":[{"name":"delegation","id":"/subscriptions/00000000-0000-0000-0000-000000000000/resourceGroups/swiftwebappflrtxjt2r5nti/providers/Microsoft.Network/virtualNetworks/swiftnamebvlcrlyjxk6t3yv/subnets/swiftsubnetckxo3jpibxnx7/delegations/delegation","etag":"W/\"f772faed-47c9-4d37-ae2e-89a4e3172711\"","properties":{"provisioningState":"Succeeded","serviceName":"Microsoft.Web/serverFarms","actions":["Microsoft.Network/virtualNetworks/subnets/action"]},"type":"Microsoft.Network/virtualNetworks/subnets/delegations"}],"privateEndpointNetworkPolicies":"Enabled","privateLinkServiceNetworkPolicies":"Enabled"},"type":"Microsoft.Network/virtualNetworks/subnets"}],"virtualNetworkPeerings":[],"enableDdosProtection":false,"enableVmProtection":false}},{"name":"swiftnamebevpea2tsu2t7ut","id":"/subscriptions/00000000-0000-0000-0000-000000000000/resourceGroups/swiftwebapphfvlhlraqgjgf/providers/Microsoft.Network/virtualNetworks/swiftnamebevpea2tsu2t7ut","etag":"W/\"861bd7ea-9d7d-43a2-a9d8-c62d21ea54cb\"","type":"Microsoft.Network/virtualNetworks","location":"centralus","tags":{},"properties":{"provisioningState":"Succeeded","resourceGuid":"d06cc654-d220-4d56-9dd6-9a8c0cf66c8d","addressSpace":{"addressPrefixes":["10.0.0.0/16"]},"dhcpOptions":{"dnsServers":[]},"subnets":[{"name":"swiftsubnetglpby4fep4zhg","id":"/subscriptions/00000000-0000-0000-0000-000000000000/resourceGroups/swiftwebapphfvlhlraqgjgf/providers/Microsoft.Network/virtualNetworks/swiftnamebevpea2tsu2t7ut/subnets/swiftsubnetglpby4fep4zhg","etag":"W/\"861bd7ea-9d7d-43a2-a9d8-c62d21ea54cb\"","properties":{"provisioningState":"Succeeded","addressPrefix":"10.0.0.0/24","delegations":[],"privateEndpointNetworkPolicies":"Enabled","privateLinkServiceNetworkPolicies":"Enabled"},"type":"Microsoft.Network/virtualNetworks/subnets"}],"virtualNetworkPeerings":[],"enableDdosProtection":false,"enableVmProtection":false}},{"name":"swiftname57xmszy77v5iyjj","id":"/subscriptions/00000000-0000-0000-0000-000000000000/resourceGroups/swiftwebappime4mbajgolma/providers/Microsoft.Network/virtualNetworks/swiftname57xmszy77v5iyjj","etag":"W/\"51082325-fbe1-473a-a9df-58ca09e7aabd\"","type":"Microsoft.Network/virtualNetworks","location":"centralus","tags":{},"properties":{"provisioningState":"Succeeded","resourceGuid":"6f7132f6-f35e-4fec-8da4-2a10e9806ac4","addressSpace":{"addressPrefixes":["10.0.0.0/16"]},"dhcpOptions":{"dnsServers":[]},"subnets":[{"name":"swiftsubnetvzh4gp2bpak2v","id":"/subscriptions/00000000-0000-0000-0000-000000000000/resourceGroups/swiftwebappime4mbajgolma/providers/Microsoft.Network/virtualNetworks/swiftname57xmszy77v5iyjj/subnets/swiftsubnetvzh4gp2bpak2v","etag":"W/\"51082325-fbe1-473a-a9df-58ca09e7aabd\"","properties":{"provisioningState":"Succeeded","addressPrefix":"10.0.0.0/24","delegations":[],"privateEndpointNetworkPolicies":"Enabled","privateLinkServiceNetworkPolicies":"Enabled"},"type":"Microsoft.Network/virtualNetworks/subnets"}],"virtualNetworkPeerings":[],"enableDdosProtection":false,"enableVmProtection":false}},{"name":"swiftnameykwb3hd3g5iqnnd","id":"/subscriptions/00000000-0000-0000-0000-000000000000/resourceGroups/swiftwebappnirofivx5t5ky/providers/Microsoft.Network/virtualNetworks/swiftnameykwb3hd3g5iqnnd","etag":"W/\"d339af81-0e20-4e59-9dcc-8731819e42d7\"","type":"Microsoft.Network/virtualNetworks","location":"centralus","tags":{},"properties":{"provisioningState":"Succeeded","resourceGuid":"00af2512-bae7-4bf4-aa9e-d4367cb0b4b9","addressSpace":{"addressPrefixes":["10.0.0.0/16"]},"dhcpOptions":{"dnsServers":[]},"subnets":[{"name":"swiftsubnetxybaeuee5vxe7","id":"/subscriptions/00000000-0000-0000-0000-000000000000/resourceGroups/swiftwebappnirofivx5t5ky/providers/Microsoft.Network/virtualNetworks/swiftnameykwb3hd3g5iqnnd/subnets/swiftsubnetxybaeuee5vxe7","etag":"W/\"d339af81-0e20-4e59-9dcc-8731819e42d7\"","properties":{"provisioningState":"Succeeded","addressPrefix":"10.0.0.0/24","delegations":[],"privateEndpointNetworkPolicies":"Enabled","privateLinkServiceNetworkPolicies":"Enabled"},"type":"Microsoft.Network/virtualNetworks/subnets"}],"virtualNetworkPeerings":[],"enableDdosProtection":false,"enableVmProtection":false}},{"name":"swiftnamejpw4m2vxeperai2","id":"/subscriptions/00000000-0000-0000-0000-000000000000/resourceGroups/swiftwebappyx5cs7pdyiops/providers/Microsoft.Network/virtualNetworks/swiftnamejpw4m2vxeperai2","etag":"W/\"3d931638-0d9a-4dab-ada4-a62f9da76652\"","type":"Microsoft.Network/virtualNetworks","location":"centralus","tags":{},"properties":{"provisioningState":"Succeeded","resourceGuid":"cfd48c43-fd87-4043-9b2d-50ecf8cec0ca","addressSpace":{"addressPrefixes":["10.0.0.0/16"]},"dhcpOptions":{"dnsServers":[]},"subnets":[{"name":"swiftsubnetmjsnbswyrfalt","id":"/subscriptions/00000000-0000-0000-0000-000000000000/resourceGroups/swiftwebappyx5cs7pdyiops/providers/Microsoft.Network/virtualNetworks/swiftnamejpw4m2vxeperai2/subnets/swiftsubnetmjsnbswyrfalt","etag":"W/\"3d931638-0d9a-4dab-ada4-a62f9da76652\"","properties":{"provisioningState":"Succeeded","addressPrefix":"10.0.0.0/24","delegations":[],"privateEndpointNetworkPolicies":"Enabled","privateLinkServiceNetworkPolicies":"Enabled"},"type":"Microsoft.Network/virtualNetworks/subnets"}],"virtualNetworkPeerings":[],"enableDdosProtection":false,"enableVmProtection":false}},{"name":"swiftnametsbq4zofhxd4bi6","id":"/subscriptions/00000000-0000-0000-0000-000000000000/resourceGroups/swiftwebappzgoj24y67m7k4/providers/Microsoft.Network/virtualNetworks/swiftnametsbq4zofhxd4bi6","etag":"W/\"7291524b-d539-4c0e-8250-2c503d7391cd\"","type":"Microsoft.Network/virtualNetworks","location":"centralus","tags":{},"properties":{"provisioningState":"Succeeded","resourceGuid":"b9ed3756-40ef-4570-86a7-3ad1003a39c3","addressSpace":{"addressPrefixes":["10.0.0.0/16"]},"dhcpOptions":{"dnsServers":[]},"subnets":[{"name":"swiftsubnetmt5itxyrdjtzc","id":"/subscriptions/00000000-0000-0000-0000-000000000000/resourceGroups/swiftwebappzgoj24y67m7k4/providers/Microsoft.Network/virtualNetworks/swiftnametsbq4zofhxd4bi6/subnets/swiftsubnetmt5itxyrdjtzc","etag":"W/\"7291524b-d539-4c0e-8250-2c503d7391cd\"","properties":{"provisioningState":"Succeeded","addressPrefix":"10.0.0.0/24","delegations":[],"privateEndpointNetworkPolicies":"Enabled","privateLinkServiceNetworkPolicies":"Enabled"},"type":"Microsoft.Network/virtualNetworks/subnets"}],"virtualNetworkPeerings":[],"enableDdosProtection":false,"enableVmProtection":false}},{"name":"testvnet-diffrg","id":"/subscriptions/00000000-0000-0000-0000-000000000000/resourceGroups/test-priv-endpoint-conn-rg/providers/Microsoft.Network/virtualNetworks/testvnet-diffrg","etag":"W/\"4fb391ba-f48b-4fb8-8721-c1d1487db4b0\"","type":"Microsoft.Network/virtualNetworks","location":"centralus","tags":{},"properties":{"provisioningState":"Succeeded","resourceGuid":"6a127f10-9cc2-48e0-8c62-8d947dfdaa4d","addressSpace":{"addressPrefixes":["10.2.0.0/16"]},"subnets":[{"name":"default","id":"/subscriptions/00000000-0000-0000-0000-000000000000/resourceGroups/test-priv-endpoint-conn-rg/providers/Microsoft.Network/virtualNetworks/testvnet-diffrg/subnets/default","etag":"W/\"4fb391ba-f48b-4fb8-8721-c1d1487db4b0\"","properties":{"provisioningState":"Succeeded","addressPrefix":"10.2.0.0/24","delegations":[],"privateEndpointNetworkPolicies":"Enabled","privateLinkServiceNetworkPolicies":"Enabled"},"type":"Microsoft.Network/virtualNetworks/subnets"},{"name":"lala","id":"/subscriptions/00000000-0000-0000-0000-000000000000/resourceGroups/test-priv-endpoint-conn-rg/providers/Microsoft.Network/virtualNetworks/testvnet-diffrg/subnets/lala","etag":"W/\"4fb391ba-f48b-4fb8-8721-c1d1487db4b0\"","properties":{"provisioningState":"Succeeded","addressPrefix":"10.2.1.0/24","serviceEndpoints":[],"delegations":[{"name":"delegation","id":"/subscriptions/00000000-0000-0000-0000-000000000000/resourceGroups/test-priv-endpoint-conn-rg/providers/Microsoft.Network/virtualNetworks/testvnet-diffrg/subnets/lala/delegations/delegation","etag":"W/\"4fb391ba-f48b-4fb8-8721-c1d1487db4b0\"","properties":{"provisioningState":"Succeeded","serviceName":"Microsoft.Web/serverFarms","actions":["Microsoft.Network/virtualNetworks/subnets/action"]},"type":"Microsoft.Network/virtualNetworks/subnets/delegations"}],"privateEndpointNetworkPolicies":"Enabled","privateLinkServiceNetworkPolicies":"Enabled"},"type":"Microsoft.Network/virtualNetworks/subnets"}],"virtualNetworkPeerings":[],"enableDdosProtection":false,"enableVmProtection":false}},{"name":"testvnet-diffrg-2","id":"/subscriptions/00000000-0000-0000-0000-000000000000/resourceGroups/calvin-github-actions/providers/Microsoft.Network/virtualNetworks/testvnet-diffrg-2","etag":"W/\"9b3818f6-bc5d-432a-a17d-1e51c7f7b935\"","type":"Microsoft.Network/virtualNetworks","location":"westus2","tags":{},"properties":{"provisioningState":"Succeeded","resourceGuid":"71d0449e-a56f-4616-8c3e-6498defe7487","addressSpace":{"addressPrefixes":["10.2.0.0/16"]},"subnets":[{"name":"default","id":"/subscriptions/00000000-0000-0000-0000-000000000000/resourceGroups/calvin-github-actions/providers/Microsoft.Network/virtualNetworks/testvnet-diffrg-2/subnets/default","etag":"W/\"9b3818f6-bc5d-432a-a17d-1e51c7f7b935\"","properties":{"provisioningState":"Succeeded","addressPrefix":"10.2.0.0/24","delegations":[{"name":"delegation","id":"/subscriptions/00000000-0000-0000-0000-000000000000/resourceGroups/calvin-github-actions/providers/Microsoft.Network/virtualNetworks/testvnet-diffrg-2/subnets/default/delegations/delegation","etag":"W/\"9b3818f6-bc5d-432a-a17d-1e51c7f7b935\"","properties":{"provisioningState":"Succeeded","serviceName":"Microsoft.Web/serverFarms","actions":["Microsoft.Network/virtualNetworks/subnets/action"]},"type":"Microsoft.Network/virtualNetworks/subnets/delegations"}],"privateEndpointNetworkPolicies":"Enabled","privateLinkServiceNetworkPolicies":"Enabled"},"type":"Microsoft.Network/virtualNetworks/subnets"}],"virtualNetworkPeerings":[],"enableDdosProtection":false,"enableVmProtection":false}},{"name":"testvnet-diffrg","id":"/subscriptions/00000000-0000-0000-0000-000000000000/resourceGroups/test-deployment-log-rg/providers/Microsoft.Network/virtualNetworks/testvnet-diffrg","etag":"W/\"bfb8aa5a-2127-4868-b279-d72a6e3fe9e4\"","type":"Microsoft.Network/virtualNetworks","location":"westus2","tags":{},"properties":{"provisioningState":"Succeeded","resourceGuid":"11058f73-d57e-452f-b08a-8fee62a0fc39","addressSpace":{"addressPrefixes":["10.1.0.0/16"]},"subnets":[{"name":"default","id":"/subscriptions/00000000-0000-0000-0000-000000000000/resourceGroups/test-deployment-log-rg/providers/Microsoft.Network/virtualNetworks/testvnet-diffrg/subnets/default","etag":"W/\"bfb8aa5a-2127-4868-b279-d72a6e3fe9e4\"","properties":{"provisioningState":"Succeeded","addressPrefix":"10.1.0.0/24","delegations":[{"name":"delegation","id":"/subscriptions/00000000-0000-0000-0000-000000000000/resourceGroups/test-deployment-log-rg/providers/Microsoft.Network/virtualNetworks/testvnet-diffrg/subnets/default/delegations/delegation","etag":"W/\"bfb8aa5a-2127-4868-b279-d72a6e3fe9e4\"","properties":{"provisioningState":"Succeeded","serviceName":"Microsoft.Web/serverFarms","actions":["Microsoft.Network/virtualNetworks/subnets/action"]},"type":"Microsoft.Network/virtualNetworks/subnets/delegations"}],"privateEndpointNetworkPolicies":"Enabled","privateLinkServiceNetworkPolicies":"Enabled"},"type":"Microsoft.Network/virtualNetworks/subnets"},{"name":"testsubnet","id":"/subscriptions/00000000-0000-0000-0000-000000000000/resourceGroups/test-deployment-log-rg/providers/Microsoft.Network/virtualNetworks/testvnet-diffrg/subnets/testsubnet","etag":"W/\"bfb8aa5a-2127-4868-b279-d72a6e3fe9e4\"","properties":{"provisioningState":"Succeeded","addressPrefix":"10.1.1.0/24","serviceEndpoints":[],"delegations":[{"name":"delegation","id":"/subscriptions/00000000-0000-0000-0000-000000000000/resourceGroups/test-deployment-log-rg/providers/Microsoft.Network/virtualNetworks/testvnet-diffrg/subnets/testsubnet/delegations/delegation","etag":"W/\"bfb8aa5a-2127-4868-b279-d72a6e3fe9e4\"","properties":{"provisioningState":"Succeeded","serviceName":"Microsoft.Web/serverFarms","actions":["Microsoft.Network/virtualNetworks/subnets/action"]},"type":"Microsoft.Network/virtualNetworks/subnets/delegations"}],"privateEndpointNetworkPolicies":"Enabled","privateLinkServiceNetworkPolicies":"Enabled"},"type":"Microsoft.Network/virtualNetworks/subnets"}],"virtualNetworkPeerings":[],"enableDdosProtection":false,"enableVmProtection":false}}]}'
    headers:
      cache-control:
      - no-cache
      content-length:
      - '25559'
      content-type:
      - application/json; charset=utf-8
      date:
      - Tue, 30 Jun 2020 06:05:35 GMT
      expires:
      - '-1'
      pragma:
      - no-cache
      strict-transport-security:
      - max-age=31536000; includeSubDomains
      vary:
      - Accept-Encoding
      x-content-type-options:
      - nosniff
      x-ms-original-request-ids:
      - 6430f802-d10e-4ebd-924c-2f669c4e0ae4
      - d136a8c2-0741-4658-9ed0-f59eb6e02597
    status:
      code: 200
      message: OK
- request:
    body: null
    headers:
      Accept:
      - application/json
      Accept-Encoding:
      - gzip, deflate
      CommandName:
      - webapp vnet-integration add
      Connection:
      - keep-alive
      ParameterSetName:
      - -g -n --vnet --subnet
      User-Agent:
      - python/3.7.2 (Darwin-16.7.0-x86_64-i386-64bit) msrest/0.6.16 msrest_azure/0.6.3
        azure-mgmt-web/0.46.0 Azure-SDK-For-Python AZURECLI/2.8.0
      accept-language:
      - en-US
    method: GET
    uri: https://management.azure.com/subscriptions/00000000-0000-0000-0000-000000000000/resourceGroups/clitest.rg000001/providers/Microsoft.Web/sites/swiftwebapp000002/networkConfig/virtualNetwork?api-version=2019-08-01
  response:
    body:
      string: '{"id":"/subscriptions/00000000-0000-0000-0000-000000000000/resourceGroups/clitest.rg000001/providers/Microsoft.Web/sites/swiftwebapp000002/config/virtualNetwork","name":"virtualNetwork","type":"Microsoft.Web/sites/config","location":"Central
        US","properties":{"subnetResourceId":null,"swiftSupported":true}}'
    headers:
      cache-control:
      - no-cache
      content-length:
      - '373'
      content-type:
      - application/json
      date:
      - Tue, 30 Jun 2020 06:05:35 GMT
      etag:
      - '"1D64EA46EB3F9A0"'
      expires:
      - '-1'
      pragma:
      - no-cache
      server:
      - Microsoft-IIS/10.0
      strict-transport-security:
      - max-age=31536000; includeSubDomains
      transfer-encoding:
      - chunked
      vary:
      - Accept-Encoding
      x-aspnet-version:
      - 4.0.30319
      x-content-type-options:
      - nosniff
      x-powered-by:
      - ASP.NET
    status:
      code: 200
      message: OK
- request:
    body: null
    headers:
      Accept:
      - application/json
      Accept-Encoding:
      - gzip, deflate
      CommandName:
      - webapp vnet-integration add
      Connection:
      - keep-alive
      ParameterSetName:
      - -g -n --vnet --subnet
      User-Agent:
      - python/3.7.2 (Darwin-16.7.0-x86_64-i386-64bit) msrest/0.6.16 msrest_azure/0.6.3
        azure-mgmt-network/10.2.0 Azure-SDK-For-Python AZURECLI/2.8.0
      accept-language:
      - en-US
    method: GET
    uri: https://management.azure.com/subscriptions/00000000-0000-0000-0000-000000000000/resourceGroups/clitest.rg000001/providers/Microsoft.Network/virtualNetworks/swiftname000005/subnets/swiftsubnet000004?api-version=2020-04-01
  response:
    body:
      string: "{\r\n  \"name\": \"swiftsubnet000004\",\r\n  \"id\": \"/subscriptions/00000000-0000-0000-0000-000000000000/resourceGroups/clitest.rg000001/providers/Microsoft.Network/virtualNetworks/swiftname000005/subnets/swiftsubnet000004\",\r\n
        \ \"etag\": \"W/\\\"c67e5073-1797-4d8d-af74-2adb62d53999\\\"\",\r\n  \"properties\":
        {\r\n    \"provisioningState\": \"Succeeded\",\r\n    \"addressPrefix\": \"10.0.0.0/24\",\r\n
        \   \"serviceEndpoints\": [\r\n      {\r\n        \"provisioningState\": \"Succeeded\",\r\n
        \       \"service\": \"Microsoft.Storage\",\r\n        \"locations\": [\r\n
        \         \"centralus\",\r\n          \"eastus2\"\r\n        ]\r\n      }\r\n
        \   ],\r\n    \"delegations\": [\r\n      {\r\n        \"name\": \"0\",\r\n
        \       \"id\": \"/subscriptions/00000000-0000-0000-0000-000000000000/resourceGroups/clitest.rg000001/providers/Microsoft.Network/virtualNetworks/swiftname000005/subnets/swiftsubnet000004/delegations/0\",\r\n
        \       \"etag\": \"W/\\\"c67e5073-1797-4d8d-af74-2adb62d53999\\\"\",\r\n
        \       \"properties\": {\r\n          \"provisioningState\": \"Succeeded\",\r\n
        \         \"serviceName\": \"Microsoft.Web/serverfarms\",\r\n          \"actions\":
        [\r\n            \"Microsoft.Network/virtualNetworks/subnets/action\"\r\n
        \         ]\r\n        },\r\n        \"type\": \"Microsoft.Network/virtualNetworks/subnets/delegations\"\r\n
        \     }\r\n    ],\r\n    \"privateEndpointNetworkPolicies\": \"Enabled\",\r\n
        \   \"privateLinkServiceNetworkPolicies\": \"Enabled\"\r\n  },\r\n  \"type\":
        \"Microsoft.Network/virtualNetworks/subnets\"\r\n}"
    headers:
      cache-control:
      - no-cache
      content-length:
      - '1553'
      content-type:
      - application/json; charset=utf-8
      date:
      - Tue, 30 Jun 2020 06:05:36 GMT
      etag:
      - W/"c67e5073-1797-4d8d-af74-2adb62d53999"
      expires:
      - '-1'
      pragma:
      - no-cache
      server:
      - Microsoft-HTTPAPI/2.0
      - Microsoft-HTTPAPI/2.0
      strict-transport-security:
      - max-age=31536000; includeSubDomains
      transfer-encoding:
      - chunked
      vary:
      - Accept-Encoding
      x-content-type-options:
      - nosniff
      x-ms-arm-service-request-id:
      - 2a0093fe-6cf1-41a5-94e6-50cf23bc22e7
    status:
      code: 200
      message: OK
- request:
    body: null
    headers:
      Accept:
      - application/json
      Accept-Encoding:
      - gzip, deflate
      CommandName:
      - webapp vnet-integration add
      Connection:
      - keep-alive
      ParameterSetName:
      - -g -n --vnet --subnet
      User-Agent:
      - python/3.7.2 (Darwin-16.7.0-x86_64-i386-64bit) msrest/0.6.16 msrest_azure/0.6.3
        azure-mgmt-network/10.2.0 Azure-SDK-For-Python AZURECLI/2.8.0
      accept-language:
      - en-US
    method: GET
    uri: https://management.azure.com/subscriptions/00000000-0000-0000-0000-000000000000/resourceGroups/clitest.rg000001/providers/Microsoft.Network/virtualNetworks/swiftname000005/subnets/swiftsubnet000004?api-version=2020-04-01
  response:
    body:
      string: "{\r\n  \"name\": \"swiftsubnet000004\",\r\n  \"id\": \"/subscriptions/00000000-0000-0000-0000-000000000000/resourceGroups/clitest.rg000001/providers/Microsoft.Network/virtualNetworks/swiftname000005/subnets/swiftsubnet000004\",\r\n
        \ \"etag\": \"W/\\\"c67e5073-1797-4d8d-af74-2adb62d53999\\\"\",\r\n  \"properties\":
        {\r\n    \"provisioningState\": \"Succeeded\",\r\n    \"addressPrefix\": \"10.0.0.0/24\",\r\n
        \   \"serviceEndpoints\": [\r\n      {\r\n        \"provisioningState\": \"Succeeded\",\r\n
        \       \"service\": \"Microsoft.Storage\",\r\n        \"locations\": [\r\n
        \         \"centralus\",\r\n          \"eastus2\"\r\n        ]\r\n      }\r\n
        \   ],\r\n    \"delegations\": [\r\n      {\r\n        \"name\": \"0\",\r\n
        \       \"id\": \"/subscriptions/00000000-0000-0000-0000-000000000000/resourceGroups/clitest.rg000001/providers/Microsoft.Network/virtualNetworks/swiftname000005/subnets/swiftsubnet000004/delegations/0\",\r\n
        \       \"etag\": \"W/\\\"c67e5073-1797-4d8d-af74-2adb62d53999\\\"\",\r\n
        \       \"properties\": {\r\n          \"provisioningState\": \"Succeeded\",\r\n
        \         \"serviceName\": \"Microsoft.Web/serverfarms\",\r\n          \"actions\":
        [\r\n            \"Microsoft.Network/virtualNetworks/subnets/action\"\r\n
        \         ]\r\n        },\r\n        \"type\": \"Microsoft.Network/virtualNetworks/subnets/delegations\"\r\n
        \     }\r\n    ],\r\n    \"privateEndpointNetworkPolicies\": \"Enabled\",\r\n
        \   \"privateLinkServiceNetworkPolicies\": \"Enabled\"\r\n  },\r\n  \"type\":
        \"Microsoft.Network/virtualNetworks/subnets\"\r\n}"
    headers:
      cache-control:
      - no-cache
      content-length:
      - '1553'
      content-type:
      - application/json; charset=utf-8
      date:
      - Tue, 30 Jun 2020 06:05:36 GMT
      etag:
      - W/"c67e5073-1797-4d8d-af74-2adb62d53999"
      expires:
      - '-1'
      pragma:
      - no-cache
      server:
      - Microsoft-HTTPAPI/2.0
      - Microsoft-HTTPAPI/2.0
      strict-transport-security:
      - max-age=31536000; includeSubDomains
      transfer-encoding:
      - chunked
      vary:
      - Accept-Encoding
      x-content-type-options:
      - nosniff
      x-ms-arm-service-request-id:
      - d8641992-a0fa-4874-8186-79c0f5eaf525
    status:
      code: 200
      message: OK
- request:
    body: 'b''{"properties": {"subnetResourceId": "/subscriptions/00000000-0000-0000-0000-000000000000/resourceGroups/clitest.rg000001/providers/Microsoft.Network/virtualNetworks/swiftname000005/subnets/swiftsubnet000004",
      "swiftSupported": true}}'''
    headers:
      Accept:
      - application/json
      Accept-Encoding:
      - gzip, deflate
      CommandName:
      - webapp vnet-integration add
      Connection:
      - keep-alive
      Content-Length:
      - '308'
      Content-Type:
      - application/json; charset=utf-8
      ParameterSetName:
      - -g -n --vnet --subnet
      User-Agent:
      - python/3.7.2 (Darwin-16.7.0-x86_64-i386-64bit) msrest/0.6.16 msrest_azure/0.6.3
        azure-mgmt-web/0.46.0 Azure-SDK-For-Python AZURECLI/2.8.0
      accept-language:
      - en-US
    method: PUT
    uri: https://management.azure.com/subscriptions/00000000-0000-0000-0000-000000000000/resourceGroups/clitest.rg000001/providers/Microsoft.Web/sites/swiftwebapp000002/networkConfig/virtualNetwork?api-version=2019-08-01
  response:
    body:
      string: '{"id":"/subscriptions/00000000-0000-0000-0000-000000000000/resourceGroups/clitest.rg000001/providers/Microsoft.Web/sites/swiftwebapp000002/config/virtualNetwork","name":"virtualNetwork","type":"Microsoft.Web/sites/config","location":"Central
        US","properties":{"subnetResourceId":"/subscriptions/00000000-0000-0000-0000-000000000000/resourceGroups/clitest.rg000001/providers/Microsoft.Network/virtualNetworks/swiftname000005/subnets/swiftsubnet000004","swiftSupported":true}}'
    headers:
      cache-control:
      - no-cache
      content-length:
      - '615'
      content-type:
      - application/json
      date:
      - Tue, 30 Jun 2020 06:05:37 GMT
      etag:
      - '"1D64EA46EB3F9A0"'
      expires:
      - '-1'
      pragma:
      - no-cache
      server:
      - Microsoft-IIS/10.0
      strict-transport-security:
      - max-age=31536000; includeSubDomains
      transfer-encoding:
      - chunked
      vary:
      - Accept-Encoding
      x-aspnet-version:
      - 4.0.30319
      x-content-type-options:
      - nosniff
      x-ms-ratelimit-remaining-subscription-writes:
      - '1199'
      x-powered-by:
      - ASP.NET
    status:
      code: 200
      message: OK
- request:
    body: null
    headers:
      Accept:
      - application/json
      Accept-Encoding:
      - gzip, deflate
      CommandName:
      - webapp vnet-integration list
      Connection:
      - keep-alive
      ParameterSetName:
      - -g -n
      User-Agent:
      - python/3.7.2 (Darwin-16.7.0-x86_64-i386-64bit) msrest/0.6.16 msrest_azure/0.6.3
        azure-mgmt-web/0.46.0 Azure-SDK-For-Python AZURECLI/2.8.0
      accept-language:
      - en-US
    method: GET
    uri: https://management.azure.com/subscriptions/00000000-0000-0000-0000-000000000000/resourceGroups/clitest.rg000001/providers/Microsoft.Web/sites/swiftwebapp000002/virtualNetworkConnections?api-version=2019-08-01
  response:
    body:
      string: '[{"id":"/subscriptions/00000000-0000-0000-0000-000000000000/resourceGroups/clitest.rg000001/providers/Microsoft.Web/sites/swiftwebapp000002/virtualNetworkConnections/51c95f25-e0cb-42d0-9124-baca0382a53a_swiftsubnet000004","name":"51c95f25-e0cb-42d0-9124-baca0382a53a_swiftsubnet000004","type":"Microsoft.Web/sites/virtualNetworkConnections","location":"Central
        US","properties":{"vnetResourceId":"/subscriptions/00000000-0000-0000-0000-000000000000/resourceGroups/clitest.rg000001/providers/Microsoft.Network/virtualNetworks/swiftname000005/subnets/swiftsubnet000004","certThumbprint":null,"certBlob":null,"routes":null,"resyncRequired":false,"dnsServers":null,"isSwift":true}}]'
    headers:
      cache-control:
      - no-cache
      content-length:
      - '833'
      content-type:
      - application/json
      date:
      - Tue, 30 Jun 2020 06:05:38 GMT
      expires:
      - '-1'
      pragma:
      - no-cache
      server:
      - Microsoft-IIS/10.0
      strict-transport-security:
      - max-age=31536000; includeSubDomains
      transfer-encoding:
      - chunked
      vary:
      - Accept-Encoding
      x-aspnet-version:
      - 4.0.30319
      x-content-type-options:
      - nosniff
      x-powered-by:
      - ASP.NET
    status:
      code: 200
      message: OK
- request:
    body: null
    headers:
      Accept:
      - application/json
      Accept-Encoding:
      - gzip, deflate
      CommandName:
      - network vnet subnet show
      Connection:
      - keep-alive
      ParameterSetName:
      - -g -n --vnet-name
      User-Agent:
      - python/3.7.2 (Darwin-16.7.0-x86_64-i386-64bit) msrest/0.6.16 msrest_azure/0.6.3
        azure-mgmt-network/10.2.0 Azure-SDK-For-Python AZURECLI/2.8.0
      accept-language:
      - en-US
    method: GET
    uri: https://management.azure.com/subscriptions/00000000-0000-0000-0000-000000000000/resourceGroups/clitest.rg000001/providers/Microsoft.Network/virtualNetworks/swiftname000005/subnets/swiftsubnet000004?api-version=2020-04-01
  response:
    body:
      string: "{\r\n  \"name\": \"swiftsubnet000004\",\r\n  \"id\": \"/subscriptions/00000000-0000-0000-0000-000000000000/resourceGroups/clitest.rg000001/providers/Microsoft.Network/virtualNetworks/swiftname000005/subnets/swiftsubnet000004\",\r\n
        \ \"etag\": \"W/\\\"7efced3f-5f8e-4b22-a4f6-d2dd36efa0a8\\\"\",\r\n  \"properties\":
        {\r\n    \"provisioningState\": \"Succeeded\",\r\n    \"addressPrefix\": \"10.0.0.0/24\",\r\n
        \   \"serviceAssociationLinks\": [\r\n      {\r\n        \"name\": \"AppServiceLink\",\r\n
        \       \"id\": \"/subscriptions/00000000-0000-0000-0000-000000000000/resourceGroups/clitest.rg000001/providers/Microsoft.Network/virtualNetworks/swiftname000005/subnets/swiftsubnet000004/serviceAssociationLinks/AppServiceLink\",\r\n
        \       \"etag\": \"W/\\\"7efced3f-5f8e-4b22-a4f6-d2dd36efa0a8\\\"\",\r\n
        \       \"type\": \"Microsoft.Network/virtualNetworks/subnets/serviceAssociationLinks\",\r\n
        \       \"properties\": {\r\n          \"provisioningState\": \"Succeeded\",\r\n
        \         \"linkedResourceType\": \"Microsoft.Web/serverfarms\",\r\n          \"link\":
        \"/subscriptions/00000000-0000-0000-0000-000000000000/resourceGroups/clitest.rg000001/providers/Microsoft.Web/serverfarms/swiftplan000003\",\r\n
        \         \"allowDelete\": false,\r\n          \"locations\": []\r\n        }\r\n
        \     }\r\n    ],\r\n    \"serviceEndpoints\": [\r\n      {\r\n        \"provisioningState\":
        \"Succeeded\",\r\n        \"service\": \"Microsoft.Storage\",\r\n        \"locations\":
        [\r\n          \"centralus\",\r\n          \"eastus2\"\r\n        ]\r\n      }\r\n
        \   ],\r\n    \"delegations\": [\r\n      {\r\n        \"name\": \"0\",\r\n
        \       \"id\": \"/subscriptions/00000000-0000-0000-0000-000000000000/resourceGroups/clitest.rg000001/providers/Microsoft.Network/virtualNetworks/swiftname000005/subnets/swiftsubnet000004/delegations/0\",\r\n
        \       \"etag\": \"W/\\\"7efced3f-5f8e-4b22-a4f6-d2dd36efa0a8\\\"\",\r\n
        \       \"properties\": {\r\n          \"provisioningState\": \"Succeeded\",\r\n
        \         \"serviceName\": \"Microsoft.Web/serverfarms\",\r\n          \"actions\":
        [\r\n            \"Microsoft.Network/virtualNetworks/subnets/action\"\r\n
        \         ]\r\n        },\r\n        \"type\": \"Microsoft.Network/virtualNetworks/subnets/delegations\"\r\n
        \     }\r\n    ],\r\n    \"privateEndpointNetworkPolicies\": \"Enabled\",\r\n
        \   \"privateLinkServiceNetworkPolicies\": \"Enabled\"\r\n  },\r\n  \"type\":
        \"Microsoft.Network/virtualNetworks/subnets\"\r\n}"
    headers:
      cache-control:
      - no-cache
      content-length:
      - '2528'
      content-type:
      - application/json; charset=utf-8
      date:
      - Tue, 30 Jun 2020 06:05:39 GMT
      etag:
      - W/"7efced3f-5f8e-4b22-a4f6-d2dd36efa0a8"
      expires:
      - '-1'
      pragma:
      - no-cache
      server:
      - Microsoft-HTTPAPI/2.0
      - Microsoft-HTTPAPI/2.0
      strict-transport-security:
      - max-age=31536000; includeSubDomains
      transfer-encoding:
      - chunked
      vary:
      - Accept-Encoding
      x-content-type-options:
      - nosniff
      x-ms-arm-service-request-id:
      - b454ed34-f7cf-46e1-9244-3f1cf1c7a3e4
    status:
      code: 200
      message: OK
- request:
    body: null
    headers:
      Accept:
      - application/json
      Accept-Encoding:
      - gzip, deflate
      CommandName:
      - webapp vnet-integration remove
      Connection:
      - keep-alive
      Content-Length:
      - '0'
      ParameterSetName:
      - -g -n
      User-Agent:
      - python/3.7.2 (Darwin-16.7.0-x86_64-i386-64bit) msrest/0.6.16 msrest_azure/0.6.3
        azure-mgmt-web/0.46.0 Azure-SDK-For-Python AZURECLI/2.8.0
      accept-language:
      - en-US
    method: DELETE
    uri: https://management.azure.com/subscriptions/00000000-0000-0000-0000-000000000000/resourceGroups/clitest.rg000001/providers/Microsoft.Web/sites/swiftwebapp000002/networkConfig/virtualNetwork?api-version=2019-08-01
  response:
    body:
      string: ''
    headers:
      cache-control:
      - no-cache
      content-length:
      - '0'
      date:
      - Tue, 30 Jun 2020 06:05:42 GMT
      expires:
      - '-1'
      pragma:
      - no-cache
      server:
      - Microsoft-IIS/10.0
      strict-transport-security:
      - max-age=31536000; includeSubDomains
      x-aspnet-version:
      - 4.0.30319
      x-content-type-options:
      - nosniff
      x-ms-ratelimit-remaining-subscription-deletes:
      - '14998'
      x-powered-by:
      - ASP.NET
    status:
      code: 200
      message: OK
- request:
    body: null
    headers:
      Accept:
      - application/json
      Accept-Encoding:
      - gzip, deflate
      CommandName:
      - webapp vnet-integration list
      Connection:
      - keep-alive
      ParameterSetName:
      - -g -n
      User-Agent:
      - python/3.7.2 (Darwin-16.7.0-x86_64-i386-64bit) msrest/0.6.16 msrest_azure/0.6.3
        azure-mgmt-web/0.46.0 Azure-SDK-For-Python AZURECLI/2.8.0
      accept-language:
      - en-US
    method: GET
    uri: https://management.azure.com/subscriptions/00000000-0000-0000-0000-000000000000/resourceGroups/clitest.rg000001/providers/Microsoft.Web/sites/swiftwebapp000002/virtualNetworkConnections?api-version=2019-08-01
  response:
    body:
      string: '[]'
    headers:
      cache-control:
      - no-cache
      content-length:
      - '2'
      content-type:
      - application/json
      date:
      - Tue, 30 Jun 2020 06:05:43 GMT
      expires:
      - '-1'
      pragma:
      - no-cache
      server:
      - Microsoft-IIS/10.0
      strict-transport-security:
      - max-age=31536000; includeSubDomains
      transfer-encoding:
      - chunked
      vary:
      - Accept-Encoding
      x-aspnet-version:
      - 4.0.30319
      x-content-type-options:
      - nosniff
      x-powered-by:
      - ASP.NET
    status:
      code: 200
      message: OK
version: 1
