interactions:
- request:
    body: null
    headers:
      Accept:
      - application/json
      Accept-Encoding:
      - gzip, deflate
      CommandName:
      - network vnet create
      Connection:
      - keep-alive
      ParameterSetName:
      - -g -n --address-prefix --subnet-name --subnet-prefix
      User-Agent:
      - python/3.7.4 (Windows-10-10.0.18362-SP0) msrest/0.6.10 msrest_azure/0.6.2
        azure-mgmt-resource/6.0.0 Azure-SDK-For-Python AZURECLI/2.0.79
      accept-language:
      - en-US
    method: GET
    uri: https://management.azure.com/subscriptions/00000000-0000-0000-0000-000000000000/resourcegroups/clitest.rg000001?api-version=2019-07-01
  response:
    body:
      string: '{"id":"/subscriptions/00000000-0000-0000-0000-000000000000/resourceGroups/clitest.rg000001","name":"clitest.rg000001","type":"Microsoft.Resources/resourceGroups","location":"westus","tags":{"product":"azurecli","cause":"automation","date":"2020-01-05T08:41:37Z"},"properties":{"provisioningState":"Succeeded"}}'
    headers:
      cache-control:
      - no-cache
      content-length:
      - '428'
      content-type:
      - application/json; charset=utf-8
      date:
      - Sun, 05 Jan 2020 08:41:40 GMT
      expires:
      - '-1'
      pragma:
      - no-cache
      strict-transport-security:
      - max-age=31536000; includeSubDomains
      vary:
      - Accept-Encoding
      x-content-type-options:
      - nosniff
    status:
      code: 200
      message: OK
- request:
    body: '{"location": "westus", "tags": {}, "properties": {"addressSpace": {"addressPrefixes":
      ["10.0.0.0/16"]}, "dhcpOptions": {}, "subnets": [{"properties": {"addressPrefix":
      "10.0.0.0/24"}, "name": "swiftsubnet000004"}]}}'
    headers:
      Accept:
      - application/json
      Accept-Encoding:
      - gzip, deflate
      CommandName:
      - network vnet create
      Connection:
      - keep-alive
      Content-Length:
      - '222'
      Content-Type:
      - application/json; charset=utf-8
      ParameterSetName:
      - -g -n --address-prefix --subnet-name --subnet-prefix
      User-Agent:
      - python/3.7.4 (Windows-10-10.0.18362-SP0) msrest/0.6.10 msrest_azure/0.6.2
        azure-mgmt-network/7.0.0 Azure-SDK-For-Python AZURECLI/2.0.79
      accept-language:
      - en-US
    method: PUT
    uri: https://management.azure.com/subscriptions/00000000-0000-0000-0000-000000000000/resourceGroups/clitest.rg000001/providers/Microsoft.Network/virtualNetworks/swiftname000005?api-version=2019-09-01
  response:
    body:
      string: "{\r\n  \"name\": \"swiftname000005\",\r\n  \"id\": \"/subscriptions/00000000-0000-0000-0000-000000000000/resourceGroups/clitest.rg000001/providers/Microsoft.Network/virtualNetworks/swiftname000005\",\r\n
        \ \"etag\": \"W/\\\"5f7380b8-09fd-4cef-866e-15428248074e\\\"\",\r\n  \"type\":
        \"Microsoft.Network/virtualNetworks\",\r\n  \"location\": \"westus\",\r\n
        \ \"tags\": {},\r\n  \"properties\": {\r\n    \"provisioningState\": \"Updating\",\r\n
        \   \"resourceGuid\": \"a856355f-476c-4e74-8454-72d10dd712b4\",\r\n    \"addressSpace\":
        {\r\n      \"addressPrefixes\": [\r\n        \"10.0.0.0/16\"\r\n      ]\r\n
        \   },\r\n    \"dhcpOptions\": {\r\n      \"dnsServers\": []\r\n    },\r\n
        \   \"subnets\": [\r\n      {\r\n        \"name\": \"swiftsubnet000004\",\r\n
        \       \"id\": \"/subscriptions/00000000-0000-0000-0000-000000000000/resourceGroups/clitest.rg000001/providers/Microsoft.Network/virtualNetworks/swiftname000005/subnets/swiftsubnet000004\",\r\n
        \       \"etag\": \"W/\\\"5f7380b8-09fd-4cef-866e-15428248074e\\\"\",\r\n
        \       \"properties\": {\r\n          \"provisioningState\": \"Updating\",\r\n
        \         \"addressPrefix\": \"10.0.0.0/24\",\r\n          \"delegations\":
        [],\r\n          \"privateEndpointNetworkPolicies\": \"Enabled\",\r\n          \"privateLinkServiceNetworkPolicies\":
        \"Enabled\"\r\n        },\r\n        \"type\": \"Microsoft.Network/virtualNetworks/subnets\"\r\n
        \     }\r\n    ],\r\n    \"virtualNetworkPeerings\": [],\r\n    \"enableDdosProtection\":
        false,\r\n    \"enableVmProtection\": false\r\n  }\r\n}"
    headers:
      azure-asyncoperation:
      - https://management.azure.com/subscriptions/00000000-0000-0000-0000-000000000000/providers/Microsoft.Network/locations/westus/operations/d104a94f-f576-441b-9dbd-cd49a6fc4abd?api-version=2019-09-01
      cache-control:
      - no-cache
      content-length:
      - '1528'
      content-type:
      - application/json; charset=utf-8
      date:
      - Sun, 05 Jan 2020 08:41:46 GMT
      expires:
      - '-1'
      pragma:
      - no-cache
      server:
      - Microsoft-HTTPAPI/2.0
      - Microsoft-HTTPAPI/2.0
      strict-transport-security:
      - max-age=31536000; includeSubDomains
      x-content-type-options:
      - nosniff
      x-ms-arm-service-request-id:
      - ea8df9b7-f7b8-4931-a0e6-4f0a2d8699e5
      x-ms-ratelimit-remaining-subscription-writes:
      - '1197'
    status:
      code: 201
      message: Created
- request:
    body: null
    headers:
      Accept:
      - application/json
      Accept-Encoding:
      - gzip, deflate
      CommandName:
      - network vnet create
      Connection:
      - keep-alive
      ParameterSetName:
      - -g -n --address-prefix --subnet-name --subnet-prefix
      User-Agent:
      - python/3.7.4 (Windows-10-10.0.18362-SP0) msrest/0.6.10 msrest_azure/0.6.2
        azure-mgmt-network/7.0.0 Azure-SDK-For-Python AZURECLI/2.0.79
    method: GET
    uri: https://management.azure.com/subscriptions/00000000-0000-0000-0000-000000000000/providers/Microsoft.Network/locations/westus/operations/d104a94f-f576-441b-9dbd-cd49a6fc4abd?api-version=2019-09-01
  response:
    body:
      string: "{\r\n  \"status\": \"Succeeded\"\r\n}"
    headers:
      cache-control:
      - no-cache
      content-length:
      - '29'
      content-type:
      - application/json; charset=utf-8
      date:
      - Sun, 05 Jan 2020 08:41:50 GMT
      expires:
      - '-1'
      pragma:
      - no-cache
      server:
      - Microsoft-HTTPAPI/2.0
      - Microsoft-HTTPAPI/2.0
      strict-transport-security:
      - max-age=31536000; includeSubDomains
      transfer-encoding:
      - chunked
      vary:
      - Accept-Encoding
      x-content-type-options:
      - nosniff
      x-ms-arm-service-request-id:
      - b925b5de-9217-4642-b7ec-50df24c30fca
    status:
      code: 200
      message: OK
- request:
    body: null
    headers:
      Accept:
      - application/json
      Accept-Encoding:
      - gzip, deflate
      CommandName:
      - network vnet create
      Connection:
      - keep-alive
      ParameterSetName:
      - -g -n --address-prefix --subnet-name --subnet-prefix
      User-Agent:
      - python/3.7.4 (Windows-10-10.0.18362-SP0) msrest/0.6.10 msrest_azure/0.6.2
        azure-mgmt-network/7.0.0 Azure-SDK-For-Python AZURECLI/2.0.79
    method: GET
    uri: https://management.azure.com/subscriptions/00000000-0000-0000-0000-000000000000/resourceGroups/clitest.rg000001/providers/Microsoft.Network/virtualNetworks/swiftname000005?api-version=2019-09-01
  response:
    body:
      string: "{\r\n  \"name\": \"swiftname000005\",\r\n  \"id\": \"/subscriptions/00000000-0000-0000-0000-000000000000/resourceGroups/clitest.rg000001/providers/Microsoft.Network/virtualNetworks/swiftname000005\",\r\n
        \ \"etag\": \"W/\\\"26cfc07b-1501-49b8-a252-d69ddc8c89cb\\\"\",\r\n  \"type\":
        \"Microsoft.Network/virtualNetworks\",\r\n  \"location\": \"westus\",\r\n
        \ \"tags\": {},\r\n  \"properties\": {\r\n    \"provisioningState\": \"Succeeded\",\r\n
        \   \"resourceGuid\": \"a856355f-476c-4e74-8454-72d10dd712b4\",\r\n    \"addressSpace\":
        {\r\n      \"addressPrefixes\": [\r\n        \"10.0.0.0/16\"\r\n      ]\r\n
        \   },\r\n    \"dhcpOptions\": {\r\n      \"dnsServers\": []\r\n    },\r\n
        \   \"subnets\": [\r\n      {\r\n        \"name\": \"swiftsubnet000004\",\r\n
        \       \"id\": \"/subscriptions/00000000-0000-0000-0000-000000000000/resourceGroups/clitest.rg000001/providers/Microsoft.Network/virtualNetworks/swiftname000005/subnets/swiftsubnet000004\",\r\n
        \       \"etag\": \"W/\\\"26cfc07b-1501-49b8-a252-d69ddc8c89cb\\\"\",\r\n
        \       \"properties\": {\r\n          \"provisioningState\": \"Succeeded\",\r\n
        \         \"addressPrefix\": \"10.0.0.0/24\",\r\n          \"delegations\":
        [],\r\n          \"privateEndpointNetworkPolicies\": \"Enabled\",\r\n          \"privateLinkServiceNetworkPolicies\":
        \"Enabled\"\r\n        },\r\n        \"type\": \"Microsoft.Network/virtualNetworks/subnets\"\r\n
        \     }\r\n    ],\r\n    \"virtualNetworkPeerings\": [],\r\n    \"enableDdosProtection\":
        false,\r\n    \"enableVmProtection\": false\r\n  }\r\n}"
    headers:
      cache-control:
      - no-cache
      content-length:
      - '1530'
      content-type:
      - application/json; charset=utf-8
      date:
      - Sun, 05 Jan 2020 08:41:50 GMT
      etag:
      - W/"26cfc07b-1501-49b8-a252-d69ddc8c89cb"
      expires:
      - '-1'
      pragma:
      - no-cache
      server:
      - Microsoft-HTTPAPI/2.0
      - Microsoft-HTTPAPI/2.0
      strict-transport-security:
      - max-age=31536000; includeSubDomains
      transfer-encoding:
      - chunked
      vary:
      - Accept-Encoding
      x-content-type-options:
      - nosniff
      x-ms-arm-service-request-id:
      - 44263bda-dd75-4490-b833-27d9131b1482
    status:
      code: 200
      message: OK
- request:
    body: null
    headers:
      Accept:
      - application/json
      Accept-Encoding:
      - gzip, deflate
      CommandName:
      - network vnet subnet update
      Connection:
      - keep-alive
      ParameterSetName:
      - -g --vnet --name --delegations --service-endpoints
      User-Agent:
      - python/3.7.4 (Windows-10-10.0.18362-SP0) msrest/0.6.10 msrest_azure/0.6.2
        azure-mgmt-network/7.0.0 Azure-SDK-For-Python AZURECLI/2.0.79
      accept-language:
      - en-US
    method: GET
    uri: https://management.azure.com/subscriptions/00000000-0000-0000-0000-000000000000/resourceGroups/clitest.rg000001/providers/Microsoft.Network/virtualNetworks/swiftname000005/subnets/swiftsubnet000004?api-version=2019-09-01
  response:
    body:
      string: "{\r\n  \"name\": \"swiftsubnet000004\",\r\n  \"id\": \"/subscriptions/00000000-0000-0000-0000-000000000000/resourceGroups/clitest.rg000001/providers/Microsoft.Network/virtualNetworks/swiftname000005/subnets/swiftsubnet000004\",\r\n
        \ \"etag\": \"W/\\\"26cfc07b-1501-49b8-a252-d69ddc8c89cb\\\"\",\r\n  \"properties\":
        {\r\n    \"provisioningState\": \"Succeeded\",\r\n    \"addressPrefix\": \"10.0.0.0/24\",\r\n
        \   \"delegations\": [],\r\n    \"privateEndpointNetworkPolicies\": \"Enabled\",\r\n
        \   \"privateLinkServiceNetworkPolicies\": \"Enabled\"\r\n  },\r\n  \"type\":
        \"Microsoft.Network/virtualNetworks/subnets\"\r\n}"
    headers:
      cache-control:
      - no-cache
      content-length:
      - '639'
      content-type:
      - application/json; charset=utf-8
      date:
      - Sun, 05 Jan 2020 08:41:52 GMT
      etag:
      - W/"26cfc07b-1501-49b8-a252-d69ddc8c89cb"
      expires:
      - '-1'
      pragma:
      - no-cache
      server:
      - Microsoft-HTTPAPI/2.0
      - Microsoft-HTTPAPI/2.0
      strict-transport-security:
      - max-age=31536000; includeSubDomains
      transfer-encoding:
      - chunked
      vary:
      - Accept-Encoding
      x-content-type-options:
      - nosniff
      x-ms-arm-service-request-id:
      - 4d025645-2e7d-4ef9-bc17-7d331425ee4b
    status:
      code: 200
      message: OK
- request:
    body: 'b''{"id": "/subscriptions/00000000-0000-0000-0000-000000000000/resourceGroups/clitest.rg000001/providers/Microsoft.Network/virtualNetworks/swiftname000005/subnets/swiftsubnet000004",
      "properties": {"addressPrefix": "10.0.0.0/24", "serviceEndpoints": [{"service":
      "Microsoft.Storage"}], "delegations": [{"properties": {"serviceName": "Microsoft.Web/serverfarms"},
      "name": "0"}], "privateEndpointNetworkPolicies": "Enabled", "privateLinkServiceNetworkPolicies":
      "Enabled"}, "name": "swiftsubnet000004"}'''
    headers:
      Accept:
      - application/json
      Accept-Encoding:
      - gzip, deflate
      CommandName:
      - network vnet subnet update
      Connection:
      - keep-alive
      Content-Length:
      - '579'
      Content-Type:
      - application/json; charset=utf-8
      ParameterSetName:
      - -g --vnet --name --delegations --service-endpoints
      User-Agent:
      - python/3.7.4 (Windows-10-10.0.18362-SP0) msrest/0.6.10 msrest_azure/0.6.2
        azure-mgmt-network/7.0.0 Azure-SDK-For-Python AZURECLI/2.0.79
      accept-language:
      - en-US
    method: PUT
    uri: https://management.azure.com/subscriptions/00000000-0000-0000-0000-000000000000/resourceGroups/clitest.rg000001/providers/Microsoft.Network/virtualNetworks/swiftname000005/subnets/swiftsubnet000004?api-version=2019-09-01
  response:
    body:
      string: "{\r\n  \"name\": \"swiftsubnet000004\",\r\n  \"id\": \"/subscriptions/00000000-0000-0000-0000-000000000000/resourceGroups/clitest.rg000001/providers/Microsoft.Network/virtualNetworks/swiftname000005/subnets/swiftsubnet000004\",\r\n
        \ \"etag\": \"W/\\\"b755be52-5f7c-442f-ad6c-f54186913871\\\"\",\r\n  \"properties\":
        {\r\n    \"provisioningState\": \"Updating\",\r\n    \"addressPrefix\": \"10.0.0.0/24\",\r\n
        \   \"serviceEndpoints\": [\r\n      {\r\n        \"provisioningState\": \"Updating\",\r\n
        \       \"service\": \"Microsoft.Storage\",\r\n        \"locations\": [\r\n
        \         \"westus\",\r\n          \"eastus\"\r\n        ]\r\n      }\r\n
        \   ],\r\n    \"delegations\": [\r\n      {\r\n        \"name\": \"0\",\r\n
        \       \"id\": \"/subscriptions/00000000-0000-0000-0000-000000000000/resourceGroups/clitest.rg000001/providers/Microsoft.Network/virtualNetworks/swiftname000005/subnets/swiftsubnet000004/delegations/0\",\r\n
        \       \"etag\": \"W/\\\"b755be52-5f7c-442f-ad6c-f54186913871\\\"\",\r\n
        \       \"properties\": {\r\n          \"provisioningState\": \"Succeeded\",\r\n
        \         \"serviceName\": \"Microsoft.Web/serverfarms\",\r\n          \"actions\":
        [\r\n            \"Microsoft.Network/virtualNetworks/subnets/action\"\r\n
        \         ]\r\n        },\r\n        \"type\": \"Microsoft.Network/virtualNetworks/subnets/delegations\"\r\n
        \     }\r\n    ],\r\n    \"privateEndpointNetworkPolicies\": \"Enabled\",\r\n
        \   \"privateLinkServiceNetworkPolicies\": \"Enabled\"\r\n  },\r\n  \"type\":
        \"Microsoft.Network/virtualNetworks/subnets\"\r\n}"
    headers:
      azure-asyncoperation:
      - https://management.azure.com/subscriptions/00000000-0000-0000-0000-000000000000/providers/Microsoft.Network/locations/westus/operations/40868298-9293-407c-8bb6-b57ca3dc7d3d?api-version=2019-09-01
      cache-control:
      - no-cache
      content-length:
      - '1547'
      content-type:
      - application/json; charset=utf-8
      date:
      - Sun, 05 Jan 2020 08:41:53 GMT
      expires:
      - '-1'
      pragma:
      - no-cache
      server:
      - Microsoft-HTTPAPI/2.0
      - Microsoft-HTTPAPI/2.0
      strict-transport-security:
      - max-age=31536000; includeSubDomains
      transfer-encoding:
      - chunked
      vary:
      - Accept-Encoding
      x-content-type-options:
      - nosniff
      x-ms-arm-service-request-id:
      - 2ffc17a4-7d46-430c-9556-49c5ae5ea504
      x-ms-ratelimit-remaining-subscription-writes:
      - '1195'
    status:
      code: 200
      message: OK
- request:
    body: null
    headers:
      Accept:
      - application/json
      Accept-Encoding:
      - gzip, deflate
      CommandName:
      - network vnet subnet update
      Connection:
      - keep-alive
      ParameterSetName:
      - -g --vnet --name --delegations --service-endpoints
      User-Agent:
      - python/3.7.4 (Windows-10-10.0.18362-SP0) msrest/0.6.10 msrest_azure/0.6.2
        azure-mgmt-network/7.0.0 Azure-SDK-For-Python AZURECLI/2.0.79
    method: GET
    uri: https://management.azure.com/subscriptions/00000000-0000-0000-0000-000000000000/providers/Microsoft.Network/locations/westus/operations/40868298-9293-407c-8bb6-b57ca3dc7d3d?api-version=2019-09-01
  response:
    body:
      string: "{\r\n  \"status\": \"Succeeded\"\r\n}"
    headers:
      cache-control:
      - no-cache
      content-length:
      - '29'
      content-type:
      - application/json; charset=utf-8
      date:
      - Sun, 05 Jan 2020 08:41:56 GMT
      expires:
      - '-1'
      pragma:
      - no-cache
      server:
      - Microsoft-HTTPAPI/2.0
      - Microsoft-HTTPAPI/2.0
      strict-transport-security:
      - max-age=31536000; includeSubDomains
      transfer-encoding:
      - chunked
      vary:
      - Accept-Encoding
      x-content-type-options:
      - nosniff
      x-ms-arm-service-request-id:
      - 1b14804a-788d-444f-b634-c72cf9f2b7d6
    status:
      code: 200
      message: OK
- request:
    body: null
    headers:
      Accept:
      - application/json
      Accept-Encoding:
      - gzip, deflate
      CommandName:
      - network vnet subnet update
      Connection:
      - keep-alive
      ParameterSetName:
      - -g --vnet --name --delegations --service-endpoints
      User-Agent:
      - python/3.7.4 (Windows-10-10.0.18362-SP0) msrest/0.6.10 msrest_azure/0.6.2
        azure-mgmt-network/7.0.0 Azure-SDK-For-Python AZURECLI/2.0.79
    method: GET
    uri: https://management.azure.com/subscriptions/00000000-0000-0000-0000-000000000000/resourceGroups/clitest.rg000001/providers/Microsoft.Network/virtualNetworks/swiftname000005/subnets/swiftsubnet000004?api-version=2019-09-01
  response:
    body:
      string: "{\r\n  \"name\": \"swiftsubnet000004\",\r\n  \"id\": \"/subscriptions/00000000-0000-0000-0000-000000000000/resourceGroups/clitest.rg000001/providers/Microsoft.Network/virtualNetworks/swiftname000005/subnets/swiftsubnet000004\",\r\n
        \ \"etag\": \"W/\\\"0fe9446f-47df-4daf-aa41-a9e6d09607aa\\\"\",\r\n  \"properties\":
        {\r\n    \"provisioningState\": \"Succeeded\",\r\n    \"addressPrefix\": \"10.0.0.0/24\",\r\n
        \   \"serviceEndpoints\": [\r\n      {\r\n        \"provisioningState\": \"Succeeded\",\r\n
        \       \"service\": \"Microsoft.Storage\",\r\n        \"locations\": [\r\n
        \         \"westus\",\r\n          \"eastus\"\r\n        ]\r\n      }\r\n
        \   ],\r\n    \"delegations\": [\r\n      {\r\n        \"name\": \"0\",\r\n
        \       \"id\": \"/subscriptions/00000000-0000-0000-0000-000000000000/resourceGroups/clitest.rg000001/providers/Microsoft.Network/virtualNetworks/swiftname000005/subnets/swiftsubnet000004/delegations/0\",\r\n
        \       \"etag\": \"W/\\\"0fe9446f-47df-4daf-aa41-a9e6d09607aa\\\"\",\r\n
        \       \"properties\": {\r\n          \"provisioningState\": \"Succeeded\",\r\n
        \         \"serviceName\": \"Microsoft.Web/serverfarms\",\r\n          \"actions\":
        [\r\n            \"Microsoft.Network/virtualNetworks/subnets/action\"\r\n
        \         ]\r\n        },\r\n        \"type\": \"Microsoft.Network/virtualNetworks/subnets/delegations\"\r\n
        \     }\r\n    ],\r\n    \"privateEndpointNetworkPolicies\": \"Enabled\",\r\n
        \   \"privateLinkServiceNetworkPolicies\": \"Enabled\"\r\n  },\r\n  \"type\":
        \"Microsoft.Network/virtualNetworks/subnets\"\r\n}"
    headers:
      cache-control:
      - no-cache
      content-length:
      - '1549'
      content-type:
      - application/json; charset=utf-8
      date:
      - Sun, 05 Jan 2020 08:41:57 GMT
      etag:
      - W/"0fe9446f-47df-4daf-aa41-a9e6d09607aa"
      expires:
      - '-1'
      pragma:
      - no-cache
      server:
      - Microsoft-HTTPAPI/2.0
      - Microsoft-HTTPAPI/2.0
      strict-transport-security:
      - max-age=31536000; includeSubDomains
      transfer-encoding:
      - chunked
      vary:
      - Accept-Encoding
      x-content-type-options:
      - nosniff
      x-ms-arm-service-request-id:
      - 06affeb2-198b-466e-b1a3-0c417fd9cc8d
    status:
      code: 200
      message: OK
- request:
    body: null
    headers:
      Accept:
      - application/json
      Accept-Encoding:
      - gzip, deflate
      CommandName:
      - appservice plan create
      Connection:
      - keep-alive
      ParameterSetName:
      - -g -n --sku
      User-Agent:
      - python/3.7.4 (Windows-10-10.0.18362-SP0) msrest/0.6.10 msrest_azure/0.6.2
        azure-mgmt-resource/6.0.0 Azure-SDK-For-Python AZURECLI/2.0.79
      accept-language:
      - en-US
    method: GET
    uri: https://management.azure.com/subscriptions/00000000-0000-0000-0000-000000000000/resourcegroups/clitest.rg000001?api-version=2019-07-01
  response:
    body:
      string: '{"id":"/subscriptions/00000000-0000-0000-0000-000000000000/resourceGroups/clitest.rg000001","name":"clitest.rg000001","type":"Microsoft.Resources/resourceGroups","location":"westus","tags":{"product":"azurecli","cause":"automation","date":"2020-01-05T08:41:37Z"},"properties":{"provisioningState":"Succeeded"}}'
    headers:
      cache-control:
      - no-cache
      content-length:
      - '428'
      content-type:
      - application/json; charset=utf-8
      date:
      - Sun, 05 Jan 2020 08:41:59 GMT
      expires:
      - '-1'
      pragma:
      - no-cache
      strict-transport-security:
      - max-age=31536000; includeSubDomains
      vary:
      - Accept-Encoding
      x-content-type-options:
      - nosniff
    status:
      code: 200
      message: OK
- request:
    body: '{"name": "swiftplan000003", "type": "Microsoft.Web/serverfarms", "location":
      "westus", "properties": {"skuName": "P1V2", "capacity": 1}}'
    headers:
      Accept:
      - application/json
      Accept-Encoding:
      - gzip, deflate
      CommandName:
      - appservice plan create
      Connection:
      - keep-alive
      Content-Length:
      - '145'
      Content-Type:
      - application/json; charset=utf-8
      ParameterSetName:
      - -g -n --sku
      User-Agent:
      - python/3.7.4 (Windows-10-10.0.18362-SP0) msrest/0.6.10 msrest_azure/0.6.2
        azure-mgmt-web/0.44.0 Azure-SDK-For-Python AZURECLI/2.0.79
      accept-language:
      - en-US
    method: POST
    uri: https://management.azure.com/subscriptions/00000000-0000-0000-0000-000000000000/resourceGroups/clitest.rg000001/providers/Microsoft.Web/validate?api-version=2019-08-01
  response:
    body:
      string: '{"status":"Success","error":null}'
    headers:
      cache-control:
      - no-cache
      content-length:
      - '33'
      content-type:
      - application/json
      date:
      - Sun, 05 Jan 2020 08:41:59 GMT
      expires:
      - '-1'
      pragma:
      - no-cache
      server:
      - Microsoft-IIS/10.0
      strict-transport-security:
      - max-age=31536000; includeSubDomains
      transfer-encoding:
      - chunked
      vary:
      - Accept-Encoding
      x-aspnet-version:
      - 4.0.30319
      x-content-type-options:
      - nosniff
      x-ms-ratelimit-remaining-subscription-writes:
      - '1199'
      x-powered-by:
      - ASP.NET
    status:
      code: 200
      message: OK
- request:
    body: null
    headers:
      Accept:
      - application/json
      Accept-Encoding:
      - gzip, deflate
      CommandName:
      - appservice plan create
      Connection:
      - keep-alive
      ParameterSetName:
      - -g -n --sku
      User-Agent:
      - python/3.7.4 (Windows-10-10.0.18362-SP0) msrest/0.6.10 msrest_azure/0.6.2
        azure-mgmt-resource/6.0.0 Azure-SDK-For-Python AZURECLI/2.0.79
      accept-language:
      - en-US
    method: GET
    uri: https://management.azure.com/subscriptions/00000000-0000-0000-0000-000000000000/resourcegroups/clitest.rg000001?api-version=2019-07-01
  response:
    body:
      string: '{"id":"/subscriptions/00000000-0000-0000-0000-000000000000/resourceGroups/clitest.rg000001","name":"clitest.rg000001","type":"Microsoft.Resources/resourceGroups","location":"westus","tags":{"product":"azurecli","cause":"automation","date":"2020-01-05T08:41:37Z"},"properties":{"provisioningState":"Succeeded"}}'
    headers:
      cache-control:
      - no-cache
      content-length:
      - '428'
      content-type:
      - application/json; charset=utf-8
      date:
      - Sun, 05 Jan 2020 08:42:00 GMT
      expires:
      - '-1'
      pragma:
      - no-cache
      strict-transport-security:
      - max-age=31536000; includeSubDomains
      vary:
      - Accept-Encoding
      x-content-type-options:
      - nosniff
    status:
      code: 200
      message: OK
- request:
    body: '{"location": "westus", "properties": {"perSiteScaling": false, "isXenon":
      false}, "sku": {"name": "P1V2", "tier": "PREMIUMV2", "capacity": 1}}'
    headers:
      Accept:
      - application/json
      Accept-Encoding:
      - gzip, deflate
      CommandName:
      - appservice plan create
      Connection:
      - keep-alive
      Content-Length:
      - '142'
      Content-Type:
      - application/json; charset=utf-8
      ParameterSetName:
      - -g -n --sku
      User-Agent:
      - python/3.7.4 (Windows-10-10.0.18362-SP0) msrest/0.6.10 msrest_azure/0.6.2
        azure-mgmt-web/0.44.0 Azure-SDK-For-Python AZURECLI/2.0.79
      accept-language:
      - en-US
    method: PUT
    uri: https://management.azure.com/subscriptions/00000000-0000-0000-0000-000000000000/resourceGroups/clitest.rg000001/providers/Microsoft.Web/serverfarms/swiftplan000003?api-version=2019-08-01
  response:
    body:
      string: '{"id":"/subscriptions/00000000-0000-0000-0000-000000000000/resourceGroups/clitest.rg000001/providers/Microsoft.Web/serverfarms/swiftplan000003","name":"swiftplan000003","type":"Microsoft.Web/serverfarms","kind":"app","location":"West
        US","properties":{"serverFarmId":24020,"name":"swiftplan000003","workerSize":"D1","workerSizeId":3,"workerTierName":null,"numberOfWorkers":1,"currentWorkerSize":"D1","currentWorkerSizeId":3,"currentNumberOfWorkers":1,"status":"Ready","webSpace":"clitest.rg000001-WestUSwebspace","subscription":"0b1f6471-1bf0-4dda-aec3-cb9272f09590","adminSiteName":null,"hostingEnvironment":null,"hostingEnvironmentProfile":null,"maximumNumberOfWorkers":20,"planName":"VirtualDedicatedPlan","adminRuntimeSiteName":null,"computeMode":"Dedicated","siteMode":null,"geoRegion":"West
        US","perSiteScaling":false,"maximumElasticWorkerCount":1,"numberOfSites":0,"hostingEnvironmentId":null,"isSpot":false,"spotExpirationTime":null,"freeOfferExpirationTime":null,"tags":null,"kind":"app","resourceGroup":"clitest.rg000001","reserved":false,"isXenon":false,"hyperV":false,"mdmId":"waws-prod-bay-113_24020","targetWorkerCount":0,"targetWorkerSizeId":0,"provisioningState":"Succeeded","webSiteId":null,"existingServerFarmIds":null},"sku":{"name":"P1v2","tier":"PremiumV2","size":"P1v2","family":"Pv2","capacity":1}}'
    headers:
      cache-control:
      - no-cache
      content-length:
      - '1525'
      content-type:
      - application/json
      date:
      - Sun, 05 Jan 2020 08:42:08 GMT
      expires:
      - '-1'
      pragma:
      - no-cache
      server:
      - Microsoft-IIS/10.0
      strict-transport-security:
      - max-age=31536000; includeSubDomains
      transfer-encoding:
      - chunked
      vary:
      - Accept-Encoding
      x-aspnet-version:
      - 4.0.30319
      x-content-type-options:
      - nosniff
      x-ms-ratelimit-remaining-subscription-writes:
      - '1196'
      x-powered-by:
      - ASP.NET
    status:
      code: 200
      message: OK
- request:
    body: null
    headers:
      Accept:
      - application/json
      Accept-Encoding:
      - gzip, deflate
      CommandName:
      - webapp create
      Connection:
      - keep-alive
      ParameterSetName:
      - -g -n --plan
      User-Agent:
      - python/3.7.4 (Windows-10-10.0.18362-SP0) msrest/0.6.10 msrest_azure/0.6.2
        azure-mgmt-web/0.44.0 Azure-SDK-For-Python AZURECLI/2.0.79
      accept-language:
      - en-US
    method: GET
    uri: https://management.azure.com/subscriptions/00000000-0000-0000-0000-000000000000/resourceGroups/clitest.rg000001/providers/Microsoft.Web/serverfarms/swiftplan000003?api-version=2019-08-01
  response:
    body:
      string: '{"id":"/subscriptions/00000000-0000-0000-0000-000000000000/resourceGroups/clitest.rg000001/providers/Microsoft.Web/serverfarms/swiftplan000003","name":"swiftplan000003","type":"Microsoft.Web/serverfarms","kind":"app","location":"West
        US","properties":{"serverFarmId":24020,"name":"swiftplan000003","workerSize":"D1","workerSizeId":3,"workerTierName":null,"numberOfWorkers":1,"currentWorkerSize":"D1","currentWorkerSizeId":3,"currentNumberOfWorkers":1,"status":"Ready","webSpace":"clitest.rg000001-WestUSwebspace","subscription":"0b1f6471-1bf0-4dda-aec3-cb9272f09590","adminSiteName":null,"hostingEnvironment":null,"hostingEnvironmentProfile":null,"maximumNumberOfWorkers":20,"planName":"VirtualDedicatedPlan","adminRuntimeSiteName":null,"computeMode":"Dedicated","siteMode":null,"geoRegion":"West
        US","perSiteScaling":false,"maximumElasticWorkerCount":1,"numberOfSites":0,"hostingEnvironmentId":null,"isSpot":false,"spotExpirationTime":null,"freeOfferExpirationTime":null,"tags":null,"kind":"app","resourceGroup":"clitest.rg000001","reserved":false,"isXenon":false,"hyperV":false,"mdmId":"waws-prod-bay-113_24020","targetWorkerCount":0,"targetWorkerSizeId":0,"provisioningState":"Succeeded","webSiteId":null,"existingServerFarmIds":null},"sku":{"name":"P1v2","tier":"PremiumV2","size":"P1v2","family":"Pv2","capacity":1}}'
    headers:
      cache-control:
      - no-cache
      content-length:
      - '1525'
      content-type:
      - application/json
      date:
      - Sun, 05 Jan 2020 08:42:10 GMT
      expires:
      - '-1'
      pragma:
      - no-cache
      server:
      - Microsoft-IIS/10.0
      strict-transport-security:
      - max-age=31536000; includeSubDomains
      transfer-encoding:
      - chunked
      vary:
      - Accept-Encoding
      x-aspnet-version:
      - 4.0.30319
      x-content-type-options:
      - nosniff
      x-powered-by:
      - ASP.NET
    status:
      code: 200
      message: OK
- request:
    body: 'b''{"name": "swiftwebapp000002", "type": "Microsoft.Web/sites", "location":
      "West US", "properties": {"serverFarmId": "/subscriptions/00000000-0000-0000-0000-000000000000/resourceGroups/clitest.rg000001/providers/Microsoft.Web/serverfarms/swiftplan000003"}}'''
    headers:
      Accept:
      - application/json
      Accept-Encoding:
      - gzip, deflate
      CommandName:
      - webapp create
      Connection:
      - keep-alive
      Content-Length:
      - '329'
      Content-Type:
      - application/json; charset=utf-8
      ParameterSetName:
      - -g -n --plan
      User-Agent:
      - python/3.7.4 (Windows-10-10.0.18362-SP0) msrest/0.6.10 msrest_azure/0.6.2
        azure-mgmt-web/0.44.0 Azure-SDK-For-Python AZURECLI/2.0.79
      accept-language:
      - en-US
    method: POST
    uri: https://management.azure.com/subscriptions/00000000-0000-0000-0000-000000000000/resourceGroups/clitest.rg000001/providers/Microsoft.Web/validate?api-version=2019-08-01
  response:
    body:
      string: '{"status":"Success","error":null}'
    headers:
      cache-control:
      - no-cache
      content-length:
      - '33'
      content-type:
      - application/json
      date:
      - Sun, 05 Jan 2020 08:42:11 GMT
      expires:
      - '-1'
      pragma:
      - no-cache
      server:
      - Microsoft-IIS/10.0
      strict-transport-security:
      - max-age=31536000; includeSubDomains
      transfer-encoding:
      - chunked
      vary:
      - Accept-Encoding
      x-aspnet-version:
      - 4.0.30319
      x-content-type-options:
      - nosniff
      x-ms-ratelimit-remaining-subscription-writes:
      - '1198'
      x-powered-by:
      - ASP.NET
    status:
      code: 200
      message: OK
- request:
    body: null
    headers:
      Accept:
      - application/json
      Accept-Encoding:
      - gzip, deflate
      CommandName:
      - webapp create
      Connection:
      - keep-alive
      ParameterSetName:
      - -g -n --plan
      User-Agent:
      - python/3.7.4 (Windows-10-10.0.18362-SP0) msrest/0.6.10 msrest_azure/0.6.2
        azure-mgmt-web/0.44.0 Azure-SDK-For-Python AZURECLI/2.0.79
      accept-language:
      - en-US
    method: GET
    uri: https://management.azure.com/subscriptions/00000000-0000-0000-0000-000000000000/resourceGroups/clitest.rg000001/providers/Microsoft.Web/serverfarms/swiftplan000003?api-version=2019-08-01
  response:
    body:
      string: '{"id":"/subscriptions/00000000-0000-0000-0000-000000000000/resourceGroups/clitest.rg000001/providers/Microsoft.Web/serverfarms/swiftplan000003","name":"swiftplan000003","type":"Microsoft.Web/serverfarms","kind":"app","location":"West
        US","properties":{"serverFarmId":24020,"name":"swiftplan000003","workerSize":"D1","workerSizeId":3,"workerTierName":null,"numberOfWorkers":1,"currentWorkerSize":"D1","currentWorkerSizeId":3,"currentNumberOfWorkers":1,"status":"Ready","webSpace":"clitest.rg000001-WestUSwebspace","subscription":"0b1f6471-1bf0-4dda-aec3-cb9272f09590","adminSiteName":null,"hostingEnvironment":null,"hostingEnvironmentProfile":null,"maximumNumberOfWorkers":20,"planName":"VirtualDedicatedPlan","adminRuntimeSiteName":null,"computeMode":"Dedicated","siteMode":null,"geoRegion":"West
        US","perSiteScaling":false,"maximumElasticWorkerCount":1,"numberOfSites":0,"hostingEnvironmentId":null,"isSpot":false,"spotExpirationTime":null,"freeOfferExpirationTime":null,"tags":null,"kind":"app","resourceGroup":"clitest.rg000001","reserved":false,"isXenon":false,"hyperV":false,"mdmId":"waws-prod-bay-113_24020","targetWorkerCount":0,"targetWorkerSizeId":0,"provisioningState":"Succeeded","webSiteId":null,"existingServerFarmIds":null},"sku":{"name":"P1v2","tier":"PremiumV2","size":"P1v2","family":"Pv2","capacity":1}}'
    headers:
      cache-control:
      - no-cache
      content-length:
      - '1525'
      content-type:
      - application/json
      date:
      - Sun, 05 Jan 2020 08:42:12 GMT
      expires:
      - '-1'
      pragma:
      - no-cache
      server:
      - Microsoft-IIS/10.0
      strict-transport-security:
      - max-age=31536000; includeSubDomains
      transfer-encoding:
      - chunked
      vary:
      - Accept-Encoding
      x-aspnet-version:
      - 4.0.30319
      x-content-type-options:
      - nosniff
      x-powered-by:
      - ASP.NET
    status:
      code: 200
      message: OK
- request:
    body: 'b''{"location": "West US", "properties": {"serverFarmId": "/subscriptions/00000000-0000-0000-0000-000000000000/resourceGroups/clitest.rg000001/providers/Microsoft.Web/serverfarms/swiftplan000003",
      "reserved": false, "isXenon": false, "hyperV": false, "siteConfig": {"netFrameworkVersion":
      "v4.6", "appSettings": [{"name": "WEBSITE_NODE_DEFAULT_VERSION", "value": "10.14"}],
      "alwaysOn": true, "localMySqlEnabled": false, "http20Enabled": true}, "scmSiteAlsoStopped":
      false, "httpsOnly": false}}'''
    headers:
      Accept:
      - application/json
      Accept-Encoding:
      - gzip, deflate
      CommandName:
      - webapp create
      Connection:
      - keep-alive
      Content-Length:
      - '558'
      Content-Type:
      - application/json; charset=utf-8
      ParameterSetName:
      - -g -n --plan
      User-Agent:
      - python/3.7.4 (Windows-10-10.0.18362-SP0) msrest/0.6.10 msrest_azure/0.6.2
        azure-mgmt-web/0.44.0 Azure-SDK-For-Python AZURECLI/2.0.79
      accept-language:
      - en-US
    method: PUT
    uri: https://management.azure.com/subscriptions/00000000-0000-0000-0000-000000000000/resourceGroups/clitest.rg000001/providers/Microsoft.Web/sites/swiftwebapp000002?api-version=2019-08-01
  response:
    body:
      string: '{"id":"/subscriptions/00000000-0000-0000-0000-000000000000/resourceGroups/clitest.rg000001/providers/Microsoft.Web/sites/swiftwebapp000002","name":"swiftwebapp000002","type":"Microsoft.Web/sites","kind":"app","location":"West
        US","properties":{"name":"swiftwebapp000002","state":"Running","hostNames":["swiftwebapp000002.azurewebsites.net"],"webSpace":"clitest.rg000001-WestUSwebspace","selfLink":"https://waws-prod-bay-113.api.azurewebsites.windows.net:454/subscriptions/00000000-0000-0000-0000-000000000000/webspaces/clitest.rg000001-WestUSwebspace/sites/swiftwebapp000002","repositorySiteName":"swiftwebapp000002","owner":null,"usageState":"Normal","enabled":true,"adminEnabled":true,"enabledHostNames":["swiftwebapp000002.azurewebsites.net","swiftwebapp000002.scm.azurewebsites.net"],"siteProperties":{"metadata":null,"properties":[{"name":"LinuxFxVersion","value":""},{"name":"WindowsFxVersion","value":null}],"appSettings":null},"availabilityState":"Normal","sslCertificates":null,"csrs":[],"cers":null,"siteMode":null,"hostNameSslStates":[{"name":"swiftwebapp000002.azurewebsites.net","sslState":"Disabled","ipBasedSslResult":null,"virtualIP":null,"thumbprint":null,"toUpdate":null,"toUpdateIpBasedSsl":null,"ipBasedSslState":"NotConfigured","hostType":"Standard"},{"name":"swiftwebapp000002.scm.azurewebsites.net","sslState":"Disabled","ipBasedSslResult":null,"virtualIP":null,"thumbprint":null,"toUpdate":null,"toUpdateIpBasedSsl":null,"ipBasedSslState":"NotConfigured","hostType":"Repository"}],"computeMode":null,"serverFarm":null,"serverFarmId":"/subscriptions/00000000-0000-0000-0000-000000000000/resourceGroups/clitest.rg000001/providers/Microsoft.Web/serverfarms/swiftplan000003","reserved":false,"isXenon":false,"hyperV":false,"lastModifiedTimeUtc":"2020-01-05T08:42:18.6833333","storageRecoveryDefaultState":"Running","contentAvailabilityState":"Normal","runtimeAvailabilityState":"Normal","siteConfig":null,"deploymentId":"swiftwebapp000002","trafficManagerHostNames":null,"sku":"PremiumV2","scmSiteAlsoStopped":false,"targetSwapSlot":null,"hostingEnvironment":null,"hostingEnvironmentProfile":null,"clientAffinityEnabled":true,"clientCertEnabled":false,"clientCertExclusionPaths":null,"hostNamesDisabled":false,"domainVerificationIdentifiers":null,"customDomainVerificationId":"8126C89A21269F0924BF1BB8A898C77B4A787BD21E89D68BAA0D918F0A039D0A","kind":"app","inboundIpAddress":"40.78.48.219","possibleInboundIpAddresses":"40.78.48.219","outboundIpAddresses":"104.40.12.222,104.40.2.67,104.40.9.121","possibleOutboundIpAddresses":"40.78.48.219,104.40.3.246,104.40.8.50,104.40.4.179,104.40.14.83,104.40.12.222,104.40.2.67,104.40.9.121","containerSize":0,"dailyMemoryTimeQuota":0,"suspendedTill":null,"siteDisabledReason":0,"functionExecutionUnitsCache":null,"maxNumberOfWorkers":null,"homeStamp":"waws-prod-bay-113","cloningInfo":null,"hostingEnvironmentId":null,"tags":null,"resourceGroup":"clitest.rg000001","defaultHostName":"swiftwebapp000002.azurewebsites.net","slotSwapStatus":null,"httpsOnly":false,"redundancyMode":"None","inProgressOperationId":null,"geoDistributions":null,"privateEndpointConnections":null,"buildVersion":null,"targetBuildVersion":null}}'
    headers:
      cache-control:
      - no-cache
      content-length:
      - '3568'
      content-type:
      - application/json
      date:
      - Sun, 05 Jan 2020 08:42:36 GMT
      etag:
      - '"1D5C3A40A3A2555"'
      expires:
      - '-1'
      pragma:
      - no-cache
      server:
      - Microsoft-IIS/10.0
      strict-transport-security:
      - max-age=31536000; includeSubDomains
      transfer-encoding:
      - chunked
      vary:
      - Accept-Encoding
      x-aspnet-version:
      - 4.0.30319
      x-content-type-options:
      - nosniff
      x-ms-ratelimit-remaining-subscription-resource-requests:
      - '499'
      x-powered-by:
      - ASP.NET
    status:
      code: 200
      message: OK
- request:
    body: '{}'
    headers:
      Accept:
      - application/xml
      Accept-Encoding:
      - gzip, deflate
      CommandName:
      - webapp create
      Connection:
      - keep-alive
      Content-Length:
      - '2'
      Content-Type:
      - application/json; charset=utf-8
      ParameterSetName:
      - -g -n --plan
      User-Agent:
      - python/3.7.4 (Windows-10-10.0.18362-SP0) msrest/0.6.10 msrest_azure/0.6.2
        azure-mgmt-web/0.44.0 Azure-SDK-For-Python AZURECLI/2.0.79
      accept-language:
      - en-US
    method: POST
    uri: https://management.azure.com/subscriptions/00000000-0000-0000-0000-000000000000/resourceGroups/clitest.rg000001/providers/Microsoft.Web/sites/swiftwebapp000002/publishxml?api-version=2019-08-01
  response:
    body:
      string: <publishData><publishProfile profileName="swiftwebapp000002 - Web Deploy"
        publishMethod="MSDeploy" publishUrl="swiftwebapp000002.scm.azurewebsites.net:443"
        msdeploySite="swiftwebapp000002" userName="$swiftwebapp000002" userPWD="blZCyw3WnoGwuyrMqcvSlCKbEyBpL0QC0Ycdajrbuv1jtXrdNdEtBgwAn6Re"
        destinationAppUrl="http://swiftwebapp000002.azurewebsites.net" SQLServerDBConnectionString=""
        mySQLDBConnectionString="" hostingProviderForumLink="" controlPanelLink="http://windows.azure.com"
        webSystem="WebSites"><databases /></publishProfile><publishProfile profileName="swiftwebapp000002
        - FTP" publishMethod="FTP" publishUrl="ftp://waws-prod-bay-113.ftp.azurewebsites.windows.net/site/wwwroot"
        ftpPassiveMode="True" userName="swiftwebapp000002\$swiftwebapp000002" userPWD="blZCyw3WnoGwuyrMqcvSlCKbEyBpL0QC0Ycdajrbuv1jtXrdNdEtBgwAn6Re"
        destinationAppUrl="http://swiftwebapp000002.azurewebsites.net" SQLServerDBConnectionString=""
        mySQLDBConnectionString="" hostingProviderForumLink="" controlPanelLink="http://windows.azure.com"
        webSystem="WebSites"><databases /></publishProfile><publishProfile profileName="swiftwebapp000002
        - ReadOnly - FTP" publishMethod="FTP" publishUrl="ftp://waws-prod-bay-113dr.ftp.azurewebsites.windows.net/site/wwwroot"
        ftpPassiveMode="True" userName="swiftwebapp000002\$swiftwebapp000002" userPWD="blZCyw3WnoGwuyrMqcvSlCKbEyBpL0QC0Ycdajrbuv1jtXrdNdEtBgwAn6Re"
        destinationAppUrl="http://swiftwebapp000002.azurewebsites.net" SQLServerDBConnectionString=""
        mySQLDBConnectionString="" hostingProviderForumLink="" controlPanelLink="http://windows.azure.com"
        webSystem="WebSites"><databases /></publishProfile></publishData>
    headers:
      cache-control:
      - no-cache
      content-length:
      - '1730'
      content-type:
      - application/xml
      date:
      - Sun, 05 Jan 2020 08:42:37 GMT
      expires:
      - '-1'
      pragma:
      - no-cache
      server:
      - Microsoft-IIS/10.0
      strict-transport-security:
      - max-age=31536000; includeSubDomains
      x-aspnet-version:
      - 4.0.30319
      x-content-type-options:
      - nosniff
      x-ms-ratelimit-remaining-subscription-resource-requests:
      - '11999'
      x-powered-by:
      - ASP.NET
    status:
      code: 200
      message: OK
- request:
    body: null
    headers:
      Accept:
      - application/json
      Accept-Encoding:
      - gzip, deflate
      CommandName:
      - webapp vnet-integration add
      Connection:
      - keep-alive
      ParameterSetName:
      - -g -n --vnet --subnet
      User-Agent:
      - python/3.7.4 (Windows-10-10.0.18362-SP0) msrest/0.6.10 msrest_azure/0.6.2
        azure-mgmt-network/7.0.0 Azure-SDK-For-Python AZURECLI/2.0.79
      accept-language:
      - en-US
    method: GET
    uri: https://management.azure.com/subscriptions/00000000-0000-0000-0000-000000000000/providers/Microsoft.Network/virtualNetworks?api-version=2019-09-01
  response:
    body:
      string: '{"value":[{"name":"swiftname000005","id":"/subscriptions/00000000-0000-0000-0000-000000000000/resourceGroups/clitest.rg000001/providers/Microsoft.Network/virtualNetworks/swiftname000005","etag":"W/\"0fe9446f-47df-4daf-aa41-a9e6d09607aa\"","type":"Microsoft.Network/virtualNetworks","location":"westus","tags":{},"properties":{"provisioningState":"Succeeded","resourceGuid":"a856355f-476c-4e74-8454-72d10dd712b4","addressSpace":{"addressPrefixes":["10.0.0.0/16"]},"dhcpOptions":{"dnsServers":[]},"subnets":[{"name":"swiftsubnet000004","id":"/subscriptions/00000000-0000-0000-0000-000000000000/resourceGroups/clitest.rg000001/providers/Microsoft.Network/virtualNetworks/swiftname000005/subnets/swiftsubnet000004","etag":"W/\"0fe9446f-47df-4daf-aa41-a9e6d09607aa\"","properties":{"provisioningState":"Succeeded","addressPrefix":"10.0.0.0/24","serviceEndpoints":[{"provisioningState":"Succeeded","service":"Microsoft.Storage","locations":["westus","eastus"]}],"delegations":[{"name":"0","id":"/subscriptions/00000000-0000-0000-0000-000000000000/resourceGroups/clitest.rg000001/providers/Microsoft.Network/virtualNetworks/swiftname000005/subnets/swiftsubnet000004/delegations/0","etag":"W/\"0fe9446f-47df-4daf-aa41-a9e6d09607aa\"","properties":{"provisioningState":"Succeeded","serviceName":"Microsoft.Web/serverfarms","actions":["Microsoft.Network/virtualNetworks/subnets/action"]},"type":"Microsoft.Network/virtualNetworks/subnets/delegations"}],"privateEndpointNetworkPolicies":"Enabled","privateLinkServiceNetworkPolicies":"Enabled"},"type":"Microsoft.Network/virtualNetworks/subnets"}],"virtualNetworkPeerings":[],"enableDdosProtection":false,"enableVmProtection":false}},{"name":"vm1VNET","id":"/subscriptions/00000000-0000-0000-0000-000000000000/resourceGroups/zuh/providers/Microsoft.Network/virtualNetworks/vm1VNET","etag":"W/\"f5bf28fa-b2a3-416a-a8e1-f553fb65c77d\"","type":"Microsoft.Network/virtualNetworks","location":"westus","properties":{"provisioningState":"Succeeded","resourceGuid":"9cf6d0a2-a593-4e12-89f3-0f9a23f509cf","addressSpace":{"addressPrefixes":["10.0.0.0/16"]},"subnets":[{"name":"vm1Subnet","id":"/subscriptions/00000000-0000-0000-0000-000000000000/resourceGroups/zuh/providers/Microsoft.Network/virtualNetworks/vm1VNET/subnets/vm1Subnet","etag":"W/\"f5bf28fa-b2a3-416a-a8e1-f553fb65c77d\"","properties":{"provisioningState":"Succeeded","addressPrefix":"10.0.0.0/24","ipConfigurations":[{"id":"/subscriptions/00000000-0000-0000-0000-000000000000/resourceGroups/zuh/providers/Microsoft.Network/networkInterfaces/vm1VMNic/ipConfigurations/ipconfigvm1"},{"id":"/subscriptions/00000000-0000-0000-0000-000000000000/resourceGroups/zuh/providers/Microsoft.Network/networkInterfaces/zuhvmVMNic/ipConfigurations/ipconfigzuhvm"}],"delegations":[],"privateEndpointNetworkPolicies":"Enabled","privateLinkServiceNetworkPolicies":"Enabled"},"type":"Microsoft.Network/virtualNetworks/subnets"}],"virtualNetworkPeerings":[],"enableDdosProtection":false,"enableVmProtection":false}},{"name":"zuhvnet","id":"/subscriptions/00000000-0000-0000-0000-000000000000/resourceGroups/zuh/providers/Microsoft.Network/virtualNetworks/zuhvnet","etag":"W/\"6a08871c-fc1b-44de-a941-3666ef86ed7d\"","type":"Microsoft.Network/virtualNetworks","location":"westus","tags":{},"properties":{"provisioningState":"Succeeded","resourceGuid":"3731e70e-fee6-4a37-97f0-e470055c8f2e","addressSpace":{"addressPrefixes":["10.0.0.0/16"]},"dhcpOptions":{"dnsServers":[]},"subnets":[{"name":"zuhsubnet","id":"/subscriptions/00000000-0000-0000-0000-000000000000/resourceGroups/zuh/providers/Microsoft.Network/virtualNetworks/zuhvnet/subnets/zuhsubnet","etag":"W/\"6a08871c-fc1b-44de-a941-3666ef86ed7d\"","properties":{"provisioningState":"Succeeded","addressPrefix":"10.0.0.0/24","serviceEndpoints":[{"provisioningState":"Succeeded","service":"Microsoft.Storage","locations":["westus","eastus"]}],"delegations":[],"privateEndpointNetworkPolicies":"Enabled","privateLinkServiceNetworkPolicies":"Enabled"},"type":"Microsoft.Network/virtualNetworks/subnets"}],"virtualNetworkPeerings":[],"enableDdosProtection":false,"enableVmProtection":false}},{"name":"azure-cli-test-vnet","id":"/subscriptions/00000000-0000-0000-0000-000000000000/resourceGroups/azure-cli-test-rg/providers/Microsoft.Network/virtualNetworks/azure-cli-test-vnet","etag":"W/\"bdade1ef-0e99-4bf2-83d9-be05f7d43b58\"","type":"Microsoft.Network/virtualNetworks","location":"eastus","tags":{},"properties":{"provisioningState":"Succeeded","resourceGuid":"fb1d03d2-b580-4c96-ac81-7840d59a69b2","addressSpace":{"addressPrefixes":["10.5.0.0/16"]},"subnets":[{"name":"AzureBastionSubnet","id":"/subscriptions/00000000-0000-0000-0000-000000000000/resourceGroups/azure-cli-test-rg/providers/Microsoft.Network/virtualNetworks/azure-cli-test-vnet/subnets/AzureBastionSubnet","etag":"W/\"bdade1ef-0e99-4bf2-83d9-be05f7d43b58\"","properties":{"provisioningState":"Succeeded","addressPrefix":"10.5.0.0/27","ipConfigurations":[{"id":"/subscriptions/00000000-0000-0000-0000-000000000000/resourceGroups/azure-cli-test-rg/providers/Microsoft.Network/bastionHosts/azure-cli-test-bastion/bastionHostIpConfigurations/IpConf"}],"delegations":[],"privateEndpointNetworkPolicies":"Enabled","privateLinkServiceNetworkPolicies":"Enabled"},"type":"Microsoft.Network/virtualNetworks/subnets"},{"name":"vm-subnet","id":"/subscriptions/00000000-0000-0000-0000-000000000000/resourceGroups/azure-cli-test-rg/providers/Microsoft.Network/virtualNetworks/azure-cli-test-vnet/subnets/vm-subnet","etag":"W/\"bdade1ef-0e99-4bf2-83d9-be05f7d43b58\"","properties":{"provisioningState":"Succeeded","addressPrefix":"10.5.1.0/24","ipConfigurations":[{"id":"/subscriptions/00000000-0000-0000-0000-000000000000/resourceGroups/azure-cli-test-rg/providers/Microsoft.Network/networkInterfaces/azureclitestlinux487/ipConfigurations/ipconfig1"},{"id":"/subscriptions/00000000-0000-0000-0000-000000000000/resourceGroups/azure-cli-test-rg/providers/Microsoft.Network/networkInterfaces/azureclitestwin173/ipConfigurations/ipconfig1"}],"serviceEndpoints":[],"delegations":[],"privateEndpointNetworkPolicies":"Enabled","privateLinkServiceNetworkPolicies":"Enabled"},"type":"Microsoft.Network/virtualNetworks/subnets"}],"virtualNetworkPeerings":[],"enableDdosProtection":false,"enableVmProtection":false}},{"name":"jlrg1-vnet","id":"/subscriptions/00000000-0000-0000-0000-000000000000/resourceGroups/jlrg1/providers/Microsoft.Network/virtualNetworks/jlrg1-vnet","etag":"W/\"967c832f-a6c1-4f1f-9a5e-d46206a1c110\"","type":"Microsoft.Network/virtualNetworks","location":"southeastasia","properties":{"provisioningState":"Succeeded","resourceGuid":"18d96851-2bdc-46ec-a58a-74a55b9f8d26","addressSpace":{"addressPrefixes":["10.2.0.0/24"]},"subnets":[{"name":"default","id":"/subscriptions/00000000-0000-0000-0000-000000000000/resourceGroups/jlrg1/providers/Microsoft.Network/virtualNetworks/jlrg1-vnet/subnets/default","etag":"W/\"967c832f-a6c1-4f1f-9a5e-d46206a1c110\"","properties":{"provisioningState":"Succeeded","addressPrefix":"10.2.0.0/24","ipConfigurations":[{"id":"/subscriptions/00000000-0000-0000-0000-000000000000/resourceGroups/jlrg1/providers/Microsoft.Network/networkInterfaces/jlvm141/ipConfigurations/ipconfig1"}],"delegations":[],"privateEndpointNetworkPolicies":"Enabled","privateLinkServiceNetworkPolicies":"Enabled"},"type":"Microsoft.Network/virtualNetworks/subnets"}],"virtualNetworkPeerings":[],"enableDdosProtection":false,"enableVmProtection":false}},{"name":"vnettest","id":"/subscriptions/00000000-0000-0000-0000-000000000000/resourceGroups/fanqiu-test/providers/Microsoft.Network/virtualNetworks/vnettest","etag":"W/\"2a99f2ce-5482-4e66-a221-8a08d60295d0\"","type":"Microsoft.Network/virtualNetworks","location":"centralus","properties":{"provisioningState":"Succeeded","resourceGuid":"069414bc-bd93-47a1-976e-2e51578a2c72","addressSpace":{"addressPrefixes":["10.1.0.0/16"]},"subnets":[{"name":"default","id":"/subscriptions/00000000-0000-0000-0000-000000000000/resourceGroups/fanqiu-test/providers/Microsoft.Network/virtualNetworks/vnettest/subnets/default","etag":"W/\"2a99f2ce-5482-4e66-a221-8a08d60295d0\"","properties":{"provisioningState":"Succeeded","addressPrefix":"10.1.0.0/24","ipConfigurations":[{"id":"/subscriptions/00000000-0000-0000-0000-000000000000/resourceGroups/fanqiu-test/providers/Microsoft.Network/networkInterfaces/sdfsdfsdf.nic.483f3d12-3ba8-4789-92dd-b7ed9c4d43db/ipConfigurations/sdfsdfsdf_ipconfig_0"},{"id":"/subscriptions/00000000-0000-0000-0000-000000000000/resourceGroups/fanqiu-test/providers/Microsoft.Network/privateLinkServices/sdfsdfsdf/ipConfigurations/sdfsdfsdf_ipconfig_0"}],"delegations":[],"privateEndpointNetworkPolicies":"Enabled","privateLinkServiceNetworkPolicies":"Disabled"},"type":"Microsoft.Network/virtualNetworks/subnets"},{"name":"GatewaySubnet","id":"/subscriptions/00000000-0000-0000-0000-000000000000/resourceGroups/fanqiu-test/providers/Microsoft.Network/virtualNetworks/vnettest/subnets/GatewaySubnet","etag":"W/\"2a99f2ce-5482-4e66-a221-8a08d60295d0\"","properties":{"provisioningState":"Succeeded","addressPrefix":"10.1.3.0/24","delegations":[],"privateEndpointNetworkPolicies":"Enabled","privateLinkServiceNetworkPolicies":"Enabled"},"type":"Microsoft.Network/virtualNetworks/subnets"},{"name":"test1","id":"/subscriptions/00000000-0000-0000-0000-000000000000/resourceGroups/fanqiu-test/providers/Microsoft.Network/virtualNetworks/vnettest/subnets/test1","etag":"W/\"2a99f2ce-5482-4e66-a221-8a08d60295d0\"","properties":{"provisioningState":"Succeeded","addressPrefix":"10.1.1.0/24","serviceEndpoints":[],"delegations":[],"privateEndpointNetworkPolicies":"Disabled","privateLinkServiceNetworkPolicies":"Enabled"},"type":"Microsoft.Network/virtualNetworks/subnets"},{"name":"test2","id":"/subscriptions/00000000-0000-0000-0000-000000000000/resourceGroups/fanqiu-test/providers/Microsoft.Network/virtualNetworks/vnettest/subnets/test2","etag":"W/\"2a99f2ce-5482-4e66-a221-8a08d60295d0\"","properties":{"provisioningState":"Succeeded","addressPrefix":"10.1.2.0/24","serviceEndpoints":[],"delegations":[],"purpose":"PrivateEndpoints","privateEndpointNetworkPolicies":"Disabled","privateLinkServiceNetworkPolicies":"Enabled"},"type":"Microsoft.Network/virtualNetworks/subnets"},{"name":"test3","id":"/subscriptions/00000000-0000-0000-0000-000000000000/resourceGroups/fanqiu-test/providers/Microsoft.Network/virtualNetworks/vnettest/subnets/test3","etag":"W/\"2a99f2ce-5482-4e66-a221-8a08d60295d0\"","properties":{"provisioningState":"Succeeded","addressPrefix":"10.1.4.0/24","serviceEndpoints":[],"delegations":[],"purpose":"PrivateEndpoints","privateEndpointNetworkPolicies":"Disabled","privateLinkServiceNetworkPolicies":"Enabled"},"type":"Microsoft.Network/virtualNetworks/subnets"},{"name":"test4","id":"/subscriptions/00000000-0000-0000-0000-000000000000/resourceGroups/fanqiu-test/providers/Microsoft.Network/virtualNetworks/vnettest/subnets/test4","etag":"W/\"2a99f2ce-5482-4e66-a221-8a08d60295d0\"","properties":{"provisioningState":"Succeeded","addressPrefix":"10.1.5.0/24","serviceEndpoints":[],"delegations":[],"privateEndpointNetworkPolicies":"Enabled","privateLinkServiceNetworkPolicies":"Disabled"},"type":"Microsoft.Network/virtualNetworks/subnets"}],"virtualNetworkPeerings":[],"enableDdosProtection":false,"enableVmProtection":false}},{"name":"sdk-vnet","id":"/subscriptions/00000000-0000-0000-0000-000000000000/resourceGroups/sdk-wus2-rg-test/providers/Microsoft.Network/virtualNetworks/sdk-vnet","etag":"W/\"b277f4c3-62f6-411f-b1e3-80ca12a5ea9c\"","type":"Microsoft.Network/virtualNetworks","location":"westus2","properties":{"provisioningState":"Succeeded","resourceGuid":"7637a963-71f9-4aed-905b-8c0f4aed45b9","addressSpace":{"addressPrefixes":["10.6.0.0/16"]},"subnets":[{"name":"default","id":"/subscriptions/00000000-0000-0000-0000-000000000000/resourceGroups/sdk-wus2-rg-test/providers/Microsoft.Network/virtualNetworks/sdk-vnet/subnets/default","etag":"W/\"b277f4c3-62f6-411f-b1e3-80ca12a5ea9c\"","properties":{"provisioningState":"Succeeded","addressPrefix":"10.6.0.0/24","ipConfigurations":[{"id":"/subscriptions/00000000-0000-0000-0000-000000000000/resourceGroups/sdk-wus2-rg-test/providers/Microsoft.Network/networkInterfaces/anf-sdk-vnet-nic-VLB5RZ/ipConfigurations/ipconfig1"}],"serviceEndpoints":[],"delegations":[{"name":"514c6b63b2df4757ba448bd8f44d10a5","id":"/subscriptions/00000000-0000-0000-0000-000000000000/resourceGroups/sdk-wus2-rg-test/providers/Microsoft.Network/virtualNetworks/sdk-vnet/subnets/default/delegations/514c6b63b2df4757ba448bd8f44d10a5","etag":"W/\"b277f4c3-62f6-411f-b1e3-80ca12a5ea9c\"","properties":{"provisioningState":"Succeeded","serviceName":"Microsoft.Netapp/volumes","actions":["Microsoft.Network/networkinterfaces/*","Microsoft.Network/virtualNetworks/subnets/join/action"]},"type":"Microsoft.Network/virtualNetworks/subnets/delegations"}],"purpose":"HostedWorkloads","privateEndpointNetworkPolicies":"Enabled","privateLinkServiceNetworkPolicies":"Enabled"},"type":"Microsoft.Network/virtualNetworks/subnets"}],"virtualNetworkPeerings":[],"enableDdosProtection":false,"enableVmProtection":false}}]}'
    headers:
      cache-control:
      - no-cache
      content-length:
      - '13364'
      content-type:
      - application/json; charset=utf-8
      date:
      - Sun, 05 Jan 2020 08:42:40 GMT
      expires:
      - '-1'
      pragma:
      - no-cache
      strict-transport-security:
      - max-age=31536000; includeSubDomains
      vary:
      - Accept-Encoding
      x-content-type-options:
      - nosniff
      x-ms-original-request-ids:
      - 01fdd919-2a67-4244-a21c-07effd537114
      - bfc377d6-3dde-4ebd-8670-f91ab485a640
      - 4155cc4a-738c-45b9-ba24-53c7349d21f7
      - 8ae29493-57a6-4b98-b288-743cb8c98220
      - 19077dcd-237f-4229-9d61-d4e5ce016dd3
    status:
      code: 200
      message: OK
- request:
    body: null
    headers:
      Accept:
      - application/json
      Accept-Encoding:
      - gzip, deflate
      CommandName:
      - webapp vnet-integration add
      Connection:
      - keep-alive
      ParameterSetName:
      - -g -n --vnet --subnet
      User-Agent:
      - python/3.7.4 (Windows-10-10.0.18362-SP0) msrest/0.6.10 msrest_azure/0.6.2
        azure-mgmt-web/0.44.0 Azure-SDK-For-Python AZURECLI/2.0.79
      accept-language:
      - en-US
    method: GET
    uri: https://management.azure.com/subscriptions/00000000-0000-0000-0000-000000000000/resourceGroups/clitest.rg000001/providers/Microsoft.Web/sites/swiftwebapp000002?api-version=2019-08-01
  response:
    body:
      string: '{"id":"/subscriptions/00000000-0000-0000-0000-000000000000/resourceGroups/clitest.rg000001/providers/Microsoft.Web/sites/swiftwebapp000002","name":"swiftwebapp000002","type":"Microsoft.Web/sites","kind":"app","location":"West
        US","properties":{"name":"swiftwebapp000002","state":"Running","hostNames":["swiftwebapp000002.azurewebsites.net"],"webSpace":"clitest.rg000001-WestUSwebspace","selfLink":"https://waws-prod-bay-113.api.azurewebsites.windows.net:454/subscriptions/00000000-0000-0000-0000-000000000000/webspaces/clitest.rg000001-WestUSwebspace/sites/swiftwebapp000002","repositorySiteName":"swiftwebapp000002","owner":null,"usageState":"Normal","enabled":true,"adminEnabled":true,"enabledHostNames":["swiftwebapp000002.azurewebsites.net","swiftwebapp000002.scm.azurewebsites.net"],"siteProperties":{"metadata":null,"properties":[{"name":"LinuxFxVersion","value":""},{"name":"WindowsFxVersion","value":null}],"appSettings":null},"availabilityState":"Normal","sslCertificates":null,"csrs":[],"cers":null,"siteMode":null,"hostNameSslStates":[{"name":"swiftwebapp000002.azurewebsites.net","sslState":"Disabled","ipBasedSslResult":null,"virtualIP":null,"thumbprint":null,"toUpdate":null,"toUpdateIpBasedSsl":null,"ipBasedSslState":"NotConfigured","hostType":"Standard"},{"name":"swiftwebapp000002.scm.azurewebsites.net","sslState":"Disabled","ipBasedSslResult":null,"virtualIP":null,"thumbprint":null,"toUpdate":null,"toUpdateIpBasedSsl":null,"ipBasedSslState":"NotConfigured","hostType":"Repository"}],"computeMode":null,"serverFarm":null,"serverFarmId":"/subscriptions/00000000-0000-0000-0000-000000000000/resourceGroups/clitest.rg000001/providers/Microsoft.Web/serverfarms/swiftplan000003","reserved":false,"isXenon":false,"hyperV":false,"lastModifiedTimeUtc":"2020-01-05T08:42:19.0933333","storageRecoveryDefaultState":"Running","contentAvailabilityState":"Normal","runtimeAvailabilityState":"Normal","siteConfig":null,"deploymentId":"swiftwebapp000002","trafficManagerHostNames":null,"sku":"PremiumV2","scmSiteAlsoStopped":false,"targetSwapSlot":null,"hostingEnvironment":null,"hostingEnvironmentProfile":null,"clientAffinityEnabled":true,"clientCertEnabled":false,"clientCertExclusionPaths":null,"hostNamesDisabled":false,"domainVerificationIdentifiers":null,"customDomainVerificationId":"8126C89A21269F0924BF1BB8A898C77B4A787BD21E89D68BAA0D918F0A039D0A","kind":"app","inboundIpAddress":"40.78.48.219","possibleInboundIpAddresses":"40.78.48.219","outboundIpAddresses":"104.40.12.222,104.40.2.67,104.40.9.121","possibleOutboundIpAddresses":"40.78.48.219,104.40.3.246,104.40.8.50,104.40.4.179,104.40.14.83,104.40.12.222,104.40.2.67,104.40.9.121","containerSize":0,"dailyMemoryTimeQuota":0,"suspendedTill":null,"siteDisabledReason":0,"functionExecutionUnitsCache":null,"maxNumberOfWorkers":null,"homeStamp":"waws-prod-bay-113","cloningInfo":null,"hostingEnvironmentId":null,"tags":null,"resourceGroup":"clitest.rg000001","defaultHostName":"swiftwebapp000002.azurewebsites.net","slotSwapStatus":null,"httpsOnly":false,"redundancyMode":"None","inProgressOperationId":null,"geoDistributions":null,"privateEndpointConnections":[],"buildVersion":null,"targetBuildVersion":null}}'
    headers:
      cache-control:
      - no-cache
      content-length:
      - '3566'
      content-type:
      - application/json
      date:
      - Sun, 05 Jan 2020 08:42:40 GMT
      etag:
      - '"1D5C3A40A3A2555"'
      expires:
      - '-1'
      pragma:
      - no-cache
      server:
      - Microsoft-IIS/10.0
      strict-transport-security:
      - max-age=31536000; includeSubDomains
      transfer-encoding:
      - chunked
      vary:
      - Accept-Encoding
      x-aspnet-version:
      - 4.0.30319
      x-content-type-options:
      - nosniff
      x-powered-by:
      - ASP.NET
    status:
      code: 200
      message: OK
- request:
    body: null
    headers:
      Accept:
      - application/json
      Accept-Encoding:
      - gzip, deflate
      CommandName:
      - webapp vnet-integration add
      Connection:
      - keep-alive
      ParameterSetName:
      - -g -n --vnet --subnet
      User-Agent:
      - python/3.7.4 (Windows-10-10.0.18362-SP0) msrest/0.6.10 msrest_azure/0.6.2
        azure-mgmt-network/7.0.0 Azure-SDK-For-Python AZURECLI/2.0.79
      accept-language:
      - en-US
    method: GET
    uri: https://management.azure.com/subscriptions/00000000-0000-0000-0000-000000000000/providers/Microsoft.Network/virtualNetworks?api-version=2019-09-01
  response:
    body:
      string: '{"value":[{"name":"swiftname000005","id":"/subscriptions/00000000-0000-0000-0000-000000000000/resourceGroups/clitest.rg000001/providers/Microsoft.Network/virtualNetworks/swiftname000005","etag":"W/\"0fe9446f-47df-4daf-aa41-a9e6d09607aa\"","type":"Microsoft.Network/virtualNetworks","location":"westus","tags":{},"properties":{"provisioningState":"Succeeded","resourceGuid":"a856355f-476c-4e74-8454-72d10dd712b4","addressSpace":{"addressPrefixes":["10.0.0.0/16"]},"dhcpOptions":{"dnsServers":[]},"subnets":[{"name":"swiftsubnet000004","id":"/subscriptions/00000000-0000-0000-0000-000000000000/resourceGroups/clitest.rg000001/providers/Microsoft.Network/virtualNetworks/swiftname000005/subnets/swiftsubnet000004","etag":"W/\"0fe9446f-47df-4daf-aa41-a9e6d09607aa\"","properties":{"provisioningState":"Succeeded","addressPrefix":"10.0.0.0/24","serviceEndpoints":[{"provisioningState":"Succeeded","service":"Microsoft.Storage","locations":["westus","eastus"]}],"delegations":[{"name":"0","id":"/subscriptions/00000000-0000-0000-0000-000000000000/resourceGroups/clitest.rg000001/providers/Microsoft.Network/virtualNetworks/swiftname000005/subnets/swiftsubnet000004/delegations/0","etag":"W/\"0fe9446f-47df-4daf-aa41-a9e6d09607aa\"","properties":{"provisioningState":"Succeeded","serviceName":"Microsoft.Web/serverfarms","actions":["Microsoft.Network/virtualNetworks/subnets/action"]},"type":"Microsoft.Network/virtualNetworks/subnets/delegations"}],"privateEndpointNetworkPolicies":"Enabled","privateLinkServiceNetworkPolicies":"Enabled"},"type":"Microsoft.Network/virtualNetworks/subnets"}],"virtualNetworkPeerings":[],"enableDdosProtection":false,"enableVmProtection":false}},{"name":"vm1VNET","id":"/subscriptions/00000000-0000-0000-0000-000000000000/resourceGroups/zuh/providers/Microsoft.Network/virtualNetworks/vm1VNET","etag":"W/\"f5bf28fa-b2a3-416a-a8e1-f553fb65c77d\"","type":"Microsoft.Network/virtualNetworks","location":"westus","properties":{"provisioningState":"Succeeded","resourceGuid":"9cf6d0a2-a593-4e12-89f3-0f9a23f509cf","addressSpace":{"addressPrefixes":["10.0.0.0/16"]},"subnets":[{"name":"vm1Subnet","id":"/subscriptions/00000000-0000-0000-0000-000000000000/resourceGroups/zuh/providers/Microsoft.Network/virtualNetworks/vm1VNET/subnets/vm1Subnet","etag":"W/\"f5bf28fa-b2a3-416a-a8e1-f553fb65c77d\"","properties":{"provisioningState":"Succeeded","addressPrefix":"10.0.0.0/24","ipConfigurations":[{"id":"/subscriptions/00000000-0000-0000-0000-000000000000/resourceGroups/zuh/providers/Microsoft.Network/networkInterfaces/vm1VMNic/ipConfigurations/ipconfigvm1"},{"id":"/subscriptions/00000000-0000-0000-0000-000000000000/resourceGroups/zuh/providers/Microsoft.Network/networkInterfaces/zuhvmVMNic/ipConfigurations/ipconfigzuhvm"}],"delegations":[],"privateEndpointNetworkPolicies":"Enabled","privateLinkServiceNetworkPolicies":"Enabled"},"type":"Microsoft.Network/virtualNetworks/subnets"}],"virtualNetworkPeerings":[],"enableDdosProtection":false,"enableVmProtection":false}},{"name":"zuhvnet","id":"/subscriptions/00000000-0000-0000-0000-000000000000/resourceGroups/zuh/providers/Microsoft.Network/virtualNetworks/zuhvnet","etag":"W/\"6a08871c-fc1b-44de-a941-3666ef86ed7d\"","type":"Microsoft.Network/virtualNetworks","location":"westus","tags":{},"properties":{"provisioningState":"Succeeded","resourceGuid":"3731e70e-fee6-4a37-97f0-e470055c8f2e","addressSpace":{"addressPrefixes":["10.0.0.0/16"]},"dhcpOptions":{"dnsServers":[]},"subnets":[{"name":"zuhsubnet","id":"/subscriptions/00000000-0000-0000-0000-000000000000/resourceGroups/zuh/providers/Microsoft.Network/virtualNetworks/zuhvnet/subnets/zuhsubnet","etag":"W/\"6a08871c-fc1b-44de-a941-3666ef86ed7d\"","properties":{"provisioningState":"Succeeded","addressPrefix":"10.0.0.0/24","serviceEndpoints":[{"provisioningState":"Succeeded","service":"Microsoft.Storage","locations":["westus","eastus"]}],"delegations":[],"privateEndpointNetworkPolicies":"Enabled","privateLinkServiceNetworkPolicies":"Enabled"},"type":"Microsoft.Network/virtualNetworks/subnets"}],"virtualNetworkPeerings":[],"enableDdosProtection":false,"enableVmProtection":false}},{"name":"azure-cli-test-vnet","id":"/subscriptions/00000000-0000-0000-0000-000000000000/resourceGroups/azure-cli-test-rg/providers/Microsoft.Network/virtualNetworks/azure-cli-test-vnet","etag":"W/\"bdade1ef-0e99-4bf2-83d9-be05f7d43b58\"","type":"Microsoft.Network/virtualNetworks","location":"eastus","tags":{},"properties":{"provisioningState":"Succeeded","resourceGuid":"fb1d03d2-b580-4c96-ac81-7840d59a69b2","addressSpace":{"addressPrefixes":["10.5.0.0/16"]},"subnets":[{"name":"AzureBastionSubnet","id":"/subscriptions/00000000-0000-0000-0000-000000000000/resourceGroups/azure-cli-test-rg/providers/Microsoft.Network/virtualNetworks/azure-cli-test-vnet/subnets/AzureBastionSubnet","etag":"W/\"bdade1ef-0e99-4bf2-83d9-be05f7d43b58\"","properties":{"provisioningState":"Succeeded","addressPrefix":"10.5.0.0/27","ipConfigurations":[{"id":"/subscriptions/00000000-0000-0000-0000-000000000000/resourceGroups/azure-cli-test-rg/providers/Microsoft.Network/bastionHosts/azure-cli-test-bastion/bastionHostIpConfigurations/IpConf"}],"delegations":[],"privateEndpointNetworkPolicies":"Enabled","privateLinkServiceNetworkPolicies":"Enabled"},"type":"Microsoft.Network/virtualNetworks/subnets"},{"name":"vm-subnet","id":"/subscriptions/00000000-0000-0000-0000-000000000000/resourceGroups/azure-cli-test-rg/providers/Microsoft.Network/virtualNetworks/azure-cli-test-vnet/subnets/vm-subnet","etag":"W/\"bdade1ef-0e99-4bf2-83d9-be05f7d43b58\"","properties":{"provisioningState":"Succeeded","addressPrefix":"10.5.1.0/24","ipConfigurations":[{"id":"/subscriptions/00000000-0000-0000-0000-000000000000/resourceGroups/azure-cli-test-rg/providers/Microsoft.Network/networkInterfaces/azureclitestlinux487/ipConfigurations/ipconfig1"},{"id":"/subscriptions/00000000-0000-0000-0000-000000000000/resourceGroups/azure-cli-test-rg/providers/Microsoft.Network/networkInterfaces/azureclitestwin173/ipConfigurations/ipconfig1"}],"serviceEndpoints":[],"delegations":[],"privateEndpointNetworkPolicies":"Enabled","privateLinkServiceNetworkPolicies":"Enabled"},"type":"Microsoft.Network/virtualNetworks/subnets"}],"virtualNetworkPeerings":[],"enableDdosProtection":false,"enableVmProtection":false}},{"name":"jlrg1-vnet","id":"/subscriptions/00000000-0000-0000-0000-000000000000/resourceGroups/jlrg1/providers/Microsoft.Network/virtualNetworks/jlrg1-vnet","etag":"W/\"967c832f-a6c1-4f1f-9a5e-d46206a1c110\"","type":"Microsoft.Network/virtualNetworks","location":"southeastasia","properties":{"provisioningState":"Succeeded","resourceGuid":"18d96851-2bdc-46ec-a58a-74a55b9f8d26","addressSpace":{"addressPrefixes":["10.2.0.0/24"]},"subnets":[{"name":"default","id":"/subscriptions/00000000-0000-0000-0000-000000000000/resourceGroups/jlrg1/providers/Microsoft.Network/virtualNetworks/jlrg1-vnet/subnets/default","etag":"W/\"967c832f-a6c1-4f1f-9a5e-d46206a1c110\"","properties":{"provisioningState":"Succeeded","addressPrefix":"10.2.0.0/24","ipConfigurations":[{"id":"/subscriptions/00000000-0000-0000-0000-000000000000/resourceGroups/jlrg1/providers/Microsoft.Network/networkInterfaces/jlvm141/ipConfigurations/ipconfig1"}],"delegations":[],"privateEndpointNetworkPolicies":"Enabled","privateLinkServiceNetworkPolicies":"Enabled"},"type":"Microsoft.Network/virtualNetworks/subnets"}],"virtualNetworkPeerings":[],"enableDdosProtection":false,"enableVmProtection":false}},{"name":"vnettest","id":"/subscriptions/00000000-0000-0000-0000-000000000000/resourceGroups/fanqiu-test/providers/Microsoft.Network/virtualNetworks/vnettest","etag":"W/\"2a99f2ce-5482-4e66-a221-8a08d60295d0\"","type":"Microsoft.Network/virtualNetworks","location":"centralus","properties":{"provisioningState":"Succeeded","resourceGuid":"069414bc-bd93-47a1-976e-2e51578a2c72","addressSpace":{"addressPrefixes":["10.1.0.0/16"]},"subnets":[{"name":"default","id":"/subscriptions/00000000-0000-0000-0000-000000000000/resourceGroups/fanqiu-test/providers/Microsoft.Network/virtualNetworks/vnettest/subnets/default","etag":"W/\"2a99f2ce-5482-4e66-a221-8a08d60295d0\"","properties":{"provisioningState":"Succeeded","addressPrefix":"10.1.0.0/24","ipConfigurations":[{"id":"/subscriptions/00000000-0000-0000-0000-000000000000/resourceGroups/fanqiu-test/providers/Microsoft.Network/networkInterfaces/sdfsdfsdf.nic.483f3d12-3ba8-4789-92dd-b7ed9c4d43db/ipConfigurations/sdfsdfsdf_ipconfig_0"},{"id":"/subscriptions/00000000-0000-0000-0000-000000000000/resourceGroups/fanqiu-test/providers/Microsoft.Network/privateLinkServices/sdfsdfsdf/ipConfigurations/sdfsdfsdf_ipconfig_0"}],"delegations":[],"privateEndpointNetworkPolicies":"Enabled","privateLinkServiceNetworkPolicies":"Disabled"},"type":"Microsoft.Network/virtualNetworks/subnets"},{"name":"GatewaySubnet","id":"/subscriptions/00000000-0000-0000-0000-000000000000/resourceGroups/fanqiu-test/providers/Microsoft.Network/virtualNetworks/vnettest/subnets/GatewaySubnet","etag":"W/\"2a99f2ce-5482-4e66-a221-8a08d60295d0\"","properties":{"provisioningState":"Succeeded","addressPrefix":"10.1.3.0/24","delegations":[],"privateEndpointNetworkPolicies":"Enabled","privateLinkServiceNetworkPolicies":"Enabled"},"type":"Microsoft.Network/virtualNetworks/subnets"},{"name":"test1","id":"/subscriptions/00000000-0000-0000-0000-000000000000/resourceGroups/fanqiu-test/providers/Microsoft.Network/virtualNetworks/vnettest/subnets/test1","etag":"W/\"2a99f2ce-5482-4e66-a221-8a08d60295d0\"","properties":{"provisioningState":"Succeeded","addressPrefix":"10.1.1.0/24","serviceEndpoints":[],"delegations":[],"privateEndpointNetworkPolicies":"Disabled","privateLinkServiceNetworkPolicies":"Enabled"},"type":"Microsoft.Network/virtualNetworks/subnets"},{"name":"test2","id":"/subscriptions/00000000-0000-0000-0000-000000000000/resourceGroups/fanqiu-test/providers/Microsoft.Network/virtualNetworks/vnettest/subnets/test2","etag":"W/\"2a99f2ce-5482-4e66-a221-8a08d60295d0\"","properties":{"provisioningState":"Succeeded","addressPrefix":"10.1.2.0/24","serviceEndpoints":[],"delegations":[],"purpose":"PrivateEndpoints","privateEndpointNetworkPolicies":"Disabled","privateLinkServiceNetworkPolicies":"Enabled"},"type":"Microsoft.Network/virtualNetworks/subnets"},{"name":"test3","id":"/subscriptions/00000000-0000-0000-0000-000000000000/resourceGroups/fanqiu-test/providers/Microsoft.Network/virtualNetworks/vnettest/subnets/test3","etag":"W/\"2a99f2ce-5482-4e66-a221-8a08d60295d0\"","properties":{"provisioningState":"Succeeded","addressPrefix":"10.1.4.0/24","serviceEndpoints":[],"delegations":[],"purpose":"PrivateEndpoints","privateEndpointNetworkPolicies":"Disabled","privateLinkServiceNetworkPolicies":"Enabled"},"type":"Microsoft.Network/virtualNetworks/subnets"},{"name":"test4","id":"/subscriptions/00000000-0000-0000-0000-000000000000/resourceGroups/fanqiu-test/providers/Microsoft.Network/virtualNetworks/vnettest/subnets/test4","etag":"W/\"2a99f2ce-5482-4e66-a221-8a08d60295d0\"","properties":{"provisioningState":"Succeeded","addressPrefix":"10.1.5.0/24","serviceEndpoints":[],"delegations":[],"privateEndpointNetworkPolicies":"Enabled","privateLinkServiceNetworkPolicies":"Disabled"},"type":"Microsoft.Network/virtualNetworks/subnets"}],"virtualNetworkPeerings":[],"enableDdosProtection":false,"enableVmProtection":false}},{"name":"sdk-vnet","id":"/subscriptions/00000000-0000-0000-0000-000000000000/resourceGroups/sdk-wus2-rg-test/providers/Microsoft.Network/virtualNetworks/sdk-vnet","etag":"W/\"b277f4c3-62f6-411f-b1e3-80ca12a5ea9c\"","type":"Microsoft.Network/virtualNetworks","location":"westus2","properties":{"provisioningState":"Succeeded","resourceGuid":"7637a963-71f9-4aed-905b-8c0f4aed45b9","addressSpace":{"addressPrefixes":["10.6.0.0/16"]},"subnets":[{"name":"default","id":"/subscriptions/00000000-0000-0000-0000-000000000000/resourceGroups/sdk-wus2-rg-test/providers/Microsoft.Network/virtualNetworks/sdk-vnet/subnets/default","etag":"W/\"b277f4c3-62f6-411f-b1e3-80ca12a5ea9c\"","properties":{"provisioningState":"Succeeded","addressPrefix":"10.6.0.0/24","ipConfigurations":[{"id":"/subscriptions/00000000-0000-0000-0000-000000000000/resourceGroups/sdk-wus2-rg-test/providers/Microsoft.Network/networkInterfaces/anf-sdk-vnet-nic-VLB5RZ/ipConfigurations/ipconfig1"}],"serviceEndpoints":[],"delegations":[{"name":"514c6b63b2df4757ba448bd8f44d10a5","id":"/subscriptions/00000000-0000-0000-0000-000000000000/resourceGroups/sdk-wus2-rg-test/providers/Microsoft.Network/virtualNetworks/sdk-vnet/subnets/default/delegations/514c6b63b2df4757ba448bd8f44d10a5","etag":"W/\"b277f4c3-62f6-411f-b1e3-80ca12a5ea9c\"","properties":{"provisioningState":"Succeeded","serviceName":"Microsoft.Netapp/volumes","actions":["Microsoft.Network/networkinterfaces/*","Microsoft.Network/virtualNetworks/subnets/join/action"]},"type":"Microsoft.Network/virtualNetworks/subnets/delegations"}],"purpose":"HostedWorkloads","privateEndpointNetworkPolicies":"Enabled","privateLinkServiceNetworkPolicies":"Enabled"},"type":"Microsoft.Network/virtualNetworks/subnets"}],"virtualNetworkPeerings":[],"enableDdosProtection":false,"enableVmProtection":false}}]}'
    headers:
      cache-control:
      - no-cache
      content-length:
      - '13364'
      content-type:
      - application/json; charset=utf-8
      date:
      - Sun, 05 Jan 2020 08:42:41 GMT
      expires:
      - '-1'
      pragma:
      - no-cache
      strict-transport-security:
      - max-age=31536000; includeSubDomains
      vary:
      - Accept-Encoding
      x-content-type-options:
      - nosniff
      x-ms-original-request-ids:
      - 81316803-76fe-41b6-a628-acddf9cce6f5
      - 568ce178-2a6d-45a8-a14b-0de5267ea564
      - 4703a247-4fe1-4c42-a636-adcdfde09b89
      - d6fe9263-b5dd-429c-9a3f-9031868e3ff7
      - 82f2f1fa-74fb-4fc1-b624-51560e45c83a
    status:
      code: 200
      message: OK
- request:
    body: null
    headers:
      Accept:
      - application/json
      Accept-Encoding:
      - gzip, deflate
      CommandName:
      - webapp vnet-integration add
      Connection:
      - keep-alive
      ParameterSetName:
      - -g -n --vnet --subnet
      User-Agent:
      - python/3.7.4 (Windows-10-10.0.18362-SP0) msrest/0.6.10 msrest_azure/0.6.2
        azure-mgmt-web/0.44.0 Azure-SDK-For-Python AZURECLI/2.0.79
      accept-language:
      - en-US
    method: GET
    uri: https://management.azure.com/subscriptions/00000000-0000-0000-0000-000000000000/resourceGroups/clitest.rg000001/providers/Microsoft.Web/sites/swiftwebapp000002/networkConfig/virtualNetwork?api-version=2019-08-01
  response:
    body:
      string: '{"id":"/subscriptions/00000000-0000-0000-0000-000000000000/resourceGroups/clitest.rg000001/providers/Microsoft.Web/sites/swiftwebapp000002/config/virtualNetwork","name":"virtualNetwork","type":"Microsoft.Web/sites/config","location":"West
        US","properties":{"subnetResourceId":null,"swiftSupported":true}}'
    headers:
      cache-control:
      - no-cache
      content-length:
      - '370'
      content-type:
      - application/json
      date:
      - Sun, 05 Jan 2020 08:42:43 GMT
      etag:
      - '"1D5C3A40A3A2555"'
      expires:
      - '-1'
      pragma:
      - no-cache
      server:
      - Microsoft-IIS/10.0
      strict-transport-security:
      - max-age=31536000; includeSubDomains
      transfer-encoding:
      - chunked
      vary:
      - Accept-Encoding
      x-aspnet-version:
      - 4.0.30319
      x-content-type-options:
      - nosniff
      x-powered-by:
      - ASP.NET
    status:
      code: 200
      message: OK
- request:
    body: null
    headers:
      Accept:
      - application/json
      Accept-Encoding:
      - gzip, deflate
      CommandName:
      - webapp vnet-integration add
      Connection:
      - keep-alive
      ParameterSetName:
      - -g -n --vnet --subnet
      User-Agent:
      - python/3.7.4 (Windows-10-10.0.18362-SP0) msrest/0.6.10 msrest_azure/0.6.2
        azure-mgmt-network/7.0.0 Azure-SDK-For-Python AZURECLI/2.0.79
      accept-language:
      - en-US
    method: GET
    uri: https://management.azure.com/subscriptions/00000000-0000-0000-0000-000000000000/resourceGroups/clitest.rg000001/providers/Microsoft.Network/virtualNetworks/swiftname000005/subnets/swiftsubnet000004?api-version=2019-09-01
  response:
    body:
      string: "{\r\n  \"name\": \"swiftsubnet000004\",\r\n  \"id\": \"/subscriptions/00000000-0000-0000-0000-000000000000/resourceGroups/clitest.rg000001/providers/Microsoft.Network/virtualNetworks/swiftname000005/subnets/swiftsubnet000004\",\r\n
        \ \"etag\": \"W/\\\"0fe9446f-47df-4daf-aa41-a9e6d09607aa\\\"\",\r\n  \"properties\":
        {\r\n    \"provisioningState\": \"Succeeded\",\r\n    \"addressPrefix\": \"10.0.0.0/24\",\r\n
        \   \"serviceEndpoints\": [\r\n      {\r\n        \"provisioningState\": \"Succeeded\",\r\n
        \       \"service\": \"Microsoft.Storage\",\r\n        \"locations\": [\r\n
        \         \"westus\",\r\n          \"eastus\"\r\n        ]\r\n      }\r\n
        \   ],\r\n    \"delegations\": [\r\n      {\r\n        \"name\": \"0\",\r\n
        \       \"id\": \"/subscriptions/00000000-0000-0000-0000-000000000000/resourceGroups/clitest.rg000001/providers/Microsoft.Network/virtualNetworks/swiftname000005/subnets/swiftsubnet000004/delegations/0\",\r\n
        \       \"etag\": \"W/\\\"0fe9446f-47df-4daf-aa41-a9e6d09607aa\\\"\",\r\n
        \       \"properties\": {\r\n          \"provisioningState\": \"Succeeded\",\r\n
        \         \"serviceName\": \"Microsoft.Web/serverfarms\",\r\n          \"actions\":
        [\r\n            \"Microsoft.Network/virtualNetworks/subnets/action\"\r\n
        \         ]\r\n        },\r\n        \"type\": \"Microsoft.Network/virtualNetworks/subnets/delegations\"\r\n
        \     }\r\n    ],\r\n    \"privateEndpointNetworkPolicies\": \"Enabled\",\r\n
        \   \"privateLinkServiceNetworkPolicies\": \"Enabled\"\r\n  },\r\n  \"type\":
        \"Microsoft.Network/virtualNetworks/subnets\"\r\n}"
    headers:
      cache-control:
      - no-cache
      content-length:
      - '1549'
      content-type:
      - application/json; charset=utf-8
      date:
      - Sun, 05 Jan 2020 08:42:42 GMT
      etag:
      - W/"0fe9446f-47df-4daf-aa41-a9e6d09607aa"
      expires:
      - '-1'
      pragma:
      - no-cache
      server:
      - Microsoft-HTTPAPI/2.0
      - Microsoft-HTTPAPI/2.0
      strict-transport-security:
      - max-age=31536000; includeSubDomains
      transfer-encoding:
      - chunked
      vary:
      - Accept-Encoding
      x-content-type-options:
      - nosniff
      x-ms-arm-service-request-id:
      - 7a9abe27-a19b-4076-81ae-3761d01a5747
    status:
      code: 200
      message: OK
- request:
    body: null
    headers:
      Accept:
      - application/json
      Accept-Encoding:
      - gzip, deflate
      CommandName:
      - webapp vnet-integration add
      Connection:
      - keep-alive
      ParameterSetName:
      - -g -n --vnet --subnet
      User-Agent:
      - python/3.7.4 (Windows-10-10.0.18362-SP0) msrest/0.6.10 msrest_azure/0.6.2
        azure-mgmt-network/7.0.0 Azure-SDK-For-Python AZURECLI/2.0.79
      accept-language:
      - en-US
    method: GET
    uri: https://management.azure.com/subscriptions/00000000-0000-0000-0000-000000000000/resourceGroups/clitest.rg000001/providers/Microsoft.Network/virtualNetworks/swiftname000005/subnets/swiftsubnet000004?api-version=2019-09-01
  response:
    body:
      string: "{\r\n  \"name\": \"swiftsubnet000004\",\r\n  \"id\": \"/subscriptions/00000000-0000-0000-0000-000000000000/resourceGroups/clitest.rg000001/providers/Microsoft.Network/virtualNetworks/swiftname000005/subnets/swiftsubnet000004\",\r\n
        \ \"etag\": \"W/\\\"0fe9446f-47df-4daf-aa41-a9e6d09607aa\\\"\",\r\n  \"properties\":
        {\r\n    \"provisioningState\": \"Succeeded\",\r\n    \"addressPrefix\": \"10.0.0.0/24\",\r\n
        \   \"serviceEndpoints\": [\r\n      {\r\n        \"provisioningState\": \"Succeeded\",\r\n
        \       \"service\": \"Microsoft.Storage\",\r\n        \"locations\": [\r\n
        \         \"westus\",\r\n          \"eastus\"\r\n        ]\r\n      }\r\n
        \   ],\r\n    \"delegations\": [\r\n      {\r\n        \"name\": \"0\",\r\n
        \       \"id\": \"/subscriptions/00000000-0000-0000-0000-000000000000/resourceGroups/clitest.rg000001/providers/Microsoft.Network/virtualNetworks/swiftname000005/subnets/swiftsubnet000004/delegations/0\",\r\n
        \       \"etag\": \"W/\\\"0fe9446f-47df-4daf-aa41-a9e6d09607aa\\\"\",\r\n
        \       \"properties\": {\r\n          \"provisioningState\": \"Succeeded\",\r\n
        \         \"serviceName\": \"Microsoft.Web/serverfarms\",\r\n          \"actions\":
        [\r\n            \"Microsoft.Network/virtualNetworks/subnets/action\"\r\n
        \         ]\r\n        },\r\n        \"type\": \"Microsoft.Network/virtualNetworks/subnets/delegations\"\r\n
        \     }\r\n    ],\r\n    \"privateEndpointNetworkPolicies\": \"Enabled\",\r\n
        \   \"privateLinkServiceNetworkPolicies\": \"Enabled\"\r\n  },\r\n  \"type\":
        \"Microsoft.Network/virtualNetworks/subnets\"\r\n}"
    headers:
      cache-control:
      - no-cache
      content-length:
      - '1549'
      content-type:
      - application/json; charset=utf-8
      date:
      - Sun, 05 Jan 2020 08:42:43 GMT
      etag:
      - W/"0fe9446f-47df-4daf-aa41-a9e6d09607aa"
      expires:
      - '-1'
      pragma:
      - no-cache
      server:
      - Microsoft-HTTPAPI/2.0
      - Microsoft-HTTPAPI/2.0
      strict-transport-security:
      - max-age=31536000; includeSubDomains
      transfer-encoding:
      - chunked
      vary:
      - Accept-Encoding
      x-content-type-options:
      - nosniff
      x-ms-arm-service-request-id:
      - 0ef5ffef-2bde-4db5-8803-4c342a86a90e
    status:
      code: 200
      message: OK
- request:
    body: 'b''{"properties": {"subnetResourceId": "/subscriptions/00000000-0000-0000-0000-000000000000/resourceGroups/clitest.rg000001/providers/Microsoft.Network/virtualNetworks/swiftname000005/subnets/swiftsubnet000004",
      "swiftSupported": true}}'''
    headers:
      Accept:
      - application/json
      Accept-Encoding:
      - gzip, deflate
      CommandName:
      - webapp vnet-integration add
      Connection:
      - keep-alive
      Content-Length:
      - '308'
      Content-Type:
      - application/json; charset=utf-8
      ParameterSetName:
      - -g -n --vnet --subnet
      User-Agent:
      - python/3.7.4 (Windows-10-10.0.18362-SP0) msrest/0.6.10 msrest_azure/0.6.2
        azure-mgmt-web/0.44.0 Azure-SDK-For-Python AZURECLI/2.0.79
      accept-language:
      - en-US
    method: PUT
    uri: https://management.azure.com/subscriptions/00000000-0000-0000-0000-000000000000/resourceGroups/clitest.rg000001/providers/Microsoft.Web/sites/swiftwebapp000002/networkConfig/virtualNetwork?api-version=2019-08-01
  response:
    body:
      string: '{"id":"/subscriptions/00000000-0000-0000-0000-000000000000/resourceGroups/clitest.rg000001/providers/Microsoft.Web/sites/swiftwebapp000002/config/virtualNetwork","name":"virtualNetwork","type":"Microsoft.Web/sites/config","location":"West
        US","properties":{"subnetResourceId":"/subscriptions/00000000-0000-0000-0000-000000000000/resourceGroups/clitest.rg000001/providers/Microsoft.Network/virtualNetworks/swiftname000005/subnets/swiftsubnet000004","swiftSupported":true}}'
    headers:
      cache-control:
      - no-cache
      content-length:
      - '612'
      content-type:
      - application/json
      date:
      - Sun, 05 Jan 2020 08:42:46 GMT
      etag:
      - '"1D5C3A40A3A2555"'
      expires:
      - '-1'
      pragma:
      - no-cache
      server:
      - Microsoft-IIS/10.0
      strict-transport-security:
      - max-age=31536000; includeSubDomains
      transfer-encoding:
      - chunked
      vary:
      - Accept-Encoding
      x-aspnet-version:
      - 4.0.30319
      x-content-type-options:
      - nosniff
      x-ms-ratelimit-remaining-subscription-writes:
      - '1193'
      x-powered-by:
      - ASP.NET
    status:
      code: 200
      message: OK
- request:
    body: null
    headers:
      Accept:
      - application/json
      Accept-Encoding:
      - gzip, deflate
      CommandName:
      - webapp vnet-integration list
      Connection:
      - keep-alive
      ParameterSetName:
      - -g -n
      User-Agent:
      - python/3.7.4 (Windows-10-10.0.18362-SP0) msrest/0.6.10 msrest_azure/0.6.2
        azure-mgmt-web/0.44.0 Azure-SDK-For-Python AZURECLI/2.0.79
      accept-language:
      - en-US
    method: GET
    uri: https://management.azure.com/subscriptions/00000000-0000-0000-0000-000000000000/resourceGroups/clitest.rg000001/providers/Microsoft.Web/sites/swiftwebapp000002/virtualNetworkConnections?api-version=2019-08-01
  response:
    body:
      string: '[{"id":"/subscriptions/00000000-0000-0000-0000-000000000000/resourceGroups/clitest.rg000001/providers/Microsoft.Web/sites/swiftwebapp000002/virtualNetworkConnections/a856355f-476c-4e74-8454-72d10dd712b4_swiftsubnet000004","name":"a856355f-476c-4e74-8454-72d10dd712b4_swiftsubnet000004","type":"Microsoft.Web/sites/virtualNetworkConnections","location":"West
        US","properties":{"vnetResourceId":"/subscriptions/00000000-0000-0000-0000-000000000000/resourceGroups/clitest.rg000001/providers/Microsoft.Network/virtualNetworks/swiftname000005/subnets/swiftsubnet000004","certThumbprint":null,"certBlob":null,"routes":null,"resyncRequired":false,"dnsServers":null,"isSwift":true}}]'
    headers:
      cache-control:
      - no-cache
      content-length:
      - '830'
      content-type:
      - application/json
      date:
      - Sun, 05 Jan 2020 08:42:47 GMT
      expires:
      - '-1'
      pragma:
      - no-cache
      server:
      - Microsoft-IIS/10.0
      strict-transport-security:
      - max-age=31536000; includeSubDomains
      transfer-encoding:
      - chunked
      vary:
      - Accept-Encoding
      x-aspnet-version:
      - 4.0.30319
      x-content-type-options:
      - nosniff
      x-powered-by:
      - ASP.NET
    status:
      code: 200
      message: OK
- request:
    body: null
    headers:
      Accept:
      - application/json
      Accept-Encoding:
      - gzip, deflate
      CommandName:
      - network vnet subnet show
      Connection:
      - keep-alive
      ParameterSetName:
      - -g -n --vnet-name
      User-Agent:
      - python/3.7.4 (Windows-10-10.0.18362-SP0) msrest/0.6.10 msrest_azure/0.6.2
        azure-mgmt-network/7.0.0 Azure-SDK-For-Python AZURECLI/2.0.79
      accept-language:
      - en-US
    method: GET
    uri: https://management.azure.com/subscriptions/00000000-0000-0000-0000-000000000000/resourceGroups/clitest.rg000001/providers/Microsoft.Network/virtualNetworks/swiftname000005/subnets/swiftsubnet000004?api-version=2019-09-01
  response:
    body:
      string: "{\r\n  \"name\": \"swiftsubnet000004\",\r\n  \"id\": \"/subscriptions/00000000-0000-0000-0000-000000000000/resourceGroups/clitest.rg000001/providers/Microsoft.Network/virtualNetworks/swiftname000005/subnets/swiftsubnet000004\",\r\n
        \ \"etag\": \"W/\\\"c34b1f0c-a88f-4dd0-8f13-dab6dc8aa92c\\\"\",\r\n  \"properties\":
        {\r\n    \"provisioningState\": \"Succeeded\",\r\n    \"addressPrefix\": \"10.0.0.0/24\",\r\n
        \   \"serviceAssociationLinks\": [\r\n      {\r\n        \"name\": \"AppServiceLink\",\r\n
        \       \"id\": \"/subscriptions/00000000-0000-0000-0000-000000000000/resourceGroups/clitest.rg000001/providers/Microsoft.Network/virtualNetworks/swiftname000005/subnets/swiftsubnet000004/serviceAssociationLinks/AppServiceLink\",\r\n
        \       \"etag\": \"W/\\\"c34b1f0c-a88f-4dd0-8f13-dab6dc8aa92c\\\"\",\r\n
        \       \"type\": \"Microsoft.Network/virtualNetworks/subnets/serviceAssociationLinks\",\r\n
        \       \"properties\": {\r\n          \"provisioningState\": \"Succeeded\",\r\n
        \         \"linkedResourceType\": \"Microsoft.Web/serverfarms\",\r\n          \"link\":
        \"/subscriptions/00000000-0000-0000-0000-000000000000/resourceGroups/clitest.rg000001/providers/Microsoft.Web/serverfarms/swiftplan000003\",\r\n
        \         \"allowDelete\": false,\r\n          \"locations\": []\r\n        }\r\n
        \     }\r\n    ],\r\n    \"serviceEndpoints\": [\r\n      {\r\n        \"provisioningState\":
        \"Succeeded\",\r\n        \"service\": \"Microsoft.Storage\",\r\n        \"locations\":
        [\r\n          \"westus\",\r\n          \"eastus\"\r\n        ]\r\n      }\r\n
        \   ],\r\n    \"delegations\": [\r\n      {\r\n        \"name\": \"0\",\r\n
        \       \"id\": \"/subscriptions/00000000-0000-0000-0000-000000000000/resourceGroups/clitest.rg000001/providers/Microsoft.Network/virtualNetworks/swiftname000005/subnets/swiftsubnet000004/delegations/0\",\r\n
        \       \"etag\": \"W/\\\"c34b1f0c-a88f-4dd0-8f13-dab6dc8aa92c\\\"\",\r\n
        \       \"properties\": {\r\n          \"provisioningState\": \"Succeeded\",\r\n
        \         \"serviceName\": \"Microsoft.Web/serverfarms\",\r\n          \"actions\":
        [\r\n            \"Microsoft.Network/virtualNetworks/subnets/action\"\r\n
        \         ]\r\n        },\r\n        \"type\": \"Microsoft.Network/virtualNetworks/subnets/delegations\"\r\n
        \     }\r\n    ],\r\n    \"privateEndpointNetworkPolicies\": \"Enabled\",\r\n
        \   \"privateLinkServiceNetworkPolicies\": \"Enabled\"\r\n  },\r\n  \"type\":
        \"Microsoft.Network/virtualNetworks/subnets\"\r\n}"
    headers:
      cache-control:
      - no-cache
      content-length:
      - '2524'
      content-type:
      - application/json; charset=utf-8
      date:
      - Sun, 05 Jan 2020 08:42:47 GMT
      etag:
      - W/"c34b1f0c-a88f-4dd0-8f13-dab6dc8aa92c"
      expires:
      - '-1'
      pragma:
      - no-cache
      server:
      - Microsoft-HTTPAPI/2.0
      - Microsoft-HTTPAPI/2.0
      strict-transport-security:
      - max-age=31536000; includeSubDomains
      transfer-encoding:
      - chunked
      vary:
      - Accept-Encoding
      x-content-type-options:
      - nosniff
      x-ms-arm-service-request-id:
      - c993f255-176c-4311-adfa-6e9d685ae43b
    status:
      code: 200
      message: OK
- request:
    body: null
    headers:
      Accept:
      - application/json
      Accept-Encoding:
      - gzip, deflate
      CommandName:
      - webapp vnet-integration remove
      Connection:
      - keep-alive
      Content-Length:
      - '0'
      ParameterSetName:
      - -g -n
      User-Agent:
      - python/3.7.4 (Windows-10-10.0.18362-SP0) msrest/0.6.10 msrest_azure/0.6.2
        azure-mgmt-web/0.44.0 Azure-SDK-For-Python AZURECLI/2.0.79
      accept-language:
      - en-US
    method: DELETE
    uri: https://management.azure.com/subscriptions/00000000-0000-0000-0000-000000000000/resourceGroups/clitest.rg000001/providers/Microsoft.Web/sites/swiftwebapp000002/networkConfig/virtualNetwork?api-version=2019-08-01
  response:
    body:
      string: ''
    headers:
      cache-control:
      - no-cache
      content-length:
      - '0'
      date:
      - Sun, 05 Jan 2020 08:43:36 GMT
      expires:
      - '-1'
      pragma:
      - no-cache
      server:
      - Microsoft-IIS/10.0
      strict-transport-security:
      - max-age=31536000; includeSubDomains
      x-aspnet-version:
      - 4.0.30319
      x-content-type-options:
      - nosniff
      x-ms-ratelimit-remaining-subscription-deletes:
      - '14996'
      x-powered-by:
      - ASP.NET
    status:
      code: 200
      message: OK
- request:
    body: null
    headers:
      Accept:
      - application/json
      Accept-Encoding:
      - gzip, deflate
      CommandName:
      - webapp vnet-integration list
      Connection:
      - keep-alive
      ParameterSetName:
      - -g -n
      User-Agent:
      - python/3.7.4 (Windows-10-10.0.18362-SP0) msrest/0.6.10 msrest_azure/0.6.2
        azure-mgmt-web/0.44.0 Azure-SDK-For-Python AZURECLI/2.0.79
      accept-language:
      - en-US
    method: GET
    uri: https://management.azure.com/subscriptions/00000000-0000-0000-0000-000000000000/resourceGroups/clitest.rg000001/providers/Microsoft.Web/sites/swiftwebapp000002/virtualNetworkConnections?api-version=2019-08-01
  response:
    body:
      string: '[]'
    headers:
      cache-control:
      - no-cache
      content-length:
      - '2'
      content-type:
      - application/json
      date:
      - Sun, 05 Jan 2020 08:43:37 GMT
      expires:
      - '-1'
      pragma:
      - no-cache
      server:
      - Microsoft-IIS/10.0
      strict-transport-security:
      - max-age=31536000; includeSubDomains
      transfer-encoding:
      - chunked
      vary:
      - Accept-Encoding
      x-aspnet-version:
      - 4.0.30319
      x-content-type-options:
      - nosniff
      x-powered-by:
      - ASP.NET
    status:
      code: 200
      message: OK
version: 1
