interactions:
- request:
    body: null
    headers:
      Accept:
      - application/json
      Accept-Encoding:
      - gzip, deflate
      CommandName:
      - functionapp plan create
      Connection:
      - keep-alive
      ParameterSetName:
      - -g -n --sku --is-linux
      User-Agent:
      - python/3.6.6 (Windows-10-10.0.18362-SP0) msrest/0.6.2 msrest_azure/0.6.2 azure-mgmt-resource/4.0.0
        Azure-SDK-For-Python AZURECLI/2.0.75
      accept-language:
      - en-US
    method: GET
    uri: https://management.azure.com/subscriptions/00000000-0000-0000-0000-000000000000/resourcegroups/clitest.rg000001?api-version=2019-05-10
  response:
    body:
      string: '{"id":"/subscriptions/00000000-0000-0000-0000-000000000000/resourceGroups/clitest.rg000001","name":"clitest.rg000001","type":"Microsoft.Resources/resourceGroups","location":"southcentralus","tags":{"product":"azurecli","cause":"automation","date":"2019-10-18T18:15:02Z"},"properties":{"provisioningState":"Succeeded"}}'
    headers:
      cache-control:
      - no-cache
      content-length:
      - '436'
      content-type:
      - application/json; charset=utf-8
      date:
      - Fri, 18 Oct 2019 18:15:31 GMT
      expires:
      - '-1'
      pragma:
      - no-cache
      strict-transport-security:
      - max-age=31536000; includeSubDomains
      vary:
      - Accept-Encoding
      x-content-type-options:
      - nosniff
    status:
      code: 200
      message: OK
- request:
    body: '{"location": "southcentralus", "properties": {"perSiteScaling": false,
      "reserved": true, "isXenon": false}, "sku": {"name": "S1", "tier": "STANDARD"}}'
    headers:
      Accept:
      - application/json
      Accept-Encoding:
      - gzip, deflate
      CommandName:
      - functionapp plan create
      Connection:
      - keep-alive
      Content-Length:
      - '150'
      Content-Type:
      - application/json; charset=utf-8
      ParameterSetName:
      - -g -n --sku --is-linux
      User-Agent:
      - python/3.6.6 (Windows-10-10.0.18362-SP0) msrest/0.6.2 msrest_azure/0.6.2 azure-mgmt-web/0.42.0
        Azure-SDK-For-Python AZURECLI/2.0.75
      accept-language:
      - en-US
    method: PUT
    uri: https://management.azure.com/subscriptions/00000000-0000-0000-0000-000000000000/resourceGroups/clitest.rg000001/providers/Microsoft.Web/serverfarms/funcapplinplan000003?api-version=2018-02-01
  response:
    body:
      string: '{"id":"/subscriptions/00000000-0000-0000-0000-000000000000/resourceGroups/clitest.rg000001/providers/Microsoft.Web/serverfarms/funcapplinplan000003","name":"funcapplinplan000003","type":"Microsoft.Web/serverfarms","kind":"linux","location":"South
        Central US","properties":{"serverFarmId":5899,"name":"funcapplinplan000003","workerSize":"Default","workerSizeId":0,"workerTierName":null,"numberOfWorkers":1,"currentWorkerSize":"Default","currentWorkerSizeId":0,"currentNumberOfWorkers":1,"status":"Ready","webSpace":"clitest.rg000001-SouthCentralUSwebspace","subscription":"0043ac27-403a-4a41-85b6-c4751acd3610","adminSiteName":null,"hostingEnvironment":null,"hostingEnvironmentProfile":null,"maximumNumberOfWorkers":10,"planName":"VirtualDedicatedPlan","adminRuntimeSiteName":null,"computeMode":"Dedicated","siteMode":null,"geoRegion":"South
        Central US","perSiteScaling":false,"maximumElasticWorkerCount":1,"numberOfSites":0,"hostingEnvironmentId":null,"isSpot":false,"spotExpirationTime":null,"freeOfferExpirationTime":null,"tags":null,"kind":"linux","resourceGroup":"clitest.rg000001","reserved":true,"isXenon":false,"hyperV":false,"mdmId":"waws-prod-sn1-163_5899","targetWorkerCount":0,"targetWorkerSizeId":0,"provisioningState":"Succeeded","webSiteId":null,"existingServerFarmIds":null},"sku":{"name":"S1","tier":"Standard","size":"S1","family":"S","capacity":1}}'
    headers:
      cache-control:
      - no-cache
      content-length:
      - '1555'
      content-type:
      - application/json
      date:
      - Fri, 18 Oct 2019 18:15:39 GMT
      expires:
      - '-1'
      pragma:
      - no-cache
      server:
      - Microsoft-IIS/10.0
      strict-transport-security:
      - max-age=31536000; includeSubDomains
      transfer-encoding:
      - chunked
      vary:
      - Accept-Encoding
      x-aspnet-version:
      - 4.0.30319
      x-content-type-options:
      - nosniff
      x-ms-ratelimit-remaining-subscription-writes:
      - '1199'
      x-powered-by:
      - ASP.NET
    status:
      code: 200
      message: OK
- request:
    body: null
    headers:
      Accept:
      - application/json
      Accept-Encoding:
      - gzip, deflate
      CommandName:
      - functionapp create
      Connection:
      - keep-alive
      ParameterSetName:
      - -g -n --plan -s --runtime --runtime-version
      User-Agent:
      - python/3.6.6 (Windows-10-10.0.18362-SP0) msrest/0.6.2 msrest_azure/0.6.2 azure-mgmt-web/0.42.0
        Azure-SDK-For-Python AZURECLI/2.0.75
      accept-language:
      - en-US
    method: GET
    uri: https://management.azure.com/subscriptions/00000000-0000-0000-0000-000000000000/resourceGroups/clitest.rg000001/providers/Microsoft.Web/serverfarms/funcapplinplan000003?api-version=2018-02-01
  response:
    body:
      string: '{"id":"/subscriptions/00000000-0000-0000-0000-000000000000/resourceGroups/clitest.rg000001/providers/Microsoft.Web/serverfarms/funcapplinplan000003","name":"funcapplinplan000003","type":"Microsoft.Web/serverfarms","kind":"linux","location":"South
        Central US","properties":{"serverFarmId":5899,"name":"funcapplinplan000003","workerSize":"Default","workerSizeId":0,"workerTierName":null,"numberOfWorkers":1,"currentWorkerSize":"Default","currentWorkerSizeId":0,"currentNumberOfWorkers":1,"status":"Ready","webSpace":"clitest.rg000001-SouthCentralUSwebspace","subscription":"0043ac27-403a-4a41-85b6-c4751acd3610","adminSiteName":null,"hostingEnvironment":null,"hostingEnvironmentProfile":null,"maximumNumberOfWorkers":10,"planName":"VirtualDedicatedPlan","adminRuntimeSiteName":null,"computeMode":"Dedicated","siteMode":null,"geoRegion":"South
        Central US","perSiteScaling":false,"maximumElasticWorkerCount":1,"numberOfSites":0,"hostingEnvironmentId":null,"isSpot":false,"spotExpirationTime":null,"freeOfferExpirationTime":null,"tags":null,"kind":"linux","resourceGroup":"clitest.rg000001","reserved":true,"isXenon":false,"hyperV":false,"mdmId":"waws-prod-sn1-163_5899","targetWorkerCount":0,"targetWorkerSizeId":0,"provisioningState":"Succeeded","webSiteId":null,"existingServerFarmIds":null},"sku":{"name":"S1","tier":"Standard","size":"S1","family":"S","capacity":1}}'
    headers:
      cache-control:
      - no-cache
      content-length:
      - '1555'
      content-type:
      - application/json
      date:
      - Fri, 18 Oct 2019 18:15:41 GMT
      expires:
      - '-1'
      pragma:
      - no-cache
      server:
      - Microsoft-IIS/10.0
      strict-transport-security:
      - max-age=31536000; includeSubDomains
      transfer-encoding:
      - chunked
      vary:
      - Accept-Encoding
      x-aspnet-version:
      - 4.0.30319
      x-content-type-options:
      - nosniff
      x-powered-by:
      - ASP.NET
    status:
      code: 200
      message: OK
- request:
    body: null
    headers:
      Accept:
      - application/json
      Accept-Encoding:
      - gzip, deflate
      CommandName:
      - functionapp create
      Connection:
      - keep-alive
      ParameterSetName:
      - -g -n --plan -s --runtime --runtime-version
      User-Agent:
      - python/3.6.6 (Windows-10-10.0.18362-SP0) msrest/0.6.2 msrest_azure/0.6.2 azure-mgmt-storage/4.1.0
        Azure-SDK-For-Python AZURECLI/2.0.75
      accept-language:
      - en-US
    method: GET
    uri: https://management.azure.com/subscriptions/00000000-0000-0000-0000-000000000000/resourceGroups/clitest.rg000001/providers/Microsoft.Storage/storageAccounts/clitest000002?api-version=2019-04-01
  response:
    body:
      string: '{"sku":{"name":"Standard_LRS","tier":"Standard"},"kind":"Storage","id":"/subscriptions/00000000-0000-0000-0000-000000000000/resourceGroups/clitest.rg000001/providers/Microsoft.Storage/storageAccounts/clitest000002","name":"clitest000002","type":"Microsoft.Storage/storageAccounts","location":"westus","tags":{},"properties":{"networkAcls":{"bypass":"AzureServices","virtualNetworkRules":[],"ipRules":[],"defaultAction":"Allow"},"supportsHttpsTrafficOnly":true,"encryption":{"services":{"file":{"enabled":true,"lastEnabledTime":"2019-10-18T18:15:10.2018486Z"},"blob":{"enabled":true,"lastEnabledTime":"2019-10-18T18:15:10.2018486Z"}},"keySource":"Microsoft.Storage"},"provisioningState":"Succeeded","creationTime":"2019-10-18T18:15:10.1549773Z","primaryEndpoints":{"blob":"https://clitest000002.blob.core.windows.net/","queue":"https://clitest000002.queue.core.windows.net/","table":"https://clitest000002.table.core.windows.net/","file":"https://clitest000002.file.core.windows.net/"},"primaryLocation":"westus","statusOfPrimary":"available"}}'
    headers:
      cache-control:
      - no-cache
      content-length:
      - '1168'
      content-type:
      - application/json
      date:
      - Fri, 18 Oct 2019 18:15:41 GMT
      expires:
      - '-1'
      pragma:
      - no-cache
      server:
      - Microsoft-Azure-Storage-Resource-Provider/1.0,Microsoft-HTTPAPI/2.0 Microsoft-HTTPAPI/2.0
      strict-transport-security:
      - max-age=31536000; includeSubDomains
      transfer-encoding:
      - chunked
      vary:
      - Accept-Encoding
      x-content-type-options:
      - nosniff
    status:
      code: 200
      message: OK
- request:
    body: null
    headers:
      Accept:
      - application/json
      Accept-Encoding:
      - gzip, deflate
      CommandName:
      - functionapp create
      Connection:
      - keep-alive
      Content-Length:
      - '0'
      ParameterSetName:
      - -g -n --plan -s --runtime --runtime-version
      User-Agent:
      - python/3.6.6 (Windows-10-10.0.18362-SP0) msrest/0.6.2 msrest_azure/0.6.2 azure-mgmt-storage/4.1.0
        Azure-SDK-For-Python AZURECLI/2.0.75
      accept-language:
      - en-US
    method: POST
    uri: https://management.azure.com/subscriptions/00000000-0000-0000-0000-000000000000/resourceGroups/clitest.rg000001/providers/Microsoft.Storage/storageAccounts/clitest000002/listKeys?api-version=2019-04-01
  response:
    body:
      string: '{"keys":[{"keyName":"key1","value":"veryFakedStorageAccountKey==","permissions":"FULL"},{"keyName":"key2","value":"veryFakedStorageAccountKey==","permissions":"FULL"}]}'
    headers:
      cache-control:
      - no-cache
      content-length:
      - '288'
      content-type:
      - application/json
      date:
      - Fri, 18 Oct 2019 18:15:41 GMT
      expires:
      - '-1'
      pragma:
      - no-cache
      server:
      - Microsoft-Azure-Storage-Resource-Provider/1.0,Microsoft-HTTPAPI/2.0 Microsoft-HTTPAPI/2.0
      strict-transport-security:
      - max-age=31536000; includeSubDomains
      transfer-encoding:
      - chunked
      vary:
      - Accept-Encoding
      x-content-type-options:
      - nosniff
      x-ms-ratelimit-remaining-subscription-writes:
      - '1199'
    status:
      code: 200
      message: OK
- request:
    body: 'b''{"kind": "functionapp,linux", "location": "South Central US", "properties":
      {"serverFarmId": "funcapplinplan000003", "reserved": true, "isXenon": false,
      "hyperV": false, "siteConfig": {"netFrameworkVersion": "v4.6", "linuxFxVersion":
      "DOCKER|mcr.microsoft.com/azure-functions/node:2.0-node10-appservice", "appSettings":
      [{"name": "FUNCTIONS_WORKER_RUNTIME", "value": "node"}, {"name": "FUNCTIONS_EXTENSION_VERSION",
      "value": "~2"}, {"name": "MACHINEKEY_DecryptionKey", "value": "B8F4D3A4ECC8162E51B10592F9A5007BB256C063E0AFEF48E61765E831B999A9"},
      {"name": "WEBSITES_ENABLE_APP_SERVICE_STORAGE", "value": "true"}, {"name": "AzureWebJobsStorage",
      "value": "DefaultEndpointsProtocol=https;EndpointSuffix=core.windows.net;AccountName=clitest000002;AccountKey=veryFakedStorageAccountKey=="},
      {"name": "AzureWebJobsDashboard", "value": "DefaultEndpointsProtocol=https;EndpointSuffix=core.windows.net;AccountName=clitest000002;AccountKey=veryFakedStorageAccountKey=="},
      {"name": "WEBSITE_NODE_DEFAULT_VERSION", "value": "~10"}], "alwaysOn": true,
      "localMySqlEnabled": false, "http20Enabled": true}, "scmSiteAlsoStopped": false}}'''
    headers:
      Accept:
      - application/json
      Accept-Encoding:
      - gzip, deflate
      CommandName:
      - functionapp create
      Connection:
      - keep-alive
      Content-Length:
      - '1267'
      Content-Type:
      - application/json; charset=utf-8
      ParameterSetName:
      - -g -n --plan -s --runtime --runtime-version
      User-Agent:
      - python/3.6.6 (Windows-10-10.0.18362-SP0) msrest/0.6.2 msrest_azure/0.6.2 azure-mgmt-web/0.42.0
        Azure-SDK-For-Python AZURECLI/2.0.75
      accept-language:
      - en-US
    method: PUT
    uri: https://management.azure.com/subscriptions/00000000-0000-0000-0000-000000000000/resourceGroups/clitest.rg000001/providers/Microsoft.Web/sites/functionapp-linux000004?api-version=2018-11-01
  response:
    body:
      string: '{"id":"/subscriptions/00000000-0000-0000-0000-000000000000/resourceGroups/clitest.rg000001/providers/Microsoft.Web/sites/functionapp-linux000004","name":"functionapp-linux000004","type":"Microsoft.Web/sites","kind":"functionapp,linux,container","location":"South
        Central US","properties":{"name":"functionapp-linux000004","state":"Running","hostNames":["functionapp-linux000004.azurewebsites.net"],"webSpace":"clitest.rg000001-SouthCentralUSwebspace","selfLink":"https://waws-prod-sn1-163.api.azurewebsites.windows.net:454/subscriptions/00000000-0000-0000-0000-000000000000/webspaces/clitest.rg000001-SouthCentralUSwebspace/sites/functionapp-linux000004","repositorySiteName":"functionapp-linux000004","owner":null,"usageState":"Normal","enabled":true,"adminEnabled":true,"enabledHostNames":["functionapp-linux000004.azurewebsites.net","functionapp-linux000004.scm.azurewebsites.net"],"siteProperties":{"metadata":null,"properties":[{"name":"LinuxFxVersion","value":"DOCKER|mcr.microsoft.com/azure-functions/node:2.0-node10-appservice"},{"name":"WindowsFxVersion","value":null}],"appSettings":null},"availabilityState":"Normal","sslCertificates":null,"csrs":[],"cers":null,"siteMode":null,"hostNameSslStates":[{"name":"functionapp-linux000004.azurewebsites.net","sslState":"Disabled","ipBasedSslResult":null,"virtualIP":null,"thumbprint":null,"toUpdate":null,"toUpdateIpBasedSsl":null,"ipBasedSslState":"NotConfigured","hostType":"Standard"},{"name":"functionapp-linux000004.scm.azurewebsites.net","sslState":"Disabled","ipBasedSslResult":null,"virtualIP":null,"thumbprint":null,"toUpdate":null,"toUpdateIpBasedSsl":null,"ipBasedSslState":"NotConfigured","hostType":"Repository"}],"computeMode":null,"serverFarm":null,"serverFarmId":"/subscriptions/00000000-0000-0000-0000-000000000000/resourceGroups/clitest.rg000001/providers/Microsoft.Web/serverfarms/funcapplinplan000003","reserved":true,"isXenon":false,"hyperV":false,"lastModifiedTimeUtc":"2019-10-18T18:15:45.43","storageRecoveryDefaultState":"Running","contentAvailabilityState":"Normal","runtimeAvailabilityState":"Normal","siteConfig":null,"deploymentId":"functionapp-linux000004","trafficManagerHostNames":null,"sku":"Standard","scmSiteAlsoStopped":false,"targetSwapSlot":null,"hostingEnvironment":null,"hostingEnvironmentProfile":null,"clientAffinityEnabled":false,"clientCertEnabled":false,"clientCertExclusionPaths":null,"hostNamesDisabled":false,"domainVerificationIdentifiers":null,"kind":"functionapp,linux,container","inboundIpAddress":"104.214.20.0","possibleInboundIpAddresses":"104.214.20.0","outboundIpAddresses":"104.214.20.0,40.84.191.99,70.37.109.240,65.52.33.54,104.215.93.184","possibleOutboundIpAddresses":"104.214.20.0,40.84.191.99,70.37.109.240,65.52.33.54,104.215.93.184,157.55.186.146,70.37.67.76,40.84.157.22,70.37.64.204,23.98.152.90","containerSize":0,"dailyMemoryTimeQuota":0,"suspendedTill":null,"siteDisabledReason":0,"functionExecutionUnitsCache":null,"maxNumberOfWorkers":null,"homeStamp":"waws-prod-sn1-163","cloningInfo":null,"hostingEnvironmentId":null,"tags":null,"resourceGroup":"clitest.rg000001","defaultHostName":"functionapp-linux000004.azurewebsites.net","slotSwapStatus":null,"httpsOnly":false,"redundancyMode":"None","inProgressOperationId":null,"geoDistributions":null,"privateEndpointConnections":null,"buildVersion":null,"targetBuildVersion":null}}'
    headers:
      cache-control:
      - no-cache
      content-length:
      - '3664'
      content-type:
      - application/json
      date:
      - Fri, 18 Oct 2019 18:16:01 GMT
      etag:
      - '"1D585E00FA98235"'
      expires:
      - '-1'
      pragma:
      - no-cache
      server:
      - Microsoft-IIS/10.0
      strict-transport-security:
      - max-age=31536000; includeSubDomains
      transfer-encoding:
      - chunked
      vary:
      - Accept-Encoding
      x-aspnet-version:
      - 4.0.30319
      x-content-type-options:
      - nosniff
      x-ms-ratelimit-remaining-subscription-resource-requests:
      - '499'
      x-powered-by:
      - ASP.NET
    status:
      code: 200
      message: OK
- request:
    body: '{"location": "South Central US", "kind": "web", "properties": {"Application_Type":
      "web"}}'
    headers:
      Accept:
      - application/json
      Accept-Encoding:
      - gzip, deflate
      CommandName:
      - functionapp create
      Connection:
      - keep-alive
      Content-Length:
      - '90'
      Content-Type:
      - application/json; charset=utf-8
      ParameterSetName:
      - -g -n --plan -s --runtime --runtime-version
      User-Agent:
      - python/3.6.6 (Windows-10-10.0.18362-SP0) msrest/0.6.2 msrest_azure/0.6.2 azure-mgmt-applicationinsights/0.1.1
        Azure-SDK-For-Python AZURECLI/2.0.75
      accept-language:
      - en-US
    method: PUT
    uri: https://management.azure.com/subscriptions/00000000-0000-0000-0000-000000000000/resourceGroups/clitest.rg000001/providers/microsoft.insights/components/functionapp-linux000004?api-version=2015-05-01
  response:
    body:
      string: '{"id":"/subscriptions/00000000-0000-0000-0000-000000000000/resourceGroups/clitest.rg000001/providers/microsoft.insights/components/functionapp-linux000004","name":"functionapp-linux000004","type":"microsoft.insights/components","location":"southcentralus","tags":{},"kind":"web","etag":"\"31003db9-0000-0500-0000-5daa01650000\"","properties":{"Ver":"v2","ApplicationId":"functionapp-linux000004","AppId":"506203fa-a496-4325-ae2d-64b98ebcc4cb","Application_Type":"web","Flow_Type":null,"Request_Source":null,"InstrumentationKey":"42622ea3-8282-4418-acf4-543d3d072644","ConnectionString":"InstrumentationKey=42622ea3-8282-4418-acf4-543d3d072644","Name":"functionapp-linux000004","CreationDate":"2019-10-18T18:16:05.0182357+00:00","TenantId":"0043ac27-403a-4a41-85b6-c4751acd3610","provisioningState":"Succeeded","SamplingPercentage":null}}'
    headers:
      access-control-expose-headers:
      - Request-Context
      cache-control:
      - no-cache
      content-length:
      - '900'
      content-type:
      - application/json; charset=utf-8
      date:
      - Fri, 18 Oct 2019 18:16:07 GMT
      expires:
      - '-1'
      pragma:
      - no-cache
      request-context:
      - appId=cid-v1:920e14b1-13f3-461a-a4bb-b4fe6f1a4525
      server:
      - Microsoft-IIS/10.0
      strict-transport-security:
      - max-age=31536000; includeSubDomains
      transfer-encoding:
      - chunked
      vary:
      - Accept-Encoding
      x-content-type-options:
      - nosniff
      x-ms-ratelimit-remaining-subscription-writes:
      - '1199'
      x-powered-by:
      - ASP.NET
    status:
      code: 200
      message: OK
- request:
    body: null
    headers:
      Accept:
      - application/json
      Accept-Encoding:
      - gzip, deflate
      CommandName:
      - functionapp create
      Connection:
      - keep-alive
      Content-Length:
      - '0'
      ParameterSetName:
      - -g -n --plan -s --runtime --runtime-version
      User-Agent:
      - python/3.6.6 (Windows-10-10.0.18362-SP0) msrest/0.6.2 msrest_azure/0.6.2 azure-mgmt-web/0.42.0
        Azure-SDK-For-Python AZURECLI/2.0.75
      accept-language:
      - en-US
    method: POST
    uri: https://management.azure.com/subscriptions/00000000-0000-0000-0000-000000000000/resourceGroups/clitest.rg000001/providers/Microsoft.Web/sites/functionapp-linux000004/config/appsettings/list?api-version=2018-11-01
  response:
    body:
      string: '{"id":"/subscriptions/00000000-0000-0000-0000-000000000000/resourceGroups/clitest.rg000001/providers/Microsoft.Web/sites/functionapp-linux000004/config/appsettings","name":"appsettings","type":"Microsoft.Web/sites/config","location":"South
        Central US","properties":{"FUNCTIONS_WORKER_RUNTIME":"node","FUNCTIONS_EXTENSION_VERSION":"~2","MACHINEKEY_DecryptionKey":"B8F4D3A4ECC8162E51B10592F9A5007BB256C063E0AFEF48E61765E831B999A9","WEBSITES_ENABLE_APP_SERVICE_STORAGE":"true","AzureWebJobsStorage":"DefaultEndpointsProtocol=https;EndpointSuffix=core.windows.net;AccountName=clitest000002;AccountKey=veryFakedStorageAccountKey==","AzureWebJobsDashboard":"DefaultEndpointsProtocol=https;EndpointSuffix=core.windows.net;AccountName=clitest000002;AccountKey=veryFakedStorageAccountKey==","WEBSITE_NODE_DEFAULT_VERSION":"~10"}}'
    headers:
      cache-control:
      - no-cache
      content-length:
      - '1022'
      content-type:
      - application/json
      date:
      - Fri, 18 Oct 2019 18:16:08 GMT
      expires:
      - '-1'
      pragma:
      - no-cache
      server:
      - Microsoft-IIS/10.0
      strict-transport-security:
      - max-age=31536000; includeSubDomains
      transfer-encoding:
      - chunked
      vary:
      - Accept-Encoding
      x-aspnet-version:
      - 4.0.30319
      x-content-type-options:
      - nosniff
      x-ms-ratelimit-remaining-subscription-resource-requests:
      - '11999'
      x-powered-by:
      - ASP.NET
    status:
      code: 200
      message: OK
- request:
    body: 'b''{"kind": "<class \''str\''>", "properties": {"FUNCTIONS_WORKER_RUNTIME":
      "node", "FUNCTIONS_EXTENSION_VERSION": "~2", "MACHINEKEY_DecryptionKey": "B8F4D3A4ECC8162E51B10592F9A5007BB256C063E0AFEF48E61765E831B999A9",
      "WEBSITES_ENABLE_APP_SERVICE_STORAGE": "true", "AzureWebJobsStorage": "DefaultEndpointsProtocol=https;EndpointSuffix=core.windows.net;AccountName=clitest000002;AccountKey=veryFakedStorageAccountKey==",
      "AzureWebJobsDashboard": "DefaultEndpointsProtocol=https;EndpointSuffix=core.windows.net;AccountName=clitest000002;AccountKey=veryFakedStorageAccountKey==",
      "WEBSITE_NODE_DEFAULT_VERSION": "~10", "APPINSIGHTS_INSTRUMENTATIONKEY": "42622ea3-8282-4418-acf4-543d3d072644"}}'''
    headers:
      Accept:
      - application/json
      Accept-Encoding:
      - gzip, deflate
      CommandName:
      - functionapp create
      Connection:
      - keep-alive
      Content-Length:
      - '824'
      Content-Type:
      - application/json; charset=utf-8
      ParameterSetName:
      - -g -n --plan -s --runtime --runtime-version
      User-Agent:
      - python/3.6.6 (Windows-10-10.0.18362-SP0) msrest/0.6.2 msrest_azure/0.6.2 azure-mgmt-web/0.42.0
        Azure-SDK-For-Python AZURECLI/2.0.75
      accept-language:
      - en-US
    method: PUT
    uri: https://management.azure.com/subscriptions/00000000-0000-0000-0000-000000000000/resourceGroups/clitest.rg000001/providers/Microsoft.Web/sites/functionapp-linux000004/config/appsettings?api-version=2018-11-01
  response:
    body:
      string: '{"id":"/subscriptions/00000000-0000-0000-0000-000000000000/resourceGroups/clitest.rg000001/providers/Microsoft.Web/sites/functionapp-linux000004/config/appsettings","name":"appsettings","type":"Microsoft.Web/sites/config","location":"South
        Central US","properties":{"FUNCTIONS_WORKER_RUNTIME":"node","FUNCTIONS_EXTENSION_VERSION":"~2","MACHINEKEY_DecryptionKey":"B8F4D3A4ECC8162E51B10592F9A5007BB256C063E0AFEF48E61765E831B999A9","WEBSITES_ENABLE_APP_SERVICE_STORAGE":"true","AzureWebJobsStorage":"DefaultEndpointsProtocol=https;EndpointSuffix=core.windows.net;AccountName=clitest000002;AccountKey=veryFakedStorageAccountKey==","AzureWebJobsDashboard":"DefaultEndpointsProtocol=https;EndpointSuffix=core.windows.net;AccountName=clitest000002;AccountKey=veryFakedStorageAccountKey==","WEBSITE_NODE_DEFAULT_VERSION":"~10","APPINSIGHTS_INSTRUMENTATIONKEY":"42622ea3-8282-4418-acf4-543d3d072644"}}'
    headers:
      cache-control:
      - no-cache
      content-length:
      - '1094'
      content-type:
      - application/json
      date:
      - Fri, 18 Oct 2019 18:16:10 GMT
      etag:
      - '"1D585E01DF28820"'
      expires:
      - '-1'
      pragma:
      - no-cache
      server:
      - Microsoft-IIS/10.0
      strict-transport-security:
      - max-age=31536000; includeSubDomains
      transfer-encoding:
      - chunked
      vary:
      - Accept-Encoding
      x-aspnet-version:
      - 4.0.30319
      x-content-type-options:
      - nosniff
      x-ms-ratelimit-remaining-subscription-writes:
      - '1199'
      x-powered-by:
      - ASP.NET
    status:
      code: 200
      message: OK
- request:
    body: null
    headers:
      Accept:
      - application/json
      Accept-Encoding:
      - gzip, deflate
      CommandName:
      - functionapp list
      Connection:
      - keep-alive
      ParameterSetName:
      - -g
      User-Agent:
      - python/3.6.6 (Windows-10-10.0.18362-SP0) msrest/0.6.2 msrest_azure/0.6.2 azure-mgmt-web/0.42.0
        Azure-SDK-For-Python AZURECLI/2.0.75
      accept-language:
      - en-US
    method: GET
    uri: https://management.azure.com/subscriptions/00000000-0000-0000-0000-000000000000/resourceGroups/clitest.rg000001/providers/Microsoft.Web/sites?api-version=2018-11-01
  response:
    body:
      string: '{"value":[{"id":"/subscriptions/00000000-0000-0000-0000-000000000000/resourceGroups/clitest.rg000001/providers/Microsoft.Web/sites/functionapp-linux000004","name":"functionapp-linux000004","type":"Microsoft.Web/sites","kind":"functionapp,linux,container","location":"South
        Central US","properties":{"name":"functionapp-linux000004","state":"Running","hostNames":["functionapp-linux000004.azurewebsites.net"],"webSpace":"clitest.rg000001-SouthCentralUSwebspace","selfLink":"https://waws-prod-sn1-163.api.azurewebsites.windows.net:454/subscriptions/00000000-0000-0000-0000-000000000000/webspaces/clitest.rg000001-SouthCentralUSwebspace/sites/functionapp-linux000004","repositorySiteName":"functionapp-linux000004","owner":null,"usageState":"Normal","enabled":true,"adminEnabled":true,"enabledHostNames":["functionapp-linux000004.azurewebsites.net","functionapp-linux000004.scm.azurewebsites.net"],"siteProperties":{"metadata":null,"properties":[{"name":"LinuxFxVersion","value":"DOCKER|mcr.microsoft.com/azure-functions/node:2.0-node10-appservice"},{"name":"WindowsFxVersion","value":null}],"appSettings":null},"availabilityState":"Normal","sslCertificates":null,"csrs":[],"cers":null,"siteMode":null,"hostNameSslStates":[{"name":"functionapp-linux000004.azurewebsites.net","sslState":"Disabled","ipBasedSslResult":null,"virtualIP":null,"thumbprint":null,"toUpdate":null,"toUpdateIpBasedSsl":null,"ipBasedSslState":"NotConfigured","hostType":"Standard"},{"name":"functionapp-linux000004.scm.azurewebsites.net","sslState":"Disabled","ipBasedSslResult":null,"virtualIP":null,"thumbprint":null,"toUpdate":null,"toUpdateIpBasedSsl":null,"ipBasedSslState":"NotConfigured","hostType":"Repository"}],"computeMode":null,"serverFarm":null,"serverFarmId":"/subscriptions/00000000-0000-0000-0000-000000000000/resourceGroups/clitest.rg000001/providers/Microsoft.Web/serverfarms/funcapplinplan000003","reserved":true,"isXenon":false,"hyperV":false,"lastModifiedTimeUtc":"2019-10-18T18:16:09.89","storageRecoveryDefaultState":"Running","contentAvailabilityState":"Normal","runtimeAvailabilityState":"Normal","siteConfig":null,"deploymentId":"functionapp-linux000004","trafficManagerHostNames":null,"sku":"Standard","scmSiteAlsoStopped":false,"targetSwapSlot":null,"hostingEnvironment":null,"hostingEnvironmentProfile":null,"clientAffinityEnabled":false,"clientCertEnabled":false,"clientCertExclusionPaths":null,"hostNamesDisabled":false,"domainVerificationIdentifiers":null,"kind":"functionapp,linux,container","inboundIpAddress":"104.214.20.0","possibleInboundIpAddresses":"104.214.20.0","outboundIpAddresses":"104.214.20.0,40.84.191.99,70.37.109.240,65.52.33.54,104.215.93.184","possibleOutboundIpAddresses":"104.214.20.0,40.84.191.99,70.37.109.240,65.52.33.54,104.215.93.184,157.55.186.146,70.37.67.76,40.84.157.22,70.37.64.204,23.98.152.90","containerSize":0,"dailyMemoryTimeQuota":0,"suspendedTill":null,"siteDisabledReason":0,"functionExecutionUnitsCache":null,"maxNumberOfWorkers":null,"homeStamp":"waws-prod-sn1-163","cloningInfo":null,"hostingEnvironmentId":null,"tags":null,"resourceGroup":"clitest.rg000001","defaultHostName":"functionapp-linux000004.azurewebsites.net","slotSwapStatus":null,"httpsOnly":false,"redundancyMode":"None","inProgressOperationId":null,"geoDistributions":null,"privateEndpointConnections":null,"buildVersion":null,"targetBuildVersion":null}}],"nextLink":null,"id":null}'
    headers:
      cache-control:
      - no-cache
      content-length:
      - '3702'
      content-type:
      - application/json
      date:
      - Fri, 18 Oct 2019 18:16:10 GMT
      expires:
      - '-1'
      pragma:
      - no-cache
      server:
      - Microsoft-IIS/10.0
      strict-transport-security:
      - max-age=31536000; includeSubDomains
      transfer-encoding:
      - chunked
      vary:
      - Accept-Encoding
      x-aspnet-version:
      - 4.0.30319
      x-content-type-options:
      - nosniff
      x-powered-by:
      - ASP.NET
    status:
      code: 200
      message: OK
- request:
    body: null
    headers:
      Accept:
      - application/json
      Accept-Encoding:
      - gzip, deflate
      CommandName:
      - functionapp config show
      Connection:
      - keep-alive
      ParameterSetName:
      - -g -n
      User-Agent:
      - python/3.6.6 (Windows-10-10.0.18362-SP0) msrest/0.6.2 msrest_azure/0.6.2 azure-mgmt-web/0.42.0
        Azure-SDK-For-Python AZURECLI/2.0.75
      accept-language:
      - en-US
    method: GET
    uri: https://management.azure.com/subscriptions/00000000-0000-0000-0000-000000000000/resourceGroups/clitest.rg000001/providers/Microsoft.Web/sites/functionapp-linux000004/config/web?api-version=2018-11-01
  response:
    body:
      string: '{"id":"/subscriptions/00000000-0000-0000-0000-000000000000/resourceGroups/clitest.rg000001/providers/Microsoft.Web/sites/functionapp-linux000004/config/web","name":"functionapp-linux000004","type":"Microsoft.Web/sites/config","location":"South
        Central US","properties":{"numberOfWorkers":1,"defaultDocuments":["Default.htm","Default.html","Default.asp","index.htm","index.html","iisstart.htm","default.aspx","index.php"],"netFrameworkVersion":"v4.0","phpVersion":"","pythonVersion":"","nodeVersion":"","linuxFxVersion":"DOCKER|mcr.microsoft.com/azure-functions/node:2.0-node10-appservice","windowsFxVersion":null,"requestTracingEnabled":false,"remoteDebuggingEnabled":false,"remoteDebuggingVersion":null,"httpLoggingEnabled":false,"azureMonitorLogCategories":null,"logsDirectorySizeLimit":35,"detailedErrorLoggingEnabled":false,"publishingUsername":"$functionapp-linux000004","publishingPassword":null,"appSettings":null,"metadata":null,"connectionStrings":null,"machineKey":null,"handlerMappings":null,"documentRoot":null,"scmType":"None","use32BitWorkerProcess":true,"webSocketsEnabled":false,"alwaysOn":true,"javaVersion":null,"javaContainer":null,"javaContainerVersion":null,"appCommandLine":"","managedPipelineMode":"Integrated","virtualApplications":[{"virtualPath":"/","physicalPath":"site\\wwwroot","preloadEnabled":true,"virtualDirectories":null}],"winAuthAdminState":0,"winAuthTenantState":0,"customAppPoolIdentityAdminState":false,"customAppPoolIdentityTenantState":false,"runtimeADUser":null,"runtimeADUserPassword":null,"loadBalancing":"LeastRequests","routingRules":[],"experiments":{"rampUpRules":[]},"limits":null,"autoHealEnabled":false,"autoHealRules":null,"tracingOptions":null,"vnetName":"","siteAuthEnabled":false,"siteAuthSettings":{"enabled":null,"unauthenticatedClientAction":null,"tokenStoreEnabled":null,"allowedExternalRedirectUrls":null,"defaultProvider":null,"clientId":null,"clientSecret":null,"clientSecretCertificateThumbprint":null,"issuer":null,"allowedAudiences":null,"additionalLoginParams":null,"isAadAutoProvisioned":false,"googleClientId":null,"googleClientSecret":null,"googleOAuthScopes":null,"facebookAppId":null,"facebookAppSecret":null,"facebookOAuthScopes":null,"twitterConsumerKey":null,"twitterConsumerSecret":null,"microsoftAccountClientId":null,"microsoftAccountClientSecret":null,"microsoftAccountOAuthScopes":null},"cors":{"allowedOrigins":["https://functions.azure.com","https://functions-staging.azure.com","https://functions-next.azure.com"],"supportCredentials":false},"push":null,"apiDefinition":null,"apiManagementConfig":null,"autoSwapSlotName":null,"localMySqlEnabled":false,"managedServiceIdentityId":null,"xManagedServiceIdentityId":null,"ipSecurityRestrictions":[{"ipAddress":"Any","action":"Allow","priority":1,"name":"Allow
        all","description":"Allow all access"}],"scmIpSecurityRestrictions":[{"ipAddress":"Any","action":"Allow","priority":1,"name":"Allow
        all","description":"Allow all access"}],"scmIpSecurityRestrictionsUseMain":false,"http20Enabled":true,"minTlsVersion":"1.2","ftpsState":"AllAllowed","reservedInstanceCount":0,"preWarmedInstanceCount":null,"healthCheckPath":null,"fileChangeAuditEnabled":false}}'
    headers:
      cache-control:
      - no-cache
      content-length:
      - '3242'
      content-type:
      - application/json
      date:
      - Fri, 18 Oct 2019 18:16:12 GMT
      expires:
      - '-1'
      pragma:
      - no-cache
      server:
      - Microsoft-IIS/10.0
      strict-transport-security:
      - max-age=31536000; includeSubDomains
      transfer-encoding:
      - chunked
      vary:
      - Accept-Encoding
      x-aspnet-version:
      - 4.0.30319
      x-content-type-options:
      - nosniff
      x-powered-by:
      - ASP.NET
    status:
      code: 200
      message: OK
version: 1
