interactions:
- request:
    body: null
    headers:
      Accept:
      - application/xml
      Accept-Encoding:
      - gzip, deflate
      CommandName:
      - storage container create
      Connection:
      - keep-alive
      Content-Length:
      - '0'
      ParameterSetName:
      - --account-name --name --account-key
      User-Agent:
      - AZURECLI/2.72.0 azsdk-python-storage-blob/12.16.0 Python/3.10.11 (Windows-10-10.0.26100-SP0)
      x-ms-date:
      - Fri, 16 May 2025 03:29:01 GMT
      x-ms-version:
      - '2022-11-02'
    method: PUT
    uri: https://backup000002.blob.core.windows.net/backupcontainer000005?restype=container
  response:
    body:
      string: ''
    headers:
      content-length:
      - '0'
      date:
      - Fri, 16 May 2025 03:29:05 GMT
      etag:
      - '"0x8DD9429CFEDC6EF"'
      last-modified:
      - Fri, 16 May 2025 03:29:05 GMT
      server:
      - Windows-Azure-Blob/1.0 Microsoft-HTTPAPI/2.0
      x-ms-version:
      - '2022-11-02'
    status:
      code: 201
      message: Created
- request:
    body: null
    headers:
      Accept:
      - application/json
      Accept-Encoding:
      - gzip, deflate
      CommandName:
      - appservice plan create
      Connection:
      - keep-alive
      ParameterSetName:
      - -g -n --sku
      User-Agent:
      - AZURECLI/2.72.0 azsdk-python-core/1.31.0 Python/3.10.11 (Windows-10-10.0.26100-SP0)
    method: GET
    uri: https://management.azure.com/subscriptions/00000000-0000-0000-0000-000000000000/resourcegroups/clitest.rg000001?api-version=2024-11-01
  response:
    body:
      string: '{"id":"/subscriptions/00000000-0000-0000-0000-000000000000/resourceGroups/clitest.rg000001","name":"clitest.rg000001","type":"Microsoft.Resources/resourceGroups","location":"westeurope","tags":{"product":"azurecli","cause":"automation","test":"test_webapp_backup_update","date":"2025-05-16T03:28:31Z","module":"appservice","DateCreated":"2025-05-16T03:28:37Z","Creator":"test@example.com"},"properties":{"provisioningState":"Succeeded"}}'
    headers:
      cache-control:
      - no-cache
      content-length:
      - '437'
      content-type:
      - application/json; charset=utf-8
      date:
      - Fri, 16 May 2025 03:29:08 GMT
      expires:
      - '-1'
      pragma:
      - no-cache
      strict-transport-security:
      - max-age=31536000; includeSubDomains
      x-cache:
      - CONFIG_NOCACHE
      x-content-type-options:
      - nosniff
      x-ms-ratelimit-remaining-subscription-global-reads:
      - '3749'
      x-msedge-ref:
      - 'Ref A: 3E274B06D6524CAD98481CD0D2408533 Ref B: TYO201100114045 Ref C: 2025-05-16T03:29:07Z'
    status:
      code: 200
      message: OK
- request:
    body: '{"location": "westeurope", "sku": {"name": "S1", "tier": "STANDARD", "capacity":
      1}, "properties": {"perSiteScaling": false, "isXenon": false, "zoneRedundant":
      false}}'
    headers:
      Accept:
      - application/json
      Accept-Encoding:
      - gzip, deflate
      CommandName:
      - appservice plan create
      Connection:
      - keep-alive
      Content-Length:
      - '167'
      Content-Type:
      - application/json
      ParameterSetName:
      - -g -n --sku
      User-Agent:
      - AZURECLI/2.72.0 azsdk-python-core/1.31.0 Python/3.10.11 (Windows-10-10.0.26100-SP0)
    method: PUT
    uri: https://management.azure.com/subscriptions/00000000-0000-0000-0000-000000000000/resourceGroups/clitest.rg000001/providers/Microsoft.Web/serverfarms/plan-backup000003?api-version=2023-01-01
  response:
    body:
      string: '{"id":"/subscriptions/00000000-0000-0000-0000-000000000000/resourceGroups/clitest.rg000001/providers/Microsoft.Web/serverfarms/plan-backup000003","name":"plan-backup000003","type":"Microsoft.Web/serverfarms","kind":"app","location":"westeurope","properties":{"serverFarmId":69904,"name":"plan-backup000003","sku":{"name":"S1","tier":"Standard","size":"S1","family":"S","capacity":1},"workerSize":"Small","workerSizeId":0,"workerTierName":null,"numberOfWorkers":1,"currentWorkerSize":"Small","currentWorkerSizeId":0,"currentNumberOfWorkers":1,"status":"Ready","webSpace":"clitest.rg000001-WestEuropewebspace","subscription":"0b1f6471-1bf0-4dda-aec3-cb9272f09590","adminSiteName":null,"hostingEnvironment":null,"hostingEnvironmentProfile":null,"maximumNumberOfWorkers":0,"planName":"VirtualDedicatedPlan","adminRuntimeSiteName":null,"computeMode":"Dedicated","siteMode":null,"geoRegion":"West
        Europe","perSiteScaling":false,"elasticScaleEnabled":false,"maximumElasticWorkerCount":1,"numberOfSites":0,"hostingEnvironmentId":null,"isSpot":false,"spotExpirationTime":null,"freeOfferExpirationTime":null,"tags":null,"kind":"app","resourceGroup":"clitest.rg000001","reserved":false,"isXenon":false,"hyperV":false,"mdmId":"waws-prod-am2-011_69904","targetWorkerCount":0,"targetWorkerSizeId":0,"provisioningState":"Succeeded","webSiteId":null,"existingServerFarmIds":null,"kubeEnvironmentProfile":null,"zoneRedundant":false,"migrateToVMSS":null,"vnetConnectionsUsed":null,"vnetConnectionsMax":null,"createdTime":"2025-05-16T03:29:17.163","asyncScalingEnabled":null},"sku":{"name":"S1","tier":"Standard","size":"S1","family":"S","capacity":1}}'
    headers:
      cache-control:
      - no-cache
      content-length:
      - '1633'
      content-type:
      - application/json
      date:
      - Fri, 16 May 2025 03:29:24 GMT
      etag:
      - '"1DBC612B64E7E30"'
      expires:
      - '-1'
      pragma:
      - no-cache
      strict-transport-security:
      - max-age=31536000; includeSubDomains
      x-aspnet-version:
      - 4.0.30319
      x-cache:
      - CONFIG_NOCACHE
      x-content-type-options:
      - nosniff
      x-ms-operation-identifier:
      - tenantId=54826b22-38d6-4fb2-bad9-b7b93a3e9c5a,objectId=d44a2991-98c6-47c3-b59b-2b30d72cfcc2/japaneast/3dd6938b-c96a-45f3-aa0f-2aacbf6cabc9
      x-ms-ratelimit-remaining-subscription-global-writes:
      - '2999'
      x-ms-ratelimit-remaining-subscription-writes:
      - '199'
      x-msedge-ref:
      - 'Ref A: 08CB87ED4F5E421EBE4ECE10A28DF7AA Ref B: TYO201151004042 Ref C: 2025-05-16T03:29:08Z'
      x-powered-by:
      - ASP.NET
    status:
      code: 200
      message: OK
- request:
    body: null
    headers:
      Accept:
      - application/json
      Accept-Encoding:
      - gzip, deflate
      CommandName:
      - webapp create
      Connection:
      - keep-alive
      ParameterSetName:
      - -g -n --plan
      User-Agent:
      - AZURECLI/2.72.0 azsdk-python-core/1.31.0 Python/3.10.11 (Windows-10-10.0.26100-SP0)
    method: GET
    uri: https://management.azure.com/subscriptions/00000000-0000-0000-0000-000000000000/resourceGroups/clitest.rg000001/providers/Microsoft.Web/serverfarms/plan-backup000003?api-version=2023-01-01
  response:
    body:
      string: '{"id":"/subscriptions/00000000-0000-0000-0000-000000000000/resourceGroups/clitest.rg000001/providers/Microsoft.Web/serverfarms/plan-backup000003","name":"plan-backup000003","type":"Microsoft.Web/serverfarms","kind":"app","location":"West
        Europe","properties":{"serverFarmId":69904,"name":"plan-backup000003","workerSize":"Small","workerSizeId":0,"workerTierName":null,"numberOfWorkers":1,"currentWorkerSize":"Small","currentWorkerSizeId":0,"currentNumberOfWorkers":1,"status":"Ready","webSpace":"clitest.rg000001-WestEuropewebspace","subscription":"0b1f6471-1bf0-4dda-aec3-cb9272f09590","adminSiteName":null,"hostingEnvironment":null,"hostingEnvironmentProfile":null,"maximumNumberOfWorkers":10,"planName":"VirtualDedicatedPlan","adminRuntimeSiteName":null,"computeMode":"Dedicated","siteMode":null,"geoRegion":"West
        Europe","perSiteScaling":false,"elasticScaleEnabled":false,"maximumElasticWorkerCount":1,"numberOfSites":0,"hostingEnvironmentId":null,"isSpot":false,"spotExpirationTime":null,"freeOfferExpirationTime":null,"tags":null,"kind":"app","resourceGroup":"clitest.rg000001","reserved":false,"isXenon":false,"hyperV":false,"mdmId":"waws-prod-am2-011_69904","targetWorkerCount":0,"targetWorkerSizeId":0,"provisioningState":"Succeeded","webSiteId":null,"existingServerFarmIds":null,"kubeEnvironmentProfile":null,"zoneRedundant":false,"migrateToVMSS":null,"vnetConnectionsUsed":0,"vnetConnectionsMax":2,"createdTime":"2025-05-16T03:29:17.163","asyncScalingEnabled":null},"sku":{"name":"S1","tier":"Standard","size":"S1","family":"S","capacity":1}}'
    headers:
      cache-control:
      - no-cache
      content-length:
      - '1553'
      content-type:
      - application/json
      date:
      - Fri, 16 May 2025 03:29:29 GMT
      expires:
      - '-1'
      pragma:
      - no-cache
      strict-transport-security:
      - max-age=31536000; includeSubDomains
      x-aspnet-version:
      - 4.0.30319
      x-cache:
      - CONFIG_NOCACHE
      x-content-type-options:
      - nosniff
      x-ms-ratelimit-remaining-subscription-global-reads:
      - '3749'
      x-msedge-ref:
      - 'Ref A: E4E6A8EB8CEB40EC896B0166F07BBB44 Ref B: TYO201100114051 Ref C: 2025-05-16T03:29:27Z'
      x-powered-by:
      - ASP.NET
    status:
      code: 200
      message: OK
- request:
    body: '{"name": "backup-webapp000004", "type": "Site"}'
    headers:
      Accept:
      - application/json
      Accept-Encoding:
      - gzip, deflate
      CommandName:
      - webapp create
      Connection:
      - keep-alive
      Content-Length:
      - '47'
      Content-Type:
      - application/json
      ParameterSetName:
      - -g -n --plan
      User-Agent:
      - AZURECLI/2.72.0 azsdk-python-core/1.31.0 Python/3.10.11 (Windows-10-10.0.26100-SP0)
    method: POST
    uri: https://management.azure.com/subscriptions/00000000-0000-0000-0000-000000000000/providers/Microsoft.Web/checknameavailability?api-version=2023-12-01
  response:
    body:
      string: '{"nameAvailable":true,"reason":"","message":""}'
    headers:
      cache-control:
      - no-cache
      content-length:
      - '47'
      content-type:
      - application/json
      date:
      - Fri, 16 May 2025 03:29:30 GMT
      expires:
      - '-1'
      pragma:
      - no-cache
      strict-transport-security:
      - max-age=31536000; includeSubDomains
      x-aspnet-version:
      - 4.0.30319
      x-cache:
      - CONFIG_NOCACHE
      x-content-type-options:
      - nosniff
      x-ms-operation-identifier:
      - tenantId=54826b22-38d6-4fb2-bad9-b7b93a3e9c5a,objectId=d44a2991-98c6-47c3-b59b-2b30d72cfcc2/japanwest/6e8a6b3f-82df-4ea4-9aa8-101fdc50e684
      x-ms-ratelimit-remaining-subscription-global-reads:
      - '3749'
      x-msedge-ref:
      - 'Ref A: 9B373D4A8F044C7A9438EA53D04D22AD Ref B: TYO201100115025 Ref C: 2025-05-16T03:29:30Z'
      x-powered-by:
      - ASP.NET
    status:
      code: 200
      message: OK
- request:
    body: null
    headers:
      Accept:
      - application/json
      Accept-Encoding:
      - gzip, deflate
      CommandName:
      - webapp create
      Connection:
      - keep-alive
      ParameterSetName:
      - -g -n --plan
      User-Agent:
      - AZURECLI/2.72.0 azsdk-python-core/1.31.0 Python/3.10.11 (Windows-10-10.0.26100-SP0)
    method: GET
    uri: https://management.azure.com/providers/Microsoft.Web/webAppStacks?api-version=2023-01-01
  response:
    body:
      string: '{"value":[{"id":null,"name":"dotnet","type":"Microsoft.Web/webAppStacks?stackOsType=All","properties":{"displayText":".NET","value":"dotnet","preferredOs":"windows","majorVersions":[{"displayText":".NET
        9 (STS)","value":"dotnet9","minorVersions":[{"displayText":".NET 9 (STS)","value":"9","stackSettings":{"windowsRuntimeSettings":{"runtimeVersion":"v9.0","remoteDebuggingSupported":false,"appInsightsSettings":{"isSupported":true,"isDefaultOff":false},"gitHubActionSettings":{"isSupported":true,"supportedVersion":"9.x"},"endOfLifeDate":"2026-05-12T00:00:00Z"},"linuxRuntimeSettings":{"runtimeVersion":"DOTNETCORE|9.0","remoteDebuggingSupported":false,"appInsightsSettings":{"isSupported":true,"isDefaultOff":false},"gitHubActionSettings":{"isSupported":true,"supportedVersion":"9.x"},"supportedFeatures":{"disableSsh":true},"endOfLifeDate":"2026-05-12T00:00:00Z"}}}]},{"displayText":".NET
        8 (LTS)","value":"dotnet8","minorVersions":[{"displayText":".NET 8 (LTS)","value":"8","stackSettings":{"windowsRuntimeSettings":{"runtimeVersion":"v8.0","remoteDebuggingSupported":false,"appInsightsSettings":{"isSupported":true,"isDefaultOff":false},"gitHubActionSettings":{"isSupported":true,"supportedVersion":"8.x"},"endOfLifeDate":"2026-11-10T00:00:00Z"},"linuxRuntimeSettings":{"runtimeVersion":"DOTNETCORE|8.0","remoteDebuggingSupported":false,"appInsightsSettings":{"isSupported":true,"isDefaultOff":false},"gitHubActionSettings":{"isSupported":true,"supportedVersion":"8.x"},"supportedFeatures":{"disableSsh":true},"endOfLifeDate":"2026-11-10T00:00:00Z"}}}]},{"displayText":".NET
        7 (STS)","value":"dotnet7","minorVersions":[{"displayText":".NET 7 (STS)","value":"7","stackSettings":{"windowsRuntimeSettings":{"runtimeVersion":"v7.0","isDeprecated":true,"remoteDebuggingSupported":false,"appInsightsSettings":{"isSupported":true,"isDefaultOff":false},"gitHubActionSettings":{"isSupported":true,"supportedVersion":"7.x"},"endOfLifeDate":"2024-05-14T00:00:00Z"},"linuxRuntimeSettings":{"runtimeVersion":"DOTNETCORE|7.0","isDeprecated":true,"remoteDebuggingSupported":false,"appInsightsSettings":{"isSupported":true,"isDefaultOff":false},"gitHubActionSettings":{"isSupported":true,"supportedVersion":"7.x"},"supportedFeatures":{"disableSsh":true},"endOfLifeDate":"2024-05-14T00:00:00Z"}}}]},{"displayText":".NET
        6","value":"dotnet6","minorVersions":[{"displayText":".NET 6 (LTS)","value":"6","stackSettings":{"windowsRuntimeSettings":{"runtimeVersion":"v6.0","isDeprecated":true,"remoteDebuggingSupported":false,"appInsightsSettings":{"isSupported":true,"isDefaultOff":false},"gitHubActionSettings":{"isSupported":true,"supportedVersion":"6.0.x"},"endOfLifeDate":"2024-11-12T00:00:00Z"},"linuxRuntimeSettings":{"runtimeVersion":"DOTNETCORE|6.0","isDeprecated":true,"remoteDebuggingSupported":false,"appInsightsSettings":{"isSupported":true,"isDefaultOff":false},"gitHubActionSettings":{"isSupported":true,"supportedVersion":"6.0.x"},"supportedFeatures":{"disableSsh":true},"endOfLifeDate":"2024-11-12T00:00:00Z"}}}]},{"displayText":".NET
        5","value":"dotnet5","minorVersions":[{"displayText":".NET 5","value":"5","stackSettings":{"windowsRuntimeSettings":{"runtimeVersion":"v5.0","isDeprecated":true,"remoteDebuggingSupported":false,"appInsightsSettings":{"isSupported":true,"isDefaultOff":true},"gitHubActionSettings":{"isSupported":true,"supportedVersion":"5.0.x"},"endOfLifeDate":"2022-05-08T00:00:00Z"},"linuxRuntimeSettings":{"runtimeVersion":"DOTNETCORE|5.0","isDeprecated":true,"remoteDebuggingSupported":false,"appInsightsSettings":{"isSupported":true,"isDefaultOff":true},"gitHubActionSettings":{"isSupported":true,"supportedVersion":"5.0.x"},"endOfLifeDate":"2022-05-08T00:00:00Z"}}}]},{"displayText":".NET
        Core 3","value":"dotnetcore3","minorVersions":[{"displayText":".NET Core 3.1
        (LTS)","value":"3.1","stackSettings":{"windowsRuntimeSettings":{"runtimeVersion":"3.1","remoteDebuggingSupported":false,"appInsightsSettings":{"isSupported":true,"isDefaultOff":false},"gitHubActionSettings":{"isSupported":true,"supportedVersion":"3.1.301"},"isDeprecated":true,"endOfLifeDate":"2022-12-03T00:00:00Z"},"linuxRuntimeSettings":{"runtimeVersion":"DOTNETCORE|3.1","remoteDebuggingSupported":false,"appInsightsSettings":{"isSupported":true,"isDefaultOff":false},"gitHubActionSettings":{"isSupported":true,"supportedVersion":"3.1.301"},"isDeprecated":true,"endOfLifeDate":"2022-12-03T00:00:00Z"}}},{"displayText":".NET
        Core 3.0","value":"3.0","stackSettings":{"windowsRuntimeSettings":{"runtimeVersion":"3.0","isDeprecated":true,"remoteDebuggingSupported":false,"appInsightsSettings":{"isSupported":false,"isDefaultOff":true},"gitHubActionSettings":{"isSupported":true,"supportedVersion":"3.0.103"},"endOfLifeDate":"2020-03-03T00:00:00Z"},"linuxRuntimeSettings":{"runtimeVersion":"DOTNETCORE|3.0","isDeprecated":true,"remoteDebuggingSupported":false,"appInsightsSettings":{"isSupported":false,"isDefaultOff":true},"gitHubActionSettings":{"isSupported":true,"supportedVersion":"3.0.103"},"endOfLifeDate":"2020-03-03T00:00:00Z"}}}]},{"displayText":".NET
        Core 2","value":"dotnetcore2","minorVersions":[{"displayText":".NET Core 2.2","value":"2.2","stackSettings":{"windowsRuntimeSettings":{"runtimeVersion":"2.2","isDeprecated":true,"remoteDebuggingSupported":false,"appInsightsSettings":{"isSupported":false,"isDefaultOff":true},"gitHubActionSettings":{"isSupported":true,"supportedVersion":"2.2.207"},"endOfLifeDate":"2019-12-23T00:00:00Z"},"linuxRuntimeSettings":{"runtimeVersion":"DOTNETCORE|2.2","isDeprecated":true,"remoteDebuggingSupported":false,"appInsightsSettings":{"isSupported":false,"isDefaultOff":true},"gitHubActionSettings":{"isSupported":true,"supportedVersion":"2.2.207"},"endOfLifeDate":"2019-12-23T00:00:00Z"}}},{"displayText":".NET
        Core 2.1 (LTS)","value":"2.1","stackSettings":{"windowsRuntimeSettings":{"runtimeVersion":"2.1","remoteDebuggingSupported":false,"isDeprecated":true,"appInsightsSettings":{"isSupported":true,"isDefaultOff":true},"gitHubActionSettings":{"isSupported":true,"supportedVersion":"2.1.807"},"endOfLifeDate":"2021-07-21T00:00:00Z"},"linuxRuntimeSettings":{"runtimeVersion":"DOTNETCORE|2.1","remoteDebuggingSupported":false,"isDeprecated":true,"appInsightsSettings":{"isSupported":false,"isDefaultOff":true},"gitHubActionSettings":{"isSupported":true,"supportedVersion":"2.1.807"},"endOfLifeDate":"2021-07-21T00:00:00Z"}}},{"displayText":".NET
        Core 2.0","value":"2.0","stackSettings":{"windowsRuntimeSettings":{"runtimeVersion":"2.0","isDeprecated":true,"remoteDebuggingSupported":false,"appInsightsSettings":{"isSupported":false,"isDefaultOff":true},"gitHubActionSettings":{"isSupported":true,"supportedVersion":"2.1.202"},"endOfLifeDate":"2018-10-01T00:00:00Z"},"linuxRuntimeSettings":{"runtimeVersion":"DOTNETCORE|2.0","isDeprecated":true,"remoteDebuggingSupported":false,"appInsightsSettings":{"isSupported":false,"isDefaultOff":true},"gitHubActionSettings":{"isSupported":true,"supportedVersion":"2.1.202"},"endOfLifeDate":"2018-10-01T00:00:00Z"}}}]},{"displayText":".NET
        Core 1","value":"dotnetcore1","minorVersions":[{"displayText":".NET Core 1.1","value":"1.1","stackSettings":{"windowsRuntimeSettings":{"runtimeVersion":"1.1","isDeprecated":true,"remoteDebuggingSupported":false,"appInsightsSettings":{"isSupported":false,"isDefaultOff":true},"gitHubActionSettings":{"isSupported":true,"supportedVersion":"1.1.14"},"endOfLifeDate":"2019-06-27T00:00:00Z"},"linuxRuntimeSettings":{"runtimeVersion":"DOTNETCORE|1.1","isDeprecated":true,"remoteDebuggingSupported":false,"appInsightsSettings":{"isSupported":false,"isDefaultOff":true},"gitHubActionSettings":{"isSupported":true,"supportedVersion":"1.1.14"},"endOfLifeDate":"2019-06-27T00:00:00Z"}}},{"displayText":".NET
        Core 1.0","value":"1.0","stackSettings":{"windowsRuntimeSettings":{"runtimeVersion":"1.0","isDeprecated":true,"remoteDebuggingSupported":false,"appInsightsSettings":{"isSupported":false,"isDefaultOff":true},"gitHubActionSettings":{"isSupported":true,"supportedVersion":"1.1.14"},"endOfLifeDate":"2019-06-27T00:00:00Z"},"linuxRuntimeSettings":{"runtimeVersion":"DOTNETCORE|1.0","isDeprecated":true,"remoteDebuggingSupported":false,"appInsightsSettings":{"isSupported":false,"isDefaultOff":true},"gitHubActionSettings":{"isSupported":true,"supportedVersion":"1.1.14"},"endOfLifeDate":"2019-06-27T00:00:00Z"}}}]},{"displayText":"ASP.NET
        V4","value":"aspdotnetv4","minorVersions":[{"displayText":"ASP.NET V4.8","value":"v4.8","stackSettings":{"windowsRuntimeSettings":{"runtimeVersion":"v4.0","remoteDebuggingSupported":false,"appInsightsSettings":{"isSupported":true,"isDefaultOff":false},"gitHubActionSettings":{"isSupported":true,"supportedVersion":"3.1"}}}}]},{"displayText":"ASP.NET
        V3","value":"aspdotnetv3","minorVersions":[{"displayText":"ASP.NET V3.5","value":"v3.5","stackSettings":{"windowsRuntimeSettings":{"runtimeVersion":"v2.0","remoteDebuggingSupported":false,"appInsightsSettings":{"isSupported":true,"isDefaultOff":false},"gitHubActionSettings":{"isSupported":true,"supportedVersion":"2.1"}}}}]}]}},{"id":null,"name":"node","type":"Microsoft.Web/webAppStacks?stackOsType=All","properties":{"displayText":"Node","value":"node","preferredOs":"linux","majorVersions":[{"displayText":"Node
        LTS","value":"lts","minorVersions":[{"displayText":"Node LTS","value":"lts","stackSettings":{"linuxRuntimeSettings":{"runtimeVersion":"NODE|lts","isDeprecated":true,"remoteDebuggingSupported":false,"appInsightsSettings":{"isSupported":true,"isDefaultOff":true},"gitHubActionSettings":{"isSupported":true}}}}]},{"displayText":"Node
        22","value":"22","minorVersions":[{"displayText":"Node 22 LTS","value":"22-lts","stackSettings":{"linuxRuntimeSettings":{"runtimeVersion":"NODE|22-lts","remoteDebuggingSupported":false,"appInsightsSettings":{"isSupported":true,"isDefaultOff":false},"gitHubActionSettings":{"isSupported":true,"supportedVersion":"22.x"},"supportedFeatures":{"disableSsh":true},"endOfLifeDate":"2027-04-30T00:00:00Z"},"windowsRuntimeSettings":{"runtimeVersion":"~22","remoteDebuggingSupported":false,"appInsightsSettings":{"isSupported":false,"isDefaultOff":false},"gitHubActionSettings":{"isSupported":true,"supportedVersion":"22.x"},"endOfLifeDate":"2027-04-30T00:00:00Z"}}}]},{"displayText":"Node
        20","value":"20","minorVersions":[{"displayText":"Node 20 LTS","value":"20-lts","stackSettings":{"linuxRuntimeSettings":{"runtimeVersion":"NODE|20-lts","remoteDebuggingSupported":false,"appInsightsSettings":{"isSupported":true,"isDefaultOff":false},"gitHubActionSettings":{"isSupported":true,"supportedVersion":"20.x"},"supportedFeatures":{"disableSsh":true},"endOfLifeDate":"2026-04-30T00:00:00Z"},"windowsRuntimeSettings":{"runtimeVersion":"~20","remoteDebuggingSupported":false,"appInsightsSettings":{"isSupported":true,"isDefaultOff":false},"gitHubActionSettings":{"isSupported":true,"supportedVersion":"20.x"},"endOfLifeDate":"2026-04-30T00:00:00Z"}}}]},{"displayText":"Node
        18","value":"18","minorVersions":[{"displayText":"Node 18 LTS","value":"18-lts","stackSettings":{"linuxRuntimeSettings":{"runtimeVersion":"NODE|18-lts","remoteDebuggingSupported":false,"appInsightsSettings":{"isSupported":true,"isDefaultOff":false},"gitHubActionSettings":{"isSupported":true,"supportedVersion":"18.x"},"supportedFeatures":{"disableSsh":true},"endOfLifeDate":"2025-04-30T00:00:00Z"},"windowsRuntimeSettings":{"runtimeVersion":"~18","remoteDebuggingSupported":false,"appInsightsSettings":{"isSupported":true,"isDefaultOff":false},"gitHubActionSettings":{"isSupported":true,"supportedVersion":"18.x"},"endOfLifeDate":"2025-04-30T00:00:00Z"}}}]},{"displayText":"Node
        16","value":"16","minorVersions":[{"displayText":"Node 16 LTS","value":"16-lts","stackSettings":{"linuxRuntimeSettings":{"runtimeVersion":"NODE|16-lts","isDeprecated":true,"remoteDebuggingSupported":false,"appInsightsSettings":{"isSupported":true,"isDefaultOff":false},"gitHubActionSettings":{"isSupported":true,"supportedVersion":"16.x"},"supportedFeatures":{"disableSsh":true},"endOfLifeDate":"2023-09-11T00:00:00Z"},"windowsRuntimeSettings":{"runtimeVersion":"~16","isDeprecated":true,"remoteDebuggingSupported":false,"appInsightsSettings":{"isSupported":true,"isDefaultOff":false},"gitHubActionSettings":{"isSupported":true,"supportedVersion":"16.x"},"endOfLifeDate":"2023-09-11T00:00:00Z"}}}]},{"displayText":"Node
        14","value":"14","minorVersions":[{"displayText":"Node 14 LTS","value":"14-lts","stackSettings":{"linuxRuntimeSettings":{"runtimeVersion":"NODE|14-lts","isDeprecated":true,"remoteDebuggingSupported":false,"appInsightsSettings":{"isSupported":true,"isDefaultOff":true},"gitHubActionSettings":{"isSupported":true,"supportedVersion":"14.x"},"supportedFeatures":{"disableSsh":true},"endOfLifeDate":"2023-04-30T00:00:00Z"},"windowsRuntimeSettings":{"runtimeVersion":"~14","isDeprecated":true,"remoteDebuggingSupported":false,"appInsightsSettings":{"isSupported":true,"isDefaultOff":false},"gitHubActionSettings":{"isSupported":true,"supportedVersion":"14.x"},"endOfLifeDate":"2023-04-30T00:00:00Z"}}}]},{"displayText":"Node
        12","value":"12","minorVersions":[{"displayText":"Node 12 LTS","value":"12-lts","stackSettings":{"linuxRuntimeSettings":{"runtimeVersion":"NODE|12-lts","isDeprecated":true,"remoteDebuggingSupported":false,"appInsightsSettings":{"isSupported":true,"isDefaultOff":true},"gitHubActionSettings":{"isSupported":true,"supportedVersion":"12.x"},"endOfLifeDate":"2022-04-01T00:00:00Z"},"windowsRuntimeSettings":{"runtimeVersion":"12.13.0","isDeprecated":true,"remoteDebuggingSupported":false,"appInsightsSettings":{"isSupported":true,"isDefaultOff":true},"gitHubActionSettings":{"isSupported":true},"endOfLifeDate":"2022-04-01T00:00:00Z"}}},{"displayText":"Node
        12.9","value":"12.9","stackSettings":{"linuxRuntimeSettings":{"runtimeVersion":"NODE|12.9","isDeprecated":true,"remoteDebuggingSupported":true,"appInsightsSettings":{"isSupported":true,"isDefaultOff":true},"gitHubActionSettings":{"isSupported":true,"supportedVersion":"12.x"},"endOfLifeDate":"2022-04-01T00:00:00Z"}}}]},{"displayText":"Node
        10","value":"10","minorVersions":[{"displayText":"Node 10 LTS","value":"10-LTS","stackSettings":{"linuxRuntimeSettings":{"runtimeVersion":"NODE|10-lts","isDeprecated":true,"remoteDebuggingSupported":false,"appInsightsSettings":{"isSupported":true,"isDefaultOff":true},"gitHubActionSettings":{"isSupported":true,"supportedVersion":"10.x"},"endOfLifeDate":"2021-04-01T00:00:00Z"}}},{"displayText":"Node
        10.16","value":"10.16","stackSettings":{"linuxRuntimeSettings":{"runtimeVersion":"NODE|10.16","isDeprecated":true,"remoteDebuggingSupported":false,"appInsightsSettings":{"isSupported":true,"isDefaultOff":true},"gitHubActionSettings":{"isSupported":true,"supportedVersion":"10.x"},"endOfLifeDate":"2021-04-01T00:00:00Z"}}},{"displayText":"Node
        10.15","value":"10.15","stackSettings":{"windowsRuntimeSettings":{"runtimeVersion":"10.15.2","isDeprecated":true,"isPreview":true,"isHidden":true,"remoteDebuggingSupported":false,"appInsightsSettings":{"isSupported":false,"isDefaultOff":true},"gitHubActionSettings":{"isSupported":true,"supportedVersion":"10.x"},"endOfLifeDate":"2021-04-01T00:00:00Z"}}},{"displayText":"Node
        10.14","value":"10.14","stackSettings":{"linuxRuntimeSettings":{"runtimeVersion":"NODE|10.14","isDeprecated":true,"remoteDebuggingSupported":false,"appInsightsSettings":{"isSupported":true,"isDefaultOff":true},"gitHubActionSettings":{"isSupported":true,"supportedVersion":"10.x"},"endOfLifeDate":"2021-04-01T00:00:00Z"},"windowsRuntimeSettings":{"runtimeVersion":"10.14.1","isDeprecated":true,"remoteDebuggingSupported":false,"appInsightsSettings":{"isSupported":true,"isDefaultOff":true},"gitHubActionSettings":{"isSupported":true,"supportedVersion":"10.x"},"endOfLifeDate":"2021-04-01T00:00:00Z"}}},{"displayText":"Node
        10.12","value":"10.12","stackSettings":{"linuxRuntimeSettings":{"runtimeVersion":"NODE|10.12","isDeprecated":true,"remoteDebuggingSupported":false,"appInsightsSettings":{"isSupported":true,"isDefaultOff":true},"gitHubActionSettings":{"isSupported":true,"supportedVersion":"10.x"},"endOfLifeDate":"2021-04-01T00:00:00Z"}}},{"displayText":"Node
        10.10","value":"10.10","stackSettings":{"linuxRuntimeSettings":{"runtimeVersion":"NODE|10.10","isDeprecated":true,"remoteDebuggingSupported":false,"appInsightsSettings":{"isSupported":true,"isDefaultOff":true},"gitHubActionSettings":{"isSupported":true,"supportedVersion":"10.x"},"endOfLifeDate":"2021-04-01T00:00:00Z"},"windowsRuntimeSettings":{"runtimeVersion":"10.0.0","isDeprecated":true,"remoteDebuggingSupported":false,"appInsightsSettings":{"isSupported":true,"isDefaultOff":true},"gitHubActionSettings":{"isSupported":true,"supportedVersion":"10.x"},"endOfLifeDate":"2021-04-01T00:00:00Z"}}},{"displayText":"Node
        10.6","value":"10.6","stackSettings":{"linuxRuntimeSettings":{"runtimeVersion":"NODE|10.6","isDeprecated":true,"remoteDebuggingSupported":false,"appInsightsSettings":{"isSupported":true,"isDefaultOff":true},"gitHubActionSettings":{"isSupported":true,"supportedVersion":"10.x"},"endOfLifeDate":"2021-04-01T00:00:00Z"},"windowsRuntimeSettings":{"runtimeVersion":"10.6.0","isDeprecated":true,"remoteDebuggingSupported":false,"appInsightsSettings":{"isSupported":true,"isDefaultOff":true},"gitHubActionSettings":{"isSupported":true},"endOfLifeDate":"2021-04-01T00:00:00Z"}}},{"displayText":"Node
        10.1","value":"10.1","stackSettings":{"linuxRuntimeSettings":{"runtimeVersion":"NODE|10.1","isDeprecated":true,"remoteDebuggingSupported":false,"appInsightsSettings":{"isSupported":true,"isDefaultOff":true},"gitHubActionSettings":{"isSupported":true,"supportedVersion":"10.x"},"endOfLifeDate":"2021-04-01T00:00:00Z"}}}]},{"displayText":"Node
        9","value":"9","minorVersions":[{"displayText":"Node 9.4","value":"9.4","stackSettings":{"linuxRuntimeSettings":{"runtimeVersion":"NODE|9.4","isDeprecated":true,"remoteDebuggingSupported":false,"appInsightsSettings":{"isSupported":true,"isDefaultOff":true},"gitHubActionSettings":{"isSupported":true},"endOfLifeDate":"2019-06-30T00:00:00Z"}}}]},{"displayText":"Node
        8","value":"8","minorVersions":[{"displayText":"Node 8 LTS","value":"8-lts","stackSettings":{"linuxRuntimeSettings":{"runtimeVersion":"NODE|8-lts","isDeprecated":true,"remoteDebuggingSupported":false,"appInsightsSettings":{"isSupported":true,"isDefaultOff":true},"gitHubActionSettings":{"isSupported":true},"endOfLifeDate":"2019-12-31T00:00:00Z"}}},{"displayText":"Node
        8.12","value":"8.12","stackSettings":{"linuxRuntimeSettings":{"runtimeVersion":"NODE|8.12","isDeprecated":true,"remoteDebuggingSupported":false,"appInsightsSettings":{"isSupported":true,"isDefaultOff":true},"gitHubActionSettings":{"isSupported":true},"endOfLifeDate":"2019-12-31T00:00:00Z"}}},{"displayText":"Node
        8.11","value":"8.11","stackSettings":{"linuxRuntimeSettings":{"runtimeVersion":"NODE|8.11","isDeprecated":true,"remoteDebuggingSupported":false,"appInsightsSettings":{"isSupported":true,"isDefaultOff":true},"gitHubActionSettings":{"isSupported":true},"endOfLifeDate":"2019-12-31T00:00:00Z"},"windowsRuntimeSettings":{"runtimeVersion":"8.11","isDeprecated":true,"remoteDebuggingSupported":false,"appInsightsSettings":{"isSupported":false,"isDefaultOff":true},"gitHubActionSettings":{"isSupported":false},"endOfLifeDate":"2019-12-31T00:00:00Z"}}},{"displayText":"Node
        8.10","value":"8.10","stackSettings":{"windowsRuntimeSettings":{"runtimeVersion":"8.10","isDeprecated":true,"remoteDebuggingSupported":false,"appInsightsSettings":{"isSupported":false,"isDefaultOff":true},"gitHubActionSettings":{"isSupported":false},"endOfLifeDate":"2019-12-31T00:00:00Z"}}},{"displayText":"Node
        8.9","value":"8.9","stackSettings":{"linuxRuntimeSettings":{"runtimeVersion":"NODE|8.9","isDeprecated":true,"remoteDebuggingSupported":false,"appInsightsSettings":{"isSupported":true,"isDefaultOff":true},"gitHubActionSettings":{"isSupported":true},"endOfLifeDate":"2019-12-31T00:00:00Z"},"windowsRuntimeSettings":{"runtimeVersion":"8.9","isDeprecated":true,"remoteDebuggingSupported":false,"appInsightsSettings":{"isSupported":false,"isDefaultOff":true},"gitHubActionSettings":{"isSupported":false},"endOfLifeDate":"2019-12-31T00:00:00Z"}}},{"displayText":"Node
        8.8","value":"8.8","stackSettings":{"linuxRuntimeSettings":{"runtimeVersion":"NODE|8.8","isDeprecated":true,"remoteDebuggingSupported":false,"appInsightsSettings":{"isSupported":true,"isDefaultOff":true},"gitHubActionSettings":{"isSupported":true},"endOfLifeDate":"2019-12-31T00:00:00Z"}}},{"displayText":"Node
        8.5","value":"8.5","stackSettings":{"windowsRuntimeSettings":{"runtimeVersion":"8.5","isDeprecated":true,"remoteDebuggingSupported":false,"appInsightsSettings":{"isSupported":false,"isDefaultOff":true},"gitHubActionSettings":{"isSupported":false},"endOfLifeDate":"2019-12-31T00:00:00Z"}}},{"displayText":"Node
        8.4","value":"8.4","stackSettings":{"windowsRuntimeSettings":{"runtimeVersion":"8.4","isDeprecated":true,"remoteDebuggingSupported":false,"appInsightsSettings":{"isSupported":false,"isDefaultOff":true},"gitHubActionSettings":{"isSupported":false},"endOfLifeDate":"2019-12-31T00:00:00Z"}}},{"displayText":"Node
        8.2","value":"8.2","stackSettings":{"linuxRuntimeSettings":{"runtimeVersion":"NODE|8.2","isDeprecated":true,"remoteDebuggingSupported":false,"appInsightsSettings":{"isSupported":true,"isDefaultOff":true},"gitHubActionSettings":{"isSupported":true},"endOfLifeDate":"2019-12-31T00:00:00Z"}}},{"displayText":"Node
        8.1","value":"8.1","stackSettings":{"linuxRuntimeSettings":{"runtimeVersion":"NODE|8.1","isDeprecated":true,"remoteDebuggingSupported":false,"appInsightsSettings":{"isSupported":true,"isDefaultOff":true},"gitHubActionSettings":{"isSupported":true},"endOfLifeDate":"2019-12-31T00:00:00Z"},"windowsRuntimeSettings":{"runtimeVersion":"8.1.4","isDeprecated":true,"remoteDebuggingSupported":false,"appInsightsSettings":{"isSupported":true,"isDefaultOff":true},"gitHubActionSettings":{"isSupported":true},"endOfLifeDate":"2019-12-31T00:00:00Z"}}},{"displayText":"Node
        8.0","value":"8.0","stackSettings":{"linuxRuntimeSettings":{"runtimeVersion":"NODE|8.0","isDeprecated":true,"remoteDebuggingSupported":false,"appInsightsSettings":{"isSupported":true,"isDefaultOff":true},"gitHubActionSettings":{"isSupported":true},"endOfLifeDate":"2019-12-31T00:00:00Z"}}}]},{"displayText":"Node
        7","value":"7","minorVersions":[{"displayText":"Node 7.10","value":"7.10","stackSettings":{"windowsRuntimeSettings":{"runtimeVersion":"7.10.1","isDeprecated":true,"remoteDebuggingSupported":false,"appInsightsSettings":{"isSupported":false,"isDefaultOff":true},"gitHubActionSettings":{"isSupported":false},"endOfLifeDate":"2017-06-30T00:00:00Z"}}}]},{"displayText":"Node
        6","value":"6","minorVersions":[{"displayText":"Node 6 LTS","value":"6-LTS","stackSettings":{"linuxRuntimeSettings":{"runtimeVersion":"NODE|6-lts","isDeprecated":true,"remoteDebuggingSupported":false,"appInsightsSettings":{"isSupported":true,"isDefaultOff":true},"gitHubActionSettings":{"isSupported":true},"endOfLifeDate":"2019-04-30T00:00:00Z"}}},{"displayText":"Node
        6.12","value":"6.12","stackSettings":{"windowsRuntimeSettings":{"runtimeVersion":"6.12","isDeprecated":true,"remoteDebuggingSupported":false,"appInsightsSettings":{"isSupported":true,"isDefaultOff":true},"gitHubActionSettings":{"isSupported":false},"endOfLifeDate":"2019-04-30T00:00:00Z"}}},{"displayText":"Node
        6.11","value":"6.11","stackSettings":{"linuxRuntimeSettings":{"runtimeVersion":"NODE|6.11","isDeprecated":true,"remoteDebuggingSupported":false,"appInsightsSettings":{"isSupported":true,"isDefaultOff":true},"gitHubActionSettings":{"isSupported":true},"endOfLifeDate":"2019-04-30T00:00:00Z"}}},{"displayText":"Node
        6.10","value":"6.10","stackSettings":{"linuxRuntimeSettings":{"runtimeVersion":"NODE|6.10","isDeprecated":true,"remoteDebuggingSupported":false,"appInsightsSettings":{"isSupported":true,"isDefaultOff":true},"gitHubActionSettings":{"isSupported":true},"endOfLifeDate":"2019-04-30T00:00:00Z"}}},{"displayText":"Node
        6.9","value":"6.9","stackSettings":{"linuxRuntimeSettings":{"runtimeVersion":"NODE|6.9","isDeprecated":true,"remoteDebuggingSupported":false,"appInsightsSettings":{"isSupported":true,"isDefaultOff":true},"gitHubActionSettings":{"isSupported":true},"endOfLifeDate":"2019-04-30T00:00:00Z"},"windowsRuntimeSettings":{"runtimeVersion":"6.9.5","isDeprecated":true,"remoteDebuggingSupported":false,"appInsightsSettings":{"isSupported":true,"isDefaultOff":true},"gitHubActionSettings":{"isSupported":true},"endOfLifeDate":"2019-04-30T00:00:00Z"}}},{"displayText":"Node
        6.6","value":"6.6","stackSettings":{"linuxRuntimeSettings":{"runtimeVersion":"NODE|6.6","isDeprecated":true,"remoteDebuggingSupported":false,"appInsightsSettings":{"isSupported":true,"isDefaultOff":true},"gitHubActionSettings":{"isSupported":true},"endOfLifeDate":"2019-04-30T00:00:00Z"}}},{"displayText":"Node
        6.5","value":"6.5","stackSettings":{"windowsRuntimeSettings":{"runtimeVersion":"6.5.0","isDeprecated":true,"remoteDebuggingSupported":false,"appInsightsSettings":{"isSupported":true,"isDefaultOff":true},"gitHubActionSettings":{"isSupported":false},"endOfLifeDate":"2019-04-30T00:00:00Z"}}},{"displayText":"Node
        6.2","value":"6.2","stackSettings":{"linuxRuntimeSettings":{"runtimeVersion":"NODE|6.2","isDeprecated":true,"remoteDebuggingSupported":false,"appInsightsSettings":{"isSupported":true,"isDefaultOff":true},"gitHubActionSettings":{"isSupported":true},"endOfLifeDate":"2019-04-30T00:00:00Z"}}}]},{"displayText":"Node
        4","value":"4","minorVersions":[{"displayText":"Node 4.8","value":"4.8","stackSettings":{"linuxRuntimeSettings":{"runtimeVersion":"NODE|4.8","isDeprecated":true,"remoteDebuggingSupported":false,"appInsightsSettings":{"isSupported":true,"isDefaultOff":true},"gitHubActionSettings":{"isSupported":true},"endOfLifeDate":"2018-04-30T00:00:00Z"},"windowsRuntimeSettings":{"runtimeVersion":"4.8","isDeprecated":true,"remoteDebuggingSupported":false,"appInsightsSettings":{"isSupported":true,"isDefaultOff":true},"gitHubActionSettings":{"isSupported":false},"endOfLifeDate":"2018-04-30T00:00:00Z"}}},{"displayText":"Node
        4.5","value":"4.5","stackSettings":{"linuxRuntimeSettings":{"runtimeVersion":"NODE|4.5","isDeprecated":true,"remoteDebuggingSupported":false,"appInsightsSettings":{"isSupported":true,"isDefaultOff":true},"gitHubActionSettings":{"isSupported":true},"endOfLifeDate":"2018-04-30T00:00:00Z"}}},{"displayText":"Node
        4.4","value":"4.4","stackSettings":{"linuxRuntimeSettings":{"runtimeVersion":"NODE|4.4","isDeprecated":true,"remoteDebuggingSupported":false,"appInsightsSettings":{"isSupported":true,"isDefaultOff":true},"gitHubActionSettings":{"isSupported":true},"endOfLifeDate":"2018-04-30T00:00:00Z"}}}]}]}},{"id":null,"name":"python","type":"Microsoft.Web/webAppStacks?stackOsType=All","properties":{"displayText":"Python","value":"python","preferredOs":"linux","majorVersions":[{"displayText":"Python
        3","value":"3","minorVersions":[{"displayText":"Python 3.13","value":"3.13","stackSettings":{"linuxRuntimeSettings":{"runtimeVersion":"PYTHON|3.13","remoteDebuggingSupported":false,"appInsightsSettings":{"isSupported":true,"isDefaultOff":true},"gitHubActionSettings":{"isSupported":true,"supportedVersion":"3.13"},"supportedFeatures":{"disableSsh":true},"endOfLifeDate":"2029-10-31T00:00:00Z"}}},{"displayText":"Python
        3.12","value":"3.12","stackSettings":{"linuxRuntimeSettings":{"runtimeVersion":"PYTHON|3.12","remoteDebuggingSupported":false,"appInsightsSettings":{"isSupported":true,"isDefaultOff":true},"gitHubActionSettings":{"isSupported":true,"supportedVersion":"3.12"},"supportedFeatures":{"disableSsh":true},"endOfLifeDate":"2028-10-31T00:00:00Z"}}},{"displayText":"Python
        3.11","value":"3.11","stackSettings":{"linuxRuntimeSettings":{"runtimeVersion":"PYTHON|3.11","remoteDebuggingSupported":false,"appInsightsSettings":{"isSupported":true,"isDefaultOff":true},"gitHubActionSettings":{"isSupported":true,"supportedVersion":"3.11"},"supportedFeatures":{"disableSsh":true},"endOfLifeDate":"2027-10-31T00:00:00Z","isHidden":false}}},{"displayText":"Python
        3.10","value":"3.10","stackSettings":{"linuxRuntimeSettings":{"runtimeVersion":"PYTHON|3.10","remoteDebuggingSupported":false,"appInsightsSettings":{"isSupported":true,"isDefaultOff":true},"gitHubActionSettings":{"isSupported":true,"supportedVersion":"3.10"},"supportedFeatures":{"disableSsh":true},"endOfLifeDate":"2026-10-31T00:00:00Z","isHidden":false,"isEarlyAccess":false}}},{"displayText":"Python
        3.9","value":"3.9","stackSettings":{"linuxRuntimeSettings":{"runtimeVersion":"PYTHON|3.9","remoteDebuggingSupported":false,"appInsightsSettings":{"isSupported":true,"isDefaultOff":true},"gitHubActionSettings":{"isSupported":true,"supportedVersion":"3.9"},"supportedFeatures":{"disableSsh":true},"endOfLifeDate":"2025-10-31T00:00:00Z","isHidden":false}}},{"displayText":"Python
        3.8","value":"3.8","stackSettings":{"linuxRuntimeSettings":{"runtimeVersion":"PYTHON|3.8","isDeprecated":true,"remoteDebuggingSupported":false,"appInsightsSettings":{"isSupported":true,"isDefaultOff":true},"gitHubActionSettings":{"isSupported":true,"supportedVersion":"3.8"},"supportedFeatures":{"disableSsh":true},"endOfLifeDate":"2024-10-07T00:00:00Z"}}},{"displayText":"Python
        3.7","value":"3.7","stackSettings":{"linuxRuntimeSettings":{"runtimeVersion":"PYTHON|3.7","remoteDebuggingSupported":false,"isDeprecated":true,"appInsightsSettings":{"isSupported":false},"gitHubActionSettings":{"isSupported":true,"supportedVersion":"3.7"},"supportedFeatures":{"disableSsh":true},"endOfLifeDate":"2023-06-27T00:00:00Z"}}},{"displayText":"Python
        3.6","value":"3.6","stackSettings":{"linuxRuntimeSettings":{"runtimeVersion":"PYTHON|3.6","isDeprecated":true,"remoteDebuggingSupported":false,"appInsightsSettings":{"isSupported":false},"gitHubActionSettings":{"isSupported":true,"supportedVersion":"3.6"},"endOfLifeDate":"2021-12-23T00:00:00Z"},"windowsRuntimeSettings":{"runtimeVersion":"3.4.0","isDeprecated":true,"remoteDebuggingSupported":false,"appInsightsSettings":{"isSupported":true},"gitHubActionSettings":{"isSupported":true,"supportedVersion":"3.6"}}}}]},{"displayText":"Python
        2","value":"2","minorVersions":[{"displayText":"Python 2.7","value":"2.7","stackSettings":{"linuxRuntimeSettings":{"runtimeVersion":"PYTHON|2.7","isDeprecated":true,"remoteDebuggingSupported":false,"appInsightsSettings":{"isSupported":false},"gitHubActionSettings":{"isSupported":true,"supportedVersion":"2.7"},"endOfLifeDate":"2020-02-01T00:00:00Z"},"windowsRuntimeSettings":{"runtimeVersion":"2.7.3","isDeprecated":true,"remoteDebuggingSupported":false,"appInsightsSettings":{"isSupported":false},"gitHubActionSettings":{"isSupported":true,"supportedVersion":"2.7"},"endOfLifeDate":"2020-02-01T00:00:00Z"}}}]}]}},{"id":null,"name":"php","type":"Microsoft.Web/webAppStacks?stackOsType=All","properties":{"displayText":"PHP","value":"php","preferredOs":"linux","majorVersions":[{"displayText":"PHP
        8","value":"8","minorVersions":[{"displayText":"PHP 8.4","value":"8.4","stackSettings":{"linuxRuntimeSettings":{"runtimeVersion":"PHP|8.4","remoteDebuggingSupported":false,"appInsightsSettings":{"isSupported":false},"gitHubActionSettings":{"isSupported":true,"supportedVersion":"8.4"},"supportedFeatures":{"disableSsh":true},"endOfLifeDate":"2028-12-31T00:00:00Z"}}},{"displayText":"PHP
        8.3","value":"8.3","stackSettings":{"linuxRuntimeSettings":{"runtimeVersion":"PHP|8.3","remoteDebuggingSupported":false,"appInsightsSettings":{"isSupported":false},"gitHubActionSettings":{"isSupported":true,"supportedVersion":"8.3"},"supportedFeatures":{"disableSsh":true},"endOfLifeDate":"2027-12-31T00:00:00Z"}}},{"displayText":"PHP
        8.2","value":"8.2","stackSettings":{"linuxRuntimeSettings":{"runtimeVersion":"PHP|8.2","remoteDebuggingSupported":false,"appInsightsSettings":{"isSupported":false},"gitHubActionSettings":{"isSupported":true,"supportedVersion":"8.2"},"supportedFeatures":{"disableSsh":true},"endOfLifeDate":"2026-12-31T00:00:00Z"}}},{"displayText":"PHP
        8.1","value":"8.1","stackSettings":{"linuxRuntimeSettings":{"runtimeVersion":"PHP|8.1","isHidden":false,"remoteDebuggingSupported":false,"appInsightsSettings":{"isSupported":false},"gitHubActionSettings":{"isSupported":true,"supportedVersion":"8.1"},"supportedFeatures":{"disableSsh":true},"endOfLifeDate":"2025-12-31T00:00:00Z"}}},{"displayText":"PHP
        8.0","value":"8.0","stackSettings":{"linuxRuntimeSettings":{"runtimeVersion":"PHP|8.0","isDeprecated":true,"isHidden":false,"remoteDebuggingSupported":false,"appInsightsSettings":{"isSupported":false},"gitHubActionSettings":{"isSupported":true,"supportedVersion":"8.0"},"supportedFeatures":{"disableSsh":true},"endOfLifeDate":"2023-11-26T00:00:00Z"}}}]},{"displayText":"PHP
        7","value":"7","minorVersions":[{"displayText":"PHP 7.4","value":"7.4","stackSettings":{"windowsRuntimeSettings":{"runtimeVersion":"7.4","remoteDebuggingSupported":false,"appInsightsSettings":{"isSupported":false},"gitHubActionSettings":{"isSupported":true,"supportedVersion":"7.4","notSupportedInCreates":true},"isDeprecated":true,"endOfLifeDate":"2022-11-30T00:00:00Z"},"linuxRuntimeSettings":{"runtimeVersion":"PHP|7.4","remoteDebuggingSupported":false,"appInsightsSettings":{"isSupported":false},"gitHubActionSettings":{"isSupported":true,"supportedVersion":"7.4","notSupportedInCreates":true},"isDeprecated":true,"endOfLifeDate":"2022-11-30T00:00:00Z"}}},{"displayText":"PHP
        7.3","value":"7.3","stackSettings":{"linuxRuntimeSettings":{"runtimeVersion":"PHP|7.3","isDeprecated":true,"remoteDebuggingSupported":false,"appInsightsSettings":{"isSupported":false},"gitHubActionSettings":{"isSupported":true,"supportedVersion":"7.3","notSupportedInCreates":true},"endOfLifeDate":"2021-12-06T00:00:00Z"},"windowsRuntimeSettings":{"runtimeVersion":"7.3","isDeprecated":true,"remoteDebuggingSupported":false,"appInsightsSettings":{"isSupported":false},"gitHubActionSettings":{"isSupported":true,"supportedVersion":"7.3","notSupportedInCreates":true},"endOfLifeDate":"2021-12-06T00:00:00Z"}}},{"displayText":"PHP
        7.2","value":"7.2","stackSettings":{"linuxRuntimeSettings":{"runtimeVersion":"PHP|7.2","isDeprecated":true,"remoteDebuggingSupported":false,"appInsightsSettings":{"isSupported":false},"gitHubActionSettings":{"isSupported":false},"endOfLifeDate":"2020-11-30T00:00:00Z"},"windowsRuntimeSettings":{"runtimeVersion":"7.2","isDeprecated":true,"remoteDebuggingSupported":false,"appInsightsSettings":{"isSupported":false},"gitHubActionSettings":{"isSupported":true},"endOfLifeDate":"2020-11-30T00:00:00Z"}}},{"displayText":"PHP
        7.1","value":"7.1","stackSettings":{"windowsRuntimeSettings":{"runtimeVersion":"7.1","isDeprecated":true,"remoteDebuggingSupported":false,"appInsightsSettings":{"isSupported":false},"gitHubActionSettings":{"isSupported":false},"endOfLifeDate":"2020-02-01T00:00:00Z"}}},{"displayText":"7.0","value":"7.0","stackSettings":{"linuxRuntimeSettings":{"runtimeVersion":"PHP|7.0","isDeprecated":true,"remoteDebuggingSupported":false,"appInsightsSettings":{"isSupported":false},"gitHubActionSettings":{"isSupported":false},"endOfLifeDate":"2020-02-01T00:00:00Z"},"windowsRuntimeSettings":{"runtimeVersion":"7.0","isDeprecated":true,"remoteDebuggingSupported":false,"appInsightsSettings":{"isSupported":false},"gitHubActionSettings":{"isSupported":false},"endOfLifeDate":"2020-02-01T00:00:00Z"}}}]},{"displayText":"PHP
        5","value":"5","minorVersions":[{"displayText":"PHP 5.6","value":"5.6","stackSettings":{"linuxRuntimeSettings":{"runtimeVersion":"PHP|5.6","isDeprecated":true,"remoteDebuggingSupported":false,"appInsightsSettings":{"isSupported":false},"gitHubActionSettings":{"isSupported":false},"endOfLifeDate":"2021-02-01T00:00:00Z"},"windowsRuntimeSettings":{"runtimeVersion":"5.6","isDeprecated":true,"remoteDebuggingSupported":false,"appInsightsSettings":{"isSupported":false},"gitHubActionSettings":{"isSupported":false},"endOfLifeDate":"2021-02-01T00:00:00Z"}}}]}]}},{"id":null,"name":"ruby","type":"Microsoft.Web/webAppStacks?stackOsType=All","properties":{"displayText":"Ruby","value":"ruby","preferredOs":"linux","majorVersions":[{"displayText":"Ruby
        2","value":"2","minorVersions":[{"displayText":"Ruby 2.7","value":"2.7","stackSettings":{"linuxRuntimeSettings":{"runtimeVersion":"RUBY|2.7","isDeprecated":true,"remoteDebuggingSupported":false,"appInsightsSettings":{"isSupported":false},"gitHubActionSettings":{"isSupported":false},"endOfLifeDate":"2023-03-31T00:00:00Z"}}},{"displayText":"Ruby
        2.7.3","value":"2.7.3","stackSettings":{"linuxRuntimeSettings":{"runtimeVersion":"RUBY|2.7.3","isDeprecated":true,"remoteDebuggingSupported":false,"appInsightsSettings":{"isSupported":false},"gitHubActionSettings":{"isSupported":false},"isHidden":true,"endOfLifeDate":"2023-03-31T00:00:00Z"}}},{"displayText":"Ruby
        2.6","value":"2.6","stackSettings":{"linuxRuntimeSettings":{"runtimeVersion":"RUBY|2.6","isDeprecated":true,"remoteDebuggingSupported":false,"appInsightsSettings":{"isSupported":false},"gitHubActionSettings":{"isSupported":false},"endOfLifeDate":"2022-03-31T00:00:00Z"}}},{"displayText":"Ruby
        2.6.2","value":"2.6.2","stackSettings":{"linuxRuntimeSettings":{"runtimeVersion":"RUBY|2.6.2","isDeprecated":true,"remoteDebuggingSupported":false,"appInsightsSettings":{"isSupported":false},"gitHubActionSettings":{"isSupported":false},"endOfLifeDate":"2022-03-31T00:00:00Z"}}},{"displayText":"Ruby
        2.5","value":"2.5","stackSettings":{"linuxRuntimeSettings":{"runtimeVersion":"RUBY|2.5","isDeprecated":true,"remoteDebuggingSupported":false,"appInsightsSettings":{"isSupported":false},"gitHubActionSettings":{"isSupported":false},"endOfLifeDate":"2021-03-31T00:00:00Z"}}},{"displayText":"Ruby
        2.5.5","value":"2.5.5","stackSettings":{"linuxRuntimeSettings":{"runtimeVersion":"RUBY|2.5.5","isDeprecated":true,"remoteDebuggingSupported":false,"appInsightsSettings":{"isSupported":false},"gitHubActionSettings":{"isSupported":false},"endOfLifeDate":"2021-03-31T00:00:00Z"}}},{"displayText":"Ruby
        2.4","value":"2.4","stackSettings":{"linuxRuntimeSettings":{"runtimeVersion":"RUBY|2.4","isDeprecated":true,"remoteDebuggingSupported":false,"appInsightsSettings":{"isSupported":false},"gitHubActionSettings":{"isSupported":false},"endOfLifeDate":"2020-04-01T00:00:00Z"}}},{"displayText":"Ruby
        2.4.5","value":"2.4.5","stackSettings":{"linuxRuntimeSettings":{"runtimeVersion":"RUBY|2.4.5","isDeprecated":true,"remoteDebuggingSupported":false,"appInsightsSettings":{"isSupported":false},"gitHubActionSettings":{"isSupported":false},"endOfLifeDate":"2020-04-01T00:00:00Z"}}},{"displayText":"Ruby
        2.3","value":"2.3","stackSettings":{"linuxRuntimeSettings":{"runtimeVersion":"RUBY|2.3","isDeprecated":true,"remoteDebuggingSupported":false,"appInsightsSettings":{"isSupported":false},"gitHubActionSettings":{"isSupported":false},"endOfLifeDate":"2019-03-31T00:00:00Z"}}},{"displayText":"Ruby
        2.3.8","value":"2.3.8","stackSettings":{"linuxRuntimeSettings":{"runtimeVersion":"RUBY|2.3.8","isDeprecated":true,"remoteDebuggingSupported":false,"appInsightsSettings":{"isSupported":false},"gitHubActionSettings":{"isSupported":false},"endOfLifeDate":"2019-03-31T00:00:00Z"}}},{"displayText":"Ruby
        2.3.3","value":"2.3.3","stackSettings":{"linuxRuntimeSettings":{"runtimeVersion":"RUBY|2.3.3","remoteDebuggingSupported":false,"isDeprecated":true,"appInsightsSettings":{"isSupported":false},"gitHubActionSettings":{"isSupported":false},"endOfLifeDate":"2019-03-31T00:00:00Z"}}}]}]}},{"id":null,"name":"java","type":"Microsoft.Web/webAppStacks?stackOsType=All","properties":{"displayText":"Java","value":"java","preferredOs":"linux","majorVersions":[{"displayText":"Java
        21","value":"21","minorVersions":[{"displayText":"Java 21","value":"21.0","stackSettings":{"linuxRuntimeSettings":{"runtimeVersion":"","isAutoUpdate":true,"remoteDebuggingSupported":false,"appInsightsSettings":{"isSupported":true,"isDefaultOff":false},"gitHubActionSettings":{"isSupported":true,"supportedVersion":"21"},"endOfLifeDate":"2028-09-01T00:00:00Z"},"windowsRuntimeSettings":{"runtimeVersion":"21","isAutoUpdate":true,"remoteDebuggingSupported":false,"appInsightsSettings":{"isSupported":true,"isDefaultOff":false},"gitHubActionSettings":{"isSupported":true,"supportedVersion":"21"},"endOfLifeDate":"2028-09-01T00:00:00Z"}}},{"displayText":"Java
        21.0.5","value":"21.0.5","stackSettings":{"linuxRuntimeSettings":{"runtimeVersion":"","remoteDebuggingSupported":false,"appInsightsSettings":{"isSupported":true,"isDefaultOff":false},"gitHubActionSettings":{"isSupported":true,"supportedVersion":"21"},"endOfLifeDate":"2028-09-01T00:00:00Z"},"windowsRuntimeSettings":{"runtimeVersion":"21.0.5","remoteDebuggingSupported":false,"appInsightsSettings":{"isSupported":true,"isDefaultOff":false},"gitHubActionSettings":{"isSupported":true,"supportedVersion":"21"},"endOfLifeDate":"2028-09-01T00:00:00Z"}}},{"displayText":"Java
        21.0.4","value":"21.0.4","stackSettings":{"linuxRuntimeSettings":{"runtimeVersion":"","remoteDebuggingSupported":false,"appInsightsSettings":{"isSupported":true,"isDefaultOff":false},"gitHubActionSettings":{"isSupported":true,"supportedVersion":"21"},"endOfLifeDate":"2028-09-01T00:00:00Z"},"windowsRuntimeSettings":{"runtimeVersion":"21.0.4","remoteDebuggingSupported":false,"appInsightsSettings":{"isSupported":true,"isDefaultOff":false},"gitHubActionSettings":{"isSupported":true,"supportedVersion":"21"},"endOfLifeDate":"2028-09-01T00:00:00Z"}}},{"displayText":"Java
        21.0.3","value":"21.0.3","stackSettings":{"linuxRuntimeSettings":{"runtimeVersion":"","remoteDebuggingSupported":false,"appInsightsSettings":{"isSupported":true,"isDefaultOff":false},"gitHubActionSettings":{"isSupported":true,"supportedVersion":"21"},"endOfLifeDate":"2028-09-01T00:00:00Z"},"windowsRuntimeSettings":{"runtimeVersion":"21.0.3","remoteDebuggingSupported":false,"appInsightsSettings":{"isSupported":true,"isDefaultOff":false},"gitHubActionSettings":{"isSupported":true,"supportedVersion":"21"},"endOfLifeDate":"2028-09-01T00:00:00Z"}}},{"displayText":"Java
        21.0.1","value":"21.0.1","stackSettings":{"linuxRuntimeSettings":{"runtimeVersion":"","remoteDebuggingSupported":false,"appInsightsSettings":{"isSupported":true,"isDefaultOff":false},"gitHubActionSettings":{"isSupported":true,"supportedVersion":"21"},"endOfLifeDate":"2028-09-01T00:00:00Z"},"windowsRuntimeSettings":{"runtimeVersion":"21.0.1","remoteDebuggingSupported":false,"appInsightsSettings":{"isSupported":true,"isDefaultOff":false},"gitHubActionSettings":{"isSupported":true,"supportedVersion":"21"},"endOfLifeDate":"2028-09-01T00:00:00Z"}}}]},{"displayText":"Java
        17","value":"17","minorVersions":[{"displayText":"Java 17","value":"17.0","stackSettings":{"linuxRuntimeSettings":{"runtimeVersion":"","isAutoUpdate":true,"remoteDebuggingSupported":false,"appInsightsSettings":{"isSupported":true,"isDefaultOff":false},"gitHubActionSettings":{"isSupported":true,"supportedVersion":"17"},"endOfLifeDate":"2027-09-01T00:00:00Z"},"windowsRuntimeSettings":{"runtimeVersion":"17","isAutoUpdate":true,"remoteDebuggingSupported":false,"appInsightsSettings":{"isSupported":true,"isDefaultOff":false},"gitHubActionSettings":{"isSupported":true,"supportedVersion":"17"},"endOfLifeDate":"2027-09-01T00:00:00Z"}}},{"displayText":"Java
        17.0.13","value":"17.0.13","stackSettings":{"linuxRuntimeSettings":{"runtimeVersion":"","remoteDebuggingSupported":false,"appInsightsSettings":{"isSupported":true,"isDefaultOff":false},"gitHubActionSettings":{"isSupported":true,"supportedVersion":"17"},"endOfLifeDate":"2027-09-01T00:00:00Z"},"windowsRuntimeSettings":{"runtimeVersion":"17.0.13","remoteDebuggingSupported":false,"appInsightsSettings":{"isSupported":true,"isDefaultOff":false},"gitHubActionSettings":{"isSupported":true,"supportedVersion":"17"},"endOfLifeDate":"2027-09-01T00:00:00Z"}}},{"displayText":"Java
        17.0.12","value":"17.0.12","stackSettings":{"linuxRuntimeSettings":{"runtimeVersion":"","remoteDebuggingSupported":false,"appInsightsSettings":{"isSupported":true,"isDefaultOff":false},"gitHubActionSettings":{"isSupported":true,"supportedVersion":"17"},"endOfLifeDate":"2027-09-01T00:00:00Z"},"windowsRuntimeSettings":{"runtimeVersion":"17.0.12","remoteDebuggingSupported":false,"appInsightsSettings":{"isSupported":true,"isDefaultOff":false},"gitHubActionSettings":{"isSupported":true,"supportedVersion":"17"},"endOfLifeDate":"2027-09-01T00:00:00Z"}}},{"displayText":"Java
        17.0.11","value":"17.0.11","stackSettings":{"linuxRuntimeSettings":{"runtimeVersion":"","remoteDebuggingSupported":false,"appInsightsSettings":{"isSupported":true,"isDefaultOff":false},"gitHubActionSettings":{"isSupported":true,"supportedVersion":"17"},"endOfLifeDate":"2027-09-01T00:00:00Z"},"windowsRuntimeSettings":{"runtimeVersion":"17.0.11","remoteDebuggingSupported":false,"appInsightsSettings":{"isSupported":true,"isDefaultOff":false},"gitHubActionSettings":{"isSupported":true,"supportedVersion":"17"},"endOfLifeDate":"2027-09-01T00:00:00Z"}}},{"displayText":"Java
        17.0.9","value":"17.0.9","stackSettings":{"linuxRuntimeSettings":{"runtimeVersion":"","remoteDebuggingSupported":false,"appInsightsSettings":{"isSupported":true,"isDefaultOff":false},"gitHubActionSettings":{"isSupported":true,"supportedVersion":"17"},"endOfLifeDate":"2027-09-01T00:00:00Z"},"windowsRuntimeSettings":{"runtimeVersion":"17.0.9","remoteDebuggingSupported":false,"appInsightsSettings":{"isSupported":true,"isDefaultOff":false},"gitHubActionSettings":{"isSupported":true,"supportedVersion":"17"},"endOfLifeDate":"2027-09-01T00:00:00Z"}}},{"displayText":"Java
        17.0.4","value":"17.0.4","stackSettings":{"linuxRuntimeSettings":{"runtimeVersion":"","remoteDebuggingSupported":false,"appInsightsSettings":{"isSupported":true,"isDefaultOff":false},"gitHubActionSettings":{"isSupported":true,"supportedVersion":"17"},"endOfLifeDate":"2027-09-01T00:00:00Z"},"windowsRuntimeSettings":{"runtimeVersion":"17.0.4","remoteDebuggingSupported":false,"appInsightsSettings":{"isSupported":true,"isDefaultOff":false},"gitHubActionSettings":{"isSupported":true,"supportedVersion":"17"},"endOfLifeDate":"2027-09-01T00:00:00Z"}}},{"displayText":"Java
        17.0.3","value":"17.0.3","stackSettings":{"linuxRuntimeSettings":{"runtimeVersion":"","remoteDebuggingSupported":false,"appInsightsSettings":{"isSupported":true,"isDefaultOff":false},"gitHubActionSettings":{"isSupported":true,"supportedVersion":"17"},"endOfLifeDate":"2027-09-01T00:00:00Z"},"windowsRuntimeSettings":{"runtimeVersion":"17.0.3","remoteDebuggingSupported":false,"appInsightsSettings":{"isSupported":true,"isDefaultOff":false},"gitHubActionSettings":{"isSupported":true,"supportedVersion":"17"},"endOfLifeDate":"2027-09-01T00:00:00Z"}}},{"displayText":"Java
        17.0.2","value":"17.0.2","stackSettings":{"linuxRuntimeSettings":{"runtimeVersion":"","remoteDebuggingSupported":false,"appInsightsSettings":{"isSupported":true,"isDefaultOff":false},"gitHubActionSettings":{"isSupported":true,"supportedVersion":"17"},"endOfLifeDate":"2027-09-01T00:00:00Z"},"windowsRuntimeSettings":{"runtimeVersion":"17.0.2","remoteDebuggingSupported":false,"appInsightsSettings":{"isSupported":true,"isDefaultOff":false},"gitHubActionSettings":{"isSupported":true,"supportedVersion":"17"},"endOfLifeDate":"2027-09-01T00:00:00Z"}}},{"displayText":"Java
        17.0.1","value":"17.0.1","stackSettings":{"linuxRuntimeSettings":{"runtimeVersion":"","remoteDebuggingSupported":false,"appInsightsSettings":{"isSupported":true,"isDefaultOff":false},"gitHubActionSettings":{"isSupported":true,"supportedVersion":"17"},"endOfLifeDate":"2027-09-01T00:00:00Z"},"windowsRuntimeSettings":{"runtimeVersion":"17.0.1","remoteDebuggingSupported":false,"appInsightsSettings":{"isSupported":true,"isDefaultOff":false},"gitHubActionSettings":{"isSupported":true,"supportedVersion":"17"},"endOfLifeDate":"2027-09-01T00:00:00Z"}}}]},{"displayText":"Java
        11","value":"11","minorVersions":[{"displayText":"Java 11","value":"11.0","stackSettings":{"linuxRuntimeSettings":{"runtimeVersion":"","isAutoUpdate":true,"remoteDebuggingSupported":false,"appInsightsSettings":{"isSupported":true,"isDefaultOff":false},"gitHubActionSettings":{"isSupported":true,"supportedVersion":"11"},"endOfLifeDate":"2027-09-01T00:00:00Z"},"windowsRuntimeSettings":{"runtimeVersion":"11","isAutoUpdate":true,"remoteDebuggingSupported":false,"appInsightsSettings":{"isSupported":true,"isDefaultOff":false},"gitHubActionSettings":{"isSupported":true,"supportedVersion":"11"},"endOfLifeDate":"2027-09-01T00:00:00Z"}}},{"displayText":"Java
        11.0.25","value":"11.0.21","stackSettings":{"linuxRuntimeSettings":{"runtimeVersion":"","remoteDebuggingSupported":false,"appInsightsSettings":{"isSupported":true,"isDefaultOff":false},"gitHubActionSettings":{"isSupported":true,"supportedVersion":"11"},"endOfLifeDate":"2027-09-01T00:00:00Z"},"windowsRuntimeSettings":{"runtimeVersion":"11.0.25","remoteDebuggingSupported":false,"appInsightsSettings":{"isSupported":true,"isDefaultOff":false},"gitHubActionSettings":{"isSupported":true,"supportedVersion":"11"},"endOfLifeDate":"2027-09-01T00:00:00Z"}}},{"displayText":"Java
        11.0.24","value":"11.0.21","stackSettings":{"linuxRuntimeSettings":{"runtimeVersion":"","remoteDebuggingSupported":false,"appInsightsSettings":{"isSupported":true,"isDefaultOff":false},"gitHubActionSettings":{"isSupported":true,"supportedVersion":"11"},"endOfLifeDate":"2027-09-01T00:00:00Z"},"windowsRuntimeSettings":{"runtimeVersion":"11.0.24","remoteDebuggingSupported":false,"appInsightsSettings":{"isSupported":true,"isDefaultOff":false},"gitHubActionSettings":{"isSupported":true,"supportedVersion":"11"},"endOfLifeDate":"2027-09-01T00:00:00Z"}}},{"displayText":"Java
        11.0.23","value":"11.0.21","stackSettings":{"linuxRuntimeSettings":{"runtimeVersion":"","remoteDebuggingSupported":false,"appInsightsSettings":{"isSupported":true,"isDefaultOff":false},"gitHubActionSettings":{"isSupported":true,"supportedVersion":"11"},"endOfLifeDate":"2027-09-01T00:00:00Z"},"windowsRuntimeSettings":{"runtimeVersion":"11.0.23","remoteDebuggingSupported":false,"appInsightsSettings":{"isSupported":true,"isDefaultOff":false},"gitHubActionSettings":{"isSupported":true,"supportedVersion":"11"},"endOfLifeDate":"2027-09-01T00:00:00Z"}}},{"displayText":"Java
        11.0.21","value":"11.0.21","stackSettings":{"linuxRuntimeSettings":{"runtimeVersion":"","remoteDebuggingSupported":false,"appInsightsSettings":{"isSupported":true,"isDefaultOff":false},"gitHubActionSettings":{"isSupported":true,"supportedVersion":"11"},"endOfLifeDate":"2027-09-01T00:00:00Z"},"windowsRuntimeSettings":{"runtimeVersion":"11.0.21","remoteDebuggingSupported":false,"appInsightsSettings":{"isSupported":true,"isDefaultOff":false},"gitHubActionSettings":{"isSupported":true,"supportedVersion":"11"},"endOfLifeDate":"2027-09-01T00:00:00Z"}}},{"displayText":"Java
        11.0.16","value":"11.0.16","stackSettings":{"linuxRuntimeSettings":{"runtimeVersion":"","remoteDebuggingSupported":false,"appInsightsSettings":{"isSupported":true,"isDefaultOff":false},"gitHubActionSettings":{"isSupported":true,"supportedVersion":"11"},"endOfLifeDate":"2027-09-01T00:00:00Z"},"windowsRuntimeSettings":{"runtimeVersion":"11.0.16","remoteDebuggingSupported":false,"appInsightsSettings":{"isSupported":true,"isDefaultOff":false},"gitHubActionSettings":{"isSupported":true,"supportedVersion":"11"},"endOfLifeDate":"2027-09-01T00:00:00Z"}}},{"displayText":"Java
        11.0.15","value":"11.0.15","stackSettings":{"linuxRuntimeSettings":{"runtimeVersion":"","remoteDebuggingSupported":false,"appInsightsSettings":{"isSupported":true,"isDefaultOff":false},"gitHubActionSettings":{"isSupported":true,"supportedVersion":"11"},"endOfLifeDate":"2027-09-01T00:00:00Z"},"windowsRuntimeSettings":{"runtimeVersion":"11.0.15","remoteDebuggingSupported":false,"appInsightsSettings":{"isSupported":true,"isDefaultOff":false},"gitHubActionSettings":{"isSupported":true,"supportedVersion":"11"},"endOfLifeDate":"2027-09-01T00:00:00Z"}}},{"displayText":"Java
        11.0.14","value":"11.0.14","stackSettings":{"linuxRuntimeSettings":{"runtimeVersion":"","remoteDebuggingSupported":false,"appInsightsSettings":{"isSupported":true,"isDefaultOff":false},"gitHubActionSettings":{"isSupported":true,"supportedVersion":"11"},"endOfLifeDate":"2027-09-01T00:00:00Z"},"windowsRuntimeSettings":{"runtimeVersion":"11.0.14","remoteDebuggingSupported":false,"appInsightsSettings":{"isSupported":true,"isDefaultOff":false},"gitHubActionSettings":{"isSupported":true,"supportedVersion":"11"},"endOfLifeDate":"2027-09-01T00:00:00Z"}}},{"displayText":"Java
        11.0.13","value":"11.0.13","stackSettings":{"linuxRuntimeSettings":{"runtimeVersion":"","remoteDebuggingSupported":false,"appInsightsSettings":{"isSupported":true,"isDefaultOff":false},"gitHubActionSettings":{"isSupported":true,"supportedVersion":"11"},"endOfLifeDate":"2027-09-01T00:00:00Z"},"windowsRuntimeSettings":{"runtimeVersion":"11.0.13","remoteDebuggingSupported":false,"appInsightsSettings":{"isSupported":true,"isDefaultOff":false},"gitHubActionSettings":{"isSupported":true,"supportedVersion":"11"},"endOfLifeDate":"2027-09-01T00:00:00Z"}}},{"displayText":"Java
        11.0.12","value":"11.0.12","stackSettings":{"linuxRuntimeSettings":{"runtimeVersion":"","remoteDebuggingSupported":false,"appInsightsSettings":{"isSupported":true,"isDefaultOff":false},"gitHubActionSettings":{"isSupported":true,"supportedVersion":"11"},"endOfLifeDate":"2027-09-01T00:00:00Z"},"windowsRuntimeSettings":{"runtimeVersion":"11.0.12","remoteDebuggingSupported":false,"appInsightsSettings":{"isSupported":true,"isDefaultOff":false},"gitHubActionSettings":{"isSupported":true,"supportedVersion":"11"},"endOfLifeDate":"2027-09-01T00:00:00Z"}}},{"displayText":"Java
        11.0.11","value":"11.0.11","stackSettings":{"linuxRuntimeSettings":{"runtimeVersion":"","remoteDebuggingSupported":false,"appInsightsSettings":{"isSupported":true,"isDefaultOff":false},"gitHubActionSettings":{"isSupported":true,"supportedVersion":"11"},"endOfLifeDate":"2027-09-01T00:00:00Z"},"windowsRuntimeSettings":{"runtimeVersion":"11.0.11","remoteDebuggingSupported":false,"appInsightsSettings":{"isSupported":true,"isDefaultOff":false},"gitHubActionSettings":{"isSupported":true,"supportedVersion":"11"},"endOfLifeDate":"2027-09-01T00:00:00Z"}}},{"displayText":"Java
        11.0.9","value":"11.0.9","stackSettings":{"linuxRuntimeSettings":{"runtimeVersion":"","remoteDebuggingSupported":false,"appInsightsSettings":{"isSupported":true,"isDefaultOff":false},"gitHubActionSettings":{"isSupported":true,"supportedVersion":"11"},"endOfLifeDate":"2027-09-01T00:00:00Z"},"windowsRuntimeSettings":{"runtimeVersion":"11.0.9","remoteDebuggingSupported":false,"appInsightsSettings":{"isSupported":true,"isDefaultOff":false},"gitHubActionSettings":{"isSupported":true,"supportedVersion":"11"},"endOfLifeDate":"2027-09-01T00:00:00Z"}}},{"displayText":"Java
        11.0.8","value":"11.0.8","stackSettings":{"windowsRuntimeSettings":{"runtimeVersion":"11.0.8","remoteDebuggingSupported":false,"appInsightsSettings":{"isSupported":true,"isDefaultOff":false},"gitHubActionSettings":{"isSupported":true,"supportedVersion":"11"},"endOfLifeDate":"2027-09-01T00:00:00Z"}}},{"displayText":"Java
        11.0.7","value":"11.0.7","stackSettings":{"linuxRuntimeSettings":{"runtimeVersion":"","remoteDebuggingSupported":false,"appInsightsSettings":{"isSupported":true,"isDefaultOff":false},"gitHubActionSettings":{"isSupported":true,"supportedVersion":"11"},"endOfLifeDate":"2027-09-01T00:00:00Z"},"windowsRuntimeSettings":{"runtimeVersion":"11.0.7","remoteDebuggingSupported":false,"appInsightsSettings":{"isSupported":true,"isDefaultOff":false},"gitHubActionSettings":{"isSupported":true,"supportedVersion":"11"},"endOfLifeDate":"2027-09-01T00:00:00Z"}}},{"displayText":"Java
        11.0.6","value":"11.0.6","stackSettings":{"linuxRuntimeSettings":{"runtimeVersion":"","remoteDebuggingSupported":false,"appInsightsSettings":{"isSupported":true,"isDefaultOff":false},"gitHubActionSettings":{"isSupported":true,"supportedVersion":"11"},"endOfLifeDate":"2027-09-01T00:00:00Z"},"windowsRuntimeSettings":{"runtimeVersion":"11.0.6","remoteDebuggingSupported":false,"appInsightsSettings":{"isSupported":true,"isDefaultOff":false},"gitHubActionSettings":{"isSupported":true,"supportedVersion":"11"},"endOfLifeDate":"2027-09-01T00:00:00Z"}}},{"displayText":"Java
        11.0.5","value":"11.0.5","stackSettings":{"linuxRuntimeSettings":{"runtimeVersion":"","remoteDebuggingSupported":false,"appInsightsSettings":{"isSupported":true,"isDefaultOff":false},"gitHubActionSettings":{"isSupported":true,"supportedVersion":"11"},"endOfLifeDate":"2027-09-01T00:00:00Z"},"windowsRuntimeSettings":{"runtimeVersion":"11.0.5_ZULU","remoteDebuggingSupported":false,"appInsightsSettings":{"isSupported":true,"isDefaultOff":false},"gitHubActionSettings":{"isSupported":true,"supportedVersion":"11"},"endOfLifeDate":"2027-09-01T00:00:00Z"}}},{"displayText":"Java
        11.0.3","value":"11.0.3","stackSettings":{"windowsRuntimeSettings":{"runtimeVersion":"11.0.3_ZULU","remoteDebuggingSupported":false,"appInsightsSettings":{"isSupported":true,"isDefaultOff":false},"gitHubActionSettings":{"isSupported":true,"supportedVersion":"11"},"endOfLifeDate":"2027-09-01T00:00:00Z"}}},{"displayText":"Java
        11.0.2","value":"11.0.2","stackSettings":{"windowsRuntimeSettings":{"runtimeVersion":"11.0.2_ZULU","remoteDebuggingSupported":false,"appInsightsSettings":{"isSupported":true,"isDefaultOff":false},"gitHubActionSettings":{"isSupported":true,"supportedVersion":"11"},"endOfLifeDate":"2027-09-01T00:00:00Z"}}}]},{"displayText":"Java
        8","value":"8","minorVersions":[{"displayText":"Java 8","value":"8.0","stackSettings":{"linuxRuntimeSettings":{"runtimeVersion":"","isAutoUpdate":true,"remoteDebuggingSupported":false,"appInsightsSettings":{"isSupported":true,"isDefaultOff":false},"gitHubActionSettings":{"isSupported":true,"supportedVersion":"8"},"endOfLifeDate":"2026-11-30T00:00:00Z"},"windowsRuntimeSettings":{"runtimeVersion":"1.8","isAutoUpdate":true,"remoteDebuggingSupported":false,"appInsightsSettings":{"isSupported":true,"isDefaultOff":false},"gitHubActionSettings":{"isSupported":true,"supportedVersion":"8"},"endOfLifeDate":"2026-11-30T00:00:00Z"}}},{"displayText":"Java
        1.8.0_432","value":"8.0.432","stackSettings":{"windowsRuntimeSettings":{"runtimeVersion":"1.8.0_432","remoteDebuggingSupported":false,"appInsightsSettings":{"isSupported":true,"isDefaultOff":false},"gitHubActionSettings":{"isSupported":true,"supportedVersion":"8"},"endOfLifeDate":"2026-11-30T00:00:00Z"}}},{"displayText":"Java
        1.8.0_422","value":"8.0.422","stackSettings":{"windowsRuntimeSettings":{"runtimeVersion":"1.8.0_422","remoteDebuggingSupported":false,"appInsightsSettings":{"isSupported":true,"isDefaultOff":false},"gitHubActionSettings":{"isSupported":true,"supportedVersion":"8"},"endOfLifeDate":"2026-11-30T00:00:00Z"}}},{"displayText":"Java
        1.8.0_412","value":"8.0.412","stackSettings":{"windowsRuntimeSettings":{"runtimeVersion":"1.8.0_412","remoteDebuggingSupported":false,"appInsightsSettings":{"isSupported":true,"isDefaultOff":false},"gitHubActionSettings":{"isSupported":true,"supportedVersion":"8"},"endOfLifeDate":"2026-11-30T00:00:00Z"}}},{"displayText":"Java
        1.8.0_392","value":"8.0.392","stackSettings":{"windowsRuntimeSettings":{"runtimeVersion":"1.8.0_392","remoteDebuggingSupported":false,"appInsightsSettings":{"isSupported":true,"isDefaultOff":false},"gitHubActionSettings":{"isSupported":true,"supportedVersion":"8"},"endOfLifeDate":"2026-11-30T00:00:00Z"}}},{"displayText":"Java
        1.8.0_345","value":"8.0.345","stackSettings":{"windowsRuntimeSettings":{"runtimeVersion":"1.8.0_345","remoteDebuggingSupported":false,"appInsightsSettings":{"isSupported":true,"isDefaultOff":false},"gitHubActionSettings":{"isSupported":true,"supportedVersion":"8"},"endOfLifeDate":"2026-11-30T00:00:00Z"}}},{"displayText":"Java
        1.8.0_332","value":"8.0.332","stackSettings":{"windowsRuntimeSettings":{"runtimeVersion":"1.8.0_332","remoteDebuggingSupported":false,"appInsightsSettings":{"isSupported":true,"isDefaultOff":false},"gitHubActionSettings":{"isSupported":true,"supportedVersion":"8"},"endOfLifeDate":"2026-11-30T00:00:00Z"}}},{"displayText":"Java
        1.8.0_322","value":"8.0.322","stackSettings":{"windowsRuntimeSettings":{"runtimeVersion":"1.8.0_322","remoteDebuggingSupported":false,"appInsightsSettings":{"isSupported":true,"isDefaultOff":false},"gitHubActionSettings":{"isSupported":true,"supportedVersion":"8"},"endOfLifeDate":"2026-11-30T00:00:00Z"}}},{"displayText":"Java
        1.8.0_312","value":"8.0.312","stackSettings":{"windowsRuntimeSettings":{"runtimeVersion":"1.8.0_312","remoteDebuggingSupported":false,"appInsightsSettings":{"isSupported":true,"isDefaultOff":false},"gitHubActionSettings":{"isSupported":true,"supportedVersion":"8"},"endOfLifeDate":"2026-11-30T00:00:00Z"}}},{"displayText":"Java
        1.8.0_302","value":"8.0.302","stackSettings":{"windowsRuntimeSettings":{"runtimeVersion":"1.8.0_302","remoteDebuggingSupported":false,"appInsightsSettings":{"isSupported":true,"isDefaultOff":false},"gitHubActionSettings":{"isSupported":true,"supportedVersion":"8"},"endOfLifeDate":"2026-11-30T00:00:00Z"}}},{"displayText":"Java
        1.8.0_292","value":"8.0.292","stackSettings":{"windowsRuntimeSettings":{"runtimeVersion":"1.8.0_292","remoteDebuggingSupported":false,"appInsightsSettings":{"isSupported":true,"isDefaultOff":false},"gitHubActionSettings":{"isSupported":true,"supportedVersion":"8"},"endOfLifeDate":"2026-11-30T00:00:00Z"}}},{"displayText":"Java
        1.8.0_282","value":"8.0.282","stackSettings":{"windowsRuntimeSettings":{"runtimeVersion":"1.8.0_282","remoteDebuggingSupported":false,"appInsightsSettings":{"isSupported":true,"isDefaultOff":false},"gitHubActionSettings":{"isSupported":true,"supportedVersion":"8"},"endOfLifeDate":"2026-11-30T00:00:00Z"}}},{"displayText":"Java
        1.8.0_275","value":"8.0.275","stackSettings":{"linuxRuntimeSettings":{"runtimeVersion":"","remoteDebuggingSupported":false,"appInsightsSettings":{"isSupported":true,"isDefaultOff":false},"gitHubActionSettings":{"isSupported":true,"supportedVersion":"8"},"endOfLifeDate":"2026-11-30T00:00:00Z"}}},{"displayText":"Java
        1.8.0_265","value":"8.0.265","stackSettings":{"windowsRuntimeSettings":{"runtimeVersion":"1.8.0_265","remoteDebuggingSupported":false,"appInsightsSettings":{"isSupported":true,"isDefaultOff":false},"gitHubActionSettings":{"isSupported":true,"supportedVersion":"8"},"endOfLifeDate":"2026-11-30T00:00:00Z"}}},{"displayText":"Java
        1.8.0_252","value":"8.0.252","stackSettings":{"linuxRuntimeSettings":{"runtimeVersion":"","remoteDebuggingSupported":false,"appInsightsSettings":{"isSupported":true,"isDefaultOff":false},"gitHubActionSettings":{"isSupported":true,"supportedVersion":"8"},"endOfLifeDate":"2026-11-30T00:00:00Z"},"windowsRuntimeSettings":{"runtimeVersion":"1.8.0_252","remoteDebuggingSupported":false,"appInsightsSettings":{"isSupported":true,"isDefaultOff":false},"gitHubActionSettings":{"isSupported":true,"supportedVersion":"8"},"endOfLifeDate":"2026-11-30T00:00:00Z"}}},{"displayText":"Java
        1.8.0_242","value":"8.0.242","stackSettings":{"linuxRuntimeSettings":{"runtimeVersion":"","remoteDebuggingSupported":false,"appInsightsSettings":{"isSupported":true,"isDefaultOff":false},"gitHubActionSettings":{"isSupported":true,"supportedVersion":"8"},"endOfLifeDate":"2026-11-30T00:00:00Z"},"windowsRuntimeSettings":{"runtimeVersion":"1.8.0_242","remoteDebuggingSupported":false,"appInsightsSettings":{"isSupported":true,"isDefaultOff":false},"gitHubActionSettings":{"isSupported":true,"supportedVersion":"8"},"endOfLifeDate":"2026-11-30T00:00:00Z"}}},{"displayText":"Java
        1.8.0_232","value":"8.0.232","stackSettings":{"linuxRuntimeSettings":{"runtimeVersion":"","remoteDebuggingSupported":false,"appInsightsSettings":{"isSupported":true,"isDefaultOff":false},"gitHubActionSettings":{"isSupported":true,"supportedVersion":"8"},"endOfLifeDate":"2026-11-30T00:00:00Z"},"windowsRuntimeSettings":{"runtimeVersion":"1.8.0_232_ZULU","remoteDebuggingSupported":false,"appInsightsSettings":{"isSupported":true,"isDefaultOff":false},"gitHubActionSettings":{"isSupported":true,"supportedVersion":"8"},"endOfLifeDate":"2026-11-30T00:00:00Z"}}},{"displayText":"Java
        1.8.0_212","value":"8.0.212","stackSettings":{"windowsRuntimeSettings":{"runtimeVersion":"1.8.0_212_ZULU","remoteDebuggingSupported":false,"appInsightsSettings":{"isSupported":true,"isDefaultOff":false},"gitHubActionSettings":{"isSupported":true,"supportedVersion":"8"},"endOfLifeDate":"2026-11-30T00:00:00Z"}}},{"displayText":"Java
        1.8.0_202","value":"8.0.202","stackSettings":{"windowsRuntimeSettings":{"runtimeVersion":"1.8.0_202_ZULU","remoteDebuggingSupported":false,"appInsightsSettings":{"isSupported":true,"isDefaultOff":false},"gitHubActionSettings":{"isSupported":true,"supportedVersion":"8"},"endOfLifeDate":"2026-11-30T00:00:00Z"}}},{"displayText":"Java
        1.8.0_202 (Oracle)","value":"8.0.202 (Oracle)","stackSettings":{"windowsRuntimeSettings":{"runtimeVersion":"1.8.0_202","isDeprecated":true,"remoteDebuggingSupported":false,"appInsightsSettings":{"isSupported":true,"isDefaultOff":true},"gitHubActionSettings":{"isSupported":true,"supportedVersion":"8"}}}},{"displayText":"Java
        1.8.0_181","value":"8.0.181","stackSettings":{"windowsRuntimeSettings":{"runtimeVersion":"1.8.0_181_ZULU","remoteDebuggingSupported":false,"appInsightsSettings":{"isSupported":true,"isDefaultOff":false},"gitHubActionSettings":{"isSupported":true,"supportedVersion":"8"},"endOfLifeDate":"2026-11-30T00:00:00Z"}}},{"displayText":"Java
        1.8.0_181 (Oracle)","value":"8.0.181 (Oracle)","stackSettings":{"windowsRuntimeSettings":{"runtimeVersion":"1.8.0_181","isDeprecated":true,"remoteDebuggingSupported":false,"appInsightsSettings":{"isSupported":true,"isDefaultOff":true},"gitHubActionSettings":{"isSupported":true,"supportedVersion":"8"}}}},{"displayText":"Java
        1.8.0_172","value":"8.0.172","stackSettings":{"windowsRuntimeSettings":{"runtimeVersion":"1.8.0_172_ZULU","remoteDebuggingSupported":false,"appInsightsSettings":{"isSupported":true,"isDefaultOff":false},"gitHubActionSettings":{"isSupported":true,"supportedVersion":"8"},"endOfLifeDate":"2026-11-30T00:00:00Z"}}},{"displayText":"Java
        1.8.0_172 (Oracle)","value":"8.0.172 (Oracle)","stackSettings":{"windowsRuntimeSettings":{"runtimeVersion":"1.8.0_172","isDeprecated":true,"remoteDebuggingSupported":false,"appInsightsSettings":{"isSupported":true,"isDefaultOff":true},"gitHubActionSettings":{"isSupported":true,"supportedVersion":"8"}}}},{"displayText":"Java
        1.8.0_144","value":"8.0.144","stackSettings":{"windowsRuntimeSettings":{"runtimeVersion":"1.8.0_144","isDeprecated":true,"remoteDebuggingSupported":false,"appInsightsSettings":{"isSupported":true,"isDefaultOff":true},"gitHubActionSettings":{"isSupported":true,"supportedVersion":"8"},"endOfLifeDate":"2026-11-30T00:00:00Z"}}},{"displayText":"Java
        1.8.0_111 (Oracle)","value":"8.0.111 (Oracle)","stackSettings":{"windowsRuntimeSettings":{"runtimeVersion":"1.8.0_111","isDeprecated":true,"remoteDebuggingSupported":false,"appInsightsSettings":{"isSupported":true,"isDefaultOff":true},"gitHubActionSettings":{"isSupported":true,"supportedVersion":"8"}}}},{"displayText":"Java
        1.8.0_102","value":"8.0.102","stackSettings":{"windowsRuntimeSettings":{"runtimeVersion":"1.8.0_102","isDeprecated":true,"remoteDebuggingSupported":false,"appInsightsSettings":{"isSupported":true,"isDefaultOff":true},"gitHubActionSettings":{"isSupported":true,"supportedVersion":"8"},"endOfLifeDate":"2026-11-30T00:00:00Z"}}},{"displayText":"Java
        1.8.0_92","value":"8.0.92","stackSettings":{"windowsRuntimeSettings":{"runtimeVersion":"1.8.0_92","isDeprecated":true,"remoteDebuggingSupported":false,"appInsightsSettings":{"isSupported":true,"isDefaultOff":true},"gitHubActionSettings":{"isSupported":true,"supportedVersion":"8"},"endOfLifeDate":"2026-11-30T00:00:00Z"}}},{"displayText":"Java
        1.8.0_73 (Oracle)","value":"8.0.73 (Oracle)","stackSettings":{"windowsRuntimeSettings":{"runtimeVersion":"1.8.0_73","isDeprecated":true,"remoteDebuggingSupported":false,"appInsightsSettings":{"isSupported":true,"isDefaultOff":true},"gitHubActionSettings":{"isSupported":true,"supportedVersion":"8"}}}},{"displayText":"Java
        1.8.0_60 (Oracle)","value":"8.0.60 (Oracle)","stackSettings":{"windowsRuntimeSettings":{"runtimeVersion":"1.8.0_60","isDeprecated":true,"remoteDebuggingSupported":false,"appInsightsSettings":{"isSupported":true,"isDefaultOff":true},"gitHubActionSettings":{"isSupported":true,"supportedVersion":"8"}}}},{"displayText":"Java
        1.8.0_25 (Oracle)","value":"8.0.25 (Oracle)","stackSettings":{"windowsRuntimeSettings":{"runtimeVersion":"1.8.0_25","isDeprecated":true,"remoteDebuggingSupported":false,"appInsightsSettings":{"isSupported":true,"isDefaultOff":true},"gitHubActionSettings":{"isSupported":true,"supportedVersion":"8"}}}}]},{"displayText":"Java
        7","value":"7","minorVersions":[{"displayText":"Java 7","value":"7.0","stackSettings":{"windowsRuntimeSettings":{"runtimeVersion":"1.7","isAutoUpdate":true,"isDeprecated":true,"remoteDebuggingSupported":false,"appInsightsSettings":{"isSupported":false,"isDefaultOff":true},"gitHubActionSettings":{"isSupported":false},"endOfLifeDate":"2023-07-01T00:00:00Z"}}},{"displayText":"Java
        1.7.0_292","value":"7.0.292","stackSettings":{"windowsRuntimeSettings":{"runtimeVersion":"1.7.0_292","isDeprecated":true,"remoteDebuggingSupported":false,"appInsightsSettings":{"isSupported":false,"isDefaultOff":true},"gitHubActionSettings":{"isSupported":false},"endOfLifeDate":"2023-07-01T00:00:00Z"}}},{"displayText":"Java
        1.7.0_272","value":"7.0.272","stackSettings":{"windowsRuntimeSettings":{"runtimeVersion":"1.7.0_272","isDeprecated":true,"remoteDebuggingSupported":false,"appInsightsSettings":{"isSupported":false,"isDefaultOff":true},"gitHubActionSettings":{"isSupported":false},"endOfLifeDate":"2023-07-01T00:00:00Z"}}},{"displayText":"Java
        1.7.0_262","value":"7.0.262","stackSettings":{"windowsRuntimeSettings":{"runtimeVersion":"1.7.0_262","isDeprecated":true,"remoteDebuggingSupported":false,"appInsightsSettings":{"isSupported":false,"isDefaultOff":true},"gitHubActionSettings":{"isSupported":false},"endOfLifeDate":"2023-07-01T00:00:00Z"}}},{"displayText":"Java
        1.7.0_242","value":"7.0.242","stackSettings":{"windowsRuntimeSettings":{"runtimeVersion":"1.7.0_242_ZULU","isDeprecated":true,"remoteDebuggingSupported":false,"appInsightsSettings":{"isSupported":false,"isDefaultOff":true},"gitHubActionSettings":{"isSupported":false},"endOfLifeDate":"2023-07-01T00:00:00Z"}}},{"displayText":"Java
        1.7.0_222","value":"7.0.222","stackSettings":{"windowsRuntimeSettings":{"runtimeVersion":"1.7.0_222_ZULU","isDeprecated":true,"remoteDebuggingSupported":false,"appInsightsSettings":{"isSupported":false,"isDefaultOff":true},"gitHubActionSettings":{"isSupported":false},"endOfLifeDate":"2023-07-01T00:00:00Z"}}},{"displayText":"Java
        1.7.0_191","value":"7.0.191","stackSettings":{"windowsRuntimeSettings":{"runtimeVersion":"1.7.0_191_ZULU","isDeprecated":true,"remoteDebuggingSupported":false,"appInsightsSettings":{"isSupported":false,"isDefaultOff":true},"gitHubActionSettings":{"isSupported":false},"endOfLifeDate":"2023-07-01T00:00:00Z"}}},{"displayText":"Java
        1.7.0_80 (Oracle)","value":"7.0.80 (Oracle)","stackSettings":{"windowsRuntimeSettings":{"runtimeVersion":"1.7.0_80","isDeprecated":true,"remoteDebuggingSupported":false,"appInsightsSettings":{"isSupported":false,"isDefaultOff":true},"gitHubActionSettings":{"isSupported":false}}}},{"displayText":"Java
        1.7.0_71 (Oracle)","value":"7.0.71 (Oracle)","stackSettings":{"windowsRuntimeSettings":{"runtimeVersion":"1.7.0_71","isDeprecated":true,"remoteDebuggingSupported":false,"appInsightsSettings":{"isSupported":false,"isDefaultOff":true},"gitHubActionSettings":{"isSupported":false}}}},{"displayText":"Java
        1.7.0_51 (Oracle)","value":"7.0.51 (Oracle)","stackSettings":{"windowsRuntimeSettings":{"runtimeVersion":"1.7.0_51","isDeprecated":true,"remoteDebuggingSupported":false,"appInsightsSettings":{"isSupported":false,"isDefaultOff":true},"gitHubActionSettings":{"isSupported":false}}}}]}]}},{"id":null,"name":"javacontainers","type":"Microsoft.Web/webAppStacks?stackOsType=All","properties":{"displayText":"Java
        Containers","value":"javacontainers","majorVersions":[{"displayText":"Java
        SE (Embedded Web Server)","value":"javase","minorVersions":[{"displayText":"Java
        SE (Embedded Web Server)","value":"SE","stackSettings":{"windowsContainerSettings":{"javaContainer":"JAVA","javaContainerVersion":"SE","isAutoUpdate":true},"linuxContainerSettings":{"java21Runtime":"JAVA|21-java21","java17Runtime":"JAVA|17-java17","java11Runtime":"JAVA|11-java11","java8Runtime":"JAVA|8-jre8","isAutoUpdate":true}}},{"displayText":"Java
        SE 21.0.6","value":"21.0.6","stackSettings":{"linuxContainerSettings":{"java21Runtime":"JAVA|21.0.6"}}},{"displayText":"Java
        SE 21.0.5","value":"21.0.5","stackSettings":{"linuxContainerSettings":{"java21Runtime":"JAVA|21.0.5"}}},{"displayText":"Java
        SE 21.0.4","value":"21.0.4","stackSettings":{"linuxContainerSettings":{"java21Runtime":"JAVA|21.0.4"}}},{"displayText":"Java
        SE 21.0.3","value":"21.0.3","stackSettings":{"linuxContainerSettings":{"java21Runtime":"JAVA|21.0.3"}}},{"displayText":"Java
        SE 21.0.1","value":"21.0.1","stackSettings":{"linuxContainerSettings":{"java21Runtime":"JAVA|21.0.1"}}},{"displayText":"Java
        SE 17.0.14","value":"17.0.14","stackSettings":{"linuxContainerSettings":{"java17Runtime":"JAVA|17.0.14"}}},{"displayText":"Java
        SE 17.0.13","value":"17.0.13","stackSettings":{"linuxContainerSettings":{"java17Runtime":"JAVA|17.0.13"}}},{"displayText":"Java
        SE 17.0.12","value":"17.0.12","stackSettings":{"linuxContainerSettings":{"java17Runtime":"JAVA|17.0.12"}}},{"displayText":"Java
        SE 17.0.11","value":"17.0.11","stackSettings":{"linuxContainerSettings":{"java17Runtime":"JAVA|17.0.11"}}},{"displayText":"Java
        SE 17.0.9","value":"17.0.9","stackSettings":{"linuxContainerSettings":{"java17Runtime":"JAVA|17.0.9"}}},{"displayText":"Java
        SE 17.0.4","value":"17.0.4","stackSettings":{"linuxContainerSettings":{"java17Runtime":"JAVA|17.0.4"}}},{"displayText":"Java
        SE 17.0.3","value":"17.0.3","stackSettings":{"linuxContainerSettings":{"java17Runtime":"JAVA|17.0.3"}}},{"displayText":"Java
        SE 17.0.2","value":"17.0.2","stackSettings":{"linuxContainerSettings":{"java17Runtime":"JAVA|17.0.2"}}},{"displayText":"Java
        SE 17.0.1","value":"17.0.1","stackSettings":{"linuxContainerSettings":{"java17Runtime":"JAVA|17.0.1"}}},{"displayText":"Java
        SE 11.0.26","value":"11.0.26","stackSettings":{"linuxContainerSettings":{"java11Runtime":"JAVA|11.0.26"}}},{"displayText":"Java
        SE 11.0.25","value":"11.0.25","stackSettings":{"linuxContainerSettings":{"java11Runtime":"JAVA|11.0.25"}}},{"displayText":"Java
        SE 11.0.24","value":"11.0.24","stackSettings":{"linuxContainerSettings":{"java11Runtime":"JAVA|11.0.24"}}},{"displayText":"Java
        SE 11.0.23","value":"11.0.23","stackSettings":{"linuxContainerSettings":{"java11Runtime":"JAVA|11.0.23"}}},{"displayText":"Java
        SE 11.0.21","value":"11.0.21","stackSettings":{"linuxContainerSettings":{"java11Runtime":"JAVA|11.0.21"}}},{"displayText":"Java
        SE 11.0.16","value":"11.0.16","stackSettings":{"linuxContainerSettings":{"java11Runtime":"JAVA|11.0.16"}}},{"displayText":"Java
        SE 11.0.15","value":"11.0.15","stackSettings":{"linuxContainerSettings":{"java11Runtime":"JAVA|11.0.15"}}},{"displayText":"Java
        SE 11.0.14","value":"11.0.14","stackSettings":{"linuxContainerSettings":{"java11Runtime":"JAVA|11.0.14"}}},{"displayText":"Java
        SE 11.0.13","value":"11.0.13","stackSettings":{"linuxContainerSettings":{"java11Runtime":"JAVA|11.0.13"}}},{"displayText":"Java
        SE 11.0.12","value":"11.0.12","stackSettings":{"linuxContainerSettings":{"java11Runtime":"JAVA|11.0.12"}}},{"displayText":"Java
        SE 11.0.11","value":"11.0.11","stackSettings":{"linuxContainerSettings":{"java11Runtime":"JAVA|11.0.11"}}},{"displayText":"Java
        SE 11.0.9","value":"11.0.9","stackSettings":{"linuxContainerSettings":{"java11Runtime":"JAVA|11.0.9"}}},{"displayText":"Java
        SE 11.0.7","value":"11.0.7","stackSettings":{"linuxContainerSettings":{"java11Runtime":"JAVA|11.0.7"}}},{"displayText":"Java
        SE 11.0.6","value":"11.0.6","stackSettings":{"linuxContainerSettings":{"java11Runtime":"JAVA|11.0.6"}}},{"displayText":"Java
        SE 11.0.5","value":"11.0.5","stackSettings":{"linuxContainerSettings":{"java11Runtime":"JAVA|11.0.5"}}},{"displayText":"Java
        SE 8u442","value":"1.8.442","stackSettings":{"linuxContainerSettings":{"java8Runtime":"JAVA|8u442"}}},{"displayText":"Java
        SE 8u432","value":"1.8.432","stackSettings":{"linuxContainerSettings":{"java8Runtime":"JAVA|8u432"}}},{"displayText":"Java
        SE 8u422","value":"1.8.422","stackSettings":{"linuxContainerSettings":{"java8Runtime":"JAVA|8u422"}}},{"displayText":"Java
        SE 8u412","value":"1.8.412","stackSettings":{"linuxContainerSettings":{"java8Runtime":"JAVA|8u412"}}},{"displayText":"Java
        SE 8u392","value":"1.8.392","stackSettings":{"linuxContainerSettings":{"java8Runtime":"JAVA|8u392"}}},{"displayText":"Java
        SE 8u345","value":"1.8.345","stackSettings":{"linuxContainerSettings":{"java8Runtime":"JAVA|8u345"}}},{"displayText":"Java
        SE 8u332","value":"1.8.332","stackSettings":{"linuxContainerSettings":{"java8Runtime":"JAVA|8u332"}}},{"displayText":"Java
        SE 8u322","value":"1.8.322","stackSettings":{"linuxContainerSettings":{"java8Runtime":"JAVA|8u322"}}},{"displayText":"Java
        SE 8u312","value":"1.8.312","stackSettings":{"linuxContainerSettings":{"java8Runtime":"JAVA|8u312"}}},{"displayText":"Java
        SE 8u302","value":"1.8.302","stackSettings":{"linuxContainerSettings":{"java8Runtime":"JAVA|8u302"}}},{"displayText":"Java
        SE 8u292","value":"1.8.292","stackSettings":{"linuxContainerSettings":{"java8Runtime":"JAVA|8u292"}}},{"displayText":"Java
        SE 8u275","value":"1.8.275","stackSettings":{"linuxContainerSettings":{"java8Runtime":"JAVA|8u275"}}},{"displayText":"Java
        SE 8u252","value":"1.8.252","stackSettings":{"linuxContainerSettings":{"java8Runtime":"JAVA|8u252"}}},{"displayText":"Java
        SE 8u242","value":"1.8.242","stackSettings":{"linuxContainerSettings":{"java8Runtime":"JAVA|8u242"}}},{"displayText":"Java
        SE 8u232","value":"1.8.232","stackSettings":{"linuxContainerSettings":{"java8Runtime":"JAVA|8u232"}}}]},{"displayText":"Red
        Hat JBoss EAP 8","value":"jbosseap8.0","minorVersions":[{"displayText":"Red
        Hat JBoss EAP 8","value":"8","stackSettings":{"linuxContainerSettings":{"java11Runtime":"JBOSSEAP|8-java11","java17Runtime":"JBOSSEAP|8-java17","isAutoUpdate":true}}},{"displayText":"Red
        Hat JBoss EAP 8.0 update 5.1","value":"8.0.5.1","stackSettings":{"linuxContainerSettings":{"java11Runtime":"JBOSSEAP|8.0.5.1-java11","java17Runtime":"JBOSSEAP|8.0.5.1-java17"}}},{"displayText":"Red
        Hat JBoss EAP 8.0 update 4.1","value":"8.0.4.1","stackSettings":{"linuxContainerSettings":{"java11Runtime":"JBOSSEAP|8.0.4.1-java11","java17Runtime":"JBOSSEAP|8.0.4.1-java17"}}},{"displayText":"Red
        Hat JBoss EAP 8.0 update 3","value":"8.0.3","stackSettings":{"linuxContainerSettings":{"java11Runtime":"JBOSSEAP|8.0.3-java11","java17Runtime":"JBOSSEAP|8.0.3-java17"}}},{"displayText":"Red
        Hat JBoss EAP 8.0 update 2.1","value":"8.0.2.1","stackSettings":{"linuxContainerSettings":{"java11Runtime":"JBOSSEAP|8.0.2.1-java11","java17Runtime":"JBOSSEAP|8.0.2.1-java17"}}},{"displayText":"Red
        Hat JBoss EAP 8.0 update 1","value":"8.0.1","stackSettings":{"linuxContainerSettings":{"java11Runtime":"JBOSSEAP|8.0.1-java11","java17Runtime":"JBOSSEAP|8.0.1-java17"}}}]},{"displayText":"Red
        Hat JBoss EAP 8 BYO License","value":"jbosseap8.0_byol","minorVersions":[{"displayText":"Red
        Hat JBoss EAP 8 BYO License","value":"8","stackSettings":{"linuxContainerSettings":{"java11Runtime":"JBOSSEAP|8-java11_byol","java17Runtime":"JBOSSEAP|8-java17_byol","isAutoUpdate":true}}},{"displayText":"Red
        Hat JBoss EAP 8.0 update 4.1 BYO License","value":"8.0.4.1","stackSettings":{"linuxContainerSettings":{"java11Runtime":"JBOSSEAP|8.0.4.1-java11_byol","java17Runtime":"JBOSSEAP|8.0.4.1-java17_byol"}}},{"displayText":"Red
        Hat JBoss EAP 8 update 3 BYO License","value":"8.0.3","stackSettings":{"linuxContainerSettings":{"java11Runtime":"JBOSSEAP|8.0.3-java11_byol","java17Runtime":"JBOSSEAP|8.0.3-java17_byol"}}},{"displayText":"Red
        Hat JBoss EAP 8.0 update 2.1 BYO License","value":"8.0.2","stackSettings":{"linuxContainerSettings":{"java11Runtime":"JBOSSEAP|8.0.2-java11_byol","java17Runtime":"JBOSSEAP|8.0.2-java17_byol"}}},{"displayText":"Red
        Hat JBoss EAP 8 update 1 BYO License","value":"8.0.1","stackSettings":{"linuxContainerSettings":{"java11Runtime":"JBOSSEAP|8.0.1-java11_byol","java17Runtime":"JBOSSEAP|8.0.1-java17_byol"}}}]},{"displayText":"Red
        Hat JBoss EAP 7","value":"jbosseap","minorVersions":[{"displayText":"Red Hat
        JBoss EAP 7","value":"7","stackSettings":{"linuxContainerSettings":{"java8Runtime":"JBOSSEAP|7-java8","java11Runtime":"JBOSSEAP|7-java11","java17Runtime":"JBOSSEAP|7-java17","isAutoUpdate":true}}},{"displayText":"Red
        Hat JBoss EAP 7.4.21","value":"7.4.21","stackSettings":{"linuxContainerSettings":{"java8Runtime":"JBOSSEAP|7.4.21-java8","java11Runtime":"JBOSSEAP|7.4.21-java11","java17Runtime":"JBOSSEAP|7.4.21-java17"}}},{"displayText":"Red
        Hat JBoss EAP 7.4.20","value":"7.4.20","stackSettings":{"linuxContainerSettings":{"java8Runtime":"JBOSSEAP|7.4.20-java8","java11Runtime":"JBOSSEAP|7.4.20-java11","java17Runtime":"JBOSSEAP|7.4.20-java17"}}},{"displayText":"Red
        Hat JBoss EAP 7.4.18","value":"7.4.18","stackSettings":{"linuxContainerSettings":{"java8Runtime":"JBOSSEAP|7.4.18-java8","java11Runtime":"JBOSSEAP|7.4.18-java11","java17Runtime":"JBOSSEAP|7.4.18-java17"}}},{"displayText":"Red
        Hat JBoss EAP 7.4.17","value":"7.4.17","stackSettings":{"linuxContainerSettings":{"java8Runtime":"JBOSSEAP|7.4.17-java8","java11Runtime":"JBOSSEAP|7.4.17-java11","java17Runtime":"JBOSSEAP|7.4.17-java17"}}},{"displayText":"Red
        Hat JBoss EAP 7.4.16","value":"7.4.16","stackSettings":{"linuxContainerSettings":{"java8Runtime":"JBOSSEAP|7.4.16-java8","java11Runtime":"JBOSSEAP|7.4.16-java11","java17Runtime":"JBOSSEAP|7.4.16-java17"}}},{"displayText":"Red
        Hat JBoss EAP 7.4.13","value":"7.4.13","stackSettings":{"linuxContainerSettings":{"java8Runtime":"JBOSSEAP|7.4.13-java8","java11Runtime":"JBOSSEAP|7.4.13-java11","java17Runtime":"JBOSSEAP|7.4.13-java17"}}},{"displayText":"Red
        Hat JBoss EAP 7.4.7","value":"7.4.7","stackSettings":{"linuxContainerSettings":{"java8Runtime":"JBOSSEAP|7.4.7-java8","java11Runtime":"JBOSSEAP|7.4.7-java11","java17Runtime":"JBOSSEAP|7.4.7-java17"}}},{"displayText":"Red
        Hat JBoss EAP 7.4.5","value":"7.4.5","stackSettings":{"linuxContainerSettings":{"java8Runtime":"JBOSSEAP|7.4.5-java8","java11Runtime":"JBOSSEAP|7.4.5-java11","java17Runtime":"JBOSSEAP|7.4.5-java17"}}},{"displayText":"Red
        Hat JBoss EAP 7.4.2","value":"7.4.2","stackSettings":{"linuxContainerSettings":{"java8Runtime":"JBOSSEAP|7.4.2-java8","java11Runtime":"JBOSSEAP|7.4.2-java11"}}},{"displayText":"Red
        Hat JBoss EAP 7.4.1","value":"7.4.1","stackSettings":{"linuxContainerSettings":{"java8Runtime":"JBOSSEAP|7.4.1-java8","java11Runtime":"JBOSSEAP|7.4.1-java11"}}},{"displayText":"Red
        Hat JBoss EAP 7.4.0","value":"7.4.0","stackSettings":{"linuxContainerSettings":{"java8Runtime":"JBOSSEAP|7.4.0-java8","java11Runtime":"JBOSSEAP|7.4.0-java11"}}},{"displayText":"Red
        Hat JBoss EAP 7.3.10","value":"7.3.10","stackSettings":{"linuxContainerSettings":{"java8Runtime":"JBOSSEAP|7.3.10-java8","java11Runtime":"JBOSSEAP|7.3.10-java11"}}},{"displayText":"Red
        Hat JBoss EAP 7.3.9","value":"7.3.9","stackSettings":{"linuxContainerSettings":{"java8Runtime":"JBOSSEAP|7.3.9-java8","java11Runtime":"JBOSSEAP|7.3.9-java11"}}},{"displayText":"Red
        Hat JBoss EAP 7.3","value":"7.3","stackSettings":{"linuxContainerSettings":{"java8Runtime":"JBOSSEAP|7.3-java8","java11Runtime":"JBOSSEAP|7.3-java11","isAutoUpdate":true,"isHidden":true}}},{"displayText":"Red
        Hat JBoss EAP 7.4","value":"7.4","stackSettings":{"linuxContainerSettings":{"java8Runtime":"JBOSSEAP|7.4-java8","java11Runtime":"JBOSSEAP|7.4-java11","isAutoUpdate":true,"isHidden":true}}},{"displayText":"JBoss
        EAP 7.2","value":"7.2.0","stackSettings":{"linuxContainerSettings":{"java8Runtime":"JBOSSEAP|7.2-java8","isDeprecated":true}}}]},{"displayText":"Red
        Hat JBoss EAP 7 BYO License","value":"jbosseap7_byol","minorVersions":[{"displayText":"Red
        Hat JBoss EAP 7 BYO License","value":"7","stackSettings":{"linuxContainerSettings":{"java8Runtime":"JBOSSEAP|7-java8_byol","java11Runtime":"JBOSSEAP|7-java11_byol","java17Runtime":"JBOSSEAP|7-java17_byol","isAutoUpdate":true}}},{"displayText":"Red
        Hat JBoss EAP 7.4.20 BYO License","value":"7.4.20","stackSettings":{"linuxContainerSettings":{"java8Runtime":"JBOSSEAP|7.4.20-java8_byol","java11Runtime":"JBOSSEAP|7.4.20-java11_byol","java17Runtime":"JBOSSEAP|7.4.20-java17_byol"}}},{"displayText":"Red
        Hat JBoss EAP 7.4.18 BYO License","value":"7.4.18","stackSettings":{"linuxContainerSettings":{"java8Runtime":"JBOSSEAP|7.4.18-java8_byol","java11Runtime":"JBOSSEAP|7.4.18-java11_byol","java17Runtime":"JBOSSEAP|7.4.18-java17_byol"}}},{"displayText":"Red
        Hat JBoss EAP 7.4.16 BYO License","value":"7.4.16","stackSettings":{"linuxContainerSettings":{"java8Runtime":"JBOSSEAP|7.4.16-java8_byol","java11Runtime":"JBOSSEAP|7.4.16-java11_byol","java17Runtime":"JBOSSEAP|7.4.16-java17_byol"}}},{"displayText":"Red
        Hat JBoss EAP 7.4.13 BYO License","value":"7.4.13","stackSettings":{"linuxContainerSettings":{"java8Runtime":"JBOSSEAP|7.4.13-java8_byol","java11Runtime":"JBOSSEAP|7.4.13-java11_byol","java17Runtime":"JBOSSEAP|7.4.13-java17_byol"}}},{"displayText":"Red
        Hat JBoss EAP 7.4.7 BYO License","value":"7.4.7","stackSettings":{"linuxContainerSettings":{"java8Runtime":"JBOSSEAP|7.4.7-java8_byol","java11Runtime":"JBOSSEAP|7.4.7-java11_byol","java17Runtime":"JBOSSEAP|7.4.7-java17_byol"}}},{"displayText":"Red
        Hat JBoss EAP 7.4.5 BYO License","value":"7.4.5","stackSettings":{"linuxContainerSettings":{"java8Runtime":"JBOSSEAP|7.4.5-java8_byol","java11Runtime":"JBOSSEAP|7.4.5-java11_byol","java17Runtime":"JBOSSEAP|7.4.5-java17_byol"}}},{"displayText":"Red
        Hat JBoss EAP 7.4.2 BYO License","value":"7.4.2","stackSettings":{"linuxContainerSettings":{"java8Runtime":"JBOSSEAP|7.4.2-java8_byol","java11Runtime":"JBOSSEAP|7.4.2-java11_byol"}}},{"displayText":"Red
        Hat JBoss EAP 7.4.1 BYO License","value":"7.4.1","stackSettings":{"linuxContainerSettings":{"java8Runtime":"JBOSSEAP|7.4.1-java8_byol","java11Runtime":"JBOSSEAP|7.4.1-java11_byol"}}},{"displayText":"Red
        Hat JBoss EAP 7.4.0 BYO License","value":"7.4.0","stackSettings":{"linuxContainerSettings":{"java8Runtime":"JBOSSEAP|7.4.0-java8_byol","java11Runtime":"JBOSSEAP|7.4.0-java11_byol"}}},{"displayText":"Red
        Hat JBoss EAP 7.3.10 BYO License","value":"7.3.10","stackSettings":{"linuxContainerSettings":{"java8Runtime":"JBOSSEAP|7.3.10-java8_byol","java11Runtime":"JBOSSEAP|7.3.10-java11_byol"}}},{"displayText":"Red
        Hat JBoss EAP 7.3.9 BYO License","value":"7.3.9","stackSettings":{"linuxContainerSettings":{"java8Runtime":"JBOSSEAP|7.3.9-java8_byol","java11Runtime":"JBOSSEAP|7.3.9-java11_byol"}}}]},{"displayText":"Apache
        Tomcat 11.0","value":"tomcat11.0","minorVersions":[{"displayText":"Apache
        Tomcat 11.0","value":"11.0","stackSettings":{"windowsContainerSettings":{"javaContainer":"TOMCAT","javaContainerVersion":"11.0","isAutoUpdate":true},"linuxContainerSettings":{"java21Runtime":"TOMCAT|11.0-java21","java17Runtime":"TOMCAT|11.0-java17","java11Runtime":"TOMCAT|11.0-java11","isAutoUpdate":true}}},{"displayText":"Apache
        Tomcat 11.0.4","value":"11.0.4","stackSettings":{"windowsContainerSettings":{"javaContainer":"TOMCAT","javaContainerVersion":"11.0.4","isHidden":true},"linuxContainerSettings":{"java17Runtime":"TOMCAT|11.0.4-java17","java21Runtime":"TOMCAT|11.0.4-java21"}}},{"displayText":"Apache
        Tomcat 11.0.2","value":"11.0.2","stackSettings":{"windowsContainerSettings":{"javaContainer":"TOMCAT","javaContainerVersion":"11.0.2"},"linuxContainerSettings":{"java17Runtime":"TOMCAT|11.0.2-java17","java21Runtime":"TOMCAT|11.0.2-java21"}}},{"displayText":"Apache
        Tomcat 11.0.1","value":"11.0.1","stackSettings":{"windowsContainerSettings":{"javaContainer":"TOMCAT","javaContainerVersion":"11.0.1","isHidden":true},"linuxContainerSettings":{"java17Runtime":"TOMCAT|11.0.1-java17","java21Runtime":"TOMCAT|11.0.1-java21"}}}]},{"displayText":"Apache
        Tomcat 10.1","value":"tomcat10.1","minorVersions":[{"displayText":"Apache
        Tomcat 10.1","value":"10.1","stackSettings":{"windowsContainerSettings":{"javaContainer":"TOMCAT","javaContainerVersion":"10.1","isAutoUpdate":true},"linuxContainerSettings":{"java21Runtime":"TOMCAT|10.1-java21","java17Runtime":"TOMCAT|10.1-java17","java11Runtime":"TOMCAT|10.1-java11","isAutoUpdate":true}}},{"displayText":"Apache
        Tomcat 10.1.36","value":"10.1.36","stackSettings":{"windowsContainerSettings":{"javaContainer":"TOMCAT","javaContainerVersion":"10.1.36","isHidden":true},"linuxContainerSettings":{"java11Runtime":"TOMCAT|10.1.36-java11","java17Runtime":"TOMCAT|10.1.36-java17","java21Runtime":"TOMCAT|10.1.36-java21"}}},{"displayText":"Apache
        Tomcat 10.1.34","value":"10.1.34","stackSettings":{"windowsContainerSettings":{"javaContainer":"TOMCAT","javaContainerVersion":"10.1.34"},"linuxContainerSettings":{"java11Runtime":"TOMCAT|10.1.34-java11","java17Runtime":"TOMCAT|10.1.34-java17","java21Runtime":"TOMCAT|10.1.34-java21"}}},{"displayText":"Apache
        Tomcat 10.1.33","value":"10.1.33","stackSettings":{"windowsContainerSettings":{"javaContainer":"TOMCAT","javaContainerVersion":"10.1.33","isHidden":true},"linuxContainerSettings":{"java11Runtime":"TOMCAT|10.1.33-java11","java17Runtime":"TOMCAT|10.1.33-java17","java21Runtime":"TOMCAT|10.1.33-java21"}}},{"displayText":"Apache
        Tomcat 10.1.31","value":"10.1.31","stackSettings":{"windowsContainerSettings":{"javaContainer":"TOMCAT","javaContainerVersion":"10.1.31"},"linuxContainerSettings":{"java11Runtime":"TOMCAT|10.1.31-java11","java17Runtime":"TOMCAT|10.1.31-java17","java21Runtime":"TOMCAT|10.1.31-java21","isHidden":true}}},{"displayText":"Apache
        Tomcat 10.1.28","value":"10.1.28","stackSettings":{"windowsContainerSettings":{"javaContainer":"TOMCAT","javaContainerVersion":"10.1.28","isHidden":true},"linuxContainerSettings":{"java11Runtime":"TOMCAT|10.1.28-java11","java17Runtime":"TOMCAT|10.1.28-java17","java21Runtime":"TOMCAT|10.1.28-java21"}}},{"displayText":"Apache
        Tomcat 10.1.25","value":"10.1.25","stackSettings":{"windowsContainerSettings":{"javaContainer":"TOMCAT","javaContainerVersion":"10.1.25"},"linuxContainerSettings":{"java11Runtime":"TOMCAT|10.1.25-java11","java17Runtime":"TOMCAT|10.1.25-java17","java21Runtime":"TOMCAT|10.1.25-java21"}}},{"displayText":"Apache
        Tomcat 10.1.23","value":"10.1.23","stackSettings":{"windowsContainerSettings":{"javaContainer":"TOMCAT","javaContainerVersion":"10.1.23","isHidden":true},"linuxContainerSettings":{"java11Runtime":"TOMCAT|10.1.23-java11","java17Runtime":"TOMCAT|10.1.23-java17","java21Runtime":"TOMCAT|10.1.23-java21"}}},{"displayText":"Apache
        Tomcat 10.1.16","value":"10.1.16","stackSettings":{"windowsContainerSettings":{"javaContainer":"TOMCAT","javaContainerVersion":"10.1.16"},"linuxContainerSettings":{"java11Runtime":"TOMCAT|10.1.16-java11","java17Runtime":"TOMCAT|10.1.16-java17","java21Runtime":"TOMCAT|10.1.16-java21"}}}]},{"displayText":"Apache
        Tomcat 10.0","value":"tomcat10.0","minorVersions":[{"displayText":"Apache
        Tomcat 10.0","value":"10.0","stackSettings":{"windowsContainerSettings":{"javaContainer":"TOMCAT","javaContainerVersion":"10.0","isAutoUpdate":true,"endOfLifeDate":"2022-10-31T00:00:00Z"},"linuxContainerSettings":{"java17Runtime":"TOMCAT|10.0-java17","java11Runtime":"TOMCAT|10.0-java11","java8Runtime":"TOMCAT|10.0-jre8","isAutoUpdate":true,"endOfLifeDate":"2022-10-31T00:00:00Z"}}},{"displayText":"Apache
        Tomcat 10.0.27","value":"10.0.27","stackSettings":{"windowsContainerSettings":{"javaContainer":"TOMCAT","javaContainerVersion":"10.0.27"},"linuxContainerSettings":{"java8Runtime":"TOMCAT|10.0.27-java8","java11Runtime":"TOMCAT|10.0.27-java11","java17Runtime":"TOMCAT|10.0.27-java17","endOfLifeDate":"2022-10-31T00:00:00Z"}}},{"displayText":"Apache
        Tomcat 10.0.23","value":"10.0.23","stackSettings":{"windowsContainerSettings":{"javaContainer":"TOMCAT","javaContainerVersion":"10.0.23","endOfLifeDate":"2022-10-31T00:00:00Z"},"linuxContainerSettings":{"java8Runtime":"TOMCAT|10.0.23-java8","java11Runtime":"TOMCAT|10.0.23-java11","java17Runtime":"TOMCAT|10.0.23-java17","endOfLifeDate":"2022-10-31T00:00:00Z"}}},{"displayText":"Apache
        Tomcat 10.0.21","value":"10.0.21","stackSettings":{"windowsContainerSettings":{"javaContainer":"TOMCAT","javaContainerVersion":"10.0.21","endOfLifeDate":"2022-10-31T00:00:00Z"},"linuxContainerSettings":{"java8Runtime":"TOMCAT|10.0.21-java8","java11Runtime":"TOMCAT|10.0.21-java11","java17Runtime":"TOMCAT|10.0.21-java17","endOfLifeDate":"2022-10-31T00:00:00Z"}}},{"displayText":"Apache
        Tomcat 10.0.20","value":"10.0.20","stackSettings":{"windowsContainerSettings":{"javaContainer":"TOMCAT","javaContainerVersion":"10.0.20","endOfLifeDate":"2022-10-31T00:00:00Z"},"linuxContainerSettings":{"java8Runtime":"TOMCAT|10.0.20-java8","java11Runtime":"TOMCAT|10.0.20-java11","java17Runtime":"TOMCAT|10.0.20-java17","endOfLifeDate":"2022-10-31T00:00:00Z"}}},{"displayText":"Apache
        Tomcat 10.0.12","value":"10.0.12","stackSettings":{"windowsContainerSettings":{"javaContainer":"TOMCAT","javaContainerVersion":"10.0.12","endOfLifeDate":"2022-10-31T00:00:00Z"},"linuxContainerSettings":{"java8Runtime":"TOMCAT|10.0.12-java8","java11Runtime":"TOMCAT|10.0.12-java11","java17Runtime":"TOMCAT|10.0.12-java17","endOfLifeDate":"2022-10-31T00:00:00Z"}}}]},{"displayText":"Apache
        Tomcat 9.0","value":"tomcat9.0","minorVersions":[{"displayText":"Apache Tomcat
        9.0","value":"9.0","stackSettings":{"windowsContainerSettings":{"javaContainer":"TOMCAT","javaContainerVersion":"9.0","isAutoUpdate":true},"linuxContainerSettings":{"java21Runtime":"TOMCAT|9.0-java21","java17Runtime":"TOMCAT|9.0-java17","java11Runtime":"TOMCAT|9.0-java11","java8Runtime":"TOMCAT|9.0-jre8","isAutoUpdate":true}}},{"displayText":"Apache
        Tomcat 9.0.100","value":"9.0.100","stackSettings":{"windowsContainerSettings":{"javaContainer":"TOMCAT","javaContainerVersion":"9.0.100","isHidden":true},"linuxContainerSettings":{"java8Runtime":"TOMCAT|9.0.100-java8","java11Runtime":"TOMCAT|9.0.100-java11","java17Runtime":"TOMCAT|9.0.100-java17","java21Runtime":"TOMCAT|9.0.100-java21"}}},{"displayText":"Apache
        Tomcat 9.0.98","value":"9.0.98","stackSettings":{"windowsContainerSettings":{"javaContainer":"TOMCAT","javaContainerVersion":"9.0.98"},"linuxContainerSettings":{"java8Runtime":"TOMCAT|9.0.98-java8","java11Runtime":"TOMCAT|9.0.98-java11","java17Runtime":"TOMCAT|9.0.98-java17","java21Runtime":"TOMCAT|9.0.98-java21"}}},{"displayText":"Apache
        Tomcat 9.0.97","value":"9.0.97","stackSettings":{"windowsContainerSettings":{"javaContainer":"TOMCAT","javaContainerVersion":"9.0.97","isHidden":true},"linuxContainerSettings":{"java8Runtime":"TOMCAT|9.0.97-java8","java11Runtime":"TOMCAT|9.0.97-java11","java17Runtime":"TOMCAT|9.0.97-java17","java21Runtime":"TOMCAT|9.0.97-java21"}}},{"displayText":"Apache
        Tomcat 9.0.96","value":"9.0.97","stackSettings":{"windowsContainerSettings":{"javaContainer":"TOMCAT","javaContainerVersion":"9.0.96"},"linuxContainerSettings":{"java8Runtime":"TOMCAT|9.0.96-java8","java11Runtime":"TOMCAT|9.0.96-java11","java17Runtime":"TOMCAT|9.0.96-java17","java21Runtime":"TOMCAT|9.0.96-java21","isHidden":true}}},{"displayText":"Apache
        Tomcat 9.0.93","value":"9.0.93","stackSettings":{"windowsContainerSettings":{"javaContainer":"TOMCAT","javaContainerVersion":"9.0.93","isHidden":true},"linuxContainerSettings":{"java8Runtime":"TOMCAT|9.0.93-java8","java11Runtime":"TOMCAT|9.0.93-java11","java17Runtime":"TOMCAT|9.0.93-java17","java21Runtime":"TOMCAT|9.0.93-java21"}}},{"displayText":"Apache
        Tomcat 9.0.91","value":"9.0.91","stackSettings":{"windowsContainerSettings":{"javaContainer":"TOMCAT","javaContainerVersion":"9.0.91"},"linuxContainerSettings":{"java8Runtime":"TOMCAT|9.0.91-java8","java11Runtime":"TOMCAT|9.0.91-java11","java17Runtime":"TOMCAT|9.0.91-java17","java21Runtime":"TOMCAT|9.0.91-java21","isHidden":true}}},{"displayText":"Apache
        Tomcat 9.0.90","value":"9.0.90","stackSettings":{"windowsContainerSettings":{"javaContainer":"TOMCAT","javaContainerVersion":"9.0.90","isHidden":true},"linuxContainerSettings":{"java8Runtime":"TOMCAT|9.0.90-java8","java11Runtime":"TOMCAT|9.0.90-java11","java17Runtime":"TOMCAT|9.0.90-java17","java21Runtime":"TOMCAT|9.0.90-java21"}}},{"displayText":"Apache
        Tomcat 9.0.88","value":"9.0.88","stackSettings":{"windowsContainerSettings":{"javaContainer":"TOMCAT","javaContainerVersion":"9.0.88","isHidden":true},"linuxContainerSettings":{"java8Runtime":"TOMCAT|9.0.88-java8","java11Runtime":"TOMCAT|9.0.88-java11","java17Runtime":"TOMCAT|9.0.88-java17","java21Runtime":"TOMCAT|9.0.88-java21"}}},{"displayText":"Apache
        Tomcat 9.0.83","value":"9.0.83","stackSettings":{"windowsContainerSettings":{"javaContainer":"TOMCAT","javaContainerVersion":"9.0.83"},"linuxContainerSettings":{"java8Runtime":"TOMCAT|9.0.83-java8","java11Runtime":"TOMCAT|9.0.83-java11","java17Runtime":"TOMCAT|9.0.83-java17","java21Runtime":"TOMCAT|9.0.83-java21"}}},{"displayText":"Apache
        Tomcat 9.0.65","value":"9.0.65","stackSettings":{"windowsContainerSettings":{"javaContainer":"TOMCAT","javaContainerVersion":"9.0.65"},"linuxContainerSettings":{"java8Runtime":"TOMCAT|9.0.65-java8","java11Runtime":"TOMCAT|9.0.65-java11","java17Runtime":"TOMCAT|9.0.65-java17"}}},{"displayText":"Apache
        Tomcat 9.0.63","value":"9.0.63","stackSettings":{"windowsContainerSettings":{"javaContainer":"TOMCAT","javaContainerVersion":"9.0.63"},"linuxContainerSettings":{"java8Runtime":"TOMCAT|9.0.63-java8","java11Runtime":"TOMCAT|9.0.63-java11","java17Runtime":"TOMCAT|9.0.63-java17"}}},{"displayText":"Apache
        Tomcat 9.0.62","value":"9.0.62","stackSettings":{"windowsContainerSettings":{"javaContainer":"TOMCAT","javaContainerVersion":"9.0.62"},"linuxContainerSettings":{"java8Runtime":"TOMCAT|9.0.62-java8","java11Runtime":"TOMCAT|9.0.62-java11","java17Runtime":"TOMCAT|9.0.62-java17"}}},{"displayText":"Apache
        Tomcat 9.0.54","value":"9.0.54","stackSettings":{"windowsContainerSettings":{"javaContainer":"TOMCAT","javaContainerVersion":"9.0.54"},"linuxContainerSettings":{"java8Runtime":"TOMCAT|9.0.54-java8","java11Runtime":"TOMCAT|9.0.54-java11","java17Runtime":"TOMCAT|9.0.54-java17"}}},{"displayText":"Apache
        Tomcat 9.0.52","value":"9.0.52","stackSettings":{"windowsContainerSettings":{"javaContainer":"TOMCAT","javaContainerVersion":"9.0.52"},"linuxContainerSettings":{"java8Runtime":"TOMCAT|9.0.52-java8","java11Runtime":"TOMCAT|9.0.52-java11"}}},{"displayText":"Apache
        Tomcat 9.0.46","value":"9.0.46","stackSettings":{"windowsContainerSettings":{"javaContainer":"TOMCAT","javaContainerVersion":"9.0.46"},"linuxContainerSettings":{"java8Runtime":"TOMCAT|9.0.46-java8","java11Runtime":"TOMCAT|9.0.46-java11"}}},{"displayText":"Apache
        Tomcat 9.0.41","value":"9.0.41","stackSettings":{"linuxContainerSettings":{"java8Runtime":"TOMCAT|9.0.41-java8","java11Runtime":"TOMCAT|9.0.41-java11"}}},{"displayText":"Apache
        Tomcat 9.0.38","value":"9.0.38","stackSettings":{"windowsContainerSettings":{"javaContainer":"TOMCAT","javaContainerVersion":"9.0.38"}}},{"displayText":"Apache
        Tomcat 9.0.37","value":"9.0.37","stackSettings":{"windowsContainerSettings":{"javaContainer":"TOMCAT","javaContainerVersion":"9.0.37"},"linuxContainerSettings":{"java11Runtime":"TOMCAT|9.0.37-java11","java8Runtime":"TOMCAT|9.0.37-java8"}}},{"displayText":"Apache
        Tomcat 9.0.33","value":"9.0.33","stackSettings":{"linuxContainerSettings":{"java11Runtime":"TOMCAT|9.0.33-java11","java8Runtime":"TOMCAT|9.0.33-java8"}}},{"displayText":"Apache
        Tomcat 9.0.31","value":"9.0.31","stackSettings":{"windowsContainerSettings":{"javaContainer":"TOMCAT","javaContainerVersion":"9.0.31"}}},{"displayText":"Apache
        Tomcat 9.0.27","value":"9.0.27","stackSettings":{"windowsContainerSettings":{"javaContainer":"TOMCAT","javaContainerVersion":"9.0.27"}}},{"displayText":"Apache
        Tomcat 9.0.21","value":"9.0.21","stackSettings":{"windowsContainerSettings":{"javaContainer":"TOMCAT","javaContainerVersion":"9.0.21"}}},{"displayText":"Apache
        Tomcat 9.0.20","value":"9.0.20","stackSettings":{"linuxContainerSettings":{"java11Runtime":"TOMCAT|9.0.20-java11","java8Runtime":"TOMCAT|9.0.20-java8"}}},{"displayText":"Apache
        Tomcat 9.0.14","value":"9.0.14","stackSettings":{"windowsContainerSettings":{"javaContainer":"TOMCAT","javaContainerVersion":"9.0.14"}}},{"displayText":"Apache
        Tomcat 9.0.12","value":"9.0.12","stackSettings":{"windowsContainerSettings":{"javaContainer":"TOMCAT","javaContainerVersion":"9.0.12"}}},{"displayText":"Apache
        Tomcat 9.0.8","value":"9.0.8","stackSettings":{"windowsContainerSettings":{"javaContainer":"TOMCAT","javaContainerVersion":"9.0.8"}}},{"displayText":"Apache
        Tomcat 9.0.0","value":"9.0.0","stackSettings":{"windowsContainerSettings":{"javaContainer":"TOMCAT","javaContainerVersion":"9.0.0"}}}]},{"displayText":"Apache
        Tomcat 8.5","value":"tomcat8.5","minorVersions":[{"displayText":"Apache Tomcat
        8.5","value":"8.5","stackSettings":{"windowsContainerSettings":{"javaContainer":"TOMCAT","javaContainerVersion":"8.5","isAutoUpdate":true,"endOfLifeDate":"2024-03-31T00:00:00Z"},"linuxContainerSettings":{"java11Runtime":"TOMCAT|8.5-java11","java8Runtime":"TOMCAT|8.5-jre8","isAutoUpdate":true,"endOfLifeDate":"2024-03-31T00:00:00Z"}}},{"displayText":"Apache
        Tomcat 8.5.100","value":"8.5.100","stackSettings":{"linuxContainerSettings":{"java8Runtime":"TOMCAT|8.5.100-java8","java11Runtime":"TOMCAT|8.5.100-java11","endOfLifeDate":"2024-03-31T00:00:00Z"},"windowsContainerSettings":{"javaContainer":"TOMCAT","javaContainerVersion":"8.5.100","endOfLifeDate":"2024-03-31T00:00:00Z"}}},{"displayText":"Apache
        Tomcat 8.5.96","value":"8.5.96","stackSettings":{"linuxContainerSettings":{"java8Runtime":"TOMCAT|8.5.96-java8","java11Runtime":"TOMCAT|8.5.96-java11","endOfLifeDate":"2024-03-31T00:00:00Z"},"windowsContainerSettings":{"javaContainer":"TOMCAT","javaContainerVersion":"8.5.96","endOfLifeDate":"2024-03-31T00:00:00Z"}}},{"displayText":"Apache
        Tomcat 8.5.82","value":"8.5.82","stackSettings":{"linuxContainerSettings":{"java8Runtime":"TOMCAT|8.5.82-java8","java11Runtime":"TOMCAT|8.5.82-java11","endOfLifeDate":"2024-03-31T00:00:00Z"},"windowsContainerSettings":{"javaContainer":"TOMCAT","javaContainerVersion":"8.5.82","endOfLifeDate":"2024-03-31T00:00:00Z"}}},{"displayText":"Apache
        Tomcat 8.5.79","value":"8.5.79","stackSettings":{"linuxContainerSettings":{"java8Runtime":"TOMCAT|8.5.79-java8","java11Runtime":"TOMCAT|8.5.79-java11","endOfLifeDate":"2024-03-31T00:00:00Z"},"windowsContainerSettings":{"javaContainer":"TOMCAT","javaContainerVersion":"8.5.79","endOfLifeDate":"2024-03-31T00:00:00Z"}}},{"displayText":"Apache
        Tomcat 8.5.78","value":"8.5.78","stackSettings":{"linuxContainerSettings":{"java8Runtime":"TOMCAT|8.5.78-java8","java11Runtime":"TOMCAT|8.5.78-java11","endOfLifeDate":"2024-03-31T00:00:00Z"},"windowsContainerSettings":{"javaContainer":"TOMCAT","javaContainerVersion":"8.5.78","endOfLifeDate":"2024-03-31T00:00:00Z"}}},{"displayText":"Apache
        Tomcat 8.5.72","value":"8.5.72","stackSettings":{"linuxContainerSettings":{"java8Runtime":"TOMCAT|8.5.72-java8","java11Runtime":"TOMCAT|8.5.72-java11","endOfLifeDate":"2024-03-31T00:00:00Z"},"windowsContainerSettings":{"javaContainer":"TOMCAT","javaContainerVersion":"8.5.72","endOfLifeDate":"2024-03-31T00:00:00Z"}}},{"displayText":"Apache
        Tomcat 8.5.69","value":"8.5.69","stackSettings":{"linuxContainerSettings":{"java8Runtime":"TOMCAT|8.5.69-java8","java11Runtime":"TOMCAT|8.5.69-java11","endOfLifeDate":"2024-03-31T00:00:00Z"},"windowsContainerSettings":{"javaContainer":"TOMCAT","javaContainerVersion":"8.5.69","endOfLifeDate":"2024-03-31T00:00:00Z"}}},{"displayText":"Apache
        Tomcat 8.5.66","value":"8.5.66","stackSettings":{"linuxContainerSettings":{"java8Runtime":"TOMCAT|8.5.66-java8","java11Runtime":"TOMCAT|8.5.66-java11","endOfLifeDate":"2024-03-31T00:00:00Z"},"windowsContainerSettings":{"javaContainer":"TOMCAT","javaContainerVersion":"8.5.66","endOfLifeDate":"2024-03-31T00:00:00Z"}}},{"displayText":"Apache
        Tomcat 8.5.61","value":"8.5.61","stackSettings":{"linuxContainerSettings":{"java8Runtime":"TOMCAT|8.5.61-java8","java11Runtime":"TOMCAT|8.5.61-java11","endOfLifeDate":"2024-03-31T00:00:00Z"}}},{"displayText":"Apache
        Tomcat 8.5.58","value":"8.5.58","stackSettings":{"windowsContainerSettings":{"javaContainer":"TOMCAT","javaContainerVersion":"8.5.58","endOfLifeDate":"2024-03-31T00:00:00Z"}}},{"displayText":"Apache
        Tomcat 8.5.57","value":"8.5.57","stackSettings":{"windowsContainerSettings":{"javaContainer":"TOMCAT","javaContainerVersion":"8.5.57","endOfLifeDate":"2024-03-31T00:00:00Z"},"linuxContainerSettings":{"java11Runtime":"TOMCAT|8.5.57-java11","java8Runtime":"TOMCAT|8.5.57-java8","endOfLifeDate":"2024-03-31T00:00:00Z"}}},{"displayText":"Apache
        Tomcat 8.5.53","value":"8.5.53","stackSettings":{"linuxContainerSettings":{"java11Runtime":"TOMCAT|8.5.53-java11","java8Runtime":"TOMCAT|8.5.53-java8","endOfLifeDate":"2024-03-31T00:00:00Z"}}},{"displayText":"Apache
        Tomcat 8.5.51","value":"8.5.51","stackSettings":{"windowsContainerSettings":{"javaContainer":"TOMCAT","javaContainerVersion":"8.5.51","endOfLifeDate":"2024-03-31T00:00:00Z"}}},{"displayText":"Apache
        Tomcat 8.5.47","value":"8.5.47","stackSettings":{"windowsContainerSettings":{"javaContainer":"TOMCAT","javaContainerVersion":"8.5.47","endOfLifeDate":"2024-03-31T00:00:00Z"}}},{"displayText":"Apache
        Tomcat 8.5.42","value":"8.5.42","stackSettings":{"windowsContainerSettings":{"javaContainer":"TOMCAT","javaContainerVersion":"8.5.42","endOfLifeDate":"2024-03-31T00:00:00Z"}}},{"displayText":"Apache
        Tomcat 8.5.41","value":"8.5.41","stackSettings":{"linuxContainerSettings":{"java11Runtime":"TOMCAT|8.5.41-java11","java8Runtime":"TOMCAT|8.5.41-java8","endOfLifeDate":"2024-03-31T00:00:00Z"}}},{"displayText":"Apache
        Tomcat 8.5.37","value":"8.5.37","stackSettings":{"windowsContainerSettings":{"javaContainer":"TOMCAT","javaContainerVersion":"8.5.37","endOfLifeDate":"2024-03-31T00:00:00Z"}}},{"displayText":"Apache
        Tomcat 8.5.34","value":"8.5.34","stackSettings":{"windowsContainerSettings":{"javaContainer":"TOMCAT","javaContainerVersion":"8.5.34","endOfLifeDate":"2024-03-31T00:00:00Z"}}},{"displayText":"Apache
        Tomcat 8.5.31","value":"8.5.31","stackSettings":{"windowsContainerSettings":{"javaContainer":"TOMCAT","javaContainerVersion":"8.5.31","endOfLifeDate":"2024-03-31T00:00:00Z"}}},{"displayText":"Apache
        Tomcat 8.5.20","value":"8.5.20","stackSettings":{"windowsContainerSettings":{"javaContainer":"TOMCAT","javaContainerVersion":"8.5.20","endOfLifeDate":"2024-03-31T00:00:00Z"}}},{"displayText":"Apache
        Tomcat 8.5.6","value":"8.5.6","stackSettings":{"windowsContainerSettings":{"javaContainer":"TOMCAT","javaContainerVersion":"8.5.6","endOfLifeDate":"2024-03-31T00:00:00Z"}}}]},{"displayText":"Apache
        Tomcat 8.0","value":"tomcat8.0","minorVersions":[{"displayText":"Apache Tomcat
        8.0","value":"8.0","stackSettings":{"windowsContainerSettings":{"javaContainer":"TOMCAT","javaContainerVersion":"8.0","isAutoUpdate":true,"isDeprecated":true}}},{"displayText":"Apache
        Tomcat 8.0.53","value":"8.0.53","stackSettings":{"windowsContainerSettings":{"javaContainer":"TOMCAT","javaContainerVersion":"8.0.53","isDeprecated":true}}},{"displayText":"Apache
        Tomcat 8.0.46","value":"8.0.46","stackSettings":{"windowsContainerSettings":{"javaContainer":"TOMCAT","javaContainerVersion":"8.0.46","isDeprecated":true}}},{"displayText":"Apache
        Tomcat 8.0.23","value":"8.0.23","stackSettings":{"windowsContainerSettings":{"javaContainer":"TOMCAT","javaContainerVersion":"8.0.23","isDeprecated":true}}}]},{"displayText":"Apache
        Tomcat 7.0","value":"tomcat7.0","minorVersions":[{"displayText":"Apache Tomcat
        7.0","value":"7.0","stackSettings":{"windowsContainerSettings":{"javaContainer":"TOMCAT","javaContainerVersion":"7.0","isAutoUpdate":true,"isDeprecated":true}}},{"displayText":"Apache
        Tomcat 7.0.94","value":"7.0.94","stackSettings":{"windowsContainerSettings":{"javaContainer":"TOMCAT","javaContainerVersion":"7.0.94","isDeprecated":true}}},{"displayText":"Apache
        Tomcat 7.0.81","value":"7.0.81","stackSettings":{"windowsContainerSettings":{"javaContainer":"TOMCAT","javaContainerVersion":"7.0.81","isDeprecated":true}}},{"displayText":"Apache
        Tomcat 7.0.62","value":"7.0.62","stackSettings":{"windowsContainerSettings":{"javaContainer":"TOMCAT","javaContainerVersion":"7.0.62","isDeprecated":true}}},{"displayText":"Apache
        Tomcat 7.0.50","value":"7.0.50","stackSettings":{"windowsContainerSettings":{"javaContainer":"TOMCAT","javaContainerVersion":"7.0.50","isDeprecated":true}}}]},{"displayText":"Jetty
        9.3","value":"jetty9.3","minorVersions":[{"displayText":"Jetty 9.3","value":"9.3","stackSettings":{"windowsContainerSettings":{"javaContainer":"JETTY","javaContainerVersion":"9.3","isAutoUpdate":true,"isDeprecated":true}}},{"displayText":"Jetty
        9.3.25","value":"9.3.25","stackSettings":{"windowsContainerSettings":{"javaContainer":"JETTY","javaContainerVersion":"9.3.25","isDeprecated":true}}},{"displayText":"Jetty
        9.3.13","value":"9.3.13","stackSettings":{"windowsContainerSettings":{"javaContainer":"JETTY","javaContainerVersion":"9.3.13","isDeprecated":true}}}]},{"displayText":"Jetty
        9.1","value":"jetty9.1","minorVersions":[{"displayText":"Jetty 9.1","value":"9.1","stackSettings":{"windowsContainerSettings":{"javaContainer":"JETTY","javaContainerVersion":"9.1","isAutoUpdate":true,"isDeprecated":true}}},{"displayText":"Jetty
        9.1.0","value":"9.1.0","stackSettings":{"windowsContainerSettings":{"javaContainer":"JETTY","javaContainerVersion":"9.1.0","isDeprecated":true}}}]},{"displayText":"WildFly
        14","value":"wildfly14","minorVersions":[{"displayText":"WildFly 14","value":"14","stackSettings":{"linuxContainerSettings":{"java8Runtime":"WILDFLY|14-jre8","isDeprecated":true,"isAutoUpdate":true}}},{"displayText":"WildFly
        14.0.1","value":"14.0.1","stackSettings":{"linuxContainerSettings":{"isDeprecated":true,"java8Runtime":"WILDFLY|14.0.1-java8"}}}]}]}},{"id":null,"name":"staticsite","type":"Microsoft.Web/webAppStacks?stackOsType=All","properties":{"displayText":"HTML
        (Static Content)","value":"staticsite","preferredOs":"linux","majorVersions":[{"displayText":"HTML
        (Static Content)","value":"1","minorVersions":[{"displayText":"HTML (Static
        Content)","value":"1.0","stackSettings":{"linuxRuntimeSettings":{"runtimeVersion":"STATICSITE|1.0","isHidden":true,"remoteDebuggingSupported":false,"appInsightsSettings":{"isSupported":false},"gitHubActionSettings":{"isSupported":false}}}}]}]}},{"id":null,"name":"go","type":"Microsoft.Web/webAppStacks?stackOsType=All","properties":{"displayText":"Go","value":"go","preferredOs":"linux","majorVersions":[{"displayText":"Go
        1","value":"go1","minorVersions":[{"displayText":"Go 1.19 (Experimental)","value":"go1.19","stackSettings":{"linuxRuntimeSettings":{"runtimeVersion":"GO|1.19","remoteDebuggingSupported":false,"isDeprecated":true,"appInsightsSettings":{"isSupported":false},"gitHubActionSettings":{"isSupported":true},"supportedFeatures":{"disableSsh":true},"isHidden":false,"isEarlyAccess":false}}},{"displayText":"Go
        1.18 (Experimental)","value":"go1.18","stackSettings":{"linuxRuntimeSettings":{"runtimeVersion":"GO|1.18","remoteDebuggingSupported":false,"appInsightsSettings":{"isSupported":false},"gitHubActionSettings":{"isSupported":false},"supportedFeatures":{"disableSsh":true},"isHidden":false,"isEarlyAccess":false,"isDeprecated":true}}}]}]}}],"nextLink":null,"id":null}'
    headers:
      cache-control:
      - no-cache
      content-length:
      - '111480'
      content-type:
      - application/json
      date:
      - Fri, 16 May 2025 03:29:31 GMT
      expires:
      - '-1'
      pragma:
      - no-cache
      strict-transport-security:
      - max-age=31536000; includeSubDomains
      x-aspnet-version:
      - 4.0.30319
      x-cache:
      - CONFIG_NOCACHE
      x-content-type-options:
      - nosniff
      x-ms-operation-identifier:
      - ''
      x-msedge-ref:
      - 'Ref A: 65FFCDC8A81744F08EED284A90220F3F Ref B: TYO201100117011 Ref C: 2025-05-16T03:29:31Z'
      x-powered-by:
      - ASP.NET
    status:
      code: 200
      message: OK
- request:
    body: '{"location": "West Europe", "properties": {"serverFarmId": "/subscriptions/00000000-0000-0000-0000-000000000000/resourceGroups/clitest.rg000001/providers/Microsoft.Web/serverfarms/plan-backup000003",
      "reserved": false, "isXenon": false, "hyperV": false, "siteConfig": {"netFrameworkVersion":
      "v4.6", "appSettings": [{"name": "WEBSITE_NODE_DEFAULT_VERSION", "value": "~20"}],
      "alwaysOn": true, "localMySqlEnabled": false, "http20Enabled": true}, "scmSiteAlsoStopped":
      false, "httpsOnly": false}}'
    headers:
      Accept:
      - application/json
      Accept-Encoding:
      - gzip, deflate
      CommandName:
      - webapp create
      Connection:
      - keep-alive
      Content-Length:
      - '494'
      Content-Type:
      - application/json
      ParameterSetName:
      - -g -n --plan
      User-Agent:
      - AZURECLI/2.72.0 azsdk-python-core/1.31.0 Python/3.10.11 (Windows-10-10.0.26100-SP0)
    method: PUT
    uri: https://management.azure.com/subscriptions/00000000-0000-0000-0000-000000000000/resourceGroups/clitest.rg000001/providers/Microsoft.Web/sites/backup-webapp000004?api-version=2023-01-01
  response:
    body:
      string: '{"id":"/subscriptions/00000000-0000-0000-0000-000000000000/resourceGroups/clitest.rg000001/providers/Microsoft.Web/sites/backup-webapp000004","name":"backup-webapp000004","type":"Microsoft.Web/sites","kind":"app","location":"West
        Europe","properties":{"name":"backup-webapp000004","state":"Running","hostNames":["backup-webapp000004.azurewebsites.net"],"webSpace":"clitest.rg000001-WestEuropewebspace","selfLink":"https://waws-prod-am2-011.api.azurewebsites.windows.net:454/subscriptions/00000000-0000-0000-0000-000000000000/webspaces/clitest.rg000001-WestEuropewebspace/sites/backup-webapp000004","repositorySiteName":"backup-webapp000004","owner":null,"usageState":"Normal","enabled":true,"adminEnabled":true,"siteScopedCertificatesEnabled":false,"afdEnabled":false,"enabledHostNames":["backup-webapp000004.azurewebsites.net","backup-webapp000004.scm.azurewebsites.net"],"siteProperties":{"metadata":null,"properties":[{"name":"LinuxFxVersion","value":""},{"name":"WindowsFxVersion","value":null}],"appSettings":null},"availabilityState":"Normal","sslCertificates":null,"csrs":[],"cers":null,"siteMode":null,"hostNameSslStates":[{"name":"backup-webapp000004.azurewebsites.net","sslState":"Disabled","ipBasedSslResult":null,"virtualIP":null,"virtualIPv6":null,"thumbprint":null,"certificateResourceId":null,"toUpdate":null,"toUpdateIpBasedSsl":null,"ipBasedSslState":"NotConfigured","hostType":"Standard"},{"name":"backup-webapp000004.scm.azurewebsites.net","sslState":"Disabled","ipBasedSslResult":null,"virtualIP":null,"virtualIPv6":null,"thumbprint":null,"certificateResourceId":null,"toUpdate":null,"toUpdateIpBasedSsl":null,"ipBasedSslState":"NotConfigured","hostType":"Repository"}],"computeMode":null,"serverFarm":null,"serverFarmId":"/subscriptions/00000000-0000-0000-0000-000000000000/resourceGroups/clitest.rg000001/providers/Microsoft.Web/serverfarms/plan-backup000003","reserved":false,"isXenon":false,"hyperV":false,"sandboxType":null,"lastModifiedTimeUtc":"2025-05-16T03:29:41.833","storageRecoveryDefaultState":"Running","contentAvailabilityState":"Normal","runtimeAvailabilityState":"Normal","dnsConfiguration":{},"vnetRouteAllEnabled":false,"containerAllocationSubnet":null,"useContainerLocalhostBindings":null,"vnetImagePullEnabled":false,"vnetContentShareEnabled":false,"outboundVnetRouting":{"allTraffic":false,"applicationTraffic":false,"contentShareTraffic":false,"imagePullTraffic":false,"backupRestoreTraffic":false},"siteConfig":{"numberOfWorkers":1,"defaultDocuments":null,"netFrameworkVersion":null,"phpVersion":null,"pythonVersion":null,"nodeVersion":null,"powerShellVersion":null,"linuxFxVersion":"","windowsFxVersion":null,"sandboxType":null,"windowsConfiguredStacks":null,"requestTracingEnabled":null,"remoteDebuggingEnabled":null,"remoteDebuggingVersion":null,"httpLoggingEnabled":null,"azureMonitorLogCategories":null,"acrUseManagedIdentityCreds":false,"acrUserManagedIdentityID":null,"logsDirectorySizeLimit":null,"detailedErrorLoggingEnabled":null,"publishingUsername":null,"publishingPassword":null,"appSettings":null,"metadata":null,"connectionStrings":null,"machineKey":null,"handlerMappings":null,"documentRoot":null,"scmType":null,"use32BitWorkerProcess":null,"webSocketsEnabled":null,"alwaysOn":false,"javaVersion":null,"javaContainer":null,"javaContainerVersion":null,"appCommandLine":null,"managedPipelineMode":null,"virtualApplications":null,"winAuthAdminState":null,"winAuthTenantState":null,"customAppPoolIdentityAdminState":null,"customAppPoolIdentityTenantState":null,"runtimeADUser":null,"runtimeADUserPassword":null,"loadBalancing":null,"routingRules":null,"experiments":null,"limits":null,"autoHealEnabled":null,"autoHealRules":null,"tracingOptions":null,"vnetName":null,"vnetRouteAllEnabled":null,"vnetPrivatePortsCount":null,"publicNetworkAccess":null,"cors":null,"push":null,"apiDefinition":null,"apiManagementConfig":null,"autoSwapSlotName":null,"localMySqlEnabled":null,"managedServiceIdentityId":null,"xManagedServiceIdentityId":null,"keyVaultReferenceIdentity":null,"ipSecurityRestrictions":[{"ipAddress":"Any","action":"Allow","priority":2147483647,"name":"Allow
        all","description":"Allow all access"}],"ipSecurityRestrictionsDefaultAction":null,"scmIpSecurityRestrictions":[{"ipAddress":"Any","action":"Allow","priority":2147483647,"name":"Allow
        all","description":"Allow all access"}],"scmIpSecurityRestrictionsDefaultAction":null,"scmIpSecurityRestrictionsUseMain":null,"http20Enabled":false,"minTlsVersion":null,"minTlsCipherSuite":null,"scmMinTlsCipherSuite":null,"supportedTlsCipherSuites":null,"scmSupportedTlsCipherSuites":null,"scmMinTlsVersion":null,"ftpsState":null,"preWarmedInstanceCount":null,"functionAppScaleLimit":null,"elasticWebAppScaleLimit":0,"healthCheckPath":null,"fileChangeAuditEnabled":null,"functionsRuntimeScaleMonitoringEnabled":null,"websiteTimeZone":null,"minimumElasticInstanceCount":0,"azureStorageAccounts":null,"http20ProxyFlag":null,"sitePort":null,"antivirusScanEnabled":null,"storageType":null,"sitePrivateLinkHostEnabled":null,"clusteringEnabled":false},"functionAppConfig":null,"daprConfig":null,"deploymentId":"backup-webapp000004","slotName":null,"trafficManagerHostNames":null,"sku":"Standard","scmSiteAlsoStopped":false,"targetSwapSlot":null,"hostingEnvironment":null,"hostingEnvironmentProfile":null,"clientAffinityEnabled":true,"clientAffinityProxyEnabled":false,"useQueryStringAffinity":false,"blockPathTraversal":false,"clientCertEnabled":false,"clientCertMode":"Required","clientCertExclusionPaths":null,"clientCertExclusionEndPoints":null,"hostNamesDisabled":false,"ipMode":"IPv4","vnetBackupRestoreEnabled":false,"domainVerificationIdentifiers":null,"customDomainVerificationId":"253001F2FCF5A7B1CD759EB861E9BB1596370BE27E47A991F72184277B3D12F2","kind":"app","managedEnvironmentId":null,"workloadProfileName":null,"resourceConfig":null,"inboundIpAddress":"23.97.208.18","possibleInboundIpAddresses":"23.97.208.18,13.69.68.27","inboundIpv6Address":"2603:1020:206:8::32","possibleInboundIpv6Addresses":"2603:1020:206:8::32","ftpUsername":"backup-webapp000004\\$backup-webapp000004","ftpsHostName":"ftps://waws-prod-am2-011.ftp.azurewebsites.windows.net/site/wwwroot","outboundIpAddresses":"23.97.209.229,23.97.210.39,23.97.210.106,23.97.211.140,23.97.208.18","possibleOutboundIpAddresses":"23.97.209.229,23.97.210.39,23.97.210.106,23.97.211.140,9.163.184.111,40.74.55.110,40.74.55.221,40.68.7.51,40.74.55.207,40.74.55.253,20.229.254.157,20.229.254.174,20.229.254.210,20.229.254.227,20.229.255.30,20.229.255.77,98.64.24.48,98.64.24.54,98.64.25.1,98.64.25.4,98.64.25.7,98.64.25.8,23.97.208.18","outboundIpv6Addresses":"2603:1020:206:8::32,2603:10e1:100:2::1761:d012","possibleOutboundIpv6Addresses":"2603:1020:206:8::32,2603:10e1:100:2::1761:d012","containerSize":0,"dailyMemoryTimeQuota":0,"suspendedTill":null,"siteDisabledReason":0,"functionExecutionUnitsCache":null,"maxNumberOfWorkers":null,"homeStamp":"waws-prod-am2-011","cloningInfo":null,"hostingEnvironmentId":null,"tags":null,"resourceGroup":"clitest.rg000001","defaultHostName":"backup-webapp000004.azurewebsites.net","slotSwapStatus":null,"httpsOnly":false,"endToEndEncryptionEnabled":false,"functionsRuntimeAdminIsolationEnabled":false,"redundancyMode":"None","inProgressOperationId":null,"geoDistributions":null,"privateEndpointConnections":null,"publicNetworkAccess":null,"buildVersion":null,"targetBuildVersion":null,"migrationState":null,"eligibleLogCategories":"AppServiceAppLogs,AppServiceAuditLogs,AppServiceConsoleLogs,AppServiceHTTPLogs,AppServiceIPSecAuditLogs,AppServicePlatformLogs,ScanLogs,AppServiceAuthenticationLogs","inFlightFeatures":null,"storageAccountRequired":false,"virtualNetworkSubnetId":null,"keyVaultReferenceIdentity":"SystemAssigned","autoGeneratedDomainNameLabelScope":null,"privateLinkIdentifiers":null,"sshEnabled":null}}'
    headers:
      cache-control:
      - no-cache
      content-length:
      - '7824'
      content-type:
      - application/json
      date:
      - Fri, 16 May 2025 03:29:58 GMT
      etag:
      - '"1DBC612C61C8370"'
      expires:
      - '-1'
      pragma:
      - no-cache
      strict-transport-security:
      - max-age=31536000; includeSubDomains
      x-aspnet-version:
      - 4.0.30319
      x-cache:
      - CONFIG_NOCACHE
      x-content-type-options:
      - nosniff
      x-ms-operation-identifier:
      - tenantId=54826b22-38d6-4fb2-bad9-b7b93a3e9c5a,objectId=d44a2991-98c6-47c3-b59b-2b30d72cfcc2/japaneast/dd807e66-538f-4d18-9dd5-56db6b3e8de3
      x-ms-ratelimit-remaining-subscription-resource-requests:
      - '499'
      x-msedge-ref:
      - 'Ref A: 473BBEE01DD5472EA16D1CB66CB95A04 Ref B: TYO201100114051 Ref C: 2025-05-16T03:29:32Z'
      x-powered-by:
      - ASP.NET
    status:
      code: 200
      message: OK
- request:
    body: '{"format": "WebDeploy"}'
    headers:
      Accept:
      - application/xml
      Accept-Encoding:
      - gzip, deflate
      CommandName:
      - webapp create
      Connection:
      - keep-alive
      Content-Length:
      - '23'
      Content-Type:
      - application/json
      ParameterSetName:
      - -g -n --plan
      User-Agent:
      - AZURECLI/2.72.0 azsdk-python-core/1.31.0 Python/3.10.11 (Windows-10-10.0.26100-SP0)
    method: POST
    uri: https://management.azure.com/subscriptions/00000000-0000-0000-0000-000000000000/resourceGroups/clitest.rg000001/providers/Microsoft.Web/sites/backup-webapp000004/publishxml?api-version=2023-01-01
  response:
    body:
      string: <publishData><publishProfile profileName="backup-webapp000004 - Web
        Deploy" publishMethod="MSDeploy" publishUrl="backup-webapp000004.scm.azurewebsites.net:443"
        msdeploySite="backup-webapp000004" userName="REDACTED" userPWD="REDACTED"
        destinationAppUrl="http://backup-webapp000004.azurewebsites.net" SQLServerDBConnectionString="REDACTED"
        mySQLDBConnectionString="" hostingProviderForumLink="" controlPanelLink="https://portal.azure.com"
        webSystem="WebSites"><databases /></publishProfile><publishProfile profileName="backup-webapp000004
        - FTP" publishMethod="FTP" publishUrl="ftps://waws-prod-am2-011.ftp.azurewebsites.windows.net/site/wwwroot"
        ftpPassiveMode="True" userName="REDACTED" userPWD="REDACTED" destinationAppUrl="http://backup-webapp000004.azurewebsites.net"
        SQLServerDBConnectionString="REDACTED" mySQLDBConnectionString="" hostingProviderForumLink=""
        controlPanelLink="https://portal.azure.com" webSystem="WebSites"><databases
        /></publishProfile><publishProfile profileName="backup-webapp000004 - Zip
        Deploy" publishMethod="ZipDeploy" publishUrl="backup-webapp000004.scm.azurewebsites.net:443"
        userName="REDACTED" userPWD="REDACTED" destinationAppUrl="http://backup-webapp000004.azurewebsites.net"
        SQLServerDBConnectionString="REDACTED" mySQLDBConnectionString="" hostingProviderForumLink=""
        controlPanelLink="https://portal.azure.com" webSystem="WebSites"><databases
        /></publishProfile><publishProfile profileName="backup-webapp000004 - ReadOnly
        - FTP" publishMethod="FTP" publishUrl="ftps://waws-prod-am2-011dr.ftp.azurewebsites.windows.net/site/wwwroot"
        ftpPassiveMode="True" userName="REDACTED" userPWD="REDACTED" destinationAppUrl="http://backup-webapp000004.azurewebsites.net"
        SQLServerDBConnectionString="REDACTED" mySQLDBConnectionString="" hostingProviderForumLink=""
        controlPanelLink="https://portal.azure.com" webSystem="WebSites"><databases
        /></publishProfile></publishData>
    headers:
      cache-control:
      - no-cache
      content-length:
      - '1900'
      content-type:
      - application/xml
      date:
      - Fri, 16 May 2025 03:30:00 GMT
      expires:
      - '-1'
      pragma:
      - no-cache
      strict-transport-security:
      - max-age=31536000; includeSubDomains
      x-aspnet-version:
      - 4.0.30319
      x-cache:
      - CONFIG_NOCACHE
      x-content-type-options:
      - nosniff
      x-ms-operation-identifier:
      - tenantId=54826b22-38d6-4fb2-bad9-b7b93a3e9c5a,objectId=d44a2991-98c6-47c3-b59b-2b30d72cfcc2/japanwest/7c983660-a3f4-4620-a9d6-b6a2bde1f841
      x-ms-ratelimit-remaining-subscription-resource-requests:
      - '799'
      x-msedge-ref:
      - 'Ref A: 0118DBB3B0754596BF1C50F8FB768B06 Ref B: TYO201100117037 Ref C: 2025-05-16T03:29:59Z'
      x-powered-by:
      - ASP.NET
    status:
      code: 200
      message: OK
- request:
    body: null
    headers:
      Accept:
      - application/json
      Accept-Encoding:
      - gzip, deflate
      CommandName:
      - webapp deployment slot create
      Connection:
      - keep-alive
      ParameterSetName:
      - -g -n -s
      User-Agent:
      - AZURECLI/2.72.0 azsdk-python-core/1.31.0 Python/3.10.11 (Windows-10-10.0.26100-SP0)
    method: GET
    uri: https://management.azure.com/subscriptions/00000000-0000-0000-0000-000000000000/resourceGroups/clitest.rg000001/providers/Microsoft.Web/sites/backup-webapp000004?api-version=2023-01-01
  response:
    body:
      string: '{"id":"/subscriptions/00000000-0000-0000-0000-000000000000/resourceGroups/clitest.rg000001/providers/Microsoft.Web/sites/backup-webapp000004","name":"backup-webapp000004","type":"Microsoft.Web/sites","kind":"app","location":"West
        Europe","properties":{"name":"backup-webapp000004","state":"Running","hostNames":["backup-webapp000004.azurewebsites.net"],"webSpace":"clitest.rg000001-WestEuropewebspace","selfLink":"https://waws-prod-am2-011.api.azurewebsites.windows.net:454/subscriptions/00000000-0000-0000-0000-000000000000/webspaces/clitest.rg000001-WestEuropewebspace/sites/backup-webapp000004","repositorySiteName":"backup-webapp000004","owner":null,"usageState":"Normal","enabled":true,"adminEnabled":true,"siteScopedCertificatesEnabled":false,"afdEnabled":false,"enabledHostNames":["backup-webapp000004.azurewebsites.net","backup-webapp000004.scm.azurewebsites.net"],"siteProperties":{"metadata":null,"properties":[{"name":"LinuxFxVersion","value":""},{"name":"WindowsFxVersion","value":null}],"appSettings":null},"availabilityState":"Normal","sslCertificates":null,"csrs":[],"cers":null,"siteMode":null,"hostNameSslStates":[{"name":"backup-webapp000004.azurewebsites.net","sslState":"Disabled","ipBasedSslResult":null,"virtualIP":null,"virtualIPv6":null,"thumbprint":null,"certificateResourceId":null,"toUpdate":null,"toUpdateIpBasedSsl":null,"ipBasedSslState":"NotConfigured","hostType":"Standard"},{"name":"backup-webapp000004.scm.azurewebsites.net","sslState":"Disabled","ipBasedSslResult":null,"virtualIP":null,"virtualIPv6":null,"thumbprint":null,"certificateResourceId":null,"toUpdate":null,"toUpdateIpBasedSsl":null,"ipBasedSslState":"NotConfigured","hostType":"Repository"}],"computeMode":null,"serverFarm":null,"serverFarmId":"/subscriptions/00000000-0000-0000-0000-000000000000/resourceGroups/clitest.rg000001/providers/Microsoft.Web/serverfarms/plan-backup000003","reserved":false,"isXenon":false,"hyperV":false,"sandboxType":null,"lastModifiedTimeUtc":"2025-05-16T03:29:58.387","storageRecoveryDefaultState":"Running","contentAvailabilityState":"Normal","runtimeAvailabilityState":"Normal","dnsConfiguration":{},"vnetRouteAllEnabled":false,"containerAllocationSubnet":null,"useContainerLocalhostBindings":null,"vnetImagePullEnabled":false,"vnetContentShareEnabled":false,"outboundVnetRouting":null,"siteConfig":{"numberOfWorkers":1,"defaultDocuments":null,"netFrameworkVersion":null,"phpVersion":null,"pythonVersion":null,"nodeVersion":null,"powerShellVersion":null,"linuxFxVersion":"","windowsFxVersion":null,"sandboxType":null,"windowsConfiguredStacks":null,"requestTracingEnabled":null,"remoteDebuggingEnabled":null,"remoteDebuggingVersion":null,"httpLoggingEnabled":null,"azureMonitorLogCategories":null,"acrUseManagedIdentityCreds":false,"acrUserManagedIdentityID":null,"logsDirectorySizeLimit":null,"detailedErrorLoggingEnabled":null,"publishingUsername":null,"publishingPassword":null,"appSettings":null,"metadata":null,"connectionStrings":null,"machineKey":null,"handlerMappings":null,"documentRoot":null,"scmType":null,"use32BitWorkerProcess":null,"webSocketsEnabled":null,"alwaysOn":true,"javaVersion":null,"javaContainer":null,"javaContainerVersion":null,"appCommandLine":null,"managedPipelineMode":null,"virtualApplications":null,"winAuthAdminState":null,"winAuthTenantState":null,"customAppPoolIdentityAdminState":null,"customAppPoolIdentityTenantState":null,"runtimeADUser":null,"runtimeADUserPassword":null,"loadBalancing":null,"routingRules":null,"experiments":null,"limits":null,"autoHealEnabled":null,"autoHealRules":null,"tracingOptions":null,"vnetName":null,"vnetRouteAllEnabled":null,"vnetPrivatePortsCount":null,"publicNetworkAccess":null,"cors":null,"push":null,"apiDefinition":null,"apiManagementConfig":null,"autoSwapSlotName":null,"localMySqlEnabled":null,"managedServiceIdentityId":null,"xManagedServiceIdentityId":null,"keyVaultReferenceIdentity":null,"ipSecurityRestrictions":null,"ipSecurityRestrictionsDefaultAction":null,"scmIpSecurityRestrictions":null,"scmIpSecurityRestrictionsDefaultAction":null,"scmIpSecurityRestrictionsUseMain":null,"http20Enabled":true,"minTlsVersion":null,"minTlsCipherSuite":null,"scmMinTlsCipherSuite":null,"supportedTlsCipherSuites":null,"scmSupportedTlsCipherSuites":null,"scmMinTlsVersion":null,"ftpsState":null,"preWarmedInstanceCount":null,"functionAppScaleLimit":0,"elasticWebAppScaleLimit":null,"healthCheckPath":null,"fileChangeAuditEnabled":null,"functionsRuntimeScaleMonitoringEnabled":null,"websiteTimeZone":null,"minimumElasticInstanceCount":0,"azureStorageAccounts":null,"http20ProxyFlag":null,"sitePort":null,"antivirusScanEnabled":null,"storageType":null,"sitePrivateLinkHostEnabled":null,"clusteringEnabled":false},"functionAppConfig":null,"daprConfig":null,"deploymentId":"backup-webapp000004","slotName":null,"trafficManagerHostNames":null,"sku":"Standard","scmSiteAlsoStopped":false,"targetSwapSlot":null,"hostingEnvironment":null,"hostingEnvironmentProfile":null,"clientAffinityEnabled":true,"clientAffinityProxyEnabled":false,"useQueryStringAffinity":false,"blockPathTraversal":false,"clientCertEnabled":false,"clientCertMode":"Required","clientCertExclusionPaths":null,"clientCertExclusionEndPoints":null,"hostNamesDisabled":false,"ipMode":"IPv4","vnetBackupRestoreEnabled":false,"domainVerificationIdentifiers":null,"customDomainVerificationId":"253001F2FCF5A7B1CD759EB861E9BB1596370BE27E47A991F72184277B3D12F2","kind":"app","managedEnvironmentId":null,"workloadProfileName":null,"resourceConfig":null,"inboundIpAddress":"23.97.208.18","possibleInboundIpAddresses":"23.97.208.18,13.69.68.27","inboundIpv6Address":"2603:1020:206:8::32","possibleInboundIpv6Addresses":"2603:1020:206:8::32","ftpUsername":"backup-webapp000004\\$backup-webapp000004","ftpsHostName":"ftps://waws-prod-am2-011.ftp.azurewebsites.windows.net/site/wwwroot","outboundIpAddresses":"23.97.209.229,23.97.210.39,23.97.210.106,23.97.211.140,23.97.208.18","possibleOutboundIpAddresses":"23.97.209.229,23.97.210.39,23.97.210.106,23.97.211.140,9.163.184.111,40.74.55.110,40.74.55.221,40.68.7.51,40.74.55.207,40.74.55.253,20.229.254.157,20.229.254.174,20.229.254.210,20.229.254.227,20.229.255.30,20.229.255.77,98.64.24.48,98.64.24.54,98.64.25.1,98.64.25.4,98.64.25.7,98.64.25.8,23.97.208.18","outboundIpv6Addresses":"2603:1020:206:8::32,2603:10e1:100:2::1761:d012","possibleOutboundIpv6Addresses":"2603:1020:206:8::32,2603:10e1:100:2::1761:d012","containerSize":0,"dailyMemoryTimeQuota":0,"suspendedTill":null,"siteDisabledReason":0,"functionExecutionUnitsCache":null,"maxNumberOfWorkers":null,"homeStamp":"waws-prod-am2-011","cloningInfo":null,"hostingEnvironmentId":null,"tags":null,"resourceGroup":"clitest.rg000001","defaultHostName":"backup-webapp000004.azurewebsites.net","slotSwapStatus":null,"httpsOnly":false,"endToEndEncryptionEnabled":false,"functionsRuntimeAdminIsolationEnabled":false,"redundancyMode":"None","inProgressOperationId":null,"geoDistributions":null,"privateEndpointConnections":[],"publicNetworkAccess":null,"buildVersion":null,"targetBuildVersion":null,"migrationState":null,"eligibleLogCategories":"AppServiceAppLogs,AppServiceAuditLogs,AppServiceConsoleLogs,AppServiceHTTPLogs,AppServiceIPSecAuditLogs,AppServicePlatformLogs,ScanLogs,AppServiceAuthenticationLogs","inFlightFeatures":["SiteContainers"],"storageAccountRequired":false,"virtualNetworkSubnetId":null,"keyVaultReferenceIdentity":"SystemAssigned","autoGeneratedDomainNameLabelScope":null,"privateLinkIdentifiers":null,"sshEnabled":null}}'
    headers:
      cache-control:
      - no-cache
      content-length:
      - '7493'
      content-type:
      - application/json
      date:
      - Fri, 16 May 2025 03:30:07 GMT
      etag:
      - '"1DBC612CCB7CC30"'
      expires:
      - '-1'
      pragma:
      - no-cache
      strict-transport-security:
      - max-age=31536000; includeSubDomains
      x-aspnet-version:
      - 4.0.30319
      x-cache:
      - CONFIG_NOCACHE
      x-content-type-options:
      - nosniff
      x-ms-ratelimit-remaining-subscription-global-reads:
      - '3747'
      x-msedge-ref:
      - 'Ref A: 33545D69C287442DB7E9B17EA0EFBCDA Ref B: TYO201151003040 Ref C: 2025-05-16T03:30:03Z'
      x-powered-by:
      - ASP.NET
    status:
      code: 200
      message: OK
- request:
    body: null
    headers:
      Accept:
      - application/json
      Accept-Encoding:
      - gzip, deflate
      CommandName:
      - webapp deployment slot create
      Connection:
      - keep-alive
      ParameterSetName:
      - -g -n -s
      User-Agent:
      - AZURECLI/2.72.0 azsdk-python-core/1.31.0 Python/3.10.11 (Windows-10-10.0.26100-SP0)
    method: GET
    uri: https://management.azure.com/subscriptions/00000000-0000-0000-0000-000000000000/resourceGroups/clitest.rg000001/providers/Microsoft.Web/sites/backup-webapp000004/config/web?api-version=2023-01-01
  response:
    body:
      string: '{"id":"/subscriptions/00000000-0000-0000-0000-000000000000/resourceGroups/clitest.rg000001/providers/Microsoft.Web/sites/backup-webapp000004/config/web","name":"backup-webapp000004","type":"Microsoft.Web/sites/config","location":"West
        Europe","properties":{"numberOfWorkers":1,"defaultDocuments":["Default.htm","Default.html","Default.asp","index.htm","index.html","iisstart.htm","default.aspx","index.php","hostingstart.html"],"netFrameworkVersion":"v4.0","phpVersion":"5.6","pythonVersion":"","nodeVersion":"","powerShellVersion":"","linuxFxVersion":"","windowsFxVersion":null,"sandboxType":null,"windowsConfiguredStacks":[],"requestTracingEnabled":false,"remoteDebuggingEnabled":false,"remoteDebuggingVersion":null,"httpLoggingEnabled":false,"azureMonitorLogCategories":null,"acrUseManagedIdentityCreds":false,"acrUserManagedIdentityID":null,"logsDirectorySizeLimit":35,"detailedErrorLoggingEnabled":false,"publishingUsername":"REDACTED","publishingPassword":null,"appSettings":null,"metadata":null,"connectionStrings":null,"machineKey":null,"handlerMappings":null,"documentRoot":null,"scmType":"None","use32BitWorkerProcess":true,"webSocketsEnabled":false,"alwaysOn":true,"javaVersion":null,"javaContainer":null,"javaContainerVersion":null,"appCommandLine":"","managedPipelineMode":"Integrated","virtualApplications":[{"virtualPath":"/","physicalPath":"site\\wwwroot","preloadEnabled":true,"virtualDirectories":null}],"winAuthAdminState":0,"winAuthTenantState":0,"customAppPoolIdentityAdminState":true,"customAppPoolIdentityTenantState":false,"runtimeADUser":null,"runtimeADUserPassword":null,"loadBalancing":"LeastRequests","routingRules":[],"experiments":{"rampUpRules":[]},"limits":null,"autoHealEnabled":false,"autoHealRules":null,"tracingOptions":null,"vnetName":"","vnetRouteAllEnabled":false,"vnetPrivatePortsCount":0,"publicNetworkAccess":null,"siteAuthEnabled":false,"siteAuthSettings":{"enabled":null,"unauthenticatedClientAction":null,"tokenStoreEnabled":null,"allowedExternalRedirectUrls":null,"defaultProvider":null,"clientId":null,"clientSecret":null,"clientSecretSettingName":null,"clientSecretCertificateThumbprint":null,"issuer":null,"allowedAudiences":null,"additionalLoginParams":null,"isAadAutoProvisioned":false,"aadClaimsAuthorization":null,"googleClientId":null,"googleClientSecret":null,"googleClientSecretSettingName":null,"googleOAuthScopes":null,"facebookAppId":null,"facebookAppSecret":null,"facebookAppSecretSettingName":null,"facebookOAuthScopes":null,"gitHubClientId":null,"gitHubClientSecret":null,"gitHubClientSecretSettingName":null,"gitHubOAuthScopes":null,"twitterConsumerKey":null,"twitterConsumerSecret":null,"twitterConsumerSecretSettingName":null,"microsoftAccountClientId":null,"microsoftAccountClientSecret":null,"microsoftAccountClientSecretSettingName":null,"microsoftAccountOAuthScopes":null,"configVersion":null},"cors":null,"push":null,"apiDefinition":null,"apiManagementConfig":null,"autoSwapSlotName":null,"localMySqlEnabled":false,"managedServiceIdentityId":null,"xManagedServiceIdentityId":null,"keyVaultReferenceIdentity":null,"ipSecurityRestrictions":[{"ipAddress":"Any","action":"Allow","priority":2147483647,"name":"Allow
        all","description":"Allow all access"}],"ipSecurityRestrictionsDefaultAction":null,"scmIpSecurityRestrictions":[{"ipAddress":"Any","action":"Allow","priority":2147483647,"name":"Allow
        all","description":"Allow all access"}],"scmIpSecurityRestrictionsDefaultAction":null,"scmIpSecurityRestrictionsUseMain":false,"http20Enabled":true,"minTlsVersion":"1.2","minTlsCipherSuite":null,"scmMinTlsCipherSuite":null,"supportedTlsCipherSuites":null,"scmSupportedTlsCipherSuites":null,"scmMinTlsVersion":"1.2","ftpsState":"FtpsOnly","preWarmedInstanceCount":0,"functionAppScaleLimit":null,"elasticWebAppScaleLimit":0,"healthCheckPath":null,"fileChangeAuditEnabled":false,"functionsRuntimeScaleMonitoringEnabled":false,"websiteTimeZone":null,"minimumElasticInstanceCount":0,"azureStorageAccounts":{},"http20ProxyFlag":0,"sitePort":null,"antivirusScanEnabled":false,"storageType":"StorageVolume","sitePrivateLinkHostEnabled":false,"clusteringEnabled":false}}'
    headers:
      cache-control:
      - no-cache
      content-length:
      - '4126'
      content-type:
      - application/json
      date:
      - Fri, 16 May 2025 03:30:10 GMT
      expires:
      - '-1'
      pragma:
      - no-cache
      strict-transport-security:
      - max-age=31536000; includeSubDomains
      x-aspnet-version:
      - 4.0.30319
      x-cache:
      - CONFIG_NOCACHE
      x-content-type-options:
      - nosniff
      x-ms-operation-identifier:
      - tenantId=54826b22-38d6-4fb2-bad9-b7b93a3e9c5a,objectId=d44a2991-98c6-47c3-b59b-2b30d72cfcc2/japaneast/b67534d5-babc-43f5-805a-32e2e295b790
      x-ms-ratelimit-remaining-subscription-global-reads:
      - '3749'
      x-msedge-ref:
      - 'Ref A: 78D3102E4DD74E56880CBFFE2813C0BE Ref B: TYO201151005023 Ref C: 2025-05-16T03:30:08Z'
      x-powered-by:
      - ASP.NET
    status:
      code: 200
      message: OK
- request:
    body: '{"location": "West Europe", "properties": {"serverFarmId": "/subscriptions/00000000-0000-0000-0000-000000000000/resourceGroups/clitest.rg000001/providers/Microsoft.Web/serverfarms/plan-backup000003",
      "reserved": false, "isXenon": false, "hyperV": false, "siteConfig": {"netFrameworkVersion":
      "v4.6", "localMySqlEnabled": false, "http20Enabled": true}, "scmSiteAlsoStopped":
      false, "clientCertEnabled": false, "clientCertMode": "Required", "httpsOnly":
      false}}'
    headers:
      Accept:
      - application/json
      Accept-Encoding:
      - gzip, deflate
      CommandName:
      - webapp deployment slot create
      Connection:
      - keep-alive
      Content-Length:
      - '459'
      Content-Type:
      - application/json
      ParameterSetName:
      - -g -n -s
      User-Agent:
      - AZURECLI/2.72.0 azsdk-python-core/1.31.0 Python/3.10.11 (Windows-10-10.0.26100-SP0)
    method: PUT
    uri: https://management.azure.com/subscriptions/00000000-0000-0000-0000-000000000000/resourceGroups/clitest.rg000001/providers/Microsoft.Web/sites/backup-webapp000004/slots/slot?api-version=2023-01-01
  response:
    body:
      string: '{"id":"/subscriptions/00000000-0000-0000-0000-000000000000/resourceGroups/clitest.rg000001/providers/Microsoft.Web/sites/backup-webapp000004/slots/slot","name":"backup-webapp000004/slot","type":"Microsoft.Web/sites/slots","kind":"app","location":"West
        Europe","properties":{"name":"backup-webapp000004(slot)","state":"Running","hostNames":["backup-webapp000004-slot.azurewebsites.net"],"webSpace":"clitest.rg000001-WestEuropewebspace","selfLink":"https://waws-prod-am2-011.api.azurewebsites.windows.net:454/subscriptions/00000000-0000-0000-0000-000000000000/webspaces/clitest.rg000001-WestEuropewebspace/sites/backup-webapp000004","repositorySiteName":"backup-webapp000004","owner":null,"usageState":"Normal","enabled":true,"adminEnabled":true,"siteScopedCertificatesEnabled":false,"afdEnabled":false,"enabledHostNames":["backup-webapp000004-slot.azurewebsites.net","backup-webapp000004-slot.scm.azurewebsites.net"],"siteProperties":{"metadata":null,"properties":[{"name":"LinuxFxVersion","value":""},{"name":"WindowsFxVersion","value":null}],"appSettings":null},"availabilityState":"Normal","sslCertificates":null,"csrs":[],"cers":null,"siteMode":null,"hostNameSslStates":[{"name":"backup-webapp000004-slot.azurewebsites.net","sslState":"Disabled","ipBasedSslResult":null,"virtualIP":null,"virtualIPv6":null,"thumbprint":null,"certificateResourceId":null,"toUpdate":null,"toUpdateIpBasedSsl":null,"ipBasedSslState":"NotConfigured","hostType":"Standard"},{"name":"backup-webapp000004-slot.scm.azurewebsites.net","sslState":"Disabled","ipBasedSslResult":null,"virtualIP":null,"virtualIPv6":null,"thumbprint":null,"certificateResourceId":null,"toUpdate":null,"toUpdateIpBasedSsl":null,"ipBasedSslState":"NotConfigured","hostType":"Repository"}],"computeMode":null,"serverFarm":null,"serverFarmId":"/subscriptions/00000000-0000-0000-0000-000000000000/resourceGroups/clitest.rg000001/providers/Microsoft.Web/serverfarms/plan-backup000003","reserved":false,"isXenon":false,"hyperV":false,"sandboxType":null,"lastModifiedTimeUtc":"2025-05-16T03:30:17.803","storageRecoveryDefaultState":"Running","contentAvailabilityState":"Normal","runtimeAvailabilityState":"Normal","dnsConfiguration":{},"vnetRouteAllEnabled":false,"containerAllocationSubnet":null,"useContainerLocalhostBindings":null,"vnetImagePullEnabled":false,"vnetContentShareEnabled":false,"outboundVnetRouting":{"allTraffic":false,"applicationTraffic":false,"contentShareTraffic":false,"imagePullTraffic":false,"backupRestoreTraffic":false},"siteConfig":{"numberOfWorkers":1,"defaultDocuments":null,"netFrameworkVersion":null,"phpVersion":null,"pythonVersion":null,"nodeVersion":null,"powerShellVersion":null,"linuxFxVersion":"","windowsFxVersion":null,"sandboxType":null,"windowsConfiguredStacks":null,"requestTracingEnabled":null,"remoteDebuggingEnabled":null,"remoteDebuggingVersion":null,"httpLoggingEnabled":null,"azureMonitorLogCategories":null,"acrUseManagedIdentityCreds":false,"acrUserManagedIdentityID":null,"logsDirectorySizeLimit":null,"detailedErrorLoggingEnabled":null,"publishingUsername":null,"publishingPassword":null,"appSettings":null,"metadata":null,"connectionStrings":null,"machineKey":null,"handlerMappings":null,"documentRoot":null,"scmType":null,"use32BitWorkerProcess":null,"webSocketsEnabled":null,"alwaysOn":false,"javaVersion":null,"javaContainer":null,"javaContainerVersion":null,"appCommandLine":null,"managedPipelineMode":null,"virtualApplications":null,"winAuthAdminState":null,"winAuthTenantState":null,"customAppPoolIdentityAdminState":null,"customAppPoolIdentityTenantState":null,"runtimeADUser":null,"runtimeADUserPassword":null,"loadBalancing":null,"routingRules":null,"experiments":null,"limits":null,"autoHealEnabled":null,"autoHealRules":null,"tracingOptions":null,"vnetName":null,"vnetRouteAllEnabled":null,"vnetPrivatePortsCount":null,"publicNetworkAccess":null,"cors":null,"push":null,"apiDefinition":null,"apiManagementConfig":null,"autoSwapSlotName":null,"localMySqlEnabled":null,"managedServiceIdentityId":null,"xManagedServiceIdentityId":null,"keyVaultReferenceIdentity":null,"ipSecurityRestrictions":[{"ipAddress":"Any","action":"Allow","priority":2147483647,"name":"Allow
        all","description":"Allow all access"}],"ipSecurityRestrictionsDefaultAction":null,"scmIpSecurityRestrictions":[{"ipAddress":"Any","action":"Allow","priority":2147483647,"name":"Allow
        all","description":"Allow all access"}],"scmIpSecurityRestrictionsDefaultAction":null,"scmIpSecurityRestrictionsUseMain":null,"http20Enabled":false,"minTlsVersion":null,"minTlsCipherSuite":null,"scmMinTlsCipherSuite":null,"supportedTlsCipherSuites":null,"scmSupportedTlsCipherSuites":null,"scmMinTlsVersion":null,"ftpsState":null,"preWarmedInstanceCount":null,"functionAppScaleLimit":null,"elasticWebAppScaleLimit":0,"healthCheckPath":null,"fileChangeAuditEnabled":null,"functionsRuntimeScaleMonitoringEnabled":null,"websiteTimeZone":null,"minimumElasticInstanceCount":0,"azureStorageAccounts":null,"http20ProxyFlag":null,"sitePort":null,"antivirusScanEnabled":null,"storageType":null,"sitePrivateLinkHostEnabled":null,"clusteringEnabled":false},"functionAppConfig":null,"daprConfig":null,"deploymentId":"backup-webapp000004__7824","slotName":null,"trafficManagerHostNames":null,"sku":"Standard","scmSiteAlsoStopped":false,"targetSwapSlot":null,"hostingEnvironment":null,"hostingEnvironmentProfile":null,"clientAffinityEnabled":true,"clientAffinityProxyEnabled":false,"useQueryStringAffinity":false,"blockPathTraversal":false,"clientCertEnabled":false,"clientCertMode":"Required","clientCertExclusionPaths":null,"clientCertExclusionEndPoints":null,"hostNamesDisabled":false,"ipMode":"IPv4","vnetBackupRestoreEnabled":false,"domainVerificationIdentifiers":null,"customDomainVerificationId":"253001F2FCF5A7B1CD759EB861E9BB1596370BE27E47A991F72184277B3D12F2","kind":"app","managedEnvironmentId":null,"workloadProfileName":null,"resourceConfig":null,"inboundIpAddress":"23.97.208.18","possibleInboundIpAddresses":"23.97.208.18,13.69.68.27","inboundIpv6Address":"2603:1020:206:8::32","possibleInboundIpv6Addresses":"2603:1020:206:8::32","ftpUsername":"backup-webapp000004__slot\\$backup-webapp000004__slot","ftpsHostName":"ftps://waws-prod-am2-011.ftp.azurewebsites.windows.net/site/wwwroot","outboundIpAddresses":"23.97.209.229,23.97.210.39,23.97.210.106,23.97.211.140,23.97.208.18","possibleOutboundIpAddresses":"23.97.209.229,23.97.210.39,23.97.210.106,23.97.211.140,9.163.184.111,40.74.55.110,40.74.55.221,40.68.7.51,40.74.55.207,40.74.55.253,20.229.254.157,20.229.254.174,20.229.254.210,20.229.254.227,20.229.255.30,20.229.255.77,98.64.24.48,98.64.24.54,98.64.25.1,98.64.25.4,98.64.25.7,98.64.25.8,23.97.208.18","outboundIpv6Addresses":"2603:1020:206:8::32,2603:10e1:100:2::1761:d012","possibleOutboundIpv6Addresses":"2603:1020:206:8::32,2603:10e1:100:2::1761:d012","containerSize":0,"dailyMemoryTimeQuota":0,"suspendedTill":null,"siteDisabledReason":0,"functionExecutionUnitsCache":null,"maxNumberOfWorkers":null,"homeStamp":"waws-prod-am2-011","cloningInfo":null,"hostingEnvironmentId":null,"tags":null,"resourceGroup":"clitest.rg000001","defaultHostName":"backup-webapp000004-slot.azurewebsites.net","slotSwapStatus":null,"httpsOnly":false,"endToEndEncryptionEnabled":false,"functionsRuntimeAdminIsolationEnabled":false,"redundancyMode":"None","inProgressOperationId":null,"geoDistributions":null,"privateEndpointConnections":null,"publicNetworkAccess":null,"buildVersion":null,"targetBuildVersion":null,"migrationState":null,"eligibleLogCategories":"AppServiceAppLogs,AppServiceAuditLogs,AppServiceConsoleLogs,AppServiceHTTPLogs,AppServiceIPSecAuditLogs,AppServicePlatformLogs,ScanLogs,AppServiceAuthenticationLogs","inFlightFeatures":null,"storageAccountRequired":false,"virtualNetworkSubnetId":null,"keyVaultReferenceIdentity":"SystemAssigned","autoGeneratedDomainNameLabelScope":null,"privateLinkIdentifiers":null,"sshEnabled":null}}'
    headers:
      cache-control:
      - no-cache
      content-length:
      - '7900'
      content-type:
      - application/json
      date:
      - Fri, 16 May 2025 03:30:39 GMT
      etag:
      - '"1DBC612CCB7CC30"'
      expires:
      - '-1'
      pragma:
      - no-cache
      strict-transport-security:
      - max-age=31536000; includeSubDomains
      x-aspnet-version:
      - 4.0.30319
      x-cache:
      - CONFIG_NOCACHE
      x-content-type-options:
      - nosniff
      x-ms-operation-identifier:
      - tenantId=54826b22-38d6-4fb2-bad9-b7b93a3e9c5a,objectId=d44a2991-98c6-47c3-b59b-2b30d72cfcc2/japanwest/db711803-6b01-4835-a335-1897ad574a5b
      x-ms-ratelimit-remaining-subscription-resource-requests:
      - '200'
      x-msedge-ref:
      - 'Ref A: FB2DBEBE6F404B6797D8AA980E41DD58 Ref B: TYO201151003040 Ref C: 2025-05-16T03:30:11Z'
      x-powered-by:
      - ASP.NET
    status:
      code: 200
      message: OK
- request:
    body: '{"properties": {"backupName": "backup-name000006", "storageAccountUrl":
      "https://backup000002.blob.core.windows.net/backupcontainer000005?se=2025-05-17T14%3A29Z&sp=rwdl&sv=2022-11-02&sr=c&sig=lmFpZy9fyu/zHpji0ggeN8fqDW8xmBUBfb4wpm4n/ps%3D"}}'
    headers:
      Accept:
      - application/json
      Accept-Encoding:
      - gzip, deflate
      CommandName:
      - webapp config backup create
      Connection:
      - keep-alive
      Content-Length:
      - '241'
      Content-Type:
      - application/json
      ParameterSetName:
      - -g --webapp-name --backup-name --container-url
      User-Agent:
      - AZURECLI/2.72.0 azsdk-python-core/1.31.0 Python/3.10.11 (Windows-10-10.0.26100-SP0)
    method: POST
    uri: https://management.azure.com/subscriptions/00000000-0000-0000-0000-000000000000/resourceGroups/clitest.rg000001/providers/Microsoft.Web/sites/backup-webapp000004/backup?api-version=2023-01-01
  response:
    body:
      string: '{"id":"/subscriptions/00000000-0000-0000-0000-000000000000/resourceGroups/clitest.rg000001/providers/Microsoft.Web/sites/backup-webapp000004","name":"backup-webapp000004","type":"Microsoft.Web/sites","location":"West
        Europe","properties":{"id":386468,"storageAccountUrl":"https://backup000002.blob.core.windows.net/backupcontainer000005?se=2025-05-17T14%3A29Z&sp=rwdl&sv=2022-11-02&sr=c&sig=lmFpZy9fyu/zHpji0ggeN8fqDW8xmBUBfb4wpm4n/ps%3D","blobName":"backup-name000006","name":"backup-name000006","backupName":"backup-name000006","status":"Created","sizeInBytes":0,"created":"2025-05-16T03:30:42.6493432Z","log":null,"databases":null,"scheduled":false,"correlationId":"91471dfd-bae6-4034-a529-03aeb2a0704c","websiteSizeInBytes":null}}'
    headers:
      cache-control:
      - no-cache
      content-length:
      - '734'
      content-type:
      - application/json
      date:
      - Fri, 16 May 2025 03:30:42 GMT
      expires:
      - '-1'
      pragma:
      - no-cache
      strict-transport-security:
      - max-age=31536000; includeSubDomains
      x-aspnet-version:
      - 4.0.30319
      x-cache:
      - CONFIG_NOCACHE
      x-content-type-options:
      - nosniff
      x-ms-operation-identifier:
      - tenantId=54826b22-38d6-4fb2-bad9-b7b93a3e9c5a,objectId=d44a2991-98c6-47c3-b59b-2b30d72cfcc2/japaneast/1f78967c-220e-4784-9f02-4368c4f7f02e
      x-ms-ratelimit-remaining-subscription-global-writes:
      - '2999'
      x-ms-ratelimit-remaining-subscription-writes:
      - '199'
      x-msedge-ref:
      - 'Ref A: 383568E3121D43BA9BFB8ABA3E9F18AF Ref B: TYO201100113031 Ref C: 2025-05-16T03:30:41Z'
      x-powered-by:
      - ASP.NET
    status:
      code: 200
      message: OK
- request:
    body: null
    headers:
      Accept:
      - application/json
      Accept-Encoding:
      - gzip, deflate
      CommandName:
      - webapp config backup update
      Connection:
      - keep-alive
      Content-Length:
      - '0'
      ParameterSetName:
      - -g --webapp-name --backup-name --retention --frequency --retain-one --container-url
      User-Agent:
      - AZURECLI/2.72.0 azsdk-python-core/1.31.0 Python/3.10.11 (Windows-10-10.0.26100-SP0)
    method: POST
    uri: https://management.azure.com/subscriptions/00000000-0000-0000-0000-000000000000/resourceGroups/clitest.rg000001/providers/Microsoft.Web/sites/backup-webapp000004/config/backup/list?api-version=2023-01-01
  response:
    body:
      string: '{"Code":"NotFound","Message":"Backup configuration not found for site
        ''backup-webapp000004'' with slot ''Production''","Target":null,"Details":[{"Message":"Backup
        configuration not found for site ''backup-webapp000004'' with slot ''Production''"},{"Code":"NotFound"},{"ErrorEntity":{"ExtendedCode":"04211","MessageTemplate":"Backup
        configuration not found for site ''{0}'' with slot ''{1}''","Parameters":["backup-webapp000004","Production"],"Code":"NotFound","Message":"Backup
        configuration not found for site ''backup-webapp000004'' with slot ''Production''"}}],"Innererror":null}'
    headers:
      cache-control:
      - no-cache
      content-length:
      - '567'
      content-type:
      - application/json; charset=utf-8
      date:
      - Fri, 16 May 2025 03:34:51 GMT
      expires:
      - '-1'
      pragma:
      - no-cache
      strict-transport-security:
      - max-age=31536000; includeSubDomains
      x-aspnet-version:
      - 4.0.30319
      x-cache:
      - CONFIG_NOCACHE
      x-content-type-options:
      - nosniff
      x-ms-operation-identifier:
      - tenantId=54826b22-38d6-4fb2-bad9-b7b93a3e9c5a,objectId=d44a2991-98c6-47c3-b59b-2b30d72cfcc2/japaneast/4a22f828-9c12-4be8-b2f3-3146814cbd1b
      x-ms-ratelimit-remaining-subscription-resource-requests:
      - '11999'
      x-msedge-ref:
      - 'Ref A: E61A3D27EA954F1B917F098D397DBA7D Ref B: TYO201100115021 Ref C: 2025-05-16T03:34:50Z'
      x-powered-by:
      - ASP.NET
    status:
      code: 404
      message: Not Found
- request:
    body: '{"properties": {"backupName": "backup-name000006", "enabled": true, "storageAccountUrl":
      "https://backup000002.blob.core.windows.net/backupcontainer000005?se=2025-05-17T14%3A29Z&sp=rwdl&sv=2022-11-02&sr=c&sig=lmFpZy9fyu/zHpji0ggeN8fqDW8xmBUBfb4wpm4n/ps%3D",
      "backupSchedule": {"frequencyInterval": 5, "frequencyUnit": "Day", "keepAtLeastOneBackup":
      true, "retentionPeriodInDays": 60}}}'
    headers:
      Accept:
      - application/json
      Accept-Encoding:
      - gzip, deflate
      CommandName:
      - webapp config backup update
      Connection:
      - keep-alive
      Content-Length:
      - '385'
      Content-Type:
      - application/json
      ParameterSetName:
      - -g --webapp-name --backup-name --retention --frequency --retain-one --container-url
      User-Agent:
      - AZURECLI/2.72.0 azsdk-python-core/1.31.0 Python/3.10.11 (Windows-10-10.0.26100-SP0)
    method: PUT
    uri: https://management.azure.com/subscriptions/00000000-0000-0000-0000-000000000000/resourceGroups/clitest.rg000001/providers/Microsoft.Web/sites/backup-webapp000004/config/backup?api-version=2023-01-01
  response:
    body:
      string: '{"id":"/subscriptions/00000000-0000-0000-0000-000000000000/resourceGroups/clitest.rg000001/providers/Microsoft.Web/sites/backup-webapp000004","name":"backup-webapp000004","type":"Microsoft.Web/sites","location":"West
        Europe","properties":{"name":"backup-name000006","backupName":"backup-name000006","enabled":true,"storageAccountUrl":"https://backup000002.blob.core.windows.net/backupcontainer000005?se=2025-05-17T14%3A29Z&sp=rwdl&sv=2022-11-02&sr=c&sig=lmFpZy9fyu/zHpji0ggeN8fqDW8xmBUBfb4wpm4n/ps%3D","backupSchedule":{"frequencyInterval":5,"frequencyUnit":"Day","keepAtLeastOneBackup":true,"retentionPeriodInDays":60,"startTime":"2025-05-16T03:34:53.9500435"},"databases":null,"type":"Default","mySqlDumpParams":null}}'
    headers:
      cache-control:
      - no-cache
      content-length:
      - '720'
      content-type:
      - application/json
      date:
      - Fri, 16 May 2025 03:34:55 GMT
      expires:
      - '-1'
      pragma:
      - no-cache
      strict-transport-security:
      - max-age=31536000; includeSubDomains
      x-aspnet-version:
      - 4.0.30319
      x-cache:
      - CONFIG_NOCACHE
      x-content-type-options:
      - nosniff
      x-ms-operation-identifier:
      - tenantId=54826b22-38d6-4fb2-bad9-b7b93a3e9c5a,objectId=d44a2991-98c6-47c3-b59b-2b30d72cfcc2/japaneast/e3e7e6e8-9578-4a2c-9505-9338f16da221
      x-ms-ratelimit-remaining-subscription-global-writes:
      - '2999'
      x-ms-ratelimit-remaining-subscription-writes:
      - '199'
      x-msedge-ref:
      - 'Ref A: 40DC1D0BF26B4ADBB57A5F98BCE4006F Ref B: TYO201151003042 Ref C: 2025-05-16T03:34:52Z'
      x-powered-by:
      - ASP.NET
    status:
      code: 200
      message: OK
- request:
    body: null
    headers:
      Accept:
      - application/json
      Accept-Encoding:
      - gzip, deflate
      CommandName:
      - webapp config backup list
      Connection:
      - keep-alive
      ParameterSetName:
      - -g --webapp-name
      User-Agent:
      - AZURECLI/2.72.0 azsdk-python-core/1.31.0 Python/3.10.11 (Windows-10-10.0.26100-SP0)
    method: GET
    uri: https://management.azure.com/subscriptions/00000000-0000-0000-0000-000000000000/resourceGroups/clitest.rg000001/providers/Microsoft.Web/sites/backup-webapp000004/backups?api-version=2023-01-01
  response:
    body:
      string: '{"value":[{"id":"/subscriptions/00000000-0000-0000-0000-000000000000/resourceGroups/clitest.rg000001/providers/Microsoft.Web/sites/backup-webapp000004/backups/386468","name":"386468","type":"Microsoft.Web/sites/backups","location":"West
        Europe","properties":{"id":386468,"storageAccountUrl":"","blobName":"backup-name000006.zip","name":"backup-name000006","backupName":"backup-name000006","status":"Succeeded","sizeInBytes":6966,"created":"2025-05-16T03:30:42.6493432","log":"","databases":null,"scheduled":false,"finishedTimeStamp":"2025-05-16T03:30:53.8747638","correlationId":"91471dfd-bae6-4034-a529-03aeb2a0704c","websiteSizeInBytes":3728}},{"id":"/subscriptions/00000000-0000-0000-0000-000000000000/resourceGroups/clitest.rg000001/providers/Microsoft.Web/sites/backup-webapp000004/backups/386469","name":"386469","type":"Microsoft.Web/sites/backups","location":"West
        Europe","properties":{"id":386469,"storageAccountUrl":"","blobName":"backup-name000006_202505160334.zip","name":"backup-name000006_202505160334","backupName":"backup-name000006_202505160334","status":"InProgress","sizeInBytes":0,"created":"2025-05-16T03:34:54.9315437","log":null,"databases":null,"scheduled":true,"correlationId":"219805c1-952a-4bfc-9795-d1ca54fd3faf","websiteSizeInBytes":null}}],"nextLink":null,"id":null}'
    headers:
      cache-control:
      - no-cache
      content-length:
      - '1297'
      content-type:
      - application/json
      date:
      - Fri, 16 May 2025 03:34:58 GMT
      expires:
      - '-1'
      pragma:
      - no-cache
      strict-transport-security:
      - max-age=31536000; includeSubDomains
      x-aspnet-version:
      - 4.0.30319
      x-cache:
      - CONFIG_NOCACHE
      x-content-type-options:
      - nosniff
      x-ms-operation-identifier:
      - tenantId=54826b22-38d6-4fb2-bad9-b7b93a3e9c5a,objectId=d44a2991-98c6-47c3-b59b-2b30d72cfcc2/japaneast/9cd46f50-b053-45d0-b79e-607160bd454a
      x-ms-ratelimit-remaining-subscription-global-reads:
      - '3749'
      x-msedge-ref:
      - 'Ref A: 40F18216635643B993C195B393910914 Ref B: TYO201100114019 Ref C: 2025-05-16T03:34:57Z'
      x-powered-by:
      - ASP.NET
    status:
      code: 200
      message: OK
version: 1
