interactions:
- request:
    body: null
    headers:
      Accept:
      - application/json
      Accept-Encoding:
      - gzip, deflate
      CommandName:
      - appservice plan create
      Connection:
      - keep-alive
      ParameterSetName:
      - -g -n
      User-Agent:
      - python/3.7.2 (Darwin-16.7.0-x86_64-i386-64bit) msrest/0.6.9 msrest_azure/0.6.3
        azure-mgmt-resource/10.0.0 Azure-SDK-For-Python AZURECLI/2.9.0
      accept-language:
      - en-US
    method: GET
    uri: https://management.azure.com/subscriptions/00000000-0000-0000-0000-000000000000/resourcegroups/clitest.rg000001?api-version=2020-06-01
  response:
    body:
      string: '{"id":"/subscriptions/00000000-0000-0000-0000-000000000000/resourceGroups/clitest.rg000001","name":"clitest.rg000001","type":"Microsoft.Resources/resourceGroups","location":"francecentral","tags":{"product":"azurecli","cause":"automation","date":"2020-07-19T21:20:36Z"},"properties":{"provisioningState":"Succeeded"}}'
    headers:
      cache-control:
      - no-cache
      content-length:
      - '435'
      content-type:
      - application/json; charset=utf-8
      date:
      - Sun, 19 Jul 2020 21:20:39 GMT
      expires:
      - '-1'
      pragma:
      - no-cache
      strict-transport-security:
      - max-age=31536000; includeSubDomains
      vary:
      - Accept-Encoding
      x-content-type-options:
      - nosniff
    status:
      code: 200
      message: OK
- request:
    body: '{"name": "func-e2e-plan000005", "type": "Microsoft.Web/serverfarms", "location":
      "francecentral", "properties": {"skuName": "B1", "capacity": 1}}'
    headers:
      Accept:
      - application/json
      Accept-Encoding:
      - gzip, deflate
      CommandName:
      - appservice plan create
      Connection:
      - keep-alive
      Content-Length:
      - '150'
      Content-Type:
      - application/json; charset=utf-8
      ParameterSetName:
      - -g -n
      User-Agent:
      - python/3.7.2 (Darwin-16.7.0-x86_64-i386-64bit) msrest/0.6.9 msrest_azure/0.6.3
        azure-mgmt-web/0.47.0 Azure-SDK-For-Python AZURECLI/2.9.0
      accept-language:
      - en-US
    method: POST
    uri: https://management.azure.com/subscriptions/00000000-0000-0000-0000-000000000000/resourceGroups/clitest.rg000001/providers/Microsoft.Web/validate?api-version=2019-08-01
  response:
    body:
      string: '{"status":"Success","error":null}'
    headers:
      cache-control:
      - no-cache
      content-length:
      - '33'
      content-type:
      - application/json
      date:
      - Sun, 19 Jul 2020 21:20:39 GMT
      expires:
      - '-1'
      pragma:
      - no-cache
      server:
      - Microsoft-IIS/10.0
      strict-transport-security:
      - max-age=31536000; includeSubDomains
      transfer-encoding:
      - chunked
      vary:
      - Accept-Encoding
      x-aspnet-version:
      - 4.0.30319
      x-content-type-options:
      - nosniff
      x-ms-ratelimit-remaining-subscription-writes:
      - '1197'
      x-powered-by:
      - ASP.NET
    status:
      code: 200
      message: OK
- request:
    body: null
    headers:
      Accept:
      - application/json
      Accept-Encoding:
      - gzip, deflate
      CommandName:
      - appservice plan create
      Connection:
      - keep-alive
      ParameterSetName:
      - -g -n
      User-Agent:
      - python/3.7.2 (Darwin-16.7.0-x86_64-i386-64bit) msrest/0.6.9 msrest_azure/0.6.3
        azure-mgmt-resource/10.0.0 Azure-SDK-For-Python AZURECLI/2.9.0
      accept-language:
      - en-US
    method: GET
    uri: https://management.azure.com/subscriptions/00000000-0000-0000-0000-000000000000/resourcegroups/clitest.rg000001?api-version=2020-06-01
  response:
    body:
      string: '{"id":"/subscriptions/00000000-0000-0000-0000-000000000000/resourceGroups/clitest.rg000001","name":"clitest.rg000001","type":"Microsoft.Resources/resourceGroups","location":"francecentral","tags":{"product":"azurecli","cause":"automation","date":"2020-07-19T21:20:36Z"},"properties":{"provisioningState":"Succeeded"}}'
    headers:
      cache-control:
      - no-cache
      content-length:
      - '435'
      content-type:
      - application/json; charset=utf-8
      date:
      - Sun, 19 Jul 2020 21:20:39 GMT
      expires:
      - '-1'
      pragma:
      - no-cache
      strict-transport-security:
      - max-age=31536000; includeSubDomains
      vary:
      - Accept-Encoding
      x-content-type-options:
      - nosniff
    status:
      code: 200
      message: OK
- request:
    body: '{"location": "francecentral", "properties": {"perSiteScaling": false, "isXenon":
      false}, "sku": {"name": "B1", "tier": "BASIC", "capacity": 1}}'
    headers:
      Accept:
      - application/json
      Accept-Encoding:
      - gzip, deflate
      CommandName:
      - appservice plan create
      Connection:
      - keep-alive
      Content-Length:
      - '143'
      Content-Type:
      - application/json; charset=utf-8
      ParameterSetName:
      - -g -n
      User-Agent:
      - python/3.7.2 (Darwin-16.7.0-x86_64-i386-64bit) msrest/0.6.9 msrest_azure/0.6.3
        azure-mgmt-web/0.47.0 Azure-SDK-For-Python AZURECLI/2.9.0
      accept-language:
      - en-US
    method: PUT
    uri: https://management.azure.com/subscriptions/00000000-0000-0000-0000-000000000000/resourceGroups/clitest.rg000001/providers/Microsoft.Web/serverfarms/func-e2e-plan000005?api-version=2019-08-01
  response:
    body:
      string: '{"id":"/subscriptions/00000000-0000-0000-0000-000000000000/resourceGroups/clitest.rg000001/providers/Microsoft.Web/serverfarms/func-e2e-plan000005","name":"func-e2e-plan000005","type":"Microsoft.Web/serverfarms","kind":"app","location":"France
        Central","properties":{"serverFarmId":24780,"name":"func-e2e-plan000005","workerSize":"Default","workerSizeId":0,"workerTierName":null,"numberOfWorkers":1,"currentWorkerSize":"Default","currentWorkerSizeId":0,"currentNumberOfWorkers":1,"status":"Ready","webSpace":"clitest.rg000001-FranceCentralwebspace","subscription":"5700fc96-77b4-4f8d-afce-c353d8c443bd","adminSiteName":null,"hostingEnvironment":null,"hostingEnvironmentProfile":null,"maximumNumberOfWorkers":3,"planName":"VirtualDedicatedPlan","adminRuntimeSiteName":null,"computeMode":"Dedicated","siteMode":null,"geoRegion":"France
        Central","perSiteScaling":false,"maximumElasticWorkerCount":1,"numberOfSites":0,"hostingEnvironmentId":null,"isSpot":false,"spotExpirationTime":null,"freeOfferExpirationTime":null,"tags":null,"kind":"app","resourceGroup":"clitest.rg000001","reserved":false,"isXenon":false,"hyperV":false,"mdmId":"waws-prod-par-007_24780","targetWorkerCount":0,"targetWorkerSizeId":0,"provisioningState":"Succeeded","webSiteId":null,"existingServerFarmIds":null},"sku":{"name":"B1","tier":"Basic","size":"B1","family":"B","capacity":1}}'
    headers:
      cache-control:
      - no-cache
      content-length:
      - '1545'
      content-type:
      - application/json
      date:
      - Sun, 19 Jul 2020 21:20:53 GMT
      expires:
      - '-1'
      pragma:
      - no-cache
      server:
      - Microsoft-IIS/10.0
      strict-transport-security:
      - max-age=31536000; includeSubDomains
      transfer-encoding:
      - chunked
      vary:
      - Accept-Encoding
      x-aspnet-version:
      - 4.0.30319
      x-content-type-options:
      - nosniff
      x-ms-ratelimit-remaining-subscription-writes:
      - '1199'
      x-powered-by:
      - ASP.NET
    status:
      code: 200
      message: OK
- request:
    body: null
    headers:
      Accept:
      - application/json
      Accept-Encoding:
      - gzip, deflate
      CommandName:
      - appservice plan list
      Connection:
      - keep-alive
      ParameterSetName:
      - -g
      User-Agent:
      - python/3.7.2 (Darwin-16.7.0-x86_64-i386-64bit) msrest/0.6.9 msrest_azure/0.6.3
        azure-mgmt-web/0.47.0 Azure-SDK-For-Python AZURECLI/2.9.0
      accept-language:
      - en-US
    method: GET
    uri: https://management.azure.com/subscriptions/00000000-0000-0000-0000-000000000000/resourceGroups/clitest.rg000001/providers/Microsoft.Web/serverfarms?api-version=2019-08-01
  response:
    body:
      string: '{"value":[{"id":"/subscriptions/00000000-0000-0000-0000-000000000000/resourceGroups/clitest.rg000001/providers/Microsoft.Web/serverfarms/func-e2e-plan000005","name":"func-e2e-plan000005","type":"Microsoft.Web/serverfarms","kind":"app","location":"France
        Central","properties":{"serverFarmId":24780,"name":"func-e2e-plan000005","workerSize":"Default","workerSizeId":0,"workerTierName":null,"numberOfWorkers":1,"currentWorkerSize":"Default","currentWorkerSizeId":0,"currentNumberOfWorkers":1,"status":"Ready","webSpace":"clitest.rg000001-FranceCentralwebspace","subscription":"5700fc96-77b4-4f8d-afce-c353d8c443bd","adminSiteName":null,"hostingEnvironment":null,"hostingEnvironmentProfile":null,"maximumNumberOfWorkers":3,"planName":"VirtualDedicatedPlan","adminRuntimeSiteName":null,"computeMode":"Dedicated","siteMode":null,"geoRegion":"France
        Central","perSiteScaling":false,"maximumElasticWorkerCount":1,"numberOfSites":0,"hostingEnvironmentId":null,"isSpot":false,"spotExpirationTime":null,"freeOfferExpirationTime":null,"tags":null,"kind":"app","resourceGroup":"clitest.rg000001","reserved":false,"isXenon":false,"hyperV":false,"mdmId":"waws-prod-par-007_24780","targetWorkerCount":0,"targetWorkerSizeId":0,"provisioningState":"Succeeded","webSiteId":null,"existingServerFarmIds":null},"sku":{"name":"B1","tier":"Basic","size":"B1","family":"B","capacity":1}}],"nextLink":null,"id":null}'
    headers:
      cache-control:
      - no-cache
      content-length:
      - '1583'
      content-type:
      - application/json
      date:
      - Sun, 19 Jul 2020 21:20:54 GMT
      expires:
      - '-1'
      pragma:
      - no-cache
      server:
      - Microsoft-IIS/10.0
      strict-transport-security:
      - max-age=31536000; includeSubDomains
      transfer-encoding:
      - chunked
      vary:
      - Accept-Encoding
      x-aspnet-version:
      - 4.0.30319
      x-content-type-options:
      - nosniff
      x-powered-by:
      - ASP.NET
    status:
      code: 200
      message: OK
- request:
    body: '{"sku": {"name": "Standard_LRS"}, "kind": "StorageV2", "location": "francecentral",
      "properties": {"encryption": {"services": {"blob": {}}, "keySource": "Microsoft.Storage"}}}'
    headers:
      Accept:
      - application/json
      Accept-Encoding:
      - gzip, deflate
      CommandName:
      - storage account create
      Connection:
      - keep-alive
      Content-Length:
      - '175'
      Content-Type:
      - application/json; charset=utf-8
      ParameterSetName:
      - --name -g -l --sku
      User-Agent:
      - python/3.7.2 (Darwin-16.7.0-x86_64-i386-64bit) msrest/0.6.9 msrest_azure/0.6.3
        azure-mgmt-storage/11.1.0 Azure-SDK-For-Python AZURECLI/2.9.0
      accept-language:
      - en-US
    method: PUT
    uri: https://management.azure.com/subscriptions/00000000-0000-0000-0000-000000000000/resourceGroups/clitest.rg000001/providers/Microsoft.Storage/storageAccounts/functionappplanstorage?api-version=2019-06-01
  response:
    body:
      string: ''
    headers:
      cache-control:
      - no-cache
      content-length:
      - '0'
      content-type:
      - text/plain; charset=utf-8
      date:
      - Sun, 19 Jul 2020 21:21:01 GMT
      expires:
      - '-1'
      location:
      - https://management.azure.com/subscriptions/00000000-0000-0000-0000-000000000000/providers/Microsoft.Storage/locations/francecentral/asyncoperations/16348a9d-ec28-4316-b3a3-fb1d75a78fa1?monitor=true&api-version=2019-06-01
      pragma:
      - no-cache
      server:
      - Microsoft-Azure-Storage-Resource-Provider/1.0,Microsoft-HTTPAPI/2.0 Microsoft-HTTPAPI/2.0
      strict-transport-security:
      - max-age=31536000; includeSubDomains
      x-content-type-options:
      - nosniff
      x-ms-ratelimit-remaining-subscription-writes:
      - '1198'
    status:
      code: 202
      message: Accepted
- request:
    body: null
    headers:
      Accept:
      - application/json
      Accept-Encoding:
      - gzip, deflate
      CommandName:
      - storage account create
      Connection:
      - keep-alive
      ParameterSetName:
      - --name -g -l --sku
      User-Agent:
      - python/3.7.2 (Darwin-16.7.0-x86_64-i386-64bit) msrest/0.6.9 msrest_azure/0.6.3
        azure-mgmt-storage/11.1.0 Azure-SDK-For-Python AZURECLI/2.9.0
    method: GET
    uri: https://management.azure.com/subscriptions/00000000-0000-0000-0000-000000000000/providers/Microsoft.Storage/locations/francecentral/asyncoperations/16348a9d-ec28-4316-b3a3-fb1d75a78fa1?monitor=true&api-version=2019-06-01
  response:
    body:
      string: ''
    headers:
      cache-control:
      - no-cache
      content-length:
      - '0'
      content-type:
      - text/plain; charset=utf-8
      date:
      - Sun, 19 Jul 2020 21:21:19 GMT
      expires:
      - '-1'
      location:
      - https://management.azure.com/subscriptions/00000000-0000-0000-0000-000000000000/providers/Microsoft.Storage/locations/francecentral/asyncoperations/16348a9d-ec28-4316-b3a3-fb1d75a78fa1?monitor=true&api-version=2019-06-01
      pragma:
      - no-cache
      server:
      - Microsoft-Azure-Storage-Resource-Provider/1.0,Microsoft-HTTPAPI/2.0 Microsoft-HTTPAPI/2.0
      strict-transport-security:
      - max-age=31536000; includeSubDomains
      x-content-type-options:
      - nosniff
    status:
      code: 202
      message: Accepted
- request:
    body: null
    headers:
      Accept:
      - application/json
      Accept-Encoding:
      - gzip, deflate
      CommandName:
      - storage account create
      Connection:
      - keep-alive
      ParameterSetName:
      - --name -g -l --sku
      User-Agent:
      - python/3.7.2 (Darwin-16.7.0-x86_64-i386-64bit) msrest/0.6.9 msrest_azure/0.6.3
        azure-mgmt-storage/11.1.0 Azure-SDK-For-Python AZURECLI/2.9.0
    method: GET
    uri: https://management.azure.com/subscriptions/00000000-0000-0000-0000-000000000000/providers/Microsoft.Storage/locations/francecentral/asyncoperations/16348a9d-ec28-4316-b3a3-fb1d75a78fa1?monitor=true&api-version=2019-06-01
  response:
    body:
      string: ''
    headers:
      cache-control:
      - no-cache
      content-length:
      - '0'
      content-type:
      - text/plain; charset=utf-8
      date:
      - Sun, 19 Jul 2020 21:21:23 GMT
      expires:
      - '-1'
      location:
      - https://management.azure.com/subscriptions/00000000-0000-0000-0000-000000000000/providers/Microsoft.Storage/locations/francecentral/asyncoperations/16348a9d-ec28-4316-b3a3-fb1d75a78fa1?monitor=true&api-version=2019-06-01
      pragma:
      - no-cache
      server:
      - Microsoft-Azure-Storage-Resource-Provider/1.0,Microsoft-HTTPAPI/2.0 Microsoft-HTTPAPI/2.0
      strict-transport-security:
      - max-age=31536000; includeSubDomains
      x-content-type-options:
      - nosniff
    status:
      code: 202
      message: Accepted
- request:
    body: null
    headers:
      Accept:
      - application/json
      Accept-Encoding:
      - gzip, deflate
      CommandName:
      - storage account create
      Connection:
      - keep-alive
      ParameterSetName:
      - --name -g -l --sku
      User-Agent:
      - python/3.7.2 (Darwin-16.7.0-x86_64-i386-64bit) msrest/0.6.9 msrest_azure/0.6.3
        azure-mgmt-storage/11.1.0 Azure-SDK-For-Python AZURECLI/2.9.0
    method: GET
    uri: https://management.azure.com/subscriptions/00000000-0000-0000-0000-000000000000/providers/Microsoft.Storage/locations/francecentral/asyncoperations/16348a9d-ec28-4316-b3a3-fb1d75a78fa1?monitor=true&api-version=2019-06-01
  response:
    body:
      string: '{"sku":{"name":"Standard_LRS","tier":"Standard"},"kind":"StorageV2","id":"/subscriptions/00000000-0000-0000-0000-000000000000/resourceGroups/clitest.rg000001/providers/Microsoft.Storage/storageAccounts/functionappplanstorage","name":"functionappplanstorage","type":"Microsoft.Storage/storageAccounts","location":"francecentral","tags":{},"properties":{"privateEndpointConnections":[],"networkAcls":{"bypass":"AzureServices","virtualNetworkRules":[],"ipRules":[],"defaultAction":"Allow"},"supportsHttpsTrafficOnly":true,"encryption":{"services":{"file":{"keyType":"Account","enabled":true,"lastEnabledTime":"2020-07-19T21:21:01.5031807Z"},"blob":{"keyType":"Account","enabled":true,"lastEnabledTime":"2020-07-19T21:21:01.5031807Z"}},"keySource":"Microsoft.Storage"},"accessTier":"Hot","provisioningState":"Succeeded","creationTime":"2020-07-19T21:21:01.4406606Z","primaryEndpoints":{"dfs":"https://functionappplanstorage.dfs.core.windows.net/","web":"https://functionappplanstorage.z28.web.core.windows.net/","blob":"https://functionappplanstorage.blob.core.windows.net/","queue":"https://functionappplanstorage.queue.core.windows.net/","table":"https://functionappplanstorage.table.core.windows.net/","file":"https://functionappplanstorage.file.core.windows.net/"},"primaryLocation":"francecentral","statusOfPrimary":"available"}}'
    headers:
      cache-control:
      - no-cache
      content-length:
      - '1389'
      content-type:
      - application/json
      date:
      - Sun, 19 Jul 2020 21:21:26 GMT
      expires:
      - '-1'
      pragma:
      - no-cache
      server:
      - Microsoft-Azure-Storage-Resource-Provider/1.0,Microsoft-HTTPAPI/2.0 Microsoft-HTTPAPI/2.0
      strict-transport-security:
      - max-age=31536000; includeSubDomains
      transfer-encoding:
      - chunked
      vary:
      - Accept-Encoding
      x-content-type-options:
      - nosniff
    status:
      code: 200
      message: OK
- request:
    body: '{"sku": {"name": "Standard_LRS"}, "kind": "StorageV2", "location": "francecentral",
      "properties": {"encryption": {"services": {"blob": {}}, "keySource": "Microsoft.Storage"}}}'
    headers:
      Accept:
      - application/json
      Accept-Encoding:
      - gzip, deflate
      CommandName:
      - storage account create
      Connection:
      - keep-alive
      Content-Length:
      - '175'
      Content-Type:
      - application/json; charset=utf-8
      ParameterSetName:
      - --name -g -l --sku
      User-Agent:
      - python/3.7.2 (Darwin-16.7.0-x86_64-i386-64bit) msrest/0.6.9 msrest_azure/0.6.3
        azure-mgmt-storage/11.1.0 Azure-SDK-For-Python AZURECLI/2.9.0
      accept-language:
      - en-US
    method: PUT
    uri: https://management.azure.com/subscriptions/00000000-0000-0000-0000-000000000000/resourceGroups/clitest.rg000002/providers/Microsoft.Storage/storageAccounts/functionappplanstorage2?api-version=2019-06-01
  response:
    body:
      string: ''
    headers:
      cache-control:
      - no-cache
      content-length:
      - '0'
      content-type:
      - text/plain; charset=utf-8
      date:
      - Sun, 19 Jul 2020 21:21:34 GMT
      expires:
      - '-1'
      location:
      - https://management.azure.com/subscriptions/00000000-0000-0000-0000-000000000000/providers/Microsoft.Storage/locations/francecentral/asyncoperations/fcd960e9-28df-4a70-9255-555fe73fe7b9?monitor=true&api-version=2019-06-01
      pragma:
      - no-cache
      server:
      - Microsoft-Azure-Storage-Resource-Provider/1.0,Microsoft-HTTPAPI/2.0 Microsoft-HTTPAPI/2.0
      strict-transport-security:
      - max-age=31536000; includeSubDomains
      x-content-type-options:
      - nosniff
      x-ms-ratelimit-remaining-subscription-writes:
      - '1197'
    status:
      code: 202
      message: Accepted
- request:
    body: null
    headers:
      Accept:
      - application/json
      Accept-Encoding:
      - gzip, deflate
      CommandName:
      - storage account create
      Connection:
      - keep-alive
      ParameterSetName:
      - --name -g -l --sku
      User-Agent:
      - python/3.7.2 (Darwin-16.7.0-x86_64-i386-64bit) msrest/0.6.9 msrest_azure/0.6.3
        azure-mgmt-storage/11.1.0 Azure-SDK-For-Python AZURECLI/2.9.0
    method: GET
    uri: https://management.azure.com/subscriptions/00000000-0000-0000-0000-000000000000/providers/Microsoft.Storage/locations/francecentral/asyncoperations/fcd960e9-28df-4a70-9255-555fe73fe7b9?monitor=true&api-version=2019-06-01
  response:
    body:
      string: ''
    headers:
      cache-control:
      - no-cache
      content-length:
      - '0'
      content-type:
      - text/plain; charset=utf-8
      date:
      - Sun, 19 Jul 2020 21:21:52 GMT
      expires:
      - '-1'
      location:
      - https://management.azure.com/subscriptions/00000000-0000-0000-0000-000000000000/providers/Microsoft.Storage/locations/francecentral/asyncoperations/fcd960e9-28df-4a70-9255-555fe73fe7b9?monitor=true&api-version=2019-06-01
      pragma:
      - no-cache
      server:
      - Microsoft-Azure-Storage-Resource-Provider/1.0,Microsoft-HTTPAPI/2.0 Microsoft-HTTPAPI/2.0
      strict-transport-security:
      - max-age=31536000; includeSubDomains
      x-content-type-options:
      - nosniff
    status:
      code: 202
      message: Accepted
- request:
    body: null
    headers:
      Accept:
      - application/json
      Accept-Encoding:
      - gzip, deflate
      CommandName:
      - storage account create
      Connection:
      - keep-alive
      ParameterSetName:
      - --name -g -l --sku
      User-Agent:
      - python/3.7.2 (Darwin-16.7.0-x86_64-i386-64bit) msrest/0.6.9 msrest_azure/0.6.3
        azure-mgmt-storage/11.1.0 Azure-SDK-For-Python AZURECLI/2.9.0
    method: GET
    uri: https://management.azure.com/subscriptions/00000000-0000-0000-0000-000000000000/providers/Microsoft.Storage/locations/francecentral/asyncoperations/fcd960e9-28df-4a70-9255-555fe73fe7b9?monitor=true&api-version=2019-06-01
  response:
    body:
      string: ''
    headers:
      cache-control:
      - no-cache
      content-length:
      - '0'
      content-type:
      - text/plain; charset=utf-8
      date:
      - Sun, 19 Jul 2020 21:21:55 GMT
      expires:
      - '-1'
      location:
      - https://management.azure.com/subscriptions/00000000-0000-0000-0000-000000000000/providers/Microsoft.Storage/locations/francecentral/asyncoperations/fcd960e9-28df-4a70-9255-555fe73fe7b9?monitor=true&api-version=2019-06-01
      pragma:
      - no-cache
      server:
      - Microsoft-Azure-Storage-Resource-Provider/1.0,Microsoft-HTTPAPI/2.0 Microsoft-HTTPAPI/2.0
      strict-transport-security:
      - max-age=31536000; includeSubDomains
      x-content-type-options:
      - nosniff
    status:
      code: 202
      message: Accepted
- request:
    body: null
    headers:
      Accept:
      - application/json
      Accept-Encoding:
      - gzip, deflate
      CommandName:
      - storage account create
      Connection:
      - keep-alive
      ParameterSetName:
      - --name -g -l --sku
      User-Agent:
      - python/3.7.2 (Darwin-16.7.0-x86_64-i386-64bit) msrest/0.6.9 msrest_azure/0.6.3
        azure-mgmt-storage/11.1.0 Azure-SDK-For-Python AZURECLI/2.9.0
    method: GET
    uri: https://management.azure.com/subscriptions/00000000-0000-0000-0000-000000000000/providers/Microsoft.Storage/locations/francecentral/asyncoperations/fcd960e9-28df-4a70-9255-555fe73fe7b9?monitor=true&api-version=2019-06-01
  response:
    body:
      string: '{"sku":{"name":"Standard_LRS","tier":"Standard"},"kind":"StorageV2","id":"/subscriptions/00000000-0000-0000-0000-000000000000/resourceGroups/clitest.rg000002/providers/Microsoft.Storage/storageAccounts/functionappplanstorage2","name":"functionappplanstorage2","type":"Microsoft.Storage/storageAccounts","location":"francecentral","tags":{},"properties":{"privateEndpointConnections":[],"networkAcls":{"bypass":"AzureServices","virtualNetworkRules":[],"ipRules":[],"defaultAction":"Allow"},"supportsHttpsTrafficOnly":true,"encryption":{"services":{"file":{"keyType":"Account","enabled":true,"lastEnabledTime":"2020-07-19T21:21:33.9478650Z"},"blob":{"keyType":"Account","enabled":true,"lastEnabledTime":"2020-07-19T21:21:33.9478650Z"}},"keySource":"Microsoft.Storage"},"accessTier":"Hot","provisioningState":"Succeeded","creationTime":"2020-07-19T21:21:33.8853656Z","primaryEndpoints":{"dfs":"https://functionappplanstorage2.dfs.core.windows.net/","web":"https://functionappplanstorage2.z28.web.core.windows.net/","blob":"https://functionappplanstorage2.blob.core.windows.net/","queue":"https://functionappplanstorage2.queue.core.windows.net/","table":"https://functionappplanstorage2.table.core.windows.net/","file":"https://functionappplanstorage2.file.core.windows.net/"},"primaryLocation":"francecentral","statusOfPrimary":"available"}}'
    headers:
      cache-control:
      - no-cache
      content-length:
      - '1397'
      content-type:
      - application/json
      date:
      - Sun, 19 Jul 2020 21:21:58 GMT
      expires:
      - '-1'
      pragma:
      - no-cache
      server:
      - Microsoft-Azure-Storage-Resource-Provider/1.0,Microsoft-HTTPAPI/2.0 Microsoft-HTTPAPI/2.0
      strict-transport-security:
      - max-age=31536000; includeSubDomains
      transfer-encoding:
      - chunked
      vary:
      - Accept-Encoding
      x-content-type-options:
      - nosniff
    status:
      code: 200
      message: OK
- request:
    body: null
    headers:
      Accept:
      - application/json
      Accept-Encoding:
      - gzip, deflate
      CommandName:
      - functionapp create
      Connection:
      - keep-alive
      ParameterSetName:
      - -g -n -p -s
      User-Agent:
      - python/3.7.2 (Darwin-16.7.0-x86_64-i386-64bit) msrest/0.6.9 msrest_azure/0.6.3
        azure-mgmt-web/0.47.0 Azure-SDK-For-Python AZURECLI/2.9.0
      accept-language:
      - en-US
    method: GET
    uri: https://management.azure.com/subscriptions/00000000-0000-0000-0000-000000000000/resourceGroups/clitest.rg000001/providers/Microsoft.Web/serverfarms/func-e2e-plan000005?api-version=2019-08-01
  response:
    body:
      string: '{"id":"/subscriptions/00000000-0000-0000-0000-000000000000/resourceGroups/clitest.rg000001/providers/Microsoft.Web/serverfarms/func-e2e-plan000005","name":"func-e2e-plan000005","type":"Microsoft.Web/serverfarms","kind":"app","location":"France
        Central","properties":{"serverFarmId":24780,"name":"func-e2e-plan000005","workerSize":"Default","workerSizeId":0,"workerTierName":null,"numberOfWorkers":1,"currentWorkerSize":"Default","currentWorkerSizeId":0,"currentNumberOfWorkers":1,"status":"Ready","webSpace":"clitest.rg000001-FranceCentralwebspace","subscription":"5700fc96-77b4-4f8d-afce-c353d8c443bd","adminSiteName":null,"hostingEnvironment":null,"hostingEnvironmentProfile":null,"maximumNumberOfWorkers":3,"planName":"VirtualDedicatedPlan","adminRuntimeSiteName":null,"computeMode":"Dedicated","siteMode":null,"geoRegion":"France
        Central","perSiteScaling":false,"maximumElasticWorkerCount":1,"numberOfSites":0,"hostingEnvironmentId":null,"isSpot":false,"spotExpirationTime":null,"freeOfferExpirationTime":null,"tags":null,"kind":"app","resourceGroup":"clitest.rg000001","reserved":false,"isXenon":false,"hyperV":false,"mdmId":"waws-prod-par-007_24780","targetWorkerCount":0,"targetWorkerSizeId":0,"provisioningState":"Succeeded","webSiteId":null,"existingServerFarmIds":null},"sku":{"name":"B1","tier":"Basic","size":"B1","family":"B","capacity":1}}'
    headers:
      cache-control:
      - no-cache
      content-length:
      - '1545'
      content-type:
      - application/json
      date:
      - Sun, 19 Jul 2020 21:22:00 GMT
      expires:
      - '-1'
      pragma:
      - no-cache
      server:
      - Microsoft-IIS/10.0
      strict-transport-security:
      - max-age=31536000; includeSubDomains
      transfer-encoding:
      - chunked
      vary:
      - Accept-Encoding
      x-aspnet-version:
      - 4.0.30319
      x-content-type-options:
      - nosniff
      x-powered-by:
      - ASP.NET
    status:
      code: 200
      message: OK
- request:
    body: null
    headers:
      Accept:
      - application/json
      Accept-Encoding:
      - gzip, deflate
      CommandName:
      - functionapp create
      Connection:
      - keep-alive
      ParameterSetName:
      - -g -n -p -s
      User-Agent:
      - python/3.7.2 (Darwin-16.7.0-x86_64-i386-64bit) msrest/0.6.9 msrest_azure/0.6.3
        azure-mgmt-storage/11.1.0 Azure-SDK-For-Python AZURECLI/2.9.0
      accept-language:
      - en-US
    method: GET
    uri: https://management.azure.com/subscriptions/00000000-0000-0000-0000-000000000000/resourceGroups/clitest.rg000001/providers/Microsoft.Storage/storageAccounts/functionappplanstorage?api-version=2019-06-01
  response:
    body:
      string: '{"sku":{"name":"Standard_LRS","tier":"Standard"},"kind":"StorageV2","id":"/subscriptions/00000000-0000-0000-0000-000000000000/resourceGroups/clitest.rg000001/providers/Microsoft.Storage/storageAccounts/functionappplanstorage","name":"functionappplanstorage","type":"Microsoft.Storage/storageAccounts","location":"francecentral","tags":{},"properties":{"privateEndpointConnections":[],"networkAcls":{"bypass":"AzureServices","virtualNetworkRules":[],"ipRules":[],"defaultAction":"Allow"},"supportsHttpsTrafficOnly":true,"encryption":{"services":{"file":{"keyType":"Account","enabled":true,"lastEnabledTime":"2020-07-19T21:21:01.5031807Z"},"blob":{"keyType":"Account","enabled":true,"lastEnabledTime":"2020-07-19T21:21:01.5031807Z"}},"keySource":"Microsoft.Storage"},"accessTier":"Hot","provisioningState":"Succeeded","creationTime":"2020-07-19T21:21:01.4406606Z","primaryEndpoints":{"dfs":"https://functionappplanstorage.dfs.core.windows.net/","web":"https://functionappplanstorage.z28.web.core.windows.net/","blob":"https://functionappplanstorage.blob.core.windows.net/","queue":"https://functionappplanstorage.queue.core.windows.net/","table":"https://functionappplanstorage.table.core.windows.net/","file":"https://functionappplanstorage.file.core.windows.net/"},"primaryLocation":"francecentral","statusOfPrimary":"available"}}'
    headers:
      cache-control:
      - no-cache
      content-length:
      - '1389'
      content-type:
      - application/json
      date:
      - Sun, 19 Jul 2020 21:22:01 GMT
      expires:
      - '-1'
      pragma:
      - no-cache
      server:
      - Microsoft-Azure-Storage-Resource-Provider/1.0,Microsoft-HTTPAPI/2.0 Microsoft-HTTPAPI/2.0
      strict-transport-security:
      - max-age=31536000; includeSubDomains
      transfer-encoding:
      - chunked
      vary:
      - Accept-Encoding
      x-content-type-options:
      - nosniff
    status:
      code: 200
      message: OK
- request:
    body: null
    headers:
      Accept:
      - application/json
      Accept-Encoding:
      - gzip, deflate
      CommandName:
      - functionapp create
      Connection:
      - keep-alive
      Content-Length:
      - '0'
      ParameterSetName:
      - -g -n -p -s
      User-Agent:
      - python/3.7.2 (Darwin-16.7.0-x86_64-i386-64bit) msrest/0.6.9 msrest_azure/0.6.3
        azure-mgmt-storage/11.1.0 Azure-SDK-For-Python AZURECLI/2.9.0
      accept-language:
      - en-US
    method: POST
    uri: https://management.azure.com/subscriptions/00000000-0000-0000-0000-000000000000/resourceGroups/clitest.rg000001/providers/Microsoft.Storage/storageAccounts/functionappplanstorage/listKeys?api-version=2019-06-01
  response:
    body:
      string: '{"keys":[{"keyName":"key1","value":"veryFakedStorageAccountKey==","permissions":"FULL"},{"keyName":"key2","value":"veryFakedStorageAccountKey==","permissions":"FULL"}]}'
    headers:
      cache-control:
      - no-cache
      content-length:
      - '288'
      content-type:
      - application/json
      date:
      - Sun, 19 Jul 2020 21:22:01 GMT
      expires:
      - '-1'
      pragma:
      - no-cache
      server:
      - Microsoft-Azure-Storage-Resource-Provider/1.0,Microsoft-HTTPAPI/2.0 Microsoft-HTTPAPI/2.0
      strict-transport-security:
      - max-age=31536000; includeSubDomains
      transfer-encoding:
      - chunked
      vary:
      - Accept-Encoding
      x-content-type-options:
      - nosniff
      x-ms-ratelimit-remaining-subscription-resource-requests:
      - '11999'
    status:
      code: 200
      message: OK
- request:
    body: '{"kind": "functionapp", "location": "France Central", "properties": {"serverFarmId":
      "func-e2e-plan000005", "reserved": false, "isXenon": false, "hyperV": false,
      "siteConfig": {"netFrameworkVersion": "v4.6", "appSettings": [{"name": "FUNCTIONS_WORKER_RUNTIME",
      "value": "dotnet"}, {"name": "FUNCTIONS_EXTENSION_VERSION", "value": "~2"},
      {"name": "AzureWebJobsStorage", "value": "DefaultEndpointsProtocol=https;EndpointSuffix=core.windows.net;AccountName=functionappplanstorage;AccountKey=veryFakedStorageAccountKey=="}],
      "use32BitWorkerProcess": true, "alwaysOn": true, "localMySqlEnabled": false,
      "http20Enabled": true}, "scmSiteAlsoStopped": false}}'
    headers:
      Accept:
      - application/json
      Accept-Encoding:
      - gzip, deflate
      CommandName:
      - functionapp create
      Connection:
      - keep-alive
      Content-Length:
      - '716'
      Content-Type:
      - application/json; charset=utf-8
      ParameterSetName:
      - -g -n -p -s
      User-Agent:
      - python/3.7.2 (Darwin-16.7.0-x86_64-i386-64bit) msrest/0.6.9 msrest_azure/0.6.3
        azure-mgmt-web/0.47.0 Azure-SDK-For-Python AZURECLI/2.9.0
      accept-language:
      - en-US
    method: PUT
    uri: https://management.azure.com/subscriptions/00000000-0000-0000-0000-000000000000/resourceGroups/clitest.rg000001/providers/Microsoft.Web/sites/func-e2e000003?api-version=2019-08-01
  response:
    body:
      string: '{"id":"/subscriptions/00000000-0000-0000-0000-000000000000/resourceGroups/clitest.rg000001/providers/Microsoft.Web/sites/func-e2e000003","name":"func-e2e000003","type":"Microsoft.Web/sites","kind":"functionapp","location":"France
        Central","properties":{"name":"func-e2e000003","state":"Running","hostNames":["func-e2e000003.azurewebsites.net"],"webSpace":"clitest.rg000001-FranceCentralwebspace","selfLink":"https://waws-prod-par-007.api.azurewebsites.windows.net:454/subscriptions/00000000-0000-0000-0000-000000000000/webspaces/clitest.rg000001-FranceCentralwebspace/sites/func-e2e000003","repositorySiteName":"func-e2e000003","owner":null,"usageState":"Normal","enabled":true,"adminEnabled":true,"enabledHostNames":["func-e2e000003.azurewebsites.net","func-e2e000003.scm.azurewebsites.net"],"siteProperties":{"metadata":null,"properties":[{"name":"LinuxFxVersion","value":""},{"name":"WindowsFxVersion","value":null}],"appSettings":null},"availabilityState":"Normal","sslCertificates":null,"csrs":[],"cers":null,"siteMode":null,"hostNameSslStates":[{"name":"func-e2e000003.azurewebsites.net","sslState":"Disabled","ipBasedSslResult":null,"virtualIP":null,"thumbprint":null,"toUpdate":null,"toUpdateIpBasedSsl":null,"ipBasedSslState":"NotConfigured","hostType":"Standard"},{"name":"func-e2e000003.scm.azurewebsites.net","sslState":"Disabled","ipBasedSslResult":null,"virtualIP":null,"thumbprint":null,"toUpdate":null,"toUpdateIpBasedSsl":null,"ipBasedSslState":"NotConfigured","hostType":"Repository"}],"computeMode":null,"serverFarm":null,"serverFarmId":"/subscriptions/00000000-0000-0000-0000-000000000000/resourceGroups/clitest.rg000001/providers/Microsoft.Web/serverfarms/func-e2e-plan000005","reserved":false,"isXenon":false,"hyperV":false,"lastModifiedTimeUtc":"2020-07-19T21:22:11.42","storageRecoveryDefaultState":"Running","contentAvailabilityState":"Normal","runtimeAvailabilityState":"Normal","siteConfig":{"numberOfWorkers":null,"defaultDocuments":null,"netFrameworkVersion":null,"phpVersion":null,"pythonVersion":null,"nodeVersion":null,"powerShellVersion":null,"linuxFxVersion":null,"windowsFxVersion":null,"requestTracingEnabled":null,"remoteDebuggingEnabled":null,"remoteDebuggingVersion":null,"httpLoggingEnabled":null,"azureMonitorLogCategories":null,"acrUseManagedIdentityCreds":false,"acrUserManagedIdentityID":null,"logsDirectorySizeLimit":null,"detailedErrorLoggingEnabled":null,"publishingUsername":null,"publishingPassword":null,"appSettings":null,"metadata":null,"connectionStrings":null,"machineKey":null,"handlerMappings":null,"documentRoot":null,"scmType":null,"use32BitWorkerProcess":null,"webSocketsEnabled":null,"alwaysOn":null,"javaVersion":null,"javaContainer":null,"javaContainerVersion":null,"appCommandLine":null,"managedPipelineMode":null,"virtualApplications":null,"winAuthAdminState":null,"winAuthTenantState":null,"customAppPoolIdentityAdminState":null,"customAppPoolIdentityTenantState":null,"runtimeADUser":null,"runtimeADUserPassword":null,"loadBalancing":null,"routingRules":null,"experiments":null,"limits":null,"autoHealEnabled":null,"autoHealRules":null,"tracingOptions":null,"vnetName":null,"cors":null,"push":null,"apiDefinition":null,"apiManagementConfig":null,"autoSwapSlotName":null,"localMySqlEnabled":null,"managedServiceIdentityId":null,"xManagedServiceIdentityId":null,"ipSecurityRestrictions":[{"ipAddress":"Any","action":"Allow","priority":1,"name":"Allow
        all","description":"Allow all access"}],"scmIpSecurityRestrictions":[{"ipAddress":"Any","action":"Allow","priority":1,"name":"Allow
        all","description":"Allow all access"}],"scmIpSecurityRestrictionsUseMain":null,"http20Enabled":null,"minTlsVersion":null,"ftpsState":null,"preWarmedInstanceCount":null,"healthCheckPath":null,"fileChangeAuditEnabled":null,"functionsRuntimeScaleMonitoringEnabled":null,"websiteTimeZone":null,"minimumElasticInstanceCount":0},"deploymentId":"func-e2e000003","trafficManagerHostNames":null,"sku":"Basic","scmSiteAlsoStopped":false,"targetSwapSlot":null,"hostingEnvironment":null,"hostingEnvironmentProfile":null,"clientAffinityEnabled":false,"clientCertEnabled":false,"clientCertMode":"Required","clientCertExclusionPaths":null,"hostNamesDisabled":false,"domainVerificationIdentifiers":null,"customDomainVerificationId":"A5B12E93C19D795D34DF79C449C2C3BAF58329ACBE54CAAF49EDCD93822ACCE8","kind":"functionapp","inboundIpAddress":"40.79.130.128","possibleInboundIpAddresses":"40.79.130.128","ftpUsername":"func-e2e000003\\$func-e2e000003","ftpsHostName":"ftps://waws-prod-par-007.ftp.azurewebsites.windows.net/site/wwwroot","outboundIpAddresses":"40.79.130.128,52.143.174.204,52.143.160.224,52.143.159.77,52.143.174.78","possibleOutboundIpAddresses":"40.79.130.128,52.143.174.204,52.143.160.224,52.143.159.77,52.143.174.78,52.143.152.77,40.89.188.6,52.143.168.48","containerSize":1536,"dailyMemoryTimeQuota":0,"suspendedTill":null,"siteDisabledReason":0,"functionExecutionUnitsCache":null,"maxNumberOfWorkers":null,"homeStamp":"waws-prod-par-007","cloningInfo":null,"hostingEnvironmentId":null,"tags":null,"resourceGroup":"clitest.rg000001","defaultHostName":"func-e2e000003.azurewebsites.net","slotSwapStatus":null,"httpsOnly":false,"redundancyMode":"None","inProgressOperationId":null,"geoDistributions":null,"privateEndpointConnections":null,"buildVersion":null,"targetBuildVersion":null}}'
    headers:
      cache-control:
      - no-cache
      content-length:
      - '5773'
      content-type:
      - application/json
      date:
      - Sun, 19 Jul 2020 21:22:28 GMT
      etag:
      - '"1D65E12AAAE9A00"'
      expires:
      - '-1'
      pragma:
      - no-cache
      server:
      - Microsoft-IIS/10.0
      strict-transport-security:
      - max-age=31536000; includeSubDomains
      transfer-encoding:
      - chunked
      vary:
      - Accept-Encoding
      x-aspnet-version:
      - 4.0.30319
      x-content-type-options:
      - nosniff
      x-ms-ratelimit-remaining-subscription-resource-requests:
      - '499'
      x-powered-by:
      - ASP.NET
    status:
      code: 200
      message: OK
- request:
    body: '{"location": "France Central", "kind": "web", "properties": {"Application_Type":
      "web"}}'
    headers:
      Accept:
      - application/json
      Accept-Encoding:
      - gzip, deflate
      CommandName:
      - functionapp create
      Connection:
      - keep-alive
      Content-Length:
      - '88'
      Content-Type:
      - application/json; charset=utf-8
      ParameterSetName:
      - -g -n -p -s
      User-Agent:
      - python/3.7.2 (Darwin-16.7.0-x86_64-i386-64bit) msrest/0.6.9 msrest_azure/0.6.3
        azure-mgmt-applicationinsights/0.1.1 Azure-SDK-For-Python AZURECLI/2.9.0
      accept-language:
      - en-US
    method: PUT
    uri: https://management.azure.com/subscriptions/00000000-0000-0000-0000-000000000000/resourceGroups/clitest.rg000001/providers/microsoft.insights/components/func-e2e000003?api-version=2015-05-01
  response:
    body:
      string: '{"id":"/subscriptions/00000000-0000-0000-0000-000000000000/resourceGroups/clitest.rg000001/providers/microsoft.insights/components/func-e2e000003","name":"func-e2e000003","type":"microsoft.insights/components","location":"francecentral","tags":{},"kind":"web","etag":"\"0000e10d-0000-0e00-0000-5f14b99c0000\"","properties":{"Ver":"v2","ApplicationId":"func-e2e000003","AppId":"bbd44814-48d4-44dc-9f27-47ec78a72a19","Application_Type":"web","Flow_Type":null,"Request_Source":null,"InstrumentationKey":"c12e4e17-52eb-4132-9e77-b0f652dc402a","ConnectionString":"InstrumentationKey=c12e4e17-52eb-4132-9e77-b0f652dc402a","Name":"func-e2e000003","CreationDate":"2020-07-19T21:22:36.392601+00:00","TenantId":"5700fc96-77b4-4f8d-afce-c353d8c443bd","provisioningState":"Succeeded","SamplingPercentage":null,"RetentionInDays":90,"IngestionMode":"ApplicationInsights","publicNetworkAccessForIngestion":"Enabled","publicNetworkAccessForQuery":"Enabled"}}'
    headers:
      access-control-expose-headers:
      - Request-Context
      cache-control:
      - no-cache
      content-length:
      - '1041'
      content-type:
      - application/json; charset=utf-8
      date:
      - Sun, 19 Jul 2020 21:22:39 GMT
      expires:
      - '-1'
      pragma:
      - no-cache
      request-context:
      - appId=cid-v1:920e14b1-13f3-461a-a4bb-b4fe6f1a4525
      server:
      - Microsoft-IIS/10.0
      strict-transport-security:
      - max-age=31536000; includeSubDomains
      transfer-encoding:
      - chunked
      vary:
      - Accept-Encoding
      x-content-type-options:
      - nosniff
      x-ms-ratelimit-remaining-subscription-writes:
      - '1198'
      x-powered-by:
      - ASP.NET
    status:
      code: 200
      message: OK
- request:
    body: null
    headers:
      Accept:
      - application/json
      Accept-Encoding:
      - gzip, deflate
      CommandName:
      - functionapp create
      Connection:
      - keep-alive
      Content-Length:
      - '0'
      ParameterSetName:
      - -g -n -p -s
      User-Agent:
      - python/3.7.2 (Darwin-16.7.0-x86_64-i386-64bit) msrest/0.6.9 msrest_azure/0.6.3
        azure-mgmt-web/0.47.0 Azure-SDK-For-Python AZURECLI/2.9.0
      accept-language:
      - en-US
    method: POST
    uri: https://management.azure.com/subscriptions/00000000-0000-0000-0000-000000000000/resourceGroups/clitest.rg000001/providers/Microsoft.Web/sites/func-e2e000003/config/appsettings/list?api-version=2019-08-01
  response:
    body:
      string: '{"id":"/subscriptions/00000000-0000-0000-0000-000000000000/resourceGroups/clitest.rg000001/providers/Microsoft.Web/sites/func-e2e000003/config/appsettings","name":"appsettings","type":"Microsoft.Web/sites/config","location":"France
        Central","properties":{"FUNCTIONS_WORKER_RUNTIME":"dotnet","FUNCTIONS_EXTENSION_VERSION":"~2","AzureWebJobsStorage":"DefaultEndpointsProtocol=https;EndpointSuffix=core.windows.net;AccountName=functionappplanstorage;AccountKey=veryFakedStorageAccountKey=="}}'
    headers:
      cache-control:
      - no-cache
      content-length:
      - '618'
      content-type:
      - application/json
      date:
      - Sun, 19 Jul 2020 21:22:40 GMT
      expires:
      - '-1'
      pragma:
      - no-cache
      server:
      - Microsoft-IIS/10.0
      strict-transport-security:
      - max-age=31536000; includeSubDomains
      transfer-encoding:
      - chunked
      vary:
      - Accept-Encoding
      x-aspnet-version:
      - 4.0.30319
      x-content-type-options:
      - nosniff
      x-ms-ratelimit-remaining-subscription-resource-requests:
      - '11998'
      x-powered-by:
      - ASP.NET
    status:
      code: 200
      message: OK
- request:
    body: '{"kind": "<class ''str''>", "properties": {"FUNCTIONS_WORKER_RUNTIME":
      "dotnet", "FUNCTIONS_EXTENSION_VERSION": "~2", "AzureWebJobsStorage": "DefaultEndpointsProtocol=https;EndpointSuffix=core.windows.net;AccountName=functionappplanstorage;AccountKey=veryFakedStorageAccountKey==",
      "APPINSIGHTS_INSTRUMENTATIONKEY": "c12e4e17-52eb-4132-9e77-b0f652dc402a"}}'
    headers:
      Accept:
      - application/json
      Accept-Encoding:
      - gzip, deflate
      CommandName:
      - functionapp create
      Connection:
      - keep-alive
      Content-Length:
      - '414'
      Content-Type:
      - application/json; charset=utf-8
      ParameterSetName:
      - -g -n -p -s
      User-Agent:
      - python/3.7.2 (Darwin-16.7.0-x86_64-i386-64bit) msrest/0.6.9 msrest_azure/0.6.3
        azure-mgmt-web/0.47.0 Azure-SDK-For-Python AZURECLI/2.9.0
      accept-language:
      - en-US
    method: PUT
    uri: https://management.azure.com/subscriptions/00000000-0000-0000-0000-000000000000/resourceGroups/clitest.rg000001/providers/Microsoft.Web/sites/func-e2e000003/config/appsettings?api-version=2019-08-01
  response:
    body:
      string: '{"id":"/subscriptions/00000000-0000-0000-0000-000000000000/resourceGroups/clitest.rg000001/providers/Microsoft.Web/sites/func-e2e000003/config/appsettings","name":"appsettings","type":"Microsoft.Web/sites/config","location":"France
        Central","properties":{"FUNCTIONS_WORKER_RUNTIME":"dotnet","FUNCTIONS_EXTENSION_VERSION":"~2","AzureWebJobsStorage":"DefaultEndpointsProtocol=https;EndpointSuffix=core.windows.net;AccountName=functionappplanstorage;AccountKey=veryFakedStorageAccountKey==","APPINSIGHTS_INSTRUMENTATIONKEY":"c12e4e17-52eb-4132-9e77-b0f652dc402a"}}'
    headers:
      cache-control:
      - no-cache
      content-length:
      - '690'
      content-type:
      - application/json
      date:
      - Sun, 19 Jul 2020 21:22:41 GMT
      etag:
      - '"1D65E12BC764C60"'
      expires:
      - '-1'
      pragma:
      - no-cache
      server:
      - Microsoft-IIS/10.0
      strict-transport-security:
      - max-age=31536000; includeSubDomains
      transfer-encoding:
      - chunked
      vary:
      - Accept-Encoding
      x-aspnet-version:
      - 4.0.30319
      x-content-type-options:
      - nosniff
      x-ms-ratelimit-remaining-subscription-writes:
      - '1195'
      x-powered-by:
      - ASP.NET
    status:
      code: 200
      message: OK
- request:
    body: null
    headers:
      Accept:
      - application/json
      Accept-Encoding:
      - gzip, deflate
      CommandName:
      - functionapp create
      Connection:
      - keep-alive
      ParameterSetName:
      - -g -n -p -s
      User-Agent:
      - python/3.7.2 (Darwin-16.7.0-x86_64-i386-64bit) msrest/0.6.9 msrest_azure/0.6.3
        azure-mgmt-web/0.47.0 Azure-SDK-For-Python AZURECLI/2.9.0
      accept-language:
      - en-US
    method: GET
    uri: https://management.azure.com/subscriptions/00000000-0000-0000-0000-000000000000/resourceGroups/clitest.rg000001/providers/Microsoft.Web/serverfarms/func-e2e-plan000005?api-version=2019-08-01
  response:
    body:
      string: '{"id":"/subscriptions/00000000-0000-0000-0000-000000000000/resourceGroups/clitest.rg000001/providers/Microsoft.Web/serverfarms/func-e2e-plan000005","name":"func-e2e-plan000005","type":"Microsoft.Web/serverfarms","kind":"app","location":"France
        Central","properties":{"serverFarmId":24780,"name":"func-e2e-plan000005","workerSize":"Default","workerSizeId":0,"workerTierName":null,"numberOfWorkers":1,"currentWorkerSize":"Default","currentWorkerSizeId":0,"currentNumberOfWorkers":1,"status":"Ready","webSpace":"clitest.rg000001-FranceCentralwebspace","subscription":"5700fc96-77b4-4f8d-afce-c353d8c443bd","adminSiteName":null,"hostingEnvironment":null,"hostingEnvironmentProfile":null,"maximumNumberOfWorkers":3,"planName":"VirtualDedicatedPlan","adminRuntimeSiteName":null,"computeMode":"Dedicated","siteMode":null,"geoRegion":"France
        Central","perSiteScaling":false,"maximumElasticWorkerCount":1,"numberOfSites":1,"hostingEnvironmentId":null,"isSpot":false,"spotExpirationTime":null,"freeOfferExpirationTime":null,"tags":null,"kind":"app","resourceGroup":"clitest.rg000001","reserved":false,"isXenon":false,"hyperV":false,"mdmId":"waws-prod-par-007_24780","targetWorkerCount":0,"targetWorkerSizeId":0,"provisioningState":"Succeeded","webSiteId":null,"existingServerFarmIds":null},"sku":{"name":"B1","tier":"Basic","size":"B1","family":"B","capacity":1}}'
    headers:
      cache-control:
      - no-cache
      content-length:
      - '1545'
      content-type:
      - application/json
      date:
      - Sun, 19 Jul 2020 21:22:43 GMT
      expires:
      - '-1'
      pragma:
      - no-cache
      server:
      - Microsoft-IIS/10.0
      strict-transport-security:
      - max-age=31536000; includeSubDomains
      transfer-encoding:
      - chunked
      vary:
      - Accept-Encoding
      x-aspnet-version:
      - 4.0.30319
      x-content-type-options:
      - nosniff
      x-powered-by:
      - ASP.NET
    status:
      code: 200
      message: OK
- request:
    body: null
    headers:
      Accept:
      - application/json
      Accept-Encoding:
      - gzip, deflate
      CommandName:
      - functionapp create
      Connection:
      - keep-alive
      ParameterSetName:
      - -g -n -p -s
      User-Agent:
      - python/3.7.2 (Darwin-16.7.0-x86_64-i386-64bit) msrest/0.6.9 msrest_azure/0.6.3
        azure-mgmt-storage/11.1.0 Azure-SDK-For-Python AZURECLI/2.9.0
      accept-language:
      - en-US
    method: GET
    uri: https://management.azure.com/subscriptions/00000000-0000-0000-0000-000000000000/resourceGroups/clitest.rg000002/providers/Microsoft.Storage/storageAccounts/functionappplanstorage2?api-version=2019-06-01
  response:
    body:
      string: '{"sku":{"name":"Standard_LRS","tier":"Standard"},"kind":"StorageV2","id":"/subscriptions/00000000-0000-0000-0000-000000000000/resourceGroups/clitest.rg000002/providers/Microsoft.Storage/storageAccounts/functionappplanstorage2","name":"functionappplanstorage2","type":"Microsoft.Storage/storageAccounts","location":"francecentral","tags":{},"properties":{"privateEndpointConnections":[],"networkAcls":{"bypass":"AzureServices","virtualNetworkRules":[],"ipRules":[],"defaultAction":"Allow"},"supportsHttpsTrafficOnly":true,"encryption":{"services":{"file":{"keyType":"Account","enabled":true,"lastEnabledTime":"2020-07-19T21:21:33.9478650Z"},"blob":{"keyType":"Account","enabled":true,"lastEnabledTime":"2020-07-19T21:21:33.9478650Z"}},"keySource":"Microsoft.Storage"},"accessTier":"Hot","provisioningState":"Succeeded","creationTime":"2020-07-19T21:21:33.8853656Z","primaryEndpoints":{"dfs":"https://functionappplanstorage2.dfs.core.windows.net/","web":"https://functionappplanstorage2.z28.web.core.windows.net/","blob":"https://functionappplanstorage2.blob.core.windows.net/","queue":"https://functionappplanstorage2.queue.core.windows.net/","table":"https://functionappplanstorage2.table.core.windows.net/","file":"https://functionappplanstorage2.file.core.windows.net/"},"primaryLocation":"francecentral","statusOfPrimary":"available"}}'
    headers:
      cache-control:
      - no-cache
      content-length:
      - '1397'
      content-type:
      - application/json
      date:
      - Sun, 19 Jul 2020 21:22:43 GMT
      expires:
      - '-1'
      pragma:
      - no-cache
      server:
      - Microsoft-Azure-Storage-Resource-Provider/1.0,Microsoft-HTTPAPI/2.0 Microsoft-HTTPAPI/2.0
      strict-transport-security:
      - max-age=31536000; includeSubDomains
      transfer-encoding:
      - chunked
      vary:
      - Accept-Encoding
      x-content-type-options:
      - nosniff
    status:
      code: 200
      message: OK
- request:
    body: null
    headers:
      Accept:
      - application/json
      Accept-Encoding:
      - gzip, deflate
      CommandName:
      - functionapp create
      Connection:
      - keep-alive
      Content-Length:
      - '0'
      ParameterSetName:
      - -g -n -p -s
      User-Agent:
      - python/3.7.2 (Darwin-16.7.0-x86_64-i386-64bit) msrest/0.6.9 msrest_azure/0.6.3
        azure-mgmt-storage/11.1.0 Azure-SDK-For-Python AZURECLI/2.9.0
      accept-language:
      - en-US
    method: POST
    uri: https://management.azure.com/subscriptions/00000000-0000-0000-0000-000000000000/resourceGroups/clitest.rg000002/providers/Microsoft.Storage/storageAccounts/functionappplanstorage2/listKeys?api-version=2019-06-01
  response:
    body:
      string: '{"keys":[{"keyName":"key1","value":"veryFakedStorageAccountKey==","permissions":"FULL"},{"keyName":"key2","value":"veryFakedStorageAccountKey==","permissions":"FULL"}]}'
    headers:
      cache-control:
      - no-cache
      content-length:
      - '288'
      content-type:
      - application/json
      date:
      - Sun, 19 Jul 2020 21:22:44 GMT
      expires:
      - '-1'
      pragma:
      - no-cache
      server:
      - Microsoft-Azure-Storage-Resource-Provider/1.0,Microsoft-HTTPAPI/2.0 Microsoft-HTTPAPI/2.0
      strict-transport-security:
      - max-age=31536000; includeSubDomains
      transfer-encoding:
      - chunked
      vary:
      - Accept-Encoding
      x-content-type-options:
      - nosniff
      x-ms-ratelimit-remaining-subscription-resource-requests:
      - '11999'
    status:
      code: 200
      message: OK
- request:
    body: 'b''{"kind": "functionapp", "location": "France Central", "properties":
      {"serverFarmId": "/subscriptions/00000000-0000-0000-0000-000000000000/resourceGroups/clitest.rg000001/providers/Microsoft.Web/serverfarms/func-e2e-plan000005",
      "reserved": false, "isXenon": false, "hyperV": false, "siteConfig": {"netFrameworkVersion":
      "v4.6", "appSettings": [{"name": "FUNCTIONS_WORKER_RUNTIME", "value": "dotnet"},
      {"name": "FUNCTIONS_EXTENSION_VERSION", "value": "~2"}, {"name": "AzureWebJobsStorage",
      "value": "DefaultEndpointsProtocol=https;EndpointSuffix=core.windows.net;AccountName=functionappplanstorage2;AccountKey=veryFakedStorageAccountKey=="}],
      "use32BitWorkerProcess": true, "alwaysOn": true, "localMySqlEnabled": false,
      "http20Enabled": true}, "scmSiteAlsoStopped": false}}'''
    headers:
      Accept:
      - application/json
      Accept-Encoding:
      - gzip, deflate
      CommandName:
      - functionapp create
      Connection:
      - keep-alive
      Content-Length:
      - '896'
      Content-Type:
      - application/json; charset=utf-8
      ParameterSetName:
      - -g -n -p -s
      User-Agent:
      - python/3.7.2 (Darwin-16.7.0-x86_64-i386-64bit) msrest/0.6.9 msrest_azure/0.6.3
        azure-mgmt-web/0.47.0 Azure-SDK-For-Python AZURECLI/2.9.0
      accept-language:
      - en-US
    method: PUT
    uri: https://management.azure.com/subscriptions/00000000-0000-0000-0000-000000000000/resourceGroups/clitest.rg000002/providers/Microsoft.Web/sites/func-e2e000004?api-version=2019-08-01
  response:
    body:
      string: '{"id":"/subscriptions/00000000-0000-0000-0000-000000000000/resourceGroups/clitest.rg000002/providers/Microsoft.Web/sites/func-e2e000004","name":"func-e2e000004","type":"Microsoft.Web/sites","kind":"functionapp","location":"France
        Central","properties":{"name":"func-e2e000004","state":"Running","hostNames":["func-e2e000004.azurewebsites.net"],"webSpace":"clitest.rg000001-FranceCentralwebspace","selfLink":"https://waws-prod-par-007.api.azurewebsites.windows.net:454/subscriptions/00000000-0000-0000-0000-000000000000/webspaces/clitest.rg000001-FranceCentralwebspace/sites/func-e2e000004","repositorySiteName":"func-e2e000004","owner":null,"usageState":"Normal","enabled":true,"adminEnabled":true,"enabledHostNames":["func-e2e000004.azurewebsites.net","func-e2e000004.scm.azurewebsites.net"],"siteProperties":{"metadata":null,"properties":[{"name":"LinuxFxVersion","value":""},{"name":"WindowsFxVersion","value":null}],"appSettings":null},"availabilityState":"Normal","sslCertificates":null,"csrs":[],"cers":null,"siteMode":null,"hostNameSslStates":[{"name":"func-e2e000004.azurewebsites.net","sslState":"Disabled","ipBasedSslResult":null,"virtualIP":null,"thumbprint":null,"toUpdate":null,"toUpdateIpBasedSsl":null,"ipBasedSslState":"NotConfigured","hostType":"Standard"},{"name":"func-e2e000004.scm.azurewebsites.net","sslState":"Disabled","ipBasedSslResult":null,"virtualIP":null,"thumbprint":null,"toUpdate":null,"toUpdateIpBasedSsl":null,"ipBasedSslState":"NotConfigured","hostType":"Repository"}],"computeMode":null,"serverFarm":null,"serverFarmId":"/subscriptions/00000000-0000-0000-0000-000000000000/resourceGroups/clitest.rg000001/providers/Microsoft.Web/serverfarms/func-e2e-plan000005","reserved":false,"isXenon":false,"hyperV":false,"lastModifiedTimeUtc":"2020-07-19T21:22:53.7433333","storageRecoveryDefaultState":"Running","contentAvailabilityState":"Normal","runtimeAvailabilityState":"Normal","siteConfig":{"numberOfWorkers":null,"defaultDocuments":null,"netFrameworkVersion":null,"phpVersion":null,"pythonVersion":null,"nodeVersion":null,"powerShellVersion":null,"linuxFxVersion":null,"windowsFxVersion":null,"requestTracingEnabled":null,"remoteDebuggingEnabled":null,"remoteDebuggingVersion":null,"httpLoggingEnabled":null,"azureMonitorLogCategories":null,"acrUseManagedIdentityCreds":false,"acrUserManagedIdentityID":null,"logsDirectorySizeLimit":null,"detailedErrorLoggingEnabled":null,"publishingUsername":null,"publishingPassword":null,"appSettings":null,"metadata":null,"connectionStrings":null,"machineKey":null,"handlerMappings":null,"documentRoot":null,"scmType":null,"use32BitWorkerProcess":null,"webSocketsEnabled":null,"alwaysOn":null,"javaVersion":null,"javaContainer":null,"javaContainerVersion":null,"appCommandLine":null,"managedPipelineMode":null,"virtualApplications":null,"winAuthAdminState":null,"winAuthTenantState":null,"customAppPoolIdentityAdminState":null,"customAppPoolIdentityTenantState":null,"runtimeADUser":null,"runtimeADUserPassword":null,"loadBalancing":null,"routingRules":null,"experiments":null,"limits":null,"autoHealEnabled":null,"autoHealRules":null,"tracingOptions":null,"vnetName":null,"cors":null,"push":null,"apiDefinition":null,"apiManagementConfig":null,"autoSwapSlotName":null,"localMySqlEnabled":null,"managedServiceIdentityId":null,"xManagedServiceIdentityId":null,"ipSecurityRestrictions":[{"ipAddress":"Any","action":"Allow","priority":1,"name":"Allow
        all","description":"Allow all access"}],"scmIpSecurityRestrictions":[{"ipAddress":"Any","action":"Allow","priority":1,"name":"Allow
        all","description":"Allow all access"}],"scmIpSecurityRestrictionsUseMain":null,"http20Enabled":null,"minTlsVersion":null,"ftpsState":null,"preWarmedInstanceCount":null,"healthCheckPath":null,"fileChangeAuditEnabled":null,"functionsRuntimeScaleMonitoringEnabled":null,"websiteTimeZone":null,"minimumElasticInstanceCount":0},"deploymentId":"func-e2e000004","trafficManagerHostNames":null,"sku":"Basic","scmSiteAlsoStopped":false,"targetSwapSlot":null,"hostingEnvironment":null,"hostingEnvironmentProfile":null,"clientAffinityEnabled":false,"clientCertEnabled":false,"clientCertMode":"Required","clientCertExclusionPaths":null,"hostNamesDisabled":false,"domainVerificationIdentifiers":null,"customDomainVerificationId":"A5B12E93C19D795D34DF79C449C2C3BAF58329ACBE54CAAF49EDCD93822ACCE8","kind":"functionapp","inboundIpAddress":"40.79.130.128","possibleInboundIpAddresses":"40.79.130.128","ftpUsername":"func-e2e000004\\$func-e2e000004","ftpsHostName":"ftps://waws-prod-par-007.ftp.azurewebsites.windows.net/site/wwwroot","outboundIpAddresses":"40.79.130.128,52.143.174.204,52.143.160.224,52.143.159.77,52.143.174.78","possibleOutboundIpAddresses":"40.79.130.128,52.143.174.204,52.143.160.224,52.143.159.77,52.143.174.78,52.143.152.77,40.89.188.6,52.143.168.48","containerSize":1536,"dailyMemoryTimeQuota":0,"suspendedTill":null,"siteDisabledReason":0,"functionExecutionUnitsCache":null,"maxNumberOfWorkers":null,"homeStamp":"waws-prod-par-007","cloningInfo":null,"hostingEnvironmentId":null,"tags":null,"resourceGroup":"clitest.rg000002","defaultHostName":"func-e2e000004.azurewebsites.net","slotSwapStatus":null,"httpsOnly":false,"redundancyMode":"None","inProgressOperationId":null,"geoDistributions":null,"privateEndpointConnections":null,"buildVersion":null,"targetBuildVersion":null}}'
    headers:
      cache-control:
      - no-cache
      content-length:
      - '5778'
      content-type:
      - application/json
      date:
      - Sun, 19 Jul 2020 21:23:10 GMT
      etag:
      - '"1D65E12C4059F15"'
      expires:
      - '-1'
      pragma:
      - no-cache
      server:
      - Microsoft-IIS/10.0
      strict-transport-security:
      - max-age=31536000; includeSubDomains
      transfer-encoding:
      - chunked
      vary:
      - Accept-Encoding
      x-aspnet-version:
      - 4.0.30319
      x-content-type-options:
      - nosniff
      x-ms-ratelimit-remaining-subscription-resource-requests:
      - '499'
      x-powered-by:
      - ASP.NET
    status:
      code: 200
      message: OK
- request:
    body: '{"location": "France Central", "kind": "web", "properties": {"Application_Type":
      "web"}}'
    headers:
      Accept:
      - application/json
      Accept-Encoding:
      - gzip, deflate
      CommandName:
      - functionapp create
      Connection:
      - keep-alive
      Content-Length:
      - '88'
      Content-Type:
      - application/json; charset=utf-8
      ParameterSetName:
      - -g -n -p -s
      User-Agent:
      - python/3.7.2 (Darwin-16.7.0-x86_64-i386-64bit) msrest/0.6.9 msrest_azure/0.6.3
        azure-mgmt-applicationinsights/0.1.1 Azure-SDK-For-Python AZURECLI/2.9.0
      accept-language:
      - en-US
    method: PUT
    uri: https://management.azure.com/subscriptions/00000000-0000-0000-0000-000000000000/resourceGroups/clitest.rg000002/providers/microsoft.insights/components/func-e2e000004?api-version=2015-05-01
  response:
    body:
      string: '{"id":"/subscriptions/00000000-0000-0000-0000-000000000000/resourceGroups/clitest.rg000002/providers/microsoft.insights/components/func-e2e000004","name":"func-e2e000004","type":"microsoft.insights/components","location":"francecentral","tags":{},"kind":"web","etag":"\"0000eb0d-0000-0e00-0000-5f14b9c70000\"","properties":{"Ver":"v2","ApplicationId":"func-e2e000004","AppId":"1bb6b077-fd67-4564-9ab3-071711ca49f8","Application_Type":"web","Flow_Type":null,"Request_Source":null,"InstrumentationKey":"900eee2b-7117-4b03-a520-fd1b99795d80","ConnectionString":"InstrumentationKey=900eee2b-7117-4b03-a520-fd1b99795d80","Name":"func-e2e000004","CreationDate":"2020-07-19T21:23:19.3029806+00:00","TenantId":"5700fc96-77b4-4f8d-afce-c353d8c443bd","provisioningState":"Succeeded","SamplingPercentage":null,"RetentionInDays":90,"IngestionMode":"ApplicationInsights","publicNetworkAccessForIngestion":"Enabled","publicNetworkAccessForQuery":"Enabled"}}'
    headers:
      access-control-expose-headers:
      - Request-Context
      cache-control:
      - no-cache
      content-length:
      - '1042'
      content-type:
      - application/json; charset=utf-8
      date:
      - Sun, 19 Jul 2020 21:23:21 GMT
      expires:
      - '-1'
      pragma:
      - no-cache
      request-context:
      - appId=cid-v1:920e14b1-13f3-461a-a4bb-b4fe6f1a4525
      server:
      - Microsoft-IIS/10.0
      strict-transport-security:
      - max-age=31536000; includeSubDomains
      transfer-encoding:
      - chunked
      vary:
      - Accept-Encoding
      x-content-type-options:
      - nosniff
      x-ms-ratelimit-remaining-subscription-writes:
      - '1195'
      x-powered-by:
      - ASP.NET
    status:
      code: 200
      message: OK
- request:
    body: null
    headers:
      Accept:
      - application/json
      Accept-Encoding:
      - gzip, deflate
      CommandName:
      - functionapp create
      Connection:
      - keep-alive
      Content-Length:
      - '0'
      ParameterSetName:
      - -g -n -p -s
      User-Agent:
      - python/3.7.2 (Darwin-16.7.0-x86_64-i386-64bit) msrest/0.6.9 msrest_azure/0.6.3
        azure-mgmt-web/0.47.0 Azure-SDK-For-Python AZURECLI/2.9.0
      accept-language:
      - en-US
    method: POST
    uri: https://management.azure.com/subscriptions/00000000-0000-0000-0000-000000000000/resourceGroups/clitest.rg000002/providers/Microsoft.Web/sites/func-e2e000004/config/appsettings/list?api-version=2019-08-01
  response:
    body:
      string: '{"id":"/subscriptions/00000000-0000-0000-0000-000000000000/resourceGroups/clitest.rg000002/providers/Microsoft.Web/sites/func-e2e000004/config/appsettings","name":"appsettings","type":"Microsoft.Web/sites/config","location":"France
        Central","properties":{"FUNCTIONS_WORKER_RUNTIME":"dotnet","FUNCTIONS_EXTENSION_VERSION":"~2","AzureWebJobsStorage":"DefaultEndpointsProtocol=https;EndpointSuffix=core.windows.net;AccountName=functionappplanstorage2;AccountKey=veryFakedStorageAccountKey=="}}'
    headers:
      cache-control:
      - no-cache
      content-length:
      - '619'
      content-type:
      - application/json
      date:
      - Sun, 19 Jul 2020 21:23:23 GMT
      expires:
      - '-1'
      pragma:
      - no-cache
      server:
      - Microsoft-IIS/10.0
      strict-transport-security:
      - max-age=31536000; includeSubDomains
      transfer-encoding:
      - chunked
      vary:
      - Accept-Encoding
      x-aspnet-version:
      - 4.0.30319
      x-content-type-options:
      - nosniff
      x-ms-ratelimit-remaining-subscription-resource-requests:
      - '11998'
      x-powered-by:
      - ASP.NET
    status:
      code: 200
      message: OK
- request:
    body: '{"kind": "<class ''str''>", "properties": {"FUNCTIONS_WORKER_RUNTIME":
      "dotnet", "FUNCTIONS_EXTENSION_VERSION": "~2", "AzureWebJobsStorage": "DefaultEndpointsProtocol=https;EndpointSuffix=core.windows.net;AccountName=functionappplanstorage2;AccountKey=veryFakedStorageAccountKey==",
      "APPINSIGHTS_INSTRUMENTATIONKEY": "900eee2b-7117-4b03-a520-fd1b99795d80"}}'
    headers:
      Accept:
      - application/json
      Accept-Encoding:
      - gzip, deflate
      CommandName:
      - functionapp create
      Connection:
      - keep-alive
      Content-Length:
      - '415'
      Content-Type:
      - application/json; charset=utf-8
      ParameterSetName:
      - -g -n -p -s
      User-Agent:
      - python/3.7.2 (Darwin-16.7.0-x86_64-i386-64bit) msrest/0.6.9 msrest_azure/0.6.3
        azure-mgmt-web/0.47.0 Azure-SDK-For-Python AZURECLI/2.9.0
      accept-language:
      - en-US
    method: PUT
    uri: https://management.azure.com/subscriptions/00000000-0000-0000-0000-000000000000/resourceGroups/clitest.rg000002/providers/Microsoft.Web/sites/func-e2e000004/config/appsettings?api-version=2019-08-01
  response:
    body:
      string: '{"id":"/subscriptions/00000000-0000-0000-0000-000000000000/resourceGroups/clitest.rg000002/providers/Microsoft.Web/sites/func-e2e000004/config/appsettings","name":"appsettings","type":"Microsoft.Web/sites/config","location":"France
        Central","properties":{"FUNCTIONS_WORKER_RUNTIME":"dotnet","FUNCTIONS_EXTENSION_VERSION":"~2","AzureWebJobsStorage":"DefaultEndpointsProtocol=https;EndpointSuffix=core.windows.net;AccountName=functionappplanstorage2;AccountKey=veryFakedStorageAccountKey==","APPINSIGHTS_INSTRUMENTATIONKEY":"900eee2b-7117-4b03-a520-fd1b99795d80"}}'
    headers:
      cache-control:
      - no-cache
      content-length:
      - '691'
      content-type:
      - application/json
      date:
      - Sun, 19 Jul 2020 21:23:25 GMT
      etag:
      - '"1D65E12D6285CC0"'
      expires:
      - '-1'
      pragma:
      - no-cache
      server:
      - Microsoft-IIS/10.0
      strict-transport-security:
      - max-age=31536000; includeSubDomains
      transfer-encoding:
      - chunked
      vary:
      - Accept-Encoding
      x-aspnet-version:
      - 4.0.30319
      x-content-type-options:
      - nosniff
      x-ms-ratelimit-remaining-subscription-writes:
      - '1198'
      x-powered-by:
      - ASP.NET
    status:
      code: 200
      message: OK
- request:
    body: null
    headers:
      Accept:
      - application/json
      Accept-Encoding:
      - gzip, deflate
      CommandName:
      - functionapp delete
      Connection:
      - keep-alive
      Content-Length:
      - '0'
      ParameterSetName:
      - -g -n
      User-Agent:
      - python/3.7.2 (Darwin-16.7.0-x86_64-i386-64bit) msrest/0.6.9 msrest_azure/0.6.3
        azure-mgmt-web/0.47.0 Azure-SDK-For-Python AZURECLI/2.9.0
      accept-language:
      - en-US
    method: DELETE
    uri: https://management.azure.com/subscriptions/00000000-0000-0000-0000-000000000000/resourceGroups/clitest.rg000001/providers/Microsoft.Web/sites/func-e2e000003?api-version=2019-08-01
  response:
    body:
      string: ''
    headers:
      cache-control:
      - no-cache
      content-length:
      - '0'
      date:
      - Sun, 19 Jul 2020 21:23:32 GMT
      etag:
      - '"1D65E12BC764C60"'
      expires:
      - '-1'
      pragma:
      - no-cache
      server:
      - Microsoft-IIS/10.0
      strict-transport-security:
      - max-age=31536000; includeSubDomains
      x-aspnet-version:
      - 4.0.30319
      x-content-type-options:
      - nosniff
      x-ms-ratelimit-remaining-subscription-deletes:
      - '14999'
      x-powered-by:
      - ASP.NET
    status:
      code: 200
      message: OK
version: 1
