interactions:
- request:
    body: null
    headers:
      Accept:
      - application/json
      Accept-Encoding:
      - gzip, deflate
      CommandName:
      - functionapp plan create
      Connection:
      - keep-alive
      ParameterSetName:
      - -g -n --sku
      User-Agent:
      - AZURECLI/2.74.0 azsdk-python-core/1.31.0 Python/3.11.9 (Windows-10-10.0.22631-SP0)
    method: GET
    uri: https://management.azure.com/subscriptions/00000000-0000-0000-0000-000000000000/resourcegroups/clitest.rg000001?api-version=2024-11-01
  response:
    body:
      string: '{"id":"/subscriptions/00000000-0000-0000-0000-000000000000/resourceGroups/clitest.rg000001","name":"clitest.rg000001","type":"Microsoft.Resources/resourceGroups","location":"francecentral","tags":{"product":"azurecli","cause":"automation","test":"test_functionapp_elastic_premium_restricted_public_network_access_storage_mutually_exclusive_flags","date":"2025-06-11T08:18:39Z","module":"appservice"},"properties":{"provisioningState":"Succeeded"}}'
    headers:
      cache-control:
      - no-cache
      content-length:
      - '447'
      content-type:
      - application/json; charset=utf-8
      date:
      - Wed, 11 Jun 2025 08:18:42 GMT
      expires:
      - '-1'
      pragma:
      - no-cache
      strict-transport-security:
      - max-age=31536000; includeSubDomains
      x-cache:
      - CONFIG_NOCACHE
      x-content-type-options:
      - nosniff
      x-ms-ratelimit-remaining-subscription-global-reads:
      - '16499'
      x-msedge-ref:
      - 'Ref A: B641F83D15A04229A379399A26A5CB0A Ref B: MWH011020809052 Ref C: 2025-06-11T08:18:42Z'
    status:
      code: 200
      message: OK
- request:
    body: '{"location": "francecentral", "sku": {"name": "EP1", "tier": "ElasticPremium"},
      "properties": {"perSiteScaling": false, "isXenon": false, "zoneRedundant": false}}'
    headers:
      Accept:
      - application/json
      Accept-Encoding:
      - gzip, deflate
      CommandName:
      - functionapp plan create
      Connection:
      - keep-alive
      Content-Length:
      - '162'
      Content-Type:
      - application/json
      ParameterSetName:
      - -g -n --sku
      User-Agent:
      - AZURECLI/2.74.0 azsdk-python-core/1.31.0 Python/3.11.9 (Windows-10-10.0.22631-SP0)
    method: PUT
    uri: https://management.azure.com/subscriptions/00000000-0000-0000-0000-000000000000/resourceGroups/clitest.rg000001/providers/Microsoft.Web/serverfarms/epplan000004?api-version=2024-04-01
  response:
    body:
      string: '{"id":"/subscriptions/00000000-0000-0000-0000-000000000000/resourceGroups/clitest.rg000001/providers/Microsoft.Web/serverfarms/epplan000004","name":"epplan000004","type":"Microsoft.Web/serverfarms","kind":"elastic","location":"francecentral","properties":{"serverFarmId":66210,"name":"epplan000004","sku":{"name":"EP1","tier":"ElasticPremium","size":"EP1","family":"EP","capacity":1},"workerSize":"D1","workerSizeId":3,"workerTierName":null,"numberOfWorkers":1,"currentWorkerSize":"D1","currentWorkerSizeId":3,"currentNumberOfWorkers":1,"status":"Ready","webSpace":"clitest.rg000001-FranceCentralwebspace","subscription":"2819c8c8-a774-4ac9-bf91-8bb8f1f47ece","adminSiteName":null,"hostingEnvironment":null,"hostingEnvironmentProfile":null,"maximumNumberOfWorkers":0,"planName":"VirtualDedicatedPlan","adminRuntimeSiteName":null,"computeMode":"Dedicated","siteMode":null,"geoRegion":"France
        Central","perSiteScaling":false,"elasticScaleEnabled":true,"maximumElasticWorkerCount":1,"numberOfSites":0,"hostingEnvironmentId":null,"isSpot":false,"spotExpirationTime":null,"freeOfferExpirationTime":null,"tags":null,"kind":"elastic","resourceGroup":"clitest.rg000001","reserved":false,"isXenon":false,"hyperV":false,"mdmId":"waws-prod-par-033_66210","targetWorkerCount":0,"targetWorkerSizeId":0,"provisioningState":"Succeeded","webSiteId":null,"existingServerFarmIds":null,"kubeEnvironmentProfile":null,"zoneRedundant":false,"maximumNumberOfZones":1,"currentNumberOfZonesUtilized":1,"migrateToVMSS":null,"vnetConnectionsUsed":null,"vnetConnectionsMax":null,"createdTime":"2025-06-11T08:18:47.3266667","asyncScalingEnabled":false},"sku":{"name":"EP1","tier":"ElasticPremium","size":"EP1","family":"EP","capacity":1}}'
    headers:
      cache-control:
      - no-cache
      content-length:
      - '1709'
      content-type:
      - application/json
      date:
      - Wed, 11 Jun 2025 08:18:51 GMT
      etag:
      - '"1DBDAA9770B0260"'
      expires:
      - '-1'
      pragma:
      - no-cache
      strict-transport-security:
      - max-age=31536000; includeSubDomains
      x-aspnet-version:
      - 4.0.30319
      x-cache:
      - CONFIG_NOCACHE
      x-content-type-options:
      - nosniff
      x-ms-operation-identifier:
      - tenantId=72f988bf-86f1-41af-91ab-2d7cd011db47,objectId=bd30bf6a-f200-4cfd-bcd6-a339b0d9dbe8/westus2/d0f0f3f6-7a07-41eb-bbb3-3256ef0e50e7
      x-ms-ratelimit-remaining-subscription-global-writes:
      - '12000'
      x-ms-ratelimit-remaining-subscription-writes:
      - '800'
      x-msedge-ref:
      - 'Ref A: 9B7CF58BE9854D009375E94AA8DF04EA Ref B: MWH011020809042 Ref C: 2025-06-11T08:18:43Z'
      x-powered-by:
      - ASP.NET
    status:
      code: 200
      message: OK
- request:
    body: '{"name": "funcstorage000003", "type": "Microsoft.Storage/storageAccounts"}'
    headers:
      Accept:
      - application/json
      Accept-Encoding:
      - gzip, deflate
      CommandName:
      - storage account create
      Connection:
      - keep-alive
      Content-Length:
      - '74'
      Content-Type:
      - application/json
      ParameterSetName:
      - --name -g -l --sku --default-action --public-network-access
      User-Agent:
      - AZURECLI/2.74.0 azsdk-python-core/1.31.0 Python/3.11.9 (Windows-10-10.0.22631-SP0)
    method: POST
    uri: https://management.azure.com/subscriptions/00000000-0000-0000-0000-000000000000/providers/Microsoft.Storage/checkNameAvailability?api-version=2024-01-01
  response:
    body:
      string: '{"nameAvailable":true}'
    headers:
      cache-control:
      - no-cache
      content-length:
      - '22'
      content-type:
      - application/json
      date:
      - Wed, 11 Jun 2025 08:18:52 GMT
      expires:
      - '-1'
      pragma:
      - no-cache
      strict-transport-security:
      - max-age=31536000; includeSubDomains
      x-cache:
      - CONFIG_NOCACHE
      x-content-type-options:
      - nosniff
      x-ms-operation-identifier:
      - tenantId=72f988bf-86f1-41af-91ab-2d7cd011db47,objectId=bd30bf6a-f200-4cfd-bcd6-a339b0d9dbe8/westus2/6581d8ff-4454-4130-aa78-956bc72d41c9
      x-ms-ratelimit-remaining-subscription-global-reads:
      - '16499'
      x-msedge-ref:
      - 'Ref A: D19210E13A7A4AFEBDEDC66F3C4924CD Ref B: MWH011020808042 Ref C: 2025-06-11T08:18:53Z'
    status:
      code: 200
      message: OK
- request:
    body: '{"sku": {"name": "Standard_LRS"}, "kind": "StorageV2", "location": "francecentral",
      "properties": {"publicNetworkAccess": "Enabled", "encryption": {"services":
      {"blob": {}}, "keySource": "Microsoft.Storage"}, "networkAcls": {"defaultAction":
      "Deny"}}}'
    headers:
      Accept:
      - application/json
      Accept-Encoding:
      - gzip, deflate
      CommandName:
      - storage account create
      Connection:
      - keep-alive
      Content-Length:
      - '251'
      Content-Type:
      - application/json
      ParameterSetName:
      - --name -g -l --sku --default-action --public-network-access
      User-Agent:
      - AZURECLI/2.74.0 azsdk-python-core/1.31.0 Python/3.11.9 (Windows-10-10.0.22631-SP0)
    method: PUT
    uri: https://management.azure.com/subscriptions/00000000-0000-0000-0000-000000000000/resourceGroups/clitest.rg000001/providers/Microsoft.Storage/storageAccounts/funcstorage000003?api-version=2024-01-01
  response:
    body:
      string: '{"error":{"code":"RequestDisallowedByPolicy","target":"funcstorage000003","message":"Resource
        ''funcstorage000003'' was disallowed by policy. Policy identifiers: ''[{\"policyAssignment\":{\"name\":\"Storage
        account public access should be disallowed\",\"id\":\"/providers/Microsoft.Management/managementGroups/da7db9f6-3e52-d309-60d9-4ed9a359158d/providers/Microsoft.Authorization/policyAssignments/0ad758e105724c7195d4935e\"},\"policyDefinition\":{\"name\":\"Storage
        account public access should be disallowed\",\"id\":\"/providers/Microsoft.Authorization/policyDefinitions/4fa4b6c0-31ca-4c0d-b10d-24b96f62a751\",\"version\":\"3.1.1\"}}]''.","additionalInfo":[{"type":"PolicyViolation","info":{"evaluationDetails":{"evaluatedExpressions":[{"result":"True","expressionKind":"Field","expression":"type","path":"type","expressionValue":"Microsoft.Storage/storageAccounts","targetValue":"Microsoft.Storage/storageAccounts","operator":"Equals"},{"result":"False","expressionKind":"Field","expression":"id","path":"id","expressionValue":"/subscriptions/00000000-0000-0000-0000-000000000000/resourceGroups/clitest.rg000001/providers/Microsoft.Storage/storageAccounts/funcstorage000003","targetValue":"/resourceGroups/aro-","operator":"Contains"},{"result":"False","expressionKind":"Field","expression":"Microsoft.Storage/storageAccounts/allowBlobPublicAccess","path":"properties.allowBlobPublicAccess","targetValue":"false","operator":"Equals"}]},"policyDefinitionId":"/providers/Microsoft.Authorization/policyDefinitions/4fa4b6c0-31ca-4c0d-b10d-24b96f62a751","policyDefinitionName":"4fa4b6c0-31ca-4c0d-b10d-24b96f62a751","policyDefinitionDisplayName":"Storage
        account public access should be disallowed","policyDefinitionVersion":"3.1.1","policyDefinitionEffect":"deny","policyAssignmentId":"/providers/Microsoft.Management/managementGroups/da7db9f6-3e52-d309-60d9-4ed9a359158d/providers/Microsoft.Authorization/policyAssignments/0ad758e105724c7195d4935e","policyAssignmentName":"0ad758e105724c7195d4935e","policyAssignmentDisplayName":"Storage
        account public access should be disallowed","policyAssignmentScope":"/providers/Microsoft.Management/managementGroups/da7db9f6-3e52-d309-60d9-4ed9a359158d","policyAssignmentParameters":{"effect":"deny"},"policyExemptionIds":[],"policyEnrollmentIds":[]}}]}}'
    headers:
      cache-control:
      - no-cache
      content-length:
      - '2292'
      content-type:
      - application/json; charset=utf-8
      date:
      - Wed, 11 Jun 2025 08:18:53 GMT
      expires:
      - '-1'
      pragma:
      - no-cache
      strict-transport-security:
      - max-age=31536000; includeSubDomains
      x-cache:
      - CONFIG_NOCACHE
      x-content-type-options:
      - nosniff
      x-ms-failure-cause:
      - gateway
      x-msedge-ref:
      - 'Ref A: 56ABC195E1544C82AA4BA1C174C1C3DA Ref B: MWH011020808042 Ref C: 2025-06-11T08:18:53Z'
    status:
      code: 403
      message: Forbidden
version: 1
