interactions:
- request:
    body: null
    headers:
      Accept:
      - application/json
      Accept-Encoding:
      - gzip, deflate
      CommandName:
      - appservice plan create
      Connection:
      - keep-alive
      ParameterSetName:
      - -g -n --sku
      User-Agent:
      - python/3.6.5 (Windows-10-10.0.17134-SP0) msrest/0.6.10 msrest_azure/0.6.2
        azure-mgmt-resource/4.0.0 Azure-SDK-For-Python AZURECLI/2.0.74
      accept-language:
      - en-US
    method: GET
    uri: https://management.azure.com/subscriptions/00000000-0000-0000-0000-000000000000/resourcegroups/clitest.rg000001?api-version=2019-07-01
  response:
    body:
      string: '{"id":"/subscriptions/00000000-0000-0000-0000-000000000000/resourceGroups/clitest.rg000001","name":"clitest.rg000001","type":"Microsoft.Resources/resourceGroups","location":"westus","tags":{"product":"azurecli","cause":"automation","date":"2019-10-13T05:56:17Z"},"properties":{"provisioningState":"Succeeded"}}'
    headers:
      cache-control:
      - no-cache
      content-length:
      - '428'
      content-type:
      - application/json; charset=utf-8
      date:
      - Sun, 13 Oct 2019 05:56:18 GMT
      expires:
      - '-1'
      pragma:
      - no-cache
      strict-transport-security:
      - max-age=31536000; includeSubDomains
      vary:
      - Accept-Encoding
      x-content-type-options:
      - nosniff
    status:
      code: 200
      message: OK
- request:
    body: '{"name": "hcplan000003", "type": "Microsoft.Web/serverfarms", "location":
      "westus", "properties": {"skuName": "S1", "capacity": 1}}'
    headers:
      Accept:
      - application/json
      Accept-Encoding:
      - gzip, deflate
      CommandName:
      - appservice plan create
      Connection:
      - keep-alive
      Content-Length:
      - '143'
      Content-Type:
      - application/json; charset=utf-8
      ParameterSetName:
      - -g -n --sku
      User-Agent:
      - python/3.6.5 (Windows-10-10.0.17134-SP0) msrest/0.6.10 msrest_azure/0.6.2
        azure-mgmt-web/0.42.0 Azure-SDK-For-Python AZURECLI/2.0.74
      accept-language:
      - en-US
    method: POST
    uri: https://management.azure.com/subscriptions/00000000-0000-0000-0000-000000000000/resourceGroups/clitest.rg000001/providers/Microsoft.Web/validate?api-version=2018-02-01
  response:
    body:
      string: '{"status":"Success","error":null}'
    headers:
      cache-control:
      - no-cache
      content-length:
      - '33'
      content-type:
      - application/json
      date:
      - Sun, 13 Oct 2019 05:56:18 GMT
      expires:
      - '-1'
      pragma:
      - no-cache
      server:
      - Microsoft-IIS/10.0
      strict-transport-security:
      - max-age=31536000; includeSubDomains
      transfer-encoding:
      - chunked
      vary:
      - Accept-Encoding
      x-aspnet-version:
      - 4.0.30319
      x-content-type-options:
      - nosniff
      x-ms-ratelimit-remaining-subscription-writes:
      - '1199'
      x-powered-by:
      - ASP.NET
    status:
      code: 200
      message: OK
- request:
    body: null
    headers:
      Accept:
      - application/json
      Accept-Encoding:
      - gzip, deflate
      CommandName:
      - appservice plan create
      Connection:
      - keep-alive
      ParameterSetName:
      - -g -n --sku
      User-Agent:
      - python/3.6.5 (Windows-10-10.0.17134-SP0) msrest/0.6.10 msrest_azure/0.6.2
        azure-mgmt-resource/4.0.0 Azure-SDK-For-Python AZURECLI/2.0.74
      accept-language:
      - en-US
    method: GET
    uri: https://management.azure.com/subscriptions/00000000-0000-0000-0000-000000000000/resourcegroups/clitest.rg000001?api-version=2019-07-01
  response:
    body:
      string: '{"id":"/subscriptions/00000000-0000-0000-0000-000000000000/resourceGroups/clitest.rg000001","name":"clitest.rg000001","type":"Microsoft.Resources/resourceGroups","location":"westus","tags":{"product":"azurecli","cause":"automation","date":"2019-10-13T05:56:17Z"},"properties":{"provisioningState":"Succeeded"}}'
    headers:
      cache-control:
      - no-cache
      content-length:
      - '428'
      content-type:
      - application/json; charset=utf-8
      date:
      - Sun, 13 Oct 2019 05:56:18 GMT
      expires:
      - '-1'
      pragma:
      - no-cache
      strict-transport-security:
      - max-age=31536000; includeSubDomains
      vary:
      - Accept-Encoding
      x-content-type-options:
      - nosniff
    status:
      code: 200
      message: OK
- request:
    body: '{"location": "westus", "properties": {"perSiteScaling": false, "isXenon":
      false}, "sku": {"name": "S1", "tier": "STANDARD", "capacity": 1}}'
    headers:
      Accept:
      - application/json
      Accept-Encoding:
      - gzip, deflate
      CommandName:
      - appservice plan create
      Connection:
      - keep-alive
      Content-Length:
      - '139'
      Content-Type:
      - application/json; charset=utf-8
      ParameterSetName:
      - -g -n --sku
      User-Agent:
      - python/3.6.5 (Windows-10-10.0.17134-SP0) msrest/0.6.10 msrest_azure/0.6.2
        azure-mgmt-web/0.42.0 Azure-SDK-For-Python AZURECLI/2.0.74
      accept-language:
      - en-US
    method: PUT
    uri: https://management.azure.com/subscriptions/00000000-0000-0000-0000-000000000000/resourceGroups/clitest.rg000001/providers/Microsoft.Web/serverfarms/hcplan000003?api-version=2018-02-01
  response:
    body:
      string: '{"id":"/subscriptions/00000000-0000-0000-0000-000000000000/resourceGroups/clitest.rg000001/providers/Microsoft.Web/serverfarms/hcplan000003","name":"hcplan000003","type":"Microsoft.Web/serverfarms","kind":"app","location":"West
        US","properties":{"serverFarmId":31070,"name":"hcplan000003","workerSize":"Default","workerSizeId":0,"workerTierName":null,"numberOfWorkers":1,"currentWorkerSize":"Default","currentWorkerSizeId":0,"currentNumberOfWorkers":1,"status":"Ready","webSpace":"clitest.rg000001-WestUSwebspace","subscription":"fb3a3d6b-44c8-44f5-88c9-b20917c9b96b","adminSiteName":null,"hostingEnvironment":null,"hostingEnvironmentProfile":null,"maximumNumberOfWorkers":10,"planName":"VirtualDedicatedPlan","adminRuntimeSiteName":null,"computeMode":"Dedicated","siteMode":null,"geoRegion":"West
        US","perSiteScaling":false,"maximumElasticWorkerCount":1,"numberOfSites":0,"hostingEnvironmentId":null,"isSpot":false,"spotExpirationTime":null,"freeOfferExpirationTime":null,"tags":null,"kind":"app","resourceGroup":"clitest.rg000001","reserved":false,"isXenon":false,"hyperV":false,"mdmId":"waws-prod-bay-051_31070","targetWorkerCount":0,"targetWorkerSizeId":0,"provisioningState":"Succeeded","webSiteId":null,"existingServerFarmIds":null},"sku":{"name":"S1","tier":"Standard","size":"S1","family":"S","capacity":1}}'
    headers:
      cache-control:
      - no-cache
      content-length:
      - '1528'
      content-type:
      - application/json
      date:
      - Sun, 13 Oct 2019 05:56:25 GMT
      expires:
      - '-1'
      pragma:
      - no-cache
      server:
      - Microsoft-IIS/10.0
      strict-transport-security:
      - max-age=31536000; includeSubDomains
      transfer-encoding:
      - chunked
      vary:
      - Accept-Encoding
      x-aspnet-version:
      - 4.0.30319
      x-content-type-options:
      - nosniff
      x-ms-ratelimit-remaining-subscription-writes:
      - '1196'
      x-powered-by:
      - ASP.NET
    status:
      code: 200
      message: OK
- request:
    body: null
    headers:
      Accept:
      - application/json
      Accept-Encoding:
      - gzip, deflate
      CommandName:
      - webapp create
      Connection:
      - keep-alive
      ParameterSetName:
      - -g -n --plan
      User-Agent:
      - python/3.6.5 (Windows-10-10.0.17134-SP0) msrest/0.6.10 msrest_azure/0.6.2
        azure-mgmt-web/0.42.0 Azure-SDK-For-Python AZURECLI/2.0.74
      accept-language:
      - en-US
    method: GET
    uri: https://management.azure.com/subscriptions/00000000-0000-0000-0000-000000000000/resourceGroups/clitest.rg000001/providers/Microsoft.Web/serverfarms/hcplan000003?api-version=2018-02-01
  response:
    body:
      string: '{"id":"/subscriptions/00000000-0000-0000-0000-000000000000/resourceGroups/clitest.rg000001/providers/Microsoft.Web/serverfarms/hcplan000003","name":"hcplan000003","type":"Microsoft.Web/serverfarms","kind":"app","location":"West
        US","properties":{"serverFarmId":31070,"name":"hcplan000003","workerSize":"Default","workerSizeId":0,"workerTierName":null,"numberOfWorkers":1,"currentWorkerSize":"Default","currentWorkerSizeId":0,"currentNumberOfWorkers":1,"status":"Ready","webSpace":"clitest.rg000001-WestUSwebspace","subscription":"fb3a3d6b-44c8-44f5-88c9-b20917c9b96b","adminSiteName":null,"hostingEnvironment":null,"hostingEnvironmentProfile":null,"maximumNumberOfWorkers":10,"planName":"VirtualDedicatedPlan","adminRuntimeSiteName":null,"computeMode":"Dedicated","siteMode":null,"geoRegion":"West
        US","perSiteScaling":false,"maximumElasticWorkerCount":1,"numberOfSites":0,"hostingEnvironmentId":null,"isSpot":false,"spotExpirationTime":null,"freeOfferExpirationTime":null,"tags":null,"kind":"app","resourceGroup":"clitest.rg000001","reserved":false,"isXenon":false,"hyperV":false,"mdmId":"waws-prod-bay-051_31070","targetWorkerCount":0,"targetWorkerSizeId":0,"provisioningState":"Succeeded","webSiteId":null,"existingServerFarmIds":null},"sku":{"name":"S1","tier":"Standard","size":"S1","family":"S","capacity":1}}'
    headers:
      cache-control:
      - no-cache
      content-length:
      - '1528'
      content-type:
      - application/json
      date:
      - Sun, 13 Oct 2019 05:56:26 GMT
      expires:
      - '-1'
      pragma:
      - no-cache
      server:
      - Microsoft-IIS/10.0
      strict-transport-security:
      - max-age=31536000; includeSubDomains
      transfer-encoding:
      - chunked
      vary:
      - Accept-Encoding
      x-aspnet-version:
      - 4.0.30319
      x-content-type-options:
      - nosniff
      x-powered-by:
      - ASP.NET
    status:
      code: 200
      message: OK
- request:
    body: 'b''{"name": "hcwebapp000002", "type": "Microsoft.Web/sites", "location":
      "West US", "properties": {"serverFarmId": "/subscriptions/00000000-0000-0000-0000-000000000000/resourceGroups/clitest.rg000001/providers/Microsoft.Web/serverfarms/hcplan000003"}}'''
    headers:
      Accept:
      - application/json
      Accept-Encoding:
      - gzip, deflate
      CommandName:
      - webapp create
      Connection:
      - keep-alive
      Content-Length:
      - '329'
      Content-Type:
      - application/json; charset=utf-8
      ParameterSetName:
      - -g -n --plan
      User-Agent:
      - python/3.6.5 (Windows-10-10.0.17134-SP0) msrest/0.6.10 msrest_azure/0.6.2
        azure-mgmt-web/0.42.0 Azure-SDK-For-Python AZURECLI/2.0.74
      accept-language:
      - en-US
    method: POST
    uri: https://management.azure.com/subscriptions/00000000-0000-0000-0000-000000000000/resourceGroups/clitest.rg000001/providers/Microsoft.Web/validate?api-version=2018-02-01
  response:
    body:
      string: '{"status":"Success","error":null}'
    headers:
      cache-control:
      - no-cache
      content-length:
      - '33'
      content-type:
      - application/json
      date:
      - Sun, 13 Oct 2019 05:56:26 GMT
      expires:
      - '-1'
      pragma:
      - no-cache
      server:
      - Microsoft-IIS/10.0
      strict-transport-security:
      - max-age=31536000; includeSubDomains
      transfer-encoding:
      - chunked
      vary:
      - Accept-Encoding
      x-aspnet-version:
      - 4.0.30319
      x-content-type-options:
      - nosniff
      x-ms-ratelimit-remaining-subscription-writes:
      - '1198'
      x-powered-by:
      - ASP.NET
    status:
      code: 200
      message: OK
- request:
    body: null
    headers:
      Accept:
      - application/json
      Accept-Encoding:
      - gzip, deflate
      CommandName:
      - webapp create
      Connection:
      - keep-alive
      ParameterSetName:
      - -g -n --plan
      User-Agent:
      - python/3.6.5 (Windows-10-10.0.17134-SP0) msrest/0.6.10 msrest_azure/0.6.2
        azure-mgmt-web/0.42.0 Azure-SDK-For-Python AZURECLI/2.0.74
      accept-language:
      - en-US
    method: GET
    uri: https://management.azure.com/subscriptions/00000000-0000-0000-0000-000000000000/resourceGroups/clitest.rg000001/providers/Microsoft.Web/serverfarms/hcplan000003?api-version=2018-02-01
  response:
    body:
      string: '{"id":"/subscriptions/00000000-0000-0000-0000-000000000000/resourceGroups/clitest.rg000001/providers/Microsoft.Web/serverfarms/hcplan000003","name":"hcplan000003","type":"Microsoft.Web/serverfarms","kind":"app","location":"West
        US","properties":{"serverFarmId":31070,"name":"hcplan000003","workerSize":"Default","workerSizeId":0,"workerTierName":null,"numberOfWorkers":1,"currentWorkerSize":"Default","currentWorkerSizeId":0,"currentNumberOfWorkers":1,"status":"Ready","webSpace":"clitest.rg000001-WestUSwebspace","subscription":"fb3a3d6b-44c8-44f5-88c9-b20917c9b96b","adminSiteName":null,"hostingEnvironment":null,"hostingEnvironmentProfile":null,"maximumNumberOfWorkers":10,"planName":"VirtualDedicatedPlan","adminRuntimeSiteName":null,"computeMode":"Dedicated","siteMode":null,"geoRegion":"West
        US","perSiteScaling":false,"maximumElasticWorkerCount":1,"numberOfSites":0,"hostingEnvironmentId":null,"isSpot":false,"spotExpirationTime":null,"freeOfferExpirationTime":null,"tags":null,"kind":"app","resourceGroup":"clitest.rg000001","reserved":false,"isXenon":false,"hyperV":false,"mdmId":"waws-prod-bay-051_31070","targetWorkerCount":0,"targetWorkerSizeId":0,"provisioningState":"Succeeded","webSiteId":null,"existingServerFarmIds":null},"sku":{"name":"S1","tier":"Standard","size":"S1","family":"S","capacity":1}}'
    headers:
      cache-control:
      - no-cache
      content-length:
      - '1528'
      content-type:
      - application/json
      date:
      - Sun, 13 Oct 2019 05:56:26 GMT
      expires:
      - '-1'
      pragma:
      - no-cache
      server:
      - Microsoft-IIS/10.0
      strict-transport-security:
      - max-age=31536000; includeSubDomains
      transfer-encoding:
      - chunked
      vary:
      - Accept-Encoding
      x-aspnet-version:
      - 4.0.30319
      x-content-type-options:
      - nosniff
      x-powered-by:
      - ASP.NET
    status:
      code: 200
      message: OK
- request:
    body: 'b''{"location": "West US", "properties": {"serverFarmId": "/subscriptions/00000000-0000-0000-0000-000000000000/resourceGroups/clitest.rg000001/providers/Microsoft.Web/serverfarms/hcplan000003",
      "reserved": false, "isXenon": false, "hyperV": false, "siteConfig": {"netFrameworkVersion":
      "v4.6", "appSettings": [{"name": "WEBSITE_NODE_DEFAULT_VERSION", "value": "10.14"}],
      "alwaysOn": true, "localMySqlEnabled": false, "http20Enabled": true}, "scmSiteAlsoStopped":
      false}}'''
    headers:
      Accept:
      - application/json
      Accept-Encoding:
      - gzip, deflate
      CommandName:
      - webapp create
      Connection:
      - keep-alive
      Content-Length:
      - '538'
      Content-Type:
      - application/json; charset=utf-8
      ParameterSetName:
      - -g -n --plan
      User-Agent:
      - python/3.6.5 (Windows-10-10.0.17134-SP0) msrest/0.6.10 msrest_azure/0.6.2
        azure-mgmt-web/0.42.0 Azure-SDK-For-Python AZURECLI/2.0.74
      accept-language:
      - en-US
    method: PUT
    uri: https://management.azure.com/subscriptions/00000000-0000-0000-0000-000000000000/resourceGroups/clitest.rg000001/providers/Microsoft.Web/sites/hcwebapp000002?api-version=2018-11-01
  response:
    body:
      string: '{"id":"/subscriptions/00000000-0000-0000-0000-000000000000/resourceGroups/clitest.rg000001/providers/Microsoft.Web/sites/hcwebapp000002","name":"hcwebapp000002","type":"Microsoft.Web/sites","kind":"app","location":"West
        US","properties":{"name":"hcwebapp000002","state":"Running","hostNames":["hcwebapp000002.azurewebsites.net"],"webSpace":"clitest.rg000001-WestUSwebspace","selfLink":"https://waws-prod-bay-051.api.azurewebsites.windows.net:454/subscriptions/00000000-0000-0000-0000-000000000000/webspaces/clitest.rg000001-WestUSwebspace/sites/hcwebapp000002","repositorySiteName":"hcwebapp000002","owner":null,"usageState":"Normal","enabled":true,"adminEnabled":true,"enabledHostNames":["hcwebapp000002.azurewebsites.net","hcwebapp000002.scm.azurewebsites.net"],"siteProperties":{"metadata":null,"properties":[{"name":"LinuxFxVersion","value":""},{"name":"WindowsFxVersion","value":null}],"appSettings":null},"availabilityState":"Normal","sslCertificates":null,"csrs":[],"cers":null,"siteMode":null,"hostNameSslStates":[{"name":"hcwebapp000002.azurewebsites.net","sslState":"Disabled","ipBasedSslResult":null,"virtualIP":null,"thumbprint":null,"toUpdate":null,"toUpdateIpBasedSsl":null,"ipBasedSslState":"NotConfigured","hostType":"Standard"},{"name":"hcwebapp000002.scm.azurewebsites.net","sslState":"Disabled","ipBasedSslResult":null,"virtualIP":null,"thumbprint":null,"toUpdate":null,"toUpdateIpBasedSsl":null,"ipBasedSslState":"NotConfigured","hostType":"Repository"}],"computeMode":null,"serverFarm":null,"serverFarmId":"/subscriptions/00000000-0000-0000-0000-000000000000/resourceGroups/clitest.rg000001/providers/Microsoft.Web/serverfarms/hcplan000003","reserved":false,"isXenon":false,"hyperV":false,"lastModifiedTimeUtc":"2019-10-13T05:56:28.697","storageRecoveryDefaultState":"Running","contentAvailabilityState":"Normal","runtimeAvailabilityState":"Normal","siteConfig":null,"deploymentId":"hcwebapp000002","trafficManagerHostNames":null,"sku":"Standard","scmSiteAlsoStopped":false,"targetSwapSlot":null,"hostingEnvironment":null,"hostingEnvironmentProfile":null,"clientAffinityEnabled":true,"clientCertEnabled":false,"clientCertExclusionPaths":null,"hostNamesDisabled":false,"domainVerificationIdentifiers":null,"kind":"app","inboundIpAddress":"40.78.18.232","possibleInboundIpAddresses":"40.78.18.232","outboundIpAddresses":"40.78.17.157,40.78.21.191,40.78.22.38,40.78.21.180","possibleOutboundIpAddresses":"40.78.17.157,40.78.21.191,40.78.22.38,40.78.21.180","containerSize":0,"dailyMemoryTimeQuota":0,"suspendedTill":null,"siteDisabledReason":0,"functionExecutionUnitsCache":null,"maxNumberOfWorkers":null,"homeStamp":"waws-prod-bay-051","cloningInfo":null,"hostingEnvironmentId":null,"tags":null,"resourceGroup":"clitest.rg000001","defaultHostName":"hcwebapp000002.azurewebsites.net","slotSwapStatus":null,"httpsOnly":false,"redundancyMode":"None","inProgressOperationId":null,"geoDistributions":null,"privateEndpointConnections":null,"buildVersion":null,"targetBuildVersion":null}}'
    headers:
      cache-control:
      - no-cache
      content-length:
      - '3427'
      content-type:
      - application/json
      date:
      - Sun, 13 Oct 2019 05:56:45 GMT
      etag:
      - '"1D5818AF4F27CE0"'
      expires:
      - '-1'
      pragma:
      - no-cache
      server:
      - Microsoft-IIS/10.0
      strict-transport-security:
      - max-age=31536000; includeSubDomains
      transfer-encoding:
      - chunked
      vary:
      - Accept-Encoding
      x-aspnet-version:
      - 4.0.30319
      x-content-type-options:
      - nosniff
      x-ms-ratelimit-remaining-subscription-resource-requests:
      - '499'
      x-powered-by:
      - ASP.NET
    status:
      code: 200
      message: OK
- request:
    body: '{}'
    headers:
      Accept:
      - application/xml
      Accept-Encoding:
      - gzip, deflate
      CommandName:
      - webapp create
      Connection:
      - keep-alive
      Content-Length:
      - '2'
      Content-Type:
      - application/json; charset=utf-8
      ParameterSetName:
      - -g -n --plan
      User-Agent:
      - python/3.6.5 (Windows-10-10.0.17134-SP0) msrest/0.6.10 msrest_azure/0.6.2
        azure-mgmt-web/0.42.0 Azure-SDK-For-Python AZURECLI/2.0.74
      accept-language:
      - en-US
    method: POST
    uri: https://management.azure.com/subscriptions/00000000-0000-0000-0000-000000000000/resourceGroups/clitest.rg000001/providers/Microsoft.Web/sites/hcwebapp000002/publishxml?api-version=2018-11-01
  response:
    body:
      string: <publishData><publishProfile profileName="hcwebapp000002 - Web Deploy"
        publishMethod="MSDeploy" publishUrl="hcwebapp000002.scm.azurewebsites.net:443"
        msdeploySite="hcwebapp000002" userName="$hcwebapp000002" userPWD="asDZiL8fqeAwb4cHNpCwyPAhKjl6egoKebfZ8K5AuXLQCJCZmZlcqrS3PgxT"
        destinationAppUrl="http://hcwebapp000002.azurewebsites.net" SQLServerDBConnectionString=""
        mySQLDBConnectionString="" hostingProviderForumLink="" controlPanelLink="http://windows.azure.com"
        webSystem="WebSites"><databases /></publishProfile><publishProfile profileName="hcwebapp000002
        - FTP" publishMethod="FTP" publishUrl="ftp://waws-prod-bay-051.ftp.azurewebsites.windows.net/site/wwwroot"
        ftpPassiveMode="True" userName="hcwebapp000002\$hcwebapp000002" userPWD="asDZiL8fqeAwb4cHNpCwyPAhKjl6egoKebfZ8K5AuXLQCJCZmZlcqrS3PgxT"
        destinationAppUrl="http://hcwebapp000002.azurewebsites.net" SQLServerDBConnectionString=""
        mySQLDBConnectionString="" hostingProviderForumLink="" controlPanelLink="http://windows.azure.com"
        webSystem="WebSites"><databases /></publishProfile><publishProfile profileName="hcwebapp000002
        - ReadOnly - FTP" publishMethod="FTP" publishUrl="ftp://waws-prod-bay-051dr.ftp.azurewebsites.windows.net/site/wwwroot"
        ftpPassiveMode="True" userName="hcwebapp000002\$hcwebapp000002" userPWD="asDZiL8fqeAwb4cHNpCwyPAhKjl6egoKebfZ8K5AuXLQCJCZmZlcqrS3PgxT"
        destinationAppUrl="http://hcwebapp000002.azurewebsites.net" SQLServerDBConnectionString=""
        mySQLDBConnectionString="" hostingProviderForumLink="" controlPanelLink="http://windows.azure.com"
        webSystem="WebSites"><databases /></publishProfile></publishData>
    headers:
      cache-control:
      - no-cache
      content-length:
      - '1730'
      content-type:
      - application/xml
      date:
      - Sun, 13 Oct 2019 05:56:45 GMT
      expires:
      - '-1'
      pragma:
      - no-cache
      server:
      - Microsoft-IIS/10.0
      strict-transport-security:
      - max-age=31536000; includeSubDomains
      x-aspnet-version:
      - 4.0.30319
      x-content-type-options:
      - nosniff
      x-ms-ratelimit-remaining-subscription-resource-requests:
      - '11999'
      x-powered-by:
      - ASP.NET
    status:
      code: 200
      message: OK
- request:
    body: null
    headers:
      Accept:
      - application/json
      Accept-Encoding:
      - gzip, deflate
      CommandName:
      - relay namespace create
      Connection:
      - keep-alive
      ParameterSetName:
      - -g --name
      User-Agent:
      - python/3.6.5 (Windows-10-10.0.17134-SP0) msrest/0.6.10 msrest_azure/0.6.2
        azure-mgmt-resource/4.0.0 Azure-SDK-For-Python AZURECLI/2.0.74
      accept-language:
      - en-US
    method: GET
    uri: https://management.azure.com/subscriptions/00000000-0000-0000-0000-000000000000/resourcegroups/clitest.rg000001?api-version=2019-07-01
  response:
    body:
      string: '{"id":"/subscriptions/00000000-0000-0000-0000-000000000000/resourceGroups/clitest.rg000001","name":"clitest.rg000001","type":"Microsoft.Resources/resourceGroups","location":"westus","tags":{"product":"azurecli","cause":"automation","date":"2019-10-13T05:56:17Z"},"properties":{"provisioningState":"Succeeded"}}'
    headers:
      cache-control:
      - no-cache
      content-length:
      - '428'
      content-type:
      - application/json; charset=utf-8
      date:
      - Sun, 13 Oct 2019 05:56:46 GMT
      expires:
      - '-1'
      pragma:
      - no-cache
      strict-transport-security:
      - max-age=31536000; includeSubDomains
      vary:
      - Accept-Encoding
      x-content-type-options:
      - nosniff
    status:
      code: 200
      message: OK
- request:
    body: '{"location": "westus"}'
    headers:
      Accept:
      - application/json
      Accept-Encoding:
      - gzip, deflate
      CommandName:
      - relay namespace create
      Connection:
      - keep-alive
      Content-Length:
      - '22'
      Content-Type:
      - application/json; charset=utf-8
      ParameterSetName:
      - -g --name
      User-Agent:
      - python/3.6.5 (Windows-10-10.0.17134-SP0) msrest/0.6.10 msrest_azure/0.6.2
        azure-mgmt-relay/0.1.0 Azure-SDK-For-Python AZURECLI/2.0.74
      accept-language:
      - en-US
    method: PUT
    uri: https://management.azure.com/subscriptions/00000000-0000-0000-0000-000000000000/resourceGroups/clitest.rg000001/providers/Microsoft.Relay/namespaces/hcnamespace000004?api-version=2017-04-01
  response:
    body:
      string: '{"error":{"code":"MissingSubscriptionRegistration","message":"The subscription
        is not registered to use namespace ''Microsoft.Relay''. See https://aka.ms/rps-not-found
        for how to register subscriptions.","details":[{"code":"MissingSubscriptionRegistration","target":"Microsoft.Relay","message":"The
        subscription is not registered to use namespace ''Microsoft.Relay''. See https://aka.ms/rps-not-found
        for how to register subscriptions."}]}}'
    headers:
      cache-control:
      - no-cache
      content-length:
      - '436'
      content-type:
      - application/json; charset=utf-8
      date:
      - Sun, 13 Oct 2019 05:56:47 GMT
      expires:
      - '-1'
      pragma:
      - no-cache
      strict-transport-security:
      - max-age=31536000; includeSubDomains
      x-content-type-options:
      - nosniff
      x-ms-failure-cause:
      - gateway
    status:
      code: 409
      message: Conflict
- request:
    body: null
    headers:
      Accept:
      - '*/*'
      Accept-Encoding:
      - gzip, deflate
      Connection:
      - keep-alive
      Content-Length:
      - '0'
      User-Agent:
      - python-requests/2.22.0
    method: POST
    uri: https://management.azure.com/subscriptions/00000000-0000-0000-0000-000000000000/providers/Microsoft.Relay/register?api-version=2016-02-01
  response:
    body:
      string: '{"id":"/subscriptions/00000000-0000-0000-0000-000000000000/providers/Microsoft.Relay","namespace":"Microsoft.Relay","authorization":{"applicationId":"80369ed6-5f11-4dd9-bef3-692475845e77"},"resourceTypes":[{"resourceType":"namespaces","locations":["Australia
        East","Australia Southeast","Central US","East US","East US 2","West US 2","West
        US","North Central US","South Central US","West Central US","East Asia","Southeast
        Asia","Brazil South","Japan East","Japan West","North Europe","West Europe","Central
        India","South India","West India","Canada Central","Canada East","UK West","UK
        South","Korea Central","Korea South","France Central","South Africa North","UAE
        North","Australia Central","Central US EUAP","East US 2 EUAP","France South"],"apiVersions":["2017-04-01","2016-07-01"],"capabilities":"CrossResourceGroupResourceMove,
        CrossSubscriptionResourceMove"},{"resourceType":"namespaces/authorizationrules","locations":[],"apiVersions":["2017-04-01","2016-07-01","2015-08-01","2014-09-01"]},{"resourceType":"namespaces/hybridconnections","locations":[],"apiVersions":["2017-04-01","2016-07-01","2015-08-01","2014-09-01"]},{"resourceType":"namespaces/hybridconnections/authorizationrules","locations":[],"apiVersions":["2017-04-01","2016-07-01","2015-08-01","2014-09-01"]},{"resourceType":"namespaces/wcfrelays","locations":[],"apiVersions":["2017-04-01","2016-07-01","2015-08-01","2014-09-01"]},{"resourceType":"namespaces/wcfrelays/authorizationrules","locations":[],"apiVersions":["2017-04-01","2016-07-01","2015-08-01","2014-09-01"]},{"resourceType":"checkNameAvailability","locations":[],"apiVersions":["2017-04-01","2016-07-01"]},{"resourceType":"operations","locations":[],"apiVersions":["2017-04-01","2016-07-01"]}],"registrationState":"Registering"}'
    headers:
      cache-control:
      - no-cache
      content-length:
      - '1765'
      content-type:
      - application/json; charset=utf-8
      date:
      - Sun, 13 Oct 2019 05:56:48 GMT
      expires:
      - '-1'
      pragma:
      - no-cache
      strict-transport-security:
      - max-age=31536000; includeSubDomains
      transfer-encoding:
      - chunked
      vary:
      - Accept-Encoding
      x-content-type-options:
      - nosniff
      x-ms-ratelimit-remaining-subscription-writes:
      - '1198'
    status:
      code: 200
      message: OK
- request:
    body: null
    headers:
      Accept:
      - '*/*'
      Accept-Encoding:
      - gzip, deflate
      Connection:
      - keep-alive
      User-Agent:
      - python-requests/2.22.0
    method: GET
    uri: https://management.azure.com/subscriptions/00000000-0000-0000-0000-000000000000/providers/Microsoft.Relay?api-version=2016-02-01
  response:
    body:
      string: '{"id":"/subscriptions/00000000-0000-0000-0000-000000000000/providers/Microsoft.Relay","namespace":"Microsoft.Relay","authorization":{"applicationId":"80369ed6-5f11-4dd9-bef3-692475845e77"},"resourceTypes":[{"resourceType":"namespaces","locations":["Australia
        East","Australia Southeast","Central US","East US","East US 2","West US 2","West
        US","North Central US","South Central US","West Central US","East Asia","Southeast
        Asia","Brazil South","Japan East","Japan West","North Europe","West Europe","Central
        India","South India","West India","Canada Central","Canada East","UK West","UK
        South","Korea Central","Korea South","France Central","South Africa North","UAE
        North","Australia Central","Central US EUAP","East US 2 EUAP","France South"],"apiVersions":["2017-04-01","2016-07-01"],"capabilities":"CrossResourceGroupResourceMove,
        CrossSubscriptionResourceMove"},{"resourceType":"namespaces/authorizationrules","locations":[],"apiVersions":["2017-04-01","2016-07-01","2015-08-01","2014-09-01"]},{"resourceType":"namespaces/hybridconnections","locations":[],"apiVersions":["2017-04-01","2016-07-01","2015-08-01","2014-09-01"]},{"resourceType":"namespaces/hybridconnections/authorizationrules","locations":[],"apiVersions":["2017-04-01","2016-07-01","2015-08-01","2014-09-01"]},{"resourceType":"namespaces/wcfrelays","locations":[],"apiVersions":["2017-04-01","2016-07-01","2015-08-01","2014-09-01"]},{"resourceType":"namespaces/wcfrelays/authorizationrules","locations":[],"apiVersions":["2017-04-01","2016-07-01","2015-08-01","2014-09-01"]},{"resourceType":"checkNameAvailability","locations":[],"apiVersions":["2017-04-01","2016-07-01"]},{"resourceType":"operations","locations":[],"apiVersions":["2017-04-01","2016-07-01"]}],"registrationState":"Registering"}'
    headers:
      cache-control:
      - no-cache
      content-length:
      - '1765'
      content-type:
      - application/json; charset=utf-8
      date:
      - Sun, 13 Oct 2019 05:56:58 GMT
      expires:
      - '-1'
      pragma:
      - no-cache
      strict-transport-security:
      - max-age=31536000; includeSubDomains
      vary:
      - Accept-Encoding
      x-content-type-options:
      - nosniff
    status:
      code: 200
      message: OK
- request:
    body: null
    headers:
      Accept:
      - '*/*'
      Accept-Encoding:
      - gzip, deflate
      Connection:
      - keep-alive
      User-Agent:
      - python-requests/2.22.0
    method: GET
    uri: https://management.azure.com/subscriptions/00000000-0000-0000-0000-000000000000/providers/Microsoft.Relay?api-version=2016-02-01
  response:
    body:
      string: '{"id":"/subscriptions/00000000-0000-0000-0000-000000000000/providers/Microsoft.Relay","namespace":"Microsoft.Relay","authorization":{"applicationId":"80369ed6-5f11-4dd9-bef3-692475845e77"},"resourceTypes":[{"resourceType":"namespaces","locations":["Australia
        East","Australia Southeast","Central US","East US","East US 2","West US 2","West
        US","North Central US","South Central US","West Central US","East Asia","Southeast
        Asia","Brazil South","Japan East","Japan West","North Europe","West Europe","Central
        India","South India","West India","Canada Central","Canada East","UK West","UK
        South","Korea Central","Korea South","France Central","South Africa North","UAE
        North","Australia Central","Central US EUAP","East US 2 EUAP","France South"],"apiVersions":["2017-04-01","2016-07-01"],"capabilities":"CrossResourceGroupResourceMove,
        CrossSubscriptionResourceMove"},{"resourceType":"namespaces/authorizationrules","locations":[],"apiVersions":["2017-04-01","2016-07-01","2015-08-01","2014-09-01"]},{"resourceType":"namespaces/hybridconnections","locations":[],"apiVersions":["2017-04-01","2016-07-01","2015-08-01","2014-09-01"]},{"resourceType":"namespaces/hybridconnections/authorizationrules","locations":[],"apiVersions":["2017-04-01","2016-07-01","2015-08-01","2014-09-01"]},{"resourceType":"namespaces/wcfrelays","locations":[],"apiVersions":["2017-04-01","2016-07-01","2015-08-01","2014-09-01"]},{"resourceType":"namespaces/wcfrelays/authorizationrules","locations":[],"apiVersions":["2017-04-01","2016-07-01","2015-08-01","2014-09-01"]},{"resourceType":"checkNameAvailability","locations":[],"apiVersions":["2017-04-01","2016-07-01"]},{"resourceType":"operations","locations":[],"apiVersions":["2017-04-01","2016-07-01"]}],"registrationState":"Registering"}'
    headers:
      cache-control:
      - no-cache
      content-length:
      - '1765'
      content-type:
      - application/json; charset=utf-8
      date:
      - Sun, 13 Oct 2019 05:57:08 GMT
      expires:
      - '-1'
      pragma:
      - no-cache
      strict-transport-security:
      - max-age=31536000; includeSubDomains
      vary:
      - Accept-Encoding
      x-content-type-options:
      - nosniff
    status:
      code: 200
      message: OK
- request:
    body: null
    headers:
      Accept:
      - '*/*'
      Accept-Encoding:
      - gzip, deflate
      Connection:
      - keep-alive
      User-Agent:
      - python-requests/2.22.0
    method: GET
    uri: https://management.azure.com/subscriptions/00000000-0000-0000-0000-000000000000/providers/Microsoft.Relay?api-version=2016-02-01
  response:
    body:
      string: '{"id":"/subscriptions/00000000-0000-0000-0000-000000000000/providers/Microsoft.Relay","namespace":"Microsoft.Relay","authorization":{"applicationId":"80369ed6-5f11-4dd9-bef3-692475845e77"},"resourceTypes":[{"resourceType":"namespaces","locations":["Australia
        East","Australia Southeast","Central US","East US","East US 2","West US 2","West
        US","North Central US","South Central US","West Central US","East Asia","Southeast
        Asia","Brazil South","Japan East","Japan West","North Europe","West Europe","Central
        India","South India","West India","Canada Central","Canada East","UK West","UK
        South","Korea Central","Korea South","France Central","South Africa North","UAE
        North","Australia Central","Central US EUAP","East US 2 EUAP","France South"],"apiVersions":["2017-04-01","2016-07-01"],"capabilities":"CrossResourceGroupResourceMove,
        CrossSubscriptionResourceMove"},{"resourceType":"namespaces/authorizationrules","locations":[],"apiVersions":["2017-04-01","2016-07-01","2015-08-01","2014-09-01"]},{"resourceType":"namespaces/hybridconnections","locations":[],"apiVersions":["2017-04-01","2016-07-01","2015-08-01","2014-09-01"]},{"resourceType":"namespaces/hybridconnections/authorizationrules","locations":[],"apiVersions":["2017-04-01","2016-07-01","2015-08-01","2014-09-01"]},{"resourceType":"namespaces/wcfrelays","locations":[],"apiVersions":["2017-04-01","2016-07-01","2015-08-01","2014-09-01"]},{"resourceType":"namespaces/wcfrelays/authorizationrules","locations":[],"apiVersions":["2017-04-01","2016-07-01","2015-08-01","2014-09-01"]},{"resourceType":"checkNameAvailability","locations":[],"apiVersions":["2017-04-01","2016-07-01"]},{"resourceType":"operations","locations":[],"apiVersions":["2017-04-01","2016-07-01"]}],"registrationState":"Registered"}'
    headers:
      cache-control:
      - no-cache
      content-length:
      - '1764'
      content-type:
      - application/json; charset=utf-8
      date:
      - Sun, 13 Oct 2019 05:57:18 GMT
      expires:
      - '-1'
      pragma:
      - no-cache
      strict-transport-security:
      - max-age=31536000; includeSubDomains
      vary:
      - Accept-Encoding
      x-content-type-options:
      - nosniff
    status:
      code: 200
      message: OK
- request:
    body: '{"location": "westus"}'
    headers:
      Accept:
      - application/json
      Accept-Encoding:
      - gzip, deflate
      CommandName:
      - relay namespace create
      Connection:
      - keep-alive
      Content-Length:
      - '22'
      Content-Type:
      - application/json; charset=utf-8
      ParameterSetName:
      - -g --name
      User-Agent:
      - python/3.6.5 (Windows-10-10.0.17134-SP0) msrest/0.6.10 msrest_azure/0.6.2
        azure-mgmt-relay/0.1.0 Azure-SDK-For-Python AZURECLI/2.0.74
      accept-language:
      - en-US
    method: PUT
    uri: https://management.azure.com/subscriptions/00000000-0000-0000-0000-000000000000/resourceGroups/clitest.rg000001/providers/Microsoft.Relay/namespaces/hcnamespace000004?api-version=2017-04-01
  response:
    body:
      string: '{"sku":{"name":"Standard","tier":"Standard"},"id":"/subscriptions/00000000-0000-0000-0000-000000000000/resourceGroups/clitest.rg000001/providers/Microsoft.Relay/namespaces/hcnamespace000004","name":"hcnamespace000004","type":"Microsoft.Relay/Namespaces","location":"West
        US","tags":{},"properties":{"provisioningState":"Created","metricId":"fb3a3d6b-44c8-44f5-88c9-b20917c9b96b:hcnamespace000004","createdAt":"2019-10-13T05:57:19.903Z","updatedAt":"2019-10-13T05:57:19.903Z","serviceBusEndpoint":"https://hcnamespace000004.servicebus.windows.net:443/","status":"Activating"}}'
    headers:
      cache-control:
      - no-cache
      content-length:
      - '662'
      content-type:
      - application/json; charset=utf-8
      date:
      - Sun, 13 Oct 2019 05:57:19 GMT
      expires:
      - '-1'
      pragma:
      - no-cache
      server:
      - Service-Bus-Resource-Provider/SN1
      - Microsoft-HTTPAPI/2.0
      server-sb:
      - Service-Bus-Resource-Provider/SN1
      strict-transport-security:
      - max-age=31536000; includeSubDomains
      transfer-encoding:
      - chunked
      vary:
      - Accept-Encoding
      x-content-type-options:
      - nosniff
      x-ms-ratelimit-remaining-subscription-writes:
      - '1193'
    status:
      code: 200
      message: OK
- request:
    body: null
    headers:
      Accept:
      - application/json
      Accept-Encoding:
      - gzip, deflate
      CommandName:
      - relay namespace create
      Connection:
      - keep-alive
      Content-Type:
      - application/json; charset=utf-8
      ParameterSetName:
      - -g --name
      User-Agent:
      - python/3.6.5 (Windows-10-10.0.17134-SP0) msrest/0.6.10 msrest_azure/0.6.2
        azure-mgmt-relay/0.1.0 Azure-SDK-For-Python AZURECLI/2.0.74
      accept-language:
      - en-US
    method: GET
    uri: https://management.azure.com/subscriptions/00000000-0000-0000-0000-000000000000/resourceGroups/clitest.rg000001/providers/Microsoft.Relay/namespaces/hcnamespace000004?api-version=2017-04-01
  response:
    body:
      string: '{"sku":{"name":"Standard","tier":"Standard"},"id":"/subscriptions/00000000-0000-0000-0000-000000000000/resourceGroups/clitest.rg000001/providers/Microsoft.Relay/namespaces/hcnamespace000004","name":"hcnamespace000004","type":"Microsoft.Relay/Namespaces","location":"West
        US","tags":{},"properties":{"provisioningState":"Created","metricId":"fb3a3d6b-44c8-44f5-88c9-b20917c9b96b:hcnamespace000004","createdAt":"2019-10-13T05:57:19.903Z","updatedAt":"2019-10-13T05:57:19.903Z","serviceBusEndpoint":"https://hcnamespace000004.servicebus.windows.net:443/","status":"Activating"}}'
    headers:
      cache-control:
      - no-cache
      content-length:
      - '662'
      content-type:
      - application/json; charset=utf-8
      date:
      - Sun, 13 Oct 2019 05:57:49 GMT
      expires:
      - '-1'
      pragma:
      - no-cache
      server:
      - Service-Bus-Resource-Provider/SN1
      - Microsoft-HTTPAPI/2.0
      server-sb:
      - Service-Bus-Resource-Provider/SN1
      strict-transport-security:
      - max-age=31536000; includeSubDomains
      transfer-encoding:
      - chunked
      vary:
      - Accept-Encoding
      x-content-type-options:
      - nosniff
    status:
      code: 200
      message: OK
- request:
    body: null
    headers:
      Accept:
      - application/json
      Accept-Encoding:
      - gzip, deflate
      CommandName:
      - relay namespace create
      Connection:
      - keep-alive
      Content-Type:
      - application/json; charset=utf-8
      ParameterSetName:
      - -g --name
      User-Agent:
      - python/3.6.5 (Windows-10-10.0.17134-SP0) msrest/0.6.10 msrest_azure/0.6.2
        azure-mgmt-relay/0.1.0 Azure-SDK-For-Python AZURECLI/2.0.74
      accept-language:
      - en-US
    method: GET
    uri: https://management.azure.com/subscriptions/00000000-0000-0000-0000-000000000000/resourceGroups/clitest.rg000001/providers/Microsoft.Relay/namespaces/hcnamespace000004?api-version=2017-04-01
  response:
    body:
      string: '{"sku":{"name":"Standard","tier":"Standard"},"id":"/subscriptions/00000000-0000-0000-0000-000000000000/resourceGroups/clitest.rg000001/providers/Microsoft.Relay/namespaces/hcnamespace000004","name":"hcnamespace000004","type":"Microsoft.Relay/Namespaces","location":"West
        US","tags":{},"properties":{"provisioningState":"Succeeded","metricId":"fb3a3d6b-44c8-44f5-88c9-b20917c9b96b:hcnamespace000004","createdAt":"2019-10-13T05:57:19.903Z","updatedAt":"2019-10-13T05:58:02.36Z","serviceBusEndpoint":"https://hcnamespace000004.servicebus.windows.net:443/","status":"Active"}}'
    headers:
      cache-control:
      - no-cache
      content-length:
      - '659'
      content-type:
      - application/json; charset=utf-8
      date:
      - Sun, 13 Oct 2019 05:58:19 GMT
      expires:
      - '-1'
      pragma:
      - no-cache
      server:
      - Service-Bus-Resource-Provider/SN1
      - Microsoft-HTTPAPI/2.0
      server-sb:
      - Service-Bus-Resource-Provider/SN1
      strict-transport-security:
      - max-age=31536000; includeSubDomains
      transfer-encoding:
      - chunked
      vary:
      - Accept-Encoding
      x-content-type-options:
      - nosniff
    status:
      code: 200
      message: OK
- request:
    body: '{"properties": {"userMetadata": "[{\"key\":\"endpoint\",\"value\":\"vmsq1:80\"}]"}}'
    headers:
      Accept:
      - application/json
      Accept-Encoding:
      - gzip, deflate
      CommandName:
      - relay hyco create
      Connection:
      - keep-alive
      Content-Length:
      - '83'
      Content-Type:
      - application/json; charset=utf-8
      ParameterSetName:
      - -g --namespace-name --name --user-metadata
      User-Agent:
      - python/3.6.5 (Windows-10-10.0.17134-SP0) msrest/0.6.10 msrest_azure/0.6.2
        azure-mgmt-relay/0.1.0 Azure-SDK-For-Python AZURECLI/2.0.74
      accept-language:
      - en-US
    method: PUT
    uri: https://management.azure.com/subscriptions/00000000-0000-0000-0000-000000000000/resourceGroups/clitest.rg000001/providers/Microsoft.Relay/namespaces/hcnamespace000004/hybridConnections/hcname000005?api-version=2017-04-01
  response:
    body:
      string: '{"id":"/subscriptions/00000000-0000-0000-0000-000000000000/resourceGroups/clitest.rg000001/providers/Microsoft.Relay/namespaces/hcnamespace000004/hybridConnections/hcname000005","name":"hcname000005","type":"Microsoft.Relay/Namespaces/HybridConnections","location":"West
        US","properties":{"createdAt":"2019-10-13T05:58:22.5745269Z","updatedAt":"2019-10-13T05:58:22.5745269Z","listenerCount":0,"requiresClientAuthorization":true,"userMetadata":"[{\"key\":\"endpoint\",\"value\":\"vmsq1:80\"}]"}}'
    headers:
      cache-control:
      - no-cache
      content-length:
      - '584'
      content-type:
      - application/json; charset=utf-8
      date:
      - Sun, 13 Oct 2019 05:58:22 GMT
      expires:
      - '-1'
      pragma:
      - no-cache
      server:
      - Service-Bus-Resource-Provider/SN1
      - Microsoft-HTTPAPI/2.0
      server-sb:
      - Service-Bus-Resource-Provider/SN1
      strict-transport-security:
      - max-age=31536000; includeSubDomains
      transfer-encoding:
      - chunked
      vary:
      - Accept-Encoding
      x-content-type-options:
      - nosniff
      x-ms-ratelimit-remaining-subscription-writes:
      - '1199'
    status:
      code: 200
      message: OK
- request:
    body: null
    headers:
      Accept:
      - application/json
      Accept-Encoding:
      - gzip, deflate
      CommandName:
      - webapp hybrid-connection add
      Connection:
      - keep-alive
      ParameterSetName:
      - -g -n --namespace --hybrid-connection
      User-Agent:
      - python/3.6.5 (Windows-10-10.0.17134-SP0) msrest/0.6.10 msrest_azure/0.6.2
        azure-mgmt-web/0.42.0 Azure-SDK-For-Python AZURECLI/2.0.74
      accept-language:
      - en-US
    method: GET
    uri: https://management.azure.com/subscriptions/00000000-0000-0000-0000-000000000000/resourceGroups/clitest.rg000001/providers/Microsoft.Web/sites/hcwebapp000002?api-version=2018-11-01
  response:
    body:
      string: '{"id":"/subscriptions/00000000-0000-0000-0000-000000000000/resourceGroups/clitest.rg000001/providers/Microsoft.Web/sites/hcwebapp000002","name":"hcwebapp000002","type":"Microsoft.Web/sites","kind":"app","location":"West
        US","properties":{"name":"hcwebapp000002","state":"Running","hostNames":["hcwebapp000002.azurewebsites.net"],"webSpace":"clitest.rg000001-WestUSwebspace","selfLink":"https://waws-prod-bay-051.api.azurewebsites.windows.net:454/subscriptions/00000000-0000-0000-0000-000000000000/webspaces/clitest.rg000001-WestUSwebspace/sites/hcwebapp000002","repositorySiteName":"hcwebapp000002","owner":null,"usageState":"Normal","enabled":true,"adminEnabled":true,"enabledHostNames":["hcwebapp000002.azurewebsites.net","hcwebapp000002.scm.azurewebsites.net"],"siteProperties":{"metadata":null,"properties":[{"name":"LinuxFxVersion","value":""},{"name":"WindowsFxVersion","value":null}],"appSettings":null},"availabilityState":"Normal","sslCertificates":null,"csrs":[],"cers":null,"siteMode":null,"hostNameSslStates":[{"name":"hcwebapp000002.azurewebsites.net","sslState":"Disabled","ipBasedSslResult":null,"virtualIP":null,"thumbprint":null,"toUpdate":null,"toUpdateIpBasedSsl":null,"ipBasedSslState":"NotConfigured","hostType":"Standard"},{"name":"hcwebapp000002.scm.azurewebsites.net","sslState":"Disabled","ipBasedSslResult":null,"virtualIP":null,"thumbprint":null,"toUpdate":null,"toUpdateIpBasedSsl":null,"ipBasedSslState":"NotConfigured","hostType":"Repository"}],"computeMode":null,"serverFarm":null,"serverFarmId":"/subscriptions/00000000-0000-0000-0000-000000000000/resourceGroups/clitest.rg000001/providers/Microsoft.Web/serverfarms/hcplan000003","reserved":false,"isXenon":false,"hyperV":false,"lastModifiedTimeUtc":"2019-10-13T05:56:29.23","storageRecoveryDefaultState":"Running","contentAvailabilityState":"Normal","runtimeAvailabilityState":"Normal","siteConfig":null,"deploymentId":"hcwebapp000002","trafficManagerHostNames":null,"sku":"Standard","scmSiteAlsoStopped":false,"targetSwapSlot":null,"hostingEnvironment":null,"hostingEnvironmentProfile":null,"clientAffinityEnabled":true,"clientCertEnabled":false,"clientCertExclusionPaths":null,"hostNamesDisabled":false,"domainVerificationIdentifiers":null,"kind":"app","inboundIpAddress":"40.78.18.232","possibleInboundIpAddresses":"40.78.18.232","outboundIpAddresses":"40.78.17.157,40.78.21.191,40.78.22.38,40.78.21.180","possibleOutboundIpAddresses":"40.78.17.157,40.78.21.191,40.78.22.38,40.78.21.180","containerSize":0,"dailyMemoryTimeQuota":0,"suspendedTill":null,"siteDisabledReason":0,"functionExecutionUnitsCache":null,"maxNumberOfWorkers":null,"homeStamp":"waws-prod-bay-051","cloningInfo":null,"hostingEnvironmentId":null,"tags":null,"resourceGroup":"clitest.rg000001","defaultHostName":"hcwebapp000002.azurewebsites.net","slotSwapStatus":null,"httpsOnly":false,"redundancyMode":"None","inProgressOperationId":null,"geoDistributions":null,"privateEndpointConnections":[],"buildVersion":null,"targetBuildVersion":null}}'
    headers:
      cache-control:
      - no-cache
      content-length:
      - '3424'
      content-type:
      - application/json
      date:
      - Sun, 13 Oct 2019 05:58:23 GMT
      etag:
      - '"1D5818AF4F27CE0"'
      expires:
      - '-1'
      pragma:
      - no-cache
      server:
      - Microsoft-IIS/10.0
      strict-transport-security:
      - max-age=31536000; includeSubDomains
      transfer-encoding:
      - chunked
      vary:
      - Accept-Encoding
      x-aspnet-version:
      - 4.0.30319
      x-content-type-options:
      - nosniff
      x-powered-by:
      - ASP.NET
    status:
      code: 200
      message: OK
- request:
    body: '{}'
    headers:
      Accept:
      - application/xml
      Accept-Encoding:
      - gzip, deflate
      CommandName:
      - webapp hybrid-connection add
      Connection:
      - keep-alive
      Content-Length:
      - '2'
      Content-Type:
      - application/json; charset=utf-8
      ParameterSetName:
      - -g -n --namespace --hybrid-connection
      User-Agent:
      - python/3.6.5 (Windows-10-10.0.17134-SP0) msrest/0.6.10 msrest_azure/0.6.2
        azure-mgmt-web/0.42.0 Azure-SDK-For-Python AZURECLI/2.0.74
      accept-language:
      - en-US
    method: POST
    uri: https://management.azure.com/subscriptions/00000000-0000-0000-0000-000000000000/resourceGroups/clitest.rg000001/providers/Microsoft.Web/sites/hcwebapp000002/publishxml?api-version=2018-11-01
  response:
    body:
      string: <publishData><publishProfile profileName="hcwebapp000002 - Web Deploy"
        publishMethod="MSDeploy" publishUrl="hcwebapp000002.scm.azurewebsites.net:443"
        msdeploySite="hcwebapp000002" userName="$hcwebapp000002" userPWD="asDZiL8fqeAwb4cHNpCwyPAhKjl6egoKebfZ8K5AuXLQCJCZmZlcqrS3PgxT"
        destinationAppUrl="http://hcwebapp000002.azurewebsites.net" SQLServerDBConnectionString=""
        mySQLDBConnectionString="" hostingProviderForumLink="" controlPanelLink="http://windows.azure.com"
        webSystem="WebSites"><databases /></publishProfile><publishProfile profileName="hcwebapp000002
        - FTP" publishMethod="FTP" publishUrl="ftp://waws-prod-bay-051.ftp.azurewebsites.windows.net/site/wwwroot"
        ftpPassiveMode="True" userName="hcwebapp000002\$hcwebapp000002" userPWD="asDZiL8fqeAwb4cHNpCwyPAhKjl6egoKebfZ8K5AuXLQCJCZmZlcqrS3PgxT"
        destinationAppUrl="http://hcwebapp000002.azurewebsites.net" SQLServerDBConnectionString=""
        mySQLDBConnectionString="" hostingProviderForumLink="" controlPanelLink="http://windows.azure.com"
        webSystem="WebSites"><databases /></publishProfile><publishProfile profileName="hcwebapp000002
        - ReadOnly - FTP" publishMethod="FTP" publishUrl="ftp://waws-prod-bay-051dr.ftp.azurewebsites.windows.net/site/wwwroot"
        ftpPassiveMode="True" userName="hcwebapp000002\$hcwebapp000002" userPWD="asDZiL8fqeAwb4cHNpCwyPAhKjl6egoKebfZ8K5AuXLQCJCZmZlcqrS3PgxT"
        destinationAppUrl="http://hcwebapp000002.azurewebsites.net" SQLServerDBConnectionString=""
        mySQLDBConnectionString="" hostingProviderForumLink="" controlPanelLink="http://windows.azure.com"
        webSystem="WebSites"><databases /></publishProfile></publishData>
    headers:
      cache-control:
      - no-cache
      content-length:
      - '1730'
      content-type:
      - application/xml
      date:
      - Sun, 13 Oct 2019 05:58:24 GMT
      expires:
      - '-1'
      pragma:
      - no-cache
      server:
      - Microsoft-IIS/10.0
      strict-transport-security:
      - max-age=31536000; includeSubDomains
      x-aspnet-version:
      - 4.0.30319
      x-content-type-options:
      - nosniff
      x-ms-ratelimit-remaining-subscription-resource-requests:
      - '11999'
      x-powered-by:
      - ASP.NET
    status:
      code: 200
      message: OK
- request:
    body: null
    headers:
      Accept:
      - application/json
      Accept-Encoding:
      - gzip, deflate
      CommandName:
      - webapp hybrid-connection add
      Connection:
      - keep-alive
      Content-Type:
      - application/json; charset=utf-8
      ParameterSetName:
      - -g -n --namespace --hybrid-connection
      User-Agent:
      - python/3.6.5 (Windows-10-10.0.17134-SP0) msrest/0.6.10 msrest_azure/0.6.2
        azure-mgmt-relay/0.1.0 Azure-SDK-For-Python AZURECLI/2.0.74
      accept-language:
      - en-US
    method: GET
    uri: https://management.azure.com/subscriptions/00000000-0000-0000-0000-000000000000/providers/Microsoft.Relay/namespaces?api-version=2017-04-01
  response:
    body:
      string: '{"value":[{"sku":{"name":"Standard","tier":"Standard"},"id":"/subscriptions/00000000-0000-0000-0000-000000000000/resourceGroups/clitest.rg000001/providers/Microsoft.Relay/namespaces/hcnamespace000004","name":"hcnamespace000004","type":"Microsoft.Relay/Namespaces","location":"West
        US","tags":{},"properties":{"provisioningState":"Succeeded","metricId":"fb3a3d6b-44c8-44f5-88c9-b20917c9b96b:hcnamespace000004","createdAt":"2019-10-13T05:57:19.903Z","updatedAt":"2019-10-13T05:58:02.36Z","serviceBusEndpoint":"https://hcnamespace000004.servicebus.windows.net:443/","status":"Active"}}]}'
    headers:
      cache-control:
      - no-cache
      content-length:
      - '671'
      content-type:
      - application/json; charset=utf-8
      date:
      - Sun, 13 Oct 2019 05:58:24 GMT
      expires:
      - '-1'
      pragma:
      - no-cache
      server:
      - Service-Bus-Resource-Provider/SN1
      - Microsoft-HTTPAPI/2.0
      server-sb:
      - Service-Bus-Resource-Provider/SN1
      strict-transport-security:
      - max-age=31536000; includeSubDomains
      transfer-encoding:
      - chunked
      vary:
      - Accept-Encoding
      x-content-type-options:
      - nosniff
    status:
      code: 200
      message: OK
- request:
    body: null
    headers:
      Accept:
      - application/json
      Accept-Encoding:
      - gzip, deflate
      CommandName:
      - webapp hybrid-connection add
      Connection:
      - keep-alive
      Content-Type:
      - application/json; charset=utf-8
      ParameterSetName:
      - -g -n --namespace --hybrid-connection
      User-Agent:
      - python/3.6.5 (Windows-10-10.0.17134-SP0) msrest/0.6.10 msrest_azure/0.6.2
        azure-mgmt-relay/0.1.0 Azure-SDK-For-Python AZURECLI/2.0.74
      accept-language:
      - en-US
    method: GET
    uri: https://management.azure.com/subscriptions/00000000-0000-0000-0000-000000000000/resourceGroups/clitest.rg000001/providers/Microsoft.Relay/namespaces/hcnamespace000004/hybridConnections/hcname000005?api-version=2017-04-01
  response:
    body:
      string: '{"id":"/subscriptions/00000000-0000-0000-0000-000000000000/resourceGroups/clitest.rg000001/providers/Microsoft.Relay/namespaces/hcnamespace000004/hybridConnections/hcname000005","name":"hcname000005","type":"Microsoft.Relay/Namespaces/HybridConnections","location":"West
        US","properties":{"createdAt":"2019-10-13T05:58:22.5745269Z","updatedAt":"2019-10-13T05:58:22.5745269Z","listenerCount":0,"requiresClientAuthorization":true,"userMetadata":"[{\"key\":\"endpoint\",\"value\":\"vmsq1:80\"}]"}}'
    headers:
      cache-control:
      - no-cache
      content-length:
      - '584'
      content-type:
      - application/json; charset=utf-8
      date:
      - Sun, 13 Oct 2019 05:58:24 GMT
      expires:
      - '-1'
      pragma:
      - no-cache
      server:
      - Service-Bus-Resource-Provider/SN1
      - Microsoft-HTTPAPI/2.0
      server-sb:
      - Service-Bus-Resource-Provider/SN1
      strict-transport-security:
      - max-age=31536000; includeSubDomains
      transfer-encoding:
      - chunked
      vary:
      - Accept-Encoding
      x-content-type-options:
      - nosniff
    status:
      code: 200
      message: OK
- request:
    body: null
    headers:
      Accept:
      - application/json
      Accept-Encoding:
      - gzip, deflate
      CommandName:
      - webapp hybrid-connection add
      Connection:
      - keep-alive
      Content-Type:
      - application/json; charset=utf-8
      ParameterSetName:
      - -g -n --namespace --hybrid-connection
      User-Agent:
      - python/3.6.5 (Windows-10-10.0.17134-SP0) msrest/0.6.10 msrest_azure/0.6.2
        azure-mgmt-relay/0.1.0 Azure-SDK-For-Python AZURECLI/2.0.74
      accept-language:
      - en-US
    method: GET
    uri: https://management.azure.com/subscriptions/00000000-0000-0000-0000-000000000000/resourceGroups/clitest.rg000001/providers/Microsoft.Relay/namespaces/hcnamespace000004/hybridConnections/hcname000005/authorizationRules?api-version=2017-04-01
  response:
    body:
      string: '{"value":[]}'
    headers:
      cache-control:
      - no-cache
      content-length:
      - '12'
      content-type:
      - application/json; charset=utf-8
      date:
      - Sun, 13 Oct 2019 05:58:24 GMT
      expires:
      - '-1'
      pragma:
      - no-cache
      server:
      - Service-Bus-Resource-Provider/SN1
      - Microsoft-HTTPAPI/2.0
      server-sb:
      - Service-Bus-Resource-Provider/SN1
      strict-transport-security:
      - max-age=31536000; includeSubDomains
      transfer-encoding:
      - chunked
      vary:
      - Accept-Encoding
      x-content-type-options:
      - nosniff
    status:
      code: 200
      message: OK
- request:
    body: '{"properties": {"rights": ["Send"]}}'
    headers:
      Accept:
      - application/json
      Accept-Encoding:
      - gzip, deflate
      CommandName:
      - webapp hybrid-connection add
      Connection:
      - keep-alive
      Content-Length:
      - '36'
      Content-Type:
      - application/json; charset=utf-8
      ParameterSetName:
      - -g -n --namespace --hybrid-connection
      User-Agent:
      - python/3.6.5 (Windows-10-10.0.17134-SP0) msrest/0.6.10 msrest_azure/0.6.2
        azure-mgmt-relay/0.1.0 Azure-SDK-For-Python AZURECLI/2.0.74
      accept-language:
      - en-US
    method: PUT
    uri: https://management.azure.com/subscriptions/00000000-0000-0000-0000-000000000000/resourceGroups/clitest.rg000001/providers/Microsoft.Relay/namespaces/hcnamespace000004/hybridConnections/hcname000005/authorizationRules/defaultSender?api-version=2017-04-01
  response:
    body:
      string: '{"id":"/subscriptions/00000000-0000-0000-0000-000000000000/resourceGroups/clitest.rg000001/providers/Microsoft.Relay/namespaces/hcnamespace000004/hybridConnections/hcname000005/authorizationRules/defaultSender","name":"defaultSender","type":"Microsoft.Relay/Namespaces/HybridConnections/AuthorizationRules","location":"West
        US","properties":{"rights":["Send"]}}'
    headers:
      cache-control:
      - no-cache
      content-length:
      - '439'
      content-type:
      - application/json; charset=utf-8
      date:
      - Sun, 13 Oct 2019 05:58:26 GMT
      expires:
      - '-1'
      pragma:
      - no-cache
      server:
      - Service-Bus-Resource-Provider/SN1
      - Microsoft-HTTPAPI/2.0
      server-sb:
      - Service-Bus-Resource-Provider/SN1
      strict-transport-security:
      - max-age=31536000; includeSubDomains
      transfer-encoding:
      - chunked
      vary:
      - Accept-Encoding
      x-content-type-options:
      - nosniff
      x-ms-ratelimit-remaining-subscription-writes:
      - '1198'
    status:
      code: 200
      message: OK
- request:
    body: null
    headers:
      Accept:
      - application/json
      Accept-Encoding:
      - gzip, deflate
      CommandName:
      - webapp hybrid-connection add
      Connection:
      - keep-alive
      Content-Length:
      - '0'
      Content-Type:
      - application/json; charset=utf-8
      ParameterSetName:
      - -g -n --namespace --hybrid-connection
      User-Agent:
      - python/3.6.5 (Windows-10-10.0.17134-SP0) msrest/0.6.10 msrest_azure/0.6.2
        azure-mgmt-relay/0.1.0 Azure-SDK-For-Python AZURECLI/2.0.74
      accept-language:
      - en-US
    method: POST
    uri: https://management.azure.com/subscriptions/00000000-0000-0000-0000-000000000000/resourceGroups/clitest.rg000001/providers/Microsoft.Relay/namespaces/hcnamespace000004/hybridConnections/hcname000005/authorizationRules/defaultSender/listKeys?api-version=2017-04-01
  response:
    body:
      string: '{"primaryConnectionString":"Endpoint=sb://hcnamespace000004.servicebus.windows.net/;SharedAccessKeyName=defaultSender;SharedAccessKey=jmStmHxyUJdOu80iJKf/ps4D2aQhDL4B/gbCHOOYjbc=;EntityPath=hcname000005","secondaryConnectionString":"Endpoint=sb://hcnamespace000004.servicebus.windows.net/;SharedAccessKeyName=defaultSender;SharedAccessKey=VVR2Y/FpldKZ2WuNq/xzUg2va2dWQLWFUoV6StVg9E0=;EntityPath=hcname000005","primaryKey":"jmStmHxyUJdOu80iJKf/ps4D2aQhDL4B/gbCHOOYjbc=","secondaryKey":"VVR2Y/FpldKZ2WuNq/xzUg2va2dWQLWFUoV6StVg9E0=","keyName":"defaultSender"}'
    headers:
      cache-control:
      - no-cache
      content-length:
      - '595'
      content-type:
      - application/json; charset=utf-8
      date:
      - Sun, 13 Oct 2019 05:58:26 GMT
      expires:
      - '-1'
      pragma:
      - no-cache
      server:
      - Service-Bus-Resource-Provider/SN1
      - Microsoft-HTTPAPI/2.0
      server-sb:
      - Service-Bus-Resource-Provider/SN1
      strict-transport-security:
      - max-age=31536000; includeSubDomains
      transfer-encoding:
      - chunked
      vary:
      - Accept-Encoding
      x-content-type-options:
      - nosniff
      x-ms-ratelimit-remaining-subscription-writes:
      - '1198'
    status:
      code: 200
      message: OK
- request:
    body: 'b''{"properties": {"serviceBusNamespace": "hcnamespace000004", "relayName":
      "hcname000005", "relayArmUri": "/subscriptions/00000000-0000-0000-0000-000000000000/resourceGroups/clitest.rg000001/providers/Microsoft.Relay/namespaces/hcnamespace000004/hybridConnections/hcname000005",
      "hostname": "vmsq1", "port": 80, "sendKeyName": "defaultSender", "sendKeyValue":
      "jmStmHxyUJdOu80iJKf/ps4D2aQhDL4B/gbCHOOYjbc=", "serviceBusSuffix": ".servicebus.windows.net"}}'''
    headers:
      Accept:
      - application/json
      Accept-Encoding:
      - gzip, deflate
      CommandName:
      - webapp hybrid-connection add
      Connection:
      - keep-alive
      Content-Length:
      - '550'
      Content-Type:
      - application/json; charset=utf-8
      ParameterSetName:
      - -g -n --namespace --hybrid-connection
      User-Agent:
      - python/3.6.5 (Windows-10-10.0.17134-SP0) msrest/0.6.10 msrest_azure/0.6.2
        azure-mgmt-web/0.42.0 Azure-SDK-For-Python AZURECLI/2.0.74
      accept-language:
      - en-US
    method: PUT
    uri: https://management.azure.com/subscriptions/00000000-0000-0000-0000-000000000000/resourceGroups/clitest.rg000001/providers/Microsoft.Web/sites/hcwebapp000002/hybridConnectionNamespaces/hcnamespace000004/relays/hcname000005?api-version=2018-11-01
  response:
    body:
      string: '{"id":"/subscriptions/00000000-0000-0000-0000-000000000000/resourceGroups/clitest.rg000001/providers/Microsoft.Web/sites/hcwebapp000002/hybridConnectionNamespaces/hcnamespace000004/relays/hcname000005","name":"hcname000005","type":"Microsoft.Web/sites/hybridConnectionNamespaces/relays","location":"West
        US","properties":{"serviceBusNamespace":"hcnamespace000004","relayName":"hcname000005","relayArmUri":"/subscriptions/00000000-0000-0000-0000-000000000000/resourceGroups/clitest.rg000001/providers/Microsoft.Relay/namespaces/hcnamespace000004/hybridConnections/hcname000005","hostname":"vmsq1","port":80,"sendKeyName":"defaultSender","sendKeyValue":"","serviceBusSuffix":".servicebus.windows.net"}}'
    headers:
      cache-control:
      - no-cache
      content-length:
      - '897'
      content-type:
      - application/json
      date:
      - Sun, 13 Oct 2019 05:58:27 GMT
      expires:
      - '-1'
      pragma:
      - no-cache
      server:
      - Microsoft-IIS/10.0
      strict-transport-security:
      - max-age=31536000; includeSubDomains
      transfer-encoding:
      - chunked
      vary:
      - Accept-Encoding
      x-aspnet-version:
      - 4.0.30319
      x-content-type-options:
      - nosniff
      x-ms-ratelimit-remaining-subscription-writes:
      - '1199'
      x-powered-by:
      - ASP.NET
    status:
      code: 200
      message: OK
- request:
    body: null
    headers:
      Accept:
      - application/json
      Accept-Encoding:
      - gzip, deflate
      CommandName:
      - webapp hybrid-connection list
      Connection:
      - keep-alive
      ParameterSetName:
      - -g -n
      User-Agent:
      - python/3.6.5 (Windows-10-10.0.17134-SP0) msrest/0.6.10 msrest_azure/0.6.2
        azure-mgmt-web/0.42.0 Azure-SDK-For-Python AZURECLI/2.0.74
      accept-language:
      - en-US
    method: GET
    uri: https://management.azure.com/subscriptions/00000000-0000-0000-0000-000000000000/resourceGroups/clitest.rg000001/providers/Microsoft.Web/sites/hcwebapp000002?api-version=2018-11-01
  response:
    body:
      string: '{"id":"/subscriptions/00000000-0000-0000-0000-000000000000/resourceGroups/clitest.rg000001/providers/Microsoft.Web/sites/hcwebapp000002","name":"hcwebapp000002","type":"Microsoft.Web/sites","kind":"app","location":"West
        US","properties":{"name":"hcwebapp000002","state":"Running","hostNames":["hcwebapp000002.azurewebsites.net"],"webSpace":"clitest.rg000001-WestUSwebspace","selfLink":"https://waws-prod-bay-051.api.azurewebsites.windows.net:454/subscriptions/00000000-0000-0000-0000-000000000000/webspaces/clitest.rg000001-WestUSwebspace/sites/hcwebapp000002","repositorySiteName":"hcwebapp000002","owner":null,"usageState":"Normal","enabled":true,"adminEnabled":true,"enabledHostNames":["hcwebapp000002.azurewebsites.net","hcwebapp000002.scm.azurewebsites.net"],"siteProperties":{"metadata":null,"properties":[{"name":"LinuxFxVersion","value":""},{"name":"WindowsFxVersion","value":null}],"appSettings":null},"availabilityState":"Normal","sslCertificates":null,"csrs":[],"cers":null,"siteMode":null,"hostNameSslStates":[{"name":"hcwebapp000002.azurewebsites.net","sslState":"Disabled","ipBasedSslResult":null,"virtualIP":null,"thumbprint":null,"toUpdate":null,"toUpdateIpBasedSsl":null,"ipBasedSslState":"NotConfigured","hostType":"Standard"},{"name":"hcwebapp000002.scm.azurewebsites.net","sslState":"Disabled","ipBasedSslResult":null,"virtualIP":null,"thumbprint":null,"toUpdate":null,"toUpdateIpBasedSsl":null,"ipBasedSslState":"NotConfigured","hostType":"Repository"}],"computeMode":null,"serverFarm":null,"serverFarmId":"/subscriptions/00000000-0000-0000-0000-000000000000/resourceGroups/clitest.rg000001/providers/Microsoft.Web/serverfarms/hcplan000003","reserved":false,"isXenon":false,"hyperV":false,"lastModifiedTimeUtc":"2019-10-13T05:58:27.297","storageRecoveryDefaultState":"Running","contentAvailabilityState":"Normal","runtimeAvailabilityState":"Normal","siteConfig":null,"deploymentId":"hcwebapp000002","trafficManagerHostNames":null,"sku":"Standard","scmSiteAlsoStopped":false,"targetSwapSlot":null,"hostingEnvironment":null,"hostingEnvironmentProfile":null,"clientAffinityEnabled":true,"clientCertEnabled":false,"clientCertExclusionPaths":null,"hostNamesDisabled":false,"domainVerificationIdentifiers":null,"kind":"app","inboundIpAddress":"40.78.18.232","possibleInboundIpAddresses":"40.78.18.232","outboundIpAddresses":"40.78.17.157,40.78.21.191,40.78.22.38,40.78.21.180","possibleOutboundIpAddresses":"40.78.17.157,40.78.21.191,40.78.22.38,40.78.21.180","containerSize":0,"dailyMemoryTimeQuota":0,"suspendedTill":null,"siteDisabledReason":0,"functionExecutionUnitsCache":null,"maxNumberOfWorkers":null,"homeStamp":"waws-prod-bay-051","cloningInfo":null,"hostingEnvironmentId":null,"tags":null,"resourceGroup":"clitest.rg000001","defaultHostName":"hcwebapp000002.azurewebsites.net","slotSwapStatus":null,"httpsOnly":false,"redundancyMode":"None","inProgressOperationId":null,"geoDistributions":null,"privateEndpointConnections":[],"buildVersion":null,"targetBuildVersion":null}}'
    headers:
      cache-control:
      - no-cache
      content-length:
      - '3425'
      content-type:
      - application/json
      date:
      - Sun, 13 Oct 2019 05:58:27 GMT
      etag:
      - '"1D5818B3B521510"'
      expires:
      - '-1'
      pragma:
      - no-cache
      server:
      - Microsoft-IIS/10.0
      strict-transport-security:
      - max-age=31536000; includeSubDomains
      transfer-encoding:
      - chunked
      vary:
      - Accept-Encoding
      x-aspnet-version:
      - 4.0.30319
      x-content-type-options:
      - nosniff
      x-powered-by:
      - ASP.NET
    status:
      code: 200
      message: OK
- request:
    body: '{}'
    headers:
      Accept:
      - application/xml
      Accept-Encoding:
      - gzip, deflate
      CommandName:
      - webapp hybrid-connection list
      Connection:
      - keep-alive
      Content-Length:
      - '2'
      Content-Type:
      - application/json; charset=utf-8
      ParameterSetName:
      - -g -n
      User-Agent:
      - python/3.6.5 (Windows-10-10.0.17134-SP0) msrest/0.6.10 msrest_azure/0.6.2
        azure-mgmt-web/0.42.0 Azure-SDK-For-Python AZURECLI/2.0.74
      accept-language:
      - en-US
    method: POST
    uri: https://management.azure.com/subscriptions/00000000-0000-0000-0000-000000000000/resourceGroups/clitest.rg000001/providers/Microsoft.Web/sites/hcwebapp000002/publishxml?api-version=2018-11-01
  response:
    body:
      string: <publishData><publishProfile profileName="hcwebapp000002 - Web Deploy"
        publishMethod="MSDeploy" publishUrl="hcwebapp000002.scm.azurewebsites.net:443"
        msdeploySite="hcwebapp000002" userName="$hcwebapp000002" userPWD="asDZiL8fqeAwb4cHNpCwyPAhKjl6egoKebfZ8K5AuXLQCJCZmZlcqrS3PgxT"
        destinationAppUrl="http://hcwebapp000002.azurewebsites.net" SQLServerDBConnectionString=""
        mySQLDBConnectionString="" hostingProviderForumLink="" controlPanelLink="http://windows.azure.com"
        webSystem="WebSites"><databases /></publishProfile><publishProfile profileName="hcwebapp000002
        - FTP" publishMethod="FTP" publishUrl="ftp://waws-prod-bay-051.ftp.azurewebsites.windows.net/site/wwwroot"
        ftpPassiveMode="True" userName="hcwebapp000002\$hcwebapp000002" userPWD="asDZiL8fqeAwb4cHNpCwyPAhKjl6egoKebfZ8K5AuXLQCJCZmZlcqrS3PgxT"
        destinationAppUrl="http://hcwebapp000002.azurewebsites.net" SQLServerDBConnectionString=""
        mySQLDBConnectionString="" hostingProviderForumLink="" controlPanelLink="http://windows.azure.com"
        webSystem="WebSites"><databases /></publishProfile><publishProfile profileName="hcwebapp000002
        - ReadOnly - FTP" publishMethod="FTP" publishUrl="ftp://waws-prod-bay-051dr.ftp.azurewebsites.windows.net/site/wwwroot"
        ftpPassiveMode="True" userName="hcwebapp000002\$hcwebapp000002" userPWD="asDZiL8fqeAwb4cHNpCwyPAhKjl6egoKebfZ8K5AuXLQCJCZmZlcqrS3PgxT"
        destinationAppUrl="http://hcwebapp000002.azurewebsites.net" SQLServerDBConnectionString=""
        mySQLDBConnectionString="" hostingProviderForumLink="" controlPanelLink="http://windows.azure.com"
        webSystem="WebSites"><databases /></publishProfile></publishData>
    headers:
      cache-control:
      - no-cache
      content-length:
      - '1730'
      content-type:
      - application/xml
      date:
      - Sun, 13 Oct 2019 05:58:28 GMT
      expires:
      - '-1'
      pragma:
      - no-cache
      server:
      - Microsoft-IIS/10.0
      strict-transport-security:
      - max-age=31536000; includeSubDomains
      x-aspnet-version:
      - 4.0.30319
      x-content-type-options:
      - nosniff
      x-ms-ratelimit-remaining-subscription-resource-requests:
      - '11997'
      x-powered-by:
      - ASP.NET
    status:
      code: 200
      message: OK
- request:
    body: null
    headers:
      Accept:
      - application/json
      Accept-Encoding:
      - gzip, deflate
      CommandName:
      - webapp hybrid-connection list
      Connection:
      - keep-alive
      ParameterSetName:
      - -g -n
      User-Agent:
      - python/3.6.5 (Windows-10-10.0.17134-SP0) msrest/0.6.10 msrest_azure/0.6.2
        azure-mgmt-web/0.42.0 Azure-SDK-For-Python AZURECLI/2.0.74
      accept-language:
      - en-US
    method: GET
    uri: https://management.azure.com/subscriptions/00000000-0000-0000-0000-000000000000/resourceGroups/clitest.rg000001/providers/Microsoft.Web/sites/hcwebapp000002/hybridConnectionRelays?api-version=2018-11-01
  response:
    body:
      string: '{"value":[{"id":"/subscriptions/00000000-0000-0000-0000-000000000000/resourceGroups/clitest.rg000001/providers/Microsoft.Web/sites/hcwebapp000002/hybridConnectionNamespaces/hcnamespace000004/relays/hcname000005","name":"hcname000005","type":"Microsoft.Web/sites/hybridConnectionNamespaces/relays","location":"West
        US","properties":{"serviceBusNamespace":"hcnamespace000004","relayName":"hcname000005","relayArmUri":"/subscriptions/00000000-0000-0000-0000-000000000000/resourceGroups/clitest.rg000001/providers/Microsoft.Relay/namespaces/hcnamespace000004/hybridConnections/hcname000005","hostname":"vmsq1","port":80,"sendKeyName":"defaultSender","sendKeyValue":"","serviceBusSuffix":".servicebus.windows.net"}}],"nextLink":null,"id":null}'
    headers:
      cache-control:
      - no-cache
      content-length:
      - '935'
      content-type:
      - application/json
      date:
      - Sun, 13 Oct 2019 05:58:30 GMT
      expires:
      - '-1'
      pragma:
      - no-cache
      server:
      - Microsoft-IIS/10.0
      strict-transport-security:
      - max-age=31536000; includeSubDomains
      transfer-encoding:
      - chunked
      vary:
      - Accept-Encoding
      x-aspnet-version:
      - 4.0.30319
      x-content-type-options:
      - nosniff
      x-powered-by:
      - ASP.NET
    status:
      code: 200
      message: OK
- request:
    body: null
    headers:
      Accept:
      - application/json
      Accept-Encoding:
      - gzip, deflate
      CommandName:
      - webapp hybrid-connection remove
      Connection:
      - keep-alive
      ParameterSetName:
      - -g -n --namespace --hybrid-connection
      User-Agent:
      - python/3.6.5 (Windows-10-10.0.17134-SP0) msrest/0.6.10 msrest_azure/0.6.2
        azure-mgmt-web/0.42.0 Azure-SDK-For-Python AZURECLI/2.0.74
      accept-language:
      - en-US
    method: GET
    uri: https://management.azure.com/subscriptions/00000000-0000-0000-0000-000000000000/resourceGroups/clitest.rg000001/providers/Microsoft.Web/sites/hcwebapp000002?api-version=2018-11-01
  response:
    body:
      string: '{"id":"/subscriptions/00000000-0000-0000-0000-000000000000/resourceGroups/clitest.rg000001/providers/Microsoft.Web/sites/hcwebapp000002","name":"hcwebapp000002","type":"Microsoft.Web/sites","kind":"app","location":"West
        US","properties":{"name":"hcwebapp000002","state":"Running","hostNames":["hcwebapp000002.azurewebsites.net"],"webSpace":"clitest.rg000001-WestUSwebspace","selfLink":"https://waws-prod-bay-051.api.azurewebsites.windows.net:454/subscriptions/00000000-0000-0000-0000-000000000000/webspaces/clitest.rg000001-WestUSwebspace/sites/hcwebapp000002","repositorySiteName":"hcwebapp000002","owner":null,"usageState":"Normal","enabled":true,"adminEnabled":true,"enabledHostNames":["hcwebapp000002.azurewebsites.net","hcwebapp000002.scm.azurewebsites.net"],"siteProperties":{"metadata":null,"properties":[{"name":"LinuxFxVersion","value":""},{"name":"WindowsFxVersion","value":null}],"appSettings":null},"availabilityState":"Normal","sslCertificates":null,"csrs":[],"cers":null,"siteMode":null,"hostNameSslStates":[{"name":"hcwebapp000002.azurewebsites.net","sslState":"Disabled","ipBasedSslResult":null,"virtualIP":null,"thumbprint":null,"toUpdate":null,"toUpdateIpBasedSsl":null,"ipBasedSslState":"NotConfigured","hostType":"Standard"},{"name":"hcwebapp000002.scm.azurewebsites.net","sslState":"Disabled","ipBasedSslResult":null,"virtualIP":null,"thumbprint":null,"toUpdate":null,"toUpdateIpBasedSsl":null,"ipBasedSslState":"NotConfigured","hostType":"Repository"}],"computeMode":null,"serverFarm":null,"serverFarmId":"/subscriptions/00000000-0000-0000-0000-000000000000/resourceGroups/clitest.rg000001/providers/Microsoft.Web/serverfarms/hcplan000003","reserved":false,"isXenon":false,"hyperV":false,"lastModifiedTimeUtc":"2019-10-13T05:58:27.297","storageRecoveryDefaultState":"Running","contentAvailabilityState":"Normal","runtimeAvailabilityState":"Normal","siteConfig":null,"deploymentId":"hcwebapp000002","trafficManagerHostNames":null,"sku":"Standard","scmSiteAlsoStopped":false,"targetSwapSlot":null,"hostingEnvironment":null,"hostingEnvironmentProfile":null,"clientAffinityEnabled":true,"clientCertEnabled":false,"clientCertExclusionPaths":null,"hostNamesDisabled":false,"domainVerificationIdentifiers":null,"kind":"app","inboundIpAddress":"40.78.18.232","possibleInboundIpAddresses":"40.78.18.232","outboundIpAddresses":"40.78.17.157,40.78.21.191,40.78.22.38,40.78.21.180","possibleOutboundIpAddresses":"40.78.17.157,40.78.21.191,40.78.22.38,40.78.21.180","containerSize":0,"dailyMemoryTimeQuota":0,"suspendedTill":null,"siteDisabledReason":0,"functionExecutionUnitsCache":null,"maxNumberOfWorkers":null,"homeStamp":"waws-prod-bay-051","cloningInfo":null,"hostingEnvironmentId":null,"tags":null,"resourceGroup":"clitest.rg000001","defaultHostName":"hcwebapp000002.azurewebsites.net","slotSwapStatus":null,"httpsOnly":false,"redundancyMode":"None","inProgressOperationId":null,"geoDistributions":null,"privateEndpointConnections":[],"buildVersion":null,"targetBuildVersion":null}}'
    headers:
      cache-control:
      - no-cache
      content-length:
      - '3425'
      content-type:
      - application/json
      date:
      - Sun, 13 Oct 2019 05:58:30 GMT
      etag:
      - '"1D5818B3B521510"'
      expires:
      - '-1'
      pragma:
      - no-cache
      server:
      - Microsoft-IIS/10.0
      strict-transport-security:
      - max-age=31536000; includeSubDomains
      transfer-encoding:
      - chunked
      vary:
      - Accept-Encoding
      x-aspnet-version:
      - 4.0.30319
      x-content-type-options:
      - nosniff
      x-powered-by:
      - ASP.NET
    status:
      code: 200
      message: OK
- request:
    body: '{}'
    headers:
      Accept:
      - application/xml
      Accept-Encoding:
      - gzip, deflate
      CommandName:
      - webapp hybrid-connection remove
      Connection:
      - keep-alive
      Content-Length:
      - '2'
      Content-Type:
      - application/json; charset=utf-8
      ParameterSetName:
      - -g -n --namespace --hybrid-connection
      User-Agent:
      - python/3.6.5 (Windows-10-10.0.17134-SP0) msrest/0.6.10 msrest_azure/0.6.2
        azure-mgmt-web/0.42.0 Azure-SDK-For-Python AZURECLI/2.0.74
      accept-language:
      - en-US
    method: POST
    uri: https://management.azure.com/subscriptions/00000000-0000-0000-0000-000000000000/resourceGroups/clitest.rg000001/providers/Microsoft.Web/sites/hcwebapp000002/publishxml?api-version=2018-11-01
  response:
    body:
      string: <publishData><publishProfile profileName="hcwebapp000002 - Web Deploy"
        publishMethod="MSDeploy" publishUrl="hcwebapp000002.scm.azurewebsites.net:443"
        msdeploySite="hcwebapp000002" userName="$hcwebapp000002" userPWD="asDZiL8fqeAwb4cHNpCwyPAhKjl6egoKebfZ8K5AuXLQCJCZmZlcqrS3PgxT"
        destinationAppUrl="http://hcwebapp000002.azurewebsites.net" SQLServerDBConnectionString=""
        mySQLDBConnectionString="" hostingProviderForumLink="" controlPanelLink="http://windows.azure.com"
        webSystem="WebSites"><databases /></publishProfile><publishProfile profileName="hcwebapp000002
        - FTP" publishMethod="FTP" publishUrl="ftp://waws-prod-bay-051.ftp.azurewebsites.windows.net/site/wwwroot"
        ftpPassiveMode="True" userName="hcwebapp000002\$hcwebapp000002" userPWD="asDZiL8fqeAwb4cHNpCwyPAhKjl6egoKebfZ8K5AuXLQCJCZmZlcqrS3PgxT"
        destinationAppUrl="http://hcwebapp000002.azurewebsites.net" SQLServerDBConnectionString=""
        mySQLDBConnectionString="" hostingProviderForumLink="" controlPanelLink="http://windows.azure.com"
        webSystem="WebSites"><databases /></publishProfile><publishProfile profileName="hcwebapp000002
        - ReadOnly - FTP" publishMethod="FTP" publishUrl="ftp://waws-prod-bay-051dr.ftp.azurewebsites.windows.net/site/wwwroot"
        ftpPassiveMode="True" userName="hcwebapp000002\$hcwebapp000002" userPWD="asDZiL8fqeAwb4cHNpCwyPAhKjl6egoKebfZ8K5AuXLQCJCZmZlcqrS3PgxT"
        destinationAppUrl="http://hcwebapp000002.azurewebsites.net" SQLServerDBConnectionString=""
        mySQLDBConnectionString="" hostingProviderForumLink="" controlPanelLink="http://windows.azure.com"
        webSystem="WebSites"><databases /></publishProfile></publishData>
    headers:
      cache-control:
      - no-cache
      content-length:
      - '1730'
      content-type:
      - application/xml
      date:
      - Sun, 13 Oct 2019 05:58:30 GMT
      expires:
      - '-1'
      pragma:
      - no-cache
      server:
      - Microsoft-IIS/10.0
      strict-transport-security:
      - max-age=31536000; includeSubDomains
      x-aspnet-version:
      - 4.0.30319
      x-content-type-options:
      - nosniff
      x-ms-ratelimit-remaining-subscription-resource-requests:
      - '11999'
      x-powered-by:
      - ASP.NET
    status:
      code: 200
      message: OK
- request:
    body: null
    headers:
      Accept:
      - application/json
      Accept-Encoding:
      - gzip, deflate
      CommandName:
      - webapp hybrid-connection remove
      Connection:
      - keep-alive
      Content-Length:
      - '0'
      ParameterSetName:
      - -g -n --namespace --hybrid-connection
      User-Agent:
      - python/3.6.5 (Windows-10-10.0.17134-SP0) msrest/0.6.10 msrest_azure/0.6.2
        azure-mgmt-web/0.42.0 Azure-SDK-For-Python AZURECLI/2.0.74
      accept-language:
      - en-US
    method: DELETE
    uri: https://management.azure.com/subscriptions/00000000-0000-0000-0000-000000000000/resourceGroups/clitest.rg000001/providers/Microsoft.Web/sites/hcwebapp000002/hybridConnectionNamespaces/hcnamespace000004/relays/hcname000005?api-version=2018-11-01
  response:
    body:
      string: ''
    headers:
      cache-control:
      - no-cache
      content-length:
      - '0'
      date:
      - Sun, 13 Oct 2019 05:58:31 GMT
      expires:
      - '-1'
      pragma:
      - no-cache
      server:
      - Microsoft-IIS/10.0
      strict-transport-security:
      - max-age=31536000; includeSubDomains
      x-aspnet-version:
      - 4.0.30319
      x-content-type-options:
      - nosniff
      x-ms-ratelimit-remaining-subscription-deletes:
      - '14998'
      x-powered-by:
      - ASP.NET
    status:
      code: 200
      message: OK
- request:
    body: null
    headers:
      Accept:
      - application/json
      Accept-Encoding:
      - gzip, deflate
      CommandName:
      - webapp hybrid-connection list
      Connection:
      - keep-alive
      ParameterSetName:
      - -g -n
      User-Agent:
      - python/3.6.5 (Windows-10-10.0.17134-SP0) msrest/0.6.10 msrest_azure/0.6.2
        azure-mgmt-web/0.42.0 Azure-SDK-For-Python AZURECLI/2.0.74
      accept-language:
      - en-US
    method: GET
    uri: https://management.azure.com/subscriptions/00000000-0000-0000-0000-000000000000/resourceGroups/clitest.rg000001/providers/Microsoft.Web/sites/hcwebapp000002?api-version=2018-11-01
  response:
    body:
      string: '{"id":"/subscriptions/00000000-0000-0000-0000-000000000000/resourceGroups/clitest.rg000001/providers/Microsoft.Web/sites/hcwebapp000002","name":"hcwebapp000002","type":"Microsoft.Web/sites","kind":"app","location":"West
        US","properties":{"name":"hcwebapp000002","state":"Running","hostNames":["hcwebapp000002.azurewebsites.net"],"webSpace":"clitest.rg000001-WestUSwebspace","selfLink":"https://waws-prod-bay-051.api.azurewebsites.windows.net:454/subscriptions/00000000-0000-0000-0000-000000000000/webspaces/clitest.rg000001-WestUSwebspace/sites/hcwebapp000002","repositorySiteName":"hcwebapp000002","owner":null,"usageState":"Normal","enabled":true,"adminEnabled":true,"enabledHostNames":["hcwebapp000002.azurewebsites.net","hcwebapp000002.scm.azurewebsites.net"],"siteProperties":{"metadata":null,"properties":[{"name":"LinuxFxVersion","value":""},{"name":"WindowsFxVersion","value":null}],"appSettings":null},"availabilityState":"Normal","sslCertificates":null,"csrs":[],"cers":null,"siteMode":null,"hostNameSslStates":[{"name":"hcwebapp000002.azurewebsites.net","sslState":"Disabled","ipBasedSslResult":null,"virtualIP":null,"thumbprint":null,"toUpdate":null,"toUpdateIpBasedSsl":null,"ipBasedSslState":"NotConfigured","hostType":"Standard"},{"name":"hcwebapp000002.scm.azurewebsites.net","sslState":"Disabled","ipBasedSslResult":null,"virtualIP":null,"thumbprint":null,"toUpdate":null,"toUpdateIpBasedSsl":null,"ipBasedSslState":"NotConfigured","hostType":"Repository"}],"computeMode":null,"serverFarm":null,"serverFarmId":"/subscriptions/00000000-0000-0000-0000-000000000000/resourceGroups/clitest.rg000001/providers/Microsoft.Web/serverfarms/hcplan000003","reserved":false,"isXenon":false,"hyperV":false,"lastModifiedTimeUtc":"2019-10-13T05:58:31.503","storageRecoveryDefaultState":"Running","contentAvailabilityState":"Normal","runtimeAvailabilityState":"Normal","siteConfig":null,"deploymentId":"hcwebapp000002","trafficManagerHostNames":null,"sku":"Standard","scmSiteAlsoStopped":false,"targetSwapSlot":null,"hostingEnvironment":null,"hostingEnvironmentProfile":null,"clientAffinityEnabled":true,"clientCertEnabled":false,"clientCertExclusionPaths":null,"hostNamesDisabled":false,"domainVerificationIdentifiers":null,"kind":"app","inboundIpAddress":"40.78.18.232","possibleInboundIpAddresses":"40.78.18.232","outboundIpAddresses":"40.78.17.157,40.78.21.191,40.78.22.38,40.78.21.180","possibleOutboundIpAddresses":"40.78.17.157,40.78.21.191,40.78.22.38,40.78.21.180","containerSize":0,"dailyMemoryTimeQuota":0,"suspendedTill":null,"siteDisabledReason":0,"functionExecutionUnitsCache":null,"maxNumberOfWorkers":null,"homeStamp":"waws-prod-bay-051","cloningInfo":null,"hostingEnvironmentId":null,"tags":null,"resourceGroup":"clitest.rg000001","defaultHostName":"hcwebapp000002.azurewebsites.net","slotSwapStatus":null,"httpsOnly":false,"redundancyMode":"None","inProgressOperationId":null,"geoDistributions":null,"privateEndpointConnections":[],"buildVersion":null,"targetBuildVersion":null}}'
    headers:
      cache-control:
      - no-cache
      content-length:
      - '3425'
      content-type:
      - application/json
      date:
      - Sun, 13 Oct 2019 05:58:32 GMT
      etag:
      - '"1D5818B3DD3DDF0"'
      expires:
      - '-1'
      pragma:
      - no-cache
      server:
      - Microsoft-IIS/10.0
      strict-transport-security:
      - max-age=31536000; includeSubDomains
      transfer-encoding:
      - chunked
      vary:
      - Accept-Encoding
      x-aspnet-version:
      - 4.0.30319
      x-content-type-options:
      - nosniff
      x-powered-by:
      - ASP.NET
    status:
      code: 200
      message: OK
- request:
    body: '{}'
    headers:
      Accept:
      - application/xml
      Accept-Encoding:
      - gzip, deflate
      CommandName:
      - webapp hybrid-connection list
      Connection:
      - keep-alive
      Content-Length:
      - '2'
      Content-Type:
      - application/json; charset=utf-8
      ParameterSetName:
      - -g -n
      User-Agent:
      - python/3.6.5 (Windows-10-10.0.17134-SP0) msrest/0.6.10 msrest_azure/0.6.2
        azure-mgmt-web/0.42.0 Azure-SDK-For-Python AZURECLI/2.0.74
      accept-language:
      - en-US
    method: POST
    uri: https://management.azure.com/subscriptions/00000000-0000-0000-0000-000000000000/resourceGroups/clitest.rg000001/providers/Microsoft.Web/sites/hcwebapp000002/publishxml?api-version=2018-11-01
  response:
    body:
      string: <publishData><publishProfile profileName="hcwebapp000002 - Web Deploy"
        publishMethod="MSDeploy" publishUrl="hcwebapp000002.scm.azurewebsites.net:443"
        msdeploySite="hcwebapp000002" userName="$hcwebapp000002" userPWD="asDZiL8fqeAwb4cHNpCwyPAhKjl6egoKebfZ8K5AuXLQCJCZmZlcqrS3PgxT"
        destinationAppUrl="http://hcwebapp000002.azurewebsites.net" SQLServerDBConnectionString=""
        mySQLDBConnectionString="" hostingProviderForumLink="" controlPanelLink="http://windows.azure.com"
        webSystem="WebSites"><databases /></publishProfile><publishProfile profileName="hcwebapp000002
        - FTP" publishMethod="FTP" publishUrl="ftp://waws-prod-bay-051.ftp.azurewebsites.windows.net/site/wwwroot"
        ftpPassiveMode="True" userName="hcwebapp000002\$hcwebapp000002" userPWD="asDZiL8fqeAwb4cHNpCwyPAhKjl6egoKebfZ8K5AuXLQCJCZmZlcqrS3PgxT"
        destinationAppUrl="http://hcwebapp000002.azurewebsites.net" SQLServerDBConnectionString=""
        mySQLDBConnectionString="" hostingProviderForumLink="" controlPanelLink="http://windows.azure.com"
        webSystem="WebSites"><databases /></publishProfile><publishProfile profileName="hcwebapp000002
        - ReadOnly - FTP" publishMethod="FTP" publishUrl="ftp://waws-prod-bay-051dr.ftp.azurewebsites.windows.net/site/wwwroot"
        ftpPassiveMode="True" userName="hcwebapp000002\$hcwebapp000002" userPWD="asDZiL8fqeAwb4cHNpCwyPAhKjl6egoKebfZ8K5AuXLQCJCZmZlcqrS3PgxT"
        destinationAppUrl="http://hcwebapp000002.azurewebsites.net" SQLServerDBConnectionString=""
        mySQLDBConnectionString="" hostingProviderForumLink="" controlPanelLink="http://windows.azure.com"
        webSystem="WebSites"><databases /></publishProfile></publishData>
    headers:
      cache-control:
      - no-cache
      content-length:
      - '1730'
      content-type:
      - application/xml
      date:
      - Sun, 13 Oct 2019 05:58:32 GMT
      expires:
      - '-1'
      pragma:
      - no-cache
      server:
      - Microsoft-IIS/10.0
      strict-transport-security:
      - max-age=31536000; includeSubDomains
      x-aspnet-version:
      - 4.0.30319
      x-content-type-options:
      - nosniff
      x-ms-ratelimit-remaining-subscription-resource-requests:
      - '11999'
      x-powered-by:
      - ASP.NET
    status:
      code: 200
      message: OK
- request:
    body: null
    headers:
      Accept:
      - application/json
      Accept-Encoding:
      - gzip, deflate
      CommandName:
      - webapp hybrid-connection list
      Connection:
      - keep-alive
      ParameterSetName:
      - -g -n
      User-Agent:
      - python/3.6.5 (Windows-10-10.0.17134-SP0) msrest/0.6.10 msrest_azure/0.6.2
        azure-mgmt-web/0.42.0 Azure-SDK-For-Python AZURECLI/2.0.74
      accept-language:
      - en-US
    method: GET
    uri: https://management.azure.com/subscriptions/00000000-0000-0000-0000-000000000000/resourceGroups/clitest.rg000001/providers/Microsoft.Web/sites/hcwebapp000002/hybridConnectionRelays?api-version=2018-11-01
  response:
    body:
      string: '{"value":[],"nextLink":null,"id":null}'
    headers:
      cache-control:
      - no-cache
      content-length:
      - '38'
      content-type:
      - application/json
      date:
      - Sun, 13 Oct 2019 05:58:33 GMT
      expires:
      - '-1'
      pragma:
      - no-cache
      server:
      - Microsoft-IIS/10.0
      strict-transport-security:
      - max-age=31536000; includeSubDomains
      transfer-encoding:
      - chunked
      vary:
      - Accept-Encoding
      x-aspnet-version:
      - 4.0.30319
      x-content-type-options:
      - nosniff
      x-powered-by:
      - ASP.NET
    status:
      code: 200
      message: OK
version: 1
