interactions:
- request:
    body: null
    headers:
      Accept:
      - application/json
      Accept-Encoding:
      - gzip, deflate
      CommandName:
      - network vnet create
      Connection:
      - keep-alive
      ParameterSetName:
      - -g -n --address-prefix --subnet-name --subnet-prefix
      User-Agent:
      - python/3.8.0 (Windows-10-10.0.18362-SP0) msrest/0.6.10 msrest_azure/0.6.2
        azure-mgmt-resource/4.0.0 Azure-SDK-For-Python AZURECLI/2.0.77
      accept-language:
      - en-US
    method: GET
    uri: https://management.azure.com/subscriptions/00000000-0000-0000-0000-000000000000/resourcegroups/clitest.rg000001?api-version=2019-07-01
  response:
    body:
      string: '{"id":"/subscriptions/00000000-0000-0000-0000-000000000000/resourceGroups/clitest.rg000001","name":"clitest.rg000001","type":"Microsoft.Resources/resourceGroups","location":"westus","tags":{"product":"azurecli","cause":"automation","date":"2019-12-09T21:29:09Z"},"properties":{"provisioningState":"Succeeded"}}'
    headers:
      cache-control:
      - no-cache
      content-length:
      - '428'
      content-type:
      - application/json; charset=utf-8
      date:
      - Mon, 09 Dec 2019 21:29:10 GMT
      expires:
      - '-1'
      pragma:
      - no-cache
      strict-transport-security:
      - max-age=31536000; includeSubDomains
      vary:
      - Accept-Encoding
      x-content-type-options:
      - nosniff
    status:
      code: 200
      message: OK
- request:
    body: '{"location": "westus", "tags": {}, "properties": {"addressSpace": {"addressPrefixes":
      ["10.0.0.0/16"]}, "dhcpOptions": {}, "subnets": [{"properties": {"addressPrefix":
      "10.0.0.0/24"}, "name": "swiftsubnet000004"}]}}'
    headers:
      Accept:
      - application/json
      Accept-Encoding:
      - gzip, deflate
      CommandName:
      - network vnet create
      Connection:
      - keep-alive
      Content-Length:
      - '222'
      Content-Type:
      - application/json; charset=utf-8
      ParameterSetName:
      - -g -n --address-prefix --subnet-name --subnet-prefix
      User-Agent:
      - python/3.8.0 (Windows-10-10.0.18362-SP0) msrest/0.6.10 msrest_azure/0.6.2
        azure-mgmt-network/7.0.0 Azure-SDK-For-Python AZURECLI/2.0.77
      accept-language:
      - en-US
    method: PUT
    uri: https://management.azure.com/subscriptions/00000000-0000-0000-0000-000000000000/resourceGroups/clitest.rg000001/providers/Microsoft.Network/virtualNetworks/swiftname000005?api-version=2019-09-01
  response:
    body:
      string: "{\r\n  \"name\": \"swiftname000005\",\r\n  \"id\": \"/subscriptions/00000000-0000-0000-0000-000000000000/resourceGroups/clitest.rg000001/providers/Microsoft.Network/virtualNetworks/swiftname000005\",\r\n
        \ \"etag\": \"W/\\\"1de0dacb-a546-45ad-a1f5-95e313194a86\\\"\",\r\n  \"type\":
        \"Microsoft.Network/virtualNetworks\",\r\n  \"location\": \"westus\",\r\n
        \ \"tags\": {},\r\n  \"properties\": {\r\n    \"provisioningState\": \"Updating\",\r\n
        \   \"resourceGuid\": \"ac222f9a-81ba-46ee-b35d-4a3fe4e8238a\",\r\n    \"addressSpace\":
        {\r\n      \"addressPrefixes\": [\r\n        \"10.0.0.0/16\"\r\n      ]\r\n
        \   },\r\n    \"dhcpOptions\": {\r\n      \"dnsServers\": []\r\n    },\r\n
        \   \"subnets\": [\r\n      {\r\n        \"name\": \"swiftsubnet000004\",\r\n
        \       \"id\": \"/subscriptions/00000000-0000-0000-0000-000000000000/resourceGroups/clitest.rg000001/providers/Microsoft.Network/virtualNetworks/swiftname000005/subnets/swiftsubnet000004\",\r\n
        \       \"etag\": \"W/\\\"1de0dacb-a546-45ad-a1f5-95e313194a86\\\"\",\r\n
        \       \"properties\": {\r\n          \"provisioningState\": \"Updating\",\r\n
        \         \"addressPrefix\": \"10.0.0.0/24\",\r\n          \"delegations\":
        [],\r\n          \"privateEndpointNetworkPolicies\": \"Enabled\",\r\n          \"privateLinkServiceNetworkPolicies\":
        \"Enabled\"\r\n        },\r\n        \"type\": \"Microsoft.Network/virtualNetworks/subnets\"\r\n
        \     }\r\n    ],\r\n    \"virtualNetworkPeerings\": [],\r\n    \"enableDdosProtection\":
        false,\r\n    \"enableVmProtection\": false\r\n  }\r\n}"
    headers:
      azure-asyncoperation:
      - https://management.azure.com/subscriptions/00000000-0000-0000-0000-000000000000/providers/Microsoft.Network/locations/westus/operations/4a3bc6b0-db39-4d09-88c1-229776ff9052?api-version=2019-09-01
      cache-control:
      - no-cache
      content-length:
      - '1528'
      content-type:
      - application/json; charset=utf-8
      date:
      - Mon, 09 Dec 2019 21:29:11 GMT
      expires:
      - '-1'
      pragma:
      - no-cache
      server:
      - Microsoft-HTTPAPI/2.0
      - Microsoft-HTTPAPI/2.0
      strict-transport-security:
      - max-age=31536000; includeSubDomains
      x-content-type-options:
      - nosniff
      x-ms-arm-service-request-id:
      - c68efdd8-24bb-4f46-9687-26118fcf9e4f
      x-ms-ratelimit-remaining-subscription-writes:
      - '1199'
    status:
      code: 201
      message: Created
- request:
    body: null
    headers:
      Accept:
      - application/json
      Accept-Encoding:
      - gzip, deflate
      CommandName:
      - network vnet create
      Connection:
      - keep-alive
      ParameterSetName:
      - -g -n --address-prefix --subnet-name --subnet-prefix
      User-Agent:
      - python/3.8.0 (Windows-10-10.0.18362-SP0) msrest/0.6.10 msrest_azure/0.6.2
        azure-mgmt-network/7.0.0 Azure-SDK-For-Python AZURECLI/2.0.77
    method: GET
    uri: https://management.azure.com/subscriptions/00000000-0000-0000-0000-000000000000/providers/Microsoft.Network/locations/westus/operations/4a3bc6b0-db39-4d09-88c1-229776ff9052?api-version=2019-09-01
  response:
    body:
      string: "{\r\n  \"status\": \"Succeeded\"\r\n}"
    headers:
      cache-control:
      - no-cache
      content-length:
      - '29'
      content-type:
      - application/json; charset=utf-8
      date:
      - Mon, 09 Dec 2019 21:29:14 GMT
      expires:
      - '-1'
      pragma:
      - no-cache
      server:
      - Microsoft-HTTPAPI/2.0
      - Microsoft-HTTPAPI/2.0
      strict-transport-security:
      - max-age=31536000; includeSubDomains
      transfer-encoding:
      - chunked
      vary:
      - Accept-Encoding
      x-content-type-options:
      - nosniff
      x-ms-arm-service-request-id:
      - 51b32ef5-4797-4c42-a636-5cf80239c403
    status:
      code: 200
      message: OK
- request:
    body: null
    headers:
      Accept:
      - application/json
      Accept-Encoding:
      - gzip, deflate
      CommandName:
      - network vnet create
      Connection:
      - keep-alive
      ParameterSetName:
      - -g -n --address-prefix --subnet-name --subnet-prefix
      User-Agent:
      - python/3.8.0 (Windows-10-10.0.18362-SP0) msrest/0.6.10 msrest_azure/0.6.2
        azure-mgmt-network/7.0.0 Azure-SDK-For-Python AZURECLI/2.0.77
    method: GET
    uri: https://management.azure.com/subscriptions/00000000-0000-0000-0000-000000000000/resourceGroups/clitest.rg000001/providers/Microsoft.Network/virtualNetworks/swiftname000005?api-version=2019-09-01
  response:
    body:
      string: "{\r\n  \"name\": \"swiftname000005\",\r\n  \"id\": \"/subscriptions/00000000-0000-0000-0000-000000000000/resourceGroups/clitest.rg000001/providers/Microsoft.Network/virtualNetworks/swiftname000005\",\r\n
        \ \"etag\": \"W/\\\"d93c2bb9-b72f-4c4e-b9af-bbd86e0902d4\\\"\",\r\n  \"type\":
        \"Microsoft.Network/virtualNetworks\",\r\n  \"location\": \"westus\",\r\n
        \ \"tags\": {},\r\n  \"properties\": {\r\n    \"provisioningState\": \"Succeeded\",\r\n
        \   \"resourceGuid\": \"ac222f9a-81ba-46ee-b35d-4a3fe4e8238a\",\r\n    \"addressSpace\":
        {\r\n      \"addressPrefixes\": [\r\n        \"10.0.0.0/16\"\r\n      ]\r\n
        \   },\r\n    \"dhcpOptions\": {\r\n      \"dnsServers\": []\r\n    },\r\n
        \   \"subnets\": [\r\n      {\r\n        \"name\": \"swiftsubnet000004\",\r\n
        \       \"id\": \"/subscriptions/00000000-0000-0000-0000-000000000000/resourceGroups/clitest.rg000001/providers/Microsoft.Network/virtualNetworks/swiftname000005/subnets/swiftsubnet000004\",\r\n
        \       \"etag\": \"W/\\\"d93c2bb9-b72f-4c4e-b9af-bbd86e0902d4\\\"\",\r\n
        \       \"properties\": {\r\n          \"provisioningState\": \"Succeeded\",\r\n
        \         \"addressPrefix\": \"10.0.0.0/24\",\r\n          \"delegations\":
        [],\r\n          \"privateEndpointNetworkPolicies\": \"Enabled\",\r\n          \"privateLinkServiceNetworkPolicies\":
        \"Enabled\"\r\n        },\r\n        \"type\": \"Microsoft.Network/virtualNetworks/subnets\"\r\n
        \     }\r\n    ],\r\n    \"virtualNetworkPeerings\": [],\r\n    \"enableDdosProtection\":
        false,\r\n    \"enableVmProtection\": false\r\n  }\r\n}"
    headers:
      cache-control:
      - no-cache
      content-length:
      - '1530'
      content-type:
      - application/json; charset=utf-8
      date:
      - Mon, 09 Dec 2019 21:29:14 GMT
      etag:
      - W/"d93c2bb9-b72f-4c4e-b9af-bbd86e0902d4"
      expires:
      - '-1'
      pragma:
      - no-cache
      server:
      - Microsoft-HTTPAPI/2.0
      - Microsoft-HTTPAPI/2.0
      strict-transport-security:
      - max-age=31536000; includeSubDomains
      transfer-encoding:
      - chunked
      vary:
      - Accept-Encoding
      x-content-type-options:
      - nosniff
      x-ms-arm-service-request-id:
      - 282a85d5-6fe2-46cc-a8bd-f714efe1b722
    status:
      code: 200
      message: OK
- request:
    body: null
    headers:
      Accept:
      - application/json
      Accept-Encoding:
      - gzip, deflate
      CommandName:
      - network vnet subnet update
      Connection:
      - keep-alive
      ParameterSetName:
      - -g --vnet --name --delegations --service-endpoints
      User-Agent:
      - python/3.8.0 (Windows-10-10.0.18362-SP0) msrest/0.6.10 msrest_azure/0.6.2
        azure-mgmt-network/7.0.0 Azure-SDK-For-Python AZURECLI/2.0.77
      accept-language:
      - en-US
    method: GET
    uri: https://management.azure.com/subscriptions/00000000-0000-0000-0000-000000000000/resourceGroups/clitest.rg000001/providers/Microsoft.Network/virtualNetworks/swiftname000005/subnets/swiftsubnet000004?api-version=2019-09-01
  response:
    body:
      string: "{\r\n  \"name\": \"swiftsubnet000004\",\r\n  \"id\": \"/subscriptions/00000000-0000-0000-0000-000000000000/resourceGroups/clitest.rg000001/providers/Microsoft.Network/virtualNetworks/swiftname000005/subnets/swiftsubnet000004\",\r\n
        \ \"etag\": \"W/\\\"d93c2bb9-b72f-4c4e-b9af-bbd86e0902d4\\\"\",\r\n  \"properties\":
        {\r\n    \"provisioningState\": \"Succeeded\",\r\n    \"addressPrefix\": \"10.0.0.0/24\",\r\n
        \   \"delegations\": [],\r\n    \"privateEndpointNetworkPolicies\": \"Enabled\",\r\n
        \   \"privateLinkServiceNetworkPolicies\": \"Enabled\"\r\n  },\r\n  \"type\":
        \"Microsoft.Network/virtualNetworks/subnets\"\r\n}"
    headers:
      cache-control:
      - no-cache
      content-length:
      - '639'
      content-type:
      - application/json; charset=utf-8
      date:
      - Mon, 09 Dec 2019 21:29:15 GMT
      etag:
      - W/"d93c2bb9-b72f-4c4e-b9af-bbd86e0902d4"
      expires:
      - '-1'
      pragma:
      - no-cache
      server:
      - Microsoft-HTTPAPI/2.0
      - Microsoft-HTTPAPI/2.0
      strict-transport-security:
      - max-age=31536000; includeSubDomains
      transfer-encoding:
      - chunked
      vary:
      - Accept-Encoding
      x-content-type-options:
      - nosniff
      x-ms-arm-service-request-id:
      - 0fb47de1-d54d-48cf-8308-5aedb3426f50
    status:
      code: 200
      message: OK
- request:
    body: 'b''{"id": "/subscriptions/00000000-0000-0000-0000-000000000000/resourceGroups/clitest.rg000001/providers/Microsoft.Network/virtualNetworks/swiftname000005/subnets/swiftsubnet000004",
      "properties": {"addressPrefix": "10.0.0.0/24", "serviceEndpoints": [{"service":
      "Microsoft.Storage"}], "delegations": [{"properties": {"serviceName": "Microsoft.Web/serverfarms"},
      "name": "0"}], "privateEndpointNetworkPolicies": "Enabled", "privateLinkServiceNetworkPolicies":
      "Enabled"}, "name": "swiftsubnet000004"}'''
    headers:
      Accept:
      - application/json
      Accept-Encoding:
      - gzip, deflate
      CommandName:
      - network vnet subnet update
      Connection:
      - keep-alive
      Content-Length:
      - '579'
      Content-Type:
      - application/json; charset=utf-8
      ParameterSetName:
      - -g --vnet --name --delegations --service-endpoints
      User-Agent:
      - python/3.8.0 (Windows-10-10.0.18362-SP0) msrest/0.6.10 msrest_azure/0.6.2
        azure-mgmt-network/7.0.0 Azure-SDK-For-Python AZURECLI/2.0.77
      accept-language:
      - en-US
    method: PUT
    uri: https://management.azure.com/subscriptions/00000000-0000-0000-0000-000000000000/resourceGroups/clitest.rg000001/providers/Microsoft.Network/virtualNetworks/swiftname000005/subnets/swiftsubnet000004?api-version=2019-09-01
  response:
    body:
      string: "{\r\n  \"name\": \"swiftsubnet000004\",\r\n  \"id\": \"/subscriptions/00000000-0000-0000-0000-000000000000/resourceGroups/clitest.rg000001/providers/Microsoft.Network/virtualNetworks/swiftname000005/subnets/swiftsubnet000004\",\r\n
        \ \"etag\": \"W/\\\"1677bc47-0477-46c8-bbb7-a6b711eb785c\\\"\",\r\n  \"properties\":
        {\r\n    \"provisioningState\": \"Updating\",\r\n    \"addressPrefix\": \"10.0.0.0/24\",\r\n
        \   \"serviceEndpoints\": [\r\n      {\r\n        \"provisioningState\": \"Updating\",\r\n
        \       \"service\": \"Microsoft.Storage\",\r\n        \"locations\": [\r\n
        \         \"westus\",\r\n          \"eastus\"\r\n        ]\r\n      }\r\n
        \   ],\r\n    \"delegations\": [\r\n      {\r\n        \"name\": \"0\",\r\n
        \       \"id\": \"/subscriptions/00000000-0000-0000-0000-000000000000/resourceGroups/clitest.rg000001/providers/Microsoft.Network/virtualNetworks/swiftname000005/subnets/swiftsubnet000004/delegations/0\",\r\n
        \       \"etag\": \"W/\\\"1677bc47-0477-46c8-bbb7-a6b711eb785c\\\"\",\r\n
        \       \"properties\": {\r\n          \"provisioningState\": \"Succeeded\",\r\n
        \         \"serviceName\": \"Microsoft.Web/serverfarms\",\r\n          \"actions\":
        [\r\n            \"Microsoft.Network/virtualNetworks/subnets/action\"\r\n
        \         ]\r\n        },\r\n        \"type\": \"Microsoft.Network/virtualNetworks/subnets/delegations\"\r\n
        \     }\r\n    ],\r\n    \"privateEndpointNetworkPolicies\": \"Enabled\",\r\n
        \   \"privateLinkServiceNetworkPolicies\": \"Enabled\"\r\n  },\r\n  \"type\":
        \"Microsoft.Network/virtualNetworks/subnets\"\r\n}"
    headers:
      azure-asyncoperation:
      - https://management.azure.com/subscriptions/00000000-0000-0000-0000-000000000000/providers/Microsoft.Network/locations/westus/operations/90e3196c-2fc4-4125-ad61-17ac8c8a2bed?api-version=2019-09-01
      cache-control:
      - no-cache
      content-length:
      - '1547'
      content-type:
      - application/json; charset=utf-8
      date:
      - Mon, 09 Dec 2019 21:29:15 GMT
      expires:
      - '-1'
      pragma:
      - no-cache
      server:
      - Microsoft-HTTPAPI/2.0
      - Microsoft-HTTPAPI/2.0
      strict-transport-security:
      - max-age=31536000; includeSubDomains
      transfer-encoding:
      - chunked
      vary:
      - Accept-Encoding
      x-content-type-options:
      - nosniff
      x-ms-arm-service-request-id:
      - c418d312-0bf8-417f-90dd-1b5cc1214bb8
      x-ms-ratelimit-remaining-subscription-writes:
      - '1199'
    status:
      code: 200
      message: OK
- request:
    body: null
    headers:
      Accept:
      - application/json
      Accept-Encoding:
      - gzip, deflate
      CommandName:
      - network vnet subnet update
      Connection:
      - keep-alive
      ParameterSetName:
      - -g --vnet --name --delegations --service-endpoints
      User-Agent:
      - python/3.8.0 (Windows-10-10.0.18362-SP0) msrest/0.6.10 msrest_azure/0.6.2
        azure-mgmt-network/7.0.0 Azure-SDK-For-Python AZURECLI/2.0.77
    method: GET
    uri: https://management.azure.com/subscriptions/00000000-0000-0000-0000-000000000000/providers/Microsoft.Network/locations/westus/operations/90e3196c-2fc4-4125-ad61-17ac8c8a2bed?api-version=2019-09-01
  response:
    body:
      string: "{\r\n  \"status\": \"Succeeded\"\r\n}"
    headers:
      cache-control:
      - no-cache
      content-length:
      - '29'
      content-type:
      - application/json; charset=utf-8
      date:
      - Mon, 09 Dec 2019 21:29:18 GMT
      expires:
      - '-1'
      pragma:
      - no-cache
      server:
      - Microsoft-HTTPAPI/2.0
      - Microsoft-HTTPAPI/2.0
      strict-transport-security:
      - max-age=31536000; includeSubDomains
      transfer-encoding:
      - chunked
      vary:
      - Accept-Encoding
      x-content-type-options:
      - nosniff
      x-ms-arm-service-request-id:
      - 315b1bec-7217-4106-b3f9-0194af1842e1
    status:
      code: 200
      message: OK
- request:
    body: null
    headers:
      Accept:
      - application/json
      Accept-Encoding:
      - gzip, deflate
      CommandName:
      - network vnet subnet update
      Connection:
      - keep-alive
      ParameterSetName:
      - -g --vnet --name --delegations --service-endpoints
      User-Agent:
      - python/3.8.0 (Windows-10-10.0.18362-SP0) msrest/0.6.10 msrest_azure/0.6.2
        azure-mgmt-network/7.0.0 Azure-SDK-For-Python AZURECLI/2.0.77
    method: GET
    uri: https://management.azure.com/subscriptions/00000000-0000-0000-0000-000000000000/resourceGroups/clitest.rg000001/providers/Microsoft.Network/virtualNetworks/swiftname000005/subnets/swiftsubnet000004?api-version=2019-09-01
  response:
    body:
      string: "{\r\n  \"name\": \"swiftsubnet000004\",\r\n  \"id\": \"/subscriptions/00000000-0000-0000-0000-000000000000/resourceGroups/clitest.rg000001/providers/Microsoft.Network/virtualNetworks/swiftname000005/subnets/swiftsubnet000004\",\r\n
        \ \"etag\": \"W/\\\"993d1dc3-2548-4496-87d6-1e91f7ae7d30\\\"\",\r\n  \"properties\":
        {\r\n    \"provisioningState\": \"Succeeded\",\r\n    \"addressPrefix\": \"10.0.0.0/24\",\r\n
        \   \"serviceEndpoints\": [\r\n      {\r\n        \"provisioningState\": \"Succeeded\",\r\n
        \       \"service\": \"Microsoft.Storage\",\r\n        \"locations\": [\r\n
        \         \"westus\",\r\n          \"eastus\"\r\n        ]\r\n      }\r\n
        \   ],\r\n    \"delegations\": [\r\n      {\r\n        \"name\": \"0\",\r\n
        \       \"id\": \"/subscriptions/00000000-0000-0000-0000-000000000000/resourceGroups/clitest.rg000001/providers/Microsoft.Network/virtualNetworks/swiftname000005/subnets/swiftsubnet000004/delegations/0\",\r\n
        \       \"etag\": \"W/\\\"993d1dc3-2548-4496-87d6-1e91f7ae7d30\\\"\",\r\n
        \       \"properties\": {\r\n          \"provisioningState\": \"Succeeded\",\r\n
        \         \"serviceName\": \"Microsoft.Web/serverfarms\",\r\n          \"actions\":
        [\r\n            \"Microsoft.Network/virtualNetworks/subnets/action\"\r\n
        \         ]\r\n        },\r\n        \"type\": \"Microsoft.Network/virtualNetworks/subnets/delegations\"\r\n
        \     }\r\n    ],\r\n    \"privateEndpointNetworkPolicies\": \"Enabled\",\r\n
        \   \"privateLinkServiceNetworkPolicies\": \"Enabled\"\r\n  },\r\n  \"type\":
        \"Microsoft.Network/virtualNetworks/subnets\"\r\n}"
    headers:
      cache-control:
      - no-cache
      content-length:
      - '1549'
      content-type:
      - application/json; charset=utf-8
      date:
      - Mon, 09 Dec 2019 21:29:19 GMT
      etag:
      - W/"993d1dc3-2548-4496-87d6-1e91f7ae7d30"
      expires:
      - '-1'
      pragma:
      - no-cache
      server:
      - Microsoft-HTTPAPI/2.0
      - Microsoft-HTTPAPI/2.0
      strict-transport-security:
      - max-age=31536000; includeSubDomains
      transfer-encoding:
      - chunked
      vary:
      - Accept-Encoding
      x-content-type-options:
      - nosniff
      x-ms-arm-service-request-id:
      - c91a5419-fd65-4d5d-a2a6-8de74d38def2
    status:
      code: 200
      message: OK
- request:
    body: null
    headers:
      Accept:
      - application/json
      Accept-Encoding:
      - gzip, deflate
      CommandName:
      - appservice plan create
      Connection:
      - keep-alive
      ParameterSetName:
      - -g -n --sku
      User-Agent:
      - python/3.8.0 (Windows-10-10.0.18362-SP0) msrest/0.6.10 msrest_azure/0.6.2
        azure-mgmt-resource/4.0.0 Azure-SDK-For-Python AZURECLI/2.0.77
      accept-language:
      - en-US
    method: GET
    uri: https://management.azure.com/subscriptions/00000000-0000-0000-0000-000000000000/resourcegroups/clitest.rg000001?api-version=2019-07-01
  response:
    body:
      string: '{"id":"/subscriptions/00000000-0000-0000-0000-000000000000/resourceGroups/clitest.rg000001","name":"clitest.rg000001","type":"Microsoft.Resources/resourceGroups","location":"westus","tags":{"product":"azurecli","cause":"automation","date":"2019-12-09T21:29:09Z"},"properties":{"provisioningState":"Succeeded"}}'
    headers:
      cache-control:
      - no-cache
      content-length:
      - '428'
      content-type:
      - application/json; charset=utf-8
      date:
      - Mon, 09 Dec 2019 21:29:20 GMT
      expires:
      - '-1'
      pragma:
      - no-cache
      strict-transport-security:
      - max-age=31536000; includeSubDomains
      vary:
      - Accept-Encoding
      x-content-type-options:
      - nosniff
    status:
      code: 200
      message: OK
- request:
    body: '{"name": "swiftplan000003", "type": "Microsoft.Web/serverfarms", "location":
      "westus", "properties": {"skuName": "P1V2", "capacity": 1}}'
    headers:
      Accept:
      - application/json
      Accept-Encoding:
      - gzip, deflate
      CommandName:
      - appservice plan create
      Connection:
      - keep-alive
      Content-Length:
      - '145'
      Content-Type:
      - application/json; charset=utf-8
      ParameterSetName:
      - -g -n --sku
      User-Agent:
      - python/3.8.0 (Windows-10-10.0.18362-SP0) msrest/0.6.10 msrest_azure/0.6.2
        azure-mgmt-web/0.42.0 Azure-SDK-For-Python AZURECLI/2.0.77
      accept-language:
      - en-US
    method: POST
    uri: https://management.azure.com/subscriptions/00000000-0000-0000-0000-000000000000/resourceGroups/clitest.rg000001/providers/Microsoft.Web/validate?api-version=2018-02-01
  response:
    body:
      string: '{"status":"Success","error":null}'
    headers:
      cache-control:
      - no-cache
      content-length:
      - '33'
      content-type:
      - application/json
      date:
      - Mon, 09 Dec 2019 21:29:20 GMT
      expires:
      - '-1'
      pragma:
      - no-cache
      server:
      - Microsoft-IIS/10.0
      strict-transport-security:
      - max-age=31536000; includeSubDomains
      transfer-encoding:
      - chunked
      vary:
      - Accept-Encoding
      x-aspnet-version:
      - 4.0.30319
      x-content-type-options:
      - nosniff
      x-ms-ratelimit-remaining-subscription-writes:
      - '1199'
      x-powered-by:
      - ASP.NET
    status:
      code: 200
      message: OK
- request:
    body: null
    headers:
      Accept:
      - application/json
      Accept-Encoding:
      - gzip, deflate
      CommandName:
      - appservice plan create
      Connection:
      - keep-alive
      ParameterSetName:
      - -g -n --sku
      User-Agent:
      - python/3.8.0 (Windows-10-10.0.18362-SP0) msrest/0.6.10 msrest_azure/0.6.2
        azure-mgmt-resource/4.0.0 Azure-SDK-For-Python AZURECLI/2.0.77
      accept-language:
      - en-US
    method: GET
    uri: https://management.azure.com/subscriptions/00000000-0000-0000-0000-000000000000/resourcegroups/clitest.rg000001?api-version=2019-07-01
  response:
    body:
      string: '{"id":"/subscriptions/00000000-0000-0000-0000-000000000000/resourceGroups/clitest.rg000001","name":"clitest.rg000001","type":"Microsoft.Resources/resourceGroups","location":"westus","tags":{"product":"azurecli","cause":"automation","date":"2019-12-09T21:29:09Z"},"properties":{"provisioningState":"Succeeded"}}'
    headers:
      cache-control:
      - no-cache
      content-length:
      - '428'
      content-type:
      - application/json; charset=utf-8
      date:
      - Mon, 09 Dec 2019 21:29:21 GMT
      expires:
      - '-1'
      pragma:
      - no-cache
      strict-transport-security:
      - max-age=31536000; includeSubDomains
      vary:
      - Accept-Encoding
      x-content-type-options:
      - nosniff
    status:
      code: 200
      message: OK
- request:
    body: '{"location": "westus", "properties": {"perSiteScaling": false, "isXenon":
      false}, "sku": {"name": "P1V2", "tier": "PREMIUMV2", "capacity": 1}}'
    headers:
      Accept:
      - application/json
      Accept-Encoding:
      - gzip, deflate
      CommandName:
      - appservice plan create
      Connection:
      - keep-alive
      Content-Length:
      - '142'
      Content-Type:
      - application/json; charset=utf-8
      ParameterSetName:
      - -g -n --sku
      User-Agent:
      - python/3.8.0 (Windows-10-10.0.18362-SP0) msrest/0.6.10 msrest_azure/0.6.2
        azure-mgmt-web/0.42.0 Azure-SDK-For-Python AZURECLI/2.0.77
      accept-language:
      - en-US
    method: PUT
    uri: https://management.azure.com/subscriptions/00000000-0000-0000-0000-000000000000/resourceGroups/clitest.rg000001/providers/Microsoft.Web/serverfarms/swiftplan000003?api-version=2018-02-01
  response:
    body:
      string: '{"id":"/subscriptions/00000000-0000-0000-0000-000000000000/resourceGroups/clitest.rg000001/providers/Microsoft.Web/serverfarms/swiftplan000003","name":"swiftplan000003","type":"Microsoft.Web/serverfarms","kind":"app","location":"West
        US","properties":{"serverFarmId":11281,"name":"swiftplan000003","workerSize":"D1","workerSizeId":3,"workerTierName":null,"numberOfWorkers":1,"currentWorkerSize":"D1","currentWorkerSizeId":3,"currentNumberOfWorkers":1,"status":"Ready","webSpace":"clitest.rg000001-WestUSwebspace","subscription":"0a60a016-d28c-428c-b5a6-7435ec6f40e3","adminSiteName":null,"hostingEnvironment":null,"hostingEnvironmentProfile":null,"maximumNumberOfWorkers":20,"planName":"VirtualDedicatedPlan","adminRuntimeSiteName":null,"computeMode":"Dedicated","siteMode":null,"geoRegion":"West
        US","perSiteScaling":false,"maximumElasticWorkerCount":1,"numberOfSites":0,"hostingEnvironmentId":null,"isSpot":false,"spotExpirationTime":null,"freeOfferExpirationTime":null,"tags":null,"kind":"app","resourceGroup":"clitest.rg000001","reserved":false,"isXenon":false,"hyperV":false,"mdmId":"waws-prod-bay-133_11281","targetWorkerCount":0,"targetWorkerSizeId":0,"provisioningState":"Succeeded","webSiteId":null,"existingServerFarmIds":null},"sku":{"name":"P1v2","tier":"PremiumV2","size":"P1v2","family":"Pv2","capacity":1}}'
    headers:
      cache-control:
      - no-cache
      content-length:
      - '1525'
      content-type:
      - application/json
      date:
      - Mon, 09 Dec 2019 21:29:26 GMT
      expires:
      - '-1'
      pragma:
      - no-cache
      server:
      - Microsoft-IIS/10.0
      strict-transport-security:
      - max-age=31536000; includeSubDomains
      transfer-encoding:
      - chunked
      vary:
      - Accept-Encoding
      x-aspnet-version:
      - 4.0.30319
      x-content-type-options:
      - nosniff
      x-ms-ratelimit-remaining-subscription-writes:
      - '1199'
      x-powered-by:
      - ASP.NET
    status:
      code: 200
      message: OK
- request:
    body: null
    headers:
      Accept:
      - application/json
      Accept-Encoding:
      - gzip, deflate
      CommandName:
      - webapp create
      Connection:
      - keep-alive
      ParameterSetName:
      - -g -n --plan
      User-Agent:
      - python/3.8.0 (Windows-10-10.0.18362-SP0) msrest/0.6.10 msrest_azure/0.6.2
        azure-mgmt-web/0.42.0 Azure-SDK-For-Python AZURECLI/2.0.77
      accept-language:
      - en-US
    method: GET
    uri: https://management.azure.com/subscriptions/00000000-0000-0000-0000-000000000000/resourceGroups/clitest.rg000001/providers/Microsoft.Web/serverfarms/swiftplan000003?api-version=2018-02-01
  response:
    body:
      string: '{"id":"/subscriptions/00000000-0000-0000-0000-000000000000/resourceGroups/clitest.rg000001/providers/Microsoft.Web/serverfarms/swiftplan000003","name":"swiftplan000003","type":"Microsoft.Web/serverfarms","kind":"app","location":"West
        US","properties":{"serverFarmId":11281,"name":"swiftplan000003","workerSize":"D1","workerSizeId":3,"workerTierName":null,"numberOfWorkers":1,"currentWorkerSize":"D1","currentWorkerSizeId":3,"currentNumberOfWorkers":1,"status":"Ready","webSpace":"clitest.rg000001-WestUSwebspace","subscription":"0a60a016-d28c-428c-b5a6-7435ec6f40e3","adminSiteName":null,"hostingEnvironment":null,"hostingEnvironmentProfile":null,"maximumNumberOfWorkers":20,"planName":"VirtualDedicatedPlan","adminRuntimeSiteName":null,"computeMode":"Dedicated","siteMode":null,"geoRegion":"West
        US","perSiteScaling":false,"maximumElasticWorkerCount":1,"numberOfSites":0,"hostingEnvironmentId":null,"isSpot":false,"spotExpirationTime":null,"freeOfferExpirationTime":null,"tags":null,"kind":"app","resourceGroup":"clitest.rg000001","reserved":false,"isXenon":false,"hyperV":false,"mdmId":"waws-prod-bay-133_11281","targetWorkerCount":0,"targetWorkerSizeId":0,"provisioningState":"Succeeded","webSiteId":null,"existingServerFarmIds":null},"sku":{"name":"P1v2","tier":"PremiumV2","size":"P1v2","family":"Pv2","capacity":1}}'
    headers:
      cache-control:
      - no-cache
      content-length:
      - '1525'
      content-type:
      - application/json
      date:
      - Mon, 09 Dec 2019 21:29:27 GMT
      expires:
      - '-1'
      pragma:
      - no-cache
      server:
      - Microsoft-IIS/10.0
      strict-transport-security:
      - max-age=31536000; includeSubDomains
      transfer-encoding:
      - chunked
      vary:
      - Accept-Encoding
      x-aspnet-version:
      - 4.0.30319
      x-content-type-options:
      - nosniff
      x-powered-by:
      - ASP.NET
    status:
      code: 200
      message: OK
- request:
    body: 'b''{"name": "swiftwebapp000002", "type": "Microsoft.Web/sites", "location":
      "West US", "properties": {"serverFarmId": "/subscriptions/00000000-0000-0000-0000-000000000000/resourceGroups/clitest.rg000001/providers/Microsoft.Web/serverfarms/swiftplan000003"}}'''
    headers:
      Accept:
      - application/json
      Accept-Encoding:
      - gzip, deflate
      CommandName:
      - webapp create
      Connection:
      - keep-alive
      Content-Length:
      - '329'
      Content-Type:
      - application/json; charset=utf-8
      ParameterSetName:
      - -g -n --plan
      User-Agent:
      - python/3.8.0 (Windows-10-10.0.18362-SP0) msrest/0.6.10 msrest_azure/0.6.2
        azure-mgmt-web/0.42.0 Azure-SDK-For-Python AZURECLI/2.0.77
      accept-language:
      - en-US
    method: POST
    uri: https://management.azure.com/subscriptions/00000000-0000-0000-0000-000000000000/resourceGroups/clitest.rg000001/providers/Microsoft.Web/validate?api-version=2018-02-01
  response:
    body:
      string: '{"status":"Success","error":null}'
    headers:
      cache-control:
      - no-cache
      content-length:
      - '33'
      content-type:
      - application/json
      date:
      - Mon, 09 Dec 2019 21:29:27 GMT
      expires:
      - '-1'
      pragma:
      - no-cache
      server:
      - Microsoft-IIS/10.0
      strict-transport-security:
      - max-age=31536000; includeSubDomains
      transfer-encoding:
      - chunked
      vary:
      - Accept-Encoding
      x-aspnet-version:
      - 4.0.30319
      x-content-type-options:
      - nosniff
      x-ms-ratelimit-remaining-subscription-writes:
      - '1199'
      x-powered-by:
      - ASP.NET
    status:
      code: 200
      message: OK
- request:
    body: null
    headers:
      Accept:
      - application/json
      Accept-Encoding:
      - gzip, deflate
      CommandName:
      - webapp create
      Connection:
      - keep-alive
      ParameterSetName:
      - -g -n --plan
      User-Agent:
      - python/3.8.0 (Windows-10-10.0.18362-SP0) msrest/0.6.10 msrest_azure/0.6.2
        azure-mgmt-web/0.42.0 Azure-SDK-For-Python AZURECLI/2.0.77
      accept-language:
      - en-US
    method: GET
    uri: https://management.azure.com/subscriptions/00000000-0000-0000-0000-000000000000/resourceGroups/clitest.rg000001/providers/Microsoft.Web/serverfarms/swiftplan000003?api-version=2018-02-01
  response:
    body:
      string: '{"id":"/subscriptions/00000000-0000-0000-0000-000000000000/resourceGroups/clitest.rg000001/providers/Microsoft.Web/serverfarms/swiftplan000003","name":"swiftplan000003","type":"Microsoft.Web/serverfarms","kind":"app","location":"West
        US","properties":{"serverFarmId":11281,"name":"swiftplan000003","workerSize":"D1","workerSizeId":3,"workerTierName":null,"numberOfWorkers":1,"currentWorkerSize":"D1","currentWorkerSizeId":3,"currentNumberOfWorkers":1,"status":"Ready","webSpace":"clitest.rg000001-WestUSwebspace","subscription":"0a60a016-d28c-428c-b5a6-7435ec6f40e3","adminSiteName":null,"hostingEnvironment":null,"hostingEnvironmentProfile":null,"maximumNumberOfWorkers":20,"planName":"VirtualDedicatedPlan","adminRuntimeSiteName":null,"computeMode":"Dedicated","siteMode":null,"geoRegion":"West
        US","perSiteScaling":false,"maximumElasticWorkerCount":1,"numberOfSites":0,"hostingEnvironmentId":null,"isSpot":false,"spotExpirationTime":null,"freeOfferExpirationTime":null,"tags":null,"kind":"app","resourceGroup":"clitest.rg000001","reserved":false,"isXenon":false,"hyperV":false,"mdmId":"waws-prod-bay-133_11281","targetWorkerCount":0,"targetWorkerSizeId":0,"provisioningState":"Succeeded","webSiteId":null,"existingServerFarmIds":null},"sku":{"name":"P1v2","tier":"PremiumV2","size":"P1v2","family":"Pv2","capacity":1}}'
    headers:
      cache-control:
      - no-cache
      content-length:
      - '1525'
      content-type:
      - application/json
      date:
      - Mon, 09 Dec 2019 21:29:27 GMT
      expires:
      - '-1'
      pragma:
      - no-cache
      server:
      - Microsoft-IIS/10.0
      strict-transport-security:
      - max-age=31536000; includeSubDomains
      transfer-encoding:
      - chunked
      vary:
      - Accept-Encoding
      x-aspnet-version:
      - 4.0.30319
      x-content-type-options:
      - nosniff
      x-powered-by:
      - ASP.NET
    status:
      code: 200
      message: OK
- request:
    body: 'b''{"location": "West US", "properties": {"serverFarmId": "/subscriptions/00000000-0000-0000-0000-000000000000/resourceGroups/clitest.rg000001/providers/Microsoft.Web/serverfarms/swiftplan000003",
      "reserved": false, "isXenon": false, "hyperV": false, "siteConfig": {"netFrameworkVersion":
      "v4.6", "appSettings": [{"name": "WEBSITE_NODE_DEFAULT_VERSION", "value": "10.14"}],
      "alwaysOn": true, "localMySqlEnabled": false, "http20Enabled": true}, "scmSiteAlsoStopped":
      false, "httpsOnly": false}}'''
    headers:
      Accept:
      - application/json
      Accept-Encoding:
      - gzip, deflate
      CommandName:
      - webapp create
      Connection:
      - keep-alive
      Content-Length:
      - '558'
      Content-Type:
      - application/json; charset=utf-8
      ParameterSetName:
      - -g -n --plan
      User-Agent:
      - python/3.8.0 (Windows-10-10.0.18362-SP0) msrest/0.6.10 msrest_azure/0.6.2
        azure-mgmt-web/0.42.0 Azure-SDK-For-Python AZURECLI/2.0.77
      accept-language:
      - en-US
    method: PUT
    uri: https://management.azure.com/subscriptions/00000000-0000-0000-0000-000000000000/resourceGroups/clitest.rg000001/providers/Microsoft.Web/sites/swiftwebapp000002?api-version=2018-11-01
  response:
    body:
      string: '{"id":"/subscriptions/00000000-0000-0000-0000-000000000000/resourceGroups/clitest.rg000001/providers/Microsoft.Web/sites/swiftwebapp000002","name":"swiftwebapp000002","type":"Microsoft.Web/sites","kind":"app","location":"West
        US","properties":{"name":"swiftwebapp000002","state":"Running","hostNames":["swiftwebapp000002.azurewebsites.net"],"webSpace":"clitest.rg000001-WestUSwebspace","selfLink":"https://waws-prod-bay-133.api.azurewebsites.windows.net:454/subscriptions/00000000-0000-0000-0000-000000000000/webspaces/clitest.rg000001-WestUSwebspace/sites/swiftwebapp000002","repositorySiteName":"swiftwebapp000002","owner":null,"usageState":"Normal","enabled":true,"adminEnabled":true,"enabledHostNames":["swiftwebapp000002.azurewebsites.net","swiftwebapp000002.scm.azurewebsites.net"],"siteProperties":{"metadata":null,"properties":[{"name":"LinuxFxVersion","value":""},{"name":"WindowsFxVersion","value":null}],"appSettings":null},"availabilityState":"Normal","sslCertificates":null,"csrs":[],"cers":null,"siteMode":null,"hostNameSslStates":[{"name":"swiftwebapp000002.azurewebsites.net","sslState":"Disabled","ipBasedSslResult":null,"virtualIP":null,"thumbprint":null,"toUpdate":null,"toUpdateIpBasedSsl":null,"ipBasedSslState":"NotConfigured","hostType":"Standard"},{"name":"swiftwebapp000002.scm.azurewebsites.net","sslState":"Disabled","ipBasedSslResult":null,"virtualIP":null,"thumbprint":null,"toUpdate":null,"toUpdateIpBasedSsl":null,"ipBasedSslState":"NotConfigured","hostType":"Repository"}],"computeMode":null,"serverFarm":null,"serverFarmId":"/subscriptions/00000000-0000-0000-0000-000000000000/resourceGroups/clitest.rg000001/providers/Microsoft.Web/serverfarms/swiftplan000003","reserved":false,"isXenon":false,"hyperV":false,"lastModifiedTimeUtc":"2019-12-09T21:29:31.6966667","storageRecoveryDefaultState":"Running","contentAvailabilityState":"Normal","runtimeAvailabilityState":"Normal","siteConfig":null,"deploymentId":"swiftwebapp000002","trafficManagerHostNames":null,"sku":"PremiumV2","scmSiteAlsoStopped":false,"targetSwapSlot":null,"hostingEnvironment":null,"hostingEnvironmentProfile":null,"clientAffinityEnabled":true,"clientCertEnabled":false,"clientCertExclusionPaths":null,"hostNamesDisabled":false,"domainVerificationIdentifiers":null,"customDomainVerificationId":"692CD593B745023401D4384CEF4AF82C933128275ACA8F1794D17EEC05BB9AAA","kind":"app","inboundIpAddress":"40.112.243.5","possibleInboundIpAddresses":"40.112.243.5","outboundIpAddresses":"23.99.67.170,104.210.54.177,104.45.237.237,23.99.68.138,137.117.12.227","possibleOutboundIpAddresses":"40.112.243.5,168.61.67.173,137.117.16.243,23.100.47.193,104.42.125.202,23.99.67.170,104.210.54.177,104.45.237.237,23.99.68.138,137.117.12.227","containerSize":0,"dailyMemoryTimeQuota":0,"suspendedTill":null,"siteDisabledReason":0,"functionExecutionUnitsCache":null,"maxNumberOfWorkers":null,"homeStamp":"waws-prod-bay-133","cloningInfo":null,"hostingEnvironmentId":null,"tags":null,"resourceGroup":"clitest.rg000001","defaultHostName":"swiftwebapp000002.azurewebsites.net","slotSwapStatus":null,"httpsOnly":false,"redundancyMode":"None","inProgressOperationId":null,"geoDistributions":null,"privateEndpointConnections":null,"buildVersion":null,"targetBuildVersion":null}}'
    headers:
      cache-control:
      - no-cache
      content-length:
      - '3639'
      content-type:
      - application/json
      date:
      - Mon, 09 Dec 2019 21:29:48 GMT
      etag:
      - '"1D5AED7BEE3CEE0"'
      expires:
      - '-1'
      pragma:
      - no-cache
      server:
      - Microsoft-IIS/10.0
      strict-transport-security:
      - max-age=31536000; includeSubDomains
      transfer-encoding:
      - chunked
      vary:
      - Accept-Encoding
      x-aspnet-version:
      - 4.0.30319
      x-content-type-options:
      - nosniff
      x-ms-ratelimit-remaining-subscription-resource-requests:
      - '499'
      x-powered-by:
      - ASP.NET
    status:
      code: 200
      message: OK
- request:
    body: '{}'
    headers:
      Accept:
      - application/xml
      Accept-Encoding:
      - gzip, deflate
      CommandName:
      - webapp create
      Connection:
      - keep-alive
      Content-Length:
      - '2'
      Content-Type:
      - application/json; charset=utf-8
      ParameterSetName:
      - -g -n --plan
      User-Agent:
      - python/3.8.0 (Windows-10-10.0.18362-SP0) msrest/0.6.10 msrest_azure/0.6.2
        azure-mgmt-web/0.42.0 Azure-SDK-For-Python AZURECLI/2.0.77
      accept-language:
      - en-US
    method: POST
    uri: https://management.azure.com/subscriptions/00000000-0000-0000-0000-000000000000/resourceGroups/clitest.rg000001/providers/Microsoft.Web/sites/swiftwebapp000002/publishxml?api-version=2018-11-01
  response:
    body:
      string: <publishData><publishProfile profileName="swiftwebapp000002 - Web Deploy"
        publishMethod="MSDeploy" publishUrl="swiftwebapp000002.scm.azurewebsites.net:443"
        msdeploySite="swiftwebapp000002" userName="$swiftwebapp000002" userPWD="4Xi45mKnKkGiuCFKeYpsu4mmTjfwe1i1graPTL0wJrxqv3J66QtDgD8RfJBk"
        destinationAppUrl="http://swiftwebapp000002.azurewebsites.net" SQLServerDBConnectionString=""
        mySQLDBConnectionString="" hostingProviderForumLink="" controlPanelLink="http://windows.azure.com"
        webSystem="WebSites"><databases /></publishProfile><publishProfile profileName="swiftwebapp000002
        - FTP" publishMethod="FTP" publishUrl="ftp://waws-prod-bay-133.ftp.azurewebsites.windows.net/site/wwwroot"
        ftpPassiveMode="True" userName="swiftwebapp000002\$swiftwebapp000002" userPWD="4Xi45mKnKkGiuCFKeYpsu4mmTjfwe1i1graPTL0wJrxqv3J66QtDgD8RfJBk"
        destinationAppUrl="http://swiftwebapp000002.azurewebsites.net" SQLServerDBConnectionString=""
        mySQLDBConnectionString="" hostingProviderForumLink="" controlPanelLink="http://windows.azure.com"
        webSystem="WebSites"><databases /></publishProfile><publishProfile profileName="swiftwebapp000002
        - ReadOnly - FTP" publishMethod="FTP" publishUrl="ftp://waws-prod-bay-133dr.ftp.azurewebsites.windows.net/site/wwwroot"
        ftpPassiveMode="True" userName="swiftwebapp000002\$swiftwebapp000002" userPWD="4Xi45mKnKkGiuCFKeYpsu4mmTjfwe1i1graPTL0wJrxqv3J66QtDgD8RfJBk"
        destinationAppUrl="http://swiftwebapp000002.azurewebsites.net" SQLServerDBConnectionString=""
        mySQLDBConnectionString="" hostingProviderForumLink="" controlPanelLink="http://windows.azure.com"
        webSystem="WebSites"><databases /></publishProfile></publishData>
    headers:
      cache-control:
      - no-cache
      content-length:
      - '1730'
      content-type:
      - application/xml
      date:
      - Mon, 09 Dec 2019 21:29:49 GMT
      expires:
      - '-1'
      pragma:
      - no-cache
      server:
      - Microsoft-IIS/10.0
      strict-transport-security:
      - max-age=31536000; includeSubDomains
      x-aspnet-version:
      - 4.0.30319
      x-content-type-options:
      - nosniff
      x-ms-ratelimit-remaining-subscription-resource-requests:
      - '11999'
      x-powered-by:
      - ASP.NET
    status:
      code: 200
      message: OK
- request:
    body: null
    headers:
      Accept:
      - application/json
      Accept-Encoding:
      - gzip, deflate
      CommandName:
      - webapp vnet-integration add
      Connection:
      - keep-alive
      ParameterSetName:
      - -g -n --vnet --subnet
      User-Agent:
      - python/3.8.0 (Windows-10-10.0.18362-SP0) msrest/0.6.10 msrest_azure/0.6.2
        azure-mgmt-network/7.0.0 Azure-SDK-For-Python AZURECLI/2.0.77
      accept-language:
      - en-US
    method: GET
    uri: https://management.azure.com/subscriptions/00000000-0000-0000-0000-000000000000/providers/Microsoft.Network/virtualNetworks?api-version=2019-09-01
  response:
    body:
      string: '{"value":[{"name":"newVnet-external3","id":"/subscriptions/00000000-0000-0000-0000-000000000000/resourceGroups/allisonm-ase/providers/Microsoft.Network/virtualNetworks/newVnet-external3","etag":"W/\"ef1f59a9-7195-4de2-b8b8-d273ef4a0384\"","type":"Microsoft.Network/virtualNetworks","location":"westus","properties":{"provisioningState":"Succeeded","resourceGuid":"9dc8d4b9-165f-436d-be3d-5661b33beed0","addressSpace":{"addressPrefixes":["192.168.250.0/23"]},"subnets":[{"name":"subnet1","id":"/subscriptions/00000000-0000-0000-0000-000000000000/resourceGroups/allisonm-ase/providers/Microsoft.Network/virtualNetworks/newVnet-external3/subnets/subnet1","etag":"W/\"ef1f59a9-7195-4de2-b8b8-d273ef4a0384\"","properties":{"provisioningState":"Succeeded","addressPrefix":"192.168.250.0/24","networkSecurityGroup":{"id":"/subscriptions/00000000-0000-0000-0000-000000000000/resourceGroups/allisonm-ase/providers/Microsoft.Network/networkSecurityGroups/allisonm-external3-NSG"},"routeTable":{"id":"/subscriptions/00000000-0000-0000-0000-000000000000/resourceGroups/allisonm-ase/providers/Microsoft.Network/routeTables/allisonm-external3-Route-Table"},"resourceNavigationLinks":[{"name":"MicrosoftWeb_HostingEnvironments_allisonm-internal2","id":"/subscriptions/00000000-0000-0000-0000-000000000000/resourceGroups/allisonm-ase/providers/Microsoft.Network/virtualNetworks/newVnet-external3/subnets/subnet1/resourceNavigationLinks/MicrosoftWeb_HostingEnvironments_allisonm-internal2","etag":"W/\"ef1f59a9-7195-4de2-b8b8-d273ef4a0384\"","type":"Microsoft.Network/virtualNetworks/subnets/resourceNavigationLinks","properties":{"provisioningState":"Succeeded","linkedResourceType":"Microsoft.Web/hostingEnvironments","link":"/subscriptions/00000000-0000-0000-0000-000000000000/resourceGroups/allisonm-ase/providers/Microsoft.Web/hostingEnvironments/allisonm-internal2"}}],"delegations":[],"privateEndpointNetworkPolicies":"Enabled","privateLinkServiceNetworkPolicies":"Enabled"},"type":"Microsoft.Network/virtualNetworks/subnets"},{"name":"subnet2","id":"/subscriptions/00000000-0000-0000-0000-000000000000/resourceGroups/allisonm-ase/providers/Microsoft.Network/virtualNetworks/newVnet-external3/subnets/subnet2","etag":"W/\"ef1f59a9-7195-4de2-b8b8-d273ef4a0384\"","properties":{"provisioningState":"Succeeded","addressPrefix":"192.168.251.0/24","networkSecurityGroup":{"id":"/subscriptions/00000000-0000-0000-0000-000000000000/resourceGroups/allisonm-ase/providers/Microsoft.Network/networkSecurityGroups/asdf-NSG"},"routeTable":{"id":"/subscriptions/00000000-0000-0000-0000-000000000000/resourceGroups/allisonm-ase/providers/Microsoft.Network/routeTables/asdf-Route-Table"},"delegations":[],"privateEndpointNetworkPolicies":"Enabled","privateLinkServiceNetworkPolicies":"Enabled"},"type":"Microsoft.Network/virtualNetworks/subnets"}],"virtualNetworkPeerings":[],"enableDdosProtection":false,"enableVmProtection":false}},{"name":"swiftname000005","id":"/subscriptions/00000000-0000-0000-0000-000000000000/resourceGroups/clitest.rg000001/providers/Microsoft.Network/virtualNetworks/swiftname000005","etag":"W/\"993d1dc3-2548-4496-87d6-1e91f7ae7d30\"","type":"Microsoft.Network/virtualNetworks","location":"westus","tags":{},"properties":{"provisioningState":"Succeeded","resourceGuid":"ac222f9a-81ba-46ee-b35d-4a3fe4e8238a","addressSpace":{"addressPrefixes":["10.0.0.0/16"]},"dhcpOptions":{"dnsServers":[]},"subnets":[{"name":"swiftsubnet000004","id":"/subscriptions/00000000-0000-0000-0000-000000000000/resourceGroups/clitest.rg000001/providers/Microsoft.Network/virtualNetworks/swiftname000005/subnets/swiftsubnet000004","etag":"W/\"993d1dc3-2548-4496-87d6-1e91f7ae7d30\"","properties":{"provisioningState":"Succeeded","addressPrefix":"10.0.0.0/24","serviceEndpoints":[{"provisioningState":"Succeeded","service":"Microsoft.Storage","locations":["westus","eastus"]}],"delegations":[{"name":"0","id":"/subscriptions/00000000-0000-0000-0000-000000000000/resourceGroups/clitest.rg000001/providers/Microsoft.Network/virtualNetworks/swiftname000005/subnets/swiftsubnet000004/delegations/0","etag":"W/\"993d1dc3-2548-4496-87d6-1e91f7ae7d30\"","properties":{"provisioningState":"Succeeded","serviceName":"Microsoft.Web/serverfarms","actions":["Microsoft.Network/virtualNetworks/subnets/action"]},"type":"Microsoft.Network/virtualNetworks/subnets/delegations"}],"privateEndpointNetworkPolicies":"Enabled","privateLinkServiceNetworkPolicies":"Enabled"},"type":"Microsoft.Network/virtualNetworks/subnets"}],"virtualNetworkPeerings":[],"enableDdosProtection":false,"enableVmProtection":false}},{"name":"swiftnamewvqv7flcbly7loz","id":"/subscriptions/00000000-0000-0000-0000-000000000000/resourceGroups/clitest.rgyv73omak7vrxfbcepc2ctdtp3puero7lf7qdrtql4td3xvknrlrb3pqhqeawoqdhr/providers/Microsoft.Network/virtualNetworks/swiftnamewvqv7flcbly7loz","etag":"W/\"2e46a75c-448e-4a08-a3f9-7661a756eb1a\"","type":"Microsoft.Network/virtualNetworks","location":"westus","tags":{},"properties":{"provisioningState":"Succeeded","resourceGuid":"873493a3-a85b-4280-831c-c072030cf31f","addressSpace":{"addressPrefixes":["10.0.0.0/16"]},"dhcpOptions":{"dnsServers":[]},"subnets":[{"name":"swiftsubnetnor6jm3ssyqmj","id":"/subscriptions/00000000-0000-0000-0000-000000000000/resourceGroups/clitest.rgyv73omak7vrxfbcepc2ctdtp3puero7lf7qdrtql4td3xvknrlrb3pqhqeawoqdhr/providers/Microsoft.Network/virtualNetworks/swiftnamewvqv7flcbly7loz/subnets/swiftsubnetnor6jm3ssyqmj","etag":"W/\"2e46a75c-448e-4a08-a3f9-7661a756eb1a\"","properties":{"provisioningState":"Succeeded","addressPrefix":"10.0.0.0/24","delegations":[],"privateEndpointNetworkPolicies":"Enabled","privateLinkServiceNetworkPolicies":"Enabled"},"type":"Microsoft.Network/virtualNetworks/subnets"}],"virtualNetworkPeerings":[],"enableDdosProtection":false,"enableVmProtection":false}},{"name":"vnetInternal","id":"/subscriptions/00000000-0000-0000-0000-000000000000/resourceGroups/allisonm-ase/providers/Microsoft.Network/virtualNetworks/vnetInternal","etag":"W/\"a27102eb-1ce1-43f2-8a8d-7068f13ec2eb\"","type":"Microsoft.Network/virtualNetworks","location":"centralus","properties":{"provisioningState":"Succeeded","resourceGuid":"27d1b87c-380a-4c14-8d62-6e5d87a55f7f","addressSpace":{"addressPrefixes":["192.168.250.0/23"]},"subnets":[{"name":"subnetInternal","id":"/subscriptions/00000000-0000-0000-0000-000000000000/resourceGroups/allisonm-ase/providers/Microsoft.Network/virtualNetworks/vnetInternal/subnets/subnetInternal","etag":"W/\"a27102eb-1ce1-43f2-8a8d-7068f13ec2eb\"","properties":{"provisioningState":"Succeeded","addressPrefix":"192.168.250.0/23","networkSecurityGroup":{"id":"/subscriptions/00000000-0000-0000-0000-000000000000/resourceGroups/allisonm-ase/providers/Microsoft.Network/networkSecurityGroups/allisonm-internal-NSG"},"routeTable":{"id":"/subscriptions/00000000-0000-0000-0000-000000000000/resourceGroups/allisonm-ase/providers/Microsoft.Network/routeTables/allisonm-internal-Route-Table"},"resourceNavigationLinks":[{"name":"MicrosoftWeb_HostingEnvironments_allisonm-internal","id":"/subscriptions/00000000-0000-0000-0000-000000000000/resourceGroups/allisonm-ase/providers/Microsoft.Network/virtualNetworks/vnetInternal/subnets/subnetInternal/resourceNavigationLinks/MicrosoftWeb_HostingEnvironments_allisonm-internal","etag":"W/\"a27102eb-1ce1-43f2-8a8d-7068f13ec2eb\"","type":"Microsoft.Network/virtualNetworks/subnets/resourceNavigationLinks","properties":{"provisioningState":"Succeeded","linkedResourceType":"Microsoft.Web/hostingEnvironments","link":"/subscriptions/00000000-0000-0000-0000-000000000000/resourceGroups/allisonm-ase/providers/Microsoft.Web/hostingEnvironments/allisonm-internal"}}],"delegations":[],"privateEndpointNetworkPolicies":"Enabled","privateLinkServiceNetworkPolicies":"Enabled"},"type":"Microsoft.Network/virtualNetworks/subnets"}],"virtualNetworkPeerings":[],"enableDdosProtection":false,"enableVmProtection":false}},{"name":"allisonm-oldInternalVnet","id":"/subscriptions/00000000-0000-0000-0000-000000000000/resourceGroups/allisonm-ase/providers/Microsoft.Network/virtualNetworks/allisonm-oldInternalVnet","etag":"W/\"8b4fde82-4ce1-4639-9422-bb3a30f8c369\"","type":"Microsoft.Network/virtualNetworks","location":"westus2","properties":{"provisioningState":"Succeeded","resourceGuid":"20f7dd30-51dc-4935-9157-25a7b893f001","addressSpace":{"addressPrefixes":["192.168.250.0/23"]},"subnets":[{"name":"allisonm-oldInternalSubnet","id":"/subscriptions/00000000-0000-0000-0000-000000000000/resourceGroups/allisonm-ase/providers/Microsoft.Network/virtualNetworks/allisonm-oldInternalVnet/subnets/allisonm-oldInternalSubnet","etag":"W/\"8b4fde82-4ce1-4639-9422-bb3a30f8c369\"","properties":{"provisioningState":"Succeeded","addressPrefix":"192.168.250.0/23","networkSecurityGroup":{"id":"/subscriptions/00000000-0000-0000-0000-000000000000/resourceGroups/allisonm-ase/providers/Microsoft.Network/networkSecurityGroups/allisonm-internalOLD-NSG"},"routeTable":{"id":"/subscriptions/00000000-0000-0000-0000-000000000000/resourceGroups/allisonm-ase/providers/Microsoft.Network/routeTables/allisonm-internalOLD-Route-Table"},"resourceNavigationLinks":[{"name":"MicrosoftWeb_HostingEnvironments_allisonm-internalOLD","id":"/subscriptions/00000000-0000-0000-0000-000000000000/resourceGroups/allisonm-ase/providers/Microsoft.Network/virtualNetworks/allisonm-oldInternalVnet/subnets/allisonm-oldInternalSubnet/resourceNavigationLinks/MicrosoftWeb_HostingEnvironments_allisonm-internalOLD","etag":"W/\"8b4fde82-4ce1-4639-9422-bb3a30f8c369\"","type":"Microsoft.Network/virtualNetworks/subnets/resourceNavigationLinks","properties":{"provisioningState":"Succeeded","linkedResourceType":"Microsoft.Web/hostingEnvironments","link":"/subscriptions/00000000-0000-0000-0000-000000000000/resourceGroups/allisonm-ase/providers/Microsoft.Web/hostingEnvironments/allisonm-internalOLD"}}],"delegations":[],"privateEndpointNetworkPolicies":"Enabled","privateLinkServiceNetworkPolicies":"Enabled"},"type":"Microsoft.Network/virtualNetworks/subnets"}],"virtualNetworkPeerings":[],"enableDdosProtection":false,"enableVmProtection":false}},{"name":"EmptyVnet","id":"/subscriptions/00000000-0000-0000-0000-000000000000/resourceGroups/allisonm-ase/providers/Microsoft.Network/virtualNetworks/EmptyVnet","etag":"W/\"d975312b-05e2-4d23-8e9f-2181c9914b2b\"","type":"Microsoft.Network/virtualNetworks","location":"westus2","properties":{"provisioningState":"Succeeded","resourceGuid":"4b2ce537-30b1-4e90-aee8-289e2b4edea9","addressSpace":{"addressPrefixes":["10.0.0.0/16"]},"subnets":[{"name":"default","id":"/subscriptions/00000000-0000-0000-0000-000000000000/resourceGroups/allisonm-ase/providers/Microsoft.Network/virtualNetworks/EmptyVnet/subnets/default","etag":"W/\"d975312b-05e2-4d23-8e9f-2181c9914b2b\"","properties":{"provisioningState":"Succeeded","addressPrefix":"10.0.0.0/24","networkSecurityGroup":{"id":"/subscriptions/00000000-0000-0000-0000-000000000000/resourceGroups/cleanupservice/providers/Microsoft.Network/networkSecurityGroups/rg-cleanupservice-nsg"},"resourceNavigationLinks":[{"name":"MicrosoftWeb_HostingEnvironments_allisonm-external","id":"/subscriptions/00000000-0000-0000-0000-000000000000/resourceGroups/allisonm-ase/providers/Microsoft.Network/virtualNetworks/EmptyVnet/subnets/default/resourceNavigationLinks/MicrosoftWeb_HostingEnvironments_allisonm-external","etag":"W/\"d975312b-05e2-4d23-8e9f-2181c9914b2b\"","type":"Microsoft.Network/virtualNetworks/subnets/resourceNavigationLinks","properties":{"provisioningState":"Succeeded","linkedResourceType":"Microsoft.Web/hostingEnvironments","link":"/subscriptions/00000000-0000-0000-0000-000000000000/resourceGroups/allisonm-ase/providers/Microsoft.Web/hostingEnvironments/allisonm-external"}}],"delegations":[],"privateEndpointNetworkPolicies":"Enabled","privateLinkServiceNetworkPolicies":"Enabled"},"type":"Microsoft.Network/virtualNetworks/subnets"}],"virtualNetworkPeerings":[],"enableDdosProtection":false,"enableVmProtection":false}},{"name":"newVnet","id":"/subscriptions/00000000-0000-0000-0000-000000000000/resourceGroups/allisonm-ase/providers/Microsoft.Network/virtualNetworks/newVnet","etag":"W/\"fd4983e0-3d2b-4c0f-a324-020b044a0bdf\"","type":"Microsoft.Network/virtualNetworks","location":"westus2","properties":{"provisioningState":"Succeeded","resourceGuid":"112b6ba5-2abb-41dd-a08c-041eb749da35","addressSpace":{"addressPrefixes":["192.168.250.0/23"]},"subnets":[{"name":"newSubnet","id":"/subscriptions/00000000-0000-0000-0000-000000000000/resourceGroups/allisonm-ase/providers/Microsoft.Network/virtualNetworks/newVnet/subnets/newSubnet","etag":"W/\"fd4983e0-3d2b-4c0f-a324-020b044a0bdf\"","properties":{"provisioningState":"Succeeded","addressPrefix":"192.168.250.0/24","networkSecurityGroup":{"id":"/subscriptions/00000000-0000-0000-0000-000000000000/resourceGroups/allisonm-ase/providers/Microsoft.Network/networkSecurityGroups/allisonm-external2-NSG"},"routeTable":{"id":"/subscriptions/00000000-0000-0000-0000-000000000000/resourceGroups/allisonm-ase/providers/Microsoft.Network/routeTables/allisonm-external2-Route-Table"},"delegations":[],"privateEndpointNetworkPolicies":"Enabled","privateLinkServiceNetworkPolicies":"Enabled"},"type":"Microsoft.Network/virtualNetworks/subnets"}],"virtualNetworkPeerings":[],"enableDdosProtection":false,"enableVmProtection":false}},{"name":"workshopVnet","id":"/subscriptions/00000000-0000-0000-0000-000000000000/resourceGroups/allisonm-cee/providers/Microsoft.Network/virtualNetworks/workshopVnet","etag":"W/\"d8508cdf-67aa-4951-9aad-e7b448f430fb\"","type":"Microsoft.Network/virtualNetworks","location":"westus2","tags":{"displayName":"vNet"},"properties":{"provisioningState":"Succeeded","resourceGuid":"d2988bed-e211-47b1-9d11-537e161767e6","addressSpace":{"addressPrefixes":["10.0.0.0/16"]},"subnets":[{"name":"Subnet-1","id":"/subscriptions/00000000-0000-0000-0000-000000000000/resourceGroups/allisonm-cee/providers/Microsoft.Network/virtualNetworks/workshopVnet/subnets/Subnet-1","etag":"W/\"d8508cdf-67aa-4951-9aad-e7b448f430fb\"","properties":{"provisioningState":"Succeeded","addressPrefix":"10.0.0.0/24","networkSecurityGroup":{"id":"/subscriptions/00000000-0000-0000-0000-000000000000/resourceGroups/cleanupservice/providers/Microsoft.Network/networkSecurityGroups/rg-cleanupservice-nsg"},"ipConfigurations":[{"id":"/subscriptions/00000000-0000-0000-0000-000000000000/resourceGroups/allisonm-cee/providers/Microsoft.Network/networkInterfaces/vmweb01NetworkInterface/ipConfigurations/ipconfig1"},{"id":"/subscriptions/00000000-0000-0000-0000-000000000000/resourceGroups/allisonm-cee/providers/Microsoft.Network/networkInterfaces/vmsql01NetworkInterface/ipConfigurations/ipconfig1"}],"delegations":[],"privateEndpointNetworkPolicies":"Enabled","privateLinkServiceNetworkPolicies":"Enabled"},"type":"Microsoft.Network/virtualNetworks/subnets"}],"virtualNetworkPeerings":[],"enableDdosProtection":false,"enableVmProtection":false}},{"name":"workshopVnet","id":"/subscriptions/00000000-0000-0000-0000-000000000000/resourceGroups/allisonm-prague/providers/Microsoft.Network/virtualNetworks/workshopVnet","etag":"W/\"51e7def8-19f6-4f24-9962-ac7b579a3069\"","type":"Microsoft.Network/virtualNetworks","location":"westus2","tags":{"displayName":"vNet"},"properties":{"provisioningState":"Succeeded","resourceGuid":"0bfa7760-f66a-4f86-bbd2-b8d0a7ec99e2","addressSpace":{"addressPrefixes":["10.0.0.0/16"]},"subnets":[{"name":"Subnet-1","id":"/subscriptions/00000000-0000-0000-0000-000000000000/resourceGroups/allisonm-prague/providers/Microsoft.Network/virtualNetworks/workshopVnet/subnets/Subnet-1","etag":"W/\"51e7def8-19f6-4f24-9962-ac7b579a3069\"","properties":{"provisioningState":"Succeeded","addressPrefix":"10.0.0.0/24","networkSecurityGroup":{"id":"/subscriptions/00000000-0000-0000-0000-000000000000/resourceGroups/cleanupservice/providers/Microsoft.Network/networkSecurityGroups/rg-cleanupservice-nsg"},"ipConfigurations":[{"id":"/subscriptions/00000000-0000-0000-0000-000000000000/resourceGroups/allisonm-prague/providers/Microsoft.Network/networkInterfaces/vmweb01NetworkInterface/ipConfigurations/ipconfig1"},{"id":"/subscriptions/00000000-0000-0000-0000-000000000000/resourceGroups/allisonm-prague/providers/Microsoft.Network/networkInterfaces/vmsql01NetworkInterface/ipConfigurations/ipconfig1"},{"id":"/subscriptions/00000000-0000-0000-0000-000000000000/resourceGroups/allisonm-prague/providers/Microsoft.Network/networkInterfaces/vmdev01NetworkInterface/ipConfigurations/ipconfig1"}],"delegations":[],"privateEndpointNetworkPolicies":"Enabled","privateLinkServiceNetworkPolicies":"Enabled"},"type":"Microsoft.Network/virtualNetworks/subnets"}],"virtualNetworkPeerings":[],"enableDdosProtection":false,"enableVmProtection":false}}]}'
    headers:
      cache-control:
      - no-cache
      content-length:
      - '16972'
      content-type:
      - application/json; charset=utf-8
      date:
      - Mon, 09 Dec 2019 21:29:49 GMT
      expires:
      - '-1'
      pragma:
      - no-cache
      strict-transport-security:
      - max-age=31536000; includeSubDomains
      vary:
      - Accept-Encoding
      x-content-type-options:
      - nosniff
      x-ms-original-request-ids:
      - e9a497a9-ff3e-47db-91c2-883969570acd
      - 0cb8b6c0-a238-4e61-96cc-0e7680555bec
      - 9ecd09d8-d06f-4174-ae58-e87c4495fba5
    status:
      code: 200
      message: OK
- request:
    body: null
    headers:
      Accept:
      - application/json
      Accept-Encoding:
      - gzip, deflate
      CommandName:
      - webapp vnet-integration add
      Connection:
      - keep-alive
      ParameterSetName:
      - -g -n --vnet --subnet
      User-Agent:
      - python/3.8.0 (Windows-10-10.0.18362-SP0) msrest/0.6.10 msrest_azure/0.6.2
        azure-mgmt-web/0.42.0 Azure-SDK-For-Python AZURECLI/2.0.77
      accept-language:
      - en-US
    method: GET
    uri: https://management.azure.com/subscriptions/00000000-0000-0000-0000-000000000000/resourceGroups/clitest.rg000001/providers/Microsoft.Web/sites/swiftwebapp000002?api-version=2018-11-01
  response:
    body:
      string: '{"id":"/subscriptions/00000000-0000-0000-0000-000000000000/resourceGroups/clitest.rg000001/providers/Microsoft.Web/sites/swiftwebapp000002","name":"swiftwebapp000002","type":"Microsoft.Web/sites","kind":"app","location":"West
        US","properties":{"name":"swiftwebapp000002","state":"Running","hostNames":["swiftwebapp000002.azurewebsites.net"],"webSpace":"clitest.rg000001-WestUSwebspace","selfLink":"https://waws-prod-bay-133.api.azurewebsites.windows.net:454/subscriptions/00000000-0000-0000-0000-000000000000/webspaces/clitest.rg000001-WestUSwebspace/sites/swiftwebapp000002","repositorySiteName":"swiftwebapp000002","owner":null,"usageState":"Normal","enabled":true,"adminEnabled":true,"enabledHostNames":["swiftwebapp000002.azurewebsites.net","swiftwebapp000002.scm.azurewebsites.net"],"siteProperties":{"metadata":null,"properties":[{"name":"LinuxFxVersion","value":""},{"name":"WindowsFxVersion","value":null}],"appSettings":null},"availabilityState":"Normal","sslCertificates":null,"csrs":[],"cers":null,"siteMode":null,"hostNameSslStates":[{"name":"swiftwebapp000002.azurewebsites.net","sslState":"Disabled","ipBasedSslResult":null,"virtualIP":null,"thumbprint":null,"toUpdate":null,"toUpdateIpBasedSsl":null,"ipBasedSslState":"NotConfigured","hostType":"Standard"},{"name":"swiftwebapp000002.scm.azurewebsites.net","sslState":"Disabled","ipBasedSslResult":null,"virtualIP":null,"thumbprint":null,"toUpdate":null,"toUpdateIpBasedSsl":null,"ipBasedSslState":"NotConfigured","hostType":"Repository"}],"computeMode":null,"serverFarm":null,"serverFarmId":"/subscriptions/00000000-0000-0000-0000-000000000000/resourceGroups/clitest.rg000001/providers/Microsoft.Web/serverfarms/swiftplan000003","reserved":false,"isXenon":false,"hyperV":false,"lastModifiedTimeUtc":"2019-12-09T21:29:32.11","storageRecoveryDefaultState":"Running","contentAvailabilityState":"Normal","runtimeAvailabilityState":"Normal","siteConfig":null,"deploymentId":"swiftwebapp000002","trafficManagerHostNames":null,"sku":"PremiumV2","scmSiteAlsoStopped":false,"targetSwapSlot":null,"hostingEnvironment":null,"hostingEnvironmentProfile":null,"clientAffinityEnabled":true,"clientCertEnabled":false,"clientCertExclusionPaths":null,"hostNamesDisabled":false,"domainVerificationIdentifiers":null,"customDomainVerificationId":"692CD593B745023401D4384CEF4AF82C933128275ACA8F1794D17EEC05BB9AAA","kind":"app","inboundIpAddress":"40.112.243.5","possibleInboundIpAddresses":"40.112.243.5","outboundIpAddresses":"23.99.67.170,104.210.54.177,104.45.237.237,23.99.68.138,137.117.12.227","possibleOutboundIpAddresses":"40.112.243.5,168.61.67.173,137.117.16.243,23.100.47.193,104.42.125.202,23.99.67.170,104.210.54.177,104.45.237.237,23.99.68.138,137.117.12.227","containerSize":0,"dailyMemoryTimeQuota":0,"suspendedTill":null,"siteDisabledReason":0,"functionExecutionUnitsCache":null,"maxNumberOfWorkers":null,"homeStamp":"waws-prod-bay-133","cloningInfo":null,"hostingEnvironmentId":null,"tags":null,"resourceGroup":"clitest.rg000001","defaultHostName":"swiftwebapp000002.azurewebsites.net","slotSwapStatus":null,"httpsOnly":false,"redundancyMode":"None","inProgressOperationId":null,"geoDistributions":null,"privateEndpointConnections":[],"buildVersion":null,"targetBuildVersion":null}}'
    headers:
      cache-control:
      - no-cache
      content-length:
      - '3632'
      content-type:
      - application/json
      date:
      - Mon, 09 Dec 2019 21:29:49 GMT
      etag:
      - '"1D5AED7BEE3CEE0"'
      expires:
      - '-1'
      pragma:
      - no-cache
      server:
      - Microsoft-IIS/10.0
      strict-transport-security:
      - max-age=31536000; includeSubDomains
      transfer-encoding:
      - chunked
      vary:
      - Accept-Encoding
      x-aspnet-version:
      - 4.0.30319
      x-content-type-options:
      - nosniff
      x-powered-by:
      - ASP.NET
    status:
      code: 200
      message: OK
- request:
    body: null
    headers:
      Accept:
      - application/json
      Accept-Encoding:
      - gzip, deflate
      CommandName:
      - webapp vnet-integration add
      Connection:
      - keep-alive
      ParameterSetName:
      - -g -n --vnet --subnet
      User-Agent:
      - python/3.8.0 (Windows-10-10.0.18362-SP0) msrest/0.6.10 msrest_azure/0.6.2
        azure-mgmt-network/7.0.0 Azure-SDK-For-Python AZURECLI/2.0.77
      accept-language:
      - en-US
    method: GET
    uri: https://management.azure.com/subscriptions/00000000-0000-0000-0000-000000000000/providers/Microsoft.Network/virtualNetworks?api-version=2019-09-01
  response:
    body:
      string: '{"value":[{"name":"newVnet-external3","id":"/subscriptions/00000000-0000-0000-0000-000000000000/resourceGroups/allisonm-ase/providers/Microsoft.Network/virtualNetworks/newVnet-external3","etag":"W/\"ef1f59a9-7195-4de2-b8b8-d273ef4a0384\"","type":"Microsoft.Network/virtualNetworks","location":"westus","properties":{"provisioningState":"Succeeded","resourceGuid":"9dc8d4b9-165f-436d-be3d-5661b33beed0","addressSpace":{"addressPrefixes":["192.168.250.0/23"]},"subnets":[{"name":"subnet1","id":"/subscriptions/00000000-0000-0000-0000-000000000000/resourceGroups/allisonm-ase/providers/Microsoft.Network/virtualNetworks/newVnet-external3/subnets/subnet1","etag":"W/\"ef1f59a9-7195-4de2-b8b8-d273ef4a0384\"","properties":{"provisioningState":"Succeeded","addressPrefix":"192.168.250.0/24","networkSecurityGroup":{"id":"/subscriptions/00000000-0000-0000-0000-000000000000/resourceGroups/allisonm-ase/providers/Microsoft.Network/networkSecurityGroups/allisonm-external3-NSG"},"routeTable":{"id":"/subscriptions/00000000-0000-0000-0000-000000000000/resourceGroups/allisonm-ase/providers/Microsoft.Network/routeTables/allisonm-external3-Route-Table"},"resourceNavigationLinks":[{"name":"MicrosoftWeb_HostingEnvironments_allisonm-internal2","id":"/subscriptions/00000000-0000-0000-0000-000000000000/resourceGroups/allisonm-ase/providers/Microsoft.Network/virtualNetworks/newVnet-external3/subnets/subnet1/resourceNavigationLinks/MicrosoftWeb_HostingEnvironments_allisonm-internal2","etag":"W/\"ef1f59a9-7195-4de2-b8b8-d273ef4a0384\"","type":"Microsoft.Network/virtualNetworks/subnets/resourceNavigationLinks","properties":{"provisioningState":"Succeeded","linkedResourceType":"Microsoft.Web/hostingEnvironments","link":"/subscriptions/00000000-0000-0000-0000-000000000000/resourceGroups/allisonm-ase/providers/Microsoft.Web/hostingEnvironments/allisonm-internal2"}}],"delegations":[],"privateEndpointNetworkPolicies":"Enabled","privateLinkServiceNetworkPolicies":"Enabled"},"type":"Microsoft.Network/virtualNetworks/subnets"},{"name":"subnet2","id":"/subscriptions/00000000-0000-0000-0000-000000000000/resourceGroups/allisonm-ase/providers/Microsoft.Network/virtualNetworks/newVnet-external3/subnets/subnet2","etag":"W/\"ef1f59a9-7195-4de2-b8b8-d273ef4a0384\"","properties":{"provisioningState":"Succeeded","addressPrefix":"192.168.251.0/24","networkSecurityGroup":{"id":"/subscriptions/00000000-0000-0000-0000-000000000000/resourceGroups/allisonm-ase/providers/Microsoft.Network/networkSecurityGroups/asdf-NSG"},"routeTable":{"id":"/subscriptions/00000000-0000-0000-0000-000000000000/resourceGroups/allisonm-ase/providers/Microsoft.Network/routeTables/asdf-Route-Table"},"delegations":[],"privateEndpointNetworkPolicies":"Enabled","privateLinkServiceNetworkPolicies":"Enabled"},"type":"Microsoft.Network/virtualNetworks/subnets"}],"virtualNetworkPeerings":[],"enableDdosProtection":false,"enableVmProtection":false}},{"name":"swiftname000005","id":"/subscriptions/00000000-0000-0000-0000-000000000000/resourceGroups/clitest.rg000001/providers/Microsoft.Network/virtualNetworks/swiftname000005","etag":"W/\"993d1dc3-2548-4496-87d6-1e91f7ae7d30\"","type":"Microsoft.Network/virtualNetworks","location":"westus","tags":{},"properties":{"provisioningState":"Succeeded","resourceGuid":"ac222f9a-81ba-46ee-b35d-4a3fe4e8238a","addressSpace":{"addressPrefixes":["10.0.0.0/16"]},"dhcpOptions":{"dnsServers":[]},"subnets":[{"name":"swiftsubnet000004","id":"/subscriptions/00000000-0000-0000-0000-000000000000/resourceGroups/clitest.rg000001/providers/Microsoft.Network/virtualNetworks/swiftname000005/subnets/swiftsubnet000004","etag":"W/\"993d1dc3-2548-4496-87d6-1e91f7ae7d30\"","properties":{"provisioningState":"Succeeded","addressPrefix":"10.0.0.0/24","serviceEndpoints":[{"provisioningState":"Succeeded","service":"Microsoft.Storage","locations":["westus","eastus"]}],"delegations":[{"name":"0","id":"/subscriptions/00000000-0000-0000-0000-000000000000/resourceGroups/clitest.rg000001/providers/Microsoft.Network/virtualNetworks/swiftname000005/subnets/swiftsubnet000004/delegations/0","etag":"W/\"993d1dc3-2548-4496-87d6-1e91f7ae7d30\"","properties":{"provisioningState":"Succeeded","serviceName":"Microsoft.Web/serverfarms","actions":["Microsoft.Network/virtualNetworks/subnets/action"]},"type":"Microsoft.Network/virtualNetworks/subnets/delegations"}],"privateEndpointNetworkPolicies":"Enabled","privateLinkServiceNetworkPolicies":"Enabled"},"type":"Microsoft.Network/virtualNetworks/subnets"}],"virtualNetworkPeerings":[],"enableDdosProtection":false,"enableVmProtection":false}},{"name":"swiftnamewvqv7flcbly7loz","id":"/subscriptions/00000000-0000-0000-0000-000000000000/resourceGroups/clitest.rgyv73omak7vrxfbcepc2ctdtp3puero7lf7qdrtql4td3xvknrlrb3pqhqeawoqdhr/providers/Microsoft.Network/virtualNetworks/swiftnamewvqv7flcbly7loz","etag":"W/\"d377488f-ae08-47e7-8f16-149f7c51f99c\"","type":"Microsoft.Network/virtualNetworks","location":"westus","tags":{},"properties":{"provisioningState":"Succeeded","resourceGuid":"873493a3-a85b-4280-831c-c072030cf31f","addressSpace":{"addressPrefixes":["10.0.0.0/16"]},"dhcpOptions":{"dnsServers":[]},"subnets":[{"name":"swiftsubnetnor6jm3ssyqmj","id":"/subscriptions/00000000-0000-0000-0000-000000000000/resourceGroups/clitest.rgyv73omak7vrxfbcepc2ctdtp3puero7lf7qdrtql4td3xvknrlrb3pqhqeawoqdhr/providers/Microsoft.Network/virtualNetworks/swiftnamewvqv7flcbly7loz/subnets/swiftsubnetnor6jm3ssyqmj","etag":"W/\"d377488f-ae08-47e7-8f16-149f7c51f99c\"","properties":{"provisioningState":"Succeeded","addressPrefix":"10.0.0.0/24","delegations":[{"name":"delegation","id":"/subscriptions/00000000-0000-0000-0000-000000000000/resourceGroups/clitest.rgyv73omak7vrxfbcepc2ctdtp3puero7lf7qdrtql4td3xvknrlrb3pqhqeawoqdhr/providers/Microsoft.Network/virtualNetworks/swiftnamewvqv7flcbly7loz/subnets/swiftsubnetnor6jm3ssyqmj/delegations/delegation","etag":"W/\"d377488f-ae08-47e7-8f16-149f7c51f99c\"","properties":{"provisioningState":"Succeeded","serviceName":"Microsoft.Web/serverFarms","actions":["Microsoft.Network/virtualNetworks/subnets/action"]},"type":"Microsoft.Network/virtualNetworks/subnets/delegations"}],"privateEndpointNetworkPolicies":"Enabled","privateLinkServiceNetworkPolicies":"Enabled"},"type":"Microsoft.Network/virtualNetworks/subnets"}],"virtualNetworkPeerings":[],"enableDdosProtection":false,"enableVmProtection":false}},{"name":"vnetInternal","id":"/subscriptions/00000000-0000-0000-0000-000000000000/resourceGroups/allisonm-ase/providers/Microsoft.Network/virtualNetworks/vnetInternal","etag":"W/\"a27102eb-1ce1-43f2-8a8d-7068f13ec2eb\"","type":"Microsoft.Network/virtualNetworks","location":"centralus","properties":{"provisioningState":"Succeeded","resourceGuid":"27d1b87c-380a-4c14-8d62-6e5d87a55f7f","addressSpace":{"addressPrefixes":["192.168.250.0/23"]},"subnets":[{"name":"subnetInternal","id":"/subscriptions/00000000-0000-0000-0000-000000000000/resourceGroups/allisonm-ase/providers/Microsoft.Network/virtualNetworks/vnetInternal/subnets/subnetInternal","etag":"W/\"a27102eb-1ce1-43f2-8a8d-7068f13ec2eb\"","properties":{"provisioningState":"Succeeded","addressPrefix":"192.168.250.0/23","networkSecurityGroup":{"id":"/subscriptions/00000000-0000-0000-0000-000000000000/resourceGroups/allisonm-ase/providers/Microsoft.Network/networkSecurityGroups/allisonm-internal-NSG"},"routeTable":{"id":"/subscriptions/00000000-0000-0000-0000-000000000000/resourceGroups/allisonm-ase/providers/Microsoft.Network/routeTables/allisonm-internal-Route-Table"},"resourceNavigationLinks":[{"name":"MicrosoftWeb_HostingEnvironments_allisonm-internal","id":"/subscriptions/00000000-0000-0000-0000-000000000000/resourceGroups/allisonm-ase/providers/Microsoft.Network/virtualNetworks/vnetInternal/subnets/subnetInternal/resourceNavigationLinks/MicrosoftWeb_HostingEnvironments_allisonm-internal","etag":"W/\"a27102eb-1ce1-43f2-8a8d-7068f13ec2eb\"","type":"Microsoft.Network/virtualNetworks/subnets/resourceNavigationLinks","properties":{"provisioningState":"Succeeded","linkedResourceType":"Microsoft.Web/hostingEnvironments","link":"/subscriptions/00000000-0000-0000-0000-000000000000/resourceGroups/allisonm-ase/providers/Microsoft.Web/hostingEnvironments/allisonm-internal"}}],"delegations":[],"privateEndpointNetworkPolicies":"Enabled","privateLinkServiceNetworkPolicies":"Enabled"},"type":"Microsoft.Network/virtualNetworks/subnets"}],"virtualNetworkPeerings":[],"enableDdosProtection":false,"enableVmProtection":false}},{"name":"allisonm-oldInternalVnet","id":"/subscriptions/00000000-0000-0000-0000-000000000000/resourceGroups/allisonm-ase/providers/Microsoft.Network/virtualNetworks/allisonm-oldInternalVnet","etag":"W/\"8b4fde82-4ce1-4639-9422-bb3a30f8c369\"","type":"Microsoft.Network/virtualNetworks","location":"westus2","properties":{"provisioningState":"Succeeded","resourceGuid":"20f7dd30-51dc-4935-9157-25a7b893f001","addressSpace":{"addressPrefixes":["192.168.250.0/23"]},"subnets":[{"name":"allisonm-oldInternalSubnet","id":"/subscriptions/00000000-0000-0000-0000-000000000000/resourceGroups/allisonm-ase/providers/Microsoft.Network/virtualNetworks/allisonm-oldInternalVnet/subnets/allisonm-oldInternalSubnet","etag":"W/\"8b4fde82-4ce1-4639-9422-bb3a30f8c369\"","properties":{"provisioningState":"Succeeded","addressPrefix":"192.168.250.0/23","networkSecurityGroup":{"id":"/subscriptions/00000000-0000-0000-0000-000000000000/resourceGroups/allisonm-ase/providers/Microsoft.Network/networkSecurityGroups/allisonm-internalOLD-NSG"},"routeTable":{"id":"/subscriptions/00000000-0000-0000-0000-000000000000/resourceGroups/allisonm-ase/providers/Microsoft.Network/routeTables/allisonm-internalOLD-Route-Table"},"resourceNavigationLinks":[{"name":"MicrosoftWeb_HostingEnvironments_allisonm-internalOLD","id":"/subscriptions/00000000-0000-0000-0000-000000000000/resourceGroups/allisonm-ase/providers/Microsoft.Network/virtualNetworks/allisonm-oldInternalVnet/subnets/allisonm-oldInternalSubnet/resourceNavigationLinks/MicrosoftWeb_HostingEnvironments_allisonm-internalOLD","etag":"W/\"8b4fde82-4ce1-4639-9422-bb3a30f8c369\"","type":"Microsoft.Network/virtualNetworks/subnets/resourceNavigationLinks","properties":{"provisioningState":"Succeeded","linkedResourceType":"Microsoft.Web/hostingEnvironments","link":"/subscriptions/00000000-0000-0000-0000-000000000000/resourceGroups/allisonm-ase/providers/Microsoft.Web/hostingEnvironments/allisonm-internalOLD"}}],"delegations":[],"privateEndpointNetworkPolicies":"Enabled","privateLinkServiceNetworkPolicies":"Enabled"},"type":"Microsoft.Network/virtualNetworks/subnets"}],"virtualNetworkPeerings":[],"enableDdosProtection":false,"enableVmProtection":false}},{"name":"EmptyVnet","id":"/subscriptions/00000000-0000-0000-0000-000000000000/resourceGroups/allisonm-ase/providers/Microsoft.Network/virtualNetworks/EmptyVnet","etag":"W/\"d975312b-05e2-4d23-8e9f-2181c9914b2b\"","type":"Microsoft.Network/virtualNetworks","location":"westus2","properties":{"provisioningState":"Succeeded","resourceGuid":"4b2ce537-30b1-4e90-aee8-289e2b4edea9","addressSpace":{"addressPrefixes":["10.0.0.0/16"]},"subnets":[{"name":"default","id":"/subscriptions/00000000-0000-0000-0000-000000000000/resourceGroups/allisonm-ase/providers/Microsoft.Network/virtualNetworks/EmptyVnet/subnets/default","etag":"W/\"d975312b-05e2-4d23-8e9f-2181c9914b2b\"","properties":{"provisioningState":"Succeeded","addressPrefix":"10.0.0.0/24","networkSecurityGroup":{"id":"/subscriptions/00000000-0000-0000-0000-000000000000/resourceGroups/cleanupservice/providers/Microsoft.Network/networkSecurityGroups/rg-cleanupservice-nsg"},"resourceNavigationLinks":[{"name":"MicrosoftWeb_HostingEnvironments_allisonm-external","id":"/subscriptions/00000000-0000-0000-0000-000000000000/resourceGroups/allisonm-ase/providers/Microsoft.Network/virtualNetworks/EmptyVnet/subnets/default/resourceNavigationLinks/MicrosoftWeb_HostingEnvironments_allisonm-external","etag":"W/\"d975312b-05e2-4d23-8e9f-2181c9914b2b\"","type":"Microsoft.Network/virtualNetworks/subnets/resourceNavigationLinks","properties":{"provisioningState":"Succeeded","linkedResourceType":"Microsoft.Web/hostingEnvironments","link":"/subscriptions/00000000-0000-0000-0000-000000000000/resourceGroups/allisonm-ase/providers/Microsoft.Web/hostingEnvironments/allisonm-external"}}],"delegations":[],"privateEndpointNetworkPolicies":"Enabled","privateLinkServiceNetworkPolicies":"Enabled"},"type":"Microsoft.Network/virtualNetworks/subnets"}],"virtualNetworkPeerings":[],"enableDdosProtection":false,"enableVmProtection":false}},{"name":"newVnet","id":"/subscriptions/00000000-0000-0000-0000-000000000000/resourceGroups/allisonm-ase/providers/Microsoft.Network/virtualNetworks/newVnet","etag":"W/\"fd4983e0-3d2b-4c0f-a324-020b044a0bdf\"","type":"Microsoft.Network/virtualNetworks","location":"westus2","properties":{"provisioningState":"Succeeded","resourceGuid":"112b6ba5-2abb-41dd-a08c-041eb749da35","addressSpace":{"addressPrefixes":["192.168.250.0/23"]},"subnets":[{"name":"newSubnet","id":"/subscriptions/00000000-0000-0000-0000-000000000000/resourceGroups/allisonm-ase/providers/Microsoft.Network/virtualNetworks/newVnet/subnets/newSubnet","etag":"W/\"fd4983e0-3d2b-4c0f-a324-020b044a0bdf\"","properties":{"provisioningState":"Succeeded","addressPrefix":"192.168.250.0/24","networkSecurityGroup":{"id":"/subscriptions/00000000-0000-0000-0000-000000000000/resourceGroups/allisonm-ase/providers/Microsoft.Network/networkSecurityGroups/allisonm-external2-NSG"},"routeTable":{"id":"/subscriptions/00000000-0000-0000-0000-000000000000/resourceGroups/allisonm-ase/providers/Microsoft.Network/routeTables/allisonm-external2-Route-Table"},"delegations":[],"privateEndpointNetworkPolicies":"Enabled","privateLinkServiceNetworkPolicies":"Enabled"},"type":"Microsoft.Network/virtualNetworks/subnets"}],"virtualNetworkPeerings":[],"enableDdosProtection":false,"enableVmProtection":false}},{"name":"workshopVnet","id":"/subscriptions/00000000-0000-0000-0000-000000000000/resourceGroups/allisonm-cee/providers/Microsoft.Network/virtualNetworks/workshopVnet","etag":"W/\"d8508cdf-67aa-4951-9aad-e7b448f430fb\"","type":"Microsoft.Network/virtualNetworks","location":"westus2","tags":{"displayName":"vNet"},"properties":{"provisioningState":"Succeeded","resourceGuid":"d2988bed-e211-47b1-9d11-537e161767e6","addressSpace":{"addressPrefixes":["10.0.0.0/16"]},"subnets":[{"name":"Subnet-1","id":"/subscriptions/00000000-0000-0000-0000-000000000000/resourceGroups/allisonm-cee/providers/Microsoft.Network/virtualNetworks/workshopVnet/subnets/Subnet-1","etag":"W/\"d8508cdf-67aa-4951-9aad-e7b448f430fb\"","properties":{"provisioningState":"Succeeded","addressPrefix":"10.0.0.0/24","networkSecurityGroup":{"id":"/subscriptions/00000000-0000-0000-0000-000000000000/resourceGroups/cleanupservice/providers/Microsoft.Network/networkSecurityGroups/rg-cleanupservice-nsg"},"ipConfigurations":[{"id":"/subscriptions/00000000-0000-0000-0000-000000000000/resourceGroups/allisonm-cee/providers/Microsoft.Network/networkInterfaces/vmweb01NetworkInterface/ipConfigurations/ipconfig1"},{"id":"/subscriptions/00000000-0000-0000-0000-000000000000/resourceGroups/allisonm-cee/providers/Microsoft.Network/networkInterfaces/vmsql01NetworkInterface/ipConfigurations/ipconfig1"}],"delegations":[],"privateEndpointNetworkPolicies":"Enabled","privateLinkServiceNetworkPolicies":"Enabled"},"type":"Microsoft.Network/virtualNetworks/subnets"}],"virtualNetworkPeerings":[],"enableDdosProtection":false,"enableVmProtection":false}},{"name":"workshopVnet","id":"/subscriptions/00000000-0000-0000-0000-000000000000/resourceGroups/allisonm-prague/providers/Microsoft.Network/virtualNetworks/workshopVnet","etag":"W/\"51e7def8-19f6-4f24-9962-ac7b579a3069\"","type":"Microsoft.Network/virtualNetworks","location":"westus2","tags":{"displayName":"vNet"},"properties":{"provisioningState":"Succeeded","resourceGuid":"0bfa7760-f66a-4f86-bbd2-b8d0a7ec99e2","addressSpace":{"addressPrefixes":["10.0.0.0/16"]},"subnets":[{"name":"Subnet-1","id":"/subscriptions/00000000-0000-0000-0000-000000000000/resourceGroups/allisonm-prague/providers/Microsoft.Network/virtualNetworks/workshopVnet/subnets/Subnet-1","etag":"W/\"51e7def8-19f6-4f24-9962-ac7b579a3069\"","properties":{"provisioningState":"Succeeded","addressPrefix":"10.0.0.0/24","networkSecurityGroup":{"id":"/subscriptions/00000000-0000-0000-0000-000000000000/resourceGroups/cleanupservice/providers/Microsoft.Network/networkSecurityGroups/rg-cleanupservice-nsg"},"ipConfigurations":[{"id":"/subscriptions/00000000-0000-0000-0000-000000000000/resourceGroups/allisonm-prague/providers/Microsoft.Network/networkInterfaces/vmweb01NetworkInterface/ipConfigurations/ipconfig1"},{"id":"/subscriptions/00000000-0000-0000-0000-000000000000/resourceGroups/allisonm-prague/providers/Microsoft.Network/networkInterfaces/vmsql01NetworkInterface/ipConfigurations/ipconfig1"},{"id":"/subscriptions/00000000-0000-0000-0000-000000000000/resourceGroups/allisonm-prague/providers/Microsoft.Network/networkInterfaces/vmdev01NetworkInterface/ipConfigurations/ipconfig1"}],"delegations":[],"privateEndpointNetworkPolicies":"Enabled","privateLinkServiceNetworkPolicies":"Enabled"},"type":"Microsoft.Network/virtualNetworks/subnets"}],"virtualNetworkPeerings":[],"enableDdosProtection":false,"enableVmProtection":false}}]}'
    headers:
      cache-control:
      - no-cache
      content-length:
      - '17535'
      content-type:
      - application/json; charset=utf-8
      date:
      - Mon, 09 Dec 2019 21:29:49 GMT
      expires:
      - '-1'
      pragma:
      - no-cache
      strict-transport-security:
      - max-age=31536000; includeSubDomains
      vary:
      - Accept-Encoding
      x-content-type-options:
      - nosniff
      x-ms-original-request-ids:
      - 68268285-55d0-4722-b7d8-8d4b06abb6ca
      - 4623503c-bf7e-402d-b7db-9afdeaaf0dba
      - 8993d1c0-4016-477e-aaa6-5a494244cc39
    status:
      code: 200
      message: OK
- request:
    body: null
    headers:
      Accept:
      - application/json
      Accept-Encoding:
      - gzip, deflate
      CommandName:
      - webapp vnet-integration add
      Connection:
      - keep-alive
      ParameterSetName:
      - -g -n --vnet --subnet
      User-Agent:
      - python/3.8.0 (Windows-10-10.0.18362-SP0) msrest/0.6.10 msrest_azure/0.6.2
        azure-mgmt-web/0.42.0 Azure-SDK-For-Python AZURECLI/2.0.77
      accept-language:
      - en-US
    method: GET
    uri: https://management.azure.com/subscriptions/00000000-0000-0000-0000-000000000000/resourceGroups/clitest.rg000001/providers/Microsoft.Web/sites/swiftwebapp000002/networkConfig/virtualNetwork?api-version=2018-11-01
  response:
    body:
      string: '{"id":"/subscriptions/00000000-0000-0000-0000-000000000000/resourceGroups/clitest.rg000001/providers/Microsoft.Web/sites/swiftwebapp000002/config/virtualNetwork","name":"virtualNetwork","type":"Microsoft.Web/sites/config","location":"West
        US","properties":{"subnetResourceId":null,"swiftSupported":true}}'
    headers:
      cache-control:
      - no-cache
      content-length:
      - '370'
      content-type:
      - application/json
      date:
      - Mon, 09 Dec 2019 21:29:50 GMT
      expires:
      - '-1'
      pragma:
      - no-cache
      server:
      - Microsoft-IIS/10.0
      strict-transport-security:
      - max-age=31536000; includeSubDomains
      transfer-encoding:
      - chunked
      vary:
      - Accept-Encoding
      x-aspnet-version:
      - 4.0.30319
      x-content-type-options:
      - nosniff
      x-powered-by:
      - ASP.NET
    status:
      code: 200
      message: OK
- request:
    body: null
    headers:
      Accept:
      - application/json
      Accept-Encoding:
      - gzip, deflate
      CommandName:
      - webapp vnet-integration add
      Connection:
      - keep-alive
      ParameterSetName:
      - -g -n --vnet --subnet
      User-Agent:
      - python/3.8.0 (Windows-10-10.0.18362-SP0) msrest/0.6.10 msrest_azure/0.6.2
        azure-mgmt-network/7.0.0 Azure-SDK-For-Python AZURECLI/2.0.77
      accept-language:
      - en-US
    method: GET
    uri: https://management.azure.com/subscriptions/00000000-0000-0000-0000-000000000000/resourceGroups/clitest.rg000001/providers/Microsoft.Network/virtualNetworks/swiftname000005/subnets/swiftsubnet000004?api-version=2019-09-01
  response:
    body:
      string: "{\r\n  \"name\": \"swiftsubnet000004\",\r\n  \"id\": \"/subscriptions/00000000-0000-0000-0000-000000000000/resourceGroups/clitest.rg000001/providers/Microsoft.Network/virtualNetworks/swiftname000005/subnets/swiftsubnet000004\",\r\n
        \ \"etag\": \"W/\\\"993d1dc3-2548-4496-87d6-1e91f7ae7d30\\\"\",\r\n  \"properties\":
        {\r\n    \"provisioningState\": \"Succeeded\",\r\n    \"addressPrefix\": \"10.0.0.0/24\",\r\n
        \   \"serviceEndpoints\": [\r\n      {\r\n        \"provisioningState\": \"Succeeded\",\r\n
        \       \"service\": \"Microsoft.Storage\",\r\n        \"locations\": [\r\n
        \         \"westus\",\r\n          \"eastus\"\r\n        ]\r\n      }\r\n
        \   ],\r\n    \"delegations\": [\r\n      {\r\n        \"name\": \"0\",\r\n
        \       \"id\": \"/subscriptions/00000000-0000-0000-0000-000000000000/resourceGroups/clitest.rg000001/providers/Microsoft.Network/virtualNetworks/swiftname000005/subnets/swiftsubnet000004/delegations/0\",\r\n
        \       \"etag\": \"W/\\\"993d1dc3-2548-4496-87d6-1e91f7ae7d30\\\"\",\r\n
        \       \"properties\": {\r\n          \"provisioningState\": \"Succeeded\",\r\n
        \         \"serviceName\": \"Microsoft.Web/serverfarms\",\r\n          \"actions\":
        [\r\n            \"Microsoft.Network/virtualNetworks/subnets/action\"\r\n
        \         ]\r\n        },\r\n        \"type\": \"Microsoft.Network/virtualNetworks/subnets/delegations\"\r\n
        \     }\r\n    ],\r\n    \"privateEndpointNetworkPolicies\": \"Enabled\",\r\n
        \   \"privateLinkServiceNetworkPolicies\": \"Enabled\"\r\n  },\r\n  \"type\":
        \"Microsoft.Network/virtualNetworks/subnets\"\r\n}"
    headers:
      cache-control:
      - no-cache
      content-length:
      - '1549'
      content-type:
      - application/json; charset=utf-8
      date:
      - Mon, 09 Dec 2019 21:29:49 GMT
      etag:
      - W/"993d1dc3-2548-4496-87d6-1e91f7ae7d30"
      expires:
      - '-1'
      pragma:
      - no-cache
      server:
      - Microsoft-HTTPAPI/2.0
      - Microsoft-HTTPAPI/2.0
      strict-transport-security:
      - max-age=31536000; includeSubDomains
      transfer-encoding:
      - chunked
      vary:
      - Accept-Encoding
      x-content-type-options:
      - nosniff
      x-ms-arm-service-request-id:
      - 0bdd5de9-a108-4520-8d7e-6e689b40e520
    status:
      code: 200
      message: OK
- request:
    body: null
    headers:
      Accept:
      - application/json
      Accept-Encoding:
      - gzip, deflate
      CommandName:
      - webapp vnet-integration add
      Connection:
      - keep-alive
      ParameterSetName:
      - -g -n --vnet --subnet
      User-Agent:
      - python/3.8.0 (Windows-10-10.0.18362-SP0) msrest/0.6.10 msrest_azure/0.6.2
        azure-mgmt-network/7.0.0 Azure-SDK-For-Python AZURECLI/2.0.77
      accept-language:
      - en-US
    method: GET
    uri: https://management.azure.com/subscriptions/00000000-0000-0000-0000-000000000000/resourceGroups/clitest.rg000001/providers/Microsoft.Network/virtualNetworks/swiftname000005/subnets/swiftsubnet000004?api-version=2019-09-01
  response:
    body:
      string: "{\r\n  \"name\": \"swiftsubnet000004\",\r\n  \"id\": \"/subscriptions/00000000-0000-0000-0000-000000000000/resourceGroups/clitest.rg000001/providers/Microsoft.Network/virtualNetworks/swiftname000005/subnets/swiftsubnet000004\",\r\n
        \ \"etag\": \"W/\\\"993d1dc3-2548-4496-87d6-1e91f7ae7d30\\\"\",\r\n  \"properties\":
        {\r\n    \"provisioningState\": \"Succeeded\",\r\n    \"addressPrefix\": \"10.0.0.0/24\",\r\n
        \   \"serviceEndpoints\": [\r\n      {\r\n        \"provisioningState\": \"Succeeded\",\r\n
        \       \"service\": \"Microsoft.Storage\",\r\n        \"locations\": [\r\n
        \         \"westus\",\r\n          \"eastus\"\r\n        ]\r\n      }\r\n
        \   ],\r\n    \"delegations\": [\r\n      {\r\n        \"name\": \"0\",\r\n
        \       \"id\": \"/subscriptions/00000000-0000-0000-0000-000000000000/resourceGroups/clitest.rg000001/providers/Microsoft.Network/virtualNetworks/swiftname000005/subnets/swiftsubnet000004/delegations/0\",\r\n
        \       \"etag\": \"W/\\\"993d1dc3-2548-4496-87d6-1e91f7ae7d30\\\"\",\r\n
        \       \"properties\": {\r\n          \"provisioningState\": \"Succeeded\",\r\n
        \         \"serviceName\": \"Microsoft.Web/serverfarms\",\r\n          \"actions\":
        [\r\n            \"Microsoft.Network/virtualNetworks/subnets/action\"\r\n
        \         ]\r\n        },\r\n        \"type\": \"Microsoft.Network/virtualNetworks/subnets/delegations\"\r\n
        \     }\r\n    ],\r\n    \"privateEndpointNetworkPolicies\": \"Enabled\",\r\n
        \   \"privateLinkServiceNetworkPolicies\": \"Enabled\"\r\n  },\r\n  \"type\":
        \"Microsoft.Network/virtualNetworks/subnets\"\r\n}"
    headers:
      cache-control:
      - no-cache
      content-length:
      - '1549'
      content-type:
      - application/json; charset=utf-8
      date:
      - Mon, 09 Dec 2019 21:29:49 GMT
      etag:
      - W/"993d1dc3-2548-4496-87d6-1e91f7ae7d30"
      expires:
      - '-1'
      pragma:
      - no-cache
      server:
      - Microsoft-HTTPAPI/2.0
      - Microsoft-HTTPAPI/2.0
      strict-transport-security:
      - max-age=31536000; includeSubDomains
      transfer-encoding:
      - chunked
      vary:
      - Accept-Encoding
      x-content-type-options:
      - nosniff
      x-ms-arm-service-request-id:
      - 5ef77efa-8141-42e9-a3b5-a437cd58f70d
    status:
      code: 200
      message: OK
- request:
    body: 'b''{"properties": {"subnetResourceId": "/subscriptions/00000000-0000-0000-0000-000000000000/resourceGroups/clitest.rg000001/providers/Microsoft.Network/virtualNetworks/swiftname000005/subnets/swiftsubnet000004",
      "swiftSupported": true}}'''
    headers:
      Accept:
      - application/json
      Accept-Encoding:
      - gzip, deflate
      CommandName:
      - webapp vnet-integration add
      Connection:
      - keep-alive
      Content-Length:
      - '308'
      Content-Type:
      - application/json; charset=utf-8
      ParameterSetName:
      - -g -n --vnet --subnet
      User-Agent:
      - python/3.8.0 (Windows-10-10.0.18362-SP0) msrest/0.6.10 msrest_azure/0.6.2
        azure-mgmt-web/0.42.0 Azure-SDK-For-Python AZURECLI/2.0.77
      accept-language:
      - en-US
    method: PUT
    uri: https://management.azure.com/subscriptions/00000000-0000-0000-0000-000000000000/resourceGroups/clitest.rg000001/providers/Microsoft.Web/sites/swiftwebapp000002/networkConfig/virtualNetwork?api-version=2018-11-01
  response:
    body:
      string: '{"id":"/subscriptions/00000000-0000-0000-0000-000000000000/resourceGroups/clitest.rg000001/providers/Microsoft.Web/sites/swiftwebapp000002/config/virtualNetwork","name":"virtualNetwork","type":"Microsoft.Web/sites/config","location":"West
        US","properties":{"subnetResourceId":"/subscriptions/00000000-0000-0000-0000-000000000000/resourceGroups/clitest.rg000001/providers/Microsoft.Network/virtualNetworks/swiftname000005/subnets/swiftsubnet000004","swiftSupported":true}}'
    headers:
      cache-control:
      - no-cache
      content-length:
      - '612'
      content-type:
      - application/json
      date:
      - Mon, 09 Dec 2019 21:29:51 GMT
      etag:
      - '"1D5AED7BEE3CEE0"'
      expires:
      - '-1'
      pragma:
      - no-cache
      server:
      - Microsoft-IIS/10.0
      strict-transport-security:
      - max-age=31536000; includeSubDomains
      transfer-encoding:
      - chunked
      vary:
      - Accept-Encoding
      x-aspnet-version:
      - 4.0.30319
      x-content-type-options:
      - nosniff
      x-ms-ratelimit-remaining-subscription-writes:
      - '1199'
      x-powered-by:
      - ASP.NET
    status:
      code: 200
      message: OK
- request:
    body: null
    headers:
      Accept:
      - application/json
      Accept-Encoding:
      - gzip, deflate
      CommandName:
      - webapp vnet-integration list
      Connection:
      - keep-alive
      ParameterSetName:
      - -g -n
      User-Agent:
      - python/3.8.0 (Windows-10-10.0.18362-SP0) msrest/0.6.10 msrest_azure/0.6.2
        azure-mgmt-web/0.42.0 Azure-SDK-For-Python AZURECLI/2.0.77
      accept-language:
      - en-US
    method: GET
    uri: https://management.azure.com/subscriptions/00000000-0000-0000-0000-000000000000/resourceGroups/clitest.rg000001/providers/Microsoft.Web/sites/swiftwebapp000002/virtualNetworkConnections?api-version=2018-11-01
  response:
    body:
      string: '[{"id":"/subscriptions/00000000-0000-0000-0000-000000000000/resourceGroups/clitest.rg000001/providers/Microsoft.Web/sites/swiftwebapp000002/virtualNetworkConnections/ac222f9a-81ba-46ee-b35d-4a3fe4e8238a_swiftsubnet000004","name":"ac222f9a-81ba-46ee-b35d-4a3fe4e8238a_swiftsubnet000004","type":"Microsoft.Web/sites/virtualNetworkConnections","location":"West
        US","properties":{"vnetResourceId":"/subscriptions/00000000-0000-0000-0000-000000000000/resourceGroups/clitest.rg000001/providers/Microsoft.Network/virtualNetworks/swiftname000005/subnets/swiftsubnet000004","certThumbprint":null,"certBlob":null,"routes":null,"resyncRequired":false,"dnsServers":null,"isSwift":true}}]'
    headers:
      cache-control:
      - no-cache
      content-length:
      - '830'
      content-type:
      - application/json
      date:
      - Mon, 09 Dec 2019 21:29:52 GMT
      expires:
      - '-1'
      pragma:
      - no-cache
      server:
      - Microsoft-IIS/10.0
      strict-transport-security:
      - max-age=31536000; includeSubDomains
      transfer-encoding:
      - chunked
      vary:
      - Accept-Encoding
      x-aspnet-version:
      - 4.0.30319
      x-content-type-options:
      - nosniff
      x-powered-by:
      - ASP.NET
    status:
      code: 200
      message: OK
- request:
    body: null
    headers:
      Accept:
      - application/json
      Accept-Encoding:
      - gzip, deflate
      CommandName:
      - network vnet subnet show
      Connection:
      - keep-alive
      ParameterSetName:
      - -g -n --vnet-name
      User-Agent:
      - python/3.8.0 (Windows-10-10.0.18362-SP0) msrest/0.6.10 msrest_azure/0.6.2
        azure-mgmt-network/7.0.0 Azure-SDK-For-Python AZURECLI/2.0.77
      accept-language:
      - en-US
    method: GET
    uri: https://management.azure.com/subscriptions/00000000-0000-0000-0000-000000000000/resourceGroups/clitest.rg000001/providers/Microsoft.Network/virtualNetworks/swiftname000005/subnets/swiftsubnet000004?api-version=2019-09-01
  response:
    body:
      string: "{\r\n  \"name\": \"swiftsubnet000004\",\r\n  \"id\": \"/subscriptions/00000000-0000-0000-0000-000000000000/resourceGroups/clitest.rg000001/providers/Microsoft.Network/virtualNetworks/swiftname000005/subnets/swiftsubnet000004\",\r\n
        \ \"etag\": \"W/\\\"12f5c92c-b55e-4154-8ca0-79d67b4e863b\\\"\",\r\n  \"properties\":
        {\r\n    \"provisioningState\": \"Succeeded\",\r\n    \"addressPrefix\": \"10.0.0.0/24\",\r\n
        \   \"serviceAssociationLinks\": [\r\n      {\r\n        \"name\": \"AppServiceLink\",\r\n
        \       \"id\": \"/subscriptions/00000000-0000-0000-0000-000000000000/resourceGroups/clitest.rg000001/providers/Microsoft.Network/virtualNetworks/swiftname000005/subnets/swiftsubnet000004/serviceAssociationLinks/AppServiceLink\",\r\n
        \       \"etag\": \"W/\\\"12f5c92c-b55e-4154-8ca0-79d67b4e863b\\\"\",\r\n
        \       \"type\": \"Microsoft.Network/virtualNetworks/subnets/serviceAssociationLinks\",\r\n
        \       \"properties\": {\r\n          \"provisioningState\": \"Succeeded\",\r\n
        \         \"linkedResourceType\": \"Microsoft.Web/serverfarms\",\r\n          \"link\":
        \"/subscriptions/00000000-0000-0000-0000-000000000000/resourceGroups/clitest.rg000001/providers/Microsoft.Web/serverfarms/swiftplan000003\",\r\n
        \         \"allowDelete\": false,\r\n          \"locations\": []\r\n        }\r\n
        \     }\r\n    ],\r\n    \"serviceEndpoints\": [\r\n      {\r\n        \"provisioningState\":
        \"Succeeded\",\r\n        \"service\": \"Microsoft.Storage\",\r\n        \"locations\":
        [\r\n          \"westus\",\r\n          \"eastus\"\r\n        ]\r\n      }\r\n
        \   ],\r\n    \"delegations\": [\r\n      {\r\n        \"name\": \"0\",\r\n
        \       \"id\": \"/subscriptions/00000000-0000-0000-0000-000000000000/resourceGroups/clitest.rg000001/providers/Microsoft.Network/virtualNetworks/swiftname000005/subnets/swiftsubnet000004/delegations/0\",\r\n
        \       \"etag\": \"W/\\\"12f5c92c-b55e-4154-8ca0-79d67b4e863b\\\"\",\r\n
        \       \"properties\": {\r\n          \"provisioningState\": \"Succeeded\",\r\n
        \         \"serviceName\": \"Microsoft.Web/serverfarms\",\r\n          \"actions\":
        [\r\n            \"Microsoft.Network/virtualNetworks/subnets/action\"\r\n
        \         ]\r\n        },\r\n        \"type\": \"Microsoft.Network/virtualNetworks/subnets/delegations\"\r\n
        \     }\r\n    ],\r\n    \"privateEndpointNetworkPolicies\": \"Enabled\",\r\n
        \   \"privateLinkServiceNetworkPolicies\": \"Enabled\"\r\n  },\r\n  \"type\":
        \"Microsoft.Network/virtualNetworks/subnets\"\r\n}"
    headers:
      cache-control:
      - no-cache
      content-length:
      - '2524'
      content-type:
      - application/json; charset=utf-8
      date:
      - Mon, 09 Dec 2019 21:29:52 GMT
      etag:
      - W/"12f5c92c-b55e-4154-8ca0-79d67b4e863b"
      expires:
      - '-1'
      pragma:
      - no-cache
      server:
      - Microsoft-HTTPAPI/2.0
      - Microsoft-HTTPAPI/2.0
      strict-transport-security:
      - max-age=31536000; includeSubDomains
      transfer-encoding:
      - chunked
      vary:
      - Accept-Encoding
      x-content-type-options:
      - nosniff
      x-ms-arm-service-request-id:
      - 61ee0059-315c-4bb0-a258-1832f230bd29
    status:
      code: 200
      message: OK
- request:
    body: null
    headers:
      Accept:
      - application/json
      Accept-Encoding:
      - gzip, deflate
      CommandName:
      - webapp vnet-integration remove
      Connection:
      - keep-alive
      Content-Length:
      - '0'
      ParameterSetName:
      - -g -n
      User-Agent:
      - python/3.8.0 (Windows-10-10.0.18362-SP0) msrest/0.6.10 msrest_azure/0.6.2
        azure-mgmt-web/0.42.0 Azure-SDK-For-Python AZURECLI/2.0.77
      accept-language:
      - en-US
    method: DELETE
    uri: https://management.azure.com/subscriptions/00000000-0000-0000-0000-000000000000/resourceGroups/clitest.rg000001/providers/Microsoft.Web/sites/swiftwebapp000002/networkConfig/virtualNetwork?api-version=2018-11-01
  response:
    body:
      string: ''
    headers:
      cache-control:
      - no-cache
      content-length:
      - '0'
      date:
      - Mon, 09 Dec 2019 21:30:40 GMT
      expires:
      - '-1'
      pragma:
      - no-cache
      server:
      - Microsoft-IIS/10.0
      strict-transport-security:
      - max-age=31536000; includeSubDomains
      x-aspnet-version:
      - 4.0.30319
      x-content-type-options:
      - nosniff
      x-ms-ratelimit-remaining-subscription-deletes:
      - '14999'
      x-powered-by:
      - ASP.NET
    status:
      code: 200
      message: OK
- request:
    body: null
    headers:
      Accept:
      - application/json
      Accept-Encoding:
      - gzip, deflate
      CommandName:
      - webapp vnet-integration list
      Connection:
      - keep-alive
      ParameterSetName:
      - -g -n
      User-Agent:
      - python/3.8.0 (Windows-10-10.0.18362-SP0) msrest/0.6.10 msrest_azure/0.6.2
        azure-mgmt-web/0.42.0 Azure-SDK-For-Python AZURECLI/2.0.77
      accept-language:
      - en-US
    method: GET
    uri: https://management.azure.com/subscriptions/00000000-0000-0000-0000-000000000000/resourceGroups/clitest.rg000001/providers/Microsoft.Web/sites/swiftwebapp000002/virtualNetworkConnections?api-version=2018-11-01
  response:
    body:
      string: '[]'
    headers:
      cache-control:
      - no-cache
      content-length:
      - '2'
      content-type:
      - application/json
      date:
      - Mon, 09 Dec 2019 21:30:41 GMT
      expires:
      - '-1'
      pragma:
      - no-cache
      server:
      - Microsoft-IIS/10.0
      strict-transport-security:
      - max-age=31536000; includeSubDomains
      transfer-encoding:
      - chunked
      vary:
      - Accept-Encoding
      x-aspnet-version:
      - 4.0.30319
      x-content-type-options:
      - nosniff
      x-powered-by:
      - ASP.NET
    status:
      code: 200
      message: OK
version: 1
