interactions:
- request:
    body: null
    headers:
      Accept:
      - application/json
      Accept-Encoding:
      - gzip, deflate
      CommandName:
      - network vnet create
      Connection:
      - keep-alive
      ParameterSetName:
      - -g -n --address-prefix --subnet-name --subnet-prefix
      User-Agent:
      - python/3.8.2 (macOS-10.16-x86_64-i386-64bit) msrest/0.6.21 msrest_azure/0.6.3
        azure-mgmt-resource/12.0.0 Azure-SDK-For-Python AZURECLI/2.21.0
      accept-language:
      - en-US
    method: GET
    uri: https://management.azure.com/subscriptions/00000000-0000-0000-0000-000000000000/resourcegroups/clitest.rg000001?api-version=2020-10-01
  response:
    body:
      string: '{"id":"/subscriptions/00000000-0000-0000-0000-000000000000/resourceGroups/clitest.rg000001","name":"clitest.rg000001","type":"Microsoft.Resources/resourceGroups","location":"japanwest","tags":{"product":"azurecli","cause":"automation","date":"2021-03-31T19:44:08Z"},"properties":{"provisioningState":"Succeeded"}}'
    headers:
      cache-control:
      - no-cache
      content-length:
      - '431'
      content-type:
      - application/json; charset=utf-8
      date:
      - Wed, 31 Mar 2021 19:44:17 GMT
      expires:
      - '-1'
      pragma:
      - no-cache
      strict-transport-security:
      - max-age=31536000; includeSubDomains
      vary:
      - Accept-Encoding
      x-content-type-options:
      - nosniff
    status:
      code: 200
      message: OK
- request:
    body: '{"location": "japanwest", "tags": {}, "properties": {"addressSpace": {"addressPrefixes":
      ["10.0.0.0/16"]}, "dhcpOptions": {}, "subnets": [{"name": "swiftsubnet000005",
      "properties": {"addressPrefix": "10.0.0.0/24"}}]}}'
    headers:
      Accept:
      - application/json
      Accept-Encoding:
      - gzip, deflate
      CommandName:
      - network vnet create
      Connection:
      - keep-alive
      Content-Length:
      - '225'
      Content-Type:
      - application/json
      ParameterSetName:
      - -g -n --address-prefix --subnet-name --subnet-prefix
      User-Agent:
      - AZURECLI/2.21.0 azsdk-python-azure-mgmt-network/18.0.0 Python/3.8.2 (macOS-10.16-x86_64-i386-64bit)
    method: PUT
    uri: https://management.azure.com/subscriptions/00000000-0000-0000-0000-000000000000/resourceGroups/clitest.rg000001/providers/Microsoft.Network/virtualNetworks/swiftname000007?api-version=2020-11-01
  response:
    body:
      string: "{\r\n  \"name\": \"swiftname000007\",\r\n  \"id\": \"/subscriptions/00000000-0000-0000-0000-000000000000/resourceGroups/clitest.rg000001/providers/Microsoft.Network/virtualNetworks/swiftname000007\",\r\n
        \ \"etag\": \"W/\\\"2146431d-13cf-403b-9854-97e1cde260e6\\\"\",\r\n  \"type\":
        \"Microsoft.Network/virtualNetworks\",\r\n  \"location\": \"japanwest\",\r\n
        \ \"tags\": {},\r\n  \"properties\": {\r\n    \"provisioningState\": \"Updating\",\r\n
        \   \"resourceGuid\": \"75319491-c41e-4187-bc3c-877fc900e14d\",\r\n    \"addressSpace\":
        {\r\n      \"addressPrefixes\": [\r\n        \"10.0.0.0/16\"\r\n      ]\r\n
        \   },\r\n    \"dhcpOptions\": {\r\n      \"dnsServers\": []\r\n    },\r\n
        \   \"subnets\": [\r\n      {\r\n        \"name\": \"swiftsubnet000005\",\r\n
        \       \"id\": \"/subscriptions/00000000-0000-0000-0000-000000000000/resourceGroups/clitest.rg000001/providers/Microsoft.Network/virtualNetworks/swiftname000007/subnets/swiftsubnet000005\",\r\n
        \       \"etag\": \"W/\\\"2146431d-13cf-403b-9854-97e1cde260e6\\\"\",\r\n
        \       \"properties\": {\r\n          \"provisioningState\": \"Updating\",\r\n
        \         \"addressPrefix\": \"10.0.0.0/24\",\r\n          \"delegations\":
        [],\r\n          \"privateEndpointNetworkPolicies\": \"Enabled\",\r\n          \"privateLinkServiceNetworkPolicies\":
        \"Enabled\"\r\n        },\r\n        \"type\": \"Microsoft.Network/virtualNetworks/subnets\"\r\n
        \     }\r\n    ],\r\n    \"virtualNetworkPeerings\": [],\r\n    \"enableDdosProtection\":
        false\r\n  }\r\n}"
    headers:
      azure-asyncnotification:
      - Enabled
      azure-asyncoperation:
      - https://management.azure.com/subscriptions/00000000-0000-0000-0000-000000000000/providers/Microsoft.Network/locations/japanwest/operations/6062cecf-61fa-4dbc-8eab-b4bd29239b79?api-version=2020-11-01
      cache-control:
      - no-cache
      content-length:
      - '1497'
      content-type:
      - application/json; charset=utf-8
      date:
      - Wed, 31 Mar 2021 19:44:24 GMT
      expires:
      - '-1'
      pragma:
      - no-cache
      server:
      - Microsoft-HTTPAPI/2.0
      - Microsoft-HTTPAPI/2.0
      strict-transport-security:
      - max-age=31536000; includeSubDomains
      x-content-type-options:
      - nosniff
      x-ms-arm-service-request-id:
      - 37476d93-1b47-406e-bb70-6b7101544344
      x-ms-ratelimit-remaining-subscription-writes:
      - '1199'
    status:
      code: 201
      message: Created
- request:
    body: null
    headers:
      Accept:
      - '*/*'
      Accept-Encoding:
      - gzip, deflate
      CommandName:
      - network vnet create
      Connection:
      - keep-alive
      ParameterSetName:
      - -g -n --address-prefix --subnet-name --subnet-prefix
      User-Agent:
      - AZURECLI/2.21.0 azsdk-python-azure-mgmt-network/18.0.0 Python/3.8.2 (macOS-10.16-x86_64-i386-64bit)
    method: GET
    uri: https://management.azure.com/subscriptions/00000000-0000-0000-0000-000000000000/providers/Microsoft.Network/locations/japanwest/operations/6062cecf-61fa-4dbc-8eab-b4bd29239b79?api-version=2020-11-01
  response:
    body:
      string: "{\r\n  \"status\": \"Succeeded\"\r\n}"
    headers:
      cache-control:
      - no-cache
      content-length:
      - '29'
      content-type:
      - application/json; charset=utf-8
      date:
      - Wed, 31 Mar 2021 19:44:27 GMT
      expires:
      - '-1'
      pragma:
      - no-cache
      server:
      - Microsoft-HTTPAPI/2.0
      - Microsoft-HTTPAPI/2.0
      strict-transport-security:
      - max-age=31536000; includeSubDomains
      transfer-encoding:
      - chunked
      vary:
      - Accept-Encoding
      x-content-type-options:
      - nosniff
      x-ms-arm-service-request-id:
      - 205e4b20-94f2-4b73-b2a4-fca6f210ca7e
    status:
      code: 200
      message: OK
- request:
    body: null
    headers:
      Accept:
      - '*/*'
      Accept-Encoding:
      - gzip, deflate
      CommandName:
      - network vnet create
      Connection:
      - keep-alive
      ParameterSetName:
      - -g -n --address-prefix --subnet-name --subnet-prefix
      User-Agent:
      - AZURECLI/2.21.0 azsdk-python-azure-mgmt-network/18.0.0 Python/3.8.2 (macOS-10.16-x86_64-i386-64bit)
    method: GET
    uri: https://management.azure.com/subscriptions/00000000-0000-0000-0000-000000000000/resourceGroups/clitest.rg000001/providers/Microsoft.Network/virtualNetworks/swiftname000007?api-version=2020-11-01
  response:
    body:
      string: "{\r\n  \"name\": \"swiftname000007\",\r\n  \"id\": \"/subscriptions/00000000-0000-0000-0000-000000000000/resourceGroups/clitest.rg000001/providers/Microsoft.Network/virtualNetworks/swiftname000007\",\r\n
        \ \"etag\": \"W/\\\"0a61e0f5-36ee-4e6d-a89f-463f1f86bf54\\\"\",\r\n  \"type\":
        \"Microsoft.Network/virtualNetworks\",\r\n  \"location\": \"japanwest\",\r\n
        \ \"tags\": {},\r\n  \"properties\": {\r\n    \"provisioningState\": \"Succeeded\",\r\n
        \   \"resourceGuid\": \"75319491-c41e-4187-bc3c-877fc900e14d\",\r\n    \"addressSpace\":
        {\r\n      \"addressPrefixes\": [\r\n        \"10.0.0.0/16\"\r\n      ]\r\n
        \   },\r\n    \"dhcpOptions\": {\r\n      \"dnsServers\": []\r\n    },\r\n
        \   \"subnets\": [\r\n      {\r\n        \"name\": \"swiftsubnet000005\",\r\n
        \       \"id\": \"/subscriptions/00000000-0000-0000-0000-000000000000/resourceGroups/clitest.rg000001/providers/Microsoft.Network/virtualNetworks/swiftname000007/subnets/swiftsubnet000005\",\r\n
        \       \"etag\": \"W/\\\"0a61e0f5-36ee-4e6d-a89f-463f1f86bf54\\\"\",\r\n
        \       \"properties\": {\r\n          \"provisioningState\": \"Succeeded\",\r\n
        \         \"addressPrefix\": \"10.0.0.0/24\",\r\n          \"delegations\":
        [],\r\n          \"privateEndpointNetworkPolicies\": \"Enabled\",\r\n          \"privateLinkServiceNetworkPolicies\":
        \"Enabled\"\r\n        },\r\n        \"type\": \"Microsoft.Network/virtualNetworks/subnets\"\r\n
        \     }\r\n    ],\r\n    \"virtualNetworkPeerings\": [],\r\n    \"enableDdosProtection\":
        false\r\n  }\r\n}"
    headers:
      cache-control:
      - no-cache
      content-length:
      - '1499'
      content-type:
      - application/json; charset=utf-8
      date:
      - Wed, 31 Mar 2021 19:44:27 GMT
      etag:
      - W/"0a61e0f5-36ee-4e6d-a89f-463f1f86bf54"
      expires:
      - '-1'
      pragma:
      - no-cache
      server:
      - Microsoft-HTTPAPI/2.0
      - Microsoft-HTTPAPI/2.0
      strict-transport-security:
      - max-age=31536000; includeSubDomains
      transfer-encoding:
      - chunked
      vary:
      - Accept-Encoding
      x-content-type-options:
      - nosniff
      x-ms-arm-service-request-id:
      - 7d45dd52-5aba-4ffc-8d90-7e84d5efe36d
    status:
      code: 200
      message: OK
- request:
    body: '{"location": "japanwest"}'
    headers:
      Accept:
      - application/json
      Accept-Encoding:
      - gzip, deflate
      CommandName:
      - group create
      Connection:
      - keep-alive
      Content-Length:
      - '25'
      Content-Type:
      - application/json; charset=utf-8
      ParameterSetName:
      - -n -l
      User-Agent:
      - python/3.8.2 (macOS-10.16-x86_64-i386-64bit) msrest/0.6.21 msrest_azure/0.6.3
        azure-mgmt-resource/12.0.0 Azure-SDK-For-Python AZURECLI/2.21.0
      accept-language:
      - en-US
    method: PUT
    uri: https://management.azure.com/subscriptions/00000000-0000-0000-0000-000000000000/resourcegroups/swiftwebapp000002?api-version=2020-10-01
  response:
    body:
      string: '{"id":"/subscriptions/00000000-0000-0000-0000-000000000000/resourceGroups/swiftwebapp000002","name":"swiftwebapp000002","type":"Microsoft.Resources/resourceGroups","location":"japanwest","properties":{"provisioningState":"Succeeded"}}'
    headers:
      cache-control:
      - no-cache
      content-length:
      - '248'
      content-type:
      - application/json; charset=utf-8
      date:
      - Wed, 31 Mar 2021 19:44:30 GMT
      expires:
      - '-1'
      pragma:
      - no-cache
      strict-transport-security:
      - max-age=31536000; includeSubDomains
      x-content-type-options:
      - nosniff
      x-ms-ratelimit-remaining-subscription-writes:
      - '1199'
    status:
      code: 201
      message: Created
- request:
    body: null
    headers:
      Accept:
      - application/json
      Accept-Encoding:
      - gzip, deflate
      CommandName:
      - network vnet create
      Connection:
      - keep-alive
      ParameterSetName:
      - -g -n --address-prefix --subnet-name --subnet-prefix
      User-Agent:
      - python/3.8.2 (macOS-10.16-x86_64-i386-64bit) msrest/0.6.21 msrest_azure/0.6.3
        azure-mgmt-resource/12.0.0 Azure-SDK-For-Python AZURECLI/2.21.0
      accept-language:
      - en-US
    method: GET
    uri: https://management.azure.com/subscriptions/00000000-0000-0000-0000-000000000000/resourcegroups/swiftwebapp000002?api-version=2020-10-01
  response:
    body:
      string: '{"id":"/subscriptions/00000000-0000-0000-0000-000000000000/resourceGroups/swiftwebapp000002","name":"swiftwebapp000002","type":"Microsoft.Resources/resourceGroups","location":"japanwest","properties":{"provisioningState":"Succeeded"}}'
    headers:
      cache-control:
      - no-cache
      content-length:
      - '248'
      content-type:
      - application/json; charset=utf-8
      date:
      - Wed, 31 Mar 2021 19:44:30 GMT
      expires:
      - '-1'
      pragma:
      - no-cache
      strict-transport-security:
      - max-age=31536000; includeSubDomains
      vary:
      - Accept-Encoding
      x-content-type-options:
      - nosniff
    status:
      code: 200
      message: OK
- request:
    body: '{"location": "japanwest", "tags": {}, "properties": {"addressSpace": {"addressPrefixes":
      ["10.0.0.0/16"]}, "dhcpOptions": {}, "subnets": [{"name": "swiftsubnet000006",
      "properties": {"addressPrefix": "10.0.0.0/24"}}]}}'
    headers:
      Accept:
      - application/json
      Accept-Encoding:
      - gzip, deflate
      CommandName:
      - network vnet create
      Connection:
      - keep-alive
      Content-Length:
      - '225'
      Content-Type:
      - application/json
      ParameterSetName:
      - -g -n --address-prefix --subnet-name --subnet-prefix
      User-Agent:
      - AZURECLI/2.21.0 azsdk-python-azure-mgmt-network/18.0.0 Python/3.8.2 (macOS-10.16-x86_64-i386-64bit)
    method: PUT
    uri: https://management.azure.com/subscriptions/00000000-0000-0000-0000-000000000000/resourceGroups/swiftwebapp000002/providers/Microsoft.Network/virtualNetworks/swiftname000007?api-version=2020-11-01
  response:
    body:
      string: "{\r\n  \"name\": \"swiftname000007\",\r\n  \"id\": \"/subscriptions/00000000-0000-0000-0000-000000000000/resourceGroups/swiftwebapp000002/providers/Microsoft.Network/virtualNetworks/swiftname000007\",\r\n
        \ \"etag\": \"W/\\\"fd579d39-b3a3-4fd4-8872-6038a1aeb58a\\\"\",\r\n  \"type\":
        \"Microsoft.Network/virtualNetworks\",\r\n  \"location\": \"japanwest\",\r\n
        \ \"tags\": {},\r\n  \"properties\": {\r\n    \"provisioningState\": \"Updating\",\r\n
        \   \"resourceGuid\": \"2db4a063-6fb2-4d18-bddf-5ba52269c748\",\r\n    \"addressSpace\":
        {\r\n      \"addressPrefixes\": [\r\n        \"10.0.0.0/16\"\r\n      ]\r\n
        \   },\r\n    \"dhcpOptions\": {\r\n      \"dnsServers\": []\r\n    },\r\n
        \   \"subnets\": [\r\n      {\r\n        \"name\": \"swiftsubnet000006\",\r\n
        \       \"id\": \"/subscriptions/00000000-0000-0000-0000-000000000000/resourceGroups/swiftwebapp000002/providers/Microsoft.Network/virtualNetworks/swiftname000007/subnets/swiftsubnet000006\",\r\n
        \       \"etag\": \"W/\\\"fd579d39-b3a3-4fd4-8872-6038a1aeb58a\\\"\",\r\n
        \       \"properties\": {\r\n          \"provisioningState\": \"Updating\",\r\n
        \         \"addressPrefix\": \"10.0.0.0/24\",\r\n          \"delegations\":
        [],\r\n          \"privateEndpointNetworkPolicies\": \"Enabled\",\r\n          \"privateLinkServiceNetworkPolicies\":
        \"Enabled\"\r\n        },\r\n        \"type\": \"Microsoft.Network/virtualNetworks/subnets\"\r\n
        \     }\r\n    ],\r\n    \"virtualNetworkPeerings\": [],\r\n    \"enableDdosProtection\":
        false\r\n  }\r\n}"
    headers:
      azure-asyncnotification:
      - Enabled
      azure-asyncoperation:
      - https://management.azure.com/subscriptions/00000000-0000-0000-0000-000000000000/providers/Microsoft.Network/locations/japanwest/operations/4791e59e-70ee-47af-8149-ca36a4860842?api-version=2020-11-01
      cache-control:
      - no-cache
      content-length:
      - '1395'
      content-type:
      - application/json; charset=utf-8
      date:
      - Wed, 31 Mar 2021 19:44:38 GMT
      expires:
      - '-1'
      pragma:
      - no-cache
      server:
      - Microsoft-HTTPAPI/2.0
      - Microsoft-HTTPAPI/2.0
      strict-transport-security:
      - max-age=31536000; includeSubDomains
      x-content-type-options:
      - nosniff
      x-ms-arm-service-request-id:
      - eeab775a-1460-4e75-8a80-ee8338e941b2
      x-ms-ratelimit-remaining-subscription-writes:
      - '1198'
    status:
      code: 201
      message: Created
- request:
    body: null
    headers:
      Accept:
      - '*/*'
      Accept-Encoding:
      - gzip, deflate
      CommandName:
      - network vnet create
      Connection:
      - keep-alive
      ParameterSetName:
      - -g -n --address-prefix --subnet-name --subnet-prefix
      User-Agent:
      - AZURECLI/2.21.0 azsdk-python-azure-mgmt-network/18.0.0 Python/3.8.2 (macOS-10.16-x86_64-i386-64bit)
    method: GET
    uri: https://management.azure.com/subscriptions/00000000-0000-0000-0000-000000000000/providers/Microsoft.Network/locations/japanwest/operations/4791e59e-70ee-47af-8149-ca36a4860842?api-version=2020-11-01
  response:
    body:
      string: "{\r\n  \"status\": \"Succeeded\"\r\n}"
    headers:
      cache-control:
      - no-cache
      content-length:
      - '29'
      content-type:
      - application/json; charset=utf-8
      date:
      - Wed, 31 Mar 2021 19:44:41 GMT
      expires:
      - '-1'
      pragma:
      - no-cache
      server:
      - Microsoft-HTTPAPI/2.0
      - Microsoft-HTTPAPI/2.0
      strict-transport-security:
      - max-age=31536000; includeSubDomains
      transfer-encoding:
      - chunked
      vary:
      - Accept-Encoding
      x-content-type-options:
      - nosniff
      x-ms-arm-service-request-id:
      - 0d1f3d1d-1656-4f12-83a9-7b027b5c1105
    status:
      code: 200
      message: OK
- request:
    body: null
    headers:
      Accept:
      - '*/*'
      Accept-Encoding:
      - gzip, deflate
      CommandName:
      - network vnet create
      Connection:
      - keep-alive
      ParameterSetName:
      - -g -n --address-prefix --subnet-name --subnet-prefix
      User-Agent:
      - AZURECLI/2.21.0 azsdk-python-azure-mgmt-network/18.0.0 Python/3.8.2 (macOS-10.16-x86_64-i386-64bit)
    method: GET
    uri: https://management.azure.com/subscriptions/00000000-0000-0000-0000-000000000000/resourceGroups/swiftwebapp000002/providers/Microsoft.Network/virtualNetworks/swiftname000007?api-version=2020-11-01
  response:
    body:
      string: "{\r\n  \"name\": \"swiftname000007\",\r\n  \"id\": \"/subscriptions/00000000-0000-0000-0000-000000000000/resourceGroups/swiftwebapp000002/providers/Microsoft.Network/virtualNetworks/swiftname000007\",\r\n
        \ \"etag\": \"W/\\\"7cad7bc4-9459-4bdd-bc8a-b31210e3dd17\\\"\",\r\n  \"type\":
        \"Microsoft.Network/virtualNetworks\",\r\n  \"location\": \"japanwest\",\r\n
        \ \"tags\": {},\r\n  \"properties\": {\r\n    \"provisioningState\": \"Succeeded\",\r\n
        \   \"resourceGuid\": \"2db4a063-6fb2-4d18-bddf-5ba52269c748\",\r\n    \"addressSpace\":
        {\r\n      \"addressPrefixes\": [\r\n        \"10.0.0.0/16\"\r\n      ]\r\n
        \   },\r\n    \"dhcpOptions\": {\r\n      \"dnsServers\": []\r\n    },\r\n
        \   \"subnets\": [\r\n      {\r\n        \"name\": \"swiftsubnet000006\",\r\n
        \       \"id\": \"/subscriptions/00000000-0000-0000-0000-000000000000/resourceGroups/swiftwebapp000002/providers/Microsoft.Network/virtualNetworks/swiftname000007/subnets/swiftsubnet000006\",\r\n
        \       \"etag\": \"W/\\\"7cad7bc4-9459-4bdd-bc8a-b31210e3dd17\\\"\",\r\n
        \       \"properties\": {\r\n          \"provisioningState\": \"Succeeded\",\r\n
        \         \"addressPrefix\": \"10.0.0.0/24\",\r\n          \"delegations\":
        [],\r\n          \"privateEndpointNetworkPolicies\": \"Enabled\",\r\n          \"privateLinkServiceNetworkPolicies\":
        \"Enabled\"\r\n        },\r\n        \"type\": \"Microsoft.Network/virtualNetworks/subnets\"\r\n
        \     }\r\n    ],\r\n    \"virtualNetworkPeerings\": [],\r\n    \"enableDdosProtection\":
        false\r\n  }\r\n}"
    headers:
      cache-control:
      - no-cache
      content-length:
      - '1397'
      content-type:
      - application/json; charset=utf-8
      date:
      - Wed, 31 Mar 2021 19:44:42 GMT
      etag:
      - W/"7cad7bc4-9459-4bdd-bc8a-b31210e3dd17"
      expires:
      - '-1'
      pragma:
      - no-cache
      server:
      - Microsoft-HTTPAPI/2.0
      - Microsoft-HTTPAPI/2.0
      strict-transport-security:
      - max-age=31536000; includeSubDomains
      transfer-encoding:
      - chunked
      vary:
      - Accept-Encoding
      x-content-type-options:
      - nosniff
      x-ms-arm-service-request-id:
      - e0e7f685-5bcc-45a0-a2e8-72dea635d0d5
    status:
      code: 200
      message: OK
- request:
    body: null
    headers:
      Accept:
      - application/json
      Accept-Encoding:
      - gzip, deflate
      CommandName:
      - appservice plan create
      Connection:
      - keep-alive
      ParameterSetName:
      - -g -n --sku
      User-Agent:
      - python/3.8.2 (macOS-10.16-x86_64-i386-64bit) msrest/0.6.21 msrest_azure/0.6.3
        azure-mgmt-resource/12.0.0 Azure-SDK-For-Python AZURECLI/2.21.0
      accept-language:
      - en-US
    method: GET
    uri: https://management.azure.com/subscriptions/00000000-0000-0000-0000-000000000000/resourcegroups/clitest.rg000001?api-version=2020-10-01
  response:
    body:
      string: '{"id":"/subscriptions/00000000-0000-0000-0000-000000000000/resourceGroups/clitest.rg000001","name":"clitest.rg000001","type":"Microsoft.Resources/resourceGroups","location":"japanwest","tags":{"product":"azurecli","cause":"automation","date":"2021-03-31T19:44:08Z"},"properties":{"provisioningState":"Succeeded"}}'
    headers:
      cache-control:
      - no-cache
      content-length:
      - '431'
      content-type:
      - application/json; charset=utf-8
      date:
      - Wed, 31 Mar 2021 19:44:43 GMT
      expires:
      - '-1'
      pragma:
      - no-cache
      strict-transport-security:
      - max-age=31536000; includeSubDomains
      vary:
      - Accept-Encoding
      x-content-type-options:
      - nosniff
    status:
      code: 200
      message: OK
- request:
    body: '{"name": "swiftplan000004", "type": "Microsoft.Web/serverfarms", "location":
      "japanwest", "properties": {"skuName": "P1V2", "capacity": 1}}'
    headers:
      Accept:
      - application/json
      Accept-Encoding:
      - gzip, deflate
      CommandName:
      - appservice plan create
      Connection:
      - keep-alive
      Content-Length:
      - '148'
      Content-Type:
      - application/json
      ParameterSetName:
      - -g -n --sku
      User-Agent:
      - AZURECLI/2.21.0 azsdk-python-azure-mgmt-web/2.0.0 Python/3.8.2 (macOS-10.16-x86_64-i386-64bit)
    method: POST
    uri: https://management.azure.com/subscriptions/00000000-0000-0000-0000-000000000000/resourceGroups/clitest.rg000001/providers/Microsoft.Web/validate?api-version=2020-09-01
  response:
    body:
      string: '{"status":"Success","error":null}'
    headers:
      cache-control:
      - no-cache
      content-length:
      - '33'
      content-type:
      - application/json
      date:
      - Wed, 31 Mar 2021 19:44:43 GMT
      expires:
      - '-1'
      pragma:
      - no-cache
      server:
      - Microsoft-IIS/10.0
      strict-transport-security:
      - max-age=31536000; includeSubDomains
      transfer-encoding:
      - chunked
      vary:
      - Accept-Encoding
      x-aspnet-version:
      - 4.0.30319
      x-content-type-options:
      - nosniff
      x-ms-ratelimit-remaining-subscription-writes:
      - '1199'
      x-powered-by:
      - ASP.NET
    status:
      code: 200
      message: OK
- request:
    body: null
    headers:
      Accept:
      - application/json
      Accept-Encoding:
      - gzip, deflate
      CommandName:
      - appservice plan create
      Connection:
      - keep-alive
      ParameterSetName:
      - -g -n --sku
      User-Agent:
      - python/3.8.2 (macOS-10.16-x86_64-i386-64bit) msrest/0.6.21 msrest_azure/0.6.3
        azure-mgmt-resource/12.0.0 Azure-SDK-For-Python AZURECLI/2.21.0
      accept-language:
      - en-US
    method: GET
    uri: https://management.azure.com/subscriptions/00000000-0000-0000-0000-000000000000/resourcegroups/clitest.rg000001?api-version=2020-10-01
  response:
    body:
      string: '{"id":"/subscriptions/00000000-0000-0000-0000-000000000000/resourceGroups/clitest.rg000001","name":"clitest.rg000001","type":"Microsoft.Resources/resourceGroups","location":"japanwest","tags":{"product":"azurecli","cause":"automation","date":"2021-03-31T19:44:08Z"},"properties":{"provisioningState":"Succeeded"}}'
    headers:
      cache-control:
      - no-cache
      content-length:
      - '431'
      content-type:
      - application/json; charset=utf-8
      date:
      - Wed, 31 Mar 2021 19:44:43 GMT
      expires:
      - '-1'
      pragma:
      - no-cache
      strict-transport-security:
      - max-age=31536000; includeSubDomains
      vary:
      - Accept-Encoding
      x-content-type-options:
      - nosniff
    status:
      code: 200
      message: OK
- request:
    body: '{"location": "japanwest", "sku": {"name": "P1V2", "tier": "PREMIUMV2",
      "capacity": 1}, "properties": {"perSiteScaling": false, "isXenon": false}}'
    headers:
      Accept:
      - application/json
      Accept-Encoding:
      - gzip, deflate
      CommandName:
      - appservice plan create
      Connection:
      - keep-alive
      Content-Length:
      - '145'
      Content-Type:
      - application/json
      ParameterSetName:
      - -g -n --sku
      User-Agent:
      - AZURECLI/2.21.0 azsdk-python-azure-mgmt-web/2.0.0 Python/3.8.2 (macOS-10.16-x86_64-i386-64bit)
    method: PUT
    uri: https://management.azure.com/subscriptions/00000000-0000-0000-0000-000000000000/resourceGroups/clitest.rg000001/providers/Microsoft.Web/serverfarms/swiftplan000004?api-version=2020-09-01
  response:
    body:
      string: '{"id":"/subscriptions/00000000-0000-0000-0000-000000000000/resourceGroups/clitest.rg000001/providers/Microsoft.Web/serverfarms/swiftplan000004","name":"swiftplan000004","type":"Microsoft.Web/serverfarms","kind":"app","location":"japanwest","properties":{"serverFarmId":20007,"name":"swiftplan000004","sku":{"name":"P1v2","tier":"PremiumV2","size":"P1v2","family":"Pv2","capacity":1},"workerSize":"D1","workerSizeId":3,"workerTierName":null,"numberOfWorkers":1,"currentWorkerSize":"D1","currentWorkerSizeId":3,"currentNumberOfWorkers":1,"status":"Ready","webSpace":"clitest.rg000001-JapanWestwebspace","subscription":"e483435e-282d-4ac1-92b5-d6123f2aa360","adminSiteName":null,"hostingEnvironment":null,"hostingEnvironmentProfile":null,"maximumNumberOfWorkers":0,"planName":"VirtualDedicatedPlan","adminRuntimeSiteName":null,"computeMode":"Dedicated","siteMode":null,"geoRegion":"Japan
        West","perSiteScaling":false,"maximumElasticWorkerCount":1,"numberOfSites":0,"hostingEnvironmentId":null,"isSpot":false,"spotExpirationTime":null,"freeOfferExpirationTime":null,"tags":null,"kind":"app","resourceGroup":"clitest.rg000001","reserved":false,"isXenon":false,"hyperV":false,"mdmId":"waws-prod-os1-011_20007","targetWorkerCount":0,"targetWorkerSizeId":0,"provisioningState":"Succeeded","webSiteId":null,"existingServerFarmIds":null,"kubeEnvironmentProfile":null,"azBalancing":false},"sku":{"name":"P1v2","tier":"PremiumV2","size":"P1v2","family":"Pv2","capacity":1}}'
    headers:
      cache-control:
      - no-cache
      content-length:
      - '1665'
      content-type:
      - application/json
      date:
      - Wed, 31 Mar 2021 19:44:58 GMT
      etag:
      - '"1D7266653447275"'
      expires:
      - '-1'
      pragma:
      - no-cache
      server:
      - Microsoft-IIS/10.0
      strict-transport-security:
      - max-age=31536000; includeSubDomains
      transfer-encoding:
      - chunked
      vary:
      - Accept-Encoding
      x-aspnet-version:
      - 4.0.30319
      x-content-type-options:
      - nosniff
      x-ms-ratelimit-remaining-subscription-writes:
      - '1198'
      x-powered-by:
      - ASP.NET
    status:
      code: 200
      message: OK
- request:
    body: null
    headers:
      Accept:
      - application/json
      Accept-Encoding:
      - gzip, deflate
      CommandName:
      - webapp create
      Connection:
      - keep-alive
      ParameterSetName:
      - -g -n --plan
      User-Agent:
      - AZURECLI/2.21.0 azsdk-python-azure-mgmt-web/2.0.0 Python/3.8.2 (macOS-10.16-x86_64-i386-64bit)
    method: GET
    uri: https://management.azure.com/subscriptions/00000000-0000-0000-0000-000000000000/resourceGroups/clitest.rg000001/providers/Microsoft.Web/serverfarms/swiftplan000004?api-version=2020-09-01
  response:
    body:
      string: '{"id":"/subscriptions/00000000-0000-0000-0000-000000000000/resourceGroups/clitest.rg000001/providers/Microsoft.Web/serverfarms/swiftplan000004","name":"swiftplan000004","type":"Microsoft.Web/serverfarms","kind":"app","location":"Japan
        West","properties":{"serverFarmId":20007,"name":"swiftplan000004","workerSize":"D1","workerSizeId":3,"workerTierName":null,"numberOfWorkers":1,"currentWorkerSize":"D1","currentWorkerSizeId":3,"currentNumberOfWorkers":1,"status":"Ready","webSpace":"clitest.rg000001-JapanWestwebspace","subscription":"e483435e-282d-4ac1-92b5-d6123f2aa360","adminSiteName":null,"hostingEnvironment":null,"hostingEnvironmentProfile":null,"maximumNumberOfWorkers":30,"planName":"VirtualDedicatedPlan","adminRuntimeSiteName":null,"computeMode":"Dedicated","siteMode":null,"geoRegion":"Japan
        West","perSiteScaling":false,"maximumElasticWorkerCount":1,"numberOfSites":0,"hostingEnvironmentId":null,"isSpot":false,"spotExpirationTime":null,"freeOfferExpirationTime":null,"tags":null,"kind":"app","resourceGroup":"clitest.rg000001","reserved":false,"isXenon":false,"hyperV":false,"mdmId":"waws-prod-os1-011_20007","targetWorkerCount":0,"targetWorkerSizeId":0,"provisioningState":"Succeeded","webSiteId":null,"existingServerFarmIds":null,"kubeEnvironmentProfile":null,"azBalancing":false},"sku":{"name":"P1v2","tier":"PremiumV2","size":"P1v2","family":"Pv2","capacity":1}}'
    headers:
      cache-control:
      - no-cache
      content-length:
      - '1584'
      content-type:
      - application/json
      date:
      - Wed, 31 Mar 2021 19:44:59 GMT
      expires:
      - '-1'
      pragma:
      - no-cache
      server:
      - Microsoft-IIS/10.0
      strict-transport-security:
      - max-age=31536000; includeSubDomains
      transfer-encoding:
      - chunked
      vary:
      - Accept-Encoding
      x-aspnet-version:
      - 4.0.30319
      x-content-type-options:
      - nosniff
      x-powered-by:
      - ASP.NET
    status:
      code: 200
      message: OK
- request:
    body: '{"name": "swiftwebapp000003", "type": "Microsoft.Web/sites", "location":
      "Japan West", "properties": {"serverFarmId": "/subscriptions/00000000-0000-0000-0000-000000000000/resourceGroups/clitest.rg000001/providers/Microsoft.Web/serverfarms/swiftplan000004"}}'
    headers:
      Accept:
      - application/json
      Accept-Encoding:
      - gzip, deflate
      CommandName:
      - webapp create
      Connection:
      - keep-alive
      Content-Length:
      - '332'
      Content-Type:
      - application/json
      ParameterSetName:
      - -g -n --plan
      User-Agent:
      - AZURECLI/2.21.0 azsdk-python-azure-mgmt-web/2.0.0 Python/3.8.2 (macOS-10.16-x86_64-i386-64bit)
    method: POST
    uri: https://management.azure.com/subscriptions/00000000-0000-0000-0000-000000000000/resourceGroups/clitest.rg000001/providers/Microsoft.Web/validate?api-version=2020-09-01
  response:
    body:
      string: '{"status":"Success","error":null}'
    headers:
      cache-control:
      - no-cache
      content-length:
      - '33'
      content-type:
      - application/json
      date:
      - Wed, 31 Mar 2021 19:44:59 GMT
      expires:
      - '-1'
      pragma:
      - no-cache
      server:
      - Microsoft-IIS/10.0
      strict-transport-security:
      - max-age=31536000; includeSubDomains
      transfer-encoding:
      - chunked
      vary:
      - Accept-Encoding
      x-aspnet-version:
      - 4.0.30319
      x-content-type-options:
      - nosniff
      x-ms-ratelimit-remaining-subscription-writes:
      - '1198'
      x-powered-by:
      - ASP.NET
    status:
      code: 200
      message: OK
- request:
    body: null
    headers:
      Accept:
      - application/json
      Accept-Encoding:
      - gzip, deflate
      CommandName:
      - webapp create
      Connection:
      - keep-alive
      ParameterSetName:
      - -g -n --plan
      User-Agent:
      - AZURECLI/2.21.0 azsdk-python-azure-mgmt-web/2.0.0 Python/3.8.2 (macOS-10.16-x86_64-i386-64bit)
    method: GET
    uri: https://management.azure.com/subscriptions/00000000-0000-0000-0000-000000000000/resourceGroups/clitest.rg000001/providers/Microsoft.Web/serverfarms/swiftplan000004?api-version=2020-09-01
  response:
    body:
      string: '{"id":"/subscriptions/00000000-0000-0000-0000-000000000000/resourceGroups/clitest.rg000001/providers/Microsoft.Web/serverfarms/swiftplan000004","name":"swiftplan000004","type":"Microsoft.Web/serverfarms","kind":"app","location":"Japan
        West","properties":{"serverFarmId":20007,"name":"swiftplan000004","workerSize":"D1","workerSizeId":3,"workerTierName":null,"numberOfWorkers":1,"currentWorkerSize":"D1","currentWorkerSizeId":3,"currentNumberOfWorkers":1,"status":"Ready","webSpace":"clitest.rg000001-JapanWestwebspace","subscription":"e483435e-282d-4ac1-92b5-d6123f2aa360","adminSiteName":null,"hostingEnvironment":null,"hostingEnvironmentProfile":null,"maximumNumberOfWorkers":30,"planName":"VirtualDedicatedPlan","adminRuntimeSiteName":null,"computeMode":"Dedicated","siteMode":null,"geoRegion":"Japan
        West","perSiteScaling":false,"maximumElasticWorkerCount":1,"numberOfSites":0,"hostingEnvironmentId":null,"isSpot":false,"spotExpirationTime":null,"freeOfferExpirationTime":null,"tags":null,"kind":"app","resourceGroup":"clitest.rg000001","reserved":false,"isXenon":false,"hyperV":false,"mdmId":"waws-prod-os1-011_20007","targetWorkerCount":0,"targetWorkerSizeId":0,"provisioningState":"Succeeded","webSiteId":null,"existingServerFarmIds":null,"kubeEnvironmentProfile":null,"azBalancing":false},"sku":{"name":"P1v2","tier":"PremiumV2","size":"P1v2","family":"Pv2","capacity":1}}'
    headers:
      cache-control:
      - no-cache
      content-length:
      - '1584'
      content-type:
      - application/json
      date:
      - Wed, 31 Mar 2021 19:45:01 GMT
      expires:
      - '-1'
      pragma:
      - no-cache
      server:
      - Microsoft-IIS/10.0
      strict-transport-security:
      - max-age=31536000; includeSubDomains
      transfer-encoding:
      - chunked
      vary:
      - Accept-Encoding
      x-aspnet-version:
      - 4.0.30319
      x-content-type-options:
      - nosniff
      x-powered-by:
      - ASP.NET
    status:
      code: 200
      message: OK
- request:
    body: '{"name": "swiftwebapp000003", "type": "Site"}'
    headers:
      Accept:
      - application/json
      Accept-Encoding:
      - gzip, deflate
      CommandName:
      - webapp create
      Connection:
      - keep-alive
      Content-Length:
      - '52'
      Content-Type:
      - application/json
      ParameterSetName:
      - -g -n --plan
      User-Agent:
      - AZURECLI/2.21.0 azsdk-python-azure-mgmt-web/2.0.0 Python/3.8.2 (macOS-10.16-x86_64-i386-64bit)
    method: POST
    uri: https://management.azure.com/subscriptions/00000000-0000-0000-0000-000000000000/providers/Microsoft.Web/checknameavailability?api-version=2020-09-01
  response:
    body:
      string: '{"nameAvailable":true,"reason":"","message":""}'
    headers:
      cache-control:
      - no-cache
      content-length:
      - '47'
      content-type:
      - application/json
      date:
      - Wed, 31 Mar 2021 19:45:01 GMT
      expires:
      - '-1'
      pragma:
      - no-cache
      server:
      - Microsoft-IIS/10.0
      strict-transport-security:
      - max-age=31536000; includeSubDomains
      transfer-encoding:
      - chunked
      vary:
      - Accept-Encoding
      x-aspnet-version:
      - 4.0.30319
      x-content-type-options:
      - nosniff
      x-powered-by:
      - ASP.NET
    status:
      code: 200
      message: OK
- request:
    body: '{"location": "Japan West", "properties": {"serverFarmId": "/subscriptions/00000000-0000-0000-0000-000000000000/resourceGroups/clitest.rg000001/providers/Microsoft.Web/serverfarms/swiftplan000004",
      "reserved": false, "isXenon": false, "hyperV": false, "siteConfig": {"netFrameworkVersion":
      "v4.6", "appSettings": [{"name": "WEBSITE_NODE_DEFAULT_VERSION", "value": "10.14.1"}],
      "alwaysOn": true, "localMySqlEnabled": false, "http20Enabled": true}, "scmSiteAlsoStopped":
      false, "httpsOnly": false}}'
    headers:
      Accept:
      - application/json
      Accept-Encoding:
      - gzip, deflate
      CommandName:
      - webapp create
      Connection:
      - keep-alive
      Content-Length:
      - '563'
      Content-Type:
      - application/json
      ParameterSetName:
      - -g -n --plan
      User-Agent:
      - AZURECLI/2.21.0 azsdk-python-azure-mgmt-web/2.0.0 Python/3.8.2 (macOS-10.16-x86_64-i386-64bit)
    method: PUT
    uri: https://management.azure.com/subscriptions/00000000-0000-0000-0000-000000000000/resourceGroups/clitest.rg000001/providers/Microsoft.Web/sites/swiftwebapp000003?api-version=2020-09-01
  response:
    body:
      string: '{"id":"/subscriptions/00000000-0000-0000-0000-000000000000/resourceGroups/clitest.rg000001/providers/Microsoft.Web/sites/swiftwebapp000003","name":"swiftwebapp000003","type":"Microsoft.Web/sites","kind":"app","location":"Japan
        West","properties":{"name":"swiftwebapp000003","state":"Running","hostNames":["swiftwebapp000003.azurewebsites.net"],"webSpace":"clitest.rg000001-JapanWestwebspace","selfLink":"https://waws-prod-os1-011.api.azurewebsites.windows.net:454/subscriptions/00000000-0000-0000-0000-000000000000/webspaces/clitest.rg000001-JapanWestwebspace/sites/swiftwebapp000003","repositorySiteName":"swiftwebapp000003","owner":null,"usageState":"Normal","enabled":true,"adminEnabled":true,"enabledHostNames":["swiftwebapp000003.azurewebsites.net","swiftwebapp000003.scm.azurewebsites.net"],"siteProperties":{"metadata":null,"properties":[{"name":"LinuxFxVersion","value":""},{"name":"WindowsFxVersion","value":null}],"appSettings":null},"availabilityState":"Normal","sslCertificates":null,"csrs":[],"cers":null,"siteMode":null,"hostNameSslStates":[{"name":"swiftwebapp000003.azurewebsites.net","sslState":"Disabled","ipBasedSslResult":null,"virtualIP":null,"thumbprint":null,"toUpdate":null,"toUpdateIpBasedSsl":null,"ipBasedSslState":"NotConfigured","hostType":"Standard"},{"name":"swiftwebapp000003.scm.azurewebsites.net","sslState":"Disabled","ipBasedSslResult":null,"virtualIP":null,"thumbprint":null,"toUpdate":null,"toUpdateIpBasedSsl":null,"ipBasedSslState":"NotConfigured","hostType":"Repository"}],"computeMode":null,"serverFarm":null,"serverFarmId":"/subscriptions/00000000-0000-0000-0000-000000000000/resourceGroups/clitest.rg000001/providers/Microsoft.Web/serverfarms/swiftplan000004","reserved":false,"isXenon":false,"hyperV":false,"lastModifiedTimeUtc":"2021-03-31T19:45:09.6433333","storageRecoveryDefaultState":"Running","contentAvailabilityState":"Normal","runtimeAvailabilityState":"Normal","siteConfig":{"numberOfWorkers":null,"defaultDocuments":null,"netFrameworkVersion":null,"phpVersion":null,"pythonVersion":null,"nodeVersion":null,"powerShellVersion":null,"linuxFxVersion":null,"windowsFxVersion":null,"requestTracingEnabled":null,"remoteDebuggingEnabled":null,"remoteDebuggingVersion":null,"httpLoggingEnabled":null,"azureMonitorLogCategories":null,"acrUseManagedIdentityCreds":false,"acrUserManagedIdentityID":null,"logsDirectorySizeLimit":null,"detailedErrorLoggingEnabled":null,"publishingUsername":null,"publishingPassword":null,"appSettings":null,"azureStorageAccounts":null,"metadata":null,"connectionStrings":null,"machineKey":null,"handlerMappings":null,"documentRoot":null,"scmType":null,"use32BitWorkerProcess":null,"webSocketsEnabled":null,"alwaysOn":null,"javaVersion":null,"javaContainer":null,"javaContainerVersion":null,"appCommandLine":null,"managedPipelineMode":null,"virtualApplications":null,"winAuthAdminState":null,"winAuthTenantState":null,"customAppPoolIdentityAdminState":null,"customAppPoolIdentityTenantState":null,"runtimeADUser":null,"runtimeADUserPassword":null,"loadBalancing":null,"routingRules":null,"experiments":null,"limits":null,"autoHealEnabled":null,"autoHealRules":null,"tracingOptions":null,"vnetName":null,"vnetRouteAllEnabled":null,"vnetPrivatePortsCount":null,"cors":null,"push":null,"apiDefinition":null,"apiManagementConfig":null,"autoSwapSlotName":null,"localMySqlEnabled":null,"managedServiceIdentityId":null,"xManagedServiceIdentityId":null,"keyVaultReferenceIdentity":null,"ipSecurityRestrictions":[{"ipAddress":"Any","action":"Allow","priority":1,"name":"Allow
        all","description":"Allow all access"}],"scmIpSecurityRestrictions":[{"ipAddress":"Any","action":"Allow","priority":1,"name":"Allow
        all","description":"Allow all access"}],"scmIpSecurityRestrictionsUseMain":null,"http20Enabled":null,"minTlsVersion":null,"scmMinTlsVersion":null,"ftpsState":null,"preWarmedInstanceCount":null,"functionAppScaleLimit":null,"healthCheckPath":null,"fileChangeAuditEnabled":null,"functionsRuntimeScaleMonitoringEnabled":null,"websiteTimeZone":null,"minimumElasticInstanceCount":0},"deploymentId":"swiftwebapp000003","slotName":null,"trafficManagerHostNames":null,"sku":"PremiumV2","scmSiteAlsoStopped":false,"targetSwapSlot":null,"hostingEnvironment":null,"hostingEnvironmentProfile":null,"clientAffinityEnabled":true,"clientCertEnabled":false,"clientCertMode":"Required","clientCertExclusionPaths":null,"hostNamesDisabled":false,"domainVerificationIdentifiers":null,"customDomainVerificationId":"30E3673979DFB5673924412D39370809E608E2DE4E889BD01C7B80FC38A57EED","kind":"app","inboundIpAddress":"104.215.11.176","possibleInboundIpAddresses":"104.215.11.176","ftpUsername":"swiftwebapp000003\\$swiftwebapp000003","ftpsHostName":"ftps://waws-prod-os1-011.ftp.azurewebsites.windows.net/site/wwwroot","outboundIpAddresses":"104.215.12.167,104.215.13.127","possibleOutboundIpAddresses":"104.215.11.176,104.215.12.60,104.215.10.163,104.215.12.212,104.215.8.97,104.215.12.167,104.215.13.127","containerSize":0,"dailyMemoryTimeQuota":0,"suspendedTill":null,"siteDisabledReason":0,"functionExecutionUnitsCache":null,"maxNumberOfWorkers":null,"homeStamp":"waws-prod-os1-011","cloningInfo":null,"hostingEnvironmentId":null,"tags":null,"resourceGroup":"clitest.rg000001","defaultHostName":"swiftwebapp000003.azurewebsites.net","slotSwapStatus":null,"keyVaultReferenceIdentity":"SystemAssigned","httpsOnly":false,"redundancyMode":"None","inProgressOperationId":null,"geoDistributions":null,"privateEndpointConnections":null,"buildVersion":null,"targetBuildVersion":null,"migrationState":null,"eligibleLogCategories":"AppServiceAppLogs,AppServiceAuditLogs,AppServiceConsoleLogs,AppServiceHTTPLogs,AppServiceIPSecAuditLogs,AppServicePlatformLogs,ScanLogs,AppServiceFileAuditLogs,AppServiceAntivirusScanAuditLogs","storageAccountRequired":false}}'
    headers:
      cache-control:
      - no-cache
      content-length:
      - '6203'
      content-type:
      - application/json
      date:
      - Wed, 31 Mar 2021 19:45:28 GMT
      etag:
      - '"1D726665C15BB0B"'
      expires:
      - '-1'
      pragma:
      - no-cache
      server:
      - Microsoft-IIS/10.0
      strict-transport-security:
      - max-age=31536000; includeSubDomains
      transfer-encoding:
      - chunked
      vary:
      - Accept-Encoding
      x-aspnet-version:
      - 4.0.30319
      x-content-type-options:
      - nosniff
      x-ms-ratelimit-remaining-subscription-resource-requests:
      - '499'
      x-powered-by:
      - ASP.NET
    status:
      code: 200
      message: OK
- request:
    body: '{"format": "WebDeploy"}'
    headers:
      Accept:
      - application/xml
      Accept-Encoding:
      - gzip, deflate
      CommandName:
      - webapp create
      Connection:
      - keep-alive
      Content-Length:
      - '23'
      Content-Type:
      - application/json
      ParameterSetName:
      - -g -n --plan
      User-Agent:
      - AZURECLI/2.21.0 azsdk-python-azure-mgmt-web/2.0.0 Python/3.8.2 (macOS-10.16-x86_64-i386-64bit)
    method: POST
    uri: https://management.azure.com/subscriptions/00000000-0000-0000-0000-000000000000/resourceGroups/clitest.rg000001/providers/Microsoft.Web/sites/swiftwebapp000003/publishxml?api-version=2020-09-01
  response:
    body:
      string: <publishData><publishProfile profileName="swiftwebapp000003 - Web Deploy"
        publishMethod="MSDeploy" publishUrl="swiftwebapp000003.scm.azurewebsites.net:443"
        msdeploySite="swiftwebapp000003" userName="$swiftwebapp000003" userPWD="lajp1GbzMeaKiYQWF3glu2bA6bqhBocAbF5MfthqzaSZTdvNzLDkD9uvgmSa"
        destinationAppUrl="http://swiftwebapp000003.azurewebsites.net" SQLServerDBConnectionString=""
        mySQLDBConnectionString="" hostingProviderForumLink="" controlPanelLink="http://windows.azure.com"
        webSystem="WebSites"><databases /></publishProfile><publishProfile profileName="swiftwebapp000003
        - FTP" publishMethod="FTP" publishUrl="ftp://waws-prod-os1-011.ftp.azurewebsites.windows.net/site/wwwroot"
        ftpPassiveMode="True" userName="swiftwebapp000003\$swiftwebapp000003" userPWD="lajp1GbzMeaKiYQWF3glu2bA6bqhBocAbF5MfthqzaSZTdvNzLDkD9uvgmSa"
        destinationAppUrl="http://swiftwebapp000003.azurewebsites.net" SQLServerDBConnectionString=""
        mySQLDBConnectionString="" hostingProviderForumLink="" controlPanelLink="http://windows.azure.com"
        webSystem="WebSites"><databases /></publishProfile><publishProfile profileName="swiftwebapp000003
        - Zip Deploy" publishMethod="ZipDeploy" publishUrl="swiftwebapp000003.scm.azurewebsites.net:443"
        userName="$swiftwebapp000003" userPWD="lajp1GbzMeaKiYQWF3glu2bA6bqhBocAbF5MfthqzaSZTdvNzLDkD9uvgmSa"
        destinationAppUrl="http://swiftwebapp000003.azurewebsites.net" SQLServerDBConnectionString=""
        mySQLDBConnectionString="" hostingProviderForumLink="" controlPanelLink="http://windows.azure.com"
        webSystem="WebSites"><databases /></publishProfile><publishProfile profileName="swiftwebapp000003
        - ReadOnly - FTP" publishMethod="FTP" publishUrl="ftp://waws-prod-os1-011dr.ftp.azurewebsites.windows.net/site/wwwroot"
        ftpPassiveMode="True" userName="swiftwebapp000003\$swiftwebapp000003" userPWD="lajp1GbzMeaKiYQWF3glu2bA6bqhBocAbF5MfthqzaSZTdvNzLDkD9uvgmSa"
        destinationAppUrl="http://swiftwebapp000003.azurewebsites.net" SQLServerDBConnectionString=""
        mySQLDBConnectionString="" hostingProviderForumLink="" controlPanelLink="http://windows.azure.com"
        webSystem="WebSites"><databases /></publishProfile></publishData>
    headers:
      cache-control:
      - no-cache
      content-length:
      - '2247'
      content-type:
      - application/xml
      date:
      - Wed, 31 Mar 2021 19:45:29 GMT
      expires:
      - '-1'
      pragma:
      - no-cache
      server:
      - Microsoft-IIS/10.0
      strict-transport-security:
      - max-age=31536000; includeSubDomains
      x-aspnet-version:
      - 4.0.30319
      x-content-type-options:
      - nosniff
      x-ms-ratelimit-remaining-subscription-resource-requests:
      - '11998'
      x-powered-by:
      - ASP.NET
    status:
      code: 200
      message: OK
- request:
    body: null
    headers:
      Accept:
      - application/json
      Accept-Encoding:
      - gzip, deflate
      CommandName:
      - webapp vnet-integration add
      Connection:
      - keep-alive
      ParameterSetName:
      - -g -n --vnet --subnet
      User-Agent:
      - AZURECLI/2.21.0 azsdk-python-azure-mgmt-network/18.0.0 Python/3.8.2 (macOS-10.16-x86_64-i386-64bit)
    method: GET
    uri: https://management.azure.com/subscriptions/00000000-0000-0000-0000-000000000000/providers/Microsoft.Network/virtualNetworks?api-version=2020-11-01
  response:
    body:
      string: '{"value":[{"name":"swiftnamejbhvboyfwbf3iuy","id":"/subscriptions/00000000-0000-0000-0000-000000000000/resourceGroups/clitest.rgbrhfetbnqu2diiu6wtg7ulvpfzy476b5wh5kmfkv56enipej2bm472vjctjcqtndw/providers/Microsoft.Network/virtualNetworks/swiftnamejbhvboyfwbf3iuy","etag":"W/\"53dc6d1b-f302-4996-a83e-97a75be2ad49\"","type":"Microsoft.Network/virtualNetworks","location":"japanwest","tags":{},"properties":{"provisioningState":"Succeeded","resourceGuid":"ed90a1bb-fc8c-42e6-a4eb-e9fb6bef710d","addressSpace":{"addressPrefixes":["10.0.0.0/16"]},"dhcpOptions":{"dnsServers":[]},"subnets":[{"name":"swiftsubnethuiwbnzmqws3b","id":"/subscriptions/00000000-0000-0000-0000-000000000000/resourceGroups/clitest.rgbrhfetbnqu2diiu6wtg7ulvpfzy476b5wh5kmfkv56enipej2bm472vjctjcqtndw/providers/Microsoft.Network/virtualNetworks/swiftnamejbhvboyfwbf3iuy/subnets/swiftsubnethuiwbnzmqws3b","etag":"W/\"53dc6d1b-f302-4996-a83e-97a75be2ad49\"","properties":{"provisioningState":"Succeeded","addressPrefix":"10.0.0.0/24","serviceEndpoints":[{"provisioningState":"Succeeded","service":"Microsoft.Storage","locations":["japanwest","japaneast"]}],"delegations":[{"name":"0","id":"/subscriptions/00000000-0000-0000-0000-000000000000/resourceGroups/clitest.rgbrhfetbnqu2diiu6wtg7ulvpfzy476b5wh5kmfkv56enipej2bm472vjctjcqtndw/providers/Microsoft.Network/virtualNetworks/swiftnamejbhvboyfwbf3iuy/subnets/swiftsubnethuiwbnzmqws3b/delegations/0","etag":"W/\"53dc6d1b-f302-4996-a83e-97a75be2ad49\"","properties":{"provisioningState":"Succeeded","serviceName":"Microsoft.Web/serverfarms","actions":["Microsoft.Network/virtualNetworks/subnets/action"]},"type":"Microsoft.Network/virtualNetworks/subnets/delegations"}],"privateEndpointNetworkPolicies":"Enabled","privateLinkServiceNetworkPolicies":"Enabled"},"type":"Microsoft.Network/virtualNetworks/subnets"}],"virtualNetworkPeerings":[],"enableDdosProtection":false}},{"name":"swiftname000007","id":"/subscriptions/00000000-0000-0000-0000-000000000000/resourceGroups/clitest.rg000001/providers/Microsoft.Network/virtualNetworks/swiftname000007","etag":"W/\"0a61e0f5-36ee-4e6d-a89f-463f1f86bf54\"","type":"Microsoft.Network/virtualNetworks","location":"japanwest","tags":{},"properties":{"provisioningState":"Succeeded","resourceGuid":"75319491-c41e-4187-bc3c-877fc900e14d","addressSpace":{"addressPrefixes":["10.0.0.0/16"]},"dhcpOptions":{"dnsServers":[]},"subnets":[{"name":"swiftsubnet000005","id":"/subscriptions/00000000-0000-0000-0000-000000000000/resourceGroups/clitest.rg000001/providers/Microsoft.Network/virtualNetworks/swiftname000007/subnets/swiftsubnet000005","etag":"W/\"0a61e0f5-36ee-4e6d-a89f-463f1f86bf54\"","properties":{"provisioningState":"Succeeded","addressPrefix":"10.0.0.0/24","delegations":[],"privateEndpointNetworkPolicies":"Enabled","privateLinkServiceNetworkPolicies":"Enabled"},"type":"Microsoft.Network/virtualNetworks/subnets"}],"virtualNetworkPeerings":[],"enableDdosProtection":false}},{"name":"swiftnamee2pihxgd2aqn4dd","id":"/subscriptions/00000000-0000-0000-0000-000000000000/resourceGroups/clitest.rgn3wnggzvzppymw37rzarfcq7i4cak7nfx6fc2fac3rrguidgyymoqlyztr33tmwzc/providers/Microsoft.Network/virtualNetworks/swiftnamee2pihxgd2aqn4dd","etag":"W/\"cd7b70c2-76d3-4754-b5c7-245a60c89aab\"","type":"Microsoft.Network/virtualNetworks","location":"japanwest","tags":{},"properties":{"provisioningState":"Succeeded","resourceGuid":"8ca4579e-6d44-4c94-bf1b-cdd08038093f","addressSpace":{"addressPrefixes":["10.0.0.0/16"]},"dhcpOptions":{"dnsServers":[]},"subnets":[{"name":"swiftsubnetvbxvmqp5k6k7n","id":"/subscriptions/00000000-0000-0000-0000-000000000000/resourceGroups/clitest.rgn3wnggzvzppymw37rzarfcq7i4cak7nfx6fc2fac3rrguidgyymoqlyztr33tmwzc/providers/Microsoft.Network/virtualNetworks/swiftnamee2pihxgd2aqn4dd/subnets/swiftsubnetvbxvmqp5k6k7n","etag":"W/\"cd7b70c2-76d3-4754-b5c7-245a60c89aab\"","properties":{"provisioningState":"Succeeded","addressPrefix":"10.0.0.0/24","delegations":[{"name":"0","id":"/subscriptions/00000000-0000-0000-0000-000000000000/resourceGroups/clitest.rgn3wnggzvzppymw37rzarfcq7i4cak7nfx6fc2fac3rrguidgyymoqlyztr33tmwzc/providers/Microsoft.Network/virtualNetworks/swiftnamee2pihxgd2aqn4dd/subnets/swiftsubnetvbxvmqp5k6k7n/delegations/0","etag":"W/\"cd7b70c2-76d3-4754-b5c7-245a60c89aab\"","properties":{"provisioningState":"Succeeded","serviceName":"Microsoft.Web/serverfarms","actions":["Microsoft.Network/virtualNetworks/subnets/action"]},"type":"Microsoft.Network/virtualNetworks/subnets/delegations"}],"privateEndpointNetworkPolicies":"Enabled","privateLinkServiceNetworkPolicies":"Enabled"},"type":"Microsoft.Network/virtualNetworks/subnets"}],"virtualNetworkPeerings":[],"enableDdosProtection":false}},{"name":"swiftnamenvmlwrt2tlstqf3","id":"/subscriptions/00000000-0000-0000-0000-000000000000/resourceGroups/clitest.rgtv24bduk5qsn6vwtm3buuun7uro3shp4twtuttjthvitmqvtkzql7djjvsebfhdkd/providers/Microsoft.Network/virtualNetworks/swiftnamenvmlwrt2tlstqf3","etag":"W/\"ec41e126-0368-477f-afc6-7ed887e836a1\"","type":"Microsoft.Network/virtualNetworks","location":"japanwest","tags":{},"properties":{"provisioningState":"Succeeded","resourceGuid":"1283d704-e1aa-4b4f-8760-1f65e75a4e24","addressSpace":{"addressPrefixes":["10.0.0.0/16"]},"dhcpOptions":{"dnsServers":[]},"subnets":[{"name":"swiftsubnettal5k6voynjup","id":"/subscriptions/00000000-0000-0000-0000-000000000000/resourceGroups/clitest.rgtv24bduk5qsn6vwtm3buuun7uro3shp4twtuttjthvitmqvtkzql7djjvsebfhdkd/providers/Microsoft.Network/virtualNetworks/swiftnamenvmlwrt2tlstqf3/subnets/swiftsubnettal5k6voynjup","etag":"W/\"ec41e126-0368-477f-afc6-7ed887e836a1\"","properties":{"provisioningState":"Succeeded","addressPrefix":"10.0.0.0/24","delegations":[{"name":"delegation","id":"/subscriptions/00000000-0000-0000-0000-000000000000/resourceGroups/clitest.rgtv24bduk5qsn6vwtm3buuun7uro3shp4twtuttjthvitmqvtkzql7djjvsebfhdkd/providers/Microsoft.Network/virtualNetworks/swiftnamenvmlwrt2tlstqf3/subnets/swiftsubnettal5k6voynjup/delegations/delegation","etag":"W/\"ec41e126-0368-477f-afc6-7ed887e836a1\"","properties":{"provisioningState":"Succeeded","serviceName":"Microsoft.Web/serverFarms","actions":["Microsoft.Network/virtualNetworks/subnets/action"]},"type":"Microsoft.Network/virtualNetworks/subnets/delegations"}],"privateEndpointNetworkPolicies":"Enabled","privateLinkServiceNetworkPolicies":"Enabled"},"type":"Microsoft.Network/virtualNetworks/subnets"}],"virtualNetworkPeerings":[],"enableDdosProtection":false}},{"name":"swiftnamelnos5ipry3jokez","id":"/subscriptions/00000000-0000-0000-0000-000000000000/resourceGroups/swiftwebapp2xackxcbbdf5m/providers/Microsoft.Network/virtualNetworks/swiftnamelnos5ipry3jokez","etag":"W/\"95a43d5d-4255-4e52-9442-14ff1877e000\"","type":"Microsoft.Network/virtualNetworks","location":"japanwest","tags":{},"properties":{"provisioningState":"Succeeded","resourceGuid":"6c4cba3f-30b7-4bcf-bc10-84ae8fffb950","addressSpace":{"addressPrefixes":["10.0.0.0/16"]},"dhcpOptions":{"dnsServers":[]},"subnets":[{"name":"swiftsubnettnndnmghz3n4x","id":"/subscriptions/00000000-0000-0000-0000-000000000000/resourceGroups/swiftwebapp2xackxcbbdf5m/providers/Microsoft.Network/virtualNetworks/swiftnamelnos5ipry3jokez/subnets/swiftsubnettnndnmghz3n4x","etag":"W/\"95a43d5d-4255-4e52-9442-14ff1877e000\"","properties":{"provisioningState":"Succeeded","addressPrefix":"10.0.0.0/24","networkSecurityGroup":{"id":"/subscriptions/00000000-0000-0000-0000-000000000000/resourceGroups/cleanupservice/providers/Microsoft.Network/networkSecurityGroups/rg-cleanupservice-nsg2"},"delegations":[{"name":"delegation","id":"/subscriptions/00000000-0000-0000-0000-000000000000/resourceGroups/swiftwebapp2xackxcbbdf5m/providers/Microsoft.Network/virtualNetworks/swiftnamelnos5ipry3jokez/subnets/swiftsubnettnndnmghz3n4x/delegations/delegation","etag":"W/\"95a43d5d-4255-4e52-9442-14ff1877e000\"","properties":{"provisioningState":"Succeeded","serviceName":"Microsoft.Web/serverFarms","actions":["Microsoft.Network/virtualNetworks/subnets/action"]},"type":"Microsoft.Network/virtualNetworks/subnets/delegations"}],"privateEndpointNetworkPolicies":"Enabled","privateLinkServiceNetworkPolicies":"Enabled"},"type":"Microsoft.Network/virtualNetworks/subnets"}],"virtualNetworkPeerings":[],"enableDdosProtection":false}},{"name":"swiftname000007","id":"/subscriptions/00000000-0000-0000-0000-000000000000/resourceGroups/swiftwebapp000002/providers/Microsoft.Network/virtualNetworks/swiftname000007","etag":"W/\"7cad7bc4-9459-4bdd-bc8a-b31210e3dd17\"","type":"Microsoft.Network/virtualNetworks","location":"japanwest","tags":{},"properties":{"provisioningState":"Succeeded","resourceGuid":"2db4a063-6fb2-4d18-bddf-5ba52269c748","addressSpace":{"addressPrefixes":["10.0.0.0/16"]},"dhcpOptions":{"dnsServers":[]},"subnets":[{"name":"swiftsubnet000006","id":"/subscriptions/00000000-0000-0000-0000-000000000000/resourceGroups/swiftwebapp000002/providers/Microsoft.Network/virtualNetworks/swiftname000007/subnets/swiftsubnet000006","etag":"W/\"7cad7bc4-9459-4bdd-bc8a-b31210e3dd17\"","properties":{"provisioningState":"Succeeded","addressPrefix":"10.0.0.0/24","delegations":[],"privateEndpointNetworkPolicies":"Enabled","privateLinkServiceNetworkPolicies":"Enabled"},"type":"Microsoft.Network/virtualNetworks/subnets"}],"virtualNetworkPeerings":[],"enableDdosProtection":false}},{"name":"swiftnamejy56hz4n42ffb6o","id":"/subscriptions/00000000-0000-0000-0000-000000000000/resourceGroups/swiftwebappi6lp3fyfa72kd/providers/Microsoft.Network/virtualNetworks/swiftnamejy56hz4n42ffb6o","etag":"W/\"f0af6f93-5d6c-4983-98ac-65788167f072\"","type":"Microsoft.Network/virtualNetworks","location":"japanwest","tags":{},"properties":{"provisioningState":"Succeeded","resourceGuid":"8d12d116-b29b-4a0e-bad4-c84e9d240c00","addressSpace":{"addressPrefixes":["10.0.0.0/16"]},"dhcpOptions":{"dnsServers":[]},"subnets":[{"name":"swiftsubnetkdmrzfhehuovr","id":"/subscriptions/00000000-0000-0000-0000-000000000000/resourceGroups/swiftwebappi6lp3fyfa72kd/providers/Microsoft.Network/virtualNetworks/swiftnamejy56hz4n42ffb6o/subnets/swiftsubnetkdmrzfhehuovr","etag":"W/\"f0af6f93-5d6c-4983-98ac-65788167f072\"","properties":{"provisioningState":"Succeeded","addressPrefix":"10.0.0.0/24","networkSecurityGroup":{"id":"/subscriptions/00000000-0000-0000-0000-000000000000/resourceGroups/cleanupservice/providers/Microsoft.Network/networkSecurityGroups/rg-cleanupservice-nsg2"},"delegations":[{"name":"delegation","id":"/subscriptions/00000000-0000-0000-0000-000000000000/resourceGroups/swiftwebappi6lp3fyfa72kd/providers/Microsoft.Network/virtualNetworks/swiftnamejy56hz4n42ffb6o/subnets/swiftsubnetkdmrzfhehuovr/delegations/delegation","etag":"W/\"f0af6f93-5d6c-4983-98ac-65788167f072\"","properties":{"provisioningState":"Succeeded","serviceName":"Microsoft.Web/serverFarms","actions":["Microsoft.Network/virtualNetworks/subnets/action"]},"type":"Microsoft.Network/virtualNetworks/subnets/delegations"}],"privateEndpointNetworkPolicies":"Enabled","privateLinkServiceNetworkPolicies":"Enabled"},"type":"Microsoft.Network/virtualNetworks/subnets"}],"virtualNetworkPeerings":[],"enableDdosProtection":false}},{"name":"swiftnamerzj5ftn236jkmbl","id":"/subscriptions/00000000-0000-0000-0000-000000000000/resourceGroups/swiftwebappt3tidggaeuudd/providers/Microsoft.Network/virtualNetworks/swiftnamerzj5ftn236jkmbl","etag":"W/\"9765fb53-c03c-46eb-80b0-5df03031da53\"","type":"Microsoft.Network/virtualNetworks","location":"japanwest","tags":{},"properties":{"provisioningState":"Succeeded","resourceGuid":"0f23186d-cc3c-41b8-b992-6ad69eedf600","addressSpace":{"addressPrefixes":["10.0.0.0/16"]},"dhcpOptions":{"dnsServers":[]},"subnets":[{"name":"swiftsubnet3az5i3jojij4c","id":"/subscriptions/00000000-0000-0000-0000-000000000000/resourceGroups/swiftwebappt3tidggaeuudd/providers/Microsoft.Network/virtualNetworks/swiftnamerzj5ftn236jkmbl/subnets/swiftsubnet3az5i3jojij4c","etag":"W/\"9765fb53-c03c-46eb-80b0-5df03031da53\"","properties":{"provisioningState":"Succeeded","addressPrefix":"10.0.0.0/24","networkSecurityGroup":{"id":"/subscriptions/00000000-0000-0000-0000-000000000000/resourceGroups/cleanupservice/providers/Microsoft.Network/networkSecurityGroups/rg-cleanupservice-nsg2"},"delegations":[{"name":"delegation","id":"/subscriptions/00000000-0000-0000-0000-000000000000/resourceGroups/swiftwebappt3tidggaeuudd/providers/Microsoft.Network/virtualNetworks/swiftnamerzj5ftn236jkmbl/subnets/swiftsubnet3az5i3jojij4c/delegations/delegation","etag":"W/\"9765fb53-c03c-46eb-80b0-5df03031da53\"","properties":{"provisioningState":"Succeeded","serviceName":"Microsoft.Web/serverFarms","actions":["Microsoft.Network/virtualNetworks/subnets/action"]},"type":"Microsoft.Network/virtualNetworks/subnets/delegations"}],"privateEndpointNetworkPolicies":"Enabled","privateLinkServiceNetworkPolicies":"Enabled"},"type":"Microsoft.Network/virtualNetworks/subnets"}],"virtualNetworkPeerings":[],"enableDdosProtection":false}},{"name":"swiftnamedbscrndb7felg5o","id":"/subscriptions/00000000-0000-0000-0000-000000000000/resourceGroups/swiftwebappv6czyvtds2mir/providers/Microsoft.Network/virtualNetworks/swiftnamedbscrndb7felg5o","etag":"W/\"8d05531d-9025-4b66-928c-ac697060aae0\"","type":"Microsoft.Network/virtualNetworks","location":"japanwest","tags":{},"properties":{"provisioningState":"Succeeded","resourceGuid":"a7de071e-0301-4312-9a86-421b9e44469b","addressSpace":{"addressPrefixes":["10.0.0.0/16"]},"dhcpOptions":{"dnsServers":[]},"subnets":[{"name":"swiftsubnetbhpddmeycgih7","id":"/subscriptions/00000000-0000-0000-0000-000000000000/resourceGroups/swiftwebappv6czyvtds2mir/providers/Microsoft.Network/virtualNetworks/swiftnamedbscrndb7felg5o/subnets/swiftsubnetbhpddmeycgih7","etag":"W/\"8d05531d-9025-4b66-928c-ac697060aae0\"","properties":{"provisioningState":"Succeeded","addressPrefix":"10.0.0.0/24","networkSecurityGroup":{"id":"/subscriptions/00000000-0000-0000-0000-000000000000/resourceGroups/cleanupservice/providers/Microsoft.Network/networkSecurityGroups/rg-cleanupservice-nsg2"},"delegations":[{"name":"delegation","id":"/subscriptions/00000000-0000-0000-0000-000000000000/resourceGroups/swiftwebappv6czyvtds2mir/providers/Microsoft.Network/virtualNetworks/swiftnamedbscrndb7felg5o/subnets/swiftsubnetbhpddmeycgih7/delegations/delegation","etag":"W/\"8d05531d-9025-4b66-928c-ac697060aae0\"","properties":{"provisioningState":"Succeeded","serviceName":"Microsoft.Web/serverFarms","actions":["Microsoft.Network/virtualNetworks/subnets/action"]},"type":"Microsoft.Network/virtualNetworks/subnets/delegations"}],"privateEndpointNetworkPolicies":"Enabled","privateLinkServiceNetworkPolicies":"Enabled"},"type":"Microsoft.Network/virtualNetworks/subnets"}],"virtualNetworkPeerings":[],"enableDdosProtection":false}},{"name":"sisirap-VNET","id":"/subscriptions/00000000-0000-0000-0000-000000000000/resourceGroups/sisirap-RG/providers/Microsoft.Network/virtualNetworks/sisirap-VNET","etag":"W/\"dc4e4907-e5dd-49fe-8934-395113f297f4\"","type":"Microsoft.Network/virtualNetworks","location":"westus2","properties":{"provisioningState":"Succeeded","resourceGuid":"a0d5eb08-6660-4ad3-b14c-4ad9260cce50","addressSpace":{"addressPrefixes":["192.168.250.0/23"]},"subnets":[{"name":"sisirap-VNETsubnet","id":"/subscriptions/00000000-0000-0000-0000-000000000000/resourceGroups/sisirap-RG/providers/Microsoft.Network/virtualNetworks/sisirap-VNET/subnets/sisirap-VNETsubnet","etag":"W/\"dc4e4907-e5dd-49fe-8934-395113f297f4\"","properties":{"provisioningState":"Succeeded","addressPrefix":"192.168.250.0/24","networkSecurityGroup":{"id":"/subscriptions/00000000-0000-0000-0000-000000000000/resourceGroups/cleanupservice/providers/Microsoft.Network/networkSecurityGroups/rg-cleanupservice-nsg3"},"ipConfigurations":[{"id":"/subscriptions/00000000-0000-0000-0000-000000000000/resourceGroups/sisirap-RG/providers/Microsoft.Network/networkInterfaces/sisirap-ASEV3-privateEndpoint.nic.d64a5264-e130-41bf-a568-46c50228452c/ipConfigurations/hostingEnvironments-hostingEnvironments.privateEndpoint"}],"privateEndpoints":[{"id":"/subscriptions/00000000-0000-0000-0000-000000000000/resourceGroups/sisirap-RG/providers/Microsoft.Network/privateEndpoints/sisirap-ASEV3-privateEndpoint"}],"delegations":[],"purpose":"PrivateEndpoints","privateEndpointNetworkPolicies":"Disabled","privateLinkServiceNetworkPolicies":"Enabled"},"type":"Microsoft.Network/virtualNetworks/subnets"},{"name":"sisirap-subnet-outbound","id":"/subscriptions/00000000-0000-0000-0000-000000000000/resourceGroups/sisirap-RG/providers/Microsoft.Network/virtualNetworks/sisirap-VNET/subnets/sisirap-subnet-outbound","etag":"W/\"dc4e4907-e5dd-49fe-8934-395113f297f4\"","properties":{"provisioningState":"Succeeded","addressPrefix":"192.168.251.0/24","networkSecurityGroup":{"id":"/subscriptions/00000000-0000-0000-0000-000000000000/resourceGroups/cleanupservice/providers/Microsoft.Network/networkSecurityGroups/rg-cleanupservice-nsg3"},"serviceAssociationLinks":[{"name":"AppServiceHostingEnvironmentLink","id":"/subscriptions/00000000-0000-0000-0000-000000000000/resourceGroups/sisirap-RG/providers/Microsoft.Network/virtualNetworks/sisirap-VNET/subnets/sisirap-subnet-outbound/serviceAssociationLinks/AppServiceHostingEnvironmentLink","etag":"W/\"dc4e4907-e5dd-49fe-8934-395113f297f4\"","type":"Microsoft.Network/virtualNetworks/subnets/serviceAssociationLinks","properties":{"provisioningState":"Succeeded","linkedResourceType":"Microsoft.Web/hostingEnvironments","link":"/subscriptions/00000000-0000-0000-0000-000000000000/resourceGroups/sisirap-RG/providers/Microsoft.Web/hostingEnvironments/sisirap-ASEV3","enabledForArmDeployments":false,"allowDelete":false,"locations":[]}}],"delegations":[{"name":"sisirap-ASEV3-delegation","id":"/subscriptions/00000000-0000-0000-0000-000000000000/resourceGroups/sisirap-RG/providers/Microsoft.Network/virtualNetworks/sisirap-VNET/subnets/sisirap-subnet-outbound/delegations/sisirap-ASEV3-delegation","etag":"W/\"dc4e4907-e5dd-49fe-8934-395113f297f4\"","properties":{"provisioningState":"Succeeded","serviceName":"Microsoft.Web/hostingEnvironments","actions":["Microsoft.Network/virtualNetworks/subnets/action"]},"type":"Microsoft.Network/virtualNetworks/subnets/delegations"}],"privateEndpointNetworkPolicies":"Enabled","privateLinkServiceNetworkPolicies":"Enabled"},"type":"Microsoft.Network/virtualNetworks/subnets"}],"virtualNetworkPeerings":[],"enableDdosProtection":false}}]}'
    headers:
      cache-control:
      - no-cache
      content-length:
      - '18614'
      content-type:
      - application/json; charset=utf-8
      date:
      - Wed, 31 Mar 2021 19:45:30 GMT
      expires:
      - '-1'
      pragma:
      - no-cache
      strict-transport-security:
      - max-age=31536000; includeSubDomains
      vary:
      - Accept-Encoding
      x-content-type-options:
      - nosniff
      x-ms-original-request-ids:
      - fbb3f154-a342-440b-a3f1-36a49e1ef251
      - a7aea12a-0628-4282-829c-8bf136d84312
    status:
      code: 200
      message: OK
- request:
    body: null
    headers:
      Accept:
      - application/json
      Accept-Encoding:
      - gzip, deflate
      CommandName:
      - webapp vnet-integration add
      Connection:
      - keep-alive
      ParameterSetName:
      - -g -n --vnet --subnet
      User-Agent:
      - AZURECLI/2.21.0 azsdk-python-azure-mgmt-web/2.0.0 Python/3.8.2 (macOS-10.16-x86_64-i386-64bit)
    method: GET
    uri: https://management.azure.com/subscriptions/00000000-0000-0000-0000-000000000000/resourceGroups/clitest.rg000001/providers/Microsoft.Web/sites/swiftwebapp000003/networkConfig/virtualNetwork?api-version=2020-09-01
  response:
    body:
      string: '{"id":"/subscriptions/00000000-0000-0000-0000-000000000000/resourceGroups/clitest.rg000001/providers/Microsoft.Web/sites/swiftwebapp000003/config/virtualNetwork","name":"virtualNetwork","type":"Microsoft.Web/sites/config","location":"Japan
        West","properties":{"subnetResourceId":null,"swiftSupported":true}}'
    headers:
      cache-control:
      - no-cache
      content-length:
      - '373'
      content-type:
      - application/json
      date:
      - Wed, 31 Mar 2021 19:45:32 GMT
      etag:
      - '"1D726665C15BB0B"'
      expires:
      - '-1'
      pragma:
      - no-cache
      server:
      - Microsoft-IIS/10.0
      strict-transport-security:
      - max-age=31536000; includeSubDomains
      transfer-encoding:
      - chunked
      vary:
      - Accept-Encoding
      x-aspnet-version:
      - 4.0.30319
      x-content-type-options:
      - nosniff
      x-powered-by:
      - ASP.NET
    status:
      code: 200
      message: OK
- request:
    body: null
    headers:
      Accept:
      - application/json
      Accept-Encoding:
      - gzip, deflate
      CommandName:
      - webapp vnet-integration add
      Connection:
      - keep-alive
      ParameterSetName:
      - -g -n --vnet --subnet
      User-Agent:
      - AZURECLI/2.21.0 azsdk-python-azure-mgmt-network/18.0.0 Python/3.8.2 (macOS-10.16-x86_64-i386-64bit)
    method: GET
    uri: https://management.azure.com/subscriptions/00000000-0000-0000-0000-000000000000/resourceGroups/clitest.rg000001/providers/Microsoft.Network/virtualNetworks/swiftname000007/subnets/swiftsubnet000005?api-version=2020-11-01
  response:
    body:
      string: "{\r\n  \"name\": \"swiftsubnet000005\",\r\n  \"id\": \"/subscriptions/00000000-0000-0000-0000-000000000000/resourceGroups/clitest.rg000001/providers/Microsoft.Network/virtualNetworks/swiftname000007/subnets/swiftsubnet000005\",\r\n
        \ \"etag\": \"W/\\\"0a61e0f5-36ee-4e6d-a89f-463f1f86bf54\\\"\",\r\n  \"properties\":
        {\r\n    \"provisioningState\": \"Succeeded\",\r\n    \"addressPrefix\": \"10.0.0.0/24\",\r\n
        \   \"delegations\": [],\r\n    \"privateEndpointNetworkPolicies\": \"Enabled\",\r\n
        \   \"privateLinkServiceNetworkPolicies\": \"Enabled\"\r\n  },\r\n  \"type\":
        \"Microsoft.Network/virtualNetworks/subnets\"\r\n}"
    headers:
      cache-control:
      - no-cache
      content-length:
      - '639'
      content-type:
      - application/json; charset=utf-8
      date:
      - Wed, 31 Mar 2021 19:45:33 GMT
      etag:
      - W/"0a61e0f5-36ee-4e6d-a89f-463f1f86bf54"
      expires:
      - '-1'
      pragma:
      - no-cache
      server:
      - Microsoft-HTTPAPI/2.0
      - Microsoft-HTTPAPI/2.0
      strict-transport-security:
      - max-age=31536000; includeSubDomains
      transfer-encoding:
      - chunked
      vary:
      - Accept-Encoding
      x-content-type-options:
      - nosniff
      x-ms-arm-service-request-id:
      - e240bc30-e8bd-4152-97da-0413d1b0a8b6
    status:
      code: 200
      message: OK
- request:
    body: '{"id": "/subscriptions/00000000-0000-0000-0000-000000000000/resourceGroups/clitest.rg000001/providers/Microsoft.Network/virtualNetworks/swiftname000007/subnets/swiftsubnet000005",
      "name": "swiftsubnet000005", "properties": {"addressPrefix": "10.0.0.0/24",
      "delegations": [{"name": "delegation", "properties": {"serviceName": "Microsoft.Web/serverFarms"}}],
      "privateEndpointNetworkPolicies": "Enabled", "privateLinkServiceNetworkPolicies":
      "Enabled"}}'
    headers:
      Accept:
      - application/json
      Accept-Encoding:
      - gzip, deflate
      CommandName:
      - webapp vnet-integration add
      Connection:
      - keep-alive
      Content-Length:
      - '532'
      Content-Type:
      - application/json
      ParameterSetName:
      - -g -n --vnet --subnet
      User-Agent:
      - AZURECLI/2.21.0 azsdk-python-azure-mgmt-network/18.0.0 Python/3.8.2 (macOS-10.16-x86_64-i386-64bit)
    method: PUT
    uri: https://management.azure.com/subscriptions/00000000-0000-0000-0000-000000000000/resourceGroups/clitest.rg000001/providers/Microsoft.Network/virtualNetworks/swiftname000007/subnets/swiftsubnet000005?api-version=2020-11-01
  response:
    body:
      string: "{\r\n  \"name\": \"swiftsubnet000005\",\r\n  \"id\": \"/subscriptions/00000000-0000-0000-0000-000000000000/resourceGroups/clitest.rg000001/providers/Microsoft.Network/virtualNetworks/swiftname000007/subnets/swiftsubnet000005\",\r\n
        \ \"etag\": \"W/\\\"6dacf5e4-f29d-49c7-a14d-44c7212fa110\\\"\",\r\n  \"properties\":
        {\r\n    \"provisioningState\": \"Updating\",\r\n    \"addressPrefix\": \"10.0.0.0/24\",\r\n
        \   \"delegations\": [\r\n      {\r\n        \"name\": \"delegation\",\r\n
        \       \"id\": \"/subscriptions/00000000-0000-0000-0000-000000000000/resourceGroups/clitest.rg000001/providers/Microsoft.Network/virtualNetworks/swiftname000007/subnets/swiftsubnet000005/delegations/delegation\",\r\n
        \       \"etag\": \"W/\\\"6dacf5e4-f29d-49c7-a14d-44c7212fa110\\\"\",\r\n
        \       \"properties\": {\r\n          \"provisioningState\": \"Succeeded\",\r\n
        \         \"serviceName\": \"Microsoft.Web/serverFarms\",\r\n          \"actions\":
        [\r\n            \"Microsoft.Network/virtualNetworks/subnets/action\"\r\n
        \         ]\r\n        },\r\n        \"type\": \"Microsoft.Network/virtualNetworks/subnets/delegations\"\r\n
        \     }\r\n    ],\r\n    \"privateEndpointNetworkPolicies\": \"Enabled\",\r\n
        \   \"privateLinkServiceNetworkPolicies\": \"Enabled\"\r\n  },\r\n  \"type\":
        \"Microsoft.Network/virtualNetworks/subnets\"\r\n}"
    headers:
      azure-asyncoperation:
      - https://management.azure.com/subscriptions/00000000-0000-0000-0000-000000000000/providers/Microsoft.Network/locations/japanwest/operations/0c3231e9-2d70-42bf-919e-07d1f9fcd99d?api-version=2020-11-01
      cache-control:
      - no-cache
      content-length:
      - '1353'
      content-type:
      - application/json; charset=utf-8
      date:
      - Wed, 31 Mar 2021 19:45:33 GMT
      expires:
      - '-1'
      pragma:
      - no-cache
      server:
      - Microsoft-HTTPAPI/2.0
      - Microsoft-HTTPAPI/2.0
      strict-transport-security:
      - max-age=31536000; includeSubDomains
      transfer-encoding:
      - chunked
      vary:
      - Accept-Encoding
      x-content-type-options:
      - nosniff
      x-ms-arm-service-request-id:
      - e0130aa3-3e3d-4c9f-add4-7f4b1081ea66
      x-ms-ratelimit-remaining-subscription-writes:
      - '1198'
    status:
      code: 200
      message: OK
- request:
    body: '{"properties": {"subnetResourceId": "/subscriptions/00000000-0000-0000-0000-000000000000/resourceGroups/clitest.rg000001/providers/Microsoft.Network/virtualNetworks/swiftname000007/subnets/swiftsubnet000005",
      "swiftSupported": true}}'
    headers:
      Accept:
      - application/json
      Accept-Encoding:
      - gzip, deflate
      CommandName:
      - webapp vnet-integration add
      Connection:
      - keep-alive
      Content-Length:
      - '308'
      Content-Type:
      - application/json
      ParameterSetName:
      - -g -n --vnet --subnet
      User-Agent:
      - AZURECLI/2.21.0 azsdk-python-azure-mgmt-web/2.0.0 Python/3.8.2 (macOS-10.16-x86_64-i386-64bit)
    method: PUT
    uri: https://management.azure.com/subscriptions/00000000-0000-0000-0000-000000000000/resourceGroups/clitest.rg000001/providers/Microsoft.Web/sites/swiftwebapp000003/networkConfig/virtualNetwork?api-version=2020-09-01
  response:
    body:
      string: '{"id":"/subscriptions/00000000-0000-0000-0000-000000000000/resourceGroups/clitest.rg000001/providers/Microsoft.Web/sites/swiftwebapp000003/config/virtualNetwork","name":"virtualNetwork","type":"Microsoft.Web/sites/config","location":"Japan
        West","properties":{"subnetResourceId":"/subscriptions/00000000-0000-0000-0000-000000000000/resourceGroups/clitest.rg000001/providers/Microsoft.Network/virtualNetworks/swiftname000007/subnets/swiftsubnet000005","swiftSupported":true}}'
    headers:
      cache-control:
      - no-cache
      content-length:
      - '615'
      content-type:
      - application/json
      date:
      - Wed, 31 Mar 2021 19:45:35 GMT
      etag:
      - '"1D726665C15BB0B"'
      expires:
      - '-1'
      pragma:
      - no-cache
      server:
      - Microsoft-IIS/10.0
      strict-transport-security:
      - max-age=31536000; includeSubDomains
      transfer-encoding:
      - chunked
      vary:
      - Accept-Encoding
      x-aspnet-version:
      - 4.0.30319
      x-content-type-options:
      - nosniff
      x-ms-ratelimit-remaining-subscription-writes:
      - '1197'
      x-powered-by:
      - ASP.NET
    status:
      code: 200
      message: OK
- request:
    body: null
    headers:
      Accept:
      - '*/*'
      Accept-Encoding:
      - gzip, deflate
      CommandName:
      - webapp vnet-integration add
      Connection:
      - keep-alive
      ParameterSetName:
      - -g -n --vnet --subnet
      User-Agent:
      - AZURECLI/2.21.0 azsdk-python-azure-mgmt-network/18.0.0 Python/3.8.2 (macOS-10.16-x86_64-i386-64bit)
    method: GET
    uri: https://management.azure.com/subscriptions/00000000-0000-0000-0000-000000000000/providers/Microsoft.Network/locations/japanwest/operations/0c3231e9-2d70-42bf-919e-07d1f9fcd99d?api-version=2020-11-01
  response:
    body:
      string: "{\r\n  \"status\": \"Succeeded\"\r\n}"
    headers:
      cache-control:
      - no-cache
      content-length:
      - '29'
      content-type:
      - application/json; charset=utf-8
      date:
      - Wed, 31 Mar 2021 19:45:37 GMT
      expires:
      - '-1'
      pragma:
      - no-cache
      server:
      - Microsoft-HTTPAPI/2.0
      - Microsoft-HTTPAPI/2.0
      strict-transport-security:
      - max-age=31536000; includeSubDomains
      transfer-encoding:
      - chunked
      vary:
      - Accept-Encoding
      x-content-type-options:
      - nosniff
      x-ms-arm-service-request-id:
      - 3bc4c089-b3dc-465e-ab29-0e1790c5ea6e
    status:
      code: 200
      message: OK
- request:
    body: null
    headers:
      Accept:
      - '*/*'
      Accept-Encoding:
      - gzip, deflate
      CommandName:
      - webapp vnet-integration add
      Connection:
      - keep-alive
      ParameterSetName:
      - -g -n --vnet --subnet
      User-Agent:
      - AZURECLI/2.21.0 azsdk-python-azure-mgmt-network/18.0.0 Python/3.8.2 (macOS-10.16-x86_64-i386-64bit)
    method: GET
    uri: https://management.azure.com/subscriptions/00000000-0000-0000-0000-000000000000/resourceGroups/clitest.rg000001/providers/Microsoft.Network/virtualNetworks/swiftname000007/subnets/swiftsubnet000005?api-version=2020-11-01
  response:
    body:
      string: "{\r\n  \"name\": \"swiftsubnet000005\",\r\n  \"id\": \"/subscriptions/00000000-0000-0000-0000-000000000000/resourceGroups/clitest.rg000001/providers/Microsoft.Network/virtualNetworks/swiftname000007/subnets/swiftsubnet000005\",\r\n
        \ \"etag\": \"W/\\\"2c881b3e-8d2b-4ac1-8919-3fc197accff8\\\"\",\r\n  \"properties\":
        {\r\n    \"provisioningState\": \"Succeeded\",\r\n    \"addressPrefix\": \"10.0.0.0/24\",\r\n
        \   \"serviceAssociationLinks\": [\r\n      {\r\n        \"name\": \"AppServiceLink\",\r\n
        \       \"id\": \"/subscriptions/00000000-0000-0000-0000-000000000000/resourceGroups/clitest.rg000001/providers/Microsoft.Network/virtualNetworks/swiftname000007/subnets/swiftsubnet000005/serviceAssociationLinks/AppServiceLink\",\r\n
        \       \"etag\": \"W/\\\"2c881b3e-8d2b-4ac1-8919-3fc197accff8\\\"\",\r\n
        \       \"type\": \"Microsoft.Network/virtualNetworks/subnets/serviceAssociationLinks\",\r\n
        \       \"properties\": {\r\n          \"provisioningState\": \"Succeeded\",\r\n
        \         \"linkedResourceType\": \"Microsoft.Web/serverfarms\",\r\n          \"link\":
        \"/subscriptions/00000000-0000-0000-0000-000000000000/resourceGroups/clitest.rg000001/providers/Microsoft.Web/serverfarms/swiftplan000004\",\r\n
        \         \"enabledForArmDeployments\": false,\r\n          \"allowDelete\":
        false,\r\n          \"locations\": []\r\n        }\r\n      }\r\n    ],\r\n
        \   \"delegations\": [\r\n      {\r\n        \"name\": \"delegation\",\r\n
        \       \"id\": \"/subscriptions/00000000-0000-0000-0000-000000000000/resourceGroups/clitest.rg000001/providers/Microsoft.Network/virtualNetworks/swiftname000007/subnets/swiftsubnet000005/delegations/delegation\",\r\n
        \       \"etag\": \"W/\\\"2c881b3e-8d2b-4ac1-8919-3fc197accff8\\\"\",\r\n
        \       \"properties\": {\r\n          \"provisioningState\": \"Succeeded\",\r\n
        \         \"serviceName\": \"Microsoft.Web/serverFarms\",\r\n          \"actions\":
        [\r\n            \"Microsoft.Network/virtualNetworks/subnets/action\"\r\n
        \         ]\r\n        },\r\n        \"type\": \"Microsoft.Network/virtualNetworks/subnets/delegations\"\r\n
        \     }\r\n    ],\r\n    \"privateEndpointNetworkPolicies\": \"Enabled\",\r\n
        \   \"privateLinkServiceNetworkPolicies\": \"Enabled\"\r\n  },\r\n  \"type\":
        \"Microsoft.Network/virtualNetworks/subnets\"\r\n}"
    headers:
      cache-control:
      - no-cache
      content-length:
      - '2375'
      content-type:
      - application/json; charset=utf-8
      date:
      - Wed, 31 Mar 2021 19:45:37 GMT
      etag:
      - W/"2c881b3e-8d2b-4ac1-8919-3fc197accff8"
      expires:
      - '-1'
      pragma:
      - no-cache
      server:
      - Microsoft-HTTPAPI/2.0
      - Microsoft-HTTPAPI/2.0
      strict-transport-security:
      - max-age=31536000; includeSubDomains
      transfer-encoding:
      - chunked
      vary:
      - Accept-Encoding
      x-content-type-options:
      - nosniff
      x-ms-arm-service-request-id:
      - 2b586581-57ad-4e9e-a9dd-83b197e8994b
    status:
      code: 200
      message: OK
- request:
    body: null
    headers:
      Accept:
      - application/json
      Accept-Encoding:
      - gzip, deflate
      CommandName:
      - webapp vnet-integration list
      Connection:
      - keep-alive
      ParameterSetName:
      - -g -n
      User-Agent:
      - AZURECLI/2.21.0 azsdk-python-azure-mgmt-web/2.0.0 Python/3.8.2 (macOS-10.16-x86_64-i386-64bit)
    method: GET
    uri: https://management.azure.com/subscriptions/00000000-0000-0000-0000-000000000000/resourceGroups/clitest.rg000001/providers/Microsoft.Web/sites/swiftwebapp000003/virtualNetworkConnections?api-version=2020-09-01
  response:
    body:
      string: '[{"id":"/subscriptions/00000000-0000-0000-0000-000000000000/resourceGroups/clitest.rg000001/providers/Microsoft.Web/sites/swiftwebapp000003/virtualNetworkConnections/75319491-c41e-4187-bc3c-877fc900e14d_swiftsubnet000005","name":"75319491-c41e-4187-bc3c-877fc900e14d_swiftsubnet000005","type":"Microsoft.Web/sites/virtualNetworkConnections","location":"Japan
        West","properties":{"vnetResourceId":"/subscriptions/00000000-0000-0000-0000-000000000000/resourceGroups/clitest.rg000001/providers/Microsoft.Network/virtualNetworks/swiftname000007/subnets/swiftsubnet000005","certThumbprint":null,"certBlob":null,"routes":null,"resyncRequired":false,"dnsServers":null,"isSwift":true}}]'
    headers:
      cache-control:
      - no-cache
      content-length:
      - '833'
      content-type:
      - application/json
      date:
      - Wed, 31 Mar 2021 19:45:42 GMT
      expires:
      - '-1'
      pragma:
      - no-cache
      server:
      - Microsoft-IIS/10.0
      strict-transport-security:
      - max-age=31536000; includeSubDomains
      transfer-encoding:
      - chunked
      vary:
      - Accept-Encoding
      x-aspnet-version:
      - 4.0.30319
      x-content-type-options:
      - nosniff
      x-powered-by:
      - ASP.NET
    status:
      code: 200
      message: OK
- request:
    body: null
    headers:
      Accept:
      - application/json
      Accept-Encoding:
      - gzip, deflate
      CommandName:
      - webapp vnet-integration remove
      Connection:
      - keep-alive
      Content-Length:
      - '0'
      ParameterSetName:
      - -g -n
      User-Agent:
      - AZURECLI/2.21.0 azsdk-python-azure-mgmt-web/2.0.0 Python/3.8.2 (macOS-10.16-x86_64-i386-64bit)
    method: DELETE
    uri: https://management.azure.com/subscriptions/00000000-0000-0000-0000-000000000000/resourceGroups/clitest.rg000001/providers/Microsoft.Web/sites/swiftwebapp000003/networkConfig/virtualNetwork?api-version=2020-09-01
  response:
    body:
      string: ''
    headers:
      cache-control:
      - no-cache
      content-length:
      - '0'
      date:
      - Wed, 31 Mar 2021 19:45:45 GMT
      expires:
      - '-1'
      pragma:
      - no-cache
      server:
      - Microsoft-IIS/10.0
      strict-transport-security:
      - max-age=31536000; includeSubDomains
      x-aspnet-version:
      - 4.0.30319
      x-content-type-options:
      - nosniff
      x-ms-ratelimit-remaining-subscription-deletes:
      - '14999'
      x-powered-by:
      - ASP.NET
    status:
      code: 200
      message: OK
- request:
    body: null
    headers:
      Accept:
      - application/json
      Accept-Encoding:
      - gzip, deflate
      CommandName:
      - webapp vnet-integration list
      Connection:
      - keep-alive
      ParameterSetName:
      - -g -n
      User-Agent:
      - AZURECLI/2.21.0 azsdk-python-azure-mgmt-web/2.0.0 Python/3.8.2 (macOS-10.16-x86_64-i386-64bit)
    method: GET
    uri: https://management.azure.com/subscriptions/00000000-0000-0000-0000-000000000000/resourceGroups/clitest.rg000001/providers/Microsoft.Web/sites/swiftwebapp000003/virtualNetworkConnections?api-version=2020-09-01
  response:
    body:
      string: '[]'
    headers:
      cache-control:
      - no-cache
      content-length:
      - '2'
      content-type:
      - application/json
      date:
      - Wed, 31 Mar 2021 19:45:52 GMT
      expires:
      - '-1'
      pragma:
      - no-cache
      server:
      - Microsoft-IIS/10.0
      strict-transport-security:
      - max-age=31536000; includeSubDomains
      transfer-encoding:
      - chunked
      vary:
      - Accept-Encoding
      x-aspnet-version:
      - 4.0.30319
      x-content-type-options:
      - nosniff
      x-powered-by:
      - ASP.NET
    status:
      code: 200
      message: OK
- request:
    body: null
    headers:
      Accept:
      - application/json
      Accept-Encoding:
      - gzip, deflate
      CommandName:
      - webapp vnet-integration add
      Connection:
      - keep-alive
      ParameterSetName:
      - -g -n --vnet --subnet
      User-Agent:
      - AZURECLI/2.21.0 azsdk-python-azure-mgmt-web/2.0.0 Python/3.8.2 (macOS-10.16-x86_64-i386-64bit)
    method: GET
    uri: https://management.azure.com/subscriptions/00000000-0000-0000-0000-000000000000/resourceGroups/clitest.rg000001/providers/Microsoft.Web/sites/swiftwebapp000003/networkConfig/virtualNetwork?api-version=2020-09-01
  response:
    body:
      string: '{"id":"/subscriptions/00000000-0000-0000-0000-000000000000/resourceGroups/clitest.rg000001/providers/Microsoft.Web/sites/swiftwebapp000003/config/virtualNetwork","name":"virtualNetwork","type":"Microsoft.Web/sites/config","location":"Japan
        West","properties":{"subnetResourceId":null,"swiftSupported":true}}'
    headers:
      cache-control:
      - no-cache
      content-length:
      - '373'
      content-type:
      - application/json
      date:
      - Wed, 31 Mar 2021 19:45:53 GMT
      etag:
      - '"1D726666FCBCFEB"'
      expires:
      - '-1'
      pragma:
      - no-cache
      server:
      - Microsoft-IIS/10.0
      strict-transport-security:
      - max-age=31536000; includeSubDomains
      transfer-encoding:
      - chunked
      vary:
      - Accept-Encoding
      x-aspnet-version:
      - 4.0.30319
      x-content-type-options:
      - nosniff
      x-powered-by:
      - ASP.NET
    status:
      code: 200
      message: OK
- request:
    body: null
    headers:
      Accept:
      - application/json
      Accept-Encoding:
      - gzip, deflate
      CommandName:
      - webapp vnet-integration add
      Connection:
      - keep-alive
      ParameterSetName:
      - -g -n --vnet --subnet
      User-Agent:
      - AZURECLI/2.21.0 azsdk-python-azure-mgmt-network/18.0.0 Python/3.8.2 (macOS-10.16-x86_64-i386-64bit)
    method: GET
    uri: https://management.azure.com/subscriptions/00000000-0000-0000-0000-000000000000/resourceGroups/swiftwebapp000002/providers/Microsoft.Network/virtualNetworks/swiftname000007/subnets/swiftsubnet000006?api-version=2020-11-01
  response:
    body:
      string: "{\r\n  \"name\": \"swiftsubnet000006\",\r\n  \"id\": \"/subscriptions/00000000-0000-0000-0000-000000000000/resourceGroups/swiftwebapp000002/providers/Microsoft.Network/virtualNetworks/swiftname000007/subnets/swiftsubnet000006\",\r\n
        \ \"etag\": \"W/\\\"7cad7bc4-9459-4bdd-bc8a-b31210e3dd17\\\"\",\r\n  \"properties\":
        {\r\n    \"provisioningState\": \"Succeeded\",\r\n    \"addressPrefix\": \"10.0.0.0/24\",\r\n
        \   \"delegations\": [],\r\n    \"privateEndpointNetworkPolicies\": \"Enabled\",\r\n
        \   \"privateLinkServiceNetworkPolicies\": \"Enabled\"\r\n  },\r\n  \"type\":
        \"Microsoft.Network/virtualNetworks/subnets\"\r\n}"
    headers:
      cache-control:
      - no-cache
      content-length:
      - '588'
      content-type:
      - application/json; charset=utf-8
      date:
      - Wed, 31 Mar 2021 19:45:54 GMT
      etag:
      - W/"7cad7bc4-9459-4bdd-bc8a-b31210e3dd17"
      expires:
      - '-1'
      pragma:
      - no-cache
      server:
      - Microsoft-HTTPAPI/2.0
      - Microsoft-HTTPAPI/2.0
      strict-transport-security:
      - max-age=31536000; includeSubDomains
      transfer-encoding:
      - chunked
      vary:
      - Accept-Encoding
      x-content-type-options:
      - nosniff
      x-ms-arm-service-request-id:
      - eb3fb958-c757-4618-96f5-0c062b358ed7
    status:
      code: 200
      message: OK
- request:
    body: '{"id": "/subscriptions/00000000-0000-0000-0000-000000000000/resourceGroups/swiftwebapp000002/providers/Microsoft.Network/virtualNetworks/swiftname000007/subnets/swiftsubnet000006",
      "name": "swiftsubnet000006", "properties": {"addressPrefix": "10.0.0.0/24",
      "delegations": [{"name": "delegation", "properties": {"serviceName": "Microsoft.Web/serverFarms"}}],
      "privateEndpointNetworkPolicies": "Enabled", "privateLinkServiceNetworkPolicies":
      "Enabled"}}'
    headers:
      Accept:
      - application/json
      Accept-Encoding:
      - gzip, deflate
      CommandName:
      - webapp vnet-integration add
      Connection:
      - keep-alive
      Content-Length:
      - '481'
      Content-Type:
      - application/json
      ParameterSetName:
      - -g -n --vnet --subnet
      User-Agent:
      - AZURECLI/2.21.0 azsdk-python-azure-mgmt-network/18.0.0 Python/3.8.2 (macOS-10.16-x86_64-i386-64bit)
    method: PUT
    uri: https://management.azure.com/subscriptions/00000000-0000-0000-0000-000000000000/resourceGroups/swiftwebapp000002/providers/Microsoft.Network/virtualNetworks/swiftname000007/subnets/swiftsubnet000006?api-version=2020-11-01
  response:
    body:
      string: "{\r\n  \"name\": \"swiftsubnet000006\",\r\n  \"id\": \"/subscriptions/00000000-0000-0000-0000-000000000000/resourceGroups/swiftwebapp000002/providers/Microsoft.Network/virtualNetworks/swiftname000007/subnets/swiftsubnet000006\",\r\n
        \ \"etag\": \"W/\\\"d0efb2b4-a6b0-4346-ac57-141f3d913fed\\\"\",\r\n  \"properties\":
        {\r\n    \"provisioningState\": \"Updating\",\r\n    \"addressPrefix\": \"10.0.0.0/24\",\r\n
        \   \"delegations\": [\r\n      {\r\n        \"name\": \"delegation\",\r\n
        \       \"id\": \"/subscriptions/00000000-0000-0000-0000-000000000000/resourceGroups/swiftwebapp000002/providers/Microsoft.Network/virtualNetworks/swiftname000007/subnets/swiftsubnet000006/delegations/delegation\",\r\n
        \       \"etag\": \"W/\\\"d0efb2b4-a6b0-4346-ac57-141f3d913fed\\\"\",\r\n
        \       \"properties\": {\r\n          \"provisioningState\": \"Succeeded\",\r\n
        \         \"serviceName\": \"Microsoft.Web/serverFarms\",\r\n          \"actions\":
        [\r\n            \"Microsoft.Network/virtualNetworks/subnets/action\"\r\n
        \         ]\r\n        },\r\n        \"type\": \"Microsoft.Network/virtualNetworks/subnets/delegations\"\r\n
        \     }\r\n    ],\r\n    \"privateEndpointNetworkPolicies\": \"Enabled\",\r\n
        \   \"privateLinkServiceNetworkPolicies\": \"Enabled\"\r\n  },\r\n  \"type\":
        \"Microsoft.Network/virtualNetworks/subnets\"\r\n}"
    headers:
      azure-asyncoperation:
      - https://management.azure.com/subscriptions/00000000-0000-0000-0000-000000000000/providers/Microsoft.Network/locations/japanwest/operations/c20a6eaa-4892-4f58-8864-868078c39c09?api-version=2020-11-01
      cache-control:
      - no-cache
      content-length:
      - '1251'
      content-type:
      - application/json; charset=utf-8
      date:
      - Wed, 31 Mar 2021 19:45:54 GMT
      expires:
      - '-1'
      pragma:
      - no-cache
      server:
      - Microsoft-HTTPAPI/2.0
      - Microsoft-HTTPAPI/2.0
      strict-transport-security:
      - max-age=31536000; includeSubDomains
      transfer-encoding:
      - chunked
      vary:
      - Accept-Encoding
      x-content-type-options:
      - nosniff
      x-ms-arm-service-request-id:
      - 177d655e-8a0c-4cec-9e93-c431d9ad2ea9
      x-ms-ratelimit-remaining-subscription-writes:
      - '1198'
    status:
      code: 200
      message: OK
- request:
    body: '{"properties": {"subnetResourceId": "/subscriptions/00000000-0000-0000-0000-000000000000/resourceGroups/swiftwebapp000002/providers/Microsoft.Network/virtualNetworks/swiftname000007/subnets/swiftsubnet000006",
      "swiftSupported": true}}'
    headers:
      Accept:
      - application/json
      Accept-Encoding:
      - gzip, deflate
      CommandName:
      - webapp vnet-integration add
      Connection:
      - keep-alive
      Content-Length:
      - '257'
      Content-Type:
      - application/json
      ParameterSetName:
      - -g -n --vnet --subnet
      User-Agent:
      - AZURECLI/2.21.0 azsdk-python-azure-mgmt-web/2.0.0 Python/3.8.2 (macOS-10.16-x86_64-i386-64bit)
    method: PUT
    uri: https://management.azure.com/subscriptions/00000000-0000-0000-0000-000000000000/resourceGroups/clitest.rg000001/providers/Microsoft.Web/sites/swiftwebapp000003/networkConfig/virtualNetwork?api-version=2020-09-01
  response:
    body:
      string: '{"id":"/subscriptions/00000000-0000-0000-0000-000000000000/resourceGroups/clitest.rg000001/providers/Microsoft.Web/sites/swiftwebapp000003/config/virtualNetwork","name":"virtualNetwork","type":"Microsoft.Web/sites/config","location":"Japan
        West","properties":{"subnetResourceId":"/subscriptions/00000000-0000-0000-0000-000000000000/resourceGroups/swiftwebapp000002/providers/Microsoft.Network/virtualNetworks/swiftname000007/subnets/swiftsubnet000006","swiftSupported":true}}'
    headers:
      cache-control:
      - no-cache
      content-length:
      - '564'
      content-type:
      - application/json
      date:
      - Wed, 31 Mar 2021 19:45:57 GMT
      etag:
      - '"1D726666FCBCFEB"'
      expires:
      - '-1'
      pragma:
      - no-cache
      server:
      - Microsoft-IIS/10.0
      strict-transport-security:
      - max-age=31536000; includeSubDomains
      transfer-encoding:
      - chunked
      vary:
      - Accept-Encoding
      x-aspnet-version:
      - 4.0.30319
      x-content-type-options:
      - nosniff
      x-ms-ratelimit-remaining-subscription-writes:
      - '1197'
      x-powered-by:
      - ASP.NET
    status:
      code: 200
      message: OK
- request:
    body: null
    headers:
      Accept:
      - '*/*'
      Accept-Encoding:
      - gzip, deflate
      CommandName:
      - webapp vnet-integration add
      Connection:
      - keep-alive
      ParameterSetName:
      - -g -n --vnet --subnet
      User-Agent:
      - AZURECLI/2.21.0 azsdk-python-azure-mgmt-network/18.0.0 Python/3.8.2 (macOS-10.16-x86_64-i386-64bit)
    method: GET
    uri: https://management.azure.com/subscriptions/00000000-0000-0000-0000-000000000000/providers/Microsoft.Network/locations/japanwest/operations/c20a6eaa-4892-4f58-8864-868078c39c09?api-version=2020-11-01
  response:
    body:
      string: "{\r\n  \"status\": \"Succeeded\"\r\n}"
    headers:
      cache-control:
      - no-cache
      content-length:
      - '29'
      content-type:
      - application/json; charset=utf-8
      date:
      - Wed, 31 Mar 2021 19:45:58 GMT
      expires:
      - '-1'
      pragma:
      - no-cache
      server:
      - Microsoft-HTTPAPI/2.0
      - Microsoft-HTTPAPI/2.0
      strict-transport-security:
      - max-age=31536000; includeSubDomains
      transfer-encoding:
      - chunked
      vary:
      - Accept-Encoding
      x-content-type-options:
      - nosniff
      x-ms-arm-service-request-id:
      - d209d98f-86f1-434c-a274-53d0eb913306
    status:
      code: 200
      message: OK
- request:
    body: null
    headers:
      Accept:
      - '*/*'
      Accept-Encoding:
      - gzip, deflate
      CommandName:
      - webapp vnet-integration add
      Connection:
      - keep-alive
      ParameterSetName:
      - -g -n --vnet --subnet
      User-Agent:
      - AZURECLI/2.21.0 azsdk-python-azure-mgmt-network/18.0.0 Python/3.8.2 (macOS-10.16-x86_64-i386-64bit)
    method: GET
    uri: https://management.azure.com/subscriptions/00000000-0000-0000-0000-000000000000/resourceGroups/swiftwebapp000002/providers/Microsoft.Network/virtualNetworks/swiftname000007/subnets/swiftsubnet000006?api-version=2020-11-01
  response:
    body:
      string: "{\r\n  \"name\": \"swiftsubnet000006\",\r\n  \"id\": \"/subscriptions/00000000-0000-0000-0000-000000000000/resourceGroups/swiftwebapp000002/providers/Microsoft.Network/virtualNetworks/swiftname000007/subnets/swiftsubnet000006\",\r\n
        \ \"etag\": \"W/\\\"4c623195-a1e8-4ed8-be65-a98cd3e5d6bd\\\"\",\r\n  \"properties\":
        {\r\n    \"provisioningState\": \"Succeeded\",\r\n    \"addressPrefix\": \"10.0.0.0/24\",\r\n
        \   \"serviceAssociationLinks\": [\r\n      {\r\n        \"name\": \"AppServiceLink\",\r\n
        \       \"id\": \"/subscriptions/00000000-0000-0000-0000-000000000000/resourceGroups/swiftwebapp000002/providers/Microsoft.Network/virtualNetworks/swiftname000007/subnets/swiftsubnet000006/serviceAssociationLinks/AppServiceLink\",\r\n
        \       \"etag\": \"W/\\\"4c623195-a1e8-4ed8-be65-a98cd3e5d6bd\\\"\",\r\n
        \       \"type\": \"Microsoft.Network/virtualNetworks/subnets/serviceAssociationLinks\",\r\n
        \       \"properties\": {\r\n          \"provisioningState\": \"Succeeded\",\r\n
        \         \"linkedResourceType\": \"Microsoft.Web/serverfarms\",\r\n          \"link\":
        \"/subscriptions/00000000-0000-0000-0000-000000000000/resourceGroups/clitest.rg000001/providers/Microsoft.Web/serverfarms/swiftplan000004\",\r\n
        \         \"enabledForArmDeployments\": false,\r\n          \"allowDelete\":
        false,\r\n          \"locations\": []\r\n        }\r\n      }\r\n    ],\r\n
        \   \"delegations\": [\r\n      {\r\n        \"name\": \"delegation\",\r\n
        \       \"id\": \"/subscriptions/00000000-0000-0000-0000-000000000000/resourceGroups/swiftwebapp000002/providers/Microsoft.Network/virtualNetworks/swiftname000007/subnets/swiftsubnet000006/delegations/delegation\",\r\n
        \       \"etag\": \"W/\\\"4c623195-a1e8-4ed8-be65-a98cd3e5d6bd\\\"\",\r\n
        \       \"properties\": {\r\n          \"provisioningState\": \"Succeeded\",\r\n
        \         \"serviceName\": \"Microsoft.Web/serverFarms\",\r\n          \"actions\":
        [\r\n            \"Microsoft.Network/virtualNetworks/subnets/action\"\r\n
        \         ]\r\n        },\r\n        \"type\": \"Microsoft.Network/virtualNetworks/subnets/delegations\"\r\n
        \     }\r\n    ],\r\n    \"privateEndpointNetworkPolicies\": \"Enabled\",\r\n
        \   \"privateLinkServiceNetworkPolicies\": \"Enabled\"\r\n  },\r\n  \"type\":
        \"Microsoft.Network/virtualNetworks/subnets\"\r\n}"
    headers:
      cache-control:
      - no-cache
      content-length:
      - '2222'
      content-type:
      - application/json; charset=utf-8
      date:
      - Wed, 31 Mar 2021 19:45:58 GMT
      etag:
      - W/"4c623195-a1e8-4ed8-be65-a98cd3e5d6bd"
      expires:
      - '-1'
      pragma:
      - no-cache
      server:
      - Microsoft-HTTPAPI/2.0
      - Microsoft-HTTPAPI/2.0
      strict-transport-security:
      - max-age=31536000; includeSubDomains
      transfer-encoding:
      - chunked
      vary:
      - Accept-Encoding
      x-content-type-options:
      - nosniff
      x-ms-arm-service-request-id:
      - e4254dba-dd23-4472-9b6b-0e04bd4a364b
    status:
      code: 200
      message: OK
- request:
    body: null
    headers:
      Accept:
      - application/json
      Accept-Encoding:
      - gzip, deflate
      CommandName:
      - webapp vnet-integration list
      Connection:
      - keep-alive
      ParameterSetName:
      - -g -n
      User-Agent:
      - AZURECLI/2.21.0 azsdk-python-azure-mgmt-web/2.0.0 Python/3.8.2 (macOS-10.16-x86_64-i386-64bit)
    method: GET
    uri: https://management.azure.com/subscriptions/00000000-0000-0000-0000-000000000000/resourceGroups/clitest.rg000001/providers/Microsoft.Web/sites/swiftwebapp000003/virtualNetworkConnections?api-version=2020-09-01
  response:
    body:
      string: '[{"id":"/subscriptions/00000000-0000-0000-0000-000000000000/resourceGroups/clitest.rg000001/providers/Microsoft.Web/sites/swiftwebapp000003/virtualNetworkConnections/2db4a063-6fb2-4d18-bddf-5ba52269c748_swiftsubnet000006","name":"2db4a063-6fb2-4d18-bddf-5ba52269c748_swiftsubnet000006","type":"Microsoft.Web/sites/virtualNetworkConnections","location":"Japan
        West","properties":{"vnetResourceId":"/subscriptions/00000000-0000-0000-0000-000000000000/resourceGroups/swiftwebapp000002/providers/Microsoft.Network/virtualNetworks/swiftname000007/subnets/swiftsubnet000006","certThumbprint":null,"certBlob":null,"routes":null,"resyncRequired":false,"dnsServers":null,"isSwift":true}}]'
    headers:
      cache-control:
      - no-cache
      content-length:
      - '782'
      content-type:
      - application/json
      date:
      - Wed, 31 Mar 2021 19:46:04 GMT
      expires:
      - '-1'
      pragma:
      - no-cache
      server:
      - Microsoft-IIS/10.0
      strict-transport-security:
      - max-age=31536000; includeSubDomains
      transfer-encoding:
      - chunked
      vary:
      - Accept-Encoding
      x-aspnet-version:
      - 4.0.30319
      x-content-type-options:
      - nosniff
      x-powered-by:
      - ASP.NET
    status:
      code: 200
      message: OK
version: 1
