interactions:
- request:
    body: null
    headers:
      Accept:
      - application/json
      Accept-Encoding:
      - gzip, deflate
      CommandName:
      - appservice plan create
      Connection:
      - keep-alive
      ParameterSetName:
      - -g -n --is-linux
      User-Agent:
      - python/3.8.2 (macOS-10.16-x86_64-i386-64bit) msrest/0.6.21 msrest_azure/0.6.3
        azure-mgmt-resource/12.0.0 Azure-SDK-For-Python AZURECLI/2.21.0
      accept-language:
      - en-US
    method: GET
    uri: https://management.azure.com/subscriptions/00000000-0000-0000-0000-000000000000/resourcegroups/clitest.rg000001?api-version=2020-10-01
  response:
    body:
      string: '{"id":"/subscriptions/00000000-0000-0000-0000-000000000000/resourceGroups/clitest.rg000001","name":"clitest.rg000001","type":"Microsoft.Resources/resourceGroups","location":"eastus2","tags":{"product":"azurecli","cause":"automation","date":"2021-03-29T21:24:12Z"},"properties":{"provisioningState":"Succeeded"}}'
    headers:
      cache-control:
      - no-cache
      content-length:
      - '429'
      content-type:
      - application/json; charset=utf-8
      date:
      - Mon, 29 Mar 2021 21:24:14 GMT
      expires:
      - '-1'
      pragma:
      - no-cache
      strict-transport-security:
      - max-age=31536000; includeSubDomains
      vary:
      - Accept-Encoding
      x-content-type-options:
      - nosniff
    status:
      code: 200
      message: OK
- request:
    body: '{"name": "plan-linux-multi000003", "type": "Microsoft.Web/serverfarms",
      "location": "eastus2", "properties": {"skuName": "B1", "needLinuxWorkers": true,
      "capacity": 1}}'
    headers:
      Accept:
      - application/json
      Accept-Encoding:
      - gzip, deflate
      CommandName:
      - appservice plan create
      Connection:
      - keep-alive
      Content-Length:
      - '170'
      Content-Type:
      - application/json
      ParameterSetName:
      - -g -n --is-linux
      User-Agent:
      - AZURECLI/2.21.0 azsdk-python-azure-mgmt-web/2.0.0 Python/3.8.2 (macOS-10.16-x86_64-i386-64bit)
    method: POST
    uri: https://management.azure.com/subscriptions/00000000-0000-0000-0000-000000000000/resourceGroups/clitest.rg000001/providers/Microsoft.Web/validate?api-version=2020-09-01
  response:
    body:
      string: '{"status":"Success","error":null}'
    headers:
      cache-control:
      - no-cache
      content-length:
      - '33'
      content-type:
      - application/json
      date:
      - Mon, 29 Mar 2021 21:24:14 GMT
      expires:
      - '-1'
      pragma:
      - no-cache
      server:
      - Microsoft-IIS/10.0
      strict-transport-security:
      - max-age=31536000; includeSubDomains
      transfer-encoding:
      - chunked
      vary:
      - Accept-Encoding
      x-aspnet-version:
      - 4.0.30319
      x-content-type-options:
      - nosniff
      x-ms-ratelimit-remaining-subscription-writes:
      - '1199'
      x-powered-by:
      - ASP.NET
    status:
      code: 200
      message: OK
- request:
    body: null
    headers:
      Accept:
      - application/json
      Accept-Encoding:
      - gzip, deflate
      CommandName:
      - appservice plan create
      Connection:
      - keep-alive
      ParameterSetName:
      - -g -n --is-linux
      User-Agent:
      - python/3.8.2 (macOS-10.16-x86_64-i386-64bit) msrest/0.6.21 msrest_azure/0.6.3
        azure-mgmt-resource/12.0.0 Azure-SDK-For-Python AZURECLI/2.21.0
      accept-language:
      - en-US
    method: GET
    uri: https://management.azure.com/subscriptions/00000000-0000-0000-0000-000000000000/resourcegroups/clitest.rg000001?api-version=2020-10-01
  response:
    body:
      string: '{"id":"/subscriptions/00000000-0000-0000-0000-000000000000/resourceGroups/clitest.rg000001","name":"clitest.rg000001","type":"Microsoft.Resources/resourceGroups","location":"eastus2","tags":{"product":"azurecli","cause":"automation","date":"2021-03-29T21:24:12Z"},"properties":{"provisioningState":"Succeeded"}}'
    headers:
      cache-control:
      - no-cache
      content-length:
      - '429'
      content-type:
      - application/json; charset=utf-8
      date:
      - Mon, 29 Mar 2021 21:24:14 GMT
      expires:
      - '-1'
      pragma:
      - no-cache
      strict-transport-security:
      - max-age=31536000; includeSubDomains
      vary:
      - Accept-Encoding
      x-content-type-options:
      - nosniff
    status:
      code: 200
      message: OK
- request:
    body: '{"location": "eastus2", "sku": {"name": "B1", "tier": "BASIC", "capacity":
      1}, "properties": {"perSiteScaling": false, "reserved": true, "isXenon": false}}'
    headers:
      Accept:
      - application/json
      Accept-Encoding:
      - gzip, deflate
      CommandName:
      - appservice plan create
      Connection:
      - keep-alive
      Content-Length:
      - '155'
      Content-Type:
      - application/json
      ParameterSetName:
      - -g -n --is-linux
      User-Agent:
      - AZURECLI/2.21.0 azsdk-python-azure-mgmt-web/2.0.0 Python/3.8.2 (macOS-10.16-x86_64-i386-64bit)
    method: PUT
    uri: https://management.azure.com/subscriptions/00000000-0000-0000-0000-000000000000/resourceGroups/clitest.rg000001/providers/Microsoft.Web/serverfarms/plan-linux-multi000003?api-version=2020-09-01
  response:
    body:
      string: '{"id":"/subscriptions/00000000-0000-0000-0000-000000000000/resourceGroups/clitest.rg000001/providers/Microsoft.Web/serverfarms/plan-linux-multi000003","name":"plan-linux-multi000003","type":"Microsoft.Web/serverfarms","kind":"linux","location":"eastus2","properties":{"serverFarmId":9368,"name":"plan-linux-multi000003","sku":{"name":"B1","tier":"Basic","size":"B1","family":"B","capacity":1},"workerSize":"Default","workerSizeId":0,"workerTierName":null,"numberOfWorkers":1,"currentWorkerSize":"Default","currentWorkerSizeId":0,"currentNumberOfWorkers":1,"status":"Ready","webSpace":"clitest.rg000001-EastUS2webspace-Linux","subscription":"e483435e-282d-4ac1-92b5-d6123f2aa360","adminSiteName":null,"hostingEnvironment":null,"hostingEnvironmentProfile":null,"maximumNumberOfWorkers":0,"planName":"VirtualDedicatedPlan","adminRuntimeSiteName":null,"computeMode":"Dedicated","siteMode":null,"geoRegion":"East
        US 2","perSiteScaling":false,"maximumElasticWorkerCount":1,"numberOfSites":0,"hostingEnvironmentId":null,"isSpot":false,"spotExpirationTime":null,"freeOfferExpirationTime":"2021-04-28T21:24:17.9733333","tags":null,"kind":"linux","resourceGroup":"clitest.rg000001","reserved":true,"isXenon":false,"hyperV":false,"mdmId":"waws-prod-bn1-073_9368","targetWorkerCount":0,"targetWorkerSizeId":0,"provisioningState":"Succeeded","webSiteId":null,"existingServerFarmIds":null,"kubeEnvironmentProfile":null,"azBalancing":false},"sku":{"name":"B1","tier":"Basic","size":"B1","family":"B","capacity":1}}'
    headers:
      cache-control:
      - no-cache
      content-length:
      - '1682'
      content-type:
      - application/json
      date:
      - Mon, 29 Mar 2021 21:24:30 GMT
      etag:
      - '"1D724E1E74C5560"'
      expires:
      - '-1'
      pragma:
      - no-cache
      server:
      - Microsoft-IIS/10.0
      strict-transport-security:
      - max-age=31536000; includeSubDomains
      transfer-encoding:
      - chunked
      vary:
      - Accept-Encoding
      x-aspnet-version:
      - 4.0.30319
      x-content-type-options:
      - nosniff
      x-ms-ratelimit-remaining-subscription-writes:
      - '1199'
      x-powered-by:
      - ASP.NET
    status:
      code: 200
      message: OK
- request:
    body: null
    headers:
      Accept:
      - application/json
      Accept-Encoding:
      - gzip, deflate
      CommandName:
      - webapp create
      Connection:
      - keep-alive
      ParameterSetName:
      - -g -n --plan --multicontainer-config-file --multicontainer-config-type
      User-Agent:
      - AZURECLI/2.21.0 azsdk-python-azure-mgmt-web/2.0.0 Python/3.8.2 (macOS-10.16-x86_64-i386-64bit)
    method: GET
    uri: https://management.azure.com/subscriptions/00000000-0000-0000-0000-000000000000/resourceGroups/clitest.rg000001/providers/Microsoft.Web/serverfarms/plan-linux-multi000003?api-version=2020-09-01
  response:
    body:
      string: '{"id":"/subscriptions/00000000-0000-0000-0000-000000000000/resourceGroups/clitest.rg000001/providers/Microsoft.Web/serverfarms/plan-linux-multi000003","name":"plan-linux-multi000003","type":"Microsoft.Web/serverfarms","kind":"linux","location":"East
        US 2","properties":{"serverFarmId":9368,"name":"plan-linux-multi000003","workerSize":"Default","workerSizeId":0,"workerTierName":null,"numberOfWorkers":1,"currentWorkerSize":"Default","currentWorkerSizeId":0,"currentNumberOfWorkers":1,"status":"Ready","webSpace":"clitest.rg000001-EastUS2webspace-Linux","subscription":"e483435e-282d-4ac1-92b5-d6123f2aa360","adminSiteName":null,"hostingEnvironment":null,"hostingEnvironmentProfile":null,"maximumNumberOfWorkers":3,"planName":"VirtualDedicatedPlan","adminRuntimeSiteName":null,"computeMode":"Dedicated","siteMode":null,"geoRegion":"East
        US 2","perSiteScaling":false,"maximumElasticWorkerCount":1,"numberOfSites":0,"hostingEnvironmentId":null,"isSpot":false,"spotExpirationTime":null,"freeOfferExpirationTime":"2021-04-28T21:24:17.9733333","tags":null,"kind":"linux","resourceGroup":"clitest.rg000001","reserved":true,"isXenon":false,"hyperV":false,"mdmId":"waws-prod-bn1-073_9368","targetWorkerCount":0,"targetWorkerSizeId":0,"provisioningState":"Succeeded","webSiteId":null,"existingServerFarmIds":null,"kubeEnvironmentProfile":null,"azBalancing":false},"sku":{"name":"B1","tier":"Basic","size":"B1","family":"B","capacity":1}}'
    headers:
      cache-control:
      - no-cache
      content-length:
      - '1611'
      content-type:
      - application/json
      date:
      - Mon, 29 Mar 2021 21:24:31 GMT
      expires:
      - '-1'
      pragma:
      - no-cache
      server:
      - Microsoft-IIS/10.0
      strict-transport-security:
      - max-age=31536000; includeSubDomains
      transfer-encoding:
      - chunked
      vary:
      - Accept-Encoding
      x-aspnet-version:
      - 4.0.30319
      x-content-type-options:
      - nosniff
      x-powered-by:
      - ASP.NET
    status:
      code: 200
      message: OK
- request:
    body: '{"name": "webapp-linux-multi000002", "type": "Microsoft.Web/sites", "location":
      "East US 2", "properties": {"serverFarmId": "/subscriptions/00000000-0000-0000-0000-000000000000/resourceGroups/clitest.rg000001/providers/Microsoft.Web/serverfarms/plan-linux-multi000003"}}'
    headers:
      Accept:
      - application/json
      Accept-Encoding:
      - gzip, deflate
      CommandName:
      - webapp create
      Connection:
      - keep-alive
      Content-Length:
      - '331'
      Content-Type:
      - application/json
      ParameterSetName:
      - -g -n --plan --multicontainer-config-file --multicontainer-config-type
      User-Agent:
      - AZURECLI/2.21.0 azsdk-python-azure-mgmt-web/2.0.0 Python/3.8.2 (macOS-10.16-x86_64-i386-64bit)
    method: POST
    uri: https://management.azure.com/subscriptions/00000000-0000-0000-0000-000000000000/resourceGroups/clitest.rg000001/providers/Microsoft.Web/validate?api-version=2020-09-01
  response:
    body:
      string: '{"status":"Success","error":null}'
    headers:
      cache-control:
      - no-cache
      content-length:
      - '33'
      content-type:
      - application/json
      date:
      - Mon, 29 Mar 2021 21:24:31 GMT
      expires:
      - '-1'
      pragma:
      - no-cache
      server:
      - Microsoft-IIS/10.0
      strict-transport-security:
      - max-age=31536000; includeSubDomains
      transfer-encoding:
      - chunked
      vary:
      - Accept-Encoding
      x-aspnet-version:
      - 4.0.30319
      x-content-type-options:
      - nosniff
      x-ms-ratelimit-remaining-subscription-writes:
      - '1199'
      x-powered-by:
      - ASP.NET
    status:
      code: 200
      message: OK
- request:
    body: null
    headers:
      Accept:
      - application/json
      Accept-Encoding:
      - gzip, deflate
      CommandName:
      - webapp create
      Connection:
      - keep-alive
      ParameterSetName:
      - -g -n --plan --multicontainer-config-file --multicontainer-config-type
      User-Agent:
      - AZURECLI/2.21.0 azsdk-python-azure-mgmt-web/2.0.0 Python/3.8.2 (macOS-10.16-x86_64-i386-64bit)
    method: GET
    uri: https://management.azure.com/subscriptions/00000000-0000-0000-0000-000000000000/resourceGroups/clitest.rg000001/providers/Microsoft.Web/serverfarms/plan-linux-multi000003?api-version=2020-09-01
  response:
    body:
      string: '{"id":"/subscriptions/00000000-0000-0000-0000-000000000000/resourceGroups/clitest.rg000001/providers/Microsoft.Web/serverfarms/plan-linux-multi000003","name":"plan-linux-multi000003","type":"Microsoft.Web/serverfarms","kind":"linux","location":"East
        US 2","properties":{"serverFarmId":9368,"name":"plan-linux-multi000003","workerSize":"Default","workerSizeId":0,"workerTierName":null,"numberOfWorkers":1,"currentWorkerSize":"Default","currentWorkerSizeId":0,"currentNumberOfWorkers":1,"status":"Ready","webSpace":"clitest.rg000001-EastUS2webspace-Linux","subscription":"e483435e-282d-4ac1-92b5-d6123f2aa360","adminSiteName":null,"hostingEnvironment":null,"hostingEnvironmentProfile":null,"maximumNumberOfWorkers":3,"planName":"VirtualDedicatedPlan","adminRuntimeSiteName":null,"computeMode":"Dedicated","siteMode":null,"geoRegion":"East
        US 2","perSiteScaling":false,"maximumElasticWorkerCount":1,"numberOfSites":0,"hostingEnvironmentId":null,"isSpot":false,"spotExpirationTime":null,"freeOfferExpirationTime":"2021-04-28T21:24:17.9733333","tags":null,"kind":"linux","resourceGroup":"clitest.rg000001","reserved":true,"isXenon":false,"hyperV":false,"mdmId":"waws-prod-bn1-073_9368","targetWorkerCount":0,"targetWorkerSizeId":0,"provisioningState":"Succeeded","webSiteId":null,"existingServerFarmIds":null,"kubeEnvironmentProfile":null,"azBalancing":false},"sku":{"name":"B1","tier":"Basic","size":"B1","family":"B","capacity":1}}'
    headers:
      cache-control:
      - no-cache
      content-length:
      - '1611'
      content-type:
      - application/json
      date:
      - Mon, 29 Mar 2021 21:24:32 GMT
      expires:
      - '-1'
      pragma:
      - no-cache
      server:
      - Microsoft-IIS/10.0
      strict-transport-security:
      - max-age=31536000; includeSubDomains
      transfer-encoding:
      - chunked
      vary:
      - Accept-Encoding
      x-aspnet-version:
      - 4.0.30319
      x-content-type-options:
      - nosniff
      x-powered-by:
      - ASP.NET
    status:
      code: 200
      message: OK
- request:
    body: '{"name": "webapp-linux-multi000002", "type": "Site"}'
    headers:
      Accept:
      - application/json
      Accept-Encoding:
      - gzip, deflate
      CommandName:
      - webapp create
      Connection:
      - keep-alive
      Content-Length:
      - '52'
      Content-Type:
      - application/json
      ParameterSetName:
      - -g -n --plan --multicontainer-config-file --multicontainer-config-type
      User-Agent:
      - AZURECLI/2.21.0 azsdk-python-azure-mgmt-web/2.0.0 Python/3.8.2 (macOS-10.16-x86_64-i386-64bit)
    method: POST
    uri: https://management.azure.com/subscriptions/00000000-0000-0000-0000-000000000000/providers/Microsoft.Web/checknameavailability?api-version=2020-09-01
  response:
    body:
      string: '{"nameAvailable":true,"reason":"","message":""}'
    headers:
      cache-control:
      - no-cache
      content-length:
      - '47'
      content-type:
      - application/json
      date:
      - Mon, 29 Mar 2021 21:24:32 GMT
      expires:
      - '-1'
      pragma:
      - no-cache
      server:
      - Microsoft-IIS/10.0
      strict-transport-security:
      - max-age=31536000; includeSubDomains
      transfer-encoding:
      - chunked
      vary:
      - Accept-Encoding
      x-aspnet-version:
      - 4.0.30319
      x-content-type-options:
      - nosniff
      x-powered-by:
      - ASP.NET
    status:
      code: 200
      message: OK
- request:
    body: '{"location": "East US 2", "properties": {"serverFarmId": "/subscriptions/00000000-0000-0000-0000-000000000000/resourceGroups/clitest.rg000001/providers/Microsoft.Web/serverfarms/plan-linux-multi000003",
      "reserved": false, "isXenon": false, "hyperV": false, "siteConfig": {"netFrameworkVersion":
      "v4.6", "linuxFxVersion": "COMPOSE|dmVyc2lvbjogJzMnCnNlcnZpY2VzOgogIHdlYjoKICAgIGltYWdlOiAicGF0bGUvcHl0aG9uX2FwcDoxLjAiCiAgICBwb3J0czoKICAgICAtICI1MDAwOjUwMDAiCiAgcmVkaXM6CiAgICBpbWFnZTogInJlZGlzOmFscGluZSIK",
      "appSettings": [], "localMySqlEnabled": false, "http20Enabled": true}, "scmSiteAlsoStopped":
      false, "httpsOnly": false}}'
    headers:
      Accept:
      - application/json
      Accept-Encoding:
      - gzip, deflate
      CommandName:
      - webapp create
      Connection:
      - keep-alive
      Content-Length:
      - '686'
      Content-Type:
      - application/json
      ParameterSetName:
      - -g -n --plan --multicontainer-config-file --multicontainer-config-type
      User-Agent:
      - AZURECLI/2.21.0 azsdk-python-azure-mgmt-web/2.0.0 Python/3.8.2 (macOS-10.16-x86_64-i386-64bit)
    method: PUT
    uri: https://management.azure.com/subscriptions/00000000-0000-0000-0000-000000000000/resourceGroups/clitest.rg000001/providers/Microsoft.Web/sites/webapp-linux-multi000002?api-version=2020-09-01
  response:
    body:
      string: '{"id":"/subscriptions/00000000-0000-0000-0000-000000000000/resourceGroups/clitest.rg000001/providers/Microsoft.Web/sites/webapp-linux-multi000002","name":"webapp-linux-multi000002","type":"Microsoft.Web/sites","kind":"app,linux,container","location":"East
        US 2","properties":{"name":"webapp-linux-multi000002","state":"Running","hostNames":["webapp-linux-multi000002.azurewebsites.net"],"webSpace":"clitest.rg000001-EastUS2webspace-Linux","selfLink":"https://waws-prod-bn1-073.api.azurewebsites.windows.net:454/subscriptions/00000000-0000-0000-0000-000000000000/webspaces/clitest.rg000001-EastUS2webspace-Linux/sites/webapp-linux-multi000002","repositorySiteName":"webapp-linux-multi000002","owner":null,"usageState":"Normal","enabled":true,"adminEnabled":true,"enabledHostNames":["webapp-linux-multi000002.azurewebsites.net","webapp-linux-multi000002.scm.azurewebsites.net"],"siteProperties":{"metadata":null,"properties":[{"name":"LinuxFxVersion","value":"COMPOSE|dmVyc2lvbjogJzMnCnNlcnZpY2VzOgogIHdlYjoKICAgIGltYWdlOiAicGF0bGUvcHl0aG9uX2FwcDoxLjAiCiAgICBwb3J0czoKICAgICAtICI1MDAwOjUwMDAiCiAgcmVkaXM6CiAgICBpbWFnZTogInJlZGlzOmFscGluZSIK"},{"name":"WindowsFxVersion","value":null}],"appSettings":null},"availabilityState":"Normal","sslCertificates":null,"csrs":[],"cers":null,"siteMode":null,"hostNameSslStates":[{"name":"webapp-linux-multi000002.azurewebsites.net","sslState":"Disabled","ipBasedSslResult":null,"virtualIP":null,"thumbprint":null,"toUpdate":null,"toUpdateIpBasedSsl":null,"ipBasedSslState":"NotConfigured","hostType":"Standard"},{"name":"webapp-linux-multi000002.scm.azurewebsites.net","sslState":"Disabled","ipBasedSslResult":null,"virtualIP":null,"thumbprint":null,"toUpdate":null,"toUpdateIpBasedSsl":null,"ipBasedSslState":"NotConfigured","hostType":"Repository"}],"computeMode":null,"serverFarm":null,"serverFarmId":"/subscriptions/00000000-0000-0000-0000-000000000000/resourceGroups/clitest.rg000001/providers/Microsoft.Web/serverfarms/plan-linux-multi000003","reserved":true,"isXenon":false,"hyperV":false,"lastModifiedTimeUtc":"2021-03-29T21:24:36.6466667","storageRecoveryDefaultState":"Running","contentAvailabilityState":"Normal","runtimeAvailabilityState":"Normal","siteConfig":{"numberOfWorkers":null,"defaultDocuments":null,"netFrameworkVersion":null,"phpVersion":null,"pythonVersion":null,"nodeVersion":null,"powerShellVersion":null,"linuxFxVersion":null,"windowsFxVersion":null,"requestTracingEnabled":null,"remoteDebuggingEnabled":null,"remoteDebuggingVersion":null,"httpLoggingEnabled":null,"azureMonitorLogCategories":null,"acrUseManagedIdentityCreds":false,"acrUserManagedIdentityID":null,"logsDirectorySizeLimit":null,"detailedErrorLoggingEnabled":null,"publishingUsername":null,"publishingPassword":null,"appSettings":null,"azureStorageAccounts":null,"metadata":null,"connectionStrings":null,"machineKey":null,"handlerMappings":null,"documentRoot":null,"scmType":null,"use32BitWorkerProcess":null,"webSocketsEnabled":null,"alwaysOn":null,"javaVersion":null,"javaContainer":null,"javaContainerVersion":null,"appCommandLine":null,"managedPipelineMode":null,"virtualApplications":null,"winAuthAdminState":null,"winAuthTenantState":null,"customAppPoolIdentityAdminState":null,"customAppPoolIdentityTenantState":null,"runtimeADUser":null,"runtimeADUserPassword":null,"loadBalancing":null,"routingRules":null,"experiments":null,"limits":null,"autoHealEnabled":null,"autoHealRules":null,"tracingOptions":null,"vnetName":null,"vnetRouteAllEnabled":null,"vnetPrivatePortsCount":null,"cors":null,"push":null,"apiDefinition":null,"apiManagementConfig":null,"autoSwapSlotName":null,"localMySqlEnabled":null,"managedServiceIdentityId":null,"xManagedServiceIdentityId":null,"keyVaultReferenceIdentity":null,"ipSecurityRestrictions":[{"ipAddress":"Any","action":"Allow","priority":1,"name":"Allow
        all","description":"Allow all access"}],"scmIpSecurityRestrictions":[{"ipAddress":"Any","action":"Allow","priority":1,"name":"Allow
        all","description":"Allow all access"}],"scmIpSecurityRestrictionsUseMain":null,"http20Enabled":null,"minTlsVersion":null,"scmMinTlsVersion":null,"ftpsState":null,"preWarmedInstanceCount":null,"functionAppScaleLimit":null,"healthCheckPath":null,"fileChangeAuditEnabled":null,"functionsRuntimeScaleMonitoringEnabled":null,"websiteTimeZone":null,"minimumElasticInstanceCount":0},"deploymentId":"webapp-linux-multi000002","slotName":null,"trafficManagerHostNames":null,"sku":"Basic","scmSiteAlsoStopped":false,"targetSwapSlot":null,"hostingEnvironment":null,"hostingEnvironmentProfile":null,"clientAffinityEnabled":true,"clientCertEnabled":false,"clientCertMode":"Required","clientCertExclusionPaths":null,"hostNamesDisabled":false,"domainVerificationIdentifiers":null,"customDomainVerificationId":"30E3673979DFB5673924412D39370809E608E2DE4E889BD01C7B80FC38A57EED","kind":"app,linux,container","inboundIpAddress":"20.49.97.0","possibleInboundIpAddresses":"20.49.97.0","ftpUsername":"webapp-linux-multi000002\\$webapp-linux-multi000002","ftpsHostName":"ftps://waws-prod-bn1-073.ftp.azurewebsites.windows.net/site/wwwroot","outboundIpAddresses":"52.179.221.39,52.179.221.68,52.179.221.249,52.179.221.252,52.179.222.5,52.179.222.11,20.49.97.0","possibleOutboundIpAddresses":"52.179.221.39,52.179.221.68,52.179.221.249,52.179.221.252,52.179.222.5,52.179.222.11,52.179.222.18,52.179.222.22,52.179.222.29,52.179.222.35,52.179.222.133,52.179.222.134,52.138.105.158,52.138.106.182,52.138.106.227,52.138.106.247,52.138.107.49,52.138.107.161,20.49.97.0","containerSize":0,"dailyMemoryTimeQuota":0,"suspendedTill":null,"siteDisabledReason":0,"functionExecutionUnitsCache":null,"maxNumberOfWorkers":null,"homeStamp":"waws-prod-bn1-073","cloningInfo":null,"hostingEnvironmentId":null,"tags":null,"resourceGroup":"clitest.rg000001","defaultHostName":"webapp-linux-multi000002.azurewebsites.net","slotSwapStatus":null,"keyVaultReferenceIdentity":"SystemAssigned","httpsOnly":false,"redundancyMode":"None","inProgressOperationId":null,"geoDistributions":null,"privateEndpointConnections":null,"buildVersion":null,"targetBuildVersion":null,"migrationState":null,"eligibleLogCategories":"AppServiceAppLogs,AppServiceAuditLogs,AppServiceConsoleLogs,AppServiceHTTPLogs,AppServiceIPSecAuditLogs,AppServicePlatformLogs,ScanLogs","storageAccountRequired":false}}'
    headers:
      cache-control:
      - no-cache
      content-length:
      - '6587'
      content-type:
      - application/json
      date:
      - Mon, 29 Mar 2021 21:24:52 GMT
      etag:
      - '"1D724E1EBFE37AB"'
      expires:
      - '-1'
      pragma:
      - no-cache
      server:
      - Microsoft-IIS/10.0
      strict-transport-security:
      - max-age=31536000; includeSubDomains
      transfer-encoding:
      - chunked
      vary:
      - Accept-Encoding
      x-aspnet-version:
      - 4.0.30319
      x-content-type-options:
      - nosniff
      x-ms-ratelimit-remaining-subscription-resource-requests:
      - '499'
      x-powered-by:
      - ASP.NET
    status:
      code: 200
      message: OK
- request:
    body: '{"format": "WebDeploy"}'
    headers:
      Accept:
      - application/xml
      Accept-Encoding:
      - gzip, deflate
      CommandName:
      - webapp create
      Connection:
      - keep-alive
      Content-Length:
      - '23'
      Content-Type:
      - application/json
      ParameterSetName:
      - -g -n --plan --multicontainer-config-file --multicontainer-config-type
      User-Agent:
      - AZURECLI/2.21.0 azsdk-python-azure-mgmt-web/2.0.0 Python/3.8.2 (macOS-10.16-x86_64-i386-64bit)
    method: POST
    uri: https://management.azure.com/subscriptions/00000000-0000-0000-0000-000000000000/resourceGroups/clitest.rg000001/providers/Microsoft.Web/sites/webapp-linux-multi000002/publishxml?api-version=2020-09-01
  response:
    body:
      string: <publishData><publishProfile profileName="webapp-linux-multi000002 -
        Web Deploy" publishMethod="MSDeploy" publishUrl="webapp-linux-multi000002.scm.azurewebsites.net:443"
        msdeploySite="webapp-linux-multi000002" userName="$webapp-linux-multi000002"
        userPWD="SEPZ4rb18xxaXBooZo7EnrcJkB7hbnkdvMm3nQnuE8mCth0ToSMkSyRGY6xC" destinationAppUrl="http://webapp-linux-multi000002.azurewebsites.net"
        SQLServerDBConnectionString="" mySQLDBConnectionString="" hostingProviderForumLink=""
        controlPanelLink="http://windows.azure.com" webSystem="WebSites"><databases
        /></publishProfile><publishProfile profileName="webapp-linux-multi000002 -
        FTP" publishMethod="FTP" publishUrl="ftp://waws-prod-bn1-073.ftp.azurewebsites.windows.net/site/wwwroot"
        ftpPassiveMode="True" userName="webapp-linux-multi000002\$webapp-linux-multi000002"
        userPWD="SEPZ4rb18xxaXBooZo7EnrcJkB7hbnkdvMm3nQnuE8mCth0ToSMkSyRGY6xC" destinationAppUrl="http://webapp-linux-multi000002.azurewebsites.net"
        SQLServerDBConnectionString="" mySQLDBConnectionString="" hostingProviderForumLink=""
        controlPanelLink="http://windows.azure.com" webSystem="WebSites"><databases
        /></publishProfile><publishProfile profileName="webapp-linux-multi000002 -
        Zip Deploy" publishMethod="ZipDeploy" publishUrl="webapp-linux-multi000002.scm.azurewebsites.net:443"
        userName="$webapp-linux-multi000002" userPWD="SEPZ4rb18xxaXBooZo7EnrcJkB7hbnkdvMm3nQnuE8mCth0ToSMkSyRGY6xC"
        destinationAppUrl="http://webapp-linux-multi000002.azurewebsites.net" SQLServerDBConnectionString=""
        mySQLDBConnectionString="" hostingProviderForumLink="" controlPanelLink="http://windows.azure.com"
        webSystem="WebSites"><databases /></publishProfile></publishData>
    headers:
      cache-control:
      - no-cache
      content-length:
      - '1667'
      content-type:
      - application/xml
      date:
      - Mon, 29 Mar 2021 21:24:53 GMT
      expires:
      - '-1'
      pragma:
      - no-cache
      server:
      - Microsoft-IIS/10.0
      strict-transport-security:
      - max-age=31536000; includeSubDomains
      x-aspnet-version:
      - 4.0.30319
      x-content-type-options:
      - nosniff
      x-ms-ratelimit-remaining-subscription-resource-requests:
      - '11999'
      x-powered-by:
      - ASP.NET
    status:
      code: 200
      message: OK
- request:
    body: null
    headers:
      Accept:
      - application/json
      Accept-Encoding:
      - gzip, deflate
      CommandName:
      - webapp show
      Connection:
      - keep-alive
      ParameterSetName:
      - -g -n
      User-Agent:
      - AZURECLI/2.21.0 azsdk-python-azure-mgmt-web/2.0.0 Python/3.8.2 (macOS-10.16-x86_64-i386-64bit)
    method: GET
    uri: https://management.azure.com/subscriptions/00000000-0000-0000-0000-000000000000/resourceGroups/clitest.rg000001/providers/Microsoft.Web/sites/webapp-linux-multi000002?api-version=2020-09-01
  response:
    body:
      string: '{"id":"/subscriptions/00000000-0000-0000-0000-000000000000/resourceGroups/clitest.rg000001/providers/Microsoft.Web/sites/webapp-linux-multi000002","name":"webapp-linux-multi000002","type":"Microsoft.Web/sites","kind":"app,linux,container","location":"East
        US 2","properties":{"name":"webapp-linux-multi000002","state":"Running","hostNames":["webapp-linux-multi000002.azurewebsites.net"],"webSpace":"clitest.rg000001-EastUS2webspace-Linux","selfLink":"https://waws-prod-bn1-073.api.azurewebsites.windows.net:454/subscriptions/00000000-0000-0000-0000-000000000000/webspaces/clitest.rg000001-EastUS2webspace-Linux/sites/webapp-linux-multi000002","repositorySiteName":"webapp-linux-multi000002","owner":null,"usageState":"Normal","enabled":true,"adminEnabled":true,"enabledHostNames":["webapp-linux-multi000002.azurewebsites.net","webapp-linux-multi000002.scm.azurewebsites.net"],"siteProperties":{"metadata":null,"properties":[{"name":"LinuxFxVersion","value":"COMPOSE|dmVyc2lvbjogJzMnCnNlcnZpY2VzOgogIHdlYjoKICAgIGltYWdlOiAicGF0bGUvcHl0aG9uX2FwcDoxLjAiCiAgICBwb3J0czoKICAgICAtICI1MDAwOjUwMDAiCiAgcmVkaXM6CiAgICBpbWFnZTogInJlZGlzOmFscGluZSIK"},{"name":"WindowsFxVersion","value":null}],"appSettings":null},"availabilityState":"Normal","sslCertificates":null,"csrs":[],"cers":null,"siteMode":null,"hostNameSslStates":[{"name":"webapp-linux-multi000002.azurewebsites.net","sslState":"Disabled","ipBasedSslResult":null,"virtualIP":null,"thumbprint":null,"toUpdate":null,"toUpdateIpBasedSsl":null,"ipBasedSslState":"NotConfigured","hostType":"Standard"},{"name":"webapp-linux-multi000002.scm.azurewebsites.net","sslState":"Disabled","ipBasedSslResult":null,"virtualIP":null,"thumbprint":null,"toUpdate":null,"toUpdateIpBasedSsl":null,"ipBasedSslState":"NotConfigured","hostType":"Repository"}],"computeMode":null,"serverFarm":null,"serverFarmId":"/subscriptions/00000000-0000-0000-0000-000000000000/resourceGroups/clitest.rg000001/providers/Microsoft.Web/serverfarms/plan-linux-multi000003","reserved":true,"isXenon":false,"hyperV":false,"lastModifiedTimeUtc":"2021-03-29T21:24:37.6266667","storageRecoveryDefaultState":"Running","contentAvailabilityState":"Normal","runtimeAvailabilityState":"Normal","siteConfig":{"numberOfWorkers":null,"defaultDocuments":null,"netFrameworkVersion":null,"phpVersion":null,"pythonVersion":null,"nodeVersion":null,"powerShellVersion":null,"linuxFxVersion":null,"windowsFxVersion":null,"requestTracingEnabled":null,"remoteDebuggingEnabled":null,"remoteDebuggingVersion":null,"httpLoggingEnabled":null,"azureMonitorLogCategories":null,"acrUseManagedIdentityCreds":false,"acrUserManagedIdentityID":null,"logsDirectorySizeLimit":null,"detailedErrorLoggingEnabled":null,"publishingUsername":null,"publishingPassword":null,"appSettings":null,"azureStorageAccounts":null,"metadata":null,"connectionStrings":null,"machineKey":null,"handlerMappings":null,"documentRoot":null,"scmType":null,"use32BitWorkerProcess":null,"webSocketsEnabled":null,"alwaysOn":null,"javaVersion":null,"javaContainer":null,"javaContainerVersion":null,"appCommandLine":null,"managedPipelineMode":null,"virtualApplications":null,"winAuthAdminState":null,"winAuthTenantState":null,"customAppPoolIdentityAdminState":null,"customAppPoolIdentityTenantState":null,"runtimeADUser":null,"runtimeADUserPassword":null,"loadBalancing":null,"routingRules":null,"experiments":null,"limits":null,"autoHealEnabled":null,"autoHealRules":null,"tracingOptions":null,"vnetName":null,"vnetRouteAllEnabled":null,"vnetPrivatePortsCount":null,"cors":null,"push":null,"apiDefinition":null,"apiManagementConfig":null,"autoSwapSlotName":null,"localMySqlEnabled":null,"managedServiceIdentityId":null,"xManagedServiceIdentityId":null,"keyVaultReferenceIdentity":null,"ipSecurityRestrictions":null,"scmIpSecurityRestrictions":null,"scmIpSecurityRestrictionsUseMain":null,"http20Enabled":null,"minTlsVersion":null,"scmMinTlsVersion":null,"ftpsState":null,"preWarmedInstanceCount":null,"functionAppScaleLimit":null,"healthCheckPath":null,"fileChangeAuditEnabled":null,"functionsRuntimeScaleMonitoringEnabled":null,"websiteTimeZone":null,"minimumElasticInstanceCount":0},"deploymentId":"webapp-linux-multi000002","slotName":null,"trafficManagerHostNames":null,"sku":"Basic","scmSiteAlsoStopped":false,"targetSwapSlot":null,"hostingEnvironment":null,"hostingEnvironmentProfile":null,"clientAffinityEnabled":true,"clientCertEnabled":false,"clientCertMode":"Required","clientCertExclusionPaths":null,"hostNamesDisabled":false,"domainVerificationIdentifiers":null,"customDomainVerificationId":"30E3673979DFB5673924412D39370809E608E2DE4E889BD01C7B80FC38A57EED","kind":"app,linux,container","inboundIpAddress":"20.49.97.0","possibleInboundIpAddresses":"20.49.97.0","ftpUsername":"webapp-linux-multi000002\\$webapp-linux-multi000002","ftpsHostName":"ftps://waws-prod-bn1-073.ftp.azurewebsites.windows.net/site/wwwroot","outboundIpAddresses":"52.179.221.39,52.179.221.68,52.179.221.249,52.179.221.252,52.179.222.5,52.179.222.11,20.49.97.0","possibleOutboundIpAddresses":"52.179.221.39,52.179.221.68,52.179.221.249,52.179.221.252,52.179.222.5,52.179.222.11,52.179.222.18,52.179.222.22,52.179.222.29,52.179.222.35,52.179.222.133,52.179.222.134,52.138.105.158,52.138.106.182,52.138.106.227,52.138.106.247,52.138.107.49,52.138.107.161,20.49.97.0","containerSize":0,"dailyMemoryTimeQuota":0,"suspendedTill":null,"siteDisabledReason":0,"functionExecutionUnitsCache":null,"maxNumberOfWorkers":null,"homeStamp":"waws-prod-bn1-073","cloningInfo":null,"hostingEnvironmentId":null,"tags":null,"resourceGroup":"clitest.rg000001","defaultHostName":"webapp-linux-multi000002.azurewebsites.net","slotSwapStatus":null,"keyVaultReferenceIdentity":"SystemAssigned","httpsOnly":false,"redundancyMode":"None","inProgressOperationId":null,"geoDistributions":null,"privateEndpointConnections":[],"buildVersion":null,"targetBuildVersion":null,"migrationState":null,"eligibleLogCategories":"AppServiceAppLogs,AppServiceAuditLogs,AppServiceConsoleLogs,AppServiceHTTPLogs,AppServiceIPSecAuditLogs,AppServicePlatformLogs,ScanLogs","storageAccountRequired":false}}'
    headers:
      cache-control:
      - no-cache
      content-length:
      - '6387'
      content-type:
      - application/json
      date:
      - Mon, 29 Mar 2021 21:24:54 GMT
      etag:
      - '"1D724E1EBFE37AB"'
      expires:
      - '-1'
      pragma:
      - no-cache
      server:
      - Microsoft-IIS/10.0
      strict-transport-security:
      - max-age=31536000; includeSubDomains
      transfer-encoding:
      - chunked
      vary:
      - Accept-Encoding
      x-aspnet-version:
      - 4.0.30319
      x-content-type-options:
      - nosniff
      x-powered-by:
      - ASP.NET
    status:
      code: 200
      message: OK
- request:
    body: null
    headers:
      Accept:
      - application/json
      Accept-Encoding:
      - gzip, deflate
      CommandName:
      - webapp show
      Connection:
      - keep-alive
      ParameterSetName:
      - -g -n
      User-Agent:
      - AZURECLI/2.21.0 azsdk-python-azure-mgmt-web/2.0.0 Python/3.8.2 (macOS-10.16-x86_64-i386-64bit)
    method: GET
    uri: https://management.azure.com/subscriptions/00000000-0000-0000-0000-000000000000/resourceGroups/clitest.rg000001/providers/Microsoft.Web/sites/webapp-linux-multi000002/config/web?api-version=2020-09-01
  response:
    body:
      string: '{"id":"/subscriptions/00000000-0000-0000-0000-000000000000/resourceGroups/clitest.rg000001/providers/Microsoft.Web/sites/webapp-linux-multi000002/config/web","name":"webapp-linux-multi000002","type":"Microsoft.Web/sites/config","location":"East
        US 2","properties":{"numberOfWorkers":1,"defaultDocuments":["Default.htm","Default.html","Default.asp","index.htm","index.html","iisstart.htm","default.aspx","index.php","hostingstart.html"],"netFrameworkVersion":"v4.0","phpVersion":"","pythonVersion":"","nodeVersion":"","powerShellVersion":"","linuxFxVersion":"COMPOSE|dmVyc2lvbjogJzMnCnNlcnZpY2VzOgogIHdlYjoKICAgIGltYWdlOiAicGF0bGUvcHl0aG9uX2FwcDoxLjAiCiAgICBwb3J0czoKICAgICAtICI1MDAwOjUwMDAiCiAgcmVkaXM6CiAgICBpbWFnZTogInJlZGlzOmFscGluZSIK","windowsFxVersion":null,"requestTracingEnabled":false,"remoteDebuggingEnabled":false,"remoteDebuggingVersion":null,"httpLoggingEnabled":false,"azureMonitorLogCategories":null,"acrUseManagedIdentityCreds":false,"acrUserManagedIdentityID":null,"logsDirectorySizeLimit":35,"detailedErrorLoggingEnabled":false,"publishingUsername":"$webapp-linux-multi000002","publishingPassword":null,"appSettings":null,"azureStorageAccounts":{},"metadata":null,"connectionStrings":null,"machineKey":null,"handlerMappings":null,"documentRoot":null,"scmType":"None","use32BitWorkerProcess":true,"webSocketsEnabled":false,"alwaysOn":false,"javaVersion":null,"javaContainer":null,"javaContainerVersion":null,"appCommandLine":"","managedPipelineMode":"Integrated","virtualApplications":[{"virtualPath":"/","physicalPath":"site\\wwwroot","preloadEnabled":false,"virtualDirectories":null}],"winAuthAdminState":0,"winAuthTenantState":0,"customAppPoolIdentityAdminState":false,"customAppPoolIdentityTenantState":false,"runtimeADUser":null,"runtimeADUserPassword":null,"loadBalancing":"LeastRequests","routingRules":[],"experiments":{"rampUpRules":[]},"limits":null,"autoHealEnabled":false,"autoHealRules":null,"tracingOptions":null,"vnetName":"","vnetRouteAllEnabled":false,"vnetPrivatePortsCount":0,"siteAuthEnabled":false,"siteAuthSettings":{"enabled":null,"configVersion":null,"unauthenticatedClientAction":null,"tokenStoreEnabled":null,"allowedExternalRedirectUrls":null,"defaultProvider":null,"clientId":null,"clientSecret":null,"clientSecretSettingName":null,"clientSecretCertificateThumbprint":null,"issuer":null,"allowedAudiences":null,"additionalLoginParams":null,"isAadAutoProvisioned":false,"aadClaimsAuthorization":null,"googleClientId":null,"googleClientSecret":null,"googleClientSecretSettingName":null,"googleOAuthScopes":null,"facebookAppId":null,"facebookAppSecret":null,"facebookAppSecretSettingName":null,"facebookOAuthScopes":null,"gitHubClientId":null,"gitHubClientSecret":null,"gitHubClientSecretSettingName":null,"gitHubOAuthScopes":null,"twitterConsumerKey":null,"twitterConsumerSecret":null,"twitterConsumerSecretSettingName":null,"microsoftAccountClientId":null,"microsoftAccountClientSecret":null,"microsoftAccountClientSecretSettingName":null,"microsoftAccountOAuthScopes":null},"cors":null,"push":null,"apiDefinition":null,"apiManagementConfig":null,"autoSwapSlotName":null,"localMySqlEnabled":false,"managedServiceIdentityId":null,"xManagedServiceIdentityId":null,"keyVaultReferenceIdentity":null,"ipSecurityRestrictions":[{"ipAddress":"Any","action":"Allow","priority":1,"name":"Allow
        all","description":"Allow all access"}],"scmIpSecurityRestrictions":[{"ipAddress":"Any","action":"Allow","priority":1,"name":"Allow
        all","description":"Allow all access"}],"scmIpSecurityRestrictionsUseMain":false,"http20Enabled":true,"minTlsVersion":"1.2","scmMinTlsVersion":"1.0","ftpsState":"AllAllowed","preWarmedInstanceCount":0,"functionAppScaleLimit":0,"healthCheckPath":null,"fileChangeAuditEnabled":false,"functionsRuntimeScaleMonitoringEnabled":false,"websiteTimeZone":null,"minimumElasticInstanceCount":0}}'
    headers:
      cache-control:
      - no-cache
      content-length:
      - '3903'
      content-type:
      - application/json
      date:
      - Mon, 29 Mar 2021 21:24:54 GMT
      expires:
      - '-1'
      pragma:
      - no-cache
      server:
      - Microsoft-IIS/10.0
      strict-transport-security:
      - max-age=31536000; includeSubDomains
      transfer-encoding:
      - chunked
      vary:
      - Accept-Encoding
      x-aspnet-version:
      - 4.0.30319
      x-content-type-options:
      - nosniff
      x-powered-by:
      - ASP.NET
    status:
      code: 200
      message: OK
- request:
    body: '{"format": "WebDeploy"}'
    headers:
      Accept:
      - application/xml
      Accept-Encoding:
      - gzip, deflate
      CommandName:
      - webapp show
      Connection:
      - keep-alive
      Content-Length:
      - '23'
      Content-Type:
      - application/json
      ParameterSetName:
      - -g -n
      User-Agent:
      - AZURECLI/2.21.0 azsdk-python-azure-mgmt-web/2.0.0 Python/3.8.2 (macOS-10.16-x86_64-i386-64bit)
    method: POST
    uri: https://management.azure.com/subscriptions/00000000-0000-0000-0000-000000000000/resourceGroups/clitest.rg000001/providers/Microsoft.Web/sites/webapp-linux-multi000002/publishxml?api-version=2020-09-01
  response:
    body:
      string: <publishData><publishProfile profileName="webapp-linux-multi000002 -
        Web Deploy" publishMethod="MSDeploy" publishUrl="webapp-linux-multi000002.scm.azurewebsites.net:443"
        msdeploySite="webapp-linux-multi000002" userName="$webapp-linux-multi000002"
        userPWD="SEPZ4rb18xxaXBooZo7EnrcJkB7hbnkdvMm3nQnuE8mCth0ToSMkSyRGY6xC" destinationAppUrl="http://webapp-linux-multi000002.azurewebsites.net"
        SQLServerDBConnectionString="" mySQLDBConnectionString="" hostingProviderForumLink=""
        controlPanelLink="http://windows.azure.com" webSystem="WebSites"><databases
        /></publishProfile><publishProfile profileName="webapp-linux-multi000002 -
        FTP" publishMethod="FTP" publishUrl="ftp://waws-prod-bn1-073.ftp.azurewebsites.windows.net/site/wwwroot"
        ftpPassiveMode="True" userName="webapp-linux-multi000002\$webapp-linux-multi000002"
        userPWD="SEPZ4rb18xxaXBooZo7EnrcJkB7hbnkdvMm3nQnuE8mCth0ToSMkSyRGY6xC" destinationAppUrl="http://webapp-linux-multi000002.azurewebsites.net"
        SQLServerDBConnectionString="" mySQLDBConnectionString="" hostingProviderForumLink=""
        controlPanelLink="http://windows.azure.com" webSystem="WebSites"><databases
        /></publishProfile><publishProfile profileName="webapp-linux-multi000002 -
        Zip Deploy" publishMethod="ZipDeploy" publishUrl="webapp-linux-multi000002.scm.azurewebsites.net:443"
        userName="$webapp-linux-multi000002" userPWD="SEPZ4rb18xxaXBooZo7EnrcJkB7hbnkdvMm3nQnuE8mCth0ToSMkSyRGY6xC"
        destinationAppUrl="http://webapp-linux-multi000002.azurewebsites.net" SQLServerDBConnectionString=""
        mySQLDBConnectionString="" hostingProviderForumLink="" controlPanelLink="http://windows.azure.com"
        webSystem="WebSites"><databases /></publishProfile></publishData>
    headers:
      cache-control:
      - no-cache
      content-length:
      - '1667'
      content-type:
      - application/xml
      date:
      - Mon, 29 Mar 2021 21:24:55 GMT
      expires:
      - '-1'
      pragma:
      - no-cache
      server:
      - Microsoft-IIS/10.0
      strict-transport-security:
      - max-age=31536000; includeSubDomains
      x-aspnet-version:
      - 4.0.30319
      x-content-type-options:
      - nosniff
      x-ms-ratelimit-remaining-subscription-resource-requests:
      - '11999'
      x-powered-by:
      - ASP.NET
    status:
      code: 200
      message: OK
- request:
    body: null
    headers:
      Accept:
      - '*/*'
      Accept-Encoding:
      - gzip, deflate
      Connection:
      - keep-alive
      User-Agent:
      - python-requests/2.22.0
    method: GET
    uri: http://webapp-linux-multi000002.azurewebsites.net/
  response:
    body:
      string: 'Hello World! I have been seen 2 times.

        '
    headers:
      content-length:
      - '39'
      content-type:
      - text/html; charset=utf-8
      date:
      - Mon, 29 Mar 2021 21:25:37 GMT
      server:
      - Werkzeug/0.14.1 Python/3.4.8
      set-cookie:
      - ARRAffinity=6d16019690666e2c147e8cf073383d27cdf3557510e080c85f7b771858b3863e;Path=/;HttpOnly;Domain=webapp-linux-multi3dk5dq.azurewebsites.net
    status:
      code: 200
      message: OK
version: 1
