interactions:
- request:
    body: null
    headers:
      Accept:
      - application/json
      Accept-Encoding:
      - gzip, deflate
      CommandName:
      - network vnet create
      Connection:
      - keep-alive
      ParameterSetName:
      - -g -n --address-prefix --subnet-name --subnet-prefix
      User-Agent:
      - python/3.7.2 (Darwin-16.7.0-x86_64-i386-64bit) msrest/0.6.16 msrest_azure/0.6.3
        azure-mgmt-resource/10.0.0 Azure-SDK-For-Python AZURECLI/2.8.0
      accept-language:
      - en-US
    method: GET
    uri: https://management.azure.com/subscriptions/00000000-0000-0000-0000-000000000000/resourcegroups/clitest.rg000001?api-version=2019-07-01
  response:
    body:
      string: '{"id":"/subscriptions/00000000-0000-0000-0000-000000000000/resourceGroups/clitest.rg000001","name":"clitest.rg000001","type":"Microsoft.Resources/resourceGroups","location":"centralus","tags":{"product":"azurecli","cause":"automation","date":"2020-06-30T06:04:56Z"},"properties":{"provisioningState":"Succeeded"}}'
    headers:
      cache-control:
      - no-cache
      content-length:
      - '431'
      content-type:
      - application/json; charset=utf-8
      date:
      - Tue, 30 Jun 2020 06:04:55 GMT
      expires:
      - '-1'
      pragma:
      - no-cache
      strict-transport-security:
      - max-age=31536000; includeSubDomains
      vary:
      - Accept-Encoding
      x-content-type-options:
      - nosniff
    status:
      code: 200
      message: OK
- request:
    body: '{"location": "centralus", "tags": {}, "properties": {"addressSpace": {"addressPrefixes":
      ["10.0.0.0/16"]}, "dhcpOptions": {}, "subnets": [{"properties": {"addressPrefix":
      "10.0.0.0/24"}, "name": "swiftsubnet000005"}]}}'
    headers:
      Accept:
      - application/json
      Accept-Encoding:
      - gzip, deflate
      CommandName:
      - network vnet create
      Connection:
      - keep-alive
      Content-Length:
      - '225'
      Content-Type:
      - application/json; charset=utf-8
      ParameterSetName:
      - -g -n --address-prefix --subnet-name --subnet-prefix
      User-Agent:
      - python/3.7.2 (Darwin-16.7.0-x86_64-i386-64bit) msrest/0.6.16 msrest_azure/0.6.3
        azure-mgmt-network/10.2.0 Azure-SDK-For-Python AZURECLI/2.8.0
      accept-language:
      - en-US
    method: PUT
    uri: https://management.azure.com/subscriptions/00000000-0000-0000-0000-000000000000/resourceGroups/clitest.rg000001/providers/Microsoft.Network/virtualNetworks/swiftname000007?api-version=2020-04-01
  response:
    body:
      string: "{\r\n  \"name\": \"swiftname000007\",\r\n  \"id\": \"/subscriptions/00000000-0000-0000-0000-000000000000/resourceGroups/clitest.rg000001/providers/Microsoft.Network/virtualNetworks/swiftname000007\",\r\n
        \ \"etag\": \"W/\\\"bd67591c-3801-4cc3-a0ef-9ef4a8b0537b\\\"\",\r\n  \"type\":
        \"Microsoft.Network/virtualNetworks\",\r\n  \"location\": \"centralus\",\r\n
        \ \"tags\": {},\r\n  \"properties\": {\r\n    \"provisioningState\": \"Updating\",\r\n
        \   \"resourceGuid\": \"8d32011e-a052-489f-9751-f157682d0ee2\",\r\n    \"addressSpace\":
        {\r\n      \"addressPrefixes\": [\r\n        \"10.0.0.0/16\"\r\n      ]\r\n
        \   },\r\n    \"dhcpOptions\": {\r\n      \"dnsServers\": []\r\n    },\r\n
        \   \"subnets\": [\r\n      {\r\n        \"name\": \"swiftsubnet000005\",\r\n
        \       \"id\": \"/subscriptions/00000000-0000-0000-0000-000000000000/resourceGroups/clitest.rg000001/providers/Microsoft.Network/virtualNetworks/swiftname000007/subnets/swiftsubnet000005\",\r\n
        \       \"etag\": \"W/\\\"bd67591c-3801-4cc3-a0ef-9ef4a8b0537b\\\"\",\r\n
        \       \"properties\": {\r\n          \"provisioningState\": \"Updating\",\r\n
        \         \"addressPrefix\": \"10.0.0.0/24\",\r\n          \"delegations\":
        [],\r\n          \"privateEndpointNetworkPolicies\": \"Enabled\",\r\n          \"privateLinkServiceNetworkPolicies\":
        \"Enabled\"\r\n        },\r\n        \"type\": \"Microsoft.Network/virtualNetworks/subnets\"\r\n
        \     }\r\n    ],\r\n    \"virtualNetworkPeerings\": [],\r\n    \"enableDdosProtection\":
        false,\r\n    \"enableVmProtection\": false\r\n  }\r\n}"
    headers:
      azure-asyncnotification:
      - Enabled
      azure-asyncoperation:
      - https://management.azure.com/subscriptions/00000000-0000-0000-0000-000000000000/providers/Microsoft.Network/locations/centralus/operations/d88575ba-9c69-4b72-936d-11be80dbae69?api-version=2020-04-01
      cache-control:
      - no-cache
      content-length:
      - '1531'
      content-type:
      - application/json; charset=utf-8
      date:
      - Tue, 30 Jun 2020 06:04:56 GMT
      expires:
      - '-1'
      pragma:
      - no-cache
      server:
      - Microsoft-HTTPAPI/2.0
      - Microsoft-HTTPAPI/2.0
      strict-transport-security:
      - max-age=31536000; includeSubDomains
      x-content-type-options:
      - nosniff
      x-ms-arm-service-request-id:
      - 6b89ea8a-614b-4cfb-a2e2-babf06f691b7
      x-ms-ratelimit-remaining-subscription-writes:
      - '1197'
    status:
      code: 201
      message: Created
- request:
    body: null
    headers:
      Accept:
      - application/json
      Accept-Encoding:
      - gzip, deflate
      CommandName:
      - network vnet create
      Connection:
      - keep-alive
      ParameterSetName:
      - -g -n --address-prefix --subnet-name --subnet-prefix
      User-Agent:
      - python/3.7.2 (Darwin-16.7.0-x86_64-i386-64bit) msrest/0.6.16 msrest_azure/0.6.3
        azure-mgmt-network/10.2.0 Azure-SDK-For-Python AZURECLI/2.8.0
    method: GET
    uri: https://management.azure.com/subscriptions/00000000-0000-0000-0000-000000000000/providers/Microsoft.Network/locations/centralus/operations/d88575ba-9c69-4b72-936d-11be80dbae69?api-version=2020-04-01
  response:
    body:
      string: "{\r\n  \"status\": \"Succeeded\"\r\n}"
    headers:
      cache-control:
      - no-cache
      content-length:
      - '29'
      content-type:
      - application/json; charset=utf-8
      date:
      - Tue, 30 Jun 2020 06:05:00 GMT
      expires:
      - '-1'
      pragma:
      - no-cache
      server:
      - Microsoft-HTTPAPI/2.0
      - Microsoft-HTTPAPI/2.0
      strict-transport-security:
      - max-age=31536000; includeSubDomains
      transfer-encoding:
      - chunked
      vary:
      - Accept-Encoding
      x-content-type-options:
      - nosniff
      x-ms-arm-service-request-id:
      - d836dcf2-eb78-481b-b0bc-c82719ec1566
    status:
      code: 200
      message: OK
- request:
    body: null
    headers:
      Accept:
      - application/json
      Accept-Encoding:
      - gzip, deflate
      CommandName:
      - network vnet create
      Connection:
      - keep-alive
      ParameterSetName:
      - -g -n --address-prefix --subnet-name --subnet-prefix
      User-Agent:
      - python/3.7.2 (Darwin-16.7.0-x86_64-i386-64bit) msrest/0.6.16 msrest_azure/0.6.3
        azure-mgmt-network/10.2.0 Azure-SDK-For-Python AZURECLI/2.8.0
    method: GET
    uri: https://management.azure.com/subscriptions/00000000-0000-0000-0000-000000000000/resourceGroups/clitest.rg000001/providers/Microsoft.Network/virtualNetworks/swiftname000007?api-version=2020-04-01
  response:
    body:
      string: "{\r\n  \"name\": \"swiftname000007\",\r\n  \"id\": \"/subscriptions/00000000-0000-0000-0000-000000000000/resourceGroups/clitest.rg000001/providers/Microsoft.Network/virtualNetworks/swiftname000007\",\r\n
        \ \"etag\": \"W/\\\"679b8036-6b06-43c2-a09a-253e79dfcc88\\\"\",\r\n  \"type\":
        \"Microsoft.Network/virtualNetworks\",\r\n  \"location\": \"centralus\",\r\n
        \ \"tags\": {},\r\n  \"properties\": {\r\n    \"provisioningState\": \"Succeeded\",\r\n
        \   \"resourceGuid\": \"8d32011e-a052-489f-9751-f157682d0ee2\",\r\n    \"addressSpace\":
        {\r\n      \"addressPrefixes\": [\r\n        \"10.0.0.0/16\"\r\n      ]\r\n
        \   },\r\n    \"dhcpOptions\": {\r\n      \"dnsServers\": []\r\n    },\r\n
        \   \"subnets\": [\r\n      {\r\n        \"name\": \"swiftsubnet000005\",\r\n
        \       \"id\": \"/subscriptions/00000000-0000-0000-0000-000000000000/resourceGroups/clitest.rg000001/providers/Microsoft.Network/virtualNetworks/swiftname000007/subnets/swiftsubnet000005\",\r\n
        \       \"etag\": \"W/\\\"679b8036-6b06-43c2-a09a-253e79dfcc88\\\"\",\r\n
        \       \"properties\": {\r\n          \"provisioningState\": \"Succeeded\",\r\n
        \         \"addressPrefix\": \"10.0.0.0/24\",\r\n          \"delegations\":
        [],\r\n          \"privateEndpointNetworkPolicies\": \"Enabled\",\r\n          \"privateLinkServiceNetworkPolicies\":
        \"Enabled\"\r\n        },\r\n        \"type\": \"Microsoft.Network/virtualNetworks/subnets\"\r\n
        \     }\r\n    ],\r\n    \"virtualNetworkPeerings\": [],\r\n    \"enableDdosProtection\":
        false,\r\n    \"enableVmProtection\": false\r\n  }\r\n}"
    headers:
      cache-control:
      - no-cache
      content-length:
      - '1533'
      content-type:
      - application/json; charset=utf-8
      date:
      - Tue, 30 Jun 2020 06:05:00 GMT
      etag:
      - W/"679b8036-6b06-43c2-a09a-253e79dfcc88"
      expires:
      - '-1'
      pragma:
      - no-cache
      server:
      - Microsoft-HTTPAPI/2.0
      - Microsoft-HTTPAPI/2.0
      strict-transport-security:
      - max-age=31536000; includeSubDomains
      transfer-encoding:
      - chunked
      vary:
      - Accept-Encoding
      x-content-type-options:
      - nosniff
      x-ms-arm-service-request-id:
      - 7cb427ba-1d75-48c5-b714-cdb531e3318e
    status:
      code: 200
      message: OK
- request:
    body: '{"location": "centralus"}'
    headers:
      Accept:
      - application/json
      Accept-Encoding:
      - gzip, deflate
      CommandName:
      - group create
      Connection:
      - keep-alive
      Content-Length:
      - '25'
      Content-Type:
      - application/json; charset=utf-8
      ParameterSetName:
      - -n -l
      User-Agent:
      - python/3.7.2 (Darwin-16.7.0-x86_64-i386-64bit) msrest/0.6.16 msrest_azure/0.6.3
        azure-mgmt-resource/10.0.0 Azure-SDK-For-Python AZURECLI/2.8.0
      accept-language:
      - en-US
    method: PUT
    uri: https://management.azure.com/subscriptions/00000000-0000-0000-0000-000000000000/resourcegroups/swiftwebapp000002?api-version=2019-07-01
  response:
    body:
      string: '{"id":"/subscriptions/00000000-0000-0000-0000-000000000000/resourceGroups/swiftwebapp000002","name":"swiftwebapp000002","type":"Microsoft.Resources/resourceGroups","location":"centralus","properties":{"provisioningState":"Succeeded"}}'
    headers:
      cache-control:
      - no-cache
      content-length:
      - '248'
      content-type:
      - application/json; charset=utf-8
      date:
      - Tue, 30 Jun 2020 06:05:01 GMT
      expires:
      - '-1'
      pragma:
      - no-cache
      strict-transport-security:
      - max-age=31536000; includeSubDomains
      x-content-type-options:
      - nosniff
      x-ms-ratelimit-remaining-subscription-writes:
      - '1199'
    status:
      code: 201
      message: Created
- request:
    body: null
    headers:
      Accept:
      - application/json
      Accept-Encoding:
      - gzip, deflate
      CommandName:
      - network vnet create
      Connection:
      - keep-alive
      ParameterSetName:
      - -g -n --address-prefix --subnet-name --subnet-prefix
      User-Agent:
      - python/3.7.2 (Darwin-16.7.0-x86_64-i386-64bit) msrest/0.6.16 msrest_azure/0.6.3
        azure-mgmt-resource/10.0.0 Azure-SDK-For-Python AZURECLI/2.8.0
      accept-language:
      - en-US
    method: GET
    uri: https://management.azure.com/subscriptions/00000000-0000-0000-0000-000000000000/resourcegroups/swiftwebapp000002?api-version=2019-07-01
  response:
    body:
      string: '{"id":"/subscriptions/00000000-0000-0000-0000-000000000000/resourceGroups/swiftwebapp000002","name":"swiftwebapp000002","type":"Microsoft.Resources/resourceGroups","location":"centralus","properties":{"provisioningState":"Succeeded"}}'
    headers:
      cache-control:
      - no-cache
      content-length:
      - '248'
      content-type:
      - application/json; charset=utf-8
      date:
      - Tue, 30 Jun 2020 06:05:01 GMT
      expires:
      - '-1'
      pragma:
      - no-cache
      strict-transport-security:
      - max-age=31536000; includeSubDomains
      vary:
      - Accept-Encoding
      x-content-type-options:
      - nosniff
    status:
      code: 200
      message: OK
- request:
    body: '{"location": "centralus", "tags": {}, "properties": {"addressSpace": {"addressPrefixes":
      ["10.0.0.0/16"]}, "dhcpOptions": {}, "subnets": [{"properties": {"addressPrefix":
      "10.0.0.0/24"}, "name": "swiftsubnet000006"}]}}'
    headers:
      Accept:
      - application/json
      Accept-Encoding:
      - gzip, deflate
      CommandName:
      - network vnet create
      Connection:
      - keep-alive
      Content-Length:
      - '225'
      Content-Type:
      - application/json; charset=utf-8
      ParameterSetName:
      - -g -n --address-prefix --subnet-name --subnet-prefix
      User-Agent:
      - python/3.7.2 (Darwin-16.7.0-x86_64-i386-64bit) msrest/0.6.16 msrest_azure/0.6.3
        azure-mgmt-network/10.2.0 Azure-SDK-For-Python AZURECLI/2.8.0
      accept-language:
      - en-US
    method: PUT
    uri: https://management.azure.com/subscriptions/00000000-0000-0000-0000-000000000000/resourceGroups/swiftwebapp000002/providers/Microsoft.Network/virtualNetworks/swiftname000007?api-version=2020-04-01
  response:
    body:
      string: "{\r\n  \"name\": \"swiftname000007\",\r\n  \"id\": \"/subscriptions/00000000-0000-0000-0000-000000000000/resourceGroups/swiftwebapp000002/providers/Microsoft.Network/virtualNetworks/swiftname000007\",\r\n
        \ \"etag\": \"W/\\\"f457b6ba-aa3b-4bd9-b104-bfa94ccd359e\\\"\",\r\n  \"type\":
        \"Microsoft.Network/virtualNetworks\",\r\n  \"location\": \"centralus\",\r\n
        \ \"tags\": {},\r\n  \"properties\": {\r\n    \"provisioningState\": \"Updating\",\r\n
        \   \"resourceGuid\": \"6f7132f6-f35e-4fec-8da4-2a10e9806ac4\",\r\n    \"addressSpace\":
        {\r\n      \"addressPrefixes\": [\r\n        \"10.0.0.0/16\"\r\n      ]\r\n
        \   },\r\n    \"dhcpOptions\": {\r\n      \"dnsServers\": []\r\n    },\r\n
        \   \"subnets\": [\r\n      {\r\n        \"name\": \"swiftsubnet000006\",\r\n
        \       \"id\": \"/subscriptions/00000000-0000-0000-0000-000000000000/resourceGroups/swiftwebapp000002/providers/Microsoft.Network/virtualNetworks/swiftname000007/subnets/swiftsubnet000006\",\r\n
        \       \"etag\": \"W/\\\"f457b6ba-aa3b-4bd9-b104-bfa94ccd359e\\\"\",\r\n
        \       \"properties\": {\r\n          \"provisioningState\": \"Updating\",\r\n
        \         \"addressPrefix\": \"10.0.0.0/24\",\r\n          \"delegations\":
        [],\r\n          \"privateEndpointNetworkPolicies\": \"Enabled\",\r\n          \"privateLinkServiceNetworkPolicies\":
        \"Enabled\"\r\n        },\r\n        \"type\": \"Microsoft.Network/virtualNetworks/subnets\"\r\n
        \     }\r\n    ],\r\n    \"virtualNetworkPeerings\": [],\r\n    \"enableDdosProtection\":
        false,\r\n    \"enableVmProtection\": false\r\n  }\r\n}"
    headers:
      azure-asyncnotification:
      - Enabled
      azure-asyncoperation:
      - https://management.azure.com/subscriptions/00000000-0000-0000-0000-000000000000/providers/Microsoft.Network/locations/centralus/operations/c36f52bf-c8d4-46ea-b260-8802dc75bd83?api-version=2020-04-01
      cache-control:
      - no-cache
      content-length:
      - '1429'
      content-type:
      - application/json; charset=utf-8
      date:
      - Tue, 30 Jun 2020 06:05:03 GMT
      expires:
      - '-1'
      pragma:
      - no-cache
      server:
      - Microsoft-HTTPAPI/2.0
      - Microsoft-HTTPAPI/2.0
      strict-transport-security:
      - max-age=31536000; includeSubDomains
      x-content-type-options:
      - nosniff
      x-ms-arm-service-request-id:
      - 4133ce08-5ee6-4a4f-838b-3795bbd9cabc
      x-ms-ratelimit-remaining-subscription-writes:
      - '1198'
    status:
      code: 201
      message: Created
- request:
    body: null
    headers:
      Accept:
      - application/json
      Accept-Encoding:
      - gzip, deflate
      CommandName:
      - network vnet create
      Connection:
      - keep-alive
      ParameterSetName:
      - -g -n --address-prefix --subnet-name --subnet-prefix
      User-Agent:
      - python/3.7.2 (Darwin-16.7.0-x86_64-i386-64bit) msrest/0.6.16 msrest_azure/0.6.3
        azure-mgmt-network/10.2.0 Azure-SDK-For-Python AZURECLI/2.8.0
    method: GET
    uri: https://management.azure.com/subscriptions/00000000-0000-0000-0000-000000000000/providers/Microsoft.Network/locations/centralus/operations/c36f52bf-c8d4-46ea-b260-8802dc75bd83?api-version=2020-04-01
  response:
    body:
      string: "{\r\n  \"status\": \"Succeeded\"\r\n}"
    headers:
      cache-control:
      - no-cache
      content-length:
      - '29'
      content-type:
      - application/json; charset=utf-8
      date:
      - Tue, 30 Jun 2020 06:05:07 GMT
      expires:
      - '-1'
      pragma:
      - no-cache
      server:
      - Microsoft-HTTPAPI/2.0
      - Microsoft-HTTPAPI/2.0
      strict-transport-security:
      - max-age=31536000; includeSubDomains
      transfer-encoding:
      - chunked
      vary:
      - Accept-Encoding
      x-content-type-options:
      - nosniff
      x-ms-arm-service-request-id:
      - d7bec676-697f-4062-a7f5-a5e67b423849
    status:
      code: 200
      message: OK
- request:
    body: null
    headers:
      Accept:
      - application/json
      Accept-Encoding:
      - gzip, deflate
      CommandName:
      - network vnet create
      Connection:
      - keep-alive
      ParameterSetName:
      - -g -n --address-prefix --subnet-name --subnet-prefix
      User-Agent:
      - python/3.7.2 (Darwin-16.7.0-x86_64-i386-64bit) msrest/0.6.16 msrest_azure/0.6.3
        azure-mgmt-network/10.2.0 Azure-SDK-For-Python AZURECLI/2.8.0
    method: GET
    uri: https://management.azure.com/subscriptions/00000000-0000-0000-0000-000000000000/resourceGroups/swiftwebapp000002/providers/Microsoft.Network/virtualNetworks/swiftname000007?api-version=2020-04-01
  response:
    body:
      string: "{\r\n  \"name\": \"swiftname000007\",\r\n  \"id\": \"/subscriptions/00000000-0000-0000-0000-000000000000/resourceGroups/swiftwebapp000002/providers/Microsoft.Network/virtualNetworks/swiftname000007\",\r\n
        \ \"etag\": \"W/\\\"51082325-fbe1-473a-a9df-58ca09e7aabd\\\"\",\r\n  \"type\":
        \"Microsoft.Network/virtualNetworks\",\r\n  \"location\": \"centralus\",\r\n
        \ \"tags\": {},\r\n  \"properties\": {\r\n    \"provisioningState\": \"Succeeded\",\r\n
        \   \"resourceGuid\": \"6f7132f6-f35e-4fec-8da4-2a10e9806ac4\",\r\n    \"addressSpace\":
        {\r\n      \"addressPrefixes\": [\r\n        \"10.0.0.0/16\"\r\n      ]\r\n
        \   },\r\n    \"dhcpOptions\": {\r\n      \"dnsServers\": []\r\n    },\r\n
        \   \"subnets\": [\r\n      {\r\n        \"name\": \"swiftsubnet000006\",\r\n
        \       \"id\": \"/subscriptions/00000000-0000-0000-0000-000000000000/resourceGroups/swiftwebapp000002/providers/Microsoft.Network/virtualNetworks/swiftname000007/subnets/swiftsubnet000006\",\r\n
        \       \"etag\": \"W/\\\"51082325-fbe1-473a-a9df-58ca09e7aabd\\\"\",\r\n
        \       \"properties\": {\r\n          \"provisioningState\": \"Succeeded\",\r\n
        \         \"addressPrefix\": \"10.0.0.0/24\",\r\n          \"delegations\":
        [],\r\n          \"privateEndpointNetworkPolicies\": \"Enabled\",\r\n          \"privateLinkServiceNetworkPolicies\":
        \"Enabled\"\r\n        },\r\n        \"type\": \"Microsoft.Network/virtualNetworks/subnets\"\r\n
        \     }\r\n    ],\r\n    \"virtualNetworkPeerings\": [],\r\n    \"enableDdosProtection\":
        false,\r\n    \"enableVmProtection\": false\r\n  }\r\n}"
    headers:
      cache-control:
      - no-cache
      content-length:
      - '1431'
      content-type:
      - application/json; charset=utf-8
      date:
      - Tue, 30 Jun 2020 06:05:07 GMT
      etag:
      - W/"51082325-fbe1-473a-a9df-58ca09e7aabd"
      expires:
      - '-1'
      pragma:
      - no-cache
      server:
      - Microsoft-HTTPAPI/2.0
      - Microsoft-HTTPAPI/2.0
      strict-transport-security:
      - max-age=31536000; includeSubDomains
      transfer-encoding:
      - chunked
      vary:
      - Accept-Encoding
      x-content-type-options:
      - nosniff
      x-ms-arm-service-request-id:
      - 92a101a4-c481-4e66-a15b-dfbc8977d373
    status:
      code: 200
      message: OK
- request:
    body: null
    headers:
      Accept:
      - application/json
      Accept-Encoding:
      - gzip, deflate
      CommandName:
      - appservice plan create
      Connection:
      - keep-alive
      ParameterSetName:
      - -g -n --sku
      User-Agent:
      - python/3.7.2 (Darwin-16.7.0-x86_64-i386-64bit) msrest/0.6.16 msrest_azure/0.6.3
        azure-mgmt-resource/10.0.0 Azure-SDK-For-Python AZURECLI/2.8.0
      accept-language:
      - en-US
    method: GET
    uri: https://management.azure.com/subscriptions/00000000-0000-0000-0000-000000000000/resourcegroups/clitest.rg000001?api-version=2019-07-01
  response:
    body:
      string: '{"id":"/subscriptions/00000000-0000-0000-0000-000000000000/resourceGroups/clitest.rg000001","name":"clitest.rg000001","type":"Microsoft.Resources/resourceGroups","location":"centralus","tags":{"product":"azurecli","cause":"automation","date":"2020-06-30T06:04:56Z"},"properties":{"provisioningState":"Succeeded"}}'
    headers:
      cache-control:
      - no-cache
      content-length:
      - '431'
      content-type:
      - application/json; charset=utf-8
      date:
      - Tue, 30 Jun 2020 06:05:07 GMT
      expires:
      - '-1'
      pragma:
      - no-cache
      strict-transport-security:
      - max-age=31536000; includeSubDomains
      vary:
      - Accept-Encoding
      x-content-type-options:
      - nosniff
    status:
      code: 200
      message: OK
- request:
    body: '{"name": "swiftplan000004", "type": "Microsoft.Web/serverfarms", "location":
      "centralus", "properties": {"skuName": "P1V2", "capacity": 1}}'
    headers:
      Accept:
      - application/json
      Accept-Encoding:
      - gzip, deflate
      CommandName:
      - appservice plan create
      Connection:
      - keep-alive
      Content-Length:
      - '148'
      Content-Type:
      - application/json; charset=utf-8
      ParameterSetName:
      - -g -n --sku
      User-Agent:
      - python/3.7.2 (Darwin-16.7.0-x86_64-i386-64bit) msrest/0.6.16 msrest_azure/0.6.3
        azure-mgmt-web/0.46.0 Azure-SDK-For-Python AZURECLI/2.8.0
      accept-language:
      - en-US
    method: POST
    uri: https://management.azure.com/subscriptions/00000000-0000-0000-0000-000000000000/resourceGroups/clitest.rg000001/providers/Microsoft.Web/validate?api-version=2019-08-01
  response:
    body:
      string: '{"status":"Success","error":null}'
    headers:
      cache-control:
      - no-cache
      content-length:
      - '33'
      content-type:
      - application/json
      date:
      - Tue, 30 Jun 2020 06:05:07 GMT
      expires:
      - '-1'
      pragma:
      - no-cache
      server:
      - Microsoft-IIS/10.0
      strict-transport-security:
      - max-age=31536000; includeSubDomains
      transfer-encoding:
      - chunked
      vary:
      - Accept-Encoding
      x-aspnet-version:
      - 4.0.30319
      x-content-type-options:
      - nosniff
      x-ms-ratelimit-remaining-subscription-writes:
      - '1198'
      x-powered-by:
      - ASP.NET
    status:
      code: 200
      message: OK
- request:
    body: null
    headers:
      Accept:
      - application/json
      Accept-Encoding:
      - gzip, deflate
      CommandName:
      - appservice plan create
      Connection:
      - keep-alive
      ParameterSetName:
      - -g -n --sku
      User-Agent:
      - python/3.7.2 (Darwin-16.7.0-x86_64-i386-64bit) msrest/0.6.16 msrest_azure/0.6.3
        azure-mgmt-resource/10.0.0 Azure-SDK-For-Python AZURECLI/2.8.0
      accept-language:
      - en-US
    method: GET
    uri: https://management.azure.com/subscriptions/00000000-0000-0000-0000-000000000000/resourcegroups/clitest.rg000001?api-version=2019-07-01
  response:
    body:
      string: '{"id":"/subscriptions/00000000-0000-0000-0000-000000000000/resourceGroups/clitest.rg000001","name":"clitest.rg000001","type":"Microsoft.Resources/resourceGroups","location":"centralus","tags":{"product":"azurecli","cause":"automation","date":"2020-06-30T06:04:56Z"},"properties":{"provisioningState":"Succeeded"}}'
    headers:
      cache-control:
      - no-cache
      content-length:
      - '431'
      content-type:
      - application/json; charset=utf-8
      date:
      - Tue, 30 Jun 2020 06:05:07 GMT
      expires:
      - '-1'
      pragma:
      - no-cache
      strict-transport-security:
      - max-age=31536000; includeSubDomains
      vary:
      - Accept-Encoding
      x-content-type-options:
      - nosniff
    status:
      code: 200
      message: OK
- request:
    body: '{"location": "centralus", "properties": {"perSiteScaling": false, "isXenon":
      false}, "sku": {"name": "P1V2", "tier": "PREMIUMV2", "capacity": 1}}'
    headers:
      Accept:
      - application/json
      Accept-Encoding:
      - gzip, deflate
      CommandName:
      - appservice plan create
      Connection:
      - keep-alive
      Content-Length:
      - '145'
      Content-Type:
      - application/json; charset=utf-8
      ParameterSetName:
      - -g -n --sku
      User-Agent:
      - python/3.7.2 (Darwin-16.7.0-x86_64-i386-64bit) msrest/0.6.16 msrest_azure/0.6.3
        azure-mgmt-web/0.46.0 Azure-SDK-For-Python AZURECLI/2.8.0
      accept-language:
      - en-US
    method: PUT
    uri: https://management.azure.com/subscriptions/00000000-0000-0000-0000-000000000000/resourceGroups/clitest.rg000001/providers/Microsoft.Web/serverfarms/swiftplan000004?api-version=2019-08-01
  response:
    body:
      string: '{"id":"/subscriptions/00000000-0000-0000-0000-000000000000/resourceGroups/clitest.rg000001/providers/Microsoft.Web/serverfarms/swiftplan000004","name":"swiftplan000004","type":"Microsoft.Web/serverfarms","kind":"app","location":"Central
        US","properties":{"serverFarmId":40385,"name":"swiftplan000004","workerSize":"D1","workerSizeId":3,"workerTierName":null,"numberOfWorkers":1,"currentWorkerSize":"D1","currentWorkerSizeId":3,"currentNumberOfWorkers":1,"status":"Ready","webSpace":"clitest.rg000001-CentralUSwebspace","subscription":"5700fc96-77b4-4f8d-afce-c353d8c443bd","adminSiteName":null,"hostingEnvironment":null,"hostingEnvironmentProfile":null,"maximumNumberOfWorkers":30,"planName":"VirtualDedicatedPlan","adminRuntimeSiteName":null,"computeMode":"Dedicated","siteMode":null,"geoRegion":"Central
        US","perSiteScaling":false,"maximumElasticWorkerCount":1,"numberOfSites":0,"hostingEnvironmentId":null,"isSpot":false,"spotExpirationTime":null,"freeOfferExpirationTime":null,"tags":null,"kind":"app","resourceGroup":"clitest.rg000001","reserved":false,"isXenon":false,"hyperV":false,"mdmId":"waws-prod-dm1-087_40385","targetWorkerCount":0,"targetWorkerSizeId":0,"provisioningState":"Succeeded","webSiteId":null,"existingServerFarmIds":null},"sku":{"name":"P1v2","tier":"PremiumV2","size":"P1v2","family":"Pv2","capacity":1}}'
    headers:
      cache-control:
      - no-cache
      content-length:
      - '1534'
      content-type:
      - application/json
      date:
      - Tue, 30 Jun 2020 06:05:14 GMT
      expires:
      - '-1'
      pragma:
      - no-cache
      server:
      - Microsoft-IIS/10.0
      strict-transport-security:
      - max-age=31536000; includeSubDomains
      transfer-encoding:
      - chunked
      vary:
      - Accept-Encoding
      x-aspnet-version:
      - 4.0.30319
      x-content-type-options:
      - nosniff
      x-ms-ratelimit-remaining-subscription-writes:
      - '1198'
      x-powered-by:
      - ASP.NET
    status:
      code: 200
      message: OK
- request:
    body: null
    headers:
      Accept:
      - application/json
      Accept-Encoding:
      - gzip, deflate
      CommandName:
      - webapp create
      Connection:
      - keep-alive
      ParameterSetName:
      - -g -n --plan
      User-Agent:
      - python/3.7.2 (Darwin-16.7.0-x86_64-i386-64bit) msrest/0.6.16 msrest_azure/0.6.3
        azure-mgmt-web/0.46.0 Azure-SDK-For-Python AZURECLI/2.8.0
      accept-language:
      - en-US
    method: GET
    uri: https://management.azure.com/subscriptions/00000000-0000-0000-0000-000000000000/resourceGroups/clitest.rg000001/providers/Microsoft.Web/serverfarms/swiftplan000004?api-version=2019-08-01
  response:
    body:
      string: '{"id":"/subscriptions/00000000-0000-0000-0000-000000000000/resourceGroups/clitest.rg000001/providers/Microsoft.Web/serverfarms/swiftplan000004","name":"swiftplan000004","type":"Microsoft.Web/serverfarms","kind":"app","location":"Central
        US","properties":{"serverFarmId":40385,"name":"swiftplan000004","workerSize":"D1","workerSizeId":3,"workerTierName":null,"numberOfWorkers":1,"currentWorkerSize":"D1","currentWorkerSizeId":3,"currentNumberOfWorkers":1,"status":"Ready","webSpace":"clitest.rg000001-CentralUSwebspace","subscription":"5700fc96-77b4-4f8d-afce-c353d8c443bd","adminSiteName":null,"hostingEnvironment":null,"hostingEnvironmentProfile":null,"maximumNumberOfWorkers":30,"planName":"VirtualDedicatedPlan","adminRuntimeSiteName":null,"computeMode":"Dedicated","siteMode":null,"geoRegion":"Central
        US","perSiteScaling":false,"maximumElasticWorkerCount":1,"numberOfSites":0,"hostingEnvironmentId":null,"isSpot":false,"spotExpirationTime":null,"freeOfferExpirationTime":null,"tags":null,"kind":"app","resourceGroup":"clitest.rg000001","reserved":false,"isXenon":false,"hyperV":false,"mdmId":"waws-prod-dm1-087_40385","targetWorkerCount":0,"targetWorkerSizeId":0,"provisioningState":"Succeeded","webSiteId":null,"existingServerFarmIds":null},"sku":{"name":"P1v2","tier":"PremiumV2","size":"P1v2","family":"Pv2","capacity":1}}'
    headers:
      cache-control:
      - no-cache
      content-length:
      - '1534'
      content-type:
      - application/json
      date:
      - Tue, 30 Jun 2020 06:05:15 GMT
      expires:
      - '-1'
      pragma:
      - no-cache
      server:
      - Microsoft-IIS/10.0
      strict-transport-security:
      - max-age=31536000; includeSubDomains
      transfer-encoding:
      - chunked
      vary:
      - Accept-Encoding
      x-aspnet-version:
      - 4.0.30319
      x-content-type-options:
      - nosniff
      x-powered-by:
      - ASP.NET
    status:
      code: 200
      message: OK
- request:
    body: 'b''{"name": "swiftwebapp000003", "type": "Microsoft.Web/sites", "location":
      "Central US", "properties": {"serverFarmId": "/subscriptions/00000000-0000-0000-0000-000000000000/resourceGroups/clitest.rg000001/providers/Microsoft.Web/serverfarms/swiftplan000004"}}'''
    headers:
      Accept:
      - application/json
      Accept-Encoding:
      - gzip, deflate
      CommandName:
      - webapp create
      Connection:
      - keep-alive
      Content-Length:
      - '332'
      Content-Type:
      - application/json; charset=utf-8
      ParameterSetName:
      - -g -n --plan
      User-Agent:
      - python/3.7.2 (Darwin-16.7.0-x86_64-i386-64bit) msrest/0.6.16 msrest_azure/0.6.3
        azure-mgmt-web/0.46.0 Azure-SDK-For-Python AZURECLI/2.8.0
      accept-language:
      - en-US
    method: POST
    uri: https://management.azure.com/subscriptions/00000000-0000-0000-0000-000000000000/resourceGroups/clitest.rg000001/providers/Microsoft.Web/validate?api-version=2019-08-01
  response:
    body:
      string: '{"status":"Success","error":null}'
    headers:
      cache-control:
      - no-cache
      content-length:
      - '33'
      content-type:
      - application/json
      date:
      - Tue, 30 Jun 2020 06:05:16 GMT
      expires:
      - '-1'
      pragma:
      - no-cache
      server:
      - Microsoft-IIS/10.0
      strict-transport-security:
      - max-age=31536000; includeSubDomains
      transfer-encoding:
      - chunked
      vary:
      - Accept-Encoding
      x-aspnet-version:
      - 4.0.30319
      x-content-type-options:
      - nosniff
      x-ms-ratelimit-remaining-subscription-writes:
      - '1198'
      x-powered-by:
      - ASP.NET
    status:
      code: 200
      message: OK
- request:
    body: null
    headers:
      Accept:
      - application/json
      Accept-Encoding:
      - gzip, deflate
      CommandName:
      - webapp create
      Connection:
      - keep-alive
      ParameterSetName:
      - -g -n --plan
      User-Agent:
      - python/3.7.2 (Darwin-16.7.0-x86_64-i386-64bit) msrest/0.6.16 msrest_azure/0.6.3
        azure-mgmt-web/0.46.0 Azure-SDK-For-Python AZURECLI/2.8.0
      accept-language:
      - en-US
    method: GET
    uri: https://management.azure.com/subscriptions/00000000-0000-0000-0000-000000000000/resourceGroups/clitest.rg000001/providers/Microsoft.Web/serverfarms/swiftplan000004?api-version=2019-08-01
  response:
    body:
      string: '{"id":"/subscriptions/00000000-0000-0000-0000-000000000000/resourceGroups/clitest.rg000001/providers/Microsoft.Web/serverfarms/swiftplan000004","name":"swiftplan000004","type":"Microsoft.Web/serverfarms","kind":"app","location":"Central
        US","properties":{"serverFarmId":40385,"name":"swiftplan000004","workerSize":"D1","workerSizeId":3,"workerTierName":null,"numberOfWorkers":1,"currentWorkerSize":"D1","currentWorkerSizeId":3,"currentNumberOfWorkers":1,"status":"Ready","webSpace":"clitest.rg000001-CentralUSwebspace","subscription":"5700fc96-77b4-4f8d-afce-c353d8c443bd","adminSiteName":null,"hostingEnvironment":null,"hostingEnvironmentProfile":null,"maximumNumberOfWorkers":30,"planName":"VirtualDedicatedPlan","adminRuntimeSiteName":null,"computeMode":"Dedicated","siteMode":null,"geoRegion":"Central
        US","perSiteScaling":false,"maximumElasticWorkerCount":1,"numberOfSites":0,"hostingEnvironmentId":null,"isSpot":false,"spotExpirationTime":null,"freeOfferExpirationTime":null,"tags":null,"kind":"app","resourceGroup":"clitest.rg000001","reserved":false,"isXenon":false,"hyperV":false,"mdmId":"waws-prod-dm1-087_40385","targetWorkerCount":0,"targetWorkerSizeId":0,"provisioningState":"Succeeded","webSiteId":null,"existingServerFarmIds":null},"sku":{"name":"P1v2","tier":"PremiumV2","size":"P1v2","family":"Pv2","capacity":1}}'
    headers:
      cache-control:
      - no-cache
      content-length:
      - '1534'
      content-type:
      - application/json
      date:
      - Tue, 30 Jun 2020 06:05:16 GMT
      expires:
      - '-1'
      pragma:
      - no-cache
      server:
      - Microsoft-IIS/10.0
      strict-transport-security:
      - max-age=31536000; includeSubDomains
      transfer-encoding:
      - chunked
      vary:
      - Accept-Encoding
      x-aspnet-version:
      - 4.0.30319
      x-content-type-options:
      - nosniff
      x-powered-by:
      - ASP.NET
    status:
      code: 200
      message: OK
- request:
    body: '{"name": "swiftwebapp000003", "type": "Site"}'
    headers:
      Accept:
      - application/json
      Accept-Encoding:
      - gzip, deflate
      CommandName:
      - webapp create
      Connection:
      - keep-alive
      Content-Length:
      - '52'
      Content-Type:
      - application/json; charset=utf-8
      ParameterSetName:
      - -g -n --plan
      User-Agent:
      - python/3.7.2 (Darwin-16.7.0-x86_64-i386-64bit) msrest/0.6.16 msrest_azure/0.6.3
        azure-mgmt-web/0.46.0 Azure-SDK-For-Python AZURECLI/2.8.0
      accept-language:
      - en-US
    method: POST
    uri: https://management.azure.com/subscriptions/00000000-0000-0000-0000-000000000000/providers/Microsoft.Web/checknameavailability?api-version=2019-08-01
  response:
    body:
      string: '{"nameAvailable":true,"reason":"","message":""}'
    headers:
      cache-control:
      - no-cache
      content-length:
      - '47'
      content-type:
      - application/json
      date:
      - Tue, 30 Jun 2020 06:05:17 GMT
      expires:
      - '-1'
      pragma:
      - no-cache
      server:
      - Microsoft-IIS/10.0
      strict-transport-security:
      - max-age=31536000; includeSubDomains
      transfer-encoding:
      - chunked
      vary:
      - Accept-Encoding
      x-aspnet-version:
      - 4.0.30319
      x-content-type-options:
      - nosniff
      x-powered-by:
      - ASP.NET
    status:
      code: 200
      message: OK
- request:
    body: 'b''{"location": "Central US", "properties": {"serverFarmId": "/subscriptions/00000000-0000-0000-0000-000000000000/resourceGroups/clitest.rg000001/providers/Microsoft.Web/serverfarms/swiftplan000004",
      "reserved": false, "isXenon": false, "hyperV": false, "siteConfig": {"netFrameworkVersion":
      "v4.6", "appSettings": [{"name": "WEBSITE_NODE_DEFAULT_VERSION", "value": "10.14"}],
      "alwaysOn": true, "localMySqlEnabled": false, "http20Enabled": true}, "scmSiteAlsoStopped":
      false, "httpsOnly": false}}'''
    headers:
      Accept:
      - application/json
      Accept-Encoding:
      - gzip, deflate
      CommandName:
      - webapp create
      Connection:
      - keep-alive
      Content-Length:
      - '561'
      Content-Type:
      - application/json; charset=utf-8
      ParameterSetName:
      - -g -n --plan
      User-Agent:
      - python/3.7.2 (Darwin-16.7.0-x86_64-i386-64bit) msrest/0.6.16 msrest_azure/0.6.3
        azure-mgmt-web/0.46.0 Azure-SDK-For-Python AZURECLI/2.8.0
      accept-language:
      - en-US
    method: PUT
    uri: https://management.azure.com/subscriptions/00000000-0000-0000-0000-000000000000/resourceGroups/clitest.rg000001/providers/Microsoft.Web/sites/swiftwebapp000003?api-version=2019-08-01
  response:
    body:
      string: '{"id":"/subscriptions/00000000-0000-0000-0000-000000000000/resourceGroups/clitest.rg000001/providers/Microsoft.Web/sites/swiftwebapp000003","name":"swiftwebapp000003","type":"Microsoft.Web/sites","kind":"app","location":"Central
        US","properties":{"name":"swiftwebapp000003","state":"Running","hostNames":["swiftwebapp000003.azurewebsites.net"],"webSpace":"clitest.rg000001-CentralUSwebspace","selfLink":"https://waws-prod-dm1-087.api.azurewebsites.windows.net:454/subscriptions/00000000-0000-0000-0000-000000000000/webspaces/clitest.rg000001-CentralUSwebspace/sites/swiftwebapp000003","repositorySiteName":"swiftwebapp000003","owner":null,"usageState":"Normal","enabled":true,"adminEnabled":true,"enabledHostNames":["swiftwebapp000003.azurewebsites.net","swiftwebapp000003.scm.azurewebsites.net"],"siteProperties":{"metadata":null,"properties":[{"name":"LinuxFxVersion","value":""},{"name":"WindowsFxVersion","value":null}],"appSettings":null},"availabilityState":"Normal","sslCertificates":null,"csrs":[],"cers":null,"siteMode":null,"hostNameSslStates":[{"name":"swiftwebapp000003.azurewebsites.net","sslState":"Disabled","ipBasedSslResult":null,"virtualIP":null,"thumbprint":null,"toUpdate":null,"toUpdateIpBasedSsl":null,"ipBasedSslState":"NotConfigured","hostType":"Standard"},{"name":"swiftwebapp000003.scm.azurewebsites.net","sslState":"Disabled","ipBasedSslResult":null,"virtualIP":null,"thumbprint":null,"toUpdate":null,"toUpdateIpBasedSsl":null,"ipBasedSslState":"NotConfigured","hostType":"Repository"}],"computeMode":null,"serverFarm":null,"serverFarmId":"/subscriptions/00000000-0000-0000-0000-000000000000/resourceGroups/clitest.rg000001/providers/Microsoft.Web/serverfarms/swiftplan000004","reserved":false,"isXenon":false,"hyperV":false,"lastModifiedTimeUtc":"2020-06-30T06:05:24.44","storageRecoveryDefaultState":"Running","contentAvailabilityState":"Normal","runtimeAvailabilityState":"Normal","siteConfig":{"numberOfWorkers":null,"defaultDocuments":null,"netFrameworkVersion":null,"phpVersion":null,"pythonVersion":null,"nodeVersion":null,"powerShellVersion":null,"linuxFxVersion":null,"windowsFxVersion":null,"requestTracingEnabled":null,"remoteDebuggingEnabled":null,"remoteDebuggingVersion":null,"httpLoggingEnabled":null,"azureMonitorLogCategories":null,"acrUseManagedIdentityCreds":false,"acrUserManagedIdentityID":null,"logsDirectorySizeLimit":null,"detailedErrorLoggingEnabled":null,"publishingUsername":null,"publishingPassword":null,"appSettings":null,"metadata":null,"connectionStrings":null,"machineKey":null,"handlerMappings":null,"documentRoot":null,"scmType":null,"use32BitWorkerProcess":null,"webSocketsEnabled":null,"alwaysOn":null,"javaVersion":null,"javaContainer":null,"javaContainerVersion":null,"appCommandLine":null,"managedPipelineMode":null,"virtualApplications":null,"winAuthAdminState":null,"winAuthTenantState":null,"customAppPoolIdentityAdminState":null,"customAppPoolIdentityTenantState":null,"runtimeADUser":null,"runtimeADUserPassword":null,"loadBalancing":null,"routingRules":null,"experiments":null,"limits":null,"autoHealEnabled":null,"autoHealRules":null,"tracingOptions":null,"vnetName":null,"cors":null,"push":null,"apiDefinition":null,"apiManagementConfig":null,"autoSwapSlotName":null,"localMySqlEnabled":null,"managedServiceIdentityId":null,"xManagedServiceIdentityId":null,"ipSecurityRestrictions":[{"ipAddress":"Any","action":"Allow","priority":1,"name":"Allow
        all","description":"Allow all access"}],"scmIpSecurityRestrictions":[{"ipAddress":"Any","action":"Allow","priority":1,"name":"Allow
        all","description":"Allow all access"}],"scmIpSecurityRestrictionsUseMain":null,"http20Enabled":null,"minTlsVersion":null,"ftpsState":null,"preWarmedInstanceCount":null,"healthCheckPath":null,"fileChangeAuditEnabled":null,"functionsRuntimeScaleMonitoringEnabled":null,"websiteTimeZone":null,"minimumElasticInstanceCount":0},"deploymentId":"swiftwebapp000003","trafficManagerHostNames":null,"sku":"PremiumV2","scmSiteAlsoStopped":false,"targetSwapSlot":null,"hostingEnvironment":null,"hostingEnvironmentProfile":null,"clientAffinityEnabled":true,"clientCertEnabled":false,"clientCertMode":"Required","clientCertExclusionPaths":null,"hostNamesDisabled":false,"domainVerificationIdentifiers":null,"customDomainVerificationId":"A5B12E93C19D795D34DF79C449C2C3BAF58329ACBE54CAAF49EDCD93822ACCE8","kind":"app","inboundIpAddress":"52.173.139.99","possibleInboundIpAddresses":"52.173.139.99","ftpUsername":"swiftwebapp000003\\$swiftwebapp000003","ftpsHostName":"ftps://waws-prod-dm1-087.ftp.azurewebsites.windows.net/site/wwwroot","outboundIpAddresses":"52.176.107.202,52.173.184.202,52.173.190.226","possibleOutboundIpAddresses":"52.173.139.99,52.173.188.229,52.173.184.127,52.173.186.243,52.173.190.95,52.176.107.202,52.173.184.202,52.173.190.226","containerSize":0,"dailyMemoryTimeQuota":0,"suspendedTill":null,"siteDisabledReason":0,"functionExecutionUnitsCache":null,"maxNumberOfWorkers":null,"homeStamp":"waws-prod-dm1-087","cloningInfo":null,"hostingEnvironmentId":null,"tags":null,"resourceGroup":"clitest.rg000001","defaultHostName":"swiftwebapp000003.azurewebsites.net","slotSwapStatus":null,"httpsOnly":false,"redundancyMode":"None","inProgressOperationId":null,"geoDistributions":null,"privateEndpointConnections":null,"buildVersion":null,"targetBuildVersion":null}}'
    headers:
      cache-control:
      - no-cache
      content-length:
      - '5724'
      content-type:
      - application/json
      date:
      - Tue, 30 Jun 2020 06:05:39 GMT
      etag:
      - '"1D64EA4720F0B80"'
      expires:
      - '-1'
      pragma:
      - no-cache
      server:
      - Microsoft-IIS/10.0
      strict-transport-security:
      - max-age=31536000; includeSubDomains
      transfer-encoding:
      - chunked
      vary:
      - Accept-Encoding
      x-aspnet-version:
      - 4.0.30319
      x-content-type-options:
      - nosniff
      x-ms-ratelimit-remaining-subscription-resource-requests:
      - '498'
      x-powered-by:
      - ASP.NET
    status:
      code: 200
      message: OK
- request:
    body: '{}'
    headers:
      Accept:
      - application/xml
      Accept-Encoding:
      - gzip, deflate
      CommandName:
      - webapp create
      Connection:
      - keep-alive
      Content-Length:
      - '2'
      Content-Type:
      - application/json; charset=utf-8
      ParameterSetName:
      - -g -n --plan
      User-Agent:
      - python/3.7.2 (Darwin-16.7.0-x86_64-i386-64bit) msrest/0.6.16 msrest_azure/0.6.3
        azure-mgmt-web/0.46.0 Azure-SDK-For-Python AZURECLI/2.8.0
      accept-language:
      - en-US
    method: POST
    uri: https://management.azure.com/subscriptions/00000000-0000-0000-0000-000000000000/resourceGroups/clitest.rg000001/providers/Microsoft.Web/sites/swiftwebapp000003/publishxml?api-version=2019-08-01
  response:
    body:
      string: <publishData><publishProfile profileName="swiftwebapp000003 - Web Deploy"
        publishMethod="MSDeploy" publishUrl="swiftwebapp000003.scm.azurewebsites.net:443"
        msdeploySite="swiftwebapp000003" userName="$swiftwebapp000003" userPWD="SeRke7lt4yCMBPkqd7EFRre6e8kuWPEbrZKwiJ5fLs3w7R9jtCm1iSgnoC8k"
        destinationAppUrl="http://swiftwebapp000003.azurewebsites.net" SQLServerDBConnectionString=""
        mySQLDBConnectionString="" hostingProviderForumLink="" controlPanelLink="http://windows.azure.com"
        webSystem="WebSites"><databases /></publishProfile><publishProfile profileName="swiftwebapp000003
        - FTP" publishMethod="FTP" publishUrl="ftp://waws-prod-dm1-087.ftp.azurewebsites.windows.net/site/wwwroot"
        ftpPassiveMode="True" userName="swiftwebapp000003\$swiftwebapp000003" userPWD="SeRke7lt4yCMBPkqd7EFRre6e8kuWPEbrZKwiJ5fLs3w7R9jtCm1iSgnoC8k"
        destinationAppUrl="http://swiftwebapp000003.azurewebsites.net" SQLServerDBConnectionString=""
        mySQLDBConnectionString="" hostingProviderForumLink="" controlPanelLink="http://windows.azure.com"
        webSystem="WebSites"><databases /></publishProfile><publishProfile profileName="swiftwebapp000003
        - ReadOnly - FTP" publishMethod="FTP" publishUrl="ftp://waws-prod-dm1-087dr.ftp.azurewebsites.windows.net/site/wwwroot"
        ftpPassiveMode="True" userName="swiftwebapp000003\$swiftwebapp000003" userPWD="SeRke7lt4yCMBPkqd7EFRre6e8kuWPEbrZKwiJ5fLs3w7R9jtCm1iSgnoC8k"
        destinationAppUrl="http://swiftwebapp000003.azurewebsites.net" SQLServerDBConnectionString=""
        mySQLDBConnectionString="" hostingProviderForumLink="" controlPanelLink="http://windows.azure.com"
        webSystem="WebSites"><databases /></publishProfile></publishData>
    headers:
      cache-control:
      - no-cache
      content-length:
      - '1730'
      content-type:
      - application/xml
      date:
      - Tue, 30 Jun 2020 06:05:40 GMT
      expires:
      - '-1'
      pragma:
      - no-cache
      server:
      - Microsoft-IIS/10.0
      strict-transport-security:
      - max-age=31536000; includeSubDomains
      x-aspnet-version:
      - 4.0.30319
      x-content-type-options:
      - nosniff
      x-ms-ratelimit-remaining-subscription-resource-requests:
      - '11999'
      x-powered-by:
      - ASP.NET
    status:
      code: 200
      message: OK
- request:
    body: null
    headers:
      Accept:
      - application/json
      Accept-Encoding:
      - gzip, deflate
      CommandName:
      - webapp vnet-integration add
      Connection:
      - keep-alive
      ParameterSetName:
      - -g -n --vnet --subnet
      User-Agent:
      - python/3.7.2 (Darwin-16.7.0-x86_64-i386-64bit) msrest/0.6.16 msrest_azure/0.6.3
        azure-mgmt-network/10.2.0 Azure-SDK-For-Python AZURECLI/2.8.0
      accept-language:
      - en-US
    method: GET
    uri: https://management.azure.com/subscriptions/00000000-0000-0000-0000-000000000000/providers/Microsoft.Network/virtualNetworks?api-version=2020-04-01
  response:
    body:
      string: '{"value":[{"name":"githubactions-vnet","id":"/subscriptions/00000000-0000-0000-0000-000000000000/resourceGroups/calvin-github-actions/providers/Microsoft.Network/virtualNetworks/githubactions-vnet","etag":"W/\"f536a85f-4b2c-460d-b020-fd38aeff7e7d\"","type":"Microsoft.Network/virtualNetworks","location":"centralus","tags":{},"properties":{"provisioningState":"Succeeded","resourceGuid":"e04e58d0-4102-49b5-87f5-f38b1042b918","addressSpace":{"addressPrefixes":["10.0.0.0/16"]},"subnets":[{"name":"githubactions-subnet","id":"/subscriptions/00000000-0000-0000-0000-000000000000/resourceGroups/calvin-github-actions/providers/Microsoft.Network/virtualNetworks/githubactions-vnet/subnets/githubactions-subnet","etag":"W/\"f536a85f-4b2c-460d-b020-fd38aeff7e7d\"","properties":{"provisioningState":"Succeeded","addressPrefix":"10.0.1.0/24","serviceEndpoints":[],"delegations":[{"name":"delegation","id":"/subscriptions/00000000-0000-0000-0000-000000000000/resourceGroups/calvin-github-actions/providers/Microsoft.Network/virtualNetworks/githubactions-vnet/subnets/githubactions-subnet/delegations/delegation","etag":"W/\"f536a85f-4b2c-460d-b020-fd38aeff7e7d\"","properties":{"provisioningState":"Succeeded","serviceName":"Microsoft.Web/serverFarms","actions":["Microsoft.Network/virtualNetworks/subnets/action"]},"type":"Microsoft.Network/virtualNetworks/subnets/delegations"}],"privateEndpointNetworkPolicies":"Enabled","privateLinkServiceNetworkPolicies":"Enabled"},"type":"Microsoft.Network/virtualNetworks/subnets"},{"name":"default","id":"/subscriptions/00000000-0000-0000-0000-000000000000/resourceGroups/calvin-github-actions/providers/Microsoft.Network/virtualNetworks/githubactions-vnet/subnets/default","etag":"W/\"f536a85f-4b2c-460d-b020-fd38aeff7e7d\"","properties":{"provisioningState":"Succeeded","addressPrefix":"10.0.0.0/24","delegations":[{"name":"delegation","id":"/subscriptions/00000000-0000-0000-0000-000000000000/resourceGroups/calvin-github-actions/providers/Microsoft.Network/virtualNetworks/githubactions-vnet/subnets/default/delegations/delegation","etag":"W/\"f536a85f-4b2c-460d-b020-fd38aeff7e7d\"","properties":{"provisioningState":"Succeeded","serviceName":"Microsoft.Web/serverfarms","actions":["Microsoft.Network/virtualNetworks/subnets/action"]},"type":"Microsoft.Network/virtualNetworks/subnets/delegations"}],"privateEndpointNetworkPolicies":"Enabled","privateLinkServiceNetworkPolicies":"Enabled"},"type":"Microsoft.Network/virtualNetworks/subnets"}],"virtualNetworkPeerings":[],"enableDdosProtection":false,"enableVmProtection":false}},{"name":"testvnet-diffrg","id":"/subscriptions/00000000-0000-0000-0000-000000000000/resourceGroups/calvin-github-actions/providers/Microsoft.Network/virtualNetworks/testvnet-diffrg","etag":"W/\"af537eec-2fa5-480a-a27d-4dd71fa8aa91\"","type":"Microsoft.Network/virtualNetworks","location":"centralus","tags":{},"properties":{"provisioningState":"Succeeded","resourceGuid":"f8889475-c312-4989-93ef-0288a0b555b2","addressSpace":{"addressPrefixes":["10.2.0.0/16"]},"subnets":[{"name":"default","id":"/subscriptions/00000000-0000-0000-0000-000000000000/resourceGroups/calvin-github-actions/providers/Microsoft.Network/virtualNetworks/testvnet-diffrg/subnets/default","etag":"W/\"af537eec-2fa5-480a-a27d-4dd71fa8aa91\"","properties":{"provisioningState":"Succeeded","addressPrefix":"10.2.0.0/24","serviceAssociationLinks":[{"name":"AppServiceLink","id":"/subscriptions/00000000-0000-0000-0000-000000000000/resourceGroups/calvin-github-actions/providers/Microsoft.Network/virtualNetworks/testvnet-diffrg/subnets/default/serviceAssociationLinks/AppServiceLink","etag":"W/\"af537eec-2fa5-480a-a27d-4dd71fa8aa91\"","type":"Microsoft.Network/virtualNetworks/subnets/serviceAssociationLinks","properties":{"provisioningState":"Succeeded","linkedResourceType":"Microsoft.Web/serverfarms","link":"/subscriptions/00000000-0000-0000-0000-000000000000/resourceGroups/calvin-github-actions/providers/Microsoft.Web/serverfarms/calvin-windows-asp-f1","allowDelete":false,"locations":[]}}],"delegations":[{"name":"delegation","id":"/subscriptions/00000000-0000-0000-0000-000000000000/resourceGroups/calvin-github-actions/providers/Microsoft.Network/virtualNetworks/testvnet-diffrg/subnets/default/delegations/delegation","etag":"W/\"af537eec-2fa5-480a-a27d-4dd71fa8aa91\"","properties":{"provisioningState":"Succeeded","serviceName":"Microsoft.Web/serverFarms","actions":["Microsoft.Network/virtualNetworks/subnets/action"]},"type":"Microsoft.Network/virtualNetworks/subnets/delegations"}],"privateEndpointNetworkPolicies":"Enabled","privateLinkServiceNetworkPolicies":"Enabled"},"type":"Microsoft.Network/virtualNetworks/subnets"}],"virtualNetworkPeerings":[],"enableDdosProtection":false,"enableVmProtection":false}},{"name":"swiftname000007","id":"/subscriptions/00000000-0000-0000-0000-000000000000/resourceGroups/clitest.rg000001/providers/Microsoft.Network/virtualNetworks/swiftname000007","etag":"W/\"679b8036-6b06-43c2-a09a-253e79dfcc88\"","type":"Microsoft.Network/virtualNetworks","location":"centralus","tags":{},"properties":{"provisioningState":"Succeeded","resourceGuid":"8d32011e-a052-489f-9751-f157682d0ee2","addressSpace":{"addressPrefixes":["10.0.0.0/16"]},"dhcpOptions":{"dnsServers":[]},"subnets":[{"name":"swiftsubnet000005","id":"/subscriptions/00000000-0000-0000-0000-000000000000/resourceGroups/clitest.rg000001/providers/Microsoft.Network/virtualNetworks/swiftname000007/subnets/swiftsubnet000005","etag":"W/\"679b8036-6b06-43c2-a09a-253e79dfcc88\"","properties":{"provisioningState":"Succeeded","addressPrefix":"10.0.0.0/24","delegations":[],"privateEndpointNetworkPolicies":"Enabled","privateLinkServiceNetworkPolicies":"Enabled"},"type":"Microsoft.Network/virtualNetworks/subnets"}],"virtualNetworkPeerings":[],"enableDdosProtection":false,"enableVmProtection":false}},{"name":"swiftnamet7k5rw4jkgdege7","id":"/subscriptions/00000000-0000-0000-0000-000000000000/resourceGroups/clitest.rgub2caabu5buxib5tk337pgt7nlacj7znsugeer4iu2skvw4yv24sroukundpz2i4l/providers/Microsoft.Network/virtualNetworks/swiftnamet7k5rw4jkgdege7","etag":"W/\"85d27770-42f5-4d32-b11b-af6b24087178\"","type":"Microsoft.Network/virtualNetworks","location":"centralus","tags":{},"properties":{"provisioningState":"Succeeded","resourceGuid":"f914bc97-a0da-41a6-8d62-516f2fbb85f0","addressSpace":{"addressPrefixes":["10.0.0.0/16"]},"dhcpOptions":{"dnsServers":[]},"subnets":[{"name":"swiftsubnetgkdrjh4jgzsnw","id":"/subscriptions/00000000-0000-0000-0000-000000000000/resourceGroups/clitest.rgub2caabu5buxib5tk337pgt7nlacj7znsugeer4iu2skvw4yv24sroukundpz2i4l/providers/Microsoft.Network/virtualNetworks/swiftnamet7k5rw4jkgdege7/subnets/swiftsubnetgkdrjh4jgzsnw","etag":"W/\"85d27770-42f5-4d32-b11b-af6b24087178\"","properties":{"provisioningState":"Succeeded","addressPrefix":"10.0.0.0/24","delegations":[{"name":"delegation","id":"/subscriptions/00000000-0000-0000-0000-000000000000/resourceGroups/clitest.rgub2caabu5buxib5tk337pgt7nlacj7znsugeer4iu2skvw4yv24sroukundpz2i4l/providers/Microsoft.Network/virtualNetworks/swiftnamet7k5rw4jkgdege7/subnets/swiftsubnetgkdrjh4jgzsnw/delegations/delegation","etag":"W/\"85d27770-42f5-4d32-b11b-af6b24087178\"","properties":{"provisioningState":"Succeeded","serviceName":"Microsoft.Web/serverFarms","actions":["Microsoft.Network/virtualNetworks/subnets/action"]},"type":"Microsoft.Network/virtualNetworks/subnets/delegations"}],"privateEndpointNetworkPolicies":"Enabled","privateLinkServiceNetworkPolicies":"Enabled"},"type":"Microsoft.Network/virtualNetworks/subnets"}],"virtualNetworkPeerings":[],"enableDdosProtection":false,"enableVmProtection":false}},{"name":"swiftnamee34ckixvwp6cw6i","id":"/subscriptions/00000000-0000-0000-0000-000000000000/resourceGroups/clitest.rgyl3f2ro7rwnarshdc75upy7ygfux5uvvvakzdtxom36jywxdq2uro7y5depc6ku2i/providers/Microsoft.Network/virtualNetworks/swiftnamee34ckixvwp6cw6i","etag":"W/\"7efced3f-5f8e-4b22-a4f6-d2dd36efa0a8\"","type":"Microsoft.Network/virtualNetworks","location":"centralus","tags":{},"properties":{"provisioningState":"Succeeded","resourceGuid":"51c95f25-e0cb-42d0-9124-baca0382a53a","addressSpace":{"addressPrefixes":["10.0.0.0/16"]},"dhcpOptions":{"dnsServers":[]},"subnets":[{"name":"swiftsubnetxuu6ukj3m4xad","id":"/subscriptions/00000000-0000-0000-0000-000000000000/resourceGroups/clitest.rgyl3f2ro7rwnarshdc75upy7ygfux5uvvvakzdtxom36jywxdq2uro7y5depc6ku2i/providers/Microsoft.Network/virtualNetworks/swiftnamee34ckixvwp6cw6i/subnets/swiftsubnetxuu6ukj3m4xad","etag":"W/\"7efced3f-5f8e-4b22-a4f6-d2dd36efa0a8\"","properties":{"provisioningState":"Succeeded","addressPrefix":"10.0.0.0/24","serviceAssociationLinks":[{"name":"AppServiceLink","id":"/subscriptions/00000000-0000-0000-0000-000000000000/resourceGroups/clitest.rgyl3f2ro7rwnarshdc75upy7ygfux5uvvvakzdtxom36jywxdq2uro7y5depc6ku2i/providers/Microsoft.Network/virtualNetworks/swiftnamee34ckixvwp6cw6i/subnets/swiftsubnetxuu6ukj3m4xad/serviceAssociationLinks/AppServiceLink","etag":"W/\"7efced3f-5f8e-4b22-a4f6-d2dd36efa0a8\"","type":"Microsoft.Network/virtualNetworks/subnets/serviceAssociationLinks","properties":{"provisioningState":"Succeeded","linkedResourceType":"Microsoft.Web/serverfarms","link":"/subscriptions/00000000-0000-0000-0000-000000000000/resourceGroups/clitest.rgyl3f2ro7rwnarshdc75upy7ygfux5uvvvakzdtxom36jywxdq2uro7y5depc6ku2i/providers/Microsoft.Web/serverfarms/swiftplankwh5zb2ctp6ik72","allowDelete":false,"locations":[]}}],"serviceEndpoints":[{"provisioningState":"Succeeded","service":"Microsoft.Storage","locations":["centralus","eastus2"]}],"delegations":[{"name":"0","id":"/subscriptions/00000000-0000-0000-0000-000000000000/resourceGroups/clitest.rgyl3f2ro7rwnarshdc75upy7ygfux5uvvvakzdtxom36jywxdq2uro7y5depc6ku2i/providers/Microsoft.Network/virtualNetworks/swiftnamee34ckixvwp6cw6i/subnets/swiftsubnetxuu6ukj3m4xad/delegations/0","etag":"W/\"7efced3f-5f8e-4b22-a4f6-d2dd36efa0a8\"","properties":{"provisioningState":"Succeeded","serviceName":"Microsoft.Web/serverfarms","actions":["Microsoft.Network/virtualNetworks/subnets/action"]},"type":"Microsoft.Network/virtualNetworks/subnets/delegations"}],"privateEndpointNetworkPolicies":"Enabled","privateLinkServiceNetworkPolicies":"Enabled"},"type":"Microsoft.Network/virtualNetworks/subnets"}],"virtualNetworkPeerings":[],"enableDdosProtection":false,"enableVmProtection":false}},{"name":"swiftnameadmsoyykpzx4da2","id":"/subscriptions/00000000-0000-0000-0000-000000000000/resourceGroups/swiftwebappaip5iuqcmcy25/providers/Microsoft.Network/virtualNetworks/swiftnameadmsoyykpzx4da2","etag":"W/\"190e09a5-f5c0-4ed4-a699-29c68de76aa5\"","type":"Microsoft.Network/virtualNetworks","location":"centralus","tags":{},"properties":{"provisioningState":"Succeeded","resourceGuid":"2a1b1f50-0958-4eef-819a-c9cebb83999b","addressSpace":{"addressPrefixes":["10.0.0.0/16"]},"dhcpOptions":{"dnsServers":[]},"subnets":[{"name":"swiftsubnetze7opg7fo3azr","id":"/subscriptions/00000000-0000-0000-0000-000000000000/resourceGroups/swiftwebappaip5iuqcmcy25/providers/Microsoft.Network/virtualNetworks/swiftnameadmsoyykpzx4da2/subnets/swiftsubnetze7opg7fo3azr","etag":"W/\"190e09a5-f5c0-4ed4-a699-29c68de76aa5\"","properties":{"provisioningState":"Succeeded","addressPrefix":"10.0.0.0/24","delegations":[{"name":"delegation","id":"/subscriptions/00000000-0000-0000-0000-000000000000/resourceGroups/swiftwebappaip5iuqcmcy25/providers/Microsoft.Network/virtualNetworks/swiftnameadmsoyykpzx4da2/subnets/swiftsubnetze7opg7fo3azr/delegations/delegation","etag":"W/\"190e09a5-f5c0-4ed4-a699-29c68de76aa5\"","properties":{"provisioningState":"Succeeded","serviceName":"Microsoft.Web/serverFarms","actions":["Microsoft.Network/virtualNetworks/subnets/action"]},"type":"Microsoft.Network/virtualNetworks/subnets/delegations"}],"privateEndpointNetworkPolicies":"Enabled","privateLinkServiceNetworkPolicies":"Enabled"},"type":"Microsoft.Network/virtualNetworks/subnets"}],"virtualNetworkPeerings":[],"enableDdosProtection":false,"enableVmProtection":false}},{"name":"swiftnamebvlcrlyjxk6t3yv","id":"/subscriptions/00000000-0000-0000-0000-000000000000/resourceGroups/swiftwebappflrtxjt2r5nti/providers/Microsoft.Network/virtualNetworks/swiftnamebvlcrlyjxk6t3yv","etag":"W/\"f772faed-47c9-4d37-ae2e-89a4e3172711\"","type":"Microsoft.Network/virtualNetworks","location":"centralus","tags":{},"properties":{"provisioningState":"Succeeded","resourceGuid":"c378bfcf-b0e1-458c-afef-40f4f1daec18","addressSpace":{"addressPrefixes":["10.0.0.0/16"]},"dhcpOptions":{"dnsServers":[]},"subnets":[{"name":"swiftsubnetckxo3jpibxnx7","id":"/subscriptions/00000000-0000-0000-0000-000000000000/resourceGroups/swiftwebappflrtxjt2r5nti/providers/Microsoft.Network/virtualNetworks/swiftnamebvlcrlyjxk6t3yv/subnets/swiftsubnetckxo3jpibxnx7","etag":"W/\"f772faed-47c9-4d37-ae2e-89a4e3172711\"","properties":{"provisioningState":"Succeeded","addressPrefix":"10.0.0.0/24","delegations":[{"name":"delegation","id":"/subscriptions/00000000-0000-0000-0000-000000000000/resourceGroups/swiftwebappflrtxjt2r5nti/providers/Microsoft.Network/virtualNetworks/swiftnamebvlcrlyjxk6t3yv/subnets/swiftsubnetckxo3jpibxnx7/delegations/delegation","etag":"W/\"f772faed-47c9-4d37-ae2e-89a4e3172711\"","properties":{"provisioningState":"Succeeded","serviceName":"Microsoft.Web/serverFarms","actions":["Microsoft.Network/virtualNetworks/subnets/action"]},"type":"Microsoft.Network/virtualNetworks/subnets/delegations"}],"privateEndpointNetworkPolicies":"Enabled","privateLinkServiceNetworkPolicies":"Enabled"},"type":"Microsoft.Network/virtualNetworks/subnets"}],"virtualNetworkPeerings":[],"enableDdosProtection":false,"enableVmProtection":false}},{"name":"swiftnamebevpea2tsu2t7ut","id":"/subscriptions/00000000-0000-0000-0000-000000000000/resourceGroups/swiftwebapphfvlhlraqgjgf/providers/Microsoft.Network/virtualNetworks/swiftnamebevpea2tsu2t7ut","etag":"W/\"861bd7ea-9d7d-43a2-a9d8-c62d21ea54cb\"","type":"Microsoft.Network/virtualNetworks","location":"centralus","tags":{},"properties":{"provisioningState":"Succeeded","resourceGuid":"d06cc654-d220-4d56-9dd6-9a8c0cf66c8d","addressSpace":{"addressPrefixes":["10.0.0.0/16"]},"dhcpOptions":{"dnsServers":[]},"subnets":[{"name":"swiftsubnetglpby4fep4zhg","id":"/subscriptions/00000000-0000-0000-0000-000000000000/resourceGroups/swiftwebapphfvlhlraqgjgf/providers/Microsoft.Network/virtualNetworks/swiftnamebevpea2tsu2t7ut/subnets/swiftsubnetglpby4fep4zhg","etag":"W/\"861bd7ea-9d7d-43a2-a9d8-c62d21ea54cb\"","properties":{"provisioningState":"Succeeded","addressPrefix":"10.0.0.0/24","delegations":[],"privateEndpointNetworkPolicies":"Enabled","privateLinkServiceNetworkPolicies":"Enabled"},"type":"Microsoft.Network/virtualNetworks/subnets"}],"virtualNetworkPeerings":[],"enableDdosProtection":false,"enableVmProtection":false}},{"name":"swiftname000007","id":"/subscriptions/00000000-0000-0000-0000-000000000000/resourceGroups/swiftwebapp000002/providers/Microsoft.Network/virtualNetworks/swiftname000007","etag":"W/\"51082325-fbe1-473a-a9df-58ca09e7aabd\"","type":"Microsoft.Network/virtualNetworks","location":"centralus","tags":{},"properties":{"provisioningState":"Succeeded","resourceGuid":"6f7132f6-f35e-4fec-8da4-2a10e9806ac4","addressSpace":{"addressPrefixes":["10.0.0.0/16"]},"dhcpOptions":{"dnsServers":[]},"subnets":[{"name":"swiftsubnet000006","id":"/subscriptions/00000000-0000-0000-0000-000000000000/resourceGroups/swiftwebapp000002/providers/Microsoft.Network/virtualNetworks/swiftname000007/subnets/swiftsubnet000006","etag":"W/\"51082325-fbe1-473a-a9df-58ca09e7aabd\"","properties":{"provisioningState":"Succeeded","addressPrefix":"10.0.0.0/24","delegations":[],"privateEndpointNetworkPolicies":"Enabled","privateLinkServiceNetworkPolicies":"Enabled"},"type":"Microsoft.Network/virtualNetworks/subnets"}],"virtualNetworkPeerings":[],"enableDdosProtection":false,"enableVmProtection":false}},{"name":"swiftnameykwb3hd3g5iqnnd","id":"/subscriptions/00000000-0000-0000-0000-000000000000/resourceGroups/swiftwebappnirofivx5t5ky/providers/Microsoft.Network/virtualNetworks/swiftnameykwb3hd3g5iqnnd","etag":"W/\"d339af81-0e20-4e59-9dcc-8731819e42d7\"","type":"Microsoft.Network/virtualNetworks","location":"centralus","tags":{},"properties":{"provisioningState":"Succeeded","resourceGuid":"00af2512-bae7-4bf4-aa9e-d4367cb0b4b9","addressSpace":{"addressPrefixes":["10.0.0.0/16"]},"dhcpOptions":{"dnsServers":[]},"subnets":[{"name":"swiftsubnetxybaeuee5vxe7","id":"/subscriptions/00000000-0000-0000-0000-000000000000/resourceGroups/swiftwebappnirofivx5t5ky/providers/Microsoft.Network/virtualNetworks/swiftnameykwb3hd3g5iqnnd/subnets/swiftsubnetxybaeuee5vxe7","etag":"W/\"d339af81-0e20-4e59-9dcc-8731819e42d7\"","properties":{"provisioningState":"Succeeded","addressPrefix":"10.0.0.0/24","delegations":[],"privateEndpointNetworkPolicies":"Enabled","privateLinkServiceNetworkPolicies":"Enabled"},"type":"Microsoft.Network/virtualNetworks/subnets"}],"virtualNetworkPeerings":[],"enableDdosProtection":false,"enableVmProtection":false}},{"name":"swiftnamejpw4m2vxeperai2","id":"/subscriptions/00000000-0000-0000-0000-000000000000/resourceGroups/swiftwebappyx5cs7pdyiops/providers/Microsoft.Network/virtualNetworks/swiftnamejpw4m2vxeperai2","etag":"W/\"3d931638-0d9a-4dab-ada4-a62f9da76652\"","type":"Microsoft.Network/virtualNetworks","location":"centralus","tags":{},"properties":{"provisioningState":"Succeeded","resourceGuid":"cfd48c43-fd87-4043-9b2d-50ecf8cec0ca","addressSpace":{"addressPrefixes":["10.0.0.0/16"]},"dhcpOptions":{"dnsServers":[]},"subnets":[{"name":"swiftsubnetmjsnbswyrfalt","id":"/subscriptions/00000000-0000-0000-0000-000000000000/resourceGroups/swiftwebappyx5cs7pdyiops/providers/Microsoft.Network/virtualNetworks/swiftnamejpw4m2vxeperai2/subnets/swiftsubnetmjsnbswyrfalt","etag":"W/\"3d931638-0d9a-4dab-ada4-a62f9da76652\"","properties":{"provisioningState":"Succeeded","addressPrefix":"10.0.0.0/24","delegations":[],"privateEndpointNetworkPolicies":"Enabled","privateLinkServiceNetworkPolicies":"Enabled"},"type":"Microsoft.Network/virtualNetworks/subnets"}],"virtualNetworkPeerings":[],"enableDdosProtection":false,"enableVmProtection":false}},{"name":"swiftnametsbq4zofhxd4bi6","id":"/subscriptions/00000000-0000-0000-0000-000000000000/resourceGroups/swiftwebappzgoj24y67m7k4/providers/Microsoft.Network/virtualNetworks/swiftnametsbq4zofhxd4bi6","etag":"W/\"7291524b-d539-4c0e-8250-2c503d7391cd\"","type":"Microsoft.Network/virtualNetworks","location":"centralus","tags":{},"properties":{"provisioningState":"Succeeded","resourceGuid":"b9ed3756-40ef-4570-86a7-3ad1003a39c3","addressSpace":{"addressPrefixes":["10.0.0.0/16"]},"dhcpOptions":{"dnsServers":[]},"subnets":[{"name":"swiftsubnetmt5itxyrdjtzc","id":"/subscriptions/00000000-0000-0000-0000-000000000000/resourceGroups/swiftwebappzgoj24y67m7k4/providers/Microsoft.Network/virtualNetworks/swiftnametsbq4zofhxd4bi6/subnets/swiftsubnetmt5itxyrdjtzc","etag":"W/\"7291524b-d539-4c0e-8250-2c503d7391cd\"","properties":{"provisioningState":"Succeeded","addressPrefix":"10.0.0.0/24","delegations":[],"privateEndpointNetworkPolicies":"Enabled","privateLinkServiceNetworkPolicies":"Enabled"},"type":"Microsoft.Network/virtualNetworks/subnets"}],"virtualNetworkPeerings":[],"enableDdosProtection":false,"enableVmProtection":false}},{"name":"testvnet-diffrg","id":"/subscriptions/00000000-0000-0000-0000-000000000000/resourceGroups/test-priv-endpoint-conn-rg/providers/Microsoft.Network/virtualNetworks/testvnet-diffrg","etag":"W/\"4fb391ba-f48b-4fb8-8721-c1d1487db4b0\"","type":"Microsoft.Network/virtualNetworks","location":"centralus","tags":{},"properties":{"provisioningState":"Succeeded","resourceGuid":"6a127f10-9cc2-48e0-8c62-8d947dfdaa4d","addressSpace":{"addressPrefixes":["10.2.0.0/16"]},"subnets":[{"name":"default","id":"/subscriptions/00000000-0000-0000-0000-000000000000/resourceGroups/test-priv-endpoint-conn-rg/providers/Microsoft.Network/virtualNetworks/testvnet-diffrg/subnets/default","etag":"W/\"4fb391ba-f48b-4fb8-8721-c1d1487db4b0\"","properties":{"provisioningState":"Succeeded","addressPrefix":"10.2.0.0/24","delegations":[],"privateEndpointNetworkPolicies":"Enabled","privateLinkServiceNetworkPolicies":"Enabled"},"type":"Microsoft.Network/virtualNetworks/subnets"},{"name":"lala","id":"/subscriptions/00000000-0000-0000-0000-000000000000/resourceGroups/test-priv-endpoint-conn-rg/providers/Microsoft.Network/virtualNetworks/testvnet-diffrg/subnets/lala","etag":"W/\"4fb391ba-f48b-4fb8-8721-c1d1487db4b0\"","properties":{"provisioningState":"Succeeded","addressPrefix":"10.2.1.0/24","serviceEndpoints":[],"delegations":[{"name":"delegation","id":"/subscriptions/00000000-0000-0000-0000-000000000000/resourceGroups/test-priv-endpoint-conn-rg/providers/Microsoft.Network/virtualNetworks/testvnet-diffrg/subnets/lala/delegations/delegation","etag":"W/\"4fb391ba-f48b-4fb8-8721-c1d1487db4b0\"","properties":{"provisioningState":"Succeeded","serviceName":"Microsoft.Web/serverFarms","actions":["Microsoft.Network/virtualNetworks/subnets/action"]},"type":"Microsoft.Network/virtualNetworks/subnets/delegations"}],"privateEndpointNetworkPolicies":"Enabled","privateLinkServiceNetworkPolicies":"Enabled"},"type":"Microsoft.Network/virtualNetworks/subnets"}],"virtualNetworkPeerings":[],"enableDdosProtection":false,"enableVmProtection":false}},{"name":"testvnet-diffrg-2","id":"/subscriptions/00000000-0000-0000-0000-000000000000/resourceGroups/calvin-github-actions/providers/Microsoft.Network/virtualNetworks/testvnet-diffrg-2","etag":"W/\"9b3818f6-bc5d-432a-a17d-1e51c7f7b935\"","type":"Microsoft.Network/virtualNetworks","location":"westus2","tags":{},"properties":{"provisioningState":"Succeeded","resourceGuid":"71d0449e-a56f-4616-8c3e-6498defe7487","addressSpace":{"addressPrefixes":["10.2.0.0/16"]},"subnets":[{"name":"default","id":"/subscriptions/00000000-0000-0000-0000-000000000000/resourceGroups/calvin-github-actions/providers/Microsoft.Network/virtualNetworks/testvnet-diffrg-2/subnets/default","etag":"W/\"9b3818f6-bc5d-432a-a17d-1e51c7f7b935\"","properties":{"provisioningState":"Succeeded","addressPrefix":"10.2.0.0/24","delegations":[{"name":"delegation","id":"/subscriptions/00000000-0000-0000-0000-000000000000/resourceGroups/calvin-github-actions/providers/Microsoft.Network/virtualNetworks/testvnet-diffrg-2/subnets/default/delegations/delegation","etag":"W/\"9b3818f6-bc5d-432a-a17d-1e51c7f7b935\"","properties":{"provisioningState":"Succeeded","serviceName":"Microsoft.Web/serverFarms","actions":["Microsoft.Network/virtualNetworks/subnets/action"]},"type":"Microsoft.Network/virtualNetworks/subnets/delegations"}],"privateEndpointNetworkPolicies":"Enabled","privateLinkServiceNetworkPolicies":"Enabled"},"type":"Microsoft.Network/virtualNetworks/subnets"}],"virtualNetworkPeerings":[],"enableDdosProtection":false,"enableVmProtection":false}},{"name":"testvnet-diffrg","id":"/subscriptions/00000000-0000-0000-0000-000000000000/resourceGroups/test-deployment-log-rg/providers/Microsoft.Network/virtualNetworks/testvnet-diffrg","etag":"W/\"bfb8aa5a-2127-4868-b279-d72a6e3fe9e4\"","type":"Microsoft.Network/virtualNetworks","location":"westus2","tags":{},"properties":{"provisioningState":"Succeeded","resourceGuid":"11058f73-d57e-452f-b08a-8fee62a0fc39","addressSpace":{"addressPrefixes":["10.1.0.0/16"]},"subnets":[{"name":"default","id":"/subscriptions/00000000-0000-0000-0000-000000000000/resourceGroups/test-deployment-log-rg/providers/Microsoft.Network/virtualNetworks/testvnet-diffrg/subnets/default","etag":"W/\"bfb8aa5a-2127-4868-b279-d72a6e3fe9e4\"","properties":{"provisioningState":"Succeeded","addressPrefix":"10.1.0.0/24","delegations":[{"name":"delegation","id":"/subscriptions/00000000-0000-0000-0000-000000000000/resourceGroups/test-deployment-log-rg/providers/Microsoft.Network/virtualNetworks/testvnet-diffrg/subnets/default/delegations/delegation","etag":"W/\"bfb8aa5a-2127-4868-b279-d72a6e3fe9e4\"","properties":{"provisioningState":"Succeeded","serviceName":"Microsoft.Web/serverFarms","actions":["Microsoft.Network/virtualNetworks/subnets/action"]},"type":"Microsoft.Network/virtualNetworks/subnets/delegations"}],"privateEndpointNetworkPolicies":"Enabled","privateLinkServiceNetworkPolicies":"Enabled"},"type":"Microsoft.Network/virtualNetworks/subnets"},{"name":"testsubnet","id":"/subscriptions/00000000-0000-0000-0000-000000000000/resourceGroups/test-deployment-log-rg/providers/Microsoft.Network/virtualNetworks/testvnet-diffrg/subnets/testsubnet","etag":"W/\"bfb8aa5a-2127-4868-b279-d72a6e3fe9e4\"","properties":{"provisioningState":"Succeeded","addressPrefix":"10.1.1.0/24","serviceEndpoints":[],"delegations":[{"name":"delegation","id":"/subscriptions/00000000-0000-0000-0000-000000000000/resourceGroups/test-deployment-log-rg/providers/Microsoft.Network/virtualNetworks/testvnet-diffrg/subnets/testsubnet/delegations/delegation","etag":"W/\"bfb8aa5a-2127-4868-b279-d72a6e3fe9e4\"","properties":{"provisioningState":"Succeeded","serviceName":"Microsoft.Web/serverFarms","actions":["Microsoft.Network/virtualNetworks/subnets/action"]},"type":"Microsoft.Network/virtualNetworks/subnets/delegations"}],"privateEndpointNetworkPolicies":"Enabled","privateLinkServiceNetworkPolicies":"Enabled"},"type":"Microsoft.Network/virtualNetworks/subnets"}],"virtualNetworkPeerings":[],"enableDdosProtection":false,"enableVmProtection":false}}]}'
    headers:
      cache-control:
      - no-cache
      content-length:
      - '25559'
      content-type:
      - application/json; charset=utf-8
      date:
      - Tue, 30 Jun 2020 06:05:41 GMT
      expires:
      - '-1'
      pragma:
      - no-cache
      strict-transport-security:
      - max-age=31536000; includeSubDomains
      vary:
      - Accept-Encoding
      x-content-type-options:
      - nosniff
      x-ms-original-request-ids:
      - 28af4fcc-0312-4e82-ad78-0c54830bab2d
      - 2267c4ab-0308-4595-b25f-9387127ff59d
    status:
      code: 200
      message: OK
- request:
    body: null
    headers:
      Accept:
      - application/json
      Accept-Encoding:
      - gzip, deflate
      CommandName:
      - webapp vnet-integration add
      Connection:
      - keep-alive
      ParameterSetName:
      - -g -n --vnet --subnet
      User-Agent:
      - python/3.7.2 (Darwin-16.7.0-x86_64-i386-64bit) msrest/0.6.16 msrest_azure/0.6.3
        azure-mgmt-web/0.46.0 Azure-SDK-For-Python AZURECLI/2.8.0
      accept-language:
      - en-US
    method: GET
    uri: https://management.azure.com/subscriptions/00000000-0000-0000-0000-000000000000/resourceGroups/clitest.rg000001/providers/Microsoft.Web/sites/swiftwebapp000003/networkConfig/virtualNetwork?api-version=2019-08-01
  response:
    body:
      string: '{"id":"/subscriptions/00000000-0000-0000-0000-000000000000/resourceGroups/clitest.rg000001/providers/Microsoft.Web/sites/swiftwebapp000003/config/virtualNetwork","name":"virtualNetwork","type":"Microsoft.Web/sites/config","location":"Central
        US","properties":{"subnetResourceId":null,"swiftSupported":true}}'
    headers:
      cache-control:
      - no-cache
      content-length:
      - '373'
      content-type:
      - application/json
      date:
      - Tue, 30 Jun 2020 06:05:41 GMT
      etag:
      - '"1D64EA4720F0B80"'
      expires:
      - '-1'
      pragma:
      - no-cache
      server:
      - Microsoft-IIS/10.0
      strict-transport-security:
      - max-age=31536000; includeSubDomains
      transfer-encoding:
      - chunked
      vary:
      - Accept-Encoding
      x-aspnet-version:
      - 4.0.30319
      x-content-type-options:
      - nosniff
      x-powered-by:
      - ASP.NET
    status:
      code: 200
      message: OK
- request:
    body: null
    headers:
      Accept:
      - application/json
      Accept-Encoding:
      - gzip, deflate
      CommandName:
      - webapp vnet-integration add
      Connection:
      - keep-alive
      ParameterSetName:
      - -g -n --vnet --subnet
      User-Agent:
      - python/3.7.2 (Darwin-16.7.0-x86_64-i386-64bit) msrest/0.6.16 msrest_azure/0.6.3
        azure-mgmt-network/10.2.0 Azure-SDK-For-Python AZURECLI/2.8.0
      accept-language:
      - en-US
    method: GET
    uri: https://management.azure.com/subscriptions/00000000-0000-0000-0000-000000000000/resourceGroups/clitest.rg000001/providers/Microsoft.Network/virtualNetworks/swiftname000007/subnets/swiftsubnet000005?api-version=2020-04-01
  response:
    body:
      string: "{\r\n  \"name\": \"swiftsubnet000005\",\r\n  \"id\": \"/subscriptions/00000000-0000-0000-0000-000000000000/resourceGroups/clitest.rg000001/providers/Microsoft.Network/virtualNetworks/swiftname000007/subnets/swiftsubnet000005\",\r\n
        \ \"etag\": \"W/\\\"679b8036-6b06-43c2-a09a-253e79dfcc88\\\"\",\r\n  \"properties\":
        {\r\n    \"provisioningState\": \"Succeeded\",\r\n    \"addressPrefix\": \"10.0.0.0/24\",\r\n
        \   \"delegations\": [],\r\n    \"privateEndpointNetworkPolicies\": \"Enabled\",\r\n
        \   \"privateLinkServiceNetworkPolicies\": \"Enabled\"\r\n  },\r\n  \"type\":
        \"Microsoft.Network/virtualNetworks/subnets\"\r\n}"
    headers:
      cache-control:
      - no-cache
      content-length:
      - '639'
      content-type:
      - application/json; charset=utf-8
      date:
      - Tue, 30 Jun 2020 06:05:41 GMT
      etag:
      - W/"679b8036-6b06-43c2-a09a-253e79dfcc88"
      expires:
      - '-1'
      pragma:
      - no-cache
      server:
      - Microsoft-HTTPAPI/2.0
      - Microsoft-HTTPAPI/2.0
      strict-transport-security:
      - max-age=31536000; includeSubDomains
      transfer-encoding:
      - chunked
      vary:
      - Accept-Encoding
      x-content-type-options:
      - nosniff
      x-ms-arm-service-request-id:
      - 80d77dc3-de87-4ba6-99e0-ebd6cb6309fa
    status:
      code: 200
      message: OK
- request:
    body: 'b''{"id": "/subscriptions/00000000-0000-0000-0000-000000000000/resourceGroups/clitest.rg000001/providers/Microsoft.Network/virtualNetworks/swiftname000007/subnets/swiftsubnet000005",
      "properties": {"addressPrefix": "10.0.0.0/24", "delegations": [{"properties":
      {"serviceName": "Microsoft.Web/serverFarms"}, "name": "delegation"}], "privateEndpointNetworkPolicies":
      "Enabled", "privateLinkServiceNetworkPolicies": "Enabled"}, "name": "swiftsubnet000005"}'''
    headers:
      Accept:
      - application/json
      Accept-Encoding:
      - gzip, deflate
      CommandName:
      - webapp vnet-integration add
      Connection:
      - keep-alive
      Content-Length:
      - '532'
      Content-Type:
      - application/json; charset=utf-8
      ParameterSetName:
      - -g -n --vnet --subnet
      User-Agent:
      - python/3.7.2 (Darwin-16.7.0-x86_64-i386-64bit) msrest/0.6.16 msrest_azure/0.6.3
        azure-mgmt-network/10.2.0 Azure-SDK-For-Python AZURECLI/2.8.0
      accept-language:
      - en-US
    method: PUT
    uri: https://management.azure.com/subscriptions/00000000-0000-0000-0000-000000000000/resourceGroups/clitest.rg000001/providers/Microsoft.Network/virtualNetworks/swiftname000007/subnets/swiftsubnet000005?api-version=2020-04-01
  response:
    body:
      string: "{\r\n  \"name\": \"swiftsubnet000005\",\r\n  \"id\": \"/subscriptions/00000000-0000-0000-0000-000000000000/resourceGroups/clitest.rg000001/providers/Microsoft.Network/virtualNetworks/swiftname000007/subnets/swiftsubnet000005\",\r\n
        \ \"etag\": \"W/\\\"59fd0634-3071-4c94-947c-059d6038951b\\\"\",\r\n  \"properties\":
        {\r\n    \"provisioningState\": \"Updating\",\r\n    \"addressPrefix\": \"10.0.0.0/24\",\r\n
        \   \"delegations\": [\r\n      {\r\n        \"name\": \"delegation\",\r\n
        \       \"id\": \"/subscriptions/00000000-0000-0000-0000-000000000000/resourceGroups/clitest.rg000001/providers/Microsoft.Network/virtualNetworks/swiftname000007/subnets/swiftsubnet000005/delegations/delegation\",\r\n
        \       \"etag\": \"W/\\\"59fd0634-3071-4c94-947c-059d6038951b\\\"\",\r\n
        \       \"properties\": {\r\n          \"provisioningState\": \"Succeeded\",\r\n
        \         \"serviceName\": \"Microsoft.Web/serverFarms\",\r\n          \"actions\":
        [\r\n            \"Microsoft.Network/virtualNetworks/subnets/action\"\r\n
        \         ]\r\n        },\r\n        \"type\": \"Microsoft.Network/virtualNetworks/subnets/delegations\"\r\n
        \     }\r\n    ],\r\n    \"privateEndpointNetworkPolicies\": \"Enabled\",\r\n
        \   \"privateLinkServiceNetworkPolicies\": \"Enabled\"\r\n  },\r\n  \"type\":
        \"Microsoft.Network/virtualNetworks/subnets\"\r\n}"
    headers:
      azure-asyncoperation:
      - https://management.azure.com/subscriptions/00000000-0000-0000-0000-000000000000/providers/Microsoft.Network/locations/centralus/operations/6591fc54-e298-4c46-a415-02a32cde92db?api-version=2020-04-01
      cache-control:
      - no-cache
      content-length:
      - '1353'
      content-type:
      - application/json; charset=utf-8
      date:
      - Tue, 30 Jun 2020 06:05:42 GMT
      expires:
      - '-1'
      pragma:
      - no-cache
      server:
      - Microsoft-HTTPAPI/2.0
      - Microsoft-HTTPAPI/2.0
      strict-transport-security:
      - max-age=31536000; includeSubDomains
      transfer-encoding:
      - chunked
      vary:
      - Accept-Encoding
      x-content-type-options:
      - nosniff
      x-ms-arm-service-request-id:
      - efdb1777-aed9-4fa5-ae14-9ffce74cd346
      x-ms-ratelimit-remaining-subscription-writes:
      - '1198'
    status:
      code: 200
      message: OK
- request:
    body: null
    headers:
      Accept:
      - application/json
      Accept-Encoding:
      - gzip, deflate
      CommandName:
      - webapp vnet-integration add
      Connection:
      - keep-alive
      ParameterSetName:
      - -g -n --vnet --subnet
      User-Agent:
      - python/3.7.2 (Darwin-16.7.0-x86_64-i386-64bit) msrest/0.6.16 msrest_azure/0.6.3
        azure-mgmt-network/10.2.0 Azure-SDK-For-Python AZURECLI/2.8.0
      accept-language:
      - en-US
    method: GET
    uri: https://management.azure.com/subscriptions/00000000-0000-0000-0000-000000000000/resourceGroups/clitest.rg000001/providers/Microsoft.Network/virtualNetworks/swiftname000007/subnets/swiftsubnet000005?api-version=2020-04-01
  response:
    body:
      string: "{\r\n  \"name\": \"swiftsubnet000005\",\r\n  \"id\": \"/subscriptions/00000000-0000-0000-0000-000000000000/resourceGroups/clitest.rg000001/providers/Microsoft.Network/virtualNetworks/swiftname000007/subnets/swiftsubnet000005\",\r\n
        \ \"etag\": \"W/\\\"2febfb7a-c622-4840-8eb9-a9cee2d8bb12\\\"\",\r\n  \"properties\":
        {\r\n    \"provisioningState\": \"Succeeded\",\r\n    \"addressPrefix\": \"10.0.0.0/24\",\r\n
        \   \"delegations\": [\r\n      {\r\n        \"name\": \"delegation\",\r\n
        \       \"id\": \"/subscriptions/00000000-0000-0000-0000-000000000000/resourceGroups/clitest.rg000001/providers/Microsoft.Network/virtualNetworks/swiftname000007/subnets/swiftsubnet000005/delegations/delegation\",\r\n
        \       \"etag\": \"W/\\\"2febfb7a-c622-4840-8eb9-a9cee2d8bb12\\\"\",\r\n
        \       \"properties\": {\r\n          \"provisioningState\": \"Succeeded\",\r\n
        \         \"serviceName\": \"Microsoft.Web/serverFarms\",\r\n          \"actions\":
        [\r\n            \"Microsoft.Network/virtualNetworks/subnets/action\"\r\n
        \         ]\r\n        },\r\n        \"type\": \"Microsoft.Network/virtualNetworks/subnets/delegations\"\r\n
        \     }\r\n    ],\r\n    \"privateEndpointNetworkPolicies\": \"Enabled\",\r\n
        \   \"privateLinkServiceNetworkPolicies\": \"Enabled\"\r\n  },\r\n  \"type\":
        \"Microsoft.Network/virtualNetworks/subnets\"\r\n}"
    headers:
      cache-control:
      - no-cache
      content-length:
      - '1354'
      content-type:
      - application/json; charset=utf-8
      date:
      - Tue, 30 Jun 2020 06:05:42 GMT
      etag:
      - W/"2febfb7a-c622-4840-8eb9-a9cee2d8bb12"
      expires:
      - '-1'
      pragma:
      - no-cache
      server:
      - Microsoft-HTTPAPI/2.0
      - Microsoft-HTTPAPI/2.0
      strict-transport-security:
      - max-age=31536000; includeSubDomains
      transfer-encoding:
      - chunked
      vary:
      - Accept-Encoding
      x-content-type-options:
      - nosniff
      x-ms-arm-service-request-id:
      - 77a7c688-0077-4097-a5b3-9683f980cc8c
    status:
      code: 200
      message: OK
- request:
    body: 'b''{"properties": {"subnetResourceId": "/subscriptions/00000000-0000-0000-0000-000000000000/resourceGroups/clitest.rg000001/providers/Microsoft.Network/virtualNetworks/swiftname000007/subnets/swiftsubnet000005",
      "swiftSupported": true}}'''
    headers:
      Accept:
      - application/json
      Accept-Encoding:
      - gzip, deflate
      CommandName:
      - webapp vnet-integration add
      Connection:
      - keep-alive
      Content-Length:
      - '308'
      Content-Type:
      - application/json; charset=utf-8
      ParameterSetName:
      - -g -n --vnet --subnet
      User-Agent:
      - python/3.7.2 (Darwin-16.7.0-x86_64-i386-64bit) msrest/0.6.16 msrest_azure/0.6.3
        azure-mgmt-web/0.46.0 Azure-SDK-For-Python AZURECLI/2.8.0
      accept-language:
      - en-US
    method: PUT
    uri: https://management.azure.com/subscriptions/00000000-0000-0000-0000-000000000000/resourceGroups/clitest.rg000001/providers/Microsoft.Web/sites/swiftwebapp000003/networkConfig/virtualNetwork?api-version=2019-08-01
  response:
    body:
      string: '{"id":"/subscriptions/00000000-0000-0000-0000-000000000000/resourceGroups/clitest.rg000001/providers/Microsoft.Web/sites/swiftwebapp000003/config/virtualNetwork","name":"virtualNetwork","type":"Microsoft.Web/sites/config","location":"Central
        US","properties":{"subnetResourceId":"/subscriptions/00000000-0000-0000-0000-000000000000/resourceGroups/clitest.rg000001/providers/Microsoft.Network/virtualNetworks/swiftname000007/subnets/swiftsubnet000005","swiftSupported":true}}'
    headers:
      cache-control:
      - no-cache
      content-length:
      - '615'
      content-type:
      - application/json
      date:
      - Tue, 30 Jun 2020 06:05:44 GMT
      etag:
      - '"1D64EA4720F0B80"'
      expires:
      - '-1'
      pragma:
      - no-cache
      server:
      - Microsoft-IIS/10.0
      strict-transport-security:
      - max-age=31536000; includeSubDomains
      transfer-encoding:
      - chunked
      vary:
      - Accept-Encoding
      x-aspnet-version:
      - 4.0.30319
      x-content-type-options:
      - nosniff
      x-ms-ratelimit-remaining-subscription-writes:
      - '1199'
      x-powered-by:
      - ASP.NET
    status:
      code: 200
      message: OK
- request:
    body: null
    headers:
      Accept:
      - application/json
      Accept-Encoding:
      - gzip, deflate
      CommandName:
      - webapp vnet-integration list
      Connection:
      - keep-alive
      ParameterSetName:
      - -g -n
      User-Agent:
      - python/3.7.2 (Darwin-16.7.0-x86_64-i386-64bit) msrest/0.6.16 msrest_azure/0.6.3
        azure-mgmt-web/0.46.0 Azure-SDK-For-Python AZURECLI/2.8.0
      accept-language:
      - en-US
    method: GET
    uri: https://management.azure.com/subscriptions/00000000-0000-0000-0000-000000000000/resourceGroups/clitest.rg000001/providers/Microsoft.Web/sites/swiftwebapp000003/virtualNetworkConnections?api-version=2019-08-01
  response:
    body:
      string: '[{"id":"/subscriptions/00000000-0000-0000-0000-000000000000/resourceGroups/clitest.rg000001/providers/Microsoft.Web/sites/swiftwebapp000003/virtualNetworkConnections/8d32011e-a052-489f-9751-f157682d0ee2_swiftsubnet000005","name":"8d32011e-a052-489f-9751-f157682d0ee2_swiftsubnet000005","type":"Microsoft.Web/sites/virtualNetworkConnections","location":"Central
        US","properties":{"vnetResourceId":"/subscriptions/00000000-0000-0000-0000-000000000000/resourceGroups/clitest.rg000001/providers/Microsoft.Network/virtualNetworks/swiftname000007/subnets/swiftsubnet000005","certThumbprint":null,"certBlob":null,"routes":null,"resyncRequired":false,"dnsServers":null,"isSwift":true}}]'
    headers:
      cache-control:
      - no-cache
      content-length:
      - '833'
      content-type:
      - application/json
      date:
      - Tue, 30 Jun 2020 06:05:44 GMT
      expires:
      - '-1'
      pragma:
      - no-cache
      server:
      - Microsoft-IIS/10.0
      strict-transport-security:
      - max-age=31536000; includeSubDomains
      transfer-encoding:
      - chunked
      vary:
      - Accept-Encoding
      x-aspnet-version:
      - 4.0.30319
      x-content-type-options:
      - nosniff
      x-powered-by:
      - ASP.NET
    status:
      code: 200
      message: OK
- request:
    body: null
    headers:
      Accept:
      - application/json
      Accept-Encoding:
      - gzip, deflate
      CommandName:
      - webapp vnet-integration add
      Connection:
      - keep-alive
      ParameterSetName:
      - -g -n --vnet --subnet
      User-Agent:
      - python/3.7.2 (Darwin-16.7.0-x86_64-i386-64bit) msrest/0.6.16 msrest_azure/0.6.3
        azure-mgmt-network/10.2.0 Azure-SDK-For-Python AZURECLI/2.8.0
    method: GET
    uri: https://management.azure.com/subscriptions/00000000-0000-0000-0000-000000000000/resourceGroups/clitest.rg000001/providers/Microsoft.Network/virtualNetworks/swiftname000007/subnets/swiftsubnet000005?api-version=2020-04-01
  response:
    body:
      string: "{\r\n  \"name\": \"swiftsubnet000005\",\r\n  \"id\": \"/subscriptions/00000000-0000-0000-0000-000000000000/resourceGroups/clitest.rg000001/providers/Microsoft.Network/virtualNetworks/swiftname000007/subnets/swiftsubnet000005\",\r\n
        \ \"etag\": \"W/\\\"63a7cd14-504c-4f53-aaab-7e24bf9e218c\\\"\",\r\n  \"properties\":
        {\r\n    \"provisioningState\": \"Succeeded\",\r\n    \"addressPrefix\": \"10.0.0.0/24\",\r\n
        \   \"serviceAssociationLinks\": [\r\n      {\r\n        \"name\": \"AppServiceLink\",\r\n
        \       \"id\": \"/subscriptions/00000000-0000-0000-0000-000000000000/resourceGroups/clitest.rg000001/providers/Microsoft.Network/virtualNetworks/swiftname000007/subnets/swiftsubnet000005/serviceAssociationLinks/AppServiceLink\",\r\n
        \       \"etag\": \"W/\\\"63a7cd14-504c-4f53-aaab-7e24bf9e218c\\\"\",\r\n
        \       \"type\": \"Microsoft.Network/virtualNetworks/subnets/serviceAssociationLinks\",\r\n
        \       \"properties\": {\r\n          \"provisioningState\": \"Succeeded\",\r\n
        \         \"linkedResourceType\": \"Microsoft.Web/serverfarms\",\r\n          \"link\":
        \"/subscriptions/00000000-0000-0000-0000-000000000000/resourceGroups/clitest.rg000001/providers/Microsoft.Web/serverfarms/swiftplan000004\",\r\n
        \         \"allowDelete\": false,\r\n          \"locations\": []\r\n        }\r\n
        \     }\r\n    ],\r\n    \"delegations\": [\r\n      {\r\n        \"name\":
        \"delegation\",\r\n        \"id\": \"/subscriptions/00000000-0000-0000-0000-000000000000/resourceGroups/clitest.rg000001/providers/Microsoft.Network/virtualNetworks/swiftname000007/subnets/swiftsubnet000005/delegations/delegation\",\r\n
        \       \"etag\": \"W/\\\"63a7cd14-504c-4f53-aaab-7e24bf9e218c\\\"\",\r\n
        \       \"properties\": {\r\n          \"provisioningState\": \"Succeeded\",\r\n
        \         \"serviceName\": \"Microsoft.Web/serverFarms\",\r\n          \"actions\":
        [\r\n            \"Microsoft.Network/virtualNetworks/subnets/action\"\r\n
        \         ]\r\n        },\r\n        \"type\": \"Microsoft.Network/virtualNetworks/subnets/delegations\"\r\n
        \     }\r\n    ],\r\n    \"privateEndpointNetworkPolicies\": \"Enabled\",\r\n
        \   \"privateLinkServiceNetworkPolicies\": \"Enabled\"\r\n  },\r\n  \"type\":
        \"Microsoft.Network/virtualNetworks/subnets\"\r\n}"
    headers:
      cache-control:
      - no-cache
      content-length:
      - '2329'
      content-type:
      - application/json; charset=utf-8
      date:
      - Tue, 30 Jun 2020 06:05:45 GMT
      etag:
      - W/"63a7cd14-504c-4f53-aaab-7e24bf9e218c"
      expires:
      - '-1'
      pragma:
      - no-cache
      server:
      - Microsoft-HTTPAPI/2.0
      - Microsoft-HTTPAPI/2.0
      strict-transport-security:
      - max-age=31536000; includeSubDomains
      transfer-encoding:
      - chunked
      vary:
      - Accept-Encoding
      x-content-type-options:
      - nosniff
      x-ms-arm-service-request-id:
      - 3b42d4bc-3770-4f15-9f77-3960887924fa
    status:
      code: 200
      message: OK
- request:
    body: null
    headers:
      Accept:
      - application/json
      Accept-Encoding:
      - gzip, deflate
      CommandName:
      - webapp vnet-integration remove
      Connection:
      - keep-alive
      Content-Length:
      - '0'
      ParameterSetName:
      - -g -n
      User-Agent:
      - python/3.7.2 (Darwin-16.7.0-x86_64-i386-64bit) msrest/0.6.16 msrest_azure/0.6.3
        azure-mgmt-web/0.46.0 Azure-SDK-For-Python AZURECLI/2.8.0
      accept-language:
      - en-US
    method: DELETE
    uri: https://management.azure.com/subscriptions/00000000-0000-0000-0000-000000000000/resourceGroups/clitest.rg000001/providers/Microsoft.Web/sites/swiftwebapp000003/networkConfig/virtualNetwork?api-version=2019-08-01
  response:
    body:
      string: ''
    headers:
      cache-control:
      - no-cache
      content-length:
      - '0'
      date:
      - Tue, 30 Jun 2020 06:05:45 GMT
      expires:
      - '-1'
      pragma:
      - no-cache
      server:
      - Microsoft-IIS/10.0
      strict-transport-security:
      - max-age=31536000; includeSubDomains
      x-aspnet-version:
      - 4.0.30319
      x-content-type-options:
      - nosniff
      x-ms-ratelimit-remaining-subscription-deletes:
      - '14999'
      x-powered-by:
      - ASP.NET
    status:
      code: 200
      message: OK
- request:
    body: null
    headers:
      Accept:
      - application/json
      Accept-Encoding:
      - gzip, deflate
      CommandName:
      - webapp vnet-integration list
      Connection:
      - keep-alive
      ParameterSetName:
      - -g -n
      User-Agent:
      - python/3.7.2 (Darwin-16.7.0-x86_64-i386-64bit) msrest/0.6.16 msrest_azure/0.6.3
        azure-mgmt-web/0.46.0 Azure-SDK-For-Python AZURECLI/2.8.0
      accept-language:
      - en-US
    method: GET
    uri: https://management.azure.com/subscriptions/00000000-0000-0000-0000-000000000000/resourceGroups/clitest.rg000001/providers/Microsoft.Web/sites/swiftwebapp000003/virtualNetworkConnections?api-version=2019-08-01
  response:
    body:
      string: '[]'
    headers:
      cache-control:
      - no-cache
      content-length:
      - '2'
      content-type:
      - application/json
      date:
      - Tue, 30 Jun 2020 06:05:46 GMT
      expires:
      - '-1'
      pragma:
      - no-cache
      server:
      - Microsoft-IIS/10.0
      strict-transport-security:
      - max-age=31536000; includeSubDomains
      transfer-encoding:
      - chunked
      vary:
      - Accept-Encoding
      x-aspnet-version:
      - 4.0.30319
      x-content-type-options:
      - nosniff
      x-powered-by:
      - ASP.NET
    status:
      code: 200
      message: OK
- request:
    body: null
    headers:
      Accept:
      - application/json
      Accept-Encoding:
      - gzip, deflate
      CommandName:
      - webapp vnet-integration add
      Connection:
      - keep-alive
      ParameterSetName:
      - -g -n --vnet --subnet
      User-Agent:
      - python/3.7.2 (Darwin-16.7.0-x86_64-i386-64bit) msrest/0.6.16 msrest_azure/0.6.3
        azure-mgmt-network/10.2.0 Azure-SDK-For-Python AZURECLI/2.8.0
      accept-language:
      - en-US
    method: GET
    uri: https://management.azure.com/subscriptions/00000000-0000-0000-0000-000000000000/providers/Microsoft.Network/virtualNetworks?api-version=2020-04-01
  response:
    body:
      string: '{"value":[{"name":"githubactions-vnet","id":"/subscriptions/00000000-0000-0000-0000-000000000000/resourceGroups/calvin-github-actions/providers/Microsoft.Network/virtualNetworks/githubactions-vnet","etag":"W/\"f536a85f-4b2c-460d-b020-fd38aeff7e7d\"","type":"Microsoft.Network/virtualNetworks","location":"centralus","tags":{},"properties":{"provisioningState":"Succeeded","resourceGuid":"e04e58d0-4102-49b5-87f5-f38b1042b918","addressSpace":{"addressPrefixes":["10.0.0.0/16"]},"subnets":[{"name":"githubactions-subnet","id":"/subscriptions/00000000-0000-0000-0000-000000000000/resourceGroups/calvin-github-actions/providers/Microsoft.Network/virtualNetworks/githubactions-vnet/subnets/githubactions-subnet","etag":"W/\"f536a85f-4b2c-460d-b020-fd38aeff7e7d\"","properties":{"provisioningState":"Succeeded","addressPrefix":"10.0.1.0/24","serviceEndpoints":[],"delegations":[{"name":"delegation","id":"/subscriptions/00000000-0000-0000-0000-000000000000/resourceGroups/calvin-github-actions/providers/Microsoft.Network/virtualNetworks/githubactions-vnet/subnets/githubactions-subnet/delegations/delegation","etag":"W/\"f536a85f-4b2c-460d-b020-fd38aeff7e7d\"","properties":{"provisioningState":"Succeeded","serviceName":"Microsoft.Web/serverFarms","actions":["Microsoft.Network/virtualNetworks/subnets/action"]},"type":"Microsoft.Network/virtualNetworks/subnets/delegations"}],"privateEndpointNetworkPolicies":"Enabled","privateLinkServiceNetworkPolicies":"Enabled"},"type":"Microsoft.Network/virtualNetworks/subnets"},{"name":"default","id":"/subscriptions/00000000-0000-0000-0000-000000000000/resourceGroups/calvin-github-actions/providers/Microsoft.Network/virtualNetworks/githubactions-vnet/subnets/default","etag":"W/\"f536a85f-4b2c-460d-b020-fd38aeff7e7d\"","properties":{"provisioningState":"Succeeded","addressPrefix":"10.0.0.0/24","delegations":[{"name":"delegation","id":"/subscriptions/00000000-0000-0000-0000-000000000000/resourceGroups/calvin-github-actions/providers/Microsoft.Network/virtualNetworks/githubactions-vnet/subnets/default/delegations/delegation","etag":"W/\"f536a85f-4b2c-460d-b020-fd38aeff7e7d\"","properties":{"provisioningState":"Succeeded","serviceName":"Microsoft.Web/serverfarms","actions":["Microsoft.Network/virtualNetworks/subnets/action"]},"type":"Microsoft.Network/virtualNetworks/subnets/delegations"}],"privateEndpointNetworkPolicies":"Enabled","privateLinkServiceNetworkPolicies":"Enabled"},"type":"Microsoft.Network/virtualNetworks/subnets"}],"virtualNetworkPeerings":[],"enableDdosProtection":false,"enableVmProtection":false}},{"name":"testvnet-diffrg","id":"/subscriptions/00000000-0000-0000-0000-000000000000/resourceGroups/calvin-github-actions/providers/Microsoft.Network/virtualNetworks/testvnet-diffrg","etag":"W/\"af537eec-2fa5-480a-a27d-4dd71fa8aa91\"","type":"Microsoft.Network/virtualNetworks","location":"centralus","tags":{},"properties":{"provisioningState":"Succeeded","resourceGuid":"f8889475-c312-4989-93ef-0288a0b555b2","addressSpace":{"addressPrefixes":["10.2.0.0/16"]},"subnets":[{"name":"default","id":"/subscriptions/00000000-0000-0000-0000-000000000000/resourceGroups/calvin-github-actions/providers/Microsoft.Network/virtualNetworks/testvnet-diffrg/subnets/default","etag":"W/\"af537eec-2fa5-480a-a27d-4dd71fa8aa91\"","properties":{"provisioningState":"Succeeded","addressPrefix":"10.2.0.0/24","serviceAssociationLinks":[{"name":"AppServiceLink","id":"/subscriptions/00000000-0000-0000-0000-000000000000/resourceGroups/calvin-github-actions/providers/Microsoft.Network/virtualNetworks/testvnet-diffrg/subnets/default/serviceAssociationLinks/AppServiceLink","etag":"W/\"af537eec-2fa5-480a-a27d-4dd71fa8aa91\"","type":"Microsoft.Network/virtualNetworks/subnets/serviceAssociationLinks","properties":{"provisioningState":"Succeeded","linkedResourceType":"Microsoft.Web/serverfarms","link":"/subscriptions/00000000-0000-0000-0000-000000000000/resourceGroups/calvin-github-actions/providers/Microsoft.Web/serverfarms/calvin-windows-asp-f1","allowDelete":false,"locations":[]}}],"delegations":[{"name":"delegation","id":"/subscriptions/00000000-0000-0000-0000-000000000000/resourceGroups/calvin-github-actions/providers/Microsoft.Network/virtualNetworks/testvnet-diffrg/subnets/default/delegations/delegation","etag":"W/\"af537eec-2fa5-480a-a27d-4dd71fa8aa91\"","properties":{"provisioningState":"Succeeded","serviceName":"Microsoft.Web/serverFarms","actions":["Microsoft.Network/virtualNetworks/subnets/action"]},"type":"Microsoft.Network/virtualNetworks/subnets/delegations"}],"privateEndpointNetworkPolicies":"Enabled","privateLinkServiceNetworkPolicies":"Enabled"},"type":"Microsoft.Network/virtualNetworks/subnets"}],"virtualNetworkPeerings":[],"enableDdosProtection":false,"enableVmProtection":false}},{"name":"swiftname000007","id":"/subscriptions/00000000-0000-0000-0000-000000000000/resourceGroups/clitest.rg000001/providers/Microsoft.Network/virtualNetworks/swiftname000007","etag":"W/\"fe9fe065-98e9-4baa-8279-a201b29c3235\"","type":"Microsoft.Network/virtualNetworks","location":"centralus","tags":{},"properties":{"provisioningState":"Succeeded","resourceGuid":"8d32011e-a052-489f-9751-f157682d0ee2","addressSpace":{"addressPrefixes":["10.0.0.0/16"]},"dhcpOptions":{"dnsServers":[]},"subnets":[{"name":"swiftsubnet000005","id":"/subscriptions/00000000-0000-0000-0000-000000000000/resourceGroups/clitest.rg000001/providers/Microsoft.Network/virtualNetworks/swiftname000007/subnets/swiftsubnet000005","etag":"W/\"fe9fe065-98e9-4baa-8279-a201b29c3235\"","properties":{"provisioningState":"Succeeded","addressPrefix":"10.0.0.0/24","delegations":[{"name":"delegation","id":"/subscriptions/00000000-0000-0000-0000-000000000000/resourceGroups/clitest.rg000001/providers/Microsoft.Network/virtualNetworks/swiftname000007/subnets/swiftsubnet000005/delegations/delegation","etag":"W/\"fe9fe065-98e9-4baa-8279-a201b29c3235\"","properties":{"provisioningState":"Succeeded","serviceName":"Microsoft.Web/serverFarms","actions":["Microsoft.Network/virtualNetworks/subnets/action"]},"type":"Microsoft.Network/virtualNetworks/subnets/delegations"}],"privateEndpointNetworkPolicies":"Enabled","privateLinkServiceNetworkPolicies":"Enabled"},"type":"Microsoft.Network/virtualNetworks/subnets"}],"virtualNetworkPeerings":[],"enableDdosProtection":false,"enableVmProtection":false}},{"name":"swiftnamet7k5rw4jkgdege7","id":"/subscriptions/00000000-0000-0000-0000-000000000000/resourceGroups/clitest.rgub2caabu5buxib5tk337pgt7nlacj7znsugeer4iu2skvw4yv24sroukundpz2i4l/providers/Microsoft.Network/virtualNetworks/swiftnamet7k5rw4jkgdege7","etag":"W/\"85d27770-42f5-4d32-b11b-af6b24087178\"","type":"Microsoft.Network/virtualNetworks","location":"centralus","tags":{},"properties":{"provisioningState":"Succeeded","resourceGuid":"f914bc97-a0da-41a6-8d62-516f2fbb85f0","addressSpace":{"addressPrefixes":["10.0.0.0/16"]},"dhcpOptions":{"dnsServers":[]},"subnets":[{"name":"swiftsubnetgkdrjh4jgzsnw","id":"/subscriptions/00000000-0000-0000-0000-000000000000/resourceGroups/clitest.rgub2caabu5buxib5tk337pgt7nlacj7znsugeer4iu2skvw4yv24sroukundpz2i4l/providers/Microsoft.Network/virtualNetworks/swiftnamet7k5rw4jkgdege7/subnets/swiftsubnetgkdrjh4jgzsnw","etag":"W/\"85d27770-42f5-4d32-b11b-af6b24087178\"","properties":{"provisioningState":"Succeeded","addressPrefix":"10.0.0.0/24","delegations":[{"name":"delegation","id":"/subscriptions/00000000-0000-0000-0000-000000000000/resourceGroups/clitest.rgub2caabu5buxib5tk337pgt7nlacj7znsugeer4iu2skvw4yv24sroukundpz2i4l/providers/Microsoft.Network/virtualNetworks/swiftnamet7k5rw4jkgdege7/subnets/swiftsubnetgkdrjh4jgzsnw/delegations/delegation","etag":"W/\"85d27770-42f5-4d32-b11b-af6b24087178\"","properties":{"provisioningState":"Succeeded","serviceName":"Microsoft.Web/serverFarms","actions":["Microsoft.Network/virtualNetworks/subnets/action"]},"type":"Microsoft.Network/virtualNetworks/subnets/delegations"}],"privateEndpointNetworkPolicies":"Enabled","privateLinkServiceNetworkPolicies":"Enabled"},"type":"Microsoft.Network/virtualNetworks/subnets"}],"virtualNetworkPeerings":[],"enableDdosProtection":false,"enableVmProtection":false}},{"name":"swiftnamee34ckixvwp6cw6i","id":"/subscriptions/00000000-0000-0000-0000-000000000000/resourceGroups/clitest.rgyl3f2ro7rwnarshdc75upy7ygfux5uvvvakzdtxom36jywxdq2uro7y5depc6ku2i/providers/Microsoft.Network/virtualNetworks/swiftnamee34ckixvwp6cw6i","etag":"W/\"26d90669-15c6-4a23-bc39-170b3ca4d0fb\"","type":"Microsoft.Network/virtualNetworks","location":"centralus","tags":{},"properties":{"provisioningState":"Succeeded","resourceGuid":"51c95f25-e0cb-42d0-9124-baca0382a53a","addressSpace":{"addressPrefixes":["10.0.0.0/16"]},"dhcpOptions":{"dnsServers":[]},"subnets":[{"name":"swiftsubnetxuu6ukj3m4xad","id":"/subscriptions/00000000-0000-0000-0000-000000000000/resourceGroups/clitest.rgyl3f2ro7rwnarshdc75upy7ygfux5uvvvakzdtxom36jywxdq2uro7y5depc6ku2i/providers/Microsoft.Network/virtualNetworks/swiftnamee34ckixvwp6cw6i/subnets/swiftsubnetxuu6ukj3m4xad","etag":"W/\"26d90669-15c6-4a23-bc39-170b3ca4d0fb\"","properties":{"provisioningState":"Succeeded","addressPrefix":"10.0.0.0/24","serviceEndpoints":[{"provisioningState":"Succeeded","service":"Microsoft.Storage","locations":["centralus","eastus2"]}],"delegations":[{"name":"0","id":"/subscriptions/00000000-0000-0000-0000-000000000000/resourceGroups/clitest.rgyl3f2ro7rwnarshdc75upy7ygfux5uvvvakzdtxom36jywxdq2uro7y5depc6ku2i/providers/Microsoft.Network/virtualNetworks/swiftnamee34ckixvwp6cw6i/subnets/swiftsubnetxuu6ukj3m4xad/delegations/0","etag":"W/\"26d90669-15c6-4a23-bc39-170b3ca4d0fb\"","properties":{"provisioningState":"Succeeded","serviceName":"Microsoft.Web/serverfarms","actions":["Microsoft.Network/virtualNetworks/subnets/action"]},"type":"Microsoft.Network/virtualNetworks/subnets/delegations"}],"privateEndpointNetworkPolicies":"Enabled","privateLinkServiceNetworkPolicies":"Enabled"},"type":"Microsoft.Network/virtualNetworks/subnets"}],"virtualNetworkPeerings":[],"enableDdosProtection":false,"enableVmProtection":false}},{"name":"swiftnameadmsoyykpzx4da2","id":"/subscriptions/00000000-0000-0000-0000-000000000000/resourceGroups/swiftwebappaip5iuqcmcy25/providers/Microsoft.Network/virtualNetworks/swiftnameadmsoyykpzx4da2","etag":"W/\"190e09a5-f5c0-4ed4-a699-29c68de76aa5\"","type":"Microsoft.Network/virtualNetworks","location":"centralus","tags":{},"properties":{"provisioningState":"Succeeded","resourceGuid":"2a1b1f50-0958-4eef-819a-c9cebb83999b","addressSpace":{"addressPrefixes":["10.0.0.0/16"]},"dhcpOptions":{"dnsServers":[]},"subnets":[{"name":"swiftsubnetze7opg7fo3azr","id":"/subscriptions/00000000-0000-0000-0000-000000000000/resourceGroups/swiftwebappaip5iuqcmcy25/providers/Microsoft.Network/virtualNetworks/swiftnameadmsoyykpzx4da2/subnets/swiftsubnetze7opg7fo3azr","etag":"W/\"190e09a5-f5c0-4ed4-a699-29c68de76aa5\"","properties":{"provisioningState":"Succeeded","addressPrefix":"10.0.0.0/24","delegations":[{"name":"delegation","id":"/subscriptions/00000000-0000-0000-0000-000000000000/resourceGroups/swiftwebappaip5iuqcmcy25/providers/Microsoft.Network/virtualNetworks/swiftnameadmsoyykpzx4da2/subnets/swiftsubnetze7opg7fo3azr/delegations/delegation","etag":"W/\"190e09a5-f5c0-4ed4-a699-29c68de76aa5\"","properties":{"provisioningState":"Succeeded","serviceName":"Microsoft.Web/serverFarms","actions":["Microsoft.Network/virtualNetworks/subnets/action"]},"type":"Microsoft.Network/virtualNetworks/subnets/delegations"}],"privateEndpointNetworkPolicies":"Enabled","privateLinkServiceNetworkPolicies":"Enabled"},"type":"Microsoft.Network/virtualNetworks/subnets"}],"virtualNetworkPeerings":[],"enableDdosProtection":false,"enableVmProtection":false}},{"name":"swiftnamebvlcrlyjxk6t3yv","id":"/subscriptions/00000000-0000-0000-0000-000000000000/resourceGroups/swiftwebappflrtxjt2r5nti/providers/Microsoft.Network/virtualNetworks/swiftnamebvlcrlyjxk6t3yv","etag":"W/\"f772faed-47c9-4d37-ae2e-89a4e3172711\"","type":"Microsoft.Network/virtualNetworks","location":"centralus","tags":{},"properties":{"provisioningState":"Succeeded","resourceGuid":"c378bfcf-b0e1-458c-afef-40f4f1daec18","addressSpace":{"addressPrefixes":["10.0.0.0/16"]},"dhcpOptions":{"dnsServers":[]},"subnets":[{"name":"swiftsubnetckxo3jpibxnx7","id":"/subscriptions/00000000-0000-0000-0000-000000000000/resourceGroups/swiftwebappflrtxjt2r5nti/providers/Microsoft.Network/virtualNetworks/swiftnamebvlcrlyjxk6t3yv/subnets/swiftsubnetckxo3jpibxnx7","etag":"W/\"f772faed-47c9-4d37-ae2e-89a4e3172711\"","properties":{"provisioningState":"Succeeded","addressPrefix":"10.0.0.0/24","delegations":[{"name":"delegation","id":"/subscriptions/00000000-0000-0000-0000-000000000000/resourceGroups/swiftwebappflrtxjt2r5nti/providers/Microsoft.Network/virtualNetworks/swiftnamebvlcrlyjxk6t3yv/subnets/swiftsubnetckxo3jpibxnx7/delegations/delegation","etag":"W/\"f772faed-47c9-4d37-ae2e-89a4e3172711\"","properties":{"provisioningState":"Succeeded","serviceName":"Microsoft.Web/serverFarms","actions":["Microsoft.Network/virtualNetworks/subnets/action"]},"type":"Microsoft.Network/virtualNetworks/subnets/delegations"}],"privateEndpointNetworkPolicies":"Enabled","privateLinkServiceNetworkPolicies":"Enabled"},"type":"Microsoft.Network/virtualNetworks/subnets"}],"virtualNetworkPeerings":[],"enableDdosProtection":false,"enableVmProtection":false}},{"name":"swiftnamebevpea2tsu2t7ut","id":"/subscriptions/00000000-0000-0000-0000-000000000000/resourceGroups/swiftwebapphfvlhlraqgjgf/providers/Microsoft.Network/virtualNetworks/swiftnamebevpea2tsu2t7ut","etag":"W/\"861bd7ea-9d7d-43a2-a9d8-c62d21ea54cb\"","type":"Microsoft.Network/virtualNetworks","location":"centralus","tags":{},"properties":{"provisioningState":"Succeeded","resourceGuid":"d06cc654-d220-4d56-9dd6-9a8c0cf66c8d","addressSpace":{"addressPrefixes":["10.0.0.0/16"]},"dhcpOptions":{"dnsServers":[]},"subnets":[{"name":"swiftsubnetglpby4fep4zhg","id":"/subscriptions/00000000-0000-0000-0000-000000000000/resourceGroups/swiftwebapphfvlhlraqgjgf/providers/Microsoft.Network/virtualNetworks/swiftnamebevpea2tsu2t7ut/subnets/swiftsubnetglpby4fep4zhg","etag":"W/\"861bd7ea-9d7d-43a2-a9d8-c62d21ea54cb\"","properties":{"provisioningState":"Succeeded","addressPrefix":"10.0.0.0/24","delegations":[],"privateEndpointNetworkPolicies":"Enabled","privateLinkServiceNetworkPolicies":"Enabled"},"type":"Microsoft.Network/virtualNetworks/subnets"}],"virtualNetworkPeerings":[],"enableDdosProtection":false,"enableVmProtection":false}},{"name":"swiftname000007","id":"/subscriptions/00000000-0000-0000-0000-000000000000/resourceGroups/swiftwebapp000002/providers/Microsoft.Network/virtualNetworks/swiftname000007","etag":"W/\"51082325-fbe1-473a-a9df-58ca09e7aabd\"","type":"Microsoft.Network/virtualNetworks","location":"centralus","tags":{},"properties":{"provisioningState":"Succeeded","resourceGuid":"6f7132f6-f35e-4fec-8da4-2a10e9806ac4","addressSpace":{"addressPrefixes":["10.0.0.0/16"]},"dhcpOptions":{"dnsServers":[]},"subnets":[{"name":"swiftsubnet000006","id":"/subscriptions/00000000-0000-0000-0000-000000000000/resourceGroups/swiftwebapp000002/providers/Microsoft.Network/virtualNetworks/swiftname000007/subnets/swiftsubnet000006","etag":"W/\"51082325-fbe1-473a-a9df-58ca09e7aabd\"","properties":{"provisioningState":"Succeeded","addressPrefix":"10.0.0.0/24","delegations":[],"privateEndpointNetworkPolicies":"Enabled","privateLinkServiceNetworkPolicies":"Enabled"},"type":"Microsoft.Network/virtualNetworks/subnets"}],"virtualNetworkPeerings":[],"enableDdosProtection":false,"enableVmProtection":false}},{"name":"swiftnameykwb3hd3g5iqnnd","id":"/subscriptions/00000000-0000-0000-0000-000000000000/resourceGroups/swiftwebappnirofivx5t5ky/providers/Microsoft.Network/virtualNetworks/swiftnameykwb3hd3g5iqnnd","etag":"W/\"d339af81-0e20-4e59-9dcc-8731819e42d7\"","type":"Microsoft.Network/virtualNetworks","location":"centralus","tags":{},"properties":{"provisioningState":"Succeeded","resourceGuid":"00af2512-bae7-4bf4-aa9e-d4367cb0b4b9","addressSpace":{"addressPrefixes":["10.0.0.0/16"]},"dhcpOptions":{"dnsServers":[]},"subnets":[{"name":"swiftsubnetxybaeuee5vxe7","id":"/subscriptions/00000000-0000-0000-0000-000000000000/resourceGroups/swiftwebappnirofivx5t5ky/providers/Microsoft.Network/virtualNetworks/swiftnameykwb3hd3g5iqnnd/subnets/swiftsubnetxybaeuee5vxe7","etag":"W/\"d339af81-0e20-4e59-9dcc-8731819e42d7\"","properties":{"provisioningState":"Succeeded","addressPrefix":"10.0.0.0/24","delegations":[],"privateEndpointNetworkPolicies":"Enabled","privateLinkServiceNetworkPolicies":"Enabled"},"type":"Microsoft.Network/virtualNetworks/subnets"}],"virtualNetworkPeerings":[],"enableDdosProtection":false,"enableVmProtection":false}},{"name":"swiftnamejpw4m2vxeperai2","id":"/subscriptions/00000000-0000-0000-0000-000000000000/resourceGroups/swiftwebappyx5cs7pdyiops/providers/Microsoft.Network/virtualNetworks/swiftnamejpw4m2vxeperai2","etag":"W/\"3d931638-0d9a-4dab-ada4-a62f9da76652\"","type":"Microsoft.Network/virtualNetworks","location":"centralus","tags":{},"properties":{"provisioningState":"Succeeded","resourceGuid":"cfd48c43-fd87-4043-9b2d-50ecf8cec0ca","addressSpace":{"addressPrefixes":["10.0.0.0/16"]},"dhcpOptions":{"dnsServers":[]},"subnets":[{"name":"swiftsubnetmjsnbswyrfalt","id":"/subscriptions/00000000-0000-0000-0000-000000000000/resourceGroups/swiftwebappyx5cs7pdyiops/providers/Microsoft.Network/virtualNetworks/swiftnamejpw4m2vxeperai2/subnets/swiftsubnetmjsnbswyrfalt","etag":"W/\"3d931638-0d9a-4dab-ada4-a62f9da76652\"","properties":{"provisioningState":"Succeeded","addressPrefix":"10.0.0.0/24","delegations":[],"privateEndpointNetworkPolicies":"Enabled","privateLinkServiceNetworkPolicies":"Enabled"},"type":"Microsoft.Network/virtualNetworks/subnets"}],"virtualNetworkPeerings":[],"enableDdosProtection":false,"enableVmProtection":false}},{"name":"swiftnametsbq4zofhxd4bi6","id":"/subscriptions/00000000-0000-0000-0000-000000000000/resourceGroups/swiftwebappzgoj24y67m7k4/providers/Microsoft.Network/virtualNetworks/swiftnametsbq4zofhxd4bi6","etag":"W/\"7291524b-d539-4c0e-8250-2c503d7391cd\"","type":"Microsoft.Network/virtualNetworks","location":"centralus","tags":{},"properties":{"provisioningState":"Succeeded","resourceGuid":"b9ed3756-40ef-4570-86a7-3ad1003a39c3","addressSpace":{"addressPrefixes":["10.0.0.0/16"]},"dhcpOptions":{"dnsServers":[]},"subnets":[{"name":"swiftsubnetmt5itxyrdjtzc","id":"/subscriptions/00000000-0000-0000-0000-000000000000/resourceGroups/swiftwebappzgoj24y67m7k4/providers/Microsoft.Network/virtualNetworks/swiftnametsbq4zofhxd4bi6/subnets/swiftsubnetmt5itxyrdjtzc","etag":"W/\"7291524b-d539-4c0e-8250-2c503d7391cd\"","properties":{"provisioningState":"Succeeded","addressPrefix":"10.0.0.0/24","delegations":[],"privateEndpointNetworkPolicies":"Enabled","privateLinkServiceNetworkPolicies":"Enabled"},"type":"Microsoft.Network/virtualNetworks/subnets"}],"virtualNetworkPeerings":[],"enableDdosProtection":false,"enableVmProtection":false}},{"name":"testvnet-diffrg","id":"/subscriptions/00000000-0000-0000-0000-000000000000/resourceGroups/test-priv-endpoint-conn-rg/providers/Microsoft.Network/virtualNetworks/testvnet-diffrg","etag":"W/\"4fb391ba-f48b-4fb8-8721-c1d1487db4b0\"","type":"Microsoft.Network/virtualNetworks","location":"centralus","tags":{},"properties":{"provisioningState":"Succeeded","resourceGuid":"6a127f10-9cc2-48e0-8c62-8d947dfdaa4d","addressSpace":{"addressPrefixes":["10.2.0.0/16"]},"subnets":[{"name":"default","id":"/subscriptions/00000000-0000-0000-0000-000000000000/resourceGroups/test-priv-endpoint-conn-rg/providers/Microsoft.Network/virtualNetworks/testvnet-diffrg/subnets/default","etag":"W/\"4fb391ba-f48b-4fb8-8721-c1d1487db4b0\"","properties":{"provisioningState":"Succeeded","addressPrefix":"10.2.0.0/24","delegations":[],"privateEndpointNetworkPolicies":"Enabled","privateLinkServiceNetworkPolicies":"Enabled"},"type":"Microsoft.Network/virtualNetworks/subnets"},{"name":"lala","id":"/subscriptions/00000000-0000-0000-0000-000000000000/resourceGroups/test-priv-endpoint-conn-rg/providers/Microsoft.Network/virtualNetworks/testvnet-diffrg/subnets/lala","etag":"W/\"4fb391ba-f48b-4fb8-8721-c1d1487db4b0\"","properties":{"provisioningState":"Succeeded","addressPrefix":"10.2.1.0/24","serviceEndpoints":[],"delegations":[{"name":"delegation","id":"/subscriptions/00000000-0000-0000-0000-000000000000/resourceGroups/test-priv-endpoint-conn-rg/providers/Microsoft.Network/virtualNetworks/testvnet-diffrg/subnets/lala/delegations/delegation","etag":"W/\"4fb391ba-f48b-4fb8-8721-c1d1487db4b0\"","properties":{"provisioningState":"Succeeded","serviceName":"Microsoft.Web/serverFarms","actions":["Microsoft.Network/virtualNetworks/subnets/action"]},"type":"Microsoft.Network/virtualNetworks/subnets/delegations"}],"privateEndpointNetworkPolicies":"Enabled","privateLinkServiceNetworkPolicies":"Enabled"},"type":"Microsoft.Network/virtualNetworks/subnets"}],"virtualNetworkPeerings":[],"enableDdosProtection":false,"enableVmProtection":false}},{"name":"testvnet-diffrg-2","id":"/subscriptions/00000000-0000-0000-0000-000000000000/resourceGroups/calvin-github-actions/providers/Microsoft.Network/virtualNetworks/testvnet-diffrg-2","etag":"W/\"9b3818f6-bc5d-432a-a17d-1e51c7f7b935\"","type":"Microsoft.Network/virtualNetworks","location":"westus2","tags":{},"properties":{"provisioningState":"Succeeded","resourceGuid":"71d0449e-a56f-4616-8c3e-6498defe7487","addressSpace":{"addressPrefixes":["10.2.0.0/16"]},"subnets":[{"name":"default","id":"/subscriptions/00000000-0000-0000-0000-000000000000/resourceGroups/calvin-github-actions/providers/Microsoft.Network/virtualNetworks/testvnet-diffrg-2/subnets/default","etag":"W/\"9b3818f6-bc5d-432a-a17d-1e51c7f7b935\"","properties":{"provisioningState":"Succeeded","addressPrefix":"10.2.0.0/24","delegations":[{"name":"delegation","id":"/subscriptions/00000000-0000-0000-0000-000000000000/resourceGroups/calvin-github-actions/providers/Microsoft.Network/virtualNetworks/testvnet-diffrg-2/subnets/default/delegations/delegation","etag":"W/\"9b3818f6-bc5d-432a-a17d-1e51c7f7b935\"","properties":{"provisioningState":"Succeeded","serviceName":"Microsoft.Web/serverFarms","actions":["Microsoft.Network/virtualNetworks/subnets/action"]},"type":"Microsoft.Network/virtualNetworks/subnets/delegations"}],"privateEndpointNetworkPolicies":"Enabled","privateLinkServiceNetworkPolicies":"Enabled"},"type":"Microsoft.Network/virtualNetworks/subnets"}],"virtualNetworkPeerings":[],"enableDdosProtection":false,"enableVmProtection":false}},{"name":"testvnet-diffrg","id":"/subscriptions/00000000-0000-0000-0000-000000000000/resourceGroups/test-deployment-log-rg/providers/Microsoft.Network/virtualNetworks/testvnet-diffrg","etag":"W/\"bfb8aa5a-2127-4868-b279-d72a6e3fe9e4\"","type":"Microsoft.Network/virtualNetworks","location":"westus2","tags":{},"properties":{"provisioningState":"Succeeded","resourceGuid":"11058f73-d57e-452f-b08a-8fee62a0fc39","addressSpace":{"addressPrefixes":["10.1.0.0/16"]},"subnets":[{"name":"default","id":"/subscriptions/00000000-0000-0000-0000-000000000000/resourceGroups/test-deployment-log-rg/providers/Microsoft.Network/virtualNetworks/testvnet-diffrg/subnets/default","etag":"W/\"bfb8aa5a-2127-4868-b279-d72a6e3fe9e4\"","properties":{"provisioningState":"Succeeded","addressPrefix":"10.1.0.0/24","delegations":[{"name":"delegation","id":"/subscriptions/00000000-0000-0000-0000-000000000000/resourceGroups/test-deployment-log-rg/providers/Microsoft.Network/virtualNetworks/testvnet-diffrg/subnets/default/delegations/delegation","etag":"W/\"bfb8aa5a-2127-4868-b279-d72a6e3fe9e4\"","properties":{"provisioningState":"Succeeded","serviceName":"Microsoft.Web/serverFarms","actions":["Microsoft.Network/virtualNetworks/subnets/action"]},"type":"Microsoft.Network/virtualNetworks/subnets/delegations"}],"privateEndpointNetworkPolicies":"Enabled","privateLinkServiceNetworkPolicies":"Enabled"},"type":"Microsoft.Network/virtualNetworks/subnets"},{"name":"testsubnet","id":"/subscriptions/00000000-0000-0000-0000-000000000000/resourceGroups/test-deployment-log-rg/providers/Microsoft.Network/virtualNetworks/testvnet-diffrg/subnets/testsubnet","etag":"W/\"bfb8aa5a-2127-4868-b279-d72a6e3fe9e4\"","properties":{"provisioningState":"Succeeded","addressPrefix":"10.1.1.0/24","serviceEndpoints":[],"delegations":[{"name":"delegation","id":"/subscriptions/00000000-0000-0000-0000-000000000000/resourceGroups/test-deployment-log-rg/providers/Microsoft.Network/virtualNetworks/testvnet-diffrg/subnets/testsubnet/delegations/delegation","etag":"W/\"bfb8aa5a-2127-4868-b279-d72a6e3fe9e4\"","properties":{"provisioningState":"Succeeded","serviceName":"Microsoft.Web/serverFarms","actions":["Microsoft.Network/virtualNetworks/subnets/action"]},"type":"Microsoft.Network/virtualNetworks/subnets/delegations"}],"privateEndpointNetworkPolicies":"Enabled","privateLinkServiceNetworkPolicies":"Enabled"},"type":"Microsoft.Network/virtualNetworks/subnets"}],"virtualNetworkPeerings":[],"enableDdosProtection":false,"enableVmProtection":false}}]}'
    headers:
      cache-control:
      - no-cache
      content-length:
      - '25306'
      content-type:
      - application/json; charset=utf-8
      date:
      - Tue, 30 Jun 2020 06:05:46 GMT
      expires:
      - '-1'
      pragma:
      - no-cache
      strict-transport-security:
      - max-age=31536000; includeSubDomains
      vary:
      - Accept-Encoding
      x-content-type-options:
      - nosniff
      x-ms-original-request-ids:
      - f7cb7db8-885d-4324-8e03-f0ecb79389c0
      - 79d9226a-60a2-411a-83ad-e50051942381
    status:
      code: 200
      message: OK
- request:
    body: null
    headers:
      Accept:
      - application/json
      Accept-Encoding:
      - gzip, deflate
      CommandName:
      - webapp vnet-integration add
      Connection:
      - keep-alive
      ParameterSetName:
      - -g -n --vnet --subnet
      User-Agent:
      - python/3.7.2 (Darwin-16.7.0-x86_64-i386-64bit) msrest/0.6.16 msrest_azure/0.6.3
        azure-mgmt-web/0.46.0 Azure-SDK-For-Python AZURECLI/2.8.0
      accept-language:
      - en-US
    method: GET
    uri: https://management.azure.com/subscriptions/00000000-0000-0000-0000-000000000000/resourceGroups/clitest.rg000001/providers/Microsoft.Web/sites/swiftwebapp000003/networkConfig/virtualNetwork?api-version=2019-08-01
  response:
    body:
      string: '{"id":"/subscriptions/00000000-0000-0000-0000-000000000000/resourceGroups/clitest.rg000001/providers/Microsoft.Web/sites/swiftwebapp000003/config/virtualNetwork","name":"virtualNetwork","type":"Microsoft.Web/sites/config","location":"Central
        US","properties":{"subnetResourceId":null,"swiftSupported":true}}'
    headers:
      cache-control:
      - no-cache
      content-length:
      - '373'
      content-type:
      - application/json
      date:
      - Tue, 30 Jun 2020 06:05:47 GMT
      etag:
      - '"1D64EA47E86ACCB"'
      expires:
      - '-1'
      pragma:
      - no-cache
      server:
      - Microsoft-IIS/10.0
      strict-transport-security:
      - max-age=31536000; includeSubDomains
      transfer-encoding:
      - chunked
      vary:
      - Accept-Encoding
      x-aspnet-version:
      - 4.0.30319
      x-content-type-options:
      - nosniff
      x-powered-by:
      - ASP.NET
    status:
      code: 200
      message: OK
- request:
    body: null
    headers:
      Accept:
      - application/json
      Accept-Encoding:
      - gzip, deflate
      CommandName:
      - webapp vnet-integration add
      Connection:
      - keep-alive
      ParameterSetName:
      - -g -n --vnet --subnet
      User-Agent:
      - python/3.7.2 (Darwin-16.7.0-x86_64-i386-64bit) msrest/0.6.16 msrest_azure/0.6.3
        azure-mgmt-network/10.2.0 Azure-SDK-For-Python AZURECLI/2.8.0
      accept-language:
      - en-US
    method: GET
    uri: https://management.azure.com/subscriptions/00000000-0000-0000-0000-000000000000/resourceGroups/swiftwebapp000002/providers/Microsoft.Network/virtualNetworks/swiftname000007/subnets/swiftsubnet000006?api-version=2020-04-01
  response:
    body:
      string: "{\r\n  \"name\": \"swiftsubnet000006\",\r\n  \"id\": \"/subscriptions/00000000-0000-0000-0000-000000000000/resourceGroups/swiftwebapp000002/providers/Microsoft.Network/virtualNetworks/swiftname000007/subnets/swiftsubnet000006\",\r\n
        \ \"etag\": \"W/\\\"51082325-fbe1-473a-a9df-58ca09e7aabd\\\"\",\r\n  \"properties\":
        {\r\n    \"provisioningState\": \"Succeeded\",\r\n    \"addressPrefix\": \"10.0.0.0/24\",\r\n
        \   \"delegations\": [],\r\n    \"privateEndpointNetworkPolicies\": \"Enabled\",\r\n
        \   \"privateLinkServiceNetworkPolicies\": \"Enabled\"\r\n  },\r\n  \"type\":
        \"Microsoft.Network/virtualNetworks/subnets\"\r\n}"
    headers:
      cache-control:
      - no-cache
      content-length:
      - '588'
      content-type:
      - application/json; charset=utf-8
      date:
      - Tue, 30 Jun 2020 06:05:47 GMT
      etag:
      - W/"51082325-fbe1-473a-a9df-58ca09e7aabd"
      expires:
      - '-1'
      pragma:
      - no-cache
      server:
      - Microsoft-HTTPAPI/2.0
      - Microsoft-HTTPAPI/2.0
      strict-transport-security:
      - max-age=31536000; includeSubDomains
      transfer-encoding:
      - chunked
      vary:
      - Accept-Encoding
      x-content-type-options:
      - nosniff
      x-ms-arm-service-request-id:
      - 92694cc5-71c3-43e6-b66e-e258eb792c70
    status:
      code: 200
      message: OK
- request:
    body: '{"id": "/subscriptions/00000000-0000-0000-0000-000000000000/resourceGroups/swiftwebapp000002/providers/Microsoft.Network/virtualNetworks/swiftname000007/subnets/swiftsubnet000006",
      "properties": {"addressPrefix": "10.0.0.0/24", "delegations": [{"properties":
      {"serviceName": "Microsoft.Web/serverFarms"}, "name": "delegation"}], "privateEndpointNetworkPolicies":
      "Enabled", "privateLinkServiceNetworkPolicies": "Enabled"}, "name": "swiftsubnet000006"}'
    headers:
      Accept:
      - application/json
      Accept-Encoding:
      - gzip, deflate
      CommandName:
      - webapp vnet-integration add
      Connection:
      - keep-alive
      Content-Length:
      - '481'
      Content-Type:
      - application/json; charset=utf-8
      ParameterSetName:
      - -g -n --vnet --subnet
      User-Agent:
      - python/3.7.2 (Darwin-16.7.0-x86_64-i386-64bit) msrest/0.6.16 msrest_azure/0.6.3
        azure-mgmt-network/10.2.0 Azure-SDK-For-Python AZURECLI/2.8.0
      accept-language:
      - en-US
    method: PUT
    uri: https://management.azure.com/subscriptions/00000000-0000-0000-0000-000000000000/resourceGroups/swiftwebapp000002/providers/Microsoft.Network/virtualNetworks/swiftname000007/subnets/swiftsubnet000006?api-version=2020-04-01
  response:
    body:
      string: "{\r\n  \"name\": \"swiftsubnet000006\",\r\n  \"id\": \"/subscriptions/00000000-0000-0000-0000-000000000000/resourceGroups/swiftwebapp000002/providers/Microsoft.Network/virtualNetworks/swiftname000007/subnets/swiftsubnet000006\",\r\n
        \ \"etag\": \"W/\\\"106edf53-9626-4d8a-9d06-afafec6c63ac\\\"\",\r\n  \"properties\":
        {\r\n    \"provisioningState\": \"Updating\",\r\n    \"addressPrefix\": \"10.0.0.0/24\",\r\n
        \   \"delegations\": [\r\n      {\r\n        \"name\": \"delegation\",\r\n
        \       \"id\": \"/subscriptions/00000000-0000-0000-0000-000000000000/resourceGroups/swiftwebapp000002/providers/Microsoft.Network/virtualNetworks/swiftname000007/subnets/swiftsubnet000006/delegations/delegation\",\r\n
        \       \"etag\": \"W/\\\"106edf53-9626-4d8a-9d06-afafec6c63ac\\\"\",\r\n
        \       \"properties\": {\r\n          \"provisioningState\": \"Succeeded\",\r\n
        \         \"serviceName\": \"Microsoft.Web/serverFarms\",\r\n          \"actions\":
        [\r\n            \"Microsoft.Network/virtualNetworks/subnets/action\"\r\n
        \         ]\r\n        },\r\n        \"type\": \"Microsoft.Network/virtualNetworks/subnets/delegations\"\r\n
        \     }\r\n    ],\r\n    \"privateEndpointNetworkPolicies\": \"Enabled\",\r\n
        \   \"privateLinkServiceNetworkPolicies\": \"Enabled\"\r\n  },\r\n  \"type\":
        \"Microsoft.Network/virtualNetworks/subnets\"\r\n}"
    headers:
      azure-asyncoperation:
      - https://management.azure.com/subscriptions/00000000-0000-0000-0000-000000000000/providers/Microsoft.Network/locations/centralus/operations/975db772-73bb-44a8-b204-8c73e1c88e4b?api-version=2020-04-01
      cache-control:
      - no-cache
      content-length:
      - '1251'
      content-type:
      - application/json; charset=utf-8
      date:
      - Tue, 30 Jun 2020 06:05:48 GMT
      expires:
      - '-1'
      pragma:
      - no-cache
      server:
      - Microsoft-HTTPAPI/2.0
      - Microsoft-HTTPAPI/2.0
      strict-transport-security:
      - max-age=31536000; includeSubDomains
      transfer-encoding:
      - chunked
      vary:
      - Accept-Encoding
      x-content-type-options:
      - nosniff
      x-ms-arm-service-request-id:
      - f36964eb-47d7-4c9a-92dc-0a9763b40871
      x-ms-ratelimit-remaining-subscription-writes:
      - '1197'
    status:
      code: 200
      message: OK
- request:
    body: null
    headers:
      Accept:
      - application/json
      Accept-Encoding:
      - gzip, deflate
      CommandName:
      - webapp vnet-integration add
      Connection:
      - keep-alive
      ParameterSetName:
      - -g -n --vnet --subnet
      User-Agent:
      - python/3.7.2 (Darwin-16.7.0-x86_64-i386-64bit) msrest/0.6.16 msrest_azure/0.6.3
        azure-mgmt-network/10.2.0 Azure-SDK-For-Python AZURECLI/2.8.0
      accept-language:
      - en-US
    method: GET
    uri: https://management.azure.com/subscriptions/00000000-0000-0000-0000-000000000000/resourceGroups/swiftwebapp000002/providers/Microsoft.Network/virtualNetworks/swiftname000007/subnets/swiftsubnet000006?api-version=2020-04-01
  response:
    body:
      string: "{\r\n  \"name\": \"swiftsubnet000006\",\r\n  \"id\": \"/subscriptions/00000000-0000-0000-0000-000000000000/resourceGroups/swiftwebapp000002/providers/Microsoft.Network/virtualNetworks/swiftname000007/subnets/swiftsubnet000006\",\r\n
        \ \"etag\": \"W/\\\"65481972-1ed2-4ea0-9432-7a8d36a1ecb7\\\"\",\r\n  \"properties\":
        {\r\n    \"provisioningState\": \"Succeeded\",\r\n    \"addressPrefix\": \"10.0.0.0/24\",\r\n
        \   \"delegations\": [\r\n      {\r\n        \"name\": \"delegation\",\r\n
        \       \"id\": \"/subscriptions/00000000-0000-0000-0000-000000000000/resourceGroups/swiftwebapp000002/providers/Microsoft.Network/virtualNetworks/swiftname000007/subnets/swiftsubnet000006/delegations/delegation\",\r\n
        \       \"etag\": \"W/\\\"65481972-1ed2-4ea0-9432-7a8d36a1ecb7\\\"\",\r\n
        \       \"properties\": {\r\n          \"provisioningState\": \"Succeeded\",\r\n
        \         \"serviceName\": \"Microsoft.Web/serverFarms\",\r\n          \"actions\":
        [\r\n            \"Microsoft.Network/virtualNetworks/subnets/action\"\r\n
        \         ]\r\n        },\r\n        \"type\": \"Microsoft.Network/virtualNetworks/subnets/delegations\"\r\n
        \     }\r\n    ],\r\n    \"privateEndpointNetworkPolicies\": \"Enabled\",\r\n
        \   \"privateLinkServiceNetworkPolicies\": \"Enabled\"\r\n  },\r\n  \"type\":
        \"Microsoft.Network/virtualNetworks/subnets\"\r\n}"
    headers:
      cache-control:
      - no-cache
      content-length:
      - '1252'
      content-type:
      - application/json; charset=utf-8
      date:
      - Tue, 30 Jun 2020 06:05:48 GMT
      etag:
      - W/"65481972-1ed2-4ea0-9432-7a8d36a1ecb7"
      expires:
      - '-1'
      pragma:
      - no-cache
      server:
      - Microsoft-HTTPAPI/2.0
      - Microsoft-HTTPAPI/2.0
      strict-transport-security:
      - max-age=31536000; includeSubDomains
      transfer-encoding:
      - chunked
      vary:
      - Accept-Encoding
      x-content-type-options:
      - nosniff
      x-ms-arm-service-request-id:
      - 181084e6-dfdf-45f0-a591-d4b903ed7764
    status:
      code: 200
      message: OK
- request:
    body: '{"properties": {"subnetResourceId": "/subscriptions/00000000-0000-0000-0000-000000000000/resourceGroups/swiftwebapp000002/providers/Microsoft.Network/virtualNetworks/swiftname000007/subnets/swiftsubnet000006",
      "swiftSupported": true}}'
    headers:
      Accept:
      - application/json
      Accept-Encoding:
      - gzip, deflate
      CommandName:
      - webapp vnet-integration add
      Connection:
      - keep-alive
      Content-Length:
      - '257'
      Content-Type:
      - application/json; charset=utf-8
      ParameterSetName:
      - -g -n --vnet --subnet
      User-Agent:
      - python/3.7.2 (Darwin-16.7.0-x86_64-i386-64bit) msrest/0.6.16 msrest_azure/0.6.3
        azure-mgmt-web/0.46.0 Azure-SDK-For-Python AZURECLI/2.8.0
      accept-language:
      - en-US
    method: PUT
    uri: https://management.azure.com/subscriptions/00000000-0000-0000-0000-000000000000/resourceGroups/clitest.rg000001/providers/Microsoft.Web/sites/swiftwebapp000003/networkConfig/virtualNetwork?api-version=2019-08-01
  response:
    body:
      string: '{"id":"/subscriptions/00000000-0000-0000-0000-000000000000/resourceGroups/clitest.rg000001/providers/Microsoft.Web/sites/swiftwebapp000003/config/virtualNetwork","name":"virtualNetwork","type":"Microsoft.Web/sites/config","location":"Central
        US","properties":{"subnetResourceId":"/subscriptions/00000000-0000-0000-0000-000000000000/resourceGroups/swiftwebapp000002/providers/Microsoft.Network/virtualNetworks/swiftname000007/subnets/swiftsubnet000006","swiftSupported":true}}'
    headers:
      cache-control:
      - no-cache
      content-length:
      - '564'
      content-type:
      - application/json
      date:
      - Tue, 30 Jun 2020 06:05:50 GMT
      etag:
      - '"1D64EA47E86ACCB"'
      expires:
      - '-1'
      pragma:
      - no-cache
      server:
      - Microsoft-IIS/10.0
      strict-transport-security:
      - max-age=31536000; includeSubDomains
      transfer-encoding:
      - chunked
      vary:
      - Accept-Encoding
      x-aspnet-version:
      - 4.0.30319
      x-content-type-options:
      - nosniff
      x-ms-ratelimit-remaining-subscription-writes:
      - '1196'
      x-powered-by:
      - ASP.NET
    status:
      code: 200
      message: OK
- request:
    body: null
    headers:
      Accept:
      - application/json
      Accept-Encoding:
      - gzip, deflate
      CommandName:
      - webapp vnet-integration list
      Connection:
      - keep-alive
      ParameterSetName:
      - -g -n
      User-Agent:
      - python/3.7.2 (Darwin-16.7.0-x86_64-i386-64bit) msrest/0.6.16 msrest_azure/0.6.3
        azure-mgmt-web/0.46.0 Azure-SDK-For-Python AZURECLI/2.8.0
      accept-language:
      - en-US
    method: GET
    uri: https://management.azure.com/subscriptions/00000000-0000-0000-0000-000000000000/resourceGroups/clitest.rg000001/providers/Microsoft.Web/sites/swiftwebapp000003/virtualNetworkConnections?api-version=2019-08-01
  response:
    body:
      string: '[{"id":"/subscriptions/00000000-0000-0000-0000-000000000000/resourceGroups/clitest.rg000001/providers/Microsoft.Web/sites/swiftwebapp000003/virtualNetworkConnections/6f7132f6-f35e-4fec-8da4-2a10e9806ac4_swiftsubnet000006","name":"6f7132f6-f35e-4fec-8da4-2a10e9806ac4_swiftsubnet000006","type":"Microsoft.Web/sites/virtualNetworkConnections","location":"Central
        US","properties":{"vnetResourceId":"/subscriptions/00000000-0000-0000-0000-000000000000/resourceGroups/swiftwebapp000002/providers/Microsoft.Network/virtualNetworks/swiftname000007/subnets/swiftsubnet000006","certThumbprint":null,"certBlob":null,"routes":null,"resyncRequired":false,"dnsServers":null,"isSwift":true}}]'
    headers:
      cache-control:
      - no-cache
      content-length:
      - '782'
      content-type:
      - application/json
      date:
      - Tue, 30 Jun 2020 06:05:50 GMT
      expires:
      - '-1'
      pragma:
      - no-cache
      server:
      - Microsoft-IIS/10.0
      strict-transport-security:
      - max-age=31536000; includeSubDomains
      transfer-encoding:
      - chunked
      vary:
      - Accept-Encoding
      x-aspnet-version:
      - 4.0.30319
      x-content-type-options:
      - nosniff
      x-powered-by:
      - ASP.NET
    status:
      code: 200
      message: OK
- request:
    body: null
    headers:
      Accept:
      - application/json
      Accept-Encoding:
      - gzip, deflate
      CommandName:
      - webapp vnet-integration add
      Connection:
      - keep-alive
      ParameterSetName:
      - -g -n --vnet --subnet
      User-Agent:
      - python/3.7.2 (Darwin-16.7.0-x86_64-i386-64bit) msrest/0.6.16 msrest_azure/0.6.3
        azure-mgmt-network/10.2.0 Azure-SDK-For-Python AZURECLI/2.8.0
    method: GET
    uri: https://management.azure.com/subscriptions/00000000-0000-0000-0000-000000000000/providers/Microsoft.Network/locations/centralus/operations/975db772-73bb-44a8-b204-8c73e1c88e4b?api-version=2020-04-01
  response:
    body:
      string: "{\r\n  \"status\": \"Succeeded\"\r\n}"
    headers:
      cache-control:
      - no-cache
      content-length:
      - '29'
      content-type:
      - application/json; charset=utf-8
      date:
      - Tue, 30 Jun 2020 06:05:51 GMT
      expires:
      - '-1'
      pragma:
      - no-cache
      server:
      - Microsoft-HTTPAPI/2.0
      - Microsoft-HTTPAPI/2.0
      strict-transport-security:
      - max-age=31536000; includeSubDomains
      transfer-encoding:
      - chunked
      vary:
      - Accept-Encoding
      x-content-type-options:
      - nosniff
      x-ms-arm-service-request-id:
      - 888af803-b830-4146-9c1b-65ac8b5d318f
    status:
      code: 200
      message: OK
- request:
    body: null
    headers:
      Accept:
      - application/json
      Accept-Encoding:
      - gzip, deflate
      CommandName:
      - webapp vnet-integration add
      Connection:
      - keep-alive
      ParameterSetName:
      - -g -n --vnet --subnet
      User-Agent:
      - python/3.7.2 (Darwin-16.7.0-x86_64-i386-64bit) msrest/0.6.16 msrest_azure/0.6.3
        azure-mgmt-network/10.2.0 Azure-SDK-For-Python AZURECLI/2.8.0
    method: GET
    uri: https://management.azure.com/subscriptions/00000000-0000-0000-0000-000000000000/resourceGroups/swiftwebapp000002/providers/Microsoft.Network/virtualNetworks/swiftname000007/subnets/swiftsubnet000006?api-version=2020-04-01
  response:
    body:
      string: "{\r\n  \"name\": \"swiftsubnet000006\",\r\n  \"id\": \"/subscriptions/00000000-0000-0000-0000-000000000000/resourceGroups/swiftwebapp000002/providers/Microsoft.Network/virtualNetworks/swiftname000007/subnets/swiftsubnet000006\",\r\n
        \ \"etag\": \"W/\\\"2c921706-6d6c-4035-96b1-80d015413f7d\\\"\",\r\n  \"properties\":
        {\r\n    \"provisioningState\": \"Succeeded\",\r\n    \"addressPrefix\": \"10.0.0.0/24\",\r\n
        \   \"serviceAssociationLinks\": [\r\n      {\r\n        \"name\": \"AppServiceLink\",\r\n
        \       \"id\": \"/subscriptions/00000000-0000-0000-0000-000000000000/resourceGroups/swiftwebapp000002/providers/Microsoft.Network/virtualNetworks/swiftname000007/subnets/swiftsubnet000006/serviceAssociationLinks/AppServiceLink\",\r\n
        \       \"etag\": \"W/\\\"2c921706-6d6c-4035-96b1-80d015413f7d\\\"\",\r\n
        \       \"type\": \"Microsoft.Network/virtualNetworks/subnets/serviceAssociationLinks\",\r\n
        \       \"properties\": {\r\n          \"provisioningState\": \"Succeeded\",\r\n
        \         \"linkedResourceType\": \"Microsoft.Web/serverfarms\",\r\n          \"link\":
        \"/subscriptions/00000000-0000-0000-0000-000000000000/resourceGroups/clitest.rg000001/providers/Microsoft.Web/serverfarms/swiftplan000004\",\r\n
        \         \"allowDelete\": false,\r\n          \"locations\": []\r\n        }\r\n
        \     }\r\n    ],\r\n    \"delegations\": [\r\n      {\r\n        \"name\":
        \"delegation\",\r\n        \"id\": \"/subscriptions/00000000-0000-0000-0000-000000000000/resourceGroups/swiftwebapp000002/providers/Microsoft.Network/virtualNetworks/swiftname000007/subnets/swiftsubnet000006/delegations/delegation\",\r\n
        \       \"etag\": \"W/\\\"2c921706-6d6c-4035-96b1-80d015413f7d\\\"\",\r\n
        \       \"properties\": {\r\n          \"provisioningState\": \"Succeeded\",\r\n
        \         \"serviceName\": \"Microsoft.Web/serverFarms\",\r\n          \"actions\":
        [\r\n            \"Microsoft.Network/virtualNetworks/subnets/action\"\r\n
        \         ]\r\n        },\r\n        \"type\": \"Microsoft.Network/virtualNetworks/subnets/delegations\"\r\n
        \     }\r\n    ],\r\n    \"privateEndpointNetworkPolicies\": \"Enabled\",\r\n
        \   \"privateLinkServiceNetworkPolicies\": \"Enabled\"\r\n  },\r\n  \"type\":
        \"Microsoft.Network/virtualNetworks/subnets\"\r\n}"
    headers:
      cache-control:
      - no-cache
      content-length:
      - '2176'
      content-type:
      - application/json; charset=utf-8
      date:
      - Tue, 30 Jun 2020 06:05:52 GMT
      etag:
      - W/"2c921706-6d6c-4035-96b1-80d015413f7d"
      expires:
      - '-1'
      pragma:
      - no-cache
      server:
      - Microsoft-HTTPAPI/2.0
      - Microsoft-HTTPAPI/2.0
      strict-transport-security:
      - max-age=31536000; includeSubDomains
      transfer-encoding:
      - chunked
      vary:
      - Accept-Encoding
      x-content-type-options:
      - nosniff
      x-ms-arm-service-request-id:
      - caa5d3aa-beb2-4f52-96ff-ed5699241973
    status:
      code: 200
      message: OK
- request:
    body: null
    headers:
      Accept:
      - application/json
      Accept-Encoding:
      - gzip, deflate
      CommandName:
      - webapp vnet-integration remove
      Connection:
      - keep-alive
      Content-Length:
      - '0'
      ParameterSetName:
      - -g -n
      User-Agent:
      - python/3.7.2 (Darwin-16.7.0-x86_64-i386-64bit) msrest/0.6.16 msrest_azure/0.6.3
        azure-mgmt-web/0.46.0 Azure-SDK-For-Python AZURECLI/2.8.0
      accept-language:
      - en-US
    method: DELETE
    uri: https://management.azure.com/subscriptions/00000000-0000-0000-0000-000000000000/resourceGroups/clitest.rg000001/providers/Microsoft.Web/sites/swiftwebapp000003/networkConfig/virtualNetwork?api-version=2019-08-01
  response:
    body:
      string: ''
    headers:
      cache-control:
      - no-cache
      content-length:
      - '0'
      date:
      - Tue, 30 Jun 2020 06:05:53 GMT
      expires:
      - '-1'
      pragma:
      - no-cache
      server:
      - Microsoft-IIS/10.0
      strict-transport-security:
      - max-age=31536000; includeSubDomains
      x-aspnet-version:
      - 4.0.30319
      x-content-type-options:
      - nosniff
      x-ms-ratelimit-remaining-subscription-deletes:
      - '14999'
      x-powered-by:
      - ASP.NET
    status:
      code: 200
      message: OK
- request:
    body: null
    headers:
      Accept:
      - application/json
      Accept-Encoding:
      - gzip, deflate
      CommandName:
      - webapp vnet-integration list
      Connection:
      - keep-alive
      ParameterSetName:
      - -g -n
      User-Agent:
      - python/3.7.2 (Darwin-16.7.0-x86_64-i386-64bit) msrest/0.6.16 msrest_azure/0.6.3
        azure-mgmt-web/0.46.0 Azure-SDK-For-Python AZURECLI/2.8.0
      accept-language:
      - en-US
    method: GET
    uri: https://management.azure.com/subscriptions/00000000-0000-0000-0000-000000000000/resourceGroups/clitest.rg000001/providers/Microsoft.Web/sites/swiftwebapp000003/virtualNetworkConnections?api-version=2019-08-01
  response:
    body:
      string: '[]'
    headers:
      cache-control:
      - no-cache
      content-length:
      - '2'
      content-type:
      - application/json
      date:
      - Tue, 30 Jun 2020 06:05:53 GMT
      expires:
      - '-1'
      pragma:
      - no-cache
      server:
      - Microsoft-IIS/10.0
      strict-transport-security:
      - max-age=31536000; includeSubDomains
      transfer-encoding:
      - chunked
      vary:
      - Accept-Encoding
      x-aspnet-version:
      - 4.0.30319
      x-content-type-options:
      - nosniff
      x-powered-by:
      - ASP.NET
    status:
      code: 200
      message: OK
version: 1
