interactions:
- request:
    body: null
    headers:
      Accept:
      - application/json
      Accept-Encoding:
      - gzip, deflate
      CommandName:
      - appservice plan create
      Connection:
      - keep-alive
      ParameterSetName:
      - -g -n --sku
      User-Agent:
      - AZURECLI/2.31.0 azsdk-python-azure-mgmt-resource/20.0.0 Python/3.8.6 (macOS-10.15.7-x86_64-i386-64bit)
    method: GET
    uri: https://management.azure.com/subscriptions/00000000-0000-0000-0000-000000000000/resourcegroups/clitest.rg000001?api-version=2021-04-01
  response:
    body:
      string: '{"id":"/subscriptions/00000000-0000-0000-0000-000000000000/resourceGroups/clitest.rg000001","name":"clitest.rg000001","type":"Microsoft.Resources/resourceGroups","location":"westus","tags":{"product":"azurecli","cause":"automation","date":"2021-12-20T21:09:07Z"},"properties":{"provisioningState":"Succeeded"}}'
    headers:
      cache-control:
      - no-cache
      content-length:
      - '310'
      content-type:
      - application/json; charset=utf-8
      date:
      - Mon, 20 Dec 2021 21:09:10 GMT
      expires:
      - '-1'
      pragma:
      - no-cache
      strict-transport-security:
      - max-age=31536000; includeSubDomains
      vary:
      - Accept-Encoding
      x-content-type-options:
      - nosniff
    status:
      code: 200
      message: OK
- request:
    body: null
    headers:
      Accept:
      - application/json
      Accept-Encoding:
      - gzip, deflate
      CommandName:
      - appservice plan create
      Connection:
      - keep-alive
      ParameterSetName:
      - -g -n --sku
      User-Agent:
      - AZURECLI/2.31.0 azsdk-python-azure-mgmt-web/4.0.0 Python/3.8.6 (macOS-10.15.7-x86_64-i386-64bit)
    method: GET
    uri: https://management.azure.com/subscriptions/00000000-0000-0000-0000-000000000000/resourceGroups/clitest.rg000001/providers/Microsoft.Web/serverfarms/logic-e2e-plan000003?api-version=2020-09-01
  response:
    body:
      string: '{"error":{"code":"ResourceNotFound","message":"The Resource ''Microsoft.Web/serverFarms/logic-e2e-plan000003''
        under resource group ''clitest.rg000001'' was not found. For more details
        please go to https://aka.ms/ARMResourceNotFoundFix"}}'
    headers:
      cache-control:
      - no-cache
      content-length:
      - '234'
      content-type:
      - application/json; charset=utf-8
      date:
      - Mon, 20 Dec 2021 21:09:10 GMT
      expires:
      - '-1'
      pragma:
      - no-cache
      strict-transport-security:
      - max-age=31536000; includeSubDomains
      x-content-type-options:
      - nosniff
      x-ms-failure-cause:
      - gateway
    status:
      code: 404
      message: Not Found
- request:
    body: '{"location": "westus", "sku": {"name": "WS1", "tier": "WorkflowStandard",
      "capacity": 1}, "properties": {"perSiteScaling": false, "isXenon": false}}'
    headers:
      Accept:
      - application/json
      Accept-Encoding:
      - gzip, deflate
      CommandName:
      - appservice plan create
      Connection:
      - keep-alive
      Content-Length:
      - '148'
      Content-Type:
      - application/json
      ParameterSetName:
      - -g -n --sku
      User-Agent:
      - AZURECLI/2.31.0 azsdk-python-azure-mgmt-web/4.0.0 Python/3.8.6 (macOS-10.15.7-x86_64-i386-64bit)
    method: PUT
    uri: https://management.azure.com/subscriptions/00000000-0000-0000-0000-000000000000/resourceGroups/clitest.rg000001/providers/Microsoft.Web/serverfarms/logic-e2e-plan000003?api-version=2020-09-01
  response:
    body:
      string: '{"id":"/subscriptions/00000000-0000-0000-0000-000000000000/resourceGroups/clitest.rg000001/providers/Microsoft.Web/serverfarms/logic-e2e-plan000003","name":"logic-e2e-plan000003","type":"Microsoft.Web/serverfarms","kind":"elastic","location":"westus","properties":{"serverFarmId":3508,"name":"logic-e2e-plan000003","sku":{"name":"WS1","tier":"WorkflowStandard","size":"WS1","family":"WS","capacity":1},"workerSize":"D1","workerSizeId":3,"workerTierName":null,"numberOfWorkers":1,"currentWorkerSize":"D1","currentWorkerSizeId":3,"currentNumberOfWorkers":1,"status":"Ready","webSpace":"clitest.rg000001-WestUSwebspace","subscription":"2edc29f4-b81f-494b-a624-cc619903b837","adminSiteName":null,"hostingEnvironment":null,"hostingEnvironmentProfile":null,"maximumNumberOfWorkers":0,"planName":"VirtualDedicatedPlan","adminRuntimeSiteName":null,"computeMode":"Dedicated","siteMode":null,"geoRegion":"West
        US","perSiteScaling":false,"elasticScaleEnabled":true,"maximumElasticWorkerCount":1,"numberOfSites":0,"hostingEnvironmentId":null,"isSpot":false,"spotExpirationTime":null,"freeOfferExpirationTime":null,"tags":null,"kind":"elastic","resourceGroup":"clitest.rg000001","reserved":false,"isXenon":false,"hyperV":false,"mdmId":"waws-prod-bay-183_3508","targetWorkerCount":0,"targetWorkerSizeId":0,"provisioningState":"Succeeded","webSiteId":null,"existingServerFarmIds":null,"kubeEnvironmentProfile":null,"zoneRedundant":false},"sku":{"name":"WS1","tier":"WorkflowStandard","size":"WS1","family":"WS","capacity":1}}'
    headers:
      cache-control:
      - no-cache
      content-length:
      - '1510'
      content-type:
      - application/json
      date:
      - Mon, 20 Dec 2021 21:09:16 GMT
      etag:
      - '"1D7F5E5D8ADBE60"'
      expires:
      - '-1'
      pragma:
      - no-cache
      server:
      - Microsoft-IIS/10.0
      strict-transport-security:
      - max-age=31536000; includeSubDomains
      transfer-encoding:
      - chunked
      vary:
      - Accept-Encoding
      x-aspnet-version:
      - 4.0.30319
      x-content-type-options:
      - nosniff
      x-ms-ratelimit-remaining-subscription-writes:
      - '1199'
      x-powered-by:
      - ASP.NET
    status:
      code: 200
      message: OK
- request:
    body: null
    headers:
      Accept:
      - application/json
      Accept-Encoding:
      - gzip, deflate
      CommandName:
      - appservice plan list
      Connection:
      - keep-alive
      ParameterSetName:
      - -g
      User-Agent:
      - AZURECLI/2.31.0 azsdk-python-azure-mgmt-web/4.0.0 Python/3.8.6 (macOS-10.15.7-x86_64-i386-64bit)
    method: GET
    uri: https://management.azure.com/subscriptions/00000000-0000-0000-0000-000000000000/resourceGroups/clitest.rg000001/providers/Microsoft.Web/serverfarms?api-version=2020-09-01
  response:
    body:
      string: '{"value":[{"id":"/subscriptions/00000000-0000-0000-0000-000000000000/resourceGroups/clitest.rg000001/providers/Microsoft.Web/serverfarms/logic-e2e-plan000003","name":"logic-e2e-plan000003","type":"Microsoft.Web/serverfarms","kind":"elastic","location":"West
        US","properties":{"serverFarmId":3508,"name":"logic-e2e-plan000003","workerSize":"D1","workerSizeId":3,"workerTierName":null,"numberOfWorkers":1,"currentWorkerSize":"D1","currentWorkerSizeId":3,"currentNumberOfWorkers":1,"status":"Ready","webSpace":"clitest.rg000001-WestUSwebspace","subscription":"2edc29f4-b81f-494b-a624-cc619903b837","adminSiteName":null,"hostingEnvironment":null,"hostingEnvironmentProfile":null,"maximumNumberOfWorkers":20,"planName":"VirtualDedicatedPlan","adminRuntimeSiteName":null,"computeMode":"Dedicated","siteMode":null,"geoRegion":"West
        US","perSiteScaling":false,"elasticScaleEnabled":true,"maximumElasticWorkerCount":1,"numberOfSites":0,"hostingEnvironmentId":null,"isSpot":false,"spotExpirationTime":null,"freeOfferExpirationTime":null,"tags":null,"kind":"elastic","resourceGroup":"clitest.rg000001","reserved":false,"isXenon":false,"hyperV":false,"mdmId":"waws-prod-bay-183_3508","targetWorkerCount":0,"targetWorkerSizeId":0,"provisioningState":"Succeeded","webSiteId":null,"existingServerFarmIds":null,"kubeEnvironmentProfile":null,"zoneRedundant":false},"sku":{"name":"WS1","tier":"WorkflowStandard","size":"WS1","family":"WS","capacity":1}}],"nextLink":null,"id":null}'
    headers:
      cache-control:
      - no-cache
      content-length:
      - '1463'
      content-type:
      - application/json
      date:
      - Mon, 20 Dec 2021 21:09:17 GMT
      expires:
      - '-1'
      pragma:
      - no-cache
      server:
      - Microsoft-IIS/10.0
      strict-transport-security:
      - max-age=31536000; includeSubDomains
      transfer-encoding:
      - chunked
      vary:
      - Accept-Encoding
      x-aspnet-version:
      - 4.0.30319
      x-content-type-options:
      - nosniff
      x-powered-by:
      - ASP.NET
    status:
      code: 200
      message: OK
- request:
    body: '{"sku": {"name": "Standard_LRS"}, "kind": "StorageV2", "location": "westus",
      "properties": {"encryption": {"services": {"blob": {}}, "keySource": "Microsoft.Storage"}}}'
    headers:
      Accept:
      - application/json
      Accept-Encoding:
      - gzip, deflate
      CommandName:
      - storage account create
      Connection:
      - keep-alive
      Content-Length:
      - '168'
      Content-Type:
      - application/json
      ParameterSetName:
      - --name -g -l --sku
      User-Agent:
      - AZURECLI/2.31.0 azsdk-python-azure-mgmt-storage/19.0.0 Python/3.8.6 (macOS-10.15.7-x86_64-i386-64bit)
    method: PUT
    uri: https://management.azure.com/subscriptions/00000000-0000-0000-0000-000000000000/resourceGroups/clitest.rg000001/providers/Microsoft.Storage/storageAccounts/logicpplanstorage1?api-version=2021-06-01
  response:
    body:
      string: ''
    headers:
      cache-control:
      - no-cache
      content-length:
      - '0'
      content-type:
      - text/plain; charset=utf-8
      date:
      - Mon, 20 Dec 2021 21:09:22 GMT
      expires:
      - '-1'
      location:
      - https://management.azure.com/subscriptions/00000000-0000-0000-0000-000000000000/providers/Microsoft.Storage/locations/westus/asyncoperations/39f9209c-ff5b-437c-b52f-345c68e34833?monitor=true&api-version=2021-06-01
      pragma:
      - no-cache
      server:
      - Microsoft-Azure-Storage-Resource-Provider/1.0,Microsoft-HTTPAPI/2.0 Microsoft-HTTPAPI/2.0
      strict-transport-security:
      - max-age=31536000; includeSubDomains
      x-content-type-options:
      - nosniff
      x-ms-ratelimit-remaining-subscription-writes:
      - '1199'
    status:
      code: 202
      message: Accepted
- request:
    body: null
    headers:
      Accept:
      - '*/*'
      Accept-Encoding:
      - gzip, deflate
      CommandName:
      - storage account create
      Connection:
      - keep-alive
      ParameterSetName:
      - --name -g -l --sku
      User-Agent:
      - AZURECLI/2.31.0 azsdk-python-azure-mgmt-storage/19.0.0 Python/3.8.6 (macOS-10.15.7-x86_64-i386-64bit)
    method: GET
    uri: https://management.azure.com/subscriptions/00000000-0000-0000-0000-000000000000/providers/Microsoft.Storage/locations/westus/asyncoperations/39f9209c-ff5b-437c-b52f-345c68e34833?monitor=true&api-version=2021-06-01
  response:
    body:
      string: ''
    headers:
      cache-control:
      - no-cache
      content-length:
      - '0'
      content-type:
      - text/plain; charset=utf-8
      date:
      - Mon, 20 Dec 2021 21:09:39 GMT
      expires:
      - '-1'
      location:
      - https://management.azure.com/subscriptions/00000000-0000-0000-0000-000000000000/providers/Microsoft.Storage/locations/westus/asyncoperations/39f9209c-ff5b-437c-b52f-345c68e34833?monitor=true&api-version=2021-06-01
      pragma:
      - no-cache
      server:
      - Microsoft-Azure-Storage-Resource-Provider/1.0,Microsoft-HTTPAPI/2.0 Microsoft-HTTPAPI/2.0
      strict-transport-security:
      - max-age=31536000; includeSubDomains
      x-content-type-options:
      - nosniff
    status:
      code: 202
      message: Accepted
- request:
    body: null
    headers:
      Accept:
      - '*/*'
      Accept-Encoding:
      - gzip, deflate
      CommandName:
      - storage account create
      Connection:
      - keep-alive
      ParameterSetName:
      - --name -g -l --sku
      User-Agent:
      - AZURECLI/2.31.0 azsdk-python-azure-mgmt-storage/19.0.0 Python/3.8.6 (macOS-10.15.7-x86_64-i386-64bit)
    method: GET
    uri: https://management.azure.com/subscriptions/00000000-0000-0000-0000-000000000000/providers/Microsoft.Storage/locations/westus/asyncoperations/39f9209c-ff5b-437c-b52f-345c68e34833?monitor=true&api-version=2021-06-01
  response:
    body:
      string: ''
    headers:
      cache-control:
      - no-cache
      content-length:
      - '0'
      content-type:
      - text/plain; charset=utf-8
      date:
      - Mon, 20 Dec 2021 21:09:42 GMT
      expires:
      - '-1'
      location:
      - https://management.azure.com/subscriptions/00000000-0000-0000-0000-000000000000/providers/Microsoft.Storage/locations/westus/asyncoperations/39f9209c-ff5b-437c-b52f-345c68e34833?monitor=true&api-version=2021-06-01
      pragma:
      - no-cache
      server:
      - Microsoft-Azure-Storage-Resource-Provider/1.0,Microsoft-HTTPAPI/2.0 Microsoft-HTTPAPI/2.0
      strict-transport-security:
      - max-age=31536000; includeSubDomains
      x-content-type-options:
      - nosniff
    status:
      code: 202
      message: Accepted
- request:
    body: null
    headers:
      Accept:
      - '*/*'
      Accept-Encoding:
      - gzip, deflate
      CommandName:
      - storage account create
      Connection:
      - keep-alive
      ParameterSetName:
      - --name -g -l --sku
      User-Agent:
      - AZURECLI/2.31.0 azsdk-python-azure-mgmt-storage/19.0.0 Python/3.8.6 (macOS-10.15.7-x86_64-i386-64bit)
    method: GET
    uri: https://management.azure.com/subscriptions/00000000-0000-0000-0000-000000000000/providers/Microsoft.Storage/locations/westus/asyncoperations/39f9209c-ff5b-437c-b52f-345c68e34833?monitor=true&api-version=2021-06-01
  response:
    body:
      string: '{"sku":{"name":"Standard_LRS","tier":"Standard"},"kind":"StorageV2","id":"/subscriptions/00000000-0000-0000-0000-000000000000/resourceGroups/clitest.rg000001/providers/Microsoft.Storage/storageAccounts/logicpplanstorage1","name":"logicpplanstorage1","type":"Microsoft.Storage/storageAccounts","location":"westus","tags":{},"properties":{"keyCreationTime":{"key1":"2021-12-20T21:09:21.1467384Z","key2":"2021-12-20T21:09:21.1467384Z"},"privateEndpointConnections":[],"minimumTlsVersion":"TLS1_0","allowBlobPublicAccess":true,"networkAcls":{"bypass":"AzureServices","virtualNetworkRules":[],"ipRules":[],"defaultAction":"Allow"},"supportsHttpsTrafficOnly":true,"encryption":{"services":{"file":{"keyType":"Account","enabled":true,"lastEnabledTime":"2021-12-20T21:09:21.1467384Z"},"blob":{"keyType":"Account","enabled":true,"lastEnabledTime":"2021-12-20T21:09:21.1467384Z"}},"keySource":"Microsoft.Storage"},"accessTier":"Hot","provisioningState":"Succeeded","creationTime":"2021-12-20T21:09:20.8810821Z","primaryEndpoints":{"dfs":"https://logicpplanstorage1.dfs.core.windows.net/","web":"https://logicpplanstorage1.z22.web.core.windows.net/","blob":"https://logicpplanstorage1.blob.core.windows.net/","queue":"https://logicpplanstorage1.queue.core.windows.net/","table":"https://logicpplanstorage1.table.core.windows.net/","file":"https://logicpplanstorage1.file.core.windows.net/"},"primaryLocation":"westus","statusOfPrimary":"available"}}'
    headers:
      cache-control:
      - no-cache
      content-length:
      - '1438'
      content-type:
      - application/json
      date:
      - Mon, 20 Dec 2021 21:09:45 GMT
      expires:
      - '-1'
      pragma:
      - no-cache
      server:
      - Microsoft-Azure-Storage-Resource-Provider/1.0,Microsoft-HTTPAPI/2.0 Microsoft-HTTPAPI/2.0
      strict-transport-security:
      - max-age=31536000; includeSubDomains
      transfer-encoding:
      - chunked
      vary:
      - Accept-Encoding
      x-content-type-options:
      - nosniff
    status:
      code: 200
      message: OK
- request:
    body: null
    headers:
      Accept:
      - application/json
      Accept-Encoding:
      - gzip, deflate
      CommandName:
      - logicapp create
      Connection:
      - keep-alive
      ParameterSetName:
      - -g -n -p -s
      User-Agent:
      - AZURECLI/2.31.0 azsdk-python-azure-mgmt-web/4.0.0 Python/3.8.6 (macOS-10.15.7-x86_64-i386-64bit)
    method: GET
    uri: https://management.azure.com/subscriptions/00000000-0000-0000-0000-000000000000/resourceGroups/clitest.rg000001/providers/Microsoft.Web/serverfarms/logic-e2e-plan000003?api-version=2020-09-01
  response:
    body:
      string: '{"id":"/subscriptions/00000000-0000-0000-0000-000000000000/resourceGroups/clitest.rg000001/providers/Microsoft.Web/serverfarms/logic-e2e-plan000003","name":"logic-e2e-plan000003","type":"Microsoft.Web/serverfarms","kind":"elastic","location":"West
        US","properties":{"serverFarmId":3508,"name":"logic-e2e-plan000003","workerSize":"D1","workerSizeId":3,"workerTierName":null,"numberOfWorkers":1,"currentWorkerSize":"D1","currentWorkerSizeId":3,"currentNumberOfWorkers":1,"status":"Ready","webSpace":"clitest.rg000001-WestUSwebspace","subscription":"2edc29f4-b81f-494b-a624-cc619903b837","adminSiteName":null,"hostingEnvironment":null,"hostingEnvironmentProfile":null,"maximumNumberOfWorkers":20,"planName":"VirtualDedicatedPlan","adminRuntimeSiteName":null,"computeMode":"Dedicated","siteMode":null,"geoRegion":"West
        US","perSiteScaling":false,"elasticScaleEnabled":true,"maximumElasticWorkerCount":1,"numberOfSites":0,"hostingEnvironmentId":null,"isSpot":false,"spotExpirationTime":null,"freeOfferExpirationTime":null,"tags":null,"kind":"elastic","resourceGroup":"clitest.rg000001","reserved":false,"isXenon":false,"hyperV":false,"mdmId":"waws-prod-bay-183_3508","targetWorkerCount":0,"targetWorkerSizeId":0,"provisioningState":"Succeeded","webSiteId":null,"existingServerFarmIds":null,"kubeEnvironmentProfile":null,"zoneRedundant":false},"sku":{"name":"WS1","tier":"WorkflowStandard","size":"WS1","family":"WS","capacity":1}}'
    headers:
      cache-control:
      - no-cache
      content-length:
      - '1425'
      content-type:
      - application/json
      date:
      - Mon, 20 Dec 2021 21:09:50 GMT
      expires:
      - '-1'
      pragma:
      - no-cache
      server:
      - Microsoft-IIS/10.0
      strict-transport-security:
      - max-age=31536000; includeSubDomains
      transfer-encoding:
      - chunked
      vary:
      - Accept-Encoding
      x-aspnet-version:
      - 4.0.30319
      x-content-type-options:
      - nosniff
      x-powered-by:
      - ASP.NET
    status:
      code: 200
      message: OK
- request:
    body: null
    headers:
      Accept:
      - application/json
      Accept-Encoding:
      - gzip, deflate
      CommandName:
      - logicapp create
      Connection:
      - keep-alive
      ParameterSetName:
      - -g -n -p -s
      User-Agent:
      - AZURECLI/2.31.0 azsdk-python-azure-mgmt-storage/19.0.0 Python/3.8.6 (macOS-10.15.7-x86_64-i386-64bit)
    method: GET
    uri: https://management.azure.com/subscriptions/00000000-0000-0000-0000-000000000000/resourceGroups/clitest.rg000001/providers/Microsoft.Storage/storageAccounts/logicpplanstorage1?api-version=2021-06-01
  response:
    body:
      string: '{"sku":{"name":"Standard_LRS","tier":"Standard"},"kind":"StorageV2","id":"/subscriptions/00000000-0000-0000-0000-000000000000/resourceGroups/clitest.rg000001/providers/Microsoft.Storage/storageAccounts/logicpplanstorage1","name":"logicpplanstorage1","type":"Microsoft.Storage/storageAccounts","location":"westus","tags":{},"properties":{"keyCreationTime":{"key1":"2021-12-20T21:09:21.1467384Z","key2":"2021-12-20T21:09:21.1467384Z"},"privateEndpointConnections":[],"minimumTlsVersion":"TLS1_0","allowBlobPublicAccess":true,"networkAcls":{"bypass":"AzureServices","virtualNetworkRules":[],"ipRules":[],"defaultAction":"Allow"},"supportsHttpsTrafficOnly":true,"encryption":{"services":{"file":{"keyType":"Account","enabled":true,"lastEnabledTime":"2021-12-20T21:09:21.1467384Z"},"blob":{"keyType":"Account","enabled":true,"lastEnabledTime":"2021-12-20T21:09:21.1467384Z"}},"keySource":"Microsoft.Storage"},"accessTier":"Hot","provisioningState":"Succeeded","creationTime":"2021-12-20T21:09:20.8810821Z","primaryEndpoints":{"dfs":"https://logicpplanstorage1.dfs.core.windows.net/","web":"https://logicpplanstorage1.z22.web.core.windows.net/","blob":"https://logicpplanstorage1.blob.core.windows.net/","queue":"https://logicpplanstorage1.queue.core.windows.net/","table":"https://logicpplanstorage1.table.core.windows.net/","file":"https://logicpplanstorage1.file.core.windows.net/"},"primaryLocation":"westus","statusOfPrimary":"available"}}'
    headers:
      cache-control:
      - no-cache
      content-length:
      - '1438'
      content-type:
      - application/json
      date:
      - Mon, 20 Dec 2021 21:09:49 GMT
      expires:
      - '-1'
      pragma:
      - no-cache
      server:
      - Microsoft-Azure-Storage-Resource-Provider/1.0,Microsoft-HTTPAPI/2.0 Microsoft-HTTPAPI/2.0
      strict-transport-security:
      - max-age=31536000; includeSubDomains
      transfer-encoding:
      - chunked
      vary:
      - Accept-Encoding
      x-content-type-options:
      - nosniff
    status:
      code: 200
      message: OK
- request:
    body: null
    headers:
      Accept:
      - application/json
      Accept-Encoding:
      - gzip, deflate
      CommandName:
      - logicapp create
      Connection:
      - keep-alive
      Content-Length:
      - '0'
      ParameterSetName:
      - -g -n -p -s
      User-Agent:
      - AZURECLI/2.31.0 azsdk-python-azure-mgmt-storage/19.0.0 Python/3.8.6 (macOS-10.15.7-x86_64-i386-64bit)
    method: POST
    uri: https://management.azure.com/subscriptions/00000000-0000-0000-0000-000000000000/resourceGroups/clitest.rg000001/providers/Microsoft.Storage/storageAccounts/logicpplanstorage1/listKeys?api-version=2021-06-01&$expand=kerb
  response:
    body:
      string: '{"keys":[{"creationTime":"2021-12-20T21:09:21.1467384Z","keyName":"key1","value":"veryFakedStorageAccountKey==","permissions":"FULL"},{"creationTime":"2021-12-20T21:09:21.1467384Z","keyName":"key2","value":"veryFakedStorageAccountKey==","permissions":"FULL"}]}'
    headers:
      cache-control:
      - no-cache
      content-length:
      - '260'
      content-type:
      - application/json
      date:
      - Mon, 20 Dec 2021 21:09:50 GMT
      expires:
      - '-1'
      pragma:
      - no-cache
      server:
      - Microsoft-Azure-Storage-Resource-Provider/1.0,Microsoft-HTTPAPI/2.0 Microsoft-HTTPAPI/2.0
      strict-transport-security:
      - max-age=31536000; includeSubDomains
      transfer-encoding:
      - chunked
      vary:
      - Accept-Encoding
      x-content-type-options:
      - nosniff
      x-ms-ratelimit-remaining-subscription-resource-requests:
      - '11999'
    status:
      code: 200
      message: OK
- request:
    body: '{"kind": "functionapp,workflowapp", "location": "West US", "properties":
      {"serverFarmId": "/subscriptions/00000000-0000-0000-0000-000000000000/resourceGroups/clitest.rg000001/providers/Microsoft.Web/serverfarms/logic-e2e-plan000003",
      "reserved": false, "isXenon": false, "hyperV": false, "siteConfig": {"netFrameworkVersion":
      "v4.6", "appSettings": [{"name": "FUNCTIONS_WORKER_RUNTIME", "value": "node"},
      {"name": "FUNCTIONS_EXTENSION_VERSION", "value": "~3"}, {"name": "AzureWebJobsStorage",
      "value": "DefaultEndpointsProtocol=https;EndpointSuffix=core.windows.net;AccountName=logicpplanstorage1;AccountKey=veryFakedStorageAccountKey=="},
      {"name": "AzureWebJobsDashboard", "value": "DefaultEndpointsProtocol=https;EndpointSuffix=core.windows.net;AccountName=logicpplanstorage1;AccountKey=veryFakedStorageAccountKey=="},
      {"name": "AzureFunctionsJobHost__extensionBundle__id", "value": "Microsoft.Azure.Functions.ExtensionBundle.Workflows"},
      {"name": "AzureFunctionsJobHost__extensionBundle__version", "value": "[1.*,
      2.0.0)"}, {"name": "APP_KIND", "value": "workflowApp"}], "localMySqlEnabled":
      false, "http20Enabled": true}, "scmSiteAlsoStopped": false}}'
    headers:
      Accept:
      - application/json
      Accept-Encoding:
      - gzip, deflate
      CommandName:
      - logicapp create
      Connection:
      - keep-alive
      Content-Length:
      - '1155'
      Content-Type:
      - application/json
      ParameterSetName:
      - -g -n -p -s
      User-Agent:
      - AZURECLI/2.31.0 azsdk-python-azure-mgmt-web/4.0.0 Python/3.8.6 (macOS-10.15.7-x86_64-i386-64bit)
    method: PUT
    uri: https://management.azure.com/subscriptions/00000000-0000-0000-0000-000000000000/resourceGroups/clitest.rg000001/providers/Microsoft.Web/sites/logic-e2e000002?api-version=2020-09-01
  response:
    body:
      string: '{"id":"/subscriptions/00000000-0000-0000-0000-000000000000/resourceGroups/clitest.rg000001/providers/Microsoft.Web/sites/logic-e2e000002","name":"logic-e2e000002","type":"Microsoft.Web/sites","kind":"functionapp,workflowapp","location":"West
        US","properties":{"name":"logic-e2e000002","state":"Running","hostNames":["logic-e2e000002.azurewebsites.net"],"webSpace":"clitest.rg000001-WestUSwebspace","selfLink":"https://waws-prod-bay-183.api.azurewebsites.windows.net:454/subscriptions/00000000-0000-0000-0000-000000000000/webspaces/clitest.rg000001-WestUSwebspace/sites/logic-e2e000002","repositorySiteName":"logic-e2e000002","owner":null,"usageState":"Normal","enabled":true,"adminEnabled":true,"enabledHostNames":["logic-e2e000002.azurewebsites.net","logic-e2e000002.scm.azurewebsites.net"],"siteProperties":{"metadata":null,"properties":[{"name":"LinuxFxVersion","value":""},{"name":"WindowsFxVersion","value":null}],"appSettings":null},"availabilityState":"Normal","sslCertificates":null,"csrs":[],"cers":null,"siteMode":null,"hostNameSslStates":[{"name":"logic-e2e000002.azurewebsites.net","sslState":"Disabled","ipBasedSslResult":null,"virtualIP":null,"thumbprint":null,"toUpdate":null,"toUpdateIpBasedSsl":null,"ipBasedSslState":"NotConfigured","hostType":"Standard"},{"name":"logic-e2e000002.scm.azurewebsites.net","sslState":"Disabled","ipBasedSslResult":null,"virtualIP":null,"thumbprint":null,"toUpdate":null,"toUpdateIpBasedSsl":null,"ipBasedSslState":"NotConfigured","hostType":"Repository"}],"computeMode":null,"serverFarm":null,"serverFarmId":"/subscriptions/00000000-0000-0000-0000-000000000000/resourceGroups/clitest.rg000001/providers/Microsoft.Web/serverfarms/logic-e2e-plan000003","reserved":false,"isXenon":false,"hyperV":false,"lastModifiedTimeUtc":"2021-12-20T21:09:55.88","storageRecoveryDefaultState":"Running","contentAvailabilityState":"Normal","runtimeAvailabilityState":"Normal","siteConfig":{"numberOfWorkers":1,"defaultDocuments":null,"netFrameworkVersion":null,"phpVersion":null,"pythonVersion":null,"nodeVersion":null,"powerShellVersion":null,"linuxFxVersion":"","windowsFxVersion":null,"requestTracingEnabled":null,"remoteDebuggingEnabled":null,"remoteDebuggingVersion":null,"httpLoggingEnabled":null,"azureMonitorLogCategories":null,"acrUseManagedIdentityCreds":false,"acrUserManagedIdentityID":null,"logsDirectorySizeLimit":null,"detailedErrorLoggingEnabled":null,"publishingUsername":null,"publishingPassword":null,"appSettings":null,"metadata":null,"connectionStrings":null,"machineKey":null,"handlerMappings":null,"documentRoot":null,"scmType":null,"use32BitWorkerProcess":null,"webSocketsEnabled":null,"alwaysOn":false,"javaVersion":null,"javaContainer":null,"javaContainerVersion":null,"appCommandLine":null,"managedPipelineMode":null,"virtualApplications":null,"winAuthAdminState":null,"winAuthTenantState":null,"customAppPoolIdentityAdminState":null,"customAppPoolIdentityTenantState":null,"runtimeADUser":null,"runtimeADUserPassword":null,"loadBalancing":null,"routingRules":null,"experiments":null,"limits":null,"autoHealEnabled":null,"autoHealRules":null,"tracingOptions":null,"vnetName":null,"vnetRouteAllEnabled":null,"vnetPrivatePortsCount":null,"publicNetworkAccess":null,"cors":null,"push":null,"apiDefinition":null,"apiManagementConfig":null,"autoSwapSlotName":null,"localMySqlEnabled":null,"managedServiceIdentityId":null,"xManagedServiceIdentityId":null,"keyVaultReferenceIdentity":null,"ipSecurityRestrictions":[{"ipAddress":"Any","action":"Allow","priority":1,"name":"Allow
        all","description":"Allow all access"}],"scmIpSecurityRestrictions":[{"ipAddress":"Any","action":"Allow","priority":1,"name":"Allow
        all","description":"Allow all access"}],"scmIpSecurityRestrictionsUseMain":null,"http20Enabled":false,"minTlsVersion":null,"scmMinTlsVersion":null,"ftpsState":null,"preWarmedInstanceCount":null,"functionAppScaleLimit":0,"healthCheckPath":null,"fileChangeAuditEnabled":null,"functionsRuntimeScaleMonitoringEnabled":null,"websiteTimeZone":null,"minimumElasticInstanceCount":0,"azureStorageAccounts":null,"http20ProxyFlag":null,"sitePort":null,"antivirusScanEnabled":null},"deploymentId":"logic-e2e000002","slotName":null,"trafficManagerHostNames":null,"sku":"WorkflowStandard","scmSiteAlsoStopped":false,"targetSwapSlot":null,"hostingEnvironment":null,"hostingEnvironmentProfile":null,"clientAffinityEnabled":false,"clientCertEnabled":false,"clientCertMode":"Required","clientCertExclusionPaths":null,"hostNamesDisabled":false,"domainVerificationIdentifiers":null,"customDomainVerificationId":"333646C25EDA7C903C86F0F0D0193C412978B2E48FA0B4F1461D339FBBAE3EB7","kind":"functionapp,workflowapp","inboundIpAddress":"40.112.243.59","possibleInboundIpAddresses":"40.112.243.59","ftpUsername":"logic-e2e000002\\$logic-e2e000002","ftpsHostName":"ftps://waws-prod-bay-183.ftp.azurewebsites.windows.net/site/wwwroot","outboundIpAddresses":"104.209.35.73,23.99.94.29,104.209.39.62,104.209.32.196,104.209.32.219,104.209.33.74,40.112.243.59","possibleOutboundIpAddresses":"138.91.247.218,23.99.91.136,104.209.35.1,104.40.24.117,104.40.31.43,104.40.28.13,104.209.35.73,23.99.94.29,104.209.39.62,104.209.32.196,104.209.32.219,104.209.33.74,104.209.42.243,104.209.43.117,40.112.190.217,40.112.185.192,40.118.212.2,40.118.134.196,40.118.131.102,40.118.131.255,40.118.129.38,40.118.212.93,104.40.19.83,40.112.190.96,40.83.184.22,104.40.18.82,40.83.188.42,40.83.189.34,138.91.158.176,104.40.24.239,40.112.243.59","containerSize":1536,"dailyMemoryTimeQuota":0,"suspendedTill":null,"siteDisabledReason":0,"functionExecutionUnitsCache":null,"maxNumberOfWorkers":null,"homeStamp":"waws-prod-bay-183","cloningInfo":null,"hostingEnvironmentId":null,"tags":null,"resourceGroup":"clitest.rg000001","defaultHostName":"logic-e2e000002.azurewebsites.net","slotSwapStatus":null,"httpsOnly":false,"redundancyMode":"None","inProgressOperationId":null,"geoDistributions":null,"privateEndpointConnections":null,"buildVersion":null,"targetBuildVersion":null,"migrationState":null,"eligibleLogCategories":"FunctionAppLogs","storageAccountRequired":false,"virtualNetworkSubnetId":null,"keyVaultReferenceIdentity":"SystemAssigned"}}'
    headers:
      cache-control:
      - no-cache
      content-length:
      - '6153'
      content-type:
      - application/json
      date:
      - Mon, 20 Dec 2021 21:10:11 GMT
      etag:
      - '"1D7F5E5F08B5CE0"'
      expires:
      - '-1'
      pragma:
      - no-cache
      server:
      - Microsoft-IIS/10.0
      strict-transport-security:
      - max-age=31536000; includeSubDomains
      transfer-encoding:
      - chunked
      vary:
      - Accept-Encoding
      x-aspnet-version:
      - 4.0.30319
      x-content-type-options:
      - nosniff
      x-ms-ratelimit-remaining-subscription-resource-requests:
      - '499'
      x-powered-by:
      - ASP.NET
    status:
      code: 200
      message: OK
- request:
    body: '{"location": "West US", "kind": "web", "properties": {"Application_Type":
      "web"}}'
    headers:
      Accept:
      - application/json
      Accept-Encoding:
      - gzip, deflate
      CommandName:
      - logicapp create
      Connection:
      - keep-alive
      Content-Length:
      - '81'
      Content-Type:
      - application/json
      ParameterSetName:
      - -g -n -p -s
      User-Agent:
      - AZURECLI/2.31.0 azsdk-python-azure-mgmt-applicationinsights/1.0.0 Python/3.8.6
        (macOS-10.15.7-x86_64-i386-64bit)
    method: PUT
    uri: https://management.azure.com/subscriptions/00000000-0000-0000-0000-000000000000/resourceGroups/clitest.rg000001/providers/Microsoft.Insights/components/logic-e2e000002?api-version=2015-05-01
  response:
    body:
      string: '{"id":"/subscriptions/00000000-0000-0000-0000-000000000000/resourceGroups/clitest.rg000001/providers/microsoft.insights/components/logic-e2e000002","name":"logic-e2e000002","type":"microsoft.insights/components","location":"westus","tags":{},"kind":"web","etag":"\"9600d285-0000-0200-0000-61c0f1370000\"","properties":{"Ver":"v2","ApplicationId":"logic-e2e000002","AppId":"3c545fa5-a047-404e-a0b6-929ff056f4f8","Application_Type":"web","Flow_Type":null,"Request_Source":null,"InstrumentationKey":"101a359e-332d-4278-8629-7e4b0081efe8","ConnectionString":"InstrumentationKey=101a359e-332d-4278-8629-7e4b0081efe8;IngestionEndpoint=https://westus-0.in.applicationinsights.azure.com/","Name":"logic-e2e000002","CreationDate":"2021-12-20T21:10:14.996188+00:00","TenantId":"2edc29f4-b81f-494b-a624-cc619903b837","provisioningState":"Succeeded","SamplingPercentage":null,"RetentionInDays":90,"IngestionMode":"ApplicationInsights","publicNetworkAccessForIngestion":"Enabled","publicNetworkAccessForQuery":"Enabled"}}'
    headers:
      access-control-expose-headers:
      - Request-Context
      cache-control:
      - no-cache
      content-length:
      - '1008'
      content-type:
      - application/json; charset=utf-8
      date:
      - Mon, 20 Dec 2021 21:10:15 GMT
      expires:
      - '-1'
      pragma:
      - no-cache
      request-context:
      - appId=cid-v1:920e14b1-13f3-461a-a4bb-b4fe6f1a4525
      server:
      - Microsoft-IIS/10.0
      strict-transport-security:
      - max-age=31536000; includeSubDomains
      transfer-encoding:
      - chunked
      vary:
      - Accept-Encoding
      x-content-type-options:
      - nosniff
      x-ms-ratelimit-remaining-subscription-writes:
      - '1198'
      x-powered-by:
      - ASP.NET
    status:
      code: 200
      message: OK
- request:
    body: null
    headers:
      Accept:
      - application/json
      Accept-Encoding:
      - gzip, deflate
      CommandName:
      - logicapp create
      Connection:
      - keep-alive
      Content-Length:
      - '0'
      ParameterSetName:
      - -g -n -p -s
      User-Agent:
      - AZURECLI/2.31.0 azsdk-python-azure-mgmt-web/4.0.0 Python/3.8.6 (macOS-10.15.7-x86_64-i386-64bit)
    method: POST
    uri: https://management.azure.com/subscriptions/00000000-0000-0000-0000-000000000000/resourceGroups/clitest.rg000001/providers/Microsoft.Web/sites/logic-e2e000002/config/appsettings/list?api-version=2020-09-01
  response:
    body:
      string: '{"id":"/subscriptions/00000000-0000-0000-0000-000000000000/resourceGroups/clitest.rg000001/providers/Microsoft.Web/sites/logic-e2e000002/config/appsettings","name":"appsettings","type":"Microsoft.Web/sites/config","location":"West
        US","properties":{"FUNCTIONS_WORKER_RUNTIME":"node","FUNCTIONS_EXTENSION_VERSION":"~3","AzureWebJobsStorage":"DefaultEndpointsProtocol=https;EndpointSuffix=core.windows.net;AccountName=logicpplanstorage1;AccountKey=veryFakedStorageAccountKey==","AzureWebJobsDashboard":"DefaultEndpointsProtocol=https;EndpointSuffix=core.windows.net;AccountName=logicpplanstorage1;AccountKey=veryFakedStorageAccountKey==","AzureFunctionsJobHost__extensionBundle__id":"Microsoft.Azure.Functions.ExtensionBundle.Workflows","AzureFunctionsJobHost__extensionBundle__version":"[1.*,
        2.0.0)","APP_KIND":"workflowApp"}}'
    headers:
      cache-control:
      - no-cache
      content-length:
      - '826'
      content-type:
      - application/json
      date:
      - Mon, 20 Dec 2021 21:10:15 GMT
      expires:
      - '-1'
      pragma:
      - no-cache
      server:
      - Microsoft-IIS/10.0
      strict-transport-security:
      - max-age=31536000; includeSubDomains
      transfer-encoding:
      - chunked
      vary:
      - Accept-Encoding
      x-aspnet-version:
      - 4.0.30319
      x-content-type-options:
      - nosniff
      x-ms-ratelimit-remaining-subscription-resource-requests:
      - '11999'
      x-powered-by:
      - ASP.NET
    status:
      code: 200
      message: OK
- request:
    body: '{"properties": {"FUNCTIONS_WORKER_RUNTIME": "node", "FUNCTIONS_EXTENSION_VERSION":
      "~3", "AzureWebJobsStorage": "DefaultEndpointsProtocol=https;EndpointSuffix=core.windows.net;AccountName=logicpplanstorage1;AccountKey=veryFakedStorageAccountKey==",
      "AzureWebJobsDashboard": "DefaultEndpointsProtocol=https;EndpointSuffix=core.windows.net;AccountName=logicpplanstorage1;AccountKey=veryFakedStorageAccountKey==",
      "AzureFunctionsJobHost__extensionBundle__id": "Microsoft.Azure.Functions.ExtensionBundle.Workflows",
      "AzureFunctionsJobHost__extensionBundle__version": "[1.*, 2.0.0)", "APP_KIND":
      "workflowApp", "APPINSIGHTS_INSTRUMENTATIONKEY": "101a359e-332d-4278-8629-7e4b0081efe8"}}'
    headers:
      Accept:
      - application/json
      Accept-Encoding:
      - gzip, deflate
      CommandName:
      - logicapp create
      Connection:
      - keep-alive
      Content-Length:
      - '680'
      Content-Type:
      - application/json
      ParameterSetName:
      - -g -n -p -s
      User-Agent:
      - AZURECLI/2.31.0 azsdk-python-azure-mgmt-web/4.0.0 Python/3.8.6 (macOS-10.15.7-x86_64-i386-64bit)
    method: PUT
    uri: https://management.azure.com/subscriptions/00000000-0000-0000-0000-000000000000/resourceGroups/clitest.rg000001/providers/Microsoft.Web/sites/logic-e2e000002/config/appsettings?api-version=2020-09-01
  response:
    body:
      string: '{"id":"/subscriptions/00000000-0000-0000-0000-000000000000/resourceGroups/clitest.rg000001/providers/Microsoft.Web/sites/logic-e2e000002/config/appsettings","name":"appsettings","type":"Microsoft.Web/sites/config","location":"West
        US","properties":{"FUNCTIONS_WORKER_RUNTIME":"node","FUNCTIONS_EXTENSION_VERSION":"~3","AzureWebJobsStorage":"DefaultEndpointsProtocol=https;EndpointSuffix=core.windows.net;AccountName=logicpplanstorage1;AccountKey=veryFakedStorageAccountKey==","AzureWebJobsDashboard":"DefaultEndpointsProtocol=https;EndpointSuffix=core.windows.net;AccountName=logicpplanstorage1;AccountKey=veryFakedStorageAccountKey==","AzureFunctionsJobHost__extensionBundle__id":"Microsoft.Azure.Functions.ExtensionBundle.Workflows","AzureFunctionsJobHost__extensionBundle__version":"[1.*,
        2.0.0)","APP_KIND":"workflowApp","APPINSIGHTS_INSTRUMENTATIONKEY":"101a359e-332d-4278-8629-7e4b0081efe8"}}'
    headers:
      cache-control:
      - no-cache
      content-length:
      - '898'
      content-type:
      - application/json
      date:
      - Mon, 20 Dec 2021 21:10:16 GMT
      etag:
      - '"1D7F5E5FCDE5F2B"'
      expires:
      - '-1'
      pragma:
      - no-cache
      server:
      - Microsoft-IIS/10.0
      strict-transport-security:
      - max-age=31536000; includeSubDomains
      transfer-encoding:
      - chunked
      vary:
      - Accept-Encoding
      x-aspnet-version:
      - 4.0.30319
      x-content-type-options:
      - nosniff
      x-ms-ratelimit-remaining-subscription-writes:
      - '1199'
      x-powered-by:
      - ASP.NET
    status:
      code: 200
      message: OK
- request:
    body: null
    headers:
      Accept:
      - application/json
      Accept-Encoding:
      - gzip, deflate
      CommandName:
      - logicapp show
      Connection:
      - keep-alive
      ParameterSetName:
      - -g -n
      User-Agent:
      - AZURECLI/2.31.0 azsdk-python-azure-mgmt-web/4.0.0 Python/3.8.6 (macOS-10.15.7-x86_64-i386-64bit)
    method: GET
    uri: https://management.azure.com/subscriptions/00000000-0000-0000-0000-000000000000/resourceGroups/clitest.rg000001/providers/Microsoft.Web/sites/logic-e2e000002?api-version=2020-09-01
  response:
    body:
      string: '{"id":"/subscriptions/00000000-0000-0000-0000-000000000000/resourceGroups/clitest.rg000001/providers/Microsoft.Web/sites/logic-e2e000002","name":"logic-e2e000002","type":"Microsoft.Web/sites","kind":"functionapp,workflowapp","location":"West
        US","properties":{"name":"logic-e2e000002","state":"Running","hostNames":["logic-e2e000002.azurewebsites.net"],"webSpace":"clitest.rg000001-WestUSwebspace","selfLink":"https://waws-prod-bay-183.api.azurewebsites.windows.net:454/subscriptions/00000000-0000-0000-0000-000000000000/webspaces/clitest.rg000001-WestUSwebspace/sites/logic-e2e000002","repositorySiteName":"logic-e2e000002","owner":null,"usageState":"Normal","enabled":true,"adminEnabled":true,"enabledHostNames":["logic-e2e000002.azurewebsites.net","logic-e2e000002.scm.azurewebsites.net"],"siteProperties":{"metadata":null,"properties":[{"name":"LinuxFxVersion","value":""},{"name":"WindowsFxVersion","value":null}],"appSettings":null},"availabilityState":"Normal","sslCertificates":null,"csrs":[],"cers":null,"siteMode":null,"hostNameSslStates":[{"name":"logic-e2e000002.azurewebsites.net","sslState":"Disabled","ipBasedSslResult":null,"virtualIP":null,"thumbprint":null,"toUpdate":null,"toUpdateIpBasedSsl":null,"ipBasedSslState":"NotConfigured","hostType":"Standard"},{"name":"logic-e2e000002.scm.azurewebsites.net","sslState":"Disabled","ipBasedSslResult":null,"virtualIP":null,"thumbprint":null,"toUpdate":null,"toUpdateIpBasedSsl":null,"ipBasedSslState":"NotConfigured","hostType":"Repository"}],"computeMode":null,"serverFarm":null,"serverFarmId":"/subscriptions/00000000-0000-0000-0000-000000000000/resourceGroups/clitest.rg000001/providers/Microsoft.Web/serverfarms/logic-e2e-plan000003","reserved":false,"isXenon":false,"hyperV":false,"lastModifiedTimeUtc":"2021-12-20T21:10:16.9466667","storageRecoveryDefaultState":"Running","contentAvailabilityState":"Normal","runtimeAvailabilityState":"Normal","siteConfig":{"numberOfWorkers":1,"defaultDocuments":null,"netFrameworkVersion":null,"phpVersion":null,"pythonVersion":null,"nodeVersion":null,"powerShellVersion":null,"linuxFxVersion":"","windowsFxVersion":null,"requestTracingEnabled":null,"remoteDebuggingEnabled":null,"remoteDebuggingVersion":null,"httpLoggingEnabled":null,"azureMonitorLogCategories":null,"acrUseManagedIdentityCreds":false,"acrUserManagedIdentityID":null,"logsDirectorySizeLimit":null,"detailedErrorLoggingEnabled":null,"publishingUsername":null,"publishingPassword":null,"appSettings":null,"metadata":null,"connectionStrings":null,"machineKey":null,"handlerMappings":null,"documentRoot":null,"scmType":null,"use32BitWorkerProcess":null,"webSocketsEnabled":null,"alwaysOn":false,"javaVersion":null,"javaContainer":null,"javaContainerVersion":null,"appCommandLine":null,"managedPipelineMode":null,"virtualApplications":null,"winAuthAdminState":null,"winAuthTenantState":null,"customAppPoolIdentityAdminState":null,"customAppPoolIdentityTenantState":null,"runtimeADUser":null,"runtimeADUserPassword":null,"loadBalancing":null,"routingRules":null,"experiments":null,"limits":null,"autoHealEnabled":null,"autoHealRules":null,"tracingOptions":null,"vnetName":null,"vnetRouteAllEnabled":null,"vnetPrivatePortsCount":null,"publicNetworkAccess":null,"cors":null,"push":null,"apiDefinition":null,"apiManagementConfig":null,"autoSwapSlotName":null,"localMySqlEnabled":null,"managedServiceIdentityId":null,"xManagedServiceIdentityId":null,"keyVaultReferenceIdentity":null,"ipSecurityRestrictions":null,"scmIpSecurityRestrictions":null,"scmIpSecurityRestrictionsUseMain":null,"http20Enabled":true,"minTlsVersion":null,"scmMinTlsVersion":null,"ftpsState":null,"preWarmedInstanceCount":null,"functionAppScaleLimit":0,"healthCheckPath":null,"fileChangeAuditEnabled":null,"functionsRuntimeScaleMonitoringEnabled":null,"websiteTimeZone":null,"minimumElasticInstanceCount":1,"azureStorageAccounts":null,"http20ProxyFlag":null,"sitePort":null,"antivirusScanEnabled":null},"deploymentId":"logic-e2e000002","slotName":null,"trafficManagerHostNames":null,"sku":"WorkflowStandard","scmSiteAlsoStopped":false,"targetSwapSlot":null,"hostingEnvironment":null,"hostingEnvironmentProfile":null,"clientAffinityEnabled":false,"clientCertEnabled":false,"clientCertMode":"Required","clientCertExclusionPaths":null,"hostNamesDisabled":false,"domainVerificationIdentifiers":null,"customDomainVerificationId":"333646C25EDA7C903C86F0F0D0193C412978B2E48FA0B4F1461D339FBBAE3EB7","kind":"functionapp,workflowapp","inboundIpAddress":"40.112.243.59","possibleInboundIpAddresses":"40.112.243.59","ftpUsername":"logic-e2e000002\\$logic-e2e000002","ftpsHostName":"ftps://waws-prod-bay-183.ftp.azurewebsites.windows.net/site/wwwroot","outboundIpAddresses":"104.209.35.73,23.99.94.29,104.209.39.62,104.209.32.196,104.209.32.219,104.209.33.74,40.112.243.59","possibleOutboundIpAddresses":"138.91.247.218,23.99.91.136,104.209.35.1,104.40.24.117,104.40.31.43,104.40.28.13,104.209.35.73,23.99.94.29,104.209.39.62,104.209.32.196,104.209.32.219,104.209.33.74,104.209.42.243,104.209.43.117,40.112.190.217,40.112.185.192,40.118.212.2,40.118.134.196,40.118.131.102,40.118.131.255,40.118.129.38,40.118.212.93,104.40.19.83,40.112.190.96,40.83.184.22,104.40.18.82,40.83.188.42,40.83.189.34,138.91.158.176,104.40.24.239,40.112.243.59","containerSize":1536,"dailyMemoryTimeQuota":0,"suspendedTill":null,"siteDisabledReason":0,"functionExecutionUnitsCache":null,"maxNumberOfWorkers":null,"homeStamp":"waws-prod-bay-183","cloningInfo":null,"hostingEnvironmentId":null,"tags":null,"resourceGroup":"clitest.rg000001","defaultHostName":"logic-e2e000002.azurewebsites.net","slotSwapStatus":null,"httpsOnly":false,"redundancyMode":"None","inProgressOperationId":null,"geoDistributions":null,"privateEndpointConnections":[],"buildVersion":null,"targetBuildVersion":null,"migrationState":null,"eligibleLogCategories":"FunctionAppLogs","storageAccountRequired":false,"virtualNetworkSubnetId":null,"keyVaultReferenceIdentity":"SystemAssigned"}}'
    headers:
      cache-control:
      - no-cache
      content-length:
      - '5957'
      content-type:
      - application/json
      date:
      - Mon, 20 Dec 2021 21:10:17 GMT
      etag:
      - '"1D7F5E5FCDE5F2B"'
      expires:
      - '-1'
      pragma:
      - no-cache
      server:
      - Microsoft-IIS/10.0
      strict-transport-security:
      - max-age=31536000; includeSubDomains
      transfer-encoding:
      - chunked
      vary:
      - Accept-Encoding
      x-aspnet-version:
      - 4.0.30319
      x-content-type-options:
      - nosniff
      x-powered-by:
      - ASP.NET
    status:
      code: 200
      message: OK
- request:
    body: null
    headers:
      Accept:
      - application/json
      Accept-Encoding:
      - gzip, deflate
      CommandName:
      - logicapp show
      Connection:
      - keep-alive
      ParameterSetName:
      - -g -n
      User-Agent:
      - AZURECLI/2.31.0 azsdk-python-azure-mgmt-web/4.0.0 Python/3.8.6 (macOS-10.15.7-x86_64-i386-64bit)
    method: GET
    uri: https://management.azure.com/subscriptions/00000000-0000-0000-0000-000000000000/resourceGroups/clitest.rg000001/providers/Microsoft.Web/sites/logic-e2e000002/config/web?api-version=2021-01-15
  response:
    body:
      string: '{"id":"/subscriptions/00000000-0000-0000-0000-000000000000/resourceGroups/clitest.rg000001/providers/Microsoft.Web/sites/logic-e2e000002/config/web","name":"logic-e2e000002","type":"Microsoft.Web/sites/config","location":"West
        US","properties":{"numberOfWorkers":1,"defaultDocuments":["Default.htm","Default.html","Default.asp","index.htm","index.html","iisstart.htm","default.aspx","index.php"],"netFrameworkVersion":"v4.0","phpVersion":"5.6","pythonVersion":"","nodeVersion":"","powerShellVersion":"","linuxFxVersion":"","windowsFxVersion":null,"requestTracingEnabled":false,"remoteDebuggingEnabled":false,"remoteDebuggingVersion":null,"httpLoggingEnabled":false,"azureMonitorLogCategories":null,"acrUseManagedIdentityCreds":false,"acrUserManagedIdentityID":null,"logsDirectorySizeLimit":35,"detailedErrorLoggingEnabled":false,"publishingUsername":"$logic-e2e000002","publishingPassword":null,"appSettings":null,"metadata":null,"connectionStrings":null,"machineKey":null,"handlerMappings":null,"documentRoot":null,"scmType":"None","use32BitWorkerProcess":true,"webSocketsEnabled":false,"alwaysOn":false,"javaVersion":null,"javaContainer":null,"javaContainerVersion":null,"appCommandLine":"","managedPipelineMode":"Integrated","virtualApplications":[{"virtualPath":"/","physicalPath":"site\\wwwroot","preloadEnabled":false,"virtualDirectories":null}],"winAuthAdminState":0,"winAuthTenantState":0,"customAppPoolIdentityAdminState":false,"customAppPoolIdentityTenantState":false,"runtimeADUser":null,"runtimeADUserPassword":null,"loadBalancing":"LeastRequests","routingRules":[],"experiments":{"rampUpRules":[]},"limits":null,"autoHealEnabled":false,"autoHealRules":null,"tracingOptions":null,"vnetName":"","vnetRouteAllEnabled":false,"vnetPrivatePortsCount":0,"publicNetworkAccess":null,"siteAuthEnabled":false,"siteAuthSettings":{"enabled":null,"unauthenticatedClientAction":null,"tokenStoreEnabled":null,"allowedExternalRedirectUrls":null,"defaultProvider":null,"clientId":null,"clientSecret":null,"clientSecretSettingName":null,"clientSecretCertificateThumbprint":null,"issuer":null,"allowedAudiences":null,"additionalLoginParams":null,"isAadAutoProvisioned":false,"aadClaimsAuthorization":null,"googleClientId":null,"googleClientSecret":null,"googleClientSecretSettingName":null,"googleOAuthScopes":null,"facebookAppId":null,"facebookAppSecret":null,"facebookAppSecretSettingName":null,"facebookOAuthScopes":null,"gitHubClientId":null,"gitHubClientSecret":null,"gitHubClientSecretSettingName":null,"gitHubOAuthScopes":null,"twitterConsumerKey":null,"twitterConsumerSecret":null,"twitterConsumerSecretSettingName":null,"microsoftAccountClientId":null,"microsoftAccountClientSecret":null,"microsoftAccountClientSecretSettingName":null,"microsoftAccountOAuthScopes":null,"configVersion":null},"cors":null,"push":null,"apiDefinition":null,"apiManagementConfig":null,"autoSwapSlotName":null,"localMySqlEnabled":false,"managedServiceIdentityId":null,"xManagedServiceIdentityId":null,"keyVaultReferenceIdentity":null,"ipSecurityRestrictions":[{"ipAddress":"Any","action":"Allow","priority":1,"name":"Allow
        all","description":"Allow all access"}],"scmIpSecurityRestrictions":[{"ipAddress":"Any","action":"Allow","priority":1,"name":"Allow
        all","description":"Allow all access"}],"scmIpSecurityRestrictionsUseMain":false,"http20Enabled":true,"minTlsVersion":"1.2","scmMinTlsVersion":"1.0","ftpsState":"AllAllowed","preWarmedInstanceCount":1,"functionAppScaleLimit":0,"healthCheckPath":null,"fileChangeAuditEnabled":false,"functionsRuntimeScaleMonitoringEnabled":false,"websiteTimeZone":null,"minimumElasticInstanceCount":1,"azureStorageAccounts":{},"http20ProxyFlag":0,"sitePort":null,"antivirusScanEnabled":false}}'
    headers:
      cache-control:
      - no-cache
      content-length:
      - '3710'
      content-type:
      - application/json
      date:
      - Mon, 20 Dec 2021 21:10:18 GMT
      expires:
      - '-1'
      pragma:
      - no-cache
      server:
      - Microsoft-IIS/10.0
      strict-transport-security:
      - max-age=31536000; includeSubDomains
      transfer-encoding:
      - chunked
      vary:
      - Accept-Encoding
      x-aspnet-version:
      - 4.0.30319
      x-content-type-options:
      - nosniff
      x-powered-by:
      - ASP.NET
    status:
      code: 200
      message: OK
- request:
    body: '{"format": "WebDeploy"}'
    headers:
      Accept:
      - application/xml
      Accept-Encoding:
      - gzip, deflate
      CommandName:
      - logicapp show
      Connection:
      - keep-alive
      Content-Length:
      - '23'
      Content-Type:
      - application/json
      ParameterSetName:
      - -g -n
      User-Agent:
      - AZURECLI/2.31.0 azsdk-python-azure-mgmt-web/4.0.0 Python/3.8.6 (macOS-10.15.7-x86_64-i386-64bit)
    method: POST
    uri: https://management.azure.com/subscriptions/00000000-0000-0000-0000-000000000000/resourceGroups/clitest.rg000001/providers/Microsoft.Web/sites/logic-e2e000002/publishxml?api-version=2020-09-01
  response:
    body:
      string: <publishData><publishProfile profileName="logic-e2e000002 - Web Deploy"
        publishMethod="MSDeploy" publishUrl="logic-e2e000002.scm.azurewebsites.net:443"
        msdeploySite="logic-e2e000002" userName="$logic-e2e000002" userPWD="S6o74oaEaZkj4fTWTXq8QKht3gn7lq87z1XGrMidyLZkhSQevgywfTdkfSZH"
        destinationAppUrl="http://logic-e2e000002.azurewebsites.net" SQLServerDBConnectionString=""
        mySQLDBConnectionString="" hostingProviderForumLink="" controlPanelLink="http://windows.azure.com"
        webSystem="WebSites"><databases /></publishProfile><publishProfile profileName="logic-e2e000002
        - FTP" publishMethod="FTP" publishUrl="ftp://waws-prod-bay-183.ftp.azurewebsites.windows.net/site/wwwroot"
        ftpPassiveMode="True" userName="logic-e2e000002\$logic-e2e000002" userPWD="S6o74oaEaZkj4fTWTXq8QKht3gn7lq87z1XGrMidyLZkhSQevgywfTdkfSZH"
        destinationAppUrl="http://logic-e2e000002.azurewebsites.net" SQLServerDBConnectionString=""
        mySQLDBConnectionString="" hostingProviderForumLink="" controlPanelLink="http://windows.azure.com"
        webSystem="WebSites"><databases /></publishProfile><publishProfile profileName="logic-e2e000002
        - Zip Deploy" publishMethod="ZipDeploy" publishUrl="logic-e2e000002.scm.azurewebsites.net:443"
        userName="$logic-e2e000002" userPWD="S6o74oaEaZkj4fTWTXq8QKht3gn7lq87z1XGrMidyLZkhSQevgywfTdkfSZH"
        destinationAppUrl="http://logic-e2e000002.azurewebsites.net" SQLServerDBConnectionString=""
        mySQLDBConnectionString="" hostingProviderForumLink="" controlPanelLink="http://windows.azure.com"
        webSystem="WebSites"><databases /></publishProfile></publishData>
    headers:
      cache-control:
      - no-cache
      content-length:
      - '1550'
      content-type:
      - application/xml
      date:
      - Mon, 20 Dec 2021 21:10:18 GMT
      expires:
      - '-1'
      pragma:
      - no-cache
      server:
      - Microsoft-IIS/10.0
      strict-transport-security:
      - max-age=31536000; includeSubDomains
      x-aspnet-version:
      - 4.0.30319
      x-content-type-options:
      - nosniff
      x-ms-ratelimit-remaining-subscription-resource-requests:
      - '11999'
      x-powered-by:
      - ASP.NET
    status:
      code: 200
      message: OK
- request:
    body: null
    headers:
      Accept:
      - application/json
      Accept-Encoding:
      - gzip, deflate
      CommandName:
      - logicapp list
      Connection:
      - keep-alive
      ParameterSetName:
      - -g
      User-Agent:
      - AZURECLI/2.31.0 azsdk-python-azure-mgmt-web/4.0.0 Python/3.8.6 (macOS-10.15.7-x86_64-i386-64bit)
    method: GET
    uri: https://management.azure.com/subscriptions/00000000-0000-0000-0000-000000000000/resourceGroups/clitest.rg000001/providers/Microsoft.Web/sites?api-version=2020-09-01
  response:
    body:
      string: '{"value":[{"id":"/subscriptions/00000000-0000-0000-0000-000000000000/resourceGroups/clitest.rg000001/providers/Microsoft.Web/sites/logic-e2e000002","name":"logic-e2e000002","type":"Microsoft.Web/sites","kind":"functionapp,workflowapp","location":"West
        US","properties":{"name":"logic-e2e000002","state":"Running","hostNames":["logic-e2e000002.azurewebsites.net"],"webSpace":"clitest.rg000001-WestUSwebspace","selfLink":"https://waws-prod-bay-183.api.azurewebsites.windows.net:454/subscriptions/00000000-0000-0000-0000-000000000000/webspaces/clitest.rg000001-WestUSwebspace/sites/logic-e2e000002","repositorySiteName":"logic-e2e000002","owner":null,"usageState":"Normal","enabled":true,"adminEnabled":true,"enabledHostNames":["logic-e2e000002.azurewebsites.net","logic-e2e000002.scm.azurewebsites.net"],"siteProperties":{"metadata":null,"properties":[{"name":"LinuxFxVersion","value":""},{"name":"WindowsFxVersion","value":null}],"appSettings":null},"availabilityState":"Normal","sslCertificates":null,"csrs":[],"cers":null,"siteMode":null,"hostNameSslStates":[{"name":"logic-e2e000002.azurewebsites.net","sslState":"Disabled","ipBasedSslResult":null,"virtualIP":null,"thumbprint":null,"toUpdate":null,"toUpdateIpBasedSsl":null,"ipBasedSslState":"NotConfigured","hostType":"Standard"},{"name":"logic-e2e000002.scm.azurewebsites.net","sslState":"Disabled","ipBasedSslResult":null,"virtualIP":null,"thumbprint":null,"toUpdate":null,"toUpdateIpBasedSsl":null,"ipBasedSslState":"NotConfigured","hostType":"Repository"}],"computeMode":null,"serverFarm":null,"serverFarmId":"/subscriptions/00000000-0000-0000-0000-000000000000/resourceGroups/clitest.rg000001/providers/Microsoft.Web/serverfarms/logic-e2e-plan000003","reserved":false,"isXenon":false,"hyperV":false,"lastModifiedTimeUtc":"2021-12-20T21:10:16.9466667","storageRecoveryDefaultState":"Running","contentAvailabilityState":"Normal","runtimeAvailabilityState":"Normal","siteConfig":{"numberOfWorkers":1,"defaultDocuments":null,"netFrameworkVersion":null,"phpVersion":null,"pythonVersion":null,"nodeVersion":null,"powerShellVersion":null,"linuxFxVersion":"","windowsFxVersion":null,"requestTracingEnabled":null,"remoteDebuggingEnabled":null,"remoteDebuggingVersion":null,"httpLoggingEnabled":null,"azureMonitorLogCategories":null,"acrUseManagedIdentityCreds":false,"acrUserManagedIdentityID":null,"logsDirectorySizeLimit":null,"detailedErrorLoggingEnabled":null,"publishingUsername":null,"publishingPassword":null,"appSettings":null,"metadata":null,"connectionStrings":null,"machineKey":null,"handlerMappings":null,"documentRoot":null,"scmType":null,"use32BitWorkerProcess":null,"webSocketsEnabled":null,"alwaysOn":false,"javaVersion":null,"javaContainer":null,"javaContainerVersion":null,"appCommandLine":null,"managedPipelineMode":null,"virtualApplications":null,"winAuthAdminState":null,"winAuthTenantState":null,"customAppPoolIdentityAdminState":null,"customAppPoolIdentityTenantState":null,"runtimeADUser":null,"runtimeADUserPassword":null,"loadBalancing":null,"routingRules":null,"experiments":null,"limits":null,"autoHealEnabled":null,"autoHealRules":null,"tracingOptions":null,"vnetName":null,"vnetRouteAllEnabled":null,"vnetPrivatePortsCount":null,"publicNetworkAccess":null,"cors":null,"push":null,"apiDefinition":null,"apiManagementConfig":null,"autoSwapSlotName":null,"localMySqlEnabled":null,"managedServiceIdentityId":null,"xManagedServiceIdentityId":null,"keyVaultReferenceIdentity":null,"ipSecurityRestrictions":null,"scmIpSecurityRestrictions":null,"scmIpSecurityRestrictionsUseMain":null,"http20Enabled":true,"minTlsVersion":null,"scmMinTlsVersion":null,"ftpsState":null,"preWarmedInstanceCount":null,"functionAppScaleLimit":0,"healthCheckPath":null,"fileChangeAuditEnabled":null,"functionsRuntimeScaleMonitoringEnabled":null,"websiteTimeZone":null,"minimumElasticInstanceCount":1,"azureStorageAccounts":null,"http20ProxyFlag":null,"sitePort":null,"antivirusScanEnabled":null},"deploymentId":"logic-e2e000002","slotName":null,"trafficManagerHostNames":null,"sku":"WorkflowStandard","scmSiteAlsoStopped":false,"targetSwapSlot":null,"hostingEnvironment":null,"hostingEnvironmentProfile":null,"clientAffinityEnabled":false,"clientCertEnabled":false,"clientCertMode":"Required","clientCertExclusionPaths":null,"hostNamesDisabled":false,"domainVerificationIdentifiers":null,"customDomainVerificationId":"333646C25EDA7C903C86F0F0D0193C412978B2E48FA0B4F1461D339FBBAE3EB7","kind":"functionapp,workflowapp","inboundIpAddress":"40.112.243.59","possibleInboundIpAddresses":"40.112.243.59","ftpUsername":"logic-e2e000002\\$logic-e2e000002","ftpsHostName":"ftps://waws-prod-bay-183.ftp.azurewebsites.windows.net/site/wwwroot","outboundIpAddresses":"104.209.35.73,23.99.94.29,104.209.39.62,104.209.32.196,104.209.32.219,104.209.33.74,40.112.243.59","possibleOutboundIpAddresses":"138.91.247.218,23.99.91.136,104.209.35.1,104.40.24.117,104.40.31.43,104.40.28.13,104.209.35.73,23.99.94.29,104.209.39.62,104.209.32.196,104.209.32.219,104.209.33.74,104.209.42.243,104.209.43.117,40.112.190.217,40.112.185.192,40.118.212.2,40.118.134.196,40.118.131.102,40.118.131.255,40.118.129.38,40.118.212.93,104.40.19.83,40.112.190.96,40.83.184.22,104.40.18.82,40.83.188.42,40.83.189.34,138.91.158.176,104.40.24.239,40.112.243.59","containerSize":1536,"dailyMemoryTimeQuota":0,"suspendedTill":null,"siteDisabledReason":0,"functionExecutionUnitsCache":null,"maxNumberOfWorkers":null,"homeStamp":"waws-prod-bay-183","cloningInfo":null,"hostingEnvironmentId":null,"tags":null,"resourceGroup":"clitest.rg000001","defaultHostName":"logic-e2e000002.azurewebsites.net","slotSwapStatus":null,"httpsOnly":false,"redundancyMode":"None","inProgressOperationId":null,"geoDistributions":null,"privateEndpointConnections":null,"buildVersion":null,"targetBuildVersion":null,"migrationState":null,"eligibleLogCategories":"FunctionAppLogs","storageAccountRequired":false,"virtualNetworkSubnetId":null,"keyVaultReferenceIdentity":"SystemAssigned"}}],"nextLink":null,"id":null}'
    headers:
      cache-control:
      - no-cache
      content-length:
      - '5997'
      content-type:
      - application/json
      date:
      - Mon, 20 Dec 2021 21:10:19 GMT
      expires:
      - '-1'
      pragma:
      - no-cache
      server:
      - Microsoft-IIS/10.0
      strict-transport-security:
      - max-age=31536000; includeSubDomains
      transfer-encoding:
      - chunked
      vary:
      - Accept-Encoding
      x-aspnet-version:
      - 4.0.30319
      x-content-type-options:
      - nosniff
      x-powered-by:
      - ASP.NET
    status:
      code: 200
      message: OK
- request:
    body: null
    headers:
      Accept:
      - application/json
      Accept-Encoding:
      - gzip, deflate
      CommandName:
      - logicapp restart
      Connection:
      - keep-alive
      Content-Length:
      - '0'
      ParameterSetName:
      - -g -n
      User-Agent:
      - AZURECLI/2.31.0 azsdk-python-azure-mgmt-web/4.0.0 Python/3.8.6 (macOS-10.15.7-x86_64-i386-64bit)
    method: POST
    uri: https://management.azure.com/subscriptions/00000000-0000-0000-0000-000000000000/resourceGroups/clitest.rg000001/providers/Microsoft.Web/sites/logic-e2e000002/restart?api-version=2020-09-01
  response:
    body:
      string: ''
    headers:
      cache-control:
      - no-cache
      content-length:
      - '0'
      date:
      - Mon, 20 Dec 2021 21:10:19 GMT
      expires:
      - '-1'
      pragma:
      - no-cache
      server:
      - Microsoft-IIS/10.0
      strict-transport-security:
      - max-age=31536000; includeSubDomains
      x-aspnet-version:
      - 4.0.30319
      x-content-type-options:
      - nosniff
      x-ms-ratelimit-remaining-subscription-writes:
      - '1199'
      x-powered-by:
      - ASP.NET
    status:
      code: 200
      message: OK
- request:
    body: null
    headers:
      Accept:
      - application/json
      Accept-Encoding:
      - gzip, deflate
      CommandName:
      - logicapp show
      Connection:
      - keep-alive
      ParameterSetName:
      - -g -n
      User-Agent:
      - AZURECLI/2.31.0 azsdk-python-azure-mgmt-web/4.0.0 Python/3.8.6 (macOS-10.15.7-x86_64-i386-64bit)
    method: GET
    uri: https://management.azure.com/subscriptions/00000000-0000-0000-0000-000000000000/resourceGroups/clitest.rg000001/providers/Microsoft.Web/sites/logic-e2e000002?api-version=2020-09-01
  response:
    body:
      string: '{"id":"/subscriptions/00000000-0000-0000-0000-000000000000/resourceGroups/clitest.rg000001/providers/Microsoft.Web/sites/logic-e2e000002","name":"logic-e2e000002","type":"Microsoft.Web/sites","kind":"functionapp,workflowapp","location":"West
        US","properties":{"name":"logic-e2e000002","state":"Running","hostNames":["logic-e2e000002.azurewebsites.net"],"webSpace":"clitest.rg000001-WestUSwebspace","selfLink":"https://waws-prod-bay-183.api.azurewebsites.windows.net:454/subscriptions/00000000-0000-0000-0000-000000000000/webspaces/clitest.rg000001-WestUSwebspace/sites/logic-e2e000002","repositorySiteName":"logic-e2e000002","owner":null,"usageState":"Normal","enabled":true,"adminEnabled":true,"enabledHostNames":["logic-e2e000002.azurewebsites.net","logic-e2e000002.scm.azurewebsites.net"],"siteProperties":{"metadata":null,"properties":[{"name":"LinuxFxVersion","value":""},{"name":"WindowsFxVersion","value":null}],"appSettings":null},"availabilityState":"Normal","sslCertificates":null,"csrs":[],"cers":null,"siteMode":null,"hostNameSslStates":[{"name":"logic-e2e000002.azurewebsites.net","sslState":"Disabled","ipBasedSslResult":null,"virtualIP":null,"thumbprint":null,"toUpdate":null,"toUpdateIpBasedSsl":null,"ipBasedSslState":"NotConfigured","hostType":"Standard"},{"name":"logic-e2e000002.scm.azurewebsites.net","sslState":"Disabled","ipBasedSslResult":null,"virtualIP":null,"thumbprint":null,"toUpdate":null,"toUpdateIpBasedSsl":null,"ipBasedSslState":"NotConfigured","hostType":"Repository"}],"computeMode":null,"serverFarm":null,"serverFarmId":"/subscriptions/00000000-0000-0000-0000-000000000000/resourceGroups/clitest.rg000001/providers/Microsoft.Web/serverfarms/logic-e2e-plan000003","reserved":false,"isXenon":false,"hyperV":false,"lastModifiedTimeUtc":"2021-12-20T21:10:20.14","storageRecoveryDefaultState":"Running","contentAvailabilityState":"Normal","runtimeAvailabilityState":"Normal","siteConfig":{"numberOfWorkers":1,"defaultDocuments":null,"netFrameworkVersion":null,"phpVersion":null,"pythonVersion":null,"nodeVersion":null,"powerShellVersion":null,"linuxFxVersion":"","windowsFxVersion":null,"requestTracingEnabled":null,"remoteDebuggingEnabled":null,"remoteDebuggingVersion":null,"httpLoggingEnabled":null,"azureMonitorLogCategories":null,"acrUseManagedIdentityCreds":false,"acrUserManagedIdentityID":null,"logsDirectorySizeLimit":null,"detailedErrorLoggingEnabled":null,"publishingUsername":null,"publishingPassword":null,"appSettings":null,"metadata":null,"connectionStrings":null,"machineKey":null,"handlerMappings":null,"documentRoot":null,"scmType":null,"use32BitWorkerProcess":null,"webSocketsEnabled":null,"alwaysOn":false,"javaVersion":null,"javaContainer":null,"javaContainerVersion":null,"appCommandLine":null,"managedPipelineMode":null,"virtualApplications":null,"winAuthAdminState":null,"winAuthTenantState":null,"customAppPoolIdentityAdminState":null,"customAppPoolIdentityTenantState":null,"runtimeADUser":null,"runtimeADUserPassword":null,"loadBalancing":null,"routingRules":null,"experiments":null,"limits":null,"autoHealEnabled":null,"autoHealRules":null,"tracingOptions":null,"vnetName":null,"vnetRouteAllEnabled":null,"vnetPrivatePortsCount":null,"publicNetworkAccess":null,"cors":null,"push":null,"apiDefinition":null,"apiManagementConfig":null,"autoSwapSlotName":null,"localMySqlEnabled":null,"managedServiceIdentityId":null,"xManagedServiceIdentityId":null,"keyVaultReferenceIdentity":null,"ipSecurityRestrictions":null,"scmIpSecurityRestrictions":null,"scmIpSecurityRestrictionsUseMain":null,"http20Enabled":true,"minTlsVersion":null,"scmMinTlsVersion":null,"ftpsState":null,"preWarmedInstanceCount":null,"functionAppScaleLimit":0,"healthCheckPath":null,"fileChangeAuditEnabled":null,"functionsRuntimeScaleMonitoringEnabled":null,"websiteTimeZone":null,"minimumElasticInstanceCount":1,"azureStorageAccounts":null,"http20ProxyFlag":null,"sitePort":null,"antivirusScanEnabled":null},"deploymentId":"logic-e2e000002","slotName":null,"trafficManagerHostNames":null,"sku":"WorkflowStandard","scmSiteAlsoStopped":false,"targetSwapSlot":null,"hostingEnvironment":null,"hostingEnvironmentProfile":null,"clientAffinityEnabled":false,"clientCertEnabled":false,"clientCertMode":"Required","clientCertExclusionPaths":null,"hostNamesDisabled":false,"domainVerificationIdentifiers":null,"customDomainVerificationId":"333646C25EDA7C903C86F0F0D0193C412978B2E48FA0B4F1461D339FBBAE3EB7","kind":"functionapp,workflowapp","inboundIpAddress":"40.112.243.59","possibleInboundIpAddresses":"40.112.243.59","ftpUsername":"logic-e2e000002\\$logic-e2e000002","ftpsHostName":"ftps://waws-prod-bay-183.ftp.azurewebsites.windows.net/site/wwwroot","outboundIpAddresses":"104.209.35.73,23.99.94.29,104.209.39.62,104.209.32.196,104.209.32.219,104.209.33.74,40.112.243.59","possibleOutboundIpAddresses":"138.91.247.218,23.99.91.136,104.209.35.1,104.40.24.117,104.40.31.43,104.40.28.13,104.209.35.73,23.99.94.29,104.209.39.62,104.209.32.196,104.209.32.219,104.209.33.74,104.209.42.243,104.209.43.117,40.112.190.217,40.112.185.192,40.118.212.2,40.118.134.196,40.118.131.102,40.118.131.255,40.118.129.38,40.118.212.93,104.40.19.83,40.112.190.96,40.83.184.22,104.40.18.82,40.83.188.42,40.83.189.34,138.91.158.176,104.40.24.239,40.112.243.59","containerSize":1536,"dailyMemoryTimeQuota":0,"suspendedTill":null,"siteDisabledReason":0,"functionExecutionUnitsCache":null,"maxNumberOfWorkers":null,"homeStamp":"waws-prod-bay-183","cloningInfo":null,"hostingEnvironmentId":null,"tags":null,"resourceGroup":"clitest.rg000001","defaultHostName":"logic-e2e000002.azurewebsites.net","slotSwapStatus":null,"httpsOnly":false,"redundancyMode":"None","inProgressOperationId":null,"geoDistributions":null,"privateEndpointConnections":[],"buildVersion":null,"targetBuildVersion":null,"migrationState":null,"eligibleLogCategories":"FunctionAppLogs","storageAccountRequired":false,"virtualNetworkSubnetId":null,"keyVaultReferenceIdentity":"SystemAssigned"}}'
    headers:
      cache-control:
      - no-cache
      content-length:
      - '5952'
      content-type:
      - application/json
      date:
      - Mon, 20 Dec 2021 21:10:20 GMT
      etag:
      - '"1D7F5E5FEC5A2C0"'
      expires:
      - '-1'
      pragma:
      - no-cache
      server:
      - Microsoft-IIS/10.0
      strict-transport-security:
      - max-age=31536000; includeSubDomains
      transfer-encoding:
      - chunked
      vary:
      - Accept-Encoding
      x-aspnet-version:
      - 4.0.30319
      x-content-type-options:
      - nosniff
      x-powered-by:
      - ASP.NET
    status:
      code: 200
      message: OK
- request:
    body: null
    headers:
      Accept:
      - application/json
      Accept-Encoding:
      - gzip, deflate
      CommandName:
      - logicapp show
      Connection:
      - keep-alive
      ParameterSetName:
      - -g -n
      User-Agent:
      - AZURECLI/2.31.0 azsdk-python-azure-mgmt-web/4.0.0 Python/3.8.6 (macOS-10.15.7-x86_64-i386-64bit)
    method: GET
    uri: https://management.azure.com/subscriptions/00000000-0000-0000-0000-000000000000/resourceGroups/clitest.rg000001/providers/Microsoft.Web/sites/logic-e2e000002/config/web?api-version=2021-01-15
  response:
    body:
      string: '{"id":"/subscriptions/00000000-0000-0000-0000-000000000000/resourceGroups/clitest.rg000001/providers/Microsoft.Web/sites/logic-e2e000002/config/web","name":"logic-e2e000002","type":"Microsoft.Web/sites/config","location":"West
        US","properties":{"numberOfWorkers":1,"defaultDocuments":["Default.htm","Default.html","Default.asp","index.htm","index.html","iisstart.htm","default.aspx","index.php"],"netFrameworkVersion":"v4.0","phpVersion":"5.6","pythonVersion":"","nodeVersion":"","powerShellVersion":"","linuxFxVersion":"","windowsFxVersion":null,"requestTracingEnabled":false,"remoteDebuggingEnabled":false,"remoteDebuggingVersion":null,"httpLoggingEnabled":false,"azureMonitorLogCategories":null,"acrUseManagedIdentityCreds":false,"acrUserManagedIdentityID":null,"logsDirectorySizeLimit":35,"detailedErrorLoggingEnabled":false,"publishingUsername":"$logic-e2e000002","publishingPassword":null,"appSettings":null,"metadata":null,"connectionStrings":null,"machineKey":null,"handlerMappings":null,"documentRoot":null,"scmType":"None","use32BitWorkerProcess":true,"webSocketsEnabled":false,"alwaysOn":false,"javaVersion":null,"javaContainer":null,"javaContainerVersion":null,"appCommandLine":"","managedPipelineMode":"Integrated","virtualApplications":[{"virtualPath":"/","physicalPath":"site\\wwwroot","preloadEnabled":false,"virtualDirectories":null}],"winAuthAdminState":0,"winAuthTenantState":0,"customAppPoolIdentityAdminState":false,"customAppPoolIdentityTenantState":false,"runtimeADUser":null,"runtimeADUserPassword":null,"loadBalancing":"LeastRequests","routingRules":[],"experiments":{"rampUpRules":[]},"limits":null,"autoHealEnabled":false,"autoHealRules":null,"tracingOptions":null,"vnetName":"","vnetRouteAllEnabled":false,"vnetPrivatePortsCount":0,"publicNetworkAccess":null,"siteAuthEnabled":false,"siteAuthSettings":{"enabled":null,"unauthenticatedClientAction":null,"tokenStoreEnabled":null,"allowedExternalRedirectUrls":null,"defaultProvider":null,"clientId":null,"clientSecret":null,"clientSecretSettingName":null,"clientSecretCertificateThumbprint":null,"issuer":null,"allowedAudiences":null,"additionalLoginParams":null,"isAadAutoProvisioned":false,"aadClaimsAuthorization":null,"googleClientId":null,"googleClientSecret":null,"googleClientSecretSettingName":null,"googleOAuthScopes":null,"facebookAppId":null,"facebookAppSecret":null,"facebookAppSecretSettingName":null,"facebookOAuthScopes":null,"gitHubClientId":null,"gitHubClientSecret":null,"gitHubClientSecretSettingName":null,"gitHubOAuthScopes":null,"twitterConsumerKey":null,"twitterConsumerSecret":null,"twitterConsumerSecretSettingName":null,"microsoftAccountClientId":null,"microsoftAccountClientSecret":null,"microsoftAccountClientSecretSettingName":null,"microsoftAccountOAuthScopes":null,"configVersion":null},"cors":null,"push":null,"apiDefinition":null,"apiManagementConfig":null,"autoSwapSlotName":null,"localMySqlEnabled":false,"managedServiceIdentityId":null,"xManagedServiceIdentityId":null,"keyVaultReferenceIdentity":null,"ipSecurityRestrictions":[{"ipAddress":"Any","action":"Allow","priority":1,"name":"Allow
        all","description":"Allow all access"}],"scmIpSecurityRestrictions":[{"ipAddress":"Any","action":"Allow","priority":1,"name":"Allow
        all","description":"Allow all access"}],"scmIpSecurityRestrictionsUseMain":false,"http20Enabled":true,"minTlsVersion":"1.2","scmMinTlsVersion":"1.0","ftpsState":"AllAllowed","preWarmedInstanceCount":1,"functionAppScaleLimit":0,"healthCheckPath":null,"fileChangeAuditEnabled":false,"functionsRuntimeScaleMonitoringEnabled":false,"websiteTimeZone":null,"minimumElasticInstanceCount":1,"azureStorageAccounts":{},"http20ProxyFlag":0,"sitePort":null,"antivirusScanEnabled":false}}'
    headers:
      cache-control:
      - no-cache
      content-length:
      - '3710'
      content-type:
      - application/json
      date:
      - Mon, 20 Dec 2021 21:10:21 GMT
      expires:
      - '-1'
      pragma:
      - no-cache
      server:
      - Microsoft-IIS/10.0
      strict-transport-security:
      - max-age=31536000; includeSubDomains
      transfer-encoding:
      - chunked
      vary:
      - Accept-Encoding
      x-aspnet-version:
      - 4.0.30319
      x-content-type-options:
      - nosniff
      x-powered-by:
      - ASP.NET
    status:
      code: 200
      message: OK
- request:
    body: '{"format": "WebDeploy"}'
    headers:
      Accept:
      - application/xml
      Accept-Encoding:
      - gzip, deflate
      CommandName:
      - logicapp show
      Connection:
      - keep-alive
      Content-Length:
      - '23'
      Content-Type:
      - application/json
      ParameterSetName:
      - -g -n
      User-Agent:
      - AZURECLI/2.31.0 azsdk-python-azure-mgmt-web/4.0.0 Python/3.8.6 (macOS-10.15.7-x86_64-i386-64bit)
    method: POST
    uri: https://management.azure.com/subscriptions/00000000-0000-0000-0000-000000000000/resourceGroups/clitest.rg000001/providers/Microsoft.Web/sites/logic-e2e000002/publishxml?api-version=2020-09-01
  response:
    body:
      string: <publishData><publishProfile profileName="logic-e2e000002 - Web Deploy"
        publishMethod="MSDeploy" publishUrl="logic-e2e000002.scm.azurewebsites.net:443"
        msdeploySite="logic-e2e000002" userName="$logic-e2e000002" userPWD="S6o74oaEaZkj4fTWTXq8QKht3gn7lq87z1XGrMidyLZkhSQevgywfTdkfSZH"
        destinationAppUrl="http://logic-e2e000002.azurewebsites.net" SQLServerDBConnectionString=""
        mySQLDBConnectionString="" hostingProviderForumLink="" controlPanelLink="http://windows.azure.com"
        webSystem="WebSites"><databases /></publishProfile><publishProfile profileName="logic-e2e000002
        - FTP" publishMethod="FTP" publishUrl="ftp://waws-prod-bay-183.ftp.azurewebsites.windows.net/site/wwwroot"
        ftpPassiveMode="True" userName="logic-e2e000002\$logic-e2e000002" userPWD="S6o74oaEaZkj4fTWTXq8QKht3gn7lq87z1XGrMidyLZkhSQevgywfTdkfSZH"
        destinationAppUrl="http://logic-e2e000002.azurewebsites.net" SQLServerDBConnectionString=""
        mySQLDBConnectionString="" hostingProviderForumLink="" controlPanelLink="http://windows.azure.com"
        webSystem="WebSites"><databases /></publishProfile><publishProfile profileName="logic-e2e000002
        - Zip Deploy" publishMethod="ZipDeploy" publishUrl="logic-e2e000002.scm.azurewebsites.net:443"
        userName="$logic-e2e000002" userPWD="S6o74oaEaZkj4fTWTXq8QKht3gn7lq87z1XGrMidyLZkhSQevgywfTdkfSZH"
        destinationAppUrl="http://logic-e2e000002.azurewebsites.net" SQLServerDBConnectionString=""
        mySQLDBConnectionString="" hostingProviderForumLink="" controlPanelLink="http://windows.azure.com"
        webSystem="WebSites"><databases /></publishProfile></publishData>
    headers:
      cache-control:
      - no-cache
      content-length:
      - '1550'
      content-type:
      - application/xml
      date:
      - Mon, 20 Dec 2021 21:10:22 GMT
      expires:
      - '-1'
      pragma:
      - no-cache
      server:
      - Microsoft-IIS/10.0
      strict-transport-security:
      - max-age=31536000; includeSubDomains
      x-aspnet-version:
      - 4.0.30319
      x-content-type-options:
      - nosniff
      x-ms-ratelimit-remaining-subscription-resource-requests:
      - '11999'
      x-powered-by:
      - ASP.NET
    status:
      code: 200
      message: OK
- request:
    body: null
    headers:
      Accept:
      - application/json
      Accept-Encoding:
      - gzip, deflate
      CommandName:
      - logicapp stop
      Connection:
      - keep-alive
      Content-Length:
      - '0'
      ParameterSetName:
      - -g -n
      User-Agent:
      - AZURECLI/2.31.0 azsdk-python-azure-mgmt-web/4.0.0 Python/3.8.6 (macOS-10.15.7-x86_64-i386-64bit)
    method: POST
    uri: https://management.azure.com/subscriptions/00000000-0000-0000-0000-000000000000/resourceGroups/clitest.rg000001/providers/Microsoft.Web/sites/logic-e2e000002/stop?api-version=2020-09-01
  response:
    body:
      string: ''
    headers:
      cache-control:
      - no-cache
      content-length:
      - '0'
      date:
      - Mon, 20 Dec 2021 21:10:22 GMT
      etag:
      - '"1D7F5E600C0BC75"'
      expires:
      - '-1'
      pragma:
      - no-cache
      server:
      - Microsoft-IIS/10.0
      strict-transport-security:
      - max-age=31536000; includeSubDomains
      x-aspnet-version:
      - 4.0.30319
      x-content-type-options:
      - nosniff
      x-ms-ratelimit-remaining-subscription-writes:
      - '1199'
      x-powered-by:
      - ASP.NET
    status:
      code: 200
      message: OK
- request:
    body: null
    headers:
      Accept:
      - application/json
      Accept-Encoding:
      - gzip, deflate
      CommandName:
      - logicapp show
      Connection:
      - keep-alive
      ParameterSetName:
      - -g -n
      User-Agent:
      - AZURECLI/2.31.0 azsdk-python-azure-mgmt-web/4.0.0 Python/3.8.6 (macOS-10.15.7-x86_64-i386-64bit)
    method: GET
    uri: https://management.azure.com/subscriptions/00000000-0000-0000-0000-000000000000/resourceGroups/clitest.rg000001/providers/Microsoft.Web/sites/logic-e2e000002?api-version=2020-09-01
  response:
    body:
      string: '{"id":"/subscriptions/00000000-0000-0000-0000-000000000000/resourceGroups/clitest.rg000001/providers/Microsoft.Web/sites/logic-e2e000002","name":"logic-e2e000002","type":"Microsoft.Web/sites","kind":"functionapp,workflowapp","location":"West
        US","properties":{"name":"logic-e2e000002","state":"Stopped","hostNames":["logic-e2e000002.azurewebsites.net"],"webSpace":"clitest.rg000001-WestUSwebspace","selfLink":"https://waws-prod-bay-183.api.azurewebsites.windows.net:454/subscriptions/00000000-0000-0000-0000-000000000000/webspaces/clitest.rg000001-WestUSwebspace/sites/logic-e2e000002","repositorySiteName":"logic-e2e000002","owner":null,"usageState":"Normal","enabled":true,"adminEnabled":true,"enabledHostNames":["logic-e2e000002.azurewebsites.net","logic-e2e000002.scm.azurewebsites.net"],"siteProperties":{"metadata":null,"properties":[{"name":"LinuxFxVersion","value":""},{"name":"WindowsFxVersion","value":null}],"appSettings":null},"availabilityState":"Normal","sslCertificates":null,"csrs":[],"cers":null,"siteMode":null,"hostNameSslStates":[{"name":"logic-e2e000002.azurewebsites.net","sslState":"Disabled","ipBasedSslResult":null,"virtualIP":null,"thumbprint":null,"toUpdate":null,"toUpdateIpBasedSsl":null,"ipBasedSslState":"NotConfigured","hostType":"Standard"},{"name":"logic-e2e000002.scm.azurewebsites.net","sslState":"Disabled","ipBasedSslResult":null,"virtualIP":null,"thumbprint":null,"toUpdate":null,"toUpdateIpBasedSsl":null,"ipBasedSslState":"NotConfigured","hostType":"Repository"}],"computeMode":null,"serverFarm":null,"serverFarmId":"/subscriptions/00000000-0000-0000-0000-000000000000/resourceGroups/clitest.rg000001/providers/Microsoft.Web/serverfarms/logic-e2e-plan000003","reserved":false,"isXenon":false,"hyperV":false,"lastModifiedTimeUtc":"2021-12-20T21:10:23.4633333","storageRecoveryDefaultState":"Running","contentAvailabilityState":"Normal","runtimeAvailabilityState":"Normal","siteConfig":{"numberOfWorkers":1,"defaultDocuments":null,"netFrameworkVersion":null,"phpVersion":null,"pythonVersion":null,"nodeVersion":null,"powerShellVersion":null,"linuxFxVersion":"","windowsFxVersion":null,"requestTracingEnabled":null,"remoteDebuggingEnabled":null,"remoteDebuggingVersion":null,"httpLoggingEnabled":null,"azureMonitorLogCategories":null,"acrUseManagedIdentityCreds":false,"acrUserManagedIdentityID":null,"logsDirectorySizeLimit":null,"detailedErrorLoggingEnabled":null,"publishingUsername":null,"publishingPassword":null,"appSettings":null,"metadata":null,"connectionStrings":null,"machineKey":null,"handlerMappings":null,"documentRoot":null,"scmType":null,"use32BitWorkerProcess":null,"webSocketsEnabled":null,"alwaysOn":false,"javaVersion":null,"javaContainer":null,"javaContainerVersion":null,"appCommandLine":null,"managedPipelineMode":null,"virtualApplications":null,"winAuthAdminState":null,"winAuthTenantState":null,"customAppPoolIdentityAdminState":null,"customAppPoolIdentityTenantState":null,"runtimeADUser":null,"runtimeADUserPassword":null,"loadBalancing":null,"routingRules":null,"experiments":null,"limits":null,"autoHealEnabled":null,"autoHealRules":null,"tracingOptions":null,"vnetName":null,"vnetRouteAllEnabled":null,"vnetPrivatePortsCount":null,"publicNetworkAccess":null,"cors":null,"push":null,"apiDefinition":null,"apiManagementConfig":null,"autoSwapSlotName":null,"localMySqlEnabled":null,"managedServiceIdentityId":null,"xManagedServiceIdentityId":null,"keyVaultReferenceIdentity":null,"ipSecurityRestrictions":null,"scmIpSecurityRestrictions":null,"scmIpSecurityRestrictionsUseMain":null,"http20Enabled":true,"minTlsVersion":null,"scmMinTlsVersion":null,"ftpsState":null,"preWarmedInstanceCount":null,"functionAppScaleLimit":0,"healthCheckPath":null,"fileChangeAuditEnabled":null,"functionsRuntimeScaleMonitoringEnabled":null,"websiteTimeZone":null,"minimumElasticInstanceCount":1,"azureStorageAccounts":null,"http20ProxyFlag":null,"sitePort":null,"antivirusScanEnabled":null},"deploymentId":"logic-e2e000002","slotName":null,"trafficManagerHostNames":null,"sku":"WorkflowStandard","scmSiteAlsoStopped":false,"targetSwapSlot":null,"hostingEnvironment":null,"hostingEnvironmentProfile":null,"clientAffinityEnabled":false,"clientCertEnabled":false,"clientCertMode":"Required","clientCertExclusionPaths":null,"hostNamesDisabled":false,"domainVerificationIdentifiers":null,"customDomainVerificationId":"333646C25EDA7C903C86F0F0D0193C412978B2E48FA0B4F1461D339FBBAE3EB7","kind":"functionapp,workflowapp","inboundIpAddress":"40.112.243.59","possibleInboundIpAddresses":"40.112.243.59","ftpUsername":"logic-e2e000002\\$logic-e2e000002","ftpsHostName":"ftps://waws-prod-bay-183.ftp.azurewebsites.windows.net/site/wwwroot","outboundIpAddresses":"104.209.35.73,23.99.94.29,104.209.39.62,104.209.32.196,104.209.32.219,104.209.33.74,40.112.243.59","possibleOutboundIpAddresses":"138.91.247.218,23.99.91.136,104.209.35.1,104.40.24.117,104.40.31.43,104.40.28.13,104.209.35.73,23.99.94.29,104.209.39.62,104.209.32.196,104.209.32.219,104.209.33.74,104.209.42.243,104.209.43.117,40.112.190.217,40.112.185.192,40.118.212.2,40.118.134.196,40.118.131.102,40.118.131.255,40.118.129.38,40.118.212.93,104.40.19.83,40.112.190.96,40.83.184.22,104.40.18.82,40.83.188.42,40.83.189.34,138.91.158.176,104.40.24.239,40.112.243.59","containerSize":1536,"dailyMemoryTimeQuota":0,"suspendedTill":null,"siteDisabledReason":0,"functionExecutionUnitsCache":null,"maxNumberOfWorkers":null,"homeStamp":"waws-prod-bay-183","cloningInfo":null,"hostingEnvironmentId":null,"tags":null,"resourceGroup":"clitest.rg000001","defaultHostName":"logic-e2e000002.azurewebsites.net","slotSwapStatus":null,"httpsOnly":false,"redundancyMode":"None","inProgressOperationId":null,"geoDistributions":null,"privateEndpointConnections":[],"buildVersion":null,"targetBuildVersion":null,"migrationState":null,"eligibleLogCategories":"FunctionAppLogs","storageAccountRequired":false,"virtualNetworkSubnetId":null,"keyVaultReferenceIdentity":"SystemAssigned"}}'
    headers:
      cache-control:
      - no-cache
      content-length:
      - '5957'
      content-type:
      - application/json
      date:
      - Mon, 20 Dec 2021 21:10:24 GMT
      etag:
      - '"1D7F5E600C0BC75"'
      expires:
      - '-1'
      pragma:
      - no-cache
      server:
      - Microsoft-IIS/10.0
      strict-transport-security:
      - max-age=31536000; includeSubDomains
      transfer-encoding:
      - chunked
      vary:
      - Accept-Encoding
      x-aspnet-version:
      - 4.0.30319
      x-content-type-options:
      - nosniff
      x-powered-by:
      - ASP.NET
    status:
      code: 200
      message: OK
- request:
    body: null
    headers:
      Accept:
      - application/json
      Accept-Encoding:
      - gzip, deflate
      CommandName:
      - logicapp show
      Connection:
      - keep-alive
      ParameterSetName:
      - -g -n
      User-Agent:
      - AZURECLI/2.31.0 azsdk-python-azure-mgmt-web/4.0.0 Python/3.8.6 (macOS-10.15.7-x86_64-i386-64bit)
    method: GET
    uri: https://management.azure.com/subscriptions/00000000-0000-0000-0000-000000000000/resourceGroups/clitest.rg000001/providers/Microsoft.Web/sites/logic-e2e000002/config/web?api-version=2021-01-15
  response:
    body:
      string: '{"id":"/subscriptions/00000000-0000-0000-0000-000000000000/resourceGroups/clitest.rg000001/providers/Microsoft.Web/sites/logic-e2e000002/config/web","name":"logic-e2e000002","type":"Microsoft.Web/sites/config","location":"West
        US","properties":{"numberOfWorkers":1,"defaultDocuments":["Default.htm","Default.html","Default.asp","index.htm","index.html","iisstart.htm","default.aspx","index.php"],"netFrameworkVersion":"v4.0","phpVersion":"5.6","pythonVersion":"","nodeVersion":"","powerShellVersion":"","linuxFxVersion":"","windowsFxVersion":null,"requestTracingEnabled":false,"remoteDebuggingEnabled":false,"remoteDebuggingVersion":null,"httpLoggingEnabled":false,"azureMonitorLogCategories":null,"acrUseManagedIdentityCreds":false,"acrUserManagedIdentityID":null,"logsDirectorySizeLimit":35,"detailedErrorLoggingEnabled":false,"publishingUsername":"$logic-e2e000002","publishingPassword":null,"appSettings":null,"metadata":null,"connectionStrings":null,"machineKey":null,"handlerMappings":null,"documentRoot":null,"scmType":"None","use32BitWorkerProcess":true,"webSocketsEnabled":false,"alwaysOn":false,"javaVersion":null,"javaContainer":null,"javaContainerVersion":null,"appCommandLine":"","managedPipelineMode":"Integrated","virtualApplications":[{"virtualPath":"/","physicalPath":"site\\wwwroot","preloadEnabled":false,"virtualDirectories":null}],"winAuthAdminState":0,"winAuthTenantState":0,"customAppPoolIdentityAdminState":false,"customAppPoolIdentityTenantState":false,"runtimeADUser":null,"runtimeADUserPassword":null,"loadBalancing":"LeastRequests","routingRules":[],"experiments":{"rampUpRules":[]},"limits":null,"autoHealEnabled":false,"autoHealRules":null,"tracingOptions":null,"vnetName":"","vnetRouteAllEnabled":false,"vnetPrivatePortsCount":0,"publicNetworkAccess":null,"siteAuthEnabled":false,"siteAuthSettings":{"enabled":null,"unauthenticatedClientAction":null,"tokenStoreEnabled":null,"allowedExternalRedirectUrls":null,"defaultProvider":null,"clientId":null,"clientSecret":null,"clientSecretSettingName":null,"clientSecretCertificateThumbprint":null,"issuer":null,"allowedAudiences":null,"additionalLoginParams":null,"isAadAutoProvisioned":false,"aadClaimsAuthorization":null,"googleClientId":null,"googleClientSecret":null,"googleClientSecretSettingName":null,"googleOAuthScopes":null,"facebookAppId":null,"facebookAppSecret":null,"facebookAppSecretSettingName":null,"facebookOAuthScopes":null,"gitHubClientId":null,"gitHubClientSecret":null,"gitHubClientSecretSettingName":null,"gitHubOAuthScopes":null,"twitterConsumerKey":null,"twitterConsumerSecret":null,"twitterConsumerSecretSettingName":null,"microsoftAccountClientId":null,"microsoftAccountClientSecret":null,"microsoftAccountClientSecretSettingName":null,"microsoftAccountOAuthScopes":null,"configVersion":null},"cors":null,"push":null,"apiDefinition":null,"apiManagementConfig":null,"autoSwapSlotName":null,"localMySqlEnabled":false,"managedServiceIdentityId":null,"xManagedServiceIdentityId":null,"keyVaultReferenceIdentity":null,"ipSecurityRestrictions":[{"ipAddress":"Any","action":"Allow","priority":1,"name":"Allow
        all","description":"Allow all access"}],"scmIpSecurityRestrictions":[{"ipAddress":"Any","action":"Allow","priority":1,"name":"Allow
        all","description":"Allow all access"}],"scmIpSecurityRestrictionsUseMain":false,"http20Enabled":true,"minTlsVersion":"1.2","scmMinTlsVersion":"1.0","ftpsState":"AllAllowed","preWarmedInstanceCount":1,"functionAppScaleLimit":0,"healthCheckPath":null,"fileChangeAuditEnabled":false,"functionsRuntimeScaleMonitoringEnabled":false,"websiteTimeZone":null,"minimumElasticInstanceCount":1,"azureStorageAccounts":{},"http20ProxyFlag":0,"sitePort":null,"antivirusScanEnabled":false}}'
    headers:
      cache-control:
      - no-cache
      content-length:
      - '3710'
      content-type:
      - application/json
      date:
      - Mon, 20 Dec 2021 21:10:25 GMT
      expires:
      - '-1'
      pragma:
      - no-cache
      server:
      - Microsoft-IIS/10.0
      strict-transport-security:
      - max-age=31536000; includeSubDomains
      transfer-encoding:
      - chunked
      vary:
      - Accept-Encoding
      x-aspnet-version:
      - 4.0.30319
      x-content-type-options:
      - nosniff
      x-powered-by:
      - ASP.NET
    status:
      code: 200
      message: OK
- request:
    body: '{"format": "WebDeploy"}'
    headers:
      Accept:
      - application/xml
      Accept-Encoding:
      - gzip, deflate
      CommandName:
      - logicapp show
      Connection:
      - keep-alive
      Content-Length:
      - '23'
      Content-Type:
      - application/json
      ParameterSetName:
      - -g -n
      User-Agent:
      - AZURECLI/2.31.0 azsdk-python-azure-mgmt-web/4.0.0 Python/3.8.6 (macOS-10.15.7-x86_64-i386-64bit)
    method: POST
    uri: https://management.azure.com/subscriptions/00000000-0000-0000-0000-000000000000/resourceGroups/clitest.rg000001/providers/Microsoft.Web/sites/logic-e2e000002/publishxml?api-version=2020-09-01
  response:
    body:
      string: <publishData><publishProfile profileName="logic-e2e000002 - Web Deploy"
        publishMethod="MSDeploy" publishUrl="logic-e2e000002.scm.azurewebsites.net:443"
        msdeploySite="logic-e2e000002" userName="$logic-e2e000002" userPWD="S6o74oaEaZkj4fTWTXq8QKht3gn7lq87z1XGrMidyLZkhSQevgywfTdkfSZH"
        destinationAppUrl="http://logic-e2e000002.azurewebsites.net" SQLServerDBConnectionString=""
        mySQLDBConnectionString="" hostingProviderForumLink="" controlPanelLink="http://windows.azure.com"
        webSystem="WebSites"><databases /></publishProfile><publishProfile profileName="logic-e2e000002
        - FTP" publishMethod="FTP" publishUrl="ftp://waws-prod-bay-183.ftp.azurewebsites.windows.net/site/wwwroot"
        ftpPassiveMode="True" userName="logic-e2e000002\$logic-e2e000002" userPWD="S6o74oaEaZkj4fTWTXq8QKht3gn7lq87z1XGrMidyLZkhSQevgywfTdkfSZH"
        destinationAppUrl="http://logic-e2e000002.azurewebsites.net" SQLServerDBConnectionString=""
        mySQLDBConnectionString="" hostingProviderForumLink="" controlPanelLink="http://windows.azure.com"
        webSystem="WebSites"><databases /></publishProfile><publishProfile profileName="logic-e2e000002
        - Zip Deploy" publishMethod="ZipDeploy" publishUrl="logic-e2e000002.scm.azurewebsites.net:443"
        userName="$logic-e2e000002" userPWD="S6o74oaEaZkj4fTWTXq8QKht3gn7lq87z1XGrMidyLZkhSQevgywfTdkfSZH"
        destinationAppUrl="http://logic-e2e000002.azurewebsites.net" SQLServerDBConnectionString=""
        mySQLDBConnectionString="" hostingProviderForumLink="" controlPanelLink="http://windows.azure.com"
        webSystem="WebSites"><databases /></publishProfile></publishData>
    headers:
      cache-control:
      - no-cache
      content-length:
      - '1550'
      content-type:
      - application/xml
      date:
      - Mon, 20 Dec 2021 21:10:25 GMT
      expires:
      - '-1'
      pragma:
      - no-cache
      server:
      - Microsoft-IIS/10.0
      strict-transport-security:
      - max-age=31536000; includeSubDomains
      x-aspnet-version:
      - 4.0.30319
      x-content-type-options:
      - nosniff
      x-ms-ratelimit-remaining-subscription-resource-requests:
      - '11999'
      x-powered-by:
      - ASP.NET
    status:
      code: 200
      message: OK
- request:
    body: null
    headers:
      Accept:
      - application/json
      Accept-Encoding:
      - gzip, deflate
      CommandName:
      - logicapp stop
      Connection:
      - keep-alive
      Content-Length:
      - '0'
      ParameterSetName:
      - -g -n
      User-Agent:
      - AZURECLI/2.31.0 azsdk-python-azure-mgmt-web/4.0.0 Python/3.8.6 (macOS-10.15.7-x86_64-i386-64bit)
    method: POST
    uri: https://management.azure.com/subscriptions/00000000-0000-0000-0000-000000000000/resourceGroups/clitest.rg000001/providers/Microsoft.Web/sites/logic-e2e000002/stop?api-version=2020-09-01
  response:
    body:
      string: ''
    headers:
      cache-control:
      - no-cache
      content-length:
      - '0'
      date:
      - Mon, 20 Dec 2021 21:10:26 GMT
      etag:
      - '"1D7F5E600C0BC75"'
      expires:
      - '-1'
      pragma:
      - no-cache
      server:
      - Microsoft-IIS/10.0
      strict-transport-security:
      - max-age=31536000; includeSubDomains
      x-aspnet-version:
      - 4.0.30319
      x-content-type-options:
      - nosniff
      x-ms-ratelimit-remaining-subscription-writes:
      - '1199'
      x-powered-by:
      - ASP.NET
    status:
      code: 200
      message: OK
- request:
    body: null
    headers:
      Accept:
      - application/json
      Accept-Encoding:
      - gzip, deflate
      CommandName:
      - logicapp show
      Connection:
      - keep-alive
      ParameterSetName:
      - -g -n
      User-Agent:
      - AZURECLI/2.31.0 azsdk-python-azure-mgmt-web/4.0.0 Python/3.8.6 (macOS-10.15.7-x86_64-i386-64bit)
    method: GET
    uri: https://management.azure.com/subscriptions/00000000-0000-0000-0000-000000000000/resourceGroups/clitest.rg000001/providers/Microsoft.Web/sites/logic-e2e000002?api-version=2020-09-01
  response:
    body:
      string: '{"id":"/subscriptions/00000000-0000-0000-0000-000000000000/resourceGroups/clitest.rg000001/providers/Microsoft.Web/sites/logic-e2e000002","name":"logic-e2e000002","type":"Microsoft.Web/sites","kind":"functionapp,workflowapp","location":"West
        US","properties":{"name":"logic-e2e000002","state":"Stopped","hostNames":["logic-e2e000002.azurewebsites.net"],"webSpace":"clitest.rg000001-WestUSwebspace","selfLink":"https://waws-prod-bay-183.api.azurewebsites.windows.net:454/subscriptions/00000000-0000-0000-0000-000000000000/webspaces/clitest.rg000001-WestUSwebspace/sites/logic-e2e000002","repositorySiteName":"logic-e2e000002","owner":null,"usageState":"Normal","enabled":true,"adminEnabled":true,"enabledHostNames":["logic-e2e000002.azurewebsites.net","logic-e2e000002.scm.azurewebsites.net"],"siteProperties":{"metadata":null,"properties":[{"name":"LinuxFxVersion","value":""},{"name":"WindowsFxVersion","value":null}],"appSettings":null},"availabilityState":"Normal","sslCertificates":null,"csrs":[],"cers":null,"siteMode":null,"hostNameSslStates":[{"name":"logic-e2e000002.azurewebsites.net","sslState":"Disabled","ipBasedSslResult":null,"virtualIP":null,"thumbprint":null,"toUpdate":null,"toUpdateIpBasedSsl":null,"ipBasedSslState":"NotConfigured","hostType":"Standard"},{"name":"logic-e2e000002.scm.azurewebsites.net","sslState":"Disabled","ipBasedSslResult":null,"virtualIP":null,"thumbprint":null,"toUpdate":null,"toUpdateIpBasedSsl":null,"ipBasedSslState":"NotConfigured","hostType":"Repository"}],"computeMode":null,"serverFarm":null,"serverFarmId":"/subscriptions/00000000-0000-0000-0000-000000000000/resourceGroups/clitest.rg000001/providers/Microsoft.Web/serverfarms/logic-e2e-plan000003","reserved":false,"isXenon":false,"hyperV":false,"lastModifiedTimeUtc":"2021-12-20T21:10:23.4633333","storageRecoveryDefaultState":"Running","contentAvailabilityState":"Normal","runtimeAvailabilityState":"Normal","siteConfig":{"numberOfWorkers":1,"defaultDocuments":null,"netFrameworkVersion":null,"phpVersion":null,"pythonVersion":null,"nodeVersion":null,"powerShellVersion":null,"linuxFxVersion":"","windowsFxVersion":null,"requestTracingEnabled":null,"remoteDebuggingEnabled":null,"remoteDebuggingVersion":null,"httpLoggingEnabled":null,"azureMonitorLogCategories":null,"acrUseManagedIdentityCreds":false,"acrUserManagedIdentityID":null,"logsDirectorySizeLimit":null,"detailedErrorLoggingEnabled":null,"publishingUsername":null,"publishingPassword":null,"appSettings":null,"metadata":null,"connectionStrings":null,"machineKey":null,"handlerMappings":null,"documentRoot":null,"scmType":null,"use32BitWorkerProcess":null,"webSocketsEnabled":null,"alwaysOn":false,"javaVersion":null,"javaContainer":null,"javaContainerVersion":null,"appCommandLine":null,"managedPipelineMode":null,"virtualApplications":null,"winAuthAdminState":null,"winAuthTenantState":null,"customAppPoolIdentityAdminState":null,"customAppPoolIdentityTenantState":null,"runtimeADUser":null,"runtimeADUserPassword":null,"loadBalancing":null,"routingRules":null,"experiments":null,"limits":null,"autoHealEnabled":null,"autoHealRules":null,"tracingOptions":null,"vnetName":null,"vnetRouteAllEnabled":null,"vnetPrivatePortsCount":null,"publicNetworkAccess":null,"cors":null,"push":null,"apiDefinition":null,"apiManagementConfig":null,"autoSwapSlotName":null,"localMySqlEnabled":null,"managedServiceIdentityId":null,"xManagedServiceIdentityId":null,"keyVaultReferenceIdentity":null,"ipSecurityRestrictions":null,"scmIpSecurityRestrictions":null,"scmIpSecurityRestrictionsUseMain":null,"http20Enabled":true,"minTlsVersion":null,"scmMinTlsVersion":null,"ftpsState":null,"preWarmedInstanceCount":null,"functionAppScaleLimit":0,"healthCheckPath":null,"fileChangeAuditEnabled":null,"functionsRuntimeScaleMonitoringEnabled":null,"websiteTimeZone":null,"minimumElasticInstanceCount":1,"azureStorageAccounts":null,"http20ProxyFlag":null,"sitePort":null,"antivirusScanEnabled":null},"deploymentId":"logic-e2e000002","slotName":null,"trafficManagerHostNames":null,"sku":"WorkflowStandard","scmSiteAlsoStopped":false,"targetSwapSlot":null,"hostingEnvironment":null,"hostingEnvironmentProfile":null,"clientAffinityEnabled":false,"clientCertEnabled":false,"clientCertMode":"Required","clientCertExclusionPaths":null,"hostNamesDisabled":false,"domainVerificationIdentifiers":null,"customDomainVerificationId":"333646C25EDA7C903C86F0F0D0193C412978B2E48FA0B4F1461D339FBBAE3EB7","kind":"functionapp,workflowapp","inboundIpAddress":"40.112.243.59","possibleInboundIpAddresses":"40.112.243.59","ftpUsername":"logic-e2e000002\\$logic-e2e000002","ftpsHostName":"ftps://waws-prod-bay-183.ftp.azurewebsites.windows.net/site/wwwroot","outboundIpAddresses":"104.209.35.73,23.99.94.29,104.209.39.62,104.209.32.196,104.209.32.219,104.209.33.74,40.112.243.59","possibleOutboundIpAddresses":"138.91.247.218,23.99.91.136,104.209.35.1,104.40.24.117,104.40.31.43,104.40.28.13,104.209.35.73,23.99.94.29,104.209.39.62,104.209.32.196,104.209.32.219,104.209.33.74,104.209.42.243,104.209.43.117,40.112.190.217,40.112.185.192,40.118.212.2,40.118.134.196,40.118.131.102,40.118.131.255,40.118.129.38,40.118.212.93,104.40.19.83,40.112.190.96,40.83.184.22,104.40.18.82,40.83.188.42,40.83.189.34,138.91.158.176,104.40.24.239,40.112.243.59","containerSize":1536,"dailyMemoryTimeQuota":0,"suspendedTill":null,"siteDisabledReason":0,"functionExecutionUnitsCache":null,"maxNumberOfWorkers":null,"homeStamp":"waws-prod-bay-183","cloningInfo":null,"hostingEnvironmentId":null,"tags":null,"resourceGroup":"clitest.rg000001","defaultHostName":"logic-e2e000002.azurewebsites.net","slotSwapStatus":null,"httpsOnly":false,"redundancyMode":"None","inProgressOperationId":null,"geoDistributions":null,"privateEndpointConnections":[],"buildVersion":null,"targetBuildVersion":null,"migrationState":null,"eligibleLogCategories":"FunctionAppLogs","storageAccountRequired":false,"virtualNetworkSubnetId":null,"keyVaultReferenceIdentity":"SystemAssigned"}}'
    headers:
      cache-control:
      - no-cache
      content-length:
      - '5957'
      content-type:
      - application/json
      date:
      - Mon, 20 Dec 2021 21:10:25 GMT
      etag:
      - '"1D7F5E600C0BC75"'
      expires:
      - '-1'
      pragma:
      - no-cache
      server:
      - Microsoft-IIS/10.0
      strict-transport-security:
      - max-age=31536000; includeSubDomains
      transfer-encoding:
      - chunked
      vary:
      - Accept-Encoding
      x-aspnet-version:
      - 4.0.30319
      x-content-type-options:
      - nosniff
      x-powered-by:
      - ASP.NET
    status:
      code: 200
      message: OK
- request:
    body: null
    headers:
      Accept:
      - application/json
      Accept-Encoding:
      - gzip, deflate
      CommandName:
      - logicapp show
      Connection:
      - keep-alive
      ParameterSetName:
      - -g -n
      User-Agent:
      - AZURECLI/2.31.0 azsdk-python-azure-mgmt-web/4.0.0 Python/3.8.6 (macOS-10.15.7-x86_64-i386-64bit)
    method: GET
    uri: https://management.azure.com/subscriptions/00000000-0000-0000-0000-000000000000/resourceGroups/clitest.rg000001/providers/Microsoft.Web/sites/logic-e2e000002/config/web?api-version=2021-01-15
  response:
    body:
      string: '{"id":"/subscriptions/00000000-0000-0000-0000-000000000000/resourceGroups/clitest.rg000001/providers/Microsoft.Web/sites/logic-e2e000002/config/web","name":"logic-e2e000002","type":"Microsoft.Web/sites/config","location":"West
        US","properties":{"numberOfWorkers":1,"defaultDocuments":["Default.htm","Default.html","Default.asp","index.htm","index.html","iisstart.htm","default.aspx","index.php"],"netFrameworkVersion":"v4.0","phpVersion":"5.6","pythonVersion":"","nodeVersion":"","powerShellVersion":"","linuxFxVersion":"","windowsFxVersion":null,"requestTracingEnabled":false,"remoteDebuggingEnabled":false,"remoteDebuggingVersion":null,"httpLoggingEnabled":false,"azureMonitorLogCategories":null,"acrUseManagedIdentityCreds":false,"acrUserManagedIdentityID":null,"logsDirectorySizeLimit":35,"detailedErrorLoggingEnabled":false,"publishingUsername":"$logic-e2e000002","publishingPassword":null,"appSettings":null,"metadata":null,"connectionStrings":null,"machineKey":null,"handlerMappings":null,"documentRoot":null,"scmType":"None","use32BitWorkerProcess":true,"webSocketsEnabled":false,"alwaysOn":false,"javaVersion":null,"javaContainer":null,"javaContainerVersion":null,"appCommandLine":"","managedPipelineMode":"Integrated","virtualApplications":[{"virtualPath":"/","physicalPath":"site\\wwwroot","preloadEnabled":false,"virtualDirectories":null}],"winAuthAdminState":0,"winAuthTenantState":0,"customAppPoolIdentityAdminState":false,"customAppPoolIdentityTenantState":false,"runtimeADUser":null,"runtimeADUserPassword":null,"loadBalancing":"LeastRequests","routingRules":[],"experiments":{"rampUpRules":[]},"limits":null,"autoHealEnabled":false,"autoHealRules":null,"tracingOptions":null,"vnetName":"","vnetRouteAllEnabled":false,"vnetPrivatePortsCount":0,"publicNetworkAccess":null,"siteAuthEnabled":false,"siteAuthSettings":{"enabled":null,"unauthenticatedClientAction":null,"tokenStoreEnabled":null,"allowedExternalRedirectUrls":null,"defaultProvider":null,"clientId":null,"clientSecret":null,"clientSecretSettingName":null,"clientSecretCertificateThumbprint":null,"issuer":null,"allowedAudiences":null,"additionalLoginParams":null,"isAadAutoProvisioned":false,"aadClaimsAuthorization":null,"googleClientId":null,"googleClientSecret":null,"googleClientSecretSettingName":null,"googleOAuthScopes":null,"facebookAppId":null,"facebookAppSecret":null,"facebookAppSecretSettingName":null,"facebookOAuthScopes":null,"gitHubClientId":null,"gitHubClientSecret":null,"gitHubClientSecretSettingName":null,"gitHubOAuthScopes":null,"twitterConsumerKey":null,"twitterConsumerSecret":null,"twitterConsumerSecretSettingName":null,"microsoftAccountClientId":null,"microsoftAccountClientSecret":null,"microsoftAccountClientSecretSettingName":null,"microsoftAccountOAuthScopes":null,"configVersion":null},"cors":null,"push":null,"apiDefinition":null,"apiManagementConfig":null,"autoSwapSlotName":null,"localMySqlEnabled":false,"managedServiceIdentityId":null,"xManagedServiceIdentityId":null,"keyVaultReferenceIdentity":null,"ipSecurityRestrictions":[{"ipAddress":"Any","action":"Allow","priority":1,"name":"Allow
        all","description":"Allow all access"}],"scmIpSecurityRestrictions":[{"ipAddress":"Any","action":"Allow","priority":1,"name":"Allow
        all","description":"Allow all access"}],"scmIpSecurityRestrictionsUseMain":false,"http20Enabled":true,"minTlsVersion":"1.2","scmMinTlsVersion":"1.0","ftpsState":"AllAllowed","preWarmedInstanceCount":1,"functionAppScaleLimit":0,"healthCheckPath":null,"fileChangeAuditEnabled":false,"functionsRuntimeScaleMonitoringEnabled":false,"websiteTimeZone":null,"minimumElasticInstanceCount":1,"azureStorageAccounts":{},"http20ProxyFlag":0,"sitePort":null,"antivirusScanEnabled":false}}'
    headers:
      cache-control:
      - no-cache
      content-length:
      - '3710'
      content-type:
      - application/json
      date:
      - Mon, 20 Dec 2021 21:10:26 GMT
      expires:
      - '-1'
      pragma:
      - no-cache
      server:
      - Microsoft-IIS/10.0
      strict-transport-security:
      - max-age=31536000; includeSubDomains
      transfer-encoding:
      - chunked
      vary:
      - Accept-Encoding
      x-aspnet-version:
      - 4.0.30319
      x-content-type-options:
      - nosniff
      x-powered-by:
      - ASP.NET
    status:
      code: 200
      message: OK
- request:
    body: '{"format": "WebDeploy"}'
    headers:
      Accept:
      - application/xml
      Accept-Encoding:
      - gzip, deflate
      CommandName:
      - logicapp show
      Connection:
      - keep-alive
      Content-Length:
      - '23'
      Content-Type:
      - application/json
      ParameterSetName:
      - -g -n
      User-Agent:
      - AZURECLI/2.31.0 azsdk-python-azure-mgmt-web/4.0.0 Python/3.8.6 (macOS-10.15.7-x86_64-i386-64bit)
    method: POST
    uri: https://management.azure.com/subscriptions/00000000-0000-0000-0000-000000000000/resourceGroups/clitest.rg000001/providers/Microsoft.Web/sites/logic-e2e000002/publishxml?api-version=2020-09-01
  response:
    body:
      string: <publishData><publishProfile profileName="logic-e2e000002 - Web Deploy"
        publishMethod="MSDeploy" publishUrl="logic-e2e000002.scm.azurewebsites.net:443"
        msdeploySite="logic-e2e000002" userName="$logic-e2e000002" userPWD="S6o74oaEaZkj4fTWTXq8QKht3gn7lq87z1XGrMidyLZkhSQevgywfTdkfSZH"
        destinationAppUrl="http://logic-e2e000002.azurewebsites.net" SQLServerDBConnectionString=""
        mySQLDBConnectionString="" hostingProviderForumLink="" controlPanelLink="http://windows.azure.com"
        webSystem="WebSites"><databases /></publishProfile><publishProfile profileName="logic-e2e000002
        - FTP" publishMethod="FTP" publishUrl="ftp://waws-prod-bay-183.ftp.azurewebsites.windows.net/site/wwwroot"
        ftpPassiveMode="True" userName="logic-e2e000002\$logic-e2e000002" userPWD="S6o74oaEaZkj4fTWTXq8QKht3gn7lq87z1XGrMidyLZkhSQevgywfTdkfSZH"
        destinationAppUrl="http://logic-e2e000002.azurewebsites.net" SQLServerDBConnectionString=""
        mySQLDBConnectionString="" hostingProviderForumLink="" controlPanelLink="http://windows.azure.com"
        webSystem="WebSites"><databases /></publishProfile><publishProfile profileName="logic-e2e000002
        - Zip Deploy" publishMethod="ZipDeploy" publishUrl="logic-e2e000002.scm.azurewebsites.net:443"
        userName="$logic-e2e000002" userPWD="S6o74oaEaZkj4fTWTXq8QKht3gn7lq87z1XGrMidyLZkhSQevgywfTdkfSZH"
        destinationAppUrl="http://logic-e2e000002.azurewebsites.net" SQLServerDBConnectionString=""
        mySQLDBConnectionString="" hostingProviderForumLink="" controlPanelLink="http://windows.azure.com"
        webSystem="WebSites"><databases /></publishProfile></publishData>
    headers:
      cache-control:
      - no-cache
      content-length:
      - '1550'
      content-type:
      - application/xml
      date:
      - Mon, 20 Dec 2021 21:10:26 GMT
      expires:
      - '-1'
      pragma:
      - no-cache
      server:
      - Microsoft-IIS/10.0
      strict-transport-security:
      - max-age=31536000; includeSubDomains
      x-aspnet-version:
      - 4.0.30319
      x-content-type-options:
      - nosniff
      x-ms-ratelimit-remaining-subscription-resource-requests:
      - '11999'
      x-powered-by:
      - ASP.NET
    status:
      code: 200
      message: OK
- request:
    body: null
    headers:
      Accept:
      - application/json
      Accept-Encoding:
      - gzip, deflate
      CommandName:
      - logicapp restart
      Connection:
      - keep-alive
      Content-Length:
      - '0'
      ParameterSetName:
      - -g -n
      User-Agent:
      - AZURECLI/2.31.0 azsdk-python-azure-mgmt-web/4.0.0 Python/3.8.6 (macOS-10.15.7-x86_64-i386-64bit)
    method: POST
    uri: https://management.azure.com/subscriptions/00000000-0000-0000-0000-000000000000/resourceGroups/clitest.rg000001/providers/Microsoft.Web/sites/logic-e2e000002/restart?api-version=2020-09-01
  response:
    body:
      string: ''
    headers:
      cache-control:
      - no-cache
      content-length:
      - '0'
      date:
      - Mon, 20 Dec 2021 21:10:28 GMT
      expires:
      - '-1'
      pragma:
      - no-cache
      server:
      - Microsoft-IIS/10.0
      strict-transport-security:
      - max-age=31536000; includeSubDomains
      x-aspnet-version:
      - 4.0.30319
      x-content-type-options:
      - nosniff
      x-ms-ratelimit-remaining-subscription-writes:
      - '1199'
      x-powered-by:
      - ASP.NET
    status:
      code: 200
      message: OK
- request:
    body: null
    headers:
      Accept:
      - application/json
      Accept-Encoding:
      - gzip, deflate
      CommandName:
      - logicapp show
      Connection:
      - keep-alive
      ParameterSetName:
      - -g -n
      User-Agent:
      - AZURECLI/2.31.0 azsdk-python-azure-mgmt-web/4.0.0 Python/3.8.6 (macOS-10.15.7-x86_64-i386-64bit)
    method: GET
    uri: https://management.azure.com/subscriptions/00000000-0000-0000-0000-000000000000/resourceGroups/clitest.rg000001/providers/Microsoft.Web/sites/logic-e2e000002?api-version=2020-09-01
  response:
    body:
      string: '{"id":"/subscriptions/00000000-0000-0000-0000-000000000000/resourceGroups/clitest.rg000001/providers/Microsoft.Web/sites/logic-e2e000002","name":"logic-e2e000002","type":"Microsoft.Web/sites","kind":"functionapp,workflowapp","location":"West
        US","properties":{"name":"logic-e2e000002","state":"Stopped","hostNames":["logic-e2e000002.azurewebsites.net"],"webSpace":"clitest.rg000001-WestUSwebspace","selfLink":"https://waws-prod-bay-183.api.azurewebsites.windows.net:454/subscriptions/00000000-0000-0000-0000-000000000000/webspaces/clitest.rg000001-WestUSwebspace/sites/logic-e2e000002","repositorySiteName":"logic-e2e000002","owner":null,"usageState":"Normal","enabled":true,"adminEnabled":true,"enabledHostNames":["logic-e2e000002.azurewebsites.net","logic-e2e000002.scm.azurewebsites.net"],"siteProperties":{"metadata":null,"properties":[{"name":"LinuxFxVersion","value":""},{"name":"WindowsFxVersion","value":null}],"appSettings":null},"availabilityState":"Normal","sslCertificates":null,"csrs":[],"cers":null,"siteMode":null,"hostNameSslStates":[{"name":"logic-e2e000002.azurewebsites.net","sslState":"Disabled","ipBasedSslResult":null,"virtualIP":null,"thumbprint":null,"toUpdate":null,"toUpdateIpBasedSsl":null,"ipBasedSslState":"NotConfigured","hostType":"Standard"},{"name":"logic-e2e000002.scm.azurewebsites.net","sslState":"Disabled","ipBasedSslResult":null,"virtualIP":null,"thumbprint":null,"toUpdate":null,"toUpdateIpBasedSsl":null,"ipBasedSslState":"NotConfigured","hostType":"Repository"}],"computeMode":null,"serverFarm":null,"serverFarmId":"/subscriptions/00000000-0000-0000-0000-000000000000/resourceGroups/clitest.rg000001/providers/Microsoft.Web/serverfarms/logic-e2e-plan000003","reserved":false,"isXenon":false,"hyperV":false,"lastModifiedTimeUtc":"2021-12-20T21:10:28.5366667","storageRecoveryDefaultState":"Running","contentAvailabilityState":"Normal","runtimeAvailabilityState":"Normal","siteConfig":{"numberOfWorkers":1,"defaultDocuments":null,"netFrameworkVersion":null,"phpVersion":null,"pythonVersion":null,"nodeVersion":null,"powerShellVersion":null,"linuxFxVersion":"","windowsFxVersion":null,"requestTracingEnabled":null,"remoteDebuggingEnabled":null,"remoteDebuggingVersion":null,"httpLoggingEnabled":null,"azureMonitorLogCategories":null,"acrUseManagedIdentityCreds":false,"acrUserManagedIdentityID":null,"logsDirectorySizeLimit":null,"detailedErrorLoggingEnabled":null,"publishingUsername":null,"publishingPassword":null,"appSettings":null,"metadata":null,"connectionStrings":null,"machineKey":null,"handlerMappings":null,"documentRoot":null,"scmType":null,"use32BitWorkerProcess":null,"webSocketsEnabled":null,"alwaysOn":false,"javaVersion":null,"javaContainer":null,"javaContainerVersion":null,"appCommandLine":null,"managedPipelineMode":null,"virtualApplications":null,"winAuthAdminState":null,"winAuthTenantState":null,"customAppPoolIdentityAdminState":null,"customAppPoolIdentityTenantState":null,"runtimeADUser":null,"runtimeADUserPassword":null,"loadBalancing":null,"routingRules":null,"experiments":null,"limits":null,"autoHealEnabled":null,"autoHealRules":null,"tracingOptions":null,"vnetName":null,"vnetRouteAllEnabled":null,"vnetPrivatePortsCount":null,"publicNetworkAccess":null,"cors":null,"push":null,"apiDefinition":null,"apiManagementConfig":null,"autoSwapSlotName":null,"localMySqlEnabled":null,"managedServiceIdentityId":null,"xManagedServiceIdentityId":null,"keyVaultReferenceIdentity":null,"ipSecurityRestrictions":null,"scmIpSecurityRestrictions":null,"scmIpSecurityRestrictionsUseMain":null,"http20Enabled":true,"minTlsVersion":null,"scmMinTlsVersion":null,"ftpsState":null,"preWarmedInstanceCount":null,"functionAppScaleLimit":0,"healthCheckPath":null,"fileChangeAuditEnabled":null,"functionsRuntimeScaleMonitoringEnabled":null,"websiteTimeZone":null,"minimumElasticInstanceCount":1,"azureStorageAccounts":null,"http20ProxyFlag":null,"sitePort":null,"antivirusScanEnabled":null},"deploymentId":"logic-e2e000002","slotName":null,"trafficManagerHostNames":null,"sku":"WorkflowStandard","scmSiteAlsoStopped":false,"targetSwapSlot":null,"hostingEnvironment":null,"hostingEnvironmentProfile":null,"clientAffinityEnabled":false,"clientCertEnabled":false,"clientCertMode":"Required","clientCertExclusionPaths":null,"hostNamesDisabled":false,"domainVerificationIdentifiers":null,"customDomainVerificationId":"333646C25EDA7C903C86F0F0D0193C412978B2E48FA0B4F1461D339FBBAE3EB7","kind":"functionapp,workflowapp","inboundIpAddress":"40.112.243.59","possibleInboundIpAddresses":"40.112.243.59","ftpUsername":"logic-e2e000002\\$logic-e2e000002","ftpsHostName":"ftps://waws-prod-bay-183.ftp.azurewebsites.windows.net/site/wwwroot","outboundIpAddresses":"104.209.35.73,23.99.94.29,104.209.39.62,104.209.32.196,104.209.32.219,104.209.33.74,40.112.243.59","possibleOutboundIpAddresses":"138.91.247.218,23.99.91.136,104.209.35.1,104.40.24.117,104.40.31.43,104.40.28.13,104.209.35.73,23.99.94.29,104.209.39.62,104.209.32.196,104.209.32.219,104.209.33.74,104.209.42.243,104.209.43.117,40.112.190.217,40.112.185.192,40.118.212.2,40.118.134.196,40.118.131.102,40.118.131.255,40.118.129.38,40.118.212.93,104.40.19.83,40.112.190.96,40.83.184.22,104.40.18.82,40.83.188.42,40.83.189.34,138.91.158.176,104.40.24.239,40.112.243.59","containerSize":1536,"dailyMemoryTimeQuota":0,"suspendedTill":null,"siteDisabledReason":0,"functionExecutionUnitsCache":null,"maxNumberOfWorkers":null,"homeStamp":"waws-prod-bay-183","cloningInfo":null,"hostingEnvironmentId":null,"tags":null,"resourceGroup":"clitest.rg000001","defaultHostName":"logic-e2e000002.azurewebsites.net","slotSwapStatus":null,"httpsOnly":false,"redundancyMode":"None","inProgressOperationId":null,"geoDistributions":null,"privateEndpointConnections":[],"buildVersion":null,"targetBuildVersion":null,"migrationState":null,"eligibleLogCategories":"FunctionAppLogs","storageAccountRequired":false,"virtualNetworkSubnetId":null,"keyVaultReferenceIdentity":"SystemAssigned"}}'
    headers:
      cache-control:
      - no-cache
      content-length:
      - '5957'
      content-type:
      - application/json
      date:
      - Mon, 20 Dec 2021 21:10:28 GMT
      etag:
      - '"1D7F5E603C6DD8B"'
      expires:
      - '-1'
      pragma:
      - no-cache
      server:
      - Microsoft-IIS/10.0
      strict-transport-security:
      - max-age=31536000; includeSubDomains
      transfer-encoding:
      - chunked
      vary:
      - Accept-Encoding
      x-aspnet-version:
      - 4.0.30319
      x-content-type-options:
      - nosniff
      x-powered-by:
      - ASP.NET
    status:
      code: 200
      message: OK
- request:
    body: null
    headers:
      Accept:
      - application/json
      Accept-Encoding:
      - gzip, deflate
      CommandName:
      - logicapp show
      Connection:
      - keep-alive
      ParameterSetName:
      - -g -n
      User-Agent:
      - AZURECLI/2.31.0 azsdk-python-azure-mgmt-web/4.0.0 Python/3.8.6 (macOS-10.15.7-x86_64-i386-64bit)
    method: GET
    uri: https://management.azure.com/subscriptions/00000000-0000-0000-0000-000000000000/resourceGroups/clitest.rg000001/providers/Microsoft.Web/sites/logic-e2e000002/config/web?api-version=2021-01-15
  response:
    body:
      string: '{"id":"/subscriptions/00000000-0000-0000-0000-000000000000/resourceGroups/clitest.rg000001/providers/Microsoft.Web/sites/logic-e2e000002/config/web","name":"logic-e2e000002","type":"Microsoft.Web/sites/config","location":"West
        US","properties":{"numberOfWorkers":1,"defaultDocuments":["Default.htm","Default.html","Default.asp","index.htm","index.html","iisstart.htm","default.aspx","index.php"],"netFrameworkVersion":"v4.0","phpVersion":"5.6","pythonVersion":"","nodeVersion":"","powerShellVersion":"","linuxFxVersion":"","windowsFxVersion":null,"requestTracingEnabled":false,"remoteDebuggingEnabled":false,"remoteDebuggingVersion":null,"httpLoggingEnabled":false,"azureMonitorLogCategories":null,"acrUseManagedIdentityCreds":false,"acrUserManagedIdentityID":null,"logsDirectorySizeLimit":35,"detailedErrorLoggingEnabled":false,"publishingUsername":"$logic-e2e000002","publishingPassword":null,"appSettings":null,"metadata":null,"connectionStrings":null,"machineKey":null,"handlerMappings":null,"documentRoot":null,"scmType":"None","use32BitWorkerProcess":true,"webSocketsEnabled":false,"alwaysOn":false,"javaVersion":null,"javaContainer":null,"javaContainerVersion":null,"appCommandLine":"","managedPipelineMode":"Integrated","virtualApplications":[{"virtualPath":"/","physicalPath":"site\\wwwroot","preloadEnabled":false,"virtualDirectories":null}],"winAuthAdminState":0,"winAuthTenantState":0,"customAppPoolIdentityAdminState":false,"customAppPoolIdentityTenantState":false,"runtimeADUser":null,"runtimeADUserPassword":null,"loadBalancing":"LeastRequests","routingRules":[],"experiments":{"rampUpRules":[]},"limits":null,"autoHealEnabled":false,"autoHealRules":null,"tracingOptions":null,"vnetName":"","vnetRouteAllEnabled":false,"vnetPrivatePortsCount":0,"publicNetworkAccess":null,"siteAuthEnabled":false,"siteAuthSettings":{"enabled":null,"unauthenticatedClientAction":null,"tokenStoreEnabled":null,"allowedExternalRedirectUrls":null,"defaultProvider":null,"clientId":null,"clientSecret":null,"clientSecretSettingName":null,"clientSecretCertificateThumbprint":null,"issuer":null,"allowedAudiences":null,"additionalLoginParams":null,"isAadAutoProvisioned":false,"aadClaimsAuthorization":null,"googleClientId":null,"googleClientSecret":null,"googleClientSecretSettingName":null,"googleOAuthScopes":null,"facebookAppId":null,"facebookAppSecret":null,"facebookAppSecretSettingName":null,"facebookOAuthScopes":null,"gitHubClientId":null,"gitHubClientSecret":null,"gitHubClientSecretSettingName":null,"gitHubOAuthScopes":null,"twitterConsumerKey":null,"twitterConsumerSecret":null,"twitterConsumerSecretSettingName":null,"microsoftAccountClientId":null,"microsoftAccountClientSecret":null,"microsoftAccountClientSecretSettingName":null,"microsoftAccountOAuthScopes":null,"configVersion":null},"cors":null,"push":null,"apiDefinition":null,"apiManagementConfig":null,"autoSwapSlotName":null,"localMySqlEnabled":false,"managedServiceIdentityId":null,"xManagedServiceIdentityId":null,"keyVaultReferenceIdentity":null,"ipSecurityRestrictions":[{"ipAddress":"Any","action":"Allow","priority":1,"name":"Allow
        all","description":"Allow all access"}],"scmIpSecurityRestrictions":[{"ipAddress":"Any","action":"Allow","priority":1,"name":"Allow
        all","description":"Allow all access"}],"scmIpSecurityRestrictionsUseMain":false,"http20Enabled":true,"minTlsVersion":"1.2","scmMinTlsVersion":"1.0","ftpsState":"AllAllowed","preWarmedInstanceCount":1,"functionAppScaleLimit":0,"healthCheckPath":null,"fileChangeAuditEnabled":false,"functionsRuntimeScaleMonitoringEnabled":false,"websiteTimeZone":null,"minimumElasticInstanceCount":1,"azureStorageAccounts":{},"http20ProxyFlag":0,"sitePort":null,"antivirusScanEnabled":false}}'
    headers:
      cache-control:
      - no-cache
      content-length:
      - '3710'
      content-type:
      - application/json
      date:
      - Mon, 20 Dec 2021 21:10:29 GMT
      expires:
      - '-1'
      pragma:
      - no-cache
      server:
      - Microsoft-IIS/10.0
      strict-transport-security:
      - max-age=31536000; includeSubDomains
      transfer-encoding:
      - chunked
      vary:
      - Accept-Encoding
      x-aspnet-version:
      - 4.0.30319
      x-content-type-options:
      - nosniff
      x-powered-by:
      - ASP.NET
    status:
      code: 200
      message: OK
- request:
    body: '{"format": "WebDeploy"}'
    headers:
      Accept:
      - application/xml
      Accept-Encoding:
      - gzip, deflate
      CommandName:
      - logicapp show
      Connection:
      - keep-alive
      Content-Length:
      - '23'
      Content-Type:
      - application/json
      ParameterSetName:
      - -g -n
      User-Agent:
      - AZURECLI/2.31.0 azsdk-python-azure-mgmt-web/4.0.0 Python/3.8.6 (macOS-10.15.7-x86_64-i386-64bit)
    method: POST
    uri: https://management.azure.com/subscriptions/00000000-0000-0000-0000-000000000000/resourceGroups/clitest.rg000001/providers/Microsoft.Web/sites/logic-e2e000002/publishxml?api-version=2020-09-01
  response:
    body:
      string: <publishData><publishProfile profileName="logic-e2e000002 - Web Deploy"
        publishMethod="MSDeploy" publishUrl="logic-e2e000002.scm.azurewebsites.net:443"
        msdeploySite="logic-e2e000002" userName="$logic-e2e000002" userPWD="S6o74oaEaZkj4fTWTXq8QKht3gn7lq87z1XGrMidyLZkhSQevgywfTdkfSZH"
        destinationAppUrl="http://logic-e2e000002.azurewebsites.net" SQLServerDBConnectionString=""
        mySQLDBConnectionString="" hostingProviderForumLink="" controlPanelLink="http://windows.azure.com"
        webSystem="WebSites"><databases /></publishProfile><publishProfile profileName="logic-e2e000002
        - FTP" publishMethod="FTP" publishUrl="ftp://waws-prod-bay-183.ftp.azurewebsites.windows.net/site/wwwroot"
        ftpPassiveMode="True" userName="logic-e2e000002\$logic-e2e000002" userPWD="S6o74oaEaZkj4fTWTXq8QKht3gn7lq87z1XGrMidyLZkhSQevgywfTdkfSZH"
        destinationAppUrl="http://logic-e2e000002.azurewebsites.net" SQLServerDBConnectionString=""
        mySQLDBConnectionString="" hostingProviderForumLink="" controlPanelLink="http://windows.azure.com"
        webSystem="WebSites"><databases /></publishProfile><publishProfile profileName="logic-e2e000002
        - Zip Deploy" publishMethod="ZipDeploy" publishUrl="logic-e2e000002.scm.azurewebsites.net:443"
        userName="$logic-e2e000002" userPWD="S6o74oaEaZkj4fTWTXq8QKht3gn7lq87z1XGrMidyLZkhSQevgywfTdkfSZH"
        destinationAppUrl="http://logic-e2e000002.azurewebsites.net" SQLServerDBConnectionString=""
        mySQLDBConnectionString="" hostingProviderForumLink="" controlPanelLink="http://windows.azure.com"
        webSystem="WebSites"><databases /></publishProfile></publishData>
    headers:
      cache-control:
      - no-cache
      content-length:
      - '1550'
      content-type:
      - application/xml
      date:
      - Mon, 20 Dec 2021 21:10:30 GMT
      expires:
      - '-1'
      pragma:
      - no-cache
      server:
      - Microsoft-IIS/10.0
      strict-transport-security:
      - max-age=31536000; includeSubDomains
      x-aspnet-version:
      - 4.0.30319
      x-content-type-options:
      - nosniff
      x-ms-ratelimit-remaining-subscription-resource-requests:
      - '11999'
      x-powered-by:
      - ASP.NET
    status:
      code: 200
      message: OK
- request:
    body: null
    headers:
      Accept:
      - application/json
      Accept-Encoding:
      - gzip, deflate
      CommandName:
      - logicapp start
      Connection:
      - keep-alive
      Content-Length:
      - '0'
      ParameterSetName:
      - -g -n
      User-Agent:
      - AZURECLI/2.31.0 azsdk-python-azure-mgmt-web/4.0.0 Python/3.8.6 (macOS-10.15.7-x86_64-i386-64bit)
    method: POST
    uri: https://management.azure.com/subscriptions/00000000-0000-0000-0000-000000000000/resourceGroups/clitest.rg000001/providers/Microsoft.Web/sites/logic-e2e000002/start?api-version=2020-09-01
  response:
    body:
      string: ''
    headers:
      cache-control:
      - no-cache
      content-length:
      - '0'
      date:
      - Mon, 20 Dec 2021 21:10:30 GMT
      etag:
      - '"1D7F5E60529E2F5"'
      expires:
      - '-1'
      pragma:
      - no-cache
      server:
      - Microsoft-IIS/10.0
      strict-transport-security:
      - max-age=31536000; includeSubDomains
      x-aspnet-version:
      - 4.0.30319
      x-content-type-options:
      - nosniff
      x-ms-ratelimit-remaining-subscription-writes:
      - '1199'
      x-powered-by:
      - ASP.NET
    status:
      code: 200
      message: OK
- request:
    body: null
    headers:
      Accept:
      - application/json
      Accept-Encoding:
      - gzip, deflate
      CommandName:
      - logicapp show
      Connection:
      - keep-alive
      ParameterSetName:
      - -g -n
      User-Agent:
      - AZURECLI/2.31.0 azsdk-python-azure-mgmt-web/4.0.0 Python/3.8.6 (macOS-10.15.7-x86_64-i386-64bit)
    method: GET
    uri: https://management.azure.com/subscriptions/00000000-0000-0000-0000-000000000000/resourceGroups/clitest.rg000001/providers/Microsoft.Web/sites/logic-e2e000002?api-version=2020-09-01
  response:
    body:
      string: '{"id":"/subscriptions/00000000-0000-0000-0000-000000000000/resourceGroups/clitest.rg000001/providers/Microsoft.Web/sites/logic-e2e000002","name":"logic-e2e000002","type":"Microsoft.Web/sites","kind":"functionapp,workflowapp","location":"West
        US","properties":{"name":"logic-e2e000002","state":"Running","hostNames":["logic-e2e000002.azurewebsites.net"],"webSpace":"clitest.rg000001-WestUSwebspace","selfLink":"https://waws-prod-bay-183.api.azurewebsites.windows.net:454/subscriptions/00000000-0000-0000-0000-000000000000/webspaces/clitest.rg000001-WestUSwebspace/sites/logic-e2e000002","repositorySiteName":"logic-e2e000002","owner":null,"usageState":"Normal","enabled":true,"adminEnabled":true,"enabledHostNames":["logic-e2e000002.azurewebsites.net","logic-e2e000002.scm.azurewebsites.net"],"siteProperties":{"metadata":null,"properties":[{"name":"LinuxFxVersion","value":""},{"name":"WindowsFxVersion","value":null}],"appSettings":null},"availabilityState":"Normal","sslCertificates":null,"csrs":[],"cers":null,"siteMode":null,"hostNameSslStates":[{"name":"logic-e2e000002.azurewebsites.net","sslState":"Disabled","ipBasedSslResult":null,"virtualIP":null,"thumbprint":null,"toUpdate":null,"toUpdateIpBasedSsl":null,"ipBasedSslState":"NotConfigured","hostType":"Standard"},{"name":"logic-e2e000002.scm.azurewebsites.net","sslState":"Disabled","ipBasedSslResult":null,"virtualIP":null,"thumbprint":null,"toUpdate":null,"toUpdateIpBasedSsl":null,"ipBasedSslState":"NotConfigured","hostType":"Repository"}],"computeMode":null,"serverFarm":null,"serverFarmId":"/subscriptions/00000000-0000-0000-0000-000000000000/resourceGroups/clitest.rg000001/providers/Microsoft.Web/serverfarms/logic-e2e-plan000003","reserved":false,"isXenon":false,"hyperV":false,"lastModifiedTimeUtc":"2021-12-20T21:10:30.8633333","storageRecoveryDefaultState":"Running","contentAvailabilityState":"Normal","runtimeAvailabilityState":"Normal","siteConfig":{"numberOfWorkers":1,"defaultDocuments":null,"netFrameworkVersion":null,"phpVersion":null,"pythonVersion":null,"nodeVersion":null,"powerShellVersion":null,"linuxFxVersion":"","windowsFxVersion":null,"requestTracingEnabled":null,"remoteDebuggingEnabled":null,"remoteDebuggingVersion":null,"httpLoggingEnabled":null,"azureMonitorLogCategories":null,"acrUseManagedIdentityCreds":false,"acrUserManagedIdentityID":null,"logsDirectorySizeLimit":null,"detailedErrorLoggingEnabled":null,"publishingUsername":null,"publishingPassword":null,"appSettings":null,"metadata":null,"connectionStrings":null,"machineKey":null,"handlerMappings":null,"documentRoot":null,"scmType":null,"use32BitWorkerProcess":null,"webSocketsEnabled":null,"alwaysOn":false,"javaVersion":null,"javaContainer":null,"javaContainerVersion":null,"appCommandLine":null,"managedPipelineMode":null,"virtualApplications":null,"winAuthAdminState":null,"winAuthTenantState":null,"customAppPoolIdentityAdminState":null,"customAppPoolIdentityTenantState":null,"runtimeADUser":null,"runtimeADUserPassword":null,"loadBalancing":null,"routingRules":null,"experiments":null,"limits":null,"autoHealEnabled":null,"autoHealRules":null,"tracingOptions":null,"vnetName":null,"vnetRouteAllEnabled":null,"vnetPrivatePortsCount":null,"publicNetworkAccess":null,"cors":null,"push":null,"apiDefinition":null,"apiManagementConfig":null,"autoSwapSlotName":null,"localMySqlEnabled":null,"managedServiceIdentityId":null,"xManagedServiceIdentityId":null,"keyVaultReferenceIdentity":null,"ipSecurityRestrictions":null,"scmIpSecurityRestrictions":null,"scmIpSecurityRestrictionsUseMain":null,"http20Enabled":true,"minTlsVersion":null,"scmMinTlsVersion":null,"ftpsState":null,"preWarmedInstanceCount":null,"functionAppScaleLimit":0,"healthCheckPath":null,"fileChangeAuditEnabled":null,"functionsRuntimeScaleMonitoringEnabled":null,"websiteTimeZone":null,"minimumElasticInstanceCount":1,"azureStorageAccounts":null,"http20ProxyFlag":null,"sitePort":null,"antivirusScanEnabled":null},"deploymentId":"logic-e2e000002","slotName":null,"trafficManagerHostNames":null,"sku":"WorkflowStandard","scmSiteAlsoStopped":false,"targetSwapSlot":null,"hostingEnvironment":null,"hostingEnvironmentProfile":null,"clientAffinityEnabled":false,"clientCertEnabled":false,"clientCertMode":"Required","clientCertExclusionPaths":null,"hostNamesDisabled":false,"domainVerificationIdentifiers":null,"customDomainVerificationId":"333646C25EDA7C903C86F0F0D0193C412978B2E48FA0B4F1461D339FBBAE3EB7","kind":"functionapp,workflowapp","inboundIpAddress":"40.112.243.59","possibleInboundIpAddresses":"40.112.243.59","ftpUsername":"logic-e2e000002\\$logic-e2e000002","ftpsHostName":"ftps://waws-prod-bay-183.ftp.azurewebsites.windows.net/site/wwwroot","outboundIpAddresses":"104.209.35.73,23.99.94.29,104.209.39.62,104.209.32.196,104.209.32.219,104.209.33.74,40.112.243.59","possibleOutboundIpAddresses":"138.91.247.218,23.99.91.136,104.209.35.1,104.40.24.117,104.40.31.43,104.40.28.13,104.209.35.73,23.99.94.29,104.209.39.62,104.209.32.196,104.209.32.219,104.209.33.74,104.209.42.243,104.209.43.117,40.112.190.217,40.112.185.192,40.118.212.2,40.118.134.196,40.118.131.102,40.118.131.255,40.118.129.38,40.118.212.93,104.40.19.83,40.112.190.96,40.83.184.22,104.40.18.82,40.83.188.42,40.83.189.34,138.91.158.176,104.40.24.239,40.112.243.59","containerSize":1536,"dailyMemoryTimeQuota":0,"suspendedTill":null,"siteDisabledReason":0,"functionExecutionUnitsCache":null,"maxNumberOfWorkers":null,"homeStamp":"waws-prod-bay-183","cloningInfo":null,"hostingEnvironmentId":null,"tags":null,"resourceGroup":"clitest.rg000001","defaultHostName":"logic-e2e000002.azurewebsites.net","slotSwapStatus":null,"httpsOnly":false,"redundancyMode":"None","inProgressOperationId":null,"geoDistributions":null,"privateEndpointConnections":[],"buildVersion":null,"targetBuildVersion":null,"migrationState":null,"eligibleLogCategories":"FunctionAppLogs","storageAccountRequired":false,"virtualNetworkSubnetId":null,"keyVaultReferenceIdentity":"SystemAssigned"}}'
    headers:
      cache-control:
      - no-cache
      content-length:
      - '5957'
      content-type:
      - application/json
      date:
      - Mon, 20 Dec 2021 21:10:30 GMT
      etag:
      - '"1D7F5E60529E2F5"'
      expires:
      - '-1'
      pragma:
      - no-cache
      server:
      - Microsoft-IIS/10.0
      strict-transport-security:
      - max-age=31536000; includeSubDomains
      transfer-encoding:
      - chunked
      vary:
      - Accept-Encoding
      x-aspnet-version:
      - 4.0.30319
      x-content-type-options:
      - nosniff
      x-powered-by:
      - ASP.NET
    status:
      code: 200
      message: OK
- request:
    body: null
    headers:
      Accept:
      - application/json
      Accept-Encoding:
      - gzip, deflate
      CommandName:
      - logicapp show
      Connection:
      - keep-alive
      ParameterSetName:
      - -g -n
      User-Agent:
      - AZURECLI/2.31.0 azsdk-python-azure-mgmt-web/4.0.0 Python/3.8.6 (macOS-10.15.7-x86_64-i386-64bit)
    method: GET
    uri: https://management.azure.com/subscriptions/00000000-0000-0000-0000-000000000000/resourceGroups/clitest.rg000001/providers/Microsoft.Web/sites/logic-e2e000002/config/web?api-version=2021-01-15
  response:
    body:
      string: '{"id":"/subscriptions/00000000-0000-0000-0000-000000000000/resourceGroups/clitest.rg000001/providers/Microsoft.Web/sites/logic-e2e000002/config/web","name":"logic-e2e000002","type":"Microsoft.Web/sites/config","location":"West
        US","properties":{"numberOfWorkers":1,"defaultDocuments":["Default.htm","Default.html","Default.asp","index.htm","index.html","iisstart.htm","default.aspx","index.php"],"netFrameworkVersion":"v4.0","phpVersion":"5.6","pythonVersion":"","nodeVersion":"","powerShellVersion":"","linuxFxVersion":"","windowsFxVersion":null,"requestTracingEnabled":false,"remoteDebuggingEnabled":false,"remoteDebuggingVersion":null,"httpLoggingEnabled":false,"azureMonitorLogCategories":null,"acrUseManagedIdentityCreds":false,"acrUserManagedIdentityID":null,"logsDirectorySizeLimit":35,"detailedErrorLoggingEnabled":false,"publishingUsername":"$logic-e2e000002","publishingPassword":null,"appSettings":null,"metadata":null,"connectionStrings":null,"machineKey":null,"handlerMappings":null,"documentRoot":null,"scmType":"None","use32BitWorkerProcess":true,"webSocketsEnabled":false,"alwaysOn":false,"javaVersion":null,"javaContainer":null,"javaContainerVersion":null,"appCommandLine":"","managedPipelineMode":"Integrated","virtualApplications":[{"virtualPath":"/","physicalPath":"site\\wwwroot","preloadEnabled":false,"virtualDirectories":null}],"winAuthAdminState":0,"winAuthTenantState":0,"customAppPoolIdentityAdminState":false,"customAppPoolIdentityTenantState":false,"runtimeADUser":null,"runtimeADUserPassword":null,"loadBalancing":"LeastRequests","routingRules":[],"experiments":{"rampUpRules":[]},"limits":null,"autoHealEnabled":false,"autoHealRules":null,"tracingOptions":null,"vnetName":"","vnetRouteAllEnabled":false,"vnetPrivatePortsCount":0,"publicNetworkAccess":null,"siteAuthEnabled":false,"siteAuthSettings":{"enabled":null,"unauthenticatedClientAction":null,"tokenStoreEnabled":null,"allowedExternalRedirectUrls":null,"defaultProvider":null,"clientId":null,"clientSecret":null,"clientSecretSettingName":null,"clientSecretCertificateThumbprint":null,"issuer":null,"allowedAudiences":null,"additionalLoginParams":null,"isAadAutoProvisioned":false,"aadClaimsAuthorization":null,"googleClientId":null,"googleClientSecret":null,"googleClientSecretSettingName":null,"googleOAuthScopes":null,"facebookAppId":null,"facebookAppSecret":null,"facebookAppSecretSettingName":null,"facebookOAuthScopes":null,"gitHubClientId":null,"gitHubClientSecret":null,"gitHubClientSecretSettingName":null,"gitHubOAuthScopes":null,"twitterConsumerKey":null,"twitterConsumerSecret":null,"twitterConsumerSecretSettingName":null,"microsoftAccountClientId":null,"microsoftAccountClientSecret":null,"microsoftAccountClientSecretSettingName":null,"microsoftAccountOAuthScopes":null,"configVersion":null},"cors":null,"push":null,"apiDefinition":null,"apiManagementConfig":null,"autoSwapSlotName":null,"localMySqlEnabled":false,"managedServiceIdentityId":null,"xManagedServiceIdentityId":null,"keyVaultReferenceIdentity":null,"ipSecurityRestrictions":[{"ipAddress":"Any","action":"Allow","priority":1,"name":"Allow
        all","description":"Allow all access"}],"scmIpSecurityRestrictions":[{"ipAddress":"Any","action":"Allow","priority":1,"name":"Allow
        all","description":"Allow all access"}],"scmIpSecurityRestrictionsUseMain":false,"http20Enabled":true,"minTlsVersion":"1.2","scmMinTlsVersion":"1.0","ftpsState":"AllAllowed","preWarmedInstanceCount":1,"functionAppScaleLimit":0,"healthCheckPath":null,"fileChangeAuditEnabled":false,"functionsRuntimeScaleMonitoringEnabled":false,"websiteTimeZone":null,"minimumElasticInstanceCount":1,"azureStorageAccounts":{},"http20ProxyFlag":0,"sitePort":null,"antivirusScanEnabled":false}}'
    headers:
      cache-control:
      - no-cache
      content-length:
      - '3710'
      content-type:
      - application/json
      date:
      - Mon, 20 Dec 2021 21:10:31 GMT
      expires:
      - '-1'
      pragma:
      - no-cache
      server:
      - Microsoft-IIS/10.0
      strict-transport-security:
      - max-age=31536000; includeSubDomains
      transfer-encoding:
      - chunked
      vary:
      - Accept-Encoding
      x-aspnet-version:
      - 4.0.30319
      x-content-type-options:
      - nosniff
      x-powered-by:
      - ASP.NET
    status:
      code: 200
      message: OK
- request:
    body: '{"format": "WebDeploy"}'
    headers:
      Accept:
      - application/xml
      Accept-Encoding:
      - gzip, deflate
      CommandName:
      - logicapp show
      Connection:
      - keep-alive
      Content-Length:
      - '23'
      Content-Type:
      - application/json
      ParameterSetName:
      - -g -n
      User-Agent:
      - AZURECLI/2.31.0 azsdk-python-azure-mgmt-web/4.0.0 Python/3.8.6 (macOS-10.15.7-x86_64-i386-64bit)
    method: POST
    uri: https://management.azure.com/subscriptions/00000000-0000-0000-0000-000000000000/resourceGroups/clitest.rg000001/providers/Microsoft.Web/sites/logic-e2e000002/publishxml?api-version=2020-09-01
  response:
    body:
      string: <publishData><publishProfile profileName="logic-e2e000002 - Web Deploy"
        publishMethod="MSDeploy" publishUrl="logic-e2e000002.scm.azurewebsites.net:443"
        msdeploySite="logic-e2e000002" userName="$logic-e2e000002" userPWD="S6o74oaEaZkj4fTWTXq8QKht3gn7lq87z1XGrMidyLZkhSQevgywfTdkfSZH"
        destinationAppUrl="http://logic-e2e000002.azurewebsites.net" SQLServerDBConnectionString=""
        mySQLDBConnectionString="" hostingProviderForumLink="" controlPanelLink="http://windows.azure.com"
        webSystem="WebSites"><databases /></publishProfile><publishProfile profileName="logic-e2e000002
        - FTP" publishMethod="FTP" publishUrl="ftp://waws-prod-bay-183.ftp.azurewebsites.windows.net/site/wwwroot"
        ftpPassiveMode="True" userName="logic-e2e000002\$logic-e2e000002" userPWD="S6o74oaEaZkj4fTWTXq8QKht3gn7lq87z1XGrMidyLZkhSQevgywfTdkfSZH"
        destinationAppUrl="http://logic-e2e000002.azurewebsites.net" SQLServerDBConnectionString=""
        mySQLDBConnectionString="" hostingProviderForumLink="" controlPanelLink="http://windows.azure.com"
        webSystem="WebSites"><databases /></publishProfile><publishProfile profileName="logic-e2e000002
        - Zip Deploy" publishMethod="ZipDeploy" publishUrl="logic-e2e000002.scm.azurewebsites.net:443"
        userName="$logic-e2e000002" userPWD="S6o74oaEaZkj4fTWTXq8QKht3gn7lq87z1XGrMidyLZkhSQevgywfTdkfSZH"
        destinationAppUrl="http://logic-e2e000002.azurewebsites.net" SQLServerDBConnectionString=""
        mySQLDBConnectionString="" hostingProviderForumLink="" controlPanelLink="http://windows.azure.com"
        webSystem="WebSites"><databases /></publishProfile></publishData>
    headers:
      cache-control:
      - no-cache
      content-length:
      - '1550'
      content-type:
      - application/xml
      date:
      - Mon, 20 Dec 2021 21:10:32 GMT
      expires:
      - '-1'
      pragma:
      - no-cache
      server:
      - Microsoft-IIS/10.0
      strict-transport-security:
      - max-age=31536000; includeSubDomains
      x-aspnet-version:
      - 4.0.30319
      x-content-type-options:
      - nosniff
      x-ms-ratelimit-remaining-subscription-resource-requests:
      - '11999'
      x-powered-by:
      - ASP.NET
    status:
      code: 200
      message: OK
- request:
    body: null
    headers:
      Accept:
      - application/json
      Accept-Encoding:
      - gzip, deflate
      CommandName:
      - logicapp start
      Connection:
      - keep-alive
      Content-Length:
      - '0'
      ParameterSetName:
      - -g -n
      User-Agent:
      - AZURECLI/2.31.0 azsdk-python-azure-mgmt-web/4.0.0 Python/3.8.6 (macOS-10.15.7-x86_64-i386-64bit)
    method: POST
    uri: https://management.azure.com/subscriptions/00000000-0000-0000-0000-000000000000/resourceGroups/clitest.rg000001/providers/Microsoft.Web/sites/logic-e2e000002/start?api-version=2020-09-01
  response:
    body:
      string: ''
    headers:
      cache-control:
      - no-cache
      content-length:
      - '0'
      date:
      - Mon, 20 Dec 2021 21:10:33 GMT
      etag:
      - '"1D7F5E60529E2F5"'
      expires:
      - '-1'
      pragma:
      - no-cache
      server:
      - Microsoft-IIS/10.0
      strict-transport-security:
      - max-age=31536000; includeSubDomains
      x-aspnet-version:
      - 4.0.30319
      x-content-type-options:
      - nosniff
      x-ms-ratelimit-remaining-subscription-writes:
      - '1199'
      x-powered-by:
      - ASP.NET
    status:
      code: 200
      message: OK
- request:
    body: null
    headers:
      Accept:
      - application/json
      Accept-Encoding:
      - gzip, deflate
      CommandName:
      - logicapp show
      Connection:
      - keep-alive
      ParameterSetName:
      - -g -n
      User-Agent:
      - AZURECLI/2.31.0 azsdk-python-azure-mgmt-web/4.0.0 Python/3.8.6 (macOS-10.15.7-x86_64-i386-64bit)
    method: GET
    uri: https://management.azure.com/subscriptions/00000000-0000-0000-0000-000000000000/resourceGroups/clitest.rg000001/providers/Microsoft.Web/sites/logic-e2e000002?api-version=2020-09-01
  response:
    body:
      string: '{"id":"/subscriptions/00000000-0000-0000-0000-000000000000/resourceGroups/clitest.rg000001/providers/Microsoft.Web/sites/logic-e2e000002","name":"logic-e2e000002","type":"Microsoft.Web/sites","kind":"functionapp,workflowapp","location":"West
        US","properties":{"name":"logic-e2e000002","state":"Running","hostNames":["logic-e2e000002.azurewebsites.net"],"webSpace":"clitest.rg000001-WestUSwebspace","selfLink":"https://waws-prod-bay-183.api.azurewebsites.windows.net:454/subscriptions/00000000-0000-0000-0000-000000000000/webspaces/clitest.rg000001-WestUSwebspace/sites/logic-e2e000002","repositorySiteName":"logic-e2e000002","owner":null,"usageState":"Normal","enabled":true,"adminEnabled":true,"enabledHostNames":["logic-e2e000002.azurewebsites.net","logic-e2e000002.scm.azurewebsites.net"],"siteProperties":{"metadata":null,"properties":[{"name":"LinuxFxVersion","value":""},{"name":"WindowsFxVersion","value":null}],"appSettings":null},"availabilityState":"Normal","sslCertificates":null,"csrs":[],"cers":null,"siteMode":null,"hostNameSslStates":[{"name":"logic-e2e000002.azurewebsites.net","sslState":"Disabled","ipBasedSslResult":null,"virtualIP":null,"thumbprint":null,"toUpdate":null,"toUpdateIpBasedSsl":null,"ipBasedSslState":"NotConfigured","hostType":"Standard"},{"name":"logic-e2e000002.scm.azurewebsites.net","sslState":"Disabled","ipBasedSslResult":null,"virtualIP":null,"thumbprint":null,"toUpdate":null,"toUpdateIpBasedSsl":null,"ipBasedSslState":"NotConfigured","hostType":"Repository"}],"computeMode":null,"serverFarm":null,"serverFarmId":"/subscriptions/00000000-0000-0000-0000-000000000000/resourceGroups/clitest.rg000001/providers/Microsoft.Web/serverfarms/logic-e2e-plan000003","reserved":false,"isXenon":false,"hyperV":false,"lastModifiedTimeUtc":"2021-12-20T21:10:30.8633333","storageRecoveryDefaultState":"Running","contentAvailabilityState":"Normal","runtimeAvailabilityState":"Normal","siteConfig":{"numberOfWorkers":1,"defaultDocuments":null,"netFrameworkVersion":null,"phpVersion":null,"pythonVersion":null,"nodeVersion":null,"powerShellVersion":null,"linuxFxVersion":"","windowsFxVersion":null,"requestTracingEnabled":null,"remoteDebuggingEnabled":null,"remoteDebuggingVersion":null,"httpLoggingEnabled":null,"azureMonitorLogCategories":null,"acrUseManagedIdentityCreds":false,"acrUserManagedIdentityID":null,"logsDirectorySizeLimit":null,"detailedErrorLoggingEnabled":null,"publishingUsername":null,"publishingPassword":null,"appSettings":null,"metadata":null,"connectionStrings":null,"machineKey":null,"handlerMappings":null,"documentRoot":null,"scmType":null,"use32BitWorkerProcess":null,"webSocketsEnabled":null,"alwaysOn":false,"javaVersion":null,"javaContainer":null,"javaContainerVersion":null,"appCommandLine":null,"managedPipelineMode":null,"virtualApplications":null,"winAuthAdminState":null,"winAuthTenantState":null,"customAppPoolIdentityAdminState":null,"customAppPoolIdentityTenantState":null,"runtimeADUser":null,"runtimeADUserPassword":null,"loadBalancing":null,"routingRules":null,"experiments":null,"limits":null,"autoHealEnabled":null,"autoHealRules":null,"tracingOptions":null,"vnetName":null,"vnetRouteAllEnabled":null,"vnetPrivatePortsCount":null,"publicNetworkAccess":null,"cors":null,"push":null,"apiDefinition":null,"apiManagementConfig":null,"autoSwapSlotName":null,"localMySqlEnabled":null,"managedServiceIdentityId":null,"xManagedServiceIdentityId":null,"keyVaultReferenceIdentity":null,"ipSecurityRestrictions":null,"scmIpSecurityRestrictions":null,"scmIpSecurityRestrictionsUseMain":null,"http20Enabled":true,"minTlsVersion":null,"scmMinTlsVersion":null,"ftpsState":null,"preWarmedInstanceCount":null,"functionAppScaleLimit":0,"healthCheckPath":null,"fileChangeAuditEnabled":null,"functionsRuntimeScaleMonitoringEnabled":null,"websiteTimeZone":null,"minimumElasticInstanceCount":1,"azureStorageAccounts":null,"http20ProxyFlag":null,"sitePort":null,"antivirusScanEnabled":null},"deploymentId":"logic-e2e000002","slotName":null,"trafficManagerHostNames":null,"sku":"WorkflowStandard","scmSiteAlsoStopped":false,"targetSwapSlot":null,"hostingEnvironment":null,"hostingEnvironmentProfile":null,"clientAffinityEnabled":false,"clientCertEnabled":false,"clientCertMode":"Required","clientCertExclusionPaths":null,"hostNamesDisabled":false,"domainVerificationIdentifiers":null,"customDomainVerificationId":"333646C25EDA7C903C86F0F0D0193C412978B2E48FA0B4F1461D339FBBAE3EB7","kind":"functionapp,workflowapp","inboundIpAddress":"40.112.243.59","possibleInboundIpAddresses":"40.112.243.59","ftpUsername":"logic-e2e000002\\$logic-e2e000002","ftpsHostName":"ftps://waws-prod-bay-183.ftp.azurewebsites.windows.net/site/wwwroot","outboundIpAddresses":"104.209.35.73,23.99.94.29,104.209.39.62,104.209.32.196,104.209.32.219,104.209.33.74,40.112.243.59","possibleOutboundIpAddresses":"138.91.247.218,23.99.91.136,104.209.35.1,104.40.24.117,104.40.31.43,104.40.28.13,104.209.35.73,23.99.94.29,104.209.39.62,104.209.32.196,104.209.32.219,104.209.33.74,104.209.42.243,104.209.43.117,40.112.190.217,40.112.185.192,40.118.212.2,40.118.134.196,40.118.131.102,40.118.131.255,40.118.129.38,40.118.212.93,104.40.19.83,40.112.190.96,40.83.184.22,104.40.18.82,40.83.188.42,40.83.189.34,138.91.158.176,104.40.24.239,40.112.243.59","containerSize":1536,"dailyMemoryTimeQuota":0,"suspendedTill":null,"siteDisabledReason":0,"functionExecutionUnitsCache":null,"maxNumberOfWorkers":null,"homeStamp":"waws-prod-bay-183","cloningInfo":null,"hostingEnvironmentId":null,"tags":null,"resourceGroup":"clitest.rg000001","defaultHostName":"logic-e2e000002.azurewebsites.net","slotSwapStatus":null,"httpsOnly":false,"redundancyMode":"None","inProgressOperationId":null,"geoDistributions":null,"privateEndpointConnections":[],"buildVersion":null,"targetBuildVersion":null,"migrationState":null,"eligibleLogCategories":"FunctionAppLogs","storageAccountRequired":false,"virtualNetworkSubnetId":null,"keyVaultReferenceIdentity":"SystemAssigned"}}'
    headers:
      cache-control:
      - no-cache
      content-length:
      - '5957'
      content-type:
      - application/json
      date:
      - Mon, 20 Dec 2021 21:10:34 GMT
      etag:
      - '"1D7F5E60529E2F5"'
      expires:
      - '-1'
      pragma:
      - no-cache
      server:
      - Microsoft-IIS/10.0
      strict-transport-security:
      - max-age=31536000; includeSubDomains
      transfer-encoding:
      - chunked
      vary:
      - Accept-Encoding
      x-aspnet-version:
      - 4.0.30319
      x-content-type-options:
      - nosniff
      x-powered-by:
      - ASP.NET
    status:
      code: 200
      message: OK
- request:
    body: null
    headers:
      Accept:
      - application/json
      Accept-Encoding:
      - gzip, deflate
      CommandName:
      - logicapp show
      Connection:
      - keep-alive
      ParameterSetName:
      - -g -n
      User-Agent:
      - AZURECLI/2.31.0 azsdk-python-azure-mgmt-web/4.0.0 Python/3.8.6 (macOS-10.15.7-x86_64-i386-64bit)
    method: GET
    uri: https://management.azure.com/subscriptions/00000000-0000-0000-0000-000000000000/resourceGroups/clitest.rg000001/providers/Microsoft.Web/sites/logic-e2e000002/config/web?api-version=2021-01-15
  response:
    body:
      string: '{"id":"/subscriptions/00000000-0000-0000-0000-000000000000/resourceGroups/clitest.rg000001/providers/Microsoft.Web/sites/logic-e2e000002/config/web","name":"logic-e2e000002","type":"Microsoft.Web/sites/config","location":"West
        US","properties":{"numberOfWorkers":1,"defaultDocuments":["Default.htm","Default.html","Default.asp","index.htm","index.html","iisstart.htm","default.aspx","index.php"],"netFrameworkVersion":"v4.0","phpVersion":"5.6","pythonVersion":"","nodeVersion":"","powerShellVersion":"","linuxFxVersion":"","windowsFxVersion":null,"requestTracingEnabled":false,"remoteDebuggingEnabled":false,"remoteDebuggingVersion":null,"httpLoggingEnabled":false,"azureMonitorLogCategories":null,"acrUseManagedIdentityCreds":false,"acrUserManagedIdentityID":null,"logsDirectorySizeLimit":35,"detailedErrorLoggingEnabled":false,"publishingUsername":"$logic-e2e000002","publishingPassword":null,"appSettings":null,"metadata":null,"connectionStrings":null,"machineKey":null,"handlerMappings":null,"documentRoot":null,"scmType":"None","use32BitWorkerProcess":true,"webSocketsEnabled":false,"alwaysOn":false,"javaVersion":null,"javaContainer":null,"javaContainerVersion":null,"appCommandLine":"","managedPipelineMode":"Integrated","virtualApplications":[{"virtualPath":"/","physicalPath":"site\\wwwroot","preloadEnabled":false,"virtualDirectories":null}],"winAuthAdminState":0,"winAuthTenantState":0,"customAppPoolIdentityAdminState":false,"customAppPoolIdentityTenantState":false,"runtimeADUser":null,"runtimeADUserPassword":null,"loadBalancing":"LeastRequests","routingRules":[],"experiments":{"rampUpRules":[]},"limits":null,"autoHealEnabled":false,"autoHealRules":null,"tracingOptions":null,"vnetName":"","vnetRouteAllEnabled":false,"vnetPrivatePortsCount":0,"publicNetworkAccess":null,"siteAuthEnabled":false,"siteAuthSettings":{"enabled":null,"unauthenticatedClientAction":null,"tokenStoreEnabled":null,"allowedExternalRedirectUrls":null,"defaultProvider":null,"clientId":null,"clientSecret":null,"clientSecretSettingName":null,"clientSecretCertificateThumbprint":null,"issuer":null,"allowedAudiences":null,"additionalLoginParams":null,"isAadAutoProvisioned":false,"aadClaimsAuthorization":null,"googleClientId":null,"googleClientSecret":null,"googleClientSecretSettingName":null,"googleOAuthScopes":null,"facebookAppId":null,"facebookAppSecret":null,"facebookAppSecretSettingName":null,"facebookOAuthScopes":null,"gitHubClientId":null,"gitHubClientSecret":null,"gitHubClientSecretSettingName":null,"gitHubOAuthScopes":null,"twitterConsumerKey":null,"twitterConsumerSecret":null,"twitterConsumerSecretSettingName":null,"microsoftAccountClientId":null,"microsoftAccountClientSecret":null,"microsoftAccountClientSecretSettingName":null,"microsoftAccountOAuthScopes":null,"configVersion":null},"cors":null,"push":null,"apiDefinition":null,"apiManagementConfig":null,"autoSwapSlotName":null,"localMySqlEnabled":false,"managedServiceIdentityId":null,"xManagedServiceIdentityId":null,"keyVaultReferenceIdentity":null,"ipSecurityRestrictions":[{"ipAddress":"Any","action":"Allow","priority":1,"name":"Allow
        all","description":"Allow all access"}],"scmIpSecurityRestrictions":[{"ipAddress":"Any","action":"Allow","priority":1,"name":"Allow
        all","description":"Allow all access"}],"scmIpSecurityRestrictionsUseMain":false,"http20Enabled":true,"minTlsVersion":"1.2","scmMinTlsVersion":"1.0","ftpsState":"AllAllowed","preWarmedInstanceCount":1,"functionAppScaleLimit":0,"healthCheckPath":null,"fileChangeAuditEnabled":false,"functionsRuntimeScaleMonitoringEnabled":false,"websiteTimeZone":null,"minimumElasticInstanceCount":1,"azureStorageAccounts":{},"http20ProxyFlag":0,"sitePort":null,"antivirusScanEnabled":false}}'
    headers:
      cache-control:
      - no-cache
      content-length:
      - '3710'
      content-type:
      - application/json
      date:
      - Mon, 20 Dec 2021 21:10:35 GMT
      expires:
      - '-1'
      pragma:
      - no-cache
      server:
      - Microsoft-IIS/10.0
      strict-transport-security:
      - max-age=31536000; includeSubDomains
      transfer-encoding:
      - chunked
      vary:
      - Accept-Encoding
      x-aspnet-version:
      - 4.0.30319
      x-content-type-options:
      - nosniff
      x-powered-by:
      - ASP.NET
    status:
      code: 200
      message: OK
- request:
    body: '{"format": "WebDeploy"}'
    headers:
      Accept:
      - application/xml
      Accept-Encoding:
      - gzip, deflate
      CommandName:
      - logicapp show
      Connection:
      - keep-alive
      Content-Length:
      - '23'
      Content-Type:
      - application/json
      ParameterSetName:
      - -g -n
      User-Agent:
      - AZURECLI/2.31.0 azsdk-python-azure-mgmt-web/4.0.0 Python/3.8.6 (macOS-10.15.7-x86_64-i386-64bit)
    method: POST
    uri: https://management.azure.com/subscriptions/00000000-0000-0000-0000-000000000000/resourceGroups/clitest.rg000001/providers/Microsoft.Web/sites/logic-e2e000002/publishxml?api-version=2020-09-01
  response:
    body:
      string: <publishData><publishProfile profileName="logic-e2e000002 - Web Deploy"
        publishMethod="MSDeploy" publishUrl="logic-e2e000002.scm.azurewebsites.net:443"
        msdeploySite="logic-e2e000002" userName="$logic-e2e000002" userPWD="S6o74oaEaZkj4fTWTXq8QKht3gn7lq87z1XGrMidyLZkhSQevgywfTdkfSZH"
        destinationAppUrl="http://logic-e2e000002.azurewebsites.net" SQLServerDBConnectionString=""
        mySQLDBConnectionString="" hostingProviderForumLink="" controlPanelLink="http://windows.azure.com"
        webSystem="WebSites"><databases /></publishProfile><publishProfile profileName="logic-e2e000002
        - FTP" publishMethod="FTP" publishUrl="ftp://waws-prod-bay-183.ftp.azurewebsites.windows.net/site/wwwroot"
        ftpPassiveMode="True" userName="logic-e2e000002\$logic-e2e000002" userPWD="S6o74oaEaZkj4fTWTXq8QKht3gn7lq87z1XGrMidyLZkhSQevgywfTdkfSZH"
        destinationAppUrl="http://logic-e2e000002.azurewebsites.net" SQLServerDBConnectionString=""
        mySQLDBConnectionString="" hostingProviderForumLink="" controlPanelLink="http://windows.azure.com"
        webSystem="WebSites"><databases /></publishProfile><publishProfile profileName="logic-e2e000002
        - Zip Deploy" publishMethod="ZipDeploy" publishUrl="logic-e2e000002.scm.azurewebsites.net:443"
        userName="$logic-e2e000002" userPWD="S6o74oaEaZkj4fTWTXq8QKht3gn7lq87z1XGrMidyLZkhSQevgywfTdkfSZH"
        destinationAppUrl="http://logic-e2e000002.azurewebsites.net" SQLServerDBConnectionString=""
        mySQLDBConnectionString="" hostingProviderForumLink="" controlPanelLink="http://windows.azure.com"
        webSystem="WebSites"><databases /></publishProfile></publishData>
    headers:
      cache-control:
      - no-cache
      content-length:
      - '1550'
      content-type:
      - application/xml
      date:
      - Mon, 20 Dec 2021 21:10:35 GMT
      expires:
      - '-1'
      pragma:
      - no-cache
      server:
      - Microsoft-IIS/10.0
      strict-transport-security:
      - max-age=31536000; includeSubDomains
      x-aspnet-version:
      - 4.0.30319
      x-content-type-options:
      - nosniff
      x-ms-ratelimit-remaining-subscription-resource-requests:
      - '11999'
      x-powered-by:
      - ASP.NET
    status:
      code: 200
      message: OK
- request:
    body: null
    headers:
      Accept:
      - application/json
      Accept-Encoding:
      - gzip, deflate
      CommandName:
      - logicapp delete
      Connection:
      - keep-alive
      Content-Length:
      - '0'
      ParameterSetName:
      - -g -n -y
      User-Agent:
      - AZURECLI/2.31.0 azsdk-python-azure-mgmt-web/4.0.0 Python/3.8.6 (macOS-10.15.7-x86_64-i386-64bit)
    method: DELETE
    uri: https://management.azure.com/subscriptions/00000000-0000-0000-0000-000000000000/resourceGroups/clitest.rg000001/providers/Microsoft.Web/sites/logic-e2e000002?api-version=2020-09-01
  response:
    body:
      string: ''
    headers:
      cache-control:
      - no-cache
      content-length:
      - '0'
      date:
      - Mon, 20 Dec 2021 21:10:45 GMT
      etag:
      - '"1D7F5E60529E2F5"'
      expires:
      - '-1'
      pragma:
      - no-cache
      server:
      - Microsoft-IIS/10.0
      strict-transport-security:
      - max-age=31536000; includeSubDomains
      x-aspnet-version:
      - 4.0.30319
      x-content-type-options:
      - nosniff
      x-ms-ratelimit-remaining-subscription-deletes:
      - '14999'
      x-powered-by:
      - ASP.NET
    status:
      code: 200
      message: OK
- request:
    body: null
    headers:
      Accept:
      - application/json
      Accept-Encoding:
      - gzip, deflate
      CommandName:
      - logicapp list
      Connection:
      - keep-alive
      ParameterSetName:
      - -g
      User-Agent:
      - AZURECLI/2.31.0 azsdk-python-azure-mgmt-web/4.0.0 Python/3.8.6 (macOS-10.15.7-x86_64-i386-64bit)
    method: GET
    uri: https://management.azure.com/subscriptions/00000000-0000-0000-0000-000000000000/resourceGroups/clitest.rg000001/providers/Microsoft.Web/sites?api-version=2020-09-01
  response:
    body:
      string: '{"value":[]}'
    headers:
      cache-control:
      - no-cache
      content-length:
      - '12'
      content-type:
      - application/json; charset=utf-8
      date:
      - Mon, 20 Dec 2021 21:10:45 GMT
      expires:
      - '-1'
      pragma:
      - no-cache
      strict-transport-security:
      - max-age=31536000; includeSubDomains
      vary:
      - Accept-Encoding
      x-content-type-options:
      - nosniff
    status:
      code: 200
      message: OK
version: 1
