interactions:
- request:
    body: null
    headers:
      Accept:
      - application/json
      Accept-Encoding:
      - gzip, deflate
      CommandName:
      - appservice plan create
      Connection:
      - keep-alive
      ParameterSetName:
      - -g -n --sku --is-linux
      User-Agent:
      - python/3.7.4 (Windows-10-10.0.18362-SP0) msrest/0.6.9 msrest_azure/0.6.1 azure-mgmt-resource/3.1.0
        Azure-SDK-For-Python AZURECLI/2.0.71
      accept-language:
      - en-US
    method: GET
    uri: https://management.azure.com/subscriptions/00000000-0000-0000-0000-000000000000/resourcegroups/cli_test_webapp_linux_free000001?api-version=2019-05-10
  response:
    body:
      string: '{"id":"/subscriptions/00000000-0000-0000-0000-000000000000/resourceGroups/cli_test_webapp_linux_free000001","name":"cli_test_webapp_linux_free000001","location":"westus","tags":{"product":"azurecli","cause":"automation","date":"2019-08-21T20:17:37Z"},"properties":{"provisioningState":"Succeeded"}}'
    headers:
      cache-control:
      - no-cache
      content-length:
      - '384'
      content-type:
      - application/json; charset=utf-8
      date:
      - Wed, 21 Aug 2019 20:17:39 GMT
      expires:
      - '-1'
      pragma:
      - no-cache
      strict-transport-security:
      - max-age=31536000; includeSubDomains
      vary:
      - Accept-Encoding
      x-content-type-options:
      - nosniff
    status:
      code: 200
      message: OK
- request:
    body: '{"name": "plan-linux-free000003", "type": "Microsoft.Web/serverfarms",
      "location": "westus", "properties": {"skuName": "F1", "needLinuxWorkers": true,
      "capacity": 1}}'
    headers:
      Accept:
      - application/json
      Accept-Encoding:
      - gzip, deflate
      CommandName:
      - appservice plan create
      Connection:
      - keep-alive
      Content-Length:
      - '169'
      Content-Type:
      - application/json; charset=utf-8
      ParameterSetName:
      - -g -n --sku --is-linux
      User-Agent:
      - python/3.7.4 (Windows-10-10.0.18362-SP0) msrest/0.6.9 msrest_azure/0.6.1 azure-mgmt-web/0.42.0
        Azure-SDK-For-Python AZURECLI/2.0.71
      accept-language:
      - en-US
    method: POST
    uri: https://management.azure.com/subscriptions/00000000-0000-0000-0000-000000000000/resourceGroups/cli_test_webapp_linux_free000001/providers/Microsoft.Web/validate?api-version=2018-02-01
  response:
    body:
      string: '{"status":"Success","error":null}'
    headers:
      cache-control:
      - no-cache
      content-length:
      - '33'
      content-type:
      - application/json
      date:
      - Wed, 21 Aug 2019 20:17:39 GMT
      expires:
      - '-1'
      pragma:
      - no-cache
      server:
      - Microsoft-IIS/10.0
      strict-transport-security:
      - max-age=31536000; includeSubDomains
      transfer-encoding:
      - chunked
      vary:
      - Accept-Encoding
      x-aspnet-version:
      - 4.0.30319
      x-content-type-options:
      - nosniff
      x-ms-ratelimit-remaining-subscription-writes:
      - '1199'
      x-powered-by:
      - ASP.NET
    status:
      code: 200
      message: OK
- request:
    body: null
    headers:
      Accept:
      - application/json
      Accept-Encoding:
      - gzip, deflate
      CommandName:
      - appservice plan create
      Connection:
      - keep-alive
      ParameterSetName:
      - -g -n --sku --is-linux
      User-Agent:
      - python/3.7.4 (Windows-10-10.0.18362-SP0) msrest/0.6.9 msrest_azure/0.6.1 azure-mgmt-resource/3.1.0
        Azure-SDK-For-Python AZURECLI/2.0.71
      accept-language:
      - en-US
    method: GET
    uri: https://management.azure.com/subscriptions/00000000-0000-0000-0000-000000000000/resourcegroups/cli_test_webapp_linux_free000001?api-version=2019-05-10
  response:
    body:
      string: '{"id":"/subscriptions/00000000-0000-0000-0000-000000000000/resourceGroups/cli_test_webapp_linux_free000001","name":"cli_test_webapp_linux_free000001","location":"westus","tags":{"product":"azurecli","cause":"automation","date":"2019-08-21T20:17:37Z"},"properties":{"provisioningState":"Succeeded"}}'
    headers:
      cache-control:
      - no-cache
      content-length:
      - '384'
      content-type:
      - application/json; charset=utf-8
      date:
      - Wed, 21 Aug 2019 20:17:40 GMT
      expires:
      - '-1'
      pragma:
      - no-cache
      strict-transport-security:
      - max-age=31536000; includeSubDomains
      vary:
      - Accept-Encoding
      x-content-type-options:
      - nosniff
    status:
      code: 200
      message: OK
- request:
    body: '{"location": "westus", "properties": {"perSiteScaling": false, "reserved":
      true, "isXenon": false}, "sku": {"name": "F1", "tier": "FREE", "capacity": 1}}'
    headers:
      Accept:
      - application/json
      Accept-Encoding:
      - gzip, deflate
      CommandName:
      - appservice plan create
      Connection:
      - keep-alive
      Content-Length:
      - '153'
      Content-Type:
      - application/json; charset=utf-8
      ParameterSetName:
      - -g -n --sku --is-linux
      User-Agent:
      - python/3.7.4 (Windows-10-10.0.18362-SP0) msrest/0.6.9 msrest_azure/0.6.1 azure-mgmt-web/0.42.0
        Azure-SDK-For-Python AZURECLI/2.0.71
      accept-language:
      - en-US
    method: PUT
    uri: https://management.azure.com/subscriptions/00000000-0000-0000-0000-000000000000/resourceGroups/cli_test_webapp_linux_free000001/providers/Microsoft.Web/serverfarms/plan-linux-free000003?api-version=2018-02-01
  response:
    body:
      string: '{"id":"/subscriptions/00000000-0000-0000-0000-000000000000/resourceGroups/cli_test_webapp_linux_free000001/providers/Microsoft.Web/serverfarms/plan-linux-free000003","name":"plan-linux-free000003","type":"Microsoft.Web/serverfarms","kind":"linux","location":"West
        US","properties":{"serverFarmId":16393,"name":"plan-linux-free000003","workerSize":"Default","workerSizeId":0,"workerTierName":null,"numberOfWorkers":1,"currentWorkerSize":"Default","currentWorkerSizeId":0,"currentNumberOfWorkers":1,"status":"Ready","webSpace":"cli_test_webapp_linux_free000001-WestUSwebspace","subscription":"85a6c256-e687-4281-9cca-84869cf6ef36","adminSiteName":null,"hostingEnvironment":null,"hostingEnvironmentProfile":null,"maximumNumberOfWorkers":1,"planName":"VirtualDedicatedPlan","adminRuntimeSiteName":null,"computeMode":"Dedicated","siteMode":null,"geoRegion":"West
        US","perSiteScaling":false,"maximumElasticWorkerCount":1,"numberOfSites":0,"hostingEnvironmentId":null,"isSpot":false,"spotExpirationTime":null,"freeOfferExpirationTime":null,"tags":null,"kind":"linux","resourceGroup":"cli_test_webapp_linux_free000001","reserved":true,"isXenon":false,"hyperV":false,"mdmId":"waws-prod-bay-109_16393","targetWorkerCount":0,"targetWorkerSizeId":0,"provisioningState":"Succeeded","webSiteId":null,"existingServerFarmIds":null},"sku":{"name":"F1","tier":"Free","size":"F1","family":"F","capacity":1}}'
    headers:
      cache-control:
      - no-cache
      content-length:
      - '1526'
      content-type:
      - application/json
      date:
      - Wed, 21 Aug 2019 20:18:07 GMT
      expires:
      - '-1'
      pragma:
      - no-cache
      server:
      - Microsoft-IIS/10.0
      strict-transport-security:
      - max-age=31536000; includeSubDomains
      transfer-encoding:
      - chunked
      vary:
      - Accept-Encoding
      x-aspnet-version:
      - 4.0.30319
      x-content-type-options:
      - nosniff
      x-ms-ratelimit-remaining-subscription-writes:
      - '1198'
      x-powered-by:
      - ASP.NET
    status:
      code: 200
      message: OK
- request:
    body: null
    headers:
      Accept:
      - application/json
      Accept-Encoding:
      - gzip, deflate
      CommandName:
      - webapp create
      Connection:
      - keep-alive
      ParameterSetName:
      - -g -n --plan -u -r
      User-Agent:
      - python/3.7.4 (Windows-10-10.0.18362-SP0) msrest/0.6.9 msrest_azure/0.6.1 azure-mgmt-web/0.42.0
        Azure-SDK-For-Python AZURECLI/2.0.71
      accept-language:
      - en-US
    method: GET
    uri: https://management.azure.com/subscriptions/00000000-0000-0000-0000-000000000000/resourceGroups/cli_test_webapp_linux_free000001/providers/Microsoft.Web/serverfarms/plan-linux-free000003?api-version=2018-02-01
  response:
    body:
      string: '{"id":"/subscriptions/00000000-0000-0000-0000-000000000000/resourceGroups/cli_test_webapp_linux_free000001/providers/Microsoft.Web/serverfarms/plan-linux-free000003","name":"plan-linux-free000003","type":"Microsoft.Web/serverfarms","kind":"linux","location":"West
        US","properties":{"serverFarmId":16393,"name":"plan-linux-free000003","workerSize":"Default","workerSizeId":0,"workerTierName":null,"numberOfWorkers":1,"currentWorkerSize":"Default","currentWorkerSizeId":0,"currentNumberOfWorkers":1,"status":"Ready","webSpace":"cli_test_webapp_linux_free000001-WestUSwebspace","subscription":"85a6c256-e687-4281-9cca-84869cf6ef36","adminSiteName":null,"hostingEnvironment":null,"hostingEnvironmentProfile":null,"maximumNumberOfWorkers":1,"planName":"VirtualDedicatedPlan","adminRuntimeSiteName":null,"computeMode":"Dedicated","siteMode":null,"geoRegion":"West
        US","perSiteScaling":false,"maximumElasticWorkerCount":1,"numberOfSites":0,"hostingEnvironmentId":null,"isSpot":false,"spotExpirationTime":null,"freeOfferExpirationTime":null,"tags":null,"kind":"linux","resourceGroup":"cli_test_webapp_linux_free000001","reserved":true,"isXenon":false,"hyperV":false,"mdmId":"waws-prod-bay-109_16393","targetWorkerCount":0,"targetWorkerSizeId":0,"provisioningState":"Succeeded","webSiteId":null,"existingServerFarmIds":null},"sku":{"name":"F1","tier":"Free","size":"F1","family":"F","capacity":1}}'
    headers:
      cache-control:
      - no-cache
      content-length:
      - '1526'
      content-type:
      - application/json
      date:
      - Wed, 21 Aug 2019 20:18:10 GMT
      expires:
      - '-1'
      pragma:
      - no-cache
      server:
      - Microsoft-IIS/10.0
      strict-transport-security:
      - max-age=31536000; includeSubDomains
      transfer-encoding:
      - chunked
      vary:
      - Accept-Encoding
      x-aspnet-version:
      - 4.0.30319
      x-content-type-options:
      - nosniff
      x-powered-by:
      - ASP.NET
    status:
      code: 200
      message: OK
- request:
    body: 'b''{"name": "webapp-linux-free000002", "type": "Microsoft.Web/sites", "location":
      "West US", "properties": {"serverFarmId": "/subscriptions/00000000-0000-0000-0000-000000000000/resourceGroups/cli_test_webapp_linux_free000001/providers/Microsoft.Web/serverfarms/plan-linux-free000003"}}'''
    headers:
      Accept:
      - application/json
      Accept-Encoding:
      - gzip, deflate
      CommandName:
      - webapp create
      Connection:
      - keep-alive
      Content-Length:
      - '329'
      Content-Type:
      - application/json; charset=utf-8
      ParameterSetName:
      - -g -n --plan -u -r
      User-Agent:
      - python/3.7.4 (Windows-10-10.0.18362-SP0) msrest/0.6.9 msrest_azure/0.6.1 azure-mgmt-web/0.42.0
        Azure-SDK-For-Python AZURECLI/2.0.71
      accept-language:
      - en-US
    method: POST
    uri: https://management.azure.com/subscriptions/00000000-0000-0000-0000-000000000000/resourceGroups/cli_test_webapp_linux_free000001/providers/Microsoft.Web/validate?api-version=2018-02-01
  response:
    body:
      string: '{"status":"Success","error":null}'
    headers:
      cache-control:
      - no-cache
      content-length:
      - '33'
      content-type:
      - application/json
      date:
      - Wed, 21 Aug 2019 20:18:10 GMT
      expires:
      - '-1'
      pragma:
      - no-cache
      server:
      - Microsoft-IIS/10.0
      strict-transport-security:
      - max-age=31536000; includeSubDomains
      transfer-encoding:
      - chunked
      vary:
      - Accept-Encoding
      x-aspnet-version:
      - 4.0.30319
      x-content-type-options:
      - nosniff
      x-ms-ratelimit-remaining-subscription-writes:
      - '1199'
      x-powered-by:
      - ASP.NET
    status:
      code: 200
      message: OK
- request:
    body: null
    headers:
      Accept:
      - application/json
      Accept-Encoding:
      - gzip, deflate
      CommandName:
      - webapp create
      Connection:
      - keep-alive
      ParameterSetName:
      - -g -n --plan -u -r
      User-Agent:
      - python/3.7.4 (Windows-10-10.0.18362-SP0) msrest/0.6.9 msrest_azure/0.6.1 azure-mgmt-web/0.42.0
        Azure-SDK-For-Python AZURECLI/2.0.71
      accept-language:
      - en-US
    method: GET
    uri: https://management.azure.com/subscriptions/00000000-0000-0000-0000-000000000000/resourceGroups/cli_test_webapp_linux_free000001/providers/Microsoft.Web/serverfarms/plan-linux-free000003?api-version=2018-02-01
  response:
    body:
      string: '{"id":"/subscriptions/00000000-0000-0000-0000-000000000000/resourceGroups/cli_test_webapp_linux_free000001/providers/Microsoft.Web/serverfarms/plan-linux-free000003","name":"plan-linux-free000003","type":"Microsoft.Web/serverfarms","kind":"linux","location":"West
        US","properties":{"serverFarmId":16393,"name":"plan-linux-free000003","workerSize":"Default","workerSizeId":0,"workerTierName":null,"numberOfWorkers":1,"currentWorkerSize":"Default","currentWorkerSizeId":0,"currentNumberOfWorkers":1,"status":"Ready","webSpace":"cli_test_webapp_linux_free000001-WestUSwebspace","subscription":"85a6c256-e687-4281-9cca-84869cf6ef36","adminSiteName":null,"hostingEnvironment":null,"hostingEnvironmentProfile":null,"maximumNumberOfWorkers":1,"planName":"VirtualDedicatedPlan","adminRuntimeSiteName":null,"computeMode":"Dedicated","siteMode":null,"geoRegion":"West
        US","perSiteScaling":false,"maximumElasticWorkerCount":1,"numberOfSites":0,"hostingEnvironmentId":null,"isSpot":false,"spotExpirationTime":null,"freeOfferExpirationTime":null,"tags":null,"kind":"linux","resourceGroup":"cli_test_webapp_linux_free000001","reserved":true,"isXenon":false,"hyperV":false,"mdmId":"waws-prod-bay-109_16393","targetWorkerCount":0,"targetWorkerSizeId":0,"provisioningState":"Succeeded","webSiteId":null,"existingServerFarmIds":null},"sku":{"name":"F1","tier":"Free","size":"F1","family":"F","capacity":1}}'
    headers:
      cache-control:
      - no-cache
      content-length:
      - '1526'
      content-type:
      - application/json
      date:
      - Wed, 21 Aug 2019 20:18:11 GMT
      expires:
      - '-1'
      pragma:
      - no-cache
      server:
      - Microsoft-IIS/10.0
      strict-transport-security:
      - max-age=31536000; includeSubDomains
      transfer-encoding:
      - chunked
      vary:
      - Accept-Encoding
      x-aspnet-version:
      - 4.0.30319
      x-content-type-options:
      - nosniff
      x-powered-by:
      - ASP.NET
    status:
      code: 200
      message: OK
- request:
    body: null
    headers:
      Accept:
      - application/json
      Accept-Encoding:
      - gzip, deflate
      CommandName:
      - webapp create
      Connection:
      - keep-alive
      ParameterSetName:
      - -g -n --plan -u -r
      User-Agent:
      - python/3.7.4 (Windows-10-10.0.18362-SP0) msrest/0.6.9 msrest_azure/0.6.1 azure-mgmt-web/0.42.0
        Azure-SDK-For-Python AZURECLI/2.0.71
      accept-language:
      - en-US
    method: GET
    uri: https://management.azure.com/providers/Microsoft.Web/availableStacks?osTypeSelected=Linux&api-version=2018-02-01
  response:
    body:
      string: '{"value":[{"id":null,"name":"ruby","type":"Microsoft.Web/availableStacks?osTypeSelected=Linux","properties":{"name":"ruby","display":"Ruby","dependency":null,"majorVersions":[{"displayVersion":"Ruby
        2.3","runtimeVersion":"RUBY|2.3","isDefault":false,"minorVersions":[{"displayVersion":"2.3.3","runtimeVersion":"RUBY|2.3.3","isDefault":false,"isRemoteDebuggingEnabled":false},{"displayVersion":"2.3.8","runtimeVersion":"RUBY|2.3.8","isDefault":true,"isRemoteDebuggingEnabled":false}],"applicationInsights":false},{"displayVersion":"Ruby
        2.4","runtimeVersion":"RUBY|2.4","isDefault":true,"minorVersions":[{"displayVersion":"2.4.5","runtimeVersion":"RUBY|2.4.5","isDefault":true,"isRemoteDebuggingEnabled":false}],"applicationInsights":false},{"displayVersion":"Ruby
        2.5","runtimeVersion":"RUBY|2.5","isDefault":false,"minorVersions":[{"displayVersion":"2.5.5","runtimeVersion":"RUBY|2.5.5","isDefault":true,"isRemoteDebuggingEnabled":false}],"applicationInsights":false},{"displayVersion":"Ruby
        2.6","runtimeVersion":"RUBY|2.6","isDefault":false,"minorVersions":[{"displayVersion":"2.6.2","runtimeVersion":"RUBY|2.6.2","isDefault":true,"isRemoteDebuggingEnabled":false}],"applicationInsights":false}],"frameworks":[]}},{"id":null,"name":"node","type":"Microsoft.Web/availableStacks?osTypeSelected=Linux","properties":{"name":"node","display":"Node.js","dependency":null,"majorVersions":[{"displayVersion":"Node.js
        LTS","runtimeVersion":"NODE|lts","isDefault":true,"minorVersions":[{"displayVersion":"LTS","runtimeVersion":"NODE|lts","isDefault":true,"isRemoteDebuggingEnabled":false}],"applicationInsights":false},{"displayVersion":"Node.js
        4.4","runtimeVersion":"NODE|4.4","isDefault":false,"minorVersions":[{"displayVersion":"4.4","runtimeVersion":"NODE|4.4","isDefault":true,"isRemoteDebuggingEnabled":false}],"applicationInsights":false},{"displayVersion":"Node.js
        4.5","runtimeVersion":"NODE|4.5","isDefault":false,"minorVersions":[{"displayVersion":"4.5","runtimeVersion":"NODE|4.5","isDefault":true,"isRemoteDebuggingEnabled":false}],"applicationInsights":false},{"displayVersion":"Node.js
        4.8","runtimeVersion":"NODE|4.8","isDefault":false,"minorVersions":[{"displayVersion":"4.8","runtimeVersion":"NODE|4.8.7","isDefault":false,"isRemoteDebuggingEnabled":false}],"applicationInsights":false},{"displayVersion":"Node.js
        6.2","runtimeVersion":"NODE|6.2","isDefault":false,"minorVersions":[{"displayVersion":"6.2","runtimeVersion":"NODE|6.2","isDefault":true,"isRemoteDebuggingEnabled":false}],"applicationInsights":false},{"displayVersion":"Node.js
        6.6","runtimeVersion":"NODE|6.6","isDefault":false,"minorVersions":[{"displayVersion":"6.6","runtimeVersion":"NODE|6.6","isDefault":true,"isRemoteDebuggingEnabled":false}],"applicationInsights":false},{"displayVersion":"Node.js
        6.9","runtimeVersion":"NODE|6.9","isDefault":false,"minorVersions":[{"displayVersion":"6.9","runtimeVersion":"NODE|6.9","isDefault":true,"isRemoteDebuggingEnabled":false}],"applicationInsights":false},{"displayVersion":"Node.js
        6.10","runtimeVersion":"NODE|6.10","isDefault":false,"minorVersions":[{"displayVersion":"6.10","runtimeVersion":"NODE|6.10","isDefault":true,"isRemoteDebuggingEnabled":false}],"applicationInsights":false},{"displayVersion":"Node.js
        6.11","runtimeVersion":"NODE|6.11","isDefault":false,"minorVersions":[{"displayVersion":"6.11","runtimeVersion":"NODE|6.11","isDefault":true,"isRemoteDebuggingEnabled":true}],"applicationInsights":false},{"displayVersion":"Node.js
        8.0","runtimeVersion":"NODE|8.0","isDefault":false,"minorVersions":[{"displayVersion":"8.0","runtimeVersion":"NODE|8.0","isDefault":true,"isRemoteDebuggingEnabled":true}],"applicationInsights":false},{"displayVersion":"Node.js
        8.1","runtimeVersion":"NODE|8.1","isDefault":false,"minorVersions":[{"displayVersion":"8.1","runtimeVersion":"NODE|8.1","isDefault":true,"isRemoteDebuggingEnabled":true}],"applicationInsights":false},{"displayVersion":"Node.js
        8.2","runtimeVersion":"NODE|8.2","isDefault":false,"minorVersions":[{"displayVersion":"8.2","runtimeVersion":"NODE|8.2","isDefault":true,"isRemoteDebuggingEnabled":true}],"applicationInsights":false},{"displayVersion":"Node.js
        8.8","runtimeVersion":"NODE|8.8","isDefault":false,"minorVersions":[{"displayVersion":"8.8","runtimeVersion":"NODE|8.8","isDefault":true,"isRemoteDebuggingEnabled":true}],"applicationInsights":false},{"displayVersion":"Node.js
        8.9","runtimeVersion":"NODE|8.9","isDefault":false,"minorVersions":[{"displayVersion":"8.9","runtimeVersion":"NODE|8.9","isDefault":true,"isRemoteDebuggingEnabled":true}],"applicationInsights":false},{"displayVersion":"Node.js
        8.11","runtimeVersion":"NODE|8.11","isDefault":false,"minorVersions":[{"displayVersion":"8.11","runtimeVersion":"NODE|8.11","isDefault":true,"isRemoteDebuggingEnabled":true}],"applicationInsights":false},{"displayVersion":"Node.js
        8.12","runtimeVersion":"NODE|8.12","isDefault":false,"minorVersions":[{"displayVersion":"8.12","runtimeVersion":"NODE|8.12","isDefault":true,"isRemoteDebuggingEnabled":true}],"applicationInsights":false},{"displayVersion":"Node.js
        9.4","runtimeVersion":"NODE|9.4","isDefault":false,"minorVersions":[{"displayVersion":"9.4","runtimeVersion":"NODE|9.4","isDefault":true,"isRemoteDebuggingEnabled":true}],"applicationInsights":false},{"displayVersion":"Node.js
        10.1","runtimeVersion":"NODE|10.1","isDefault":false,"minorVersions":[{"displayVersion":"10.1","runtimeVersion":"NODE|10.1","isDefault":true,"isRemoteDebuggingEnabled":true}],"applicationInsights":false},{"displayVersion":"Node.js
        10.10","runtimeVersion":"NODE|10.10","isDefault":false,"minorVersions":[{"displayVersion":"10.10","runtimeVersion":"NODE|10.10","isDefault":true,"isRemoteDebuggingEnabled":true}],"applicationInsights":false},{"displayVersion":"Node.js
        10.12","runtimeVersion":"NODE|10.12","isDefault":false,"minorVersions":[{"displayVersion":"10.12","runtimeVersion":"NODE|10.12","isDefault":true,"isRemoteDebuggingEnabled":true}],"applicationInsights":false},{"displayVersion":"Node.js
        10.14","runtimeVersion":"NODE|10.14","isDefault":false,"minorVersions":[{"displayVersion":"10.14","runtimeVersion":"NODE|10.14","isDefault":true,"isRemoteDebuggingEnabled":true}],"applicationInsights":false}],"frameworks":[]}},{"id":null,"name":"php","type":"Microsoft.Web/availableStacks?osTypeSelected=Linux","properties":{"name":"php","display":"PHP","dependency":null,"majorVersions":[{"displayVersion":"PHP
        5.6","runtimeVersion":"PHP|5.6","isDefault":false,"minorVersions":[{"displayVersion":"5.6.40-apache","runtimeVersion":"PHP|5.6","isDefault":true,"isRemoteDebuggingEnabled":false},{"displayVersion":"5.6.40-apache-xdebug","runtimeVersion":"PHP|5.6","isDefault":false,"isRemoteDebuggingEnabled":false}],"applicationInsights":false},{"displayVersion":"PHP
        7.0","runtimeVersion":"PHP|7.0","isDefault":false,"minorVersions":[{"displayVersion":"7.0.33-apache","runtimeVersion":"PHP|7.0","isDefault":true,"isRemoteDebuggingEnabled":false},{"displayVersion":"7.0.33-apache-xdebug","runtimeVersion":"PHP|7.0","isDefault":false,"isRemoteDebuggingEnabled":false}],"applicationInsights":false},{"displayVersion":"PHP
        7.2","runtimeVersion":"PHP|7.2","isDefault":true,"minorVersions":[{"displayVersion":"7.2.15-apache","runtimeVersion":"PHP|7.2","isDefault":true,"isRemoteDebuggingEnabled":false},{"displayVersion":"7.2.15-apache-xdebug","runtimeVersion":"PHP|7.2","isDefault":false,"isRemoteDebuggingEnabled":false}],"applicationInsights":false},{"displayVersion":"PHP
        7.3","runtimeVersion":"PHP|7.3","isDefault":true,"minorVersions":[{"displayVersion":"7.3.2-apache","runtimeVersion":"PHP|7.3","isDefault":true,"isRemoteDebuggingEnabled":false},{"displayVersion":"7.3.2-apache-xdebug","runtimeVersion":"PHP|7.3","isDefault":false,"isRemoteDebuggingEnabled":false},{"displayVersion":"7.3.2-apache","runtimeVersion":"PHP|7.3","isDefault":false,"isRemoteDebuggingEnabled":false}],"applicationInsights":false}],"frameworks":[]}},{"id":null,"name":"dotnetcore","type":"Microsoft.Web/availableStacks?osTypeSelected=Linux","properties":{"name":"dotnetcore","display":".NET
        Core","dependency":null,"majorVersions":[{"displayVersion":".NET Core 1.0","runtimeVersion":"DOTNETCORE|1.0","isDefault":false,"minorVersions":[{"displayVersion":"1.0.14","runtimeVersion":"DOTNETCORE|1.0","isDefault":true,"isRemoteDebuggingEnabled":false}],"applicationInsights":false},{"displayVersion":".NET
        Core 1.1","runtimeVersion":"DOTNETCORE|1.1","isDefault":false,"minorVersions":[{"displayVersion":"1.1.11","runtimeVersion":"DOTNETCORE|1.1","isDefault":true,"isRemoteDebuggingEnabled":false}],"applicationInsights":false},{"displayVersion":".NET
        Core 2.0","runtimeVersion":"DOTNETCORE|2.0","isDefault":false,"minorVersions":[{"displayVersion":"2.0.9","runtimeVersion":"DOTNETCORE|2.0","isDefault":true,"isRemoteDebuggingEnabled":false}],"applicationInsights":false},{"displayVersion":".NET
        Core 2.1","runtimeVersion":"DOTNETCORE|2.1","isDefault":true,"minorVersions":[{"displayVersion":"2.1.8","runtimeVersion":"DOTNETCORE|2.1","isDefault":true,"isRemoteDebuggingEnabled":false}],"applicationInsights":false},{"displayVersion":".NET
        Core 2.2","runtimeVersion":"DOTNETCORE|2.2","isDefault":false,"minorVersions":[{"displayVersion":"2.2.2","runtimeVersion":"DOTNETCORE|2.2","isDefault":false,"isRemoteDebuggingEnabled":false}],"applicationInsights":false}],"frameworks":[]}},{"id":null,"name":"java8","type":"Microsoft.Web/availableStacks?osTypeSelected=Linux","properties":{"name":"java8","display":"Java
        8","dependency":null,"majorVersions":[{"displayVersion":"Tomcat 8.5","runtimeVersion":"TOMCAT|8.5-jre8","isDefault":false,"minorVersions":[{"displayVersion":"8.5","runtimeVersion":"TOMCAT|8.5-jre8","isDefault":true,"isRemoteDebuggingEnabled":false}],"applicationInsights":true},{"displayVersion":"Tomcat
        9.0","runtimeVersion":"TOMCAT|9.0-jre8","isDefault":true,"minorVersions":[{"displayVersion":"9.0","runtimeVersion":"TOMCAT|9.0-jre8","isDefault":true,"isRemoteDebuggingEnabled":false}],"applicationInsights":true},{"displayVersion":"Java
        SE","runtimeVersion":"JAVA|8-jre8","isDefault":true,"minorVersions":[{"displayVersion":"8","runtimeVersion":"JAVA|8-jre8","isDefault":true,"isRemoteDebuggingEnabled":false}],"applicationInsights":false},{"displayVersion":"WildFly
        14 - Preview","runtimeVersion":"WILDFLY|14-jre8","isDefault":true,"minorVersions":[{"displayVersion":"14","runtimeVersion":"WILDFLY|14-jre8","isDefault":true,"isRemoteDebuggingEnabled":false}],"applicationInsights":true}],"frameworks":[]}},{"id":null,"name":"java11","type":"Microsoft.Web/availableStacks?osTypeSelected=Linux","properties":{"name":"java11","display":"Java
        11","dependency":null,"majorVersions":[{"displayVersion":"Tomcat 8.5","runtimeVersion":"TOMCAT|8.5-java11","isDefault":false,"minorVersions":[{"displayVersion":"8.5","runtimeVersion":"TOMCAT|8.5-java11","isDefault":true,"isRemoteDebuggingEnabled":false}],"applicationInsights":true},{"displayVersion":"Tomcat
        9.0","runtimeVersion":"TOMCAT|9.0-java11","isDefault":false,"minorVersions":[{"displayVersion":"9.0","runtimeVersion":"TOMCAT|9.0-java11","isDefault":true,"isRemoteDebuggingEnabled":false}],"applicationInsights":true},{"displayVersion":"Java
        SE","runtimeVersion":"JAVA|11-java11","isDefault":true,"minorVersions":[{"displayVersion":"11","runtimeVersion":"JAVA|11-java11","isDefault":true,"isRemoteDebuggingEnabled":false}],"applicationInsights":false}],"frameworks":[]}},{"id":null,"name":"python","type":"Microsoft.Web/availableStacks?osTypeSelected=Linux","properties":{"name":"python","display":"Python","dependency":null,"majorVersions":[{"displayVersion":"Python
        3.7","runtimeVersion":"PYTHON|3.7","isDefault":true,"minorVersions":[{"displayVersion":"3.7","runtimeVersion":"PYTHON|3.7","isDefault":true,"isRemoteDebuggingEnabled":false}],"applicationInsights":false},{"displayVersion":"Python
        3.6","runtimeVersion":"PYTHON|3.6","isDefault":false,"minorVersions":[{"displayVersion":"3.6","runtimeVersion":"PYTHON|3.6","isDefault":true,"isRemoteDebuggingEnabled":false}],"applicationInsights":false},{"displayVersion":"Python
        2.7","runtimeVersion":"PYTHON|2.7","isDefault":false,"minorVersions":[{"displayVersion":"2.7","runtimeVersion":"PYTHON|2.7","isDefault":true,"isRemoteDebuggingEnabled":false}],"applicationInsights":false}],"frameworks":[]}}],"nextLink":null,"id":null}'
    headers:
      cache-control:
      - no-cache
      content-length:
      - '12309'
      content-type:
      - application/json
      date:
      - Wed, 21 Aug 2019 20:18:15 GMT
      expires:
      - '-1'
      pragma:
      - no-cache
      server:
      - Microsoft-IIS/10.0
      strict-transport-security:
      - max-age=31536000; includeSubDomains
      transfer-encoding:
      - chunked
      vary:
      - Accept-Encoding
      x-aspnet-version:
      - 4.0.30319
      x-content-type-options:
      - nosniff
      x-powered-by:
      - ASP.NET
    status:
      code: 200
      message: OK
- request:
    body: 'b''{"location": "West US", "properties": {"serverFarmId": "/subscriptions/00000000-0000-0000-0000-000000000000/resourceGroups/cli_test_webapp_linux_free000001/providers/Microsoft.Web/serverfarms/plan-linux-free000003",
      "reserved": false, "isXenon": false, "hyperV": false, "siteConfig": {"netFrameworkVersion":
      "v4.6", "linuxFxVersion": "node|10.14", "appSettings": [], "localMySqlEnabled":
      false, "http20Enabled": true}, "scmSiteAlsoStopped": false}}'''
    headers:
      Accept:
      - application/json
      Accept-Encoding:
      - gzip, deflate
      CommandName:
      - webapp create
      Connection:
      - keep-alive
      Content-Length:
      - '494'
      Content-Type:
      - application/json; charset=utf-8
      ParameterSetName:
      - -g -n --plan -u -r
      User-Agent:
      - python/3.7.4 (Windows-10-10.0.18362-SP0) msrest/0.6.9 msrest_azure/0.6.1 azure-mgmt-web/0.42.0
        Azure-SDK-For-Python AZURECLI/2.0.71
      accept-language:
      - en-US
    method: PUT
    uri: https://management.azure.com/subscriptions/00000000-0000-0000-0000-000000000000/resourceGroups/cli_test_webapp_linux_free000001/providers/Microsoft.Web/sites/webapp-linux-free000002?api-version=2018-11-01
  response:
    body:
      string: '{"id":"/subscriptions/00000000-0000-0000-0000-000000000000/resourceGroups/cli_test_webapp_linux_free000001/providers/Microsoft.Web/sites/webapp-linux-free000002","name":"webapp-linux-free000002","type":"Microsoft.Web/sites","kind":"app,linux","location":"West
        US","properties":{"name":"webapp-linux-free000002","state":"Running","hostNames":["webapp-linux-free000002.azurewebsites.net"],"webSpace":"cli_test_webapp_linux_free000001-WestUSwebspace","selfLink":"https://waws-prod-bay-109.api.azurewebsites.windows.net:454/subscriptions/00000000-0000-0000-0000-000000000000/webspaces/cli_test_webapp_linux_free000001-WestUSwebspace/sites/webapp-linux-free000002","repositorySiteName":"webapp-linux-free000002","owner":null,"usageState":"Normal","enabled":true,"adminEnabled":true,"enabledHostNames":["webapp-linux-free000002.azurewebsites.net","webapp-linux-free000002.scm.azurewebsites.net"],"siteProperties":{"metadata":null,"properties":[{"name":"LinuxFxVersion","value":"node|10.14"},{"name":"WindowsFxVersion","value":null}],"appSettings":null},"availabilityState":"Normal","sslCertificates":null,"csrs":[],"cers":null,"siteMode":null,"hostNameSslStates":[{"name":"webapp-linux-free000002.azurewebsites.net","sslState":"Disabled","ipBasedSslResult":null,"virtualIP":null,"thumbprint":null,"toUpdate":null,"toUpdateIpBasedSsl":null,"ipBasedSslState":"NotConfigured","hostType":"Standard"},{"name":"webapp-linux-free000002.scm.azurewebsites.net","sslState":"Disabled","ipBasedSslResult":null,"virtualIP":null,"thumbprint":null,"toUpdate":null,"toUpdateIpBasedSsl":null,"ipBasedSslState":"NotConfigured","hostType":"Repository"}],"computeMode":null,"serverFarm":null,"serverFarmId":"/subscriptions/00000000-0000-0000-0000-000000000000/resourceGroups/cli_test_webapp_linux_free000001/providers/Microsoft.Web/serverfarms/plan-linux-free000003","reserved":true,"isXenon":false,"hyperV":false,"lastModifiedTimeUtc":"2019-08-21T20:18:19.46","storageRecoveryDefaultState":"Running","contentAvailabilityState":"Normal","runtimeAvailabilityState":"Normal","siteConfig":null,"deploymentId":"webapp-linux-free000002","trafficManagerHostNames":null,"sku":"Free","scmSiteAlsoStopped":false,"targetSwapSlot":null,"hostingEnvironment":null,"hostingEnvironmentProfile":null,"clientAffinityEnabled":true,"clientCertEnabled":false,"clientCertExclusionPaths":null,"hostNamesDisabled":false,"domainVerificationIdentifiers":null,"kind":"app,linux","inboundIpAddress":"104.42.78.153","possibleInboundIpAddresses":"104.42.78.153","outboundIpAddresses":"104.42.78.153,40.118.225.64,104.42.151.111,104.42.252.192,104.42.254.180","possibleOutboundIpAddresses":"104.42.78.153,40.118.225.64,104.42.151.111,104.42.252.192,104.42.254.180,40.118.227.167,40.118.224.22,40.118.226.153","containerSize":0,"dailyMemoryTimeQuota":0,"suspendedTill":null,"siteDisabledReason":0,"functionExecutionUnitsCache":null,"maxNumberOfWorkers":null,"homeStamp":"waws-prod-bay-109","cloningInfo":null,"hostingEnvironmentId":null,"tags":null,"resourceGroup":"cli_test_webapp_linux_free000001","defaultHostName":"webapp-linux-free000002.azurewebsites.net","slotSwapStatus":null,"httpsOnly":false,"redundancyMode":"None","inProgressOperationId":null,"geoDistributions":null,"privateEndpointConnections":null}}'
    headers:
      cache-control:
      - no-cache
      content-length:
      - '3487'
      content-type:
      - application/json
      date:
      - Wed, 21 Aug 2019 20:18:34 GMT
      etag:
      - '"1D5585D92F69255"'
      expires:
      - '-1'
      pragma:
      - no-cache
      server:
      - Microsoft-IIS/10.0
      strict-transport-security:
      - max-age=31536000; includeSubDomains
      transfer-encoding:
      - chunked
      vary:
      - Accept-Encoding
      x-aspnet-version:
      - 4.0.30319
      x-content-type-options:
      - nosniff
      x-ms-ratelimit-remaining-subscription-resource-requests:
      - '499'
      x-powered-by:
      - ASP.NET
    status:
      code: 200
      message: OK
- request:
    body: null
    headers:
      Accept:
      - application/json
      Accept-Encoding:
      - gzip, deflate
      CommandName:
      - webapp create
      Connection:
      - keep-alive
      ParameterSetName:
      - -g -n --plan -u -r
      User-Agent:
      - python/3.7.4 (Windows-10-10.0.18362-SP0) msrest/0.6.9 msrest_azure/0.6.1 azure-mgmt-web/0.42.0
        Azure-SDK-For-Python AZURECLI/2.0.71
      accept-language:
      - en-US
    method: GET
    uri: https://management.azure.com/subscriptions/00000000-0000-0000-0000-000000000000/resourceGroups/cli_test_webapp_linux_free000001/providers/Microsoft.Web/sites/webapp-linux-free000002?api-version=2018-11-01
  response:
    body:
      string: '{"id":"/subscriptions/00000000-0000-0000-0000-000000000000/resourceGroups/cli_test_webapp_linux_free000001/providers/Microsoft.Web/sites/webapp-linux-free000002","name":"webapp-linux-free000002","type":"Microsoft.Web/sites","kind":"app,linux","location":"West
        US","properties":{"name":"webapp-linux-free000002","state":"Running","hostNames":["webapp-linux-free000002.azurewebsites.net"],"webSpace":"cli_test_webapp_linux_free000001-WestUSwebspace","selfLink":"https://waws-prod-bay-109.api.azurewebsites.windows.net:454/subscriptions/00000000-0000-0000-0000-000000000000/webspaces/cli_test_webapp_linux_free000001-WestUSwebspace/sites/webapp-linux-free000002","repositorySiteName":"webapp-linux-free000002","owner":null,"usageState":"Normal","enabled":true,"adminEnabled":true,"enabledHostNames":["webapp-linux-free000002.azurewebsites.net","webapp-linux-free000002.scm.azurewebsites.net"],"siteProperties":{"metadata":null,"properties":[{"name":"LinuxFxVersion","value":"node|10.14"},{"name":"WindowsFxVersion","value":null}],"appSettings":null},"availabilityState":"Normal","sslCertificates":null,"csrs":[],"cers":null,"siteMode":null,"hostNameSslStates":[{"name":"webapp-linux-free000002.azurewebsites.net","sslState":"Disabled","ipBasedSslResult":null,"virtualIP":null,"thumbprint":null,"toUpdate":null,"toUpdateIpBasedSsl":null,"ipBasedSslState":"NotConfigured","hostType":"Standard"},{"name":"webapp-linux-free000002.scm.azurewebsites.net","sslState":"Disabled","ipBasedSslResult":null,"virtualIP":null,"thumbprint":null,"toUpdate":null,"toUpdateIpBasedSsl":null,"ipBasedSslState":"NotConfigured","hostType":"Repository"}],"computeMode":null,"serverFarm":null,"serverFarmId":"/subscriptions/00000000-0000-0000-0000-000000000000/resourceGroups/cli_test_webapp_linux_free000001/providers/Microsoft.Web/serverfarms/plan-linux-free000003","reserved":true,"isXenon":false,"hyperV":false,"lastModifiedTimeUtc":"2019-08-21T20:18:19.8133333","storageRecoveryDefaultState":"Running","contentAvailabilityState":"Normal","runtimeAvailabilityState":"Normal","siteConfig":null,"deploymentId":"webapp-linux-free000002","trafficManagerHostNames":null,"sku":"Free","scmSiteAlsoStopped":false,"targetSwapSlot":null,"hostingEnvironment":null,"hostingEnvironmentProfile":null,"clientAffinityEnabled":true,"clientCertEnabled":false,"clientCertExclusionPaths":null,"hostNamesDisabled":false,"domainVerificationIdentifiers":null,"kind":"app,linux","inboundIpAddress":"104.42.78.153","possibleInboundIpAddresses":"104.42.78.153","outboundIpAddresses":"104.42.78.153,40.118.225.64,104.42.151.111,104.42.252.192,104.42.254.180","possibleOutboundIpAddresses":"104.42.78.153,40.118.225.64,104.42.151.111,104.42.252.192,104.42.254.180,40.118.227.167,40.118.224.22,40.118.226.153","containerSize":0,"dailyMemoryTimeQuota":0,"suspendedTill":null,"siteDisabledReason":0,"functionExecutionUnitsCache":null,"maxNumberOfWorkers":null,"homeStamp":"waws-prod-bay-109","cloningInfo":null,"hostingEnvironmentId":null,"tags":null,"resourceGroup":"cli_test_webapp_linux_free000001","defaultHostName":"webapp-linux-free000002.azurewebsites.net","slotSwapStatus":null,"httpsOnly":false,"redundancyMode":"None","inProgressOperationId":null,"geoDistributions":null,"privateEndpointConnections":[]}}'
    headers:
      cache-control:
      - no-cache
      content-length:
      - '3490'
      content-type:
      - application/json
      date:
      - Wed, 21 Aug 2019 20:18:35 GMT
      etag:
      - '"1D5585D92F69255"'
      expires:
      - '-1'
      pragma:
      - no-cache
      server:
      - Microsoft-IIS/10.0
      strict-transport-security:
      - max-age=31536000; includeSubDomains
      transfer-encoding:
      - chunked
      vary:
      - Accept-Encoding
      x-aspnet-version:
      - 4.0.30319
      x-content-type-options:
      - nosniff
      x-powered-by:
      - ASP.NET
    status:
      code: 200
      message: OK
- request:
    body: '{"properties": {"repoUrl": "https://github.com/yugangw-msft/azure-site-test.git",
      "branch": "master", "isManualIntegration": true, "isMercurial": false}}'
    headers:
      Accept:
      - application/json
      Accept-Encoding:
      - gzip, deflate
      CommandName:
      - webapp create
      Connection:
      - keep-alive
      Content-Length:
      - '153'
      Content-Type:
      - application/json; charset=utf-8
      ParameterSetName:
      - -g -n --plan -u -r
      User-Agent:
      - python/3.7.4 (Windows-10-10.0.18362-SP0) msrest/0.6.9 msrest_azure/0.6.1 azure-mgmt-web/0.42.0
        Azure-SDK-For-Python AZURECLI/2.0.71
      accept-language:
      - en-US
    method: PUT
    uri: https://management.azure.com/subscriptions/00000000-0000-0000-0000-000000000000/resourceGroups/cli_test_webapp_linux_free000001/providers/Microsoft.Web/sites/webapp-linux-free000002/sourcecontrols/web?api-version=2018-11-01
  response:
    body:
      string: '{"id":"/subscriptions/00000000-0000-0000-0000-000000000000/resourceGroups/cli_test_webapp_linux_free000001/providers/Microsoft.Web/sites/webapp-linux-free000002/sourcecontrols/web","name":"webapp-linux-free000002","type":"Microsoft.Web/sites/sourcecontrols","location":"West
        US","properties":{"repoUrl":"https://github.com/yugangw-msft/azure-site-test.git","branch":"master","isManualIntegration":true,"deploymentRollbackEnabled":false,"isMercurial":false,"provisioningState":"InProgress"}}'
    headers:
      cache-control:
      - no-cache
      content-length:
      - '535'
      content-type:
      - application/json
      date:
      - Wed, 21 Aug 2019 20:19:04 GMT
      etag:
      - '"1D5585DAE271F60"'
      expires:
      - '-1'
      pragma:
      - no-cache
      server:
      - Microsoft-IIS/10.0
      strict-transport-security:
      - max-age=31536000; includeSubDomains
      x-aspnet-version:
      - 4.0.30319
      x-content-type-options:
      - nosniff
      x-ms-ratelimit-remaining-subscription-writes:
      - '1197'
      x-powered-by:
      - ASP.NET
    status:
      code: 201
      message: Created
- request:
    body: null
    headers:
      Accept:
      - application/json
      Accept-Encoding:
      - gzip, deflate
      CommandName:
      - webapp create
      Connection:
      - keep-alive
      ParameterSetName:
      - -g -n --plan -u -r
      User-Agent:
      - python/3.7.4 (Windows-10-10.0.18362-SP0) msrest/0.6.9 msrest_azure/0.6.1 azure-mgmt-web/0.42.0
        Azure-SDK-For-Python AZURECLI/2.0.71
    method: GET
    uri: https://management.azure.com/subscriptions/00000000-0000-0000-0000-000000000000/resourceGroups/cli_test_webapp_linux_free000001/providers/Microsoft.Web/sites/webapp-linux-free000002/sourcecontrols/web?api-version=2018-11-01
  response:
    body:
      string: '{"id":"/subscriptions/00000000-0000-0000-0000-000000000000/resourceGroups/cli_test_webapp_linux_free000001/providers/Microsoft.Web/sites/webapp-linux-free000002/sourcecontrols/web","name":"webapp-linux-free000002","type":"Microsoft.Web/sites/sourcecontrols","location":"West
        US","properties":{"repoUrl":"https://github.com/yugangw-msft/azure-site-test.git","branch":"master","isManualIntegration":true,"deploymentRollbackEnabled":false,"isMercurial":false,"provisioningState":"InProgress","provisioningDetails":"2019-08-21T20:19:35.6779018
        https://webapp-linux-free000002.scm.azurewebsites.net/api/deployments/latest?deployer=GitHub&time=2019-08-21_20-19-35Z"}}'
    headers:
      cache-control:
      - no-cache
      content-length:
      - '707'
      content-type:
      - application/json
      date:
      - Wed, 21 Aug 2019 20:19:36 GMT
      etag:
      - '"1D5585DAE271F60"'
      expires:
      - '-1'
      pragma:
      - no-cache
      server:
      - Microsoft-IIS/10.0
      strict-transport-security:
      - max-age=31536000; includeSubDomains
      transfer-encoding:
      - chunked
      vary:
      - Accept-Encoding
      x-aspnet-version:
      - 4.0.30319
      x-content-type-options:
      - nosniff
      x-powered-by:
      - ASP.NET
    status:
      code: 200
      message: OK
- request:
    body: null
    headers:
      Accept:
      - application/json
      Accept-Encoding:
      - gzip, deflate
      CommandName:
      - webapp create
      Connection:
      - keep-alive
      ParameterSetName:
      - -g -n --plan -u -r
      User-Agent:
      - python/3.7.4 (Windows-10-10.0.18362-SP0) msrest/0.6.9 msrest_azure/0.6.1 azure-mgmt-web/0.42.0
        Azure-SDK-For-Python AZURECLI/2.0.71
    method: GET
    uri: https://management.azure.com/subscriptions/00000000-0000-0000-0000-000000000000/resourceGroups/cli_test_webapp_linux_free000001/providers/Microsoft.Web/sites/webapp-linux-free000002/sourcecontrols/web?api-version=2018-11-01
  response:
    body:
      string: '{"id":"/subscriptions/00000000-0000-0000-0000-000000000000/resourceGroups/cli_test_webapp_linux_free000001/providers/Microsoft.Web/sites/webapp-linux-free000002/sourcecontrols/web","name":"webapp-linux-free000002","type":"Microsoft.Web/sites/sourcecontrols","location":"West
        US","properties":{"repoUrl":"https://github.com/yugangw-msft/azure-site-test.git","branch":"master","isManualIntegration":true,"deploymentRollbackEnabled":false,"isMercurial":false,"provisioningState":"InProgress","provisioningDetails":"2019-08-21T20:19:58.0407941
        http://webapp-linux-free000002.scm.azurewebsites.net:80/api/deployments/latest?deployer=GitHub&time=2019-08-21_20-19-35Z"}}'
    headers:
      cache-control:
      - no-cache
      content-length:
      - '709'
      content-type:
      - application/json
      date:
      - Wed, 21 Aug 2019 20:20:06 GMT
      etag:
      - '"1D5585DAE271F60"'
      expires:
      - '-1'
      pragma:
      - no-cache
      server:
      - Microsoft-IIS/10.0
      strict-transport-security:
      - max-age=31536000; includeSubDomains
      transfer-encoding:
      - chunked
      vary:
      - Accept-Encoding
      x-aspnet-version:
      - 4.0.30319
      x-content-type-options:
      - nosniff
      x-powered-by:
      - ASP.NET
    status:
      code: 200
      message: OK
- request:
    body: null
    headers:
      Accept:
      - application/json
      Accept-Encoding:
      - gzip, deflate
      CommandName:
      - webapp create
      Connection:
      - keep-alive
      ParameterSetName:
      - -g -n --plan -u -r
      User-Agent:
      - python/3.7.4 (Windows-10-10.0.18362-SP0) msrest/0.6.9 msrest_azure/0.6.1 azure-mgmt-web/0.42.0
        Azure-SDK-For-Python AZURECLI/2.0.71
    method: GET
    uri: https://management.azure.com/subscriptions/00000000-0000-0000-0000-000000000000/resourceGroups/cli_test_webapp_linux_free000001/providers/Microsoft.Web/sites/webapp-linux-free000002/sourcecontrols/web?api-version=2018-11-01
  response:
    body:
      string: '{"id":"/subscriptions/00000000-0000-0000-0000-000000000000/resourceGroups/cli_test_webapp_linux_free000001/providers/Microsoft.Web/sites/webapp-linux-free000002/sourcecontrols/web","name":"webapp-linux-free000002","type":"Microsoft.Web/sites/sourcecontrols","location":"West
        US","properties":{"repoUrl":"https://github.com/yugangw-msft/azure-site-test.git","branch":"master","isManualIntegration":true,"deploymentRollbackEnabled":false,"isMercurial":false,"provisioningState":"Succeeded"}}'
    headers:
      cache-control:
      - no-cache
      content-length:
      - '534'
      content-type:
      - application/json
      date:
      - Wed, 21 Aug 2019 20:20:37 GMT
      etag:
      - '"1D5585DAE271F60"'
      expires:
      - '-1'
      pragma:
      - no-cache
      server:
      - Microsoft-IIS/10.0
      strict-transport-security:
      - max-age=31536000; includeSubDomains
      transfer-encoding:
      - chunked
      vary:
      - Accept-Encoding
      x-aspnet-version:
      - 4.0.30319
      x-content-type-options:
      - nosniff
      x-powered-by:
      - ASP.NET
    status:
      code: 200
      message: OK
- request:
    body: '{}'
    headers:
      Accept:
      - application/xml
      Accept-Encoding:
      - gzip, deflate
      CommandName:
      - webapp create
      Connection:
      - keep-alive
      Content-Length:
      - '2'
      Content-Type:
      - application/json; charset=utf-8
      ParameterSetName:
      - -g -n --plan -u -r
      User-Agent:
      - python/3.7.4 (Windows-10-10.0.18362-SP0) msrest/0.6.9 msrest_azure/0.6.1 azure-mgmt-web/0.42.0
        Azure-SDK-For-Python AZURECLI/2.0.71
      accept-language:
      - en-US
    method: POST
    uri: https://management.azure.com/subscriptions/00000000-0000-0000-0000-000000000000/resourceGroups/cli_test_webapp_linux_free000001/providers/Microsoft.Web/sites/webapp-linux-free000002/publishxml?api-version=2018-11-01
  response:
    body:
      string: <publishData><publishProfile profileName="webapp-linux-free000002 -
        Web Deploy" publishMethod="MSDeploy" publishUrl="webapp-linux-free000002.scm.azurewebsites.net:443"
        msdeploySite="webapp-linux-free000002" userName="$webapp-linux-free000002"
        userPWD="nwD8hLMnn9swSTkgufrTGhoHst8EnXH5dKsNqpjusDdGmQaNJfpEFgnKtYa4" destinationAppUrl="http://webapp-linux-free000002.azurewebsites.net"
        SQLServerDBConnectionString="" mySQLDBConnectionString="" hostingProviderForumLink=""
        controlPanelLink="http://windows.azure.com" webSystem="WebSites"><databases
        /></publishProfile><publishProfile profileName="webapp-linux-free000002 -
        FTP" publishMethod="FTP" publishUrl="ftp://waws-prod-bay-109.ftp.azurewebsites.windows.net/site/wwwroot"
        ftpPassiveMode="True" userName="webapp-linux-free000002\$webapp-linux-free000002"
        userPWD="nwD8hLMnn9swSTkgufrTGhoHst8EnXH5dKsNqpjusDdGmQaNJfpEFgnKtYa4" destinationAppUrl="http://webapp-linux-free000002.azurewebsites.net"
        SQLServerDBConnectionString="" mySQLDBConnectionString="" hostingProviderForumLink=""
        controlPanelLink="http://windows.azure.com" webSystem="WebSites"><databases
        /></publishProfile><publishProfile profileName="webapp-linux-free000002 -
        ReadOnly - FTP" publishMethod="FTP" publishUrl="ftp://waws-prod-bay-109dr.ftp.azurewebsites.windows.net/site/wwwroot"
        ftpPassiveMode="True" userName="webapp-linux-free000002\$webapp-linux-free000002"
        userPWD="nwD8hLMnn9swSTkgufrTGhoHst8EnXH5dKsNqpjusDdGmQaNJfpEFgnKtYa4" destinationAppUrl="http://webapp-linux-free000002.azurewebsites.net"
        SQLServerDBConnectionString="" mySQLDBConnectionString="" hostingProviderForumLink=""
        controlPanelLink="http://windows.azure.com" webSystem="WebSites"><databases
        /></publishProfile></publishData>
    headers:
      cache-control:
      - no-cache
      content-length:
      - '1730'
      content-type:
      - application/xml
      date:
      - Wed, 21 Aug 2019 20:20:38 GMT
      expires:
      - '-1'
      pragma:
      - no-cache
      server:
      - Microsoft-IIS/10.0
      strict-transport-security:
      - max-age=31536000; includeSubDomains
      x-aspnet-version:
      - 4.0.30319
      x-content-type-options:
      - nosniff
      x-ms-ratelimit-remaining-subscription-resource-requests:
      - '11997'
      x-powered-by:
      - ASP.NET
    status:
      code: 200
      message: OK
- request:
    body: null
    headers:
      Accept:
      - application/json
      Accept-Encoding:
      - gzip, deflate
      CommandName:
      - webapp config show
      Connection:
      - keep-alive
      ParameterSetName:
      - -g -n
      User-Agent:
      - python/3.7.4 (Windows-10-10.0.18362-SP0) msrest/0.6.9 msrest_azure/0.6.1 azure-mgmt-web/0.42.0
        Azure-SDK-For-Python AZURECLI/2.0.71
      accept-language:
      - en-US
    method: GET
    uri: https://management.azure.com/subscriptions/00000000-0000-0000-0000-000000000000/resourceGroups/cli_test_webapp_linux_free000001/providers/Microsoft.Web/sites/webapp-linux-free000002/config/web?api-version=2018-11-01
  response:
    body:
      string: '{"id":"/subscriptions/00000000-0000-0000-0000-000000000000/resourceGroups/cli_test_webapp_linux_free000001/providers/Microsoft.Web/sites/webapp-linux-free000002/config/web","name":"webapp-linux-free000002","type":"Microsoft.Web/sites/config","location":"West
        US","properties":{"numberOfWorkers":1,"defaultDocuments":["Default.htm","Default.html","Default.asp","index.htm","index.html","iisstart.htm","default.aspx","index.php","hostingstart.html"],"netFrameworkVersion":"v4.0","phpVersion":"","pythonVersion":"","nodeVersion":"","linuxFxVersion":"node|10.14","windowsFxVersion":null,"requestTracingEnabled":false,"remoteDebuggingEnabled":false,"remoteDebuggingVersion":null,"httpLoggingEnabled":false,"azureMonitorLogCategories":null,"logsDirectorySizeLimit":35,"detailedErrorLoggingEnabled":false,"publishingUsername":"$webapp-linux-free000002","publishingPassword":null,"appSettings":null,"metadata":null,"connectionStrings":null,"machineKey":null,"handlerMappings":null,"documentRoot":null,"scmType":"ExternalGit","use32BitWorkerProcess":true,"webSocketsEnabled":false,"alwaysOn":false,"javaVersion":null,"javaContainer":null,"javaContainerVersion":null,"appCommandLine":"","managedPipelineMode":"Integrated","virtualApplications":[{"virtualPath":"/","physicalPath":"site\\wwwroot","preloadEnabled":false,"virtualDirectories":null}],"winAuthAdminState":0,"winAuthTenantState":0,"customAppPoolIdentityAdminState":false,"customAppPoolIdentityTenantState":false,"runtimeADUser":null,"runtimeADUserPassword":null,"loadBalancing":"LeastRequests","routingRules":[],"experiments":{"rampUpRules":[]},"limits":null,"autoHealEnabled":false,"autoHealRules":null,"tracingOptions":null,"vnetName":"","siteAuthEnabled":false,"siteAuthSettings":{"enabled":null,"unauthenticatedClientAction":null,"tokenStoreEnabled":null,"allowedExternalRedirectUrls":null,"defaultProvider":null,"clientId":null,"clientSecret":null,"clientSecretCertificateThumbprint":null,"issuer":null,"allowedAudiences":null,"additionalLoginParams":null,"isAadAutoProvisioned":false,"googleClientId":null,"googleClientSecret":null,"googleOAuthScopes":null,"facebookAppId":null,"facebookAppSecret":null,"facebookOAuthScopes":null,"twitterConsumerKey":null,"twitterConsumerSecret":null,"microsoftAccountClientId":null,"microsoftAccountClientSecret":null,"microsoftAccountOAuthScopes":null},"cors":null,"push":null,"apiDefinition":null,"apiManagementConfig":null,"autoSwapSlotName":null,"localMySqlEnabled":false,"managedServiceIdentityId":null,"xManagedServiceIdentityId":null,"ipSecurityRestrictions":[{"ipAddress":"Any","action":"Allow","priority":1,"name":"Allow
        all","description":"Allow all access"}],"scmIpSecurityRestrictions":[{"ipAddress":"Any","action":"Allow","priority":1,"name":"Allow
        all","description":"Allow all access"}],"scmIpSecurityRestrictionsUseMain":false,"http20Enabled":true,"minTlsVersion":"1.2","ftpsState":"AllAllowed","reservedInstanceCount":0,"preWarmedInstanceCount":null,"healthCheckPath":null,"fileChangeAuditEnabled":false}}'
    headers:
      cache-control:
      - no-cache
      content-length:
      - '3059'
      content-type:
      - application/json
      date:
      - Wed, 21 Aug 2019 20:20:39 GMT
      expires:
      - '-1'
      pragma:
      - no-cache
      server:
      - Microsoft-IIS/10.0
      strict-transport-security:
      - max-age=31536000; includeSubDomains
      transfer-encoding:
      - chunked
      vary:
      - Accept-Encoding
      x-aspnet-version:
      - 4.0.30319
      x-content-type-options:
      - nosniff
      x-powered-by:
      - ASP.NET
    status:
      code: 200
      message: OK
version: 1
