interactions:
- request:
    body: null
    headers:
      Accept:
      - application/json
      Accept-Encoding:
      - gzip, deflate
      CommandName:
      - functionapp plan create
      Connection:
      - keep-alive
      ParameterSetName:
      - -g -n --sku
      User-Agent:
      - AZURECLI/2.30.0 azsdk-python-azure-mgmt-resource/19.0.0 Python/3.8.6 (macOS-10.15.7-x86_64-i386-64bit)
    method: GET
    uri: https://management.azure.com/subscriptions/00000000-0000-0000-0000-000000000000/resourcegroups/clitest.rg000001?api-version=2021-04-01
  response:
    body:
      string: '{"id":"/subscriptions/00000000-0000-0000-0000-000000000000/resourceGroups/clitest.rg000001","name":"clitest.rg000001","type":"Microsoft.Resources/resourceGroups","location":"francecentral","tags":{"product":"azurecli","cause":"automation","date":"2021-11-08T22:31:40Z"},"properties":{"provisioningState":"Succeeded"}}'
    headers:
      cache-control:
      - no-cache
      content-length:
      - '435'
      content-type:
      - application/json; charset=utf-8
      date:
      - Mon, 08 Nov 2021 22:32:11 GMT
      expires:
      - '-1'
      pragma:
      - no-cache
      strict-transport-security:
      - max-age=31536000; includeSubDomains
      vary:
      - Accept-Encoding
      x-content-type-options:
      - nosniff
    status:
      code: 200
      message: OK
- request:
    body: '{"location": "francecentral", "sku": {"name": "S1", "tier": "STANDARD"},
      "properties": {"perSiteScaling": false, "isXenon": false}}'
    headers:
      Accept:
      - application/json
      Accept-Encoding:
      - gzip, deflate
      CommandName:
      - functionapp plan create
      Connection:
      - keep-alive
      Content-Length:
      - '131'
      Content-Type:
      - application/json
      ParameterSetName:
      - -g -n --sku
      User-Agent:
      - AZURECLI/2.30.0 azsdk-python-azure-mgmt-web/4.0.0 Python/3.8.6 (macOS-10.15.7-x86_64-i386-64bit)
    method: PUT
    uri: https://management.azure.com/subscriptions/00000000-0000-0000-0000-000000000000/resourceGroups/clitest.rg000001/providers/Microsoft.Web/serverfarms/funcappplan000003?api-version=2020-09-01
  response:
    body:
      string: '{"id":"/subscriptions/00000000-0000-0000-0000-000000000000/resourceGroups/clitest.rg000001/providers/Microsoft.Web/serverfarms/funcappplan000003","name":"funcappplan000003","type":"Microsoft.Web/serverfarms","kind":"app","location":"francecentral","properties":{"serverFarmId":9044,"name":"funcappplan000003","sku":{"name":"S1","tier":"Standard","size":"S1","family":"S","capacity":1},"workerSize":"Default","workerSizeId":0,"workerTierName":null,"numberOfWorkers":1,"currentWorkerSize":"Default","currentWorkerSizeId":0,"currentNumberOfWorkers":1,"status":"Ready","webSpace":"clitest.rg000001-FranceCentralwebspace","subscription":"2edc29f4-b81f-494b-a624-cc619903b837","adminSiteName":null,"hostingEnvironment":null,"hostingEnvironmentProfile":null,"maximumNumberOfWorkers":0,"planName":"VirtualDedicatedPlan","adminRuntimeSiteName":null,"computeMode":"Dedicated","siteMode":null,"geoRegion":"France
        Central","perSiteScaling":false,"elasticScaleEnabled":false,"maximumElasticWorkerCount":1,"numberOfSites":0,"hostingEnvironmentId":null,"isSpot":false,"spotExpirationTime":null,"freeOfferExpirationTime":null,"tags":null,"kind":"app","resourceGroup":"clitest.rg000001","reserved":false,"isXenon":false,"hyperV":false,"mdmId":"waws-prod-par-021_9044","targetWorkerCount":0,"targetWorkerSizeId":0,"provisioningState":"Succeeded","webSiteId":null,"existingServerFarmIds":null,"kubeEnvironmentProfile":null,"zoneRedundant":false},"sku":{"name":"S1","tier":"Standard","size":"S1","family":"S","capacity":1}}'
    headers:
      cache-control:
      - no-cache
      content-length:
      - '1701'
      content-type:
      - application/json
      date:
      - Mon, 08 Nov 2021 22:32:22 GMT
      etag:
      - '"1D7D4F07E05C82B"'
      expires:
      - '-1'
      pragma:
      - no-cache
      server:
      - Microsoft-IIS/10.0
      strict-transport-security:
      - max-age=31536000; includeSubDomains
      transfer-encoding:
      - chunked
      vary:
      - Accept-Encoding
      x-aspnet-version:
      - 4.0.30319
      x-content-type-options:
      - nosniff
      x-ms-ratelimit-remaining-subscription-writes:
      - '1197'
      x-powered-by:
      - ASP.NET
    status:
      code: 200
      message: OK
- request:
    body: null
    headers:
      Accept:
      - application/json
      Accept-Encoding:
      - gzip, deflate
      CommandName:
      - functionapp create
      Connection:
      - keep-alive
      ParameterSetName:
      - -g -n --plan -s --functions-version --runtime
      User-Agent:
      - AZURECLI/2.30.0 azsdk-python-azure-mgmt-web/4.0.0 Python/3.8.6 (macOS-10.15.7-x86_64-i386-64bit)
    method: GET
    uri: https://management.azure.com/subscriptions/00000000-0000-0000-0000-000000000000/resourceGroups/clitest.rg000001/providers/Microsoft.Web/serverfarms/funcappplan000003?api-version=2020-09-01
  response:
    body:
      string: '{"id":"/subscriptions/00000000-0000-0000-0000-000000000000/resourceGroups/clitest.rg000001/providers/Microsoft.Web/serverfarms/funcappplan000003","name":"funcappplan000003","type":"Microsoft.Web/serverfarms","kind":"app","location":"France
        Central","properties":{"serverFarmId":9044,"name":"funcappplan000003","workerSize":"Default","workerSizeId":0,"workerTierName":null,"numberOfWorkers":1,"currentWorkerSize":"Default","currentWorkerSizeId":0,"currentNumberOfWorkers":1,"status":"Ready","webSpace":"clitest.rg000001-FranceCentralwebspace","subscription":"2edc29f4-b81f-494b-a624-cc619903b837","adminSiteName":null,"hostingEnvironment":null,"hostingEnvironmentProfile":null,"maximumNumberOfWorkers":10,"planName":"VirtualDedicatedPlan","adminRuntimeSiteName":null,"computeMode":"Dedicated","siteMode":null,"geoRegion":"France
        Central","perSiteScaling":false,"elasticScaleEnabled":false,"maximumElasticWorkerCount":1,"numberOfSites":0,"hostingEnvironmentId":null,"isSpot":false,"spotExpirationTime":null,"freeOfferExpirationTime":null,"tags":null,"kind":"app","resourceGroup":"clitest.rg000001","reserved":false,"isXenon":false,"hyperV":false,"mdmId":"waws-prod-par-021_9044","targetWorkerCount":0,"targetWorkerSizeId":0,"provisioningState":"Succeeded","webSiteId":null,"existingServerFarmIds":null,"kubeEnvironmentProfile":null,"zoneRedundant":false},"sku":{"name":"S1","tier":"Standard","size":"S1","family":"S","capacity":1}}'
    headers:
      cache-control:
      - no-cache
      content-length:
      - '1627'
      content-type:
      - application/json
      date:
      - Mon, 08 Nov 2021 22:32:23 GMT
      expires:
      - '-1'
      pragma:
      - no-cache
      server:
      - Microsoft-IIS/10.0
      strict-transport-security:
      - max-age=31536000; includeSubDomains
      transfer-encoding:
      - chunked
      vary:
      - Accept-Encoding
      x-aspnet-version:
      - 4.0.30319
      x-content-type-options:
      - nosniff
      x-powered-by:
      - ASP.NET
    status:
      code: 200
      message: OK
- request:
    body: null
    headers:
      Accept:
      - application/json
      Accept-Encoding:
      - gzip, deflate
      CommandName:
      - functionapp create
      Connection:
      - keep-alive
      ParameterSetName:
      - -g -n --plan -s --functions-version --runtime
      User-Agent:
      - AZURECLI/2.30.0 azsdk-python-azure-mgmt-storage/19.0.0 Python/3.8.6 (macOS-10.15.7-x86_64-i386-64bit)
    method: GET
    uri: https://management.azure.com/subscriptions/00000000-0000-0000-0000-000000000000/resourceGroups/clitest.rg000001/providers/Microsoft.Storage/storageAccounts/clitest000002?api-version=2021-06-01
  response:
    body:
      string: '{"sku":{"name":"Standard_LRS","tier":"Standard"},"kind":"Storage","id":"/subscriptions/00000000-0000-0000-0000-000000000000/resourceGroups/clitest.rg000001/providers/Microsoft.Storage/storageAccounts/clitest000002","name":"clitest000002","type":"Microsoft.Storage/storageAccounts","location":"westus","tags":{},"properties":{"keyCreationTime":{"key1":"2021-11-08T22:31:50.0076672Z","key2":"2021-11-08T22:31:50.0076672Z"},"privateEndpointConnections":[],"minimumTlsVersion":"TLS1_0","allowBlobPublicAccess":true,"networkAcls":{"bypass":"AzureServices","virtualNetworkRules":[],"ipRules":[],"defaultAction":"Allow"},"supportsHttpsTrafficOnly":true,"encryption":{"services":{"file":{"keyType":"Account","enabled":true,"lastEnabledTime":"2021-11-08T22:31:50.0076672Z"},"blob":{"keyType":"Account","enabled":true,"lastEnabledTime":"2021-11-08T22:31:50.0076672Z"}},"keySource":"Microsoft.Storage"},"provisioningState":"Succeeded","creationTime":"2021-11-08T22:31:49.9138997Z","primaryEndpoints":{"blob":"https://clitest000002.blob.core.windows.net/","queue":"https://clitest000002.queue.core.windows.net/","table":"https://clitest000002.table.core.windows.net/","file":"https://clitest000002.file.core.windows.net/"},"primaryLocation":"westus","statusOfPrimary":"available"}}'
    headers:
      cache-control:
      - no-cache
      content-length:
      - '1394'
      content-type:
      - application/json
      date:
      - Mon, 08 Nov 2021 22:32:24 GMT
      expires:
      - '-1'
      pragma:
      - no-cache
      server:
      - Microsoft-Azure-Storage-Resource-Provider/1.0,Microsoft-HTTPAPI/2.0 Microsoft-HTTPAPI/2.0
      strict-transport-security:
      - max-age=31536000; includeSubDomains
      transfer-encoding:
      - chunked
      vary:
      - Accept-Encoding
      x-content-type-options:
      - nosniff
    status:
      code: 200
      message: OK
- request:
    body: null
    headers:
      Accept:
      - application/json
      Accept-Encoding:
      - gzip, deflate
      CommandName:
      - functionapp create
      Connection:
      - keep-alive
      Content-Length:
      - '0'
      ParameterSetName:
      - -g -n --plan -s --functions-version --runtime
      User-Agent:
      - AZURECLI/2.30.0 azsdk-python-azure-mgmt-storage/19.0.0 Python/3.8.6 (macOS-10.15.7-x86_64-i386-64bit)
    method: POST
    uri: https://management.azure.com/subscriptions/00000000-0000-0000-0000-000000000000/resourceGroups/clitest.rg000001/providers/Microsoft.Storage/storageAccounts/clitest000002/listKeys?api-version=2021-06-01&$expand=kerb
  response:
    body:
      string: '{"keys":[{"creationTime":"2021-11-08T22:31:50.0076672Z","keyName":"key1","value":"veryFakedStorageAccountKey==","permissions":"FULL"},{"creationTime":"2021-11-08T22:31:50.0076672Z","keyName":"key2","value":"veryFakedStorageAccountKey==","permissions":"FULL"}]}'
    headers:
      cache-control:
      - no-cache
      content-length:
      - '380'
      content-type:
      - application/json
      date:
      - Mon, 08 Nov 2021 22:32:24 GMT
      expires:
      - '-1'
      pragma:
      - no-cache
      server:
      - Microsoft-Azure-Storage-Resource-Provider/1.0,Microsoft-HTTPAPI/2.0 Microsoft-HTTPAPI/2.0
      strict-transport-security:
      - max-age=31536000; includeSubDomains
      transfer-encoding:
      - chunked
      vary:
      - Accept-Encoding
      x-content-type-options:
      - nosniff
      x-ms-ratelimit-remaining-subscription-resource-requests:
      - '11999'
    status:
      code: 200
      message: OK
- request:
    body: '{"kind": "functionapp", "location": "France Central", "properties": {"serverFarmId":
      "funcappplan000003", "reserved": false, "isXenon": false, "hyperV": false, "siteConfig":
      {"netFrameworkVersion": "v4.6", "appSettings": [{"name": "FUNCTIONS_WORKER_RUNTIME",
      "value": "node"}, {"name": "WEBSITE_NODE_DEFAULT_VERSION", "value": "~14"},
      {"name": "FUNCTIONS_EXTENSION_VERSION", "value": "~3"}, {"name": "AzureWebJobsStorage",
      "value": "DefaultEndpointsProtocol=https;EndpointSuffix=core.windows.net;AccountName=clitest000002;AccountKey=veryFakedStorageAccountKey=="}],
      "use32BitWorkerProcess": true, "alwaysOn": true, "localMySqlEnabled": false,
      "http20Enabled": true}, "scmSiteAlsoStopped": false}}'
    headers:
      Accept:
      - application/json
      Accept-Encoding:
      - gzip, deflate
      CommandName:
      - functionapp create
      Connection:
      - keep-alive
      Content-Length:
      - '774'
      Content-Type:
      - application/json
      ParameterSetName:
      - -g -n --plan -s --functions-version --runtime
      User-Agent:
      - AZURECLI/2.30.0 azsdk-python-azure-mgmt-web/4.0.0 Python/3.8.6 (macOS-10.15.7-x86_64-i386-64bit)
    method: PUT
    uri: https://management.azure.com/subscriptions/00000000-0000-0000-0000-000000000000/resourceGroups/clitest.rg000001/providers/Microsoft.Web/sites/functionapp-slot000004?api-version=2020-09-01
  response:
    body:
      string: '{"id":"/subscriptions/00000000-0000-0000-0000-000000000000/resourceGroups/clitest.rg000001/providers/Microsoft.Web/sites/functionapp-slot000004","name":"functionapp-slot000004","type":"Microsoft.Web/sites","kind":"functionapp","location":"France
        Central","properties":{"name":"functionapp-slot000004","state":"Running","hostNames":["functionapp-slot000004.azurewebsites.net"],"webSpace":"clitest.rg000001-FranceCentralwebspace","selfLink":"https://waws-prod-par-021.api.azurewebsites.windows.net:454/subscriptions/00000000-0000-0000-0000-000000000000/webspaces/clitest.rg000001-FranceCentralwebspace/sites/functionapp-slot000004","repositorySiteName":"functionapp-slot000004","owner":null,"usageState":"Normal","enabled":true,"adminEnabled":true,"enabledHostNames":["functionapp-slot000004.azurewebsites.net","functionapp-slot000004.scm.azurewebsites.net"],"siteProperties":{"metadata":null,"properties":[{"name":"LinuxFxVersion","value":""},{"name":"WindowsFxVersion","value":null}],"appSettings":null},"availabilityState":"Normal","sslCertificates":null,"csrs":[],"cers":null,"siteMode":null,"hostNameSslStates":[{"name":"functionapp-slot000004.azurewebsites.net","sslState":"Disabled","ipBasedSslResult":null,"virtualIP":null,"thumbprint":null,"toUpdate":null,"toUpdateIpBasedSsl":null,"ipBasedSslState":"NotConfigured","hostType":"Standard"},{"name":"functionapp-slot000004.scm.azurewebsites.net","sslState":"Disabled","ipBasedSslResult":null,"virtualIP":null,"thumbprint":null,"toUpdate":null,"toUpdateIpBasedSsl":null,"ipBasedSslState":"NotConfigured","hostType":"Repository"}],"computeMode":null,"serverFarm":null,"serverFarmId":"/subscriptions/00000000-0000-0000-0000-000000000000/resourceGroups/clitest.rg000001/providers/Microsoft.Web/serverfarms/funcappplan000003","reserved":false,"isXenon":false,"hyperV":false,"lastModifiedTimeUtc":"2021-11-08T22:32:34.07","storageRecoveryDefaultState":"Running","contentAvailabilityState":"Normal","runtimeAvailabilityState":"Normal","siteConfig":{"numberOfWorkers":1,"defaultDocuments":null,"netFrameworkVersion":null,"phpVersion":null,"pythonVersion":null,"nodeVersion":null,"powerShellVersion":null,"linuxFxVersion":"","windowsFxVersion":null,"requestTracingEnabled":null,"remoteDebuggingEnabled":null,"remoteDebuggingVersion":null,"httpLoggingEnabled":null,"azureMonitorLogCategories":null,"acrUseManagedIdentityCreds":false,"acrUserManagedIdentityID":null,"logsDirectorySizeLimit":null,"detailedErrorLoggingEnabled":null,"publishingUsername":null,"publishingPassword":null,"appSettings":null,"metadata":null,"connectionStrings":null,"machineKey":null,"handlerMappings":null,"documentRoot":null,"scmType":null,"use32BitWorkerProcess":null,"webSocketsEnabled":null,"alwaysOn":false,"javaVersion":null,"javaContainer":null,"javaContainerVersion":null,"appCommandLine":null,"managedPipelineMode":null,"virtualApplications":null,"winAuthAdminState":null,"winAuthTenantState":null,"customAppPoolIdentityAdminState":null,"customAppPoolIdentityTenantState":null,"runtimeADUser":null,"runtimeADUserPassword":null,"loadBalancing":null,"routingRules":null,"experiments":null,"limits":null,"autoHealEnabled":null,"autoHealRules":null,"tracingOptions":null,"vnetName":null,"vnetRouteAllEnabled":null,"vnetPrivatePortsCount":null,"publicNetworkAccess":null,"cors":null,"push":null,"apiDefinition":null,"apiManagementConfig":null,"autoSwapSlotName":null,"localMySqlEnabled":null,"managedServiceIdentityId":null,"xManagedServiceIdentityId":null,"keyVaultReferenceIdentity":null,"ipSecurityRestrictions":[{"ipAddress":"Any","action":"Allow","priority":1,"name":"Allow
        all","description":"Allow all access"}],"scmIpSecurityRestrictions":[{"ipAddress":"Any","action":"Allow","priority":1,"name":"Allow
        all","description":"Allow all access"}],"scmIpSecurityRestrictionsUseMain":null,"http20Enabled":false,"minTlsVersion":null,"scmMinTlsVersion":null,"ftpsState":null,"preWarmedInstanceCount":null,"functionAppScaleLimit":0,"healthCheckPath":null,"fileChangeAuditEnabled":null,"functionsRuntimeScaleMonitoringEnabled":null,"websiteTimeZone":null,"minimumElasticInstanceCount":0,"azureStorageAccounts":null,"sitePort":null},"deploymentId":"functionapp-slot000004","slotName":null,"trafficManagerHostNames":null,"sku":"Standard","scmSiteAlsoStopped":false,"targetSwapSlot":null,"hostingEnvironment":null,"hostingEnvironmentProfile":null,"clientAffinityEnabled":false,"clientCertEnabled":false,"clientCertMode":"Required","clientCertExclusionPaths":null,"hostNamesDisabled":false,"domainVerificationIdentifiers":null,"customDomainVerificationId":"333646C25EDA7C903C86F0F0D0193C412978B2E48FA0B4F1461D339FBBAE3EB7","kind":"functionapp","inboundIpAddress":"20.43.43.36","possibleInboundIpAddresses":"20.43.43.36","ftpUsername":"functionapp-slot000004\\$functionapp-slot000004","ftpsHostName":"ftps://waws-prod-par-021.ftp.azurewebsites.windows.net/site/wwwroot","outboundIpAddresses":"20.74.10.172,20.74.11.5,20.74.11.16,20.74.13.91,20.74.65.15,20.74.66.179,20.43.43.36","possibleOutboundIpAddresses":"20.74.10.172,20.74.11.5,20.74.11.16,20.74.13.91,20.74.65.15,20.74.66.179,20.74.66.246,20.74.67.7,20.74.68.18,20.74.68.56,20.74.68.182,20.74.68.185,20.74.68.188,20.74.68.228,20.74.68.239,20.74.13.59,20.74.14.186,20.74.68.241,20.74.68.247,20.74.68.249,20.74.68.251,20.74.69.13,20.74.69.14,20.74.68.238,20.74.69.28,20.74.68.189,20.74.69.35,20.74.69.92,20.74.69.106,20.74.69.147,20.43.43.36","containerSize":1536,"dailyMemoryTimeQuota":0,"suspendedTill":null,"siteDisabledReason":0,"functionExecutionUnitsCache":null,"maxNumberOfWorkers":null,"homeStamp":"waws-prod-par-021","cloningInfo":null,"hostingEnvironmentId":null,"tags":null,"resourceGroup":"clitest.rg000001","defaultHostName":"functionapp-slot000004.azurewebsites.net","slotSwapStatus":null,"httpsOnly":false,"redundancyMode":"None","inProgressOperationId":null,"geoDistributions":null,"privateEndpointConnections":null,"buildVersion":null,"targetBuildVersion":null,"migrationState":null,"eligibleLogCategories":"FunctionAppLogs","storageAccountRequired":false,"virtualNetworkSubnetId":null,"keyVaultReferenceIdentity":"SystemAssigned"}}'
    headers:
      cache-control:
      - no-cache
      content-length:
      - '6453'
      content-type:
      - application/json
      date:
      - Mon, 08 Nov 2021 22:32:51 GMT
      etag:
      - '"1D7D4F086C02D60"'
      expires:
      - '-1'
      pragma:
      - no-cache
      server:
      - Microsoft-IIS/10.0
      strict-transport-security:
      - max-age=31536000; includeSubDomains
      transfer-encoding:
      - chunked
      vary:
      - Accept-Encoding
      x-aspnet-version:
      - 4.0.30319
      x-content-type-options:
      - nosniff
      x-ms-ratelimit-remaining-subscription-resource-requests:
      - '499'
      x-powered-by:
      - ASP.NET
    status:
      code: 200
      message: OK
- request:
    body: '{"location": "France Central", "kind": "web", "properties": {"Application_Type":
      "web"}}'
    headers:
      Accept:
      - application/json
      Accept-Encoding:
      - gzip, deflate
      CommandName:
      - functionapp create
      Connection:
      - keep-alive
      Content-Length:
      - '88'
      Content-Type:
      - application/json
      ParameterSetName:
      - -g -n --plan -s --functions-version --runtime
      User-Agent:
      - AZURECLI/2.30.0 azsdk-python-azure-mgmt-applicationinsights/1.0.0 Python/3.8.6
        (macOS-10.15.7-x86_64-i386-64bit)
    method: PUT
    uri: https://management.azure.com/subscriptions/00000000-0000-0000-0000-000000000000/resourceGroups/clitest.rg000001/providers/Microsoft.Insights/components/functionapp-slot000004?api-version=2015-05-01
  response:
    body:
      string: '{"id":"/subscriptions/00000000-0000-0000-0000-000000000000/resourceGroups/clitest.rg000001/providers/microsoft.insights/components/functionapp-slot000004","name":"functionapp-slot000004","type":"microsoft.insights/components","location":"francecentral","tags":{},"kind":"web","etag":"\"80001cdb-0000-0e00-0000-6189a59c0000\"","properties":{"Ver":"v2","ApplicationId":"functionapp-slot000004","AppId":"1f2cce14-3986-45c7-9f0e-6e0e14ecc52a","Application_Type":"web","Flow_Type":null,"Request_Source":null,"InstrumentationKey":"982a9581-b26f-44f4-94fc-928a124743bb","ConnectionString":"InstrumentationKey=982a9581-b26f-44f4-94fc-928a124743bb;IngestionEndpoint=https://francecentral-0.in.applicationinsights.azure.com/","Name":"functionapp-slot000004","CreationDate":"2021-11-08T22:33:00.5245832+00:00","TenantId":"2edc29f4-b81f-494b-a624-cc619903b837","provisioningState":"Succeeded","SamplingPercentage":null,"RetentionInDays":90,"IngestionMode":"ApplicationInsights","publicNetworkAccessForIngestion":"Enabled","publicNetworkAccessForQuery":"Enabled"}}'
    headers:
      access-control-expose-headers:
      - Request-Context
      cache-control:
      - no-cache
      content-length:
      - '1118'
      content-type:
      - application/json; charset=utf-8
      date:
      - Mon, 08 Nov 2021 22:33:02 GMT
      expires:
      - '-1'
      pragma:
      - no-cache
      request-context:
      - appId=cid-v1:920e14b1-13f3-461a-a4bb-b4fe6f1a4525
      server:
      - Microsoft-IIS/10.0
      strict-transport-security:
      - max-age=31536000; includeSubDomains
      transfer-encoding:
      - chunked
      vary:
      - Accept-Encoding
      x-content-type-options:
      - nosniff
      x-ms-ratelimit-remaining-subscription-writes:
      - '1197'
      x-powered-by:
      - ASP.NET
    status:
      code: 200
      message: OK
- request:
    body: null
    headers:
      Accept:
      - application/json
      Accept-Encoding:
      - gzip, deflate
      CommandName:
      - functionapp create
      Connection:
      - keep-alive
      Content-Length:
      - '0'
      ParameterSetName:
      - -g -n --plan -s --functions-version --runtime
      User-Agent:
      - AZURECLI/2.30.0 azsdk-python-azure-mgmt-web/4.0.0 Python/3.8.6 (macOS-10.15.7-x86_64-i386-64bit)
    method: POST
    uri: https://management.azure.com/subscriptions/00000000-0000-0000-0000-000000000000/resourceGroups/clitest.rg000001/providers/Microsoft.Web/sites/functionapp-slot000004/config/appsettings/list?api-version=2020-09-01
  response:
    body:
      string: '{"id":"/subscriptions/00000000-0000-0000-0000-000000000000/resourceGroups/clitest.rg000001/providers/Microsoft.Web/sites/functionapp-slot000004/config/appsettings","name":"appsettings","type":"Microsoft.Web/sites/config","location":"France
        Central","properties":{"FUNCTIONS_WORKER_RUNTIME":"node","WEBSITE_NODE_DEFAULT_VERSION":"~14","FUNCTIONS_EXTENSION_VERSION":"~3","AzureWebJobsStorage":"DefaultEndpointsProtocol=https;EndpointSuffix=core.windows.net;AccountName=clitest000002;AccountKey=veryFakedStorageAccountKey=="}}'
    headers:
      cache-control:
      - no-cache
      content-length:
      - '655'
      content-type:
      - application/json
      date:
      - Mon, 08 Nov 2021 22:33:05 GMT
      expires:
      - '-1'
      pragma:
      - no-cache
      server:
      - Microsoft-IIS/10.0
      strict-transport-security:
      - max-age=31536000; includeSubDomains
      transfer-encoding:
      - chunked
      vary:
      - Accept-Encoding
      x-aspnet-version:
      - 4.0.30319
      x-content-type-options:
      - nosniff
      x-ms-ratelimit-remaining-subscription-resource-requests:
      - '11999'
      x-powered-by:
      - ASP.NET
    status:
      code: 200
      message: OK
- request:
    body: '{"properties": {"FUNCTIONS_WORKER_RUNTIME": "node", "WEBSITE_NODE_DEFAULT_VERSION":
      "~14", "FUNCTIONS_EXTENSION_VERSION": "~3", "AzureWebJobsStorage": "DefaultEndpointsProtocol=https;EndpointSuffix=core.windows.net;AccountName=clitest000002;AccountKey=veryFakedStorageAccountKey==",
      "APPINSIGHTS_INSTRUMENTATIONKEY": "982a9581-b26f-44f4-94fc-928a124743bb"}}'
    headers:
      Accept:
      - application/json
      Accept-Encoding:
      - gzip, deflate
      CommandName:
      - functionapp create
      Connection:
      - keep-alive
      Content-Length:
      - '428'
      Content-Type:
      - application/json
      ParameterSetName:
      - -g -n --plan -s --functions-version --runtime
      User-Agent:
      - AZURECLI/2.30.0 azsdk-python-azure-mgmt-web/4.0.0 Python/3.8.6 (macOS-10.15.7-x86_64-i386-64bit)
    method: PUT
    uri: https://management.azure.com/subscriptions/00000000-0000-0000-0000-000000000000/resourceGroups/clitest.rg000001/providers/Microsoft.Web/sites/functionapp-slot000004/config/appsettings?api-version=2020-09-01
  response:
    body:
      string: '{"id":"/subscriptions/00000000-0000-0000-0000-000000000000/resourceGroups/clitest.rg000001/providers/Microsoft.Web/sites/functionapp-slot000004/config/appsettings","name":"appsettings","type":"Microsoft.Web/sites/config","location":"France
        Central","properties":{"FUNCTIONS_WORKER_RUNTIME":"node","WEBSITE_NODE_DEFAULT_VERSION":"~14","FUNCTIONS_EXTENSION_VERSION":"~3","AzureWebJobsStorage":"DefaultEndpointsProtocol=https;EndpointSuffix=core.windows.net;AccountName=clitest000002;AccountKey=veryFakedStorageAccountKey==","APPINSIGHTS_INSTRUMENTATIONKEY":"982a9581-b26f-44f4-94fc-928a124743bb"}}'
    headers:
      cache-control:
      - no-cache
      content-length:
      - '727'
      content-type:
      - application/json
      date:
      - Mon, 08 Nov 2021 22:33:07 GMT
      etag:
      - '"1D7D4F099FAA9A0"'
      expires:
      - '-1'
      pragma:
      - no-cache
      server:
      - Microsoft-IIS/10.0
      strict-transport-security:
      - max-age=31536000; includeSubDomains
      transfer-encoding:
      - chunked
      vary:
      - Accept-Encoding
      x-aspnet-version:
      - 4.0.30319
      x-content-type-options:
      - nosniff
      x-ms-ratelimit-remaining-subscription-writes:
      - '1199'
      x-powered-by:
      - ASP.NET
    status:
      code: 200
      message: OK
- request:
    body: null
    headers:
      Accept:
      - application/json
      Accept-Encoding:
      - gzip, deflate
      CommandName:
      - functionapp deployment slot create
      Connection:
      - keep-alive
      ParameterSetName:
      - -g -n --slot
      User-Agent:
      - AZURECLI/2.30.0 azsdk-python-azure-mgmt-web/4.0.0 Python/3.8.6 (macOS-10.15.7-x86_64-i386-64bit)
    method: GET
    uri: https://management.azure.com/subscriptions/00000000-0000-0000-0000-000000000000/resourceGroups/clitest.rg000001/providers/Microsoft.Web/sites/functionapp-slot000004?api-version=2020-09-01
  response:
    body:
      string: '{"id":"/subscriptions/00000000-0000-0000-0000-000000000000/resourceGroups/clitest.rg000001/providers/Microsoft.Web/sites/functionapp-slot000004","name":"functionapp-slot000004","type":"Microsoft.Web/sites","kind":"functionapp","location":"France
        Central","properties":{"name":"functionapp-slot000004","state":"Running","hostNames":["functionapp-slot000004.azurewebsites.net"],"webSpace":"clitest.rg000001-FranceCentralwebspace","selfLink":"https://waws-prod-par-021.api.azurewebsites.windows.net:454/subscriptions/00000000-0000-0000-0000-000000000000/webspaces/clitest.rg000001-FranceCentralwebspace/sites/functionapp-slot000004","repositorySiteName":"functionapp-slot000004","owner":null,"usageState":"Normal","enabled":true,"adminEnabled":true,"enabledHostNames":["functionapp-slot000004.azurewebsites.net","functionapp-slot000004.scm.azurewebsites.net"],"siteProperties":{"metadata":null,"properties":[{"name":"LinuxFxVersion","value":""},{"name":"WindowsFxVersion","value":null}],"appSettings":null},"availabilityState":"Normal","sslCertificates":null,"csrs":[],"cers":null,"siteMode":null,"hostNameSslStates":[{"name":"functionapp-slot000004.azurewebsites.net","sslState":"Disabled","ipBasedSslResult":null,"virtualIP":null,"thumbprint":null,"toUpdate":null,"toUpdateIpBasedSsl":null,"ipBasedSslState":"NotConfigured","hostType":"Standard"},{"name":"functionapp-slot000004.scm.azurewebsites.net","sslState":"Disabled","ipBasedSslResult":null,"virtualIP":null,"thumbprint":null,"toUpdate":null,"toUpdateIpBasedSsl":null,"ipBasedSslState":"NotConfigured","hostType":"Repository"}],"computeMode":null,"serverFarm":null,"serverFarmId":"/subscriptions/00000000-0000-0000-0000-000000000000/resourceGroups/clitest.rg000001/providers/Microsoft.Web/serverfarms/funcappplan000003","reserved":false,"isXenon":false,"hyperV":false,"lastModifiedTimeUtc":"2021-11-08T22:33:07.13","storageRecoveryDefaultState":"Running","contentAvailabilityState":"Normal","runtimeAvailabilityState":"Normal","siteConfig":{"numberOfWorkers":1,"defaultDocuments":null,"netFrameworkVersion":null,"phpVersion":null,"pythonVersion":null,"nodeVersion":null,"powerShellVersion":null,"linuxFxVersion":"","windowsFxVersion":null,"requestTracingEnabled":null,"remoteDebuggingEnabled":null,"remoteDebuggingVersion":null,"httpLoggingEnabled":null,"azureMonitorLogCategories":null,"acrUseManagedIdentityCreds":false,"acrUserManagedIdentityID":null,"logsDirectorySizeLimit":null,"detailedErrorLoggingEnabled":null,"publishingUsername":null,"publishingPassword":null,"appSettings":null,"metadata":null,"connectionStrings":null,"machineKey":null,"handlerMappings":null,"documentRoot":null,"scmType":null,"use32BitWorkerProcess":null,"webSocketsEnabled":null,"alwaysOn":true,"javaVersion":null,"javaContainer":null,"javaContainerVersion":null,"appCommandLine":null,"managedPipelineMode":null,"virtualApplications":null,"winAuthAdminState":null,"winAuthTenantState":null,"customAppPoolIdentityAdminState":null,"customAppPoolIdentityTenantState":null,"runtimeADUser":null,"runtimeADUserPassword":null,"loadBalancing":null,"routingRules":null,"experiments":null,"limits":null,"autoHealEnabled":null,"autoHealRules":null,"tracingOptions":null,"vnetName":null,"vnetRouteAllEnabled":null,"vnetPrivatePortsCount":null,"publicNetworkAccess":null,"cors":null,"push":null,"apiDefinition":null,"apiManagementConfig":null,"autoSwapSlotName":null,"localMySqlEnabled":null,"managedServiceIdentityId":null,"xManagedServiceIdentityId":null,"keyVaultReferenceIdentity":null,"ipSecurityRestrictions":null,"scmIpSecurityRestrictions":null,"scmIpSecurityRestrictionsUseMain":null,"http20Enabled":true,"minTlsVersion":null,"scmMinTlsVersion":null,"ftpsState":null,"preWarmedInstanceCount":null,"functionAppScaleLimit":0,"healthCheckPath":null,"fileChangeAuditEnabled":null,"functionsRuntimeScaleMonitoringEnabled":null,"websiteTimeZone":null,"minimumElasticInstanceCount":0,"azureStorageAccounts":null,"sitePort":null},"deploymentId":"functionapp-slot000004","slotName":null,"trafficManagerHostNames":null,"sku":"Standard","scmSiteAlsoStopped":false,"targetSwapSlot":null,"hostingEnvironment":null,"hostingEnvironmentProfile":null,"clientAffinityEnabled":false,"clientCertEnabled":false,"clientCertMode":"Required","clientCertExclusionPaths":null,"hostNamesDisabled":false,"domainVerificationIdentifiers":null,"customDomainVerificationId":"333646C25EDA7C903C86F0F0D0193C412978B2E48FA0B4F1461D339FBBAE3EB7","kind":"functionapp","inboundIpAddress":"20.43.43.36","possibleInboundIpAddresses":"20.43.43.36","ftpUsername":"functionapp-slot000004\\$functionapp-slot000004","ftpsHostName":"ftps://waws-prod-par-021.ftp.azurewebsites.windows.net/site/wwwroot","outboundIpAddresses":"20.74.10.172,20.74.11.5,20.74.11.16,20.74.13.91,20.74.65.15,20.74.66.179,20.43.43.36","possibleOutboundIpAddresses":"20.74.10.172,20.74.11.5,20.74.11.16,20.74.13.91,20.74.65.15,20.74.66.179,20.74.66.246,20.74.67.7,20.74.68.18,20.74.68.56,20.74.68.182,20.74.68.185,20.74.68.188,20.74.68.228,20.74.68.239,20.74.13.59,20.74.14.186,20.74.68.241,20.74.68.247,20.74.68.249,20.74.68.251,20.74.69.13,20.74.69.14,20.74.68.238,20.74.69.28,20.74.68.189,20.74.69.35,20.74.69.92,20.74.69.106,20.74.69.147,20.43.43.36","containerSize":1536,"dailyMemoryTimeQuota":0,"suspendedTill":null,"siteDisabledReason":0,"functionExecutionUnitsCache":null,"maxNumberOfWorkers":null,"homeStamp":"waws-prod-par-021","cloningInfo":null,"hostingEnvironmentId":null,"tags":null,"resourceGroup":"clitest.rg000001","defaultHostName":"functionapp-slot000004.azurewebsites.net","slotSwapStatus":null,"httpsOnly":false,"redundancyMode":"None","inProgressOperationId":null,"geoDistributions":null,"privateEndpointConnections":[],"buildVersion":null,"targetBuildVersion":null,"migrationState":null,"eligibleLogCategories":"FunctionAppLogs","storageAccountRequired":false,"virtualNetworkSubnetId":null,"keyVaultReferenceIdentity":"SystemAssigned"}}'
    headers:
      cache-control:
      - no-cache
      content-length:
      - '6251'
      content-type:
      - application/json
      date:
      - Mon, 08 Nov 2021 22:33:09 GMT
      etag:
      - '"1D7D4F099FAA9A0"'
      expires:
      - '-1'
      pragma:
      - no-cache
      server:
      - Microsoft-IIS/10.0
      strict-transport-security:
      - max-age=31536000; includeSubDomains
      transfer-encoding:
      - chunked
      vary:
      - Accept-Encoding
      x-aspnet-version:
      - 4.0.30319
      x-content-type-options:
      - nosniff
      x-powered-by:
      - ASP.NET
    status:
      code: 200
      message: OK
- request:
    body: '{"location": "France Central", "properties": {"serverFarmId": "/subscriptions/00000000-0000-0000-0000-000000000000/resourceGroups/clitest.rg000001/providers/Microsoft.Web/serverfarms/funcappplan000003",
      "reserved": false, "isXenon": false, "hyperV": false, "scmSiteAlsoStopped":
      false}}'
    headers:
      Accept:
      - application/json
      Accept-Encoding:
      - gzip, deflate
      CommandName:
      - functionapp deployment slot create
      Connection:
      - keep-alive
      Content-Length:
      - '352'
      Content-Type:
      - application/json
      ParameterSetName:
      - -g -n --slot
      User-Agent:
      - AZURECLI/2.30.0 azsdk-python-azure-mgmt-web/4.0.0 Python/3.8.6 (macOS-10.15.7-x86_64-i386-64bit)
    method: PUT
    uri: https://management.azure.com/subscriptions/00000000-0000-0000-0000-000000000000/resourceGroups/clitest.rg000001/providers/Microsoft.Web/sites/functionapp-slot000004/slots/slotname000005?api-version=2020-09-01
  response:
    body:
      string: '{"id":"/subscriptions/00000000-0000-0000-0000-000000000000/resourceGroups/clitest.rg000001/providers/Microsoft.Web/sites/functionapp-slot000004/slots/slotname000005","name":"functionapp-slot000004/slotname000005","type":"Microsoft.Web/sites/slots","kind":"functionapp","location":"France
        Central","properties":{"name":"functionapp-slot000004(slotname000005)","state":"Running","hostNames":["functionapp-slot000004-slotname000005.azurewebsites.net"],"webSpace":"clitest.rg000001-FranceCentralwebspace","selfLink":"https://waws-prod-par-021.api.azurewebsites.windows.net:454/subscriptions/00000000-0000-0000-0000-000000000000/webspaces/clitest.rg000001-FranceCentralwebspace/sites/functionapp-slot000004","repositorySiteName":"functionapp-slot000004","owner":null,"usageState":"Normal","enabled":true,"adminEnabled":true,"enabledHostNames":["functionapp-slot000004-slotname000005.azurewebsites.net","functionapp-slot000004-slotname000005.scm.azurewebsites.net"],"siteProperties":{"metadata":null,"properties":[{"name":"LinuxFxVersion","value":""},{"name":"WindowsFxVersion","value":null}],"appSettings":null},"availabilityState":"Normal","sslCertificates":null,"csrs":[],"cers":null,"siteMode":null,"hostNameSslStates":[{"name":"functionapp-slot000004-slotname000005.azurewebsites.net","sslState":"Disabled","ipBasedSslResult":null,"virtualIP":null,"thumbprint":null,"toUpdate":null,"toUpdateIpBasedSsl":null,"ipBasedSslState":"NotConfigured","hostType":"Standard"},{"name":"functionapp-slot000004-slotname000005.scm.azurewebsites.net","sslState":"Disabled","ipBasedSslResult":null,"virtualIP":null,"thumbprint":null,"toUpdate":null,"toUpdateIpBasedSsl":null,"ipBasedSslState":"NotConfigured","hostType":"Repository"}],"computeMode":null,"serverFarm":null,"serverFarmId":"/subscriptions/00000000-0000-0000-0000-000000000000/resourceGroups/clitest.rg000001/providers/Microsoft.Web/serverfarms/funcappplan000003","reserved":false,"isXenon":false,"hyperV":false,"lastModifiedTimeUtc":"2021-11-08T22:33:19.3733333","storageRecoveryDefaultState":"Running","contentAvailabilityState":"Normal","runtimeAvailabilityState":"Normal","siteConfig":{"numberOfWorkers":1,"defaultDocuments":null,"netFrameworkVersion":null,"phpVersion":null,"pythonVersion":null,"nodeVersion":null,"powerShellVersion":null,"linuxFxVersion":"","windowsFxVersion":null,"requestTracingEnabled":null,"remoteDebuggingEnabled":null,"remoteDebuggingVersion":null,"httpLoggingEnabled":null,"azureMonitorLogCategories":null,"acrUseManagedIdentityCreds":false,"acrUserManagedIdentityID":null,"logsDirectorySizeLimit":null,"detailedErrorLoggingEnabled":null,"publishingUsername":null,"publishingPassword":null,"appSettings":null,"metadata":null,"connectionStrings":null,"machineKey":null,"handlerMappings":null,"documentRoot":null,"scmType":null,"use32BitWorkerProcess":null,"webSocketsEnabled":null,"alwaysOn":false,"javaVersion":null,"javaContainer":null,"javaContainerVersion":null,"appCommandLine":null,"managedPipelineMode":null,"virtualApplications":null,"winAuthAdminState":null,"winAuthTenantState":null,"customAppPoolIdentityAdminState":null,"customAppPoolIdentityTenantState":null,"runtimeADUser":null,"runtimeADUserPassword":null,"loadBalancing":null,"routingRules":null,"experiments":null,"limits":null,"autoHealEnabled":null,"autoHealRules":null,"tracingOptions":null,"vnetName":null,"vnetRouteAllEnabled":null,"vnetPrivatePortsCount":null,"publicNetworkAccess":null,"cors":null,"push":null,"apiDefinition":null,"apiManagementConfig":null,"autoSwapSlotName":null,"localMySqlEnabled":null,"managedServiceIdentityId":null,"xManagedServiceIdentityId":null,"keyVaultReferenceIdentity":null,"ipSecurityRestrictions":[{"ipAddress":"Any","action":"Allow","priority":1,"name":"Allow
        all","description":"Allow all access"}],"scmIpSecurityRestrictions":[{"ipAddress":"Any","action":"Allow","priority":1,"name":"Allow
        all","description":"Allow all access"}],"scmIpSecurityRestrictionsUseMain":null,"http20Enabled":false,"minTlsVersion":null,"scmMinTlsVersion":null,"ftpsState":null,"preWarmedInstanceCount":null,"functionAppScaleLimit":0,"healthCheckPath":null,"fileChangeAuditEnabled":null,"functionsRuntimeScaleMonitoringEnabled":null,"websiteTimeZone":null,"minimumElasticInstanceCount":0,"azureStorageAccounts":null,"sitePort":null},"deploymentId":"functionapp-slot000004__8981","slotName":null,"trafficManagerHostNames":null,"sku":"Standard","scmSiteAlsoStopped":false,"targetSwapSlot":null,"hostingEnvironment":null,"hostingEnvironmentProfile":null,"clientAffinityEnabled":false,"clientCertEnabled":false,"clientCertMode":"Required","clientCertExclusionPaths":null,"hostNamesDisabled":false,"domainVerificationIdentifiers":null,"customDomainVerificationId":"333646C25EDA7C903C86F0F0D0193C412978B2E48FA0B4F1461D339FBBAE3EB7","kind":"functionapp","inboundIpAddress":"20.43.43.36","possibleInboundIpAddresses":"20.43.43.36","ftpUsername":"functionapp-slot000004__slotname000005\\$functionapp-slot000004__slotname000005","ftpsHostName":"ftps://waws-prod-par-021.ftp.azurewebsites.windows.net/site/wwwroot","outboundIpAddresses":"20.74.10.172,20.74.11.5,20.74.11.16,20.74.13.91,20.74.65.15,20.74.66.179,20.43.43.36","possibleOutboundIpAddresses":"20.74.10.172,20.74.11.5,20.74.11.16,20.74.13.91,20.74.65.15,20.74.66.179,20.74.66.246,20.74.67.7,20.74.68.18,20.74.68.56,20.74.68.182,20.74.68.185,20.74.68.188,20.74.68.228,20.74.68.239,20.74.13.59,20.74.14.186,20.74.68.241,20.74.68.247,20.74.68.249,20.74.68.251,20.74.69.13,20.74.69.14,20.74.68.238,20.74.69.28,20.74.68.189,20.74.69.35,20.74.69.92,20.74.69.106,20.74.69.147,20.43.43.36","containerSize":1536,"dailyMemoryTimeQuota":0,"suspendedTill":null,"siteDisabledReason":0,"functionExecutionUnitsCache":null,"maxNumberOfWorkers":null,"homeStamp":"waws-prod-par-021","cloningInfo":null,"hostingEnvironmentId":null,"tags":null,"resourceGroup":"clitest.rg000001","defaultHostName":"functionapp-slot000004-slotname000005.azurewebsites.net","slotSwapStatus":null,"httpsOnly":false,"redundancyMode":"None","inProgressOperationId":null,"geoDistributions":null,"privateEndpointConnections":null,"buildVersion":null,"targetBuildVersion":null,"migrationState":null,"eligibleLogCategories":"FunctionAppLogs","storageAccountRequired":false,"virtualNetworkSubnetId":null,"keyVaultReferenceIdentity":"SystemAssigned"}}'
    headers:
      cache-control:
      - no-cache
      content-length:
      - '6754'
      content-type:
      - application/json
      date:
      - Mon, 08 Nov 2021 22:33:37 GMT
      etag:
      - '"1D7D4F099FAA9A0"'
      expires:
      - '-1'
      pragma:
      - no-cache
      server:
      - Microsoft-IIS/10.0
      strict-transport-security:
      - max-age=31536000; includeSubDomains
      transfer-encoding:
      - chunked
      vary:
      - Accept-Encoding
      x-aspnet-version:
      - 4.0.30319
      x-content-type-options:
      - nosniff
      x-ms-ratelimit-remaining-subscription-resource-requests:
      - '499'
      x-powered-by:
      - ASP.NET
    status:
      code: 200
      message: OK
- request:
    body: null
    headers:
      Accept:
      - application/json
      Accept-Encoding:
      - gzip, deflate
      CommandName:
      - functionapp config appsettings set
      Connection:
      - keep-alive
      Content-Length:
      - '0'
      ParameterSetName:
      - -g -n --slot --slot-settings
      User-Agent:
      - AZURECLI/2.30.0 azsdk-python-azure-mgmt-web/4.0.0 Python/3.8.6 (macOS-10.15.7-x86_64-i386-64bit)
    method: POST
    uri: https://management.azure.com/subscriptions/00000000-0000-0000-0000-000000000000/resourceGroups/clitest.rg000001/providers/Microsoft.Web/sites/functionapp-slot000004/slots/slotname000005/config/appsettings/list?api-version=2020-09-01
  response:
    body:
      string: '{"id":"/subscriptions/00000000-0000-0000-0000-000000000000/resourceGroups/clitest.rg000001/providers/Microsoft.Web/sites/functionapp-slot000004/slots/slotname000005/config/appsettings","name":"appsettings","type":"Microsoft.Web/sites/config","location":"France
        Central","properties":{"FUNCTIONS_WORKER_RUNTIME":"node","WEBSITE_NODE_DEFAULT_VERSION":"~14","FUNCTIONS_EXTENSION_VERSION":"~3","AzureWebJobsStorage":"DefaultEndpointsProtocol=https;EndpointSuffix=core.windows.net;AccountName=clitest000002;AccountKey=veryFakedStorageAccountKey==","APPINSIGHTS_INSTRUMENTATIONKEY":"982a9581-b26f-44f4-94fc-928a124743bb"}}'
    headers:
      cache-control:
      - no-cache
      content-length:
      - '758'
      content-type:
      - application/json
      date:
      - Mon, 08 Nov 2021 22:33:38 GMT
      expires:
      - '-1'
      pragma:
      - no-cache
      server:
      - Microsoft-IIS/10.0
      strict-transport-security:
      - max-age=31536000; includeSubDomains
      transfer-encoding:
      - chunked
      vary:
      - Accept-Encoding
      x-aspnet-version:
      - 4.0.30319
      x-content-type-options:
      - nosniff
      x-ms-ratelimit-remaining-subscription-resource-requests:
      - '11999'
      x-powered-by:
      - ASP.NET
    status:
      code: 200
      message: OK
- request:
    body: '{"properties": {"FUNCTIONS_WORKER_RUNTIME": "node", "WEBSITE_NODE_DEFAULT_VERSION":
      "~14", "FUNCTIONS_EXTENSION_VERSION": "~3", "AzureWebJobsStorage": "DefaultEndpointsProtocol=https;EndpointSuffix=core.windows.net;AccountName=clitest000002;AccountKey=veryFakedStorageAccountKey==",
      "APPINSIGHTS_INSTRUMENTATIONKEY": "982a9581-b26f-44f4-94fc-928a124743bb", "FOO":
      "BAR"}}'
    headers:
      Accept:
      - application/json
      Accept-Encoding:
      - gzip, deflate
      CommandName:
      - functionapp config appsettings set
      Connection:
      - keep-alive
      Content-Length:
      - '442'
      Content-Type:
      - application/json
      ParameterSetName:
      - -g -n --slot --slot-settings
      User-Agent:
      - AZURECLI/2.30.0 azsdk-python-azure-mgmt-web/4.0.0 Python/3.8.6 (macOS-10.15.7-x86_64-i386-64bit)
    method: PUT
    uri: https://management.azure.com/subscriptions/00000000-0000-0000-0000-000000000000/resourceGroups/clitest.rg000001/providers/Microsoft.Web/sites/functionapp-slot000004/slots/slotname000005/config/appsettings?api-version=2020-09-01
  response:
    body:
      string: '{"id":"/subscriptions/00000000-0000-0000-0000-000000000000/resourceGroups/clitest.rg000001/providers/Microsoft.Web/sites/functionapp-slot000004/slots/slotname000005/config/appsettings","name":"appsettings","type":"Microsoft.Web/sites/config","location":"France
        Central","properties":{"FUNCTIONS_WORKER_RUNTIME":"node","WEBSITE_NODE_DEFAULT_VERSION":"~14","FUNCTIONS_EXTENSION_VERSION":"~3","AzureWebJobsStorage":"DefaultEndpointsProtocol=https;EndpointSuffix=core.windows.net;AccountName=clitest000002;AccountKey=veryFakedStorageAccountKey==","APPINSIGHTS_INSTRUMENTATIONKEY":"982a9581-b26f-44f4-94fc-928a124743bb","FOO":"BAR"}}'
    headers:
      cache-control:
      - no-cache
      content-length:
      - '770'
      content-type:
      - application/json
      date:
      - Mon, 08 Nov 2021 22:33:40 GMT
      etag:
      - '"1D7D4F0AE44C120"'
      expires:
      - '-1'
      pragma:
      - no-cache
      server:
      - Microsoft-IIS/10.0
      strict-transport-security:
      - max-age=31536000; includeSubDomains
      transfer-encoding:
      - chunked
      vary:
      - Accept-Encoding
      x-aspnet-version:
      - 4.0.30319
      x-content-type-options:
      - nosniff
      x-ms-ratelimit-remaining-subscription-writes:
      - '1199'
      x-powered-by:
      - ASP.NET
    status:
      code: 200
      message: OK
- request:
    body: null
    headers:
      Accept:
      - application/json
      Accept-Encoding:
      - gzip, deflate
      CommandName:
      - functionapp config appsettings set
      Connection:
      - keep-alive
      ParameterSetName:
      - -g -n --slot --slot-settings
      User-Agent:
      - AZURECLI/2.30.0 azsdk-python-azure-mgmt-web/4.0.0 Python/3.8.6 (macOS-10.15.7-x86_64-i386-64bit)
    method: GET
    uri: https://management.azure.com/subscriptions/00000000-0000-0000-0000-000000000000/resourceGroups/clitest.rg000001/providers/Microsoft.Web/sites/functionapp-slot000004/config/slotConfigNames?api-version=2020-09-01
  response:
    body:
      string: '{"id":null,"name":"functionapp-slot000004","type":"Microsoft.Web/sites","location":"France
        Central","properties":{"connectionStringNames":null,"appSettingNames":null,"azureStorageConfigNames":null}}'
    headers:
      cache-control:
      - no-cache
      content-length:
      - '200'
      content-type:
      - application/json
      date:
      - Mon, 08 Nov 2021 22:33:41 GMT
      expires:
      - '-1'
      pragma:
      - no-cache
      server:
      - Microsoft-IIS/10.0
      strict-transport-security:
      - max-age=31536000; includeSubDomains
      transfer-encoding:
      - chunked
      vary:
      - Accept-Encoding
      x-aspnet-version:
      - 4.0.30319
      x-content-type-options:
      - nosniff
      x-powered-by:
      - ASP.NET
    status:
      code: 200
      message: OK
- request:
    body: '{"properties": {"appSettingNames": ["FOO"]}}'
    headers:
      Accept:
      - application/json
      Accept-Encoding:
      - gzip, deflate
      CommandName:
      - functionapp config appsettings set
      Connection:
      - keep-alive
      Content-Length:
      - '44'
      Content-Type:
      - application/json
      ParameterSetName:
      - -g -n --slot --slot-settings
      User-Agent:
      - AZURECLI/2.30.0 azsdk-python-azure-mgmt-web/4.0.0 Python/3.8.6 (macOS-10.15.7-x86_64-i386-64bit)
    method: PUT
    uri: https://management.azure.com/subscriptions/00000000-0000-0000-0000-000000000000/resourceGroups/clitest.rg000001/providers/Microsoft.Web/sites/functionapp-slot000004/config/slotConfigNames?api-version=2020-09-01
  response:
    body:
      string: '{"id":null,"name":"functionapp-slot000004","type":"Microsoft.Web/sites","location":"France
        Central","properties":{"connectionStringNames":[],"appSettingNames":["FOO"],"azureStorageConfigNames":[]}}'
    headers:
      cache-control:
      - no-cache
      content-length:
      - '199'
      content-type:
      - application/json
      date:
      - Mon, 08 Nov 2021 22:33:41 GMT
      expires:
      - '-1'
      pragma:
      - no-cache
      server:
      - Microsoft-IIS/10.0
      strict-transport-security:
      - max-age=31536000; includeSubDomains
      transfer-encoding:
      - chunked
      vary:
      - Accept-Encoding
      x-aspnet-version:
      - 4.0.30319
      x-content-type-options:
      - nosniff
      x-ms-ratelimit-remaining-subscription-writes:
      - '1198'
      x-powered-by:
      - ASP.NET
    status:
      code: 200
      message: OK
- request:
    body: null
    headers:
      Accept:
      - application/json
      Accept-Encoding:
      - gzip, deflate
      CommandName:
      - functionapp config appsettings list
      Connection:
      - keep-alive
      Content-Length:
      - '0'
      ParameterSetName:
      - -g -n --slot
      User-Agent:
      - AZURECLI/2.30.0 azsdk-python-azure-mgmt-web/4.0.0 Python/3.8.6 (macOS-10.15.7-x86_64-i386-64bit)
    method: POST
    uri: https://management.azure.com/subscriptions/00000000-0000-0000-0000-000000000000/resourceGroups/clitest.rg000001/providers/Microsoft.Web/sites/functionapp-slot000004/slots/slotname000005/config/appsettings/list?api-version=2020-09-01
  response:
    body:
      string: '{"id":"/subscriptions/00000000-0000-0000-0000-000000000000/resourceGroups/clitest.rg000001/providers/Microsoft.Web/sites/functionapp-slot000004/slots/slotname000005/config/appsettings","name":"appsettings","type":"Microsoft.Web/sites/config","location":"France
        Central","properties":{"FUNCTIONS_WORKER_RUNTIME":"node","WEBSITE_NODE_DEFAULT_VERSION":"~14","FUNCTIONS_EXTENSION_VERSION":"~3","AzureWebJobsStorage":"DefaultEndpointsProtocol=https;EndpointSuffix=core.windows.net;AccountName=clitest000002;AccountKey=veryFakedStorageAccountKey==","APPINSIGHTS_INSTRUMENTATIONKEY":"982a9581-b26f-44f4-94fc-928a124743bb","FOO":"BAR"}}'
    headers:
      cache-control:
      - no-cache
      content-length:
      - '770'
      content-type:
      - application/json
      date:
      - Mon, 08 Nov 2021 22:33:43 GMT
      expires:
      - '-1'
      pragma:
      - no-cache
      server:
      - Microsoft-IIS/10.0
      strict-transport-security:
      - max-age=31536000; includeSubDomains
      transfer-encoding:
      - chunked
      vary:
      - Accept-Encoding
      x-aspnet-version:
      - 4.0.30319
      x-content-type-options:
      - nosniff
      x-ms-ratelimit-remaining-subscription-resource-requests:
      - '11999'
      x-powered-by:
      - ASP.NET
    status:
      code: 200
      message: OK
- request:
    body: null
    headers:
      Accept:
      - application/json
      Accept-Encoding:
      - gzip, deflate
      CommandName:
      - functionapp config appsettings list
      Connection:
      - keep-alive
      ParameterSetName:
      - -g -n --slot
      User-Agent:
      - AZURECLI/2.30.0 azsdk-python-azure-mgmt-web/4.0.0 Python/3.8.6 (macOS-10.15.7-x86_64-i386-64bit)
    method: GET
    uri: https://management.azure.com/subscriptions/00000000-0000-0000-0000-000000000000/resourceGroups/clitest.rg000001/providers/Microsoft.Web/sites/functionapp-slot000004/config/slotConfigNames?api-version=2020-09-01
  response:
    body:
      string: '{"id":null,"name":"functionapp-slot000004","type":"Microsoft.Web/sites","location":"France
        Central","properties":{"connectionStringNames":[],"appSettingNames":["FOO"],"azureStorageConfigNames":[]}}'
    headers:
      cache-control:
      - no-cache
      content-length:
      - '199'
      content-type:
      - application/json
      date:
      - Mon, 08 Nov 2021 22:33:45 GMT
      expires:
      - '-1'
      pragma:
      - no-cache
      server:
      - Microsoft-IIS/10.0
      strict-transport-security:
      - max-age=31536000; includeSubDomains
      transfer-encoding:
      - chunked
      vary:
      - Accept-Encoding
      x-aspnet-version:
      - 4.0.30319
      x-content-type-options:
      - nosniff
      x-powered-by:
      - ASP.NET
    status:
      code: 200
      message: OK
- request:
    body: null
    headers:
      Accept:
      - application/json
      Accept-Encoding:
      - gzip, deflate
      CommandName:
      - functionapp delete
      Connection:
      - keep-alive
      Content-Length:
      - '0'
      ParameterSetName:
      - -g -n
      User-Agent:
      - AZURECLI/2.30.0 azsdk-python-azure-mgmt-web/4.0.0 Python/3.8.6 (macOS-10.15.7-x86_64-i386-64bit)
    method: DELETE
    uri: https://management.azure.com/subscriptions/00000000-0000-0000-0000-000000000000/resourceGroups/clitest.rg000001/providers/Microsoft.Web/sites/functionapp-slot000004?api-version=2020-09-01
  response:
    body:
      string: ''
    headers:
      cache-control:
      - no-cache
      content-length:
      - '0'
      date:
      - Mon, 08 Nov 2021 22:34:17 GMT
      etag:
      - '"1D7D4F099FAA9A0"'
      expires:
      - '-1'
      pragma:
      - no-cache
      server:
      - Microsoft-IIS/10.0
      strict-transport-security:
      - max-age=31536000; includeSubDomains
      x-aspnet-version:
      - 4.0.30319
      x-content-type-options:
      - nosniff
      x-ms-ratelimit-remaining-subscription-deletes:
      - '14999'
      x-powered-by:
      - ASP.NET
    status:
      code: 200
      message: OK
version: 1
