interactions:
- request:
    body: '{"location": "westus", "tags": {"product": "azurecli", "cause": "automation",
      "date": "2019-05-28T19:51:43Z"}}'
    headers:
      Accept:
      - application/json
      Accept-Encoding:
      - gzip, deflate
      CommandName:
      - group create
      Connection:
      - keep-alive
      Content-Length:
      - '110'
      Content-Type:
      - application/json; charset=utf-8
      ParameterSetName:
      - --location --name --tag
      User-Agent:
      - python/3.6.6 (Windows-10-10.0.18362-SP0) msrest/0.6.6 msrest_azure/0.6.0 resourcemanagementclient/2.1.0
        Azure-SDK-For-Python AZURECLI/2.0.65
      accept-language:
      - en-US
    method: PUT
    uri: https://management.azure.com/subscriptions/00000000-0000-0000-0000-000000000000/resourcegroups/clitest.rg000001?api-version=2018-05-01
  response:
    body:
      string: '{"id":"/subscriptions/00000000-0000-0000-0000-000000000000/resourceGroups/clitest.rg000001","name":"clitest.rg000001","location":"westus","tags":{"product":"azurecli","cause":"automation","date":"2019-05-28T19:51:43Z"},"properties":{"provisioningState":"Succeeded"}}'
    headers:
      cache-control:
      - no-cache
      content-length:
      - '384'
      content-type:
      - application/json; charset=utf-8
      date:
      - Tue, 28 May 2019 19:51:47 GMT
      expires:
      - '-1'
      pragma:
      - no-cache
      strict-transport-security:
      - max-age=31536000; includeSubDomains
      x-content-type-options:
      - nosniff
      x-ms-ratelimit-remaining-subscription-writes:
      - '1199'
    status:
      code: 201
      message: Created
- request:
    body: null
    headers:
      Accept:
      - application/json
      Accept-Encoding:
      - gzip, deflate
      CommandName:
      - appservice plan create
      Connection:
      - keep-alive
      ParameterSetName:
      - -g -n --sku
      User-Agent:
      - python/3.6.6 (Windows-10-10.0.18362-SP0) msrest/0.6.6 msrest_azure/0.6.0 resourcemanagementclient/2.1.0
        Azure-SDK-For-Python AZURECLI/2.0.65
      accept-language:
      - en-US
    method: GET
    uri: https://management.azure.com/subscriptions/00000000-0000-0000-0000-000000000000/resourcegroups/clitest.rg000001?api-version=2018-05-01
  response:
    body:
      string: '{"id":"/subscriptions/00000000-0000-0000-0000-000000000000/resourceGroups/clitest.rg000001","name":"clitest.rg000001","location":"westus","tags":{"product":"azurecli","cause":"automation","date":"2019-05-28T19:51:43Z"},"properties":{"provisioningState":"Succeeded"}}'
    headers:
      cache-control:
      - no-cache
      content-length:
      - '384'
      content-type:
      - application/json; charset=utf-8
      date:
      - Tue, 28 May 2019 19:51:48 GMT
      expires:
      - '-1'
      pragma:
      - no-cache
      strict-transport-security:
      - max-age=31536000; includeSubDomains
      vary:
      - Accept-Encoding
      x-content-type-options:
      - nosniff
    status:
      code: 200
      message: OK
- request:
    body: '{"location": "westus", "properties": {"perSiteScaling": false, "isXenon":
      false}, "sku": {"name": "S1", "tier": "STANDARD", "capacity": 1}}'
    headers:
      Accept:
      - application/json
      Accept-Encoding:
      - gzip, deflate
      CommandName:
      - appservice plan create
      Connection:
      - keep-alive
      Content-Length:
      - '139'
      Content-Type:
      - application/json; charset=utf-8
      ParameterSetName:
      - -g -n --sku
      User-Agent:
      - python/3.6.6 (Windows-10-10.0.18362-SP0) msrest/0.6.6 msrest_azure/0.6.0 azure-mgmt-web/0.42.0
        Azure-SDK-For-Python AZURECLI/2.0.65
      accept-language:
      - en-US
    method: PUT
    uri: https://management.azure.com/subscriptions/00000000-0000-0000-0000-000000000000/resourceGroups/clitest.rg000001/providers/Microsoft.Web/serverfarms/webapp-git-plan5000002?api-version=2018-02-01
  response:
    body:
      string: '{"id":"/subscriptions/00000000-0000-0000-0000-000000000000/resourceGroups/clitest.rg000001/providers/Microsoft.Web/serverfarms/webapp-git-plan5000002","name":"webapp-git-plan5000002","type":"Microsoft.Web/serverfarms","kind":"app","location":"West
        US","properties":{"serverFarmId":20595,"name":"webapp-git-plan5000002","workerSize":"Default","workerSizeId":0,"workerTierName":null,"numberOfWorkers":1,"currentWorkerSize":"Default","currentWorkerSizeId":0,"currentNumberOfWorkers":1,"status":"Ready","webSpace":"clitest.rg000001-WestUSwebspace","subscription":"e483435e-282d-4ac1-92b5-d6123f2aa360","adminSiteName":null,"hostingEnvironment":null,"hostingEnvironmentProfile":null,"maximumNumberOfWorkers":10,"planName":"VirtualDedicatedPlan","adminRuntimeSiteName":null,"computeMode":"Dedicated","siteMode":null,"geoRegion":"West
        US","perSiteScaling":false,"maximumElasticWorkerCount":1,"numberOfSites":0,"hostingEnvironmentId":null,"isSpot":false,"spotExpirationTime":null,"freeOfferExpirationTime":null,"tags":null,"kind":"app","resourceGroup":"clitest.rg000001","reserved":false,"isXenon":false,"hyperV":false,"mdmId":"waws-prod-bay-093_20595","targetWorkerCount":0,"targetWorkerSizeId":0,"provisioningState":"Succeeded","webSiteId":null},"sku":{"name":"S1","tier":"Standard","size":"S1","family":"S","capacity":1}}'
    headers:
      cache-control:
      - no-cache
      content-length:
      - '1499'
      content-type:
      - application/json
      date:
      - Tue, 28 May 2019 19:51:57 GMT
      expires:
      - '-1'
      pragma:
      - no-cache
      server:
      - Microsoft-IIS/10.0
      strict-transport-security:
      - max-age=31536000; includeSubDomains
      transfer-encoding:
      - chunked
      vary:
      - Accept-Encoding
      x-aspnet-version:
      - 4.0.30319
      x-content-type-options:
      - nosniff
      x-ms-ratelimit-remaining-subscription-writes:
      - '1199'
      x-powered-by:
      - ASP.NET
    status:
      code: 200
      message: OK
- request:
    body: null
    headers:
      Accept:
      - application/json
      Accept-Encoding:
      - gzip, deflate
      CommandName:
      - webapp create
      Connection:
      - keep-alive
      ParameterSetName:
      - -g -n --plan
      User-Agent:
      - python/3.6.6 (Windows-10-10.0.18362-SP0) msrest/0.6.6 msrest_azure/0.6.0 azure-mgmt-web/0.42.0
        Azure-SDK-For-Python AZURECLI/2.0.65
      accept-language:
      - en-US
    method: GET
    uri: https://management.azure.com/subscriptions/00000000-0000-0000-0000-000000000000/resourceGroups/clitest.rg000001/providers/Microsoft.Web/serverfarms/webapp-git-plan5000002?api-version=2018-02-01
  response:
    body:
      string: '{"id":"/subscriptions/00000000-0000-0000-0000-000000000000/resourceGroups/clitest.rg000001/providers/Microsoft.Web/serverfarms/webapp-git-plan5000002","name":"webapp-git-plan5000002","type":"Microsoft.Web/serverfarms","kind":"app","location":"West
        US","properties":{"serverFarmId":20595,"name":"webapp-git-plan5000002","workerSize":"Default","workerSizeId":0,"workerTierName":null,"numberOfWorkers":1,"currentWorkerSize":"Default","currentWorkerSizeId":0,"currentNumberOfWorkers":1,"status":"Ready","webSpace":"clitest.rg000001-WestUSwebspace","subscription":"e483435e-282d-4ac1-92b5-d6123f2aa360","adminSiteName":null,"hostingEnvironment":null,"hostingEnvironmentProfile":null,"maximumNumberOfWorkers":10,"planName":"VirtualDedicatedPlan","adminRuntimeSiteName":null,"computeMode":"Dedicated","siteMode":null,"geoRegion":"West
        US","perSiteScaling":false,"maximumElasticWorkerCount":1,"numberOfSites":0,"hostingEnvironmentId":null,"isSpot":false,"spotExpirationTime":null,"freeOfferExpirationTime":null,"tags":null,"kind":"app","resourceGroup":"clitest.rg000001","reserved":false,"isXenon":false,"hyperV":false,"mdmId":"waws-prod-bay-093_20595","targetWorkerCount":0,"targetWorkerSizeId":0,"provisioningState":"Succeeded","webSiteId":null},"sku":{"name":"S1","tier":"Standard","size":"S1","family":"S","capacity":1}}'
    headers:
      cache-control:
      - no-cache
      content-length:
      - '1499'
      content-type:
      - application/json
      date:
      - Tue, 28 May 2019 19:51:58 GMT
      expires:
      - '-1'
      pragma:
      - no-cache
      server:
      - Microsoft-IIS/10.0
      strict-transport-security:
      - max-age=31536000; includeSubDomains
      transfer-encoding:
      - chunked
      vary:
      - Accept-Encoding
      x-aspnet-version:
      - 4.0.30319
      x-content-type-options:
      - nosniff
      x-powered-by:
      - ASP.NET
    status:
      code: 200
      message: OK
- request:
    body: 'b''b\''{"location": "West US", "properties": {"serverFarmId": "/subscriptions/00000000-0000-0000-0000-000000000000/resourceGroups/clitest.rg000001/providers/Microsoft.Web/serverfarms/webapp-git-plan5000002",
      "reserved": false, "isXenon": false, "hyperV": false, "siteConfig": {"netFrameworkVersion":
      "v4.6", "appSettings": [{"name": "WEBSITE_NODE_DEFAULT_VERSION", "value": "10.14"}],
      "alwaysOn": true, "localMySqlEnabled": false, "http20Enabled": true}, "scmSiteAlsoStopped":
      false}}\'''''
    headers:
      Accept:
      - application/json
      Accept-Encoding:
      - gzip, deflate
      CommandName:
      - webapp create
      Connection:
      - keep-alive
      Content-Length:
      - '538'
      Content-Type:
      - application/json; charset=utf-8
      ParameterSetName:
      - -g -n --plan
      User-Agent:
      - python/3.6.6 (Windows-10-10.0.18362-SP0) msrest/0.6.6 msrest_azure/0.6.0 azure-mgmt-web/0.42.0
        Azure-SDK-For-Python AZURECLI/2.0.65
      accept-language:
      - en-US
    method: PUT
    uri: https://management.azure.com/subscriptions/00000000-0000-0000-0000-000000000000/resourceGroups/clitest.rg000001/providers/Microsoft.Web/sites/web-git-test2000003?api-version=2018-11-01
  response:
    body:
      string: '{"id":"/subscriptions/00000000-0000-0000-0000-000000000000/resourceGroups/clitest.rg000001/providers/Microsoft.Web/sites/web-git-test2000003","name":"web-git-test2000003","type":"Microsoft.Web/sites","kind":"app","location":"West
        US","properties":{"name":"web-git-test2000003","state":"Running","hostNames":["web-git-test2000003.azurewebsites.net"],"webSpace":"clitest.rg000001-WestUSwebspace","selfLink":"https://waws-prod-bay-093.api.azurewebsites.windows.net:454/subscriptions/00000000-0000-0000-0000-000000000000/webspaces/clitest.rg000001-WestUSwebspace/sites/web-git-test2000003","repositorySiteName":"web-git-test2000003","owner":null,"usageState":"Normal","enabled":true,"adminEnabled":true,"enabledHostNames":["web-git-test2000003.azurewebsites.net","web-git-test2000003.scm.azurewebsites.net"],"siteProperties":{"metadata":null,"properties":[{"name":"LinuxFxVersion","value":""},{"name":"WindowsFxVersion","value":null}],"appSettings":null},"availabilityState":"Normal","sslCertificates":null,"csrs":[],"cers":null,"siteMode":null,"hostNameSslStates":[{"name":"web-git-test2000003.azurewebsites.net","sslState":"Disabled","ipBasedSslResult":null,"virtualIP":null,"thumbprint":null,"toUpdate":null,"toUpdateIpBasedSsl":null,"ipBasedSslState":"NotConfigured","hostType":"Standard"},{"name":"web-git-test2000003.scm.azurewebsites.net","sslState":"Disabled","ipBasedSslResult":null,"virtualIP":null,"thumbprint":null,"toUpdate":null,"toUpdateIpBasedSsl":null,"ipBasedSslState":"NotConfigured","hostType":"Repository"}],"computeMode":null,"serverFarm":null,"serverFarmId":"/subscriptions/00000000-0000-0000-0000-000000000000/resourceGroups/clitest.rg000001/providers/Microsoft.Web/serverfarms/webapp-git-plan5000002","reserved":false,"isXenon":false,"hyperV":false,"lastModifiedTimeUtc":"2019-05-28T19:52:02.11","storageRecoveryDefaultState":"Running","contentAvailabilityState":"Normal","runtimeAvailabilityState":"Normal","siteConfig":null,"deploymentId":"web-git-test2000003","trafficManagerHostNames":null,"sku":"Standard","scmSiteAlsoStopped":false,"targetSwapSlot":null,"hostingEnvironment":null,"hostingEnvironmentProfile":null,"clientAffinityEnabled":true,"clientCertEnabled":false,"clientCertExclusionPaths":null,"hostNamesDisabled":false,"domainVerificationIdentifiers":null,"kind":"app","outboundIpAddresses":"40.112.191.159,138.91.252.122,40.86.180.238,138.91.248.136,138.91.253.41","possibleOutboundIpAddresses":"40.112.191.159,138.91.252.122,40.86.180.238,138.91.248.136,138.91.253.41,138.91.254.30,138.91.249.213","containerSize":0,"dailyMemoryTimeQuota":0,"suspendedTill":null,"siteDisabledReason":0,"functionExecutionUnitsCache":null,"maxNumberOfWorkers":null,"homeStamp":"waws-prod-bay-093","cloningInfo":null,"hostingEnvironmentId":null,"tags":null,"resourceGroup":"clitest.rg000001","defaultHostName":"web-git-test2000003.azurewebsites.net","slotSwapStatus":null,"httpsOnly":false,"redundancyMode":"None","inProgressOperationId":null,"geoDistributions":null}}'
    headers:
      cache-control:
      - no-cache
      content-length:
      - '3341'
      content-type:
      - application/json
      date:
      - Tue, 28 May 2019 19:52:20 GMT
      etag:
      - '"1D5158ED1E9D6C0"'
      expires:
      - '-1'
      pragma:
      - no-cache
      server:
      - Microsoft-IIS/10.0
      strict-transport-security:
      - max-age=31536000; includeSubDomains
      transfer-encoding:
      - chunked
      vary:
      - Accept-Encoding
      x-aspnet-version:
      - 4.0.30319
      x-content-type-options:
      - nosniff
      x-ms-ratelimit-remaining-subscription-resource-requests:
      - '499'
      x-powered-by:
      - ASP.NET
    status:
      code: 200
      message: OK
- request:
    body: '{}'
    headers:
      Accept:
      - application/xml
      Accept-Encoding:
      - gzip, deflate
      CommandName:
      - webapp create
      Connection:
      - keep-alive
      Content-Length:
      - '2'
      Content-Type:
      - application/json; charset=utf-8
      ParameterSetName:
      - -g -n --plan
      User-Agent:
      - python/3.6.6 (Windows-10-10.0.18362-SP0) msrest/0.6.6 msrest_azure/0.6.0 azure-mgmt-web/0.42.0
        Azure-SDK-For-Python AZURECLI/2.0.65
      accept-language:
      - en-US
    method: POST
    uri: https://management.azure.com/subscriptions/00000000-0000-0000-0000-000000000000/resourceGroups/clitest.rg000001/providers/Microsoft.Web/sites/web-git-test2000003/publishxml?api-version=2018-11-01
  response:
    body:
      string: <publishData><publishProfile profileName="web-git-test2000003 - Web
        Deploy" publishMethod="MSDeploy" publishUrl="web-git-test2000003.scm.azurewebsites.net:443"
        msdeploySite="web-git-test2000003" userName="$web-git-test2000003" userPWD="RJ6TELHnMfNwRcCntrhg7DNcR5lahQNpixsr8bxiK7eFuglXnBbnDzW8JrAW"
        destinationAppUrl="http://web-git-test2000003.azurewebsites.net" SQLServerDBConnectionString=""
        mySQLDBConnectionString="" hostingProviderForumLink="" controlPanelLink="http://windows.azure.com"
        webSystem="WebSites"><databases /></publishProfile><publishProfile profileName="web-git-test2000003
        - FTP" publishMethod="FTP" publishUrl="ftp://waws-prod-bay-093.ftp.azurewebsites.windows.net/site/wwwroot"
        ftpPassiveMode="True" userName="web-git-test2000003\$web-git-test2000003"
        userPWD="RJ6TELHnMfNwRcCntrhg7DNcR5lahQNpixsr8bxiK7eFuglXnBbnDzW8JrAW" destinationAppUrl="http://web-git-test2000003.azurewebsites.net"
        SQLServerDBConnectionString="" mySQLDBConnectionString="" hostingProviderForumLink=""
        controlPanelLink="http://windows.azure.com" webSystem="WebSites"><databases
        /></publishProfile><publishProfile profileName="web-git-test2000003 - ReadOnly
        - FTP" publishMethod="FTP" publishUrl="ftp://waws-prod-bay-093dr.ftp.azurewebsites.windows.net/site/wwwroot"
        ftpPassiveMode="True" userName="web-git-test2000003\$web-git-test2000003"
        userPWD="RJ6TELHnMfNwRcCntrhg7DNcR5lahQNpixsr8bxiK7eFuglXnBbnDzW8JrAW" destinationAppUrl="http://web-git-test2000003.azurewebsites.net"
        SQLServerDBConnectionString="" mySQLDBConnectionString="" hostingProviderForumLink=""
        controlPanelLink="http://windows.azure.com" webSystem="WebSites"><databases
        /></publishProfile></publishData>
    headers:
      cache-control:
      - no-cache
      content-length:
      - '1730'
      content-type:
      - application/xml
      date:
      - Tue, 28 May 2019 19:52:21 GMT
      expires:
      - '-1'
      pragma:
      - no-cache
      server:
      - Microsoft-IIS/10.0
      strict-transport-security:
      - max-age=31536000; includeSubDomains
      x-aspnet-version:
      - 4.0.30319
      x-content-type-options:
      - nosniff
      x-ms-ratelimit-remaining-subscription-resource-requests:
      - '11999'
      x-powered-by:
      - ASP.NET
    status:
      code: 200
      message: OK
- request:
    body: null
    headers:
      Accept:
      - application/json
      Accept-Encoding:
      - gzip, deflate
      CommandName:
      - webapp deployment source config
      Connection:
      - keep-alive
      ParameterSetName:
      - -g -n --repo-url --branch --manual-integration
      User-Agent:
      - python/3.6.6 (Windows-10-10.0.18362-SP0) msrest/0.6.6 msrest_azure/0.6.0 azure-mgmt-web/0.42.0
        Azure-SDK-For-Python AZURECLI/2.0.65
      accept-language:
      - en-US
    method: GET
    uri: https://management.azure.com/subscriptions/00000000-0000-0000-0000-000000000000/resourceGroups/clitest.rg000001/providers/Microsoft.Web/sites/web-git-test2000003?api-version=2018-11-01
  response:
    body:
      string: '{"id":"/subscriptions/00000000-0000-0000-0000-000000000000/resourceGroups/clitest.rg000001/providers/Microsoft.Web/sites/web-git-test2000003","name":"web-git-test2000003","type":"Microsoft.Web/sites","kind":"app","location":"West
        US","properties":{"name":"web-git-test2000003","state":"Running","hostNames":["web-git-test2000003.azurewebsites.net"],"webSpace":"clitest.rg000001-WestUSwebspace","selfLink":"https://waws-prod-bay-093.api.azurewebsites.windows.net:454/subscriptions/00000000-0000-0000-0000-000000000000/webspaces/clitest.rg000001-WestUSwebspace/sites/web-git-test2000003","repositorySiteName":"web-git-test2000003","owner":null,"usageState":"Normal","enabled":true,"adminEnabled":true,"enabledHostNames":["web-git-test2000003.azurewebsites.net","web-git-test2000003.scm.azurewebsites.net"],"siteProperties":{"metadata":null,"properties":[{"name":"LinuxFxVersion","value":""},{"name":"WindowsFxVersion","value":null}],"appSettings":null},"availabilityState":"Normal","sslCertificates":null,"csrs":[],"cers":null,"siteMode":null,"hostNameSslStates":[{"name":"web-git-test2000003.azurewebsites.net","sslState":"Disabled","ipBasedSslResult":null,"virtualIP":null,"thumbprint":null,"toUpdate":null,"toUpdateIpBasedSsl":null,"ipBasedSslState":"NotConfigured","hostType":"Standard"},{"name":"web-git-test2000003.scm.azurewebsites.net","sslState":"Disabled","ipBasedSslResult":null,"virtualIP":null,"thumbprint":null,"toUpdate":null,"toUpdateIpBasedSsl":null,"ipBasedSslState":"NotConfigured","hostType":"Repository"}],"computeMode":null,"serverFarm":null,"serverFarmId":"/subscriptions/00000000-0000-0000-0000-000000000000/resourceGroups/clitest.rg000001/providers/Microsoft.Web/serverfarms/webapp-git-plan5000002","reserved":false,"isXenon":false,"hyperV":false,"lastModifiedTimeUtc":"2019-05-28T19:52:02.86","storageRecoveryDefaultState":"Running","contentAvailabilityState":"Normal","runtimeAvailabilityState":"Normal","siteConfig":null,"deploymentId":"web-git-test2000003","trafficManagerHostNames":null,"sku":"Standard","scmSiteAlsoStopped":false,"targetSwapSlot":null,"hostingEnvironment":null,"hostingEnvironmentProfile":null,"clientAffinityEnabled":true,"clientCertEnabled":false,"clientCertExclusionPaths":null,"hostNamesDisabled":false,"domainVerificationIdentifiers":null,"kind":"app","outboundIpAddresses":"40.112.191.159,138.91.252.122,40.86.180.238,138.91.248.136,138.91.253.41","possibleOutboundIpAddresses":"40.112.191.159,138.91.252.122,40.86.180.238,138.91.248.136,138.91.253.41,138.91.254.30,138.91.249.213","containerSize":0,"dailyMemoryTimeQuota":0,"suspendedTill":null,"siteDisabledReason":0,"functionExecutionUnitsCache":null,"maxNumberOfWorkers":null,"homeStamp":"waws-prod-bay-093","cloningInfo":null,"hostingEnvironmentId":null,"tags":null,"resourceGroup":"clitest.rg000001","defaultHostName":"web-git-test2000003.azurewebsites.net","slotSwapStatus":null,"httpsOnly":false,"redundancyMode":"None","inProgressOperationId":null,"geoDistributions":null}}'
    headers:
      cache-control:
      - no-cache
      content-length:
      - '3341'
      content-type:
      - application/json
      date:
      - Tue, 28 May 2019 19:52:20 GMT
      etag:
      - '"1D5158ED1E9D6C0"'
      expires:
      - '-1'
      pragma:
      - no-cache
      server:
      - Microsoft-IIS/10.0
      strict-transport-security:
      - max-age=31536000; includeSubDomains
      transfer-encoding:
      - chunked
      vary:
      - Accept-Encoding
      x-aspnet-version:
      - 4.0.30319
      x-content-type-options:
      - nosniff
      x-powered-by:
      - ASP.NET
    status:
      code: 200
      message: OK
- request:
    body: '{"properties": {"repoUrl": "https://github.com/yugangw-msft/azure-site-test",
      "branch": "master", "isManualIntegration": true, "isMercurial": false}}'
    headers:
      Accept:
      - application/json
      Accept-Encoding:
      - gzip, deflate
      CommandName:
      - webapp deployment source config
      Connection:
      - keep-alive
      Content-Length:
      - '149'
      Content-Type:
      - application/json; charset=utf-8
      ParameterSetName:
      - -g -n --repo-url --branch --manual-integration
      User-Agent:
      - python/3.6.6 (Windows-10-10.0.18362-SP0) msrest/0.6.6 msrest_azure/0.6.0 azure-mgmt-web/0.42.0
        Azure-SDK-For-Python AZURECLI/2.0.65
      accept-language:
      - en-US
    method: PUT
    uri: https://management.azure.com/subscriptions/00000000-0000-0000-0000-000000000000/resourceGroups/clitest.rg000001/providers/Microsoft.Web/sites/web-git-test2000003/sourcecontrols/web?api-version=2018-11-01
  response:
    body:
      string: '{"id":"/subscriptions/00000000-0000-0000-0000-000000000000/resourceGroups/clitest.rg000001/providers/Microsoft.Web/sites/web-git-test2000003/sourcecontrols/web","name":"web-git-test2000003","type":"Microsoft.Web/sites/sourcecontrols","location":"West
        US","properties":{"repoUrl":"https://github.com/yugangw-msft/azure-site-test","branch":"master","isManualIntegration":true,"deploymentRollbackEnabled":false,"isMercurial":false,"provisioningState":"InProgress"}}'
    headers:
      cache-control:
      - no-cache
      content-length:
      - '531'
      content-type:
      - application/json
      date:
      - Tue, 28 May 2019 19:52:24 GMT
      etag:
      - '"1D5158EDF10F1EB"'
      expires:
      - '-1'
      pragma:
      - no-cache
      server:
      - Microsoft-IIS/10.0
      strict-transport-security:
      - max-age=31536000; includeSubDomains
      x-aspnet-version:
      - 4.0.30319
      x-content-type-options:
      - nosniff
      x-ms-ratelimit-remaining-subscription-writes:
      - '1199'
      x-powered-by:
      - ASP.NET
    status:
      code: 201
      message: Created
- request:
    body: null
    headers:
      Accept:
      - application/json
      Accept-Encoding:
      - gzip, deflate
      CommandName:
      - webapp deployment source config
      Connection:
      - keep-alive
      ParameterSetName:
      - -g -n --repo-url --branch --manual-integration
      User-Agent:
      - python/3.6.6 (Windows-10-10.0.18362-SP0) msrest/0.6.6 msrest_azure/0.6.0 azure-mgmt-web/0.42.0
        Azure-SDK-For-Python AZURECLI/2.0.65
    method: GET
    uri: https://management.azure.com/subscriptions/00000000-0000-0000-0000-000000000000/resourceGroups/clitest.rg000001/providers/Microsoft.Web/sites/web-git-test2000003/sourcecontrols/web?api-version=2018-11-01
  response:
    body:
      string: '{"id":"/subscriptions/00000000-0000-0000-0000-000000000000/resourceGroups/clitest.rg000001/providers/Microsoft.Web/sites/web-git-test2000003/sourcecontrols/web","name":"web-git-test2000003","type":"Microsoft.Web/sites/sourcecontrols","location":"West
        US","properties":{"repoUrl":"https://github.com/yugangw-msft/azure-site-test","branch":"master","isManualIntegration":true,"deploymentRollbackEnabled":false,"isMercurial":false,"provisioningState":"InProgress","provisioningDetails":"2019-05-28T19:52:47.2920267
        https://web-git-test2000003.scm.azurewebsites.net/api/deployments/latest?deployer=GitHub&time=2019-05-28_19-52-46Z"}}'
    headers:
      cache-control:
      - no-cache
      content-length:
      - '703'
      content-type:
      - application/json
      date:
      - Tue, 28 May 2019 19:52:55 GMT
      etag:
      - '"1D5158EDF10F1EB"'
      expires:
      - '-1'
      pragma:
      - no-cache
      server:
      - Microsoft-IIS/10.0
      strict-transport-security:
      - max-age=31536000; includeSubDomains
      transfer-encoding:
      - chunked
      vary:
      - Accept-Encoding
      x-aspnet-version:
      - 4.0.30319
      x-content-type-options:
      - nosniff
      x-powered-by:
      - ASP.NET
    status:
      code: 200
      message: OK
- request:
    body: null
    headers:
      Accept:
      - application/json
      Accept-Encoding:
      - gzip, deflate
      CommandName:
      - webapp deployment source config
      Connection:
      - keep-alive
      ParameterSetName:
      - -g -n --repo-url --branch --manual-integration
      User-Agent:
      - python/3.6.6 (Windows-10-10.0.18362-SP0) msrest/0.6.6 msrest_azure/0.6.0 azure-mgmt-web/0.42.0
        Azure-SDK-For-Python AZURECLI/2.0.65
    method: GET
    uri: https://management.azure.com/subscriptions/00000000-0000-0000-0000-000000000000/resourceGroups/clitest.rg000001/providers/Microsoft.Web/sites/web-git-test2000003/sourcecontrols/web?api-version=2018-11-01
  response:
    body:
      string: '{"id":"/subscriptions/00000000-0000-0000-0000-000000000000/resourceGroups/clitest.rg000001/providers/Microsoft.Web/sites/web-git-test2000003/sourcecontrols/web","name":"web-git-test2000003","type":"Microsoft.Web/sites/sourcecontrols","location":"West
        US","properties":{"repoUrl":"https://github.com/yugangw-msft/azure-site-test","branch":"master","isManualIntegration":true,"deploymentRollbackEnabled":false,"isMercurial":false,"provisioningState":"Succeeded"}}'
    headers:
      cache-control:
      - no-cache
      content-length:
      - '530'
      content-type:
      - application/json
      date:
      - Tue, 28 May 2019 19:53:26 GMT
      etag:
      - '"1D5158EDF10F1EB"'
      expires:
      - '-1'
      pragma:
      - no-cache
      server:
      - Microsoft-IIS/10.0
      strict-transport-security:
      - max-age=31536000; includeSubDomains
      transfer-encoding:
      - chunked
      vary:
      - Accept-Encoding
      x-aspnet-version:
      - 4.0.30319
      x-content-type-options:
      - nosniff
      x-powered-by:
      - ASP.NET
    status:
      code: 200
      message: OK
- request:
    body: null
    headers:
      Accept:
      - application/json
      Accept-Encoding:
      - gzip, deflate
      CommandName:
      - webapp deployment source show
      Connection:
      - keep-alive
      ParameterSetName:
      - -g -n
      User-Agent:
      - python/3.6.6 (Windows-10-10.0.18362-SP0) msrest/0.6.6 msrest_azure/0.6.0 azure-mgmt-web/0.42.0
        Azure-SDK-For-Python AZURECLI/2.0.65
      accept-language:
      - en-US
    method: GET
    uri: https://management.azure.com/subscriptions/00000000-0000-0000-0000-000000000000/resourceGroups/clitest.rg000001/providers/Microsoft.Web/sites/web-git-test2000003/sourcecontrols/web?api-version=2018-11-01
  response:
    body:
      string: '{"id":"/subscriptions/00000000-0000-0000-0000-000000000000/resourceGroups/clitest.rg000001/providers/Microsoft.Web/sites/web-git-test2000003/sourcecontrols/web","name":"web-git-test2000003","type":"Microsoft.Web/sites/sourcecontrols","location":"West
        US","properties":{"repoUrl":"https://github.com/yugangw-msft/azure-site-test","branch":"master","isManualIntegration":true,"deploymentRollbackEnabled":false,"isMercurial":false,"provisioningState":"Succeeded"}}'
    headers:
      cache-control:
      - no-cache
      content-length:
      - '530'
      content-type:
      - application/json
      date:
      - Tue, 28 May 2019 19:53:27 GMT
      etag:
      - '"1D5158EDF10F1EB"'
      expires:
      - '-1'
      pragma:
      - no-cache
      server:
      - Microsoft-IIS/10.0
      strict-transport-security:
      - max-age=31536000; includeSubDomains
      transfer-encoding:
      - chunked
      vary:
      - Accept-Encoding
      x-aspnet-version:
      - 4.0.30319
      x-content-type-options:
      - nosniff
      x-powered-by:
      - ASP.NET
    status:
      code: 200
      message: OK
- request:
    body: null
    headers:
      Accept:
      - application/json
      Accept-Encoding:
      - gzip, deflate
      CommandName:
      - webapp deployment source delete
      Connection:
      - keep-alive
      Content-Length:
      - '0'
      ParameterSetName:
      - -g -n
      User-Agent:
      - python/3.6.6 (Windows-10-10.0.18362-SP0) msrest/0.6.6 msrest_azure/0.6.0 azure-mgmt-web/0.42.0
        Azure-SDK-For-Python AZURECLI/2.0.65
      accept-language:
      - en-US
    method: DELETE
    uri: https://management.azure.com/subscriptions/00000000-0000-0000-0000-000000000000/resourceGroups/clitest.rg000001/providers/Microsoft.Web/sites/web-git-test2000003/sourcecontrols/web?api-version=2018-11-01
  response:
    body:
      string: ''
    headers:
      cache-control:
      - no-cache
      content-length:
      - '0'
      date:
      - Tue, 28 May 2019 19:53:41 GMT
      etag:
      - '"1D5158F053E330B"'
      expires:
      - '-1'
      pragma:
      - no-cache
      server:
      - Microsoft-IIS/10.0
      strict-transport-security:
      - max-age=31536000; includeSubDomains
      x-aspnet-version:
      - 4.0.30319
      x-content-type-options:
      - nosniff
      x-ms-ratelimit-remaining-subscription-deletes:
      - '14999'
      x-powered-by:
      - ASP.NET
    status:
      code: 200
      message: OK
- request:
    body: null
    headers:
      Accept:
      - application/json
      Accept-Encoding:
      - gzip, deflate
      CommandName:
      - webapp deployment source show
      Connection:
      - keep-alive
      ParameterSetName:
      - -g -n
      User-Agent:
      - python/3.6.6 (Windows-10-10.0.18362-SP0) msrest/0.6.6 msrest_azure/0.6.0 azure-mgmt-web/0.42.0
        Azure-SDK-For-Python AZURECLI/2.0.65
      accept-language:
      - en-US
    method: GET
    uri: https://management.azure.com/subscriptions/00000000-0000-0000-0000-000000000000/resourceGroups/clitest.rg000001/providers/Microsoft.Web/sites/web-git-test2000003/sourcecontrols/web?api-version=2018-11-01
  response:
    body:
      string: '{"id":"/subscriptions/00000000-0000-0000-0000-000000000000/resourceGroups/clitest.rg000001/providers/Microsoft.Web/sites/web-git-test2000003/sourcecontrols/web","name":"web-git-test2000003","type":"Microsoft.Web/sites/sourcecontrols","location":"West
        US","properties":{"repoUrl":null,"branch":null,"isManualIntegration":false,"deploymentRollbackEnabled":false,"isMercurial":false,"provisioningState":"Succeeded"}}'
    headers:
      cache-control:
      - no-cache
      content-length:
      - '482'
      content-type:
      - application/json
      date:
      - Tue, 28 May 2019 19:53:42 GMT
      etag:
      - '"1D5158F053E330B"'
      expires:
      - '-1'
      pragma:
      - no-cache
      server:
      - Microsoft-IIS/10.0
      strict-transport-security:
      - max-age=31536000; includeSubDomains
      transfer-encoding:
      - chunked
      vary:
      - Accept-Encoding
      x-aspnet-version:
      - 4.0.30319
      x-content-type-options:
      - nosniff
      x-powered-by:
      - ASP.NET
    status:
      code: 200
      message: OK
- request:
    body: null
    headers:
      Accept:
      - application/json
      Accept-Encoding:
      - gzip, deflate
      CommandName:
      - group delete
      Connection:
      - keep-alive
      Content-Length:
      - '0'
      ParameterSetName:
      - --name --yes --no-wait
      User-Agent:
      - python/3.6.6 (Windows-10-10.0.18362-SP0) msrest/0.6.6 msrest_azure/0.6.0 resourcemanagementclient/2.1.0
        Azure-SDK-For-Python AZURECLI/2.0.65
      accept-language:
      - en-US
    method: DELETE
    uri: https://management.azure.com/subscriptions/00000000-0000-0000-0000-000000000000/resourcegroups/clitest.rg000001?api-version=2018-05-01
  response:
    body:
      string: ''
    headers:
      cache-control:
      - no-cache
      content-length:
      - '0'
      date:
      - Tue, 28 May 2019 19:53:44 GMT
      expires:
      - '-1'
      location:
      - https://management.azure.com/subscriptions/00000000-0000-0000-0000-000000000000/operationresults/eyJqb2JJZCI6IlJFU09VUkNFR1JPVVBERUxFVElPTkpPQi1DTElURVNUOjJFUkdWNDJOUVZWREIyM0ZINTRLWFhVS1ZRUFJEREE0WTI3RkhDRnwwQjRCMkQwNkJFMjIxRTcxLVdFU1RVUyIsImpvYkxvY2F0aW9uIjoid2VzdHVzIn0?api-version=2018-05-01
      pragma:
      - no-cache
      strict-transport-security:
      - max-age=31536000; includeSubDomains
      x-content-type-options:
      - nosniff
      x-ms-ratelimit-remaining-subscription-deletes:
      - '14999'
    status:
      code: 202
      message: Accepted
version: 1
