interactions:
- request:
    body: null
    headers:
      Accept:
      - application/json
      Accept-Encoding:
      - gzip, deflate
      CommandName:
      - appservice plan create
      Connection:
      - keep-alive
      ParameterSetName:
      - -g -n --sku --is-linux
      User-Agent:
      - AZURECLI/2.61.0 (PIP) azsdk-python-core/1.28.0 Python/3.9.13 (Windows-10-10.0.19045-SP0)
    method: GET
    uri: https://management.azure.com/subscriptions/00000000-0000-0000-0000-000000000000/resourcegroups/clitest.rg000001?api-version=2022-09-01
  response:
    body:
      string: '{"id":"/subscriptions/00000000-0000-0000-0000-000000000000/resourceGroups/clitest.rg000001","name":"clitest.rg000001","type":"Microsoft.Resources/resourceGroups","location":"ukwest","tags":{"product":"azurecli","cause":"automation","test":"test_logicapp_on_linux","date":"2024-06-19T08:56:58Z","module":"appservice","Creator":"aaa@foo.com","DateCreated":"2024-06-19T08:57:23Z"},"properties":{"provisioningState":"Succeeded"}}'
    headers:
      cache-control:
      - no-cache
      content-length:
      - '438'
      content-type:
      - application/json; charset=utf-8
      date:
      - Wed, 19 Jun 2024 08:57:29 GMT
      expires:
      - '-1'
      pragma:
      - no-cache
      strict-transport-security:
      - max-age=31536000; includeSubDomains
      x-content-type-options:
      - nosniff
      x-ms-ratelimit-remaining-subscription-global-reads:
      - '3748'
    status:
      code: 200
      message: OK
- request:
    body: null
    headers:
      Accept:
      - application/json
      Accept-Encoding:
      - gzip, deflate
      CommandName:
      - appservice plan create
      Connection:
      - keep-alive
      ParameterSetName:
      - -g -n --sku --is-linux
      User-Agent:
      - AZURECLI/2.61.0 (PIP) azsdk-python-core/1.28.0 Python/3.9.13 (Windows-10-10.0.19045-SP0)
    method: GET
    uri: https://management.azure.com/subscriptions/00000000-0000-0000-0000-000000000000/resourceGroups/clitest.rg000001/providers/Microsoft.Web/serverfarms/funcapplinplan000003?api-version=2023-01-01
  response:
    body:
      string: '{"error":{"code":"ResourceNotFound","message":"The Resource ''Microsoft.Web/serverFarms/funcapplinplan000003''
        under resource group ''clitest.rg000001'' was not found. For more details
        please go to https://aka.ms/ARMResourceNotFoundFix"}}'
    headers:
      cache-control:
      - no-cache
      content-length:
      - '234'
      content-type:
      - application/json; charset=utf-8
      date:
      - Wed, 19 Jun 2024 08:57:31 GMT
      expires:
      - '-1'
      pragma:
      - no-cache
      strict-transport-security:
      - max-age=31536000; includeSubDomains
      x-content-type-options:
      - nosniff
      x-ms-failure-cause:
      - gateway
    status:
      code: 404
      message: Not Found
- request:
    body: '{"location": "ukwest", "sku": {"name": "WS1", "tier": "WorkflowStandard",
      "capacity": 1}, "properties": {"perSiteScaling": false, "reserved": true, "isXenon":
      false, "zoneRedundant": false}}'
    headers:
      Accept:
      - application/json
      Accept-Encoding:
      - gzip, deflate
      CommandName:
      - appservice plan create
      Connection:
      - keep-alive
      Content-Length:
      - '190'
      Content-Type:
      - application/json
      ParameterSetName:
      - -g -n --sku --is-linux
      User-Agent:
      - AZURECLI/2.61.0 (PIP) azsdk-python-core/1.28.0 Python/3.9.13 (Windows-10-10.0.19045-SP0)
    method: PUT
    uri: https://management.azure.com/subscriptions/00000000-0000-0000-0000-000000000000/resourceGroups/clitest.rg000001/providers/Microsoft.Web/serverfarms/funcapplinplan000003?api-version=2023-01-01
  response:
    body:
      string: '{"id":"/subscriptions/00000000-0000-0000-0000-000000000000/resourceGroups/clitest.rg000001/providers/Microsoft.Web/serverfarms/funcapplinplan000003","name":"funcapplinplan000003","type":"Microsoft.Web/serverfarms","kind":"elastic","location":"ukwest","properties":{"serverFarmId":42779,"name":"funcapplinplan000003","sku":{"name":"WS1","tier":"WorkflowStandard","size":"WS1","family":"WS","capacity":1},"workerSize":"D1","workerSizeId":3,"workerTierName":null,"numberOfWorkers":1,"currentWorkerSize":"D1","currentWorkerSizeId":3,"currentNumberOfWorkers":1,"status":"Ready","webSpace":"clitest.rg000001-UKWestwebspace-Linux","subscription":"0b1f6471-1bf0-4dda-aec3-cb9272f09590","adminSiteName":null,"hostingEnvironment":null,"hostingEnvironmentProfile":null,"maximumNumberOfWorkers":0,"planName":"VirtualDedicatedPlan","adminRuntimeSiteName":null,"computeMode":"Dedicated","siteMode":null,"geoRegion":"UK
        West","perSiteScaling":false,"elasticScaleEnabled":true,"maximumElasticWorkerCount":1,"numberOfSites":0,"hostingEnvironmentId":null,"isSpot":false,"spotExpirationTime":null,"freeOfferExpirationTime":null,"tags":null,"kind":"elastic","resourceGroup":"clitest.rg000001","reserved":true,"isXenon":false,"hyperV":false,"mdmId":"waws-prod-cw1-017_42779","targetWorkerCount":0,"targetWorkerSizeId":0,"provisioningState":"Succeeded","webSiteId":null,"existingServerFarmIds":null,"kubeEnvironmentProfile":null,"zoneRedundant":false,"migrateToVMSS":null,"vnetConnectionsUsed":null,"vnetConnectionsMax":null,"createdTime":"2024-06-19T08:57:33.9766667"},"sku":{"name":"WS1","tier":"WorkflowStandard","size":"WS1","family":"WS","capacity":1}}'
    headers:
      cache-control:
      - no-cache
      content-length:
      - '1635'
      content-type:
      - application/json
      date:
      - Wed, 19 Jun 2024 08:57:36 GMT
      etag:
      - '"1DAC226BB2411E0"'
      expires:
      - '-1'
      pragma:
      - no-cache
      server:
      - Microsoft-IIS/10.0
      strict-transport-security:
      - max-age=31536000; includeSubDomains
      x-aspnet-version:
      - 4.0.30319
      x-content-type-options:
      - nosniff
      x-ms-operation-identifier:
      - tenantId=54826b22-38d6-4fb2-bad9-b7b93a3e9c5a,objectId=a7250e3a-0e5e-48e2-9a34-45f1f5e1a91e/eastus2euap/bee89a55-cab3-47a6-afa3-b1d27b0481db
      x-ms-ratelimit-remaining-subscription-global-writes:
      - '2999'
      x-ms-ratelimit-remaining-subscription-writes:
      - '199'
      x-powered-by:
      - ASP.NET
    status:
      code: 200
      message: OK
- request:
    body: null
    headers:
      Accept:
      - application/json
      Accept-Encoding:
      - gzip, deflate
      CommandName:
      - logicapp create
      Connection:
      - keep-alive
      ParameterSetName:
      - -g -n --plan -s
      User-Agent:
      - AZURECLI/2.61.0 (PIP) azsdk-python-core/1.28.0 Python/3.9.13 (Windows-10-10.0.19045-SP0)
    method: GET
    uri: https://management.azure.com/subscriptions/00000000-0000-0000-0000-000000000000/resourceGroups/clitest.rg000001/providers/Microsoft.Web/serverfarms/funcapplinplan000003?api-version=2023-01-01
  response:
    body:
      string: '{"id":"/subscriptions/00000000-0000-0000-0000-000000000000/resourceGroups/clitest.rg000001/providers/Microsoft.Web/serverfarms/funcapplinplan000003","name":"funcapplinplan000003","type":"Microsoft.Web/serverfarms","kind":"elastic","location":"UK
        West","properties":{"serverFarmId":42779,"name":"funcapplinplan000003","workerSize":"D1","workerSizeId":3,"workerTierName":null,"numberOfWorkers":1,"currentWorkerSize":"D1","currentWorkerSizeId":3,"currentNumberOfWorkers":1,"status":"Ready","webSpace":"clitest.rg000001-UKWestwebspace-Linux","subscription":"0b1f6471-1bf0-4dda-aec3-cb9272f09590","adminSiteName":null,"hostingEnvironment":null,"hostingEnvironmentProfile":null,"maximumNumberOfWorkers":20,"planName":"VirtualDedicatedPlan","adminRuntimeSiteName":null,"computeMode":"Dedicated","siteMode":null,"geoRegion":"UK
        West","perSiteScaling":false,"elasticScaleEnabled":true,"maximumElasticWorkerCount":1,"numberOfSites":0,"hostingEnvironmentId":null,"isSpot":false,"spotExpirationTime":null,"freeOfferExpirationTime":null,"tags":null,"kind":"elastic","resourceGroup":"clitest.rg000001","reserved":true,"isXenon":false,"hyperV":false,"mdmId":"waws-prod-cw1-017_42779","targetWorkerCount":0,"targetWorkerSizeId":0,"provisioningState":"Succeeded","webSiteId":null,"existingServerFarmIds":null,"kubeEnvironmentProfile":null,"zoneRedundant":false,"migrateToVMSS":null,"vnetConnectionsUsed":0,"vnetConnectionsMax":2,"createdTime":"2024-06-19T08:57:33.9766667"},"sku":{"name":"WS1","tier":"WorkflowStandard","size":"WS1","family":"WS","capacity":1}}'
    headers:
      cache-control:
      - no-cache
      content-length:
      - '1544'
      content-type:
      - application/json
      date:
      - Wed, 19 Jun 2024 08:57:38 GMT
      expires:
      - '-1'
      pragma:
      - no-cache
      server:
      - Microsoft-IIS/10.0
      strict-transport-security:
      - max-age=31536000; includeSubDomains
      x-aspnet-version:
      - 4.0.30319
      x-content-type-options:
      - nosniff
      x-ms-ratelimit-remaining-subscription-global-reads:
      - '3749'
      x-powered-by:
      - ASP.NET
    status:
      code: 200
      message: OK
- request:
    body: null
    headers:
      Accept:
      - application/json
      Accept-Encoding:
      - gzip, deflate
      CommandName:
      - logicapp create
      Connection:
      - keep-alive
      ParameterSetName:
      - -g -n --plan -s
      User-Agent:
      - AZURECLI/2.61.0 (PIP) azsdk-python-core/1.28.0 Python/3.9.13 (Windows-10-10.0.19045-SP0)
    method: GET
    uri: https://management.azure.com/subscriptions/00000000-0000-0000-0000-000000000000/resourceGroups/clitest.rg000001/providers/Microsoft.Storage/storageAccounts/clitest000002?api-version=2023-05-01
  response:
    body:
      string: '{"sku":{"name":"Standard_LRS","tier":"Standard"},"kind":"Storage","id":"/subscriptions/00000000-0000-0000-0000-000000000000/resourceGroups/clitest.rg000001/providers/Microsoft.Storage/storageAccounts/clitest000002","name":"clitest000002","type":"Microsoft.Storage/storageAccounts","location":"westus","tags":{},"properties":{"keyCreationTime":{"key1":"2024-06-19T08:57:04.7593344Z","key2":"2024-06-19T08:57:04.7593344Z"},"allowCrossTenantReplication":false,"privateEndpointConnections":[],"minimumTlsVersion":"TLS1_0","allowBlobPublicAccess":false,"networkAcls":{"ipv6Rules":[],"bypass":"AzureServices","virtualNetworkRules":[],"ipRules":[],"defaultAction":"Allow"},"supportsHttpsTrafficOnly":true,"encryption":{"services":{"file":{"keyType":"Account","enabled":true,"lastEnabledTime":"2024-06-19T08:57:06.0562734Z"},"blob":{"keyType":"Account","enabled":true,"lastEnabledTime":"2024-06-19T08:57:06.0562734Z"}},"keySource":"Microsoft.Storage"},"provisioningState":"Succeeded","creationTime":"2024-06-19T08:57:04.6657136Z","primaryEndpoints":{"blob":"https://clitest000002.blob.core.windows.net/","queue":"https://clitest000002.queue.core.windows.net/","table":"https://clitest000002.table.core.windows.net/","file":"https://clitest000002.file.core.windows.net/"},"primaryLocation":"westus","statusOfPrimary":"available"}}'
    headers:
      cache-control:
      - no-cache
      content-length:
      - '1321'
      content-type:
      - application/json
      date:
      - Wed, 19 Jun 2024 08:57:39 GMT
      expires:
      - '-1'
      pragma:
      - no-cache
      server:
      - Microsoft-Azure-Storage-Resource-Provider/1.0,Microsoft-HTTPAPI/2.0 Microsoft-HTTPAPI/2.0
      strict-transport-security:
      - max-age=31536000; includeSubDomains
      x-content-type-options:
      - nosniff
      x-ms-ratelimit-remaining-subscription-global-reads:
      - '3748'
    status:
      code: 200
      message: OK
- request:
    body: null
    headers:
      Accept:
      - application/json
      Accept-Encoding:
      - gzip, deflate
      CommandName:
      - logicapp create
      Connection:
      - keep-alive
      Content-Length:
      - '0'
      ParameterSetName:
      - -g -n --plan -s
      User-Agent:
      - AZURECLI/2.61.0 (PIP) azsdk-python-core/1.28.0 Python/3.9.13 (Windows-10-10.0.19045-SP0)
    method: POST
    uri: https://management.azure.com/subscriptions/00000000-0000-0000-0000-000000000000/resourceGroups/clitest.rg000001/providers/Microsoft.Storage/storageAccounts/clitest000002/listKeys?api-version=2023-05-01&$expand=kerb
  response:
    body:
      string: '{"keys":[{"creationTime":"2024-06-19T08:57:04.7593344Z","keyName":"key1","value":"veryFakedStorageAccountKey==","permissions":"FULL"},{"creationTime":"2024-06-19T08:57:04.7593344Z","keyName":"key2","value":"veryFakedStorageAccountKey==","permissions":"FULL"}]}'
    headers:
      cache-control:
      - no-cache
      content-length:
      - '260'
      content-type:
      - application/json
      date:
      - Wed, 19 Jun 2024 08:57:41 GMT
      expires:
      - '-1'
      pragma:
      - no-cache
      server:
      - Microsoft-Azure-Storage-Resource-Provider/1.0,Microsoft-HTTPAPI/2.0 Microsoft-HTTPAPI/2.0
      strict-transport-security:
      - max-age=31536000; includeSubDomains
      x-content-type-options:
      - nosniff
      x-ms-operation-identifier:
      - tenantId=54826b22-38d6-4fb2-bad9-b7b93a3e9c5a,objectId=a7250e3a-0e5e-48e2-9a34-45f1f5e1a91e/eastus2euap/fce36b43-43dd-4ea6-9634-3dd2c68b3916
      x-ms-ratelimit-remaining-subscription-resource-requests:
      - '11996'
    status:
      code: 200
      message: OK
- request:
    body: '{"kind": "functionapp,workflowapp,linux", "location": "UK West", "properties":
      {"serverFarmId": "/subscriptions/00000000-0000-0000-0000-000000000000/resourceGroups/clitest.rg000001/providers/Microsoft.Web/serverfarms/funcapplinplan000003",
      "reserved": true, "isXenon": false, "hyperV": false, "siteConfig": {"netFrameworkVersion":
      "v4.6", "appSettings": [{"name": "FUNCTIONS_WORKER_RUNTIME", "value": "node"},
      {"name": "WEBSITE_NODE_DEFAULT_VERSION", "value": "~16"}, {"name": "FUNCTIONS_EXTENSION_VERSION",
      "value": "~4"}, {"name": "AzureWebJobsStorage", "value": "DefaultEndpointsProtocol=https;EndpointSuffix=core.windows.net;AccountName=clitest000002;AccountKey=veryFakedStorageAccountKey=="},
      {"name": "AzureWebJobsDashboard", "value": "DefaultEndpointsProtocol=https;EndpointSuffix=core.windows.net;AccountName=clitest000002;AccountKey=veryFakedStorageAccountKey=="},
      {"name": "AzureFunctionsJobHost__extensionBundle__id", "value": "Microsoft.Azure.Functions.ExtensionBundle.Workflows"},
      {"name": "AzureFunctionsJobHost__extensionBundle__version", "value": "[1.*,
      2.0.0)"}, {"name": "APP_KIND", "value": "workflowApp"}, {"name": "WEBSITE_CONTENTAZUREFILECONNECTIONSTRING",
      "value": "DefaultEndpointsProtocol=https;EndpointSuffix=core.windows.net;AccountName=clitest000002;AccountKey=veryFakedStorageAccountKey=="},
      {"name": "WEBSITE_CONTENTSHARE", "value": "logicapp-linux000004"}], "localMySqlEnabled":
      false, "http20Enabled": true}, "scmSiteAlsoStopped": false, "httpsOnly": false}}'
    headers:
      Accept:
      - application/json
      Accept-Encoding:
      - gzip, deflate
      CommandName:
      - logicapp create
      Connection:
      - keep-alive
      Content-Length:
      - '1490'
      Content-Type:
      - application/json
      ParameterSetName:
      - -g -n --plan -s
      User-Agent:
      - AZURECLI/2.61.0 (PIP) azsdk-python-core/1.28.0 Python/3.9.13 (Windows-10-10.0.19045-SP0)
    method: PUT
    uri: https://management.azure.com/subscriptions/00000000-0000-0000-0000-000000000000/resourceGroups/clitest.rg000001/providers/Microsoft.Web/sites/logicapp-linux000004?api-version=2023-01-01
  response:
    body:
      string: '{"id":"/subscriptions/00000000-0000-0000-0000-000000000000/resourceGroups/clitest.rg000001/providers/Microsoft.Web/sites/logicapp-linux000004","name":"logicapp-linux000004","type":"Microsoft.Web/sites","kind":"functionapp,linux,workflowapp","location":"UK
        West","properties":{"name":"logicapp-linux000004","state":"Running","hostNames":["logicapp-linux000004.azurewebsites.net"],"webSpace":"clitest.rg000001-UKWestwebspace-Linux","selfLink":"https://waws-prod-cw1-017.api.azurewebsites.windows.net:454/subscriptions/00000000-0000-0000-0000-000000000000/webspaces/clitest.rg000001-UKWestwebspace-Linux/sites/logicapp-linux000004","repositorySiteName":"logicapp-linux000004","owner":null,"usageState":"Normal","enabled":true,"adminEnabled":true,"afdEnabled":false,"enabledHostNames":["logicapp-linux000004.azurewebsites.net","logicapp-linux000004.scm.azurewebsites.net"],"siteProperties":{"metadata":null,"properties":[{"name":"LinuxFxVersion","value":""},{"name":"WindowsFxVersion","value":null}],"appSettings":null},"availabilityState":"Normal","sslCertificates":null,"csrs":[],"cers":null,"siteMode":null,"hostNameSslStates":[{"name":"logicapp-linux000004.azurewebsites.net","sslState":"Disabled","ipBasedSslResult":null,"virtualIP":null,"virtualIPv6":null,"thumbprint":null,"certificateResourceId":null,"toUpdate":null,"toUpdateIpBasedSsl":null,"ipBasedSslState":"NotConfigured","hostType":"Standard"},{"name":"logicapp-linux000004.scm.azurewebsites.net","sslState":"Disabled","ipBasedSslResult":null,"virtualIP":null,"virtualIPv6":null,"thumbprint":null,"certificateResourceId":null,"toUpdate":null,"toUpdateIpBasedSsl":null,"ipBasedSslState":"NotConfigured","hostType":"Repository"}],"computeMode":null,"serverFarm":null,"serverFarmId":"/subscriptions/00000000-0000-0000-0000-000000000000/resourceGroups/clitest.rg000001/providers/Microsoft.Web/serverfarms/funcapplinplan000003","reserved":true,"isXenon":false,"hyperV":false,"lastModifiedTimeUtc":"2024-06-19T08:57:47.16","storageRecoveryDefaultState":"Running","contentAvailabilityState":"Normal","runtimeAvailabilityState":"Normal","dnsConfiguration":{},"vnetRouteAllEnabled":false,"containerAllocationSubnet":null,"useContainerLocalhostBindings":null,"vnetImagePullEnabled":false,"vnetContentShareEnabled":false,"siteConfig":{"numberOfWorkers":1,"defaultDocuments":null,"netFrameworkVersion":null,"phpVersion":null,"pythonVersion":null,"nodeVersion":null,"powerShellVersion":null,"linuxFxVersion":"","windowsFxVersion":null,"windowsConfiguredStacks":null,"requestTracingEnabled":null,"remoteDebuggingEnabled":null,"remoteDebuggingVersion":null,"httpLoggingEnabled":null,"azureMonitorLogCategories":null,"acrUseManagedIdentityCreds":false,"acrUserManagedIdentityID":null,"logsDirectorySizeLimit":null,"detailedErrorLoggingEnabled":null,"publishingUsername":null,"publishingPassword":null,"appSettings":null,"metadata":null,"connectionStrings":null,"machineKey":null,"handlerMappings":null,"documentRoot":null,"scmType":null,"use32BitWorkerProcess":null,"webSocketsEnabled":null,"alwaysOn":false,"javaVersion":null,"javaContainer":null,"javaContainerVersion":null,"appCommandLine":null,"managedPipelineMode":null,"virtualApplications":null,"winAuthAdminState":null,"winAuthTenantState":null,"customAppPoolIdentityAdminState":null,"customAppPoolIdentityTenantState":null,"runtimeADUser":null,"runtimeADUserPassword":null,"loadBalancing":null,"routingRules":null,"experiments":null,"limits":null,"autoHealEnabled":null,"autoHealRules":null,"tracingOptions":null,"vnetName":null,"vnetRouteAllEnabled":null,"vnetPrivatePortsCount":null,"publicNetworkAccess":null,"cors":null,"push":null,"apiDefinition":null,"apiManagementConfig":null,"autoSwapSlotName":null,"localMySqlEnabled":null,"managedServiceIdentityId":null,"xManagedServiceIdentityId":null,"keyVaultReferenceIdentity":null,"ipSecurityRestrictions":[{"ipAddress":"Any","action":"Allow","priority":2147483647,"name":"Allow
        all","description":"Allow all access"}],"ipSecurityRestrictionsDefaultAction":null,"scmIpSecurityRestrictions":[{"ipAddress":"Any","action":"Allow","priority":2147483647,"name":"Allow
        all","description":"Allow all access"}],"scmIpSecurityRestrictionsDefaultAction":null,"scmIpSecurityRestrictionsUseMain":null,"http20Enabled":false,"minTlsVersion":null,"minTlsCipherSuite":null,"supportedTlsCipherSuites":null,"scmMinTlsVersion":null,"ftpsState":null,"preWarmedInstanceCount":null,"functionAppScaleLimit":0,"elasticWebAppScaleLimit":null,"healthCheckPath":null,"fileChangeAuditEnabled":null,"functionsRuntimeScaleMonitoringEnabled":null,"websiteTimeZone":null,"minimumElasticInstanceCount":0,"azureStorageAccounts":null,"http20ProxyFlag":null,"sitePort":null,"antivirusScanEnabled":null,"storageType":null,"sitePrivateLinkHostEnabled":null,"clusteringEnabled":false},"functionAppConfig":null,"daprConfig":null,"deploymentId":"logicapp-linux000004","slotName":null,"trafficManagerHostNames":null,"sku":"WorkflowStandard","scmSiteAlsoStopped":false,"targetSwapSlot":null,"hostingEnvironment":null,"hostingEnvironmentProfile":null,"clientAffinityEnabled":false,"clientCertEnabled":false,"clientCertMode":"Required","clientCertExclusionPaths":null,"hostNamesDisabled":false,"ipMode":"IPv4","vnetBackupRestoreEnabled":false,"domainVerificationIdentifiers":null,"customDomainVerificationId":"253001F2FCF5A7B1CD759EB861E9BB1596370BE27E47A991F72184277B3D12F2","kind":"functionapp,linux,workflowapp","managedEnvironmentId":null,"workloadProfileName":null,"resourceConfig":null,"inboundIpAddress":"51.140.210.99","possibleInboundIpAddresses":"51.140.210.99","ftpUsername":"logicapp-linux000004\\$logicapp-linux000004","ftpsHostName":"ftps://waws-prod-cw1-017.ftp.azurewebsites.windows.net/site/wwwroot","outboundIpAddresses":"51.140.243.28,51.141.118.176,51.140.247.165,51.140.219.138,51.140.201.163,51.140.210.99","possibleOutboundIpAddresses":"51.141.121.252,51.141.30.11,51.140.216.188,51.140.218.72,51.140.243.28,51.141.118.176,51.140.247.165,51.140.219.138,51.140.201.163,51.142.177.130,51.142.181.87,20.254.147.195,20.254.150.3,20.254.165.171,20.254.167.174,20.254.167.199,51.140.249.192,51.140.218.180,51.140.241.121,51.140.255.104,51.140.218.15,51.140.210.99","containerSize":0,"dailyMemoryTimeQuota":0,"suspendedTill":null,"siteDisabledReason":0,"functionExecutionUnitsCache":null,"maxNumberOfWorkers":null,"homeStamp":"waws-prod-cw1-017","cloningInfo":null,"hostingEnvironmentId":null,"tags":null,"resourceGroup":"clitest.rg000001","defaultHostName":"logicapp-linux000004.azurewebsites.net","slotSwapStatus":null,"httpsOnly":false,"endToEndEncryptionEnabled":false,"functionsRuntimeAdminIsolationEnabled":false,"redundancyMode":"None","inProgressOperationId":null,"geoDistributions":null,"privateEndpointConnections":null,"publicNetworkAccess":null,"buildVersion":null,"targetBuildVersion":null,"migrationState":null,"eligibleLogCategories":"WorkflowRuntime,FunctionAppLogs,AppServiceAuthenticationLogs","inFlightFeatures":null,"storageAccountRequired":false,"virtualNetworkSubnetId":null,"keyVaultReferenceIdentity":"SystemAssigned","autoGeneratedDomainNameLabelScope":null,"defaultHostNameScope":"Global","privateLinkIdentifiers":null,"sshEnabled":null}}'
    headers:
      cache-control:
      - no-cache
      content-length:
      - '7188'
      content-type:
      - application/json
      date:
      - Wed, 19 Jun 2024 08:58:08 GMT
      etag:
      - '"1DAC226C1C55B15"'
      expires:
      - '-1'
      pragma:
      - no-cache
      server:
      - Microsoft-IIS/10.0
      strict-transport-security:
      - max-age=31536000; includeSubDomains
      x-aspnet-version:
      - 4.0.30319
      x-content-type-options:
      - nosniff
      x-ms-operation-identifier:
      - tenantId=54826b22-38d6-4fb2-bad9-b7b93a3e9c5a,objectId=a7250e3a-0e5e-48e2-9a34-45f1f5e1a91e/eastus2euap/0b345daa-f60b-47c7-8e6b-422c0a9f5bc0
      x-ms-ratelimit-remaining-subscription-resource-requests:
      - '499'
      x-powered-by:
      - ASP.NET
    status:
      code: 200
      message: OK
- request:
    body: '{"location": "UK West", "kind": "web", "properties": {"Application_Type":
      "web"}}'
    headers:
      Accept:
      - application/json
      Accept-Encoding:
      - gzip, deflate
      CommandName:
      - logicapp create
      Connection:
      - keep-alive
      Content-Length:
      - '81'
      Content-Type:
      - application/json
      ParameterSetName:
      - -g -n --plan -s
      User-Agent:
      - AZURECLI/2.61.0 (PIP) azsdk-python-core/1.28.0 Python/3.9.13 (Windows-10-10.0.19045-SP0)
    method: PUT
    uri: https://management.azure.com/subscriptions/00000000-0000-0000-0000-000000000000/resourceGroups/clitest.rg000001/providers/Microsoft.Insights/components/logicapp-linux000004?api-version=2015-05-01
  response:
    body:
      string: "{\r\n  \"id\": \"/subscriptions/00000000-0000-0000-0000-000000000000/resourceGroups/clitest.rg000001/providers/microsoft.insights/components/logicapp-linux000004\",\r\n
        \ \"name\": \"logicapp-linux000004\",\r\n  \"type\": \"microsoft.insights/components\",\r\n
        \ \"location\": \"ukwest\",\r\n  \"tags\": {},\r\n  \"kind\": \"web\",\r\n
        \ \"etag\": \"\\\"b600d61b-0000-1000-0000-66729da40000\\\"\",\r\n  \"properties\":
        {\r\n    \"ApplicationId\": \"logicapp-linux000004\",\r\n    \"AppId\": \"0d3e0f8a-5c4f-448a-b0bf-d7d00f73fa70\",\r\n
        \   \"Application_Type\": \"web\",\r\n    \"Flow_Type\": null,\r\n    \"Request_Source\":
        null,\r\n    \"InstrumentationKey\": \"da8e3ba6-3a6f-4036-a1c8-7e790acde7a7\",\r\n
        \   \"ConnectionString\": \"InstrumentationKey=da8e3ba6-3a6f-4036-a1c8-7e790acde7a7;IngestionEndpoint=https://ukwest-0.in.applicationinsights.azure.com/;LiveEndpoint=https://ukwest.livediagnostics.monitor.azure.com/;ApplicationId=0d3e0f8a-5c4f-448a-b0bf-d7d00f73fa70\",\r\n
        \   \"Name\": \"logicapp-linux000004\",\r\n    \"CreationDate\": \"2024-06-19T08:58:12.4697373+00:00\",\r\n
        \   \"TenantId\": \"0b1f6471-1bf0-4dda-aec3-cb9272f09590\",\r\n    \"provisioningState\":
        \"Succeeded\",\r\n    \"SamplingPercentage\": null,\r\n    \"RetentionInDays\":
        90,\r\n    \"IngestionMode\": \"ApplicationInsights\",\r\n    \"publicNetworkAccessForIngestion\":
        \"Enabled\",\r\n    \"publicNetworkAccessForQuery\": \"Enabled\",\r\n    \"Ver\":
        \"v2\"\r\n  }\r\n}"
    headers:
      access-control-expose-headers:
      - Request-Context
      cache-control:
      - no-cache
      content-length:
      - '1308'
      content-type:
      - application/json; charset=utf-8
      date:
      - Wed, 19 Jun 2024 08:58:12 GMT
      expires:
      - '-1'
      pragma:
      - no-cache
      request-context:
      - appId=cid-v1:0dd6a9c3-b728-41ca-aa78-7e1962e22331
      server:
      - Microsoft-IIS/10.0
      strict-transport-security:
      - max-age=31536000; includeSubDomains
      x-content-type-options:
      - nosniff
      x-ms-operation-identifier:
      - tenantId=54826b22-38d6-4fb2-bad9-b7b93a3e9c5a,objectId=a7250e3a-0e5e-48e2-9a34-45f1f5e1a91e/eastus2euap/e19aef00-1af7-4382-a11d-7859464f422c
      x-ms-ratelimit-remaining-subscription-global-writes:
      - '2999'
      x-ms-ratelimit-remaining-subscription-writes:
      - '199'
      x-powered-by:
      - ASP.NET
    status:
      code: 200
      message: OK
- request:
    body: null
    headers:
      Accept:
      - application/json
      Accept-Encoding:
      - gzip, deflate
      CommandName:
      - logicapp create
      Connection:
      - keep-alive
      ParameterSetName:
      - -g -n --plan -s
      User-Agent:
      - AZURECLI/2.61.0 (PIP) azsdk-python-core/1.28.0 Python/3.9.13 (Windows-10-10.0.19045-SP0)
    method: GET
    uri: https://management.azure.com/subscriptions/00000000-0000-0000-0000-000000000000/resourceGroups/clitest.rg000001/providers/Microsoft.Web/sites/logicapp-linux000004?api-version=2023-01-01
  response:
    body:
      string: '{"id":"/subscriptions/00000000-0000-0000-0000-000000000000/resourceGroups/clitest.rg000001/providers/Microsoft.Web/sites/logicapp-linux000004","name":"logicapp-linux000004","type":"Microsoft.Web/sites","kind":"functionapp,linux,workflowapp","location":"UK
        West","properties":{"name":"logicapp-linux000004","state":"Running","hostNames":["logicapp-linux000004.azurewebsites.net"],"webSpace":"clitest.rg000001-UKWestwebspace-Linux","selfLink":"https://waws-prod-cw1-017.api.azurewebsites.windows.net:454/subscriptions/00000000-0000-0000-0000-000000000000/webspaces/clitest.rg000001-UKWestwebspace-Linux/sites/logicapp-linux000004","repositorySiteName":"logicapp-linux000004","owner":null,"usageState":"Normal","enabled":true,"adminEnabled":true,"afdEnabled":false,"enabledHostNames":["logicapp-linux000004.azurewebsites.net","logicapp-linux000004.scm.azurewebsites.net"],"siteProperties":{"metadata":null,"properties":[{"name":"LinuxFxVersion","value":""},{"name":"WindowsFxVersion","value":null}],"appSettings":null},"availabilityState":"Normal","sslCertificates":null,"csrs":[],"cers":null,"siteMode":null,"hostNameSslStates":[{"name":"logicapp-linux000004.azurewebsites.net","sslState":"Disabled","ipBasedSslResult":null,"virtualIP":null,"virtualIPv6":null,"thumbprint":null,"certificateResourceId":null,"toUpdate":null,"toUpdateIpBasedSsl":null,"ipBasedSslState":"NotConfigured","hostType":"Standard"},{"name":"logicapp-linux000004.scm.azurewebsites.net","sslState":"Disabled","ipBasedSslResult":null,"virtualIP":null,"virtualIPv6":null,"thumbprint":null,"certificateResourceId":null,"toUpdate":null,"toUpdateIpBasedSsl":null,"ipBasedSslState":"NotConfigured","hostType":"Repository"}],"computeMode":null,"serverFarm":null,"serverFarmId":"/subscriptions/00000000-0000-0000-0000-000000000000/resourceGroups/clitest.rg000001/providers/Microsoft.Web/serverfarms/funcapplinplan000003","reserved":true,"isXenon":false,"hyperV":false,"lastModifiedTimeUtc":"2024-06-19T08:58:07.97","storageRecoveryDefaultState":"Running","contentAvailabilityState":"Normal","runtimeAvailabilityState":"Normal","dnsConfiguration":{},"vnetRouteAllEnabled":false,"containerAllocationSubnet":null,"useContainerLocalhostBindings":null,"vnetImagePullEnabled":false,"vnetContentShareEnabled":false,"siteConfig":{"numberOfWorkers":1,"defaultDocuments":null,"netFrameworkVersion":null,"phpVersion":null,"pythonVersion":null,"nodeVersion":null,"powerShellVersion":null,"linuxFxVersion":"","windowsFxVersion":null,"windowsConfiguredStacks":null,"requestTracingEnabled":null,"remoteDebuggingEnabled":null,"remoteDebuggingVersion":null,"httpLoggingEnabled":null,"azureMonitorLogCategories":null,"acrUseManagedIdentityCreds":false,"acrUserManagedIdentityID":null,"logsDirectorySizeLimit":null,"detailedErrorLoggingEnabled":null,"publishingUsername":null,"publishingPassword":null,"appSettings":null,"metadata":null,"connectionStrings":null,"machineKey":null,"handlerMappings":null,"documentRoot":null,"scmType":null,"use32BitWorkerProcess":null,"webSocketsEnabled":null,"alwaysOn":false,"javaVersion":null,"javaContainer":null,"javaContainerVersion":null,"appCommandLine":null,"managedPipelineMode":null,"virtualApplications":null,"winAuthAdminState":null,"winAuthTenantState":null,"customAppPoolIdentityAdminState":null,"customAppPoolIdentityTenantState":null,"runtimeADUser":null,"runtimeADUserPassword":null,"loadBalancing":null,"routingRules":null,"experiments":null,"limits":null,"autoHealEnabled":null,"autoHealRules":null,"tracingOptions":null,"vnetName":null,"vnetRouteAllEnabled":null,"vnetPrivatePortsCount":null,"publicNetworkAccess":null,"cors":null,"push":null,"apiDefinition":null,"apiManagementConfig":null,"autoSwapSlotName":null,"localMySqlEnabled":null,"managedServiceIdentityId":null,"xManagedServiceIdentityId":null,"keyVaultReferenceIdentity":null,"ipSecurityRestrictions":null,"ipSecurityRestrictionsDefaultAction":null,"scmIpSecurityRestrictions":null,"scmIpSecurityRestrictionsDefaultAction":null,"scmIpSecurityRestrictionsUseMain":null,"http20Enabled":true,"minTlsVersion":null,"minTlsCipherSuite":null,"supportedTlsCipherSuites":null,"scmMinTlsVersion":null,"ftpsState":null,"preWarmedInstanceCount":null,"functionAppScaleLimit":0,"elasticWebAppScaleLimit":null,"healthCheckPath":null,"fileChangeAuditEnabled":null,"functionsRuntimeScaleMonitoringEnabled":null,"websiteTimeZone":null,"minimumElasticInstanceCount":1,"azureStorageAccounts":null,"http20ProxyFlag":null,"sitePort":null,"antivirusScanEnabled":null,"storageType":null,"sitePrivateLinkHostEnabled":null,"clusteringEnabled":false},"functionAppConfig":null,"daprConfig":null,"deploymentId":"logicapp-linux000004","slotName":null,"trafficManagerHostNames":null,"sku":"WorkflowStandard","scmSiteAlsoStopped":false,"targetSwapSlot":null,"hostingEnvironment":null,"hostingEnvironmentProfile":null,"clientAffinityEnabled":false,"clientCertEnabled":false,"clientCertMode":"Required","clientCertExclusionPaths":null,"hostNamesDisabled":false,"ipMode":"IPv4","vnetBackupRestoreEnabled":false,"domainVerificationIdentifiers":null,"customDomainVerificationId":"253001F2FCF5A7B1CD759EB861E9BB1596370BE27E47A991F72184277B3D12F2","kind":"functionapp,linux,workflowapp","managedEnvironmentId":null,"workloadProfileName":null,"resourceConfig":null,"inboundIpAddress":"51.140.210.99","possibleInboundIpAddresses":"51.140.210.99","ftpUsername":"logicapp-linux000004\\$logicapp-linux000004","ftpsHostName":"ftps://waws-prod-cw1-017.ftp.azurewebsites.windows.net/site/wwwroot","outboundIpAddresses":"51.140.243.28,51.141.118.176,51.140.247.165,51.140.219.138,51.140.201.163,51.140.210.99","possibleOutboundIpAddresses":"51.141.121.252,51.141.30.11,51.140.216.188,51.140.218.72,51.140.243.28,51.141.118.176,51.140.247.165,51.140.219.138,51.140.201.163,51.142.177.130,51.142.181.87,20.254.147.195,20.254.150.3,20.254.165.171,20.254.167.174,20.254.167.199,51.140.249.192,51.140.218.180,51.140.241.121,51.140.255.104,51.140.218.15,51.140.210.99","containerSize":0,"dailyMemoryTimeQuota":0,"suspendedTill":null,"siteDisabledReason":0,"functionExecutionUnitsCache":null,"maxNumberOfWorkers":null,"homeStamp":"waws-prod-cw1-017","cloningInfo":null,"hostingEnvironmentId":null,"tags":null,"resourceGroup":"clitest.rg000001","defaultHostName":"logicapp-linux000004.azurewebsites.net","slotSwapStatus":null,"httpsOnly":false,"endToEndEncryptionEnabled":false,"functionsRuntimeAdminIsolationEnabled":false,"redundancyMode":"None","inProgressOperationId":null,"geoDistributions":null,"privateEndpointConnections":[],"publicNetworkAccess":null,"buildVersion":null,"targetBuildVersion":null,"migrationState":null,"eligibleLogCategories":"WorkflowRuntime,FunctionAppLogs,AppServiceAuthenticationLogs","inFlightFeatures":["SiteContainers"],"storageAccountRequired":false,"virtualNetworkSubnetId":null,"keyVaultReferenceIdentity":"SystemAssigned","autoGeneratedDomainNameLabelScope":null,"defaultHostNameScope":"Global","privateLinkIdentifiers":null,"sshEnabled":null}}'
    headers:
      cache-control:
      - no-cache
      content-length:
      - '6983'
      content-type:
      - application/json
      date:
      - Wed, 19 Jun 2024 08:58:14 GMT
      etag:
      - '"1DAC226CDE47C20"'
      expires:
      - '-1'
      pragma:
      - no-cache
      server:
      - Microsoft-IIS/10.0
      strict-transport-security:
      - max-age=31536000; includeSubDomains
      x-aspnet-version:
      - 4.0.30319
      x-content-type-options:
      - nosniff
      x-ms-ratelimit-remaining-subscription-global-reads:
      - '3749'
      x-powered-by:
      - ASP.NET
    status:
      code: 200
      message: OK
- request:
    body: null
    headers:
      Accept:
      - application/json
      Accept-Encoding:
      - gzip, deflate
      CommandName:
      - logicapp create
      Connection:
      - keep-alive
      Content-Length:
      - '0'
      ParameterSetName:
      - -g -n --plan -s
      User-Agent:
      - AZURECLI/2.61.0 (PIP) azsdk-python-core/1.28.0 Python/3.9.13 (Windows-10-10.0.19045-SP0)
    method: POST
    uri: https://management.azure.com/subscriptions/00000000-0000-0000-0000-000000000000/resourceGroups/clitest.rg000001/providers/Microsoft.Web/sites/logicapp-linux000004/config/appsettings/list?api-version=2023-01-01
  response:
    body:
      string: '{"id":"/subscriptions/00000000-0000-0000-0000-000000000000/resourceGroups/clitest.rg000001/providers/Microsoft.Web/sites/logicapp-linux000004/config/appsettings","name":"appsettings","type":"Microsoft.Web/sites/config","location":"UK
        West","properties":{"FUNCTIONS_WORKER_RUNTIME":"node","WEBSITE_NODE_DEFAULT_VERSION":"~16","FUNCTIONS_EXTENSION_VERSION":"~4","AzureWebJobsStorage":"DefaultEndpointsProtocol=https;EndpointSuffix=core.windows.net;AccountName=clitest000002;AccountKey=veryFakedStorageAccountKey==","AzureWebJobsDashboard":"DefaultEndpointsProtocol=https;EndpointSuffix=core.windows.net;AccountName=clitest000002;AccountKey=veryFakedStorageAccountKey==","AzureFunctionsJobHost__extensionBundle__id":"Microsoft.Azure.Functions.ExtensionBundle.Workflows","AzureFunctionsJobHost__extensionBundle__version":"[1.*,
        2.0.0)","APP_KIND":"workflowApp","WEBSITE_CONTENTAZUREFILECONNECTIONSTRING":"DefaultEndpointsProtocol=https;EndpointSuffix=core.windows.net;AccountName=clitest000002;AccountKey=veryFakedStorageAccountKey==","WEBSITE_CONTENTSHARE":"logicapp-linux000004"}}'
    headers:
      cache-control:
      - no-cache
      content-length:
      - '1078'
      content-type:
      - application/json
      date:
      - Wed, 19 Jun 2024 08:58:15 GMT
      expires:
      - '-1'
      pragma:
      - no-cache
      server:
      - Microsoft-IIS/10.0
      strict-transport-security:
      - max-age=31536000; includeSubDomains
      x-aspnet-version:
      - 4.0.30319
      x-content-type-options:
      - nosniff
      x-ms-operation-identifier:
      - tenantId=54826b22-38d6-4fb2-bad9-b7b93a3e9c5a,objectId=a7250e3a-0e5e-48e2-9a34-45f1f5e1a91e/eastus2euap/975d883b-3da9-467c-bb03-b4e7addc196d
      x-ms-ratelimit-remaining-subscription-resource-requests:
      - '11997'
      x-powered-by:
      - ASP.NET
    status:
      code: 200
      message: OK
- request:
    body: null
    headers:
      Accept:
      - application/json
      Accept-Encoding:
      - gzip, deflate
      CommandName:
      - logicapp create
      Connection:
      - keep-alive
      ParameterSetName:
      - -g -n --plan -s
      User-Agent:
      - AZURECLI/2.61.0 (PIP) azsdk-python-core/1.28.0 Python/3.9.13 (Windows-10-10.0.19045-SP0)
    method: GET
    uri: https://management.azure.com/subscriptions/00000000-0000-0000-0000-000000000000/resourceGroups/clitest.rg000001/providers/Microsoft.Web/sites/logicapp-linux000004?api-version=2023-01-01
  response:
    body:
      string: '{"id":"/subscriptions/00000000-0000-0000-0000-000000000000/resourceGroups/clitest.rg000001/providers/Microsoft.Web/sites/logicapp-linux000004","name":"logicapp-linux000004","type":"Microsoft.Web/sites","kind":"functionapp,linux,workflowapp","location":"UK
        West","properties":{"name":"logicapp-linux000004","state":"Running","hostNames":["logicapp-linux000004.azurewebsites.net"],"webSpace":"clitest.rg000001-UKWestwebspace-Linux","selfLink":"https://waws-prod-cw1-017.api.azurewebsites.windows.net:454/subscriptions/00000000-0000-0000-0000-000000000000/webspaces/clitest.rg000001-UKWestwebspace-Linux/sites/logicapp-linux000004","repositorySiteName":"logicapp-linux000004","owner":null,"usageState":"Normal","enabled":true,"adminEnabled":true,"afdEnabled":false,"enabledHostNames":["logicapp-linux000004.azurewebsites.net","logicapp-linux000004.scm.azurewebsites.net"],"siteProperties":{"metadata":null,"properties":[{"name":"LinuxFxVersion","value":""},{"name":"WindowsFxVersion","value":null}],"appSettings":null},"availabilityState":"Normal","sslCertificates":null,"csrs":[],"cers":null,"siteMode":null,"hostNameSslStates":[{"name":"logicapp-linux000004.azurewebsites.net","sslState":"Disabled","ipBasedSslResult":null,"virtualIP":null,"virtualIPv6":null,"thumbprint":null,"certificateResourceId":null,"toUpdate":null,"toUpdateIpBasedSsl":null,"ipBasedSslState":"NotConfigured","hostType":"Standard"},{"name":"logicapp-linux000004.scm.azurewebsites.net","sslState":"Disabled","ipBasedSslResult":null,"virtualIP":null,"virtualIPv6":null,"thumbprint":null,"certificateResourceId":null,"toUpdate":null,"toUpdateIpBasedSsl":null,"ipBasedSslState":"NotConfigured","hostType":"Repository"}],"computeMode":null,"serverFarm":null,"serverFarmId":"/subscriptions/00000000-0000-0000-0000-000000000000/resourceGroups/clitest.rg000001/providers/Microsoft.Web/serverfarms/funcapplinplan000003","reserved":true,"isXenon":false,"hyperV":false,"lastModifiedTimeUtc":"2024-06-19T08:58:07.97","storageRecoveryDefaultState":"Running","contentAvailabilityState":"Normal","runtimeAvailabilityState":"Normal","dnsConfiguration":{},"vnetRouteAllEnabled":false,"containerAllocationSubnet":null,"useContainerLocalhostBindings":null,"vnetImagePullEnabled":false,"vnetContentShareEnabled":false,"siteConfig":{"numberOfWorkers":1,"defaultDocuments":null,"netFrameworkVersion":null,"phpVersion":null,"pythonVersion":null,"nodeVersion":null,"powerShellVersion":null,"linuxFxVersion":"","windowsFxVersion":null,"windowsConfiguredStacks":null,"requestTracingEnabled":null,"remoteDebuggingEnabled":null,"remoteDebuggingVersion":null,"httpLoggingEnabled":null,"azureMonitorLogCategories":null,"acrUseManagedIdentityCreds":false,"acrUserManagedIdentityID":null,"logsDirectorySizeLimit":null,"detailedErrorLoggingEnabled":null,"publishingUsername":null,"publishingPassword":null,"appSettings":null,"metadata":null,"connectionStrings":null,"machineKey":null,"handlerMappings":null,"documentRoot":null,"scmType":null,"use32BitWorkerProcess":null,"webSocketsEnabled":null,"alwaysOn":false,"javaVersion":null,"javaContainer":null,"javaContainerVersion":null,"appCommandLine":null,"managedPipelineMode":null,"virtualApplications":null,"winAuthAdminState":null,"winAuthTenantState":null,"customAppPoolIdentityAdminState":null,"customAppPoolIdentityTenantState":null,"runtimeADUser":null,"runtimeADUserPassword":null,"loadBalancing":null,"routingRules":null,"experiments":null,"limits":null,"autoHealEnabled":null,"autoHealRules":null,"tracingOptions":null,"vnetName":null,"vnetRouteAllEnabled":null,"vnetPrivatePortsCount":null,"publicNetworkAccess":null,"cors":null,"push":null,"apiDefinition":null,"apiManagementConfig":null,"autoSwapSlotName":null,"localMySqlEnabled":null,"managedServiceIdentityId":null,"xManagedServiceIdentityId":null,"keyVaultReferenceIdentity":null,"ipSecurityRestrictions":null,"ipSecurityRestrictionsDefaultAction":null,"scmIpSecurityRestrictions":null,"scmIpSecurityRestrictionsDefaultAction":null,"scmIpSecurityRestrictionsUseMain":null,"http20Enabled":true,"minTlsVersion":null,"minTlsCipherSuite":null,"supportedTlsCipherSuites":null,"scmMinTlsVersion":null,"ftpsState":null,"preWarmedInstanceCount":null,"functionAppScaleLimit":0,"elasticWebAppScaleLimit":null,"healthCheckPath":null,"fileChangeAuditEnabled":null,"functionsRuntimeScaleMonitoringEnabled":null,"websiteTimeZone":null,"minimumElasticInstanceCount":1,"azureStorageAccounts":null,"http20ProxyFlag":null,"sitePort":null,"antivirusScanEnabled":null,"storageType":null,"sitePrivateLinkHostEnabled":null,"clusteringEnabled":false},"functionAppConfig":null,"daprConfig":null,"deploymentId":"logicapp-linux000004","slotName":null,"trafficManagerHostNames":null,"sku":"WorkflowStandard","scmSiteAlsoStopped":false,"targetSwapSlot":null,"hostingEnvironment":null,"hostingEnvironmentProfile":null,"clientAffinityEnabled":false,"clientCertEnabled":false,"clientCertMode":"Required","clientCertExclusionPaths":null,"hostNamesDisabled":false,"ipMode":"IPv4","vnetBackupRestoreEnabled":false,"domainVerificationIdentifiers":null,"customDomainVerificationId":"253001F2FCF5A7B1CD759EB861E9BB1596370BE27E47A991F72184277B3D12F2","kind":"functionapp,linux,workflowapp","managedEnvironmentId":null,"workloadProfileName":null,"resourceConfig":null,"inboundIpAddress":"51.140.210.99","possibleInboundIpAddresses":"51.140.210.99","ftpUsername":"logicapp-linux000004\\$logicapp-linux000004","ftpsHostName":"ftps://waws-prod-cw1-017.ftp.azurewebsites.windows.net/site/wwwroot","outboundIpAddresses":"51.140.243.28,51.141.118.176,51.140.247.165,51.140.219.138,51.140.201.163,51.140.210.99","possibleOutboundIpAddresses":"51.141.121.252,51.141.30.11,51.140.216.188,51.140.218.72,51.140.243.28,51.141.118.176,51.140.247.165,51.140.219.138,51.140.201.163,51.142.177.130,51.142.181.87,20.254.147.195,20.254.150.3,20.254.165.171,20.254.167.174,20.254.167.199,51.140.249.192,51.140.218.180,51.140.241.121,51.140.255.104,51.140.218.15,51.140.210.99","containerSize":0,"dailyMemoryTimeQuota":0,"suspendedTill":null,"siteDisabledReason":0,"functionExecutionUnitsCache":null,"maxNumberOfWorkers":null,"homeStamp":"waws-prod-cw1-017","cloningInfo":null,"hostingEnvironmentId":null,"tags":null,"resourceGroup":"clitest.rg000001","defaultHostName":"logicapp-linux000004.azurewebsites.net","slotSwapStatus":null,"httpsOnly":false,"endToEndEncryptionEnabled":false,"functionsRuntimeAdminIsolationEnabled":false,"redundancyMode":"None","inProgressOperationId":null,"geoDistributions":null,"privateEndpointConnections":[],"publicNetworkAccess":null,"buildVersion":null,"targetBuildVersion":null,"migrationState":null,"eligibleLogCategories":"WorkflowRuntime,FunctionAppLogs,AppServiceAuthenticationLogs","inFlightFeatures":["SiteContainers"],"storageAccountRequired":false,"virtualNetworkSubnetId":null,"keyVaultReferenceIdentity":"SystemAssigned","autoGeneratedDomainNameLabelScope":null,"defaultHostNameScope":"Global","privateLinkIdentifiers":null,"sshEnabled":null}}'
    headers:
      cache-control:
      - no-cache
      content-length:
      - '6983'
      content-type:
      - application/json
      date:
      - Wed, 19 Jun 2024 08:58:17 GMT
      etag:
      - '"1DAC226CDE47C20"'
      expires:
      - '-1'
      pragma:
      - no-cache
      server:
      - Microsoft-IIS/10.0
      strict-transport-security:
      - max-age=31536000; includeSubDomains
      x-aspnet-version:
      - 4.0.30319
      x-content-type-options:
      - nosniff
      x-ms-ratelimit-remaining-subscription-global-reads:
      - '3749'
      x-powered-by:
      - ASP.NET
    status:
      code: 200
      message: OK
- request:
    body: '{"properties": {"FUNCTIONS_WORKER_RUNTIME": "node", "WEBSITE_NODE_DEFAULT_VERSION":
      "~16", "FUNCTIONS_EXTENSION_VERSION": "~4", "AzureWebJobsStorage": "DefaultEndpointsProtocol=https;EndpointSuffix=core.windows.net;AccountName=clitest000002;AccountKey=veryFakedStorageAccountKey==",
      "AzureWebJobsDashboard": "DefaultEndpointsProtocol=https;EndpointSuffix=core.windows.net;AccountName=clitest000002;AccountKey=veryFakedStorageAccountKey==",
      "AzureFunctionsJobHost__extensionBundle__id": "Microsoft.Azure.Functions.ExtensionBundle.Workflows",
      "AzureFunctionsJobHost__extensionBundle__version": "[1.*, 2.0.0)", "APP_KIND":
      "workflowApp", "WEBSITE_CONTENTAZUREFILECONNECTIONSTRING": "DefaultEndpointsProtocol=https;EndpointSuffix=core.windows.net;AccountName=clitest000002;AccountKey=veryFakedStorageAccountKey==",
      "WEBSITE_CONTENTSHARE": "logicapp-linux000004", "APPINSIGHTS_INSTRUMENTATIONKEY":
      "da8e3ba6-3a6f-4036-a1c8-7e790acde7a7"}}'
    headers:
      Accept:
      - application/json
      Accept-Encoding:
      - gzip, deflate
      CommandName:
      - logicapp create
      Connection:
      - keep-alive
      Content-Length:
      - '933'
      Content-Type:
      - application/json
      ParameterSetName:
      - -g -n --plan -s
      User-Agent:
      - AZURECLI/2.61.0 (PIP) azsdk-python-core/1.28.0 Python/3.9.13 (Windows-10-10.0.19045-SP0)
    method: PUT
    uri: https://management.azure.com/subscriptions/00000000-0000-0000-0000-000000000000/resourceGroups/clitest.rg000001/providers/Microsoft.Web/sites/logicapp-linux000004/config/appsettings?api-version=2023-01-01
  response:
    body:
      string: '{"id":"/subscriptions/00000000-0000-0000-0000-000000000000/resourceGroups/clitest.rg000001/providers/Microsoft.Web/sites/logicapp-linux000004/config/appsettings","name":"appsettings","type":"Microsoft.Web/sites/config","location":"UK
        West","properties":{"FUNCTIONS_WORKER_RUNTIME":"node","WEBSITE_NODE_DEFAULT_VERSION":"~16","FUNCTIONS_EXTENSION_VERSION":"~4","AzureWebJobsStorage":"DefaultEndpointsProtocol=https;EndpointSuffix=core.windows.net;AccountName=clitest000002;AccountKey=veryFakedStorageAccountKey==","AzureWebJobsDashboard":"DefaultEndpointsProtocol=https;EndpointSuffix=core.windows.net;AccountName=clitest000002;AccountKey=veryFakedStorageAccountKey==","AzureFunctionsJobHost__extensionBundle__id":"Microsoft.Azure.Functions.ExtensionBundle.Workflows","AzureFunctionsJobHost__extensionBundle__version":"[1.*,
        2.0.0)","APP_KIND":"workflowApp","WEBSITE_CONTENTAZUREFILECONNECTIONSTRING":"DefaultEndpointsProtocol=https;EndpointSuffix=core.windows.net;AccountName=clitest000002;AccountKey=veryFakedStorageAccountKey==","WEBSITE_CONTENTSHARE":"logicapp-linux000004","APPINSIGHTS_INSTRUMENTATIONKEY":"da8e3ba6-3a6f-4036-a1c8-7e790acde7a7"}}'
    headers:
      cache-control:
      - no-cache
      content-length:
      - '1150'
      content-type:
      - application/json
      date:
      - Wed, 19 Jun 2024 08:58:20 GMT
      etag:
      - '"1DAC226CDE47C20"'
      expires:
      - '-1'
      pragma:
      - no-cache
      server:
      - Microsoft-IIS/10.0
      strict-transport-security:
      - max-age=31536000; includeSubDomains
      x-aspnet-version:
      - 4.0.30319
      x-content-type-options:
      - nosniff
      x-ms-operation-identifier:
      - tenantId=54826b22-38d6-4fb2-bad9-b7b93a3e9c5a,objectId=a7250e3a-0e5e-48e2-9a34-45f1f5e1a91e/eastus2euap/12c5b185-97e8-4f7c-a3b2-3f733d1679c9
      x-ms-ratelimit-remaining-subscription-global-writes:
      - '2999'
      x-ms-ratelimit-remaining-subscription-writes:
      - '199'
      x-powered-by:
      - ASP.NET
    status:
      code: 200
      message: OK
- request:
    body: null
    headers:
      Accept:
      - application/json
      Accept-Encoding:
      - gzip, deflate
      CommandName:
      - logicapp list
      Connection:
      - keep-alive
      ParameterSetName:
      - -g
      User-Agent:
      - AZURECLI/2.61.0 (PIP) azsdk-python-core/1.28.0 Python/3.9.13 (Windows-10-10.0.19045-SP0)
    method: GET
    uri: https://management.azure.com/subscriptions/00000000-0000-0000-0000-000000000000/resourceGroups/clitest.rg000001/providers/Microsoft.Web/sites?api-version=2023-01-01
  response:
    body:
      string: '{"value":[{"id":"/subscriptions/00000000-0000-0000-0000-000000000000/resourceGroups/clitest.rg000001/providers/Microsoft.Web/sites/logicapp-linux000004","name":"logicapp-linux000004","type":"Microsoft.Web/sites","kind":"functionapp,linux,workflowapp","location":"UK
        West","properties":{"name":"logicapp-linux000004","state":"Running","hostNames":["logicapp-linux000004.azurewebsites.net"],"webSpace":"clitest.rg000001-UKWestwebspace-Linux","selfLink":"https://waws-prod-cw1-017.api.azurewebsites.windows.net:454/subscriptions/00000000-0000-0000-0000-000000000000/webspaces/clitest.rg000001-UKWestwebspace-Linux/sites/logicapp-linux000004","repositorySiteName":"logicapp-linux000004","owner":null,"usageState":"Normal","enabled":true,"adminEnabled":true,"afdEnabled":false,"enabledHostNames":["logicapp-linux000004.azurewebsites.net","logicapp-linux000004.scm.azurewebsites.net"],"siteProperties":{"metadata":null,"properties":[{"name":"LinuxFxVersion","value":""},{"name":"WindowsFxVersion","value":null}],"appSettings":null},"availabilityState":"Normal","sslCertificates":null,"csrs":[],"cers":null,"siteMode":null,"hostNameSslStates":[{"name":"logicapp-linux000004.azurewebsites.net","sslState":"Disabled","ipBasedSslResult":null,"virtualIP":null,"virtualIPv6":null,"thumbprint":null,"certificateResourceId":null,"toUpdate":null,"toUpdateIpBasedSsl":null,"ipBasedSslState":"NotConfigured","hostType":"Standard"},{"name":"logicapp-linux000004.scm.azurewebsites.net","sslState":"Disabled","ipBasedSslResult":null,"virtualIP":null,"virtualIPv6":null,"thumbprint":null,"certificateResourceId":null,"toUpdate":null,"toUpdateIpBasedSsl":null,"ipBasedSslState":"NotConfigured","hostType":"Repository"}],"computeMode":null,"serverFarm":null,"serverFarmId":"/subscriptions/00000000-0000-0000-0000-000000000000/resourceGroups/clitest.rg000001/providers/Microsoft.Web/serverfarms/funcapplinplan000003","reserved":true,"isXenon":false,"hyperV":false,"lastModifiedTimeUtc":"2024-06-19T08:58:20.12","storageRecoveryDefaultState":"Running","contentAvailabilityState":"Normal","runtimeAvailabilityState":"Normal","dnsConfiguration":{},"vnetRouteAllEnabled":false,"containerAllocationSubnet":null,"useContainerLocalhostBindings":null,"vnetImagePullEnabled":false,"vnetContentShareEnabled":false,"siteConfig":{"numberOfWorkers":1,"defaultDocuments":null,"netFrameworkVersion":null,"phpVersion":null,"pythonVersion":null,"nodeVersion":null,"powerShellVersion":null,"linuxFxVersion":"","windowsFxVersion":null,"windowsConfiguredStacks":null,"requestTracingEnabled":null,"remoteDebuggingEnabled":null,"remoteDebuggingVersion":null,"httpLoggingEnabled":null,"azureMonitorLogCategories":null,"acrUseManagedIdentityCreds":false,"acrUserManagedIdentityID":null,"logsDirectorySizeLimit":null,"detailedErrorLoggingEnabled":null,"publishingUsername":null,"publishingPassword":null,"appSettings":null,"metadata":null,"connectionStrings":null,"machineKey":null,"handlerMappings":null,"documentRoot":null,"scmType":null,"use32BitWorkerProcess":null,"webSocketsEnabled":null,"alwaysOn":false,"javaVersion":null,"javaContainer":null,"javaContainerVersion":null,"appCommandLine":null,"managedPipelineMode":null,"virtualApplications":null,"winAuthAdminState":null,"winAuthTenantState":null,"customAppPoolIdentityAdminState":null,"customAppPoolIdentityTenantState":null,"runtimeADUser":null,"runtimeADUserPassword":null,"loadBalancing":null,"routingRules":null,"experiments":null,"limits":null,"autoHealEnabled":null,"autoHealRules":null,"tracingOptions":null,"vnetName":null,"vnetRouteAllEnabled":null,"vnetPrivatePortsCount":null,"publicNetworkAccess":null,"cors":null,"push":null,"apiDefinition":null,"apiManagementConfig":null,"autoSwapSlotName":null,"localMySqlEnabled":null,"managedServiceIdentityId":null,"xManagedServiceIdentityId":null,"keyVaultReferenceIdentity":null,"ipSecurityRestrictions":null,"ipSecurityRestrictionsDefaultAction":null,"scmIpSecurityRestrictions":null,"scmIpSecurityRestrictionsDefaultAction":null,"scmIpSecurityRestrictionsUseMain":null,"http20Enabled":true,"minTlsVersion":null,"minTlsCipherSuite":null,"supportedTlsCipherSuites":null,"scmMinTlsVersion":null,"ftpsState":null,"preWarmedInstanceCount":null,"functionAppScaleLimit":0,"elasticWebAppScaleLimit":null,"healthCheckPath":null,"fileChangeAuditEnabled":null,"functionsRuntimeScaleMonitoringEnabled":null,"websiteTimeZone":null,"minimumElasticInstanceCount":1,"azureStorageAccounts":null,"http20ProxyFlag":null,"sitePort":null,"antivirusScanEnabled":null,"storageType":null,"sitePrivateLinkHostEnabled":null,"clusteringEnabled":false},"functionAppConfig":null,"daprConfig":null,"deploymentId":"logicapp-linux000004","slotName":null,"trafficManagerHostNames":null,"sku":"WorkflowStandard","scmSiteAlsoStopped":false,"targetSwapSlot":null,"hostingEnvironment":null,"hostingEnvironmentProfile":null,"clientAffinityEnabled":false,"clientCertEnabled":false,"clientCertMode":"Required","clientCertExclusionPaths":null,"hostNamesDisabled":false,"ipMode":"IPv4","vnetBackupRestoreEnabled":false,"domainVerificationIdentifiers":null,"customDomainVerificationId":"253001F2FCF5A7B1CD759EB861E9BB1596370BE27E47A991F72184277B3D12F2","kind":"functionapp,linux,workflowapp","managedEnvironmentId":null,"workloadProfileName":null,"resourceConfig":null,"inboundIpAddress":"51.140.210.99","possibleInboundIpAddresses":"51.140.210.99","ftpUsername":"logicapp-linux000004\\$logicapp-linux000004","ftpsHostName":"ftps://waws-prod-cw1-017.ftp.azurewebsites.windows.net/site/wwwroot","outboundIpAddresses":"51.140.243.28,51.141.118.176,51.140.247.165,51.140.219.138,51.140.201.163,51.140.210.99","possibleOutboundIpAddresses":"51.141.121.252,51.141.30.11,51.140.216.188,51.140.218.72,51.140.243.28,51.141.118.176,51.140.247.165,51.140.219.138,51.140.201.163,51.142.177.130,51.142.181.87,20.254.147.195,20.254.150.3,20.254.165.171,20.254.167.174,20.254.167.199,51.140.249.192,51.140.218.180,51.140.241.121,51.140.255.104,51.140.218.15,51.140.210.99","containerSize":0,"dailyMemoryTimeQuota":0,"suspendedTill":null,"siteDisabledReason":0,"functionExecutionUnitsCache":null,"maxNumberOfWorkers":null,"homeStamp":"waws-prod-cw1-017","cloningInfo":null,"hostingEnvironmentId":null,"tags":null,"resourceGroup":"clitest.rg000001","defaultHostName":"logicapp-linux000004.azurewebsites.net","slotSwapStatus":null,"httpsOnly":false,"endToEndEncryptionEnabled":false,"functionsRuntimeAdminIsolationEnabled":false,"redundancyMode":"None","inProgressOperationId":null,"geoDistributions":null,"privateEndpointConnections":null,"publicNetworkAccess":null,"buildVersion":null,"targetBuildVersion":null,"migrationState":null,"eligibleLogCategories":"WorkflowRuntime,FunctionAppLogs,AppServiceAuthenticationLogs","inFlightFeatures":null,"storageAccountRequired":false,"virtualNetworkSubnetId":null,"keyVaultReferenceIdentity":"SystemAssigned","autoGeneratedDomainNameLabelScope":null,"defaultHostNameScope":"Global","privateLinkIdentifiers":null,"sshEnabled":null}}],"nextLink":null,"id":null}'
    headers:
      cache-control:
      - no-cache
      content-length:
      - '7009'
      content-type:
      - application/json
      date:
      - Wed, 19 Jun 2024 08:58:21 GMT
      expires:
      - '-1'
      pragma:
      - no-cache
      server:
      - Microsoft-IIS/10.0
      strict-transport-security:
      - max-age=31536000; includeSubDomains
      x-aspnet-version:
      - 4.0.30319
      x-content-type-options:
      - nosniff
      x-ms-ratelimit-remaining-subscription-global-reads:
      - '3748'
      x-powered-by:
      - ASP.NET
    status:
      code: 200
      message: OK
- request:
    body: null
    headers:
      Accept:
      - application/json
      Accept-Encoding:
      - gzip, deflate
      CommandName:
      - logicapp delete
      Connection:
      - keep-alive
      Content-Length:
      - '0'
      ParameterSetName:
      - -g -n -y
      User-Agent:
      - AZURECLI/2.61.0 (PIP) azsdk-python-core/1.28.0 Python/3.9.13 (Windows-10-10.0.19045-SP0)
    method: DELETE
    uri: https://management.azure.com/subscriptions/00000000-0000-0000-0000-000000000000/resourceGroups/clitest.rg000001/providers/Microsoft.Web/sites/logicapp-linux000004?api-version=2023-01-01
  response:
    body:
      string: ''
    headers:
      cache-control:
      - no-cache
      content-length:
      - '0'
      date:
      - Wed, 19 Jun 2024 08:58:45 GMT
      etag:
      - '"1DAC226D5226D80"'
      expires:
      - '-1'
      pragma:
      - no-cache
      server:
      - Microsoft-IIS/10.0
      strict-transport-security:
      - max-age=31536000; includeSubDomains
      x-aspnet-version:
      - 4.0.30319
      x-content-type-options:
      - nosniff
      x-ms-operation-identifier:
      - tenantId=54826b22-38d6-4fb2-bad9-b7b93a3e9c5a,objectId=a7250e3a-0e5e-48e2-9a34-45f1f5e1a91e/eastus2euap/33c339f0-833d-4597-be6d-a9e28159507f
      x-ms-ratelimit-remaining-subscription-deletes:
      - '200'
      x-ms-ratelimit-remaining-subscription-global-deletes:
      - '3000'
      x-powered-by:
      - ASP.NET
    status:
      code: 200
      message: OK
version: 1
