interactions:
- request:
    body: null
    headers:
      Accept:
      - application/json
      Accept-Encoding:
      - gzip, deflate
      CommandName:
      - functionapp create
      Connection:
      - keep-alive
      ParameterSetName:
      - -g -n -c -s --os-type
      User-Agent:
      - python/3.7.8 (Windows-10-10.0.19041-SP0) msrest/0.6.18 msrest_azure/0.6.3
        azure-mgmt-web/0.48.0 Azure-SDK-For-Python AZURECLI/2.14.0
      accept-language:
      - en-US
    method: GET
    uri: https://management.azure.com/subscriptions/00000000-0000-0000-0000-000000000000/providers/Microsoft.Web/geoRegions?sku=Dynamic&api-version=2019-08-01
  response:
    body:
      string: '{"value":[{"id":"/subscriptions/00000000-0000-0000-0000-000000000000/providers/Microsoft.Web/geoRegions/Central
        US","name":"Central US","type":"Microsoft.Web/geoRegions","properties":{"name":"Central
        US","description":null,"sortOrder":0,"displayName":"Central US","orgDomain":"PUBLIC;DREAMSPARK;MSFTPUBLIC;FUNCTIONS;DYNAMIC;DSERIES;LINUX;LINUXDSERIES;ELASTICPREMIUM;LINUXFREE;LINUXDYNAMIC;ELASTICLINUX;XENON;XENONV3;WINDOWSV3;LINUXV3"}},{"id":"/subscriptions/00000000-0000-0000-0000-000000000000/providers/Microsoft.Web/geoRegions/North
        Europe","name":"North Europe","type":"Microsoft.Web/geoRegions","properties":{"name":"North
        Europe","description":null,"sortOrder":1,"displayName":"North Europe","orgDomain":"PUBLIC;DREAMSPARK;MSFTPUBLIC;FUNCTIONS;DYNAMIC;DSERIES;LINUX;LINUXDSERIES;XENON;ELASTICPREMIUM;LINUXFREE;ELASTICLINUX;LINUXDYNAMIC;XENON;XENONV3;WINDOWSV3;LINUXV3"}},{"id":"/subscriptions/00000000-0000-0000-0000-000000000000/providers/Microsoft.Web/geoRegions/West
        Europe","name":"West Europe","type":"Microsoft.Web/geoRegions","properties":{"name":"West
        Europe","description":null,"sortOrder":2,"displayName":"West Europe","orgDomain":"PUBLIC;DREAMSPARK;MSFTPUBLIC;FUNCTIONS;DYNAMIC;LINUX;DSERIES;LINUXDSERIES;XENON;SFCONTAINERS;LINUXDYNAMIC;ELASTICPREMIUM;ELASTICLINUX;LINUXFREE;XENON;XENONV3;WINDOWSV3;LINUXV3"}},{"id":"/subscriptions/00000000-0000-0000-0000-000000000000/providers/Microsoft.Web/geoRegions/Southeast
        Asia","name":"Southeast Asia","type":"Microsoft.Web/geoRegions","properties":{"name":"Southeast
        Asia","description":null,"sortOrder":3,"displayName":"Southeast Asia","orgDomain":"PUBLIC;DREAMSPARK;MSFTPUBLIC;FUNCTIONS;DYNAMIC;LINUX;DSERIES;LINUXDSERIES;XENON;ELASTICPREMIUM;LINUXFREE;ELASTICLINUX;LINUXDYNAMIC;XENON;XENONV3;WINDOWSV3;LINUXV3"}},{"id":"/subscriptions/00000000-0000-0000-0000-000000000000/providers/Microsoft.Web/geoRegions/East
        Asia","name":"East Asia","type":"Microsoft.Web/geoRegions","properties":{"name":"East
        Asia","description":null,"sortOrder":4,"displayName":"East Asia","orgDomain":"PUBLIC;DREAMSPARK;MSFTPUBLIC;FUNCTIONS;DYNAMIC;LINUX;DSERIES;LINUXDSERIES;SFCONTAINERS;LINUXDYNAMIC;ELASTICPREMIUM;LINUXFREE;ELASTICLINUX;XENON;XENONV3;WINDOWSV3;LINUXV3"}},{"id":"/subscriptions/00000000-0000-0000-0000-000000000000/providers/Microsoft.Web/geoRegions/West
        US","name":"West US","type":"Microsoft.Web/geoRegions","properties":{"name":"West
        US","description":null,"sortOrder":5,"displayName":"West US","orgDomain":"PUBLIC;DREAMSPARK;MSFTPUBLIC;FUNCTIONS;DYNAMIC;LINUX;DSERIES;LINUXDSERIES;XENON;ELASTICPREMIUM;LINUXFREE;ELASTICLINUX;LINUXDYNAMIC;XENON;XENONV3;WINDOWSV3;LINUXV3"}},{"id":"/subscriptions/00000000-0000-0000-0000-000000000000/providers/Microsoft.Web/geoRegions/East
        US","name":"East US","type":"Microsoft.Web/geoRegions","properties":{"name":"East
        US","description":null,"sortOrder":6,"displayName":"East US","orgDomain":"PUBLIC;DREAMSPARK;MSFTPUBLIC;FUNCTIONS;DYNAMIC;LINUX;DSERIES;FAKEORG;LINUXDSERIES;XENON;SFCONTAINERS;LINUXDYNAMIC;LINUXFREE;ELASTICLINUX;ELASTICPREMIUM;XENON;XENONV3;WINDOWSV3;LINUXV3"}},{"id":"/subscriptions/00000000-0000-0000-0000-000000000000/providers/Microsoft.Web/geoRegions/Japan
        West","name":"Japan West","type":"Microsoft.Web/geoRegions","properties":{"name":"Japan
        West","description":null,"sortOrder":7,"displayName":"Japan West","orgDomain":"PUBLIC;DREAMSPARK;MSFTPUBLIC;FUNCTIONS;DYNAMIC;LINUX;DSERIES;LINUXDSERIES;ELASTICPREMIUM;LINUXFREE;ELASTICLINUX"}},{"id":"/subscriptions/00000000-0000-0000-0000-000000000000/providers/Microsoft.Web/geoRegions/Japan
        East","name":"Japan East","type":"Microsoft.Web/geoRegions","properties":{"name":"Japan
        East","description":null,"sortOrder":8,"displayName":"Japan East","orgDomain":"PUBLIC;DREAMSPARK;MSFTPUBLIC;FUNCTIONS;DYNAMIC;LINUX;DSERIES;LINUXDSERIES;LINUXFREE;ELASTICLINUX;ELASTICPREMIUM;LINUXDYNAMIC;XENON;XENONV3;WINDOWSV3;LINUXV3"}},{"id":"/subscriptions/00000000-0000-0000-0000-000000000000/providers/Microsoft.Web/geoRegions/East
        US 2","name":"East US 2","type":"Microsoft.Web/geoRegions","properties":{"name":"East
        US 2","description":null,"sortOrder":9,"displayName":"East US 2","orgDomain":"PUBLIC;DREAMSPARK;MSFTPUBLIC;FUNCTIONS;DYNAMIC;DSERIES;LINUX;LINUXDSERIES;ELASTICPREMIUM;LINUXFREE;LINUXDYNAMIC;ELASTICLINUX;XENON;XENONV3;WINDOWSV3;LINUXV3"}},{"id":"/subscriptions/00000000-0000-0000-0000-000000000000/providers/Microsoft.Web/geoRegions/North
        Central US","name":"North Central US","type":"Microsoft.Web/geoRegions","properties":{"name":"North
        Central US","description":null,"sortOrder":10,"displayName":"North Central
        US","orgDomain":"PUBLIC;DREAMSPARK;MSFTPUBLIC;FUNCTIONS;DYNAMIC;LINUX;DSERIES;LINUXDSERIES;LINUXFREE;ELASTICPREMIUM;ELASTICLINUX;LINUXDYNAMIC"}},{"id":"/subscriptions/00000000-0000-0000-0000-000000000000/providers/Microsoft.Web/geoRegions/South
        Central US","name":"South Central US","type":"Microsoft.Web/geoRegions","properties":{"name":"South
        Central US","description":null,"sortOrder":11,"displayName":"South Central
        US","orgDomain":"PUBLIC;DREAMSPARK;MSFTPUBLIC;FUNCTIONS;DYNAMIC;DSERIES;LINUX;LINUXDSERIES;ELASTICPREMIUM;LINUXFREE;LINUXDYNAMIC;ELASTICLINUX;XENON;XENONV3;WINDOWSV3;LINUXV3"}},{"id":"/subscriptions/00000000-0000-0000-0000-000000000000/providers/Microsoft.Web/geoRegions/Brazil
        South","name":"Brazil South","type":"Microsoft.Web/geoRegions","properties":{"name":"Brazil
        South","description":null,"sortOrder":12,"displayName":"Brazil South","orgDomain":"PUBLIC;DREAMSPARK;MSFTPUBLIC;FUNCTIONS;DYNAMIC;LINUX;DSERIES;LINUXDSERIES;LINUXFREE;ELASTICPREMIUM;LINUXDYNAMIC;ELASTICLINUX;XENON;XENONV3;WINDOWSV3;LINUXV3"}},{"id":"/subscriptions/00000000-0000-0000-0000-000000000000/providers/Microsoft.Web/geoRegions/Australia
        East","name":"Australia East","type":"Microsoft.Web/geoRegions","properties":{"name":"Australia
        East","description":null,"sortOrder":13,"displayName":"Australia East","orgDomain":"PUBLIC;DREAMSPARK;MSFTPUBLIC;FUNCTIONS;DYNAMIC;LINUX;DSERIES;LINUXDSERIES;XENON;ELASTICPREMIUM;LINUXFREE;LINUXDYNAMIC;ELASTICLINUX;XENON;XENONV3;WINDOWSV3;LINUXV3"}},{"id":"/subscriptions/00000000-0000-0000-0000-000000000000/providers/Microsoft.Web/geoRegions/Australia
        Southeast","name":"Australia Southeast","type":"Microsoft.Web/geoRegions","properties":{"name":"Australia
        Southeast","description":null,"sortOrder":14,"displayName":"Australia Southeast","orgDomain":"PUBLIC;DREAMSPARK;MSFTPUBLIC;FUNCTIONS;DYNAMIC;DSERIES;LINUX;LINUXDSERIES;ELASTICPREMIUM;LINUXFREE;ELASTICLINUX;XENON;XENONV3;WINDOWSV3;LINUXV3"}},{"id":"/subscriptions/00000000-0000-0000-0000-000000000000/providers/Microsoft.Web/geoRegions/East
        Asia (Stage)","name":"East Asia (Stage)","type":"Microsoft.Web/geoRegions","properties":{"name":"East
        Asia (Stage)","description":null,"sortOrder":2147483647,"displayName":"East
        Asia (Stage)","orgDomain":"MSFTINT;DSERIES;ELASTICPREMIUM;FUNCTIONS;DYNAMIC;XENON;LINUX;LINUXFREE;LINUXDYNAMIC;XENONV3"}},{"id":"/subscriptions/00000000-0000-0000-0000-000000000000/providers/Microsoft.Web/geoRegions/Central
        India","name":"Central India","type":"Microsoft.Web/geoRegions","properties":{"name":"Central
        India","description":null,"sortOrder":2147483647,"displayName":"Central India","orgDomain":"PUBLIC;DREAMSPARK;MSFTPUBLIC;FUNCTIONS;DYNAMIC;LINUX;DSERIES;LINUXDSERIES"}},{"id":"/subscriptions/00000000-0000-0000-0000-000000000000/providers/Microsoft.Web/geoRegions/West
        India","name":"West India","type":"Microsoft.Web/geoRegions","properties":{"name":"West
        India","description":null,"sortOrder":2147483647,"displayName":"West India","orgDomain":"PUBLIC;DREAMSPARK;MSFTPUBLIC;FUNCTIONS;DYNAMIC;LINUX;DSERIES;LINUXDSERIES;ELASTICPREMIUM;LINUXDYNAMIC;ELASTICLINUX"}},{"id":"/subscriptions/00000000-0000-0000-0000-000000000000/providers/Microsoft.Web/geoRegions/South
        India","name":"South India","type":"Microsoft.Web/geoRegions","properties":{"name":"South
        India","description":null,"sortOrder":2147483647,"displayName":"South India","orgDomain":"PUBLIC;DREAMSPARK;MSFTPUBLIC;FUNCTIONS;DYNAMIC;DSERIES;LINUX;LINUXDSERIES;ELASTICPREMIUM"}},{"id":"/subscriptions/00000000-0000-0000-0000-000000000000/providers/Microsoft.Web/geoRegions/Canada
        Central","name":"Canada Central","type":"Microsoft.Web/geoRegions","properties":{"name":"Canada
        Central","description":null,"sortOrder":2147483647,"displayName":"Canada Central","orgDomain":"PUBLIC;DREAMSPARK;MSFTPUBLIC;FUNCTIONS;DYNAMIC;DSERIES;LINUX;LINUXDSERIES;ELASTICPREMIUM;LINUXFREE;ELASTICLINUX;XENON;XENONV3;WINDOWSV3;LINUXV3"}},{"id":"/subscriptions/00000000-0000-0000-0000-000000000000/providers/Microsoft.Web/geoRegions/Canada
        East","name":"Canada East","type":"Microsoft.Web/geoRegions","properties":{"name":"Canada
        East","description":null,"sortOrder":2147483647,"displayName":"Canada East","orgDomain":"PUBLIC;DREAMSPARK;MSFTPUBLIC;FUNCTIONS;DYNAMIC;LINUX;DSERIES;LINUXDSERIES"}},{"id":"/subscriptions/00000000-0000-0000-0000-000000000000/providers/Microsoft.Web/geoRegions/West
        Central US","name":"West Central US","type":"Microsoft.Web/geoRegions","properties":{"name":"West
        Central US","description":null,"sortOrder":2147483647,"displayName":"West
        Central US","orgDomain":"PUBLIC;FUNCTIONS;DYNAMIC;LINUX;DSERIES;LINUXDSERIES;ELASTICLINUX;ELASTICPREMIUM;MSFTPUBLIC;XENON;XENONV3;WINDOWSV3;LINUXV3"}},{"id":"/subscriptions/00000000-0000-0000-0000-000000000000/providers/Microsoft.Web/geoRegions/West
        US 2","name":"West US 2","type":"Microsoft.Web/geoRegions","properties":{"name":"West
        US 2","description":null,"sortOrder":2147483647,"displayName":"West US 2","orgDomain":"PUBLIC;DREAMSPARK;MSFTPUBLIC;FUNCTIONS;DYNAMIC;LINUX;DSERIES;LINUXDSERIES;LINUXFREE;LINUXDYNAMIC;ELASTICPREMIUM;ELASTICLINUX;XENON;XENONV3;WINDOWSV3;LINUXV3"}},{"id":"/subscriptions/00000000-0000-0000-0000-000000000000/providers/Microsoft.Web/geoRegions/UK
        West","name":"UK West","type":"Microsoft.Web/geoRegions","properties":{"name":"UK
        West","description":null,"sortOrder":2147483647,"displayName":"UK West","orgDomain":"PUBLIC;MSFTPUBLIC;FUNCTIONS;DYNAMIC;DSERIES;LINUX;LINUXDSERIES;ELASTICPREMIUM;LINUXDYNAMIC;ELASTICLINUX;XENON;XENONV3;WINDOWSV3;LINUXV3"}},{"id":"/subscriptions/00000000-0000-0000-0000-000000000000/providers/Microsoft.Web/geoRegions/UK
        South","name":"UK South","type":"Microsoft.Web/geoRegions","properties":{"name":"UK
        South","description":null,"sortOrder":2147483647,"displayName":"UK South","orgDomain":"PUBLIC;MSFTPUBLIC;DYNAMIC;DSERIES;LINUX;LINUXDSERIES;LINUXFREE;LINUXDYNAMIC;ELASTICPREMIUM;ELASTICLINUX;XENON;XENONV3;WINDOWSV3;LINUXV3"}},{"id":"/subscriptions/00000000-0000-0000-0000-000000000000/providers/Microsoft.Web/geoRegions/East
        US 2 EUAP","name":"East US 2 EUAP","type":"Microsoft.Web/geoRegions","properties":{"name":"East
        US 2 EUAP","description":null,"sortOrder":2147483647,"displayName":"East US
        2 EUAP","orgDomain":"EUAP;XENON;DSERIES;ELASTICPREMIUM;FUNCTIONS;DYNAMIC;LINUX;LINUXFREE;ELASTICLINUX;WINDOWSV3;XENONV3;LINUXDYNAMIC"}},{"id":"/subscriptions/00000000-0000-0000-0000-000000000000/providers/Microsoft.Web/geoRegions/Central
        US EUAP","name":"Central US EUAP","type":"Microsoft.Web/geoRegions","properties":{"name":"Central
        US EUAP","description":null,"sortOrder":2147483647,"displayName":"Central
        US EUAP","orgDomain":"EUAP;LINUX;DSERIES;ELASTICPREMIUM;LINUXFREE;ELASTICLINUX;LINUXDYNAMIC;DYNAMIC;LINUXV3"}},{"id":"/subscriptions/00000000-0000-0000-0000-000000000000/providers/Microsoft.Web/geoRegions/Korea
        Central","name":"Korea Central","type":"Microsoft.Web/geoRegions","properties":{"name":"Korea
        Central","description":null,"sortOrder":2147483647,"displayName":"Korea Central","orgDomain":"PUBLIC;DREAMSPARK;MSFTPUBLIC;FUNCTIONS;DYNAMIC;LINUX;LINUXDSERIES;ELASTICPREMIUM;LINUXFREE;DSERIES;LINUXDYNAMIC;ELASTICLINUX;XENON;XENONV3;WINDOWSV3;LINUXV3"}},{"id":"/subscriptions/00000000-0000-0000-0000-000000000000/providers/Microsoft.Web/geoRegions/France
        Central","name":"France Central","type":"Microsoft.Web/geoRegions","properties":{"name":"France
        Central","description":null,"sortOrder":2147483647,"displayName":"France Central","orgDomain":"PUBLIC;MSFTPUBLIC;DSERIES;DYNAMIC;LINUX;LINUXDSERIES;ELASTICPREMIUM;LINUXFREE;LINUXDYNAMIC;ELASTICLINUX;XENON;XENONV3;WINDOWSV3;LINUXV3"}},{"id":"/subscriptions/00000000-0000-0000-0000-000000000000/providers/Microsoft.Web/geoRegions/Australia
        Central 2","name":"Australia Central 2","type":"Microsoft.Web/geoRegions","properties":{"name":"Australia
        Central 2","description":null,"sortOrder":2147483647,"displayName":"Australia
        Central 2","orgDomain":"PUBLIC;FUNCTIONS;DYNAMIC;DSERIES;LINUX;LINUXDSERIES;LINUXFREE;ELASTICPREMIUM"}},{"id":"/subscriptions/00000000-0000-0000-0000-000000000000/providers/Microsoft.Web/geoRegions/Australia
        Central","name":"Australia Central","type":"Microsoft.Web/geoRegions","properties":{"name":"Australia
        Central","description":null,"sortOrder":2147483647,"displayName":"Australia
        Central","orgDomain":"PUBLIC;FUNCTIONS;DYNAMIC;DSERIES;LINUX;LINUXDSERIES;LINUXFREE;ELASTICPREMIUM"}},{"id":"/subscriptions/00000000-0000-0000-0000-000000000000/providers/Microsoft.Web/geoRegions/South
        Africa North","name":"South Africa North","type":"Microsoft.Web/geoRegions","properties":{"name":"South
        Africa North","description":null,"sortOrder":2147483647,"displayName":"South
        Africa North","orgDomain":"PUBLIC;MSFTPUBLIC;FUNCTIONS;DYNAMIC;LINUX;LINUXDSERIES;DSERIES"}},{"id":"/subscriptions/00000000-0000-0000-0000-000000000000/providers/Microsoft.Web/geoRegions/Switzerland
        North","name":"Switzerland North","type":"Microsoft.Web/geoRegions","properties":{"name":"Switzerland
        North","description":null,"sortOrder":2147483647,"displayName":"Switzerland
        North","orgDomain":"PUBLIC;DSERIES;LINUX;LINUXDSERIES;LINUXFREE;FUNCTIONS;DYNAMIC;LINUXDYNAMIC;ELASTICPREMIUM;ELASTICLINUX"}},{"id":"/subscriptions/00000000-0000-0000-0000-000000000000/providers/Microsoft.Web/geoRegions/Germany
        West Central","name":"Germany West Central","type":"Microsoft.Web/geoRegions","properties":{"name":"Germany
        West Central","description":null,"sortOrder":2147483647,"displayName":"Germany
        West Central","orgDomain":"PUBLIC;DSERIES;LINUX;LINUXDSERIES;ELASTICPREMIUM;FUNCTIONS;DYNAMIC;ELASTICLINUX;LINUXDYNAMIC"}},{"id":"/subscriptions/00000000-0000-0000-0000-000000000000/providers/Microsoft.Web/geoRegions/Switzerland
        West","name":"Switzerland West","type":"Microsoft.Web/geoRegions","properties":{"name":"Switzerland
        West","description":null,"sortOrder":2147483647,"displayName":"Switzerland
        West","orgDomain":"PUBLIC;DSERIES;LINUX;LINUXDSERIES;LINUXFREE;FUNCTIONS;DYNAMIC;ELASTICPREMIUM"}},{"id":"/subscriptions/00000000-0000-0000-0000-000000000000/providers/Microsoft.Web/geoRegions/UAE
        North","name":"UAE North","type":"Microsoft.Web/geoRegions","properties":{"name":"UAE
        North","description":null,"sortOrder":2147483647,"displayName":"UAE North","orgDomain":"PUBLIC;DSERIES;LINUX;LINUXDSERIES;LINUXFREE;FUNCTIONS;DYNAMIC;LINUXDYNAMIC"}},{"id":"/subscriptions/00000000-0000-0000-0000-000000000000/providers/Microsoft.Web/geoRegions/Norway
        East","name":"Norway East","type":"Microsoft.Web/geoRegions","properties":{"name":"Norway
        East","description":null,"sortOrder":2147483647,"displayName":"Norway East","orgDomain":"PUBLIC;LINUX;LINUXDSERIES;DSERIES;ELASTICLINUX;ELASTICPREMIUM;FUNCTIONS;DYNAMIC"}},{"id":"/subscriptions/00000000-0000-0000-0000-000000000000/providers/Microsoft.Web/geoRegions/Brazil
        Southeast","name":"Brazil Southeast","type":"Microsoft.Web/geoRegions","properties":{"name":"Brazil
        Southeast","description":null,"sortOrder":2147483647,"displayName":"Brazil
        Southeast","orgDomain":"PUBLIC;LINUX;LINUXDSERIES;DSERIES;LINUXFREE;FUNCTIONS;DYNAMIC"}}],"nextLink":null,"id":null}'
    headers:
      cache-control:
      - no-cache
      content-length:
      - '15635'
      content-type:
      - application/json
      date:
      - Wed, 11 Nov 2020 03:03:57 GMT
      expires:
      - '-1'
      pragma:
      - no-cache
      server:
      - Microsoft-IIS/10.0
      strict-transport-security:
      - max-age=31536000; includeSubDomains
      transfer-encoding:
      - chunked
      vary:
      - Accept-Encoding
      x-aspnet-version:
      - 4.0.30319
      x-content-type-options:
      - nosniff
      x-powered-by:
      - ASP.NET
    status:
      code: 200
      message: OK
- request:
    body: null
    headers:
      Accept:
      - application/json
      Accept-Encoding:
      - gzip, deflate
      CommandName:
      - functionapp create
      Connection:
      - keep-alive
      ParameterSetName:
      - -g -n -c -s --os-type
      User-Agent:
      - AZURECLI/2.14.0 azsdk-python-azure-mgmt-storage/16.0.0 Python/3.7.8 (Windows-10-10.0.19041-SP0)
    method: GET
    uri: https://management.azure.com/subscriptions/00000000-0000-0000-0000-000000000000/resourceGroups/clitest.rg000001/providers/Microsoft.Storage/storageAccounts/clitest000002?api-version=2019-06-01
  response:
    body:
      string: '{"sku":{"name":"Standard_LRS","tier":"Standard"},"kind":"Storage","id":"/subscriptions/00000000-0000-0000-0000-000000000000/resourceGroups/clitest.rg000001/providers/Microsoft.Storage/storageAccounts/clitest000002","name":"clitest000002","type":"Microsoft.Storage/storageAccounts","location":"westus","tags":{},"properties":{"privateEndpointConnections":[],"networkAcls":{"bypass":"AzureServices","virtualNetworkRules":[],"ipRules":[],"defaultAction":"Allow"},"supportsHttpsTrafficOnly":true,"encryption":{"services":{"file":{"keyType":"Account","enabled":true,"lastEnabledTime":"2020-11-11T03:03:21.8925050Z"},"blob":{"keyType":"Account","enabled":true,"lastEnabledTime":"2020-11-11T03:03:21.8925050Z"}},"keySource":"Microsoft.Storage"},"provisioningState":"Succeeded","creationTime":"2020-11-11T03:03:21.7987763Z","primaryEndpoints":{"blob":"https://clitest000002.blob.core.windows.net/","queue":"https://clitest000002.queue.core.windows.net/","table":"https://clitest000002.table.core.windows.net/","file":"https://clitest000002.file.core.windows.net/"},"primaryLocation":"westus","statusOfPrimary":"available"}}'
    headers:
      cache-control:
      - no-cache
      content-length:
      - '1240'
      content-type:
      - application/json
      date:
      - Wed, 11 Nov 2020 03:03:58 GMT
      expires:
      - '-1'
      pragma:
      - no-cache
      server:
      - Microsoft-Azure-Storage-Resource-Provider/1.0,Microsoft-HTTPAPI/2.0 Microsoft-HTTPAPI/2.0
      strict-transport-security:
      - max-age=31536000; includeSubDomains
      transfer-encoding:
      - chunked
      vary:
      - Accept-Encoding
      x-content-type-options:
      - nosniff
    status:
      code: 200
      message: OK
- request:
    body: null
    headers:
      Accept:
      - application/json
      Accept-Encoding:
      - gzip, deflate
      CommandName:
      - functionapp create
      Connection:
      - keep-alive
      Content-Length:
      - '0'
      ParameterSetName:
      - -g -n -c -s --os-type
      User-Agent:
      - AZURECLI/2.14.0 azsdk-python-azure-mgmt-storage/16.0.0 Python/3.7.8 (Windows-10-10.0.19041-SP0)
    method: POST
    uri: https://management.azure.com/subscriptions/00000000-0000-0000-0000-000000000000/resourceGroups/clitest.rg000001/providers/Microsoft.Storage/storageAccounts/clitest000002/listKeys?api-version=2019-06-01&$expand=kerb
  response:
    body:
      string: '{"keys":[{"keyName":"key1","value":"veryFakedStorageAccountKey==","permissions":"FULL"},{"keyName":"key2","value":"veryFakedStorageAccountKey==","permissions":"FULL"}]}'
    headers:
      cache-control:
      - no-cache
      content-length:
      - '288'
      content-type:
      - application/json
      date:
      - Wed, 11 Nov 2020 03:03:58 GMT
      expires:
      - '-1'
      pragma:
      - no-cache
      server:
      - Microsoft-Azure-Storage-Resource-Provider/1.0,Microsoft-HTTPAPI/2.0 Microsoft-HTTPAPI/2.0
      strict-transport-security:
      - max-age=31536000; includeSubDomains
      transfer-encoding:
      - chunked
      vary:
      - Accept-Encoding
      x-content-type-options:
      - nosniff
      x-ms-ratelimit-remaining-subscription-resource-requests:
      - '11997'
    status:
      code: 200
      message: OK
- request:
    body: '{"kind": "functionapp", "location": "francecentral", "properties": {"reserved":
      false, "isXenon": false, "hyperV": false, "siteConfig": {"netFrameworkVersion":
      "v4.6", "appSettings": [{"name": "FUNCTIONS_WORKER_RUNTIME", "value": "dotnet"},
      {"name": "FUNCTIONS_EXTENSION_VERSION", "value": "~2"}, {"name": "AzureWebJobsStorage",
      "value": "DefaultEndpointsProtocol=https;EndpointSuffix=core.windows.net;AccountName=clitest000002;AccountKey=veryFakedStorageAccountKey=="},
      {"name": "WEBSITE_CONTENTAZUREFILECONNECTIONSTRING", "value": "DefaultEndpointsProtocol=https;EndpointSuffix=core.windows.net;AccountName=clitest000002;AccountKey=veryFakedStorageAccountKey=="},
      {"name": "WEBSITE_CONTENTSHARE", "value": "functionappwithreservedinstance000003"}],
      "use32BitWorkerProcess": true, "localMySqlEnabled": false, "http20Enabled":
      true}, "scmSiteAlsoStopped": false}}'
    headers:
      Accept:
      - application/json
      Accept-Encoding:
      - gzip, deflate
      CommandName:
      - functionapp create
      Connection:
      - keep-alive
      Content-Length:
      - '1008'
      Content-Type:
      - application/json; charset=utf-8
      ParameterSetName:
      - -g -n -c -s --os-type
      User-Agent:
      - python/3.7.8 (Windows-10-10.0.19041-SP0) msrest/0.6.18 msrest_azure/0.6.3
        azure-mgmt-web/0.48.0 Azure-SDK-For-Python AZURECLI/2.14.0
      accept-language:
      - en-US
    method: PUT
    uri: https://management.azure.com/subscriptions/00000000-0000-0000-0000-000000000000/resourceGroups/clitest.rg000001/providers/Microsoft.Web/sites/functionappwithreservedinstance000003?api-version=2019-08-01
  response:
    body:
      string: '{"id":"/subscriptions/00000000-0000-0000-0000-000000000000/resourceGroups/clitest.rg000001/providers/Microsoft.Web/sites/functionappwithreservedinstance000003","name":"functionappwithreservedinstance000003","type":"Microsoft.Web/sites","kind":"functionapp","location":"francecentral","properties":{"name":"functionappwithreservedinstance000003","state":"Running","hostNames":["functionappwithreservedinstance000003.azurewebsites.net"],"webSpace":"clitest.rg000001-FranceCentralwebspace","selfLink":"https://waws-prod-par-015.api.azurewebsites.windows.net:454/subscriptions/00000000-0000-0000-0000-000000000000/webspaces/clitest.rg000001-FranceCentralwebspace/sites/functionappwithreservedinstance000003","repositorySiteName":"functionappwithreservedinstance000003","owner":null,"usageState":"Normal","enabled":true,"adminEnabled":true,"enabledHostNames":["functionappwithreservedinstance000003.azurewebsites.net","functionappwithreservedinstance000003.scm.azurewebsites.net"],"siteProperties":{"metadata":null,"properties":[{"name":"LinuxFxVersion","value":""},{"name":"WindowsFxVersion","value":null}],"appSettings":null},"availabilityState":"Normal","sslCertificates":null,"csrs":[],"cers":null,"siteMode":null,"hostNameSslStates":[{"name":"functionappwithreservedinstance000003.azurewebsites.net","sslState":"Disabled","ipBasedSslResult":null,"virtualIP":null,"thumbprint":null,"toUpdate":null,"toUpdateIpBasedSsl":null,"ipBasedSslState":"NotConfigured","hostType":"Standard"},{"name":"functionappwithreservedinstance000003.scm.azurewebsites.net","sslState":"Disabled","ipBasedSslResult":null,"virtualIP":null,"thumbprint":null,"toUpdate":null,"toUpdateIpBasedSsl":null,"ipBasedSslState":"NotConfigured","hostType":"Repository"}],"computeMode":null,"serverFarm":null,"serverFarmId":"/subscriptions/00000000-0000-0000-0000-000000000000/resourceGroups/clitest.rg000001/providers/Microsoft.Web/serverfarms/FranceCentralPlan","reserved":false,"isXenon":false,"hyperV":false,"lastModifiedTimeUtc":"2020-11-11T03:04:12.1466667","storageRecoveryDefaultState":"Running","contentAvailabilityState":"Normal","runtimeAvailabilityState":"Normal","siteConfig":{"numberOfWorkers":null,"defaultDocuments":null,"netFrameworkVersion":null,"phpVersion":null,"pythonVersion":null,"nodeVersion":null,"powerShellVersion":null,"linuxFxVersion":null,"windowsFxVersion":null,"requestTracingEnabled":null,"remoteDebuggingEnabled":null,"remoteDebuggingVersion":null,"httpLoggingEnabled":null,"azureMonitorLogCategories":null,"acrUseManagedIdentityCreds":false,"acrUserManagedIdentityID":null,"logsDirectorySizeLimit":null,"detailedErrorLoggingEnabled":null,"publishingUsername":null,"publishingPassword":null,"appSettings":null,"azureStorageAccounts":null,"metadata":null,"connectionStrings":null,"machineKey":null,"handlerMappings":null,"documentRoot":null,"scmType":null,"use32BitWorkerProcess":null,"webSocketsEnabled":null,"alwaysOn":null,"javaVersion":null,"javaContainer":null,"javaContainerVersion":null,"appCommandLine":null,"managedPipelineMode":null,"virtualApplications":null,"winAuthAdminState":null,"winAuthTenantState":null,"customAppPoolIdentityAdminState":null,"customAppPoolIdentityTenantState":null,"runtimeADUser":null,"runtimeADUserPassword":null,"loadBalancing":null,"routingRules":null,"experiments":null,"limits":null,"autoHealEnabled":null,"autoHealRules":null,"tracingOptions":null,"vnetName":null,"vnetRouteAllEnabled":null,"cors":null,"push":null,"apiDefinition":null,"apiManagementConfig":null,"autoSwapSlotName":null,"localMySqlEnabled":null,"managedServiceIdentityId":null,"xManagedServiceIdentityId":null,"ipSecurityRestrictions":[{"ipAddress":"Any","action":"Allow","priority":1,"name":"Allow
        all","description":"Allow all access"}],"scmIpSecurityRestrictions":[{"ipAddress":"Any","action":"Allow","priority":1,"name":"Allow
        all","description":"Allow all access"}],"scmIpSecurityRestrictionsUseMain":null,"http20Enabled":null,"minTlsVersion":null,"scmMinTlsVersion":null,"ftpsState":null,"preWarmedInstanceCount":null,"functionAppScaleLimit":null,"healthCheckPath":null,"fileChangeAuditEnabled":null,"functionsRuntimeScaleMonitoringEnabled":null,"websiteTimeZone":null,"minimumElasticInstanceCount":0},"deploymentId":"functionappwithreservedinstance000003","trafficManagerHostNames":null,"sku":"Dynamic","scmSiteAlsoStopped":false,"targetSwapSlot":null,"hostingEnvironment":null,"hostingEnvironmentProfile":null,"clientAffinityEnabled":false,"clientCertEnabled":false,"clientCertMode":"Required","clientCertExclusionPaths":null,"hostNamesDisabled":false,"domainVerificationIdentifiers":null,"customDomainVerificationId":"253001F2FCF5A7B1CD759EB861E9BB1596370BE27E47A991F72184277B3D12F2","kind":"functionapp","inboundIpAddress":"20.43.43.33","possibleInboundIpAddresses":"20.43.43.33","ftpUsername":"functionappwithreservedinstance000003\\$functionappwithreservedinstance000003","ftpsHostName":"ftps://waws-prod-par-015.ftp.azurewebsites.windows.net/site/wwwroot","outboundIpAddresses":"51.11.234.14,51.11.235.103,51.11.236.195,51.11.237.97,51.11.237.231,51.11.238.40,51.11.238.57,51.11.238.60,51.11.238.61","possibleOutboundIpAddresses":"51.11.234.14,51.11.235.103,51.11.236.195,51.11.237.97,51.11.237.231,51.11.238.40,51.11.238.57,51.11.238.60,51.11.238.61,51.11.238.47,51.11.238.176,51.11.238.204,51.11.238.255,51.11.239.9,51.11.239.36,51.11.239.40,51.11.200.72,51.11.200.124,51.11.236.220,51.11.236.221,51.11.237.48,51.11.237.217,51.11.238.18,51.11.238.19,51.11.238.38,51.11.238.39,51.11.238.56","containerSize":1536,"dailyMemoryTimeQuota":0,"suspendedTill":null,"siteDisabledReason":0,"functionExecutionUnitsCache":null,"maxNumberOfWorkers":null,"homeStamp":"waws-prod-par-015","cloningInfo":null,"hostingEnvironmentId":null,"tags":null,"resourceGroup":"clitest.rg000001","defaultHostName":"functionappwithreservedinstance000003.azurewebsites.net","slotSwapStatus":null,"httpsOnly":false,"redundancyMode":"None","inProgressOperationId":null,"geoDistributions":null,"privateEndpointConnections":null,"buildVersion":null,"targetBuildVersion":null,"migrationState":null}}'
    headers:
      cache-control:
      - no-cache
      content-length:
      - '6418'
      content-type:
      - application/json
      date:
      - Wed, 11 Nov 2020 03:04:45 GMT
      etag:
      - '"1D6B7D75559ABC0"'
      expires:
      - '-1'
      pragma:
      - no-cache
      server:
      - Microsoft-IIS/10.0
      strict-transport-security:
      - max-age=31536000; includeSubDomains
      transfer-encoding:
      - chunked
      vary:
      - Accept-Encoding
      x-aspnet-version:
      - 4.0.30319
      x-content-type-options:
      - nosniff
      x-ms-ratelimit-remaining-subscription-resource-requests:
      - '496'
      x-powered-by:
      - ASP.NET
    status:
      code: 200
      message: OK
- request:
    body: '{"location": "francecentral", "kind": "web", "properties": {"Application_Type":
      "web"}}'
    headers:
      Accept:
      - application/json
      Accept-Encoding:
      - gzip, deflate
      CommandName:
      - functionapp create
      Connection:
      - keep-alive
      Content-Length:
      - '87'
      Content-Type:
      - application/json; charset=utf-8
      ParameterSetName:
      - -g -n -c -s --os-type
      User-Agent:
      - python/3.7.8 (Windows-10-10.0.19041-SP0) msrest/0.6.18 msrest_azure/0.6.3
        azure-mgmt-applicationinsights/0.1.1 Azure-SDK-For-Python AZURECLI/2.14.0
      accept-language:
      - en-US
    method: PUT
    uri: https://management.azure.com/subscriptions/00000000-0000-0000-0000-000000000000/resourceGroups/clitest.rg000001/providers/microsoft.insights/components/functionappwithreservedinstance000003?api-version=2015-05-01
  response:
    body:
      string: '{"id":"/subscriptions/00000000-0000-0000-0000-000000000000/resourceGroups/clitest.rg000001/providers/microsoft.insights/components/functionappwithreservedinstance000003","name":"functionappwithreservedinstance000003","type":"microsoft.insights/components","location":"francecentral","tags":{},"kind":"web","etag":"\"6b0098ab-0000-0e00-0000-5fab54d40000\"","properties":{"Ver":"v2","ApplicationId":"functionappwithreservedinstance000003","AppId":"3a6082d4-9fba-4743-a278-964a37783508","Application_Type":"web","Flow_Type":null,"Request_Source":null,"InstrumentationKey":"67db12e9-5716-475f-8953-3ef7078d504c","ConnectionString":"InstrumentationKey=67db12e9-5716-475f-8953-3ef7078d504c;IngestionEndpoint=https://francecentral-0.in.applicationinsights.azure.com/","Name":"functionappwithreservedinstance000003","CreationDate":"2020-11-11T03:04:51.2746052+00:00","TenantId":"0b1f6471-1bf0-4dda-aec3-cb9272f09590","provisioningState":"Succeeded","SamplingPercentage":null,"RetentionInDays":90,"IngestionMode":"ApplicationInsights","publicNetworkAccessForIngestion":"Enabled","publicNetworkAccessForQuery":"Enabled"}}'
    headers:
      access-control-expose-headers:
      - Request-Context
      cache-control:
      - no-cache
      content-length:
      - '1182'
      content-type:
      - application/json; charset=utf-8
      date:
      - Wed, 11 Nov 2020 03:04:55 GMT
      expires:
      - '-1'
      pragma:
      - no-cache
      request-context:
      - appId=cid-v1:920e14b1-13f3-461a-a4bb-b4fe6f1a4525
      server:
      - Microsoft-IIS/10.0
      strict-transport-security:
      - max-age=31536000; includeSubDomains
      transfer-encoding:
      - chunked
      vary:
      - Accept-Encoding
      x-content-type-options:
      - nosniff
      x-ms-ratelimit-remaining-subscription-writes:
      - '1184'
      x-powered-by:
      - ASP.NET
    status:
      code: 200
      message: OK
- request:
    body: null
    headers:
      Accept:
      - application/json
      Accept-Encoding:
      - gzip, deflate
      CommandName:
      - functionapp create
      Connection:
      - keep-alive
      Content-Length:
      - '0'
      ParameterSetName:
      - -g -n -c -s --os-type
      User-Agent:
      - python/3.7.8 (Windows-10-10.0.19041-SP0) msrest/0.6.18 msrest_azure/0.6.3
        azure-mgmt-web/0.48.0 Azure-SDK-For-Python AZURECLI/2.14.0
      accept-language:
      - en-US
    method: POST
    uri: https://management.azure.com/subscriptions/00000000-0000-0000-0000-000000000000/resourceGroups/clitest.rg000001/providers/Microsoft.Web/sites/functionappwithreservedinstance000003/config/appsettings/list?api-version=2019-08-01
  response:
    body:
      string: '{"id":"/subscriptions/00000000-0000-0000-0000-000000000000/resourceGroups/clitest.rg000001/providers/Microsoft.Web/sites/functionappwithreservedinstance000003/config/appsettings","name":"appsettings","type":"Microsoft.Web/sites/config","location":"France
        Central","properties":{"FUNCTIONS_WORKER_RUNTIME":"dotnet","FUNCTIONS_EXTENSION_VERSION":"~2","AzureWebJobsStorage":"DefaultEndpointsProtocol=https;EndpointSuffix=core.windows.net;AccountName=clitest000002;AccountKey=veryFakedStorageAccountKey==","WEBSITE_CONTENTAZUREFILECONNECTIONSTRING":"DefaultEndpointsProtocol=https;EndpointSuffix=core.windows.net;AccountName=clitest000002;AccountKey=veryFakedStorageAccountKey==","WEBSITE_CONTENTSHARE":"functionappwithreservedinstance000003"}}'
    headers:
      cache-control:
      - no-cache
      content-length:
      - '947'
      content-type:
      - application/json
      date:
      - Wed, 11 Nov 2020 03:04:56 GMT
      expires:
      - '-1'
      pragma:
      - no-cache
      server:
      - Microsoft-IIS/10.0
      strict-transport-security:
      - max-age=31536000; includeSubDomains
      transfer-encoding:
      - chunked
      vary:
      - Accept-Encoding
      x-aspnet-version:
      - 4.0.30319
      x-content-type-options:
      - nosniff
      x-ms-ratelimit-remaining-subscription-resource-requests:
      - '11996'
      x-powered-by:
      - ASP.NET
    status:
      code: 200
      message: OK
- request:
    body: '{"kind": "<class ''str''>", "properties": {"FUNCTIONS_WORKER_RUNTIME":
      "dotnet", "FUNCTIONS_EXTENSION_VERSION": "~2", "AzureWebJobsStorage": "DefaultEndpointsProtocol=https;EndpointSuffix=core.windows.net;AccountName=clitest000002;AccountKey=veryFakedStorageAccountKey==",
      "WEBSITE_CONTENTAZUREFILECONNECTIONSTRING": "DefaultEndpointsProtocol=https;EndpointSuffix=core.windows.net;AccountName=clitest000002;AccountKey=veryFakedStorageAccountKey==",
      "WEBSITE_CONTENTSHARE": "functionappwithreservedinstance000003", "APPINSIGHTS_INSTRUMENTATIONKEY":
      "67db12e9-5716-475f-8953-3ef7078d504c"}}'
    headers:
      Accept:
      - application/json
      Accept-Encoding:
      - gzip, deflate
      CommandName:
      - functionapp create
      Connection:
      - keep-alive
      Content-Length:
      - '731'
      Content-Type:
      - application/json; charset=utf-8
      ParameterSetName:
      - -g -n -c -s --os-type
      User-Agent:
      - python/3.7.8 (Windows-10-10.0.19041-SP0) msrest/0.6.18 msrest_azure/0.6.3
        azure-mgmt-web/0.48.0 Azure-SDK-For-Python AZURECLI/2.14.0
      accept-language:
      - en-US
    method: PUT
    uri: https://management.azure.com/subscriptions/00000000-0000-0000-0000-000000000000/resourceGroups/clitest.rg000001/providers/Microsoft.Web/sites/functionappwithreservedinstance000003/config/appsettings?api-version=2019-08-01
  response:
    body:
      string: '{"id":"/subscriptions/00000000-0000-0000-0000-000000000000/resourceGroups/clitest.rg000001/providers/Microsoft.Web/sites/functionappwithreservedinstance000003/config/appsettings","name":"appsettings","type":"Microsoft.Web/sites/config","location":"France
        Central","properties":{"FUNCTIONS_WORKER_RUNTIME":"dotnet","FUNCTIONS_EXTENSION_VERSION":"~2","AzureWebJobsStorage":"DefaultEndpointsProtocol=https;EndpointSuffix=core.windows.net;AccountName=clitest000002;AccountKey=veryFakedStorageAccountKey==","WEBSITE_CONTENTAZUREFILECONNECTIONSTRING":"DefaultEndpointsProtocol=https;EndpointSuffix=core.windows.net;AccountName=clitest000002;AccountKey=veryFakedStorageAccountKey==","WEBSITE_CONTENTSHARE":"functionappwithreservedinstance000003","APPINSIGHTS_INSTRUMENTATIONKEY":"67db12e9-5716-475f-8953-3ef7078d504c"}}'
    headers:
      cache-control:
      - no-cache
      content-length:
      - '1019'
      content-type:
      - application/json
      date:
      - Wed, 11 Nov 2020 03:05:13 GMT
      etag:
      - '"1D6B7D777670460"'
      expires:
      - '-1'
      pragma:
      - no-cache
      server:
      - Microsoft-IIS/10.0
      strict-transport-security:
      - max-age=31536000; includeSubDomains
      transfer-encoding:
      - chunked
      vary:
      - Accept-Encoding
      x-aspnet-version:
      - 4.0.30319
      x-content-type-options:
      - nosniff
      x-ms-ratelimit-remaining-subscription-writes:
      - '1195'
      x-powered-by:
      - ASP.NET
    status:
      code: 200
      message: OK
- request:
    body: null
    headers:
      Accept:
      - application/json
      Accept-Encoding:
      - gzip, deflate
      CommandName:
      - functionapp config set
      Connection:
      - keep-alive
      ParameterSetName:
      - -g -n --prewarmed-instance-count
      User-Agent:
      - python/3.7.8 (Windows-10-10.0.19041-SP0) msrest/0.6.18 msrest_azure/0.6.3
        azure-mgmt-web/0.48.0 Azure-SDK-For-Python AZURECLI/2.14.0
      accept-language:
      - en-US
    method: GET
    uri: https://management.azure.com/subscriptions/00000000-0000-0000-0000-000000000000/resourceGroups/clitest.rg000001/providers/Microsoft.Web/sites/functionappwithreservedinstance000003/config/web?api-version=2019-08-01
  response:
    body:
      string: '{"id":"/subscriptions/00000000-0000-0000-0000-000000000000/resourceGroups/clitest.rg000001/providers/Microsoft.Web/sites/functionappwithreservedinstance000003/config/web","name":"functionappwithreservedinstance000003","type":"Microsoft.Web/sites/config","location":"France
        Central","properties":{"numberOfWorkers":-1,"defaultDocuments":["Default.htm","Default.html","Default.asp","index.htm","index.html","iisstart.htm","default.aspx","index.php"],"netFrameworkVersion":"v4.0","phpVersion":"5.6","pythonVersion":"","nodeVersion":"","powerShellVersion":"","linuxFxVersion":"","windowsFxVersion":null,"requestTracingEnabled":false,"remoteDebuggingEnabled":false,"remoteDebuggingVersion":null,"httpLoggingEnabled":false,"azureMonitorLogCategories":null,"acrUseManagedIdentityCreds":false,"acrUserManagedIdentityID":null,"logsDirectorySizeLimit":35,"detailedErrorLoggingEnabled":false,"publishingUsername":"$functionappwithreservedinstance000003","publishingPassword":null,"appSettings":null,"azureStorageAccounts":{},"metadata":null,"connectionStrings":null,"machineKey":null,"handlerMappings":null,"documentRoot":null,"scmType":"None","use32BitWorkerProcess":true,"webSocketsEnabled":false,"alwaysOn":false,"javaVersion":null,"javaContainer":null,"javaContainerVersion":null,"appCommandLine":"","managedPipelineMode":"Integrated","virtualApplications":[{"virtualPath":"/","physicalPath":"site\\wwwroot","preloadEnabled":false,"virtualDirectories":null}],"winAuthAdminState":0,"winAuthTenantState":0,"customAppPoolIdentityAdminState":false,"customAppPoolIdentityTenantState":false,"runtimeADUser":null,"runtimeADUserPassword":null,"loadBalancing":"LeastRequests","routingRules":[],"experiments":{"rampUpRules":[]},"limits":null,"autoHealEnabled":false,"autoHealRules":null,"tracingOptions":null,"vnetName":"","vnetRouteAllEnabled":false,"siteAuthEnabled":false,"siteAuthSettings":{"enabled":null,"unauthenticatedClientAction":null,"tokenStoreEnabled":null,"allowedExternalRedirectUrls":null,"defaultProvider":null,"clientId":null,"clientSecret":null,"clientSecretSettingName":null,"clientSecretCertificateThumbprint":null,"issuer":null,"allowedAudiences":null,"additionalLoginParams":null,"isAadAutoProvisioned":false,"aadClaimsAuthorization":null,"googleClientId":null,"googleClientSecret":null,"googleClientSecretSettingName":null,"googleOAuthScopes":null,"facebookAppId":null,"facebookAppSecret":null,"facebookAppSecretSettingName":null,"facebookOAuthScopes":null,"gitHubClientId":null,"gitHubClientSecret":null,"gitHubClientSecretSettingName":null,"gitHubOAuthScopes":null,"twitterConsumerKey":null,"twitterConsumerSecret":null,"twitterConsumerSecretSettingName":null,"microsoftAccountClientId":null,"microsoftAccountClientSecret":null,"microsoftAccountClientSecretSettingName":null,"microsoftAccountOAuthScopes":null},"cors":{"allowedOrigins":["https://functions.azure.com","https://functions-staging.azure.com","https://functions-next.azure.com"],"supportCredentials":false},"push":null,"apiDefinition":null,"apiManagementConfig":null,"autoSwapSlotName":null,"localMySqlEnabled":false,"managedServiceIdentityId":null,"xManagedServiceIdentityId":null,"ipSecurityRestrictions":[{"ipAddress":"Any","action":"Allow","priority":1,"name":"Allow
        all","description":"Allow all access"}],"scmIpSecurityRestrictions":[{"ipAddress":"Any","action":"Allow","priority":1,"name":"Allow
        all","description":"Allow all access"}],"scmIpSecurityRestrictionsUseMain":false,"http20Enabled":true,"minTlsVersion":"1.2","scmMinTlsVersion":"1.0","ftpsState":"AllAllowed","preWarmedInstanceCount":0,"functionAppScaleLimit":0,"healthCheckPath":null,"fileChangeAuditEnabled":false,"functionsRuntimeScaleMonitoringEnabled":false,"websiteTimeZone":null,"minimumElasticInstanceCount":0}}'
    headers:
      cache-control:
      - no-cache
      content-length:
      - '3826'
      content-type:
      - application/json
      date:
      - Wed, 11 Nov 2020 03:05:15 GMT
      expires:
      - '-1'
      pragma:
      - no-cache
      server:
      - Microsoft-IIS/10.0
      strict-transport-security:
      - max-age=31536000; includeSubDomains
      transfer-encoding:
      - chunked
      vary:
      - Accept-Encoding
      x-aspnet-version:
      - 4.0.30319
      x-content-type-options:
      - nosniff
      x-powered-by:
      - ASP.NET
    status:
      code: 200
      message: OK
- request:
    body: '{"properties": {"numberOfWorkers": -1, "defaultDocuments": ["Default.htm",
      "Default.html", "Default.asp", "index.htm", "index.html", "iisstart.htm", "default.aspx",
      "index.php"], "netFrameworkVersion": "v4.0", "phpVersion": "5.6", "pythonVersion":
      "", "nodeVersion": "", "powerShellVersion": "", "linuxFxVersion": "", "requestTracingEnabled":
      false, "remoteDebuggingEnabled": false, "httpLoggingEnabled": false, "acrUseManagedIdentityCreds":
      false, "logsDirectorySizeLimit": 35, "detailedErrorLoggingEnabled": false, "publishingUsername":
      "$functionappwithreservedinstance000003", "scmType": "None", "use32BitWorkerProcess":
      true, "webSocketsEnabled": false, "alwaysOn": false, "appCommandLine": "", "managedPipelineMode":
      "Integrated", "virtualApplications": [{"virtualPath": "/", "physicalPath": "site\\wwwroot",
      "preloadEnabled": false}], "loadBalancing": "LeastRequests", "experiments":
      {"rampUpRules": []}, "autoHealEnabled": false, "vnetName": "", "cors": {"allowedOrigins":
      ["https://functions.azure.com", "https://functions-staging.azure.com", "https://functions-next.azure.com"],
      "supportCredentials": false}, "localMySqlEnabled": false, "ipSecurityRestrictions":
      [{"ipAddress": "Any", "action": "Allow", "priority": 1, "name": "Allow all",
      "description": "Allow all access"}], "scmIpSecurityRestrictions": [{"ipAddress":
      "Any", "action": "Allow", "priority": 1, "name": "Allow all", "description":
      "Allow all access"}], "scmIpSecurityRestrictionsUseMain": false, "http20Enabled":
      true, "minTlsVersion": "1.2", "ftpsState": "AllAllowed", "preWarmedInstanceCount":
      4}}'
    headers:
      Accept:
      - application/json
      Accept-Encoding:
      - gzip, deflate
      CommandName:
      - functionapp config set
      Connection:
      - keep-alive
      Content-Length:
      - '1579'
      Content-Type:
      - application/json; charset=utf-8
      ParameterSetName:
      - -g -n --prewarmed-instance-count
      User-Agent:
      - python/3.7.8 (Windows-10-10.0.19041-SP0) msrest/0.6.18 msrest_azure/0.6.3
        azure-mgmt-web/0.48.0 Azure-SDK-For-Python AZURECLI/2.14.0
      accept-language:
      - en-US
    method: PATCH
    uri: https://management.azure.com/subscriptions/00000000-0000-0000-0000-000000000000/resourceGroups/clitest.rg000001/providers/Microsoft.Web/sites/functionappwithreservedinstance000003/config/web?api-version=2019-08-01
  response:
    body:
      string: '{"id":"/subscriptions/00000000-0000-0000-0000-000000000000/resourceGroups/clitest.rg000001/providers/Microsoft.Web/sites/functionappwithreservedinstance000003","name":"functionappwithreservedinstance000003","type":"Microsoft.Web/sites","location":"France
        Central","properties":{"numberOfWorkers":-1,"defaultDocuments":["Default.htm","Default.html","Default.asp","index.htm","index.html","iisstart.htm","default.aspx","index.php"],"netFrameworkVersion":"v4.0","phpVersion":"5.6","pythonVersion":"","nodeVersion":"","powerShellVersion":"","linuxFxVersion":"","windowsFxVersion":null,"requestTracingEnabled":false,"remoteDebuggingEnabled":false,"remoteDebuggingVersion":"VS2019","httpLoggingEnabled":false,"azureMonitorLogCategories":null,"acrUseManagedIdentityCreds":false,"acrUserManagedIdentityID":null,"logsDirectorySizeLimit":35,"detailedErrorLoggingEnabled":false,"publishingUsername":"$functionappwithreservedinstance000003","publishingPassword":null,"appSettings":null,"azureStorageAccounts":{},"metadata":null,"connectionStrings":null,"machineKey":null,"handlerMappings":null,"documentRoot":null,"scmType":"None","use32BitWorkerProcess":true,"webSocketsEnabled":false,"alwaysOn":false,"javaVersion":null,"javaContainer":null,"javaContainerVersion":null,"appCommandLine":"","managedPipelineMode":"Integrated","virtualApplications":[{"virtualPath":"/","physicalPath":"site\\wwwroot","preloadEnabled":false,"virtualDirectories":null}],"winAuthAdminState":0,"winAuthTenantState":0,"customAppPoolIdentityAdminState":false,"customAppPoolIdentityTenantState":false,"runtimeADUser":null,"runtimeADUserPassword":null,"loadBalancing":"LeastRequests","routingRules":[],"experiments":{"rampUpRules":[]},"limits":null,"autoHealEnabled":false,"autoHealRules":null,"tracingOptions":null,"vnetName":"","vnetRouteAllEnabled":false,"siteAuthEnabled":false,"siteAuthSettings":{"enabled":null,"unauthenticatedClientAction":null,"tokenStoreEnabled":null,"allowedExternalRedirectUrls":null,"defaultProvider":null,"clientId":null,"clientSecret":null,"clientSecretSettingName":null,"clientSecretCertificateThumbprint":null,"issuer":null,"allowedAudiences":null,"additionalLoginParams":null,"isAadAutoProvisioned":false,"aadClaimsAuthorization":null,"googleClientId":null,"googleClientSecret":null,"googleClientSecretSettingName":null,"googleOAuthScopes":null,"facebookAppId":null,"facebookAppSecret":null,"facebookAppSecretSettingName":null,"facebookOAuthScopes":null,"gitHubClientId":null,"gitHubClientSecret":null,"gitHubClientSecretSettingName":null,"gitHubOAuthScopes":null,"twitterConsumerKey":null,"twitterConsumerSecret":null,"twitterConsumerSecretSettingName":null,"microsoftAccountClientId":null,"microsoftAccountClientSecret":null,"microsoftAccountClientSecretSettingName":null,"microsoftAccountOAuthScopes":null},"cors":{"allowedOrigins":["https://functions.azure.com","https://functions-staging.azure.com","https://functions-next.azure.com"],"supportCredentials":false},"push":null,"apiDefinition":null,"apiManagementConfig":null,"autoSwapSlotName":null,"localMySqlEnabled":false,"managedServiceIdentityId":null,"xManagedServiceIdentityId":null,"ipSecurityRestrictions":[{"ipAddress":"Any","action":"Allow","priority":1,"name":"Allow
        all","description":"Allow all access"}],"scmIpSecurityRestrictions":[{"ipAddress":"Any","action":"Allow","priority":1,"name":"Allow
        all","description":"Allow all access"}],"scmIpSecurityRestrictionsUseMain":false,"http20Enabled":true,"minTlsVersion":"1.2","scmMinTlsVersion":"1.0","ftpsState":"AllAllowed","preWarmedInstanceCount":4,"functionAppScaleLimit":0,"healthCheckPath":null,"fileChangeAuditEnabled":false,"functionsRuntimeScaleMonitoringEnabled":false,"websiteTimeZone":null,"minimumElasticInstanceCount":0}}'
    headers:
      cache-control:
      - no-cache
      content-length:
      - '3812'
      content-type:
      - application/json
      date:
      - Wed, 11 Nov 2020 03:05:21 GMT
      etag:
      - '"1D6B7D777670460"'
      expires:
      - '-1'
      pragma:
      - no-cache
      server:
      - Microsoft-IIS/10.0
      strict-transport-security:
      - max-age=31536000; includeSubDomains
      transfer-encoding:
      - chunked
      vary:
      - Accept-Encoding
      x-aspnet-version:
      - 4.0.30319
      x-content-type-options:
      - nosniff
      x-ms-ratelimit-remaining-subscription-writes:
      - '1182'
      x-powered-by:
      - ASP.NET
    status:
      code: 200
      message: OK
- request:
    body: null
    headers:
      Accept:
      - application/json
      Accept-Encoding:
      - gzip, deflate
      CommandName:
      - functionapp delete
      Connection:
      - keep-alive
      Content-Length:
      - '0'
      ParameterSetName:
      - -g -n
      User-Agent:
      - python/3.7.8 (Windows-10-10.0.19041-SP0) msrest/0.6.18 msrest_azure/0.6.3
        azure-mgmt-web/0.48.0 Azure-SDK-For-Python AZURECLI/2.14.0
      accept-language:
      - en-US
    method: DELETE
    uri: https://management.azure.com/subscriptions/00000000-0000-0000-0000-000000000000/resourceGroups/clitest.rg000001/providers/Microsoft.Web/sites/functionappwithreservedinstance000003?api-version=2019-08-01
  response:
    body:
      string: ''
    headers:
      cache-control:
      - no-cache
      content-length:
      - '0'
      date:
      - Wed, 11 Nov 2020 03:05:29 GMT
      etag:
      - '"1D6B7D77C61A275"'
      expires:
      - '-1'
      pragma:
      - no-cache
      server:
      - Microsoft-IIS/10.0
      strict-transport-security:
      - max-age=31536000; includeSubDomains
      x-aspnet-version:
      - 4.0.30319
      x-content-type-options:
      - nosniff
      x-ms-ratelimit-remaining-subscription-deletes:
      - '14997'
      x-powered-by:
      - ASP.NET
    status:
      code: 200
      message: OK
version: 1
