interactions:
- request:
    body: null
    headers:
      Accept:
      - application/json
      Accept-Encoding:
      - gzip, deflate
      CommandName:
      - appservice plan create
      Connection:
      - keep-alive
      ParameterSetName:
      - -g -n --sku
      User-Agent:
      - python/3.8.2 (macOS-10.16-x86_64-i386-64bit) msrest/0.6.21 msrest_azure/0.6.3
        azure-mgmt-resource/12.0.0 Azure-SDK-For-Python AZURECLI/2.21.0
      accept-language:
      - en-US
    method: GET
    uri: https://management.azure.com/subscriptions/00000000-0000-0000-0000-000000000000/resourcegroups/cli_test_webapp_config_appsettings000001?api-version=2020-10-01
  response:
    body:
      string: '{"id":"/subscriptions/00000000-0000-0000-0000-000000000000/resourceGroups/cli_test_webapp_config_appsettings000001","name":"cli_test_webapp_config_appsettings000001","type":"Microsoft.Resources/resourceGroups","location":"japanwest","tags":{"product":"azurecli","cause":"automation","date":"2021-03-29T21:38:16Z"},"properties":{"provisioningState":"Succeeded"}}'
    headers:
      cache-control:
      - no-cache
      content-length:
      - '431'
      content-type:
      - application/json; charset=utf-8
      date:
      - Mon, 29 Mar 2021 21:38:17 GMT
      expires:
      - '-1'
      pragma:
      - no-cache
      strict-transport-security:
      - max-age=31536000; includeSubDomains
      vary:
      - Accept-Encoding
      x-content-type-options:
      - nosniff
    status:
      code: 200
      message: OK
- request:
    body: '{"name": "webapp-config-appsettings-plan000003", "type": "Microsoft.Web/serverfarms",
      "location": "japanwest", "properties": {"skuName": "S1", "capacity": 1}}'
    headers:
      Accept:
      - application/json
      Accept-Encoding:
      - gzip, deflate
      CommandName:
      - appservice plan create
      Connection:
      - keep-alive
      Content-Length:
      - '162'
      Content-Type:
      - application/json
      ParameterSetName:
      - -g -n --sku
      User-Agent:
      - AZURECLI/2.21.0 azsdk-python-azure-mgmt-web/2.0.0 Python/3.8.2 (macOS-10.16-x86_64-i386-64bit)
    method: POST
    uri: https://management.azure.com/subscriptions/00000000-0000-0000-0000-000000000000/resourceGroups/cli_test_webapp_config_appsettings000001/providers/Microsoft.Web/validate?api-version=2020-09-01
  response:
    body:
      string: '{"status":"Success","error":null}'
    headers:
      cache-control:
      - no-cache
      content-length:
      - '33'
      content-type:
      - application/json
      date:
      - Mon, 29 Mar 2021 21:38:19 GMT
      expires:
      - '-1'
      pragma:
      - no-cache
      server:
      - Microsoft-IIS/10.0
      strict-transport-security:
      - max-age=31536000; includeSubDomains
      transfer-encoding:
      - chunked
      vary:
      - Accept-Encoding
      x-aspnet-version:
      - 4.0.30319
      x-content-type-options:
      - nosniff
      x-ms-ratelimit-remaining-subscription-writes:
      - '1199'
      x-powered-by:
      - ASP.NET
    status:
      code: 200
      message: OK
- request:
    body: null
    headers:
      Accept:
      - application/json
      Accept-Encoding:
      - gzip, deflate
      CommandName:
      - appservice plan create
      Connection:
      - keep-alive
      ParameterSetName:
      - -g -n --sku
      User-Agent:
      - python/3.8.2 (macOS-10.16-x86_64-i386-64bit) msrest/0.6.21 msrest_azure/0.6.3
        azure-mgmt-resource/12.0.0 Azure-SDK-For-Python AZURECLI/2.21.0
      accept-language:
      - en-US
    method: GET
    uri: https://management.azure.com/subscriptions/00000000-0000-0000-0000-000000000000/resourcegroups/cli_test_webapp_config_appsettings000001?api-version=2020-10-01
  response:
    body:
      string: '{"id":"/subscriptions/00000000-0000-0000-0000-000000000000/resourceGroups/cli_test_webapp_config_appsettings000001","name":"cli_test_webapp_config_appsettings000001","type":"Microsoft.Resources/resourceGroups","location":"japanwest","tags":{"product":"azurecli","cause":"automation","date":"2021-03-29T21:38:16Z"},"properties":{"provisioningState":"Succeeded"}}'
    headers:
      cache-control:
      - no-cache
      content-length:
      - '431'
      content-type:
      - application/json; charset=utf-8
      date:
      - Mon, 29 Mar 2021 21:38:18 GMT
      expires:
      - '-1'
      pragma:
      - no-cache
      strict-transport-security:
      - max-age=31536000; includeSubDomains
      vary:
      - Accept-Encoding
      x-content-type-options:
      - nosniff
    status:
      code: 200
      message: OK
- request:
    body: '{"location": "japanwest", "sku": {"name": "S1", "tier": "STANDARD", "capacity":
      1}, "properties": {"perSiteScaling": false, "isXenon": false}}'
    headers:
      Accept:
      - application/json
      Accept-Encoding:
      - gzip, deflate
      CommandName:
      - appservice plan create
      Connection:
      - keep-alive
      Content-Length:
      - '142'
      Content-Type:
      - application/json
      ParameterSetName:
      - -g -n --sku
      User-Agent:
      - AZURECLI/2.21.0 azsdk-python-azure-mgmt-web/2.0.0 Python/3.8.2 (macOS-10.16-x86_64-i386-64bit)
    method: PUT
    uri: https://management.azure.com/subscriptions/00000000-0000-0000-0000-000000000000/resourceGroups/cli_test_webapp_config_appsettings000001/providers/Microsoft.Web/serverfarms/webapp-config-appsettings-plan000003?api-version=2020-09-01
  response:
    body:
      string: '{"id":"/subscriptions/00000000-0000-0000-0000-000000000000/resourceGroups/cli_test_webapp_config_appsettings000001/providers/Microsoft.Web/serverfarms/webapp-config-appsettings-plan000003","name":"webapp-config-appsettings-plan000003","type":"Microsoft.Web/serverfarms","kind":"app","location":"japanwest","properties":{"serverFarmId":1631,"name":"webapp-config-appsettings-plan000003","sku":{"name":"S1","tier":"Standard","size":"S1","family":"S","capacity":1},"workerSize":"Default","workerSizeId":0,"workerTierName":null,"numberOfWorkers":1,"currentWorkerSize":"Default","currentWorkerSizeId":0,"currentNumberOfWorkers":1,"status":"Ready","webSpace":"cli_test_webapp_config_appsettings000001-JapanWestwebspace","subscription":"e483435e-282d-4ac1-92b5-d6123f2aa360","adminSiteName":null,"hostingEnvironment":null,"hostingEnvironmentProfile":null,"maximumNumberOfWorkers":0,"planName":"VirtualDedicatedPlan","adminRuntimeSiteName":null,"computeMode":"Dedicated","siteMode":null,"geoRegion":"Japan
        West","perSiteScaling":false,"maximumElasticWorkerCount":1,"numberOfSites":0,"hostingEnvironmentId":null,"isSpot":false,"spotExpirationTime":null,"freeOfferExpirationTime":null,"tags":null,"kind":"app","resourceGroup":"cli_test_webapp_config_appsettings000001","reserved":false,"isXenon":false,"hyperV":false,"mdmId":"waws-prod-os1-027_1631","targetWorkerCount":0,"targetWorkerSizeId":0,"provisioningState":"Succeeded","webSiteId":null,"existingServerFarmIds":null,"kubeEnvironmentProfile":null,"azBalancing":false},"sku":{"name":"S1","tier":"Standard","size":"S1","family":"S","capacity":1}}'
    headers:
      cache-control:
      - no-cache
      content-length:
      - '1707'
      content-type:
      - application/json
      date:
      - Mon, 29 Mar 2021 21:38:29 GMT
      etag:
      - '"1D724E3DA1D11F5"'
      expires:
      - '-1'
      pragma:
      - no-cache
      server:
      - Microsoft-IIS/10.0
      strict-transport-security:
      - max-age=31536000; includeSubDomains
      transfer-encoding:
      - chunked
      vary:
      - Accept-Encoding
      x-aspnet-version:
      - 4.0.30319
      x-content-type-options:
      - nosniff
      x-ms-ratelimit-remaining-subscription-writes:
      - '1198'
      x-powered-by:
      - ASP.NET
    status:
      code: 200
      message: OK
- request:
    body: null
    headers:
      Accept:
      - application/json
      Accept-Encoding:
      - gzip, deflate
      CommandName:
      - webapp create
      Connection:
      - keep-alive
      ParameterSetName:
      - -g -n --plan
      User-Agent:
      - AZURECLI/2.21.0 azsdk-python-azure-mgmt-web/2.0.0 Python/3.8.2 (macOS-10.16-x86_64-i386-64bit)
    method: GET
    uri: https://management.azure.com/subscriptions/00000000-0000-0000-0000-000000000000/resourceGroups/cli_test_webapp_config_appsettings000001/providers/Microsoft.Web/serverfarms/webapp-config-appsettings-plan000003?api-version=2020-09-01
  response:
    body:
      string: '{"id":"/subscriptions/00000000-0000-0000-0000-000000000000/resourceGroups/cli_test_webapp_config_appsettings000001/providers/Microsoft.Web/serverfarms/webapp-config-appsettings-plan000003","name":"webapp-config-appsettings-plan000003","type":"Microsoft.Web/serverfarms","kind":"app","location":"Japan
        West","properties":{"serverFarmId":1631,"name":"webapp-config-appsettings-plan000003","workerSize":"Default","workerSizeId":0,"workerTierName":null,"numberOfWorkers":1,"currentWorkerSize":"Default","currentWorkerSizeId":0,"currentNumberOfWorkers":1,"status":"Ready","webSpace":"cli_test_webapp_config_appsettings000001-JapanWestwebspace","subscription":"e483435e-282d-4ac1-92b5-d6123f2aa360","adminSiteName":null,"hostingEnvironment":null,"hostingEnvironmentProfile":null,"maximumNumberOfWorkers":10,"planName":"VirtualDedicatedPlan","adminRuntimeSiteName":null,"computeMode":"Dedicated","siteMode":null,"geoRegion":"Japan
        West","perSiteScaling":false,"maximumElasticWorkerCount":1,"numberOfSites":0,"hostingEnvironmentId":null,"isSpot":false,"spotExpirationTime":null,"freeOfferExpirationTime":null,"tags":null,"kind":"app","resourceGroup":"cli_test_webapp_config_appsettings000001","reserved":false,"isXenon":false,"hyperV":false,"mdmId":"waws-prod-os1-027_1631","targetWorkerCount":0,"targetWorkerSizeId":0,"provisioningState":"Succeeded","webSiteId":null,"existingServerFarmIds":null,"kubeEnvironmentProfile":null,"azBalancing":false},"sku":{"name":"S1","tier":"Standard","size":"S1","family":"S","capacity":1}}'
    headers:
      cache-control:
      - no-cache
      content-length:
      - '1633'
      content-type:
      - application/json
      date:
      - Mon, 29 Mar 2021 21:38:31 GMT
      expires:
      - '-1'
      pragma:
      - no-cache
      server:
      - Microsoft-IIS/10.0
      strict-transport-security:
      - max-age=31536000; includeSubDomains
      transfer-encoding:
      - chunked
      vary:
      - Accept-Encoding
      x-aspnet-version:
      - 4.0.30319
      x-content-type-options:
      - nosniff
      x-powered-by:
      - ASP.NET
    status:
      code: 200
      message: OK
- request:
    body: '{"name": "webapp-config-appsettings-test000002", "type": "Microsoft.Web/sites",
      "location": "Japan West", "properties": {"serverFarmId": "/subscriptions/00000000-0000-0000-0000-000000000000/resourceGroups/cli_test_webapp_config_appsettings000001/providers/Microsoft.Web/serverfarms/webapp-config-appsettings-plan000003"}}'
    headers:
      Accept:
      - application/json
      Accept-Encoding:
      - gzip, deflate
      CommandName:
      - webapp create
      Connection:
      - keep-alive
      Content-Length:
      - '364'
      Content-Type:
      - application/json
      ParameterSetName:
      - -g -n --plan
      User-Agent:
      - AZURECLI/2.21.0 azsdk-python-azure-mgmt-web/2.0.0 Python/3.8.2 (macOS-10.16-x86_64-i386-64bit)
    method: POST
    uri: https://management.azure.com/subscriptions/00000000-0000-0000-0000-000000000000/resourceGroups/cli_test_webapp_config_appsettings000001/providers/Microsoft.Web/validate?api-version=2020-09-01
  response:
    body:
      string: '{"status":"Success","error":null}'
    headers:
      cache-control:
      - no-cache
      content-length:
      - '33'
      content-type:
      - application/json
      date:
      - Mon, 29 Mar 2021 21:38:31 GMT
      expires:
      - '-1'
      pragma:
      - no-cache
      server:
      - Microsoft-IIS/10.0
      strict-transport-security:
      - max-age=31536000; includeSubDomains
      transfer-encoding:
      - chunked
      vary:
      - Accept-Encoding
      x-aspnet-version:
      - 4.0.30319
      x-content-type-options:
      - nosniff
      x-ms-ratelimit-remaining-subscription-writes:
      - '1199'
      x-powered-by:
      - ASP.NET
    status:
      code: 200
      message: OK
- request:
    body: null
    headers:
      Accept:
      - application/json
      Accept-Encoding:
      - gzip, deflate
      CommandName:
      - webapp create
      Connection:
      - keep-alive
      ParameterSetName:
      - -g -n --plan
      User-Agent:
      - AZURECLI/2.21.0 azsdk-python-azure-mgmt-web/2.0.0 Python/3.8.2 (macOS-10.16-x86_64-i386-64bit)
    method: GET
    uri: https://management.azure.com/subscriptions/00000000-0000-0000-0000-000000000000/resourceGroups/cli_test_webapp_config_appsettings000001/providers/Microsoft.Web/serverfarms/webapp-config-appsettings-plan000003?api-version=2020-09-01
  response:
    body:
      string: '{"id":"/subscriptions/00000000-0000-0000-0000-000000000000/resourceGroups/cli_test_webapp_config_appsettings000001/providers/Microsoft.Web/serverfarms/webapp-config-appsettings-plan000003","name":"webapp-config-appsettings-plan000003","type":"Microsoft.Web/serverfarms","kind":"app","location":"Japan
        West","properties":{"serverFarmId":1631,"name":"webapp-config-appsettings-plan000003","workerSize":"Default","workerSizeId":0,"workerTierName":null,"numberOfWorkers":1,"currentWorkerSize":"Default","currentWorkerSizeId":0,"currentNumberOfWorkers":1,"status":"Ready","webSpace":"cli_test_webapp_config_appsettings000001-JapanWestwebspace","subscription":"e483435e-282d-4ac1-92b5-d6123f2aa360","adminSiteName":null,"hostingEnvironment":null,"hostingEnvironmentProfile":null,"maximumNumberOfWorkers":10,"planName":"VirtualDedicatedPlan","adminRuntimeSiteName":null,"computeMode":"Dedicated","siteMode":null,"geoRegion":"Japan
        West","perSiteScaling":false,"maximumElasticWorkerCount":1,"numberOfSites":0,"hostingEnvironmentId":null,"isSpot":false,"spotExpirationTime":null,"freeOfferExpirationTime":null,"tags":null,"kind":"app","resourceGroup":"cli_test_webapp_config_appsettings000001","reserved":false,"isXenon":false,"hyperV":false,"mdmId":"waws-prod-os1-027_1631","targetWorkerCount":0,"targetWorkerSizeId":0,"provisioningState":"Succeeded","webSiteId":null,"existingServerFarmIds":null,"kubeEnvironmentProfile":null,"azBalancing":false},"sku":{"name":"S1","tier":"Standard","size":"S1","family":"S","capacity":1}}'
    headers:
      cache-control:
      - no-cache
      content-length:
      - '1633'
      content-type:
      - application/json
      date:
      - Mon, 29 Mar 2021 21:38:31 GMT
      expires:
      - '-1'
      pragma:
      - no-cache
      server:
      - Microsoft-IIS/10.0
      strict-transport-security:
      - max-age=31536000; includeSubDomains
      transfer-encoding:
      - chunked
      vary:
      - Accept-Encoding
      x-aspnet-version:
      - 4.0.30319
      x-content-type-options:
      - nosniff
      x-powered-by:
      - ASP.NET
    status:
      code: 200
      message: OK
- request:
    body: '{"name": "webapp-config-appsettings-test000002", "type": "Site"}'
    headers:
      Accept:
      - application/json
      Accept-Encoding:
      - gzip, deflate
      CommandName:
      - webapp create
      Connection:
      - keep-alive
      Content-Length:
      - '68'
      Content-Type:
      - application/json
      ParameterSetName:
      - -g -n --plan
      User-Agent:
      - AZURECLI/2.21.0 azsdk-python-azure-mgmt-web/2.0.0 Python/3.8.2 (macOS-10.16-x86_64-i386-64bit)
    method: POST
    uri: https://management.azure.com/subscriptions/00000000-0000-0000-0000-000000000000/providers/Microsoft.Web/checknameavailability?api-version=2020-09-01
  response:
    body:
      string: '{"nameAvailable":true,"reason":"","message":""}'
    headers:
      cache-control:
      - no-cache
      content-length:
      - '47'
      content-type:
      - application/json
      date:
      - Mon, 29 Mar 2021 21:38:32 GMT
      expires:
      - '-1'
      pragma:
      - no-cache
      server:
      - Microsoft-IIS/10.0
      strict-transport-security:
      - max-age=31536000; includeSubDomains
      transfer-encoding:
      - chunked
      vary:
      - Accept-Encoding
      x-aspnet-version:
      - 4.0.30319
      x-content-type-options:
      - nosniff
      x-powered-by:
      - ASP.NET
    status:
      code: 200
      message: OK
- request:
    body: '{"location": "Japan West", "properties": {"serverFarmId": "/subscriptions/00000000-0000-0000-0000-000000000000/resourceGroups/cli_test_webapp_config_appsettings000001/providers/Microsoft.Web/serverfarms/webapp-config-appsettings-plan000003",
      "reserved": false, "isXenon": false, "hyperV": false, "siteConfig": {"netFrameworkVersion":
      "v4.6", "appSettings": [{"name": "WEBSITE_NODE_DEFAULT_VERSION", "value": "10.14.1"}],
      "alwaysOn": true, "localMySqlEnabled": false, "http20Enabled": true}, "scmSiteAlsoStopped":
      false, "httpsOnly": false}}'
    headers:
      Accept:
      - application/json
      Accept-Encoding:
      - gzip, deflate
      CommandName:
      - webapp create
      Connection:
      - keep-alive
      Content-Length:
      - '579'
      Content-Type:
      - application/json
      ParameterSetName:
      - -g -n --plan
      User-Agent:
      - AZURECLI/2.21.0 azsdk-python-azure-mgmt-web/2.0.0 Python/3.8.2 (macOS-10.16-x86_64-i386-64bit)
    method: PUT
    uri: https://management.azure.com/subscriptions/00000000-0000-0000-0000-000000000000/resourceGroups/cli_test_webapp_config_appsettings000001/providers/Microsoft.Web/sites/webapp-config-appsettings-test000002?api-version=2020-09-01
  response:
    body:
      string: '{"id":"/subscriptions/00000000-0000-0000-0000-000000000000/resourceGroups/cli_test_webapp_config_appsettings000001/providers/Microsoft.Web/sites/webapp-config-appsettings-test000002","name":"webapp-config-appsettings-test000002","type":"Microsoft.Web/sites","kind":"app","location":"Japan
        West","properties":{"name":"webapp-config-appsettings-test000002","state":"Running","hostNames":["webapp-config-appsettings-test000002.azurewebsites.net"],"webSpace":"cli_test_webapp_config_appsettings000001-JapanWestwebspace","selfLink":"https://waws-prod-os1-027.api.azurewebsites.windows.net:454/subscriptions/00000000-0000-0000-0000-000000000000/webspaces/cli_test_webapp_config_appsettings000001-JapanWestwebspace/sites/webapp-config-appsettings-test000002","repositorySiteName":"webapp-config-appsettings-test000002","owner":null,"usageState":"Normal","enabled":true,"adminEnabled":true,"enabledHostNames":["webapp-config-appsettings-test000002.azurewebsites.net","webapp-config-appsettings-test000002.scm.azurewebsites.net"],"siteProperties":{"metadata":null,"properties":[{"name":"LinuxFxVersion","value":""},{"name":"WindowsFxVersion","value":null}],"appSettings":null},"availabilityState":"Normal","sslCertificates":null,"csrs":[],"cers":null,"siteMode":null,"hostNameSslStates":[{"name":"webapp-config-appsettings-test000002.azurewebsites.net","sslState":"Disabled","ipBasedSslResult":null,"virtualIP":null,"thumbprint":null,"toUpdate":null,"toUpdateIpBasedSsl":null,"ipBasedSslState":"NotConfigured","hostType":"Standard"},{"name":"webapp-config-appsettings-test000002.scm.azurewebsites.net","sslState":"Disabled","ipBasedSslResult":null,"virtualIP":null,"thumbprint":null,"toUpdate":null,"toUpdateIpBasedSsl":null,"ipBasedSslState":"NotConfigured","hostType":"Repository"}],"computeMode":null,"serverFarm":null,"serverFarmId":"/subscriptions/00000000-0000-0000-0000-000000000000/resourceGroups/cli_test_webapp_config_appsettings000001/providers/Microsoft.Web/serverfarms/webapp-config-appsettings-plan000003","reserved":false,"isXenon":false,"hyperV":false,"lastModifiedTimeUtc":"2021-03-29T21:38:39.52","storageRecoveryDefaultState":"Running","contentAvailabilityState":"Normal","runtimeAvailabilityState":"Normal","siteConfig":{"numberOfWorkers":null,"defaultDocuments":null,"netFrameworkVersion":null,"phpVersion":null,"pythonVersion":null,"nodeVersion":null,"powerShellVersion":null,"linuxFxVersion":null,"windowsFxVersion":null,"requestTracingEnabled":null,"remoteDebuggingEnabled":null,"remoteDebuggingVersion":null,"httpLoggingEnabled":null,"azureMonitorLogCategories":null,"acrUseManagedIdentityCreds":false,"acrUserManagedIdentityID":null,"logsDirectorySizeLimit":null,"detailedErrorLoggingEnabled":null,"publishingUsername":null,"publishingPassword":null,"appSettings":null,"azureStorageAccounts":null,"metadata":null,"connectionStrings":null,"machineKey":null,"handlerMappings":null,"documentRoot":null,"scmType":null,"use32BitWorkerProcess":null,"webSocketsEnabled":null,"alwaysOn":null,"javaVersion":null,"javaContainer":null,"javaContainerVersion":null,"appCommandLine":null,"managedPipelineMode":null,"virtualApplications":null,"winAuthAdminState":null,"winAuthTenantState":null,"customAppPoolIdentityAdminState":null,"customAppPoolIdentityTenantState":null,"runtimeADUser":null,"runtimeADUserPassword":null,"loadBalancing":null,"routingRules":null,"experiments":null,"limits":null,"autoHealEnabled":null,"autoHealRules":null,"tracingOptions":null,"vnetName":null,"vnetRouteAllEnabled":null,"vnetPrivatePortsCount":null,"cors":null,"push":null,"apiDefinition":null,"apiManagementConfig":null,"autoSwapSlotName":null,"localMySqlEnabled":null,"managedServiceIdentityId":null,"xManagedServiceIdentityId":null,"keyVaultReferenceIdentity":null,"ipSecurityRestrictions":[{"ipAddress":"Any","action":"Allow","priority":1,"name":"Allow
        all","description":"Allow all access"}],"scmIpSecurityRestrictions":[{"ipAddress":"Any","action":"Allow","priority":1,"name":"Allow
        all","description":"Allow all access"}],"scmIpSecurityRestrictionsUseMain":null,"http20Enabled":null,"minTlsVersion":null,"scmMinTlsVersion":null,"ftpsState":null,"preWarmedInstanceCount":null,"functionAppScaleLimit":null,"healthCheckPath":null,"fileChangeAuditEnabled":null,"functionsRuntimeScaleMonitoringEnabled":null,"websiteTimeZone":null,"minimumElasticInstanceCount":0},"deploymentId":"webapp-config-appsettings-test000002","slotName":null,"trafficManagerHostNames":null,"sku":"Standard","scmSiteAlsoStopped":false,"targetSwapSlot":null,"hostingEnvironment":null,"hostingEnvironmentProfile":null,"clientAffinityEnabled":true,"clientCertEnabled":false,"clientCertMode":"Required","clientCertExclusionPaths":null,"hostNamesDisabled":false,"domainVerificationIdentifiers":null,"customDomainVerificationId":"30E3673979DFB5673924412D39370809E608E2DE4E889BD01C7B80FC38A57EED","kind":"app","inboundIpAddress":"40.74.100.137","possibleInboundIpAddresses":"40.74.100.137","ftpUsername":"webapp-config-appsettings-test000002\\$webapp-config-appsettings-test000002","ftpsHostName":"ftps://waws-prod-os1-027.ftp.azurewebsites.windows.net/site/wwwroot","outboundIpAddresses":"40.74.90.160,40.74.94.222,40.74.113.39,40.74.95.132,40.74.113.204,40.74.75.201,40.74.100.137","possibleOutboundIpAddresses":"40.74.90.160,40.74.94.222,40.74.113.39,40.74.95.132,40.74.113.204,40.74.75.201,40.74.112.41,40.74.113.1,40.74.65.7,40.74.76.184,40.74.79.7,40.74.67.13,40.74.81.157,40.74.86.212,40.74.86.30,40.74.81.231,40.74.80.113,40.74.80.110,40.74.100.137","containerSize":0,"dailyMemoryTimeQuota":0,"suspendedTill":null,"siteDisabledReason":0,"functionExecutionUnitsCache":null,"maxNumberOfWorkers":null,"homeStamp":"waws-prod-os1-027","cloningInfo":null,"hostingEnvironmentId":null,"tags":null,"resourceGroup":"cli_test_webapp_config_appsettings000001","defaultHostName":"webapp-config-appsettings-test000002.azurewebsites.net","slotSwapStatus":null,"keyVaultReferenceIdentity":"SystemAssigned","httpsOnly":false,"redundancyMode":"None","inProgressOperationId":null,"geoDistributions":null,"privateEndpointConnections":null,"buildVersion":null,"targetBuildVersion":null,"migrationState":null,"eligibleLogCategories":"AppServiceAppLogs,AppServiceAuditLogs,AppServiceConsoleLogs,AppServiceHTTPLogs,AppServiceIPSecAuditLogs,AppServicePlatformLogs,ScanLogs","storageAccountRequired":false}}'
    headers:
      cache-control:
      - no-cache
      content-length:
      - '6581'
      content-type:
      - application/json
      date:
      - Mon, 29 Mar 2021 21:38:58 GMT
      etag:
      - '"1D724E3E22676AB"'
      expires:
      - '-1'
      pragma:
      - no-cache
      server:
      - Microsoft-IIS/10.0
      strict-transport-security:
      - max-age=31536000; includeSubDomains
      transfer-encoding:
      - chunked
      vary:
      - Accept-Encoding
      x-aspnet-version:
      - 4.0.30319
      x-content-type-options:
      - nosniff
      x-ms-ratelimit-remaining-subscription-resource-requests:
      - '499'
      x-powered-by:
      - ASP.NET
    status:
      code: 200
      message: OK
- request:
    body: '{"format": "WebDeploy"}'
    headers:
      Accept:
      - application/xml
      Accept-Encoding:
      - gzip, deflate
      CommandName:
      - webapp create
      Connection:
      - keep-alive
      Content-Length:
      - '23'
      Content-Type:
      - application/json
      ParameterSetName:
      - -g -n --plan
      User-Agent:
      - AZURECLI/2.21.0 azsdk-python-azure-mgmt-web/2.0.0 Python/3.8.2 (macOS-10.16-x86_64-i386-64bit)
    method: POST
    uri: https://management.azure.com/subscriptions/00000000-0000-0000-0000-000000000000/resourceGroups/cli_test_webapp_config_appsettings000001/providers/Microsoft.Web/sites/webapp-config-appsettings-test000002/publishxml?api-version=2020-09-01
  response:
    body:
      string: <publishData><publishProfile profileName="webapp-config-appsettings-test000002
        - Web Deploy" publishMethod="MSDeploy" publishUrl="webapp-config-appsettings-test000002.scm.azurewebsites.net:443"
        msdeploySite="webapp-config-appsettings-test000002" userName="$webapp-config-appsettings-test000002"
        userPWD="qblSKGZlicQQ8SWP6AfKbcHKNfnmiwrSW3eqGzZeqlM062i1w9icm3TeWbGg" destinationAppUrl="http://webapp-config-appsettings-test000002.azurewebsites.net"
        SQLServerDBConnectionString="" mySQLDBConnectionString="" hostingProviderForumLink=""
        controlPanelLink="http://windows.azure.com" webSystem="WebSites"><databases
        /></publishProfile><publishProfile profileName="webapp-config-appsettings-test000002
        - FTP" publishMethod="FTP" publishUrl="ftp://waws-prod-os1-027.ftp.azurewebsites.windows.net/site/wwwroot"
        ftpPassiveMode="True" userName="webapp-config-appsettings-test000002\$webapp-config-appsettings-test000002"
        userPWD="qblSKGZlicQQ8SWP6AfKbcHKNfnmiwrSW3eqGzZeqlM062i1w9icm3TeWbGg" destinationAppUrl="http://webapp-config-appsettings-test000002.azurewebsites.net"
        SQLServerDBConnectionString="" mySQLDBConnectionString="" hostingProviderForumLink=""
        controlPanelLink="http://windows.azure.com" webSystem="WebSites"><databases
        /></publishProfile><publishProfile profileName="webapp-config-appsettings-test000002
        - Zip Deploy" publishMethod="ZipDeploy" publishUrl="webapp-config-appsettings-test000002.scm.azurewebsites.net:443"
        userName="$webapp-config-appsettings-test000002" userPWD="qblSKGZlicQQ8SWP6AfKbcHKNfnmiwrSW3eqGzZeqlM062i1w9icm3TeWbGg"
        destinationAppUrl="http://webapp-config-appsettings-test000002.azurewebsites.net"
        SQLServerDBConnectionString="" mySQLDBConnectionString="" hostingProviderForumLink=""
        controlPanelLink="http://windows.azure.com" webSystem="WebSites"><databases
        /></publishProfile></publishData>
    headers:
      cache-control:
      - no-cache
      content-length:
      - '1875'
      content-type:
      - application/xml
      date:
      - Mon, 29 Mar 2021 21:39:00 GMT
      expires:
      - '-1'
      pragma:
      - no-cache
      server:
      - Microsoft-IIS/10.0
      strict-transport-security:
      - max-age=31536000; includeSubDomains
      x-aspnet-version:
      - 4.0.30319
      x-content-type-options:
      - nosniff
      x-ms-ratelimit-remaining-subscription-resource-requests:
      - '11999'
      x-powered-by:
      - ASP.NET
    status:
      code: 200
      message: OK
- request:
    body: null
    headers:
      Accept:
      - application/json
      Accept-Encoding:
      - gzip, deflate
      CommandName:
      - webapp config appsettings set
      Connection:
      - keep-alive
      Content-Length:
      - '0'
      ParameterSetName:
      - -g -n --settings
      User-Agent:
      - AZURECLI/2.21.0 azsdk-python-azure-mgmt-web/2.0.0 Python/3.8.2 (macOS-10.16-x86_64-i386-64bit)
    method: POST
    uri: https://management.azure.com/subscriptions/00000000-0000-0000-0000-000000000000/resourceGroups/cli_test_webapp_config_appsettings000001/providers/Microsoft.Web/sites/webapp-config-appsettings-test000002/config/appsettings/list?api-version=2020-09-01
  response:
    body:
      string: '{"id":"/subscriptions/00000000-0000-0000-0000-000000000000/resourceGroups/cli_test_webapp_config_appsettings000001/providers/Microsoft.Web/sites/webapp-config-appsettings-test000002/config/appsettings","name":"appsettings","type":"Microsoft.Web/sites/config","location":"Japan
        West","properties":{"WEBSITE_NODE_DEFAULT_VERSION":"10.14.1"}}'
    headers:
      cache-control:
      - no-cache
      content-length:
      - '378'
      content-type:
      - application/json
      date:
      - Mon, 29 Mar 2021 21:39:01 GMT
      expires:
      - '-1'
      pragma:
      - no-cache
      server:
      - Microsoft-IIS/10.0
      strict-transport-security:
      - max-age=31536000; includeSubDomains
      transfer-encoding:
      - chunked
      vary:
      - Accept-Encoding
      x-aspnet-version:
      - 4.0.30319
      x-content-type-options:
      - nosniff
      x-ms-ratelimit-remaining-subscription-resource-requests:
      - '11999'
      x-powered-by:
      - ASP.NET
    status:
      code: 200
      message: OK
- request:
    body: '{"properties": {"WEBSITE_NODE_DEFAULT_VERSION": "10.14.1", "s1": "foo",
      "s2": "bar", "s3": "bar2"}}'
    headers:
      Accept:
      - application/json
      Accept-Encoding:
      - gzip, deflate
      CommandName:
      - webapp config appsettings set
      Connection:
      - keep-alive
      Content-Length:
      - '99'
      Content-Type:
      - application/json
      ParameterSetName:
      - -g -n --settings
      User-Agent:
      - AZURECLI/2.21.0 azsdk-python-azure-mgmt-web/2.0.0 Python/3.8.2 (macOS-10.16-x86_64-i386-64bit)
    method: PUT
    uri: https://management.azure.com/subscriptions/00000000-0000-0000-0000-000000000000/resourceGroups/cli_test_webapp_config_appsettings000001/providers/Microsoft.Web/sites/webapp-config-appsettings-test000002/config/appsettings?api-version=2020-09-01
  response:
    body:
      string: '{"id":"/subscriptions/00000000-0000-0000-0000-000000000000/resourceGroups/cli_test_webapp_config_appsettings000001/providers/Microsoft.Web/sites/webapp-config-appsettings-test000002/config/appsettings","name":"appsettings","type":"Microsoft.Web/sites/config","location":"Japan
        West","properties":{"WEBSITE_NODE_DEFAULT_VERSION":"10.14.1","s1":"foo","s2":"bar","s3":"bar2"}}'
    headers:
      cache-control:
      - no-cache
      content-length:
      - '412'
      content-type:
      - application/json
      date:
      - Mon, 29 Mar 2021 21:39:03 GMT
      etag:
      - '"1D724E3EF903320"'
      expires:
      - '-1'
      pragma:
      - no-cache
      server:
      - Microsoft-IIS/10.0
      strict-transport-security:
      - max-age=31536000; includeSubDomains
      transfer-encoding:
      - chunked
      vary:
      - Accept-Encoding
      x-aspnet-version:
      - 4.0.30319
      x-content-type-options:
      - nosniff
      x-ms-ratelimit-remaining-subscription-writes:
      - '1198'
      x-powered-by:
      - ASP.NET
    status:
      code: 200
      message: OK
- request:
    body: null
    headers:
      Accept:
      - application/json
      Accept-Encoding:
      - gzip, deflate
      CommandName:
      - webapp config appsettings list
      Connection:
      - keep-alive
      Content-Length:
      - '0'
      ParameterSetName:
      - -g -n
      User-Agent:
      - AZURECLI/2.21.0 azsdk-python-azure-mgmt-web/2.0.0 Python/3.8.2 (macOS-10.16-x86_64-i386-64bit)
    method: POST
    uri: https://management.azure.com/subscriptions/00000000-0000-0000-0000-000000000000/resourceGroups/cli_test_webapp_config_appsettings000001/providers/Microsoft.Web/sites/webapp-config-appsettings-test000002/config/appsettings/list?api-version=2020-09-01
  response:
    body:
      string: '{"id":"/subscriptions/00000000-0000-0000-0000-000000000000/resourceGroups/cli_test_webapp_config_appsettings000001/providers/Microsoft.Web/sites/webapp-config-appsettings-test000002/config/appsettings","name":"appsettings","type":"Microsoft.Web/sites/config","location":"Japan
        West","properties":{"WEBSITE_NODE_DEFAULT_VERSION":"10.14.1","s1":"foo","s2":"bar","s3":"bar2"}}'
    headers:
      cache-control:
      - no-cache
      content-length:
      - '412'
      content-type:
      - application/json
      date:
      - Mon, 29 Mar 2021 21:39:04 GMT
      expires:
      - '-1'
      pragma:
      - no-cache
      server:
      - Microsoft-IIS/10.0
      strict-transport-security:
      - max-age=31536000; includeSubDomains
      transfer-encoding:
      - chunked
      vary:
      - Accept-Encoding
      x-aspnet-version:
      - 4.0.30319
      x-content-type-options:
      - nosniff
      x-ms-ratelimit-remaining-subscription-resource-requests:
      - '11999'
      x-powered-by:
      - ASP.NET
    status:
      code: 200
      message: OK
- request:
    body: null
    headers:
      Accept:
      - application/json
      Accept-Encoding:
      - gzip, deflate
      CommandName:
      - webapp config appsettings list
      Connection:
      - keep-alive
      ParameterSetName:
      - -g -n
      User-Agent:
      - AZURECLI/2.21.0 azsdk-python-azure-mgmt-web/2.0.0 Python/3.8.2 (macOS-10.16-x86_64-i386-64bit)
    method: GET
    uri: https://management.azure.com/subscriptions/00000000-0000-0000-0000-000000000000/resourceGroups/cli_test_webapp_config_appsettings000001/providers/Microsoft.Web/sites/webapp-config-appsettings-test000002/config/slotConfigNames?api-version=2020-09-01
  response:
    body:
      string: '{"id":null,"name":"webapp-config-appsettings-test000002","type":"Microsoft.Web/sites","location":"Japan
        West","properties":{"connectionStringNames":null,"appSettingNames":null,"azureStorageConfigNames":null}}'
    headers:
      cache-control:
      - no-cache
      content-length:
      - '212'
      content-type:
      - application/json
      date:
      - Mon, 29 Mar 2021 21:39:04 GMT
      expires:
      - '-1'
      pragma:
      - no-cache
      server:
      - Microsoft-IIS/10.0
      strict-transport-security:
      - max-age=31536000; includeSubDomains
      transfer-encoding:
      - chunked
      vary:
      - Accept-Encoding
      x-aspnet-version:
      - 4.0.30319
      x-content-type-options:
      - nosniff
      x-powered-by:
      - ASP.NET
    status:
      code: 200
      message: OK
- request:
    body: null
    headers:
      Accept:
      - application/json
      Accept-Encoding:
      - gzip, deflate
      CommandName:
      - webapp create
      Connection:
      - keep-alive
      ParameterSetName:
      - -g -n --plan
      User-Agent:
      - AZURECLI/2.21.0 azsdk-python-azure-mgmt-web/2.0.0 Python/3.8.2 (macOS-10.16-x86_64-i386-64bit)
    method: GET
    uri: https://management.azure.com/subscriptions/00000000-0000-0000-0000-000000000000/resourceGroups/cli_test_webapp_config_appsettings000001/providers/Microsoft.Web/serverfarms/webapp-config-appsettings-plan000003?api-version=2020-09-01
  response:
    body:
      string: '{"id":"/subscriptions/00000000-0000-0000-0000-000000000000/resourceGroups/cli_test_webapp_config_appsettings000001/providers/Microsoft.Web/serverfarms/webapp-config-appsettings-plan000003","name":"webapp-config-appsettings-plan000003","type":"Microsoft.Web/serverfarms","kind":"app","location":"Japan
        West","properties":{"serverFarmId":1631,"name":"webapp-config-appsettings-plan000003","workerSize":"Default","workerSizeId":0,"workerTierName":null,"numberOfWorkers":1,"currentWorkerSize":"Default","currentWorkerSizeId":0,"currentNumberOfWorkers":1,"status":"Ready","webSpace":"cli_test_webapp_config_appsettings000001-JapanWestwebspace","subscription":"e483435e-282d-4ac1-92b5-d6123f2aa360","adminSiteName":null,"hostingEnvironment":null,"hostingEnvironmentProfile":null,"maximumNumberOfWorkers":10,"planName":"VirtualDedicatedPlan","adminRuntimeSiteName":null,"computeMode":"Dedicated","siteMode":null,"geoRegion":"Japan
        West","perSiteScaling":false,"maximumElasticWorkerCount":1,"numberOfSites":1,"hostingEnvironmentId":null,"isSpot":false,"spotExpirationTime":null,"freeOfferExpirationTime":null,"tags":null,"kind":"app","resourceGroup":"cli_test_webapp_config_appsettings000001","reserved":false,"isXenon":false,"hyperV":false,"mdmId":"waws-prod-os1-027_1631","targetWorkerCount":0,"targetWorkerSizeId":0,"provisioningState":"Succeeded","webSiteId":null,"existingServerFarmIds":null,"kubeEnvironmentProfile":null,"azBalancing":false},"sku":{"name":"S1","tier":"Standard","size":"S1","family":"S","capacity":1}}'
    headers:
      cache-control:
      - no-cache
      content-length:
      - '1633'
      content-type:
      - application/json
      date:
      - Mon, 29 Mar 2021 21:39:05 GMT
      expires:
      - '-1'
      pragma:
      - no-cache
      server:
      - Microsoft-IIS/10.0
      strict-transport-security:
      - max-age=31536000; includeSubDomains
      transfer-encoding:
      - chunked
      vary:
      - Accept-Encoding
      x-aspnet-version:
      - 4.0.30319
      x-content-type-options:
      - nosniff
      x-powered-by:
      - ASP.NET
    status:
      code: 200
      message: OK
- request:
    body: '{"name": "webapp-config-appsettings-test000002", "type": "Microsoft.Web/sites",
      "location": "Japan West", "properties": {"serverFarmId": "/subscriptions/00000000-0000-0000-0000-000000000000/resourceGroups/cli_test_webapp_config_appsettings000001/providers/Microsoft.Web/serverfarms/webapp-config-appsettings-plan000003"}}'
    headers:
      Accept:
      - application/json
      Accept-Encoding:
      - gzip, deflate
      CommandName:
      - webapp create
      Connection:
      - keep-alive
      Content-Length:
      - '364'
      Content-Type:
      - application/json
      ParameterSetName:
      - -g -n --plan
      User-Agent:
      - AZURECLI/2.21.0 azsdk-python-azure-mgmt-web/2.0.0 Python/3.8.2 (macOS-10.16-x86_64-i386-64bit)
    method: POST
    uri: https://management.azure.com/subscriptions/00000000-0000-0000-0000-000000000000/resourceGroups/cli_test_webapp_config_appsettings000001/providers/Microsoft.Web/validate?api-version=2020-09-01
  response:
    body:
      string: '{"status":"Success","error":null}'
    headers:
      cache-control:
      - no-cache
      content-length:
      - '33'
      content-type:
      - application/json
      date:
      - Mon, 29 Mar 2021 21:39:05 GMT
      expires:
      - '-1'
      pragma:
      - no-cache
      server:
      - Microsoft-IIS/10.0
      strict-transport-security:
      - max-age=31536000; includeSubDomains
      transfer-encoding:
      - chunked
      vary:
      - Accept-Encoding
      x-aspnet-version:
      - 4.0.30319
      x-content-type-options:
      - nosniff
      x-ms-ratelimit-remaining-subscription-writes:
      - '1199'
      x-powered-by:
      - ASP.NET
    status:
      code: 200
      message: OK
- request:
    body: null
    headers:
      Accept:
      - application/json
      Accept-Encoding:
      - gzip, deflate
      CommandName:
      - webapp create
      Connection:
      - keep-alive
      ParameterSetName:
      - -g -n --plan
      User-Agent:
      - AZURECLI/2.21.0 azsdk-python-azure-mgmt-web/2.0.0 Python/3.8.2 (macOS-10.16-x86_64-i386-64bit)
    method: GET
    uri: https://management.azure.com/subscriptions/00000000-0000-0000-0000-000000000000/resourceGroups/cli_test_webapp_config_appsettings000001/providers/Microsoft.Web/serverfarms/webapp-config-appsettings-plan000003?api-version=2020-09-01
  response:
    body:
      string: '{"id":"/subscriptions/00000000-0000-0000-0000-000000000000/resourceGroups/cli_test_webapp_config_appsettings000001/providers/Microsoft.Web/serverfarms/webapp-config-appsettings-plan000003","name":"webapp-config-appsettings-plan000003","type":"Microsoft.Web/serverfarms","kind":"app","location":"Japan
        West","properties":{"serverFarmId":1631,"name":"webapp-config-appsettings-plan000003","workerSize":"Default","workerSizeId":0,"workerTierName":null,"numberOfWorkers":1,"currentWorkerSize":"Default","currentWorkerSizeId":0,"currentNumberOfWorkers":1,"status":"Ready","webSpace":"cli_test_webapp_config_appsettings000001-JapanWestwebspace","subscription":"e483435e-282d-4ac1-92b5-d6123f2aa360","adminSiteName":null,"hostingEnvironment":null,"hostingEnvironmentProfile":null,"maximumNumberOfWorkers":10,"planName":"VirtualDedicatedPlan","adminRuntimeSiteName":null,"computeMode":"Dedicated","siteMode":null,"geoRegion":"Japan
        West","perSiteScaling":false,"maximumElasticWorkerCount":1,"numberOfSites":1,"hostingEnvironmentId":null,"isSpot":false,"spotExpirationTime":null,"freeOfferExpirationTime":null,"tags":null,"kind":"app","resourceGroup":"cli_test_webapp_config_appsettings000001","reserved":false,"isXenon":false,"hyperV":false,"mdmId":"waws-prod-os1-027_1631","targetWorkerCount":0,"targetWorkerSizeId":0,"provisioningState":"Succeeded","webSiteId":null,"existingServerFarmIds":null,"kubeEnvironmentProfile":null,"azBalancing":false},"sku":{"name":"S1","tier":"Standard","size":"S1","family":"S","capacity":1}}'
    headers:
      cache-control:
      - no-cache
      content-length:
      - '1633'
      content-type:
      - application/json
      date:
      - Mon, 29 Mar 2021 21:39:06 GMT
      expires:
      - '-1'
      pragma:
      - no-cache
      server:
      - Microsoft-IIS/10.0
      strict-transport-security:
      - max-age=31536000; includeSubDomains
      transfer-encoding:
      - chunked
      vary:
      - Accept-Encoding
      x-aspnet-version:
      - 4.0.30319
      x-content-type-options:
      - nosniff
      x-powered-by:
      - ASP.NET
    status:
      code: 200
      message: OK
- request:
    body: '{"name": "webapp-config-appsettings-test000002", "type": "Site"}'
    headers:
      Accept:
      - application/json
      Accept-Encoding:
      - gzip, deflate
      CommandName:
      - webapp create
      Connection:
      - keep-alive
      Content-Length:
      - '68'
      Content-Type:
      - application/json
      ParameterSetName:
      - -g -n --plan
      User-Agent:
      - AZURECLI/2.21.0 azsdk-python-azure-mgmt-web/2.0.0 Python/3.8.2 (macOS-10.16-x86_64-i386-64bit)
    method: POST
    uri: https://management.azure.com/subscriptions/00000000-0000-0000-0000-000000000000/providers/Microsoft.Web/checknameavailability?api-version=2020-09-01
  response:
    body:
      string: '{"nameAvailable":false,"reason":"AlreadyExists","message":"Hostname
        ''webapp-config-appsettings-test000002'' already exists. Please select a different
        name."}'
    headers:
      cache-control:
      - no-cache
      content-length:
      - '160'
      content-type:
      - application/json
      date:
      - Mon, 29 Mar 2021 21:39:07 GMT
      expires:
      - '-1'
      pragma:
      - no-cache
      server:
      - Microsoft-IIS/10.0
      strict-transport-security:
      - max-age=31536000; includeSubDomains
      transfer-encoding:
      - chunked
      vary:
      - Accept-Encoding
      x-aspnet-version:
      - 4.0.30319
      x-content-type-options:
      - nosniff
      x-powered-by:
      - ASP.NET
    status:
      code: 200
      message: OK
- request:
    body: null
    headers:
      Accept:
      - application/json
      Accept-Encoding:
      - gzip, deflate
      CommandName:
      - webapp create
      Connection:
      - keep-alive
      ParameterSetName:
      - -g -n --plan
      User-Agent:
      - AZURECLI/2.21.0 azsdk-python-azure-mgmt-web/2.0.0 Python/3.8.2 (macOS-10.16-x86_64-i386-64bit)
    method: GET
    uri: https://management.azure.com/subscriptions/00000000-0000-0000-0000-000000000000/providers/Microsoft.Web/sites?api-version=2020-09-01
  response:
    body:
      string: '{"value":[{"id":"/subscriptions/00000000-0000-0000-0000-000000000000/resourceGroups/cli_test_webapp_update_site_configs_persists_ip_restrictionsyatbwlb4t6j72ba/providers/Microsoft.Web/sites/webapp-config-appsettings-persistj2xhv65","name":"webapp-config-appsettings-persistj2xhv65","type":"Microsoft.Web/sites","kind":"app","location":"Japan
        West","properties":{"name":"webapp-config-appsettings-persistj2xhv65","state":"Running","hostNames":[],"webSpace":"cli_test_webapp_update_site_configs_persists_ip_restrictionsyatbwlb4t6j72ba-JapanWestwebspace","selfLink":"https://waws-prod-os1-013.api.azurewebsites.windows.net:454/subscriptions/00000000-0000-0000-0000-000000000000/webspaces/cli_test_webapp_update_site_configs_persists_ip_restrictionsyatbwlb4t6j72ba-JapanWestwebspace/sites/webapp-config-appsettings-persistj2xhv65","repositorySiteName":"webapp-config-appsettings-persistj2xhv65","owner":null,"usageState":"Normal","enabled":true,"adminEnabled":true,"enabledHostNames":["webapp-config-appsettings-persistj2xhv65.azurewebsites.net","webapp-config-appsettings-persistj2xhv65.scm.azurewebsites.net"],"siteProperties":{"metadata":null,"properties":[{"name":"LinuxFxVersion","value":""},{"name":"WindowsFxVersion","value":null}],"appSettings":null},"availabilityState":"Normal","sslCertificates":[],"csrs":[],"cers":null,"siteMode":"Limited","hostNameSslStates":[{"name":"webapp-config-appsettings-persistj2xhv65.azurewebsites.net","sslState":"Disabled","ipBasedSslResult":null,"virtualIP":null,"thumbprint":null,"toUpdate":null,"toUpdateIpBasedSsl":null,"ipBasedSslState":"NotConfigured","hostType":"Standard"},{"name":"webapp-config-appsettings-persistj2xhv65.scm.azurewebsites.net","sslState":"Disabled","ipBasedSslResult":null,"virtualIP":null,"thumbprint":null,"toUpdate":null,"toUpdateIpBasedSsl":null,"ipBasedSslState":"NotConfigured","hostType":"Repository"}],"computeMode":"Dedicated","serverFarm":null,"serverFarmId":"/subscriptions/00000000-0000-0000-0000-000000000000/resourceGroups/cli_test_webapp_update_site_configs_persists_ip_restrictionsyatbwlb4t6j72ba/providers/Microsoft.Web/serverfarms/webapp-config-appsettings-persistgvd3x46","reserved":false,"isXenon":false,"hyperV":false,"lastModifiedTimeUtc":"2021-03-29T21:38:59.34","storageRecoveryDefaultState":"Running","contentAvailabilityState":"Normal","runtimeAvailabilityState":"Normal","siteConfig":{"numberOfWorkers":null,"defaultDocuments":null,"netFrameworkVersion":null,"phpVersion":null,"pythonVersion":null,"nodeVersion":null,"powerShellVersion":null,"linuxFxVersion":null,"windowsFxVersion":null,"requestTracingEnabled":null,"remoteDebuggingEnabled":null,"remoteDebuggingVersion":null,"httpLoggingEnabled":null,"azureMonitorLogCategories":null,"acrUseManagedIdentityCreds":false,"acrUserManagedIdentityID":null,"logsDirectorySizeLimit":null,"detailedErrorLoggingEnabled":null,"publishingUsername":null,"publishingPassword":null,"appSettings":null,"azureStorageAccounts":null,"metadata":null,"connectionStrings":null,"machineKey":null,"handlerMappings":null,"documentRoot":null,"scmType":null,"use32BitWorkerProcess":null,"webSocketsEnabled":null,"alwaysOn":null,"javaVersion":null,"javaContainer":null,"javaContainerVersion":null,"appCommandLine":null,"managedPipelineMode":null,"virtualApplications":null,"winAuthAdminState":null,"winAuthTenantState":null,"customAppPoolIdentityAdminState":null,"customAppPoolIdentityTenantState":null,"runtimeADUser":null,"runtimeADUserPassword":null,"loadBalancing":null,"routingRules":null,"experiments":null,"limits":null,"autoHealEnabled":null,"autoHealRules":null,"tracingOptions":null,"vnetName":null,"vnetRouteAllEnabled":null,"vnetPrivatePortsCount":null,"cors":null,"push":null,"apiDefinition":null,"apiManagementConfig":null,"autoSwapSlotName":null,"localMySqlEnabled":null,"managedServiceIdentityId":null,"xManagedServiceIdentityId":null,"keyVaultReferenceIdentity":null,"ipSecurityRestrictions":null,"scmIpSecurityRestrictions":null,"scmIpSecurityRestrictionsUseMain":null,"http20Enabled":null,"minTlsVersion":null,"scmMinTlsVersion":null,"ftpsState":null,"preWarmedInstanceCount":null,"functionAppScaleLimit":null,"healthCheckPath":null,"fileChangeAuditEnabled":null,"functionsRuntimeScaleMonitoringEnabled":null,"websiteTimeZone":null,"minimumElasticInstanceCount":0},"deploymentId":"webapp-config-appsettings-persistj2xhv65","slotName":null,"trafficManagerHostNames":null,"sku":"Standard","scmSiteAlsoStopped":false,"targetSwapSlot":null,"hostingEnvironment":null,"hostingEnvironmentProfile":null,"clientAffinityEnabled":true,"clientCertEnabled":false,"clientCertMode":"Required","clientCertExclusionPaths":null,"hostNamesDisabled":false,"domainVerificationIdentifiers":null,"customDomainVerificationId":"30E3673979DFB5673924412D39370809E608E2DE4E889BD01C7B80FC38A57EED","kind":"app","inboundIpAddress":"40.74.100.129","possibleInboundIpAddresses":"40.74.100.129","ftpUsername":"webapp-config-appsettings-persistj2xhv65\\$webapp-config-appsettings-persistj2xhv65","ftpsHostName":"ftps://waws-prod-os1-013.ftp.azurewebsites.windows.net/site/wwwroot","outboundIpAddresses":"40.74.100.129,40.74.85.64,40.74.126.115,40.74.125.67,40.74.128.17","possibleOutboundIpAddresses":"40.74.100.129,40.74.85.64,40.74.126.115,40.74.125.67,40.74.128.17,40.74.127.201,40.74.128.130,23.100.108.106,40.74.128.122,40.74.128.53","containerSize":0,"dailyMemoryTimeQuota":0,"suspendedTill":null,"siteDisabledReason":0,"functionExecutionUnitsCache":null,"maxNumberOfWorkers":null,"homeStamp":"waws-prod-os1-013","cloningInfo":null,"hostingEnvironmentId":null,"tags":null,"resourceGroup":"cli_test_webapp_update_site_configs_persists_ip_restrictionsyatbwlb4t6j72ba","defaultHostName":"webapp-config-appsettings-persistj2xhv65.azurewebsites.net","slotSwapStatus":null,"keyVaultReferenceIdentity":"SystemAssigned","httpsOnly":false,"redundancyMode":"None","inProgressOperationId":null,"geoDistributions":null,"privateEndpointConnections":null,"buildVersion":null,"targetBuildVersion":null,"migrationState":null,"eligibleLogCategories":"AppServiceAppLogs,AppServiceAuditLogs,AppServiceConsoleLogs,AppServiceHTTPLogs,AppServiceIPSecAuditLogs,AppServicePlatformLogs,ScanLogs","storageAccountRequired":false}},{"id":"/subscriptions/00000000-0000-0000-0000-000000000000/resourceGroups/cli_test_webapp_config_appsettings000001/providers/Microsoft.Web/sites/webapp-config-appsettings-test000002","name":"webapp-config-appsettings-test000002","type":"Microsoft.Web/sites","kind":"app","location":"Japan
        West","properties":{"name":"webapp-config-appsettings-test000002","state":"Running","hostNames":["webapp-config-appsettings-test000002.azurewebsites.net"],"webSpace":"cli_test_webapp_config_appsettings000001-JapanWestwebspace","selfLink":"https://waws-prod-os1-027.api.azurewebsites.windows.net:454/subscriptions/00000000-0000-0000-0000-000000000000/webspaces/cli_test_webapp_config_appsettings000001-JapanWestwebspace/sites/webapp-config-appsettings-test000002","repositorySiteName":"webapp-config-appsettings-test000002","owner":null,"usageState":"Normal","enabled":true,"adminEnabled":true,"enabledHostNames":["webapp-config-appsettings-test000002.azurewebsites.net","webapp-config-appsettings-test000002.scm.azurewebsites.net"],"siteProperties":{"metadata":null,"properties":[{"name":"LinuxFxVersion","value":""},{"name":"WindowsFxVersion","value":null}],"appSettings":null},"availabilityState":"Normal","sslCertificates":[],"csrs":[],"cers":null,"siteMode":"Limited","hostNameSslStates":[{"name":"webapp-config-appsettings-test000002.azurewebsites.net","sslState":"Disabled","ipBasedSslResult":null,"virtualIP":null,"thumbprint":null,"toUpdate":null,"toUpdateIpBasedSsl":null,"ipBasedSslState":"NotConfigured","hostType":"Standard"},{"name":"webapp-config-appsettings-test000002.scm.azurewebsites.net","sslState":"Disabled","ipBasedSslResult":null,"virtualIP":null,"thumbprint":null,"toUpdate":null,"toUpdateIpBasedSsl":null,"ipBasedSslState":"NotConfigured","hostType":"Repository"}],"computeMode":"Dedicated","serverFarm":null,"serverFarmId":"/subscriptions/00000000-0000-0000-0000-000000000000/resourceGroups/cli_test_webapp_config_appsettings000001/providers/Microsoft.Web/serverfarms/webapp-config-appsettings-plan000003","reserved":false,"isXenon":false,"hyperV":false,"lastModifiedTimeUtc":"2021-03-29T21:39:02.61","storageRecoveryDefaultState":"Running","contentAvailabilityState":"Normal","runtimeAvailabilityState":"Normal","siteConfig":{"numberOfWorkers":null,"defaultDocuments":null,"netFrameworkVersion":null,"phpVersion":null,"pythonVersion":null,"nodeVersion":null,"powerShellVersion":null,"linuxFxVersion":null,"windowsFxVersion":null,"requestTracingEnabled":null,"remoteDebuggingEnabled":null,"remoteDebuggingVersion":null,"httpLoggingEnabled":null,"azureMonitorLogCategories":null,"acrUseManagedIdentityCreds":false,"acrUserManagedIdentityID":null,"logsDirectorySizeLimit":null,"detailedErrorLoggingEnabled":null,"publishingUsername":null,"publishingPassword":null,"appSettings":null,"azureStorageAccounts":null,"metadata":null,"connectionStrings":null,"machineKey":null,"handlerMappings":null,"documentRoot":null,"scmType":null,"use32BitWorkerProcess":null,"webSocketsEnabled":null,"alwaysOn":null,"javaVersion":null,"javaContainer":null,"javaContainerVersion":null,"appCommandLine":null,"managedPipelineMode":null,"virtualApplications":null,"winAuthAdminState":null,"winAuthTenantState":null,"customAppPoolIdentityAdminState":null,"customAppPoolIdentityTenantState":null,"runtimeADUser":null,"runtimeADUserPassword":null,"loadBalancing":null,"routingRules":null,"experiments":null,"limits":null,"autoHealEnabled":null,"autoHealRules":null,"tracingOptions":null,"vnetName":null,"vnetRouteAllEnabled":null,"vnetPrivatePortsCount":null,"cors":null,"push":null,"apiDefinition":null,"apiManagementConfig":null,"autoSwapSlotName":null,"localMySqlEnabled":null,"managedServiceIdentityId":null,"xManagedServiceIdentityId":null,"keyVaultReferenceIdentity":null,"ipSecurityRestrictions":null,"scmIpSecurityRestrictions":null,"scmIpSecurityRestrictionsUseMain":null,"http20Enabled":null,"minTlsVersion":null,"scmMinTlsVersion":null,"ftpsState":null,"preWarmedInstanceCount":null,"functionAppScaleLimit":null,"healthCheckPath":null,"fileChangeAuditEnabled":null,"functionsRuntimeScaleMonitoringEnabled":null,"websiteTimeZone":null,"minimumElasticInstanceCount":0},"deploymentId":"webapp-config-appsettings-test000002","slotName":null,"trafficManagerHostNames":null,"sku":"Standard","scmSiteAlsoStopped":false,"targetSwapSlot":null,"hostingEnvironment":null,"hostingEnvironmentProfile":null,"clientAffinityEnabled":true,"clientCertEnabled":false,"clientCertMode":"Required","clientCertExclusionPaths":null,"hostNamesDisabled":false,"domainVerificationIdentifiers":null,"customDomainVerificationId":"30E3673979DFB5673924412D39370809E608E2DE4E889BD01C7B80FC38A57EED","kind":"app","inboundIpAddress":"40.74.100.137","possibleInboundIpAddresses":"40.74.100.137","ftpUsername":"webapp-config-appsettings-test000002\\$webapp-config-appsettings-test000002","ftpsHostName":"ftps://waws-prod-os1-027.ftp.azurewebsites.windows.net/site/wwwroot","outboundIpAddresses":"40.74.90.160,40.74.94.222,40.74.113.39,40.74.95.132,40.74.113.204,40.74.75.201,40.74.100.137","possibleOutboundIpAddresses":"40.74.90.160,40.74.94.222,40.74.113.39,40.74.95.132,40.74.113.204,40.74.75.201,40.74.112.41,40.74.113.1,40.74.65.7,40.74.76.184,40.74.79.7,40.74.67.13,40.74.81.157,40.74.86.212,40.74.86.30,40.74.81.231,40.74.80.113,40.74.80.110,40.74.100.137","containerSize":0,"dailyMemoryTimeQuota":0,"suspendedTill":null,"siteDisabledReason":0,"functionExecutionUnitsCache":null,"maxNumberOfWorkers":null,"homeStamp":"waws-prod-os1-027","cloningInfo":null,"hostingEnvironmentId":null,"tags":null,"resourceGroup":"cli_test_webapp_config_appsettings000001","defaultHostName":"webapp-config-appsettings-test000002.azurewebsites.net","slotSwapStatus":null,"keyVaultReferenceIdentity":"SystemAssigned","httpsOnly":false,"redundancyMode":"None","inProgressOperationId":null,"geoDistributions":null,"privateEndpointConnections":null,"buildVersion":null,"targetBuildVersion":null,"migrationState":null,"eligibleLogCategories":"AppServiceAppLogs,AppServiceAuditLogs,AppServiceConsoleLogs,AppServiceHTTPLogs,AppServiceIPSecAuditLogs,AppServicePlatformLogs,ScanLogs","storageAccountRequired":false}},{"id":"/subscriptions/00000000-0000-0000-0000-000000000000/resourceGroups/cli_test_webapp_configpsxl4igo7btlbxdluunmjden36xwgnecmsapsy6nddtf2wizdijvh/providers/Microsoft.Web/sites/webapp-config-testytpxs43pxt3n6gfkucnn5m","name":"webapp-config-testytpxs43pxt3n6gfkucnn5m","type":"Microsoft.Web/sites","kind":"app","location":"Japan
        West","properties":{"name":"webapp-config-testytpxs43pxt3n6gfkucnn5m","state":"Running","hostNames":["webapp-config-testytpxs43pxt3n6gfkucnn5m.azurewebsites.net"],"webSpace":"cli_test_webapp_configpsxl4igo7btlbxdluunmjden36xwgnecmsapsy6nddtf2wizdijvh-JapanWestwebspace","selfLink":"https://waws-prod-os1-027.api.azurewebsites.windows.net:454/subscriptions/00000000-0000-0000-0000-000000000000/webspaces/cli_test_webapp_configpsxl4igo7btlbxdluunmjden36xwgnecmsapsy6nddtf2wizdijvh-JapanWestwebspace/sites/webapp-config-testytpxs43pxt3n6gfkucnn5m","repositorySiteName":"webapp-config-testytpxs43pxt3n6gfkucnn5m","owner":null,"usageState":"Normal","enabled":true,"adminEnabled":true,"enabledHostNames":["webapp-config-testytpxs43pxt3n6gfkucnn5m.azurewebsites.net","webapp-config-testytpxs43pxt3n6gfkucnn5m.scm.azurewebsites.net"],"siteProperties":{"metadata":null,"properties":[{"name":"LinuxFxVersion","value":""},{"name":"WindowsFxVersion","value":null}],"appSettings":null},"availabilityState":"Normal","sslCertificates":[],"csrs":[],"cers":null,"siteMode":"Limited","hostNameSslStates":[{"name":"webapp-config-testytpxs43pxt3n6gfkucnn5m.azurewebsites.net","sslState":"Disabled","ipBasedSslResult":null,"virtualIP":null,"thumbprint":null,"toUpdate":null,"toUpdateIpBasedSsl":null,"ipBasedSslState":"NotConfigured","hostType":"Standard"},{"name":"webapp-config-testytpxs43pxt3n6gfkucnn5m.scm.azurewebsites.net","sslState":"Disabled","ipBasedSslResult":null,"virtualIP":null,"thumbprint":null,"toUpdate":null,"toUpdateIpBasedSsl":null,"ipBasedSslState":"NotConfigured","hostType":"Repository"}],"computeMode":"Dedicated","serverFarm":null,"serverFarmId":"/subscriptions/00000000-0000-0000-0000-000000000000/resourceGroups/cli_test_webapp_configpsxl4igo7btlbxdluunmjden36xwgnecmsapsy6nddtf2wizdijvh/providers/Microsoft.Web/serverfarms/webapp-config-planq4y4mrdcnoq7jiluj6v6uw","reserved":false,"isXenon":false,"hyperV":false,"lastModifiedTimeUtc":"2021-03-29T21:39:07.3","storageRecoveryDefaultState":"Running","contentAvailabilityState":"Normal","runtimeAvailabilityState":"Normal","siteConfig":{"numberOfWorkers":null,"defaultDocuments":null,"netFrameworkVersion":null,"phpVersion":null,"pythonVersion":null,"nodeVersion":null,"powerShellVersion":null,"linuxFxVersion":null,"windowsFxVersion":null,"requestTracingEnabled":null,"remoteDebuggingEnabled":null,"remoteDebuggingVersion":null,"httpLoggingEnabled":null,"azureMonitorLogCategories":null,"acrUseManagedIdentityCreds":false,"acrUserManagedIdentityID":null,"logsDirectorySizeLimit":null,"detailedErrorLoggingEnabled":null,"publishingUsername":null,"publishingPassword":null,"appSettings":null,"azureStorageAccounts":null,"metadata":null,"connectionStrings":null,"machineKey":null,"handlerMappings":null,"documentRoot":null,"scmType":null,"use32BitWorkerProcess":null,"webSocketsEnabled":null,"alwaysOn":null,"javaVersion":null,"javaContainer":null,"javaContainerVersion":null,"appCommandLine":null,"managedPipelineMode":null,"virtualApplications":null,"winAuthAdminState":null,"winAuthTenantState":null,"customAppPoolIdentityAdminState":null,"customAppPoolIdentityTenantState":null,"runtimeADUser":null,"runtimeADUserPassword":null,"loadBalancing":null,"routingRules":null,"experiments":null,"limits":null,"autoHealEnabled":null,"autoHealRules":null,"tracingOptions":null,"vnetName":null,"vnetRouteAllEnabled":null,"vnetPrivatePortsCount":null,"cors":null,"push":null,"apiDefinition":null,"apiManagementConfig":null,"autoSwapSlotName":null,"localMySqlEnabled":null,"managedServiceIdentityId":null,"xManagedServiceIdentityId":null,"keyVaultReferenceIdentity":null,"ipSecurityRestrictions":null,"scmIpSecurityRestrictions":null,"scmIpSecurityRestrictionsUseMain":null,"http20Enabled":null,"minTlsVersion":null,"scmMinTlsVersion":null,"ftpsState":null,"preWarmedInstanceCount":null,"functionAppScaleLimit":null,"healthCheckPath":null,"fileChangeAuditEnabled":null,"functionsRuntimeScaleMonitoringEnabled":null,"websiteTimeZone":null,"minimumElasticInstanceCount":0},"deploymentId":"webapp-config-testytpxs43pxt3n6gfkucnn5m","slotName":null,"trafficManagerHostNames":null,"sku":"Standard","scmSiteAlsoStopped":false,"targetSwapSlot":null,"hostingEnvironment":null,"hostingEnvironmentProfile":null,"clientAffinityEnabled":true,"clientCertEnabled":false,"clientCertMode":"Required","clientCertExclusionPaths":null,"hostNamesDisabled":false,"domainVerificationIdentifiers":null,"customDomainVerificationId":"30E3673979DFB5673924412D39370809E608E2DE4E889BD01C7B80FC38A57EED","kind":"app","inboundIpAddress":"40.74.100.137","possibleInboundIpAddresses":"40.74.100.137","ftpUsername":"webapp-config-testytpxs43pxt3n6gfkucnn5m\\$webapp-config-testytpxs43pxt3n6gfkucnn5m","ftpsHostName":"ftps://waws-prod-os1-027.ftp.azurewebsites.windows.net/site/wwwroot","outboundIpAddresses":"40.74.90.160,40.74.94.222,40.74.113.39,40.74.95.132,40.74.113.204,40.74.75.201,40.74.100.137","possibleOutboundIpAddresses":"40.74.90.160,40.74.94.222,40.74.113.39,40.74.95.132,40.74.113.204,40.74.75.201,40.74.112.41,40.74.113.1,40.74.65.7,40.74.76.184,40.74.79.7,40.74.67.13,40.74.81.157,40.74.86.212,40.74.86.30,40.74.81.231,40.74.80.113,40.74.80.110,40.74.100.137","containerSize":0,"dailyMemoryTimeQuota":0,"suspendedTill":null,"siteDisabledReason":0,"functionExecutionUnitsCache":null,"maxNumberOfWorkers":null,"homeStamp":"waws-prod-os1-027","cloningInfo":null,"hostingEnvironmentId":null,"tags":null,"resourceGroup":"cli_test_webapp_configpsxl4igo7btlbxdluunmjden36xwgnecmsapsy6nddtf2wizdijvh","defaultHostName":"webapp-config-testytpxs43pxt3n6gfkucnn5m.azurewebsites.net","slotSwapStatus":null,"keyVaultReferenceIdentity":"SystemAssigned","httpsOnly":false,"redundancyMode":"None","inProgressOperationId":null,"geoDistributions":null,"privateEndpointConnections":null,"buildVersion":null,"targetBuildVersion":null,"migrationState":null,"eligibleLogCategories":"AppServiceAppLogs,AppServiceAuditLogs,AppServiceConsoleLogs,AppServiceHTTPLogs,AppServiceIPSecAuditLogs,AppServicePlatformLogs,ScanLogs","storageAccountRequired":false}},{"id":"/subscriptions/00000000-0000-0000-0000-000000000000/resourceGroups/cli_test_webapp_jsonlks6c4waidoqleio3dof6xlxujzmvgpmrdqncrbksjldtwvw5m7kjkc/providers/Microsoft.Web/sites/webapp-config-testom7uha2xogz56innox6lto","name":"webapp-config-testom7uha2xogz56innox6lto","type":"Microsoft.Web/sites","kind":"app","location":"Japan
        West","properties":{"name":"webapp-config-testom7uha2xogz56innox6lto","state":"Running","hostNames":["webapp-config-testom7uha2xogz56innox6lto.azurewebsites.net"],"webSpace":"cli_test_webapp_jsonlks6c4waidoqleio3dof6xlxujzmvgpmrdqncrbksjldtwvw5m7kjkc-JapanWestwebspace","selfLink":"https://waws-prod-os1-027.api.azurewebsites.windows.net:454/subscriptions/00000000-0000-0000-0000-000000000000/webspaces/cli_test_webapp_jsonlks6c4waidoqleio3dof6xlxujzmvgpmrdqncrbksjldtwvw5m7kjkc-JapanWestwebspace/sites/webapp-config-testom7uha2xogz56innox6lto","repositorySiteName":"webapp-config-testom7uha2xogz56innox6lto","owner":null,"usageState":"Normal","enabled":true,"adminEnabled":true,"enabledHostNames":["webapp-config-testom7uha2xogz56innox6lto.azurewebsites.net","webapp-config-testom7uha2xogz56innox6lto.scm.azurewebsites.net"],"siteProperties":{"metadata":null,"properties":[{"name":"LinuxFxVersion","value":""},{"name":"WindowsFxVersion","value":null}],"appSettings":null},"availabilityState":"Normal","sslCertificates":[],"csrs":[],"cers":null,"siteMode":"Limited","hostNameSslStates":[{"name":"webapp-config-testom7uha2xogz56innox6lto.azurewebsites.net","sslState":"Disabled","ipBasedSslResult":null,"virtualIP":null,"thumbprint":null,"toUpdate":null,"toUpdateIpBasedSsl":null,"ipBasedSslState":"NotConfigured","hostType":"Standard"},{"name":"webapp-config-testom7uha2xogz56innox6lto.scm.azurewebsites.net","sslState":"Disabled","ipBasedSslResult":null,"virtualIP":null,"thumbprint":null,"toUpdate":null,"toUpdateIpBasedSsl":null,"ipBasedSslState":"NotConfigured","hostType":"Repository"}],"computeMode":"Dedicated","serverFarm":null,"serverFarmId":"/subscriptions/00000000-0000-0000-0000-000000000000/resourceGroups/cli_test_webapp_jsonlks6c4waidoqleio3dof6xlxujzmvgpmrdqncrbksjldtwvw5m7kjkc/providers/Microsoft.Web/serverfarms/webapp-config-plann5wqwjgxmsvmegq5bev7p4","reserved":false,"isXenon":false,"hyperV":false,"lastModifiedTimeUtc":"2021-03-29T21:39:07.2733333","storageRecoveryDefaultState":"Running","contentAvailabilityState":"Normal","runtimeAvailabilityState":"Normal","siteConfig":{"numberOfWorkers":null,"defaultDocuments":null,"netFrameworkVersion":null,"phpVersion":null,"pythonVersion":null,"nodeVersion":null,"powerShellVersion":null,"linuxFxVersion":null,"windowsFxVersion":null,"requestTracingEnabled":null,"remoteDebuggingEnabled":null,"remoteDebuggingVersion":null,"httpLoggingEnabled":null,"azureMonitorLogCategories":null,"acrUseManagedIdentityCreds":false,"acrUserManagedIdentityID":null,"logsDirectorySizeLimit":null,"detailedErrorLoggingEnabled":null,"publishingUsername":null,"publishingPassword":null,"appSettings":null,"azureStorageAccounts":null,"metadata":null,"connectionStrings":null,"machineKey":null,"handlerMappings":null,"documentRoot":null,"scmType":null,"use32BitWorkerProcess":null,"webSocketsEnabled":null,"alwaysOn":null,"javaVersion":null,"javaContainer":null,"javaContainerVersion":null,"appCommandLine":null,"managedPipelineMode":null,"virtualApplications":null,"winAuthAdminState":null,"winAuthTenantState":null,"customAppPoolIdentityAdminState":null,"customAppPoolIdentityTenantState":null,"runtimeADUser":null,"runtimeADUserPassword":null,"loadBalancing":null,"routingRules":null,"experiments":null,"limits":null,"autoHealEnabled":null,"autoHealRules":null,"tracingOptions":null,"vnetName":null,"vnetRouteAllEnabled":null,"vnetPrivatePortsCount":null,"cors":null,"push":null,"apiDefinition":null,"apiManagementConfig":null,"autoSwapSlotName":null,"localMySqlEnabled":null,"managedServiceIdentityId":null,"xManagedServiceIdentityId":null,"keyVaultReferenceIdentity":null,"ipSecurityRestrictions":null,"scmIpSecurityRestrictions":null,"scmIpSecurityRestrictionsUseMain":null,"http20Enabled":null,"minTlsVersion":null,"scmMinTlsVersion":null,"ftpsState":null,"preWarmedInstanceCount":null,"functionAppScaleLimit":null,"healthCheckPath":null,"fileChangeAuditEnabled":null,"functionsRuntimeScaleMonitoringEnabled":null,"websiteTimeZone":null,"minimumElasticInstanceCount":0},"deploymentId":"webapp-config-testom7uha2xogz56innox6lto","slotName":null,"trafficManagerHostNames":null,"sku":"Standard","scmSiteAlsoStopped":false,"targetSwapSlot":null,"hostingEnvironment":null,"hostingEnvironmentProfile":null,"clientAffinityEnabled":true,"clientCertEnabled":false,"clientCertMode":"Required","clientCertExclusionPaths":null,"hostNamesDisabled":false,"domainVerificationIdentifiers":null,"customDomainVerificationId":"30E3673979DFB5673924412D39370809E608E2DE4E889BD01C7B80FC38A57EED","kind":"app","inboundIpAddress":"40.74.100.137","possibleInboundIpAddresses":"40.74.100.137","ftpUsername":"webapp-config-testom7uha2xogz56innox6lto\\$webapp-config-testom7uha2xogz56innox6lto","ftpsHostName":"ftps://waws-prod-os1-027.ftp.azurewebsites.windows.net/site/wwwroot","outboundIpAddresses":"40.74.90.160,40.74.94.222,40.74.113.39,40.74.95.132,40.74.113.204,40.74.75.201,40.74.100.137","possibleOutboundIpAddresses":"40.74.90.160,40.74.94.222,40.74.113.39,40.74.95.132,40.74.113.204,40.74.75.201,40.74.112.41,40.74.113.1,40.74.65.7,40.74.76.184,40.74.79.7,40.74.67.13,40.74.81.157,40.74.86.212,40.74.86.30,40.74.81.231,40.74.80.113,40.74.80.110,40.74.100.137","containerSize":0,"dailyMemoryTimeQuota":0,"suspendedTill":null,"siteDisabledReason":0,"functionExecutionUnitsCache":null,"maxNumberOfWorkers":null,"homeStamp":"waws-prod-os1-027","cloningInfo":null,"hostingEnvironmentId":null,"tags":null,"resourceGroup":"cli_test_webapp_jsonlks6c4waidoqleio3dof6xlxujzmvgpmrdqncrbksjldtwvw5m7kjkc","defaultHostName":"webapp-config-testom7uha2xogz56innox6lto.azurewebsites.net","slotSwapStatus":null,"keyVaultReferenceIdentity":"SystemAssigned","httpsOnly":false,"redundancyMode":"None","inProgressOperationId":null,"geoDistributions":null,"privateEndpointConnections":null,"buildVersion":null,"targetBuildVersion":null,"migrationState":null,"eligibleLogCategories":"AppServiceAppLogs,AppServiceAuditLogs,AppServiceConsoleLogs,AppServiceHTTPLogs,AppServiceIPSecAuditLogs,AppServicePlatformLogs,ScanLogs","storageAccountRequired":false}},{"id":"/subscriptions/00000000-0000-0000-0000-000000000000/resourceGroups/sisirap-RG/providers/Microsoft.Web/sites/sisirap-test-app-multicontainer","name":"sisirap-test-app-multicontainer","type":"Microsoft.Web/sites","kind":"app,linux,container","location":"East
        US","properties":{"name":"sisirap-test-app-multicontainer","state":"Running","hostNames":["sisiraptestdomains.com","foo.sisiraptestdomains.com","sisirap-test-app-multicontainer.azurewebsites.net"],"webSpace":"sisirap-RG-EastUSwebspace","selfLink":"https://waws-prod-blu-191.api.azurewebsites.windows.net:454/subscriptions/00000000-0000-0000-0000-000000000000/webspaces/sisirap-RG-EastUSwebspace/sites/sisirap-test-app-multicontainer","repositorySiteName":"sisirap-test-app-multicontainer","owner":null,"usageState":"Normal","enabled":true,"adminEnabled":true,"enabledHostNames":["foo.sisiraptestdomains.com","sisiraptestdomains.com","sisirap-test-app-multicontainer.azurewebsites.net","sisirap-test-app-multicontainer.scm.azurewebsites.net"],"siteProperties":{"metadata":null,"properties":[{"name":"LinuxFxVersion","value":"COMPOSE|dmVyc2lvbjogJzMnCnNlcnZpY2VzOgogIHdlYjoKICAgIGltYWdlOiAicGF0bGUvcHl0aG9uX2FwcDoxLjAiCiAgICBwb3J0czoKICAgICAtICI1MDAwOjUwMDAiCiAgcmVkaXM6CiAgICBpbWFnZTogInJlZGlzOmFscGluZSIK"},{"name":"WindowsFxVersion","value":null}],"appSettings":null},"availabilityState":"Normal","sslCertificates":[],"csrs":[],"cers":null,"siteMode":"Limited","hostNameSslStates":[{"name":"foo.sisiraptestdomains.com","sslState":"Disabled","ipBasedSslResult":null,"virtualIP":null,"thumbprint":null,"toUpdate":null,"toUpdateIpBasedSsl":null,"ipBasedSslState":"NotConfigured","hostType":"Standard"},{"name":"sisirap-test-app-multicontainer.azurewebsites.net","sslState":"Disabled","ipBasedSslResult":null,"virtualIP":null,"thumbprint":null,"toUpdate":null,"toUpdateIpBasedSsl":null,"ipBasedSslState":"NotConfigured","hostType":"Standard"},{"name":"sisiraptestdomains.com","sslState":"Disabled","ipBasedSslResult":null,"virtualIP":null,"thumbprint":null,"toUpdate":null,"toUpdateIpBasedSsl":null,"ipBasedSslState":"NotConfigured","hostType":"Standard"},{"name":"sisirap-test-app-multicontainer.scm.azurewebsites.net","sslState":"Disabled","ipBasedSslResult":null,"virtualIP":null,"thumbprint":null,"toUpdate":null,"toUpdateIpBasedSsl":null,"ipBasedSslState":"NotConfigured","hostType":"Repository"}],"computeMode":"Dedicated","serverFarm":null,"serverFarmId":"/subscriptions/00000000-0000-0000-0000-000000000000/resourceGroups/sisirap-RG/providers/Microsoft.Web/serverfarms/sisirap-test-multicontainet","reserved":true,"isXenon":false,"hyperV":false,"lastModifiedTimeUtc":"2021-03-14T17:25:16.1133333","storageRecoveryDefaultState":"Running","contentAvailabilityState":"Normal","runtimeAvailabilityState":"Normal","siteConfig":{"numberOfWorkers":null,"defaultDocuments":null,"netFrameworkVersion":null,"phpVersion":null,"pythonVersion":null,"nodeVersion":null,"powerShellVersion":null,"linuxFxVersion":null,"windowsFxVersion":null,"requestTracingEnabled":null,"remoteDebuggingEnabled":null,"remoteDebuggingVersion":null,"httpLoggingEnabled":null,"azureMonitorLogCategories":null,"acrUseManagedIdentityCreds":false,"acrUserManagedIdentityID":null,"logsDirectorySizeLimit":null,"detailedErrorLoggingEnabled":null,"publishingUsername":null,"publishingPassword":null,"appSettings":null,"azureStorageAccounts":null,"metadata":null,"connectionStrings":null,"machineKey":null,"handlerMappings":null,"documentRoot":null,"scmType":null,"use32BitWorkerProcess":null,"webSocketsEnabled":null,"alwaysOn":null,"javaVersion":null,"javaContainer":null,"javaContainerVersion":null,"appCommandLine":null,"managedPipelineMode":null,"virtualApplications":null,"winAuthAdminState":null,"winAuthTenantState":null,"customAppPoolIdentityAdminState":null,"customAppPoolIdentityTenantState":null,"runtimeADUser":null,"runtimeADUserPassword":null,"loadBalancing":null,"routingRules":null,"experiments":null,"limits":null,"autoHealEnabled":null,"autoHealRules":null,"tracingOptions":null,"vnetName":null,"vnetRouteAllEnabled":null,"vnetPrivatePortsCount":null,"cors":null,"push":null,"apiDefinition":null,"apiManagementConfig":null,"autoSwapSlotName":null,"localMySqlEnabled":null,"managedServiceIdentityId":null,"xManagedServiceIdentityId":null,"keyVaultReferenceIdentity":null,"ipSecurityRestrictions":null,"scmIpSecurityRestrictions":null,"scmIpSecurityRestrictionsUseMain":null,"http20Enabled":null,"minTlsVersion":null,"scmMinTlsVersion":null,"ftpsState":null,"preWarmedInstanceCount":null,"functionAppScaleLimit":null,"healthCheckPath":null,"fileChangeAuditEnabled":null,"functionsRuntimeScaleMonitoringEnabled":null,"websiteTimeZone":null,"minimumElasticInstanceCount":0},"deploymentId":"sisirap-test-app-multicontainer","slotName":null,"trafficManagerHostNames":null,"sku":"Basic","scmSiteAlsoStopped":false,"targetSwapSlot":null,"hostingEnvironment":null,"hostingEnvironmentProfile":null,"clientAffinityEnabled":true,"clientCertEnabled":false,"clientCertMode":"Required","clientCertExclusionPaths":null,"hostNamesDisabled":false,"domainVerificationIdentifiers":null,"customDomainVerificationId":"30E3673979DFB5673924412D39370809E608E2DE4E889BD01C7B80FC38A57EED","kind":"app,linux,container","inboundIpAddress":"20.49.104.3","possibleInboundIpAddresses":"20.49.104.3","ftpUsername":"sisirap-test-app-multicontainer\\$sisirap-test-app-multicontainer","ftpsHostName":"ftps://waws-prod-blu-191.ftp.azurewebsites.windows.net/site/wwwroot","outboundIpAddresses":"52.188.143.242,40.71.235.172,40.71.236.147,40.71.236.232,40.71.238.92,52.142.34.225,20.49.104.3","possibleOutboundIpAddresses":"52.188.143.242,40.71.235.172,40.71.236.147,40.71.236.232,40.71.238.92,52.142.34.225,52.149.246.34,52.179.115.42,52.179.118.77,52.191.94.124,52.224.89.255,52.224.92.113,52.226.52.76,52.226.52.105,52.226.52.106,52.226.53.47,52.226.53.100,52.226.54.47,20.49.104.3","containerSize":0,"dailyMemoryTimeQuota":0,"suspendedTill":null,"siteDisabledReason":0,"functionExecutionUnitsCache":null,"maxNumberOfWorkers":null,"homeStamp":"waws-prod-blu-191","cloningInfo":null,"hostingEnvironmentId":null,"tags":null,"resourceGroup":"sisirap-RG","defaultHostName":"sisirap-test-app-multicontainer.azurewebsites.net","slotSwapStatus":null,"keyVaultReferenceIdentity":"SystemAssigned","httpsOnly":false,"redundancyMode":"None","inProgressOperationId":null,"geoDistributions":null,"privateEndpointConnections":null,"buildVersion":null,"targetBuildVersion":null,"migrationState":null,"eligibleLogCategories":"AppServiceAppLogs,AppServiceAuditLogs,AppServiceConsoleLogs,AppServiceHTTPLogs,AppServiceIPSecAuditLogs,AppServicePlatformLogs,ScanLogs","storageAccountRequired":false}},{"id":"/subscriptions/00000000-0000-0000-0000-000000000000/resourceGroups/clitest.rgnrv4x6izhip6zys5xkce45dl7p3ilq5jnquy3o56hhuhidn7ldu5d4fdtp7np7tfo/providers/Microsoft.Web/sites/sisirap-multi-container","name":"sisirap-multi-container","type":"Microsoft.Web/sites","kind":"app,linux,container","location":"East
        US 2","properties":{"name":"sisirap-multi-container","state":"Running","hostNames":["sisirap-multi-container.azurewebsites.net"],"webSpace":"clitest.rgnrv4x6izhip6zys5xkce45dl7p3ilq5jnquy3o56hhuhidn7ldu5d4fdtp7np7tfo-EastUS2webspace","selfLink":"https://waws-prod-bn1-065.api.azurewebsites.windows.net:454/subscriptions/00000000-0000-0000-0000-000000000000/webspaces/clitest.rgnrv4x6izhip6zys5xkce45dl7p3ilq5jnquy3o56hhuhidn7ldu5d4fdtp7np7tfo-EastUS2webspace/sites/sisirap-multi-container","repositorySiteName":"sisirap-multi-container","owner":null,"usageState":"Normal","enabled":true,"adminEnabled":true,"enabledHostNames":["sisirap-multi-container.azurewebsites.net","sisirap-multi-container.scm.azurewebsites.net"],"siteProperties":{"metadata":null,"properties":[{"name":"LinuxFxVersion","value":"COMPOSE|dmVyc2lvbjogJzMnCnNlcnZpY2VzOgogIHdlYjoKICAgIGltYWdlOiAicGF0bGUvcHl0aG9uX2FwcF9zbG90OmxhdGVzdCIKICAgIHBvcnRzOgogICAgIC0gIjUwMDA6NTAwMCIKICByZWRpczoKICAgIGltYWdlOiAicmVkaXM6YWxwaW5lIgo="},{"name":"WindowsFxVersion","value":null}],"appSettings":null},"availabilityState":"Normal","sslCertificates":[],"csrs":[],"cers":null,"siteMode":"Limited","hostNameSslStates":[{"name":"sisirap-multi-container.azurewebsites.net","sslState":"Disabled","ipBasedSslResult":null,"virtualIP":null,"thumbprint":null,"toUpdate":null,"toUpdateIpBasedSsl":null,"ipBasedSslState":"NotConfigured","hostType":"Standard"},{"name":"sisirap-multi-container.scm.azurewebsites.net","sslState":"Disabled","ipBasedSslResult":null,"virtualIP":null,"thumbprint":null,"toUpdate":null,"toUpdateIpBasedSsl":null,"ipBasedSslState":"NotConfigured","hostType":"Repository"}],"computeMode":"Dedicated","serverFarm":null,"serverFarmId":"/subscriptions/00000000-0000-0000-0000-000000000000/resourceGroups/clitest.rgnrv4x6izhip6zys5xkce45dl7p3ilq5jnquy3o56hhuhidn7ldu5d4fdtp7np7tfo/providers/Microsoft.Web/serverfarms/plan-linux-multis5wqscaw","reserved":true,"isXenon":false,"hyperV":false,"lastModifiedTimeUtc":"2021-03-29T21:17:39.0066667","storageRecoveryDefaultState":"Running","contentAvailabilityState":"Normal","runtimeAvailabilityState":"Normal","siteConfig":{"numberOfWorkers":null,"defaultDocuments":null,"netFrameworkVersion":null,"phpVersion":null,"pythonVersion":null,"nodeVersion":null,"powerShellVersion":null,"linuxFxVersion":null,"windowsFxVersion":null,"requestTracingEnabled":null,"remoteDebuggingEnabled":null,"remoteDebuggingVersion":null,"httpLoggingEnabled":null,"azureMonitorLogCategories":null,"acrUseManagedIdentityCreds":false,"acrUserManagedIdentityID":null,"logsDirectorySizeLimit":null,"detailedErrorLoggingEnabled":null,"publishingUsername":null,"publishingPassword":null,"appSettings":null,"azureStorageAccounts":null,"metadata":null,"connectionStrings":null,"machineKey":null,"handlerMappings":null,"documentRoot":null,"scmType":null,"use32BitWorkerProcess":null,"webSocketsEnabled":null,"alwaysOn":null,"javaVersion":null,"javaContainer":null,"javaContainerVersion":null,"appCommandLine":null,"managedPipelineMode":null,"virtualApplications":null,"winAuthAdminState":null,"winAuthTenantState":null,"customAppPoolIdentityAdminState":null,"customAppPoolIdentityTenantState":null,"runtimeADUser":null,"runtimeADUserPassword":null,"loadBalancing":null,"routingRules":null,"experiments":null,"limits":null,"autoHealEnabled":null,"autoHealRules":null,"tracingOptions":null,"vnetName":null,"vnetRouteAllEnabled":null,"vnetPrivatePortsCount":null,"cors":null,"push":null,"apiDefinition":null,"apiManagementConfig":null,"autoSwapSlotName":null,"localMySqlEnabled":null,"managedServiceIdentityId":null,"xManagedServiceIdentityId":null,"keyVaultReferenceIdentity":null,"ipSecurityRestrictions":null,"scmIpSecurityRestrictions":null,"scmIpSecurityRestrictionsUseMain":null,"http20Enabled":null,"minTlsVersion":null,"scmMinTlsVersion":null,"ftpsState":null,"preWarmedInstanceCount":null,"functionAppScaleLimit":null,"healthCheckPath":null,"fileChangeAuditEnabled":null,"functionsRuntimeScaleMonitoringEnabled":null,"websiteTimeZone":null,"minimumElasticInstanceCount":0},"deploymentId":"sisirap-multi-container","slotName":null,"trafficManagerHostNames":null,"sku":"Standard","scmSiteAlsoStopped":false,"targetSwapSlot":null,"hostingEnvironment":null,"hostingEnvironmentProfile":null,"clientAffinityEnabled":true,"clientCertEnabled":false,"clientCertMode":"Required","clientCertExclusionPaths":null,"hostNamesDisabled":false,"domainVerificationIdentifiers":null,"customDomainVerificationId":"30E3673979DFB5673924412D39370809E608E2DE4E889BD01C7B80FC38A57EED","kind":"app,linux,container","inboundIpAddress":"40.70.147.11","possibleInboundIpAddresses":"40.70.147.11","ftpUsername":"sisirap-multi-container\\$sisirap-multi-container","ftpsHostName":"ftps://waws-prod-bn1-065.ftp.azurewebsites.windows.net/site/wwwroot","outboundIpAddresses":"40.70.147.11,52.177.23.145,52.184.147.38,52.177.119.222,52.177.22.136","possibleOutboundIpAddresses":"40.70.147.11,52.177.23.145,52.184.147.38,52.177.119.222,52.177.22.136,104.209.253.237,104.46.96.136,40.70.28.239,52.177.127.186,52.184.147.42","containerSize":0,"dailyMemoryTimeQuota":0,"suspendedTill":null,"siteDisabledReason":0,"functionExecutionUnitsCache":null,"maxNumberOfWorkers":null,"homeStamp":"waws-prod-bn1-065","cloningInfo":null,"hostingEnvironmentId":null,"tags":null,"resourceGroup":"clitest.rgnrv4x6izhip6zys5xkce45dl7p3ilq5jnquy3o56hhuhidn7ldu5d4fdtp7np7tfo","defaultHostName":"sisirap-multi-container.azurewebsites.net","slotSwapStatus":null,"keyVaultReferenceIdentity":"SystemAssigned","httpsOnly":false,"redundancyMode":"None","inProgressOperationId":null,"geoDistributions":null,"privateEndpointConnections":null,"buildVersion":null,"targetBuildVersion":null,"migrationState":null,"eligibleLogCategories":"AppServiceAppLogs,AppServiceAuditLogs,AppServiceConsoleLogs,AppServiceHTTPLogs,AppServiceIPSecAuditLogs,AppServicePlatformLogs,ScanLogs","storageAccountRequired":false}},{"id":"/subscriptions/00000000-0000-0000-0000-000000000000/resourceGroups/sisirap-testRG/providers/Microsoft.Web/sites/sisirap-test-apexdomaintest","name":"sisirap-test-apexdomaintest","type":"Microsoft.Web/sites","kind":"app","location":"Central
        US EUAP","properties":{"name":"sisirap-test-apexdomaintest","state":"Running","hostNames":["sisirap-test-apexdomaintest.azurewebsites.net"],"webSpace":"sisirap-testRG-CentralUSEUAPwebspace","selfLink":"https://waws-prod-euapdm1-505.api.azurewebsites.windows.net:454/subscriptions/00000000-0000-0000-0000-000000000000/webspaces/sisirap-testRG-CentralUSEUAPwebspace/sites/sisirap-test-apexdomaintest","repositorySiteName":"sisirap-test-apexdomaintest","owner":null,"usageState":"Normal","enabled":true,"adminEnabled":true,"enabledHostNames":["sisirap-test-apexdomaintest.azurewebsites.net","sisirap-test-apexdomaintest.scm.azurewebsites.net"],"siteProperties":{"metadata":null,"properties":[{"name":"LinuxFxVersion","value":""},{"name":"WindowsFxVersion","value":null}],"appSettings":null},"availabilityState":"Normal","sslCertificates":[],"csrs":[],"cers":null,"siteMode":"Limited","hostNameSslStates":[{"name":"sisirap-test-apexdomaintest.azurewebsites.net","sslState":"Disabled","ipBasedSslResult":null,"virtualIP":null,"thumbprint":null,"toUpdate":null,"toUpdateIpBasedSsl":null,"ipBasedSslState":"NotConfigured","hostType":"Standard"},{"name":"sisirap-test-apexdomaintest.scm.azurewebsites.net","sslState":"Disabled","ipBasedSslResult":null,"virtualIP":null,"thumbprint":null,"toUpdate":null,"toUpdateIpBasedSsl":null,"ipBasedSslState":"NotConfigured","hostType":"Repository"}],"computeMode":"Dedicated","serverFarm":null,"serverFarmId":"/subscriptions/00000000-0000-0000-0000-000000000000/resourceGroups/sisirap-testRG/providers/Microsoft.Web/serverfarms/ASP-sisiraptestRG-9559","reserved":false,"isXenon":false,"hyperV":false,"lastModifiedTimeUtc":"2021-03-05T19:38:49.9866667","storageRecoveryDefaultState":"Running","contentAvailabilityState":"Normal","runtimeAvailabilityState":"Normal","siteConfig":{"numberOfWorkers":null,"defaultDocuments":null,"netFrameworkVersion":null,"phpVersion":null,"pythonVersion":null,"nodeVersion":null,"powerShellVersion":null,"linuxFxVersion":null,"windowsFxVersion":null,"requestTracingEnabled":null,"remoteDebuggingEnabled":null,"remoteDebuggingVersion":null,"httpLoggingEnabled":null,"azureMonitorLogCategories":null,"acrUseManagedIdentityCreds":false,"acrUserManagedIdentityID":null,"logsDirectorySizeLimit":null,"detailedErrorLoggingEnabled":null,"publishingUsername":null,"publishingPassword":null,"appSettings":null,"azureStorageAccounts":null,"metadata":null,"connectionStrings":null,"machineKey":null,"handlerMappings":null,"documentRoot":null,"scmType":null,"use32BitWorkerProcess":null,"webSocketsEnabled":null,"alwaysOn":null,"javaVersion":null,"javaContainer":null,"javaContainerVersion":null,"appCommandLine":null,"managedPipelineMode":null,"virtualApplications":null,"winAuthAdminState":null,"winAuthTenantState":null,"customAppPoolIdentityAdminState":null,"customAppPoolIdentityTenantState":null,"runtimeADUser":null,"runtimeADUserPassword":null,"loadBalancing":null,"routingRules":null,"experiments":null,"limits":null,"autoHealEnabled":null,"autoHealRules":null,"tracingOptions":null,"vnetName":null,"vnetRouteAllEnabled":null,"vnetPrivatePortsCount":null,"cors":null,"push":null,"apiDefinition":null,"apiManagementConfig":null,"autoSwapSlotName":null,"localMySqlEnabled":null,"managedServiceIdentityId":null,"xManagedServiceIdentityId":null,"keyVaultReferenceIdentity":null,"ipSecurityRestrictions":null,"scmIpSecurityRestrictions":null,"scmIpSecurityRestrictionsUseMain":null,"http20Enabled":null,"minTlsVersion":null,"scmMinTlsVersion":null,"ftpsState":null,"preWarmedInstanceCount":null,"functionAppScaleLimit":null,"healthCheckPath":null,"fileChangeAuditEnabled":null,"functionsRuntimeScaleMonitoringEnabled":null,"websiteTimeZone":null,"minimumElasticInstanceCount":0},"deploymentId":"sisirap-test-apexdomaintest","slotName":null,"trafficManagerHostNames":null,"sku":"Standard","scmSiteAlsoStopped":false,"targetSwapSlot":null,"hostingEnvironment":null,"hostingEnvironmentProfile":null,"clientAffinityEnabled":true,"clientCertEnabled":false,"clientCertMode":"Required","clientCertExclusionPaths":null,"hostNamesDisabled":false,"domainVerificationIdentifiers":null,"customDomainVerificationId":"30E3673979DFB5673924412D39370809E608E2DE4E889BD01C7B80FC38A57EED","kind":"app","inboundIpAddress":"52.180.178.6","possibleInboundIpAddresses":"52.180.178.6,104.208.48.107","ftpUsername":"sisirap-test-apexdomaintest\\$sisirap-test-apexdomaintest","ftpsHostName":"ftps://waws-prod-euapdm1-505.ftp.azurewebsites.windows.net/site/wwwroot","outboundIpAddresses":"52.180.180.111,52.180.178.55,52.180.181.60,52.180.180.253","possibleOutboundIpAddresses":"52.180.180.111,52.180.178.55,52.180.181.60,52.180.180.253,104.208.48.107,52.180.178.6","containerSize":0,"dailyMemoryTimeQuota":0,"suspendedTill":null,"siteDisabledReason":0,"functionExecutionUnitsCache":null,"maxNumberOfWorkers":null,"homeStamp":"waws-prod-euapdm1-505","cloningInfo":null,"hostingEnvironmentId":null,"tags":null,"resourceGroup":"sisirap-testRG","defaultHostName":"sisirap-test-apexdomaintest.azurewebsites.net","slotSwapStatus":null,"keyVaultReferenceIdentity":"SystemAssigned","httpsOnly":false,"redundancyMode":"None","inProgressOperationId":null,"geoDistributions":null,"privateEndpointConnections":null,"buildVersion":null,"targetBuildVersion":null,"migrationState":null,"eligibleLogCategories":"AppServiceAppLogs,AppServiceAuditLogs,AppServiceConsoleLogs,AppServiceHTTPLogs,AppServiceIPSecAuditLogs,AppServicePlatformLogs,ScanLogs","storageAccountRequired":false}},{"id":"/subscriptions/00000000-0000-0000-0000-000000000000/resourceGroups/sisirap_rg_Linux_westus/providers/Microsoft.Web/sites/mywebapp-SISIRAP","name":"mywebapp-SISIRAP","type":"Microsoft.Web/sites","kind":"app,linux","location":"West
        US","properties":{"name":"mywebapp-SISIRAP","state":"Running","hostNames":["mywebapp-sisirap.azurewebsites.net"],"webSpace":"sisirap_rg_Linux_westus-WestUSwebspace","selfLink":"https://waws-prod-bay-143.api.azurewebsites.windows.net:454/subscriptions/00000000-0000-0000-0000-000000000000/webspaces/sisirap_rg_Linux_westus-WestUSwebspace/sites/mywebapp-SISIRAP","repositorySiteName":"mywebapp-SISIRAP","owner":null,"usageState":"Normal","enabled":true,"adminEnabled":true,"enabledHostNames":["mywebapp-sisirap.azurewebsites.net","mywebapp-sisirap.scm.azurewebsites.net"],"siteProperties":{"metadata":null,"properties":[{"name":"LinuxFxVersion","value":"NODE|12-lts"},{"name":"WindowsFxVersion","value":null}],"appSettings":null},"availabilityState":"Normal","sslCertificates":[],"csrs":[],"cers":null,"siteMode":"Limited","hostNameSslStates":[{"name":"mywebapp-sisirap.azurewebsites.net","sslState":"Disabled","ipBasedSslResult":null,"virtualIP":null,"thumbprint":null,"toUpdate":null,"toUpdateIpBasedSsl":null,"ipBasedSslState":"NotConfigured","hostType":"Standard"},{"name":"mywebapp-sisirap.scm.azurewebsites.net","sslState":"Disabled","ipBasedSslResult":null,"virtualIP":null,"thumbprint":null,"toUpdate":null,"toUpdateIpBasedSsl":null,"ipBasedSslState":"NotConfigured","hostType":"Repository"}],"computeMode":"Dedicated","serverFarm":null,"serverFarmId":"/subscriptions/00000000-0000-0000-0000-000000000000/resourceGroups/sisirap_rg_Linux_westus/providers/Microsoft.Web/serverfarms/sisirap_asp_Linux_westus_0","reserved":true,"isXenon":false,"hyperV":false,"lastModifiedTimeUtc":"2021-01-14T19:46:24.3966667","storageRecoveryDefaultState":"Running","contentAvailabilityState":"Normal","runtimeAvailabilityState":"Normal","siteConfig":{"numberOfWorkers":null,"defaultDocuments":null,"netFrameworkVersion":null,"phpVersion":null,"pythonVersion":null,"nodeVersion":null,"powerShellVersion":null,"linuxFxVersion":null,"windowsFxVersion":null,"requestTracingEnabled":null,"remoteDebuggingEnabled":null,"remoteDebuggingVersion":null,"httpLoggingEnabled":null,"azureMonitorLogCategories":null,"acrUseManagedIdentityCreds":false,"acrUserManagedIdentityID":null,"logsDirectorySizeLimit":null,"detailedErrorLoggingEnabled":null,"publishingUsername":null,"publishingPassword":null,"appSettings":null,"azureStorageAccounts":null,"metadata":null,"connectionStrings":null,"machineKey":null,"handlerMappings":null,"documentRoot":null,"scmType":null,"use32BitWorkerProcess":null,"webSocketsEnabled":null,"alwaysOn":null,"javaVersion":null,"javaContainer":null,"javaContainerVersion":null,"appCommandLine":null,"managedPipelineMode":null,"virtualApplications":null,"winAuthAdminState":null,"winAuthTenantState":null,"customAppPoolIdentityAdminState":null,"customAppPoolIdentityTenantState":null,"runtimeADUser":null,"runtimeADUserPassword":null,"loadBalancing":null,"routingRules":null,"experiments":null,"limits":null,"autoHealEnabled":null,"autoHealRules":null,"tracingOptions":null,"vnetName":null,"vnetRouteAllEnabled":null,"vnetPrivatePortsCount":null,"cors":null,"push":null,"apiDefinition":null,"apiManagementConfig":null,"autoSwapSlotName":null,"localMySqlEnabled":null,"managedServiceIdentityId":null,"xManagedServiceIdentityId":null,"keyVaultReferenceIdentity":null,"ipSecurityRestrictions":null,"scmIpSecurityRestrictions":null,"scmIpSecurityRestrictionsUseMain":null,"http20Enabled":null,"minTlsVersion":null,"scmMinTlsVersion":null,"ftpsState":null,"preWarmedInstanceCount":null,"functionAppScaleLimit":null,"healthCheckPath":null,"fileChangeAuditEnabled":null,"functionsRuntimeScaleMonitoringEnabled":null,"websiteTimeZone":null,"minimumElasticInstanceCount":0},"deploymentId":"mywebapp-SISIRAP","slotName":null,"trafficManagerHostNames":null,"sku":"Basic","scmSiteAlsoStopped":false,"targetSwapSlot":null,"hostingEnvironment":null,"hostingEnvironmentProfile":null,"clientAffinityEnabled":true,"clientCertEnabled":false,"clientCertMode":"Required","clientCertExclusionPaths":null,"hostNamesDisabled":false,"domainVerificationIdentifiers":null,"customDomainVerificationId":"30E3673979DFB5673924412D39370809E608E2DE4E889BD01C7B80FC38A57EED","kind":"app,linux","inboundIpAddress":"40.112.243.46","possibleInboundIpAddresses":"40.112.243.46","ftpUsername":"mywebapp-SISIRAP\\$mywebapp-SISIRAP","ftpsHostName":"ftps://waws-prod-bay-143.ftp.azurewebsites.windows.net/site/wwwroot","outboundIpAddresses":"40.112.243.46,40.118.230.174,104.42.150.243,40.118.225.132,40.112.135.83","possibleOutboundIpAddresses":"40.112.243.46,40.118.230.174,104.42.150.243,40.118.225.132,40.112.135.83,40.118.227.215,40.118.231.14,13.64.101.180,104.42.56.180,40.118.225.130","containerSize":0,"dailyMemoryTimeQuota":0,"suspendedTill":null,"siteDisabledReason":0,"functionExecutionUnitsCache":null,"maxNumberOfWorkers":null,"homeStamp":"waws-prod-bay-143","cloningInfo":null,"hostingEnvironmentId":null,"tags":null,"resourceGroup":"sisirap_rg_Linux_westus","defaultHostName":"mywebapp-sisirap.azurewebsites.net","slotSwapStatus":null,"keyVaultReferenceIdentity":"SystemAssigned","httpsOnly":true,"redundancyMode":"None","inProgressOperationId":null,"geoDistributions":null,"privateEndpointConnections":null,"buildVersion":null,"targetBuildVersion":null,"migrationState":null,"eligibleLogCategories":"AppServiceAppLogs,AppServiceAuditLogs,AppServiceConsoleLogs,AppServiceHTTPLogs,AppServiceIPSecAuditLogs,AppServicePlatformLogs,ScanLogs","storageAccountRequired":false}},{"id":"/subscriptions/00000000-0000-0000-0000-000000000000/resourceGroups/sisirap-RG/providers/Microsoft.Web/sites/cliTestApp","name":"cliTestApp","type":"Microsoft.Web/sites","kind":"app","location":"Central
        US","properties":{"name":"cliTestApp","state":"Running","hostNames":["hi.sisiraptestdomains.com","sisiraptestdomains.com","clitestapp.azurewebsites.net"],"webSpace":"cliTestApp-CentralUSwebspace","selfLink":"https://waws-prod-dm1-027.api.azurewebsites.windows.net:454/subscriptions/00000000-0000-0000-0000-000000000000/webspaces/cliTestApp-CentralUSwebspace/sites/cliTestApp","repositorySiteName":"cliTestApp","owner":null,"usageState":"Normal","enabled":true,"adminEnabled":true,"enabledHostNames":["hi.sisiraptestdomains.com","sisiraptestdomains.com","clitestapp.azurewebsites.net","clitestapp.scm.azurewebsites.net"],"siteProperties":{"metadata":null,"properties":[{"name":"LinuxFxVersion","value":""},{"name":"WindowsFxVersion","value":null}],"appSettings":null},"availabilityState":"Normal","sslCertificates":[],"csrs":[],"cers":null,"siteMode":"Limited","hostNameSslStates":[{"name":"clitestapp.azurewebsites.net","sslState":"Disabled","ipBasedSslResult":null,"virtualIP":null,"thumbprint":null,"toUpdate":null,"toUpdateIpBasedSsl":null,"ipBasedSslState":"NotConfigured","hostType":"Standard"},{"name":"hi.sisiraptestdomains.com","sslState":"Disabled","ipBasedSslResult":null,"virtualIP":null,"thumbprint":null,"toUpdate":null,"toUpdateIpBasedSsl":null,"ipBasedSslState":"NotConfigured","hostType":"Standard"},{"name":"sisiraptestdomains.com","sslState":"Disabled","ipBasedSslResult":null,"virtualIP":null,"thumbprint":null,"toUpdate":null,"toUpdateIpBasedSsl":null,"ipBasedSslState":"NotConfigured","hostType":"Standard"},{"name":"clitestapp.scm.azurewebsites.net","sslState":"Disabled","ipBasedSslResult":null,"virtualIP":null,"thumbprint":null,"toUpdate":null,"toUpdateIpBasedSsl":null,"ipBasedSslState":"NotConfigured","hostType":"Repository"}],"computeMode":"Dedicated","serverFarm":null,"serverFarmId":"/subscriptions/00000000-0000-0000-0000-000000000000/resourceGroups/cliTestApp/providers/Microsoft.Web/serverfarms/sisirap-testAsp3","reserved":false,"isXenon":false,"hyperV":false,"lastModifiedTimeUtc":"2021-03-27T21:08:28.25","storageRecoveryDefaultState":"Running","contentAvailabilityState":"Normal","runtimeAvailabilityState":"Normal","siteConfig":{"numberOfWorkers":null,"defaultDocuments":null,"netFrameworkVersion":null,"phpVersion":null,"pythonVersion":null,"nodeVersion":null,"powerShellVersion":null,"linuxFxVersion":null,"windowsFxVersion":null,"requestTracingEnabled":null,"remoteDebuggingEnabled":null,"remoteDebuggingVersion":null,"httpLoggingEnabled":null,"azureMonitorLogCategories":null,"acrUseManagedIdentityCreds":false,"acrUserManagedIdentityID":null,"logsDirectorySizeLimit":null,"detailedErrorLoggingEnabled":null,"publishingUsername":null,"publishingPassword":null,"appSettings":null,"azureStorageAccounts":null,"metadata":null,"connectionStrings":null,"machineKey":null,"handlerMappings":null,"documentRoot":null,"scmType":null,"use32BitWorkerProcess":null,"webSocketsEnabled":null,"alwaysOn":null,"javaVersion":null,"javaContainer":null,"javaContainerVersion":null,"appCommandLine":null,"managedPipelineMode":null,"virtualApplications":null,"winAuthAdminState":null,"winAuthTenantState":null,"customAppPoolIdentityAdminState":null,"customAppPoolIdentityTenantState":null,"runtimeADUser":null,"runtimeADUserPassword":null,"loadBalancing":null,"routingRules":null,"experiments":null,"limits":null,"autoHealEnabled":null,"autoHealRules":null,"tracingOptions":null,"vnetName":null,"vnetRouteAllEnabled":null,"vnetPrivatePortsCount":null,"cors":null,"push":null,"apiDefinition":null,"apiManagementConfig":null,"autoSwapSlotName":null,"localMySqlEnabled":null,"managedServiceIdentityId":null,"xManagedServiceIdentityId":null,"keyVaultReferenceIdentity":null,"ipSecurityRestrictions":null,"scmIpSecurityRestrictions":null,"scmIpSecurityRestrictionsUseMain":null,"http20Enabled":null,"minTlsVersion":null,"scmMinTlsVersion":null,"ftpsState":null,"preWarmedInstanceCount":null,"functionAppScaleLimit":null,"healthCheckPath":null,"fileChangeAuditEnabled":null,"functionsRuntimeScaleMonitoringEnabled":null,"websiteTimeZone":null,"minimumElasticInstanceCount":0},"deploymentId":"cliTestApp","slotName":null,"trafficManagerHostNames":null,"sku":"Standard","scmSiteAlsoStopped":false,"targetSwapSlot":null,"hostingEnvironment":null,"hostingEnvironmentProfile":null,"clientAffinityEnabled":true,"clientCertEnabled":false,"clientCertMode":"Required","clientCertExclusionPaths":null,"hostNamesDisabled":false,"domainVerificationIdentifiers":null,"customDomainVerificationId":"30E3673979DFB5673924412D39370809E608E2DE4E889BD01C7B80FC38A57EED","kind":"app","inboundIpAddress":"52.173.249.137","possibleInboundIpAddresses":"52.173.249.137","ftpUsername":"cliTestApp\\$cliTestApp","ftpsHostName":"ftps://waws-prod-dm1-027.ftp.azurewebsites.windows.net/site/wwwroot","outboundIpAddresses":"52.173.249.137,52.176.59.177,52.173.201.190,52.173.203.66,52.173.251.28","possibleOutboundIpAddresses":"52.173.249.137,52.176.59.177,52.173.201.190,52.173.203.66,52.173.251.28,52.173.202.202,52.173.200.111","containerSize":0,"dailyMemoryTimeQuota":0,"suspendedTill":null,"siteDisabledReason":0,"functionExecutionUnitsCache":null,"maxNumberOfWorkers":null,"homeStamp":"waws-prod-dm1-027","cloningInfo":null,"hostingEnvironmentId":null,"tags":null,"resourceGroup":"sisirap-RG","defaultHostName":"clitestapp.azurewebsites.net","slotSwapStatus":null,"keyVaultReferenceIdentity":"SystemAssigned","httpsOnly":true,"redundancyMode":"None","inProgressOperationId":null,"geoDistributions":null,"privateEndpointConnections":null,"buildVersion":null,"targetBuildVersion":null,"migrationState":null,"eligibleLogCategories":"AppServiceAppLogs,AppServiceAuditLogs,AppServiceConsoleLogs,AppServiceHTTPLogs,AppServiceIPSecAuditLogs,AppServicePlatformLogs,ScanLogs","storageAccountRequired":false}},{"id":"/subscriptions/00000000-0000-0000-0000-000000000000/resourceGroups/cleanupservice/providers/Microsoft.Web/sites/cln9106d9e7-97c4-4a8f-beae-c49b4977560a","name":"cln9106d9e7-97c4-4a8f-beae-c49b4977560a","type":"Microsoft.Web/sites","kind":"app","location":"North
        Central US","tags":{"hidden-related:/subscriptions/00000000-0000-0000-0000-000000000000/resourcegroups/cleanupservice/providers/Microsoft.Web/serverfarms/cln9106d9e7-97c4-4a8f-beae-c49b4977560a":"empty"},"properties":{"name":"cln9106d9e7-97c4-4a8f-beae-c49b4977560a","state":"Running","hostNames":["cln9106d9e7-97c4-4a8f-beae-c49b4977560a.azurewebsites.net"],"webSpace":"cleanupservice-NorthCentralUSwebspace","selfLink":"https://waws-prod-ch1-037.api.azurewebsites.windows.net:454/subscriptions/00000000-0000-0000-0000-000000000000/webspaces/cleanupservice-NorthCentralUSwebspace/sites/cln9106d9e7-97c4-4a8f-beae-c49b4977560a","repositorySiteName":"cln9106d9e7-97c4-4a8f-beae-c49b4977560a","owner":null,"usageState":"Normal","enabled":true,"adminEnabled":true,"enabledHostNames":["cln9106d9e7-97c4-4a8f-beae-c49b4977560a.azurewebsites.net","cln9106d9e7-97c4-4a8f-beae-c49b4977560a.scm.azurewebsites.net"],"siteProperties":{"metadata":null,"properties":[{"name":"LinuxFxVersion","value":""},{"name":"WindowsFxVersion","value":null}],"appSettings":null},"availabilityState":"Normal","sslCertificates":[],"csrs":[],"cers":null,"siteMode":"Limited","hostNameSslStates":[{"name":"cln9106d9e7-97c4-4a8f-beae-c49b4977560a.azurewebsites.net","sslState":"Disabled","ipBasedSslResult":null,"virtualIP":null,"thumbprint":null,"toUpdate":null,"toUpdateIpBasedSsl":null,"ipBasedSslState":"NotConfigured","hostType":"Standard"},{"name":"cln9106d9e7-97c4-4a8f-beae-c49b4977560a.scm.azurewebsites.net","sslState":"Disabled","ipBasedSslResult":null,"virtualIP":null,"thumbprint":null,"toUpdate":null,"toUpdateIpBasedSsl":null,"ipBasedSslState":"NotConfigured","hostType":"Repository"}],"computeMode":"Dedicated","serverFarm":null,"serverFarmId":"/subscriptions/00000000-0000-0000-0000-000000000000/resourceGroups/cleanupservice/providers/Microsoft.Web/serverfarms/cln9106d9e7-97c4-4a8f-beae-c49b4977560a","reserved":false,"isXenon":false,"hyperV":false,"lastModifiedTimeUtc":"2021-02-24T16:40:46.59","storageRecoveryDefaultState":"Running","contentAvailabilityState":"Normal","runtimeAvailabilityState":"Normal","siteConfig":{"numberOfWorkers":null,"defaultDocuments":null,"netFrameworkVersion":null,"phpVersion":null,"pythonVersion":null,"nodeVersion":null,"powerShellVersion":null,"linuxFxVersion":null,"windowsFxVersion":null,"requestTracingEnabled":null,"remoteDebuggingEnabled":null,"remoteDebuggingVersion":null,"httpLoggingEnabled":null,"azureMonitorLogCategories":null,"acrUseManagedIdentityCreds":false,"acrUserManagedIdentityID":null,"logsDirectorySizeLimit":null,"detailedErrorLoggingEnabled":null,"publishingUsername":null,"publishingPassword":null,"appSettings":null,"azureStorageAccounts":null,"metadata":null,"connectionStrings":null,"machineKey":null,"handlerMappings":null,"documentRoot":null,"scmType":null,"use32BitWorkerProcess":null,"webSocketsEnabled":null,"alwaysOn":null,"javaVersion":null,"javaContainer":null,"javaContainerVersion":null,"appCommandLine":null,"managedPipelineMode":null,"virtualApplications":null,"winAuthAdminState":null,"winAuthTenantState":null,"customAppPoolIdentityAdminState":null,"customAppPoolIdentityTenantState":null,"runtimeADUser":null,"runtimeADUserPassword":null,"loadBalancing":null,"routingRules":null,"experiments":null,"limits":null,"autoHealEnabled":null,"autoHealRules":null,"tracingOptions":null,"vnetName":null,"vnetRouteAllEnabled":null,"vnetPrivatePortsCount":null,"cors":null,"push":null,"apiDefinition":null,"apiManagementConfig":null,"autoSwapSlotName":null,"localMySqlEnabled":null,"managedServiceIdentityId":null,"xManagedServiceIdentityId":null,"keyVaultReferenceIdentity":null,"ipSecurityRestrictions":null,"scmIpSecurityRestrictions":null,"scmIpSecurityRestrictionsUseMain":null,"http20Enabled":null,"minTlsVersion":null,"scmMinTlsVersion":null,"ftpsState":null,"preWarmedInstanceCount":null,"functionAppScaleLimit":null,"healthCheckPath":null,"fileChangeAuditEnabled":null,"functionsRuntimeScaleMonitoringEnabled":null,"websiteTimeZone":null,"minimumElasticInstanceCount":0},"deploymentId":"cln9106d9e7-97c4-4a8f-beae-c49b4977560a","slotName":null,"trafficManagerHostNames":null,"sku":"Standard","scmSiteAlsoStopped":false,"targetSwapSlot":null,"hostingEnvironment":null,"hostingEnvironmentProfile":null,"clientAffinityEnabled":true,"clientCertEnabled":false,"clientCertMode":"Required","clientCertExclusionPaths":null,"hostNamesDisabled":false,"domainVerificationIdentifiers":null,"customDomainVerificationId":"30E3673979DFB5673924412D39370809E608E2DE4E889BD01C7B80FC38A57EED","kind":"app","inboundIpAddress":"52.240.149.243","possibleInboundIpAddresses":"52.240.149.243","ftpUsername":"cln9106d9e7-97c4-4a8f-beae-c49b4977560a\\$cln9106d9e7-97c4-4a8f-beae-c49b4977560a","ftpsHostName":"ftps://waws-prod-ch1-037.ftp.azurewebsites.windows.net/site/wwwroot","outboundIpAddresses":"52.240.149.243,52.240.148.108,52.240.148.85,52.240.148.25,52.162.220.224","possibleOutboundIpAddresses":"52.240.149.243,52.240.148.108,52.240.148.85,52.240.148.25,52.162.220.224,52.240.148.114,52.240.148.110,52.240.148.107","containerSize":0,"dailyMemoryTimeQuota":0,"suspendedTill":null,"siteDisabledReason":0,"functionExecutionUnitsCache":null,"maxNumberOfWorkers":null,"homeStamp":"waws-prod-ch1-037","cloningInfo":null,"hostingEnvironmentId":null,"tags":{"hidden-related:/subscriptions/00000000-0000-0000-0000-000000000000/resourcegroups/cleanupservice/providers/Microsoft.Web/serverfarms/cln9106d9e7-97c4-4a8f-beae-c49b4977560a":"empty"},"resourceGroup":"cleanupservice","defaultHostName":"cln9106d9e7-97c4-4a8f-beae-c49b4977560a.azurewebsites.net","slotSwapStatus":null,"keyVaultReferenceIdentity":"SystemAssigned","httpsOnly":false,"redundancyMode":"None","inProgressOperationId":null,"geoDistributions":null,"privateEndpointConnections":null,"buildVersion":null,"targetBuildVersion":null,"migrationState":null,"eligibleLogCategories":"AppServiceAppLogs,AppServiceAuditLogs,AppServiceConsoleLogs,AppServiceHTTPLogs,AppServiceIPSecAuditLogs,AppServicePlatformLogs,ScanLogs","storageAccountRequired":false},"identity":{"type":"SystemAssigned","tenantId":"72f988bf-86f1-41af-91ab-2d7cd011db47","principalId":"d5ff1e04-850a-486e-8614-5c9fbaaf4326"}}]}'
    headers:
      cache-control:
      - no-cache
      content-length:
      - '62208'
      content-type:
      - application/json; charset=utf-8
      date:
      - Mon, 29 Mar 2021 21:39:08 GMT
      expires:
      - '-1'
      pragma:
      - no-cache
      strict-transport-security:
      - max-age=31536000; includeSubDomains
      vary:
      - Accept-Encoding
      x-content-type-options:
      - nosniff
      x-ms-original-request-ids:
      - 1f989f26-8faf-4d53-8203-6e8d22706364
      - c4b69039-147b-4425-a065-bb9d543d74c9
      - ddff257c-83a6-4694-aab4-4eb601f75431
      - be97dd18-8c6d-498a-976e-e15838237803
      - c6f0852e-c415-4fcd-b61f-2203bbfa4ca5
      - 3f0f6af0-8273-42c2-a3b9-d6f6a10b4861
      - fc67e670-05dd-498c-9e88-318fc2ca0406
    status:
      code: 200
      message: OK
- request:
    body: null
    headers:
      Accept:
      - application/json
      Accept-Encoding:
      - gzip, deflate
      CommandName:
      - webapp create
      Connection:
      - keep-alive
      Content-Length:
      - '0'
      ParameterSetName:
      - -g -n --plan
      User-Agent:
      - AZURECLI/2.21.0 azsdk-python-azure-mgmt-web/2.0.0 Python/3.8.2 (macOS-10.16-x86_64-i386-64bit)
    method: POST
    uri: https://management.azure.com/subscriptions/00000000-0000-0000-0000-000000000000/resourceGroups/cli_test_webapp_config_appsettings000001/providers/Microsoft.Web/sites/webapp-config-appsettings-test000002/config/appsettings/list?api-version=2020-09-01
  response:
    body:
      string: '{"id":"/subscriptions/00000000-0000-0000-0000-000000000000/resourceGroups/cli_test_webapp_config_appsettings000001/providers/Microsoft.Web/sites/webapp-config-appsettings-test000002/config/appsettings","name":"appsettings","type":"Microsoft.Web/sites/config","location":"Japan
        West","properties":{"WEBSITE_NODE_DEFAULT_VERSION":"10.14.1","s1":"foo","s2":"bar","s3":"bar2"}}'
    headers:
      cache-control:
      - no-cache
      content-length:
      - '412'
      content-type:
      - application/json
      date:
      - Mon, 29 Mar 2021 21:39:08 GMT
      expires:
      - '-1'
      pragma:
      - no-cache
      server:
      - Microsoft-IIS/10.0
      strict-transport-security:
      - max-age=31536000; includeSubDomains
      transfer-encoding:
      - chunked
      vary:
      - Accept-Encoding
      x-aspnet-version:
      - 4.0.30319
      x-content-type-options:
      - nosniff
      x-ms-ratelimit-remaining-subscription-resource-requests:
      - '11999'
      x-powered-by:
      - ASP.NET
    status:
      code: 200
      message: OK
- request:
    body: '{"location": "Japan West", "properties": {"serverFarmId": "/subscriptions/00000000-0000-0000-0000-000000000000/resourceGroups/cli_test_webapp_config_appsettings000001/providers/Microsoft.Web/serverfarms/webapp-config-appsettings-plan000003",
      "reserved": false, "isXenon": false, "hyperV": false, "siteConfig": {"netFrameworkVersion":
      "v4.6", "appSettings": [{"name": "WEBSITE_NODE_DEFAULT_VERSION", "value": "10.14.1"},
      {"name": "s1", "value": "foo"}, {"name": "s2", "value": "bar"}, {"name": "s3",
      "value": "bar2"}], "alwaysOn": true, "localMySqlEnabled": false, "http20Enabled":
      true}, "scmSiteAlsoStopped": false, "httpsOnly": false}}'
    headers:
      Accept:
      - application/json
      Accept-Encoding:
      - gzip, deflate
      CommandName:
      - webapp create
      Connection:
      - keep-alive
      Content-Length:
      - '676'
      Content-Type:
      - application/json
      ParameterSetName:
      - -g -n --plan
      User-Agent:
      - AZURECLI/2.21.0 azsdk-python-azure-mgmt-web/2.0.0 Python/3.8.2 (macOS-10.16-x86_64-i386-64bit)
    method: PUT
    uri: https://management.azure.com/subscriptions/00000000-0000-0000-0000-000000000000/resourceGroups/cli_test_webapp_config_appsettings000001/providers/Microsoft.Web/sites/webapp-config-appsettings-test000002?api-version=2020-09-01
  response:
    body:
      string: '{"id":"/subscriptions/00000000-0000-0000-0000-000000000000/resourceGroups/cli_test_webapp_config_appsettings000001/providers/Microsoft.Web/sites/webapp-config-appsettings-test000002","name":"webapp-config-appsettings-test000002","type":"Microsoft.Web/sites","kind":"app","location":"Japan
        West","properties":{"name":"webapp-config-appsettings-test000002","state":"Running","hostNames":["webapp-config-appsettings-test000002.azurewebsites.net"],"webSpace":"cli_test_webapp_config_appsettings000001-JapanWestwebspace","selfLink":"https://waws-prod-os1-027.api.azurewebsites.windows.net:454/subscriptions/00000000-0000-0000-0000-000000000000/webspaces/cli_test_webapp_config_appsettings000001-JapanWestwebspace/sites/webapp-config-appsettings-test000002","repositorySiteName":"webapp-config-appsettings-test000002","owner":null,"usageState":"Normal","enabled":true,"adminEnabled":true,"enabledHostNames":["webapp-config-appsettings-test000002.azurewebsites.net","webapp-config-appsettings-test000002.scm.azurewebsites.net"],"siteProperties":{"metadata":null,"properties":[{"name":"LinuxFxVersion","value":""},{"name":"WindowsFxVersion","value":null}],"appSettings":null},"availabilityState":"Normal","sslCertificates":null,"csrs":[],"cers":null,"siteMode":null,"hostNameSslStates":[{"name":"webapp-config-appsettings-test000002.azurewebsites.net","sslState":"Disabled","ipBasedSslResult":null,"virtualIP":null,"thumbprint":null,"toUpdate":null,"toUpdateIpBasedSsl":null,"ipBasedSslState":"NotConfigured","hostType":"Standard"},{"name":"webapp-config-appsettings-test000002.scm.azurewebsites.net","sslState":"Disabled","ipBasedSslResult":null,"virtualIP":null,"thumbprint":null,"toUpdate":null,"toUpdateIpBasedSsl":null,"ipBasedSslState":"NotConfigured","hostType":"Repository"}],"computeMode":null,"serverFarm":null,"serverFarmId":"/subscriptions/00000000-0000-0000-0000-000000000000/resourceGroups/cli_test_webapp_config_appsettings000001/providers/Microsoft.Web/serverfarms/webapp-config-appsettings-plan000003","reserved":false,"isXenon":false,"hyperV":false,"lastModifiedTimeUtc":"2021-03-29T21:39:11.8633333","storageRecoveryDefaultState":"Running","contentAvailabilityState":"Normal","runtimeAvailabilityState":"Normal","siteConfig":{"numberOfWorkers":null,"defaultDocuments":null,"netFrameworkVersion":null,"phpVersion":null,"pythonVersion":null,"nodeVersion":null,"powerShellVersion":null,"linuxFxVersion":null,"windowsFxVersion":null,"requestTracingEnabled":null,"remoteDebuggingEnabled":null,"remoteDebuggingVersion":null,"httpLoggingEnabled":null,"azureMonitorLogCategories":null,"acrUseManagedIdentityCreds":false,"acrUserManagedIdentityID":null,"logsDirectorySizeLimit":null,"detailedErrorLoggingEnabled":null,"publishingUsername":null,"publishingPassword":null,"appSettings":null,"azureStorageAccounts":null,"metadata":null,"connectionStrings":null,"machineKey":null,"handlerMappings":null,"documentRoot":null,"scmType":null,"use32BitWorkerProcess":null,"webSocketsEnabled":null,"alwaysOn":null,"javaVersion":null,"javaContainer":null,"javaContainerVersion":null,"appCommandLine":null,"managedPipelineMode":null,"virtualApplications":null,"winAuthAdminState":null,"winAuthTenantState":null,"customAppPoolIdentityAdminState":null,"customAppPoolIdentityTenantState":null,"runtimeADUser":null,"runtimeADUserPassword":null,"loadBalancing":null,"routingRules":null,"experiments":null,"limits":null,"autoHealEnabled":null,"autoHealRules":null,"tracingOptions":null,"vnetName":null,"vnetRouteAllEnabled":null,"vnetPrivatePortsCount":null,"cors":null,"push":null,"apiDefinition":null,"apiManagementConfig":null,"autoSwapSlotName":null,"localMySqlEnabled":null,"managedServiceIdentityId":null,"xManagedServiceIdentityId":null,"keyVaultReferenceIdentity":null,"ipSecurityRestrictions":[{"ipAddress":"Any","action":"Allow","priority":1,"name":"Allow
        all","description":"Allow all access"}],"scmIpSecurityRestrictions":[{"ipAddress":"Any","action":"Allow","priority":1,"name":"Allow
        all","description":"Allow all access"}],"scmIpSecurityRestrictionsUseMain":null,"http20Enabled":null,"minTlsVersion":null,"scmMinTlsVersion":null,"ftpsState":null,"preWarmedInstanceCount":null,"functionAppScaleLimit":null,"healthCheckPath":null,"fileChangeAuditEnabled":null,"functionsRuntimeScaleMonitoringEnabled":null,"websiteTimeZone":null,"minimumElasticInstanceCount":0},"deploymentId":"webapp-config-appsettings-test000002","slotName":null,"trafficManagerHostNames":null,"sku":"Standard","scmSiteAlsoStopped":false,"targetSwapSlot":null,"hostingEnvironment":null,"hostingEnvironmentProfile":null,"clientAffinityEnabled":true,"clientCertEnabled":false,"clientCertMode":"Required","clientCertExclusionPaths":null,"hostNamesDisabled":false,"domainVerificationIdentifiers":null,"customDomainVerificationId":"30E3673979DFB5673924412D39370809E608E2DE4E889BD01C7B80FC38A57EED","kind":"app","inboundIpAddress":"40.74.100.137","possibleInboundIpAddresses":"40.74.100.137","ftpUsername":"webapp-config-appsettings-test000002\\$webapp-config-appsettings-test000002","ftpsHostName":"ftps://waws-prod-os1-027.ftp.azurewebsites.windows.net/site/wwwroot","outboundIpAddresses":"40.74.90.160,40.74.94.222,40.74.113.39,40.74.95.132,40.74.113.204,40.74.75.201,40.74.100.137","possibleOutboundIpAddresses":"40.74.90.160,40.74.94.222,40.74.113.39,40.74.95.132,40.74.113.204,40.74.75.201,40.74.112.41,40.74.113.1,40.74.65.7,40.74.76.184,40.74.79.7,40.74.67.13,40.74.81.157,40.74.86.212,40.74.86.30,40.74.81.231,40.74.80.113,40.74.80.110,40.74.100.137","containerSize":0,"dailyMemoryTimeQuota":0,"suspendedTill":null,"siteDisabledReason":0,"functionExecutionUnitsCache":null,"maxNumberOfWorkers":null,"homeStamp":"waws-prod-os1-027","cloningInfo":null,"hostingEnvironmentId":null,"tags":null,"resourceGroup":"cli_test_webapp_config_appsettings000001","defaultHostName":"webapp-config-appsettings-test000002.azurewebsites.net","slotSwapStatus":null,"keyVaultReferenceIdentity":"SystemAssigned","httpsOnly":false,"redundancyMode":"None","inProgressOperationId":null,"geoDistributions":null,"privateEndpointConnections":null,"buildVersion":null,"targetBuildVersion":null,"migrationState":null,"eligibleLogCategories":"AppServiceAppLogs,AppServiceAuditLogs,AppServiceConsoleLogs,AppServiceHTTPLogs,AppServiceIPSecAuditLogs,AppServicePlatformLogs,ScanLogs","storageAccountRequired":false}}'
    headers:
      cache-control:
      - no-cache
      content-length:
      - '6586'
      content-type:
      - application/json
      date:
      - Mon, 29 Mar 2021 21:39:18 GMT
      etag:
      - '"1D724E3EF903320"'
      expires:
      - '-1'
      pragma:
      - no-cache
      server:
      - Microsoft-IIS/10.0
      strict-transport-security:
      - max-age=31536000; includeSubDomains
      transfer-encoding:
      - chunked
      vary:
      - Accept-Encoding
      x-aspnet-version:
      - 4.0.30319
      x-content-type-options:
      - nosniff
      x-ms-ratelimit-remaining-subscription-resource-requests:
      - '499'
      x-powered-by:
      - ASP.NET
    status:
      code: 200
      message: OK
- request:
    body: '{"format": "WebDeploy"}'
    headers:
      Accept:
      - application/xml
      Accept-Encoding:
      - gzip, deflate
      CommandName:
      - webapp create
      Connection:
      - keep-alive
      Content-Length:
      - '23'
      Content-Type:
      - application/json
      ParameterSetName:
      - -g -n --plan
      User-Agent:
      - AZURECLI/2.21.0 azsdk-python-azure-mgmt-web/2.0.0 Python/3.8.2 (macOS-10.16-x86_64-i386-64bit)
    method: POST
    uri: https://management.azure.com/subscriptions/00000000-0000-0000-0000-000000000000/resourceGroups/cli_test_webapp_config_appsettings000001/providers/Microsoft.Web/sites/webapp-config-appsettings-test000002/publishxml?api-version=2020-09-01
  response:
    body:
      string: <publishData><publishProfile profileName="webapp-config-appsettings-test000002
        - Web Deploy" publishMethod="MSDeploy" publishUrl="webapp-config-appsettings-test000002.scm.azurewebsites.net:443"
        msdeploySite="webapp-config-appsettings-test000002" userName="$webapp-config-appsettings-test000002"
        userPWD="qblSKGZlicQQ8SWP6AfKbcHKNfnmiwrSW3eqGzZeqlM062i1w9icm3TeWbGg" destinationAppUrl="http://webapp-config-appsettings-test000002.azurewebsites.net"
        SQLServerDBConnectionString="" mySQLDBConnectionString="" hostingProviderForumLink=""
        controlPanelLink="http://windows.azure.com" webSystem="WebSites"><databases
        /></publishProfile><publishProfile profileName="webapp-config-appsettings-test000002
        - FTP" publishMethod="FTP" publishUrl="ftp://waws-prod-os1-027.ftp.azurewebsites.windows.net/site/wwwroot"
        ftpPassiveMode="True" userName="webapp-config-appsettings-test000002\$webapp-config-appsettings-test000002"
        userPWD="qblSKGZlicQQ8SWP6AfKbcHKNfnmiwrSW3eqGzZeqlM062i1w9icm3TeWbGg" destinationAppUrl="http://webapp-config-appsettings-test000002.azurewebsites.net"
        SQLServerDBConnectionString="" mySQLDBConnectionString="" hostingProviderForumLink=""
        controlPanelLink="http://windows.azure.com" webSystem="WebSites"><databases
        /></publishProfile><publishProfile profileName="webapp-config-appsettings-test000002
        - Zip Deploy" publishMethod="ZipDeploy" publishUrl="webapp-config-appsettings-test000002.scm.azurewebsites.net:443"
        userName="$webapp-config-appsettings-test000002" userPWD="qblSKGZlicQQ8SWP6AfKbcHKNfnmiwrSW3eqGzZeqlM062i1w9icm3TeWbGg"
        destinationAppUrl="http://webapp-config-appsettings-test000002.azurewebsites.net"
        SQLServerDBConnectionString="" mySQLDBConnectionString="" hostingProviderForumLink=""
        controlPanelLink="http://windows.azure.com" webSystem="WebSites"><databases
        /></publishProfile></publishData>
    headers:
      cache-control:
      - no-cache
      content-length:
      - '1875'
      content-type:
      - application/xml
      date:
      - Mon, 29 Mar 2021 21:39:19 GMT
      expires:
      - '-1'
      pragma:
      - no-cache
      server:
      - Microsoft-IIS/10.0
      strict-transport-security:
      - max-age=31536000; includeSubDomains
      x-aspnet-version:
      - 4.0.30319
      x-content-type-options:
      - nosniff
      x-ms-ratelimit-remaining-subscription-resource-requests:
      - '11999'
      x-powered-by:
      - ASP.NET
    status:
      code: 200
      message: OK
- request:
    body: null
    headers:
      Accept:
      - application/json
      Accept-Encoding:
      - gzip, deflate
      CommandName:
      - webapp config appsettings list
      Connection:
      - keep-alive
      Content-Length:
      - '0'
      ParameterSetName:
      - -g -n
      User-Agent:
      - AZURECLI/2.21.0 azsdk-python-azure-mgmt-web/2.0.0 Python/3.8.2 (macOS-10.16-x86_64-i386-64bit)
    method: POST
    uri: https://management.azure.com/subscriptions/00000000-0000-0000-0000-000000000000/resourceGroups/cli_test_webapp_config_appsettings000001/providers/Microsoft.Web/sites/webapp-config-appsettings-test000002/config/appsettings/list?api-version=2020-09-01
  response:
    body:
      string: '{"id":"/subscriptions/00000000-0000-0000-0000-000000000000/resourceGroups/cli_test_webapp_config_appsettings000001/providers/Microsoft.Web/sites/webapp-config-appsettings-test000002/config/appsettings","name":"appsettings","type":"Microsoft.Web/sites/config","location":"Japan
        West","properties":{"WEBSITE_NODE_DEFAULT_VERSION":"10.14.1","s1":"foo","s2":"bar","s3":"bar2"}}'
    headers:
      cache-control:
      - no-cache
      content-length:
      - '412'
      content-type:
      - application/json
      date:
      - Mon, 29 Mar 2021 21:39:20 GMT
      expires:
      - '-1'
      pragma:
      - no-cache
      server:
      - Microsoft-IIS/10.0
      strict-transport-security:
      - max-age=31536000; includeSubDomains
      transfer-encoding:
      - chunked
      vary:
      - Accept-Encoding
      x-aspnet-version:
      - 4.0.30319
      x-content-type-options:
      - nosniff
      x-ms-ratelimit-remaining-subscription-resource-requests:
      - '11999'
      x-powered-by:
      - ASP.NET
    status:
      code: 200
      message: OK
- request:
    body: null
    headers:
      Accept:
      - application/json
      Accept-Encoding:
      - gzip, deflate
      CommandName:
      - webapp config appsettings list
      Connection:
      - keep-alive
      ParameterSetName:
      - -g -n
      User-Agent:
      - AZURECLI/2.21.0 azsdk-python-azure-mgmt-web/2.0.0 Python/3.8.2 (macOS-10.16-x86_64-i386-64bit)
    method: GET
    uri: https://management.azure.com/subscriptions/00000000-0000-0000-0000-000000000000/resourceGroups/cli_test_webapp_config_appsettings000001/providers/Microsoft.Web/sites/webapp-config-appsettings-test000002/config/slotConfigNames?api-version=2020-09-01
  response:
    body:
      string: '{"id":null,"name":"webapp-config-appsettings-test000002","type":"Microsoft.Web/sites","location":"Japan
        West","properties":{"connectionStringNames":null,"appSettingNames":null,"azureStorageConfigNames":null}}'
    headers:
      cache-control:
      - no-cache
      content-length:
      - '212'
      content-type:
      - application/json
      date:
      - Mon, 29 Mar 2021 21:39:21 GMT
      expires:
      - '-1'
      pragma:
      - no-cache
      server:
      - Microsoft-IIS/10.0
      strict-transport-security:
      - max-age=31536000; includeSubDomains
      transfer-encoding:
      - chunked
      vary:
      - Accept-Encoding
      x-aspnet-version:
      - 4.0.30319
      x-content-type-options:
      - nosniff
      x-powered-by:
      - ASP.NET
    status:
      code: 200
      message: OK
version: 1
