interactions:
- request:
    body: null
    headers:
      Accept:
      - application/json
      Accept-Encoding:
      - gzip, deflate
      CommandName:
      - appservice plan create
      Connection:
      - keep-alive
      ParameterSetName:
      - -g -n --is-linux --sku
      User-Agent:
      - python/3.8.6 (Windows-10-10.0.19041-SP0) msrest/0.6.18 msrest_azure/0.6.3
        azure-mgmt-resource/12.0.0 Azure-SDK-For-Python AZURECLI/2.16.0
      accept-language:
      - en-US
    method: GET
    uri: https://management.azure.com/subscriptions/00000000-0000-0000-0000-000000000000/resourcegroups/clitest.rg000001?api-version=2020-10-01
  response:
    body:
      string: '{"id":"/subscriptions/00000000-0000-0000-0000-000000000000/resourceGroups/clitest.rg000001","name":"clitest.rg000001","type":"Microsoft.Resources/resourceGroups","location":"eastus2","tags":{"product":"azurecli","cause":"automation","date":"2020-12-18T07:08:40Z"},"properties":{"provisioningState":"Succeeded"}}'
    headers:
      cache-control:
      - no-cache
      content-length:
      - '429'
      content-type:
      - application/json; charset=utf-8
      date:
      - Fri, 18 Dec 2020 07:08:42 GMT
      expires:
      - '-1'
      pragma:
      - no-cache
      strict-transport-security:
      - max-age=31536000; includeSubDomains
      vary:
      - Accept-Encoding
      x-content-type-options:
      - nosniff
    status:
      code: 200
      message: OK
- request:
    body: '{"name": "plan-linux-multi000003", "type": "Microsoft.Web/serverfarms",
      "location": "eastus2", "properties": {"skuName": "S1", "needLinuxWorkers": true,
      "capacity": 1}}'
    headers:
      Accept:
      - application/json
      Accept-Encoding:
      - gzip, deflate
      CommandName:
      - appservice plan create
      Connection:
      - keep-alive
      Content-Length:
      - '170'
      Content-Type:
      - application/json; charset=utf-8
      ParameterSetName:
      - -g -n --is-linux --sku
      User-Agent:
      - python/3.8.6 (Windows-10-10.0.19041-SP0) msrest/0.6.18 msrest_azure/0.6.3
        azure-mgmt-web/0.48.0 Azure-SDK-For-Python AZURECLI/2.16.0
      accept-language:
      - en-US
    method: POST
    uri: https://management.azure.com/subscriptions/00000000-0000-0000-0000-000000000000/resourceGroups/clitest.rg000001/providers/Microsoft.Web/validate?api-version=2019-08-01
  response:
    body:
      string: '{"status":"Success","error":null}'
    headers:
      cache-control:
      - no-cache
      content-length:
      - '33'
      content-type:
      - application/json
      date:
      - Fri, 18 Dec 2020 07:08:43 GMT
      expires:
      - '-1'
      pragma:
      - no-cache
      server:
      - Microsoft-IIS/10.0
      strict-transport-security:
      - max-age=31536000; includeSubDomains
      transfer-encoding:
      - chunked
      vary:
      - Accept-Encoding
      x-aspnet-version:
      - 4.0.30319
      x-content-type-options:
      - nosniff
      x-ms-ratelimit-remaining-subscription-writes:
      - '1198'
      x-powered-by:
      - ASP.NET
    status:
      code: 200
      message: OK
- request:
    body: null
    headers:
      Accept:
      - application/json
      Accept-Encoding:
      - gzip, deflate
      CommandName:
      - appservice plan create
      Connection:
      - keep-alive
      ParameterSetName:
      - -g -n --is-linux --sku
      User-Agent:
      - python/3.8.6 (Windows-10-10.0.19041-SP0) msrest/0.6.18 msrest_azure/0.6.3
        azure-mgmt-resource/12.0.0 Azure-SDK-For-Python AZURECLI/2.16.0
      accept-language:
      - en-US
    method: GET
    uri: https://management.azure.com/subscriptions/00000000-0000-0000-0000-000000000000/resourcegroups/clitest.rg000001?api-version=2020-10-01
  response:
    body:
      string: '{"id":"/subscriptions/00000000-0000-0000-0000-000000000000/resourceGroups/clitest.rg000001","name":"clitest.rg000001","type":"Microsoft.Resources/resourceGroups","location":"eastus2","tags":{"product":"azurecli","cause":"automation","date":"2020-12-18T07:08:40Z"},"properties":{"provisioningState":"Succeeded"}}'
    headers:
      cache-control:
      - no-cache
      content-length:
      - '429'
      content-type:
      - application/json; charset=utf-8
      date:
      - Fri, 18 Dec 2020 07:08:43 GMT
      expires:
      - '-1'
      pragma:
      - no-cache
      strict-transport-security:
      - max-age=31536000; includeSubDomains
      vary:
      - Accept-Encoding
      x-content-type-options:
      - nosniff
    status:
      code: 200
      message: OK
- request:
    body: '{"location": "eastus2", "properties": {"perSiteScaling": false, "reserved":
      true, "isXenon": false}, "sku": {"name": "S1", "tier": "STANDARD", "capacity":
      1}}'
    headers:
      Accept:
      - application/json
      Accept-Encoding:
      - gzip, deflate
      CommandName:
      - appservice plan create
      Connection:
      - keep-alive
      Content-Length:
      - '158'
      Content-Type:
      - application/json; charset=utf-8
      ParameterSetName:
      - -g -n --is-linux --sku
      User-Agent:
      - python/3.8.6 (Windows-10-10.0.19041-SP0) msrest/0.6.18 msrest_azure/0.6.3
        azure-mgmt-web/0.48.0 Azure-SDK-For-Python AZURECLI/2.16.0
      accept-language:
      - en-US
    method: PUT
    uri: https://management.azure.com/subscriptions/00000000-0000-0000-0000-000000000000/resourceGroups/clitest.rg000001/providers/Microsoft.Web/serverfarms/plan-linux-multi000003?api-version=2019-08-01
  response:
    body:
      string: '{"id":"/subscriptions/00000000-0000-0000-0000-000000000000/resourceGroups/clitest.rg000001/providers/Microsoft.Web/serverfarms/plan-linux-multi000003","name":"plan-linux-multi000003","type":"Microsoft.Web/serverfarms","kind":"linux","location":"East
        US 2","properties":{"serverFarmId":15926,"name":"plan-linux-multi000003","workerSize":"Default","workerSizeId":0,"workerTierName":null,"numberOfWorkers":1,"currentWorkerSize":"Default","currentWorkerSizeId":0,"currentNumberOfWorkers":1,"status":"Ready","webSpace":"clitest.rg000001-EastUS2webspace","subscription":"a1bfa635-f2bf-42f1-86b5-848c674fc321","adminSiteName":null,"hostingEnvironment":null,"hostingEnvironmentProfile":null,"maximumNumberOfWorkers":10,"planName":"VirtualDedicatedPlan","adminRuntimeSiteName":null,"computeMode":"Dedicated","siteMode":null,"geoRegion":"East
        US 2","perSiteScaling":false,"maximumElasticWorkerCount":1,"numberOfSites":0,"hostingEnvironmentId":null,"isSpot":false,"spotExpirationTime":null,"freeOfferExpirationTime":null,"tags":null,"kind":"linux","resourceGroup":"clitest.rg000001","reserved":true,"isXenon":false,"hyperV":false,"mdmId":"waws-prod-bn1-041_15926","targetWorkerCount":0,"targetWorkerSizeId":0,"provisioningState":"Succeeded","webSiteId":null,"existingServerFarmIds":null,"azBalancing":false},"sku":{"name":"S1","tier":"Standard","size":"S1","family":"S","capacity":1}}'
    headers:
      cache-control:
      - no-cache
      content-length:
      - '1556'
      content-type:
      - application/json
      date:
      - Fri, 18 Dec 2020 07:08:55 GMT
      expires:
      - '-1'
      pragma:
      - no-cache
      server:
      - Microsoft-IIS/10.0
      strict-transport-security:
      - max-age=31536000; includeSubDomains
      transfer-encoding:
      - chunked
      vary:
      - Accept-Encoding
      x-aspnet-version:
      - 4.0.30319
      x-content-type-options:
      - nosniff
      x-ms-ratelimit-remaining-subscription-writes:
      - '1196'
      x-powered-by:
      - ASP.NET
    status:
      code: 200
      message: OK
- request:
    body: null
    headers:
      Accept:
      - application/json
      Accept-Encoding:
      - gzip, deflate
      CommandName:
      - webapp create
      Connection:
      - keep-alive
      ParameterSetName:
      - -g -n --plan --multicontainer-config-file --multicontainer-config-type
      User-Agent:
      - python/3.8.6 (Windows-10-10.0.19041-SP0) msrest/0.6.18 msrest_azure/0.6.3
        azure-mgmt-web/0.48.0 Azure-SDK-For-Python AZURECLI/2.16.0
      accept-language:
      - en-US
    method: GET
    uri: https://management.azure.com/subscriptions/00000000-0000-0000-0000-000000000000/resourceGroups/clitest.rg000001/providers/Microsoft.Web/serverfarms/plan-linux-multi000003?api-version=2019-08-01
  response:
    body:
      string: '{"id":"/subscriptions/00000000-0000-0000-0000-000000000000/resourceGroups/clitest.rg000001/providers/Microsoft.Web/serverfarms/plan-linux-multi000003","name":"plan-linux-multi000003","type":"Microsoft.Web/serverfarms","kind":"linux","location":"East
        US 2","properties":{"serverFarmId":15926,"name":"plan-linux-multi000003","workerSize":"Default","workerSizeId":0,"workerTierName":null,"numberOfWorkers":1,"currentWorkerSize":"Default","currentWorkerSizeId":0,"currentNumberOfWorkers":1,"status":"Ready","webSpace":"clitest.rg000001-EastUS2webspace","subscription":"a1bfa635-f2bf-42f1-86b5-848c674fc321","adminSiteName":null,"hostingEnvironment":null,"hostingEnvironmentProfile":null,"maximumNumberOfWorkers":10,"planName":"VirtualDedicatedPlan","adminRuntimeSiteName":null,"computeMode":"Dedicated","siteMode":null,"geoRegion":"East
        US 2","perSiteScaling":false,"maximumElasticWorkerCount":1,"numberOfSites":0,"hostingEnvironmentId":null,"isSpot":false,"spotExpirationTime":null,"freeOfferExpirationTime":null,"tags":null,"kind":"linux","resourceGroup":"clitest.rg000001","reserved":true,"isXenon":false,"hyperV":false,"mdmId":"waws-prod-bn1-041_15926","targetWorkerCount":0,"targetWorkerSizeId":0,"provisioningState":"Succeeded","webSiteId":null,"existingServerFarmIds":null,"azBalancing":false},"sku":{"name":"S1","tier":"Standard","size":"S1","family":"S","capacity":1}}'
    headers:
      cache-control:
      - no-cache
      content-length:
      - '1556'
      content-type:
      - application/json
      date:
      - Fri, 18 Dec 2020 07:08:56 GMT
      expires:
      - '-1'
      pragma:
      - no-cache
      server:
      - Microsoft-IIS/10.0
      strict-transport-security:
      - max-age=31536000; includeSubDomains
      transfer-encoding:
      - chunked
      vary:
      - Accept-Encoding
      x-aspnet-version:
      - 4.0.30319
      x-content-type-options:
      - nosniff
      x-powered-by:
      - ASP.NET
    status:
      code: 200
      message: OK
- request:
    body: '{"name": "webapp-linux-multi000002", "type": "Microsoft.Web/sites", "location":
      "East US 2", "properties": {"serverFarmId": "/subscriptions/00000000-0000-0000-0000-000000000000/resourceGroups/clitest.rg000001/providers/Microsoft.Web/serverfarms/plan-linux-multi000003"}}'
    headers:
      Accept:
      - application/json
      Accept-Encoding:
      - gzip, deflate
      CommandName:
      - webapp create
      Connection:
      - keep-alive
      Content-Length:
      - '331'
      Content-Type:
      - application/json; charset=utf-8
      ParameterSetName:
      - -g -n --plan --multicontainer-config-file --multicontainer-config-type
      User-Agent:
      - python/3.8.6 (Windows-10-10.0.19041-SP0) msrest/0.6.18 msrest_azure/0.6.3
        azure-mgmt-web/0.48.0 Azure-SDK-For-Python AZURECLI/2.16.0
      accept-language:
      - en-US
    method: POST
    uri: https://management.azure.com/subscriptions/00000000-0000-0000-0000-000000000000/resourceGroups/clitest.rg000001/providers/Microsoft.Web/validate?api-version=2019-08-01
  response:
    body:
      string: '{"status":"Success","error":null}'
    headers:
      cache-control:
      - no-cache
      content-length:
      - '33'
      content-type:
      - application/json
      date:
      - Fri, 18 Dec 2020 07:08:56 GMT
      expires:
      - '-1'
      pragma:
      - no-cache
      server:
      - Microsoft-IIS/10.0
      strict-transport-security:
      - max-age=31536000; includeSubDomains
      transfer-encoding:
      - chunked
      vary:
      - Accept-Encoding
      x-aspnet-version:
      - 4.0.30319
      x-content-type-options:
      - nosniff
      x-ms-ratelimit-remaining-subscription-writes:
      - '1199'
      x-powered-by:
      - ASP.NET
    status:
      code: 200
      message: OK
- request:
    body: null
    headers:
      Accept:
      - application/json
      Accept-Encoding:
      - gzip, deflate
      CommandName:
      - webapp create
      Connection:
      - keep-alive
      ParameterSetName:
      - -g -n --plan --multicontainer-config-file --multicontainer-config-type
      User-Agent:
      - python/3.8.6 (Windows-10-10.0.19041-SP0) msrest/0.6.18 msrest_azure/0.6.3
        azure-mgmt-web/0.48.0 Azure-SDK-For-Python AZURECLI/2.16.0
      accept-language:
      - en-US
    method: GET
    uri: https://management.azure.com/subscriptions/00000000-0000-0000-0000-000000000000/resourceGroups/clitest.rg000001/providers/Microsoft.Web/serverfarms/plan-linux-multi000003?api-version=2019-08-01
  response:
    body:
      string: '{"id":"/subscriptions/00000000-0000-0000-0000-000000000000/resourceGroups/clitest.rg000001/providers/Microsoft.Web/serverfarms/plan-linux-multi000003","name":"plan-linux-multi000003","type":"Microsoft.Web/serverfarms","kind":"linux","location":"East
        US 2","properties":{"serverFarmId":15926,"name":"plan-linux-multi000003","workerSize":"Default","workerSizeId":0,"workerTierName":null,"numberOfWorkers":1,"currentWorkerSize":"Default","currentWorkerSizeId":0,"currentNumberOfWorkers":1,"status":"Ready","webSpace":"clitest.rg000001-EastUS2webspace","subscription":"a1bfa635-f2bf-42f1-86b5-848c674fc321","adminSiteName":null,"hostingEnvironment":null,"hostingEnvironmentProfile":null,"maximumNumberOfWorkers":10,"planName":"VirtualDedicatedPlan","adminRuntimeSiteName":null,"computeMode":"Dedicated","siteMode":null,"geoRegion":"East
        US 2","perSiteScaling":false,"maximumElasticWorkerCount":1,"numberOfSites":0,"hostingEnvironmentId":null,"isSpot":false,"spotExpirationTime":null,"freeOfferExpirationTime":null,"tags":null,"kind":"linux","resourceGroup":"clitest.rg000001","reserved":true,"isXenon":false,"hyperV":false,"mdmId":"waws-prod-bn1-041_15926","targetWorkerCount":0,"targetWorkerSizeId":0,"provisioningState":"Succeeded","webSiteId":null,"existingServerFarmIds":null,"azBalancing":false},"sku":{"name":"S1","tier":"Standard","size":"S1","family":"S","capacity":1}}'
    headers:
      cache-control:
      - no-cache
      content-length:
      - '1556'
      content-type:
      - application/json
      date:
      - Fri, 18 Dec 2020 07:08:56 GMT
      expires:
      - '-1'
      pragma:
      - no-cache
      server:
      - Microsoft-IIS/10.0
      strict-transport-security:
      - max-age=31536000; includeSubDomains
      transfer-encoding:
      - chunked
      vary:
      - Accept-Encoding
      x-aspnet-version:
      - 4.0.30319
      x-content-type-options:
      - nosniff
      x-powered-by:
      - ASP.NET
    status:
      code: 200
      message: OK
- request:
    body: '{"name": "webapp-linux-multi000002", "type": "Site"}'
    headers:
      Accept:
      - application/json
      Accept-Encoding:
      - gzip, deflate
      CommandName:
      - webapp create
      Connection:
      - keep-alive
      Content-Length:
      - '52'
      Content-Type:
      - application/json; charset=utf-8
      ParameterSetName:
      - -g -n --plan --multicontainer-config-file --multicontainer-config-type
      User-Agent:
      - python/3.8.6 (Windows-10-10.0.19041-SP0) msrest/0.6.18 msrest_azure/0.6.3
        azure-mgmt-web/0.48.0 Azure-SDK-For-Python AZURECLI/2.16.0
      accept-language:
      - en-US
    method: POST
    uri: https://management.azure.com/subscriptions/00000000-0000-0000-0000-000000000000/providers/Microsoft.Web/checknameavailability?api-version=2019-08-01
  response:
    body:
      string: '{"nameAvailable":true,"reason":"","message":""}'
    headers:
      cache-control:
      - no-cache
      content-length:
      - '47'
      content-type:
      - application/json
      date:
      - Fri, 18 Dec 2020 07:08:57 GMT
      expires:
      - '-1'
      pragma:
      - no-cache
      server:
      - Microsoft-IIS/10.0
      strict-transport-security:
      - max-age=31536000; includeSubDomains
      transfer-encoding:
      - chunked
      vary:
      - Accept-Encoding
      x-aspnet-version:
      - 4.0.30319
      x-content-type-options:
      - nosniff
      x-powered-by:
      - ASP.NET
    status:
      code: 200
      message: OK
- request:
    body: '{"location": "East US 2", "properties": {"serverFarmId": "/subscriptions/00000000-0000-0000-0000-000000000000/resourceGroups/clitest.rg000001/providers/Microsoft.Web/serverfarms/plan-linux-multi000003",
      "reserved": false, "isXenon": false, "hyperV": false, "siteConfig": {"netFrameworkVersion":
      "v4.6", "linuxFxVersion": "COMPOSE|dmVyc2lvbjogJzMnDQpzZXJ2aWNlczoNCiAgd2ViOg0KICAgIGltYWdlOiAicGF0bGUvcHl0aG9uX2FwcDoxLjAiDQogICAgcG9ydHM6DQogICAgIC0gIjUwMDA6NTAwMCINCiAgcmVkaXM6DQogICAgaW1hZ2U6ICJyZWRpczphbHBpbmUiDQo=",
      "appSettings": [], "alwaysOn": true, "localMySqlEnabled": false, "http20Enabled":
      true}, "scmSiteAlsoStopped": false, "httpsOnly": false}}'
    headers:
      Accept:
      - application/json
      Accept-Encoding:
      - gzip, deflate
      CommandName:
      - webapp create
      Connection:
      - keep-alive
      Content-Length:
      - '716'
      Content-Type:
      - application/json; charset=utf-8
      ParameterSetName:
      - -g -n --plan --multicontainer-config-file --multicontainer-config-type
      User-Agent:
      - python/3.8.6 (Windows-10-10.0.19041-SP0) msrest/0.6.18 msrest_azure/0.6.3
        azure-mgmt-web/0.48.0 Azure-SDK-For-Python AZURECLI/2.16.0
      accept-language:
      - en-US
    method: PUT
    uri: https://management.azure.com/subscriptions/00000000-0000-0000-0000-000000000000/resourceGroups/clitest.rg000001/providers/Microsoft.Web/sites/webapp-linux-multi000002?api-version=2019-08-01
  response:
    body:
      string: '{"id":"/subscriptions/00000000-0000-0000-0000-000000000000/resourceGroups/clitest.rg000001/providers/Microsoft.Web/sites/webapp-linux-multi000002","name":"webapp-linux-multi000002","type":"Microsoft.Web/sites","kind":"app,linux,container","location":"East
        US 2","properties":{"name":"webapp-linux-multi000002","state":"Running","hostNames":["webapp-linux-multi000002.azurewebsites.net"],"webSpace":"clitest.rg000001-EastUS2webspace","selfLink":"https://waws-prod-bn1-041.api.azurewebsites.windows.net:454/subscriptions/00000000-0000-0000-0000-000000000000/webspaces/clitest.rg000001-EastUS2webspace/sites/webapp-linux-multi000002","repositorySiteName":"webapp-linux-multi000002","owner":null,"usageState":"Normal","enabled":true,"adminEnabled":true,"enabledHostNames":["webapp-linux-multi000002.azurewebsites.net","webapp-linux-multi000002.scm.azurewebsites.net"],"siteProperties":{"metadata":null,"properties":[{"name":"LinuxFxVersion","value":"COMPOSE|dmVyc2lvbjogJzMnDQpzZXJ2aWNlczoNCiAgd2ViOg0KICAgIGltYWdlOiAicGF0bGUvcHl0aG9uX2FwcDoxLjAiDQogICAgcG9ydHM6DQogICAgIC0gIjUwMDA6NTAwMCINCiAgcmVkaXM6DQogICAgaW1hZ2U6ICJyZWRpczphbHBpbmUiDQo="},{"name":"WindowsFxVersion","value":null}],"appSettings":null},"availabilityState":"Normal","sslCertificates":null,"csrs":[],"cers":null,"siteMode":null,"hostNameSslStates":[{"name":"webapp-linux-multi000002.azurewebsites.net","sslState":"Disabled","ipBasedSslResult":null,"virtualIP":null,"thumbprint":null,"toUpdate":null,"toUpdateIpBasedSsl":null,"ipBasedSslState":"NotConfigured","hostType":"Standard"},{"name":"webapp-linux-multi000002.scm.azurewebsites.net","sslState":"Disabled","ipBasedSslResult":null,"virtualIP":null,"thumbprint":null,"toUpdate":null,"toUpdateIpBasedSsl":null,"ipBasedSslState":"NotConfigured","hostType":"Repository"}],"computeMode":null,"serverFarm":null,"serverFarmId":"/subscriptions/00000000-0000-0000-0000-000000000000/resourceGroups/clitest.rg000001/providers/Microsoft.Web/serverfarms/plan-linux-multi000003","reserved":true,"isXenon":false,"hyperV":false,"lastModifiedTimeUtc":"2020-12-18T07:09:00.3966667","storageRecoveryDefaultState":"Running","contentAvailabilityState":"Normal","runtimeAvailabilityState":"Normal","siteConfig":{"numberOfWorkers":null,"defaultDocuments":null,"netFrameworkVersion":null,"phpVersion":null,"pythonVersion":null,"nodeVersion":null,"powerShellVersion":null,"linuxFxVersion":null,"windowsFxVersion":null,"requestTracingEnabled":null,"remoteDebuggingEnabled":null,"remoteDebuggingVersion":null,"httpLoggingEnabled":null,"azureMonitorLogCategories":null,"acrUseManagedIdentityCreds":false,"acrUserManagedIdentityID":null,"logsDirectorySizeLimit":null,"detailedErrorLoggingEnabled":null,"publishingUsername":null,"publishingPassword":null,"appSettings":null,"azureStorageAccounts":null,"metadata":null,"connectionStrings":null,"machineKey":null,"handlerMappings":null,"documentRoot":null,"scmType":null,"use32BitWorkerProcess":null,"webSocketsEnabled":null,"alwaysOn":null,"javaVersion":null,"javaContainer":null,"javaContainerVersion":null,"appCommandLine":null,"managedPipelineMode":null,"virtualApplications":null,"winAuthAdminState":null,"winAuthTenantState":null,"customAppPoolIdentityAdminState":null,"customAppPoolIdentityTenantState":null,"runtimeADUser":null,"runtimeADUserPassword":null,"loadBalancing":null,"routingRules":null,"experiments":null,"limits":null,"autoHealEnabled":null,"autoHealRules":null,"tracingOptions":null,"vnetName":null,"vnetRouteAllEnabled":null,"vnetPrivatePortsCount":null,"cors":null,"push":null,"apiDefinition":null,"apiManagementConfig":null,"autoSwapSlotName":null,"localMySqlEnabled":null,"managedServiceIdentityId":null,"xManagedServiceIdentityId":null,"ipSecurityRestrictions":[{"ipAddress":"Any","action":"Allow","priority":1,"name":"Allow
        all","description":"Allow all access"}],"scmIpSecurityRestrictions":[{"ipAddress":"Any","action":"Allow","priority":1,"name":"Allow
        all","description":"Allow all access"}],"scmIpSecurityRestrictionsUseMain":null,"http20Enabled":null,"minTlsVersion":null,"scmMinTlsVersion":null,"ftpsState":null,"preWarmedInstanceCount":null,"functionAppScaleLimit":null,"healthCheckPath":null,"fileChangeAuditEnabled":null,"functionsRuntimeScaleMonitoringEnabled":null,"websiteTimeZone":null,"minimumElasticInstanceCount":0},"deploymentId":"webapp-linux-multi000002","trafficManagerHostNames":null,"sku":"Standard","scmSiteAlsoStopped":false,"targetSwapSlot":null,"hostingEnvironment":null,"hostingEnvironmentProfile":null,"clientAffinityEnabled":true,"clientCertEnabled":false,"clientCertMode":"Required","clientCertExclusionPaths":null,"hostNamesDisabled":false,"domainVerificationIdentifiers":null,"customDomainVerificationId":"791C12A9B7564BDD83C23CEF5EA8E002242DB1A65862E04568A4C936DEA5A769","kind":"app,linux,container","inboundIpAddress":"137.116.88.213","possibleInboundIpAddresses":"137.116.88.213","ftpUsername":"webapp-linux-multi000002\\$webapp-linux-multi000002","ftpsHostName":"ftps://waws-prod-bn1-041.ftp.azurewebsites.windows.net/site/wwwroot","outboundIpAddresses":"137.116.88.213,23.101.144.218,40.79.73.27,104.46.110.22,104.46.111.105","possibleOutboundIpAddresses":"137.116.88.213,23.101.144.218,40.79.73.27,104.46.110.22,104.46.111.105,23.101.158.48,40.79.79.209,40.79.74.47","containerSize":0,"dailyMemoryTimeQuota":0,"suspendedTill":null,"siteDisabledReason":0,"functionExecutionUnitsCache":null,"maxNumberOfWorkers":null,"homeStamp":"waws-prod-bn1-041","cloningInfo":null,"hostingEnvironmentId":null,"tags":null,"resourceGroup":"clitest.rg000001","defaultHostName":"webapp-linux-multi000002.azurewebsites.net","slotSwapStatus":null,"httpsOnly":false,"redundancyMode":"None","inProgressOperationId":null,"geoDistributions":null,"privateEndpointConnections":null,"buildVersion":null,"targetBuildVersion":null,"migrationState":null}}'
    headers:
      cache-control:
      - no-cache
      content-length:
      - '6125'
      content-type:
      - application/json
      date:
      - Fri, 18 Dec 2020 07:09:16 GMT
      etag:
      - '"1D6D50CA9297A80"'
      expires:
      - '-1'
      pragma:
      - no-cache
      server:
      - Microsoft-IIS/10.0
      strict-transport-security:
      - max-age=31536000; includeSubDomains
      transfer-encoding:
      - chunked
      vary:
      - Accept-Encoding
      x-aspnet-version:
      - 4.0.30319
      x-content-type-options:
      - nosniff
      x-ms-ratelimit-remaining-subscription-resource-requests:
      - '499'
      x-powered-by:
      - ASP.NET
    status:
      code: 200
      message: OK
- request:
    body: '{}'
    headers:
      Accept:
      - application/xml
      Accept-Encoding:
      - gzip, deflate
      CommandName:
      - webapp create
      Connection:
      - keep-alive
      Content-Length:
      - '2'
      Content-Type:
      - application/json; charset=utf-8
      ParameterSetName:
      - -g -n --plan --multicontainer-config-file --multicontainer-config-type
      User-Agent:
      - python/3.8.6 (Windows-10-10.0.19041-SP0) msrest/0.6.18 msrest_azure/0.6.3
        azure-mgmt-web/0.48.0 Azure-SDK-For-Python AZURECLI/2.16.0
      accept-language:
      - en-US
    method: POST
    uri: https://management.azure.com/subscriptions/00000000-0000-0000-0000-000000000000/resourceGroups/clitest.rg000001/providers/Microsoft.Web/sites/webapp-linux-multi000002/publishxml?api-version=2019-08-01
  response:
    body:
      string: <publishData><publishProfile profileName="webapp-linux-multi000002 -
        Web Deploy" publishMethod="MSDeploy" publishUrl="waws-prod-bn1-041.publish.azurewebsites.windows.net:443"
        msdeploySite="webapp-linux-multi000002" userName="$webapp-linux-multi000002"
        userPWD="S5emhsjD6cdx3hG70orbvdBlx8DLMEosXkRhfFfT8fbxERMarw4JfCoQa5xD" destinationAppUrl="http://webapp-linux-multi000002.azurewebsites.net"
        SQLServerDBConnectionString="" mySQLDBConnectionString="" hostingProviderForumLink=""
        controlPanelLink="http://windows.azure.com" webSystem="WebSites"><databases
        /></publishProfile><publishProfile profileName="webapp-linux-multi000002 -
        FTP" publishMethod="FTP" publishUrl="ftp://waws-prod-bn1-041.ftp.azurewebsites.windows.net/site/wwwroot"
        ftpPassiveMode="True" userName="webapp-linux-multi000002\$webapp-linux-multi000002"
        userPWD="S5emhsjD6cdx3hG70orbvdBlx8DLMEosXkRhfFfT8fbxERMarw4JfCoQa5xD" destinationAppUrl="http://webapp-linux-multi000002.azurewebsites.net"
        SQLServerDBConnectionString="" mySQLDBConnectionString="" hostingProviderForumLink=""
        controlPanelLink="http://windows.azure.com" webSystem="WebSites"><databases
        /></publishProfile><publishProfile profileName="webapp-linux-multi000002 -
        ReadOnly - FTP" publishMethod="FTP" publishUrl="ftp://waws-prod-bn1-041dr.ftp.azurewebsites.windows.net/site/wwwroot"
        ftpPassiveMode="True" userName="webapp-linux-multi000002\$webapp-linux-multi000002"
        userPWD="S5emhsjD6cdx3hG70orbvdBlx8DLMEosXkRhfFfT8fbxERMarw4JfCoQa5xD" destinationAppUrl="http://webapp-linux-multi000002.azurewebsites.net"
        SQLServerDBConnectionString="" mySQLDBConnectionString="" hostingProviderForumLink=""
        controlPanelLink="http://windows.azure.com" webSystem="WebSites"><databases
        /></publishProfile></publishData>
    headers:
      cache-control:
      - no-cache
      content-length:
      - '1735'
      content-type:
      - application/xml
      date:
      - Fri, 18 Dec 2020 07:09:16 GMT
      expires:
      - '-1'
      pragma:
      - no-cache
      server:
      - Microsoft-IIS/10.0
      strict-transport-security:
      - max-age=31536000; includeSubDomains
      x-aspnet-version:
      - 4.0.30319
      x-content-type-options:
      - nosniff
      x-ms-ratelimit-remaining-subscription-resource-requests:
      - '11999'
      x-powered-by:
      - ASP.NET
    status:
      code: 200
      message: OK
- request:
    body: null
    headers:
      Accept:
      - '*/*'
      Accept-Encoding:
      - gzip, deflate
      Connection:
      - keep-alive
      User-Agent:
      - python-requests/2.22.0
    method: GET
    uri: http://webapp-linux-multi000002.azurewebsites.net/
  response:
    body:
      string: 'Hello World! I have been seen 4 times.

        '
    headers:
      content-length:
      - '39'
      content-type:
      - text/html; charset=utf-8
      date:
      - Fri, 18 Dec 2020 07:09:56 GMT
      server:
      - Werkzeug/0.14.1 Python/3.4.8
      set-cookie:
      - ARRAffinity=ea74aed31f74c21cdba5bad4f842c3459dbbe1781ac34c7d7452bd6ee3fd4d50;Path=/;HttpOnly;Domain=webapp-linux-multiq2wqji.azurewebsites.net
    status:
      code: 200
      message: OK
- request:
    body: null
    headers:
      Accept:
      - '*/*'
      Accept-Encoding:
      - gzip, deflate
      Connection:
      - keep-alive
      User-Agent:
      - python-requests/2.22.0
    method: GET
    uri: http://webapp-linux-multi000002.azurewebsites.net/
  response:
    body:
      string: 'Hello World! I have been seen 7 times.

        '
    headers:
      content-length:
      - '39'
      content-type:
      - text/html; charset=utf-8
      date:
      - Fri, 18 Dec 2020 07:09:56 GMT
      server:
      - Werkzeug/0.14.1 Python/3.4.8
      set-cookie:
      - ARRAffinity=ea74aed31f74c21cdba5bad4f842c3459dbbe1781ac34c7d7452bd6ee3fd4d50;Path=/;HttpOnly;Domain=webapp-linux-multiq2wqji.azurewebsites.net
    status:
      code: 200
      message: OK
- request:
    body: null
    headers:
      Accept:
      - '*/*'
      Accept-Encoding:
      - gzip, deflate
      Connection:
      - keep-alive
      User-Agent:
      - python-requests/2.22.0
    method: GET
    uri: http://webapp-linux-multi000002.azurewebsites.net/
  response:
    body:
      string: 'Hello World! I have been seen 8 times.

        '
    headers:
      content-length:
      - '39'
      content-type:
      - text/html; charset=utf-8
      date:
      - Fri, 18 Dec 2020 07:09:57 GMT
      server:
      - Werkzeug/0.14.1 Python/3.4.8
      set-cookie:
      - ARRAffinity=ea74aed31f74c21cdba5bad4f842c3459dbbe1781ac34c7d7452bd6ee3fd4d50;Path=/;HttpOnly;Domain=webapp-linux-multiq2wqji.azurewebsites.net
    status:
      code: 200
      message: OK
- request:
    body: null
    headers:
      Accept:
      - '*/*'
      Accept-Encoding:
      - gzip, deflate
      Connection:
      - keep-alive
      User-Agent:
      - python-requests/2.22.0
    method: GET
    uri: http://webapp-linux-multi000002.azurewebsites.net/
  response:
    body:
      string: 'Hello World! I have been seen 9 times.

        '
    headers:
      content-length:
      - '39'
      content-type:
      - text/html; charset=utf-8
      date:
      - Fri, 18 Dec 2020 07:09:57 GMT
      server:
      - Werkzeug/0.14.1 Python/3.4.8
      set-cookie:
      - ARRAffinity=ea74aed31f74c21cdba5bad4f842c3459dbbe1781ac34c7d7452bd6ee3fd4d50;Path=/;HttpOnly;Domain=webapp-linux-multiq2wqji.azurewebsites.net
    status:
      code: 200
      message: OK
- request:
    body: null
    headers:
      Accept:
      - '*/*'
      Accept-Encoding:
      - gzip, deflate
      Connection:
      - keep-alive
      User-Agent:
      - python-requests/2.22.0
    method: GET
    uri: http://webapp-linux-multi000002.azurewebsites.net/
  response:
    body:
      string: 'Hello World! I have been seen 10 times.

        '
    headers:
      content-length:
      - '40'
      content-type:
      - text/html; charset=utf-8
      date:
      - Fri, 18 Dec 2020 07:09:57 GMT
      server:
      - Werkzeug/0.14.1 Python/3.4.8
      set-cookie:
      - ARRAffinity=ea74aed31f74c21cdba5bad4f842c3459dbbe1781ac34c7d7452bd6ee3fd4d50;Path=/;HttpOnly;Domain=webapp-linux-multiq2wqji.azurewebsites.net
    status:
      code: 200
      message: OK
- request:
    body: null
    headers:
      Accept:
      - '*/*'
      Accept-Encoding:
      - gzip, deflate
      Connection:
      - keep-alive
      User-Agent:
      - python-requests/2.22.0
    method: GET
    uri: http://webapp-linux-multi000002.azurewebsites.net/
  response:
    body:
      string: 'Hello World! I have been seen 11 times.

        '
    headers:
      content-length:
      - '40'
      content-type:
      - text/html; charset=utf-8
      date:
      - Fri, 18 Dec 2020 07:09:57 GMT
      server:
      - Werkzeug/0.14.1 Python/3.4.8
      set-cookie:
      - ARRAffinity=ea74aed31f74c21cdba5bad4f842c3459dbbe1781ac34c7d7452bd6ee3fd4d50;Path=/;HttpOnly;Domain=webapp-linux-multiq2wqji.azurewebsites.net
    status:
      code: 200
      message: OK
- request:
    body: null
    headers:
      Accept:
      - '*/*'
      Accept-Encoding:
      - gzip, deflate
      Connection:
      - keep-alive
      User-Agent:
      - python-requests/2.22.0
    method: GET
    uri: http://webapp-linux-multi000002.azurewebsites.net/
  response:
    body:
      string: 'Hello World! I have been seen 12 times.

        '
    headers:
      content-length:
      - '40'
      content-type:
      - text/html; charset=utf-8
      date:
      - Fri, 18 Dec 2020 07:09:57 GMT
      server:
      - Werkzeug/0.14.1 Python/3.4.8
      set-cookie:
      - ARRAffinity=ea74aed31f74c21cdba5bad4f842c3459dbbe1781ac34c7d7452bd6ee3fd4d50;Path=/;HttpOnly;Domain=webapp-linux-multiq2wqji.azurewebsites.net
    status:
      code: 200
      message: OK
- request:
    body: null
    headers:
      Accept:
      - '*/*'
      Accept-Encoding:
      - gzip, deflate
      Connection:
      - keep-alive
      User-Agent:
      - python-requests/2.22.0
    method: GET
    uri: http://webapp-linux-multi000002.azurewebsites.net/
  response:
    body:
      string: 'Hello World! I have been seen 13 times.

        '
    headers:
      content-length:
      - '40'
      content-type:
      - text/html; charset=utf-8
      date:
      - Fri, 18 Dec 2020 07:09:58 GMT
      server:
      - Werkzeug/0.14.1 Python/3.4.8
      set-cookie:
      - ARRAffinity=ea74aed31f74c21cdba5bad4f842c3459dbbe1781ac34c7d7452bd6ee3fd4d50;Path=/;HttpOnly;Domain=webapp-linux-multiq2wqji.azurewebsites.net
    status:
      code: 200
      message: OK
- request:
    body: null
    headers:
      Accept:
      - '*/*'
      Accept-Encoding:
      - gzip, deflate
      Connection:
      - keep-alive
      User-Agent:
      - python-requests/2.22.0
    method: GET
    uri: http://webapp-linux-multi000002.azurewebsites.net/
  response:
    body:
      string: 'Hello World! I have been seen 14 times.

        '
    headers:
      content-length:
      - '40'
      content-type:
      - text/html; charset=utf-8
      date:
      - Fri, 18 Dec 2020 07:09:57 GMT
      server:
      - Werkzeug/0.14.1 Python/3.4.8
      set-cookie:
      - ARRAffinity=ea74aed31f74c21cdba5bad4f842c3459dbbe1781ac34c7d7452bd6ee3fd4d50;Path=/;HttpOnly;Domain=webapp-linux-multiq2wqji.azurewebsites.net
    status:
      code: 200
      message: OK
- request:
    body: null
    headers:
      Accept:
      - '*/*'
      Accept-Encoding:
      - gzip, deflate
      Connection:
      - keep-alive
      User-Agent:
      - python-requests/2.22.0
    method: GET
    uri: http://webapp-linux-multi000002.azurewebsites.net/
  response:
    body:
      string: 'Hello World! I have been seen 15 times.

        '
    headers:
      content-length:
      - '40'
      content-type:
      - text/html; charset=utf-8
      date:
      - Fri, 18 Dec 2020 07:09:58 GMT
      server:
      - Werkzeug/0.14.1 Python/3.4.8
      set-cookie:
      - ARRAffinity=ea74aed31f74c21cdba5bad4f842c3459dbbe1781ac34c7d7452bd6ee3fd4d50;Path=/;HttpOnly;Domain=webapp-linux-multiq2wqji.azurewebsites.net
    status:
      code: 200
      message: OK
- request:
    body: null
    headers:
      Accept:
      - application/json
      Accept-Encoding:
      - gzip, deflate
      CommandName:
      - webapp deployment slot create
      Connection:
      - keep-alive
      ParameterSetName:
      - -g -n --slot
      User-Agent:
      - python/3.8.6 (Windows-10-10.0.19041-SP0) msrest/0.6.18 msrest_azure/0.6.3
        azure-mgmt-web/0.48.0 Azure-SDK-For-Python AZURECLI/2.16.0
      accept-language:
      - en-US
    method: GET
    uri: https://management.azure.com/subscriptions/00000000-0000-0000-0000-000000000000/resourceGroups/clitest.rg000001/providers/Microsoft.Web/sites/webapp-linux-multi000002?api-version=2019-08-01
  response:
    body:
      string: '{"id":"/subscriptions/00000000-0000-0000-0000-000000000000/resourceGroups/clitest.rg000001/providers/Microsoft.Web/sites/webapp-linux-multi000002","name":"webapp-linux-multi000002","type":"Microsoft.Web/sites","kind":"app,linux,container","location":"East
        US 2","properties":{"name":"webapp-linux-multi000002","state":"Running","hostNames":["webapp-linux-multi000002.azurewebsites.net"],"webSpace":"clitest.rg000001-EastUS2webspace","selfLink":"https://waws-prod-bn1-041.api.azurewebsites.windows.net:454/subscriptions/00000000-0000-0000-0000-000000000000/webspaces/clitest.rg000001-EastUS2webspace/sites/webapp-linux-multi000002","repositorySiteName":"webapp-linux-multi000002","owner":null,"usageState":"Normal","enabled":true,"adminEnabled":true,"enabledHostNames":["webapp-linux-multi000002.azurewebsites.net","webapp-linux-multi000002.scm.azurewebsites.net"],"siteProperties":{"metadata":null,"properties":[{"name":"LinuxFxVersion","value":"COMPOSE|dmVyc2lvbjogJzMnDQpzZXJ2aWNlczoNCiAgd2ViOg0KICAgIGltYWdlOiAicGF0bGUvcHl0aG9uX2FwcDoxLjAiDQogICAgcG9ydHM6DQogICAgIC0gIjUwMDA6NTAwMCINCiAgcmVkaXM6DQogICAgaW1hZ2U6ICJyZWRpczphbHBpbmUiDQo="},{"name":"WindowsFxVersion","value":null}],"appSettings":null},"availabilityState":"Normal","sslCertificates":null,"csrs":[],"cers":null,"siteMode":null,"hostNameSslStates":[{"name":"webapp-linux-multi000002.azurewebsites.net","sslState":"Disabled","ipBasedSslResult":null,"virtualIP":null,"thumbprint":null,"toUpdate":null,"toUpdateIpBasedSsl":null,"ipBasedSslState":"NotConfigured","hostType":"Standard"},{"name":"webapp-linux-multi000002.scm.azurewebsites.net","sslState":"Disabled","ipBasedSslResult":null,"virtualIP":null,"thumbprint":null,"toUpdate":null,"toUpdateIpBasedSsl":null,"ipBasedSslState":"NotConfigured","hostType":"Repository"}],"computeMode":null,"serverFarm":null,"serverFarmId":"/subscriptions/00000000-0000-0000-0000-000000000000/resourceGroups/clitest.rg000001/providers/Microsoft.Web/serverfarms/plan-linux-multi000003","reserved":true,"isXenon":false,"hyperV":false,"lastModifiedTimeUtc":"2020-12-18T07:09:00.84","storageRecoveryDefaultState":"Running","contentAvailabilityState":"Normal","runtimeAvailabilityState":"Normal","siteConfig":{"numberOfWorkers":null,"defaultDocuments":null,"netFrameworkVersion":null,"phpVersion":null,"pythonVersion":null,"nodeVersion":null,"powerShellVersion":null,"linuxFxVersion":null,"windowsFxVersion":null,"requestTracingEnabled":null,"remoteDebuggingEnabled":null,"remoteDebuggingVersion":null,"httpLoggingEnabled":null,"azureMonitorLogCategories":null,"acrUseManagedIdentityCreds":false,"acrUserManagedIdentityID":null,"logsDirectorySizeLimit":null,"detailedErrorLoggingEnabled":null,"publishingUsername":null,"publishingPassword":null,"appSettings":null,"azureStorageAccounts":null,"metadata":null,"connectionStrings":null,"machineKey":null,"handlerMappings":null,"documentRoot":null,"scmType":null,"use32BitWorkerProcess":null,"webSocketsEnabled":null,"alwaysOn":null,"javaVersion":null,"javaContainer":null,"javaContainerVersion":null,"appCommandLine":null,"managedPipelineMode":null,"virtualApplications":null,"winAuthAdminState":null,"winAuthTenantState":null,"customAppPoolIdentityAdminState":null,"customAppPoolIdentityTenantState":null,"runtimeADUser":null,"runtimeADUserPassword":null,"loadBalancing":null,"routingRules":null,"experiments":null,"limits":null,"autoHealEnabled":null,"autoHealRules":null,"tracingOptions":null,"vnetName":null,"vnetRouteAllEnabled":null,"vnetPrivatePortsCount":null,"cors":null,"push":null,"apiDefinition":null,"apiManagementConfig":null,"autoSwapSlotName":null,"localMySqlEnabled":null,"managedServiceIdentityId":null,"xManagedServiceIdentityId":null,"ipSecurityRestrictions":null,"scmIpSecurityRestrictions":null,"scmIpSecurityRestrictionsUseMain":null,"http20Enabled":null,"minTlsVersion":null,"scmMinTlsVersion":null,"ftpsState":null,"preWarmedInstanceCount":null,"functionAppScaleLimit":null,"healthCheckPath":null,"fileChangeAuditEnabled":null,"functionsRuntimeScaleMonitoringEnabled":null,"websiteTimeZone":null,"minimumElasticInstanceCount":0},"deploymentId":"webapp-linux-multi000002","trafficManagerHostNames":null,"sku":"Standard","scmSiteAlsoStopped":false,"targetSwapSlot":null,"hostingEnvironment":null,"hostingEnvironmentProfile":null,"clientAffinityEnabled":true,"clientCertEnabled":false,"clientCertMode":"Required","clientCertExclusionPaths":null,"hostNamesDisabled":false,"domainVerificationIdentifiers":null,"customDomainVerificationId":"791C12A9B7564BDD83C23CEF5EA8E002242DB1A65862E04568A4C936DEA5A769","kind":"app,linux,container","inboundIpAddress":"137.116.88.213","possibleInboundIpAddresses":"137.116.88.213","ftpUsername":"webapp-linux-multi000002\\$webapp-linux-multi000002","ftpsHostName":"ftps://waws-prod-bn1-041.ftp.azurewebsites.windows.net/site/wwwroot","outboundIpAddresses":"137.116.88.213,23.101.144.218,40.79.73.27,104.46.110.22,104.46.111.105","possibleOutboundIpAddresses":"137.116.88.213,23.101.144.218,40.79.73.27,104.46.110.22,104.46.111.105,23.101.158.48,40.79.79.209,40.79.74.47","containerSize":0,"dailyMemoryTimeQuota":0,"suspendedTill":null,"siteDisabledReason":0,"functionExecutionUnitsCache":null,"maxNumberOfWorkers":null,"homeStamp":"waws-prod-bn1-041","cloningInfo":null,"hostingEnvironmentId":null,"tags":null,"resourceGroup":"clitest.rg000001","defaultHostName":"webapp-linux-multi000002.azurewebsites.net","slotSwapStatus":null,"httpsOnly":false,"redundancyMode":"None","inProgressOperationId":null,"geoDistributions":null,"privateEndpointConnections":[],"buildVersion":null,"targetBuildVersion":null,"migrationState":null}}'
    headers:
      cache-control:
      - no-cache
      content-length:
      - '5920'
      content-type:
      - application/json
      date:
      - Fri, 18 Dec 2020 07:09:59 GMT
      etag:
      - '"1D6D50CA9297A80"'
      expires:
      - '-1'
      pragma:
      - no-cache
      server:
      - Microsoft-IIS/10.0
      strict-transport-security:
      - max-age=31536000; includeSubDomains
      transfer-encoding:
      - chunked
      vary:
      - Accept-Encoding
      x-aspnet-version:
      - 4.0.30319
      x-content-type-options:
      - nosniff
      x-powered-by:
      - ASP.NET
    status:
      code: 200
      message: OK
- request:
    body: null
    headers:
      Accept:
      - application/json
      Accept-Encoding:
      - gzip, deflate
      CommandName:
      - webapp deployment slot create
      Connection:
      - keep-alive
      ParameterSetName:
      - -g -n --slot
      User-Agent:
      - python/3.8.6 (Windows-10-10.0.19041-SP0) msrest/0.6.18 msrest_azure/0.6.3
        azure-mgmt-web/0.48.0 Azure-SDK-For-Python AZURECLI/2.16.0
      accept-language:
      - en-US
    method: GET
    uri: https://management.azure.com/subscriptions/00000000-0000-0000-0000-000000000000/resourceGroups/clitest.rg000001/providers/Microsoft.Web/sites/webapp-linux-multi000002/config/web?api-version=2019-08-01
  response:
    body:
      string: '{"id":"/subscriptions/00000000-0000-0000-0000-000000000000/resourceGroups/clitest.rg000001/providers/Microsoft.Web/sites/webapp-linux-multi000002/config/web","name":"webapp-linux-multi000002","type":"Microsoft.Web/sites/config","location":"East
        US 2","properties":{"numberOfWorkers":1,"defaultDocuments":["Default.htm","Default.html","Default.asp","index.htm","index.html","iisstart.htm","default.aspx","index.php","hostingstart.html"],"netFrameworkVersion":"v4.0","phpVersion":"","pythonVersion":"","nodeVersion":"","powerShellVersion":"","linuxFxVersion":"COMPOSE|dmVyc2lvbjogJzMnDQpzZXJ2aWNlczoNCiAgd2ViOg0KICAgIGltYWdlOiAicGF0bGUvcHl0aG9uX2FwcDoxLjAiDQogICAgcG9ydHM6DQogICAgIC0gIjUwMDA6NTAwMCINCiAgcmVkaXM6DQogICAgaW1hZ2U6ICJyZWRpczphbHBpbmUiDQo=","windowsFxVersion":null,"requestTracingEnabled":false,"remoteDebuggingEnabled":false,"remoteDebuggingVersion":null,"httpLoggingEnabled":false,"azureMonitorLogCategories":null,"acrUseManagedIdentityCreds":false,"acrUserManagedIdentityID":null,"logsDirectorySizeLimit":35,"detailedErrorLoggingEnabled":false,"publishingUsername":"$webapp-linux-multi000002","publishingPassword":null,"appSettings":null,"azureStorageAccounts":{},"metadata":null,"connectionStrings":null,"machineKey":null,"handlerMappings":null,"documentRoot":null,"scmType":"None","use32BitWorkerProcess":true,"webSocketsEnabled":false,"alwaysOn":true,"javaVersion":null,"javaContainer":null,"javaContainerVersion":null,"appCommandLine":"","managedPipelineMode":"Integrated","virtualApplications":[{"virtualPath":"/","physicalPath":"site\\wwwroot","preloadEnabled":true,"virtualDirectories":null}],"winAuthAdminState":0,"winAuthTenantState":0,"customAppPoolIdentityAdminState":false,"customAppPoolIdentityTenantState":false,"runtimeADUser":null,"runtimeADUserPassword":null,"loadBalancing":"LeastRequests","routingRules":[],"experiments":{"rampUpRules":[]},"limits":null,"autoHealEnabled":false,"autoHealRules":null,"tracingOptions":null,"vnetName":"","vnetRouteAllEnabled":false,"vnetPrivatePortsCount":0,"siteAuthEnabled":false,"siteAuthSettings":{"enabled":null,"unauthenticatedClientAction":null,"tokenStoreEnabled":null,"allowedExternalRedirectUrls":null,"defaultProvider":null,"clientId":null,"clientSecret":null,"clientSecretSettingName":null,"clientSecretCertificateThumbprint":null,"issuer":null,"allowedAudiences":null,"additionalLoginParams":null,"isAadAutoProvisioned":false,"aadClaimsAuthorization":null,"googleClientId":null,"googleClientSecret":null,"googleClientSecretSettingName":null,"googleOAuthScopes":null,"facebookAppId":null,"facebookAppSecret":null,"facebookAppSecretSettingName":null,"facebookOAuthScopes":null,"gitHubClientId":null,"gitHubClientSecret":null,"gitHubClientSecretSettingName":null,"gitHubOAuthScopes":null,"twitterConsumerKey":null,"twitterConsumerSecret":null,"twitterConsumerSecretSettingName":null,"microsoftAccountClientId":null,"microsoftAccountClientSecret":null,"microsoftAccountClientSecretSettingName":null,"microsoftAccountOAuthScopes":null},"cors":null,"push":null,"apiDefinition":null,"apiManagementConfig":null,"autoSwapSlotName":null,"localMySqlEnabled":false,"managedServiceIdentityId":null,"xManagedServiceIdentityId":null,"ipSecurityRestrictions":[{"ipAddress":"Any","action":"Allow","priority":1,"name":"Allow
        all","description":"Allow all access"}],"scmIpSecurityRestrictions":[{"ipAddress":"Any","action":"Allow","priority":1,"name":"Allow
        all","description":"Allow all access"}],"scmIpSecurityRestrictionsUseMain":false,"http20Enabled":true,"minTlsVersion":"1.2","scmMinTlsVersion":"1.0","ftpsState":"AllAllowed","preWarmedInstanceCount":0,"functionAppScaleLimit":0,"healthCheckPath":null,"fileChangeAuditEnabled":false,"functionsRuntimeScaleMonitoringEnabled":false,"websiteTimeZone":null,"minimumElasticInstanceCount":0}}'
    headers:
      cache-control:
      - no-cache
      content-length:
      - '3859'
      content-type:
      - application/json
      date:
      - Fri, 18 Dec 2020 07:10:00 GMT
      expires:
      - '-1'
      pragma:
      - no-cache
      server:
      - Microsoft-IIS/10.0
      strict-transport-security:
      - max-age=31536000; includeSubDomains
      transfer-encoding:
      - chunked
      vary:
      - Accept-Encoding
      x-aspnet-version:
      - 4.0.30319
      x-content-type-options:
      - nosniff
      x-powered-by:
      - ASP.NET
    status:
      code: 200
      message: OK
- request:
    body: '{"location": "East US 2", "properties": {"serverFarmId": "/subscriptions/00000000-0000-0000-0000-000000000000/resourceGroups/clitest.rg000001/providers/Microsoft.Web/serverfarms/plan-linux-multi000003",
      "reserved": false, "isXenon": false, "hyperV": false, "siteConfig": {"netFrameworkVersion":
      "v4.6", "localMySqlEnabled": false, "http20Enabled": true}, "scmSiteAlsoStopped":
      false}}'
    headers:
      Accept:
      - application/json
      Accept-Encoding:
      - gzip, deflate
      CommandName:
      - webapp deployment slot create
      Connection:
      - keep-alive
      Content-Length:
      - '445'
      Content-Type:
      - application/json; charset=utf-8
      ParameterSetName:
      - -g -n --slot
      User-Agent:
      - python/3.8.6 (Windows-10-10.0.19041-SP0) msrest/0.6.18 msrest_azure/0.6.3
        azure-mgmt-web/0.48.0 Azure-SDK-For-Python AZURECLI/2.16.0
      accept-language:
      - en-US
    method: PUT
    uri: https://management.azure.com/subscriptions/00000000-0000-0000-0000-000000000000/resourceGroups/clitest.rg000001/providers/Microsoft.Web/sites/webapp-linux-multi000002/slots/stage?api-version=2019-08-01
  response:
    body:
      string: '{"id":"/subscriptions/00000000-0000-0000-0000-000000000000/resourceGroups/clitest.rg000001/providers/Microsoft.Web/sites/webapp-linux-multi000002/slots/stage","name":"webapp-linux-multi000002/stage","type":"Microsoft.Web/sites/slots","kind":"app,linux,container","location":"East
        US 2","properties":{"name":"webapp-linux-multi000002(stage)","state":"Running","hostNames":["webapp-linux-multi000002-stage.azurewebsites.net"],"webSpace":"clitest.rg000001-EastUS2webspace","selfLink":"https://waws-prod-bn1-041.api.azurewebsites.windows.net:454/subscriptions/00000000-0000-0000-0000-000000000000/webspaces/clitest.rg000001-EastUS2webspace/sites/webapp-linux-multi000002","repositorySiteName":"webapp-linux-multi000002","owner":null,"usageState":"Normal","enabled":true,"adminEnabled":true,"enabledHostNames":["webapp-linux-multi000002-stage.azurewebsites.net","webapp-linux-multi000002-stage.scm.azurewebsites.net"],"siteProperties":{"metadata":null,"properties":[{"name":"LinuxFxVersion","value":"COMPOSE|dmVyc2lvbjogJzMnDQpzZXJ2aWNlczoNCiAgd2ViOg0KICAgIGltYWdlOiAicGF0bGUvcHl0aG9uX2FwcDoxLjAiDQogICAgcG9ydHM6DQogICAgIC0gIjUwMDA6NTAwMCINCiAgcmVkaXM6DQogICAgaW1hZ2U6ICJyZWRpczphbHBpbmUiDQo="},{"name":"WindowsFxVersion","value":null}],"appSettings":null},"availabilityState":"Normal","sslCertificates":null,"csrs":[],"cers":null,"siteMode":null,"hostNameSslStates":[{"name":"webapp-linux-multi000002-stage.azurewebsites.net","sslState":"Disabled","ipBasedSslResult":null,"virtualIP":null,"thumbprint":null,"toUpdate":null,"toUpdateIpBasedSsl":null,"ipBasedSslState":"NotConfigured","hostType":"Standard"},{"name":"webapp-linux-multi000002-stage.scm.azurewebsites.net","sslState":"Disabled","ipBasedSslResult":null,"virtualIP":null,"thumbprint":null,"toUpdate":null,"toUpdateIpBasedSsl":null,"ipBasedSslState":"NotConfigured","hostType":"Repository"}],"computeMode":null,"serverFarm":null,"serverFarmId":"/subscriptions/00000000-0000-0000-0000-000000000000/resourceGroups/clitest.rg000001/providers/Microsoft.Web/serverfarms/plan-linux-multi000003","reserved":true,"isXenon":false,"hyperV":false,"lastModifiedTimeUtc":"2020-12-18T07:10:03.2166667","storageRecoveryDefaultState":"Running","contentAvailabilityState":"Normal","runtimeAvailabilityState":"Normal","siteConfig":{"numberOfWorkers":null,"defaultDocuments":null,"netFrameworkVersion":null,"phpVersion":null,"pythonVersion":null,"nodeVersion":null,"powerShellVersion":null,"linuxFxVersion":null,"windowsFxVersion":null,"requestTracingEnabled":null,"remoteDebuggingEnabled":null,"remoteDebuggingVersion":null,"httpLoggingEnabled":null,"azureMonitorLogCategories":null,"acrUseManagedIdentityCreds":false,"acrUserManagedIdentityID":null,"logsDirectorySizeLimit":null,"detailedErrorLoggingEnabled":null,"publishingUsername":null,"publishingPassword":null,"appSettings":null,"azureStorageAccounts":null,"metadata":null,"connectionStrings":null,"machineKey":null,"handlerMappings":null,"documentRoot":null,"scmType":null,"use32BitWorkerProcess":null,"webSocketsEnabled":null,"alwaysOn":null,"javaVersion":null,"javaContainer":null,"javaContainerVersion":null,"appCommandLine":null,"managedPipelineMode":null,"virtualApplications":null,"winAuthAdminState":null,"winAuthTenantState":null,"customAppPoolIdentityAdminState":null,"customAppPoolIdentityTenantState":null,"runtimeADUser":null,"runtimeADUserPassword":null,"loadBalancing":null,"routingRules":null,"experiments":null,"limits":null,"autoHealEnabled":null,"autoHealRules":null,"tracingOptions":null,"vnetName":null,"vnetRouteAllEnabled":null,"vnetPrivatePortsCount":null,"cors":null,"push":null,"apiDefinition":null,"apiManagementConfig":null,"autoSwapSlotName":null,"localMySqlEnabled":null,"managedServiceIdentityId":null,"xManagedServiceIdentityId":null,"ipSecurityRestrictions":[{"ipAddress":"Any","action":"Allow","priority":1,"name":"Allow
        all","description":"Allow all access"}],"scmIpSecurityRestrictions":[{"ipAddress":"Any","action":"Allow","priority":1,"name":"Allow
        all","description":"Allow all access"}],"scmIpSecurityRestrictionsUseMain":null,"http20Enabled":null,"minTlsVersion":null,"scmMinTlsVersion":null,"ftpsState":null,"preWarmedInstanceCount":null,"functionAppScaleLimit":null,"healthCheckPath":null,"fileChangeAuditEnabled":null,"functionsRuntimeScaleMonitoringEnabled":null,"websiteTimeZone":null,"minimumElasticInstanceCount":0},"deploymentId":"webapp-linux-multi000002__a10c","trafficManagerHostNames":null,"sku":"Standard","scmSiteAlsoStopped":false,"targetSwapSlot":null,"hostingEnvironment":null,"hostingEnvironmentProfile":null,"clientAffinityEnabled":true,"clientCertEnabled":false,"clientCertMode":"Required","clientCertExclusionPaths":null,"hostNamesDisabled":false,"domainVerificationIdentifiers":null,"customDomainVerificationId":"791C12A9B7564BDD83C23CEF5EA8E002242DB1A65862E04568A4C936DEA5A769","kind":"app,linux,container","inboundIpAddress":"137.116.88.213","possibleInboundIpAddresses":"137.116.88.213","ftpUsername":"webapp-linux-multi000002__stage\\$webapp-linux-multi000002__stage","ftpsHostName":"ftps://waws-prod-bn1-041.ftp.azurewebsites.windows.net/site/wwwroot","outboundIpAddresses":"137.116.88.213,23.101.144.218,40.79.73.27,104.46.110.22,104.46.111.105","possibleOutboundIpAddresses":"137.116.88.213,23.101.144.218,40.79.73.27,104.46.110.22,104.46.111.105,23.101.158.48,40.79.79.209,40.79.74.47","containerSize":0,"dailyMemoryTimeQuota":0,"suspendedTill":null,"siteDisabledReason":0,"functionExecutionUnitsCache":null,"maxNumberOfWorkers":null,"homeStamp":"waws-prod-bn1-041","cloningInfo":null,"hostingEnvironmentId":null,"tags":null,"resourceGroup":"clitest.rg000001","defaultHostName":"webapp-linux-multi000002-stage.azurewebsites.net","slotSwapStatus":null,"httpsOnly":false,"redundancyMode":"None","inProgressOperationId":null,"geoDistributions":null,"privateEndpointConnections":null,"buildVersion":null,"targetBuildVersion":null,"migrationState":null}}'
    headers:
      cache-control:
      - no-cache
      content-length:
      - '6212'
      content-type:
      - application/json
      date:
      - Fri, 18 Dec 2020 07:10:19 GMT
      etag:
      - '"1D6D50CA9297A80"'
      expires:
      - '-1'
      pragma:
      - no-cache
      server:
      - Microsoft-IIS/10.0
      strict-transport-security:
      - max-age=31536000; includeSubDomains
      transfer-encoding:
      - chunked
      vary:
      - Accept-Encoding
      x-aspnet-version:
      - 4.0.30319
      x-content-type-options:
      - nosniff
      x-ms-ratelimit-remaining-subscription-resource-requests:
      - '499'
      x-powered-by:
      - ASP.NET
    status:
      code: 200
      message: OK
- request:
    body: null
    headers:
      Accept:
      - application/json
      Accept-Encoding:
      - gzip, deflate
      CommandName:
      - webapp config container set
      Connection:
      - keep-alive
      Content-Length:
      - '0'
      ParameterSetName:
      - -g -n --slot --multicontainer-config-file --multicontainer-config-type
      User-Agent:
      - python/3.8.6 (Windows-10-10.0.19041-SP0) msrest/0.6.18 msrest_azure/0.6.3
        azure-mgmt-web/0.48.0 Azure-SDK-For-Python AZURECLI/2.16.0
      accept-language:
      - en-US
    method: POST
    uri: https://management.azure.com/subscriptions/00000000-0000-0000-0000-000000000000/resourceGroups/clitest.rg000001/providers/Microsoft.Web/sites/webapp-linux-multi000002/slots/stage/config/appsettings/list?api-version=2019-08-01
  response:
    body:
      string: '{"id":"/subscriptions/00000000-0000-0000-0000-000000000000/resourceGroups/clitest.rg000001/providers/Microsoft.Web/sites/webapp-linux-multi000002/slots/stage/config/appsettings","name":"appsettings","type":"Microsoft.Web/sites/config","location":"East
        US 2","properties":{}}'
    headers:
      cache-control:
      - no-cache
      content-length:
      - '333'
      content-type:
      - application/json
      date:
      - Fri, 18 Dec 2020 07:10:19 GMT
      expires:
      - '-1'
      pragma:
      - no-cache
      server:
      - Microsoft-IIS/10.0
      strict-transport-security:
      - max-age=31536000; includeSubDomains
      transfer-encoding:
      - chunked
      vary:
      - Accept-Encoding
      x-aspnet-version:
      - 4.0.30319
      x-content-type-options:
      - nosniff
      x-ms-ratelimit-remaining-subscription-resource-requests:
      - '11999'
      x-powered-by:
      - ASP.NET
    status:
      code: 200
      message: OK
- request:
    body: null
    headers:
      Accept:
      - application/json
      Accept-Encoding:
      - gzip, deflate
      CommandName:
      - webapp config container set
      Connection:
      - keep-alive
      ParameterSetName:
      - -g -n --slot --multicontainer-config-file --multicontainer-config-type
      User-Agent:
      - python/3.8.6 (Windows-10-10.0.19041-SP0) msrest/0.6.18 msrest_azure/0.6.3
        azure-mgmt-web/0.48.0 Azure-SDK-For-Python AZURECLI/2.16.0
      accept-language:
      - en-US
    method: GET
    uri: https://management.azure.com/subscriptions/00000000-0000-0000-0000-000000000000/resourceGroups/clitest.rg000001/providers/Microsoft.Web/sites/webapp-linux-multi000002/config/slotConfigNames?api-version=2019-08-01
  response:
    body:
      string: '{"id":null,"name":"webapp-linux-multi000002","type":"Microsoft.Web/sites","location":"East
        US 2","properties":{"connectionStringNames":null,"appSettingNames":null,"azureStorageConfigNames":null}}'
    headers:
      cache-control:
      - no-cache
      content-length:
      - '195'
      content-type:
      - application/json
      date:
      - Fri, 18 Dec 2020 07:10:20 GMT
      expires:
      - '-1'
      pragma:
      - no-cache
      server:
      - Microsoft-IIS/10.0
      strict-transport-security:
      - max-age=31536000; includeSubDomains
      transfer-encoding:
      - chunked
      vary:
      - Accept-Encoding
      x-aspnet-version:
      - 4.0.30319
      x-content-type-options:
      - nosniff
      x-powered-by:
      - ASP.NET
    status:
      code: 200
      message: OK
- request:
    body: null
    headers:
      Accept:
      - application/json
      Accept-Encoding:
      - gzip, deflate
      CommandName:
      - webapp config container set
      Connection:
      - keep-alive
      ParameterSetName:
      - -g -n --slot --multicontainer-config-file --multicontainer-config-type
      User-Agent:
      - python/3.8.6 (Windows-10-10.0.19041-SP0) msrest/0.6.18 msrest_azure/0.6.3
        azure-mgmt-web/0.48.0 Azure-SDK-For-Python AZURECLI/2.16.0
      accept-language:
      - en-US
    method: GET
    uri: https://management.azure.com/subscriptions/00000000-0000-0000-0000-000000000000/resourceGroups/clitest.rg000001/providers/Microsoft.Web/sites/webapp-linux-multi000002/slots/stage/config/web?api-version=2019-08-01
  response:
    body:
      string: '{"id":"/subscriptions/00000000-0000-0000-0000-000000000000/resourceGroups/clitest.rg000001/providers/Microsoft.Web/sites/webapp-linux-multi000002/slots/stage/config/web","name":"webapp-linux-multi000002","type":"Microsoft.Web/sites/config","location":"East
        US 2","properties":{"numberOfWorkers":1,"defaultDocuments":["Default.htm","Default.html","Default.asp","index.htm","index.html","iisstart.htm","default.aspx","index.php","hostingstart.html"],"netFrameworkVersion":"v4.0","phpVersion":"","pythonVersion":"","nodeVersion":"","powerShellVersion":"","linuxFxVersion":"COMPOSE|dmVyc2lvbjogJzMnDQpzZXJ2aWNlczoNCiAgd2ViOg0KICAgIGltYWdlOiAicGF0bGUvcHl0aG9uX2FwcDoxLjAiDQogICAgcG9ydHM6DQogICAgIC0gIjUwMDA6NTAwMCINCiAgcmVkaXM6DQogICAgaW1hZ2U6ICJyZWRpczphbHBpbmUiDQo=","windowsFxVersion":null,"requestTracingEnabled":false,"remoteDebuggingEnabled":false,"remoteDebuggingVersion":null,"httpLoggingEnabled":false,"azureMonitorLogCategories":null,"acrUseManagedIdentityCreds":false,"acrUserManagedIdentityID":null,"logsDirectorySizeLimit":35,"detailedErrorLoggingEnabled":false,"publishingUsername":"$webapp-linux-multi000002__stage","publishingPassword":null,"appSettings":null,"azureStorageAccounts":{},"metadata":null,"connectionStrings":null,"machineKey":null,"handlerMappings":null,"documentRoot":null,"scmType":"None","use32BitWorkerProcess":true,"webSocketsEnabled":false,"alwaysOn":false,"javaVersion":null,"javaContainer":null,"javaContainerVersion":null,"appCommandLine":"","managedPipelineMode":"Integrated","virtualApplications":[{"virtualPath":"/","physicalPath":"site\\wwwroot","preloadEnabled":false,"virtualDirectories":null}],"winAuthAdminState":0,"winAuthTenantState":0,"customAppPoolIdentityAdminState":false,"customAppPoolIdentityTenantState":false,"runtimeADUser":null,"runtimeADUserPassword":null,"loadBalancing":"LeastRequests","routingRules":[],"experiments":{"rampUpRules":[]},"limits":null,"autoHealEnabled":false,"autoHealRules":null,"tracingOptions":null,"vnetName":"","vnetRouteAllEnabled":false,"vnetPrivatePortsCount":0,"siteAuthEnabled":false,"siteAuthSettings":{"enabled":null,"unauthenticatedClientAction":null,"tokenStoreEnabled":null,"allowedExternalRedirectUrls":null,"defaultProvider":null,"clientId":null,"clientSecret":null,"clientSecretSettingName":null,"clientSecretCertificateThumbprint":null,"issuer":null,"allowedAudiences":null,"additionalLoginParams":null,"isAadAutoProvisioned":false,"aadClaimsAuthorization":null,"googleClientId":null,"googleClientSecret":null,"googleClientSecretSettingName":null,"googleOAuthScopes":null,"facebookAppId":null,"facebookAppSecret":null,"facebookAppSecretSettingName":null,"facebookOAuthScopes":null,"gitHubClientId":null,"gitHubClientSecret":null,"gitHubClientSecretSettingName":null,"gitHubOAuthScopes":null,"twitterConsumerKey":null,"twitterConsumerSecret":null,"twitterConsumerSecretSettingName":null,"microsoftAccountClientId":null,"microsoftAccountClientSecret":null,"microsoftAccountClientSecretSettingName":null,"microsoftAccountOAuthScopes":null},"cors":null,"push":null,"apiDefinition":null,"apiManagementConfig":null,"autoSwapSlotName":null,"localMySqlEnabled":false,"managedServiceIdentityId":null,"xManagedServiceIdentityId":null,"ipSecurityRestrictions":[{"ipAddress":"Any","action":"Allow","priority":1,"name":"Allow
        all","description":"Allow all access"}],"scmIpSecurityRestrictions":[{"ipAddress":"Any","action":"Allow","priority":1,"name":"Allow
        all","description":"Allow all access"}],"scmIpSecurityRestrictionsUseMain":false,"http20Enabled":true,"minTlsVersion":"1.2","scmMinTlsVersion":"1.0","ftpsState":"AllAllowed","preWarmedInstanceCount":0,"functionAppScaleLimit":0,"healthCheckPath":null,"fileChangeAuditEnabled":false,"functionsRuntimeScaleMonitoringEnabled":false,"websiteTimeZone":null,"minimumElasticInstanceCount":0}}'
    headers:
      cache-control:
      - no-cache
      content-length:
      - '3880'
      content-type:
      - application/json
      date:
      - Fri, 18 Dec 2020 07:10:21 GMT
      expires:
      - '-1'
      pragma:
      - no-cache
      server:
      - Microsoft-IIS/10.0
      strict-transport-security:
      - max-age=31536000; includeSubDomains
      transfer-encoding:
      - chunked
      vary:
      - Accept-Encoding
      x-aspnet-version:
      - 4.0.30319
      x-content-type-options:
      - nosniff
      x-powered-by:
      - ASP.NET
    status:
      code: 200
      message: OK
- request:
    body: null
    headers:
      Accept:
      - application/json
      Accept-Encoding:
      - gzip, deflate
      CommandName:
      - webapp config container set
      Connection:
      - keep-alive
      Content-Length:
      - '0'
      ParameterSetName:
      - -g -n --slot --multicontainer-config-file --multicontainer-config-type
      User-Agent:
      - python/3.8.6 (Windows-10-10.0.19041-SP0) msrest/0.6.18 msrest_azure/0.6.3
        azure-mgmt-web/0.48.0 Azure-SDK-For-Python AZURECLI/2.16.0
      accept-language:
      - en-US
    method: POST
    uri: https://management.azure.com/subscriptions/00000000-0000-0000-0000-000000000000/resourceGroups/clitest.rg000001/providers/Microsoft.Web/sites/webapp-linux-multi000002/config/appsettings/list?api-version=2019-08-01
  response:
    body:
      string: '{"id":"/subscriptions/00000000-0000-0000-0000-000000000000/resourceGroups/clitest.rg000001/providers/Microsoft.Web/sites/webapp-linux-multi000002/config/appsettings","name":"appsettings","type":"Microsoft.Web/sites/config","location":"East
        US 2","properties":{}}'
    headers:
      cache-control:
      - no-cache
      content-length:
      - '321'
      content-type:
      - application/json
      date:
      - Fri, 18 Dec 2020 07:10:21 GMT
      expires:
      - '-1'
      pragma:
      - no-cache
      server:
      - Microsoft-IIS/10.0
      strict-transport-security:
      - max-age=31536000; includeSubDomains
      transfer-encoding:
      - chunked
      vary:
      - Accept-Encoding
      x-aspnet-version:
      - 4.0.30319
      x-content-type-options:
      - nosniff
      x-ms-ratelimit-remaining-subscription-resource-requests:
      - '11999'
      x-powered-by:
      - ASP.NET
    status:
      code: 200
      message: OK
- request:
    body: null
    headers:
      Accept:
      - application/json
      Accept-Encoding:
      - gzip, deflate
      CommandName:
      - webapp config container set
      Connection:
      - keep-alive
      ParameterSetName:
      - -g -n --slot --multicontainer-config-file --multicontainer-config-type
      User-Agent:
      - python/3.8.6 (Windows-10-10.0.19041-SP0) msrest/0.6.18 msrest_azure/0.6.3
        azure-mgmt-web/0.48.0 Azure-SDK-For-Python AZURECLI/2.16.0
      accept-language:
      - en-US
    method: GET
    uri: https://management.azure.com/subscriptions/00000000-0000-0000-0000-000000000000/resourceGroups/clitest.rg000001/providers/Microsoft.Web/sites/webapp-linux-multi000002/config/slotConfigNames?api-version=2019-08-01
  response:
    body:
      string: '{"id":null,"name":"webapp-linux-multi000002","type":"Microsoft.Web/sites","location":"East
        US 2","properties":{"connectionStringNames":null,"appSettingNames":null,"azureStorageConfigNames":null}}'
    headers:
      cache-control:
      - no-cache
      content-length:
      - '195'
      content-type:
      - application/json
      date:
      - Fri, 18 Dec 2020 07:10:23 GMT
      expires:
      - '-1'
      pragma:
      - no-cache
      server:
      - Microsoft-IIS/10.0
      strict-transport-security:
      - max-age=31536000; includeSubDomains
      transfer-encoding:
      - chunked
      vary:
      - Accept-Encoding
      x-aspnet-version:
      - 4.0.30319
      x-content-type-options:
      - nosniff
      x-powered-by:
      - ASP.NET
    status:
      code: 200
      message: OK
- request:
    body: '{"kind": "<class ''str''>", "properties": {}}'
    headers:
      Accept:
      - application/json
      Accept-Encoding:
      - gzip, deflate
      CommandName:
      - webapp config container set
      Connection:
      - keep-alive
      Content-Length:
      - '43'
      Content-Type:
      - application/json; charset=utf-8
      ParameterSetName:
      - -g -n --slot --multicontainer-config-file --multicontainer-config-type
      User-Agent:
      - python/3.8.6 (Windows-10-10.0.19041-SP0) msrest/0.6.18 msrest_azure/0.6.3
        azure-mgmt-web/0.48.0 Azure-SDK-For-Python AZURECLI/2.16.0
      accept-language:
      - en-US
    method: PUT
    uri: https://management.azure.com/subscriptions/00000000-0000-0000-0000-000000000000/resourceGroups/clitest.rg000001/providers/Microsoft.Web/sites/webapp-linux-multi000002/config/appsettings?api-version=2019-08-01
  response:
    body:
      string: '{"id":"/subscriptions/00000000-0000-0000-0000-000000000000/resourceGroups/clitest.rg000001/providers/Microsoft.Web/sites/webapp-linux-multi000002/config/appsettings","name":"appsettings","type":"Microsoft.Web/sites/config","location":"East
        US 2","properties":{}}'
    headers:
      cache-control:
      - no-cache
      content-length:
      - '321'
      content-type:
      - application/json
      date:
      - Fri, 18 Dec 2020 07:10:23 GMT
      etag:
      - '"1D6D50CDA948A60"'
      expires:
      - '-1'
      pragma:
      - no-cache
      server:
      - Microsoft-IIS/10.0
      strict-transport-security:
      - max-age=31536000; includeSubDomains
      transfer-encoding:
      - chunked
      vary:
      - Accept-Encoding
      x-aspnet-version:
      - 4.0.30319
      x-content-type-options:
      - nosniff
      x-ms-ratelimit-remaining-subscription-writes:
      - '1195'
      x-powered-by:
      - ASP.NET
    status:
      code: 200
      message: OK
- request:
    body: '{"properties": {"numberOfWorkers": 1, "defaultDocuments": ["Default.htm",
      "Default.html", "Default.asp", "index.htm", "index.html", "iisstart.htm", "default.aspx",
      "index.php", "hostingstart.html"], "netFrameworkVersion": "v4.0", "phpVersion":
      "", "pythonVersion": "", "nodeVersion": "", "powerShellVersion": "", "linuxFxVersion":
      "COMPOSE|dmVyc2lvbjogJzMnDQpzZXJ2aWNlczoNCiAgd2ViOg0KICAgIGltYWdlOiAicGF0bGUvcHl0aG9uX2FwcF9zbG90OmxhdGVzdCINCiAgICBwb3J0czoNCiAgICAgLSAiNTAwMDo1MDAwIg0KICByZWRpczoNCiAgICBpbWFnZTogInJlZGlzOmFscGluZSINCg==",
      "requestTracingEnabled": false, "remoteDebuggingEnabled": false, "httpLoggingEnabled":
      false, "acrUseManagedIdentityCreds": false, "logsDirectorySizeLimit": 35, "detailedErrorLoggingEnabled":
      false, "publishingUsername": "$webapp-linux-multi000002__stage", "scmType":
      "None", "use32BitWorkerProcess": true, "webSocketsEnabled": false, "alwaysOn":
      false, "appCommandLine": "", "managedPipelineMode": "Integrated", "virtualApplications":
      [{"virtualPath": "/", "physicalPath": "site\\wwwroot", "preloadEnabled": false}],
      "loadBalancing": "LeastRequests", "experiments": {"rampUpRules": []}, "autoHealEnabled":
      false, "vnetName": "", "localMySqlEnabled": false, "scmIpSecurityRestrictions":
      [{"ipAddress": "Any", "action": "Allow", "priority": 1, "name": "Allow all",
      "description": "Allow all access"}], "scmIpSecurityRestrictionsUseMain": false,
      "http20Enabled": true, "minTlsVersion": "1.2", "ftpsState": "AllAllowed", "preWarmedInstanceCount":
      0}}'
    headers:
      Accept:
      - application/json
      Accept-Encoding:
      - gzip, deflate
      CommandName:
      - webapp config container set
      Connection:
      - keep-alive
      Content-Length:
      - '1486'
      Content-Type:
      - application/json; charset=utf-8
      ParameterSetName:
      - -g -n --slot --multicontainer-config-file --multicontainer-config-type
      User-Agent:
      - python/3.8.6 (Windows-10-10.0.19041-SP0) msrest/0.6.18 msrest_azure/0.6.3
        azure-mgmt-web/0.48.0 Azure-SDK-For-Python AZURECLI/2.16.0
      accept-language:
      - en-US
    method: PATCH
    uri: https://management.azure.com/subscriptions/00000000-0000-0000-0000-000000000000/resourceGroups/clitest.rg000001/providers/Microsoft.Web/sites/webapp-linux-multi000002/slots/stage/config/web?api-version=2019-08-01
  response:
    body:
      string: '{"id":"/subscriptions/00000000-0000-0000-0000-000000000000/resourceGroups/clitest.rg000001/providers/Microsoft.Web/sites/webapp-linux-multi000002/slots/stage","name":"webapp-linux-multi000002/stage","type":"Microsoft.Web/sites/slots","location":"East
        US 2","properties":{"numberOfWorkers":1,"defaultDocuments":["Default.htm","Default.html","Default.asp","index.htm","index.html","iisstart.htm","default.aspx","index.php","hostingstart.html"],"netFrameworkVersion":"v4.0","phpVersion":"","pythonVersion":"","nodeVersion":"","powerShellVersion":"","linuxFxVersion":"COMPOSE|dmVyc2lvbjogJzMnDQpzZXJ2aWNlczoNCiAgd2ViOg0KICAgIGltYWdlOiAicGF0bGUvcHl0aG9uX2FwcF9zbG90OmxhdGVzdCINCiAgICBwb3J0czoNCiAgICAgLSAiNTAwMDo1MDAwIg0KICByZWRpczoNCiAgICBpbWFnZTogInJlZGlzOmFscGluZSINCg==","windowsFxVersion":null,"requestTracingEnabled":false,"remoteDebuggingEnabled":false,"remoteDebuggingVersion":"VS2019","httpLoggingEnabled":false,"azureMonitorLogCategories":null,"acrUseManagedIdentityCreds":false,"acrUserManagedIdentityID":null,"logsDirectorySizeLimit":35,"detailedErrorLoggingEnabled":false,"publishingUsername":"$webapp-linux-multi000002__stage","publishingPassword":null,"appSettings":null,"azureStorageAccounts":{},"metadata":null,"connectionStrings":null,"machineKey":null,"handlerMappings":null,"documentRoot":null,"scmType":"None","use32BitWorkerProcess":true,"webSocketsEnabled":false,"alwaysOn":false,"javaVersion":null,"javaContainer":null,"javaContainerVersion":null,"appCommandLine":"","managedPipelineMode":"Integrated","virtualApplications":[{"virtualPath":"/","physicalPath":"site\\wwwroot","preloadEnabled":false,"virtualDirectories":null}],"winAuthAdminState":0,"winAuthTenantState":0,"customAppPoolIdentityAdminState":false,"customAppPoolIdentityTenantState":false,"runtimeADUser":null,"runtimeADUserPassword":null,"loadBalancing":"LeastRequests","routingRules":[],"experiments":{"rampUpRules":[]},"limits":null,"autoHealEnabled":false,"autoHealRules":null,"tracingOptions":null,"vnetName":"","vnetRouteAllEnabled":false,"vnetPrivatePortsCount":0,"siteAuthEnabled":false,"siteAuthSettings":{"enabled":null,"unauthenticatedClientAction":null,"tokenStoreEnabled":null,"allowedExternalRedirectUrls":null,"defaultProvider":null,"clientId":null,"clientSecret":null,"clientSecretSettingName":null,"clientSecretCertificateThumbprint":null,"issuer":null,"allowedAudiences":null,"additionalLoginParams":null,"isAadAutoProvisioned":false,"aadClaimsAuthorization":null,"googleClientId":null,"googleClientSecret":null,"googleClientSecretSettingName":null,"googleOAuthScopes":null,"facebookAppId":null,"facebookAppSecret":null,"facebookAppSecretSettingName":null,"facebookOAuthScopes":null,"gitHubClientId":null,"gitHubClientSecret":null,"gitHubClientSecretSettingName":null,"gitHubOAuthScopes":null,"twitterConsumerKey":null,"twitterConsumerSecret":null,"twitterConsumerSecretSettingName":null,"microsoftAccountClientId":null,"microsoftAccountClientSecret":null,"microsoftAccountClientSecretSettingName":null,"microsoftAccountOAuthScopes":null},"cors":null,"push":null,"apiDefinition":null,"apiManagementConfig":null,"autoSwapSlotName":null,"localMySqlEnabled":false,"managedServiceIdentityId":null,"xManagedServiceIdentityId":null,"ipSecurityRestrictions":[{"ipAddress":"Any","action":"Allow","priority":1,"name":"Allow
        all","description":"Allow all access"}],"scmIpSecurityRestrictions":[{"ipAddress":"Any","action":"Allow","priority":1,"name":"Allow
        all","description":"Allow all access"}],"scmIpSecurityRestrictionsUseMain":false,"http20Enabled":true,"minTlsVersion":"1.2","scmMinTlsVersion":"1.0","ftpsState":"AllAllowed","preWarmedInstanceCount":0,"functionAppScaleLimit":0,"healthCheckPath":null,"fileChangeAuditEnabled":false,"functionsRuntimeScaleMonitoringEnabled":false,"websiteTimeZone":null,"minimumElasticInstanceCount":0}}'
    headers:
      cache-control:
      - no-cache
      content-length:
      - '3890'
      content-type:
      - application/json
      date:
      - Fri, 18 Dec 2020 07:10:25 GMT
      etag:
      - '"1D6D50CCEB90F0B"'
      expires:
      - '-1'
      pragma:
      - no-cache
      server:
      - Microsoft-IIS/10.0
      strict-transport-security:
      - max-age=31536000; includeSubDomains
      transfer-encoding:
      - chunked
      vary:
      - Accept-Encoding
      x-aspnet-version:
      - 4.0.30319
      x-content-type-options:
      - nosniff
      x-ms-ratelimit-remaining-subscription-writes:
      - '1198'
      x-powered-by:
      - ASP.NET
    status:
      code: 200
      message: OK
- request:
    body: null
    headers:
      Accept:
      - application/json
      Accept-Encoding:
      - gzip, deflate
      CommandName:
      - webapp config container set
      Connection:
      - keep-alive
      ParameterSetName:
      - -g -n --slot --multicontainer-config-file --multicontainer-config-type
      User-Agent:
      - python/3.8.6 (Windows-10-10.0.19041-SP0) msrest/0.6.18 msrest_azure/0.6.3
        azure-mgmt-web/0.48.0 Azure-SDK-For-Python AZURECLI/2.16.0
      accept-language:
      - en-US
    method: GET
    uri: https://management.azure.com/subscriptions/00000000-0000-0000-0000-000000000000/resourceGroups/clitest.rg000001/providers/Microsoft.Web/sites/webapp-linux-multi000002/slots/stage/config/web?api-version=2019-08-01
  response:
    body:
      string: '{"id":"/subscriptions/00000000-0000-0000-0000-000000000000/resourceGroups/clitest.rg000001/providers/Microsoft.Web/sites/webapp-linux-multi000002/slots/stage/config/web","name":"webapp-linux-multi000002","type":"Microsoft.Web/sites/config","location":"East
        US 2","properties":{"numberOfWorkers":1,"defaultDocuments":["Default.htm","Default.html","Default.asp","index.htm","index.html","iisstart.htm","default.aspx","index.php","hostingstart.html"],"netFrameworkVersion":"v4.0","phpVersion":"","pythonVersion":"","nodeVersion":"","powerShellVersion":"","linuxFxVersion":"COMPOSE|dmVyc2lvbjogJzMnDQpzZXJ2aWNlczoNCiAgd2ViOg0KICAgIGltYWdlOiAicGF0bGUvcHl0aG9uX2FwcF9zbG90OmxhdGVzdCINCiAgICBwb3J0czoNCiAgICAgLSAiNTAwMDo1MDAwIg0KICByZWRpczoNCiAgICBpbWFnZTogInJlZGlzOmFscGluZSINCg==","windowsFxVersion":null,"requestTracingEnabled":false,"remoteDebuggingEnabled":false,"remoteDebuggingVersion":"VS2019","httpLoggingEnabled":false,"azureMonitorLogCategories":null,"acrUseManagedIdentityCreds":false,"acrUserManagedIdentityID":null,"logsDirectorySizeLimit":35,"detailedErrorLoggingEnabled":false,"publishingUsername":"$webapp-linux-multi000002__stage","publishingPassword":null,"appSettings":null,"azureStorageAccounts":{},"metadata":null,"connectionStrings":null,"machineKey":null,"handlerMappings":null,"documentRoot":null,"scmType":"None","use32BitWorkerProcess":true,"webSocketsEnabled":false,"alwaysOn":false,"javaVersion":null,"javaContainer":null,"javaContainerVersion":null,"appCommandLine":"","managedPipelineMode":"Integrated","virtualApplications":[{"virtualPath":"/","physicalPath":"site\\wwwroot","preloadEnabled":false,"virtualDirectories":null}],"winAuthAdminState":0,"winAuthTenantState":0,"customAppPoolIdentityAdminState":false,"customAppPoolIdentityTenantState":false,"runtimeADUser":null,"runtimeADUserPassword":null,"loadBalancing":"LeastRequests","routingRules":[],"experiments":{"rampUpRules":[]},"limits":null,"autoHealEnabled":false,"autoHealRules":null,"tracingOptions":null,"vnetName":"","vnetRouteAllEnabled":false,"vnetPrivatePortsCount":0,"siteAuthEnabled":false,"siteAuthSettings":{"enabled":null,"unauthenticatedClientAction":null,"tokenStoreEnabled":null,"allowedExternalRedirectUrls":null,"defaultProvider":null,"clientId":null,"clientSecret":null,"clientSecretSettingName":null,"clientSecretCertificateThumbprint":null,"issuer":null,"allowedAudiences":null,"additionalLoginParams":null,"isAadAutoProvisioned":false,"aadClaimsAuthorization":null,"googleClientId":null,"googleClientSecret":null,"googleClientSecretSettingName":null,"googleOAuthScopes":null,"facebookAppId":null,"facebookAppSecret":null,"facebookAppSecretSettingName":null,"facebookOAuthScopes":null,"gitHubClientId":null,"gitHubClientSecret":null,"gitHubClientSecretSettingName":null,"gitHubOAuthScopes":null,"twitterConsumerKey":null,"twitterConsumerSecret":null,"twitterConsumerSecretSettingName":null,"microsoftAccountClientId":null,"microsoftAccountClientSecret":null,"microsoftAccountClientSecretSettingName":null,"microsoftAccountOAuthScopes":null},"cors":null,"push":null,"apiDefinition":null,"apiManagementConfig":null,"autoSwapSlotName":null,"localMySqlEnabled":false,"managedServiceIdentityId":null,"xManagedServiceIdentityId":null,"ipSecurityRestrictions":[{"ipAddress":"Any","action":"Allow","priority":1,"name":"Allow
        all","description":"Allow all access"}],"scmIpSecurityRestrictions":[{"ipAddress":"Any","action":"Allow","priority":1,"name":"Allow
        all","description":"Allow all access"}],"scmIpSecurityRestrictionsUseMain":false,"http20Enabled":true,"minTlsVersion":"1.2","scmMinTlsVersion":"1.0","ftpsState":"AllAllowed","preWarmedInstanceCount":0,"functionAppScaleLimit":0,"healthCheckPath":null,"fileChangeAuditEnabled":false,"functionsRuntimeScaleMonitoringEnabled":false,"websiteTimeZone":null,"minimumElasticInstanceCount":0}}'
    headers:
      cache-control:
      - no-cache
      content-length:
      - '3896'
      content-type:
      - application/json
      date:
      - Fri, 18 Dec 2020 07:10:26 GMT
      expires:
      - '-1'
      pragma:
      - no-cache
      server:
      - Microsoft-IIS/10.0
      strict-transport-security:
      - max-age=31536000; includeSubDomains
      transfer-encoding:
      - chunked
      vary:
      - Accept-Encoding
      x-aspnet-version:
      - 4.0.30319
      x-content-type-options:
      - nosniff
      x-powered-by:
      - ASP.NET
    status:
      code: 200
      message: OK
- request:
    body: null
    headers:
      Accept:
      - '*/*'
      Accept-Encoding:
      - gzip, deflate
      Connection:
      - keep-alive
      User-Agent:
      - python-requests/2.22.0
    method: GET
    uri: http://webapp-linux-multi000002-stage.azurewebsites.net/
  response:
    body:
      string: 'Hello from a slot! I have been seen 2 times.

        '
    headers:
      content-length:
      - '45'
      content-type:
      - text/html; charset=utf-8
      date:
      - Fri, 18 Dec 2020 07:11:05 GMT
      server:
      - Werkzeug/0.14.1 Python/3.4.9
      set-cookie:
      - ARRAffinity=ea74aed31f74c21cdba5bad4f842c3459dbbe1781ac34c7d7452bd6ee3fd4d50;Path=/;HttpOnly;Domain=webapp-linux-multiq2wqji-stage.azurewebsites.net
    status:
      code: 200
      message: OK
- request:
    body: null
    headers:
      Accept:
      - '*/*'
      Accept-Encoding:
      - gzip, deflate
      Connection:
      - keep-alive
      User-Agent:
      - python-requests/2.22.0
    method: GET
    uri: http://webapp-linux-multi000002-stage.azurewebsites.net/
  response:
    body:
      string: 'Hello from a slot! I have been seen 4 times.

        '
    headers:
      content-length:
      - '45'
      content-type:
      - text/html; charset=utf-8
      date:
      - Fri, 18 Dec 2020 07:11:05 GMT
      server:
      - Werkzeug/0.14.1 Python/3.4.9
      set-cookie:
      - ARRAffinity=ea74aed31f74c21cdba5bad4f842c3459dbbe1781ac34c7d7452bd6ee3fd4d50;Path=/;HttpOnly;Domain=webapp-linux-multiq2wqji-stage.azurewebsites.net
    status:
      code: 200
      message: OK
- request:
    body: null
    headers:
      Accept:
      - '*/*'
      Accept-Encoding:
      - gzip, deflate
      Connection:
      - keep-alive
      User-Agent:
      - python-requests/2.22.0
    method: GET
    uri: http://webapp-linux-multi000002-stage.azurewebsites.net/
  response:
    body:
      string: 'Hello from a slot! I have been seen 5 times.

        '
    headers:
      content-length:
      - '45'
      content-type:
      - text/html; charset=utf-8
      date:
      - Fri, 18 Dec 2020 07:11:05 GMT
      server:
      - Werkzeug/0.14.1 Python/3.4.9
      set-cookie:
      - ARRAffinity=ea74aed31f74c21cdba5bad4f842c3459dbbe1781ac34c7d7452bd6ee3fd4d50;Path=/;HttpOnly;Domain=webapp-linux-multiq2wqji-stage.azurewebsites.net
    status:
      code: 200
      message: OK
- request:
    body: null
    headers:
      Accept:
      - '*/*'
      Accept-Encoding:
      - gzip, deflate
      Connection:
      - keep-alive
      User-Agent:
      - python-requests/2.22.0
    method: GET
    uri: http://webapp-linux-multi000002-stage.azurewebsites.net/
  response:
    body:
      string: 'Hello from a slot! I have been seen 6 times.

        '
    headers:
      content-length:
      - '45'
      content-type:
      - text/html; charset=utf-8
      date:
      - Fri, 18 Dec 2020 07:11:05 GMT
      server:
      - Werkzeug/0.14.1 Python/3.4.9
      set-cookie:
      - ARRAffinity=ea74aed31f74c21cdba5bad4f842c3459dbbe1781ac34c7d7452bd6ee3fd4d50;Path=/;HttpOnly;Domain=webapp-linux-multiq2wqji-stage.azurewebsites.net
    status:
      code: 200
      message: OK
- request:
    body: null
    headers:
      Accept:
      - '*/*'
      Accept-Encoding:
      - gzip, deflate
      Connection:
      - keep-alive
      User-Agent:
      - python-requests/2.22.0
    method: GET
    uri: http://webapp-linux-multi000002-stage.azurewebsites.net/
  response:
    body:
      string: 'Hello from a slot! I have been seen 7 times.

        '
    headers:
      content-length:
      - '45'
      content-type:
      - text/html; charset=utf-8
      date:
      - Fri, 18 Dec 2020 07:11:06 GMT
      server:
      - Werkzeug/0.14.1 Python/3.4.9
      set-cookie:
      - ARRAffinity=ea74aed31f74c21cdba5bad4f842c3459dbbe1781ac34c7d7452bd6ee3fd4d50;Path=/;HttpOnly;Domain=webapp-linux-multiq2wqji-stage.azurewebsites.net
    status:
      code: 200
      message: OK
- request:
    body: null
    headers:
      Accept:
      - '*/*'
      Accept-Encoding:
      - gzip, deflate
      Connection:
      - keep-alive
      User-Agent:
      - python-requests/2.22.0
    method: GET
    uri: http://webapp-linux-multi000002-stage.azurewebsites.net/
  response:
    body:
      string: 'Hello from a slot! I have been seen 8 times.

        '
    headers:
      content-length:
      - '45'
      content-type:
      - text/html; charset=utf-8
      date:
      - Fri, 18 Dec 2020 07:11:06 GMT
      server:
      - Werkzeug/0.14.1 Python/3.4.9
      set-cookie:
      - ARRAffinity=ea74aed31f74c21cdba5bad4f842c3459dbbe1781ac34c7d7452bd6ee3fd4d50;Path=/;HttpOnly;Domain=webapp-linux-multiq2wqji-stage.azurewebsites.net
    status:
      code: 200
      message: OK
- request:
    body: null
    headers:
      Accept:
      - '*/*'
      Accept-Encoding:
      - gzip, deflate
      Connection:
      - keep-alive
      User-Agent:
      - python-requests/2.22.0
    method: GET
    uri: http://webapp-linux-multi000002-stage.azurewebsites.net/
  response:
    body:
      string: 'Hello from a slot! I have been seen 9 times.

        '
    headers:
      content-length:
      - '45'
      content-type:
      - text/html; charset=utf-8
      date:
      - Fri, 18 Dec 2020 07:11:07 GMT
      server:
      - Werkzeug/0.14.1 Python/3.4.9
      set-cookie:
      - ARRAffinity=ea74aed31f74c21cdba5bad4f842c3459dbbe1781ac34c7d7452bd6ee3fd4d50;Path=/;HttpOnly;Domain=webapp-linux-multiq2wqji-stage.azurewebsites.net
    status:
      code: 200
      message: OK
- request:
    body: null
    headers:
      Accept:
      - '*/*'
      Accept-Encoding:
      - gzip, deflate
      Connection:
      - keep-alive
      User-Agent:
      - python-requests/2.22.0
    method: GET
    uri: http://webapp-linux-multi000002-stage.azurewebsites.net/
  response:
    body:
      string: 'Hello from a slot! I have been seen 10 times.

        '
    headers:
      content-length:
      - '46'
      content-type:
      - text/html; charset=utf-8
      date:
      - Fri, 18 Dec 2020 07:11:06 GMT
      server:
      - Werkzeug/0.14.1 Python/3.4.9
      set-cookie:
      - ARRAffinity=ea74aed31f74c21cdba5bad4f842c3459dbbe1781ac34c7d7452bd6ee3fd4d50;Path=/;HttpOnly;Domain=webapp-linux-multiq2wqji-stage.azurewebsites.net
    status:
      code: 200
      message: OK
- request:
    body: null
    headers:
      Accept:
      - '*/*'
      Accept-Encoding:
      - gzip, deflate
      Connection:
      - keep-alive
      User-Agent:
      - python-requests/2.22.0
    method: GET
    uri: http://webapp-linux-multi000002-stage.azurewebsites.net/
  response:
    body:
      string: 'Hello from a slot! I have been seen 11 times.

        '
    headers:
      content-length:
      - '46'
      content-type:
      - text/html; charset=utf-8
      date:
      - Fri, 18 Dec 2020 07:11:06 GMT
      server:
      - Werkzeug/0.14.1 Python/3.4.9
      set-cookie:
      - ARRAffinity=ea74aed31f74c21cdba5bad4f842c3459dbbe1781ac34c7d7452bd6ee3fd4d50;Path=/;HttpOnly;Domain=webapp-linux-multiq2wqji-stage.azurewebsites.net
    status:
      code: 200
      message: OK
- request:
    body: null
    headers:
      Accept:
      - '*/*'
      Accept-Encoding:
      - gzip, deflate
      Connection:
      - keep-alive
      User-Agent:
      - python-requests/2.22.0
    method: GET
    uri: http://webapp-linux-multi000002-stage.azurewebsites.net/
  response:
    body:
      string: 'Hello from a slot! I have been seen 12 times.

        '
    headers:
      content-length:
      - '46'
      content-type:
      - text/html; charset=utf-8
      date:
      - Fri, 18 Dec 2020 07:11:07 GMT
      server:
      - Werkzeug/0.14.1 Python/3.4.9
      set-cookie:
      - ARRAffinity=ea74aed31f74c21cdba5bad4f842c3459dbbe1781ac34c7d7452bd6ee3fd4d50;Path=/;HttpOnly;Domain=webapp-linux-multiq2wqji-stage.azurewebsites.net
    status:
      code: 200
      message: OK
version: 1
