interactions:
- request:
    body: null
    headers:
      Accept:
      - application/json
      Accept-Encoding:
      - gzip, deflate
      CommandName:
      - appservice plan create
      Connection:
      - keep-alive
      ParameterSetName:
      - -g -n --is-linux
      User-Agent:
      - python/3.7.6 (Windows-10-10.0.18362-SP0) msrest/0.6.9 msrest_azure/0.6.3 azure-mgmt-resource/10.0.0
        Azure-SDK-For-Python AZURECLI/2.9.1
      accept-language:
      - en-US
    method: GET
    uri: https://management.azure.com/subscriptions/00000000-0000-0000-0000-000000000000/resourcegroups/clitest.rg000001?api-version=2020-06-01
  response:
    body:
      string: '{"id":"/subscriptions/00000000-0000-0000-0000-000000000000/resourceGroups/clitest.rg000001","name":"clitest.rg000001","type":"Microsoft.Resources/resourceGroups","location":"eastus2","tags":{"product":"azurecli","cause":"automation","date":"2020-07-22T05:29:56Z"},"properties":{"provisioningState":"Succeeded"}}'
    headers:
      cache-control:
      - no-cache
      content-length:
      - '429'
      content-type:
      - application/json; charset=utf-8
      date:
      - Wed, 22 Jul 2020 05:30:08 GMT
      expires:
      - '-1'
      pragma:
      - no-cache
      strict-transport-security:
      - max-age=31536000; includeSubDomains
      vary:
      - Accept-Encoding
      x-content-type-options:
      - nosniff
    status:
      code: 200
      message: OK
- request:
    body: '{"name": "plan-linux-multi000003", "type": "Microsoft.Web/serverfarms",
      "location": "eastus2", "properties": {"skuName": "B1", "needLinuxWorkers": true,
      "capacity": 1}}'
    headers:
      Accept:
      - application/json
      Accept-Encoding:
      - gzip, deflate
      CommandName:
      - appservice plan create
      Connection:
      - keep-alive
      Content-Length:
      - '170'
      Content-Type:
      - application/json; charset=utf-8
      ParameterSetName:
      - -g -n --is-linux
      User-Agent:
      - python/3.7.6 (Windows-10-10.0.18362-SP0) msrest/0.6.9 msrest_azure/0.6.3 azure-mgmt-web/0.46.0
        Azure-SDK-For-Python AZURECLI/2.9.1
      accept-language:
      - en-US
    method: POST
    uri: https://management.azure.com/subscriptions/00000000-0000-0000-0000-000000000000/resourceGroups/clitest.rg000001/providers/Microsoft.Web/validate?api-version=2019-08-01
  response:
    body:
      string: '{"status":"Success","error":null}'
    headers:
      cache-control:
      - no-cache
      content-length:
      - '33'
      content-type:
      - application/json
      date:
      - Wed, 22 Jul 2020 05:30:09 GMT
      expires:
      - '-1'
      pragma:
      - no-cache
      server:
      - Microsoft-IIS/10.0
      strict-transport-security:
      - max-age=31536000; includeSubDomains
      transfer-encoding:
      - chunked
      vary:
      - Accept-Encoding
      x-aspnet-version:
      - 4.0.30319
      x-content-type-options:
      - nosniff
      x-ms-ratelimit-remaining-subscription-writes:
      - '1199'
      x-powered-by:
      - ASP.NET
    status:
      code: 200
      message: OK
- request:
    body: null
    headers:
      Accept:
      - application/json
      Accept-Encoding:
      - gzip, deflate
      CommandName:
      - appservice plan create
      Connection:
      - keep-alive
      ParameterSetName:
      - -g -n --is-linux
      User-Agent:
      - python/3.7.6 (Windows-10-10.0.18362-SP0) msrest/0.6.9 msrest_azure/0.6.3 azure-mgmt-resource/10.0.0
        Azure-SDK-For-Python AZURECLI/2.9.1
      accept-language:
      - en-US
    method: GET
    uri: https://management.azure.com/subscriptions/00000000-0000-0000-0000-000000000000/resourcegroups/clitest.rg000001?api-version=2020-06-01
  response:
    body:
      string: '{"id":"/subscriptions/00000000-0000-0000-0000-000000000000/resourceGroups/clitest.rg000001","name":"clitest.rg000001","type":"Microsoft.Resources/resourceGroups","location":"eastus2","tags":{"product":"azurecli","cause":"automation","date":"2020-07-22T05:29:56Z"},"properties":{"provisioningState":"Succeeded"}}'
    headers:
      cache-control:
      - no-cache
      content-length:
      - '429'
      content-type:
      - application/json; charset=utf-8
      date:
      - Wed, 22 Jul 2020 05:30:13 GMT
      expires:
      - '-1'
      pragma:
      - no-cache
      strict-transport-security:
      - max-age=31536000; includeSubDomains
      vary:
      - Accept-Encoding
      x-content-type-options:
      - nosniff
    status:
      code: 200
      message: OK
- request:
    body: '{"location": "eastus2", "properties": {"perSiteScaling": false, "reserved":
      true, "isXenon": false}, "sku": {"name": "B1", "tier": "BASIC", "capacity":
      1}}'
    headers:
      Accept:
      - application/json
      Accept-Encoding:
      - gzip, deflate
      CommandName:
      - appservice plan create
      Connection:
      - keep-alive
      Content-Length:
      - '155'
      Content-Type:
      - application/json; charset=utf-8
      ParameterSetName:
      - -g -n --is-linux
      User-Agent:
      - python/3.7.6 (Windows-10-10.0.18362-SP0) msrest/0.6.9 msrest_azure/0.6.3 azure-mgmt-web/0.46.0
        Azure-SDK-For-Python AZURECLI/2.9.1
      accept-language:
      - en-US
    method: PUT
    uri: https://management.azure.com/subscriptions/00000000-0000-0000-0000-000000000000/resourceGroups/clitest.rg000001/providers/Microsoft.Web/serverfarms/plan-linux-multi000003?api-version=2019-08-01
  response:
    body:
      string: '{"id":"/subscriptions/00000000-0000-0000-0000-000000000000/resourceGroups/clitest.rg000001/providers/Microsoft.Web/serverfarms/plan-linux-multi000003","name":"plan-linux-multi000003","type":"Microsoft.Web/serverfarms","kind":"linux","location":"East
        US 2","properties":{"serverFarmId":8281,"name":"plan-linux-multi000003","workerSize":"Default","workerSizeId":0,"workerTierName":null,"numberOfWorkers":1,"currentWorkerSize":"Default","currentWorkerSizeId":0,"currentNumberOfWorkers":1,"status":"Ready","webSpace":"clitest.rg000001-EastUS2webspace","subscription":"04b0639d-85d8-445a-bada-8da78e50ff30","adminSiteName":null,"hostingEnvironment":null,"hostingEnvironmentProfile":null,"maximumNumberOfWorkers":3,"planName":"VirtualDedicatedPlan","adminRuntimeSiteName":null,"computeMode":"Dedicated","siteMode":null,"geoRegion":"East
        US 2","perSiteScaling":false,"maximumElasticWorkerCount":1,"numberOfSites":0,"hostingEnvironmentId":null,"isSpot":false,"spotExpirationTime":null,"freeOfferExpirationTime":null,"tags":null,"kind":"linux","resourceGroup":"clitest.rg000001","reserved":true,"isXenon":false,"hyperV":false,"mdmId":"waws-prod-bn1-065_8281","targetWorkerCount":0,"targetWorkerSizeId":0,"provisioningState":"Succeeded","webSiteId":null,"existingServerFarmIds":null},"sku":{"name":"B1","tier":"Basic","size":"B1","family":"B","capacity":1}}'
    headers:
      cache-control:
      - no-cache
      content-length:
      - '1530'
      content-type:
      - application/json
      date:
      - Wed, 22 Jul 2020 05:30:34 GMT
      expires:
      - '-1'
      pragma:
      - no-cache
      server:
      - Microsoft-IIS/10.0
      strict-transport-security:
      - max-age=31536000; includeSubDomains
      transfer-encoding:
      - chunked
      vary:
      - Accept-Encoding
      x-aspnet-version:
      - 4.0.30319
      x-content-type-options:
      - nosniff
      x-ms-ratelimit-remaining-subscription-writes:
      - '1198'
      x-powered-by:
      - ASP.NET
    status:
      code: 200
      message: OK
- request:
    body: null
    headers:
      Accept:
      - application/json
      Accept-Encoding:
      - gzip, deflate
      CommandName:
      - webapp create
      Connection:
      - keep-alive
      ParameterSetName:
      - -g -n --plan --multicontainer-config-file --multicontainer-config-type
      User-Agent:
      - python/3.7.6 (Windows-10-10.0.18362-SP0) msrest/0.6.9 msrest_azure/0.6.3 azure-mgmt-web/0.46.0
        Azure-SDK-For-Python AZURECLI/2.9.1
      accept-language:
      - en-US
    method: GET
    uri: https://management.azure.com/subscriptions/00000000-0000-0000-0000-000000000000/resourceGroups/clitest.rg000001/providers/Microsoft.Web/serverfarms/plan-linux-multi000003?api-version=2019-08-01
  response:
    body:
      string: '{"id":"/subscriptions/00000000-0000-0000-0000-000000000000/resourceGroups/clitest.rg000001/providers/Microsoft.Web/serverfarms/plan-linux-multi000003","name":"plan-linux-multi000003","type":"Microsoft.Web/serverfarms","kind":"linux","location":"East
        US 2","properties":{"serverFarmId":8281,"name":"plan-linux-multi000003","workerSize":"Default","workerSizeId":0,"workerTierName":null,"numberOfWorkers":1,"currentWorkerSize":"Default","currentWorkerSizeId":0,"currentNumberOfWorkers":1,"status":"Ready","webSpace":"clitest.rg000001-EastUS2webspace","subscription":"04b0639d-85d8-445a-bada-8da78e50ff30","adminSiteName":null,"hostingEnvironment":null,"hostingEnvironmentProfile":null,"maximumNumberOfWorkers":3,"planName":"VirtualDedicatedPlan","adminRuntimeSiteName":null,"computeMode":"Dedicated","siteMode":null,"geoRegion":"East
        US 2","perSiteScaling":false,"maximumElasticWorkerCount":1,"numberOfSites":0,"hostingEnvironmentId":null,"isSpot":false,"spotExpirationTime":null,"freeOfferExpirationTime":null,"tags":null,"kind":"linux","resourceGroup":"clitest.rg000001","reserved":true,"isXenon":false,"hyperV":false,"mdmId":"waws-prod-bn1-065_8281","targetWorkerCount":0,"targetWorkerSizeId":0,"provisioningState":"Succeeded","webSiteId":null,"existingServerFarmIds":null},"sku":{"name":"B1","tier":"Basic","size":"B1","family":"B","capacity":1}}'
    headers:
      cache-control:
      - no-cache
      content-length:
      - '1530'
      content-type:
      - application/json
      date:
      - Wed, 22 Jul 2020 05:30:35 GMT
      expires:
      - '-1'
      pragma:
      - no-cache
      server:
      - Microsoft-IIS/10.0
      strict-transport-security:
      - max-age=31536000; includeSubDomains
      transfer-encoding:
      - chunked
      vary:
      - Accept-Encoding
      x-aspnet-version:
      - 4.0.30319
      x-content-type-options:
      - nosniff
      x-powered-by:
      - ASP.NET
    status:
      code: 200
      message: OK
- request:
    body: 'b''{"name": "webapp-linux-multi000002", "type": "Microsoft.Web/sites",
      "location": "East US 2", "properties": {"serverFarmId": "/subscriptions/00000000-0000-0000-0000-000000000000/resourceGroups/clitest.rg000001/providers/Microsoft.Web/serverfarms/plan-linux-multi000003"}}'''
    headers:
      Accept:
      - application/json
      Accept-Encoding:
      - gzip, deflate
      CommandName:
      - webapp create
      Connection:
      - keep-alive
      Content-Length:
      - '331'
      Content-Type:
      - application/json; charset=utf-8
      ParameterSetName:
      - -g -n --plan --multicontainer-config-file --multicontainer-config-type
      User-Agent:
      - python/3.7.6 (Windows-10-10.0.18362-SP0) msrest/0.6.9 msrest_azure/0.6.3 azure-mgmt-web/0.46.0
        Azure-SDK-For-Python AZURECLI/2.9.1
      accept-language:
      - en-US
    method: POST
    uri: https://management.azure.com/subscriptions/00000000-0000-0000-0000-000000000000/resourceGroups/clitest.rg000001/providers/Microsoft.Web/validate?api-version=2019-08-01
  response:
    body:
      string: '{"status":"Success","error":null}'
    headers:
      cache-control:
      - no-cache
      content-length:
      - '33'
      content-type:
      - application/json
      date:
      - Wed, 22 Jul 2020 05:30:37 GMT
      expires:
      - '-1'
      pragma:
      - no-cache
      server:
      - Microsoft-IIS/10.0
      strict-transport-security:
      - max-age=31536000; includeSubDomains
      transfer-encoding:
      - chunked
      vary:
      - Accept-Encoding
      x-aspnet-version:
      - 4.0.30319
      x-content-type-options:
      - nosniff
      x-ms-ratelimit-remaining-subscription-writes:
      - '1198'
      x-powered-by:
      - ASP.NET
    status:
      code: 200
      message: OK
- request:
    body: null
    headers:
      Accept:
      - application/json
      Accept-Encoding:
      - gzip, deflate
      CommandName:
      - webapp create
      Connection:
      - keep-alive
      ParameterSetName:
      - -g -n --plan --multicontainer-config-file --multicontainer-config-type
      User-Agent:
      - python/3.7.6 (Windows-10-10.0.18362-SP0) msrest/0.6.9 msrest_azure/0.6.3 azure-mgmt-web/0.46.0
        Azure-SDK-For-Python AZURECLI/2.9.1
      accept-language:
      - en-US
    method: GET
    uri: https://management.azure.com/subscriptions/00000000-0000-0000-0000-000000000000/resourceGroups/clitest.rg000001/providers/Microsoft.Web/serverfarms/plan-linux-multi000003?api-version=2019-08-01
  response:
    body:
      string: '{"id":"/subscriptions/00000000-0000-0000-0000-000000000000/resourceGroups/clitest.rg000001/providers/Microsoft.Web/serverfarms/plan-linux-multi000003","name":"plan-linux-multi000003","type":"Microsoft.Web/serverfarms","kind":"linux","location":"East
        US 2","properties":{"serverFarmId":8281,"name":"plan-linux-multi000003","workerSize":"Default","workerSizeId":0,"workerTierName":null,"numberOfWorkers":1,"currentWorkerSize":"Default","currentWorkerSizeId":0,"currentNumberOfWorkers":1,"status":"Ready","webSpace":"clitest.rg000001-EastUS2webspace","subscription":"04b0639d-85d8-445a-bada-8da78e50ff30","adminSiteName":null,"hostingEnvironment":null,"hostingEnvironmentProfile":null,"maximumNumberOfWorkers":3,"planName":"VirtualDedicatedPlan","adminRuntimeSiteName":null,"computeMode":"Dedicated","siteMode":null,"geoRegion":"East
        US 2","perSiteScaling":false,"maximumElasticWorkerCount":1,"numberOfSites":0,"hostingEnvironmentId":null,"isSpot":false,"spotExpirationTime":null,"freeOfferExpirationTime":null,"tags":null,"kind":"linux","resourceGroup":"clitest.rg000001","reserved":true,"isXenon":false,"hyperV":false,"mdmId":"waws-prod-bn1-065_8281","targetWorkerCount":0,"targetWorkerSizeId":0,"provisioningState":"Succeeded","webSiteId":null,"existingServerFarmIds":null},"sku":{"name":"B1","tier":"Basic","size":"B1","family":"B","capacity":1}}'
    headers:
      cache-control:
      - no-cache
      content-length:
      - '1530'
      content-type:
      - application/json
      date:
      - Wed, 22 Jul 2020 05:30:40 GMT
      expires:
      - '-1'
      pragma:
      - no-cache
      server:
      - Microsoft-IIS/10.0
      strict-transport-security:
      - max-age=31536000; includeSubDomains
      transfer-encoding:
      - chunked
      vary:
      - Accept-Encoding
      x-aspnet-version:
      - 4.0.30319
      x-content-type-options:
      - nosniff
      x-powered-by:
      - ASP.NET
    status:
      code: 200
      message: OK
- request:
    body: '{"name": "webapp-linux-multi000002", "type": "Site"}'
    headers:
      Accept:
      - application/json
      Accept-Encoding:
      - gzip, deflate
      CommandName:
      - webapp create
      Connection:
      - keep-alive
      Content-Length:
      - '52'
      Content-Type:
      - application/json; charset=utf-8
      ParameterSetName:
      - -g -n --plan --multicontainer-config-file --multicontainer-config-type
      User-Agent:
      - python/3.7.6 (Windows-10-10.0.18362-SP0) msrest/0.6.9 msrest_azure/0.6.3 azure-mgmt-web/0.46.0
        Azure-SDK-For-Python AZURECLI/2.9.1
      accept-language:
      - en-US
    method: POST
    uri: https://management.azure.com/subscriptions/00000000-0000-0000-0000-000000000000/providers/Microsoft.Web/checknameavailability?api-version=2019-08-01
  response:
    body:
      string: '{"nameAvailable":true,"reason":"","message":""}'
    headers:
      cache-control:
      - no-cache
      content-length:
      - '47'
      content-type:
      - application/json
      date:
      - Wed, 22 Jul 2020 05:30:42 GMT
      expires:
      - '-1'
      pragma:
      - no-cache
      server:
      - Microsoft-IIS/10.0
      strict-transport-security:
      - max-age=31536000; includeSubDomains
      transfer-encoding:
      - chunked
      vary:
      - Accept-Encoding
      x-aspnet-version:
      - 4.0.30319
      x-content-type-options:
      - nosniff
      x-powered-by:
      - ASP.NET
    status:
      code: 200
      message: OK
- request:
    body: 'b''{"location": "East US 2", "properties": {"serverFarmId": "/subscriptions/00000000-0000-0000-0000-000000000000/resourceGroups/clitest.rg000001/providers/Microsoft.Web/serverfarms/plan-linux-multi000003",
      "reserved": false, "isXenon": false, "hyperV": false, "siteConfig": {"netFrameworkVersion":
      "v4.6", "linuxFxVersion": "COMPOSE|dmVyc2lvbjogJzMnDQpzZXJ2aWNlczoNCiAgd2ViOg0KICAgIGltYWdlOiAicGF0bGUvcHl0aG9uX2FwcDoxLjAiDQogICAgcG9ydHM6DQogICAgIC0gIjUwMDA6NTAwMCINCiAgcmVkaXM6DQogICAgaW1hZ2U6ICJyZWRpczphbHBpbmUiDQo=",
      "appSettings": [], "localMySqlEnabled": false, "http20Enabled": true}, "scmSiteAlsoStopped":
      false, "httpsOnly": false}}'''
    headers:
      Accept:
      - application/json
      Accept-Encoding:
      - gzip, deflate
      CommandName:
      - webapp create
      Connection:
      - keep-alive
      Content-Length:
      - '698'
      Content-Type:
      - application/json; charset=utf-8
      ParameterSetName:
      - -g -n --plan --multicontainer-config-file --multicontainer-config-type
      User-Agent:
      - python/3.7.6 (Windows-10-10.0.18362-SP0) msrest/0.6.9 msrest_azure/0.6.3 azure-mgmt-web/0.46.0
        Azure-SDK-For-Python AZURECLI/2.9.1
      accept-language:
      - en-US
    method: PUT
    uri: https://management.azure.com/subscriptions/00000000-0000-0000-0000-000000000000/resourceGroups/clitest.rg000001/providers/Microsoft.Web/sites/webapp-linux-multi000002?api-version=2019-08-01
  response:
    body:
      string: '{"id":"/subscriptions/00000000-0000-0000-0000-000000000000/resourceGroups/clitest.rg000001/providers/Microsoft.Web/sites/webapp-linux-multi000002","name":"webapp-linux-multi000002","type":"Microsoft.Web/sites","kind":"app,linux,container","location":"East
        US 2","properties":{"name":"webapp-linux-multi000002","state":"Running","hostNames":["webapp-linux-multi000002.azurewebsites.net"],"webSpace":"clitest.rg000001-EastUS2webspace","selfLink":"https://waws-prod-bn1-065.api.azurewebsites.windows.net:454/subscriptions/00000000-0000-0000-0000-000000000000/webspaces/clitest.rg000001-EastUS2webspace/sites/webapp-linux-multi000002","repositorySiteName":"webapp-linux-multi000002","owner":null,"usageState":"Normal","enabled":true,"adminEnabled":true,"enabledHostNames":["webapp-linux-multi000002.azurewebsites.net","webapp-linux-multi000002.scm.azurewebsites.net"],"siteProperties":{"metadata":null,"properties":[{"name":"LinuxFxVersion","value":"COMPOSE|dmVyc2lvbjogJzMnDQpzZXJ2aWNlczoNCiAgd2ViOg0KICAgIGltYWdlOiAicGF0bGUvcHl0aG9uX2FwcDoxLjAiDQogICAgcG9ydHM6DQogICAgIC0gIjUwMDA6NTAwMCINCiAgcmVkaXM6DQogICAgaW1hZ2U6ICJyZWRpczphbHBpbmUiDQo="},{"name":"WindowsFxVersion","value":null}],"appSettings":null},"availabilityState":"Normal","sslCertificates":null,"csrs":[],"cers":null,"siteMode":null,"hostNameSslStates":[{"name":"webapp-linux-multi000002.azurewebsites.net","sslState":"Disabled","ipBasedSslResult":null,"virtualIP":null,"thumbprint":null,"toUpdate":null,"toUpdateIpBasedSsl":null,"ipBasedSslState":"NotConfigured","hostType":"Standard"},{"name":"webapp-linux-multi000002.scm.azurewebsites.net","sslState":"Disabled","ipBasedSslResult":null,"virtualIP":null,"thumbprint":null,"toUpdate":null,"toUpdateIpBasedSsl":null,"ipBasedSslState":"NotConfigured","hostType":"Repository"}],"computeMode":null,"serverFarm":null,"serverFarmId":"/subscriptions/00000000-0000-0000-0000-000000000000/resourceGroups/clitest.rg000001/providers/Microsoft.Web/serverfarms/plan-linux-multi000003","reserved":true,"isXenon":false,"hyperV":false,"lastModifiedTimeUtc":"2020-07-22T05:30:52.2766667","storageRecoveryDefaultState":"Running","contentAvailabilityState":"Normal","runtimeAvailabilityState":"Normal","siteConfig":{"numberOfWorkers":null,"defaultDocuments":null,"netFrameworkVersion":null,"phpVersion":null,"pythonVersion":null,"nodeVersion":null,"powerShellVersion":null,"linuxFxVersion":null,"windowsFxVersion":null,"requestTracingEnabled":null,"remoteDebuggingEnabled":null,"remoteDebuggingVersion":null,"httpLoggingEnabled":null,"azureMonitorLogCategories":null,"acrUseManagedIdentityCreds":false,"acrUserManagedIdentityID":null,"logsDirectorySizeLimit":null,"detailedErrorLoggingEnabled":null,"publishingUsername":null,"publishingPassword":null,"appSettings":null,"metadata":null,"connectionStrings":null,"machineKey":null,"handlerMappings":null,"documentRoot":null,"scmType":null,"use32BitWorkerProcess":null,"webSocketsEnabled":null,"alwaysOn":null,"javaVersion":null,"javaContainer":null,"javaContainerVersion":null,"appCommandLine":null,"managedPipelineMode":null,"virtualApplications":null,"winAuthAdminState":null,"winAuthTenantState":null,"customAppPoolIdentityAdminState":null,"customAppPoolIdentityTenantState":null,"runtimeADUser":null,"runtimeADUserPassword":null,"loadBalancing":null,"routingRules":null,"experiments":null,"limits":null,"autoHealEnabled":null,"autoHealRules":null,"tracingOptions":null,"vnetName":null,"cors":null,"push":null,"apiDefinition":null,"apiManagementConfig":null,"autoSwapSlotName":null,"localMySqlEnabled":null,"managedServiceIdentityId":null,"xManagedServiceIdentityId":null,"ipSecurityRestrictions":[{"ipAddress":"Any","action":"Allow","priority":1,"name":"Allow
        all","description":"Allow all access"}],"scmIpSecurityRestrictions":[{"ipAddress":"Any","action":"Allow","priority":1,"name":"Allow
        all","description":"Allow all access"}],"scmIpSecurityRestrictionsUseMain":null,"http20Enabled":null,"minTlsVersion":null,"ftpsState":null,"preWarmedInstanceCount":null,"healthCheckPath":null,"fileChangeAuditEnabled":null,"functionsRuntimeScaleMonitoringEnabled":null,"websiteTimeZone":null,"minimumElasticInstanceCount":0},"deploymentId":"webapp-linux-multi000002","trafficManagerHostNames":null,"sku":"Basic","scmSiteAlsoStopped":false,"targetSwapSlot":null,"hostingEnvironment":null,"hostingEnvironmentProfile":null,"clientAffinityEnabled":true,"clientCertEnabled":false,"clientCertMode":"Required","clientCertExclusionPaths":null,"hostNamesDisabled":false,"domainVerificationIdentifiers":null,"customDomainVerificationId":"C3E7C05FE8A97695B3AE08C1935F4251C48E338FE439627B2E788D9D718C8A70","kind":"app,linux,container","inboundIpAddress":"40.70.147.11","possibleInboundIpAddresses":"40.70.147.11","ftpUsername":"webapp-linux-multi000002\\$webapp-linux-multi000002","ftpsHostName":"ftps://waws-prod-bn1-065.ftp.azurewebsites.windows.net/site/wwwroot","outboundIpAddresses":"40.70.147.11,52.177.23.145,52.184.147.38,52.177.119.222,52.177.22.136","possibleOutboundIpAddresses":"40.70.147.11,52.177.23.145,52.184.147.38,52.177.119.222,52.177.22.136,104.209.253.237,104.46.96.136,40.70.28.239,52.177.127.186,52.184.147.42","containerSize":0,"dailyMemoryTimeQuota":0,"suspendedTill":null,"siteDisabledReason":0,"functionExecutionUnitsCache":null,"maxNumberOfWorkers":null,"homeStamp":"waws-prod-bn1-065","cloningInfo":null,"hostingEnvironmentId":null,"tags":null,"resourceGroup":"clitest.rg000001","defaultHostName":"webapp-linux-multi000002.azurewebsites.net","slotSwapStatus":null,"httpsOnly":false,"redundancyMode":"None","inProgressOperationId":null,"geoDistributions":null,"privateEndpointConnections":null,"buildVersion":null,"targetBuildVersion":null}}'
    headers:
      cache-control:
      - no-cache
      content-length:
      - '5990'
      content-type:
      - application/json
      date:
      - Wed, 22 Jul 2020 05:31:09 GMT
      etag:
      - '"1D65FE943F72F60"'
      expires:
      - '-1'
      pragma:
      - no-cache
      server:
      - Microsoft-IIS/10.0
      strict-transport-security:
      - max-age=31536000; includeSubDomains
      transfer-encoding:
      - chunked
      vary:
      - Accept-Encoding
      x-aspnet-version:
      - 4.0.30319
      x-content-type-options:
      - nosniff
      x-ms-ratelimit-remaining-subscription-resource-requests:
      - '499'
      x-powered-by:
      - ASP.NET
    status:
      code: 200
      message: OK
- request:
    body: '{}'
    headers:
      Accept:
      - application/xml
      Accept-Encoding:
      - gzip, deflate
      CommandName:
      - webapp create
      Connection:
      - keep-alive
      Content-Length:
      - '2'
      Content-Type:
      - application/json; charset=utf-8
      ParameterSetName:
      - -g -n --plan --multicontainer-config-file --multicontainer-config-type
      User-Agent:
      - python/3.7.6 (Windows-10-10.0.18362-SP0) msrest/0.6.9 msrest_azure/0.6.3 azure-mgmt-web/0.46.0
        Azure-SDK-For-Python AZURECLI/2.9.1
      accept-language:
      - en-US
    method: POST
    uri: https://management.azure.com/subscriptions/00000000-0000-0000-0000-000000000000/resourceGroups/clitest.rg000001/providers/Microsoft.Web/sites/webapp-linux-multi000002/publishxml?api-version=2019-08-01
  response:
    body:
      string: <publishData><publishProfile profileName="webapp-linux-multi000002 -
        Web Deploy" publishMethod="MSDeploy" publishUrl="webapp-linux-multi000002.scm.azurewebsites.net:443"
        msdeploySite="webapp-linux-multi000002" userName="$webapp-linux-multi000002"
        userPWD="GtlDWA7Tcskpu45yWhsZrA7JjsxAmvL5fbmbnFT4Lkk4FHGbtdqskFg15GP1" destinationAppUrl="http://webapp-linux-multi000002.azurewebsites.net"
        SQLServerDBConnectionString="" mySQLDBConnectionString="" hostingProviderForumLink=""
        controlPanelLink="http://windows.azure.com" webSystem="WebSites"><databases
        /></publishProfile><publishProfile profileName="webapp-linux-multi000002 -
        FTP" publishMethod="FTP" publishUrl="ftp://waws-prod-bn1-065.ftp.azurewebsites.windows.net/site/wwwroot"
        ftpPassiveMode="True" userName="webapp-linux-multi000002\$webapp-linux-multi000002"
        userPWD="GtlDWA7Tcskpu45yWhsZrA7JjsxAmvL5fbmbnFT4Lkk4FHGbtdqskFg15GP1" destinationAppUrl="http://webapp-linux-multi000002.azurewebsites.net"
        SQLServerDBConnectionString="" mySQLDBConnectionString="" hostingProviderForumLink=""
        controlPanelLink="http://windows.azure.com" webSystem="WebSites"><databases
        /></publishProfile><publishProfile profileName="webapp-linux-multi000002 -
        ReadOnly - FTP" publishMethod="FTP" publishUrl="ftp://waws-prod-bn1-065dr.ftp.azurewebsites.windows.net/site/wwwroot"
        ftpPassiveMode="True" userName="webapp-linux-multi000002\$webapp-linux-multi000002"
        userPWD="GtlDWA7Tcskpu45yWhsZrA7JjsxAmvL5fbmbnFT4Lkk4FHGbtdqskFg15GP1" destinationAppUrl="http://webapp-linux-multi000002.azurewebsites.net"
        SQLServerDBConnectionString="" mySQLDBConnectionString="" hostingProviderForumLink=""
        controlPanelLink="http://windows.azure.com" webSystem="WebSites"><databases
        /></publishProfile></publishData>
    headers:
      cache-control:
      - no-cache
      content-length:
      - '1730'
      content-type:
      - application/xml
      date:
      - Wed, 22 Jul 2020 05:31:12 GMT
      expires:
      - '-1'
      pragma:
      - no-cache
      server:
      - Microsoft-IIS/10.0
      strict-transport-security:
      - max-age=31536000; includeSubDomains
      x-aspnet-version:
      - 4.0.30319
      x-content-type-options:
      - nosniff
      x-ms-ratelimit-remaining-subscription-resource-requests:
      - '11999'
      x-powered-by:
      - ASP.NET
    status:
      code: 200
      message: OK
- request:
    body: null
    headers:
      Accept:
      - '*/*'
      Accept-Encoding:
      - gzip, deflate
      Connection:
      - keep-alive
      User-Agent:
      - python-requests/2.22.0
    method: GET
    uri: http://webapp-linux-multi000002.azurewebsites.net/
  response:
    body:
      string: 'Hello World! I have been seen 2 times.

        '
    headers:
      content-length:
      - '39'
      content-type:
      - text/html; charset=utf-8
      date:
      - Wed, 22 Jul 2020 05:32:00 GMT
      server:
      - Werkzeug/0.14.1 Python/3.4.8
      set-cookie:
      - ARRAffinity=3cdc1ae340661edcdf0e2f3eae98b21078cd0aadd78242b559d981fc1a2de33b;Path=/;HttpOnly;Domain=webapp-linux-multi5tjhuo.azurewebsites.net
    status:
      code: 200
      message: OK
- request:
    body: null
    headers:
      Accept:
      - '*/*'
      Accept-Encoding:
      - gzip, deflate
      Connection:
      - keep-alive
      User-Agent:
      - python-requests/2.22.0
    method: GET
    uri: http://webapp-linux-multi000002.azurewebsites.net/
  response:
    body:
      string: 'Hello World! I have been seen 4 times.

        '
    headers:
      content-length:
      - '39'
      content-type:
      - text/html; charset=utf-8
      date:
      - Wed, 22 Jul 2020 05:32:01 GMT
      server:
      - Werkzeug/0.14.1 Python/3.4.8
      set-cookie:
      - ARRAffinity=3cdc1ae340661edcdf0e2f3eae98b21078cd0aadd78242b559d981fc1a2de33b;Path=/;HttpOnly;Domain=webapp-linux-multi5tjhuo.azurewebsites.net
    status:
      code: 200
      message: OK
- request:
    body: null
    headers:
      Accept:
      - '*/*'
      Accept-Encoding:
      - gzip, deflate
      Connection:
      - keep-alive
      User-Agent:
      - python-requests/2.22.0
    method: GET
    uri: http://webapp-linux-multi000002.azurewebsites.net/
  response:
    body:
      string: 'Hello World! I have been seen 5 times.

        '
    headers:
      content-length:
      - '39'
      content-type:
      - text/html; charset=utf-8
      date:
      - Wed, 22 Jul 2020 05:32:02 GMT
      server:
      - Werkzeug/0.14.1 Python/3.4.8
      set-cookie:
      - ARRAffinity=3cdc1ae340661edcdf0e2f3eae98b21078cd0aadd78242b559d981fc1a2de33b;Path=/;HttpOnly;Domain=webapp-linux-multi5tjhuo.azurewebsites.net
    status:
      code: 200
      message: OK
- request:
    body: null
    headers:
      Accept:
      - '*/*'
      Accept-Encoding:
      - gzip, deflate
      Connection:
      - keep-alive
      User-Agent:
      - python-requests/2.22.0
    method: GET
    uri: http://webapp-linux-multi000002.azurewebsites.net/
  response:
    body:
      string: 'Hello World! I have been seen 6 times.

        '
    headers:
      content-length:
      - '39'
      content-type:
      - text/html; charset=utf-8
      date:
      - Wed, 22 Jul 2020 05:32:05 GMT
      server:
      - Werkzeug/0.14.1 Python/3.4.8
      set-cookie:
      - ARRAffinity=3cdc1ae340661edcdf0e2f3eae98b21078cd0aadd78242b559d981fc1a2de33b;Path=/;HttpOnly;Domain=webapp-linux-multi5tjhuo.azurewebsites.net
    status:
      code: 200
      message: OK
- request:
    body: null
    headers:
      Accept:
      - '*/*'
      Accept-Encoding:
      - gzip, deflate
      Connection:
      - keep-alive
      User-Agent:
      - python-requests/2.22.0
    method: GET
    uri: http://webapp-linux-multi000002.azurewebsites.net/
  response:
    body:
      string: 'Hello World! I have been seen 7 times.

        '
    headers:
      content-length:
      - '39'
      content-type:
      - text/html; charset=utf-8
      date:
      - Wed, 22 Jul 2020 05:32:06 GMT
      server:
      - Werkzeug/0.14.1 Python/3.4.8
      set-cookie:
      - ARRAffinity=3cdc1ae340661edcdf0e2f3eae98b21078cd0aadd78242b559d981fc1a2de33b;Path=/;HttpOnly;Domain=webapp-linux-multi5tjhuo.azurewebsites.net
    status:
      code: 200
      message: OK
- request:
    body: null
    headers:
      Accept:
      - '*/*'
      Accept-Encoding:
      - gzip, deflate
      Connection:
      - keep-alive
      User-Agent:
      - python-requests/2.22.0
    method: GET
    uri: http://webapp-linux-multi000002.azurewebsites.net/
  response:
    body:
      string: 'Hello World! I have been seen 8 times.

        '
    headers:
      content-length:
      - '39'
      content-type:
      - text/html; charset=utf-8
      date:
      - Wed, 22 Jul 2020 05:32:23 GMT
      server:
      - Werkzeug/0.14.1 Python/3.4.8
      set-cookie:
      - ARRAffinity=3cdc1ae340661edcdf0e2f3eae98b21078cd0aadd78242b559d981fc1a2de33b;Path=/;HttpOnly;Domain=webapp-linux-multi5tjhuo.azurewebsites.net
    status:
      code: 200
      message: OK
- request:
    body: null
    headers:
      Accept:
      - '*/*'
      Accept-Encoding:
      - gzip, deflate
      Connection:
      - keep-alive
      User-Agent:
      - python-requests/2.22.0
    method: GET
    uri: http://webapp-linux-multi000002.azurewebsites.net/
  response:
    body:
      string: 'Hello World! I have been seen 9 times.

        '
    headers:
      content-length:
      - '39'
      content-type:
      - text/html; charset=utf-8
      date:
      - Wed, 22 Jul 2020 05:32:30 GMT
      server:
      - Werkzeug/0.14.1 Python/3.4.8
      set-cookie:
      - ARRAffinity=3cdc1ae340661edcdf0e2f3eae98b21078cd0aadd78242b559d981fc1a2de33b;Path=/;HttpOnly;Domain=webapp-linux-multi5tjhuo.azurewebsites.net
    status:
      code: 200
      message: OK
- request:
    body: null
    headers:
      Accept:
      - '*/*'
      Accept-Encoding:
      - gzip, deflate
      Connection:
      - keep-alive
      User-Agent:
      - python-requests/2.22.0
    method: GET
    uri: http://webapp-linux-multi000002.azurewebsites.net/
  response:
    body:
      string: 'Hello World! I have been seen 10 times.

        '
    headers:
      content-length:
      - '40'
      content-type:
      - text/html; charset=utf-8
      date:
      - Wed, 22 Jul 2020 05:32:46 GMT
      server:
      - Werkzeug/0.14.1 Python/3.4.8
      set-cookie:
      - ARRAffinity=3cdc1ae340661edcdf0e2f3eae98b21078cd0aadd78242b559d981fc1a2de33b;Path=/;HttpOnly;Domain=webapp-linux-multi5tjhuo.azurewebsites.net
    status:
      code: 200
      message: OK
- request:
    body: null
    headers:
      Accept:
      - '*/*'
      Accept-Encoding:
      - gzip, deflate
      Connection:
      - keep-alive
      User-Agent:
      - python-requests/2.22.0
    method: GET
    uri: http://webapp-linux-multi000002.azurewebsites.net/
  response:
    body:
      string: 'Hello World! I have been seen 11 times.

        '
    headers:
      content-length:
      - '40'
      content-type:
      - text/html; charset=utf-8
      date:
      - Wed, 22 Jul 2020 05:32:46 GMT
      server:
      - Werkzeug/0.14.1 Python/3.4.8
      set-cookie:
      - ARRAffinity=3cdc1ae340661edcdf0e2f3eae98b21078cd0aadd78242b559d981fc1a2de33b;Path=/;HttpOnly;Domain=webapp-linux-multi5tjhuo.azurewebsites.net
    status:
      code: 200
      message: OK
- request:
    body: null
    headers:
      Accept:
      - '*/*'
      Accept-Encoding:
      - gzip, deflate
      Connection:
      - keep-alive
      User-Agent:
      - python-requests/2.22.0
    method: GET
    uri: http://webapp-linux-multi000002.azurewebsites.net/
  response:
    body:
      string: 'Hello World! I have been seen 12 times.

        '
    headers:
      content-length:
      - '40'
      content-type:
      - text/html; charset=utf-8
      date:
      - Wed, 22 Jul 2020 05:32:47 GMT
      server:
      - Werkzeug/0.14.1 Python/3.4.8
      set-cookie:
      - ARRAffinity=3cdc1ae340661edcdf0e2f3eae98b21078cd0aadd78242b559d981fc1a2de33b;Path=/;HttpOnly;Domain=webapp-linux-multi5tjhuo.azurewebsites.net
    status:
      code: 200
      message: OK
version: 1
