interactions:
- request:
    body: null
    headers:
      Accept:
      - application/json
      Accept-Encoding:
      - gzip, deflate
      CommandName:
      - appservice plan create
      Connection:
      - keep-alive
      ParameterSetName:
      - -g -n --sku
      User-Agent:
      - AZURECLI/2.28.1 azsdk-python-azure-mgmt-resource/19.0.0 Python/3.8.2 (macOS-10.16-x86_64-i386-64bit)
    method: GET
    uri: https://management.azure.com/subscriptions/00000000-0000-0000-0000-000000000000/resourcegroups/clitest.rg000002?api-version=2021-04-01
  response:
    body:
      string: '{"id":"/subscriptions/00000000-0000-0000-0000-000000000000/resourceGroups/clitest.rg000002","name":"clitest.rg000002","type":"Microsoft.Resources/resourceGroups","location":"japanwest","tags":{"product":"azurecli","cause":"automation","date":"2021-10-04T00:23:24Z"},"properties":{"provisioningState":"Succeeded"}}'
    headers:
      cache-control:
      - no-cache
      content-length:
      - '431'
      content-type:
      - application/json; charset=utf-8
      date:
      - Mon, 04 Oct 2021 00:23:26 GMT
      expires:
      - '-1'
      pragma:
      - no-cache
      strict-transport-security:
      - max-age=31536000; includeSubDomains
      vary:
      - Accept-Encoding
      x-content-type-options:
      - nosniff
    status:
      code: 200
      message: OK
- request:
    body: '{"name": "ssl-test-plan000003", "type": "Microsoft.Web/serverfarms", "location":
      "japanwest", "properties": {"skuName": "B1", "capacity": 1}}'
    headers:
      Accept:
      - application/json
      Accept-Encoding:
      - gzip, deflate
      CommandName:
      - appservice plan create
      Connection:
      - keep-alive
      Content-Length:
      - '146'
      Content-Type:
      - application/json
      ParameterSetName:
      - -g -n --sku
      User-Agent:
      - AZURECLI/2.28.1 azsdk-python-azure-mgmt-web/4.0.0 Python/3.8.2 (macOS-10.16-x86_64-i386-64bit)
    method: POST
    uri: https://management.azure.com/subscriptions/00000000-0000-0000-0000-000000000000/resourceGroups/clitest.rg000002/providers/Microsoft.Web/validate?api-version=2020-09-01
  response:
    body:
      string: '{"status":"Success","error":null}'
    headers:
      cache-control:
      - no-cache
      content-length:
      - '33'
      content-type:
      - application/json
      date:
      - Mon, 04 Oct 2021 00:23:27 GMT
      expires:
      - '-1'
      pragma:
      - no-cache
      server:
      - Microsoft-IIS/10.0
      strict-transport-security:
      - max-age=31536000; includeSubDomains
      transfer-encoding:
      - chunked
      vary:
      - Accept-Encoding
      x-aspnet-version:
      - 4.0.30319
      x-content-type-options:
      - nosniff
      x-ms-ratelimit-remaining-subscription-writes:
      - '1199'
      x-powered-by:
      - ASP.NET
    status:
      code: 200
      message: OK
- request:
    body: null
    headers:
      Accept:
      - application/json
      Accept-Encoding:
      - gzip, deflate
      CommandName:
      - appservice plan create
      Connection:
      - keep-alive
      ParameterSetName:
      - -g -n --sku
      User-Agent:
      - AZURECLI/2.28.1 azsdk-python-azure-mgmt-resource/19.0.0 Python/3.8.2 (macOS-10.16-x86_64-i386-64bit)
    method: GET
    uri: https://management.azure.com/subscriptions/00000000-0000-0000-0000-000000000000/resourcegroups/clitest.rg000002?api-version=2021-04-01
  response:
    body:
      string: '{"id":"/subscriptions/00000000-0000-0000-0000-000000000000/resourceGroups/clitest.rg000002","name":"clitest.rg000002","type":"Microsoft.Resources/resourceGroups","location":"japanwest","tags":{"product":"azurecli","cause":"automation","date":"2021-10-04T00:23:24Z"},"properties":{"provisioningState":"Succeeded"}}'
    headers:
      cache-control:
      - no-cache
      content-length:
      - '431'
      content-type:
      - application/json; charset=utf-8
      date:
      - Mon, 04 Oct 2021 00:23:27 GMT
      expires:
      - '-1'
      pragma:
      - no-cache
      strict-transport-security:
      - max-age=31536000; includeSubDomains
      vary:
      - Accept-Encoding
      x-content-type-options:
      - nosniff
    status:
      code: 200
      message: OK
- request:
    body: '{"location": "japanwest", "sku": {"name": "B1", "tier": "BASIC", "capacity":
      1}, "properties": {"perSiteScaling": false, "isXenon": false}}'
    headers:
      Accept:
      - application/json
      Accept-Encoding:
      - gzip, deflate
      CommandName:
      - appservice plan create
      Connection:
      - keep-alive
      Content-Length:
      - '139'
      Content-Type:
      - application/json
      ParameterSetName:
      - -g -n --sku
      User-Agent:
      - AZURECLI/2.28.1 azsdk-python-azure-mgmt-web/4.0.0 Python/3.8.2 (macOS-10.16-x86_64-i386-64bit)
    method: PUT
    uri: https://management.azure.com/subscriptions/00000000-0000-0000-0000-000000000000/resourceGroups/clitest.rg000002/providers/Microsoft.Web/serverfarms/ssl-test-plan000003?api-version=2020-09-01
  response:
    body:
      string: '{"id":"/subscriptions/00000000-0000-0000-0000-000000000000/resourceGroups/clitest.rg000002/providers/Microsoft.Web/serverfarms/ssl-test-plan000003","name":"ssl-test-plan000003","type":"Microsoft.Web/serverfarms","kind":"app","location":"japanwest","properties":{"serverFarmId":15027,"name":"ssl-test-plan000003","sku":{"name":"B1","tier":"Basic","size":"B1","family":"B","capacity":1},"workerSize":"Default","workerSizeId":0,"workerTierName":null,"numberOfWorkers":1,"currentWorkerSize":"Default","currentWorkerSizeId":0,"currentNumberOfWorkers":1,"status":"Ready","webSpace":"clitest.rg000002-JapanWestwebspace","subscription":"e483435e-282d-4ac1-92b5-d6123f2aa360","adminSiteName":null,"hostingEnvironment":null,"hostingEnvironmentProfile":null,"maximumNumberOfWorkers":0,"planName":"VirtualDedicatedPlan","adminRuntimeSiteName":null,"computeMode":"Dedicated","siteMode":null,"geoRegion":"Japan
        West","perSiteScaling":false,"elasticScaleEnabled":false,"maximumElasticWorkerCount":1,"numberOfSites":0,"hostingEnvironmentId":null,"isSpot":false,"spotExpirationTime":null,"freeOfferExpirationTime":null,"tags":null,"kind":"app","resourceGroup":"clitest.rg000002","reserved":false,"isXenon":false,"hyperV":false,"mdmId":"waws-prod-os1-027_15027","targetWorkerCount":0,"targetWorkerSizeId":0,"provisioningState":"Succeeded","webSiteId":null,"existingServerFarmIds":null,"kubeEnvironmentProfile":null,"zoneRedundant":false},"sku":{"name":"B1","tier":"Basic","size":"B1","family":"B","capacity":1}}'
    headers:
      cache-control:
      - no-cache
      content-length:
      - '1685'
      content-type:
      - application/json
      date:
      - Mon, 04 Oct 2021 00:23:37 GMT
      etag:
      - '"1D7B8B6118F94A0"'
      expires:
      - '-1'
      pragma:
      - no-cache
      server:
      - Microsoft-IIS/10.0
      strict-transport-security:
      - max-age=31536000; includeSubDomains
      transfer-encoding:
      - chunked
      vary:
      - Accept-Encoding
      x-aspnet-version:
      - 4.0.30319
      x-content-type-options:
      - nosniff
      x-ms-ratelimit-remaining-subscription-writes:
      - '1198'
      x-powered-by:
      - ASP.NET
    status:
      code: 200
      message: OK
- request:
    body: null
    headers:
      Accept:
      - application/json
      Accept-Encoding:
      - gzip, deflate
      CommandName:
      - webapp create
      Connection:
      - keep-alive
      ParameterSetName:
      - -g -n --plan
      User-Agent:
      - AZURECLI/2.28.1 azsdk-python-azure-mgmt-web/4.0.0 Python/3.8.2 (macOS-10.16-x86_64-i386-64bit)
    method: GET
    uri: https://management.azure.com/subscriptions/00000000-0000-0000-0000-000000000000/resourceGroups/clitest.rg000002/providers/Microsoft.Web/serverfarms/ssl-test-plan000003?api-version=2020-09-01
  response:
    body:
      string: '{"id":"/subscriptions/00000000-0000-0000-0000-000000000000/resourceGroups/clitest.rg000002/providers/Microsoft.Web/serverfarms/ssl-test-plan000003","name":"ssl-test-plan000003","type":"Microsoft.Web/serverfarms","kind":"app","location":"Japan
        West","properties":{"serverFarmId":15027,"name":"ssl-test-plan000003","workerSize":"Default","workerSizeId":0,"workerTierName":null,"numberOfWorkers":1,"currentWorkerSize":"Default","currentWorkerSizeId":0,"currentNumberOfWorkers":1,"status":"Ready","webSpace":"clitest.rg000002-JapanWestwebspace","subscription":"e483435e-282d-4ac1-92b5-d6123f2aa360","adminSiteName":null,"hostingEnvironment":null,"hostingEnvironmentProfile":null,"maximumNumberOfWorkers":3,"planName":"VirtualDedicatedPlan","adminRuntimeSiteName":null,"computeMode":"Dedicated","siteMode":null,"geoRegion":"Japan
        West","perSiteScaling":false,"elasticScaleEnabled":false,"maximumElasticWorkerCount":1,"numberOfSites":0,"hostingEnvironmentId":null,"isSpot":false,"spotExpirationTime":null,"freeOfferExpirationTime":null,"tags":null,"kind":"app","resourceGroup":"clitest.rg000002","reserved":false,"isXenon":false,"hyperV":false,"mdmId":"waws-prod-os1-027_15027","targetWorkerCount":0,"targetWorkerSizeId":0,"provisioningState":"Succeeded","webSiteId":null,"existingServerFarmIds":null,"kubeEnvironmentProfile":null,"zoneRedundant":false},"sku":{"name":"B1","tier":"Basic","size":"B1","family":"B","capacity":1}}'
    headers:
      cache-control:
      - no-cache
      content-length:
      - '1613'
      content-type:
      - application/json
      date:
      - Mon, 04 Oct 2021 00:23:38 GMT
      expires:
      - '-1'
      pragma:
      - no-cache
      server:
      - Microsoft-IIS/10.0
      strict-transport-security:
      - max-age=31536000; includeSubDomains
      transfer-encoding:
      - chunked
      vary:
      - Accept-Encoding
      x-aspnet-version:
      - 4.0.30319
      x-content-type-options:
      - nosniff
      x-powered-by:
      - ASP.NET
    status:
      code: 200
      message: OK
- request:
    body: '{"name": "web-ssl-test000004", "type": "Microsoft.Web/sites", "location":
      "Japan West", "properties": {"serverFarmId": "/subscriptions/00000000-0000-0000-0000-000000000000/resourceGroups/clitest.rg000002/providers/Microsoft.Web/serverfarms/ssl-test-plan000003"}}'
    headers:
      Accept:
      - application/json
      Accept-Encoding:
      - gzip, deflate
      CommandName:
      - webapp create
      Connection:
      - keep-alive
      Content-Length:
      - '328'
      Content-Type:
      - application/json
      ParameterSetName:
      - -g -n --plan
      User-Agent:
      - AZURECLI/2.28.1 azsdk-python-azure-mgmt-web/4.0.0 Python/3.8.2 (macOS-10.16-x86_64-i386-64bit)
    method: POST
    uri: https://management.azure.com/subscriptions/00000000-0000-0000-0000-000000000000/resourceGroups/clitest.rg000002/providers/Microsoft.Web/validate?api-version=2020-09-01
  response:
    body:
      string: '{"status":"Success","error":null}'
    headers:
      cache-control:
      - no-cache
      content-length:
      - '33'
      content-type:
      - application/json
      date:
      - Mon, 04 Oct 2021 00:23:39 GMT
      expires:
      - '-1'
      pragma:
      - no-cache
      server:
      - Microsoft-IIS/10.0
      strict-transport-security:
      - max-age=31536000; includeSubDomains
      transfer-encoding:
      - chunked
      vary:
      - Accept-Encoding
      x-aspnet-version:
      - 4.0.30319
      x-content-type-options:
      - nosniff
      x-ms-ratelimit-remaining-subscription-writes:
      - '1197'
      x-powered-by:
      - ASP.NET
    status:
      code: 200
      message: OK
- request:
    body: null
    headers:
      Accept:
      - application/json
      Accept-Encoding:
      - gzip, deflate
      CommandName:
      - webapp create
      Connection:
      - keep-alive
      ParameterSetName:
      - -g -n --plan
      User-Agent:
      - AZURECLI/2.28.1 azsdk-python-azure-mgmt-web/4.0.0 Python/3.8.2 (macOS-10.16-x86_64-i386-64bit)
    method: GET
    uri: https://management.azure.com/subscriptions/00000000-0000-0000-0000-000000000000/resourceGroups/clitest.rg000002/providers/Microsoft.Web/serverfarms/ssl-test-plan000003?api-version=2020-09-01
  response:
    body:
      string: '{"id":"/subscriptions/00000000-0000-0000-0000-000000000000/resourceGroups/clitest.rg000002/providers/Microsoft.Web/serverfarms/ssl-test-plan000003","name":"ssl-test-plan000003","type":"Microsoft.Web/serverfarms","kind":"app","location":"Japan
        West","properties":{"serverFarmId":15027,"name":"ssl-test-plan000003","workerSize":"Default","workerSizeId":0,"workerTierName":null,"numberOfWorkers":1,"currentWorkerSize":"Default","currentWorkerSizeId":0,"currentNumberOfWorkers":1,"status":"Ready","webSpace":"clitest.rg000002-JapanWestwebspace","subscription":"e483435e-282d-4ac1-92b5-d6123f2aa360","adminSiteName":null,"hostingEnvironment":null,"hostingEnvironmentProfile":null,"maximumNumberOfWorkers":3,"planName":"VirtualDedicatedPlan","adminRuntimeSiteName":null,"computeMode":"Dedicated","siteMode":null,"geoRegion":"Japan
        West","perSiteScaling":false,"elasticScaleEnabled":false,"maximumElasticWorkerCount":1,"numberOfSites":0,"hostingEnvironmentId":null,"isSpot":false,"spotExpirationTime":null,"freeOfferExpirationTime":null,"tags":null,"kind":"app","resourceGroup":"clitest.rg000002","reserved":false,"isXenon":false,"hyperV":false,"mdmId":"waws-prod-os1-027_15027","targetWorkerCount":0,"targetWorkerSizeId":0,"provisioningState":"Succeeded","webSiteId":null,"existingServerFarmIds":null,"kubeEnvironmentProfile":null,"zoneRedundant":false},"sku":{"name":"B1","tier":"Basic","size":"B1","family":"B","capacity":1}}'
    headers:
      cache-control:
      - no-cache
      content-length:
      - '1613'
      content-type:
      - application/json
      date:
      - Mon, 04 Oct 2021 00:23:40 GMT
      expires:
      - '-1'
      pragma:
      - no-cache
      server:
      - Microsoft-IIS/10.0
      strict-transport-security:
      - max-age=31536000; includeSubDomains
      transfer-encoding:
      - chunked
      vary:
      - Accept-Encoding
      x-aspnet-version:
      - 4.0.30319
      x-content-type-options:
      - nosniff
      x-powered-by:
      - ASP.NET
    status:
      code: 200
      message: OK
- request:
    body: '{"name": "web-ssl-test000004", "type": "Site"}'
    headers:
      Accept:
      - application/json
      Accept-Encoding:
      - gzip, deflate
      CommandName:
      - webapp create
      Connection:
      - keep-alive
      Content-Length:
      - '48'
      Content-Type:
      - application/json
      ParameterSetName:
      - -g -n --plan
      User-Agent:
      - AZURECLI/2.28.1 azsdk-python-azure-mgmt-web/4.0.0 Python/3.8.2 (macOS-10.16-x86_64-i386-64bit)
    method: POST
    uri: https://management.azure.com/subscriptions/00000000-0000-0000-0000-000000000000/providers/Microsoft.Web/checknameavailability?api-version=2021-01-15
  response:
    body:
      string: '{"nameAvailable":true,"reason":"","message":""}'
    headers:
      cache-control:
      - no-cache
      content-length:
      - '47'
      content-type:
      - application/json
      date:
      - Mon, 04 Oct 2021 00:23:40 GMT
      expires:
      - '-1'
      pragma:
      - no-cache
      server:
      - Microsoft-IIS/10.0
      strict-transport-security:
      - max-age=31536000; includeSubDomains
      transfer-encoding:
      - chunked
      vary:
      - Accept-Encoding
      x-aspnet-version:
      - 4.0.30319
      x-content-type-options:
      - nosniff
      x-powered-by:
      - ASP.NET
    status:
      code: 200
      message: OK
- request:
    body: '{"location": "Japan West", "properties": {"serverFarmId": "/subscriptions/00000000-0000-0000-0000-000000000000/resourceGroups/clitest.rg000002/providers/Microsoft.Web/serverfarms/ssl-test-plan000003",
      "reserved": false, "isXenon": false, "hyperV": false, "siteConfig": {"netFrameworkVersion":
      "v4.6", "appSettings": [{"name": "WEBSITE_NODE_DEFAULT_VERSION", "value": "10.14.1"}],
      "localMySqlEnabled": false, "http20Enabled": true}, "scmSiteAlsoStopped": false,
      "httpsOnly": false}}'
    headers:
      Accept:
      - application/json
      Accept-Encoding:
      - gzip, deflate
      CommandName:
      - webapp create
      Connection:
      - keep-alive
      Content-Length:
      - '545'
      Content-Type:
      - application/json
      ParameterSetName:
      - -g -n --plan
      User-Agent:
      - AZURECLI/2.28.1 azsdk-python-azure-mgmt-web/4.0.0 Python/3.8.2 (macOS-10.16-x86_64-i386-64bit)
    method: PUT
    uri: https://management.azure.com/subscriptions/00000000-0000-0000-0000-000000000000/resourceGroups/clitest.rg000002/providers/Microsoft.Web/sites/web-ssl-test000004?api-version=2020-09-01
  response:
    body:
      string: '{"id":"/subscriptions/00000000-0000-0000-0000-000000000000/resourceGroups/clitest.rg000002/providers/Microsoft.Web/sites/web-ssl-test000004","name":"web-ssl-test000004","type":"Microsoft.Web/sites","kind":"app","location":"Japan
        West","properties":{"name":"web-ssl-test000004","state":"Running","hostNames":["web-ssl-test000004.azurewebsites.net"],"webSpace":"clitest.rg000002-JapanWestwebspace","selfLink":"https://waws-prod-os1-027.api.azurewebsites.windows.net:454/subscriptions/00000000-0000-0000-0000-000000000000/webspaces/clitest.rg000002-JapanWestwebspace/sites/web-ssl-test000004","repositorySiteName":"web-ssl-test000004","owner":null,"usageState":"Normal","enabled":true,"adminEnabled":true,"enabledHostNames":["web-ssl-test000004.azurewebsites.net","web-ssl-test000004.scm.azurewebsites.net"],"siteProperties":{"metadata":null,"properties":[{"name":"LinuxFxVersion","value":""},{"name":"WindowsFxVersion","value":null}],"appSettings":null},"availabilityState":"Normal","sslCertificates":null,"csrs":[],"cers":null,"siteMode":null,"hostNameSslStates":[{"name":"web-ssl-test000004.azurewebsites.net","sslState":"Disabled","ipBasedSslResult":null,"virtualIP":null,"thumbprint":null,"toUpdate":null,"toUpdateIpBasedSsl":null,"ipBasedSslState":"NotConfigured","hostType":"Standard"},{"name":"web-ssl-test000004.scm.azurewebsites.net","sslState":"Disabled","ipBasedSslResult":null,"virtualIP":null,"thumbprint":null,"toUpdate":null,"toUpdateIpBasedSsl":null,"ipBasedSslState":"NotConfigured","hostType":"Repository"}],"computeMode":null,"serverFarm":null,"serverFarmId":"/subscriptions/00000000-0000-0000-0000-000000000000/resourceGroups/clitest.rg000002/providers/Microsoft.Web/serverfarms/ssl-test-plan000003","reserved":false,"isXenon":false,"hyperV":false,"lastModifiedTimeUtc":"2021-10-04T00:23:47.1133333","storageRecoveryDefaultState":"Running","contentAvailabilityState":"Normal","runtimeAvailabilityState":"Normal","siteConfig":{"numberOfWorkers":1,"defaultDocuments":null,"netFrameworkVersion":null,"phpVersion":null,"pythonVersion":null,"nodeVersion":null,"powerShellVersion":null,"linuxFxVersion":"","windowsFxVersion":null,"requestTracingEnabled":null,"remoteDebuggingEnabled":null,"remoteDebuggingVersion":null,"httpLoggingEnabled":null,"azureMonitorLogCategories":null,"acrUseManagedIdentityCreds":false,"acrUserManagedIdentityID":null,"logsDirectorySizeLimit":null,"detailedErrorLoggingEnabled":null,"publishingUsername":null,"publishingPassword":null,"appSettings":null,"metadata":null,"connectionStrings":null,"machineKey":null,"handlerMappings":null,"documentRoot":null,"scmType":null,"use32BitWorkerProcess":null,"webSocketsEnabled":null,"alwaysOn":false,"javaVersion":null,"javaContainer":null,"javaContainerVersion":null,"appCommandLine":null,"managedPipelineMode":null,"virtualApplications":null,"winAuthAdminState":null,"winAuthTenantState":null,"customAppPoolIdentityAdminState":null,"customAppPoolIdentityTenantState":null,"runtimeADUser":null,"runtimeADUserPassword":null,"loadBalancing":null,"routingRules":null,"experiments":null,"limits":null,"autoHealEnabled":null,"autoHealRules":null,"tracingOptions":null,"vnetName":null,"vnetRouteAllEnabled":null,"vnetPrivatePortsCount":null,"publicNetworkAccess":null,"cors":null,"push":null,"apiDefinition":null,"apiManagementConfig":null,"autoSwapSlotName":null,"localMySqlEnabled":null,"managedServiceIdentityId":null,"xManagedServiceIdentityId":null,"keyVaultReferenceIdentity":null,"ipSecurityRestrictions":[{"ipAddress":"Any","action":"Allow","priority":1,"name":"Allow
        all","description":"Allow all access"}],"scmIpSecurityRestrictions":[{"ipAddress":"Any","action":"Allow","priority":1,"name":"Allow
        all","description":"Allow all access"}],"scmIpSecurityRestrictionsUseMain":null,"http20Enabled":false,"minTlsVersion":null,"scmMinTlsVersion":null,"ftpsState":null,"preWarmedInstanceCount":null,"functionAppScaleLimit":0,"healthCheckPath":null,"fileChangeAuditEnabled":null,"functionsRuntimeScaleMonitoringEnabled":null,"websiteTimeZone":null,"minimumElasticInstanceCount":0,"azureStorageAccounts":null,"sitePort":null},"deploymentId":"web-ssl-test000004","slotName":null,"trafficManagerHostNames":null,"sku":"Basic","scmSiteAlsoStopped":false,"targetSwapSlot":null,"hostingEnvironment":null,"hostingEnvironmentProfile":null,"clientAffinityEnabled":true,"clientCertEnabled":false,"clientCertMode":"Required","clientCertExclusionPaths":null,"hostNamesDisabled":false,"domainVerificationIdentifiers":null,"customDomainVerificationId":"30E3673979DFB5673924412D39370809E608E2DE4E889BD01C7B80FC38A57EED","kind":"app","inboundIpAddress":"40.74.100.137","possibleInboundIpAddresses":"40.74.100.137","ftpUsername":"web-ssl-test000004\\$web-ssl-test000004","ftpsHostName":"ftps://waws-prod-os1-027.ftp.azurewebsites.windows.net/site/wwwroot","outboundIpAddresses":"40.74.90.160,40.74.94.222,40.74.113.39,40.74.95.132,40.74.113.204,40.74.75.201,40.74.100.137","possibleOutboundIpAddresses":"40.74.90.160,40.74.94.222,40.74.113.39,40.74.95.132,40.74.113.204,40.74.75.201,40.74.112.41,40.74.113.1,40.74.65.7,40.74.76.184,40.74.79.7,40.74.67.13,40.74.81.157,40.74.86.212,40.74.86.30,40.74.81.231,40.74.80.113,40.74.80.110,40.74.100.137","containerSize":0,"dailyMemoryTimeQuota":0,"suspendedTill":null,"siteDisabledReason":0,"functionExecutionUnitsCache":null,"maxNumberOfWorkers":null,"homeStamp":"waws-prod-os1-027","cloningInfo":null,"hostingEnvironmentId":null,"tags":null,"resourceGroup":"clitest.rg000002","defaultHostName":"web-ssl-test000004.azurewebsites.net","slotSwapStatus":null,"httpsOnly":false,"redundancyMode":"None","inProgressOperationId":null,"geoDistributions":null,"privateEndpointConnections":null,"buildVersion":null,"targetBuildVersion":null,"migrationState":null,"eligibleLogCategories":"AppServiceAppLogs,AppServiceAuditLogs,AppServiceConsoleLogs,AppServiceHTTPLogs,AppServiceIPSecAuditLogs,AppServicePlatformLogs,ScanLogs","storageAccountRequired":false,"virtualNetworkSubnetId":null,"keyVaultReferenceIdentity":"SystemAssigned"}}'
    headers:
      cache-control:
      - no-cache
      content-length:
      - '6354'
      content-type:
      - application/json
      date:
      - Mon, 04 Oct 2021 00:24:05 GMT
      etag:
      - '"1D7B8B61933C1E0"'
      expires:
      - '-1'
      pragma:
      - no-cache
      server:
      - Microsoft-IIS/10.0
      strict-transport-security:
      - max-age=31536000; includeSubDomains
      transfer-encoding:
      - chunked
      vary:
      - Accept-Encoding
      x-aspnet-version:
      - 4.0.30319
      x-content-type-options:
      - nosniff
      x-ms-ratelimit-remaining-subscription-resource-requests:
      - '499'
      x-powered-by:
      - ASP.NET
    status:
      code: 200
      message: OK
- request:
    body: '{"format": "WebDeploy"}'
    headers:
      Accept:
      - application/xml
      Accept-Encoding:
      - gzip, deflate
      CommandName:
      - webapp create
      Connection:
      - keep-alive
      Content-Length:
      - '23'
      Content-Type:
      - application/json
      ParameterSetName:
      - -g -n --plan
      User-Agent:
      - AZURECLI/2.28.1 azsdk-python-azure-mgmt-web/4.0.0 Python/3.8.2 (macOS-10.16-x86_64-i386-64bit)
    method: POST
    uri: https://management.azure.com/subscriptions/00000000-0000-0000-0000-000000000000/resourceGroups/clitest.rg000002/providers/Microsoft.Web/sites/web-ssl-test000004/publishxml?api-version=2020-09-01
  response:
    body:
      string: <publishData><publishProfile profileName="web-ssl-test000004 - Web Deploy"
        publishMethod="MSDeploy" publishUrl="web-ssl-test000004.scm.azurewebsites.net:443"
        msdeploySite="web-ssl-test000004" userName="$web-ssl-test000004" userPWD="pu2rCoJBjkhr0pDBx48MdiLZ89o7LneaupK2TAlm0KD2bWon55EvbjLge23o"
        destinationAppUrl="http://web-ssl-test000004.azurewebsites.net" SQLServerDBConnectionString=""
        mySQLDBConnectionString="" hostingProviderForumLink="" controlPanelLink="http://windows.azure.com"
        webSystem="WebSites"><databases /></publishProfile><publishProfile profileName="web-ssl-test000004
        - FTP" publishMethod="FTP" publishUrl="ftp://waws-prod-os1-027.ftp.azurewebsites.windows.net/site/wwwroot"
        ftpPassiveMode="True" userName="web-ssl-test000004\$web-ssl-test000004" userPWD="pu2rCoJBjkhr0pDBx48MdiLZ89o7LneaupK2TAlm0KD2bWon55EvbjLge23o"
        destinationAppUrl="http://web-ssl-test000004.azurewebsites.net" SQLServerDBConnectionString=""
        mySQLDBConnectionString="" hostingProviderForumLink="" controlPanelLink="http://windows.azure.com"
        webSystem="WebSites"><databases /></publishProfile><publishProfile profileName="web-ssl-test000004
        - Zip Deploy" publishMethod="ZipDeploy" publishUrl="web-ssl-test000004.scm.azurewebsites.net:443"
        userName="$web-ssl-test000004" userPWD="pu2rCoJBjkhr0pDBx48MdiLZ89o7LneaupK2TAlm0KD2bWon55EvbjLge23o"
        destinationAppUrl="http://web-ssl-test000004.azurewebsites.net" SQLServerDBConnectionString=""
        mySQLDBConnectionString="" hostingProviderForumLink="" controlPanelLink="http://windows.azure.com"
        webSystem="WebSites"><databases /></publishProfile></publishData>
    headers:
      cache-control:
      - no-cache
      content-length:
      - '1615'
      content-type:
      - application/xml
      date:
      - Mon, 04 Oct 2021 00:24:07 GMT
      expires:
      - '-1'
      pragma:
      - no-cache
      server:
      - Microsoft-IIS/10.0
      strict-transport-security:
      - max-age=31536000; includeSubDomains
      x-aspnet-version:
      - 4.0.30319
      x-content-type-options:
      - nosniff
      x-ms-ratelimit-remaining-subscription-resource-requests:
      - '11999'
      x-powered-by:
      - ASP.NET
    status:
      code: 200
      message: OK
- request:
    body: null
    headers:
      Accept:
      - application/json
      Accept-Encoding:
      - gzip, deflate
      CommandName:
      - keyvault create
      Connection:
      - keep-alive
      ParameterSetName:
      - -g -n
      User-Agent:
      - AZURECLI/2.28.1 azsdk-python-azure-mgmt-resource/19.0.0 Python/3.8.2 (macOS-10.16-x86_64-i386-64bit)
    method: GET
    uri: https://management.azure.com/subscriptions/00000000-0000-0000-0000-000000000000/resourcegroups/clitest.rg000001?api-version=2021-04-01
  response:
    body:
      string: '{"id":"/subscriptions/00000000-0000-0000-0000-000000000000/resourceGroups/clitest.rg000001","name":"clitest.rg000001","type":"Microsoft.Resources/resourceGroups","location":"japanwest","tags":{"product":"azurecli","cause":"automation","date":"2021-10-04T00:23:20Z"},"properties":{"provisioningState":"Succeeded"}}'
    headers:
      cache-control:
      - no-cache
      content-length:
      - '431'
      content-type:
      - application/json; charset=utf-8
      date:
      - Mon, 04 Oct 2021 00:24:07 GMT
      expires:
      - '-1'
      pragma:
      - no-cache
      strict-transport-security:
      - max-age=31536000; includeSubDomains
      vary:
      - Accept-Encoding
      x-content-type-options:
      - nosniff
    status:
      code: 200
      message: OK
- request:
    body: null
    headers:
      Accept:
      - application/json
      Accept-Encoding:
      - gzip, deflate
      CommandName:
      - keyvault create
      Connection:
      - keep-alive
      ParameterSetName:
      - -g -n
      User-Agent:
      - AZURECLI/2.28.1 azsdk-python-azure-mgmt-keyvault/9.1.0 Python/3.8.2 (macOS-10.16-x86_64-i386-64bit)
    method: GET
    uri: https://management.azure.com/subscriptions/00000000-0000-0000-0000-000000000000/resourceGroups/clitest.rg000001/providers/Microsoft.KeyVault/vaults/kv-ssl-test000005?api-version=2021-04-01-preview
  response:
    body:
      string: '{"error":{"code":"ResourceNotFound","message":"The Resource ''Microsoft.KeyVault/vaults/kv-ssl-test000005''
        under resource group ''clitest.rg000001'' was not found. For more details
        please go to https://aka.ms/ARMResourceNotFoundFix"}}'
    headers:
      cache-control:
      - no-cache
      content-length:
      - '293'
      content-type:
      - application/json; charset=utf-8
      date:
      - Mon, 04 Oct 2021 00:24:09 GMT
      expires:
      - '-1'
      pragma:
      - no-cache
      strict-transport-security:
      - max-age=31536000; includeSubDomains
      x-content-type-options:
      - nosniff
      x-ms-failure-cause:
      - gateway
    status:
      code: 404
      message: Not Found
- request:
    body: null
    headers:
      Accept:
      - application/json
      Accept-Encoding:
      - gzip, deflate
      Connection:
      - keep-alive
      User-Agent:
      - python/3.8.2 (macOS-10.16-x86_64-i386-64bit) msrest/0.6.21 msrest_azure/0.6.3
        azure-graphrbac/0.60.0 Azure-SDK-For-Python
      accept-language:
      - en-US
    method: GET
    uri: https://graph.windows.net/00000000-0000-0000-0000-000000000000/me?api-version=1.6
  response:
    body:
      string: '{"odata.metadata":"https://graph.windows.net/00000000-0000-0000-0000-000000000000/$metadata#directoryObjects/@Element","odata.type":"Microsoft.DirectoryServices.User","objectType":"User","objectId":"b72f39fa-d7a8-46e4-b9c3-efdec6cd55f3","deletionTimestamp":null,"accountEnabled":true,"ageGroup":null,"assignedLicenses":[{"disabledPlans":["cd31b152-6326-4d1b-ae1b-997b625182e6","a413a9ff-720c-4822-98ef-2f37c2a21f4c","a6520331-d7d4-4276-95f5-15c0933bc757","ded3d325-1bdc-453e-8432-5bac26d7a014","afa73018-811e-46e9-988f-f75d2b1b8430","b21a6b06-1988-436e-a07b-51ec6d9f52ad","531ee2f8-b1cb-453b-9c21-d2180d014ca5","bf28f719-7844-4079-9c78-c1307898e192","28b0fa46-c39a-4188-89e2-58e979a6b014","199a5c09-e0ca-4e37-8f7c-b05d533e1ea2","65cc641f-cccd-4643-97e0-a17e3045e541","e26c2fcc-ab91-4a61-b35c-03cdc8dddf66","46129a58-a698-46f0-aa5b-17f6586297d9","6db1f1db-2b46-403f-be40-e39395f08dbb","6dc145d6-95dd-4191-b9c3-185575ee6f6b","41fcdd7d-4733-4863-9cf4-c65b83ce2df4","c4801e8a-cb58-4c35-aca6-f2dcc106f287","0898bdbb-73b0-471a-81e5-20f1fe4dd66e","617b097b-4b93-4ede-83de-5f075bb5fb2f","33c4f319-9bdd-48d6-9c4d-410b750a4a5a","4828c8ec-dc2e-4779-b502-87ac9ce28ab7","3e26ee1f-8a5f-4d52-aee2-b81ce45c8f40"],"skuId":"c7df2760-2c81-4ef7-b578-5b5392b571df"},{"disabledPlans":[],"skuId":"3d957427-ecdc-4df2-aacd-01cc9d519da8"},{"disabledPlans":[],"skuId":"85aae730-b3d1-4f99-bb28-c9f81b05137c"},{"disabledPlans":[],"skuId":"9f3d9c1d-25a5-4aaa-8e59-23a1e6450a67"},{"disabledPlans":["39b5c996-467e-4e60-bd62-46066f572726"],"skuId":"90d8b3f8-712e-4f7b-aa1e-62e7ae6cbe96"},{"disabledPlans":["e95bec33-7c88-4a70-8e19-b10bd9d0c014","5dbe027f-2339-4123-9542-606e4d348a72"],"skuId":"09015f9f-377f-4538-bbb5-f75ceb09358a"},{"disabledPlans":[],"skuId":"26a18e8f-4d14-46f8-835a-ed3ba424a961"},{"disabledPlans":[],"skuId":"412ce1a7-a499-41b3-8eb6-b38f2bbc5c3f"},{"disabledPlans":[],"skuId":"a403ebcc-fae0-4ca2-8c8c-7a907fd6c235"},{"disabledPlans":[],"skuId":"dcb1a3ae-b33f-4487-846a-a640262fadf4"},{"disabledPlans":[],"skuId":"488ba24a-39a9-4473-8ee5-19291e71b002"},{"disabledPlans":[],"skuId":"b05e124f-c7cc-45a0-a6aa-8cf78c946968"},{"disabledPlans":["0b03f40b-c404-40c3-8651-2aceb74365fa","b650d915-9886-424b-a08d-633cede56f57","e95bec33-7c88-4a70-8e19-b10bd9d0c014","5dbe027f-2339-4123-9542-606e4d348a72","fe71d6c3-a2ea-4499-9778-da042bf08063","fafd7243-e5c1-4a3a-9e40-495efcb1d3c3"],"skuId":"ea126fc5-a19e-42e2-a731-da9d437bffcf"},{"disabledPlans":[],"skuId":"c5928f49-12ba-48f7-ada3-0d743a3601d5"}],"assignedPlans":[{"assignedTimestamp":"2021-06-22T02:17:52Z","capabilityStatus":"Enabled","service":"WindowsUpdateforBusinessCloudExtensions","servicePlanId":"7bf960f6-2cd9-443a-8046-5dbff9558365"},{"assignedTimestamp":"2021-06-22T02:17:52Z","capabilityStatus":"Enabled","service":"SharePoint","servicePlanId":"fe71d6c3-a2ea-4499-9778-da042bf08063"},{"assignedTimestamp":"2021-06-22T02:17:52Z","capabilityStatus":"Enabled","service":"exchange","servicePlanId":"199a5c09-e0ca-4e37-8f7c-b05d533e1ea2"},{"assignedTimestamp":"2021-06-22T02:17:52Z","capabilityStatus":"Enabled","service":"SharePoint","servicePlanId":"e95bec33-7c88-4a70-8e19-b10bd9d0c014"},{"assignedTimestamp":"2021-06-22T02:17:52Z","capabilityStatus":"Enabled","service":"SharePoint","servicePlanId":"5dbe027f-2339-4123-9542-606e4d348a72"},{"assignedTimestamp":"2021-06-22T02:17:52Z","capabilityStatus":"Enabled","service":"MicrosoftOffice","servicePlanId":"fafd7243-e5c1-4a3a-9e40-495efcb1d3c3"},{"assignedTimestamp":"2021-04-15T19:13:49Z","capabilityStatus":"Deleted","service":"MIPExchangeSolutions","servicePlanId":"cd31b152-6326-4d1b-ae1b-997b625182e6"},{"assignedTimestamp":"2020-12-22T07:06:28Z","capabilityStatus":"Enabled","service":"exchange","servicePlanId":"2f442157-a11c-46b9-ae5b-6e39ff4e5849"},{"assignedTimestamp":"2020-12-12T10:21:24Z","capabilityStatus":"Enabled","service":"CRM","servicePlanId":"18fa3aba-b085-4105-87d7-55617b8585e6"},{"assignedTimestamp":"2020-12-12T10:21:24Z","capabilityStatus":"Enabled","service":"ERP","servicePlanId":"69f07c66-bee4-4222-b051-195095efee5b"},{"assignedTimestamp":"2020-12-12T10:21:24Z","capabilityStatus":"Enabled","service":"ProjectProgramsAndPortfolios","servicePlanId":"0a05d977-a21a-45b2-91ce-61c240dbafa2"},{"assignedTimestamp":"2020-11-03T19:28:48Z","capabilityStatus":"Deleted","service":"M365CommunicationCompliance","servicePlanId":"a413a9ff-720c-4822-98ef-2f37c2a21f4c"},{"assignedTimestamp":"2020-10-29T23:20:30Z","capabilityStatus":"Enabled","service":"ProcessSimple","servicePlanId":"7e6d7d78-73de-46ba-83b1-6d25117334ba"},{"assignedTimestamp":"2020-10-17T03:24:22Z","capabilityStatus":"Enabled","service":"WorkplaceAnalytics","servicePlanId":"f477b0f0-3bb1-4890-940c-40fcee6ce05f"},{"assignedTimestamp":"2020-08-14T14:02:53Z","capabilityStatus":"Enabled","service":"YammerEnterprise","servicePlanId":"7547a3fe-08ee-4ccb-b430-5077c5041653"},{"assignedTimestamp":"2020-08-04T02:13:28Z","capabilityStatus":"Enabled","service":"exchange","servicePlanId":"b622badb-1b45-48d5-920f-4b27a2c0996c"},{"assignedTimestamp":"2020-08-04T02:13:28Z","capabilityStatus":"Enabled","service":"exchange","servicePlanId":"f3d5636e-ddc2-41bf-bba6-ca6fadece269"},{"assignedTimestamp":"2020-06-18T05:59:13Z","capabilityStatus":"Enabled","service":"MicrosoftPrint","servicePlanId":"795f6fe0-cc4d-4773-b050-5dde4dc704c9"},{"assignedTimestamp":"2019-11-04T20:12:11Z","capabilityStatus":"Enabled","service":"WhiteboardServices","servicePlanId":"4a51bca5-1eff-43f5-878c-177680f191af"},{"assignedTimestamp":"2019-10-14T22:17:24Z","capabilityStatus":"Enabled","service":"exchange","servicePlanId":"5136a095-5cf0-4aff-bec3-e84448b38ea5"},{"assignedTimestamp":"2019-10-14T22:17:24Z","capabilityStatus":"Enabled","service":"exchange","servicePlanId":"efb0351d-3b08-4503-993d-383af8de41e3"},{"assignedTimestamp":"2019-08-09T01:32:57Z","capabilityStatus":"Enabled","service":"MicrosoftFormsProTest","servicePlanId":"97f29a83-1a20-44ff-bf48-5e4ad11f3e51"},{"assignedTimestamp":"2019-05-18T22:05:38Z","capabilityStatus":"Enabled","service":"DYN365AISERVICEINSIGHTS","servicePlanId":"1412cdc1-d593-4ad1-9050-40c30ad0b023"},{"assignedTimestamp":"2019-04-02T17:29:16Z","capabilityStatus":"Enabled","service":"ProjectProgramsAndPortfolios","servicePlanId":"818523f5-016b-4355-9be8-ed6944946ea7"},{"assignedTimestamp":"2019-04-02T17:29:16Z","capabilityStatus":"Enabled","service":"ProcessSimple","servicePlanId":"fa200448-008c-4acb-abd4-ea106ed2199d"},{"assignedTimestamp":"2019-04-02T17:29:16Z","capabilityStatus":"Enabled","service":"CRM","servicePlanId":"50554c47-71d9-49fd-bc54-42a2765c555c"},{"assignedTimestamp":"2018-12-01T15:56:01Z","capabilityStatus":"Enabled","service":"exchange","servicePlanId":"b1188c4c-1b36-4018-b48b-ee07604f6feb"},{"assignedTimestamp":"2018-09-21T00:51:31Z","capabilityStatus":"Enabled","service":"MicrosoftCommunicationsOnline","servicePlanId":"018fb91e-cee3-418c-9063-d7562978bdaf"},{"assignedTimestamp":"2018-09-21T00:51:31Z","capabilityStatus":"Enabled","service":"MicrosoftCommunicationsOnline","servicePlanId":"ca4be917-fbce-4b52-839e-6647467a1668"},{"assignedTimestamp":"2018-09-21T00:51:30Z","capabilityStatus":"Deleted","service":"MicrosoftCommunicationsOnline","servicePlanId":"4828c8ec-dc2e-4779-b502-87ac9ce28ab7"},{"assignedTimestamp":"2018-09-21T00:51:30Z","capabilityStatus":"Deleted","service":"MicrosoftCommunicationsOnline","servicePlanId":"3e26ee1f-8a5f-4d52-aee2-b81ce45c8f40"},{"assignedTimestamp":"2018-08-29T23:28:11Z","capabilityStatus":"Enabled","service":"Sway","servicePlanId":"a23b959c-7ce8-4e57-9140-b90eb88a9e97"},{"assignedTimestamp":"2018-08-29T23:28:11Z","capabilityStatus":"Deleted","service":"OfficeForms","servicePlanId":"159f4cd6-e380-449f-a816-af1a9ef76344"},{"assignedTimestamp":"2018-06-01T01:23:21Z","capabilityStatus":"Enabled","service":"AzureAnalysis","servicePlanId":"2049e525-b859-401b-b2a0-e0a31c4b1fe4"},{"assignedTimestamp":"2018-05-16T00:29:17Z","capabilityStatus":"Enabled","service":"ProcessSimple","servicePlanId":"50e68c76-46c6-4674-81f9-75456511b170"},{"assignedTimestamp":"2018-05-16T00:29:17Z","capabilityStatus":"Enabled","service":"RMSOnline","servicePlanId":"bea4c11e-220a-4e6d-8eb8-8ea15d019f90"},{"assignedTimestamp":"2018-05-16T00:29:17Z","capabilityStatus":"Enabled","service":"ProcessSimple","servicePlanId":"d20bfa21-e9ae-43fc-93c2-20783f0840c3"},{"assignedTimestamp":"2018-05-16T00:29:17Z","capabilityStatus":"Enabled","service":"PowerAppsService","servicePlanId":"d5368ca3-357e-4acb-9c21-8495fb025d1f"},{"assignedTimestamp":"2018-05-16T00:29:17Z","capabilityStatus":"Enabled","service":"RMSOnline","servicePlanId":"6c57d4b6-3b23-47a5-9bc9-69f17b4947b3"},{"assignedTimestamp":"2018-05-16T00:29:17Z","capabilityStatus":"Enabled","service":"CRM","servicePlanId":"17ab22cd-a0b3-4536-910a-cb6eb12696c0"},{"assignedTimestamp":"2018-04-24T05:34:12Z","capabilityStatus":"Enabled","service":"SharePoint","servicePlanId":"2bdbaf8f-738f-4ac7-9234-3c3ee2ce7d0f"},{"assignedTimestamp":"2018-04-24T05:34:12Z","capabilityStatus":"Deleted","service":"SharePoint","servicePlanId":"2125cfd7-2110-4567-83c4-c1cd5275163d"},{"assignedTimestamp":"2018-04-24T05:34:12Z","capabilityStatus":"Enabled","service":"SharePoint","servicePlanId":"da792a53-cbc0-4184-a10d-e544dd34b3c1"},{"assignedTimestamp":"2018-04-24T05:34:12Z","capabilityStatus":"Deleted","service":"SharePoint","servicePlanId":"c4048e79-4474-4c74-ba9b-c31ff225e511"},{"assignedTimestamp":"2018-03-22T02:49:23Z","capabilityStatus":"Deleted","service":"MicrosoftStream","servicePlanId":"acffdce6-c30f-4dc2-81c0-372e33c515ec"},{"assignedTimestamp":"2018-03-17T12:58:34Z","capabilityStatus":"Enabled","service":"WindowsDefenderATP","servicePlanId":"871d91ec-ec1a-452b-a83f-bd76c7d770ef"},{"assignedTimestamp":"2018-03-17T12:58:34Z","capabilityStatus":"Enabled","service":"AzureAdvancedThreatAnalytics","servicePlanId":"14ab5db5-e6c4-4b20-b4bc-13e36fd2227f"},{"assignedTimestamp":"2018-03-17T12:58:34Z","capabilityStatus":"Enabled","service":"Windows","servicePlanId":"e7c91390-7625-45be-94e0-e16907e03118"},{"assignedTimestamp":"2018-02-24T06:12:57Z","capabilityStatus":"Deleted","service":"CRM","servicePlanId":"bf36ca64-95c6-4918-9275-eb9f4ce2c04f"},{"assignedTimestamp":"2018-02-24T06:12:57Z","capabilityStatus":"Deleted","service":"PowerAppsService","servicePlanId":"874fc546-6efe-4d22-90b8-5c4e7aa59f4b"},{"assignedTimestamp":"2018-01-09T08:39:49Z","capabilityStatus":"Enabled","service":"ProjectWorkManagement","servicePlanId":"b737dad2-2f6c-4c65-90e3-ca563267e8b9"},{"assignedTimestamp":"2018-01-01T01:54:19Z","capabilityStatus":"Enabled","service":"AADPremiumService","servicePlanId":"41781fb2-bc02-4b7c-bd55-b576c07bb09d"},{"assignedTimestamp":"2018-01-01T01:54:19Z","capabilityStatus":"Enabled","service":"MultiFactorService","servicePlanId":"8a256a2b-b617-496d-b51b-e76466e88db0"},{"assignedTimestamp":"2017-12-31T10:55:11Z","capabilityStatus":"Deleted","service":"Adallom","servicePlanId":"932ad362-64a8-4783-9106-97849a1a30b9"},{"assignedTimestamp":"2017-12-16T07:14:14Z","capabilityStatus":"Enabled","service":"To-Do","servicePlanId":"3fb82609-8c27-4f7b-bd51-30634711ee67"},{"assignedTimestamp":"2017-12-16T07:14:14Z","capabilityStatus":"Enabled","service":"RMSOnline","servicePlanId":"5689bec4-755d-4753-8b61-40975025187c"},{"assignedTimestamp":"2017-12-16T07:14:14Z","capabilityStatus":"Enabled","service":"Adallom","servicePlanId":"2e2ddb96-6af9-4b1d-a3f0-d6ecfd22edb2"},{"assignedTimestamp":"2016-10-26T20:47:33Z","capabilityStatus":"Enabled","service":"Adallom","servicePlanId":"8c098270-9dd4-4350-9b30-ba4703f3b36b"},{"assignedTimestamp":"2017-10-07T03:53:19Z","capabilityStatus":"Enabled","service":"Netbreeze","servicePlanId":"03acaee3-9492-4f40-aed4-bcb6b32981b6"},{"assignedTimestamp":"2017-10-07T03:53:19Z","capabilityStatus":"Enabled","service":"CRM","servicePlanId":"d56f3deb-50d8-465a-bedb-f079817ccac1"},{"assignedTimestamp":"2017-08-13T14:25:55Z","capabilityStatus":"Enabled","service":"OfficeForms","servicePlanId":"e212cbc7-0961-4c40-9825-01117710dcb1"},{"assignedTimestamp":"2017-06-11T04:24:10Z","capabilityStatus":"Enabled","service":"AADPremiumService","servicePlanId":"eec0eb4f-6444-4f95-aba0-50c24d67f998"},{"assignedTimestamp":"2017-06-11T04:24:10Z","capabilityStatus":"Enabled","service":"SCO","servicePlanId":"c1ec4a95-1f05-45b3-a911-aa3fa01094f5"},{"assignedTimestamp":"2017-06-09T22:11:47Z","capabilityStatus":"Enabled","service":"MicrosoftStream","servicePlanId":"6c6042f5-6f01-4d67-b8c1-eb99d36eed3e"},{"assignedTimestamp":"2017-06-09T22:11:47Z","capabilityStatus":"Deleted","service":"MicrosoftCommunicationsOnline","servicePlanId":"27216c54-caf8-4d0d-97e2-517afb5c08f6"},{"assignedTimestamp":"2017-06-09T22:11:47Z","capabilityStatus":"Deleted","service":"ProcessSimple","servicePlanId":"76846ad7-7776-4c40-a281-a386362dd1b9"},{"assignedTimestamp":"2017-06-09T22:11:47Z","capabilityStatus":"Enabled","service":"TeamspaceAPI","servicePlanId":"57ff2da0-773e-42df-b2af-ffb7a2317929"},{"assignedTimestamp":"2017-06-09T22:11:47Z","capabilityStatus":"Deleted","service":"PowerAppsService","servicePlanId":"c68f8d98-5534-41c8-bf36-22fa496fa792"},{"assignedTimestamp":"2017-06-09T22:11:47Z","capabilityStatus":"Enabled","service":"Deskless","servicePlanId":"8c7d2df8-86f0-4902-b2ed-a0458298f3b3"},{"assignedTimestamp":"2017-06-09T22:11:47Z","capabilityStatus":"Enabled","service":"MicrosoftOffice","servicePlanId":"43de0ff5-c92c-492b-9116-175376d08c38"},{"assignedTimestamp":"2017-06-09T22:11:47Z","capabilityStatus":"Enabled","service":"exchange","servicePlanId":"efb87545-963c-4e0d-99df-69c6916d9eb0"},{"assignedTimestamp":"2017-06-09T22:11:47Z","capabilityStatus":"Enabled","service":"MicrosoftCommunicationsOnline","servicePlanId":"0feaeb32-d00e-4d66-bd5a-43b5b83db82c"},{"assignedTimestamp":"2017-05-13T03:28:10Z","capabilityStatus":"Enabled","service":"exchange","servicePlanId":"8e0c0a52-6a6c-4d40-8370-dd62790dcd70"},{"assignedTimestamp":"2016-11-29T21:55:03Z","capabilityStatus":"Enabled","service":"ProcessSimple","servicePlanId":"07699545-9485-468e-95b6-2fca3738be01"},{"assignedTimestamp":"2016-11-29T21:55:03Z","capabilityStatus":"Enabled","service":"PowerAppsService","servicePlanId":"9c0dab89-a30c-4117-86e7-97bda240acd2"},{"assignedTimestamp":"2016-10-26T20:47:33Z","capabilityStatus":"Enabled","service":"PowerBI","servicePlanId":"70d33638-9c74-4d01-bfd3-562de28bd4ba"},{"assignedTimestamp":"2016-10-26T20:47:33Z","capabilityStatus":"Enabled","service":"exchange","servicePlanId":"34c0d7a0-a70f-4668-9238-47f9fc208882"},{"assignedTimestamp":"2016-10-26T20:47:33Z","capabilityStatus":"Enabled","service":"exchange","servicePlanId":"9f431833-0334-42de-a7dc-70aa40db46db"},{"assignedTimestamp":"2016-10-26T20:47:33Z","capabilityStatus":"Enabled","service":"exchange","servicePlanId":"4de31727-a228-4ec3-a5bf-8e45b5ca48cc"},{"assignedTimestamp":"2016-10-26T20:47:33Z","capabilityStatus":"Deleted","service":"PowerBI","servicePlanId":"fc0a60aa-feee-4746-a0e3-aecfe81a38dd"},{"assignedTimestamp":"2012-10-30T04:34:04Z","capabilityStatus":"Enabled","service":"MicrosoftOffice","servicePlanId":"663a804f-1c30-4ff0-9915-9db84f0d1cea"},{"assignedTimestamp":"2015-10-06T04:01:51Z","capabilityStatus":"Deleted","service":"CRM","servicePlanId":"f9646fb2-e3b2-4309-95de-dc4833737456"},{"assignedTimestamp":"2015-10-06T04:01:51Z","capabilityStatus":"Deleted","service":"Netbreeze","servicePlanId":"3e58e97c-9abe-ebab-cd5f-d543d1529634"},{"assignedTimestamp":"2015-10-06T04:01:51Z","capabilityStatus":"Deleted","service":"DynamicsMarketing","servicePlanId":"3413916e-ee66-4071-be30-6f94d4adfeda"}],"city":"REDMOND","companyName":"MICROSOFT","consentProvidedForMinor":null,"country":null,"createdDateTime":null,"creationType":null,"department":"App
        Svcs_balam_OPEX 1010","dirSyncEnabled":true,"displayName":"Sisira Panchagnula","employeeId":null,"facsimileTelephoneNumber":null,"givenName":"Sisira","immutableId":"340857","isCompromised":null,"jobTitle":"PRINCIPAL
        SOFTWARE ENG MANAGER","lastDirSyncTime":"2021-09-07T06:05:57Z","legalAgeGroupClassification":null,"mail":"sisirap@microsoft.com","mailNickname":"sisirap","mobile":null,"onPremisesDistinguishedName":"CN=Sisira
        Panchagnula,OU=MSE,OU=Users,OU=CoreIdentity,DC=redmond,DC=corp,DC=microsoft,DC=com","onPremisesSecurityIdentifier":"S-1-5-21-2127521184-1604012920-1887927527-4485591","otherMails":[],"passwordPolicies":"DisablePasswordExpiration","passwordProfile":null,"physicalDeliveryOfficeName":"16/1G00","postalCode":null,"preferredLanguage":null,"provisionedPlans":[{"capabilityStatus":"Enabled","provisioningStatus":"Success","service":"exchange"},{"capabilityStatus":"Enabled","provisioningStatus":"Success","service":"SharePoint"},{"capabilityStatus":"Enabled","provisioningStatus":"Success","service":"SharePoint"},{"capabilityStatus":"Enabled","provisioningStatus":"Success","service":"SharePoint"},{"capabilityStatus":"Enabled","provisioningStatus":"Success","service":"exchange"},{"capabilityStatus":"Enabled","provisioningStatus":"Success","service":"CRM"},{"capabilityStatus":"Enabled","provisioningStatus":"Success","service":"exchange"},{"capabilityStatus":"Enabled","provisioningStatus":"Success","service":"exchange"},{"capabilityStatus":"Enabled","provisioningStatus":"Success","service":"exchange"},{"capabilityStatus":"Enabled","provisioningStatus":"Success","service":"exchange"},{"capabilityStatus":"Enabled","provisioningStatus":"Success","service":"CRM"},{"capabilityStatus":"Enabled","provisioningStatus":"Success","service":"exchange"},{"capabilityStatus":"Enabled","provisioningStatus":"Success","service":"MicrosoftCommunicationsOnline"},{"capabilityStatus":"Enabled","provisioningStatus":"Success","service":"MicrosoftCommunicationsOnline"},{"capabilityStatus":"Deleted","provisioningStatus":"Success","service":"MicrosoftCommunicationsOnline"},{"capabilityStatus":"Deleted","provisioningStatus":"Success","service":"MicrosoftCommunicationsOnline"},{"capabilityStatus":"Enabled","provisioningStatus":"Success","service":"CRM"},{"capabilityStatus":"Deleted","provisioningStatus":"Success","service":"SharePoint"},{"capabilityStatus":"Enabled","provisioningStatus":"Success","service":"SharePoint"},{"capabilityStatus":"Deleted","provisioningStatus":"Success","service":"SharePoint"},{"capabilityStatus":"Enabled","provisioningStatus":"Success","service":"SharePoint"},{"capabilityStatus":"Enabled","provisioningStatus":"Success","service":"Adallom"},{"capabilityStatus":"Enabled","provisioningStatus":"Success","service":"Netbreeze"},{"capabilityStatus":"Enabled","provisioningStatus":"Success","service":"CRM"},{"capabilityStatus":"Enabled","provisioningStatus":"Success","service":"MicrosoftCommunicationsOnline"},{"capabilityStatus":"Deleted","provisioningStatus":"Success","service":"MicrosoftCommunicationsOnline"},{"capabilityStatus":"Enabled","provisioningStatus":"Success","service":"exchange"},{"capabilityStatus":"Enabled","provisioningStatus":"Success","service":"exchange"},{"capabilityStatus":"Enabled","provisioningStatus":"Success","service":"exchange"},{"capabilityStatus":"Enabled","provisioningStatus":"Success","service":"exchange"},{"capabilityStatus":"Enabled","provisioningStatus":"Success","service":"exchange"},{"capabilityStatus":"Deleted","provisioningStatus":"Success","service":"CRM"},{"capabilityStatus":"Enabled","provisioningStatus":"Success","service":"MicrosoftOffice"},{"capabilityStatus":"Enabled","provisioningStatus":"Success","service":"MicrosoftOffice"},{"capabilityStatus":"Enabled","provisioningStatus":"Success","service":"MicrosoftOffice"},{"capabilityStatus":"Deleted","provisioningStatus":"Success","service":"DynamicsMarketing"},{"capabilityStatus":"Deleted","provisioningStatus":"Success","service":"Netbreeze"},{"capabilityStatus":"Enabled","provisioningStatus":"Success","service":"CRM"}],"provisioningErrors":[],"proxyAddresses":["smtp:sisirap@exmail.microsoft.com","X500:/o=MMS/ou=Exchange
        Administrative Group (FYDIBOHF23SPDLT)/cn=Recipients/cn=Sisira Pancha9a4ed6de-4dc8-4797-a12b-072522cd122f","SMTP:sisirap@microsoft.com","X500:/o=ExchangeLabs/ou=Exchange
        Administrative Group (FYDIBOHF23SPDLT)/cn=Recipients/cn=sisirapd699d44609","x500:/o=microsoft/ou=Exchange
        Administrative Group (FYDIBOHF23SPDLT)/cn=Recipients/cn=Sisira Panchagnula","smtp:sisirap@Service.microsoft.com","X500:/O=Nokia/OU=HUB/cn=Recipients/cn=sisirap","X500:/o=microsoft/ou=External
        (FYDIBOHF25SPDLT)/cn=Recipients/cn=eb1d0ab75de34dbaab0a2ac97e96b914","X500:/o=SDF/ou=Exchange
        Administrative Group (FYDIBOHF23SPDLT)/cn=Recipients/cn=sdflabs.com-51490-Sisira
        Panchagnulacf2044e7","X500:/o=microsoft/ou=First Administrative Group/cn=Recipients/cn=sisirap","X500:/o=microsoft/ou=Exchange
        Administrative Group (FYDIBOHF23SPDLT)/cn=Recipients/cn=sisirap","X500:/o=SDF/ou=Exchange
        Administrative Group (FYDIBOHF23SPDLT)/cn=Recipients/cn=sisirap_microsoft.com9b0a038d","X500:/o=SDF/ou=Exchange
        Administrative Group (FYDIBOHF23SPDLT)/cn=Recipients/cn=sdflabs.com-51490-Sisira
        Panchagnula","X500:/o=SDF/ou=Exchange Administrative Group (FYDIBOHF23SPDLT)/cn=Recipients/cn=51490-sisirap_8aeff723ac","X500:/o=MSNBC/ou=Servers/cn=Recipients/cn=sisirap","X500:/o=ExchangeLabs/ou=Exchange
        Administrative Group (FYDIBOHF23SPDLT)/cn=Recipients/cn=microsoft.onmicrosoft.com-55760-Sisira
        Panchagnula"],"refreshTokensValidFromDateTime":"2019-10-08T14:48:44Z","showInAddressList":true,"signInNames":[],"sipProxyAddress":"sisirap@microsoft.com","state":null,"streetAddress":null,"surname":"Panchagnula","telephoneNumber":"+1
        (425) 7064511","thumbnailPhoto@odata.mediaEditLink":"directoryObjects/b72f39fa-d7a8-46e4-b9c3-efdec6cd55f3/Microsoft.DirectoryServices.User/thumbnailPhoto","thumbnailPhoto@odata.mediaContentType":"image/Jpeg","usageLocation":"US","userIdentities":[],"userPrincipalName":"sisirap@microsoft.com","userState":null,"userStateChangedOn":null,"userType":"Member","extension_18e31482d3fb4a8ea958aa96b662f508_BuildingName":"16","extension_18e31482d3fb4a8ea958aa96b662f508_BuildingID":"15","extension_18e31482d3fb4a8ea958aa96b662f508_ZipCode":"98052","extension_18e31482d3fb4a8ea958aa96b662f508_StateProvinceCode":"WA","extension_18e31482d3fb4a8ea958aa96b662f508_CountryShortCode":"US","extension_18e31482d3fb4a8ea958aa96b662f508_CityName":"REDMOND","extension_18e31482d3fb4a8ea958aa96b662f508_AddressLine1":"1
        Microsoft Way","extension_18e31482d3fb4a8ea958aa96b662f508_ProfitCenterCode":"P10231243","extension_18e31482d3fb4a8ea958aa96b662f508_CostCenterCode":"10231243","extension_18e31482d3fb4a8ea958aa96b662f508_SupervisorInd":"Y","extension_18e31482d3fb4a8ea958aa96b662f508_CompanyCode":"1010","extension_18e31482d3fb4a8ea958aa96b662f508_LocationAreaCode":"US","extension_18e31482d3fb4a8ea958aa96b662f508_PersonnelNumber":"340857","extension_18e31482d3fb4a8ea958aa96b662f508_PositionNumber":"91301977","extension_18e31482d3fb4a8ea958aa96b662f508_ReportsToEmailName":"NITASHAV","extension_18e31482d3fb4a8ea958aa96b662f508_ReportsToFullName":"Verma,
        Nitasha","extension_18e31482d3fb4a8ea958aa96b662f508_ReportsToPersonnelNbr":"202658"}'
    headers:
      access-control-allow-origin:
      - '*'
      cache-control:
      - no-cache
      content-length:
      - '22989'
      content-type:
      - application/json; odata=minimalmetadata; streaming=true; charset=utf-8
      dataserviceversion:
      - 3.0;
      date:
      - Mon, 04 Oct 2021 00:24:10 GMT
      duration:
      - '1809288'
      expires:
      - '-1'
      ocp-aad-diagnostics-server-name:
      - 1Im8Qr+GGxvTA0AHWT0Gj/PrayqDETDAqDHpL3gAVvM=
      ocp-aad-session-key:
      - cfue0waoi4cwxymuE5oBU4jcNG-nO77aJ68qgzLTuc8jWl2XXWSCAVc7h7FHi1Y-2DyGLQIHbRN0A2nt2yg5yuiC-veBXoXXlwwQuyX-_WB8RcBxciEj4iOwRbrztRYx.ln_PbojyPB8U33PQzMGpYQF9WnUIvWu__Cru_U6z8Wg
      pragma:
      - no-cache
      request-id:
      - fd3691c6-0d56-41e6-af9d-0b7cc293682f
      strict-transport-security:
      - max-age=31536000; includeSubDomains
      x-aspnet-version:
      - 4.0.30319
      x-ms-dirapi-data-contract-version:
      - '1.6'
      x-ms-resource-unit:
      - '1'
      x-powered-by:
      - ASP.NET
    status:
      code: 200
      message: OK
- request:
    body: '{"location": "japanwest", "properties": {"tenantId": "72f988bf-86f1-41af-91ab-2d7cd011db47",
      "sku": {"family": "A", "name": "standard"}, "accessPolicies": [{"tenantId":
      "72f988bf-86f1-41af-91ab-2d7cd011db47", "objectId": "b72f39fa-d7a8-46e4-b9c3-efdec6cd55f3",
      "permissions": {"keys": ["get", "create", "delete", "list", "update", "import",
      "backup", "restore", "recover"], "secrets": ["get", "list", "set", "delete",
      "backup", "restore", "recover"], "certificates": ["get", "list", "delete", "create",
      "import", "update", "managecontacts", "getissuers", "listissuers", "setissuers",
      "deleteissuers", "manageissuers", "recover"], "storage": ["get", "list", "delete",
      "set", "update", "regeneratekey", "setsas", "listsas", "getsas", "deletesas"]}}],
      "softDeleteRetentionInDays": 90, "networkAcls": {"bypass": "AzureServices",
      "defaultAction": "Allow"}}}'
    headers:
      Accept:
      - application/json
      Accept-Encoding:
      - gzip, deflate
      CommandName:
      - keyvault create
      Connection:
      - keep-alive
      Content-Length:
      - '852'
      Content-Type:
      - application/json
      ParameterSetName:
      - -g -n
      User-Agent:
      - AZURECLI/2.28.1 azsdk-python-azure-mgmt-keyvault/9.1.0 Python/3.8.2 (macOS-10.16-x86_64-i386-64bit)
    method: PUT
    uri: https://management.azure.com/subscriptions/00000000-0000-0000-0000-000000000000/resourceGroups/clitest.rg000001/providers/Microsoft.KeyVault/vaults/kv-ssl-test000005?api-version=2021-04-01-preview
  response:
    body:
      string: '{"id":"/subscriptions/00000000-0000-0000-0000-000000000000/resourceGroups/clitest.rg000001/providers/Microsoft.KeyVault/vaults/kv-ssl-test000005","name":"kv-ssl-test000005","type":"Microsoft.KeyVault/vaults","location":"japanwest","tags":{},"systemData":{"createdBy":"sisirap@microsoft.com","createdByType":"User","createdAt":"2021-10-04T00:24:16.096Z","lastModifiedBy":"sisirap@microsoft.com","lastModifiedByType":"User","lastModifiedAt":"2021-10-04T00:24:16.096Z"},"properties":{"sku":{"family":"A","name":"standard"},"tenantId":"72f988bf-86f1-41af-91ab-2d7cd011db47","accessPolicies":[{"tenantId":"72f988bf-86f1-41af-91ab-2d7cd011db47","objectId":"b72f39fa-d7a8-46e4-b9c3-efdec6cd55f3","permissions":{"keys":["get","create","delete","list","update","import","backup","restore","recover"],"secrets":["get","list","set","delete","backup","restore","recover"],"certificates":["get","list","delete","create","import","update","managecontacts","getissuers","listissuers","setissuers","deleteissuers","manageissuers","recover"],"storage":["get","list","delete","set","update","regeneratekey","setsas","listsas","getsas","deletesas"]}}],"enabledForDeployment":false,"enableSoftDelete":true,"softDeleteRetentionInDays":90,"vaultUri":"https://kv-ssl-test000005.vault.azure.net","provisioningState":"RegisteringDns"}}'
    headers:
      cache-control:
      - no-cache
      content-length:
      - '1378'
      content-type:
      - application/json; charset=utf-8
      date:
      - Mon, 04 Oct 2021 00:24:19 GMT
      expires:
      - '-1'
      pragma:
      - no-cache
      server:
      - Microsoft-IIS/10.0
      strict-transport-security:
      - max-age=31536000; includeSubDomains
      transfer-encoding:
      - chunked
      vary:
      - Accept-Encoding
      x-aspnet-version:
      - 4.0.30319
      x-content-type-options:
      - nosniff
      x-ms-keyvault-service-version:
      - 1.5.137.1
      x-ms-ratelimit-remaining-subscription-writes:
      - '1199'
      x-powered-by:
      - ASP.NET
    status:
      code: 200
      message: OK
- request:
    body: null
    headers:
      Accept:
      - '*/*'
      Accept-Encoding:
      - gzip, deflate
      CommandName:
      - keyvault create
      Connection:
      - keep-alive
      ParameterSetName:
      - -g -n
      User-Agent:
      - AZURECLI/2.28.1 azsdk-python-azure-mgmt-keyvault/9.1.0 Python/3.8.2 (macOS-10.16-x86_64-i386-64bit)
    method: GET
    uri: https://management.azure.com/subscriptions/00000000-0000-0000-0000-000000000000/resourceGroups/clitest.rg000001/providers/Microsoft.KeyVault/vaults/kv-ssl-test000005?api-version=2021-04-01-preview
  response:
    body:
      string: '{"id":"/subscriptions/00000000-0000-0000-0000-000000000000/resourceGroups/clitest.rg000001/providers/Microsoft.KeyVault/vaults/kv-ssl-test000005","name":"kv-ssl-test000005","type":"Microsoft.KeyVault/vaults","location":"japanwest","tags":{},"systemData":{"createdBy":"sisirap@microsoft.com","createdByType":"User","createdAt":"2021-10-04T00:24:16.096Z","lastModifiedBy":"sisirap@microsoft.com","lastModifiedByType":"User","lastModifiedAt":"2021-10-04T00:24:16.096Z"},"properties":{"sku":{"family":"A","name":"standard"},"tenantId":"72f988bf-86f1-41af-91ab-2d7cd011db47","accessPolicies":[{"tenantId":"72f988bf-86f1-41af-91ab-2d7cd011db47","objectId":"b72f39fa-d7a8-46e4-b9c3-efdec6cd55f3","permissions":{"keys":["get","create","delete","list","update","import","backup","restore","recover"],"secrets":["get","list","set","delete","backup","restore","recover"],"certificates":["get","list","delete","create","import","update","managecontacts","getissuers","listissuers","setissuers","deleteissuers","manageissuers","recover"],"storage":["get","list","delete","set","update","regeneratekey","setsas","listsas","getsas","deletesas"]}}],"enabledForDeployment":false,"enableSoftDelete":true,"softDeleteRetentionInDays":90,"vaultUri":"https://kv-ssl-test000005.vault.azure.net/","provisioningState":"Succeeded"}}'
    headers:
      cache-control:
      - no-cache
      content-length:
      - '1374'
      content-type:
      - application/json; charset=utf-8
      date:
      - Mon, 04 Oct 2021 00:24:49 GMT
      expires:
      - '-1'
      pragma:
      - no-cache
      server:
      - Microsoft-IIS/10.0
      strict-transport-security:
      - max-age=31536000; includeSubDomains
      transfer-encoding:
      - chunked
      vary:
      - Accept-Encoding
      x-aspnet-version:
      - 4.0.30319
      x-content-type-options:
      - nosniff
      x-ms-keyvault-service-version:
      - 1.5.137.1
      x-powered-by:
      - ASP.NET
    status:
      code: 200
      message: OK
- request:
    body: null
    headers:
      Accept:
      - application/json
      Accept-Encoding:
      - gzip, deflate
      Connection:
      - keep-alive
      User-Agent:
      - python/3.8.2 (macOS-10.16-x86_64-i386-64bit) msrest/0.6.21 msrest_azure/0.6.3
        azure-graphrbac/0.60.0 Azure-SDK-For-Python
      accept-language:
      - en-US
    method: GET
    uri: https://graph.windows.net/00000000-0000-0000-0000-000000000000/servicePrincipals?$filter=servicePrincipalNames%2Fany%28c%3Ac%20eq%20%27Microsoft.Azure.WebSites%27%29&api-version=1.6
  response:
    body:
      string: '{"odata.metadata":"https://graph.windows.net/00000000-0000-0000-0000-000000000000/$metadata#directoryObjects","value":[{"odata.type":"Microsoft.DirectoryServices.ServicePrincipal","objectType":"ServicePrincipal","objectId":"f8daea97-62e7-4026-becf-13c2ea98e8b4","deletionTimestamp":null,"accountEnabled":true,"addIns":[],"alternativeNames":[],"appDisplayName":"Microsoft
        Azure App Service","appId":"abfa0a7c-a6b6-4736-8310-5855508787cd","applicationTemplateId":null,"appOwnerTenantId":"f8cdef31-a31e-4b4a-93e4-5f571e91255a","appRoleAssignmentRequired":false,"appRoles":[],"displayName":"Microsoft
        Azure App Service","errorUrl":null,"homepage":null,"informationalUrls":{"termsOfService":null,"support":null,"privacy":null,"marketing":null},"keyCredentials":[],"logoutUrl":null,"notificationEmailAddresses":[],"oauth2Permissions":[{"adminConsentDescription":"Allow
        the application to access all the APIs registered with App Service","adminConsentDisplayName":"Access
        APIs registered with App Service","id":"e0ea806b-d128-49dc-ac08-2bf18f7874d8","isEnabled":true,"type":"User","userConsentDescription":"Allow
        the application to access all the APIs registered with App Service","userConsentDisplayName":"Access
        APIs registered with App Service","value":"user_impersonation"}],"passwordCredentials":[],"preferredSingleSignOnMode":null,"preferredTokenSigningKeyEndDateTime":null,"preferredTokenSigningKeyThumbprint":null,"publisherName":"Microsoft
        Services","replyUrls":["https://usw3.sso.azurewebsites.windows.net/","https://dxb.sso.azurewebsites.windows.net/","https://brse.sso.azurewebsites.windows.net/","https://chw.sso.azurewebsites.windows.net/","https://trydiagnosticsmesh.azure.com/","https://zrh.sso.azurewebsites.windows.net/","https://yt1.sso.azurewebsites.windows.net/","https://yq1.sso.azurewebsites.windows.net/","https://sy3.sso.azurewebsites.windows.net/","https://svg.sso.azurewebsites.windows.net/","https://sn1.sso.azurewebsites.windows.net/","https://sg1.sso.azurewebsites.windows.net/","https://se1.sso.azurewebsites.windows.net/","https://ps1.sso.azurewebsites.windows.net/","https://pn1.sso.azurewebsites.windows.net/","https://par.sso.azurewebsites.windows.net/","https://osl.sso.azurewebsites.windows.net/","https://os1.sso.azurewebsites.windows.net/","https://mwh.sso.azurewebsites.windows.net/","https://msftintsg1.sso.azurewebsites.windows.net/","https://msftintdm3.sso.azurewebsites.windows.net/","https://mrs.sso.azurewebsites.windows.net/","https://ml1.sso.azurewebsites.windows.net/","https://ma1.sso.azurewebsites.windows.net/","https://ln1.sso.azurewebsites.windows.net/","https://kw1.sso.azurewebsites.windows.net/","https://jnb21.sso.azurewebsites.windows.net/","https://hk1.sso.azurewebsites.windows.net/","https://fra.sso.azurewebsites.windows.net/","https://dm1.sso.azurewebsites.windows.net/","https://db3.sso.azurewebsites.windows.net/","https://cy4.sso.azurewebsites.windows.net/","https://cw1.sso.azurewebsites.windows.net/","https://cq1.sso.azurewebsites.windows.net/","https://cpt20.sso.azurewebsites.windows.net/","https://ch1.sso.azurewebsites.windows.net/","https://cbr21.sso.azurewebsites.windows.net/","https://cbr20.sso.azurewebsites.windows.net/","https://bn1.sso.azurewebsites.windows.net/","https://bm1.sso.azurewebsites.windows.net/","https://blu.sso.azurewebsites.windows.net/","https://ber.sso.azurewebsites.windows.net/","https://bay.sso.azurewebsites.windows.net/","https://auh.sso.azurewebsites.windows.net/","https://am2.sso.azurewebsites.windows.net/","https://euapdm1.sso.azurewebsites.windows.net/","https://euapbn1.sso.azurewebsites.windows.net/","https://msftinthk1.sso.azurewebsites.windows.net/","https://deploy-staging.azure.com","https://functions.azure.com","https://functions-staging.azure.com","https://functions-next.azure.com","https://functions-release.azure.com"],"samlMetadataUrl":null,"samlSingleSignOnSettings":null,"servicePrincipalNames":["https://appservice.azure.com","Microsoft.Azure.WebSites","abfa0a7c-a6b6-4736-8310-5855508787cd"],"servicePrincipalType":"Application","signInAudience":"AzureADMultipleOrgs","tags":["CSEOAllowGuests"],"tokenEncryptionKeyId":null}]}'
    headers:
      access-control-allow-origin:
      - '*'
      cache-control:
      - no-cache
      content-length:
      - '4147'
      content-type:
      - application/json; odata=minimalmetadata; streaming=true; charset=utf-8
      dataserviceversion:
      - 3.0;
      date:
      - Mon, 04 Oct 2021 00:24:49 GMT
      duration:
      - '636756'
      expires:
      - '-1'
      ocp-aad-diagnostics-server-name:
      - 2GZk9OiVxg7JwLj3pn3UwqdzJi9/mAS3/upTNp2BS2s=
      ocp-aad-session-key:
      - I24FtaRcvAEOESeSres3d5THO1zxBrwn1UH8ZlbcBzIOCaV2ckz-6VXPrgQ2fnCh39UKWwU_uXgIfuN9fwdgVwTD2mJXNOaplxOu6vwa34Ddhlm7xWrY0gUpH1yCmMuS.d4GGduavsH4kS0DVjn2XKl_pcCgWDmlMtBWZkjRMqM0
      pragma:
      - no-cache
      request-id:
      - 55addb1b-59c9-44f6-99d8-20fe4e656a16
      strict-transport-security:
      - max-age=31536000; includeSubDomains
      x-aspnet-version:
      - 4.0.30319
      x-ms-dirapi-data-contract-version:
      - '1.6'
      x-ms-resource-unit:
      - '1'
      x-powered-by:
      - ASP.NET
    status:
      code: 200
      message: OK
- request:
    body: null
    headers:
      Accept:
      - application/json
      Accept-Encoding:
      - gzip, deflate
      CommandName:
      - keyvault set-policy
      Connection:
      - keep-alive
      ParameterSetName:
      - -g --name --spn --secret-permissions
      User-Agent:
      - AZURECLI/2.28.1 azsdk-python-azure-mgmt-keyvault/9.1.0 Python/3.8.2 (macOS-10.16-x86_64-i386-64bit)
    method: GET
    uri: https://management.azure.com/subscriptions/00000000-0000-0000-0000-000000000000/resourceGroups/clitest.rg000001/providers/Microsoft.KeyVault/vaults/kv-ssl-test000005?api-version=2021-04-01-preview
  response:
    body:
      string: '{"id":"/subscriptions/00000000-0000-0000-0000-000000000000/resourceGroups/clitest.rg000001/providers/Microsoft.KeyVault/vaults/kv-ssl-test000005","name":"kv-ssl-test000005","type":"Microsoft.KeyVault/vaults","location":"japanwest","tags":{},"systemData":{"createdBy":"sisirap@microsoft.com","createdByType":"User","createdAt":"2021-10-04T00:24:16.096Z","lastModifiedBy":"sisirap@microsoft.com","lastModifiedByType":"User","lastModifiedAt":"2021-10-04T00:24:16.096Z"},"properties":{"sku":{"family":"A","name":"standard"},"tenantId":"72f988bf-86f1-41af-91ab-2d7cd011db47","accessPolicies":[{"tenantId":"72f988bf-86f1-41af-91ab-2d7cd011db47","objectId":"b72f39fa-d7a8-46e4-b9c3-efdec6cd55f3","permissions":{"keys":["get","create","delete","list","update","import","backup","restore","recover"],"secrets":["get","list","set","delete","backup","restore","recover"],"certificates":["get","list","delete","create","import","update","managecontacts","getissuers","listissuers","setissuers","deleteissuers","manageissuers","recover"],"storage":["get","list","delete","set","update","regeneratekey","setsas","listsas","getsas","deletesas"]}}],"enabledForDeployment":false,"enableSoftDelete":true,"softDeleteRetentionInDays":90,"vaultUri":"https://kv-ssl-test000005.vault.azure.net/","provisioningState":"Succeeded"}}'
    headers:
      cache-control:
      - no-cache
      content-length:
      - '1374'
      content-type:
      - application/json; charset=utf-8
      date:
      - Mon, 04 Oct 2021 00:24:50 GMT
      expires:
      - '-1'
      pragma:
      - no-cache
      server:
      - Microsoft-IIS/10.0
      strict-transport-security:
      - max-age=31536000; includeSubDomains
      transfer-encoding:
      - chunked
      vary:
      - Accept-Encoding
      x-aspnet-version:
      - 4.0.30319
      x-content-type-options:
      - nosniff
      x-ms-keyvault-service-version:
      - 1.5.137.1
      x-powered-by:
      - ASP.NET
    status:
      code: 200
      message: OK
- request:
    body: '{"location": "japanwest", "tags": {}, "properties": {"tenantId": "72f988bf-86f1-41af-91ab-2d7cd011db47",
      "sku": {"family": "A", "name": "standard"}, "accessPolicies": [{"tenantId":
      "72f988bf-86f1-41af-91ab-2d7cd011db47", "objectId": "b72f39fa-d7a8-46e4-b9c3-efdec6cd55f3",
      "permissions": {"keys": ["get", "create", "delete", "list", "update", "import",
      "backup", "restore", "recover"], "secrets": ["get", "list", "set", "delete",
      "backup", "restore", "recover"], "certificates": ["get", "list", "delete", "create",
      "import", "update", "managecontacts", "getissuers", "listissuers", "setissuers",
      "deleteissuers", "manageissuers", "recover"], "storage": ["get", "list", "delete",
      "set", "update", "regeneratekey", "setsas", "listsas", "getsas", "deletesas"]}},
      {"tenantId": "72f988bf-86f1-41af-91ab-2d7cd011db47", "objectId": "f8daea97-62e7-4026-becf-13c2ea98e8b4",
      "permissions": {"secrets": ["get"]}}], "vaultUri": "https://kv-ssl-test000005.vault.azure.net/",
      "enabledForDeployment": false, "enableSoftDelete": true, "softDeleteRetentionInDays":
      90, "provisioningState": "Succeeded"}}'
    headers:
      Accept:
      - application/json
      Accept-Encoding:
      - gzip, deflate
      CommandName:
      - keyvault set-policy
      Connection:
      - keep-alive
      Content-Length:
      - '1089'
      Content-Type:
      - application/json
      ParameterSetName:
      - -g --name --spn --secret-permissions
      User-Agent:
      - AZURECLI/2.28.1 azsdk-python-azure-mgmt-keyvault/9.1.0 Python/3.8.2 (macOS-10.16-x86_64-i386-64bit)
    method: PUT
    uri: https://management.azure.com/subscriptions/00000000-0000-0000-0000-000000000000/resourceGroups/clitest.rg000001/providers/Microsoft.KeyVault/vaults/kv-ssl-test000005?api-version=2021-04-01-preview
  response:
    body:
      string: '{"id":"/subscriptions/00000000-0000-0000-0000-000000000000/resourceGroups/clitest.rg000001/providers/Microsoft.KeyVault/vaults/kv-ssl-test000005","name":"kv-ssl-test000005","type":"Microsoft.KeyVault/vaults","location":"japanwest","tags":{},"systemData":{"createdBy":"sisirap@microsoft.com","createdByType":"User","createdAt":"2021-10-04T00:24:16.096Z","lastModifiedBy":"sisirap@microsoft.com","lastModifiedByType":"User","lastModifiedAt":"2021-10-04T00:24:51.802Z"},"properties":{"sku":{"family":"A","name":"standard"},"tenantId":"72f988bf-86f1-41af-91ab-2d7cd011db47","accessPolicies":[{"tenantId":"72f988bf-86f1-41af-91ab-2d7cd011db47","objectId":"b72f39fa-d7a8-46e4-b9c3-efdec6cd55f3","permissions":{"keys":["get","create","delete","list","update","import","backup","restore","recover"],"secrets":["get","list","set","delete","backup","restore","recover"],"certificates":["get","list","delete","create","import","update","managecontacts","getissuers","listissuers","setissuers","deleteissuers","manageissuers","recover"],"storage":["get","list","delete","set","update","regeneratekey","setsas","listsas","getsas","deletesas"]}},{"tenantId":"72f988bf-86f1-41af-91ab-2d7cd011db47","objectId":"f8daea97-62e7-4026-becf-13c2ea98e8b4","permissions":{"secrets":["get"]}}],"enabledForDeployment":false,"enableSoftDelete":true,"softDeleteRetentionInDays":90,"vaultUri":"https://kv-ssl-test000005.vault.azure.net/","provisioningState":"Succeeded"}}'
    headers:
      cache-control:
      - no-cache
      content-length:
      - '1510'
      content-type:
      - application/json; charset=utf-8
      date:
      - Mon, 04 Oct 2021 00:24:51 GMT
      expires:
      - '-1'
      pragma:
      - no-cache
      server:
      - Microsoft-IIS/10.0
      strict-transport-security:
      - max-age=31536000; includeSubDomains
      transfer-encoding:
      - chunked
      vary:
      - Accept-Encoding
      x-aspnet-version:
      - 4.0.30319
      x-content-type-options:
      - nosniff
      x-ms-keyvault-service-version:
      - 1.5.137.1
      x-ms-ratelimit-remaining-subscription-writes:
      - '1199'
      x-powered-by:
      - ASP.NET
    status:
      code: 200
      message: OK
- request:
    body: ''
    headers:
      Accept:
      - application/json
      Accept-Encoding:
      - gzip, deflate
      Connection:
      - keep-alive
      Content-Length:
      - 0
      Content-Type:
      - application/json; charset=utf-8
      User-Agent:
      - python/3.8.2 (macOS-10.16-x86_64-i386-64bit) msrest/0.6.21 msrest_azure/0.6.3
        azure-keyvault/7.0 Azure-SDK-For-Python
      accept-language:
      - en-US
    method: POST
    uri: https://kv-ssl-test000005.vault.azure.net/certificates/test-cert/import?api-version=7.0
  response:
    body:
      string: '{"error":{"code":"Unauthorized","message":"AKV10000: Request is missing
        a Bearer or PoP token."}}'
    headers:
      cache-control:
      - no-cache
      content-length:
      - '97'
      content-type:
      - application/json; charset=utf-8
      date:
      - Mon, 04 Oct 2021 00:24:52 GMT
      expires:
      - '-1'
      pragma:
      - no-cache
      strict-transport-security:
      - max-age=31536000;includeSubDomains
      www-authenticate:
      - Bearer authorization="https://login.windows.net/72f988bf-86f1-41af-91ab-2d7cd011db47",
        resource="https://vault.azure.net"
      x-content-type-options:
      - nosniff
      x-ms-keyvault-network-info:
      - conn_type=Ipv4;addr=216.9.31.162;act_addr_fam=InterNetwork;
      x-ms-keyvault-region:
      - japanwest
      x-ms-keyvault-service-version:
      - 1.9.79.2
      x-powered-by:
      - ASP.NET
    status:
      code: 401
      message: Unauthorized
- request:
    body: '{"value": "MIIKYgIBAzCCCh4GCSqGSIb3DQEHAaCCCg8EggoLMIIKBzCCBggGCSqGSIb3DQEHAaCCBfkEggX1MIIF8TCCBe0GCyqGSIb3DQEMCgECoIIE/jCCBPowHAYKKoZIhvcNAQwBAzAOBAiXDoyN14zikgICB9AEggTYczAG9RXE6P9dZzKEkuAB3zAoIpepICAcTQO38wV1z2dd3E1p7vBI+RYv1Td3965af6LUHeW7iHwE1h+qUntxAQtW7vVI7cUFa9iP0Heu/ijuZraY1lmKQEzFWffCE1XIgwcH3yHpi88Ow1Au64PfaaYPlrAgklPQ69DPIwM9JuhBd5qXW1XDe6XQ1msu6kvEFR1SNLN4Ul6BfKSPvzhVPKVnq33Lbt/QsVkZ3DtabLz8sW6qVYjEa5R8uW2Z7OaBtBbQWGkM6vnuaUpnE0pXxo815RTsvHXVlZkfgSCeOakmGIAygU/EU8BGvubAWx7WNo6RWFCOiT25tJspW6VY9JEse5ESvc4QnUQm1f0C3YPCcCDUCwEt3ZatGSr4MnJHN2Y1OEf1aWjewz0Se1bP2o/SwihyBNqXXZ3QzjxC8vrR+l6E7fPX3UVPJG5hHZfn2q5aofU/OyrPLUUDCaRlrM5oBADouQBy+t77/pobdvShgdYhiy/QCD6mJGalk6OEdfvp35uoL4jgo2irh4i9C3oOzSXFADUjivG66ZsVIN0k43boaO+JueqVso4GNYB8Zz4FIRlPQOZNCXHcuqvhnU0SGhujeb+H0LSXw53xmiwpWwB7xdv7b/qacaoOV1S3C8ZTM6FkJ8oKmNRMIWiIyfgyXQpmqaMND6nCVkcKkYbmVgNQZdWmbiKg1NGm66Q8rLtSUdIlyyCYzmxngLAa4zEbqPqgMwP4LIyCnxKn7hguBeyLsDvYRk029pgLnVVl5fl+Ijk4w2Noor/Axn3yD2gXCy5h9Xel1iXUqr4JtaJnWOoELx5KFwGhXeHdmRUjRVigbVN+nNd2AdtLih2eBimKpRm2NoBCrfGg9KUDpSi8eSTmbXW/enBWkdGrlu9lVTpgK3tlXW3VUveJh15rtwxTUagsee3G06w6YOu0ZRmT4hNfV2FWmjCuB4VCkY+KeFndsRLdC52odvO2z0u2nwBlvRjFrzErpAJdHWWv+XQ/fuOOjBbP5mvV1+gPEEA8QY4tvi/ac1n5S8L2oVNhaF39+QYlwMdcpLFy2BAw2PN7OnNAQMKViTu4iqVA6861oDa22D9EVufpyvSQj4Y0UoGhs8kS8aT8qsHUvabPlrjqslSuaIDB3H2kVSXXVW9kmMLmRNlhqm7Kowa4jjobr2lNY5dZFjJKy3wD2lsBdRHvsGrC35/vakI6Qy0WHcgA1YM7JwJl808lCQ9fi5Jcd/3tjfyhRv6AvZ6Na2VMZwg2bNOCJfhMKgTyssqRLy5us9zRXRvDFI8IQHmoNcliDnQZIcaVApPx095wQOOm4n8dqfw0AFSSRpgdQT6yQRxlNUyqhQbaUzlUKxxf9F6iVvpDMizmDbCB2/wapF+1/6M4HZfHT0JV4nnOtjr96Yfm1pUYN6jkcsyyeYypOFMKcbaTe9UtU9XU/AxJnkBOl2U7YRuffu3ElkZv0pZggWaNeQ3sCE5scVrFsi8+/AFz1O264knbXyw07leoal/JKIiAquq1Hx6QMzShgz/ympyGVHcC2DJBqjOQ/E8b/34WjUaBMop+JNMStUZnoJqL68rQcxkRdWAEj27f+A2c9nagz0TyCXLB5s/LQu3mbknXQzDbH7qJQxOidFg675fqaTrhekaR7psnJDGB2zATBgkqhkiG9w0BCRUxBgQEAQAAADBdBgkrBgEEAYI3EQExUB5OAE0AaQBjAHIAbwBzAG8AZgB0ACAAUwB0AHIAbwBuAGcAIABDAHIAeQBwAHQAbwBnAHIAYQBwAGgAaQBjACAAUAByAG8AdgBpAGQAZQByMGUGCSqGSIb3DQEJFDFYHlYAUAB2AGsAVABtAHAAOgAzAGUAYQAxADIAYQBiADcALQBjAGMAYgA4AC0ANAA3ADcAZAAtAGEAYQBlADQALQA5ADgAZQA1AGYAZgAzAGEANgA4ADcAZjCCA/cGCSqGSIb3DQEHBqCCA+gwggPkAgEAMIID3QYJKoZIhvcNAQcBMBwGCiqGSIb3DQEMAQMwDgQII49JHcCo5YoCAgfQgIIDsNAp0Fem6ktVE6yy8cO2q9jHI94QEA5Xu4T5v/RWz1VJJ2SdSCBXvrCYdhldYVSoXbSbeLTBsULmi/6ST1VkMETbtrl8RlW8DzzDFeYisyeZtOuxbHcVX8ByqDFo/Ro/vydvx7CRx11IstHIeg64qeVsofMU9NRS3rCGU9CwCjJ4aV9QFgZa0vEnROAZnaI1uRWOuMuHT98Kvv/wJ93xZJq2voAASyysePaZq/pUlzmRuyC/Pz2uXdNIoOu8BykMjvXw4kFzDCWt1DljYaijTLX9hGgzgxdbAOw1/2RSlEaYXpxPrhaYxOTFLGByyO2F1arn3btiMGTxBh61/2Gswg+gpUWX9J3jlT77pXXgyHgZ4YBJ45cWkTCmSSOqjyjdP6buSRInPlfTKDfQGi0riI32qdcO77gCvJdMOcN5HTleglaCDvQyFfYRAzWQ+EQ4N0WfnfDYe8v7+o136wht8cxxKQmo4/FbfOMURe6L1Hlj/hOie6yUD8+lqNMF3oFW42/rMUke5OWZZEIqDeN8tg08f/h7T2i10HW5zuDwAMllqwSdcfNZOESpcbAGbZn76wvvG2sYMXmT3lZvel4iWD8yOZTWIaCKv1+p5GqKTIiIpVOl7iXS4QTwbuNaMJl4a92zuCrnWxTJgw+ZCsmEvpC4u/OUivv7l1R7eJgbo/gdbtuaZWr3Ei4jaOlQj7W6OOGjJDAzzzY1MndsoBA+6HC3KsOCmP9aoXjp8g6hTMNnWZVehPE3Bq4AjHPoP3YXYFHfqqetUhYxnajYd6AB0JPiM9anCMTgbqUHhCTK8B+smPMCijRAGESbrP3EDcmSEJ2mjobV4SllM0qbfKBvU9ZdbUGaOHSytD/fplWpH4oc6SBvHyhK/WPzBz+o7uwgzD70Spl9OiqhsitQTw1asjWKRCs3rrby5tpAfbD0V0lSgLa9ac9bOP/B82LwRe5V7bG/TY+oE5hrN+d50rYl+FBzGsh0lZ//b9lbJIylFhNKz+C2zEobd846u90tYfBvbHgo8RSbIN082uGLo3Vi3d0g/uhkhSMqLNQdYkBku2akqPcPIVrgdaT1ezCgoxX61q5UTjtdRuZv1d9u1ZhOA8iO7Gqi0C/9MQAQhk9uhbHg+88gLE5VFeRgt7H+fI2OjvFqSkq6Xk8Tio4RCQp54wnZ9cyOl7i5mZ7pqEZBUPxbXS6ssQYjuFi67Bl4BqYdIIV11mEYCccDAuyzNmoRy6LnvKFF4JUfEWZvO09PSU7qMDswHzAHBgUrDgMCGgQUSM2AwxMfBXKBH7nTqtFwI2zPF/0EFN4t6/m7IFHS48s+ZjArJodRXSNNAgIH0A==\n",
      "pwd": "test", "policy": {"secret_props": {"contentType": "application/x-pkcs12"}},
      "attributes": {"enabled": true, "nbf": 1514790000, "exp": 4701913200}}'
    headers:
      Accept:
      - application/json
      Accept-Encoding:
      - gzip, deflate
      Connection:
      - keep-alive
      Content-Length:
      - '3722'
      Content-Type:
      - application/json; charset=utf-8
      User-Agent:
      - python/3.8.2 (macOS-10.16-x86_64-i386-64bit) msrest/0.6.21 msrest_azure/0.6.3
        azure-keyvault/7.0 Azure-SDK-For-Python
      accept-language:
      - en-US
    method: POST
    uri: https://kv-ssl-test000005.vault.azure.net/certificates/test-cert/import?api-version=7.0
  response:
    body:
      string: '{"id":"https://kv-ssl-test000005.vault.azure.net/certificates/test-cert/0a0e243930314698947fe64c2d477076","kid":"https://kv-ssl-test000005.vault.azure.net/keys/test-cert/0a0e243930314698947fe64c2d477076","sid":"https://kv-ssl-test000005.vault.azure.net/secrets/test-cert/0a0e243930314698947fe64c2d477076","x5t":"npc1xFx5KwOz_8ymFIUrMu5xrWs","cer":"MIIDYTCCAk2gAwIBAgIQLVKvAHY+rqVB+C7Wbh24QDAJBgUrDgMCHQUAMDExLzAtBgNVBAMeJgAqAC4AYQB6AHUAcgBlAHcAZQBiAHMAaQB0AGUAcwAuAG4AZQB0MCAXDTE4MDEwMTA3MDAwMFoYDzIxMTgxMjMxMDcwMDAwWjAxMS8wLQYDVQQDHiYAKgAuAGEAegB1AHIAZQB3AGUAYgBzAGkAdABlAHMALgBuAGUAdDCCASIwDQYJKoZIhvcNAQEBBQADggEPADCCAQoCggEBAKcqVpT4O7YwltwNd/XSTqITNrpb1lxkLE5r0CpummRxDtjSKbY/vrA7cnHByZS0lRnVPgnZFSyTR0qU0XhGQxedMx+uLGnaDfvDtbCzElsrH4yaMU/dU4959liNYccV//OZOOfr8AB5xnD3k1ix/ssMphIE7sdZx2Icr9TGZzE6Ckm0afEdp7SdwUpXvOjxfB6tFtqyhN5Gtgm1f1rhugCb1QA1UCM1b0Af2XTHbhW057BmUppNI6rzYr3RPed0pXTryeI1/5U3a9ZJ2XFW3VXTXw9Wo+qv8I+9DWIUj0JdoYJ2XkTcZJEeo3woJSBx1yCv2bggR3OUM0wG7/n4HykCAwEAAaN7MHkwEwYDVR0lBAwwCgYIKwYBBQUHAwEwYgYDVR0BBFswWYAQ3sdVft+h9rOb7gSClEWvkaEzMDExLzAtBgNVBAMeJgAqAC4AYQB6AHUAcgBlAHcAZQBiAHMAaQB0AGUAcwAuAG4AZQB0ghAtUq8Adj6upUH4LtZuHbhAMAkGBSsOAwIdBQADggEBAB+08jsd9CeKCX4qeEUNx3i1uklsTAdwoEkK6xQqF4LuHsV9J8NEkQnJow1w2wsg/lULbm+k6LJmM7qCP0NquYOQra3/sdWZvPQflhFM8awpBkIOWO9/wS1oQWhyUHFCwSWUOhJ218bNxBLwIjX6bjCEVNQWNNOFooPz3/dNNVfxqXggqgWXBQ11LuZha+zvU7G82zCttImywZUFcKK3dcvdYPAU9POWQvuuvUqBBdKzPcNCnJAFyXPpJPegW+3ycwphRKxBjYUATe7aP+ulc+/YkyK19dLdUqxBkx2ElJ2HKTcUo6eEXgAuyjQ/jQejZI+fG2FV4NxGEoSned4BKng=","attributes":{"enabled":true,"nbf":1514790000,"exp":4701913200,"created":1633307094,"updated":1633307094,"recoveryLevel":"Recoverable+Purgeable"},"policy":{"id":"https://kv-ssl-test000005.vault.azure.net/certificates/test-cert/policy","key_props":{"exportable":true,"kty":"RSA","key_size":2048,"reuse_key":false},"secret_props":{"contentType":"application/x-pkcs12"},"x509_props":{"subject":"CN=*.azurewebsites.net","ekus":["1.3.6.1.5.5.7.3.1"],"key_usage":[],"validity_months":1200,"basic_constraints":{"ca":false}},"lifetime_actions":[{"trigger":{"lifetime_percentage":80},"action":{"action_type":"EmailContacts"}}],"issuer":{"name":"Unknown"},"attributes":{"enabled":true,"created":1633307094,"updated":1633307094}}}'
    headers:
      cache-control:
      - no-cache
      content-length:
      - '2241'
      content-type:
      - application/json; charset=utf-8
      date:
      - Mon, 04 Oct 2021 00:24:55 GMT
      expires:
      - '-1'
      pragma:
      - no-cache
      strict-transport-security:
      - max-age=31536000;includeSubDomains
      x-content-type-options:
      - nosniff
      x-ms-keyvault-network-info:
      - conn_type=Ipv4;addr=216.9.31.162;act_addr_fam=InterNetwork;
      x-ms-keyvault-region:
      - japanwest
      x-ms-keyvault-service-version:
      - 1.9.79.2
      x-powered-by:
      - ASP.NET
    status:
      code: 200
      message: OK
- request:
    body: null
    headers:
      Accept:
      - application/json
      Accept-Encoding:
      - gzip, deflate
      CommandName:
      - webapp config ssl import
      Connection:
      - keep-alive
      ParameterSetName:
      - --resource-group --name --key-vault --key-vault-certificate-name
      User-Agent:
      - AZURECLI/2.28.1 azsdk-python-azure-mgmt-web/4.0.0 Python/3.8.2 (macOS-10.16-x86_64-i386-64bit)
    method: GET
    uri: https://management.azure.com/subscriptions/00000000-0000-0000-0000-000000000000/resourceGroups/clitest.rg000002/providers/Microsoft.Web/sites/web-ssl-test000004?api-version=2020-09-01
  response:
    body:
      string: '{"id":"/subscriptions/00000000-0000-0000-0000-000000000000/resourceGroups/clitest.rg000002/providers/Microsoft.Web/sites/web-ssl-test000004","name":"web-ssl-test000004","type":"Microsoft.Web/sites","kind":"app","location":"Japan
        West","properties":{"name":"web-ssl-test000004","state":"Running","hostNames":["web-ssl-test000004.azurewebsites.net"],"webSpace":"clitest.rg000002-JapanWestwebspace","selfLink":"https://waws-prod-os1-027.api.azurewebsites.windows.net:454/subscriptions/00000000-0000-0000-0000-000000000000/webspaces/clitest.rg000002-JapanWestwebspace/sites/web-ssl-test000004","repositorySiteName":"web-ssl-test000004","owner":null,"usageState":"Normal","enabled":true,"adminEnabled":true,"enabledHostNames":["web-ssl-test000004.azurewebsites.net","web-ssl-test000004.scm.azurewebsites.net"],"siteProperties":{"metadata":null,"properties":[{"name":"LinuxFxVersion","value":""},{"name":"WindowsFxVersion","value":null}],"appSettings":null},"availabilityState":"Normal","sslCertificates":null,"csrs":[],"cers":null,"siteMode":null,"hostNameSslStates":[{"name":"web-ssl-test000004.azurewebsites.net","sslState":"Disabled","ipBasedSslResult":null,"virtualIP":null,"thumbprint":null,"toUpdate":null,"toUpdateIpBasedSsl":null,"ipBasedSslState":"NotConfigured","hostType":"Standard"},{"name":"web-ssl-test000004.scm.azurewebsites.net","sslState":"Disabled","ipBasedSslResult":null,"virtualIP":null,"thumbprint":null,"toUpdate":null,"toUpdateIpBasedSsl":null,"ipBasedSslState":"NotConfigured","hostType":"Repository"}],"computeMode":null,"serverFarm":null,"serverFarmId":"/subscriptions/00000000-0000-0000-0000-000000000000/resourceGroups/clitest.rg000002/providers/Microsoft.Web/serverfarms/ssl-test-plan000003","reserved":false,"isXenon":false,"hyperV":false,"lastModifiedTimeUtc":"2021-10-04T00:23:47.71","storageRecoveryDefaultState":"Running","contentAvailabilityState":"Normal","runtimeAvailabilityState":"Normal","siteConfig":{"numberOfWorkers":1,"defaultDocuments":null,"netFrameworkVersion":null,"phpVersion":null,"pythonVersion":null,"nodeVersion":null,"powerShellVersion":null,"linuxFxVersion":"","windowsFxVersion":null,"requestTracingEnabled":null,"remoteDebuggingEnabled":null,"remoteDebuggingVersion":null,"httpLoggingEnabled":null,"azureMonitorLogCategories":null,"acrUseManagedIdentityCreds":false,"acrUserManagedIdentityID":null,"logsDirectorySizeLimit":null,"detailedErrorLoggingEnabled":null,"publishingUsername":null,"publishingPassword":null,"appSettings":null,"metadata":null,"connectionStrings":null,"machineKey":null,"handlerMappings":null,"documentRoot":null,"scmType":null,"use32BitWorkerProcess":null,"webSocketsEnabled":null,"alwaysOn":false,"javaVersion":null,"javaContainer":null,"javaContainerVersion":null,"appCommandLine":null,"managedPipelineMode":null,"virtualApplications":null,"winAuthAdminState":null,"winAuthTenantState":null,"customAppPoolIdentityAdminState":null,"customAppPoolIdentityTenantState":null,"runtimeADUser":null,"runtimeADUserPassword":null,"loadBalancing":null,"routingRules":null,"experiments":null,"limits":null,"autoHealEnabled":null,"autoHealRules":null,"tracingOptions":null,"vnetName":null,"vnetRouteAllEnabled":null,"vnetPrivatePortsCount":null,"publicNetworkAccess":null,"cors":null,"push":null,"apiDefinition":null,"apiManagementConfig":null,"autoSwapSlotName":null,"localMySqlEnabled":null,"managedServiceIdentityId":null,"xManagedServiceIdentityId":null,"keyVaultReferenceIdentity":null,"ipSecurityRestrictions":null,"scmIpSecurityRestrictions":null,"scmIpSecurityRestrictionsUseMain":null,"http20Enabled":true,"minTlsVersion":null,"scmMinTlsVersion":null,"ftpsState":null,"preWarmedInstanceCount":null,"functionAppScaleLimit":0,"healthCheckPath":null,"fileChangeAuditEnabled":null,"functionsRuntimeScaleMonitoringEnabled":null,"websiteTimeZone":null,"minimumElasticInstanceCount":0,"azureStorageAccounts":null,"sitePort":null},"deploymentId":"web-ssl-test000004","slotName":null,"trafficManagerHostNames":null,"sku":"Basic","scmSiteAlsoStopped":false,"targetSwapSlot":null,"hostingEnvironment":null,"hostingEnvironmentProfile":null,"clientAffinityEnabled":true,"clientCertEnabled":false,"clientCertMode":"Required","clientCertExclusionPaths":null,"hostNamesDisabled":false,"domainVerificationIdentifiers":null,"customDomainVerificationId":"30E3673979DFB5673924412D39370809E608E2DE4E889BD01C7B80FC38A57EED","kind":"app","inboundIpAddress":"40.74.100.137","possibleInboundIpAddresses":"40.74.100.137","ftpUsername":"web-ssl-test000004\\$web-ssl-test000004","ftpsHostName":"ftps://waws-prod-os1-027.ftp.azurewebsites.windows.net/site/wwwroot","outboundIpAddresses":"40.74.90.160,40.74.94.222,40.74.113.39,40.74.95.132,40.74.113.204,40.74.75.201,40.74.100.137","possibleOutboundIpAddresses":"40.74.90.160,40.74.94.222,40.74.113.39,40.74.95.132,40.74.113.204,40.74.75.201,40.74.112.41,40.74.113.1,40.74.65.7,40.74.76.184,40.74.79.7,40.74.67.13,40.74.81.157,40.74.86.212,40.74.86.30,40.74.81.231,40.74.80.113,40.74.80.110,40.74.100.137","containerSize":0,"dailyMemoryTimeQuota":0,"suspendedTill":null,"siteDisabledReason":0,"functionExecutionUnitsCache":null,"maxNumberOfWorkers":null,"homeStamp":"waws-prod-os1-027","cloningInfo":null,"hostingEnvironmentId":null,"tags":null,"resourceGroup":"clitest.rg000002","defaultHostName":"web-ssl-test000004.azurewebsites.net","slotSwapStatus":null,"httpsOnly":false,"redundancyMode":"None","inProgressOperationId":null,"geoDistributions":null,"privateEndpointConnections":[],"buildVersion":null,"targetBuildVersion":null,"migrationState":null,"eligibleLogCategories":"AppServiceAppLogs,AppServiceAuditLogs,AppServiceConsoleLogs,AppServiceHTTPLogs,AppServiceIPSecAuditLogs,AppServicePlatformLogs,ScanLogs","storageAccountRequired":false,"virtualNetworkSubnetId":null,"keyVaultReferenceIdentity":"SystemAssigned"}}'
    headers:
      cache-control:
      - no-cache
      content-length:
      - '6148'
      content-type:
      - application/json
      date:
      - Mon, 04 Oct 2021 00:24:56 GMT
      etag:
      - '"1D7B8B61933C1E0"'
      expires:
      - '-1'
      pragma:
      - no-cache
      server:
      - Microsoft-IIS/10.0
      strict-transport-security:
      - max-age=31536000; includeSubDomains
      transfer-encoding:
      - chunked
      vary:
      - Accept-Encoding
      x-aspnet-version:
      - 4.0.30319
      x-content-type-options:
      - nosniff
      x-powered-by:
      - ASP.NET
    status:
      code: 200
      message: OK
- request:
    body: null
    headers:
      Accept:
      - application/json
      Accept-Encoding:
      - gzip, deflate
      CommandName:
      - webapp config ssl import
      Connection:
      - keep-alive
      ParameterSetName:
      - --resource-group --name --key-vault --key-vault-certificate-name
      User-Agent:
      - AZURECLI/2.28.1 azsdk-python-azure-mgmt-web/4.0.0 Python/3.8.2 (macOS-10.16-x86_64-i386-64bit)
    method: GET
    uri: https://management.azure.com/subscriptions/00000000-0000-0000-0000-000000000000/providers/Microsoft.CertificateRegistration/certificateOrders?api-version=2020-09-01
  response:
    body:
      string: '{"value":[{"id":"/subscriptions/00000000-0000-0000-0000-000000000000/resourceGroups/cliTestApp/providers/Microsoft.CertificateRegistration/certificateOrders/testcert1","name":"testcert1","type":"certificateOrders","location":"global","properties":{"certificates":{"testcert1":{"keyVaultId":"/subscriptions/00000000-0000-0000-0000-000000000000/resourcegroups/sisirap-rg/providers/microsoft.keyvault/vaults/sisirap-keyvault-test","keyVaultSecretName":"testcert17fd9af6e-5864-4d98-ac8a-fd39fc1e8863","provisioningState":"Succeeded"}},"distinguishedName":"CN=hi.sisiraptestdomains.com","domainVerificationToken":"e3opt4kc8jre5khef15smtvl39","validityInYears":1,"keySize":2048,"productType":"StandardDomainValidatedSsl","autoRenew":false,"status":"Issued","signedCertificate":{"version":3,"serialNumber":"62DDB86553CB1A97","thumbprint":"B74408A89E188C990D28A19185E56A53D5C59C5C","subject":"CN=hi.sisiraptestdomains.com","notBefore":"2021-08-12T21:23:30+00:00","notAfter":"2022-08-12T21:23:30+00:00","signatureAlgorithm":"sha256RSA","issuer":"CN=Go
        Daddy Secure Certificate Authority - G2, OU=http://certs.godaddy.com/repository/,
        O=\"GoDaddy.com, Inc.\", L=Scottsdale, S=Arizona, C=US","rawData":"-----BEGIN
        CERTIFICATE-----\nMIIGtTCCBZ2gAwIBAgIIYt24ZVPLGpcwDQYJKoZIhvcNAQELBQAwgbQxCzAJBgNV\nBAYTAlVTMRAwDgYDVQQIEwdBcml6b25hMRMwEQYDVQQHEwpTY290dHNkYWxlMRow\nGAYDVQQKExFHb0RhZGR5LmNvbSwgSW5jLjEtMCsGA1UECxMkaHR0cDovL2NlcnRz\nLmdvZGFkZHkuY29tL3JlcG9zaXRvcnkvMTMwMQYDVQQDEypHbyBEYWRkeSBTZWN1\ncmUgQ2VydGlmaWNhdGUgQXV0aG9yaXR5IC0gRzIwHhcNMjEwODEyMjEyMzMwWhcN\nMjIwODEyMjEyMzMwWjAkMSIwIAYDVQQDExloaS5zaXNpcmFwdGVzdGRvbWFpbnMu\nY29tMIIBIjANBgkqhkiG9w0BAQEFAAOCAQ8AMIIBCgKCAQEAjA3htQTvj0chkWDp\nj9fbvX42ONcSTopVfGN4Y2wRwfPsmwGG8m145VhqSNbGf8VijEy7VKJxJ1m29WjO\ns+WBbtI1FC1ysI5aI/gufOWC54FYhqYt3K/Db1CTb9ooNFogmQV5BEcCkYGLPUdS\nM7WM6MlPoQxWRPEjhvTDoMm+tclBSn+B3ftNS9NVYE7IRwSQmRCa0f09EL5aQHqN\nWi7DaXiBdlWWWqO4Y3lI4MDOHCwuUchEz1ehhTaa/5jzGOy4grbUorY29aCZaSWe\nocmKFgqq7fn1o04hTvVnjU7Xx/MVBwPwfAns0vGvpnWY3hlZboaaQ+suVRVITHrT\nvqxn7QIDAQABo4IDWDCCA1QwDAYDVR0TAQH/BAIwADAdBgNVHSUEFjAUBggrBgEF\nBQcDAQYIKwYBBQUHAwIwDgYDVR0PAQH/BAQDAgWgMDgGA1UdHwQxMC8wLaAroCmG\nJ2h0dHA6Ly9jcmwuZ29kYWRkeS5jb20vZ2RpZzJzMS0zMjA0LmNybDBdBgNVHSAE\nVjBUMEgGC2CGSAGG/W0BBxcBMDkwNwYIKwYBBQUHAgEWK2h0dHA6Ly9jZXJ0aWZp\nY2F0ZXMuZ29kYWRkeS5jb20vcmVwb3NpdG9yeS8wCAYGZ4EMAQIBMHYGCCsGAQUF\nBwEBBGowaDAkBggrBgEFBQcwAYYYaHR0cDovL29jc3AuZ29kYWRkeS5jb20vMEAG\nCCsGAQUFBzAChjRodHRwOi8vY2VydGlmaWNhdGVzLmdvZGFkZHkuY29tL3JlcG9z\naXRvcnkvZ2RpZzIuY3J0MB8GA1UdIwQYMBaAFEDCvSeOzDSDMKIz1/tss/C0LIDO\nMEMGA1UdEQQ8MDqCGWhpLnNpc2lyYXB0ZXN0ZG9tYWlucy5jb22CHXd3dy5oaS5z\naXNpcmFwdGVzdGRvbWFpbnMuY29tMB0GA1UdDgQWBBTtz2LvKZUXsTgBV8+UvTmf\nNCb5aDCCAX0GCisGAQQB1nkCBAIEggFtBIIBaQFnAHcAKXm+8J45OSHwVnOfY6V3\n5b5XfZxgCvj5TV0mXCVdx4QAAAF7PD+/6gAABAMASDBGAiEAwKSgH+rM2STyAKjl\n2Qe3FXGYDaffIFHaeXG1XoOv0hcCIQCyKj4HwAZ4LznI4eV/25oVLWFTLfwrjFuQ\nbQU0CVvhPgB1AN+lXqtogk8fbK3uuF9OPlrqzaISpGpejjsSwCBEXCpzAAABezw/\nwj8AAAQDAEYwRAIgPfX8PSp4PHu9RNQOHTejWcPDK8v3mNdMlJTzo2lR94ICIDg/\n/ZgRpZQodXCLD9auIVyah4HI86E0DvuAaLOdXeX6AHUAQcjKsd8iRkoQxqE6CUKH\nXk4xixsD6+tLx2jwkGKWBvYAAAF7PD/CoQAABAMARjBEAiAazsitS/A6ytR2K9WN\nj6mVmXAU49rHmPp0igXtzJ/EiwIgROKJ/SqR5JYZa33EtQsQaToUryPCoNViTl62\ngLULgVQwDQYJKoZIhvcNAQELBQADggEBAB22Q0I//aQoI5rLe5Vd3Z+aYlCArKli\n3z4KUHUf2/OLSZuK+7upSLBsFWu7UFYWHrbFOu17zCeFyNcvB7ZYp6ArCXi5jyeA\n0/R7qGpAEhE0d9i+j9KDbsX930KGfZsD6883VqO95l5AkFocEk+mJiSUtdU/NznX\no3anO9BK/fx4/KJIMZIkUOgq4bAEHYqHJm9zM3TL11TqGzZQPHQMqe3qgTfR5PUE\noFfpp6lBYEOhHvwSPRkTXlvVIGCBWzHyV1uy9wpBV5czyn7DCIvoYtWvH4+Tn4eK\nSWe3KELinQJuF/oz7oaugQcDLITpczrQ9+oQt4ZLxTthhA9I2XmR3LE=\n-----END
        CERTIFICATE-----\n"},"csr":"-----BEGIN NEW CERTIFICATE REQUEST-----\r\nMIIETDCCAzQCAQAwJDEiMCAGA1UEAwwZaGkuc2lzaXJhcHRlc3Rkb21haW5zLmNv\r\nbTCCASIwDQYJKoZIhvcNAQEBBQADggEPADCCAQoCggEBAIwN4bUE749HIZFg6Y/X\r\n271+NjjXEk6KVXxjeGNsEcHz7JsBhvJteOVYakjWxn/FYoxMu1SicSdZtvVozrPl\r\ngW7SNRQtcrCOWiP4LnzlgueBWIamLdyvw29Qk2/aKDRaIJkFeQRHApGBiz1HUjO1\r\njOjJT6EMVkTxI4b0w6DJvrXJQUp/gd37TUvTVWBOyEcEkJkQmtH9PRC+WkB6jVou\r\nw2l4gXZVllqjuGN5SODAzhwsLlHIRM9XoYU2mv+Y8xjsuIK21KK2NvWgmWklnqHJ\r\nihYKqu359aNOIU71Z41O18fzFQcD8HwJ7NLxr6Z1mN4ZWW6GmkPrLlUVSEx6076s\r\nZ+0CAwEAAaCCAeEwHAYKKwYBBAGCNw0CAzEOFgwxMC4wLjE0MzkzLjIwTQYJKwYB\r\nBAGCNxUUMUAwPgIBBQwOUkQwMDE1NUQzMUU5MzAMH0lJUyBBUFBQT09MXEdlb01h\r\nc3RlckFwcFBvb2xDc20MCHczd3AuZXhlMIGCBgorBgEEAYI3DQICMXQwcgIBAR5q\r\nAE0AaQBjAHIAbwBzAG8AZgB0ACAARQBuAGgAYQBuAGMAZQBkACAAUgBTAEEAIABh\r\nAG4AZAAgAEEARQBTACAAQwByAHkAcAB0AG8AZwByAGEAcABoAGkAYwAgAFAAcgBv\r\nAHYAaQBkAGUAcgMBADCB7AYJKoZIhvcNAQkOMYHeMIHbMA4GA1UdDwEB/wQEAwIF\r\noDATBgNVHSUEDDAKBggrBgEFBQcDATCBlAYJKoZIhvcNAQkPBIGGMIGDMA4GCCqG\r\nSIb3DQMCAgIAgDAOBggqhkiG9w0DBAICAIAwBwYFKw4DAgcwCgYIKoZIhvcNAwcw\r\nCwYJYIZIAWUDBAEqMAsGCWCGSAFlAwQBLTALBglghkgBZQMEARYwCwYJYIZIAWUD\r\nBAEZMAsGCWCGSAFlAwQBAjALBglghkgBZQMEAQUwHQYDVR0OBBYEFO3PYu8plRex\r\nOAFXz5S9OZ80JvloMA0GCSqGSIb3DQEBCwUAA4IBAQAOK70NNGuM0gE281NY9Cwk\r\ng/A4wncGVo5aVRGIUY8wlOI4KMvxH1Qe1NojPmC2vTHim6d7P4u/5yebwLCfvb99\r\neFCymhpWXfK7nSRwyE7rFsV54nQjrf9hN5x2Ng5L62nNVO/q1K5dvOokqN+P/INk\r\niK/1rN8bXq5hwpMwbHx3nOqjtGu74NtNA2ysZWwGX5doihk/ENqtvyGU+aR4zf8v\r\nSuVucbFaVVXSq7oIn5g9hiZxYLTlzBFiFxMwRGtMvISmo9eHjVxif0DSDcE1u5ta\r\n3/dKz9HVAIKdPX/RZ2Nr20hXsLRcpwzFwxIT9FYcfymv5clPr+pvLPBUE8dxlFl1\r\n-----END
        NEW CERTIFICATE REQUEST-----\r\n","intermediate":{"version":3,"serialNumber":"07","thumbprint":"27AC9369FAF25207BB2627CEFACCBE4EF9C319B8","subject":"CN=Go
        Daddy Secure Certificate Authority - G2, OU=http://certs.godaddy.com/repository/,
        O=\"GoDaddy.com, Inc.\", L=Scottsdale, S=Arizona, C=US","notBefore":"2011-05-03T07:00:00+00:00","notAfter":"2031-05-03T07:00:00+00:00","signatureAlgorithm":"sha256RSA","issuer":"CN=Go
        Daddy Root Certificate Authority - G2, O=\"GoDaddy.com, Inc.\", L=Scottsdale,
        S=Arizona, C=US","rawData":"-----BEGIN CERTIFICATE-----\nMIIE0DCCA7igAwIBAgIBBzANBgkqhkiG9w0BAQsFADCBgzELMAkGA1UEBhMCVVMx\nEDAOBgNVBAgTB0FyaXpvbmExEzARBgNVBAcTClNjb3R0c2RhbGUxGjAYBgNVBAoT\nEUdvRGFkZHkuY29tLCBJbmMuMTEwLwYDVQQDEyhHbyBEYWRkeSBSb290IENlcnRp\nZmljYXRlIEF1dGhvcml0eSAtIEcyMB4XDTExMDUwMzA3MDAwMFoXDTMxMDUwMzA3\nMDAwMFowgbQxCzAJBgNVBAYTAlVTMRAwDgYDVQQIEwdBcml6b25hMRMwEQYDVQQH\nEwpTY290dHNkYWxlMRowGAYDVQQKExFHb0RhZGR5LmNvbSwgSW5jLjEtMCsGA1UE\nCxMkaHR0cDovL2NlcnRzLmdvZGFkZHkuY29tL3JlcG9zaXRvcnkvMTMwMQYDVQQD\nEypHbyBEYWRkeSBTZWN1cmUgQ2VydGlmaWNhdGUgQXV0aG9yaXR5IC0gRzIwggEi\nMA0GCSqGSIb3DQEBAQUAA4IBDwAwggEKAoIBAQC54MsQ1K92vdSTYuswZLiBCGzD\nBNliF44v/z5lz4/OYuY8UhzaFkVLVat4a2ODYpDOD2lsmcgaFItMzEUz6ojcnqOv\nK/6AYZ15V8TPLvQ/MDxdR/yaFrzDN5ZBUY4RS1T4KL7QjL7wMDge87Am+GZHY23e\ncSZHjzhHU9FGHbTj3ADqRay9vHHZqm8A29vNMDp5T19MR/gd71vCxJ1gO7GyQ5HY\npDNO6rPWJ0+tJYqlxvTV0KaudAVkV4i1RFXULSo6Pvi4vekyCgKUZMQWOlDxSq7n\neTOvDCAHf+jfBDnCaQJsY1L6d8EbyHSHyLmTGFBUNUtpTrw700kuH9zB0lL7AgMB\nAAGjggEaMIIBFjAPBgNVHRMBAf8EBTADAQH/MA4GA1UdDwEB/wQEAwIBBjAdBgNV\nHQ4EFgQUQMK9J47MNIMwojPX+2yz8LQsgM4wHwYDVR0jBBgwFoAUOpqFBxBnKLbv\n9r0FQW4gwZTaD94wNAYIKwYBBQUHAQEEKDAmMCQGCCsGAQUFBzABhhhodHRwOi8v\nb2NzcC5nb2RhZGR5LmNvbS8wNQYDVR0fBC4wLDAqoCigJoYkaHR0cDovL2NybC5n\nb2RhZGR5LmNvbS9nZHJvb3QtZzIuY3JsMEYGA1UdIAQ/MD0wOwYEVR0gADAzMDEG\nCCsGAQUFBwIBFiVodHRwczovL2NlcnRzLmdvZGFkZHkuY29tL3JlcG9zaXRvcnkv\nMA0GCSqGSIb3DQEBCwUAA4IBAQAIfmyTEMg4uJapkEv/oV9PBO9sPpyIBslQj6Zz\n91cxG7685C/b+LrTW+C05+Z5Yg4MotdqY3MxtfWoSKQ7CC2iXZDXtHwlTxFWMMS2\nRJ17LJ3lXubvDGGqv+QqG+6EnriDfcFDzkSnE3ANkR/0yBOtg2DZ2HKocyQetawi\nDsoXiWJYRBuriSUBAA/NxBti21G00w9RKpv0vHP8ds42pM3Z2Czqrpv1KrKQ0U11\nGIo/ikGQI31bS/6kA1ibRrLDYGCD+H1QQc7CoZDDu+8CL9IVVO5EFdkKrqeKM+2x\nLXY2JtwE65/3YR8V3Idv7kaWKK2hJn0KCacuBKONvPi8BDAB\n-----END
        CERTIFICATE-----"},"root":{"version":3,"serialNumber":"00","thumbprint":"47BEABC922EAE80E78783462A79F45C254FDE68B","subject":"CN=Go
        Daddy Root Certificate Authority - G2, O=\"GoDaddy.com, Inc.\", L=Scottsdale,
        S=Arizona, C=US","notBefore":"2009-09-01T00:00:00+00:00","notAfter":"2037-12-31T23:59:59+00:00","signatureAlgorithm":"sha256RSA","issuer":"CN=Go
        Daddy Root Certificate Authority - G2, O=\"GoDaddy.com, Inc.\", L=Scottsdale,
        S=Arizona, C=US","rawData":"-----BEGIN CERTIFICATE-----\nMIIDxTCCAq2gAwIBAgIBADANBgkqhkiG9w0BAQsFADCBgzELMAkGA1UEBhMCVVMx\nEDAOBgNVBAgTB0FyaXpvbmExEzARBgNVBAcTClNjb3R0c2RhbGUxGjAYBgNVBAoT\nEUdvRGFkZHkuY29tLCBJbmMuMTEwLwYDVQQDEyhHbyBEYWRkeSBSb290IENlcnRp\nZmljYXRlIEF1dGhvcml0eSAtIEcyMB4XDTA5MDkwMTAwMDAwMFoXDTM3MTIzMTIz\nNTk1OVowgYMxCzAJBgNVBAYTAlVTMRAwDgYDVQQIEwdBcml6b25hMRMwEQYDVQQH\nEwpTY290dHNkYWxlMRowGAYDVQQKExFHb0RhZGR5LmNvbSwgSW5jLjExMC8GA1UE\nAxMoR28gRGFkZHkgUm9vdCBDZXJ0aWZpY2F0ZSBBdXRob3JpdHkgLSBHMjCCASIw\nDQYJKoZIhvcNAQEBBQADggEPADCCAQoCggEBAL9xYgjx+lk09xvJGKP3gElY6SKD\nE6bFIEMBO4Tx5oVJnyfq9oQbTqC023CYxzIBsQU+B07u9PpPL1kwIuerGVZr4oAH\n/PMWdYA5UXvl+TW2dE6pjYIT5LY/qQOD+qK+ihVqf94Lw7YZFAXK6sOoBJQ7Rnwy\nDfMAZiLIjWltNowRGLfTshxgtDj6AozO091GB94KPutdfMh8+7ArU6SSYmlRJQVh\nGkSBjCypQ5Yj36w6gZoOKcUcqeldHraenjAKOc7xiID7S13MMuyFYkMlNAJWJwGR\ntDtwKj9useiciAF9n9T521NtYJ2/LOdYq7hfRvzOxBsDPAnrSTFcaUaz4EcCAwEA\nAaNCMEAwDwYDVR0TAQH/BAUwAwEB/zAOBgNVHQ8BAf8EBAMCAQYwHQYDVR0OBBYE\nFDqahQcQZyi27/a9BUFuIMGU2g/eMA0GCSqGSIb3DQEBCwUAA4IBAQCZ21151fmX\nWWcDYfF+OwYxdS2hII5PZYe096acvNjpL9DbWu7PdIxztDhC2gV7+AJ1uP2lsdeu\n9tfeE8tTEH6KRtGX+rcuKxGrkLAngPnon1rpN5+r5N9ss4UXnT3ZJE95kTXWXwTr\ngIOrmgIttRD02JDHBHNA7XIloKmf7J6raBKZV8aPEjoJpL1E/QYVN8Gb5DKj7Tjo\n2GTzLH4U/ALqn83/B2gX2yKQOC16jdFU8WnjXzPKej17CuPKf1855eJ1usV2GDPO\nLPAvTK33sefOT6jEm0pUBsV/fdUID+Ic/n4XuKxe9tQWskMJDE32p2u0mYRlynqI\n4uJEvlz36hz1\n-----END
        CERTIFICATE-----"},"serialNumber":"7124052930907019927","lastCertificateIssuanceTime":"2021-08-12T21:23:50.310771","expirationTime":"2022-08-12T21:23:30","isPrivateKeyExternal":false,"appServiceCertificateNotRenewableReasons":["ExpirationNotInRenewalTimeRange"]}}],"nextLink":null,"id":null}'
    headers:
      cache-control:
      - no-cache
      content-length:
      - '9631'
      content-type:
      - application/json
      date:
      - Mon, 04 Oct 2021 00:24:57 GMT
      expires:
      - '-1'
      pragma:
      - no-cache
      server:
      - Microsoft-IIS/10.0
      strict-transport-security:
      - max-age=31536000; includeSubDomains
      transfer-encoding:
      - chunked
      vary:
      - Accept-Encoding
      x-aspnet-version:
      - 4.0.30319
      x-content-type-options:
      - nosniff
      x-powered-by:
      - ASP.NET
    status:
      code: 200
      message: OK
- request:
    body: null
    headers:
      Accept:
      - application/json
      Accept-Encoding:
      - gzip, deflate
      CommandName:
      - webapp config ssl import
      Connection:
      - keep-alive
      ParameterSetName:
      - --resource-group --name --key-vault --key-vault-certificate-name
      User-Agent:
      - AZURECLI/2.28.1 azsdk-python-azure-mgmt-keyvault/9.1.0 Python/3.8.2 (macOS-10.16-x86_64-i386-64bit)
    method: GET
    uri: https://management.azure.com/subscriptions/00000000-0000-0000-0000-000000000000/resourceGroups/clitest.rg000001/providers/Microsoft.KeyVault/vaults/kv-ssl-test000005?api-version=2021-04-01-preview
  response:
    body:
      string: '{"id":"/subscriptions/00000000-0000-0000-0000-000000000000/resourceGroups/clitest.rg000001/providers/Microsoft.KeyVault/vaults/kv-ssl-test000005","name":"kv-ssl-test000005","type":"Microsoft.KeyVault/vaults","location":"japanwest","tags":{},"systemData":{"createdBy":"sisirap@microsoft.com","createdByType":"User","createdAt":"2021-10-04T00:24:16.096Z","lastModifiedBy":"sisirap@microsoft.com","lastModifiedByType":"User","lastModifiedAt":"2021-10-04T00:24:51.802Z"},"properties":{"sku":{"family":"A","name":"standard"},"tenantId":"72f988bf-86f1-41af-91ab-2d7cd011db47","accessPolicies":[{"tenantId":"72f988bf-86f1-41af-91ab-2d7cd011db47","objectId":"b72f39fa-d7a8-46e4-b9c3-efdec6cd55f3","permissions":{"keys":["get","create","delete","list","update","import","backup","restore","recover"],"secrets":["get","list","set","delete","backup","restore","recover"],"certificates":["get","list","delete","create","import","update","managecontacts","getissuers","listissuers","setissuers","deleteissuers","manageissuers","recover"],"storage":["get","list","delete","set","update","regeneratekey","setsas","listsas","getsas","deletesas"]}},{"tenantId":"72f988bf-86f1-41af-91ab-2d7cd011db47","objectId":"f8daea97-62e7-4026-becf-13c2ea98e8b4","permissions":{"secrets":["get"]}}],"enabledForDeployment":false,"enableSoftDelete":true,"softDeleteRetentionInDays":90,"vaultUri":"https://kv-ssl-test000005.vault.azure.net/","provisioningState":"Succeeded"}}'
    headers:
      cache-control:
      - no-cache
      content-length:
      - '1510'
      content-type:
      - application/json; charset=utf-8
      date:
      - Mon, 04 Oct 2021 00:24:57 GMT
      expires:
      - '-1'
      pragma:
      - no-cache
      server:
      - Microsoft-IIS/10.0
      strict-transport-security:
      - max-age=31536000; includeSubDomains
      transfer-encoding:
      - chunked
      vary:
      - Accept-Encoding
      x-aspnet-version:
      - 4.0.30319
      x-content-type-options:
      - nosniff
      x-ms-keyvault-service-version:
      - 1.5.137.1
      x-powered-by:
      - ASP.NET
    status:
      code: 200
      message: OK
- request:
    body: null
    headers:
      Accept:
      - application/json
      Accept-Encoding:
      - gzip, deflate
      CommandName:
      - webapp config ssl import
      Connection:
      - keep-alive
      ParameterSetName:
      - --resource-group --name --key-vault --key-vault-certificate-name
      User-Agent:
      - python/3.8.2 (macOS-10.16-x86_64-i386-64bit) msrest/0.6.21 msrest_azure/0.6.3
        azure-graphrbac/0.60.0 Azure-SDK-For-Python AZURECLI/2.28.1
      accept-language:
      - en-US
    method: GET
    uri: https://graph.windows.net/00000000-0000-0000-0000-000000000000/servicePrincipals/b72f39fa-d7a8-46e4-b9c3-efdec6cd55f3?api-version=1.6
  response:
    body:
      string: '{"odata.error":{"code":"Request_ResourceNotFound","message":{"lang":"en","value":"Resource
        ''b72f39fa-d7a8-46e4-b9c3-efdec6cd55f3'' does not exist or one of its queried
        reference-property objects are not present."},"requestId":"eaee1882-c534-4a75-9e24-d9c3a33779c5","date":"2021-10-04T00:24:58"}}'
    headers:
      access-control-allow-origin:
      - '*'
      cache-control:
      - no-cache
      content-length:
      - '294'
      content-type:
      - application/json; odata=minimalmetadata; streaming=true; charset=utf-8
      dataserviceversion:
      - 3.0;
      date:
      - Mon, 04 Oct 2021 00:24:57 GMT
      duration:
      - '682951'
      expires:
      - '-1'
      ocp-aad-diagnostics-server-name:
      - CTi+0CCpLxsg1Vs6f419DCrIK8TgA2nRN5wGV01HY9w=
      ocp-aad-session-key:
      - ocSUCzJXfGlDre1m3si4U2D7gkPIjh53SUXe3nXuQrtAPAY4sfw4sCVCGbHKTkUYAosdcBGE_uSUhxo43XwfpenBkYHjAeILkIThOz0vhWsXWBHXol4Y6TUQzgmRQkhV.Suc6tQm8Pl0MsZAkGviYDsFpyP66_LxX8Q-dL8djtVA
      pragma:
      - no-cache
      request-id:
      - eaee1882-c534-4a75-9e24-d9c3a33779c5
      strict-transport-security:
      - max-age=31536000; includeSubDomains
      x-aspnet-version:
      - 4.0.30319
      x-ms-dirapi-data-contract-version:
      - '1.6'
      x-ms-resource-unit:
      - '1'
      x-powered-by:
      - ASP.NET
    status:
      code: 404
      message: Not Found
- request:
    body: null
    headers:
      Accept:
      - application/json
      Accept-Encoding:
      - gzip, deflate
      CommandName:
      - webapp config ssl import
      Connection:
      - keep-alive
      ParameterSetName:
      - --resource-group --name --key-vault --key-vault-certificate-name
      User-Agent:
      - python/3.8.2 (macOS-10.16-x86_64-i386-64bit) msrest/0.6.21 msrest_azure/0.6.3
        azure-graphrbac/0.60.0 Azure-SDK-For-Python AZURECLI/2.28.1
      accept-language:
      - en-US
    method: GET
    uri: https://graph.windows.net/00000000-0000-0000-0000-000000000000/servicePrincipals/f8daea97-62e7-4026-becf-13c2ea98e8b4?api-version=1.6
  response:
    body:
      string: '{"odata.metadata":"https://graph.windows.net/00000000-0000-0000-0000-000000000000/$metadata#directoryObjects/@Element","odata.type":"Microsoft.DirectoryServices.ServicePrincipal","objectType":"ServicePrincipal","objectId":"f8daea97-62e7-4026-becf-13c2ea98e8b4","deletionTimestamp":null,"accountEnabled":true,"addIns":[],"alternativeNames":[],"appDisplayName":"Microsoft
        Azure App Service","appId":"abfa0a7c-a6b6-4736-8310-5855508787cd","applicationTemplateId":null,"appOwnerTenantId":"f8cdef31-a31e-4b4a-93e4-5f571e91255a","appRoleAssignmentRequired":false,"appRoles":[],"displayName":"Microsoft
        Azure App Service","errorUrl":null,"homepage":null,"informationalUrls":{"termsOfService":null,"support":null,"privacy":null,"marketing":null},"keyCredentials":[],"logoutUrl":null,"notificationEmailAddresses":[],"oauth2Permissions":[{"adminConsentDescription":"Allow
        the application to access all the APIs registered with App Service","adminConsentDisplayName":"Access
        APIs registered with App Service","id":"e0ea806b-d128-49dc-ac08-2bf18f7874d8","isEnabled":true,"type":"User","userConsentDescription":"Allow
        the application to access all the APIs registered with App Service","userConsentDisplayName":"Access
        APIs registered with App Service","value":"user_impersonation"}],"passwordCredentials":[],"preferredSingleSignOnMode":null,"preferredTokenSigningKeyEndDateTime":null,"preferredTokenSigningKeyThumbprint":null,"publisherName":"Microsoft
        Services","replyUrls":["https://usw3.sso.azurewebsites.windows.net/","https://dxb.sso.azurewebsites.windows.net/","https://brse.sso.azurewebsites.windows.net/","https://chw.sso.azurewebsites.windows.net/","https://trydiagnosticsmesh.azure.com/","https://zrh.sso.azurewebsites.windows.net/","https://yt1.sso.azurewebsites.windows.net/","https://yq1.sso.azurewebsites.windows.net/","https://sy3.sso.azurewebsites.windows.net/","https://svg.sso.azurewebsites.windows.net/","https://sn1.sso.azurewebsites.windows.net/","https://sg1.sso.azurewebsites.windows.net/","https://se1.sso.azurewebsites.windows.net/","https://ps1.sso.azurewebsites.windows.net/","https://pn1.sso.azurewebsites.windows.net/","https://par.sso.azurewebsites.windows.net/","https://osl.sso.azurewebsites.windows.net/","https://os1.sso.azurewebsites.windows.net/","https://mwh.sso.azurewebsites.windows.net/","https://msftintsg1.sso.azurewebsites.windows.net/","https://msftintdm3.sso.azurewebsites.windows.net/","https://mrs.sso.azurewebsites.windows.net/","https://ml1.sso.azurewebsites.windows.net/","https://ma1.sso.azurewebsites.windows.net/","https://ln1.sso.azurewebsites.windows.net/","https://kw1.sso.azurewebsites.windows.net/","https://jnb21.sso.azurewebsites.windows.net/","https://hk1.sso.azurewebsites.windows.net/","https://fra.sso.azurewebsites.windows.net/","https://dm1.sso.azurewebsites.windows.net/","https://db3.sso.azurewebsites.windows.net/","https://cy4.sso.azurewebsites.windows.net/","https://cw1.sso.azurewebsites.windows.net/","https://cq1.sso.azurewebsites.windows.net/","https://cpt20.sso.azurewebsites.windows.net/","https://ch1.sso.azurewebsites.windows.net/","https://cbr21.sso.azurewebsites.windows.net/","https://cbr20.sso.azurewebsites.windows.net/","https://bn1.sso.azurewebsites.windows.net/","https://bm1.sso.azurewebsites.windows.net/","https://blu.sso.azurewebsites.windows.net/","https://ber.sso.azurewebsites.windows.net/","https://bay.sso.azurewebsites.windows.net/","https://auh.sso.azurewebsites.windows.net/","https://am2.sso.azurewebsites.windows.net/","https://euapdm1.sso.azurewebsites.windows.net/","https://euapbn1.sso.azurewebsites.windows.net/","https://msftinthk1.sso.azurewebsites.windows.net/","https://deploy-staging.azure.com","https://functions.azure.com","https://functions-staging.azure.com","https://functions-next.azure.com","https://functions-release.azure.com"],"samlMetadataUrl":null,"samlSingleSignOnSettings":null,"servicePrincipalNames":["https://appservice.azure.com","Microsoft.Azure.WebSites","abfa0a7c-a6b6-4736-8310-5855508787cd"],"servicePrincipalType":"Application","signInAudience":"AzureADMultipleOrgs","tags":["CSEOAllowGuests"],"tokenEncryptionKeyId":null}'
    headers:
      access-control-allow-origin:
      - '*'
      cache-control:
      - no-cache
      content-length:
      - '4144'
      content-type:
      - application/json; odata=minimalmetadata; streaming=true; charset=utf-8
      dataserviceversion:
      - 3.0;
      date:
      - Mon, 04 Oct 2021 00:24:58 GMT
      duration:
      - '678759'
      expires:
      - '-1'
      ocp-aad-diagnostics-server-name:
      - zAPGOS8nmrQUcQECpSO3qUPPZjjtAXGk7kKdvbGdiOs=
      ocp-aad-session-key:
      - Q6Wj6W4nDo8-MM1Eb2JGO5_SRJks9xcuC3vPwJIbHuJHgY_bz-98qURSyT5yUqdvQFRKo7ufKCbuAVb1wf5SUHDLM0ANm9ji1_sYrrJ0dI1VrJWltH_jpzWEb0OdNRMW.h7xBQcGmXTWRHdMKeg6XdYIUl4z44g-22xWz36cbBnc
      pragma:
      - no-cache
      request-id:
      - c5015e6b-3588-4fcb-a7d1-48290271b324
      strict-transport-security:
      - max-age=31536000; includeSubDomains
      x-aspnet-version:
      - 4.0.30319
      x-ms-dirapi-data-contract-version:
      - '1.6'
      x-ms-resource-unit:
      - '1'
      x-powered-by:
      - ASP.NET
    status:
      code: 200
      message: OK
- request:
    body: '{"location": "Japan West", "properties": {"password": "", "keyVaultId":
      "/subscriptions/00000000-0000-0000-0000-000000000000/resourceGroups/clitest.rg000001/providers/Microsoft.KeyVault/vaults/kv-ssl-test000005",
      "keyVaultSecretName": "test-cert", "serverFarmId": "/subscriptions/00000000-0000-0000-0000-000000000000/resourceGroups/clitest.rg000002/providers/Microsoft.Web/serverfarms/ssl-test-plan000003"}}'
    headers:
      Accept:
      - application/json
      Accept-Encoding:
      - gzip, deflate
      CommandName:
      - webapp config ssl import
      Connection:
      - keep-alive
      Content-Length:
      - '533'
      Content-Type:
      - application/json
      ParameterSetName:
      - --resource-group --name --key-vault --key-vault-certificate-name
      User-Agent:
      - AZURECLI/2.28.1 azsdk-python-azure-mgmt-web/4.0.0 Python/3.8.2 (macOS-10.16-x86_64-i386-64bit)
    method: PUT
    uri: https://management.azure.com/subscriptions/00000000-0000-0000-0000-000000000000/resourceGroups/clitest.rg000002/providers/Microsoft.Web/certificates/clitest.rg000002-kv-ssl-test000005-test-cert?api-version=2020-09-01
  response:
    body:
      string: '{"id":"/subscriptions/00000000-0000-0000-0000-000000000000/resourceGroups/clitest.rg000002/providers/Microsoft.Web/certificates/clitest.rg000002-kv-ssl-test000005-test-cert","name":"clitest.rg000002-kv-ssl-test000005-test-cert","type":"Microsoft.Web/certificates","location":"Japan
        West","properties":{"password":null,"friendlyName":"","subjectName":"*.azurewebsites.net","hostNames":["*.azurewebsites.net"],"pfxBlob":null,"siteName":null,"selfLink":null,"issuer":"*.azurewebsites.net","issueDate":"2018-01-01T07:00:00+00:00","expirationDate":"2118-12-31T07:00:00+00:00","thumbprint":"9E9735C45C792B03B3FFCCA614852B32EE71AD6B","valid":null,"toDelete":null,"cerBlob":null,"publicKeyHash":null,"hostingEnvironment":null,"hostingEnvironmentProfile":null,"keyVaultId":"/subscriptions/00000000-0000-0000-0000-000000000000/resourcegroups/clitest.rg000001/providers/microsoft.keyvault/vaults/kv-ssl-test000005","keyVaultSecretName":"test-cert","webSpace":"clitest.rg000002-JapanWestwebspace","serverFarmId":null,"tags":null,"resourceGroup":"clitest.rg000002"}}'
    headers:
      cache-control:
      - no-cache
      content-length:
      - '1416'
      content-type:
      - application/json
      date:
      - Mon, 04 Oct 2021 00:25:04 GMT
      expires:
      - '-1'
      pragma:
      - no-cache
      server:
      - Microsoft-IIS/10.0
      strict-transport-security:
      - max-age=31536000; includeSubDomains
      transfer-encoding:
      - chunked
      vary:
      - Accept-Encoding
      warning:
      - 199 Some of the uploaded certificates are either self-signed or expired.,199
        Some of the uploaded certificates cannot be validated to a trusted CA
      x-aspnet-version:
      - 4.0.30319
      x-content-type-options:
      - nosniff
      x-ms-ratelimit-remaining-subscription-writes:
      - '1198'
      x-powered-by:
      - ASP.NET
    status:
      code: 200
      message: OK
- request:
    body: null
    headers:
      Accept:
      - application/json
      Accept-Encoding:
      - gzip, deflate
      CommandName:
      - webapp config ssl bind
      Connection:
      - keep-alive
      ParameterSetName:
      - -g -n --certificate-thumbprint --ssl-type
      User-Agent:
      - AZURECLI/2.28.1 azsdk-python-azure-mgmt-web/4.0.0 Python/3.8.2 (macOS-10.16-x86_64-i386-64bit)
    method: GET
    uri: https://management.azure.com/subscriptions/00000000-0000-0000-0000-000000000000/resourceGroups/clitest.rg000002/providers/Microsoft.Web/sites/web-ssl-test000004?api-version=2020-09-01
  response:
    body:
      string: '{"id":"/subscriptions/00000000-0000-0000-0000-000000000000/resourceGroups/clitest.rg000002/providers/Microsoft.Web/sites/web-ssl-test000004","name":"web-ssl-test000004","type":"Microsoft.Web/sites","kind":"app","location":"Japan
        West","properties":{"name":"web-ssl-test000004","state":"Running","hostNames":["web-ssl-test000004.azurewebsites.net"],"webSpace":"clitest.rg000002-JapanWestwebspace","selfLink":"https://waws-prod-os1-027.api.azurewebsites.windows.net:454/subscriptions/00000000-0000-0000-0000-000000000000/webspaces/clitest.rg000002-JapanWestwebspace/sites/web-ssl-test000004","repositorySiteName":"web-ssl-test000004","owner":null,"usageState":"Normal","enabled":true,"adminEnabled":true,"enabledHostNames":["web-ssl-test000004.azurewebsites.net","web-ssl-test000004.scm.azurewebsites.net"],"siteProperties":{"metadata":null,"properties":[{"name":"LinuxFxVersion","value":""},{"name":"WindowsFxVersion","value":null}],"appSettings":null},"availabilityState":"Normal","sslCertificates":null,"csrs":[],"cers":null,"siteMode":null,"hostNameSslStates":[{"name":"web-ssl-test000004.azurewebsites.net","sslState":"Disabled","ipBasedSslResult":null,"virtualIP":null,"thumbprint":null,"toUpdate":null,"toUpdateIpBasedSsl":null,"ipBasedSslState":"NotConfigured","hostType":"Standard"},{"name":"web-ssl-test000004.scm.azurewebsites.net","sslState":"Disabled","ipBasedSslResult":null,"virtualIP":null,"thumbprint":null,"toUpdate":null,"toUpdateIpBasedSsl":null,"ipBasedSslState":"NotConfigured","hostType":"Repository"}],"computeMode":null,"serverFarm":null,"serverFarmId":"/subscriptions/00000000-0000-0000-0000-000000000000/resourceGroups/clitest.rg000002/providers/Microsoft.Web/serverfarms/ssl-test-plan000003","reserved":false,"isXenon":false,"hyperV":false,"lastModifiedTimeUtc":"2021-10-04T00:23:47.71","storageRecoveryDefaultState":"Running","contentAvailabilityState":"Normal","runtimeAvailabilityState":"Normal","siteConfig":{"numberOfWorkers":1,"defaultDocuments":null,"netFrameworkVersion":null,"phpVersion":null,"pythonVersion":null,"nodeVersion":null,"powerShellVersion":null,"linuxFxVersion":"","windowsFxVersion":null,"requestTracingEnabled":null,"remoteDebuggingEnabled":null,"remoteDebuggingVersion":null,"httpLoggingEnabled":null,"azureMonitorLogCategories":null,"acrUseManagedIdentityCreds":false,"acrUserManagedIdentityID":null,"logsDirectorySizeLimit":null,"detailedErrorLoggingEnabled":null,"publishingUsername":null,"publishingPassword":null,"appSettings":null,"metadata":null,"connectionStrings":null,"machineKey":null,"handlerMappings":null,"documentRoot":null,"scmType":null,"use32BitWorkerProcess":null,"webSocketsEnabled":null,"alwaysOn":false,"javaVersion":null,"javaContainer":null,"javaContainerVersion":null,"appCommandLine":null,"managedPipelineMode":null,"virtualApplications":null,"winAuthAdminState":null,"winAuthTenantState":null,"customAppPoolIdentityAdminState":null,"customAppPoolIdentityTenantState":null,"runtimeADUser":null,"runtimeADUserPassword":null,"loadBalancing":null,"routingRules":null,"experiments":null,"limits":null,"autoHealEnabled":null,"autoHealRules":null,"tracingOptions":null,"vnetName":null,"vnetRouteAllEnabled":null,"vnetPrivatePortsCount":null,"publicNetworkAccess":null,"cors":null,"push":null,"apiDefinition":null,"apiManagementConfig":null,"autoSwapSlotName":null,"localMySqlEnabled":null,"managedServiceIdentityId":null,"xManagedServiceIdentityId":null,"keyVaultReferenceIdentity":null,"ipSecurityRestrictions":null,"scmIpSecurityRestrictions":null,"scmIpSecurityRestrictionsUseMain":null,"http20Enabled":true,"minTlsVersion":null,"scmMinTlsVersion":null,"ftpsState":null,"preWarmedInstanceCount":null,"functionAppScaleLimit":0,"healthCheckPath":null,"fileChangeAuditEnabled":null,"functionsRuntimeScaleMonitoringEnabled":null,"websiteTimeZone":null,"minimumElasticInstanceCount":0,"azureStorageAccounts":null,"sitePort":null},"deploymentId":"web-ssl-test000004","slotName":null,"trafficManagerHostNames":null,"sku":"Basic","scmSiteAlsoStopped":false,"targetSwapSlot":null,"hostingEnvironment":null,"hostingEnvironmentProfile":null,"clientAffinityEnabled":true,"clientCertEnabled":false,"clientCertMode":"Required","clientCertExclusionPaths":null,"hostNamesDisabled":false,"domainVerificationIdentifiers":null,"customDomainVerificationId":"30E3673979DFB5673924412D39370809E608E2DE4E889BD01C7B80FC38A57EED","kind":"app","inboundIpAddress":"40.74.100.137","possibleInboundIpAddresses":"40.74.100.137","ftpUsername":"web-ssl-test000004\\$web-ssl-test000004","ftpsHostName":"ftps://waws-prod-os1-027.ftp.azurewebsites.windows.net/site/wwwroot","outboundIpAddresses":"40.74.90.160,40.74.94.222,40.74.113.39,40.74.95.132,40.74.113.204,40.74.75.201,40.74.100.137","possibleOutboundIpAddresses":"40.74.90.160,40.74.94.222,40.74.113.39,40.74.95.132,40.74.113.204,40.74.75.201,40.74.112.41,40.74.113.1,40.74.65.7,40.74.76.184,40.74.79.7,40.74.67.13,40.74.81.157,40.74.86.212,40.74.86.30,40.74.81.231,40.74.80.113,40.74.80.110,40.74.100.137","containerSize":0,"dailyMemoryTimeQuota":0,"suspendedTill":null,"siteDisabledReason":0,"functionExecutionUnitsCache":null,"maxNumberOfWorkers":null,"homeStamp":"waws-prod-os1-027","cloningInfo":null,"hostingEnvironmentId":null,"tags":null,"resourceGroup":"clitest.rg000002","defaultHostName":"web-ssl-test000004.azurewebsites.net","slotSwapStatus":null,"httpsOnly":false,"redundancyMode":"None","inProgressOperationId":null,"geoDistributions":null,"privateEndpointConnections":[],"buildVersion":null,"targetBuildVersion":null,"migrationState":null,"eligibleLogCategories":"AppServiceAppLogs,AppServiceAuditLogs,AppServiceConsoleLogs,AppServiceHTTPLogs,AppServiceIPSecAuditLogs,AppServicePlatformLogs,ScanLogs","storageAccountRequired":false,"virtualNetworkSubnetId":null,"keyVaultReferenceIdentity":"SystemAssigned"}}'
    headers:
      cache-control:
      - no-cache
      content-length:
      - '6148'
      content-type:
      - application/json
      date:
      - Mon, 04 Oct 2021 00:25:05 GMT
      etag:
      - '"1D7B8B61933C1E0"'
      expires:
      - '-1'
      pragma:
      - no-cache
      server:
      - Microsoft-IIS/10.0
      strict-transport-security:
      - max-age=31536000; includeSubDomains
      transfer-encoding:
      - chunked
      vary:
      - Accept-Encoding
      x-aspnet-version:
      - 4.0.30319
      x-content-type-options:
      - nosniff
      x-powered-by:
      - ASP.NET
    status:
      code: 200
      message: OK
- request:
    body: null
    headers:
      Accept:
      - application/json
      Accept-Encoding:
      - gzip, deflate
      CommandName:
      - webapp config ssl bind
      Connection:
      - keep-alive
      ParameterSetName:
      - -g -n --certificate-thumbprint --ssl-type
      User-Agent:
      - AZURECLI/2.28.1 azsdk-python-azure-mgmt-web/4.0.0 Python/3.8.2 (macOS-10.16-x86_64-i386-64bit)
    method: GET
    uri: https://management.azure.com/subscriptions/00000000-0000-0000-0000-000000000000/resourceGroups/clitest.rg000002/providers/Microsoft.Web/certificates?api-version=2020-09-01
  response:
    body:
      string: '{"value":[{"id":"/subscriptions/00000000-0000-0000-0000-000000000000/resourceGroups/clitest.rg000002/providers/Microsoft.Web/certificates/clitest.rg000002-kv-ssl-test000005-test-cert","name":"clitest.rg000002-kv-ssl-test000005-test-cert","type":"Microsoft.Web/certificates","location":"Japan
        West","properties":{"password":null,"friendlyName":"","subjectName":"*.azurewebsites.net","hostNames":["*.azurewebsites.net"],"pfxBlob":null,"siteName":null,"selfLink":null,"issuer":"*.azurewebsites.net","issueDate":"2018-01-01T07:00:00+00:00","expirationDate":"2118-12-31T07:00:00+00:00","thumbprint":"9E9735C45C792B03B3FFCCA614852B32EE71AD6B","valid":null,"toDelete":null,"cerBlob":null,"publicKeyHash":null,"hostingEnvironment":null,"hostingEnvironmentProfile":null,"keyVaultId":"/subscriptions/00000000-0000-0000-0000-000000000000/resourcegroups/clitest.rg000001/providers/microsoft.keyvault/vaults/kv-ssl-test000005","keyVaultSecretName":"test-cert","keyVaultSecretStatus":"Initialized","webSpace":"clitest.rg000002-JapanWestwebspace","serverFarmId":null,"tags":null,"resourceGroup":"clitest.rg000002"}}],"nextLink":null,"id":null}'
    headers:
      cache-control:
      - no-cache
      content-length:
      - '1491'
      content-type:
      - application/json
      date:
      - Mon, 04 Oct 2021 00:25:05 GMT
      expires:
      - '-1'
      pragma:
      - no-cache
      server:
      - Microsoft-IIS/10.0
      strict-transport-security:
      - max-age=31536000; includeSubDomains
      transfer-encoding:
      - chunked
      vary:
      - Accept-Encoding
      x-aspnet-version:
      - 4.0.30319
      x-content-type-options:
      - nosniff
      x-powered-by:
      - ASP.NET
    status:
      code: 200
      message: OK
- request:
    body: null
    headers:
      Accept:
      - application/json
      Accept-Encoding:
      - gzip, deflate
      CommandName:
      - webapp config ssl bind
      Connection:
      - keep-alive
      ParameterSetName:
      - -g -n --certificate-thumbprint --ssl-type
      User-Agent:
      - AZURECLI/2.28.1 azsdk-python-azure-mgmt-web/4.0.0 Python/3.8.2 (macOS-10.16-x86_64-i386-64bit)
    method: GET
    uri: https://management.azure.com/subscriptions/00000000-0000-0000-0000-000000000000/resourceGroups/clitest.rg000002/providers/Microsoft.Web/sites/web-ssl-test000004/hostNameBindings?api-version=2020-09-01
  response:
    body:
      string: '{"value":[{"id":"/subscriptions/00000000-0000-0000-0000-000000000000/resourceGroups/clitest.rg000002/providers/Microsoft.Web/sites/web-ssl-test000004/hostNameBindings/web-ssl-test000004.azurewebsites.net","name":"web-ssl-test000004/web-ssl-test000004.azurewebsites.net","type":"Microsoft.Web/sites/hostNameBindings","location":"Japan
        West","properties":{"siteName":"web-ssl-test000004","domainId":null,"hostNameType":"Verified"}}],"nextLink":null,"id":null}'
    headers:
      cache-control:
      - no-cache
      content-length:
      - '526'
      content-type:
      - application/json
      date:
      - Mon, 04 Oct 2021 00:25:07 GMT
      etag:
      - '"1D7B8B61933C1E0"'
      expires:
      - '-1'
      pragma:
      - no-cache
      server:
      - Microsoft-IIS/10.0
      strict-transport-security:
      - max-age=31536000; includeSubDomains
      transfer-encoding:
      - chunked
      vary:
      - Accept-Encoding
      x-aspnet-version:
      - 4.0.30319
      x-content-type-options:
      - nosniff
      x-powered-by:
      - ASP.NET
    status:
      code: 200
      message: OK
- request:
    body: '{"location": "Japan West", "properties": {"hostNameSslStates": [{"name":
      "web-ssl-test000004.azurewebsites.net", "sslState": "SniEnabled", "thumbprint":
      "9E9735C45C792B03B3FFCCA614852B32EE71AD6B", "toUpdate": true}], "reserved":
      false, "isXenon": false, "hyperV": false, "scmSiteAlsoStopped": false}}'
    headers:
      Accept:
      - application/json
      Accept-Encoding:
      - gzip, deflate
      CommandName:
      - webapp config ssl bind
      Connection:
      - keep-alive
      Content-Length:
      - '302'
      Content-Type:
      - application/json
      ParameterSetName:
      - -g -n --certificate-thumbprint --ssl-type
      User-Agent:
      - AZURECLI/2.28.1 azsdk-python-azure-mgmt-web/4.0.0 Python/3.8.2 (macOS-10.16-x86_64-i386-64bit)
    method: PUT
    uri: https://management.azure.com/subscriptions/00000000-0000-0000-0000-000000000000/resourceGroups/clitest.rg000002/providers/Microsoft.Web/sites/web-ssl-test000004?api-version=2020-09-01
  response:
    body:
      string: '{"id":"/subscriptions/00000000-0000-0000-0000-000000000000/resourceGroups/clitest.rg000002/providers/Microsoft.Web/sites/web-ssl-test000004","name":"web-ssl-test000004","type":"Microsoft.Web/sites","kind":"app","location":"Japan
        West","properties":{"name":"web-ssl-test000004","state":"Running","hostNames":["web-ssl-test000004.azurewebsites.net"],"webSpace":"clitest.rg000002-JapanWestwebspace","selfLink":"https://waws-prod-os1-027.api.azurewebsites.windows.net:454/subscriptions/00000000-0000-0000-0000-000000000000/webspaces/clitest.rg000002-JapanWestwebspace/sites/web-ssl-test000004","repositorySiteName":"web-ssl-test000004","owner":null,"usageState":"Normal","enabled":true,"adminEnabled":true,"enabledHostNames":["web-ssl-test000004.azurewebsites.net","web-ssl-test000004.scm.azurewebsites.net"],"siteProperties":{"metadata":null,"properties":[{"name":"LinuxFxVersion","value":""},{"name":"WindowsFxVersion","value":null}],"appSettings":null},"availabilityState":"Normal","sslCertificates":null,"csrs":[],"cers":null,"siteMode":null,"hostNameSslStates":[{"name":"web-ssl-test000004.azurewebsites.net","sslState":"SniEnabled","ipBasedSslResult":null,"virtualIP":null,"thumbprint":"9E9735C45C792B03B3FFCCA614852B32EE71AD6B","toUpdate":null,"toUpdateIpBasedSsl":null,"ipBasedSslState":"NotConfigured","hostType":"Standard"},{"name":"web-ssl-test000004.scm.azurewebsites.net","sslState":"Disabled","ipBasedSslResult":null,"virtualIP":null,"thumbprint":null,"toUpdate":null,"toUpdateIpBasedSsl":null,"ipBasedSslState":"NotConfigured","hostType":"Repository"}],"computeMode":null,"serverFarm":null,"serverFarmId":"/subscriptions/00000000-0000-0000-0000-000000000000/resourceGroups/clitest.rg000002/providers/Microsoft.Web/serverfarms/ssl-test-plan000003","reserved":false,"isXenon":false,"hyperV":false,"lastModifiedTimeUtc":"2021-10-04T00:25:10.3266667","storageRecoveryDefaultState":"Running","contentAvailabilityState":"Normal","runtimeAvailabilityState":"Normal","siteConfig":{"numberOfWorkers":1,"defaultDocuments":null,"netFrameworkVersion":null,"phpVersion":null,"pythonVersion":null,"nodeVersion":null,"powerShellVersion":null,"linuxFxVersion":"","windowsFxVersion":null,"requestTracingEnabled":null,"remoteDebuggingEnabled":null,"remoteDebuggingVersion":null,"httpLoggingEnabled":null,"azureMonitorLogCategories":null,"acrUseManagedIdentityCreds":false,"acrUserManagedIdentityID":null,"logsDirectorySizeLimit":null,"detailedErrorLoggingEnabled":null,"publishingUsername":null,"publishingPassword":null,"appSettings":null,"metadata":null,"connectionStrings":null,"machineKey":null,"handlerMappings":null,"documentRoot":null,"scmType":null,"use32BitWorkerProcess":null,"webSocketsEnabled":null,"alwaysOn":false,"javaVersion":null,"javaContainer":null,"javaContainerVersion":null,"appCommandLine":null,"managedPipelineMode":null,"virtualApplications":null,"winAuthAdminState":null,"winAuthTenantState":null,"customAppPoolIdentityAdminState":null,"customAppPoolIdentityTenantState":null,"runtimeADUser":null,"runtimeADUserPassword":null,"loadBalancing":null,"routingRules":null,"experiments":null,"limits":null,"autoHealEnabled":null,"autoHealRules":null,"tracingOptions":null,"vnetName":null,"vnetRouteAllEnabled":null,"vnetPrivatePortsCount":null,"publicNetworkAccess":null,"cors":null,"push":null,"apiDefinition":null,"apiManagementConfig":null,"autoSwapSlotName":null,"localMySqlEnabled":null,"managedServiceIdentityId":null,"xManagedServiceIdentityId":null,"keyVaultReferenceIdentity":null,"ipSecurityRestrictions":[{"ipAddress":"Any","action":"Allow","priority":1,"name":"Allow
        all","description":"Allow all access"}],"scmIpSecurityRestrictions":[{"ipAddress":"Any","action":"Allow","priority":1,"name":"Allow
        all","description":"Allow all access"}],"scmIpSecurityRestrictionsUseMain":null,"http20Enabled":true,"minTlsVersion":null,"scmMinTlsVersion":null,"ftpsState":null,"preWarmedInstanceCount":null,"functionAppScaleLimit":0,"healthCheckPath":null,"fileChangeAuditEnabled":null,"functionsRuntimeScaleMonitoringEnabled":null,"websiteTimeZone":null,"minimumElasticInstanceCount":0,"azureStorageAccounts":null,"sitePort":null},"deploymentId":"web-ssl-test000004","slotName":null,"trafficManagerHostNames":null,"sku":"Basic","scmSiteAlsoStopped":false,"targetSwapSlot":null,"hostingEnvironment":null,"hostingEnvironmentProfile":null,"clientAffinityEnabled":true,"clientCertEnabled":false,"clientCertMode":"Required","clientCertExclusionPaths":null,"hostNamesDisabled":false,"domainVerificationIdentifiers":null,"customDomainVerificationId":"30E3673979DFB5673924412D39370809E608E2DE4E889BD01C7B80FC38A57EED","kind":"app","inboundIpAddress":"40.74.100.137","possibleInboundIpAddresses":"40.74.100.137","ftpUsername":"web-ssl-test000004\\$web-ssl-test000004","ftpsHostName":"ftps://waws-prod-os1-027.ftp.azurewebsites.windows.net/site/wwwroot","outboundIpAddresses":"40.74.90.160,40.74.94.222,40.74.113.39,40.74.95.132,40.74.113.204,40.74.75.201,40.74.100.137","possibleOutboundIpAddresses":"40.74.90.160,40.74.94.222,40.74.113.39,40.74.95.132,40.74.113.204,40.74.75.201,40.74.112.41,40.74.113.1,40.74.65.7,40.74.76.184,40.74.79.7,40.74.67.13,40.74.81.157,40.74.86.212,40.74.86.30,40.74.81.231,40.74.80.113,40.74.80.110,40.74.100.137","containerSize":0,"dailyMemoryTimeQuota":0,"suspendedTill":null,"siteDisabledReason":0,"functionExecutionUnitsCache":null,"maxNumberOfWorkers":null,"homeStamp":"waws-prod-os1-027","cloningInfo":null,"hostingEnvironmentId":null,"tags":null,"resourceGroup":"clitest.rg000002","defaultHostName":"web-ssl-test000004.azurewebsites.net","slotSwapStatus":null,"httpsOnly":false,"redundancyMode":"None","inProgressOperationId":null,"geoDistributions":null,"privateEndpointConnections":null,"buildVersion":null,"targetBuildVersion":null,"migrationState":null,"eligibleLogCategories":"AppServiceAppLogs,AppServiceAuditLogs,AppServiceConsoleLogs,AppServiceHTTPLogs,AppServiceIPSecAuditLogs,AppServicePlatformLogs,ScanLogs","storageAccountRequired":false,"virtualNetworkSubnetId":null,"keyVaultReferenceIdentity":"SystemAssigned"}}'
    headers:
      cache-control:
      - no-cache
      content-length:
      - '6393'
      content-type:
      - application/json
      date:
      - Mon, 04 Oct 2021 00:25:13 GMT
      etag:
      - '"1D7B8B61933C1E0"'
      expires:
      - '-1'
      pragma:
      - no-cache
      server:
      - Microsoft-IIS/10.0
      strict-transport-security:
      - max-age=31536000; includeSubDomains
      transfer-encoding:
      - chunked
      vary:
      - Accept-Encoding
      x-aspnet-version:
      - 4.0.30319
      x-content-type-options:
      - nosniff
      x-ms-ratelimit-remaining-subscription-resource-requests:
      - '499'
      x-powered-by:
      - ASP.NET
    status:
      code: 200
      message: OK
- request:
    body: null
    headers:
      Accept:
      - application/json
      Accept-Encoding:
      - gzip, deflate
      CommandName:
      - webapp config ssl bind
      Connection:
      - keep-alive
      ParameterSetName:
      - -g -n --certificate-thumbprint --ssl-type
      User-Agent:
      - AZURECLI/2.28.1 azsdk-python-azure-mgmt-web/4.0.0 Python/3.8.2 (macOS-10.16-x86_64-i386-64bit)
    method: GET
    uri: https://management.azure.com/subscriptions/00000000-0000-0000-0000-000000000000/resourceGroups/clitest.rg000002/providers/Microsoft.Web/sites/web-ssl-test000004?api-version=2020-09-01
  response:
    body:
      string: '{"id":"/subscriptions/00000000-0000-0000-0000-000000000000/resourceGroups/clitest.rg000002/providers/Microsoft.Web/sites/web-ssl-test000004","name":"web-ssl-test000004","type":"Microsoft.Web/sites","kind":"app","location":"Japan
        West","properties":{"name":"web-ssl-test000004","state":"Running","hostNames":["web-ssl-test000004.azurewebsites.net"],"webSpace":"clitest.rg000002-JapanWestwebspace","selfLink":"https://waws-prod-os1-027.api.azurewebsites.windows.net:454/subscriptions/00000000-0000-0000-0000-000000000000/webspaces/clitest.rg000002-JapanWestwebspace/sites/web-ssl-test000004","repositorySiteName":"web-ssl-test000004","owner":null,"usageState":"Normal","enabled":true,"adminEnabled":true,"enabledHostNames":["web-ssl-test000004.azurewebsites.net","web-ssl-test000004.scm.azurewebsites.net"],"siteProperties":{"metadata":null,"properties":[{"name":"LinuxFxVersion","value":""},{"name":"WindowsFxVersion","value":null}],"appSettings":null},"availabilityState":"Normal","sslCertificates":null,"csrs":[],"cers":null,"siteMode":null,"hostNameSslStates":[{"name":"web-ssl-test000004.azurewebsites.net","sslState":"SniEnabled","ipBasedSslResult":null,"virtualIP":null,"thumbprint":"9E9735C45C792B03B3FFCCA614852B32EE71AD6B","toUpdate":null,"toUpdateIpBasedSsl":null,"ipBasedSslState":"NotConfigured","hostType":"Standard"},{"name":"web-ssl-test000004.scm.azurewebsites.net","sslState":"Disabled","ipBasedSslResult":null,"virtualIP":null,"thumbprint":null,"toUpdate":null,"toUpdateIpBasedSsl":null,"ipBasedSslState":"NotConfigured","hostType":"Repository"}],"computeMode":null,"serverFarm":null,"serverFarmId":"/subscriptions/00000000-0000-0000-0000-000000000000/resourceGroups/clitest.rg000002/providers/Microsoft.Web/serverfarms/ssl-test-plan000003","reserved":false,"isXenon":false,"hyperV":false,"lastModifiedTimeUtc":"2021-10-04T00:25:10.3266667","storageRecoveryDefaultState":"Running","contentAvailabilityState":"Normal","runtimeAvailabilityState":"Normal","siteConfig":{"numberOfWorkers":1,"defaultDocuments":null,"netFrameworkVersion":null,"phpVersion":null,"pythonVersion":null,"nodeVersion":null,"powerShellVersion":null,"linuxFxVersion":"","windowsFxVersion":null,"requestTracingEnabled":null,"remoteDebuggingEnabled":null,"remoteDebuggingVersion":null,"httpLoggingEnabled":null,"azureMonitorLogCategories":null,"acrUseManagedIdentityCreds":false,"acrUserManagedIdentityID":null,"logsDirectorySizeLimit":null,"detailedErrorLoggingEnabled":null,"publishingUsername":null,"publishingPassword":null,"appSettings":null,"metadata":null,"connectionStrings":null,"machineKey":null,"handlerMappings":null,"documentRoot":null,"scmType":null,"use32BitWorkerProcess":null,"webSocketsEnabled":null,"alwaysOn":false,"javaVersion":null,"javaContainer":null,"javaContainerVersion":null,"appCommandLine":null,"managedPipelineMode":null,"virtualApplications":null,"winAuthAdminState":null,"winAuthTenantState":null,"customAppPoolIdentityAdminState":null,"customAppPoolIdentityTenantState":null,"runtimeADUser":null,"runtimeADUserPassword":null,"loadBalancing":null,"routingRules":null,"experiments":null,"limits":null,"autoHealEnabled":null,"autoHealRules":null,"tracingOptions":null,"vnetName":null,"vnetRouteAllEnabled":null,"vnetPrivatePortsCount":null,"publicNetworkAccess":null,"cors":null,"push":null,"apiDefinition":null,"apiManagementConfig":null,"autoSwapSlotName":null,"localMySqlEnabled":null,"managedServiceIdentityId":null,"xManagedServiceIdentityId":null,"keyVaultReferenceIdentity":null,"ipSecurityRestrictions":null,"scmIpSecurityRestrictions":null,"scmIpSecurityRestrictionsUseMain":null,"http20Enabled":true,"minTlsVersion":null,"scmMinTlsVersion":null,"ftpsState":null,"preWarmedInstanceCount":null,"functionAppScaleLimit":0,"healthCheckPath":null,"fileChangeAuditEnabled":null,"functionsRuntimeScaleMonitoringEnabled":null,"websiteTimeZone":null,"minimumElasticInstanceCount":0,"azureStorageAccounts":null,"sitePort":null},"deploymentId":"web-ssl-test000004","slotName":null,"trafficManagerHostNames":null,"sku":"Basic","scmSiteAlsoStopped":false,"targetSwapSlot":null,"hostingEnvironment":null,"hostingEnvironmentProfile":null,"clientAffinityEnabled":true,"clientCertEnabled":false,"clientCertMode":"Required","clientCertExclusionPaths":null,"hostNamesDisabled":false,"domainVerificationIdentifiers":null,"customDomainVerificationId":"30E3673979DFB5673924412D39370809E608E2DE4E889BD01C7B80FC38A57EED","kind":"app","inboundIpAddress":"40.74.100.137","possibleInboundIpAddresses":"40.74.100.137","ftpUsername":"web-ssl-test000004\\$web-ssl-test000004","ftpsHostName":"ftps://waws-prod-os1-027.ftp.azurewebsites.windows.net/site/wwwroot","outboundIpAddresses":"40.74.90.160,40.74.94.222,40.74.113.39,40.74.95.132,40.74.113.204,40.74.75.201,40.74.100.137","possibleOutboundIpAddresses":"40.74.90.160,40.74.94.222,40.74.113.39,40.74.95.132,40.74.113.204,40.74.75.201,40.74.112.41,40.74.113.1,40.74.65.7,40.74.76.184,40.74.79.7,40.74.67.13,40.74.81.157,40.74.86.212,40.74.86.30,40.74.81.231,40.74.80.113,40.74.80.110,40.74.100.137","containerSize":0,"dailyMemoryTimeQuota":0,"suspendedTill":null,"siteDisabledReason":0,"functionExecutionUnitsCache":null,"maxNumberOfWorkers":null,"homeStamp":"waws-prod-os1-027","cloningInfo":null,"hostingEnvironmentId":null,"tags":null,"resourceGroup":"clitest.rg000002","defaultHostName":"web-ssl-test000004.azurewebsites.net","slotSwapStatus":null,"httpsOnly":false,"redundancyMode":"None","inProgressOperationId":null,"geoDistributions":null,"privateEndpointConnections":[],"buildVersion":null,"targetBuildVersion":null,"migrationState":null,"eligibleLogCategories":"AppServiceAppLogs,AppServiceAuditLogs,AppServiceConsoleLogs,AppServiceHTTPLogs,AppServiceIPSecAuditLogs,AppServicePlatformLogs,ScanLogs","storageAccountRequired":false,"virtualNetworkSubnetId":null,"keyVaultReferenceIdentity":"SystemAssigned"}}'
    headers:
      cache-control:
      - no-cache
      content-length:
      - '6193'
      content-type:
      - application/json
      date:
      - Mon, 04 Oct 2021 00:25:14 GMT
      etag:
      - '"1D7B8B64A720F6B"'
      expires:
      - '-1'
      pragma:
      - no-cache
      server:
      - Microsoft-IIS/10.0
      strict-transport-security:
      - max-age=31536000; includeSubDomains
      transfer-encoding:
      - chunked
      vary:
      - Accept-Encoding
      x-aspnet-version:
      - 4.0.30319
      x-content-type-options:
      - nosniff
      x-powered-by:
      - ASP.NET
    status:
      code: 200
      message: OK
- request:
    body: null
    headers:
      Accept:
      - application/json
      Accept-Encoding:
      - gzip, deflate
      CommandName:
      - webapp config ssl bind
      Connection:
      - keep-alive
      ParameterSetName:
      - -g -n --certificate-thumbprint --ssl-type
      User-Agent:
      - AZURECLI/2.28.1 azsdk-python-azure-mgmt-web/4.0.0 Python/3.8.2 (macOS-10.16-x86_64-i386-64bit)
    method: GET
    uri: https://management.azure.com/subscriptions/00000000-0000-0000-0000-000000000000/resourceGroups/clitest.rg000002/providers/Microsoft.Web/sites/web-ssl-test000004/config/web?api-version=2020-09-01
  response:
    body:
      string: '{"id":"/subscriptions/00000000-0000-0000-0000-000000000000/resourceGroups/clitest.rg000002/providers/Microsoft.Web/sites/web-ssl-test000004/config/web","name":"web-ssl-test000004","type":"Microsoft.Web/sites/config","location":"Japan
        West","properties":{"numberOfWorkers":1,"defaultDocuments":["Default.htm","Default.html","Default.asp","index.htm","index.html","iisstart.htm","default.aspx","index.php","hostingstart.html"],"netFrameworkVersion":"v4.0","phpVersion":"5.6","pythonVersion":"","nodeVersion":"","powerShellVersion":"","linuxFxVersion":"","windowsFxVersion":null,"requestTracingEnabled":false,"remoteDebuggingEnabled":false,"remoteDebuggingVersion":null,"httpLoggingEnabled":false,"azureMonitorLogCategories":null,"acrUseManagedIdentityCreds":false,"acrUserManagedIdentityID":null,"logsDirectorySizeLimit":35,"detailedErrorLoggingEnabled":false,"publishingUsername":"$web-ssl-test000004","publishingPassword":null,"appSettings":null,"metadata":null,"connectionStrings":null,"machineKey":null,"handlerMappings":null,"documentRoot":null,"scmType":"None","use32BitWorkerProcess":true,"webSocketsEnabled":false,"alwaysOn":false,"javaVersion":null,"javaContainer":null,"javaContainerVersion":null,"appCommandLine":"","managedPipelineMode":"Integrated","virtualApplications":[{"virtualPath":"/","physicalPath":"site\\wwwroot","preloadEnabled":false,"virtualDirectories":null}],"winAuthAdminState":0,"winAuthTenantState":0,"customAppPoolIdentityAdminState":false,"customAppPoolIdentityTenantState":false,"runtimeADUser":null,"runtimeADUserPassword":null,"loadBalancing":"LeastRequests","routingRules":[],"experiments":{"rampUpRules":[]},"limits":null,"autoHealEnabled":false,"autoHealRules":null,"tracingOptions":null,"vnetName":"","vnetRouteAllEnabled":false,"vnetPrivatePortsCount":0,"publicNetworkAccess":null,"siteAuthEnabled":false,"siteAuthSettings":{"enabled":null,"unauthenticatedClientAction":null,"tokenStoreEnabled":null,"allowedExternalRedirectUrls":null,"defaultProvider":null,"clientId":null,"clientSecret":null,"clientSecretSettingName":null,"clientSecretCertificateThumbprint":null,"issuer":null,"allowedAudiences":null,"additionalLoginParams":null,"isAadAutoProvisioned":false,"aadClaimsAuthorization":null,"googleClientId":null,"googleClientSecret":null,"googleClientSecretSettingName":null,"googleOAuthScopes":null,"facebookAppId":null,"facebookAppSecret":null,"facebookAppSecretSettingName":null,"facebookOAuthScopes":null,"gitHubClientId":null,"gitHubClientSecret":null,"gitHubClientSecretSettingName":null,"gitHubOAuthScopes":null,"twitterConsumerKey":null,"twitterConsumerSecret":null,"twitterConsumerSecretSettingName":null,"microsoftAccountClientId":null,"microsoftAccountClientSecret":null,"microsoftAccountClientSecretSettingName":null,"microsoftAccountOAuthScopes":null,"configVersion":null},"cors":null,"push":null,"apiDefinition":null,"apiManagementConfig":null,"autoSwapSlotName":null,"localMySqlEnabled":false,"managedServiceIdentityId":null,"xManagedServiceIdentityId":null,"keyVaultReferenceIdentity":null,"ipSecurityRestrictions":[{"ipAddress":"Any","action":"Allow","priority":1,"name":"Allow
        all","description":"Allow all access"}],"scmIpSecurityRestrictions":[{"ipAddress":"Any","action":"Allow","priority":1,"name":"Allow
        all","description":"Allow all access"}],"scmIpSecurityRestrictionsUseMain":false,"http20Enabled":true,"minTlsVersion":"1.2","scmMinTlsVersion":"1.0","ftpsState":"AllAllowed","preWarmedInstanceCount":0,"functionAppScaleLimit":0,"healthCheckPath":null,"fileChangeAuditEnabled":false,"functionsRuntimeScaleMonitoringEnabled":false,"websiteTimeZone":null,"minimumElasticInstanceCount":0,"azureStorageAccounts":{},"sitePort":null}}'
    headers:
      cache-control:
      - no-cache
      content-length:
      - '3758'
      content-type:
      - application/json
      date:
      - Mon, 04 Oct 2021 00:25:15 GMT
      expires:
      - '-1'
      pragma:
      - no-cache
      server:
      - Microsoft-IIS/10.0
      strict-transport-security:
      - max-age=31536000; includeSubDomains
      transfer-encoding:
      - chunked
      vary:
      - Accept-Encoding
      x-aspnet-version:
      - 4.0.30319
      x-content-type-options:
      - nosniff
      x-powered-by:
      - ASP.NET
    status:
      code: 200
      message: OK
- request:
    body: '{"format": "WebDeploy"}'
    headers:
      Accept:
      - application/xml
      Accept-Encoding:
      - gzip, deflate
      CommandName:
      - webapp config ssl bind
      Connection:
      - keep-alive
      Content-Length:
      - '23'
      Content-Type:
      - application/json
      ParameterSetName:
      - -g -n --certificate-thumbprint --ssl-type
      User-Agent:
      - AZURECLI/2.28.1 azsdk-python-azure-mgmt-web/4.0.0 Python/3.8.2 (macOS-10.16-x86_64-i386-64bit)
    method: POST
    uri: https://management.azure.com/subscriptions/00000000-0000-0000-0000-000000000000/resourceGroups/clitest.rg000002/providers/Microsoft.Web/sites/web-ssl-test000004/publishxml?api-version=2020-09-01
  response:
    body:
      string: <publishData><publishProfile profileName="web-ssl-test000004 - Web Deploy"
        publishMethod="MSDeploy" publishUrl="web-ssl-test000004.scm.azurewebsites.net:443"
        msdeploySite="web-ssl-test000004" userName="$web-ssl-test000004" userPWD="pu2rCoJBjkhr0pDBx48MdiLZ89o7LneaupK2TAlm0KD2bWon55EvbjLge23o"
        destinationAppUrl="http://web-ssl-test000004.azurewebsites.net" SQLServerDBConnectionString=""
        mySQLDBConnectionString="" hostingProviderForumLink="" controlPanelLink="http://windows.azure.com"
        webSystem="WebSites"><databases /></publishProfile><publishProfile profileName="web-ssl-test000004
        - FTP" publishMethod="FTP" publishUrl="ftp://waws-prod-os1-027.ftp.azurewebsites.windows.net/site/wwwroot"
        ftpPassiveMode="True" userName="web-ssl-test000004\$web-ssl-test000004" userPWD="pu2rCoJBjkhr0pDBx48MdiLZ89o7LneaupK2TAlm0KD2bWon55EvbjLge23o"
        destinationAppUrl="http://web-ssl-test000004.azurewebsites.net" SQLServerDBConnectionString=""
        mySQLDBConnectionString="" hostingProviderForumLink="" controlPanelLink="http://windows.azure.com"
        webSystem="WebSites"><databases /></publishProfile><publishProfile profileName="web-ssl-test000004
        - Zip Deploy" publishMethod="ZipDeploy" publishUrl="web-ssl-test000004.scm.azurewebsites.net:443"
        userName="$web-ssl-test000004" userPWD="pu2rCoJBjkhr0pDBx48MdiLZ89o7LneaupK2TAlm0KD2bWon55EvbjLge23o"
        destinationAppUrl="http://web-ssl-test000004.azurewebsites.net" SQLServerDBConnectionString=""
        mySQLDBConnectionString="" hostingProviderForumLink="" controlPanelLink="http://windows.azure.com"
        webSystem="WebSites"><databases /></publishProfile></publishData>
    headers:
      cache-control:
      - no-cache
      content-length:
      - '1615'
      content-type:
      - application/xml
      date:
      - Mon, 04 Oct 2021 00:25:17 GMT
      expires:
      - '-1'
      pragma:
      - no-cache
      server:
      - Microsoft-IIS/10.0
      strict-transport-security:
      - max-age=31536000; includeSubDomains
      x-aspnet-version:
      - 4.0.30319
      x-content-type-options:
      - nosniff
      x-ms-ratelimit-remaining-subscription-resource-requests:
      - '11999'
      x-powered-by:
      - ASP.NET
    status:
      code: 200
      message: OK
version: 1
