interactions:
- request:
    body: null
    headers:
      Accept:
      - application/json
      Accept-Encoding:
      - gzip, deflate
      CommandName:
      - acr create
      Connection:
      - keep-alive
      ParameterSetName:
      - --admin-enabled -g -n --sku
      User-Agent:
      - AZURECLI/2.37.0 azsdk-python-azure-mgmt-resource/21.1.0b1 Python/3.9.1 (Windows-10-10.0.22000-SP0)
    method: GET
    uri: https://management.azure.com/subscriptions/00000000-0000-0000-0000-000000000000/resourcegroups/clitest.rg000001?api-version=2021-04-01
  response:
    body:
      string: '{"id":"/subscriptions/00000000-0000-0000-0000-000000000000/resourceGroups/clitest.rg000001","name":"clitest.rg000001","type":"Microsoft.Resources/resourceGroups","location":"eastus","tags":{"product":"azurecli","cause":"automation","date":"2022-07-11T17:34:23Z"},"properties":{"provisioningState":"Succeeded"}}'
    headers:
      cache-control:
      - no-cache
      content-length:
      - '310'
      content-type:
      - application/json; charset=utf-8
      date:
      - Mon, 11 Jul 2022 17:34:49 GMT
      expires:
      - '-1'
      pragma:
      - no-cache
      strict-transport-security:
      - max-age=31536000; includeSubDomains
      vary:
      - Accept-Encoding
      x-content-type-options:
      - nosniff
    status:
      code: 200
      message: OK
- request:
    body: '{"location": "eastus", "sku": {"name": "Basic"}, "properties": {"adminUserEnabled":
      true, "anonymousPullEnabled": false}}'
    headers:
      Accept:
      - application/json
      Accept-Encoding:
      - gzip, deflate
      CommandName:
      - acr create
      Connection:
      - keep-alive
      Content-Length:
      - '121'
      Content-Type:
      - application/json
      ParameterSetName:
      - --admin-enabled -g -n --sku
      User-Agent:
      - AZURECLI/2.37.0 azsdk-python-azure-mgmt-containerregistry/10.0.0 Python/3.9.1
        (Windows-10-10.0.22000-SP0)
    method: PUT
    uri: https://management.azure.com/subscriptions/00000000-0000-0000-0000-000000000000/resourceGroups/clitest.rg000001/providers/Microsoft.ContainerRegistry/registries/functionappacrtest000004?api-version=2022-02-01-preview
  response:
    body:
      string: '{"sku":{"name":"Basic","tier":"Basic"},"type":"Microsoft.ContainerRegistry/registries","id":"/subscriptions/00000000-0000-0000-0000-000000000000/resourceGroups/clitest.rg000001/providers/Microsoft.ContainerRegistry/registries/functionappacrtest000004","name":"functionappacrtest000004","location":"eastus","tags":{},"systemData":{"createdBy":"mabenedi@microsoft.com","createdByType":"User","createdAt":"2022-07-11T17:34:52.0112017+00:00","lastModifiedBy":"mabenedi@microsoft.com","lastModifiedByType":"User","lastModifiedAt":"2022-07-11T17:34:52.0112017+00:00"},"properties":{"loginServer":"functionappacrtest000004.azurecr.io","creationDate":"2022-07-11T17:34:52.0112017Z","provisioningState":"Creating","adminUserEnabled":true,"policies":{"quarantinePolicy":{"status":"disabled"},"trustPolicy":{"type":"Notary","status":"disabled"},"retentionPolicy":{"days":7,"lastUpdatedTime":"2022-07-11T17:34:54.1904113+00:00","status":"disabled"},"exportPolicy":{"status":"enabled"},"azureADAuthenticationAsArmPolicy":{"status":"enabled"},"softDeletePolicy":{"retentionDays":7,"lastUpdatedTime":"2022-07-11T17:34:54.1904113+00:00","status":"disabled"}},"encryption":{"status":"disabled"},"dataEndpointEnabled":false,"dataEndpointHostNames":[],"privateEndpointConnections":[],"publicNetworkAccess":"Enabled","networkRuleBypassOptions":"AzureServices","zoneRedundancy":"Disabled","anonymousPullEnabled":false}}'
    headers:
      api-supported-versions:
      - 2022-02-01-preview
      azure-asyncoperation:
      - https://management.azure.com/subscriptions/00000000-0000-0000-0000-000000000000/resourceGroups/clitest.rg000001/providers/Microsoft.ContainerRegistry/registries/functionappacrtest000004/operationStatuses/registries-c41be2c4-013f-11ed-8d98-c8348e33fc9f?api-version=2022-02-01-preview
      cache-control:
      - no-cache
      content-length:
      - '1398'
      content-type:
      - application/json; charset=utf-8
      date:
      - Mon, 11 Jul 2022 17:34:54 GMT
      expires:
      - '-1'
      pragma:
      - no-cache
      server:
      - Microsoft-HTTPAPI/2.0
      strict-transport-security:
      - max-age=31536000; includeSubDomains
      x-content-type-options:
      - nosniff
      x-ms-ratelimit-remaining-subscription-writes:
      - '1199'
    status:
      code: 201
      message: Created
- request:
    body: null
    headers:
      Accept:
      - '*/*'
      Accept-Encoding:
      - gzip, deflate
      CommandName:
      - acr create
      Connection:
      - keep-alive
      ParameterSetName:
      - --admin-enabled -g -n --sku
      User-Agent:
      - AZURECLI/2.37.0 azsdk-python-azure-mgmt-containerregistry/10.0.0 Python/3.9.1
        (Windows-10-10.0.22000-SP0)
    method: GET
    uri: https://management.azure.com/subscriptions/00000000-0000-0000-0000-000000000000/resourceGroups/clitest.rg000001/providers/Microsoft.ContainerRegistry/registries/functionappacrtest000004/operationStatuses/registries-c41be2c4-013f-11ed-8d98-c8348e33fc9f?api-version=2022-02-01-preview
  response:
    body:
      string: '{"status":"Succeeded"}'
    headers:
      api-supported-versions:
      - 2022-02-01-preview
      azure-asyncoperation:
      - https://management.azure.com/subscriptions/00000000-0000-0000-0000-000000000000/resourceGroups/clitest.rg000001/providers/Microsoft.ContainerRegistry/registries/functionappacrtest000004/operationStatuses/registries-c41be2c4-013f-11ed-8d98-c8348e33fc9f?api-version=2022-02-01-preview
      cache-control:
      - no-cache
      content-length:
      - '22'
      content-type:
      - application/json; charset=utf-8
      date:
      - Mon, 11 Jul 2022 17:35:04 GMT
      expires:
      - '-1'
      pragma:
      - no-cache
      server:
      - Microsoft-HTTPAPI/2.0
      strict-transport-security:
      - max-age=31536000; includeSubDomains
      transfer-encoding:
      - chunked
      vary:
      - Accept-Encoding
      x-content-type-options:
      - nosniff
    status:
      code: 200
      message: OK
- request:
    body: null
    headers:
      Accept:
      - '*/*'
      Accept-Encoding:
      - gzip, deflate
      CommandName:
      - acr create
      Connection:
      - keep-alive
      ParameterSetName:
      - --admin-enabled -g -n --sku
      User-Agent:
      - AZURECLI/2.37.0 azsdk-python-azure-mgmt-containerregistry/10.0.0 Python/3.9.1
        (Windows-10-10.0.22000-SP0)
    method: GET
    uri: https://management.azure.com/subscriptions/00000000-0000-0000-0000-000000000000/resourceGroups/clitest.rg000001/providers/Microsoft.ContainerRegistry/registries/functionappacrtest000004?api-version=2022-02-01-preview
  response:
    body:
      string: '{"sku":{"name":"Basic","tier":"Basic"},"type":"Microsoft.ContainerRegistry/registries","id":"/subscriptions/00000000-0000-0000-0000-000000000000/resourceGroups/clitest.rg000001/providers/Microsoft.ContainerRegistry/registries/functionappacrtest000004","name":"functionappacrtest000004","location":"eastus","tags":{},"systemData":{"createdBy":"mabenedi@microsoft.com","createdByType":"User","createdAt":"2022-07-11T17:34:52.0112017+00:00","lastModifiedBy":"mabenedi@microsoft.com","lastModifiedByType":"User","lastModifiedAt":"2022-07-11T17:34:52.0112017+00:00"},"properties":{"loginServer":"functionappacrtest000004.azurecr.io","creationDate":"2022-07-11T17:34:52.0112017Z","provisioningState":"Succeeded","adminUserEnabled":true,"policies":{"quarantinePolicy":{"status":"disabled"},"trustPolicy":{"type":"Notary","status":"disabled"},"retentionPolicy":{"days":7,"lastUpdatedTime":"2022-07-11T17:34:54.1904113+00:00","status":"disabled"},"exportPolicy":{"status":"enabled"},"azureADAuthenticationAsArmPolicy":{"status":"enabled"},"softDeletePolicy":{"retentionDays":7,"lastUpdatedTime":"2022-07-11T17:34:54.1904113+00:00","status":"disabled"}},"encryption":{"status":"disabled"},"dataEndpointEnabled":false,"dataEndpointHostNames":[],"privateEndpointConnections":[],"publicNetworkAccess":"Enabled","networkRuleBypassOptions":"AzureServices","zoneRedundancy":"Disabled","anonymousPullEnabled":false}}'
    headers:
      api-supported-versions:
      - 2022-02-01-preview
      cache-control:
      - no-cache
      content-length:
      - '1399'
      content-type:
      - application/json; charset=utf-8
      date:
      - Mon, 11 Jul 2022 17:35:05 GMT
      expires:
      - '-1'
      pragma:
      - no-cache
      server:
      - Microsoft-HTTPAPI/2.0
      strict-transport-security:
      - max-age=31536000; includeSubDomains
      transfer-encoding:
      - chunked
      vary:
      - Accept-Encoding
      x-content-type-options:
      - nosniff
    status:
      code: 200
      message: OK
- request:
    body: null
    headers:
      Accept:
      - application/json
      Accept-Encoding:
      - gzip, deflate
      CommandName:
      - appservice plan create
      Connection:
      - keep-alive
      ParameterSetName:
      - -g -n --sku --is-linux
      User-Agent:
      - AZURECLI/2.37.0 azsdk-python-azure-mgmt-resource/21.1.0b1 Python/3.9.1 (Windows-10-10.0.22000-SP0)
    method: GET
    uri: https://management.azure.com/subscriptions/00000000-0000-0000-0000-000000000000/resourcegroups/clitest.rg000001?api-version=2021-04-01
  response:
    body:
      string: '{"id":"/subscriptions/00000000-0000-0000-0000-000000000000/resourceGroups/clitest.rg000001","name":"clitest.rg000001","type":"Microsoft.Resources/resourceGroups","location":"eastus","tags":{"product":"azurecli","cause":"automation","date":"2022-07-11T17:34:23Z"},"properties":{"provisioningState":"Succeeded"}}'
    headers:
      cache-control:
      - no-cache
      content-length:
      - '310'
      content-type:
      - application/json; charset=utf-8
      date:
      - Mon, 11 Jul 2022 17:35:05 GMT
      expires:
      - '-1'
      pragma:
      - no-cache
      strict-transport-security:
      - max-age=31536000; includeSubDomains
      vary:
      - Accept-Encoding
      x-content-type-options:
      - nosniff
    status:
      code: 200
      message: OK
- request:
    body: '{"location": "eastus", "sku": {"name": "S1", "tier": "STANDARD", "capacity":
      1}, "properties": {"perSiteScaling": false, "reserved": true, "isXenon": false,
      "zoneRedundant": false}}'
    headers:
      Accept:
      - application/json
      Accept-Encoding:
      - gzip, deflate
      CommandName:
      - appservice plan create
      Connection:
      - keep-alive
      Content-Length:
      - '181'
      Content-Type:
      - application/json
      ParameterSetName:
      - -g -n --sku --is-linux
      User-Agent:
      - AZURECLI/2.37.0 azsdk-python-azure-mgmt-web/6.1.0 Python/3.9.1 (Windows-10-10.0.22000-SP0)
    method: PUT
    uri: https://management.azure.com/subscriptions/00000000-0000-0000-0000-000000000000/resourceGroups/clitest.rg000001/providers/Microsoft.Web/serverfarms/acrtestplanfunction000003?api-version=2021-03-01
  response:
    body:
      string: '{"id":"/subscriptions/00000000-0000-0000-0000-000000000000/resourceGroups/clitest.rg000001/providers/Microsoft.Web/serverfarms/acrtestplanfunction000003","name":"acrtestplanfunction000003","type":"Microsoft.Web/serverfarms","kind":"linux","location":"eastus","properties":{"serverFarmId":17246,"name":"acrtestplanfunction000003","sku":{"name":"S1","tier":"Standard","size":"S1","family":"S","capacity":1},"workerSize":"Default","workerSizeId":0,"workerTierName":null,"numberOfWorkers":1,"currentWorkerSize":"Default","currentWorkerSizeId":0,"currentNumberOfWorkers":1,"status":"Ready","webSpace":"clitest.rg000001-EastUSwebspace-Linux","subscription":"ba5a8b0e-09af-4b94-94df-ccd217b38659","adminSiteName":null,"hostingEnvironment":null,"hostingEnvironmentProfile":null,"maximumNumberOfWorkers":0,"planName":"VirtualDedicatedPlan","adminRuntimeSiteName":null,"computeMode":"Dedicated","siteMode":null,"geoRegion":"East
        US","perSiteScaling":false,"elasticScaleEnabled":false,"maximumElasticWorkerCount":1,"numberOfSites":0,"hostingEnvironmentId":null,"isSpot":false,"spotExpirationTime":null,"freeOfferExpirationTime":null,"tags":null,"kind":"linux","resourceGroup":"clitest.rg000001","reserved":true,"isXenon":false,"hyperV":false,"mdmId":"waws-prod-blu-341_17246","targetWorkerCount":0,"targetWorkerSizeId":0,"provisioningState":"Succeeded","webSiteId":null,"existingServerFarmIds":null,"kubeEnvironmentProfile":null,"zoneRedundant":false},"sku":{"name":"S1","tier":"Standard","size":"S1","family":"S","capacity":1}}'
    headers:
      cache-control:
      - no-cache
      content-length:
      - '1517'
      content-type:
      - application/json
      date:
      - Mon, 11 Jul 2022 17:35:23 GMT
      etag:
      - '"1D8954C98DCF420"'
      expires:
      - '-1'
      pragma:
      - no-cache
      server:
      - Microsoft-IIS/10.0
      strict-transport-security:
      - max-age=31536000; includeSubDomains
      transfer-encoding:
      - chunked
      vary:
      - Accept-Encoding
      x-aspnet-version:
      - 4.0.30319
      x-content-type-options:
      - nosniff
      x-ms-ratelimit-remaining-subscription-writes:
      - '1199'
      x-powered-by:
      - ASP.NET
    status:
      code: 200
      message: OK
- request:
    body: null
    headers:
      Accept:
      - application/json
      Accept-Encoding:
      - gzip, deflate
      CommandName:
      - functionapp create
      Connection:
      - keep-alive
      ParameterSetName:
      - -g -n -s --plan --functions-version --runtime
      User-Agent:
      - AZURECLI/2.37.0 azsdk-python-azure-mgmt-web/6.1.0 Python/3.9.1 (Windows-10-10.0.22000-SP0)
    method: GET
    uri: https://management.azure.com/subscriptions/00000000-0000-0000-0000-000000000000/resourceGroups/clitest.rg000001/providers/Microsoft.Web/serverfarms/acrtestplanfunction000003?api-version=2021-03-01
  response:
    body:
      string: '{"id":"/subscriptions/00000000-0000-0000-0000-000000000000/resourceGroups/clitest.rg000001/providers/Microsoft.Web/serverfarms/acrtestplanfunction000003","name":"acrtestplanfunction000003","type":"Microsoft.Web/serverfarms","kind":"linux","location":"East
        US","properties":{"serverFarmId":17246,"name":"acrtestplanfunction000003","workerSize":"Default","workerSizeId":0,"workerTierName":null,"numberOfWorkers":1,"currentWorkerSize":"Default","currentWorkerSizeId":0,"currentNumberOfWorkers":1,"status":"Ready","webSpace":"clitest.rg000001-EastUSwebspace-Linux","subscription":"ba5a8b0e-09af-4b94-94df-ccd217b38659","adminSiteName":null,"hostingEnvironment":null,"hostingEnvironmentProfile":null,"maximumNumberOfWorkers":10,"planName":"VirtualDedicatedPlan","adminRuntimeSiteName":null,"computeMode":"Dedicated","siteMode":null,"geoRegion":"East
        US","perSiteScaling":false,"elasticScaleEnabled":false,"maximumElasticWorkerCount":1,"numberOfSites":0,"hostingEnvironmentId":null,"isSpot":false,"spotExpirationTime":null,"freeOfferExpirationTime":null,"tags":null,"kind":"linux","resourceGroup":"clitest.rg000001","reserved":true,"isXenon":false,"hyperV":false,"mdmId":"waws-prod-blu-341_17246","targetWorkerCount":0,"targetWorkerSizeId":0,"provisioningState":"Succeeded","webSiteId":null,"existingServerFarmIds":null,"kubeEnvironmentProfile":null,"zoneRedundant":false},"sku":{"name":"S1","tier":"Standard","size":"S1","family":"S","capacity":1}}'
    headers:
      cache-control:
      - no-cache
      content-length:
      - '1443'
      content-type:
      - application/json
      date:
      - Mon, 11 Jul 2022 17:35:23 GMT
      expires:
      - '-1'
      pragma:
      - no-cache
      server:
      - Microsoft-IIS/10.0
      strict-transport-security:
      - max-age=31536000; includeSubDomains
      transfer-encoding:
      - chunked
      vary:
      - Accept-Encoding
      x-aspnet-version:
      - 4.0.30319
      x-content-type-options:
      - nosniff
      x-powered-by:
      - ASP.NET
    status:
      code: 200
      message: OK
- request:
    body: null
    headers:
      Accept:
      - application/json
      Accept-Encoding:
      - gzip, deflate
      CommandName:
      - functionapp create
      Connection:
      - keep-alive
      ParameterSetName:
      - -g -n -s --plan --functions-version --runtime
      User-Agent:
      - AZURECLI/2.37.0 azsdk-python-azure-mgmt-web/6.1.0 Python/3.9.1 (Windows-10-10.0.22000-SP0)
    method: GET
    uri: https://management.azure.com/providers/Microsoft.Web/functionAppStacks?api-version=2021-01-01
  response:
    body:
      string: '{"value":[{"id":null,"name":"dotnet","type":"Microsoft.Web/functionAppStacks?stackOsType=All","properties":{"displayText":".NET","value":"dotnet","preferredOs":"windows","majorVersions":[{"displayText":".NET
        6","value":"dotnet6","minorVersions":[{"displayText":".NET 6","value":"6","stackSettings":{"windowsRuntimeSettings":{"runtimeVersion":"v6.0","isDefault":true,"remoteDebuggingSupported":false,"appInsightsSettings":{"isSupported":true},"gitHubActionSettings":{"isSupported":true,"supportedVersion":"6.0.x"},"appSettingsDictionary":{"FUNCTIONS_WORKER_RUNTIME":"dotnet"},"siteConfigPropertiesDictionary":{"use32BitWorkerProcess":true,"netFrameworkVersion":"v6.0"},"supportedFunctionsExtensionVersions":["~4"]},"linuxRuntimeSettings":{"runtimeVersion":"DOTNET|6.0","isDefault":true,"remoteDebuggingSupported":false,"appInsightsSettings":{"isSupported":true},"gitHubActionSettings":{"isSupported":true,"supportedVersion":"6.0.x"},"appSettingsDictionary":{"FUNCTIONS_WORKER_RUNTIME":"dotnet"},"siteConfigPropertiesDictionary":{"use32BitWorkerProcess":true,"linuxFxVersion":"DOTNET|6.0"},"supportedFunctionsExtensionVersions":["~4"]}}}]},{"displayText":".NET
        6 Isolated","value":"dotnet6isolated","minorVersions":[{"displayText":".NET
        6 Isolated","value":"6 Isolated","stackSettings":{"windowsRuntimeSettings":{"runtimeVersion":"v6.0","isHidden":true,"remoteDebuggingSupported":false,"appInsightsSettings":{"isSupported":true},"gitHubActionSettings":{"isSupported":true,"supportedVersion":"6.0.x"},"appSettingsDictionary":{"FUNCTIONS_WORKER_RUNTIME":"dotnet-isolated"},"siteConfigPropertiesDictionary":{"use32BitWorkerProcess":true,"netFrameworkVersion":"v6.0"},"supportedFunctionsExtensionVersions":["~4"]},"linuxRuntimeSettings":{"runtimeVersion":"DOTNET-ISOLATED|6.0","isHidden":true,"remoteDebuggingSupported":false,"appInsightsSettings":{"isSupported":true},"gitHubActionSettings":{"isSupported":true,"supportedVersion":"6.0.x"},"appSettingsDictionary":{"FUNCTIONS_WORKER_RUNTIME":"dotnet-isolated"},"siteConfigPropertiesDictionary":{"use32BitWorkerProcess":true,"linuxFxVersion":"DOTNET-ISOLATED|6.0"},"supportedFunctionsExtensionVersions":["~4"]}}}]},{"displayText":".NET
        5 (non-LTS)","value":"dotnet5","minorVersions":[{"displayText":".NET 5 (non-LTS)","value":"5
        (non-LTS)","stackSettings":{"windowsRuntimeSettings":{"runtimeVersion":"v5.0","isHidden":true,"remoteDebuggingSupported":false,"appInsightsSettings":{"isSupported":true},"gitHubActionSettings":{"isSupported":true,"supportedVersion":"5.0.x"},"appSettingsDictionary":{"FUNCTIONS_WORKER_RUNTIME":"dotnet-isolated"},"siteConfigPropertiesDictionary":{"use32BitWorkerProcess":true},"supportedFunctionsExtensionVersions":["~3"]},"linuxRuntimeSettings":{"runtimeVersion":"DOTNET-ISOLATED|5.0","isHidden":true,"remoteDebuggingSupported":false,"appInsightsSettings":{"isSupported":true},"gitHubActionSettings":{"isSupported":true,"supportedVersion":"5.0.x"},"appSettingsDictionary":{"FUNCTIONS_WORKER_RUNTIME":"dotnet-isolated"},"siteConfigPropertiesDictionary":{"use32BitWorkerProcess":true,"linuxFxVersion":"DOTNET-ISOLATED|5.0"},"supportedFunctionsExtensionVersions":["~3"]}}}]},{"displayText":".NET
        Core 3","value":"dotnetcore3","minorVersions":[{"displayText":".NET Core 3.1","value":"3.1","stackSettings":{"windowsRuntimeSettings":{"runtimeVersion":"3.1","appInsightsSettings":{"isSupported":true},"remoteDebuggingSupported":false,"gitHubActionSettings":{"isSupported":true,"supportedVersion":"3.1.301"},"appSettingsDictionary":{"FUNCTIONS_WORKER_RUNTIME":"dotnet"},"siteConfigPropertiesDictionary":{"use32BitWorkerProcess":true},"supportedFunctionsExtensionVersions":["~3"]},"linuxRuntimeSettings":{"runtimeVersion":"dotnet|3.1","appInsightsSettings":{"isSupported":true},"remoteDebuggingSupported":false,"gitHubActionSettings":{"isSupported":true,"supportedVersion":"3.1.301"},"appSettingsDictionary":{"FUNCTIONS_WORKER_RUNTIME":"dotnet"},"siteConfigPropertiesDictionary":{"use32BitWorkerProcess":false,"linuxFxVersion":"dotnet|3.1"},"supportedFunctionsExtensionVersions":["~3"]}}}]},{"displayText":".NET
        Core 2","value":"dotnetcore2","minorVersions":[{"displayText":".NET Core 2.2","value":"2.2","stackSettings":{"windowsRuntimeSettings":{"runtimeVersion":"2.2","appInsightsSettings":{"isSupported":true},"remoteDebuggingSupported":false,"gitHubActionSettings":{"isSupported":true,"supportedVersion":"2.2.207"},"appSettingsDictionary":{"FUNCTIONS_WORKER_RUNTIME":"dotnet"},"siteConfigPropertiesDictionary":{"use32BitWorkerProcess":true},"supportedFunctionsExtensionVersions":["~2"]},"linuxRuntimeSettings":{"runtimeVersion":"dotnet|2.2","appInsightsSettings":{"isSupported":true},"remoteDebuggingSupported":false,"gitHubActionSettings":{"isSupported":true,"supportedVersion":"2.2.207"},"appSettingsDictionary":{"FUNCTIONS_WORKER_RUNTIME":"dotnet"},"siteConfigPropertiesDictionary":{"use32BitWorkerProcess":false,"linuxFxVersion":"dotnet|2.2"},"supportedFunctionsExtensionVersions":["~2"]}}}]},{"displayText":".NET
        Framework 4","value":"dotnetframework4","minorVersions":[{"displayText":".NET
        Framework 4.7","value":"4.7","stackSettings":{"windowsRuntimeSettings":{"runtimeVersion":"4.7","remoteDebuggingSupported":false,"appInsightsSettings":{"isSupported":true},"gitHubActionSettings":{"isSupported":false},"appSettingsDictionary":{},"siteConfigPropertiesDictionary":{"use32BitWorkerProcess":true},"supportedFunctionsExtensionVersions":["~1"]}}}]}]}},{"id":null,"name":"node","type":"Microsoft.Web/functionAppStacks?stackOsType=All","properties":{"displayText":"Node.js","value":"node","preferredOs":"windows","majorVersions":[{"displayText":"Node.js
        16","value":"16","minorVersions":[{"displayText":"Node.js 16 LTS","value":"16
        LTS","stackSettings":{"windowsRuntimeSettings":{"runtimeVersion":"~16","isPreview":false,"remoteDebuggingSupported":false,"appInsightsSettings":{"isSupported":true},"gitHubActionSettings":{"isSupported":true,"supportedVersion":"16.x"},"appSettingsDictionary":{"FUNCTIONS_WORKER_RUNTIME":"node","WEBSITE_NODE_DEFAULT_VERSION":"~16"},"siteConfigPropertiesDictionary":{"use32BitWorkerProcess":true,"netFrameworkVersion":"v6.0"},"supportedFunctionsExtensionVersions":["~4"]},"linuxRuntimeSettings":{"runtimeVersion":"Node|16","isPreview":false,"remoteDebuggingSupported":false,"appInsightsSettings":{"isSupported":true},"gitHubActionSettings":{"isSupported":true,"supportedVersion":"16.x"},"appSettingsDictionary":{"FUNCTIONS_WORKER_RUNTIME":"node"},"siteConfigPropertiesDictionary":{"use32BitWorkerProcess":false,"linuxFxVersion":"Node|16"},"supportedFunctionsExtensionVersions":["~4"]}}}]},{"displayText":"Node.js
        14","value":"14","minorVersions":[{"displayText":"Node.js 14 LTS","value":"14
        LTS","stackSettings":{"windowsRuntimeSettings":{"runtimeVersion":"~14","remoteDebuggingSupported":false,"appInsightsSettings":{"isSupported":true},"gitHubActionSettings":{"isSupported":true,"supportedVersion":"14.x"},"appSettingsDictionary":{"FUNCTIONS_WORKER_RUNTIME":"node","WEBSITE_NODE_DEFAULT_VERSION":"~14"},"siteConfigPropertiesDictionary":{"use32BitWorkerProcess":true,"netFrameworkVersion":"v6.0"},"supportedFunctionsExtensionVersions":["~4","~3"]},"linuxRuntimeSettings":{"runtimeVersion":"Node|14","remoteDebuggingSupported":false,"appInsightsSettings":{"isSupported":true},"gitHubActionSettings":{"isSupported":true,"supportedVersion":"14.x"},"appSettingsDictionary":{"FUNCTIONS_WORKER_RUNTIME":"node"},"siteConfigPropertiesDictionary":{"use32BitWorkerProcess":false,"linuxFxVersion":"Node|14"},"supportedFunctionsExtensionVersions":["~4","~3"]}}}]},{"displayText":"Node.js
        12","value":"12","minorVersions":[{"displayText":"Node.js 12 LTS","value":"12
        LTS","stackSettings":{"windowsRuntimeSettings":{"runtimeVersion":"~12","remoteDebuggingSupported":false,"appInsightsSettings":{"isSupported":true},"gitHubActionSettings":{"isSupported":true,"supportedVersion":"12.x"},"appSettingsDictionary":{"FUNCTIONS_WORKER_RUNTIME":"node","WEBSITE_NODE_DEFAULT_VERSION":"~12"},"siteConfigPropertiesDictionary":{"use32BitWorkerProcess":true},"supportedFunctionsExtensionVersions":["~3"]},"linuxRuntimeSettings":{"runtimeVersion":"Node|12","remoteDebuggingSupported":false,"appInsightsSettings":{"isSupported":true},"gitHubActionSettings":{"isSupported":true,"supportedVersion":"12.x"},"appSettingsDictionary":{"FUNCTIONS_WORKER_RUNTIME":"node"},"siteConfigPropertiesDictionary":{"use32BitWorkerProcess":false,"linuxFxVersion":"Node|12"},"supportedFunctionsExtensionVersions":["~3"]}}}]},{"displayText":"Node.js
        10","value":"10","minorVersions":[{"displayText":"Node.js 10 LTS","value":"10
        LTS","stackSettings":{"windowsRuntimeSettings":{"runtimeVersion":"~10","isDeprecated":true,"remoteDebuggingSupported":false,"appInsightsSettings":{"isSupported":true},"gitHubActionSettings":{"isSupported":true,"supportedVersion":"10.x"},"appSettingsDictionary":{"FUNCTIONS_WORKER_RUNTIME":"node","WEBSITE_NODE_DEFAULT_VERSION":"~10"},"siteConfigPropertiesDictionary":{"use32BitWorkerProcess":true},"supportedFunctionsExtensionVersions":["~2","~3"]},"linuxRuntimeSettings":{"runtimeVersion":"Node|10","isDeprecated":true,"remoteDebuggingSupported":false,"appInsightsSettings":{"isSupported":true},"gitHubActionSettings":{"isSupported":true,"supportedVersion":"10.x"},"appSettingsDictionary":{"FUNCTIONS_WORKER_RUNTIME":"node"},"siteConfigPropertiesDictionary":{"use32BitWorkerProcess":false,"linuxFxVersion":"Node|10"},"supportedFunctionsExtensionVersions":["~2","~3"]}}}]},{"displayText":"Node.js
        8","value":"8","minorVersions":[{"displayText":"Node.js 8 LTS","value":"8
        LTS","stackSettings":{"windowsRuntimeSettings":{"runtimeVersion":"~8","remoteDebuggingSupported":false,"appInsightsSettings":{"isSupported":true},"gitHubActionSettings":{"isSupported":true,"supportedVersion":"8.x"},"appSettingsDictionary":{"FUNCTIONS_WORKER_RUNTIME":"node","WEBSITE_NODE_DEFAULT_VERSION":"~8"},"siteConfigPropertiesDictionary":{"use32BitWorkerProcess":true},"supportedFunctionsExtensionVersions":["~2"]}}}]},{"displayText":"Node.js
        6","value":"6","minorVersions":[{"displayText":"Node.js 6 LTS","value":"6
        LTS","stackSettings":{"windowsRuntimeSettings":{"runtimeVersion":"~6","remoteDebuggingSupported":false,"appInsightsSettings":{"isSupported":true},"gitHubActionSettings":{"isSupported":false},"appSettingsDictionary":{"WEBSITE_NODE_DEFAULT_VERSION":"~6"},"siteConfigPropertiesDictionary":{"use32BitWorkerProcess":true},"supportedFunctionsExtensionVersions":["~1"]}}}]}]}},{"id":null,"name":"python","type":"Microsoft.Web/functionAppStacks?stackOsType=All","properties":{"displayText":"Python","value":"python","preferredOs":"linux","majorVersions":[{"displayText":"Python
        3","value":"3","minorVersions":[{"displayText":"Python 3.10","value":"3.10","stackSettings":{"linuxRuntimeSettings":{"runtimeVersion":"Python|3.10","remoteDebuggingSupported":false,"isPreview":true,"isDefault":false,"isHidden":true,"appInsightsSettings":{"isSupported":true},"gitHubActionSettings":{"isSupported":true,"supportedVersion":"3.10"},"appSettingsDictionary":{"FUNCTIONS_WORKER_RUNTIME":"python"},"siteConfigPropertiesDictionary":{"use32BitWorkerProcess":false,"linuxFxVersion":"Python|3.10"},"supportedFunctionsExtensionVersions":["~4"]}}},{"displayText":"Python
        3.9","value":"3.9","stackSettings":{"linuxRuntimeSettings":{"runtimeVersion":"Python|3.9","remoteDebuggingSupported":false,"isPreview":false,"isDefault":false,"appInsightsSettings":{"isSupported":true},"gitHubActionSettings":{"isSupported":true,"supportedVersion":"3.9"},"appSettingsDictionary":{"FUNCTIONS_WORKER_RUNTIME":"python"},"siteConfigPropertiesDictionary":{"use32BitWorkerProcess":false,"linuxFxVersion":"Python|3.9"},"supportedFunctionsExtensionVersions":["~4","~3"]}}},{"displayText":"Python
        3.8","value":"3.8","stackSettings":{"linuxRuntimeSettings":{"runtimeVersion":"Python|3.8","remoteDebuggingSupported":false,"appInsightsSettings":{"isSupported":true},"gitHubActionSettings":{"isSupported":true,"supportedVersion":"3.8"},"appSettingsDictionary":{"FUNCTIONS_WORKER_RUNTIME":"python"},"siteConfigPropertiesDictionary":{"use32BitWorkerProcess":false,"linuxFxVersion":"Python|3.8"},"supportedFunctionsExtensionVersions":["~4","~3"]}}},{"displayText":"Python
        3.7","value":"3.7","stackSettings":{"linuxRuntimeSettings":{"runtimeVersion":"Python|3.7","remoteDebuggingSupported":false,"appInsightsSettings":{"isSupported":true},"gitHubActionSettings":{"isSupported":true,"supportedVersion":"3.7"},"appSettingsDictionary":{"FUNCTIONS_WORKER_RUNTIME":"python"},"siteConfigPropertiesDictionary":{"use32BitWorkerProcess":false,"linuxFxVersion":"Python|3.7"},"supportedFunctionsExtensionVersions":["~4","~3","~2"]}}},{"displayText":"Python
        3.6","value":"3.6","stackSettings":{"linuxRuntimeSettings":{"runtimeVersion":"Python|3.6","isDeprecated":true,"remoteDebuggingSupported":false,"appInsightsSettings":{"isSupported":true},"gitHubActionSettings":{"isSupported":true,"supportedVersion":"3.6"},"appSettingsDictionary":{"FUNCTIONS_WORKER_RUNTIME":"python"},"siteConfigPropertiesDictionary":{"use32BitWorkerProcess":false,"linuxFxVersion":"Python|3.6"},"supportedFunctionsExtensionVersions":["~2","~3"]}}}]}]}},{"id":null,"name":"java","type":"Microsoft.Web/functionAppStacks?stackOsType=All","properties":{"displayText":"Java","value":"java","preferredOs":"windows","majorVersions":[{"displayText":"Java
        11","value":"11","minorVersions":[{"displayText":"Java 11","value":"11.0","stackSettings":{"windowsRuntimeSettings":{"runtimeVersion":"11","isAutoUpdate":true,"remoteDebuggingSupported":false,"appInsightsSettings":{"isSupported":true},"gitHubActionSettings":{"isSupported":true,"supportedVersion":"11"},"appSettingsDictionary":{"FUNCTIONS_WORKER_RUNTIME":"java"},"siteConfigPropertiesDictionary":{"use32BitWorkerProcess":true,"javaVersion":"11","netFrameworkVersion":"v6.0"},"supportedFunctionsExtensionVersions":["~4","~3"]},"linuxRuntimeSettings":{"runtimeVersion":"Java|11","isAutoUpdate":true,"remoteDebuggingSupported":false,"appInsightsSettings":{"isSupported":true},"gitHubActionSettings":{"isSupported":true,"supportedVersion":"11"},"appSettingsDictionary":{"FUNCTIONS_WORKER_RUNTIME":"java"},"siteConfigPropertiesDictionary":{"use32BitWorkerProcess":false,"linuxFxVersion":"Java|11"},"supportedFunctionsExtensionVersions":["~4","~3"]}}}]},{"displayText":"Java
        8","value":"8","minorVersions":[{"displayText":"Java 8","value":"8.0","stackSettings":{"windowsRuntimeSettings":{"runtimeVersion":"1.8","isAutoUpdate":true,"isDefault":true,"remoteDebuggingSupported":false,"appInsightsSettings":{"isSupported":true},"gitHubActionSettings":{"isSupported":true,"supportedVersion":"8"},"appSettingsDictionary":{"FUNCTIONS_WORKER_RUNTIME":"java"},"siteConfigPropertiesDictionary":{"use32BitWorkerProcess":true,"javaVersion":"1.8","netFrameworkVersion":"v6.0"},"supportedFunctionsExtensionVersions":["~4","~3","~2"]},"linuxRuntimeSettings":{"runtimeVersion":"Java|8","isAutoUpdate":true,"isDefault":true,"remoteDebuggingSupported":false,"appInsightsSettings":{"isSupported":true},"gitHubActionSettings":{"isSupported":true,"supportedVersion":"8"},"appSettingsDictionary":{"FUNCTIONS_WORKER_RUNTIME":"java"},"siteConfigPropertiesDictionary":{"use32BitWorkerProcess":false,"linuxFxVersion":"Java|8"},"supportedFunctionsExtensionVersions":["~4","~3"]}}}]}]}},{"id":null,"name":"powershell","type":"Microsoft.Web/functionAppStacks?stackOsType=All","properties":{"displayText":"PowerShell
        Core","value":"powershell","preferredOs":"windows","majorVersions":[{"displayText":"PowerShell
        7","value":"7","minorVersions":[{"displayText":"PowerShell 7.2","value":"7.2","stackSettings":{"windowsRuntimeSettings":{"runtimeVersion":"7.2","isPreview":false,"isHidden":false,"remoteDebuggingSupported":false,"appInsightsSettings":{"isSupported":true},"gitHubActionSettings":{"isSupported":true},"appSettingsDictionary":{"FUNCTIONS_WORKER_RUNTIME":"powershell"},"siteConfigPropertiesDictionary":{"use32BitWorkerProcess":true,"powerShellVersion":"7.2","netFrameworkVersion":"v6.0"},"supportedFunctionsExtensionVersions":["~4"]},"linuxRuntimeSettings":{"runtimeVersion":"PowerShell|7.2","isPreview":false,"isHidden":false,"remoteDebuggingSupported":false,"appInsightsSettings":{"isSupported":true},"gitHubActionSettings":{"isSupported":true},"appSettingsDictionary":{"FUNCTIONS_WORKER_RUNTIME":"powershell"},"siteConfigPropertiesDictionary":{"use32BitWorkerProcess":false,"linuxFxVersion":"PowerShell|7.2"},"supportedFunctionsExtensionVersions":["~4"]}}},{"displayText":"PowerShell
        7.0","value":"7.0","stackSettings":{"windowsRuntimeSettings":{"runtimeVersion":"~7","remoteDebuggingSupported":false,"appInsightsSettings":{"isSupported":true},"gitHubActionSettings":{"isSupported":true},"appSettingsDictionary":{"FUNCTIONS_WORKER_RUNTIME":"powershell"},"siteConfigPropertiesDictionary":{"use32BitWorkerProcess":true,"powerShellVersion":"~7","netFrameworkVersion":"v6.0"},"supportedFunctionsExtensionVersions":["~4","~3"]},"linuxRuntimeSettings":{"runtimeVersion":"PowerShell|7","isAutoUpdate":true,"isPreview":false,"remoteDebuggingSupported":false,"appInsightsSettings":{"isSupported":true},"gitHubActionSettings":{"isSupported":true},"appSettingsDictionary":{"FUNCTIONS_WORKER_RUNTIME":"powershell"},"siteConfigPropertiesDictionary":{"use32BitWorkerProcess":false,"linuxFxVersion":"PowerShell|7"},"supportedFunctionsExtensionVersions":["~4"]}}}]},{"displayText":"PowerShell
        Core 6","value":"6","minorVersions":[{"displayText":"PowerShell Core 6.2","value":"6.2","stackSettings":{"windowsRuntimeSettings":{"runtimeVersion":"~6","remoteDebuggingSupported":false,"appInsightsSettings":{"isSupported":true},"gitHubActionSettings":{"isSupported":true},"appSettingsDictionary":{"FUNCTIONS_WORKER_RUNTIME":"powershell"},"siteConfigPropertiesDictionary":{"use32BitWorkerProcess":true,"powerShellVersion":"~6"},"isDeprecated":true,"supportedFunctionsExtensionVersions":["~2","~3"],"endOfLifeDate":"2020-10-04T00:00:00Z"}}}]}]}},{"id":null,"name":"custom","type":"Microsoft.Web/functionAppStacks?stackOsType=All","properties":{"displayText":"Custom
        Handler","value":"custom","preferredOs":"windows","majorVersions":[{"displayText":"Custom
        Handler","value":"custom","minorVersions":[{"displayText":"Custom Handler","value":"custom","stackSettings":{"windowsRuntimeSettings":{"runtimeVersion":"custom","appInsightsSettings":{"isSupported":true},"remoteDebuggingSupported":false,"gitHubActionSettings":{"isSupported":false},"appSettingsDictionary":{"FUNCTIONS_WORKER_RUNTIME":"custom"},"siteConfigPropertiesDictionary":{"use32BitWorkerProcess":true,"netFrameworkVersion":"v6.0"},"supportedFunctionsExtensionVersions":["~4","~3","~2"]},"linuxRuntimeSettings":{"runtimeVersion":"","isPreview":false,"appInsightsSettings":{"isSupported":true},"remoteDebuggingSupported":false,"gitHubActionSettings":{"isSupported":false},"appSettingsDictionary":{"FUNCTIONS_WORKER_RUNTIME":"custom"},"siteConfigPropertiesDictionary":{"use32BitWorkerProcess":false,"linuxFxVersion":""},"supportedFunctionsExtensionVersions":["~4","~3","~2"]}}}]}]}}],"nextLink":null,"id":null}'
    headers:
      cache-control:
      - no-cache
      content-length:
      - '19047'
      content-type:
      - application/json
      date:
      - Mon, 11 Jul 2022 17:35:24 GMT
      expires:
      - '-1'
      pragma:
      - no-cache
      server:
      - Microsoft-IIS/10.0
      strict-transport-security:
      - max-age=31536000; includeSubDomains
      transfer-encoding:
      - chunked
      vary:
      - Accept-Encoding
      x-aspnet-version:
      - 4.0.30319
      x-content-type-options:
      - nosniff
      x-powered-by:
      - ASP.NET
    status:
      code: 200
      message: OK
- request:
    body: null
    headers:
      Accept:
      - application/json
      Accept-Encoding:
      - gzip, deflate
      CommandName:
      - functionapp create
      Connection:
      - keep-alive
      ParameterSetName:
      - -g -n -s --plan --functions-version --runtime
      User-Agent:
      - AZURECLI/2.37.0 azsdk-python-azure-mgmt-storage/20.0.0 Python/3.9.1 (Windows-10-10.0.22000-SP0)
    method: GET
    uri: https://management.azure.com/subscriptions/00000000-0000-0000-0000-000000000000/resourceGroups/clitest.rg000001/providers/Microsoft.Storage/storageAccounts/clitest000002?api-version=2021-09-01
  response:
    body:
      string: '{"sku":{"name":"Standard_LRS","tier":"Standard"},"kind":"Storage","id":"/subscriptions/00000000-0000-0000-0000-000000000000/resourceGroups/clitest.rg000001/providers/Microsoft.Storage/storageAccounts/clitest000002","name":"clitest000002","type":"Microsoft.Storage/storageAccounts","location":"westus","tags":{},"properties":{"keyCreationTime":{"key1":"2022-07-11T17:34:28.3429198Z","key2":"2022-07-11T17:34:28.3429198Z"},"privateEndpointConnections":[],"minimumTlsVersion":"TLS1_0","allowBlobPublicAccess":true,"networkAcls":{"bypass":"AzureServices","virtualNetworkRules":[],"ipRules":[],"defaultAction":"Allow"},"supportsHttpsTrafficOnly":true,"encryption":{"services":{"file":{"keyType":"Account","enabled":true,"lastEnabledTime":"2022-07-11T17:34:28.3429198Z"},"blob":{"keyType":"Account","enabled":true,"lastEnabledTime":"2022-07-11T17:34:28.3429198Z"}},"keySource":"Microsoft.Storage"},"provisioningState":"Succeeded","creationTime":"2022-07-11T17:34:28.2491424Z","primaryEndpoints":{"blob":"https://clitest000002.blob.core.windows.net/","queue":"https://clitest000002.queue.core.windows.net/","table":"https://clitest000002.table.core.windows.net/","file":"https://clitest000002.file.core.windows.net/"},"primaryLocation":"westus","statusOfPrimary":"available"}}'
    headers:
      cache-control:
      - no-cache
      content-length:
      - '1269'
      content-type:
      - application/json
      date:
      - Mon, 11 Jul 2022 17:35:24 GMT
      expires:
      - '-1'
      pragma:
      - no-cache
      server:
      - Microsoft-Azure-Storage-Resource-Provider/1.0,Microsoft-HTTPAPI/2.0 Microsoft-HTTPAPI/2.0
      strict-transport-security:
      - max-age=31536000; includeSubDomains
      transfer-encoding:
      - chunked
      vary:
      - Accept-Encoding
      x-content-type-options:
      - nosniff
    status:
      code: 200
      message: OK
- request:
    body: null
    headers:
      Accept:
      - application/json
      Accept-Encoding:
      - gzip, deflate
      CommandName:
      - functionapp create
      Connection:
      - keep-alive
      Content-Length:
      - '0'
      ParameterSetName:
      - -g -n -s --plan --functions-version --runtime
      User-Agent:
      - AZURECLI/2.37.0 azsdk-python-azure-mgmt-storage/20.0.0 Python/3.9.1 (Windows-10-10.0.22000-SP0)
    method: POST
    uri: https://management.azure.com/subscriptions/00000000-0000-0000-0000-000000000000/resourceGroups/clitest.rg000001/providers/Microsoft.Storage/storageAccounts/clitest000002/listKeys?api-version=2021-09-01&$expand=kerb
  response:
    body:
      string: '{"keys":[{"creationTime":"2022-07-11T17:34:28.3429198Z","keyName":"key1","value":"veryFakedStorageAccountKey==","permissions":"FULL"},{"creationTime":"2022-07-11T17:34:28.3429198Z","keyName":"key2","value":"veryFakedStorageAccountKey==","permissions":"FULL"}]}'
    headers:
      cache-control:
      - no-cache
      content-length:
      - '260'
      content-type:
      - application/json
      date:
      - Mon, 11 Jul 2022 17:35:24 GMT
      expires:
      - '-1'
      pragma:
      - no-cache
      server:
      - Microsoft-Azure-Storage-Resource-Provider/1.0,Microsoft-HTTPAPI/2.0 Microsoft-HTTPAPI/2.0
      strict-transport-security:
      - max-age=31536000; includeSubDomains
      transfer-encoding:
      - chunked
      vary:
      - Accept-Encoding
      x-content-type-options:
      - nosniff
      x-ms-ratelimit-remaining-subscription-resource-requests:
      - '11999'
    status:
      code: 200
      message: OK
- request:
    body: '{"kind": "functionapp,linux", "location": "East US", "properties": {"serverFarmId":
      "acrtestplanfunction000003", "reserved": true, "isXenon": false, "hyperV": false,
      "siteConfig": {"netFrameworkVersion": "v4.6", "linuxFxVersion": "Node|14", "appSettings":
      [{"name": "MACHINEKEY_DecryptionKey", "value": "4EDE7FAE28E11B4950F01FCEF57A9735A320AD4A8F0BD2A351278277036C89AC"},
      {"name": "WEBSITES_ENABLE_APP_SERVICE_STORAGE", "value": "true"}, {"name": "FUNCTIONS_WORKER_RUNTIME",
      "value": "node"}, {"name": "FUNCTIONS_EXTENSION_VERSION", "value": "~3"}, {"name":
      "AzureWebJobsStorage", "value": "DefaultEndpointsProtocol=https;EndpointSuffix=core.windows.net;AccountName=clitest000002;AccountKey=veryFakedStorageAccountKey=="}],
      "use32BitWorkerProcess": false, "alwaysOn": true, "localMySqlEnabled": false,
      "http20Enabled": true}, "scmSiteAlsoStopped": false}}'
    headers:
      Accept:
      - application/json
      Accept-Encoding:
      - gzip, deflate
      CommandName:
      - functionapp create
      Connection:
      - keep-alive
      Content-Length:
      - '855'
      Content-Type:
      - application/json
      ParameterSetName:
      - -g -n -s --plan --functions-version --runtime
      User-Agent:
      - AZURECLI/2.37.0 azsdk-python-azure-mgmt-web/6.1.0 Python/3.9.1 (Windows-10-10.0.22000-SP0)
    method: PUT
    uri: https://management.azure.com/subscriptions/00000000-0000-0000-0000-000000000000/resourceGroups/clitest.rg000001/providers/Microsoft.Web/sites/functionappacrtest000004?api-version=2021-03-01
  response:
    body:
      string: '{"id":"/subscriptions/00000000-0000-0000-0000-000000000000/resourceGroups/clitest.rg000001/providers/Microsoft.Web/sites/functionappacrtest000004","name":"functionappacrtest000004","type":"Microsoft.Web/sites","kind":"functionapp,linux","location":"East
        US","properties":{"name":"functionappacrtest000004","state":"Running","hostNames":["functionappacrtest000004.azurewebsites.net"],"webSpace":"clitest.rg000001-EastUSwebspace-Linux","selfLink":"https://waws-prod-blu-341.api.azurewebsites.windows.net:454/subscriptions/00000000-0000-0000-0000-000000000000/webspaces/clitest.rg000001-EastUSwebspace-Linux/sites/functionappacrtest000004","repositorySiteName":"functionappacrtest000004","owner":null,"usageState":"Normal","enabled":true,"adminEnabled":true,"enabledHostNames":["functionappacrtest000004.azurewebsites.net","functionappacrtest000004.scm.azurewebsites.net"],"siteProperties":{"metadata":null,"properties":[{"name":"LinuxFxVersion","value":"Node|14"},{"name":"WindowsFxVersion","value":null}],"appSettings":null},"availabilityState":"Normal","sslCertificates":null,"csrs":[],"cers":null,"siteMode":null,"hostNameSslStates":[{"name":"functionappacrtest000004.azurewebsites.net","sslState":"Disabled","ipBasedSslResult":null,"virtualIP":null,"thumbprint":null,"toUpdate":null,"toUpdateIpBasedSsl":null,"ipBasedSslState":"NotConfigured","hostType":"Standard"},{"name":"functionappacrtest000004.scm.azurewebsites.net","sslState":"Disabled","ipBasedSslResult":null,"virtualIP":null,"thumbprint":null,"toUpdate":null,"toUpdateIpBasedSsl":null,"ipBasedSslState":"NotConfigured","hostType":"Repository"}],"computeMode":null,"serverFarm":null,"serverFarmId":"/subscriptions/00000000-0000-0000-0000-000000000000/resourceGroups/clitest.rg000001/providers/Microsoft.Web/serverfarms/acrtestplanfunction000003","reserved":true,"isXenon":false,"hyperV":false,"lastModifiedTimeUtc":"2022-07-11T17:35:28.6233333","storageRecoveryDefaultState":"Running","contentAvailabilityState":"Normal","runtimeAvailabilityState":"Normal","vnetRouteAllEnabled":false,"siteConfig":{"numberOfWorkers":1,"defaultDocuments":null,"netFrameworkVersion":null,"phpVersion":null,"pythonVersion":null,"nodeVersion":null,"powerShellVersion":null,"linuxFxVersion":"","windowsFxVersion":null,"requestTracingEnabled":null,"remoteDebuggingEnabled":null,"remoteDebuggingVersion":null,"httpLoggingEnabled":null,"azureMonitorLogCategories":null,"acrUseManagedIdentityCreds":false,"acrUserManagedIdentityID":null,"logsDirectorySizeLimit":null,"detailedErrorLoggingEnabled":null,"publishingUsername":null,"publishingPassword":null,"appSettings":null,"metadata":null,"connectionStrings":null,"machineKey":null,"handlerMappings":null,"documentRoot":null,"scmType":null,"use32BitWorkerProcess":null,"webSocketsEnabled":null,"alwaysOn":false,"javaVersion":null,"javaContainer":null,"javaContainerVersion":null,"appCommandLine":null,"managedPipelineMode":null,"virtualApplications":null,"winAuthAdminState":null,"winAuthTenantState":null,"customAppPoolIdentityAdminState":null,"customAppPoolIdentityTenantState":null,"runtimeADUser":null,"runtimeADUserPassword":null,"loadBalancing":null,"routingRules":null,"experiments":null,"limits":null,"autoHealEnabled":null,"autoHealRules":null,"tracingOptions":null,"vnetName":null,"vnetRouteAllEnabled":null,"vnetPrivatePortsCount":null,"publicNetworkAccess":null,"cors":null,"push":null,"apiDefinition":null,"apiManagementConfig":null,"autoSwapSlotName":null,"localMySqlEnabled":null,"managedServiceIdentityId":null,"xManagedServiceIdentityId":null,"keyVaultReferenceIdentity":null,"ipSecurityRestrictions":[{"ipAddress":"Any","action":"Allow","priority":1,"name":"Allow
        all","description":"Allow all access"}],"scmIpSecurityRestrictions":[{"ipAddress":"Any","action":"Allow","priority":1,"name":"Allow
        all","description":"Allow all access"}],"scmIpSecurityRestrictionsUseMain":null,"http20Enabled":false,"minTlsVersion":null,"minTlsCipherSuite":null,"supportedTlsCipherSuites":null,"scmMinTlsVersion":null,"ftpsState":null,"preWarmedInstanceCount":null,"functionAppScaleLimit":0,"healthCheckPath":null,"fileChangeAuditEnabled":null,"functionsRuntimeScaleMonitoringEnabled":null,"websiteTimeZone":null,"minimumElasticInstanceCount":0,"azureStorageAccounts":null,"http20ProxyFlag":null,"sitePort":null,"antivirusScanEnabled":null,"storageType":null},"deploymentId":"functionappacrtest000004","slotName":null,"trafficManagerHostNames":null,"sku":"Standard","scmSiteAlsoStopped":false,"targetSwapSlot":null,"hostingEnvironment":null,"hostingEnvironmentProfile":null,"clientAffinityEnabled":false,"clientCertEnabled":false,"clientCertMode":"Required","clientCertExclusionPaths":null,"hostNamesDisabled":false,"domainVerificationIdentifiers":null,"customDomainVerificationId":"9B65404E666EE950A663B17CF6908F87B11022238F4BBB9759C7B5D610BF6875","kind":"functionapp,linux","inboundIpAddress":"20.119.16.12","possibleInboundIpAddresses":"20.119.16.12","ftpUsername":"functionappacrtest000004\\$functionappacrtest000004","ftpsHostName":"ftps://waws-prod-blu-341.ftp.azurewebsites.windows.net/site/wwwroot","outboundIpAddresses":"20.121.179.126,20.121.179.236,20.121.179.35,20.121.179.241,20.121.180.23,20.121.180.27,20.119.16.12","possibleOutboundIpAddresses":"20.121.179.126,20.121.179.236,20.121.179.35,20.121.179.241,20.121.180.23,20.121.180.27,20.121.180.29,20.85.132.99,20.121.180.31,20.121.180.35,20.121.180.42,20.85.133.160,20.121.179.54,20.121.180.47,20.121.180.49,20.121.179.64,20.121.180.50,20.85.133.116,20.121.180.53,20.121.180.56,20.121.180.58,20.121.177.240,20.121.180.123,20.121.180.129,20.119.16.12","containerSize":0,"dailyMemoryTimeQuota":0,"suspendedTill":null,"siteDisabledReason":0,"functionExecutionUnitsCache":null,"maxNumberOfWorkers":null,"homeStamp":"waws-prod-blu-341","cloningInfo":null,"hostingEnvironmentId":null,"tags":null,"resourceGroup":"clitest.rg000001","defaultHostName":"functionappacrtest000004.azurewebsites.net","slotSwapStatus":null,"httpsOnly":false,"redundancyMode":"None","inProgressOperationId":null,"geoDistributions":null,"privateEndpointConnections":null,"publicNetworkAccess":null,"buildVersion":null,"targetBuildVersion":null,"migrationState":null,"eligibleLogCategories":"FunctionAppLogs","storageAccountRequired":false,"virtualNetworkSubnetId":null,"keyVaultReferenceIdentity":"SystemAssigned"}}'
    headers:
      cache-control:
      - no-cache
      content-length:
      - '6336'
      content-type:
      - application/json
      date:
      - Mon, 11 Jul 2022 17:35:44 GMT
      etag:
      - '"1D8954C9D4EC02B"'
      expires:
      - '-1'
      pragma:
      - no-cache
      server:
      - Microsoft-IIS/10.0
      strict-transport-security:
      - max-age=31536000; includeSubDomains
      transfer-encoding:
      - chunked
      vary:
      - Accept-Encoding
      x-aspnet-version:
      - 4.0.30319
      x-content-type-options:
      - nosniff
      x-ms-ratelimit-remaining-subscription-resource-requests:
      - '499'
      x-powered-by:
      - ASP.NET
    status:
      code: 200
      message: OK
- request:
    body: '{"location": "East US", "kind": "web", "properties": {"Application_Type":
      "web"}}'
    headers:
      Accept:
      - application/json
      Accept-Encoding:
      - gzip, deflate
      CommandName:
      - functionapp create
      Connection:
      - keep-alive
      Content-Length:
      - '81'
      Content-Type:
      - application/json
      ParameterSetName:
      - -g -n -s --plan --functions-version --runtime
      User-Agent:
      - AZURECLI/2.37.0 azsdk-python-azure-mgmt-applicationinsights/1.0.0 Python/3.9.1
        (Windows-10-10.0.22000-SP0)
    method: PUT
    uri: https://management.azure.com/subscriptions/00000000-0000-0000-0000-000000000000/resourceGroups/clitest.rg000001/providers/Microsoft.Insights/components/functionappacrtest000004?api-version=2015-05-01
  response:
    body:
      string: "{\r\n  \"id\": \"/subscriptions/00000000-0000-0000-0000-000000000000/resourceGroups/clitest.rg000001/providers/microsoft.insights/components/functionappacrtest000004\",\r\n
        \ \"name\": \"functionappacrtest000004\",\r\n  \"type\": \"microsoft.insights/components\",\r\n
        \ \"location\": \"eastus\",\r\n  \"tags\": {},\r\n  \"kind\": \"web\",\r\n
        \ \"etag\": \"\\\"3f01f06a-0000-0100-0000-62cc5f750000\\\"\",\r\n  \"properties\":
        {\r\n    \"ApplicationId\": \"functionappacrtest000004\",\r\n    \"AppId\":
        \"6252e00b-a602-45c6-9a0a-70d64bc25235\",\r\n    \"Application_Type\": \"web\",\r\n
        \   \"Flow_Type\": null,\r\n    \"Request_Source\": null,\r\n    \"InstrumentationKey\":
        \"9dcd4c64-4e09-4599-b7ca-c4cf2be0b68b\",\r\n    \"ConnectionString\": \"InstrumentationKey=9dcd4c64-4e09-4599-b7ca-c4cf2be0b68b;IngestionEndpoint=https://eastus-5.in.applicationinsights.azure.com/;LiveEndpoint=https://eastus.livediagnostics.monitor.azure.com/\",\r\n
        \   \"Name\": \"functionappacrtest000004\",\r\n    \"CreationDate\": \"2022-07-11T17:35:49.2837393+00:00\",\r\n
        \   \"TenantId\": \"ba5a8b0e-09af-4b94-94df-ccd217b38659\",\r\n    \"provisioningState\":
        \"Succeeded\",\r\n    \"SamplingPercentage\": null,\r\n    \"RetentionInDays\":
        90,\r\n    \"IngestionMode\": \"ApplicationInsights\",\r\n    \"publicNetworkAccessForIngestion\":
        \"Enabled\",\r\n    \"publicNetworkAccessForQuery\": \"Enabled\",\r\n    \"Ver\":
        \"v2\"\r\n  }\r\n}"
    headers:
      access-control-expose-headers:
      - Request-Context
      cache-control:
      - no-cache
      content-length:
      - '1273'
      content-type:
      - application/json; charset=utf-8
      date:
      - Mon, 11 Jul 2022 17:35:50 GMT
      expires:
      - '-1'
      pragma:
      - no-cache
      request-context:
      - appId=cid-v1:7f83c1fe-8c94-4d55-9337-4ddc696f61ed
      server:
      - Microsoft-IIS/10.0
      strict-transport-security:
      - max-age=31536000; includeSubDomains
      transfer-encoding:
      - chunked
      vary:
      - Accept-Encoding
      x-content-type-options:
      - nosniff
      x-ms-ratelimit-remaining-subscription-writes:
      - '1199'
      x-powered-by:
      - ASP.NET
    status:
      code: 200
      message: OK
- request:
    body: null
    headers:
      Accept:
      - application/json
      Accept-Encoding:
      - gzip, deflate
      CommandName:
      - functionapp create
      Connection:
      - keep-alive
      Content-Length:
      - '0'
      ParameterSetName:
      - -g -n -s --plan --functions-version --runtime
      User-Agent:
      - AZURECLI/2.37.0 azsdk-python-azure-mgmt-web/6.1.0 Python/3.9.1 (Windows-10-10.0.22000-SP0)
    method: POST
    uri: https://management.azure.com/subscriptions/00000000-0000-0000-0000-000000000000/resourceGroups/clitest.rg000001/providers/Microsoft.Web/sites/functionappacrtest000004/config/appsettings/list?api-version=2021-03-01
  response:
    body:
      string: '{"id":"/subscriptions/00000000-0000-0000-0000-000000000000/resourceGroups/clitest.rg000001/providers/Microsoft.Web/sites/functionappacrtest000004/config/appsettings","name":"appsettings","type":"Microsoft.Web/sites/config","location":"East
        US","properties":{"MACHINEKEY_DecryptionKey":"4EDE7FAE28E11B4950F01FCEF57A9735A320AD4A8F0BD2A351278277036C89AC","WEBSITES_ENABLE_APP_SERVICE_STORAGE":"true","FUNCTIONS_WORKER_RUNTIME":"node","FUNCTIONS_EXTENSION_VERSION":"~3","AzureWebJobsStorage":"DefaultEndpointsProtocol=https;EndpointSuffix=core.windows.net;AccountName=clitest000002;AccountKey=veryFakedStorageAccountKey=="}}'
    headers:
      cache-control:
      - no-cache
      content-length:
      - '620'
      content-type:
      - application/json
      date:
      - Mon, 11 Jul 2022 17:35:51 GMT
      expires:
      - '-1'
      pragma:
      - no-cache
      server:
      - Microsoft-IIS/10.0
      strict-transport-security:
      - max-age=31536000; includeSubDomains
      transfer-encoding:
      - chunked
      vary:
      - Accept-Encoding
      x-aspnet-version:
      - 4.0.30319
      x-content-type-options:
      - nosniff
      x-ms-ratelimit-remaining-subscription-resource-requests:
      - '11999'
      x-powered-by:
      - ASP.NET
    status:
      code: 200
      message: OK
- request:
    body: '{"properties": {"MACHINEKEY_DecryptionKey": "4EDE7FAE28E11B4950F01FCEF57A9735A320AD4A8F0BD2A351278277036C89AC",
      "WEBSITES_ENABLE_APP_SERVICE_STORAGE": "true", "FUNCTIONS_WORKER_RUNTIME": "node",
      "FUNCTIONS_EXTENSION_VERSION": "~3", "AzureWebJobsStorage": "DefaultEndpointsProtocol=https;EndpointSuffix=core.windows.net;AccountName=clitest000002;AccountKey=veryFakedStorageAccountKey==",
      "APPINSIGHTS_INSTRUMENTATIONKEY": "9dcd4c64-4e09-4599-b7ca-c4cf2be0b68b"}}'
    headers:
      Accept:
      - application/json
      Accept-Encoding:
      - gzip, deflate
      CommandName:
      - functionapp create
      Connection:
      - keep-alive
      Content-Length:
      - '461'
      Content-Type:
      - application/json
      ParameterSetName:
      - -g -n -s --plan --functions-version --runtime
      User-Agent:
      - AZURECLI/2.37.0 azsdk-python-azure-mgmt-web/6.1.0 Python/3.9.1 (Windows-10-10.0.22000-SP0)
    method: PUT
    uri: https://management.azure.com/subscriptions/00000000-0000-0000-0000-000000000000/resourceGroups/clitest.rg000001/providers/Microsoft.Web/sites/functionappacrtest000004/config/appsettings?api-version=2021-03-01
  response:
    body:
      string: '{"id":"/subscriptions/00000000-0000-0000-0000-000000000000/resourceGroups/clitest.rg000001/providers/Microsoft.Web/sites/functionappacrtest000004/config/appsettings","name":"appsettings","type":"Microsoft.Web/sites/config","location":"East
        US","properties":{"MACHINEKEY_DecryptionKey":"4EDE7FAE28E11B4950F01FCEF57A9735A320AD4A8F0BD2A351278277036C89AC","WEBSITES_ENABLE_APP_SERVICE_STORAGE":"true","FUNCTIONS_WORKER_RUNTIME":"node","FUNCTIONS_EXTENSION_VERSION":"~3","AzureWebJobsStorage":"DefaultEndpointsProtocol=https;EndpointSuffix=core.windows.net;AccountName=clitest000002;AccountKey=veryFakedStorageAccountKey==","APPINSIGHTS_INSTRUMENTATIONKEY":"9dcd4c64-4e09-4599-b7ca-c4cf2be0b68b"}}'
    headers:
      cache-control:
      - no-cache
      content-length:
      - '692'
      content-type:
      - application/json
      date:
      - Mon, 11 Jul 2022 17:35:52 GMT
      etag:
      - '"1D8954C9D4EC02B"'
      expires:
      - '-1'
      pragma:
      - no-cache
      server:
      - Microsoft-IIS/10.0
      strict-transport-security:
      - max-age=31536000; includeSubDomains
      transfer-encoding:
      - chunked
      vary:
      - Accept-Encoding
      x-aspnet-version:
      - 4.0.30319
      x-content-type-options:
      - nosniff
      x-ms-ratelimit-remaining-subscription-writes:
      - '1199'
      x-powered-by:
      - ASP.NET
    status:
      code: 200
      message: OK
- request:
    body: null
    headers:
      Accept:
      - application/json
      Accept-Encoding:
      - gzip, deflate
      CommandName:
      - acr credential show
      Connection:
      - keep-alive
      ParameterSetName:
      - -n -g
      User-Agent:
      - AZURECLI/2.37.0 azsdk-python-azure-mgmt-containerregistry/10.0.0 Python/3.9.1
        (Windows-10-10.0.22000-SP0)
    method: GET
    uri: https://management.azure.com/subscriptions/00000000-0000-0000-0000-000000000000/resourceGroups/clitest.rg000001/providers/Microsoft.ContainerRegistry/registries/functionappacrtest000004?api-version=2022-02-01-preview
  response:
    body:
      string: '{"sku":{"name":"Basic","tier":"Basic"},"type":"Microsoft.ContainerRegistry/registries","id":"/subscriptions/00000000-0000-0000-0000-000000000000/resourceGroups/clitest.rg000001/providers/Microsoft.ContainerRegistry/registries/functionappacrtest000004","name":"functionappacrtest000004","location":"eastus","tags":{},"systemData":{"createdBy":"mabenedi@microsoft.com","createdByType":"User","createdAt":"2022-07-11T17:34:52.0112017+00:00","lastModifiedBy":"mabenedi@microsoft.com","lastModifiedByType":"User","lastModifiedAt":"2022-07-11T17:34:52.0112017+00:00"},"properties":{"loginServer":"functionappacrtest000004.azurecr.io","creationDate":"2022-07-11T17:34:52.0112017Z","provisioningState":"Succeeded","adminUserEnabled":true,"policies":{"quarantinePolicy":{"status":"disabled"},"trustPolicy":{"type":"Notary","status":"disabled"},"retentionPolicy":{"days":7,"lastUpdatedTime":"2022-07-11T17:34:54.1904113+00:00","status":"disabled"},"exportPolicy":{"status":"enabled"},"azureADAuthenticationAsArmPolicy":{"status":"enabled"},"softDeletePolicy":{"retentionDays":7,"lastUpdatedTime":"2022-07-11T17:34:54.1904113+00:00","status":"disabled"}},"encryption":{"status":"disabled"},"dataEndpointEnabled":false,"dataEndpointHostNames":[],"privateEndpointConnections":[],"publicNetworkAccess":"Enabled","networkRuleBypassOptions":"AzureServices","zoneRedundancy":"Disabled","anonymousPullEnabled":false}}'
    headers:
      api-supported-versions:
      - 2022-02-01-preview
      cache-control:
      - no-cache
      content-length:
      - '1399'
      content-type:
      - application/json; charset=utf-8
      date:
      - Mon, 11 Jul 2022 17:35:52 GMT
      expires:
      - '-1'
      pragma:
      - no-cache
      server:
      - Microsoft-HTTPAPI/2.0
      strict-transport-security:
      - max-age=31536000; includeSubDomains
      transfer-encoding:
      - chunked
      vary:
      - Accept-Encoding
      x-content-type-options:
      - nosniff
    status:
      code: 200
      message: OK
- request:
    body: null
    headers:
      Accept:
      - application/json
      Accept-Encoding:
      - gzip, deflate
      CommandName:
      - acr credential show
      Connection:
      - keep-alive
      Content-Length:
      - '0'
      ParameterSetName:
      - -n -g
      User-Agent:
      - AZURECLI/2.37.0 azsdk-python-azure-mgmt-containerregistry/10.0.0 Python/3.9.1
        (Windows-10-10.0.22000-SP0)
    method: POST
    uri: https://management.azure.com/subscriptions/00000000-0000-0000-0000-000000000000/resourceGroups/clitest.rg000001/providers/Microsoft.ContainerRegistry/registries/functionappacrtest000004/listCredentials?api-version=2022-02-01-preview
  response:
    body:
      string: '{"username":"functionappacrtest000004","passwords":[{"name":"password","value":"MLji63hWlUjfRtgkvwqLfiR21aa+IpCe"},{"name":"password2","value":"8L8w0/2tBPKwffQP4XVmKv8OzkqHSU29"}]}'
    headers:
      api-supported-versions:
      - 2022-02-01-preview
      cache-control:
      - no-cache
      content-length:
      - '180'
      content-type:
      - application/json; charset=utf-8
      date:
      - Mon, 11 Jul 2022 17:35:53 GMT
      expires:
      - '-1'
      pragma:
      - no-cache
      server:
      - Microsoft-HTTPAPI/2.0
      strict-transport-security:
      - max-age=31536000; includeSubDomains
      transfer-encoding:
      - chunked
      vary:
      - Accept-Encoding
      x-content-type-options:
      - nosniff
      x-ms-ratelimit-remaining-subscription-writes:
      - '1199'
    status:
      code: 200
      message: OK
- request:
    body: null
    headers:
      Accept:
      - application/json
      Accept-Encoding:
      - gzip, deflate
      CommandName:
      - functionapp config container set
      Connection:
      - keep-alive
      ParameterSetName:
      - -g -n --docker-custom-image-name --docker-registry-server-url
      User-Agent:
      - AZURECLI/2.37.0 azsdk-python-azure-mgmt-resource/21.1.0b1 Python/3.9.1 (Windows-10-10.0.22000-SP0)
    method: GET
    uri: https://management.azure.com/subscriptions/00000000-0000-0000-0000-000000000000/resources?$filter=resourceType%20eq%20%27Microsoft.ContainerRegistry%2Fregistries%27&api-version=2021-04-01
  response:
    body:
      string: '{"value":[{"id":"/subscriptions/00000000-0000-0000-0000-000000000000/resourceGroups/mabenedi/providers/Microsoft.ContainerRegistry/registries/mabenedicorp","name":"mabenedicorp","type":"Microsoft.ContainerRegistry/registries","sku":{"name":"Premium","tier":"Premium"},"location":"westus2","tags":{},"systemData":{"createdBy":"mabenedi@microsoft.com","createdByType":"User","createdAt":"2022-06-04T01:14:05.5356959Z","lastModifiedBy":"mabenedi@microsoft.com","lastModifiedByType":"User","lastModifiedAt":"2022-06-04T01:14:05.5356959Z"}},{"id":"/subscriptions/00000000-0000-0000-0000-000000000000/resourceGroups/clitest.rgbcx7hqhvajzzfsjmpdvr42i4du3k3qkph7dkzb3sohuzbuhy2vuwuosm52qypln3r/providers/Microsoft.ContainerRegistry/registries/testregfumm6yjycgb5t","name":"testregfumm6yjycgb5t","type":"Microsoft.ContainerRegistry/registries","sku":{"name":"Premium","tier":"Premium"},"location":"eastus","tags":{},"systemData":{"createdBy":"mabenedi@microsoft.com","createdByType":"User","createdAt":"2022-06-03T16:28:52.192133Z","lastModifiedBy":"mabenedi@microsoft.com","lastModifiedByType":"User","lastModifiedAt":"2022-06-03T16:28:52.192133Z"}},{"id":"/subscriptions/00000000-0000-0000-0000-000000000000/resourceGroups/resourcegroupsamesub/providers/Microsoft.ContainerRegistry/registries/sourceregistrysamesubptj7k5iw5452li3ae6z","name":"sourceregistrysamesubptj7k5iw5452li3ae6z","type":"Microsoft.ContainerRegistry/registries","sku":{"name":"Standard","tier":"Standard"},"location":"westus","tags":{},"systemData":{"createdBy":"mabenedi@microsoft.com","createdByType":"User","createdAt":"2022-06-03T16:40:52.8903187Z","lastModifiedBy":"mabenedi@microsoft.com","lastModifiedByType":"User","lastModifiedAt":"2022-06-03T16:40:52.8903187Z"}},{"id":"/subscriptions/00000000-0000-0000-0000-000000000000/resourceGroups/clitest.rg7e5atnijyvq3ibo2dtjturpv37nexwdksspkgf5z4hy7mlq4tsqf6vojuxwhhiwn5/providers/Microsoft.ContainerRegistry/registries/cliregsxjweksnatzypf","name":"cliregsxjweksnatzypf","type":"Microsoft.ContainerRegistry/registries","sku":{"name":"Premium","tier":"Premium"},"location":"westus","tags":{},"systemData":{"createdBy":"mabenedi@microsoft.com","createdByType":"User","createdAt":"2022-06-03T16:40:57.9682675Z","lastModifiedBy":"mabenedi@microsoft.com","lastModifiedByType":"User","lastModifiedAt":"2022-06-03T16:40:57.9682675Z"}},{"id":"/subscriptions/00000000-0000-0000-0000-000000000000/resourceGroups/clitest.rg33d6uye3ur222sqjljxufqj3w5fvhquawqbdd7cguful53odiibwyuvdzwhxfq3ra/providers/Microsoft.ContainerRegistry/registries/testregai2x27qvwfbmt","name":"testregai2x27qvwfbmt","type":"Microsoft.ContainerRegistry/registries","sku":{"name":"Premium","tier":"Premium"},"location":"westus","tags":{},"systemData":{"createdBy":"mabenedi@microsoft.com","createdByType":"User","createdAt":"2022-06-03T16:40:58.0969331Z","lastModifiedBy":"mabenedi@microsoft.com","lastModifiedByType":"User","lastModifiedAt":"2022-06-03T16:40:58.0969331Z"}},{"id":"/subscriptions/00000000-0000-0000-0000-000000000000/resourceGroups/resourcegroupsamesub/providers/Microsoft.ContainerRegistry/registries/sourceregistrysamesubwtdiaidtxfpmblorood","name":"sourceregistrysamesubwtdiaidtxfpmblorood","type":"Microsoft.ContainerRegistry/registries","sku":{"name":"Standard","tier":"Standard"},"location":"westus","tags":{},"systemData":{"createdBy":"mabenedi@microsoft.com","createdByType":"User","createdAt":"2022-06-03T18:51:52.5492943Z","lastModifiedBy":"mabenedi@microsoft.com","lastModifiedByType":"User","lastModifiedAt":"2022-06-03T18:51:52.5492943Z"}},{"id":"/subscriptions/00000000-0000-0000-0000-000000000000/resourceGroups/resourcegroupsamesub/providers/Microsoft.ContainerRegistry/registries/sourceregistrysamesubuvebrx2hrktdq6oqwxm","name":"sourceregistrysamesubuvebrx2hrktdq6oqwxm","type":"Microsoft.ContainerRegistry/registries","sku":{"name":"Standard","tier":"Standard"},"location":"westus","tags":{},"systemData":{"createdBy":"mabenedi@microsoft.com","createdByType":"User","createdAt":"2022-06-04T01:01:58.5061619Z","lastModifiedBy":"mabenedi@microsoft.com","lastModifiedByType":"User","lastModifiedAt":"2022-06-04T01:01:58.5061619Z"}},{"id":"/subscriptions/00000000-0000-0000-0000-000000000000/resourceGroups/resourcegroupsamesub/providers/Microsoft.ContainerRegistry/registries/sourceregistrysamesubsgle2lqhw2eud3egtml","name":"sourceregistrysamesubsgle2lqhw2eud3egtml","type":"Microsoft.ContainerRegistry/registries","sku":{"name":"Standard","tier":"Standard"},"location":"westus","tags":{},"systemData":{"createdBy":"mabenedi@microsoft.com","createdByType":"User","createdAt":"2022-06-04T02:04:37.4798041Z","lastModifiedBy":"mabenedi@microsoft.com","lastModifiedByType":"User","lastModifiedAt":"2022-06-04T02:04:37.4798041Z"}},{"id":"/subscriptions/00000000-0000-0000-0000-000000000000/resourceGroups/resourcegroupsamesub/providers/Microsoft.ContainerRegistry/registries/sourceregistrysamesubtdza7imv5u2uhl3l56i","name":"sourceregistrysamesubtdza7imv5u2uhl3l56i","type":"Microsoft.ContainerRegistry/registries","sku":{"name":"Standard","tier":"Standard"},"location":"westus","tags":{},"systemData":{"createdBy":"mabenedi@microsoft.com","createdByType":"User","createdAt":"2022-06-04T02:53:32.8888901Z","lastModifiedBy":"mabenedi@microsoft.com","lastModifiedByType":"User","lastModifiedAt":"2022-06-04T02:53:32.8888901Z"}},{"id":"/subscriptions/00000000-0000-0000-0000-000000000000/resourceGroups/resourcegroupsamesub/providers/Microsoft.ContainerRegistry/registries/sourceregistrysamesubiiaybrkqrs2kfec6mgc","name":"sourceregistrysamesubiiaybrkqrs2kfec6mgc","type":"Microsoft.ContainerRegistry/registries","sku":{"name":"Standard","tier":"Standard"},"location":"westus","tags":{},"systemData":{"createdBy":"mabenedi@microsoft.com","createdByType":"User","createdAt":"2022-06-04T03:02:38.695725Z","lastModifiedBy":"mabenedi@microsoft.com","lastModifiedByType":"User","lastModifiedAt":"2022-06-04T03:02:38.695725Z"}},{"id":"/subscriptions/00000000-0000-0000-0000-000000000000/resourceGroups/clitest.rg4ipb2si55abnzvk7w444d3rcnhrjp6o5oinhslsux4jjqxrvngprd4gb2bq4jggte/providers/Microsoft.ContainerRegistry/registries/clireg3cks75aq3totl5","name":"clireg3cks75aq3totl5","type":"Microsoft.ContainerRegistry/registries","sku":{"name":"Premium","tier":"Premium"},"location":"eastus","tags":{},"systemData":{"createdBy":"mabenedi@microsoft.com","createdByType":"User","createdAt":"2022-06-04T03:15:37.1676616Z","lastModifiedBy":"mabenedi@microsoft.com","lastModifiedByType":"User","lastModifiedAt":"2022-06-04T03:15:37.1676616Z"}},{"id":"/subscriptions/00000000-0000-0000-0000-000000000000/resourceGroups/resourcegroupsamesub/providers/Microsoft.ContainerRegistry/registries/sourceregistrysamesub7bbwduk62afxnfoycgr","name":"sourceregistrysamesub7bbwduk62afxnfoycgr","type":"Microsoft.ContainerRegistry/registries","sku":{"name":"Standard","tier":"Standard"},"location":"westus","tags":{},"systemData":{"createdBy":"mabenedi@microsoft.com","createdByType":"User","createdAt":"2022-06-04T03:17:17.0403889Z","lastModifiedBy":"mabenedi@microsoft.com","lastModifiedByType":"User","lastModifiedAt":"2022-06-04T03:17:17.0403889Z"}},{"id":"/subscriptions/00000000-0000-0000-0000-000000000000/resourceGroups/resourcegroupsamesub/providers/Microsoft.ContainerRegistry/registries/sourceregistrysamesubqek3lsncz7zmswvdis6","name":"sourceregistrysamesubqek3lsncz7zmswvdis6","type":"Microsoft.ContainerRegistry/registries","sku":{"name":"Standard","tier":"Standard"},"location":"westus","tags":{},"systemData":{"createdBy":"mabenedi@microsoft.com","createdByType":"User","createdAt":"2022-06-04T03:35:57.5658153Z","lastModifiedBy":"mabenedi@microsoft.com","lastModifiedByType":"User","lastModifiedAt":"2022-06-04T03:35:57.5658153Z"}},{"id":"/subscriptions/00000000-0000-0000-0000-000000000000/resourceGroups/clitest.rgpqc3pi6umxh3f5ptb35enckymlahugse2hf6srl5hh4yhhqs2uj3ehwl7xkunklgb/providers/Microsoft.ContainerRegistry/registries/cliregomjqhs7pytcynu","name":"cliregomjqhs7pytcynu","type":"Microsoft.ContainerRegistry/registries","sku":{"name":"Premium","tier":"Premium"},"location":"eastus","tags":{},"systemData":{"createdBy":"mabenedi@microsoft.com","createdByType":"User","createdAt":"2022-06-04T03:53:39.1780906Z","lastModifiedBy":"mabenedi@microsoft.com","lastModifiedByType":"User","lastModifiedAt":"2022-06-04T03:53:39.1780906Z"}},{"id":"/subscriptions/00000000-0000-0000-0000-000000000000/resourceGroups/resourcegroupsamesub/providers/Microsoft.ContainerRegistry/registries/sourceregistrysamesubz7go46r4m7hecqknyij","name":"sourceregistrysamesubz7go46r4m7hecqknyij","type":"Microsoft.ContainerRegistry/registries","sku":{"name":"Standard","tier":"Standard"},"location":"westus","tags":{},"systemData":{"createdBy":"mabenedi@microsoft.com","createdByType":"User","createdAt":"2022-06-04T03:57:12.6679116Z","lastModifiedBy":"mabenedi@microsoft.com","lastModifiedByType":"User","lastModifiedAt":"2022-06-04T03:57:12.6679116Z"}},{"id":"/subscriptions/00000000-0000-0000-0000-000000000000/resourceGroups/resourcegroupsamesub/providers/Microsoft.ContainerRegistry/registries/sourceregistrysamesubhbg3utf6j7ulhbymtnp","name":"sourceregistrysamesubhbg3utf6j7ulhbymtnp","type":"Microsoft.ContainerRegistry/registries","sku":{"name":"Standard","tier":"Standard"},"location":"westus","tags":{},"systemData":{"createdBy":"mabenedi@microsoft.com","createdByType":"User","createdAt":"2022-06-04T04:00:33.0932499Z","lastModifiedBy":"mabenedi@microsoft.com","lastModifiedByType":"User","lastModifiedAt":"2022-06-04T04:00:33.0932499Z"}},{"id":"/subscriptions/00000000-0000-0000-0000-000000000000/resourceGroups/resourcegroupsamesub/providers/Microsoft.ContainerRegistry/registries/sourceregistrysamesubvphmhwby66miwia6ees","name":"sourceregistrysamesubvphmhwby66miwia6ees","type":"Microsoft.ContainerRegistry/registries","sku":{"name":"Standard","tier":"Standard"},"location":"westus","tags":{},"systemData":{"createdBy":"mabenedi@microsoft.com","createdByType":"User","createdAt":"2022-06-04T04:26:53.5362205Z","lastModifiedBy":"mabenedi@microsoft.com","lastModifiedByType":"User","lastModifiedAt":"2022-06-04T04:26:53.5362205Z"}},{"id":"/subscriptions/00000000-0000-0000-0000-000000000000/resourceGroups/resourcegroupsamesub/providers/Microsoft.ContainerRegistry/registries/sourceregistrysamesubdskvl5kxvliafyoknbp","name":"sourceregistrysamesubdskvl5kxvliafyoknbp","type":"Microsoft.ContainerRegistry/registries","sku":{"name":"Standard","tier":"Standard"},"location":"westus","tags":{},"systemData":{"createdBy":"mabenedi@microsoft.com","createdByType":"User","createdAt":"2022-06-06T15:29:06.3636369Z","lastModifiedBy":"mabenedi@microsoft.com","lastModifiedByType":"User","lastModifiedAt":"2022-06-06T15:29:06.3636369Z"}},{"id":"/subscriptions/00000000-0000-0000-0000-000000000000/resourceGroups/clitest.rgditkxzq7pnnrqj2aczc52jcvq5kjat2ox75t3hv2dqkfonuozjzqw6jcmk3jgnjx7/providers/Microsoft.ContainerRegistry/registries/testregb7udqlvbgqvbp","name":"testregb7udqlvbgqvbp","type":"Microsoft.ContainerRegistry/registries","sku":{"name":"Premium","tier":"Premium"},"location":"eastus2","tags":{},"systemData":{"createdBy":"mabenedi@microsoft.com","createdByType":"User","createdAt":"2022-06-04T03:57:06.8115651Z","lastModifiedBy":"mabenedi@microsoft.com","lastModifiedByType":"User","lastModifiedAt":"2022-06-04T03:57:06.8115651Z"}},{"id":"/subscriptions/00000000-0000-0000-0000-000000000000/resourceGroups/clitest.rg3up2632ynd3gx5qdzimhhix45rkfjsstlo7sl7zwysxue65edhu6iymvmubcqgii6/providers/Microsoft.ContainerRegistry/registries/testregullgaurlw6tpx","name":"testregullgaurlw6tpx","type":"Microsoft.ContainerRegistry/registries","sku":{"name":"Premium","tier":"Premium"},"location":"eastus","tags":{},"systemData":{"createdBy":"mabenedi@microsoft.com","createdByType":"User","createdAt":"2022-06-03T16:40:33.6367861Z","lastModifiedBy":"mabenedi@microsoft.com","lastModifiedByType":"User","lastModifiedAt":"2022-06-03T16:40:33.6367861Z"}},{"id":"/subscriptions/00000000-0000-0000-0000-000000000000/resourceGroups/clitest.rg3up2632ynd3gx5qdzimhhix45rkfjsstlo7sl7zwysxue65edhu6iymvmubcqgii6/providers/Microsoft.ContainerRegistry/registries/testreg2huvqnxjzb36e","name":"testreg2huvqnxjzb36e","type":"Microsoft.ContainerRegistry/registries","sku":{"name":"Premium","tier":"Premium"},"location":"eastus","tags":{},"systemData":{"createdBy":"mabenedi@microsoft.com","createdByType":"User","createdAt":"2022-06-03T16:40:53.8925567Z","lastModifiedBy":"mabenedi@microsoft.com","lastModifiedByType":"User","lastModifiedAt":"2022-06-03T16:40:53.8925567Z"}},{"id":"/subscriptions/00000000-0000-0000-0000-000000000000/resourceGroups/clitest.rggykxz5bymf62djd44dbupeqolai5hhgwemswjdhlrte4nwkecobmyl3r2v3iq2cgl/providers/Microsoft.ContainerRegistry/registries/testregezai3j4vax776","name":"testregezai3j4vax776","type":"Microsoft.ContainerRegistry/registries","sku":{"name":"Premium","tier":"Premium"},"location":"eastus","tags":{},"systemData":{"createdBy":"mabenedi@microsoft.com","createdByType":"User","createdAt":"2022-06-04T03:57:13.6819399Z","lastModifiedBy":"mabenedi@microsoft.com","lastModifiedByType":"User","lastModifiedAt":"2022-06-04T03:57:13.6819399Z"}},{"id":"/subscriptions/00000000-0000-0000-0000-000000000000/resourceGroups/clitest.rg000001/providers/Microsoft.ContainerRegistry/registries/functionappacrtest000004","name":"functionappacrtest000004","type":"Microsoft.ContainerRegistry/registries","sku":{"name":"Basic","tier":"Basic"},"location":"eastus","tags":{},"systemData":{"createdBy":"mabenedi@microsoft.com","createdByType":"User","createdAt":"2022-07-11T17:34:52.0112017Z","lastModifiedBy":"mabenedi@microsoft.com","lastModifiedByType":"User","lastModifiedAt":"2022-07-11T17:34:52.0112017Z"}}]}'
    headers:
      cache-control:
      - no-cache
      content-length:
      - '13699'
      content-type:
      - application/json; charset=utf-8
      date:
      - Mon, 11 Jul 2022 17:35:53 GMT
      expires:
      - '-1'
      pragma:
      - no-cache
      strict-transport-security:
      - max-age=31536000; includeSubDomains
      vary:
      - Accept-Encoding
      x-content-type-options:
      - nosniff
    status:
      code: 200
      message: OK
- request:
    body: null
    headers:
      Accept:
      - application/json
      Accept-Encoding:
      - gzip, deflate
      CommandName:
      - functionapp config container set
      Connection:
      - keep-alive
      ParameterSetName:
      - -g -n --docker-custom-image-name --docker-registry-server-url
      User-Agent:
      - AZURECLI/2.37.0 azsdk-python-azure-mgmt-containerregistry/10.0.0 Python/3.9.1
        (Windows-10-10.0.22000-SP0)
    method: GET
    uri: https://management.azure.com/subscriptions/00000000-0000-0000-0000-000000000000/resourceGroups/clitest.rg000001/providers/Microsoft.ContainerRegistry/registries/functionappacrtest000004?api-version=2021-09-01
  response:
    body:
      string: '{"sku":{"name":"Basic","tier":"Basic"},"type":"Microsoft.ContainerRegistry/registries","id":"/subscriptions/00000000-0000-0000-0000-000000000000/resourceGroups/clitest.rg000001/providers/Microsoft.ContainerRegistry/registries/functionappacrtest000004","name":"functionappacrtest000004","location":"eastus","tags":{},"systemData":{"createdBy":"mabenedi@microsoft.com","createdByType":"User","createdAt":"2022-07-11T17:34:52.0112017+00:00","lastModifiedBy":"mabenedi@microsoft.com","lastModifiedByType":"User","lastModifiedAt":"2022-07-11T17:34:52.0112017+00:00"},"properties":{"loginServer":"functionappacrtest000004.azurecr.io","creationDate":"2022-07-11T17:34:52.0112017Z","provisioningState":"Succeeded","adminUserEnabled":true,"policies":{"quarantinePolicy":{"status":"disabled"},"trustPolicy":{"type":"Notary","status":"disabled"},"retentionPolicy":{"days":7,"lastUpdatedTime":"2022-07-11T17:34:54.1904113+00:00","status":"disabled"},"exportPolicy":{"status":"enabled"}},"encryption":{"status":"disabled"},"dataEndpointEnabled":false,"dataEndpointHostNames":[],"privateEndpointConnections":[],"publicNetworkAccess":"Enabled","networkRuleBypassOptions":"AzureServices","zoneRedundancy":"Disabled"}}'
    headers:
      api-supported-versions:
      - '2021-09-01'
      cache-control:
      - no-cache
      content-length:
      - '1201'
      content-type:
      - application/json; charset=utf-8
      date:
      - Mon, 11 Jul 2022 17:35:54 GMT
      expires:
      - '-1'
      pragma:
      - no-cache
      server:
      - Microsoft-HTTPAPI/2.0
      strict-transport-security:
      - max-age=31536000; includeSubDomains
      transfer-encoding:
      - chunked
      vary:
      - Accept-Encoding
      x-content-type-options:
      - nosniff
    status:
      code: 200
      message: OK
- request:
    body: null
    headers:
      Accept:
      - application/json
      Accept-Encoding:
      - gzip, deflate
      CommandName:
      - functionapp config container set
      Connection:
      - keep-alive
      Content-Length:
      - '0'
      ParameterSetName:
      - -g -n --docker-custom-image-name --docker-registry-server-url
      User-Agent:
      - AZURECLI/2.37.0 azsdk-python-azure-mgmt-containerregistry/10.0.0 Python/3.9.1
        (Windows-10-10.0.22000-SP0)
    method: POST
    uri: https://management.azure.com/subscriptions/00000000-0000-0000-0000-000000000000/resourceGroups/clitest.rg000001/providers/Microsoft.ContainerRegistry/registries/functionappacrtest000004/listCredentials?api-version=2021-09-01
  response:
    body:
      string: '{"username":"functionappacrtest000004","passwords":[{"name":"password","value":"MLji63hWlUjfRtgkvwqLfiR21aa+IpCe"},{"name":"password2","value":"8L8w0/2tBPKwffQP4XVmKv8OzkqHSU29"}]}'
    headers:
      api-supported-versions:
      - '2021-09-01'
      cache-control:
      - no-cache
      content-length:
      - '180'
      content-type:
      - application/json; charset=utf-8
      date:
      - Mon, 11 Jul 2022 17:35:55 GMT
      expires:
      - '-1'
      pragma:
      - no-cache
      server:
      - Microsoft-HTTPAPI/2.0
      strict-transport-security:
      - max-age=31536000; includeSubDomains
      transfer-encoding:
      - chunked
      vary:
      - Accept-Encoding
      x-content-type-options:
      - nosniff
      x-ms-ratelimit-remaining-subscription-writes:
      - '1199'
    status:
      code: 200
      message: OK
- request:
    body: null
    headers:
      Accept:
      - application/json
      Accept-Encoding:
      - gzip, deflate
      CommandName:
      - functionapp config container set
      Connection:
      - keep-alive
      Content-Length:
      - '0'
      ParameterSetName:
      - -g -n --docker-custom-image-name --docker-registry-server-url
      User-Agent:
      - AZURECLI/2.37.0 azsdk-python-azure-mgmt-web/6.1.0 Python/3.9.1 (Windows-10-10.0.22000-SP0)
    method: POST
    uri: https://management.azure.com/subscriptions/00000000-0000-0000-0000-000000000000/resourceGroups/clitest.rg000001/providers/Microsoft.Web/sites/functionappacrtest000004/config/appsettings/list?api-version=2021-03-01
  response:
    body:
      string: '{"id":"/subscriptions/00000000-0000-0000-0000-000000000000/resourceGroups/clitest.rg000001/providers/Microsoft.Web/sites/functionappacrtest000004/config/appsettings","name":"appsettings","type":"Microsoft.Web/sites/config","location":"East
        US","properties":{"MACHINEKEY_DecryptionKey":"4EDE7FAE28E11B4950F01FCEF57A9735A320AD4A8F0BD2A351278277036C89AC","WEBSITES_ENABLE_APP_SERVICE_STORAGE":"true","FUNCTIONS_WORKER_RUNTIME":"node","FUNCTIONS_EXTENSION_VERSION":"~3","AzureWebJobsStorage":"DefaultEndpointsProtocol=https;EndpointSuffix=core.windows.net;AccountName=clitest000002;AccountKey=veryFakedStorageAccountKey==","APPINSIGHTS_INSTRUMENTATIONKEY":"9dcd4c64-4e09-4599-b7ca-c4cf2be0b68b"}}'
    headers:
      cache-control:
      - no-cache
      content-length:
      - '692'
      content-type:
      - application/json
      date:
      - Mon, 11 Jul 2022 17:35:55 GMT
      expires:
      - '-1'
      pragma:
      - no-cache
      server:
      - Microsoft-IIS/10.0
      strict-transport-security:
      - max-age=31536000; includeSubDomains
      transfer-encoding:
      - chunked
      vary:
      - Accept-Encoding
      x-aspnet-version:
      - 4.0.30319
      x-content-type-options:
      - nosniff
      x-ms-ratelimit-remaining-subscription-resource-requests:
      - '11999'
      x-powered-by:
      - ASP.NET
    status:
      code: 200
      message: OK
- request:
    body: '{"properties": {"MACHINEKEY_DecryptionKey": "4EDE7FAE28E11B4950F01FCEF57A9735A320AD4A8F0BD2A351278277036C89AC",
      "WEBSITES_ENABLE_APP_SERVICE_STORAGE": "true", "FUNCTIONS_WORKER_RUNTIME": "node",
      "FUNCTIONS_EXTENSION_VERSION": "~3", "AzureWebJobsStorage": "DefaultEndpointsProtocol=https;EndpointSuffix=core.windows.net;AccountName=clitest000002;AccountKey=veryFakedStorageAccountKey==",
      "APPINSIGHTS_INSTRUMENTATIONKEY": "9dcd4c64-4e09-4599-b7ca-c4cf2be0b68b", "DOCKER_REGISTRY_SERVER_URL":
      "https://functionappacrtest000004.azurecr.io", "DOCKER_REGISTRY_SERVER_USERNAME":
      "functionappacrtest000004", "DOCKER_REGISTRY_SERVER_PASSWORD": "MLji63hWlUjfRtgkvwqLfiR21aa+IpCe"}}'
    headers:
      Accept:
      - application/json
      Accept-Encoding:
      - gzip, deflate
      CommandName:
      - functionapp config container set
      Connection:
      - keep-alive
      Content-Length:
      - '672'
      Content-Type:
      - application/json
      ParameterSetName:
      - -g -n --docker-custom-image-name --docker-registry-server-url
      User-Agent:
      - AZURECLI/2.37.0 azsdk-python-azure-mgmt-web/6.1.0 Python/3.9.1 (Windows-10-10.0.22000-SP0)
    method: PUT
    uri: https://management.azure.com/subscriptions/00000000-0000-0000-0000-000000000000/resourceGroups/clitest.rg000001/providers/Microsoft.Web/sites/functionappacrtest000004/config/appsettings?api-version=2021-03-01
  response:
    body:
      string: '{"id":"/subscriptions/00000000-0000-0000-0000-000000000000/resourceGroups/clitest.rg000001/providers/Microsoft.Web/sites/functionappacrtest000004/config/appsettings","name":"appsettings","type":"Microsoft.Web/sites/config","location":"East
        US","properties":{"MACHINEKEY_DecryptionKey":"4EDE7FAE28E11B4950F01FCEF57A9735A320AD4A8F0BD2A351278277036C89AC","WEBSITES_ENABLE_APP_SERVICE_STORAGE":"true","FUNCTIONS_WORKER_RUNTIME":"node","FUNCTIONS_EXTENSION_VERSION":"~3","AzureWebJobsStorage":"DefaultEndpointsProtocol=https;EndpointSuffix=core.windows.net;AccountName=clitest000002;AccountKey=veryFakedStorageAccountKey==","APPINSIGHTS_INSTRUMENTATIONKEY":"9dcd4c64-4e09-4599-b7ca-c4cf2be0b68b","DOCKER_REGISTRY_SERVER_URL":"https://functionappacrtest000004.azurecr.io","DOCKER_REGISTRY_SERVER_USERNAME":"functionappacrtest000004","DOCKER_REGISTRY_SERVER_PASSWORD":"MLji63hWlUjfRtgkvwqLfiR21aa+IpCe"}}'
    headers:
      cache-control:
      - no-cache
      content-length:
      - '897'
      content-type:
      - application/json
      date:
      - Mon, 11 Jul 2022 17:35:57 GMT
      etag:
      - '"1D8954CAAE2B3EB"'
      expires:
      - '-1'
      pragma:
      - no-cache
      server:
      - Microsoft-IIS/10.0
      strict-transport-security:
      - max-age=31536000; includeSubDomains
      transfer-encoding:
      - chunked
      vary:
      - Accept-Encoding
      x-aspnet-version:
      - 4.0.30319
      x-content-type-options:
      - nosniff
      x-ms-ratelimit-remaining-subscription-writes:
      - '1199'
      x-powered-by:
      - ASP.NET
    status:
      code: 200
      message: OK
- request:
    body: null
    headers:
      Accept:
      - application/json
      Accept-Encoding:
      - gzip, deflate
      CommandName:
      - functionapp config container set
      Connection:
      - keep-alive
      Content-Length:
      - '0'
      ParameterSetName:
      - -g -n --docker-custom-image-name --docker-registry-server-url
      User-Agent:
      - AZURECLI/2.37.0 azsdk-python-azure-mgmt-web/6.1.0 Python/3.9.1 (Windows-10-10.0.22000-SP0)
    method: POST
    uri: https://management.azure.com/subscriptions/00000000-0000-0000-0000-000000000000/resourceGroups/clitest.rg000001/providers/Microsoft.Web/sites/functionappacrtest000004/config/appsettings/list?api-version=2021-03-01
  response:
    body:
      string: '{"id":"/subscriptions/00000000-0000-0000-0000-000000000000/resourceGroups/clitest.rg000001/providers/Microsoft.Web/sites/functionappacrtest000004/config/appsettings","name":"appsettings","type":"Microsoft.Web/sites/config","location":"East
        US","properties":{"MACHINEKEY_DecryptionKey":"4EDE7FAE28E11B4950F01FCEF57A9735A320AD4A8F0BD2A351278277036C89AC","WEBSITES_ENABLE_APP_SERVICE_STORAGE":"true","FUNCTIONS_WORKER_RUNTIME":"node","FUNCTIONS_EXTENSION_VERSION":"~3","AzureWebJobsStorage":"DefaultEndpointsProtocol=https;EndpointSuffix=core.windows.net;AccountName=clitest000002;AccountKey=veryFakedStorageAccountKey==","APPINSIGHTS_INSTRUMENTATIONKEY":"9dcd4c64-4e09-4599-b7ca-c4cf2be0b68b","DOCKER_REGISTRY_SERVER_URL":"https://functionappacrtest000004.azurecr.io","DOCKER_REGISTRY_SERVER_USERNAME":"functionappacrtest000004","DOCKER_REGISTRY_SERVER_PASSWORD":"MLji63hWlUjfRtgkvwqLfiR21aa+IpCe"}}'
    headers:
      cache-control:
      - no-cache
      content-length:
      - '897'
      content-type:
      - application/json
      date:
      - Mon, 11 Jul 2022 17:35:57 GMT
      expires:
      - '-1'
      pragma:
      - no-cache
      server:
      - Microsoft-IIS/10.0
      strict-transport-security:
      - max-age=31536000; includeSubDomains
      transfer-encoding:
      - chunked
      vary:
      - Accept-Encoding
      x-aspnet-version:
      - 4.0.30319
      x-content-type-options:
      - nosniff
      x-ms-ratelimit-remaining-subscription-resource-requests:
      - '11999'
      x-powered-by:
      - ASP.NET
    status:
      code: 200
      message: OK
- request:
    body: null
    headers:
      Accept:
      - application/json
      Accept-Encoding:
      - gzip, deflate
      CommandName:
      - functionapp config container set
      Connection:
      - keep-alive
      ParameterSetName:
      - -g -n --docker-custom-image-name --docker-registry-server-url
      User-Agent:
      - AZURECLI/2.37.0 azsdk-python-azure-mgmt-web/6.1.0 Python/3.9.1 (Windows-10-10.0.22000-SP0)
    method: GET
    uri: https://management.azure.com/subscriptions/00000000-0000-0000-0000-000000000000/resourceGroups/clitest.rg000001/providers/Microsoft.Web/sites/functionappacrtest000004/config/slotConfigNames?api-version=2021-03-01
  response:
    body:
      string: '{"id":null,"name":"functionappacrtest000004","type":"Microsoft.Web/sites","location":"East
        US","properties":{"connectionStringNames":null,"appSettingNames":null,"azureStorageConfigNames":null}}'
    headers:
      cache-control:
      - no-cache
      content-length:
      - '193'
      content-type:
      - application/json
      date:
      - Mon, 11 Jul 2022 17:35:59 GMT
      expires:
      - '-1'
      pragma:
      - no-cache
      server:
      - Microsoft-IIS/10.0
      strict-transport-security:
      - max-age=31536000; includeSubDomains
      transfer-encoding:
      - chunked
      vary:
      - Accept-Encoding
      x-aspnet-version:
      - 4.0.30319
      x-content-type-options:
      - nosniff
      x-powered-by:
      - ASP.NET
    status:
      code: 200
      message: OK
- request:
    body: null
    headers:
      Accept:
      - application/json
      Accept-Encoding:
      - gzip, deflate
      CommandName:
      - functionapp config container set
      Connection:
      - keep-alive
      ParameterSetName:
      - -g -n --docker-custom-image-name --docker-registry-server-url
      User-Agent:
      - AZURECLI/2.37.0 azsdk-python-azure-mgmt-web/6.1.0 Python/3.9.1 (Windows-10-10.0.22000-SP0)
    method: GET
    uri: https://management.azure.com/subscriptions/00000000-0000-0000-0000-000000000000/resourceGroups/clitest.rg000001/providers/Microsoft.Web/sites/functionappacrtest000004?api-version=2021-03-01
  response:
    body:
      string: '{"id":"/subscriptions/00000000-0000-0000-0000-000000000000/resourceGroups/clitest.rg000001/providers/Microsoft.Web/sites/functionappacrtest000004","name":"functionappacrtest000004","type":"Microsoft.Web/sites","kind":"functionapp,linux","location":"East
        US","properties":{"name":"functionappacrtest000004","state":"Running","hostNames":["functionappacrtest000004.azurewebsites.net"],"webSpace":"clitest.rg000001-EastUSwebspace-Linux","selfLink":"https://waws-prod-blu-341.api.azurewebsites.windows.net:454/subscriptions/00000000-0000-0000-0000-000000000000/webspaces/clitest.rg000001-EastUSwebspace-Linux/sites/functionappacrtest000004","repositorySiteName":"functionappacrtest000004","owner":null,"usageState":"Normal","enabled":true,"adminEnabled":true,"enabledHostNames":["functionappacrtest000004.azurewebsites.net","functionappacrtest000004.scm.azurewebsites.net"],"siteProperties":{"metadata":null,"properties":[{"name":"LinuxFxVersion","value":"Node|14"},{"name":"WindowsFxVersion","value":null}],"appSettings":null},"availabilityState":"Normal","sslCertificates":null,"csrs":[],"cers":null,"siteMode":null,"hostNameSslStates":[{"name":"functionappacrtest000004.azurewebsites.net","sslState":"Disabled","ipBasedSslResult":null,"virtualIP":null,"thumbprint":null,"toUpdate":null,"toUpdateIpBasedSsl":null,"ipBasedSslState":"NotConfigured","hostType":"Standard"},{"name":"functionappacrtest000004.scm.azurewebsites.net","sslState":"Disabled","ipBasedSslResult":null,"virtualIP":null,"thumbprint":null,"toUpdate":null,"toUpdateIpBasedSsl":null,"ipBasedSslState":"NotConfigured","hostType":"Repository"}],"computeMode":null,"serverFarm":null,"serverFarmId":"/subscriptions/00000000-0000-0000-0000-000000000000/resourceGroups/clitest.rg000001/providers/Microsoft.Web/serverfarms/acrtestplanfunction000003","reserved":true,"isXenon":false,"hyperV":false,"lastModifiedTimeUtc":"2022-07-11T17:35:57.7","storageRecoveryDefaultState":"Running","contentAvailabilityState":"Normal","runtimeAvailabilityState":"Normal","vnetRouteAllEnabled":false,"siteConfig":{"numberOfWorkers":1,"defaultDocuments":null,"netFrameworkVersion":null,"phpVersion":null,"pythonVersion":null,"nodeVersion":null,"powerShellVersion":null,"linuxFxVersion":"Node|14","windowsFxVersion":null,"requestTracingEnabled":null,"remoteDebuggingEnabled":null,"remoteDebuggingVersion":null,"httpLoggingEnabled":null,"azureMonitorLogCategories":null,"acrUseManagedIdentityCreds":false,"acrUserManagedIdentityID":null,"logsDirectorySizeLimit":null,"detailedErrorLoggingEnabled":null,"publishingUsername":null,"publishingPassword":null,"appSettings":null,"metadata":null,"connectionStrings":null,"machineKey":null,"handlerMappings":null,"documentRoot":null,"scmType":null,"use32BitWorkerProcess":null,"webSocketsEnabled":null,"alwaysOn":true,"javaVersion":null,"javaContainer":null,"javaContainerVersion":null,"appCommandLine":null,"managedPipelineMode":null,"virtualApplications":null,"winAuthAdminState":null,"winAuthTenantState":null,"customAppPoolIdentityAdminState":null,"customAppPoolIdentityTenantState":null,"runtimeADUser":null,"runtimeADUserPassword":null,"loadBalancing":null,"routingRules":null,"experiments":null,"limits":null,"autoHealEnabled":null,"autoHealRules":null,"tracingOptions":null,"vnetName":null,"vnetRouteAllEnabled":null,"vnetPrivatePortsCount":null,"publicNetworkAccess":null,"cors":null,"push":null,"apiDefinition":null,"apiManagementConfig":null,"autoSwapSlotName":null,"localMySqlEnabled":null,"managedServiceIdentityId":null,"xManagedServiceIdentityId":null,"keyVaultReferenceIdentity":null,"ipSecurityRestrictions":null,"scmIpSecurityRestrictions":null,"scmIpSecurityRestrictionsUseMain":null,"http20Enabled":true,"minTlsVersion":null,"minTlsCipherSuite":null,"supportedTlsCipherSuites":null,"scmMinTlsVersion":null,"ftpsState":null,"preWarmedInstanceCount":null,"functionAppScaleLimit":0,"healthCheckPath":null,"fileChangeAuditEnabled":null,"functionsRuntimeScaleMonitoringEnabled":null,"websiteTimeZone":null,"minimumElasticInstanceCount":0,"azureStorageAccounts":null,"http20ProxyFlag":null,"sitePort":null,"antivirusScanEnabled":null,"storageType":null},"deploymentId":"functionappacrtest000004","slotName":null,"trafficManagerHostNames":null,"sku":"Standard","scmSiteAlsoStopped":false,"targetSwapSlot":null,"hostingEnvironment":null,"hostingEnvironmentProfile":null,"clientAffinityEnabled":false,"clientCertEnabled":false,"clientCertMode":"Required","clientCertExclusionPaths":null,"hostNamesDisabled":false,"domainVerificationIdentifiers":null,"customDomainVerificationId":"9B65404E666EE950A663B17CF6908F87B11022238F4BBB9759C7B5D610BF6875","kind":"functionapp,linux","inboundIpAddress":"20.119.16.12","possibleInboundIpAddresses":"20.119.16.12","ftpUsername":"functionappacrtest000004\\$functionappacrtest000004","ftpsHostName":"ftps://waws-prod-blu-341.ftp.azurewebsites.windows.net/site/wwwroot","outboundIpAddresses":"20.121.179.126,20.121.179.236,20.121.179.35,20.121.179.241,20.121.180.23,20.121.180.27,20.119.16.12","possibleOutboundIpAddresses":"20.121.179.126,20.121.179.236,20.121.179.35,20.121.179.241,20.121.180.23,20.121.180.27,20.121.180.29,20.85.132.99,20.121.180.31,20.121.180.35,20.121.180.42,20.85.133.160,20.121.179.54,20.121.180.47,20.121.180.49,20.121.179.64,20.121.180.50,20.85.133.116,20.121.180.53,20.121.180.56,20.121.180.58,20.121.177.240,20.121.180.123,20.121.180.129,20.119.16.12","containerSize":0,"dailyMemoryTimeQuota":0,"suspendedTill":null,"siteDisabledReason":0,"functionExecutionUnitsCache":null,"maxNumberOfWorkers":null,"homeStamp":"waws-prod-blu-341","cloningInfo":null,"hostingEnvironmentId":null,"tags":null,"resourceGroup":"clitest.rg000001","defaultHostName":"functionappacrtest000004.azurewebsites.net","slotSwapStatus":null,"httpsOnly":false,"redundancyMode":"None","inProgressOperationId":null,"geoDistributions":null,"privateEndpointConnections":[],"publicNetworkAccess":null,"buildVersion":null,"targetBuildVersion":null,"migrationState":null,"eligibleLogCategories":"FunctionAppLogs","storageAccountRequired":false,"virtualNetworkSubnetId":null,"keyVaultReferenceIdentity":"SystemAssigned"}}'
    headers:
      cache-control:
      - no-cache
      content-length:
      - '6135'
      content-type:
      - application/json
      date:
      - Mon, 11 Jul 2022 17:36:00 GMT
      etag:
      - '"1D8954CAE044C40"'
      expires:
      - '-1'
      pragma:
      - no-cache
      server:
      - Microsoft-IIS/10.0
      strict-transport-security:
      - max-age=31536000; includeSubDomains
      transfer-encoding:
      - chunked
      vary:
      - Accept-Encoding
      x-aspnet-version:
      - 4.0.30319
      x-content-type-options:
      - nosniff
      x-powered-by:
      - ASP.NET
    status:
      code: 200
      message: OK
- request:
    body: null
    headers:
      Accept:
      - application/json
      Accept-Encoding:
      - gzip, deflate
      CommandName:
      - functionapp config container set
      Connection:
      - keep-alive
      ParameterSetName:
      - -g -n --docker-custom-image-name --docker-registry-server-url
      User-Agent:
      - AZURECLI/2.37.0 azsdk-python-azure-mgmt-web/6.1.0 Python/3.9.1 (Windows-10-10.0.22000-SP0)
    method: GET
    uri: https://management.azure.com/subscriptions/00000000-0000-0000-0000-000000000000/resourceGroups/clitest.rg000001/providers/Microsoft.Web/sites/functionappacrtest000004/config/web?api-version=2021-03-01
  response:
    body:
      string: '{"id":"/subscriptions/00000000-0000-0000-0000-000000000000/resourceGroups/clitest.rg000001/providers/Microsoft.Web/sites/functionappacrtest000004/config/web","name":"functionappacrtest000004","type":"Microsoft.Web/sites/config","location":"East
        US","properties":{"numberOfWorkers":1,"defaultDocuments":["Default.htm","Default.html","Default.asp","index.htm","index.html","iisstart.htm","default.aspx","index.php"],"netFrameworkVersion":"v4.0","phpVersion":"","pythonVersion":"","nodeVersion":"","powerShellVersion":"","linuxFxVersion":"Node|14","windowsFxVersion":null,"requestTracingEnabled":false,"remoteDebuggingEnabled":false,"remoteDebuggingVersion":null,"httpLoggingEnabled":false,"azureMonitorLogCategories":null,"acrUseManagedIdentityCreds":false,"acrUserManagedIdentityID":null,"logsDirectorySizeLimit":35,"detailedErrorLoggingEnabled":false,"publishingUsername":"$functionappacrtest000004","publishingPassword":null,"appSettings":null,"metadata":null,"connectionStrings":null,"machineKey":null,"handlerMappings":null,"documentRoot":null,"scmType":"None","use32BitWorkerProcess":false,"webSocketsEnabled":false,"alwaysOn":true,"javaVersion":null,"javaContainer":null,"javaContainerVersion":null,"appCommandLine":"","managedPipelineMode":"Integrated","virtualApplications":[{"virtualPath":"/","physicalPath":"site\\wwwroot","preloadEnabled":true,"virtualDirectories":null}],"winAuthAdminState":0,"winAuthTenantState":0,"customAppPoolIdentityAdminState":false,"customAppPoolIdentityTenantState":false,"runtimeADUser":null,"runtimeADUserPassword":null,"loadBalancing":"LeastRequests","routingRules":[],"experiments":{"rampUpRules":[]},"limits":null,"autoHealEnabled":false,"autoHealRules":null,"tracingOptions":null,"vnetName":"","vnetRouteAllEnabled":false,"vnetPrivatePortsCount":0,"publicNetworkAccess":null,"siteAuthEnabled":false,"siteAuthSettings":{"enabled":null,"unauthenticatedClientAction":null,"tokenStoreEnabled":null,"allowedExternalRedirectUrls":null,"defaultProvider":null,"clientId":null,"clientSecret":null,"clientSecretSettingName":null,"clientSecretCertificateThumbprint":null,"issuer":null,"allowedAudiences":null,"additionalLoginParams":null,"isAadAutoProvisioned":false,"aadClaimsAuthorization":null,"googleClientId":null,"googleClientSecret":null,"googleClientSecretSettingName":null,"googleOAuthScopes":null,"facebookAppId":null,"facebookAppSecret":null,"facebookAppSecretSettingName":null,"facebookOAuthScopes":null,"gitHubClientId":null,"gitHubClientSecret":null,"gitHubClientSecretSettingName":null,"gitHubOAuthScopes":null,"twitterConsumerKey":null,"twitterConsumerSecret":null,"twitterConsumerSecretSettingName":null,"microsoftAccountClientId":null,"microsoftAccountClientSecret":null,"microsoftAccountClientSecretSettingName":null,"microsoftAccountOAuthScopes":null,"configVersion":null},"cors":null,"push":null,"apiDefinition":null,"apiManagementConfig":null,"autoSwapSlotName":null,"localMySqlEnabled":false,"managedServiceIdentityId":null,"xManagedServiceIdentityId":null,"keyVaultReferenceIdentity":null,"ipSecurityRestrictions":[{"ipAddress":"Any","action":"Allow","priority":1,"name":"Allow
        all","description":"Allow all access"}],"scmIpSecurityRestrictions":[{"ipAddress":"Any","action":"Allow","priority":1,"name":"Allow
        all","description":"Allow all access"}],"scmIpSecurityRestrictionsUseMain":false,"http20Enabled":true,"minTlsVersion":"1.2","minTlsCipherSuite":null,"supportedTlsCipherSuites":null,"scmMinTlsVersion":"1.2","ftpsState":"AllAllowed","preWarmedInstanceCount":0,"functionAppScaleLimit":0,"healthCheckPath":null,"fileChangeAuditEnabled":false,"functionsRuntimeScaleMonitoringEnabled":false,"websiteTimeZone":null,"minimumElasticInstanceCount":0,"azureStorageAccounts":{},"http20ProxyFlag":0,"sitePort":null,"antivirusScanEnabled":false,"storageType":"StorageVolume"}}'
    headers:
      cache-control:
      - no-cache
      content-length:
      - '3827'
      content-type:
      - application/json
      date:
      - Mon, 11 Jul 2022 17:36:01 GMT
      expires:
      - '-1'
      pragma:
      - no-cache
      server:
      - Microsoft-IIS/10.0
      strict-transport-security:
      - max-age=31536000; includeSubDomains
      transfer-encoding:
      - chunked
      vary:
      - Accept-Encoding
      x-aspnet-version:
      - 4.0.30319
      x-content-type-options:
      - nosniff
      x-powered-by:
      - ASP.NET
    status:
      code: 200
      message: OK
- request:
    body: null
    headers:
      Accept:
      - application/json
      Accept-Encoding:
      - gzip, deflate
      CommandName:
      - functionapp config container set
      Connection:
      - keep-alive
      Content-Length:
      - '0'
      ParameterSetName:
      - -g -n --docker-custom-image-name --docker-registry-server-url
      User-Agent:
      - AZURECLI/2.37.0 azsdk-python-azure-mgmt-web/6.1.0 Python/3.9.1 (Windows-10-10.0.22000-SP0)
    method: POST
    uri: https://management.azure.com/subscriptions/00000000-0000-0000-0000-000000000000/resourceGroups/clitest.rg000001/providers/Microsoft.Web/sites/functionappacrtest000004/config/appsettings/list?api-version=2021-03-01
  response:
    body:
      string: '{"id":"/subscriptions/00000000-0000-0000-0000-000000000000/resourceGroups/clitest.rg000001/providers/Microsoft.Web/sites/functionappacrtest000004/config/appsettings","name":"appsettings","type":"Microsoft.Web/sites/config","location":"East
        US","properties":{"MACHINEKEY_DecryptionKey":"4EDE7FAE28E11B4950F01FCEF57A9735A320AD4A8F0BD2A351278277036C89AC","WEBSITES_ENABLE_APP_SERVICE_STORAGE":"true","FUNCTIONS_WORKER_RUNTIME":"node","FUNCTIONS_EXTENSION_VERSION":"~3","AzureWebJobsStorage":"DefaultEndpointsProtocol=https;EndpointSuffix=core.windows.net;AccountName=clitest000002;AccountKey=veryFakedStorageAccountKey==","APPINSIGHTS_INSTRUMENTATIONKEY":"9dcd4c64-4e09-4599-b7ca-c4cf2be0b68b","DOCKER_REGISTRY_SERVER_URL":"https://functionappacrtest000004.azurecr.io","DOCKER_REGISTRY_SERVER_USERNAME":"functionappacrtest000004","DOCKER_REGISTRY_SERVER_PASSWORD":"MLji63hWlUjfRtgkvwqLfiR21aa+IpCe"}}'
    headers:
      cache-control:
      - no-cache
      content-length:
      - '897'
      content-type:
      - application/json
      date:
      - Mon, 11 Jul 2022 17:36:02 GMT
      expires:
      - '-1'
      pragma:
      - no-cache
      server:
      - Microsoft-IIS/10.0
      strict-transport-security:
      - max-age=31536000; includeSubDomains
      transfer-encoding:
      - chunked
      vary:
      - Accept-Encoding
      x-aspnet-version:
      - 4.0.30319
      x-content-type-options:
      - nosniff
      x-ms-ratelimit-remaining-subscription-resource-requests:
      - '11999'
      x-powered-by:
      - ASP.NET
    status:
      code: 200
      message: OK
- request:
    body: '{"properties": {"numberOfWorkers": 1, "defaultDocuments": ["Default.htm",
      "Default.html", "Default.asp", "index.htm", "index.html", "iisstart.htm", "default.aspx",
      "index.php"], "netFrameworkVersion": "v4.0", "phpVersion": "", "pythonVersion":
      "", "nodeVersion": "", "powerShellVersion": "", "linuxFxVersion": "DOCKER|functionappacrtest000004.azurecr.io/image-name:latest",
      "requestTracingEnabled": false, "remoteDebuggingEnabled": false, "httpLoggingEnabled":
      false, "acrUseManagedIdentityCreds": false, "logsDirectorySizeLimit": 35, "detailedErrorLoggingEnabled":
      false, "publishingUsername": "$functionappacrtest000004", "scmType": "None",
      "use32BitWorkerProcess": false, "webSocketsEnabled": false, "alwaysOn": true,
      "appCommandLine": "", "managedPipelineMode": "Integrated", "virtualApplications":
      [{"virtualPath": "/", "physicalPath": "site\\wwwroot", "preloadEnabled": true}],
      "loadBalancing": "LeastRequests", "experiments": {"rampUpRules": []}, "autoHealEnabled":
      false, "vnetName": "", "vnetRouteAllEnabled": false, "vnetPrivatePortsCount":
      0, "localMySqlEnabled": false, "scmIpSecurityRestrictionsUseMain": false, "http20Enabled":
      true, "minTlsVersion": "1.2", "scmMinTlsVersion": "1.2", "ftpsState": "AllAllowed",
      "preWarmedInstanceCount": 0, "functionAppScaleLimit": 0, "functionsRuntimeScaleMonitoringEnabled":
      false, "minimumElasticInstanceCount": 0, "azureStorageAccounts": {}}}'
    headers:
      Accept:
      - application/json
      Accept-Encoding:
      - gzip, deflate
      CommandName:
      - functionapp config container set
      Connection:
      - keep-alive
      Content-Length:
      - '1394'
      Content-Type:
      - application/json
      ParameterSetName:
      - -g -n --docker-custom-image-name --docker-registry-server-url
      User-Agent:
      - AZURECLI/2.37.0 azsdk-python-azure-mgmt-web/6.1.0 Python/3.9.1 (Windows-10-10.0.22000-SP0)
    method: PATCH
    uri: https://management.azure.com/subscriptions/00000000-0000-0000-0000-000000000000/resourceGroups/clitest.rg000001/providers/Microsoft.Web/sites/functionappacrtest000004/config/web?api-version=2021-03-01
  response:
    body:
      string: '{"id":"/subscriptions/00000000-0000-0000-0000-000000000000/resourceGroups/clitest.rg000001/providers/Microsoft.Web/sites/functionappacrtest000004","name":"functionappacrtest000004","type":"Microsoft.Web/sites","location":"East
        US","properties":{"numberOfWorkers":1,"defaultDocuments":["Default.htm","Default.html","Default.asp","index.htm","index.html","iisstart.htm","default.aspx","index.php"],"netFrameworkVersion":"v4.0","phpVersion":"","pythonVersion":"","nodeVersion":"","powerShellVersion":"","linuxFxVersion":"DOCKER|functionappacrtest000004.azurecr.io/image-name:latest","windowsFxVersion":null,"requestTracingEnabled":false,"remoteDebuggingEnabled":false,"remoteDebuggingVersion":"VS2019","httpLoggingEnabled":false,"azureMonitorLogCategories":null,"acrUseManagedIdentityCreds":false,"acrUserManagedIdentityID":null,"logsDirectorySizeLimit":35,"detailedErrorLoggingEnabled":false,"publishingUsername":"$functionappacrtest000004","publishingPassword":null,"appSettings":null,"metadata":null,"connectionStrings":null,"machineKey":null,"handlerMappings":null,"documentRoot":null,"scmType":"None","use32BitWorkerProcess":false,"webSocketsEnabled":false,"alwaysOn":true,"javaVersion":null,"javaContainer":null,"javaContainerVersion":null,"appCommandLine":"","managedPipelineMode":"Integrated","virtualApplications":[{"virtualPath":"/","physicalPath":"site\\wwwroot","preloadEnabled":true,"virtualDirectories":null}],"winAuthAdminState":0,"winAuthTenantState":0,"customAppPoolIdentityAdminState":false,"customAppPoolIdentityTenantState":false,"runtimeADUser":null,"runtimeADUserPassword":null,"loadBalancing":"LeastRequests","routingRules":[],"experiments":{"rampUpRules":[]},"limits":null,"autoHealEnabled":false,"autoHealRules":null,"tracingOptions":null,"vnetName":"","vnetRouteAllEnabled":false,"vnetPrivatePortsCount":0,"publicNetworkAccess":null,"siteAuthEnabled":false,"siteAuthSettings":{"enabled":null,"unauthenticatedClientAction":null,"tokenStoreEnabled":null,"allowedExternalRedirectUrls":null,"defaultProvider":null,"clientId":null,"clientSecret":null,"clientSecretSettingName":null,"clientSecretCertificateThumbprint":null,"issuer":null,"allowedAudiences":null,"additionalLoginParams":null,"isAadAutoProvisioned":false,"aadClaimsAuthorization":null,"googleClientId":null,"googleClientSecret":null,"googleClientSecretSettingName":null,"googleOAuthScopes":null,"facebookAppId":null,"facebookAppSecret":null,"facebookAppSecretSettingName":null,"facebookOAuthScopes":null,"gitHubClientId":null,"gitHubClientSecret":null,"gitHubClientSecretSettingName":null,"gitHubOAuthScopes":null,"twitterConsumerKey":null,"twitterConsumerSecret":null,"twitterConsumerSecretSettingName":null,"microsoftAccountClientId":null,"microsoftAccountClientSecret":null,"microsoftAccountClientSecretSettingName":null,"microsoftAccountOAuthScopes":null,"configVersion":null},"cors":null,"push":null,"apiDefinition":null,"apiManagementConfig":null,"autoSwapSlotName":null,"localMySqlEnabled":false,"managedServiceIdentityId":null,"xManagedServiceIdentityId":null,"keyVaultReferenceIdentity":null,"ipSecurityRestrictions":[{"ipAddress":"Any","action":"Allow","priority":1,"name":"Allow
        all","description":"Allow all access"}],"scmIpSecurityRestrictions":[{"ipAddress":"Any","action":"Allow","priority":1,"name":"Allow
        all","description":"Allow all access"}],"scmIpSecurityRestrictionsUseMain":false,"http20Enabled":true,"minTlsVersion":"1.2","minTlsCipherSuite":null,"supportedTlsCipherSuites":null,"scmMinTlsVersion":"1.2","ftpsState":"AllAllowed","preWarmedInstanceCount":0,"functionAppScaleLimit":0,"healthCheckPath":null,"fileChangeAuditEnabled":false,"functionsRuntimeScaleMonitoringEnabled":false,"websiteTimeZone":null,"minimumElasticInstanceCount":0,"azureStorageAccounts":{},"http20ProxyFlag":0,"sitePort":null,"antivirusScanEnabled":false,"storageType":"StorageVolume"}}'
    headers:
      cache-control:
      - no-cache
      content-length:
      - '3866'
      content-type:
      - application/json
      date:
      - Mon, 11 Jul 2022 17:36:05 GMT
      etag:
      - '"1D8954CAE044C40"'
      expires:
      - '-1'
      pragma:
      - no-cache
      server:
      - Microsoft-IIS/10.0
      strict-transport-security:
      - max-age=31536000; includeSubDomains
      transfer-encoding:
      - chunked
      vary:
      - Accept-Encoding
      x-aspnet-version:
      - 4.0.30319
      x-content-type-options:
      - nosniff
      x-ms-ratelimit-remaining-subscription-writes:
      - '1199'
      x-powered-by:
      - ASP.NET
    status:
      code: 200
      message: OK
- request:
    body: null
    headers:
      Accept:
      - application/json
      Accept-Encoding:
      - gzip, deflate
      CommandName:
      - functionapp config container set
      Connection:
      - keep-alive
      ParameterSetName:
      - -g -n --docker-custom-image-name --docker-registry-server-url
      User-Agent:
      - AZURECLI/2.37.0 azsdk-python-azure-mgmt-web/6.1.0 Python/3.9.1 (Windows-10-10.0.22000-SP0)
    method: GET
    uri: https://management.azure.com/subscriptions/00000000-0000-0000-0000-000000000000/resourceGroups/clitest.rg000001/providers/Microsoft.Web/sites/functionappacrtest000004/config/web?api-version=2021-03-01
  response:
    body:
      string: '{"id":"/subscriptions/00000000-0000-0000-0000-000000000000/resourceGroups/clitest.rg000001/providers/Microsoft.Web/sites/functionappacrtest000004/config/web","name":"functionappacrtest000004","type":"Microsoft.Web/sites/config","location":"East
        US","properties":{"numberOfWorkers":1,"defaultDocuments":["Default.htm","Default.html","Default.asp","index.htm","index.html","iisstart.htm","default.aspx","index.php"],"netFrameworkVersion":"v4.0","phpVersion":"","pythonVersion":"","nodeVersion":"","powerShellVersion":"","linuxFxVersion":"DOCKER|functionappacrtest000004.azurecr.io/image-name:latest","windowsFxVersion":null,"requestTracingEnabled":false,"remoteDebuggingEnabled":false,"remoteDebuggingVersion":"VS2019","httpLoggingEnabled":false,"azureMonitorLogCategories":null,"acrUseManagedIdentityCreds":false,"acrUserManagedIdentityID":null,"logsDirectorySizeLimit":35,"detailedErrorLoggingEnabled":false,"publishingUsername":"$functionappacrtest000004","publishingPassword":null,"appSettings":null,"metadata":null,"connectionStrings":null,"machineKey":null,"handlerMappings":null,"documentRoot":null,"scmType":"None","use32BitWorkerProcess":false,"webSocketsEnabled":false,"alwaysOn":true,"javaVersion":null,"javaContainer":null,"javaContainerVersion":null,"appCommandLine":"","managedPipelineMode":"Integrated","virtualApplications":[{"virtualPath":"/","physicalPath":"site\\wwwroot","preloadEnabled":true,"virtualDirectories":null}],"winAuthAdminState":0,"winAuthTenantState":0,"customAppPoolIdentityAdminState":false,"customAppPoolIdentityTenantState":false,"runtimeADUser":null,"runtimeADUserPassword":null,"loadBalancing":"LeastRequests","routingRules":[],"experiments":{"rampUpRules":[]},"limits":null,"autoHealEnabled":false,"autoHealRules":null,"tracingOptions":null,"vnetName":"","vnetRouteAllEnabled":false,"vnetPrivatePortsCount":0,"publicNetworkAccess":null,"siteAuthEnabled":false,"siteAuthSettings":{"enabled":null,"unauthenticatedClientAction":null,"tokenStoreEnabled":null,"allowedExternalRedirectUrls":null,"defaultProvider":null,"clientId":null,"clientSecret":null,"clientSecretSettingName":null,"clientSecretCertificateThumbprint":null,"issuer":null,"allowedAudiences":null,"additionalLoginParams":null,"isAadAutoProvisioned":false,"aadClaimsAuthorization":null,"googleClientId":null,"googleClientSecret":null,"googleClientSecretSettingName":null,"googleOAuthScopes":null,"facebookAppId":null,"facebookAppSecret":null,"facebookAppSecretSettingName":null,"facebookOAuthScopes":null,"gitHubClientId":null,"gitHubClientSecret":null,"gitHubClientSecretSettingName":null,"gitHubOAuthScopes":null,"twitterConsumerKey":null,"twitterConsumerSecret":null,"twitterConsumerSecretSettingName":null,"microsoftAccountClientId":null,"microsoftAccountClientSecret":null,"microsoftAccountClientSecretSettingName":null,"microsoftAccountOAuthScopes":null,"configVersion":null},"cors":null,"push":null,"apiDefinition":null,"apiManagementConfig":null,"autoSwapSlotName":null,"localMySqlEnabled":false,"managedServiceIdentityId":null,"xManagedServiceIdentityId":null,"keyVaultReferenceIdentity":null,"ipSecurityRestrictions":[{"ipAddress":"Any","action":"Allow","priority":1,"name":"Allow
        all","description":"Allow all access"}],"scmIpSecurityRestrictions":[{"ipAddress":"Any","action":"Allow","priority":1,"name":"Allow
        all","description":"Allow all access"}],"scmIpSecurityRestrictionsUseMain":false,"http20Enabled":true,"minTlsVersion":"1.2","minTlsCipherSuite":null,"supportedTlsCipherSuites":null,"scmMinTlsVersion":"1.2","ftpsState":"AllAllowed","preWarmedInstanceCount":0,"functionAppScaleLimit":0,"healthCheckPath":null,"fileChangeAuditEnabled":false,"functionsRuntimeScaleMonitoringEnabled":false,"websiteTimeZone":null,"minimumElasticInstanceCount":0,"azureStorageAccounts":{},"http20ProxyFlag":0,"sitePort":null,"antivirusScanEnabled":false,"storageType":"StorageVolume"}}'
    headers:
      cache-control:
      - no-cache
      content-length:
      - '3884'
      content-type:
      - application/json
      date:
      - Mon, 11 Jul 2022 17:36:06 GMT
      expires:
      - '-1'
      pragma:
      - no-cache
      server:
      - Microsoft-IIS/10.0
      strict-transport-security:
      - max-age=31536000; includeSubDomains
      transfer-encoding:
      - chunked
      vary:
      - Accept-Encoding
      x-aspnet-version:
      - 4.0.30319
      x-content-type-options:
      - nosniff
      x-powered-by:
      - ASP.NET
    status:
      code: 200
      message: OK
- request:
    body: null
    headers:
      Accept:
      - application/json
      Accept-Encoding:
      - gzip, deflate
      CommandName:
      - functionapp config container show
      Connection:
      - keep-alive
      Content-Length:
      - '0'
      ParameterSetName:
      - -g -n
      User-Agent:
      - AZURECLI/2.37.0 azsdk-python-azure-mgmt-web/6.1.0 Python/3.9.1 (Windows-10-10.0.22000-SP0)
    method: POST
    uri: https://management.azure.com/subscriptions/00000000-0000-0000-0000-000000000000/resourceGroups/clitest.rg000001/providers/Microsoft.Web/sites/functionappacrtest000004/config/appsettings/list?api-version=2021-03-01
  response:
    body:
      string: '{"id":"/subscriptions/00000000-0000-0000-0000-000000000000/resourceGroups/clitest.rg000001/providers/Microsoft.Web/sites/functionappacrtest000004/config/appsettings","name":"appsettings","type":"Microsoft.Web/sites/config","location":"East
        US","properties":{"MACHINEKEY_DecryptionKey":"4EDE7FAE28E11B4950F01FCEF57A9735A320AD4A8F0BD2A351278277036C89AC","WEBSITES_ENABLE_APP_SERVICE_STORAGE":"true","FUNCTIONS_WORKER_RUNTIME":"node","FUNCTIONS_EXTENSION_VERSION":"~3","AzureWebJobsStorage":"DefaultEndpointsProtocol=https;EndpointSuffix=core.windows.net;AccountName=clitest000002;AccountKey=veryFakedStorageAccountKey==","APPINSIGHTS_INSTRUMENTATIONKEY":"9dcd4c64-4e09-4599-b7ca-c4cf2be0b68b","DOCKER_REGISTRY_SERVER_URL":"https://functionappacrtest000004.azurecr.io","DOCKER_REGISTRY_SERVER_USERNAME":"functionappacrtest000004","DOCKER_REGISTRY_SERVER_PASSWORD":"MLji63hWlUjfRtgkvwqLfiR21aa+IpCe"}}'
    headers:
      cache-control:
      - no-cache
      content-length:
      - '897'
      content-type:
      - application/json
      date:
      - Mon, 11 Jul 2022 17:36:06 GMT
      expires:
      - '-1'
      pragma:
      - no-cache
      server:
      - Microsoft-IIS/10.0
      strict-transport-security:
      - max-age=31536000; includeSubDomains
      transfer-encoding:
      - chunked
      vary:
      - Accept-Encoding
      x-aspnet-version:
      - 4.0.30319
      x-content-type-options:
      - nosniff
      x-ms-ratelimit-remaining-subscription-resource-requests:
      - '11999'
      x-powered-by:
      - ASP.NET
    status:
      code: 200
      message: OK
- request:
    body: null
    headers:
      Accept:
      - application/json
      Accept-Encoding:
      - gzip, deflate
      CommandName:
      - functionapp config container show
      Connection:
      - keep-alive
      ParameterSetName:
      - -g -n
      User-Agent:
      - AZURECLI/2.37.0 azsdk-python-azure-mgmt-web/6.1.0 Python/3.9.1 (Windows-10-10.0.22000-SP0)
    method: GET
    uri: https://management.azure.com/subscriptions/00000000-0000-0000-0000-000000000000/resourceGroups/clitest.rg000001/providers/Microsoft.Web/sites/functionappacrtest000004/config/slotConfigNames?api-version=2021-03-01
  response:
    body:
      string: '{"id":null,"name":"functionappacrtest000004","type":"Microsoft.Web/sites","location":"East
        US","properties":{"connectionStringNames":null,"appSettingNames":null,"azureStorageConfigNames":null}}'
    headers:
      cache-control:
      - no-cache
      content-length:
      - '193'
      content-type:
      - application/json
      date:
      - Mon, 11 Jul 2022 17:36:07 GMT
      expires:
      - '-1'
      pragma:
      - no-cache
      server:
      - Microsoft-IIS/10.0
      strict-transport-security:
      - max-age=31536000; includeSubDomains
      transfer-encoding:
      - chunked
      vary:
      - Accept-Encoding
      x-aspnet-version:
      - 4.0.30319
      x-content-type-options:
      - nosniff
      x-powered-by:
      - ASP.NET
    status:
      code: 200
      message: OK
- request:
    body: null
    headers:
      Accept:
      - application/json
      Accept-Encoding:
      - gzip, deflate
      CommandName:
      - functionapp config container show
      Connection:
      - keep-alive
      ParameterSetName:
      - -g -n
      User-Agent:
      - AZURECLI/2.37.0 azsdk-python-azure-mgmt-web/6.1.0 Python/3.9.1 (Windows-10-10.0.22000-SP0)
    method: GET
    uri: https://management.azure.com/subscriptions/00000000-0000-0000-0000-000000000000/resourceGroups/clitest.rg000001/providers/Microsoft.Web/sites/functionappacrtest000004/config/web?api-version=2021-03-01
  response:
    body:
      string: '{"id":"/subscriptions/00000000-0000-0000-0000-000000000000/resourceGroups/clitest.rg000001/providers/Microsoft.Web/sites/functionappacrtest000004/config/web","name":"functionappacrtest000004","type":"Microsoft.Web/sites/config","location":"East
        US","properties":{"numberOfWorkers":1,"defaultDocuments":["Default.htm","Default.html","Default.asp","index.htm","index.html","iisstart.htm","default.aspx","index.php"],"netFrameworkVersion":"v4.0","phpVersion":"","pythonVersion":"","nodeVersion":"","powerShellVersion":"","linuxFxVersion":"DOCKER|functionappacrtest000004.azurecr.io/image-name:latest","windowsFxVersion":null,"requestTracingEnabled":false,"remoteDebuggingEnabled":false,"remoteDebuggingVersion":"VS2019","httpLoggingEnabled":false,"azureMonitorLogCategories":null,"acrUseManagedIdentityCreds":false,"acrUserManagedIdentityID":null,"logsDirectorySizeLimit":35,"detailedErrorLoggingEnabled":false,"publishingUsername":"$functionappacrtest000004","publishingPassword":null,"appSettings":null,"metadata":null,"connectionStrings":null,"machineKey":null,"handlerMappings":null,"documentRoot":null,"scmType":"None","use32BitWorkerProcess":false,"webSocketsEnabled":false,"alwaysOn":true,"javaVersion":null,"javaContainer":null,"javaContainerVersion":null,"appCommandLine":"","managedPipelineMode":"Integrated","virtualApplications":[{"virtualPath":"/","physicalPath":"site\\wwwroot","preloadEnabled":true,"virtualDirectories":null}],"winAuthAdminState":0,"winAuthTenantState":0,"customAppPoolIdentityAdminState":false,"customAppPoolIdentityTenantState":false,"runtimeADUser":null,"runtimeADUserPassword":null,"loadBalancing":"LeastRequests","routingRules":[],"experiments":{"rampUpRules":[]},"limits":null,"autoHealEnabled":false,"autoHealRules":null,"tracingOptions":null,"vnetName":"","vnetRouteAllEnabled":false,"vnetPrivatePortsCount":0,"publicNetworkAccess":null,"siteAuthEnabled":false,"siteAuthSettings":{"enabled":null,"unauthenticatedClientAction":null,"tokenStoreEnabled":null,"allowedExternalRedirectUrls":null,"defaultProvider":null,"clientId":null,"clientSecret":null,"clientSecretSettingName":null,"clientSecretCertificateThumbprint":null,"issuer":null,"allowedAudiences":null,"additionalLoginParams":null,"isAadAutoProvisioned":false,"aadClaimsAuthorization":null,"googleClientId":null,"googleClientSecret":null,"googleClientSecretSettingName":null,"googleOAuthScopes":null,"facebookAppId":null,"facebookAppSecret":null,"facebookAppSecretSettingName":null,"facebookOAuthScopes":null,"gitHubClientId":null,"gitHubClientSecret":null,"gitHubClientSecretSettingName":null,"gitHubOAuthScopes":null,"twitterConsumerKey":null,"twitterConsumerSecret":null,"twitterConsumerSecretSettingName":null,"microsoftAccountClientId":null,"microsoftAccountClientSecret":null,"microsoftAccountClientSecretSettingName":null,"microsoftAccountOAuthScopes":null,"configVersion":null},"cors":null,"push":null,"apiDefinition":null,"apiManagementConfig":null,"autoSwapSlotName":null,"localMySqlEnabled":false,"managedServiceIdentityId":null,"xManagedServiceIdentityId":null,"keyVaultReferenceIdentity":null,"ipSecurityRestrictions":[{"ipAddress":"Any","action":"Allow","priority":1,"name":"Allow
        all","description":"Allow all access"}],"scmIpSecurityRestrictions":[{"ipAddress":"Any","action":"Allow","priority":1,"name":"Allow
        all","description":"Allow all access"}],"scmIpSecurityRestrictionsUseMain":false,"http20Enabled":true,"minTlsVersion":"1.2","minTlsCipherSuite":null,"supportedTlsCipherSuites":null,"scmMinTlsVersion":"1.2","ftpsState":"AllAllowed","preWarmedInstanceCount":0,"functionAppScaleLimit":0,"healthCheckPath":null,"fileChangeAuditEnabled":false,"functionsRuntimeScaleMonitoringEnabled":false,"websiteTimeZone":null,"minimumElasticInstanceCount":0,"azureStorageAccounts":{},"http20ProxyFlag":0,"sitePort":null,"antivirusScanEnabled":false,"storageType":"StorageVolume"}}'
    headers:
      cache-control:
      - no-cache
      content-length:
      - '3884'
      content-type:
      - application/json
      date:
      - Mon, 11 Jul 2022 17:36:07 GMT
      expires:
      - '-1'
      pragma:
      - no-cache
      server:
      - Microsoft-IIS/10.0
      strict-transport-security:
      - max-age=31536000; includeSubDomains
      transfer-encoding:
      - chunked
      vary:
      - Accept-Encoding
      x-aspnet-version:
      - 4.0.30319
      x-content-type-options:
      - nosniff
      x-powered-by:
      - ASP.NET
    status:
      code: 200
      message: OK
- request:
    body: null
    headers:
      Accept:
      - application/json
      Accept-Encoding:
      - gzip, deflate
      CommandName:
      - functionapp config appsettings list
      Connection:
      - keep-alive
      Content-Length:
      - '0'
      ParameterSetName:
      - -g -n
      User-Agent:
      - AZURECLI/2.37.0 azsdk-python-azure-mgmt-web/6.1.0 Python/3.9.1 (Windows-10-10.0.22000-SP0)
    method: POST
    uri: https://management.azure.com/subscriptions/00000000-0000-0000-0000-000000000000/resourceGroups/clitest.rg000001/providers/Microsoft.Web/sites/functionappacrtest000004/config/appsettings/list?api-version=2021-03-01
  response:
    body:
      string: '{"id":"/subscriptions/00000000-0000-0000-0000-000000000000/resourceGroups/clitest.rg000001/providers/Microsoft.Web/sites/functionappacrtest000004/config/appsettings","name":"appsettings","type":"Microsoft.Web/sites/config","location":"East
        US","properties":{"MACHINEKEY_DecryptionKey":"4EDE7FAE28E11B4950F01FCEF57A9735A320AD4A8F0BD2A351278277036C89AC","WEBSITES_ENABLE_APP_SERVICE_STORAGE":"true","FUNCTIONS_WORKER_RUNTIME":"node","FUNCTIONS_EXTENSION_VERSION":"~3","AzureWebJobsStorage":"DefaultEndpointsProtocol=https;EndpointSuffix=core.windows.net;AccountName=clitest000002;AccountKey=veryFakedStorageAccountKey==","APPINSIGHTS_INSTRUMENTATIONKEY":"9dcd4c64-4e09-4599-b7ca-c4cf2be0b68b","DOCKER_REGISTRY_SERVER_URL":"https://functionappacrtest000004.azurecr.io","DOCKER_REGISTRY_SERVER_USERNAME":"functionappacrtest000004","DOCKER_REGISTRY_SERVER_PASSWORD":"MLji63hWlUjfRtgkvwqLfiR21aa+IpCe"}}'
    headers:
      cache-control:
      - no-cache
      content-length:
      - '897'
      content-type:
      - application/json
      date:
      - Mon, 11 Jul 2022 17:36:09 GMT
      expires:
      - '-1'
      pragma:
      - no-cache
      server:
      - Microsoft-IIS/10.0
      strict-transport-security:
      - max-age=31536000; includeSubDomains
      transfer-encoding:
      - chunked
      vary:
      - Accept-Encoding
      x-aspnet-version:
      - 4.0.30319
      x-content-type-options:
      - nosniff
      x-ms-ratelimit-remaining-subscription-resource-requests:
      - '11999'
      x-powered-by:
      - ASP.NET
    status:
      code: 200
      message: OK
- request:
    body: null
    headers:
      Accept:
      - application/json
      Accept-Encoding:
      - gzip, deflate
      CommandName:
      - functionapp config appsettings list
      Connection:
      - keep-alive
      ParameterSetName:
      - -g -n
      User-Agent:
      - AZURECLI/2.37.0 azsdk-python-azure-mgmt-web/6.1.0 Python/3.9.1 (Windows-10-10.0.22000-SP0)
    method: GET
    uri: https://management.azure.com/subscriptions/00000000-0000-0000-0000-000000000000/resourceGroups/clitest.rg000001/providers/Microsoft.Web/sites/functionappacrtest000004/config/slotConfigNames?api-version=2021-03-01
  response:
    body:
      string: '{"id":null,"name":"functionappacrtest000004","type":"Microsoft.Web/sites","location":"East
        US","properties":{"connectionStringNames":null,"appSettingNames":null,"azureStorageConfigNames":null}}'
    headers:
      cache-control:
      - no-cache
      content-length:
      - '193'
      content-type:
      - application/json
      date:
      - Mon, 11 Jul 2022 17:36:09 GMT
      expires:
      - '-1'
      pragma:
      - no-cache
      server:
      - Microsoft-IIS/10.0
      strict-transport-security:
      - max-age=31536000; includeSubDomains
      transfer-encoding:
      - chunked
      vary:
      - Accept-Encoding
      x-aspnet-version:
      - 4.0.30319
      x-content-type-options:
      - nosniff
      x-powered-by:
      - ASP.NET
    status:
      code: 200
      message: OK
- request:
    body: null
    headers:
      Accept:
      - application/json
      Accept-Encoding:
      - gzip, deflate
      CommandName:
      - functionapp config container delete
      Connection:
      - keep-alive
      ParameterSetName:
      - -g -n
      User-Agent:
      - AZURECLI/2.37.0 azsdk-python-azure-mgmt-web/6.1.0 Python/3.9.1 (Windows-10-10.0.22000-SP0)
    method: GET
    uri: https://management.azure.com/subscriptions/00000000-0000-0000-0000-000000000000/resourceGroups/clitest.rg000001/providers/Microsoft.Web/sites/functionappacrtest000004/config/web?api-version=2021-03-01
  response:
    body:
      string: '{"id":"/subscriptions/00000000-0000-0000-0000-000000000000/resourceGroups/clitest.rg000001/providers/Microsoft.Web/sites/functionappacrtest000004/config/web","name":"functionappacrtest000004","type":"Microsoft.Web/sites/config","location":"East
        US","properties":{"numberOfWorkers":1,"defaultDocuments":["Default.htm","Default.html","Default.asp","index.htm","index.html","iisstart.htm","default.aspx","index.php"],"netFrameworkVersion":"v4.0","phpVersion":"","pythonVersion":"","nodeVersion":"","powerShellVersion":"","linuxFxVersion":"DOCKER|functionappacrtest000004.azurecr.io/image-name:latest","windowsFxVersion":null,"requestTracingEnabled":false,"remoteDebuggingEnabled":false,"remoteDebuggingVersion":"VS2019","httpLoggingEnabled":false,"azureMonitorLogCategories":null,"acrUseManagedIdentityCreds":false,"acrUserManagedIdentityID":null,"logsDirectorySizeLimit":35,"detailedErrorLoggingEnabled":false,"publishingUsername":"$functionappacrtest000004","publishingPassword":null,"appSettings":null,"metadata":null,"connectionStrings":null,"machineKey":null,"handlerMappings":null,"documentRoot":null,"scmType":"None","use32BitWorkerProcess":false,"webSocketsEnabled":false,"alwaysOn":true,"javaVersion":null,"javaContainer":null,"javaContainerVersion":null,"appCommandLine":"","managedPipelineMode":"Integrated","virtualApplications":[{"virtualPath":"/","physicalPath":"site\\wwwroot","preloadEnabled":true,"virtualDirectories":null}],"winAuthAdminState":0,"winAuthTenantState":0,"customAppPoolIdentityAdminState":false,"customAppPoolIdentityTenantState":false,"runtimeADUser":null,"runtimeADUserPassword":null,"loadBalancing":"LeastRequests","routingRules":[],"experiments":{"rampUpRules":[]},"limits":null,"autoHealEnabled":false,"autoHealRules":null,"tracingOptions":null,"vnetName":"","vnetRouteAllEnabled":false,"vnetPrivatePortsCount":0,"publicNetworkAccess":null,"siteAuthEnabled":false,"siteAuthSettings":{"enabled":null,"unauthenticatedClientAction":null,"tokenStoreEnabled":null,"allowedExternalRedirectUrls":null,"defaultProvider":null,"clientId":null,"clientSecret":null,"clientSecretSettingName":null,"clientSecretCertificateThumbprint":null,"issuer":null,"allowedAudiences":null,"additionalLoginParams":null,"isAadAutoProvisioned":false,"aadClaimsAuthorization":null,"googleClientId":null,"googleClientSecret":null,"googleClientSecretSettingName":null,"googleOAuthScopes":null,"facebookAppId":null,"facebookAppSecret":null,"facebookAppSecretSettingName":null,"facebookOAuthScopes":null,"gitHubClientId":null,"gitHubClientSecret":null,"gitHubClientSecretSettingName":null,"gitHubOAuthScopes":null,"twitterConsumerKey":null,"twitterConsumerSecret":null,"twitterConsumerSecretSettingName":null,"microsoftAccountClientId":null,"microsoftAccountClientSecret":null,"microsoftAccountClientSecretSettingName":null,"microsoftAccountOAuthScopes":null,"configVersion":null},"cors":null,"push":null,"apiDefinition":null,"apiManagementConfig":null,"autoSwapSlotName":null,"localMySqlEnabled":false,"managedServiceIdentityId":null,"xManagedServiceIdentityId":null,"keyVaultReferenceIdentity":null,"ipSecurityRestrictions":[{"ipAddress":"Any","action":"Allow","priority":1,"name":"Allow
        all","description":"Allow all access"}],"scmIpSecurityRestrictions":[{"ipAddress":"Any","action":"Allow","priority":1,"name":"Allow
        all","description":"Allow all access"}],"scmIpSecurityRestrictionsUseMain":false,"http20Enabled":true,"minTlsVersion":"1.2","minTlsCipherSuite":null,"supportedTlsCipherSuites":null,"scmMinTlsVersion":"1.2","ftpsState":"AllAllowed","preWarmedInstanceCount":0,"functionAppScaleLimit":0,"healthCheckPath":null,"fileChangeAuditEnabled":false,"functionsRuntimeScaleMonitoringEnabled":false,"websiteTimeZone":null,"minimumElasticInstanceCount":0,"azureStorageAccounts":{},"http20ProxyFlag":0,"sitePort":null,"antivirusScanEnabled":false,"storageType":"StorageVolume"}}'
    headers:
      cache-control:
      - no-cache
      content-length:
      - '3884'
      content-type:
      - application/json
      date:
      - Mon, 11 Jul 2022 17:36:10 GMT
      expires:
      - '-1'
      pragma:
      - no-cache
      server:
      - Microsoft-IIS/10.0
      strict-transport-security:
      - max-age=31536000; includeSubDomains
      transfer-encoding:
      - chunked
      vary:
      - Accept-Encoding
      x-aspnet-version:
      - 4.0.30319
      x-content-type-options:
      - nosniff
      x-powered-by:
      - ASP.NET
    status:
      code: 200
      message: OK
- request:
    body: null
    headers:
      Accept:
      - application/json
      Accept-Encoding:
      - gzip, deflate
      CommandName:
      - functionapp config container delete
      Connection:
      - keep-alive
      Content-Length:
      - '0'
      ParameterSetName:
      - -g -n
      User-Agent:
      - AZURECLI/2.37.0 azsdk-python-azure-mgmt-web/6.1.0 Python/3.9.1 (Windows-10-10.0.22000-SP0)
    method: POST
    uri: https://management.azure.com/subscriptions/00000000-0000-0000-0000-000000000000/resourceGroups/clitest.rg000001/providers/Microsoft.Web/sites/functionappacrtest000004/config/appsettings/list?api-version=2021-03-01
  response:
    body:
      string: '{"id":"/subscriptions/00000000-0000-0000-0000-000000000000/resourceGroups/clitest.rg000001/providers/Microsoft.Web/sites/functionappacrtest000004/config/appsettings","name":"appsettings","type":"Microsoft.Web/sites/config","location":"East
        US","properties":{"MACHINEKEY_DecryptionKey":"4EDE7FAE28E11B4950F01FCEF57A9735A320AD4A8F0BD2A351278277036C89AC","WEBSITES_ENABLE_APP_SERVICE_STORAGE":"true","FUNCTIONS_WORKER_RUNTIME":"node","FUNCTIONS_EXTENSION_VERSION":"~3","AzureWebJobsStorage":"DefaultEndpointsProtocol=https;EndpointSuffix=core.windows.net;AccountName=clitest000002;AccountKey=veryFakedStorageAccountKey==","APPINSIGHTS_INSTRUMENTATIONKEY":"9dcd4c64-4e09-4599-b7ca-c4cf2be0b68b","DOCKER_REGISTRY_SERVER_URL":"https://functionappacrtest000004.azurecr.io","DOCKER_REGISTRY_SERVER_USERNAME":"functionappacrtest000004","DOCKER_REGISTRY_SERVER_PASSWORD":"MLji63hWlUjfRtgkvwqLfiR21aa+IpCe"}}'
    headers:
      cache-control:
      - no-cache
      content-length:
      - '897'
      content-type:
      - application/json
      date:
      - Mon, 11 Jul 2022 17:36:11 GMT
      expires:
      - '-1'
      pragma:
      - no-cache
      server:
      - Microsoft-IIS/10.0
      strict-transport-security:
      - max-age=31536000; includeSubDomains
      transfer-encoding:
      - chunked
      vary:
      - Accept-Encoding
      x-aspnet-version:
      - 4.0.30319
      x-content-type-options:
      - nosniff
      x-ms-ratelimit-remaining-subscription-resource-requests:
      - '11999'
      x-powered-by:
      - ASP.NET
    status:
      code: 200
      message: OK
- request:
    body: null
    headers:
      Accept:
      - application/json
      Accept-Encoding:
      - gzip, deflate
      CommandName:
      - functionapp config container delete
      Connection:
      - keep-alive
      Content-Length:
      - '0'
      ParameterSetName:
      - -g -n
      User-Agent:
      - AZURECLI/2.37.0 azsdk-python-azure-mgmt-web/6.1.0 Python/3.9.1 (Windows-10-10.0.22000-SP0)
    method: POST
    uri: https://management.azure.com/subscriptions/00000000-0000-0000-0000-000000000000/resourceGroups/clitest.rg000001/providers/Microsoft.Web/sites/functionappacrtest000004/config/appsettings/list?api-version=2021-03-01
  response:
    body:
      string: '{"id":"/subscriptions/00000000-0000-0000-0000-000000000000/resourceGroups/clitest.rg000001/providers/Microsoft.Web/sites/functionappacrtest000004/config/appsettings","name":"appsettings","type":"Microsoft.Web/sites/config","location":"East
        US","properties":{"MACHINEKEY_DecryptionKey":"4EDE7FAE28E11B4950F01FCEF57A9735A320AD4A8F0BD2A351278277036C89AC","WEBSITES_ENABLE_APP_SERVICE_STORAGE":"true","FUNCTIONS_WORKER_RUNTIME":"node","FUNCTIONS_EXTENSION_VERSION":"~3","AzureWebJobsStorage":"DefaultEndpointsProtocol=https;EndpointSuffix=core.windows.net;AccountName=clitest000002;AccountKey=veryFakedStorageAccountKey==","APPINSIGHTS_INSTRUMENTATIONKEY":"9dcd4c64-4e09-4599-b7ca-c4cf2be0b68b","DOCKER_REGISTRY_SERVER_URL":"https://functionappacrtest000004.azurecr.io","DOCKER_REGISTRY_SERVER_USERNAME":"functionappacrtest000004","DOCKER_REGISTRY_SERVER_PASSWORD":"MLji63hWlUjfRtgkvwqLfiR21aa+IpCe"}}'
    headers:
      cache-control:
      - no-cache
      content-length:
      - '897'
      content-type:
      - application/json
      date:
      - Mon, 11 Jul 2022 17:36:11 GMT
      expires:
      - '-1'
      pragma:
      - no-cache
      server:
      - Microsoft-IIS/10.0
      strict-transport-security:
      - max-age=31536000; includeSubDomains
      transfer-encoding:
      - chunked
      vary:
      - Accept-Encoding
      x-aspnet-version:
      - 4.0.30319
      x-content-type-options:
      - nosniff
      x-ms-ratelimit-remaining-subscription-resource-requests:
      - '11999'
      x-powered-by:
      - ASP.NET
    status:
      code: 200
      message: OK
- request:
    body: null
    headers:
      Accept:
      - application/json
      Accept-Encoding:
      - gzip, deflate
      CommandName:
      - functionapp config container delete
      Connection:
      - keep-alive
      ParameterSetName:
      - -g -n
      User-Agent:
      - AZURECLI/2.37.0 azsdk-python-azure-mgmt-web/6.1.0 Python/3.9.1 (Windows-10-10.0.22000-SP0)
    method: GET
    uri: https://management.azure.com/subscriptions/00000000-0000-0000-0000-000000000000/resourceGroups/clitest.rg000001/providers/Microsoft.Web/sites/functionappacrtest000004/config/slotConfigNames?api-version=2021-03-01
  response:
    body:
      string: '{"id":null,"name":"functionappacrtest000004","type":"Microsoft.Web/sites","location":"East
        US","properties":{"connectionStringNames":null,"appSettingNames":null,"azureStorageConfigNames":null}}'
    headers:
      cache-control:
      - no-cache
      content-length:
      - '193'
      content-type:
      - application/json
      date:
      - Mon, 11 Jul 2022 17:36:12 GMT
      expires:
      - '-1'
      pragma:
      - no-cache
      server:
      - Microsoft-IIS/10.0
      strict-transport-security:
      - max-age=31536000; includeSubDomains
      transfer-encoding:
      - chunked
      vary:
      - Accept-Encoding
      x-aspnet-version:
      - 4.0.30319
      x-content-type-options:
      - nosniff
      x-powered-by:
      - ASP.NET
    status:
      code: 200
      message: OK
- request:
    body: '{"properties": {"MACHINEKEY_DecryptionKey": "4EDE7FAE28E11B4950F01FCEF57A9735A320AD4A8F0BD2A351278277036C89AC",
      "FUNCTIONS_WORKER_RUNTIME": "node", "FUNCTIONS_EXTENSION_VERSION": "~3", "AzureWebJobsStorage":
      "DefaultEndpointsProtocol=https;EndpointSuffix=core.windows.net;AccountName=clitest000002;AccountKey=veryFakedStorageAccountKey==",
      "APPINSIGHTS_INSTRUMENTATIONKEY": "9dcd4c64-4e09-4599-b7ca-c4cf2be0b68b", "DOCKER_REGISTRY_SERVER_URL":
      "https://functionappacrtest000004.azurecr.io", "DOCKER_REGISTRY_SERVER_USERNAME":
      "functionappacrtest000004", "DOCKER_REGISTRY_SERVER_PASSWORD": "MLji63hWlUjfRtgkvwqLfiR21aa+IpCe"}}'
    headers:
      Accept:
      - application/json
      Accept-Encoding:
      - gzip, deflate
      CommandName:
      - functionapp config container delete
      Connection:
      - keep-alive
      Content-Length:
      - '625'
      Content-Type:
      - application/json
      ParameterSetName:
      - -g -n
      User-Agent:
      - AZURECLI/2.37.0 azsdk-python-azure-mgmt-web/6.1.0 Python/3.9.1 (Windows-10-10.0.22000-SP0)
    method: PUT
    uri: https://management.azure.com/subscriptions/00000000-0000-0000-0000-000000000000/resourceGroups/clitest.rg000001/providers/Microsoft.Web/sites/functionappacrtest000004/config/appsettings?api-version=2021-03-01
  response:
    body:
      string: '{"id":"/subscriptions/00000000-0000-0000-0000-000000000000/resourceGroups/clitest.rg000001/providers/Microsoft.Web/sites/functionappacrtest000004/config/appsettings","name":"appsettings","type":"Microsoft.Web/sites/config","location":"East
        US","properties":{"MACHINEKEY_DecryptionKey":"4EDE7FAE28E11B4950F01FCEF57A9735A320AD4A8F0BD2A351278277036C89AC","FUNCTIONS_WORKER_RUNTIME":"node","FUNCTIONS_EXTENSION_VERSION":"~3","AzureWebJobsStorage":"DefaultEndpointsProtocol=https;EndpointSuffix=core.windows.net;AccountName=clitest000002;AccountKey=veryFakedStorageAccountKey==","APPINSIGHTS_INSTRUMENTATIONKEY":"9dcd4c64-4e09-4599-b7ca-c4cf2be0b68b","DOCKER_REGISTRY_SERVER_URL":"https://functionappacrtest000004.azurecr.io","DOCKER_REGISTRY_SERVER_USERNAME":"functionappacrtest000004","DOCKER_REGISTRY_SERVER_PASSWORD":"MLji63hWlUjfRtgkvwqLfiR21aa+IpCe"}}'
    headers:
      cache-control:
      - no-cache
      content-length:
      - '852'
      content-type:
      - application/json
      date:
      - Mon, 11 Jul 2022 17:36:13 GMT
      etag:
      - '"1D8954CB25508C0"'
      expires:
      - '-1'
      pragma:
      - no-cache
      server:
      - Microsoft-IIS/10.0
      strict-transport-security:
      - max-age=31536000; includeSubDomains
      transfer-encoding:
      - chunked
      vary:
      - Accept-Encoding
      x-aspnet-version:
      - 4.0.30319
      x-content-type-options:
      - nosniff
      x-ms-ratelimit-remaining-subscription-writes:
      - '1199'
      x-powered-by:
      - ASP.NET
    status:
      code: 200
      message: OK
- request:
    body: '{"properties": {"numberOfWorkers": 1, "defaultDocuments": ["Default.htm",
      "Default.html", "Default.asp", "index.htm", "index.html", "iisstart.htm", "default.aspx",
      "index.php"], "netFrameworkVersion": "v4.0", "phpVersion": "", "pythonVersion":
      "", "nodeVersion": "", "powerShellVersion": "", "linuxFxVersion": " ", "requestTracingEnabled":
      false, "remoteDebuggingEnabled": false, "remoteDebuggingVersion": "VS2019",
      "httpLoggingEnabled": false, "acrUseManagedIdentityCreds": false, "logsDirectorySizeLimit":
      35, "detailedErrorLoggingEnabled": false, "publishingUsername": "$functionappacrtest000004",
      "scmType": "None", "use32BitWorkerProcess": false, "webSocketsEnabled": false,
      "alwaysOn": true, "appCommandLine": "", "managedPipelineMode": "Integrated",
      "virtualApplications": [{"virtualPath": "/", "physicalPath": "site\\wwwroot",
      "preloadEnabled": true}], "loadBalancing": "LeastRequests", "experiments": {"rampUpRules":
      []}, "autoHealEnabled": false, "vnetName": "", "vnetRouteAllEnabled": false,
      "vnetPrivatePortsCount": 0, "localMySqlEnabled": false, "scmIpSecurityRestrictionsUseMain":
      false, "http20Enabled": true, "minTlsVersion": "1.2", "scmMinTlsVersion": "1.2",
      "ftpsState": "AllAllowed", "preWarmedInstanceCount": 0, "functionAppScaleLimit":
      0, "functionsRuntimeScaleMonitoringEnabled": false, "minimumElasticInstanceCount":
      0, "azureStorageAccounts": {}}}'
    headers:
      Accept:
      - application/json
      Accept-Encoding:
      - gzip, deflate
      CommandName:
      - functionapp config container delete
      Connection:
      - keep-alive
      Content-Length:
      - '1371'
      Content-Type:
      - application/json
      ParameterSetName:
      - -g -n
      User-Agent:
      - AZURECLI/2.37.0 azsdk-python-azure-mgmt-web/6.1.0 Python/3.9.1 (Windows-10-10.0.22000-SP0)
    method: PATCH
    uri: https://management.azure.com/subscriptions/00000000-0000-0000-0000-000000000000/resourceGroups/clitest.rg000001/providers/Microsoft.Web/sites/functionappacrtest000004/config/web?api-version=2021-03-01
  response:
    body:
      string: '{"id":"/subscriptions/00000000-0000-0000-0000-000000000000/resourceGroups/clitest.rg000001/providers/Microsoft.Web/sites/functionappacrtest000004","name":"functionappacrtest000004","type":"Microsoft.Web/sites","location":"East
        US","properties":{"numberOfWorkers":1,"defaultDocuments":["Default.htm","Default.html","Default.asp","index.htm","index.html","iisstart.htm","default.aspx","index.php"],"netFrameworkVersion":"v4.0","phpVersion":"","pythonVersion":"","nodeVersion":"","powerShellVersion":"","linuxFxVersion":"
        ","windowsFxVersion":null,"requestTracingEnabled":false,"remoteDebuggingEnabled":false,"remoteDebuggingVersion":"VS2019","httpLoggingEnabled":false,"azureMonitorLogCategories":null,"acrUseManagedIdentityCreds":false,"acrUserManagedIdentityID":null,"logsDirectorySizeLimit":35,"detailedErrorLoggingEnabled":false,"publishingUsername":"$functionappacrtest000004","publishingPassword":null,"appSettings":null,"metadata":null,"connectionStrings":null,"machineKey":null,"handlerMappings":null,"documentRoot":null,"scmType":"None","use32BitWorkerProcess":false,"webSocketsEnabled":false,"alwaysOn":true,"javaVersion":null,"javaContainer":null,"javaContainerVersion":null,"appCommandLine":"","managedPipelineMode":"Integrated","virtualApplications":[{"virtualPath":"/","physicalPath":"site\\wwwroot","preloadEnabled":true,"virtualDirectories":null}],"winAuthAdminState":0,"winAuthTenantState":0,"customAppPoolIdentityAdminState":false,"customAppPoolIdentityTenantState":false,"runtimeADUser":null,"runtimeADUserPassword":null,"loadBalancing":"LeastRequests","routingRules":[],"experiments":{"rampUpRules":[]},"limits":null,"autoHealEnabled":false,"autoHealRules":null,"tracingOptions":null,"vnetName":"","vnetRouteAllEnabled":false,"vnetPrivatePortsCount":0,"publicNetworkAccess":null,"siteAuthEnabled":false,"siteAuthSettings":{"enabled":null,"unauthenticatedClientAction":null,"tokenStoreEnabled":null,"allowedExternalRedirectUrls":null,"defaultProvider":null,"clientId":null,"clientSecret":null,"clientSecretSettingName":null,"clientSecretCertificateThumbprint":null,"issuer":null,"allowedAudiences":null,"additionalLoginParams":null,"isAadAutoProvisioned":false,"aadClaimsAuthorization":null,"googleClientId":null,"googleClientSecret":null,"googleClientSecretSettingName":null,"googleOAuthScopes":null,"facebookAppId":null,"facebookAppSecret":null,"facebookAppSecretSettingName":null,"facebookOAuthScopes":null,"gitHubClientId":null,"gitHubClientSecret":null,"gitHubClientSecretSettingName":null,"gitHubOAuthScopes":null,"twitterConsumerKey":null,"twitterConsumerSecret":null,"twitterConsumerSecretSettingName":null,"microsoftAccountClientId":null,"microsoftAccountClientSecret":null,"microsoftAccountClientSecretSettingName":null,"microsoftAccountOAuthScopes":null,"configVersion":null},"cors":null,"push":null,"apiDefinition":null,"apiManagementConfig":null,"autoSwapSlotName":null,"localMySqlEnabled":false,"managedServiceIdentityId":null,"xManagedServiceIdentityId":null,"keyVaultReferenceIdentity":null,"ipSecurityRestrictions":[{"ipAddress":"Any","action":"Allow","priority":1,"name":"Allow
        all","description":"Allow all access"}],"scmIpSecurityRestrictions":[{"ipAddress":"Any","action":"Allow","priority":1,"name":"Allow
        all","description":"Allow all access"}],"scmIpSecurityRestrictionsUseMain":false,"http20Enabled":true,"minTlsVersion":"1.2","minTlsCipherSuite":null,"supportedTlsCipherSuites":null,"scmMinTlsVersion":"1.2","ftpsState":"AllAllowed","preWarmedInstanceCount":0,"functionAppScaleLimit":0,"healthCheckPath":null,"fileChangeAuditEnabled":false,"functionsRuntimeScaleMonitoringEnabled":false,"websiteTimeZone":null,"minimumElasticInstanceCount":0,"azureStorageAccounts":{},"http20ProxyFlag":0,"sitePort":null,"antivirusScanEnabled":false,"storageType":"StorageVolume"}}'
    headers:
      cache-control:
      - no-cache
      content-length:
      - '3807'
      content-type:
      - application/json
      date:
      - Mon, 11 Jul 2022 17:36:20 GMT
      etag:
      - '"1D8954CB77D6D95"'
      expires:
      - '-1'
      pragma:
      - no-cache
      server:
      - Microsoft-IIS/10.0
      strict-transport-security:
      - max-age=31536000; includeSubDomains
      transfer-encoding:
      - chunked
      vary:
      - Accept-Encoding
      x-aspnet-version:
      - 4.0.30319
      x-content-type-options:
      - nosniff
      x-ms-ratelimit-remaining-subscription-writes:
      - '1199'
      x-powered-by:
      - ASP.NET
    status:
      code: 200
      message: OK
- request:
    body: null
    headers:
      Accept:
      - application/json
      Accept-Encoding:
      - gzip, deflate
      CommandName:
      - functionapp config container delete
      Connection:
      - keep-alive
      Content-Length:
      - '0'
      ParameterSetName:
      - -g -n
      User-Agent:
      - AZURECLI/2.37.0 azsdk-python-azure-mgmt-web/6.1.0 Python/3.9.1 (Windows-10-10.0.22000-SP0)
    method: POST
    uri: https://management.azure.com/subscriptions/00000000-0000-0000-0000-000000000000/resourceGroups/clitest.rg000001/providers/Microsoft.Web/sites/functionappacrtest000004/config/appsettings/list?api-version=2021-03-01
  response:
    body:
      string: '{"id":"/subscriptions/00000000-0000-0000-0000-000000000000/resourceGroups/clitest.rg000001/providers/Microsoft.Web/sites/functionappacrtest000004/config/appsettings","name":"appsettings","type":"Microsoft.Web/sites/config","location":"East
        US","properties":{"MACHINEKEY_DecryptionKey":"4EDE7FAE28E11B4950F01FCEF57A9735A320AD4A8F0BD2A351278277036C89AC","FUNCTIONS_WORKER_RUNTIME":"node","FUNCTIONS_EXTENSION_VERSION":"~3","AzureWebJobsStorage":"DefaultEndpointsProtocol=https;EndpointSuffix=core.windows.net;AccountName=clitest000002;AccountKey=veryFakedStorageAccountKey==","APPINSIGHTS_INSTRUMENTATIONKEY":"9dcd4c64-4e09-4599-b7ca-c4cf2be0b68b","DOCKER_REGISTRY_SERVER_URL":"https://functionappacrtest000004.azurecr.io","DOCKER_REGISTRY_SERVER_USERNAME":"functionappacrtest000004","DOCKER_REGISTRY_SERVER_PASSWORD":"MLji63hWlUjfRtgkvwqLfiR21aa+IpCe"}}'
    headers:
      cache-control:
      - no-cache
      content-length:
      - '852'
      content-type:
      - application/json
      date:
      - Mon, 11 Jul 2022 17:36:21 GMT
      expires:
      - '-1'
      pragma:
      - no-cache
      server:
      - Microsoft-IIS/10.0
      strict-transport-security:
      - max-age=31536000; includeSubDomains
      transfer-encoding:
      - chunked
      vary:
      - Accept-Encoding
      x-aspnet-version:
      - 4.0.30319
      x-content-type-options:
      - nosniff
      x-ms-ratelimit-remaining-subscription-resource-requests:
      - '11999'
      x-powered-by:
      - ASP.NET
    status:
      code: 200
      message: OK
- request:
    body: null
    headers:
      Accept:
      - application/json
      Accept-Encoding:
      - gzip, deflate
      CommandName:
      - functionapp config container delete
      Connection:
      - keep-alive
      ParameterSetName:
      - -g -n
      User-Agent:
      - AZURECLI/2.37.0 azsdk-python-azure-mgmt-web/6.1.0 Python/3.9.1 (Windows-10-10.0.22000-SP0)
    method: GET
    uri: https://management.azure.com/subscriptions/00000000-0000-0000-0000-000000000000/resourceGroups/clitest.rg000001/providers/Microsoft.Web/sites/functionappacrtest000004/config/slotConfigNames?api-version=2021-03-01
  response:
    body:
      string: '{"id":null,"name":"functionappacrtest000004","type":"Microsoft.Web/sites","location":"East
        US","properties":{"connectionStringNames":null,"appSettingNames":null,"azureStorageConfigNames":null}}'
    headers:
      cache-control:
      - no-cache
      content-length:
      - '193'
      content-type:
      - application/json
      date:
      - Mon, 11 Jul 2022 17:36:21 GMT
      expires:
      - '-1'
      pragma:
      - no-cache
      server:
      - Microsoft-IIS/10.0
      strict-transport-security:
      - max-age=31536000; includeSubDomains
      transfer-encoding:
      - chunked
      vary:
      - Accept-Encoding
      x-aspnet-version:
      - 4.0.30319
      x-content-type-options:
      - nosniff
      x-powered-by:
      - ASP.NET
    status:
      code: 200
      message: OK
- request:
    body: '{"properties": {"MACHINEKEY_DecryptionKey": "4EDE7FAE28E11B4950F01FCEF57A9735A320AD4A8F0BD2A351278277036C89AC",
      "FUNCTIONS_WORKER_RUNTIME": "node", "FUNCTIONS_EXTENSION_VERSION": "~3", "AzureWebJobsStorage":
      "DefaultEndpointsProtocol=https;EndpointSuffix=core.windows.net;AccountName=clitest000002;AccountKey=veryFakedStorageAccountKey==",
      "APPINSIGHTS_INSTRUMENTATIONKEY": "9dcd4c64-4e09-4599-b7ca-c4cf2be0b68b"}}'
    headers:
      Accept:
      - application/json
      Accept-Encoding:
      - gzip, deflate
      CommandName:
      - functionapp config container delete
      Connection:
      - keep-alive
      Content-Length:
      - '414'
      Content-Type:
      - application/json
      ParameterSetName:
      - -g -n
      User-Agent:
      - AZURECLI/2.37.0 azsdk-python-azure-mgmt-web/6.1.0 Python/3.9.1 (Windows-10-10.0.22000-SP0)
    method: PUT
    uri: https://management.azure.com/subscriptions/00000000-0000-0000-0000-000000000000/resourceGroups/clitest.rg000001/providers/Microsoft.Web/sites/functionappacrtest000004/config/appsettings?api-version=2021-03-01
  response:
    body:
      string: '{"id":"/subscriptions/00000000-0000-0000-0000-000000000000/resourceGroups/clitest.rg000001/providers/Microsoft.Web/sites/functionappacrtest000004/config/appsettings","name":"appsettings","type":"Microsoft.Web/sites/config","location":"East
        US","properties":{"MACHINEKEY_DecryptionKey":"4EDE7FAE28E11B4950F01FCEF57A9735A320AD4A8F0BD2A351278277036C89AC","FUNCTIONS_WORKER_RUNTIME":"node","FUNCTIONS_EXTENSION_VERSION":"~3","AzureWebJobsStorage":"DefaultEndpointsProtocol=https;EndpointSuffix=core.windows.net;AccountName=clitest000002;AccountKey=veryFakedStorageAccountKey==","APPINSIGHTS_INSTRUMENTATIONKEY":"9dcd4c64-4e09-4599-b7ca-c4cf2be0b68b"}}'
    headers:
      cache-control:
      - no-cache
      content-length:
      - '647'
      content-type:
      - application/json
      date:
      - Mon, 11 Jul 2022 17:36:22 GMT
      etag:
      - '"1D8954CBBE48B40"'
      expires:
      - '-1'
      pragma:
      - no-cache
      server:
      - Microsoft-IIS/10.0
      strict-transport-security:
      - max-age=31536000; includeSubDomains
      transfer-encoding:
      - chunked
      vary:
      - Accept-Encoding
      x-aspnet-version:
      - 4.0.30319
      x-content-type-options:
      - nosniff
      x-ms-ratelimit-remaining-subscription-writes:
      - '1199'
      x-powered-by:
      - ASP.NET
    status:
      code: 200
      message: OK
- request:
    body: null
    headers:
      Accept:
      - application/json
      Accept-Encoding:
      - gzip, deflate
      CommandName:
      - functionapp config appsettings list
      Connection:
      - keep-alive
      Content-Length:
      - '0'
      ParameterSetName:
      - -g -n
      User-Agent:
      - AZURECLI/2.37.0 azsdk-python-azure-mgmt-web/6.1.0 Python/3.9.1 (Windows-10-10.0.22000-SP0)
    method: POST
    uri: https://management.azure.com/subscriptions/00000000-0000-0000-0000-000000000000/resourceGroups/clitest.rg000001/providers/Microsoft.Web/sites/functionappacrtest000004/config/appsettings/list?api-version=2021-03-01
  response:
    body:
      string: '{"id":"/subscriptions/00000000-0000-0000-0000-000000000000/resourceGroups/clitest.rg000001/providers/Microsoft.Web/sites/functionappacrtest000004/config/appsettings","name":"appsettings","type":"Microsoft.Web/sites/config","location":"East
        US","properties":{"MACHINEKEY_DecryptionKey":"4EDE7FAE28E11B4950F01FCEF57A9735A320AD4A8F0BD2A351278277036C89AC","FUNCTIONS_WORKER_RUNTIME":"node","FUNCTIONS_EXTENSION_VERSION":"~3","AzureWebJobsStorage":"DefaultEndpointsProtocol=https;EndpointSuffix=core.windows.net;AccountName=clitest000002;AccountKey=veryFakedStorageAccountKey==","APPINSIGHTS_INSTRUMENTATIONKEY":"9dcd4c64-4e09-4599-b7ca-c4cf2be0b68b"}}'
    headers:
      cache-control:
      - no-cache
      content-length:
      - '647'
      content-type:
      - application/json
      date:
      - Mon, 11 Jul 2022 17:36:23 GMT
      expires:
      - '-1'
      pragma:
      - no-cache
      server:
      - Microsoft-IIS/10.0
      strict-transport-security:
      - max-age=31536000; includeSubDomains
      transfer-encoding:
      - chunked
      vary:
      - Accept-Encoding
      x-aspnet-version:
      - 4.0.30319
      x-content-type-options:
      - nosniff
      x-ms-ratelimit-remaining-subscription-resource-requests:
      - '11999'
      x-powered-by:
      - ASP.NET
    status:
      code: 200
      message: OK
- request:
    body: null
    headers:
      Accept:
      - application/json
      Accept-Encoding:
      - gzip, deflate
      CommandName:
      - functionapp config appsettings list
      Connection:
      - keep-alive
      ParameterSetName:
      - -g -n
      User-Agent:
      - AZURECLI/2.37.0 azsdk-python-azure-mgmt-web/6.1.0 Python/3.9.1 (Windows-10-10.0.22000-SP0)
    method: GET
    uri: https://management.azure.com/subscriptions/00000000-0000-0000-0000-000000000000/resourceGroups/clitest.rg000001/providers/Microsoft.Web/sites/functionappacrtest000004/config/slotConfigNames?api-version=2021-03-01
  response:
    body:
      string: '{"id":null,"name":"functionappacrtest000004","type":"Microsoft.Web/sites","location":"East
        US","properties":{"connectionStringNames":null,"appSettingNames":null,"azureStorageConfigNames":null}}'
    headers:
      cache-control:
      - no-cache
      content-length:
      - '193'
      content-type:
      - application/json
      date:
      - Mon, 11 Jul 2022 17:36:24 GMT
      expires:
      - '-1'
      pragma:
      - no-cache
      server:
      - Microsoft-IIS/10.0
      strict-transport-security:
      - max-age=31536000; includeSubDomains
      transfer-encoding:
      - chunked
      vary:
      - Accept-Encoding
      x-aspnet-version:
      - 4.0.30319
      x-content-type-options:
      - nosniff
      x-powered-by:
      - ASP.NET
    status:
      code: 200
      message: OK
- request:
    body: null
    headers:
      Accept:
      - application/json
      Accept-Encoding:
      - gzip, deflate
      CommandName:
      - functionapp delete
      Connection:
      - keep-alive
      Content-Length:
      - '0'
      ParameterSetName:
      - -g -n
      User-Agent:
      - AZURECLI/2.37.0 azsdk-python-azure-mgmt-web/6.1.0 Python/3.9.1 (Windows-10-10.0.22000-SP0)
    method: DELETE
    uri: https://management.azure.com/subscriptions/00000000-0000-0000-0000-000000000000/resourceGroups/clitest.rg000001/providers/Microsoft.Web/sites/functionappacrtest000004?api-version=2021-03-01
  response:
    body:
      string: ''
    headers:
      cache-control:
      - no-cache
      content-length:
      - '0'
      date:
      - Mon, 11 Jul 2022 17:36:37 GMT
      etag:
      - '"1D8954CBD3A5740"'
      expires:
      - '-1'
      pragma:
      - no-cache
      server:
      - Microsoft-IIS/10.0
      strict-transport-security:
      - max-age=31536000; includeSubDomains
      x-aspnet-version:
      - 4.0.30319
      x-content-type-options:
      - nosniff
      x-ms-ratelimit-remaining-subscription-deletes:
      - '14999'
      x-powered-by:
      - ASP.NET
    status:
      code: 200
      message: OK
version: 1