interactions:
- request:
    body: null
    headers:
      Accept:
      - application/json
      Accept-Encoding:
      - gzip, deflate
      CommandName:
      - appservice plan create
      Connection:
      - keep-alive
      ParameterSetName:
      - -g -n --sku
      User-Agent:
      - AZURECLI/2.53.1 azsdk-python-azure-mgmt-resource/23.1.0b2 Python/3.8.10 (Windows-10-10.0.22631-SP0)
    method: GET
    uri: https://management.azure.com/subscriptions/00000000-0000-0000-0000-000000000000/resourcegroups/clitest.rg000001?api-version=2022-09-01
  response:
    body:
      string: '{"id":"/subscriptions/00000000-0000-0000-0000-000000000000/resourceGroups/clitest.rg000001","name":"clitest.rg000001","type":"Microsoft.Resources/resourceGroups","location":"westus","tags":{"product":"azurecli","cause":"automation","test":"test_logicapp_https_only","date":"2023-11-20T22:23:07Z","module":"appservice"},"properties":{"provisioningState":"Succeeded"}}'
    headers:
      cache-control:
      - no-cache
      content-length:
      - '366'
      content-type:
      - application/json; charset=utf-8
      date:
      - Mon, 20 Nov 2023 22:23:31 GMT
      expires:
      - '-1'
      pragma:
      - no-cache
      strict-transport-security:
      - max-age=31536000; includeSubDomains
      x-cache:
      - CONFIG_NOCACHE
      x-content-type-options:
      - nosniff
      x-msedge-ref:
      - 'Ref A: B156705BBE2942C899FEA18CC4C42A95 Ref B: CO6AA3150217049 Ref C: 2023-11-20T22:23:31Z'
    status:
      code: 200
      message: OK
- request:
    body: null
    headers:
      Accept:
      - application/json
      Accept-Encoding:
      - gzip, deflate
      CommandName:
      - appservice plan create
      Connection:
      - keep-alive
      ParameterSetName:
      - -g -n --sku
      User-Agent:
      - AZURECLI/2.53.1 azsdk-python-azure-mgmt-web/7.0.0 Python/3.8.10 (Windows-10-10.0.22631-SP0)
    method: GET
    uri: https://management.azure.com/subscriptions/00000000-0000-0000-0000-000000000000/resourceGroups/clitest.rg000001/providers/Microsoft.Web/serverfarms/logic-e2e-plan000004?api-version=2022-03-01
  response:
    body:
      string: '{"error":{"code":"ResourceNotFound","message":"The Resource ''Microsoft.Web/serverFarms/logic-e2e-plan000004''
        under resource group ''clitest.rg000001'' was not found. For more details
        please go to https://aka.ms/ARMResourceNotFoundFix"}}'
    headers:
      cache-control:
      - no-cache
      content-length:
      - '234'
      content-type:
      - application/json; charset=utf-8
      date:
      - Mon, 20 Nov 2023 22:23:31 GMT
      expires:
      - '-1'
      pragma:
      - no-cache
      strict-transport-security:
      - max-age=31536000; includeSubDomains
      x-cache:
      - CONFIG_NOCACHE
      x-content-type-options:
      - nosniff
      x-ms-failure-cause:
      - gateway
      x-msedge-ref:
      - 'Ref A: E62D3C604F5343F08EA3BDCD97CFDD0D Ref B: CO6AA3150218033 Ref C: 2023-11-20T22:23:31Z'
    status:
      code: 404
      message: Not Found
- request:
    body: '{"location": "westus", "sku": {"name": "WS1", "tier": "WorkflowStandard",
      "capacity": 1}, "properties": {"perSiteScaling": false, "isXenon": false, "zoneRedundant":
      false}}'
    headers:
      Accept:
      - application/json
      Accept-Encoding:
      - gzip, deflate
      CommandName:
      - appservice plan create
      Connection:
      - keep-alive
      Content-Length:
      - '172'
      Content-Type:
      - application/json
      ParameterSetName:
      - -g -n --sku
      User-Agent:
      - AZURECLI/2.53.1 azsdk-python-azure-mgmt-web/7.0.0 Python/3.8.10 (Windows-10-10.0.22631-SP0)
    method: PUT
    uri: https://management.azure.com/subscriptions/00000000-0000-0000-0000-000000000000/resourceGroups/clitest.rg000001/providers/Microsoft.Web/serverfarms/logic-e2e-plan000004?api-version=2022-03-01
  response:
    body:
      string: '{"id":"/subscriptions/00000000-0000-0000-0000-000000000000/resourceGroups/clitest.rg000001/providers/Microsoft.Web/serverfarms/logic-e2e-plan000004","name":"logic-e2e-plan000004","type":"Microsoft.Web/serverfarms","kind":"elastic","location":"westus","properties":{"serverFarmId":22962,"name":"logic-e2e-plan000004","sku":{"name":"WS1","tier":"WorkflowStandard","size":"WS1","family":"WS","capacity":1},"workerSize":"D1","workerSizeId":3,"workerTierName":null,"numberOfWorkers":1,"currentWorkerSize":"D1","currentWorkerSizeId":3,"currentNumberOfWorkers":1,"status":"Ready","webSpace":"clitest.rg000001-WestUSwebspace","subscription":"50821c37-1271-4210-8e1f-568acc6ecc66","adminSiteName":null,"hostingEnvironment":null,"hostingEnvironmentProfile":null,"maximumNumberOfWorkers":0,"planName":"VirtualDedicatedPlan","adminRuntimeSiteName":null,"computeMode":"Dedicated","siteMode":null,"geoRegion":"West
        US","perSiteScaling":false,"elasticScaleEnabled":true,"maximumElasticWorkerCount":1,"numberOfSites":0,"hostingEnvironmentId":null,"isSpot":false,"spotExpirationTime":null,"freeOfferExpirationTime":null,"tags":null,"kind":"elastic","resourceGroup":"clitest.rg000001","reserved":false,"isXenon":false,"hyperV":false,"mdmId":"waws-prod-bay-213_22962","targetWorkerCount":0,"targetWorkerSizeId":0,"provisioningState":"Succeeded","webSiteId":null,"existingServerFarmIds":null,"kubeEnvironmentProfile":null,"zoneRedundant":false,"migrateToVMSS":null,"vnetConnectionsUsed":null,"vnetConnectionsMax":null,"createdTime":"2023-11-20T22:23:33.96"},"sku":{"name":"WS1","tier":"WorkflowStandard","size":"WS1","family":"WS","capacity":1}}'
    headers:
      cache-control:
      - no-cache
      content-length:
      - '1625'
      content-type:
      - application/json
      date:
      - Mon, 20 Nov 2023 22:23:35 GMT
      etag:
      - '"1DA1C0034142F0B"'
      expires:
      - '-1'
      pragma:
      - no-cache
      strict-transport-security:
      - max-age=31536000; includeSubDomains
      x-aspnet-version:
      - 4.0.30319
      x-cache:
      - CONFIG_NOCACHE
      x-content-type-options:
      - nosniff
      x-ms-ratelimit-remaining-subscription-writes:
      - '1195'
      x-msedge-ref:
      - 'Ref A: 01915C7555594D2C8126638BBE917F62 Ref B: CO6AA3150218033 Ref C: 2023-11-20T22:23:31Z'
      x-powered-by:
      - ASP.NET
    status:
      code: 200
      message: OK
- request:
    body: null
    headers:
      Accept:
      - application/json
      Accept-Encoding:
      - gzip, deflate
      CommandName:
      - logicapp create
      Connection:
      - keep-alive
      ParameterSetName:
      - -g -n -p -s --https-only
      User-Agent:
      - AZURECLI/2.53.1 azsdk-python-azure-mgmt-web/7.0.0 Python/3.8.10 (Windows-10-10.0.22631-SP0)
    method: GET
    uri: https://management.azure.com/subscriptions/00000000-0000-0000-0000-000000000000/resourceGroups/clitest.rg000001/providers/Microsoft.Web/serverfarms/logic-e2e-plan000004?api-version=2022-03-01
  response:
    body:
      string: '{"id":"/subscriptions/00000000-0000-0000-0000-000000000000/resourceGroups/clitest.rg000001/providers/Microsoft.Web/serverfarms/logic-e2e-plan000004","name":"logic-e2e-plan000004","type":"Microsoft.Web/serverfarms","kind":"elastic","location":"West
        US","properties":{"serverFarmId":22962,"name":"logic-e2e-plan000004","workerSize":"D1","workerSizeId":3,"workerTierName":null,"numberOfWorkers":1,"currentWorkerSize":"D1","currentWorkerSizeId":3,"currentNumberOfWorkers":1,"status":"Ready","webSpace":"clitest.rg000001-WestUSwebspace","subscription":"50821c37-1271-4210-8e1f-568acc6ecc66","adminSiteName":null,"hostingEnvironment":null,"hostingEnvironmentProfile":null,"maximumNumberOfWorkers":20,"planName":"VirtualDedicatedPlan","adminRuntimeSiteName":null,"computeMode":"Dedicated","siteMode":null,"geoRegion":"West
        US","perSiteScaling":false,"elasticScaleEnabled":true,"maximumElasticWorkerCount":1,"numberOfSites":0,"hostingEnvironmentId":null,"isSpot":false,"spotExpirationTime":null,"freeOfferExpirationTime":null,"tags":null,"kind":"elastic","resourceGroup":"clitest.rg000001","reserved":false,"isXenon":false,"hyperV":false,"mdmId":"waws-prod-bay-213_22962","targetWorkerCount":0,"targetWorkerSizeId":0,"provisioningState":"Succeeded","webSiteId":null,"existingServerFarmIds":null,"kubeEnvironmentProfile":null,"zoneRedundant":false,"migrateToVMSS":null,"vnetConnectionsUsed":0,"vnetConnectionsMax":2,"createdTime":"2023-11-20T22:23:33.96"},"sku":{"name":"WS1","tier":"WorkflowStandard","size":"WS1","family":"WS","capacity":1}}'
    headers:
      cache-control:
      - no-cache
      content-length:
      - '1534'
      content-type:
      - application/json
      date:
      - Mon, 20 Nov 2023 22:23:35 GMT
      expires:
      - '-1'
      pragma:
      - no-cache
      strict-transport-security:
      - max-age=31536000; includeSubDomains
      x-aspnet-version:
      - 4.0.30319
      x-cache:
      - CONFIG_NOCACHE
      x-content-type-options:
      - nosniff
      x-msedge-ref:
      - 'Ref A: 8327A133D15A4B838FD86AC20E54BBAD Ref B: CO6AA3150220035 Ref C: 2023-11-20T22:23:36Z'
      x-powered-by:
      - ASP.NET
    status:
      code: 200
      message: OK
- request:
    body: null
    headers:
      Accept:
      - application/json
      Accept-Encoding:
      - gzip, deflate
      CommandName:
      - logicapp create
      Connection:
      - keep-alive
      ParameterSetName:
      - -g -n -p -s --https-only
      User-Agent:
      - AZURECLI/2.53.1 azsdk-python-azure-mgmt-storage/21.0.0 Python/3.8.10 (Windows-10-10.0.22631-SP0)
    method: GET
    uri: https://management.azure.com/subscriptions/00000000-0000-0000-0000-000000000000/resourceGroups/clitest.rg000001/providers/Microsoft.Storage/storageAccounts/clitest000002?api-version=2022-09-01
  response:
    body:
      string: '{"sku":{"name":"Standard_LRS","tier":"Standard"},"kind":"Storage","id":"/subscriptions/00000000-0000-0000-0000-000000000000/resourceGroups/clitest.rg000001/providers/Microsoft.Storage/storageAccounts/clitest000002","name":"clitest000002","type":"Microsoft.Storage/storageAccounts","location":"westus","tags":{},"properties":{"keyCreationTime":{"key1":"2023-11-20T22:23:10.5449128Z","key2":"2023-11-20T22:23:10.5449128Z"},"privateEndpointConnections":[],"minimumTlsVersion":"TLS1_0","allowBlobPublicAccess":false,"networkAcls":{"bypass":"AzureServices","virtualNetworkRules":[],"ipRules":[],"defaultAction":"Allow"},"supportsHttpsTrafficOnly":true,"encryption":{"services":{"file":{"keyType":"Account","enabled":true,"lastEnabledTime":"2023-11-20T22:23:10.6542859Z"},"blob":{"keyType":"Account","enabled":true,"lastEnabledTime":"2023-11-20T22:23:10.6542859Z"}},"keySource":"Microsoft.Storage"},"provisioningState":"Succeeded","creationTime":"2023-11-20T22:23:10.4668345Z","primaryEndpoints":{"blob":"https://clitest000002.blob.core.windows.net/","queue":"https://clitest000002.queue.core.windows.net/","table":"https://clitest000002.table.core.windows.net/","file":"https://clitest000002.file.core.windows.net/"},"primaryLocation":"westus","statusOfPrimary":"available"}}'
    headers:
      cache-control:
      - no-cache
      content-length:
      - '1270'
      content-type:
      - application/json
      date:
      - Mon, 20 Nov 2023 22:23:36 GMT
      expires:
      - '-1'
      pragma:
      - no-cache
      strict-transport-security:
      - max-age=31536000; includeSubDomains
      x-cache:
      - CONFIG_NOCACHE
      x-content-type-options:
      - nosniff
      x-msedge-ref:
      - 'Ref A: EAA47BCAB1B44C7C80D6302D95DFC209 Ref B: CO6AA3150220051 Ref C: 2023-11-20T22:23:36Z'
    status:
      code: 200
      message: OK
- request:
    body: null
    headers:
      Accept:
      - application/json
      Accept-Encoding:
      - gzip, deflate
      CommandName:
      - logicapp create
      Connection:
      - keep-alive
      Content-Length:
      - '0'
      ParameterSetName:
      - -g -n -p -s --https-only
      User-Agent:
      - AZURECLI/2.53.1 azsdk-python-azure-mgmt-storage/21.0.0 Python/3.8.10 (Windows-10-10.0.22631-SP0)
    method: POST
    uri: https://management.azure.com/subscriptions/00000000-0000-0000-0000-000000000000/resourceGroups/clitest.rg000001/providers/Microsoft.Storage/storageAccounts/clitest000002/listKeys?api-version=2022-09-01&$expand=kerb
  response:
    body:
      string: '{"keys":[{"creationTime":"2023-11-20T22:23:10.5449128Z","keyName":"key1","value":"veryFakedStorageAccountKey==","permissions":"FULL"},{"creationTime":"2023-11-20T22:23:10.5449128Z","keyName":"key2","value":"veryFakedStorageAccountKey==","permissions":"FULL"}]}'
    headers:
      cache-control:
      - no-cache
      content-length:
      - '260'
      content-type:
      - application/json
      date:
      - Mon, 20 Nov 2023 22:23:36 GMT
      expires:
      - '-1'
      pragma:
      - no-cache
      strict-transport-security:
      - max-age=31536000; includeSubDomains
      x-cache:
      - CONFIG_NOCACHE
      x-content-type-options:
      - nosniff
      x-ms-ratelimit-remaining-subscription-resource-requests:
      - '11998'
      x-msedge-ref:
      - 'Ref A: FE4FAD8630274287A908C523228DD098 Ref B: CO6AA3150220051 Ref C: 2023-11-20T22:23:36Z'
    status:
      code: 200
      message: OK
- request:
    body: '{"kind": "functionapp,workflowapp", "location": "West US", "properties":
      {"serverFarmId": "/subscriptions/00000000-0000-0000-0000-000000000000/resourceGroups/clitest.rg000001/providers/Microsoft.Web/serverfarms/logic-e2e-plan000004",
      "reserved": false, "isXenon": false, "hyperV": false, "siteConfig": {"netFrameworkVersion":
      "v4.6", "appSettings": [{"name": "FUNCTIONS_WORKER_RUNTIME", "value": "node"},
      {"name": "WEBSITE_NODE_DEFAULT_VERSION", "value": "~16"}, {"name": "FUNCTIONS_EXTENSION_VERSION",
      "value": "~4"}, {"name": "AzureWebJobsStorage", "value": "DefaultEndpointsProtocol=https;EndpointSuffix=core.windows.net;AccountName=clitest000002;AccountKey=veryFakedStorageAccountKey=="},
      {"name": "AzureWebJobsDashboard", "value": "DefaultEndpointsProtocol=https;EndpointSuffix=core.windows.net;AccountName=clitest000002;AccountKey=veryFakedStorageAccountKey=="},
      {"name": "AzureFunctionsJobHost__extensionBundle__id", "value": "Microsoft.Azure.Functions.ExtensionBundle.Workflows"},
      {"name": "AzureFunctionsJobHost__extensionBundle__version", "value": "[1.*,
      2.0.0)"}, {"name": "APP_KIND", "value": "workflowApp"}, {"name": "WEBSITE_CONTENTAZUREFILECONNECTIONSTRING",
      "value": "DefaultEndpointsProtocol=https;EndpointSuffix=core.windows.net;AccountName=clitest000002;AccountKey=veryFakedStorageAccountKey=="},
      {"name": "WEBSITE_CONTENTSHARE", "value": "logic-e2e000003"}], "localMySqlEnabled":
      false, "http20Enabled": true}, "scmSiteAlsoStopped": false, "httpsOnly": true}}'
    headers:
      Accept:
      - application/json
      Accept-Encoding:
      - gzip, deflate
      CommandName:
      - logicapp create
      Connection:
      - keep-alive
      Content-Length:
      - '1479'
      Content-Type:
      - application/json
      ParameterSetName:
      - -g -n -p -s --https-only
      User-Agent:
      - AZURECLI/2.53.1 azsdk-python-azure-mgmt-web/7.0.0 Python/3.8.10 (Windows-10-10.0.22631-SP0)
    method: PUT
    uri: https://management.azure.com/subscriptions/00000000-0000-0000-0000-000000000000/resourceGroups/clitest.rg000001/providers/Microsoft.Web/sites/logic-e2e000003?api-version=2022-03-01
  response:
    body:
      string: '{"id":"/subscriptions/00000000-0000-0000-0000-000000000000/resourceGroups/clitest.rg000001/providers/Microsoft.Web/sites/logic-e2e000003","name":"logic-e2e000003","type":"Microsoft.Web/sites","kind":"functionapp,workflowapp","location":"West
        US","properties":{"name":"logic-e2e000003","state":"Running","hostNames":["logic-e2e000003.azurewebsites.net"],"webSpace":"clitest.rg000001-WestUSwebspace","selfLink":"https://waws-prod-bay-213.api.azurewebsites.windows.net:454/subscriptions/00000000-0000-0000-0000-000000000000/webspaces/clitest.rg000001-WestUSwebspace/sites/logic-e2e000003","repositorySiteName":"logic-e2e000003","owner":null,"usageState":"Normal","enabled":true,"adminEnabled":true,"afdEnabled":false,"enabledHostNames":["logic-e2e000003.azurewebsites.net","logic-e2e000003.scm.azurewebsites.net"],"siteProperties":{"metadata":null,"properties":[{"name":"LinuxFxVersion","value":""},{"name":"WindowsFxVersion","value":null}],"appSettings":null},"availabilityState":"Normal","sslCertificates":null,"csrs":[],"cers":null,"siteMode":null,"hostNameSslStates":[{"name":"logic-e2e000003.azurewebsites.net","sslState":"Disabled","ipBasedSslResult":null,"virtualIP":null,"virtualIPv6":null,"thumbprint":null,"certificateResourceId":null,"toUpdate":null,"toUpdateIpBasedSsl":null,"ipBasedSslState":"NotConfigured","hostType":"Standard"},{"name":"logic-e2e000003.scm.azurewebsites.net","sslState":"Disabled","ipBasedSslResult":null,"virtualIP":null,"virtualIPv6":null,"thumbprint":null,"certificateResourceId":null,"toUpdate":null,"toUpdateIpBasedSsl":null,"ipBasedSslState":"NotConfigured","hostType":"Repository"}],"computeMode":null,"serverFarm":null,"serverFarmId":"/subscriptions/00000000-0000-0000-0000-000000000000/resourceGroups/clitest.rg000001/providers/Microsoft.Web/serverfarms/logic-e2e-plan000004","reserved":false,"isXenon":false,"hyperV":false,"lastModifiedTimeUtc":"2023-11-20T22:23:38.86","storageRecoveryDefaultState":"Running","contentAvailabilityState":"Normal","runtimeAvailabilityState":"Normal","dnsConfiguration":{},"vnetRouteAllEnabled":false,"containerAllocationSubnet":null,"useContainerLocalhostBindings":null,"vnetImagePullEnabled":false,"vnetContentShareEnabled":false,"siteConfig":{"numberOfWorkers":1,"defaultDocuments":null,"netFrameworkVersion":null,"phpVersion":null,"pythonVersion":null,"nodeVersion":null,"powerShellVersion":null,"linuxFxVersion":"","windowsFxVersion":null,"windowsConfiguredStacks":null,"requestTracingEnabled":null,"remoteDebuggingEnabled":null,"remoteDebuggingVersion":null,"httpLoggingEnabled":null,"azureMonitorLogCategories":null,"acrUseManagedIdentityCreds":false,"acrUserManagedIdentityID":null,"logsDirectorySizeLimit":null,"detailedErrorLoggingEnabled":null,"publishingUsername":null,"publishingPassword":null,"appSettings":null,"metadata":null,"connectionStrings":null,"machineKey":null,"handlerMappings":null,"documentRoot":null,"scmType":null,"use32BitWorkerProcess":null,"webSocketsEnabled":null,"alwaysOn":false,"javaVersion":null,"javaContainer":null,"javaContainerVersion":null,"appCommandLine":null,"managedPipelineMode":null,"virtualApplications":null,"winAuthAdminState":null,"winAuthTenantState":null,"customAppPoolIdentityAdminState":null,"customAppPoolIdentityTenantState":null,"runtimeADUser":null,"runtimeADUserPassword":null,"loadBalancing":null,"routingRules":null,"experiments":null,"limits":null,"autoHealEnabled":null,"autoHealRules":null,"tracingOptions":null,"vnetName":null,"vnetRouteAllEnabled":null,"vnetPrivatePortsCount":null,"publicNetworkAccess":null,"cors":null,"push":null,"apiDefinition":null,"apiManagementConfig":null,"autoSwapSlotName":null,"localMySqlEnabled":null,"managedServiceIdentityId":null,"xManagedServiceIdentityId":null,"keyVaultReferenceIdentity":null,"ipSecurityRestrictions":[{"ipAddress":"Any","action":"Allow","priority":2147483647,"name":"Allow
        all","description":"Allow all access"}],"ipSecurityRestrictionsDefaultAction":null,"scmIpSecurityRestrictions":[{"ipAddress":"Any","action":"Allow","priority":2147483647,"name":"Allow
        all","description":"Allow all access"}],"scmIpSecurityRestrictionsDefaultAction":null,"scmIpSecurityRestrictionsUseMain":null,"http20Enabled":false,"minTlsVersion":null,"minTlsCipherSuite":null,"supportedTlsCipherSuites":null,"scmMinTlsVersion":null,"ftpsState":null,"preWarmedInstanceCount":null,"functionAppScaleLimit":0,"elasticWebAppScaleLimit":null,"healthCheckPath":null,"fileChangeAuditEnabled":null,"functionsRuntimeScaleMonitoringEnabled":null,"websiteTimeZone":null,"minimumElasticInstanceCount":0,"azureStorageAccounts":null,"http20ProxyFlag":null,"sitePort":null,"antivirusScanEnabled":null,"storageType":null,"sitePrivateLinkHostEnabled":null},"daprConfig":null,"deploymentId":"logic-e2e000003","slotName":null,"trafficManagerHostNames":null,"sku":"WorkflowStandard","scmSiteAlsoStopped":false,"targetSwapSlot":null,"hostingEnvironment":null,"hostingEnvironmentProfile":null,"clientAffinityEnabled":false,"clientCertEnabled":false,"clientCertMode":"Required","clientCertExclusionPaths":null,"hostNamesDisabled":false,"ipMode":"IPv4","vnetBackupRestoreEnabled":false,"domainVerificationIdentifiers":null,"customDomainVerificationId":"C4C02A18828506F81C8FA754DCC380496D4C309F80135C91EE4748B49E9BCDD1","kind":"functionapp,workflowapp","managedEnvironmentId":null,"inboundIpAddress":"40.112.243.101","possibleInboundIpAddresses":"40.112.243.101","ftpUsername":"logic-e2e000003\\$logic-e2e000003","ftpsHostName":"ftps://waws-prod-bay-213.ftp.azurewebsites.windows.net/site/wwwroot","outboundIpAddresses":"20.237.252.63,20.237.253.32,20.237.253.216,20.237.254.52,20.237.254.70,20.237.253.136,40.112.243.101","possibleOutboundIpAddresses":"20.237.250.67,20.237.249.209,20.237.250.162,20.237.248.227,20.237.250.252,20.237.252.20,20.237.252.63,20.237.253.32,20.237.253.216,20.237.254.52,20.237.254.70,20.237.253.136,20.237.253.144,20.237.248.232,20.237.253.133,20.237.254.130,20.237.254.139,20.237.249.3,20.237.253.167,20.237.254.155,20.237.254.197,20.237.254.252,20.237.255.18,20.237.255.43,20.237.255.74,20.237.251.50,20.237.255.108,20.237.250.196,20.237.252.209,20.237.255.124,40.112.243.101","containerSize":1536,"dailyMemoryTimeQuota":0,"suspendedTill":null,"siteDisabledReason":0,"functionExecutionUnitsCache":null,"maxNumberOfWorkers":null,"homeStamp":"waws-prod-bay-213","cloningInfo":null,"hostingEnvironmentId":null,"tags":null,"resourceGroup":"clitest.rg000001","defaultHostName":"logic-e2e000003.azurewebsites.net","slotSwapStatus":null,"httpsOnly":true,"endToEndEncryptionEnabled":false,"functionsRuntimeAdminIsolationEnabled":false,"redundancyMode":"None","inProgressOperationId":null,"geoDistributions":null,"privateEndpointConnections":null,"publicNetworkAccess":null,"buildVersion":null,"targetBuildVersion":null,"migrationState":null,"eligibleLogCategories":"WorkflowRuntime,FunctionAppLogs","inFlightFeatures":null,"storageAccountRequired":false,"virtualNetworkSubnetId":null,"keyVaultReferenceIdentity":"SystemAssigned","defaultHostNameScope":"Global","privateLinkIdentifiers":null,"sshEnabled":null}}'
    headers:
      cache-control:
      - no-cache
      content-length:
      - '7074'
      content-type:
      - application/json
      date:
      - Mon, 20 Nov 2023 22:23:58 GMT
      etag:
      - '"1DA1C00360EC68B"'
      expires:
      - '-1'
      pragma:
      - no-cache
      strict-transport-security:
      - max-age=31536000; includeSubDomains
      x-aspnet-version:
      - 4.0.30319
      x-cache:
      - CONFIG_NOCACHE
      x-content-type-options:
      - nosniff
      x-ms-ratelimit-remaining-subscription-resource-requests:
      - '499'
      x-msedge-ref:
      - 'Ref A: 2B012C63E32045D7A1FF6186D3077D5B Ref B: CO6AA3150220035 Ref C: 2023-11-20T22:23:36Z'
      x-powered-by:
      - ASP.NET
    status:
      code: 200
      message: OK
- request:
    body: '{"location": "West US", "kind": "web", "properties": {"Application_Type":
      "web"}}'
    headers:
      Accept:
      - application/json
      Accept-Encoding:
      - gzip, deflate
      CommandName:
      - logicapp create
      Connection:
      - keep-alive
      Content-Length:
      - '81'
      Content-Type:
      - application/json
      ParameterSetName:
      - -g -n -p -s --https-only
      User-Agent:
      - AZURECLI/2.53.1 azsdk-python-azure-mgmt-applicationinsights/1.0.0 Python/3.8.10
        (Windows-10-10.0.22631-SP0)
    method: PUT
    uri: https://management.azure.com/subscriptions/00000000-0000-0000-0000-000000000000/resourceGroups/clitest.rg000001/providers/Microsoft.Insights/components/logic-e2e000003?api-version=2015-05-01
  response:
    body:
      string: "{\r\n  \"id\": \"/subscriptions/00000000-0000-0000-0000-000000000000/resourceGroups/clitest.rg000001/providers/microsoft.insights/components/logic-e2e000003\",\r\n
        \ \"name\": \"logic-e2e000003\",\r\n  \"type\": \"microsoft.insights/components\",\r\n
        \ \"location\": \"westus\",\r\n  \"tags\": {},\r\n  \"kind\": \"web\",\r\n
        \ \"etag\": \"\\\"c102044f-0000-0200-0000-655bdc800000\\\"\",\r\n  \"properties\":
        {\r\n    \"ApplicationId\": \"logic-e2e000003\",\r\n    \"AppId\": \"5caec202-bdd0-4393-b2ef-49fbc42e3cea\",\r\n
        \   \"Application_Type\": \"web\",\r\n    \"Flow_Type\": null,\r\n    \"Request_Source\":
        null,\r\n    \"InstrumentationKey\": \"35c2dce8-7a9a-4b72-89f5-5bfa76d80291\",\r\n
        \   \"ConnectionString\": \"InstrumentationKey=35c2dce8-7a9a-4b72-89f5-5bfa76d80291;IngestionEndpoint=https://westus-0.in.applicationinsights.azure.com/;LiveEndpoint=https://westus.livediagnostics.monitor.azure.com/\",\r\n
        \   \"Name\": \"logic-e2e000003\",\r\n    \"CreationDate\": \"2023-11-20T22:24:00.4830574+00:00\",\r\n
        \   \"TenantId\": \"50821c37-1271-4210-8e1f-568acc6ecc66\",\r\n    \"provisioningState\":
        \"Succeeded\",\r\n    \"SamplingPercentage\": null,\r\n    \"RetentionInDays\":
        90,\r\n    \"IngestionMode\": \"ApplicationInsights\",\r\n    \"publicNetworkAccessForIngestion\":
        \"Enabled\",\r\n    \"publicNetworkAccessForQuery\": \"Enabled\",\r\n    \"Ver\":
        \"v2\"\r\n  }\r\n}"
    headers:
      access-control-expose-headers:
      - Request-Context
      cache-control:
      - no-cache
      content-length:
      - '1237'
      content-type:
      - application/json; charset=utf-8
      date:
      - Mon, 20 Nov 2023 22:24:00 GMT
      expires:
      - '-1'
      pragma:
      - no-cache
      request-context:
      - appId=cid-v1:0dd6a9c3-b728-41ca-aa78-7e1962e22331
      strict-transport-security:
      - max-age=31536000; includeSubDomains
      x-cache:
      - CONFIG_NOCACHE
      x-content-type-options:
      - nosniff
      x-ms-ratelimit-remaining-subscription-writes:
      - '1195'
      x-msedge-ref:
      - 'Ref A: 1458582A773A4A6396CFF732F1C1E4C4 Ref B: CO6AA3150219009 Ref C: 2023-11-20T22:23:59Z'
      x-powered-by:
      - ASP.NET
    status:
      code: 200
      message: OK
- request:
    body: null
    headers:
      Accept:
      - '*/*'
      Accept-Encoding:
      - gzip, deflate
      CommandName:
      - logicapp create
      Connection:
      - keep-alive
      ParameterSetName:
      - -g -n -p -s --https-only
      User-Agent:
      - python/3.8.10 (Windows-10-10.0.22631-SP0) AZURECLI/2.53.1
    method: GET
    uri: https://management.azure.com/subscriptions/00000000-0000-0000-0000-000000000000/resourceGroups/clitest.rg000001/providers/Microsoft.Web/sites/logic-e2e000003?api-version=2022-03-01
  response:
    body:
      string: '{"id":"/subscriptions/00000000-0000-0000-0000-000000000000/resourceGroups/clitest.rg000001/providers/Microsoft.Web/sites/logic-e2e000003","name":"logic-e2e000003","type":"Microsoft.Web/sites","kind":"functionapp,workflowapp","location":"West
        US","properties":{"name":"logic-e2e000003","state":"Running","hostNames":["logic-e2e000003.azurewebsites.net"],"webSpace":"clitest.rg000001-WestUSwebspace","selfLink":"https://waws-prod-bay-213.api.azurewebsites.windows.net:454/subscriptions/00000000-0000-0000-0000-000000000000/webspaces/clitest.rg000001-WestUSwebspace/sites/logic-e2e000003","repositorySiteName":"logic-e2e000003","owner":null,"usageState":"Normal","enabled":true,"adminEnabled":true,"afdEnabled":false,"enabledHostNames":["logic-e2e000003.azurewebsites.net","logic-e2e000003.scm.azurewebsites.net"],"siteProperties":{"metadata":null,"properties":[{"name":"LinuxFxVersion","value":""},{"name":"WindowsFxVersion","value":null}],"appSettings":null},"availabilityState":"Normal","sslCertificates":null,"csrs":[],"cers":null,"siteMode":null,"hostNameSslStates":[{"name":"logic-e2e000003.azurewebsites.net","sslState":"Disabled","ipBasedSslResult":null,"virtualIP":null,"virtualIPv6":null,"thumbprint":null,"certificateResourceId":null,"toUpdate":null,"toUpdateIpBasedSsl":null,"ipBasedSslState":"NotConfigured","hostType":"Standard"},{"name":"logic-e2e000003.scm.azurewebsites.net","sslState":"Disabled","ipBasedSslResult":null,"virtualIP":null,"virtualIPv6":null,"thumbprint":null,"certificateResourceId":null,"toUpdate":null,"toUpdateIpBasedSsl":null,"ipBasedSslState":"NotConfigured","hostType":"Repository"}],"computeMode":null,"serverFarm":null,"serverFarmId":"/subscriptions/00000000-0000-0000-0000-000000000000/resourceGroups/clitest.rg000001/providers/Microsoft.Web/serverfarms/logic-e2e-plan000004","reserved":false,"isXenon":false,"hyperV":false,"lastModifiedTimeUtc":"2023-11-20T22:23:59.09","storageRecoveryDefaultState":"Running","contentAvailabilityState":"Normal","runtimeAvailabilityState":"Normal","dnsConfiguration":{},"vnetRouteAllEnabled":false,"containerAllocationSubnet":null,"useContainerLocalhostBindings":null,"vnetImagePullEnabled":false,"vnetContentShareEnabled":false,"siteConfig":{"numberOfWorkers":1,"defaultDocuments":null,"netFrameworkVersion":null,"phpVersion":null,"pythonVersion":null,"nodeVersion":null,"powerShellVersion":null,"linuxFxVersion":"","windowsFxVersion":null,"windowsConfiguredStacks":null,"requestTracingEnabled":null,"remoteDebuggingEnabled":null,"remoteDebuggingVersion":null,"httpLoggingEnabled":null,"azureMonitorLogCategories":null,"acrUseManagedIdentityCreds":false,"acrUserManagedIdentityID":null,"logsDirectorySizeLimit":null,"detailedErrorLoggingEnabled":null,"publishingUsername":null,"publishingPassword":null,"appSettings":null,"metadata":null,"connectionStrings":null,"machineKey":null,"handlerMappings":null,"documentRoot":null,"scmType":null,"use32BitWorkerProcess":null,"webSocketsEnabled":null,"alwaysOn":false,"javaVersion":null,"javaContainer":null,"javaContainerVersion":null,"appCommandLine":null,"managedPipelineMode":null,"virtualApplications":null,"winAuthAdminState":null,"winAuthTenantState":null,"customAppPoolIdentityAdminState":null,"customAppPoolIdentityTenantState":null,"runtimeADUser":null,"runtimeADUserPassword":null,"loadBalancing":null,"routingRules":null,"experiments":null,"limits":null,"autoHealEnabled":null,"autoHealRules":null,"tracingOptions":null,"vnetName":null,"vnetRouteAllEnabled":null,"vnetPrivatePortsCount":null,"publicNetworkAccess":null,"cors":null,"push":null,"apiDefinition":null,"apiManagementConfig":null,"autoSwapSlotName":null,"localMySqlEnabled":null,"managedServiceIdentityId":null,"xManagedServiceIdentityId":null,"keyVaultReferenceIdentity":null,"ipSecurityRestrictions":null,"ipSecurityRestrictionsDefaultAction":null,"scmIpSecurityRestrictions":null,"scmIpSecurityRestrictionsDefaultAction":null,"scmIpSecurityRestrictionsUseMain":null,"http20Enabled":true,"minTlsVersion":null,"minTlsCipherSuite":null,"supportedTlsCipherSuites":null,"scmMinTlsVersion":null,"ftpsState":null,"preWarmedInstanceCount":null,"functionAppScaleLimit":0,"elasticWebAppScaleLimit":null,"healthCheckPath":null,"fileChangeAuditEnabled":null,"functionsRuntimeScaleMonitoringEnabled":null,"websiteTimeZone":null,"minimumElasticInstanceCount":1,"azureStorageAccounts":null,"http20ProxyFlag":null,"sitePort":null,"antivirusScanEnabled":null,"storageType":null,"sitePrivateLinkHostEnabled":null},"daprConfig":null,"deploymentId":"logic-e2e000003","slotName":null,"trafficManagerHostNames":null,"sku":"WorkflowStandard","scmSiteAlsoStopped":false,"targetSwapSlot":null,"hostingEnvironment":null,"hostingEnvironmentProfile":null,"clientAffinityEnabled":false,"clientCertEnabled":false,"clientCertMode":"Required","clientCertExclusionPaths":null,"hostNamesDisabled":false,"ipMode":"IPv4","vnetBackupRestoreEnabled":false,"domainVerificationIdentifiers":null,"customDomainVerificationId":"C4C02A18828506F81C8FA754DCC380496D4C309F80135C91EE4748B49E9BCDD1","kind":"functionapp,workflowapp","managedEnvironmentId":null,"inboundIpAddress":"40.112.243.101","possibleInboundIpAddresses":"40.112.243.101","ftpUsername":"logic-e2e000003\\$logic-e2e000003","ftpsHostName":"ftps://waws-prod-bay-213.ftp.azurewebsites.windows.net/site/wwwroot","outboundIpAddresses":"20.237.252.63,20.237.253.32,20.237.253.216,20.237.254.52,20.237.254.70,20.237.253.136,40.112.243.101","possibleOutboundIpAddresses":"20.237.250.67,20.237.249.209,20.237.250.162,20.237.248.227,20.237.250.252,20.237.252.20,20.237.252.63,20.237.253.32,20.237.253.216,20.237.254.52,20.237.254.70,20.237.253.136,20.237.253.144,20.237.248.232,20.237.253.133,20.237.254.130,20.237.254.139,20.237.249.3,20.237.253.167,20.237.254.155,20.237.254.197,20.237.254.252,20.237.255.18,20.237.255.43,20.237.255.74,20.237.251.50,20.237.255.108,20.237.250.196,20.237.252.209,20.237.255.124,40.112.243.101","containerSize":1536,"dailyMemoryTimeQuota":0,"suspendedTill":null,"siteDisabledReason":0,"functionExecutionUnitsCache":null,"maxNumberOfWorkers":null,"homeStamp":"waws-prod-bay-213","cloningInfo":null,"hostingEnvironmentId":null,"tags":null,"resourceGroup":"clitest.rg000001","defaultHostName":"logic-e2e000003.azurewebsites.net","slotSwapStatus":null,"httpsOnly":true,"endToEndEncryptionEnabled":false,"functionsRuntimeAdminIsolationEnabled":false,"redundancyMode":"None","inProgressOperationId":null,"geoDistributions":null,"privateEndpointConnections":[],"publicNetworkAccess":null,"buildVersion":null,"targetBuildVersion":null,"migrationState":null,"eligibleLogCategories":"WorkflowRuntime,FunctionAppLogs","inFlightFeatures":[],"storageAccountRequired":false,"virtualNetworkSubnetId":null,"keyVaultReferenceIdentity":"SystemAssigned","defaultHostNameScope":"Global","privateLinkIdentifiers":null,"sshEnabled":null}}'
    headers:
      cache-control:
      - no-cache
      content-length:
      - '6853'
      content-type:
      - application/json
      date:
      - Mon, 20 Nov 2023 22:24:00 GMT
      etag:
      - '"1DA1C0041D4E520"'
      expires:
      - '-1'
      pragma:
      - no-cache
      strict-transport-security:
      - max-age=31536000; includeSubDomains
      x-aspnet-version:
      - 4.0.30319
      x-cache:
      - CONFIG_NOCACHE
      x-content-type-options:
      - nosniff
      x-msedge-ref:
      - 'Ref A: AA7BF5B7A0DD4C6396B788A45CC6D886 Ref B: CO6AA3150217039 Ref C: 2023-11-20T22:24:00Z'
      x-powered-by:
      - ASP.NET
    status:
      code: 200
      message: OK
- request:
    body: null
    headers:
      Accept:
      - application/json
      Accept-Encoding:
      - gzip, deflate
      CommandName:
      - logicapp create
      Connection:
      - keep-alive
      Content-Length:
      - '0'
      ParameterSetName:
      - -g -n -p -s --https-only
      User-Agent:
      - AZURECLI/2.53.1 azsdk-python-azure-mgmt-web/7.0.0 Python/3.8.10 (Windows-10-10.0.22631-SP0)
    method: POST
    uri: https://management.azure.com/subscriptions/00000000-0000-0000-0000-000000000000/resourceGroups/clitest.rg000001/providers/Microsoft.Web/sites/logic-e2e000003/config/appsettings/list?api-version=2022-03-01
  response:
    body:
      string: '{"id":"/subscriptions/00000000-0000-0000-0000-000000000000/resourceGroups/clitest.rg000001/providers/Microsoft.Web/sites/logic-e2e000003/config/appsettings","name":"appsettings","type":"Microsoft.Web/sites/config","location":"West
        US","properties":{"FUNCTIONS_WORKER_RUNTIME":"node","WEBSITE_NODE_DEFAULT_VERSION":"~16","FUNCTIONS_EXTENSION_VERSION":"~4","AzureWebJobsStorage":"DefaultEndpointsProtocol=https;EndpointSuffix=core.windows.net;AccountName=clitest000002;AccountKey=veryFakedStorageAccountKey==","AzureWebJobsDashboard":"DefaultEndpointsProtocol=https;EndpointSuffix=core.windows.net;AccountName=clitest000002;AccountKey=veryFakedStorageAccountKey==","AzureFunctionsJobHost__extensionBundle__id":"Microsoft.Azure.Functions.ExtensionBundle.Workflows","AzureFunctionsJobHost__extensionBundle__version":"[1.*,
        2.0.0)","APP_KIND":"workflowApp","WEBSITE_CONTENTAZUREFILECONNECTIONSTRING":"DefaultEndpointsProtocol=https;EndpointSuffix=core.windows.net;AccountName=clitest000002;AccountKey=veryFakedStorageAccountKey==","WEBSITE_CONTENTSHARE":"logic-e2e000003"}}'
    headers:
      cache-control:
      - no-cache
      content-length:
      - '1068'
      content-type:
      - application/json
      date:
      - Mon, 20 Nov 2023 22:24:01 GMT
      expires:
      - '-1'
      pragma:
      - no-cache
      strict-transport-security:
      - max-age=31536000; includeSubDomains
      x-aspnet-version:
      - 4.0.30319
      x-cache:
      - CONFIG_NOCACHE
      x-content-type-options:
      - nosniff
      x-ms-ratelimit-remaining-subscription-resource-requests:
      - '11999'
      x-msedge-ref:
      - 'Ref A: 488BF6671682404A8E2B58F4C1F8BC5A Ref B: CO6AA3150218019 Ref C: 2023-11-20T22:24:01Z'
      x-powered-by:
      - ASP.NET
    status:
      code: 200
      message: OK
- request:
    body: null
    headers:
      Accept:
      - '*/*'
      Accept-Encoding:
      - gzip, deflate
      CommandName:
      - logicapp create
      Connection:
      - keep-alive
      ParameterSetName:
      - -g -n -p -s --https-only
      User-Agent:
      - python/3.8.10 (Windows-10-10.0.22631-SP0) AZURECLI/2.53.1
    method: GET
    uri: https://management.azure.com/subscriptions/00000000-0000-0000-0000-000000000000/resourceGroups/clitest.rg000001/providers/Microsoft.Web/sites/logic-e2e000003?api-version=2022-03-01
  response:
    body:
      string: '{"id":"/subscriptions/00000000-0000-0000-0000-000000000000/resourceGroups/clitest.rg000001/providers/Microsoft.Web/sites/logic-e2e000003","name":"logic-e2e000003","type":"Microsoft.Web/sites","kind":"functionapp,workflowapp","location":"West
        US","properties":{"name":"logic-e2e000003","state":"Running","hostNames":["logic-e2e000003.azurewebsites.net"],"webSpace":"clitest.rg000001-WestUSwebspace","selfLink":"https://waws-prod-bay-213.api.azurewebsites.windows.net:454/subscriptions/00000000-0000-0000-0000-000000000000/webspaces/clitest.rg000001-WestUSwebspace/sites/logic-e2e000003","repositorySiteName":"logic-e2e000003","owner":null,"usageState":"Normal","enabled":true,"adminEnabled":true,"afdEnabled":false,"enabledHostNames":["logic-e2e000003.azurewebsites.net","logic-e2e000003.scm.azurewebsites.net"],"siteProperties":{"metadata":null,"properties":[{"name":"LinuxFxVersion","value":""},{"name":"WindowsFxVersion","value":null}],"appSettings":null},"availabilityState":"Normal","sslCertificates":null,"csrs":[],"cers":null,"siteMode":null,"hostNameSslStates":[{"name":"logic-e2e000003.azurewebsites.net","sslState":"Disabled","ipBasedSslResult":null,"virtualIP":null,"virtualIPv6":null,"thumbprint":null,"certificateResourceId":null,"toUpdate":null,"toUpdateIpBasedSsl":null,"ipBasedSslState":"NotConfigured","hostType":"Standard"},{"name":"logic-e2e000003.scm.azurewebsites.net","sslState":"Disabled","ipBasedSslResult":null,"virtualIP":null,"virtualIPv6":null,"thumbprint":null,"certificateResourceId":null,"toUpdate":null,"toUpdateIpBasedSsl":null,"ipBasedSslState":"NotConfigured","hostType":"Repository"}],"computeMode":null,"serverFarm":null,"serverFarmId":"/subscriptions/00000000-0000-0000-0000-000000000000/resourceGroups/clitest.rg000001/providers/Microsoft.Web/serverfarms/logic-e2e-plan000004","reserved":false,"isXenon":false,"hyperV":false,"lastModifiedTimeUtc":"2023-11-20T22:23:59.09","storageRecoveryDefaultState":"Running","contentAvailabilityState":"Normal","runtimeAvailabilityState":"Normal","dnsConfiguration":{},"vnetRouteAllEnabled":false,"containerAllocationSubnet":null,"useContainerLocalhostBindings":null,"vnetImagePullEnabled":false,"vnetContentShareEnabled":false,"siteConfig":{"numberOfWorkers":1,"defaultDocuments":null,"netFrameworkVersion":null,"phpVersion":null,"pythonVersion":null,"nodeVersion":null,"powerShellVersion":null,"linuxFxVersion":"","windowsFxVersion":null,"windowsConfiguredStacks":null,"requestTracingEnabled":null,"remoteDebuggingEnabled":null,"remoteDebuggingVersion":null,"httpLoggingEnabled":null,"azureMonitorLogCategories":null,"acrUseManagedIdentityCreds":false,"acrUserManagedIdentityID":null,"logsDirectorySizeLimit":null,"detailedErrorLoggingEnabled":null,"publishingUsername":null,"publishingPassword":null,"appSettings":null,"metadata":null,"connectionStrings":null,"machineKey":null,"handlerMappings":null,"documentRoot":null,"scmType":null,"use32BitWorkerProcess":null,"webSocketsEnabled":null,"alwaysOn":false,"javaVersion":null,"javaContainer":null,"javaContainerVersion":null,"appCommandLine":null,"managedPipelineMode":null,"virtualApplications":null,"winAuthAdminState":null,"winAuthTenantState":null,"customAppPoolIdentityAdminState":null,"customAppPoolIdentityTenantState":null,"runtimeADUser":null,"runtimeADUserPassword":null,"loadBalancing":null,"routingRules":null,"experiments":null,"limits":null,"autoHealEnabled":null,"autoHealRules":null,"tracingOptions":null,"vnetName":null,"vnetRouteAllEnabled":null,"vnetPrivatePortsCount":null,"publicNetworkAccess":null,"cors":null,"push":null,"apiDefinition":null,"apiManagementConfig":null,"autoSwapSlotName":null,"localMySqlEnabled":null,"managedServiceIdentityId":null,"xManagedServiceIdentityId":null,"keyVaultReferenceIdentity":null,"ipSecurityRestrictions":null,"ipSecurityRestrictionsDefaultAction":null,"scmIpSecurityRestrictions":null,"scmIpSecurityRestrictionsDefaultAction":null,"scmIpSecurityRestrictionsUseMain":null,"http20Enabled":true,"minTlsVersion":null,"minTlsCipherSuite":null,"supportedTlsCipherSuites":null,"scmMinTlsVersion":null,"ftpsState":null,"preWarmedInstanceCount":null,"functionAppScaleLimit":0,"elasticWebAppScaleLimit":null,"healthCheckPath":null,"fileChangeAuditEnabled":null,"functionsRuntimeScaleMonitoringEnabled":null,"websiteTimeZone":null,"minimumElasticInstanceCount":1,"azureStorageAccounts":null,"http20ProxyFlag":null,"sitePort":null,"antivirusScanEnabled":null,"storageType":null,"sitePrivateLinkHostEnabled":null},"daprConfig":null,"deploymentId":"logic-e2e000003","slotName":null,"trafficManagerHostNames":null,"sku":"WorkflowStandard","scmSiteAlsoStopped":false,"targetSwapSlot":null,"hostingEnvironment":null,"hostingEnvironmentProfile":null,"clientAffinityEnabled":false,"clientCertEnabled":false,"clientCertMode":"Required","clientCertExclusionPaths":null,"hostNamesDisabled":false,"ipMode":"IPv4","vnetBackupRestoreEnabled":false,"domainVerificationIdentifiers":null,"customDomainVerificationId":"C4C02A18828506F81C8FA754DCC380496D4C309F80135C91EE4748B49E9BCDD1","kind":"functionapp,workflowapp","managedEnvironmentId":null,"inboundIpAddress":"40.112.243.101","possibleInboundIpAddresses":"40.112.243.101","ftpUsername":"logic-e2e000003\\$logic-e2e000003","ftpsHostName":"ftps://waws-prod-bay-213.ftp.azurewebsites.windows.net/site/wwwroot","outboundIpAddresses":"20.237.252.63,20.237.253.32,20.237.253.216,20.237.254.52,20.237.254.70,20.237.253.136,40.112.243.101","possibleOutboundIpAddresses":"20.237.250.67,20.237.249.209,20.237.250.162,20.237.248.227,20.237.250.252,20.237.252.20,20.237.252.63,20.237.253.32,20.237.253.216,20.237.254.52,20.237.254.70,20.237.253.136,20.237.253.144,20.237.248.232,20.237.253.133,20.237.254.130,20.237.254.139,20.237.249.3,20.237.253.167,20.237.254.155,20.237.254.197,20.237.254.252,20.237.255.18,20.237.255.43,20.237.255.74,20.237.251.50,20.237.255.108,20.237.250.196,20.237.252.209,20.237.255.124,40.112.243.101","containerSize":1536,"dailyMemoryTimeQuota":0,"suspendedTill":null,"siteDisabledReason":0,"functionExecutionUnitsCache":null,"maxNumberOfWorkers":null,"homeStamp":"waws-prod-bay-213","cloningInfo":null,"hostingEnvironmentId":null,"tags":null,"resourceGroup":"clitest.rg000001","defaultHostName":"logic-e2e000003.azurewebsites.net","slotSwapStatus":null,"httpsOnly":true,"endToEndEncryptionEnabled":false,"functionsRuntimeAdminIsolationEnabled":false,"redundancyMode":"None","inProgressOperationId":null,"geoDistributions":null,"privateEndpointConnections":[],"publicNetworkAccess":null,"buildVersion":null,"targetBuildVersion":null,"migrationState":null,"eligibleLogCategories":"WorkflowRuntime,FunctionAppLogs","inFlightFeatures":[],"storageAccountRequired":false,"virtualNetworkSubnetId":null,"keyVaultReferenceIdentity":"SystemAssigned","defaultHostNameScope":"Global","privateLinkIdentifiers":null,"sshEnabled":null}}'
    headers:
      cache-control:
      - no-cache
      content-length:
      - '6853'
      content-type:
      - application/json
      date:
      - Mon, 20 Nov 2023 22:24:01 GMT
      etag:
      - '"1DA1C0041D4E520"'
      expires:
      - '-1'
      pragma:
      - no-cache
      strict-transport-security:
      - max-age=31536000; includeSubDomains
      x-aspnet-version:
      - 4.0.30319
      x-cache:
      - CONFIG_NOCACHE
      x-content-type-options:
      - nosniff
      x-msedge-ref:
      - 'Ref A: 0D4AFD1D6DF24CD6A55BD413386C3B81 Ref B: CO6AA3150219017 Ref C: 2023-11-20T22:24:01Z'
      x-powered-by:
      - ASP.NET
    status:
      code: 200
      message: OK
- request:
    body: '{"properties": {"FUNCTIONS_WORKER_RUNTIME": "node", "WEBSITE_NODE_DEFAULT_VERSION":
      "~16", "FUNCTIONS_EXTENSION_VERSION": "~4", "AzureWebJobsStorage": "DefaultEndpointsProtocol=https;EndpointSuffix=core.windows.net;AccountName=clitest000002;AccountKey=veryFakedStorageAccountKey==",
      "AzureWebJobsDashboard": "DefaultEndpointsProtocol=https;EndpointSuffix=core.windows.net;AccountName=clitest000002;AccountKey=veryFakedStorageAccountKey==",
      "AzureFunctionsJobHost__extensionBundle__id": "Microsoft.Azure.Functions.ExtensionBundle.Workflows",
      "AzureFunctionsJobHost__extensionBundle__version": "[1.*, 2.0.0)", "APP_KIND":
      "workflowApp", "WEBSITE_CONTENTAZUREFILECONNECTIONSTRING": "DefaultEndpointsProtocol=https;EndpointSuffix=core.windows.net;AccountName=clitest000002;AccountKey=veryFakedStorageAccountKey==",
      "WEBSITE_CONTENTSHARE": "logic-e2e000003", "APPINSIGHTS_INSTRUMENTATIONKEY":
      "35c2dce8-7a9a-4b72-89f5-5bfa76d80291"}}'
    headers:
      Accept:
      - application/json
      Accept-Encoding:
      - gzip, deflate
      CommandName:
      - logicapp create
      Connection:
      - keep-alive
      Content-Length:
      - '928'
      Content-Type:
      - application/json
      ParameterSetName:
      - -g -n -p -s --https-only
      User-Agent:
      - AZURECLI/2.53.1 azsdk-python-azure-mgmt-web/7.0.0 Python/3.8.10 (Windows-10-10.0.22631-SP0)
    method: PUT
    uri: https://management.azure.com/subscriptions/00000000-0000-0000-0000-000000000000/resourceGroups/clitest.rg000001/providers/Microsoft.Web/sites/logic-e2e000003/config/appsettings?api-version=2022-03-01
  response:
    body:
      string: '{"id":"/subscriptions/00000000-0000-0000-0000-000000000000/resourceGroups/clitest.rg000001/providers/Microsoft.Web/sites/logic-e2e000003/config/appsettings","name":"appsettings","type":"Microsoft.Web/sites/config","location":"West
        US","properties":{"FUNCTIONS_WORKER_RUNTIME":"node","WEBSITE_NODE_DEFAULT_VERSION":"~16","FUNCTIONS_EXTENSION_VERSION":"~4","AzureWebJobsStorage":"DefaultEndpointsProtocol=https;EndpointSuffix=core.windows.net;AccountName=clitest000002;AccountKey=veryFakedStorageAccountKey==","AzureWebJobsDashboard":"DefaultEndpointsProtocol=https;EndpointSuffix=core.windows.net;AccountName=clitest000002;AccountKey=veryFakedStorageAccountKey==","AzureFunctionsJobHost__extensionBundle__id":"Microsoft.Azure.Functions.ExtensionBundle.Workflows","AzureFunctionsJobHost__extensionBundle__version":"[1.*,
        2.0.0)","APP_KIND":"workflowApp","WEBSITE_CONTENTAZUREFILECONNECTIONSTRING":"DefaultEndpointsProtocol=https;EndpointSuffix=core.windows.net;AccountName=clitest000002;AccountKey=veryFakedStorageAccountKey==","WEBSITE_CONTENTSHARE":"logic-e2e000003","APPINSIGHTS_INSTRUMENTATIONKEY":"35c2dce8-7a9a-4b72-89f5-5bfa76d80291"}}'
    headers:
      cache-control:
      - no-cache
      content-length:
      - '1140'
      content-type:
      - application/json
      date:
      - Mon, 20 Nov 2023 22:24:01 GMT
      etag:
      - '"1DA1C0041D4E520"'
      expires:
      - '-1'
      pragma:
      - no-cache
      strict-transport-security:
      - max-age=31536000; includeSubDomains
      x-aspnet-version:
      - 4.0.30319
      x-cache:
      - CONFIG_NOCACHE
      x-content-type-options:
      - nosniff
      x-ms-ratelimit-remaining-subscription-writes:
      - '1193'
      x-msedge-ref:
      - 'Ref A: 6FD2D5DBC6BF49259539D288DF06CF96 Ref B: CO6AA3150218047 Ref C: 2023-11-20T22:24:01Z'
      x-powered-by:
      - ASP.NET
    status:
      code: 200
      message: OK
- request:
    body: null
    headers:
      Accept:
      - application/json
      Accept-Encoding:
      - gzip, deflate
      CommandName:
      - logicapp create
      Connection:
      - keep-alive
      ParameterSetName:
      - -g -n -p -s
      User-Agent:
      - AZURECLI/2.53.1 azsdk-python-azure-mgmt-web/7.0.0 Python/3.8.10 (Windows-10-10.0.22631-SP0)
    method: GET
    uri: https://management.azure.com/subscriptions/00000000-0000-0000-0000-000000000000/resourceGroups/clitest.rg000001/providers/Microsoft.Web/serverfarms/logic-e2e-plan000004?api-version=2022-03-01
  response:
    body:
      string: '{"id":"/subscriptions/00000000-0000-0000-0000-000000000000/resourceGroups/clitest.rg000001/providers/Microsoft.Web/serverfarms/logic-e2e-plan000004","name":"logic-e2e-plan000004","type":"Microsoft.Web/serverfarms","kind":"elastic","location":"West
        US","properties":{"serverFarmId":22962,"name":"logic-e2e-plan000004","workerSize":"D1","workerSizeId":3,"workerTierName":null,"numberOfWorkers":1,"currentWorkerSize":"D1","currentWorkerSizeId":3,"currentNumberOfWorkers":1,"status":"Ready","webSpace":"clitest.rg000001-WestUSwebspace","subscription":"50821c37-1271-4210-8e1f-568acc6ecc66","adminSiteName":null,"hostingEnvironment":null,"hostingEnvironmentProfile":null,"maximumNumberOfWorkers":20,"planName":"VirtualDedicatedPlan","adminRuntimeSiteName":null,"computeMode":"Dedicated","siteMode":null,"geoRegion":"West
        US","perSiteScaling":false,"elasticScaleEnabled":true,"maximumElasticWorkerCount":1,"numberOfSites":1,"hostingEnvironmentId":null,"isSpot":false,"spotExpirationTime":null,"freeOfferExpirationTime":null,"tags":null,"kind":"elastic","resourceGroup":"clitest.rg000001","reserved":false,"isXenon":false,"hyperV":false,"mdmId":"waws-prod-bay-213_22962","targetWorkerCount":0,"targetWorkerSizeId":0,"provisioningState":"Succeeded","webSiteId":null,"existingServerFarmIds":null,"kubeEnvironmentProfile":null,"zoneRedundant":false,"migrateToVMSS":null,"vnetConnectionsUsed":0,"vnetConnectionsMax":2,"createdTime":"2023-11-20T22:23:33.96"},"sku":{"name":"WS1","tier":"WorkflowStandard","size":"WS1","family":"WS","capacity":1}}'
    headers:
      cache-control:
      - no-cache
      content-length:
      - '1534'
      content-type:
      - application/json
      date:
      - Mon, 20 Nov 2023 22:24:01 GMT
      expires:
      - '-1'
      pragma:
      - no-cache
      strict-transport-security:
      - max-age=31536000; includeSubDomains
      x-aspnet-version:
      - 4.0.30319
      x-cache:
      - CONFIG_NOCACHE
      x-content-type-options:
      - nosniff
      x-msedge-ref:
      - 'Ref A: D2952F2D42F540639DEE805C8D0122A7 Ref B: CO6AA3150218029 Ref C: 2023-11-20T22:24:02Z'
      x-powered-by:
      - ASP.NET
    status:
      code: 200
      message: OK
- request:
    body: null
    headers:
      Accept:
      - application/json
      Accept-Encoding:
      - gzip, deflate
      CommandName:
      - logicapp create
      Connection:
      - keep-alive
      ParameterSetName:
      - -g -n -p -s
      User-Agent:
      - AZURECLI/2.53.1 azsdk-python-azure-mgmt-storage/21.0.0 Python/3.8.10 (Windows-10-10.0.22631-SP0)
    method: GET
    uri: https://management.azure.com/subscriptions/00000000-0000-0000-0000-000000000000/resourceGroups/clitest.rg000001/providers/Microsoft.Storage/storageAccounts/clitest000002?api-version=2022-09-01
  response:
    body:
      string: '{"sku":{"name":"Standard_LRS","tier":"Standard"},"kind":"Storage","id":"/subscriptions/00000000-0000-0000-0000-000000000000/resourceGroups/clitest.rg000001/providers/Microsoft.Storage/storageAccounts/clitest000002","name":"clitest000002","type":"Microsoft.Storage/storageAccounts","location":"westus","tags":{},"properties":{"keyCreationTime":{"key1":"2023-11-20T22:23:10.5449128Z","key2":"2023-11-20T22:23:10.5449128Z"},"privateEndpointConnections":[],"minimumTlsVersion":"TLS1_0","allowBlobPublicAccess":false,"networkAcls":{"bypass":"AzureServices","virtualNetworkRules":[],"ipRules":[],"defaultAction":"Allow"},"supportsHttpsTrafficOnly":true,"encryption":{"services":{"file":{"keyType":"Account","enabled":true,"lastEnabledTime":"2023-11-20T22:23:10.6542859Z"},"blob":{"keyType":"Account","enabled":true,"lastEnabledTime":"2023-11-20T22:23:10.6542859Z"}},"keySource":"Microsoft.Storage"},"provisioningState":"Succeeded","creationTime":"2023-11-20T22:23:10.4668345Z","primaryEndpoints":{"blob":"https://clitest000002.blob.core.windows.net/","queue":"https://clitest000002.queue.core.windows.net/","table":"https://clitest000002.table.core.windows.net/","file":"https://clitest000002.file.core.windows.net/"},"primaryLocation":"westus","statusOfPrimary":"available"}}'
    headers:
      cache-control:
      - no-cache
      content-length:
      - '1270'
      content-type:
      - application/json
      date:
      - Mon, 20 Nov 2023 22:24:01 GMT
      expires:
      - '-1'
      pragma:
      - no-cache
      strict-transport-security:
      - max-age=31536000; includeSubDomains
      x-cache:
      - CONFIG_NOCACHE
      x-content-type-options:
      - nosniff
      x-msedge-ref:
      - 'Ref A: D851CBEF9AF249E08D128A1C9EF351BC Ref B: CO6AA3150218035 Ref C: 2023-11-20T22:24:02Z'
    status:
      code: 200
      message: OK
- request:
    body: null
    headers:
      Accept:
      - application/json
      Accept-Encoding:
      - gzip, deflate
      CommandName:
      - logicapp create
      Connection:
      - keep-alive
      Content-Length:
      - '0'
      ParameterSetName:
      - -g -n -p -s
      User-Agent:
      - AZURECLI/2.53.1 azsdk-python-azure-mgmt-storage/21.0.0 Python/3.8.10 (Windows-10-10.0.22631-SP0)
    method: POST
    uri: https://management.azure.com/subscriptions/00000000-0000-0000-0000-000000000000/resourceGroups/clitest.rg000001/providers/Microsoft.Storage/storageAccounts/clitest000002/listKeys?api-version=2022-09-01&$expand=kerb
  response:
    body:
      string: '{"keys":[{"creationTime":"2023-11-20T22:23:10.5449128Z","keyName":"key1","value":"veryFakedStorageAccountKey==","permissions":"FULL"},{"creationTime":"2023-11-20T22:23:10.5449128Z","keyName":"key2","value":"veryFakedStorageAccountKey==","permissions":"FULL"}]}'
    headers:
      cache-control:
      - no-cache
      content-length:
      - '260'
      content-type:
      - application/json
      date:
      - Mon, 20 Nov 2023 22:24:01 GMT
      expires:
      - '-1'
      pragma:
      - no-cache
      strict-transport-security:
      - max-age=31536000; includeSubDomains
      x-cache:
      - CONFIG_NOCACHE
      x-content-type-options:
      - nosniff
      x-ms-ratelimit-remaining-subscription-resource-requests:
      - '11996'
      x-msedge-ref:
      - 'Ref A: 96D2A435125942EE965F1D33F70A8A27 Ref B: CO6AA3150218035 Ref C: 2023-11-20T22:24:02Z'
    status:
      code: 200
      message: OK
- request:
    body: '{"kind": "functionapp,workflowapp", "location": "West US", "properties":
      {"serverFarmId": "/subscriptions/00000000-0000-0000-0000-000000000000/resourceGroups/clitest.rg000001/providers/Microsoft.Web/serverfarms/logic-e2e-plan000004",
      "reserved": false, "isXenon": false, "hyperV": false, "siteConfig": {"netFrameworkVersion":
      "v4.6", "appSettings": [{"name": "FUNCTIONS_WORKER_RUNTIME", "value": "node"},
      {"name": "WEBSITE_NODE_DEFAULT_VERSION", "value": "~16"}, {"name": "FUNCTIONS_EXTENSION_VERSION",
      "value": "~4"}, {"name": "AzureWebJobsStorage", "value": "DefaultEndpointsProtocol=https;EndpointSuffix=core.windows.net;AccountName=clitest000002;AccountKey=veryFakedStorageAccountKey=="},
      {"name": "AzureWebJobsDashboard", "value": "DefaultEndpointsProtocol=https;EndpointSuffix=core.windows.net;AccountName=clitest000002;AccountKey=veryFakedStorageAccountKey=="},
      {"name": "AzureFunctionsJobHost__extensionBundle__id", "value": "Microsoft.Azure.Functions.ExtensionBundle.Workflows"},
      {"name": "AzureFunctionsJobHost__extensionBundle__version", "value": "[1.*,
      2.0.0)"}, {"name": "APP_KIND", "value": "workflowApp"}, {"name": "WEBSITE_CONTENTAZUREFILECONNECTIONSTRING",
      "value": "DefaultEndpointsProtocol=https;EndpointSuffix=core.windows.net;AccountName=clitest000002;AccountKey=veryFakedStorageAccountKey=="},
      {"name": "WEBSITE_CONTENTSHARE", "value": "logic-e2e000003"}], "localMySqlEnabled":
      false, "http20Enabled": true}, "scmSiteAlsoStopped": false, "httpsOnly": false}}'
    headers:
      Accept:
      - application/json
      Accept-Encoding:
      - gzip, deflate
      CommandName:
      - logicapp create
      Connection:
      - keep-alive
      Content-Length:
      - '1480'
      Content-Type:
      - application/json
      ParameterSetName:
      - -g -n -p -s
      User-Agent:
      - AZURECLI/2.53.1 azsdk-python-azure-mgmt-web/7.0.0 Python/3.8.10 (Windows-10-10.0.22631-SP0)
    method: PUT
    uri: https://management.azure.com/subscriptions/00000000-0000-0000-0000-000000000000/resourceGroups/clitest.rg000001/providers/Microsoft.Web/sites/logic-e2e000003?api-version=2022-03-01
  response:
    body:
      string: '{"id":"/subscriptions/00000000-0000-0000-0000-000000000000/resourceGroups/clitest.rg000001/providers/Microsoft.Web/sites/logic-e2e000003","name":"logic-e2e000003","type":"Microsoft.Web/sites","kind":"functionapp,workflowapp","location":"West
        US","properties":{"name":"logic-e2e000003","state":"Running","hostNames":["logic-e2e000003.azurewebsites.net"],"webSpace":"clitest.rg000001-WestUSwebspace","selfLink":"https://waws-prod-bay-213.api.azurewebsites.windows.net:454/subscriptions/00000000-0000-0000-0000-000000000000/webspaces/clitest.rg000001-WestUSwebspace/sites/logic-e2e000003","repositorySiteName":"logic-e2e000003","owner":null,"usageState":"Normal","enabled":true,"adminEnabled":true,"afdEnabled":false,"enabledHostNames":["logic-e2e000003.azurewebsites.net","logic-e2e000003.scm.azurewebsites.net"],"siteProperties":{"metadata":null,"properties":[{"name":"LinuxFxVersion","value":""},{"name":"WindowsFxVersion","value":null}],"appSettings":null},"availabilityState":"Normal","sslCertificates":null,"csrs":[],"cers":null,"siteMode":null,"hostNameSslStates":[{"name":"logic-e2e000003.azurewebsites.net","sslState":"Disabled","ipBasedSslResult":null,"virtualIP":null,"virtualIPv6":null,"thumbprint":null,"certificateResourceId":null,"toUpdate":null,"toUpdateIpBasedSsl":null,"ipBasedSslState":"NotConfigured","hostType":"Standard"},{"name":"logic-e2e000003.scm.azurewebsites.net","sslState":"Disabled","ipBasedSslResult":null,"virtualIP":null,"virtualIPv6":null,"thumbprint":null,"certificateResourceId":null,"toUpdate":null,"toUpdateIpBasedSsl":null,"ipBasedSslState":"NotConfigured","hostType":"Repository"}],"computeMode":null,"serverFarm":null,"serverFarmId":"/subscriptions/00000000-0000-0000-0000-000000000000/resourceGroups/clitest.rg000001/providers/Microsoft.Web/serverfarms/logic-e2e-plan000004","reserved":false,"isXenon":false,"hyperV":false,"lastModifiedTimeUtc":"2023-11-20T22:24:05.71","storageRecoveryDefaultState":"Running","contentAvailabilityState":"Normal","runtimeAvailabilityState":"Normal","dnsConfiguration":{},"vnetRouteAllEnabled":false,"containerAllocationSubnet":null,"useContainerLocalhostBindings":null,"vnetImagePullEnabled":false,"vnetContentShareEnabled":false,"siteConfig":{"numberOfWorkers":1,"defaultDocuments":null,"netFrameworkVersion":null,"phpVersion":null,"pythonVersion":null,"nodeVersion":null,"powerShellVersion":null,"linuxFxVersion":"","windowsFxVersion":null,"windowsConfiguredStacks":null,"requestTracingEnabled":null,"remoteDebuggingEnabled":null,"remoteDebuggingVersion":null,"httpLoggingEnabled":null,"azureMonitorLogCategories":null,"acrUseManagedIdentityCreds":false,"acrUserManagedIdentityID":null,"logsDirectorySizeLimit":null,"detailedErrorLoggingEnabled":null,"publishingUsername":null,"publishingPassword":null,"appSettings":null,"metadata":null,"connectionStrings":null,"machineKey":null,"handlerMappings":null,"documentRoot":null,"scmType":null,"use32BitWorkerProcess":null,"webSocketsEnabled":null,"alwaysOn":false,"javaVersion":null,"javaContainer":null,"javaContainerVersion":null,"appCommandLine":null,"managedPipelineMode":null,"virtualApplications":null,"winAuthAdminState":null,"winAuthTenantState":null,"customAppPoolIdentityAdminState":null,"customAppPoolIdentityTenantState":null,"runtimeADUser":null,"runtimeADUserPassword":null,"loadBalancing":null,"routingRules":null,"experiments":null,"limits":null,"autoHealEnabled":null,"autoHealRules":null,"tracingOptions":null,"vnetName":null,"vnetRouteAllEnabled":null,"vnetPrivatePortsCount":null,"publicNetworkAccess":null,"cors":null,"push":null,"apiDefinition":null,"apiManagementConfig":null,"autoSwapSlotName":null,"localMySqlEnabled":null,"managedServiceIdentityId":null,"xManagedServiceIdentityId":null,"keyVaultReferenceIdentity":null,"ipSecurityRestrictions":[{"ipAddress":"Any","action":"Allow","priority":2147483647,"name":"Allow
        all","description":"Allow all access"}],"ipSecurityRestrictionsDefaultAction":null,"scmIpSecurityRestrictions":[{"ipAddress":"Any","action":"Allow","priority":2147483647,"name":"Allow
        all","description":"Allow all access"}],"scmIpSecurityRestrictionsDefaultAction":null,"scmIpSecurityRestrictionsUseMain":null,"http20Enabled":true,"minTlsVersion":null,"minTlsCipherSuite":null,"supportedTlsCipherSuites":null,"scmMinTlsVersion":null,"ftpsState":null,"preWarmedInstanceCount":null,"functionAppScaleLimit":0,"elasticWebAppScaleLimit":null,"healthCheckPath":null,"fileChangeAuditEnabled":null,"functionsRuntimeScaleMonitoringEnabled":null,"websiteTimeZone":null,"minimumElasticInstanceCount":1,"azureStorageAccounts":null,"http20ProxyFlag":null,"sitePort":null,"antivirusScanEnabled":null,"storageType":null,"sitePrivateLinkHostEnabled":null},"daprConfig":null,"deploymentId":"logic-e2e000003","slotName":null,"trafficManagerHostNames":null,"sku":"WorkflowStandard","scmSiteAlsoStopped":false,"targetSwapSlot":null,"hostingEnvironment":null,"hostingEnvironmentProfile":null,"clientAffinityEnabled":false,"clientCertEnabled":false,"clientCertMode":"Required","clientCertExclusionPaths":null,"hostNamesDisabled":false,"ipMode":"IPv4","vnetBackupRestoreEnabled":false,"domainVerificationIdentifiers":null,"customDomainVerificationId":"C4C02A18828506F81C8FA754DCC380496D4C309F80135C91EE4748B49E9BCDD1","kind":"functionapp,workflowapp","managedEnvironmentId":null,"inboundIpAddress":"40.112.243.101","possibleInboundIpAddresses":"40.112.243.101","ftpUsername":"logic-e2e000003\\$logic-e2e000003","ftpsHostName":"ftps://waws-prod-bay-213.ftp.azurewebsites.windows.net/site/wwwroot","outboundIpAddresses":"20.237.252.63,20.237.253.32,20.237.253.216,20.237.254.52,20.237.254.70,20.237.253.136,40.112.243.101","possibleOutboundIpAddresses":"20.237.250.67,20.237.249.209,20.237.250.162,20.237.248.227,20.237.250.252,20.237.252.20,20.237.252.63,20.237.253.32,20.237.253.216,20.237.254.52,20.237.254.70,20.237.253.136,20.237.253.144,20.237.248.232,20.237.253.133,20.237.254.130,20.237.254.139,20.237.249.3,20.237.253.167,20.237.254.155,20.237.254.197,20.237.254.252,20.237.255.18,20.237.255.43,20.237.255.74,20.237.251.50,20.237.255.108,20.237.250.196,20.237.252.209,20.237.255.124,40.112.243.101","containerSize":1536,"dailyMemoryTimeQuota":0,"suspendedTill":null,"siteDisabledReason":0,"functionExecutionUnitsCache":null,"maxNumberOfWorkers":null,"homeStamp":"waws-prod-bay-213","cloningInfo":null,"hostingEnvironmentId":null,"tags":null,"resourceGroup":"clitest.rg000001","defaultHostName":"logic-e2e000003.azurewebsites.net","slotSwapStatus":null,"httpsOnly":false,"endToEndEncryptionEnabled":false,"functionsRuntimeAdminIsolationEnabled":false,"redundancyMode":"None","inProgressOperationId":null,"geoDistributions":null,"privateEndpointConnections":null,"publicNetworkAccess":null,"buildVersion":null,"targetBuildVersion":null,"migrationState":null,"eligibleLogCategories":"WorkflowRuntime,FunctionAppLogs","inFlightFeatures":null,"storageAccountRequired":false,"virtualNetworkSubnetId":null,"keyVaultReferenceIdentity":"SystemAssigned","defaultHostNameScope":"Global","privateLinkIdentifiers":null,"sshEnabled":null}}'
    headers:
      cache-control:
      - no-cache
      content-length:
      - '7074'
      content-type:
      - application/json
      date:
      - Mon, 20 Nov 2023 22:24:07 GMT
      etag:
      - '"1DA1C004383B395"'
      expires:
      - '-1'
      pragma:
      - no-cache
      strict-transport-security:
      - max-age=31536000; includeSubDomains
      x-aspnet-version:
      - 4.0.30319
      x-cache:
      - CONFIG_NOCACHE
      x-content-type-options:
      - nosniff
      x-ms-ratelimit-remaining-subscription-resource-requests:
      - '499'
      x-msedge-ref:
      - 'Ref A: 4F9972F78ABF4F6E8C8DBC98D39886FB Ref B: CO6AA3150218029 Ref C: 2023-11-20T22:24:02Z'
      x-powered-by:
      - ASP.NET
    status:
      code: 200
      message: OK
- request:
    body: '{"location": "West US", "kind": "web", "properties": {"Application_Type":
      "web"}}'
    headers:
      Accept:
      - application/json
      Accept-Encoding:
      - gzip, deflate
      CommandName:
      - logicapp create
      Connection:
      - keep-alive
      Content-Length:
      - '81'
      Content-Type:
      - application/json
      ParameterSetName:
      - -g -n -p -s
      User-Agent:
      - AZURECLI/2.53.1 azsdk-python-azure-mgmt-applicationinsights/1.0.0 Python/3.8.10
        (Windows-10-10.0.22631-SP0)
    method: PUT
    uri: https://management.azure.com/subscriptions/00000000-0000-0000-0000-000000000000/resourceGroups/clitest.rg000001/providers/Microsoft.Insights/components/logic-e2e000003?api-version=2015-05-01
  response:
    body:
      string: "{\r\n  \"id\": \"/subscriptions/00000000-0000-0000-0000-000000000000/resourceGroups/clitest.rg000001/providers/microsoft.insights/components/logic-e2e000003\",\r\n
        \ \"name\": \"logic-e2e000003\",\r\n  \"type\": \"microsoft.insights/components\",\r\n
        \ \"location\": \"westus\",\r\n  \"tags\": {},\r\n  \"kind\": \"web\",\r\n
        \ \"etag\": \"\\\"c102f24f-0000-0200-0000-655bdc880000\\\"\",\r\n  \"properties\":
        {\r\n    \"ApplicationId\": \"logic-e2e000003\",\r\n    \"AppId\": \"5caec202-bdd0-4393-b2ef-49fbc42e3cea\",\r\n
        \   \"Application_Type\": \"web\",\r\n    \"Flow_Type\": null,\r\n    \"Request_Source\":
        null,\r\n    \"InstrumentationKey\": \"35c2dce8-7a9a-4b72-89f5-5bfa76d80291\",\r\n
        \   \"ConnectionString\": \"InstrumentationKey=35c2dce8-7a9a-4b72-89f5-5bfa76d80291;IngestionEndpoint=https://westus-0.in.applicationinsights.azure.com/;LiveEndpoint=https://westus.livediagnostics.monitor.azure.com/\",\r\n
        \   \"Name\": \"logic-e2e000003\",\r\n    \"CreationDate\": \"2023-11-20T22:24:00.4830574+00:00\",\r\n
        \   \"TenantId\": \"50821c37-1271-4210-8e1f-568acc6ecc66\",\r\n    \"provisioningState\":
        \"Succeeded\",\r\n    \"SamplingPercentage\": null,\r\n    \"RetentionInDays\":
        90,\r\n    \"IngestionMode\": \"ApplicationInsights\",\r\n    \"publicNetworkAccessForIngestion\":
        \"Enabled\",\r\n    \"publicNetworkAccessForQuery\": \"Enabled\",\r\n    \"Ver\":
        \"v2\"\r\n  }\r\n}"
    headers:
      access-control-expose-headers:
      - Request-Context
      cache-control:
      - no-cache
      content-length:
      - '1237'
      content-type:
      - application/json; charset=utf-8
      date:
      - Mon, 20 Nov 2023 22:24:11 GMT
      expires:
      - '-1'
      pragma:
      - no-cache
      request-context:
      - appId=cid-v1:0dd6a9c3-b728-41ca-aa78-7e1962e22331
      strict-transport-security:
      - max-age=31536000; includeSubDomains
      x-cache:
      - CONFIG_NOCACHE
      x-content-type-options:
      - nosniff
      x-ms-ratelimit-remaining-subscription-writes:
      - '1198'
      x-msedge-ref:
      - 'Ref A: 6BDBA1D884464FE2AB98B93DE6F5E25C Ref B: CO6AA3150217023 Ref C: 2023-11-20T22:24:08Z'
      x-powered-by:
      - ASP.NET
    status:
      code: 200
      message: OK
- request:
    body: null
    headers:
      Accept:
      - '*/*'
      Accept-Encoding:
      - gzip, deflate
      CommandName:
      - logicapp create
      Connection:
      - keep-alive
      ParameterSetName:
      - -g -n -p -s
      User-Agent:
      - python/3.8.10 (Windows-10-10.0.22631-SP0) AZURECLI/2.53.1
    method: GET
    uri: https://management.azure.com/subscriptions/00000000-0000-0000-0000-000000000000/resourceGroups/clitest.rg000001/providers/Microsoft.Web/sites/logic-e2e000003?api-version=2022-03-01
  response:
    body:
      string: '{"id":"/subscriptions/00000000-0000-0000-0000-000000000000/resourceGroups/clitest.rg000001/providers/Microsoft.Web/sites/logic-e2e000003","name":"logic-e2e000003","type":"Microsoft.Web/sites","kind":"functionapp,workflowapp","location":"West
        US","properties":{"name":"logic-e2e000003","state":"Running","hostNames":["logic-e2e000003.azurewebsites.net"],"webSpace":"clitest.rg000001-WestUSwebspace","selfLink":"https://waws-prod-bay-213.api.azurewebsites.windows.net:454/subscriptions/00000000-0000-0000-0000-000000000000/webspaces/clitest.rg000001-WestUSwebspace/sites/logic-e2e000003","repositorySiteName":"logic-e2e000003","owner":null,"usageState":"Normal","enabled":true,"adminEnabled":true,"afdEnabled":false,"enabledHostNames":["logic-e2e000003.azurewebsites.net","logic-e2e000003.scm.azurewebsites.net"],"siteProperties":{"metadata":null,"properties":[{"name":"LinuxFxVersion","value":""},{"name":"WindowsFxVersion","value":null}],"appSettings":null},"availabilityState":"Normal","sslCertificates":null,"csrs":[],"cers":null,"siteMode":null,"hostNameSslStates":[{"name":"logic-e2e000003.azurewebsites.net","sslState":"Disabled","ipBasedSslResult":null,"virtualIP":null,"virtualIPv6":null,"thumbprint":null,"certificateResourceId":null,"toUpdate":null,"toUpdateIpBasedSsl":null,"ipBasedSslState":"NotConfigured","hostType":"Standard"},{"name":"logic-e2e000003.scm.azurewebsites.net","sslState":"Disabled","ipBasedSslResult":null,"virtualIP":null,"virtualIPv6":null,"thumbprint":null,"certificateResourceId":null,"toUpdate":null,"toUpdateIpBasedSsl":null,"ipBasedSslState":"NotConfigured","hostType":"Repository"}],"computeMode":null,"serverFarm":null,"serverFarmId":"/subscriptions/00000000-0000-0000-0000-000000000000/resourceGroups/clitest.rg000001/providers/Microsoft.Web/serverfarms/logic-e2e-plan000004","reserved":false,"isXenon":false,"hyperV":false,"lastModifiedTimeUtc":"2023-11-20T22:24:05.71","storageRecoveryDefaultState":"Running","contentAvailabilityState":"Normal","runtimeAvailabilityState":"Normal","dnsConfiguration":{},"vnetRouteAllEnabled":false,"containerAllocationSubnet":null,"useContainerLocalhostBindings":null,"vnetImagePullEnabled":false,"vnetContentShareEnabled":false,"siteConfig":{"numberOfWorkers":1,"defaultDocuments":null,"netFrameworkVersion":null,"phpVersion":null,"pythonVersion":null,"nodeVersion":null,"powerShellVersion":null,"linuxFxVersion":"","windowsFxVersion":null,"windowsConfiguredStacks":null,"requestTracingEnabled":null,"remoteDebuggingEnabled":null,"remoteDebuggingVersion":null,"httpLoggingEnabled":null,"azureMonitorLogCategories":null,"acrUseManagedIdentityCreds":false,"acrUserManagedIdentityID":null,"logsDirectorySizeLimit":null,"detailedErrorLoggingEnabled":null,"publishingUsername":null,"publishingPassword":null,"appSettings":null,"metadata":null,"connectionStrings":null,"machineKey":null,"handlerMappings":null,"documentRoot":null,"scmType":null,"use32BitWorkerProcess":null,"webSocketsEnabled":null,"alwaysOn":false,"javaVersion":null,"javaContainer":null,"javaContainerVersion":null,"appCommandLine":null,"managedPipelineMode":null,"virtualApplications":null,"winAuthAdminState":null,"winAuthTenantState":null,"customAppPoolIdentityAdminState":null,"customAppPoolIdentityTenantState":null,"runtimeADUser":null,"runtimeADUserPassword":null,"loadBalancing":null,"routingRules":null,"experiments":null,"limits":null,"autoHealEnabled":null,"autoHealRules":null,"tracingOptions":null,"vnetName":null,"vnetRouteAllEnabled":null,"vnetPrivatePortsCount":null,"publicNetworkAccess":null,"cors":null,"push":null,"apiDefinition":null,"apiManagementConfig":null,"autoSwapSlotName":null,"localMySqlEnabled":null,"managedServiceIdentityId":null,"xManagedServiceIdentityId":null,"keyVaultReferenceIdentity":null,"ipSecurityRestrictions":null,"ipSecurityRestrictionsDefaultAction":null,"scmIpSecurityRestrictions":null,"scmIpSecurityRestrictionsDefaultAction":null,"scmIpSecurityRestrictionsUseMain":null,"http20Enabled":true,"minTlsVersion":null,"minTlsCipherSuite":null,"supportedTlsCipherSuites":null,"scmMinTlsVersion":null,"ftpsState":null,"preWarmedInstanceCount":null,"functionAppScaleLimit":0,"elasticWebAppScaleLimit":null,"healthCheckPath":null,"fileChangeAuditEnabled":null,"functionsRuntimeScaleMonitoringEnabled":null,"websiteTimeZone":null,"minimumElasticInstanceCount":1,"azureStorageAccounts":null,"http20ProxyFlag":null,"sitePort":null,"antivirusScanEnabled":null,"storageType":null,"sitePrivateLinkHostEnabled":null},"daprConfig":null,"deploymentId":"logic-e2e000003","slotName":null,"trafficManagerHostNames":null,"sku":"WorkflowStandard","scmSiteAlsoStopped":false,"targetSwapSlot":null,"hostingEnvironment":null,"hostingEnvironmentProfile":null,"clientAffinityEnabled":false,"clientCertEnabled":false,"clientCertMode":"Required","clientCertExclusionPaths":null,"hostNamesDisabled":false,"ipMode":"IPv4","vnetBackupRestoreEnabled":false,"domainVerificationIdentifiers":null,"customDomainVerificationId":"C4C02A18828506F81C8FA754DCC380496D4C309F80135C91EE4748B49E9BCDD1","kind":"functionapp,workflowapp","managedEnvironmentId":null,"inboundIpAddress":"40.112.243.101","possibleInboundIpAddresses":"40.112.243.101","ftpUsername":"logic-e2e000003\\$logic-e2e000003","ftpsHostName":"ftps://waws-prod-bay-213.ftp.azurewebsites.windows.net/site/wwwroot","outboundIpAddresses":"20.237.252.63,20.237.253.32,20.237.253.216,20.237.254.52,20.237.254.70,20.237.253.136,40.112.243.101","possibleOutboundIpAddresses":"20.237.250.67,20.237.249.209,20.237.250.162,20.237.248.227,20.237.250.252,20.237.252.20,20.237.252.63,20.237.253.32,20.237.253.216,20.237.254.52,20.237.254.70,20.237.253.136,20.237.253.144,20.237.248.232,20.237.253.133,20.237.254.130,20.237.254.139,20.237.249.3,20.237.253.167,20.237.254.155,20.237.254.197,20.237.254.252,20.237.255.18,20.237.255.43,20.237.255.74,20.237.251.50,20.237.255.108,20.237.250.196,20.237.252.209,20.237.255.124,40.112.243.101","containerSize":1536,"dailyMemoryTimeQuota":0,"suspendedTill":null,"siteDisabledReason":0,"functionExecutionUnitsCache":null,"maxNumberOfWorkers":null,"homeStamp":"waws-prod-bay-213","cloningInfo":null,"hostingEnvironmentId":null,"tags":null,"resourceGroup":"clitest.rg000001","defaultHostName":"logic-e2e000003.azurewebsites.net","slotSwapStatus":null,"httpsOnly":false,"endToEndEncryptionEnabled":false,"functionsRuntimeAdminIsolationEnabled":false,"redundancyMode":"None","inProgressOperationId":null,"geoDistributions":null,"privateEndpointConnections":[],"publicNetworkAccess":null,"buildVersion":null,"targetBuildVersion":null,"migrationState":null,"eligibleLogCategories":"WorkflowRuntime,FunctionAppLogs","inFlightFeatures":[],"storageAccountRequired":false,"virtualNetworkSubnetId":null,"keyVaultReferenceIdentity":"SystemAssigned","defaultHostNameScope":"Global","privateLinkIdentifiers":null,"sshEnabled":null}}'
    headers:
      cache-control:
      - no-cache
      content-length:
      - '6854'
      content-type:
      - application/json
      date:
      - Mon, 20 Nov 2023 22:24:10 GMT
      etag:
      - '"1DA1C0045C706E0"'
      expires:
      - '-1'
      pragma:
      - no-cache
      strict-transport-security:
      - max-age=31536000; includeSubDomains
      x-aspnet-version:
      - 4.0.30319
      x-cache:
      - CONFIG_NOCACHE
      x-content-type-options:
      - nosniff
      x-msedge-ref:
      - 'Ref A: EFB896AEC4C349A5BF147E7D88B07796 Ref B: CO6AA3150219009 Ref C: 2023-11-20T22:24:11Z'
      x-powered-by:
      - ASP.NET
    status:
      code: 200
      message: OK
- request:
    body: null
    headers:
      Accept:
      - application/json
      Accept-Encoding:
      - gzip, deflate
      CommandName:
      - logicapp create
      Connection:
      - keep-alive
      Content-Length:
      - '0'
      ParameterSetName:
      - -g -n -p -s
      User-Agent:
      - AZURECLI/2.53.1 azsdk-python-azure-mgmt-web/7.0.0 Python/3.8.10 (Windows-10-10.0.22631-SP0)
    method: POST
    uri: https://management.azure.com/subscriptions/00000000-0000-0000-0000-000000000000/resourceGroups/clitest.rg000001/providers/Microsoft.Web/sites/logic-e2e000003/config/appsettings/list?api-version=2022-03-01
  response:
    body:
      string: '{"id":"/subscriptions/00000000-0000-0000-0000-000000000000/resourceGroups/clitest.rg000001/providers/Microsoft.Web/sites/logic-e2e000003/config/appsettings","name":"appsettings","type":"Microsoft.Web/sites/config","location":"West
        US","properties":{"FUNCTIONS_WORKER_RUNTIME":"node","WEBSITE_NODE_DEFAULT_VERSION":"~16","FUNCTIONS_EXTENSION_VERSION":"~4","AzureWebJobsStorage":"DefaultEndpointsProtocol=https;EndpointSuffix=core.windows.net;AccountName=clitest000002;AccountKey=veryFakedStorageAccountKey==","AzureWebJobsDashboard":"DefaultEndpointsProtocol=https;EndpointSuffix=core.windows.net;AccountName=clitest000002;AccountKey=veryFakedStorageAccountKey==","AzureFunctionsJobHost__extensionBundle__id":"Microsoft.Azure.Functions.ExtensionBundle.Workflows","AzureFunctionsJobHost__extensionBundle__version":"[1.*,
        2.0.0)","APP_KIND":"workflowApp","WEBSITE_CONTENTAZUREFILECONNECTIONSTRING":"DefaultEndpointsProtocol=https;EndpointSuffix=core.windows.net;AccountName=clitest000002;AccountKey=veryFakedStorageAccountKey==","WEBSITE_CONTENTSHARE":"logic-e2e000003"}}'
    headers:
      cache-control:
      - no-cache
      content-length:
      - '1068'
      content-type:
      - application/json
      date:
      - Mon, 20 Nov 2023 22:24:10 GMT
      expires:
      - '-1'
      pragma:
      - no-cache
      strict-transport-security:
      - max-age=31536000; includeSubDomains
      x-aspnet-version:
      - 4.0.30319
      x-cache:
      - CONFIG_NOCACHE
      x-content-type-options:
      - nosniff
      x-ms-ratelimit-remaining-subscription-resource-requests:
      - '11998'
      x-msedge-ref:
      - 'Ref A: 8A487CFDFE39482B818BD035A0178393 Ref B: CO6AA3150220035 Ref C: 2023-11-20T22:24:11Z'
      x-powered-by:
      - ASP.NET
    status:
      code: 200
      message: OK
- request:
    body: null
    headers:
      Accept:
      - '*/*'
      Accept-Encoding:
      - gzip, deflate
      CommandName:
      - logicapp create
      Connection:
      - keep-alive
      ParameterSetName:
      - -g -n -p -s
      User-Agent:
      - python/3.8.10 (Windows-10-10.0.22631-SP0) AZURECLI/2.53.1
    method: GET
    uri: https://management.azure.com/subscriptions/00000000-0000-0000-0000-000000000000/resourceGroups/clitest.rg000001/providers/Microsoft.Web/sites/logic-e2e000003?api-version=2022-03-01
  response:
    body:
      string: '{"id":"/subscriptions/00000000-0000-0000-0000-000000000000/resourceGroups/clitest.rg000001/providers/Microsoft.Web/sites/logic-e2e000003","name":"logic-e2e000003","type":"Microsoft.Web/sites","kind":"functionapp,workflowapp","location":"West
        US","properties":{"name":"logic-e2e000003","state":"Running","hostNames":["logic-e2e000003.azurewebsites.net"],"webSpace":"clitest.rg000001-WestUSwebspace","selfLink":"https://waws-prod-bay-213.api.azurewebsites.windows.net:454/subscriptions/00000000-0000-0000-0000-000000000000/webspaces/clitest.rg000001-WestUSwebspace/sites/logic-e2e000003","repositorySiteName":"logic-e2e000003","owner":null,"usageState":"Normal","enabled":true,"adminEnabled":true,"afdEnabled":false,"enabledHostNames":["logic-e2e000003.azurewebsites.net","logic-e2e000003.scm.azurewebsites.net"],"siteProperties":{"metadata":null,"properties":[{"name":"LinuxFxVersion","value":""},{"name":"WindowsFxVersion","value":null}],"appSettings":null},"availabilityState":"Normal","sslCertificates":null,"csrs":[],"cers":null,"siteMode":null,"hostNameSslStates":[{"name":"logic-e2e000003.azurewebsites.net","sslState":"Disabled","ipBasedSslResult":null,"virtualIP":null,"virtualIPv6":null,"thumbprint":null,"certificateResourceId":null,"toUpdate":null,"toUpdateIpBasedSsl":null,"ipBasedSslState":"NotConfigured","hostType":"Standard"},{"name":"logic-e2e000003.scm.azurewebsites.net","sslState":"Disabled","ipBasedSslResult":null,"virtualIP":null,"virtualIPv6":null,"thumbprint":null,"certificateResourceId":null,"toUpdate":null,"toUpdateIpBasedSsl":null,"ipBasedSslState":"NotConfigured","hostType":"Repository"}],"computeMode":null,"serverFarm":null,"serverFarmId":"/subscriptions/00000000-0000-0000-0000-000000000000/resourceGroups/clitest.rg000001/providers/Microsoft.Web/serverfarms/logic-e2e-plan000004","reserved":false,"isXenon":false,"hyperV":false,"lastModifiedTimeUtc":"2023-11-20T22:24:05.71","storageRecoveryDefaultState":"Running","contentAvailabilityState":"Normal","runtimeAvailabilityState":"Normal","dnsConfiguration":{},"vnetRouteAllEnabled":false,"containerAllocationSubnet":null,"useContainerLocalhostBindings":null,"vnetImagePullEnabled":false,"vnetContentShareEnabled":false,"siteConfig":{"numberOfWorkers":1,"defaultDocuments":null,"netFrameworkVersion":null,"phpVersion":null,"pythonVersion":null,"nodeVersion":null,"powerShellVersion":null,"linuxFxVersion":"","windowsFxVersion":null,"windowsConfiguredStacks":null,"requestTracingEnabled":null,"remoteDebuggingEnabled":null,"remoteDebuggingVersion":null,"httpLoggingEnabled":null,"azureMonitorLogCategories":null,"acrUseManagedIdentityCreds":false,"acrUserManagedIdentityID":null,"logsDirectorySizeLimit":null,"detailedErrorLoggingEnabled":null,"publishingUsername":null,"publishingPassword":null,"appSettings":null,"metadata":null,"connectionStrings":null,"machineKey":null,"handlerMappings":null,"documentRoot":null,"scmType":null,"use32BitWorkerProcess":null,"webSocketsEnabled":null,"alwaysOn":false,"javaVersion":null,"javaContainer":null,"javaContainerVersion":null,"appCommandLine":null,"managedPipelineMode":null,"virtualApplications":null,"winAuthAdminState":null,"winAuthTenantState":null,"customAppPoolIdentityAdminState":null,"customAppPoolIdentityTenantState":null,"runtimeADUser":null,"runtimeADUserPassword":null,"loadBalancing":null,"routingRules":null,"experiments":null,"limits":null,"autoHealEnabled":null,"autoHealRules":null,"tracingOptions":null,"vnetName":null,"vnetRouteAllEnabled":null,"vnetPrivatePortsCount":null,"publicNetworkAccess":null,"cors":null,"push":null,"apiDefinition":null,"apiManagementConfig":null,"autoSwapSlotName":null,"localMySqlEnabled":null,"managedServiceIdentityId":null,"xManagedServiceIdentityId":null,"keyVaultReferenceIdentity":null,"ipSecurityRestrictions":null,"ipSecurityRestrictionsDefaultAction":null,"scmIpSecurityRestrictions":null,"scmIpSecurityRestrictionsDefaultAction":null,"scmIpSecurityRestrictionsUseMain":null,"http20Enabled":true,"minTlsVersion":null,"minTlsCipherSuite":null,"supportedTlsCipherSuites":null,"scmMinTlsVersion":null,"ftpsState":null,"preWarmedInstanceCount":null,"functionAppScaleLimit":0,"elasticWebAppScaleLimit":null,"healthCheckPath":null,"fileChangeAuditEnabled":null,"functionsRuntimeScaleMonitoringEnabled":null,"websiteTimeZone":null,"minimumElasticInstanceCount":1,"azureStorageAccounts":null,"http20ProxyFlag":null,"sitePort":null,"antivirusScanEnabled":null,"storageType":null,"sitePrivateLinkHostEnabled":null},"daprConfig":null,"deploymentId":"logic-e2e000003","slotName":null,"trafficManagerHostNames":null,"sku":"WorkflowStandard","scmSiteAlsoStopped":false,"targetSwapSlot":null,"hostingEnvironment":null,"hostingEnvironmentProfile":null,"clientAffinityEnabled":false,"clientCertEnabled":false,"clientCertMode":"Required","clientCertExclusionPaths":null,"hostNamesDisabled":false,"ipMode":"IPv4","vnetBackupRestoreEnabled":false,"domainVerificationIdentifiers":null,"customDomainVerificationId":"C4C02A18828506F81C8FA754DCC380496D4C309F80135C91EE4748B49E9BCDD1","kind":"functionapp,workflowapp","managedEnvironmentId":null,"inboundIpAddress":"40.112.243.101","possibleInboundIpAddresses":"40.112.243.101","ftpUsername":"logic-e2e000003\\$logic-e2e000003","ftpsHostName":"ftps://waws-prod-bay-213.ftp.azurewebsites.windows.net/site/wwwroot","outboundIpAddresses":"20.237.252.63,20.237.253.32,20.237.253.216,20.237.254.52,20.237.254.70,20.237.253.136,40.112.243.101","possibleOutboundIpAddresses":"20.237.250.67,20.237.249.209,20.237.250.162,20.237.248.227,20.237.250.252,20.237.252.20,20.237.252.63,20.237.253.32,20.237.253.216,20.237.254.52,20.237.254.70,20.237.253.136,20.237.253.144,20.237.248.232,20.237.253.133,20.237.254.130,20.237.254.139,20.237.249.3,20.237.253.167,20.237.254.155,20.237.254.197,20.237.254.252,20.237.255.18,20.237.255.43,20.237.255.74,20.237.251.50,20.237.255.108,20.237.250.196,20.237.252.209,20.237.255.124,40.112.243.101","containerSize":1536,"dailyMemoryTimeQuota":0,"suspendedTill":null,"siteDisabledReason":0,"functionExecutionUnitsCache":null,"maxNumberOfWorkers":null,"homeStamp":"waws-prod-bay-213","cloningInfo":null,"hostingEnvironmentId":null,"tags":null,"resourceGroup":"clitest.rg000001","defaultHostName":"logic-e2e000003.azurewebsites.net","slotSwapStatus":null,"httpsOnly":false,"endToEndEncryptionEnabled":false,"functionsRuntimeAdminIsolationEnabled":false,"redundancyMode":"None","inProgressOperationId":null,"geoDistributions":null,"privateEndpointConnections":[],"publicNetworkAccess":null,"buildVersion":null,"targetBuildVersion":null,"migrationState":null,"eligibleLogCategories":"WorkflowRuntime,FunctionAppLogs","inFlightFeatures":[],"storageAccountRequired":false,"virtualNetworkSubnetId":null,"keyVaultReferenceIdentity":"SystemAssigned","defaultHostNameScope":"Global","privateLinkIdentifiers":null,"sshEnabled":null}}'
    headers:
      cache-control:
      - no-cache
      content-length:
      - '6854'
      content-type:
      - application/json
      date:
      - Mon, 20 Nov 2023 22:24:12 GMT
      etag:
      - '"1DA1C0045C706E0"'
      expires:
      - '-1'
      pragma:
      - no-cache
      strict-transport-security:
      - max-age=31536000; includeSubDomains
      x-aspnet-version:
      - 4.0.30319
      x-cache:
      - CONFIG_NOCACHE
      x-content-type-options:
      - nosniff
      x-msedge-ref:
      - 'Ref A: 48FB8B778F8B4F77B0C846621ABCEDDE Ref B: CO6AA3150217031 Ref C: 2023-11-20T22:24:12Z'
      x-powered-by:
      - ASP.NET
    status:
      code: 200
      message: OK
- request:
    body: '{"properties": {"FUNCTIONS_WORKER_RUNTIME": "node", "WEBSITE_NODE_DEFAULT_VERSION":
      "~16", "FUNCTIONS_EXTENSION_VERSION": "~4", "AzureWebJobsStorage": "DefaultEndpointsProtocol=https;EndpointSuffix=core.windows.net;AccountName=clitest000002;AccountKey=veryFakedStorageAccountKey==",
      "AzureWebJobsDashboard": "DefaultEndpointsProtocol=https;EndpointSuffix=core.windows.net;AccountName=clitest000002;AccountKey=veryFakedStorageAccountKey==",
      "AzureFunctionsJobHost__extensionBundle__id": "Microsoft.Azure.Functions.ExtensionBundle.Workflows",
      "AzureFunctionsJobHost__extensionBundle__version": "[1.*, 2.0.0)", "APP_KIND":
      "workflowApp", "WEBSITE_CONTENTAZUREFILECONNECTIONSTRING": "DefaultEndpointsProtocol=https;EndpointSuffix=core.windows.net;AccountName=clitest000002;AccountKey=veryFakedStorageAccountKey==",
      "WEBSITE_CONTENTSHARE": "logic-e2e000003", "APPINSIGHTS_INSTRUMENTATIONKEY":
      "35c2dce8-7a9a-4b72-89f5-5bfa76d80291"}}'
    headers:
      Accept:
      - application/json
      Accept-Encoding:
      - gzip, deflate
      CommandName:
      - logicapp create
      Connection:
      - keep-alive
      Content-Length:
      - '928'
      Content-Type:
      - application/json
      ParameterSetName:
      - -g -n -p -s
      User-Agent:
      - AZURECLI/2.53.1 azsdk-python-azure-mgmt-web/7.0.0 Python/3.8.10 (Windows-10-10.0.22631-SP0)
    method: PUT
    uri: https://management.azure.com/subscriptions/00000000-0000-0000-0000-000000000000/resourceGroups/clitest.rg000001/providers/Microsoft.Web/sites/logic-e2e000003/config/appsettings?api-version=2022-03-01
  response:
    body:
      string: '{"id":"/subscriptions/00000000-0000-0000-0000-000000000000/resourceGroups/clitest.rg000001/providers/Microsoft.Web/sites/logic-e2e000003/config/appsettings","name":"appsettings","type":"Microsoft.Web/sites/config","location":"West
        US","properties":{"FUNCTIONS_WORKER_RUNTIME":"node","WEBSITE_NODE_DEFAULT_VERSION":"~16","FUNCTIONS_EXTENSION_VERSION":"~4","AzureWebJobsStorage":"DefaultEndpointsProtocol=https;EndpointSuffix=core.windows.net;AccountName=clitest000002;AccountKey=veryFakedStorageAccountKey==","AzureWebJobsDashboard":"DefaultEndpointsProtocol=https;EndpointSuffix=core.windows.net;AccountName=clitest000002;AccountKey=veryFakedStorageAccountKey==","AzureFunctionsJobHost__extensionBundle__id":"Microsoft.Azure.Functions.ExtensionBundle.Workflows","AzureFunctionsJobHost__extensionBundle__version":"[1.*,
        2.0.0)","APP_KIND":"workflowApp","WEBSITE_CONTENTAZUREFILECONNECTIONSTRING":"DefaultEndpointsProtocol=https;EndpointSuffix=core.windows.net;AccountName=clitest000002;AccountKey=veryFakedStorageAccountKey==","WEBSITE_CONTENTSHARE":"logic-e2e000003","APPINSIGHTS_INSTRUMENTATIONKEY":"35c2dce8-7a9a-4b72-89f5-5bfa76d80291"}}'
    headers:
      cache-control:
      - no-cache
      content-length:
      - '1140'
      content-type:
      - application/json
      date:
      - Mon, 20 Nov 2023 22:24:14 GMT
      etag:
      - '"1DA1C0045C706E0"'
      expires:
      - '-1'
      pragma:
      - no-cache
      strict-transport-security:
      - max-age=31536000; includeSubDomains
      x-aspnet-version:
      - 4.0.30319
      x-cache:
      - CONFIG_NOCACHE
      x-content-type-options:
      - nosniff
      x-ms-ratelimit-remaining-subscription-writes:
      - '1190'
      x-msedge-ref:
      - 'Ref A: C6C89BD4C06A418EBE5D67CE87EDE54A Ref B: CO6AA3150220027 Ref C: 2023-11-20T22:24:13Z'
      x-powered-by:
      - ASP.NET
    status:
      code: 200
      message: OK
version: 1
