interactions:
- request:
    body: null
    headers:
      Accept:
      - application/json
      Accept-Encoding:
      - gzip, deflate
      CommandName:
      - acr create
      Connection:
      - keep-alive
      ParameterSetName:
      - --admin-enabled -g -n --sku
      User-Agent:
      - AZURECLI/2.35.0 azsdk-python-azure-mgmt-resource/20.0.0 Python/3.9.6 (Windows-10-10.0.19044-SP0)
    method: GET
    uri: https://management.azure.com/subscriptions/00000000-0000-0000-0000-000000000000/resourcegroups/clitest.rg000001?api-version=2021-04-01
  response:
    body:
      string: '{"id":"/subscriptions/00000000-0000-0000-0000-000000000000/resourceGroups/clitest.rg000001","name":"clitest.rg000001","type":"Microsoft.Resources/resourceGroups","location":"eastus","tags":{"product":"azurecli","cause":"automation","date":"2022-04-11T10:00:32Z"},"properties":{"provisioningState":"Succeeded"}}'
    headers:
      cache-control:
      - no-cache
      content-length:
      - '310'
      content-type:
      - application/json; charset=utf-8
      date:
      - Mon, 11 Apr 2022 10:01:02 GMT
      expires:
      - '-1'
      pragma:
      - no-cache
      strict-transport-security:
      - max-age=31536000; includeSubDomains
      vary:
      - Accept-Encoding
      x-content-type-options:
      - nosniff
    status:
      code: 200
      message: OK
- request:
    body: '{"location": "eastus", "sku": {"name": "Basic"}, "properties": {"adminUserEnabled":
      true, "anonymousPullEnabled": false}}'
    headers:
      Accept:
      - application/json
      Accept-Encoding:
      - gzip, deflate
      CommandName:
      - acr create
      Connection:
      - keep-alive
      Content-Length:
      - '121'
      Content-Type:
      - application/json
      ParameterSetName:
      - --admin-enabled -g -n --sku
      User-Agent:
      - AZURECLI/2.35.0 azsdk-python-azure-mgmt-containerregistry/8.2.0 Python/3.9.6
        (Windows-10-10.0.19044-SP0)
    method: PUT
    uri: https://management.azure.com/subscriptions/00000000-0000-0000-0000-000000000000/resourceGroups/clitest.rg000001/providers/Microsoft.ContainerRegistry/registries/functionappacrtest000004?api-version=2021-08-01-preview
  response:
    body:
      string: '{"sku":{"name":"Basic","tier":"Basic"},"type":"Microsoft.ContainerRegistry/registries","id":"/subscriptions/00000000-0000-0000-0000-000000000000/resourceGroups/clitest.rg000001/providers/Microsoft.ContainerRegistry/registries/functionappacrtest000004","name":"functionappacrtest000004","location":"eastus","tags":{},"systemData":{"createdBy":"zhiyihuang@microsoft.com","createdByType":"User","createdAt":"2022-04-11T10:01:08.0653339+00:00","lastModifiedBy":"zhiyihuang@microsoft.com","lastModifiedByType":"User","lastModifiedAt":"2022-04-11T10:01:08.0653339+00:00"},"properties":{"loginServer":"functionappacrtest000004.azurecr.io","creationDate":"2022-04-11T10:01:08.0653339Z","provisioningState":"Creating","adminUserEnabled":true,"policies":{"quarantinePolicy":{"status":"disabled"},"trustPolicy":{"type":"Notary","status":"disabled"},"retentionPolicy":{"days":7,"lastUpdatedTime":"2022-04-11T10:01:11.3798387+00:00","status":"disabled"},"exportPolicy":{"status":"enabled"}},"encryption":{"status":"disabled"},"dataEndpointEnabled":false,"dataEndpointHostNames":[],"privateEndpointConnections":[],"publicNetworkAccess":"Enabled","networkRuleBypassOptions":"AzureServices","zoneRedundancy":"Disabled","anonymousPullEnabled":false}}'
    headers:
      api-supported-versions:
      - 2021-08-01-preview
      azure-asyncoperation:
      - https://management.azure.com/subscriptions/00000000-0000-0000-0000-000000000000/resourceGroups/clitest.rg000001/providers/Microsoft.ContainerRegistry/registries/functionappacrtest000004/operationStatuses/registries-4b5aad92-b97e-11ec-9a33-c8d9d2028398?api-version=2021-08-01-preview
      cache-control:
      - no-cache
      content-length:
      - '1233'
      content-type:
      - application/json; charset=utf-8
      date:
      - Mon, 11 Apr 2022 10:01:12 GMT
      expires:
      - '-1'
      pragma:
      - no-cache
      server:
      - Microsoft-HTTPAPI/2.0
      strict-transport-security:
      - max-age=31536000; includeSubDomains
      x-content-type-options:
      - nosniff
      x-ms-ratelimit-remaining-subscription-writes:
      - '1199'
    status:
      code: 201
      message: Created
- request:
    body: null
    headers:
      Accept:
      - '*/*'
      Accept-Encoding:
      - gzip, deflate
      CommandName:
      - acr create
      Connection:
      - keep-alive
      ParameterSetName:
      - --admin-enabled -g -n --sku
      User-Agent:
      - AZURECLI/2.35.0 azsdk-python-azure-mgmt-containerregistry/8.2.0 Python/3.9.6
        (Windows-10-10.0.19044-SP0)
    method: GET
    uri: https://management.azure.com/subscriptions/00000000-0000-0000-0000-000000000000/resourceGroups/clitest.rg000001/providers/Microsoft.ContainerRegistry/registries/functionappacrtest000004/operationStatuses/registries-4b5aad92-b97e-11ec-9a33-c8d9d2028398?api-version=2021-08-01-preview
  response:
    body:
      string: '{"status":"Succeeded"}'
    headers:
      api-supported-versions:
      - 2021-08-01-preview
      azure-asyncoperation:
      - https://management.azure.com/subscriptions/00000000-0000-0000-0000-000000000000/resourceGroups/clitest.rg000001/providers/Microsoft.ContainerRegistry/registries/functionappacrtest000004/operationStatuses/registries-4b5aad92-b97e-11ec-9a33-c8d9d2028398?api-version=2021-08-01-preview
      cache-control:
      - no-cache
      content-length:
      - '22'
      content-type:
      - application/json; charset=utf-8
      date:
      - Mon, 11 Apr 2022 10:01:22 GMT
      expires:
      - '-1'
      pragma:
      - no-cache
      server:
      - Microsoft-HTTPAPI/2.0
      strict-transport-security:
      - max-age=31536000; includeSubDomains
      transfer-encoding:
      - chunked
      vary:
      - Accept-Encoding
      x-content-type-options:
      - nosniff
    status:
      code: 200
      message: OK
- request:
    body: null
    headers:
      Accept:
      - '*/*'
      Accept-Encoding:
      - gzip, deflate
      CommandName:
      - acr create
      Connection:
      - keep-alive
      ParameterSetName:
      - --admin-enabled -g -n --sku
      User-Agent:
      - AZURECLI/2.35.0 azsdk-python-azure-mgmt-containerregistry/8.2.0 Python/3.9.6
        (Windows-10-10.0.19044-SP0)
    method: GET
    uri: https://management.azure.com/subscriptions/00000000-0000-0000-0000-000000000000/resourceGroups/clitest.rg000001/providers/Microsoft.ContainerRegistry/registries/functionappacrtest000004?api-version=2021-08-01-preview
  response:
    body:
      string: '{"sku":{"name":"Basic","tier":"Basic"},"type":"Microsoft.ContainerRegistry/registries","id":"/subscriptions/00000000-0000-0000-0000-000000000000/resourceGroups/clitest.rg000001/providers/Microsoft.ContainerRegistry/registries/functionappacrtest000004","name":"functionappacrtest000004","location":"eastus","tags":{},"systemData":{"createdBy":"zhiyihuang@microsoft.com","createdByType":"User","createdAt":"2022-04-11T10:01:08.0653339+00:00","lastModifiedBy":"zhiyihuang@microsoft.com","lastModifiedByType":"User","lastModifiedAt":"2022-04-11T10:01:08.0653339+00:00"},"properties":{"loginServer":"functionappacrtest000004.azurecr.io","creationDate":"2022-04-11T10:01:08.0653339Z","provisioningState":"Succeeded","adminUserEnabled":true,"policies":{"quarantinePolicy":{"status":"disabled"},"trustPolicy":{"type":"Notary","status":"disabled"},"retentionPolicy":{"days":7,"lastUpdatedTime":"2022-04-11T10:01:11.3798387+00:00","status":"disabled"},"exportPolicy":{"status":"enabled"}},"encryption":{"status":"disabled"},"dataEndpointEnabled":false,"dataEndpointHostNames":[],"privateEndpointConnections":[],"publicNetworkAccess":"Enabled","networkRuleBypassOptions":"AzureServices","zoneRedundancy":"Disabled","anonymousPullEnabled":false}}'
    headers:
      api-supported-versions:
      - 2021-08-01-preview
      cache-control:
      - no-cache
      content-length:
      - '1234'
      content-type:
      - application/json; charset=utf-8
      date:
      - Mon, 11 Apr 2022 10:01:22 GMT
      expires:
      - '-1'
      pragma:
      - no-cache
      server:
      - Microsoft-HTTPAPI/2.0
      strict-transport-security:
      - max-age=31536000; includeSubDomains
      transfer-encoding:
      - chunked
      vary:
      - Accept-Encoding
      x-content-type-options:
      - nosniff
    status:
      code: 200
      message: OK
- request:
    body: null
    headers:
      Accept:
      - application/json
      Accept-Encoding:
      - gzip, deflate
      CommandName:
      - appservice plan create
      Connection:
      - keep-alive
      ParameterSetName:
      - -g -n --sku --is-linux
      User-Agent:
      - AZURECLI/2.35.0 azsdk-python-azure-mgmt-resource/20.0.0 Python/3.9.6 (Windows-10-10.0.19044-SP0)
    method: GET
    uri: https://management.azure.com/subscriptions/00000000-0000-0000-0000-000000000000/resourcegroups/clitest.rg000001?api-version=2021-04-01
  response:
    body:
      string: '{"id":"/subscriptions/00000000-0000-0000-0000-000000000000/resourceGroups/clitest.rg000001","name":"clitest.rg000001","type":"Microsoft.Resources/resourceGroups","location":"eastus","tags":{"product":"azurecli","cause":"automation","date":"2022-04-11T10:00:32Z"},"properties":{"provisioningState":"Succeeded"}}'
    headers:
      cache-control:
      - no-cache
      content-length:
      - '310'
      content-type:
      - application/json; charset=utf-8
      date:
      - Mon, 11 Apr 2022 10:01:24 GMT
      expires:
      - '-1'
      pragma:
      - no-cache
      strict-transport-security:
      - max-age=31536000; includeSubDomains
      vary:
      - Accept-Encoding
      x-content-type-options:
      - nosniff
    status:
      code: 200
      message: OK
- request:
    body: '{"location": "eastus", "sku": {"name": "S1", "tier": "STANDARD", "capacity":
      1}, "properties": {"perSiteScaling": false, "reserved": true, "isXenon": false,
      "zoneRedundant": false}}'
    headers:
      Accept:
      - application/json
      Accept-Encoding:
      - gzip, deflate
      CommandName:
      - appservice plan create
      Connection:
      - keep-alive
      Content-Length:
      - '181'
      Content-Type:
      - application/json
      ParameterSetName:
      - -g -n --sku --is-linux
      User-Agent:
      - AZURECLI/2.35.0 azsdk-python-azure-mgmt-web/6.1.0 Python/3.9.6 (Windows-10-10.0.19044-SP0)
    method: PUT
    uri: https://management.azure.com/subscriptions/00000000-0000-0000-0000-000000000000/resourceGroups/clitest.rg000001/providers/Microsoft.Web/serverfarms/acrtestplanfunction000003?api-version=2021-03-01
  response:
    body:
      string: '{"id":"/subscriptions/00000000-0000-0000-0000-000000000000/resourceGroups/clitest.rg000001/providers/Microsoft.Web/serverfarms/acrtestplanfunction000003","name":"acrtestplanfunction000003","type":"Microsoft.Web/serverfarms","kind":"linux","location":"eastus","properties":{"serverFarmId":28880,"name":"acrtestplanfunction000003","sku":{"name":"S1","tier":"Standard","size":"S1","family":"S","capacity":1},"workerSize":"Default","workerSizeId":0,"workerTierName":null,"numberOfWorkers":1,"currentWorkerSize":"Default","currentWorkerSizeId":0,"currentNumberOfWorkers":1,"status":"Ready","webSpace":"clitest.rg000001-EastUSwebspace-Linux","subscription":"0b1f6471-1bf0-4dda-aec3-cb9272f09590","adminSiteName":null,"hostingEnvironment":null,"hostingEnvironmentProfile":null,"maximumNumberOfWorkers":0,"planName":"VirtualDedicatedPlan","adminRuntimeSiteName":null,"computeMode":"Dedicated","siteMode":null,"geoRegion":"East
        US","perSiteScaling":false,"elasticScaleEnabled":false,"maximumElasticWorkerCount":1,"numberOfSites":0,"hostingEnvironmentId":null,"isSpot":false,"spotExpirationTime":null,"freeOfferExpirationTime":null,"tags":null,"kind":"linux","resourceGroup":"clitest.rg000001","reserved":true,"isXenon":false,"hyperV":false,"mdmId":"waws-prod-blu-263_28880","targetWorkerCount":0,"targetWorkerSizeId":0,"provisioningState":"Succeeded","webSiteId":null,"existingServerFarmIds":null,"kubeEnvironmentProfile":null,"zoneRedundant":false},"sku":{"name":"S1","tier":"Standard","size":"S1","family":"S","capacity":1}}'
    headers:
      cache-control:
      - no-cache
      content-length:
      - '1517'
      content-type:
      - application/json
      date:
      - Mon, 11 Apr 2022 10:01:45 GMT
      etag:
      - '"1D84D8B26569E35"'
      expires:
      - '-1'
      pragma:
      - no-cache
      server:
      - Microsoft-IIS/10.0
      strict-transport-security:
      - max-age=31536000; includeSubDomains
      transfer-encoding:
      - chunked
      vary:
      - Accept-Encoding
      x-aspnet-version:
      - 4.0.30319
      x-content-type-options:
      - nosniff
      x-ms-ratelimit-remaining-subscription-writes:
      - '1199'
      x-powered-by:
      - ASP.NET
    status:
      code: 200
      message: OK
- request:
    body: null
    headers:
      Accept:
      - application/json
      Accept-Encoding:
      - gzip, deflate
      CommandName:
      - functionapp create
      Connection:
      - keep-alive
      ParameterSetName:
      - -g -n -s --plan --functions-version --runtime
      User-Agent:
      - AZURECLI/2.35.0 azsdk-python-azure-mgmt-web/6.1.0 Python/3.9.6 (Windows-10-10.0.19044-SP0)
    method: GET
    uri: https://management.azure.com/subscriptions/00000000-0000-0000-0000-000000000000/resourceGroups/clitest.rg000001/providers/Microsoft.Web/serverfarms/acrtestplanfunction000003?api-version=2021-03-01
  response:
    body:
      string: '{"id":"/subscriptions/00000000-0000-0000-0000-000000000000/resourceGroups/clitest.rg000001/providers/Microsoft.Web/serverfarms/acrtestplanfunction000003","name":"acrtestplanfunction000003","type":"Microsoft.Web/serverfarms","kind":"linux","location":"East
        US","properties":{"serverFarmId":28880,"name":"acrtestplanfunction000003","workerSize":"Default","workerSizeId":0,"workerTierName":null,"numberOfWorkers":1,"currentWorkerSize":"Default","currentWorkerSizeId":0,"currentNumberOfWorkers":1,"status":"Ready","webSpace":"clitest.rg000001-EastUSwebspace-Linux","subscription":"0b1f6471-1bf0-4dda-aec3-cb9272f09590","adminSiteName":null,"hostingEnvironment":null,"hostingEnvironmentProfile":null,"maximumNumberOfWorkers":10,"planName":"VirtualDedicatedPlan","adminRuntimeSiteName":null,"computeMode":"Dedicated","siteMode":null,"geoRegion":"East
        US","perSiteScaling":false,"elasticScaleEnabled":false,"maximumElasticWorkerCount":1,"numberOfSites":0,"hostingEnvironmentId":null,"isSpot":false,"spotExpirationTime":null,"freeOfferExpirationTime":null,"tags":null,"kind":"linux","resourceGroup":"clitest.rg000001","reserved":true,"isXenon":false,"hyperV":false,"mdmId":"waws-prod-blu-263_28880","targetWorkerCount":0,"targetWorkerSizeId":0,"provisioningState":"Succeeded","webSiteId":null,"existingServerFarmIds":null,"kubeEnvironmentProfile":null,"zoneRedundant":false},"sku":{"name":"S1","tier":"Standard","size":"S1","family":"S","capacity":1}}'
    headers:
      cache-control:
      - no-cache
      content-length:
      - '1443'
      content-type:
      - application/json
      date:
      - Mon, 11 Apr 2022 10:01:46 GMT
      expires:
      - '-1'
      pragma:
      - no-cache
      server:
      - Microsoft-IIS/10.0
      strict-transport-security:
      - max-age=31536000; includeSubDomains
      transfer-encoding:
      - chunked
      vary:
      - Accept-Encoding
      x-aspnet-version:
      - 4.0.30319
      x-content-type-options:
      - nosniff
      x-powered-by:
      - ASP.NET
    status:
      code: 200
      message: OK
- request:
    body: null
    headers:
      Accept:
      - application/json
      Accept-Encoding:
      - gzip, deflate
      CommandName:
      - functionapp create
      Connection:
      - keep-alive
      ParameterSetName:
      - -g -n -s --plan --functions-version --runtime
      User-Agent:
      - AZURECLI/2.35.0 azsdk-python-azure-mgmt-web/6.1.0 Python/3.9.6 (Windows-10-10.0.19044-SP0)
    method: GET
    uri: https://management.azure.com/providers/Microsoft.Web/functionAppStacks?api-version=2021-01-01
  response:
    body:
      string: '{"value":[{"id":null,"name":"dotnet","type":"Microsoft.Web/functionAppStacks?stackOsType=All","properties":{"displayText":".NET","value":"dotnet","preferredOs":"windows","majorVersions":[{"displayText":".NET
        6","value":"dotnet6","minorVersions":[{"displayText":".NET 6","value":"6","stackSettings":{"windowsRuntimeSettings":{"runtimeVersion":"v6.0","isDefault":true,"remoteDebuggingSupported":false,"appInsightsSettings":{"isSupported":true},"gitHubActionSettings":{"isSupported":true,"supportedVersion":"6.0.x"},"appSettingsDictionary":{"FUNCTIONS_WORKER_RUNTIME":"dotnet"},"siteConfigPropertiesDictionary":{"use32BitWorkerProcess":true,"netFrameworkVersion":"v6.0"},"supportedFunctionsExtensionVersions":["~4"]},"linuxRuntimeSettings":{"runtimeVersion":"DOTNET|6.0","isDefault":true,"remoteDebuggingSupported":false,"appInsightsSettings":{"isSupported":true},"gitHubActionSettings":{"isSupported":true,"supportedVersion":"6.0.x"},"appSettingsDictionary":{"FUNCTIONS_WORKER_RUNTIME":"dotnet"},"siteConfigPropertiesDictionary":{"use32BitWorkerProcess":true,"linuxFxVersion":"DOTNET|6.0"},"supportedFunctionsExtensionVersions":["~4"]}}}]},{"displayText":".NET
        6 Isolated","value":"dotnet6isolated","minorVersions":[{"displayText":".NET
        6 Isolated","value":"6 Isolated","stackSettings":{"windowsRuntimeSettings":{"runtimeVersion":"v6.0","isHidden":true,"remoteDebuggingSupported":false,"appInsightsSettings":{"isSupported":true},"gitHubActionSettings":{"isSupported":true,"supportedVersion":"6.0.x"},"appSettingsDictionary":{"FUNCTIONS_WORKER_RUNTIME":"dotnet-isolated"},"siteConfigPropertiesDictionary":{"use32BitWorkerProcess":true,"netFrameworkVersion":"v6.0"},"supportedFunctionsExtensionVersions":["~4"]},"linuxRuntimeSettings":{"runtimeVersion":"DOTNET-ISOLATED|6.0","isHidden":true,"remoteDebuggingSupported":false,"appInsightsSettings":{"isSupported":true},"gitHubActionSettings":{"isSupported":true,"supportedVersion":"6.0.x"},"appSettingsDictionary":{"FUNCTIONS_WORKER_RUNTIME":"dotnet-isolated"},"siteConfigPropertiesDictionary":{"use32BitWorkerProcess":true,"linuxFxVersion":"DOTNET-ISOLATED|6.0"},"supportedFunctionsExtensionVersions":["~4"]}}}]},{"displayText":".NET
        5 (non-LTS)","value":"dotnet5","minorVersions":[{"displayText":".NET 5 (non-LTS)","value":"5
        (non-LTS)","stackSettings":{"windowsRuntimeSettings":{"runtimeVersion":"v5.0","isHidden":true,"remoteDebuggingSupported":false,"appInsightsSettings":{"isSupported":true},"gitHubActionSettings":{"isSupported":true,"supportedVersion":"5.0.x"},"appSettingsDictionary":{"FUNCTIONS_WORKER_RUNTIME":"dotnet-isolated"},"siteConfigPropertiesDictionary":{"use32BitWorkerProcess":true},"supportedFunctionsExtensionVersions":["~3"]},"linuxRuntimeSettings":{"runtimeVersion":"DOTNET-ISOLATED|5.0","isHidden":true,"remoteDebuggingSupported":false,"appInsightsSettings":{"isSupported":true},"gitHubActionSettings":{"isSupported":true,"supportedVersion":"5.0.x"},"appSettingsDictionary":{"FUNCTIONS_WORKER_RUNTIME":"dotnet-isolated"},"siteConfigPropertiesDictionary":{"use32BitWorkerProcess":true,"linuxFxVersion":"DOTNET-ISOLATED|5.0"},"supportedFunctionsExtensionVersions":["~3"]}}}]},{"displayText":".NET
        Core 3","value":"dotnetcore3","minorVersions":[{"displayText":".NET Core 3.1","value":"3.1","stackSettings":{"windowsRuntimeSettings":{"runtimeVersion":"3.1","appInsightsSettings":{"isSupported":true},"remoteDebuggingSupported":false,"gitHubActionSettings":{"isSupported":true,"supportedVersion":"3.1.301"},"appSettingsDictionary":{"FUNCTIONS_WORKER_RUNTIME":"dotnet"},"siteConfigPropertiesDictionary":{"use32BitWorkerProcess":true},"supportedFunctionsExtensionVersions":["~3"]},"linuxRuntimeSettings":{"runtimeVersion":"dotnet|3.1","appInsightsSettings":{"isSupported":true},"remoteDebuggingSupported":false,"gitHubActionSettings":{"isSupported":true,"supportedVersion":"3.1.301"},"appSettingsDictionary":{"FUNCTIONS_WORKER_RUNTIME":"dotnet"},"siteConfigPropertiesDictionary":{"use32BitWorkerProcess":false,"linuxFxVersion":"dotnet|3.1"},"supportedFunctionsExtensionVersions":["~3"]}}}]},{"displayText":".NET
        Core 2","value":"dotnetcore2","minorVersions":[{"displayText":".NET Core 2.2","value":"2.2","stackSettings":{"windowsRuntimeSettings":{"runtimeVersion":"2.2","appInsightsSettings":{"isSupported":true},"remoteDebuggingSupported":false,"gitHubActionSettings":{"isSupported":true,"supportedVersion":"2.2.207"},"appSettingsDictionary":{"FUNCTIONS_WORKER_RUNTIME":"dotnet"},"siteConfigPropertiesDictionary":{"use32BitWorkerProcess":true},"supportedFunctionsExtensionVersions":["~2"]},"linuxRuntimeSettings":{"runtimeVersion":"dotnet|2.2","appInsightsSettings":{"isSupported":true},"remoteDebuggingSupported":false,"gitHubActionSettings":{"isSupported":true,"supportedVersion":"2.2.207"},"appSettingsDictionary":{"FUNCTIONS_WORKER_RUNTIME":"dotnet"},"siteConfigPropertiesDictionary":{"use32BitWorkerProcess":false,"linuxFxVersion":"dotnet|2.2"},"supportedFunctionsExtensionVersions":["~2"]}}}]},{"displayText":".NET
        Framework 4","value":"dotnetframework4","minorVersions":[{"displayText":".NET
        Framework 4.7","value":"4.7","stackSettings":{"windowsRuntimeSettings":{"runtimeVersion":"4.7","remoteDebuggingSupported":false,"appInsightsSettings":{"isSupported":true},"gitHubActionSettings":{"isSupported":false},"appSettingsDictionary":{},"siteConfigPropertiesDictionary":{"use32BitWorkerProcess":true},"supportedFunctionsExtensionVersions":["~1"]}}}]}]}},{"id":null,"name":"node","type":"Microsoft.Web/functionAppStacks?stackOsType=All","properties":{"displayText":"Node.js","value":"node","preferredOs":"windows","majorVersions":[{"displayText":"Node.js
        16","value":"16","minorVersions":[{"displayText":"Node.js 16 LTS","value":"16
        LTS","stackSettings":{"windowsRuntimeSettings":{"runtimeVersion":"~16","isPreview":false,"remoteDebuggingSupported":false,"appInsightsSettings":{"isSupported":true},"gitHubActionSettings":{"isSupported":true,"supportedVersion":"16.x"},"appSettingsDictionary":{"FUNCTIONS_WORKER_RUNTIME":"node","WEBSITE_NODE_DEFAULT_VERSION":"~16"},"siteConfigPropertiesDictionary":{"use32BitWorkerProcess":true,"netFrameworkVersion":"v6.0"},"supportedFunctionsExtensionVersions":["~4"]},"linuxRuntimeSettings":{"runtimeVersion":"Node|16","isPreview":false,"remoteDebuggingSupported":false,"appInsightsSettings":{"isSupported":true},"gitHubActionSettings":{"isSupported":true,"supportedVersion":"16.x"},"appSettingsDictionary":{"FUNCTIONS_WORKER_RUNTIME":"node"},"siteConfigPropertiesDictionary":{"use32BitWorkerProcess":false,"linuxFxVersion":"Node|16"},"supportedFunctionsExtensionVersions":["~4"]}}}]},{"displayText":"Node.js
        14","value":"14","minorVersions":[{"displayText":"Node.js 14 LTS","value":"14
        LTS","stackSettings":{"windowsRuntimeSettings":{"runtimeVersion":"~14","remoteDebuggingSupported":false,"appInsightsSettings":{"isSupported":true},"gitHubActionSettings":{"isSupported":true,"supportedVersion":"14.x"},"appSettingsDictionary":{"FUNCTIONS_WORKER_RUNTIME":"node","WEBSITE_NODE_DEFAULT_VERSION":"~14"},"siteConfigPropertiesDictionary":{"use32BitWorkerProcess":true,"netFrameworkVersion":"v6.0"},"supportedFunctionsExtensionVersions":["~4","~3"]},"linuxRuntimeSettings":{"runtimeVersion":"Node|14","remoteDebuggingSupported":false,"appInsightsSettings":{"isSupported":true},"gitHubActionSettings":{"isSupported":true,"supportedVersion":"14.x"},"appSettingsDictionary":{"FUNCTIONS_WORKER_RUNTIME":"node"},"siteConfigPropertiesDictionary":{"use32BitWorkerProcess":false,"linuxFxVersion":"Node|14"},"supportedFunctionsExtensionVersions":["~4","~3"]}}}]},{"displayText":"Node.js
        12","value":"12","minorVersions":[{"displayText":"Node.js 12 LTS","value":"12
        LTS","stackSettings":{"windowsRuntimeSettings":{"runtimeVersion":"~12","remoteDebuggingSupported":false,"appInsightsSettings":{"isSupported":true},"gitHubActionSettings":{"isSupported":true,"supportedVersion":"12.x"},"appSettingsDictionary":{"FUNCTIONS_WORKER_RUNTIME":"node","WEBSITE_NODE_DEFAULT_VERSION":"~12"},"siteConfigPropertiesDictionary":{"use32BitWorkerProcess":true},"supportedFunctionsExtensionVersions":["~3"]},"linuxRuntimeSettings":{"runtimeVersion":"Node|12","remoteDebuggingSupported":false,"appInsightsSettings":{"isSupported":true},"gitHubActionSettings":{"isSupported":true,"supportedVersion":"12.x"},"appSettingsDictionary":{"FUNCTIONS_WORKER_RUNTIME":"node"},"siteConfigPropertiesDictionary":{"use32BitWorkerProcess":false,"linuxFxVersion":"Node|12"},"supportedFunctionsExtensionVersions":["~3"]}}}]},{"displayText":"Node.js
        10","value":"10","minorVersions":[{"displayText":"Node.js 10 LTS","value":"10
        LTS","stackSettings":{"windowsRuntimeSettings":{"runtimeVersion":"~10","isDeprecated":true,"remoteDebuggingSupported":false,"appInsightsSettings":{"isSupported":true},"gitHubActionSettings":{"isSupported":true,"supportedVersion":"10.x"},"appSettingsDictionary":{"FUNCTIONS_WORKER_RUNTIME":"node","WEBSITE_NODE_DEFAULT_VERSION":"~10"},"siteConfigPropertiesDictionary":{"use32BitWorkerProcess":true},"supportedFunctionsExtensionVersions":["~2","~3"]},"linuxRuntimeSettings":{"runtimeVersion":"Node|10","isDeprecated":true,"remoteDebuggingSupported":false,"appInsightsSettings":{"isSupported":true},"gitHubActionSettings":{"isSupported":true,"supportedVersion":"10.x"},"appSettingsDictionary":{"FUNCTIONS_WORKER_RUNTIME":"node"},"siteConfigPropertiesDictionary":{"use32BitWorkerProcess":false,"linuxFxVersion":"Node|10"},"supportedFunctionsExtensionVersions":["~2","~3"]}}}]},{"displayText":"Node.js
        8","value":"8","minorVersions":[{"displayText":"Node.js 8 LTS","value":"8
        LTS","stackSettings":{"windowsRuntimeSettings":{"runtimeVersion":"~8","remoteDebuggingSupported":false,"appInsightsSettings":{"isSupported":true},"gitHubActionSettings":{"isSupported":true,"supportedVersion":"8.x"},"appSettingsDictionary":{"FUNCTIONS_WORKER_RUNTIME":"node","WEBSITE_NODE_DEFAULT_VERSION":"~8"},"siteConfigPropertiesDictionary":{"use32BitWorkerProcess":true},"supportedFunctionsExtensionVersions":["~2"]}}}]},{"displayText":"Node.js
        6","value":"6","minorVersions":[{"displayText":"Node.js 6 LTS","value":"6
        LTS","stackSettings":{"windowsRuntimeSettings":{"runtimeVersion":"~6","remoteDebuggingSupported":false,"appInsightsSettings":{"isSupported":true},"gitHubActionSettings":{"isSupported":false},"appSettingsDictionary":{"WEBSITE_NODE_DEFAULT_VERSION":"~6"},"siteConfigPropertiesDictionary":{"use32BitWorkerProcess":true},"supportedFunctionsExtensionVersions":["~1"]}}}]}]}},{"id":null,"name":"python","type":"Microsoft.Web/functionAppStacks?stackOsType=All","properties":{"displayText":"Python","value":"python","preferredOs":"linux","majorVersions":[{"displayText":"Python
        3","value":"3","minorVersions":[{"displayText":"Python 3.9","value":"3.9","stackSettings":{"linuxRuntimeSettings":{"runtimeVersion":"Python|3.9","remoteDebuggingSupported":false,"isPreview":false,"isDefault":false,"appInsightsSettings":{"isSupported":true},"gitHubActionSettings":{"isSupported":true,"supportedVersion":"3.9"},"appSettingsDictionary":{"FUNCTIONS_WORKER_RUNTIME":"python"},"siteConfigPropertiesDictionary":{"use32BitWorkerProcess":false,"linuxFxVersion":"Python|3.9"},"supportedFunctionsExtensionVersions":["~4","~3"]}}},{"displayText":"Python
        3.8","value":"3.8","stackSettings":{"linuxRuntimeSettings":{"runtimeVersion":"Python|3.8","remoteDebuggingSupported":false,"appInsightsSettings":{"isSupported":true},"gitHubActionSettings":{"isSupported":true,"supportedVersion":"3.8"},"appSettingsDictionary":{"FUNCTIONS_WORKER_RUNTIME":"python"},"siteConfigPropertiesDictionary":{"use32BitWorkerProcess":false,"linuxFxVersion":"Python|3.8"},"supportedFunctionsExtensionVersions":["~4","~3"]}}},{"displayText":"Python
        3.7","value":"3.7","stackSettings":{"linuxRuntimeSettings":{"runtimeVersion":"Python|3.7","remoteDebuggingSupported":false,"appInsightsSettings":{"isSupported":true},"gitHubActionSettings":{"isSupported":true,"supportedVersion":"3.7"},"appSettingsDictionary":{"FUNCTIONS_WORKER_RUNTIME":"python"},"siteConfigPropertiesDictionary":{"use32BitWorkerProcess":false,"linuxFxVersion":"Python|3.7"},"supportedFunctionsExtensionVersions":["~4","~3","~2"]}}},{"displayText":"Python
        3.6","value":"3.6","stackSettings":{"linuxRuntimeSettings":{"runtimeVersion":"Python|3.6","isDeprecated":true,"remoteDebuggingSupported":false,"appInsightsSettings":{"isSupported":true},"gitHubActionSettings":{"isSupported":true,"supportedVersion":"3.6"},"appSettingsDictionary":{"FUNCTIONS_WORKER_RUNTIME":"python"},"siteConfigPropertiesDictionary":{"use32BitWorkerProcess":false,"linuxFxVersion":"Python|3.6"},"supportedFunctionsExtensionVersions":["~2","~3"]}}}]}]}},{"id":null,"name":"java","type":"Microsoft.Web/functionAppStacks?stackOsType=All","properties":{"displayText":"Java","value":"java","preferredOs":"windows","majorVersions":[{"displayText":"Java
        11","value":"11","minorVersions":[{"displayText":"Java 11","value":"11.0","stackSettings":{"windowsRuntimeSettings":{"runtimeVersion":"11","isAutoUpdate":true,"remoteDebuggingSupported":false,"appInsightsSettings":{"isSupported":true},"gitHubActionSettings":{"isSupported":true,"supportedVersion":"11"},"appSettingsDictionary":{"FUNCTIONS_WORKER_RUNTIME":"java"},"siteConfigPropertiesDictionary":{"use32BitWorkerProcess":true,"javaVersion":"11","netFrameworkVersion":"v6.0"},"supportedFunctionsExtensionVersions":["~4","~3"]},"linuxRuntimeSettings":{"runtimeVersion":"Java|11","isAutoUpdate":true,"remoteDebuggingSupported":false,"appInsightsSettings":{"isSupported":true},"gitHubActionSettings":{"isSupported":true,"supportedVersion":"11"},"appSettingsDictionary":{"FUNCTIONS_WORKER_RUNTIME":"java"},"siteConfigPropertiesDictionary":{"use32BitWorkerProcess":false,"linuxFxVersion":"Java|11"},"supportedFunctionsExtensionVersions":["~4","~3"]}}}]},{"displayText":"Java
        8","value":"8","minorVersions":[{"displayText":"Java 8","value":"8.0","stackSettings":{"windowsRuntimeSettings":{"runtimeVersion":"1.8","isAutoUpdate":true,"isDefault":true,"remoteDebuggingSupported":false,"appInsightsSettings":{"isSupported":true},"gitHubActionSettings":{"isSupported":true,"supportedVersion":"8"},"appSettingsDictionary":{"FUNCTIONS_WORKER_RUNTIME":"java"},"siteConfigPropertiesDictionary":{"use32BitWorkerProcess":true,"javaVersion":"1.8","netFrameworkVersion":"v6.0"},"supportedFunctionsExtensionVersions":["~4","~3","~2"]},"linuxRuntimeSettings":{"runtimeVersion":"Java|8","isAutoUpdate":true,"isDefault":true,"remoteDebuggingSupported":false,"appInsightsSettings":{"isSupported":true},"gitHubActionSettings":{"isSupported":true,"supportedVersion":"8"},"appSettingsDictionary":{"FUNCTIONS_WORKER_RUNTIME":"java"},"siteConfigPropertiesDictionary":{"use32BitWorkerProcess":false,"linuxFxVersion":"Java|8"},"supportedFunctionsExtensionVersions":["~4","~3"]}}}]}]}},{"id":null,"name":"powershell","type":"Microsoft.Web/functionAppStacks?stackOsType=All","properties":{"displayText":"PowerShell
        Core","value":"powershell","preferredOs":"windows","majorVersions":[{"displayText":"PowerShell
        7","value":"7","minorVersions":[{"displayText":"PowerShell 7.2","value":"7.2","stackSettings":{"windowsRuntimeSettings":{"runtimeVersion":"7.2","isPreview":true,"isHidden":false,"remoteDebuggingSupported":false,"appInsightsSettings":{"isSupported":true},"gitHubActionSettings":{"isSupported":true},"appSettingsDictionary":{"FUNCTIONS_WORKER_RUNTIME":"powershell"},"siteConfigPropertiesDictionary":{"use32BitWorkerProcess":true,"powerShellVersion":"7.2","netFrameworkVersion":"v6.0"},"supportedFunctionsExtensionVersions":["~4"]},"linuxRuntimeSettings":{"runtimeVersion":"PowerShell|7.2","isPreview":true,"isHidden":false,"remoteDebuggingSupported":false,"appInsightsSettings":{"isSupported":true},"gitHubActionSettings":{"isSupported":true},"appSettingsDictionary":{"FUNCTIONS_WORKER_RUNTIME":"powershell"},"siteConfigPropertiesDictionary":{"use32BitWorkerProcess":false,"linuxFxVersion":"PowerShell|7.2"},"supportedFunctionsExtensionVersions":["~4"]}}},{"displayText":"PowerShell
        7.0","value":"7.0","stackSettings":{"windowsRuntimeSettings":{"runtimeVersion":"~7","remoteDebuggingSupported":false,"appInsightsSettings":{"isSupported":true},"gitHubActionSettings":{"isSupported":true},"appSettingsDictionary":{"FUNCTIONS_WORKER_RUNTIME":"powershell"},"siteConfigPropertiesDictionary":{"use32BitWorkerProcess":true,"powerShellVersion":"~7","netFrameworkVersion":"v6.0"},"supportedFunctionsExtensionVersions":["~4","~3"]},"linuxRuntimeSettings":{"runtimeVersion":"PowerShell|7","isAutoUpdate":true,"isPreview":false,"remoteDebuggingSupported":false,"appInsightsSettings":{"isSupported":true},"gitHubActionSettings":{"isSupported":true},"appSettingsDictionary":{"FUNCTIONS_WORKER_RUNTIME":"powershell"},"siteConfigPropertiesDictionary":{"use32BitWorkerProcess":false,"linuxFxVersion":"PowerShell|7"},"supportedFunctionsExtensionVersions":["~4"]}}}]},{"displayText":"PowerShell
        Core 6","value":"6","minorVersions":[{"displayText":"PowerShell Core 6.2","value":"6.2","stackSettings":{"windowsRuntimeSettings":{"runtimeVersion":"~6","remoteDebuggingSupported":false,"appInsightsSettings":{"isSupported":true},"gitHubActionSettings":{"isSupported":true},"appSettingsDictionary":{"FUNCTIONS_WORKER_RUNTIME":"powershell"},"siteConfigPropertiesDictionary":{"use32BitWorkerProcess":true,"powerShellVersion":"~6"},"isDeprecated":true,"supportedFunctionsExtensionVersions":["~2","~3"],"endOfLifeDate":"2020-10-04T00:00:00Z"}}}]}]}},{"id":null,"name":"custom","type":"Microsoft.Web/functionAppStacks?stackOsType=All","properties":{"displayText":"Custom
        Handler","value":"custom","preferredOs":"windows","majorVersions":[{"displayText":"Custom
        Handler","value":"custom","minorVersions":[{"displayText":"Custom Handler","value":"custom","stackSettings":{"windowsRuntimeSettings":{"runtimeVersion":"custom","appInsightsSettings":{"isSupported":true},"remoteDebuggingSupported":false,"gitHubActionSettings":{"isSupported":false},"appSettingsDictionary":{"FUNCTIONS_WORKER_RUNTIME":"custom"},"siteConfigPropertiesDictionary":{"use32BitWorkerProcess":true,"netFrameworkVersion":"v6.0"},"supportedFunctionsExtensionVersions":["~4","~3","~2"]},"linuxRuntimeSettings":{"runtimeVersion":"","isPreview":false,"appInsightsSettings":{"isSupported":true},"remoteDebuggingSupported":false,"gitHubActionSettings":{"isSupported":false},"appSettingsDictionary":{"FUNCTIONS_WORKER_RUNTIME":"custom"},"siteConfigPropertiesDictionary":{"use32BitWorkerProcess":false,"linuxFxVersion":""},"supportedFunctionsExtensionVersions":["~4","~3","~2"]}}}]}]}}],"nextLink":null,"id":null}'
    headers:
      cache-control:
      - no-cache
      content-length:
      - '18526'
      content-type:
      - application/json
      date:
      - Mon, 11 Apr 2022 10:01:48 GMT
      expires:
      - '-1'
      pragma:
      - no-cache
      server:
      - Microsoft-IIS/10.0
      strict-transport-security:
      - max-age=31536000; includeSubDomains
      transfer-encoding:
      - chunked
      vary:
      - Accept-Encoding
      x-aspnet-version:
      - 4.0.30319
      x-content-type-options:
      - nosniff
      x-powered-by:
      - ASP.NET
    status:
      code: 200
      message: OK
- request:
    body: null
    headers:
      Accept:
      - application/json
      Accept-Encoding:
      - gzip, deflate
      CommandName:
      - functionapp create
      Connection:
      - keep-alive
      ParameterSetName:
      - -g -n -s --plan --functions-version --runtime
      User-Agent:
      - AZURECLI/2.35.0 azsdk-python-azure-mgmt-storage/20.0.0 Python/3.9.6 (Windows-10-10.0.19044-SP0)
    method: GET
    uri: https://management.azure.com/subscriptions/00000000-0000-0000-0000-000000000000/resourceGroups/clitest.rg000001/providers/Microsoft.Storage/storageAccounts/clitest000002?api-version=2021-09-01
  response:
    body:
      string: '{"sku":{"name":"Standard_LRS","tier":"Standard"},"kind":"Storage","id":"/subscriptions/00000000-0000-0000-0000-000000000000/resourceGroups/clitest.rg000001/providers/Microsoft.Storage/storageAccounts/clitest000002","name":"clitest000002","type":"Microsoft.Storage/storageAccounts","location":"westus","tags":{},"properties":{"keyCreationTime":{"key1":"2022-04-11T10:00:41.5597286Z","key2":"2022-04-11T10:00:41.5597286Z"},"privateEndpointConnections":[],"minimumTlsVersion":"TLS1_0","allowBlobPublicAccess":true,"networkAcls":{"bypass":"AzureServices","virtualNetworkRules":[],"ipRules":[],"defaultAction":"Allow"},"supportsHttpsTrafficOnly":true,"encryption":{"services":{"file":{"keyType":"Account","enabled":true,"lastEnabledTime":"2022-04-11T10:00:41.5753858Z"},"blob":{"keyType":"Account","enabled":true,"lastEnabledTime":"2022-04-11T10:00:41.5753858Z"}},"keySource":"Microsoft.Storage"},"provisioningState":"Succeeded","creationTime":"2022-04-11T10:00:41.4503488Z","primaryEndpoints":{"blob":"https://clitest000002.blob.core.windows.net/","queue":"https://clitest000002.queue.core.windows.net/","table":"https://clitest000002.table.core.windows.net/","file":"https://clitest000002.file.core.windows.net/"},"primaryLocation":"westus","statusOfPrimary":"available"}}'
    headers:
      cache-control:
      - no-cache
      content-length:
      - '1269'
      content-type:
      - application/json
      date:
      - Mon, 11 Apr 2022 10:01:48 GMT
      expires:
      - '-1'
      pragma:
      - no-cache
      server:
      - Microsoft-Azure-Storage-Resource-Provider/1.0,Microsoft-HTTPAPI/2.0 Microsoft-HTTPAPI/2.0
      strict-transport-security:
      - max-age=31536000; includeSubDomains
      transfer-encoding:
      - chunked
      vary:
      - Accept-Encoding
      x-content-type-options:
      - nosniff
    status:
      code: 200
      message: OK
- request:
    body: null
    headers:
      Accept:
      - application/json
      Accept-Encoding:
      - gzip, deflate
      CommandName:
      - functionapp create
      Connection:
      - keep-alive
      Content-Length:
      - '0'
      ParameterSetName:
      - -g -n -s --plan --functions-version --runtime
      User-Agent:
      - AZURECLI/2.35.0 azsdk-python-azure-mgmt-storage/20.0.0 Python/3.9.6 (Windows-10-10.0.19044-SP0)
    method: POST
    uri: https://management.azure.com/subscriptions/00000000-0000-0000-0000-000000000000/resourceGroups/clitest.rg000001/providers/Microsoft.Storage/storageAccounts/clitest000002/listKeys?api-version=2021-09-01&$expand=kerb
  response:
    body:
      string: '{"keys":[{"creationTime":"2022-04-11T10:00:41.5597286Z","keyName":"key1","value":"veryFakedStorageAccountKey==","permissions":"FULL"},{"creationTime":"2022-04-11T10:00:41.5597286Z","keyName":"key2","value":"veryFakedStorageAccountKey==","permissions":"FULL"}]}'
    headers:
      cache-control:
      - no-cache
      content-length:
      - '260'
      content-type:
      - application/json
      date:
      - Mon, 11 Apr 2022 10:01:49 GMT
      expires:
      - '-1'
      pragma:
      - no-cache
      server:
      - Microsoft-Azure-Storage-Resource-Provider/1.0,Microsoft-HTTPAPI/2.0 Microsoft-HTTPAPI/2.0
      strict-transport-security:
      - max-age=31536000; includeSubDomains
      transfer-encoding:
      - chunked
      vary:
      - Accept-Encoding
      x-content-type-options:
      - nosniff
      x-ms-ratelimit-remaining-subscription-resource-requests:
      - '11999'
    status:
      code: 200
      message: OK
- request:
    body: '{"kind": "functionapp,linux", "location": "East US", "properties": {"serverFarmId":
      "acrtestplanfunction000003", "reserved": true, "isXenon": false, "hyperV": false,
      "siteConfig": {"netFrameworkVersion": "v4.6", "linuxFxVersion": "Node|14", "appSettings":
      [{"name": "MACHINEKEY_DecryptionKey", "value": "07CCC93EA86BD5AA5F09F43968DEF80030B831BE7954BA7DDDBD55306A23B167"},
      {"name": "WEBSITES_ENABLE_APP_SERVICE_STORAGE", "value": "true"}, {"name": "FUNCTIONS_WORKER_RUNTIME",
      "value": "node"}, {"name": "FUNCTIONS_EXTENSION_VERSION", "value": "~3"}, {"name":
      "AzureWebJobsStorage", "value": "DefaultEndpointsProtocol=https;EndpointSuffix=core.windows.net;AccountName=clitest000002;AccountKey=veryFakedStorageAccountKey=="}],
      "use32BitWorkerProcess": false, "alwaysOn": true, "localMySqlEnabled": false,
      "http20Enabled": true}, "scmSiteAlsoStopped": false}}'
    headers:
      Accept:
      - application/json
      Accept-Encoding:
      - gzip, deflate
      CommandName:
      - functionapp create
      Connection:
      - keep-alive
      Content-Length:
      - '855'
      Content-Type:
      - application/json
      ParameterSetName:
      - -g -n -s --plan --functions-version --runtime
      User-Agent:
      - AZURECLI/2.35.0 azsdk-python-azure-mgmt-web/6.1.0 Python/3.9.6 (Windows-10-10.0.19044-SP0)
    method: PUT
    uri: https://management.azure.com/subscriptions/00000000-0000-0000-0000-000000000000/resourceGroups/clitest.rg000001/providers/Microsoft.Web/sites/functionappacrtest000004?api-version=2021-03-01
  response:
    body:
      string: '{"id":"/subscriptions/00000000-0000-0000-0000-000000000000/resourceGroups/clitest.rg000001/providers/Microsoft.Web/sites/functionappacrtest000004","name":"functionappacrtest000004","type":"Microsoft.Web/sites","kind":"functionapp,linux","location":"East
        US","properties":{"name":"functionappacrtest000004","state":"Running","hostNames":["functionappacrtest000004.azurewebsites.net"],"webSpace":"clitest.rg000001-EastUSwebspace-Linux","selfLink":"https://waws-prod-blu-263.api.azurewebsites.windows.net:454/subscriptions/00000000-0000-0000-0000-000000000000/webspaces/clitest.rg000001-EastUSwebspace-Linux/sites/functionappacrtest000004","repositorySiteName":"functionappacrtest000004","owner":null,"usageState":"Normal","enabled":true,"adminEnabled":true,"enabledHostNames":["functionappacrtest000004.azurewebsites.net","functionappacrtest000004.scm.azurewebsites.net"],"siteProperties":{"metadata":null,"properties":[{"name":"LinuxFxVersion","value":"Node|14"},{"name":"WindowsFxVersion","value":null}],"appSettings":null},"availabilityState":"Normal","sslCertificates":null,"csrs":[],"cers":null,"siteMode":null,"hostNameSslStates":[{"name":"functionappacrtest000004.azurewebsites.net","sslState":"Disabled","ipBasedSslResult":null,"virtualIP":null,"thumbprint":null,"toUpdate":null,"toUpdateIpBasedSsl":null,"ipBasedSslState":"NotConfigured","hostType":"Standard"},{"name":"functionappacrtest000004.scm.azurewebsites.net","sslState":"Disabled","ipBasedSslResult":null,"virtualIP":null,"thumbprint":null,"toUpdate":null,"toUpdateIpBasedSsl":null,"ipBasedSslState":"NotConfigured","hostType":"Repository"}],"computeMode":null,"serverFarm":null,"serverFarmId":"/subscriptions/00000000-0000-0000-0000-000000000000/resourceGroups/clitest.rg000001/providers/Microsoft.Web/serverfarms/acrtestplanfunction000003","reserved":true,"isXenon":false,"hyperV":false,"lastModifiedTimeUtc":"2022-04-11T10:01:55.01","storageRecoveryDefaultState":"Running","contentAvailabilityState":"Normal","runtimeAvailabilityState":"Normal","vnetRouteAllEnabled":false,"siteConfig":{"numberOfWorkers":1,"defaultDocuments":null,"netFrameworkVersion":null,"phpVersion":null,"pythonVersion":null,"nodeVersion":null,"powerShellVersion":null,"linuxFxVersion":"","windowsFxVersion":null,"requestTracingEnabled":null,"remoteDebuggingEnabled":null,"remoteDebuggingVersion":null,"httpLoggingEnabled":null,"azureMonitorLogCategories":null,"acrUseManagedIdentityCreds":false,"acrUserManagedIdentityID":null,"logsDirectorySizeLimit":null,"detailedErrorLoggingEnabled":null,"publishingUsername":null,"publishingPassword":null,"appSettings":null,"metadata":null,"connectionStrings":null,"machineKey":null,"handlerMappings":null,"documentRoot":null,"scmType":null,"use32BitWorkerProcess":null,"webSocketsEnabled":null,"alwaysOn":false,"javaVersion":null,"javaContainer":null,"javaContainerVersion":null,"appCommandLine":null,"managedPipelineMode":null,"virtualApplications":null,"winAuthAdminState":null,"winAuthTenantState":null,"customAppPoolIdentityAdminState":null,"customAppPoolIdentityTenantState":null,"runtimeADUser":null,"runtimeADUserPassword":null,"loadBalancing":null,"routingRules":null,"experiments":null,"limits":null,"autoHealEnabled":null,"autoHealRules":null,"tracingOptions":null,"vnetName":null,"vnetRouteAllEnabled":null,"vnetPrivatePortsCount":null,"publicNetworkAccess":null,"cors":null,"push":null,"apiDefinition":null,"apiManagementConfig":null,"autoSwapSlotName":null,"localMySqlEnabled":null,"managedServiceIdentityId":null,"xManagedServiceIdentityId":null,"keyVaultReferenceIdentity":null,"ipSecurityRestrictions":[{"ipAddress":"Any","action":"Allow","priority":1,"name":"Allow
        all","description":"Allow all access"}],"scmIpSecurityRestrictions":[{"ipAddress":"Any","action":"Allow","priority":1,"name":"Allow
        all","description":"Allow all access"}],"scmIpSecurityRestrictionsUseMain":null,"http20Enabled":false,"minTlsVersion":null,"minTlsCipherSuite":null,"supportedTlsCipherSuites":null,"scmMinTlsVersion":null,"ftpsState":null,"preWarmedInstanceCount":null,"functionAppScaleLimit":0,"healthCheckPath":null,"fileChangeAuditEnabled":null,"functionsRuntimeScaleMonitoringEnabled":null,"websiteTimeZone":null,"minimumElasticInstanceCount":0,"azureStorageAccounts":null,"http20ProxyFlag":null,"sitePort":null,"antivirusScanEnabled":null,"storageType":null},"deploymentId":"functionappacrtest000004","slotName":null,"trafficManagerHostNames":null,"sku":"Standard","scmSiteAlsoStopped":false,"targetSwapSlot":null,"hostingEnvironment":null,"hostingEnvironmentProfile":null,"clientAffinityEnabled":false,"clientCertEnabled":false,"clientCertMode":"Required","clientCertExclusionPaths":null,"hostNamesDisabled":false,"domainVerificationIdentifiers":null,"customDomainVerificationId":"253001F2FCF5A7B1CD759EB861E9BB1596370BE27E47A991F72184277B3D12F2","kind":"functionapp,linux","inboundIpAddress":"20.49.104.41","possibleInboundIpAddresses":"20.49.104.41","ftpUsername":"functionappacrtest000004\\$functionappacrtest000004","ftpsHostName":"ftps://waws-prod-blu-263.ftp.azurewebsites.windows.net/site/wwwroot","outboundIpAddresses":"20.84.4.119,20.84.7.46,20.84.2.174,20.84.3.19,20.84.2.201,20.84.2.208,20.49.104.41","possibleOutboundIpAddresses":"20.84.4.119,20.84.7.46,20.84.2.174,20.84.3.19,20.84.2.201,20.84.2.208,20.84.2.227,20.84.6.117,20.84.2.233,20.84.3.13,20.84.2.50,20.84.7.161,20.84.7.202,20.84.7.210,20.84.7.254,52.226.240.29,52.226.240.40,52.226.240.42,20.119.104.234,20.119.104.255,20.119.105.11,20.119.105.41,20.119.105.43,20.119.105.47,20.49.104.41","containerSize":0,"dailyMemoryTimeQuota":0,"suspendedTill":null,"siteDisabledReason":0,"functionExecutionUnitsCache":null,"maxNumberOfWorkers":null,"homeStamp":"waws-prod-blu-263","cloningInfo":null,"hostingEnvironmentId":null,"tags":null,"resourceGroup":"clitest.rg000001","defaultHostName":"functionappacrtest000004.azurewebsites.net","slotSwapStatus":null,"httpsOnly":false,"redundancyMode":"None","inProgressOperationId":null,"geoDistributions":null,"privateEndpointConnections":null,"publicNetworkAccess":null,"buildVersion":null,"targetBuildVersion":null,"migrationState":null,"eligibleLogCategories":"FunctionAppLogs","storageAccountRequired":false,"virtualNetworkSubnetId":null,"keyVaultReferenceIdentity":"SystemAssigned"}}'
    headers:
      cache-control:
      - no-cache
      content-length:
      - '6277'
      content-type:
      - application/json
      date:
      - Mon, 11 Apr 2022 10:02:12 GMT
      etag:
      - '"1D84D8B2CD655AB"'
      expires:
      - '-1'
      pragma:
      - no-cache
      server:
      - Microsoft-IIS/10.0
      strict-transport-security:
      - max-age=31536000; includeSubDomains
      transfer-encoding:
      - chunked
      vary:
      - Accept-Encoding
      x-aspnet-version:
      - 4.0.30319
      x-content-type-options:
      - nosniff
      x-ms-ratelimit-remaining-subscription-resource-requests:
      - '499'
      x-powered-by:
      - ASP.NET
    status:
      code: 200
      message: OK
- request:
    body: '{"location": "East US", "kind": "web", "properties": {"Application_Type":
      "web"}}'
    headers:
      Accept:
      - application/json
      Accept-Encoding:
      - gzip, deflate
      CommandName:
      - functionapp create
      Connection:
      - keep-alive
      Content-Length:
      - '81'
      Content-Type:
      - application/json
      ParameterSetName:
      - -g -n -s --plan --functions-version --runtime
      User-Agent:
      - AZURECLI/2.35.0 azsdk-python-azure-mgmt-applicationinsights/1.0.0 Python/3.9.6
        (Windows-10-10.0.19044-SP0)
    method: PUT
    uri: https://management.azure.com/subscriptions/00000000-0000-0000-0000-000000000000/resourceGroups/clitest.rg000001/providers/Microsoft.Insights/components/functionappacrtest000004?api-version=2015-05-01
  response:
    body:
      string: '{"id":"/subscriptions/00000000-0000-0000-0000-000000000000/resourceGroups/clitest.rg000001/providers/microsoft.insights/components/functionappacrtest000004","name":"functionappacrtest000004","type":"microsoft.insights/components","location":"eastus","tags":{},"kind":"web","etag":"\"9b01483a-0000-0100-0000-6253fcac0000\"","properties":{"Ver":"v2","ApplicationId":"functionappacrtest000004","AppId":"f857c9f4-2fc8-43c8-a336-9070f3e6b38b","Application_Type":"web","Flow_Type":null,"Request_Source":null,"InstrumentationKey":"ba7046a6-4915-4ee1-a50a-b6e6ccda9244","ConnectionString":"InstrumentationKey=ba7046a6-4915-4ee1-a50a-b6e6ccda9244;IngestionEndpoint=https://eastus-3.in.applicationinsights.azure.com/","Name":"functionappacrtest000004","CreationDate":"2022-04-11T10:02:19.8090337+00:00","TenantId":"0b1f6471-1bf0-4dda-aec3-cb9272f09590","provisioningState":"Succeeded","SamplingPercentage":null,"RetentionInDays":90,"IngestionMode":"ApplicationInsights","publicNetworkAccessForIngestion":"Enabled","publicNetworkAccessForQuery":"Enabled"}}'
    headers:
      access-control-expose-headers:
      - Request-Context
      cache-control:
      - no-cache
      content-length:
      - '1045'
      content-type:
      - application/json; charset=utf-8
      date:
      - Mon, 11 Apr 2022 10:02:29 GMT
      expires:
      - '-1'
      pragma:
      - no-cache
      request-context:
      - appId=cid-v1:920e14b1-13f3-461a-a4bb-b4fe6f1a4525
      server:
      - Microsoft-IIS/10.0
      strict-transport-security:
      - max-age=31536000; includeSubDomains
      transfer-encoding:
      - chunked
      vary:
      - Accept-Encoding
      x-content-type-options:
      - nosniff
      x-ms-ratelimit-remaining-subscription-writes:
      - '1197'
      x-powered-by:
      - ASP.NET
    status:
      code: 200
      message: OK
- request:
    body: null
    headers:
      Accept:
      - application/json
      Accept-Encoding:
      - gzip, deflate
      CommandName:
      - functionapp create
      Connection:
      - keep-alive
      Content-Length:
      - '0'
      ParameterSetName:
      - -g -n -s --plan --functions-version --runtime
      User-Agent:
      - AZURECLI/2.35.0 azsdk-python-azure-mgmt-web/6.1.0 Python/3.9.6 (Windows-10-10.0.19044-SP0)
    method: POST
    uri: https://management.azure.com/subscriptions/00000000-0000-0000-0000-000000000000/resourceGroups/clitest.rg000001/providers/Microsoft.Web/sites/functionappacrtest000004/config/appsettings/list?api-version=2021-03-01
  response:
    body:
      string: '{"id":"/subscriptions/00000000-0000-0000-0000-000000000000/resourceGroups/clitest.rg000001/providers/Microsoft.Web/sites/functionappacrtest000004/config/appsettings","name":"appsettings","type":"Microsoft.Web/sites/config","location":"East
        US","properties":{"MACHINEKEY_DecryptionKey":"07CCC93EA86BD5AA5F09F43968DEF80030B831BE7954BA7DDDBD55306A23B167","WEBSITES_ENABLE_APP_SERVICE_STORAGE":"true","FUNCTIONS_WORKER_RUNTIME":"node","FUNCTIONS_EXTENSION_VERSION":"~3","AzureWebJobsStorage":"DefaultEndpointsProtocol=https;EndpointSuffix=core.windows.net;AccountName=clitest000002;AccountKey=veryFakedStorageAccountKey=="}}'
    headers:
      cache-control:
      - no-cache
      content-length:
      - '620'
      content-type:
      - application/json
      date:
      - Mon, 11 Apr 2022 10:02:31 GMT
      expires:
      - '-1'
      pragma:
      - no-cache
      server:
      - Microsoft-IIS/10.0
      strict-transport-security:
      - max-age=31536000; includeSubDomains
      transfer-encoding:
      - chunked
      vary:
      - Accept-Encoding
      x-aspnet-version:
      - 4.0.30319
      x-content-type-options:
      - nosniff
      x-ms-ratelimit-remaining-subscription-resource-requests:
      - '11999'
      x-powered-by:
      - ASP.NET
    status:
      code: 200
      message: OK
- request:
    body: '{"properties": {"MACHINEKEY_DecryptionKey": "07CCC93EA86BD5AA5F09F43968DEF80030B831BE7954BA7DDDBD55306A23B167",
      "WEBSITES_ENABLE_APP_SERVICE_STORAGE": "true", "FUNCTIONS_WORKER_RUNTIME": "node",
      "FUNCTIONS_EXTENSION_VERSION": "~3", "AzureWebJobsStorage": "DefaultEndpointsProtocol=https;EndpointSuffix=core.windows.net;AccountName=clitest000002;AccountKey=veryFakedStorageAccountKey==",
      "APPINSIGHTS_INSTRUMENTATIONKEY": "ba7046a6-4915-4ee1-a50a-b6e6ccda9244"}}'
    headers:
      Accept:
      - application/json
      Accept-Encoding:
      - gzip, deflate
      CommandName:
      - functionapp create
      Connection:
      - keep-alive
      Content-Length:
      - '461'
      Content-Type:
      - application/json
      ParameterSetName:
      - -g -n -s --plan --functions-version --runtime
      User-Agent:
      - AZURECLI/2.35.0 azsdk-python-azure-mgmt-web/6.1.0 Python/3.9.6 (Windows-10-10.0.19044-SP0)
    method: PUT
    uri: https://management.azure.com/subscriptions/00000000-0000-0000-0000-000000000000/resourceGroups/clitest.rg000001/providers/Microsoft.Web/sites/functionappacrtest000004/config/appsettings?api-version=2021-03-01
  response:
    body:
      string: '{"id":"/subscriptions/00000000-0000-0000-0000-000000000000/resourceGroups/clitest.rg000001/providers/Microsoft.Web/sites/functionappacrtest000004/config/appsettings","name":"appsettings","type":"Microsoft.Web/sites/config","location":"East
        US","properties":{"MACHINEKEY_DecryptionKey":"07CCC93EA86BD5AA5F09F43968DEF80030B831BE7954BA7DDDBD55306A23B167","WEBSITES_ENABLE_APP_SERVICE_STORAGE":"true","FUNCTIONS_WORKER_RUNTIME":"node","FUNCTIONS_EXTENSION_VERSION":"~3","AzureWebJobsStorage":"DefaultEndpointsProtocol=https;EndpointSuffix=core.windows.net;AccountName=clitest000002;AccountKey=veryFakedStorageAccountKey==","APPINSIGHTS_INSTRUMENTATIONKEY":"ba7046a6-4915-4ee1-a50a-b6e6ccda9244"}}'
    headers:
      cache-control:
      - no-cache
      content-length:
      - '692'
      content-type:
      - application/json
      date:
      - Mon, 11 Apr 2022 10:02:33 GMT
      etag:
      - '"1D84D8B2CD655AB"'
      expires:
      - '-1'
      pragma:
      - no-cache
      server:
      - Microsoft-IIS/10.0
      strict-transport-security:
      - max-age=31536000; includeSubDomains
      transfer-encoding:
      - chunked
      vary:
      - Accept-Encoding
      x-aspnet-version:
      - 4.0.30319
      x-content-type-options:
      - nosniff
      x-ms-ratelimit-remaining-subscription-writes:
      - '1198'
      x-powered-by:
      - ASP.NET
    status:
      code: 200
      message: OK
- request:
    body: null
    headers:
      Accept:
      - application/json
      Accept-Encoding:
      - gzip, deflate
      CommandName:
      - acr credential show
      Connection:
      - keep-alive
      ParameterSetName:
      - -n -g
      User-Agent:
      - AZURECLI/2.35.0 azsdk-python-azure-mgmt-containerregistry/8.2.0 Python/3.9.6
        (Windows-10-10.0.19044-SP0)
    method: GET
    uri: https://management.azure.com/subscriptions/00000000-0000-0000-0000-000000000000/resourceGroups/clitest.rg000001/providers/Microsoft.ContainerRegistry/registries/functionappacrtest000004?api-version=2021-08-01-preview
  response:
    body:
      string: '{"sku":{"name":"Basic","tier":"Basic"},"type":"Microsoft.ContainerRegistry/registries","id":"/subscriptions/00000000-0000-0000-0000-000000000000/resourceGroups/clitest.rg000001/providers/Microsoft.ContainerRegistry/registries/functionappacrtest000004","name":"functionappacrtest000004","location":"eastus","tags":{},"systemData":{"createdBy":"zhiyihuang@microsoft.com","createdByType":"User","createdAt":"2022-04-11T10:01:08.0653339+00:00","lastModifiedBy":"zhiyihuang@microsoft.com","lastModifiedByType":"User","lastModifiedAt":"2022-04-11T10:01:08.0653339+00:00"},"properties":{"loginServer":"functionappacrtest000004.azurecr.io","creationDate":"2022-04-11T10:01:08.0653339Z","provisioningState":"Succeeded","adminUserEnabled":true,"policies":{"quarantinePolicy":{"status":"disabled"},"trustPolicy":{"type":"Notary","status":"disabled"},"retentionPolicy":{"days":7,"lastUpdatedTime":"2022-04-11T10:01:11.3798387+00:00","status":"disabled"},"exportPolicy":{"status":"enabled"}},"encryption":{"status":"disabled"},"dataEndpointEnabled":false,"dataEndpointHostNames":[],"privateEndpointConnections":[],"publicNetworkAccess":"Enabled","networkRuleBypassOptions":"AzureServices","zoneRedundancy":"Disabled","anonymousPullEnabled":false}}'
    headers:
      api-supported-versions:
      - 2021-08-01-preview
      cache-control:
      - no-cache
      content-length:
      - '1234'
      content-type:
      - application/json; charset=utf-8
      date:
      - Mon, 11 Apr 2022 10:02:35 GMT
      expires:
      - '-1'
      pragma:
      - no-cache
      server:
      - Microsoft-HTTPAPI/2.0
      strict-transport-security:
      - max-age=31536000; includeSubDomains
      transfer-encoding:
      - chunked
      vary:
      - Accept-Encoding
      x-content-type-options:
      - nosniff
    status:
      code: 200
      message: OK
- request:
    body: null
    headers:
      Accept:
      - application/json
      Accept-Encoding:
      - gzip, deflate
      CommandName:
      - acr credential show
      Connection:
      - keep-alive
      Content-Length:
      - '0'
      ParameterSetName:
      - -n -g
      User-Agent:
      - AZURECLI/2.35.0 azsdk-python-azure-mgmt-containerregistry/8.2.0 Python/3.9.6
        (Windows-10-10.0.19044-SP0)
    method: POST
    uri: https://management.azure.com/subscriptions/00000000-0000-0000-0000-000000000000/resourceGroups/clitest.rg000001/providers/Microsoft.ContainerRegistry/registries/functionappacrtest000004/listCredentials?api-version=2021-08-01-preview
  response:
    body:
      string: '{"username":"functionappacrtest000004","passwords":[{"name":"password","value":"6RPSGceDPt5P31sUD/mC6jHVkEs5cYB1"},{"name":"password2","value":"aS+tk2yytTCtEWNanmxauJspRGpj9a3F"}]}'
    headers:
      api-supported-versions:
      - 2021-08-01-preview
      cache-control:
      - no-cache
      content-length:
      - '180'
      content-type:
      - application/json; charset=utf-8
      date:
      - Mon, 11 Apr 2022 10:02:36 GMT
      expires:
      - '-1'
      pragma:
      - no-cache
      server:
      - Microsoft-HTTPAPI/2.0
      strict-transport-security:
      - max-age=31536000; includeSubDomains
      transfer-encoding:
      - chunked
      vary:
      - Accept-Encoding
      x-content-type-options:
      - nosniff
      x-ms-ratelimit-remaining-subscription-writes:
      - '1199'
    status:
      code: 200
      message: OK
- request:
    body: null
    headers:
      Accept:
      - application/json
      Accept-Encoding:
      - gzip, deflate
      CommandName:
      - functionapp config container set
      Connection:
      - keep-alive
      ParameterSetName:
      - -g -n --docker-custom-image-name --docker-registry-server-url
      User-Agent:
      - AZURECLI/2.35.0 azsdk-python-azure-mgmt-resource/20.0.0 Python/3.9.6 (Windows-10-10.0.19044-SP0)
    method: GET
    uri: https://management.azure.com/subscriptions/00000000-0000-0000-0000-000000000000/resources?$filter=resourceType%20eq%20%27Microsoft.ContainerRegistry%2Fregistries%27&api-version=2021-04-01
  response:
    body:
      string: '{"value":[{"id":"/subscriptions/00000000-0000-0000-0000-000000000000/resourceGroups/clitest.rg000001/providers/Microsoft.ContainerRegistry/registries/functionappacrtest000004","name":"functionappacrtest000004","type":"Microsoft.ContainerRegistry/registries","sku":{"name":"Basic","tier":"Basic"},"location":"eastus","tags":{},"systemData":{"createdBy":"zhiyihuang@microsoft.com","createdByType":"User","createdAt":"2022-04-11T10:01:08.0653339Z","lastModifiedBy":"zhiyihuang@microsoft.com","lastModifiedByType":"User","lastModifiedAt":"2022-04-11T10:01:08.0653339Z"}},{"id":"/subscriptions/00000000-0000-0000-0000-000000000000/resourceGroups/clitest.rgxn6ds2bcapinzy2gyyyw2dgmewy3xqectucfkverminpnratuxscza2nc2wy66xai/providers/Microsoft.ContainerRegistry/registries/functionappacrtestsve25t","name":"functionappacrtestsve25t","type":"Microsoft.ContainerRegistry/registries","sku":{"name":"Basic","tier":"Basic"},"location":"brazilsouth","tags":{},"systemData":{"createdBy":"zhiyihuang@microsoft.com","createdByType":"User","createdAt":"2022-04-11T10:01:27.6333123Z","lastModifiedBy":"zhiyihuang@microsoft.com","lastModifiedByType":"User","lastModifiedAt":"2022-04-11T10:01:27.6333123Z"}}]}'
    headers:
      cache-control:
      - no-cache
      content-length:
      - '1189'
      content-type:
      - application/json; charset=utf-8
      date:
      - Mon, 11 Apr 2022 10:02:37 GMT
      expires:
      - '-1'
      pragma:
      - no-cache
      strict-transport-security:
      - max-age=31536000; includeSubDomains
      vary:
      - Accept-Encoding
      x-content-type-options:
      - nosniff
    status:
      code: 200
      message: OK
- request:
    body: null
    headers:
      Accept:
      - application/json
      Accept-Encoding:
      - gzip, deflate
      CommandName:
      - functionapp config container set
      Connection:
      - keep-alive
      ParameterSetName:
      - -g -n --docker-custom-image-name --docker-registry-server-url
      User-Agent:
      - AZURECLI/2.35.0 azsdk-python-azure-mgmt-containerregistry/8.2.0 Python/3.9.6
        (Windows-10-10.0.19044-SP0)
    method: GET
    uri: https://management.azure.com/subscriptions/00000000-0000-0000-0000-000000000000/resourceGroups/clitest.rg000001/providers/Microsoft.ContainerRegistry/registries/functionappacrtest000004?api-version=2019-05-01
  response:
    body:
      string: '{"sku":{"name":"Basic","tier":"Basic"},"type":"Microsoft.ContainerRegistry/registries","id":"/subscriptions/00000000-0000-0000-0000-000000000000/resourceGroups/clitest.rg000001/providers/Microsoft.ContainerRegistry/registries/functionappacrtest000004","name":"functionappacrtest000004","location":"eastus","tags":{},"properties":{"loginServer":"functionappacrtest000004.azurecr.io","creationDate":"2022-04-11T10:01:08.0653339Z","provisioningState":"Succeeded","adminUserEnabled":true,"policies":{"quarantinePolicy":{"status":"disabled"},"trustPolicy":{"type":"Notary","status":"disabled"},"retentionPolicy":{"days":7,"lastUpdatedTime":"2022-04-11T10:01:11.3798387+00:00","status":"disabled"}}}}'
    headers:
      api-supported-versions:
      - '2019-05-01'
      cache-control:
      - no-cache
      content-length:
      - '694'
      content-type:
      - application/json; charset=utf-8
      date:
      - Mon, 11 Apr 2022 10:02:38 GMT
      expires:
      - '-1'
      pragma:
      - no-cache
      server:
      - Microsoft-HTTPAPI/2.0
      strict-transport-security:
      - max-age=31536000; includeSubDomains
      transfer-encoding:
      - chunked
      vary:
      - Accept-Encoding
      x-content-type-options:
      - nosniff
    status:
      code: 200
      message: OK
- request:
    body: null
    headers:
      Accept:
      - application/json
      Accept-Encoding:
      - gzip, deflate
      CommandName:
      - functionapp config container set
      Connection:
      - keep-alive
      Content-Length:
      - '0'
      ParameterSetName:
      - -g -n --docker-custom-image-name --docker-registry-server-url
      User-Agent:
      - AZURECLI/2.35.0 azsdk-python-azure-mgmt-containerregistry/8.2.0 Python/3.9.6
        (Windows-10-10.0.19044-SP0)
    method: POST
    uri: https://management.azure.com/subscriptions/00000000-0000-0000-0000-000000000000/resourceGroups/clitest.rg000001/providers/Microsoft.ContainerRegistry/registries/functionappacrtest000004/listCredentials?api-version=2019-05-01
  response:
    body:
      string: '{"username":"functionappacrtest000004","passwords":[{"name":"password","value":"6RPSGceDPt5P31sUD/mC6jHVkEs5cYB1"},{"name":"password2","value":"aS+tk2yytTCtEWNanmxauJspRGpj9a3F"}]}'
    headers:
      api-supported-versions:
      - '2019-05-01'
      cache-control:
      - no-cache
      content-length:
      - '180'
      content-type:
      - application/json; charset=utf-8
      date:
      - Mon, 11 Apr 2022 10:02:38 GMT
      expires:
      - '-1'
      pragma:
      - no-cache
      server:
      - Microsoft-HTTPAPI/2.0
      strict-transport-security:
      - max-age=31536000; includeSubDomains
      transfer-encoding:
      - chunked
      vary:
      - Accept-Encoding
      x-content-type-options:
      - nosniff
      x-ms-ratelimit-remaining-subscription-writes:
      - '1199'
    status:
      code: 200
      message: OK
- request:
    body: null
    headers:
      Accept:
      - application/json
      Accept-Encoding:
      - gzip, deflate
      CommandName:
      - functionapp config container set
      Connection:
      - keep-alive
      Content-Length:
      - '0'
      ParameterSetName:
      - -g -n --docker-custom-image-name --docker-registry-server-url
      User-Agent:
      - AZURECLI/2.35.0 azsdk-python-azure-mgmt-web/6.1.0 Python/3.9.6 (Windows-10-10.0.19044-SP0)
    method: POST
    uri: https://management.azure.com/subscriptions/00000000-0000-0000-0000-000000000000/resourceGroups/clitest.rg000001/providers/Microsoft.Web/sites/functionappacrtest000004/config/appsettings/list?api-version=2021-03-01
  response:
    body:
      string: '{"id":"/subscriptions/00000000-0000-0000-0000-000000000000/resourceGroups/clitest.rg000001/providers/Microsoft.Web/sites/functionappacrtest000004/config/appsettings","name":"appsettings","type":"Microsoft.Web/sites/config","location":"East
        US","properties":{"MACHINEKEY_DecryptionKey":"07CCC93EA86BD5AA5F09F43968DEF80030B831BE7954BA7DDDBD55306A23B167","WEBSITES_ENABLE_APP_SERVICE_STORAGE":"true","FUNCTIONS_WORKER_RUNTIME":"node","FUNCTIONS_EXTENSION_VERSION":"~3","AzureWebJobsStorage":"DefaultEndpointsProtocol=https;EndpointSuffix=core.windows.net;AccountName=clitest000002;AccountKey=veryFakedStorageAccountKey==","APPINSIGHTS_INSTRUMENTATIONKEY":"ba7046a6-4915-4ee1-a50a-b6e6ccda9244"}}'
    headers:
      cache-control:
      - no-cache
      content-length:
      - '692'
      content-type:
      - application/json
      date:
      - Mon, 11 Apr 2022 10:02:40 GMT
      expires:
      - '-1'
      pragma:
      - no-cache
      server:
      - Microsoft-IIS/10.0
      strict-transport-security:
      - max-age=31536000; includeSubDomains
      transfer-encoding:
      - chunked
      vary:
      - Accept-Encoding
      x-aspnet-version:
      - 4.0.30319
      x-content-type-options:
      - nosniff
      x-ms-ratelimit-remaining-subscription-resource-requests:
      - '11999'
      x-powered-by:
      - ASP.NET
    status:
      code: 200
      message: OK
- request:
    body: '{"properties": {"MACHINEKEY_DecryptionKey": "07CCC93EA86BD5AA5F09F43968DEF80030B831BE7954BA7DDDBD55306A23B167",
      "WEBSITES_ENABLE_APP_SERVICE_STORAGE": "true", "FUNCTIONS_WORKER_RUNTIME": "node",
      "FUNCTIONS_EXTENSION_VERSION": "~3", "AzureWebJobsStorage": "DefaultEndpointsProtocol=https;EndpointSuffix=core.windows.net;AccountName=clitest000002;AccountKey=veryFakedStorageAccountKey==",
      "APPINSIGHTS_INSTRUMENTATIONKEY": "ba7046a6-4915-4ee1-a50a-b6e6ccda9244", "DOCKER_REGISTRY_SERVER_URL":
      "https://functionappacrtest000004.azurecr.io", "DOCKER_REGISTRY_SERVER_USERNAME":
      "functionappacrtest000004", "DOCKER_REGISTRY_SERVER_PASSWORD": "6RPSGceDPt5P31sUD/mC6jHVkEs5cYB1"}}'
    headers:
      Accept:
      - application/json
      Accept-Encoding:
      - gzip, deflate
      CommandName:
      - functionapp config container set
      Connection:
      - keep-alive
      Content-Length:
      - '672'
      Content-Type:
      - application/json
      ParameterSetName:
      - -g -n --docker-custom-image-name --docker-registry-server-url
      User-Agent:
      - AZURECLI/2.35.0 azsdk-python-azure-mgmt-web/6.1.0 Python/3.9.6 (Windows-10-10.0.19044-SP0)
    method: PUT
    uri: https://management.azure.com/subscriptions/00000000-0000-0000-0000-000000000000/resourceGroups/clitest.rg000001/providers/Microsoft.Web/sites/functionappacrtest000004/config/appsettings?api-version=2021-03-01
  response:
    body:
      string: '{"id":"/subscriptions/00000000-0000-0000-0000-000000000000/resourceGroups/clitest.rg000001/providers/Microsoft.Web/sites/functionappacrtest000004/config/appsettings","name":"appsettings","type":"Microsoft.Web/sites/config","location":"East
        US","properties":{"MACHINEKEY_DecryptionKey":"07CCC93EA86BD5AA5F09F43968DEF80030B831BE7954BA7DDDBD55306A23B167","WEBSITES_ENABLE_APP_SERVICE_STORAGE":"true","FUNCTIONS_WORKER_RUNTIME":"node","FUNCTIONS_EXTENSION_VERSION":"~3","AzureWebJobsStorage":"DefaultEndpointsProtocol=https;EndpointSuffix=core.windows.net;AccountName=clitest000002;AccountKey=veryFakedStorageAccountKey==","APPINSIGHTS_INSTRUMENTATIONKEY":"ba7046a6-4915-4ee1-a50a-b6e6ccda9244","DOCKER_REGISTRY_SERVER_URL":"https://functionappacrtest000004.azurecr.io","DOCKER_REGISTRY_SERVER_USERNAME":"functionappacrtest000004","DOCKER_REGISTRY_SERVER_PASSWORD":"6RPSGceDPt5P31sUD/mC6jHVkEs5cYB1"}}'
    headers:
      cache-control:
      - no-cache
      content-length:
      - '897'
      content-type:
      - application/json
      date:
      - Mon, 11 Apr 2022 10:02:42 GMT
      etag:
      - '"1D84D8B436BE3CB"'
      expires:
      - '-1'
      pragma:
      - no-cache
      server:
      - Microsoft-IIS/10.0
      strict-transport-security:
      - max-age=31536000; includeSubDomains
      transfer-encoding:
      - chunked
      vary:
      - Accept-Encoding
      x-aspnet-version:
      - 4.0.30319
      x-content-type-options:
      - nosniff
      x-ms-ratelimit-remaining-subscription-writes:
      - '1199'
      x-powered-by:
      - ASP.NET
    status:
      code: 200
      message: OK
- request:
    body: null
    headers:
      Accept:
      - application/json
      Accept-Encoding:
      - gzip, deflate
      CommandName:
      - functionapp config container set
      Connection:
      - keep-alive
      Content-Length:
      - '0'
      ParameterSetName:
      - -g -n --docker-custom-image-name --docker-registry-server-url
      User-Agent:
      - AZURECLI/2.35.0 azsdk-python-azure-mgmt-web/6.1.0 Python/3.9.6 (Windows-10-10.0.19044-SP0)
    method: POST
    uri: https://management.azure.com/subscriptions/00000000-0000-0000-0000-000000000000/resourceGroups/clitest.rg000001/providers/Microsoft.Web/sites/functionappacrtest000004/config/appsettings/list?api-version=2021-03-01
  response:
    body:
      string: '{"id":"/subscriptions/00000000-0000-0000-0000-000000000000/resourceGroups/clitest.rg000001/providers/Microsoft.Web/sites/functionappacrtest000004/config/appsettings","name":"appsettings","type":"Microsoft.Web/sites/config","location":"East
        US","properties":{"MACHINEKEY_DecryptionKey":"07CCC93EA86BD5AA5F09F43968DEF80030B831BE7954BA7DDDBD55306A23B167","WEBSITES_ENABLE_APP_SERVICE_STORAGE":"true","FUNCTIONS_WORKER_RUNTIME":"node","FUNCTIONS_EXTENSION_VERSION":"~3","AzureWebJobsStorage":"DefaultEndpointsProtocol=https;EndpointSuffix=core.windows.net;AccountName=clitest000002;AccountKey=veryFakedStorageAccountKey==","APPINSIGHTS_INSTRUMENTATIONKEY":"ba7046a6-4915-4ee1-a50a-b6e6ccda9244","DOCKER_REGISTRY_SERVER_URL":"https://functionappacrtest000004.azurecr.io","DOCKER_REGISTRY_SERVER_USERNAME":"functionappacrtest000004","DOCKER_REGISTRY_SERVER_PASSWORD":"6RPSGceDPt5P31sUD/mC6jHVkEs5cYB1"}}'
    headers:
      cache-control:
      - no-cache
      content-length:
      - '897'
      content-type:
      - application/json
      date:
      - Mon, 11 Apr 2022 10:02:43 GMT
      expires:
      - '-1'
      pragma:
      - no-cache
      server:
      - Microsoft-IIS/10.0
      strict-transport-security:
      - max-age=31536000; includeSubDomains
      transfer-encoding:
      - chunked
      vary:
      - Accept-Encoding
      x-aspnet-version:
      - 4.0.30319
      x-content-type-options:
      - nosniff
      x-ms-ratelimit-remaining-subscription-resource-requests:
      - '11999'
      x-powered-by:
      - ASP.NET
    status:
      code: 200
      message: OK
- request:
    body: null
    headers:
      Accept:
      - application/json
      Accept-Encoding:
      - gzip, deflate
      CommandName:
      - functionapp config container set
      Connection:
      - keep-alive
      ParameterSetName:
      - -g -n --docker-custom-image-name --docker-registry-server-url
      User-Agent:
      - AZURECLI/2.35.0 azsdk-python-azure-mgmt-web/6.1.0 Python/3.9.6 (Windows-10-10.0.19044-SP0)
    method: GET
    uri: https://management.azure.com/subscriptions/00000000-0000-0000-0000-000000000000/resourceGroups/clitest.rg000001/providers/Microsoft.Web/sites/functionappacrtest000004/config/slotConfigNames?api-version=2021-03-01
  response:
    body:
      string: '{"id":null,"name":"functionappacrtest000004","type":"Microsoft.Web/sites","location":"East
        US","properties":{"connectionStringNames":null,"appSettingNames":null,"azureStorageConfigNames":null}}'
    headers:
      cache-control:
      - no-cache
      content-length:
      - '193'
      content-type:
      - application/json
      date:
      - Mon, 11 Apr 2022 10:02:44 GMT
      expires:
      - '-1'
      pragma:
      - no-cache
      server:
      - Microsoft-IIS/10.0
      strict-transport-security:
      - max-age=31536000; includeSubDomains
      transfer-encoding:
      - chunked
      vary:
      - Accept-Encoding
      x-aspnet-version:
      - 4.0.30319
      x-content-type-options:
      - nosniff
      x-powered-by:
      - ASP.NET
    status:
      code: 200
      message: OK
- request:
    body: null
    headers:
      Accept:
      - application/json
      Accept-Encoding:
      - gzip, deflate
      CommandName:
      - functionapp config container set
      Connection:
      - keep-alive
      ParameterSetName:
      - -g -n --docker-custom-image-name --docker-registry-server-url
      User-Agent:
      - AZURECLI/2.35.0 azsdk-python-azure-mgmt-web/6.1.0 Python/3.9.6 (Windows-10-10.0.19044-SP0)
    method: GET
    uri: https://management.azure.com/subscriptions/00000000-0000-0000-0000-000000000000/resourceGroups/clitest.rg000001/providers/Microsoft.Web/sites/functionappacrtest000004?api-version=2021-03-01
  response:
    body:
      string: '{"id":"/subscriptions/00000000-0000-0000-0000-000000000000/resourceGroups/clitest.rg000001/providers/Microsoft.Web/sites/functionappacrtest000004","name":"functionappacrtest000004","type":"Microsoft.Web/sites","kind":"functionapp,linux","location":"East
        US","properties":{"name":"functionappacrtest000004","state":"Running","hostNames":["functionappacrtest000004.azurewebsites.net"],"webSpace":"clitest.rg000001-EastUSwebspace-Linux","selfLink":"https://waws-prod-blu-263.api.azurewebsites.windows.net:454/subscriptions/00000000-0000-0000-0000-000000000000/webspaces/clitest.rg000001-EastUSwebspace-Linux/sites/functionappacrtest000004","repositorySiteName":"functionappacrtest000004","owner":null,"usageState":"Normal","enabled":true,"adminEnabled":true,"enabledHostNames":["functionappacrtest000004.azurewebsites.net","functionappacrtest000004.scm.azurewebsites.net"],"siteProperties":{"metadata":null,"properties":[{"name":"LinuxFxVersion","value":"Node|14"},{"name":"WindowsFxVersion","value":null}],"appSettings":null},"availabilityState":"Normal","sslCertificates":null,"csrs":[],"cers":null,"siteMode":null,"hostNameSslStates":[{"name":"functionappacrtest000004.azurewebsites.net","sslState":"Disabled","ipBasedSslResult":null,"virtualIP":null,"thumbprint":null,"toUpdate":null,"toUpdateIpBasedSsl":null,"ipBasedSslState":"NotConfigured","hostType":"Standard"},{"name":"functionappacrtest000004.scm.azurewebsites.net","sslState":"Disabled","ipBasedSslResult":null,"virtualIP":null,"thumbprint":null,"toUpdate":null,"toUpdateIpBasedSsl":null,"ipBasedSslState":"NotConfigured","hostType":"Repository"}],"computeMode":null,"serverFarm":null,"serverFarmId":"/subscriptions/00000000-0000-0000-0000-000000000000/resourceGroups/clitest.rg000001/providers/Microsoft.Web/serverfarms/acrtestplanfunction000003","reserved":true,"isXenon":false,"hyperV":false,"lastModifiedTimeUtc":"2022-04-11T10:02:42.4866667","storageRecoveryDefaultState":"Running","contentAvailabilityState":"Normal","runtimeAvailabilityState":"Normal","vnetRouteAllEnabled":false,"siteConfig":{"numberOfWorkers":1,"defaultDocuments":null,"netFrameworkVersion":null,"phpVersion":null,"pythonVersion":null,"nodeVersion":null,"powerShellVersion":null,"linuxFxVersion":"Node|14","windowsFxVersion":null,"requestTracingEnabled":null,"remoteDebuggingEnabled":null,"remoteDebuggingVersion":null,"httpLoggingEnabled":null,"azureMonitorLogCategories":null,"acrUseManagedIdentityCreds":false,"acrUserManagedIdentityID":null,"logsDirectorySizeLimit":null,"detailedErrorLoggingEnabled":null,"publishingUsername":null,"publishingPassword":null,"appSettings":null,"metadata":null,"connectionStrings":null,"machineKey":null,"handlerMappings":null,"documentRoot":null,"scmType":null,"use32BitWorkerProcess":null,"webSocketsEnabled":null,"alwaysOn":true,"javaVersion":null,"javaContainer":null,"javaContainerVersion":null,"appCommandLine":null,"managedPipelineMode":null,"virtualApplications":null,"winAuthAdminState":null,"winAuthTenantState":null,"customAppPoolIdentityAdminState":null,"customAppPoolIdentityTenantState":null,"runtimeADUser":null,"runtimeADUserPassword":null,"loadBalancing":null,"routingRules":null,"experiments":null,"limits":null,"autoHealEnabled":null,"autoHealRules":null,"tracingOptions":null,"vnetName":null,"vnetRouteAllEnabled":null,"vnetPrivatePortsCount":null,"publicNetworkAccess":null,"cors":null,"push":null,"apiDefinition":null,"apiManagementConfig":null,"autoSwapSlotName":null,"localMySqlEnabled":null,"managedServiceIdentityId":null,"xManagedServiceIdentityId":null,"keyVaultReferenceIdentity":null,"ipSecurityRestrictions":null,"scmIpSecurityRestrictions":null,"scmIpSecurityRestrictionsUseMain":null,"http20Enabled":true,"minTlsVersion":null,"minTlsCipherSuite":null,"supportedTlsCipherSuites":null,"scmMinTlsVersion":null,"ftpsState":null,"preWarmedInstanceCount":null,"functionAppScaleLimit":0,"healthCheckPath":null,"fileChangeAuditEnabled":null,"functionsRuntimeScaleMonitoringEnabled":null,"websiteTimeZone":null,"minimumElasticInstanceCount":0,"azureStorageAccounts":null,"http20ProxyFlag":null,"sitePort":null,"antivirusScanEnabled":null,"storageType":null},"deploymentId":"functionappacrtest000004","slotName":null,"trafficManagerHostNames":null,"sku":"Standard","scmSiteAlsoStopped":false,"targetSwapSlot":null,"hostingEnvironment":null,"hostingEnvironmentProfile":null,"clientAffinityEnabled":false,"clientCertEnabled":false,"clientCertMode":"Required","clientCertExclusionPaths":null,"hostNamesDisabled":false,"domainVerificationIdentifiers":null,"customDomainVerificationId":"253001F2FCF5A7B1CD759EB861E9BB1596370BE27E47A991F72184277B3D12F2","kind":"functionapp,linux","inboundIpAddress":"20.49.104.41","possibleInboundIpAddresses":"20.49.104.41","ftpUsername":"functionappacrtest000004\\$functionappacrtest000004","ftpsHostName":"ftps://waws-prod-blu-263.ftp.azurewebsites.windows.net/site/wwwroot","outboundIpAddresses":"20.84.4.119,20.84.7.46,20.84.2.174,20.84.3.19,20.84.2.201,20.84.2.208,20.49.104.41","possibleOutboundIpAddresses":"20.84.4.119,20.84.7.46,20.84.2.174,20.84.3.19,20.84.2.201,20.84.2.208,20.84.2.227,20.84.6.117,20.84.2.233,20.84.3.13,20.84.2.50,20.84.7.161,20.84.7.202,20.84.7.210,20.84.7.254,52.226.240.29,52.226.240.40,52.226.240.42,20.119.104.234,20.119.104.255,20.119.105.11,20.119.105.41,20.119.105.43,20.119.105.47,20.49.104.41","containerSize":0,"dailyMemoryTimeQuota":0,"suspendedTill":null,"siteDisabledReason":0,"functionExecutionUnitsCache":null,"maxNumberOfWorkers":null,"homeStamp":"waws-prod-blu-263","cloningInfo":null,"hostingEnvironmentId":null,"tags":null,"resourceGroup":"clitest.rg000001","defaultHostName":"functionappacrtest000004.azurewebsites.net","slotSwapStatus":null,"httpsOnly":false,"redundancyMode":"None","inProgressOperationId":null,"geoDistributions":null,"privateEndpointConnections":[],"publicNetworkAccess":null,"buildVersion":null,"targetBuildVersion":null,"migrationState":null,"eligibleLogCategories":"FunctionAppLogs","storageAccountRequired":false,"virtualNetworkSubnetId":null,"keyVaultReferenceIdentity":"SystemAssigned"}}'
    headers:
      cache-control:
      - no-cache
      content-length:
      - '6087'
      content-type:
      - application/json
      date:
      - Mon, 11 Apr 2022 10:02:45 GMT
      etag:
      - '"1D84D8B48D0CF6B"'
      expires:
      - '-1'
      pragma:
      - no-cache
      server:
      - Microsoft-IIS/10.0
      strict-transport-security:
      - max-age=31536000; includeSubDomains
      transfer-encoding:
      - chunked
      vary:
      - Accept-Encoding
      x-aspnet-version:
      - 4.0.30319
      x-content-type-options:
      - nosniff
      x-powered-by:
      - ASP.NET
    status:
      code: 200
      message: OK
- request:
    body: null
    headers:
      Accept:
      - application/json
      Accept-Encoding:
      - gzip, deflate
      CommandName:
      - functionapp config container set
      Connection:
      - keep-alive
      ParameterSetName:
      - -g -n --docker-custom-image-name --docker-registry-server-url
      User-Agent:
      - AZURECLI/2.35.0 azsdk-python-azure-mgmt-web/6.1.0 Python/3.9.6 (Windows-10-10.0.19044-SP0)
    method: GET
    uri: https://management.azure.com/subscriptions/00000000-0000-0000-0000-000000000000/resourceGroups/clitest.rg000001/providers/Microsoft.Web/sites/functionappacrtest000004/config/web?api-version=2021-03-01
  response:
    body:
      string: '{"id":"/subscriptions/00000000-0000-0000-0000-000000000000/resourceGroups/clitest.rg000001/providers/Microsoft.Web/sites/functionappacrtest000004/config/web","name":"functionappacrtest000004","type":"Microsoft.Web/sites/config","location":"East
        US","properties":{"numberOfWorkers":1,"defaultDocuments":["Default.htm","Default.html","Default.asp","index.htm","index.html","iisstart.htm","default.aspx","index.php"],"netFrameworkVersion":"v4.0","phpVersion":"","pythonVersion":"","nodeVersion":"","powerShellVersion":"","linuxFxVersion":"Node|14","windowsFxVersion":null,"requestTracingEnabled":false,"remoteDebuggingEnabled":false,"remoteDebuggingVersion":null,"httpLoggingEnabled":false,"azureMonitorLogCategories":null,"acrUseManagedIdentityCreds":false,"acrUserManagedIdentityID":null,"logsDirectorySizeLimit":35,"detailedErrorLoggingEnabled":false,"publishingUsername":"$functionappacrtest000004","publishingPassword":null,"appSettings":null,"metadata":null,"connectionStrings":null,"machineKey":null,"handlerMappings":null,"documentRoot":null,"scmType":"None","use32BitWorkerProcess":false,"webSocketsEnabled":false,"alwaysOn":true,"javaVersion":null,"javaContainer":null,"javaContainerVersion":null,"appCommandLine":"","managedPipelineMode":"Integrated","virtualApplications":[{"virtualPath":"/","physicalPath":"site\\wwwroot","preloadEnabled":true,"virtualDirectories":null}],"winAuthAdminState":0,"winAuthTenantState":0,"customAppPoolIdentityAdminState":false,"customAppPoolIdentityTenantState":false,"runtimeADUser":null,"runtimeADUserPassword":null,"loadBalancing":"LeastRequests","routingRules":[],"experiments":{"rampUpRules":[]},"limits":null,"autoHealEnabled":false,"autoHealRules":null,"tracingOptions":null,"vnetName":"","vnetRouteAllEnabled":false,"vnetPrivatePortsCount":0,"publicNetworkAccess":null,"siteAuthEnabled":false,"siteAuthSettings":{"enabled":null,"unauthenticatedClientAction":null,"tokenStoreEnabled":null,"allowedExternalRedirectUrls":null,"defaultProvider":null,"clientId":null,"clientSecret":null,"clientSecretSettingName":null,"clientSecretCertificateThumbprint":null,"issuer":null,"allowedAudiences":null,"additionalLoginParams":null,"isAadAutoProvisioned":false,"aadClaimsAuthorization":null,"googleClientId":null,"googleClientSecret":null,"googleClientSecretSettingName":null,"googleOAuthScopes":null,"facebookAppId":null,"facebookAppSecret":null,"facebookAppSecretSettingName":null,"facebookOAuthScopes":null,"gitHubClientId":null,"gitHubClientSecret":null,"gitHubClientSecretSettingName":null,"gitHubOAuthScopes":null,"twitterConsumerKey":null,"twitterConsumerSecret":null,"twitterConsumerSecretSettingName":null,"microsoftAccountClientId":null,"microsoftAccountClientSecret":null,"microsoftAccountClientSecretSettingName":null,"microsoftAccountOAuthScopes":null,"configVersion":null},"cors":null,"push":null,"apiDefinition":null,"apiManagementConfig":null,"autoSwapSlotName":null,"localMySqlEnabled":false,"managedServiceIdentityId":null,"xManagedServiceIdentityId":null,"keyVaultReferenceIdentity":null,"ipSecurityRestrictions":[{"ipAddress":"Any","action":"Allow","priority":1,"name":"Allow
        all","description":"Allow all access"}],"scmIpSecurityRestrictions":[{"ipAddress":"Any","action":"Allow","priority":1,"name":"Allow
        all","description":"Allow all access"}],"scmIpSecurityRestrictionsUseMain":false,"http20Enabled":true,"minTlsVersion":"1.2","minTlsCipherSuite":null,"supportedTlsCipherSuites":null,"scmMinTlsVersion":"1.0","ftpsState":"AllAllowed","preWarmedInstanceCount":0,"functionAppScaleLimit":0,"healthCheckPath":null,"fileChangeAuditEnabled":false,"functionsRuntimeScaleMonitoringEnabled":false,"websiteTimeZone":null,"minimumElasticInstanceCount":0,"azureStorageAccounts":{},"http20ProxyFlag":0,"sitePort":null,"antivirusScanEnabled":false,"storageType":null}}'
    headers:
      cache-control:
      - no-cache
      content-length:
      - '3816'
      content-type:
      - application/json
      date:
      - Mon, 11 Apr 2022 10:02:46 GMT
      expires:
      - '-1'
      pragma:
      - no-cache
      server:
      - Microsoft-IIS/10.0
      strict-transport-security:
      - max-age=31536000; includeSubDomains
      transfer-encoding:
      - chunked
      vary:
      - Accept-Encoding
      x-aspnet-version:
      - 4.0.30319
      x-content-type-options:
      - nosniff
      x-powered-by:
      - ASP.NET
    status:
      code: 200
      message: OK
- request:
    body: null
    headers:
      Accept:
      - application/json
      Accept-Encoding:
      - gzip, deflate
      CommandName:
      - functionapp config container set
      Connection:
      - keep-alive
      Content-Length:
      - '0'
      ParameterSetName:
      - -g -n --docker-custom-image-name --docker-registry-server-url
      User-Agent:
      - AZURECLI/2.35.0 azsdk-python-azure-mgmt-web/6.1.0 Python/3.9.6 (Windows-10-10.0.19044-SP0)
    method: POST
    uri: https://management.azure.com/subscriptions/00000000-0000-0000-0000-000000000000/resourceGroups/clitest.rg000001/providers/Microsoft.Web/sites/functionappacrtest000004/config/appsettings/list?api-version=2021-03-01
  response:
    body:
      string: '{"id":"/subscriptions/00000000-0000-0000-0000-000000000000/resourceGroups/clitest.rg000001/providers/Microsoft.Web/sites/functionappacrtest000004/config/appsettings","name":"appsettings","type":"Microsoft.Web/sites/config","location":"East
        US","properties":{"MACHINEKEY_DecryptionKey":"07CCC93EA86BD5AA5F09F43968DEF80030B831BE7954BA7DDDBD55306A23B167","WEBSITES_ENABLE_APP_SERVICE_STORAGE":"true","FUNCTIONS_WORKER_RUNTIME":"node","FUNCTIONS_EXTENSION_VERSION":"~3","AzureWebJobsStorage":"DefaultEndpointsProtocol=https;EndpointSuffix=core.windows.net;AccountName=clitest000002;AccountKey=veryFakedStorageAccountKey==","APPINSIGHTS_INSTRUMENTATIONKEY":"ba7046a6-4915-4ee1-a50a-b6e6ccda9244","DOCKER_REGISTRY_SERVER_URL":"https://functionappacrtest000004.azurecr.io","DOCKER_REGISTRY_SERVER_USERNAME":"functionappacrtest000004","DOCKER_REGISTRY_SERVER_PASSWORD":"6RPSGceDPt5P31sUD/mC6jHVkEs5cYB1"}}'
    headers:
      cache-control:
      - no-cache
      content-length:
      - '897'
      content-type:
      - application/json
      date:
      - Mon, 11 Apr 2022 10:02:48 GMT
      expires:
      - '-1'
      pragma:
      - no-cache
      server:
      - Microsoft-IIS/10.0
      strict-transport-security:
      - max-age=31536000; includeSubDomains
      transfer-encoding:
      - chunked
      vary:
      - Accept-Encoding
      x-aspnet-version:
      - 4.0.30319
      x-content-type-options:
      - nosniff
      x-ms-ratelimit-remaining-subscription-resource-requests:
      - '11999'
      x-powered-by:
      - ASP.NET
    status:
      code: 200
      message: OK
- request:
    body: '{"properties": {"numberOfWorkers": 1, "defaultDocuments": ["Default.htm",
      "Default.html", "Default.asp", "index.htm", "index.html", "iisstart.htm", "default.aspx",
      "index.php"], "netFrameworkVersion": "v4.0", "phpVersion": "", "pythonVersion":
      "", "nodeVersion": "", "powerShellVersion": "", "linuxFxVersion": "DOCKER|functionappacrtest000004.azurecr.io/image-name:latest",
      "requestTracingEnabled": false, "remoteDebuggingEnabled": false, "httpLoggingEnabled":
      false, "acrUseManagedIdentityCreds": false, "logsDirectorySizeLimit": 35, "detailedErrorLoggingEnabled":
      false, "publishingUsername": "$functionappacrtest000004", "scmType": "None",
      "use32BitWorkerProcess": false, "webSocketsEnabled": false, "alwaysOn": true,
      "appCommandLine": "", "managedPipelineMode": "Integrated", "virtualApplications":
      [{"virtualPath": "/", "physicalPath": "site\\wwwroot", "preloadEnabled": true}],
      "loadBalancing": "LeastRequests", "experiments": {"rampUpRules": []}, "autoHealEnabled":
      false, "vnetName": "", "vnetRouteAllEnabled": false, "vnetPrivatePortsCount":
      0, "localMySqlEnabled": false, "scmIpSecurityRestrictionsUseMain": false, "http20Enabled":
      true, "minTlsVersion": "1.2", "scmMinTlsVersion": "1.0", "ftpsState": "AllAllowed",
      "preWarmedInstanceCount": 0, "functionAppScaleLimit": 0, "functionsRuntimeScaleMonitoringEnabled":
      false, "minimumElasticInstanceCount": 0, "azureStorageAccounts": {}}}'
    headers:
      Accept:
      - application/json
      Accept-Encoding:
      - gzip, deflate
      CommandName:
      - functionapp config container set
      Connection:
      - keep-alive
      Content-Length:
      - '1394'
      Content-Type:
      - application/json
      ParameterSetName:
      - -g -n --docker-custom-image-name --docker-registry-server-url
      User-Agent:
      - AZURECLI/2.35.0 azsdk-python-azure-mgmt-web/6.1.0 Python/3.9.6 (Windows-10-10.0.19044-SP0)
    method: PATCH
    uri: https://management.azure.com/subscriptions/00000000-0000-0000-0000-000000000000/resourceGroups/clitest.rg000001/providers/Microsoft.Web/sites/functionappacrtest000004/config/web?api-version=2021-03-01
  response:
    body:
      string: '{"id":"/subscriptions/00000000-0000-0000-0000-000000000000/resourceGroups/clitest.rg000001/providers/Microsoft.Web/sites/functionappacrtest000004","name":"functionappacrtest000004","type":"Microsoft.Web/sites","location":"East
        US","properties":{"numberOfWorkers":1,"defaultDocuments":["Default.htm","Default.html","Default.asp","index.htm","index.html","iisstart.htm","default.aspx","index.php"],"netFrameworkVersion":"v4.0","phpVersion":"","pythonVersion":"","nodeVersion":"","powerShellVersion":"","linuxFxVersion":"DOCKER|functionappacrtest000004.azurecr.io/image-name:latest","windowsFxVersion":null,"requestTracingEnabled":false,"remoteDebuggingEnabled":false,"remoteDebuggingVersion":"VS2019","httpLoggingEnabled":false,"azureMonitorLogCategories":null,"acrUseManagedIdentityCreds":false,"acrUserManagedIdentityID":null,"logsDirectorySizeLimit":35,"detailedErrorLoggingEnabled":false,"publishingUsername":"$functionappacrtest000004","publishingPassword":null,"appSettings":null,"metadata":null,"connectionStrings":null,"machineKey":null,"handlerMappings":null,"documentRoot":null,"scmType":"None","use32BitWorkerProcess":false,"webSocketsEnabled":false,"alwaysOn":true,"javaVersion":null,"javaContainer":null,"javaContainerVersion":null,"appCommandLine":"","managedPipelineMode":"Integrated","virtualApplications":[{"virtualPath":"/","physicalPath":"site\\wwwroot","preloadEnabled":true,"virtualDirectories":null}],"winAuthAdminState":0,"winAuthTenantState":0,"customAppPoolIdentityAdminState":false,"customAppPoolIdentityTenantState":false,"runtimeADUser":null,"runtimeADUserPassword":null,"loadBalancing":"LeastRequests","routingRules":[],"experiments":{"rampUpRules":[]},"limits":null,"autoHealEnabled":false,"autoHealRules":null,"tracingOptions":null,"vnetName":"","vnetRouteAllEnabled":false,"vnetPrivatePortsCount":0,"publicNetworkAccess":null,"siteAuthEnabled":false,"siteAuthSettings":{"enabled":null,"unauthenticatedClientAction":null,"tokenStoreEnabled":null,"allowedExternalRedirectUrls":null,"defaultProvider":null,"clientId":null,"clientSecret":null,"clientSecretSettingName":null,"clientSecretCertificateThumbprint":null,"issuer":null,"allowedAudiences":null,"additionalLoginParams":null,"isAadAutoProvisioned":false,"aadClaimsAuthorization":null,"googleClientId":null,"googleClientSecret":null,"googleClientSecretSettingName":null,"googleOAuthScopes":null,"facebookAppId":null,"facebookAppSecret":null,"facebookAppSecretSettingName":null,"facebookOAuthScopes":null,"gitHubClientId":null,"gitHubClientSecret":null,"gitHubClientSecretSettingName":null,"gitHubOAuthScopes":null,"twitterConsumerKey":null,"twitterConsumerSecret":null,"twitterConsumerSecretSettingName":null,"microsoftAccountClientId":null,"microsoftAccountClientSecret":null,"microsoftAccountClientSecretSettingName":null,"microsoftAccountOAuthScopes":null,"configVersion":null},"cors":null,"push":null,"apiDefinition":null,"apiManagementConfig":null,"autoSwapSlotName":null,"localMySqlEnabled":false,"managedServiceIdentityId":null,"xManagedServiceIdentityId":null,"keyVaultReferenceIdentity":null,"ipSecurityRestrictions":[{"ipAddress":"Any","action":"Allow","priority":1,"name":"Allow
        all","description":"Allow all access"}],"scmIpSecurityRestrictions":[{"ipAddress":"Any","action":"Allow","priority":1,"name":"Allow
        all","description":"Allow all access"}],"scmIpSecurityRestrictionsUseMain":false,"http20Enabled":true,"minTlsVersion":"1.2","minTlsCipherSuite":null,"supportedTlsCipherSuites":null,"scmMinTlsVersion":"1.0","ftpsState":"AllAllowed","preWarmedInstanceCount":0,"functionAppScaleLimit":0,"healthCheckPath":null,"fileChangeAuditEnabled":false,"functionsRuntimeScaleMonitoringEnabled":false,"websiteTimeZone":null,"minimumElasticInstanceCount":0,"azureStorageAccounts":{},"http20ProxyFlag":0,"sitePort":null,"antivirusScanEnabled":false,"storageType":null}}'
    headers:
      cache-control:
      - no-cache
      content-length:
      - '3855'
      content-type:
      - application/json
      date:
      - Mon, 11 Apr 2022 10:02:50 GMT
      etag:
      - '"1D84D8B48D0CF6B"'
      expires:
      - '-1'
      pragma:
      - no-cache
      server:
      - Microsoft-IIS/10.0
      strict-transport-security:
      - max-age=31536000; includeSubDomains
      transfer-encoding:
      - chunked
      vary:
      - Accept-Encoding
      x-aspnet-version:
      - 4.0.30319
      x-content-type-options:
      - nosniff
      x-ms-ratelimit-remaining-subscription-writes:
      - '1199'
      x-powered-by:
      - ASP.NET
    status:
      code: 200
      message: OK
- request:
    body: null
    headers:
      Accept:
      - application/json
      Accept-Encoding:
      - gzip, deflate
      CommandName:
      - functionapp config container set
      Connection:
      - keep-alive
      ParameterSetName:
      - -g -n --docker-custom-image-name --docker-registry-server-url
      User-Agent:
      - AZURECLI/2.35.0 azsdk-python-azure-mgmt-web/6.1.0 Python/3.9.6 (Windows-10-10.0.19044-SP0)
    method: GET
    uri: https://management.azure.com/subscriptions/00000000-0000-0000-0000-000000000000/resourceGroups/clitest.rg000001/providers/Microsoft.Web/sites/functionappacrtest000004/config/web?api-version=2021-03-01
  response:
    body:
      string: '{"id":"/subscriptions/00000000-0000-0000-0000-000000000000/resourceGroups/clitest.rg000001/providers/Microsoft.Web/sites/functionappacrtest000004/config/web","name":"functionappacrtest000004","type":"Microsoft.Web/sites/config","location":"East
        US","properties":{"numberOfWorkers":1,"defaultDocuments":["Default.htm","Default.html","Default.asp","index.htm","index.html","iisstart.htm","default.aspx","index.php"],"netFrameworkVersion":"v4.0","phpVersion":"","pythonVersion":"","nodeVersion":"","powerShellVersion":"","linuxFxVersion":"DOCKER|functionappacrtest000004.azurecr.io/image-name:latest","windowsFxVersion":null,"requestTracingEnabled":false,"remoteDebuggingEnabled":false,"remoteDebuggingVersion":"VS2019","httpLoggingEnabled":false,"azureMonitorLogCategories":null,"acrUseManagedIdentityCreds":false,"acrUserManagedIdentityID":null,"logsDirectorySizeLimit":35,"detailedErrorLoggingEnabled":false,"publishingUsername":"$functionappacrtest000004","publishingPassword":null,"appSettings":null,"metadata":null,"connectionStrings":null,"machineKey":null,"handlerMappings":null,"documentRoot":null,"scmType":"None","use32BitWorkerProcess":false,"webSocketsEnabled":false,"alwaysOn":true,"javaVersion":null,"javaContainer":null,"javaContainerVersion":null,"appCommandLine":"","managedPipelineMode":"Integrated","virtualApplications":[{"virtualPath":"/","physicalPath":"site\\wwwroot","preloadEnabled":true,"virtualDirectories":null}],"winAuthAdminState":0,"winAuthTenantState":0,"customAppPoolIdentityAdminState":false,"customAppPoolIdentityTenantState":false,"runtimeADUser":null,"runtimeADUserPassword":null,"loadBalancing":"LeastRequests","routingRules":[],"experiments":{"rampUpRules":[]},"limits":null,"autoHealEnabled":false,"autoHealRules":null,"tracingOptions":null,"vnetName":"","vnetRouteAllEnabled":false,"vnetPrivatePortsCount":0,"publicNetworkAccess":null,"siteAuthEnabled":false,"siteAuthSettings":{"enabled":null,"unauthenticatedClientAction":null,"tokenStoreEnabled":null,"allowedExternalRedirectUrls":null,"defaultProvider":null,"clientId":null,"clientSecret":null,"clientSecretSettingName":null,"clientSecretCertificateThumbprint":null,"issuer":null,"allowedAudiences":null,"additionalLoginParams":null,"isAadAutoProvisioned":false,"aadClaimsAuthorization":null,"googleClientId":null,"googleClientSecret":null,"googleClientSecretSettingName":null,"googleOAuthScopes":null,"facebookAppId":null,"facebookAppSecret":null,"facebookAppSecretSettingName":null,"facebookOAuthScopes":null,"gitHubClientId":null,"gitHubClientSecret":null,"gitHubClientSecretSettingName":null,"gitHubOAuthScopes":null,"twitterConsumerKey":null,"twitterConsumerSecret":null,"twitterConsumerSecretSettingName":null,"microsoftAccountClientId":null,"microsoftAccountClientSecret":null,"microsoftAccountClientSecretSettingName":null,"microsoftAccountOAuthScopes":null,"configVersion":null},"cors":null,"push":null,"apiDefinition":null,"apiManagementConfig":null,"autoSwapSlotName":null,"localMySqlEnabled":false,"managedServiceIdentityId":null,"xManagedServiceIdentityId":null,"keyVaultReferenceIdentity":null,"ipSecurityRestrictions":[{"ipAddress":"Any","action":"Allow","priority":1,"name":"Allow
        all","description":"Allow all access"}],"scmIpSecurityRestrictions":[{"ipAddress":"Any","action":"Allow","priority":1,"name":"Allow
        all","description":"Allow all access"}],"scmIpSecurityRestrictionsUseMain":false,"http20Enabled":true,"minTlsVersion":"1.2","minTlsCipherSuite":null,"supportedTlsCipherSuites":null,"scmMinTlsVersion":"1.0","ftpsState":"AllAllowed","preWarmedInstanceCount":0,"functionAppScaleLimit":0,"healthCheckPath":null,"fileChangeAuditEnabled":false,"functionsRuntimeScaleMonitoringEnabled":false,"websiteTimeZone":null,"minimumElasticInstanceCount":0,"azureStorageAccounts":{},"http20ProxyFlag":0,"sitePort":null,"antivirusScanEnabled":false,"storageType":null}}'
    headers:
      cache-control:
      - no-cache
      content-length:
      - '3873'
      content-type:
      - application/json
      date:
      - Mon, 11 Apr 2022 10:02:53 GMT
      expires:
      - '-1'
      pragma:
      - no-cache
      server:
      - Microsoft-IIS/10.0
      strict-transport-security:
      - max-age=31536000; includeSubDomains
      transfer-encoding:
      - chunked
      vary:
      - Accept-Encoding
      x-aspnet-version:
      - 4.0.30319
      x-content-type-options:
      - nosniff
      x-powered-by:
      - ASP.NET
    status:
      code: 200
      message: OK
- request:
    body: null
    headers:
      Accept:
      - application/json
      Accept-Encoding:
      - gzip, deflate
      CommandName:
      - functionapp config container show
      Connection:
      - keep-alive
      Content-Length:
      - '0'
      ParameterSetName:
      - -g -n
      User-Agent:
      - AZURECLI/2.35.0 azsdk-python-azure-mgmt-web/6.1.0 Python/3.9.6 (Windows-10-10.0.19044-SP0)
    method: POST
    uri: https://management.azure.com/subscriptions/00000000-0000-0000-0000-000000000000/resourceGroups/clitest.rg000001/providers/Microsoft.Web/sites/functionappacrtest000004/config/appsettings/list?api-version=2021-03-01
  response:
    body:
      string: '{"id":"/subscriptions/00000000-0000-0000-0000-000000000000/resourceGroups/clitest.rg000001/providers/Microsoft.Web/sites/functionappacrtest000004/config/appsettings","name":"appsettings","type":"Microsoft.Web/sites/config","location":"East
        US","properties":{"MACHINEKEY_DecryptionKey":"07CCC93EA86BD5AA5F09F43968DEF80030B831BE7954BA7DDDBD55306A23B167","WEBSITES_ENABLE_APP_SERVICE_STORAGE":"true","FUNCTIONS_WORKER_RUNTIME":"node","FUNCTIONS_EXTENSION_VERSION":"~3","AzureWebJobsStorage":"DefaultEndpointsProtocol=https;EndpointSuffix=core.windows.net;AccountName=clitest000002;AccountKey=veryFakedStorageAccountKey==","APPINSIGHTS_INSTRUMENTATIONKEY":"ba7046a6-4915-4ee1-a50a-b6e6ccda9244","DOCKER_REGISTRY_SERVER_URL":"https://functionappacrtest000004.azurecr.io","DOCKER_REGISTRY_SERVER_USERNAME":"functionappacrtest000004","DOCKER_REGISTRY_SERVER_PASSWORD":"6RPSGceDPt5P31sUD/mC6jHVkEs5cYB1"}}'
    headers:
      cache-control:
      - no-cache
      content-length:
      - '897'
      content-type:
      - application/json
      date:
      - Mon, 11 Apr 2022 10:02:53 GMT
      expires:
      - '-1'
      pragma:
      - no-cache
      server:
      - Microsoft-IIS/10.0
      strict-transport-security:
      - max-age=31536000; includeSubDomains
      transfer-encoding:
      - chunked
      vary:
      - Accept-Encoding
      x-aspnet-version:
      - 4.0.30319
      x-content-type-options:
      - nosniff
      x-ms-ratelimit-remaining-subscription-resource-requests:
      - '11999'
      x-powered-by:
      - ASP.NET
    status:
      code: 200
      message: OK
- request:
    body: null
    headers:
      Accept:
      - application/json
      Accept-Encoding:
      - gzip, deflate
      CommandName:
      - functionapp config container show
      Connection:
      - keep-alive
      ParameterSetName:
      - -g -n
      User-Agent:
      - AZURECLI/2.35.0 azsdk-python-azure-mgmt-web/6.1.0 Python/3.9.6 (Windows-10-10.0.19044-SP0)
    method: GET
    uri: https://management.azure.com/subscriptions/00000000-0000-0000-0000-000000000000/resourceGroups/clitest.rg000001/providers/Microsoft.Web/sites/functionappacrtest000004/config/slotConfigNames?api-version=2021-03-01
  response:
    body:
      string: '{"id":null,"name":"functionappacrtest000004","type":"Microsoft.Web/sites","location":"East
        US","properties":{"connectionStringNames":null,"appSettingNames":null,"azureStorageConfigNames":null}}'
    headers:
      cache-control:
      - no-cache
      content-length:
      - '193'
      content-type:
      - application/json
      date:
      - Mon, 11 Apr 2022 10:02:55 GMT
      expires:
      - '-1'
      pragma:
      - no-cache
      server:
      - Microsoft-IIS/10.0
      strict-transport-security:
      - max-age=31536000; includeSubDomains
      transfer-encoding:
      - chunked
      vary:
      - Accept-Encoding
      x-aspnet-version:
      - 4.0.30319
      x-content-type-options:
      - nosniff
      x-powered-by:
      - ASP.NET
    status:
      code: 200
      message: OK
- request:
    body: null
    headers:
      Accept:
      - application/json
      Accept-Encoding:
      - gzip, deflate
      CommandName:
      - functionapp config container show
      Connection:
      - keep-alive
      ParameterSetName:
      - -g -n
      User-Agent:
      - AZURECLI/2.35.0 azsdk-python-azure-mgmt-web/6.1.0 Python/3.9.6 (Windows-10-10.0.19044-SP0)
    method: GET
    uri: https://management.azure.com/subscriptions/00000000-0000-0000-0000-000000000000/resourceGroups/clitest.rg000001/providers/Microsoft.Web/sites/functionappacrtest000004/config/web?api-version=2021-03-01
  response:
    body:
      string: '{"id":"/subscriptions/00000000-0000-0000-0000-000000000000/resourceGroups/clitest.rg000001/providers/Microsoft.Web/sites/functionappacrtest000004/config/web","name":"functionappacrtest000004","type":"Microsoft.Web/sites/config","location":"East
        US","properties":{"numberOfWorkers":1,"defaultDocuments":["Default.htm","Default.html","Default.asp","index.htm","index.html","iisstart.htm","default.aspx","index.php"],"netFrameworkVersion":"v4.0","phpVersion":"","pythonVersion":"","nodeVersion":"","powerShellVersion":"","linuxFxVersion":"DOCKER|functionappacrtest000004.azurecr.io/image-name:latest","windowsFxVersion":null,"requestTracingEnabled":false,"remoteDebuggingEnabled":false,"remoteDebuggingVersion":"VS2019","httpLoggingEnabled":false,"azureMonitorLogCategories":null,"acrUseManagedIdentityCreds":false,"acrUserManagedIdentityID":null,"logsDirectorySizeLimit":35,"detailedErrorLoggingEnabled":false,"publishingUsername":"$functionappacrtest000004","publishingPassword":null,"appSettings":null,"metadata":null,"connectionStrings":null,"machineKey":null,"handlerMappings":null,"documentRoot":null,"scmType":"None","use32BitWorkerProcess":false,"webSocketsEnabled":false,"alwaysOn":true,"javaVersion":null,"javaContainer":null,"javaContainerVersion":null,"appCommandLine":"","managedPipelineMode":"Integrated","virtualApplications":[{"virtualPath":"/","physicalPath":"site\\wwwroot","preloadEnabled":true,"virtualDirectories":null}],"winAuthAdminState":0,"winAuthTenantState":0,"customAppPoolIdentityAdminState":false,"customAppPoolIdentityTenantState":false,"runtimeADUser":null,"runtimeADUserPassword":null,"loadBalancing":"LeastRequests","routingRules":[],"experiments":{"rampUpRules":[]},"limits":null,"autoHealEnabled":false,"autoHealRules":null,"tracingOptions":null,"vnetName":"","vnetRouteAllEnabled":false,"vnetPrivatePortsCount":0,"publicNetworkAccess":null,"siteAuthEnabled":false,"siteAuthSettings":{"enabled":null,"unauthenticatedClientAction":null,"tokenStoreEnabled":null,"allowedExternalRedirectUrls":null,"defaultProvider":null,"clientId":null,"clientSecret":null,"clientSecretSettingName":null,"clientSecretCertificateThumbprint":null,"issuer":null,"allowedAudiences":null,"additionalLoginParams":null,"isAadAutoProvisioned":false,"aadClaimsAuthorization":null,"googleClientId":null,"googleClientSecret":null,"googleClientSecretSettingName":null,"googleOAuthScopes":null,"facebookAppId":null,"facebookAppSecret":null,"facebookAppSecretSettingName":null,"facebookOAuthScopes":null,"gitHubClientId":null,"gitHubClientSecret":null,"gitHubClientSecretSettingName":null,"gitHubOAuthScopes":null,"twitterConsumerKey":null,"twitterConsumerSecret":null,"twitterConsumerSecretSettingName":null,"microsoftAccountClientId":null,"microsoftAccountClientSecret":null,"microsoftAccountClientSecretSettingName":null,"microsoftAccountOAuthScopes":null,"configVersion":null},"cors":null,"push":null,"apiDefinition":null,"apiManagementConfig":null,"autoSwapSlotName":null,"localMySqlEnabled":false,"managedServiceIdentityId":null,"xManagedServiceIdentityId":null,"keyVaultReferenceIdentity":null,"ipSecurityRestrictions":[{"ipAddress":"Any","action":"Allow","priority":1,"name":"Allow
        all","description":"Allow all access"}],"scmIpSecurityRestrictions":[{"ipAddress":"Any","action":"Allow","priority":1,"name":"Allow
        all","description":"Allow all access"}],"scmIpSecurityRestrictionsUseMain":false,"http20Enabled":true,"minTlsVersion":"1.2","minTlsCipherSuite":null,"supportedTlsCipherSuites":null,"scmMinTlsVersion":"1.0","ftpsState":"AllAllowed","preWarmedInstanceCount":0,"functionAppScaleLimit":0,"healthCheckPath":null,"fileChangeAuditEnabled":false,"functionsRuntimeScaleMonitoringEnabled":false,"websiteTimeZone":null,"minimumElasticInstanceCount":0,"azureStorageAccounts":{},"http20ProxyFlag":0,"sitePort":null,"antivirusScanEnabled":false,"storageType":null}}'
    headers:
      cache-control:
      - no-cache
      content-length:
      - '3873'
      content-type:
      - application/json
      date:
      - Mon, 11 Apr 2022 10:02:55 GMT
      expires:
      - '-1'
      pragma:
      - no-cache
      server:
      - Microsoft-IIS/10.0
      strict-transport-security:
      - max-age=31536000; includeSubDomains
      transfer-encoding:
      - chunked
      vary:
      - Accept-Encoding
      x-aspnet-version:
      - 4.0.30319
      x-content-type-options:
      - nosniff
      x-powered-by:
      - ASP.NET
    status:
      code: 200
      message: OK
- request:
    body: null
    headers:
      Accept:
      - application/json
      Accept-Encoding:
      - gzip, deflate
      CommandName:
      - functionapp config appsettings list
      Connection:
      - keep-alive
      Content-Length:
      - '0'
      ParameterSetName:
      - -g -n
      User-Agent:
      - AZURECLI/2.35.0 azsdk-python-azure-mgmt-web/6.1.0 Python/3.9.6 (Windows-10-10.0.19044-SP0)
    method: POST
    uri: https://management.azure.com/subscriptions/00000000-0000-0000-0000-000000000000/resourceGroups/clitest.rg000001/providers/Microsoft.Web/sites/functionappacrtest000004/config/appsettings/list?api-version=2021-03-01
  response:
    body:
      string: '{"id":"/subscriptions/00000000-0000-0000-0000-000000000000/resourceGroups/clitest.rg000001/providers/Microsoft.Web/sites/functionappacrtest000004/config/appsettings","name":"appsettings","type":"Microsoft.Web/sites/config","location":"East
        US","properties":{"MACHINEKEY_DecryptionKey":"07CCC93EA86BD5AA5F09F43968DEF80030B831BE7954BA7DDDBD55306A23B167","WEBSITES_ENABLE_APP_SERVICE_STORAGE":"true","FUNCTIONS_WORKER_RUNTIME":"node","FUNCTIONS_EXTENSION_VERSION":"~3","AzureWebJobsStorage":"DefaultEndpointsProtocol=https;EndpointSuffix=core.windows.net;AccountName=clitest000002;AccountKey=veryFakedStorageAccountKey==","APPINSIGHTS_INSTRUMENTATIONKEY":"ba7046a6-4915-4ee1-a50a-b6e6ccda9244","DOCKER_REGISTRY_SERVER_URL":"https://functionappacrtest000004.azurecr.io","DOCKER_REGISTRY_SERVER_USERNAME":"functionappacrtest000004","DOCKER_REGISTRY_SERVER_PASSWORD":"6RPSGceDPt5P31sUD/mC6jHVkEs5cYB1"}}'
    headers:
      cache-control:
      - no-cache
      content-length:
      - '897'
      content-type:
      - application/json
      date:
      - Mon, 11 Apr 2022 10:02:56 GMT
      expires:
      - '-1'
      pragma:
      - no-cache
      server:
      - Microsoft-IIS/10.0
      strict-transport-security:
      - max-age=31536000; includeSubDomains
      transfer-encoding:
      - chunked
      vary:
      - Accept-Encoding
      x-aspnet-version:
      - 4.0.30319
      x-content-type-options:
      - nosniff
      x-ms-ratelimit-remaining-subscription-resource-requests:
      - '11999'
      x-powered-by:
      - ASP.NET
    status:
      code: 200
      message: OK
- request:
    body: null
    headers:
      Accept:
      - application/json
      Accept-Encoding:
      - gzip, deflate
      CommandName:
      - functionapp config appsettings list
      Connection:
      - keep-alive
      ParameterSetName:
      - -g -n
      User-Agent:
      - AZURECLI/2.35.0 azsdk-python-azure-mgmt-web/6.1.0 Python/3.9.6 (Windows-10-10.0.19044-SP0)
    method: GET
    uri: https://management.azure.com/subscriptions/00000000-0000-0000-0000-000000000000/resourceGroups/clitest.rg000001/providers/Microsoft.Web/sites/functionappacrtest000004/config/slotConfigNames?api-version=2021-03-01
  response:
    body:
      string: '{"id":null,"name":"functionappacrtest000004","type":"Microsoft.Web/sites","location":"East
        US","properties":{"connectionStringNames":null,"appSettingNames":null,"azureStorageConfigNames":null}}'
    headers:
      cache-control:
      - no-cache
      content-length:
      - '193'
      content-type:
      - application/json
      date:
      - Mon, 11 Apr 2022 10:02:57 GMT
      expires:
      - '-1'
      pragma:
      - no-cache
      server:
      - Microsoft-IIS/10.0
      strict-transport-security:
      - max-age=31536000; includeSubDomains
      transfer-encoding:
      - chunked
      vary:
      - Accept-Encoding
      x-aspnet-version:
      - 4.0.30319
      x-content-type-options:
      - nosniff
      x-powered-by:
      - ASP.NET
    status:
      code: 200
      message: OK
- request:
    body: null
    headers:
      Accept:
      - application/json
      Accept-Encoding:
      - gzip, deflate
      CommandName:
      - functionapp config container delete
      Connection:
      - keep-alive
      ParameterSetName:
      - -g -n
      User-Agent:
      - AZURECLI/2.35.0 azsdk-python-azure-mgmt-web/6.1.0 Python/3.9.6 (Windows-10-10.0.19044-SP0)
    method: GET
    uri: https://management.azure.com/subscriptions/00000000-0000-0000-0000-000000000000/resourceGroups/clitest.rg000001/providers/Microsoft.Web/sites/functionappacrtest000004/config/web?api-version=2021-03-01
  response:
    body:
      string: '{"id":"/subscriptions/00000000-0000-0000-0000-000000000000/resourceGroups/clitest.rg000001/providers/Microsoft.Web/sites/functionappacrtest000004/config/web","name":"functionappacrtest000004","type":"Microsoft.Web/sites/config","location":"East
        US","properties":{"numberOfWorkers":1,"defaultDocuments":["Default.htm","Default.html","Default.asp","index.htm","index.html","iisstart.htm","default.aspx","index.php"],"netFrameworkVersion":"v4.0","phpVersion":"","pythonVersion":"","nodeVersion":"","powerShellVersion":"","linuxFxVersion":"DOCKER|functionappacrtest000004.azurecr.io/image-name:latest","windowsFxVersion":null,"requestTracingEnabled":false,"remoteDebuggingEnabled":false,"remoteDebuggingVersion":"VS2019","httpLoggingEnabled":false,"azureMonitorLogCategories":null,"acrUseManagedIdentityCreds":false,"acrUserManagedIdentityID":null,"logsDirectorySizeLimit":35,"detailedErrorLoggingEnabled":false,"publishingUsername":"$functionappacrtest000004","publishingPassword":null,"appSettings":null,"metadata":null,"connectionStrings":null,"machineKey":null,"handlerMappings":null,"documentRoot":null,"scmType":"None","use32BitWorkerProcess":false,"webSocketsEnabled":false,"alwaysOn":true,"javaVersion":null,"javaContainer":null,"javaContainerVersion":null,"appCommandLine":"","managedPipelineMode":"Integrated","virtualApplications":[{"virtualPath":"/","physicalPath":"site\\wwwroot","preloadEnabled":true,"virtualDirectories":null}],"winAuthAdminState":0,"winAuthTenantState":0,"customAppPoolIdentityAdminState":false,"customAppPoolIdentityTenantState":false,"runtimeADUser":null,"runtimeADUserPassword":null,"loadBalancing":"LeastRequests","routingRules":[],"experiments":{"rampUpRules":[]},"limits":null,"autoHealEnabled":false,"autoHealRules":null,"tracingOptions":null,"vnetName":"","vnetRouteAllEnabled":false,"vnetPrivatePortsCount":0,"publicNetworkAccess":null,"siteAuthEnabled":false,"siteAuthSettings":{"enabled":null,"unauthenticatedClientAction":null,"tokenStoreEnabled":null,"allowedExternalRedirectUrls":null,"defaultProvider":null,"clientId":null,"clientSecret":null,"clientSecretSettingName":null,"clientSecretCertificateThumbprint":null,"issuer":null,"allowedAudiences":null,"additionalLoginParams":null,"isAadAutoProvisioned":false,"aadClaimsAuthorization":null,"googleClientId":null,"googleClientSecret":null,"googleClientSecretSettingName":null,"googleOAuthScopes":null,"facebookAppId":null,"facebookAppSecret":null,"facebookAppSecretSettingName":null,"facebookOAuthScopes":null,"gitHubClientId":null,"gitHubClientSecret":null,"gitHubClientSecretSettingName":null,"gitHubOAuthScopes":null,"twitterConsumerKey":null,"twitterConsumerSecret":null,"twitterConsumerSecretSettingName":null,"microsoftAccountClientId":null,"microsoftAccountClientSecret":null,"microsoftAccountClientSecretSettingName":null,"microsoftAccountOAuthScopes":null,"configVersion":null},"cors":null,"push":null,"apiDefinition":null,"apiManagementConfig":null,"autoSwapSlotName":null,"localMySqlEnabled":false,"managedServiceIdentityId":null,"xManagedServiceIdentityId":null,"keyVaultReferenceIdentity":null,"ipSecurityRestrictions":[{"ipAddress":"Any","action":"Allow","priority":1,"name":"Allow
        all","description":"Allow all access"}],"scmIpSecurityRestrictions":[{"ipAddress":"Any","action":"Allow","priority":1,"name":"Allow
        all","description":"Allow all access"}],"scmIpSecurityRestrictionsUseMain":false,"http20Enabled":true,"minTlsVersion":"1.2","minTlsCipherSuite":null,"supportedTlsCipherSuites":null,"scmMinTlsVersion":"1.0","ftpsState":"AllAllowed","preWarmedInstanceCount":0,"functionAppScaleLimit":0,"healthCheckPath":null,"fileChangeAuditEnabled":false,"functionsRuntimeScaleMonitoringEnabled":false,"websiteTimeZone":null,"minimumElasticInstanceCount":0,"azureStorageAccounts":{},"http20ProxyFlag":0,"sitePort":null,"antivirusScanEnabled":false,"storageType":null}}'
    headers:
      cache-control:
      - no-cache
      content-length:
      - '3873'
      content-type:
      - application/json
      date:
      - Mon, 11 Apr 2022 10:02:58 GMT
      expires:
      - '-1'
      pragma:
      - no-cache
      server:
      - Microsoft-IIS/10.0
      strict-transport-security:
      - max-age=31536000; includeSubDomains
      transfer-encoding:
      - chunked
      vary:
      - Accept-Encoding
      x-aspnet-version:
      - 4.0.30319
      x-content-type-options:
      - nosniff
      x-powered-by:
      - ASP.NET
    status:
      code: 200
      message: OK
- request:
    body: null
    headers:
      Accept:
      - application/json
      Accept-Encoding:
      - gzip, deflate
      CommandName:
      - functionapp config container delete
      Connection:
      - keep-alive
      Content-Length:
      - '0'
      ParameterSetName:
      - -g -n
      User-Agent:
      - AZURECLI/2.35.0 azsdk-python-azure-mgmt-web/6.1.0 Python/3.9.6 (Windows-10-10.0.19044-SP0)
    method: POST
    uri: https://management.azure.com/subscriptions/00000000-0000-0000-0000-000000000000/resourceGroups/clitest.rg000001/providers/Microsoft.Web/sites/functionappacrtest000004/config/appsettings/list?api-version=2021-03-01
  response:
    body:
      string: '{"id":"/subscriptions/00000000-0000-0000-0000-000000000000/resourceGroups/clitest.rg000001/providers/Microsoft.Web/sites/functionappacrtest000004/config/appsettings","name":"appsettings","type":"Microsoft.Web/sites/config","location":"East
        US","properties":{"MACHINEKEY_DecryptionKey":"07CCC93EA86BD5AA5F09F43968DEF80030B831BE7954BA7DDDBD55306A23B167","WEBSITES_ENABLE_APP_SERVICE_STORAGE":"true","FUNCTIONS_WORKER_RUNTIME":"node","FUNCTIONS_EXTENSION_VERSION":"~3","AzureWebJobsStorage":"DefaultEndpointsProtocol=https;EndpointSuffix=core.windows.net;AccountName=clitest000002;AccountKey=veryFakedStorageAccountKey==","APPINSIGHTS_INSTRUMENTATIONKEY":"ba7046a6-4915-4ee1-a50a-b6e6ccda9244","DOCKER_REGISTRY_SERVER_URL":"https://functionappacrtest000004.azurecr.io","DOCKER_REGISTRY_SERVER_USERNAME":"functionappacrtest000004","DOCKER_REGISTRY_SERVER_PASSWORD":"6RPSGceDPt5P31sUD/mC6jHVkEs5cYB1"}}'
    headers:
      cache-control:
      - no-cache
      content-length:
      - '897'
      content-type:
      - application/json
      date:
      - Mon, 11 Apr 2022 10:02:59 GMT
      expires:
      - '-1'
      pragma:
      - no-cache
      server:
      - Microsoft-IIS/10.0
      strict-transport-security:
      - max-age=31536000; includeSubDomains
      transfer-encoding:
      - chunked
      vary:
      - Accept-Encoding
      x-aspnet-version:
      - 4.0.30319
      x-content-type-options:
      - nosniff
      x-ms-ratelimit-remaining-subscription-resource-requests:
      - '11999'
      x-powered-by:
      - ASP.NET
    status:
      code: 200
      message: OK
- request:
    body: null
    headers:
      Accept:
      - application/json
      Accept-Encoding:
      - gzip, deflate
      CommandName:
      - functionapp config container delete
      Connection:
      - keep-alive
      Content-Length:
      - '0'
      ParameterSetName:
      - -g -n
      User-Agent:
      - AZURECLI/2.35.0 azsdk-python-azure-mgmt-web/6.1.0 Python/3.9.6 (Windows-10-10.0.19044-SP0)
    method: POST
    uri: https://management.azure.com/subscriptions/00000000-0000-0000-0000-000000000000/resourceGroups/clitest.rg000001/providers/Microsoft.Web/sites/functionappacrtest000004/config/appsettings/list?api-version=2021-03-01
  response:
    body:
      string: '{"id":"/subscriptions/00000000-0000-0000-0000-000000000000/resourceGroups/clitest.rg000001/providers/Microsoft.Web/sites/functionappacrtest000004/config/appsettings","name":"appsettings","type":"Microsoft.Web/sites/config","location":"East
        US","properties":{"MACHINEKEY_DecryptionKey":"07CCC93EA86BD5AA5F09F43968DEF80030B831BE7954BA7DDDBD55306A23B167","WEBSITES_ENABLE_APP_SERVICE_STORAGE":"true","FUNCTIONS_WORKER_RUNTIME":"node","FUNCTIONS_EXTENSION_VERSION":"~3","AzureWebJobsStorage":"DefaultEndpointsProtocol=https;EndpointSuffix=core.windows.net;AccountName=clitest000002;AccountKey=veryFakedStorageAccountKey==","APPINSIGHTS_INSTRUMENTATIONKEY":"ba7046a6-4915-4ee1-a50a-b6e6ccda9244","DOCKER_REGISTRY_SERVER_URL":"https://functionappacrtest000004.azurecr.io","DOCKER_REGISTRY_SERVER_USERNAME":"functionappacrtest000004","DOCKER_REGISTRY_SERVER_PASSWORD":"6RPSGceDPt5P31sUD/mC6jHVkEs5cYB1"}}'
    headers:
      cache-control:
      - no-cache
      content-length:
      - '897'
      content-type:
      - application/json
      date:
      - Mon, 11 Apr 2022 10:02:59 GMT
      expires:
      - '-1'
      pragma:
      - no-cache
      server:
      - Microsoft-IIS/10.0
      strict-transport-security:
      - max-age=31536000; includeSubDomains
      transfer-encoding:
      - chunked
      vary:
      - Accept-Encoding
      x-aspnet-version:
      - 4.0.30319
      x-content-type-options:
      - nosniff
      x-ms-ratelimit-remaining-subscription-resource-requests:
      - '11999'
      x-powered-by:
      - ASP.NET
    status:
      code: 200
      message: OK
- request:
    body: null
    headers:
      Accept:
      - application/json
      Accept-Encoding:
      - gzip, deflate
      CommandName:
      - functionapp config container delete
      Connection:
      - keep-alive
      ParameterSetName:
      - -g -n
      User-Agent:
      - AZURECLI/2.35.0 azsdk-python-azure-mgmt-web/6.1.0 Python/3.9.6 (Windows-10-10.0.19044-SP0)
    method: GET
    uri: https://management.azure.com/subscriptions/00000000-0000-0000-0000-000000000000/resourceGroups/clitest.rg000001/providers/Microsoft.Web/sites/functionappacrtest000004/config/slotConfigNames?api-version=2021-03-01
  response:
    body:
      string: '{"id":null,"name":"functionappacrtest000004","type":"Microsoft.Web/sites","location":"East
        US","properties":{"connectionStringNames":null,"appSettingNames":null,"azureStorageConfigNames":null}}'
    headers:
      cache-control:
      - no-cache
      content-length:
      - '193'
      content-type:
      - application/json
      date:
      - Mon, 11 Apr 2022 10:03:01 GMT
      expires:
      - '-1'
      pragma:
      - no-cache
      server:
      - Microsoft-IIS/10.0
      strict-transport-security:
      - max-age=31536000; includeSubDomains
      transfer-encoding:
      - chunked
      vary:
      - Accept-Encoding
      x-aspnet-version:
      - 4.0.30319
      x-content-type-options:
      - nosniff
      x-powered-by:
      - ASP.NET
    status:
      code: 200
      message: OK
- request:
    body: '{"properties": {"MACHINEKEY_DecryptionKey": "07CCC93EA86BD5AA5F09F43968DEF80030B831BE7954BA7DDDBD55306A23B167",
      "FUNCTIONS_WORKER_RUNTIME": "node", "FUNCTIONS_EXTENSION_VERSION": "~3", "AzureWebJobsStorage":
      "DefaultEndpointsProtocol=https;EndpointSuffix=core.windows.net;AccountName=clitest000002;AccountKey=veryFakedStorageAccountKey==",
      "APPINSIGHTS_INSTRUMENTATIONKEY": "ba7046a6-4915-4ee1-a50a-b6e6ccda9244", "DOCKER_REGISTRY_SERVER_URL":
      "https://functionappacrtest000004.azurecr.io", "DOCKER_REGISTRY_SERVER_USERNAME":
      "functionappacrtest000004", "DOCKER_REGISTRY_SERVER_PASSWORD": "6RPSGceDPt5P31sUD/mC6jHVkEs5cYB1"}}'
    headers:
      Accept:
      - application/json
      Accept-Encoding:
      - gzip, deflate
      CommandName:
      - functionapp config container delete
      Connection:
      - keep-alive
      Content-Length:
      - '625'
      Content-Type:
      - application/json
      ParameterSetName:
      - -g -n
      User-Agent:
      - AZURECLI/2.35.0 azsdk-python-azure-mgmt-web/6.1.0 Python/3.9.6 (Windows-10-10.0.19044-SP0)
    method: PUT
    uri: https://management.azure.com/subscriptions/00000000-0000-0000-0000-000000000000/resourceGroups/clitest.rg000001/providers/Microsoft.Web/sites/functionappacrtest000004/config/appsettings?api-version=2021-03-01
  response:
    body:
      string: '{"id":"/subscriptions/00000000-0000-0000-0000-000000000000/resourceGroups/clitest.rg000001/providers/Microsoft.Web/sites/functionappacrtest000004/config/appsettings","name":"appsettings","type":"Microsoft.Web/sites/config","location":"East
        US","properties":{"MACHINEKEY_DecryptionKey":"07CCC93EA86BD5AA5F09F43968DEF80030B831BE7954BA7DDDBD55306A23B167","FUNCTIONS_WORKER_RUNTIME":"node","FUNCTIONS_EXTENSION_VERSION":"~3","AzureWebJobsStorage":"DefaultEndpointsProtocol=https;EndpointSuffix=core.windows.net;AccountName=clitest000002;AccountKey=veryFakedStorageAccountKey==","APPINSIGHTS_INSTRUMENTATIONKEY":"ba7046a6-4915-4ee1-a50a-b6e6ccda9244","DOCKER_REGISTRY_SERVER_URL":"https://functionappacrtest000004.azurecr.io","DOCKER_REGISTRY_SERVER_USERNAME":"functionappacrtest000004","DOCKER_REGISTRY_SERVER_PASSWORD":"6RPSGceDPt5P31sUD/mC6jHVkEs5cYB1"}}'
    headers:
      cache-control:
      - no-cache
      content-length:
      - '852'
      content-type:
      - application/json
      date:
      - Mon, 11 Apr 2022 10:03:02 GMT
      etag:
      - '"1D84D8B4DEE85E0"'
      expires:
      - '-1'
      pragma:
      - no-cache
      server:
      - Microsoft-IIS/10.0
      strict-transport-security:
      - max-age=31536000; includeSubDomains
      transfer-encoding:
      - chunked
      vary:
      - Accept-Encoding
      x-aspnet-version:
      - 4.0.30319
      x-content-type-options:
      - nosniff
      x-ms-ratelimit-remaining-subscription-writes:
      - '1199'
      x-powered-by:
      - ASP.NET
    status:
      code: 200
      message: OK
- request:
    body: '{"properties": {"numberOfWorkers": 1, "defaultDocuments": ["Default.htm",
      "Default.html", "Default.asp", "index.htm", "index.html", "iisstart.htm", "default.aspx",
      "index.php"], "netFrameworkVersion": "v4.0", "phpVersion": "", "pythonVersion":
      "", "nodeVersion": "", "powerShellVersion": "", "linuxFxVersion": " ", "requestTracingEnabled":
      false, "remoteDebuggingEnabled": false, "remoteDebuggingVersion": "VS2019",
      "httpLoggingEnabled": false, "acrUseManagedIdentityCreds": false, "logsDirectorySizeLimit":
      35, "detailedErrorLoggingEnabled": false, "publishingUsername": "$functionappacrtest000004",
      "scmType": "None", "use32BitWorkerProcess": false, "webSocketsEnabled": false,
      "alwaysOn": true, "appCommandLine": "", "managedPipelineMode": "Integrated",
      "virtualApplications": [{"virtualPath": "/", "physicalPath": "site\\wwwroot",
      "preloadEnabled": true}], "loadBalancing": "LeastRequests", "experiments": {"rampUpRules":
      []}, "autoHealEnabled": false, "vnetName": "", "vnetRouteAllEnabled": false,
      "vnetPrivatePortsCount": 0, "localMySqlEnabled": false, "scmIpSecurityRestrictionsUseMain":
      false, "http20Enabled": true, "minTlsVersion": "1.2", "scmMinTlsVersion": "1.0",
      "ftpsState": "AllAllowed", "preWarmedInstanceCount": 0, "functionAppScaleLimit":
      0, "functionsRuntimeScaleMonitoringEnabled": false, "minimumElasticInstanceCount":
      0, "azureStorageAccounts": {}}}'
    headers:
      Accept:
      - application/json
      Accept-Encoding:
      - gzip, deflate
      CommandName:
      - functionapp config container delete
      Connection:
      - keep-alive
      Content-Length:
      - '1371'
      Content-Type:
      - application/json
      ParameterSetName:
      - -g -n
      User-Agent:
      - AZURECLI/2.35.0 azsdk-python-azure-mgmt-web/6.1.0 Python/3.9.6 (Windows-10-10.0.19044-SP0)
    method: PATCH
    uri: https://management.azure.com/subscriptions/00000000-0000-0000-0000-000000000000/resourceGroups/clitest.rg000001/providers/Microsoft.Web/sites/functionappacrtest000004/config/web?api-version=2021-03-01
  response:
    body:
      string: '{"id":"/subscriptions/00000000-0000-0000-0000-000000000000/resourceGroups/clitest.rg000001/providers/Microsoft.Web/sites/functionappacrtest000004","name":"functionappacrtest000004","type":"Microsoft.Web/sites","location":"East
        US","properties":{"numberOfWorkers":1,"defaultDocuments":["Default.htm","Default.html","Default.asp","index.htm","index.html","iisstart.htm","default.aspx","index.php"],"netFrameworkVersion":"v4.0","phpVersion":"","pythonVersion":"","nodeVersion":"","powerShellVersion":"","linuxFxVersion":"
        ","windowsFxVersion":null,"requestTracingEnabled":false,"remoteDebuggingEnabled":false,"remoteDebuggingVersion":"VS2019","httpLoggingEnabled":false,"azureMonitorLogCategories":null,"acrUseManagedIdentityCreds":false,"acrUserManagedIdentityID":null,"logsDirectorySizeLimit":35,"detailedErrorLoggingEnabled":false,"publishingUsername":"$functionappacrtest000004","publishingPassword":null,"appSettings":null,"metadata":null,"connectionStrings":null,"machineKey":null,"handlerMappings":null,"documentRoot":null,"scmType":"None","use32BitWorkerProcess":false,"webSocketsEnabled":false,"alwaysOn":true,"javaVersion":null,"javaContainer":null,"javaContainerVersion":null,"appCommandLine":"","managedPipelineMode":"Integrated","virtualApplications":[{"virtualPath":"/","physicalPath":"site\\wwwroot","preloadEnabled":true,"virtualDirectories":null}],"winAuthAdminState":0,"winAuthTenantState":0,"customAppPoolIdentityAdminState":false,"customAppPoolIdentityTenantState":false,"runtimeADUser":null,"runtimeADUserPassword":null,"loadBalancing":"LeastRequests","routingRules":[],"experiments":{"rampUpRules":[]},"limits":null,"autoHealEnabled":false,"autoHealRules":null,"tracingOptions":null,"vnetName":"","vnetRouteAllEnabled":false,"vnetPrivatePortsCount":0,"publicNetworkAccess":null,"siteAuthEnabled":false,"siteAuthSettings":{"enabled":null,"unauthenticatedClientAction":null,"tokenStoreEnabled":null,"allowedExternalRedirectUrls":null,"defaultProvider":null,"clientId":null,"clientSecret":null,"clientSecretSettingName":null,"clientSecretCertificateThumbprint":null,"issuer":null,"allowedAudiences":null,"additionalLoginParams":null,"isAadAutoProvisioned":false,"aadClaimsAuthorization":null,"googleClientId":null,"googleClientSecret":null,"googleClientSecretSettingName":null,"googleOAuthScopes":null,"facebookAppId":null,"facebookAppSecret":null,"facebookAppSecretSettingName":null,"facebookOAuthScopes":null,"gitHubClientId":null,"gitHubClientSecret":null,"gitHubClientSecretSettingName":null,"gitHubOAuthScopes":null,"twitterConsumerKey":null,"twitterConsumerSecret":null,"twitterConsumerSecretSettingName":null,"microsoftAccountClientId":null,"microsoftAccountClientSecret":null,"microsoftAccountClientSecretSettingName":null,"microsoftAccountOAuthScopes":null,"configVersion":null},"cors":null,"push":null,"apiDefinition":null,"apiManagementConfig":null,"autoSwapSlotName":null,"localMySqlEnabled":false,"managedServiceIdentityId":null,"xManagedServiceIdentityId":null,"keyVaultReferenceIdentity":null,"ipSecurityRestrictions":[{"ipAddress":"Any","action":"Allow","priority":1,"name":"Allow
        all","description":"Allow all access"}],"scmIpSecurityRestrictions":[{"ipAddress":"Any","action":"Allow","priority":1,"name":"Allow
        all","description":"Allow all access"}],"scmIpSecurityRestrictionsUseMain":false,"http20Enabled":true,"minTlsVersion":"1.2","minTlsCipherSuite":null,"supportedTlsCipherSuites":null,"scmMinTlsVersion":"1.0","ftpsState":"AllAllowed","preWarmedInstanceCount":0,"functionAppScaleLimit":0,"healthCheckPath":null,"fileChangeAuditEnabled":false,"functionsRuntimeScaleMonitoringEnabled":false,"websiteTimeZone":null,"minimumElasticInstanceCount":0,"azureStorageAccounts":{},"http20ProxyFlag":0,"sitePort":null,"antivirusScanEnabled":false,"storageType":null}}'
    headers:
      cache-control:
      - no-cache
      content-length:
      - '3796'
      content-type:
      - application/json
      date:
      - Mon, 11 Apr 2022 10:03:03 GMT
      etag:
      - '"1D84D8B549D8AB5"'
      expires:
      - '-1'
      pragma:
      - no-cache
      server:
      - Microsoft-IIS/10.0
      strict-transport-security:
      - max-age=31536000; includeSubDomains
      transfer-encoding:
      - chunked
      vary:
      - Accept-Encoding
      x-aspnet-version:
      - 4.0.30319
      x-content-type-options:
      - nosniff
      x-ms-ratelimit-remaining-subscription-writes:
      - '1197'
      x-powered-by:
      - ASP.NET
    status:
      code: 200
      message: OK
- request:
    body: null
    headers:
      Accept:
      - application/json
      Accept-Encoding:
      - gzip, deflate
      CommandName:
      - functionapp config container delete
      Connection:
      - keep-alive
      Content-Length:
      - '0'
      ParameterSetName:
      - -g -n
      User-Agent:
      - AZURECLI/2.35.0 azsdk-python-azure-mgmt-web/6.1.0 Python/3.9.6 (Windows-10-10.0.19044-SP0)
    method: POST
    uri: https://management.azure.com/subscriptions/00000000-0000-0000-0000-000000000000/resourceGroups/clitest.rg000001/providers/Microsoft.Web/sites/functionappacrtest000004/config/appsettings/list?api-version=2021-03-01
  response:
    body:
      string: '{"id":"/subscriptions/00000000-0000-0000-0000-000000000000/resourceGroups/clitest.rg000001/providers/Microsoft.Web/sites/functionappacrtest000004/config/appsettings","name":"appsettings","type":"Microsoft.Web/sites/config","location":"East
        US","properties":{"MACHINEKEY_DecryptionKey":"07CCC93EA86BD5AA5F09F43968DEF80030B831BE7954BA7DDDBD55306A23B167","FUNCTIONS_WORKER_RUNTIME":"node","FUNCTIONS_EXTENSION_VERSION":"~3","AzureWebJobsStorage":"DefaultEndpointsProtocol=https;EndpointSuffix=core.windows.net;AccountName=clitest000002;AccountKey=veryFakedStorageAccountKey==","APPINSIGHTS_INSTRUMENTATIONKEY":"ba7046a6-4915-4ee1-a50a-b6e6ccda9244","DOCKER_REGISTRY_SERVER_URL":"https://functionappacrtest000004.azurecr.io","DOCKER_REGISTRY_SERVER_USERNAME":"functionappacrtest000004","DOCKER_REGISTRY_SERVER_PASSWORD":"6RPSGceDPt5P31sUD/mC6jHVkEs5cYB1"}}'
    headers:
      cache-control:
      - no-cache
      content-length:
      - '852'
      content-type:
      - application/json
      date:
      - Mon, 11 Apr 2022 10:03:05 GMT
      expires:
      - '-1'
      pragma:
      - no-cache
      server:
      - Microsoft-IIS/10.0
      strict-transport-security:
      - max-age=31536000; includeSubDomains
      transfer-encoding:
      - chunked
      vary:
      - Accept-Encoding
      x-aspnet-version:
      - 4.0.30319
      x-content-type-options:
      - nosniff
      x-ms-ratelimit-remaining-subscription-resource-requests:
      - '11999'
      x-powered-by:
      - ASP.NET
    status:
      code: 200
      message: OK
- request:
    body: null
    headers:
      Accept:
      - application/json
      Accept-Encoding:
      - gzip, deflate
      CommandName:
      - functionapp config container delete
      Connection:
      - keep-alive
      ParameterSetName:
      - -g -n
      User-Agent:
      - AZURECLI/2.35.0 azsdk-python-azure-mgmt-web/6.1.0 Python/3.9.6 (Windows-10-10.0.19044-SP0)
    method: GET
    uri: https://management.azure.com/subscriptions/00000000-0000-0000-0000-000000000000/resourceGroups/clitest.rg000001/providers/Microsoft.Web/sites/functionappacrtest000004/config/slotConfigNames?api-version=2021-03-01
  response:
    body:
      string: '{"id":null,"name":"functionappacrtest000004","type":"Microsoft.Web/sites","location":"East
        US","properties":{"connectionStringNames":null,"appSettingNames":null,"azureStorageConfigNames":null}}'
    headers:
      cache-control:
      - no-cache
      content-length:
      - '193'
      content-type:
      - application/json
      date:
      - Mon, 11 Apr 2022 10:03:05 GMT
      expires:
      - '-1'
      pragma:
      - no-cache
      server:
      - Microsoft-IIS/10.0
      strict-transport-security:
      - max-age=31536000; includeSubDomains
      transfer-encoding:
      - chunked
      vary:
      - Accept-Encoding
      x-aspnet-version:
      - 4.0.30319
      x-content-type-options:
      - nosniff
      x-powered-by:
      - ASP.NET
    status:
      code: 200
      message: OK
- request:
    body: '{"properties": {"MACHINEKEY_DecryptionKey": "07CCC93EA86BD5AA5F09F43968DEF80030B831BE7954BA7DDDBD55306A23B167",
      "FUNCTIONS_WORKER_RUNTIME": "node", "FUNCTIONS_EXTENSION_VERSION": "~3", "AzureWebJobsStorage":
      "DefaultEndpointsProtocol=https;EndpointSuffix=core.windows.net;AccountName=clitest000002;AccountKey=veryFakedStorageAccountKey==",
      "APPINSIGHTS_INSTRUMENTATIONKEY": "ba7046a6-4915-4ee1-a50a-b6e6ccda9244"}}'
    headers:
      Accept:
      - application/json
      Accept-Encoding:
      - gzip, deflate
      CommandName:
      - functionapp config container delete
      Connection:
      - keep-alive
      Content-Length:
      - '414'
      Content-Type:
      - application/json
      ParameterSetName:
      - -g -n
      User-Agent:
      - AZURECLI/2.35.0 azsdk-python-azure-mgmt-web/6.1.0 Python/3.9.6 (Windows-10-10.0.19044-SP0)
    method: PUT
    uri: https://management.azure.com/subscriptions/00000000-0000-0000-0000-000000000000/resourceGroups/clitest.rg000001/providers/Microsoft.Web/sites/functionappacrtest000004/config/appsettings?api-version=2021-03-01
  response:
    body:
      string: '{"id":"/subscriptions/00000000-0000-0000-0000-000000000000/resourceGroups/clitest.rg000001/providers/Microsoft.Web/sites/functionappacrtest000004/config/appsettings","name":"appsettings","type":"Microsoft.Web/sites/config","location":"East
        US","properties":{"MACHINEKEY_DecryptionKey":"07CCC93EA86BD5AA5F09F43968DEF80030B831BE7954BA7DDDBD55306A23B167","FUNCTIONS_WORKER_RUNTIME":"node","FUNCTIONS_EXTENSION_VERSION":"~3","AzureWebJobsStorage":"DefaultEndpointsProtocol=https;EndpointSuffix=core.windows.net;AccountName=clitest000002;AccountKey=veryFakedStorageAccountKey==","APPINSIGHTS_INSTRUMENTATIONKEY":"ba7046a6-4915-4ee1-a50a-b6e6ccda9244"}}'
    headers:
      cache-control:
      - no-cache
      content-length:
      - '647'
      content-type:
      - application/json
      date:
      - Mon, 11 Apr 2022 10:03:06 GMT
      etag:
      - '"1D84D8B55CAA60B"'
      expires:
      - '-1'
      pragma:
      - no-cache
      server:
      - Microsoft-IIS/10.0
      strict-transport-security:
      - max-age=31536000; includeSubDomains
      transfer-encoding:
      - chunked
      vary:
      - Accept-Encoding
      x-aspnet-version:
      - 4.0.30319
      x-content-type-options:
      - nosniff
      x-ms-ratelimit-remaining-subscription-writes:
      - '1198'
      x-powered-by:
      - ASP.NET
    status:
      code: 200
      message: OK
- request:
    body: null
    headers:
      Accept:
      - application/json
      Accept-Encoding:
      - gzip, deflate
      CommandName:
      - functionapp config appsettings list
      Connection:
      - keep-alive
      Content-Length:
      - '0'
      ParameterSetName:
      - -g -n
      User-Agent:
      - AZURECLI/2.35.0 azsdk-python-azure-mgmt-web/6.1.0 Python/3.9.6 (Windows-10-10.0.19044-SP0)
    method: POST
    uri: https://management.azure.com/subscriptions/00000000-0000-0000-0000-000000000000/resourceGroups/clitest.rg000001/providers/Microsoft.Web/sites/functionappacrtest000004/config/appsettings/list?api-version=2021-03-01
  response:
    body:
      string: '{"id":"/subscriptions/00000000-0000-0000-0000-000000000000/resourceGroups/clitest.rg000001/providers/Microsoft.Web/sites/functionappacrtest000004/config/appsettings","name":"appsettings","type":"Microsoft.Web/sites/config","location":"East
        US","properties":{"MACHINEKEY_DecryptionKey":"07CCC93EA86BD5AA5F09F43968DEF80030B831BE7954BA7DDDBD55306A23B167","FUNCTIONS_WORKER_RUNTIME":"node","FUNCTIONS_EXTENSION_VERSION":"~3","AzureWebJobsStorage":"DefaultEndpointsProtocol=https;EndpointSuffix=core.windows.net;AccountName=clitest000002;AccountKey=veryFakedStorageAccountKey==","APPINSIGHTS_INSTRUMENTATIONKEY":"ba7046a6-4915-4ee1-a50a-b6e6ccda9244"}}'
    headers:
      cache-control:
      - no-cache
      content-length:
      - '647'
      content-type:
      - application/json
      date:
      - Mon, 11 Apr 2022 10:03:08 GMT
      expires:
      - '-1'
      pragma:
      - no-cache
      server:
      - Microsoft-IIS/10.0
      strict-transport-security:
      - max-age=31536000; includeSubDomains
      transfer-encoding:
      - chunked
      vary:
      - Accept-Encoding
      x-aspnet-version:
      - 4.0.30319
      x-content-type-options:
      - nosniff
      x-ms-ratelimit-remaining-subscription-resource-requests:
      - '11999'
      x-powered-by:
      - ASP.NET
    status:
      code: 200
      message: OK
- request:
    body: null
    headers:
      Accept:
      - application/json
      Accept-Encoding:
      - gzip, deflate
      CommandName:
      - functionapp config appsettings list
      Connection:
      - keep-alive
      ParameterSetName:
      - -g -n
      User-Agent:
      - AZURECLI/2.35.0 azsdk-python-azure-mgmt-web/6.1.0 Python/3.9.6 (Windows-10-10.0.19044-SP0)
    method: GET
    uri: https://management.azure.com/subscriptions/00000000-0000-0000-0000-000000000000/resourceGroups/clitest.rg000001/providers/Microsoft.Web/sites/functionappacrtest000004/config/slotConfigNames?api-version=2021-03-01
  response:
    body:
      string: '{"id":null,"name":"functionappacrtest000004","type":"Microsoft.Web/sites","location":"East
        US","properties":{"connectionStringNames":null,"appSettingNames":null,"azureStorageConfigNames":null}}'
    headers:
      cache-control:
      - no-cache
      content-length:
      - '193'
      content-type:
      - application/json
      date:
      - Mon, 11 Apr 2022 10:03:08 GMT
      expires:
      - '-1'
      pragma:
      - no-cache
      server:
      - Microsoft-IIS/10.0
      strict-transport-security:
      - max-age=31536000; includeSubDomains
      transfer-encoding:
      - chunked
      vary:
      - Accept-Encoding
      x-aspnet-version:
      - 4.0.30319
      x-content-type-options:
      - nosniff
      x-powered-by:
      - ASP.NET
    status:
      code: 200
      message: OK
- request:
    body: null
    headers:
      Accept:
      - application/json
      Accept-Encoding:
      - gzip, deflate
      CommandName:
      - functionapp delete
      Connection:
      - keep-alive
      Content-Length:
      - '0'
      ParameterSetName:
      - -g -n
      User-Agent:
      - AZURECLI/2.35.0 azsdk-python-azure-mgmt-web/6.1.0 Python/3.9.6 (Windows-10-10.0.19044-SP0)
    method: DELETE
    uri: https://management.azure.com/subscriptions/00000000-0000-0000-0000-000000000000/resourceGroups/clitest.rg000001/providers/Microsoft.Web/sites/functionappacrtest000004?api-version=2021-03-01
  response:
    body:
      string: ''
    headers:
      cache-control:
      - no-cache
      content-length:
      - '0'
      date:
      - Mon, 11 Apr 2022 10:03:31 GMT
      etag:
      - '"1D84D8B578A3D60"'
      expires:
      - '-1'
      pragma:
      - no-cache
      server:
      - Microsoft-IIS/10.0
      strict-transport-security:
      - max-age=31536000; includeSubDomains
      x-aspnet-version:
      - 4.0.30319
      x-content-type-options:
      - nosniff
      x-ms-ratelimit-remaining-subscription-deletes:
      - '14999'
      x-powered-by:
      - ASP.NET
    status:
      code: 200
      message: OK
version: 1
