interactions:
- request:
    body: '{"location": "francecentral", "properties": {"publicNetworkAccessForIngestion":
      "Enabled", "publicNetworkAccessForQuery": "Enabled", "retentionInDays": 30,
      "sku": {"name": "PerGB2018"}}}'
    headers:
      Accept:
      - application/json
      Accept-Encoding:
      - gzip, deflate
      CommandName:
      - monitor log-analytics workspace create
      Connection:
      - keep-alive
      Content-Length:
      - '186'
      Content-Type:
      - application/json
      ParameterSetName:
      - -g -n -l
      User-Agent:
      - AZURECLI/2.59.0 azsdk-python-core/1.28.0 Python/3.10.11 (Windows-10-10.0.19045-SP0)
    method: PUT
    uri: https://management.azure.com/subscriptions/00000000-0000-0000-0000-000000000000/resourcegroups/clitest.rg000001/providers/Microsoft.OperationalInsights/workspaces/existingworkspace000004?api-version=2023-09-01
  response:
    body:
      string: '{"properties":{"customerId":"ebcd8cd7-f3d1-41c2-a4f4-06aa7e24fd79","provisioningState":"Creating","sku":{"name":"PerGB2018","lastSkuUpdate":"2024-04-12T11:21:22.5872358Z"},"retentionInDays":30,"features":{"legacy":0,"searchVersion":1,"enableLogAccessUsingOnlyResourcePermissions":true},"workspaceCapping":{"dailyQuotaGb":-1.0,"quotaNextResetTime":"2024-04-13T05:00:00Z","dataIngestionStatus":"RespectQuota"},"publicNetworkAccessForIngestion":"Enabled","publicNetworkAccessForQuery":"Enabled","createdDate":"2024-04-12T11:21:22.5872358Z","modifiedDate":"2024-04-12T11:21:22.5872358Z"},"location":"francecentral","id":"/subscriptions/00000000-0000-0000-0000-000000000000/resourceGroups/clitest.rg000001/providers/Microsoft.OperationalInsights/workspaces/existingworkspace000004","name":"existingworkspace000004","type":"Microsoft.OperationalInsights/workspaces","etag":"\"2601a813-0000-0e00-0000-661919320000\""}'
    headers:
      access-control-allow-origin:
      - '*'
      api-supported-versions:
      - 2015-03-20, 2020-08-01, 2020-10-01, 2021-06-01, 2022-10-01, 2023-09-01
      cache-control:
      - no-cache
      content-length:
      - '910'
      content-type:
      - application/json; charset=utf-8
      date:
      - Fri, 12 Apr 2024 11:21:22 GMT
      expires:
      - '-1'
      location:
      - https://management.azure.com/subscriptions/00000000-0000-0000-0000-000000000000/resourceGroups/clitest.rg000001/providers/Microsoft.OperationalInsights/workspaces/existingworkspace000004?api-version=2023-09-01
      pragma:
      - no-cache
      request-context:
      - appId=cid-v1:e6336c63-aab2-45f0-996a-e5dbab2a1508
      strict-transport-security:
      - max-age=31536000; includeSubDomains
      x-cache:
      - CONFIG_NOCACHE
      x-content-type-options:
      - nosniff
      x-ms-ratelimit-remaining-subscription-writes:
      - '1199'
      x-msedge-ref:
      - 'Ref A: 39A670598027493BAC5C58F8AA27D122 Ref B: MAA201060516011 Ref C: 2024-04-12T11:21:21Z'
    status:
      code: 201
      message: Created
- request:
    body: null
    headers:
      Accept:
      - '*/*'
      Accept-Encoding:
      - gzip, deflate
      CommandName:
      - monitor log-analytics workspace create
      Connection:
      - keep-alive
      ParameterSetName:
      - -g -n -l
      User-Agent:
      - AZURECLI/2.59.0 azsdk-python-core/1.28.0 Python/3.10.11 (Windows-10-10.0.19045-SP0)
    method: GET
    uri: https://management.azure.com/subscriptions/00000000-0000-0000-0000-000000000000/resourceGroups/clitest.rg000001/providers/Microsoft.OperationalInsights/workspaces/existingworkspace000004?api-version=2023-09-01
  response:
    body:
      string: '{"properties":{"customerId":"ebcd8cd7-f3d1-41c2-a4f4-06aa7e24fd79","provisioningState":"Creating","sku":{"name":"PerGB2018","lastSkuUpdate":"2024-04-12T11:21:22.5872358Z"},"retentionInDays":30,"features":{"legacy":0,"searchVersion":1,"enableLogAccessUsingOnlyResourcePermissions":true},"workspaceCapping":{"dailyQuotaGb":-1.0,"quotaNextResetTime":"2024-04-13T05:00:00Z","dataIngestionStatus":"RespectQuota"},"publicNetworkAccessForIngestion":"Enabled","publicNetworkAccessForQuery":"Enabled","createdDate":"2024-04-12T11:21:22.5872358Z","modifiedDate":"2024-04-12T11:21:22.5872358Z"},"location":"francecentral","id":"/subscriptions/00000000-0000-0000-0000-000000000000/resourceGroups/clitest.rg000001/providers/Microsoft.OperationalInsights/workspaces/existingworkspace000004","name":"existingworkspace000004","type":"Microsoft.OperationalInsights/workspaces","etag":"\"2601a813-0000-0e00-0000-661919320000\""}'
    headers:
      access-control-allow-origin:
      - '*'
      api-supported-versions:
      - 2015-03-20, 2020-08-01, 2020-10-01, 2021-06-01, 2022-10-01, 2023-09-01
      cache-control:
      - no-cache
      content-length:
      - '910'
      content-type:
      - application/json; charset=utf-8
      date:
      - Fri, 12 Apr 2024 11:21:23 GMT
      expires:
      - '-1'
      pragma:
      - no-cache
      request-context:
      - appId=cid-v1:e6336c63-aab2-45f0-996a-e5dbab2a1508
      strict-transport-security:
      - max-age=31536000; includeSubDomains
      x-cache:
      - CONFIG_NOCACHE
      x-content-type-options:
      - nosniff
      x-msedge-ref:
      - 'Ref A: EE472F60E2AD4DF1B4042ACF202B89E2 Ref B: MAA201060516011 Ref C: 2024-04-12T11:21:23Z'
    status:
      code: 200
      message: OK
- request:
    body: '{"location": "francecentral", "kind": "web", "properties": {"Application_Type":
      "web", "Flow_Type": "Bluefield", "Request_Source": "rest", "IngestionMode":
      "ApplicationInsights"}}'
    headers:
      Accept:
      - application/json
      Accept-Encoding:
      - gzip, deflate
      CommandName:
      - monitor app-insights component create
      Connection:
      - keep-alive
      Content-Length:
      - '179'
      Content-Type:
      - application/json
      ParameterSetName:
      - --app --location --kind -g --application-type
      User-Agent:
      - AZURECLI/2.59.0 azsdk-python-core/1.28.0 Python/3.10.11 (Windows-10-10.0.19045-SP0)
    method: PUT
    uri: https://management.azure.com/subscriptions/00000000-0000-0000-0000-000000000000/resourceGroups/clitest.rg000001/providers/Microsoft.Insights/components/existingappinsights000005?api-version=2018-05-01-preview
  response:
    body:
      string: "{\r\n  \"id\": \"/subscriptions/00000000-0000-0000-0000-000000000000/resourceGroups/clitest.rg000001/providers/microsoft.insights/components/existingappinsights000005\"\
        ,\r\n  \"name\": \"existingappinsights000005\",\r\n  \"type\": \"microsoft.insights/components\"\
        ,\r\n  \"location\": \"francecentral\",\r\n  \"tags\": {},\r\n  \"kind\":\
        \ \"web\",\r\n  \"etag\": \"\\\"eb010b02-0000-0e00-0000-661919740000\\\"\"\
        ,\r\n  \"properties\": {\r\n    \"ApplicationId\": \"existingappinsights000005\"\
        ,\r\n    \"AppId\": \"ad587202-94d2-4a68-8e66-115fd7302e6f\",\r\n    \"Application_Type\"\
        : \"web\",\r\n    \"Flow_Type\": \"Bluefield\",\r\n    \"Request_Source\"\
        : \"rest\",\r\n    \"InstrumentationKey\": \"dc6b047f-0340-4a2c-96f2-fc4f4069f9b4\"\
        ,\r\n    \"ConnectionString\": \"InstrumentationKey=dc6b047f-0340-4a2c-96f2-fc4f4069f9b4;IngestionEndpoint=https://francecentral-0.in.applicationinsights.azure.com/;LiveEndpoint=https://francecentral.livediagnostics.monitor.azure.com/;ApplicationId=ad587202-94d2-4a68-8e66-115fd7302e6f\"\
        ,\r\n    \"Name\": \"existingappinsights000005\",\r\n    \"CreationDate\"\
        : \"2024-04-12T11:22:28.6288407+00:00\",\r\n    \"TenantId\": \"0b1f6471-1bf0-4dda-aec3-cb9272f09590\"\
        ,\r\n    \"provisioningState\": \"Succeeded\",\r\n    \"SamplingPercentage\"\
        : null,\r\n    \"RetentionInDays\": 90,\r\n    \"IngestionMode\": \"ApplicationInsights\"\
        ,\r\n    \"publicNetworkAccessForIngestion\": \"Enabled\",\r\n    \"publicNetworkAccessForQuery\"\
        : \"Enabled\",\r\n    \"Ver\": \"v2\"\r\n  }\r\n}"
    headers:
      access-control-expose-headers:
      - Request-Context
      cache-control:
      - no-cache
      content-length:
      - '1358'
      content-type:
      - application/json; charset=utf-8
      date:
      - Fri, 12 Apr 2024 11:22:28 GMT
      expires:
      - '-1'
      pragma:
      - no-cache
      request-context:
      - appId=cid-v1:0dd6a9c3-b728-41ca-aa78-7e1962e22331
      strict-transport-security:
      - max-age=31536000; includeSubDomains
      x-cache:
      - CONFIG_NOCACHE
      x-content-type-options:
      - nosniff
      x-ms-ratelimit-remaining-subscription-writes:
      - '1199'
      x-msedge-ref:
      - 'Ref A: 703F7A36D9FD4E45AC78913C2631E5FF Ref B: MAA201060516027 Ref C: 2024-04-12T11:22:25Z'
      x-powered-by:
      - ASP.NET
    status:
      code: 200
      message: OK
- request:
    body: null
    headers:
      Accept:
      - application/json
      Accept-Encoding:
      - gzip, deflate
      CommandName:
      - functionapp create
      Connection:
      - keep-alive
      ParameterSetName:
      - -g -n -c -s --app-insights --functions-version
      User-Agent:
      - AZURECLI/2.59.0 azsdk-python-core/1.28.0 Python/3.10.11 (Windows-10-10.0.19045-SP0)
    method: GET
    uri: https://management.azure.com/subscriptions/00000000-0000-0000-0000-000000000000/providers/Microsoft.Web/geoRegions?sku=Dynamic&api-version=2023-01-01
  response:
    body:
      string: '{"value":[{"id":"/subscriptions/00000000-0000-0000-0000-000000000000/providers/Microsoft.Web/geoRegions/East
        US","name":"East US","type":"Microsoft.Web/geoRegions","properties":{"name":"East
        US","description":"East US","sortOrder":0,"displayName":"East US","orgDomain":"ZONEREDUNDANCY;PUBLIC;DREAMSPARK;MSFTPUBLIC;FUNCTIONS;DYNAMIC;LINUX;DSERIES;FAKEORG;LINUXDSERIES;XENON;SFCONTAINERS;LINUXDYNAMIC;LINUXFREE;ELASTICLINUX;ELASTICPREMIUM;XENON;XENONV3;WINDOWSV3;LINUXV3;WINDOWSMV3;LINUXMV3;WINDOWSP0V3;LINUXP0V3;XENONMV3;FLEXCONSUMPTION;MANAGEDAPP","subDomains":"eastus-01.azurewebsites.net"}},{"id":"/subscriptions/00000000-0000-0000-0000-000000000000/providers/Microsoft.Web/geoRegions/North
        Europe","name":"North Europe","type":"Microsoft.Web/geoRegions","properties":{"name":"North
        Europe","description":null,"sortOrder":1,"displayName":"North Europe","orgDomain":"ZONEREDUNDANCY;PUBLIC;DREAMSPARK;MSFTPUBLIC;FUNCTIONS;DYNAMIC;LINUX;DSERIES;LINUXDSERIES;SFCONTAINERS;LINUXDYNAMIC;ELASTICPREMIUM;LINUXFREE;ELASTICLINUX;XENON;XENONV3;WINDOWSV3;LINUXV3;WINDOWSMV3;LINUXMV3;WINDOWSP0V3;LINUXP0V3;XENONMV3;FLEXCONSUMPTION;MANAGEDAPP","subDomains":"northeurope-01.azurewebsites.net"}},{"id":"/subscriptions/00000000-0000-0000-0000-000000000000/providers/Microsoft.Web/geoRegions/West
        Europe","name":"West Europe","type":"Microsoft.Web/geoRegions","properties":{"name":"West
        Europe","description":"West Europe","sortOrder":2,"displayName":"West Europe","orgDomain":"ZONEREDUNDANCY;PUBLIC;DREAMSPARK;MSFTPUBLIC;FUNCTIONS;DYNAMIC;LINUX;DSERIES;LINUXDSERIES;XENON;SFCONTAINERS;LINUXDYNAMIC;ELASTICPREMIUM;ELASTICLINUX;LINUXFREE;XENON;XENONV3;WINDOWSV3;LINUXV3;WINDOWSMV3;LINUXMV3;WINDOWSP0V3;LINUXP0V3;XENONMV3","subDomains":"westeurope-01.azurewebsites.net"}},{"id":"/subscriptions/00000000-0000-0000-0000-000000000000/providers/Microsoft.Web/geoRegions/Southeast
        Asia","name":"Southeast Asia","type":"Microsoft.Web/geoRegions","properties":{"name":"Southeast
        Asia","description":null,"sortOrder":3,"displayName":"Southeast Asia","orgDomain":"ZONEREDUNDANCY;PUBLIC;DREAMSPARK;MSFTPUBLIC;FUNCTIONS;DYNAMIC;LINUX;DSERIES;LINUXDSERIES;XENON;ELASTICPREMIUM;LINUXFREE;ELASTICLINUX;LINUXDYNAMIC;XENON;XENONV3;WINDOWSV3;LINUXV3;WINDOWSMV3;WINDOWSP0V3;LINUXP0V3;LINUXMV3;XENONMV3;FLEXCONSUMPTION","subDomains":"southeastasia-01.azurewebsites.net"}},{"id":"/subscriptions/00000000-0000-0000-0000-000000000000/providers/Microsoft.Web/geoRegions/East
        Asia","name":"East Asia","type":"Microsoft.Web/geoRegions","properties":{"name":"East
        Asia","description":"East Asia","sortOrder":4,"displayName":"East Asia","orgDomain":"ZONEREDUNDANCY;PUBLIC;DREAMSPARK;MSFTPUBLIC;FUNCTIONS;DYNAMIC;LINUX;DSERIES;LINUXDSERIES;SFCONTAINERS;LINUXDYNAMIC;ELASTICPREMIUM;LINUXFREE;ELASTICLINUX;XENON;XENONV3;WINDOWSV3;LINUXV3;WINDOWSP0V3;LINUXP0V3;WINDOWSMV3;LINUXMV3;FLEXCONSUMPTION;XENONMV3;MANAGEDAPP","subDomains":"eastasia-01.azurewebsites.net"}},{"id":"/subscriptions/00000000-0000-0000-0000-000000000000/providers/Microsoft.Web/geoRegions/West
        US","name":"West US","type":"Microsoft.Web/geoRegions","properties":{"name":"West
        US","description":"West US","sortOrder":5,"displayName":"West US","orgDomain":"PUBLIC;DREAMSPARK;MSFTPUBLIC;FUNCTIONS;DYNAMIC;LINUX;DSERIES;LINUXDSERIES;XENON;ELASTICPREMIUM;LINUXFREE;ELASTICLINUX;LINUXDYNAMIC;XENON;XENONV3;WINDOWSV3;LINUXV3;WINDOWSMV3;LINUXMV3;WINDOWSP0V3;LINUXP0V3;XENONMV3","subDomains":"westus-01.azurewebsites.net"}},{"id":"/subscriptions/00000000-0000-0000-0000-000000000000/providers/Microsoft.Web/geoRegions/Japan
        West","name":"Japan West","type":"Microsoft.Web/geoRegions","properties":{"name":"Japan
        West","description":null,"sortOrder":7,"displayName":"Japan West","orgDomain":"PUBLIC;DREAMSPARK;MSFTPUBLIC;FUNCTIONS;DYNAMIC;LINUX;XENON;DSERIES;LINUXDSERIES;ELASTICPREMIUM;LINUXFREE;ELASTICLINUX;LINUXDYNAMIC;WINDOWSV3;LINUXV3;WINDOWSP0V3;LINUXP0V3;LINUXMV3;WINDOWSMV3;XENONV3","subDomains":"japanwest-01.azurewebsites.net"}},{"id":"/subscriptions/00000000-0000-0000-0000-000000000000/providers/Microsoft.Web/geoRegions/Japan
        East","name":"Japan East","type":"Microsoft.Web/geoRegions","properties":{"name":"Japan
        East","description":"Japan East","sortOrder":8,"displayName":"Japan East","orgDomain":"ZONEREDUNDANCY;PUBLIC;DREAMSPARK;MSFTPUBLIC;FUNCTIONS;DYNAMIC;LINUX;DSERIES;LINUXDSERIES;LINUXFREE;ELASTICLINUX;ELASTICPREMIUM;LINUXDYNAMIC;XENON;XENONV3;WINDOWSV3;LINUXV3;WINDOWSP0V3;LINUXP0V3;LINUXMV3;WINDOWSMV3","subDomains":"japaneast-01.azurewebsites.net"}},{"id":"/subscriptions/00000000-0000-0000-0000-000000000000/providers/Microsoft.Web/geoRegions/East
        US 2","name":"East US 2","type":"Microsoft.Web/geoRegions","properties":{"name":"East
        US 2","description":null,"sortOrder":9,"displayName":"East US 2","orgDomain":"ZONEREDUNDANCY;PUBLIC;DREAMSPARK;MSFTPUBLIC;FUNCTIONS;DYNAMIC;DSERIES;LINUX;LINUXDSERIES;ELASTICPREMIUM;LINUXFREE;LINUXDYNAMIC;ELASTICLINUX;XENON;XENONV3;WINDOWSV3;LINUXV3;WINDOWSMV3;LINUXMV3;WINDOWSP0V3;LINUXP0V3;XENONMV3;FLEXCONSUMPTION","subDomains":"eastus2-01.azurewebsites.net"}},{"id":"/subscriptions/00000000-0000-0000-0000-000000000000/providers/Microsoft.Web/geoRegions/North
        Central US","name":"North Central US","type":"Microsoft.Web/geoRegions","properties":{"name":"North
        Central US","description":null,"sortOrder":10,"displayName":"North Central
        US","orgDomain":"PUBLIC;DREAMSPARK;MSFTPUBLIC;FUNCTIONS;DYNAMIC;LINUX;DSERIES;LINUXDSERIES;LINUXFREE;ELASTICPREMIUM;ELASTICLINUX;LINUXDYNAMIC;XENON;XENONV3;WINDOWSV3;LINUXV3;WINDOWSMV3;LINUXMV3;WINDOWSP0V3;LINUXP0V3;XENONMV3;MANAGEDAPP","subDomains":"northcentralus-01.azurewebsites.net"}},{"id":"/subscriptions/00000000-0000-0000-0000-000000000000/providers/Microsoft.Web/geoRegions/South
        Central US","name":"South Central US","type":"Microsoft.Web/geoRegions","properties":{"name":"South
        Central US","description":null,"sortOrder":11,"displayName":"South Central
        US","orgDomain":"ZONEREDUNDANCY;PUBLIC;DREAMSPARK;MSFTPUBLIC;FUNCTIONS;DYNAMIC;DSERIES;LINUX;LINUXDSERIES;ELASTICPREMIUM;LINUXFREE;LINUXDYNAMIC;ELASTICLINUX;XENON;XENONV3;WINDOWSV3;LINUXV3;WINDOWSMV3;LINUXMV3;WINDOWSP0V3;LINUXP0V3;XENONMV3;FLEXCONSUMPTION","subDomains":"southcentralus-01.azurewebsites.net"}},{"id":"/subscriptions/00000000-0000-0000-0000-000000000000/providers/Microsoft.Web/geoRegions/Brazil
        South","name":"Brazil South","type":"Microsoft.Web/geoRegions","properties":{"name":"Brazil
        South","description":"Brazil South","sortOrder":12,"displayName":"Brazil South","orgDomain":"ZONEREDUNDANCY;PUBLIC;DREAMSPARK;MSFTPUBLIC;FUNCTIONS;DYNAMIC;LINUX;DSERIES;LINUXDSERIES;LINUXFREE;ELASTICPREMIUM;LINUXDYNAMIC;ELASTICLINUX;XENON;XENONV3;WINDOWSV3;LINUXV3;LINUXMV3;LINUXP0V3;WINDOWSMV3;WINDOWSP0V3","subDomains":"brazilsouth-01.azurewebsites.net"}},{"id":"/subscriptions/00000000-0000-0000-0000-000000000000/providers/Microsoft.Web/geoRegions/Australia
        East","name":"Australia East","type":"Microsoft.Web/geoRegions","properties":{"name":"Australia
        East","description":null,"sortOrder":13,"displayName":"Australia East","orgDomain":"ZONEREDUNDANCY;PUBLIC;DREAMSPARK;MSFTPUBLIC;FUNCTIONS;DYNAMIC;LINUX;DSERIES;LINUXDSERIES;XENON;ELASTICPREMIUM;LINUXFREE;LINUXDYNAMIC;ELASTICLINUX;XENON;XENONV3;WINDOWSV3;LINUXV3;LINUXMV3;LINUXP0V3;WINDOWSMV3;WINDOWSP0V3;XENONMV3;FLEXCONSUMPTION","subDomains":"australiaeast-01.azurewebsites.net"}},{"id":"/subscriptions/00000000-0000-0000-0000-000000000000/providers/Microsoft.Web/geoRegions/Australia
        Southeast","name":"Australia Southeast","type":"Microsoft.Web/geoRegions","properties":{"name":"Australia
        Southeast","description":null,"sortOrder":14,"displayName":"Australia Southeast","orgDomain":"PUBLIC;DREAMSPARK;MSFTPUBLIC;FUNCTIONS;DYNAMIC;DSERIES;LINUX;LINUXDSERIES;ELASTICPREMIUM;LINUXFREE;ELASTICLINUX;XENON;XENONV3;WINDOWSV3;LINUXV3;LINUXDYNAMIC;WINDOWSMV3;LINUXMV3;LINUXP0V3;WINDOWSP0V3","subDomains":"australiasoutheast-01.azurewebsites.net"}},{"id":"/subscriptions/00000000-0000-0000-0000-000000000000/providers/Microsoft.Web/geoRegions/Central
        US","name":"Central US","type":"Microsoft.Web/geoRegions","properties":{"name":"Central
        US","description":null,"sortOrder":15,"displayName":"Central US","orgDomain":"ZONEREDUNDANCY;PUBLIC;DREAMSPARK;MSFTPUBLIC;FUNCTIONS;DYNAMIC;DSERIES;LINUX;LINUXDSERIES;ELASTICPREMIUM;LINUXFREE;LINUXDYNAMIC;ELASTICLINUX;XENON;XENONV3;WINDOWSV3;LINUXV3;WINDOWSMV3;LINUXMV3;WINDOWSP0V3;LINUXP0V3;XENONMV3;MANAGEDAPP","subDomains":"centralus-01.azurewebsites.net"}},{"id":"/subscriptions/00000000-0000-0000-0000-000000000000/providers/Microsoft.Web/geoRegions/East
        Asia (Stage)","name":"East Asia (Stage)","type":"Microsoft.Web/geoRegions","properties":{"name":"East
        Asia (Stage)","description":null,"sortOrder":2147483647,"displayName":"East
        Asia (Stage)","orgDomain":"ZONEREDUNDANCY;PUBLIC;DREAMSPARK;MSFTPUBLIC;FUNCTIONS;DYNAMIC;LINUX;DSERIES;LINUXDSERIES;SFCONTAINERS;LINUXDYNAMIC;ELASTICPREMIUM;LINUXFREE;ELASTICLINUX;XENON;XENONV3;WINDOWSV3;LINUXV3;WINDOWSP0V3;LINUXP0V3;WINDOWSMV3;LINUXMV3;XENONMV3","subDomains":null}},{"id":"/subscriptions/00000000-0000-0000-0000-000000000000/providers/Microsoft.Web/geoRegions/Central
        India","name":"Central India","type":"Microsoft.Web/geoRegions","properties":{"name":"Central
        India","description":"Central India","sortOrder":2147483647,"displayName":"Central
        India","orgDomain":"ZONEREDUNDANCY;PUBLIC;DREAMSPARK;MSFTPUBLIC;FUNCTIONS;DYNAMIC;LINUX;DSERIES;LINUXDSERIES;LINUXDYNAMIC;ELASTICPREMIUM;ELASTICLINUX;XENON;XENONV3;WINDOWSV3;LINUXV3;WINDOWSMV3;LINUXMV3;WINDOWSP0V3;LINUXP0V3;LINUXFREE","subDomains":"centralindia-01.azurewebsites.net"}},{"id":"/subscriptions/00000000-0000-0000-0000-000000000000/providers/Microsoft.Web/geoRegions/West
        India","name":"West India","type":"Microsoft.Web/geoRegions","properties":{"name":"West
        India","description":null,"sortOrder":2147483647,"displayName":"West India","orgDomain":"PUBLIC;DREAMSPARK;MSFTPUBLIC;FUNCTIONS;DYNAMIC;LINUX;DSERIES;LINUXDSERIES;ELASTICPREMIUM;LINUXDYNAMIC;ELASTICLINUX;LINUXFREE","subDomains":"westindia-01.azurewebsites.net"}},{"id":"/subscriptions/00000000-0000-0000-0000-000000000000/providers/Microsoft.Web/geoRegions/South
        India","name":"South India","type":"Microsoft.Web/geoRegions","properties":{"name":"South
        India","description":null,"sortOrder":2147483647,"displayName":"South India","orgDomain":"PUBLIC;DREAMSPARK;MSFTPUBLIC;FUNCTIONS;DYNAMIC;DSERIES;LINUX;LINUXDSERIES;ELASTICPREMIUM;LINUXFREE;ELASTICLINUX;XENON;XENONV3;WINDOWSV3;LINUXV3;LINUXDYNAMIC;WINDOWSP0V3;XENONMV3;WINDOWSMV3;LINUXMV3;LINUXP0V3","subDomains":"southindia-01.azurewebsites.net"}},{"id":"/subscriptions/00000000-0000-0000-0000-000000000000/providers/Microsoft.Web/geoRegions/Canada
        Central","name":"Canada Central","type":"Microsoft.Web/geoRegions","properties":{"name":"Canada
        Central","description":"Canada Central","sortOrder":2147483647,"displayName":"Canada
        Central","orgDomain":"ZONEREDUNDANCY;PUBLIC;DREAMSPARK;MSFTPUBLIC;FUNCTIONS;DYNAMIC;DSERIES;LINUX;LINUXDSERIES;ELASTICPREMIUM;LINUXFREE;ELASTICLINUX;XENON;XENONV3;WINDOWSV3;LINUXV3;LINUXDYNAMIC;WINDOWSMV3;WINDOWSP0V3;LINUXMV3;LINUXP0V3;XENONMV3","subDomains":"canadacentral-01.azurewebsites.net"}},{"id":"/subscriptions/00000000-0000-0000-0000-000000000000/providers/Microsoft.Web/geoRegions/Canada
        East","name":"Canada East","type":"Microsoft.Web/geoRegions","properties":{"name":"Canada
        East","description":"Canada East","sortOrder":2147483647,"displayName":"Canada
        East","orgDomain":"PUBLIC;DREAMSPARK;MSFTPUBLIC;FUNCTIONS;DYNAMIC;LINUX;DSERIES;LINUXDSERIES;LINUXDYNAMIC;ELASTICPREMIUM;ELASTICLINUX;WINDOWSV3;LINUXV3;XENONV3;WINDOWSMV3;LINUXMV3;WINDOWSP0V3;LINUXP0V3;LINUXFREE","subDomains":"canadaeast-01.azurewebsites.net"}},{"id":"/subscriptions/00000000-0000-0000-0000-000000000000/providers/Microsoft.Web/geoRegions/West
        Central US","name":"West Central US","type":"Microsoft.Web/geoRegions","properties":{"name":"West
        Central US","description":null,"sortOrder":2147483647,"displayName":"West
        Central US","orgDomain":"PUBLIC;FUNCTIONS;DYNAMIC;LINUX;DSERIES;LINUXDSERIES;ELASTICLINUX;ELASTICPREMIUM;MSFTPUBLIC;XENON;XENONV3;WINDOWSV3;LINUXV3;LINUXDYNAMIC;WINDOWSMV3;LINUXMV3;WINDOWSP0V3;LINUXP0V3;XENONMV3;LINUXFREE;MANAGEDAPP","subDomains":"westcentralus-01.azurewebsites.net"}},{"id":"/subscriptions/00000000-0000-0000-0000-000000000000/providers/Microsoft.Web/geoRegions/West
        US 2","name":"West US 2","type":"Microsoft.Web/geoRegions","properties":{"name":"West
        US 2","description":null,"sortOrder":2147483647,"displayName":"West US 2","orgDomain":"PUBLIC;DREAMSPARK;MSFTPUBLIC;FUNCTIONS;DYNAMIC;LINUX;DSERIES;LINUXDSERIES;LINUXFREE;LINUXDYNAMIC;ELASTICPREMIUM;ELASTICLINUX;XENON;XENONV3;WINDOWSV3;LINUXV3;WINDOWSMV3;LINUXMV3;WINDOWSP0V3;LINUXP0V3;ZONEREDUNDANCY;FLEXCONSUMPTION;XENONMV3;MANAGEDAPP","subDomains":"westus2-01.azurewebsites.net"}},{"id":"/subscriptions/00000000-0000-0000-0000-000000000000/providers/Microsoft.Web/geoRegions/UK
        West","name":"UK West","type":"Microsoft.Web/geoRegions","properties":{"name":"UK
        West","description":"UK West","sortOrder":2147483647,"displayName":"UK West","orgDomain":"PUBLIC;MSFTPUBLIC;FUNCTIONS;DYNAMIC;DSERIES;LINUX;LINUXDSERIES;ELASTICPREMIUM;LINUXDYNAMIC;ELASTICLINUX;XENON;XENONV3;WINDOWSV3;LINUXV3;WINDOWSMV3;WINDOWSP0V3;LINUXP0V3;LINUXMV3;LINUXFREE","subDomains":"ukwest-01.azurewebsites.net"}},{"id":"/subscriptions/00000000-0000-0000-0000-000000000000/providers/Microsoft.Web/geoRegions/UK
        South","name":"UK South","type":"Microsoft.Web/geoRegions","properties":{"name":"UK
        South","description":null,"sortOrder":2147483647,"displayName":"UK South","orgDomain":"ZONEREDUNDANCY;PUBLIC;MSFTPUBLIC;DYNAMIC;DSERIES;LINUX;LINUXDSERIES;LINUXFREE;LINUXDYNAMIC;ELASTICPREMIUM;ELASTICLINUX;XENON;XENONV3;WINDOWSV3;LINUXV3;WINDOWSMV3;LINUXMV3;WINDOWSP0V3;LINUXP0V3;XENONMV3;FLEXCONSUMPTION","subDomains":"uksouth-01.azurewebsites.net"}},{"id":"/subscriptions/00000000-0000-0000-0000-000000000000/providers/Microsoft.Web/geoRegions/East
        US 2 EUAP","name":"East US 2 EUAP","type":"Microsoft.Web/geoRegions","properties":{"name":"East
        US 2 EUAP","description":null,"sortOrder":2147483647,"displayName":"East US
        2 EUAP","orgDomain":"ZONEREDUNDANCY;EUAP;XENON;LINUXDSERIES;ELASTICPREMIUM;FUNCTIONS;DYNAMIC;LINUX;LINUXFREE;ELASTICLINUX;WINDOWSV3;XENONV3;LINUXV3;WINDOWSMV3;LINUXMV3;WINDOWSP0V3;LINUXP0V3;XENONMV3;LINUXDYNAMIC;DSERIES;FLEXCONSUMPTION;MANAGEDAPP","subDomains":"eastus2euap-01.azurewebsites.net"}},{"id":"/subscriptions/00000000-0000-0000-0000-000000000000/providers/Microsoft.Web/geoRegions/Central
        US EUAP","name":"Central US EUAP","type":"Microsoft.Web/geoRegions","properties":{"name":"Central
        US EUAP","description":null,"sortOrder":2147483647,"displayName":"Central
        US EUAP","orgDomain":"EUAP;LINUX;DSERIES;LINUXDSERIES;ELASTICPREMIUM;LINUXFREE;LINUXDYNAMIC;DYNAMIC;WINDOWSV3;ELASTICLINUX;WINDOWSP0V3;MANAGEDAPP","subDomains":"centraluseuap-01.azurewebsites.net"}},{"id":"/subscriptions/00000000-0000-0000-0000-000000000000/providers/Microsoft.Web/geoRegions/Korea
        South","name":"Korea South","type":"Microsoft.Web/geoRegions","properties":{"name":"Korea
        South","description":null,"sortOrder":2147483647,"displayName":"Korea South","orgDomain":"PUBLIC;DSERIES;LINUX;LINUXDSERIES;ELASTICPREMIUM;ELASTICLINUX;FUNCTIONS;DYNAMIC;MSFTPUBLIC;WINDOWSV3;LINUXV3;LINUXP0V3;LINUXFREE;WINDOWSP0V3","subDomains":"koreasouth-01.azurewebsites.net"}},{"id":"/subscriptions/00000000-0000-0000-0000-000000000000/providers/Microsoft.Web/geoRegions/Korea
        Central","name":"Korea Central","type":"Microsoft.Web/geoRegions","properties":{"name":"Korea
        Central","description":null,"sortOrder":2147483647,"displayName":"Korea Central","orgDomain":"ZONEREDUNDANCY;PUBLIC;DREAMSPARK;MSFTPUBLIC;FUNCTIONS;DYNAMIC;LINUX;LINUXDSERIES;ELASTICPREMIUM;LINUXFREE;DSERIES;LINUXDYNAMIC;ELASTICLINUX;XENON;XENONV3;WINDOWSV3;LINUXV3;WINDOWSP0V3;LINUXP0V3;LINUXMV3;WINDOWSMV3;XENONMV3","subDomains":"koreacentral-01.azurewebsites.net"}},{"id":"/subscriptions/00000000-0000-0000-0000-000000000000/providers/Microsoft.Web/geoRegions/France
        South","name":"France South","type":"Microsoft.Web/geoRegions","properties":{"name":"France
        South","description":null,"sortOrder":2147483647,"displayName":"France South","orgDomain":"PUBLIC;LINUX;LINUXDSERIES;DSERIES;MSFTPUBLIC;FUNCTIONS;DYNAMIC;ELASTICPREMIUM;ELASTICLINUX;LINUXDYNAMIC;XENONV3;WINDOWSV3;WINDOWSMV3;WINDOWSP0V3;LINUXFREE","subDomains":"francesouth-01.azurewebsites.net"}},{"id":"/subscriptions/00000000-0000-0000-0000-000000000000/providers/Microsoft.Web/geoRegions/France
        Central","name":"France Central","type":"Microsoft.Web/geoRegions","properties":{"name":"France
        Central","description":"France Central","sortOrder":2147483647,"displayName":"France
        Central","orgDomain":"ZONEREDUNDANCY;PUBLIC;MSFTPUBLIC;DSERIES;DYNAMIC;LINUX;LINUXDSERIES;ELASTICPREMIUM;LINUXFREE;LINUXDYNAMIC;ELASTICLINUX;XENON;XENONV3;WINDOWSV3;LINUXV3;WINDOWSP0V3;WINDOWSMV3;LINUXMV3;LINUXP0V3;XENONMV3","subDomains":"francecentral-01.azurewebsites.net"}},{"id":"/subscriptions/00000000-0000-0000-0000-000000000000/providers/Microsoft.Web/geoRegions/Australia
        Central 2","name":"Australia Central 2","type":"Microsoft.Web/geoRegions","properties":{"name":"Australia
        Central 2","description":null,"sortOrder":2147483647,"displayName":"Australia
        Central 2","orgDomain":"PUBLIC;FUNCTIONS;DYNAMIC;DSERIES;LINUX;LINUXDSERIES;LINUXFREE;ELASTICPREMIUM;MSFTPUBLIC;WINDOWSMV3;WINDOWSP0V3;LINUXDYNAMIC;WINDOWSV3;LINUXV3","subDomains":"australiacentral2-01.azurewebsites.net"}},{"id":"/subscriptions/00000000-0000-0000-0000-000000000000/providers/Microsoft.Web/geoRegions/Australia
        Central","name":"Australia Central","type":"Microsoft.Web/geoRegions","properties":{"name":"Australia
        Central","description":null,"sortOrder":2147483647,"displayName":"Australia
        Central","orgDomain":"PUBLIC;FUNCTIONS;DYNAMIC;DSERIES;LINUX;LINUXDSERIES;LINUXFREE;ELASTICPREMIUM;ELASTICLINUX;MSFTPUBLIC;WINDOWSV3;LINUXV3;LINUXMV3;LINUXP0V3;LINUXDYNAMIC;WINDOWSP0V3","subDomains":"australiacentral-01.azurewebsites.net"}},{"id":"/subscriptions/00000000-0000-0000-0000-000000000000/providers/Microsoft.Web/geoRegions/South
        Africa North","name":"South Africa North","type":"Microsoft.Web/geoRegions","properties":{"name":"South
        Africa North","description":null,"sortOrder":2147483647,"displayName":"South
        Africa North","orgDomain":"ZONEREDUNDANCY;PUBLIC;MSFTPUBLIC;FUNCTIONS;DYNAMIC;LINUX;LINUXDSERIES;DSERIES;ELASTICPREMIUM;ELASTICLINUX;XENON;XENONV3;WINDOWSV3;LINUXV3;LINUXDYNAMIC;WINDOWSMV3;LINUXMV3;WINDOWSP0V3;LINUXP0V3;LINUXFREE","subDomains":"southafricanorth-01.azurewebsites.net"}},{"id":"/subscriptions/00000000-0000-0000-0000-000000000000/providers/Microsoft.Web/geoRegions/South
        Africa West","name":"South Africa West","type":"Microsoft.Web/geoRegions","properties":{"name":"South
        Africa West","description":null,"sortOrder":2147483647,"displayName":"South
        Africa West","orgDomain":"PUBLIC;DSERIES;LINUX;LINUXDSERIES;ELASTICPREMIUM;ELASTICLINUX;FUNCTIONS;DYNAMIC;MSFTPUBLIC;WINDOWSMV3;WINDOWSP0V3;LINUXDYNAMIC;WINDOWSV3;LINUXV3","subDomains":"southafricawest-01.azurewebsites.net"}},{"id":"/subscriptions/00000000-0000-0000-0000-000000000000/providers/Microsoft.Web/geoRegions/Switzerland
        North","name":"Switzerland North","type":"Microsoft.Web/geoRegions","properties":{"name":"Switzerland
        North","description":null,"sortOrder":2147483647,"displayName":"Switzerland
        North","orgDomain":"ZONEREDUNDANCY;PUBLIC;DSERIES;LINUX;LINUXDSERIES;LINUXFREE;FUNCTIONS;DYNAMIC;LINUXDYNAMIC;ELASTICPREMIUM;ELASTICLINUX;XENON;XENONV3;WINDOWSV3;LINUXV3;MSFTPUBLIC;WINDOWSP0V3;LINUXP0V3;WINDOWSMV3;LINUXMV3;XENONMV3","subDomains":"switzerlandnorth-01.azurewebsites.net"}},{"id":"/subscriptions/00000000-0000-0000-0000-000000000000/providers/Microsoft.Web/geoRegions/Germany
        West Central","name":"Germany West Central","type":"Microsoft.Web/geoRegions","properties":{"name":"Germany
        West Central","description":null,"sortOrder":2147483647,"displayName":"Germany
        West Central","orgDomain":"ZONEREDUNDANCY;PUBLIC;DSERIES;LINUX;LINUXDSERIES;ELASTICPREMIUM;FUNCTIONS;DYNAMIC;ELASTICLINUX;LINUXDYNAMIC;XENON;XENONV3;WINDOWSV3;LINUXV3;MSFTPUBLIC;LINUXP0V3;WINDOWSMV3;WINDOWSP0V3;LINUXFREE;LINUXMV3;XENONMV3","subDomains":"germanywestcentral-01.azurewebsites.net"}},{"id":"/subscriptions/00000000-0000-0000-0000-000000000000/providers/Microsoft.Web/geoRegions/Germany
        North","name":"Germany North","type":"Microsoft.Web/geoRegions","properties":{"name":"Germany
        North","description":null,"sortOrder":2147483647,"displayName":"Germany North","orgDomain":"PUBLIC;DSERIES;LINUX;LINUXDSERIES;LINUXV3;ELASTICPREMIUM;ELASTICLINUX;FUNCTIONS;DYNAMIC;MSFTPUBLIC;LINUXMV3;LINUXP0V3;LINUXDYNAMIC;WINDOWSV3;WINDOWSMV3;WINDOWSP0V3;LINUXFREE","subDomains":"germanynorth-01.azurewebsites.net"}},{"id":"/subscriptions/00000000-0000-0000-0000-000000000000/providers/Microsoft.Web/geoRegions/Switzerland
        West","name":"Switzerland West","type":"Microsoft.Web/geoRegions","properties":{"name":"Switzerland
        West","description":null,"sortOrder":2147483647,"displayName":"Switzerland
        West","orgDomain":"PUBLIC;DSERIES;LINUX;LINUXDSERIES;LINUXFREE;FUNCTIONS;DYNAMIC;ELASTICPREMIUM;ELASTICLINUX;MSFTPUBLIC;WINDOWSP0V3;LINUXDYNAMIC;XENONV3;WINDOWSV3;LINUXV3","subDomains":"switzerlandwest-01.azurewebsites.net"}},{"id":"/subscriptions/00000000-0000-0000-0000-000000000000/providers/Microsoft.Web/geoRegions/UAE
        Central","name":"UAE Central","type":"Microsoft.Web/geoRegions","properties":{"name":"UAE
        Central","description":null,"sortOrder":2147483647,"displayName":"UAE Central","orgDomain":"PUBLIC;DSERIES;LINUX;LINUXDSERIES;LINUXFREE;MSFTPUBLIC;ELASTICPREMIUM;ELASTICLINUX;DYNAMIC;LINUXDYNAMIC","subDomains":"uaecentral-01.azurewebsites.net"}},{"id":"/subscriptions/00000000-0000-0000-0000-000000000000/providers/Microsoft.Web/geoRegions/UAE
        North","name":"UAE North","type":"Microsoft.Web/geoRegions","properties":{"name":"UAE
        North","description":"UAE North","sortOrder":2147483647,"displayName":"UAE
        North","orgDomain":"ZONEREDUNDANCY;PUBLIC;DSERIES;LINUX;LINUXDSERIES;LINUXFREE;FUNCTIONS;DYNAMIC;LINUXDYNAMIC;ELASTICPREMIUM;ELASTICLINUX;XENON;XENONV3;WINDOWSV3;LINUXV3;MSFTPUBLIC;WINDOWSMV3;LINUXMV3;WINDOWSP0V3;LINUXP0V3","subDomains":"uaenorth-01.azurewebsites.net"}},{"id":"/subscriptions/00000000-0000-0000-0000-000000000000/providers/Microsoft.Web/geoRegions/Norway
        West","name":"Norway West","type":"Microsoft.Web/geoRegions","properties":{"name":"Norway
        West","description":null,"sortOrder":2147483647,"displayName":"Norway West","orgDomain":"PUBLIC;DSERIES;MSFTPUBLIC;LINUX;LINUXDSERIES;FUNCTIONS;DYNAMIC;LINUXMV3;LINUXDYNAMIC;WINDOWSV3;WINDOWSP0V3;LINUXFREE","subDomains":"norwaywest-01.azurewebsites.net"}},{"id":"/subscriptions/00000000-0000-0000-0000-000000000000/providers/Microsoft.Web/geoRegions/Norway
        East","name":"Norway East","type":"Microsoft.Web/geoRegions","properties":{"name":"Norway
        East","description":null,"sortOrder":2147483647,"displayName":"Norway East","orgDomain":"ZONEREDUNDANCY;PUBLIC;LINUX;LINUXDSERIES;DSERIES;ELASTICLINUX;ELASTICPREMIUM;FUNCTIONS;DYNAMIC;XENON;XENONV3;WINDOWSV3;LINUXV3;MSFTPUBLIC;LINUXDYNAMIC;WINDOWSP0V3;LINUXP0V3;LINUXMV3;WINDOWSMV3;LINUXFREE;XENONMV3","subDomains":"norwayeast-01.azurewebsites.net"}},{"id":"/subscriptions/00000000-0000-0000-0000-000000000000/providers/Microsoft.Web/geoRegions/Brazil
        Southeast","name":"Brazil Southeast","type":"Microsoft.Web/geoRegions","properties":{"name":"Brazil
        Southeast","description":null,"sortOrder":2147483647,"displayName":"Brazil
        Southeast","orgDomain":"PUBLIC;LINUX;LINUXDSERIES;DSERIES;LINUXFREE;FUNCTIONS;DYNAMIC;MSFTPUBLIC;LINUXDYNAMIC;ELASTICPREMIUM;ELASTICLINUX","subDomains":"brazilsoutheast-01.azurewebsites.net"}},{"id":"/subscriptions/00000000-0000-0000-0000-000000000000/providers/Microsoft.Web/geoRegions/West
        US 3","name":"West US 3","type":"Microsoft.Web/geoRegions","properties":{"name":"West
        US 3","description":null,"sortOrder":2147483647,"displayName":"West US 3","orgDomain":"ZONEREDUNDANCY;PUBLIC;DSERIES;LINUX;LINUXDSERIES;XENON;XENONV3;WINDOWSV3;LINUXV3;ELASTICPREMIUM;ELASTICLINUX;FUNCTIONS;DYNAMIC;LINUXDYNAMIC;MSFTPUBLIC;LINUXMV3;LINUXP0V3;WINDOWSMV3;WINDOWSP0V3;LINUXFREE;XENONMV3;FLEXCONSUMPTION","subDomains":"westus3-01.azurewebsites.net"}},{"id":"/subscriptions/00000000-0000-0000-0000-000000000000/providers/Microsoft.Web/geoRegions/Jio
        India West","name":"Jio India West","type":"Microsoft.Web/geoRegions","properties":{"name":"Jio
        India West","description":null,"sortOrder":2147483647,"displayName":"Jio India
        West","orgDomain":"PUBLIC;DSERIES;LINUX;LINUXDSERIES;ELASTICPREMIUM;ELASTICLINUX;FUNCTIONS;DYNAMIC;LINUXDYNAMIC;MSFTPUBLIC;LINUXFREE;WINDOWSV3;LINUXV3;WINDOWSP0V3;LINUXP0V3","subDomains":"jioinw-01.azurewebsites.net"}},{"id":"/subscriptions/00000000-0000-0000-0000-000000000000/providers/Microsoft.Web/geoRegions/Jio
        India Central","name":"Jio India Central","type":"Microsoft.Web/geoRegions","properties":{"name":"Jio
        India Central","description":null,"sortOrder":2147483647,"displayName":"Jio
        India Central","orgDomain":"PUBLIC;DSERIES;LINUX;LINUXDSERIES;MSFTPUBLIC;DYNAMIC;FUNCTIONS;LINUXDYNAMIC;LINUXFREE;ELASTICLINUX","subDomains":"jioinc-01.azurewebsites.net"}},{"id":"/subscriptions/00000000-0000-0000-0000-000000000000/providers/Microsoft.Web/geoRegions/Sweden
        Central","name":"Sweden Central","type":"Microsoft.Web/geoRegions","properties":{"name":"Sweden
        Central","description":null,"sortOrder":2147483647,"displayName":"Sweden Central","orgDomain":"ZONEREDUNDANCY;PUBLIC;DSERIES;LINUX;LINUXDSERIES;XENON;XENONV3;WINDOWSV3;LINUXV3;ELASTICPREMIUM;ELASTICLINUX;FUNCTIONS;DYNAMIC;MSFTPUBLIC;LINUXDYNAMIC;WINDOWSMV3;LINUXMV3;WINDOWSP0V3;LINUXP0V3;LINUXFREE;FLEXCONSUMPTION","subDomains":"swedencentral-01.azurewebsites.net"}},{"id":"/subscriptions/00000000-0000-0000-0000-000000000000/providers/Microsoft.Web/geoRegions/Qatar
        Central","name":"Qatar Central","type":"Microsoft.Web/geoRegions","properties":{"name":"Qatar
        Central","description":null,"sortOrder":2147483647,"displayName":"Qatar Central","orgDomain":"ZONEREDUNDANCY;PUBLIC;LINUX;LINUXDSERIES;XENON;XENONV3;WINDOWSV3;LINUXV3;ELASTICPREMIUM;ELASTICLINUX;FUNCTIONS;DYNAMIC;MSFTPUBLIC;LINUXDYNAMIC;WINDOWSP0V3;LINUXP0V3;LINUXFREE;DSERIES","subDomains":"qatarcentral-01.azurewebsites.net"}},{"id":"/subscriptions/00000000-0000-0000-0000-000000000000/providers/Microsoft.Web/geoRegions/Sweden
        South","name":"Sweden South","type":"Microsoft.Web/geoRegions","properties":{"name":"Sweden
        South","description":null,"sortOrder":2147483647,"displayName":"Sweden South","orgDomain":"PUBLIC;DSERIES;LINUX;LINUXDSERIES;XENON;XENONV3;WINDOWSV3;LINUXV3;ELASTICPREMIUM;ELASTICLINUX;FUNCTIONS;DYNAMIC;MSFTPUBLIC;WINDOWSMV3;LINUXMV3;WINDOWSP0V3;LINUXP0V3;LINUXDYNAMIC;LINUXFREE","subDomains":"swedensouth-01.azurewebsites.net"}},{"id":"/subscriptions/00000000-0000-0000-0000-000000000000/providers/Microsoft.Web/geoRegions/Poland
        Central","name":"Poland Central","type":"Microsoft.Web/geoRegions","properties":{"name":"Poland
        Central","description":"Poland Central","sortOrder":2147483647,"displayName":"Poland
        Central","orgDomain":"ZONEREDUNDANCY;PUBLIC;DSERIES;LINUX;LINUXDSERIES;XENON;XENONV3;WINDOWSV3;LINUXV3;ELASTICPREMIUM;ELASTICLINUX;FUNCTIONS;DYNAMIC;MSFTPUBLIC;LINUXDYNAMIC;WINDOWSMV3;LINUXMV3;WINDOWSP0V3;LINUXP0V3;LINUXFREE","subDomains":"polandcentral-01.azurewebsites.net"}},{"id":"/subscriptions/00000000-0000-0000-0000-000000000000/providers/Microsoft.Web/geoRegions/Italy
        North","name":"Italy North","type":"Microsoft.Web/geoRegions","properties":{"name":"Italy
        North","description":"Italy North","sortOrder":2147483647,"displayName":"Italy
        North","orgDomain":"ZONEREDUNDANCY;PUBLIC;DSERIES;LINUX;LINUXDSERIES;XENON;XENONV3;WINDOWSV3;LINUXV3;ELASTICPREMIUM;ELASTICLINUX;FUNCTIONS;DYNAMIC;MSFTPUBLIC;WINDOWSMV3;LINUXMV3;LINUXDYNAMIC;XENONMV3;WINDOWSP0V3;LINUXP0V3;LINUXFREE","subDomains":"italynorth-01.azurewebsites.net"}},{"id":"/subscriptions/00000000-0000-0000-0000-000000000000/providers/Microsoft.Web/geoRegions/Israel
        Central","name":"Israel Central","type":"Microsoft.Web/geoRegions","properties":{"name":"Israel
        Central","description":null,"sortOrder":2147483647,"displayName":"Israel Central","orgDomain":"ZONEREDUNDANCY;PUBLIC;DSERIES;LINUX;LINUXDSERIES;XENON;XENONV3;WINDOWSV3;LINUXV3;ELASTICPREMIUM;ELASTICLINUX;FUNCTIONS;DYNAMIC;MSFTPUBLIC;LINUXDYNAMIC;XENONMV3;WINDOWSMV3;LINUXMV3;WINDOWSP0V3;LINUXP0V3;LINUXFREE","subDomains":"israelcentral-01.azurewebsites.net"}},{"id":"/subscriptions/00000000-0000-0000-0000-000000000000/providers/Microsoft.Web/geoRegions/Spain
        Central","name":"Spain Central","type":"Microsoft.Web/geoRegions","properties":{"name":"Spain
        Central","description":null,"sortOrder":2147483647,"displayName":"Spain Central","orgDomain":"ZONEREDUNDANCY;PUBLIC;DSERIES;LINUX;LINUXDSERIES;XENON;XENONV3;WINDOWSV3;LINUXV3;ELASTICPREMIUM;ELASTICLINUX;FUNCTIONS;DYNAMIC;MSFTPUBLIC;LINUXDYNAMIC;XENONMV3;WINDOWSMV3;LINUXMV3;WINDOWSP0V3;LINUXP0V3;LINUXFREE","subDomains":"spaincentral-01.azurewebsites.net"}},{"id":"/subscriptions/00000000-0000-0000-0000-000000000000/providers/Microsoft.Web/geoRegions/Mexico
        Central","name":"Mexico Central","type":"Microsoft.Web/geoRegions","properties":{"name":"Mexico
        Central","description":null,"sortOrder":2147483647,"displayName":"Mexico Central","orgDomain":"ZONEREDUNDANCY;PUBLIC;DSERIES;LINUX;LINUXDSERIES;XENON;XENONV3;WINDOWSV3;LINUXV3;ELASTICPREMIUM;ELASTICLINUX;FUNCTIONS;DYNAMIC;MSFTPUBLIC;LINUXDYNAMIC;XENONMV3;WINDOWSMV3;LINUXMV3;WINDOWSP0V3;LINUXP0V3;LINUXFREE","subDomains":"mexicocentral-01.azurewebsites.net"}},{"id":"/subscriptions/00000000-0000-0000-0000-000000000000/providers/Microsoft.Web/geoRegions/Taiwan
        North","name":"Taiwan North","type":"Microsoft.Web/geoRegions","properties":{"name":"Taiwan
        North","description":null,"sortOrder":2147483647,"displayName":"Taiwan North","orgDomain":"ZONEREDUNDANCY;PUBLIC;DSERIES;LINUX;LINUXDSERIES;XENON;XENONV3;WINDOWSV3;LINUXV3;ELASTICPREMIUM;ELASTICLINUX;FUNCTIONS;DYNAMIC;MSFTPUBLIC;LINUXDYNAMIC;XENONMV3;WINDOWSMV3;LINUXMV3;WINDOWSP0V3;LINUXP0V3;LINUXFREE","subDomains":"taiwannorth-01.azurewebsites.net"}},{"id":"/subscriptions/00000000-0000-0000-0000-000000000000/providers/Microsoft.Web/geoRegions/Taiwan
        Northwest","name":"Taiwan Northwest","type":"Microsoft.Web/geoRegions","properties":{"name":"Taiwan
        Northwest","description":null,"sortOrder":2147483647,"displayName":"Taiwan
        Northwest","orgDomain":"ZONEREDUNDANCY;PUBLIC;DSERIES;LINUX;LINUXDSERIES;XENON;XENONV3;WINDOWSV3;LINUXV3;ELASTICPREMIUM;ELASTICLINUX;FUNCTIONS;DYNAMIC;MSFTPUBLIC;LINUXDYNAMIC;XENONMV3;WINDOWSMV3;LINUXMV3;WINDOWSP0V3;LINUXP0V3;LINUXFREE","subDomains":"taiwannorthwest-01.azurewebsites.net"}}],"nextLink":null,"id":null}'
    headers:
      cache-control:
      - no-cache
      content-length:
      - '30668'
      content-type:
      - application/json
      date:
      - Fri, 12 Apr 2024 11:23:32 GMT
      expires:
      - '-1'
      pragma:
      - no-cache
      strict-transport-security:
      - max-age=31536000; includeSubDomains
      x-aspnet-version:
      - 4.0.30319
      x-cache:
      - CONFIG_NOCACHE
      x-content-type-options:
      - nosniff
      x-msedge-ref:
      - 'Ref A: 1843FF9435824782BC527F010CF0BED6 Ref B: MAA201060515033 Ref C: 2024-04-12T11:23:32Z'
      x-powered-by:
      - ASP.NET
    status:
      code: 200
      message: OK
- request:
    body: null
    headers:
      Accept:
      - application/json
      Accept-Encoding:
      - gzip, deflate
      CommandName:
      - functionapp create
      Connection:
      - keep-alive
      ParameterSetName:
      - -g -n -c -s --app-insights --functions-version
      User-Agent:
      - AZURECLI/2.59.0 azsdk-python-core/1.28.0 Python/3.10.11 (Windows-10-10.0.19045-SP0)
    method: GET
    uri: https://management.azure.com/providers/Microsoft.Web/functionAppStacks?api-version=2023-01-01
  response:
    body:
      string: '{"value":[{"id":null,"name":"dotnet","type":"Microsoft.Web/functionAppStacks?stackOsType=All","properties":{"displayText":".NET","value":"dotnet","preferredOs":"windows","majorVersions":[{"displayText":".NET
        8 Isolated","value":"dotnet8isolated","minorVersions":[{"displayText":".NET
        8 Isolated","value":"8 (LTS), isolated worker model","stackSettings":{"windowsRuntimeSettings":{"runtimeVersion":"v8.0","isHidden":false,"isDefault":true,"remoteDebuggingSupported":false,"appInsightsSettings":{"isSupported":true},"gitHubActionSettings":{"isSupported":true,"supportedVersion":"8.0.x"},"appSettingsDictionary":{"FUNCTIONS_WORKER_RUNTIME":"dotnet-isolated","WEBSITE_USE_PLACEHOLDER_DOTNETISOLATED":"1"},"siteConfigPropertiesDictionary":{"use32BitWorkerProcess":false,"netFrameworkVersion":"v8.0"},"supportedFunctionsExtensionVersions":["~4"],"supportedFunctionsExtensionVersionsInfo":[{"version":"~4","isDeprecated":false,"isDefault":true}],"endOfLifeDate":"2026-11-10T00:00:00Z"},"linuxRuntimeSettings":{"runtimeVersion":"DOTNET-ISOLATED|8.0","isHidden":false,"isDefault":true,"remoteDebuggingSupported":false,"appInsightsSettings":{"isSupported":true},"gitHubActionSettings":{"isSupported":true,"supportedVersion":"8.0.x"},"appSettingsDictionary":{"FUNCTIONS_WORKER_RUNTIME":"dotnet-isolated","WEBSITE_USE_PLACEHOLDER_DOTNETISOLATED":"1"},"siteConfigPropertiesDictionary":{"use32BitWorkerProcess":false,"linuxFxVersion":"DOTNET-ISOLATED|8.0"},"supportedFunctionsExtensionVersions":["~4"],"supportedFunctionsExtensionVersionsInfo":[{"version":"~4","isDeprecated":false,"isDefault":true}],"endOfLifeDate":"2026-11-10T00:00:00Z"}}}]},{"displayText":".NET
        7 Isolated","value":"dotnet7isolated","minorVersions":[{"displayText":".NET
        7 Isolated","value":"7 (STS), isolated worker model","stackSettings":{"windowsRuntimeSettings":{"runtimeVersion":"v7.0","remoteDebuggingSupported":false,"appInsightsSettings":{"isSupported":true},"gitHubActionSettings":{"isSupported":true,"supportedVersion":"7.0.x"},"appSettingsDictionary":{"FUNCTIONS_WORKER_RUNTIME":"dotnet-isolated","WEBSITE_USE_PLACEHOLDER_DOTNETISOLATED":"1"},"siteConfigPropertiesDictionary":{"use32BitWorkerProcess":false,"netFrameworkVersion":"v7.0"},"supportedFunctionsExtensionVersions":["~4"],"supportedFunctionsExtensionVersionsInfo":[{"version":"~4","isDeprecated":false,"isDefault":true}],"endOfLifeDate":"2024-05-14T00:00:00Z"},"linuxRuntimeSettings":{"runtimeVersion":"DOTNET-ISOLATED|7.0","remoteDebuggingSupported":false,"appInsightsSettings":{"isSupported":true},"gitHubActionSettings":{"isSupported":true,"supportedVersion":"7.0.x"},"appSettingsDictionary":{"FUNCTIONS_WORKER_RUNTIME":"dotnet-isolated","WEBSITE_USE_PLACEHOLDER_DOTNETISOLATED":"1"},"siteConfigPropertiesDictionary":{"use32BitWorkerProcess":false,"linuxFxVersion":"DOTNET-ISOLATED|7.0"},"supportedFunctionsExtensionVersions":["~4"],"supportedFunctionsExtensionVersionsInfo":[{"version":"~4","isDeprecated":false,"isDefault":true}],"endOfLifeDate":"2024-05-14T00:00:00Z"}}}]},{"displayText":".NET
        6 Isolated","value":"dotnet6isolated","minorVersions":[{"displayText":".NET
        6 (LTS) Isolated","value":"6 (LTS), isolated worker model","stackSettings":{"windowsRuntimeSettings":{"runtimeVersion":"v6.0","remoteDebuggingSupported":false,"appInsightsSettings":{"isSupported":true},"gitHubActionSettings":{"isSupported":true,"supportedVersion":"6.0.x"},"appSettingsDictionary":{"FUNCTIONS_WORKER_RUNTIME":"dotnet-isolated","WEBSITE_USE_PLACEHOLDER_DOTNETISOLATED":"1"},"siteConfigPropertiesDictionary":{"use32BitWorkerProcess":false,"netFrameworkVersion":"v6.0"},"supportedFunctionsExtensionVersions":["~4"],"supportedFunctionsExtensionVersionsInfo":[{"version":"~4","isDeprecated":false,"isDefault":true}],"endOfLifeDate":"2024-11-12T00:00:00Z"},"linuxRuntimeSettings":{"runtimeVersion":"DOTNET-ISOLATED|6.0","remoteDebuggingSupported":false,"appInsightsSettings":{"isSupported":true},"gitHubActionSettings":{"isSupported":true,"supportedVersion":"6.0.x"},"appSettingsDictionary":{"FUNCTIONS_WORKER_RUNTIME":"dotnet-isolated","WEBSITE_USE_PLACEHOLDER_DOTNETISOLATED":"1"},"siteConfigPropertiesDictionary":{"use32BitWorkerProcess":false,"linuxFxVersion":"DOTNET-ISOLATED|6.0"},"supportedFunctionsExtensionVersions":["~4"],"supportedFunctionsExtensionVersionsInfo":[{"version":"~4","isDeprecated":false,"isDefault":true}],"endOfLifeDate":"2024-11-12T00:00:00Z"}}}]},{"displayText":".NET
        Framework 4.8","value":"dotnetframework48","minorVersions":[{"displayText":".NET
        Framework 4.8","value":".NET Framework 4.8, isolated worker model","stackSettings":{"windowsRuntimeSettings":{"runtimeVersion":"v4.0","remoteDebuggingSupported":false,"appInsightsSettings":{"isSupported":true},"gitHubActionSettings":{"isSupported":true,"supportedVersion":"4.8.x"},"appSettingsDictionary":{"FUNCTIONS_WORKER_RUNTIME":"dotnet-isolated"},"siteConfigPropertiesDictionary":{"use32BitWorkerProcess":true,"netFrameworkVersion":"v4.0"},"supportedFunctionsExtensionVersions":["~4"],"supportedFunctionsExtensionVersionsInfo":[{"version":"~4","isDeprecated":false,"isDefault":true}]}}}]},{"displayText":".NET
        6 In-process","value":"dotnet6","minorVersions":[{"displayText":".NET 6 (LTS)
        In-process","value":"6 (LTS), in-process model","stackSettings":{"windowsRuntimeSettings":{"runtimeVersion":"v6.0","remoteDebuggingSupported":false,"appInsightsSettings":{"isSupported":true},"gitHubActionSettings":{"isSupported":true,"supportedVersion":"6.0.x"},"appSettingsDictionary":{"FUNCTIONS_WORKER_RUNTIME":"dotnet"},"siteConfigPropertiesDictionary":{"use32BitWorkerProcess":true,"netFrameworkVersion":"v6.0"},"supportedFunctionsExtensionVersions":["~4"],"supportedFunctionsExtensionVersionsInfo":[{"version":"~4","isDeprecated":false,"isDefault":true}],"endOfLifeDate":"2024-11-12T00:00:00Z"},"linuxRuntimeSettings":{"runtimeVersion":"DOTNET|6.0","remoteDebuggingSupported":false,"appInsightsSettings":{"isSupported":true},"gitHubActionSettings":{"isSupported":true,"supportedVersion":"6.0.x"},"appSettingsDictionary":{"FUNCTIONS_WORKER_RUNTIME":"dotnet"},"siteConfigPropertiesDictionary":{"use32BitWorkerProcess":true,"linuxFxVersion":"DOTNET|6.0"},"supportedFunctionsExtensionVersions":["~4"],"supportedFunctionsExtensionVersionsInfo":[{"version":"~4","isDeprecated":false,"isDefault":true}],"endOfLifeDate":"2024-11-12T00:00:00Z"}}}]},{"displayText":".NET
        5 (non-LTS)","value":"dotnet5","minorVersions":[{"displayText":".NET 5 (non-LTS)","value":"5
        (non-LTS)","stackSettings":{"windowsRuntimeSettings":{"runtimeVersion":"v5.0","isHidden":true,"remoteDebuggingSupported":false,"appInsightsSettings":{"isSupported":true},"gitHubActionSettings":{"isSupported":true,"supportedVersion":"5.0.x"},"appSettingsDictionary":{"FUNCTIONS_WORKER_RUNTIME":"dotnet-isolated"},"siteConfigPropertiesDictionary":{"use32BitWorkerProcess":true},"supportedFunctionsExtensionVersions":["~3"],"supportedFunctionsExtensionVersionsInfo":[{"version":"~3","isDeprecated":true,"isDefault":true}],"endOfLifeDate":"2022-05-08T00:00:00Z","isDeprecated":true},"linuxRuntimeSettings":{"runtimeVersion":"DOTNET-ISOLATED|5.0","isHidden":true,"remoteDebuggingSupported":false,"appInsightsSettings":{"isSupported":true},"gitHubActionSettings":{"isSupported":true,"supportedVersion":"5.0.x"},"appSettingsDictionary":{"FUNCTIONS_WORKER_RUNTIME":"dotnet-isolated"},"siteConfigPropertiesDictionary":{"use32BitWorkerProcess":true,"linuxFxVersion":"DOTNET-ISOLATED|5.0"},"supportedFunctionsExtensionVersions":["~3"],"supportedFunctionsExtensionVersionsInfo":[{"version":"~3","isDeprecated":true,"isDefault":true}],"endOfLifeDate":"2022-05-08T00:00:00Z","isDeprecated":true}}}]},{"displayText":".NET
        Core 3","value":"dotnetcore3","minorVersions":[{"displayText":".NET Core 3.1","value":"3.1","stackSettings":{"windowsRuntimeSettings":{"runtimeVersion":"3.1","appInsightsSettings":{"isSupported":true},"remoteDebuggingSupported":false,"gitHubActionSettings":{"isSupported":true,"supportedVersion":"3.1.301"},"appSettingsDictionary":{"FUNCTIONS_WORKER_RUNTIME":"dotnet"},"siteConfigPropertiesDictionary":{"use32BitWorkerProcess":true},"supportedFunctionsExtensionVersions":["~3"],"supportedFunctionsExtensionVersionsInfo":[{"version":"~3","isDeprecated":true,"isDefault":true}],"endOfLifeDate":"2022-12-03T00:00:00Z","isDeprecated":true},"linuxRuntimeSettings":{"runtimeVersion":"dotnet|3.1","appInsightsSettings":{"isSupported":true},"remoteDebuggingSupported":false,"gitHubActionSettings":{"isSupported":true,"supportedVersion":"3.1.301"},"appSettingsDictionary":{"FUNCTIONS_WORKER_RUNTIME":"dotnet"},"siteConfigPropertiesDictionary":{"use32BitWorkerProcess":false,"linuxFxVersion":"dotnet|3.1"},"supportedFunctionsExtensionVersions":["~3"],"supportedFunctionsExtensionVersionsInfo":[{"version":"~3","isDeprecated":true,"isDefault":true}],"endOfLifeDate":"2022-12-03T00:00:00Z","isDeprecated":true}}}]},{"displayText":".NET
        Core 2","value":"dotnetcore2","minorVersions":[{"displayText":".NET Core 2.2","value":"2.2","stackSettings":{"windowsRuntimeSettings":{"runtimeVersion":"2.2","appInsightsSettings":{"isSupported":true},"remoteDebuggingSupported":false,"gitHubActionSettings":{"isSupported":true,"supportedVersion":"2.2.207"},"appSettingsDictionary":{"FUNCTIONS_WORKER_RUNTIME":"dotnet"},"siteConfigPropertiesDictionary":{"use32BitWorkerProcess":true},"supportedFunctionsExtensionVersions":["~2"],"supportedFunctionsExtensionVersionsInfo":[{"version":"~2","isDeprecated":true,"isDefault":true}]},"linuxRuntimeSettings":{"runtimeVersion":"dotnet|2.2","appInsightsSettings":{"isSupported":true},"remoteDebuggingSupported":false,"gitHubActionSettings":{"isSupported":true,"supportedVersion":"2.2.207"},"appSettingsDictionary":{"FUNCTIONS_WORKER_RUNTIME":"dotnet"},"siteConfigPropertiesDictionary":{"use32BitWorkerProcess":false,"linuxFxVersion":"dotnet|2.2"},"supportedFunctionsExtensionVersions":["~2"],"supportedFunctionsExtensionVersionsInfo":[{"version":"~2","isDeprecated":true,"isDefault":true}]}}}]},{"displayText":".NET
        Framework 4","value":"dotnetframework4","minorVersions":[{"displayText":".NET
        Framework 4.7","value":"4.7","stackSettings":{"windowsRuntimeSettings":{"runtimeVersion":"4.7","remoteDebuggingSupported":false,"appInsightsSettings":{"isSupported":true},"gitHubActionSettings":{"isSupported":false},"appSettingsDictionary":{},"siteConfigPropertiesDictionary":{"use32BitWorkerProcess":true},"supportedFunctionsExtensionVersions":["~1"],"supportedFunctionsExtensionVersionsInfo":[{"version":"~1","isDeprecated":true,"isDefault":true}]}}}]}]}},{"id":null,"name":"node","type":"Microsoft.Web/functionAppStacks?stackOsType=All","properties":{"displayText":"Node.js","value":"node","preferredOs":"windows","majorVersions":[{"displayText":"Node.js
        20","value":"20","minorVersions":[{"displayText":"Node.js 20 LTS","value":"20
        LTS","stackSettings":{"windowsRuntimeSettings":{"runtimeVersion":"~20","isDefault":true,"remoteDebuggingSupported":false,"appInsightsSettings":{"isSupported":true},"gitHubActionSettings":{"isSupported":true,"supportedVersion":"20.x"},"appSettingsDictionary":{"FUNCTIONS_WORKER_RUNTIME":"node","WEBSITE_NODE_DEFAULT_VERSION":"~20"},"siteConfigPropertiesDictionary":{"use32BitWorkerProcess":true,"netFrameworkVersion":"v6.0"},"supportedFunctionsExtensionVersions":["~4"],"supportedFunctionsExtensionVersionsInfo":[{"version":"~4","isDeprecated":false,"isDefault":true}],"endOfLifeDate":"2026-05-30T00:00:00Z"},"linuxRuntimeSettings":{"runtimeVersion":"Node|20","isDefault":true,"remoteDebuggingSupported":false,"appInsightsSettings":{"isSupported":true},"gitHubActionSettings":{"isSupported":true,"supportedVersion":"20.x"},"appSettingsDictionary":{"FUNCTIONS_WORKER_RUNTIME":"node"},"siteConfigPropertiesDictionary":{"use32BitWorkerProcess":false,"linuxFxVersion":"Node|20"},"supportedFunctionsExtensionVersions":["~4"],"supportedFunctionsExtensionVersionsInfo":[{"version":"~4","isDeprecated":false,"isDefault":true}],"endOfLifeDate":"2026-05-30T00:00:00Z"}}}]},{"displayText":"Node.js
        18","value":"18","minorVersions":[{"displayText":"Node.js 18 LTS","value":"18
        LTS","stackSettings":{"windowsRuntimeSettings":{"runtimeVersion":"~18","remoteDebuggingSupported":false,"appInsightsSettings":{"isSupported":true},"gitHubActionSettings":{"isSupported":true,"supportedVersion":"18.x"},"appSettingsDictionary":{"FUNCTIONS_WORKER_RUNTIME":"node","WEBSITE_NODE_DEFAULT_VERSION":"~18"},"siteConfigPropertiesDictionary":{"use32BitWorkerProcess":true,"netFrameworkVersion":"v6.0"},"supportedFunctionsExtensionVersions":["~4"],"supportedFunctionsExtensionVersionsInfo":[{"version":"~4","isDeprecated":false,"isDefault":true}],"endOfLifeDate":"2025-04-30T00:00:00Z"},"linuxRuntimeSettings":{"runtimeVersion":"Node|18","remoteDebuggingSupported":false,"appInsightsSettings":{"isSupported":true},"gitHubActionSettings":{"isSupported":true,"supportedVersion":"18.x"},"appSettingsDictionary":{"FUNCTIONS_WORKER_RUNTIME":"node"},"siteConfigPropertiesDictionary":{"use32BitWorkerProcess":false,"linuxFxVersion":"Node|18"},"supportedFunctionsExtensionVersions":["~4"],"supportedFunctionsExtensionVersionsInfo":[{"version":"~4","isDeprecated":false,"isDefault":true}],"endOfLifeDate":"2025-04-30T00:00:00Z"}}}]},{"displayText":"Node.js
        16","value":"16","minorVersions":[{"displayText":"Node.js 16 LTS","value":"16
        LTS","stackSettings":{"windowsRuntimeSettings":{"runtimeVersion":"~16","isPreview":false,"remoteDebuggingSupported":false,"appInsightsSettings":{"isSupported":true},"gitHubActionSettings":{"isSupported":true,"supportedVersion":"16.x"},"appSettingsDictionary":{"FUNCTIONS_WORKER_RUNTIME":"node","WEBSITE_NODE_DEFAULT_VERSION":"~16"},"siteConfigPropertiesDictionary":{"use32BitWorkerProcess":true,"netFrameworkVersion":"v6.0"},"supportedFunctionsExtensionVersions":["~4"],"supportedFunctionsExtensionVersionsInfo":[{"version":"~4","isDeprecated":false,"isDefault":true}],"endOfLifeDate":"2024-06-30T00:00:00Z"},"linuxRuntimeSettings":{"runtimeVersion":"Node|16","isPreview":false,"remoteDebuggingSupported":false,"appInsightsSettings":{"isSupported":true},"gitHubActionSettings":{"isSupported":true,"supportedVersion":"16.x"},"appSettingsDictionary":{"FUNCTIONS_WORKER_RUNTIME":"node"},"siteConfigPropertiesDictionary":{"use32BitWorkerProcess":false,"linuxFxVersion":"Node|16"},"supportedFunctionsExtensionVersions":["~4"],"supportedFunctionsExtensionVersionsInfo":[{"version":"~4","isDeprecated":false,"isDefault":true}],"endOfLifeDate":"2024-06-30T00:00:00Z"}}}]},{"displayText":"Node.js
        14","value":"14","minorVersions":[{"displayText":"Node.js 14 LTS","value":"14
        LTS","stackSettings":{"windowsRuntimeSettings":{"runtimeVersion":"~14","remoteDebuggingSupported":false,"appInsightsSettings":{"isSupported":true},"gitHubActionSettings":{"isSupported":true,"supportedVersion":"14.x"},"appSettingsDictionary":{"FUNCTIONS_WORKER_RUNTIME":"node","WEBSITE_NODE_DEFAULT_VERSION":"~14"},"siteConfigPropertiesDictionary":{"use32BitWorkerProcess":true,"netFrameworkVersion":"v6.0"},"supportedFunctionsExtensionVersions":["~4","~3"],"supportedFunctionsExtensionVersionsInfo":[{"version":"~4","isDeprecated":false,"isDefault":true},{"version":"~3","isDeprecated":true,"isDefault":false}],"endOfLifeDate":"2023-04-30T00:00:00Z"},"linuxRuntimeSettings":{"runtimeVersion":"Node|14","remoteDebuggingSupported":false,"appInsightsSettings":{"isSupported":true},"gitHubActionSettings":{"isSupported":true,"supportedVersion":"14.x"},"appSettingsDictionary":{"FUNCTIONS_WORKER_RUNTIME":"node"},"siteConfigPropertiesDictionary":{"use32BitWorkerProcess":false,"linuxFxVersion":"Node|14"},"supportedFunctionsExtensionVersions":["~4","~3"],"supportedFunctionsExtensionVersionsInfo":[{"version":"~4","isDeprecated":false,"isDefault":true},{"version":"~3","isDeprecated":true,"isDefault":false}],"endOfLifeDate":"2023-04-30T00:00:00Z"}}}]},{"displayText":"Node.js
        12","value":"12","minorVersions":[{"displayText":"Node.js 12 LTS","value":"12
        LTS","stackSettings":{"windowsRuntimeSettings":{"runtimeVersion":"~12","isDeprecated":true,"remoteDebuggingSupported":false,"appInsightsSettings":{"isSupported":true},"gitHubActionSettings":{"isSupported":true,"supportedVersion":"12.x"},"appSettingsDictionary":{"FUNCTIONS_WORKER_RUNTIME":"node","WEBSITE_NODE_DEFAULT_VERSION":"~12"},"siteConfigPropertiesDictionary":{"use32BitWorkerProcess":true},"supportedFunctionsExtensionVersions":["~3"],"supportedFunctionsExtensionVersionsInfo":[{"version":"~3","isDeprecated":true,"isDefault":true}],"endOfLifeDate":"2022-12-13T00:00:00Z"},"linuxRuntimeSettings":{"runtimeVersion":"Node|12","isDeprecated":true,"remoteDebuggingSupported":false,"appInsightsSettings":{"isSupported":true},"gitHubActionSettings":{"isSupported":true,"supportedVersion":"12.x"},"appSettingsDictionary":{"FUNCTIONS_WORKER_RUNTIME":"node"},"siteConfigPropertiesDictionary":{"use32BitWorkerProcess":false,"linuxFxVersion":"Node|12"},"supportedFunctionsExtensionVersions":["~3"],"supportedFunctionsExtensionVersionsInfo":[{"version":"~3","isDeprecated":true,"isDefault":true}],"endOfLifeDate":"2022-12-13T00:00:00Z"}}}]},{"displayText":"Node.js
        10","value":"10","minorVersions":[{"displayText":"Node.js 10 LTS","value":"10
        LTS","stackSettings":{"windowsRuntimeSettings":{"runtimeVersion":"~10","isDeprecated":true,"remoteDebuggingSupported":false,"appInsightsSettings":{"isSupported":true},"gitHubActionSettings":{"isSupported":true,"supportedVersion":"10.x"},"appSettingsDictionary":{"FUNCTIONS_WORKER_RUNTIME":"node","WEBSITE_NODE_DEFAULT_VERSION":"~10"},"siteConfigPropertiesDictionary":{"use32BitWorkerProcess":true},"supportedFunctionsExtensionVersions":["~2","~3"],"supportedFunctionsExtensionVersionsInfo":[{"version":"~2","isDeprecated":true,"isDefault":true},{"version":"~3","isDeprecated":true,"isDefault":false}],"endOfLifeDate":"2021-04-30T00:00:00Z"},"linuxRuntimeSettings":{"runtimeVersion":"Node|10","isDeprecated":true,"remoteDebuggingSupported":false,"appInsightsSettings":{"isSupported":true},"gitHubActionSettings":{"isSupported":true,"supportedVersion":"10.x"},"appSettingsDictionary":{"FUNCTIONS_WORKER_RUNTIME":"node"},"siteConfigPropertiesDictionary":{"use32BitWorkerProcess":false,"linuxFxVersion":"Node|10"},"supportedFunctionsExtensionVersions":["~2","~3"],"supportedFunctionsExtensionVersionsInfo":[{"version":"~2","isDeprecated":true,"isDefault":true},{"version":"~3","isDeprecated":true,"isDefault":false}],"endOfLifeDate":"2021-04-30T00:00:00Z"}}}]},{"displayText":"Node.js
        8","value":"8","minorVersions":[{"displayText":"Node.js 8 LTS","value":"8
        LTS","stackSettings":{"windowsRuntimeSettings":{"runtimeVersion":"~8","remoteDebuggingSupported":false,"appInsightsSettings":{"isSupported":true},"gitHubActionSettings":{"isSupported":true,"supportedVersion":"8.x"},"appSettingsDictionary":{"FUNCTIONS_WORKER_RUNTIME":"node","WEBSITE_NODE_DEFAULT_VERSION":"~8"},"siteConfigPropertiesDictionary":{"use32BitWorkerProcess":true},"supportedFunctionsExtensionVersions":["~2"],"supportedFunctionsExtensionVersionsInfo":[{"version":"~2","isDeprecated":true,"isDefault":true}],"endOfLifeDate":"2019-12-31T00:00:00Z"}}}]},{"displayText":"Node.js
        6","value":"6","minorVersions":[{"displayText":"Node.js 6 LTS","value":"6
        LTS","stackSettings":{"windowsRuntimeSettings":{"runtimeVersion":"~6","remoteDebuggingSupported":false,"appInsightsSettings":{"isSupported":true},"gitHubActionSettings":{"isSupported":false},"appSettingsDictionary":{"WEBSITE_NODE_DEFAULT_VERSION":"~6"},"siteConfigPropertiesDictionary":{"use32BitWorkerProcess":true},"supportedFunctionsExtensionVersions":["~1"],"supportedFunctionsExtensionVersionsInfo":[{"version":"~1","isDeprecated":true,"isDefault":true}],"endOfLifeDate":"2019-04-30T00:00:00Z"}}}]}]}},{"id":null,"name":"python","type":"Microsoft.Web/functionAppStacks?stackOsType=All","properties":{"displayText":"Python","value":"python","preferredOs":"linux","majorVersions":[{"displayText":"Python
        3","value":"3","minorVersions":[{"displayText":"Python 3.11","value":"3.11","stackSettings":{"linuxRuntimeSettings":{"runtimeVersion":"Python|3.11","remoteDebuggingSupported":false,"isPreview":false,"isDefault":true,"isHidden":false,"appInsightsSettings":{"isSupported":true},"gitHubActionSettings":{"isSupported":true,"supportedVersion":"3.11"},"appSettingsDictionary":{"FUNCTIONS_WORKER_RUNTIME":"python"},"siteConfigPropertiesDictionary":{"use32BitWorkerProcess":false,"linuxFxVersion":"Python|3.11"},"supportedFunctionsExtensionVersions":["~4"],"supportedFunctionsExtensionVersionsInfo":[{"version":"~4","isDeprecated":false,"isDefault":true}],"endOfLifeDate":"2027-10-31T00:00:00Z"}}},{"displayText":"Python
        3.10","value":"3.10","stackSettings":{"linuxRuntimeSettings":{"runtimeVersion":"Python|3.10","remoteDebuggingSupported":false,"isPreview":false,"isDefault":true,"isHidden":false,"appInsightsSettings":{"isSupported":true},"gitHubActionSettings":{"isSupported":true,"supportedVersion":"3.10"},"appSettingsDictionary":{"FUNCTIONS_WORKER_RUNTIME":"python"},"siteConfigPropertiesDictionary":{"use32BitWorkerProcess":false,"linuxFxVersion":"Python|3.10"},"supportedFunctionsExtensionVersions":["~4"],"supportedFunctionsExtensionVersionsInfo":[{"version":"~4","isDeprecated":false,"isDefault":true}],"endOfLifeDate":"2026-10-31T00:00:00Z"}}},{"displayText":"Python
        3.9","value":"3.9","stackSettings":{"linuxRuntimeSettings":{"runtimeVersion":"Python|3.9","remoteDebuggingSupported":false,"isPreview":false,"isDefault":false,"appInsightsSettings":{"isSupported":true},"gitHubActionSettings":{"isSupported":true,"supportedVersion":"3.9"},"appSettingsDictionary":{"FUNCTIONS_WORKER_RUNTIME":"python"},"siteConfigPropertiesDictionary":{"use32BitWorkerProcess":false,"linuxFxVersion":"Python|3.9"},"supportedFunctionsExtensionVersions":["~4","~3"],"supportedFunctionsExtensionVersionsInfo":[{"version":"~4","isDeprecated":false,"isDefault":true},{"version":"~3","isDeprecated":true,"isDefault":false}],"endOfLifeDate":"2025-10-31T00:00:00Z"}}},{"displayText":"Python
        3.8","value":"3.8","stackSettings":{"linuxRuntimeSettings":{"runtimeVersion":"Python|3.8","remoteDebuggingSupported":false,"appInsightsSettings":{"isSupported":true},"gitHubActionSettings":{"isSupported":true,"supportedVersion":"3.8"},"appSettingsDictionary":{"FUNCTIONS_WORKER_RUNTIME":"python"},"siteConfigPropertiesDictionary":{"use32BitWorkerProcess":false,"linuxFxVersion":"Python|3.8"},"supportedFunctionsExtensionVersions":["~4","~3"],"supportedFunctionsExtensionVersionsInfo":[{"version":"~4","isDeprecated":false,"isDefault":true},{"version":"~3","isDeprecated":true,"isDefault":false}],"endOfLifeDate":"2024-10-31T00:00:00Z"}}},{"displayText":"Python
        3.7","value":"3.7","stackSettings":{"linuxRuntimeSettings":{"runtimeVersion":"Python|3.7","remoteDebuggingSupported":false,"appInsightsSettings":{"isSupported":true},"gitHubActionSettings":{"isSupported":true,"supportedVersion":"3.7"},"appSettingsDictionary":{"FUNCTIONS_WORKER_RUNTIME":"python"},"siteConfigPropertiesDictionary":{"use32BitWorkerProcess":false,"linuxFxVersion":"Python|3.7"},"supportedFunctionsExtensionVersions":["~4","~3","~2"],"supportedFunctionsExtensionVersionsInfo":[{"version":"~4","isDeprecated":false,"isDefault":true},{"version":"~3","isDeprecated":true,"isDefault":false},{"version":"~2","isDeprecated":true,"isDefault":false}],"endOfLifeDate":"2023-06-30T00:00:00Z"}}},{"displayText":"Python
        3.6","value":"3.6","stackSettings":{"linuxRuntimeSettings":{"runtimeVersion":"Python|3.6","isDeprecated":true,"remoteDebuggingSupported":false,"appInsightsSettings":{"isSupported":true},"gitHubActionSettings":{"isSupported":true,"supportedVersion":"3.6"},"appSettingsDictionary":{"FUNCTIONS_WORKER_RUNTIME":"python"},"siteConfigPropertiesDictionary":{"use32BitWorkerProcess":false,"linuxFxVersion":"Python|3.6"},"supportedFunctionsExtensionVersions":["~2","~3"],"supportedFunctionsExtensionVersionsInfo":[{"version":"~2","isDeprecated":true,"isDefault":true},{"version":"~3","isDeprecated":true,"isDefault":false}],"endOfLifeDate":"2022-09-30T00:00:00Z"}}}]}]}},{"id":null,"name":"java","type":"Microsoft.Web/functionAppStacks?stackOsType=All","properties":{"displayText":"Java","value":"java","preferredOs":"windows","majorVersions":[{"displayText":"Java
        21","value":"21","minorVersions":[{"displayText":"Java 21","value":"21.0","stackSettings":{"windowsRuntimeSettings":{"runtimeVersion":"21","isPreview":true,"isHidden":true,"isAutoUpdate":true,"isDefault":false,"remoteDebuggingSupported":false,"appInsightsSettings":{"isSupported":true},"gitHubActionSettings":{"isSupported":true,"supportedVersion":"21"},"appSettingsDictionary":{"FUNCTIONS_WORKER_RUNTIME":"java"},"siteConfigPropertiesDictionary":{"use32BitWorkerProcess":true,"javaVersion":"21","netFrameworkVersion":"v6.0"},"supportedFunctionsExtensionVersions":["~4"],"supportedFunctionsExtensionVersionsInfo":[{"version":"~4","isDeprecated":false,"isDefault":true}],"endOfLifeDate":"2031-09-01T00:00:00Z"},"linuxRuntimeSettings":{"runtimeVersion":"Java|21","isPreview":true,"isHidden":false,"isAutoUpdate":true,"isDefault":false,"remoteDebuggingSupported":false,"appInsightsSettings":{"isSupported":true},"gitHubActionSettings":{"isSupported":true,"supportedVersion":"21"},"appSettingsDictionary":{"FUNCTIONS_WORKER_RUNTIME":"java"},"siteConfigPropertiesDictionary":{"use32BitWorkerProcess":false,"linuxFxVersion":"Java|21"},"supportedFunctionsExtensionVersions":["~4"],"supportedFunctionsExtensionVersionsInfo":[{"version":"~4","isDeprecated":false,"isDefault":true}],"endOfLifeDate":"2031-09-01T00:00:00Z"}}}]},{"displayText":"Java
        17","value":"17","minorVersions":[{"displayText":"Java 17","value":"17.0","stackSettings":{"windowsRuntimeSettings":{"runtimeVersion":"17","isPreview":false,"isHidden":false,"isAutoUpdate":true,"isDefault":true,"remoteDebuggingSupported":false,"appInsightsSettings":{"isSupported":true},"gitHubActionSettings":{"isSupported":true,"supportedVersion":"17"},"appSettingsDictionary":{"FUNCTIONS_WORKER_RUNTIME":"java"},"siteConfigPropertiesDictionary":{"use32BitWorkerProcess":true,"javaVersion":"17","netFrameworkVersion":"v6.0"},"supportedFunctionsExtensionVersions":["~4"],"supportedFunctionsExtensionVersionsInfo":[{"version":"~4","isDeprecated":false,"isDefault":true}],"endOfLifeDate":"2031-09-01T00:00:00Z"},"linuxRuntimeSettings":{"runtimeVersion":"Java|17","isPreview":false,"isHidden":false,"isAutoUpdate":true,"isDefault":true,"remoteDebuggingSupported":false,"appInsightsSettings":{"isSupported":true},"gitHubActionSettings":{"isSupported":true,"supportedVersion":"17"},"appSettingsDictionary":{"FUNCTIONS_WORKER_RUNTIME":"java"},"siteConfigPropertiesDictionary":{"use32BitWorkerProcess":false,"linuxFxVersion":"Java|17"},"supportedFunctionsExtensionVersions":["~4"],"supportedFunctionsExtensionVersionsInfo":[{"version":"~4","isDeprecated":false,"isDefault":true}],"endOfLifeDate":"2031-09-01T00:00:00Z"}}}]},{"displayText":"Java
        11","value":"11","minorVersions":[{"displayText":"Java 11","value":"11.0","stackSettings":{"windowsRuntimeSettings":{"runtimeVersion":"11","isAutoUpdate":true,"remoteDebuggingSupported":false,"appInsightsSettings":{"isSupported":true},"gitHubActionSettings":{"isSupported":true,"supportedVersion":"11"},"appSettingsDictionary":{"FUNCTIONS_WORKER_RUNTIME":"java"},"siteConfigPropertiesDictionary":{"use32BitWorkerProcess":true,"javaVersion":"11","netFrameworkVersion":"v6.0"},"supportedFunctionsExtensionVersions":["~4","~3"],"supportedFunctionsExtensionVersionsInfo":[{"version":"~4","isDeprecated":false,"isDefault":true},{"version":"~3","isDeprecated":true,"isDefault":false}],"endOfLifeDate":"2026-09-01T00:00:00Z"},"linuxRuntimeSettings":{"runtimeVersion":"Java|11","isAutoUpdate":true,"remoteDebuggingSupported":false,"appInsightsSettings":{"isSupported":true},"gitHubActionSettings":{"isSupported":true,"supportedVersion":"11"},"appSettingsDictionary":{"FUNCTIONS_WORKER_RUNTIME":"java"},"siteConfigPropertiesDictionary":{"use32BitWorkerProcess":false,"linuxFxVersion":"Java|11"},"supportedFunctionsExtensionVersions":["~4","~3"],"supportedFunctionsExtensionVersionsInfo":[{"version":"~4","isDeprecated":false,"isDefault":true},{"version":"~3","isDeprecated":true,"isDefault":false}],"endOfLifeDate":"2026-09-01T00:00:00Z"}}}]},{"displayText":"Java
        8","value":"8","minorVersions":[{"displayText":"Java 8","value":"8.0","stackSettings":{"windowsRuntimeSettings":{"runtimeVersion":"1.8","isAutoUpdate":true,"isDefault":false,"remoteDebuggingSupported":false,"appInsightsSettings":{"isSupported":true},"gitHubActionSettings":{"isSupported":true,"supportedVersion":"8"},"appSettingsDictionary":{"FUNCTIONS_WORKER_RUNTIME":"java"},"siteConfigPropertiesDictionary":{"use32BitWorkerProcess":true,"javaVersion":"1.8","netFrameworkVersion":"v6.0"},"supportedFunctionsExtensionVersions":["~4","~3","~2"],"supportedFunctionsExtensionVersionsInfo":[{"version":"~4","isDeprecated":false,"isDefault":true},{"version":"~3","isDeprecated":true,"isDefault":false},{"version":"~2","isDeprecated":true,"isDefault":false}],"endOfLifeDate":"2025-03-01T00:00:00Z"},"linuxRuntimeSettings":{"runtimeVersion":"Java|8","isAutoUpdate":true,"isDefault":false,"remoteDebuggingSupported":false,"appInsightsSettings":{"isSupported":true},"gitHubActionSettings":{"isSupported":true,"supportedVersion":"8"},"appSettingsDictionary":{"FUNCTIONS_WORKER_RUNTIME":"java"},"siteConfigPropertiesDictionary":{"use32BitWorkerProcess":false,"linuxFxVersion":"Java|8"},"supportedFunctionsExtensionVersions":["~4","~3"],"supportedFunctionsExtensionVersionsInfo":[{"version":"~4","isDeprecated":false,"isDefault":true},{"version":"~3","isDeprecated":true,"isDefault":false}],"endOfLifeDate":"2025-03-01T00:00:00Z"}}}]}]}},{"id":null,"name":"powershell","type":"Microsoft.Web/functionAppStacks?stackOsType=All","properties":{"displayText":"PowerShell
        Core","value":"powershell","preferredOs":"windows","majorVersions":[{"displayText":"PowerShell
        7","value":"7","minorVersions":[{"displayText":"PowerShell 7.4","value":"7.4","stackSettings":{"windowsRuntimeSettings":{"runtimeVersion":"7.4","isDefault":false,"isPreview":true,"isHidden":false,"remoteDebuggingSupported":false,"appInsightsSettings":{"isSupported":true},"gitHubActionSettings":{"isSupported":true},"appSettingsDictionary":{"FUNCTIONS_WORKER_RUNTIME":"powershell"},"siteConfigPropertiesDictionary":{"use32BitWorkerProcess":true,"powerShellVersion":"7.4","netFrameworkVersion":"v8.0"},"supportedFunctionsExtensionVersions":["~4"],"supportedFunctionsExtensionVersionsInfo":[{"version":"~4","isDeprecated":false,"isDefault":true}]},"linuxRuntimeSettings":{"runtimeVersion":"PowerShell|7.4","isDefault":false,"isPreview":true,"isHidden":true,"remoteDebuggingSupported":false,"appInsightsSettings":{"isSupported":true},"gitHubActionSettings":{"isSupported":true},"appSettingsDictionary":{"FUNCTIONS_WORKER_RUNTIME":"powershell"},"siteConfigPropertiesDictionary":{"use32BitWorkerProcess":false,"linuxFxVersion":"PowerShell|7.4"},"supportedFunctionsExtensionVersions":["~4"],"supportedFunctionsExtensionVersionsInfo":[{"version":"~4","isDeprecated":false,"isDefault":true}]}}},{"displayText":"PowerShell
        7.2","value":"7.2","stackSettings":{"windowsRuntimeSettings":{"runtimeVersion":"7.2","isDefault":true,"isPreview":false,"isHidden":false,"remoteDebuggingSupported":false,"appInsightsSettings":{"isSupported":true},"gitHubActionSettings":{"isSupported":true},"appSettingsDictionary":{"FUNCTIONS_WORKER_RUNTIME":"powershell"},"siteConfigPropertiesDictionary":{"use32BitWorkerProcess":true,"powerShellVersion":"7.2","netFrameworkVersion":"v6.0"},"supportedFunctionsExtensionVersions":["~4"],"supportedFunctionsExtensionVersionsInfo":[{"version":"~4","isDeprecated":false,"isDefault":true}],"endOfLifeDate":"2024-11-08T00:00:00Z"},"linuxRuntimeSettings":{"runtimeVersion":"PowerShell|7.2","isDefault":true,"isPreview":false,"isHidden":false,"remoteDebuggingSupported":false,"appInsightsSettings":{"isSupported":true},"gitHubActionSettings":{"isSupported":true},"appSettingsDictionary":{"FUNCTIONS_WORKER_RUNTIME":"powershell"},"siteConfigPropertiesDictionary":{"use32BitWorkerProcess":false,"linuxFxVersion":"PowerShell|7.2"},"supportedFunctionsExtensionVersions":["~4"],"supportedFunctionsExtensionVersionsInfo":[{"version":"~4","isDeprecated":false,"isDefault":true}],"endOfLifeDate":"2024-11-08T00:00:00Z"}}},{"displayText":"PowerShell
        7.0","value":"7.0","stackSettings":{"windowsRuntimeSettings":{"runtimeVersion":"~7","isDeprecated":true,"remoteDebuggingSupported":false,"appInsightsSettings":{"isSupported":true},"gitHubActionSettings":{"isSupported":true},"appSettingsDictionary":{"FUNCTIONS_WORKER_RUNTIME":"powershell"},"siteConfigPropertiesDictionary":{"use32BitWorkerProcess":true,"powerShellVersion":"~7","netFrameworkVersion":"v6.0"},"supportedFunctionsExtensionVersions":["~4","~3"],"supportedFunctionsExtensionVersionsInfo":[{"version":"~4","isDeprecated":false,"isDefault":true},{"version":"~3","isDeprecated":true,"isDefault":false}],"endOfLifeDate":"2022-12-03T00:00:00Z"},"linuxRuntimeSettings":{"runtimeVersion":"PowerShell|7","isAutoUpdate":true,"isPreview":false,"isDeprecated":true,"remoteDebuggingSupported":false,"appInsightsSettings":{"isSupported":true},"gitHubActionSettings":{"isSupported":true},"appSettingsDictionary":{"FUNCTIONS_WORKER_RUNTIME":"powershell"},"siteConfigPropertiesDictionary":{"use32BitWorkerProcess":false,"linuxFxVersion":"PowerShell|7"},"supportedFunctionsExtensionVersions":["~4"],"supportedFunctionsExtensionVersionsInfo":[{"version":"~4","isDeprecated":false,"isDefault":true}],"endOfLifeDate":"2022-12-03T00:00:00Z"}}}]},{"displayText":"PowerShell
        Core 6","value":"6","minorVersions":[{"displayText":"PowerShell Core 6.2","value":"6.2","stackSettings":{"windowsRuntimeSettings":{"runtimeVersion":"~6","remoteDebuggingSupported":false,"appInsightsSettings":{"isSupported":true},"gitHubActionSettings":{"isSupported":true},"appSettingsDictionary":{"FUNCTIONS_WORKER_RUNTIME":"powershell"},"siteConfigPropertiesDictionary":{"use32BitWorkerProcess":true,"powerShellVersion":"~6"},"isDeprecated":true,"supportedFunctionsExtensionVersions":["~2","~3"],"supportedFunctionsExtensionVersionsInfo":[{"version":"~2","isDeprecated":true,"isDefault":true},{"version":"~3","isDeprecated":true,"isDefault":false}],"endOfLifeDate":"2022-09-30T00:00:00Z"}}}]}]}},{"id":null,"name":"custom","type":"Microsoft.Web/functionAppStacks?stackOsType=All","properties":{"displayText":"Custom
        Handler","value":"custom","preferredOs":"windows","majorVersions":[{"displayText":"Custom
        Handler","value":"custom","minorVersions":[{"displayText":"Custom Handler","value":"custom","stackSettings":{"windowsRuntimeSettings":{"runtimeVersion":"custom","appInsightsSettings":{"isSupported":true},"remoteDebuggingSupported":false,"gitHubActionSettings":{"isSupported":false},"appSettingsDictionary":{"FUNCTIONS_WORKER_RUNTIME":"custom"},"siteConfigPropertiesDictionary":{"use32BitWorkerProcess":true,"netFrameworkVersion":"v6.0"},"supportedFunctionsExtensionVersions":["~4","~3","~2"],"supportedFunctionsExtensionVersionsInfo":[{"version":"~4","isDeprecated":false,"isDefault":true},{"version":"~3","isDeprecated":true,"isDefault":false},{"version":"~2","isDeprecated":true,"isDefault":false}]},"linuxRuntimeSettings":{"runtimeVersion":"","isPreview":false,"appInsightsSettings":{"isSupported":true},"remoteDebuggingSupported":false,"gitHubActionSettings":{"isSupported":false},"appSettingsDictionary":{"FUNCTIONS_WORKER_RUNTIME":"custom"},"siteConfigPropertiesDictionary":{"use32BitWorkerProcess":false,"linuxFxVersion":""},"supportedFunctionsExtensionVersions":["~4","~3","~2"],"supportedFunctionsExtensionVersionsInfo":[{"version":"~4","isDeprecated":false,"isDefault":true},{"version":"~3","isDeprecated":true,"isDefault":false},{"version":"~2","isDeprecated":true,"isDefault":false}]}}}]}]}}],"nextLink":null,"id":null}'
    headers:
      cache-control:
      - no-cache
      content-length:
      - '35805'
      content-type:
      - application/json
      date:
      - Fri, 12 Apr 2024 11:23:34 GMT
      expires:
      - '-1'
      pragma:
      - no-cache
      strict-transport-security:
      - max-age=31536000; includeSubDomains
      x-aspnet-version:
      - 4.0.30319
      x-cache:
      - CONFIG_NOCACHE
      x-content-type-options:
      - nosniff
      x-msedge-ref:
      - 'Ref A: 488F2A91BBA54E46BD0264F30ABF3EB9 Ref B: MAA201060513053 Ref C: 2024-04-12T11:23:34Z'
      x-powered-by:
      - ASP.NET
    status:
      code: 200
      message: OK
- request:
    body: null
    headers:
      Accept:
      - application/json
      Accept-Encoding:
      - gzip, deflate
      CommandName:
      - functionapp create
      Connection:
      - keep-alive
      ParameterSetName:
      - -g -n -c -s --app-insights --functions-version
      User-Agent:
      - AZURECLI/2.59.0 azsdk-python-core/1.28.0 Python/3.10.11 (Windows-10-10.0.19045-SP0)
    method: GET
    uri: https://management.azure.com/subscriptions/00000000-0000-0000-0000-000000000000/resourceGroups/clitest.rg000001/providers/Microsoft.Storage/storageAccounts/clitest000002?api-version=2023-01-01
  response:
    body:
      string: '{"sku":{"name":"Standard_LRS","tier":"Standard"},"kind":"Storage","id":"/subscriptions/00000000-0000-0000-0000-000000000000/resourceGroups/clitest.rg000001/providers/Microsoft.Storage/storageAccounts/clitest000002","name":"clitest000002","type":"Microsoft.Storage/storageAccounts","location":"westus","tags":{},"properties":{"keyCreationTime":{"key1":"2024-04-12T11:20:54.4598617Z","key2":"2024-04-12T11:20:54.4598617Z"},"allowCrossTenantReplication":false,"privateEndpointConnections":[],"minimumTlsVersion":"TLS1_0","allowBlobPublicAccess":false,"networkAcls":{"ipv6Rules":[],"bypass":"AzureServices","virtualNetworkRules":[],"ipRules":[],"defaultAction":"Allow"},"supportsHttpsTrafficOnly":true,"encryption":{"services":{"file":{"keyType":"Account","enabled":true,"lastEnabledTime":"2024-04-12T11:20:55.6005092Z"},"blob":{"keyType":"Account","enabled":true,"lastEnabledTime":"2024-04-12T11:20:55.6005092Z"}},"keySource":"Microsoft.Storage"},"provisioningState":"Succeeded","creationTime":"2024-04-12T11:20:54.3661104Z","primaryEndpoints":{"blob":"https://clitest000002.blob.core.windows.net/","queue":"https://clitest000002.queue.core.windows.net/","table":"https://clitest000002.table.core.windows.net/","file":"https://clitest000002.file.core.windows.net/"},"primaryLocation":"westus","statusOfPrimary":"available"}}'
    headers:
      cache-control:
      - no-cache
      content-length:
      - '1321'
      content-type:
      - application/json
      date:
      - Fri, 12 Apr 2024 11:23:35 GMT
      expires:
      - '-1'
      pragma:
      - no-cache
      strict-transport-security:
      - max-age=31536000; includeSubDomains
      x-cache:
      - CONFIG_NOCACHE
      x-content-type-options:
      - nosniff
      x-msedge-ref:
      - 'Ref A: C1A563B0C62941139282DC23DA446732 Ref B: MAA201060513051 Ref C: 2024-04-12T11:23:35Z'
    status:
      code: 200
      message: OK
- request:
    body: null
    headers:
      Accept:
      - application/json
      Accept-Encoding:
      - gzip, deflate
      CommandName:
      - functionapp create
      Connection:
      - keep-alive
      Content-Length:
      - '0'
      ParameterSetName:
      - -g -n -c -s --app-insights --functions-version
      User-Agent:
      - AZURECLI/2.59.0 azsdk-python-core/1.28.0 Python/3.10.11 (Windows-10-10.0.19045-SP0)
    method: POST
    uri: https://management.azure.com/subscriptions/00000000-0000-0000-0000-000000000000/resourceGroups/clitest.rg000001/providers/Microsoft.Storage/storageAccounts/clitest000002/listKeys?api-version=2023-01-01&$expand=kerb
  response:
    body:
      string: '{"keys":[{"creationTime":"2024-04-12T11:20:54.4598617Z","keyName":"key1","value":"veryFakedStorageAccountKey==","permissions":"FULL"},{"creationTime":"2024-04-12T11:20:54.4598617Z","keyName":"key2","value":"veryFakedStorageAccountKey==","permissions":"FULL"}]}'
    headers:
      cache-control:
      - no-cache
      content-length:
      - '260'
      content-type:
      - application/json
      date:
      - Fri, 12 Apr 2024 11:23:35 GMT
      expires:
      - '-1'
      pragma:
      - no-cache
      strict-transport-security:
      - max-age=31536000; includeSubDomains
      x-cache:
      - CONFIG_NOCACHE
      x-content-type-options:
      - nosniff
      x-ms-ratelimit-remaining-subscription-resource-requests:
      - '11999'
      x-msedge-ref:
      - 'Ref A: 00AB86840FB348178B705DF2D99F9C51 Ref B: MAA201060513051 Ref C: 2024-04-12T11:23:35Z'
    status:
      code: 200
      message: OK
- request:
    body: null
    headers:
      Accept:
      - application/json
      Accept-Encoding:
      - gzip, deflate
      CommandName:
      - functionapp create
      Connection:
      - keep-alive
      ParameterSetName:
      - -g -n -c -s --app-insights --functions-version
      User-Agent:
      - AZURECLI/2.59.0 azsdk-python-core/1.28.0 Python/3.10.11 (Windows-10-10.0.19045-SP0)
    method: GET
    uri: https://management.azure.com/subscriptions/00000000-0000-0000-0000-000000000000/resourceGroups/clitest.rg000001/providers/Microsoft.Insights/components/existingappinsights000005?api-version=2015-05-01
  response:
    body:
      string: "{\r\n  \"id\": \"/subscriptions/00000000-0000-0000-0000-000000000000/resourceGroups/clitest.rg000001/providers/microsoft.insights/components/existingappinsights000005\"\
        ,\r\n  \"name\": \"existingappinsights000005\",\r\n  \"type\": \"microsoft.insights/components\"\
        ,\r\n  \"location\": \"francecentral\",\r\n  \"tags\": {},\r\n  \"kind\":\
        \ \"web\",\r\n  \"etag\": \"\\\"eb010b02-0000-0e00-0000-661919740000\\\"\"\
        ,\r\n  \"properties\": {\r\n    \"ApplicationId\": \"existingappinsights000005\"\
        ,\r\n    \"AppId\": \"ad587202-94d2-4a68-8e66-115fd7302e6f\",\r\n    \"Application_Type\"\
        : \"web\",\r\n    \"Flow_Type\": \"Bluefield\",\r\n    \"Request_Source\"\
        : \"rest\",\r\n    \"InstrumentationKey\": \"dc6b047f-0340-4a2c-96f2-fc4f4069f9b4\"\
        ,\r\n    \"ConnectionString\": \"InstrumentationKey=dc6b047f-0340-4a2c-96f2-fc4f4069f9b4;IngestionEndpoint=https://francecentral-0.in.applicationinsights.azure.com/;LiveEndpoint=https://francecentral.livediagnostics.monitor.azure.com/;ApplicationId=ad587202-94d2-4a68-8e66-115fd7302e6f\"\
        ,\r\n    \"Name\": \"existingappinsights000005\",\r\n    \"CreationDate\"\
        : \"2024-04-12T11:22:28.6288407+00:00\",\r\n    \"TenantId\": \"0b1f6471-1bf0-4dda-aec3-cb9272f09590\"\
        ,\r\n    \"provisioningState\": \"Succeeded\",\r\n    \"SamplingPercentage\"\
        : null,\r\n    \"RetentionInDays\": 90,\r\n    \"IngestionMode\": \"ApplicationInsights\"\
        ,\r\n    \"publicNetworkAccessForIngestion\": \"Enabled\",\r\n    \"publicNetworkAccessForQuery\"\
        : \"Enabled\",\r\n    \"Ver\": \"v2\"\r\n  }\r\n}"
    headers:
      access-control-expose-headers:
      - Request-Context
      cache-control:
      - no-cache
      content-length:
      - '1358'
      content-type:
      - application/json; charset=utf-8
      date:
      - Fri, 12 Apr 2024 11:23:37 GMT
      expires:
      - '-1'
      pragma:
      - no-cache
      request-context:
      - appId=cid-v1:0dd6a9c3-b728-41ca-aa78-7e1962e22331
      strict-transport-security:
      - max-age=31536000; includeSubDomains
      x-cache:
      - CONFIG_NOCACHE
      x-content-type-options:
      - nosniff
      x-msedge-ref:
      - 'Ref A: 6D837C72F7BF4F7F92CE692D5B7BFEF5 Ref B: MAA201060513019 Ref C: 2024-04-12T11:23:36Z'
      x-powered-by:
      - ASP.NET
    status:
      code: 200
      message: OK
- request:
    body: '{"kind": "functionapp", "location": "francecentral", "properties": {"reserved":
      false, "isXenon": false, "hyperV": false, "siteConfig": {"netFrameworkVersion":
      "v4.6", "appSettings": [{"name": "FUNCTIONS_WORKER_RUNTIME", "value": "dotnet"},
      {"name": "FUNCTIONS_EXTENSION_VERSION", "value": "~4"}, {"name": "AzureWebJobsStorage",
      "value": "DefaultEndpointsProtocol=https;EndpointSuffix=core.windows.net;AccountName=clitest000002;AccountKey=veryFakedStorageAccountKey=="},
      {"name": "WEBSITE_CONTENTAZUREFILECONNECTIONSTRING", "value": "DefaultEndpointsProtocol=https;EndpointSuffix=core.windows.net;AccountName=clitest000002;AccountKey=veryFakedStorageAccountKey=="},
      {"name": "WEBSITE_CONTENTSHARE", "value": "functionappwithappinsights000003618f3577a4c7"},
      {"name": "APPLICATIONINSIGHTS_CONNECTION_STRING", "value": "InstrumentationKey=dc6b047f-0340-4a2c-96f2-fc4f4069f9b4;IngestionEndpoint=https://francecentral-0.in.applicationinsights.azure.com/;LiveEndpoint=https://francecentral.livediagnostics.monitor.azure.com/;ApplicationId=ad587202-94d2-4a68-8e66-115fd7302e6f"}],
      "use32BitWorkerProcess": true, "localMySqlEnabled": false, "http20Enabled":
      true}, "scmSiteAlsoStopped": false, "httpsOnly": false}}'
    headers:
      Accept:
      - application/json
      Accept-Encoding:
      - gzip, deflate
      CommandName:
      - functionapp create
      Connection:
      - keep-alive
      Content-Length:
      - '1206'
      Content-Type:
      - application/json
      ParameterSetName:
      - -g -n -c -s --app-insights --functions-version
      User-Agent:
      - AZURECLI/2.59.0 azsdk-python-core/1.28.0 Python/3.10.11 (Windows-10-10.0.19045-SP0)
    method: PUT
    uri: https://management.azure.com/subscriptions/00000000-0000-0000-0000-000000000000/resourceGroups/clitest.rg000001/providers/Microsoft.Web/sites/functionappwithappinsights000003?api-version=2023-01-01
  response:
    body:
      string: '{"id":"/subscriptions/00000000-0000-0000-0000-000000000000/resourceGroups/clitest.rg000001/providers/Microsoft.Web/sites/functionappwithappinsights000003","name":"functionappwithappinsights000003","type":"Microsoft.Web/sites","kind":"functionapp","location":"francecentral","properties":{"name":"functionappwithappinsights000003","state":"Running","hostNames":["functionappwithappinsights000003.azurewebsites.net"],"webSpace":"clitest.rg000001-FranceCentralwebspace","selfLink":"https://waws-prod-par-027.api.azurewebsites.windows.net:454/subscriptions/00000000-0000-0000-0000-000000000000/webspaces/clitest.rg000001-FranceCentralwebspace/sites/functionappwithappinsights000003","repositorySiteName":"functionappwithappinsights000003","owner":null,"usageState":"Normal","enabled":true,"adminEnabled":true,"afdEnabled":false,"enabledHostNames":["functionappwithappinsights000003.azurewebsites.net","functionappwithappinsights000003.scm.azurewebsites.net"],"siteProperties":{"metadata":null,"properties":[{"name":"LinuxFxVersion","value":""},{"name":"WindowsFxVersion","value":null}],"appSettings":null},"availabilityState":"Normal","sslCertificates":null,"csrs":[],"cers":null,"siteMode":null,"hostNameSslStates":[{"name":"functionappwithappinsights000003.azurewebsites.net","sslState":"Disabled","ipBasedSslResult":null,"virtualIP":null,"virtualIPv6":null,"thumbprint":null,"certificateResourceId":null,"toUpdate":null,"toUpdateIpBasedSsl":null,"ipBasedSslState":"NotConfigured","hostType":"Standard"},{"name":"functionappwithappinsights000003.scm.azurewebsites.net","sslState":"Disabled","ipBasedSslResult":null,"virtualIP":null,"virtualIPv6":null,"thumbprint":null,"certificateResourceId":null,"toUpdate":null,"toUpdateIpBasedSsl":null,"ipBasedSslState":"NotConfigured","hostType":"Repository"}],"computeMode":null,"serverFarm":null,"serverFarmId":"/subscriptions/00000000-0000-0000-0000-000000000000/resourceGroups/clitest.rg000001/providers/Microsoft.Web/serverfarms/FranceCentralPlan","reserved":false,"isXenon":false,"hyperV":false,"lastModifiedTimeUtc":"2024-04-12T11:23:47.0433333","storageRecoveryDefaultState":"Running","contentAvailabilityState":"Normal","runtimeAvailabilityState":"Normal","dnsConfiguration":{},"vnetRouteAllEnabled":false,"containerAllocationSubnet":null,"useContainerLocalhostBindings":null,"vnetImagePullEnabled":false,"vnetContentShareEnabled":false,"siteConfig":{"numberOfWorkers":1,"defaultDocuments":null,"netFrameworkVersion":null,"phpVersion":null,"pythonVersion":null,"nodeVersion":null,"powerShellVersion":null,"linuxFxVersion":"","windowsFxVersion":null,"windowsConfiguredStacks":null,"requestTracingEnabled":null,"remoteDebuggingEnabled":null,"remoteDebuggingVersion":null,"httpLoggingEnabled":null,"azureMonitorLogCategories":null,"acrUseManagedIdentityCreds":false,"acrUserManagedIdentityID":null,"logsDirectorySizeLimit":null,"detailedErrorLoggingEnabled":null,"publishingUsername":null,"publishingPassword":null,"appSettings":null,"metadata":null,"connectionStrings":null,"machineKey":null,"handlerMappings":null,"documentRoot":null,"scmType":null,"use32BitWorkerProcess":null,"webSocketsEnabled":null,"alwaysOn":false,"javaVersion":null,"javaContainer":null,"javaContainerVersion":null,"appCommandLine":null,"managedPipelineMode":null,"virtualApplications":null,"winAuthAdminState":null,"winAuthTenantState":null,"customAppPoolIdentityAdminState":null,"customAppPoolIdentityTenantState":null,"runtimeADUser":null,"runtimeADUserPassword":null,"loadBalancing":null,"routingRules":null,"experiments":null,"limits":null,"autoHealEnabled":null,"autoHealRules":null,"tracingOptions":null,"vnetName":null,"vnetRouteAllEnabled":null,"vnetPrivatePortsCount":null,"publicNetworkAccess":null,"cors":null,"push":null,"apiDefinition":null,"apiManagementConfig":null,"autoSwapSlotName":null,"localMySqlEnabled":null,"managedServiceIdentityId":null,"xManagedServiceIdentityId":null,"keyVaultReferenceIdentity":null,"ipSecurityRestrictions":[{"ipAddress":"Any","action":"Allow","priority":2147483647,"name":"Allow
        all","description":"Allow all access"}],"ipSecurityRestrictionsDefaultAction":null,"scmIpSecurityRestrictions":[{"ipAddress":"Any","action":"Allow","priority":2147483647,"name":"Allow
        all","description":"Allow all access"}],"scmIpSecurityRestrictionsDefaultAction":null,"scmIpSecurityRestrictionsUseMain":null,"http20Enabled":false,"minTlsVersion":null,"minTlsCipherSuite":null,"supportedTlsCipherSuites":null,"scmMinTlsVersion":null,"ftpsState":null,"preWarmedInstanceCount":null,"functionAppScaleLimit":0,"elasticWebAppScaleLimit":null,"healthCheckPath":null,"fileChangeAuditEnabled":null,"functionsRuntimeScaleMonitoringEnabled":null,"websiteTimeZone":null,"minimumElasticInstanceCount":0,"azureStorageAccounts":null,"http20ProxyFlag":null,"sitePort":null,"antivirusScanEnabled":null,"storageType":null,"sitePrivateLinkHostEnabled":null},"functionAppConfig":null,"daprConfig":null,"deploymentId":"functionappwithappinsights000003","slotName":null,"trafficManagerHostNames":null,"sku":"Dynamic","scmSiteAlsoStopped":false,"targetSwapSlot":null,"hostingEnvironment":null,"hostingEnvironmentProfile":null,"clientAffinityEnabled":false,"clientCertEnabled":false,"clientCertMode":"Required","clientCertExclusionPaths":null,"hostNamesDisabled":false,"ipMode":"IPv4","vnetBackupRestoreEnabled":false,"domainVerificationIdentifiers":null,"customDomainVerificationId":"253001F2FCF5A7B1CD759EB861E9BB1596370BE27E47A991F72184277B3D12F2","kind":"functionapp","managedEnvironmentId":null,"workloadProfileName":null,"resourceConfig":null,"inboundIpAddress":"20.111.1.2","possibleInboundIpAddresses":"20.111.1.2","ftpUsername":"functionappwithappinsights000003\\$functionappwithappinsights000003","ftpsHostName":"ftps://waws-prod-par-027.ftp.azurewebsites.windows.net/site/wwwroot","outboundIpAddresses":"40.66.62.25,20.74.28.170,20.74.74.36,20.74.74.99,20.74.76.20,20.74.76.129,20.111.1.2","possibleOutboundIpAddresses":"40.66.62.25,20.74.28.170,20.74.74.36,20.74.74.99,20.74.76.20,20.74.76.129,20.74.77.167,20.19.16.20,20.19.16.48,20.19.16.79,20.19.16.103,20.19.16.106,20.19.16.132,20.19.16.139,20.19.16.170,20.19.16.172,20.19.16.177,20.19.16.205,20.19.16.220,20.19.16.237,20.19.16.245,20.19.16.253,20.19.17.12,20.19.17.33,20.19.17.38,20.19.17.55,20.19.17.73,20.19.17.89,20.19.17.121,20.19.17.137,20.111.1.2","containerSize":1536,"dailyMemoryTimeQuota":0,"suspendedTill":null,"siteDisabledReason":0,"functionExecutionUnitsCache":null,"maxNumberOfWorkers":null,"homeStamp":"waws-prod-par-027","cloningInfo":null,"hostingEnvironmentId":null,"tags":null,"resourceGroup":"clitest.rg000001","defaultHostName":"functionappwithappinsights000003.azurewebsites.net","slotSwapStatus":null,"httpsOnly":false,"endToEndEncryptionEnabled":false,"functionsRuntimeAdminIsolationEnabled":false,"redundancyMode":"None","inProgressOperationId":null,"geoDistributions":null,"privateEndpointConnections":null,"publicNetworkAccess":null,"buildVersion":null,"targetBuildVersion":null,"migrationState":null,"eligibleLogCategories":"FunctionAppLogs","inFlightFeatures":null,"storageAccountRequired":false,"virtualNetworkSubnetId":null,"keyVaultReferenceIdentity":"SystemAssigned","autoGeneratedDomainNameLabelScope":null,"defaultHostNameScope":"Global","privateLinkIdentifiers":null,"sshEnabled":null}}'
    headers:
      cache-control:
      - no-cache
      content-length:
      - '7312'
      content-type:
      - application/json
      date:
      - Fri, 12 Apr 2024 11:24:10 GMT
      etag:
      - '"1DA8CCBE37EB7F5"'
      expires:
      - '-1'
      pragma:
      - no-cache
      strict-transport-security:
      - max-age=31536000; includeSubDomains
      x-aspnet-version:
      - 4.0.30319
      x-cache:
      - CONFIG_NOCACHE
      x-content-type-options:
      - nosniff
      x-ms-ratelimit-remaining-subscription-resource-requests:
      - '499'
      x-msedge-ref:
      - 'Ref A: C6DCEDF97DCB431FB53ACCA0ED345880 Ref B: MAA201060513039 Ref C: 2024-04-12T11:23:38Z'
      x-powered-by:
      - ASP.NET
    status:
      code: 200
      message: OK
- request:
    body: null
    headers:
      Accept:
      - application/json
      Accept-Encoding:
      - gzip, deflate
      CommandName:
      - functionapp config appsettings list
      Connection:
      - keep-alive
      Content-Length:
      - '0'
      ParameterSetName:
      - -g -n
      User-Agent:
      - AZURECLI/2.59.0 azsdk-python-core/1.28.0 Python/3.10.11 (Windows-10-10.0.19045-SP0)
    method: POST
    uri: https://management.azure.com/subscriptions/00000000-0000-0000-0000-000000000000/resourceGroups/clitest.rg000001/providers/Microsoft.Web/sites/functionappwithappinsights000003/config/appsettings/list?api-version=2023-01-01
  response:
    body:
      string: '{"id":"/subscriptions/00000000-0000-0000-0000-000000000000/resourceGroups/clitest.rg000001/providers/Microsoft.Web/sites/functionappwithappinsights000003/config/appsettings","name":"appsettings","type":"Microsoft.Web/sites/config","location":"France
        Central","properties":{"FUNCTIONS_WORKER_RUNTIME":"dotnet","FUNCTIONS_EXTENSION_VERSION":"~4","AzureWebJobsStorage":"DefaultEndpointsProtocol=https;EndpointSuffix=core.windows.net;AccountName=clitest000002;AccountKey=veryFakedStorageAccountKey==","WEBSITE_CONTENTAZUREFILECONNECTIONSTRING":"DefaultEndpointsProtocol=https;EndpointSuffix=core.windows.net;AccountName=clitest000002;AccountKey=veryFakedStorageAccountKey==","WEBSITE_CONTENTSHARE":"functionappwithappinsights000003618f3577a4c7","APPLICATIONINSIGHTS_CONNECTION_STRING":"InstrumentationKey=dc6b047f-0340-4a2c-96f2-fc4f4069f9b4;IngestionEndpoint=https://francecentral-0.in.applicationinsights.azure.com/;LiveEndpoint=https://francecentral.livediagnostics.monitor.azure.com/;ApplicationId=ad587202-94d2-4a68-8e66-115fd7302e6f"}}'
    headers:
      cache-control:
      - no-cache
      content-length:
      - '1037'
      content-type:
      - application/json
      date:
      - Fri, 12 Apr 2024 11:25:17 GMT
      expires:
      - '-1'
      pragma:
      - no-cache
      strict-transport-security:
      - max-age=31536000; includeSubDomains
      x-aspnet-version:
      - 4.0.30319
      x-cache:
      - CONFIG_NOCACHE
      x-content-type-options:
      - nosniff
      x-ms-ratelimit-remaining-subscription-resource-requests:
      - '11999'
      x-msedge-ref:
      - 'Ref A: BB955C49D5B844AE8AB08D6BA649EF6F Ref B: MAA201060513023 Ref C: 2024-04-12T11:25:12Z'
      x-powered-by:
      - ASP.NET
    status:
      code: 200
      message: OK
- request:
    body: null
    headers:
      Accept:
      - application/json
      Accept-Encoding:
      - gzip, deflate
      CommandName:
      - functionapp config appsettings list
      Connection:
      - keep-alive
      ParameterSetName:
      - -g -n
      User-Agent:
      - AZURECLI/2.59.0 azsdk-python-core/1.28.0 Python/3.10.11 (Windows-10-10.0.19045-SP0)
    method: GET
    uri: https://management.azure.com/subscriptions/00000000-0000-0000-0000-000000000000/resourceGroups/clitest.rg000001/providers/Microsoft.Web/sites/functionappwithappinsights000003?api-version=2023-01-01
  response:
    body:
      string: '{"id":"/subscriptions/00000000-0000-0000-0000-000000000000/resourceGroups/clitest.rg000001/providers/Microsoft.Web/sites/functionappwithappinsights000003","name":"functionappwithappinsights000003","type":"Microsoft.Web/sites","kind":"functionapp","location":"France
        Central","properties":{"name":"functionappwithappinsights000003","state":"Running","hostNames":["functionappwithappinsights000003.azurewebsites.net"],"webSpace":"clitest.rg000001-FranceCentralwebspace","selfLink":"https://waws-prod-par-027.api.azurewebsites.windows.net:454/subscriptions/00000000-0000-0000-0000-000000000000/webspaces/clitest.rg000001-FranceCentralwebspace/sites/functionappwithappinsights000003","repositorySiteName":"functionappwithappinsights000003","owner":null,"usageState":"Normal","enabled":true,"adminEnabled":true,"afdEnabled":false,"enabledHostNames":["functionappwithappinsights000003.azurewebsites.net","functionappwithappinsights000003.scm.azurewebsites.net"],"siteProperties":{"metadata":null,"properties":[{"name":"LinuxFxVersion","value":""},{"name":"WindowsFxVersion","value":null}],"appSettings":null},"availabilityState":"Normal","sslCertificates":null,"csrs":[],"cers":null,"siteMode":null,"hostNameSslStates":[{"name":"functionappwithappinsights000003.azurewebsites.net","sslState":"Disabled","ipBasedSslResult":null,"virtualIP":null,"virtualIPv6":null,"thumbprint":null,"certificateResourceId":null,"toUpdate":null,"toUpdateIpBasedSsl":null,"ipBasedSslState":"NotConfigured","hostType":"Standard"},{"name":"functionappwithappinsights000003.scm.azurewebsites.net","sslState":"Disabled","ipBasedSslResult":null,"virtualIP":null,"virtualIPv6":null,"thumbprint":null,"certificateResourceId":null,"toUpdate":null,"toUpdateIpBasedSsl":null,"ipBasedSslState":"NotConfigured","hostType":"Repository"}],"computeMode":null,"serverFarm":null,"serverFarmId":"/subscriptions/00000000-0000-0000-0000-000000000000/resourceGroups/clitest.rg000001/providers/Microsoft.Web/serverfarms/FranceCentralPlan","reserved":false,"isXenon":false,"hyperV":false,"lastModifiedTimeUtc":"2024-04-12T11:24:10.5133333","storageRecoveryDefaultState":"Running","contentAvailabilityState":"Normal","runtimeAvailabilityState":"Normal","dnsConfiguration":{},"vnetRouteAllEnabled":false,"containerAllocationSubnet":null,"useContainerLocalhostBindings":null,"vnetImagePullEnabled":false,"vnetContentShareEnabled":false,"siteConfig":{"numberOfWorkers":1,"defaultDocuments":null,"netFrameworkVersion":null,"phpVersion":null,"pythonVersion":null,"nodeVersion":null,"powerShellVersion":null,"linuxFxVersion":"","windowsFxVersion":null,"windowsConfiguredStacks":null,"requestTracingEnabled":null,"remoteDebuggingEnabled":null,"remoteDebuggingVersion":null,"httpLoggingEnabled":null,"azureMonitorLogCategories":null,"acrUseManagedIdentityCreds":false,"acrUserManagedIdentityID":null,"logsDirectorySizeLimit":null,"detailedErrorLoggingEnabled":null,"publishingUsername":null,"publishingPassword":null,"appSettings":null,"metadata":null,"connectionStrings":null,"machineKey":null,"handlerMappings":null,"documentRoot":null,"scmType":null,"use32BitWorkerProcess":null,"webSocketsEnabled":null,"alwaysOn":false,"javaVersion":null,"javaContainer":null,"javaContainerVersion":null,"appCommandLine":null,"managedPipelineMode":null,"virtualApplications":null,"winAuthAdminState":null,"winAuthTenantState":null,"customAppPoolIdentityAdminState":null,"customAppPoolIdentityTenantState":null,"runtimeADUser":null,"runtimeADUserPassword":null,"loadBalancing":null,"routingRules":null,"experiments":null,"limits":null,"autoHealEnabled":null,"autoHealRules":null,"tracingOptions":null,"vnetName":null,"vnetRouteAllEnabled":null,"vnetPrivatePortsCount":null,"publicNetworkAccess":null,"cors":null,"push":null,"apiDefinition":null,"apiManagementConfig":null,"autoSwapSlotName":null,"localMySqlEnabled":null,"managedServiceIdentityId":null,"xManagedServiceIdentityId":null,"keyVaultReferenceIdentity":null,"ipSecurityRestrictions":null,"ipSecurityRestrictionsDefaultAction":null,"scmIpSecurityRestrictions":null,"scmIpSecurityRestrictionsDefaultAction":null,"scmIpSecurityRestrictionsUseMain":null,"http20Enabled":true,"minTlsVersion":null,"minTlsCipherSuite":null,"supportedTlsCipherSuites":null,"scmMinTlsVersion":null,"ftpsState":null,"preWarmedInstanceCount":null,"functionAppScaleLimit":200,"elasticWebAppScaleLimit":null,"healthCheckPath":null,"fileChangeAuditEnabled":null,"functionsRuntimeScaleMonitoringEnabled":null,"websiteTimeZone":null,"minimumElasticInstanceCount":0,"azureStorageAccounts":null,"http20ProxyFlag":null,"sitePort":null,"antivirusScanEnabled":null,"storageType":null,"sitePrivateLinkHostEnabled":null},"functionAppConfig":null,"daprConfig":null,"deploymentId":"functionappwithappinsights000003","slotName":null,"trafficManagerHostNames":null,"sku":"Dynamic","scmSiteAlsoStopped":false,"targetSwapSlot":null,"hostingEnvironment":null,"hostingEnvironmentProfile":null,"clientAffinityEnabled":false,"clientCertEnabled":false,"clientCertMode":"Required","clientCertExclusionPaths":null,"hostNamesDisabled":false,"ipMode":"IPv4","vnetBackupRestoreEnabled":false,"domainVerificationIdentifiers":null,"customDomainVerificationId":"253001F2FCF5A7B1CD759EB861E9BB1596370BE27E47A991F72184277B3D12F2","kind":"functionapp","managedEnvironmentId":null,"workloadProfileName":null,"resourceConfig":null,"inboundIpAddress":"20.111.1.2","possibleInboundIpAddresses":"20.111.1.2","ftpUsername":"functionappwithappinsights000003\\$functionappwithappinsights000003","ftpsHostName":"ftps://waws-prod-par-027.ftp.azurewebsites.windows.net/site/wwwroot","outboundIpAddresses":"40.66.62.25,20.74.28.170,20.74.74.36,20.74.74.99,20.74.76.20,20.74.76.129,20.111.1.2","possibleOutboundIpAddresses":"40.66.62.25,20.74.28.170,20.74.74.36,20.74.74.99,20.74.76.20,20.74.76.129,20.74.77.167,20.19.16.20,20.19.16.48,20.19.16.79,20.19.16.103,20.19.16.106,20.19.16.132,20.19.16.139,20.19.16.170,20.19.16.172,20.19.16.177,20.19.16.205,20.19.16.220,20.19.16.237,20.19.16.245,20.19.16.253,20.19.17.12,20.19.17.33,20.19.17.38,20.19.17.55,20.19.17.73,20.19.17.89,20.19.17.121,20.19.17.137,20.111.1.2","containerSize":1536,"dailyMemoryTimeQuota":0,"suspendedTill":null,"siteDisabledReason":0,"functionExecutionUnitsCache":null,"maxNumberOfWorkers":null,"homeStamp":"waws-prod-par-027","cloningInfo":null,"hostingEnvironmentId":null,"tags":null,"resourceGroup":"clitest.rg000001","defaultHostName":"functionappwithappinsights000003.azurewebsites.net","slotSwapStatus":null,"httpsOnly":false,"endToEndEncryptionEnabled":false,"functionsRuntimeAdminIsolationEnabled":false,"redundancyMode":"None","inProgressOperationId":null,"geoDistributions":null,"privateEndpointConnections":[],"publicNetworkAccess":null,"buildVersion":null,"targetBuildVersion":null,"migrationState":null,"eligibleLogCategories":"FunctionAppLogs","inFlightFeatures":["SiteContainers"],"storageAccountRequired":false,"virtualNetworkSubnetId":null,"keyVaultReferenceIdentity":"SystemAssigned","autoGeneratedDomainNameLabelScope":null,"defaultHostNameScope":"Global","privateLinkIdentifiers":null,"sshEnabled":null}}'
    headers:
      cache-control:
      - no-cache
      content-length:
      - '7110'
      content-type:
      - application/json
      date:
      - Fri, 12 Apr 2024 11:25:19 GMT
      etag:
      - '"1DA8CCBF0AF7D15"'
      expires:
      - '-1'
      pragma:
      - no-cache
      strict-transport-security:
      - max-age=31536000; includeSubDomains
      x-aspnet-version:
      - 4.0.30319
      x-cache:
      - CONFIG_NOCACHE
      x-content-type-options:
      - nosniff
      x-msedge-ref:
      - 'Ref A: DF892F794B9C418C929D7C01EA96D542 Ref B: MAA201060516019 Ref C: 2024-04-12T11:25:18Z'
      x-powered-by:
      - ASP.NET
    status:
      code: 200
      message: OK
- request:
    body: null
    headers:
      Accept:
      - application/json
      Accept-Encoding:
      - gzip, deflate
      CommandName:
      - functionapp config appsettings list
      Connection:
      - keep-alive
      ParameterSetName:
      - -g -n
      User-Agent:
      - AZURECLI/2.59.0 azsdk-python-core/1.28.0 Python/3.10.11 (Windows-10-10.0.19045-SP0)
    method: GET
    uri: https://management.azure.com/subscriptions/00000000-0000-0000-0000-000000000000/resourceGroups/clitest.rg000001/providers/Microsoft.Web/sites/functionappwithappinsights000003?api-version=2023-01-01
  response:
    body:
      string: '{"id":"/subscriptions/00000000-0000-0000-0000-000000000000/resourceGroups/clitest.rg000001/providers/Microsoft.Web/sites/functionappwithappinsights000003","name":"functionappwithappinsights000003","type":"Microsoft.Web/sites","kind":"functionapp","location":"France
        Central","properties":{"name":"functionappwithappinsights000003","state":"Running","hostNames":["functionappwithappinsights000003.azurewebsites.net"],"webSpace":"clitest.rg000001-FranceCentralwebspace","selfLink":"https://waws-prod-par-027.api.azurewebsites.windows.net:454/subscriptions/00000000-0000-0000-0000-000000000000/webspaces/clitest.rg000001-FranceCentralwebspace/sites/functionappwithappinsights000003","repositorySiteName":"functionappwithappinsights000003","owner":null,"usageState":"Normal","enabled":true,"adminEnabled":true,"afdEnabled":false,"enabledHostNames":["functionappwithappinsights000003.azurewebsites.net","functionappwithappinsights000003.scm.azurewebsites.net"],"siteProperties":{"metadata":null,"properties":[{"name":"LinuxFxVersion","value":""},{"name":"WindowsFxVersion","value":null}],"appSettings":null},"availabilityState":"Normal","sslCertificates":null,"csrs":[],"cers":null,"siteMode":null,"hostNameSslStates":[{"name":"functionappwithappinsights000003.azurewebsites.net","sslState":"Disabled","ipBasedSslResult":null,"virtualIP":null,"virtualIPv6":null,"thumbprint":null,"certificateResourceId":null,"toUpdate":null,"toUpdateIpBasedSsl":null,"ipBasedSslState":"NotConfigured","hostType":"Standard"},{"name":"functionappwithappinsights000003.scm.azurewebsites.net","sslState":"Disabled","ipBasedSslResult":null,"virtualIP":null,"virtualIPv6":null,"thumbprint":null,"certificateResourceId":null,"toUpdate":null,"toUpdateIpBasedSsl":null,"ipBasedSslState":"NotConfigured","hostType":"Repository"}],"computeMode":null,"serverFarm":null,"serverFarmId":"/subscriptions/00000000-0000-0000-0000-000000000000/resourceGroups/clitest.rg000001/providers/Microsoft.Web/serverfarms/FranceCentralPlan","reserved":false,"isXenon":false,"hyperV":false,"lastModifiedTimeUtc":"2024-04-12T11:24:10.5133333","storageRecoveryDefaultState":"Running","contentAvailabilityState":"Normal","runtimeAvailabilityState":"Normal","dnsConfiguration":{},"vnetRouteAllEnabled":false,"containerAllocationSubnet":null,"useContainerLocalhostBindings":null,"vnetImagePullEnabled":false,"vnetContentShareEnabled":false,"siteConfig":{"numberOfWorkers":1,"defaultDocuments":null,"netFrameworkVersion":null,"phpVersion":null,"pythonVersion":null,"nodeVersion":null,"powerShellVersion":null,"linuxFxVersion":"","windowsFxVersion":null,"windowsConfiguredStacks":null,"requestTracingEnabled":null,"remoteDebuggingEnabled":null,"remoteDebuggingVersion":null,"httpLoggingEnabled":null,"azureMonitorLogCategories":null,"acrUseManagedIdentityCreds":false,"acrUserManagedIdentityID":null,"logsDirectorySizeLimit":null,"detailedErrorLoggingEnabled":null,"publishingUsername":null,"publishingPassword":null,"appSettings":null,"metadata":null,"connectionStrings":null,"machineKey":null,"handlerMappings":null,"documentRoot":null,"scmType":null,"use32BitWorkerProcess":null,"webSocketsEnabled":null,"alwaysOn":false,"javaVersion":null,"javaContainer":null,"javaContainerVersion":null,"appCommandLine":null,"managedPipelineMode":null,"virtualApplications":null,"winAuthAdminState":null,"winAuthTenantState":null,"customAppPoolIdentityAdminState":null,"customAppPoolIdentityTenantState":null,"runtimeADUser":null,"runtimeADUserPassword":null,"loadBalancing":null,"routingRules":null,"experiments":null,"limits":null,"autoHealEnabled":null,"autoHealRules":null,"tracingOptions":null,"vnetName":null,"vnetRouteAllEnabled":null,"vnetPrivatePortsCount":null,"publicNetworkAccess":null,"cors":null,"push":null,"apiDefinition":null,"apiManagementConfig":null,"autoSwapSlotName":null,"localMySqlEnabled":null,"managedServiceIdentityId":null,"xManagedServiceIdentityId":null,"keyVaultReferenceIdentity":null,"ipSecurityRestrictions":null,"ipSecurityRestrictionsDefaultAction":null,"scmIpSecurityRestrictions":null,"scmIpSecurityRestrictionsDefaultAction":null,"scmIpSecurityRestrictionsUseMain":null,"http20Enabled":true,"minTlsVersion":null,"minTlsCipherSuite":null,"supportedTlsCipherSuites":null,"scmMinTlsVersion":null,"ftpsState":null,"preWarmedInstanceCount":null,"functionAppScaleLimit":200,"elasticWebAppScaleLimit":null,"healthCheckPath":null,"fileChangeAuditEnabled":null,"functionsRuntimeScaleMonitoringEnabled":null,"websiteTimeZone":null,"minimumElasticInstanceCount":0,"azureStorageAccounts":null,"http20ProxyFlag":null,"sitePort":null,"antivirusScanEnabled":null,"storageType":null,"sitePrivateLinkHostEnabled":null},"functionAppConfig":null,"daprConfig":null,"deploymentId":"functionappwithappinsights000003","slotName":null,"trafficManagerHostNames":null,"sku":"Dynamic","scmSiteAlsoStopped":false,"targetSwapSlot":null,"hostingEnvironment":null,"hostingEnvironmentProfile":null,"clientAffinityEnabled":false,"clientCertEnabled":false,"clientCertMode":"Required","clientCertExclusionPaths":null,"hostNamesDisabled":false,"ipMode":"IPv4","vnetBackupRestoreEnabled":false,"domainVerificationIdentifiers":null,"customDomainVerificationId":"253001F2FCF5A7B1CD759EB861E9BB1596370BE27E47A991F72184277B3D12F2","kind":"functionapp","managedEnvironmentId":null,"workloadProfileName":null,"resourceConfig":null,"inboundIpAddress":"20.111.1.2","possibleInboundIpAddresses":"20.111.1.2","ftpUsername":"functionappwithappinsights000003\\$functionappwithappinsights000003","ftpsHostName":"ftps://waws-prod-par-027.ftp.azurewebsites.windows.net/site/wwwroot","outboundIpAddresses":"40.66.62.25,20.74.28.170,20.74.74.36,20.74.74.99,20.74.76.20,20.74.76.129,20.111.1.2","possibleOutboundIpAddresses":"40.66.62.25,20.74.28.170,20.74.74.36,20.74.74.99,20.74.76.20,20.74.76.129,20.74.77.167,20.19.16.20,20.19.16.48,20.19.16.79,20.19.16.103,20.19.16.106,20.19.16.132,20.19.16.139,20.19.16.170,20.19.16.172,20.19.16.177,20.19.16.205,20.19.16.220,20.19.16.237,20.19.16.245,20.19.16.253,20.19.17.12,20.19.17.33,20.19.17.38,20.19.17.55,20.19.17.73,20.19.17.89,20.19.17.121,20.19.17.137,20.111.1.2","containerSize":1536,"dailyMemoryTimeQuota":0,"suspendedTill":null,"siteDisabledReason":0,"functionExecutionUnitsCache":null,"maxNumberOfWorkers":null,"homeStamp":"waws-prod-par-027","cloningInfo":null,"hostingEnvironmentId":null,"tags":null,"resourceGroup":"clitest.rg000001","defaultHostName":"functionappwithappinsights000003.azurewebsites.net","slotSwapStatus":null,"httpsOnly":false,"endToEndEncryptionEnabled":false,"functionsRuntimeAdminIsolationEnabled":false,"redundancyMode":"None","inProgressOperationId":null,"geoDistributions":null,"privateEndpointConnections":[],"publicNetworkAccess":null,"buildVersion":null,"targetBuildVersion":null,"migrationState":null,"eligibleLogCategories":"FunctionAppLogs","inFlightFeatures":["SiteContainers"],"storageAccountRequired":false,"virtualNetworkSubnetId":null,"keyVaultReferenceIdentity":"SystemAssigned","autoGeneratedDomainNameLabelScope":null,"defaultHostNameScope":"Global","privateLinkIdentifiers":null,"sshEnabled":null}}'
    headers:
      cache-control:
      - no-cache
      content-length:
      - '7110'
      content-type:
      - application/json
      date:
      - Fri, 12 Apr 2024 11:25:23 GMT
      etag:
      - '"1DA8CCBF0AF7D15"'
      expires:
      - '-1'
      pragma:
      - no-cache
      strict-transport-security:
      - max-age=31536000; includeSubDomains
      x-aspnet-version:
      - 4.0.30319
      x-cache:
      - CONFIG_NOCACHE
      x-content-type-options:
      - nosniff
      x-msedge-ref:
      - 'Ref A: 649B7A1E91CD4B4EB12B12D304A78973 Ref B: MAA201060514031 Ref C: 2024-04-12T11:25:21Z'
      x-powered-by:
      - ASP.NET
    status:
      code: 200
      message: OK
- request:
    body: null
    headers:
      Accept:
      - application/json
      Accept-Encoding:
      - gzip, deflate
      CommandName:
      - functionapp config appsettings list
      Connection:
      - keep-alive
      ParameterSetName:
      - -g -n
      User-Agent:
      - AZURECLI/2.59.0 azsdk-python-core/1.28.0 Python/3.10.11 (Windows-10-10.0.19045-SP0)
    method: GET
    uri: https://management.azure.com/subscriptions/00000000-0000-0000-0000-000000000000/resourceGroups/clitest.rg000001/providers/Microsoft.Web/serverfarms/FranceCentralPlan?api-version=2023-01-01
  response:
    body:
      string: '{"id":"/subscriptions/00000000-0000-0000-0000-000000000000/resourceGroups/clitest.rg000001/providers/Microsoft.Web/serverfarms/FranceCentralPlan","name":"FranceCentralPlan","type":"Microsoft.Web/serverfarms","kind":"functionapp","location":"France
        Central","properties":{"serverFarmId":36070,"name":"FranceCentralPlan","workerSize":"Default","workerSizeId":0,"workerTierName":null,"numberOfWorkers":0,"currentWorkerSize":"Default","currentWorkerSizeId":0,"currentNumberOfWorkers":0,"status":"Ready","webSpace":"clitest.rg000001-FranceCentralwebspace","subscription":"0b1f6471-1bf0-4dda-aec3-cb9272f09590","adminSiteName":null,"hostingEnvironment":null,"hostingEnvironmentProfile":null,"maximumNumberOfWorkers":0,"planName":"VirtualDedicatedPlan","adminRuntimeSiteName":null,"computeMode":"Dynamic","siteMode":null,"geoRegion":"France
        Central","perSiteScaling":false,"elasticScaleEnabled":false,"maximumElasticWorkerCount":1,"numberOfSites":1,"hostingEnvironmentId":null,"isSpot":false,"spotExpirationTime":null,"freeOfferExpirationTime":null,"tags":null,"kind":"functionapp","resourceGroup":"clitest.rg000001","reserved":false,"isXenon":false,"hyperV":false,"mdmId":"waws-prod-par-027_36070","targetWorkerCount":0,"targetWorkerSizeId":0,"provisioningState":"Succeeded","webSiteId":null,"existingServerFarmIds":null,"kubeEnvironmentProfile":null,"zoneRedundant":false,"migrateToVMSS":null,"vnetConnectionsUsed":0,"vnetConnectionsMax":2,"createdTime":"2024-04-12T11:23:43.1633333"},"sku":{"name":"Y1","tier":"Dynamic","size":"Y1","family":"Y","capacity":0}}'
    headers:
      cache-control:
      - no-cache
      content-length:
      - '1555'
      content-type:
      - application/json
      date:
      - Fri, 12 Apr 2024 11:25:27 GMT
      expires:
      - '-1'
      pragma:
      - no-cache
      strict-transport-security:
      - max-age=31536000; includeSubDomains
      x-aspnet-version:
      - 4.0.30319
      x-cache:
      - CONFIG_NOCACHE
      x-content-type-options:
      - nosniff
      x-msedge-ref:
      - 'Ref A: F1FBCC9F5EBD49B0BA99F4C1C02A405C Ref B: MAA201060514031 Ref C: 2024-04-12T11:25:23Z'
      x-powered-by:
      - ASP.NET
    status:
      code: 200
      message: OK
- request:
    body: null
    headers:
      Accept:
      - application/json
      Accept-Encoding:
      - gzip, deflate
      CommandName:
      - functionapp config appsettings list
      Connection:
      - keep-alive
      ParameterSetName:
      - -g -n
      User-Agent:
      - AZURECLI/2.59.0 azsdk-python-core/1.28.0 Python/3.10.11 (Windows-10-10.0.19045-SP0)
    method: GET
    uri: https://management.azure.com/subscriptions/00000000-0000-0000-0000-000000000000/resourceGroups/clitest.rg000001/providers/Microsoft.Web/sites/functionappwithappinsights000003/config/slotConfigNames?api-version=2023-01-01
  response:
    body:
      string: '{"id":null,"name":"functionappwithappinsights000003","type":"Microsoft.Web/sites","location":"France
        Central","properties":{"connectionStringNames":null,"appSettingNames":null,"azureStorageConfigNames":null}}'
    headers:
      cache-control:
      - no-cache
      content-length:
      - '208'
      content-type:
      - application/json
      date:
      - Fri, 12 Apr 2024 11:25:30 GMT
      expires:
      - '-1'
      pragma:
      - no-cache
      strict-transport-security:
      - max-age=31536000; includeSubDomains
      x-aspnet-version:
      - 4.0.30319
      x-cache:
      - CONFIG_NOCACHE
      x-content-type-options:
      - nosniff
      x-msedge-ref:
      - 'Ref A: E037596284D1478996541733540540C3 Ref B: MAA201060514033 Ref C: 2024-04-12T11:25:27Z'
      x-powered-by:
      - ASP.NET
    status:
      code: 200
      message: OK
version: 1
