interactions:
- request:
    body: null
    headers:
      Accept:
      - application/json
      Accept-Encoding:
      - gzip, deflate
      CommandName:
      - acr create
      Connection:
      - keep-alive
      ParameterSetName:
      - --admin-enabled -g -n --sku
      User-Agent:
      - python/3.7.0 (Windows-10-10.0.18362-SP0) msrest/0.6.18 msrest_azure/0.6.3
        azure-mgmt-resource/10.2.0 Azure-SDK-For-Python AZURECLI/2.11.1
      accept-language:
      - en-US
    method: GET
    uri: https://management.azure.com/subscriptions/00000000-0000-0000-0000-000000000000/resourcegroups/clitest.rg000001?api-version=2020-06-01
  response:
    body:
      string: '{"id":"/subscriptions/00000000-0000-0000-0000-000000000000/resourceGroups/clitest.rg000001","name":"clitest.rg000001","type":"Microsoft.Resources/resourceGroups","location":"brazilsouth","tags":{"product":"azurecli","cause":"automation","date":"2020-09-14T13:17:36Z"},"properties":{"provisioningState":"Succeeded"}}'
    headers:
      cache-control:
      - no-cache
      content-length:
      - '433'
      content-type:
      - application/json; charset=utf-8
      date:
      - Mon, 14 Sep 2020 13:18:05 GMT
      expires:
      - '-1'
      pragma:
      - no-cache
      strict-transport-security:
      - max-age=31536000; includeSubDomains
      vary:
      - Accept-Encoding
      x-content-type-options:
      - nosniff
    status:
      code: 200
      message: OK
- request:
    body: '{"location": "brazilsouth", "sku": {"name": "Basic"}, "properties": {"adminUserEnabled":
      true, "publicNetworkAccess": "Enabled"}}'
    headers:
      Accept:
      - application/json
      Accept-Encoding:
      - gzip, deflate
      CommandName:
      - acr create
      Connection:
      - keep-alive
      Content-Length:
      - '129'
      Content-Type:
      - application/json; charset=utf-8
      ParameterSetName:
      - --admin-enabled -g -n --sku
      User-Agent:
      - python/3.7.0 (Windows-10-10.0.18362-SP0) msrest/0.6.18 msrest_azure/0.6.3
        azure-mgmt-containerregistry/3.0.0rc14 Azure-SDK-For-Python AZURECLI/2.11.1
      accept-language:
      - en-US
    method: PUT
    uri: https://management.azure.com/subscriptions/00000000-0000-0000-0000-000000000000/resourceGroups/clitest.rg000001/providers/Microsoft.ContainerRegistry/registries/functionappacrtest000004?api-version=2019-12-01-preview
  response:
    body:
      string: '{"sku":{"name":"Basic","tier":"Basic"},"type":"Microsoft.ContainerRegistry/registries","id":"/subscriptions/00000000-0000-0000-0000-000000000000/resourceGroups/clitest.rg000001/providers/Microsoft.ContainerRegistry/registries/functionappacrtest000004","name":"functionappacrtest000004","location":"brazilsouth","tags":{},"systemData":{"createdBy":"grzuber@microsoft.com","createdByType":"User","createdAt":"2020-09-14T13:18:11.2342671+00:00","lastModifiedBy":"grzuber@microsoft.com","lastModifiedByType":"User","lastModifiedAt":"2020-09-14T13:18:11.2342671+00:00"},"properties":{"loginServer":"functionappacrtest000004.azurecr.io","creationDate":"2020-09-14T13:18:11.2342671Z","provisioningState":"Succeeded","adminUserEnabled":true,"policies":{"quarantinePolicy":{"status":"disabled"},"trustPolicy":{"type":"Notary","status":"disabled"},"retentionPolicy":{"days":7,"lastUpdatedTime":"2020-09-14T13:18:15.0681241+00:00","status":"disabled"}},"encryption":{"status":"disabled"},"dataEndpointEnabled":false,"dataEndpointHostNames":[],"privateEndpointConnections":[],"publicNetworkAccess":"Enabled"}}'
    headers:
      cache-control:
      - no-cache
      content-length:
      - '1156'
      content-type:
      - application/json; charset=utf-8
      date:
      - Mon, 14 Sep 2020 13:18:17 GMT
      expires:
      - '-1'
      pragma:
      - no-cache
      server:
      - Microsoft-HTTPAPI/2.0
      strict-transport-security:
      - max-age=31536000; includeSubDomains
      transfer-encoding:
      - chunked
      vary:
      - Accept-Encoding
      x-content-type-options:
      - nosniff
      x-ms-ratelimit-remaining-subscription-writes:
      - '1199'
    status:
      code: 200
      message: OK
- request:
    body: null
    headers:
      Accept:
      - application/json
      Accept-Encoding:
      - gzip, deflate
      CommandName:
      - acr credential show
      Connection:
      - keep-alive
      ParameterSetName:
      - -n -g
      User-Agent:
      - python/3.7.0 (Windows-10-10.0.18362-SP0) msrest/0.6.18 msrest_azure/0.6.3
        azure-mgmt-containerregistry/3.0.0rc14 Azure-SDK-For-Python AZURECLI/2.11.1
      accept-language:
      - en-US
    method: GET
    uri: https://management.azure.com/subscriptions/00000000-0000-0000-0000-000000000000/resourceGroups/clitest.rg000001/providers/Microsoft.ContainerRegistry/registries/functionappacrtest000004?api-version=2019-12-01-preview
  response:
    body:
      string: '{"sku":{"name":"Basic","tier":"Basic"},"type":"Microsoft.ContainerRegistry/registries","id":"/subscriptions/00000000-0000-0000-0000-000000000000/resourceGroups/clitest.rg000001/providers/Microsoft.ContainerRegistry/registries/functionappacrtest000004","name":"functionappacrtest000004","location":"brazilsouth","tags":{},"systemData":{"createdBy":"grzuber@microsoft.com","createdByType":"User","createdAt":"2020-09-14T13:18:11.2342671+00:00","lastModifiedBy":"grzuber@microsoft.com","lastModifiedByType":"User","lastModifiedAt":"2020-09-14T13:18:11.2342671+00:00"},"properties":{"loginServer":"functionappacrtest000004.azurecr.io","creationDate":"2020-09-14T13:18:11.2342671Z","provisioningState":"Succeeded","adminUserEnabled":true,"policies":{"quarantinePolicy":{"status":"disabled"},"trustPolicy":{"type":"Notary","status":"disabled"},"retentionPolicy":{"days":7,"lastUpdatedTime":"2020-09-14T13:18:15.0681241+00:00","status":"disabled"}},"encryption":{"status":"disabled"},"dataEndpointEnabled":false,"dataEndpointHostNames":[],"privateEndpointConnections":[],"publicNetworkAccess":"Enabled"}}'
    headers:
      cache-control:
      - no-cache
      content-length:
      - '1156'
      content-type:
      - application/json; charset=utf-8
      date:
      - Mon, 14 Sep 2020 13:18:19 GMT
      expires:
      - '-1'
      pragma:
      - no-cache
      server:
      - Microsoft-HTTPAPI/2.0
      strict-transport-security:
      - max-age=31536000; includeSubDomains
      transfer-encoding:
      - chunked
      vary:
      - Accept-Encoding
      x-content-type-options:
      - nosniff
    status:
      code: 200
      message: OK
- request:
    body: null
    headers:
      Accept:
      - application/json
      Accept-Encoding:
      - gzip, deflate
      CommandName:
      - acr credential show
      Connection:
      - keep-alive
      Content-Length:
      - '0'
      ParameterSetName:
      - -n -g
      User-Agent:
      - python/3.7.0 (Windows-10-10.0.18362-SP0) msrest/0.6.18 msrest_azure/0.6.3
        azure-mgmt-containerregistry/3.0.0rc14 Azure-SDK-For-Python AZURECLI/2.11.1
      accept-language:
      - en-US
    method: POST
    uri: https://management.azure.com/subscriptions/00000000-0000-0000-0000-000000000000/resourceGroups/clitest.rg000001/providers/Microsoft.ContainerRegistry/registries/functionappacrtest000004/listCredentials?api-version=2019-12-01-preview
  response:
    body:
      string: '{"username":"functionappacrtest000004","passwords":[{"name":"password","value":"NApFr/dBMuonffNWs=8JKkZKMUm41EoN"},{"name":"password2","value":"AvtEUtRFjCQXr9pmB45+6Q85QsItqkNx"}]}'
    headers:
      cache-control:
      - no-cache
      content-length:
      - '180'
      content-type:
      - application/json; charset=utf-8
      date:
      - Mon, 14 Sep 2020 13:18:20 GMT
      expires:
      - '-1'
      pragma:
      - no-cache
      server:
      - Microsoft-HTTPAPI/2.0
      strict-transport-security:
      - max-age=31536000; includeSubDomains
      transfer-encoding:
      - chunked
      vary:
      - Accept-Encoding
      x-content-type-options:
      - nosniff
      x-ms-ratelimit-remaining-subscription-writes:
      - '1199'
    status:
      code: 200
      message: OK
- request:
    body: null
    headers:
      Accept:
      - application/json
      Accept-Encoding:
      - gzip, deflate
      CommandName:
      - functionapp plan create
      Connection:
      - keep-alive
      ParameterSetName:
      - -g -n --sku --is-linux
      User-Agent:
      - python/3.7.0 (Windows-10-10.0.18362-SP0) msrest/0.6.18 msrest_azure/0.6.3
        azure-mgmt-resource/10.2.0 Azure-SDK-For-Python AZURECLI/2.11.1
      accept-language:
      - en-US
    method: GET
    uri: https://management.azure.com/subscriptions/00000000-0000-0000-0000-000000000000/resourcegroups/clitest.rg000001?api-version=2020-06-01
  response:
    body:
      string: '{"id":"/subscriptions/00000000-0000-0000-0000-000000000000/resourceGroups/clitest.rg000001","name":"clitest.rg000001","type":"Microsoft.Resources/resourceGroups","location":"brazilsouth","tags":{"product":"azurecli","cause":"automation","date":"2020-09-14T13:17:36Z"},"properties":{"provisioningState":"Succeeded"}}'
    headers:
      cache-control:
      - no-cache
      content-length:
      - '433'
      content-type:
      - application/json; charset=utf-8
      date:
      - Mon, 14 Sep 2020 13:18:21 GMT
      expires:
      - '-1'
      pragma:
      - no-cache
      strict-transport-security:
      - max-age=31536000; includeSubDomains
      vary:
      - Accept-Encoding
      x-content-type-options:
      - nosniff
    status:
      code: 200
      message: OK
- request:
    body: '{"location": "brazilsouth", "properties": {"perSiteScaling": false, "reserved":
      true, "isXenon": false}, "sku": {"name": "S1", "tier": "STANDARD"}}'
    headers:
      Accept:
      - application/json
      Accept-Encoding:
      - gzip, deflate
      CommandName:
      - functionapp plan create
      Connection:
      - keep-alive
      Content-Length:
      - '147'
      Content-Type:
      - application/json; charset=utf-8
      ParameterSetName:
      - -g -n --sku --is-linux
      User-Agent:
      - python/3.7.0 (Windows-10-10.0.18362-SP0) msrest/0.6.18 msrest_azure/0.6.3
        azure-mgmt-web/0.47.0 Azure-SDK-For-Python AZURECLI/2.11.1
      accept-language:
      - en-US
    method: PUT
    uri: https://management.azure.com/subscriptions/00000000-0000-0000-0000-000000000000/resourceGroups/clitest.rg000001/providers/Microsoft.Web/serverfarms/acrtestplanfunction000003?api-version=2019-08-01
  response:
    body:
      string: '{"id":"/subscriptions/00000000-0000-0000-0000-000000000000/resourceGroups/clitest.rg000001/providers/Microsoft.Web/serverfarms/acrtestplanfunction000003","name":"acrtestplanfunction000003","type":"Microsoft.Web/serverfarms","kind":"linux","location":"Brazil
        South","properties":{"serverFarmId":6417,"name":"acrtestplanfunction000003","workerSize":"Default","workerSizeId":0,"workerTierName":null,"numberOfWorkers":1,"currentWorkerSize":"Default","currentWorkerSizeId":0,"currentNumberOfWorkers":1,"status":"Ready","webSpace":"clitest.rg000001-BrazilSouthwebspace","subscription":"91cd5f6d-f9c2-4f2c-b0c8-725c15a30007","adminSiteName":null,"hostingEnvironment":null,"hostingEnvironmentProfile":null,"maximumNumberOfWorkers":10,"planName":"VirtualDedicatedPlan","adminRuntimeSiteName":null,"computeMode":"Dedicated","siteMode":null,"geoRegion":"Brazil
        South","perSiteScaling":false,"maximumElasticWorkerCount":1,"numberOfSites":0,"hostingEnvironmentId":null,"isSpot":false,"spotExpirationTime":null,"freeOfferExpirationTime":null,"tags":null,"kind":"linux","resourceGroup":"clitest.rg000001","reserved":true,"isXenon":false,"hyperV":false,"mdmId":"waws-prod-cq1-021_6417","targetWorkerCount":0,"targetWorkerSizeId":0,"provisioningState":"Succeeded","webSiteId":null,"existingServerFarmIds":null},"sku":{"name":"S1","tier":"Standard","size":"S1","family":"S","capacity":1}}'
    headers:
      cache-control:
      - no-cache
      content-length:
      - '1544'
      content-type:
      - application/json
      date:
      - Mon, 14 Sep 2020 13:18:46 GMT
      expires:
      - '-1'
      pragma:
      - no-cache
      server:
      - Microsoft-IIS/10.0
      strict-transport-security:
      - max-age=31536000; includeSubDomains
      transfer-encoding:
      - chunked
      vary:
      - Accept-Encoding
      x-aspnet-version:
      - 4.0.30319
      x-content-type-options:
      - nosniff
      x-ms-ratelimit-remaining-subscription-writes:
      - '1199'
      x-powered-by:
      - ASP.NET
    status:
      code: 200
      message: OK
- request:
    body: null
    headers:
      Accept:
      - application/json
      Accept-Encoding:
      - gzip, deflate
      CommandName:
      - functionapp create
      Connection:
      - keep-alive
      ParameterSetName:
      - -g -n -s --plan --runtime --deployment-container-image-name --docker-registry-server-user
        --docker-registry-server-password
      User-Agent:
      - python/3.7.0 (Windows-10-10.0.18362-SP0) msrest/0.6.18 msrest_azure/0.6.3
        azure-mgmt-web/0.47.0 Azure-SDK-For-Python AZURECLI/2.11.1
      accept-language:
      - en-US
    method: GET
    uri: https://management.azure.com/subscriptions/00000000-0000-0000-0000-000000000000/resourceGroups/clitest.rg000001/providers/Microsoft.Web/serverfarms/acrtestplanfunction000003?api-version=2019-08-01
  response:
    body:
      string: '{"id":"/subscriptions/00000000-0000-0000-0000-000000000000/resourceGroups/clitest.rg000001/providers/Microsoft.Web/serverfarms/acrtestplanfunction000003","name":"acrtestplanfunction000003","type":"Microsoft.Web/serverfarms","kind":"linux","location":"Brazil
        South","properties":{"serverFarmId":6417,"name":"acrtestplanfunction000003","workerSize":"Default","workerSizeId":0,"workerTierName":null,"numberOfWorkers":1,"currentWorkerSize":"Default","currentWorkerSizeId":0,"currentNumberOfWorkers":1,"status":"Ready","webSpace":"clitest.rg000001-BrazilSouthwebspace","subscription":"91cd5f6d-f9c2-4f2c-b0c8-725c15a30007","adminSiteName":null,"hostingEnvironment":null,"hostingEnvironmentProfile":null,"maximumNumberOfWorkers":10,"planName":"VirtualDedicatedPlan","adminRuntimeSiteName":null,"computeMode":"Dedicated","siteMode":null,"geoRegion":"Brazil
        South","perSiteScaling":false,"maximumElasticWorkerCount":1,"numberOfSites":0,"hostingEnvironmentId":null,"isSpot":false,"spotExpirationTime":null,"freeOfferExpirationTime":null,"tags":null,"kind":"linux","resourceGroup":"clitest.rg000001","reserved":true,"isXenon":false,"hyperV":false,"mdmId":"waws-prod-cq1-021_6417","targetWorkerCount":0,"targetWorkerSizeId":0,"provisioningState":"Succeeded","webSiteId":null,"existingServerFarmIds":null},"sku":{"name":"S1","tier":"Standard","size":"S1","family":"S","capacity":1}}'
    headers:
      cache-control:
      - no-cache
      content-length:
      - '1544'
      content-type:
      - application/json
      date:
      - Mon, 14 Sep 2020 13:18:47 GMT
      expires:
      - '-1'
      pragma:
      - no-cache
      server:
      - Microsoft-IIS/10.0
      strict-transport-security:
      - max-age=31536000; includeSubDomains
      transfer-encoding:
      - chunked
      vary:
      - Accept-Encoding
      x-aspnet-version:
      - 4.0.30319
      x-content-type-options:
      - nosniff
      x-powered-by:
      - ASP.NET
    status:
      code: 200
      message: OK
- request:
    body: null
    headers:
      Accept:
      - application/json
      Accept-Encoding:
      - gzip, deflate
      CommandName:
      - functionapp create
      Connection:
      - keep-alive
      ParameterSetName:
      - -g -n -s --plan --runtime --deployment-container-image-name --docker-registry-server-user
        --docker-registry-server-password
      User-Agent:
      - python/3.7.0 (Windows-10-10.0.18362-SP0) msrest/0.6.18 msrest_azure/0.6.3
        azure-mgmt-storage/11.2.0 Azure-SDK-For-Python AZURECLI/2.11.1
      accept-language:
      - en-US
    method: GET
    uri: https://management.azure.com/subscriptions/00000000-0000-0000-0000-000000000000/resourceGroups/clitest.rg000001/providers/Microsoft.Storage/storageAccounts/clitestacr000002?api-version=2019-06-01
  response:
    body:
      string: '{"sku":{"name":"Standard_LRS","tier":"Standard"},"kind":"Storage","id":"/subscriptions/00000000-0000-0000-0000-000000000000/resourceGroups/clitest.rg000001/providers/Microsoft.Storage/storageAccounts/clitestacr000002","name":"clitestacr000002","type":"Microsoft.Storage/storageAccounts","location":"westus","tags":{},"properties":{"privateEndpointConnections":[],"networkAcls":{"bypass":"AzureServices","virtualNetworkRules":[],"ipRules":[],"defaultAction":"Allow"},"supportsHttpsTrafficOnly":true,"encryption":{"services":{"file":{"keyType":"Account","enabled":true,"lastEnabledTime":"2020-09-14T13:17:47.3216199Z"},"blob":{"keyType":"Account","enabled":true,"lastEnabledTime":"2020-09-14T13:17:47.3216199Z"}},"keySource":"Microsoft.Storage"},"provisioningState":"Succeeded","creationTime":"2020-09-14T13:17:47.2590966Z","primaryEndpoints":{"blob":"https://clitestacr000002.blob.core.windows.net/","queue":"https://clitestacr000002.queue.core.windows.net/","table":"https://clitestacr000002.table.core.windows.net/","file":"https://clitestacr000002.file.core.windows.net/"},"primaryLocation":"westus","statusOfPrimary":"available"}}'
    headers:
      cache-control:
      - no-cache
      content-length:
      - '1240'
      content-type:
      - application/json
      date:
      - Mon, 14 Sep 2020 13:18:47 GMT
      expires:
      - '-1'
      pragma:
      - no-cache
      server:
      - Microsoft-Azure-Storage-Resource-Provider/1.0,Microsoft-HTTPAPI/2.0 Microsoft-HTTPAPI/2.0
      strict-transport-security:
      - max-age=31536000; includeSubDomains
      transfer-encoding:
      - chunked
      vary:
      - Accept-Encoding
      x-content-type-options:
      - nosniff
    status:
      code: 200
      message: OK
- request:
    body: null
    headers:
      Accept:
      - application/json
      Accept-Encoding:
      - gzip, deflate
      CommandName:
      - functionapp create
      Connection:
      - keep-alive
      Content-Length:
      - '0'
      ParameterSetName:
      - -g -n -s --plan --runtime --deployment-container-image-name --docker-registry-server-user
        --docker-registry-server-password
      User-Agent:
      - python/3.7.0 (Windows-10-10.0.18362-SP0) msrest/0.6.18 msrest_azure/0.6.3
        azure-mgmt-storage/11.2.0 Azure-SDK-For-Python AZURECLI/2.11.1
      accept-language:
      - en-US
    method: POST
    uri: https://management.azure.com/subscriptions/00000000-0000-0000-0000-000000000000/resourceGroups/clitest.rg000001/providers/Microsoft.Storage/storageAccounts/clitestacr000002/listKeys?api-version=2019-06-01
  response:
    body:
      string: '{"keys":[{"keyName":"key1","value":"veryFakedStorageAccountKey==","permissions":"FULL"},{"keyName":"key2","value":"veryFakedStorageAccountKey==","permissions":"FULL"}]}'
    headers:
      cache-control:
      - no-cache
      content-length:
      - '288'
      content-type:
      - application/json
      date:
      - Mon, 14 Sep 2020 13:18:47 GMT
      expires:
      - '-1'
      pragma:
      - no-cache
      server:
      - Microsoft-Azure-Storage-Resource-Provider/1.0,Microsoft-HTTPAPI/2.0 Microsoft-HTTPAPI/2.0
      strict-transport-security:
      - max-age=31536000; includeSubDomains
      transfer-encoding:
      - chunked
      vary:
      - Accept-Encoding
      x-content-type-options:
      - nosniff
      x-ms-ratelimit-remaining-subscription-resource-requests:
      - '11999'
    status:
      code: 200
      message: OK
- request:
    body: '{"kind": "functionapp,linux,container", "location": "Brazil South", "properties":
      {"serverFarmId": "acrtestplanfunction000003", "reserved": true, "isXenon": false,
      "hyperV": false, "siteConfig": {"netFrameworkVersion": "v4.6", "linuxFxVersion":
      "DOCKER|functionappacrtest000004.azurecr.io/image-name:latest", "appSettings":
      [{"name": "MACHINEKEY_DecryptionKey", "value": "C4850BF64016B7729D04AE5A23D089F84E4E557BF8E02381931822AF4D8F24F5"},
      {"name": "DOCKER_CUSTOM_IMAGE_NAME", "value": "functionappacrtest000004.azurecr.io/image-name:latest"},
      {"name": "FUNCTION_APP_EDIT_MODE", "value": "readOnly"}, {"name": "WEBSITES_ENABLE_APP_SERVICE_STORAGE",
      "value": "false"}, {"name": "FUNCTIONS_EXTENSION_VERSION", "value": "~2"}, {"name":
      "AzureWebJobsStorage", "value": "DefaultEndpointsProtocol=https;EndpointSuffix=core.windows.net;AccountName=clitestacr000002;AccountKey=veryFakedStorageAccountKey=="}],
      "use32BitWorkerProcess": false, "alwaysOn": true, "localMySqlEnabled": false,
      "http20Enabled": true}, "scmSiteAlsoStopped": false}}'
    headers:
      Accept:
      - application/json
      Accept-Encoding:
      - gzip, deflate
      CommandName:
      - functionapp create
      Connection:
      - keep-alive
      Content-Length:
      - '1100'
      Content-Type:
      - application/json; charset=utf-8
      ParameterSetName:
      - -g -n -s --plan --runtime --deployment-container-image-name --docker-registry-server-user
        --docker-registry-server-password
      User-Agent:
      - python/3.7.0 (Windows-10-10.0.18362-SP0) msrest/0.6.18 msrest_azure/0.6.3
        azure-mgmt-web/0.47.0 Azure-SDK-For-Python AZURECLI/2.11.1
      accept-language:
      - en-US
    method: PUT
    uri: https://management.azure.com/subscriptions/00000000-0000-0000-0000-000000000000/resourceGroups/clitest.rg000001/providers/Microsoft.Web/sites/functionappacrtest000004?api-version=2019-08-01
  response:
    body:
      string: '{"id":"/subscriptions/00000000-0000-0000-0000-000000000000/resourceGroups/clitest.rg000001/providers/Microsoft.Web/sites/functionappacrtest000004","name":"functionappacrtest000004","type":"Microsoft.Web/sites","kind":"functionapp,linux,container","location":"Brazil
        South","properties":{"name":"functionappacrtest000004","state":"Running","hostNames":["functionappacrtest000004.azurewebsites.net"],"webSpace":"clitest.rg000001-BrazilSouthwebspace","selfLink":"https://waws-prod-cq1-021.api.azurewebsites.windows.net:454/subscriptions/00000000-0000-0000-0000-000000000000/webspaces/clitest.rg000001-BrazilSouthwebspace/sites/functionappacrtest000004","repositorySiteName":"functionappacrtest000004","owner":null,"usageState":"Normal","enabled":true,"adminEnabled":true,"enabledHostNames":["functionappacrtest000004.azurewebsites.net","functionappacrtest000004.scm.azurewebsites.net"],"siteProperties":{"metadata":null,"properties":[{"name":"LinuxFxVersion","value":"DOCKER|functionappacrtest000004.azurecr.io/image-name:latest"},{"name":"WindowsFxVersion","value":null}],"appSettings":null},"availabilityState":"Normal","sslCertificates":null,"csrs":[],"cers":null,"siteMode":null,"hostNameSslStates":[{"name":"functionappacrtest000004.azurewebsites.net","sslState":"Disabled","ipBasedSslResult":null,"virtualIP":null,"thumbprint":null,"toUpdate":null,"toUpdateIpBasedSsl":null,"ipBasedSslState":"NotConfigured","hostType":"Standard"},{"name":"functionappacrtest000004.scm.azurewebsites.net","sslState":"Disabled","ipBasedSslResult":null,"virtualIP":null,"thumbprint":null,"toUpdate":null,"toUpdateIpBasedSsl":null,"ipBasedSslState":"NotConfigured","hostType":"Repository"}],"computeMode":null,"serverFarm":null,"serverFarmId":"/subscriptions/00000000-0000-0000-0000-000000000000/resourceGroups/clitest.rg000001/providers/Microsoft.Web/serverfarms/acrtestplanfunction000003","reserved":true,"isXenon":false,"hyperV":false,"lastModifiedTimeUtc":"2020-09-14T13:18:58.6466667","storageRecoveryDefaultState":"Running","contentAvailabilityState":"Normal","runtimeAvailabilityState":"Normal","siteConfig":{"numberOfWorkers":null,"defaultDocuments":null,"netFrameworkVersion":null,"phpVersion":null,"pythonVersion":null,"nodeVersion":null,"powerShellVersion":null,"linuxFxVersion":null,"windowsFxVersion":null,"requestTracingEnabled":null,"remoteDebuggingEnabled":null,"remoteDebuggingVersion":null,"httpLoggingEnabled":null,"azureMonitorLogCategories":null,"acrUseManagedIdentityCreds":false,"acrUserManagedIdentityID":null,"logsDirectorySizeLimit":null,"detailedErrorLoggingEnabled":null,"publishingUsername":null,"publishingPassword":null,"appSettings":null,"azureStorageAccounts":null,"metadata":null,"connectionStrings":null,"machineKey":null,"handlerMappings":null,"documentRoot":null,"scmType":null,"use32BitWorkerProcess":null,"webSocketsEnabled":null,"alwaysOn":null,"javaVersion":null,"javaContainer":null,"javaContainerVersion":null,"appCommandLine":null,"managedPipelineMode":null,"virtualApplications":null,"winAuthAdminState":null,"winAuthTenantState":null,"customAppPoolIdentityAdminState":null,"customAppPoolIdentityTenantState":null,"runtimeADUser":null,"runtimeADUserPassword":null,"loadBalancing":null,"routingRules":null,"experiments":null,"limits":null,"autoHealEnabled":null,"autoHealRules":null,"tracingOptions":null,"vnetName":null,"vnetRouteAllEnabled":null,"cors":null,"push":null,"apiDefinition":null,"apiManagementConfig":null,"autoSwapSlotName":null,"localMySqlEnabled":null,"managedServiceIdentityId":null,"xManagedServiceIdentityId":null,"ipSecurityRestrictions":[{"ipAddress":"Any","action":"Allow","priority":1,"name":"Allow
        all","description":"Allow all access"}],"scmIpSecurityRestrictions":[{"ipAddress":"Any","action":"Allow","priority":1,"name":"Allow
        all","description":"Allow all access"}],"scmIpSecurityRestrictionsUseMain":null,"http20Enabled":null,"minTlsVersion":null,"scmMinTlsVersion":null,"ftpsState":null,"preWarmedInstanceCount":null,"functionAppScaleLimit":null,"healthCheckPath":null,"fileChangeAuditEnabled":null,"functionsRuntimeScaleMonitoringEnabled":null,"websiteTimeZone":null,"minimumElasticInstanceCount":0},"deploymentId":"functionappacrtest000004","trafficManagerHostNames":null,"sku":"Standard","scmSiteAlsoStopped":false,"targetSwapSlot":null,"hostingEnvironment":null,"hostingEnvironmentProfile":null,"clientAffinityEnabled":false,"clientCertEnabled":false,"clientCertMode":"Required","clientCertExclusionPaths":null,"hostNamesDisabled":false,"domainVerificationIdentifiers":null,"customDomainVerificationId":"8C6F9A2DFF5567512CBF49A74AA9A8E247C1525B2054B1AF43907DB37817D162","kind":"functionapp,linux,container","inboundIpAddress":"191.233.203.33","possibleInboundIpAddresses":"191.233.203.33","ftpUsername":"functionappacrtest000004\\$functionappacrtest000004","ftpsHostName":"ftps://waws-prod-cq1-021.ftp.azurewebsites.windows.net/site/wwwroot","outboundIpAddresses":"191.233.203.33,191.232.237.67,191.232.232.81,191.232.193.240,191.232.238.181","possibleOutboundIpAddresses":"191.233.203.33,191.232.237.67,191.232.232.81,191.232.193.240,191.232.238.181,191.232.195.211,191.232.199.56,191.234.189.236,191.232.195.246,191.232.198.180","containerSize":0,"dailyMemoryTimeQuota":0,"suspendedTill":null,"siteDisabledReason":0,"functionExecutionUnitsCache":null,"maxNumberOfWorkers":null,"homeStamp":"waws-prod-cq1-021","cloningInfo":null,"hostingEnvironmentId":null,"tags":null,"resourceGroup":"clitest.rg000001","defaultHostName":"functionappacrtest000004.azurewebsites.net","slotSwapStatus":null,"httpsOnly":false,"redundancyMode":"None","inProgressOperationId":null,"geoDistributions":null,"privateEndpointConnections":null,"buildVersion":null,"targetBuildVersion":null,"migrationState":null}}'
    headers:
      cache-control:
      - no-cache
      content-length:
      - '6044'
      content-type:
      - application/json
      date:
      - Mon, 14 Sep 2020 13:19:16 GMT
      etag:
      - '"1D68A999B3CF0E0"'
      expires:
      - '-1'
      pragma:
      - no-cache
      server:
      - Microsoft-IIS/10.0
      strict-transport-security:
      - max-age=31536000; includeSubDomains
      transfer-encoding:
      - chunked
      vary:
      - Accept-Encoding
      x-aspnet-version:
      - 4.0.30319
      x-content-type-options:
      - nosniff
      x-ms-ratelimit-remaining-subscription-resource-requests:
      - '499'
      x-powered-by:
      - ASP.NET
    status:
      code: 200
      message: OK
- request:
    body: '{"location": "Brazil South", "kind": "web", "properties": {"Application_Type":
      "web"}}'
    headers:
      Accept:
      - application/json
      Accept-Encoding:
      - gzip, deflate
      CommandName:
      - functionapp create
      Connection:
      - keep-alive
      Content-Length:
      - '86'
      Content-Type:
      - application/json; charset=utf-8
      ParameterSetName:
      - -g -n -s --plan --runtime --deployment-container-image-name --docker-registry-server-user
        --docker-registry-server-password
      User-Agent:
      - python/3.7.0 (Windows-10-10.0.18362-SP0) msrest/0.6.18 msrest_azure/0.6.3
        azure-mgmt-applicationinsights/0.1.1 Azure-SDK-For-Python AZURECLI/2.11.1
      accept-language:
      - en-US
    method: PUT
    uri: https://management.azure.com/subscriptions/00000000-0000-0000-0000-000000000000/resourceGroups/clitest.rg000001/providers/microsoft.insights/components/functionappacrtest000004?api-version=2015-05-01
  response:
    body:
      string: '{"id":"/subscriptions/00000000-0000-0000-0000-000000000000/resourceGroups/clitest.rg000001/providers/microsoft.insights/components/functionappacrtest000004","name":"functionappacrtest000004","type":"microsoft.insights/components","location":"brazilsouth","tags":{},"kind":"web","etag":"\"250018f2-0000-0b00-0000-5f5f6ddb0000\"","properties":{"Ver":"v2","ApplicationId":"functionappacrtest000004","AppId":"d5dfec3e-56df-4211-9ebf-6a13c5d2549f","Application_Type":"web","Flow_Type":null,"Request_Source":null,"InstrumentationKey":"558c97c6-be64-432d-ac17-df377519dd91","ConnectionString":"InstrumentationKey=558c97c6-be64-432d-ac17-df377519dd91;IngestionEndpoint=https://brazilsouth-0.in.applicationinsights.azure.com/","Name":"functionappacrtest000004","CreationDate":"2020-09-14T13:19:23.4753312+00:00","TenantId":"91cd5f6d-f9c2-4f2c-b0c8-725c15a30007","provisioningState":"Succeeded","SamplingPercentage":null,"RetentionInDays":90,"IngestionMode":"ApplicationInsights","publicNetworkAccessForIngestion":"Enabled","publicNetworkAccessForQuery":"Enabled"}}'
    headers:
      access-control-expose-headers:
      - Request-Context
      cache-control:
      - no-cache
      content-length:
      - '1114'
      content-type:
      - application/json; charset=utf-8
      date:
      - Mon, 14 Sep 2020 13:19:26 GMT
      expires:
      - '-1'
      pragma:
      - no-cache
      request-context:
      - appId=cid-v1:920e14b1-13f3-461a-a4bb-b4fe6f1a4525
      server:
      - Microsoft-IIS/10.0
      strict-transport-security:
      - max-age=31536000; includeSubDomains
      transfer-encoding:
      - chunked
      vary:
      - Accept-Encoding
      x-content-type-options:
      - nosniff
      x-ms-ratelimit-remaining-subscription-writes:
      - '1198'
      x-powered-by:
      - ASP.NET
    status:
      code: 200
      message: OK
- request:
    body: null
    headers:
      Accept:
      - application/json
      Accept-Encoding:
      - gzip, deflate
      CommandName:
      - functionapp create
      Connection:
      - keep-alive
      Content-Length:
      - '0'
      ParameterSetName:
      - -g -n -s --plan --runtime --deployment-container-image-name --docker-registry-server-user
        --docker-registry-server-password
      User-Agent:
      - python/3.7.0 (Windows-10-10.0.18362-SP0) msrest/0.6.18 msrest_azure/0.6.3
        azure-mgmt-web/0.47.0 Azure-SDK-For-Python AZURECLI/2.11.1
      accept-language:
      - en-US
    method: POST
    uri: https://management.azure.com/subscriptions/00000000-0000-0000-0000-000000000000/resourceGroups/clitest.rg000001/providers/Microsoft.Web/sites/functionappacrtest000004/config/appsettings/list?api-version=2019-08-01
  response:
    body:
      string: '{"id":"/subscriptions/00000000-0000-0000-0000-000000000000/resourceGroups/clitest.rg000001/providers/Microsoft.Web/sites/functionappacrtest000004/config/appsettings","name":"appsettings","type":"Microsoft.Web/sites/config","location":"Brazil
        South","properties":{"MACHINEKEY_DecryptionKey":"C4850BF64016B7729D04AE5A23D089F84E4E557BF8E02381931822AF4D8F24F5","DOCKER_CUSTOM_IMAGE_NAME":"functionappacrtest000004.azurecr.io/image-name:latest","FUNCTION_APP_EDIT_MODE":"readOnly","WEBSITES_ENABLE_APP_SERVICE_STORAGE":"false","FUNCTIONS_EXTENSION_VERSION":"~2","AzureWebJobsStorage":"DefaultEndpointsProtocol=https;EndpointSuffix=core.windows.net;AccountName=clitestacr000002;AccountKey=veryFakedStorageAccountKey=="}}'
    headers:
      cache-control:
      - no-cache
      content-length:
      - '841'
      content-type:
      - application/json
      date:
      - Mon, 14 Sep 2020 13:19:27 GMT
      expires:
      - '-1'
      pragma:
      - no-cache
      server:
      - Microsoft-IIS/10.0
      strict-transport-security:
      - max-age=31536000; includeSubDomains
      transfer-encoding:
      - chunked
      vary:
      - Accept-Encoding
      x-aspnet-version:
      - 4.0.30319
      x-content-type-options:
      - nosniff
      x-ms-ratelimit-remaining-subscription-resource-requests:
      - '11999'
      x-powered-by:
      - ASP.NET
    status:
      code: 200
      message: OK
- request:
    body: '{"kind": "<class ''str''>", "properties": {"MACHINEKEY_DecryptionKey":
      "C4850BF64016B7729D04AE5A23D089F84E4E557BF8E02381931822AF4D8F24F5", "DOCKER_CUSTOM_IMAGE_NAME":
      "functionappacrtest000004.azurecr.io/image-name:latest", "FUNCTION_APP_EDIT_MODE":
      "readOnly", "WEBSITES_ENABLE_APP_SERVICE_STORAGE": "false", "FUNCTIONS_EXTENSION_VERSION":
      "~2", "AzureWebJobsStorage": "DefaultEndpointsProtocol=https;EndpointSuffix=core.windows.net;AccountName=clitestacr000002;AccountKey=veryFakedStorageAccountKey==",
      "APPINSIGHTS_INSTRUMENTATIONKEY": "558c97c6-be64-432d-ac17-df377519dd91"}}'
    headers:
      Accept:
      - application/json
      Accept-Encoding:
      - gzip, deflate
      CommandName:
      - functionapp create
      Connection:
      - keep-alive
      Content-Length:
      - '645'
      Content-Type:
      - application/json; charset=utf-8
      ParameterSetName:
      - -g -n -s --plan --runtime --deployment-container-image-name --docker-registry-server-user
        --docker-registry-server-password
      User-Agent:
      - python/3.7.0 (Windows-10-10.0.18362-SP0) msrest/0.6.18 msrest_azure/0.6.3
        azure-mgmt-web/0.47.0 Azure-SDK-For-Python AZURECLI/2.11.1
      accept-language:
      - en-US
    method: PUT
    uri: https://management.azure.com/subscriptions/00000000-0000-0000-0000-000000000000/resourceGroups/clitest.rg000001/providers/Microsoft.Web/sites/functionappacrtest000004/config/appsettings?api-version=2019-08-01
  response:
    body:
      string: '{"id":"/subscriptions/00000000-0000-0000-0000-000000000000/resourceGroups/clitest.rg000001/providers/Microsoft.Web/sites/functionappacrtest000004/config/appsettings","name":"appsettings","type":"Microsoft.Web/sites/config","location":"Brazil
        South","properties":{"MACHINEKEY_DecryptionKey":"C4850BF64016B7729D04AE5A23D089F84E4E557BF8E02381931822AF4D8F24F5","DOCKER_CUSTOM_IMAGE_NAME":"functionappacrtest000004.azurecr.io/image-name:latest","FUNCTION_APP_EDIT_MODE":"readOnly","WEBSITES_ENABLE_APP_SERVICE_STORAGE":"false","FUNCTIONS_EXTENSION_VERSION":"~2","AzureWebJobsStorage":"DefaultEndpointsProtocol=https;EndpointSuffix=core.windows.net;AccountName=clitestacr000002;AccountKey=veryFakedStorageAccountKey==","APPINSIGHTS_INSTRUMENTATIONKEY":"558c97c6-be64-432d-ac17-df377519dd91"}}'
    headers:
      cache-control:
      - no-cache
      content-length:
      - '913'
      content-type:
      - application/json
      date:
      - Mon, 14 Sep 2020 13:19:28 GMT
      etag:
      - '"1D68A99ACF45C95"'
      expires:
      - '-1'
      pragma:
      - no-cache
      server:
      - Microsoft-IIS/10.0
      strict-transport-security:
      - max-age=31536000; includeSubDomains
      transfer-encoding:
      - chunked
      vary:
      - Accept-Encoding
      x-aspnet-version:
      - 4.0.30319
      x-content-type-options:
      - nosniff
      x-ms-ratelimit-remaining-subscription-writes:
      - '1199'
      x-powered-by:
      - ASP.NET
    status:
      code: 200
      message: OK
- request:
    body: null
    headers:
      Accept:
      - application/json
      Accept-Encoding:
      - gzip, deflate
      CommandName:
      - functionapp create
      Connection:
      - keep-alive
      Content-Length:
      - '0'
      ParameterSetName:
      - -g -n -s --plan --runtime --deployment-container-image-name --docker-registry-server-user
        --docker-registry-server-password
      User-Agent:
      - python/3.7.0 (Windows-10-10.0.18362-SP0) msrest/0.6.18 msrest_azure/0.6.3
        azure-mgmt-web/0.47.0 Azure-SDK-For-Python AZURECLI/2.11.1
      accept-language:
      - en-US
    method: POST
    uri: https://management.azure.com/subscriptions/00000000-0000-0000-0000-000000000000/resourceGroups/clitest.rg000001/providers/Microsoft.Web/sites/functionappacrtest000004/config/appsettings/list?api-version=2019-08-01
  response:
    body:
      string: '{"id":"/subscriptions/00000000-0000-0000-0000-000000000000/resourceGroups/clitest.rg000001/providers/Microsoft.Web/sites/functionappacrtest000004/config/appsettings","name":"appsettings","type":"Microsoft.Web/sites/config","location":"Brazil
        South","properties":{"MACHINEKEY_DecryptionKey":"C4850BF64016B7729D04AE5A23D089F84E4E557BF8E02381931822AF4D8F24F5","DOCKER_CUSTOM_IMAGE_NAME":"functionappacrtest000004.azurecr.io/image-name:latest","FUNCTION_APP_EDIT_MODE":"readOnly","WEBSITES_ENABLE_APP_SERVICE_STORAGE":"false","FUNCTIONS_EXTENSION_VERSION":"~2","AzureWebJobsStorage":"DefaultEndpointsProtocol=https;EndpointSuffix=core.windows.net;AccountName=clitestacr000002;AccountKey=veryFakedStorageAccountKey==","APPINSIGHTS_INSTRUMENTATIONKEY":"558c97c6-be64-432d-ac17-df377519dd91"}}'
    headers:
      cache-control:
      - no-cache
      content-length:
      - '913'
      content-type:
      - application/json
      date:
      - Mon, 14 Sep 2020 13:19:30 GMT
      expires:
      - '-1'
      pragma:
      - no-cache
      server:
      - Microsoft-IIS/10.0
      strict-transport-security:
      - max-age=31536000; includeSubDomains
      transfer-encoding:
      - chunked
      vary:
      - Accept-Encoding
      x-aspnet-version:
      - 4.0.30319
      x-content-type-options:
      - nosniff
      x-ms-ratelimit-remaining-subscription-resource-requests:
      - '11999'
      x-powered-by:
      - ASP.NET
    status:
      code: 200
      message: OK
- request:
    body: '{"kind": "<class ''str''>", "properties": {"MACHINEKEY_DecryptionKey":
      "C4850BF64016B7729D04AE5A23D089F84E4E557BF8E02381931822AF4D8F24F5", "DOCKER_CUSTOM_IMAGE_NAME":
      "functionappacrtest000004.azurecr.io/image-name:latest", "FUNCTION_APP_EDIT_MODE":
      "readOnly", "WEBSITES_ENABLE_APP_SERVICE_STORAGE": "false", "FUNCTIONS_EXTENSION_VERSION":
      "~2", "AzureWebJobsStorage": "DefaultEndpointsProtocol=https;EndpointSuffix=core.windows.net;AccountName=clitestacr000002;AccountKey=veryFakedStorageAccountKey==",
      "APPINSIGHTS_INSTRUMENTATIONKEY": "558c97c6-be64-432d-ac17-df377519dd91", "DOCKER_REGISTRY_SERVER_URL":
      "functionappacrtest000004.azurecr.io", "DOCKER_REGISTRY_SERVER_USERNAME": "functionappacrtest000004",
      "DOCKER_REGISTRY_SERVER_PASSWORD": "NApFr/dBMuonffNWs=8JKkZKMUm41EoN"}}'
    headers:
      Accept:
      - application/json
      Accept-Encoding:
      - gzip, deflate
      CommandName:
      - functionapp create
      Connection:
      - keep-alive
      Content-Length:
      - '848'
      Content-Type:
      - application/json; charset=utf-8
      ParameterSetName:
      - -g -n -s --plan --runtime --deployment-container-image-name --docker-registry-server-user
        --docker-registry-server-password
      User-Agent:
      - python/3.7.0 (Windows-10-10.0.18362-SP0) msrest/0.6.18 msrest_azure/0.6.3
        azure-mgmt-web/0.47.0 Azure-SDK-For-Python AZURECLI/2.11.1
      accept-language:
      - en-US
    method: PUT
    uri: https://management.azure.com/subscriptions/00000000-0000-0000-0000-000000000000/resourceGroups/clitest.rg000001/providers/Microsoft.Web/sites/functionappacrtest000004/config/appsettings?api-version=2019-08-01
  response:
    body:
      string: '{"id":"/subscriptions/00000000-0000-0000-0000-000000000000/resourceGroups/clitest.rg000001/providers/Microsoft.Web/sites/functionappacrtest000004/config/appsettings","name":"appsettings","type":"Microsoft.Web/sites/config","location":"Brazil
        South","properties":{"MACHINEKEY_DecryptionKey":"C4850BF64016B7729D04AE5A23D089F84E4E557BF8E02381931822AF4D8F24F5","DOCKER_CUSTOM_IMAGE_NAME":"functionappacrtest000004.azurecr.io/image-name:latest","FUNCTION_APP_EDIT_MODE":"readOnly","WEBSITES_ENABLE_APP_SERVICE_STORAGE":"false","FUNCTIONS_EXTENSION_VERSION":"~2","AzureWebJobsStorage":"DefaultEndpointsProtocol=https;EndpointSuffix=core.windows.net;AccountName=clitestacr000002;AccountKey=veryFakedStorageAccountKey==","APPINSIGHTS_INSTRUMENTATIONKEY":"558c97c6-be64-432d-ac17-df377519dd91","DOCKER_REGISTRY_SERVER_URL":"functionappacrtest000004.azurecr.io","DOCKER_REGISTRY_SERVER_USERNAME":"functionappacrtest000004","DOCKER_REGISTRY_SERVER_PASSWORD":"NApFr/dBMuonffNWs=8JKkZKMUm41EoN"}}'
    headers:
      cache-control:
      - no-cache
      content-length:
      - '1110'
      content-type:
      - application/json
      date:
      - Mon, 14 Sep 2020 13:19:32 GMT
      etag:
      - '"1D68A99AF4D0CA0"'
      expires:
      - '-1'
      pragma:
      - no-cache
      server:
      - Microsoft-IIS/10.0
      strict-transport-security:
      - max-age=31536000; includeSubDomains
      transfer-encoding:
      - chunked
      vary:
      - Accept-Encoding
      x-aspnet-version:
      - 4.0.30319
      x-content-type-options:
      - nosniff
      x-ms-ratelimit-remaining-subscription-writes:
      - '1199'
      x-powered-by:
      - ASP.NET
    status:
      code: 200
      message: OK
- request:
    body: null
    headers:
      Accept:
      - application/json
      Accept-Encoding:
      - gzip, deflate
      CommandName:
      - functionapp create
      Connection:
      - keep-alive
      Content-Length:
      - '0'
      ParameterSetName:
      - -g -n -s --plan --runtime --deployment-container-image-name --docker-registry-server-user
        --docker-registry-server-password
      User-Agent:
      - python/3.7.0 (Windows-10-10.0.18362-SP0) msrest/0.6.18 msrest_azure/0.6.3
        azure-mgmt-web/0.47.0 Azure-SDK-For-Python AZURECLI/2.11.1
      accept-language:
      - en-US
    method: POST
    uri: https://management.azure.com/subscriptions/00000000-0000-0000-0000-000000000000/resourceGroups/clitest.rg000001/providers/Microsoft.Web/sites/functionappacrtest000004/config/appsettings/list?api-version=2019-08-01
  response:
    body:
      string: '{"id":"/subscriptions/00000000-0000-0000-0000-000000000000/resourceGroups/clitest.rg000001/providers/Microsoft.Web/sites/functionappacrtest000004/config/appsettings","name":"appsettings","type":"Microsoft.Web/sites/config","location":"Brazil
        South","properties":{"MACHINEKEY_DecryptionKey":"C4850BF64016B7729D04AE5A23D089F84E4E557BF8E02381931822AF4D8F24F5","DOCKER_CUSTOM_IMAGE_NAME":"functionappacrtest000004.azurecr.io/image-name:latest","FUNCTION_APP_EDIT_MODE":"readOnly","WEBSITES_ENABLE_APP_SERVICE_STORAGE":"false","FUNCTIONS_EXTENSION_VERSION":"~2","AzureWebJobsStorage":"DefaultEndpointsProtocol=https;EndpointSuffix=core.windows.net;AccountName=clitestacr000002;AccountKey=veryFakedStorageAccountKey==","APPINSIGHTS_INSTRUMENTATIONKEY":"558c97c6-be64-432d-ac17-df377519dd91","DOCKER_REGISTRY_SERVER_URL":"functionappacrtest000004.azurecr.io","DOCKER_REGISTRY_SERVER_USERNAME":"functionappacrtest000004","DOCKER_REGISTRY_SERVER_PASSWORD":"NApFr/dBMuonffNWs=8JKkZKMUm41EoN"}}'
    headers:
      cache-control:
      - no-cache
      content-length:
      - '1110'
      content-type:
      - application/json
      date:
      - Mon, 14 Sep 2020 13:19:34 GMT
      expires:
      - '-1'
      pragma:
      - no-cache
      server:
      - Microsoft-IIS/10.0
      strict-transport-security:
      - max-age=31536000; includeSubDomains
      transfer-encoding:
      - chunked
      vary:
      - Accept-Encoding
      x-aspnet-version:
      - 4.0.30319
      x-content-type-options:
      - nosniff
      x-ms-ratelimit-remaining-subscription-resource-requests:
      - '11999'
      x-powered-by:
      - ASP.NET
    status:
      code: 200
      message: OK
- request:
    body: null
    headers:
      Accept:
      - application/json
      Accept-Encoding:
      - gzip, deflate
      CommandName:
      - functionapp create
      Connection:
      - keep-alive
      ParameterSetName:
      - -g -n -s --plan --runtime --deployment-container-image-name --docker-registry-server-user
        --docker-registry-server-password
      User-Agent:
      - python/3.7.0 (Windows-10-10.0.18362-SP0) msrest/0.6.18 msrest_azure/0.6.3
        azure-mgmt-web/0.47.0 Azure-SDK-For-Python AZURECLI/2.11.1
      accept-language:
      - en-US
    method: GET
    uri: https://management.azure.com/subscriptions/00000000-0000-0000-0000-000000000000/resourceGroups/clitest.rg000001/providers/Microsoft.Web/sites/functionappacrtest000004/config/slotConfigNames?api-version=2019-08-01
  response:
    body:
      string: '{"id":null,"name":"functionappacrtest000004","type":"Microsoft.Web/sites","location":"Brazil
        South","properties":{"connectionStringNames":null,"appSettingNames":null,"azureStorageConfigNames":null}}'
    headers:
      cache-control:
      - no-cache
      content-length:
      - '198'
      content-type:
      - application/json
      date:
      - Mon, 14 Sep 2020 13:19:35 GMT
      expires:
      - '-1'
      pragma:
      - no-cache
      server:
      - Microsoft-IIS/10.0
      strict-transport-security:
      - max-age=31536000; includeSubDomains
      transfer-encoding:
      - chunked
      vary:
      - Accept-Encoding
      x-aspnet-version:
      - 4.0.30319
      x-content-type-options:
      - nosniff
      x-powered-by:
      - ASP.NET
    status:
      code: 200
      message: OK
- request:
    body: null
    headers:
      Accept:
      - application/json
      Accept-Encoding:
      - gzip, deflate
      CommandName:
      - functionapp create
      Connection:
      - keep-alive
      ParameterSetName:
      - -g -n -s --plan --runtime --deployment-container-image-name --docker-registry-server-user
        --docker-registry-server-password
      User-Agent:
      - python/3.7.0 (Windows-10-10.0.18362-SP0) msrest/0.6.18 msrest_azure/0.6.3
        azure-mgmt-web/0.47.0 Azure-SDK-For-Python AZURECLI/2.11.1
      accept-language:
      - en-US
    method: GET
    uri: https://management.azure.com/subscriptions/00000000-0000-0000-0000-000000000000/resourceGroups/clitest.rg000001/providers/Microsoft.Web/sites/functionappacrtest000004?api-version=2019-08-01
  response:
    body:
      string: '{"id":"/subscriptions/00000000-0000-0000-0000-000000000000/resourceGroups/clitest.rg000001/providers/Microsoft.Web/sites/functionappacrtest000004","name":"functionappacrtest000004","type":"Microsoft.Web/sites","kind":"functionapp,linux,container","location":"Brazil
        South","properties":{"name":"functionappacrtest000004","state":"Running","hostNames":["functionappacrtest000004.azurewebsites.net"],"webSpace":"clitest.rg000001-BrazilSouthwebspace","selfLink":"https://waws-prod-cq1-021.api.azurewebsites.windows.net:454/subscriptions/00000000-0000-0000-0000-000000000000/webspaces/clitest.rg000001-BrazilSouthwebspace/sites/functionappacrtest000004","repositorySiteName":"functionappacrtest000004","owner":null,"usageState":"Normal","enabled":true,"adminEnabled":true,"enabledHostNames":["functionappacrtest000004.azurewebsites.net","functionappacrtest000004.scm.azurewebsites.net"],"siteProperties":{"metadata":null,"properties":[{"name":"LinuxFxVersion","value":"DOCKER|functionappacrtest000004.azurecr.io/image-name:latest"},{"name":"WindowsFxVersion","value":null}],"appSettings":null},"availabilityState":"Normal","sslCertificates":null,"csrs":[],"cers":null,"siteMode":null,"hostNameSslStates":[{"name":"functionappacrtest000004.azurewebsites.net","sslState":"Disabled","ipBasedSslResult":null,"virtualIP":null,"thumbprint":null,"toUpdate":null,"toUpdateIpBasedSsl":null,"ipBasedSslState":"NotConfigured","hostType":"Standard"},{"name":"functionappacrtest000004.scm.azurewebsites.net","sslState":"Disabled","ipBasedSslResult":null,"virtualIP":null,"thumbprint":null,"toUpdate":null,"toUpdateIpBasedSsl":null,"ipBasedSslState":"NotConfigured","hostType":"Repository"}],"computeMode":null,"serverFarm":null,"serverFarmId":"/subscriptions/00000000-0000-0000-0000-000000000000/resourceGroups/clitest.rg000001/providers/Microsoft.Web/serverfarms/acrtestplanfunction000003","reserved":true,"isXenon":false,"hyperV":false,"lastModifiedTimeUtc":"2020-09-14T13:19:32.97","storageRecoveryDefaultState":"Running","contentAvailabilityState":"Normal","runtimeAvailabilityState":"Normal","siteConfig":{"numberOfWorkers":null,"defaultDocuments":null,"netFrameworkVersion":null,"phpVersion":null,"pythonVersion":null,"nodeVersion":null,"powerShellVersion":null,"linuxFxVersion":null,"windowsFxVersion":null,"requestTracingEnabled":null,"remoteDebuggingEnabled":null,"remoteDebuggingVersion":null,"httpLoggingEnabled":null,"azureMonitorLogCategories":null,"acrUseManagedIdentityCreds":false,"acrUserManagedIdentityID":null,"logsDirectorySizeLimit":null,"detailedErrorLoggingEnabled":null,"publishingUsername":null,"publishingPassword":null,"appSettings":null,"azureStorageAccounts":null,"metadata":null,"connectionStrings":null,"machineKey":null,"handlerMappings":null,"documentRoot":null,"scmType":null,"use32BitWorkerProcess":null,"webSocketsEnabled":null,"alwaysOn":null,"javaVersion":null,"javaContainer":null,"javaContainerVersion":null,"appCommandLine":null,"managedPipelineMode":null,"virtualApplications":null,"winAuthAdminState":null,"winAuthTenantState":null,"customAppPoolIdentityAdminState":null,"customAppPoolIdentityTenantState":null,"runtimeADUser":null,"runtimeADUserPassword":null,"loadBalancing":null,"routingRules":null,"experiments":null,"limits":null,"autoHealEnabled":null,"autoHealRules":null,"tracingOptions":null,"vnetName":null,"vnetRouteAllEnabled":null,"cors":null,"push":null,"apiDefinition":null,"apiManagementConfig":null,"autoSwapSlotName":null,"localMySqlEnabled":null,"managedServiceIdentityId":null,"xManagedServiceIdentityId":null,"ipSecurityRestrictions":null,"scmIpSecurityRestrictions":null,"scmIpSecurityRestrictionsUseMain":null,"http20Enabled":null,"minTlsVersion":null,"scmMinTlsVersion":null,"ftpsState":null,"preWarmedInstanceCount":null,"functionAppScaleLimit":null,"healthCheckPath":null,"fileChangeAuditEnabled":null,"functionsRuntimeScaleMonitoringEnabled":null,"websiteTimeZone":null,"minimumElasticInstanceCount":0},"deploymentId":"functionappacrtest000004","trafficManagerHostNames":null,"sku":"Standard","scmSiteAlsoStopped":false,"targetSwapSlot":null,"hostingEnvironment":null,"hostingEnvironmentProfile":null,"clientAffinityEnabled":false,"clientCertEnabled":false,"clientCertMode":"Required","clientCertExclusionPaths":null,"hostNamesDisabled":false,"domainVerificationIdentifiers":null,"customDomainVerificationId":"8C6F9A2DFF5567512CBF49A74AA9A8E247C1525B2054B1AF43907DB37817D162","kind":"functionapp,linux,container","inboundIpAddress":"191.233.203.33","possibleInboundIpAddresses":"191.233.203.33","ftpUsername":"functionappacrtest000004\\$functionappacrtest000004","ftpsHostName":"ftps://waws-prod-cq1-021.ftp.azurewebsites.windows.net/site/wwwroot","outboundIpAddresses":"191.233.203.33,191.232.237.67,191.232.232.81,191.232.193.240,191.232.238.181","possibleOutboundIpAddresses":"191.233.203.33,191.232.237.67,191.232.232.81,191.232.193.240,191.232.238.181,191.232.195.211,191.232.199.56,191.234.189.236,191.232.195.246,191.232.198.180","containerSize":0,"dailyMemoryTimeQuota":0,"suspendedTill":null,"siteDisabledReason":0,"functionExecutionUnitsCache":null,"maxNumberOfWorkers":null,"homeStamp":"waws-prod-cq1-021","cloningInfo":null,"hostingEnvironmentId":null,"tags":null,"resourceGroup":"clitest.rg000001","defaultHostName":"functionappacrtest000004.azurewebsites.net","slotSwapStatus":null,"httpsOnly":false,"redundancyMode":"None","inProgressOperationId":null,"geoDistributions":null,"privateEndpointConnections":[],"buildVersion":null,"targetBuildVersion":null,"migrationState":null}}'
    headers:
      cache-control:
      - no-cache
      content-length:
      - '5839'
      content-type:
      - application/json
      date:
      - Mon, 14 Sep 2020 13:19:37 GMT
      etag:
      - '"1D68A99AF4D0CA0"'
      expires:
      - '-1'
      pragma:
      - no-cache
      server:
      - Microsoft-IIS/10.0
      strict-transport-security:
      - max-age=31536000; includeSubDomains
      transfer-encoding:
      - chunked
      vary:
      - Accept-Encoding
      x-aspnet-version:
      - 4.0.30319
      x-content-type-options:
      - nosniff
      x-powered-by:
      - ASP.NET
    status:
      code: 200
      message: OK
- request:
    body: null
    headers:
      Accept:
      - application/json
      Accept-Encoding:
      - gzip, deflate
      CommandName:
      - functionapp create
      Connection:
      - keep-alive
      ParameterSetName:
      - -g -n -s --plan --runtime --deployment-container-image-name --docker-registry-server-user
        --docker-registry-server-password
      User-Agent:
      - python/3.7.0 (Windows-10-10.0.18362-SP0) msrest/0.6.18 msrest_azure/0.6.3
        azure-mgmt-web/0.47.0 Azure-SDK-For-Python AZURECLI/2.11.1
      accept-language:
      - en-US
    method: GET
    uri: https://management.azure.com/subscriptions/00000000-0000-0000-0000-000000000000/resourceGroups/clitest.rg000001/providers/Microsoft.Web/sites/functionappacrtest000004/config/web?api-version=2019-08-01
  response:
    body:
      string: '{"id":"/subscriptions/00000000-0000-0000-0000-000000000000/resourceGroups/clitest.rg000001/providers/Microsoft.Web/sites/functionappacrtest000004/config/web","name":"functionappacrtest000004","type":"Microsoft.Web/sites/config","location":"Brazil
        South","properties":{"numberOfWorkers":1,"defaultDocuments":["Default.htm","Default.html","Default.asp","index.htm","index.html","iisstart.htm","default.aspx","index.php"],"netFrameworkVersion":"v4.0","phpVersion":"","pythonVersion":"","nodeVersion":"","powerShellVersion":"","linuxFxVersion":"DOCKER|functionappacrtest000004.azurecr.io/image-name:latest","windowsFxVersion":null,"requestTracingEnabled":false,"remoteDebuggingEnabled":false,"remoteDebuggingVersion":null,"httpLoggingEnabled":false,"azureMonitorLogCategories":null,"acrUseManagedIdentityCreds":false,"acrUserManagedIdentityID":null,"logsDirectorySizeLimit":35,"detailedErrorLoggingEnabled":false,"publishingUsername":"$functionappacrtest000004","publishingPassword":null,"appSettings":null,"azureStorageAccounts":{},"metadata":null,"connectionStrings":null,"machineKey":null,"handlerMappings":null,"documentRoot":null,"scmType":"None","use32BitWorkerProcess":false,"webSocketsEnabled":false,"alwaysOn":true,"javaVersion":null,"javaContainer":null,"javaContainerVersion":null,"appCommandLine":"","managedPipelineMode":"Integrated","virtualApplications":[{"virtualPath":"/","physicalPath":"site\\wwwroot","preloadEnabled":true,"virtualDirectories":null}],"winAuthAdminState":0,"winAuthTenantState":0,"customAppPoolIdentityAdminState":false,"customAppPoolIdentityTenantState":false,"runtimeADUser":null,"runtimeADUserPassword":null,"loadBalancing":"LeastRequests","routingRules":[],"experiments":{"rampUpRules":[]},"limits":null,"autoHealEnabled":false,"autoHealRules":null,"tracingOptions":null,"vnetName":"","vnetRouteAllEnabled":false,"siteAuthEnabled":false,"siteAuthSettings":{"enabled":null,"unauthenticatedClientAction":null,"tokenStoreEnabled":null,"allowedExternalRedirectUrls":null,"defaultProvider":null,"clientId":null,"clientSecret":null,"clientSecretSettingName":null,"clientSecretCertificateThumbprint":null,"issuer":null,"allowedAudiences":null,"additionalLoginParams":null,"isAadAutoProvisioned":false,"aadClaimsAuthorization":null,"googleClientId":null,"googleClientSecret":null,"googleClientSecretSettingName":null,"googleOAuthScopes":null,"facebookAppId":null,"facebookAppSecret":null,"facebookAppSecretSettingName":null,"facebookOAuthScopes":null,"gitHubClientId":null,"gitHubClientSecret":null,"gitHubClientSecretSettingName":null,"gitHubOAuthScopes":null,"twitterConsumerKey":null,"twitterConsumerSecret":null,"twitterConsumerSecretSettingName":null,"microsoftAccountClientId":null,"microsoftAccountClientSecret":null,"microsoftAccountClientSecretSettingName":null,"microsoftAccountOAuthScopes":null},"cors":{"allowedOrigins":["https://functions.azure.com","https://functions-staging.azure.com","https://functions-next.azure.com"],"supportCredentials":false},"push":null,"apiDefinition":null,"apiManagementConfig":null,"autoSwapSlotName":null,"localMySqlEnabled":false,"managedServiceIdentityId":null,"xManagedServiceIdentityId":null,"ipSecurityRestrictions":[{"ipAddress":"Any","action":"Allow","priority":1,"name":"Allow
        all","description":"Allow all access"}],"scmIpSecurityRestrictions":[{"ipAddress":"Any","action":"Allow","priority":1,"name":"Allow
        all","description":"Allow all access"}],"scmIpSecurityRestrictionsUseMain":false,"http20Enabled":true,"minTlsVersion":"1.2","scmMinTlsVersion":"1.0","ftpsState":"AllAllowed","preWarmedInstanceCount":0,"functionAppScaleLimit":0,"healthCheckPath":null,"fileChangeAuditEnabled":false,"functionsRuntimeScaleMonitoringEnabled":false,"websiteTimeZone":null,"minimumElasticInstanceCount":0}}'
    headers:
      cache-control:
      - no-cache
      content-length:
      - '3831'
      content-type:
      - application/json
      date:
      - Mon, 14 Sep 2020 13:19:38 GMT
      expires:
      - '-1'
      pragma:
      - no-cache
      server:
      - Microsoft-IIS/10.0
      strict-transport-security:
      - max-age=31536000; includeSubDomains
      transfer-encoding:
      - chunked
      vary:
      - Accept-Encoding
      x-aspnet-version:
      - 4.0.30319
      x-content-type-options:
      - nosniff
      x-powered-by:
      - ASP.NET
    status:
      code: 200
      message: OK
- request:
    body: null
    headers:
      Accept:
      - application/json
      Accept-Encoding:
      - gzip, deflate
      CommandName:
      - functionapp create
      Connection:
      - keep-alive
      Content-Length:
      - '0'
      ParameterSetName:
      - -g -n -s --plan --runtime --deployment-container-image-name --docker-registry-server-user
        --docker-registry-server-password
      User-Agent:
      - python/3.7.0 (Windows-10-10.0.18362-SP0) msrest/0.6.18 msrest_azure/0.6.3
        azure-mgmt-web/0.47.0 Azure-SDK-For-Python AZURECLI/2.11.1
      accept-language:
      - en-US
    method: POST
    uri: https://management.azure.com/subscriptions/00000000-0000-0000-0000-000000000000/resourceGroups/clitest.rg000001/providers/Microsoft.Web/sites/functionappacrtest000004/config/appsettings/list?api-version=2019-08-01
  response:
    body:
      string: '{"id":"/subscriptions/00000000-0000-0000-0000-000000000000/resourceGroups/clitest.rg000001/providers/Microsoft.Web/sites/functionappacrtest000004/config/appsettings","name":"appsettings","type":"Microsoft.Web/sites/config","location":"Brazil
        South","properties":{"MACHINEKEY_DecryptionKey":"C4850BF64016B7729D04AE5A23D089F84E4E557BF8E02381931822AF4D8F24F5","DOCKER_CUSTOM_IMAGE_NAME":"functionappacrtest000004.azurecr.io/image-name:latest","FUNCTION_APP_EDIT_MODE":"readOnly","WEBSITES_ENABLE_APP_SERVICE_STORAGE":"false","FUNCTIONS_EXTENSION_VERSION":"~2","AzureWebJobsStorage":"DefaultEndpointsProtocol=https;EndpointSuffix=core.windows.net;AccountName=clitestacr000002;AccountKey=veryFakedStorageAccountKey==","APPINSIGHTS_INSTRUMENTATIONKEY":"558c97c6-be64-432d-ac17-df377519dd91","DOCKER_REGISTRY_SERVER_URL":"functionappacrtest000004.azurecr.io","DOCKER_REGISTRY_SERVER_USERNAME":"functionappacrtest000004","DOCKER_REGISTRY_SERVER_PASSWORD":"NApFr/dBMuonffNWs=8JKkZKMUm41EoN"}}'
    headers:
      cache-control:
      - no-cache
      content-length:
      - '1110'
      content-type:
      - application/json
      date:
      - Mon, 14 Sep 2020 13:19:40 GMT
      expires:
      - '-1'
      pragma:
      - no-cache
      server:
      - Microsoft-IIS/10.0
      strict-transport-security:
      - max-age=31536000; includeSubDomains
      transfer-encoding:
      - chunked
      vary:
      - Accept-Encoding
      x-aspnet-version:
      - 4.0.30319
      x-content-type-options:
      - nosniff
      x-ms-ratelimit-remaining-subscription-resource-requests:
      - '11999'
      x-powered-by:
      - ASP.NET
    status:
      code: 200
      message: OK
- request:
    body: '{"kind": "<class ''str''>", "properties": {"MACHINEKEY_DecryptionKey":
      "C4850BF64016B7729D04AE5A23D089F84E4E557BF8E02381931822AF4D8F24F5", "DOCKER_CUSTOM_IMAGE_NAME":
      "functionappacrtest000004.azurecr.io/image-name:latest", "FUNCTION_APP_EDIT_MODE":
      "readOnly", "WEBSITES_ENABLE_APP_SERVICE_STORAGE": "false", "FUNCTIONS_EXTENSION_VERSION":
      "~2", "AzureWebJobsStorage": "DefaultEndpointsProtocol=https;EndpointSuffix=core.windows.net;AccountName=clitestacr000002;AccountKey=veryFakedStorageAccountKey==",
      "APPINSIGHTS_INSTRUMENTATIONKEY": "558c97c6-be64-432d-ac17-df377519dd91", "DOCKER_REGISTRY_SERVER_URL":
      "functionappacrtest000004.azurecr.io", "DOCKER_REGISTRY_SERVER_USERNAME": "functionappacrtest000004",
      "DOCKER_REGISTRY_SERVER_PASSWORD": "NApFr/dBMuonffNWs=8JKkZKMUm41EoN"}}'
    headers:
      Accept:
      - application/json
      Accept-Encoding:
      - gzip, deflate
      CommandName:
      - functionapp create
      Connection:
      - keep-alive
      Content-Length:
      - '848'
      Content-Type:
      - application/json; charset=utf-8
      ParameterSetName:
      - -g -n -s --plan --runtime --deployment-container-image-name --docker-registry-server-user
        --docker-registry-server-password
      User-Agent:
      - python/3.7.0 (Windows-10-10.0.18362-SP0) msrest/0.6.18 msrest_azure/0.6.3
        azure-mgmt-web/0.47.0 Azure-SDK-For-Python AZURECLI/2.11.1
      accept-language:
      - en-US
    method: PUT
    uri: https://management.azure.com/subscriptions/00000000-0000-0000-0000-000000000000/resourceGroups/clitest.rg000001/providers/Microsoft.Web/sites/functionappacrtest000004/config/appsettings?api-version=2019-08-01
  response:
    body:
      string: '{"id":"/subscriptions/00000000-0000-0000-0000-000000000000/resourceGroups/clitest.rg000001/providers/Microsoft.Web/sites/functionappacrtest000004/config/appsettings","name":"appsettings","type":"Microsoft.Web/sites/config","location":"Brazil
        South","properties":{"MACHINEKEY_DecryptionKey":"C4850BF64016B7729D04AE5A23D089F84E4E557BF8E02381931822AF4D8F24F5","DOCKER_CUSTOM_IMAGE_NAME":"functionappacrtest000004.azurecr.io/image-name:latest","FUNCTION_APP_EDIT_MODE":"readOnly","WEBSITES_ENABLE_APP_SERVICE_STORAGE":"false","FUNCTIONS_EXTENSION_VERSION":"~2","AzureWebJobsStorage":"DefaultEndpointsProtocol=https;EndpointSuffix=core.windows.net;AccountName=clitestacr000002;AccountKey=veryFakedStorageAccountKey==","APPINSIGHTS_INSTRUMENTATIONKEY":"558c97c6-be64-432d-ac17-df377519dd91","DOCKER_REGISTRY_SERVER_URL":"functionappacrtest000004.azurecr.io","DOCKER_REGISTRY_SERVER_USERNAME":"functionappacrtest000004","DOCKER_REGISTRY_SERVER_PASSWORD":"NApFr/dBMuonffNWs=8JKkZKMUm41EoN"}}'
    headers:
      cache-control:
      - no-cache
      content-length:
      - '1110'
      content-type:
      - application/json
      date:
      - Mon, 14 Sep 2020 13:19:41 GMT
      etag:
      - '"1D68A99B4C2C120"'
      expires:
      - '-1'
      pragma:
      - no-cache
      server:
      - Microsoft-IIS/10.0
      strict-transport-security:
      - max-age=31536000; includeSubDomains
      transfer-encoding:
      - chunked
      vary:
      - Accept-Encoding
      x-aspnet-version:
      - 4.0.30319
      x-content-type-options:
      - nosniff
      x-ms-ratelimit-remaining-subscription-writes:
      - '1199'
      x-powered-by:
      - ASP.NET
    status:
      code: 200
      message: OK
- request:
    body: '{"properties": {"numberOfWorkers": 1, "defaultDocuments": ["Default.htm",
      "Default.html", "Default.asp", "index.htm", "index.html", "iisstart.htm", "default.aspx",
      "index.php"], "netFrameworkVersion": "v4.0", "phpVersion": "", "pythonVersion":
      "", "nodeVersion": "", "powerShellVersion": "", "linuxFxVersion": "DOCKER|functionappacrtest000004.azurecr.io/image-name:latest",
      "requestTracingEnabled": false, "remoteDebuggingEnabled": false, "httpLoggingEnabled":
      false, "logsDirectorySizeLimit": 35, "detailedErrorLoggingEnabled": false, "publishingUsername":
      "$functionappacrtest000004", "scmType": "None", "use32BitWorkerProcess": false,
      "webSocketsEnabled": false, "alwaysOn": true, "appCommandLine": "", "managedPipelineMode":
      "Integrated", "virtualApplications": [{"virtualPath": "/", "physicalPath": "site\\wwwroot",
      "preloadEnabled": true}], "loadBalancing": "LeastRequests", "experiments": {"rampUpRules":
      []}, "autoHealEnabled": false, "vnetName": "", "cors": {"allowedOrigins": ["https://functions.azure.com",
      "https://functions-staging.azure.com", "https://functions-next.azure.com"],
      "supportCredentials": false}, "localMySqlEnabled": false, "ipSecurityRestrictions":
      [{"ipAddress": "Any", "action": "Allow", "priority": 1, "name": "Allow all",
      "description": "Allow all access"}], "scmIpSecurityRestrictions": [{"ipAddress":
      "Any", "action": "Allow", "priority": 1, "name": "Allow all", "description":
      "Allow all access"}], "scmIpSecurityRestrictionsUseMain": false, "http20Enabled":
      true, "minTlsVersion": "1.2", "ftpsState": "AllAllowed", "preWarmedInstanceCount":
      0}}'
    headers:
      Accept:
      - application/json
      Accept-Encoding:
      - gzip, deflate
      CommandName:
      - functionapp create
      Connection:
      - keep-alive
      Content-Length:
      - '1581'
      Content-Type:
      - application/json; charset=utf-8
      ParameterSetName:
      - -g -n -s --plan --runtime --deployment-container-image-name --docker-registry-server-user
        --docker-registry-server-password
      User-Agent:
      - python/3.7.0 (Windows-10-10.0.18362-SP0) msrest/0.6.18 msrest_azure/0.6.3
        azure-mgmt-web/0.47.0 Azure-SDK-For-Python AZURECLI/2.11.1
      accept-language:
      - en-US
    method: PATCH
    uri: https://management.azure.com/subscriptions/00000000-0000-0000-0000-000000000000/resourceGroups/clitest.rg000001/providers/Microsoft.Web/sites/functionappacrtest000004/config/web?api-version=2019-08-01
  response:
    body:
      string: '{"id":"/subscriptions/00000000-0000-0000-0000-000000000000/resourceGroups/clitest.rg000001/providers/Microsoft.Web/sites/functionappacrtest000004","name":"functionappacrtest000004","type":"Microsoft.Web/sites","location":"Brazil
        South","properties":{"numberOfWorkers":1,"defaultDocuments":["Default.htm","Default.html","Default.asp","index.htm","index.html","iisstart.htm","default.aspx","index.php"],"netFrameworkVersion":"v4.0","phpVersion":"","pythonVersion":"","nodeVersion":"","powerShellVersion":"","linuxFxVersion":"DOCKER|functionappacrtest000004.azurecr.io/image-name:latest","windowsFxVersion":null,"requestTracingEnabled":false,"remoteDebuggingEnabled":false,"remoteDebuggingVersion":"VS2019","httpLoggingEnabled":false,"azureMonitorLogCategories":null,"acrUseManagedIdentityCreds":false,"acrUserManagedIdentityID":null,"logsDirectorySizeLimit":35,"detailedErrorLoggingEnabled":false,"publishingUsername":"$functionappacrtest000004","publishingPassword":null,"appSettings":null,"azureStorageAccounts":{},"metadata":null,"connectionStrings":null,"machineKey":null,"handlerMappings":null,"documentRoot":null,"scmType":"None","use32BitWorkerProcess":false,"webSocketsEnabled":false,"alwaysOn":true,"javaVersion":null,"javaContainer":null,"javaContainerVersion":null,"appCommandLine":"","managedPipelineMode":"Integrated","virtualApplications":[{"virtualPath":"/","physicalPath":"site\\wwwroot","preloadEnabled":true,"virtualDirectories":null}],"winAuthAdminState":0,"winAuthTenantState":0,"customAppPoolIdentityAdminState":false,"customAppPoolIdentityTenantState":false,"runtimeADUser":null,"runtimeADUserPassword":null,"loadBalancing":"LeastRequests","routingRules":[],"experiments":{"rampUpRules":[]},"limits":null,"autoHealEnabled":false,"autoHealRules":null,"tracingOptions":null,"vnetName":"","vnetRouteAllEnabled":false,"siteAuthEnabled":false,"siteAuthSettings":{"enabled":null,"unauthenticatedClientAction":null,"tokenStoreEnabled":null,"allowedExternalRedirectUrls":null,"defaultProvider":null,"clientId":null,"clientSecret":null,"clientSecretSettingName":null,"clientSecretCertificateThumbprint":null,"issuer":null,"allowedAudiences":null,"additionalLoginParams":null,"isAadAutoProvisioned":false,"aadClaimsAuthorization":null,"googleClientId":null,"googleClientSecret":null,"googleClientSecretSettingName":null,"googleOAuthScopes":null,"facebookAppId":null,"facebookAppSecret":null,"facebookAppSecretSettingName":null,"facebookOAuthScopes":null,"gitHubClientId":null,"gitHubClientSecret":null,"gitHubClientSecretSettingName":null,"gitHubOAuthScopes":null,"twitterConsumerKey":null,"twitterConsumerSecret":null,"twitterConsumerSecretSettingName":null,"microsoftAccountClientId":null,"microsoftAccountClientSecret":null,"microsoftAccountClientSecretSettingName":null,"microsoftAccountOAuthScopes":null},"cors":{"allowedOrigins":["https://functions.azure.com","https://functions-staging.azure.com","https://functions-next.azure.com"],"supportCredentials":false},"push":null,"apiDefinition":null,"apiManagementConfig":null,"autoSwapSlotName":null,"localMySqlEnabled":false,"managedServiceIdentityId":null,"xManagedServiceIdentityId":null,"ipSecurityRestrictions":[{"ipAddress":"Any","action":"Allow","priority":1,"name":"Allow
        all","description":"Allow all access"}],"scmIpSecurityRestrictions":[{"ipAddress":"Any","action":"Allow","priority":1,"name":"Allow
        all","description":"Allow all access"}],"scmIpSecurityRestrictionsUseMain":false,"http20Enabled":true,"minTlsVersion":"1.2","scmMinTlsVersion":"1.0","ftpsState":"AllAllowed","preWarmedInstanceCount":0,"functionAppScaleLimit":0,"healthCheckPath":null,"fileChangeAuditEnabled":false,"functionsRuntimeScaleMonitoringEnabled":false,"websiteTimeZone":null,"minimumElasticInstanceCount":0}}'
    headers:
      cache-control:
      - no-cache
      content-length:
      - '3817'
      content-type:
      - application/json
      date:
      - Mon, 14 Sep 2020 13:19:44 GMT
      etag:
      - '"1D68A99B4C2C120"'
      expires:
      - '-1'
      pragma:
      - no-cache
      server:
      - Microsoft-IIS/10.0
      strict-transport-security:
      - max-age=31536000; includeSubDomains
      transfer-encoding:
      - chunked
      vary:
      - Accept-Encoding
      x-aspnet-version:
      - 4.0.30319
      x-content-type-options:
      - nosniff
      x-ms-ratelimit-remaining-subscription-writes:
      - '1198'
      x-powered-by:
      - ASP.NET
    status:
      code: 200
      message: OK
- request:
    body: null
    headers:
      Accept:
      - application/json
      Accept-Encoding:
      - gzip, deflate
      CommandName:
      - functionapp create
      Connection:
      - keep-alive
      ParameterSetName:
      - -g -n -s --plan --runtime --deployment-container-image-name --docker-registry-server-user
        --docker-registry-server-password
      User-Agent:
      - python/3.7.0 (Windows-10-10.0.18362-SP0) msrest/0.6.18 msrest_azure/0.6.3
        azure-mgmt-web/0.47.0 Azure-SDK-For-Python AZURECLI/2.11.1
      accept-language:
      - en-US
    method: GET
    uri: https://management.azure.com/subscriptions/00000000-0000-0000-0000-000000000000/resourceGroups/clitest.rg000001/providers/Microsoft.Web/sites/functionappacrtest000004/config/web?api-version=2019-08-01
  response:
    body:
      string: '{"id":"/subscriptions/00000000-0000-0000-0000-000000000000/resourceGroups/clitest.rg000001/providers/Microsoft.Web/sites/functionappacrtest000004/config/web","name":"functionappacrtest000004","type":"Microsoft.Web/sites/config","location":"Brazil
        South","properties":{"numberOfWorkers":1,"defaultDocuments":["Default.htm","Default.html","Default.asp","index.htm","index.html","iisstart.htm","default.aspx","index.php"],"netFrameworkVersion":"v4.0","phpVersion":"","pythonVersion":"","nodeVersion":"","powerShellVersion":"","linuxFxVersion":"DOCKER|functionappacrtest000004.azurecr.io/image-name:latest","windowsFxVersion":null,"requestTracingEnabled":false,"remoteDebuggingEnabled":false,"remoteDebuggingVersion":"VS2019","httpLoggingEnabled":false,"azureMonitorLogCategories":null,"acrUseManagedIdentityCreds":false,"acrUserManagedIdentityID":null,"logsDirectorySizeLimit":35,"detailedErrorLoggingEnabled":false,"publishingUsername":"$functionappacrtest000004","publishingPassword":null,"appSettings":null,"azureStorageAccounts":{},"metadata":null,"connectionStrings":null,"machineKey":null,"handlerMappings":null,"documentRoot":null,"scmType":"None","use32BitWorkerProcess":false,"webSocketsEnabled":false,"alwaysOn":true,"javaVersion":null,"javaContainer":null,"javaContainerVersion":null,"appCommandLine":"","managedPipelineMode":"Integrated","virtualApplications":[{"virtualPath":"/","physicalPath":"site\\wwwroot","preloadEnabled":true,"virtualDirectories":null}],"winAuthAdminState":0,"winAuthTenantState":0,"customAppPoolIdentityAdminState":false,"customAppPoolIdentityTenantState":false,"runtimeADUser":null,"runtimeADUserPassword":null,"loadBalancing":"LeastRequests","routingRules":[],"experiments":{"rampUpRules":[]},"limits":null,"autoHealEnabled":false,"autoHealRules":null,"tracingOptions":null,"vnetName":"","vnetRouteAllEnabled":false,"siteAuthEnabled":false,"siteAuthSettings":{"enabled":null,"unauthenticatedClientAction":null,"tokenStoreEnabled":null,"allowedExternalRedirectUrls":null,"defaultProvider":null,"clientId":null,"clientSecret":null,"clientSecretSettingName":null,"clientSecretCertificateThumbprint":null,"issuer":null,"allowedAudiences":null,"additionalLoginParams":null,"isAadAutoProvisioned":false,"aadClaimsAuthorization":null,"googleClientId":null,"googleClientSecret":null,"googleClientSecretSettingName":null,"googleOAuthScopes":null,"facebookAppId":null,"facebookAppSecret":null,"facebookAppSecretSettingName":null,"facebookOAuthScopes":null,"gitHubClientId":null,"gitHubClientSecret":null,"gitHubClientSecretSettingName":null,"gitHubOAuthScopes":null,"twitterConsumerKey":null,"twitterConsumerSecret":null,"twitterConsumerSecretSettingName":null,"microsoftAccountClientId":null,"microsoftAccountClientSecret":null,"microsoftAccountClientSecretSettingName":null,"microsoftAccountOAuthScopes":null},"cors":{"allowedOrigins":["https://functions.azure.com","https://functions-staging.azure.com","https://functions-next.azure.com"],"supportCredentials":false},"push":null,"apiDefinition":null,"apiManagementConfig":null,"autoSwapSlotName":null,"localMySqlEnabled":false,"managedServiceIdentityId":null,"xManagedServiceIdentityId":null,"ipSecurityRestrictions":[{"ipAddress":"Any","action":"Allow","priority":1,"name":"Allow
        all","description":"Allow all access"}],"scmIpSecurityRestrictions":[{"ipAddress":"Any","action":"Allow","priority":1,"name":"Allow
        all","description":"Allow all access"}],"scmIpSecurityRestrictionsUseMain":false,"http20Enabled":true,"minTlsVersion":"1.2","scmMinTlsVersion":"1.0","ftpsState":"AllAllowed","preWarmedInstanceCount":0,"functionAppScaleLimit":0,"healthCheckPath":null,"fileChangeAuditEnabled":false,"functionsRuntimeScaleMonitoringEnabled":false,"websiteTimeZone":null,"minimumElasticInstanceCount":0}}'
    headers:
      cache-control:
      - no-cache
      content-length:
      - '3835'
      content-type:
      - application/json
      date:
      - Mon, 14 Sep 2020 13:19:45 GMT
      expires:
      - '-1'
      pragma:
      - no-cache
      server:
      - Microsoft-IIS/10.0
      strict-transport-security:
      - max-age=31536000; includeSubDomains
      transfer-encoding:
      - chunked
      vary:
      - Accept-Encoding
      x-aspnet-version:
      - 4.0.30319
      x-content-type-options:
      - nosniff
      x-powered-by:
      - ASP.NET
    status:
      code: 200
      message: OK
- request:
    body: null
    headers:
      Accept:
      - application/json
      Accept-Encoding:
      - gzip, deflate
      CommandName:
      - functionapp config container show
      Connection:
      - keep-alive
      Content-Length:
      - '0'
      ParameterSetName:
      - -g -n
      User-Agent:
      - python/3.7.0 (Windows-10-10.0.18362-SP0) msrest/0.6.18 msrest_azure/0.6.3
        azure-mgmt-web/0.47.0 Azure-SDK-For-Python AZURECLI/2.11.1
      accept-language:
      - en-US
    method: POST
    uri: https://management.azure.com/subscriptions/00000000-0000-0000-0000-000000000000/resourceGroups/clitest.rg000001/providers/Microsoft.Web/sites/functionappacrtest000004/config/appsettings/list?api-version=2019-08-01
  response:
    body:
      string: '{"id":"/subscriptions/00000000-0000-0000-0000-000000000000/resourceGroups/clitest.rg000001/providers/Microsoft.Web/sites/functionappacrtest000004/config/appsettings","name":"appsettings","type":"Microsoft.Web/sites/config","location":"Brazil
        South","properties":{"MACHINEKEY_DecryptionKey":"C4850BF64016B7729D04AE5A23D089F84E4E557BF8E02381931822AF4D8F24F5","DOCKER_CUSTOM_IMAGE_NAME":"functionappacrtest000004.azurecr.io/image-name:latest","FUNCTION_APP_EDIT_MODE":"readOnly","WEBSITES_ENABLE_APP_SERVICE_STORAGE":"false","FUNCTIONS_EXTENSION_VERSION":"~2","AzureWebJobsStorage":"DefaultEndpointsProtocol=https;EndpointSuffix=core.windows.net;AccountName=clitestacr000002;AccountKey=veryFakedStorageAccountKey==","APPINSIGHTS_INSTRUMENTATIONKEY":"558c97c6-be64-432d-ac17-df377519dd91","DOCKER_REGISTRY_SERVER_URL":"functionappacrtest000004.azurecr.io","DOCKER_REGISTRY_SERVER_USERNAME":"functionappacrtest000004","DOCKER_REGISTRY_SERVER_PASSWORD":"NApFr/dBMuonffNWs=8JKkZKMUm41EoN"}}'
    headers:
      cache-control:
      - no-cache
      content-length:
      - '1110'
      content-type:
      - application/json
      date:
      - Mon, 14 Sep 2020 13:19:47 GMT
      expires:
      - '-1'
      pragma:
      - no-cache
      server:
      - Microsoft-IIS/10.0
      strict-transport-security:
      - max-age=31536000; includeSubDomains
      transfer-encoding:
      - chunked
      vary:
      - Accept-Encoding
      x-aspnet-version:
      - 4.0.30319
      x-content-type-options:
      - nosniff
      x-ms-ratelimit-remaining-subscription-resource-requests:
      - '11999'
      x-powered-by:
      - ASP.NET
    status:
      code: 200
      message: OK
- request:
    body: null
    headers:
      Accept:
      - application/json
      Accept-Encoding:
      - gzip, deflate
      CommandName:
      - functionapp config container show
      Connection:
      - keep-alive
      ParameterSetName:
      - -g -n
      User-Agent:
      - python/3.7.0 (Windows-10-10.0.18362-SP0) msrest/0.6.18 msrest_azure/0.6.3
        azure-mgmt-web/0.47.0 Azure-SDK-For-Python AZURECLI/2.11.1
      accept-language:
      - en-US
    method: GET
    uri: https://management.azure.com/subscriptions/00000000-0000-0000-0000-000000000000/resourceGroups/clitest.rg000001/providers/Microsoft.Web/sites/functionappacrtest000004/config/slotConfigNames?api-version=2019-08-01
  response:
    body:
      string: '{"id":null,"name":"functionappacrtest000004","type":"Microsoft.Web/sites","location":"Brazil
        South","properties":{"connectionStringNames":null,"appSettingNames":null,"azureStorageConfigNames":null}}'
    headers:
      cache-control:
      - no-cache
      content-length:
      - '198'
      content-type:
      - application/json
      date:
      - Mon, 14 Sep 2020 13:19:48 GMT
      expires:
      - '-1'
      pragma:
      - no-cache
      server:
      - Microsoft-IIS/10.0
      strict-transport-security:
      - max-age=31536000; includeSubDomains
      transfer-encoding:
      - chunked
      vary:
      - Accept-Encoding
      x-aspnet-version:
      - 4.0.30319
      x-content-type-options:
      - nosniff
      x-powered-by:
      - ASP.NET
    status:
      code: 200
      message: OK
- request:
    body: null
    headers:
      Accept:
      - application/json
      Accept-Encoding:
      - gzip, deflate
      CommandName:
      - functionapp config container show
      Connection:
      - keep-alive
      ParameterSetName:
      - -g -n
      User-Agent:
      - python/3.7.0 (Windows-10-10.0.18362-SP0) msrest/0.6.18 msrest_azure/0.6.3
        azure-mgmt-web/0.47.0 Azure-SDK-For-Python AZURECLI/2.11.1
      accept-language:
      - en-US
    method: GET
    uri: https://management.azure.com/subscriptions/00000000-0000-0000-0000-000000000000/resourceGroups/clitest.rg000001/providers/Microsoft.Web/sites/functionappacrtest000004/config/web?api-version=2019-08-01
  response:
    body:
      string: '{"id":"/subscriptions/00000000-0000-0000-0000-000000000000/resourceGroups/clitest.rg000001/providers/Microsoft.Web/sites/functionappacrtest000004/config/web","name":"functionappacrtest000004","type":"Microsoft.Web/sites/config","location":"Brazil
        South","properties":{"numberOfWorkers":1,"defaultDocuments":["Default.htm","Default.html","Default.asp","index.htm","index.html","iisstart.htm","default.aspx","index.php"],"netFrameworkVersion":"v4.0","phpVersion":"","pythonVersion":"","nodeVersion":"","powerShellVersion":"","linuxFxVersion":"DOCKER|functionappacrtest000004.azurecr.io/image-name:latest","windowsFxVersion":null,"requestTracingEnabled":false,"remoteDebuggingEnabled":false,"remoteDebuggingVersion":"VS2019","httpLoggingEnabled":false,"azureMonitorLogCategories":null,"acrUseManagedIdentityCreds":false,"acrUserManagedIdentityID":null,"logsDirectorySizeLimit":35,"detailedErrorLoggingEnabled":false,"publishingUsername":"$functionappacrtest000004","publishingPassword":null,"appSettings":null,"azureStorageAccounts":{},"metadata":null,"connectionStrings":null,"machineKey":null,"handlerMappings":null,"documentRoot":null,"scmType":"None","use32BitWorkerProcess":false,"webSocketsEnabled":false,"alwaysOn":true,"javaVersion":null,"javaContainer":null,"javaContainerVersion":null,"appCommandLine":"","managedPipelineMode":"Integrated","virtualApplications":[{"virtualPath":"/","physicalPath":"site\\wwwroot","preloadEnabled":true,"virtualDirectories":null}],"winAuthAdminState":0,"winAuthTenantState":0,"customAppPoolIdentityAdminState":false,"customAppPoolIdentityTenantState":false,"runtimeADUser":null,"runtimeADUserPassword":null,"loadBalancing":"LeastRequests","routingRules":[],"experiments":{"rampUpRules":[]},"limits":null,"autoHealEnabled":false,"autoHealRules":null,"tracingOptions":null,"vnetName":"","vnetRouteAllEnabled":false,"siteAuthEnabled":false,"siteAuthSettings":{"enabled":null,"unauthenticatedClientAction":null,"tokenStoreEnabled":null,"allowedExternalRedirectUrls":null,"defaultProvider":null,"clientId":null,"clientSecret":null,"clientSecretSettingName":null,"clientSecretCertificateThumbprint":null,"issuer":null,"allowedAudiences":null,"additionalLoginParams":null,"isAadAutoProvisioned":false,"aadClaimsAuthorization":null,"googleClientId":null,"googleClientSecret":null,"googleClientSecretSettingName":null,"googleOAuthScopes":null,"facebookAppId":null,"facebookAppSecret":null,"facebookAppSecretSettingName":null,"facebookOAuthScopes":null,"gitHubClientId":null,"gitHubClientSecret":null,"gitHubClientSecretSettingName":null,"gitHubOAuthScopes":null,"twitterConsumerKey":null,"twitterConsumerSecret":null,"twitterConsumerSecretSettingName":null,"microsoftAccountClientId":null,"microsoftAccountClientSecret":null,"microsoftAccountClientSecretSettingName":null,"microsoftAccountOAuthScopes":null},"cors":{"allowedOrigins":["https://functions.azure.com","https://functions-staging.azure.com","https://functions-next.azure.com"],"supportCredentials":false},"push":null,"apiDefinition":null,"apiManagementConfig":null,"autoSwapSlotName":null,"localMySqlEnabled":false,"managedServiceIdentityId":null,"xManagedServiceIdentityId":null,"ipSecurityRestrictions":[{"ipAddress":"Any","action":"Allow","priority":1,"name":"Allow
        all","description":"Allow all access"}],"scmIpSecurityRestrictions":[{"ipAddress":"Any","action":"Allow","priority":1,"name":"Allow
        all","description":"Allow all access"}],"scmIpSecurityRestrictionsUseMain":false,"http20Enabled":true,"minTlsVersion":"1.2","scmMinTlsVersion":"1.0","ftpsState":"AllAllowed","preWarmedInstanceCount":0,"functionAppScaleLimit":0,"healthCheckPath":null,"fileChangeAuditEnabled":false,"functionsRuntimeScaleMonitoringEnabled":false,"websiteTimeZone":null,"minimumElasticInstanceCount":0}}'
    headers:
      cache-control:
      - no-cache
      content-length:
      - '3835'
      content-type:
      - application/json
      date:
      - Mon, 14 Sep 2020 13:19:50 GMT
      expires:
      - '-1'
      pragma:
      - no-cache
      server:
      - Microsoft-IIS/10.0
      strict-transport-security:
      - max-age=31536000; includeSubDomains
      transfer-encoding:
      - chunked
      vary:
      - Accept-Encoding
      x-aspnet-version:
      - 4.0.30319
      x-content-type-options:
      - nosniff
      x-powered-by:
      - ASP.NET
    status:
      code: 200
      message: OK
- request:
    body: null
    headers:
      Accept:
      - application/json
      Accept-Encoding:
      - gzip, deflate
      CommandName:
      - functionapp config appsettings list
      Connection:
      - keep-alive
      Content-Length:
      - '0'
      ParameterSetName:
      - -g -n
      User-Agent:
      - python/3.7.0 (Windows-10-10.0.18362-SP0) msrest/0.6.18 msrest_azure/0.6.3
        azure-mgmt-web/0.47.0 Azure-SDK-For-Python AZURECLI/2.11.1
      accept-language:
      - en-US
    method: POST
    uri: https://management.azure.com/subscriptions/00000000-0000-0000-0000-000000000000/resourceGroups/clitest.rg000001/providers/Microsoft.Web/sites/functionappacrtest000004/config/appsettings/list?api-version=2019-08-01
  response:
    body:
      string: '{"id":"/subscriptions/00000000-0000-0000-0000-000000000000/resourceGroups/clitest.rg000001/providers/Microsoft.Web/sites/functionappacrtest000004/config/appsettings","name":"appsettings","type":"Microsoft.Web/sites/config","location":"Brazil
        South","properties":{"MACHINEKEY_DecryptionKey":"C4850BF64016B7729D04AE5A23D089F84E4E557BF8E02381931822AF4D8F24F5","DOCKER_CUSTOM_IMAGE_NAME":"functionappacrtest000004.azurecr.io/image-name:latest","FUNCTION_APP_EDIT_MODE":"readOnly","WEBSITES_ENABLE_APP_SERVICE_STORAGE":"false","FUNCTIONS_EXTENSION_VERSION":"~2","AzureWebJobsStorage":"DefaultEndpointsProtocol=https;EndpointSuffix=core.windows.net;AccountName=clitestacr000002;AccountKey=veryFakedStorageAccountKey==","APPINSIGHTS_INSTRUMENTATIONKEY":"558c97c6-be64-432d-ac17-df377519dd91","DOCKER_REGISTRY_SERVER_URL":"functionappacrtest000004.azurecr.io","DOCKER_REGISTRY_SERVER_USERNAME":"functionappacrtest000004","DOCKER_REGISTRY_SERVER_PASSWORD":"NApFr/dBMuonffNWs=8JKkZKMUm41EoN"}}'
    headers:
      cache-control:
      - no-cache
      content-length:
      - '1110'
      content-type:
      - application/json
      date:
      - Mon, 14 Sep 2020 13:19:52 GMT
      expires:
      - '-1'
      pragma:
      - no-cache
      server:
      - Microsoft-IIS/10.0
      strict-transport-security:
      - max-age=31536000; includeSubDomains
      transfer-encoding:
      - chunked
      vary:
      - Accept-Encoding
      x-aspnet-version:
      - 4.0.30319
      x-content-type-options:
      - nosniff
      x-ms-ratelimit-remaining-subscription-resource-requests:
      - '11999'
      x-powered-by:
      - ASP.NET
    status:
      code: 200
      message: OK
- request:
    body: null
    headers:
      Accept:
      - application/json
      Accept-Encoding:
      - gzip, deflate
      CommandName:
      - functionapp config appsettings list
      Connection:
      - keep-alive
      ParameterSetName:
      - -g -n
      User-Agent:
      - python/3.7.0 (Windows-10-10.0.18362-SP0) msrest/0.6.18 msrest_azure/0.6.3
        azure-mgmt-web/0.47.0 Azure-SDK-For-Python AZURECLI/2.11.1
      accept-language:
      - en-US
    method: GET
    uri: https://management.azure.com/subscriptions/00000000-0000-0000-0000-000000000000/resourceGroups/clitest.rg000001/providers/Microsoft.Web/sites/functionappacrtest000004/config/slotConfigNames?api-version=2019-08-01
  response:
    body:
      string: '{"id":null,"name":"functionappacrtest000004","type":"Microsoft.Web/sites","location":"Brazil
        South","properties":{"connectionStringNames":null,"appSettingNames":null,"azureStorageConfigNames":null}}'
    headers:
      cache-control:
      - no-cache
      content-length:
      - '198'
      content-type:
      - application/json
      date:
      - Mon, 14 Sep 2020 13:19:53 GMT
      expires:
      - '-1'
      pragma:
      - no-cache
      server:
      - Microsoft-IIS/10.0
      strict-transport-security:
      - max-age=31536000; includeSubDomains
      transfer-encoding:
      - chunked
      vary:
      - Accept-Encoding
      x-aspnet-version:
      - 4.0.30319
      x-content-type-options:
      - nosniff
      x-powered-by:
      - ASP.NET
    status:
      code: 200
      message: OK
- request:
    body: null
    headers:
      Accept:
      - application/json
      Accept-Encoding:
      - gzip, deflate
      CommandName:
      - functionapp config show
      Connection:
      - keep-alive
      ParameterSetName:
      - -g -n
      User-Agent:
      - python/3.7.0 (Windows-10-10.0.18362-SP0) msrest/0.6.18 msrest_azure/0.6.3
        azure-mgmt-web/0.47.0 Azure-SDK-For-Python AZURECLI/2.11.1
      accept-language:
      - en-US
    method: GET
    uri: https://management.azure.com/subscriptions/00000000-0000-0000-0000-000000000000/resourceGroups/clitest.rg000001/providers/Microsoft.Web/sites/functionappacrtest000004/config/web?api-version=2019-08-01
  response:
    body:
      string: '{"id":"/subscriptions/00000000-0000-0000-0000-000000000000/resourceGroups/clitest.rg000001/providers/Microsoft.Web/sites/functionappacrtest000004/config/web","name":"functionappacrtest000004","type":"Microsoft.Web/sites/config","location":"Brazil
        South","properties":{"numberOfWorkers":1,"defaultDocuments":["Default.htm","Default.html","Default.asp","index.htm","index.html","iisstart.htm","default.aspx","index.php"],"netFrameworkVersion":"v4.0","phpVersion":"","pythonVersion":"","nodeVersion":"","powerShellVersion":"","linuxFxVersion":"DOCKER|functionappacrtest000004.azurecr.io/image-name:latest","windowsFxVersion":null,"requestTracingEnabled":false,"remoteDebuggingEnabled":false,"remoteDebuggingVersion":"VS2019","httpLoggingEnabled":false,"azureMonitorLogCategories":null,"acrUseManagedIdentityCreds":false,"acrUserManagedIdentityID":null,"logsDirectorySizeLimit":35,"detailedErrorLoggingEnabled":false,"publishingUsername":"$functionappacrtest000004","publishingPassword":null,"appSettings":null,"azureStorageAccounts":{},"metadata":null,"connectionStrings":null,"machineKey":null,"handlerMappings":null,"documentRoot":null,"scmType":"None","use32BitWorkerProcess":false,"webSocketsEnabled":false,"alwaysOn":true,"javaVersion":null,"javaContainer":null,"javaContainerVersion":null,"appCommandLine":"","managedPipelineMode":"Integrated","virtualApplications":[{"virtualPath":"/","physicalPath":"site\\wwwroot","preloadEnabled":true,"virtualDirectories":null}],"winAuthAdminState":0,"winAuthTenantState":0,"customAppPoolIdentityAdminState":false,"customAppPoolIdentityTenantState":false,"runtimeADUser":null,"runtimeADUserPassword":null,"loadBalancing":"LeastRequests","routingRules":[],"experiments":{"rampUpRules":[]},"limits":null,"autoHealEnabled":false,"autoHealRules":null,"tracingOptions":null,"vnetName":"","vnetRouteAllEnabled":false,"siteAuthEnabled":false,"siteAuthSettings":{"enabled":null,"unauthenticatedClientAction":null,"tokenStoreEnabled":null,"allowedExternalRedirectUrls":null,"defaultProvider":null,"clientId":null,"clientSecret":null,"clientSecretSettingName":null,"clientSecretCertificateThumbprint":null,"issuer":null,"allowedAudiences":null,"additionalLoginParams":null,"isAadAutoProvisioned":false,"aadClaimsAuthorization":null,"googleClientId":null,"googleClientSecret":null,"googleClientSecretSettingName":null,"googleOAuthScopes":null,"facebookAppId":null,"facebookAppSecret":null,"facebookAppSecretSettingName":null,"facebookOAuthScopes":null,"gitHubClientId":null,"gitHubClientSecret":null,"gitHubClientSecretSettingName":null,"gitHubOAuthScopes":null,"twitterConsumerKey":null,"twitterConsumerSecret":null,"twitterConsumerSecretSettingName":null,"microsoftAccountClientId":null,"microsoftAccountClientSecret":null,"microsoftAccountClientSecretSettingName":null,"microsoftAccountOAuthScopes":null},"cors":{"allowedOrigins":["https://functions.azure.com","https://functions-staging.azure.com","https://functions-next.azure.com"],"supportCredentials":false},"push":null,"apiDefinition":null,"apiManagementConfig":null,"autoSwapSlotName":null,"localMySqlEnabled":false,"managedServiceIdentityId":null,"xManagedServiceIdentityId":null,"ipSecurityRestrictions":[{"ipAddress":"Any","action":"Allow","priority":1,"name":"Allow
        all","description":"Allow all access"}],"scmIpSecurityRestrictions":[{"ipAddress":"Any","action":"Allow","priority":1,"name":"Allow
        all","description":"Allow all access"}],"scmIpSecurityRestrictionsUseMain":false,"http20Enabled":true,"minTlsVersion":"1.2","scmMinTlsVersion":"1.0","ftpsState":"AllAllowed","preWarmedInstanceCount":0,"functionAppScaleLimit":0,"healthCheckPath":null,"fileChangeAuditEnabled":false,"functionsRuntimeScaleMonitoringEnabled":false,"websiteTimeZone":null,"minimumElasticInstanceCount":0}}'
    headers:
      cache-control:
      - no-cache
      content-length:
      - '3835'
      content-type:
      - application/json
      date:
      - Mon, 14 Sep 2020 13:19:55 GMT
      expires:
      - '-1'
      pragma:
      - no-cache
      server:
      - Microsoft-IIS/10.0
      strict-transport-security:
      - max-age=31536000; includeSubDomains
      transfer-encoding:
      - chunked
      vary:
      - Accept-Encoding
      x-aspnet-version:
      - 4.0.30319
      x-content-type-options:
      - nosniff
      x-powered-by:
      - ASP.NET
    status:
      code: 200
      message: OK
- request:
    body: null
    headers:
      Accept:
      - application/json
      Accept-Encoding:
      - gzip, deflate
      CommandName:
      - functionapp config container delete
      Connection:
      - keep-alive
      ParameterSetName:
      - -g -n
      User-Agent:
      - python/3.7.0 (Windows-10-10.0.18362-SP0) msrest/0.6.18 msrest_azure/0.6.3
        azure-mgmt-web/0.47.0 Azure-SDK-For-Python AZURECLI/2.11.1
      accept-language:
      - en-US
    method: GET
    uri: https://management.azure.com/subscriptions/00000000-0000-0000-0000-000000000000/resourceGroups/clitest.rg000001/providers/Microsoft.Web/sites/functionappacrtest000004/config/web?api-version=2019-08-01
  response:
    body:
      string: '{"id":"/subscriptions/00000000-0000-0000-0000-000000000000/resourceGroups/clitest.rg000001/providers/Microsoft.Web/sites/functionappacrtest000004/config/web","name":"functionappacrtest000004","type":"Microsoft.Web/sites/config","location":"Brazil
        South","properties":{"numberOfWorkers":1,"defaultDocuments":["Default.htm","Default.html","Default.asp","index.htm","index.html","iisstart.htm","default.aspx","index.php"],"netFrameworkVersion":"v4.0","phpVersion":"","pythonVersion":"","nodeVersion":"","powerShellVersion":"","linuxFxVersion":"DOCKER|functionappacrtest000004.azurecr.io/image-name:latest","windowsFxVersion":null,"requestTracingEnabled":false,"remoteDebuggingEnabled":false,"remoteDebuggingVersion":"VS2019","httpLoggingEnabled":false,"azureMonitorLogCategories":null,"acrUseManagedIdentityCreds":false,"acrUserManagedIdentityID":null,"logsDirectorySizeLimit":35,"detailedErrorLoggingEnabled":false,"publishingUsername":"$functionappacrtest000004","publishingPassword":null,"appSettings":null,"azureStorageAccounts":{},"metadata":null,"connectionStrings":null,"machineKey":null,"handlerMappings":null,"documentRoot":null,"scmType":"None","use32BitWorkerProcess":false,"webSocketsEnabled":false,"alwaysOn":true,"javaVersion":null,"javaContainer":null,"javaContainerVersion":null,"appCommandLine":"","managedPipelineMode":"Integrated","virtualApplications":[{"virtualPath":"/","physicalPath":"site\\wwwroot","preloadEnabled":true,"virtualDirectories":null}],"winAuthAdminState":0,"winAuthTenantState":0,"customAppPoolIdentityAdminState":false,"customAppPoolIdentityTenantState":false,"runtimeADUser":null,"runtimeADUserPassword":null,"loadBalancing":"LeastRequests","routingRules":[],"experiments":{"rampUpRules":[]},"limits":null,"autoHealEnabled":false,"autoHealRules":null,"tracingOptions":null,"vnetName":"","vnetRouteAllEnabled":false,"siteAuthEnabled":false,"siteAuthSettings":{"enabled":null,"unauthenticatedClientAction":null,"tokenStoreEnabled":null,"allowedExternalRedirectUrls":null,"defaultProvider":null,"clientId":null,"clientSecret":null,"clientSecretSettingName":null,"clientSecretCertificateThumbprint":null,"issuer":null,"allowedAudiences":null,"additionalLoginParams":null,"isAadAutoProvisioned":false,"aadClaimsAuthorization":null,"googleClientId":null,"googleClientSecret":null,"googleClientSecretSettingName":null,"googleOAuthScopes":null,"facebookAppId":null,"facebookAppSecret":null,"facebookAppSecretSettingName":null,"facebookOAuthScopes":null,"gitHubClientId":null,"gitHubClientSecret":null,"gitHubClientSecretSettingName":null,"gitHubOAuthScopes":null,"twitterConsumerKey":null,"twitterConsumerSecret":null,"twitterConsumerSecretSettingName":null,"microsoftAccountClientId":null,"microsoftAccountClientSecret":null,"microsoftAccountClientSecretSettingName":null,"microsoftAccountOAuthScopes":null},"cors":{"allowedOrigins":["https://functions.azure.com","https://functions-staging.azure.com","https://functions-next.azure.com"],"supportCredentials":false},"push":null,"apiDefinition":null,"apiManagementConfig":null,"autoSwapSlotName":null,"localMySqlEnabled":false,"managedServiceIdentityId":null,"xManagedServiceIdentityId":null,"ipSecurityRestrictions":[{"ipAddress":"Any","action":"Allow","priority":1,"name":"Allow
        all","description":"Allow all access"}],"scmIpSecurityRestrictions":[{"ipAddress":"Any","action":"Allow","priority":1,"name":"Allow
        all","description":"Allow all access"}],"scmIpSecurityRestrictionsUseMain":false,"http20Enabled":true,"minTlsVersion":"1.2","scmMinTlsVersion":"1.0","ftpsState":"AllAllowed","preWarmedInstanceCount":0,"functionAppScaleLimit":0,"healthCheckPath":null,"fileChangeAuditEnabled":false,"functionsRuntimeScaleMonitoringEnabled":false,"websiteTimeZone":null,"minimumElasticInstanceCount":0}}'
    headers:
      cache-control:
      - no-cache
      content-length:
      - '3835'
      content-type:
      - application/json
      date:
      - Mon, 14 Sep 2020 13:19:56 GMT
      expires:
      - '-1'
      pragma:
      - no-cache
      server:
      - Microsoft-IIS/10.0
      strict-transport-security:
      - max-age=31536000; includeSubDomains
      transfer-encoding:
      - chunked
      vary:
      - Accept-Encoding
      x-aspnet-version:
      - 4.0.30319
      x-content-type-options:
      - nosniff
      x-powered-by:
      - ASP.NET
    status:
      code: 200
      message: OK
- request:
    body: null
    headers:
      Accept:
      - application/json
      Accept-Encoding:
      - gzip, deflate
      CommandName:
      - functionapp config container delete
      Connection:
      - keep-alive
      Content-Length:
      - '0'
      ParameterSetName:
      - -g -n
      User-Agent:
      - python/3.7.0 (Windows-10-10.0.18362-SP0) msrest/0.6.18 msrest_azure/0.6.3
        azure-mgmt-web/0.47.0 Azure-SDK-For-Python AZURECLI/2.11.1
      accept-language:
      - en-US
    method: POST
    uri: https://management.azure.com/subscriptions/00000000-0000-0000-0000-000000000000/resourceGroups/clitest.rg000001/providers/Microsoft.Web/sites/functionappacrtest000004/config/appsettings/list?api-version=2019-08-01
  response:
    body:
      string: '{"id":"/subscriptions/00000000-0000-0000-0000-000000000000/resourceGroups/clitest.rg000001/providers/Microsoft.Web/sites/functionappacrtest000004/config/appsettings","name":"appsettings","type":"Microsoft.Web/sites/config","location":"Brazil
        South","properties":{"MACHINEKEY_DecryptionKey":"C4850BF64016B7729D04AE5A23D089F84E4E557BF8E02381931822AF4D8F24F5","DOCKER_CUSTOM_IMAGE_NAME":"functionappacrtest000004.azurecr.io/image-name:latest","FUNCTION_APP_EDIT_MODE":"readOnly","WEBSITES_ENABLE_APP_SERVICE_STORAGE":"false","FUNCTIONS_EXTENSION_VERSION":"~2","AzureWebJobsStorage":"DefaultEndpointsProtocol=https;EndpointSuffix=core.windows.net;AccountName=clitestacr000002;AccountKey=veryFakedStorageAccountKey==","APPINSIGHTS_INSTRUMENTATIONKEY":"558c97c6-be64-432d-ac17-df377519dd91","DOCKER_REGISTRY_SERVER_URL":"functionappacrtest000004.azurecr.io","DOCKER_REGISTRY_SERVER_USERNAME":"functionappacrtest000004","DOCKER_REGISTRY_SERVER_PASSWORD":"NApFr/dBMuonffNWs=8JKkZKMUm41EoN"}}'
    headers:
      cache-control:
      - no-cache
      content-length:
      - '1110'
      content-type:
      - application/json
      date:
      - Mon, 14 Sep 2020 13:19:57 GMT
      expires:
      - '-1'
      pragma:
      - no-cache
      server:
      - Microsoft-IIS/10.0
      strict-transport-security:
      - max-age=31536000; includeSubDomains
      transfer-encoding:
      - chunked
      vary:
      - Accept-Encoding
      x-aspnet-version:
      - 4.0.30319
      x-content-type-options:
      - nosniff
      x-ms-ratelimit-remaining-subscription-resource-requests:
      - '11999'
      x-powered-by:
      - ASP.NET
    status:
      code: 200
      message: OK
- request:
    body: null
    headers:
      Accept:
      - application/json
      Accept-Encoding:
      - gzip, deflate
      CommandName:
      - functionapp config container delete
      Connection:
      - keep-alive
      ParameterSetName:
      - -g -n
      User-Agent:
      - python/3.7.0 (Windows-10-10.0.18362-SP0) msrest/0.6.18 msrest_azure/0.6.3
        azure-mgmt-web/0.47.0 Azure-SDK-For-Python AZURECLI/2.11.1
      accept-language:
      - en-US
    method: GET
    uri: https://management.azure.com/subscriptions/00000000-0000-0000-0000-000000000000/resourceGroups/clitest.rg000001/providers/Microsoft.Web/sites/functionappacrtest000004/config/slotConfigNames?api-version=2019-08-01
  response:
    body:
      string: '{"id":null,"name":"functionappacrtest000004","type":"Microsoft.Web/sites","location":"Brazil
        South","properties":{"connectionStringNames":null,"appSettingNames":null,"azureStorageConfigNames":null}}'
    headers:
      cache-control:
      - no-cache
      content-length:
      - '198'
      content-type:
      - application/json
      date:
      - Mon, 14 Sep 2020 13:19:59 GMT
      expires:
      - '-1'
      pragma:
      - no-cache
      server:
      - Microsoft-IIS/10.0
      strict-transport-security:
      - max-age=31536000; includeSubDomains
      transfer-encoding:
      - chunked
      vary:
      - Accept-Encoding
      x-aspnet-version:
      - 4.0.30319
      x-content-type-options:
      - nosniff
      x-powered-by:
      - ASP.NET
    status:
      code: 200
      message: OK
- request:
    body: '{"kind": "<class ''str''>", "properties": {"MACHINEKEY_DecryptionKey":
      "C4850BF64016B7729D04AE5A23D089F84E4E557BF8E02381931822AF4D8F24F5", "DOCKER_CUSTOM_IMAGE_NAME":
      "functionappacrtest000004.azurecr.io/image-name:latest", "FUNCTION_APP_EDIT_MODE":
      "readOnly", "FUNCTIONS_EXTENSION_VERSION": "~2", "AzureWebJobsStorage": "DefaultEndpointsProtocol=https;EndpointSuffix=core.windows.net;AccountName=clitestacr000002;AccountKey=veryFakedStorageAccountKey==",
      "APPINSIGHTS_INSTRUMENTATIONKEY": "558c97c6-be64-432d-ac17-df377519dd91", "DOCKER_REGISTRY_SERVER_URL":
      "functionappacrtest000004.azurecr.io", "DOCKER_REGISTRY_SERVER_USERNAME": "functionappacrtest000004",
      "DOCKER_REGISTRY_SERVER_PASSWORD": "NApFr/dBMuonffNWs=8JKkZKMUm41EoN"}}'
    headers:
      Accept:
      - application/json
      Accept-Encoding:
      - gzip, deflate
      CommandName:
      - functionapp config container delete
      Connection:
      - keep-alive
      Content-Length:
      - '800'
      Content-Type:
      - application/json; charset=utf-8
      ParameterSetName:
      - -g -n
      User-Agent:
      - python/3.7.0 (Windows-10-10.0.18362-SP0) msrest/0.6.18 msrest_azure/0.6.3
        azure-mgmt-web/0.47.0 Azure-SDK-For-Python AZURECLI/2.11.1
      accept-language:
      - en-US
    method: PUT
    uri: https://management.azure.com/subscriptions/00000000-0000-0000-0000-000000000000/resourceGroups/clitest.rg000001/providers/Microsoft.Web/sites/functionappacrtest000004/config/appsettings?api-version=2019-08-01
  response:
    body:
      string: '{"id":"/subscriptions/00000000-0000-0000-0000-000000000000/resourceGroups/clitest.rg000001/providers/Microsoft.Web/sites/functionappacrtest000004/config/appsettings","name":"appsettings","type":"Microsoft.Web/sites/config","location":"Brazil
        South","properties":{"MACHINEKEY_DecryptionKey":"C4850BF64016B7729D04AE5A23D089F84E4E557BF8E02381931822AF4D8F24F5","DOCKER_CUSTOM_IMAGE_NAME":"functionappacrtest000004.azurecr.io/image-name:latest","FUNCTION_APP_EDIT_MODE":"readOnly","FUNCTIONS_EXTENSION_VERSION":"~2","AzureWebJobsStorage":"DefaultEndpointsProtocol=https;EndpointSuffix=core.windows.net;AccountName=clitestacr000002;AccountKey=veryFakedStorageAccountKey==","APPINSIGHTS_INSTRUMENTATIONKEY":"558c97c6-be64-432d-ac17-df377519dd91","DOCKER_REGISTRY_SERVER_URL":"functionappacrtest000004.azurecr.io","DOCKER_REGISTRY_SERVER_USERNAME":"functionappacrtest000004","DOCKER_REGISTRY_SERVER_PASSWORD":"NApFr/dBMuonffNWs=8JKkZKMUm41EoN"}}'
    headers:
      cache-control:
      - no-cache
      content-length:
      - '1064'
      content-type:
      - application/json
      date:
      - Mon, 14 Sep 2020 13:19:59 GMT
      etag:
      - '"1D68A99BF4F0D2B"'
      expires:
      - '-1'
      pragma:
      - no-cache
      server:
      - Microsoft-IIS/10.0
      strict-transport-security:
      - max-age=31536000; includeSubDomains
      transfer-encoding:
      - chunked
      vary:
      - Accept-Encoding
      x-aspnet-version:
      - 4.0.30319
      x-content-type-options:
      - nosniff
      x-ms-ratelimit-remaining-subscription-writes:
      - '1199'
      x-powered-by:
      - ASP.NET
    status:
      code: 200
      message: OK
- request:
    body: '{"properties": {"numberOfWorkers": 1, "defaultDocuments": ["Default.htm",
      "Default.html", "Default.asp", "index.htm", "index.html", "iisstart.htm", "default.aspx",
      "index.php"], "netFrameworkVersion": "v4.0", "phpVersion": "", "pythonVersion":
      "", "nodeVersion": "", "powerShellVersion": "", "linuxFxVersion": " ", "requestTracingEnabled":
      false, "remoteDebuggingEnabled": false, "remoteDebuggingVersion": "VS2019",
      "httpLoggingEnabled": false, "logsDirectorySizeLimit": 35, "detailedErrorLoggingEnabled":
      false, "publishingUsername": "$functionappacrtest000004", "scmType": "None",
      "use32BitWorkerProcess": false, "webSocketsEnabled": false, "alwaysOn": true,
      "appCommandLine": "", "managedPipelineMode": "Integrated", "virtualApplications":
      [{"virtualPath": "/", "physicalPath": "site\\wwwroot", "preloadEnabled": true}],
      "loadBalancing": "LeastRequests", "experiments": {"rampUpRules": []}, "autoHealEnabled":
      false, "vnetName": "", "cors": {"allowedOrigins": ["https://functions.azure.com",
      "https://functions-staging.azure.com", "https://functions-next.azure.com"],
      "supportCredentials": false}, "localMySqlEnabled": false, "ipSecurityRestrictions":
      [{"ipAddress": "Any", "action": "Allow", "priority": 1, "name": "Allow all",
      "description": "Allow all access"}], "scmIpSecurityRestrictions": [{"ipAddress":
      "Any", "action": "Allow", "priority": 1, "name": "Allow all", "description":
      "Allow all access"}], "scmIpSecurityRestrictionsUseMain": false, "http20Enabled":
      true, "minTlsVersion": "1.2", "ftpsState": "AllAllowed", "preWarmedInstanceCount":
      0}}'
    headers:
      Accept:
      - application/json
      Accept-Encoding:
      - gzip, deflate
      CommandName:
      - functionapp config container delete
      Connection:
      - keep-alive
      Content-Length:
      - '1558'
      Content-Type:
      - application/json; charset=utf-8
      ParameterSetName:
      - -g -n
      User-Agent:
      - python/3.7.0 (Windows-10-10.0.18362-SP0) msrest/0.6.18 msrest_azure/0.6.3
        azure-mgmt-web/0.47.0 Azure-SDK-For-Python AZURECLI/2.11.1
      accept-language:
      - en-US
    method: PATCH
    uri: https://management.azure.com/subscriptions/00000000-0000-0000-0000-000000000000/resourceGroups/clitest.rg000001/providers/Microsoft.Web/sites/functionappacrtest000004/config/web?api-version=2019-08-01
  response:
    body:
      string: '{"id":"/subscriptions/00000000-0000-0000-0000-000000000000/resourceGroups/clitest.rg000001/providers/Microsoft.Web/sites/functionappacrtest000004","name":"functionappacrtest000004","type":"Microsoft.Web/sites","location":"Brazil
        South","properties":{"numberOfWorkers":1,"defaultDocuments":["Default.htm","Default.html","Default.asp","index.htm","index.html","iisstart.htm","default.aspx","index.php"],"netFrameworkVersion":"v4.0","phpVersion":"","pythonVersion":"","nodeVersion":"","powerShellVersion":"","linuxFxVersion":"
        ","windowsFxVersion":null,"requestTracingEnabled":false,"remoteDebuggingEnabled":false,"remoteDebuggingVersion":"VS2019","httpLoggingEnabled":false,"azureMonitorLogCategories":null,"acrUseManagedIdentityCreds":false,"acrUserManagedIdentityID":null,"logsDirectorySizeLimit":35,"detailedErrorLoggingEnabled":false,"publishingUsername":"$functionappacrtest000004","publishingPassword":null,"appSettings":null,"azureStorageAccounts":{},"metadata":null,"connectionStrings":null,"machineKey":null,"handlerMappings":null,"documentRoot":null,"scmType":"None","use32BitWorkerProcess":false,"webSocketsEnabled":false,"alwaysOn":true,"javaVersion":null,"javaContainer":null,"javaContainerVersion":null,"appCommandLine":"","managedPipelineMode":"Integrated","virtualApplications":[{"virtualPath":"/","physicalPath":"site\\wwwroot","preloadEnabled":true,"virtualDirectories":null}],"winAuthAdminState":0,"winAuthTenantState":0,"customAppPoolIdentityAdminState":false,"customAppPoolIdentityTenantState":false,"runtimeADUser":null,"runtimeADUserPassword":null,"loadBalancing":"LeastRequests","routingRules":[],"experiments":{"rampUpRules":[]},"limits":null,"autoHealEnabled":false,"autoHealRules":null,"tracingOptions":null,"vnetName":"","vnetRouteAllEnabled":false,"siteAuthEnabled":false,"siteAuthSettings":{"enabled":null,"unauthenticatedClientAction":null,"tokenStoreEnabled":null,"allowedExternalRedirectUrls":null,"defaultProvider":null,"clientId":null,"clientSecret":null,"clientSecretSettingName":null,"clientSecretCertificateThumbprint":null,"issuer":null,"allowedAudiences":null,"additionalLoginParams":null,"isAadAutoProvisioned":false,"aadClaimsAuthorization":null,"googleClientId":null,"googleClientSecret":null,"googleClientSecretSettingName":null,"googleOAuthScopes":null,"facebookAppId":null,"facebookAppSecret":null,"facebookAppSecretSettingName":null,"facebookOAuthScopes":null,"gitHubClientId":null,"gitHubClientSecret":null,"gitHubClientSecretSettingName":null,"gitHubOAuthScopes":null,"twitterConsumerKey":null,"twitterConsumerSecret":null,"twitterConsumerSecretSettingName":null,"microsoftAccountClientId":null,"microsoftAccountClientSecret":null,"microsoftAccountClientSecretSettingName":null,"microsoftAccountOAuthScopes":null},"cors":{"allowedOrigins":["https://functions.azure.com","https://functions-staging.azure.com","https://functions-next.azure.com"],"supportCredentials":false},"push":null,"apiDefinition":null,"apiManagementConfig":null,"autoSwapSlotName":null,"localMySqlEnabled":false,"managedServiceIdentityId":null,"xManagedServiceIdentityId":null,"ipSecurityRestrictions":[{"ipAddress":"Any","action":"Allow","priority":1,"name":"Allow
        all","description":"Allow all access"}],"scmIpSecurityRestrictions":[{"ipAddress":"Any","action":"Allow","priority":1,"name":"Allow
        all","description":"Allow all access"}],"scmIpSecurityRestrictionsUseMain":false,"http20Enabled":true,"minTlsVersion":"1.2","scmMinTlsVersion":"1.0","ftpsState":"AllAllowed","preWarmedInstanceCount":0,"functionAppScaleLimit":0,"healthCheckPath":null,"fileChangeAuditEnabled":false,"functionsRuntimeScaleMonitoringEnabled":false,"websiteTimeZone":null,"minimumElasticInstanceCount":0}}'
    headers:
      cache-control:
      - no-cache
      content-length:
      - '3758'
      content-type:
      - application/json
      date:
      - Mon, 14 Sep 2020 13:20:02 GMT
      etag:
      - '"1D68A99BF4F0D2B"'
      expires:
      - '-1'
      pragma:
      - no-cache
      server:
      - Microsoft-IIS/10.0
      strict-transport-security:
      - max-age=31536000; includeSubDomains
      transfer-encoding:
      - chunked
      vary:
      - Accept-Encoding
      x-aspnet-version:
      - 4.0.30319
      x-content-type-options:
      - nosniff
      x-ms-ratelimit-remaining-subscription-writes:
      - '1199'
      x-powered-by:
      - ASP.NET
    status:
      code: 200
      message: OK
- request:
    body: null
    headers:
      Accept:
      - application/json
      Accept-Encoding:
      - gzip, deflate
      CommandName:
      - functionapp config container delete
      Connection:
      - keep-alive
      Content-Length:
      - '0'
      ParameterSetName:
      - -g -n
      User-Agent:
      - python/3.7.0 (Windows-10-10.0.18362-SP0) msrest/0.6.18 msrest_azure/0.6.3
        azure-mgmt-web/0.47.0 Azure-SDK-For-Python AZURECLI/2.11.1
      accept-language:
      - en-US
    method: POST
    uri: https://management.azure.com/subscriptions/00000000-0000-0000-0000-000000000000/resourceGroups/clitest.rg000001/providers/Microsoft.Web/sites/functionappacrtest000004/config/appsettings/list?api-version=2019-08-01
  response:
    body:
      string: '{"id":"/subscriptions/00000000-0000-0000-0000-000000000000/resourceGroups/clitest.rg000001/providers/Microsoft.Web/sites/functionappacrtest000004/config/appsettings","name":"appsettings","type":"Microsoft.Web/sites/config","location":"Brazil
        South","properties":{"MACHINEKEY_DecryptionKey":"C4850BF64016B7729D04AE5A23D089F84E4E557BF8E02381931822AF4D8F24F5","DOCKER_CUSTOM_IMAGE_NAME":"functionappacrtest000004.azurecr.io/image-name:latest","FUNCTION_APP_EDIT_MODE":"readOnly","FUNCTIONS_EXTENSION_VERSION":"~2","AzureWebJobsStorage":"DefaultEndpointsProtocol=https;EndpointSuffix=core.windows.net;AccountName=clitestacr000002;AccountKey=veryFakedStorageAccountKey==","APPINSIGHTS_INSTRUMENTATIONKEY":"558c97c6-be64-432d-ac17-df377519dd91","DOCKER_REGISTRY_SERVER_URL":"functionappacrtest000004.azurecr.io","DOCKER_REGISTRY_SERVER_USERNAME":"functionappacrtest000004","DOCKER_REGISTRY_SERVER_PASSWORD":"NApFr/dBMuonffNWs=8JKkZKMUm41EoN"}}'
    headers:
      cache-control:
      - no-cache
      content-length:
      - '1064'
      content-type:
      - application/json
      date:
      - Mon, 14 Sep 2020 13:20:04 GMT
      expires:
      - '-1'
      pragma:
      - no-cache
      server:
      - Microsoft-IIS/10.0
      strict-transport-security:
      - max-age=31536000; includeSubDomains
      transfer-encoding:
      - chunked
      vary:
      - Accept-Encoding
      x-aspnet-version:
      - 4.0.30319
      x-content-type-options:
      - nosniff
      x-ms-ratelimit-remaining-subscription-resource-requests:
      - '11998'
      x-powered-by:
      - ASP.NET
    status:
      code: 200
      message: OK
- request:
    body: null
    headers:
      Accept:
      - application/json
      Accept-Encoding:
      - gzip, deflate
      CommandName:
      - functionapp config container delete
      Connection:
      - keep-alive
      ParameterSetName:
      - -g -n
      User-Agent:
      - python/3.7.0 (Windows-10-10.0.18362-SP0) msrest/0.6.18 msrest_azure/0.6.3
        azure-mgmt-web/0.47.0 Azure-SDK-For-Python AZURECLI/2.11.1
      accept-language:
      - en-US
    method: GET
    uri: https://management.azure.com/subscriptions/00000000-0000-0000-0000-000000000000/resourceGroups/clitest.rg000001/providers/Microsoft.Web/sites/functionappacrtest000004/config/slotConfigNames?api-version=2019-08-01
  response:
    body:
      string: '{"id":null,"name":"functionappacrtest000004","type":"Microsoft.Web/sites","location":"Brazil
        South","properties":{"connectionStringNames":null,"appSettingNames":null,"azureStorageConfigNames":null}}'
    headers:
      cache-control:
      - no-cache
      content-length:
      - '198'
      content-type:
      - application/json
      date:
      - Mon, 14 Sep 2020 13:20:03 GMT
      expires:
      - '-1'
      pragma:
      - no-cache
      server:
      - Microsoft-IIS/10.0
      strict-transport-security:
      - max-age=31536000; includeSubDomains
      transfer-encoding:
      - chunked
      vary:
      - Accept-Encoding
      x-aspnet-version:
      - 4.0.30319
      x-content-type-options:
      - nosniff
      x-powered-by:
      - ASP.NET
    status:
      code: 200
      message: OK
- request:
    body: '{"kind": "<class ''str''>", "properties": {"MACHINEKEY_DecryptionKey":
      "C4850BF64016B7729D04AE5A23D089F84E4E557BF8E02381931822AF4D8F24F5", "DOCKER_CUSTOM_IMAGE_NAME":
      "functionappacrtest000004.azurecr.io/image-name:latest", "FUNCTION_APP_EDIT_MODE":
      "readOnly", "FUNCTIONS_EXTENSION_VERSION": "~2", "AzureWebJobsStorage": "DefaultEndpointsProtocol=https;EndpointSuffix=core.windows.net;AccountName=clitestacr000002;AccountKey=veryFakedStorageAccountKey==",
      "APPINSIGHTS_INSTRUMENTATIONKEY": "558c97c6-be64-432d-ac17-df377519dd91"}}'
    headers:
      Accept:
      - application/json
      Accept-Encoding:
      - gzip, deflate
      CommandName:
      - functionapp config container delete
      Connection:
      - keep-alive
      Content-Length:
      - '597'
      Content-Type:
      - application/json; charset=utf-8
      ParameterSetName:
      - -g -n
      User-Agent:
      - python/3.7.0 (Windows-10-10.0.18362-SP0) msrest/0.6.18 msrest_azure/0.6.3
        azure-mgmt-web/0.47.0 Azure-SDK-For-Python AZURECLI/2.11.1
      accept-language:
      - en-US
    method: PUT
    uri: https://management.azure.com/subscriptions/00000000-0000-0000-0000-000000000000/resourceGroups/clitest.rg000001/providers/Microsoft.Web/sites/functionappacrtest000004/config/appsettings?api-version=2019-08-01
  response:
    body:
      string: '{"id":"/subscriptions/00000000-0000-0000-0000-000000000000/resourceGroups/clitest.rg000001/providers/Microsoft.Web/sites/functionappacrtest000004/config/appsettings","name":"appsettings","type":"Microsoft.Web/sites/config","location":"Brazil
        South","properties":{"MACHINEKEY_DecryptionKey":"C4850BF64016B7729D04AE5A23D089F84E4E557BF8E02381931822AF4D8F24F5","DOCKER_CUSTOM_IMAGE_NAME":"functionappacrtest000004.azurecr.io/image-name:latest","FUNCTION_APP_EDIT_MODE":"readOnly","FUNCTIONS_EXTENSION_VERSION":"~2","AzureWebJobsStorage":"DefaultEndpointsProtocol=https;EndpointSuffix=core.windows.net;AccountName=clitestacr000002;AccountKey=veryFakedStorageAccountKey==","APPINSIGHTS_INSTRUMENTATIONKEY":"558c97c6-be64-432d-ac17-df377519dd91"}}'
    headers:
      cache-control:
      - no-cache
      content-length:
      - '867'
      content-type:
      - application/json
      date:
      - Mon, 14 Sep 2020 13:20:04 GMT
      etag:
      - '"1D68A99C28B9A8B"'
      expires:
      - '-1'
      pragma:
      - no-cache
      server:
      - Microsoft-IIS/10.0
      strict-transport-security:
      - max-age=31536000; includeSubDomains
      transfer-encoding:
      - chunked
      vary:
      - Accept-Encoding
      x-aspnet-version:
      - 4.0.30319
      x-content-type-options:
      - nosniff
      x-ms-ratelimit-remaining-subscription-writes:
      - '1198'
      x-powered-by:
      - ASP.NET
    status:
      code: 200
      message: OK
- request:
    body: null
    headers:
      Accept:
      - application/json
      Accept-Encoding:
      - gzip, deflate
      CommandName:
      - functionapp config appsettings list
      Connection:
      - keep-alive
      Content-Length:
      - '0'
      ParameterSetName:
      - -g -n
      User-Agent:
      - python/3.7.0 (Windows-10-10.0.18362-SP0) msrest/0.6.18 msrest_azure/0.6.3
        azure-mgmt-web/0.47.0 Azure-SDK-For-Python AZURECLI/2.11.1
      accept-language:
      - en-US
    method: POST
    uri: https://management.azure.com/subscriptions/00000000-0000-0000-0000-000000000000/resourceGroups/clitest.rg000001/providers/Microsoft.Web/sites/functionappacrtest000004/config/appsettings/list?api-version=2019-08-01
  response:
    body:
      string: '{"id":"/subscriptions/00000000-0000-0000-0000-000000000000/resourceGroups/clitest.rg000001/providers/Microsoft.Web/sites/functionappacrtest000004/config/appsettings","name":"appsettings","type":"Microsoft.Web/sites/config","location":"Brazil
        South","properties":{"MACHINEKEY_DecryptionKey":"C4850BF64016B7729D04AE5A23D089F84E4E557BF8E02381931822AF4D8F24F5","DOCKER_CUSTOM_IMAGE_NAME":"functionappacrtest000004.azurecr.io/image-name:latest","FUNCTION_APP_EDIT_MODE":"readOnly","FUNCTIONS_EXTENSION_VERSION":"~2","AzureWebJobsStorage":"DefaultEndpointsProtocol=https;EndpointSuffix=core.windows.net;AccountName=clitestacr000002;AccountKey=veryFakedStorageAccountKey==","APPINSIGHTS_INSTRUMENTATIONKEY":"558c97c6-be64-432d-ac17-df377519dd91"}}'
    headers:
      cache-control:
      - no-cache
      content-length:
      - '867'
      content-type:
      - application/json
      date:
      - Mon, 14 Sep 2020 13:20:06 GMT
      expires:
      - '-1'
      pragma:
      - no-cache
      server:
      - Microsoft-IIS/10.0
      strict-transport-security:
      - max-age=31536000; includeSubDomains
      transfer-encoding:
      - chunked
      vary:
      - Accept-Encoding
      x-aspnet-version:
      - 4.0.30319
      x-content-type-options:
      - nosniff
      x-ms-ratelimit-remaining-subscription-resource-requests:
      - '11999'
      x-powered-by:
      - ASP.NET
    status:
      code: 200
      message: OK
- request:
    body: null
    headers:
      Accept:
      - application/json
      Accept-Encoding:
      - gzip, deflate
      CommandName:
      - functionapp config appsettings list
      Connection:
      - keep-alive
      ParameterSetName:
      - -g -n
      User-Agent:
      - python/3.7.0 (Windows-10-10.0.18362-SP0) msrest/0.6.18 msrest_azure/0.6.3
        azure-mgmt-web/0.47.0 Azure-SDK-For-Python AZURECLI/2.11.1
      accept-language:
      - en-US
    method: GET
    uri: https://management.azure.com/subscriptions/00000000-0000-0000-0000-000000000000/resourceGroups/clitest.rg000001/providers/Microsoft.Web/sites/functionappacrtest000004/config/slotConfigNames?api-version=2019-08-01
  response:
    body:
      string: '{"id":null,"name":"functionappacrtest000004","type":"Microsoft.Web/sites","location":"Brazil
        South","properties":{"connectionStringNames":null,"appSettingNames":null,"azureStorageConfigNames":null}}'
    headers:
      cache-control:
      - no-cache
      content-length:
      - '198'
      content-type:
      - application/json
      date:
      - Mon, 14 Sep 2020 13:20:07 GMT
      expires:
      - '-1'
      pragma:
      - no-cache
      server:
      - Microsoft-IIS/10.0
      strict-transport-security:
      - max-age=31536000; includeSubDomains
      transfer-encoding:
      - chunked
      vary:
      - Accept-Encoding
      x-aspnet-version:
      - 4.0.30319
      x-content-type-options:
      - nosniff
      x-powered-by:
      - ASP.NET
    status:
      code: 200
      message: OK
version: 1
