interactions:
- request:
    body: null
    headers:
      Accept:
      - application/json
      Accept-Encoding:
      - gzip, deflate
      CommandName:
      - appservice plan create
      Connection:
      - keep-alive
      ParameterSetName:
      - -g -n --sku
      User-Agent:
      - AZURECLI/2.68.0 azsdk-python-core/1.31.0 Python/3.12.9 (Windows-11-10.0.26100-SP0)
    method: GET
    uri: https://management.azure.com/subscriptions/00000000-0000-0000-0000-000000000000/resourcegroups/clitest.rg000001?api-version=2022-09-01
  response:
    body:
      string: '{"id":"/subscriptions/00000000-0000-0000-0000-000000000000/resourceGroups/clitest.rg000001","name":"clitest.rg000001","type":"Microsoft.Resources/resourceGroups","location":"westus","tags":{"product":"azurecli","cause":"automation","test":"test_asp_ws1_create","date":"2025-02-24T04:27:13Z","module":"appservice"},"properties":{"provisioningState":"Succeeded"}}'
    headers:
      cache-control:
      - no-cache
      content-length:
      - '361'
      content-type:
      - application/json; charset=utf-8
      date:
      - Mon, 24 Feb 2025 04:27:47 GMT
      expires:
      - '-1'
      pragma:
      - no-cache
      strict-transport-security:
      - max-age=31536000; includeSubDomains
      x-cache:
      - CONFIG_NOCACHE
      x-content-type-options:
      - nosniff
      x-ms-ratelimit-remaining-subscription-global-reads:
      - '16499'
      x-msedge-ref:
      - 'Ref A: 8EA6F240240C45CB9CF77C249D30BD12 Ref B: MAA201060516035 Ref C: 2025-02-24T04:27:48Z'
    status:
      code: 200
      message: OK
- request:
    body: null
    headers:
      Accept:
      - application/json
      Accept-Encoding:
      - gzip, deflate
      CommandName:
      - appservice plan create
      Connection:
      - keep-alive
      ParameterSetName:
      - -g -n --sku
      User-Agent:
      - AZURECLI/2.68.0 azsdk-python-core/1.31.0 Python/3.12.9 (Windows-11-10.0.26100-SP0)
    method: GET
    uri: https://management.azure.com/subscriptions/00000000-0000-0000-0000-000000000000/resourceGroups/clitest.rg000001/providers/Microsoft.Web/serverfarms/plan000003?api-version=2023-01-01
  response:
    body:
      string: '{"error":{"code":"ResourceNotFound","message":"The Resource ''Microsoft.Web/serverFarms/plan000003''
        under resource group ''clitest.rg000001'' was not found. For more details
        please go to https://aka.ms/ARMResourceNotFoundFix"}}'
    headers:
      cache-control:
      - no-cache
      content-length:
      - '224'
      content-type:
      - application/json; charset=utf-8
      date:
      - Mon, 24 Feb 2025 04:27:48 GMT
      expires:
      - '-1'
      pragma:
      - no-cache
      strict-transport-security:
      - max-age=31536000; includeSubDomains
      x-cache:
      - CONFIG_NOCACHE
      x-content-type-options:
      - nosniff
      x-ms-failure-cause:
      - gateway
      x-msedge-ref:
      - 'Ref A: 3EA24B2F653545A58F017F6451EC8F20 Ref B: MAA201060515029 Ref C: 2025-02-24T04:27:48Z'
    status:
      code: 404
      message: Not Found
- request:
    body: '{"location": "westus", "sku": {"name": "WS1", "tier": "WorkflowStandard",
      "capacity": 1}, "properties": {"perSiteScaling": false, "isXenon": false, "zoneRedundant":
      false}}'
    headers:
      Accept:
      - application/json
      Accept-Encoding:
      - gzip, deflate
      CommandName:
      - appservice plan create
      Connection:
      - keep-alive
      Content-Length:
      - '172'
      Content-Type:
      - application/json
      ParameterSetName:
      - -g -n --sku
      User-Agent:
      - AZURECLI/2.68.0 azsdk-python-core/1.31.0 Python/3.12.9 (Windows-11-10.0.26100-SP0)
    method: PUT
    uri: https://management.azure.com/subscriptions/00000000-0000-0000-0000-000000000000/resourceGroups/clitest.rg000001/providers/Microsoft.Web/serverfarms/plan000003?api-version=2023-01-01
  response:
    body:
      string: '{"id":"/subscriptions/00000000-0000-0000-0000-000000000000/resourceGroups/clitest.rg000001/providers/Microsoft.Web/serverfarms/plan000003","name":"plan000003","type":"Microsoft.Web/serverfarms","kind":"elastic","location":"westus","properties":{"serverFarmId":43570,"name":"plan000003","sku":{"name":"WS1","tier":"WorkflowStandard","size":"WS1","family":"WS","capacity":1},"workerSize":"D1","workerSizeId":3,"workerTierName":null,"numberOfWorkers":1,"currentWorkerSize":"D1","currentWorkerSizeId":3,"currentNumberOfWorkers":1,"status":"Ready","webSpace":"clitest.rg000001-WestUSwebspace","subscription":"bef29afb-3c08-4894-ae64-43bdd8f3f447","adminSiteName":null,"hostingEnvironment":null,"hostingEnvironmentProfile":null,"maximumNumberOfWorkers":0,"planName":"VirtualDedicatedPlan","adminRuntimeSiteName":null,"computeMode":"Dedicated","siteMode":null,"geoRegion":"West
        US","perSiteScaling":false,"elasticScaleEnabled":true,"maximumElasticWorkerCount":1,"numberOfSites":0,"hostingEnvironmentId":null,"isSpot":false,"spotExpirationTime":null,"freeOfferExpirationTime":null,"tags":null,"kind":"elastic","resourceGroup":"clitest.rg000001","reserved":false,"isXenon":false,"hyperV":false,"mdmId":"waws-prod-bay-001_43570","targetWorkerCount":0,"targetWorkerSizeId":0,"provisioningState":"Succeeded","webSiteId":null,"existingServerFarmIds":null,"kubeEnvironmentProfile":null,"zoneRedundant":false,"migrateToVMSS":null,"vnetConnectionsUsed":null,"vnetConnectionsMax":null,"createdTime":"2025-02-24T04:27:55.897"},"sku":{"name":"WS1","tier":"WorkflowStandard","size":"WS1","family":"WS","capacity":1}}'
    headers:
      cache-control:
      - no-cache
      content-length:
      - '1596'
      content-type:
      - application/json
      date:
      - Mon, 24 Feb 2025 04:28:00 GMT
      etag:
      - '"1DB86747CB5A910"'
      expires:
      - '-1'
      pragma:
      - no-cache
      strict-transport-security:
      - max-age=31536000; includeSubDomains
      x-aspnet-version:
      - 4.0.30319
      x-cache:
      - CONFIG_NOCACHE
      x-content-type-options:
      - nosniff
      x-ms-ratelimit-remaining-subscription-global-writes:
      - '12000'
      x-ms-ratelimit-remaining-subscription-writes:
      - '800'
      x-msedge-ref:
      - 'Ref A: EB8F361E79194677997F0D527E6742D2 Ref B: MAA201060515029 Ref C: 2025-02-24T04:27:49Z'
      x-powered-by:
      - ASP.NET
    status:
      code: 200
      message: OK
- request:
    body: null
    headers:
      Accept:
      - '*/*'
      Accept-Encoding:
      - gzip, deflate
      CommandName:
      - appservice plan show
      Connection:
      - keep-alive
      ParameterSetName:
      - -g -n
      User-Agent:
      - python/3.12.9 (Windows-11-10.0.26100-SP0) AZURECLI/2.68.0
    method: GET
    uri: https://management.azure.com/subscriptions/00000000-0000-0000-0000-000000000000/resourceGroups/clitest.rg000001/providers/Microsoft.Web/serverfarms/plan000003?api-version=2023-12-01
  response:
    body:
      string: '{"id":"/subscriptions/00000000-0000-0000-0000-000000000000/resourceGroups/clitest.rg000001/providers/Microsoft.Web/serverfarms/plan000003","name":"plan000003","type":"Microsoft.Web/serverfarms","kind":"elastic","location":"West
        US","properties":{"serverFarmId":43570,"name":"plan000003","workerSize":"D1","workerSizeId":3,"workerTierName":null,"numberOfWorkers":1,"currentWorkerSize":"D1","currentWorkerSizeId":3,"currentNumberOfWorkers":1,"status":"Ready","webSpace":"clitest.rg000001-WestUSwebspace","subscription":"bef29afb-3c08-4894-ae64-43bdd8f3f447","adminSiteName":null,"hostingEnvironment":null,"hostingEnvironmentProfile":null,"maximumNumberOfWorkers":20,"planName":"VirtualDedicatedPlan","adminRuntimeSiteName":null,"computeMode":"Dedicated","siteMode":null,"geoRegion":"West
        US","perSiteScaling":false,"elasticScaleEnabled":true,"maximumElasticWorkerCount":1,"numberOfSites":0,"hostingEnvironmentId":null,"isSpot":false,"spotExpirationTime":null,"freeOfferExpirationTime":null,"tags":null,"kind":"elastic","resourceGroup":"clitest.rg000001","reserved":false,"isXenon":false,"hyperV":false,"mdmId":"waws-prod-bay-001_43570","targetWorkerCount":0,"targetWorkerSizeId":0,"provisioningState":"Succeeded","webSiteId":null,"existingServerFarmIds":null,"kubeEnvironmentProfile":null,"zoneRedundant":false,"migrateToVMSS":null,"vnetConnectionsUsed":0,"vnetConnectionsMax":2,"createdTime":"2025-02-24T04:27:55.897"},"sku":{"name":"WS1","tier":"WorkflowStandard","size":"WS1","family":"WS","capacity":1}}'
    headers:
      cache-control:
      - no-cache
      content-length:
      - '1505'
      content-type:
      - application/json
      date:
      - Mon, 24 Feb 2025 04:28:01 GMT
      expires:
      - '-1'
      pragma:
      - no-cache
      strict-transport-security:
      - max-age=31536000; includeSubDomains
      x-aspnet-version:
      - 4.0.30319
      x-cache:
      - CONFIG_NOCACHE
      x-content-type-options:
      - nosniff
      x-ms-ratelimit-remaining-subscription-global-reads:
      - '16499'
      x-msedge-ref:
      - 'Ref A: D2F314A73A264A56B87B489AA3989D70 Ref B: MAA201060516025 Ref C: 2025-02-24T04:28:01Z'
      x-powered-by:
      - ASP.NET
    status:
      code: 200
      message: OK
- request:
    body: null
    headers:
      Accept:
      - application/json
      Accept-Encoding:
      - gzip, deflate
      CommandName:
      - logicapp create
      Connection:
      - keep-alive
      ParameterSetName:
      - -g -n --plan --storage-account
      User-Agent:
      - AZURECLI/2.68.0 azsdk-python-core/1.31.0 Python/3.12.9 (Windows-11-10.0.26100-SP0)
    method: GET
    uri: https://management.azure.com/subscriptions/00000000-0000-0000-0000-000000000000/resourceGroups/clitest.rg000001/providers/Microsoft.Web/serverfarms/plan000003?api-version=2023-01-01
  response:
    body:
      string: '{"id":"/subscriptions/00000000-0000-0000-0000-000000000000/resourceGroups/clitest.rg000001/providers/Microsoft.Web/serverfarms/plan000003","name":"plan000003","type":"Microsoft.Web/serverfarms","kind":"elastic","location":"West
        US","properties":{"serverFarmId":43570,"name":"plan000003","workerSize":"D1","workerSizeId":3,"workerTierName":null,"numberOfWorkers":1,"currentWorkerSize":"D1","currentWorkerSizeId":3,"currentNumberOfWorkers":1,"status":"Ready","webSpace":"clitest.rg000001-WestUSwebspace","subscription":"bef29afb-3c08-4894-ae64-43bdd8f3f447","adminSiteName":null,"hostingEnvironment":null,"hostingEnvironmentProfile":null,"maximumNumberOfWorkers":20,"planName":"VirtualDedicatedPlan","adminRuntimeSiteName":null,"computeMode":"Dedicated","siteMode":null,"geoRegion":"West
        US","perSiteScaling":false,"elasticScaleEnabled":true,"maximumElasticWorkerCount":1,"numberOfSites":0,"hostingEnvironmentId":null,"isSpot":false,"spotExpirationTime":null,"freeOfferExpirationTime":null,"tags":null,"kind":"elastic","resourceGroup":"clitest.rg000001","reserved":false,"isXenon":false,"hyperV":false,"mdmId":"waws-prod-bay-001_43570","targetWorkerCount":0,"targetWorkerSizeId":0,"provisioningState":"Succeeded","webSiteId":null,"existingServerFarmIds":null,"kubeEnvironmentProfile":null,"zoneRedundant":false,"migrateToVMSS":null,"vnetConnectionsUsed":0,"vnetConnectionsMax":2,"createdTime":"2025-02-24T04:27:55.897"},"sku":{"name":"WS1","tier":"WorkflowStandard","size":"WS1","family":"WS","capacity":1}}'
    headers:
      cache-control:
      - no-cache
      content-length:
      - '1505'
      content-type:
      - application/json
      date:
      - Mon, 24 Feb 2025 04:28:02 GMT
      expires:
      - '-1'
      pragma:
      - no-cache
      strict-transport-security:
      - max-age=31536000; includeSubDomains
      x-aspnet-version:
      - 4.0.30319
      x-cache:
      - CONFIG_NOCACHE
      x-content-type-options:
      - nosniff
      x-ms-ratelimit-remaining-subscription-global-reads:
      - '16499'
      x-msedge-ref:
      - 'Ref A: E679865598EF43DABEA2702656517935 Ref B: MAA201060515045 Ref C: 2025-02-24T04:28:01Z'
      x-powered-by:
      - ASP.NET
    status:
      code: 200
      message: OK
- request:
    body: null
    headers:
      Accept:
      - application/json
      Accept-Encoding:
      - gzip, deflate
      CommandName:
      - logicapp create
      Connection:
      - keep-alive
      ParameterSetName:
      - -g -n --plan --storage-account
      User-Agent:
      - AZURECLI/2.68.0 azsdk-python-core/1.31.0 Python/3.12.9 (Windows-11-10.0.26100-SP0)
    method: GET
    uri: https://management.azure.com/subscriptions/00000000-0000-0000-0000-000000000000/resourceGroups/clitest.rg000001/providers/Microsoft.Storage/storageAccounts/clitest000002?api-version=2023-05-01
  response:
    body:
      string: '{"sku":{"name":"Standard_LRS","tier":"Standard"},"kind":"Storage","id":"/subscriptions/00000000-0000-0000-0000-000000000000/resourceGroups/clitest.rg000001/providers/Microsoft.Storage/storageAccounts/clitest000002","name":"clitest000002","type":"Microsoft.Storage/storageAccounts","location":"westus","tags":{},"properties":{"keyCreationTime":{"key1":"2025-02-24T04:27:24.8524518Z","key2":"2025-02-24T04:27:24.8524518Z"},"allowCrossTenantReplication":false,"privateEndpointConnections":[],"minimumTlsVersion":"TLS1_2","allowBlobPublicAccess":false,"networkAcls":{"ipv6Rules":[],"bypass":"AzureServices","virtualNetworkRules":[],"ipRules":[],"defaultAction":"Allow"},"supportsHttpsTrafficOnly":true,"encryption":{"services":{"file":{"keyType":"Account","enabled":true,"lastEnabledTime":"2025-02-24T04:27:24.9462061Z"},"blob":{"keyType":"Account","enabled":true,"lastEnabledTime":"2025-02-24T04:27:24.9462061Z"}},"keySource":"Microsoft.Storage"},"provisioningState":"Succeeded","creationTime":"2025-02-24T04:27:24.7587009Z","primaryEndpoints":{"blob":"https://clitest000002.blob.core.windows.net/","queue":"https://clitest000002.queue.core.windows.net/","table":"https://clitest000002.table.core.windows.net/","file":"https://clitest000002.file.core.windows.net/"},"primaryLocation":"westus","statusOfPrimary":"available"}}'
    headers:
      cache-control:
      - no-cache
      content-length:
      - '1321'
      content-type:
      - application/json
      date:
      - Mon, 24 Feb 2025 04:28:03 GMT
      expires:
      - '-1'
      pragma:
      - no-cache
      strict-transport-security:
      - max-age=31536000; includeSubDomains
      x-cache:
      - CONFIG_NOCACHE
      x-content-type-options:
      - nosniff
      x-ms-ratelimit-remaining-subscription-global-reads:
      - '16499'
      x-msedge-ref:
      - 'Ref A: 9BEECA5A58A940CA9EBB3658CC93D4BA Ref B: MAA201060515031 Ref C: 2025-02-24T04:28:03Z'
    status:
      code: 200
      message: OK
- request:
    body: null
    headers:
      Accept:
      - application/json
      Accept-Encoding:
      - gzip, deflate
      CommandName:
      - logicapp create
      Connection:
      - keep-alive
      Content-Length:
      - '0'
      ParameterSetName:
      - -g -n --plan --storage-account
      User-Agent:
      - AZURECLI/2.68.0 azsdk-python-core/1.31.0 Python/3.12.9 (Windows-11-10.0.26100-SP0)
    method: POST
    uri: https://management.azure.com/subscriptions/00000000-0000-0000-0000-000000000000/resourceGroups/clitest.rg000001/providers/Microsoft.Storage/storageAccounts/clitest000002/listKeys?api-version=2023-05-01&$expand=kerb
  response:
    body:
      string: '{"keys":[{"creationTime":"2025-02-24T04:27:24.8524518Z","keyName":"key1","value":"veryFakedStorageAccountKey==","permissions":"FULL"},{"creationTime":"2025-02-24T04:27:24.8524518Z","keyName":"key2","value":"veryFakedStorageAccountKey==","permissions":"FULL"}]}'
    headers:
      cache-control:
      - no-cache
      content-length:
      - '260'
      content-type:
      - application/json
      date:
      - Mon, 24 Feb 2025 04:28:04 GMT
      expires:
      - '-1'
      pragma:
      - no-cache
      strict-transport-security:
      - max-age=31536000; includeSubDomains
      x-cache:
      - CONFIG_NOCACHE
      x-content-type-options:
      - nosniff
      x-ms-ratelimit-remaining-subscription-resource-requests:
      - '11999'
      x-msedge-ref:
      - 'Ref A: 844FD48341F74A0291A7B813F0DA67EC Ref B: MAA201060515031 Ref C: 2025-02-24T04:28:04Z'
    status:
      code: 200
      message: OK
- request:
    body: '{"kind": "functionapp,workflowapp", "location": "West US", "properties":
      {"serverFarmId": "/subscriptions/00000000-0000-0000-0000-000000000000/resourceGroups/clitest.rg000001/providers/Microsoft.Web/serverfarms/plan000003",
      "reserved": false, "isXenon": false, "hyperV": false, "siteConfig": {"netFrameworkVersion":
      "v4.6", "appSettings": [{"name": "FUNCTIONS_WORKER_RUNTIME", "value": "node"},
      {"name": "WEBSITE_NODE_DEFAULT_VERSION", "value": "~16"}, {"name": "FUNCTIONS_EXTENSION_VERSION",
      "value": "~4"}, {"name": "AzureWebJobsStorage", "value": "DefaultEndpointsProtocol=https;EndpointSuffix=core.windows.net;AccountName=clitest000002;AccountKey=veryFakedStorageAccountKey=="},
      {"name": "AzureWebJobsDashboard", "value": "DefaultEndpointsProtocol=https;EndpointSuffix=core.windows.net;AccountName=clitest000002;AccountKey=veryFakedStorageAccountKey=="},
      {"name": "AzureFunctionsJobHost__extensionBundle__id", "value": "Microsoft.Azure.Functions.ExtensionBundle.Workflows"},
      {"name": "AzureFunctionsJobHost__extensionBundle__version", "value": "[1.*,
      2.0.0)"}, {"name": "APP_KIND", "value": "workflowApp"}, {"name": "WEBSITE_CONTENTAZUREFILECONNECTIONSTRING",
      "value": "DefaultEndpointsProtocol=https;EndpointSuffix=core.windows.net;AccountName=clitest000002;AccountKey=veryFakedStorageAccountKey=="},
      {"name": "WEBSITE_CONTENTSHARE", "value": "logicapp000004"}], "localMySqlEnabled":
      false, "http20Enabled": true}, "scmSiteAlsoStopped": false, "httpsOnly": false}}'
    headers:
      Accept:
      - application/json
      Accept-Encoding:
      - gzip, deflate
      CommandName:
      - logicapp create
      Connection:
      - keep-alive
      Content-Length:
      - '1469'
      Content-Type:
      - application/json
      ParameterSetName:
      - -g -n --plan --storage-account
      User-Agent:
      - AZURECLI/2.68.0 azsdk-python-core/1.31.0 Python/3.12.9 (Windows-11-10.0.26100-SP0)
    method: PUT
    uri: https://management.azure.com/subscriptions/00000000-0000-0000-0000-000000000000/resourceGroups/clitest.rg000001/providers/Microsoft.Web/sites/logicapp000004?api-version=2023-01-01
  response:
    body:
      string: '{"id":"/subscriptions/00000000-0000-0000-0000-000000000000/resourceGroups/clitest.rg000001/providers/Microsoft.Web/sites/logicapp000004","name":"logicapp000004","type":"Microsoft.Web/sites","kind":"functionapp,workflowapp","location":"West
        US","properties":{"name":"logicapp000004","state":"Running","hostNames":["logicapp000004.azurewebsites.net"],"webSpace":"clitest.rg000001-WestUSwebspace","selfLink":"https://waws-prod-bay-001.api.azurewebsites.windows.net:454/subscriptions/00000000-0000-0000-0000-000000000000/webspaces/clitest.rg000001-WestUSwebspace/sites/logicapp000004","repositorySiteName":"logicapp000004","owner":null,"usageState":"Normal","enabled":true,"adminEnabled":true,"siteScopedCertificatesEnabled":false,"afdEnabled":false,"enabledHostNames":["logicapp000004.azurewebsites.net","logicapp000004.scm.azurewebsites.net"],"siteProperties":{"metadata":null,"properties":[{"name":"LinuxFxVersion","value":""},{"name":"WindowsFxVersion","value":null}],"appSettings":null},"availabilityState":"Normal","sslCertificates":null,"csrs":[],"cers":null,"siteMode":null,"hostNameSslStates":[{"name":"logicapp000004.azurewebsites.net","sslState":"Disabled","ipBasedSslResult":null,"virtualIP":null,"virtualIPv6":null,"thumbprint":null,"certificateResourceId":null,"toUpdate":null,"toUpdateIpBasedSsl":null,"ipBasedSslState":"NotConfigured","hostType":"Standard"},{"name":"logicapp000004.scm.azurewebsites.net","sslState":"Disabled","ipBasedSslResult":null,"virtualIP":null,"virtualIPv6":null,"thumbprint":null,"certificateResourceId":null,"toUpdate":null,"toUpdateIpBasedSsl":null,"ipBasedSslState":"NotConfigured","hostType":"Repository"}],"computeMode":null,"serverFarm":null,"serverFarmId":"/subscriptions/00000000-0000-0000-0000-000000000000/resourceGroups/clitest.rg000001/providers/Microsoft.Web/serverfarms/plan000003","reserved":false,"isXenon":false,"hyperV":false,"lastModifiedTimeUtc":"2025-02-24T04:28:10.033","storageRecoveryDefaultState":"Running","contentAvailabilityState":"Normal","runtimeAvailabilityState":"Normal","dnsConfiguration":{},"vnetRouteAllEnabled":false,"containerAllocationSubnet":null,"useContainerLocalhostBindings":null,"vnetImagePullEnabled":false,"vnetContentShareEnabled":false,"outboundVnetRouting":{"allTraffic":false,"applicationTraffic":false,"contentShareTraffic":false,"imagePullTraffic":false,"backupRestoreTraffic":false},"siteConfig":{"numberOfWorkers":1,"defaultDocuments":null,"netFrameworkVersion":null,"phpVersion":null,"pythonVersion":null,"nodeVersion":null,"powerShellVersion":null,"linuxFxVersion":"","windowsFxVersion":null,"windowsConfiguredStacks":null,"requestTracingEnabled":null,"remoteDebuggingEnabled":null,"remoteDebuggingVersion":null,"httpLoggingEnabled":null,"azureMonitorLogCategories":null,"acrUseManagedIdentityCreds":false,"acrUserManagedIdentityID":null,"logsDirectorySizeLimit":null,"detailedErrorLoggingEnabled":null,"publishingUsername":null,"publishingPassword":null,"appSettings":null,"metadata":null,"connectionStrings":null,"machineKey":null,"handlerMappings":null,"documentRoot":null,"scmType":null,"use32BitWorkerProcess":null,"webSocketsEnabled":null,"alwaysOn":false,"javaVersion":null,"javaContainer":null,"javaContainerVersion":null,"appCommandLine":null,"managedPipelineMode":null,"virtualApplications":null,"winAuthAdminState":null,"winAuthTenantState":null,"customAppPoolIdentityAdminState":null,"customAppPoolIdentityTenantState":null,"runtimeADUser":null,"runtimeADUserPassword":null,"loadBalancing":null,"routingRules":null,"experiments":null,"limits":null,"autoHealEnabled":null,"autoHealRules":null,"tracingOptions":null,"vnetName":null,"vnetRouteAllEnabled":null,"vnetPrivatePortsCount":null,"publicNetworkAccess":null,"cors":null,"push":null,"apiDefinition":null,"apiManagementConfig":null,"autoSwapSlotName":null,"localMySqlEnabled":null,"managedServiceIdentityId":null,"xManagedServiceIdentityId":null,"keyVaultReferenceIdentity":null,"ipSecurityRestrictions":[{"ipAddress":"Any","action":"Allow","priority":2147483647,"name":"Allow
        all","description":"Allow all access"}],"ipSecurityRestrictionsDefaultAction":null,"scmIpSecurityRestrictions":[{"ipAddress":"Any","action":"Allow","priority":2147483647,"name":"Allow
        all","description":"Allow all access"}],"scmIpSecurityRestrictionsDefaultAction":null,"scmIpSecurityRestrictionsUseMain":null,"http20Enabled":false,"minTlsVersion":null,"minTlsCipherSuite":null,"scmMinTlsCipherSuite":null,"supportedTlsCipherSuites":null,"scmSupportedTlsCipherSuites":null,"scmMinTlsVersion":null,"ftpsState":null,"preWarmedInstanceCount":null,"functionAppScaleLimit":0,"elasticWebAppScaleLimit":null,"healthCheckPath":null,"fileChangeAuditEnabled":null,"functionsRuntimeScaleMonitoringEnabled":null,"websiteTimeZone":null,"minimumElasticInstanceCount":0,"azureStorageAccounts":null,"http20ProxyFlag":null,"sitePort":null,"antivirusScanEnabled":null,"storageType":null,"sitePrivateLinkHostEnabled":null,"clusteringEnabled":false},"functionAppConfig":null,"daprConfig":null,"deploymentId":"logicapp000004","slotName":null,"trafficManagerHostNames":null,"sku":"WorkflowStandard","scmSiteAlsoStopped":false,"targetSwapSlot":null,"hostingEnvironment":null,"hostingEnvironmentProfile":null,"clientAffinityEnabled":false,"clientAffinityProxyEnabled":false,"blockPathTraversal":false,"clientCertEnabled":false,"clientCertMode":"Required","clientCertExclusionPaths":null,"hostNamesDisabled":false,"ipMode":"IPv4","vnetBackupRestoreEnabled":false,"domainVerificationIdentifiers":null,"customDomainVerificationId":"D3BA5386ECE3EF692436FA80D86862EA4BBB849B79C16196E232335AC62906B7","kind":"functionapp,workflowapp","managedEnvironmentId":null,"workloadProfileName":null,"resourceConfig":null,"inboundIpAddress":"40.112.243.18","possibleInboundIpAddresses":"168.62.20.37,40.112.243.18","ftpUsername":"logicapp000004\\$logicapp000004","ftpsHostName":"ftps://waws-prod-bay-001.ftp.azurewebsites.windows.net/site/wwwroot","outboundIpAddresses":"40.118.172.142,40.118.173.189,40.78.40.171,40.118.172.198,40.118.169.34,168.62.20.37","possibleOutboundIpAddresses":"168.62.20.50,168.62.20.54,168.62.20.56,168.62.16.187,40.118.172.142,40.118.173.189,40.78.40.171,40.118.172.198,40.118.169.34,20.228.125.200,20.228.126.182,20.228.126.189,20.228.126.216,20.228.126.235,20.228.126.251,20.245.81.178,20.66.123.124,20.66.124.136,20.245.91.207,20.245.92.39,20.245.92.52,168.62.20.37","containerSize":1536,"dailyMemoryTimeQuota":0,"suspendedTill":null,"siteDisabledReason":0,"functionExecutionUnitsCache":null,"maxNumberOfWorkers":null,"homeStamp":"waws-prod-bay-001","cloningInfo":null,"hostingEnvironmentId":null,"tags":null,"resourceGroup":"clitest.rg000001","defaultHostName":"logicapp000004.azurewebsites.net","slotSwapStatus":null,"httpsOnly":false,"endToEndEncryptionEnabled":false,"functionsRuntimeAdminIsolationEnabled":false,"redundancyMode":"None","inProgressOperationId":null,"geoDistributions":null,"privateEndpointConnections":null,"publicNetworkAccess":null,"buildVersion":null,"targetBuildVersion":null,"migrationState":null,"eligibleLogCategories":"WorkflowRuntime,FunctionAppLogs,AppServiceAuthenticationLogs","inFlightFeatures":null,"storageAccountRequired":false,"virtualNetworkSubnetId":null,"keyVaultReferenceIdentity":"SystemAssigned","autoGeneratedDomainNameLabelScope":null,"defaultHostNameScope":"Global","privateLinkIdentifiers":null,"sshEnabled":null}}'
    headers:
      cache-control:
      - no-cache
      content-length:
      - '7389'
      content-type:
      - application/json
      date:
      - Mon, 24 Feb 2025 04:28:30 GMT
      etag:
      - '"1DB867482CEA270"'
      expires:
      - '-1'
      pragma:
      - no-cache
      strict-transport-security:
      - max-age=31536000; includeSubDomains
      x-aspnet-version:
      - 4.0.30319
      x-cache:
      - CONFIG_NOCACHE
      x-content-type-options:
      - nosniff
      x-ms-ratelimit-remaining-subscription-resource-requests:
      - '499'
      x-msedge-ref:
      - 'Ref A: F16720738B9C490F91B3F50C59970C1A Ref B: MAA201060515045 Ref C: 2025-02-24T04:28:04Z'
      x-powered-by:
      - ASP.NET
    status:
      code: 200
      message: OK
- request:
    body: '{"location": "West US", "kind": "web", "properties": {"Application_Type":
      "web"}}'
    headers:
      Accept:
      - application/json
      Accept-Encoding:
      - gzip, deflate
      CommandName:
      - logicapp create
      Connection:
      - keep-alive
      Content-Length:
      - '81'
      Content-Type:
      - application/json
      ParameterSetName:
      - -g -n --plan --storage-account
      User-Agent:
      - AZURECLI/2.68.0 azsdk-python-core/1.31.0 Python/3.12.9 (Windows-11-10.0.26100-SP0)
    method: PUT
    uri: https://management.azure.com/subscriptions/00000000-0000-0000-0000-000000000000/resourceGroups/clitest.rg000001/providers/Microsoft.Insights/components/logicapp000004?api-version=2015-05-01
  response:
    body:
      string: "{\r\n  \"kind\": \"web\",\r\n  \"etag\": \"\\\"68006f1f-0000-0200-0000-67bbf5840000\\\"\",\r\n
        \ \"id\": \"/subscriptions/00000000-0000-0000-0000-000000000000/resourceGroups/clitest.rg000001/providers/microsoft.insights/components/logicapp000004\",\r\n
        \ \"name\": \"logicapp000004\",\r\n  \"type\": \"microsoft.insights/components\",\r\n
        \ \"location\": \"westus\",\r\n  \"tags\": {},\r\n  \"properties\": {\r\n
        \   \"ApplicationId\": \"logicapp000004\",\r\n    \"AppId\": \"bffc49d1-6fab-4503-a9a4-bcfb22b720d7\",\r\n
        \   \"Application_Type\": \"web\",\r\n    \"Flow_Type\": null,\r\n    \"Request_Source\":
        null,\r\n    \"InstrumentationKey\": \"878f7c55-80e2-4c5f-8936-b3775449e73b\",\r\n
        \   \"ConnectionString\": \"InstrumentationKey=878f7c55-80e2-4c5f-8936-b3775449e73b;IngestionEndpoint=https://westus-0.in.applicationinsights.azure.com/;LiveEndpoint=https://westus.livediagnostics.monitor.azure.com/;ApplicationId=bffc49d1-6fab-4503-a9a4-bcfb22b720d7\",\r\n
        \   \"Name\": \"logicapp000004\",\r\n    \"CreationDate\": \"2025-02-24T04:28:35.5946025+00:00\",\r\n
        \   \"TenantId\": \"bef29afb-3c08-4894-ae64-43bdd8f3f447\",\r\n    \"provisioningState\":
        \"Succeeded\",\r\n    \"SamplingPercentage\": null,\r\n    \"RetentionInDays\":
        90,\r\n    \"WorkspaceResourceId\": \"/subscriptions/00000000-0000-0000-0000-000000000000/resourceGroups/ai_logicapp000004_bffc49d1-6fab-4503-a9a4-bcfb22b720d7_managed/providers/Microsoft.OperationalInsights/workspaces/managed-logicapp000004-ws\",\r\n
        \   \"IngestionMode\": \"LogAnalytics\",\r\n    \"publicNetworkAccessForIngestion\":
        \"Enabled\",\r\n    \"publicNetworkAccessForQuery\": \"Enabled\",\r\n    \"Ver\":
        \"v2\"\r\n  }\r\n}"
    headers:
      access-control-expose-headers:
      - Request-Context
      cache-control:
      - no-cache
      content-length:
      - '1515'
      content-type:
      - application/json; charset=utf-8
      date:
      - Mon, 24 Feb 2025 04:28:52 GMT
      expires:
      - '-1'
      pragma:
      - no-cache
      request-context:
      - appId=cid-v1:0dd6a9c3-b728-41ca-aa78-7e1962e22331
      strict-transport-security:
      - max-age=31536000; includeSubDomains
      x-cache:
      - CONFIG_NOCACHE
      x-content-type-options:
      - nosniff
      x-ms-ratelimit-remaining-subscription-global-writes:
      - '12000'
      x-ms-ratelimit-remaining-subscription-writes:
      - '800'
      x-msedge-ref:
      - 'Ref A: 0951711087504EAC86EC5675C28ADE3A Ref B: MAA201060514019 Ref C: 2025-02-24T04:28:31Z'
      x-powered-by:
      - ASP.NET
    status:
      code: 200
      message: OK
- request:
    body: null
    headers:
      Accept:
      - application/json
      Accept-Encoding:
      - gzip, deflate
      CommandName:
      - logicapp create
      Connection:
      - keep-alive
      ParameterSetName:
      - -g -n --plan --storage-account
      User-Agent:
      - AZURECLI/2.68.0 azsdk-python-core/1.31.0 Python/3.12.9 (Windows-11-10.0.26100-SP0)
    method: GET
    uri: https://management.azure.com/subscriptions/00000000-0000-0000-0000-000000000000/resourceGroups/clitest.rg000001/providers/Microsoft.Web/sites/logicapp000004?api-version=2023-01-01
  response:
    body:
      string: '{"id":"/subscriptions/00000000-0000-0000-0000-000000000000/resourceGroups/clitest.rg000001/providers/Microsoft.Web/sites/logicapp000004","name":"logicapp000004","type":"Microsoft.Web/sites","kind":"functionapp,workflowapp","location":"West
        US","properties":{"name":"logicapp000004","state":"Running","hostNames":["logicapp000004.azurewebsites.net"],"webSpace":"clitest.rg000001-WestUSwebspace","selfLink":"https://waws-prod-bay-001.api.azurewebsites.windows.net:454/subscriptions/00000000-0000-0000-0000-000000000000/webspaces/clitest.rg000001-WestUSwebspace/sites/logicapp000004","repositorySiteName":"logicapp000004","owner":null,"usageState":"Normal","enabled":true,"adminEnabled":true,"siteScopedCertificatesEnabled":false,"afdEnabled":false,"enabledHostNames":["logicapp000004.azurewebsites.net","logicapp000004.scm.azurewebsites.net"],"siteProperties":{"metadata":null,"properties":[{"name":"LinuxFxVersion","value":""},{"name":"WindowsFxVersion","value":null}],"appSettings":null},"availabilityState":"Normal","sslCertificates":null,"csrs":[],"cers":null,"siteMode":null,"hostNameSslStates":[{"name":"logicapp000004.azurewebsites.net","sslState":"Disabled","ipBasedSslResult":null,"virtualIP":null,"virtualIPv6":null,"thumbprint":null,"certificateResourceId":null,"toUpdate":null,"toUpdateIpBasedSsl":null,"ipBasedSslState":"NotConfigured","hostType":"Standard"},{"name":"logicapp000004.scm.azurewebsites.net","sslState":"Disabled","ipBasedSslResult":null,"virtualIP":null,"virtualIPv6":null,"thumbprint":null,"certificateResourceId":null,"toUpdate":null,"toUpdateIpBasedSsl":null,"ipBasedSslState":"NotConfigured","hostType":"Repository"}],"computeMode":null,"serverFarm":null,"serverFarmId":"/subscriptions/00000000-0000-0000-0000-000000000000/resourceGroups/clitest.rg000001/providers/Microsoft.Web/serverfarms/plan000003","reserved":false,"isXenon":false,"hyperV":false,"lastModifiedTimeUtc":"2025-02-24T04:28:30.62","storageRecoveryDefaultState":"Running","contentAvailabilityState":"Normal","runtimeAvailabilityState":"Normal","dnsConfiguration":{},"vnetRouteAllEnabled":false,"containerAllocationSubnet":null,"useContainerLocalhostBindings":null,"vnetImagePullEnabled":false,"vnetContentShareEnabled":false,"outboundVnetRouting":null,"siteConfig":{"numberOfWorkers":1,"defaultDocuments":null,"netFrameworkVersion":null,"phpVersion":null,"pythonVersion":null,"nodeVersion":null,"powerShellVersion":null,"linuxFxVersion":"","windowsFxVersion":null,"windowsConfiguredStacks":null,"requestTracingEnabled":null,"remoteDebuggingEnabled":null,"remoteDebuggingVersion":null,"httpLoggingEnabled":null,"azureMonitorLogCategories":null,"acrUseManagedIdentityCreds":false,"acrUserManagedIdentityID":null,"logsDirectorySizeLimit":null,"detailedErrorLoggingEnabled":null,"publishingUsername":null,"publishingPassword":null,"appSettings":null,"metadata":null,"connectionStrings":null,"machineKey":null,"handlerMappings":null,"documentRoot":null,"scmType":null,"use32BitWorkerProcess":null,"webSocketsEnabled":null,"alwaysOn":false,"javaVersion":null,"javaContainer":null,"javaContainerVersion":null,"appCommandLine":null,"managedPipelineMode":null,"virtualApplications":null,"winAuthAdminState":null,"winAuthTenantState":null,"customAppPoolIdentityAdminState":null,"customAppPoolIdentityTenantState":null,"runtimeADUser":null,"runtimeADUserPassword":null,"loadBalancing":null,"routingRules":null,"experiments":null,"limits":null,"autoHealEnabled":null,"autoHealRules":null,"tracingOptions":null,"vnetName":null,"vnetRouteAllEnabled":null,"vnetPrivatePortsCount":null,"publicNetworkAccess":null,"cors":null,"push":null,"apiDefinition":null,"apiManagementConfig":null,"autoSwapSlotName":null,"localMySqlEnabled":null,"managedServiceIdentityId":null,"xManagedServiceIdentityId":null,"keyVaultReferenceIdentity":null,"ipSecurityRestrictions":null,"ipSecurityRestrictionsDefaultAction":null,"scmIpSecurityRestrictions":null,"scmIpSecurityRestrictionsDefaultAction":null,"scmIpSecurityRestrictionsUseMain":null,"http20Enabled":true,"minTlsVersion":null,"minTlsCipherSuite":null,"scmMinTlsCipherSuite":null,"supportedTlsCipherSuites":null,"scmSupportedTlsCipherSuites":null,"scmMinTlsVersion":null,"ftpsState":null,"preWarmedInstanceCount":null,"functionAppScaleLimit":0,"elasticWebAppScaleLimit":null,"healthCheckPath":null,"fileChangeAuditEnabled":null,"functionsRuntimeScaleMonitoringEnabled":null,"websiteTimeZone":null,"minimumElasticInstanceCount":1,"azureStorageAccounts":null,"http20ProxyFlag":null,"sitePort":null,"antivirusScanEnabled":null,"storageType":null,"sitePrivateLinkHostEnabled":null,"clusteringEnabled":false},"functionAppConfig":null,"daprConfig":null,"deploymentId":"logicapp000004","slotName":null,"trafficManagerHostNames":null,"sku":"WorkflowStandard","scmSiteAlsoStopped":false,"targetSwapSlot":null,"hostingEnvironment":null,"hostingEnvironmentProfile":null,"clientAffinityEnabled":false,"clientAffinityProxyEnabled":false,"blockPathTraversal":false,"clientCertEnabled":false,"clientCertMode":"Required","clientCertExclusionPaths":null,"hostNamesDisabled":false,"ipMode":"IPv4","vnetBackupRestoreEnabled":false,"domainVerificationIdentifiers":null,"customDomainVerificationId":"D3BA5386ECE3EF692436FA80D86862EA4BBB849B79C16196E232335AC62906B7","kind":"functionapp,workflowapp","managedEnvironmentId":null,"workloadProfileName":null,"resourceConfig":null,"inboundIpAddress":"40.112.243.18","possibleInboundIpAddresses":"168.62.20.37,40.112.243.18","ftpUsername":"logicapp000004\\$logicapp000004","ftpsHostName":"ftps://waws-prod-bay-001.ftp.azurewebsites.windows.net/site/wwwroot","outboundIpAddresses":"40.118.172.142,40.118.173.189,40.78.40.171,40.118.172.198,40.118.169.34,168.62.20.37","possibleOutboundIpAddresses":"168.62.20.50,168.62.20.54,168.62.20.56,168.62.16.187,40.118.172.142,40.118.173.189,40.78.40.171,40.118.172.198,40.118.169.34,20.228.125.200,20.228.126.182,20.228.126.189,20.228.126.216,20.228.126.235,20.228.126.251,20.245.81.178,20.66.123.124,20.66.124.136,20.245.91.207,20.245.92.39,20.245.92.52,168.62.20.37","containerSize":1536,"dailyMemoryTimeQuota":0,"suspendedTill":null,"siteDisabledReason":0,"functionExecutionUnitsCache":null,"maxNumberOfWorkers":null,"homeStamp":"waws-prod-bay-001","cloningInfo":null,"hostingEnvironmentId":null,"tags":null,"resourceGroup":"clitest.rg000001","defaultHostName":"logicapp000004.azurewebsites.net","slotSwapStatus":null,"httpsOnly":false,"endToEndEncryptionEnabled":false,"functionsRuntimeAdminIsolationEnabled":false,"redundancyMode":"None","inProgressOperationId":null,"geoDistributions":null,"privateEndpointConnections":[],"publicNetworkAccess":null,"buildVersion":null,"targetBuildVersion":null,"migrationState":null,"eligibleLogCategories":"WorkflowRuntime,FunctionAppLogs,AppServiceAuthenticationLogs","inFlightFeatures":["SiteContainers"],"storageAccountRequired":false,"virtualNetworkSubnetId":null,"keyVaultReferenceIdentity":"SystemAssigned","autoGeneratedDomainNameLabelScope":null,"defaultHostNameScope":"Global","privateLinkIdentifiers":null,"sshEnabled":null}}'
    headers:
      cache-control:
      - no-cache
      content-length:
      - '7058'
      content-type:
      - application/json
      date:
      - Mon, 24 Feb 2025 04:28:53 GMT
      etag:
      - '"1DB86748EB645C0"'
      expires:
      - '-1'
      pragma:
      - no-cache
      strict-transport-security:
      - max-age=31536000; includeSubDomains
      x-aspnet-version:
      - 4.0.30319
      x-cache:
      - CONFIG_NOCACHE
      x-content-type-options:
      - nosniff
      x-ms-ratelimit-remaining-subscription-global-reads:
      - '16499'
      x-msedge-ref:
      - 'Ref A: D53EE1E1EF3A4DB4BD5C6C148E7253CB Ref B: MAA201060515053 Ref C: 2025-02-24T04:28:53Z'
      x-powered-by:
      - ASP.NET
    status:
      code: 200
      message: OK
- request:
    body: null
    headers:
      Accept:
      - application/json
      Accept-Encoding:
      - gzip, deflate
      CommandName:
      - logicapp create
      Connection:
      - keep-alive
      Content-Length:
      - '0'
      ParameterSetName:
      - -g -n --plan --storage-account
      User-Agent:
      - AZURECLI/2.68.0 azsdk-python-core/1.31.0 Python/3.12.9 (Windows-11-10.0.26100-SP0)
    method: POST
    uri: https://management.azure.com/subscriptions/00000000-0000-0000-0000-000000000000/resourceGroups/clitest.rg000001/providers/Microsoft.Web/sites/logicapp000004/config/appsettings/list?api-version=2023-01-01
  response:
    body:
      string: '{"id":"/subscriptions/00000000-0000-0000-0000-000000000000/resourceGroups/clitest.rg000001/providers/Microsoft.Web/sites/logicapp000004/config/appsettings","name":"appsettings","type":"Microsoft.Web/sites/config","location":"West
        US","properties":{"FUNCTIONS_WORKER_RUNTIME":"dotnet","WEBSITE_NODE_DEFAULT_VERSION":"~16","FUNCTIONS_EXTENSION_VERSION":"~4","AzureWebJobsStorage":"DefaultEndpointsProtocol=https;EndpointSuffix=core.windows.net;AccountName=clitest000002;AccountKey=veryFakedStorageAccountKey==","AzureWebJobsDashboard":"DefaultEndpointsProtocol=https;EndpointSuffix=core.windows.net;AccountName=clitest000002;AccountKey=veryFakedStorageAccountKey==","AzureFunctionsJobHost__extensionBundle__id":"Microsoft.Azure.Functions.ExtensionBundle.Workflows","AzureFunctionsJobHost__extensionBundle__version":"[1.*,
        2.0.0)","APP_KIND":"workflowApp","WEBSITE_CONTENTAZUREFILECONNECTIONSTRING":"DefaultEndpointsProtocol=https;EndpointSuffix=core.windows.net;AccountName=clitest000002;AccountKey=veryFakedStorageAccountKey==","WEBSITE_CONTENTSHARE":"logicapp000004"}}'
    headers:
      cache-control:
      - no-cache
      content-length:
      - '1068'
      content-type:
      - application/json
      date:
      - Mon, 24 Feb 2025 04:28:55 GMT
      expires:
      - '-1'
      pragma:
      - no-cache
      strict-transport-security:
      - max-age=31536000; includeSubDomains
      x-aspnet-version:
      - 4.0.30319
      x-cache:
      - CONFIG_NOCACHE
      x-content-type-options:
      - nosniff
      x-ms-ratelimit-remaining-subscription-resource-requests:
      - '11999'
      x-msedge-ref:
      - 'Ref A: 4EB99E81FB364737B19DB551959FB176 Ref B: MAA201060513045 Ref C: 2025-02-24T04:28:54Z'
      x-powered-by:
      - ASP.NET
    status:
      code: 200
      message: OK
- request:
    body: null
    headers:
      Accept:
      - application/json
      Accept-Encoding:
      - gzip, deflate
      CommandName:
      - logicapp create
      Connection:
      - keep-alive
      ParameterSetName:
      - -g -n --plan --storage-account
      User-Agent:
      - AZURECLI/2.68.0 azsdk-python-core/1.31.0 Python/3.12.9 (Windows-11-10.0.26100-SP0)
    method: GET
    uri: https://management.azure.com/subscriptions/00000000-0000-0000-0000-000000000000/resourceGroups/clitest.rg000001/providers/Microsoft.Web/sites/logicapp000004?api-version=2023-01-01
  response:
    body:
      string: '{"id":"/subscriptions/00000000-0000-0000-0000-000000000000/resourceGroups/clitest.rg000001/providers/Microsoft.Web/sites/logicapp000004","name":"logicapp000004","type":"Microsoft.Web/sites","kind":"functionapp,workflowapp","location":"West
        US","properties":{"name":"logicapp000004","state":"Running","hostNames":["logicapp000004.azurewebsites.net"],"webSpace":"clitest.rg000001-WestUSwebspace","selfLink":"https://waws-prod-bay-001.api.azurewebsites.windows.net:454/subscriptions/00000000-0000-0000-0000-000000000000/webspaces/clitest.rg000001-WestUSwebspace/sites/logicapp000004","repositorySiteName":"logicapp000004","owner":null,"usageState":"Normal","enabled":true,"adminEnabled":true,"siteScopedCertificatesEnabled":false,"afdEnabled":false,"enabledHostNames":["logicapp000004.azurewebsites.net","logicapp000004.scm.azurewebsites.net"],"siteProperties":{"metadata":null,"properties":[{"name":"LinuxFxVersion","value":""},{"name":"WindowsFxVersion","value":null}],"appSettings":null},"availabilityState":"Normal","sslCertificates":null,"csrs":[],"cers":null,"siteMode":null,"hostNameSslStates":[{"name":"logicapp000004.azurewebsites.net","sslState":"Disabled","ipBasedSslResult":null,"virtualIP":null,"virtualIPv6":null,"thumbprint":null,"certificateResourceId":null,"toUpdate":null,"toUpdateIpBasedSsl":null,"ipBasedSslState":"NotConfigured","hostType":"Standard"},{"name":"logicapp000004.scm.azurewebsites.net","sslState":"Disabled","ipBasedSslResult":null,"virtualIP":null,"virtualIPv6":null,"thumbprint":null,"certificateResourceId":null,"toUpdate":null,"toUpdateIpBasedSsl":null,"ipBasedSslState":"NotConfigured","hostType":"Repository"}],"computeMode":null,"serverFarm":null,"serverFarmId":"/subscriptions/00000000-0000-0000-0000-000000000000/resourceGroups/clitest.rg000001/providers/Microsoft.Web/serverfarms/plan000003","reserved":false,"isXenon":false,"hyperV":false,"lastModifiedTimeUtc":"2025-02-24T04:28:30.62","storageRecoveryDefaultState":"Running","contentAvailabilityState":"Normal","runtimeAvailabilityState":"Normal","dnsConfiguration":{},"vnetRouteAllEnabled":false,"containerAllocationSubnet":null,"useContainerLocalhostBindings":null,"vnetImagePullEnabled":false,"vnetContentShareEnabled":false,"outboundVnetRouting":null,"siteConfig":{"numberOfWorkers":1,"defaultDocuments":null,"netFrameworkVersion":null,"phpVersion":null,"pythonVersion":null,"nodeVersion":null,"powerShellVersion":null,"linuxFxVersion":"","windowsFxVersion":null,"windowsConfiguredStacks":null,"requestTracingEnabled":null,"remoteDebuggingEnabled":null,"remoteDebuggingVersion":null,"httpLoggingEnabled":null,"azureMonitorLogCategories":null,"acrUseManagedIdentityCreds":false,"acrUserManagedIdentityID":null,"logsDirectorySizeLimit":null,"detailedErrorLoggingEnabled":null,"publishingUsername":null,"publishingPassword":null,"appSettings":null,"metadata":null,"connectionStrings":null,"machineKey":null,"handlerMappings":null,"documentRoot":null,"scmType":null,"use32BitWorkerProcess":null,"webSocketsEnabled":null,"alwaysOn":false,"javaVersion":null,"javaContainer":null,"javaContainerVersion":null,"appCommandLine":null,"managedPipelineMode":null,"virtualApplications":null,"winAuthAdminState":null,"winAuthTenantState":null,"customAppPoolIdentityAdminState":null,"customAppPoolIdentityTenantState":null,"runtimeADUser":null,"runtimeADUserPassword":null,"loadBalancing":null,"routingRules":null,"experiments":null,"limits":null,"autoHealEnabled":null,"autoHealRules":null,"tracingOptions":null,"vnetName":null,"vnetRouteAllEnabled":null,"vnetPrivatePortsCount":null,"publicNetworkAccess":null,"cors":null,"push":null,"apiDefinition":null,"apiManagementConfig":null,"autoSwapSlotName":null,"localMySqlEnabled":null,"managedServiceIdentityId":null,"xManagedServiceIdentityId":null,"keyVaultReferenceIdentity":null,"ipSecurityRestrictions":null,"ipSecurityRestrictionsDefaultAction":null,"scmIpSecurityRestrictions":null,"scmIpSecurityRestrictionsDefaultAction":null,"scmIpSecurityRestrictionsUseMain":null,"http20Enabled":true,"minTlsVersion":null,"minTlsCipherSuite":null,"scmMinTlsCipherSuite":null,"supportedTlsCipherSuites":null,"scmSupportedTlsCipherSuites":null,"scmMinTlsVersion":null,"ftpsState":null,"preWarmedInstanceCount":null,"functionAppScaleLimit":0,"elasticWebAppScaleLimit":null,"healthCheckPath":null,"fileChangeAuditEnabled":null,"functionsRuntimeScaleMonitoringEnabled":null,"websiteTimeZone":null,"minimumElasticInstanceCount":1,"azureStorageAccounts":null,"http20ProxyFlag":null,"sitePort":null,"antivirusScanEnabled":null,"storageType":null,"sitePrivateLinkHostEnabled":null,"clusteringEnabled":false},"functionAppConfig":null,"daprConfig":null,"deploymentId":"logicapp000004","slotName":null,"trafficManagerHostNames":null,"sku":"WorkflowStandard","scmSiteAlsoStopped":false,"targetSwapSlot":null,"hostingEnvironment":null,"hostingEnvironmentProfile":null,"clientAffinityEnabled":false,"clientAffinityProxyEnabled":false,"blockPathTraversal":false,"clientCertEnabled":false,"clientCertMode":"Required","clientCertExclusionPaths":null,"hostNamesDisabled":false,"ipMode":"IPv4","vnetBackupRestoreEnabled":false,"domainVerificationIdentifiers":null,"customDomainVerificationId":"D3BA5386ECE3EF692436FA80D86862EA4BBB849B79C16196E232335AC62906B7","kind":"functionapp,workflowapp","managedEnvironmentId":null,"workloadProfileName":null,"resourceConfig":null,"inboundIpAddress":"40.112.243.18","possibleInboundIpAddresses":"168.62.20.37,40.112.243.18","ftpUsername":"logicapp000004\\$logicapp000004","ftpsHostName":"ftps://waws-prod-bay-001.ftp.azurewebsites.windows.net/site/wwwroot","outboundIpAddresses":"40.118.172.142,40.118.173.189,40.78.40.171,40.118.172.198,40.118.169.34,168.62.20.37","possibleOutboundIpAddresses":"168.62.20.50,168.62.20.54,168.62.20.56,168.62.16.187,40.118.172.142,40.118.173.189,40.78.40.171,40.118.172.198,40.118.169.34,20.228.125.200,20.228.126.182,20.228.126.189,20.228.126.216,20.228.126.235,20.228.126.251,20.245.81.178,20.66.123.124,20.66.124.136,20.245.91.207,20.245.92.39,20.245.92.52,168.62.20.37","containerSize":1536,"dailyMemoryTimeQuota":0,"suspendedTill":null,"siteDisabledReason":0,"functionExecutionUnitsCache":null,"maxNumberOfWorkers":null,"homeStamp":"waws-prod-bay-001","cloningInfo":null,"hostingEnvironmentId":null,"tags":null,"resourceGroup":"clitest.rg000001","defaultHostName":"logicapp000004.azurewebsites.net","slotSwapStatus":null,"httpsOnly":false,"endToEndEncryptionEnabled":false,"functionsRuntimeAdminIsolationEnabled":false,"redundancyMode":"None","inProgressOperationId":null,"geoDistributions":null,"privateEndpointConnections":[],"publicNetworkAccess":null,"buildVersion":null,"targetBuildVersion":null,"migrationState":null,"eligibleLogCategories":"WorkflowRuntime,FunctionAppLogs,AppServiceAuthenticationLogs","inFlightFeatures":["SiteContainers"],"storageAccountRequired":false,"virtualNetworkSubnetId":null,"keyVaultReferenceIdentity":"SystemAssigned","autoGeneratedDomainNameLabelScope":null,"defaultHostNameScope":"Global","privateLinkIdentifiers":null,"sshEnabled":null}}'
    headers:
      cache-control:
      - no-cache
      content-length:
      - '7058'
      content-type:
      - application/json
      date:
      - Mon, 24 Feb 2025 04:28:57 GMT
      etag:
      - '"1DB86748EB645C0"'
      expires:
      - '-1'
      pragma:
      - no-cache
      strict-transport-security:
      - max-age=31536000; includeSubDomains
      x-aspnet-version:
      - 4.0.30319
      x-cache:
      - CONFIG_NOCACHE
      x-content-type-options:
      - nosniff
      x-ms-ratelimit-remaining-subscription-global-reads:
      - '16499'
      x-msedge-ref:
      - 'Ref A: E9FE9D459C254ACFB347AFACC3095E68 Ref B: MAA201060513047 Ref C: 2025-02-24T04:28:56Z'
      x-powered-by:
      - ASP.NET
    status:
      code: 200
      message: OK
- request:
    body: '{"properties": {"FUNCTIONS_WORKER_RUNTIME": "dotnet", "WEBSITE_NODE_DEFAULT_VERSION":
      "~16", "FUNCTIONS_EXTENSION_VERSION": "~4", "AzureWebJobsStorage": "DefaultEndpointsProtocol=https;EndpointSuffix=core.windows.net;AccountName=clitest000002;AccountKey=veryFakedStorageAccountKey==",
      "AzureWebJobsDashboard": "DefaultEndpointsProtocol=https;EndpointSuffix=core.windows.net;AccountName=clitest000002;AccountKey=veryFakedStorageAccountKey==",
      "AzureFunctionsJobHost__extensionBundle__id": "Microsoft.Azure.Functions.ExtensionBundle.Workflows",
      "AzureFunctionsJobHost__extensionBundle__version": "[1.*, 2.0.0)", "APP_KIND":
      "workflowApp", "WEBSITE_CONTENTAZUREFILECONNECTIONSTRING": "DefaultEndpointsProtocol=https;EndpointSuffix=core.windows.net;AccountName=clitest000002;AccountKey=veryFakedStorageAccountKey==",
      "WEBSITE_CONTENTSHARE": "logicapp000004", "APPINSIGHTS_INSTRUMENTATIONKEY":
      "878f7c55-80e2-4c5f-8936-b3775449e73b"}}'
    headers:
      Accept:
      - application/json
      Accept-Encoding:
      - gzip, deflate
      CommandName:
      - logicapp create
      Connection:
      - keep-alive
      Content-Length:
      - '929'
      Content-Type:
      - application/json
      ParameterSetName:
      - -g -n --plan --storage-account
      User-Agent:
      - AZURECLI/2.68.0 azsdk-python-core/1.31.0 Python/3.12.9 (Windows-11-10.0.26100-SP0)
    method: PUT
    uri: https://management.azure.com/subscriptions/00000000-0000-0000-0000-000000000000/resourceGroups/clitest.rg000001/providers/Microsoft.Web/sites/logicapp000004/config/appsettings?api-version=2023-01-01
  response:
    body:
      string: '{"id":"/subscriptions/00000000-0000-0000-0000-000000000000/resourceGroups/clitest.rg000001/providers/Microsoft.Web/sites/logicapp000004/config/appsettings","name":"appsettings","type":"Microsoft.Web/sites/config","location":"West
        US","properties":{"FUNCTIONS_WORKER_RUNTIME":"dotnet","WEBSITE_NODE_DEFAULT_VERSION":"~16","FUNCTIONS_EXTENSION_VERSION":"~4","AzureWebJobsStorage":"DefaultEndpointsProtocol=https;EndpointSuffix=core.windows.net;AccountName=clitest000002;AccountKey=veryFakedStorageAccountKey==","AzureWebJobsDashboard":"DefaultEndpointsProtocol=https;EndpointSuffix=core.windows.net;AccountName=clitest000002;AccountKey=veryFakedStorageAccountKey==","AzureFunctionsJobHost__extensionBundle__id":"Microsoft.Azure.Functions.ExtensionBundle.Workflows","AzureFunctionsJobHost__extensionBundle__version":"[1.*,
        2.0.0)","APP_KIND":"workflowApp","WEBSITE_CONTENTAZUREFILECONNECTIONSTRING":"DefaultEndpointsProtocol=https;EndpointSuffix=core.windows.net;AccountName=clitest000002;AccountKey=veryFakedStorageAccountKey==","WEBSITE_CONTENTSHARE":"logicapp000004","APPINSIGHTS_INSTRUMENTATIONKEY":"878f7c55-80e2-4c5f-8936-b3775449e73b"}}'
    headers:
      cache-control:
      - no-cache
      content-length:
      - '1140'
      content-type:
      - application/json
      date:
      - Mon, 24 Feb 2025 04:28:59 GMT
      etag:
      - '"1DB86748EB645C0"'
      expires:
      - '-1'
      pragma:
      - no-cache
      strict-transport-security:
      - max-age=31536000; includeSubDomains
      x-aspnet-version:
      - 4.0.30319
      x-cache:
      - CONFIG_NOCACHE
      x-content-type-options:
      - nosniff
      x-ms-ratelimit-remaining-subscription-global-writes:
      - '11999'
      x-ms-ratelimit-remaining-subscription-writes:
      - '799'
      x-msedge-ref:
      - 'Ref A: C17F6B0EA92547E1AE57717275CA3F61 Ref B: MAA201060515019 Ref C: 2025-02-24T04:28:57Z'
      x-powered-by:
      - ASP.NET
    status:
      code: 200
      message: OK
- request:
    body: null
    headers:
      Accept:
      - application/json
      Accept-Encoding:
      - gzip, deflate
      CommandName:
      - logicapp show
      Connection:
      - keep-alive
      ParameterSetName:
      - -g -n
      User-Agent:
      - AZURECLI/2.68.0 azsdk-python-core/1.31.0 Python/3.12.9 (Windows-11-10.0.26100-SP0)
    method: GET
    uri: https://management.azure.com/subscriptions/00000000-0000-0000-0000-000000000000/resourceGroups/clitest.rg000001/providers/Microsoft.Web/sites/logicapp000004?api-version=2023-01-01
  response:
    body:
      string: '{"id":"/subscriptions/00000000-0000-0000-0000-000000000000/resourceGroups/clitest.rg000001/providers/Microsoft.Web/sites/logicapp000004","name":"logicapp000004","type":"Microsoft.Web/sites","kind":"functionapp,workflowapp","location":"West
        US","properties":{"name":"logicapp000004","state":"Running","hostNames":["logicapp000004.azurewebsites.net"],"webSpace":"clitest.rg000001-WestUSwebspace","selfLink":"https://waws-prod-bay-001.api.azurewebsites.windows.net:454/subscriptions/00000000-0000-0000-0000-000000000000/webspaces/clitest.rg000001-WestUSwebspace/sites/logicapp000004","repositorySiteName":"logicapp000004","owner":null,"usageState":"Normal","enabled":true,"adminEnabled":true,"siteScopedCertificatesEnabled":false,"afdEnabled":false,"enabledHostNames":["logicapp000004.azurewebsites.net","logicapp000004.scm.azurewebsites.net"],"siteProperties":{"metadata":null,"properties":[{"name":"LinuxFxVersion","value":""},{"name":"WindowsFxVersion","value":null}],"appSettings":null},"availabilityState":"Normal","sslCertificates":null,"csrs":[],"cers":null,"siteMode":null,"hostNameSslStates":[{"name":"logicapp000004.azurewebsites.net","sslState":"Disabled","ipBasedSslResult":null,"virtualIP":null,"virtualIPv6":null,"thumbprint":null,"certificateResourceId":null,"toUpdate":null,"toUpdateIpBasedSsl":null,"ipBasedSslState":"NotConfigured","hostType":"Standard"},{"name":"logicapp000004.scm.azurewebsites.net","sslState":"Disabled","ipBasedSslResult":null,"virtualIP":null,"virtualIPv6":null,"thumbprint":null,"certificateResourceId":null,"toUpdate":null,"toUpdateIpBasedSsl":null,"ipBasedSslState":"NotConfigured","hostType":"Repository"}],"computeMode":null,"serverFarm":null,"serverFarmId":"/subscriptions/00000000-0000-0000-0000-000000000000/resourceGroups/clitest.rg000001/providers/Microsoft.Web/serverfarms/plan000003","reserved":false,"isXenon":false,"hyperV":false,"lastModifiedTimeUtc":"2025-02-24T04:28:59.357","storageRecoveryDefaultState":"Running","contentAvailabilityState":"Normal","runtimeAvailabilityState":"Normal","dnsConfiguration":{},"vnetRouteAllEnabled":false,"containerAllocationSubnet":null,"useContainerLocalhostBindings":null,"vnetImagePullEnabled":false,"vnetContentShareEnabled":false,"outboundVnetRouting":null,"siteConfig":{"numberOfWorkers":1,"defaultDocuments":null,"netFrameworkVersion":null,"phpVersion":null,"pythonVersion":null,"nodeVersion":null,"powerShellVersion":null,"linuxFxVersion":"","windowsFxVersion":null,"windowsConfiguredStacks":null,"requestTracingEnabled":null,"remoteDebuggingEnabled":null,"remoteDebuggingVersion":null,"httpLoggingEnabled":null,"azureMonitorLogCategories":null,"acrUseManagedIdentityCreds":false,"acrUserManagedIdentityID":null,"logsDirectorySizeLimit":null,"detailedErrorLoggingEnabled":null,"publishingUsername":null,"publishingPassword":null,"appSettings":null,"metadata":null,"connectionStrings":null,"machineKey":null,"handlerMappings":null,"documentRoot":null,"scmType":null,"use32BitWorkerProcess":null,"webSocketsEnabled":null,"alwaysOn":false,"javaVersion":null,"javaContainer":null,"javaContainerVersion":null,"appCommandLine":null,"managedPipelineMode":null,"virtualApplications":null,"winAuthAdminState":null,"winAuthTenantState":null,"customAppPoolIdentityAdminState":null,"customAppPoolIdentityTenantState":null,"runtimeADUser":null,"runtimeADUserPassword":null,"loadBalancing":null,"routingRules":null,"experiments":null,"limits":null,"autoHealEnabled":null,"autoHealRules":null,"tracingOptions":null,"vnetName":null,"vnetRouteAllEnabled":null,"vnetPrivatePortsCount":null,"publicNetworkAccess":null,"cors":null,"push":null,"apiDefinition":null,"apiManagementConfig":null,"autoSwapSlotName":null,"localMySqlEnabled":null,"managedServiceIdentityId":null,"xManagedServiceIdentityId":null,"keyVaultReferenceIdentity":null,"ipSecurityRestrictions":null,"ipSecurityRestrictionsDefaultAction":null,"scmIpSecurityRestrictions":null,"scmIpSecurityRestrictionsDefaultAction":null,"scmIpSecurityRestrictionsUseMain":null,"http20Enabled":true,"minTlsVersion":null,"minTlsCipherSuite":null,"scmMinTlsCipherSuite":null,"supportedTlsCipherSuites":null,"scmSupportedTlsCipherSuites":null,"scmMinTlsVersion":null,"ftpsState":null,"preWarmedInstanceCount":null,"functionAppScaleLimit":0,"elasticWebAppScaleLimit":null,"healthCheckPath":null,"fileChangeAuditEnabled":null,"functionsRuntimeScaleMonitoringEnabled":null,"websiteTimeZone":null,"minimumElasticInstanceCount":1,"azureStorageAccounts":null,"http20ProxyFlag":null,"sitePort":null,"antivirusScanEnabled":null,"storageType":null,"sitePrivateLinkHostEnabled":null,"clusteringEnabled":false},"functionAppConfig":null,"daprConfig":null,"deploymentId":"logicapp000004","slotName":null,"trafficManagerHostNames":null,"sku":"WorkflowStandard","scmSiteAlsoStopped":false,"targetSwapSlot":null,"hostingEnvironment":null,"hostingEnvironmentProfile":null,"clientAffinityEnabled":false,"clientAffinityProxyEnabled":false,"blockPathTraversal":false,"clientCertEnabled":false,"clientCertMode":"Required","clientCertExclusionPaths":null,"hostNamesDisabled":false,"ipMode":"IPv4","vnetBackupRestoreEnabled":false,"domainVerificationIdentifiers":null,"customDomainVerificationId":"D3BA5386ECE3EF692436FA80D86862EA4BBB849B79C16196E232335AC62906B7","kind":"functionapp,workflowapp","managedEnvironmentId":null,"workloadProfileName":null,"resourceConfig":null,"inboundIpAddress":"40.112.243.18","possibleInboundIpAddresses":"168.62.20.37,40.112.243.18","ftpUsername":"logicapp000004\\$logicapp000004","ftpsHostName":"ftps://waws-prod-bay-001.ftp.azurewebsites.windows.net/site/wwwroot","outboundIpAddresses":"40.118.172.142,40.118.173.189,40.78.40.171,40.118.172.198,40.118.169.34,168.62.20.37","possibleOutboundIpAddresses":"168.62.20.50,168.62.20.54,168.62.20.56,168.62.16.187,40.118.172.142,40.118.173.189,40.78.40.171,40.118.172.198,40.118.169.34,20.228.125.200,20.228.126.182,20.228.126.189,20.228.126.216,20.228.126.235,20.228.126.251,20.245.81.178,20.66.123.124,20.66.124.136,20.245.91.207,20.245.92.39,20.245.92.52,168.62.20.37","containerSize":1536,"dailyMemoryTimeQuota":0,"suspendedTill":null,"siteDisabledReason":0,"functionExecutionUnitsCache":null,"maxNumberOfWorkers":null,"homeStamp":"waws-prod-bay-001","cloningInfo":null,"hostingEnvironmentId":null,"tags":null,"resourceGroup":"clitest.rg000001","defaultHostName":"logicapp000004.azurewebsites.net","slotSwapStatus":null,"httpsOnly":false,"endToEndEncryptionEnabled":false,"functionsRuntimeAdminIsolationEnabled":false,"redundancyMode":"None","inProgressOperationId":null,"geoDistributions":null,"privateEndpointConnections":[],"publicNetworkAccess":null,"buildVersion":null,"targetBuildVersion":null,"migrationState":null,"eligibleLogCategories":"WorkflowRuntime,FunctionAppLogs,AppServiceAuthenticationLogs","inFlightFeatures":["SiteContainers"],"storageAccountRequired":false,"virtualNetworkSubnetId":null,"keyVaultReferenceIdentity":"SystemAssigned","autoGeneratedDomainNameLabelScope":null,"defaultHostNameScope":"Global","privateLinkIdentifiers":null,"sshEnabled":null}}'
    headers:
      cache-control:
      - no-cache
      content-length:
      - '7059'
      content-type:
      - application/json
      date:
      - Mon, 24 Feb 2025 04:29:00 GMT
      etag:
      - '"1DB86749FD730D0"'
      expires:
      - '-1'
      pragma:
      - no-cache
      strict-transport-security:
      - max-age=31536000; includeSubDomains
      x-aspnet-version:
      - 4.0.30319
      x-cache:
      - CONFIG_NOCACHE
      x-content-type-options:
      - nosniff
      x-ms-ratelimit-remaining-subscription-global-reads:
      - '16499'
      x-msedge-ref:
      - 'Ref A: 0DE5602A54A14B1FBD3099A3FEDB49DE Ref B: MAA201060516023 Ref C: 2025-02-24T04:29:00Z'
      x-powered-by:
      - ASP.NET
    status:
      code: 200
      message: OK
- request:
    body: null
    headers:
      Accept:
      - application/json
      Accept-Encoding:
      - gzip, deflate
      CommandName:
      - logicapp show
      Connection:
      - keep-alive
      ParameterSetName:
      - -g -n
      User-Agent:
      - AZURECLI/2.68.0 azsdk-python-core/1.31.0 Python/3.12.9 (Windows-11-10.0.26100-SP0)
    method: GET
    uri: https://management.azure.com/subscriptions/00000000-0000-0000-0000-000000000000/resourceGroups/clitest.rg000001/providers/Microsoft.Web/sites/logicapp000004/config/web?api-version=2023-01-01
  response:
    body:
      string: '{"id":"/subscriptions/00000000-0000-0000-0000-000000000000/resourceGroups/clitest.rg000001/providers/Microsoft.Web/sites/logicapp000004/config/web","name":"logicapp000004","type":"Microsoft.Web/sites/config","location":"West
        US","properties":{"numberOfWorkers":1,"defaultDocuments":["Default.htm","Default.html","Default.asp","index.htm","index.html","iisstart.htm","default.aspx","index.php"],"netFrameworkVersion":"v4.0","phpVersion":"","pythonVersion":"","nodeVersion":"","powerShellVersion":"","linuxFxVersion":"","windowsFxVersion":null,"windowsConfiguredStacks":[],"requestTracingEnabled":false,"remoteDebuggingEnabled":false,"remoteDebuggingVersion":null,"httpLoggingEnabled":false,"azureMonitorLogCategories":null,"acrUseManagedIdentityCreds":false,"acrUserManagedIdentityID":null,"logsDirectorySizeLimit":35,"detailedErrorLoggingEnabled":false,"publishingUsername":"REDACTED","publishingPassword":null,"appSettings":null,"metadata":null,"connectionStrings":null,"machineKey":null,"handlerMappings":null,"documentRoot":null,"scmType":"None","use32BitWorkerProcess":true,"webSocketsEnabled":false,"alwaysOn":false,"javaVersion":null,"javaContainer":null,"javaContainerVersion":null,"appCommandLine":"","managedPipelineMode":"Integrated","virtualApplications":[{"virtualPath":"/","physicalPath":"site\\wwwroot","preloadEnabled":false,"virtualDirectories":null}],"winAuthAdminState":0,"winAuthTenantState":0,"customAppPoolIdentityAdminState":true,"customAppPoolIdentityTenantState":false,"runtimeADUser":null,"runtimeADUserPassword":null,"loadBalancing":"LeastRequests","routingRules":[],"experiments":{"rampUpRules":[]},"limits":null,"autoHealEnabled":false,"autoHealRules":null,"tracingOptions":null,"vnetName":"","vnetRouteAllEnabled":false,"vnetPrivatePortsCount":0,"publicNetworkAccess":null,"siteAuthEnabled":false,"siteAuthSettings":{"enabled":null,"unauthenticatedClientAction":null,"tokenStoreEnabled":null,"allowedExternalRedirectUrls":null,"defaultProvider":null,"clientId":null,"clientSecret":null,"clientSecretSettingName":null,"clientSecretCertificateThumbprint":null,"issuer":null,"allowedAudiences":null,"additionalLoginParams":null,"isAadAutoProvisioned":false,"aadClaimsAuthorization":null,"googleClientId":null,"googleClientSecret":null,"googleClientSecretSettingName":null,"googleOAuthScopes":null,"facebookAppId":null,"facebookAppSecret":null,"facebookAppSecretSettingName":null,"facebookOAuthScopes":null,"gitHubClientId":null,"gitHubClientSecret":null,"gitHubClientSecretSettingName":null,"gitHubOAuthScopes":null,"twitterConsumerKey":null,"twitterConsumerSecret":null,"twitterConsumerSecretSettingName":null,"microsoftAccountClientId":null,"microsoftAccountClientSecret":null,"microsoftAccountClientSecretSettingName":null,"microsoftAccountOAuthScopes":null,"configVersion":null},"cors":null,"push":null,"apiDefinition":null,"apiManagementConfig":null,"autoSwapSlotName":null,"localMySqlEnabled":false,"managedServiceIdentityId":null,"xManagedServiceIdentityId":null,"keyVaultReferenceIdentity":null,"ipSecurityRestrictions":[{"ipAddress":"Any","action":"Allow","priority":2147483647,"name":"Allow
        all","description":"Allow all access"}],"ipSecurityRestrictionsDefaultAction":null,"scmIpSecurityRestrictions":[{"ipAddress":"Any","action":"Allow","priority":2147483647,"name":"Allow
        all","description":"Allow all access"}],"scmIpSecurityRestrictionsDefaultAction":null,"scmIpSecurityRestrictionsUseMain":false,"http20Enabled":true,"minTlsVersion":"1.2","minTlsCipherSuite":null,"scmMinTlsCipherSuite":null,"supportedTlsCipherSuites":null,"scmSupportedTlsCipherSuites":null,"scmMinTlsVersion":"1.2","ftpsState":"FtpsOnly","preWarmedInstanceCount":1,"functionAppScaleLimit":0,"elasticWebAppScaleLimit":null,"healthCheckPath":null,"fileChangeAuditEnabled":false,"functionsRuntimeScaleMonitoringEnabled":true,"websiteTimeZone":null,"minimumElasticInstanceCount":1,"azureStorageAccounts":{},"http20ProxyFlag":0,"sitePort":null,"antivirusScanEnabled":false,"storageType":"StorageVolume","sitePrivateLinkHostEnabled":false,"clusteringEnabled":false}}'
    headers:
      cache-control:
      - no-cache
      content-length:
      - '4071'
      content-type:
      - application/json
      date:
      - Mon, 24 Feb 2025 04:29:02 GMT
      expires:
      - '-1'
      pragma:
      - no-cache
      strict-transport-security:
      - max-age=31536000; includeSubDomains
      x-aspnet-version:
      - 4.0.30319
      x-cache:
      - CONFIG_NOCACHE
      x-content-type-options:
      - nosniff
      x-ms-ratelimit-remaining-subscription-global-reads:
      - '16499'
      x-msedge-ref:
      - 'Ref A: 34C4030BC5E042EDA83361DB983C5AA1 Ref B: MAA201060515035 Ref C: 2025-02-24T04:29:01Z'
      x-powered-by:
      - ASP.NET
    status:
      code: 200
      message: OK
- request:
    body: null
    headers:
      Accept:
      - application/json
      Accept-Encoding:
      - gzip, deflate
      CommandName:
      - logicapp show
      Connection:
      - keep-alive
      ParameterSetName:
      - -g -n
      User-Agent:
      - AZURECLI/2.68.0 azsdk-python-core/1.31.0 Python/3.12.9 (Windows-11-10.0.26100-SP0)
    method: GET
    uri: https://management.azure.com/subscriptions/00000000-0000-0000-0000-000000000000/resourceGroups/clitest.rg000001/providers/Microsoft.Web/sites/logicapp000004?api-version=2023-01-01
  response:
    body:
      string: '{"id":"/subscriptions/00000000-0000-0000-0000-000000000000/resourceGroups/clitest.rg000001/providers/Microsoft.Web/sites/logicapp000004","name":"logicapp000004","type":"Microsoft.Web/sites","kind":"functionapp,workflowapp","location":"West
        US","properties":{"name":"logicapp000004","state":"Running","hostNames":["logicapp000004.azurewebsites.net"],"webSpace":"clitest.rg000001-WestUSwebspace","selfLink":"https://waws-prod-bay-001.api.azurewebsites.windows.net:454/subscriptions/00000000-0000-0000-0000-000000000000/webspaces/clitest.rg000001-WestUSwebspace/sites/logicapp000004","repositorySiteName":"logicapp000004","owner":null,"usageState":"Normal","enabled":true,"adminEnabled":true,"siteScopedCertificatesEnabled":false,"afdEnabled":false,"enabledHostNames":["logicapp000004.azurewebsites.net","logicapp000004.scm.azurewebsites.net"],"siteProperties":{"metadata":null,"properties":[{"name":"LinuxFxVersion","value":""},{"name":"WindowsFxVersion","value":null}],"appSettings":null},"availabilityState":"Normal","sslCertificates":null,"csrs":[],"cers":null,"siteMode":null,"hostNameSslStates":[{"name":"logicapp000004.azurewebsites.net","sslState":"Disabled","ipBasedSslResult":null,"virtualIP":null,"virtualIPv6":null,"thumbprint":null,"certificateResourceId":null,"toUpdate":null,"toUpdateIpBasedSsl":null,"ipBasedSslState":"NotConfigured","hostType":"Standard"},{"name":"logicapp000004.scm.azurewebsites.net","sslState":"Disabled","ipBasedSslResult":null,"virtualIP":null,"virtualIPv6":null,"thumbprint":null,"certificateResourceId":null,"toUpdate":null,"toUpdateIpBasedSsl":null,"ipBasedSslState":"NotConfigured","hostType":"Repository"}],"computeMode":null,"serverFarm":null,"serverFarmId":"/subscriptions/00000000-0000-0000-0000-000000000000/resourceGroups/clitest.rg000001/providers/Microsoft.Web/serverfarms/plan000003","reserved":false,"isXenon":false,"hyperV":false,"lastModifiedTimeUtc":"2025-02-24T04:28:59.357","storageRecoveryDefaultState":"Running","contentAvailabilityState":"Normal","runtimeAvailabilityState":"Normal","dnsConfiguration":{},"vnetRouteAllEnabled":false,"containerAllocationSubnet":null,"useContainerLocalhostBindings":null,"vnetImagePullEnabled":false,"vnetContentShareEnabled":false,"outboundVnetRouting":null,"siteConfig":{"numberOfWorkers":1,"defaultDocuments":null,"netFrameworkVersion":null,"phpVersion":null,"pythonVersion":null,"nodeVersion":null,"powerShellVersion":null,"linuxFxVersion":"","windowsFxVersion":null,"windowsConfiguredStacks":null,"requestTracingEnabled":null,"remoteDebuggingEnabled":null,"remoteDebuggingVersion":null,"httpLoggingEnabled":null,"azureMonitorLogCategories":null,"acrUseManagedIdentityCreds":false,"acrUserManagedIdentityID":null,"logsDirectorySizeLimit":null,"detailedErrorLoggingEnabled":null,"publishingUsername":null,"publishingPassword":null,"appSettings":null,"metadata":null,"connectionStrings":null,"machineKey":null,"handlerMappings":null,"documentRoot":null,"scmType":null,"use32BitWorkerProcess":null,"webSocketsEnabled":null,"alwaysOn":false,"javaVersion":null,"javaContainer":null,"javaContainerVersion":null,"appCommandLine":null,"managedPipelineMode":null,"virtualApplications":null,"winAuthAdminState":null,"winAuthTenantState":null,"customAppPoolIdentityAdminState":null,"customAppPoolIdentityTenantState":null,"runtimeADUser":null,"runtimeADUserPassword":null,"loadBalancing":null,"routingRules":null,"experiments":null,"limits":null,"autoHealEnabled":null,"autoHealRules":null,"tracingOptions":null,"vnetName":null,"vnetRouteAllEnabled":null,"vnetPrivatePortsCount":null,"publicNetworkAccess":null,"cors":null,"push":null,"apiDefinition":null,"apiManagementConfig":null,"autoSwapSlotName":null,"localMySqlEnabled":null,"managedServiceIdentityId":null,"xManagedServiceIdentityId":null,"keyVaultReferenceIdentity":null,"ipSecurityRestrictions":null,"ipSecurityRestrictionsDefaultAction":null,"scmIpSecurityRestrictions":null,"scmIpSecurityRestrictionsDefaultAction":null,"scmIpSecurityRestrictionsUseMain":null,"http20Enabled":true,"minTlsVersion":null,"minTlsCipherSuite":null,"scmMinTlsCipherSuite":null,"supportedTlsCipherSuites":null,"scmSupportedTlsCipherSuites":null,"scmMinTlsVersion":null,"ftpsState":null,"preWarmedInstanceCount":null,"functionAppScaleLimit":0,"elasticWebAppScaleLimit":null,"healthCheckPath":null,"fileChangeAuditEnabled":null,"functionsRuntimeScaleMonitoringEnabled":null,"websiteTimeZone":null,"minimumElasticInstanceCount":1,"azureStorageAccounts":null,"http20ProxyFlag":null,"sitePort":null,"antivirusScanEnabled":null,"storageType":null,"sitePrivateLinkHostEnabled":null,"clusteringEnabled":false},"functionAppConfig":null,"daprConfig":null,"deploymentId":"logicapp000004","slotName":null,"trafficManagerHostNames":null,"sku":"WorkflowStandard","scmSiteAlsoStopped":false,"targetSwapSlot":null,"hostingEnvironment":null,"hostingEnvironmentProfile":null,"clientAffinityEnabled":false,"clientAffinityProxyEnabled":false,"blockPathTraversal":false,"clientCertEnabled":false,"clientCertMode":"Required","clientCertExclusionPaths":null,"hostNamesDisabled":false,"ipMode":"IPv4","vnetBackupRestoreEnabled":false,"domainVerificationIdentifiers":null,"customDomainVerificationId":"D3BA5386ECE3EF692436FA80D86862EA4BBB849B79C16196E232335AC62906B7","kind":"functionapp,workflowapp","managedEnvironmentId":null,"workloadProfileName":null,"resourceConfig":null,"inboundIpAddress":"40.112.243.18","possibleInboundIpAddresses":"168.62.20.37,40.112.243.18","ftpUsername":"logicapp000004\\$logicapp000004","ftpsHostName":"ftps://waws-prod-bay-001.ftp.azurewebsites.windows.net/site/wwwroot","outboundIpAddresses":"40.118.172.142,40.118.173.189,40.78.40.171,40.118.172.198,40.118.169.34,168.62.20.37","possibleOutboundIpAddresses":"168.62.20.50,168.62.20.54,168.62.20.56,168.62.16.187,40.118.172.142,40.118.173.189,40.78.40.171,40.118.172.198,40.118.169.34,20.228.125.200,20.228.126.182,20.228.126.189,20.228.126.216,20.228.126.235,20.228.126.251,20.245.81.178,20.66.123.124,20.66.124.136,20.245.91.207,20.245.92.39,20.245.92.52,168.62.20.37","containerSize":1536,"dailyMemoryTimeQuota":0,"suspendedTill":null,"siteDisabledReason":0,"functionExecutionUnitsCache":null,"maxNumberOfWorkers":null,"homeStamp":"waws-prod-bay-001","cloningInfo":null,"hostingEnvironmentId":null,"tags":null,"resourceGroup":"clitest.rg000001","defaultHostName":"logicapp000004.azurewebsites.net","slotSwapStatus":null,"httpsOnly":false,"endToEndEncryptionEnabled":false,"functionsRuntimeAdminIsolationEnabled":false,"redundancyMode":"None","inProgressOperationId":null,"geoDistributions":null,"privateEndpointConnections":[],"publicNetworkAccess":null,"buildVersion":null,"targetBuildVersion":null,"migrationState":null,"eligibleLogCategories":"WorkflowRuntime,FunctionAppLogs,AppServiceAuthenticationLogs","inFlightFeatures":["SiteContainers"],"storageAccountRequired":false,"virtualNetworkSubnetId":null,"keyVaultReferenceIdentity":"SystemAssigned","autoGeneratedDomainNameLabelScope":null,"defaultHostNameScope":"Global","privateLinkIdentifiers":null,"sshEnabled":null}}'
    headers:
      cache-control:
      - no-cache
      content-length:
      - '7059'
      content-type:
      - application/json
      date:
      - Mon, 24 Feb 2025 04:29:03 GMT
      etag:
      - '"1DB86749FD730D0"'
      expires:
      - '-1'
      pragma:
      - no-cache
      strict-transport-security:
      - max-age=31536000; includeSubDomains
      x-aspnet-version:
      - 4.0.30319
      x-cache:
      - CONFIG_NOCACHE
      x-content-type-options:
      - nosniff
      x-ms-ratelimit-remaining-subscription-global-reads:
      - '16499'
      x-msedge-ref:
      - 'Ref A: E3338BEAB55E40FD9282F7722EB4409E Ref B: MAA201060516039 Ref C: 2025-02-24T04:29:02Z'
      x-powered-by:
      - ASP.NET
    status:
      code: 200
      message: OK
- request:
    body: '{"format": "WebDeploy"}'
    headers:
      Accept:
      - application/xml
      Accept-Encoding:
      - gzip, deflate
      CommandName:
      - logicapp show
      Connection:
      - keep-alive
      Content-Length:
      - '23'
      Content-Type:
      - application/json
      ParameterSetName:
      - -g -n
      User-Agent:
      - AZURECLI/2.68.0 azsdk-python-core/1.31.0 Python/3.12.9 (Windows-11-10.0.26100-SP0)
    method: POST
    uri: https://management.azure.com/subscriptions/00000000-0000-0000-0000-000000000000/resourceGroups/clitest.rg000001/providers/Microsoft.Web/sites/logicapp000004/publishxml?api-version=2023-01-01
  response:
    body:
      string: <publishData><publishProfile profileName="logicapp000004 - Web Deploy"
        publishMethod="MSDeploy" publishUrl="logicapp000004.scm.azurewebsites.net:443"
        msdeploySite="logicapp000004" userName="REDACTED" userPWD="REDACTED" destinationAppUrl="http://logicapp000004.azurewebsites.net"
        SQLServerDBConnectionString="REDACTED" mySQLDBConnectionString="" hostingProviderForumLink=""
        controlPanelLink="https://portal.azure.com" webSystem="WebSites"><databases
        /></publishProfile><publishProfile profileName="logicapp000004 - FTP" publishMethod="FTP"
        publishUrl="ftps://waws-prod-bay-001.ftp.azurewebsites.windows.net/site/wwwroot"
        ftpPassiveMode="True" userName="REDACTED" userPWD="REDACTED" destinationAppUrl="http://logicapp000004.azurewebsites.net"
        SQLServerDBConnectionString="REDACTED" mySQLDBConnectionString="" hostingProviderForumLink=""
        controlPanelLink="https://portal.azure.com" webSystem="WebSites"><databases
        /></publishProfile><publishProfile profileName="logicapp000004 - Zip Deploy"
        publishMethod="ZipDeploy" publishUrl="logicapp000004.scm.azurewebsites.net:443"
        userName="REDACTED" userPWD="REDACTED" destinationAppUrl="http://logicapp000004.azurewebsites.net"
        SQLServerDBConnectionString="REDACTED" mySQLDBConnectionString="" hostingProviderForumLink=""
        controlPanelLink="https://portal.azure.com" webSystem="WebSites"><databases
        /></publishProfile><publishProfile profileName="logicapp000004 - ReadOnly
        - FTP" publishMethod="FTP" publishUrl="ftps://waws-prod-bay-001dr.ftp.azurewebsites.windows.net/site/wwwroot"
        ftpPassiveMode="True" userName="REDACTED" userPWD="REDACTED" destinationAppUrl="http://logicapp000004.azurewebsites.net"
        SQLServerDBConnectionString="REDACTED" mySQLDBConnectionString="" hostingProviderForumLink=""
        controlPanelLink="https://portal.azure.com" webSystem="WebSites"><databases
        /></publishProfile></publishData>
    headers:
      cache-control:
      - no-cache
      content-length:
      - '1845'
      content-type:
      - application/xml
      date:
      - Mon, 24 Feb 2025 04:29:04 GMT
      expires:
      - '-1'
      pragma:
      - no-cache
      strict-transport-security:
      - max-age=31536000; includeSubDomains
      x-aspnet-version:
      - 4.0.30319
      x-cache:
      - CONFIG_NOCACHE
      x-content-type-options:
      - nosniff
      x-ms-ratelimit-remaining-subscription-resource-requests:
      - '11998'
      x-msedge-ref:
      - 'Ref A: EE82F47504464034973F5A9EC97D4B9B Ref B: MAA201060516033 Ref C: 2025-02-24T04:29:03Z'
      x-powered-by:
      - ASP.NET
    status:
      code: 200
      message: OK
version: 1
