interactions:
- request:
    body: null
    headers:
      Accept:
      - application/json
      Accept-Encoding:
      - gzip, deflate
      CommandName:
      - functionapp create
      Connection:
      - keep-alive
      ParameterSetName:
      - -g -n --consumption-plan-location -s
      User-Agent:
      - AZURECLI/2.30.0 azsdk-python-azure-mgmt-web/4.0.0 Python/3.8.6 (macOS-10.15.7-x86_64-i386-64bit)
    method: GET
    uri: https://management.azure.com/subscriptions/00000000-0000-0000-0000-000000000000/providers/Microsoft.Web/geoRegions?sku=Dynamic&api-version=2020-09-01
  response:
    body:
      string: '{"value":[{"id":"/subscriptions/00000000-0000-0000-0000-000000000000/providers/Microsoft.Web/geoRegions/Central
        US","name":"Central US","type":"Microsoft.Web/geoRegions","properties":{"name":"Central
        US","description":null,"sortOrder":0,"displayName":"Central US","orgDomain":"PUBLIC;DREAMSPARK;MSFTPUBLIC;FUNCTIONS;DYNAMIC;DSERIES;LINUX;LINUXDSERIES;ELASTICPREMIUM;LINUXFREE;LINUXDYNAMIC;ELASTICLINUX;XENON;XENONV3;WINDOWSV3;LINUXV3"}},{"id":"/subscriptions/00000000-0000-0000-0000-000000000000/providers/Microsoft.Web/geoRegions/North
        Europe","name":"North Europe","type":"Microsoft.Web/geoRegions","properties":{"name":"North
        Europe","description":null,"sortOrder":1,"displayName":"North Europe","orgDomain":"PUBLIC;DREAMSPARK;MSFTPUBLIC;FUNCTIONS;DYNAMIC;DSERIES;LINUX;LINUXDSERIES;XENON;ELASTICPREMIUM;LINUXFREE;ELASTICLINUX;LINUXDYNAMIC;XENON;XENONV3;WINDOWSV3;LINUXV3"}},{"id":"/subscriptions/00000000-0000-0000-0000-000000000000/providers/Microsoft.Web/geoRegions/West
        Europe","name":"West Europe","type":"Microsoft.Web/geoRegions","properties":{"name":"West
        Europe","description":null,"sortOrder":2,"displayName":"West Europe","orgDomain":"PUBLIC;DREAMSPARK;MSFTPUBLIC;FUNCTIONS;DYNAMIC;LINUX;DSERIES;LINUXDSERIES;XENON;SFCONTAINERS;LINUXDYNAMIC;ELASTICPREMIUM;ELASTICLINUX;LINUXFREE;XENON;XENONV3;WINDOWSV3;LINUXV3"}},{"id":"/subscriptions/00000000-0000-0000-0000-000000000000/providers/Microsoft.Web/geoRegions/Southeast
        Asia","name":"Southeast Asia","type":"Microsoft.Web/geoRegions","properties":{"name":"Southeast
        Asia","description":null,"sortOrder":3,"displayName":"Southeast Asia","orgDomain":"PUBLIC;DREAMSPARK;MSFTPUBLIC;FUNCTIONS;DYNAMIC;LINUX;DSERIES;LINUXDSERIES;XENON;ELASTICPREMIUM;LINUXFREE;ELASTICLINUX;LINUXDYNAMIC;XENON;XENONV3;WINDOWSV3;LINUXV3"}},{"id":"/subscriptions/00000000-0000-0000-0000-000000000000/providers/Microsoft.Web/geoRegions/East
        Asia","name":"East Asia","type":"Microsoft.Web/geoRegions","properties":{"name":"East
        Asia","description":null,"sortOrder":4,"displayName":"East Asia","orgDomain":"PUBLIC;DREAMSPARK;MSFTPUBLIC;FUNCTIONS;DYNAMIC;LINUX;DSERIES;LINUXDSERIES;SFCONTAINERS;LINUXDYNAMIC;ELASTICPREMIUM;LINUXFREE;ELASTICLINUX;XENON;XENONV3;WINDOWSV3;LINUXV3"}},{"id":"/subscriptions/00000000-0000-0000-0000-000000000000/providers/Microsoft.Web/geoRegions/West
        US","name":"West US","type":"Microsoft.Web/geoRegions","properties":{"name":"West
        US","description":null,"sortOrder":5,"displayName":"West US","orgDomain":"PUBLIC;DREAMSPARK;MSFTPUBLIC;FUNCTIONS;DYNAMIC;LINUX;DSERIES;LINUXDSERIES;XENON;ELASTICPREMIUM;LINUXFREE;ELASTICLINUX;LINUXDYNAMIC;XENON;XENONV3;WINDOWSV3;LINUXV3"}},{"id":"/subscriptions/00000000-0000-0000-0000-000000000000/providers/Microsoft.Web/geoRegions/East
        US","name":"East US","type":"Microsoft.Web/geoRegions","properties":{"name":"East
        US","description":null,"sortOrder":6,"displayName":"East US","orgDomain":"PUBLIC;DREAMSPARK;MSFTPUBLIC;FUNCTIONS;DYNAMIC;LINUX;DSERIES;FAKEORG;LINUXDSERIES;XENON;SFCONTAINERS;LINUXDYNAMIC;LINUXFREE;ELASTICLINUX;ELASTICPREMIUM;XENON;XENONV3;WINDOWSV3;LINUXV3"}},{"id":"/subscriptions/00000000-0000-0000-0000-000000000000/providers/Microsoft.Web/geoRegions/Japan
        West","name":"Japan West","type":"Microsoft.Web/geoRegions","properties":{"name":"Japan
        West","description":null,"sortOrder":7,"displayName":"Japan West","orgDomain":"PUBLIC;DREAMSPARK;MSFTPUBLIC;FUNCTIONS;DYNAMIC;LINUX;DSERIES;LINUXDSERIES;ELASTICPREMIUM;LINUXFREE;ELASTICLINUX;LINUXDYNAMIC"}},{"id":"/subscriptions/00000000-0000-0000-0000-000000000000/providers/Microsoft.Web/geoRegions/Japan
        East","name":"Japan East","type":"Microsoft.Web/geoRegions","properties":{"name":"Japan
        East","description":null,"sortOrder":8,"displayName":"Japan East","orgDomain":"PUBLIC;DREAMSPARK;MSFTPUBLIC;FUNCTIONS;DYNAMIC;LINUX;DSERIES;LINUXDSERIES;LINUXFREE;ELASTICLINUX;ELASTICPREMIUM;LINUXDYNAMIC;XENON;XENONV3;WINDOWSV3;LINUXV3"}},{"id":"/subscriptions/00000000-0000-0000-0000-000000000000/providers/Microsoft.Web/geoRegions/East
        US 2","name":"East US 2","type":"Microsoft.Web/geoRegions","properties":{"name":"East
        US 2","description":null,"sortOrder":9,"displayName":"East US 2","orgDomain":"PUBLIC;DREAMSPARK;MSFTPUBLIC;FUNCTIONS;DYNAMIC;DSERIES;LINUX;LINUXDSERIES;ELASTICPREMIUM;LINUXFREE;LINUXDYNAMIC;ELASTICLINUX;XENON;XENONV3;WINDOWSV3;LINUXV3"}},{"id":"/subscriptions/00000000-0000-0000-0000-000000000000/providers/Microsoft.Web/geoRegions/North
        Central US","name":"North Central US","type":"Microsoft.Web/geoRegions","properties":{"name":"North
        Central US","description":null,"sortOrder":10,"displayName":"North Central
        US","orgDomain":"PUBLIC;DREAMSPARK;MSFTPUBLIC;FUNCTIONS;DYNAMIC;LINUX;DSERIES;LINUXDSERIES;LINUXFREE;ELASTICPREMIUM;ELASTICLINUX;LINUXDYNAMIC;XENON;XENONV3;WINDOWSV3;LINUXV3"}},{"id":"/subscriptions/00000000-0000-0000-0000-000000000000/providers/Microsoft.Web/geoRegions/South
        Central US","name":"South Central US","type":"Microsoft.Web/geoRegions","properties":{"name":"South
        Central US","description":null,"sortOrder":11,"displayName":"South Central
        US","orgDomain":"PUBLIC;DREAMSPARK;MSFTPUBLIC;FUNCTIONS;DYNAMIC;DSERIES;LINUX;LINUXDSERIES;ELASTICPREMIUM;LINUXFREE;LINUXDYNAMIC;ELASTICLINUX;XENON;XENONV3;WINDOWSV3;LINUXV3"}},{"id":"/subscriptions/00000000-0000-0000-0000-000000000000/providers/Microsoft.Web/geoRegions/Brazil
        South","name":"Brazil South","type":"Microsoft.Web/geoRegions","properties":{"name":"Brazil
        South","description":null,"sortOrder":12,"displayName":"Brazil South","orgDomain":"PUBLIC;DREAMSPARK;MSFTPUBLIC;FUNCTIONS;DYNAMIC;LINUX;DSERIES;LINUXDSERIES;LINUXFREE;ELASTICPREMIUM;LINUXDYNAMIC;ELASTICLINUX;XENON;XENONV3;WINDOWSV3;LINUXV3"}},{"id":"/subscriptions/00000000-0000-0000-0000-000000000000/providers/Microsoft.Web/geoRegions/Australia
        East","name":"Australia East","type":"Microsoft.Web/geoRegions","properties":{"name":"Australia
        East","description":null,"sortOrder":13,"displayName":"Australia East","orgDomain":"PUBLIC;DREAMSPARK;MSFTPUBLIC;FUNCTIONS;DYNAMIC;LINUX;DSERIES;LINUXDSERIES;XENON;ELASTICPREMIUM;LINUXFREE;LINUXDYNAMIC;ELASTICLINUX;XENON;XENONV3;WINDOWSV3;LINUXV3"}},{"id":"/subscriptions/00000000-0000-0000-0000-000000000000/providers/Microsoft.Web/geoRegions/Australia
        Southeast","name":"Australia Southeast","type":"Microsoft.Web/geoRegions","properties":{"name":"Australia
        Southeast","description":null,"sortOrder":14,"displayName":"Australia Southeast","orgDomain":"PUBLIC;DREAMSPARK;MSFTPUBLIC;FUNCTIONS;DYNAMIC;DSERIES;LINUX;LINUXDSERIES;ELASTICPREMIUM;LINUXFREE;ELASTICLINUX;XENON;XENONV3;WINDOWSV3;LINUXV3;LINUXDYNAMIC"}},{"id":"/subscriptions/00000000-0000-0000-0000-000000000000/providers/Microsoft.Web/geoRegions/East
        Asia (Stage)","name":"East Asia (Stage)","type":"Microsoft.Web/geoRegions","properties":{"name":"East
        Asia (Stage)","description":null,"sortOrder":2147483647,"displayName":"East
        Asia (Stage)","orgDomain":"MSFTINT;DSERIES;ELASTICPREMIUM;FUNCTIONS;DYNAMIC;XENON;LINUX;LINUXFREE;LINUXDYNAMIC;XENONV3;WINDOWSV3;LINUXV3"}},{"id":"/subscriptions/00000000-0000-0000-0000-000000000000/providers/Microsoft.Web/geoRegions/Central
        India","name":"Central India","type":"Microsoft.Web/geoRegions","properties":{"name":"Central
        India","description":null,"sortOrder":2147483647,"displayName":"Central India","orgDomain":"PUBLIC;DREAMSPARK;MSFTPUBLIC;FUNCTIONS;DYNAMIC;LINUX;DSERIES;LINUXDSERIES;LINUXDYNAMIC;ELASTICPREMIUM;ELASTICLINUX;XENON;XENONV3;WINDOWSV3;LINUXV3"}},{"id":"/subscriptions/00000000-0000-0000-0000-000000000000/providers/Microsoft.Web/geoRegions/West
        India","name":"West India","type":"Microsoft.Web/geoRegions","properties":{"name":"West
        India","description":null,"sortOrder":2147483647,"displayName":"West India","orgDomain":"PUBLIC;DREAMSPARK;MSFTPUBLIC;FUNCTIONS;DYNAMIC;LINUX;DSERIES;LINUXDSERIES;ELASTICPREMIUM;LINUXDYNAMIC;ELASTICLINUX"}},{"id":"/subscriptions/00000000-0000-0000-0000-000000000000/providers/Microsoft.Web/geoRegions/South
        India","name":"South India","type":"Microsoft.Web/geoRegions","properties":{"name":"South
        India","description":null,"sortOrder":2147483647,"displayName":"South India","orgDomain":"PUBLIC;DREAMSPARK;MSFTPUBLIC;FUNCTIONS;DYNAMIC;DSERIES;LINUX;LINUXDSERIES;ELASTICPREMIUM"}},{"id":"/subscriptions/00000000-0000-0000-0000-000000000000/providers/Microsoft.Web/geoRegions/Canada
        Central","name":"Canada Central","type":"Microsoft.Web/geoRegions","properties":{"name":"Canada
        Central","description":null,"sortOrder":2147483647,"displayName":"Canada Central","orgDomain":"PUBLIC;DREAMSPARK;MSFTPUBLIC;FUNCTIONS;DYNAMIC;DSERIES;LINUX;LINUXDSERIES;ELASTICPREMIUM;LINUXFREE;ELASTICLINUX;XENON;XENONV3;WINDOWSV3;LINUXV3"}},{"id":"/subscriptions/00000000-0000-0000-0000-000000000000/providers/Microsoft.Web/geoRegions/Canada
        East","name":"Canada East","type":"Microsoft.Web/geoRegions","properties":{"name":"Canada
        East","description":null,"sortOrder":2147483647,"displayName":"Canada East","orgDomain":"PUBLIC;DREAMSPARK;MSFTPUBLIC;FUNCTIONS;DYNAMIC;LINUX;DSERIES;LINUXDSERIES;LINUXDYNAMIC"}},{"id":"/subscriptions/00000000-0000-0000-0000-000000000000/providers/Microsoft.Web/geoRegions/West
        Central US","name":"West Central US","type":"Microsoft.Web/geoRegions","properties":{"name":"West
        Central US","description":null,"sortOrder":2147483647,"displayName":"West
        Central US","orgDomain":"PUBLIC;FUNCTIONS;DYNAMIC;LINUX;DSERIES;LINUXDSERIES;ELASTICLINUX;ELASTICPREMIUM;MSFTPUBLIC;XENON;XENONV3;WINDOWSV3;LINUXV3"}},{"id":"/subscriptions/00000000-0000-0000-0000-000000000000/providers/Microsoft.Web/geoRegions/West
        US 2","name":"West US 2","type":"Microsoft.Web/geoRegions","properties":{"name":"West
        US 2","description":null,"sortOrder":2147483647,"displayName":"West US 2","orgDomain":"PUBLIC;DREAMSPARK;MSFTPUBLIC;FUNCTIONS;DYNAMIC;LINUX;DSERIES;LINUXDSERIES;LINUXFREE;LINUXDYNAMIC;ELASTICPREMIUM;ELASTICLINUX;XENON;XENONV3;WINDOWSV3;LINUXV3"}},{"id":"/subscriptions/00000000-0000-0000-0000-000000000000/providers/Microsoft.Web/geoRegions/UK
        West","name":"UK West","type":"Microsoft.Web/geoRegions","properties":{"name":"UK
        West","description":null,"sortOrder":2147483647,"displayName":"UK West","orgDomain":"PUBLIC;MSFTPUBLIC;FUNCTIONS;DYNAMIC;DSERIES;LINUX;LINUXDSERIES;ELASTICPREMIUM;LINUXDYNAMIC;ELASTICLINUX;XENON;XENONV3;WINDOWSV3;LINUXV3"}},{"id":"/subscriptions/00000000-0000-0000-0000-000000000000/providers/Microsoft.Web/geoRegions/UK
        South","name":"UK South","type":"Microsoft.Web/geoRegions","properties":{"name":"UK
        South","description":null,"sortOrder":2147483647,"displayName":"UK South","orgDomain":"PUBLIC;MSFTPUBLIC;DYNAMIC;DSERIES;LINUX;LINUXDSERIES;LINUXFREE;LINUXDYNAMIC;ELASTICPREMIUM;ELASTICLINUX;XENON;XENONV3;WINDOWSV3;LINUXV3"}},{"id":"/subscriptions/00000000-0000-0000-0000-000000000000/providers/Microsoft.Web/geoRegions/East
        US 2 EUAP","name":"East US 2 EUAP","type":"Microsoft.Web/geoRegions","properties":{"name":"East
        US 2 EUAP","description":null,"sortOrder":2147483647,"displayName":"East US
        2 EUAP","orgDomain":"EUAP;XENON;DSERIES;LINUXDSERIES;ELASTICPREMIUM;FUNCTIONS;DYNAMIC;LINUX;LINUXFREE;ELASTICLINUX;WINDOWSV3;XENONV3;LINUXV3;LINUXDYNAMIC"}},{"id":"/subscriptions/00000000-0000-0000-0000-000000000000/providers/Microsoft.Web/geoRegions/Central
        US EUAP","name":"Central US EUAP","type":"Microsoft.Web/geoRegions","properties":{"name":"Central
        US EUAP","description":null,"sortOrder":2147483647,"displayName":"Central
        US EUAP","orgDomain":"EUAP;LINUX;DSERIES;LINUXDSERIES;ELASTICPREMIUM;LINUXFREE;ELASTICLINUX;LINUXDYNAMIC;DYNAMIC"}},{"id":"/subscriptions/00000000-0000-0000-0000-000000000000/providers/Microsoft.Web/geoRegions/Korea
        Central","name":"Korea Central","type":"Microsoft.Web/geoRegions","properties":{"name":"Korea
        Central","description":null,"sortOrder":2147483647,"displayName":"Korea Central","orgDomain":"PUBLIC;DREAMSPARK;MSFTPUBLIC;FUNCTIONS;DYNAMIC;LINUX;LINUXDSERIES;ELASTICPREMIUM;LINUXFREE;DSERIES;LINUXDYNAMIC;ELASTICLINUX;XENON;XENONV3;WINDOWSV3;LINUXV3"}},{"id":"/subscriptions/00000000-0000-0000-0000-000000000000/providers/Microsoft.Web/geoRegions/France
        Central","name":"France Central","type":"Microsoft.Web/geoRegions","properties":{"name":"France
        Central","description":null,"sortOrder":2147483647,"displayName":"France Central","orgDomain":"PUBLIC;MSFTPUBLIC;DSERIES;DYNAMIC;LINUX;LINUXDSERIES;ELASTICPREMIUM;LINUXFREE;LINUXDYNAMIC;ELASTICLINUX;XENON;XENONV3;WINDOWSV3;LINUXV3"}},{"id":"/subscriptions/00000000-0000-0000-0000-000000000000/providers/Microsoft.Web/geoRegions/Australia
        Central 2","name":"Australia Central 2","type":"Microsoft.Web/geoRegions","properties":{"name":"Australia
        Central 2","description":null,"sortOrder":2147483647,"displayName":"Australia
        Central 2","orgDomain":"PUBLIC;FUNCTIONS;DYNAMIC;DSERIES;LINUX;LINUXDSERIES;LINUXFREE;ELASTICPREMIUM"}},{"id":"/subscriptions/00000000-0000-0000-0000-000000000000/providers/Microsoft.Web/geoRegions/Australia
        Central","name":"Australia Central","type":"Microsoft.Web/geoRegions","properties":{"name":"Australia
        Central","description":null,"sortOrder":2147483647,"displayName":"Australia
        Central","orgDomain":"PUBLIC;FUNCTIONS;DYNAMIC;DSERIES;LINUX;LINUXDSERIES;LINUXFREE;ELASTICPREMIUM;ELASTICLINUX"}},{"id":"/subscriptions/00000000-0000-0000-0000-000000000000/providers/Microsoft.Web/geoRegions/South
        Africa North","name":"South Africa North","type":"Microsoft.Web/geoRegions","properties":{"name":"South
        Africa North","description":null,"sortOrder":2147483647,"displayName":"South
        Africa North","orgDomain":"PUBLIC;MSFTPUBLIC;FUNCTIONS;DYNAMIC;LINUX;LINUXDSERIES;DSERIES;ELASTICPREMIUM;ELASTICLINUX;XENON;XENONV3;WINDOWSV3;LINUXV3"}},{"id":"/subscriptions/00000000-0000-0000-0000-000000000000/providers/Microsoft.Web/geoRegions/Switzerland
        North","name":"Switzerland North","type":"Microsoft.Web/geoRegions","properties":{"name":"Switzerland
        North","description":null,"sortOrder":2147483647,"displayName":"Switzerland
        North","orgDomain":"PUBLIC;DSERIES;LINUX;LINUXDSERIES;LINUXFREE;FUNCTIONS;DYNAMIC;LINUXDYNAMIC;ELASTICPREMIUM;ELASTICLINUX;XENON;XENONV3;WINDOWSV3;LINUXV3"}},{"id":"/subscriptions/00000000-0000-0000-0000-000000000000/providers/Microsoft.Web/geoRegions/Germany
        West Central","name":"Germany West Central","type":"Microsoft.Web/geoRegions","properties":{"name":"Germany
        West Central","description":null,"sortOrder":2147483647,"displayName":"Germany
        West Central","orgDomain":"PUBLIC;DSERIES;LINUX;LINUXDSERIES;ELASTICPREMIUM;FUNCTIONS;DYNAMIC;ELASTICLINUX;LINUXDYNAMIC;XENON;XENONV3;WINDOWSV3;LINUXV3"}},{"id":"/subscriptions/00000000-0000-0000-0000-000000000000/providers/Microsoft.Web/geoRegions/Switzerland
        West","name":"Switzerland West","type":"Microsoft.Web/geoRegions","properties":{"name":"Switzerland
        West","description":null,"sortOrder":2147483647,"displayName":"Switzerland
        West","orgDomain":"PUBLIC;DSERIES;LINUX;LINUXDSERIES;LINUXFREE;FUNCTIONS;DYNAMIC;ELASTICPREMIUM;ELASTICLINUX"}},{"id":"/subscriptions/00000000-0000-0000-0000-000000000000/providers/Microsoft.Web/geoRegions/UAE
        North","name":"UAE North","type":"Microsoft.Web/geoRegions","properties":{"name":"UAE
        North","description":null,"sortOrder":2147483647,"displayName":"UAE North","orgDomain":"PUBLIC;DSERIES;LINUX;LINUXDSERIES;LINUXFREE;FUNCTIONS;DYNAMIC;LINUXDYNAMIC;ELASTICPREMIUM;ELASTICLINUX;XENON;XENONV3;WINDOWSV3;LINUXV3"}},{"id":"/subscriptions/00000000-0000-0000-0000-000000000000/providers/Microsoft.Web/geoRegions/Norway
        West","name":"Norway West","type":"Microsoft.Web/geoRegions","properties":{"name":"Norway
        West","description":null,"sortOrder":2147483647,"displayName":"Norway West","orgDomain":"PUBLIC;DSERIES;MSFTPUBLIC;LINUX;LINUXDSERIES;FUNCTIONS;DYNAMIC"}},{"id":"/subscriptions/00000000-0000-0000-0000-000000000000/providers/Microsoft.Web/geoRegions/Norway
        East","name":"Norway East","type":"Microsoft.Web/geoRegions","properties":{"name":"Norway
        East","description":null,"sortOrder":2147483647,"displayName":"Norway East","orgDomain":"PUBLIC;LINUX;LINUXDSERIES;DSERIES;ELASTICLINUX;ELASTICPREMIUM;FUNCTIONS;DYNAMIC;XENON;XENONV3;WINDOWSV3;LINUXV3"}},{"id":"/subscriptions/00000000-0000-0000-0000-000000000000/providers/Microsoft.Web/geoRegions/Brazil
        Southeast","name":"Brazil Southeast","type":"Microsoft.Web/geoRegions","properties":{"name":"Brazil
        Southeast","description":null,"sortOrder":2147483647,"displayName":"Brazil
        Southeast","orgDomain":"PUBLIC;LINUX;LINUXDSERIES;DSERIES;LINUXFREE;FUNCTIONS;DYNAMIC"}},{"id":"/subscriptions/00000000-0000-0000-0000-000000000000/providers/Microsoft.Web/geoRegions/West
        US 3","name":"West US 3","type":"Microsoft.Web/geoRegions","properties":{"name":"West
        US 3","description":null,"sortOrder":2147483647,"displayName":"West US 3","orgDomain":"PUBLIC;DSERIES;LINUX;LINUXDSERIES;XENON;XENONV3;WINDOWSV3;LINUXV3;ELASTICPREMIUM;ELASTICLINUX;FUNCTIONS;DYNAMIC"}},{"id":"/subscriptions/00000000-0000-0000-0000-000000000000/providers/Microsoft.Web/geoRegions/Jio
        India West","name":"Jio India West","type":"Microsoft.Web/geoRegions","properties":{"name":"Jio
        India West","description":null,"sortOrder":2147483647,"displayName":"Jio India
        West","orgDomain":"PUBLIC;DSERIES;LINUX;LINUXDSERIES;ELASTICPREMIUM;ELASTICLINUX;FUNCTIONS;DYNAMIC"}}],"nextLink":null,"id":null}'
    headers:
      cache-control:
      - no-cache
      content-length:
      - '17173'
      content-type:
      - application/json
      date:
      - Mon, 08 Nov 2021 22:11:37 GMT
      expires:
      - '-1'
      pragma:
      - no-cache
      server:
      - Microsoft-IIS/10.0
      strict-transport-security:
      - max-age=31536000; includeSubDomains
      transfer-encoding:
      - chunked
      vary:
      - Accept-Encoding
      x-aspnet-version:
      - 4.0.30319
      x-content-type-options:
      - nosniff
      x-powered-by:
      - ASP.NET
    status:
      code: 200
      message: OK
- request:
    body: null
    headers:
      Accept:
      - application/json
      Accept-Encoding:
      - gzip, deflate
      CommandName:
      - functionapp create
      Connection:
      - keep-alive
      ParameterSetName:
      - -g -n --consumption-plan-location -s
      User-Agent:
      - AZURECLI/2.30.0 azsdk-python-azure-mgmt-storage/19.0.0 Python/3.8.6 (macOS-10.15.7-x86_64-i386-64bit)
    method: GET
    uri: https://management.azure.com/subscriptions/00000000-0000-0000-0000-000000000000/resourceGroups/clitest.rg000001/providers/Microsoft.Storage/storageAccounts/clitest000002?api-version=2021-06-01
  response:
    body:
      string: '{"sku":{"name":"Standard_LRS","tier":"Standard"},"kind":"Storage","id":"/subscriptions/00000000-0000-0000-0000-000000000000/resourceGroups/clitest.rg000001/providers/Microsoft.Storage/storageAccounts/clitest000002","name":"clitest000002","type":"Microsoft.Storage/storageAccounts","location":"westus","tags":{},"properties":{"keyCreationTime":{"key1":"2021-11-08T22:11:17.2957638Z","key2":"2021-11-08T22:11:17.2957638Z"},"privateEndpointConnections":[],"minimumTlsVersion":"TLS1_0","allowBlobPublicAccess":true,"networkAcls":{"bypass":"AzureServices","virtualNetworkRules":[],"ipRules":[],"defaultAction":"Allow"},"supportsHttpsTrafficOnly":true,"encryption":{"services":{"file":{"keyType":"Account","enabled":true,"lastEnabledTime":"2021-11-08T22:11:17.2957638Z"},"blob":{"keyType":"Account","enabled":true,"lastEnabledTime":"2021-11-08T22:11:17.2957638Z"}},"keySource":"Microsoft.Storage"},"provisioningState":"Succeeded","creationTime":"2021-11-08T22:11:17.2020063Z","primaryEndpoints":{"blob":"https://clitest000002.blob.core.windows.net/","queue":"https://clitest000002.queue.core.windows.net/","table":"https://clitest000002.table.core.windows.net/","file":"https://clitest000002.file.core.windows.net/"},"primaryLocation":"westus","statusOfPrimary":"available"}}'
    headers:
      cache-control:
      - no-cache
      content-length:
      - '1269'
      content-type:
      - application/json
      date:
      - Mon, 08 Nov 2021 22:11:39 GMT
      expires:
      - '-1'
      pragma:
      - no-cache
      server:
      - Microsoft-Azure-Storage-Resource-Provider/1.0,Microsoft-HTTPAPI/2.0 Microsoft-HTTPAPI/2.0
      strict-transport-security:
      - max-age=31536000; includeSubDomains
      transfer-encoding:
      - chunked
      vary:
      - Accept-Encoding
      x-content-type-options:
      - nosniff
    status:
      code: 200
      message: OK
- request:
    body: null
    headers:
      Accept:
      - application/json
      Accept-Encoding:
      - gzip, deflate
      CommandName:
      - functionapp create
      Connection:
      - keep-alive
      Content-Length:
      - '0'
      ParameterSetName:
      - -g -n --consumption-plan-location -s
      User-Agent:
      - AZURECLI/2.30.0 azsdk-python-azure-mgmt-storage/19.0.0 Python/3.8.6 (macOS-10.15.7-x86_64-i386-64bit)
    method: POST
    uri: https://management.azure.com/subscriptions/00000000-0000-0000-0000-000000000000/resourceGroups/clitest.rg000001/providers/Microsoft.Storage/storageAccounts/clitest000002/listKeys?api-version=2021-06-01&$expand=kerb
  response:
    body:
      string: '{"keys":[{"creationTime":"2021-11-08T22:11:17.2957638Z","keyName":"key1","value":"veryFakedStorageAccountKey==","permissions":"FULL"},{"creationTime":"2021-11-08T22:11:17.2957638Z","keyName":"key2","value":"veryFakedStorageAccountKey==","permissions":"FULL"}]}'
    headers:
      cache-control:
      - no-cache
      content-length:
      - '260'
      content-type:
      - application/json
      date:
      - Mon, 08 Nov 2021 22:11:39 GMT
      expires:
      - '-1'
      pragma:
      - no-cache
      server:
      - Microsoft-Azure-Storage-Resource-Provider/1.0,Microsoft-HTTPAPI/2.0 Microsoft-HTTPAPI/2.0
      strict-transport-security:
      - max-age=31536000; includeSubDomains
      transfer-encoding:
      - chunked
      vary:
      - Accept-Encoding
      x-content-type-options:
      - nosniff
      x-ms-ratelimit-remaining-subscription-resource-requests:
      - '11999'
    status:
      code: 200
      message: OK
- request:
    body: '{"kind": "functionapp", "location": "japanwest", "properties": {"reserved":
      false, "isXenon": false, "hyperV": false, "siteConfig": {"netFrameworkVersion":
      "v4.6", "appSettings": [{"name": "FUNCTIONS_WORKER_RUNTIME", "value": "dotnet"},
      {"name": "FUNCTIONS_EXTENSION_VERSION", "value": "~3"}, {"name": "AzureWebJobsStorage",
      "value": "DefaultEndpointsProtocol=https;EndpointSuffix=core.windows.net;AccountName=clitest000002;AccountKey=veryFakedStorageAccountKey=="},
      {"name": "WEBSITE_CONTENTAZUREFILECONNECTIONSTRING", "value": "DefaultEndpointsProtocol=https;EndpointSuffix=core.windows.net;AccountName=clitest000002;AccountKey=veryFakedStorageAccountKey=="},
      {"name": "WEBSITE_CONTENTSHARE", "value": "cli-funcapp-nwr000003ea974ac69ed5"}],
      "use32BitWorkerProcess": true, "localMySqlEnabled": false, "http20Enabled":
      true}, "scmSiteAlsoStopped": false}}'
    headers:
      Accept:
      - application/json
      Accept-Encoding:
      - gzip, deflate
      CommandName:
      - functionapp create
      Connection:
      - keep-alive
      Content-Length:
      - '1000'
      Content-Type:
      - application/json
      ParameterSetName:
      - -g -n --consumption-plan-location -s
      User-Agent:
      - AZURECLI/2.30.0 azsdk-python-azure-mgmt-web/4.0.0 Python/3.8.6 (macOS-10.15.7-x86_64-i386-64bit)
    method: PUT
    uri: https://management.azure.com/subscriptions/00000000-0000-0000-0000-000000000000/resourceGroups/clitest.rg000001/providers/Microsoft.Web/sites/cli-funcapp-nwr000003?api-version=2020-09-01
  response:
    body:
      string: '{"id":"/subscriptions/00000000-0000-0000-0000-000000000000/resourceGroups/clitest.rg000001/providers/Microsoft.Web/sites/cli-funcapp-nwr000003","name":"cli-funcapp-nwr000003","type":"Microsoft.Web/sites","kind":"functionapp","location":"japanwest","properties":{"name":"cli-funcapp-nwr000003","state":"Running","hostNames":["cli-funcapp-nwr000003.azurewebsites.net"],"webSpace":"clitest.rg000001-JapanWestwebspace","selfLink":"https://waws-prod-os1-023.api.azurewebsites.windows.net:454/subscriptions/00000000-0000-0000-0000-000000000000/webspaces/clitest.rg000001-JapanWestwebspace/sites/cli-funcapp-nwr000003","repositorySiteName":"cli-funcapp-nwr000003","owner":null,"usageState":"Normal","enabled":true,"adminEnabled":true,"enabledHostNames":["cli-funcapp-nwr000003.azurewebsites.net","cli-funcapp-nwr000003.scm.azurewebsites.net"],"siteProperties":{"metadata":null,"properties":[{"name":"LinuxFxVersion","value":""},{"name":"WindowsFxVersion","value":null}],"appSettings":null},"availabilityState":"Normal","sslCertificates":null,"csrs":[],"cers":null,"siteMode":null,"hostNameSslStates":[{"name":"cli-funcapp-nwr000003.azurewebsites.net","sslState":"Disabled","ipBasedSslResult":null,"virtualIP":null,"thumbprint":null,"toUpdate":null,"toUpdateIpBasedSsl":null,"ipBasedSslState":"NotConfigured","hostType":"Standard"},{"name":"cli-funcapp-nwr000003.scm.azurewebsites.net","sslState":"Disabled","ipBasedSslResult":null,"virtualIP":null,"thumbprint":null,"toUpdate":null,"toUpdateIpBasedSsl":null,"ipBasedSslState":"NotConfigured","hostType":"Repository"}],"computeMode":null,"serverFarm":null,"serverFarmId":"/subscriptions/00000000-0000-0000-0000-000000000000/resourceGroups/clitest.rg000001/providers/Microsoft.Web/serverfarms/JapanWestPlan","reserved":false,"isXenon":false,"hyperV":false,"lastModifiedTimeUtc":"2021-11-08T22:11:52.0866667","storageRecoveryDefaultState":"Running","contentAvailabilityState":"Normal","runtimeAvailabilityState":"Normal","siteConfig":{"numberOfWorkers":1,"defaultDocuments":null,"netFrameworkVersion":null,"phpVersion":null,"pythonVersion":null,"nodeVersion":null,"powerShellVersion":null,"linuxFxVersion":"","windowsFxVersion":null,"requestTracingEnabled":null,"remoteDebuggingEnabled":null,"remoteDebuggingVersion":null,"httpLoggingEnabled":null,"azureMonitorLogCategories":null,"acrUseManagedIdentityCreds":false,"acrUserManagedIdentityID":null,"logsDirectorySizeLimit":null,"detailedErrorLoggingEnabled":null,"publishingUsername":null,"publishingPassword":null,"appSettings":null,"metadata":null,"connectionStrings":null,"machineKey":null,"handlerMappings":null,"documentRoot":null,"scmType":null,"use32BitWorkerProcess":null,"webSocketsEnabled":null,"alwaysOn":false,"javaVersion":null,"javaContainer":null,"javaContainerVersion":null,"appCommandLine":null,"managedPipelineMode":null,"virtualApplications":null,"winAuthAdminState":null,"winAuthTenantState":null,"customAppPoolIdentityAdminState":null,"customAppPoolIdentityTenantState":null,"runtimeADUser":null,"runtimeADUserPassword":null,"loadBalancing":null,"routingRules":null,"experiments":null,"limits":null,"autoHealEnabled":null,"autoHealRules":null,"tracingOptions":null,"vnetName":null,"vnetRouteAllEnabled":null,"vnetPrivatePortsCount":null,"publicNetworkAccess":null,"cors":null,"push":null,"apiDefinition":null,"apiManagementConfig":null,"autoSwapSlotName":null,"localMySqlEnabled":null,"managedServiceIdentityId":null,"xManagedServiceIdentityId":null,"keyVaultReferenceIdentity":null,"ipSecurityRestrictions":[{"ipAddress":"Any","action":"Allow","priority":1,"name":"Allow
        all","description":"Allow all access"}],"scmIpSecurityRestrictions":[{"ipAddress":"Any","action":"Allow","priority":1,"name":"Allow
        all","description":"Allow all access"}],"scmIpSecurityRestrictionsUseMain":null,"http20Enabled":false,"minTlsVersion":null,"scmMinTlsVersion":null,"ftpsState":null,"preWarmedInstanceCount":null,"functionAppScaleLimit":0,"healthCheckPath":null,"fileChangeAuditEnabled":null,"functionsRuntimeScaleMonitoringEnabled":null,"websiteTimeZone":null,"minimumElasticInstanceCount":0,"azureStorageAccounts":null,"sitePort":null},"deploymentId":"cli-funcapp-nwr000003","slotName":null,"trafficManagerHostNames":null,"sku":"Dynamic","scmSiteAlsoStopped":false,"targetSwapSlot":null,"hostingEnvironment":null,"hostingEnvironmentProfile":null,"clientAffinityEnabled":false,"clientCertEnabled":false,"clientCertMode":"Required","clientCertExclusionPaths":null,"hostNamesDisabled":false,"domainVerificationIdentifiers":null,"customDomainVerificationId":"333646C25EDA7C903C86F0F0D0193C412978B2E48FA0B4F1461D339FBBAE3EB7","kind":"functionapp","inboundIpAddress":"40.80.58.224","possibleInboundIpAddresses":"40.80.58.224","ftpUsername":"cli-funcapp-nwr000003\\$cli-funcapp-nwr000003","ftpsHostName":"ftps://waws-prod-os1-023.ftp.azurewebsites.windows.net/site/wwwroot","outboundIpAddresses":"40.74.110.27,40.74.111.175,40.74.111.213,52.147.88.27,52.147.88.28,52.147.88.29,40.80.58.224","possibleOutboundIpAddresses":"40.74.110.27,40.74.111.175,40.74.111.213,52.147.88.27,52.147.88.28,52.147.88.29,40.74.105.181,40.74.106.29,40.74.108.35,40.74.108.183,40.74.109.15,40.74.109.184,52.147.88.30,52.147.88.31,52.147.88.32,40.81.180.95,40.81.183.223,40.81.183.255,40.80.58.224","containerSize":1536,"dailyMemoryTimeQuota":0,"suspendedTill":null,"siteDisabledReason":0,"functionExecutionUnitsCache":null,"maxNumberOfWorkers":null,"homeStamp":"waws-prod-os1-023","cloningInfo":null,"hostingEnvironmentId":null,"tags":null,"resourceGroup":"clitest.rg000001","defaultHostName":"cli-funcapp-nwr000003.azurewebsites.net","slotSwapStatus":null,"httpsOnly":false,"redundancyMode":"None","inProgressOperationId":null,"geoDistributions":null,"privateEndpointConnections":null,"buildVersion":null,"targetBuildVersion":null,"migrationState":null,"eligibleLogCategories":"FunctionAppLogs","storageAccountRequired":false,"virtualNetworkSubnetId":null,"keyVaultReferenceIdentity":"SystemAssigned"}}'
    headers:
      cache-control:
      - no-cache
      content-length:
      - '5973'
      content-type:
      - application/json
      date:
      - Mon, 08 Nov 2021 22:12:15 GMT
      etag:
      - '"1D7D4EDA28E6E60"'
      expires:
      - '-1'
      pragma:
      - no-cache
      server:
      - Microsoft-IIS/10.0
      strict-transport-security:
      - max-age=31536000; includeSubDomains
      transfer-encoding:
      - chunked
      vary:
      - Accept-Encoding
      x-aspnet-version:
      - 4.0.30319
      x-content-type-options:
      - nosniff
      x-ms-ratelimit-remaining-subscription-resource-requests:
      - '499'
      x-powered-by:
      - ASP.NET
    status:
      code: 200
      message: OK
- request:
    body: '{"location": "japanwest", "kind": "web", "properties": {"Application_Type":
      "web"}}'
    headers:
      Accept:
      - application/json
      Accept-Encoding:
      - gzip, deflate
      CommandName:
      - functionapp create
      Connection:
      - keep-alive
      Content-Length:
      - '83'
      Content-Type:
      - application/json
      ParameterSetName:
      - -g -n --consumption-plan-location -s
      User-Agent:
      - AZURECLI/2.30.0 azsdk-python-azure-mgmt-applicationinsights/1.0.0 Python/3.8.6
        (macOS-10.15.7-x86_64-i386-64bit)
    method: PUT
    uri: https://management.azure.com/subscriptions/00000000-0000-0000-0000-000000000000/resourceGroups/clitest.rg000001/providers/Microsoft.Insights/components/cli-funcapp-nwr000003?api-version=2015-05-01
  response:
    body:
      string: '{"id":"/subscriptions/00000000-0000-0000-0000-000000000000/resourceGroups/clitest.rg000001/providers/microsoft.insights/components/cli-funcapp-nwr000003","name":"cli-funcapp-nwr000003","type":"microsoft.insights/components","location":"japanwest","tags":{},"kind":"web","etag":"\"2802d6ca-0000-2400-0000-6189a0c90000\"","properties":{"Ver":"v2","ApplicationId":"cli-funcapp-nwr000003","AppId":"1b1132f3-bdd9-4113-bea4-2faadd05d3e2","Application_Type":"web","Flow_Type":null,"Request_Source":null,"InstrumentationKey":"8044a64f-17bc-4959-8fab-dcc5416e2f1d","ConnectionString":"InstrumentationKey=8044a64f-17bc-4959-8fab-dcc5416e2f1d;IngestionEndpoint=https://japanwest-0.in.applicationinsights.azure.com/","Name":"cli-funcapp-nwr000003","CreationDate":"2021-11-08T22:12:23.6571319+00:00","TenantId":"2edc29f4-b81f-494b-a624-cc619903b837","provisioningState":"Succeeded","SamplingPercentage":null,"RetentionInDays":90,"IngestionMode":"ApplicationInsights","publicNetworkAccessForIngestion":"Enabled","publicNetworkAccessForQuery":"Enabled"}}'
    headers:
      access-control-expose-headers:
      - Request-Context
      cache-control:
      - no-cache
      content-length:
      - '1039'
      content-type:
      - application/json; charset=utf-8
      date:
      - Mon, 08 Nov 2021 22:12:29 GMT
      expires:
      - '-1'
      pragma:
      - no-cache
      request-context:
      - appId=cid-v1:920e14b1-13f3-461a-a4bb-b4fe6f1a4525
      server:
      - Microsoft-IIS/10.0
      strict-transport-security:
      - max-age=31536000; includeSubDomains
      transfer-encoding:
      - chunked
      vary:
      - Accept-Encoding
      x-content-type-options:
      - nosniff
      x-ms-ratelimit-remaining-subscription-writes:
      - '1199'
      x-powered-by:
      - ASP.NET
    status:
      code: 200
      message: OK
- request:
    body: null
    headers:
      Accept:
      - application/json
      Accept-Encoding:
      - gzip, deflate
      CommandName:
      - functionapp create
      Connection:
      - keep-alive
      Content-Length:
      - '0'
      ParameterSetName:
      - -g -n --consumption-plan-location -s
      User-Agent:
      - AZURECLI/2.30.0 azsdk-python-azure-mgmt-web/4.0.0 Python/3.8.6 (macOS-10.15.7-x86_64-i386-64bit)
    method: POST
    uri: https://management.azure.com/subscriptions/00000000-0000-0000-0000-000000000000/resourceGroups/clitest.rg000001/providers/Microsoft.Web/sites/cli-funcapp-nwr000003/config/appsettings/list?api-version=2020-09-01
  response:
    body:
      string: '{"id":"/subscriptions/00000000-0000-0000-0000-000000000000/resourceGroups/clitest.rg000001/providers/Microsoft.Web/sites/cli-funcapp-nwr000003/config/appsettings","name":"appsettings","type":"Microsoft.Web/sites/config","location":"Japan
        West","properties":{"FUNCTIONS_WORKER_RUNTIME":"dotnet","FUNCTIONS_EXTENSION_VERSION":"~3","AzureWebJobsStorage":"DefaultEndpointsProtocol=https;EndpointSuffix=core.windows.net;AccountName=clitest000002;AccountKey=veryFakedStorageAccountKey==","WEBSITE_CONTENTAZUREFILECONNECTIONSTRING":"DefaultEndpointsProtocol=https;EndpointSuffix=core.windows.net;AccountName=clitest000002;AccountKey=veryFakedStorageAccountKey==","WEBSITE_CONTENTSHARE":"cli-funcapp-nwr000003ea974ac69ed5"}}'
    headers:
      cache-control:
      - no-cache
      content-length:
      - '716'
      content-type:
      - application/json
      date:
      - Mon, 08 Nov 2021 22:12:31 GMT
      expires:
      - '-1'
      pragma:
      - no-cache
      server:
      - Microsoft-IIS/10.0
      strict-transport-security:
      - max-age=31536000; includeSubDomains
      transfer-encoding:
      - chunked
      vary:
      - Accept-Encoding
      x-aspnet-version:
      - 4.0.30319
      x-content-type-options:
      - nosniff
      x-ms-ratelimit-remaining-subscription-resource-requests:
      - '11999'
      x-powered-by:
      - ASP.NET
    status:
      code: 200
      message: OK
- request:
    body: '{"properties": {"FUNCTIONS_WORKER_RUNTIME": "dotnet", "FUNCTIONS_EXTENSION_VERSION":
      "~3", "AzureWebJobsStorage": "DefaultEndpointsProtocol=https;EndpointSuffix=core.windows.net;AccountName=clitest000002;AccountKey=veryFakedStorageAccountKey==",
      "WEBSITE_CONTENTAZUREFILECONNECTIONSTRING": "DefaultEndpointsProtocol=https;EndpointSuffix=core.windows.net;AccountName=clitest000002;AccountKey=veryFakedStorageAccountKey==",
      "WEBSITE_CONTENTSHARE": "cli-funcapp-nwr000003ea974ac69ed5", "APPINSIGHTS_INSTRUMENTATIONKEY":
      "8044a64f-17bc-4959-8fab-dcc5416e2f1d"}}'
    headers:
      Accept:
      - application/json
      Accept-Encoding:
      - gzip, deflate
      CommandName:
      - functionapp create
      Connection:
      - keep-alive
      Content-Length:
      - '702'
      Content-Type:
      - application/json
      ParameterSetName:
      - -g -n --consumption-plan-location -s
      User-Agent:
      - AZURECLI/2.30.0 azsdk-python-azure-mgmt-web/4.0.0 Python/3.8.6 (macOS-10.15.7-x86_64-i386-64bit)
    method: PUT
    uri: https://management.azure.com/subscriptions/00000000-0000-0000-0000-000000000000/resourceGroups/clitest.rg000001/providers/Microsoft.Web/sites/cli-funcapp-nwr000003/config/appsettings?api-version=2020-09-01
  response:
    body:
      string: '{"id":"/subscriptions/00000000-0000-0000-0000-000000000000/resourceGroups/clitest.rg000001/providers/Microsoft.Web/sites/cli-funcapp-nwr000003/config/appsettings","name":"appsettings","type":"Microsoft.Web/sites/config","location":"Japan
        West","properties":{"FUNCTIONS_WORKER_RUNTIME":"dotnet","FUNCTIONS_EXTENSION_VERSION":"~3","AzureWebJobsStorage":"DefaultEndpointsProtocol=https;EndpointSuffix=core.windows.net;AccountName=clitest000002;AccountKey=veryFakedStorageAccountKey==","WEBSITE_CONTENTAZUREFILECONNECTIONSTRING":"DefaultEndpointsProtocol=https;EndpointSuffix=core.windows.net;AccountName=clitest000002;AccountKey=veryFakedStorageAccountKey==","WEBSITE_CONTENTSHARE":"cli-funcapp-nwr000003ea974ac69ed5","APPINSIGHTS_INSTRUMENTATIONKEY":"8044a64f-17bc-4959-8fab-dcc5416e2f1d"}}'
    headers:
      cache-control:
      - no-cache
      content-length:
      - '788'
      content-type:
      - application/json
      date:
      - Mon, 08 Nov 2021 22:12:37 GMT
      etag:
      - '"1D7D4EDBAFA7735"'
      expires:
      - '-1'
      pragma:
      - no-cache
      server:
      - Microsoft-IIS/10.0
      strict-transport-security:
      - max-age=31536000; includeSubDomains
      transfer-encoding:
      - chunked
      vary:
      - Accept-Encoding
      x-aspnet-version:
      - 4.0.30319
      x-content-type-options:
      - nosniff
      x-ms-ratelimit-remaining-subscription-writes:
      - '1199'
      x-powered-by:
      - ASP.NET
    status:
      code: 200
      message: OK
- request:
    body: null
    headers:
      Accept:
      - application/json
      Accept-Encoding:
      - gzip, deflate
      CommandName:
      - functionapp config access-restriction set
      Connection:
      - keep-alive
      ParameterSetName:
      - -g -n --use-same-restrictions-for-scm-site
      User-Agent:
      - AZURECLI/2.30.0 azsdk-python-azure-mgmt-web/4.0.0 Python/3.8.6 (macOS-10.15.7-x86_64-i386-64bit)
    method: GET
    uri: https://management.azure.com/subscriptions/00000000-0000-0000-0000-000000000000/resourceGroups/clitest.rg000001/providers/Microsoft.Web/sites/cli-funcapp-nwr000003/config/web?api-version=2020-09-01
  response:
    body:
      string: '{"id":"/subscriptions/00000000-0000-0000-0000-000000000000/resourceGroups/clitest.rg000001/providers/Microsoft.Web/sites/cli-funcapp-nwr000003/config/web","name":"cli-funcapp-nwr000003","type":"Microsoft.Web/sites/config","location":"Japan
        West","properties":{"numberOfWorkers":1,"defaultDocuments":["Default.htm","Default.html","Default.asp","index.htm","index.html","iisstart.htm","default.aspx","index.php"],"netFrameworkVersion":"v4.0","phpVersion":"5.6","pythonVersion":"","nodeVersion":"","powerShellVersion":"","linuxFxVersion":"","windowsFxVersion":null,"requestTracingEnabled":false,"remoteDebuggingEnabled":false,"remoteDebuggingVersion":null,"httpLoggingEnabled":false,"azureMonitorLogCategories":null,"acrUseManagedIdentityCreds":false,"acrUserManagedIdentityID":null,"logsDirectorySizeLimit":35,"detailedErrorLoggingEnabled":false,"publishingUsername":"$cli-funcapp-nwr000003","publishingPassword":null,"appSettings":null,"metadata":null,"connectionStrings":null,"machineKey":null,"handlerMappings":null,"documentRoot":null,"scmType":"None","use32BitWorkerProcess":true,"webSocketsEnabled":false,"alwaysOn":false,"javaVersion":null,"javaContainer":null,"javaContainerVersion":null,"appCommandLine":"","managedPipelineMode":"Integrated","virtualApplications":[{"virtualPath":"/","physicalPath":"site\\wwwroot","preloadEnabled":false,"virtualDirectories":null}],"winAuthAdminState":0,"winAuthTenantState":0,"customAppPoolIdentityAdminState":false,"customAppPoolIdentityTenantState":false,"runtimeADUser":null,"runtimeADUserPassword":null,"loadBalancing":"LeastRequests","routingRules":[],"experiments":{"rampUpRules":[]},"limits":null,"autoHealEnabled":false,"autoHealRules":null,"tracingOptions":null,"vnetName":"","vnetRouteAllEnabled":false,"vnetPrivatePortsCount":0,"publicNetworkAccess":null,"siteAuthEnabled":false,"siteAuthSettings":{"enabled":null,"unauthenticatedClientAction":null,"tokenStoreEnabled":null,"allowedExternalRedirectUrls":null,"defaultProvider":null,"clientId":null,"clientSecret":null,"clientSecretSettingName":null,"clientSecretCertificateThumbprint":null,"issuer":null,"allowedAudiences":null,"additionalLoginParams":null,"isAadAutoProvisioned":false,"aadClaimsAuthorization":null,"googleClientId":null,"googleClientSecret":null,"googleClientSecretSettingName":null,"googleOAuthScopes":null,"facebookAppId":null,"facebookAppSecret":null,"facebookAppSecretSettingName":null,"facebookOAuthScopes":null,"gitHubClientId":null,"gitHubClientSecret":null,"gitHubClientSecretSettingName":null,"gitHubOAuthScopes":null,"twitterConsumerKey":null,"twitterConsumerSecret":null,"twitterConsumerSecretSettingName":null,"microsoftAccountClientId":null,"microsoftAccountClientSecret":null,"microsoftAccountClientSecretSettingName":null,"microsoftAccountOAuthScopes":null,"configVersion":null},"cors":null,"push":null,"apiDefinition":null,"apiManagementConfig":null,"autoSwapSlotName":null,"localMySqlEnabled":false,"managedServiceIdentityId":null,"xManagedServiceIdentityId":null,"keyVaultReferenceIdentity":null,"ipSecurityRestrictions":[{"ipAddress":"Any","action":"Allow","priority":1,"name":"Allow
        all","description":"Allow all access"}],"scmIpSecurityRestrictions":[{"ipAddress":"Any","action":"Allow","priority":1,"name":"Allow
        all","description":"Allow all access"}],"scmIpSecurityRestrictionsUseMain":false,"http20Enabled":true,"minTlsVersion":"1.2","scmMinTlsVersion":"1.0","ftpsState":"AllAllowed","preWarmedInstanceCount":0,"functionAppScaleLimit":200,"healthCheckPath":null,"fileChangeAuditEnabled":false,"functionsRuntimeScaleMonitoringEnabled":false,"websiteTimeZone":null,"minimumElasticInstanceCount":0,"azureStorageAccounts":{},"sitePort":null}}'
    headers:
      cache-control:
      - no-cache
      content-length:
      - '3684'
      content-type:
      - application/json
      date:
      - Mon, 08 Nov 2021 22:12:39 GMT
      expires:
      - '-1'
      pragma:
      - no-cache
      server:
      - Microsoft-IIS/10.0
      strict-transport-security:
      - max-age=31536000; includeSubDomains
      transfer-encoding:
      - chunked
      vary:
      - Accept-Encoding
      x-aspnet-version:
      - 4.0.30319
      x-content-type-options:
      - nosniff
      x-powered-by:
      - ASP.NET
    status:
      code: 200
      message: OK
- request:
    body: '{"properties": {"numberOfWorkers": 1, "defaultDocuments": ["Default.htm",
      "Default.html", "Default.asp", "index.htm", "index.html", "iisstart.htm", "default.aspx",
      "index.php"], "netFrameworkVersion": "v4.0", "phpVersion": "5.6", "pythonVersion":
      "", "nodeVersion": "", "powerShellVersion": "", "linuxFxVersion": "", "requestTracingEnabled":
      false, "remoteDebuggingEnabled": false, "httpLoggingEnabled": false, "acrUseManagedIdentityCreds":
      false, "logsDirectorySizeLimit": 35, "detailedErrorLoggingEnabled": false, "publishingUsername":
      "$cli-funcapp-nwr000003", "scmType": "None", "use32BitWorkerProcess": true,
      "webSocketsEnabled": false, "alwaysOn": false, "appCommandLine": "", "managedPipelineMode":
      "Integrated", "virtualApplications": [{"virtualPath": "/", "physicalPath": "site\\wwwroot",
      "preloadEnabled": false}], "loadBalancing": "LeastRequests", "experiments":
      {"rampUpRules": []}, "autoHealEnabled": false, "vnetName": "", "vnetRouteAllEnabled":
      false, "vnetPrivatePortsCount": 0, "localMySqlEnabled": false, "ipSecurityRestrictions":
      [{"ipAddress": "Any", "action": "Allow", "priority": 1, "name": "Allow all",
      "description": "Allow all access"}], "scmIpSecurityRestrictions": [{"ipAddress":
      "Any", "action": "Allow", "priority": 1, "name": "Allow all", "description":
      "Allow all access"}], "scmIpSecurityRestrictionsUseMain": true, "http20Enabled":
      true, "minTlsVersion": "1.2", "scmMinTlsVersion": "1.0", "ftpsState": "AllAllowed",
      "preWarmedInstanceCount": 0}}'
    headers:
      Accept:
      - application/json
      Accept-Encoding:
      - gzip, deflate
      CommandName:
      - functionapp config access-restriction set
      Connection:
      - keep-alive
      Content-Length:
      - '1481'
      Content-Type:
      - application/json
      ParameterSetName:
      - -g -n --use-same-restrictions-for-scm-site
      User-Agent:
      - AZURECLI/2.30.0 azsdk-python-azure-mgmt-web/4.0.0 Python/3.8.6 (macOS-10.15.7-x86_64-i386-64bit)
    method: PATCH
    uri: https://management.azure.com/subscriptions/00000000-0000-0000-0000-000000000000/resourceGroups/clitest.rg000001/providers/Microsoft.Web/sites/cli-funcapp-nwr000003/config/web?api-version=2020-09-01
  response:
    body:
      string: '{"id":"/subscriptions/00000000-0000-0000-0000-000000000000/resourceGroups/clitest.rg000001/providers/Microsoft.Web/sites/cli-funcapp-nwr000003","name":"cli-funcapp-nwr000003","type":"Microsoft.Web/sites","location":"Japan
        West","properties":{"numberOfWorkers":1,"defaultDocuments":["Default.htm","Default.html","Default.asp","index.htm","index.html","iisstart.htm","default.aspx","index.php"],"netFrameworkVersion":"v4.0","phpVersion":"5.6","pythonVersion":"","nodeVersion":"","powerShellVersion":"","linuxFxVersion":"","windowsFxVersion":null,"requestTracingEnabled":false,"remoteDebuggingEnabled":false,"remoteDebuggingVersion":"VS2019","httpLoggingEnabled":false,"azureMonitorLogCategories":null,"acrUseManagedIdentityCreds":false,"acrUserManagedIdentityID":null,"logsDirectorySizeLimit":35,"detailedErrorLoggingEnabled":false,"publishingUsername":"$cli-funcapp-nwr000003","publishingPassword":null,"appSettings":null,"metadata":null,"connectionStrings":null,"machineKey":null,"handlerMappings":null,"documentRoot":null,"scmType":"None","use32BitWorkerProcess":true,"webSocketsEnabled":false,"alwaysOn":false,"javaVersion":null,"javaContainer":null,"javaContainerVersion":null,"appCommandLine":"","managedPipelineMode":"Integrated","virtualApplications":[{"virtualPath":"/","physicalPath":"site\\wwwroot","preloadEnabled":false,"virtualDirectories":null}],"winAuthAdminState":0,"winAuthTenantState":0,"customAppPoolIdentityAdminState":false,"customAppPoolIdentityTenantState":false,"runtimeADUser":null,"runtimeADUserPassword":null,"loadBalancing":"LeastRequests","routingRules":[],"experiments":{"rampUpRules":[]},"limits":null,"autoHealEnabled":false,"autoHealRules":null,"tracingOptions":null,"vnetName":"","vnetRouteAllEnabled":false,"vnetPrivatePortsCount":0,"publicNetworkAccess":null,"siteAuthEnabled":false,"siteAuthSettings":{"enabled":null,"unauthenticatedClientAction":null,"tokenStoreEnabled":null,"allowedExternalRedirectUrls":null,"defaultProvider":null,"clientId":null,"clientSecret":null,"clientSecretSettingName":null,"clientSecretCertificateThumbprint":null,"issuer":null,"allowedAudiences":null,"additionalLoginParams":null,"isAadAutoProvisioned":false,"aadClaimsAuthorization":null,"googleClientId":null,"googleClientSecret":null,"googleClientSecretSettingName":null,"googleOAuthScopes":null,"facebookAppId":null,"facebookAppSecret":null,"facebookAppSecretSettingName":null,"facebookOAuthScopes":null,"gitHubClientId":null,"gitHubClientSecret":null,"gitHubClientSecretSettingName":null,"gitHubOAuthScopes":null,"twitterConsumerKey":null,"twitterConsumerSecret":null,"twitterConsumerSecretSettingName":null,"microsoftAccountClientId":null,"microsoftAccountClientSecret":null,"microsoftAccountClientSecretSettingName":null,"microsoftAccountOAuthScopes":null,"configVersion":null},"cors":null,"push":null,"apiDefinition":null,"apiManagementConfig":null,"autoSwapSlotName":null,"localMySqlEnabled":false,"managedServiceIdentityId":null,"xManagedServiceIdentityId":null,"keyVaultReferenceIdentity":null,"ipSecurityRestrictions":[{"ipAddress":"Any","action":"Allow","priority":1,"name":"Allow
        all","description":"Allow all access"}],"scmIpSecurityRestrictions":[{"ipAddress":"Any","action":"Allow","priority":1,"name":"Allow
        all","description":"Allow all access"}],"scmIpSecurityRestrictionsUseMain":true,"http20Enabled":true,"minTlsVersion":"1.2","scmMinTlsVersion":"1.0","ftpsState":"AllAllowed","preWarmedInstanceCount":0,"functionAppScaleLimit":200,"healthCheckPath":null,"fileChangeAuditEnabled":false,"functionsRuntimeScaleMonitoringEnabled":false,"websiteTimeZone":null,"minimumElasticInstanceCount":0,"azureStorageAccounts":{},"sitePort":null}}'
    headers:
      cache-control:
      - no-cache
      content-length:
      - '3669'
      content-type:
      - application/json
      date:
      - Mon, 08 Nov 2021 22:12:45 GMT
      etag:
      - '"1D7D4EDBAFA7735"'
      expires:
      - '-1'
      pragma:
      - no-cache
      server:
      - Microsoft-IIS/10.0
      strict-transport-security:
      - max-age=31536000; includeSubDomains
      transfer-encoding:
      - chunked
      vary:
      - Accept-Encoding
      x-aspnet-version:
      - 4.0.30319
      x-content-type-options:
      - nosniff
      x-ms-ratelimit-remaining-subscription-writes:
      - '1199'
      x-powered-by:
      - ASP.NET
    status:
      code: 200
      message: OK
- request:
    body: null
    headers:
      Accept:
      - application/json
      Accept-Encoding:
      - gzip, deflate
      CommandName:
      - functionapp config access-restriction set
      Connection:
      - keep-alive
      ParameterSetName:
      - -g -n --use-same-restrictions-for-scm-site
      User-Agent:
      - AZURECLI/2.30.0 azsdk-python-azure-mgmt-web/4.0.0 Python/3.8.6 (macOS-10.15.7-x86_64-i386-64bit)
    method: GET
    uri: https://management.azure.com/subscriptions/00000000-0000-0000-0000-000000000000/resourceGroups/clitest.rg000001/providers/Microsoft.Web/sites/cli-funcapp-nwr000003/config/web?api-version=2020-09-01
  response:
    body:
      string: '{"id":"/subscriptions/00000000-0000-0000-0000-000000000000/resourceGroups/clitest.rg000001/providers/Microsoft.Web/sites/cli-funcapp-nwr000003/config/web","name":"cli-funcapp-nwr000003","type":"Microsoft.Web/sites/config","location":"Japan
        West","properties":{"numberOfWorkers":1,"defaultDocuments":["Default.htm","Default.html","Default.asp","index.htm","index.html","iisstart.htm","default.aspx","index.php"],"netFrameworkVersion":"v4.0","phpVersion":"5.6","pythonVersion":"","nodeVersion":"","powerShellVersion":"","linuxFxVersion":"","windowsFxVersion":null,"requestTracingEnabled":false,"remoteDebuggingEnabled":false,"remoteDebuggingVersion":"VS2019","httpLoggingEnabled":false,"azureMonitorLogCategories":null,"acrUseManagedIdentityCreds":false,"acrUserManagedIdentityID":null,"logsDirectorySizeLimit":35,"detailedErrorLoggingEnabled":false,"publishingUsername":"$cli-funcapp-nwr000003","publishingPassword":null,"appSettings":null,"metadata":null,"connectionStrings":null,"machineKey":null,"handlerMappings":null,"documentRoot":null,"scmType":"None","use32BitWorkerProcess":true,"webSocketsEnabled":false,"alwaysOn":false,"javaVersion":null,"javaContainer":null,"javaContainerVersion":null,"appCommandLine":"","managedPipelineMode":"Integrated","virtualApplications":[{"virtualPath":"/","physicalPath":"site\\wwwroot","preloadEnabled":false,"virtualDirectories":null}],"winAuthAdminState":0,"winAuthTenantState":0,"customAppPoolIdentityAdminState":false,"customAppPoolIdentityTenantState":false,"runtimeADUser":null,"runtimeADUserPassword":null,"loadBalancing":"LeastRequests","routingRules":[],"experiments":{"rampUpRules":[]},"limits":null,"autoHealEnabled":false,"autoHealRules":null,"tracingOptions":null,"vnetName":"","vnetRouteAllEnabled":false,"vnetPrivatePortsCount":0,"publicNetworkAccess":null,"siteAuthEnabled":false,"siteAuthSettings":{"enabled":null,"unauthenticatedClientAction":null,"tokenStoreEnabled":null,"allowedExternalRedirectUrls":null,"defaultProvider":null,"clientId":null,"clientSecret":null,"clientSecretSettingName":null,"clientSecretCertificateThumbprint":null,"issuer":null,"allowedAudiences":null,"additionalLoginParams":null,"isAadAutoProvisioned":false,"aadClaimsAuthorization":null,"googleClientId":null,"googleClientSecret":null,"googleClientSecretSettingName":null,"googleOAuthScopes":null,"facebookAppId":null,"facebookAppSecret":null,"facebookAppSecretSettingName":null,"facebookOAuthScopes":null,"gitHubClientId":null,"gitHubClientSecret":null,"gitHubClientSecretSettingName":null,"gitHubOAuthScopes":null,"twitterConsumerKey":null,"twitterConsumerSecret":null,"twitterConsumerSecretSettingName":null,"microsoftAccountClientId":null,"microsoftAccountClientSecret":null,"microsoftAccountClientSecretSettingName":null,"microsoftAccountOAuthScopes":null,"configVersion":null},"cors":null,"push":null,"apiDefinition":null,"apiManagementConfig":null,"autoSwapSlotName":null,"localMySqlEnabled":false,"managedServiceIdentityId":null,"xManagedServiceIdentityId":null,"keyVaultReferenceIdentity":null,"ipSecurityRestrictions":[{"ipAddress":"Any","action":"Allow","priority":1,"name":"Allow
        all","description":"Allow all access"}],"scmIpSecurityRestrictions":[{"ipAddress":"Any","action":"Allow","priority":1,"name":"Allow
        all","description":"Allow all access"}],"scmIpSecurityRestrictionsUseMain":true,"http20Enabled":true,"minTlsVersion":"1.2","scmMinTlsVersion":"1.0","ftpsState":"AllAllowed","preWarmedInstanceCount":0,"functionAppScaleLimit":200,"healthCheckPath":null,"fileChangeAuditEnabled":false,"functionsRuntimeScaleMonitoringEnabled":false,"websiteTimeZone":null,"minimumElasticInstanceCount":0,"azureStorageAccounts":{},"sitePort":null}}'
    headers:
      cache-control:
      - no-cache
      content-length:
      - '3687'
      content-type:
      - application/json
      date:
      - Mon, 08 Nov 2021 22:12:47 GMT
      expires:
      - '-1'
      pragma:
      - no-cache
      server:
      - Microsoft-IIS/10.0
      strict-transport-security:
      - max-age=31536000; includeSubDomains
      transfer-encoding:
      - chunked
      vary:
      - Accept-Encoding
      x-aspnet-version:
      - 4.0.30319
      x-content-type-options:
      - nosniff
      x-powered-by:
      - ASP.NET
    status:
      code: 200
      message: OK
- request:
    body: '{"properties": {"numberOfWorkers": 1, "defaultDocuments": ["Default.htm",
      "Default.html", "Default.asp", "index.htm", "index.html", "iisstart.htm", "default.aspx",
      "index.php"], "netFrameworkVersion": "v4.0", "phpVersion": "5.6", "pythonVersion":
      "", "nodeVersion": "", "powerShellVersion": "", "linuxFxVersion": "", "requestTracingEnabled":
      false, "remoteDebuggingEnabled": false, "remoteDebuggingVersion": "VS2019",
      "httpLoggingEnabled": false, "acrUseManagedIdentityCreds": false, "logsDirectorySizeLimit":
      35, "detailedErrorLoggingEnabled": false, "publishingUsername": "$cli-funcapp-nwr000003",
      "scmType": "None", "use32BitWorkerProcess": true, "webSocketsEnabled": false,
      "alwaysOn": false, "appCommandLine": "", "managedPipelineMode": "Integrated",
      "virtualApplications": [{"virtualPath": "/", "physicalPath": "site\\wwwroot",
      "preloadEnabled": false}], "loadBalancing": "LeastRequests", "experiments":
      {"rampUpRules": []}, "autoHealEnabled": false, "vnetName": "", "vnetRouteAllEnabled":
      false, "vnetPrivatePortsCount": 0, "localMySqlEnabled": false, "ipSecurityRestrictions":
      [{"ipAddress": "Any", "action": "Allow", "priority": 1, "name": "Allow all",
      "description": "Allow all access"}], "scmIpSecurityRestrictions": [{"ipAddress":
      "Any", "action": "Allow", "priority": 1, "name": "Allow all", "description":
      "Allow all access"}], "scmIpSecurityRestrictionsUseMain": false, "http20Enabled":
      true, "minTlsVersion": "1.2", "scmMinTlsVersion": "1.0", "ftpsState": "AllAllowed",
      "preWarmedInstanceCount": 0}}'
    headers:
      Accept:
      - application/json
      Accept-Encoding:
      - gzip, deflate
      CommandName:
      - functionapp config access-restriction set
      Connection:
      - keep-alive
      Content-Length:
      - '1518'
      Content-Type:
      - application/json
      ParameterSetName:
      - -g -n --use-same-restrictions-for-scm-site
      User-Agent:
      - AZURECLI/2.30.0 azsdk-python-azure-mgmt-web/4.0.0 Python/3.8.6 (macOS-10.15.7-x86_64-i386-64bit)
    method: PATCH
    uri: https://management.azure.com/subscriptions/00000000-0000-0000-0000-000000000000/resourceGroups/clitest.rg000001/providers/Microsoft.Web/sites/cli-funcapp-nwr000003/config/web?api-version=2020-09-01
  response:
    body:
      string: '{"id":"/subscriptions/00000000-0000-0000-0000-000000000000/resourceGroups/clitest.rg000001/providers/Microsoft.Web/sites/cli-funcapp-nwr000003","name":"cli-funcapp-nwr000003","type":"Microsoft.Web/sites","location":"Japan
        West","properties":{"numberOfWorkers":1,"defaultDocuments":["Default.htm","Default.html","Default.asp","index.htm","index.html","iisstart.htm","default.aspx","index.php"],"netFrameworkVersion":"v4.0","phpVersion":"5.6","pythonVersion":"","nodeVersion":"","powerShellVersion":"","linuxFxVersion":"","windowsFxVersion":null,"requestTracingEnabled":false,"remoteDebuggingEnabled":false,"remoteDebuggingVersion":"VS2019","httpLoggingEnabled":false,"azureMonitorLogCategories":null,"acrUseManagedIdentityCreds":false,"acrUserManagedIdentityID":null,"logsDirectorySizeLimit":35,"detailedErrorLoggingEnabled":false,"publishingUsername":"$cli-funcapp-nwr000003","publishingPassword":null,"appSettings":null,"metadata":null,"connectionStrings":null,"machineKey":null,"handlerMappings":null,"documentRoot":null,"scmType":"None","use32BitWorkerProcess":true,"webSocketsEnabled":false,"alwaysOn":false,"javaVersion":null,"javaContainer":null,"javaContainerVersion":null,"appCommandLine":"","managedPipelineMode":"Integrated","virtualApplications":[{"virtualPath":"/","physicalPath":"site\\wwwroot","preloadEnabled":false,"virtualDirectories":null}],"winAuthAdminState":0,"winAuthTenantState":0,"customAppPoolIdentityAdminState":false,"customAppPoolIdentityTenantState":false,"runtimeADUser":null,"runtimeADUserPassword":null,"loadBalancing":"LeastRequests","routingRules":[],"experiments":{"rampUpRules":[]},"limits":null,"autoHealEnabled":false,"autoHealRules":null,"tracingOptions":null,"vnetName":"","vnetRouteAllEnabled":false,"vnetPrivatePortsCount":0,"publicNetworkAccess":null,"siteAuthEnabled":false,"siteAuthSettings":{"enabled":null,"unauthenticatedClientAction":null,"tokenStoreEnabled":null,"allowedExternalRedirectUrls":null,"defaultProvider":null,"clientId":null,"clientSecret":null,"clientSecretSettingName":null,"clientSecretCertificateThumbprint":null,"issuer":null,"allowedAudiences":null,"additionalLoginParams":null,"isAadAutoProvisioned":false,"aadClaimsAuthorization":null,"googleClientId":null,"googleClientSecret":null,"googleClientSecretSettingName":null,"googleOAuthScopes":null,"facebookAppId":null,"facebookAppSecret":null,"facebookAppSecretSettingName":null,"facebookOAuthScopes":null,"gitHubClientId":null,"gitHubClientSecret":null,"gitHubClientSecretSettingName":null,"gitHubOAuthScopes":null,"twitterConsumerKey":null,"twitterConsumerSecret":null,"twitterConsumerSecretSettingName":null,"microsoftAccountClientId":null,"microsoftAccountClientSecret":null,"microsoftAccountClientSecretSettingName":null,"microsoftAccountOAuthScopes":null,"configVersion":null},"cors":null,"push":null,"apiDefinition":null,"apiManagementConfig":null,"autoSwapSlotName":null,"localMySqlEnabled":false,"managedServiceIdentityId":null,"xManagedServiceIdentityId":null,"keyVaultReferenceIdentity":null,"ipSecurityRestrictions":[{"ipAddress":"Any","action":"Allow","priority":1,"name":"Allow
        all","description":"Allow all access"}],"scmIpSecurityRestrictions":[{"ipAddress":"Any","action":"Allow","priority":1,"name":"Allow
        all","description":"Allow all access"}],"scmIpSecurityRestrictionsUseMain":false,"http20Enabled":true,"minTlsVersion":"1.2","scmMinTlsVersion":"1.0","ftpsState":"AllAllowed","preWarmedInstanceCount":0,"functionAppScaleLimit":200,"healthCheckPath":null,"fileChangeAuditEnabled":false,"functionsRuntimeScaleMonitoringEnabled":false,"websiteTimeZone":null,"minimumElasticInstanceCount":0,"azureStorageAccounts":{},"sitePort":null}}'
    headers:
      cache-control:
      - no-cache
      content-length:
      - '3670'
      content-type:
      - application/json
      date:
      - Mon, 08 Nov 2021 22:12:54 GMT
      etag:
      - '"1D7D4EDC0563B15"'
      expires:
      - '-1'
      pragma:
      - no-cache
      server:
      - Microsoft-IIS/10.0
      strict-transport-security:
      - max-age=31536000; includeSubDomains
      transfer-encoding:
      - chunked
      vary:
      - Accept-Encoding
      x-aspnet-version:
      - 4.0.30319
      x-content-type-options:
      - nosniff
      x-ms-ratelimit-remaining-subscription-writes:
      - '1199'
      x-powered-by:
      - ASP.NET
    status:
      code: 200
      message: OK
version: 1
