interactions:
- request:
    body: '{"location": "australiaeast", "sku": {"name": "P1V3", "tier": "PREMIUMV3",
      "capacity": 1}, "properties": {"perSiteScaling": false, "isXenon": false, "hyperV":
      true, "zoneRedundant": false}}'
    headers:
      Accept:
      - application/json
      Accept-Encoding:
      - gzip, deflate
      CommandName:
      - appservice plan create
      Connection:
      - keep-alive
      Content-Length:
      - '189'
      Content-Type:
      - application/json
      ParameterSetName:
      - --hyper-v -n -g --sku -l
      User-Agent:
      - AZURECLI/2.34.1 azsdk-python-azure-mgmt-web/6.1.0 Python/3.8.10 (Windows-10-10.0.19044-SP0)
    method: PUT
    uri: https://management.azure.com/subscriptions/00000000-0000-0000-0000-000000000000/resourceGroups/cli_test000001/providers/Microsoft.Web/serverfarms/webapp-hyperv-plan000003?api-version=2021-03-01
  response:
    body:
      string: '{"id":"/subscriptions/00000000-0000-0000-0000-000000000000/resourceGroups/cli_test000001/providers/Microsoft.Web/serverfarms/webapp-hyperv-plan000003","name":"webapp-hyperv-plan000003","type":"Microsoft.Web/serverfarms","kind":"windows","location":"australiaeast","properties":{"serverFarmId":25875,"name":"webapp-hyperv-plan000003","sku":{"name":"P1v3","tier":"PremiumV3","size":"P1v3","family":"Pv3","capacity":1},"workerSize":"SmallV3","workerSizeId":6,"workerTierName":null,"numberOfWorkers":1,"currentWorkerSize":"SmallV3","currentWorkerSizeId":6,"currentNumberOfWorkers":1,"status":"Ready","webSpace":"cli_test000001-AustraliaEastwebspace-Xenon","subscription":"9b345226-dedc-4977-baeb-ea15d01b863d","adminSiteName":null,"hostingEnvironment":null,"hostingEnvironmentProfile":null,"maximumNumberOfWorkers":0,"planName":"VirtualDedicatedPlan","adminRuntimeSiteName":null,"computeMode":"Dedicated","siteMode":null,"geoRegion":"Australia
        East","perSiteScaling":false,"elasticScaleEnabled":false,"maximumElasticWorkerCount":1,"numberOfSites":0,"hostingEnvironmentId":null,"isSpot":false,"spotExpirationTime":null,"freeOfferExpirationTime":null,"tags":null,"kind":"windows","resourceGroup":"cli_test000001","reserved":false,"isXenon":true,"hyperV":true,"mdmId":"waws-prod-sy3-061_25875","targetWorkerCount":0,"targetWorkerSizeId":0,"provisioningState":"Succeeded","webSiteId":null,"existingServerFarmIds":null,"kubeEnvironmentProfile":null,"zoneRedundant":false},"sku":{"name":"P1v3","tier":"PremiumV3","size":"P1v3","family":"Pv3","capacity":1}}'
    headers:
      cache-control:
      - no-cache
      connection:
      - close
      content-length:
      - '1546'
      content-type:
      - application/json; charset=utf-8
      date:
      - Thu, 03 Mar 2022 19:36:06 GMT
      etag:
      - '"1D82F35EC01A815"'
      expires:
      - '-1'
      pragma:
      - no-cache
      server:
      - Microsoft-IIS/10.0
      strict-transport-security:
      - max-age=31536000; includeSubDomains
      x-aspnet-version:
      - 4.0.30319
      x-content-type-options:
      - nosniff
      x-ms-ratelimit-remaining-subscription-writes:
      - '1199'
      x-powered-by:
      - ASP.NET
    status:
      code: 200
      message: OK
- request:
    body: null
    headers:
      Accept:
      - application/json
      Accept-Encoding:
      - gzip, deflate
      CommandName:
      - webapp create
      Connection:
      - keep-alive
      ParameterSetName:
      - -n -g -p -i
      User-Agent:
      - AZURECLI/2.34.1 azsdk-python-azure-mgmt-web/6.1.0 Python/3.8.10 (Windows-10-10.0.19044-SP0)
    method: GET
    uri: https://management.azure.com/subscriptions/00000000-0000-0000-0000-000000000000/resourceGroups/cli_test000001/providers/Microsoft.Web/serverfarms/webapp-hyperv-plan000003?api-version=2021-03-01
  response:
    body:
      string: '{"id":"/subscriptions/00000000-0000-0000-0000-000000000000/resourceGroups/cli_test000001/providers/Microsoft.Web/serverfarms/webapp-hyperv-plan000003","name":"webapp-hyperv-plan000003","type":"Microsoft.Web/serverfarms","kind":"windows","location":"Australia
        East","properties":{"serverFarmId":25875,"name":"webapp-hyperv-plan000003","workerSize":"SmallV3","workerSizeId":6,"workerTierName":null,"numberOfWorkers":1,"currentWorkerSize":"SmallV3","currentWorkerSizeId":6,"currentNumberOfWorkers":1,"status":"Ready","webSpace":"cli_test000001-AustraliaEastwebspace-Xenon","subscription":"9b345226-dedc-4977-baeb-ea15d01b863d","adminSiteName":null,"hostingEnvironment":null,"hostingEnvironmentProfile":null,"maximumNumberOfWorkers":30,"planName":"VirtualDedicatedPlan","adminRuntimeSiteName":null,"computeMode":"Dedicated","siteMode":null,"geoRegion":"Australia
        East","perSiteScaling":false,"elasticScaleEnabled":false,"maximumElasticWorkerCount":1,"numberOfSites":0,"hostingEnvironmentId":null,"isSpot":false,"spotExpirationTime":null,"freeOfferExpirationTime":null,"tags":null,"kind":"windows","resourceGroup":"cli_test000001","reserved":false,"isXenon":true,"hyperV":true,"mdmId":"waws-prod-sy3-061_25875","targetWorkerCount":0,"targetWorkerSizeId":0,"provisioningState":"Succeeded","webSiteId":null,"existingServerFarmIds":null,"kubeEnvironmentProfile":null,"zoneRedundant":false},"sku":{"name":"P1v3","tier":"PremiumV3","size":"P1v3","family":"Pv3","capacity":1}}'
    headers:
      cache-control:
      - no-cache
      content-length:
      - '1465'
      content-type:
      - application/json
      date:
      - Thu, 03 Mar 2022 19:36:07 GMT
      expires:
      - '-1'
      pragma:
      - no-cache
      server:
      - Microsoft-IIS/10.0
      strict-transport-security:
      - max-age=31536000; includeSubDomains
      transfer-encoding:
      - chunked
      vary:
      - Accept-Encoding
      x-aspnet-version:
      - 4.0.30319
      x-content-type-options:
      - nosniff
      x-powered-by:
      - ASP.NET
    status:
      code: 200
      message: OK
- request:
    body: '{"name": "webapp-container-e2e000002", "type": "Site"}'
    headers:
      Accept:
      - application/json
      Accept-Encoding:
      - gzip, deflate
      CommandName:
      - webapp create
      Connection:
      - keep-alive
      Content-Length:
      - '54'
      Content-Type:
      - application/json
      ParameterSetName:
      - -n -g -p -i
      User-Agent:
      - AZURECLI/2.34.1 azsdk-python-azure-mgmt-web/6.1.0 Python/3.8.10 (Windows-10-10.0.19044-SP0)
    method: POST
    uri: https://management.azure.com/subscriptions/00000000-0000-0000-0000-000000000000/providers/Microsoft.Web/checknameavailability?api-version=2021-03-01
  response:
    body:
      string: '{"nameAvailable":true,"reason":"","message":""}'
    headers:
      cache-control:
      - no-cache
      content-length:
      - '47'
      content-type:
      - application/json
      date:
      - Thu, 03 Mar 2022 19:36:08 GMT
      expires:
      - '-1'
      pragma:
      - no-cache
      server:
      - Microsoft-IIS/10.0
      strict-transport-security:
      - max-age=31536000; includeSubDomains
      transfer-encoding:
      - chunked
      vary:
      - Accept-Encoding
      x-aspnet-version:
      - 4.0.30319
      x-content-type-options:
      - nosniff
      x-powered-by:
      - ASP.NET
    status:
      code: 200
      message: OK
- request:
    body: '{"location": "Australia East", "properties": {"serverFarmId": "/subscriptions/00000000-0000-0000-0000-000000000000/resourceGroups/cli_test000001/providers/Microsoft.Web/serverfarms/webapp-hyperv-plan000003",
      "reserved": false, "isXenon": false, "hyperV": false, "siteConfig": {"netFrameworkVersion":
      "v4.6", "windowsFxVersion": "DOCKER|mcr.microsoft.com/azure-app-service/windows/parkingpage:latest",
      "appSettings": [{"name": "DOCKER_REGISTRY_SERVER_USERNAME"}, {"name": "DOCKER_REGISTRY_SERVER_PASSWORD"},
      {"name": "DOCKER_REGISTRY_SERVER_URL", "value": "https://mcr.microsoft.com"}],
      "alwaysOn": true, "localMySqlEnabled": false, "http20Enabled": true}, "scmSiteAlsoStopped":
      false, "httpsOnly": false}}'
    headers:
      Accept:
      - application/json
      Accept-Encoding:
      - gzip, deflate
      CommandName:
      - webapp create
      Connection:
      - keep-alive
      Content-Length:
      - '705'
      Content-Type:
      - application/json
      ParameterSetName:
      - -n -g -p -i
      User-Agent:
      - AZURECLI/2.34.1 azsdk-python-azure-mgmt-web/6.1.0 Python/3.8.10 (Windows-10-10.0.19044-SP0)
    method: PUT
    uri: https://management.azure.com/subscriptions/00000000-0000-0000-0000-000000000000/resourceGroups/cli_test000001/providers/Microsoft.Web/sites/webapp-container-e2e000002?api-version=2021-03-01
  response:
    body:
      string: '{"id":"/subscriptions/00000000-0000-0000-0000-000000000000/resourceGroups/cli_test000001/providers/Microsoft.Web/sites/webapp-container-e2e000002","name":"webapp-container-e2e000002","type":"Microsoft.Web/sites","kind":"app,container,windows","location":"Australia
        East","properties":{"name":"webapp-container-e2e000002","state":"Running","hostNames":["webapp-container-e2e000002.azurewebsites.net"],"webSpace":"cli_test000001-AustraliaEastwebspace-Xenon","selfLink":"https://waws-prod-sy3-061.api.azurewebsites.windows.net:454/subscriptions/00000000-0000-0000-0000-000000000000/webspaces/cli_test000001-AustraliaEastwebspace-Xenon/sites/webapp-container-e2e000002","repositorySiteName":"webapp-container-e2e000002","owner":null,"usageState":"Normal","enabled":true,"adminEnabled":true,"enabledHostNames":["webapp-container-e2e000002.azurewebsites.net","webapp-container-e2e000002.scm.azurewebsites.net"],"siteProperties":{"metadata":null,"properties":[{"name":"LinuxFxVersion","value":""},{"name":"WindowsFxVersion","value":"DOCKER|mcr.microsoft.com/azure-app-service/windows/parkingpage:latest"}],"appSettings":null},"availabilityState":"Normal","sslCertificates":null,"csrs":[],"cers":null,"siteMode":null,"hostNameSslStates":[{"name":"webapp-container-e2e000002.azurewebsites.net","sslState":"Disabled","ipBasedSslResult":null,"virtualIP":null,"thumbprint":null,"toUpdate":null,"toUpdateIpBasedSsl":null,"ipBasedSslState":"NotConfigured","hostType":"Standard"},{"name":"webapp-container-e2e000002.scm.azurewebsites.net","sslState":"Disabled","ipBasedSslResult":null,"virtualIP":null,"thumbprint":null,"toUpdate":null,"toUpdateIpBasedSsl":null,"ipBasedSslState":"NotConfigured","hostType":"Repository"}],"computeMode":null,"serverFarm":null,"serverFarmId":"/subscriptions/00000000-0000-0000-0000-000000000000/resourceGroups/cli_test000001/providers/Microsoft.Web/serverfarms/webapp-hyperv-plan000003","reserved":false,"isXenon":true,"hyperV":true,"lastModifiedTimeUtc":"2022-03-03T19:36:17.8633333","storageRecoveryDefaultState":"Running","contentAvailabilityState":"Normal","runtimeAvailabilityState":"Normal","siteConfig":{"numberOfWorkers":1,"defaultDocuments":null,"netFrameworkVersion":null,"phpVersion":null,"pythonVersion":null,"nodeVersion":null,"powerShellVersion":null,"linuxFxVersion":"","windowsFxVersion":null,"requestTracingEnabled":null,"remoteDebuggingEnabled":null,"remoteDebuggingVersion":null,"httpLoggingEnabled":null,"azureMonitorLogCategories":null,"acrUseManagedIdentityCreds":false,"acrUserManagedIdentityID":null,"logsDirectorySizeLimit":null,"detailedErrorLoggingEnabled":null,"publishingUsername":null,"publishingPassword":null,"appSettings":null,"metadata":null,"connectionStrings":null,"machineKey":null,"handlerMappings":null,"documentRoot":null,"scmType":null,"use32BitWorkerProcess":null,"webSocketsEnabled":null,"alwaysOn":false,"javaVersion":null,"javaContainer":null,"javaContainerVersion":null,"appCommandLine":null,"managedPipelineMode":null,"virtualApplications":null,"winAuthAdminState":null,"winAuthTenantState":null,"customAppPoolIdentityAdminState":null,"customAppPoolIdentityTenantState":null,"runtimeADUser":null,"runtimeADUserPassword":null,"loadBalancing":null,"routingRules":null,"experiments":null,"limits":null,"autoHealEnabled":null,"autoHealRules":null,"tracingOptions":null,"vnetName":null,"vnetRouteAllEnabled":null,"vnetPrivatePortsCount":null,"publicNetworkAccess":null,"cors":null,"push":null,"apiDefinition":null,"apiManagementConfig":null,"autoSwapSlotName":null,"localMySqlEnabled":null,"managedServiceIdentityId":null,"xManagedServiceIdentityId":null,"keyVaultReferenceIdentity":null,"ipSecurityRestrictions":[{"ipAddress":"Any","action":"Allow","priority":1,"name":"Allow
        all","description":"Allow all access"}],"scmIpSecurityRestrictions":[{"ipAddress":"Any","action":"Allow","priority":1,"name":"Allow
        all","description":"Allow all access"}],"scmIpSecurityRestrictionsUseMain":null,"http20Enabled":false,"minTlsVersion":null,"scmMinTlsVersion":null,"ftpsState":null,"preWarmedInstanceCount":null,"functionAppScaleLimit":0,"healthCheckPath":null,"fileChangeAuditEnabled":null,"functionsRuntimeScaleMonitoringEnabled":null,"websiteTimeZone":null,"minimumElasticInstanceCount":0,"azureStorageAccounts":null,"http20ProxyFlag":null,"sitePort":null,"antivirusScanEnabled":null},"deploymentId":"webapp-container-e2e000002","slotName":null,"trafficManagerHostNames":null,"sku":"PremiumV3","scmSiteAlsoStopped":false,"targetSwapSlot":null,"hostingEnvironment":null,"hostingEnvironmentProfile":null,"clientAffinityEnabled":true,"clientCertEnabled":false,"clientCertMode":"Required","clientCertExclusionPaths":null,"hostNamesDisabled":false,"domainVerificationIdentifiers":null,"customDomainVerificationId":"99A6464610F70E526E50B6B7BECF7E0698398F28CB03C7A235D70FDF654D411E","kind":"app,container,windows","inboundIpAddress":"20.37.196.199","possibleInboundIpAddresses":"20.37.196.199","ftpUsername":"webapp-container-e2e000002\\$webapp-container-e2e000002","ftpsHostName":"ftps://waws-prod-sy3-061.ftp.azurewebsites.windows.net/site/wwwroot","outboundIpAddresses":"20.53.68.69,20.53.71.112,20.53.122.133,20.53.85.145,20.53.121.148,20.53.86.94,20.37.196.199","possibleOutboundIpAddresses":"20.53.210.134,20.53.210.178,20.193.28.230,20.53.124.138,20.53.124.239,20.193.31.169,20.53.65.163,20.53.70.245,20.53.123.87,20.53.128.168,20.53.131.167,20.53.68.30,20.53.120.39,20.53.124.68,20.53.69.90,20.53.121.147,20.53.134.153,20.53.85.32,20.53.68.69,20.53.71.112,20.53.122.133,20.53.85.145,20.53.121.148,20.53.86.94,20.53.84.148,20.53.124.140,20.53.70.167,20.53.122.23,20.53.67.49,20.53.120.184,20.37.196.199","containerSize":0,"dailyMemoryTimeQuota":0,"suspendedTill":null,"siteDisabledReason":0,"functionExecutionUnitsCache":null,"maxNumberOfWorkers":null,"homeStamp":"waws-prod-sy3-061","cloningInfo":null,"hostingEnvironmentId":null,"tags":null,"resourceGroup":"cli_test000001","defaultHostName":"webapp-container-e2e000002.azurewebsites.net","slotSwapStatus":null,"httpsOnly":false,"redundancyMode":"None","inProgressOperationId":null,"geoDistributions":null,"privateEndpointConnections":null,"buildVersion":null,"targetBuildVersion":null,"migrationState":null,"eligibleLogCategories":"AppServiceAppLogs,AppServiceAuditLogs,AppServiceConsoleLogs,AppServiceHTTPLogs,AppServiceIPSecAuditLogs,AppServicePlatformLogs,ScanLogs,AppServiceFileAuditLogs,AppServiceAntivirusScanAuditLogs","storageAccountRequired":false,"virtualNetworkSubnetId":null,"keyVaultReferenceIdentity":"SystemAssigned"}}'
    headers:
      cache-control:
      - no-cache
      content-length:
      - '6539'
      content-type:
      - application/json
      date:
      - Thu, 03 Mar 2022 19:36:38 GMT
      etag:
      - '"1D82F35F49C8460"'
      expires:
      - '-1'
      pragma:
      - no-cache
      server:
      - Microsoft-IIS/10.0
      strict-transport-security:
      - max-age=31536000; includeSubDomains
      transfer-encoding:
      - chunked
      vary:
      - Accept-Encoding
      x-aspnet-version:
      - 4.0.30319
      x-content-type-options:
      - nosniff
      x-ms-ratelimit-remaining-subscription-resource-requests:
      - '499'
      x-powered-by:
      - ASP.NET
    status:
      code: 200
      message: OK
- request:
    body: '{"format": "WebDeploy"}'
    headers:
      Accept:
      - application/xml
      Accept-Encoding:
      - gzip, deflate
      CommandName:
      - webapp create
      Connection:
      - keep-alive
      Content-Length:
      - '23'
      Content-Type:
      - application/json
      ParameterSetName:
      - -n -g -p -i
      User-Agent:
      - AZURECLI/2.34.1 azsdk-python-azure-mgmt-web/6.1.0 Python/3.8.10 (Windows-10-10.0.19044-SP0)
    method: POST
    uri: https://management.azure.com/subscriptions/00000000-0000-0000-0000-000000000000/resourceGroups/cli_test000001/providers/Microsoft.Web/sites/webapp-container-e2e000002/publishxml?api-version=2021-03-01
  response:
    body:
      string: <publishData><publishProfile profileName="webapp-container-e2e000002
        - Web Deploy" publishMethod="MSDeploy" publishUrl="webapp-container-e2e000002.scm.azurewebsites.net:443"
        msdeploySite="webapp-container-e2e000002" userName="$webapp-container-e2e000002"
        userPWD="luiFFHt36vpqub0w5ZD9pkkgbq9DC0xsAqs5WppvD91aFoAc26hwSp4Xw7ib" destinationAppUrl="http://webapp-container-e2e000002.azurewebsites.net"
        SQLServerDBConnectionString="" mySQLDBConnectionString="" hostingProviderForumLink=""
        controlPanelLink="http://windows.azure.com" webSystem="WebSites"><databases
        /></publishProfile><publishProfile profileName="webapp-container-e2e000002
        - FTP" publishMethod="FTP" publishUrl="ftp://waws-prod-sy3-061.ftp.azurewebsites.windows.net/site/wwwroot"
        ftpPassiveMode="True" userName="webapp-container-e2e000002\$webapp-container-e2e000002"
        userPWD="luiFFHt36vpqub0w5ZD9pkkgbq9DC0xsAqs5WppvD91aFoAc26hwSp4Xw7ib" destinationAppUrl="http://webapp-container-e2e000002.azurewebsites.net"
        SQLServerDBConnectionString="" mySQLDBConnectionString="" hostingProviderForumLink=""
        controlPanelLink="http://windows.azure.com" webSystem="WebSites"><databases
        /></publishProfile><publishProfile profileName="webapp-container-e2e000002
        - Zip Deploy" publishMethod="ZipDeploy" publishUrl="webapp-container-e2e000002.scm.azurewebsites.net:443"
        userName="$webapp-container-e2e000002" userPWD="luiFFHt36vpqub0w5ZD9pkkgbq9DC0xsAqs5WppvD91aFoAc26hwSp4Xw7ib"
        destinationAppUrl="http://webapp-container-e2e000002.azurewebsites.net" SQLServerDBConnectionString=""
        mySQLDBConnectionString="" hostingProviderForumLink="" controlPanelLink="http://windows.azure.com"
        webSystem="WebSites"><databases /></publishProfile></publishData>
    headers:
      cache-control:
      - no-cache
      content-length:
      - '1693'
      content-type:
      - application/xml
      date:
      - Thu, 03 Mar 2022 19:36:40 GMT
      expires:
      - '-1'
      pragma:
      - no-cache
      server:
      - Microsoft-IIS/10.0
      strict-transport-security:
      - max-age=31536000; includeSubDomains
      x-aspnet-version:
      - 4.0.30319
      x-content-type-options:
      - nosniff
      x-ms-ratelimit-remaining-subscription-resource-requests:
      - '11999'
      x-powered-by:
      - ASP.NET
    status:
      code: 200
      message: OK
- request:
    body: null
    headers:
      Accept:
      - application/json
      Accept-Encoding:
      - gzip, deflate
      CommandName:
      - webapp create
      Connection:
      - keep-alive
      Content-Length:
      - '0'
      ParameterSetName:
      - -n -g -p -i
      User-Agent:
      - AZURECLI/2.34.1 azsdk-python-azure-mgmt-web/6.1.0 Python/3.8.10 (Windows-10-10.0.19044-SP0)
    method: POST
    uri: https://management.azure.com/subscriptions/00000000-0000-0000-0000-000000000000/resourceGroups/cli_test000001/providers/Microsoft.Web/sites/webapp-container-e2e000002/config/appsettings/list?api-version=2021-03-01
  response:
    body:
      string: '{"id":"/subscriptions/00000000-0000-0000-0000-000000000000/resourceGroups/cli_test000001/providers/Microsoft.Web/sites/webapp-container-e2e000002/config/appsettings","name":"appsettings","type":"Microsoft.Web/sites/config","location":"Australia
        East","properties":{"DOCKER_REGISTRY_SERVER_USERNAME":"","DOCKER_REGISTRY_SERVER_PASSWORD":"","DOCKER_REGISTRY_SERVER_URL":"https://mcr.microsoft.com"}}'
    headers:
      cache-control:
      - no-cache
      content-length:
      - '397'
      content-type:
      - application/json
      date:
      - Thu, 03 Mar 2022 19:36:41 GMT
      expires:
      - '-1'
      pragma:
      - no-cache
      server:
      - Microsoft-IIS/10.0
      strict-transport-security:
      - max-age=31536000; includeSubDomains
      transfer-encoding:
      - chunked
      vary:
      - Accept-Encoding
      x-aspnet-version:
      - 4.0.30319
      x-content-type-options:
      - nosniff
      x-ms-ratelimit-remaining-subscription-resource-requests:
      - '11999'
      x-powered-by:
      - ASP.NET
    status:
      code: 200
      message: OK
- request:
    body: '{"properties": {"DOCKER_REGISTRY_SERVER_USERNAME": "", "DOCKER_REGISTRY_SERVER_PASSWORD":
      "", "DOCKER_REGISTRY_SERVER_URL": "https://mcr.microsoft.com"}}'
    headers:
      Accept:
      - application/json
      Accept-Encoding:
      - gzip, deflate
      CommandName:
      - webapp create
      Connection:
      - keep-alive
      Content-Length:
      - '153'
      Content-Type:
      - application/json
      ParameterSetName:
      - -n -g -p -i
      User-Agent:
      - AZURECLI/2.34.1 azsdk-python-azure-mgmt-web/6.1.0 Python/3.8.10 (Windows-10-10.0.19044-SP0)
    method: PUT
    uri: https://management.azure.com/subscriptions/00000000-0000-0000-0000-000000000000/resourceGroups/cli_test000001/providers/Microsoft.Web/sites/webapp-container-e2e000002/config/appsettings?api-version=2021-03-01
  response:
    body:
      string: '{"id":"/subscriptions/00000000-0000-0000-0000-000000000000/resourceGroups/cli_test000001/providers/Microsoft.Web/sites/webapp-container-e2e000002/config/appsettings","name":"appsettings","type":"Microsoft.Web/sites/config","location":"Australia
        East","properties":{"DOCKER_REGISTRY_SERVER_USERNAME":"","DOCKER_REGISTRY_SERVER_PASSWORD":"","DOCKER_REGISTRY_SERVER_URL":"https://mcr.microsoft.com"}}'
    headers:
      cache-control:
      - no-cache
      content-length:
      - '397'
      content-type:
      - application/json
      date:
      - Thu, 03 Mar 2022 19:36:43 GMT
      etag:
      - '"1D82F3602E07435"'
      expires:
      - '-1'
      pragma:
      - no-cache
      server:
      - Microsoft-IIS/10.0
      strict-transport-security:
      - max-age=31536000; includeSubDomains
      transfer-encoding:
      - chunked
      vary:
      - Accept-Encoding
      x-aspnet-version:
      - 4.0.30319
      x-content-type-options:
      - nosniff
      x-ms-ratelimit-remaining-subscription-writes:
      - '1199'
      x-powered-by:
      - ASP.NET
    status:
      code: 200
      message: OK
- request:
    body: null
    headers:
      Accept:
      - application/json
      Accept-Encoding:
      - gzip, deflate
      CommandName:
      - webapp create
      Connection:
      - keep-alive
      Content-Length:
      - '0'
      ParameterSetName:
      - -n -g -p -i
      User-Agent:
      - AZURECLI/2.34.1 azsdk-python-azure-mgmt-web/6.1.0 Python/3.8.10 (Windows-10-10.0.19044-SP0)
    method: POST
    uri: https://management.azure.com/subscriptions/00000000-0000-0000-0000-000000000000/resourceGroups/cli_test000001/providers/Microsoft.Web/sites/webapp-container-e2e000002/config/appsettings/list?api-version=2021-03-01
  response:
    body:
      string: '{"id":"/subscriptions/00000000-0000-0000-0000-000000000000/resourceGroups/cli_test000001/providers/Microsoft.Web/sites/webapp-container-e2e000002/config/appsettings","name":"appsettings","type":"Microsoft.Web/sites/config","location":"Australia
        East","properties":{"DOCKER_REGISTRY_SERVER_USERNAME":"","DOCKER_REGISTRY_SERVER_PASSWORD":"","DOCKER_REGISTRY_SERVER_URL":"https://mcr.microsoft.com"}}'
    headers:
      cache-control:
      - no-cache
      content-length:
      - '397'
      content-type:
      - application/json
      date:
      - Thu, 03 Mar 2022 19:36:45 GMT
      expires:
      - '-1'
      pragma:
      - no-cache
      server:
      - Microsoft-IIS/10.0
      strict-transport-security:
      - max-age=31536000; includeSubDomains
      transfer-encoding:
      - chunked
      vary:
      - Accept-Encoding
      x-aspnet-version:
      - 4.0.30319
      x-content-type-options:
      - nosniff
      x-ms-ratelimit-remaining-subscription-resource-requests:
      - '11999'
      x-powered-by:
      - ASP.NET
    status:
      code: 200
      message: OK
- request:
    body: null
    headers:
      Accept:
      - application/json
      Accept-Encoding:
      - gzip, deflate
      CommandName:
      - webapp create
      Connection:
      - keep-alive
      ParameterSetName:
      - -n -g -p -i
      User-Agent:
      - AZURECLI/2.34.1 azsdk-python-azure-mgmt-web/6.1.0 Python/3.8.10 (Windows-10-10.0.19044-SP0)
    method: GET
    uri: https://management.azure.com/subscriptions/00000000-0000-0000-0000-000000000000/resourceGroups/cli_test000001/providers/Microsoft.Web/sites/webapp-container-e2e000002/config/slotConfigNames?api-version=2021-03-01
  response:
    body:
      string: '{"id":null,"name":"webapp-container-e2e000002","type":"Microsoft.Web/sites","location":"Australia
        East","properties":{"connectionStringNames":null,"appSettingNames":null,"azureStorageConfigNames":null}}'
    headers:
      cache-control:
      - no-cache
      content-length:
      - '202'
      content-type:
      - application/json
      date:
      - Thu, 03 Mar 2022 19:36:45 GMT
      expires:
      - '-1'
      pragma:
      - no-cache
      server:
      - Microsoft-IIS/10.0
      strict-transport-security:
      - max-age=31536000; includeSubDomains
      transfer-encoding:
      - chunked
      vary:
      - Accept-Encoding
      x-aspnet-version:
      - 4.0.30319
      x-content-type-options:
      - nosniff
      x-powered-by:
      - ASP.NET
    status:
      code: 200
      message: OK
- request:
    body: null
    headers:
      Accept:
      - application/json
      Accept-Encoding:
      - gzip, deflate
      CommandName:
      - webapp create
      Connection:
      - keep-alive
      ParameterSetName:
      - -n -g -p -i
      User-Agent:
      - AZURECLI/2.34.1 azsdk-python-azure-mgmt-web/6.1.0 Python/3.8.10 (Windows-10-10.0.19044-SP0)
    method: GET
    uri: https://management.azure.com/subscriptions/00000000-0000-0000-0000-000000000000/resourceGroups/cli_test000001/providers/Microsoft.Web/sites/webapp-container-e2e000002?api-version=2021-03-01
  response:
    body:
      string: '{"id":"/subscriptions/00000000-0000-0000-0000-000000000000/resourceGroups/cli_test000001/providers/Microsoft.Web/sites/webapp-container-e2e000002","name":"webapp-container-e2e000002","type":"Microsoft.Web/sites","kind":"app,container,windows","location":"Australia
        East","properties":{"name":"webapp-container-e2e000002","state":"Running","hostNames":["webapp-container-e2e000002.azurewebsites.net"],"webSpace":"cli_test000001-AustraliaEastwebspace-Xenon","selfLink":"https://waws-prod-sy3-061.api.azurewebsites.windows.net:454/subscriptions/00000000-0000-0000-0000-000000000000/webspaces/cli_test000001-AustraliaEastwebspace-Xenon/sites/webapp-container-e2e000002","repositorySiteName":"webapp-container-e2e000002","owner":null,"usageState":"Normal","enabled":true,"adminEnabled":true,"enabledHostNames":["webapp-container-e2e000002.azurewebsites.net","webapp-container-e2e000002.scm.azurewebsites.net"],"siteProperties":{"metadata":null,"properties":[{"name":"LinuxFxVersion","value":""},{"name":"WindowsFxVersion","value":"DOCKER|mcr.microsoft.com/azure-app-service/windows/parkingpage:latest"}],"appSettings":null},"availabilityState":"Normal","sslCertificates":null,"csrs":[],"cers":null,"siteMode":null,"hostNameSslStates":[{"name":"webapp-container-e2e000002.azurewebsites.net","sslState":"Disabled","ipBasedSslResult":null,"virtualIP":null,"thumbprint":null,"toUpdate":null,"toUpdateIpBasedSsl":null,"ipBasedSslState":"NotConfigured","hostType":"Standard"},{"name":"webapp-container-e2e000002.scm.azurewebsites.net","sslState":"Disabled","ipBasedSslResult":null,"virtualIP":null,"thumbprint":null,"toUpdate":null,"toUpdateIpBasedSsl":null,"ipBasedSslState":"NotConfigured","hostType":"Repository"}],"computeMode":null,"serverFarm":null,"serverFarmId":"/subscriptions/00000000-0000-0000-0000-000000000000/resourceGroups/cli_test000001/providers/Microsoft.Web/serverfarms/webapp-hyperv-plan000003","reserved":false,"isXenon":true,"hyperV":true,"lastModifiedTimeUtc":"2022-03-03T19:36:43.0433333","storageRecoveryDefaultState":"Running","contentAvailabilityState":"Normal","runtimeAvailabilityState":"Normal","siteConfig":{"numberOfWorkers":1,"defaultDocuments":null,"netFrameworkVersion":null,"phpVersion":null,"pythonVersion":null,"nodeVersion":null,"powerShellVersion":null,"linuxFxVersion":"","windowsFxVersion":"DOCKER|mcr.microsoft.com/azure-app-service/windows/parkingpage:latest","requestTracingEnabled":null,"remoteDebuggingEnabled":null,"remoteDebuggingVersion":null,"httpLoggingEnabled":null,"azureMonitorLogCategories":null,"acrUseManagedIdentityCreds":false,"acrUserManagedIdentityID":null,"logsDirectorySizeLimit":null,"detailedErrorLoggingEnabled":null,"publishingUsername":null,"publishingPassword":null,"appSettings":null,"metadata":null,"connectionStrings":null,"machineKey":null,"handlerMappings":null,"documentRoot":null,"scmType":null,"use32BitWorkerProcess":null,"webSocketsEnabled":null,"alwaysOn":true,"javaVersion":null,"javaContainer":null,"javaContainerVersion":null,"appCommandLine":null,"managedPipelineMode":null,"virtualApplications":null,"winAuthAdminState":null,"winAuthTenantState":null,"customAppPoolIdentityAdminState":null,"customAppPoolIdentityTenantState":null,"runtimeADUser":null,"runtimeADUserPassword":null,"loadBalancing":null,"routingRules":null,"experiments":null,"limits":null,"autoHealEnabled":null,"autoHealRules":null,"tracingOptions":null,"vnetName":null,"vnetRouteAllEnabled":null,"vnetPrivatePortsCount":null,"publicNetworkAccess":null,"cors":null,"push":null,"apiDefinition":null,"apiManagementConfig":null,"autoSwapSlotName":null,"localMySqlEnabled":null,"managedServiceIdentityId":null,"xManagedServiceIdentityId":null,"keyVaultReferenceIdentity":null,"ipSecurityRestrictions":null,"scmIpSecurityRestrictions":null,"scmIpSecurityRestrictionsUseMain":null,"http20Enabled":true,"minTlsVersion":null,"scmMinTlsVersion":null,"ftpsState":null,"preWarmedInstanceCount":null,"functionAppScaleLimit":0,"healthCheckPath":null,"fileChangeAuditEnabled":null,"functionsRuntimeScaleMonitoringEnabled":null,"websiteTimeZone":null,"minimumElasticInstanceCount":0,"azureStorageAccounts":null,"http20ProxyFlag":null,"sitePort":null,"antivirusScanEnabled":null},"deploymentId":"webapp-container-e2e000002","slotName":null,"trafficManagerHostNames":null,"sku":"PremiumV3","scmSiteAlsoStopped":false,"targetSwapSlot":null,"hostingEnvironment":null,"hostingEnvironmentProfile":null,"clientAffinityEnabled":true,"clientCertEnabled":false,"clientCertMode":"Required","clientCertExclusionPaths":null,"hostNamesDisabled":false,"domainVerificationIdentifiers":null,"customDomainVerificationId":"99A6464610F70E526E50B6B7BECF7E0698398F28CB03C7A235D70FDF654D411E","kind":"app,container,windows","inboundIpAddress":"20.37.196.199","possibleInboundIpAddresses":"20.37.196.199","ftpUsername":"webapp-container-e2e000002\\$webapp-container-e2e000002","ftpsHostName":"ftps://waws-prod-sy3-061.ftp.azurewebsites.windows.net/site/wwwroot","outboundIpAddresses":"20.53.68.69,20.53.71.112,20.53.122.133,20.53.85.145,20.53.121.148,20.53.86.94,20.37.196.199","possibleOutboundIpAddresses":"20.53.210.134,20.53.210.178,20.193.28.230,20.53.124.138,20.53.124.239,20.193.31.169,20.53.65.163,20.53.70.245,20.53.123.87,20.53.128.168,20.53.131.167,20.53.68.30,20.53.120.39,20.53.124.68,20.53.69.90,20.53.121.147,20.53.134.153,20.53.85.32,20.53.68.69,20.53.71.112,20.53.122.133,20.53.85.145,20.53.121.148,20.53.86.94,20.53.84.148,20.53.124.140,20.53.70.167,20.53.122.23,20.53.67.49,20.53.120.184,20.37.196.199","containerSize":0,"dailyMemoryTimeQuota":0,"suspendedTill":null,"siteDisabledReason":0,"functionExecutionUnitsCache":null,"maxNumberOfWorkers":null,"homeStamp":"waws-prod-sy3-061","cloningInfo":null,"hostingEnvironmentId":null,"tags":null,"resourceGroup":"cli_test000001","defaultHostName":"webapp-container-e2e000002.azurewebsites.net","slotSwapStatus":null,"httpsOnly":false,"redundancyMode":"None","inProgressOperationId":null,"geoDistributions":null,"privateEndpointConnections":[],"buildVersion":null,"targetBuildVersion":null,"migrationState":null,"eligibleLogCategories":"AppServiceAppLogs,AppServiceAuditLogs,AppServiceConsoleLogs,AppServiceHTTPLogs,AppServiceIPSecAuditLogs,AppServicePlatformLogs,ScanLogs,AppServiceFileAuditLogs,AppServiceAntivirusScanAuditLogs","storageAccountRequired":false,"virtualNetworkSubnetId":null,"keyVaultReferenceIdentity":"SystemAssigned"}}'
    headers:
      cache-control:
      - no-cache
      content-length:
      - '6404'
      content-type:
      - application/json
      date:
      - Thu, 03 Mar 2022 19:36:46 GMT
      etag:
      - '"1D82F3602E07435"'
      expires:
      - '-1'
      pragma:
      - no-cache
      server:
      - Microsoft-IIS/10.0
      strict-transport-security:
      - max-age=31536000; includeSubDomains
      transfer-encoding:
      - chunked
      vary:
      - Accept-Encoding
      x-aspnet-version:
      - 4.0.30319
      x-content-type-options:
      - nosniff
      x-powered-by:
      - ASP.NET
    status:
      code: 200
      message: OK
- request:
    body: null
    headers:
      Accept:
      - application/json
      Accept-Encoding:
      - gzip, deflate
      CommandName:
      - webapp create
      Connection:
      - keep-alive
      ParameterSetName:
      - -n -g -p -i
      User-Agent:
      - AZURECLI/2.34.1 azsdk-python-azure-mgmt-web/6.1.0 Python/3.8.10 (Windows-10-10.0.19044-SP0)
    method: GET
    uri: https://management.azure.com/subscriptions/00000000-0000-0000-0000-000000000000/resourceGroups/cli_test000001/providers/Microsoft.Web/sites/webapp-container-e2e000002/config/web?api-version=2021-03-01
  response:
    body:
      string: '{"id":"/subscriptions/00000000-0000-0000-0000-000000000000/resourceGroups/cli_test000001/providers/Microsoft.Web/sites/webapp-container-e2e000002/config/web","name":"webapp-container-e2e000002","type":"Microsoft.Web/sites/config","location":"Australia
        East","properties":{"numberOfWorkers":1,"defaultDocuments":["Default.htm","Default.html","Default.asp","index.htm","index.html","iisstart.htm","default.aspx","index.php","hostingstart.html"],"netFrameworkVersion":"v4.0","phpVersion":"","pythonVersion":"","nodeVersion":"","powerShellVersion":"","linuxFxVersion":"","windowsFxVersion":"DOCKER|mcr.microsoft.com/azure-app-service/windows/parkingpage:latest","requestTracingEnabled":false,"remoteDebuggingEnabled":false,"remoteDebuggingVersion":null,"httpLoggingEnabled":false,"azureMonitorLogCategories":null,"acrUseManagedIdentityCreds":false,"acrUserManagedIdentityID":null,"logsDirectorySizeLimit":35,"detailedErrorLoggingEnabled":false,"publishingUsername":"$webapp-container-e2e000002","publishingPassword":null,"appSettings":null,"metadata":null,"connectionStrings":null,"machineKey":null,"handlerMappings":null,"documentRoot":null,"scmType":"None","use32BitWorkerProcess":true,"webSocketsEnabled":false,"alwaysOn":true,"javaVersion":null,"javaContainer":null,"javaContainerVersion":null,"appCommandLine":"","managedPipelineMode":"Integrated","virtualApplications":[{"virtualPath":"/","physicalPath":"site\\wwwroot","preloadEnabled":true,"virtualDirectories":null}],"winAuthAdminState":0,"winAuthTenantState":0,"customAppPoolIdentityAdminState":false,"customAppPoolIdentityTenantState":false,"runtimeADUser":null,"runtimeADUserPassword":null,"loadBalancing":"LeastRequests","routingRules":[],"experiments":{"rampUpRules":[]},"limits":null,"autoHealEnabled":false,"autoHealRules":null,"tracingOptions":null,"vnetName":"","vnetRouteAllEnabled":false,"vnetPrivatePortsCount":0,"publicNetworkAccess":null,"siteAuthEnabled":false,"siteAuthSettings":{"enabled":null,"unauthenticatedClientAction":null,"tokenStoreEnabled":null,"allowedExternalRedirectUrls":null,"defaultProvider":null,"clientId":null,"clientSecret":null,"clientSecretSettingName":null,"clientSecretCertificateThumbprint":null,"issuer":null,"allowedAudiences":null,"additionalLoginParams":null,"isAadAutoProvisioned":false,"aadClaimsAuthorization":null,"googleClientId":null,"googleClientSecret":null,"googleClientSecretSettingName":null,"googleOAuthScopes":null,"facebookAppId":null,"facebookAppSecret":null,"facebookAppSecretSettingName":null,"facebookOAuthScopes":null,"gitHubClientId":null,"gitHubClientSecret":null,"gitHubClientSecretSettingName":null,"gitHubOAuthScopes":null,"twitterConsumerKey":null,"twitterConsumerSecret":null,"twitterConsumerSecretSettingName":null,"microsoftAccountClientId":null,"microsoftAccountClientSecret":null,"microsoftAccountClientSecretSettingName":null,"microsoftAccountOAuthScopes":null,"configVersion":null},"cors":null,"push":null,"apiDefinition":null,"apiManagementConfig":null,"autoSwapSlotName":null,"localMySqlEnabled":false,"managedServiceIdentityId":null,"xManagedServiceIdentityId":null,"keyVaultReferenceIdentity":null,"ipSecurityRestrictions":[{"ipAddress":"Any","action":"Allow","priority":1,"name":"Allow
        all","description":"Allow all access"}],"scmIpSecurityRestrictions":[{"ipAddress":"Any","action":"Allow","priority":1,"name":"Allow
        all","description":"Allow all access"}],"scmIpSecurityRestrictionsUseMain":false,"http20Enabled":true,"minTlsVersion":"1.2","scmMinTlsVersion":"1.0","ftpsState":"AllAllowed","preWarmedInstanceCount":0,"functionAppScaleLimit":0,"healthCheckPath":null,"fileChangeAuditEnabled":false,"functionsRuntimeScaleMonitoringEnabled":false,"websiteTimeZone":null,"minimumElasticInstanceCount":0,"azureStorageAccounts":{},"http20ProxyFlag":0,"sitePort":null,"antivirusScanEnabled":false}}'
    headers:
      cache-control:
      - no-cache
      content-length:
      - '3830'
      content-type:
      - application/json
      date:
      - Thu, 03 Mar 2022 19:36:47 GMT
      expires:
      - '-1'
      pragma:
      - no-cache
      server:
      - Microsoft-IIS/10.0
      strict-transport-security:
      - max-age=31536000; includeSubDomains
      transfer-encoding:
      - chunked
      vary:
      - Accept-Encoding
      x-aspnet-version:
      - 4.0.30319
      x-content-type-options:
      - nosniff
      x-powered-by:
      - ASP.NET
    status:
      code: 200
      message: OK
- request:
    body: '{"properties": {"numberOfWorkers": 1, "defaultDocuments": ["Default.htm",
      "Default.html", "Default.asp", "index.htm", "index.html", "iisstart.htm", "default.aspx",
      "index.php", "hostingstart.html"], "netFrameworkVersion": "v4.0", "phpVersion":
      "", "pythonVersion": "", "nodeVersion": "", "powerShellVersion": "", "linuxFxVersion":
      "", "windowsFxVersion": "DOCKER|mcr.microsoft.com/azure-app-service/windows/parkingpage:latest",
      "requestTracingEnabled": false, "remoteDebuggingEnabled": false, "httpLoggingEnabled":
      false, "acrUseManagedIdentityCreds": false, "logsDirectorySizeLimit": 35, "detailedErrorLoggingEnabled":
      false, "publishingUsername": "$webapp-container-e2e000002", "scmType": "None",
      "use32BitWorkerProcess": true, "webSocketsEnabled": false, "alwaysOn": true,
      "appCommandLine": "", "managedPipelineMode": "Integrated", "virtualApplications":
      [{"virtualPath": "/", "physicalPath": "site\\wwwroot", "preloadEnabled": true}],
      "loadBalancing": "LeastRequests", "experiments": {"rampUpRules": []}, "autoHealEnabled":
      false, "vnetName": "", "vnetRouteAllEnabled": false, "vnetPrivatePortsCount":
      0, "localMySqlEnabled": false, "scmIpSecurityRestrictionsUseMain": false, "http20Enabled":
      true, "minTlsVersion": "1.2", "scmMinTlsVersion": "1.0", "ftpsState": "AllAllowed",
      "preWarmedInstanceCount": 0, "functionAppScaleLimit": 0, "functionsRuntimeScaleMonitoringEnabled":
      false, "minimumElasticInstanceCount": 0, "azureStorageAccounts": {}}}'
    headers:
      Accept:
      - application/json
      Accept-Encoding:
      - gzip, deflate
      CommandName:
      - webapp create
      Connection:
      - keep-alive
      Content-Length:
      - '1449'
      Content-Type:
      - application/json
      ParameterSetName:
      - -n -g -p -i
      User-Agent:
      - AZURECLI/2.34.1 azsdk-python-azure-mgmt-web/6.1.0 Python/3.8.10 (Windows-10-10.0.19044-SP0)
    method: PATCH
    uri: https://management.azure.com/subscriptions/00000000-0000-0000-0000-000000000000/resourceGroups/cli_test000001/providers/Microsoft.Web/sites/webapp-container-e2e000002/config/web?api-version=2021-03-01
  response:
    body:
      string: '{"id":"/subscriptions/00000000-0000-0000-0000-000000000000/resourceGroups/cli_test000001/providers/Microsoft.Web/sites/webapp-container-e2e000002","name":"webapp-container-e2e000002","type":"Microsoft.Web/sites","location":"Australia
        East","properties":{"numberOfWorkers":1,"defaultDocuments":["Default.htm","Default.html","Default.asp","index.htm","index.html","iisstart.htm","default.aspx","index.php","hostingstart.html"],"netFrameworkVersion":"v4.0","phpVersion":"","pythonVersion":"","nodeVersion":"","powerShellVersion":"","linuxFxVersion":"","windowsFxVersion":"DOCKER|mcr.microsoft.com/azure-app-service/windows/parkingpage:latest","requestTracingEnabled":false,"remoteDebuggingEnabled":false,"remoteDebuggingVersion":"VS2019","httpLoggingEnabled":false,"azureMonitorLogCategories":null,"acrUseManagedIdentityCreds":false,"acrUserManagedIdentityID":null,"logsDirectorySizeLimit":35,"detailedErrorLoggingEnabled":false,"publishingUsername":"$webapp-container-e2e000002","publishingPassword":null,"appSettings":null,"metadata":null,"connectionStrings":null,"machineKey":null,"handlerMappings":null,"documentRoot":null,"scmType":"None","use32BitWorkerProcess":true,"webSocketsEnabled":false,"alwaysOn":true,"javaVersion":null,"javaContainer":null,"javaContainerVersion":null,"appCommandLine":"","managedPipelineMode":"Integrated","virtualApplications":[{"virtualPath":"/","physicalPath":"site\\wwwroot","preloadEnabled":true,"virtualDirectories":null}],"winAuthAdminState":0,"winAuthTenantState":0,"customAppPoolIdentityAdminState":false,"customAppPoolIdentityTenantState":false,"runtimeADUser":null,"runtimeADUserPassword":null,"loadBalancing":"LeastRequests","routingRules":[],"experiments":{"rampUpRules":[]},"limits":null,"autoHealEnabled":false,"autoHealRules":null,"tracingOptions":null,"vnetName":"","vnetRouteAllEnabled":false,"vnetPrivatePortsCount":0,"publicNetworkAccess":null,"siteAuthEnabled":false,"siteAuthSettings":{"enabled":null,"unauthenticatedClientAction":null,"tokenStoreEnabled":null,"allowedExternalRedirectUrls":null,"defaultProvider":null,"clientId":null,"clientSecret":null,"clientSecretSettingName":null,"clientSecretCertificateThumbprint":null,"issuer":null,"allowedAudiences":null,"additionalLoginParams":null,"isAadAutoProvisioned":false,"aadClaimsAuthorization":null,"googleClientId":null,"googleClientSecret":null,"googleClientSecretSettingName":null,"googleOAuthScopes":null,"facebookAppId":null,"facebookAppSecret":null,"facebookAppSecretSettingName":null,"facebookOAuthScopes":null,"gitHubClientId":null,"gitHubClientSecret":null,"gitHubClientSecretSettingName":null,"gitHubOAuthScopes":null,"twitterConsumerKey":null,"twitterConsumerSecret":null,"twitterConsumerSecretSettingName":null,"microsoftAccountClientId":null,"microsoftAccountClientSecret":null,"microsoftAccountClientSecretSettingName":null,"microsoftAccountOAuthScopes":null,"configVersion":null},"cors":null,"push":null,"apiDefinition":null,"apiManagementConfig":null,"autoSwapSlotName":null,"localMySqlEnabled":false,"managedServiceIdentityId":null,"xManagedServiceIdentityId":null,"keyVaultReferenceIdentity":null,"ipSecurityRestrictions":[{"ipAddress":"Any","action":"Allow","priority":1,"name":"Allow
        all","description":"Allow all access"}],"scmIpSecurityRestrictions":[{"ipAddress":"Any","action":"Allow","priority":1,"name":"Allow
        all","description":"Allow all access"}],"scmIpSecurityRestrictionsUseMain":false,"http20Enabled":true,"minTlsVersion":"1.2","scmMinTlsVersion":"1.0","ftpsState":"AllAllowed","preWarmedInstanceCount":0,"functionAppScaleLimit":0,"healthCheckPath":null,"fileChangeAuditEnabled":false,"functionsRuntimeScaleMonitoringEnabled":false,"websiteTimeZone":null,"minimumElasticInstanceCount":0,"azureStorageAccounts":{},"http20ProxyFlag":0,"sitePort":null,"antivirusScanEnabled":false}}'
    headers:
      cache-control:
      - no-cache
      content-length:
      - '3816'
      content-type:
      - application/json
      date:
      - Thu, 03 Mar 2022 19:36:49 GMT
      etag:
      - '"1D82F3602E07435"'
      expires:
      - '-1'
      pragma:
      - no-cache
      server:
      - Microsoft-IIS/10.0
      strict-transport-security:
      - max-age=31536000; includeSubDomains
      transfer-encoding:
      - chunked
      vary:
      - Accept-Encoding
      x-aspnet-version:
      - 4.0.30319
      x-content-type-options:
      - nosniff
      x-ms-ratelimit-remaining-subscription-writes:
      - '1198'
      x-powered-by:
      - ASP.NET
    status:
      code: 200
      message: OK
- request:
    body: null
    headers:
      Accept:
      - application/json
      Accept-Encoding:
      - gzip, deflate
      CommandName:
      - webapp create
      Connection:
      - keep-alive
      ParameterSetName:
      - -n -g -p -i
      User-Agent:
      - AZURECLI/2.34.1 azsdk-python-azure-mgmt-web/6.1.0 Python/3.8.10 (Windows-10-10.0.19044-SP0)
    method: GET
    uri: https://management.azure.com/subscriptions/00000000-0000-0000-0000-000000000000/resourceGroups/cli_test000001/providers/Microsoft.Web/sites/webapp-container-e2e000002/config/web?api-version=2021-03-01
  response:
    body:
      string: '{"id":"/subscriptions/00000000-0000-0000-0000-000000000000/resourceGroups/cli_test000001/providers/Microsoft.Web/sites/webapp-container-e2e000002/config/web","name":"webapp-container-e2e000002","type":"Microsoft.Web/sites/config","location":"Australia
        East","properties":{"numberOfWorkers":1,"defaultDocuments":["Default.htm","Default.html","Default.asp","index.htm","index.html","iisstart.htm","default.aspx","index.php","hostingstart.html"],"netFrameworkVersion":"v4.0","phpVersion":"","pythonVersion":"","nodeVersion":"","powerShellVersion":"","linuxFxVersion":"","windowsFxVersion":"DOCKER|mcr.microsoft.com/azure-app-service/windows/parkingpage:latest","requestTracingEnabled":false,"remoteDebuggingEnabled":false,"remoteDebuggingVersion":"VS2019","httpLoggingEnabled":false,"azureMonitorLogCategories":null,"acrUseManagedIdentityCreds":false,"acrUserManagedIdentityID":null,"logsDirectorySizeLimit":35,"detailedErrorLoggingEnabled":false,"publishingUsername":"$webapp-container-e2e000002","publishingPassword":null,"appSettings":null,"metadata":null,"connectionStrings":null,"machineKey":null,"handlerMappings":null,"documentRoot":null,"scmType":"None","use32BitWorkerProcess":true,"webSocketsEnabled":false,"alwaysOn":true,"javaVersion":null,"javaContainer":null,"javaContainerVersion":null,"appCommandLine":"","managedPipelineMode":"Integrated","virtualApplications":[{"virtualPath":"/","physicalPath":"site\\wwwroot","preloadEnabled":true,"virtualDirectories":null}],"winAuthAdminState":0,"winAuthTenantState":0,"customAppPoolIdentityAdminState":false,"customAppPoolIdentityTenantState":false,"runtimeADUser":null,"runtimeADUserPassword":null,"loadBalancing":"LeastRequests","routingRules":[],"experiments":{"rampUpRules":[]},"limits":null,"autoHealEnabled":false,"autoHealRules":null,"tracingOptions":null,"vnetName":"","vnetRouteAllEnabled":false,"vnetPrivatePortsCount":0,"publicNetworkAccess":null,"siteAuthEnabled":false,"siteAuthSettings":{"enabled":null,"unauthenticatedClientAction":null,"tokenStoreEnabled":null,"allowedExternalRedirectUrls":null,"defaultProvider":null,"clientId":null,"clientSecret":null,"clientSecretSettingName":null,"clientSecretCertificateThumbprint":null,"issuer":null,"allowedAudiences":null,"additionalLoginParams":null,"isAadAutoProvisioned":false,"aadClaimsAuthorization":null,"googleClientId":null,"googleClientSecret":null,"googleClientSecretSettingName":null,"googleOAuthScopes":null,"facebookAppId":null,"facebookAppSecret":null,"facebookAppSecretSettingName":null,"facebookOAuthScopes":null,"gitHubClientId":null,"gitHubClientSecret":null,"gitHubClientSecretSettingName":null,"gitHubOAuthScopes":null,"twitterConsumerKey":null,"twitterConsumerSecret":null,"twitterConsumerSecretSettingName":null,"microsoftAccountClientId":null,"microsoftAccountClientSecret":null,"microsoftAccountClientSecretSettingName":null,"microsoftAccountOAuthScopes":null,"configVersion":null},"cors":null,"push":null,"apiDefinition":null,"apiManagementConfig":null,"autoSwapSlotName":null,"localMySqlEnabled":false,"managedServiceIdentityId":null,"xManagedServiceIdentityId":null,"keyVaultReferenceIdentity":null,"ipSecurityRestrictions":[{"ipAddress":"Any","action":"Allow","priority":1,"name":"Allow
        all","description":"Allow all access"}],"scmIpSecurityRestrictions":[{"ipAddress":"Any","action":"Allow","priority":1,"name":"Allow
        all","description":"Allow all access"}],"scmIpSecurityRestrictionsUseMain":false,"http20Enabled":true,"minTlsVersion":"1.2","scmMinTlsVersion":"1.0","ftpsState":"AllAllowed","preWarmedInstanceCount":0,"functionAppScaleLimit":0,"healthCheckPath":null,"fileChangeAuditEnabled":false,"functionsRuntimeScaleMonitoringEnabled":false,"websiteTimeZone":null,"minimumElasticInstanceCount":0,"azureStorageAccounts":{},"http20ProxyFlag":0,"sitePort":null,"antivirusScanEnabled":false}}'
    headers:
      cache-control:
      - no-cache
      content-length:
      - '3834'
      content-type:
      - application/json
      date:
      - Thu, 03 Mar 2022 19:36:50 GMT
      expires:
      - '-1'
      pragma:
      - no-cache
      server:
      - Microsoft-IIS/10.0
      strict-transport-security:
      - max-age=31536000; includeSubDomains
      transfer-encoding:
      - chunked
      vary:
      - Accept-Encoding
      x-aspnet-version:
      - 4.0.30319
      x-content-type-options:
      - nosniff
      x-powered-by:
      - ASP.NET
    status:
      code: 200
      message: OK
version: 1
