interactions:
- request:
    body: null
    headers:
      Accept:
      - application/json
      Accept-Encoding:
      - gzip, deflate
      CommandName:
      - staticwebapp create
      Connection:
      - keep-alive
      ParameterSetName:
      - -g -n --sku
      User-Agent:
      - AZURECLI/2.68.0 azsdk-python-core/1.31.0 Python/3.12.9 (Windows-11-10.0.26100-SP0)
    method: GET
    uri: https://management.azure.com/subscriptions/00000000-0000-0000-0000-000000000000/resourceGroups/clitest.rg000001/providers/Microsoft.Web/staticSites/swabackends000002?api-version=2023-12-01
  response:
    body:
      string: '{"error":{"code":"ResourceNotFound","message":"The Resource ''Microsoft.Web/staticSites/swabackends000002''
        under resource group ''clitest.rg000001'' was not found. For more details
        please go to https://aka.ms/ARMResourceNotFoundFix"}}'
    headers:
      cache-control:
      - no-cache
      content-length:
      - '231'
      content-type:
      - application/json; charset=utf-8
      date:
      - Mon, 24 Feb 2025 05:12:50 GMT
      expires:
      - '-1'
      pragma:
      - no-cache
      strict-transport-security:
      - max-age=31536000; includeSubDomains
      x-cache:
      - CONFIG_NOCACHE
      x-content-type-options:
      - nosniff
      x-ms-failure-cause:
      - gateway
      x-msedge-ref:
      - 'Ref A: 5DB417883C9E47A0AF62FF61B20E46A7 Ref B: MAA201060515009 Ref C: 2025-02-24T05:12:50Z'
    status:
      code: 404
      message: Not Found
- request:
    body: '{"location": "centralus", "sku": {"name": "Standard", "tier": "Standard"},
      "properties": {"buildProperties": {"appLocation": "/"}}}'
    headers:
      Accept:
      - application/json
      Accept-Encoding:
      - gzip, deflate
      CommandName:
      - staticwebapp create
      Connection:
      - keep-alive
      Content-Length:
      - '131'
      Content-Type:
      - application/json
      ParameterSetName:
      - -g -n --sku
      User-Agent:
      - AZURECLI/2.68.0 azsdk-python-core/1.31.0 Python/3.12.9 (Windows-11-10.0.26100-SP0)
    method: PUT
    uri: https://management.azure.com/subscriptions/00000000-0000-0000-0000-000000000000/resourceGroups/clitest.rg000001/providers/Microsoft.Web/staticSites/swabackends000002?api-version=2023-12-01
  response:
    body:
      string: '{"id":"/subscriptions/00000000-0000-0000-0000-000000000000/resourceGroups/clitest.rg000001/providers/Microsoft.Web/staticSites/swabackends000002","name":"swabackends000002","type":"Microsoft.Web/staticSites","location":"Central
        US","properties":{"defaultHostname":"thankful-forest-002d34010.4.azurestaticapps.net","repositoryUrl":null,"branch":null,"customDomains":[],"stableInboundIP":"20.221.45.47","privateEndpointConnections":[],"stagingEnvironmentPolicy":"Enabled","allowConfigFileUpdates":true,"contentDistributionEndpoint":"https://content-dm1.infrastructure.4.azurestaticapps.net","keyVaultReferenceIdentity":"SystemAssigned","userProvidedFunctionApps":null,"linkedBackends":[],"provider":"None","enterpriseGradeCdnStatus":"Disabled","publicNetworkAccess":null,"databaseConnections":[],"trafficSplitting":{"environmentDistribution":{"default":100}},"areStaticSitesDistributedBackendsEnabled":false,"targetResourceGroupResourceId":null,"trialExpirationTimeUtc":null,"prettyNameStatus":null,"prettyName":null,"prettyNameHostname":null,"backendRegion":{"regionName":null,"status":null},"stagingEnvironmentRegion":null,"deploymentAuthPolicy":"DeploymentToken","federatedIdentityTenantId":null,"federatedIdentityClientId":null,"federatedIdentitySubscriptionId":null,"deploymentStorageAccountResourceId":null,"deploymentStorageAccountReferenceIdentity":null},"sku":{"name":"Standard","tier":"Standard"}}'
    headers:
      cache-control:
      - no-cache
      content-length:
      - '1405'
      content-type:
      - application/json
      date:
      - Mon, 24 Feb 2025 05:12:55 GMT
      expires:
      - '-1'
      pragma:
      - no-cache
      strict-transport-security:
      - max-age=31536000; includeSubDomains
      x-aspnet-version:
      - 4.0.30319
      x-cache:
      - CONFIG_NOCACHE
      x-content-type-options:
      - nosniff
      x-ms-ratelimit-remaining-subscription-global-writes:
      - '11999'
      x-ms-ratelimit-remaining-subscription-writes:
      - '799'
      x-msedge-ref:
      - 'Ref A: 0598EF439F054E079C077A5CE3D0FCA7 Ref B: MAA201060513035 Ref C: 2025-02-24T05:12:51Z'
      x-powered-by:
      - ASP.NET
    status:
      code: 200
      message: OK
- request:
    body: null
    headers:
      Accept:
      - application/json
      Accept-Encoding:
      - gzip, deflate
      CommandName:
      - staticwebapp create
      Connection:
      - keep-alive
      ParameterSetName:
      - -g -n --sku
      User-Agent:
      - AZURECLI/2.68.0 azsdk-python-core/1.31.0 Python/3.12.9 (Windows-11-10.0.26100-SP0)
    method: GET
    uri: https://management.azure.com/subscriptions/00000000-0000-0000-0000-000000000000/resourceGroups/clitest.rg000001/providers/Microsoft.Web/staticSites/swabackends000002?api-version=2023-12-01
  response:
    body:
      string: '{"id":"/subscriptions/00000000-0000-0000-0000-000000000000/resourceGroups/clitest.rg000001/providers/Microsoft.Web/staticSites/swabackends000002","name":"swabackends000002","type":"Microsoft.Web/staticSites","location":"Central
        US","properties":{"defaultHostname":"thankful-forest-002d34010.4.azurestaticapps.net","repositoryUrl":null,"branch":null,"customDomains":[],"stableInboundIP":"20.221.45.47","privateEndpointConnections":[],"stagingEnvironmentPolicy":"Enabled","allowConfigFileUpdates":true,"contentDistributionEndpoint":"https://content-dm1.infrastructure.4.azurestaticapps.net","keyVaultReferenceIdentity":"SystemAssigned","userProvidedFunctionApps":null,"linkedBackends":[],"provider":"None","enterpriseGradeCdnStatus":"Disabled","publicNetworkAccess":null,"databaseConnections":[],"trafficSplitting":{"environmentDistribution":{"default":100}},"areStaticSitesDistributedBackendsEnabled":false,"targetResourceGroupResourceId":null,"trialExpirationTimeUtc":null,"prettyNameStatus":null,"prettyName":null,"prettyNameHostname":null,"backendRegion":{"regionName":null,"status":null},"stagingEnvironmentRegion":null,"deploymentAuthPolicy":"DeploymentToken","federatedIdentityTenantId":null,"federatedIdentityClientId":null,"federatedIdentitySubscriptionId":null,"deploymentStorageAccountResourceId":null,"deploymentStorageAccountReferenceIdentity":null},"sku":{"name":"Standard","tier":"Standard"}}'
    headers:
      cache-control:
      - no-cache
      content-length:
      - '1405'
      content-type:
      - application/json
      date:
      - Mon, 24 Feb 2025 05:12:57 GMT
      expires:
      - '-1'
      pragma:
      - no-cache
      strict-transport-security:
      - max-age=31536000; includeSubDomains
      x-aspnet-version:
      - 4.0.30319
      x-cache:
      - CONFIG_NOCACHE
      x-content-type-options:
      - nosniff
      x-ms-ratelimit-remaining-subscription-global-reads:
      - '16499'
      x-msedge-ref:
      - 'Ref A: 572C3FF489A641F8831EF794CED750E7 Ref B: MAA201060513021 Ref C: 2025-02-24T05:12:56Z'
      x-powered-by:
      - ASP.NET
    status:
      code: 200
      message: OK
- request:
    body: null
    headers:
      Accept:
      - application/json
      Accept-Encoding:
      - gzip, deflate
      CommandName:
      - staticwebapp appsettings set
      Connection:
      - keep-alive
      Content-Length:
      - '0'
      ParameterSetName:
      - -g -n --setting-names
      User-Agent:
      - AZURECLI/2.68.0 azsdk-python-core/1.31.0 Python/3.12.9 (Windows-11-10.0.26100-SP0)
    method: POST
    uri: https://management.azure.com/subscriptions/00000000-0000-0000-0000-000000000000/resourceGroups/clitest.rg000001/providers/Microsoft.Web/staticSites/swabackends000002/listAppSettings?api-version=2023-12-01
  response:
    body:
      string: '{"id":"/subscriptions/00000000-0000-0000-0000-000000000000/resourceGroups/clitest.rg000001/providers/Microsoft.Web/staticSites/swabackends000002/config/appsettings","name":"appsettings","type":"Microsoft.Web/staticSites/config","location":"Central
        US","properties":{}}'
    headers:
      cache-control:
      - no-cache
      content-length:
      - '268'
      content-type:
      - application/json
      date:
      - Mon, 24 Feb 2025 05:12:57 GMT
      expires:
      - '-1'
      pragma:
      - no-cache
      strict-transport-security:
      - max-age=31536000; includeSubDomains
      x-aspnet-version:
      - 4.0.30319
      x-cache:
      - CONFIG_NOCACHE
      x-content-type-options:
      - nosniff
      x-ms-ratelimit-remaining-subscription-global-writes:
      - '11999'
      x-ms-ratelimit-remaining-subscription-writes:
      - '799'
      x-msedge-ref:
      - 'Ref A: EA86F82538A74CF8AC21B79BF691E486 Ref B: MAA201060514031 Ref C: 2025-02-24T05:12:57Z'
      x-powered-by:
      - ASP.NET
    status:
      code: 200
      message: OK
- request:
    body: '{"properties": {"s1": "s1", "s2": "s2", "s3": "s3"}}'
    headers:
      Accept:
      - application/json
      Accept-Encoding:
      - gzip, deflate
      CommandName:
      - staticwebapp appsettings set
      Connection:
      - keep-alive
      Content-Length:
      - '52'
      Content-Type:
      - application/json
      ParameterSetName:
      - -g -n --setting-names
      User-Agent:
      - AZURECLI/2.68.0 azsdk-python-core/1.31.0 Python/3.12.9 (Windows-11-10.0.26100-SP0)
    method: PUT
    uri: https://management.azure.com/subscriptions/00000000-0000-0000-0000-000000000000/resourceGroups/clitest.rg000001/providers/Microsoft.Web/staticSites/swabackends000002/config/appsettings?api-version=2023-12-01
  response:
    body:
      string: '{"id":"/subscriptions/00000000-0000-0000-0000-000000000000/resourceGroups/clitest.rg000001/providers/Microsoft.Web/staticSites/swabackends000002/config/appsettings","name":"appsettings","type":"Microsoft.Web/staticSites/config","location":"Central
        US","properties":{"s1":"s1","s2":"s2","s3":"s3"}}'
    headers:
      cache-control:
      - no-cache
      content-length:
      - '297'
      content-type:
      - application/json
      date:
      - Mon, 24 Feb 2025 05:12:59 GMT
      expires:
      - '-1'
      pragma:
      - no-cache
      strict-transport-security:
      - max-age=31536000; includeSubDomains
      x-aspnet-version:
      - 4.0.30319
      x-cache:
      - CONFIG_NOCACHE
      x-content-type-options:
      - nosniff
      x-ms-ratelimit-remaining-subscription-global-writes:
      - '11999'
      x-ms-ratelimit-remaining-subscription-writes:
      - '799'
      x-msedge-ref:
      - 'Ref A: 91A36A5374D44432894CC16911203AEE Ref B: MAA201060514035 Ref C: 2025-02-24T05:12:58Z'
      x-powered-by:
      - ASP.NET
    status:
      code: 200
      message: OK
- request:
    body: null
    headers:
      Accept:
      - application/json
      Accept-Encoding:
      - gzip, deflate
      CommandName:
      - staticwebapp appsettings list
      Connection:
      - keep-alive
      Content-Length:
      - '0'
      ParameterSetName:
      - -g -n
      User-Agent:
      - AZURECLI/2.68.0 azsdk-python-core/1.31.0 Python/3.12.9 (Windows-11-10.0.26100-SP0)
    method: POST
    uri: https://management.azure.com/subscriptions/00000000-0000-0000-0000-000000000000/resourceGroups/clitest.rg000001/providers/Microsoft.Web/staticSites/swabackends000002/listAppSettings?api-version=2023-12-01
  response:
    body:
      string: '{"id":"/subscriptions/00000000-0000-0000-0000-000000000000/resourceGroups/clitest.rg000001/providers/Microsoft.Web/staticSites/swabackends000002/config/appsettings","name":"appsettings","type":"Microsoft.Web/staticSites/config","location":"Central
        US","properties":{"s1":"s1","s2":"s2","s3":"s3"}}'
    headers:
      cache-control:
      - no-cache
      content-length:
      - '297'
      content-type:
      - application/json
      date:
      - Mon, 24 Feb 2025 05:13:03 GMT
      expires:
      - '-1'
      pragma:
      - no-cache
      strict-transport-security:
      - max-age=31536000; includeSubDomains
      x-aspnet-version:
      - 4.0.30319
      x-cache:
      - CONFIG_NOCACHE
      x-content-type-options:
      - nosniff
      x-ms-ratelimit-remaining-subscription-global-writes:
      - '11999'
      x-ms-ratelimit-remaining-subscription-writes:
      - '799'
      x-msedge-ref:
      - 'Ref A: B4118795B5844F91861C38CE956F6282 Ref B: MAA201060516037 Ref C: 2025-02-24T05:13:00Z'
      x-powered-by:
      - ASP.NET
    status:
      code: 200
      message: OK
- request:
    body: null
    headers:
      Accept:
      - application/json
      Accept-Encoding:
      - gzip, deflate
      CommandName:
      - staticwebapp appsettings delete
      Connection:
      - keep-alive
      Content-Length:
      - '0'
      ParameterSetName:
      - -g -n --setting-names
      User-Agent:
      - AZURECLI/2.68.0 azsdk-python-core/1.31.0 Python/3.12.9 (Windows-11-10.0.26100-SP0)
    method: POST
    uri: https://management.azure.com/subscriptions/00000000-0000-0000-0000-000000000000/resourceGroups/clitest.rg000001/providers/Microsoft.Web/staticSites/swabackends000002/listAppSettings?api-version=2023-12-01
  response:
    body:
      string: '{"id":"/subscriptions/00000000-0000-0000-0000-000000000000/resourceGroups/clitest.rg000001/providers/Microsoft.Web/staticSites/swabackends000002/config/appsettings","name":"appsettings","type":"Microsoft.Web/staticSites/config","location":"Central
        US","properties":{"s1":"s1","s2":"s2","s3":"s3"}}'
    headers:
      cache-control:
      - no-cache
      content-length:
      - '297'
      content-type:
      - application/json
      date:
      - Mon, 24 Feb 2025 05:13:04 GMT
      expires:
      - '-1'
      pragma:
      - no-cache
      strict-transport-security:
      - max-age=31536000; includeSubDomains
      x-aspnet-version:
      - 4.0.30319
      x-cache:
      - CONFIG_NOCACHE
      x-content-type-options:
      - nosniff
      x-ms-ratelimit-remaining-subscription-global-writes:
      - '11999'
      x-ms-ratelimit-remaining-subscription-writes:
      - '799'
      x-msedge-ref:
      - 'Ref A: 378ED2CFA69B485180FF06D42E0EA413 Ref B: MAA201060513039 Ref C: 2025-02-24T05:13:03Z'
      x-powered-by:
      - ASP.NET
    status:
      code: 200
      message: OK
- request:
    body: '{"properties": {"s3": "s3"}}'
    headers:
      Accept:
      - application/json
      Accept-Encoding:
      - gzip, deflate
      CommandName:
      - staticwebapp appsettings delete
      Connection:
      - keep-alive
      Content-Length:
      - '28'
      Content-Type:
      - application/json
      ParameterSetName:
      - -g -n --setting-names
      User-Agent:
      - AZURECLI/2.68.0 azsdk-python-core/1.31.0 Python/3.12.9 (Windows-11-10.0.26100-SP0)
    method: PUT
    uri: https://management.azure.com/subscriptions/00000000-0000-0000-0000-000000000000/resourceGroups/clitest.rg000001/providers/Microsoft.Web/staticSites/swabackends000002/config/appsettings?api-version=2023-12-01
  response:
    body:
      string: '{"id":"/subscriptions/00000000-0000-0000-0000-000000000000/resourceGroups/clitest.rg000001/providers/Microsoft.Web/staticSites/swabackends000002/config/appsettings","name":"appsettings","type":"Microsoft.Web/staticSites/config","location":"Central
        US","properties":{"s3":"s3"}}'
    headers:
      cache-control:
      - no-cache
      content-length:
      - '277'
      content-type:
      - application/json
      date:
      - Mon, 24 Feb 2025 05:13:05 GMT
      expires:
      - '-1'
      pragma:
      - no-cache
      strict-transport-security:
      - max-age=31536000; includeSubDomains
      x-aspnet-version:
      - 4.0.30319
      x-cache:
      - CONFIG_NOCACHE
      x-content-type-options:
      - nosniff
      x-ms-ratelimit-remaining-subscription-global-writes:
      - '11999'
      x-ms-ratelimit-remaining-subscription-writes:
      - '799'
      x-msedge-ref:
      - 'Ref A: 30E285EF93B049889C7BCFAEA594E2F8 Ref B: MAA201060516011 Ref C: 2025-02-24T05:13:05Z'
      x-powered-by:
      - ASP.NET
    status:
      code: 200
      message: OK
- request:
    body: null
    headers:
      Accept:
      - application/json
      Accept-Encoding:
      - gzip, deflate
      CommandName:
      - staticwebapp appsettings list
      Connection:
      - keep-alive
      Content-Length:
      - '0'
      ParameterSetName:
      - -g -n
      User-Agent:
      - AZURECLI/2.68.0 azsdk-python-core/1.31.0 Python/3.12.9 (Windows-11-10.0.26100-SP0)
    method: POST
    uri: https://management.azure.com/subscriptions/00000000-0000-0000-0000-000000000000/resourceGroups/clitest.rg000001/providers/Microsoft.Web/staticSites/swabackends000002/listAppSettings?api-version=2023-12-01
  response:
    body:
      string: '{"id":"/subscriptions/00000000-0000-0000-0000-000000000000/resourceGroups/clitest.rg000001/providers/Microsoft.Web/staticSites/swabackends000002/config/appsettings","name":"appsettings","type":"Microsoft.Web/staticSites/config","location":"Central
        US","properties":{"s3":"s3"}}'
    headers:
      cache-control:
      - no-cache
      content-length:
      - '277'
      content-type:
      - application/json
      date:
      - Mon, 24 Feb 2025 05:13:07 GMT
      expires:
      - '-1'
      pragma:
      - no-cache
      strict-transport-security:
      - max-age=31536000; includeSubDomains
      x-aspnet-version:
      - 4.0.30319
      x-cache:
      - CONFIG_NOCACHE
      x-content-type-options:
      - nosniff
      x-ms-ratelimit-remaining-subscription-global-writes:
      - '11999'
      x-ms-ratelimit-remaining-subscription-writes:
      - '799'
      x-msedge-ref:
      - 'Ref A: DA37D8C8190E4AA6A971DDAD86ED7FA7 Ref B: MAA201060513025 Ref C: 2025-02-24T05:13:06Z'
      x-powered-by:
      - ASP.NET
    status:
      code: 200
      message: OK
version: 1
