interactions:
- request:
    body: null
    headers:
      Accept:
      - application/json
      Accept-Encoding:
      - gzip, deflate
      CommandName:
      - appservice plan create
      Connection:
      - keep-alive
      ParameterSetName:
      - -g -n --sku
      User-Agent:
      - AZURECLI/2.45.0 azsdk-python-azure-mgmt-resource/22.0.0 Python/3.10.9 (Linux-5.15.0-1031-azure-x86_64-with-glibc2.31)
        VSTS_7b238909-6802-4b65-b90d-184bca47f458_build_220_0
    method: GET
    uri: https://management.azure.com/subscriptions/00000000-0000-0000-0000-000000000000/resourcegroups/clitest.rg000001?api-version=2022-09-01
  response:
    body:
      string: '{"id":"/subscriptions/00000000-0000-0000-0000-000000000000/resourceGroups/clitest.rg000001","name":"clitest.rg000001","type":"Microsoft.Resources/resourceGroups","location":"westus","tags":{"product":"azurecli","cause":"automation","date":"2023-02-07T12:05:26Z"},"properties":{"provisioningState":"Succeeded"}}'
    headers:
      cache-control:
      - no-cache
      content-length:
      - '310'
      content-type:
      - application/json; charset=utf-8
      date:
      - Tue, 07 Feb 2023 12:06:03 GMT
      expires:
      - '-1'
      pragma:
      - no-cache
      strict-transport-security:
      - max-age=31536000; includeSubDomains
      vary:
      - Accept-Encoding
      x-content-type-options:
      - nosniff
    status:
      code: 200
      message: OK
- request:
    body: null
    headers:
      Accept:
      - application/json
      Accept-Encoding:
      - gzip, deflate
      CommandName:
      - appservice plan create
      Connection:
      - keep-alive
      ParameterSetName:
      - -g -n --sku
      User-Agent:
      - AZURECLI/2.45.0 azsdk-python-azure-mgmt-web/7.0.0 Python/3.10.9 (Linux-5.15.0-1031-azure-x86_64-with-glibc2.31)
        VSTS_7b238909-6802-4b65-b90d-184bca47f458_build_220_0
    method: GET
    uri: https://management.azure.com/subscriptions/00000000-0000-0000-0000-000000000000/resourceGroups/clitest.rg000001/providers/Microsoft.Web/serverfarms/logic-e2e-plan000004?api-version=2022-03-01
  response:
    body:
      string: '{"error":{"code":"ResourceNotFound","message":"The Resource ''Microsoft.Web/serverFarms/logic-e2e-plan000004''
        under resource group ''clitest.rg000001'' was not found. For more details
        please go to https://aka.ms/ARMResourceNotFoundFix"}}'
    headers:
      cache-control:
      - no-cache
      content-length:
      - '234'
      content-type:
      - application/json; charset=utf-8
      date:
      - Tue, 07 Feb 2023 12:06:04 GMT
      expires:
      - '-1'
      pragma:
      - no-cache
      strict-transport-security:
      - max-age=31536000; includeSubDomains
      x-content-type-options:
      - nosniff
      x-ms-failure-cause:
      - gateway
    status:
      code: 404
      message: Not Found
- request:
    body: '{"location": "westus", "sku": {"name": "WS1", "tier": "WorkflowStandard",
      "capacity": 1}, "properties": {"perSiteScaling": false, "isXenon": false, "zoneRedundant":
      false}}'
    headers:
      Accept:
      - application/json
      Accept-Encoding:
      - gzip, deflate
      CommandName:
      - appservice plan create
      Connection:
      - keep-alive
      Content-Length:
      - '172'
      Content-Type:
      - application/json
      ParameterSetName:
      - -g -n --sku
      User-Agent:
      - AZURECLI/2.45.0 azsdk-python-azure-mgmt-web/7.0.0 Python/3.10.9 (Linux-5.15.0-1031-azure-x86_64-with-glibc2.31)
        VSTS_7b238909-6802-4b65-b90d-184bca47f458_build_220_0
    method: PUT
    uri: https://management.azure.com/subscriptions/00000000-0000-0000-0000-000000000000/resourceGroups/clitest.rg000001/providers/Microsoft.Web/serverfarms/logic-e2e-plan000004?api-version=2022-03-01
  response:
    body:
      string: '{"id":"/subscriptions/00000000-0000-0000-0000-000000000000/resourceGroups/clitest.rg000001/providers/Microsoft.Web/serverfarms/logic-e2e-plan000004","name":"logic-e2e-plan000004","type":"Microsoft.Web/serverfarms","kind":"elastic","location":"westus","properties":{"serverFarmId":3932,"name":"logic-e2e-plan000004","sku":{"name":"WS1","tier":"WorkflowStandard","size":"WS1","family":"WS","capacity":1},"workerSize":"D1","workerSizeId":3,"workerTierName":null,"numberOfWorkers":1,"currentWorkerSize":"D1","currentWorkerSizeId":3,"currentNumberOfWorkers":1,"status":"Ready","webSpace":"clitest.rg000001-WestUSwebspace","subscription":"0b1f6471-1bf0-4dda-aec3-cb9272f09590","adminSiteName":null,"hostingEnvironment":null,"hostingEnvironmentProfile":null,"maximumNumberOfWorkers":0,"planName":"VirtualDedicatedPlan","adminRuntimeSiteName":null,"computeMode":"Dedicated","siteMode":null,"geoRegion":"West
        US","perSiteScaling":false,"elasticScaleEnabled":true,"maximumElasticWorkerCount":1,"numberOfSites":0,"hostingEnvironmentId":null,"isSpot":false,"spotExpirationTime":null,"freeOfferExpirationTime":null,"tags":null,"kind":"elastic","resourceGroup":"clitest.rg000001","reserved":false,"isXenon":false,"hyperV":false,"mdmId":"waws-prod-bay-227_3932","targetWorkerCount":0,"targetWorkerSizeId":0,"provisioningState":"Succeeded","webSiteId":null,"existingServerFarmIds":null,"kubeEnvironmentProfile":null,"zoneRedundant":false},"sku":{"name":"WS1","tier":"WorkflowStandard","size":"WS1","family":"WS","capacity":1}}'
    headers:
      cache-control:
      - no-cache
      content-length:
      - '1510'
      content-type:
      - application/json
      date:
      - Tue, 07 Feb 2023 12:06:11 GMT
      etag:
      - '"1D93AEC91A765A0"'
      expires:
      - '-1'
      pragma:
      - no-cache
      server:
      - Microsoft-IIS/10.0
      strict-transport-security:
      - max-age=31536000; includeSubDomains
      transfer-encoding:
      - chunked
      vary:
      - Accept-Encoding
      x-aspnet-version:
      - 4.0.30319
      x-content-type-options:
      - nosniff
      x-ms-ratelimit-remaining-subscription-writes:
      - '1198'
      x-powered-by:
      - ASP.NET
    status:
      code: 200
      message: OK
- request:
    body: null
    headers:
      Accept:
      - application/json
      Accept-Encoding:
      - gzip, deflate
      CommandName:
      - logicapp create
      Connection:
      - keep-alive
      ParameterSetName:
      - -g -n -p -s --https-only
      User-Agent:
      - AZURECLI/2.45.0 azsdk-python-azure-mgmt-web/7.0.0 Python/3.10.9 (Linux-5.15.0-1031-azure-x86_64-with-glibc2.31)
        VSTS_7b238909-6802-4b65-b90d-184bca47f458_build_220_0
    method: GET
    uri: https://management.azure.com/subscriptions/00000000-0000-0000-0000-000000000000/resourceGroups/clitest.rg000001/providers/Microsoft.Web/serverfarms/logic-e2e-plan000004?api-version=2022-03-01
  response:
    body:
      string: '{"id":"/subscriptions/00000000-0000-0000-0000-000000000000/resourceGroups/clitest.rg000001/providers/Microsoft.Web/serverfarms/logic-e2e-plan000004","name":"logic-e2e-plan000004","type":"Microsoft.Web/serverfarms","kind":"elastic","location":"West
        US","properties":{"serverFarmId":3932,"name":"logic-e2e-plan000004","workerSize":"D1","workerSizeId":3,"workerTierName":null,"numberOfWorkers":1,"currentWorkerSize":"D1","currentWorkerSizeId":3,"currentNumberOfWorkers":1,"status":"Ready","webSpace":"clitest.rg000001-WestUSwebspace","subscription":"0b1f6471-1bf0-4dda-aec3-cb9272f09590","adminSiteName":null,"hostingEnvironment":null,"hostingEnvironmentProfile":null,"maximumNumberOfWorkers":20,"planName":"VirtualDedicatedPlan","adminRuntimeSiteName":null,"computeMode":"Dedicated","siteMode":null,"geoRegion":"West
        US","perSiteScaling":false,"elasticScaleEnabled":true,"maximumElasticWorkerCount":1,"numberOfSites":0,"hostingEnvironmentId":null,"isSpot":false,"spotExpirationTime":null,"freeOfferExpirationTime":null,"tags":null,"kind":"elastic","resourceGroup":"clitest.rg000001","reserved":false,"isXenon":false,"hyperV":false,"mdmId":"waws-prod-bay-227_3932","targetWorkerCount":0,"targetWorkerSizeId":0,"provisioningState":"Succeeded","webSiteId":null,"existingServerFarmIds":null,"kubeEnvironmentProfile":null,"zoneRedundant":false},"sku":{"name":"WS1","tier":"WorkflowStandard","size":"WS1","family":"WS","capacity":1}}'
    headers:
      cache-control:
      - no-cache
      content-length:
      - '1425'
      content-type:
      - application/json
      date:
      - Tue, 07 Feb 2023 12:06:11 GMT
      expires:
      - '-1'
      pragma:
      - no-cache
      server:
      - Microsoft-IIS/10.0
      strict-transport-security:
      - max-age=31536000; includeSubDomains
      transfer-encoding:
      - chunked
      vary:
      - Accept-Encoding
      x-aspnet-version:
      - 4.0.30319
      x-content-type-options:
      - nosniff
      x-powered-by:
      - ASP.NET
    status:
      code: 200
      message: OK
- request:
    body: null
    headers:
      Accept:
      - application/json
      Accept-Encoding:
      - gzip, deflate
      CommandName:
      - logicapp create
      Connection:
      - keep-alive
      ParameterSetName:
      - -g -n -p -s --https-only
      User-Agent:
      - AZURECLI/2.45.0 azsdk-python-azure-mgmt-storage/21.0.0 Python/3.10.9 (Linux-5.15.0-1031-azure-x86_64-with-glibc2.31)
        VSTS_7b238909-6802-4b65-b90d-184bca47f458_build_220_0
    method: GET
    uri: https://management.azure.com/subscriptions/00000000-0000-0000-0000-000000000000/resourceGroups/clitest.rg000001/providers/Microsoft.Storage/storageAccounts/clitest000002?api-version=2022-09-01
  response:
    body:
      string: '{"sku":{"name":"Standard_LRS","tier":"Standard"},"kind":"Storage","id":"/subscriptions/00000000-0000-0000-0000-000000000000/resourceGroups/clitest.rg000001/providers/Microsoft.Storage/storageAccounts/clitest000002","name":"clitest000002","type":"Microsoft.Storage/storageAccounts","location":"westus","tags":{},"properties":{"keyCreationTime":{"key1":"2023-02-07T12:05:30.6788012Z","key2":"2023-02-07T12:05:30.6788012Z"},"privateEndpointConnections":[],"minimumTlsVersion":"TLS1_0","allowBlobPublicAccess":false,"networkAcls":{"bypass":"AzureServices","virtualNetworkRules":[],"ipRules":[],"defaultAction":"Allow"},"supportsHttpsTrafficOnly":true,"encryption":{"services":{"file":{"keyType":"Account","enabled":true,"lastEnabledTime":"2023-02-07T12:05:31.5381663Z"},"blob":{"keyType":"Account","enabled":true,"lastEnabledTime":"2023-02-07T12:05:31.5381663Z"}},"keySource":"Microsoft.Storage"},"provisioningState":"Succeeded","creationTime":"2023-02-07T12:05:30.5694156Z","primaryEndpoints":{"blob":"https://clitest000002.blob.core.windows.net/","queue":"https://clitest000002.queue.core.windows.net/","table":"https://clitest000002.table.core.windows.net/","file":"https://clitest000002.file.core.windows.net/"},"primaryLocation":"westus","statusOfPrimary":"available"}}'
    headers:
      cache-control:
      - no-cache
      content-length:
      - '1270'
      content-type:
      - application/json
      date:
      - Tue, 07 Feb 2023 12:06:12 GMT
      expires:
      - '-1'
      pragma:
      - no-cache
      server:
      - Microsoft-Azure-Storage-Resource-Provider/1.0,Microsoft-HTTPAPI/2.0 Microsoft-HTTPAPI/2.0
      strict-transport-security:
      - max-age=31536000; includeSubDomains
      transfer-encoding:
      - chunked
      vary:
      - Accept-Encoding
      x-content-type-options:
      - nosniff
    status:
      code: 200
      message: OK
- request:
    body: null
    headers:
      Accept:
      - application/json
      Accept-Encoding:
      - gzip, deflate
      CommandName:
      - logicapp create
      Connection:
      - keep-alive
      Content-Length:
      - '0'
      ParameterSetName:
      - -g -n -p -s --https-only
      User-Agent:
      - AZURECLI/2.45.0 azsdk-python-azure-mgmt-storage/21.0.0 Python/3.10.9 (Linux-5.15.0-1031-azure-x86_64-with-glibc2.31)
        VSTS_7b238909-6802-4b65-b90d-184bca47f458_build_220_0
    method: POST
    uri: https://management.azure.com/subscriptions/00000000-0000-0000-0000-000000000000/resourceGroups/clitest.rg000001/providers/Microsoft.Storage/storageAccounts/clitest000002/listKeys?api-version=2022-09-01&$expand=kerb
  response:
    body:
      string: '{"keys":[{"creationTime":"2023-02-07T12:05:30.6788012Z","keyName":"key1","value":"veryFakedStorageAccountKey==","permissions":"FULL"},{"creationTime":"2023-02-07T12:05:30.6788012Z","keyName":"key2","value":"veryFakedStorageAccountKey==","permissions":"FULL"}]}'
    headers:
      cache-control:
      - no-cache
      content-length:
      - '260'
      content-type:
      - application/json
      date:
      - Tue, 07 Feb 2023 12:06:12 GMT
      expires:
      - '-1'
      pragma:
      - no-cache
      server:
      - Microsoft-Azure-Storage-Resource-Provider/1.0,Microsoft-HTTPAPI/2.0 Microsoft-HTTPAPI/2.0
      strict-transport-security:
      - max-age=31536000; includeSubDomains
      transfer-encoding:
      - chunked
      vary:
      - Accept-Encoding
      x-content-type-options:
      - nosniff
      x-ms-ratelimit-remaining-subscription-resource-requests:
      - '11999'
    status:
      code: 200
      message: OK
- request:
    body: '{"kind": "functionapp,workflowapp", "location": "West US", "properties":
      {"serverFarmId": "/subscriptions/00000000-0000-0000-0000-000000000000/resourceGroups/clitest.rg000001/providers/Microsoft.Web/serverfarms/logic-e2e-plan000004",
      "reserved": false, "isXenon": false, "hyperV": false, "siteConfig": {"netFrameworkVersion":
      "v4.6", "appSettings": [{"name": "FUNCTIONS_WORKER_RUNTIME", "value": "node"},
      {"name": "MACHINEKEY_DecryptionKey", "value": "3C15F39AF392A98E310CB361CAC81EE628D6CD58E84EB6C80A17A426B94A7EAC"},
      {"name": "FUNCTIONS_EXTENSION_VERSION", "value": "~3"}, {"name": "AzureWebJobsStorage",
      "value": "DefaultEndpointsProtocol=https;EndpointSuffix=core.windows.net;AccountName=clitest000002;AccountKey=veryFakedStorageAccountKey=="},
      {"name": "AzureWebJobsDashboard", "value": "DefaultEndpointsProtocol=https;EndpointSuffix=core.windows.net;AccountName=clitest000002;AccountKey=veryFakedStorageAccountKey=="},
      {"name": "AzureFunctionsJobHost__extensionBundle__id", "value": "Microsoft.Azure.Functions.ExtensionBundle.Workflows"},
      {"name": "AzureFunctionsJobHost__extensionBundle__version", "value": "[1.*,
      2.0.0)"}, {"name": "APP_KIND", "value": "workflowApp"}], "localMySqlEnabled":
      false, "http20Enabled": true}, "scmSiteAlsoStopped": false, "httpsOnly": true}}'
    headers:
      Accept:
      - application/json
      Accept-Encoding:
      - gzip, deflate
      CommandName:
      - logicapp create
      Connection:
      - keep-alive
      Content-Length:
      - '1279'
      Content-Type:
      - application/json
      ParameterSetName:
      - -g -n -p -s --https-only
      User-Agent:
      - AZURECLI/2.45.0 azsdk-python-azure-mgmt-web/7.0.0 Python/3.10.9 (Linux-5.15.0-1031-azure-x86_64-with-glibc2.31)
        VSTS_7b238909-6802-4b65-b90d-184bca47f458_build_220_0
    method: PUT
    uri: https://management.azure.com/subscriptions/00000000-0000-0000-0000-000000000000/resourceGroups/clitest.rg000001/providers/Microsoft.Web/sites/logic-e2e000003?api-version=2022-03-01
  response:
    body:
      string: '{"id":"/subscriptions/00000000-0000-0000-0000-000000000000/resourceGroups/clitest.rg000001/providers/Microsoft.Web/sites/logic-e2e000003","name":"logic-e2e000003","type":"Microsoft.Web/sites","kind":"functionapp,workflowapp","location":"West
        US","properties":{"name":"logic-e2e000003","state":"Running","hostNames":["logic-e2e000003.azurewebsites.net"],"webSpace":"clitest.rg000001-WestUSwebspace","selfLink":"https://waws-prod-bay-227.api.azurewebsites.windows.net:454/subscriptions/00000000-0000-0000-0000-000000000000/webspaces/clitest.rg000001-WestUSwebspace/sites/logic-e2e000003","repositorySiteName":"logic-e2e000003","owner":null,"usageState":"Normal","enabled":true,"adminEnabled":true,"enabledHostNames":["logic-e2e000003.azurewebsites.net","logic-e2e000003.scm.azurewebsites.net"],"siteProperties":{"metadata":null,"properties":[{"name":"LinuxFxVersion","value":""},{"name":"WindowsFxVersion","value":null}],"appSettings":null},"availabilityState":"Normal","sslCertificates":null,"csrs":[],"cers":null,"siteMode":null,"hostNameSslStates":[{"name":"logic-e2e000003.azurewebsites.net","sslState":"Disabled","ipBasedSslResult":null,"virtualIP":null,"thumbprint":null,"toUpdate":null,"toUpdateIpBasedSsl":null,"ipBasedSslState":"NotConfigured","hostType":"Standard"},{"name":"logic-e2e000003.scm.azurewebsites.net","sslState":"Disabled","ipBasedSslResult":null,"virtualIP":null,"thumbprint":null,"toUpdate":null,"toUpdateIpBasedSsl":null,"ipBasedSslState":"NotConfigured","hostType":"Repository"}],"computeMode":null,"serverFarm":null,"serverFarmId":"/subscriptions/00000000-0000-0000-0000-000000000000/resourceGroups/clitest.rg000001/providers/Microsoft.Web/serverfarms/logic-e2e-plan000004","reserved":false,"isXenon":false,"hyperV":false,"lastModifiedTimeUtc":"2023-02-07T12:06:17.4733333","storageRecoveryDefaultState":"Running","contentAvailabilityState":"Normal","runtimeAvailabilityState":"Normal","dnsConfiguration":{},"vnetRouteAllEnabled":false,"containerAllocationSubnet":null,"useContainerLocalhostBindings":null,"vnetImagePullEnabled":false,"vnetContentShareEnabled":false,"siteConfig":{"numberOfWorkers":1,"defaultDocuments":null,"netFrameworkVersion":null,"phpVersion":null,"pythonVersion":null,"nodeVersion":null,"powerShellVersion":null,"linuxFxVersion":"","windowsFxVersion":null,"windowsConfiguredStacks":null,"requestTracingEnabled":null,"remoteDebuggingEnabled":null,"remoteDebuggingVersion":null,"httpLoggingEnabled":null,"azureMonitorLogCategories":null,"acrUseManagedIdentityCreds":false,"acrUserManagedIdentityID":null,"logsDirectorySizeLimit":null,"detailedErrorLoggingEnabled":null,"publishingUsername":null,"publishingPassword":null,"appSettings":null,"metadata":null,"connectionStrings":null,"machineKey":null,"handlerMappings":null,"documentRoot":null,"scmType":null,"use32BitWorkerProcess":null,"webSocketsEnabled":null,"alwaysOn":false,"javaVersion":null,"javaContainer":null,"javaContainerVersion":null,"appCommandLine":null,"managedPipelineMode":null,"virtualApplications":null,"winAuthAdminState":null,"winAuthTenantState":null,"customAppPoolIdentityAdminState":null,"customAppPoolIdentityTenantState":null,"runtimeADUser":null,"runtimeADUserPassword":null,"loadBalancing":null,"routingRules":null,"experiments":null,"limits":null,"autoHealEnabled":null,"autoHealRules":null,"tracingOptions":null,"vnetName":null,"vnetRouteAllEnabled":null,"vnetPrivatePortsCount":null,"publicNetworkAccess":null,"cors":null,"push":null,"apiDefinition":null,"apiManagementConfig":null,"autoSwapSlotName":null,"localMySqlEnabled":null,"managedServiceIdentityId":null,"xManagedServiceIdentityId":null,"keyVaultReferenceIdentity":null,"ipSecurityRestrictions":[{"ipAddress":"Any","action":"Allow","priority":2147483647,"name":"Allow
        all","description":"Allow all access"}],"ipSecurityRestrictionsDefaultAction":null,"scmIpSecurityRestrictions":[{"ipAddress":"Any","action":"Allow","priority":2147483647,"name":"Allow
        all","description":"Allow all access"}],"scmIpSecurityRestrictionsDefaultAction":null,"scmIpSecurityRestrictionsUseMain":null,"http20Enabled":false,"minTlsVersion":null,"minTlsCipherSuite":null,"supportedTlsCipherSuites":null,"scmMinTlsVersion":null,"ftpsState":null,"preWarmedInstanceCount":null,"functionAppScaleLimit":0,"elasticWebAppScaleLimit":null,"healthCheckPath":null,"fileChangeAuditEnabled":null,"functionsRuntimeScaleMonitoringEnabled":null,"websiteTimeZone":null,"minimumElasticInstanceCount":0,"azureStorageAccounts":null,"http20ProxyFlag":null,"sitePort":null,"antivirusScanEnabled":null,"storageType":null},"deploymentId":"logic-e2e000003","slotName":null,"trafficManagerHostNames":null,"sku":"WorkflowStandard","scmSiteAlsoStopped":false,"targetSwapSlot":null,"hostingEnvironment":null,"hostingEnvironmentProfile":null,"clientAffinityEnabled":false,"clientCertEnabled":false,"clientCertMode":"Required","clientCertExclusionPaths":null,"hostNamesDisabled":false,"domainVerificationIdentifiers":null,"customDomainVerificationId":"253001F2FCF5A7B1CD759EB861E9BB1596370BE27E47A991F72184277B3D12F2","kind":"functionapp,workflowapp","inboundIpAddress":"40.112.243.109","possibleInboundIpAddresses":"40.112.243.109","ftpUsername":"logic-e2e000003\\$logic-e2e000003","ftpsHostName":"ftps://waws-prod-bay-227.ftp.azurewebsites.windows.net/site/wwwroot","outboundIpAddresses":"137.135.51.231,137.135.52.22,137.135.52.42,137.135.52.79,137.135.52.122,137.135.52.140,40.112.243.109","possibleOutboundIpAddresses":"137.135.50.110,137.135.50.174,137.135.51.44,137.135.51.83,137.135.51.157,137.135.51.196,137.135.51.231,137.135.52.22,137.135.52.42,137.135.52.79,137.135.52.122,137.135.52.140,137.135.52.161,137.135.53.86,104.40.12.208,20.253.156.28,20.245.131.41,137.135.48.93,137.135.54.109,137.135.54.221,137.135.48.164,157.56.164.196,20.245.131.32,20.245.135.25,20.253.156.176,20.253.153.249,20.253.155.69,20.253.157.244,137.135.49.217,104.40.4.255,40.112.243.109","containerSize":1536,"dailyMemoryTimeQuota":0,"suspendedTill":null,"siteDisabledReason":0,"functionExecutionUnitsCache":null,"maxNumberOfWorkers":null,"homeStamp":"waws-prod-bay-227","cloningInfo":null,"hostingEnvironmentId":null,"tags":null,"resourceGroup":"clitest.rg000001","defaultHostName":"logic-e2e000003.azurewebsites.net","slotSwapStatus":null,"httpsOnly":true,"redundancyMode":"None","inProgressOperationId":null,"geoDistributions":null,"privateEndpointConnections":null,"publicNetworkAccess":null,"buildVersion":null,"targetBuildVersion":null,"migrationState":null,"eligibleLogCategories":"WorkflowRuntime,FunctionAppLogs","storageAccountRequired":false,"virtualNetworkSubnetId":null,"keyVaultReferenceIdentity":"SystemAssigned","defaultHostNameScope":"Global","privateLinkIdentifiers":null}}'
    headers:
      cache-control:
      - no-cache
      content-length:
      - '6711'
      content-type:
      - application/json
      date:
      - Tue, 07 Feb 2023 12:06:34 GMT
      etag:
      - '"1D93AEC9577736B"'
      expires:
      - '-1'
      pragma:
      - no-cache
      server:
      - Microsoft-IIS/10.0
      strict-transport-security:
      - max-age=31536000; includeSubDomains
      transfer-encoding:
      - chunked
      vary:
      - Accept-Encoding
      x-aspnet-version:
      - 4.0.30319
      x-content-type-options:
      - nosniff
      x-ms-ratelimit-remaining-subscription-resource-requests:
      - '499'
      x-powered-by:
      - ASP.NET
    status:
      code: 200
      message: OK
- request:
    body: '{"location": "West US", "kind": "web", "properties": {"Application_Type":
      "web"}}'
    headers:
      Accept:
      - application/json
      Accept-Encoding:
      - gzip, deflate
      CommandName:
      - logicapp create
      Connection:
      - keep-alive
      Content-Length:
      - '81'
      Content-Type:
      - application/json
      ParameterSetName:
      - -g -n -p -s --https-only
      User-Agent:
      - AZURECLI/2.45.0 azsdk-python-azure-mgmt-applicationinsights/1.0.0 Python/3.10.9
        (Linux-5.15.0-1031-azure-x86_64-with-glibc2.31) VSTS_7b238909-6802-4b65-b90d-184bca47f458_build_220_0
    method: PUT
    uri: https://management.azure.com/subscriptions/00000000-0000-0000-0000-000000000000/resourceGroups/clitest.rg000001/providers/Microsoft.Insights/components/logic-e2e000003?api-version=2015-05-01
  response:
    body:
      string: "{\r\n  \"id\": \"/subscriptions/00000000-0000-0000-0000-000000000000/resourceGroups/clitest.rg000001/providers/microsoft.insights/components/logic-e2e000003\",\r\n
        \ \"name\": \"logic-e2e000003\",\r\n  \"type\": \"microsoft.insights/components\",\r\n
        \ \"location\": \"westus\",\r\n  \"tags\": {},\r\n  \"kind\": \"web\",\r\n
        \ \"etag\": \"\\\"00003a16-0000-0200-0000-63e23ed20000\\\"\",\r\n  \"properties\":
        {\r\n    \"ApplicationId\": \"logic-e2e000003\",\r\n    \"AppId\": \"dac552a5-811d-4f2c-b2fd-72c3500e4061\",\r\n
        \   \"Application_Type\": \"web\",\r\n    \"Flow_Type\": null,\r\n    \"Request_Source\":
        null,\r\n    \"InstrumentationKey\": \"940c3e01-1a25-497c-a964-c06f153e6a37\",\r\n
        \   \"ConnectionString\": \"InstrumentationKey=940c3e01-1a25-497c-a964-c06f153e6a37;IngestionEndpoint=https://westus-0.in.applicationinsights.azure.com/;LiveEndpoint=https://westus.livediagnostics.monitor.azure.com/\",\r\n
        \   \"Name\": \"logic-e2e000003\",\r\n    \"CreationDate\": \"2023-02-07T12:06:42.1968965+00:00\",\r\n
        \   \"TenantId\": \"0b1f6471-1bf0-4dda-aec3-cb9272f09590\",\r\n    \"provisioningState\":
        \"Succeeded\",\r\n    \"SamplingPercentage\": null,\r\n    \"RetentionInDays\":
        90,\r\n    \"IngestionMode\": \"ApplicationInsights\",\r\n    \"publicNetworkAccessForIngestion\":
        \"Enabled\",\r\n    \"publicNetworkAccessForQuery\": \"Enabled\",\r\n    \"Ver\":
        \"v2\"\r\n  }\r\n}"
    headers:
      access-control-expose-headers:
      - Request-Context
      cache-control:
      - no-cache
      content-length:
      - '1237'
      content-type:
      - application/json; charset=utf-8
      date:
      - Tue, 07 Feb 2023 12:06:47 GMT
      expires:
      - '-1'
      pragma:
      - no-cache
      request-context:
      - appId=cid-v1:7f83c1fe-8c94-4d55-9337-4ddc696f61ed
      server:
      - Microsoft-IIS/10.0
      strict-transport-security:
      - max-age=31536000; includeSubDomains
      transfer-encoding:
      - chunked
      vary:
      - Accept-Encoding
      x-content-type-options:
      - nosniff
      x-ms-ratelimit-remaining-subscription-writes:
      - '1198'
      x-powered-by:
      - ASP.NET
    status:
      code: 200
      message: OK
- request:
    body: null
    headers:
      Accept:
      - application/json
      Accept-Encoding:
      - gzip, deflate
      CommandName:
      - logicapp create
      Connection:
      - keep-alive
      Content-Length:
      - '0'
      ParameterSetName:
      - -g -n -p -s --https-only
      User-Agent:
      - AZURECLI/2.45.0 azsdk-python-azure-mgmt-web/7.0.0 Python/3.10.9 (Linux-5.15.0-1031-azure-x86_64-with-glibc2.31)
        VSTS_7b238909-6802-4b65-b90d-184bca47f458_build_220_0
    method: POST
    uri: https://management.azure.com/subscriptions/00000000-0000-0000-0000-000000000000/resourceGroups/clitest.rg000001/providers/Microsoft.Web/sites/logic-e2e000003/config/appsettings/list?api-version=2022-03-01
  response:
    body:
      string: '{"id":"/subscriptions/00000000-0000-0000-0000-000000000000/resourceGroups/clitest.rg000001/providers/Microsoft.Web/sites/logic-e2e000003/config/appsettings","name":"appsettings","type":"Microsoft.Web/sites/config","location":"West
        US","properties":{"FUNCTIONS_WORKER_RUNTIME":"node","MACHINEKEY_DecryptionKey":"3C15F39AF392A98E310CB361CAC81EE628D6CD58E84EB6C80A17A426B94A7EAC","FUNCTIONS_EXTENSION_VERSION":"~3","AzureWebJobsStorage":"DefaultEndpointsProtocol=https;EndpointSuffix=core.windows.net;AccountName=clitest000002;AccountKey=veryFakedStorageAccountKey==","AzureWebJobsDashboard":"DefaultEndpointsProtocol=https;EndpointSuffix=core.windows.net;AccountName=clitest000002;AccountKey=veryFakedStorageAccountKey==","AzureFunctionsJobHost__extensionBundle__id":"Microsoft.Azure.Functions.ExtensionBundle.Workflows","AzureFunctionsJobHost__extensionBundle__version":"[1.*,
        2.0.0)","APP_KIND":"workflowApp"}}'
    headers:
      cache-control:
      - no-cache
      content-length:
      - '910'
      content-type:
      - application/json
      date:
      - Tue, 07 Feb 2023 12:06:47 GMT
      expires:
      - '-1'
      pragma:
      - no-cache
      server:
      - Microsoft-IIS/10.0
      strict-transport-security:
      - max-age=31536000; includeSubDomains
      transfer-encoding:
      - chunked
      vary:
      - Accept-Encoding
      x-aspnet-version:
      - 4.0.30319
      x-content-type-options:
      - nosniff
      x-ms-ratelimit-remaining-subscription-resource-requests:
      - '11999'
      x-powered-by:
      - ASP.NET
    status:
      code: 200
      message: OK
- request:
    body: '{"properties": {"FUNCTIONS_WORKER_RUNTIME": "node", "MACHINEKEY_DecryptionKey":
      "3C15F39AF392A98E310CB361CAC81EE628D6CD58E84EB6C80A17A426B94A7EAC", "FUNCTIONS_EXTENSION_VERSION":
      "~3", "AzureWebJobsStorage": "DefaultEndpointsProtocol=https;EndpointSuffix=core.windows.net;AccountName=clitest000002;AccountKey=veryFakedStorageAccountKey==",
      "AzureWebJobsDashboard": "DefaultEndpointsProtocol=https;EndpointSuffix=core.windows.net;AccountName=clitest000002;AccountKey=veryFakedStorageAccountKey==",
      "AzureFunctionsJobHost__extensionBundle__id": "Microsoft.Azure.Functions.ExtensionBundle.Workflows",
      "AzureFunctionsJobHost__extensionBundle__version": "[1.*, 2.0.0)", "APP_KIND":
      "workflowApp", "APPINSIGHTS_INSTRUMENTATIONKEY": "940c3e01-1a25-497c-a964-c06f153e6a37"}}'
    headers:
      Accept:
      - application/json
      Accept-Encoding:
      - gzip, deflate
      CommandName:
      - logicapp create
      Connection:
      - keep-alive
      Content-Length:
      - '766'
      Content-Type:
      - application/json
      ParameterSetName:
      - -g -n -p -s --https-only
      User-Agent:
      - AZURECLI/2.45.0 azsdk-python-azure-mgmt-web/7.0.0 Python/3.10.9 (Linux-5.15.0-1031-azure-x86_64-with-glibc2.31)
        VSTS_7b238909-6802-4b65-b90d-184bca47f458_build_220_0
    method: PUT
    uri: https://management.azure.com/subscriptions/00000000-0000-0000-0000-000000000000/resourceGroups/clitest.rg000001/providers/Microsoft.Web/sites/logic-e2e000003/config/appsettings?api-version=2022-03-01
  response:
    body:
      string: '{"id":"/subscriptions/00000000-0000-0000-0000-000000000000/resourceGroups/clitest.rg000001/providers/Microsoft.Web/sites/logic-e2e000003/config/appsettings","name":"appsettings","type":"Microsoft.Web/sites/config","location":"West
        US","properties":{"FUNCTIONS_WORKER_RUNTIME":"node","MACHINEKEY_DecryptionKey":"3C15F39AF392A98E310CB361CAC81EE628D6CD58E84EB6C80A17A426B94A7EAC","FUNCTIONS_EXTENSION_VERSION":"~3","AzureWebJobsStorage":"DefaultEndpointsProtocol=https;EndpointSuffix=core.windows.net;AccountName=clitest000002;AccountKey=veryFakedStorageAccountKey==","AzureWebJobsDashboard":"DefaultEndpointsProtocol=https;EndpointSuffix=core.windows.net;AccountName=clitest000002;AccountKey=veryFakedStorageAccountKey==","AzureFunctionsJobHost__extensionBundle__id":"Microsoft.Azure.Functions.ExtensionBundle.Workflows","AzureFunctionsJobHost__extensionBundle__version":"[1.*,
        2.0.0)","APP_KIND":"workflowApp","APPINSIGHTS_INSTRUMENTATIONKEY":"940c3e01-1a25-497c-a964-c06f153e6a37"}}'
    headers:
      cache-control:
      - no-cache
      content-length:
      - '982'
      content-type:
      - application/json
      date:
      - Tue, 07 Feb 2023 12:07:00 GMT
      etag:
      - '"1D93AEC9577736B"'
      expires:
      - '-1'
      pragma:
      - no-cache
      server:
      - Microsoft-IIS/10.0
      strict-transport-security:
      - max-age=31536000; includeSubDomains
      transfer-encoding:
      - chunked
      vary:
      - Accept-Encoding
      x-aspnet-version:
      - 4.0.30319
      x-content-type-options:
      - nosniff
      x-ms-ratelimit-remaining-subscription-writes:
      - '1197'
      x-powered-by:
      - ASP.NET
    status:
      code: 200
      message: OK
- request:
    body: null
    headers:
      Accept:
      - application/json
      Accept-Encoding:
      - gzip, deflate
      CommandName:
      - logicapp create
      Connection:
      - keep-alive
      ParameterSetName:
      - -g -n -p -s
      User-Agent:
      - AZURECLI/2.45.0 azsdk-python-azure-mgmt-web/7.0.0 Python/3.10.9 (Linux-5.15.0-1031-azure-x86_64-with-glibc2.31)
        VSTS_7b238909-6802-4b65-b90d-184bca47f458_build_220_0
    method: GET
    uri: https://management.azure.com/subscriptions/00000000-0000-0000-0000-000000000000/resourceGroups/clitest.rg000001/providers/Microsoft.Web/serverfarms/logic-e2e-plan000004?api-version=2022-03-01
  response:
    body:
      string: '{"id":"/subscriptions/00000000-0000-0000-0000-000000000000/resourceGroups/clitest.rg000001/providers/Microsoft.Web/serverfarms/logic-e2e-plan000004","name":"logic-e2e-plan000004","type":"Microsoft.Web/serverfarms","kind":"elastic","location":"West
        US","properties":{"serverFarmId":3932,"name":"logic-e2e-plan000004","workerSize":"D1","workerSizeId":3,"workerTierName":null,"numberOfWorkers":1,"currentWorkerSize":"D1","currentWorkerSizeId":3,"currentNumberOfWorkers":1,"status":"Ready","webSpace":"clitest.rg000001-WestUSwebspace","subscription":"0b1f6471-1bf0-4dda-aec3-cb9272f09590","adminSiteName":null,"hostingEnvironment":null,"hostingEnvironmentProfile":null,"maximumNumberOfWorkers":20,"planName":"VirtualDedicatedPlan","adminRuntimeSiteName":null,"computeMode":"Dedicated","siteMode":null,"geoRegion":"West
        US","perSiteScaling":false,"elasticScaleEnabled":true,"maximumElasticWorkerCount":1,"numberOfSites":1,"hostingEnvironmentId":null,"isSpot":false,"spotExpirationTime":null,"freeOfferExpirationTime":null,"tags":null,"kind":"elastic","resourceGroup":"clitest.rg000001","reserved":false,"isXenon":false,"hyperV":false,"mdmId":"waws-prod-bay-227_3932","targetWorkerCount":0,"targetWorkerSizeId":0,"provisioningState":"Succeeded","webSiteId":null,"existingServerFarmIds":null,"kubeEnvironmentProfile":null,"zoneRedundant":false},"sku":{"name":"WS1","tier":"WorkflowStandard","size":"WS1","family":"WS","capacity":1}}'
    headers:
      cache-control:
      - no-cache
      content-length:
      - '1425'
      content-type:
      - application/json
      date:
      - Tue, 07 Feb 2023 12:07:02 GMT
      expires:
      - '-1'
      pragma:
      - no-cache
      server:
      - Microsoft-IIS/10.0
      strict-transport-security:
      - max-age=31536000; includeSubDomains
      transfer-encoding:
      - chunked
      vary:
      - Accept-Encoding
      x-aspnet-version:
      - 4.0.30319
      x-content-type-options:
      - nosniff
      x-powered-by:
      - ASP.NET
    status:
      code: 200
      message: OK
- request:
    body: null
    headers:
      Accept:
      - application/json
      Accept-Encoding:
      - gzip, deflate
      CommandName:
      - logicapp create
      Connection:
      - keep-alive
      ParameterSetName:
      - -g -n -p -s
      User-Agent:
      - AZURECLI/2.45.0 azsdk-python-azure-mgmt-storage/21.0.0 Python/3.10.9 (Linux-5.15.0-1031-azure-x86_64-with-glibc2.31)
        VSTS_7b238909-6802-4b65-b90d-184bca47f458_build_220_0
    method: GET
    uri: https://management.azure.com/subscriptions/00000000-0000-0000-0000-000000000000/resourceGroups/clitest.rg000001/providers/Microsoft.Storage/storageAccounts/clitest000002?api-version=2022-09-01
  response:
    body:
      string: '{"sku":{"name":"Standard_LRS","tier":"Standard"},"kind":"Storage","id":"/subscriptions/00000000-0000-0000-0000-000000000000/resourceGroups/clitest.rg000001/providers/Microsoft.Storage/storageAccounts/clitest000002","name":"clitest000002","type":"Microsoft.Storage/storageAccounts","location":"westus","tags":{},"properties":{"keyCreationTime":{"key1":"2023-02-07T12:05:30.6788012Z","key2":"2023-02-07T12:05:30.6788012Z"},"privateEndpointConnections":[],"minimumTlsVersion":"TLS1_0","allowBlobPublicAccess":false,"networkAcls":{"bypass":"AzureServices","virtualNetworkRules":[],"ipRules":[],"defaultAction":"Allow"},"supportsHttpsTrafficOnly":true,"encryption":{"services":{"file":{"keyType":"Account","enabled":true,"lastEnabledTime":"2023-02-07T12:05:31.5381663Z"},"blob":{"keyType":"Account","enabled":true,"lastEnabledTime":"2023-02-07T12:05:31.5381663Z"}},"keySource":"Microsoft.Storage"},"provisioningState":"Succeeded","creationTime":"2023-02-07T12:05:30.5694156Z","primaryEndpoints":{"blob":"https://clitest000002.blob.core.windows.net/","queue":"https://clitest000002.queue.core.windows.net/","table":"https://clitest000002.table.core.windows.net/","file":"https://clitest000002.file.core.windows.net/"},"primaryLocation":"westus","statusOfPrimary":"available"}}'
    headers:
      cache-control:
      - no-cache
      content-length:
      - '1270'
      content-type:
      - application/json
      date:
      - Tue, 07 Feb 2023 12:07:02 GMT
      expires:
      - '-1'
      pragma:
      - no-cache
      server:
      - Microsoft-Azure-Storage-Resource-Provider/1.0,Microsoft-HTTPAPI/2.0 Microsoft-HTTPAPI/2.0
      strict-transport-security:
      - max-age=31536000; includeSubDomains
      transfer-encoding:
      - chunked
      vary:
      - Accept-Encoding
      x-content-type-options:
      - nosniff
    status:
      code: 200
      message: OK
- request:
    body: null
    headers:
      Accept:
      - application/json
      Accept-Encoding:
      - gzip, deflate
      CommandName:
      - logicapp create
      Connection:
      - keep-alive
      Content-Length:
      - '0'
      ParameterSetName:
      - -g -n -p -s
      User-Agent:
      - AZURECLI/2.45.0 azsdk-python-azure-mgmt-storage/21.0.0 Python/3.10.9 (Linux-5.15.0-1031-azure-x86_64-with-glibc2.31)
        VSTS_7b238909-6802-4b65-b90d-184bca47f458_build_220_0
    method: POST
    uri: https://management.azure.com/subscriptions/00000000-0000-0000-0000-000000000000/resourceGroups/clitest.rg000001/providers/Microsoft.Storage/storageAccounts/clitest000002/listKeys?api-version=2022-09-01&$expand=kerb
  response:
    body:
      string: '{"keys":[{"creationTime":"2023-02-07T12:05:30.6788012Z","keyName":"key1","value":"veryFakedStorageAccountKey==","permissions":"FULL"},{"creationTime":"2023-02-07T12:05:30.6788012Z","keyName":"key2","value":"veryFakedStorageAccountKey==","permissions":"FULL"}]}'
    headers:
      cache-control:
      - no-cache
      content-length:
      - '260'
      content-type:
      - application/json
      date:
      - Tue, 07 Feb 2023 12:07:03 GMT
      expires:
      - '-1'
      pragma:
      - no-cache
      server:
      - Microsoft-Azure-Storage-Resource-Provider/1.0,Microsoft-HTTPAPI/2.0 Microsoft-HTTPAPI/2.0
      strict-transport-security:
      - max-age=31536000; includeSubDomains
      transfer-encoding:
      - chunked
      vary:
      - Accept-Encoding
      x-content-type-options:
      - nosniff
      x-ms-ratelimit-remaining-subscription-resource-requests:
      - '11999'
    status:
      code: 200
      message: OK
- request:
    body: '{"kind": "functionapp,workflowapp", "location": "West US", "properties":
      {"serverFarmId": "/subscriptions/00000000-0000-0000-0000-000000000000/resourceGroups/clitest.rg000001/providers/Microsoft.Web/serverfarms/logic-e2e-plan000004",
      "reserved": false, "isXenon": false, "hyperV": false, "siteConfig": {"netFrameworkVersion":
      "v4.6", "appSettings": [{"name": "FUNCTIONS_WORKER_RUNTIME", "value": "node"},
      {"name": "MACHINEKEY_DecryptionKey", "value": "B1A156646447BD62EBF2E7ED685354776137B7D36F0E131FFE95E9534B2D788F"},
      {"name": "FUNCTIONS_EXTENSION_VERSION", "value": "~3"}, {"name": "AzureWebJobsStorage",
      "value": "DefaultEndpointsProtocol=https;EndpointSuffix=core.windows.net;AccountName=clitest000002;AccountKey=veryFakedStorageAccountKey=="},
      {"name": "AzureWebJobsDashboard", "value": "DefaultEndpointsProtocol=https;EndpointSuffix=core.windows.net;AccountName=clitest000002;AccountKey=veryFakedStorageAccountKey=="},
      {"name": "AzureFunctionsJobHost__extensionBundle__id", "value": "Microsoft.Azure.Functions.ExtensionBundle.Workflows"},
      {"name": "AzureFunctionsJobHost__extensionBundle__version", "value": "[1.*,
      2.0.0)"}, {"name": "APP_KIND", "value": "workflowApp"}], "localMySqlEnabled":
      false, "http20Enabled": true}, "scmSiteAlsoStopped": false, "httpsOnly": false}}'
    headers:
      Accept:
      - application/json
      Accept-Encoding:
      - gzip, deflate
      CommandName:
      - logicapp create
      Connection:
      - keep-alive
      Content-Length:
      - '1280'
      Content-Type:
      - application/json
      ParameterSetName:
      - -g -n -p -s
      User-Agent:
      - AZURECLI/2.45.0 azsdk-python-azure-mgmt-web/7.0.0 Python/3.10.9 (Linux-5.15.0-1031-azure-x86_64-with-glibc2.31)
        VSTS_7b238909-6802-4b65-b90d-184bca47f458_build_220_0
    method: PUT
    uri: https://management.azure.com/subscriptions/00000000-0000-0000-0000-000000000000/resourceGroups/clitest.rg000001/providers/Microsoft.Web/sites/logic-e2e000003?api-version=2022-03-01
  response:
    body:
      string: '{"id":"/subscriptions/00000000-0000-0000-0000-000000000000/resourceGroups/clitest.rg000001/providers/Microsoft.Web/sites/logic-e2e000003","name":"logic-e2e000003","type":"Microsoft.Web/sites","kind":"functionapp,workflowapp","location":"West
        US","properties":{"name":"logic-e2e000003","state":"Running","hostNames":["logic-e2e000003.azurewebsites.net"],"webSpace":"clitest.rg000001-WestUSwebspace","selfLink":"https://waws-prod-bay-227.api.azurewebsites.windows.net:454/subscriptions/00000000-0000-0000-0000-000000000000/webspaces/clitest.rg000001-WestUSwebspace/sites/logic-e2e000003","repositorySiteName":"logic-e2e000003","owner":null,"usageState":"Normal","enabled":true,"adminEnabled":true,"enabledHostNames":["logic-e2e000003.azurewebsites.net","logic-e2e000003.scm.azurewebsites.net"],"siteProperties":{"metadata":null,"properties":[{"name":"LinuxFxVersion","value":""},{"name":"WindowsFxVersion","value":null}],"appSettings":null},"availabilityState":"Normal","sslCertificates":null,"csrs":[],"cers":null,"siteMode":null,"hostNameSslStates":[{"name":"logic-e2e000003.azurewebsites.net","sslState":"Disabled","ipBasedSslResult":null,"virtualIP":null,"thumbprint":null,"toUpdate":null,"toUpdateIpBasedSsl":null,"ipBasedSslState":"NotConfigured","hostType":"Standard"},{"name":"logic-e2e000003.scm.azurewebsites.net","sslState":"Disabled","ipBasedSslResult":null,"virtualIP":null,"thumbprint":null,"toUpdate":null,"toUpdateIpBasedSsl":null,"ipBasedSslState":"NotConfigured","hostType":"Repository"}],"computeMode":null,"serverFarm":null,"serverFarmId":"/subscriptions/00000000-0000-0000-0000-000000000000/resourceGroups/clitest.rg000001/providers/Microsoft.Web/serverfarms/logic-e2e-plan000004","reserved":false,"isXenon":false,"hyperV":false,"lastModifiedTimeUtc":"2023-02-07T12:07:04.63","storageRecoveryDefaultState":"Running","contentAvailabilityState":"Normal","runtimeAvailabilityState":"Normal","dnsConfiguration":{},"vnetRouteAllEnabled":false,"containerAllocationSubnet":null,"useContainerLocalhostBindings":null,"vnetImagePullEnabled":false,"vnetContentShareEnabled":false,"siteConfig":{"numberOfWorkers":1,"defaultDocuments":null,"netFrameworkVersion":null,"phpVersion":null,"pythonVersion":null,"nodeVersion":null,"powerShellVersion":null,"linuxFxVersion":"","windowsFxVersion":null,"windowsConfiguredStacks":null,"requestTracingEnabled":null,"remoteDebuggingEnabled":null,"remoteDebuggingVersion":null,"httpLoggingEnabled":null,"azureMonitorLogCategories":null,"acrUseManagedIdentityCreds":false,"acrUserManagedIdentityID":null,"logsDirectorySizeLimit":null,"detailedErrorLoggingEnabled":null,"publishingUsername":null,"publishingPassword":null,"appSettings":null,"metadata":null,"connectionStrings":null,"machineKey":null,"handlerMappings":null,"documentRoot":null,"scmType":null,"use32BitWorkerProcess":null,"webSocketsEnabled":null,"alwaysOn":false,"javaVersion":null,"javaContainer":null,"javaContainerVersion":null,"appCommandLine":null,"managedPipelineMode":null,"virtualApplications":null,"winAuthAdminState":null,"winAuthTenantState":null,"customAppPoolIdentityAdminState":null,"customAppPoolIdentityTenantState":null,"runtimeADUser":null,"runtimeADUserPassword":null,"loadBalancing":null,"routingRules":null,"experiments":null,"limits":null,"autoHealEnabled":null,"autoHealRules":null,"tracingOptions":null,"vnetName":null,"vnetRouteAllEnabled":null,"vnetPrivatePortsCount":null,"publicNetworkAccess":null,"cors":null,"push":null,"apiDefinition":null,"apiManagementConfig":null,"autoSwapSlotName":null,"localMySqlEnabled":null,"managedServiceIdentityId":null,"xManagedServiceIdentityId":null,"keyVaultReferenceIdentity":null,"ipSecurityRestrictions":[{"ipAddress":"Any","action":"Allow","priority":2147483647,"name":"Allow
        all","description":"Allow all access"}],"ipSecurityRestrictionsDefaultAction":null,"scmIpSecurityRestrictions":[{"ipAddress":"Any","action":"Allow","priority":2147483647,"name":"Allow
        all","description":"Allow all access"}],"scmIpSecurityRestrictionsDefaultAction":null,"scmIpSecurityRestrictionsUseMain":null,"http20Enabled":true,"minTlsVersion":null,"minTlsCipherSuite":null,"supportedTlsCipherSuites":null,"scmMinTlsVersion":null,"ftpsState":null,"preWarmedInstanceCount":null,"functionAppScaleLimit":0,"elasticWebAppScaleLimit":null,"healthCheckPath":null,"fileChangeAuditEnabled":null,"functionsRuntimeScaleMonitoringEnabled":null,"websiteTimeZone":null,"minimumElasticInstanceCount":1,"azureStorageAccounts":null,"http20ProxyFlag":null,"sitePort":null,"antivirusScanEnabled":null,"storageType":null},"deploymentId":"logic-e2e000003","slotName":null,"trafficManagerHostNames":null,"sku":"WorkflowStandard","scmSiteAlsoStopped":false,"targetSwapSlot":null,"hostingEnvironment":null,"hostingEnvironmentProfile":null,"clientAffinityEnabled":false,"clientCertEnabled":false,"clientCertMode":"Required","clientCertExclusionPaths":null,"hostNamesDisabled":false,"domainVerificationIdentifiers":null,"customDomainVerificationId":"253001F2FCF5A7B1CD759EB861E9BB1596370BE27E47A991F72184277B3D12F2","kind":"functionapp,workflowapp","inboundIpAddress":"40.112.243.109","possibleInboundIpAddresses":"40.112.243.109","ftpUsername":"logic-e2e000003\\$logic-e2e000003","ftpsHostName":"ftps://waws-prod-bay-227.ftp.azurewebsites.windows.net/site/wwwroot","outboundIpAddresses":"137.135.51.231,137.135.52.22,137.135.52.42,137.135.52.79,137.135.52.122,137.135.52.140,40.112.243.109","possibleOutboundIpAddresses":"137.135.50.110,137.135.50.174,137.135.51.44,137.135.51.83,137.135.51.157,137.135.51.196,137.135.51.231,137.135.52.22,137.135.52.42,137.135.52.79,137.135.52.122,137.135.52.140,137.135.52.161,137.135.53.86,104.40.12.208,20.253.156.28,20.245.131.41,137.135.48.93,137.135.54.109,137.135.54.221,137.135.48.164,157.56.164.196,20.245.131.32,20.245.135.25,20.253.156.176,20.253.153.249,20.253.155.69,20.253.157.244,137.135.49.217,104.40.4.255,40.112.243.109","containerSize":1536,"dailyMemoryTimeQuota":0,"suspendedTill":null,"siteDisabledReason":0,"functionExecutionUnitsCache":null,"maxNumberOfWorkers":null,"homeStamp":"waws-prod-bay-227","cloningInfo":null,"hostingEnvironmentId":null,"tags":null,"resourceGroup":"clitest.rg000001","defaultHostName":"logic-e2e000003.azurewebsites.net","slotSwapStatus":null,"httpsOnly":false,"redundancyMode":"None","inProgressOperationId":null,"geoDistributions":null,"privateEndpointConnections":null,"publicNetworkAccess":null,"buildVersion":null,"targetBuildVersion":null,"migrationState":null,"eligibleLogCategories":"WorkflowRuntime,FunctionAppLogs","storageAccountRequired":false,"virtualNetworkSubnetId":null,"keyVaultReferenceIdentity":"SystemAssigned","defaultHostNameScope":"Global","privateLinkIdentifiers":null}}'
    headers:
      cache-control:
      - no-cache
      content-length:
      - '6706'
      content-type:
      - application/json
      date:
      - Tue, 07 Feb 2023 12:07:17 GMT
      etag:
      - '"1D93AECA811B80B"'
      expires:
      - '-1'
      pragma:
      - no-cache
      server:
      - Microsoft-IIS/10.0
      strict-transport-security:
      - max-age=31536000; includeSubDomains
      transfer-encoding:
      - chunked
      vary:
      - Accept-Encoding
      x-aspnet-version:
      - 4.0.30319
      x-content-type-options:
      - nosniff
      x-ms-ratelimit-remaining-subscription-resource-requests:
      - '499'
      x-powered-by:
      - ASP.NET
    status:
      code: 200
      message: OK
- request:
    body: '{"location": "West US", "kind": "web", "properties": {"Application_Type":
      "web"}}'
    headers:
      Accept:
      - application/json
      Accept-Encoding:
      - gzip, deflate
      CommandName:
      - logicapp create
      Connection:
      - keep-alive
      Content-Length:
      - '81'
      Content-Type:
      - application/json
      ParameterSetName:
      - -g -n -p -s
      User-Agent:
      - AZURECLI/2.45.0 azsdk-python-azure-mgmt-applicationinsights/1.0.0 Python/3.10.9
        (Linux-5.15.0-1031-azure-x86_64-with-glibc2.31) VSTS_7b238909-6802-4b65-b90d-184bca47f458_build_220_0
    method: PUT
    uri: https://management.azure.com/subscriptions/00000000-0000-0000-0000-000000000000/resourceGroups/clitest.rg000001/providers/Microsoft.Insights/components/logic-e2e000003?api-version=2015-05-01
  response:
    body:
      string: "{\r\n  \"id\": \"/subscriptions/00000000-0000-0000-0000-000000000000/resourceGroups/clitest.rg000001/providers/microsoft.insights/components/logic-e2e000003\",\r\n
        \ \"name\": \"logic-e2e000003\",\r\n  \"type\": \"microsoft.insights/components\",\r\n
        \ \"location\": \"westus\",\r\n  \"tags\": {},\r\n  \"kind\": \"web\",\r\n
        \ \"etag\": \"\\\"00006416-0000-0200-0000-63e23ef60000\\\"\",\r\n  \"properties\":
        {\r\n    \"ApplicationId\": \"logic-e2e000003\",\r\n    \"AppId\": \"dac552a5-811d-4f2c-b2fd-72c3500e4061\",\r\n
        \   \"Application_Type\": \"web\",\r\n    \"Flow_Type\": null,\r\n    \"Request_Source\":
        null,\r\n    \"InstrumentationKey\": \"940c3e01-1a25-497c-a964-c06f153e6a37\",\r\n
        \   \"ConnectionString\": \"InstrumentationKey=940c3e01-1a25-497c-a964-c06f153e6a37;IngestionEndpoint=https://westus-0.in.applicationinsights.azure.com/;LiveEndpoint=https://westus.livediagnostics.monitor.azure.com/\",\r\n
        \   \"Name\": \"logic-e2e000003\",\r\n    \"CreationDate\": \"2023-02-07T12:06:42.1968965+00:00\",\r\n
        \   \"TenantId\": \"0b1f6471-1bf0-4dda-aec3-cb9272f09590\",\r\n    \"provisioningState\":
        \"Succeeded\",\r\n    \"SamplingPercentage\": null,\r\n    \"RetentionInDays\":
        90,\r\n    \"IngestionMode\": \"ApplicationInsights\",\r\n    \"publicNetworkAccessForIngestion\":
        \"Enabled\",\r\n    \"publicNetworkAccessForQuery\": \"Enabled\",\r\n    \"Ver\":
        \"v2\"\r\n  }\r\n}"
    headers:
      access-control-expose-headers:
      - Request-Context
      cache-control:
      - no-cache
      content-length:
      - '1237'
      content-type:
      - application/json; charset=utf-8
      date:
      - Tue, 07 Feb 2023 12:07:20 GMT
      expires:
      - '-1'
      pragma:
      - no-cache
      request-context:
      - appId=cid-v1:7f83c1fe-8c94-4d55-9337-4ddc696f61ed
      server:
      - Microsoft-IIS/10.0
      strict-transport-security:
      - max-age=31536000; includeSubDomains
      transfer-encoding:
      - chunked
      vary:
      - Accept-Encoding
      x-content-type-options:
      - nosniff
      x-ms-ratelimit-remaining-subscription-writes:
      - '1197'
      x-powered-by:
      - ASP.NET
    status:
      code: 200
      message: OK
- request:
    body: null
    headers:
      Accept:
      - application/json
      Accept-Encoding:
      - gzip, deflate
      CommandName:
      - logicapp create
      Connection:
      - keep-alive
      Content-Length:
      - '0'
      ParameterSetName:
      - -g -n -p -s
      User-Agent:
      - AZURECLI/2.45.0 azsdk-python-azure-mgmt-web/7.0.0 Python/3.10.9 (Linux-5.15.0-1031-azure-x86_64-with-glibc2.31)
        VSTS_7b238909-6802-4b65-b90d-184bca47f458_build_220_0
    method: POST
    uri: https://management.azure.com/subscriptions/00000000-0000-0000-0000-000000000000/resourceGroups/clitest.rg000001/providers/Microsoft.Web/sites/logic-e2e000003/config/appsettings/list?api-version=2022-03-01
  response:
    body:
      string: '{"id":"/subscriptions/00000000-0000-0000-0000-000000000000/resourceGroups/clitest.rg000001/providers/Microsoft.Web/sites/logic-e2e000003/config/appsettings","name":"appsettings","type":"Microsoft.Web/sites/config","location":"West
        US","properties":{"FUNCTIONS_WORKER_RUNTIME":"node","MACHINEKEY_DecryptionKey":"B1A156646447BD62EBF2E7ED685354776137B7D36F0E131FFE95E9534B2D788F","FUNCTIONS_EXTENSION_VERSION":"~3","AzureWebJobsStorage":"DefaultEndpointsProtocol=https;EndpointSuffix=core.windows.net;AccountName=clitest000002;AccountKey=veryFakedStorageAccountKey==","AzureWebJobsDashboard":"DefaultEndpointsProtocol=https;EndpointSuffix=core.windows.net;AccountName=clitest000002;AccountKey=veryFakedStorageAccountKey==","AzureFunctionsJobHost__extensionBundle__id":"Microsoft.Azure.Functions.ExtensionBundle.Workflows","AzureFunctionsJobHost__extensionBundle__version":"[1.*,
        2.0.0)","APP_KIND":"workflowApp"}}'
    headers:
      cache-control:
      - no-cache
      content-length:
      - '910'
      content-type:
      - application/json
      date:
      - Tue, 07 Feb 2023 12:07:21 GMT
      expires:
      - '-1'
      pragma:
      - no-cache
      server:
      - Microsoft-IIS/10.0
      strict-transport-security:
      - max-age=31536000; includeSubDomains
      transfer-encoding:
      - chunked
      vary:
      - Accept-Encoding
      x-aspnet-version:
      - 4.0.30319
      x-content-type-options:
      - nosniff
      x-ms-ratelimit-remaining-subscription-resource-requests:
      - '11999'
      x-powered-by:
      - ASP.NET
    status:
      code: 200
      message: OK
- request:
    body: '{"properties": {"FUNCTIONS_WORKER_RUNTIME": "node", "MACHINEKEY_DecryptionKey":
      "B1A156646447BD62EBF2E7ED685354776137B7D36F0E131FFE95E9534B2D788F", "FUNCTIONS_EXTENSION_VERSION":
      "~3", "AzureWebJobsStorage": "DefaultEndpointsProtocol=https;EndpointSuffix=core.windows.net;AccountName=clitest000002;AccountKey=veryFakedStorageAccountKey==",
      "AzureWebJobsDashboard": "DefaultEndpointsProtocol=https;EndpointSuffix=core.windows.net;AccountName=clitest000002;AccountKey=veryFakedStorageAccountKey==",
      "AzureFunctionsJobHost__extensionBundle__id": "Microsoft.Azure.Functions.ExtensionBundle.Workflows",
      "AzureFunctionsJobHost__extensionBundle__version": "[1.*, 2.0.0)", "APP_KIND":
      "workflowApp", "APPINSIGHTS_INSTRUMENTATIONKEY": "940c3e01-1a25-497c-a964-c06f153e6a37"}}'
    headers:
      Accept:
      - application/json
      Accept-Encoding:
      - gzip, deflate
      CommandName:
      - logicapp create
      Connection:
      - keep-alive
      Content-Length:
      - '766'
      Content-Type:
      - application/json
      ParameterSetName:
      - -g -n -p -s
      User-Agent:
      - AZURECLI/2.45.0 azsdk-python-azure-mgmt-web/7.0.0 Python/3.10.9 (Linux-5.15.0-1031-azure-x86_64-with-glibc2.31)
        VSTS_7b238909-6802-4b65-b90d-184bca47f458_build_220_0
    method: PUT
    uri: https://management.azure.com/subscriptions/00000000-0000-0000-0000-000000000000/resourceGroups/clitest.rg000001/providers/Microsoft.Web/sites/logic-e2e000003/config/appsettings?api-version=2022-03-01
  response:
    body:
      string: '{"id":"/subscriptions/00000000-0000-0000-0000-000000000000/resourceGroups/clitest.rg000001/providers/Microsoft.Web/sites/logic-e2e000003/config/appsettings","name":"appsettings","type":"Microsoft.Web/sites/config","location":"West
        US","properties":{"FUNCTIONS_WORKER_RUNTIME":"node","MACHINEKEY_DecryptionKey":"B1A156646447BD62EBF2E7ED685354776137B7D36F0E131FFE95E9534B2D788F","FUNCTIONS_EXTENSION_VERSION":"~3","AzureWebJobsStorage":"DefaultEndpointsProtocol=https;EndpointSuffix=core.windows.net;AccountName=clitest000002;AccountKey=veryFakedStorageAccountKey==","AzureWebJobsDashboard":"DefaultEndpointsProtocol=https;EndpointSuffix=core.windows.net;AccountName=clitest000002;AccountKey=veryFakedStorageAccountKey==","AzureFunctionsJobHost__extensionBundle__id":"Microsoft.Azure.Functions.ExtensionBundle.Workflows","AzureFunctionsJobHost__extensionBundle__version":"[1.*,
        2.0.0)","APP_KIND":"workflowApp","APPINSIGHTS_INSTRUMENTATIONKEY":"940c3e01-1a25-497c-a964-c06f153e6a37"}}'
    headers:
      cache-control:
      - no-cache
      content-length:
      - '982'
      content-type:
      - application/json
      date:
      - Tue, 07 Feb 2023 12:07:32 GMT
      etag:
      - '"1D93AECB15A0560"'
      expires:
      - '-1'
      pragma:
      - no-cache
      server:
      - Microsoft-IIS/10.0
      strict-transport-security:
      - max-age=31536000; includeSubDomains
      transfer-encoding:
      - chunked
      vary:
      - Accept-Encoding
      x-aspnet-version:
      - 4.0.30319
      x-content-type-options:
      - nosniff
      x-ms-ratelimit-remaining-subscription-writes:
      - '1197'
      x-powered-by:
      - ASP.NET
    status:
      code: 200
      message: OK
version: 1
