interactions:
- request:
    body: '{"name": "up-nodeapp000003", "type": "Microsoft.Web/sites"}'
    headers:
      Accept:
      - application/json
      Accept-Encoding:
      - gzip, deflate
      CommandName:
      - webapp up
      Connection:
      - keep-alive
      Content-Length:
      - '67'
      Content-Type:
      - application/json; charset=utf-8
      ParameterSetName:
      - -n -g --plan --os-type --dryrun
      User-Agent:
      - python/3.6.7 (Windows-10-10.0.19041-SP0) msrest/0.6.18 msrest_azure/0.6.3
        azure-mgmt-web/0.48.0 Azure-SDK-For-Python AZURECLI/2.16.0
      accept-language:
      - en-US
    method: POST
    uri: https://management.azure.com/subscriptions/00000000-0000-0000-0000-000000000000/providers/Microsoft.Web/checknameavailability?api-version=2019-08-01
  response:
    body:
      string: '{"nameAvailable":true,"reason":"","message":""}'
    headers:
      cache-control:
      - no-cache
      content-length:
      - '47'
      content-type:
      - application/json
      date:
      - Mon, 14 Dec 2020 20:46:23 GMT
      expires:
      - '-1'
      pragma:
      - no-cache
      server:
      - Microsoft-IIS/10.0
      strict-transport-security:
      - max-age=31536000; includeSubDomains
      transfer-encoding:
      - chunked
      vary:
      - Accept-Encoding
      x-aspnet-version:
      - 4.0.30319
      x-content-type-options:
      - nosniff
      x-powered-by:
      - ASP.NET
    status:
      code: 200
      message: OK
- request:
    body: null
    headers:
      Accept:
      - application/json
      Accept-Encoding:
      - gzip, deflate
      CommandName:
      - webapp up
      Connection:
      - keep-alive
      ParameterSetName:
      - -n -g --plan --os-type --dryrun
      User-Agent:
      - python/3.6.7 (Windows-10-10.0.19041-SP0) msrest/0.6.18 msrest_azure/0.6.3
        azure-mgmt-web/0.48.0 Azure-SDK-For-Python AZURECLI/2.16.0
      accept-language:
      - en-US
    method: GET
    uri: https://management.azure.com/subscriptions/00000000-0000-0000-0000-000000000000/providers/Microsoft.Web/geoRegions?sku=P1V2&linuxWorkersEnabled=true&api-version=2019-08-01
  response:
    body:
      string: '{"value":[{"id":"/subscriptions/00000000-0000-0000-0000-000000000000/providers/Microsoft.Web/geoRegions/Central
        US","name":"Central US","type":"Microsoft.Web/geoRegions","properties":{"name":"Central
        US","description":null,"sortOrder":0,"displayName":"Central US","orgDomain":"PUBLIC;DREAMSPARK;MSFTPUBLIC;FUNCTIONS;DYNAMIC;DSERIES;LINUX;LINUXDSERIES;ELASTICPREMIUM;LINUXFREE;LINUXDYNAMIC;ELASTICLINUX;XENON;XENONV3;WINDOWSV3;LINUXV3"}},{"id":"/subscriptions/00000000-0000-0000-0000-000000000000/providers/Microsoft.Web/geoRegions/North
        Europe","name":"North Europe","type":"Microsoft.Web/geoRegions","properties":{"name":"North
        Europe","description":null,"sortOrder":1,"displayName":"North Europe","orgDomain":"PUBLIC;DREAMSPARK;MSFTPUBLIC;FUNCTIONS;DYNAMIC;DSERIES;LINUX;LINUXDSERIES;XENON;ELASTICPREMIUM;LINUXFREE;ELASTICLINUX;LINUXDYNAMIC;XENON;XENONV3;WINDOWSV3;LINUXV3"}},{"id":"/subscriptions/00000000-0000-0000-0000-000000000000/providers/Microsoft.Web/geoRegions/West
        Europe","name":"West Europe","type":"Microsoft.Web/geoRegions","properties":{"name":"West
        Europe","description":null,"sortOrder":2,"displayName":"West Europe","orgDomain":"PUBLIC;DREAMSPARK;MSFTPUBLIC;FUNCTIONS;DYNAMIC;LINUX;DSERIES;LINUXDSERIES;XENON;SFCONTAINERS;LINUXDYNAMIC;ELASTICPREMIUM;ELASTICLINUX;LINUXFREE;XENON;XENONV3;WINDOWSV3;LINUXV3"}},{"id":"/subscriptions/00000000-0000-0000-0000-000000000000/providers/Microsoft.Web/geoRegions/Southeast
        Asia","name":"Southeast Asia","type":"Microsoft.Web/geoRegions","properties":{"name":"Southeast
        Asia","description":null,"sortOrder":3,"displayName":"Southeast Asia","orgDomain":"PUBLIC;DREAMSPARK;MSFTPUBLIC;FUNCTIONS;DYNAMIC;LINUX;DSERIES;LINUXDSERIES;XENON;ELASTICPREMIUM;LINUXFREE;ELASTICLINUX;LINUXDYNAMIC;XENON;XENONV3;WINDOWSV3;LINUXV3"}},{"id":"/subscriptions/00000000-0000-0000-0000-000000000000/providers/Microsoft.Web/geoRegions/East
        Asia","name":"East Asia","type":"Microsoft.Web/geoRegions","properties":{"name":"East
        Asia","description":null,"sortOrder":4,"displayName":"East Asia","orgDomain":"PUBLIC;DREAMSPARK;MSFTPUBLIC;FUNCTIONS;DYNAMIC;LINUX;DSERIES;LINUXDSERIES;SFCONTAINERS;LINUXDYNAMIC;ELASTICPREMIUM;LINUXFREE;ELASTICLINUX;XENON;XENONV3;WINDOWSV3;LINUXV3"}},{"id":"/subscriptions/00000000-0000-0000-0000-000000000000/providers/Microsoft.Web/geoRegions/West
        US","name":"West US","type":"Microsoft.Web/geoRegions","properties":{"name":"West
        US","description":null,"sortOrder":5,"displayName":"West US","orgDomain":"PUBLIC;DREAMSPARK;MSFTPUBLIC;FUNCTIONS;DYNAMIC;LINUX;DSERIES;LINUXDSERIES;XENON;ELASTICPREMIUM;LINUXFREE;ELASTICLINUX;LINUXDYNAMIC;XENON;XENONV3;WINDOWSV3;LINUXV3"}},{"id":"/subscriptions/00000000-0000-0000-0000-000000000000/providers/Microsoft.Web/geoRegions/East
        US","name":"East US","type":"Microsoft.Web/geoRegions","properties":{"name":"East
        US","description":null,"sortOrder":6,"displayName":"East US","orgDomain":"PUBLIC;DREAMSPARK;MSFTPUBLIC;FUNCTIONS;DYNAMIC;LINUX;DSERIES;FAKEORG;LINUXDSERIES;XENON;SFCONTAINERS;LINUXDYNAMIC;LINUXFREE;ELASTICLINUX;ELASTICPREMIUM;XENON;XENONV3;WINDOWSV3;LINUXV3"}},{"id":"/subscriptions/00000000-0000-0000-0000-000000000000/providers/Microsoft.Web/geoRegions/Japan
        West","name":"Japan West","type":"Microsoft.Web/geoRegions","properties":{"name":"Japan
        West","description":null,"sortOrder":7,"displayName":"Japan West","orgDomain":"PUBLIC;DREAMSPARK;MSFTPUBLIC;FUNCTIONS;DYNAMIC;LINUX;DSERIES;LINUXDSERIES;ELASTICPREMIUM;LINUXFREE;ELASTICLINUX"}},{"id":"/subscriptions/00000000-0000-0000-0000-000000000000/providers/Microsoft.Web/geoRegions/Japan
        East","name":"Japan East","type":"Microsoft.Web/geoRegions","properties":{"name":"Japan
        East","description":null,"sortOrder":8,"displayName":"Japan East","orgDomain":"PUBLIC;DREAMSPARK;MSFTPUBLIC;FUNCTIONS;DYNAMIC;LINUX;DSERIES;LINUXDSERIES;LINUXFREE;ELASTICLINUX;ELASTICPREMIUM;LINUXDYNAMIC;XENON;XENONV3;WINDOWSV3;LINUXV3"}},{"id":"/subscriptions/00000000-0000-0000-0000-000000000000/providers/Microsoft.Web/geoRegions/East
        US 2","name":"East US 2","type":"Microsoft.Web/geoRegions","properties":{"name":"East
        US 2","description":null,"sortOrder":9,"displayName":"East US 2","orgDomain":"PUBLIC;DREAMSPARK;MSFTPUBLIC;FUNCTIONS;DYNAMIC;DSERIES;LINUX;LINUXDSERIES;ELASTICPREMIUM;LINUXFREE;LINUXDYNAMIC;ELASTICLINUX;XENON;XENONV3;WINDOWSV3;LINUXV3"}},{"id":"/subscriptions/00000000-0000-0000-0000-000000000000/providers/Microsoft.Web/geoRegions/North
        Central US","name":"North Central US","type":"Microsoft.Web/geoRegions","properties":{"name":"North
        Central US","description":null,"sortOrder":10,"displayName":"North Central
        US","orgDomain":"PUBLIC;DREAMSPARK;MSFTPUBLIC;FUNCTIONS;DYNAMIC;LINUX;DSERIES;LINUXDSERIES;LINUXFREE;ELASTICPREMIUM;ELASTICLINUX;LINUXDYNAMIC"}},{"id":"/subscriptions/00000000-0000-0000-0000-000000000000/providers/Microsoft.Web/geoRegions/South
        Central US","name":"South Central US","type":"Microsoft.Web/geoRegions","properties":{"name":"South
        Central US","description":null,"sortOrder":11,"displayName":"South Central
        US","orgDomain":"PUBLIC;DREAMSPARK;MSFTPUBLIC;FUNCTIONS;DYNAMIC;DSERIES;LINUX;LINUXDSERIES;ELASTICPREMIUM;LINUXFREE;LINUXDYNAMIC;ELASTICLINUX;XENON;XENONV3;WINDOWSV3;LINUXV3"}},{"id":"/subscriptions/00000000-0000-0000-0000-000000000000/providers/Microsoft.Web/geoRegions/Brazil
        South","name":"Brazil South","type":"Microsoft.Web/geoRegions","properties":{"name":"Brazil
        South","description":null,"sortOrder":12,"displayName":"Brazil South","orgDomain":"PUBLIC;DREAMSPARK;MSFTPUBLIC;FUNCTIONS;DYNAMIC;LINUX;DSERIES;LINUXDSERIES;LINUXFREE;ELASTICPREMIUM;LINUXDYNAMIC;ELASTICLINUX;XENON;XENONV3;WINDOWSV3;LINUXV3"}},{"id":"/subscriptions/00000000-0000-0000-0000-000000000000/providers/Microsoft.Web/geoRegions/Australia
        East","name":"Australia East","type":"Microsoft.Web/geoRegions","properties":{"name":"Australia
        East","description":null,"sortOrder":13,"displayName":"Australia East","orgDomain":"PUBLIC;DREAMSPARK;MSFTPUBLIC;FUNCTIONS;DYNAMIC;LINUX;DSERIES;LINUXDSERIES;XENON;ELASTICPREMIUM;LINUXFREE;LINUXDYNAMIC;ELASTICLINUX;XENON;XENONV3;WINDOWSV3;LINUXV3"}},{"id":"/subscriptions/00000000-0000-0000-0000-000000000000/providers/Microsoft.Web/geoRegions/Australia
        Southeast","name":"Australia Southeast","type":"Microsoft.Web/geoRegions","properties":{"name":"Australia
        Southeast","description":null,"sortOrder":14,"displayName":"Australia Southeast","orgDomain":"PUBLIC;DREAMSPARK;MSFTPUBLIC;FUNCTIONS;DYNAMIC;DSERIES;LINUX;LINUXDSERIES;ELASTICPREMIUM;LINUXFREE;ELASTICLINUX;XENON;XENONV3;WINDOWSV3;LINUXV3"}},{"id":"/subscriptions/00000000-0000-0000-0000-000000000000/providers/Microsoft.Web/geoRegions/East
        Asia (Stage)","name":"East Asia (Stage)","type":"Microsoft.Web/geoRegions","properties":{"name":"East
        Asia (Stage)","description":null,"sortOrder":2147483647,"displayName":"East
        Asia (Stage)","orgDomain":"MSFTINT;DSERIES;ELASTICPREMIUM;FUNCTIONS;DYNAMIC;XENON;LINUX;LINUXFREE;LINUXDYNAMIC;XENONV3"}},{"id":"/subscriptions/00000000-0000-0000-0000-000000000000/providers/Microsoft.Web/geoRegions/North
        Central US (Stage)","name":"North Central US (Stage)","type":"Microsoft.Web/geoRegions","properties":{"name":"North
        Central US (Stage)","description":null,"sortOrder":2147483647,"displayName":"North
        Central US (Stage)","orgDomain":"MSFTINT;LINUX;LINUXFREE;LINUXDYNAMIC"}},{"id":"/subscriptions/00000000-0000-0000-0000-000000000000/providers/Microsoft.Web/geoRegions/Central
        India","name":"Central India","type":"Microsoft.Web/geoRegions","properties":{"name":"Central
        India","description":null,"sortOrder":2147483647,"displayName":"Central India","orgDomain":"PUBLIC;DREAMSPARK;MSFTPUBLIC;FUNCTIONS;DYNAMIC;LINUX;DSERIES;LINUXDSERIES;LINUXDYNAMIC"}},{"id":"/subscriptions/00000000-0000-0000-0000-000000000000/providers/Microsoft.Web/geoRegions/West
        India","name":"West India","type":"Microsoft.Web/geoRegions","properties":{"name":"West
        India","description":null,"sortOrder":2147483647,"displayName":"West India","orgDomain":"PUBLIC;DREAMSPARK;MSFTPUBLIC;FUNCTIONS;DYNAMIC;LINUX;DSERIES;LINUXDSERIES;ELASTICPREMIUM;LINUXDYNAMIC;ELASTICLINUX"}},{"id":"/subscriptions/00000000-0000-0000-0000-000000000000/providers/Microsoft.Web/geoRegions/South
        India","name":"South India","type":"Microsoft.Web/geoRegions","properties":{"name":"South
        India","description":null,"sortOrder":2147483647,"displayName":"South India","orgDomain":"PUBLIC;DREAMSPARK;MSFTPUBLIC;FUNCTIONS;DYNAMIC;DSERIES;LINUX;LINUXDSERIES;ELASTICPREMIUM"}},{"id":"/subscriptions/00000000-0000-0000-0000-000000000000/providers/Microsoft.Web/geoRegions/Canada
        Central","name":"Canada Central","type":"Microsoft.Web/geoRegions","properties":{"name":"Canada
        Central","description":null,"sortOrder":2147483647,"displayName":"Canada Central","orgDomain":"PUBLIC;DREAMSPARK;MSFTPUBLIC;FUNCTIONS;DYNAMIC;DSERIES;LINUX;LINUXDSERIES;ELASTICPREMIUM;LINUXFREE;ELASTICLINUX;XENON;XENONV3;WINDOWSV3;LINUXV3"}},{"id":"/subscriptions/00000000-0000-0000-0000-000000000000/providers/Microsoft.Web/geoRegions/Canada
        East","name":"Canada East","type":"Microsoft.Web/geoRegions","properties":{"name":"Canada
        East","description":null,"sortOrder":2147483647,"displayName":"Canada East","orgDomain":"PUBLIC;DREAMSPARK;MSFTPUBLIC;FUNCTIONS;DYNAMIC;LINUX;DSERIES;LINUXDSERIES"}},{"id":"/subscriptions/00000000-0000-0000-0000-000000000000/providers/Microsoft.Web/geoRegions/West
        Central US","name":"West Central US","type":"Microsoft.Web/geoRegions","properties":{"name":"West
        Central US","description":null,"sortOrder":2147483647,"displayName":"West
        Central US","orgDomain":"PUBLIC;FUNCTIONS;DYNAMIC;LINUX;DSERIES;LINUXDSERIES;ELASTICLINUX;ELASTICPREMIUM;MSFTPUBLIC;XENON;XENONV3;WINDOWSV3;LINUXV3"}},{"id":"/subscriptions/00000000-0000-0000-0000-000000000000/providers/Microsoft.Web/geoRegions/West
        US 2","name":"West US 2","type":"Microsoft.Web/geoRegions","properties":{"name":"West
        US 2","description":null,"sortOrder":2147483647,"displayName":"West US 2","orgDomain":"PUBLIC;DREAMSPARK;MSFTPUBLIC;FUNCTIONS;DYNAMIC;LINUX;DSERIES;LINUXDSERIES;LINUXFREE;LINUXDYNAMIC;ELASTICPREMIUM;ELASTICLINUX;XENON;XENONV3;WINDOWSV3;LINUXV3"}},{"id":"/subscriptions/00000000-0000-0000-0000-000000000000/providers/Microsoft.Web/geoRegions/UK
        West","name":"UK West","type":"Microsoft.Web/geoRegions","properties":{"name":"UK
        West","description":null,"sortOrder":2147483647,"displayName":"UK West","orgDomain":"PUBLIC;MSFTPUBLIC;FUNCTIONS;DYNAMIC;DSERIES;LINUX;LINUXDSERIES;ELASTICPREMIUM;LINUXDYNAMIC;ELASTICLINUX;XENON;XENONV3;WINDOWSV3;LINUXV3"}},{"id":"/subscriptions/00000000-0000-0000-0000-000000000000/providers/Microsoft.Web/geoRegions/UK
        South","name":"UK South","type":"Microsoft.Web/geoRegions","properties":{"name":"UK
        South","description":null,"sortOrder":2147483647,"displayName":"UK South","orgDomain":"PUBLIC;MSFTPUBLIC;DYNAMIC;DSERIES;LINUX;LINUXDSERIES;LINUXFREE;LINUXDYNAMIC;ELASTICPREMIUM;ELASTICLINUX;XENON;XENONV3;WINDOWSV3;LINUXV3"}},{"id":"/subscriptions/00000000-0000-0000-0000-000000000000/providers/Microsoft.Web/geoRegions/East
        US 2 EUAP","name":"East US 2 EUAP","type":"Microsoft.Web/geoRegions","properties":{"name":"East
        US 2 EUAP","description":null,"sortOrder":2147483647,"displayName":"East US
        2 EUAP","orgDomain":"EUAP;XENON;DSERIES;ELASTICPREMIUM;FUNCTIONS;DYNAMIC;LINUX;LINUXFREE;ELASTICLINUX;WINDOWSV3;XENONV3;LINUXDYNAMIC"}},{"id":"/subscriptions/00000000-0000-0000-0000-000000000000/providers/Microsoft.Web/geoRegions/Central
        US EUAP","name":"Central US EUAP","type":"Microsoft.Web/geoRegions","properties":{"name":"Central
        US EUAP","description":null,"sortOrder":2147483647,"displayName":"Central
        US EUAP","orgDomain":"EUAP;LINUX;DSERIES;ELASTICPREMIUM;LINUXFREE;ELASTICLINUX;LINUXDYNAMIC;DYNAMIC;LINUXV3"}},{"id":"/subscriptions/00000000-0000-0000-0000-000000000000/providers/Microsoft.Web/geoRegions/Korea
        South","name":"Korea South","type":"Microsoft.Web/geoRegions","properties":{"name":"Korea
        South","description":null,"sortOrder":2147483647,"displayName":"Korea South","orgDomain":"PUBLIC;DREAMSPARK;MSFTPUBLIC;LINUX;LINUXDSERIES;LINUXFREE;DSERIES"}},{"id":"/subscriptions/00000000-0000-0000-0000-000000000000/providers/Microsoft.Web/geoRegions/Korea
        Central","name":"Korea Central","type":"Microsoft.Web/geoRegions","properties":{"name":"Korea
        Central","description":null,"sortOrder":2147483647,"displayName":"Korea Central","orgDomain":"PUBLIC;DREAMSPARK;MSFTPUBLIC;FUNCTIONS;DYNAMIC;LINUX;LINUXDSERIES;ELASTICPREMIUM;LINUXFREE;DSERIES;LINUXDYNAMIC;ELASTICLINUX;XENON;XENONV3;WINDOWSV3;LINUXV3"}},{"id":"/subscriptions/00000000-0000-0000-0000-000000000000/providers/Microsoft.Web/geoRegions/France
        Central","name":"France Central","type":"Microsoft.Web/geoRegions","properties":{"name":"France
        Central","description":null,"sortOrder":2147483647,"displayName":"France Central","orgDomain":"PUBLIC;MSFTPUBLIC;DSERIES;DYNAMIC;LINUX;LINUXDSERIES;ELASTICPREMIUM;LINUXFREE;LINUXDYNAMIC;ELASTICLINUX;XENON;XENONV3;WINDOWSV3;LINUXV3"}},{"id":"/subscriptions/00000000-0000-0000-0000-000000000000/providers/Microsoft.Web/geoRegions/Australia
        Central 2","name":"Australia Central 2","type":"Microsoft.Web/geoRegions","properties":{"name":"Australia
        Central 2","description":null,"sortOrder":2147483647,"displayName":"Australia
        Central 2","orgDomain":"PUBLIC;FUNCTIONS;DYNAMIC;DSERIES;LINUX;LINUXDSERIES;LINUXFREE;ELASTICPREMIUM"}},{"id":"/subscriptions/00000000-0000-0000-0000-000000000000/providers/Microsoft.Web/geoRegions/Australia
        Central","name":"Australia Central","type":"Microsoft.Web/geoRegions","properties":{"name":"Australia
        Central","description":null,"sortOrder":2147483647,"displayName":"Australia
        Central","orgDomain":"PUBLIC;FUNCTIONS;DYNAMIC;DSERIES;LINUX;LINUXDSERIES;LINUXFREE;ELASTICPREMIUM"}},{"id":"/subscriptions/00000000-0000-0000-0000-000000000000/providers/Microsoft.Web/geoRegions/South
        Africa North","name":"South Africa North","type":"Microsoft.Web/geoRegions","properties":{"name":"South
        Africa North","description":null,"sortOrder":2147483647,"displayName":"South
        Africa North","orgDomain":"PUBLIC;MSFTPUBLIC;FUNCTIONS;DYNAMIC;LINUX;LINUXDSERIES;DSERIES"}},{"id":"/subscriptions/00000000-0000-0000-0000-000000000000/providers/Microsoft.Web/geoRegions/South
        Africa West","name":"South Africa West","type":"Microsoft.Web/geoRegions","properties":{"name":"South
        Africa West","description":null,"sortOrder":2147483647,"displayName":"South
        Africa West","orgDomain":"PUBLIC;LINUX;LINUXDSERIES;DSERIES"}},{"id":"/subscriptions/00000000-0000-0000-0000-000000000000/providers/Microsoft.Web/geoRegions/Switzerland
        North","name":"Switzerland North","type":"Microsoft.Web/geoRegions","properties":{"name":"Switzerland
        North","description":null,"sortOrder":2147483647,"displayName":"Switzerland
        North","orgDomain":"PUBLIC;DSERIES;LINUX;LINUXDSERIES;LINUXFREE;FUNCTIONS;DYNAMIC;LINUXDYNAMIC;ELASTICPREMIUM;ELASTICLINUX"}},{"id":"/subscriptions/00000000-0000-0000-0000-000000000000/providers/Microsoft.Web/geoRegions/Germany
        West Central","name":"Germany West Central","type":"Microsoft.Web/geoRegions","properties":{"name":"Germany
        West Central","description":null,"sortOrder":2147483647,"displayName":"Germany
        West Central","orgDomain":"PUBLIC;DSERIES;LINUX;LINUXDSERIES;ELASTICPREMIUM;FUNCTIONS;DYNAMIC;ELASTICLINUX;LINUXDYNAMIC"}},{"id":"/subscriptions/00000000-0000-0000-0000-000000000000/providers/Microsoft.Web/geoRegions/Switzerland
        West","name":"Switzerland West","type":"Microsoft.Web/geoRegions","properties":{"name":"Switzerland
        West","description":null,"sortOrder":2147483647,"displayName":"Switzerland
        West","orgDomain":"PUBLIC;DSERIES;LINUX;LINUXDSERIES;LINUXFREE;FUNCTIONS;DYNAMIC;ELASTICPREMIUM"}},{"id":"/subscriptions/00000000-0000-0000-0000-000000000000/providers/Microsoft.Web/geoRegions/UAE
        Central","name":"UAE Central","type":"Microsoft.Web/geoRegions","properties":{"name":"UAE
        Central","description":null,"sortOrder":2147483647,"displayName":"UAE Central","orgDomain":"PUBLIC;DSERIES;LINUX;LINUXDSERIES;LINUXFREE"}},{"id":"/subscriptions/00000000-0000-0000-0000-000000000000/providers/Microsoft.Web/geoRegions/UAE
        North","name":"UAE North","type":"Microsoft.Web/geoRegions","properties":{"name":"UAE
        North","description":null,"sortOrder":2147483647,"displayName":"UAE North","orgDomain":"PUBLIC;DSERIES;LINUX;LINUXDSERIES;LINUXFREE;FUNCTIONS;DYNAMIC;LINUXDYNAMIC"}},{"id":"/subscriptions/00000000-0000-0000-0000-000000000000/providers/Microsoft.Web/geoRegions/Norway
        East","name":"Norway East","type":"Microsoft.Web/geoRegions","properties":{"name":"Norway
        East","description":null,"sortOrder":2147483647,"displayName":"Norway East","orgDomain":"PUBLIC;LINUX;LINUXDSERIES;DSERIES;ELASTICLINUX;ELASTICPREMIUM;FUNCTIONS;DYNAMIC"}},{"id":"/subscriptions/00000000-0000-0000-0000-000000000000/providers/Microsoft.Web/geoRegions/Brazil
        Southeast","name":"Brazil Southeast","type":"Microsoft.Web/geoRegions","properties":{"name":"Brazil
        Southeast","description":null,"sortOrder":2147483647,"displayName":"Brazil
        Southeast","orgDomain":"PUBLIC;LINUX;LINUXDSERIES;DSERIES;LINUXFREE;FUNCTIONS;DYNAMIC"}}],"nextLink":null,"id":null}'
    headers:
      cache-control:
      - no-cache
      content-length:
      - '17037'
      content-type:
      - application/json
      date:
      - Mon, 14 Dec 2020 20:46:25 GMT
      expires:
      - '-1'
      pragma:
      - no-cache
      server:
      - Microsoft-IIS/10.0
      strict-transport-security:
      - max-age=31536000; includeSubDomains
      transfer-encoding:
      - chunked
      vary:
      - Accept-Encoding
      x-aspnet-version:
      - 4.0.30319
      x-content-type-options:
      - nosniff
      x-powered-by:
      - ASP.NET
    status:
      code: 200
      message: OK
- request:
    body: null
    headers:
      Accept:
      - application/json
      Accept-Encoding:
      - gzip, deflate
      CommandName:
      - webapp up
      Connection:
      - keep-alive
      ParameterSetName:
      - -n -g --plan --os-type --dryrun
      User-Agent:
      - python/3.6.7 (Windows-10-10.0.19041-SP0) msrest/0.6.18 msrest_azure/0.6.3
        azure-mgmt-resource/10.2.0 Azure-SDK-For-Python AZURECLI/2.16.0
      accept-language:
      - en-US
    method: HEAD
    uri: https://management.azure.com/subscriptions/00000000-0000-0000-0000-000000000000/resourcegroups/clitest000001?api-version=2020-06-01
  response:
    body:
      string: ''
    headers:
      cache-control:
      - no-cache
      content-length:
      - '0'
      date:
      - Mon, 14 Dec 2020 20:46:25 GMT
      expires:
      - '-1'
      pragma:
      - no-cache
      strict-transport-security:
      - max-age=31536000; includeSubDomains
      x-content-type-options:
      - nosniff
    status:
      code: 204
      message: No Content
- request:
    body: null
    headers:
      Accept:
      - application/json
      Accept-Encoding:
      - gzip, deflate
      CommandName:
      - webapp up
      Connection:
      - keep-alive
      ParameterSetName:
      - -n -g --plan --os-type --dryrun
      User-Agent:
      - python/3.6.7 (Windows-10-10.0.19041-SP0) msrest/0.6.18 msrest_azure/0.6.3
        azure-mgmt-web/0.48.0 Azure-SDK-For-Python AZURECLI/2.16.0
      accept-language:
      - en-US
    method: GET
    uri: https://management.azure.com/subscriptions/00000000-0000-0000-0000-000000000000/resourceGroups/clitest000001/providers/Microsoft.Web/serverfarms?api-version=2019-08-01
  response:
    body:
      string: '{"value":[]}'
    headers:
      cache-control:
      - no-cache
      content-length:
      - '12'
      content-type:
      - application/json; charset=utf-8
      date:
      - Mon, 14 Dec 2020 20:46:26 GMT
      expires:
      - '-1'
      pragma:
      - no-cache
      strict-transport-security:
      - max-age=31536000; includeSubDomains
      vary:
      - Accept-Encoding
      x-content-type-options:
      - nosniff
    status:
      code: 200
      message: OK
- request:
    body: null
    headers:
      Accept:
      - application/json
      Accept-Encoding:
      - gzip, deflate
      CommandName:
      - webapp up
      Connection:
      - keep-alive
      ParameterSetName:
      - -n -g --plan --os-type --dryrun
      User-Agent:
      - python/3.6.7 (Windows-10-10.0.19041-SP0) msrest/0.6.18 msrest_azure/0.6.3
        azure-mgmt-resource/10.2.0 Azure-SDK-For-Python AZURECLI/2.16.0
      accept-language:
      - en-US
    method: HEAD
    uri: https://management.azure.com/subscriptions/00000000-0000-0000-0000-000000000000/resourcegroups/clitest000001?api-version=2020-06-01
  response:
    body:
      string: ''
    headers:
      cache-control:
      - no-cache
      content-length:
      - '0'
      date:
      - Mon, 14 Dec 2020 20:46:26 GMT
      expires:
      - '-1'
      pragma:
      - no-cache
      strict-transport-security:
      - max-age=31536000; includeSubDomains
      x-content-type-options:
      - nosniff
    status:
      code: 204
      message: No Content
- request:
    body: null
    headers:
      Accept:
      - application/json
      Accept-Encoding:
      - gzip, deflate
      CommandName:
      - webapp up
      Connection:
      - keep-alive
      ParameterSetName:
      - -n -g --plan --os-type --dryrun
      User-Agent:
      - python/3.6.7 (Windows-10-10.0.19041-SP0) msrest/0.6.18 msrest_azure/0.6.3
        azure-mgmt-web/0.48.0 Azure-SDK-For-Python AZURECLI/2.16.0
      accept-language:
      - en-US
    method: GET
    uri: https://management.azure.com/subscriptions/00000000-0000-0000-0000-000000000000/resourceGroups/clitest000001/providers/Microsoft.Web/serverfarms?api-version=2019-08-01
  response:
    body:
      string: '{"value":[]}'
    headers:
      cache-control:
      - no-cache
      content-length:
      - '12'
      content-type:
      - application/json; charset=utf-8
      date:
      - Mon, 14 Dec 2020 20:46:27 GMT
      expires:
      - '-1'
      pragma:
      - no-cache
      strict-transport-security:
      - max-age=31536000; includeSubDomains
      vary:
      - Accept-Encoding
      x-content-type-options:
      - nosniff
    status:
      code: 200
      message: OK
- request:
    body: '{"name": "up-nodeapp000003", "type": "Microsoft.Web/sites"}'
    headers:
      Accept:
      - application/json
      Accept-Encoding:
      - gzip, deflate
      CommandName:
      - webapp up
      Connection:
      - keep-alive
      Content-Length:
      - '67'
      Content-Type:
      - application/json; charset=utf-8
      ParameterSetName:
      - -n -g --plan --os-type
      User-Agent:
      - python/3.6.7 (Windows-10-10.0.19041-SP0) msrest/0.6.18 msrest_azure/0.6.3
        azure-mgmt-web/0.48.0 Azure-SDK-For-Python AZURECLI/2.16.0
      accept-language:
      - en-US
    method: POST
    uri: https://management.azure.com/subscriptions/00000000-0000-0000-0000-000000000000/providers/Microsoft.Web/checknameavailability?api-version=2019-08-01
  response:
    body:
      string: '{"nameAvailable":true,"reason":"","message":""}'
    headers:
      cache-control:
      - no-cache
      content-length:
      - '47'
      content-type:
      - application/json
      date:
      - Mon, 14 Dec 2020 20:46:27 GMT
      expires:
      - '-1'
      pragma:
      - no-cache
      server:
      - Microsoft-IIS/10.0
      strict-transport-security:
      - max-age=31536000; includeSubDomains
      transfer-encoding:
      - chunked
      vary:
      - Accept-Encoding
      x-aspnet-version:
      - 4.0.30319
      x-content-type-options:
      - nosniff
      x-powered-by:
      - ASP.NET
    status:
      code: 200
      message: OK
- request:
    body: null
    headers:
      Accept:
      - application/json
      Accept-Encoding:
      - gzip, deflate
      CommandName:
      - webapp up
      Connection:
      - keep-alive
      ParameterSetName:
      - -n -g --plan --os-type
      User-Agent:
      - python/3.6.7 (Windows-10-10.0.19041-SP0) msrest/0.6.18 msrest_azure/0.6.3
        azure-mgmt-web/0.48.0 Azure-SDK-For-Python AZURECLI/2.16.0
      accept-language:
      - en-US
    method: GET
    uri: https://management.azure.com/subscriptions/00000000-0000-0000-0000-000000000000/providers/Microsoft.Web/geoRegions?sku=P1V2&linuxWorkersEnabled=true&api-version=2019-08-01
  response:
    body:
      string: '{"value":[{"id":"/subscriptions/00000000-0000-0000-0000-000000000000/providers/Microsoft.Web/geoRegions/Central
        US","name":"Central US","type":"Microsoft.Web/geoRegions","properties":{"name":"Central
        US","description":null,"sortOrder":0,"displayName":"Central US","orgDomain":"PUBLIC;DREAMSPARK;MSFTPUBLIC;FUNCTIONS;DYNAMIC;DSERIES;LINUX;LINUXDSERIES;ELASTICPREMIUM;LINUXFREE;LINUXDYNAMIC;ELASTICLINUX;XENON;XENONV3;WINDOWSV3;LINUXV3"}},{"id":"/subscriptions/00000000-0000-0000-0000-000000000000/providers/Microsoft.Web/geoRegions/North
        Europe","name":"North Europe","type":"Microsoft.Web/geoRegions","properties":{"name":"North
        Europe","description":null,"sortOrder":1,"displayName":"North Europe","orgDomain":"PUBLIC;DREAMSPARK;MSFTPUBLIC;FUNCTIONS;DYNAMIC;DSERIES;LINUX;LINUXDSERIES;XENON;ELASTICPREMIUM;LINUXFREE;ELASTICLINUX;LINUXDYNAMIC;XENON;XENONV3;WINDOWSV3;LINUXV3"}},{"id":"/subscriptions/00000000-0000-0000-0000-000000000000/providers/Microsoft.Web/geoRegions/West
        Europe","name":"West Europe","type":"Microsoft.Web/geoRegions","properties":{"name":"West
        Europe","description":null,"sortOrder":2,"displayName":"West Europe","orgDomain":"PUBLIC;DREAMSPARK;MSFTPUBLIC;FUNCTIONS;DYNAMIC;LINUX;DSERIES;LINUXDSERIES;XENON;SFCONTAINERS;LINUXDYNAMIC;ELASTICPREMIUM;ELASTICLINUX;LINUXFREE;XENON;XENONV3;WINDOWSV3;LINUXV3"}},{"id":"/subscriptions/00000000-0000-0000-0000-000000000000/providers/Microsoft.Web/geoRegions/Southeast
        Asia","name":"Southeast Asia","type":"Microsoft.Web/geoRegions","properties":{"name":"Southeast
        Asia","description":null,"sortOrder":3,"displayName":"Southeast Asia","orgDomain":"PUBLIC;DREAMSPARK;MSFTPUBLIC;FUNCTIONS;DYNAMIC;LINUX;DSERIES;LINUXDSERIES;XENON;ELASTICPREMIUM;LINUXFREE;ELASTICLINUX;LINUXDYNAMIC;XENON;XENONV3;WINDOWSV3;LINUXV3"}},{"id":"/subscriptions/00000000-0000-0000-0000-000000000000/providers/Microsoft.Web/geoRegions/East
        Asia","name":"East Asia","type":"Microsoft.Web/geoRegions","properties":{"name":"East
        Asia","description":null,"sortOrder":4,"displayName":"East Asia","orgDomain":"PUBLIC;DREAMSPARK;MSFTPUBLIC;FUNCTIONS;DYNAMIC;LINUX;DSERIES;LINUXDSERIES;SFCONTAINERS;LINUXDYNAMIC;ELASTICPREMIUM;LINUXFREE;ELASTICLINUX;XENON;XENONV3;WINDOWSV3;LINUXV3"}},{"id":"/subscriptions/00000000-0000-0000-0000-000000000000/providers/Microsoft.Web/geoRegions/West
        US","name":"West US","type":"Microsoft.Web/geoRegions","properties":{"name":"West
        US","description":null,"sortOrder":5,"displayName":"West US","orgDomain":"PUBLIC;DREAMSPARK;MSFTPUBLIC;FUNCTIONS;DYNAMIC;LINUX;DSERIES;LINUXDSERIES;XENON;ELASTICPREMIUM;LINUXFREE;ELASTICLINUX;LINUXDYNAMIC;XENON;XENONV3;WINDOWSV3;LINUXV3"}},{"id":"/subscriptions/00000000-0000-0000-0000-000000000000/providers/Microsoft.Web/geoRegions/East
        US","name":"East US","type":"Microsoft.Web/geoRegions","properties":{"name":"East
        US","description":null,"sortOrder":6,"displayName":"East US","orgDomain":"PUBLIC;DREAMSPARK;MSFTPUBLIC;FUNCTIONS;DYNAMIC;LINUX;DSERIES;FAKEORG;LINUXDSERIES;XENON;SFCONTAINERS;LINUXDYNAMIC;LINUXFREE;ELASTICLINUX;ELASTICPREMIUM;XENON;XENONV3;WINDOWSV3;LINUXV3"}},{"id":"/subscriptions/00000000-0000-0000-0000-000000000000/providers/Microsoft.Web/geoRegions/Japan
        West","name":"Japan West","type":"Microsoft.Web/geoRegions","properties":{"name":"Japan
        West","description":null,"sortOrder":7,"displayName":"Japan West","orgDomain":"PUBLIC;DREAMSPARK;MSFTPUBLIC;FUNCTIONS;DYNAMIC;LINUX;DSERIES;LINUXDSERIES;ELASTICPREMIUM;LINUXFREE;ELASTICLINUX"}},{"id":"/subscriptions/00000000-0000-0000-0000-000000000000/providers/Microsoft.Web/geoRegions/Japan
        East","name":"Japan East","type":"Microsoft.Web/geoRegions","properties":{"name":"Japan
        East","description":null,"sortOrder":8,"displayName":"Japan East","orgDomain":"PUBLIC;DREAMSPARK;MSFTPUBLIC;FUNCTIONS;DYNAMIC;LINUX;DSERIES;LINUXDSERIES;LINUXFREE;ELASTICLINUX;ELASTICPREMIUM;LINUXDYNAMIC;XENON;XENONV3;WINDOWSV3;LINUXV3"}},{"id":"/subscriptions/00000000-0000-0000-0000-000000000000/providers/Microsoft.Web/geoRegions/East
        US 2","name":"East US 2","type":"Microsoft.Web/geoRegions","properties":{"name":"East
        US 2","description":null,"sortOrder":9,"displayName":"East US 2","orgDomain":"PUBLIC;DREAMSPARK;MSFTPUBLIC;FUNCTIONS;DYNAMIC;DSERIES;LINUX;LINUXDSERIES;ELASTICPREMIUM;LINUXFREE;LINUXDYNAMIC;ELASTICLINUX;XENON;XENONV3;WINDOWSV3;LINUXV3"}},{"id":"/subscriptions/00000000-0000-0000-0000-000000000000/providers/Microsoft.Web/geoRegions/North
        Central US","name":"North Central US","type":"Microsoft.Web/geoRegions","properties":{"name":"North
        Central US","description":null,"sortOrder":10,"displayName":"North Central
        US","orgDomain":"PUBLIC;DREAMSPARK;MSFTPUBLIC;FUNCTIONS;DYNAMIC;LINUX;DSERIES;LINUXDSERIES;LINUXFREE;ELASTICPREMIUM;ELASTICLINUX;LINUXDYNAMIC"}},{"id":"/subscriptions/00000000-0000-0000-0000-000000000000/providers/Microsoft.Web/geoRegions/South
        Central US","name":"South Central US","type":"Microsoft.Web/geoRegions","properties":{"name":"South
        Central US","description":null,"sortOrder":11,"displayName":"South Central
        US","orgDomain":"PUBLIC;DREAMSPARK;MSFTPUBLIC;FUNCTIONS;DYNAMIC;DSERIES;LINUX;LINUXDSERIES;ELASTICPREMIUM;LINUXFREE;LINUXDYNAMIC;ELASTICLINUX;XENON;XENONV3;WINDOWSV3;LINUXV3"}},{"id":"/subscriptions/00000000-0000-0000-0000-000000000000/providers/Microsoft.Web/geoRegions/Brazil
        South","name":"Brazil South","type":"Microsoft.Web/geoRegions","properties":{"name":"Brazil
        South","description":null,"sortOrder":12,"displayName":"Brazil South","orgDomain":"PUBLIC;DREAMSPARK;MSFTPUBLIC;FUNCTIONS;DYNAMIC;LINUX;DSERIES;LINUXDSERIES;LINUXFREE;ELASTICPREMIUM;LINUXDYNAMIC;ELASTICLINUX;XENON;XENONV3;WINDOWSV3;LINUXV3"}},{"id":"/subscriptions/00000000-0000-0000-0000-000000000000/providers/Microsoft.Web/geoRegions/Australia
        East","name":"Australia East","type":"Microsoft.Web/geoRegions","properties":{"name":"Australia
        East","description":null,"sortOrder":13,"displayName":"Australia East","orgDomain":"PUBLIC;DREAMSPARK;MSFTPUBLIC;FUNCTIONS;DYNAMIC;LINUX;DSERIES;LINUXDSERIES;XENON;ELASTICPREMIUM;LINUXFREE;LINUXDYNAMIC;ELASTICLINUX;XENON;XENONV3;WINDOWSV3;LINUXV3"}},{"id":"/subscriptions/00000000-0000-0000-0000-000000000000/providers/Microsoft.Web/geoRegions/Australia
        Southeast","name":"Australia Southeast","type":"Microsoft.Web/geoRegions","properties":{"name":"Australia
        Southeast","description":null,"sortOrder":14,"displayName":"Australia Southeast","orgDomain":"PUBLIC;DREAMSPARK;MSFTPUBLIC;FUNCTIONS;DYNAMIC;DSERIES;LINUX;LINUXDSERIES;ELASTICPREMIUM;LINUXFREE;ELASTICLINUX;XENON;XENONV3;WINDOWSV3;LINUXV3"}},{"id":"/subscriptions/00000000-0000-0000-0000-000000000000/providers/Microsoft.Web/geoRegions/East
        Asia (Stage)","name":"East Asia (Stage)","type":"Microsoft.Web/geoRegions","properties":{"name":"East
        Asia (Stage)","description":null,"sortOrder":2147483647,"displayName":"East
        Asia (Stage)","orgDomain":"MSFTINT;DSERIES;ELASTICPREMIUM;FUNCTIONS;DYNAMIC;XENON;LINUX;LINUXFREE;LINUXDYNAMIC;XENONV3"}},{"id":"/subscriptions/00000000-0000-0000-0000-000000000000/providers/Microsoft.Web/geoRegions/North
        Central US (Stage)","name":"North Central US (Stage)","type":"Microsoft.Web/geoRegions","properties":{"name":"North
        Central US (Stage)","description":null,"sortOrder":2147483647,"displayName":"North
        Central US (Stage)","orgDomain":"MSFTINT;LINUX;LINUXFREE;LINUXDYNAMIC"}},{"id":"/subscriptions/00000000-0000-0000-0000-000000000000/providers/Microsoft.Web/geoRegions/Central
        India","name":"Central India","type":"Microsoft.Web/geoRegions","properties":{"name":"Central
        India","description":null,"sortOrder":2147483647,"displayName":"Central India","orgDomain":"PUBLIC;DREAMSPARK;MSFTPUBLIC;FUNCTIONS;DYNAMIC;LINUX;DSERIES;LINUXDSERIES;LINUXDYNAMIC"}},{"id":"/subscriptions/00000000-0000-0000-0000-000000000000/providers/Microsoft.Web/geoRegions/West
        India","name":"West India","type":"Microsoft.Web/geoRegions","properties":{"name":"West
        India","description":null,"sortOrder":2147483647,"displayName":"West India","orgDomain":"PUBLIC;DREAMSPARK;MSFTPUBLIC;FUNCTIONS;DYNAMIC;LINUX;DSERIES;LINUXDSERIES;ELASTICPREMIUM;LINUXDYNAMIC;ELASTICLINUX"}},{"id":"/subscriptions/00000000-0000-0000-0000-000000000000/providers/Microsoft.Web/geoRegions/South
        India","name":"South India","type":"Microsoft.Web/geoRegions","properties":{"name":"South
        India","description":null,"sortOrder":2147483647,"displayName":"South India","orgDomain":"PUBLIC;DREAMSPARK;MSFTPUBLIC;FUNCTIONS;DYNAMIC;DSERIES;LINUX;LINUXDSERIES;ELASTICPREMIUM"}},{"id":"/subscriptions/00000000-0000-0000-0000-000000000000/providers/Microsoft.Web/geoRegions/Canada
        Central","name":"Canada Central","type":"Microsoft.Web/geoRegions","properties":{"name":"Canada
        Central","description":null,"sortOrder":2147483647,"displayName":"Canada Central","orgDomain":"PUBLIC;DREAMSPARK;MSFTPUBLIC;FUNCTIONS;DYNAMIC;DSERIES;LINUX;LINUXDSERIES;ELASTICPREMIUM;LINUXFREE;ELASTICLINUX;XENON;XENONV3;WINDOWSV3;LINUXV3"}},{"id":"/subscriptions/00000000-0000-0000-0000-000000000000/providers/Microsoft.Web/geoRegions/Canada
        East","name":"Canada East","type":"Microsoft.Web/geoRegions","properties":{"name":"Canada
        East","description":null,"sortOrder":2147483647,"displayName":"Canada East","orgDomain":"PUBLIC;DREAMSPARK;MSFTPUBLIC;FUNCTIONS;DYNAMIC;LINUX;DSERIES;LINUXDSERIES"}},{"id":"/subscriptions/00000000-0000-0000-0000-000000000000/providers/Microsoft.Web/geoRegions/West
        Central US","name":"West Central US","type":"Microsoft.Web/geoRegions","properties":{"name":"West
        Central US","description":null,"sortOrder":2147483647,"displayName":"West
        Central US","orgDomain":"PUBLIC;FUNCTIONS;DYNAMIC;LINUX;DSERIES;LINUXDSERIES;ELASTICLINUX;ELASTICPREMIUM;MSFTPUBLIC;XENON;XENONV3;WINDOWSV3;LINUXV3"}},{"id":"/subscriptions/00000000-0000-0000-0000-000000000000/providers/Microsoft.Web/geoRegions/West
        US 2","name":"West US 2","type":"Microsoft.Web/geoRegions","properties":{"name":"West
        US 2","description":null,"sortOrder":2147483647,"displayName":"West US 2","orgDomain":"PUBLIC;DREAMSPARK;MSFTPUBLIC;FUNCTIONS;DYNAMIC;LINUX;DSERIES;LINUXDSERIES;LINUXFREE;LINUXDYNAMIC;ELASTICPREMIUM;ELASTICLINUX;XENON;XENONV3;WINDOWSV3;LINUXV3"}},{"id":"/subscriptions/00000000-0000-0000-0000-000000000000/providers/Microsoft.Web/geoRegions/UK
        West","name":"UK West","type":"Microsoft.Web/geoRegions","properties":{"name":"UK
        West","description":null,"sortOrder":2147483647,"displayName":"UK West","orgDomain":"PUBLIC;MSFTPUBLIC;FUNCTIONS;DYNAMIC;DSERIES;LINUX;LINUXDSERIES;ELASTICPREMIUM;LINUXDYNAMIC;ELASTICLINUX;XENON;XENONV3;WINDOWSV3;LINUXV3"}},{"id":"/subscriptions/00000000-0000-0000-0000-000000000000/providers/Microsoft.Web/geoRegions/UK
        South","name":"UK South","type":"Microsoft.Web/geoRegions","properties":{"name":"UK
        South","description":null,"sortOrder":2147483647,"displayName":"UK South","orgDomain":"PUBLIC;MSFTPUBLIC;DYNAMIC;DSERIES;LINUX;LINUXDSERIES;LINUXFREE;LINUXDYNAMIC;ELASTICPREMIUM;ELASTICLINUX;XENON;XENONV3;WINDOWSV3;LINUXV3"}},{"id":"/subscriptions/00000000-0000-0000-0000-000000000000/providers/Microsoft.Web/geoRegions/East
        US 2 EUAP","name":"East US 2 EUAP","type":"Microsoft.Web/geoRegions","properties":{"name":"East
        US 2 EUAP","description":null,"sortOrder":2147483647,"displayName":"East US
        2 EUAP","orgDomain":"EUAP;XENON;DSERIES;ELASTICPREMIUM;FUNCTIONS;DYNAMIC;LINUX;LINUXFREE;ELASTICLINUX;WINDOWSV3;XENONV3;LINUXDYNAMIC"}},{"id":"/subscriptions/00000000-0000-0000-0000-000000000000/providers/Microsoft.Web/geoRegions/Central
        US EUAP","name":"Central US EUAP","type":"Microsoft.Web/geoRegions","properties":{"name":"Central
        US EUAP","description":null,"sortOrder":2147483647,"displayName":"Central
        US EUAP","orgDomain":"EUAP;LINUX;DSERIES;ELASTICPREMIUM;LINUXFREE;ELASTICLINUX;LINUXDYNAMIC;DYNAMIC;LINUXV3"}},{"id":"/subscriptions/00000000-0000-0000-0000-000000000000/providers/Microsoft.Web/geoRegions/Korea
        South","name":"Korea South","type":"Microsoft.Web/geoRegions","properties":{"name":"Korea
        South","description":null,"sortOrder":2147483647,"displayName":"Korea South","orgDomain":"PUBLIC;DREAMSPARK;MSFTPUBLIC;LINUX;LINUXDSERIES;LINUXFREE;DSERIES"}},{"id":"/subscriptions/00000000-0000-0000-0000-000000000000/providers/Microsoft.Web/geoRegions/Korea
        Central","name":"Korea Central","type":"Microsoft.Web/geoRegions","properties":{"name":"Korea
        Central","description":null,"sortOrder":2147483647,"displayName":"Korea Central","orgDomain":"PUBLIC;DREAMSPARK;MSFTPUBLIC;FUNCTIONS;DYNAMIC;LINUX;LINUXDSERIES;ELASTICPREMIUM;LINUXFREE;DSERIES;LINUXDYNAMIC;ELASTICLINUX;XENON;XENONV3;WINDOWSV3;LINUXV3"}},{"id":"/subscriptions/00000000-0000-0000-0000-000000000000/providers/Microsoft.Web/geoRegions/France
        Central","name":"France Central","type":"Microsoft.Web/geoRegions","properties":{"name":"France
        Central","description":null,"sortOrder":2147483647,"displayName":"France Central","orgDomain":"PUBLIC;MSFTPUBLIC;DSERIES;DYNAMIC;LINUX;LINUXDSERIES;ELASTICPREMIUM;LINUXFREE;LINUXDYNAMIC;ELASTICLINUX;XENON;XENONV3;WINDOWSV3;LINUXV3"}},{"id":"/subscriptions/00000000-0000-0000-0000-000000000000/providers/Microsoft.Web/geoRegions/Australia
        Central 2","name":"Australia Central 2","type":"Microsoft.Web/geoRegions","properties":{"name":"Australia
        Central 2","description":null,"sortOrder":2147483647,"displayName":"Australia
        Central 2","orgDomain":"PUBLIC;FUNCTIONS;DYNAMIC;DSERIES;LINUX;LINUXDSERIES;LINUXFREE;ELASTICPREMIUM"}},{"id":"/subscriptions/00000000-0000-0000-0000-000000000000/providers/Microsoft.Web/geoRegions/Australia
        Central","name":"Australia Central","type":"Microsoft.Web/geoRegions","properties":{"name":"Australia
        Central","description":null,"sortOrder":2147483647,"displayName":"Australia
        Central","orgDomain":"PUBLIC;FUNCTIONS;DYNAMIC;DSERIES;LINUX;LINUXDSERIES;LINUXFREE;ELASTICPREMIUM"}},{"id":"/subscriptions/00000000-0000-0000-0000-000000000000/providers/Microsoft.Web/geoRegions/South
        Africa North","name":"South Africa North","type":"Microsoft.Web/geoRegions","properties":{"name":"South
        Africa North","description":null,"sortOrder":2147483647,"displayName":"South
        Africa North","orgDomain":"PUBLIC;MSFTPUBLIC;FUNCTIONS;DYNAMIC;LINUX;LINUXDSERIES;DSERIES"}},{"id":"/subscriptions/00000000-0000-0000-0000-000000000000/providers/Microsoft.Web/geoRegions/South
        Africa West","name":"South Africa West","type":"Microsoft.Web/geoRegions","properties":{"name":"South
        Africa West","description":null,"sortOrder":2147483647,"displayName":"South
        Africa West","orgDomain":"PUBLIC;LINUX;LINUXDSERIES;DSERIES"}},{"id":"/subscriptions/00000000-0000-0000-0000-000000000000/providers/Microsoft.Web/geoRegions/Switzerland
        North","name":"Switzerland North","type":"Microsoft.Web/geoRegions","properties":{"name":"Switzerland
        North","description":null,"sortOrder":2147483647,"displayName":"Switzerland
        North","orgDomain":"PUBLIC;DSERIES;LINUX;LINUXDSERIES;LINUXFREE;FUNCTIONS;DYNAMIC;LINUXDYNAMIC;ELASTICPREMIUM;ELASTICLINUX"}},{"id":"/subscriptions/00000000-0000-0000-0000-000000000000/providers/Microsoft.Web/geoRegions/Germany
        West Central","name":"Germany West Central","type":"Microsoft.Web/geoRegions","properties":{"name":"Germany
        West Central","description":null,"sortOrder":2147483647,"displayName":"Germany
        West Central","orgDomain":"PUBLIC;DSERIES;LINUX;LINUXDSERIES;ELASTICPREMIUM;FUNCTIONS;DYNAMIC;ELASTICLINUX;LINUXDYNAMIC"}},{"id":"/subscriptions/00000000-0000-0000-0000-000000000000/providers/Microsoft.Web/geoRegions/Switzerland
        West","name":"Switzerland West","type":"Microsoft.Web/geoRegions","properties":{"name":"Switzerland
        West","description":null,"sortOrder":2147483647,"displayName":"Switzerland
        West","orgDomain":"PUBLIC;DSERIES;LINUX;LINUXDSERIES;LINUXFREE;FUNCTIONS;DYNAMIC;ELASTICPREMIUM"}},{"id":"/subscriptions/00000000-0000-0000-0000-000000000000/providers/Microsoft.Web/geoRegions/UAE
        Central","name":"UAE Central","type":"Microsoft.Web/geoRegions","properties":{"name":"UAE
        Central","description":null,"sortOrder":2147483647,"displayName":"UAE Central","orgDomain":"PUBLIC;DSERIES;LINUX;LINUXDSERIES;LINUXFREE"}},{"id":"/subscriptions/00000000-0000-0000-0000-000000000000/providers/Microsoft.Web/geoRegions/UAE
        North","name":"UAE North","type":"Microsoft.Web/geoRegions","properties":{"name":"UAE
        North","description":null,"sortOrder":2147483647,"displayName":"UAE North","orgDomain":"PUBLIC;DSERIES;LINUX;LINUXDSERIES;LINUXFREE;FUNCTIONS;DYNAMIC;LINUXDYNAMIC"}},{"id":"/subscriptions/00000000-0000-0000-0000-000000000000/providers/Microsoft.Web/geoRegions/Norway
        East","name":"Norway East","type":"Microsoft.Web/geoRegions","properties":{"name":"Norway
        East","description":null,"sortOrder":2147483647,"displayName":"Norway East","orgDomain":"PUBLIC;LINUX;LINUXDSERIES;DSERIES;ELASTICLINUX;ELASTICPREMIUM;FUNCTIONS;DYNAMIC"}},{"id":"/subscriptions/00000000-0000-0000-0000-000000000000/providers/Microsoft.Web/geoRegions/Brazil
        Southeast","name":"Brazil Southeast","type":"Microsoft.Web/geoRegions","properties":{"name":"Brazil
        Southeast","description":null,"sortOrder":2147483647,"displayName":"Brazil
        Southeast","orgDomain":"PUBLIC;LINUX;LINUXDSERIES;DSERIES;LINUXFREE;FUNCTIONS;DYNAMIC"}}],"nextLink":null,"id":null}'
    headers:
      cache-control:
      - no-cache
      content-length:
      - '17037'
      content-type:
      - application/json
      date:
      - Mon, 14 Dec 2020 20:46:28 GMT
      expires:
      - '-1'
      pragma:
      - no-cache
      server:
      - Microsoft-IIS/10.0
      strict-transport-security:
      - max-age=31536000; includeSubDomains
      transfer-encoding:
      - chunked
      vary:
      - Accept-Encoding
      x-aspnet-version:
      - 4.0.30319
      x-content-type-options:
      - nosniff
      x-powered-by:
      - ASP.NET
    status:
      code: 200
      message: OK
- request:
    body: null
    headers:
      Accept:
      - application/json
      Accept-Encoding:
      - gzip, deflate
      CommandName:
      - webapp up
      Connection:
      - keep-alive
      ParameterSetName:
      - -n -g --plan --os-type
      User-Agent:
      - python/3.6.7 (Windows-10-10.0.19041-SP0) msrest/0.6.18 msrest_azure/0.6.3
        azure-mgmt-resource/10.2.0 Azure-SDK-For-Python AZURECLI/2.16.0
      accept-language:
      - en-US
    method: HEAD
    uri: https://management.azure.com/subscriptions/00000000-0000-0000-0000-000000000000/resourcegroups/clitest000001?api-version=2020-06-01
  response:
    body:
      string: ''
    headers:
      cache-control:
      - no-cache
      content-length:
      - '0'
      date:
      - Mon, 14 Dec 2020 20:46:29 GMT
      expires:
      - '-1'
      pragma:
      - no-cache
      strict-transport-security:
      - max-age=31536000; includeSubDomains
      x-content-type-options:
      - nosniff
    status:
      code: 204
      message: No Content
- request:
    body: null
    headers:
      Accept:
      - application/json
      Accept-Encoding:
      - gzip, deflate
      CommandName:
      - webapp up
      Connection:
      - keep-alive
      ParameterSetName:
      - -n -g --plan --os-type
      User-Agent:
      - python/3.6.7 (Windows-10-10.0.19041-SP0) msrest/0.6.18 msrest_azure/0.6.3
        azure-mgmt-web/0.48.0 Azure-SDK-For-Python AZURECLI/2.16.0
      accept-language:
      - en-US
    method: GET
    uri: https://management.azure.com/subscriptions/00000000-0000-0000-0000-000000000000/resourceGroups/clitest000001/providers/Microsoft.Web/serverfarms?api-version=2019-08-01
  response:
    body:
      string: '{"value":[]}'
    headers:
      cache-control:
      - no-cache
      content-length:
      - '12'
      content-type:
      - application/json; charset=utf-8
      date:
      - Mon, 14 Dec 2020 20:46:29 GMT
      expires:
      - '-1'
      pragma:
      - no-cache
      strict-transport-security:
      - max-age=31536000; includeSubDomains
      vary:
      - Accept-Encoding
      x-content-type-options:
      - nosniff
    status:
      code: 200
      message: OK
- request:
    body: null
    headers:
      Accept:
      - application/json
      Accept-Encoding:
      - gzip, deflate
      CommandName:
      - webapp up
      Connection:
      - keep-alive
      ParameterSetName:
      - -n -g --plan --os-type
      User-Agent:
      - python/3.6.7 (Windows-10-10.0.19041-SP0) msrest/0.6.18 msrest_azure/0.6.3
        azure-mgmt-resource/10.2.0 Azure-SDK-For-Python AZURECLI/2.16.0
      accept-language:
      - en-US
    method: HEAD
    uri: https://management.azure.com/subscriptions/00000000-0000-0000-0000-000000000000/resourcegroups/clitest000001?api-version=2020-06-01
  response:
    body:
      string: ''
    headers:
      cache-control:
      - no-cache
      content-length:
      - '0'
      date:
      - Mon, 14 Dec 2020 20:46:30 GMT
      expires:
      - '-1'
      pragma:
      - no-cache
      strict-transport-security:
      - max-age=31536000; includeSubDomains
      x-content-type-options:
      - nosniff
    status:
      code: 204
      message: No Content
- request:
    body: null
    headers:
      Accept:
      - application/json
      Accept-Encoding:
      - gzip, deflate
      CommandName:
      - webapp up
      Connection:
      - keep-alive
      ParameterSetName:
      - -n -g --plan --os-type
      User-Agent:
      - python/3.6.7 (Windows-10-10.0.19041-SP0) msrest/0.6.18 msrest_azure/0.6.3
        azure-mgmt-web/0.48.0 Azure-SDK-For-Python AZURECLI/2.16.0
      accept-language:
      - en-US
    method: GET
    uri: https://management.azure.com/subscriptions/00000000-0000-0000-0000-000000000000/resourceGroups/clitest000001/providers/Microsoft.Web/serverfarms?api-version=2019-08-01
  response:
    body:
      string: '{"value":[]}'
    headers:
      cache-control:
      - no-cache
      content-length:
      - '12'
      content-type:
      - application/json; charset=utf-8
      date:
      - Mon, 14 Dec 2020 20:46:30 GMT
      expires:
      - '-1'
      pragma:
      - no-cache
      strict-transport-security:
      - max-age=31536000; includeSubDomains
      vary:
      - Accept-Encoding
      x-content-type-options:
      - nosniff
    status:
      code: 200
      message: OK
- request:
    body: '{"location": "centralus", "properties": {"perSiteScaling": false, "reserved":
      true, "isXenon": false}, "sku": {"name": "P1V2", "tier": "PREMIUMV2", "capacity":
      1}}'
    headers:
      Accept:
      - application/json
      Accept-Encoding:
      - gzip, deflate
      CommandName:
      - webapp up
      Connection:
      - keep-alive
      Content-Length:
      - '163'
      Content-Type:
      - application/json; charset=utf-8
      ParameterSetName:
      - -n -g --plan --os-type
      User-Agent:
      - python/3.6.7 (Windows-10-10.0.19041-SP0) msrest/0.6.18 msrest_azure/0.6.3
        azure-mgmt-web/0.48.0 Azure-SDK-For-Python AZURECLI/2.16.0
      accept-language:
      - en-US
    method: PUT
    uri: https://management.azure.com/subscriptions/00000000-0000-0000-0000-000000000000/resourceGroups/clitest000001/providers/Microsoft.Web/serverfarms/up-nodeplan000002?api-version=2019-08-01
  response:
    body:
      string: '{"id":"/subscriptions/00000000-0000-0000-0000-000000000000/resourceGroups/clitest000001/providers/Microsoft.Web/serverfarms/up-nodeplan000002","name":"up-nodeplan000002","type":"Microsoft.Web/serverfarms","kind":"linux","location":"Central
        US","properties":{"serverFarmId":16219,"name":"up-nodeplan000002","workerSize":"D1","workerSizeId":3,"workerTierName":null,"numberOfWorkers":1,"currentWorkerSize":"D1","currentWorkerSizeId":3,"currentNumberOfWorkers":1,"status":"Ready","webSpace":"clitest000001-CentralUSwebspace","subscription":"5700fc96-77b4-4f8d-afce-c353d8c443bd","adminSiteName":null,"hostingEnvironment":null,"hostingEnvironmentProfile":null,"maximumNumberOfWorkers":30,"planName":"VirtualDedicatedPlan","adminRuntimeSiteName":null,"computeMode":"Dedicated","siteMode":null,"geoRegion":"Central
        US","perSiteScaling":false,"maximumElasticWorkerCount":1,"numberOfSites":0,"hostingEnvironmentId":null,"isSpot":false,"spotExpirationTime":null,"freeOfferExpirationTime":null,"tags":null,"kind":"linux","resourceGroup":"clitest000001","reserved":true,"isXenon":false,"hyperV":false,"mdmId":"waws-prod-dm1-173_16219","targetWorkerCount":0,"targetWorkerSizeId":0,"provisioningState":"Succeeded","webSiteId":null,"existingServerFarmIds":null,"azBalancing":false},"sku":{"name":"P1v2","tier":"PremiumV2","size":"P1v2","family":"Pv2","capacity":1}}'
    headers:
      cache-control:
      - no-cache
      content-length:
      - '1404'
      content-type:
      - application/json
      date:
      - Mon, 14 Dec 2020 20:47:28 GMT
      expires:
      - '-1'
      pragma:
      - no-cache
      server:
      - Microsoft-IIS/10.0
      strict-transport-security:
      - max-age=31536000; includeSubDomains
      transfer-encoding:
      - chunked
      vary:
      - Accept-Encoding
      x-aspnet-version:
      - 4.0.30319
      x-content-type-options:
      - nosniff
      x-ms-ratelimit-remaining-subscription-writes:
      - '1197'
      x-powered-by:
      - ASP.NET
    status:
      code: 200
      message: OK
- request:
    body: null
    headers:
      Accept:
      - application/json
      Accept-Encoding:
      - gzip, deflate
      CommandName:
      - webapp up
      Connection:
      - keep-alive
      ParameterSetName:
      - -n -g --plan --os-type
      User-Agent:
      - python/3.6.7 (Windows-10-10.0.19041-SP0) msrest/0.6.18 msrest_azure/0.6.3
        azure-mgmt-web/0.48.0 Azure-SDK-For-Python AZURECLI/2.16.0
      accept-language:
      - en-US
    method: GET
    uri: https://management.azure.com/subscriptions/00000000-0000-0000-0000-000000000000/resourceGroups/clitest000001/providers/Microsoft.Web/serverfarms/up-nodeplan000002?api-version=2019-08-01
  response:
    body:
      string: '{"id":"/subscriptions/00000000-0000-0000-0000-000000000000/resourceGroups/clitest000001/providers/Microsoft.Web/serverfarms/up-nodeplan000002","name":"up-nodeplan000002","type":"Microsoft.Web/serverfarms","kind":"linux","location":"Central
        US","properties":{"serverFarmId":16219,"name":"up-nodeplan000002","workerSize":"D1","workerSizeId":3,"workerTierName":null,"numberOfWorkers":1,"currentWorkerSize":"D1","currentWorkerSizeId":3,"currentNumberOfWorkers":1,"status":"Ready","webSpace":"clitest000001-CentralUSwebspace","subscription":"5700fc96-77b4-4f8d-afce-c353d8c443bd","adminSiteName":null,"hostingEnvironment":null,"hostingEnvironmentProfile":null,"maximumNumberOfWorkers":30,"planName":"VirtualDedicatedPlan","adminRuntimeSiteName":null,"computeMode":"Dedicated","siteMode":null,"geoRegion":"Central
        US","perSiteScaling":false,"maximumElasticWorkerCount":1,"numberOfSites":0,"hostingEnvironmentId":null,"isSpot":false,"spotExpirationTime":null,"freeOfferExpirationTime":null,"tags":null,"kind":"linux","resourceGroup":"clitest000001","reserved":true,"isXenon":false,"hyperV":false,"mdmId":"waws-prod-dm1-173_16219","targetWorkerCount":0,"targetWorkerSizeId":0,"provisioningState":"Succeeded","webSiteId":null,"existingServerFarmIds":null,"azBalancing":false},"sku":{"name":"P1v2","tier":"PremiumV2","size":"P1v2","family":"Pv2","capacity":1}}'
    headers:
      cache-control:
      - no-cache
      content-length:
      - '1404'
      content-type:
      - application/json
      date:
      - Mon, 14 Dec 2020 20:47:29 GMT
      expires:
      - '-1'
      pragma:
      - no-cache
      server:
      - Microsoft-IIS/10.0
      strict-transport-security:
      - max-age=31536000; includeSubDomains
      transfer-encoding:
      - chunked
      vary:
      - Accept-Encoding
      x-aspnet-version:
      - 4.0.30319
      x-content-type-options:
      - nosniff
      x-powered-by:
      - ASP.NET
    status:
      code: 200
      message: OK
- request:
    body: '{"name": "up-nodeapp000003", "type": "Site"}'
    headers:
      Accept:
      - application/json
      Accept-Encoding:
      - gzip, deflate
      CommandName:
      - webapp up
      Connection:
      - keep-alive
      Content-Length:
      - '52'
      Content-Type:
      - application/json; charset=utf-8
      ParameterSetName:
      - -n -g --plan --os-type
      User-Agent:
      - python/3.6.7 (Windows-10-10.0.19041-SP0) msrest/0.6.18 msrest_azure/0.6.3
        azure-mgmt-web/0.48.0 Azure-SDK-For-Python AZURECLI/2.16.0
      accept-language:
      - en-US
    method: POST
    uri: https://management.azure.com/subscriptions/00000000-0000-0000-0000-000000000000/providers/Microsoft.Web/checknameavailability?api-version=2019-08-01
  response:
    body:
      string: '{"nameAvailable":true,"reason":"","message":""}'
    headers:
      cache-control:
      - no-cache
      content-length:
      - '47'
      content-type:
      - application/json
      date:
      - Mon, 14 Dec 2020 20:47:29 GMT
      expires:
      - '-1'
      pragma:
      - no-cache
      server:
      - Microsoft-IIS/10.0
      strict-transport-security:
      - max-age=31536000; includeSubDomains
      transfer-encoding:
      - chunked
      vary:
      - Accept-Encoding
      x-aspnet-version:
      - 4.0.30319
      x-content-type-options:
      - nosniff
      x-powered-by:
      - ASP.NET
    status:
      code: 200
      message: OK
- request:
    body: '{"location": "Central US", "properties": {"serverFarmId": "/subscriptions/00000000-0000-0000-0000-000000000000/resourceGroups/clitest000001/providers/Microsoft.Web/serverfarms/up-nodeplan000002",
      "reserved": false, "isXenon": false, "hyperV": false, "siteConfig": {"netFrameworkVersion":
      "v4.6", "linuxFxVersion": "NODE|10.14", "appSettings": [{"name": "SCM_DO_BUILD_DURING_DEPLOYMENT",
      "value": "True"}], "alwaysOn": true, "localMySqlEnabled": false, "http20Enabled":
      true}, "scmSiteAlsoStopped": false, "httpsOnly": true}}'
    headers:
      Accept:
      - application/json
      Accept-Encoding:
      - gzip, deflate
      CommandName:
      - webapp up
      Connection:
      - keep-alive
      Content-Length:
      - '542'
      Content-Type:
      - application/json; charset=utf-8
      ParameterSetName:
      - -n -g --plan --os-type
      User-Agent:
      - python/3.6.7 (Windows-10-10.0.19041-SP0) msrest/0.6.18 msrest_azure/0.6.3
        azure-mgmt-web/0.48.0 Azure-SDK-For-Python AZURECLI/2.16.0
      accept-language:
      - en-US
    method: PUT
    uri: https://management.azure.com/subscriptions/00000000-0000-0000-0000-000000000000/resourceGroups/clitest000001/providers/Microsoft.Web/sites/up-nodeapp000003?api-version=2019-08-01
  response:
    body:
      string: '{"id":"/subscriptions/00000000-0000-0000-0000-000000000000/resourceGroups/clitest000001/providers/Microsoft.Web/sites/up-nodeapp000003","name":"up-nodeapp000003","type":"Microsoft.Web/sites","kind":"app,linux","location":"Central
        US","properties":{"name":"up-nodeapp000003","state":"Running","hostNames":["up-nodeapp000003.azurewebsites.net"],"webSpace":"clitest000001-CentralUSwebspace","selfLink":"https://waws-prod-dm1-173.api.azurewebsites.windows.net:454/subscriptions/00000000-0000-0000-0000-000000000000/webspaces/clitest000001-CentralUSwebspace/sites/up-nodeapp000003","repositorySiteName":"up-nodeapp000003","owner":null,"usageState":"Normal","enabled":true,"adminEnabled":true,"enabledHostNames":["up-nodeapp000003.azurewebsites.net","up-nodeapp000003.scm.azurewebsites.net"],"siteProperties":{"metadata":null,"properties":[{"name":"LinuxFxVersion","value":"NODE|10.14"},{"name":"WindowsFxVersion","value":null}],"appSettings":null},"availabilityState":"Normal","sslCertificates":null,"csrs":[],"cers":null,"siteMode":null,"hostNameSslStates":[{"name":"up-nodeapp000003.azurewebsites.net","sslState":"Disabled","ipBasedSslResult":null,"virtualIP":null,"thumbprint":null,"toUpdate":null,"toUpdateIpBasedSsl":null,"ipBasedSslState":"NotConfigured","hostType":"Standard"},{"name":"up-nodeapp000003.scm.azurewebsites.net","sslState":"Disabled","ipBasedSslResult":null,"virtualIP":null,"thumbprint":null,"toUpdate":null,"toUpdateIpBasedSsl":null,"ipBasedSslState":"NotConfigured","hostType":"Repository"}],"computeMode":null,"serverFarm":null,"serverFarmId":"/subscriptions/00000000-0000-0000-0000-000000000000/resourceGroups/clitest000001/providers/Microsoft.Web/serverfarms/up-nodeplan000002","reserved":true,"isXenon":false,"hyperV":false,"lastModifiedTimeUtc":"2020-12-14T20:47:32.87","storageRecoveryDefaultState":"Running","contentAvailabilityState":"Normal","runtimeAvailabilityState":"Normal","siteConfig":{"numberOfWorkers":null,"defaultDocuments":null,"netFrameworkVersion":null,"phpVersion":null,"pythonVersion":null,"nodeVersion":null,"powerShellVersion":null,"linuxFxVersion":null,"windowsFxVersion":null,"requestTracingEnabled":null,"remoteDebuggingEnabled":null,"remoteDebuggingVersion":null,"httpLoggingEnabled":null,"azureMonitorLogCategories":null,"acrUseManagedIdentityCreds":false,"acrUserManagedIdentityID":null,"logsDirectorySizeLimit":null,"detailedErrorLoggingEnabled":null,"publishingUsername":null,"publishingPassword":null,"appSettings":null,"azureStorageAccounts":null,"metadata":null,"connectionStrings":null,"machineKey":null,"handlerMappings":null,"documentRoot":null,"scmType":null,"use32BitWorkerProcess":null,"webSocketsEnabled":null,"alwaysOn":null,"javaVersion":null,"javaContainer":null,"javaContainerVersion":null,"appCommandLine":null,"managedPipelineMode":null,"virtualApplications":null,"winAuthAdminState":null,"winAuthTenantState":null,"customAppPoolIdentityAdminState":null,"customAppPoolIdentityTenantState":null,"runtimeADUser":null,"runtimeADUserPassword":null,"loadBalancing":null,"routingRules":null,"experiments":null,"limits":null,"autoHealEnabled":null,"autoHealRules":null,"tracingOptions":null,"vnetName":null,"vnetRouteAllEnabled":null,"vnetPrivatePortsCount":null,"cors":null,"push":null,"apiDefinition":null,"apiManagementConfig":null,"autoSwapSlotName":null,"localMySqlEnabled":null,"managedServiceIdentityId":null,"xManagedServiceIdentityId":null,"ipSecurityRestrictions":[{"ipAddress":"Any","action":"Allow","priority":1,"name":"Allow
        all","description":"Allow all access"}],"scmIpSecurityRestrictions":[{"ipAddress":"Any","action":"Allow","priority":1,"name":"Allow
        all","description":"Allow all access"}],"scmIpSecurityRestrictionsUseMain":null,"http20Enabled":null,"minTlsVersion":null,"scmMinTlsVersion":null,"ftpsState":null,"preWarmedInstanceCount":null,"functionAppScaleLimit":null,"healthCheckPath":null,"fileChangeAuditEnabled":null,"functionsRuntimeScaleMonitoringEnabled":null,"websiteTimeZone":null,"minimumElasticInstanceCount":0},"deploymentId":"up-nodeapp000003","trafficManagerHostNames":null,"sku":"PremiumV2","scmSiteAlsoStopped":false,"targetSwapSlot":null,"hostingEnvironment":null,"hostingEnvironmentProfile":null,"clientAffinityEnabled":true,"clientCertEnabled":false,"clientCertMode":"Required","clientCertExclusionPaths":null,"hostNamesDisabled":false,"domainVerificationIdentifiers":null,"customDomainVerificationId":"A5B12E93C19D795D34DF79C449C2C3BAF58329ACBE54CAAF49EDCD93822ACCE8","kind":"app,linux","inboundIpAddress":"13.89.172.23","possibleInboundIpAddresses":"13.89.172.23","ftpUsername":"up-nodeapp000003\\$up-nodeapp000003","ftpsHostName":"ftps://waws-prod-dm1-173.ftp.azurewebsites.windows.net/site/wwwroot","outboundIpAddresses":"40.122.78.153,40.122.149.171,40.77.111.208,40.77.104.142,40.77.107.181","possibleOutboundIpAddresses":"13.89.172.23,40.122.152.175,13.89.56.149,40.77.105.187,40.77.107.136,40.122.78.153,40.122.149.171,40.77.111.208,40.77.104.142,40.77.107.181","containerSize":0,"dailyMemoryTimeQuota":0,"suspendedTill":null,"siteDisabledReason":0,"functionExecutionUnitsCache":null,"maxNumberOfWorkers":null,"homeStamp":"waws-prod-dm1-173","cloningInfo":null,"hostingEnvironmentId":null,"tags":null,"resourceGroup":"clitest000001","defaultHostName":"up-nodeapp000003.azurewebsites.net","slotSwapStatus":null,"httpsOnly":true,"redundancyMode":"None","inProgressOperationId":null,"geoDistributions":null,"privateEndpointConnections":null,"buildVersion":null,"targetBuildVersion":null,"migrationState":null}}'
    headers:
      cache-control:
      - no-cache
      content-length:
      - '5694'
      content-type:
      - application/json
      date:
      - Mon, 14 Dec 2020 20:47:49 GMT
      etag:
      - '"1D6D25A58EEA755"'
      expires:
      - '-1'
      pragma:
      - no-cache
      server:
      - Microsoft-IIS/10.0
      strict-transport-security:
      - max-age=31536000; includeSubDomains
      transfer-encoding:
      - chunked
      vary:
      - Accept-Encoding
      x-aspnet-version:
      - 4.0.30319
      x-content-type-options:
      - nosniff
      x-ms-ratelimit-remaining-subscription-resource-requests:
      - '499'
      x-powered-by:
      - ASP.NET
    status:
      code: 200
      message: OK
- request:
    body: '{}'
    headers:
      Accept:
      - application/xml
      Accept-Encoding:
      - gzip, deflate
      CommandName:
      - webapp up
      Connection:
      - keep-alive
      Content-Length:
      - '2'
      Content-Type:
      - application/json; charset=utf-8
      ParameterSetName:
      - -n -g --plan --os-type
      User-Agent:
      - python/3.6.7 (Windows-10-10.0.19041-SP0) msrest/0.6.18 msrest_azure/0.6.3
        azure-mgmt-web/0.48.0 Azure-SDK-For-Python AZURECLI/2.16.0
      accept-language:
      - en-US
    method: POST
    uri: https://management.azure.com/subscriptions/00000000-0000-0000-0000-000000000000/resourceGroups/clitest000001/providers/Microsoft.Web/sites/up-nodeapp000003/publishxml?api-version=2019-08-01
  response:
    body:
      string: <publishData><publishProfile profileName="up-nodeapp000003 - Web Deploy"
        publishMethod="MSDeploy" publishUrl="up-nodeapp000003.scm.azurewebsites.net:443"
        msdeploySite="up-nodeapp000003" userName="$up-nodeapp000003" userPWD="rcDbQZ4waiFJkdJlG0KkrpCpNe9WDg5Fdfu74XplomthoigdwgMaz9uxZu2y"
        destinationAppUrl="https://up-nodeapp000003.azurewebsites.net" SQLServerDBConnectionString=""
        mySQLDBConnectionString="" hostingProviderForumLink="" controlPanelLink="http://windows.azure.com"
        webSystem="WebSites"><databases /></publishProfile><publishProfile profileName="up-nodeapp000003
        - FTP" publishMethod="FTP" publishUrl="ftp://waws-prod-dm1-173.ftp.azurewebsites.windows.net/site/wwwroot"
        ftpPassiveMode="True" userName="up-nodeapp000003\$up-nodeapp000003" userPWD="rcDbQZ4waiFJkdJlG0KkrpCpNe9WDg5Fdfu74XplomthoigdwgMaz9uxZu2y"
        destinationAppUrl="https://up-nodeapp000003.azurewebsites.net" SQLServerDBConnectionString=""
        mySQLDBConnectionString="" hostingProviderForumLink="" controlPanelLink="http://windows.azure.com"
        webSystem="WebSites"><databases /></publishProfile><publishProfile profileName="up-nodeapp000003
        - Zip Deploy" publishMethod="ZipDeploy" publishUrl="up-nodeapp000003.scm.azurewebsites.net:443"
        userName="$up-nodeapp000003" userPWD="rcDbQZ4waiFJkdJlG0KkrpCpNe9WDg5Fdfu74XplomthoigdwgMaz9uxZu2y"
        destinationAppUrl="https://up-nodeapp000003.azurewebsites.net" SQLServerDBConnectionString=""
        mySQLDBConnectionString="" hostingProviderForumLink="" controlPanelLink="http://windows.azure.com"
        webSystem="WebSites"><databases /></publishProfile><publishProfile profileName="up-nodeapp000003
        - ReadOnly - FTP" publishMethod="FTP" publishUrl="ftp://waws-prod-dm1-173dr.ftp.azurewebsites.windows.net/site/wwwroot"
        ftpPassiveMode="True" userName="up-nodeapp000003\$up-nodeapp000003" userPWD="rcDbQZ4waiFJkdJlG0KkrpCpNe9WDg5Fdfu74XplomthoigdwgMaz9uxZu2y"
        destinationAppUrl="https://up-nodeapp000003.azurewebsites.net" SQLServerDBConnectionString=""
        mySQLDBConnectionString="" hostingProviderForumLink="" controlPanelLink="http://windows.azure.com"
        webSystem="WebSites"><databases /></publishProfile></publishData>
    headers:
      cache-control:
      - no-cache
      content-length:
      - '2251'
      content-type:
      - application/xml
      date:
      - Mon, 14 Dec 2020 20:47:49 GMT
      expires:
      - '-1'
      pragma:
      - no-cache
      server:
      - Microsoft-IIS/10.0
      strict-transport-security:
      - max-age=31536000; includeSubDomains
      x-aspnet-version:
      - 4.0.30319
      x-content-type-options:
      - nosniff
      x-ms-ratelimit-remaining-subscription-resource-requests:
      - '11999'
      x-powered-by:
      - ASP.NET
    status:
      code: 200
      message: OK
- request:
    body: null
    headers:
      Accept:
      - application/json
      Accept-Encoding:
      - gzip, deflate
      CommandName:
      - webapp up
      Connection:
      - keep-alive
      ParameterSetName:
      - -n -g --plan --os-type
      User-Agent:
      - python/3.6.7 (Windows-10-10.0.19041-SP0) msrest/0.6.18 msrest_azure/0.6.3
        azure-mgmt-web/0.48.0 Azure-SDK-For-Python AZURECLI/2.16.0
      accept-language:
      - en-US
    method: GET
    uri: https://management.azure.com/subscriptions/00000000-0000-0000-0000-000000000000/resourceGroups/clitest000001/providers/Microsoft.Web/sites/up-nodeapp000003?api-version=2019-08-01
  response:
    body:
      string: '{"id":"/subscriptions/00000000-0000-0000-0000-000000000000/resourceGroups/clitest000001/providers/Microsoft.Web/sites/up-nodeapp000003","name":"up-nodeapp000003","type":"Microsoft.Web/sites","kind":"app,linux","location":"Central
        US","properties":{"name":"up-nodeapp000003","state":"Running","hostNames":["up-nodeapp000003.azurewebsites.net"],"webSpace":"clitest000001-CentralUSwebspace","selfLink":"https://waws-prod-dm1-173.api.azurewebsites.windows.net:454/subscriptions/00000000-0000-0000-0000-000000000000/webspaces/clitest000001-CentralUSwebspace/sites/up-nodeapp000003","repositorySiteName":"up-nodeapp000003","owner":null,"usageState":"Normal","enabled":true,"adminEnabled":true,"enabledHostNames":["up-nodeapp000003.azurewebsites.net","up-nodeapp000003.scm.azurewebsites.net"],"siteProperties":{"metadata":null,"properties":[{"name":"LinuxFxVersion","value":"NODE|10.14"},{"name":"WindowsFxVersion","value":null}],"appSettings":null},"availabilityState":"Normal","sslCertificates":null,"csrs":[],"cers":null,"siteMode":null,"hostNameSslStates":[{"name":"up-nodeapp000003.azurewebsites.net","sslState":"Disabled","ipBasedSslResult":null,"virtualIP":null,"thumbprint":null,"toUpdate":null,"toUpdateIpBasedSsl":null,"ipBasedSslState":"NotConfigured","hostType":"Standard"},{"name":"up-nodeapp000003.scm.azurewebsites.net","sslState":"Disabled","ipBasedSslResult":null,"virtualIP":null,"thumbprint":null,"toUpdate":null,"toUpdateIpBasedSsl":null,"ipBasedSslState":"NotConfigured","hostType":"Repository"}],"computeMode":null,"serverFarm":null,"serverFarmId":"/subscriptions/00000000-0000-0000-0000-000000000000/resourceGroups/clitest000001/providers/Microsoft.Web/serverfarms/up-nodeplan000002","reserved":true,"isXenon":false,"hyperV":false,"lastModifiedTimeUtc":"2020-12-14T20:47:33.4933333","storageRecoveryDefaultState":"Running","contentAvailabilityState":"Normal","runtimeAvailabilityState":"Normal","siteConfig":{"numberOfWorkers":null,"defaultDocuments":null,"netFrameworkVersion":null,"phpVersion":null,"pythonVersion":null,"nodeVersion":null,"powerShellVersion":null,"linuxFxVersion":null,"windowsFxVersion":null,"requestTracingEnabled":null,"remoteDebuggingEnabled":null,"remoteDebuggingVersion":null,"httpLoggingEnabled":null,"azureMonitorLogCategories":null,"acrUseManagedIdentityCreds":false,"acrUserManagedIdentityID":null,"logsDirectorySizeLimit":null,"detailedErrorLoggingEnabled":null,"publishingUsername":null,"publishingPassword":null,"appSettings":null,"azureStorageAccounts":null,"metadata":null,"connectionStrings":null,"machineKey":null,"handlerMappings":null,"documentRoot":null,"scmType":null,"use32BitWorkerProcess":null,"webSocketsEnabled":null,"alwaysOn":null,"javaVersion":null,"javaContainer":null,"javaContainerVersion":null,"appCommandLine":null,"managedPipelineMode":null,"virtualApplications":null,"winAuthAdminState":null,"winAuthTenantState":null,"customAppPoolIdentityAdminState":null,"customAppPoolIdentityTenantState":null,"runtimeADUser":null,"runtimeADUserPassword":null,"loadBalancing":null,"routingRules":null,"experiments":null,"limits":null,"autoHealEnabled":null,"autoHealRules":null,"tracingOptions":null,"vnetName":null,"vnetRouteAllEnabled":null,"vnetPrivatePortsCount":null,"cors":null,"push":null,"apiDefinition":null,"apiManagementConfig":null,"autoSwapSlotName":null,"localMySqlEnabled":null,"managedServiceIdentityId":null,"xManagedServiceIdentityId":null,"ipSecurityRestrictions":null,"scmIpSecurityRestrictions":null,"scmIpSecurityRestrictionsUseMain":null,"http20Enabled":null,"minTlsVersion":null,"scmMinTlsVersion":null,"ftpsState":null,"preWarmedInstanceCount":null,"functionAppScaleLimit":null,"healthCheckPath":null,"fileChangeAuditEnabled":null,"functionsRuntimeScaleMonitoringEnabled":null,"websiteTimeZone":null,"minimumElasticInstanceCount":0},"deploymentId":"up-nodeapp000003","trafficManagerHostNames":null,"sku":"PremiumV2","scmSiteAlsoStopped":false,"targetSwapSlot":null,"hostingEnvironment":null,"hostingEnvironmentProfile":null,"clientAffinityEnabled":true,"clientCertEnabled":false,"clientCertMode":"Required","clientCertExclusionPaths":null,"hostNamesDisabled":false,"domainVerificationIdentifiers":null,"customDomainVerificationId":"A5B12E93C19D795D34DF79C449C2C3BAF58329ACBE54CAAF49EDCD93822ACCE8","kind":"app,linux","inboundIpAddress":"13.89.172.23","possibleInboundIpAddresses":"13.89.172.23","ftpUsername":"up-nodeapp000003\\$up-nodeapp000003","ftpsHostName":"ftps://waws-prod-dm1-173.ftp.azurewebsites.windows.net/site/wwwroot","outboundIpAddresses":"40.122.78.153,40.122.149.171,40.77.111.208,40.77.104.142,40.77.107.181","possibleOutboundIpAddresses":"13.89.172.23,40.122.152.175,13.89.56.149,40.77.105.187,40.77.107.136,40.122.78.153,40.122.149.171,40.77.111.208,40.77.104.142,40.77.107.181","containerSize":0,"dailyMemoryTimeQuota":0,"suspendedTill":null,"siteDisabledReason":0,"functionExecutionUnitsCache":null,"maxNumberOfWorkers":null,"homeStamp":"waws-prod-dm1-173","cloningInfo":null,"hostingEnvironmentId":null,"tags":null,"resourceGroup":"clitest000001","defaultHostName":"up-nodeapp000003.azurewebsites.net","slotSwapStatus":null,"httpsOnly":true,"redundancyMode":"None","inProgressOperationId":null,"geoDistributions":null,"privateEndpointConnections":[],"buildVersion":null,"targetBuildVersion":null,"migrationState":null}}'
    headers:
      cache-control:
      - no-cache
      content-length:
      - '5499'
      content-type:
      - application/json
      date:
      - Mon, 14 Dec 2020 20:47:50 GMT
      etag:
      - '"1D6D25A58EEA755"'
      expires:
      - '-1'
      pragma:
      - no-cache
      server:
      - Microsoft-IIS/10.0
      strict-transport-security:
      - max-age=31536000; includeSubDomains
      transfer-encoding:
      - chunked
      vary:
      - Accept-Encoding
      x-aspnet-version:
      - 4.0.30319
      x-content-type-options:
      - nosniff
      x-powered-by:
      - ASP.NET
    status:
      code: 200
      message: OK
- request:
    body: '{"properties": {"applicationLogs": {}, "httpLogs": {"fileSystem": {"retentionInMb":
      100, "retentionInDays": 3, "enabled": true}}}}'
    headers:
      Accept:
      - application/json
      Accept-Encoding:
      - gzip, deflate
      CommandName:
      - webapp up
      Connection:
      - keep-alive
      Content-Length:
      - '130'
      Content-Type:
      - application/json; charset=utf-8
      ParameterSetName:
      - -n -g --plan --os-type
      User-Agent:
      - python/3.6.7 (Windows-10-10.0.19041-SP0) msrest/0.6.18 msrest_azure/0.6.3
        azure-mgmt-web/0.48.0 Azure-SDK-For-Python AZURECLI/2.16.0
      accept-language:
      - en-US
    method: PUT
    uri: https://management.azure.com/subscriptions/00000000-0000-0000-0000-000000000000/resourceGroups/clitest000001/providers/Microsoft.Web/sites/up-nodeapp000003/config/logs?api-version=2019-08-01
  response:
    body:
      string: '{"id":"/subscriptions/00000000-0000-0000-0000-000000000000/resourceGroups/clitest000001/providers/Microsoft.Web/sites/up-nodeapp000003/config/logs","name":"logs","type":"Microsoft.Web/sites/config","location":"Central
        US","properties":{"applicationLogs":{"fileSystem":{"level":"Off"},"azureTableStorage":{"level":"Off","sasUrl":null},"azureBlobStorage":{"level":"Off","sasUrl":null,"retentionInDays":null}},"httpLogs":{"fileSystem":{"retentionInMb":100,"retentionInDays":3,"enabled":true},"azureBlobStorage":{"sasUrl":null,"retentionInDays":3,"enabled":false}},"failedRequestsTracing":{"enabled":false},"detailedErrorMessages":{"enabled":false}}}'
    headers:
      cache-control:
      - no-cache
      content-length:
      - '665'
      content-type:
      - application/json
      date:
      - Mon, 14 Dec 2020 20:47:53 GMT
      etag:
      - '"1D6D25A64F9700B"'
      expires:
      - '-1'
      pragma:
      - no-cache
      server:
      - Microsoft-IIS/10.0
      strict-transport-security:
      - max-age=31536000; includeSubDomains
      transfer-encoding:
      - chunked
      vary:
      - Accept-Encoding
      x-aspnet-version:
      - 4.0.30319
      x-content-type-options:
      - nosniff
      x-ms-ratelimit-remaining-subscription-writes:
      - '1198'
      x-powered-by:
      - ASP.NET
    status:
      code: 200
      message: OK
- request:
    body: null
    headers:
      Accept:
      - application/json
      Accept-Encoding:
      - gzip, deflate
      CommandName:
      - webapp up
      Connection:
      - keep-alive
      Content-Length:
      - '0'
      ParameterSetName:
      - -n -g --plan --os-type
      User-Agent:
      - python/3.6.7 (Windows-10-10.0.19041-SP0) msrest/0.6.18 msrest_azure/0.6.3
        azure-mgmt-web/0.48.0 Azure-SDK-For-Python AZURECLI/2.16.0
      accept-language:
      - en-US
    method: POST
    uri: https://management.azure.com/subscriptions/00000000-0000-0000-0000-000000000000/resourceGroups/clitest000001/providers/Microsoft.Web/sites/up-nodeapp000003/config/publishingcredentials/list?api-version=2019-08-01
  response:
    body:
      string: '{"id":"/subscriptions/00000000-0000-0000-0000-000000000000/resourceGroups/clitest000001/providers/Microsoft.Web/sites/up-nodeapp000003/publishingcredentials/$up-nodeapp000003","name":"up-nodeapp000003","type":"Microsoft.Web/sites/publishingcredentials","location":"Central
        US","properties":{"name":null,"publishingUserName":"$up-nodeapp000003","publishingPassword":"rcDbQZ4waiFJkdJlG0KkrpCpNe9WDg5Fdfu74XplomthoigdwgMaz9uxZu2y","publishingPasswordHash":null,"publishingPasswordHashSalt":null,"metadata":null,"isDeleted":false,"scmUri":"https://$up-nodeapp000003:rcDbQZ4waiFJkdJlG0KkrpCpNe9WDg5Fdfu74XplomthoigdwgMaz9uxZu2y@up-nodeapp000003.scm.azurewebsites.net"}}'
    headers:
      cache-control:
      - no-cache
      content-length:
      - '723'
      content-type:
      - application/json
      date:
      - Mon, 14 Dec 2020 20:47:54 GMT
      expires:
      - '-1'
      pragma:
      - no-cache
      server:
      - Microsoft-IIS/10.0
      strict-transport-security:
      - max-age=31536000; includeSubDomains
      transfer-encoding:
      - chunked
      vary:
      - Accept-Encoding
      x-aspnet-version:
      - 4.0.30319
      x-content-type-options:
      - nosniff
      x-ms-ratelimit-remaining-subscription-resource-requests:
      - '11999'
      x-powered-by:
      - ASP.NET
    status:
      code: 200
      message: OK
- request:
    body: null
    headers:
      Accept:
      - application/json
      Accept-Encoding:
      - gzip, deflate
      CommandName:
      - webapp up
      Connection:
      - keep-alive
      ParameterSetName:
      - -n -g --plan --os-type
      User-Agent:
      - python/3.6.7 (Windows-10-10.0.19041-SP0) msrest/0.6.18 msrest_azure/0.6.3
        azure-mgmt-web/0.48.0 Azure-SDK-For-Python AZURECLI/2.16.0
      accept-language:
      - en-US
    method: GET
    uri: https://management.azure.com/subscriptions/00000000-0000-0000-0000-000000000000/resourceGroups/clitest000001/providers/Microsoft.Web/sites/up-nodeapp000003?api-version=2019-08-01
  response:
    body:
      string: '{"id":"/subscriptions/00000000-0000-0000-0000-000000000000/resourceGroups/clitest000001/providers/Microsoft.Web/sites/up-nodeapp000003","name":"up-nodeapp000003","type":"Microsoft.Web/sites","kind":"app,linux","location":"Central
        US","properties":{"name":"up-nodeapp000003","state":"Running","hostNames":["up-nodeapp000003.azurewebsites.net"],"webSpace":"clitest000001-CentralUSwebspace","selfLink":"https://waws-prod-dm1-173.api.azurewebsites.windows.net:454/subscriptions/00000000-0000-0000-0000-000000000000/webspaces/clitest000001-CentralUSwebspace/sites/up-nodeapp000003","repositorySiteName":"up-nodeapp000003","owner":null,"usageState":"Normal","enabled":true,"adminEnabled":true,"enabledHostNames":["up-nodeapp000003.azurewebsites.net","up-nodeapp000003.scm.azurewebsites.net"],"siteProperties":{"metadata":null,"properties":[{"name":"LinuxFxVersion","value":"NODE|10.14"},{"name":"WindowsFxVersion","value":null}],"appSettings":null},"availabilityState":"Normal","sslCertificates":null,"csrs":[],"cers":null,"siteMode":null,"hostNameSslStates":[{"name":"up-nodeapp000003.azurewebsites.net","sslState":"Disabled","ipBasedSslResult":null,"virtualIP":null,"thumbprint":null,"toUpdate":null,"toUpdateIpBasedSsl":null,"ipBasedSslState":"NotConfigured","hostType":"Standard"},{"name":"up-nodeapp000003.scm.azurewebsites.net","sslState":"Disabled","ipBasedSslResult":null,"virtualIP":null,"thumbprint":null,"toUpdate":null,"toUpdateIpBasedSsl":null,"ipBasedSslState":"NotConfigured","hostType":"Repository"}],"computeMode":null,"serverFarm":null,"serverFarmId":"/subscriptions/00000000-0000-0000-0000-000000000000/resourceGroups/clitest000001/providers/Microsoft.Web/serverfarms/up-nodeplan000002","reserved":true,"isXenon":false,"hyperV":false,"lastModifiedTimeUtc":"2020-12-14T20:47:53.6966667","storageRecoveryDefaultState":"Running","contentAvailabilityState":"Normal","runtimeAvailabilityState":"Normal","siteConfig":{"numberOfWorkers":null,"defaultDocuments":null,"netFrameworkVersion":null,"phpVersion":null,"pythonVersion":null,"nodeVersion":null,"powerShellVersion":null,"linuxFxVersion":null,"windowsFxVersion":null,"requestTracingEnabled":null,"remoteDebuggingEnabled":null,"remoteDebuggingVersion":null,"httpLoggingEnabled":null,"azureMonitorLogCategories":null,"acrUseManagedIdentityCreds":false,"acrUserManagedIdentityID":null,"logsDirectorySizeLimit":null,"detailedErrorLoggingEnabled":null,"publishingUsername":null,"publishingPassword":null,"appSettings":null,"azureStorageAccounts":null,"metadata":null,"connectionStrings":null,"machineKey":null,"handlerMappings":null,"documentRoot":null,"scmType":null,"use32BitWorkerProcess":null,"webSocketsEnabled":null,"alwaysOn":null,"javaVersion":null,"javaContainer":null,"javaContainerVersion":null,"appCommandLine":null,"managedPipelineMode":null,"virtualApplications":null,"winAuthAdminState":null,"winAuthTenantState":null,"customAppPoolIdentityAdminState":null,"customAppPoolIdentityTenantState":null,"runtimeADUser":null,"runtimeADUserPassword":null,"loadBalancing":null,"routingRules":null,"experiments":null,"limits":null,"autoHealEnabled":null,"autoHealRules":null,"tracingOptions":null,"vnetName":null,"vnetRouteAllEnabled":null,"vnetPrivatePortsCount":null,"cors":null,"push":null,"apiDefinition":null,"apiManagementConfig":null,"autoSwapSlotName":null,"localMySqlEnabled":null,"managedServiceIdentityId":null,"xManagedServiceIdentityId":null,"ipSecurityRestrictions":null,"scmIpSecurityRestrictions":null,"scmIpSecurityRestrictionsUseMain":null,"http20Enabled":null,"minTlsVersion":null,"scmMinTlsVersion":null,"ftpsState":null,"preWarmedInstanceCount":null,"functionAppScaleLimit":null,"healthCheckPath":null,"fileChangeAuditEnabled":null,"functionsRuntimeScaleMonitoringEnabled":null,"websiteTimeZone":null,"minimumElasticInstanceCount":0},"deploymentId":"up-nodeapp000003","trafficManagerHostNames":null,"sku":"PremiumV2","scmSiteAlsoStopped":false,"targetSwapSlot":null,"hostingEnvironment":null,"hostingEnvironmentProfile":null,"clientAffinityEnabled":true,"clientCertEnabled":false,"clientCertMode":"Required","clientCertExclusionPaths":null,"hostNamesDisabled":false,"domainVerificationIdentifiers":null,"customDomainVerificationId":"A5B12E93C19D795D34DF79C449C2C3BAF58329ACBE54CAAF49EDCD93822ACCE8","kind":"app,linux","inboundIpAddress":"13.89.172.23","possibleInboundIpAddresses":"13.89.172.23","ftpUsername":"up-nodeapp000003\\$up-nodeapp000003","ftpsHostName":"ftps://waws-prod-dm1-173.ftp.azurewebsites.windows.net/site/wwwroot","outboundIpAddresses":"40.122.78.153,40.122.149.171,40.77.111.208,40.77.104.142,40.77.107.181","possibleOutboundIpAddresses":"13.89.172.23,40.122.152.175,13.89.56.149,40.77.105.187,40.77.107.136,40.122.78.153,40.122.149.171,40.77.111.208,40.77.104.142,40.77.107.181","containerSize":0,"dailyMemoryTimeQuota":0,"suspendedTill":null,"siteDisabledReason":0,"functionExecutionUnitsCache":null,"maxNumberOfWorkers":null,"homeStamp":"waws-prod-dm1-173","cloningInfo":null,"hostingEnvironmentId":null,"tags":null,"resourceGroup":"clitest000001","defaultHostName":"up-nodeapp000003.azurewebsites.net","slotSwapStatus":null,"httpsOnly":true,"redundancyMode":"None","inProgressOperationId":null,"geoDistributions":null,"privateEndpointConnections":[],"buildVersion":null,"targetBuildVersion":null,"migrationState":null}}'
    headers:
      cache-control:
      - no-cache
      content-length:
      - '5499'
      content-type:
      - application/json
      date:
      - Mon, 14 Dec 2020 20:47:55 GMT
      etag:
      - '"1D6D25A64F9700B"'
      expires:
      - '-1'
      pragma:
      - no-cache
      server:
      - Microsoft-IIS/10.0
      strict-transport-security:
      - max-age=31536000; includeSubDomains
      transfer-encoding:
      - chunked
      vary:
      - Accept-Encoding
      x-aspnet-version:
      - 4.0.30319
      x-content-type-options:
      - nosniff
      x-powered-by:
      - ASP.NET
    status:
      code: 200
      message: OK
- request:
    body: '{}'
    headers:
      Accept:
      - application/xml
      Accept-Encoding:
      - gzip, deflate
      CommandName:
      - webapp up
      Connection:
      - keep-alive
      Content-Length:
      - '2'
      Content-Type:
      - application/json; charset=utf-8
      ParameterSetName:
      - -n -g --plan --os-type
      User-Agent:
      - python/3.6.7 (Windows-10-10.0.19041-SP0) msrest/0.6.18 msrest_azure/0.6.3
        azure-mgmt-web/0.48.0 Azure-SDK-For-Python AZURECLI/2.16.0
      accept-language:
      - en-US
    method: POST
    uri: https://management.azure.com/subscriptions/00000000-0000-0000-0000-000000000000/resourceGroups/clitest000001/providers/Microsoft.Web/sites/up-nodeapp000003/publishxml?api-version=2019-08-01
  response:
    body:
      string: <publishData><publishProfile profileName="up-nodeapp000003 - Web Deploy"
        publishMethod="MSDeploy" publishUrl="up-nodeapp000003.scm.azurewebsites.net:443"
        msdeploySite="up-nodeapp000003" userName="$up-nodeapp000003" userPWD="rcDbQZ4waiFJkdJlG0KkrpCpNe9WDg5Fdfu74XplomthoigdwgMaz9uxZu2y"
        destinationAppUrl="https://up-nodeapp000003.azurewebsites.net" SQLServerDBConnectionString=""
        mySQLDBConnectionString="" hostingProviderForumLink="" controlPanelLink="http://windows.azure.com"
        webSystem="WebSites"><databases /></publishProfile><publishProfile profileName="up-nodeapp000003
        - FTP" publishMethod="FTP" publishUrl="ftp://waws-prod-dm1-173.ftp.azurewebsites.windows.net/site/wwwroot"
        ftpPassiveMode="True" userName="up-nodeapp000003\$up-nodeapp000003" userPWD="rcDbQZ4waiFJkdJlG0KkrpCpNe9WDg5Fdfu74XplomthoigdwgMaz9uxZu2y"
        destinationAppUrl="https://up-nodeapp000003.azurewebsites.net" SQLServerDBConnectionString=""
        mySQLDBConnectionString="" hostingProviderForumLink="" controlPanelLink="http://windows.azure.com"
        webSystem="WebSites"><databases /></publishProfile><publishProfile profileName="up-nodeapp000003
        - Zip Deploy" publishMethod="ZipDeploy" publishUrl="up-nodeapp000003.scm.azurewebsites.net:443"
        userName="$up-nodeapp000003" userPWD="rcDbQZ4waiFJkdJlG0KkrpCpNe9WDg5Fdfu74XplomthoigdwgMaz9uxZu2y"
        destinationAppUrl="https://up-nodeapp000003.azurewebsites.net" SQLServerDBConnectionString=""
        mySQLDBConnectionString="" hostingProviderForumLink="" controlPanelLink="http://windows.azure.com"
        webSystem="WebSites"><databases /></publishProfile><publishProfile profileName="up-nodeapp000003
        - ReadOnly - FTP" publishMethod="FTP" publishUrl="ftp://waws-prod-dm1-173dr.ftp.azurewebsites.windows.net/site/wwwroot"
        ftpPassiveMode="True" userName="up-nodeapp000003\$up-nodeapp000003" userPWD="rcDbQZ4waiFJkdJlG0KkrpCpNe9WDg5Fdfu74XplomthoigdwgMaz9uxZu2y"
        destinationAppUrl="https://up-nodeapp000003.azurewebsites.net" SQLServerDBConnectionString=""
        mySQLDBConnectionString="" hostingProviderForumLink="" controlPanelLink="http://windows.azure.com"
        webSystem="WebSites"><databases /></publishProfile></publishData>
    headers:
      cache-control:
      - no-cache
      content-length:
      - '2251'
      content-type:
      - application/xml
      date:
      - Mon, 14 Dec 2020 20:47:56 GMT
      expires:
      - '-1'
      pragma:
      - no-cache
      server:
      - Microsoft-IIS/10.0
      strict-transport-security:
      - max-age=31536000; includeSubDomains
      x-aspnet-version:
      - 4.0.30319
      x-content-type-options:
      - nosniff
      x-ms-ratelimit-remaining-subscription-resource-requests:
      - '11999'
      x-powered-by:
      - ASP.NET
    status:
      code: 200
      message: OK
- request:
    body: !!binary |
      UEsDBBQAAAAIAMpljlHSGjqE9gEAAJIDAAAKAAAALmdpdGlnbm9yZWVTwW7bMAy96ysI9NC1gG3s
      uuPaYdhQYEO2y06BLDGKElkSRDmZ9/Uj5aTL0ENsk3x8JB+ZO3hJjlSQx2PPLxXz1FkcZyfWo1p0
      iW9sLCWV1VZ3sJlj9ROC1VWr7K0w8YufhGhXg8HmKOBnX9DUVBbYpQI+Ui3zhLGiheBHAocRixZz
      XOBAJp3YdDh8/fEkn4pBHTuF6ukSA/vKOdOaWFMKxIRHBE9Vx3EO6kolqXExUJEqvDp7dm3TXPNc
      BfC58FDcXsUyofXcEBBXkGrv9rXmD8PgBHKg3qRpMAV19dF1OcyOh7oTsNhV07Hb+YD0oPqWIewf
      0xkLWMwYLUaz3EzQ2InpR8H0Pg0Pqn1uuU5OkaWiNkGy2J31jieIO+9m1synqJrO3ZlM8bmuIk2Z
      y7MqPmrm19amSP/KCA8PkYobdPbDGu73dQpcd/bBDhsMqKnJ9vy2Y4+khGM7JTvzmIM6UJ62WZsj
      i8Ump/1cMq4dwek9j22CXtuFpoyqS2atVuy3LAEdgO8QjDb7m/XykvL0Hwgp8I5WnOpXazVuUZtP
      319g7+nCId0WzGF7dQm2bR7SDu6lsLR/z5db3R+J/uKjhy98DK74urSuVd/+Cf7qFJhNFeMJ+OdL
      inLVcNLF65GHvCRxrG0Pf9f+QNAUhsvZ9eJVfwFQSwMEFAAAAAgAymWOUTHV79fVAQAAMgQAAAYA
      AABhcHAuanOFU8tu2zAQvPsr9kYaUCQf0ksMo6fei/xAwEprialEsktSSeD437uUKZdGjfZG7czO
      zj40K4KWUAX8RmQJDkD4K2pCKYYQ3AOmqBfb/WZmJr47Qu9LVg6tDKfCUMLpe8Vaa39q/K7I402h
      S/zBLcBKHm3f39ImS70yCV8I2nT4/mxjuGXVDaWYbxZ8VYus7P9BXvCrtHKOWbkzmaJNA7PGN0DT
      a4PgMUS3YVrNLykS5EW1NF+/Wm3ky0unyagJK8jolmVuErIWpwkX+6V2wtmJvPQuRYfzNS/Fs6P6
      1Vsj7wGRRjSt7bCTJ/YfkGfQPcFRjR7hXGaUu7gr5YMKupX3W3Lxx6hb9la6Fg33UmylEBV5wFW5
      iDzXVoV2gMfdIyjTwdHSm6IOgoXl9GDg6Ih0lTpG0wbN/fMSK96kr8Bwp1s4bWB5yeKcJcsmj+dc
      6z+SDCfJv3U5lffGN9nyJCuwZvwAR3bWnTZ9VtUGeF84WjehCZzEGvUlo554oqrHdFRE69f+loN/
      /r86OevToaDhC4DD4QCiEBfwNQnBE5zO3Njij9KuCcKA2Y/jErlC2mX0qb38hM9P+LLbbVcLl2Qu
      lzLFOrDJdnHEmi/CUkg/Pdvab34DUEsDBBQAAAAIAMtljlHrIP/GMSMAACN+AAARAAAAcGFja2Fn
      ZS1sb2NrLmpzb27lfdmzqsyy5/v9K77Yj+11M4Pe6HOjRUEFBxDnhy+CSeYZBLxxzt/egLoc2bo8
      q586dqxtFeCPyswasrIy0//5j7/++uWKjvrrv/765eRq5odqFIm+/+s/yzt7NYwMzy1vgr+Lf8er
      tidbO8NWl193oep6qAaJUXy/uBCHiVpdU1RfdRXVlY3q+v8U14qr/yfOfTUCJFFS7WZV/rp3+1ai
      eCtRvbW6U4B79l5Vylt6HPvRfwFAqGpGFIf5b9d3zOi3F2rAIzzQvK41K9jfsXa4QBturGqhEecl
      dqSLGAQ3FTImpVBuBPNBDq2U3WBjkunMdtHGaBV0hJVojQbRajCDJ6vBkLb26AqZggQ47Hv9EUWG
      DLmXYyQERxC54JL9YmYQ1mbB/+Mfv6qX/vM/75mR2xXVzxiB/4bw39i/wYkS+8iFstQ84r1mQTaA
      Vayl2r4JrdHcdVm/HQjuyo5m82GEu0isjfqTXdrpD1KVS0EnsQe8bS8R1AXnMJZshASyQH3GWqs1
      3WqDJJQLKJEWLLii5KvXnAmv6yG//tev0xP/vOGgKMuqH9f1Ieg38kEfOmEWLDuVmhXOa44N7RbI
      R/DK3NjMkJwcJhaLs5vAXo7n0na01gYZ7M1BfwHszNkgp/wGR+0obgPOkFW34ONyGotJpkP6NJto
      wx0m7QmF9zuvOeYYjnrh1L/g39BvGP36UjnMVc2LDTH2wuN4xn/Ddez0wrp+iBRMAD9gZoFYsbL4
      bFYYf2Yk1JypEyDC8IkHMFKYcMACdo0EahmdtXc3fo6gmu1Jol3XB5CCGx82+4z81fxTvVlhviID
      2DBpO2sQwlZMSS4Y9pL1YrueumOp9VKiZzn8+hstXoR+Cevra08n16civOdHCQghV73jU1kegW64
      UMMJihaWoT3RIV9t95d5d7Ed6eG6ZU9Q+R+/vr76z+c90jY0txmrWVwj36IRv9Hvy/cLtqTnq9Ks
      0F5JtlcM7KXenbcgkHWEZTQM5b7d43BwJr+UrGW4StPbVbItxwJ8PU6L6VlTo7i6WfYw6PpmWIhc
      jJsFIYarnR7Bageyo6g7w1VrJ8Zr8LeZdgItWXYqNiukVwwTbLYbktsBq1pwXzq0pzE9a5C7qbVb
      3I/oMBTz5s4W41itm4ig4oUfNP4auaTgut6sMF+R4dht36L7GZbKB5ZjtS4jjrZTz18qw3syCkWq
      pvVwwTD8+60vAMtGFx/NCuFVWzF+MtjMoIbI273hMGmHjf0o3Sd9abG5a+txoQ0TNzacuv5SLBj4
      B7PoDfSXInaqN4+grwix7Sxd9cWpFi4VFUApIB8j+2G8mgHoy8FWzFNq06xWxb/hYlyDt+NJU101
      LFfFK+p//V3053LFeDqsXqut/xannims73HJI8hDYxGAbijhSxmyh6534FHSZJjXU9J9B/j19x0R
      xTNqlMSGfebkw7SliJF+Wq4g4veN7hF7zZ0YxU0/9Hw1jI/r1XF6Q2qZ/Gd1uPUZgx/14NYrxpZa
      XQAsKHPXZ+Cug3jskoB6zKGtwNiccwMs1MnlCObRXaeYFLqIKYeKSzSEKKJyiR5maWe/5xqbbtTd
      TNhE0z0aQfqZlssPWwFJjAy5KSax/od54/uz3gW2ovxcqeaQF/NdSfuEbqh+QinuYrO0+4kuZpIU
      NJQ9E8fpyO1vGhsjs9f2mMJYn8dWSNdddzB5OXfVDSJwEtebWbI5loxdmDr0Ru7a2nSraq812kjc
      qU0p2e3USmPFSo22prN4St70xTCqnqxZLlq/ke9z7gJcsu5Sax4BX43IVW7pDgcoy3mE9/KeCtJW
      aK/sZT7iX4/IPD4OE+Rr6326I3vFi9y4mhsqZR+q9MOrJxRVSrRjh8F/t2/v+MrpO9DtAC7Z0FTD
      0Auj0wP472sV8ZdRvHfftI1YPapc6G/45n4xnAptwIj0I1uLLQhy2+4gOo5d7PbFoZg2S9Ye24vc
      vrSksWlcWgThNV3gxK3n2j/4yWRRIpZSLz+bFcYrcYO5tuQpyLN9F11ZuNXwlCUym/obSrsb6bLo
      qLYsRvW6GfzBQP9CLZr9VW5WWC/VGmKRzgV0tHSc0WiwGnVZLgiUwDZM677pRdcrBkClL/9BHf/+
      YLsGLgm4qlYq+cvRFmhgvvHjBF8PNZIcjCBqI1uDfTfGwdebrestRrX+3/ZDWzzkTVmUdfXVyiXr
      YijKZdP/OCPBhVS+3ynvwUs+3V1qVsiveJW1UK8FQ6PDVqGwHdDNdgd1MBg7g1bnJa+MqFnqTdlL
      Ttiq6DblqH5cFlNI6/s8OMOWxJ/LzSPYK7L3mU3jXWDY5ZYrW5UUPElJvkO0O8Dr/bjsOY5Y7LfD
      o/hav7PrDhJ5SSirTafS+avZMavjipEYtZ3iEztFhVgxo/hswu/YJQRQWW+4RoexMnjU89Z9fpxY
      8q7hTajXfLidAI6D5XaXamh6/KcHUi9U0vDMKrBuXb/m+HN2tT6ZJc+oJcvO5WaF9YptZIjCu8a+
      7Y3HaaCjAZmD7Xy9sRjl9XquFaNU3SWFkq2Kim24Von63//4C6pWpxr63SgWC5Xc9Xy7bqlAbhby
      95lwDV1x4vpCZd2CX+uGucrJZEDR+mgaCGScbqb9vgCp2cADIigzVWttGK6OGrE/4fvdBGU7kJpw
      OrTTQGICp+PhfLvmLfJAYJNYiSE57m+95GP78N/Evar0YFwv9zUQfquA3KM87nzuvt/6g8AqzUwx
      It+LjNio3cGAN1rQN6R2j38U3f3VZoX/0obFiaNEQaBWiGEbeeot1uZIVxLXLNXTp4SdVM46c9L3
      bXDXwFekVGpfhfi6D+pDDqEoLmrFZLszh0aNySKI02nHj1DHgree1GqPV+vxwBystLZj2DRgol7k
      uvxoTXZJmrSAeD/sA/FCbjvTBWNwpM6tO/d7M9nzLKOO9mIJ/GgiKiErqstCs0J5adNpdPWG2u7F
      YwO37Exe+ZJHxrQnE9HTFr/aF6EfCe0K+dL+r60R+o7YbA9C4oBGGCqmpwSdd9B2N5B0kbYia8aA
      CbDoGMOJFg7X6qy7QSG51QIOWRxSXbvVYQcICepmO4DAho6wcWtIsPYKjd+YOr4EeSe1C8eiYt0S
      4yRUz926Zs/x5PG6gfF9Y989+IXNX5eqAfLSCIimU08LJ91Dj/Bym8LVrbOeTIJDaKQPHeZsKXu+
      2BYz3yedvAKtml+Vmkeg1x0ES03XF+cAoiwbaxKVvJCK3M6Gl3UXBNeCNu+s2J5FBfsG22LVvSkd
      HG/H4vqOac+3Q9s34QmY8X6huBOcMeON1SA4rLT7cX3eKteR3P42xRViQW/1WVHbfk2s1CUoO1QY
      kXE5qcM1IMqLN/tgG0mIKttYauDkrvhj5gt54qU+Lu8jXwPN9cGdzdme6QAU0VE0mlyqHW45nshs
      PxqM3zk2jM52pZolTVGrnaRx+NNW9fs66wW24tS5Um1WX2qvbXsyoWdCV5SGvUWiNlCnzQ8wb0v5
      nQfpVuaOuhOE76/AJWDVYl+pzgterrFOCxLQRcooMOcKEgNmvVkCJkstFu831opavMvLf3R5PWFW
      La5K7yyqUNNG9fWsm1EKg3VJh2pMsJlBbphgv3lgsCf/yRIOfbShOYOWzT4VK2a/7Bi4183IQIem
      A2VqmD672qM+pwoMyt4zW1WbOyOM6g4UPzteOoMW7T4X3ztUWvGZTq8iFt3PU2Yp597SyLdhtop0
      8L7druwpahLaf+gm3+/VX6hly8/lqqu87N/hHADzPtEFu1Y+grxuijsOGdkSBz2wPJLFQqvTY+dP
      jf++3egKt2z+pVYR8NJq1LHNAJtwfDFEJ6hM+/0hkZIzUOlv7o12l/OPOtv8J42vMKuGV6XKKv+i
      0eWCYS0jOVhb6LTr4y1hCyqWRrFLAwdahomAIEuu5kyAwBygbNTVXEhZFFrl80y0J5A6czrYtr1Y
      AKN1u0fQK8FZtoXOJsMfVkc1FusWR+ijzXcJWBJbfDShd7bcvIgmOLze+wbjhSEQaHjWVgVH6g7l
      +7YevddqmouW277vT6An0LLJx1LzCPRaQCYEL5JcQulxqAAB33HwpDvoWFw8bdG9+YzZkj0F68Hs
      dASrI/EA5YuJsiCByXSYB6CxQIOiMxYK9aIbunSPI2XXipLpG8cmF2+o0mKOXHmN/fV4tH430ZVb
      3ZuzlPuDk9o97t2G9nHL+OSU4iNN/N885bieP49Nur19M0cdH7ih/jQgyjut2ybvDFe0ddFV7C/O
      3T1QiEp/yipHDTW1WazQcmj48ekA5sH3w1Fj3VOi53S9PHypRHqhG7n9ui/GejP2jnbdk1kOunKb
      Kx8JvSxviooSnl5wJ83a0x1Xu9qElu+Gb1v29Jzv+r7qKqcW4fd3wn3RSWIxNuQTy5H7J+Ki3bFX
      dsKjw82tRlI+Unw9idQzX+8cBJ6cP13dPc7YlfieimwvhvmVvJ4q2Hf95ue0kWvgYv66rr6jlZRz
      2AbqL3oe0lYPqDjopMQ4j9xFD2MOm3VjJQ7N1hAjrCkiUtwc2tGzERqFhGOqRpugNTfVO3l+mG0c
      fivOBxLcaCdbSOHiN+aw+pH9747ff3Oc/LmzJK5vXE12NTuqnRemYqiodRsT8KONyRdqKepzuTo3
      e71FGQ/bQUZD23UyJtecd4gO234KZObw3gx4nsJ+zqJZIZZNLj/fs1pymzyGeXi9Xbm4BgVZYyrk
      U51ckeK9RrBLXLmyhkqG+6dt4Adj6xq5bP51/d3RlQ+9fecwXqPtiG5tbKy1E7orBov2wigRDYnL
      1jxDjxxyKs2TbgiOdxBrcJ7fH7cnBm0aG7Ir7UQRpnVcClUe70yW8yH4YLh8du7wc+6AD+gFMx6u
      vecgOGcbsRJmRqvb0KbSCJv7XhvEpzM/v3cQ1MX6/eYnSniBVzS7+P+dHUMpuR2s7KfgcoFPVZOY
      WSumH6q6KR3GHZP2MWDJcj4Wz/3VcIkyg8GWhQAyk+hZvAMiowMLq7kKtmWx5yzjzeawooYSKaCH
      N2yX9x26PH4tu+/TeebWoeM5t/BPuHXBLbl2qTUrvFdiNqCl1yWEBtvzRitgHoxMfdNtDLZj7fUp
      fb1eZ7i6Wrzmy5qF/BtaQHUoV0ztf/3vv2rW7BtXmOeT4Y13zLusveAWnL1Umke41/3SVfP5YknH
      om7uQIdElO2cIJJGawryZKtt0opLWgrGQYy24SRONEREW6+nyxG8C1rLfAFr43GPEMQJwSfWnAR8
      Z73Z996wIpYqXHilwxUcrAIQCg7W+AZcyevnNtNn0JJ5p+I722mouTmkkdbgRD5YdNtCsT02hE67
      2+1uFPRu6jH8UgP+XWslh363PzB4faGWLT+XmxXWa6GPUcF08QnQmOLAcC0wkcoGA4+WGxit9BkY
      jtaBa859ZZuqAxZHxweK6+T8NqcWyAxgZ3u4P/JEwp3EGtCFqT3uEIeG+rCMGNFFvnXr6PdPOb5Q
      S8LP5Wr9fHGuUTkmykpnlPpra+5g2/1esggvnS6E/XJPsj2N5TBATXdr6uA6PL2L0O3MEd2pypJz
      c7Y0LRHhaW+Cr5lGm0YWQrAbBHNxgaVPCD9t/etPcz/zMLtBPjLgUn/P42wq5oHY2LUHh1mGUKMB
      v8L01BqvQ+Yb8SX/Qu/VaE8yVTluilF0duGoAj3+Pw5BKWRTLCGOUeux95nrzgX2KP9T5T0nHlVk
      fWK6S+1E4yYxm7eIdJXu2qMWcB8jdeWx9XNnC2fQY8ur4nunC8uZMnSgWWpJ3XlPs1fLMSGsE7th
      M6+dj46q3zky5qmoipnzGB9j7P50mPL9vco1cEH0dfU9Wzl9kNpI287nuWGK3VDemN1kZ+ErVbk/
      uzcLZNGNio2c84cZ95NJ5wa5ouKqXpHxst8Rm31q6eiey4gFJPetOaynbswMhtH4Hd/Byzg6hhHc
      br+vbhL1Mr5EUD2fjuEPxHvCLHhyKjUrnFfcGKue7h8EPJGStJXPHJiZJv4MY7n+a5+w60X1qMtj
      z+m9cT/9uSF8gS2ovlTeG8aeonIpvqCUcdLRaZCYwqjiMz4lefdK01dsSI1hnvgNfT+2+Qhatrsq
      NE84r9WGVjaVZ4N913Q9WREw2U/X/Hp5cBwdU7FGJFIw3/dU3pFYZybgDLLkfZ+bDmNw7DpUA83s
      rZc4Odjn+mAPHC+HvDTpQA/60iWM7+c22yfMiuaq9N7Gesx2c9g0kQnS89iFNxkmW2MdK+0Oc28w
      cVTFECuLfd2kA34UAHyFWzT+qlb5PL2ccPSstw7TwGH2JtDQD1pnpS8WzthegvdHdM8s6T/H/wf0
      ipi7a+/JJOoEwXKFbGJq6dE8wYCSPW8B1jiBqQeSzmb/n/NiOGFWza9K7/kyLAXHgtztggIJORO2
      ztKbSD10IQLT+xHv1IcRllvrD1h/DB6sotwrhNfjnB1CjWC6TbCevMJTMd8MhMMMiNdst9fFpg4a
      QQeYZ8zeYnQYyc4O6e0PAuHZyQYddOehXGwLDNZZLTR1MtKIFZIM+X0WP8RsVS1SpHpiP/GOOYGe
      CVak5hHoNdELacd0Z+iis5xNtLG/GzoHEIuczpolGnJj68am2IHxziS21iN7qrZRoiNq2EEZyiy/
      GHUMut0N0FVGGm1zEWEHq9NCpc1zov/k91Ht/r8/p19wz6QfnT+OcG+4jLG6EAcklvnzjtoPWLIz
      1lJxM3Z5wyJilZ+gw86hS7h+b49bB3WB++HOmuGEJLcIBrJWY65veeJWCKCiTWo21iyHWr5xXnHp
      BGeJP13FnYJGsT6iuf3JuKggS25Vhcpm8MbYGPBCzA2XaI6Iu7nR3SwzIxQt3e7u+tYQwiGZwC2W
      lkWCtiAmicYAwKsepJrwWhy7hjFRxa1lj5ehjuzn8fDgH1LJd94wFN1EOB4PEW/Uv0+OdF8e6RQP
      6KqoqF+BbbVqpfMne9QHw7jqxkcb1MtFbqkZSbhLO3sn9TtKe+f0adRUe0u7db/I3WTyeL5I4x8s
      ChfYotWXSrNCe8MNe7uWCRZWG5ymDiG1R6oABHZCBVUtaReGQb9F+Y0W4+xQZtiDpYlGTPZdbrqd
      NKwdjRGoT/NDwkkcuLMIeobisYE8nz5YY+4tEzUa5Qcj6Qa54MBNvYm+48Y15J04w7YbvQV01qP9
      go/C4Z6I4G5/fE/GTZ993uM+UbSucEsSLrUm/I6iNeSow3bYT7UWBI0RR/BWdhYYMC8uXkeQX3nU
      /frDqcTNYPy5vfkF9kj3qfLOvrzsvP62QzVoZuTlw3keKwELLrCoQQ99cwIyHDI90AaQtGZZg1pi
      wKrBzFf9db+V0Qd1TxEdk9z1gsEeaO1HrYCPhvrADWZW+LAnuDpbrstU9H2j9xm0oPtcrHIVvXFc
      0DVydZrRc4DZ5hPMAQ9tbrdOUaFLMriQaweo59tgGpi23qP6fZKD+m60WFIj0McR3etDO9lEdoPc
      XRvtyWaKuqvpqBE8KAuVb0nVtD9I/Pum4wtsRfm58o5TfEl7X3Cmc5iSBuFwQu7awozo9qhRajOt
      DjWxEN4lpobFoi696STINFbhBrOZLPeW36F4BwHmownF0D0g2zLmIc80hCVX08PDdPXgV1N34P/9
      DFW30GcefF2ojv5f5KuCmghMkmqH3C2M1hIHBR7LZ3gfCIpJ+j444M/WT+KjAJiL6fNs9yReh8BU
      51yeza+3ADpqSByw6NvWThwm5rpNslk/dfj2dI460xjL93nLYCEdSYM5xXQN89DvTObdrt12V+YG
      hcwk77gwi/CQPhrN3/GtO6Z0OSouNSdbN35SdbrE91XjC+yRXadKpVu8oRnHADHLBmtugMtMzIH+
      rI9HjhC2ecZQdLKBWOsEZLW1K/U3Y+1AuYtsxqPAqKfspumWGudDHQGygdTi1kjcsHej9qGxWfJv
      nFhfObv8+hf4cGx7dZx2Ojt7ztQ/xGgUulVTUmPxg+AUvwrU8KswjQvMSzOuuHdCqENljRE30zkr
      cmd2vpyF6/S1/bp8V+nB1NSO/pd/P7gJlk/sDDs+qat/w88esNXsZDR8yA5R3TZc63T/IVFLdd8T
      la+72P3di7Pe829fZ4l5OGsvHyjN4n6zjK1V3fhir685TC+/IcZxrUIAf2Ta/EI9CbgqV2J+w3d3
      Lm7RLTxfLbgeIy+R1Fwgs3ixHocKYo3R1cGUVIRauUK05SIGGfWGII3kXXcHAyuC42i6oSoLmgcH
      Wm8EDb1MOGBsi3pjtDwE/B7leyP+u+ONJ0nCnsmoxq581x1/zkHqGvgkgXP1vZCIASe7s2kr6GB4
      IpqTTh54M3IjC6up9iNsvApcOQ5C8PtMPvfamnFSecWcvn3vb/tqGO09Q2mqtnoZQfB9C1LjuIv+
      G6v3Nbxuxg+qnGfUk2Sr8rtKZ0AhG50SONiZdVZjmtFYJZ5jPUK25vpMkNez1Np5DSoMNJFQckbZ
      INsgiXw/HHdNoB0xsGE6mL6mVzwFdBAb9b3xynhUOm9m0ToT1QfL8AX3RPypVtmo3smoaqUExMZh
      F40yW2WNoCEvbP4QGSO35Y+xxr6rWV19BVO4N5kexGAuDEl2yGOyjXq6mvQOe2bTnQubw0xcGu54
      ES7RzeidqeUqGUc5HO5sJO/NPLeHkncnkO/1+lS0ra8xd7P0nCTwdfPW01qzy2PWrzxueN3+8np1
      /LlUoF+oJ6FX5TdTgPL6QYkFR5HmkIsCe94wejyILzVx+Fpoj7lknigE9x4qNUrBvWDq2XfWHn7O
      M+sCe2ZgVXnPOys6DADPlhFEFWXKjVcpD2Q7HIMl2XtL3/pOj/wTW45KU21etu8bLc6oZ54UxWNS
      tjcsFovA1/p+nq9nG42JgDUORhQuDHetBRk58mDDTsSpLOfLEZXM8SlHDsceno053WPcICYRHiGl
      KbpFSPOABb1osdLRcB29sQV65hoEPXa2G6a26pn6IkfSJ6agC+yJr195kd5w0VjgYufQJvmpkqep
      C3YtRmgJruUY0uu8SC/6WuxZhfJTNFYVneO2v9YOfase/OAm8oJ74s05D+eb20iuEa5Zt5246I7f
      EEQa+3JC53taJNOUANrQDjEHIoShwQLGA7rjTlVcWEFdadiTM6OP2SO2PRAPm2It7ya9/UTr8RM/
      frSaPNtD/JzXwyP8iRm3F9/NP2JghV7SFdCc1oVs4GMGyw1SQxMNDVgu21qD1mbqiFmtBtRA2rOR
      FIxAjwNYLJGSkezhqwRhRRfziYQIrFYH9UYjHd+/4Qz+2N3qLBKX8Vin4H8/C9cZ9MS6slgp9i9S
      cFWmt3GCjDF3MUJ2ZoICqrZOt1NwPTLw3QpgkTmynGs0D6H9bGK0pNjOtDkWbEcAwKRb2gFgWsRR
      BuAmQquzVfMISY2xtXwwtgb12Vk/CVQJyk4SlKlYX4aoVL6p2LazRoFRxjh0g0gnBOovenjQ0dtA
      6u4VXjaD9nxrqvv9+iAsPELaOWkbisRgbB76ApwFbQjwlAmsrIDV1CYCfjDp9R9ovAuu+7lMgtfA
      Bd3X1XfyCVZHjKEWZQ0vDLxccx2dllhxQOEy3MaZxmDe4ddeRtG4Nkn82dRx+szMyw+7PiLLnb0a
      dMkwDQE4z3iMXCpAf25jojZNhYcA5avkkXWnKN/XVs6gFeXHYnV+8sbupq1GBmXvITLcekMk7PaS
      acJ2yZmUdPx+X+xx/M4UdnY/U3K0IDjQ9CzBLZuyrOVwT5pqg6ZBct2WPWrfYoMVvgYI13xjMqjP
      FnqX1/PbaT0vQW1/iGl7nke5xtj9iT3hyQtK6TxebR5f8IbbvJb025hnmOCui/BLZDHboUtY6G36
      jM64TD/YD4eaQnXVaa87b7dSYdXrMG1UEJKlv+EX3lzuL4YjfITmE5IwoR5NDwTysX/eJWyvC8P5
      hCNXyBUvrupVKM5LG4sph5Y8HQyNMI03HQAQXMXQYx/CzHvHsMverGYF+cT8f3qsantVah6B3ji4
      yoKp1F232NYm7uhTcqY17FBW3MaIbaw2U6EVC2Yg0JIZh0OMcwUc4Tl9a6ONnN2Fi3asRNI4aXfc
      EBAdVZu3iHF7i7+z5F4fZR2NQjW5oW5TIP5cktQr3JJvl9p7KVI386kkG4DjQfTKEKgJM6XHti70
      qcYb8QKPKVJr1NfbiO5nxN8Geb9L/BVuQfxVrYm9l66wr8CLLcn0rLW9IfoSk+0iqgW4e9ZaUAuo
      j7RkKDImOM/hYpubt8fOgGz1XT+SBWfMCB7dGk2HYdxKFCDlYs/MI7SPNx7G/F00VK1/1Ef0h7cM
      OFePLlJvRHRvPYRtFdMcMTNyA6Qgiuc8c3QgLF/1XYEftoc5Jw0GGrRer9W9hCnMkIj9fAJ3ellf
      5qVBn9jL+WxggbKUBjIfGov4kQNqbbztXRT/26SrVZxt+dE8QrymlcLRDc0toogeUDS59yXJDFF0
      0h3FQ6jj6Rnf2goGY/KjyOoobBIaG4rDl3mfima9QUuQvUPft8Q1RPb3uugG3dSSqe0bs8QnTkyX
      5E9PEmX8P0xaUZuT4lk68NukFSfb9a0/51+3KcWuLr9003ojU8Rj9P3z+ec2L0TtkvVJN7wgV93x
      Uj0uXu/4mgCxwoRTdIG0iFnbG5sS5JlEIIzF8c6Z5gpqtvUp7WVbFZZEPjpoA1lYmUkuAl1jjlna
      dsvOEmUwmXZAf7Oe2q2Qx9w3uuW/24teZEa4zdJRI5e7ONyfSxl2C12J5vrCO+nDStmQewqYp/52
      jdJrKsum2Taf9Xl+j2PQWEidFbst9EKHk2dDsxesEgknrDmbDMcZisjbbSgAMkkeUlKe9FYencXw
      mqKH/sPhxE2u6Lrw4e/bNS6wJf1flSp6+GU0B47PIdhPJ/nWVcXOODbANkwftkIHjl5rBpcfGvr1
      3/8Af1//WtUt4ZcBXOca/oHoT6Al0adi5SL+hrgPutCN49YenvTCmc3xfncSp4CubkfxbtELMnIM
      JUpgWBIwkCwMHrGoywtpCIEJQRie311hoygf+MlaAPsuJaMtZ6SqD+asp79+8nPZCx7hC048Xnwv
      G1rSW2YNCx4zkpYMs6iP4mN6rc7ZvnW/JbgzZz7vxp9EWVwDV5Rcqk3wndiKQ0K05LUPZz16Tzng
      yJUCe73G2i3yPi7ykt2ndl/2fcvYCbRs+rF03Iy9YRibWzM2bEeLeUYNWmNll3QFjlgaByY/zCZj
      04QZWPFgJkTY3CnIYZYKZUXJgeO7rk1zK9TK23zD6DQcsU32HRBf82Teesd9/Sbs5y7G56+63xZ8
      OsKvz+nqUrbD38+p+gVbcPWr3DyCveoOrLw8jBcarRJzvQ0hhxUSyHGOBSvldcKJ26z+/yq1pBtd
      59SWYrRJoZcW6sDJX+BfD0ejuRhqR/YVO9xrO8pXC+pjqZ+uF4+DDbtJ2PUT6wZ250FYw2FDmyqj
      WUcHDVD1FnkHnvp9Ax/tuVb6MrC6hoM/5xn87AWXXnRz+b0oXkmzLCiEnVgETEGditJq7C3YHqqF
      107Snl8mahFLban8Ndxbms8mtZ8L6z1ClnRVhfcCeaOwPcVpmg0d2o6HNMoqQ2m0F7bk9N778zbR
      2c9F1F3hlm2/1N6LonOxZdaDusYWmxGjcSrMwAHZ8XgXy+4d7k+Z2H4uhK4ELJpcfrwXPDf03XTU
      R+LxRLBtPRq5yEwQdBOecPfMvvf9qT1x/n6jr5HL1l/X3/k9MKiZ9sV9vGGJwYgXzFUvsEwrsSfF
      atu4JyM1XMVLm1F96mjwI1X/Crcg4apWmcBex9n0zMkosIhhl8CnutswhmqCtWzOZe5z7Z4crOrs
      V99nfwlYNTnWK4vVS2YXmlhgxeFhROH+PJ7Nc7JFif14vd69/t3Dy8/HIvcH9Pc/mXt2GHk6QV/9
      Vkudjvf90XMGLblxKla63ctRFGNbPwFHUdxxUW6ptcLliKUbgb7tte6kd15wa5yAPplkK8iiydVn
      8wjyMld5AyNgeqfsSDCejnvufL9faQrdG7Tf+KWdq18JO7vQXonx/EtCR5eguzi6q6ztx6/e3L8d
      m6eBeCv+/yj//vkf/xdQSwMEFAAAAAgAy2WOUdtqv02yAAAAMAEAAAwAAABwYWNrYWdlLmpzb25N
      j0EOgyAQAO++wnCua7HGxP4GdWNJI2wW1DbGvr2CmjacmMmwy5KkqTBqQHFPxfDGFzE6p4jEJZgJ
      2WlrgrzCdnZKrCflQ+J5xIhcy5q829CyXQPwin3ojO0whbzRJp/nWWx2jUWHhKZD02r8y1prnxoz
      UuyQQ/6RUEIZ58aoGfuIC6igPvGxdhQlyArkaR7eU4bMlt3xWgW3Uw6We2UOXv8i2mcU4cdZg15J
      GfdO1uQLUEsDBBQAAAAIAMpljlHOck/pwQIAAD4GAAAHAAAAYmluL3d3d5VU23LTMBB991dsy4Oc
      NmOH4a2ZwDBtBjpTQqYtH6DY60ZTRzKS7DbQ/ju78gWHwgBv1tFezp7V8aujtHY23Sidom5Amxyj
      KD05ieAEPpm8LhFyrFDnqDOFLiE8jaJGWpBVBQuw+LVWFmORJCkhYjIPlzlu6rvxdQDEJBa7PT5W
      Fp2j6DOHtkHbJ229PyjJZ77r+XxAD5WxHgprdkB0lTV6h9qD1Dk4byyC0rBs64+ohqQFDWd3slTf
      cE3nuLIm4zCqk6w/X9/C0xOIN7PZjFsSucShjwWnimmoMGJyblF6hI+3t2toZxh1awHqx/yTLITe
      BCymsqMqV8p51GA0EJdG5ZiHPlNGZFmCRv9g7D3N5NEWMhvk71qWIT/uuHWg0bFAa40VXGfJX4eX
      bZbSdyHgqj+NeK16nUC20hEBQ9+63m3QTklpSwmUbaGQpcOOVVHrzCvifqhzI8sJfI8ARpuopHV4
      qcPlFF7PuDmAKiBWbiVX7UhtFkCagpY7FkdVGBCLvraaCpZzOj/3uaH42wXMRpkBa4mPUxkecjss
      zDKPngcdlg2/rVYvWmhB8442DsdB5mNADvtVg076OMS0fJhiOCZu7zJe8NFiAd0+RM/Zb615gBA3
      EGTlyKE5Kef3FZqi05HT22WIkPsOxJo0AgGnISKAZwRydA8GqUmZLZmG3O0qzFShsm7OtrODB+W3
      5DNFzi/3sGO/3qGjTEc32bafJKP/Rc88k45aL9+fny9vxFmACDTamRKTEB6HIU6JSudxB1hiQ/6g
      5VrVqBKpCfuvTR4s+qh8/HqAN2Sp+/lBz4uL68vVl5vl3/oqR86i9HzPf4ra4f80y7GQden7Fi82
      9e8vZ/DgH1/P4Mv4p3lknvNvpfMyn4hvHJi+fCFt8G9eSNW/EI7oX0jVvxAGk94d4acdi4EL/5g4
      iDtN2Ck/AFBLAwQUAAAACADLZY5RDLILL2sAAABvAAAAHAAAAHB1YmxpYy9zdHlsZXNoZWV0cy9z
      dHlsZS5jc3NLyk+pVKjmUlAoSExJycxLt1IwNSiosAYKpOXnlVgpGJoUVCgo+ZQmZ6YkKrgXJeal
      pCrpKHik5pSllmQmJ+ooOBZlJuboKBQn5hXrFqcWZaZZc9VycSWCzUzOz8kvslJQNjBwMndzA0kA
      AFBLAwQUAAAACADLZY5RxJD7nZYAAADNAAAADwAAAHJvdXRlcy9pbmRleC5qcy2OsQ6DMAxE93zF
      bQkIhb2oI+pe9QdQcWkkSKiTICTUf6+hDJbl89nvlo5B68wUI65g+mTHZPQp6aJRizg45EQshlO3
      90MwslZ1iVv7wDtMhLkbyKKs1f/ADpSMrnWFV/bP5II3QqgEEyt4WlOBTWEfLZPv5aF20lY52JBc
      GukC3Z5R8BXaXmoKfR7JSpbA6Yh90Br1A1BLAwQUAAAACADLZY5Ryvs205UAAADLAAAADwAAAHJv
      dXRlcy91c2Vycy5qcy2OTQ6CMBCF9z3F7FoIKQcgLo174wUIjNgEW5yZIonx7k6R3byfyffWngC3
      hZAZTkD4yoHQ2cOyVWdWbVDKgqSFw/fX3XAam7aGy/kGmZEY5sAS4uShbs3/yU8ozra2gXuOg4QU
      nVIaRXEDETep4GOgSM8YR2f1WlIc4R3kAX0JUqYBy5Rv4T3TmGf0uiSR7KN3Tmd+UEsDBBQAAAAI
      AMtljlHguyoWSgAAAFQAAAAPAAAAdmlld3MvZXJyb3IucHVnS60oSc1LKVbISazMLy3h4krKyU/O
      VkjOzwMKl3ApKGQY2irkphYXJ6angnhGtgqpRUX5RXrFJYklpcVAoYKiVAXlarhgcnYtFwBQSwME
      FAAAAAgAy2WOUc7opQ8+AAAAQgAAAA8AAAB2aWV3cy9pbmRleC5wdWdLrShJzUspVshJrMwvLeHi
      SsrJT85WSM7PAwqXcCkoZBjaKpRkluSkAtkFCuGpOcn5uakKJfkKytVg4VouAFBLAwQUAAAACADL
      ZY5Rn1KA7F0AAAB9AAAAEAAAAHZpZXdzL2xheW91dC5wdWdFjDEOgDAMA3dekS0gIXhBHwOtUauG
      FpEs/T2oDCw+6yQ7VG/tAkU7ZehBFLGFF0SWTOA+dCGp5PGGOFZrAo2A8UzxxuF4/Z1+ffGqPL3L
      vYbWD3apPpOvxVBseABQSwECFAAUAAAACADKZY5R0ho6hPYBAACSAwAACgAAAAAAAAAAAAAAtoEA
      AAAALmdpdGlnbm9yZVBLAQIUABQAAAAIAMpljlEx1e/X1QEAADIEAAAGAAAAAAAAAAAAAAC2gR4C
      AABhcHAuanNQSwECFAAUAAAACADLZY5R6yD/xjEjAAAjfgAAEQAAAAAAAAAAAAAAtoEXBAAAcGFj
      a2FnZS1sb2NrLmpzb25QSwECFAAUAAAACADLZY5R22q/TbIAAAAwAQAADAAAAAAAAAAAAAAAtoF3
      JwAAcGFja2FnZS5qc29uUEsBAhQAFAAAAAgAymWOUc5yT+nBAgAAPgYAAAcAAAAAAAAAAAAAALaB
      UygAAGJpbi93d3dQSwECFAAUAAAACADLZY5RDLILL2sAAABvAAAAHAAAAAAAAAAAAAAAtoE5KwAA
      cHVibGljL3N0eWxlc2hlZXRzL3N0eWxlLmNzc1BLAQIUABQAAAAIAMtljlHEkPudlgAAAM0AAAAP
      AAAAAAAAAAAAAAC2gd4rAAByb3V0ZXMvaW5kZXguanNQSwECFAAUAAAACADLZY5Ryvs205UAAADL
      AAAADwAAAAAAAAAAAAAAtoGhLAAAcm91dGVzL3VzZXJzLmpzUEsBAhQAFAAAAAgAy2WOUeC7KhZK
      AAAAVAAAAA8AAAAAAAAAAAAAALaBYy0AAHZpZXdzL2Vycm9yLnB1Z1BLAQIUABQAAAAIAMtljlHO
      6KUPPgAAAEIAAAAPAAAAAAAAAAAAAAC2gdotAAB2aWV3cy9pbmRleC5wdWdQSwECFAAUAAAACADL
      ZY5Rn1KA7F0AAAB9AAAAEAAAAAAAAAAAAAAAtoFFLgAAdmlld3MvbGF5b3V0LnB1Z1BLBQYAAAAA
      CwALAJYCAADQLgAAAAA=
    headers:
      Accept:
      - '*/*'
      Accept-Encoding:
      - gzip, deflate
      Cache-Control:
      - no-cache
      Connection:
      - keep-alive
      Content-Length:
      - '12668'
      Content-Type:
      - application/octet-stream
      User-Agent:
      - AZURECLI/2.16.0
    method: POST
    uri: https://up-nodeapp000003.scm.azurewebsites.net/api/zipdeploy?isAsync=true
  response:
    body:
      string: ''
    headers:
      content-length:
      - '0'
      date:
      - Mon, 14 Dec 2020 20:48:29 GMT
      location:
      - https://up-nodeapp000003.scm.azurewebsites.net:443/api/deployments/latest?deployer=Push-Deployer&time=2020-12-14_20-48-30Z
      server:
      - Kestrel
      set-cookie:
      - ARRAffinity=a3526603b65ff2e9649003895f94c37af437b75057f236fd6937f7270f5236ed;Path=/;HttpOnly;Secure;Domain=up-nodeappxfg4lx7xjghnf4.scm.azurewebsites.net
      - ARRAffinitySameSite=a3526603b65ff2e9649003895f94c37af437b75057f236fd6937f7270f5236ed;Path=/;HttpOnly;SameSite=None;Secure;Domain=up-nodeappxfg4lx7xjghnf4.scm.azurewebsites.net
    status:
      code: 202
      message: Accepted
- request:
    body: null
    headers:
      Accept:
      - '*/*'
      Accept-Encoding:
      - gzip, deflate
      Cache-Control:
      - no-cache
      Connection:
      - keep-alive
      Content-Type:
      - application/octet-stream
      User-Agent:
      - AZURECLI/2.16.0
    method: GET
    uri: https://up-nodeapp000003.scm.azurewebsites.net/api/deployments/mock-deployment
  response:
    body:
      string: '{"id":"temp-817f76f8","status":0,"status_text":"Receiving changes.","author_email":"N/A","author":"N/A","deployer":"Push-Deployer","message":"Deploying
        from pushed zip file","progress":"Fetching changes.","received_time":"2020-12-14T20:48:27.5054796Z","start_time":"2020-12-14T20:48:27.5054796Z","end_time":null,"last_success_end_time":null,"complete":false,"active":false,"is_temp":true,"is_readonly":false,"url":null,"log_url":null,"site_name":"up-nodeapp000003"}'
    headers:
      content-length:
      - '473'
      content-type:
      - application/json; charset=utf-8
      date:
      - Mon, 14 Dec 2020 20:48:34 GMT
      location:
      - http://up-nodeapp000003.scm.azurewebsites.net:80/api/deployments/latest
      server:
      - Kestrel
      set-cookie:
      - ARRAffinity=a3526603b65ff2e9649003895f94c37af437b75057f236fd6937f7270f5236ed;Path=/;HttpOnly;Secure;Domain=up-nodeappxfg4lx7xjghnf4.scm.azurewebsites.net
      - ARRAffinitySameSite=a3526603b65ff2e9649003895f94c37af437b75057f236fd6937f7270f5236ed;Path=/;HttpOnly;SameSite=None;Secure;Domain=up-nodeappxfg4lx7xjghnf4.scm.azurewebsites.net
      transfer-encoding:
      - chunked
      vary:
      - Accept-Encoding
    status:
      code: 202
      message: Accepted
- request:
    body: null
    headers:
      Accept:
      - '*/*'
      Accept-Encoding:
      - gzip, deflate
      Cache-Control:
      - no-cache
      Connection:
      - keep-alive
      Content-Type:
      - application/octet-stream
      User-Agent:
      - AZURECLI/2.16.0
    method: GET
    uri: https://up-nodeapp000003.scm.azurewebsites.net/api/deployments/mock-deployment
  response:
    body:
      string: '{"id":"77e808a900d944cfa23e3c66587add36","status":0,"status_text":"Building
        and Deploying ''77e808a900d944cfa23e3c66587add36''.","author_email":"N/A","author":"N/A","deployer":"Push-Deployer","message":"Created
        via a push deployment","progress":"Running oryx build...","received_time":"2020-12-14T20:48:35.5790886Z","start_time":"2020-12-14T20:48:36.8784566Z","end_time":null,"last_success_end_time":null,"complete":false,"active":false,"is_temp":false,"is_readonly":true,"url":null,"log_url":null,"site_name":"up-nodeapp000003"}'
    headers:
      content-length:
      - '535'
      content-type:
      - application/json; charset=utf-8
      date:
      - Mon, 14 Dec 2020 20:48:37 GMT
      location:
      - http://up-nodeapp000003.scm.azurewebsites.net:80/api/deployments/latest
      server:
      - Kestrel
      set-cookie:
      - ARRAffinity=a3526603b65ff2e9649003895f94c37af437b75057f236fd6937f7270f5236ed;Path=/;HttpOnly;Secure;Domain=up-nodeappxfg4lx7xjghnf4.scm.azurewebsites.net
      - ARRAffinitySameSite=a3526603b65ff2e9649003895f94c37af437b75057f236fd6937f7270f5236ed;Path=/;HttpOnly;SameSite=None;Secure;Domain=up-nodeappxfg4lx7xjghnf4.scm.azurewebsites.net
      transfer-encoding:
      - chunked
      vary:
      - Accept-Encoding
    status:
      code: 202
      message: Accepted
- request:
    body: null
    headers:
      Accept:
      - '*/*'
      Accept-Encoding:
      - gzip, deflate
      Cache-Control:
      - no-cache
      Connection:
      - keep-alive
      Content-Type:
      - application/octet-stream
      User-Agent:
      - AZURECLI/2.16.0
    method: GET
    uri: https://up-nodeapp000003.scm.azurewebsites.net/api/deployments/mock-deployment
  response:
    body:
      string: '{"id":"77e808a900d944cfa23e3c66587add36","status":0,"status_text":"Building
        and Deploying ''77e808a900d944cfa23e3c66587add36''.","author_email":"N/A","author":"N/A","deployer":"Push-Deployer","message":"Created
        via a push deployment","progress":"Running oryx build...","received_time":"2020-12-14T20:48:35.5790886Z","start_time":"2020-12-14T20:48:36.8784566Z","end_time":null,"last_success_end_time":null,"complete":false,"active":false,"is_temp":false,"is_readonly":true,"url":null,"log_url":null,"site_name":"up-nodeapp000003"}'
    headers:
      content-length:
      - '535'
      content-type:
      - application/json; charset=utf-8
      date:
      - Mon, 14 Dec 2020 20:48:40 GMT
      location:
      - http://up-nodeapp000003.scm.azurewebsites.net:80/api/deployments/latest
      server:
      - Kestrel
      set-cookie:
      - ARRAffinity=a3526603b65ff2e9649003895f94c37af437b75057f236fd6937f7270f5236ed;Path=/;HttpOnly;Secure;Domain=up-nodeappxfg4lx7xjghnf4.scm.azurewebsites.net
      - ARRAffinitySameSite=a3526603b65ff2e9649003895f94c37af437b75057f236fd6937f7270f5236ed;Path=/;HttpOnly;SameSite=None;Secure;Domain=up-nodeappxfg4lx7xjghnf4.scm.azurewebsites.net
      transfer-encoding:
      - chunked
      vary:
      - Accept-Encoding
    status:
      code: 202
      message: Accepted
- request:
    body: null
    headers:
      Accept:
      - '*/*'
      Accept-Encoding:
      - gzip, deflate
      Cache-Control:
      - no-cache
      Connection:
      - keep-alive
      Content-Type:
      - application/octet-stream
      User-Agent:
      - AZURECLI/2.16.0
    method: GET
    uri: https://up-nodeapp000003.scm.azurewebsites.net/api/deployments/mock-deployment
  response:
    body:
      string: '{"id":"77e808a900d944cfa23e3c66587add36","status":0,"status_text":"Building
        and Deploying ''77e808a900d944cfa23e3c66587add36''.","author_email":"N/A","author":"N/A","deployer":"Push-Deployer","message":"Created
        via a push deployment","progress":"Running oryx build...","received_time":"2020-12-14T20:48:35.5790886Z","start_time":"2020-12-14T20:48:36.8784566Z","end_time":null,"last_success_end_time":null,"complete":false,"active":false,"is_temp":false,"is_readonly":true,"url":null,"log_url":null,"site_name":"up-nodeapp000003"}'
    headers:
      content-length:
      - '535'
      content-type:
      - application/json; charset=utf-8
      date:
      - Mon, 14 Dec 2020 20:48:43 GMT
      location:
      - http://up-nodeapp000003.scm.azurewebsites.net:80/api/deployments/latest
      server:
      - Kestrel
      set-cookie:
      - ARRAffinity=a3526603b65ff2e9649003895f94c37af437b75057f236fd6937f7270f5236ed;Path=/;HttpOnly;Secure;Domain=up-nodeappxfg4lx7xjghnf4.scm.azurewebsites.net
      - ARRAffinitySameSite=a3526603b65ff2e9649003895f94c37af437b75057f236fd6937f7270f5236ed;Path=/;HttpOnly;SameSite=None;Secure;Domain=up-nodeappxfg4lx7xjghnf4.scm.azurewebsites.net
      transfer-encoding:
      - chunked
      vary:
      - Accept-Encoding
    status:
      code: 202
      message: Accepted
- request:
    body: null
    headers:
      Accept:
      - '*/*'
      Accept-Encoding:
      - gzip, deflate
      Cache-Control:
      - no-cache
      Connection:
      - keep-alive
      Content-Type:
      - application/octet-stream
      User-Agent:
      - AZURECLI/2.16.0
    method: GET
    uri: https://up-nodeapp000003.scm.azurewebsites.net/api/deployments/mock-deployment
  response:
    body:
      string: '{"id":"77e808a900d944cfa23e3c66587add36","status":0,"status_text":"Building
        and Deploying ''77e808a900d944cfa23e3c66587add36''.","author_email":"N/A","author":"N/A","deployer":"Push-Deployer","message":"Created
        via a push deployment","progress":"Running oryx build...","received_time":"2020-12-14T20:48:35.5790886Z","start_time":"2020-12-14T20:48:36.8784566Z","end_time":null,"last_success_end_time":null,"complete":false,"active":false,"is_temp":false,"is_readonly":true,"url":null,"log_url":null,"site_name":"up-nodeapp000003"}'
    headers:
      content-length:
      - '535'
      content-type:
      - application/json; charset=utf-8
      date:
      - Mon, 14 Dec 2020 20:48:47 GMT
      location:
      - http://up-nodeapp000003.scm.azurewebsites.net:80/api/deployments/latest
      server:
      - Kestrel
      set-cookie:
      - ARRAffinity=a3526603b65ff2e9649003895f94c37af437b75057f236fd6937f7270f5236ed;Path=/;HttpOnly;Secure;Domain=up-nodeappxfg4lx7xjghnf4.scm.azurewebsites.net
      - ARRAffinitySameSite=a3526603b65ff2e9649003895f94c37af437b75057f236fd6937f7270f5236ed;Path=/;HttpOnly;SameSite=None;Secure;Domain=up-nodeappxfg4lx7xjghnf4.scm.azurewebsites.net
      transfer-encoding:
      - chunked
      vary:
      - Accept-Encoding
    status:
      code: 202
      message: Accepted
- request:
    body: null
    headers:
      Accept:
      - '*/*'
      Accept-Encoding:
      - gzip, deflate
      Cache-Control:
      - no-cache
      Connection:
      - keep-alive
      Content-Type:
      - application/octet-stream
      User-Agent:
      - AZURECLI/2.16.0
    method: GET
    uri: https://up-nodeapp000003.scm.azurewebsites.net/api/deployments/mock-deployment
  response:
    body:
      string: '{"id":"77e808a900d944cfa23e3c66587add36","status":0,"status_text":"Building
        and Deploying ''77e808a900d944cfa23e3c66587add36''.","author_email":"N/A","author":"N/A","deployer":"Push-Deployer","message":"Created
        via a push deployment","progress":"Running oryx build...","received_time":"2020-12-14T20:48:35.5790886Z","start_time":"2020-12-14T20:48:36.8784566Z","end_time":null,"last_success_end_time":null,"complete":false,"active":false,"is_temp":false,"is_readonly":true,"url":null,"log_url":null,"site_name":"up-nodeapp000003"}'
    headers:
      content-length:
      - '535'
      content-type:
      - application/json; charset=utf-8
      date:
      - Mon, 14 Dec 2020 20:48:50 GMT
      location:
      - http://up-nodeapp000003.scm.azurewebsites.net:80/api/deployments/latest
      server:
      - Kestrel
      set-cookie:
      - ARRAffinity=a3526603b65ff2e9649003895f94c37af437b75057f236fd6937f7270f5236ed;Path=/;HttpOnly;Secure;Domain=up-nodeappxfg4lx7xjghnf4.scm.azurewebsites.net
      - ARRAffinitySameSite=a3526603b65ff2e9649003895f94c37af437b75057f236fd6937f7270f5236ed;Path=/;HttpOnly;SameSite=None;Secure;Domain=up-nodeappxfg4lx7xjghnf4.scm.azurewebsites.net
      transfer-encoding:
      - chunked
      vary:
      - Accept-Encoding
    status:
      code: 202
      message: Accepted
- request:
    body: null
    headers:
      Accept:
      - '*/*'
      Accept-Encoding:
      - gzip, deflate
      Cache-Control:
      - no-cache
      Connection:
      - keep-alive
      Content-Type:
      - application/octet-stream
      User-Agent:
      - AZURECLI/2.16.0
    method: GET
    uri: https://up-nodeapp000003.scm.azurewebsites.net/api/deployments/mock-deployment
  response:
    body:
      string: '{"id":"77e808a900d944cfa23e3c66587add36","status":0,"status_text":"Building
        and Deploying ''77e808a900d944cfa23e3c66587add36''.","author_email":"N/A","author":"N/A","deployer":"Push-Deployer","message":"Created
        via a push deployment","progress":"Running oryx build...","received_time":"2020-12-14T20:48:35.5790886Z","start_time":"2020-12-14T20:48:36.8784566Z","end_time":null,"last_success_end_time":null,"complete":false,"active":false,"is_temp":false,"is_readonly":true,"url":null,"log_url":null,"site_name":"up-nodeapp000003"}'
    headers:
      content-length:
      - '535'
      content-type:
      - application/json; charset=utf-8
      date:
      - Mon, 14 Dec 2020 20:48:53 GMT
      location:
      - http://up-nodeapp000003.scm.azurewebsites.net:80/api/deployments/latest
      server:
      - Kestrel
      set-cookie:
      - ARRAffinity=a3526603b65ff2e9649003895f94c37af437b75057f236fd6937f7270f5236ed;Path=/;HttpOnly;Secure;Domain=up-nodeappxfg4lx7xjghnf4.scm.azurewebsites.net
      - ARRAffinitySameSite=a3526603b65ff2e9649003895f94c37af437b75057f236fd6937f7270f5236ed;Path=/;HttpOnly;SameSite=None;Secure;Domain=up-nodeappxfg4lx7xjghnf4.scm.azurewebsites.net
      transfer-encoding:
      - chunked
      vary:
      - Accept-Encoding
    status:
      code: 202
      message: Accepted
- request:
    body: null
    headers:
      Accept:
      - '*/*'
      Accept-Encoding:
      - gzip, deflate
      Cache-Control:
      - no-cache
      Connection:
      - keep-alive
      Content-Type:
      - application/octet-stream
      User-Agent:
      - AZURECLI/2.16.0
    method: GET
    uri: https://up-nodeapp000003.scm.azurewebsites.net/api/deployments/mock-deployment
  response:
    body:
      string: '{"id":"77e808a900d944cfa23e3c66587add36","status":0,"status_text":"Building
        and Deploying ''77e808a900d944cfa23e3c66587add36''.","author_email":"N/A","author":"N/A","deployer":"Push-Deployer","message":"Created
        via a push deployment","progress":"Running oryx build...","received_time":"2020-12-14T20:48:35.5790886Z","start_time":"2020-12-14T20:48:36.8784566Z","end_time":null,"last_success_end_time":null,"complete":false,"active":false,"is_temp":false,"is_readonly":true,"url":null,"log_url":null,"site_name":"up-nodeapp000003"}'
    headers:
      content-length:
      - '535'
      content-type:
      - application/json; charset=utf-8
      date:
      - Mon, 14 Dec 2020 20:48:57 GMT
      location:
      - http://up-nodeapp000003.scm.azurewebsites.net:80/api/deployments/latest
      server:
      - Kestrel
      set-cookie:
      - ARRAffinity=a3526603b65ff2e9649003895f94c37af437b75057f236fd6937f7270f5236ed;Path=/;HttpOnly;Secure;Domain=up-nodeappxfg4lx7xjghnf4.scm.azurewebsites.net
      - ARRAffinitySameSite=a3526603b65ff2e9649003895f94c37af437b75057f236fd6937f7270f5236ed;Path=/;HttpOnly;SameSite=None;Secure;Domain=up-nodeappxfg4lx7xjghnf4.scm.azurewebsites.net
      transfer-encoding:
      - chunked
      vary:
      - Accept-Encoding
    status:
      code: 202
      message: Accepted
- request:
    body: null
    headers:
      Accept:
      - '*/*'
      Accept-Encoding:
      - gzip, deflate
      Cache-Control:
      - no-cache
      Connection:
      - keep-alive
      Content-Type:
      - application/octet-stream
      User-Agent:
      - AZURECLI/2.16.0
    method: GET
    uri: https://up-nodeapp000003.scm.azurewebsites.net/api/deployments/mock-deployment
  response:
    body:
      string: '{"id":"temp-817f76f8","status":0,"status_text":"Receiving changes.","author_email":"N/A","author":"N/A","deployer":"Push-Deployer","message":"Deploying
        from pushed zip file","progress":"Fetching changes.","received_time":"2020-12-14T20:48:27.5054796Z","start_time":"2020-12-14T20:48:27.5054796Z","end_time":null,"last_success_end_time":null,"complete":false,"active":false,"is_temp":true,"is_readonly":false,"url":null,"log_url":null,"site_name":"up-nodeapp000003"}'
    headers:
      content-length:
      - '473'
      content-type:
      - application/json; charset=utf-8
      date:
      - Mon, 14 Dec 2020 20:48:59 GMT
      location:
      - http://up-nodeapp000003.scm.azurewebsites.net:80/api/deployments/latest
      server:
      - Kestrel
      set-cookie:
      - ARRAffinity=a3526603b65ff2e9649003895f94c37af437b75057f236fd6937f7270f5236ed;Path=/;HttpOnly;Secure;Domain=up-nodeappxfg4lx7xjghnf4.scm.azurewebsites.net
      - ARRAffinitySameSite=a3526603b65ff2e9649003895f94c37af437b75057f236fd6937f7270f5236ed;Path=/;HttpOnly;SameSite=None;Secure;Domain=up-nodeappxfg4lx7xjghnf4.scm.azurewebsites.net
      transfer-encoding:
      - chunked
      vary:
      - Accept-Encoding
    status:
      code: 202
      message: Accepted
- request:
    body: null
    headers:
      Accept:
      - '*/*'
      Accept-Encoding:
      - gzip, deflate
      Cache-Control:
      - no-cache
      Connection:
      - keep-alive
      Content-Type:
      - application/octet-stream
      User-Agent:
      - AZURECLI/2.16.0
    method: GET
    uri: https://up-nodeapp000003.scm.azurewebsites.net/api/deployments/mock-deployment
  response:
    body:
      string: '{"id":"77e808a900d944cfa23e3c66587add36","status":4,"status_text":"","author_email":"N/A","author":"N/A","deployer":"Push-Deployer","message":"Created
        via a push deployment","progress":"","received_time":"2020-12-14T20:48:35.5790886Z","start_time":"2020-12-14T20:48:36.8784566Z","end_time":"2020-12-14T20:49:00.0525349Z","last_success_end_time":"2020-12-14T20:49:00.0525349Z","complete":true,"active":true,"is_temp":false,"is_readonly":true,"url":"https://up-nodeapp000003.scm.azurewebsites.net/api/deployments/latest","log_url":"https://up-nodeapp000003.scm.azurewebsites.net/api/deployments/latest/log","site_name":"up-nodeapp000003"}'
    headers:
      content-length:
      - '660'
      content-type:
      - application/json; charset=utf-8
      date:
      - Mon, 14 Dec 2020 20:49:02 GMT
      server:
      - Kestrel
      set-cookie:
      - ARRAffinity=a3526603b65ff2e9649003895f94c37af437b75057f236fd6937f7270f5236ed;Path=/;HttpOnly;Secure;Domain=up-nodeappxfg4lx7xjghnf4.scm.azurewebsites.net
      - ARRAffinitySameSite=a3526603b65ff2e9649003895f94c37af437b75057f236fd6937f7270f5236ed;Path=/;HttpOnly;SameSite=None;Secure;Domain=up-nodeappxfg4lx7xjghnf4.scm.azurewebsites.net
      transfer-encoding:
      - chunked
      vary:
      - Accept-Encoding
    status:
      code: 200
      message: OK
- request:
    body: null
    headers:
      Accept:
      - application/json
      Accept-Encoding:
      - gzip, deflate
      CommandName:
      - webapp up
      Connection:
      - keep-alive
      ParameterSetName:
      - -n -g --plan --os-type
      User-Agent:
      - python/3.6.7 (Windows-10-10.0.19041-SP0) msrest/0.6.18 msrest_azure/0.6.3
        azure-mgmt-web/0.48.0 Azure-SDK-For-Python AZURECLI/2.16.0
      accept-language:
      - en-US
    method: GET
    uri: https://management.azure.com/subscriptions/00000000-0000-0000-0000-000000000000/resourceGroups/clitest000001/providers/Microsoft.Web/sites/up-nodeapp000003?api-version=2019-08-01
  response:
    body:
      string: '{"id":"/subscriptions/00000000-0000-0000-0000-000000000000/resourceGroups/clitest000001/providers/Microsoft.Web/sites/up-nodeapp000003","name":"up-nodeapp000003","type":"Microsoft.Web/sites","kind":"app,linux","location":"Central
        US","properties":{"name":"up-nodeapp000003","state":"Running","hostNames":["up-nodeapp000003.azurewebsites.net"],"webSpace":"clitest000001-CentralUSwebspace","selfLink":"https://waws-prod-dm1-173.api.azurewebsites.windows.net:454/subscriptions/00000000-0000-0000-0000-000000000000/webspaces/clitest000001-CentralUSwebspace/sites/up-nodeapp000003","repositorySiteName":"up-nodeapp000003","owner":null,"usageState":"Normal","enabled":true,"adminEnabled":true,"enabledHostNames":["up-nodeapp000003.azurewebsites.net","up-nodeapp000003.scm.azurewebsites.net"],"siteProperties":{"metadata":null,"properties":[{"name":"LinuxFxVersion","value":"NODE|10.14"},{"name":"WindowsFxVersion","value":null}],"appSettings":null},"availabilityState":"Normal","sslCertificates":null,"csrs":[],"cers":null,"siteMode":null,"hostNameSslStates":[{"name":"up-nodeapp000003.azurewebsites.net","sslState":"Disabled","ipBasedSslResult":null,"virtualIP":null,"thumbprint":null,"toUpdate":null,"toUpdateIpBasedSsl":null,"ipBasedSslState":"NotConfigured","hostType":"Standard"},{"name":"up-nodeapp000003.scm.azurewebsites.net","sslState":"Disabled","ipBasedSslResult":null,"virtualIP":null,"thumbprint":null,"toUpdate":null,"toUpdateIpBasedSsl":null,"ipBasedSslState":"NotConfigured","hostType":"Repository"}],"computeMode":null,"serverFarm":null,"serverFarmId":"/subscriptions/00000000-0000-0000-0000-000000000000/resourceGroups/clitest000001/providers/Microsoft.Web/serverfarms/up-nodeplan000002","reserved":true,"isXenon":false,"hyperV":false,"lastModifiedTimeUtc":"2020-12-14T20:47:53.6966667","storageRecoveryDefaultState":"Running","contentAvailabilityState":"Normal","runtimeAvailabilityState":"Normal","siteConfig":{"numberOfWorkers":null,"defaultDocuments":null,"netFrameworkVersion":null,"phpVersion":null,"pythonVersion":null,"nodeVersion":null,"powerShellVersion":null,"linuxFxVersion":null,"windowsFxVersion":null,"requestTracingEnabled":null,"remoteDebuggingEnabled":null,"remoteDebuggingVersion":null,"httpLoggingEnabled":null,"azureMonitorLogCategories":null,"acrUseManagedIdentityCreds":false,"acrUserManagedIdentityID":null,"logsDirectorySizeLimit":null,"detailedErrorLoggingEnabled":null,"publishingUsername":null,"publishingPassword":null,"appSettings":null,"azureStorageAccounts":null,"metadata":null,"connectionStrings":null,"machineKey":null,"handlerMappings":null,"documentRoot":null,"scmType":null,"use32BitWorkerProcess":null,"webSocketsEnabled":null,"alwaysOn":null,"javaVersion":null,"javaContainer":null,"javaContainerVersion":null,"appCommandLine":null,"managedPipelineMode":null,"virtualApplications":null,"winAuthAdminState":null,"winAuthTenantState":null,"customAppPoolIdentityAdminState":null,"customAppPoolIdentityTenantState":null,"runtimeADUser":null,"runtimeADUserPassword":null,"loadBalancing":null,"routingRules":null,"experiments":null,"limits":null,"autoHealEnabled":null,"autoHealRules":null,"tracingOptions":null,"vnetName":null,"vnetRouteAllEnabled":null,"vnetPrivatePortsCount":null,"cors":null,"push":null,"apiDefinition":null,"apiManagementConfig":null,"autoSwapSlotName":null,"localMySqlEnabled":null,"managedServiceIdentityId":null,"xManagedServiceIdentityId":null,"ipSecurityRestrictions":null,"scmIpSecurityRestrictions":null,"scmIpSecurityRestrictionsUseMain":null,"http20Enabled":null,"minTlsVersion":null,"scmMinTlsVersion":null,"ftpsState":null,"preWarmedInstanceCount":null,"functionAppScaleLimit":null,"healthCheckPath":null,"fileChangeAuditEnabled":null,"functionsRuntimeScaleMonitoringEnabled":null,"websiteTimeZone":null,"minimumElasticInstanceCount":0},"deploymentId":"up-nodeapp000003","trafficManagerHostNames":null,"sku":"PremiumV2","scmSiteAlsoStopped":false,"targetSwapSlot":null,"hostingEnvironment":null,"hostingEnvironmentProfile":null,"clientAffinityEnabled":true,"clientCertEnabled":false,"clientCertMode":"Required","clientCertExclusionPaths":null,"hostNamesDisabled":false,"domainVerificationIdentifiers":null,"customDomainVerificationId":"A5B12E93C19D795D34DF79C449C2C3BAF58329ACBE54CAAF49EDCD93822ACCE8","kind":"app,linux","inboundIpAddress":"13.89.172.23","possibleInboundIpAddresses":"13.89.172.23","ftpUsername":"up-nodeapp000003\\$up-nodeapp000003","ftpsHostName":"ftps://waws-prod-dm1-173.ftp.azurewebsites.windows.net/site/wwwroot","outboundIpAddresses":"40.122.78.153,40.122.149.171,40.77.111.208,40.77.104.142,40.77.107.181","possibleOutboundIpAddresses":"13.89.172.23,40.122.152.175,13.89.56.149,40.77.105.187,40.77.107.136,40.122.78.153,40.122.149.171,40.77.111.208,40.77.104.142,40.77.107.181","containerSize":0,"dailyMemoryTimeQuota":0,"suspendedTill":null,"siteDisabledReason":0,"functionExecutionUnitsCache":null,"maxNumberOfWorkers":null,"homeStamp":"waws-prod-dm1-173","cloningInfo":null,"hostingEnvironmentId":null,"tags":null,"resourceGroup":"clitest000001","defaultHostName":"up-nodeapp000003.azurewebsites.net","slotSwapStatus":null,"httpsOnly":true,"redundancyMode":"None","inProgressOperationId":null,"geoDistributions":null,"privateEndpointConnections":[],"buildVersion":null,"targetBuildVersion":null,"migrationState":null}}'
    headers:
      cache-control:
      - no-cache
      content-length:
      - '5499'
      content-type:
      - application/json
      date:
      - Mon, 14 Dec 2020 20:49:03 GMT
      etag:
      - '"1D6D25A64F9700B"'
      expires:
      - '-1'
      pragma:
      - no-cache
      server:
      - Microsoft-IIS/10.0
      strict-transport-security:
      - max-age=31536000; includeSubDomains
      transfer-encoding:
      - chunked
      vary:
      - Accept-Encoding
      x-aspnet-version:
      - 4.0.30319
      x-content-type-options:
      - nosniff
      x-powered-by:
      - ASP.NET
    status:
      code: 200
      message: OK
- request:
    body: null
    headers:
      Accept:
      - application/json
      Accept-Encoding:
      - gzip, deflate
      CommandName:
      - webapp show
      Connection:
      - keep-alive
      User-Agent:
      - python/3.6.7 (Windows-10-10.0.19041-SP0) msrest/0.6.18 msrest_azure/0.6.3
        azure-mgmt-web/0.48.0 Azure-SDK-For-Python AZURECLI/2.16.0
      accept-language:
      - en-US
    method: GET
    uri: https://management.azure.com/subscriptions/00000000-0000-0000-0000-000000000000/resourceGroups/clitest000001/providers/Microsoft.Web/sites/up-nodeapp000003?api-version=2019-08-01
  response:
    body:
      string: '{"id":"/subscriptions/00000000-0000-0000-0000-000000000000/resourceGroups/clitest000001/providers/Microsoft.Web/sites/up-nodeapp000003","name":"up-nodeapp000003","type":"Microsoft.Web/sites","kind":"app,linux","location":"Central
        US","properties":{"name":"up-nodeapp000003","state":"Running","hostNames":["up-nodeapp000003.azurewebsites.net"],"webSpace":"clitest000001-CentralUSwebspace","selfLink":"https://waws-prod-dm1-173.api.azurewebsites.windows.net:454/subscriptions/00000000-0000-0000-0000-000000000000/webspaces/clitest000001-CentralUSwebspace/sites/up-nodeapp000003","repositorySiteName":"up-nodeapp000003","owner":null,"usageState":"Normal","enabled":true,"adminEnabled":true,"enabledHostNames":["up-nodeapp000003.azurewebsites.net","up-nodeapp000003.scm.azurewebsites.net"],"siteProperties":{"metadata":null,"properties":[{"name":"LinuxFxVersion","value":"NODE|10.14"},{"name":"WindowsFxVersion","value":null}],"appSettings":null},"availabilityState":"Normal","sslCertificates":null,"csrs":[],"cers":null,"siteMode":null,"hostNameSslStates":[{"name":"up-nodeapp000003.azurewebsites.net","sslState":"Disabled","ipBasedSslResult":null,"virtualIP":null,"thumbprint":null,"toUpdate":null,"toUpdateIpBasedSsl":null,"ipBasedSslState":"NotConfigured","hostType":"Standard"},{"name":"up-nodeapp000003.scm.azurewebsites.net","sslState":"Disabled","ipBasedSslResult":null,"virtualIP":null,"thumbprint":null,"toUpdate":null,"toUpdateIpBasedSsl":null,"ipBasedSslState":"NotConfigured","hostType":"Repository"}],"computeMode":null,"serverFarm":null,"serverFarmId":"/subscriptions/00000000-0000-0000-0000-000000000000/resourceGroups/clitest000001/providers/Microsoft.Web/serverfarms/up-nodeplan000002","reserved":true,"isXenon":false,"hyperV":false,"lastModifiedTimeUtc":"2020-12-14T20:47:53.6966667","storageRecoveryDefaultState":"Running","contentAvailabilityState":"Normal","runtimeAvailabilityState":"Normal","siteConfig":{"numberOfWorkers":null,"defaultDocuments":null,"netFrameworkVersion":null,"phpVersion":null,"pythonVersion":null,"nodeVersion":null,"powerShellVersion":null,"linuxFxVersion":null,"windowsFxVersion":null,"requestTracingEnabled":null,"remoteDebuggingEnabled":null,"remoteDebuggingVersion":null,"httpLoggingEnabled":null,"azureMonitorLogCategories":null,"acrUseManagedIdentityCreds":false,"acrUserManagedIdentityID":null,"logsDirectorySizeLimit":null,"detailedErrorLoggingEnabled":null,"publishingUsername":null,"publishingPassword":null,"appSettings":null,"azureStorageAccounts":null,"metadata":null,"connectionStrings":null,"machineKey":null,"handlerMappings":null,"documentRoot":null,"scmType":null,"use32BitWorkerProcess":null,"webSocketsEnabled":null,"alwaysOn":null,"javaVersion":null,"javaContainer":null,"javaContainerVersion":null,"appCommandLine":null,"managedPipelineMode":null,"virtualApplications":null,"winAuthAdminState":null,"winAuthTenantState":null,"customAppPoolIdentityAdminState":null,"customAppPoolIdentityTenantState":null,"runtimeADUser":null,"runtimeADUserPassword":null,"loadBalancing":null,"routingRules":null,"experiments":null,"limits":null,"autoHealEnabled":null,"autoHealRules":null,"tracingOptions":null,"vnetName":null,"vnetRouteAllEnabled":null,"vnetPrivatePortsCount":null,"cors":null,"push":null,"apiDefinition":null,"apiManagementConfig":null,"autoSwapSlotName":null,"localMySqlEnabled":null,"managedServiceIdentityId":null,"xManagedServiceIdentityId":null,"ipSecurityRestrictions":null,"scmIpSecurityRestrictions":null,"scmIpSecurityRestrictionsUseMain":null,"http20Enabled":null,"minTlsVersion":null,"scmMinTlsVersion":null,"ftpsState":null,"preWarmedInstanceCount":null,"functionAppScaleLimit":null,"healthCheckPath":null,"fileChangeAuditEnabled":null,"functionsRuntimeScaleMonitoringEnabled":null,"websiteTimeZone":null,"minimumElasticInstanceCount":0},"deploymentId":"up-nodeapp000003","trafficManagerHostNames":null,"sku":"PremiumV2","scmSiteAlsoStopped":false,"targetSwapSlot":null,"hostingEnvironment":null,"hostingEnvironmentProfile":null,"clientAffinityEnabled":true,"clientCertEnabled":false,"clientCertMode":"Required","clientCertExclusionPaths":null,"hostNamesDisabled":false,"domainVerificationIdentifiers":null,"customDomainVerificationId":"A5B12E93C19D795D34DF79C449C2C3BAF58329ACBE54CAAF49EDCD93822ACCE8","kind":"app,linux","inboundIpAddress":"13.89.172.23","possibleInboundIpAddresses":"13.89.172.23","ftpUsername":"up-nodeapp000003\\$up-nodeapp000003","ftpsHostName":"ftps://waws-prod-dm1-173.ftp.azurewebsites.windows.net/site/wwwroot","outboundIpAddresses":"40.122.78.153,40.122.149.171,40.77.111.208,40.77.104.142,40.77.107.181","possibleOutboundIpAddresses":"13.89.172.23,40.122.152.175,13.89.56.149,40.77.105.187,40.77.107.136,40.122.78.153,40.122.149.171,40.77.111.208,40.77.104.142,40.77.107.181","containerSize":0,"dailyMemoryTimeQuota":0,"suspendedTill":null,"siteDisabledReason":0,"functionExecutionUnitsCache":null,"maxNumberOfWorkers":null,"homeStamp":"waws-prod-dm1-173","cloningInfo":null,"hostingEnvironmentId":null,"tags":null,"resourceGroup":"clitest000001","defaultHostName":"up-nodeapp000003.azurewebsites.net","slotSwapStatus":null,"httpsOnly":true,"redundancyMode":"None","inProgressOperationId":null,"geoDistributions":null,"privateEndpointConnections":[],"buildVersion":null,"targetBuildVersion":null,"migrationState":null}}'
    headers:
      cache-control:
      - no-cache
      content-length:
      - '5499'
      content-type:
      - application/json
      date:
      - Mon, 14 Dec 2020 20:49:04 GMT
      etag:
      - '"1D6D25A64F9700B"'
      expires:
      - '-1'
      pragma:
      - no-cache
      server:
      - Microsoft-IIS/10.0
      strict-transport-security:
      - max-age=31536000; includeSubDomains
      transfer-encoding:
      - chunked
      vary:
      - Accept-Encoding
      x-aspnet-version:
      - 4.0.30319
      x-content-type-options:
      - nosniff
      x-powered-by:
      - ASP.NET
    status:
      code: 200
      message: OK
- request:
    body: null
    headers:
      Accept:
      - application/json
      Accept-Encoding:
      - gzip, deflate
      CommandName:
      - webapp show
      Connection:
      - keep-alive
      User-Agent:
      - python/3.6.7 (Windows-10-10.0.19041-SP0) msrest/0.6.18 msrest_azure/0.6.3
        azure-mgmt-web/0.48.0 Azure-SDK-For-Python AZURECLI/2.16.0
      accept-language:
      - en-US
    method: GET
    uri: https://management.azure.com/subscriptions/00000000-0000-0000-0000-000000000000/resourceGroups/clitest000001/providers/Microsoft.Web/sites/up-nodeapp000003?api-version=2019-08-01
  response:
    body:
      string: '{"id":"/subscriptions/00000000-0000-0000-0000-000000000000/resourceGroups/clitest000001/providers/Microsoft.Web/sites/up-nodeapp000003","name":"up-nodeapp000003","type":"Microsoft.Web/sites","kind":"app,linux","location":"Central
        US","properties":{"name":"up-nodeapp000003","state":"Running","hostNames":["up-nodeapp000003.azurewebsites.net"],"webSpace":"clitest000001-CentralUSwebspace","selfLink":"https://waws-prod-dm1-173.api.azurewebsites.windows.net:454/subscriptions/00000000-0000-0000-0000-000000000000/webspaces/clitest000001-CentralUSwebspace/sites/up-nodeapp000003","repositorySiteName":"up-nodeapp000003","owner":null,"usageState":"Normal","enabled":true,"adminEnabled":true,"enabledHostNames":["up-nodeapp000003.azurewebsites.net","up-nodeapp000003.scm.azurewebsites.net"],"siteProperties":{"metadata":null,"properties":[{"name":"LinuxFxVersion","value":"NODE|10.14"},{"name":"WindowsFxVersion","value":null}],"appSettings":null},"availabilityState":"Normal","sslCertificates":null,"csrs":[],"cers":null,"siteMode":null,"hostNameSslStates":[{"name":"up-nodeapp000003.azurewebsites.net","sslState":"Disabled","ipBasedSslResult":null,"virtualIP":null,"thumbprint":null,"toUpdate":null,"toUpdateIpBasedSsl":null,"ipBasedSslState":"NotConfigured","hostType":"Standard"},{"name":"up-nodeapp000003.scm.azurewebsites.net","sslState":"Disabled","ipBasedSslResult":null,"virtualIP":null,"thumbprint":null,"toUpdate":null,"toUpdateIpBasedSsl":null,"ipBasedSslState":"NotConfigured","hostType":"Repository"}],"computeMode":null,"serverFarm":null,"serverFarmId":"/subscriptions/00000000-0000-0000-0000-000000000000/resourceGroups/clitest000001/providers/Microsoft.Web/serverfarms/up-nodeplan000002","reserved":true,"isXenon":false,"hyperV":false,"lastModifiedTimeUtc":"2020-12-14T20:47:53.6966667","storageRecoveryDefaultState":"Running","contentAvailabilityState":"Normal","runtimeAvailabilityState":"Normal","siteConfig":{"numberOfWorkers":null,"defaultDocuments":null,"netFrameworkVersion":null,"phpVersion":null,"pythonVersion":null,"nodeVersion":null,"powerShellVersion":null,"linuxFxVersion":null,"windowsFxVersion":null,"requestTracingEnabled":null,"remoteDebuggingEnabled":null,"remoteDebuggingVersion":null,"httpLoggingEnabled":null,"azureMonitorLogCategories":null,"acrUseManagedIdentityCreds":false,"acrUserManagedIdentityID":null,"logsDirectorySizeLimit":null,"detailedErrorLoggingEnabled":null,"publishingUsername":null,"publishingPassword":null,"appSettings":null,"azureStorageAccounts":null,"metadata":null,"connectionStrings":null,"machineKey":null,"handlerMappings":null,"documentRoot":null,"scmType":null,"use32BitWorkerProcess":null,"webSocketsEnabled":null,"alwaysOn":null,"javaVersion":null,"javaContainer":null,"javaContainerVersion":null,"appCommandLine":null,"managedPipelineMode":null,"virtualApplications":null,"winAuthAdminState":null,"winAuthTenantState":null,"customAppPoolIdentityAdminState":null,"customAppPoolIdentityTenantState":null,"runtimeADUser":null,"runtimeADUserPassword":null,"loadBalancing":null,"routingRules":null,"experiments":null,"limits":null,"autoHealEnabled":null,"autoHealRules":null,"tracingOptions":null,"vnetName":null,"vnetRouteAllEnabled":null,"vnetPrivatePortsCount":null,"cors":null,"push":null,"apiDefinition":null,"apiManagementConfig":null,"autoSwapSlotName":null,"localMySqlEnabled":null,"managedServiceIdentityId":null,"xManagedServiceIdentityId":null,"ipSecurityRestrictions":null,"scmIpSecurityRestrictions":null,"scmIpSecurityRestrictionsUseMain":null,"http20Enabled":null,"minTlsVersion":null,"scmMinTlsVersion":null,"ftpsState":null,"preWarmedInstanceCount":null,"functionAppScaleLimit":null,"healthCheckPath":null,"fileChangeAuditEnabled":null,"functionsRuntimeScaleMonitoringEnabled":null,"websiteTimeZone":null,"minimumElasticInstanceCount":0},"deploymentId":"up-nodeapp000003","trafficManagerHostNames":null,"sku":"PremiumV2","scmSiteAlsoStopped":false,"targetSwapSlot":null,"hostingEnvironment":null,"hostingEnvironmentProfile":null,"clientAffinityEnabled":true,"clientCertEnabled":false,"clientCertMode":"Required","clientCertExclusionPaths":null,"hostNamesDisabled":false,"domainVerificationIdentifiers":null,"customDomainVerificationId":"A5B12E93C19D795D34DF79C449C2C3BAF58329ACBE54CAAF49EDCD93822ACCE8","kind":"app,linux","inboundIpAddress":"13.89.172.23","possibleInboundIpAddresses":"13.89.172.23","ftpUsername":"up-nodeapp000003\\$up-nodeapp000003","ftpsHostName":"ftps://waws-prod-dm1-173.ftp.azurewebsites.windows.net/site/wwwroot","outboundIpAddresses":"40.122.78.153,40.122.149.171,40.77.111.208,40.77.104.142,40.77.107.181","possibleOutboundIpAddresses":"13.89.172.23,40.122.152.175,13.89.56.149,40.77.105.187,40.77.107.136,40.122.78.153,40.122.149.171,40.77.111.208,40.77.104.142,40.77.107.181","containerSize":0,"dailyMemoryTimeQuota":0,"suspendedTill":null,"siteDisabledReason":0,"functionExecutionUnitsCache":null,"maxNumberOfWorkers":null,"homeStamp":"waws-prod-dm1-173","cloningInfo":null,"hostingEnvironmentId":null,"tags":null,"resourceGroup":"clitest000001","defaultHostName":"up-nodeapp000003.azurewebsites.net","slotSwapStatus":null,"httpsOnly":true,"redundancyMode":"None","inProgressOperationId":null,"geoDistributions":null,"privateEndpointConnections":[],"buildVersion":null,"targetBuildVersion":null,"migrationState":null}}'
    headers:
      cache-control:
      - no-cache
      content-length:
      - '5499'
      content-type:
      - application/json
      date:
      - Mon, 14 Dec 2020 20:49:04 GMT
      etag:
      - '"1D6D25A64F9700B"'
      expires:
      - '-1'
      pragma:
      - no-cache
      server:
      - Microsoft-IIS/10.0
      strict-transport-security:
      - max-age=31536000; includeSubDomains
      transfer-encoding:
      - chunked
      vary:
      - Accept-Encoding
      x-aspnet-version:
      - 4.0.30319
      x-content-type-options:
      - nosniff
      x-powered-by:
      - ASP.NET
    status:
      code: 200
      message: OK
- request:
    body: '{}'
    headers:
      Accept:
      - application/xml
      Accept-Encoding:
      - gzip, deflate
      CommandName:
      - webapp show
      Connection:
      - keep-alive
      Content-Length:
      - '2'
      Content-Type:
      - application/json; charset=utf-8
      User-Agent:
      - python/3.6.7 (Windows-10-10.0.19041-SP0) msrest/0.6.18 msrest_azure/0.6.3
        azure-mgmt-web/0.48.0 Azure-SDK-For-Python AZURECLI/2.16.0
      accept-language:
      - en-US
    method: POST
    uri: https://management.azure.com/subscriptions/00000000-0000-0000-0000-000000000000/resourceGroups/clitest000001/providers/Microsoft.Web/sites/up-nodeapp000003/publishxml?api-version=2019-08-01
  response:
    body:
      string: <publishData><publishProfile profileName="up-nodeapp000003 - Web Deploy"
        publishMethod="MSDeploy" publishUrl="up-nodeapp000003.scm.azurewebsites.net:443"
        msdeploySite="up-nodeapp000003" userName="$up-nodeapp000003" userPWD="rcDbQZ4waiFJkdJlG0KkrpCpNe9WDg5Fdfu74XplomthoigdwgMaz9uxZu2y"
        destinationAppUrl="https://up-nodeapp000003.azurewebsites.net" SQLServerDBConnectionString=""
        mySQLDBConnectionString="" hostingProviderForumLink="" controlPanelLink="http://windows.azure.com"
        webSystem="WebSites"><databases /></publishProfile><publishProfile profileName="up-nodeapp000003
        - FTP" publishMethod="FTP" publishUrl="ftp://waws-prod-dm1-173.ftp.azurewebsites.windows.net/site/wwwroot"
        ftpPassiveMode="True" userName="up-nodeapp000003\$up-nodeapp000003" userPWD="rcDbQZ4waiFJkdJlG0KkrpCpNe9WDg5Fdfu74XplomthoigdwgMaz9uxZu2y"
        destinationAppUrl="https://up-nodeapp000003.azurewebsites.net" SQLServerDBConnectionString=""
        mySQLDBConnectionString="" hostingProviderForumLink="" controlPanelLink="http://windows.azure.com"
        webSystem="WebSites"><databases /></publishProfile><publishProfile profileName="up-nodeapp000003
        - Zip Deploy" publishMethod="ZipDeploy" publishUrl="up-nodeapp000003.scm.azurewebsites.net:443"
        userName="$up-nodeapp000003" userPWD="rcDbQZ4waiFJkdJlG0KkrpCpNe9WDg5Fdfu74XplomthoigdwgMaz9uxZu2y"
        destinationAppUrl="https://up-nodeapp000003.azurewebsites.net" SQLServerDBConnectionString=""
        mySQLDBConnectionString="" hostingProviderForumLink="" controlPanelLink="http://windows.azure.com"
        webSystem="WebSites"><databases /></publishProfile><publishProfile profileName="up-nodeapp000003
        - ReadOnly - FTP" publishMethod="FTP" publishUrl="ftp://waws-prod-dm1-173dr.ftp.azurewebsites.windows.net/site/wwwroot"
        ftpPassiveMode="True" userName="up-nodeapp000003\$up-nodeapp000003" userPWD="rcDbQZ4waiFJkdJlG0KkrpCpNe9WDg5Fdfu74XplomthoigdwgMaz9uxZu2y"
        destinationAppUrl="https://up-nodeapp000003.azurewebsites.net" SQLServerDBConnectionString=""
        mySQLDBConnectionString="" hostingProviderForumLink="" controlPanelLink="http://windows.azure.com"
        webSystem="WebSites"><databases /></publishProfile></publishData>
    headers:
      cache-control:
      - no-cache
      content-length:
      - '2251'
      content-type:
      - application/xml
      date:
      - Mon, 14 Dec 2020 20:49:05 GMT
      expires:
      - '-1'
      pragma:
      - no-cache
      server:
      - Microsoft-IIS/10.0
      strict-transport-security:
      - max-age=31536000; includeSubDomains
      x-aspnet-version:
      - 4.0.30319
      x-content-type-options:
      - nosniff
      x-ms-ratelimit-remaining-subscription-resource-requests:
      - '11999'
      x-powered-by:
      - ASP.NET
    status:
      code: 200
      message: OK
- request:
    body: null
    headers:
      Accept:
      - application/json
      Accept-Encoding:
      - gzip, deflate
      CommandName:
      - webapp config show
      Connection:
      - keep-alive
      User-Agent:
      - python/3.6.7 (Windows-10-10.0.19041-SP0) msrest/0.6.18 msrest_azure/0.6.3
        azure-mgmt-web/0.48.0 Azure-SDK-For-Python AZURECLI/2.16.0
      accept-language:
      - en-US
    method: GET
    uri: https://management.azure.com/subscriptions/00000000-0000-0000-0000-000000000000/resourceGroups/clitest000001/providers/Microsoft.Web/sites/up-nodeapp000003/config/web?api-version=2019-08-01
  response:
    body:
      string: '{"id":"/subscriptions/00000000-0000-0000-0000-000000000000/resourceGroups/clitest000001/providers/Microsoft.Web/sites/up-nodeapp000003/config/web","name":"up-nodeapp000003","type":"Microsoft.Web/sites/config","location":"Central
        US","properties":{"numberOfWorkers":1,"defaultDocuments":["Default.htm","Default.html","Default.asp","index.htm","index.html","iisstart.htm","default.aspx","index.php","hostingstart.html"],"netFrameworkVersion":"v4.0","phpVersion":"","pythonVersion":"","nodeVersion":"","powerShellVersion":"","linuxFxVersion":"NODE|10.14","windowsFxVersion":null,"requestTracingEnabled":false,"remoteDebuggingEnabled":false,"remoteDebuggingVersion":null,"httpLoggingEnabled":true,"azureMonitorLogCategories":null,"acrUseManagedIdentityCreds":false,"acrUserManagedIdentityID":null,"logsDirectorySizeLimit":100,"detailedErrorLoggingEnabled":false,"publishingUsername":"$up-nodeapp000003","publishingPassword":null,"appSettings":null,"azureStorageAccounts":{},"metadata":null,"connectionStrings":null,"machineKey":null,"handlerMappings":null,"documentRoot":null,"scmType":"None","use32BitWorkerProcess":true,"webSocketsEnabled":false,"alwaysOn":true,"javaVersion":null,"javaContainer":null,"javaContainerVersion":null,"appCommandLine":"","managedPipelineMode":"Integrated","virtualApplications":[{"virtualPath":"/","physicalPath":"site\\wwwroot","preloadEnabled":true,"virtualDirectories":null}],"winAuthAdminState":0,"winAuthTenantState":0,"customAppPoolIdentityAdminState":false,"customAppPoolIdentityTenantState":false,"runtimeADUser":null,"runtimeADUserPassword":null,"loadBalancing":"LeastRequests","routingRules":[],"experiments":{"rampUpRules":[]},"limits":null,"autoHealEnabled":false,"autoHealRules":null,"tracingOptions":null,"vnetName":"","vnetRouteAllEnabled":false,"vnetPrivatePortsCount":0,"siteAuthEnabled":false,"siteAuthSettings":{"enabled":null,"unauthenticatedClientAction":null,"tokenStoreEnabled":null,"allowedExternalRedirectUrls":null,"defaultProvider":null,"clientId":null,"clientSecret":null,"clientSecretSettingName":null,"clientSecretCertificateThumbprint":null,"issuer":null,"allowedAudiences":null,"additionalLoginParams":null,"isAadAutoProvisioned":false,"aadClaimsAuthorization":null,"googleClientId":null,"googleClientSecret":null,"googleClientSecretSettingName":null,"googleOAuthScopes":null,"facebookAppId":null,"facebookAppSecret":null,"facebookAppSecretSettingName":null,"facebookOAuthScopes":null,"gitHubClientId":null,"gitHubClientSecret":null,"gitHubClientSecretSettingName":null,"gitHubOAuthScopes":null,"twitterConsumerKey":null,"twitterConsumerSecret":null,"twitterConsumerSecretSettingName":null,"microsoftAccountClientId":null,"microsoftAccountClientSecret":null,"microsoftAccountClientSecretSettingName":null,"microsoftAccountOAuthScopes":null},"cors":null,"push":null,"apiDefinition":null,"apiManagementConfig":null,"autoSwapSlotName":null,"localMySqlEnabled":false,"managedServiceIdentityId":null,"xManagedServiceIdentityId":null,"ipSecurityRestrictions":[{"ipAddress":"Any","action":"Allow","priority":1,"name":"Allow
        all","description":"Allow all access"}],"scmIpSecurityRestrictions":[{"ipAddress":"Any","action":"Allow","priority":1,"name":"Allow
        all","description":"Allow all access"}],"scmIpSecurityRestrictionsUseMain":false,"http20Enabled":true,"minTlsVersion":"1.2","scmMinTlsVersion":"1.0","ftpsState":"AllAllowed","preWarmedInstanceCount":0,"functionAppScaleLimit":0,"healthCheckPath":null,"fileChangeAuditEnabled":false,"functionsRuntimeScaleMonitoringEnabled":false,"websiteTimeZone":null,"minimumElasticInstanceCount":0}}'
    headers:
      cache-control:
      - no-cache
      content-length:
      - '3627'
      content-type:
      - application/json
      date:
      - Mon, 14 Dec 2020 20:49:06 GMT
      expires:
      - '-1'
      pragma:
      - no-cache
      server:
      - Microsoft-IIS/10.0
      strict-transport-security:
      - max-age=31536000; includeSubDomains
      transfer-encoding:
      - chunked
      vary:
      - Accept-Encoding
      x-aspnet-version:
      - 4.0.30319
      x-content-type-options:
      - nosniff
      x-powered-by:
      - ASP.NET
    status:
      code: 200
      message: OK
- request:
    body: null
    headers:
      Accept:
      - application/json
      Accept-Encoding:
      - gzip, deflate
      CommandName:
      - webapp config appsettings list
      Connection:
      - keep-alive
      Content-Length:
      - '0'
      User-Agent:
      - python/3.6.7 (Windows-10-10.0.19041-SP0) msrest/0.6.18 msrest_azure/0.6.3
        azure-mgmt-web/0.48.0 Azure-SDK-For-Python AZURECLI/2.16.0
      accept-language:
      - en-US
    method: POST
    uri: https://management.azure.com/subscriptions/00000000-0000-0000-0000-000000000000/resourceGroups/clitest000001/providers/Microsoft.Web/sites/up-nodeapp000003/config/appsettings/list?api-version=2019-08-01
  response:
    body:
      string: '{"id":"/subscriptions/00000000-0000-0000-0000-000000000000/resourceGroups/clitest000001/providers/Microsoft.Web/sites/up-nodeapp000003/config/appsettings","name":"appsettings","type":"Microsoft.Web/sites/config","location":"Central
        US","properties":{"SCM_DO_BUILD_DURING_DEPLOYMENT":"True","WEBSITE_HTTPLOGGING_RETENTION_DAYS":"3"}}'
    headers:
      cache-control:
      - no-cache
      content-length:
      - '351'
      content-type:
      - application/json
      date:
      - Mon, 14 Dec 2020 20:49:06 GMT
      expires:
      - '-1'
      pragma:
      - no-cache
      server:
      - Microsoft-IIS/10.0
      strict-transport-security:
      - max-age=31536000; includeSubDomains
      transfer-encoding:
      - chunked
      vary:
      - Accept-Encoding
      x-aspnet-version:
      - 4.0.30319
      x-content-type-options:
      - nosniff
      x-ms-ratelimit-remaining-subscription-resource-requests:
      - '11999'
      x-powered-by:
      - ASP.NET
    status:
      code: 200
      message: OK
- request:
    body: null
    headers:
      Accept:
      - application/json
      Accept-Encoding:
      - gzip, deflate
      CommandName:
      - webapp config appsettings list
      Connection:
      - keep-alive
      User-Agent:
      - python/3.6.7 (Windows-10-10.0.19041-SP0) msrest/0.6.18 msrest_azure/0.6.3
        azure-mgmt-web/0.48.0 Azure-SDK-For-Python AZURECLI/2.16.0
      accept-language:
      - en-US
    method: GET
    uri: https://management.azure.com/subscriptions/00000000-0000-0000-0000-000000000000/resourceGroups/clitest000001/providers/Microsoft.Web/sites/up-nodeapp000003/config/slotConfigNames?api-version=2019-08-01
  response:
    body:
      string: '{"id":null,"name":"up-nodeapp000003","type":"Microsoft.Web/sites","location":"Central
        US","properties":{"connectionStringNames":null,"appSettingNames":null,"azureStorageConfigNames":null}}'
    headers:
      cache-control:
      - no-cache
      content-length:
      - '196'
      content-type:
      - application/json
      date:
      - Mon, 14 Dec 2020 20:49:06 GMT
      expires:
      - '-1'
      pragma:
      - no-cache
      server:
      - Microsoft-IIS/10.0
      strict-transport-security:
      - max-age=31536000; includeSubDomains
      transfer-encoding:
      - chunked
      vary:
      - Accept-Encoding
      x-aspnet-version:
      - 4.0.30319
      x-content-type-options:
      - nosniff
      x-powered-by:
      - ASP.NET
    status:
      code: 200
      message: OK
- request:
    body: null
    headers:
      Accept:
      - application/json
      Accept-Encoding:
      - gzip, deflate
      CommandName:
      - appservice plan show
      Connection:
      - keep-alive
      User-Agent:
      - python/3.6.7 (Windows-10-10.0.19041-SP0) msrest/0.6.18 msrest_azure/0.6.3
        azure-mgmt-web/0.48.0 Azure-SDK-For-Python AZURECLI/2.16.0
      accept-language:
      - en-US
    method: GET
    uri: https://management.azure.com/subscriptions/00000000-0000-0000-0000-000000000000/resourceGroups/clitest000001/providers/Microsoft.Web/serverfarms/up-nodeplan000002?api-version=2019-08-01
  response:
    body:
      string: '{"id":"/subscriptions/00000000-0000-0000-0000-000000000000/resourceGroups/clitest000001/providers/Microsoft.Web/serverfarms/up-nodeplan000002","name":"up-nodeplan000002","type":"Microsoft.Web/serverfarms","kind":"linux","location":"Central
        US","properties":{"serverFarmId":16219,"name":"up-nodeplan000002","workerSize":"D1","workerSizeId":3,"workerTierName":null,"numberOfWorkers":1,"currentWorkerSize":"D1","currentWorkerSizeId":3,"currentNumberOfWorkers":1,"status":"Ready","webSpace":"clitest000001-CentralUSwebspace","subscription":"5700fc96-77b4-4f8d-afce-c353d8c443bd","adminSiteName":null,"hostingEnvironment":null,"hostingEnvironmentProfile":null,"maximumNumberOfWorkers":30,"planName":"VirtualDedicatedPlan","adminRuntimeSiteName":null,"computeMode":"Dedicated","siteMode":null,"geoRegion":"Central
        US","perSiteScaling":false,"maximumElasticWorkerCount":1,"numberOfSites":1,"hostingEnvironmentId":null,"isSpot":false,"spotExpirationTime":null,"freeOfferExpirationTime":null,"tags":null,"kind":"linux","resourceGroup":"clitest000001","reserved":true,"isXenon":false,"hyperV":false,"mdmId":"waws-prod-dm1-173_16219","targetWorkerCount":0,"targetWorkerSizeId":0,"provisioningState":"Succeeded","webSiteId":null,"existingServerFarmIds":null,"azBalancing":false},"sku":{"name":"P1v2","tier":"PremiumV2","size":"P1v2","family":"Pv2","capacity":1}}'
    headers:
      cache-control:
      - no-cache
      content-length:
      - '1404'
      content-type:
      - application/json
      date:
      - Mon, 14 Dec 2020 20:49:08 GMT
      expires:
      - '-1'
      pragma:
      - no-cache
      server:
      - Microsoft-IIS/10.0
      strict-transport-security:
      - max-age=31536000; includeSubDomains
      transfer-encoding:
      - chunked
      vary:
      - Accept-Encoding
      x-aspnet-version:
      - 4.0.30319
      x-content-type-options:
      - nosniff
      x-powered-by:
      - ASP.NET
    status:
      code: 200
      message: OK
version: 1
