interactions:
- request:
    body: null
    headers:
      Accept:
      - application/json
      Accept-Encoding:
      - gzip, deflate
      CommandName:
      - appservice plan create
      Connection:
      - keep-alive
      ParameterSetName:
      - -g -n --is-linux
      User-Agent:
      - AZURECLI/2.75.0 azsdk-python-core/1.35.0 Python/3.10.11 (Windows-10-10.0.26100-SP0)
    method: GET
    uri: https://management.azure.com/subscriptions/00000000-0000-0000-0000-000000000000/resourcegroups/clitest.rg000001?api-version=2025-04-01
  response:
    body:
      string: '{"id":"/subscriptions/00000000-0000-0000-0000-000000000000/resourceGroups/clitest.rg000001","name":"clitest.rg000001","type":"Microsoft.Resources/resourceGroups","location":"eastus2","tags":{"product":"azurecli","cause":"automation","test":"test_linux_webapp_multicontainer_create","date":"2025-07-25T08:43:13Z","module":"appservice"},"properties":{"provisioningState":"Succeeded"}}'
    headers:
      cache-control:
      - no-cache
      content-length:
      - '382'
      content-type:
      - application/json; charset=utf-8
      date:
      - Fri, 25 Jul 2025 08:43:18 GMT
      expires:
      - '-1'
      pragma:
      - no-cache
      strict-transport-security:
      - max-age=31536000; includeSubDomains
      x-cache:
      - CONFIG_NOCACHE
      x-content-type-options:
      - nosniff
      x-ms-ratelimit-remaining-subscription-global-reads:
      - '3749'
      x-msedge-ref:
      - 'Ref A: FBEEC8B0FA954C63B44A2B5973DD8BA9 Ref B: MAA201060514019 Ref C: 2025-07-25T08:43:18Z'
    status:
      code: 200
      message: OK
- request:
    body: '{"location": "eastus2", "sku": {"name": "B1", "tier": "BASIC", "capacity":
      1}, "properties": {"perSiteScaling": false, "reserved": true, "isXenon": false,
      "zoneRedundant": false}}'
    headers:
      Accept:
      - application/json
      Accept-Encoding:
      - gzip, deflate
      CommandName:
      - appservice plan create
      Connection:
      - keep-alive
      Content-Length:
      - '179'
      Content-Type:
      - application/json
      ParameterSetName:
      - -g -n --is-linux
      User-Agent:
      - AZURECLI/2.75.0 azsdk-python-core/1.35.0 Python/3.10.11 (Windows-10-10.0.26100-SP0)
    method: PUT
    uri: https://management.azure.com/subscriptions/00000000-0000-0000-0000-000000000000/resourceGroups/clitest.rg000001/providers/Microsoft.Web/serverfarms/plan-linux-multi000003?api-version=2024-11-01
  response:
    body:
      string: '{"id":"/subscriptions/00000000-0000-0000-0000-000000000000/resourceGroups/clitest.rg000001/providers/Microsoft.Web/serverfarms/plan-linux-multi000003","name":"plan-linux-multi000003","type":"Microsoft.Web/serverfarms","kind":"linux","location":"eastus2","properties":{"serverFarmId":21062,"name":"plan-linux-multi000003","sku":{"name":"B1","tier":"Basic","size":"B1","family":"B","capacity":1},"workerSize":"Small","workerSizeId":0,"workerTierName":null,"numberOfWorkers":1,"currentWorkerSize":"Small","currentWorkerSizeId":0,"currentNumberOfWorkers":1,"status":"Ready","webSpace":"clitest.rg000001-EastUS2webspace-Linux","subscription":"6030fb9a-6ed7-4414-b379-afd558a954e6","adminSiteName":null,"hostingEnvironment":null,"hostingEnvironmentProfile":null,"maximumNumberOfWorkers":0,"planName":"VirtualDedicatedPlan","adminRuntimeSiteName":null,"computeMode":"Dedicated","siteMode":null,"geoRegion":"East
        US 2","perSiteScaling":false,"elasticScaleEnabled":false,"maximumElasticWorkerCount":1,"numberOfSites":0,"hostingEnvironmentId":null,"isSpot":false,"spotExpirationTime":null,"freeOfferExpirationTime":"2025-08-24T08:43:22.3166667","tags":null,"kind":"linux","resourceGroup":"clitest.rg000001","reserved":true,"isXenon":false,"hyperV":false,"mdmId":"waws-prod-bn1-255_21062","targetWorkerCount":0,"targetWorkerSizeId":0,"provisioningState":"Succeeded","webSiteId":null,"existingServerFarmIds":null,"kubeEnvironmentProfile":null,"zoneRedundant":false,"maximumNumberOfZones":1,"currentNumberOfZonesUtilized":1,"migrateToVMSS":null,"vnetConnectionsUsed":null,"vnetConnectionsMax":null,"createdTime":"2025-07-25T08:43:25.38","asyncScalingEnabled":false},"sku":{"name":"B1","tier":"Basic","size":"B1","family":"B","capacity":1}}'
    headers:
      cache-control:
      - no-cache
      content-length:
      - '1726'
      content-type:
      - application/json
      date:
      - Fri, 25 Jul 2025 08:43:28 GMT
      etag:
      - '"1DBFD402FCA8F60"'
      expires:
      - '-1'
      pragma:
      - no-cache
      strict-transport-security:
      - max-age=31536000; includeSubDomains
      x-aspnet-version:
      - 4.0.30319
      x-cache:
      - CONFIG_NOCACHE
      x-content-type-options:
      - nosniff
      x-ms-operation-identifier:
      - tenantId=213e87ed-8e08-4eb4-a63c-c073058f7b00,objectId=5c08bcb5-6bd6-45f5-b8be-e844d7d448d9/southindia/c771a505-6ab8-44af-b5f4-a92005115a09
      x-ms-ratelimit-remaining-subscription-global-writes:
      - '2998'
      x-ms-ratelimit-remaining-subscription-writes:
      - '198'
      x-msedge-ref:
      - 'Ref A: D9ED0C5B20DE4ECFA317173EE73E166D Ref B: MAA201060516051 Ref C: 2025-07-25T08:43:19Z'
      x-powered-by:
      - ASP.NET
    status:
      code: 200
      message: OK
- request:
    body: null
    headers:
      Accept:
      - application/json
      Accept-Encoding:
      - gzip, deflate
      CommandName:
      - webapp create
      Connection:
      - keep-alive
      ParameterSetName:
      - -g -n --plan --multicontainer-config-file --multicontainer-config-type
      User-Agent:
      - AZURECLI/2.75.0 azsdk-python-core/1.35.0 Python/3.10.11 (Windows-10-10.0.26100-SP0)
    method: GET
    uri: https://management.azure.com/subscriptions/00000000-0000-0000-0000-000000000000/resourceGroups/clitest.rg000001/providers/Microsoft.Web/serverfarms/plan-linux-multi000003?api-version=2024-11-01
  response:
    body:
      string: '{"id":"/subscriptions/00000000-0000-0000-0000-000000000000/resourceGroups/clitest.rg000001/providers/Microsoft.Web/serverfarms/plan-linux-multi000003","name":"plan-linux-multi000003","type":"Microsoft.Web/serverfarms","kind":"linux","location":"East
        US 2","properties":{"serverFarmId":21062,"name":"plan-linux-multi000003","workerSize":"Small","workerSizeId":0,"workerTierName":null,"numberOfWorkers":1,"currentWorkerSize":"Small","currentWorkerSizeId":0,"currentNumberOfWorkers":1,"status":"Ready","webSpace":"clitest.rg000001-EastUS2webspace-Linux","subscription":"6030fb9a-6ed7-4414-b379-afd558a954e6","adminSiteName":null,"hostingEnvironment":null,"hostingEnvironmentProfile":null,"maximumNumberOfWorkers":3,"planName":"VirtualDedicatedPlan","adminRuntimeSiteName":null,"computeMode":"Dedicated","siteMode":null,"geoRegion":"East
        US 2","perSiteScaling":false,"elasticScaleEnabled":false,"maximumElasticWorkerCount":1,"numberOfSites":0,"hostingEnvironmentId":null,"isSpot":false,"spotExpirationTime":null,"freeOfferExpirationTime":"2025-08-24T08:43:22.3166667","tags":null,"kind":"linux","resourceGroup":"clitest.rg000001","reserved":true,"isXenon":false,"hyperV":false,"mdmId":"waws-prod-bn1-255_21062","targetWorkerCount":0,"targetWorkerSizeId":0,"provisioningState":"Succeeded","webSiteId":null,"existingServerFarmIds":null,"kubeEnvironmentProfile":null,"zoneRedundant":false,"maximumNumberOfZones":1,"currentNumberOfZonesUtilized":1,"migrateToVMSS":null,"vnetConnectionsUsed":0,"vnetConnectionsMax":2,"createdTime":"2025-07-25T08:43:25.38","asyncScalingEnabled":false},"sku":{"name":"B1","tier":"Basic","size":"B1","family":"B","capacity":1}}'
    headers:
      cache-control:
      - no-cache
      content-length:
      - '1649'
      content-type:
      - application/json
      date:
      - Fri, 25 Jul 2025 08:43:29 GMT
      expires:
      - '-1'
      pragma:
      - no-cache
      strict-transport-security:
      - max-age=31536000; includeSubDomains
      x-aspnet-version:
      - 4.0.30319
      x-cache:
      - CONFIG_NOCACHE
      x-content-type-options:
      - nosniff
      x-ms-ratelimit-remaining-subscription-global-reads:
      - '3749'
      x-msedge-ref:
      - 'Ref A: 2CFD5F983E6B431DBCB3E3C4F01455B2 Ref B: MAA201060515023 Ref C: 2025-07-25T08:43:29Z'
      x-powered-by:
      - ASP.NET
    status:
      code: 200
      message: OK
- request:
    body: '{"name": "webapp-linux-multi000002", "type": "Site"}'
    headers:
      Accept:
      - application/json
      Accept-Encoding:
      - gzip, deflate
      CommandName:
      - webapp create
      Connection:
      - keep-alive
      Content-Length:
      - '52'
      Content-Type:
      - application/json
      ParameterSetName:
      - -g -n --plan --multicontainer-config-file --multicontainer-config-type
      User-Agent:
      - AZURECLI/2.75.0 azsdk-python-core/1.35.0 Python/3.10.11 (Windows-10-10.0.26100-SP0)
    method: POST
    uri: https://management.azure.com/subscriptions/00000000-0000-0000-0000-000000000000/providers/Microsoft.Web/checknameavailability?api-version=2024-11-01
  response:
    body:
      string: '{"nameAvailable":true,"reason":"","message":""}'
    headers:
      cache-control:
      - no-cache
      content-length:
      - '47'
      content-type:
      - application/json
      date:
      - Fri, 25 Jul 2025 08:43:30 GMT
      expires:
      - '-1'
      pragma:
      - no-cache
      strict-transport-security:
      - max-age=31536000; includeSubDomains
      x-aspnet-version:
      - 4.0.30319
      x-cache:
      - CONFIG_NOCACHE
      x-content-type-options:
      - nosniff
      x-ms-operation-identifier:
      - tenantId=213e87ed-8e08-4eb4-a63c-c073058f7b00,objectId=5c08bcb5-6bd6-45f5-b8be-e844d7d448d9/southindia/8e988345-fedc-42d3-84aa-1e218b61023d
      x-ms-ratelimit-remaining-subscription-global-reads:
      - '3749'
      x-msedge-ref:
      - 'Ref A: 61A7C61A70B1436CA925B31CC67A1142 Ref B: MAA201060515031 Ref C: 2025-07-25T08:43:30Z'
      x-powered-by:
      - ASP.NET
    status:
      code: 200
      message: OK
- request:
    body: '{"location": "East US 2", "properties": {"serverFarmId": "/subscriptions/00000000-0000-0000-0000-000000000000/resourceGroups/clitest.rg000001/providers/Microsoft.Web/serverfarms/plan-linux-multi000003",
      "reserved": false, "isXenon": false, "hyperV": false, "siteConfig": {"netFrameworkVersion":
      "v4.6", "linuxFxVersion": "COMPOSE|dmVyc2lvbjogJzMnDQpzZXJ2aWNlczoNCiAgd2ViOg0KICAgIGltYWdlOiAicGF0bGUvcHl0aG9uX2FwcDoxLjAiDQogICAgcG9ydHM6DQogICAgIC0gIjUwMDA6NTAwMCINCiAgcmVkaXM6DQogICAgaW1hZ2U6ICJyZWRpczphbHBpbmUiDQo=",
      "appSettings": [], "localMySqlEnabled": false, "http20Enabled": true, "http20ProxyFlag":
      0}, "scmSiteAlsoStopped": false, "httpsOnly": false}}'
    headers:
      Accept:
      - application/json
      Accept-Encoding:
      - gzip, deflate
      CommandName:
      - webapp create
      Connection:
      - keep-alive
      Content-Length:
      - '659'
      Content-Type:
      - application/json
      ParameterSetName:
      - -g -n --plan --multicontainer-config-file --multicontainer-config-type
      User-Agent:
      - AZURECLI/2.75.0 azsdk-python-core/1.35.0 Python/3.10.11 (Windows-10-10.0.26100-SP0)
    method: PUT
    uri: https://management.azure.com/subscriptions/00000000-0000-0000-0000-000000000000/resourceGroups/clitest.rg000001/providers/Microsoft.Web/sites/webapp-linux-multi000002?api-version=2024-11-01
  response:
    body:
      string: '{"id":"/subscriptions/00000000-0000-0000-0000-000000000000/resourceGroups/clitest.rg000001/providers/Microsoft.Web/sites/webapp-linux-multi000002","name":"webapp-linux-multi000002","type":"Microsoft.Web/sites","kind":"app,linux,container","location":"East
        US 2","properties":{"name":"webapp-linux-multi000002","state":"Running","hostNames":["webapp-linux-multi000002.azurewebsites.net"],"webSpace":"clitest.rg000001-EastUS2webspace-Linux","selfLink":"https://waws-prod-bn1-255.api.azurewebsites.windows.net:454/subscriptions/00000000-0000-0000-0000-000000000000/webspaces/clitest.rg000001-EastUS2webspace-Linux/sites/webapp-linux-multi000002","repositorySiteName":"webapp-linux-multi000002","owner":null,"usageState":"Normal","enabled":true,"adminEnabled":true,"siteScopedCertificatesEnabled":false,"afdEnabled":false,"enabledHostNames":["webapp-linux-multi000002.azurewebsites.net","webapp-linux-multi000002.scm.azurewebsites.net"],"siteProperties":{"metadata":null,"properties":[{"name":"LinuxFxVersion","value":"COMPOSE|dmVyc2lvbjogJzMnDQpzZXJ2aWNlczoNCiAgd2ViOg0KICAgIGltYWdlOiAicGF0bGUvcHl0aG9uX2FwcDoxLjAiDQogICAgcG9ydHM6DQogICAgIC0gIjUwMDA6NTAwMCINCiAgcmVkaXM6DQogICAgaW1hZ2U6ICJyZWRpczphbHBpbmUiDQo="},{"name":"WindowsFxVersion","value":null}],"appSettings":null},"availabilityState":"Normal","sslCertificates":null,"csrs":[],"cers":null,"siteMode":null,"hostNameSslStates":[{"name":"webapp-linux-multi000002.azurewebsites.net","sslState":"Disabled","ipBasedSslResult":null,"virtualIP":null,"virtualIPv6":null,"thumbprint":null,"certificateResourceId":null,"toUpdate":null,"toUpdateIpBasedSsl":null,"ipBasedSslState":"NotConfigured","hostType":"Standard"},{"name":"webapp-linux-multi000002.scm.azurewebsites.net","sslState":"Disabled","ipBasedSslResult":null,"virtualIP":null,"virtualIPv6":null,"thumbprint":null,"certificateResourceId":null,"toUpdate":null,"toUpdateIpBasedSsl":null,"ipBasedSslState":"NotConfigured","hostType":"Repository"}],"computeMode":null,"serverFarm":null,"serverFarmId":"/subscriptions/00000000-0000-0000-0000-000000000000/resourceGroups/clitest.rg000001/providers/Microsoft.Web/serverfarms/plan-linux-multi000003","reserved":true,"isXenon":false,"hyperV":false,"sandboxType":null,"lastModifiedTimeUtc":"2025-07-25T08:43:35.2133333","storageRecoveryDefaultState":"Running","contentAvailabilityState":"Normal","runtimeAvailabilityState":"Normal","dnsConfiguration":{},"containerAllocationSubnet":null,"useContainerLocalhostBindings":null,"outboundVnetRouting":{"allTraffic":false,"applicationTraffic":false,"contentShareTraffic":false,"imagePullTraffic":false,"backupRestoreTraffic":false},"siteConfig":{"numberOfWorkers":1,"defaultDocuments":null,"netFrameworkVersion":null,"phpVersion":null,"pythonVersion":null,"nodeVersion":null,"powerShellVersion":null,"linuxFxVersion":"","windowsFxVersion":null,"sandboxType":null,"windowsConfiguredStacks":null,"requestTracingEnabled":null,"remoteDebuggingEnabled":null,"remoteDebuggingVersion":null,"httpLoggingEnabled":null,"azureMonitorLogCategories":null,"acrUseManagedIdentityCreds":false,"acrUserManagedIdentityID":null,"logsDirectorySizeLimit":null,"detailedErrorLoggingEnabled":null,"publishingUsername":null,"publishingPassword":null,"appSettings":null,"metadata":null,"connectionStrings":null,"machineKey":null,"handlerMappings":null,"documentRoot":null,"scmType":null,"use32BitWorkerProcess":null,"webSocketsEnabled":null,"alwaysOn":false,"javaVersion":null,"javaContainer":null,"javaContainerVersion":null,"appCommandLine":null,"managedPipelineMode":null,"virtualApplications":null,"winAuthAdminState":null,"winAuthTenantState":null,"customAppPoolIdentityAdminState":null,"customAppPoolIdentityTenantState":null,"runtimeADUser":null,"runtimeADUserPassword":null,"loadBalancing":null,"routingRules":null,"experiments":null,"limits":null,"autoHealEnabled":null,"autoHealRules":null,"tracingOptions":null,"vnetName":null,"vnetRouteAllEnabled":null,"vnetPrivatePortsCount":null,"publicNetworkAccess":null,"cors":null,"push":null,"apiDefinition":null,"apiManagementConfig":null,"autoSwapSlotName":null,"localMySqlEnabled":null,"managedServiceIdentityId":null,"xManagedServiceIdentityId":null,"keyVaultReferenceIdentity":null,"ipSecurityRestrictions":[{"ipAddress":"Any","action":"Allow","priority":2147483647,"name":"Allow
        all","description":"Allow all access"}],"ipSecurityRestrictionsDefaultAction":null,"scmIpSecurityRestrictions":[{"ipAddress":"Any","action":"Allow","priority":2147483647,"name":"Allow
        all","description":"Allow all access"}],"scmIpSecurityRestrictionsDefaultAction":null,"scmIpSecurityRestrictionsUseMain":null,"http20Enabled":false,"minTlsVersion":null,"minTlsCipherSuite":null,"scmMinTlsCipherSuite":null,"supportedTlsCipherSuites":null,"scmSupportedTlsCipherSuites":null,"scmMinTlsVersion":null,"ftpsState":null,"preWarmedInstanceCount":null,"functionAppScaleLimit":null,"elasticWebAppScaleLimit":0,"healthCheckPath":null,"fileChangeAuditEnabled":null,"functionsRuntimeScaleMonitoringEnabled":null,"websiteTimeZone":null,"minimumElasticInstanceCount":0,"azureStorageAccounts":null,"http20ProxyFlag":null,"sitePort":null,"antivirusScanEnabled":null,"storageType":null,"sitePrivateLinkHostEnabled":null,"clusteringEnabled":false},"functionAppConfig":null,"daprConfig":null,"deploymentId":"webapp-linux-multi000002","slotName":null,"trafficManagerHostNames":null,"sku":"Basic","scmSiteAlsoStopped":false,"targetSwapSlot":null,"hostingEnvironment":null,"hostingEnvironmentProfile":null,"clientAffinityEnabled":true,"clientAffinityProxyEnabled":false,"useQueryStringAffinity":false,"blockPathTraversal":false,"clientCertEnabled":false,"clientCertMode":"Required","clientCertExclusionPaths":null,"clientCertExclusionEndPoints":null,"hostNamesDisabled":false,"ipMode":"IPv4","domainVerificationIdentifiers":null,"customDomainVerificationId":"CD3D1C0F6742BD00034AC1065259067920749AF3B220978803421ED93BCB376B","kind":"app,linux,container","managedEnvironmentId":null,"workloadProfileName":null,"resourceConfig":null,"inboundIpAddress":"20.119.128.20","possibleInboundIpAddresses":"20.119.128.20","inboundIpv6Address":"2603:1030:40c:7::1f","possibleInboundIpv6Addresses":"2603:1030:40c:7::1f","ftpUsername":"webapp-linux-multi000002\\$webapp-linux-multi000002","ftpsHostName":"ftps://waws-prod-bn1-255.ftp.azurewebsites.windows.net/site/wwwroot","outboundIpAddresses":"4.153.17.163,4.153.17.168,4.153.17.184,4.153.19.44,4.153.19.56,4.153.19.188,4.153.16.194,4.153.20.60,4.153.20.101,4.153.21.14,4.153.21.146,4.153.21.156,20.119.128.20","possibleOutboundIpAddresses":"4.153.17.163,4.153.17.168,4.153.17.184,4.153.19.44,4.153.19.56,4.153.19.188,4.153.16.194,4.153.20.60,4.153.20.101,4.153.21.14,4.153.21.146,4.153.21.156,4.153.21.160,4.153.21.167,4.153.21.187,4.153.21.202,4.153.21.219,4.153.21.250,4.153.22.71,4.153.22.87,4.153.22.115,4.153.22.117,4.153.22.121,4.153.22.124,4.153.17.139,4.153.19.194,4.153.19.231,4.153.20.18,4.153.22.130,4.153.22.134,20.119.128.20","outboundIpv6Addresses":"2603:1030:403:5::211,2603:1030:403:7::84,2603:1030:403:10::292,2603:1030:403:14::13c,2603:1030:403:17::17a,2603:1030:403:10::293,2603:1030:403:5::fd,2603:1030:403:11::1da,2603:1030:403:12::176,2603:1030:403:11::1d4,2603:1030:403:13::168,2603:1030:403:16::17e,2603:1030:40c:7::1f,2603:10e1:100:2::1477:8014","possibleOutboundIpv6Addresses":"2603:1030:403:5::211,2603:1030:403:7::84,2603:1030:403:10::292,2603:1030:403:14::13c,2603:1030:403:17::17a,2603:1030:403:10::293,2603:1030:403:5::fd,2603:1030:403:11::1da,2603:1030:403:12::176,2603:1030:403:11::1d4,2603:1030:403:13::168,2603:1030:403:16::17e,2603:1030:403:15::82,2603:1030:403:13::16d,2603:1030:403:5::204,2603:1030:403:3::1e4,2603:1030:403:5::205,2603:1030:403:12::1bf,2603:1030:403:17::175,2603:1030:403:15::344,2603:1030:403:11::1d6,2603:1030:403:13::172,2603:1030:403:15::581,2603:1030:403:10::28f,2603:1030:403:12::1c5,2603:1030:403:12::1c0,2603:1030:403:10::2a2,2603:1030:403:5::200,2603:1030:403:10::2a3,2603:1030:403:3::a39,2603:1030:40c:7::1f,2603:10e1:100:2::1477:8014","containerSize":0,"dailyMemoryTimeQuota":0,"suspendedTill":null,"siteDisabledReason":0,"functionExecutionUnitsCache":null,"maxNumberOfWorkers":null,"homeStamp":"waws-prod-bn1-255","cloningInfo":null,"hostingEnvironmentId":null,"tags":null,"resourceGroup":"clitest.rg000001","defaultHostName":"webapp-linux-multi000002.azurewebsites.net","slotSwapStatus":null,"httpsOnly":false,"endToEndEncryptionEnabled":false,"functionsRuntimeAdminIsolationEnabled":false,"redundancyMode":"None","inProgressOperationId":null,"geoDistributions":null,"privateEndpointConnections":null,"publicNetworkAccess":"Enabled","buildVersion":null,"targetBuildVersion":null,"migrationState":null,"eligibleLogCategories":"AppServiceAppLogs,AppServiceAuditLogs,AppServiceConsoleLogs,AppServiceHTTPLogs,AppServiceIPSecAuditLogs,AppServicePlatformLogs,ScanLogs,AppServiceAuthenticationLogs","inFlightFeatures":null,"storageAccountRequired":false,"virtualNetworkSubnetId":null,"keyVaultReferenceIdentity":"SystemAssigned","autoGeneratedDomainNameLabelScope":null,"privateLinkIdentifiers":null,"sshEnabled":null}}'
    headers:
      cache-control:
      - no-cache
      content-length:
      - '9102'
      content-type:
      - application/json
      date:
      - Fri, 25 Jul 2025 08:43:54 GMT
      etag:
      - '"1DBFD4035A5FD8B"'
      expires:
      - '-1'
      pragma:
      - no-cache
      strict-transport-security:
      - max-age=31536000; includeSubDomains
      x-aspnet-version:
      - 4.0.30319
      x-cache:
      - CONFIG_NOCACHE
      x-content-type-options:
      - nosniff
      x-ms-operation-identifier:
      - tenantId=213e87ed-8e08-4eb4-a63c-c073058f7b00,objectId=5c08bcb5-6bd6-45f5-b8be-e844d7d448d9/southindia/061a1bc6-b48b-4a04-8661-e856a85b5462
      x-ms-ratelimit-remaining-subscription-resource-requests:
      - '200'
      x-msedge-ref:
      - 'Ref A: D8E0A22D85F44CDEB23F852E1C970F21 Ref B: MAA201060513025 Ref C: 2025-07-25T08:43:31Z'
      x-powered-by:
      - ASP.NET
    status:
      code: 200
      message: OK
- request:
    body: '{"format": "WebDeploy"}'
    headers:
      Accept:
      - application/xml
      Accept-Encoding:
      - gzip, deflate
      CommandName:
      - webapp create
      Connection:
      - keep-alive
      Content-Length:
      - '23'
      Content-Type:
      - application/json
      ParameterSetName:
      - -g -n --plan --multicontainer-config-file --multicontainer-config-type
      User-Agent:
      - AZURECLI/2.75.0 azsdk-python-core/1.35.0 Python/3.10.11 (Windows-10-10.0.26100-SP0)
    method: POST
    uri: https://management.azure.com/subscriptions/00000000-0000-0000-0000-000000000000/resourceGroups/clitest.rg000001/providers/Microsoft.Web/sites/webapp-linux-multi000002/publishxml?api-version=2024-11-01
  response:
    body:
      string: <publishData><publishProfile profileName="webapp-linux-multi000002 -
        Web Deploy" publishMethod="MSDeploy" publishUrl="webapp-linux-multi000002.scm.azurewebsites.net:443"
        msdeploySite="webapp-linux-multi000002" userName="REDACTED" userPWD="REDACTED"
        destinationAppUrl="http://webapp-linux-multi000002.azurewebsites.net" SQLServerDBConnectionString="REDACTED"
        mySQLDBConnectionString="" hostingProviderForumLink="" controlPanelLink="https://portal.azure.com"
        webSystem="WebSites"><databases /></publishProfile><publishProfile profileName="webapp-linux-multi000002
        - FTP" publishMethod="FTP" publishUrl="ftps://waws-prod-bn1-255.ftp.azurewebsites.windows.net/site/wwwroot"
        ftpPassiveMode="True" userName="REDACTED" userPWD="REDACTED" destinationAppUrl="http://webapp-linux-multi000002.azurewebsites.net"
        SQLServerDBConnectionString="REDACTED" mySQLDBConnectionString="" hostingProviderForumLink=""
        controlPanelLink="https://portal.azure.com" webSystem="WebSites"><databases
        /></publishProfile><publishProfile profileName="webapp-linux-multi000002 -
        Zip Deploy" publishMethod="ZipDeploy" publishUrl="webapp-linux-multi000002.scm.azurewebsites.net:443"
        userName="REDACTED" userPWD="REDACTED" destinationAppUrl="http://webapp-linux-multi000002.azurewebsites.net"
        SQLServerDBConnectionString="REDACTED" mySQLDBConnectionString="" hostingProviderForumLink=""
        controlPanelLink="https://portal.azure.com" webSystem="WebSites"><databases
        /></publishProfile></publishData>
    headers:
      cache-control:
      - no-cache
      content-length:
      - '1460'
      content-type:
      - application/xml
      date:
      - Fri, 25 Jul 2025 08:43:56 GMT
      expires:
      - '-1'
      pragma:
      - no-cache
      strict-transport-security:
      - max-age=31536000; includeSubDomains
      x-aspnet-version:
      - 4.0.30319
      x-cache:
      - CONFIG_NOCACHE
      x-content-type-options:
      - nosniff
      x-ms-operation-identifier:
      - tenantId=213e87ed-8e08-4eb4-a63c-c073058f7b00,objectId=5c08bcb5-6bd6-45f5-b8be-e844d7d448d9/southindia/9f5bf831-2ab7-47e8-902e-5e61dd32984d
      x-ms-ratelimit-remaining-subscription-resource-requests:
      - '799'
      x-msedge-ref:
      - 'Ref A: B143DD97E85A40ACB576C8A3E8F1228E Ref B: MAA201060513011 Ref C: 2025-07-25T08:43:55Z'
      x-powered-by:
      - ASP.NET
    status:
      code: 200
      message: OK
- request:
    body: null
    headers:
      Accept:
      - application/json
      Accept-Encoding:
      - gzip, deflate
      CommandName:
      - webapp show
      Connection:
      - keep-alive
      ParameterSetName:
      - -g -n
      User-Agent:
      - AZURECLI/2.75.0 azsdk-python-core/1.35.0 Python/3.10.11 (Windows-10-10.0.26100-SP0)
    method: GET
    uri: https://management.azure.com/subscriptions/00000000-0000-0000-0000-000000000000/resourceGroups/clitest.rg000001/providers/Microsoft.Web/sites/webapp-linux-multi000002?api-version=2024-11-01
  response:
    body:
      string: '{"id":"/subscriptions/00000000-0000-0000-0000-000000000000/resourceGroups/clitest.rg000001/providers/Microsoft.Web/sites/webapp-linux-multi000002","name":"webapp-linux-multi000002","type":"Microsoft.Web/sites","kind":"app,linux,container","location":"East
        US 2","properties":{"name":"webapp-linux-multi000002","state":"Running","hostNames":["webapp-linux-multi000002.azurewebsites.net"],"webSpace":"clitest.rg000001-EastUS2webspace-Linux","selfLink":"https://waws-prod-bn1-255.api.azurewebsites.windows.net:454/subscriptions/00000000-0000-0000-0000-000000000000/webspaces/clitest.rg000001-EastUS2webspace-Linux/sites/webapp-linux-multi000002","repositorySiteName":"webapp-linux-multi000002","owner":null,"usageState":"Normal","enabled":true,"adminEnabled":true,"siteScopedCertificatesEnabled":false,"afdEnabled":false,"enabledHostNames":["webapp-linux-multi000002.azurewebsites.net","webapp-linux-multi000002.scm.azurewebsites.net"],"siteProperties":{"metadata":null,"properties":[{"name":"LinuxFxVersion","value":"COMPOSE|dmVyc2lvbjogJzMnDQpzZXJ2aWNlczoNCiAgd2ViOg0KICAgIGltYWdlOiAicGF0bGUvcHl0aG9uX2FwcDoxLjAiDQogICAgcG9ydHM6DQogICAgIC0gIjUwMDA6NTAwMCINCiAgcmVkaXM6DQogICAgaW1hZ2U6ICJyZWRpczphbHBpbmUiDQo="},{"name":"WindowsFxVersion","value":null}],"appSettings":null},"availabilityState":"Normal","sslCertificates":null,"csrs":[],"cers":null,"siteMode":null,"hostNameSslStates":[{"name":"webapp-linux-multi000002.azurewebsites.net","sslState":"Disabled","ipBasedSslResult":null,"virtualIP":null,"virtualIPv6":null,"thumbprint":null,"certificateResourceId":null,"toUpdate":null,"toUpdateIpBasedSsl":null,"ipBasedSslState":"NotConfigured","hostType":"Standard"},{"name":"webapp-linux-multi000002.scm.azurewebsites.net","sslState":"Disabled","ipBasedSslResult":null,"virtualIP":null,"virtualIPv6":null,"thumbprint":null,"certificateResourceId":null,"toUpdate":null,"toUpdateIpBasedSsl":null,"ipBasedSslState":"NotConfigured","hostType":"Repository"}],"computeMode":null,"serverFarm":null,"serverFarmId":"/subscriptions/00000000-0000-0000-0000-000000000000/resourceGroups/clitest.rg000001/providers/Microsoft.Web/serverfarms/plan-linux-multi000003","reserved":true,"isXenon":false,"hyperV":false,"sandboxType":null,"lastModifiedTimeUtc":"2025-07-25T08:43:54.96","storageRecoveryDefaultState":"Running","contentAvailabilityState":"Normal","runtimeAvailabilityState":"Normal","dnsConfiguration":{},"containerAllocationSubnet":null,"useContainerLocalhostBindings":null,"outboundVnetRouting":{"allTraffic":false,"applicationTraffic":false,"contentShareTraffic":false,"imagePullTraffic":false,"backupRestoreTraffic":false},"siteConfig":{"numberOfWorkers":1,"defaultDocuments":null,"netFrameworkVersion":null,"phpVersion":null,"pythonVersion":null,"nodeVersion":null,"powerShellVersion":null,"linuxFxVersion":"COMPOSE|dmVyc2lvbjogJzMnDQpzZXJ2aWNlczoNCiAgd2ViOg0KICAgIGltYWdlOiAicGF0bGUvcHl0aG9uX2FwcDoxLjAiDQogICAgcG9ydHM6DQogICAgIC0gIjUwMDA6NTAwMCINCiAgcmVkaXM6DQogICAgaW1hZ2U6ICJyZWRpczphbHBpbmUiDQo=","windowsFxVersion":null,"sandboxType":null,"windowsConfiguredStacks":null,"requestTracingEnabled":null,"remoteDebuggingEnabled":null,"remoteDebuggingVersion":null,"httpLoggingEnabled":null,"azureMonitorLogCategories":null,"acrUseManagedIdentityCreds":false,"acrUserManagedIdentityID":null,"logsDirectorySizeLimit":null,"detailedErrorLoggingEnabled":null,"publishingUsername":null,"publishingPassword":null,"appSettings":null,"metadata":null,"connectionStrings":null,"machineKey":null,"handlerMappings":null,"documentRoot":null,"scmType":null,"use32BitWorkerProcess":null,"webSocketsEnabled":null,"alwaysOn":false,"javaVersion":null,"javaContainer":null,"javaContainerVersion":null,"appCommandLine":null,"managedPipelineMode":null,"virtualApplications":null,"winAuthAdminState":null,"winAuthTenantState":null,"customAppPoolIdentityAdminState":null,"customAppPoolIdentityTenantState":null,"runtimeADUser":null,"runtimeADUserPassword":null,"loadBalancing":null,"routingRules":null,"experiments":null,"limits":null,"autoHealEnabled":null,"autoHealRules":null,"tracingOptions":null,"vnetName":null,"vnetRouteAllEnabled":null,"vnetPrivatePortsCount":null,"publicNetworkAccess":null,"cors":null,"push":null,"apiDefinition":null,"apiManagementConfig":null,"autoSwapSlotName":null,"localMySqlEnabled":null,"managedServiceIdentityId":null,"xManagedServiceIdentityId":null,"keyVaultReferenceIdentity":null,"ipSecurityRestrictions":null,"ipSecurityRestrictionsDefaultAction":null,"scmIpSecurityRestrictions":null,"scmIpSecurityRestrictionsDefaultAction":null,"scmIpSecurityRestrictionsUseMain":null,"http20Enabled":true,"minTlsVersion":null,"minTlsCipherSuite":null,"scmMinTlsCipherSuite":null,"supportedTlsCipherSuites":null,"scmSupportedTlsCipherSuites":null,"scmMinTlsVersion":null,"ftpsState":null,"preWarmedInstanceCount":null,"functionAppScaleLimit":0,"elasticWebAppScaleLimit":null,"healthCheckPath":null,"fileChangeAuditEnabled":null,"functionsRuntimeScaleMonitoringEnabled":null,"websiteTimeZone":null,"minimumElasticInstanceCount":0,"azureStorageAccounts":null,"http20ProxyFlag":null,"sitePort":null,"antivirusScanEnabled":null,"storageType":null,"sitePrivateLinkHostEnabled":null,"clusteringEnabled":false},"functionAppConfig":null,"daprConfig":null,"deploymentId":"webapp-linux-multi000002","slotName":null,"trafficManagerHostNames":null,"sku":"Basic","scmSiteAlsoStopped":false,"targetSwapSlot":null,"hostingEnvironment":null,"hostingEnvironmentProfile":null,"clientAffinityEnabled":true,"clientAffinityProxyEnabled":false,"useQueryStringAffinity":false,"blockPathTraversal":false,"clientCertEnabled":false,"clientCertMode":"Required","clientCertExclusionPaths":null,"clientCertExclusionEndPoints":null,"hostNamesDisabled":false,"ipMode":"IPv4","domainVerificationIdentifiers":null,"customDomainVerificationId":"CD3D1C0F6742BD00034AC1065259067920749AF3B220978803421ED93BCB376B","kind":"app,linux,container","managedEnvironmentId":null,"workloadProfileName":null,"resourceConfig":null,"inboundIpAddress":"20.119.128.20","possibleInboundIpAddresses":"20.119.128.20","inboundIpv6Address":"2603:1030:40c:7::1f","possibleInboundIpv6Addresses":"2603:1030:40c:7::1f","ftpUsername":"webapp-linux-multi000002\\$webapp-linux-multi000002","ftpsHostName":"ftps://waws-prod-bn1-255.ftp.azurewebsites.windows.net/site/wwwroot","outboundIpAddresses":"4.153.17.163,4.153.17.168,4.153.17.184,4.153.19.44,4.153.19.56,4.153.19.188,4.153.16.194,4.153.20.60,4.153.20.101,4.153.21.14,4.153.21.146,4.153.21.156,20.119.128.20","possibleOutboundIpAddresses":"4.153.17.163,4.153.17.168,4.153.17.184,4.153.19.44,4.153.19.56,4.153.19.188,4.153.16.194,4.153.20.60,4.153.20.101,4.153.21.14,4.153.21.146,4.153.21.156,4.153.21.160,4.153.21.167,4.153.21.187,4.153.21.202,4.153.21.219,4.153.21.250,4.153.22.71,4.153.22.87,4.153.22.115,4.153.22.117,4.153.22.121,4.153.22.124,4.153.17.139,4.153.19.194,4.153.19.231,4.153.20.18,4.153.22.130,4.153.22.134,20.119.128.20","outboundIpv6Addresses":"2603:1030:403:5::211,2603:1030:403:7::84,2603:1030:403:10::292,2603:1030:403:14::13c,2603:1030:403:17::17a,2603:1030:403:10::293,2603:1030:403:5::fd,2603:1030:403:11::1da,2603:1030:403:12::176,2603:1030:403:11::1d4,2603:1030:403:13::168,2603:1030:403:16::17e,2603:1030:40c:7::1f,2603:10e1:100:2::1477:8014","possibleOutboundIpv6Addresses":"2603:1030:403:5::211,2603:1030:403:7::84,2603:1030:403:10::292,2603:1030:403:14::13c,2603:1030:403:17::17a,2603:1030:403:10::293,2603:1030:403:5::fd,2603:1030:403:11::1da,2603:1030:403:12::176,2603:1030:403:11::1d4,2603:1030:403:13::168,2603:1030:403:16::17e,2603:1030:403:15::82,2603:1030:403:13::16d,2603:1030:403:5::204,2603:1030:403:3::1e4,2603:1030:403:5::205,2603:1030:403:12::1bf,2603:1030:403:17::175,2603:1030:403:15::344,2603:1030:403:11::1d6,2603:1030:403:13::172,2603:1030:403:15::581,2603:1030:403:10::28f,2603:1030:403:12::1c5,2603:1030:403:12::1c0,2603:1030:403:10::2a2,2603:1030:403:5::200,2603:1030:403:10::2a3,2603:1030:403:3::a39,2603:1030:40c:7::1f,2603:10e1:100:2::1477:8014","containerSize":0,"dailyMemoryTimeQuota":0,"suspendedTill":null,"siteDisabledReason":0,"functionExecutionUnitsCache":null,"maxNumberOfWorkers":null,"homeStamp":"waws-prod-bn1-255","cloningInfo":null,"hostingEnvironmentId":null,"tags":null,"resourceGroup":"clitest.rg000001","defaultHostName":"webapp-linux-multi000002.azurewebsites.net","slotSwapStatus":null,"httpsOnly":false,"endToEndEncryptionEnabled":false,"functionsRuntimeAdminIsolationEnabled":false,"redundancyMode":"None","inProgressOperationId":null,"geoDistributions":null,"privateEndpointConnections":[],"publicNetworkAccess":"Enabled","buildVersion":null,"targetBuildVersion":null,"migrationState":null,"eligibleLogCategories":"AppServiceAppLogs,AppServiceAuditLogs,AppServiceConsoleLogs,AppServiceHTTPLogs,AppServiceIPSecAuditLogs,AppServicePlatformLogs,ScanLogs,AppServiceAuthenticationLogs","inFlightFeatures":["SiteContainers"],"storageAccountRequired":false,"virtualNetworkSubnetId":null,"keyVaultReferenceIdentity":"SystemAssigned","autoGeneratedDomainNameLabelScope":null,"privateLinkIdentifiers":null,"sshEnabled":null}}'
    headers:
      cache-control:
      - no-cache
      content-length:
      - '9084'
      content-type:
      - application/json
      date:
      - Fri, 25 Jul 2025 08:43:59 GMT
      etag:
      - '"1DBFD40411B3D00"'
      expires:
      - '-1'
      pragma:
      - no-cache
      strict-transport-security:
      - max-age=31536000; includeSubDomains
      x-aspnet-version:
      - 4.0.30319
      x-cache:
      - CONFIG_NOCACHE
      x-content-type-options:
      - nosniff
      x-ms-ratelimit-remaining-subscription-global-reads:
      - '3749'
      x-msedge-ref:
      - 'Ref A: F5D6460729124E1C98C38F47D15FB46B Ref B: MAA201060514037 Ref C: 2025-07-25T08:43:59Z'
      x-powered-by:
      - ASP.NET
    status:
      code: 200
      message: OK
- request:
    body: null
    headers:
      Accept:
      - application/json
      Accept-Encoding:
      - gzip, deflate
      CommandName:
      - webapp show
      Connection:
      - keep-alive
      ParameterSetName:
      - -g -n
      User-Agent:
      - AZURECLI/2.75.0 azsdk-python-core/1.35.0 Python/3.10.11 (Windows-10-10.0.26100-SP0)
    method: GET
    uri: https://management.azure.com/subscriptions/00000000-0000-0000-0000-000000000000/resourceGroups/clitest.rg000001/providers/Microsoft.Web/sites/webapp-linux-multi000002/config/web?api-version=2024-11-01
  response:
    body:
      string: '{"id":"/subscriptions/00000000-0000-0000-0000-000000000000/resourceGroups/clitest.rg000001/providers/Microsoft.Web/sites/webapp-linux-multi000002/config/web","name":"webapp-linux-multi000002","type":"Microsoft.Web/sites/config","location":"East
        US 2","properties":{"numberOfWorkers":1,"defaultDocuments":["Default.htm","Default.html","Default.asp","index.htm","index.html","iisstart.htm","default.aspx","index.php","hostingstart.html"],"netFrameworkVersion":"v4.0","phpVersion":"","pythonVersion":"","nodeVersion":"","powerShellVersion":"","linuxFxVersion":"COMPOSE|dmVyc2lvbjogJzMnDQpzZXJ2aWNlczoNCiAgd2ViOg0KICAgIGltYWdlOiAicGF0bGUvcHl0aG9uX2FwcDoxLjAiDQogICAgcG9ydHM6DQogICAgIC0gIjUwMDA6NTAwMCINCiAgcmVkaXM6DQogICAgaW1hZ2U6ICJyZWRpczphbHBpbmUiDQo=","windowsFxVersion":null,"sandboxType":null,"windowsConfiguredStacks":[],"requestTracingEnabled":false,"remoteDebuggingEnabled":false,"remoteDebuggingVersion":null,"httpLoggingEnabled":false,"azureMonitorLogCategories":null,"acrUseManagedIdentityCreds":false,"acrUserManagedIdentityID":null,"logsDirectorySizeLimit":35,"detailedErrorLoggingEnabled":false,"publishingUsername":"REDACTED","publishingPassword":null,"appSettings":null,"metadata":null,"connectionStrings":null,"machineKey":null,"handlerMappings":null,"documentRoot":null,"scmType":"None","use32BitWorkerProcess":true,"webSocketsEnabled":false,"alwaysOn":false,"javaVersion":null,"javaContainer":null,"javaContainerVersion":null,"appCommandLine":"","managedPipelineMode":"Integrated","virtualApplications":[{"virtualPath":"/","physicalPath":"site\\wwwroot","preloadEnabled":false,"virtualDirectories":null}],"winAuthAdminState":0,"winAuthTenantState":0,"customAppPoolIdentityAdminState":false,"customAppPoolIdentityTenantState":false,"runtimeADUser":null,"runtimeADUserPassword":null,"loadBalancing":"LeastRequests","routingRules":[],"experiments":{"rampUpRules":[]},"limits":null,"autoHealEnabled":false,"autoHealRules":null,"tracingOptions":null,"vnetName":"","vnetRouteAllEnabled":false,"vnetPrivatePortsCount":0,"publicNetworkAccess":null,"siteAuthEnabled":false,"siteAuthSettings":{"enabled":null,"unauthenticatedClientAction":null,"tokenStoreEnabled":null,"allowedExternalRedirectUrls":null,"defaultProvider":null,"clientId":null,"clientSecret":null,"clientSecretSettingName":null,"clientSecretCertificateThumbprint":null,"issuer":null,"allowedAudiences":null,"additionalLoginParams":null,"isAadAutoProvisioned":false,"aadClaimsAuthorization":null,"googleClientId":null,"googleClientSecret":null,"googleClientSecretSettingName":null,"googleOAuthScopes":null,"facebookAppId":null,"facebookAppSecret":null,"facebookAppSecretSettingName":null,"facebookOAuthScopes":null,"gitHubClientId":null,"gitHubClientSecret":null,"gitHubClientSecretSettingName":null,"gitHubOAuthScopes":null,"twitterConsumerKey":null,"twitterConsumerSecret":null,"twitterConsumerSecretSettingName":null,"microsoftAccountClientId":null,"microsoftAccountClientSecret":null,"microsoftAccountClientSecretSettingName":null,"microsoftAccountOAuthScopes":null,"configVersion":null},"cors":null,"push":null,"apiDefinition":null,"apiManagementConfig":null,"autoSwapSlotName":null,"localMySqlEnabled":false,"managedServiceIdentityId":null,"xManagedServiceIdentityId":null,"keyVaultReferenceIdentity":null,"ipSecurityRestrictions":[{"ipAddress":"Any","action":"Allow","priority":2147483647,"name":"Allow
        all","description":"Allow all access"}],"ipSecurityRestrictionsDefaultAction":null,"scmIpSecurityRestrictions":[{"ipAddress":"Any","action":"Allow","priority":2147483647,"name":"Allow
        all","description":"Allow all access"}],"scmIpSecurityRestrictionsDefaultAction":null,"scmIpSecurityRestrictionsUseMain":false,"http20Enabled":true,"minTlsVersion":"1.2","minTlsCipherSuite":null,"scmMinTlsCipherSuite":null,"supportedTlsCipherSuites":null,"scmSupportedTlsCipherSuites":null,"scmMinTlsVersion":"1.2","ftpsState":"FtpsOnly","preWarmedInstanceCount":0,"functionAppScaleLimit":null,"elasticWebAppScaleLimit":0,"healthCheckPath":null,"fileChangeAuditEnabled":false,"functionsRuntimeScaleMonitoringEnabled":false,"websiteTimeZone":null,"minimumElasticInstanceCount":0,"azureStorageAccounts":{},"http20ProxyFlag":0,"sitePort":null,"antivirusScanEnabled":false,"storageType":"StorageVolume","sitePrivateLinkHostEnabled":false,"clusteringEnabled":false}}'
    headers:
      cache-control:
      - no-cache
      content-length:
      - '4326'
      content-type:
      - application/json
      date:
      - Fri, 25 Jul 2025 08:44:00 GMT
      expires:
      - '-1'
      pragma:
      - no-cache
      strict-transport-security:
      - max-age=31536000; includeSubDomains
      x-aspnet-version:
      - 4.0.30319
      x-cache:
      - CONFIG_NOCACHE
      x-content-type-options:
      - nosniff
      x-ms-operation-identifier:
      - tenantId=213e87ed-8e08-4eb4-a63c-c073058f7b00,objectId=5c08bcb5-6bd6-45f5-b8be-e844d7d448d9/southindia/92e41b2d-82d5-4139-b991-8538a37e77d9
      x-ms-ratelimit-remaining-subscription-global-reads:
      - '3749'
      x-msedge-ref:
      - 'Ref A: 2DE29ADD76374A13B64D5F15B21CA30C Ref B: MAA201060516049 Ref C: 2025-07-25T08:44:00Z'
      x-powered-by:
      - ASP.NET
    status:
      code: 200
      message: OK
- request:
    body: null
    headers:
      Accept:
      - application/json
      Accept-Encoding:
      - gzip, deflate
      CommandName:
      - webapp show
      Connection:
      - keep-alive
      ParameterSetName:
      - -g -n
      User-Agent:
      - AZURECLI/2.75.0 azsdk-python-core/1.35.0 Python/3.10.11 (Windows-10-10.0.26100-SP0)
    method: GET
    uri: https://management.azure.com/subscriptions/00000000-0000-0000-0000-000000000000/resourceGroups/clitest.rg000001/providers/Microsoft.Web/sites/webapp-linux-multi000002?api-version=2024-11-01
  response:
    body:
      string: '{"id":"/subscriptions/00000000-0000-0000-0000-000000000000/resourceGroups/clitest.rg000001/providers/Microsoft.Web/sites/webapp-linux-multi000002","name":"webapp-linux-multi000002","type":"Microsoft.Web/sites","kind":"app,linux,container","location":"East
        US 2","properties":{"name":"webapp-linux-multi000002","state":"Running","hostNames":["webapp-linux-multi000002.azurewebsites.net"],"webSpace":"clitest.rg000001-EastUS2webspace-Linux","selfLink":"https://waws-prod-bn1-255.api.azurewebsites.windows.net:454/subscriptions/00000000-0000-0000-0000-000000000000/webspaces/clitest.rg000001-EastUS2webspace-Linux/sites/webapp-linux-multi000002","repositorySiteName":"webapp-linux-multi000002","owner":null,"usageState":"Normal","enabled":true,"adminEnabled":true,"siteScopedCertificatesEnabled":false,"afdEnabled":false,"enabledHostNames":["webapp-linux-multi000002.azurewebsites.net","webapp-linux-multi000002.scm.azurewebsites.net"],"siteProperties":{"metadata":null,"properties":[{"name":"LinuxFxVersion","value":"COMPOSE|dmVyc2lvbjogJzMnDQpzZXJ2aWNlczoNCiAgd2ViOg0KICAgIGltYWdlOiAicGF0bGUvcHl0aG9uX2FwcDoxLjAiDQogICAgcG9ydHM6DQogICAgIC0gIjUwMDA6NTAwMCINCiAgcmVkaXM6DQogICAgaW1hZ2U6ICJyZWRpczphbHBpbmUiDQo="},{"name":"WindowsFxVersion","value":null}],"appSettings":null},"availabilityState":"Normal","sslCertificates":null,"csrs":[],"cers":null,"siteMode":null,"hostNameSslStates":[{"name":"webapp-linux-multi000002.azurewebsites.net","sslState":"Disabled","ipBasedSslResult":null,"virtualIP":null,"virtualIPv6":null,"thumbprint":null,"certificateResourceId":null,"toUpdate":null,"toUpdateIpBasedSsl":null,"ipBasedSslState":"NotConfigured","hostType":"Standard"},{"name":"webapp-linux-multi000002.scm.azurewebsites.net","sslState":"Disabled","ipBasedSslResult":null,"virtualIP":null,"virtualIPv6":null,"thumbprint":null,"certificateResourceId":null,"toUpdate":null,"toUpdateIpBasedSsl":null,"ipBasedSslState":"NotConfigured","hostType":"Repository"}],"computeMode":null,"serverFarm":null,"serverFarmId":"/subscriptions/00000000-0000-0000-0000-000000000000/resourceGroups/clitest.rg000001/providers/Microsoft.Web/serverfarms/plan-linux-multi000003","reserved":true,"isXenon":false,"hyperV":false,"sandboxType":null,"lastModifiedTimeUtc":"2025-07-25T08:43:54.96","storageRecoveryDefaultState":"Running","contentAvailabilityState":"Normal","runtimeAvailabilityState":"Normal","dnsConfiguration":{},"containerAllocationSubnet":null,"useContainerLocalhostBindings":null,"outboundVnetRouting":{"allTraffic":false,"applicationTraffic":false,"contentShareTraffic":false,"imagePullTraffic":false,"backupRestoreTraffic":false},"siteConfig":{"numberOfWorkers":1,"defaultDocuments":null,"netFrameworkVersion":null,"phpVersion":null,"pythonVersion":null,"nodeVersion":null,"powerShellVersion":null,"linuxFxVersion":"COMPOSE|dmVyc2lvbjogJzMnDQpzZXJ2aWNlczoNCiAgd2ViOg0KICAgIGltYWdlOiAicGF0bGUvcHl0aG9uX2FwcDoxLjAiDQogICAgcG9ydHM6DQogICAgIC0gIjUwMDA6NTAwMCINCiAgcmVkaXM6DQogICAgaW1hZ2U6ICJyZWRpczphbHBpbmUiDQo=","windowsFxVersion":null,"sandboxType":null,"windowsConfiguredStacks":null,"requestTracingEnabled":null,"remoteDebuggingEnabled":null,"remoteDebuggingVersion":null,"httpLoggingEnabled":null,"azureMonitorLogCategories":null,"acrUseManagedIdentityCreds":false,"acrUserManagedIdentityID":null,"logsDirectorySizeLimit":null,"detailedErrorLoggingEnabled":null,"publishingUsername":null,"publishingPassword":null,"appSettings":null,"metadata":null,"connectionStrings":null,"machineKey":null,"handlerMappings":null,"documentRoot":null,"scmType":null,"use32BitWorkerProcess":null,"webSocketsEnabled":null,"alwaysOn":false,"javaVersion":null,"javaContainer":null,"javaContainerVersion":null,"appCommandLine":null,"managedPipelineMode":null,"virtualApplications":null,"winAuthAdminState":null,"winAuthTenantState":null,"customAppPoolIdentityAdminState":null,"customAppPoolIdentityTenantState":null,"runtimeADUser":null,"runtimeADUserPassword":null,"loadBalancing":null,"routingRules":null,"experiments":null,"limits":null,"autoHealEnabled":null,"autoHealRules":null,"tracingOptions":null,"vnetName":null,"vnetRouteAllEnabled":null,"vnetPrivatePortsCount":null,"publicNetworkAccess":null,"cors":null,"push":null,"apiDefinition":null,"apiManagementConfig":null,"autoSwapSlotName":null,"localMySqlEnabled":null,"managedServiceIdentityId":null,"xManagedServiceIdentityId":null,"keyVaultReferenceIdentity":null,"ipSecurityRestrictions":null,"ipSecurityRestrictionsDefaultAction":null,"scmIpSecurityRestrictions":null,"scmIpSecurityRestrictionsDefaultAction":null,"scmIpSecurityRestrictionsUseMain":null,"http20Enabled":true,"minTlsVersion":null,"minTlsCipherSuite":null,"scmMinTlsCipherSuite":null,"supportedTlsCipherSuites":null,"scmSupportedTlsCipherSuites":null,"scmMinTlsVersion":null,"ftpsState":null,"preWarmedInstanceCount":null,"functionAppScaleLimit":0,"elasticWebAppScaleLimit":null,"healthCheckPath":null,"fileChangeAuditEnabled":null,"functionsRuntimeScaleMonitoringEnabled":null,"websiteTimeZone":null,"minimumElasticInstanceCount":0,"azureStorageAccounts":null,"http20ProxyFlag":null,"sitePort":null,"antivirusScanEnabled":null,"storageType":null,"sitePrivateLinkHostEnabled":null,"clusteringEnabled":false},"functionAppConfig":null,"daprConfig":null,"deploymentId":"webapp-linux-multi000002","slotName":null,"trafficManagerHostNames":null,"sku":"Basic","scmSiteAlsoStopped":false,"targetSwapSlot":null,"hostingEnvironment":null,"hostingEnvironmentProfile":null,"clientAffinityEnabled":true,"clientAffinityProxyEnabled":false,"useQueryStringAffinity":false,"blockPathTraversal":false,"clientCertEnabled":false,"clientCertMode":"Required","clientCertExclusionPaths":null,"clientCertExclusionEndPoints":null,"hostNamesDisabled":false,"ipMode":"IPv4","domainVerificationIdentifiers":null,"customDomainVerificationId":"CD3D1C0F6742BD00034AC1065259067920749AF3B220978803421ED93BCB376B","kind":"app,linux,container","managedEnvironmentId":null,"workloadProfileName":null,"resourceConfig":null,"inboundIpAddress":"20.119.128.20","possibleInboundIpAddresses":"20.119.128.20","inboundIpv6Address":"2603:1030:40c:7::1f","possibleInboundIpv6Addresses":"2603:1030:40c:7::1f","ftpUsername":"webapp-linux-multi000002\\$webapp-linux-multi000002","ftpsHostName":"ftps://waws-prod-bn1-255.ftp.azurewebsites.windows.net/site/wwwroot","outboundIpAddresses":"4.153.17.163,4.153.17.168,4.153.17.184,4.153.19.44,4.153.19.56,4.153.19.188,4.153.16.194,4.153.20.60,4.153.20.101,4.153.21.14,4.153.21.146,4.153.21.156,20.119.128.20","possibleOutboundIpAddresses":"4.153.17.163,4.153.17.168,4.153.17.184,4.153.19.44,4.153.19.56,4.153.19.188,4.153.16.194,4.153.20.60,4.153.20.101,4.153.21.14,4.153.21.146,4.153.21.156,4.153.21.160,4.153.21.167,4.153.21.187,4.153.21.202,4.153.21.219,4.153.21.250,4.153.22.71,4.153.22.87,4.153.22.115,4.153.22.117,4.153.22.121,4.153.22.124,4.153.17.139,4.153.19.194,4.153.19.231,4.153.20.18,4.153.22.130,4.153.22.134,20.119.128.20","outboundIpv6Addresses":"2603:1030:403:5::211,2603:1030:403:7::84,2603:1030:403:10::292,2603:1030:403:14::13c,2603:1030:403:17::17a,2603:1030:403:10::293,2603:1030:403:5::fd,2603:1030:403:11::1da,2603:1030:403:12::176,2603:1030:403:11::1d4,2603:1030:403:13::168,2603:1030:403:16::17e,2603:1030:40c:7::1f,2603:10e1:100:2::1477:8014","possibleOutboundIpv6Addresses":"2603:1030:403:5::211,2603:1030:403:7::84,2603:1030:403:10::292,2603:1030:403:14::13c,2603:1030:403:17::17a,2603:1030:403:10::293,2603:1030:403:5::fd,2603:1030:403:11::1da,2603:1030:403:12::176,2603:1030:403:11::1d4,2603:1030:403:13::168,2603:1030:403:16::17e,2603:1030:403:15::82,2603:1030:403:13::16d,2603:1030:403:5::204,2603:1030:403:3::1e4,2603:1030:403:5::205,2603:1030:403:12::1bf,2603:1030:403:17::175,2603:1030:403:15::344,2603:1030:403:11::1d6,2603:1030:403:13::172,2603:1030:403:15::581,2603:1030:403:10::28f,2603:1030:403:12::1c5,2603:1030:403:12::1c0,2603:1030:403:10::2a2,2603:1030:403:5::200,2603:1030:403:10::2a3,2603:1030:403:3::a39,2603:1030:40c:7::1f,2603:10e1:100:2::1477:8014","containerSize":0,"dailyMemoryTimeQuota":0,"suspendedTill":null,"siteDisabledReason":0,"functionExecutionUnitsCache":null,"maxNumberOfWorkers":null,"homeStamp":"waws-prod-bn1-255","cloningInfo":null,"hostingEnvironmentId":null,"tags":null,"resourceGroup":"clitest.rg000001","defaultHostName":"webapp-linux-multi000002.azurewebsites.net","slotSwapStatus":null,"httpsOnly":false,"endToEndEncryptionEnabled":false,"functionsRuntimeAdminIsolationEnabled":false,"redundancyMode":"None","inProgressOperationId":null,"geoDistributions":null,"privateEndpointConnections":[],"publicNetworkAccess":"Enabled","buildVersion":null,"targetBuildVersion":null,"migrationState":null,"eligibleLogCategories":"AppServiceAppLogs,AppServiceAuditLogs,AppServiceConsoleLogs,AppServiceHTTPLogs,AppServiceIPSecAuditLogs,AppServicePlatformLogs,ScanLogs,AppServiceAuthenticationLogs","inFlightFeatures":["SiteContainers"],"storageAccountRequired":false,"virtualNetworkSubnetId":null,"keyVaultReferenceIdentity":"SystemAssigned","autoGeneratedDomainNameLabelScope":null,"privateLinkIdentifiers":null,"sshEnabled":null}}'
    headers:
      cache-control:
      - no-cache
      content-length:
      - '9084'
      content-type:
      - application/json
      date:
      - Fri, 25 Jul 2025 08:44:01 GMT
      etag:
      - '"1DBFD40411B3D00"'
      expires:
      - '-1'
      pragma:
      - no-cache
      strict-transport-security:
      - max-age=31536000; includeSubDomains
      x-aspnet-version:
      - 4.0.30319
      x-cache:
      - CONFIG_NOCACHE
      x-content-type-options:
      - nosniff
      x-ms-ratelimit-remaining-subscription-global-reads:
      - '3748'
      x-msedge-ref:
      - 'Ref A: E965DC947E2640F4A11C5E6E567AB625 Ref B: MAA201060516045 Ref C: 2025-07-25T08:44:01Z'
      x-powered-by:
      - ASP.NET
    status:
      code: 200
      message: OK
- request:
    body: '{"format": "WebDeploy"}'
    headers:
      Accept:
      - application/xml
      Accept-Encoding:
      - gzip, deflate
      CommandName:
      - webapp show
      Connection:
      - keep-alive
      Content-Length:
      - '23'
      Content-Type:
      - application/json
      ParameterSetName:
      - -g -n
      User-Agent:
      - AZURECLI/2.75.0 azsdk-python-core/1.35.0 Python/3.10.11 (Windows-10-10.0.26100-SP0)
    method: POST
    uri: https://management.azure.com/subscriptions/00000000-0000-0000-0000-000000000000/resourceGroups/clitest.rg000001/providers/Microsoft.Web/sites/webapp-linux-multi000002/publishxml?api-version=2024-11-01
  response:
    body:
      string: <publishData><publishProfile profileName="webapp-linux-multi000002 -
        Web Deploy" publishMethod="MSDeploy" publishUrl="webapp-linux-multi000002.scm.azurewebsites.net:443"
        msdeploySite="webapp-linux-multi000002" userName="REDACTED" userPWD="REDACTED"
        destinationAppUrl="http://webapp-linux-multi000002.azurewebsites.net" SQLServerDBConnectionString="REDACTED"
        mySQLDBConnectionString="" hostingProviderForumLink="" controlPanelLink="https://portal.azure.com"
        webSystem="WebSites"><databases /></publishProfile><publishProfile profileName="webapp-linux-multi000002
        - FTP" publishMethod="FTP" publishUrl="ftps://waws-prod-bn1-255.ftp.azurewebsites.windows.net/site/wwwroot"
        ftpPassiveMode="True" userName="REDACTED" userPWD="REDACTED" destinationAppUrl="http://webapp-linux-multi000002.azurewebsites.net"
        SQLServerDBConnectionString="REDACTED" mySQLDBConnectionString="" hostingProviderForumLink=""
        controlPanelLink="https://portal.azure.com" webSystem="WebSites"><databases
        /></publishProfile><publishProfile profileName="webapp-linux-multi000002 -
        Zip Deploy" publishMethod="ZipDeploy" publishUrl="webapp-linux-multi000002.scm.azurewebsites.net:443"
        userName="REDACTED" userPWD="REDACTED" destinationAppUrl="http://webapp-linux-multi000002.azurewebsites.net"
        SQLServerDBConnectionString="REDACTED" mySQLDBConnectionString="" hostingProviderForumLink=""
        controlPanelLink="https://portal.azure.com" webSystem="WebSites"><databases
        /></publishProfile></publishData>
    headers:
      cache-control:
      - no-cache
      content-length:
      - '1460'
      content-type:
      - application/xml
      date:
      - Fri, 25 Jul 2025 08:44:03 GMT
      expires:
      - '-1'
      pragma:
      - no-cache
      strict-transport-security:
      - max-age=31536000; includeSubDomains
      x-aspnet-version:
      - 4.0.30319
      x-cache:
      - CONFIG_NOCACHE
      x-content-type-options:
      - nosniff
      x-ms-operation-identifier:
      - tenantId=213e87ed-8e08-4eb4-a63c-c073058f7b00,objectId=5c08bcb5-6bd6-45f5-b8be-e844d7d448d9/southindia/09812164-de7f-45d1-9cb0-86b5bbc2e481
      x-ms-ratelimit-remaining-subscription-resource-requests:
      - '799'
      x-msedge-ref:
      - 'Ref A: B587387438BA4D648B1521B7937E0D3B Ref B: MAA201060514039 Ref C: 2025-07-25T08:44:03Z'
      x-powered-by:
      - ASP.NET
    status:
      code: 200
      message: OK
- request:
    body: null
    headers:
      Accept:
      - '*/*'
      Accept-Encoding:
      - gzip, deflate
      Connection:
      - keep-alive
      User-Agent:
      - python-requests/2.32.4
    method: GET
    uri: http://webapp-linux-multi000002.azurewebsites.net/
  response:
    body:
      string: 'Hello World! I have been seen 2 times.

        '
    headers:
      content-length:
      - '39'
      content-type:
      - text/html; charset=utf-8
      date:
      - Fri, 25 Jul 2025 08:44:38 GMT
      server:
      - Werkzeug/0.14.1 Python/3.4.8
      set-cookie:
      - ARRAffinity=cb8d91c9d2a29a2894b5445bbfe9d306e91eb996b4b7cdada5ff30dc3f2bfdda;Path=/;HttpOnly;Domain=webapp-linux-multigr5yux.azurewebsites.net
    status:
      code: 200
      message: OK
version: 1
