interactions:
- request:
    body: null
    headers:
      Accept:
      - application/json
      Accept-Encoding:
      - gzip, deflate
      CommandName:
      - appservice plan create
      Connection:
      - keep-alive
      ParameterSetName:
      - -g -n
      User-Agent:
      - python/3.6.5 (Windows-10-10.0.17134-SP0) msrest/0.6.10 msrest_azure/0.6.2
        azure-mgmt-resource/4.0.0 Azure-SDK-For-Python AZURECLI/2.0.74
      accept-language:
      - en-US
    method: GET
    uri: https://management.azure.com/subscriptions/00000000-0000-0000-0000-000000000000/resourcegroups/clitest.rg000001?api-version=2019-07-01
  response:
    body:
      string: '{"id":"/subscriptions/00000000-0000-0000-0000-000000000000/resourceGroups/clitest.rg000001","name":"clitest.rg000001","type":"Microsoft.Resources/resourceGroups","location":"westus","tags":{"product":"azurecli","cause":"automation","date":"2019-10-13T05:29:30Z"},"properties":{"provisioningState":"Succeeded"}}'
    headers:
      cache-control:
      - no-cache
      content-length:
      - '428'
      content-type:
      - application/json; charset=utf-8
      date:
      - Sun, 13 Oct 2019 05:29:31 GMT
      expires:
      - '-1'
      pragma:
      - no-cache
      strict-transport-security:
      - max-age=31536000; includeSubDomains
      vary:
      - Accept-Encoding
      x-content-type-options:
      - nosniff
    status:
      code: 200
      message: OK
- request:
    body: '{"name": "win-log000003", "type": "Microsoft.Web/serverfarms", "location":
      "westus", "properties": {"skuName": "B1", "capacity": 1}}'
    headers:
      Accept:
      - application/json
      Accept-Encoding:
      - gzip, deflate
      CommandName:
      - appservice plan create
      Connection:
      - keep-alive
      Content-Length:
      - '143'
      Content-Type:
      - application/json; charset=utf-8
      ParameterSetName:
      - -g -n
      User-Agent:
      - python/3.6.5 (Windows-10-10.0.17134-SP0) msrest/0.6.10 msrest_azure/0.6.2
        azure-mgmt-web/0.42.0 Azure-SDK-For-Python AZURECLI/2.0.74
      accept-language:
      - en-US
    method: POST
    uri: https://management.azure.com/subscriptions/00000000-0000-0000-0000-000000000000/resourceGroups/clitest.rg000001/providers/Microsoft.Web/validate?api-version=2018-02-01
  response:
    body:
      string: '{"status":"Success","error":null}'
    headers:
      cache-control:
      - no-cache
      content-length:
      - '33'
      content-type:
      - application/json
      date:
      - Sun, 13 Oct 2019 05:29:31 GMT
      expires:
      - '-1'
      pragma:
      - no-cache
      server:
      - Microsoft-IIS/10.0
      strict-transport-security:
      - max-age=31536000; includeSubDomains
      transfer-encoding:
      - chunked
      vary:
      - Accept-Encoding
      x-aspnet-version:
      - 4.0.30319
      x-content-type-options:
      - nosniff
      x-ms-ratelimit-remaining-subscription-writes:
      - '1199'
      x-powered-by:
      - ASP.NET
    status:
      code: 200
      message: OK
- request:
    body: null
    headers:
      Accept:
      - application/json
      Accept-Encoding:
      - gzip, deflate
      CommandName:
      - appservice plan create
      Connection:
      - keep-alive
      ParameterSetName:
      - -g -n
      User-Agent:
      - python/3.6.5 (Windows-10-10.0.17134-SP0) msrest/0.6.10 msrest_azure/0.6.2
        azure-mgmt-resource/4.0.0 Azure-SDK-For-Python AZURECLI/2.0.74
      accept-language:
      - en-US
    method: GET
    uri: https://management.azure.com/subscriptions/00000000-0000-0000-0000-000000000000/resourcegroups/clitest.rg000001?api-version=2019-07-01
  response:
    body:
      string: '{"id":"/subscriptions/00000000-0000-0000-0000-000000000000/resourceGroups/clitest.rg000001","name":"clitest.rg000001","type":"Microsoft.Resources/resourceGroups","location":"westus","tags":{"product":"azurecli","cause":"automation","date":"2019-10-13T05:29:30Z"},"properties":{"provisioningState":"Succeeded"}}'
    headers:
      cache-control:
      - no-cache
      content-length:
      - '428'
      content-type:
      - application/json; charset=utf-8
      date:
      - Sun, 13 Oct 2019 05:29:32 GMT
      expires:
      - '-1'
      pragma:
      - no-cache
      strict-transport-security:
      - max-age=31536000; includeSubDomains
      vary:
      - Accept-Encoding
      x-content-type-options:
      - nosniff
    status:
      code: 200
      message: OK
- request:
    body: '{"location": "westus", "properties": {"perSiteScaling": false, "isXenon":
      false}, "sku": {"name": "B1", "tier": "BASIC", "capacity": 1}}'
    headers:
      Accept:
      - application/json
      Accept-Encoding:
      - gzip, deflate
      CommandName:
      - appservice plan create
      Connection:
      - keep-alive
      Content-Length:
      - '136'
      Content-Type:
      - application/json; charset=utf-8
      ParameterSetName:
      - -g -n
      User-Agent:
      - python/3.6.5 (Windows-10-10.0.17134-SP0) msrest/0.6.10 msrest_azure/0.6.2
        azure-mgmt-web/0.42.0 Azure-SDK-For-Python AZURECLI/2.0.74
      accept-language:
      - en-US
    method: PUT
    uri: https://management.azure.com/subscriptions/00000000-0000-0000-0000-000000000000/resourceGroups/clitest.rg000001/providers/Microsoft.Web/serverfarms/win-log000003?api-version=2018-02-01
  response:
    body:
      string: '{"id":"/subscriptions/00000000-0000-0000-0000-000000000000/resourceGroups/clitest.rg000001/providers/Microsoft.Web/serverfarms/win-log000003","name":"win-log000003","type":"Microsoft.Web/serverfarms","kind":"app","location":"West
        US","properties":{"serverFarmId":143320,"name":"win-log000003","workerSize":"Default","workerSizeId":0,"workerTierName":null,"numberOfWorkers":1,"currentWorkerSize":"Default","currentWorkerSizeId":0,"currentNumberOfWorkers":1,"status":"Ready","webSpace":"clitest.rg000001-WestUSwebspace","subscription":"fb3a3d6b-44c8-44f5-88c9-b20917c9b96b","adminSiteName":null,"hostingEnvironment":null,"hostingEnvironmentProfile":null,"maximumNumberOfWorkers":3,"planName":"VirtualDedicatedPlan","adminRuntimeSiteName":null,"computeMode":"Dedicated","siteMode":null,"geoRegion":"West
        US","perSiteScaling":false,"maximumElasticWorkerCount":1,"numberOfSites":0,"hostingEnvironmentId":null,"isSpot":false,"spotExpirationTime":null,"freeOfferExpirationTime":null,"tags":null,"kind":"app","resourceGroup":"clitest.rg000001","reserved":false,"isXenon":false,"hyperV":false,"mdmId":"waws-prod-bay-015_143320","targetWorkerCount":0,"targetWorkerSizeId":0,"provisioningState":"Succeeded","webSiteId":null,"existingServerFarmIds":null},"sku":{"name":"B1","tier":"Basic","size":"B1","family":"B","capacity":1}}'
    headers:
      cache-control:
      - no-cache
      content-length:
      - '1526'
      content-type:
      - application/json
      date:
      - Sun, 13 Oct 2019 05:29:37 GMT
      expires:
      - '-1'
      pragma:
      - no-cache
      server:
      - Microsoft-IIS/10.0
      strict-transport-security:
      - max-age=31536000; includeSubDomains
      transfer-encoding:
      - chunked
      vary:
      - Accept-Encoding
      x-aspnet-version:
      - 4.0.30319
      x-content-type-options:
      - nosniff
      x-ms-ratelimit-remaining-subscription-writes:
      - '1199'
      x-powered-by:
      - ASP.NET
    status:
      code: 200
      message: OK
- request:
    body: null
    headers:
      Accept:
      - application/json
      Accept-Encoding:
      - gzip, deflate
      CommandName:
      - webapp create
      Connection:
      - keep-alive
      ParameterSetName:
      - -g -n --plan --deployment-source-url -r
      User-Agent:
      - python/3.6.5 (Windows-10-10.0.17134-SP0) msrest/0.6.10 msrest_azure/0.6.2
        azure-mgmt-web/0.42.0 Azure-SDK-For-Python AZURECLI/2.0.74
      accept-language:
      - en-US
    method: GET
    uri: https://management.azure.com/subscriptions/00000000-0000-0000-0000-000000000000/resourceGroups/clitest.rg000001/providers/Microsoft.Web/serverfarms/win-log000003?api-version=2018-02-01
  response:
    body:
      string: '{"id":"/subscriptions/00000000-0000-0000-0000-000000000000/resourceGroups/clitest.rg000001/providers/Microsoft.Web/serverfarms/win-log000003","name":"win-log000003","type":"Microsoft.Web/serverfarms","kind":"app","location":"West
        US","properties":{"serverFarmId":143320,"name":"win-log000003","workerSize":"Default","workerSizeId":0,"workerTierName":null,"numberOfWorkers":1,"currentWorkerSize":"Default","currentWorkerSizeId":0,"currentNumberOfWorkers":1,"status":"Ready","webSpace":"clitest.rg000001-WestUSwebspace","subscription":"fb3a3d6b-44c8-44f5-88c9-b20917c9b96b","adminSiteName":null,"hostingEnvironment":null,"hostingEnvironmentProfile":null,"maximumNumberOfWorkers":3,"planName":"VirtualDedicatedPlan","adminRuntimeSiteName":null,"computeMode":"Dedicated","siteMode":null,"geoRegion":"West
        US","perSiteScaling":false,"maximumElasticWorkerCount":1,"numberOfSites":0,"hostingEnvironmentId":null,"isSpot":false,"spotExpirationTime":null,"freeOfferExpirationTime":null,"tags":null,"kind":"app","resourceGroup":"clitest.rg000001","reserved":false,"isXenon":false,"hyperV":false,"mdmId":"waws-prod-bay-015_143320","targetWorkerCount":0,"targetWorkerSizeId":0,"provisioningState":"Succeeded","webSiteId":null,"existingServerFarmIds":null},"sku":{"name":"B1","tier":"Basic","size":"B1","family":"B","capacity":1}}'
    headers:
      cache-control:
      - no-cache
      content-length:
      - '1526'
      content-type:
      - application/json
      date:
      - Sun, 13 Oct 2019 05:29:39 GMT
      expires:
      - '-1'
      pragma:
      - no-cache
      server:
      - Microsoft-IIS/10.0
      strict-transport-security:
      - max-age=31536000; includeSubDomains
      transfer-encoding:
      - chunked
      vary:
      - Accept-Encoding
      x-aspnet-version:
      - 4.0.30319
      x-content-type-options:
      - nosniff
      x-powered-by:
      - ASP.NET
    status:
      code: 200
      message: OK
- request:
    body: 'b''{"name": "webapp-win-log000002", "type": "Microsoft.Web/sites", "location":
      "West US", "properties": {"serverFarmId": "/subscriptions/00000000-0000-0000-0000-000000000000/resourceGroups/clitest.rg000001/providers/Microsoft.Web/serverfarms/win-log000003"}}'''
    headers:
      Accept:
      - application/json
      Accept-Encoding:
      - gzip, deflate
      CommandName:
      - webapp create
      Connection:
      - keep-alive
      Content-Length:
      - '329'
      Content-Type:
      - application/json; charset=utf-8
      ParameterSetName:
      - -g -n --plan --deployment-source-url -r
      User-Agent:
      - python/3.6.5 (Windows-10-10.0.17134-SP0) msrest/0.6.10 msrest_azure/0.6.2
        azure-mgmt-web/0.42.0 Azure-SDK-For-Python AZURECLI/2.0.74
      accept-language:
      - en-US
    method: POST
    uri: https://management.azure.com/subscriptions/00000000-0000-0000-0000-000000000000/resourceGroups/clitest.rg000001/providers/Microsoft.Web/validate?api-version=2018-02-01
  response:
    body:
      string: '{"status":"Success","error":null}'
    headers:
      cache-control:
      - no-cache
      content-length:
      - '33'
      content-type:
      - application/json
      date:
      - Sun, 13 Oct 2019 05:29:39 GMT
      expires:
      - '-1'
      pragma:
      - no-cache
      server:
      - Microsoft-IIS/10.0
      strict-transport-security:
      - max-age=31536000; includeSubDomains
      transfer-encoding:
      - chunked
      vary:
      - Accept-Encoding
      x-aspnet-version:
      - 4.0.30319
      x-content-type-options:
      - nosniff
      x-ms-ratelimit-remaining-subscription-writes:
      - '1199'
      x-powered-by:
      - ASP.NET
    status:
      code: 200
      message: OK
- request:
    body: null
    headers:
      Accept:
      - application/json
      Accept-Encoding:
      - gzip, deflate
      CommandName:
      - webapp create
      Connection:
      - keep-alive
      ParameterSetName:
      - -g -n --plan --deployment-source-url -r
      User-Agent:
      - python/3.6.5 (Windows-10-10.0.17134-SP0) msrest/0.6.10 msrest_azure/0.6.2
        azure-mgmt-web/0.42.0 Azure-SDK-For-Python AZURECLI/2.0.74
      accept-language:
      - en-US
    method: GET
    uri: https://management.azure.com/subscriptions/00000000-0000-0000-0000-000000000000/resourceGroups/clitest.rg000001/providers/Microsoft.Web/serverfarms/win-log000003?api-version=2018-02-01
  response:
    body:
      string: '{"id":"/subscriptions/00000000-0000-0000-0000-000000000000/resourceGroups/clitest.rg000001/providers/Microsoft.Web/serverfarms/win-log000003","name":"win-log000003","type":"Microsoft.Web/serverfarms","kind":"app","location":"West
        US","properties":{"serverFarmId":143320,"name":"win-log000003","workerSize":"Default","workerSizeId":0,"workerTierName":null,"numberOfWorkers":1,"currentWorkerSize":"Default","currentWorkerSizeId":0,"currentNumberOfWorkers":1,"status":"Ready","webSpace":"clitest.rg000001-WestUSwebspace","subscription":"fb3a3d6b-44c8-44f5-88c9-b20917c9b96b","adminSiteName":null,"hostingEnvironment":null,"hostingEnvironmentProfile":null,"maximumNumberOfWorkers":3,"planName":"VirtualDedicatedPlan","adminRuntimeSiteName":null,"computeMode":"Dedicated","siteMode":null,"geoRegion":"West
        US","perSiteScaling":false,"maximumElasticWorkerCount":1,"numberOfSites":0,"hostingEnvironmentId":null,"isSpot":false,"spotExpirationTime":null,"freeOfferExpirationTime":null,"tags":null,"kind":"app","resourceGroup":"clitest.rg000001","reserved":false,"isXenon":false,"hyperV":false,"mdmId":"waws-prod-bay-015_143320","targetWorkerCount":0,"targetWorkerSizeId":0,"provisioningState":"Succeeded","webSiteId":null,"existingServerFarmIds":null},"sku":{"name":"B1","tier":"Basic","size":"B1","family":"B","capacity":1}}'
    headers:
      cache-control:
      - no-cache
      content-length:
      - '1526'
      content-type:
      - application/json
      date:
      - Sun, 13 Oct 2019 05:29:39 GMT
      expires:
      - '-1'
      pragma:
      - no-cache
      server:
      - Microsoft-IIS/10.0
      strict-transport-security:
      - max-age=31536000; includeSubDomains
      transfer-encoding:
      - chunked
      vary:
      - Accept-Encoding
      x-aspnet-version:
      - 4.0.30319
      x-content-type-options:
      - nosniff
      x-powered-by:
      - ASP.NET
    status:
      code: 200
      message: OK
- request:
    body: null
    headers:
      Accept:
      - application/json
      Accept-Encoding:
      - gzip, deflate
      CommandName:
      - webapp create
      Connection:
      - keep-alive
      ParameterSetName:
      - -g -n --plan --deployment-source-url -r
      User-Agent:
      - python/3.6.5 (Windows-10-10.0.17134-SP0) msrest/0.6.10 msrest_azure/0.6.2
        azure-mgmt-web/0.42.0 Azure-SDK-For-Python AZURECLI/2.0.74
      accept-language:
      - en-US
    method: GET
    uri: https://management.azure.com/providers/Microsoft.Web/availableStacks?osTypeSelected=Windows&api-version=2018-02-01
  response:
    body:
      string: '{"value":[{"id":null,"name":"aspnet","type":"Microsoft.Web/availableStacks?osTypeSelected=Windows","properties":{"name":"aspnet","display":"ASP.NET","dependency":null,"majorVersions":[{"displayVersion":"V4.7","runtimeVersion":"v4.0","isDefault":true,"minorVersions":[],"applicationInsights":false,"isPreview":false,"isDeprecated":false,"isHidden":false},{"displayVersion":"V3.5","runtimeVersion":"v2.0","isDefault":false,"minorVersions":[],"applicationInsights":false,"isPreview":false,"isDeprecated":false,"isHidden":false}],"frameworks":[]}},{"id":null,"name":"dotnetcore","type":"Microsoft.Web/availableStacks?osTypeSelected=Windows","properties":{"name":"dotnetcore","display":".NET
        Core","dependency":null,"majorVersions":[{"displayVersion":"1.0","runtimeVersion":null,"isDefault":false,"minorVersions":[],"applicationInsights":false,"isPreview":false,"isDeprecated":false,"isHidden":false},{"displayVersion":"1.1","runtimeVersion":null,"isDefault":false,"minorVersions":[],"applicationInsights":false,"isPreview":false,"isDeprecated":false,"isHidden":false},{"displayVersion":"2.1","runtimeVersion":null,"isDefault":false,"minorVersions":[],"applicationInsights":false,"isPreview":false,"isDeprecated":false,"isHidden":false},{"displayVersion":"2.2","runtimeVersion":null,"isDefault":false,"minorVersions":[],"applicationInsights":false,"isPreview":false,"isDeprecated":false,"isHidden":false},{"displayVersion":"3.0","runtimeVersion":null,"isDefault":false,"minorVersions":[],"applicationInsights":false,"isPreview":false,"isDeprecated":false,"isHidden":false}],"frameworks":[]}},{"id":null,"name":"node","type":"Microsoft.Web/availableStacks?osTypeSelected=Windows","properties":{"name":"node","display":"Node","dependency":null,"majorVersions":[{"displayVersion":"0.6","runtimeVersion":"0.6","isDefault":false,"minorVersions":[{"displayVersion":"0.6.20","runtimeVersion":"0.6.20","isDefault":true,"isRemoteDebuggingEnabled":false}],"applicationInsights":false,"isPreview":false,"isDeprecated":false,"isHidden":false},{"displayVersion":"0.8","runtimeVersion":"0.8","isDefault":false,"minorVersions":[{"displayVersion":"0.8.2","runtimeVersion":"0.8.2","isDefault":false,"isRemoteDebuggingEnabled":false},{"displayVersion":"0.8.19","runtimeVersion":"0.8.19","isDefault":false,"isRemoteDebuggingEnabled":false},{"displayVersion":"0.8.26","runtimeVersion":"0.8.26","isDefault":false,"isRemoteDebuggingEnabled":false},{"displayVersion":"0.8.27","runtimeVersion":"0.8.27","isDefault":false,"isRemoteDebuggingEnabled":false},{"displayVersion":"0.8.28","runtimeVersion":"0.8.28","isDefault":true,"isRemoteDebuggingEnabled":false}],"applicationInsights":false,"isPreview":false,"isDeprecated":false,"isHidden":false},{"displayVersion":"0.10","runtimeVersion":"0.10","isDefault":false,"minorVersions":[{"displayVersion":"0.10.5","runtimeVersion":"0.10.5","isDefault":false,"isRemoteDebuggingEnabled":false},{"displayVersion":"0.10.18","runtimeVersion":"0.10.18","isDefault":false,"isRemoteDebuggingEnabled":false},{"displayVersion":"0.10.21","runtimeVersion":"0.10.21","isDefault":false,"isRemoteDebuggingEnabled":false},{"displayVersion":"0.10.24","runtimeVersion":"0.10.24","isDefault":false,"isRemoteDebuggingEnabled":false},{"displayVersion":"0.10.28","runtimeVersion":"0.10.28","isDefault":false,"isRemoteDebuggingEnabled":false},{"displayVersion":"0.10.29","runtimeVersion":"0.10.29","isDefault":false,"isRemoteDebuggingEnabled":false},{"displayVersion":"0.10.31","runtimeVersion":"0.10.31","isDefault":false,"isRemoteDebuggingEnabled":false},{"displayVersion":"0.10.32","runtimeVersion":"0.10.32","isDefault":false,"isRemoteDebuggingEnabled":false},{"displayVersion":"0.10.40","runtimeVersion":"0.10.40","isDefault":false,"isRemoteDebuggingEnabled":false},{"displayVersion":"0.10.5","runtimeVersion":"0.10.5","isDefault":true,"isRemoteDebuggingEnabled":false}],"applicationInsights":false,"isPreview":false,"isDeprecated":false,"isHidden":false},{"displayVersion":"0.12","runtimeVersion":"0.12","isDefault":false,"minorVersions":[{"displayVersion":"0.12.0","runtimeVersion":"0.12.0","isDefault":false,"isRemoteDebuggingEnabled":false},{"displayVersion":"0.12.2","runtimeVersion":"0.12.2","isDefault":false,"isRemoteDebuggingEnabled":false},{"displayVersion":"0.12.3","runtimeVersion":"0.12.3","isDefault":false,"isRemoteDebuggingEnabled":false},{"displayVersion":"0.12.6","runtimeVersion":"0.12.6","isDefault":true,"isRemoteDebuggingEnabled":false}],"applicationInsights":false,"isPreview":false,"isDeprecated":false,"isHidden":false},{"displayVersion":"4.8","runtimeVersion":"4.8","isDefault":false,"minorVersions":[],"applicationInsights":false,"isPreview":false,"isDeprecated":false,"isHidden":false},{"displayVersion":"6.5","runtimeVersion":"6.5","isDefault":false,"minorVersions":[{"displayVersion":"6.5.0","runtimeVersion":"6.5.0","isDefault":true,"isRemoteDebuggingEnabled":false}],"applicationInsights":false,"isPreview":false,"isDeprecated":false,"isHidden":false},{"displayVersion":"6.9","runtimeVersion":"6.9","isDefault":false,"minorVersions":[{"displayVersion":"6.9.1","runtimeVersion":"6.9.1","isDefault":false,"isRemoteDebuggingEnabled":false},{"displayVersion":"6.9.5","runtimeVersion":"6.9.5","isDefault":true,"isRemoteDebuggingEnabled":false}],"applicationInsights":false,"isPreview":false,"isDeprecated":false,"isHidden":false},{"displayVersion":"6.12","runtimeVersion":"6.12","isDefault":false,"minorVersions":[],"applicationInsights":false,"isPreview":false,"isDeprecated":false,"isHidden":false},{"displayVersion":"7.10","runtimeVersion":"7.10","isDefault":false,"minorVersions":[{"displayVersion":"7.10.1","runtimeVersion":"7.10.1","isDefault":true,"isRemoteDebuggingEnabled":false}],"applicationInsights":false,"isPreview":false,"isDeprecated":false,"isHidden":false},{"displayVersion":"8.1","runtimeVersion":"8.1","isDefault":false,"minorVersions":[{"displayVersion":"8.1.4","runtimeVersion":"8.1.4","isDefault":true,"isRemoteDebuggingEnabled":false}],"applicationInsights":false,"isPreview":false,"isDeprecated":false,"isHidden":false},{"displayVersion":"8.4","runtimeVersion":"8.4","isDefault":false,"minorVersions":[],"applicationInsights":false,"isPreview":false,"isDeprecated":false,"isHidden":false},{"displayVersion":"8.5","runtimeVersion":"8.5","isDefault":false,"minorVersions":[],"applicationInsights":false,"isPreview":false,"isDeprecated":false,"isHidden":false},{"displayVersion":"8.9","runtimeVersion":"8.9","isDefault":false,"minorVersions":[],"applicationInsights":false,"isPreview":false,"isDeprecated":false,"isHidden":false},{"displayVersion":"8.10","runtimeVersion":"8.10","isDefault":false,"minorVersions":[],"applicationInsights":false,"isPreview":false,"isDeprecated":false,"isHidden":false},{"displayVersion":"8.11","runtimeVersion":"8.11","isDefault":true,"minorVersions":[],"applicationInsights":false,"isPreview":false,"isDeprecated":false,"isHidden":false},{"displayVersion":"10.0","runtimeVersion":"10.0","isDefault":false,"minorVersions":[{"displayVersion":"10.0.0","runtimeVersion":"10.0.0","isDefault":false,"isRemoteDebuggingEnabled":false}],"applicationInsights":false,"isPreview":false,"isDeprecated":false,"isHidden":false},{"displayVersion":"10.6","runtimeVersion":"10.6","isDefault":false,"minorVersions":[{"displayVersion":"10.6.0","runtimeVersion":"10.6.0","isDefault":false,"isRemoteDebuggingEnabled":false}],"applicationInsights":false,"isPreview":false,"isDeprecated":false,"isHidden":false},{"displayVersion":"10.14","runtimeVersion":"10.14","isDefault":false,"minorVersions":[{"displayVersion":"10.14.0","runtimeVersion":"10.14.0","isDefault":false,"isRemoteDebuggingEnabled":false}],"applicationInsights":false,"isPreview":false,"isDeprecated":false,"isHidden":false},{"displayVersion":"10.15","runtimeVersion":"10.15","isDefault":false,"minorVersions":[{"displayVersion":"10.15.2","runtimeVersion":"10.15.2","isDefault":true,"isRemoteDebuggingEnabled":false}],"applicationInsights":false,"isPreview":false,"isDeprecated":false,"isHidden":false}],"frameworks":[]}},{"id":null,"name":"php","type":"Microsoft.Web/availableStacks?osTypeSelected=Windows","properties":{"name":"php","display":"PHP","dependency":null,"majorVersions":[{"displayVersion":"5.6","runtimeVersion":"5.6","isDefault":false,"minorVersions":[],"applicationInsights":false,"isPreview":false,"isDeprecated":false,"isHidden":false},{"displayVersion":"7.0","runtimeVersion":"7.0","isDefault":false,"minorVersions":[],"applicationInsights":false,"isPreview":false,"isDeprecated":false,"isHidden":false},{"displayVersion":"7.1","runtimeVersion":"7.1","isDefault":false,"minorVersions":[],"applicationInsights":false,"isPreview":false,"isDeprecated":false,"isHidden":false},{"displayVersion":"7.2","runtimeVersion":"7.2","isDefault":true,"minorVersions":[],"applicationInsights":false,"isPreview":false,"isDeprecated":false,"isHidden":false},{"displayVersion":"7.3","runtimeVersion":"7.3","isDefault":false,"minorVersions":[],"applicationInsights":false,"isPreview":false,"isDeprecated":false,"isHidden":false}],"frameworks":[]}},{"id":null,"name":"python","type":"Microsoft.Web/availableStacks?osTypeSelected=Windows","properties":{"name":"python","display":"Python","dependency":null,"majorVersions":[{"displayVersion":"2.7","runtimeVersion":"2.7","isDefault":false,"minorVersions":[{"displayVersion":"2.7","runtimeVersion":"2.7.3","isDefault":true,"isRemoteDebuggingEnabled":false}],"applicationInsights":false,"isPreview":false,"isDeprecated":false,"isHidden":false},{"displayVersion":"3.6","runtimeVersion":"3.4","isDefault":false,"minorVersions":[{"displayVersion":"3.6","runtimeVersion":"3.4.0","isDefault":true,"isRemoteDebuggingEnabled":false}],"applicationInsights":false,"isPreview":false,"isDeprecated":false,"isHidden":false}],"frameworks":[]}},{"id":null,"name":"java","type":"Microsoft.Web/availableStacks?osTypeSelected=Windows","properties":{"name":"java","display":"Java","dependency":null,"majorVersions":[{"displayVersion":"1.7","runtimeVersion":"1.7","isDefault":false,"minorVersions":[{"displayVersion":"1.7.0_51
        (Oracle)","runtimeVersion":"1.7.0_51","isDefault":false,"isRemoteDebuggingEnabled":false},{"displayVersion":"1.7.0_71
        (Oracle)","runtimeVersion":"1.7.0_71","isDefault":false,"isRemoteDebuggingEnabled":false},{"displayVersion":"1.7.0_80
        (Oracle)","runtimeVersion":"1.7.0_80","isDefault":false,"isRemoteDebuggingEnabled":false},{"displayVersion":"1.7.0_191
        (Azul)","runtimeVersion":"1.7.0_191_ZULU","isDefault":true,"isRemoteDebuggingEnabled":false},{"displayVersion":"1.7.0_222
        (Azul)","runtimeVersion":"1.7.0_222_ZULU","isDefault":false,"isRemoteDebuggingEnabled":false}],"applicationInsights":false,"isPreview":false,"isDeprecated":true,"isHidden":false},{"displayVersion":"1.8","runtimeVersion":"1.8","isDefault":true,"minorVersions":[{"displayVersion":"1.8.0_25
        (Oracle)","runtimeVersion":"1.8.0_25","isDefault":false,"isRemoteDebuggingEnabled":false},{"displayVersion":"1.8.0_60
        (Oracle)","runtimeVersion":"1.8.0_60","isDefault":false,"isRemoteDebuggingEnabled":false},{"displayVersion":"1.8.0_73
        (Oracle)","runtimeVersion":"1.8.0_73","isDefault":false,"isRemoteDebuggingEnabled":false},{"displayVersion":"1.8.0_92
        (Azul)","runtimeVersion":"1.8.0_92","isDefault":false,"isRemoteDebuggingEnabled":false},{"displayVersion":"1.8.0_102
        (Azul)","runtimeVersion":"1.8.0_102","isDefault":false,"isRemoteDebuggingEnabled":false},{"displayVersion":"1.8.0_111
        (Oracle)","runtimeVersion":"1.8.0_111","isDefault":false,"isRemoteDebuggingEnabled":false},{"displayVersion":"1.8.0_144
        (Azul)","runtimeVersion":"1.8.0_144","isDefault":false,"isRemoteDebuggingEnabled":false},{"displayVersion":"1.8.0_172
        (Oracle)","runtimeVersion":"1.8.0_172","isDefault":false,"isRemoteDebuggingEnabled":false},{"displayVersion":"1.8.0_172
        (Azul)","runtimeVersion":"1.8.0_172_ZULU","isDefault":false,"isRemoteDebuggingEnabled":false},{"displayVersion":"1.8.0_181
        (Oracle)","runtimeVersion":"1.8.0_181","isDefault":false,"isRemoteDebuggingEnabled":false},{"displayVersion":"1.8.0_181
        (Azul)","runtimeVersion":"1.8.0_181_ZULU","isDefault":false,"isRemoteDebuggingEnabled":false},{"displayVersion":"1.8.0_202
        (Oracle)","runtimeVersion":"1.8.0_202","isDefault":false,"isRemoteDebuggingEnabled":false},{"displayVersion":"1.8.0_202
        (Azul)","runtimeVersion":"1.8.0_202_ZULU","isDefault":true,"isRemoteDebuggingEnabled":false},{"displayVersion":"1.8.0_212
        (Azul)","runtimeVersion":"1.8.0_212_ZULU","isDefault":false,"isRemoteDebuggingEnabled":false}],"applicationInsights":false,"isPreview":false,"isDeprecated":false,"isHidden":false},{"displayVersion":"11","runtimeVersion":"11","isDefault":false,"minorVersions":[{"displayVersion":"11.0.2
        (Azul)","runtimeVersion":"11.0.2_ZULU","isDefault":true,"isRemoteDebuggingEnabled":false},{"displayVersion":"11.0.3
        (Azul)","runtimeVersion":"11.0.3_ZULU","isDefault":false,"isRemoteDebuggingEnabled":false}],"applicationInsights":false,"isPreview":false,"isDeprecated":false,"isHidden":false}],"frameworks":[]}},{"id":null,"name":"javaContainers","type":"Microsoft.Web/availableStacks?osTypeSelected=Windows","properties":{"name":"javaContainers","display":"Java","dependency":"java","majorVersions":[],"frameworks":[{"name":"tomcat","display":"Tomcat","dependency":null,"majorVersions":[{"displayVersion":"7.0","runtimeVersion":"7.0","isDefault":false,"minorVersions":[{"displayVersion":"7.0.50","runtimeVersion":"7.0.50","isDefault":false,"isRemoteDebuggingEnabled":false},{"displayVersion":"7.0.62","runtimeVersion":"7.0.62","isDefault":false,"isRemoteDebuggingEnabled":false},{"displayVersion":"7.0.81","runtimeVersion":"7.0.81","isDefault":true,"isRemoteDebuggingEnabled":false},{"displayVersion":"7.0.94","runtimeVersion":"7.0.94","isDefault":false,"isRemoteDebuggingEnabled":false}],"applicationInsights":false,"isPreview":false,"isDeprecated":true,"isHidden":false},{"displayVersion":"8.0","runtimeVersion":"8.0","isDefault":false,"minorVersions":[{"displayVersion":"8.0.23","runtimeVersion":"8.0.23","isDefault":false,"isRemoteDebuggingEnabled":false},{"displayVersion":"8.0.46","runtimeVersion":"8.0.46","isDefault":true,"isRemoteDebuggingEnabled":false},{"displayVersion":"8.0.53","runtimeVersion":"8.0.53","isDefault":false,"isRemoteDebuggingEnabled":false}],"applicationInsights":false,"isPreview":false,"isDeprecated":true,"isHidden":false},{"displayVersion":"8.5","runtimeVersion":"8.5","isDefault":false,"minorVersions":[{"displayVersion":"8.5.6","runtimeVersion":"8.5.6","isDefault":false,"isRemoteDebuggingEnabled":false},{"displayVersion":"8.5.20","runtimeVersion":"8.5.20","isDefault":false,"isRemoteDebuggingEnabled":false},{"displayVersion":"8.5.31","runtimeVersion":"8.5.31","isDefault":false,"isRemoteDebuggingEnabled":false},{"displayVersion":"8.5.34","runtimeVersion":"8.5.34","isDefault":false,"isRemoteDebuggingEnabled":false},{"displayVersion":"8.5.37","runtimeVersion":"8.5.37","isDefault":true,"isRemoteDebuggingEnabled":false},{"displayVersion":"8.5.42","runtimeVersion":"8.5.42","isDefault":false,"isRemoteDebuggingEnabled":false}],"applicationInsights":false,"isPreview":false,"isDeprecated":false,"isHidden":false},{"displayVersion":"9.0","runtimeVersion":"9.0","isDefault":true,"minorVersions":[{"displayVersion":"9.0.0","runtimeVersion":"9.0.0","isDefault":false,"isRemoteDebuggingEnabled":false},{"displayVersion":"9.0.8","runtimeVersion":"9.0.8","isDefault":false,"isRemoteDebuggingEnabled":false},{"displayVersion":"9.0.12","runtimeVersion":"9.0.12","isDefault":false,"isRemoteDebuggingEnabled":false},{"displayVersion":"9.0.14","runtimeVersion":"9.0.14","isDefault":true,"isRemoteDebuggingEnabled":false},{"displayVersion":"9.0.21","runtimeVersion":"9.0.21","isDefault":false,"isRemoteDebuggingEnabled":false}],"applicationInsights":false,"isPreview":false,"isDeprecated":false,"isHidden":false}],"frameworks":null},{"name":"jetty","display":"Jetty","dependency":null,"majorVersions":[{"displayVersion":"9.1","runtimeVersion":"9.1","isDefault":false,"minorVersions":[{"displayVersion":"9.1.0","runtimeVersion":"9.1.0.20131115","isDefault":true,"isRemoteDebuggingEnabled":false}],"applicationInsights":false,"isPreview":false,"isDeprecated":false,"isHidden":false},{"displayVersion":"9.3","runtimeVersion":"9.3","isDefault":true,"minorVersions":[{"displayVersion":"9.3.13","runtimeVersion":"9.3.13.20161014","isDefault":false,"isRemoteDebuggingEnabled":false},{"displayVersion":"9.3.25","runtimeVersion":"9.3.25.20180904","isDefault":true,"isRemoteDebuggingEnabled":false}],"applicationInsights":false,"isPreview":false,"isDeprecated":false,"isHidden":false}],"frameworks":null},{"name":"java","display":"Java
        SE","dependency":null,"majorVersions":[{"displayVersion":"8","runtimeVersion":"8","isDefault":false,"minorVersions":[],"applicationInsights":false,"isPreview":false,"isDeprecated":false,"isHidden":false}],"frameworks":null}]}}],"nextLink":null,"id":null}'
    headers:
      cache-control:
      - no-cache
      content-length:
      - '16883'
      content-type:
      - application/json
      date:
      - Sun, 13 Oct 2019 05:29:40 GMT
      expires:
      - '-1'
      pragma:
      - no-cache
      server:
      - Microsoft-IIS/10.0
      strict-transport-security:
      - max-age=31536000; includeSubDomains
      transfer-encoding:
      - chunked
      vary:
      - Accept-Encoding
      x-aspnet-version:
      - 4.0.30319
      x-content-type-options:
      - nosniff
      x-powered-by:
      - ASP.NET
    status:
      code: 200
      message: OK
- request:
    body: 'b''{"location": "West US", "properties": {"serverFarmId": "/subscriptions/00000000-0000-0000-0000-000000000000/resourceGroups/clitest.rg000001/providers/Microsoft.Web/serverfarms/win-log000003",
      "reserved": false, "isXenon": false, "hyperV": false, "siteConfig": {"netFrameworkVersion":
      "v4.6", "appSettings": [{"name": "WEBSITE_NODE_DEFAULT_VERSION", "value": "6.12"}],
      "localMySqlEnabled": false, "http20Enabled": true}, "scmSiteAlsoStopped": false}}'''
    headers:
      Accept:
      - application/json
      Accept-Encoding:
      - gzip, deflate
      CommandName:
      - webapp create
      Connection:
      - keep-alive
      Content-Length:
      - '519'
      Content-Type:
      - application/json; charset=utf-8
      ParameterSetName:
      - -g -n --plan --deployment-source-url -r
      User-Agent:
      - python/3.6.5 (Windows-10-10.0.17134-SP0) msrest/0.6.10 msrest_azure/0.6.2
        azure-mgmt-web/0.42.0 Azure-SDK-For-Python AZURECLI/2.0.74
      accept-language:
      - en-US
    method: PUT
    uri: https://management.azure.com/subscriptions/00000000-0000-0000-0000-000000000000/resourceGroups/clitest.rg000001/providers/Microsoft.Web/sites/webapp-win-log000002?api-version=2018-11-01
  response:
    body:
      string: '{"id":"/subscriptions/00000000-0000-0000-0000-000000000000/resourceGroups/clitest.rg000001/providers/Microsoft.Web/sites/webapp-win-log000002","name":"webapp-win-log000002","type":"Microsoft.Web/sites","kind":"app","location":"West
        US","properties":{"name":"webapp-win-log000002","state":"Running","hostNames":["webapp-win-log000002.azurewebsites.net"],"webSpace":"clitest.rg000001-WestUSwebspace","selfLink":"https://waws-prod-bay-015.api.azurewebsites.windows.net:454/subscriptions/00000000-0000-0000-0000-000000000000/webspaces/clitest.rg000001-WestUSwebspace/sites/webapp-win-log000002","repositorySiteName":"webapp-win-log000002","owner":null,"usageState":"Normal","enabled":true,"adminEnabled":true,"enabledHostNames":["webapp-win-log000002.azurewebsites.net","webapp-win-log000002.scm.azurewebsites.net"],"siteProperties":{"metadata":null,"properties":[{"name":"LinuxFxVersion","value":""},{"name":"WindowsFxVersion","value":null}],"appSettings":null},"availabilityState":"Normal","sslCertificates":null,"csrs":[],"cers":null,"siteMode":null,"hostNameSslStates":[{"name":"webapp-win-log000002.azurewebsites.net","sslState":"Disabled","ipBasedSslResult":null,"virtualIP":null,"thumbprint":null,"toUpdate":null,"toUpdateIpBasedSsl":null,"ipBasedSslState":"NotConfigured","hostType":"Standard"},{"name":"webapp-win-log000002.scm.azurewebsites.net","sslState":"Disabled","ipBasedSslResult":null,"virtualIP":null,"thumbprint":null,"toUpdate":null,"toUpdateIpBasedSsl":null,"ipBasedSslState":"NotConfigured","hostType":"Repository"}],"computeMode":null,"serverFarm":null,"serverFarmId":"/subscriptions/00000000-0000-0000-0000-000000000000/resourceGroups/clitest.rg000001/providers/Microsoft.Web/serverfarms/win-log000003","reserved":false,"isXenon":false,"hyperV":false,"lastModifiedTimeUtc":"2019-10-13T05:29:42.353","storageRecoveryDefaultState":"Running","contentAvailabilityState":"Normal","runtimeAvailabilityState":"Normal","siteConfig":null,"deploymentId":"webapp-win-log000002","trafficManagerHostNames":null,"sku":"Basic","scmSiteAlsoStopped":false,"targetSwapSlot":null,"hostingEnvironment":null,"hostingEnvironmentProfile":null,"clientAffinityEnabled":true,"clientCertEnabled":false,"clientCertExclusionPaths":null,"hostNamesDisabled":false,"domainVerificationIdentifiers":null,"kind":"app","inboundIpAddress":"23.100.46.198","possibleInboundIpAddresses":"23.100.46.198","outboundIpAddresses":"23.100.40.244,23.100.40.246,23.100.40.2,23.100.32.186","possibleOutboundIpAddresses":"23.100.40.244,23.100.40.246,23.100.40.2,23.100.32.186","containerSize":0,"dailyMemoryTimeQuota":0,"suspendedTill":null,"siteDisabledReason":0,"functionExecutionUnitsCache":null,"maxNumberOfWorkers":null,"homeStamp":"waws-prod-bay-015","cloningInfo":null,"hostingEnvironmentId":null,"tags":null,"resourceGroup":"clitest.rg000001","defaultHostName":"webapp-win-log000002.azurewebsites.net","slotSwapStatus":null,"httpsOnly":false,"redundancyMode":"None","inProgressOperationId":null,"geoDistributions":null,"privateEndpointConnections":null,"buildVersion":null,"targetBuildVersion":null}}'
    headers:
      cache-control:
      - no-cache
      content-length:
      - '3432'
      content-type:
      - application/json
      date:
      - Sun, 13 Oct 2019 05:29:58 GMT
      etag:
      - '"1D581873788ADD0"'
      expires:
      - '-1'
      pragma:
      - no-cache
      server:
      - Microsoft-IIS/10.0
      strict-transport-security:
      - max-age=31536000; includeSubDomains
      transfer-encoding:
      - chunked
      vary:
      - Accept-Encoding
      x-aspnet-version:
      - 4.0.30319
      x-content-type-options:
      - nosniff
      x-ms-ratelimit-remaining-subscription-resource-requests:
      - '499'
      x-powered-by:
      - ASP.NET
    status:
      code: 200
      message: OK
- request:
    body: null
    headers:
      Accept:
      - application/json
      Accept-Encoding:
      - gzip, deflate
      CommandName:
      - webapp create
      Connection:
      - keep-alive
      ParameterSetName:
      - -g -n --plan --deployment-source-url -r
      User-Agent:
      - python/3.6.5 (Windows-10-10.0.17134-SP0) msrest/0.6.10 msrest_azure/0.6.2
        azure-mgmt-web/0.42.0 Azure-SDK-For-Python AZURECLI/2.0.74
      accept-language:
      - en-US
    method: GET
    uri: https://management.azure.com/subscriptions/00000000-0000-0000-0000-000000000000/resourceGroups/clitest.rg000001/providers/Microsoft.Web/sites/webapp-win-log000002?api-version=2018-11-01
  response:
    body:
      string: '{"id":"/subscriptions/00000000-0000-0000-0000-000000000000/resourceGroups/clitest.rg000001/providers/Microsoft.Web/sites/webapp-win-log000002","name":"webapp-win-log000002","type":"Microsoft.Web/sites","kind":"app","location":"West
        US","properties":{"name":"webapp-win-log000002","state":"Running","hostNames":["webapp-win-log000002.azurewebsites.net"],"webSpace":"clitest.rg000001-WestUSwebspace","selfLink":"https://waws-prod-bay-015.api.azurewebsites.windows.net:454/subscriptions/00000000-0000-0000-0000-000000000000/webspaces/clitest.rg000001-WestUSwebspace/sites/webapp-win-log000002","repositorySiteName":"webapp-win-log000002","owner":null,"usageState":"Normal","enabled":true,"adminEnabled":true,"enabledHostNames":["webapp-win-log000002.azurewebsites.net","webapp-win-log000002.scm.azurewebsites.net"],"siteProperties":{"metadata":null,"properties":[{"name":"LinuxFxVersion","value":""},{"name":"WindowsFxVersion","value":null}],"appSettings":null},"availabilityState":"Normal","sslCertificates":null,"csrs":[],"cers":null,"siteMode":null,"hostNameSslStates":[{"name":"webapp-win-log000002.azurewebsites.net","sslState":"Disabled","ipBasedSslResult":null,"virtualIP":null,"thumbprint":null,"toUpdate":null,"toUpdateIpBasedSsl":null,"ipBasedSslState":"NotConfigured","hostType":"Standard"},{"name":"webapp-win-log000002.scm.azurewebsites.net","sslState":"Disabled","ipBasedSslResult":null,"virtualIP":null,"thumbprint":null,"toUpdate":null,"toUpdateIpBasedSsl":null,"ipBasedSslState":"NotConfigured","hostType":"Repository"}],"computeMode":null,"serverFarm":null,"serverFarmId":"/subscriptions/00000000-0000-0000-0000-000000000000/resourceGroups/clitest.rg000001/providers/Microsoft.Web/serverfarms/win-log000003","reserved":false,"isXenon":false,"hyperV":false,"lastModifiedTimeUtc":"2019-10-13T05:29:42.957","storageRecoveryDefaultState":"Running","contentAvailabilityState":"Normal","runtimeAvailabilityState":"Normal","siteConfig":null,"deploymentId":"webapp-win-log000002","trafficManagerHostNames":null,"sku":"Basic","scmSiteAlsoStopped":false,"targetSwapSlot":null,"hostingEnvironment":null,"hostingEnvironmentProfile":null,"clientAffinityEnabled":true,"clientCertEnabled":false,"clientCertExclusionPaths":null,"hostNamesDisabled":false,"domainVerificationIdentifiers":null,"kind":"app","inboundIpAddress":"23.100.46.198","possibleInboundIpAddresses":"23.100.46.198","outboundIpAddresses":"23.100.40.244,23.100.40.246,23.100.40.2,23.100.32.186","possibleOutboundIpAddresses":"23.100.40.244,23.100.40.246,23.100.40.2,23.100.32.186","containerSize":0,"dailyMemoryTimeQuota":0,"suspendedTill":null,"siteDisabledReason":0,"functionExecutionUnitsCache":null,"maxNumberOfWorkers":null,"homeStamp":"waws-prod-bay-015","cloningInfo":null,"hostingEnvironmentId":null,"tags":null,"resourceGroup":"clitest.rg000001","defaultHostName":"webapp-win-log000002.azurewebsites.net","slotSwapStatus":null,"httpsOnly":false,"redundancyMode":"None","inProgressOperationId":null,"geoDistributions":null,"privateEndpointConnections":[],"buildVersion":null,"targetBuildVersion":null}}'
    headers:
      cache-control:
      - no-cache
      content-length:
      - '3430'
      content-type:
      - application/json
      date:
      - Sun, 13 Oct 2019 05:29:59 GMT
      etag:
      - '"1D581873788ADD0"'
      expires:
      - '-1'
      pragma:
      - no-cache
      server:
      - Microsoft-IIS/10.0
      strict-transport-security:
      - max-age=31536000; includeSubDomains
      transfer-encoding:
      - chunked
      vary:
      - Accept-Encoding
      x-aspnet-version:
      - 4.0.30319
      x-content-type-options:
      - nosniff
      x-powered-by:
      - ASP.NET
    status:
      code: 200
      message: OK
- request:
    body: '{"properties": {"repoUrl": "https://github.com/yugangw-msft/azure-site-test.git",
      "branch": "master", "isManualIntegration": true, "isMercurial": false}}'
    headers:
      Accept:
      - application/json
      Accept-Encoding:
      - gzip, deflate
      CommandName:
      - webapp create
      Connection:
      - keep-alive
      Content-Length:
      - '153'
      Content-Type:
      - application/json; charset=utf-8
      ParameterSetName:
      - -g -n --plan --deployment-source-url -r
      User-Agent:
      - python/3.6.5 (Windows-10-10.0.17134-SP0) msrest/0.6.10 msrest_azure/0.6.2
        azure-mgmt-web/0.42.0 Azure-SDK-For-Python AZURECLI/2.0.74
      accept-language:
      - en-US
    method: PUT
    uri: https://management.azure.com/subscriptions/00000000-0000-0000-0000-000000000000/resourceGroups/clitest.rg000001/providers/Microsoft.Web/sites/webapp-win-log000002/sourcecontrols/web?api-version=2018-11-01
  response:
    body:
      string: '{"id":"/subscriptions/00000000-0000-0000-0000-000000000000/resourceGroups/clitest.rg000001/providers/Microsoft.Web/sites/webapp-win-log000002/sourcecontrols/web","name":"webapp-win-log000002","type":"Microsoft.Web/sites/sourcecontrols","location":"West
        US","properties":{"repoUrl":"https://github.com/yugangw-msft/azure-site-test.git","branch":"master","isManualIntegration":true,"deploymentRollbackEnabled":false,"isMercurial":false,"provisioningState":"InProgress"}}'
    headers:
      cache-control:
      - no-cache
      content-length:
      - '535'
      content-type:
      - application/json
      date:
      - Sun, 13 Oct 2019 05:30:11 GMT
      etag:
      - '"1D5818748BAD6F0"'
      expires:
      - '-1'
      pragma:
      - no-cache
      server:
      - Microsoft-IIS/10.0
      strict-transport-security:
      - max-age=31536000; includeSubDomains
      x-aspnet-version:
      - 4.0.30319
      x-content-type-options:
      - nosniff
      x-ms-ratelimit-remaining-subscription-writes:
      - '1198'
      x-powered-by:
      - ASP.NET
    status:
      code: 201
      message: Created
- request:
    body: null
    headers:
      Accept:
      - application/json
      Accept-Encoding:
      - gzip, deflate
      CommandName:
      - webapp create
      Connection:
      - keep-alive
      ParameterSetName:
      - -g -n --plan --deployment-source-url -r
      User-Agent:
      - python/3.6.5 (Windows-10-10.0.17134-SP0) msrest/0.6.10 msrest_azure/0.6.2
        azure-mgmt-web/0.42.0 Azure-SDK-For-Python AZURECLI/2.0.74
    method: GET
    uri: https://management.azure.com/subscriptions/00000000-0000-0000-0000-000000000000/resourceGroups/clitest.rg000001/providers/Microsoft.Web/sites/webapp-win-log000002/sourcecontrols/web?api-version=2018-11-01
  response:
    body:
      string: '{"id":"/subscriptions/00000000-0000-0000-0000-000000000000/resourceGroups/clitest.rg000001/providers/Microsoft.Web/sites/webapp-win-log000002/sourcecontrols/web","name":"webapp-win-log000002","type":"Microsoft.Web/sites/sourcecontrols","location":"West
        US","properties":{"repoUrl":"https://github.com/yugangw-msft/azure-site-test.git","branch":"master","isManualIntegration":true,"deploymentRollbackEnabled":false,"isMercurial":false,"provisioningState":"InProgress","provisioningDetails":"2019-10-13T05:30:35.3179446
        https://webapp-win-log000002.scm.azurewebsites.net/api/deployments/latest?deployer=GitHub&time=2019-10-13_05-30-24Z"}}'
    headers:
      cache-control:
      - no-cache
      content-length:
      - '707'
      content-type:
      - application/json
      date:
      - Sun, 13 Oct 2019 05:30:42 GMT
      etag:
      - '"1D5818748BAD6F0"'
      expires:
      - '-1'
      pragma:
      - no-cache
      server:
      - Microsoft-IIS/10.0
      strict-transport-security:
      - max-age=31536000; includeSubDomains
      transfer-encoding:
      - chunked
      vary:
      - Accept-Encoding
      x-aspnet-version:
      - 4.0.30319
      x-content-type-options:
      - nosniff
      x-powered-by:
      - ASP.NET
    status:
      code: 200
      message: OK
- request:
    body: null
    headers:
      Accept:
      - application/json
      Accept-Encoding:
      - gzip, deflate
      CommandName:
      - webapp create
      Connection:
      - keep-alive
      ParameterSetName:
      - -g -n --plan --deployment-source-url -r
      User-Agent:
      - python/3.6.5 (Windows-10-10.0.17134-SP0) msrest/0.6.10 msrest_azure/0.6.2
        azure-mgmt-web/0.42.0 Azure-SDK-For-Python AZURECLI/2.0.74
    method: GET
    uri: https://management.azure.com/subscriptions/00000000-0000-0000-0000-000000000000/resourceGroups/clitest.rg000001/providers/Microsoft.Web/sites/webapp-win-log000002/sourcecontrols/web?api-version=2018-11-01
  response:
    body:
      string: '{"id":"/subscriptions/00000000-0000-0000-0000-000000000000/resourceGroups/clitest.rg000001/providers/Microsoft.Web/sites/webapp-win-log000002/sourcecontrols/web","name":"webapp-win-log000002","type":"Microsoft.Web/sites/sourcecontrols","location":"West
        US","properties":{"repoUrl":"https://github.com/yugangw-msft/azure-site-test.git","branch":"master","isManualIntegration":true,"deploymentRollbackEnabled":false,"isMercurial":false,"provisioningState":"Succeeded"}}'
    headers:
      cache-control:
      - no-cache
      content-length:
      - '534'
      content-type:
      - application/json
      date:
      - Sun, 13 Oct 2019 05:31:12 GMT
      etag:
      - '"1D5818748BAD6F0"'
      expires:
      - '-1'
      pragma:
      - no-cache
      server:
      - Microsoft-IIS/10.0
      strict-transport-security:
      - max-age=31536000; includeSubDomains
      transfer-encoding:
      - chunked
      vary:
      - Accept-Encoding
      x-aspnet-version:
      - 4.0.30319
      x-content-type-options:
      - nosniff
      x-powered-by:
      - ASP.NET
    status:
      code: 200
      message: OK
- request:
    body: '{}'
    headers:
      Accept:
      - application/xml
      Accept-Encoding:
      - gzip, deflate
      CommandName:
      - webapp create
      Connection:
      - keep-alive
      Content-Length:
      - '2'
      Content-Type:
      - application/json; charset=utf-8
      ParameterSetName:
      - -g -n --plan --deployment-source-url -r
      User-Agent:
      - python/3.6.5 (Windows-10-10.0.17134-SP0) msrest/0.6.10 msrest_azure/0.6.2
        azure-mgmt-web/0.42.0 Azure-SDK-For-Python AZURECLI/2.0.74
      accept-language:
      - en-US
    method: POST
    uri: https://management.azure.com/subscriptions/00000000-0000-0000-0000-000000000000/resourceGroups/clitest.rg000001/providers/Microsoft.Web/sites/webapp-win-log000002/publishxml?api-version=2018-11-01
  response:
    body:
      string: <publishData><publishProfile profileName="webapp-win-log000002 - Web
        Deploy" publishMethod="MSDeploy" publishUrl="webapp-win-log000002.scm.azurewebsites.net:443"
        msdeploySite="webapp-win-log000002" userName="$webapp-win-log000002" userPWD="ZmbsZNs6yLjnXyEbqsukEDSkiy1jvRCgTmzrPHTfFXtEeXfRaYctnAPejtZj"
        destinationAppUrl="http://webapp-win-log000002.azurewebsites.net" SQLServerDBConnectionString=""
        mySQLDBConnectionString="" hostingProviderForumLink="" controlPanelLink="http://windows.azure.com"
        webSystem="WebSites"><databases /></publishProfile><publishProfile profileName="webapp-win-log000002
        - FTP" publishMethod="FTP" publishUrl="ftp://waws-prod-bay-015.ftp.azurewebsites.windows.net/site/wwwroot"
        ftpPassiveMode="True" userName="webapp-win-log000002\$webapp-win-log000002"
        userPWD="ZmbsZNs6yLjnXyEbqsukEDSkiy1jvRCgTmzrPHTfFXtEeXfRaYctnAPejtZj" destinationAppUrl="http://webapp-win-log000002.azurewebsites.net"
        SQLServerDBConnectionString="" mySQLDBConnectionString="" hostingProviderForumLink=""
        controlPanelLink="http://windows.azure.com" webSystem="WebSites"><databases
        /></publishProfile><publishProfile profileName="webapp-win-log000002 - ReadOnly
        - FTP" publishMethod="FTP" publishUrl="ftp://waws-prod-bay-015dr.ftp.azurewebsites.windows.net/site/wwwroot"
        ftpPassiveMode="True" userName="webapp-win-log000002\$webapp-win-log000002"
        userPWD="ZmbsZNs6yLjnXyEbqsukEDSkiy1jvRCgTmzrPHTfFXtEeXfRaYctnAPejtZj" destinationAppUrl="http://webapp-win-log000002.azurewebsites.net"
        SQLServerDBConnectionString="" mySQLDBConnectionString="" hostingProviderForumLink=""
        controlPanelLink="http://windows.azure.com" webSystem="WebSites"><databases
        /></publishProfile></publishData>
    headers:
      cache-control:
      - no-cache
      content-length:
      - '1730'
      content-type:
      - application/xml
      date:
      - Sun, 13 Oct 2019 05:31:13 GMT
      expires:
      - '-1'
      pragma:
      - no-cache
      server:
      - Microsoft-IIS/10.0
      strict-transport-security:
      - max-age=31536000; includeSubDomains
      x-aspnet-version:
      - 4.0.30319
      x-content-type-options:
      - nosniff
      x-ms-ratelimit-remaining-subscription-resource-requests:
      - '11999'
      x-powered-by:
      - ASP.NET
    status:
      code: 200
      message: OK
- request:
    body: null
    headers:
      Accept:
      - application/json
      Accept-Encoding:
      - gzip, deflate
      CommandName:
      - webapp log download
      Connection:
      - keep-alive
      ParameterSetName:
      - -g -n --log-file
      User-Agent:
      - python/3.6.5 (Windows-10-10.0.17134-SP0) msrest/0.6.10 msrest_azure/0.6.2
        azure-mgmt-web/0.42.0 Azure-SDK-For-Python AZURECLI/2.0.74
      accept-language:
      - en-US
    method: GET
    uri: https://management.azure.com/subscriptions/00000000-0000-0000-0000-000000000000/resourceGroups/clitest.rg000001/providers/Microsoft.Web/sites/webapp-win-log000002?api-version=2018-11-01
  response:
    body:
      string: '{"id":"/subscriptions/00000000-0000-0000-0000-000000000000/resourceGroups/clitest.rg000001/providers/Microsoft.Web/sites/webapp-win-log000002","name":"webapp-win-log000002","type":"Microsoft.Web/sites","kind":"app","location":"West
        US","properties":{"name":"webapp-win-log000002","state":"Running","hostNames":["webapp-win-log000002.azurewebsites.net"],"webSpace":"clitest.rg000001-WestUSwebspace","selfLink":"https://waws-prod-bay-015.api.azurewebsites.windows.net:454/subscriptions/00000000-0000-0000-0000-000000000000/webspaces/clitest.rg000001-WestUSwebspace/sites/webapp-win-log000002","repositorySiteName":"webapp-win-log000002","owner":null,"usageState":"Normal","enabled":true,"adminEnabled":true,"enabledHostNames":["webapp-win-log000002.azurewebsites.net","webapp-win-log000002.scm.azurewebsites.net"],"siteProperties":{"metadata":null,"properties":[{"name":"LinuxFxVersion","value":""},{"name":"WindowsFxVersion","value":null}],"appSettings":null},"availabilityState":"Normal","sslCertificates":null,"csrs":[],"cers":null,"siteMode":null,"hostNameSslStates":[{"name":"webapp-win-log000002.azurewebsites.net","sslState":"Disabled","ipBasedSslResult":null,"virtualIP":null,"thumbprint":null,"toUpdate":null,"toUpdateIpBasedSsl":null,"ipBasedSslState":"NotConfigured","hostType":"Standard"},{"name":"webapp-win-log000002.scm.azurewebsites.net","sslState":"Disabled","ipBasedSslResult":null,"virtualIP":null,"thumbprint":null,"toUpdate":null,"toUpdateIpBasedSsl":null,"ipBasedSslState":"NotConfigured","hostType":"Repository"}],"computeMode":null,"serverFarm":null,"serverFarmId":"/subscriptions/00000000-0000-0000-0000-000000000000/resourceGroups/clitest.rg000001/providers/Microsoft.Web/serverfarms/win-log000003","reserved":false,"isXenon":false,"hyperV":false,"lastModifiedTimeUtc":"2019-10-13T05:30:11.807","storageRecoveryDefaultState":"Running","contentAvailabilityState":"Normal","runtimeAvailabilityState":"Normal","siteConfig":null,"deploymentId":"webapp-win-log000002","trafficManagerHostNames":null,"sku":"Basic","scmSiteAlsoStopped":false,"targetSwapSlot":null,"hostingEnvironment":null,"hostingEnvironmentProfile":null,"clientAffinityEnabled":true,"clientCertEnabled":false,"clientCertExclusionPaths":null,"hostNamesDisabled":false,"domainVerificationIdentifiers":null,"kind":"app","inboundIpAddress":"23.100.46.198","possibleInboundIpAddresses":"23.100.46.198","outboundIpAddresses":"23.100.40.244,23.100.40.246,23.100.40.2,23.100.32.186","possibleOutboundIpAddresses":"23.100.40.244,23.100.40.246,23.100.40.2,23.100.32.186","containerSize":0,"dailyMemoryTimeQuota":0,"suspendedTill":null,"siteDisabledReason":0,"functionExecutionUnitsCache":null,"maxNumberOfWorkers":null,"homeStamp":"waws-prod-bay-015","cloningInfo":null,"hostingEnvironmentId":null,"tags":null,"resourceGroup":"clitest.rg000001","defaultHostName":"webapp-win-log000002.azurewebsites.net","slotSwapStatus":null,"httpsOnly":false,"redundancyMode":"None","inProgressOperationId":null,"geoDistributions":null,"privateEndpointConnections":[],"buildVersion":null,"targetBuildVersion":null}}'
    headers:
      cache-control:
      - no-cache
      content-length:
      - '3430'
      content-type:
      - application/json
      date:
      - Sun, 13 Oct 2019 05:31:43 GMT
      etag:
      - '"1D5818748BAD6F0"'
      expires:
      - '-1'
      pragma:
      - no-cache
      server:
      - Microsoft-IIS/10.0
      strict-transport-security:
      - max-age=31536000; includeSubDomains
      transfer-encoding:
      - chunked
      vary:
      - Accept-Encoding
      x-aspnet-version:
      - 4.0.30319
      x-content-type-options:
      - nosniff
      x-powered-by:
      - ASP.NET
    status:
      code: 200
      message: OK
- request:
    body: '{}'
    headers:
      Accept:
      - application/xml
      Accept-Encoding:
      - gzip, deflate
      CommandName:
      - webapp log download
      Connection:
      - keep-alive
      Content-Length:
      - '2'
      Content-Type:
      - application/json; charset=utf-8
      ParameterSetName:
      - -g -n --log-file
      User-Agent:
      - python/3.6.5 (Windows-10-10.0.17134-SP0) msrest/0.6.10 msrest_azure/0.6.2
        azure-mgmt-web/0.42.0 Azure-SDK-For-Python AZURECLI/2.0.74
      accept-language:
      - en-US
    method: POST
    uri: https://management.azure.com/subscriptions/00000000-0000-0000-0000-000000000000/resourceGroups/clitest.rg000001/providers/Microsoft.Web/sites/webapp-win-log000002/publishxml?api-version=2018-11-01
  response:
    body:
      string: <publishData><publishProfile profileName="webapp-win-log000002 - Web
        Deploy" publishMethod="MSDeploy" publishUrl="webapp-win-log000002.scm.azurewebsites.net:443"
        msdeploySite="webapp-win-log000002" userName="$webapp-win-log000002" userPWD="ZmbsZNs6yLjnXyEbqsukEDSkiy1jvRCgTmzrPHTfFXtEeXfRaYctnAPejtZj"
        destinationAppUrl="http://webapp-win-log000002.azurewebsites.net" SQLServerDBConnectionString=""
        mySQLDBConnectionString="" hostingProviderForumLink="" controlPanelLink="http://windows.azure.com"
        webSystem="WebSites"><databases /></publishProfile><publishProfile profileName="webapp-win-log000002
        - FTP" publishMethod="FTP" publishUrl="ftp://waws-prod-bay-015.ftp.azurewebsites.windows.net/site/wwwroot"
        ftpPassiveMode="True" userName="webapp-win-log000002\$webapp-win-log000002"
        userPWD="ZmbsZNs6yLjnXyEbqsukEDSkiy1jvRCgTmzrPHTfFXtEeXfRaYctnAPejtZj" destinationAppUrl="http://webapp-win-log000002.azurewebsites.net"
        SQLServerDBConnectionString="" mySQLDBConnectionString="" hostingProviderForumLink=""
        controlPanelLink="http://windows.azure.com" webSystem="WebSites"><databases
        /></publishProfile><publishProfile profileName="webapp-win-log000002 - ReadOnly
        - FTP" publishMethod="FTP" publishUrl="ftp://waws-prod-bay-015dr.ftp.azurewebsites.windows.net/site/wwwroot"
        ftpPassiveMode="True" userName="webapp-win-log000002\$webapp-win-log000002"
        userPWD="ZmbsZNs6yLjnXyEbqsukEDSkiy1jvRCgTmzrPHTfFXtEeXfRaYctnAPejtZj" destinationAppUrl="http://webapp-win-log000002.azurewebsites.net"
        SQLServerDBConnectionString="" mySQLDBConnectionString="" hostingProviderForumLink=""
        controlPanelLink="http://windows.azure.com" webSystem="WebSites"><databases
        /></publishProfile></publishData>
    headers:
      cache-control:
      - no-cache
      content-length:
      - '1730'
      content-type:
      - application/xml
      date:
      - Sun, 13 Oct 2019 05:31:44 GMT
      expires:
      - '-1'
      pragma:
      - no-cache
      server:
      - Microsoft-IIS/10.0
      strict-transport-security:
      - max-age=31536000; includeSubDomains
      x-aspnet-version:
      - 4.0.30319
      x-content-type-options:
      - nosniff
      x-ms-ratelimit-remaining-subscription-resource-requests:
      - '11999'
      x-powered-by:
      - ASP.NET
    status:
      code: 200
      message: OK
- request:
    body: null
    headers:
      Accept:
      - application/json
      Accept-Encoding:
      - gzip, deflate
      CommandName:
      - webapp log download
      Connection:
      - keep-alive
      Content-Length:
      - '0'
      ParameterSetName:
      - -g -n --log-file
      User-Agent:
      - python/3.6.5 (Windows-10-10.0.17134-SP0) msrest/0.6.10 msrest_azure/0.6.2
        azure-mgmt-web/0.42.0 Azure-SDK-For-Python AZURECLI/2.0.74
      accept-language:
      - en-US
    method: POST
    uri: https://management.azure.com/subscriptions/00000000-0000-0000-0000-000000000000/resourceGroups/clitest.rg000001/providers/Microsoft.Web/sites/webapp-win-log000002/config/publishingcredentials/list?api-version=2018-11-01
  response:
    body:
      string: '{"id":"/subscriptions/00000000-0000-0000-0000-000000000000/resourceGroups/clitest.rg000001/providers/Microsoft.Web/sites/webapp-win-log000002/publishingcredentials/$webapp-win-log000002","name":"webapp-win-log000002","type":"Microsoft.Web/sites/publishingcredentials","location":"West
        US","properties":{"name":null,"publishingUserName":"$webapp-win-log000002","publishingPassword":"ZmbsZNs6yLjnXyEbqsukEDSkiy1jvRCgTmzrPHTfFXtEeXfRaYctnAPejtZj","publishingPasswordHash":null,"publishingPasswordHashSalt":null,"metadata":null,"isDeleted":false,"scmUri":"https://$webapp-win-log000002:ZmbsZNs6yLjnXyEbqsukEDSkiy1jvRCgTmzrPHTfFXtEeXfRaYctnAPejtZj@webapp-win-log000002.scm.azurewebsites.net"}}'
    headers:
      cache-control:
      - no-cache
      content-length:
      - '771'
      content-type:
      - application/json
      date:
      - Sun, 13 Oct 2019 05:31:45 GMT
      expires:
      - '-1'
      pragma:
      - no-cache
      server:
      - Microsoft-IIS/10.0
      strict-transport-security:
      - max-age=31536000; includeSubDomains
      transfer-encoding:
      - chunked
      vary:
      - Accept-Encoding
      x-aspnet-version:
      - 4.0.30319
      x-content-type-options:
      - nosniff
      x-ms-ratelimit-remaining-subscription-resource-requests:
      - '11999'
      x-powered-by:
      - ASP.NET
    status:
      code: 200
      message: OK
- request:
    body: null
    headers: {}
    method: GET
    uri: https://webapp-win-log000002.scm.azurewebsites.net/dump
  response:
    body:
      string: !!binary |
        UEsDBBQACAAIANsrTU8AAAAAAAAAAAAAAAASAAAAZGVwbG95bWVudHMvYWN0aXZlDcGBDQAgCAOw
        l5CMyM7RZfx/grZSYz7mIQKyi2V3K5a1mciZG/sBUEsHCFX9O3cnAAAAKAAAAFBLAwQUAAgACADa
        K01PAAAAAAAAAAAAAAAAPAAAAGRlcGxveW1lbnRzL2NjODRmZmZmOTJhOTQwNGNlZTU5NWVlODhj
        MDFlYzc5MjQyZmZiMDcvbG9nLmxvZ61YXY7cuBF+ToDcQfBDPAs0GZEiRWryMgvb2QBJjIW9iwWM
        ARZsiepWVi12JLVnO085hB9zlSB32QvkCvmo7pGoGbfiGcQ2bNdQ9dVXPywWyWOWERYTlnwXy+sk
        vuYpZYKLjGUfVt/vC9NXzSbqDuudKw617ehKGLW2VitijNZEqDglRrGSlFqvk0Ibs87UKv7Nr/nn
        kDMpYs4+rL5t7d60Hrqw+9odd7bpo9K1Ue52u6qPqiJ6medalPiV8Zd0tS5EJuI4I0IzToQsYpJl
        KSe20IWNuVmXxlyyKphgiscfVt/YxrYnjwKzXd5W+56ulMllwZgmeZELOCYykpXWEJUbmXOZpqy0
        3sSvPueZSBOlMomYdd6rfmvhTl27Oy95p0xTRL2LNicKNvT7ROA6emn+fmht1FV9uHxajcgxIqRx
        pHA9CciTNnrx+vp263b21iveIrAO/3Ht8UVE3IPFSbG77Z2rO3wD0MLiH6/9rem3D1QCPKThgv+K
        CiaThKnlGA8Z9uboX7voB7uO3sPmgPk4pIBMWZwo/WH17tA0D0rlHFFKURlmzbguY8LXOeoxTzTR
        Ym1IZm2G32tVxMVl2ipNdZx8WL06pej6gfePAnZ7+gnNd8WLS9HIqIy1SjV20B+R9tpzv/d6ArwY
        zIwqnXGmULCvWnsqV7Pf/+jKElCWbvvdZcs6VnHCkYc/HYrD+2OT07dvvovK1u1QXxcK5SUK8+Hq
        3d1d61z/8gssvba1HbpEWdUWOFvXebHrTdt7svUSCI9FqhCoV25/9HE6Y9BN1VebxrV2STlJldLw
        9YHy3uQ/mY0vMtc8R711ue2656p3tv1oW2gvmM5YytIYbo+x+7IEJzFlOs4ShRb6Z+d+GiKGrglt
        GPzdaDo6NIVtT53Ep/FSrQEPMUxUCrxT4xqyRg776Nx2RsgLhRAinNurLaI7u6a5a8pq8yWW3547
        AsLWVa7pIvPRVLVZ1zZyzdBK97XpcTrsItOiwmKaUh7/dugBv4ekKQ8FloUST2eSmkl6klhM5Uxi
        80XOZqtczMXACpD4A92AEVaTOVQSsMeqCDxjnM6l8FNOk4ADpyMFQeNJTVA2F0YIQTkdmXhhtjJi
        +5XRWUGTEC0JdWD2no+gMBsKATdBxxwIKkOddC4EAHpiAI3pMwnnxs9kyE2CwUhHhnYkqidYUXMh
        QNPhSjbZgfq0gmkpFIIgpiGdNGSQhgxSGjBIaRaizYxmU6z9Z2NKvDBWLujMyaHa7vOAtSBagzRm
        fJBClJkjKMMRBWwniir0XqFQxsCq0Huc5eFKkHQVhkKFofDC6CPszK2iD967hTRN4BqERi1UTbgS
        mNWhJY0GMvL2QgAdpEMjzmMUvBDYCdlBPwizX5nQIQXFB4kF+8SLEjFc6LQ64VpgWnmPIzfv0Wjv
        x4pz64yGHUWj7zsbhafgcKz68TPfOoc1ExVVWdrWT91n1aeZ3e/u9SI0EWxDdpm1iFmsU0wz43Wi
        qrqB+HFXR6aPZmPJefC4Db65BC2pUjJhftppQOiHr9+9nXt9PGxMs7kjOI4IjsgbbFUaR28dhu/T
        8YbTZrVinxvpE4BrybMMh/QTwaeJGWG3dYHI/r9NvHvz9eu/vIlwOzOXwTVLpcwwPz+Rf13ltkGR
        LJKXCYZcKVmK4Nuf9y0GphvUMjbqUJM/nq+Lt+e1CykMUX759M9fPv0DfyIkx+wt8aPjkLJkQZtL
        rjh8nLRN25ojKTEx9LaBPn4v6CdpLAUP9Xe237qiGzT5kzRtk2OSObQn1ku6UmSxxI6YWGNaAt2e
        9Me9HZwWC6YvqxdVN1z/UNg3GGjoUugw+MXJLHS4kndn/smiqhZSKPShiX+LjWbJANCCP5rCAv/H
        6ntcPEnvSGs3qBhQZ1RdBkhjwSV7ED9MwxaX2E1jetyihximz4CAbZwaC4r+MUHgoj/5PszIBJNz
        X+W+bLAPFvSTREuZhvq2Nxvo4eBYUEPEmZ4VamdKS9YH38dv/CC0UHBpljBcpkOjJbbsdqiRBT3F
        eMZjbPHJ2Z1tkej7Bupav1GQrsvMFU+kSNFGJ4xDX9UdGZCeof3RtEcf5iWHP2O0s/2+db3zO8yV
        A8DTWPsEHzrrHcYoseBwgpjFs1Th1l/8T8qP1cqqMfXWPyEgxYPH0dWh2VfnFhF/9SQSriEArLqt
        LW4w0OEkvLIWP2q7/hSNp8EhmD8fiSmKFmjoNdEVbmh3pi0A7/fvOFtWe/8R7qewgnlqyYrE656Y
        ldvfupthQl7w9LFSYdeHDVhhNI6udt3A74l2O9sMbvgD7QrV3rfOFx2aw/3cOeAiKaNc7XzXCea7
        bd/viW3b0ybBRPw0102e233vo5ZQFV01duP6yuBlD+HFBTi0Oxwb3k+EXSxZUTG6iAj3ot8OpPJW
        cAfQCJctKjPgeTvBbW8H/55h59N//v0v/PHn+toVx+mIYKiF6Gp97LGjEhAfR/CHYRs9bc0d8Rjw
        MxjsKxydH0mNl0TwxWX1i/z/w3kj4GUbUe668lDXx9MI/OgpEkOKxvtx5g+8+6dIHLJ9+IR7fo+8
        6r7yT5KlYkIXBSNSGbxYx/hLc5ETU+LMTWyeafn5x2qYytCohYap19PD+ESSrmQh8fitDOE8s0Ss
        rYflJVlLnuYSJxMy7J87/wtQSwcI0XqaF8YHAADZFwAAUEsDBBQACAAIAM4rTU8AAAAAAAAAAAAA
        AAA9AAAAZGVwbG95bWVudHMvY2M4NGZmZmY5MmE5NDA0Y2VlNTk1ZWU4OGMwMWVjNzkyNDJmZmIw
        Ny9tYW5pZmVzdNNLzyzJTM/LL0rl5SpITM5OTE/VyyrOzwPyivKTU4uLobzi1KKy1CIgh5dLD6iF
        lwsAUEsHCE08ibUyAAAAOQAAAFBLAwQUAAgACADaK01PAAAAAAAAAAAAAAAAPwAAAGRlcGxveW1l
        bnRzL2NjODRmZmZmOTJhOTQwNGNlZTU5NWVlODhjMDFlYzc5MjQyZmZiMDcvc3RhdHVzLnhtbI2S
        QU7DMBBF90jcIeq+iZ0mTVK5LpsCe7Jig1xnEizFcWQ7hZ6NBUfiChi3iYJUJLzyzP/veyz76+OT
        7N5lGxxBG6G67QKHaBFAx1Uluma7GGy9zBc7entDKuhbdZLQWVcFAREV5TxPareKmBUJSjhAWqQA
        ec4RBp4VcRLX9QFlJHJmD7HBvipNT0PDuuZtKU1tSXRpesP5FND0QdjH4UCiqTHj95KJdgy5k4Jr
        ZVRtQ67kmHa2eEaCMawByqoqMMOhUo7u3K7vlbbuYtFo8O5eq0Y7gpJo2nrBWGYHQ58Gzp1Moks9
        00p4tw47C77wYsuMvVD7riqFBBojXCwxWuJVidLNCm3SVVjE63WWrJ5JdAXwQRo4iCP8ERGvQ5QV
        RZ5jF/HLOo6o7fXDHRljjHCeOtJNf/F5DP418ejyiHuFvgULtNQDkGgqvSjMiwXZ03vWGieO5ahp
        YJXq2tNMn1o/TzX7hN9QSwcI6bevOWYBAAC8AgAAUEsDBBQAAAAAAMwrTU8AAAAAAAAAAAAAAAAT
        AAAAZGVwbG95bWVudHMvcGVuZGluZ1BLAwQUAAgACADFK01PAAAAAAAAAAAAAAAAGAAAAGRlcGxv
        eW1lbnRzL3NldHRpbmdzLnhtbHu/e7+NfUVujkJZalFxZn6erZKhnoGSQmpecn5KZl66rVJpSZqu
        hZK9HS+XTXFqSQlQrBjIVlCwSUktyMmvzE3NKwHzgSKJKSkK2amVtkpJRYl5yRlKCmWJOaWptkq5
        icUlqUVKCvoQjfooOm304cYCAFBLBwgMBWYkcgAAAIwAAABQSwMEFAAIAAgAzStNTwAAAAAAAAAA
        AAAAABwAAABkZXBsb3ltZW50cy90b29scy9kZXBsb3kuY21kxVbfb+JGEH5H4n8YkCzdVcFJrq0q
        kVIdIssdPTAUO7mchGQ59gK+mF3XXofQh/7tndm1+RFI7vp0PIDx7Mx+O/t9M/M+nkPTcnsj35t2
        e8wfsls2tJrgsL+g+UsT3vNwKUHO5/VavdZuQ+vkR5s+3VzfwDVPE7lZcaHADbM4Vdp0y7M8lqIN
        l/aFffnbq5G0cZLxjP9dxHmseH68vASDYeP5BoSMuP01h1jkKkgSHtVr6yX6awO8+0MUCdBXvTbo
        g8Wm0/HUHFOf8gLe1GsA+pyjOM9jsdhG5E88LFRwn/AzSBMe5LzapFpyBpjAIMl4EG0qG49gFTxw
        yAvEECsIAwH3HHBNuETbPJMrCIssoyRx8RhnUlDCbIKxkEoCzzKZ1Wtvy2O6XBXpLgn0NucqkWGQ
        oD+hi3gSbPD7KQ0EJZqWuMyD7tQb9Ls9z+1Y/0bphWXbsyBT8TwIFWZV58MZe3DN+gOHXePvZDj+
        MmKO57vjm2mPmdRQpCNTFbGEiZl9IZLXnX7AADrJzyIZU8fawrRm6/U6kxJZow//LKrD7jx/1HUG
        feZ6/qTrfdyFPbYdxF0FIp7zHANTlp/FnUzZ7WB8456KDUCgT694YQcABH8KPynEd784Pb83ujbQ
        UVIDQ1t4KKIC8o0It3QsLcTIT2R0SyNefAIiXVWE067kCa0FKjSPE6RTec7Gju+Nku/7HKNViGFI
        ZEo28LXIFWSFELRnkxDRnk1YyyKJkOe5xMfsgbwoLQcH6lhBmkaBCqwZYptVzna4QkFiOvS2u/pA
        N4E736g4idUG+oUIFVL3hNqp5OjVLk94qByUe1lQSg5X/DVw2JD1PN8ZXzP/lk3dwdg5SLe35DCX
        SSLXdMYAJRpJwUEKPL4U8DkWkVzn0P2H1PuZ3+sStK9TOry+Aeu1/Swsq0eiwcJ68NYI4OgtG02s
        5vffH7KZ3Q1c71lsijLzfaqOZbpstUqbhnfm/s5TVC3mid2xzu+HyF7wJlRaP9/gldYAQHmI1+Cl
        q9fQTUb+n66W+ksAD/3/F74S3X7hqtKxn6XqXYdSST5a2yaDDgJEMXeajWpVA++4Qa9L3A28ybfA
        hu5eNa28UCcUj6RUuZeb6C20Ytps3Ddaaf/gj9brvoAP5gGNcd+qO+rHQETJfkuNtgMC9jsd8dLW
        1c0UN+Ty+QCJPHD8yZAGkp2GqqnksqSw1mCb6RbNe6sIvQ7qEa5vPcKvF9CiEWcXp+xtZFaHhq0c
        WwINxx2FXFK0nO4GZI2haS9idWUvF1f27qhX5pFK4XfqWt8/5vedDabqmWHm0QxS9Zo5/MmCiF4/
        29uuQm0iDcKHYEGD1AulQrdoa1auw1lKijLJaZEvKbN76auyRMw9ugPNfBREY9ubWq00k1Ghi3sp
        uG/WjlSmpmcQQX70p+xcXCAkTdiSchDKFY4VEWSyUDG2ELUMFKxj7M1maC7w35KLapzbo+pugNNP
        QCXE71g/lfdq6f9WvaaH810DR4bpufyiaXboB9jpI+BPsephaersz7ZnFbzONhqtg/P7gxFYH6mc
        N/GEeqis1zT+bokclkEOMtQTawRRkZGc1/weqDPCjuSoZ0MH2gdnVkZT7JA/chy8d4Y+Tr9Vrzez
        uYFw7FPBvdwu2Pet194Yjeh7eQa9H4s4p1k7L8KQ5/m8wOEG8f0HUEsHCHohM0npBAAA7gwAAFBL
        AwQUAAgACADNK01PAAAAAAAAAAAAAAAAJAAAAGRlcGxveW1lbnRzL3Rvb2xzL2RlcGxveW1lbnRD
        YWNoZUtlebMw0TM0sDQy0TMxNDDRM+Dl0q1U0NXNy9dNyS/RTUktyMmvzE3NK1HQLVJQcrGKycjP
        TY0pzixJjSlKLcgHMvKLKpUUdPPRJBEai2NK8vNzioFqgIampAIpkO6AxJIMNC1I5vFyAQBQSwcI
        GorYKGcAAACWAAAAUEsDBBQACAAIAMkrTU8AAAAAAAAAAAAAAAAVAAAATG9nRmlsZXMvZXZlbnRs
        b2cueG1sbVBNa8JAEL0X+h8W75JdkxgN48I2kRpq06A5VaQsZoqh+WKzWoTS395tYqSHXnbevpl5
        82ZgecZKtxy6yGF7aTWWHBJVn/MMFYlliYvRSusmKaR+r1W5klVWoBpZ16Yo5BNKKVidhPnBGs9Y
        cAesHkAq2w9uCroIT3j5rFXW8gGANSAOaV5ioFBqzEjv5ZdZjCaUzceMjpmdUte3qc/mrzcHGzwY
        QTOZMeqxmTd1r2ZuCQiOsqqMKdE0RX6QOq8rsAYSgrpsThoV34SUMtcNl/NgIjxTMSRgi4eTyvXF
        bG0NR+oWDqWWHLpXJMk6CkQavcRvzyIWj8uN73//w5Ivoo95u6CucGz2MCO7NAqJbTvOnuwSA6ce
        pXuweu3+sH+x8dDNbvn93Q9QSwcIBkGCpSgBAADCAQAAUEsDBBQAAAAAAPcrTU8AAAAAAAAAAAAA
        AAAZAAAATG9nRmlsZXMva3VkdS9kZXBsb3ltZW50L1BLAwQUAAgACADFK01PAAAAAAAAAAAAAAAA
        UwAAAExvZ0ZpbGVzL2t1ZHUvdHJhY2UvMjAxOS0xMC0xM1QwNS0zMC0xMF9lZjYyODlfMDAxX1N0
        YXJ0dXBfUE9TVF9hcGktc2V0dGluZ3NfMHMueG1sfY5BS8NAEIXvgv9hnHO32U1sTENSKPUSjG1x
        Q/EWlmbVhWSzZicH/71boSAevM735r2v8KQdkKFelyhJTTQ7eNGfs/aE0CkK55iLNROciaThqzzh
        ueDLjGcIxnpS9hwi+i2NszXCPPUlRsqZyGsiY989wqDpY+xKPB5kg0BfLuSn64IzgaQPnC/iRYog
        d8+tfKqOrZR1e9rW1eO2qQ77Enlg56H5ed6PViNsbm8Ait/6u14rG/Rfhx7q8TL9j398jxBtijvG
        oJsnRWa0OYjV4IGxUF1El+a/PBFX/g1QSwcIbFSxHd0AAAA4AQAAUEsDBBQACAAIAMUrTU8AAAAA
        AAAAAAAAAABPAAAATG9nRmlsZXMva3VkdS90cmFjZS8yMDE5LTEwLTEzVDA1LTMwLTEwX2VmNjI4
        OV8wMDJfUE9TVF9hcGktc2V0dGluZ3NfMjA0XzFzLnhtbJ1T227aQBB9r9R/2O5zxqwxxoBwJJeQ
        BpWbsCnpo7EH4gh2nd11SPP1HTtFrRohVX2dOXM5Z84MjcWS2cIeMOQTmaljIfdshU8VGstZnlqK
        t4XbB1eA6yXCH3hi4AqnF3Q4K6SxqcwIgrtuu9fnrNKHkLfSsmgZtJZ6Gc6OaB9UHvLlIk44sz9K
        wuvzhLKgTDcQ4qp91eVspKTEzBZKhvwrYgnRoXjGJm5RWpii3NsHWukN28SSpmNalociS+vS1qNR
        krOoorm6eG1iIf+cGsdxOBu/lDQh5K4QkClJS1Y04E4Zip1wS33gVEg4qL1Uj/6T6uxP2jHZ0Ulf
        K42EMIVF40gkfdYGNUR72izkUZ2GDW7jOg/ExGp1OKBu9XxHOIHjBZy9wNHAL/LQUN+KvJ/nOeyC
        wIOO66ewTdMMfLHrp7u0EwQ+bXcPm2gTw1oinSjHHNar6TudR9PJeJ7AZEnyeA7Rczpdx+33Bl3P
        FXSte4hWK5guvsDkhjT/x8HxJBnDzXg5XXyfNe2p9pJMnG2imMC30XqawB3dex7Nxpfxl2S9h1ul
        T6mumS61sirkD9aW5CXiUJYx6uciw3epWQyjxfQmTqJVQvfl7PrjB8aGf1p8Udm9qi2u0ZRKGtL2
        ksddx3fbv/16hpPjbWVGdIX6MUjWt0CCL+SBuaodXLuSs3pL1CGfFZlWRu0sTCZxi15H/LcNRmn2
        gGdnhbzUxTM9aKOKKedo4Rtq0/xOhxznCc+ll2xdDz8BsLzSzSMMmDgaBkDaDFu1NH+nu753BvwE
        UEsHCJaqJzFRAgAAHgQAAFBLAwQUAAgACADGK01PAAAAAAAAAAAAAAAAVgAAAExvZ0ZpbGVzL2t1
        ZHUvdHJhY2UvMjAxOS0xMC0xM1QwNS0zMC0xMV9lZjYyODlfMDAzX0dFVF9hcGktc2V0dGluZ3Mt
        U2NtVHlwZV8yMDBfMHMueG1snZNfb9owFMXfJ+07eH7udRzC/5FKGaUtKi0VCaN7NMkFUkGc2g50
        /fS7oUObKiFNe/U5vr73+HcH1mHJXO62GPJxkepdXqzZDF8qtI6zTDk6b0i/B74EP0hkqx/Ivu+L
        XldylhfWqSIlC67ajW6Ps8psQ+6pMvcsOke1rBenu+RniZzt0G10FvKbUcKZo6OQm9NDZU5CuyPl
        ReOizdlQFwWmLtdFyO8QS4i2+Z5KRBWVMPmbepe+KSuE4OxWWxfyAy5VWcIhL2Cr14V+br3o5vpg
        hE13Qr1VBslhc4dWFEjDzS0aiNZY0N2olmGBy7jWgd53Rm+3aLxuS0jREUGHs1fYWfjdMhwbXsqs
        l2UZrDqdAJp+S8FSqRRactVTK9XsdFrU9BMsokUM8wIp3wwzmM8mZ0MaTsajhwTGjxR7IHwpRbMt
        /F633w582ayLRbMZTKY3ML6ixP6xgXicjOBq9DiZ/rg/lqe75+LibBHFZL6O5pMEbqdx8hDdj877
        z8X7BNfaHJSpJ3402umQb5wr7XGGsozR7PMUP0iXnz8xNvgbymnl1rqG0qAtdWEp0HNUNoT0G3/Q
        OtmJUVfZIUVfo0zYvh8k+EofP73jrG4FTcjv89Roq1cOxuPY86Ug73/++VClGzxhFPLS5HtapePo
        tnxAB9/R2CPeTcIrkIFPy1NTRzRCvS4hJ5a3eXok3Xu2uvjK0o0ytFZh5VbQ5cy7HHwBYFlljqY+
        kzvLACjCgVcn+FFu+Sf9F1BLBwhb0zFvOAIAAPYDAABQSwMEFAAIAAgAxytNTwAAAAAAAAAAAAAA
        AFYAAABMb2dGaWxlcy9rdWR1L3RyYWNlLzIwMTktMTAtMTNUMDUtMzAtMTVfZWY2Mjg5XzAwNF9H
        RVRfYXBpLXNldHRpbmdzLVNjbVR5cGVfMjAwXzBzLnhtbJ2T0W/aMBDG3yftf/D83EucBggwUimj
        dI1KS0XC6B5NckAqiFPbKV3/+l3SoU2VmKa9+vt8vvv8u5GxWDFb2B2GPC4ztS/KDZvjU43GcpZL
        S+fnwhuAJ8DzU9Ed+mLodR3hdzgrSmNlmZEF173z/oCzWu9C7sqqcA1aS7WMm2T79EeFnO3RblUe
        8q+TlDNLRyHXx4eqgoReIMTZ+VmPs7EqS8xsocqQ3yBWEO2KZyoR1VRCF6/yTfoijeM4nF0rY0N+
        wJWsKjgUJezUplSP3SfV2Ry0Y7K9I19rjeQwhUXjlEjDLQxqiDZY0t2okWGJq6TRgd63Wu12qN0+
        zeoEjh9w9gJ7A79ahrbhlcgHeZ7DOgh86HhdCSspM+iK9UCuZScIutT0AyyjZQKLEinfHHNYzKcn
        QxpP48ldCvE9xe47nhBOp+d4g/6w53uCIn+AaD6H6ewrxJeU2D82kMTpBC4n99PZ99u2PN09FRdn
        yygh81W0mKZwPUvSu+h2ctp/Kt4HuFL6IHUz8b1WVoV8a21l2hmqKkH9XGT4Trr4+IGx0Z9Qzmq7
        UQ2UGk2lSkOB/oXKXvc3Wkc7MWprM6boG5QFZ28HKb7Qx89uOGtaQR3y2yLTyqi1hThOXE845P3P
        Px/LbItHjEJe6eKZVqkd3VR3aOEbatPi3SG8fOF7tDwNdUQjNOsScmJ5V2Qt6e6jUeVnlm2lprUK
        a7uGPmfuxegTAMtr3ZqGTOwNA6AIR26T4HvZ9476T1BLBwjcJ9WcNwIAAPYDAABQSwMEFAAIAAgA
        yStNTwAAAAAAAAAAAAAAAEIAAABMb2dGaWxlcy9rdWR1L3RyYWNlLzIwMTktMTAtMTNUMDUtMzAt
        MThfZWY2Mjg5XzAwNV9TaHV0ZG93bl8wcy54bWxVjEsOwiAURecm7uHJuNQH9AOk7RpMdAOkxUjS
        n+URty8OTe7onJPbRfI7UKDZ9+x2bKOPEe6vRNP2WRlMjjKXKAwXyIV6YG0VWqFLUwkGYY3k1jEn
        /tlIbRjsYepZ0yIWstAM0k5hyRrR/qZLYUQt24rB7CId/p18pL9ElQabypj8fh26C+cwpcNR2FYL
        SiwROB/Opy9QSwcIkvzPTJYAAAC3AAAAUEsDBBQACAAIAMsrTU8AAAAAAAAAAAAAAABaAAAATG9n
        RmlsZXMva3VkdS90cmFjZS8yMDE5LTEwLTEzVDA1LTMwLTIzX2VmNjI4OV8wMDFfU3RhcnR1cF9H
        RVRfYXBpLXNldHRpbmdzLVNjbVR5cGVfMHMueG1sfY9BS8NAEIXvgv9hnHO32SRt2oRsodRSgqmK
        G8RbWJq1LiSbmJ2A/ntXpCAevL5v+N683JEegAy1WqAkNdI0wJN+n7QjhEaRjyMepizkLIwrvsxi
        nkXxfLlKEYx1pOzJn+jXJFr7ZBpbgYEaTOA0kbFnF8hTV30OGqHT9NY3Ag/7CoF8JHC8FA3GgyRe
        LGbRLEGQu2Mt74rHWsqyft6Wxe22Kh7uBXLPfnwC9x+kR6vag/Gfbq6vAPLfY3atVtaPeelaKPuz
        +3dNukYINvkNY9BMoyLT2wx454Axb86Db/FfHIcX/gVQSwcI7vUKT+YAAABFAQAAUEsDBBQACAAI
        AMsrTU8AAAAAAAAAAAAAAABWAAAATG9nRmlsZXMva3VkdS90cmFjZS8yMDE5LTEwLTEzVDA1LTMw
        LTIzX2VmNjI4OV8wMDJfR0VUX2FwaS1zZXR0aW5ncy1TY21UeXBlXzIwMF8wcy54bWydk91u2kAQ
        he8r9R22e53xDzY4UBzJJSSxQkKETUkvF3sAR8br7K5Dkqfv2ClSFQmp6u3MmdmZs9+MtcGamcKU
        GPK4yuS+qLZsgc8NasNZLgzFe447BNcB10ud/shzRj3PGvTOOSsqbUSVkQQ3FBhy1qgy5LaoC1uj
        MdRL20m2T99q5GyPZifzkF9PU84MhUKujg/VBSUGnu+f9c4GnE1kVWFmClmF/BaxhqgsXqhF1FAL
        VbyLj9QPoS3L4uxGahPyA65FXcOhqKCU20o+9Z+lvz0oS2d7S7w3CkmhC4PaqpCWW2pUEG2xotqo
        TcMK10mbB3rfKFmWqOzzvuVYgeUFnL3CXsOfkaEbeO3kwzzPYRMEHvhuX8BaiAz6zmYoNsIPgj4N
        /QiraJXAskLyN8cclovZSZMms3h6n0L8QLZ7lus4lj+w3OH5aOC5jt82ixYLmM2vIb4kx/5xgCRO
        p3A5fZjNf9117an2lF2craKExFfRcpbCzTxJ76O76Wn9KXsf4Uqqg1Dtxg9KGhnynTG17nao6wTV
        S5Hhp9TF1y+Mjf+Gct6YrWyhVKhrWWky9DSVwz5ZdETrKCdGTaMnZH2LssPZRyDFV/r4+S1n7Sio
        Qn5XZEpquTEQx4ntOhZp//PPJyLb4RGjkNeqeKFT6lbX9T0a+IlKd3j7hJfneC4dT0sd0QjtuYSc
        WC6LrCPdftKy+s6ynVB0VmFjNkDXZ1+MvwGwvFGdaMR6zl4zAPJwbLcWfs57fnAU/AZQSwcI39yL
        3joCAAD4AwAAUEsDBBQACAAIAMwrTU8AAAAAAAAAAAAAAABJAAAATG9nRmlsZXMva3VkdS90cmFj
        ZS8yMDE5LTEwLTEzVDA1LTMwLTI0X2VmNjI4OV8wMDNfUE9TVF9kZXBsb3lfMjAyXzBzLnhtbJVU
        23LbOAx970z/gcuHfSok6mI7dqN2tKnTeOpcJnaatC87tATb2sokS1K59OsLyfFsJq0zu6/gAQgc
        HJxD59EwX/kaMz5Rhd5UasUu8XuDznNWSk/xWERDiAREyVz0RokYxWkgBkPOKuW8VAVBcNmPDyjS
        2DrjYYmm1g/vXbGZPxjMxvcerZL1x8r/KTfmbeVy96CKzNsGOdugX+sy4xfnszlnvk3gdteAqeil
        n6Tpm/hNn7MjrRQWvtIq458QDeR1dUs1KO5ReZiiWvl1xocRZ3lDdW31Q27hf0kXBAFn43tDFTIe
        CQEFpVWqbeJEO4rd4UIaA3eVglqvlP6n912nqzsb0CSB/NFYJISrPLpAIdFz5dBCvqKfM563z3CN
        i1n7Dm1HVtc12vCgF4hgECQDzu5h4+BxOOhGW4hyWJYlLAeDBNKoJ2EhZQE9sRzKpUwHgx51dwPX
        +fUMrhTShkos4epy+n9pPppOxmdzmFzQPpOApg/SfhAND0b9JBJp+0d+eQnT848w+UCU/8e+ZpP5
        GD6ML6bnX0678pS7j0XOrvMZgY/zq+kcTmjdZ/npeD9+H+s3cKztnbQtERdWe53xtffGdTMYM0N7
        WxX47Ond61eMHT5V+zH6Yn0iVUk7eknpUURi6tKfFZh5aT3ban1DGqBzYH6NbCGLbyurG1W+VDYW
        B5yF7w7/AGBlYzuVjlgURxvHALbthm2/zyFxNHwCeTrReeNXur1fi85o5Ug5+w84SUmPu2vbwemc
        feOOSGPt1cecbQNzvG8VXhRoPNJULcVoM35aFVY7vfQwmczCSASCs6kuHi+uW8ooDPfp4ff7DaWp
        Hg2kJdWFNXmQ8++3PNOv5CInzaIzEl9tMPvXnf4WPUgExOlXcgRZrHF3hRk3trqlOp1EnDlDD5/R
        us5HyMuCRCQRudev60h3VB/+fhfDwQ7wE1BLBwjMzFZzxwIAAEoFAABQSwMEFAAIAAgA2ytNTwAA
        AAAAAAAAAAAAAFEAAABMb2dGaWxlcy9rdWR1L3RyYWNlLzIwMTktMTAtMTNUMDUtMzAtMjRfZWY2
        Mjg5XzAwNF9CYWNrZ3JvdW5kX1BPU1RfZGVwbG95XzMwcy54bWzVVk1v4zYQvRfof5jqUOwepOjL
        +nDjBbpJtgsU3TXgFL0IKGhqbAuRSJWkgvjfd2hvbEu21aDopbrYIIbzZt48PvJWG2zBVKbGmfOR
        8ae1kp0oHxXj6EDJDC2HfpC7ge8G0aM/mUb+NIy9MPQdqIQ2THAKwVUSZrkDnapnzk2JbS23DjRo
        NrKcOfOvi0cHPnz/HcDtKd6dQmYqsQaDTSsVU1vYb21QmFH0JHPg5sPtD64LZacoiRRTiJNGg+ue
        48xRraRqLNIKDd/Akmks34gVhdTXLueg+vtdl7bU35hga1TefuVdVU45z+IVfXnI8tiPOeIknyBm
        GfcD5GkexuFqtfTT99e7TDx/Eh6QB9h3sq6R77jjGybWqNHQOGyXOzJG06bU0Bl5wQl5QF9vUL+3
        pARLn+6WjSy7GvUYQhAEFxDi9DieM4R7NGgnZEGOGoBlV9UlqjGwMExOWBoU/nG/HyoNX2SJi8rg
        t6WxlFFEKc8Y8gfl31gpDzUY+PkgrCd42W5th4vFZ3jC7SiJUZK+oYjT7LvOKP1oa9mppgZs/YIC
        7WHqz0BzVbUjxzHx4iDujWCQ9uEFebfLii80ZcFqaJXkqEf7j1Magtm25C6H6JaZzcwh01GUx+NN
        6QBT686eQT1zfvyrk+an+2kxV3KtWAOfKhIqvHvJkveFHf0DwQtNXqGLX7uyK7LYo3mRm8WBHxfL
        ShSCRPLnN4UXnl15osA9AxZvDwHulnxGSLeUxj1Rq6vgUMNGNlhoAi0UtpL+SLV93S0vhR3z6MJI
        WevXaAIqkfBssjkRcGnzEOOCcvJooMyzM7hgz+SKnPEN/TyjskyBXIHZ4OmZ3LMB5DXAZdMwUf4f
        +Lh2laVebA3+n047SfrKeR8a538g/tSb+HT4/534j8I7U1SxXzkK+ULfYRImUd/CBh0tnqoWVp2g
        64f0YVS1prsPrAxqua44a1vQW8FhiZx1Go+hZMJCGkDBljWW3lWbmkReNoku1PYmBw7TxO/dZZcH
        F6Z51LuQehfeXY1sdxd19DiixwmsrJWMVZzb58+Zivri6EH8gcvPUj7p18fDvFvWld48PJOZ/WwJ
        nMJcanN/eGVcR4893z7HztCTyXGQV1jI0+RgC9dCsjx+zfM3UEsHCGTUVj1VAwAALwoAAFBLAwQU
        AAgACADMK01PAAAAAAAAAAAAAAAAWAAAAExvZ0ZpbGVzL2t1ZHUvdHJhY2UvMjAxOS0xMC0xM1Qw
        NS0zMC0yNF9lZjYyODlfMDA1X0dFVF9hcGktZGVwbG95bWVudHMtbGF0ZXN0XzIwMl8wcy54bWyt
        VNtu2zgQfV9g/4HLhz51JOpm2W7UQpu4iVHnAtvZdPtS0NLYYSGJLEklbb5+KeXitI2DYNFXznDm
        zMw5Z89YVMQKW2FGp00ha9FsyBy/tmgsJSW37j1kwQgCBkG0ZMk4YuMw9uJkQIlojOVN4VJwPQiH
        I0paXWXU50r4JapKfq+xscavXBlj390+oc4OhT1qV694rd5YUWO2bfCZJRAxCONPlNRoL2WZ0cPJ
        khL7Xbk2+h6YEi4wiOL4dfh6SMm+bBosrJBNRj8gKsgrcYWU5K0rocUNvw39zY3neZQcSWMzeo0r
        rhRciwYquWnkl+SrjDfX2jNF7fGbVqPLMMJB9xp0yzg3qCHfuIkymndhuMDVoouD62+1rCrU/jDx
        mJd6UUrJN6gN3EGGHvCKlaOyLGGdphHEQcJhxXkBCVuP+JrHaZo40B/hIr9YwHmD7h4llnA+n/22
        pe7PppOTJUzP3FkjL2DMiwdeMBqOB1HA4q55Pp/D7PQQpgduwy8EvJguJ3AwOZud/nvcl3d/d62X
        kot84ZLf5+ezJRydLpYn+fFkd/6uc3yE91Jfc91t6ExLKzN6aa0y/QxKLVBfiQJ/Cr398w9C9h6T
        /uCBp3c/vEO0czRt9Sz/E5ZQ0ld7Sb1ZL4Btq+eU9bjyztrHvOEb1FusbuzdYk0id1n/7d5fAKRs
        da+GMQlSVhsCcDfFzl7EYq0gSkercMgHRBhyhk3pfOK5lmnInmj5Q8M9v7vDz6jCINmieknK42Oe
        tnYjOwfTaJRsjFPT7q2kw2jrK/fpztBsa/ad7jrfCym5fVjit071RYHKYklJxxVnZPRYFFoaubYw
        nS78gHlu6v8p+31eXOK9k2RUaXHlWNOz2agTtPAPatM7XOwcJmJR4Px2Jos7b+u5P/b9XbJ7Wka/
        yao7/3O+CMvepZ2rVuIWl//FyOYNKS65Nmiz1q7B2fUvVHzgxdMHj8L0nhP/AVBLBwjM+nsj2wIA
        ALEGAABQSwMEFAAIAAgA0StNTwAAAAAAAAAAAAAAAFgAAABMb2dGaWxlcy9rdWR1L3RyYWNlLzIw
        MTktMTAtMTNUMDUtMzAtMzRfZWY2Mjg5XzAwNl9HRVRfYXBpLWRlcGxveW1lbnRzLWxhdGVzdF8y
        MDJfMHMueG1srVVRc6M2EH7vTP+Dqoc+RSBAgPGF63COL/HUTjy206R96ciwdrgBxEkiubtfX4Hj
        2Ofank7neJSWT9/ut/vtpdJQI53rAmI8qlJR5tUazeBzA0pjlHFtzl3qRMShxPEW1O97tO8xq8dC
        jPJKaV6lJgRWgduLMGpkEWOb17mdQV2IryVUWtmFgVH6t80RyPg61zfN8lde1u90XkK8e+Bv6hOP
        Epf9hVEJ+klkMb4eLjDSX2vzjNwSq3NzEXiMXbgXjovRQFQVpDoXVYx/B6hJUuTPgFHSGAyZf+Ob
        qw9cWZaF0Y1QOsYvsOR1TV7yihRiXYlP/mfB1i/SUmlp8W+NBBOhcsPdqsBU416BJMnapBTjpL0m
        D7Cct/fEvK+lKAqQds+3qBVanqnPF1Iq8sqZdIyXNIuyLCOrMPQIc3xOlpynxKeriK84C0PfkH4k
        D8nDnNxXYATJICP3s/EPq+pgPBreLshoanT1LIdSiwWWE/X6gedQ1j6ezGZkfHdNRlemxP+R8Hy0
        GJKr4XR89+ekgzf/niovRg/J3AR/TO7HC3JzN1/cJpPh6fhTcjySj0K+cNlWaCqFFjF+0rpWXQ51
        PQf5nKdwcPX+558Qutzv+kEBvGpq9FgWaCzW5vczXR/4GNnvL38hBGWN7Lqqj2ipECH/Rr56G4FX
        LtY16Bmopjg/WpGRoUM7YHoUb9zN1u7qLP095JPYE17xNcgd1/MV+Q7yAHTayDWgzdi3ToDMrJRn
        4MzkBMFb7qj7vtNqBqV4BmRQauKF0fICTaHKjGVdIAkpmJHPENfIobbj2a2roM6vXIaSyenC+JYT
        0CO6unvCvpKx28451N9x2K4D2sDLo2FuFB6E7bfhTkGUpj22Ml/k8ohRlgL4kQ/Q66XUgTSMXOau
        VksaolyhD01etAU4m13kHMnOifbZHKfsub1d0IkQ5u+F7Gd01+i1aNeJBFWLShlnOzVZvuUGZnts
        TX4bbraLbtTAeGC7hIzNbw4W8KV14DSFWkOGUTtdZqvgSZ5KocRKk9FobjvUMqL+Twse8PQJtq4e
        41rmz2bOOmdR9S1o8gdI1W0bZtzeo55j6I9F+rpnOh/q2/YpCzxuaT9ob7a7yAwbWXQr02y4It/w
        sj8pUb1D6ROXCnTc6BXpHWmMt64/Ljhj7lbwfwBQSwcIT7sLxGsDAAA+CAAAUEsDBBQACAAIANUr
        TU8AAAAAAAAAAAAAAABVAAAATG9nRmlsZXMva3VkdS90cmFjZS8yMDE5LTEwLTEzVDA1LTMwLTQy
        X2VmNjI4OV8wMDdfR0VUX2FwaS1zZXR0aW5ncy1icmFuY2hfMjAwXzBzLnhtbJ2T3W7aQBCF7yv1
        HbZ7nfE/NlAcySUksUJChE1JL40ZwJHxOrtrSPP0HTtFqiJRVb3dc2Z25uy3I6WxZrrQJYY8rnKx
        L6otm+NLg0pzts40nTuWPQDbAttNrd7QtYaeY7iOy1lRKZ1VOVlw4zv9AWeNLENuZnVhKtSaeilz
        Jcmy42yPeifWIb+ZpJzpnzVVydM9dUGC73rehXNhO5yNRVVhrgtRhfwOsYaoLA7IWdRQD1m8Ze/S
        t0wZhsHZrVA65EdcZXUNx6KCUmwr8dx7Ed72KA2V743srZFIDlVoVEaFtNxCoYRoixXVRq0MS1wl
        rQ50v5aiLFGa/Z5hGYHhBpy9wl7B75mhnTgLvNzvZS4MNpsNeIPAh5WDPvTWvcHK8/p+ENDQT7CM
        lgksKqR817iGxXx6LqTxNJ48pBA/UuquYVuW4fmGPegPfde2vLZXNJ/DdHYD8dW/35/E6QSuJo/T
        2Y/7rj3VnkuLs2WUkPk6WkxTuJ0l6UN0PznvP5fuE1wLecxku/CjFFqEfKd1rbod6jpBeShy/CBd
        fv7E2OhPJmeN3oqWSYmqFpWiPP8CZY8QPKF1shOiulFjSr4l2eLs/SDFV3r32R1n7SgoQ35f5FIo
        sdEQx4lpWwZ5//PJx1m+wxNFIa9lcaCf1K2u6gfU8B2l6uj2iC7Xcm0avIWOYIS0+xuEclnkHejm
        sxLVV5bvMkm/Kmz0BvqcmZejLwBs3cjONGS2tVcMgDIcmW2EH3UvOOm/AFBLBwiTlS+KNwIAAPYD
        AABQSwMEFAAIAAgA1ytNTwAAAAAAAAAAAAAAAFgAAABMb2dGaWxlcy9rdWR1L3RyYWNlLzIwMTkt
        MTAtMTNUMDUtMzAtNDVfZWY2Mjg5XzAwOF9HRVRfYXBpLWRlcGxveW1lbnRzLWxhdGVzdF8yMDJf
        MXMueG1srVVNc9s4DL13Zv8Dl4eeSon6siw36o7quIlnnY+xnU3ayw4tQQ47sqiSVNL21y+kxHWa
        xJnOTnkkQOABD3g8MBYaYqWtIKXTOlcbWa/JHL60YCwlhbB473MvYR5nXrDk0SjgozBy4iSkRNbG
        ijpHFygH/jChpNVVSl3RSLeAplLfNlBb41YYxti/7q5Ap0fSHrer12LTvLVyA+kuwb88YgFnfviJ
        kg3Ya1Wk9GiypMR+azCN3gJrJBoGQRi+8d94PiVjVdeQW6nqlP4N0LCskjdASdZiDC2/izvTe2Ec
        x6HkWBmb0ltYiaZht7JmlVrX6nP0RYXrW+2YfOOI760G9DASsTs1YDcuDGiWrbGklGadmV3CatHZ
        Gea3WlUVaHcYOdyJnSCm5CvbGHaPmfWIV7xIiqJgZRwHLPQiwVZC5CziZSJKEcZxhKCv2GV2uWAX
        NSAhBRTsYj77bV0dz6aT0yWbniOvgeNx7oQDx0uGo0HgceT0imXzOZudHbHpIbb4FwEvpssJO5yc
        z84+nvTh8e2+9lJymS3Q+UN2MVuy47PF8jQ7mez330fHFfug9K3QXYfOtbIqpdfWNqavoWkWoG9k
        Do9M7/54RcjBw6kfVyDqtiFXm4rM1Bqf75v6gRMGESXuu4M/GSNFq/upGpGAbwxh7Gnowx87cA/G
        OQI7B9NWOE0vZEkwSx/tEdRn48365dqZfjXy3tgnohZr0DusL7ekA/ukJT4Pdj0heH5q+Q4syfNh
        WOJJfJGEPMwBoiQCGA5z7kEeJ37ol+WKx0Qa8r6VVYH69FKFsYd79wTOA4IQitvR/5hE33+AeI9L
        EO6K+qmgs9auVaecGkyjaoNLvJ/e2Eeh3OrZ1h2F1LZmjOve6S0q2t3FEr52YpPn0FgoKOnmCAWU
        nshcK6NKy6bThetxh/9vtRmL/Bq2ApbSRssbnKh+iUxzCpb9A9r0whqisAU88BD+TOX3ktqv3Mh1
        923789v7m76ITnZRjtmy/x1QzCt5h8v9bFT9luTXQhuwaWtLNnxmLrzhltDnGU+iH0PxH1BLBwhi
        py0JEwMAACoHAABQSwMEFAAIAAgA5itNTwAAAAAAAAAAAAAAAFUAAABMb2dGaWxlcy9rdWR1L3Ry
        YWNlLzIwMTktMTAtMTNUMDUtMzEtMTJfZWY2Mjg5XzAxMF9HRVRfYXBpLXNldHRpbmdzLWJyYW5j
        aF8yMDBfMHMueG1snZNBc9owEIXvnel/UHXO2jI2hFCcGZeQhgkJGTCFHoVZwBkjOZIc0vz6rklp
        O8nQdnrVvl1pn77XtQ5L5nJXYMwHKtPbXK3ZGB8qtI6zpXR03hDBGQQCgjAVzU4YdIKG126dcZYr
        66TKSIKrVqNNJ5UpYu7LMvctOkezrL8wJNlwtkW30cuYf+6nnLlvJXWZwz1lToVWGEUnjZNAcNbT
        SmHmcq1ifo1YQlLkj8hZUtEMkz/Ll9InaT3P4+xKWxfzHS5kWcIuV1DotdL3zQcdrXfGs9nWk8+V
        QVLY3KH1FNJyU4sGkjUq6k3qMsxwManrQPc7o4sCjd9uesI79cJTzp5ga+HHm6F+cYB4ulq0VrCQ
        mYBICgGLdtQAucpkFq2Wy6hBbXOYJbMJTBWSv0tcwnQ8PGZSbzjo36YwuCPXQy8QwotaXnDW7rRE
        Q5Axc0jGYxiOPsPg4t/vnwzSPlz074ajrzf78dR7zC3OZsmExJfJdJjC1WiS3iY3/eP6Y+7O4VKb
        nTT1wndGOx3zjXOl3e9QlhM0j3mGr0rn798x1v2dyV6BUlUlm28LNtRrav8Lk/559wMAW1ZmD0mH
        Bc2tZQBvR48qt9Y17gZtqZUlvv4wux39ovYgJ/pdZXv0qXVI6HteDlJ8IqRG15zVW6KJ+U2eGW31
        ysFgMPED4ZH2P2nqyWyDB0BjXpr8kUK6d9WWt+jgCxq7D05E4IYiDCiWNc/EOaT72FFKijzb2+Pf
        W60+smwjDQU2rtwK2py98VAcLOz69ee8tjj8Wf8OUEsHCAN3G65MAgAAUAQAAFBLAwQUAAgACAD3
        K01PAAAAAAAAAAAAAAAARwAAAExvZ0ZpbGVzL2t1ZHUvdHJhY2UvMjAxOS0xMC0xM1QwNS0zMS00
        Nl9lZjYyODlfMDExX0dFVF9kdW1wX3BlbmRpbmcueG1shVLRbptAEHyv1H+43nOWAAZsLBOJOiRB
        IbFlsJz27Qxr5yq4uxxHrOTre3bVqmrlVtqn3ZnZGe3OeoOKGG5aTGguatlxsScrfBmwN5Q0zNi+
        73oxeC54o8oNpyNvGkSOF3iUcNEbJmoLwV3kT2JKBt0m9LIZOkVJh+ZZNgm9zSpKzJuyMP1TWHE7
        iEZBcOFfeFZpLoXA2nApEnqPqCBt+StSktY1KgOZddZYZwnlDQpr982OBiuv+Tv7wfrMesdxKLmT
        vUnoAbdMKThwAa3cC/ktfJHB/qCdvu4c9j5otIieG+wdgTboE2zSTQlrgcdN2MB6VfwKMi/y7LGC
        fJlQb+RMThUG09D1x9GRmq5WUCxuIb+2mXyGHtYxxHETQjDZjmAbhTUEbOeP42ay3Y13R06ZVxlc
        Z8ti8eXhJG6550xTsklLC75J10UFd4uyekwfsvP48yFvpD4wfcy31NLIhD4bo/pTBqVK1K+8xj9G
        Vx8/EDL7/U3mLTIxKPLUtaSQe0v/z5tcXs0+AZBm0KdbTYkXdT0B+Fv6K1el0cg6+w/GHtpZCNv6
        54LYpeQ7UEsHCB+Vf2itAQAAxgIAAFBLAwQUAAgACADFK01PAAAAAAAAAAAAAAAASwAAAExvZ0Zp
        bGVzL2t1ZHUvdHJhY2UvUkQwMDE1NURFOUMyQTctYjI0OTMyYjItMmMzZC00ZDA0LWJlNzAtYjVk
        MjdmYWVjZTc1LnR4dDXLwQqCMBgA4HvQO/wPMPGfktFuUpeRqbTRdYiNGqSu7d+ht0+Czh9fgfyQ
        ccx4qXEnShQcARQNgZKHq30nG4lBCi8B+eBdHi2Rmx+RwWTpudwF9J3SDOjjrYDwD96tUu0RWcEq
        Bup4Meose6NUY251I0+1ll0rAFcbJ/3L7TLb7eYLUEsHCBQ2E36DAAAAkQAAAFBLAQIUABQACAAI
        ANsrTU9V/Tt3JwAAACgAAAASAAAAAAAAAAAAAAAAAAAAAABkZXBsb3ltZW50cy9hY3RpdmVQSwEC
        FAAUAAgACADaK01P0XqaF8YHAADZFwAAPAAAAAAAAAAAAAAAAABnAAAAZGVwbG95bWVudHMvY2M4
        NGZmZmY5MmE5NDA0Y2VlNTk1ZWU4OGMwMWVjNzkyNDJmZmIwNy9sb2cubG9nUEsBAhQAFAAIAAgA
        zitNT008ibUyAAAAOQAAAD0AAAAAAAAAAAAAAAAAlwgAAGRlcGxveW1lbnRzL2NjODRmZmZmOTJh
        OTQwNGNlZTU5NWVlODhjMDFlYzc5MjQyZmZiMDcvbWFuaWZlc3RQSwECFAAUAAgACADaK01P6bev
        OWYBAAC8AgAAPwAAAAAAAAAAAAAAAAA0CQAAZGVwbG95bWVudHMvY2M4NGZmZmY5MmE5NDA0Y2Vl
        NTk1ZWU4OGMwMWVjNzkyNDJmZmIwNy9zdGF0dXMueG1sUEsBAhQAFAAAAAAAzCtNTwAAAAAAAAAA
        AAAAABMAAAAAAAAAAAAAAAAABwsAAGRlcGxveW1lbnRzL3BlbmRpbmdQSwECFAAUAAgACADFK01P
        DAVmJHIAAACMAAAAGAAAAAAAAAAAAAAAAAA4CwAAZGVwbG95bWVudHMvc2V0dGluZ3MueG1sUEsB
        AhQAFAAIAAgAzStNT3ohM0npBAAA7gwAABwAAAAAAAAAAAAAAAAA8AsAAGRlcGxveW1lbnRzL3Rv
        b2xzL2RlcGxveS5jbWRQSwECFAAUAAgACADNK01PGorYKGcAAACWAAAAJAAAAAAAAAAAAAAAAAAj
        EQAAZGVwbG95bWVudHMvdG9vbHMvZGVwbG95bWVudENhY2hlS2V5UEsBAhQAFAAIAAgAyStNTwZB
        gqUoAQAAwgEAABUAAAAAAAAAAAAAAAAA3BEAAExvZ0ZpbGVzL2V2ZW50bG9nLnhtbFBLAQIUABQA
        AAAAAPcrTU8AAAAAAAAAAAAAAAAZAAAAAAAAAAAAAAAAAEcTAABMb2dGaWxlcy9rdWR1L2RlcGxv
        eW1lbnQvUEsBAhQAFAAIAAgAxStNT2xUsR3dAAAAOAEAAFMAAAAAAAAAAAAAAAAAfhMAAExvZ0Zp
        bGVzL2t1ZHUvdHJhY2UvMjAxOS0xMC0xM1QwNS0zMC0xMF9lZjYyODlfMDAxX1N0YXJ0dXBfUE9T
        VF9hcGktc2V0dGluZ3NfMHMueG1sUEsBAhQAFAAIAAgAxStNT5aqJzFRAgAAHgQAAE8AAAAAAAAA
        AAAAAAAA3BQAAExvZ0ZpbGVzL2t1ZHUvdHJhY2UvMjAxOS0xMC0xM1QwNS0zMC0xMF9lZjYyODlf
        MDAyX1BPU1RfYXBpLXNldHRpbmdzXzIwNF8xcy54bWxQSwECFAAUAAgACADGK01PW9MxbzgCAAD2
        AwAAVgAAAAAAAAAAAAAAAACqFwAATG9nRmlsZXMva3VkdS90cmFjZS8yMDE5LTEwLTEzVDA1LTMw
        LTExX2VmNjI4OV8wMDNfR0VUX2FwaS1zZXR0aW5ncy1TY21UeXBlXzIwMF8wcy54bWxQSwECFAAU
        AAgACADHK01P3CfVnDcCAAD2AwAAVgAAAAAAAAAAAAAAAABmGgAATG9nRmlsZXMva3VkdS90cmFj
        ZS8yMDE5LTEwLTEzVDA1LTMwLTE1X2VmNjI4OV8wMDRfR0VUX2FwaS1zZXR0aW5ncy1TY21UeXBl
        XzIwMF8wcy54bWxQSwECFAAUAAgACADJK01PkvzPTJYAAAC3AAAAQgAAAAAAAAAAAAAAAAAhHQAA
        TG9nRmlsZXMva3VkdS90cmFjZS8yMDE5LTEwLTEzVDA1LTMwLTE4X2VmNjI4OV8wMDVfU2h1dGRv
        d25fMHMueG1sUEsBAhQAFAAIAAgAyytNT+71Ck/mAAAARQEAAFoAAAAAAAAAAAAAAAAAJx4AAExv
        Z0ZpbGVzL2t1ZHUvdHJhY2UvMjAxOS0xMC0xM1QwNS0zMC0yM19lZjYyODlfMDAxX1N0YXJ0dXBf
        R0VUX2FwaS1zZXR0aW5ncy1TY21UeXBlXzBzLnhtbFBLAQIUABQACAAIAMsrTU/f3IveOgIAAPgD
        AABWAAAAAAAAAAAAAAAAAJUfAABMb2dGaWxlcy9rdWR1L3RyYWNlLzIwMTktMTAtMTNUMDUtMzAt
        MjNfZWY2Mjg5XzAwMl9HRVRfYXBpLXNldHRpbmdzLVNjbVR5cGVfMjAwXzBzLnhtbFBLAQIUABQA
        CAAIAMwrTU/MzFZzxwIAAEoFAABJAAAAAAAAAAAAAAAAAFMiAABMb2dGaWxlcy9rdWR1L3RyYWNl
        LzIwMTktMTAtMTNUMDUtMzAtMjRfZWY2Mjg5XzAwM19QT1NUX2RlcGxveV8yMDJfMHMueG1sUEsB
        AhQAFAAIAAgA2ytNT2TUVj1VAwAALwoAAFEAAAAAAAAAAAAAAAAAkSUAAExvZ0ZpbGVzL2t1ZHUv
        dHJhY2UvMjAxOS0xMC0xM1QwNS0zMC0yNF9lZjYyODlfMDA0X0JhY2tncm91bmRfUE9TVF9kZXBs
        b3lfMzBzLnhtbFBLAQIUABQACAAIAMwrTU/M+nsj2wIAALEGAABYAAAAAAAAAAAAAAAAAGUpAABM
        b2dGaWxlcy9rdWR1L3RyYWNlLzIwMTktMTAtMTNUMDUtMzAtMjRfZWY2Mjg5XzAwNV9HRVRfYXBp
        LWRlcGxveW1lbnRzLWxhdGVzdF8yMDJfMHMueG1sUEsBAhQAFAAIAAgA0StNT0+7C8RrAwAAPggA
        AFgAAAAAAAAAAAAAAAAAxiwAAExvZ0ZpbGVzL2t1ZHUvdHJhY2UvMjAxOS0xMC0xM1QwNS0zMC0z
        NF9lZjYyODlfMDA2X0dFVF9hcGktZGVwbG95bWVudHMtbGF0ZXN0XzIwMl8wcy54bWxQSwECFAAU
        AAgACADVK01Pk5UvijcCAAD2AwAAVQAAAAAAAAAAAAAAAAC3MAAATG9nRmlsZXMva3VkdS90cmFj
        ZS8yMDE5LTEwLTEzVDA1LTMwLTQyX2VmNjI4OV8wMDdfR0VUX2FwaS1zZXR0aW5ncy1icmFuY2hf
        MjAwXzBzLnhtbFBLAQIUABQACAAIANcrTU9ipy0JEwMAACoHAABYAAAAAAAAAAAAAAAAAHEzAABM
        b2dGaWxlcy9rdWR1L3RyYWNlLzIwMTktMTAtMTNUMDUtMzAtNDVfZWY2Mjg5XzAwOF9HRVRfYXBp
        LWRlcGxveW1lbnRzLWxhdGVzdF8yMDJfMXMueG1sUEsBAhQAFAAIAAgA5itNTwN3G65MAgAAUAQA
        AFUAAAAAAAAAAAAAAAAACjcAAExvZ0ZpbGVzL2t1ZHUvdHJhY2UvMjAxOS0xMC0xM1QwNS0zMS0x
        Ml9lZjYyODlfMDEwX0dFVF9hcGktc2V0dGluZ3MtYnJhbmNoXzIwMF8wcy54bWxQSwECFAAUAAgA
        CAD3K01PH5V/aK0BAADGAgAARwAAAAAAAAAAAAAAAADZOQAATG9nRmlsZXMva3VkdS90cmFjZS8y
        MDE5LTEwLTEzVDA1LTMxLTQ2X2VmNjI4OV8wMTFfR0VUX2R1bXBfcGVuZGluZy54bWxQSwECFAAU
        AAgACADFK01PFDYTfoMAAACRAAAASwAAAAAAAAAAAAAAAAD7OwAATG9nRmlsZXMva3VkdS90cmFj
        ZS9SRDAwMTU1REU5QzJBNy1iMjQ5MzJiMi0yYzNkLTRkMDQtYmU3MC1iNWQyN2ZhZWNlNzUudHh0
        UEsFBgAAAAAaABoALQsAAPc8AAAAAA==
    headers:
      cache-control:
      - no-cache
      content-disposition:
      - attachment; filename=dump-10-13-05-31-46.zip
      content-type:
      - application/zip
      date:
      - Sun, 13 Oct 2019 05:31:46 GMT
      expires:
      - '-1'
      pragma:
      - no-cache
      server:
      - Microsoft-IIS/10.0
      set-cookie:
      - ARRAffinity=ef62898f36922ca89cba89ef0b5d1000c07205858d0e1fbc92c4b54b62cfd2c4;Path=/;HttpOnly;Domain=webapp-win-lognoj5qo4gwr.scm.azurewebsites.net
      transfer-encoding:
      - chunked
      x-aspnet-version:
      - 4.0.30319
      x-powered-by:
      - ASP.NET
    status:
      code: 200
      message: OK
version: 1
