interactions:
- request:
    body: null
    headers:
      Accept:
      - application/json
      Accept-Encoding:
      - gzip, deflate
      CommandName:
      - network vnet create
      Connection:
      - keep-alive
      ParameterSetName:
      - -g -n --address-prefix --subnet-name --subnet-prefix
      User-Agent:
      - AZURECLI/2.54.0 azsdk-python-azure-mgmt-resource/23.1.0b2 Python/3.8.10 (Windows-10-10.0.22631-SP0)
    method: GET
    uri: https://management.azure.com/subscriptions/00000000-0000-0000-0000-000000000000/resourcegroups/clitest.rg000001?api-version=2022-09-01
  response:
    body:
      string: '{"id":"/subscriptions/00000000-0000-0000-0000-000000000000/resourceGroups/clitest.rg000001","name":"clitest.rg000001","type":"Microsoft.Resources/resourceGroups","location":"francecentral","tags":{"product":"azurecli","cause":"automation","test":"test_functionapp_create_with_vnet_wrong_sku","date":"2023-11-21T18:43:56Z","module":"appservice"},"properties":{"provisioningState":"Succeeded"}}'
    headers:
      cache-control:
      - no-cache
      content-length:
      - '392'
      content-type:
      - application/json; charset=utf-8
      date:
      - Tue, 21 Nov 2023 18:44:18 GMT
      expires:
      - '-1'
      pragma:
      - no-cache
      strict-transport-security:
      - max-age=31536000; includeSubDomains
      x-cache:
      - CONFIG_NOCACHE
      x-content-type-options:
      - nosniff
      x-msedge-ref:
      - 'Ref A: C5FDCA47D5424166A48B9962D886088E Ref B: CO6AA3150218029 Ref C: 2023-11-21T18:44:19Z'
    status:
      code: 200
      message: OK
- request:
    body: '{"location": "francecentral", "properties": {"addressSpace": {"addressPrefixes":
      ["10.0.0.0/16"]}, "enableDdosProtection": false, "enableVmProtection": false,
      "subnets": [{"name": "subnet000005", "properties": {"addressPrefix": "10.0.0.0/24"}}]}}'
    headers:
      Accept:
      - application/json
      Accept-Encoding:
      - gzip, deflate
      CommandName:
      - network vnet create
      Connection:
      - keep-alive
      Content-Length:
      - '246'
      Content-Type:
      - application/json
      ParameterSetName:
      - -g -n --address-prefix --subnet-name --subnet-prefix
      User-Agent:
      - AZURECLI/2.54.0 (AAZ) azsdk-python-core/1.26.0 Python/3.8.10 (Windows-10-10.0.22631-SP0)
    method: PUT
    uri: https://management.azure.com/subscriptions/00000000-0000-0000-0000-000000000000/resourceGroups/clitest.rg000001/providers/Microsoft.Network/virtualNetworks/vnet000006?api-version=2022-01-01
  response:
    body:
      string: "{\r\n  \"name\": \"vnet000006\",\r\n  \"id\": \"/subscriptions/00000000-0000-0000-0000-000000000000/resourceGroups/clitest.rg000001/providers/Microsoft.Network/virtualNetworks/vnet000006\",\r\n
        \ \"etag\": \"W/\\\"38bba028-2694-4d9e-9ec5-aa3bab7f45c1\\\"\",\r\n  \"type\":
        \"Microsoft.Network/virtualNetworks\",\r\n  \"location\": \"francecentral\",\r\n
        \ \"properties\": {\r\n    \"provisioningState\": \"Updating\",\r\n    \"resourceGuid\":
        \"0dbc3fa8-883a-41b4-876f-c5a13b211c6c\",\r\n    \"addressSpace\": {\r\n      \"addressPrefixes\":
        [\r\n        \"10.0.0.0/16\"\r\n      ]\r\n    },\r\n    \"subnets\": [\r\n
        \     {\r\n        \"name\": \"subnet000005\",\r\n        \"id\": \"/subscriptions/00000000-0000-0000-0000-000000000000/resourceGroups/clitest.rg000001/providers/Microsoft.Network/virtualNetworks/vnet000006/subnets/subnet000005\",\r\n
        \       \"etag\": \"W/\\\"38bba028-2694-4d9e-9ec5-aa3bab7f45c1\\\"\",\r\n
        \       \"properties\": {\r\n          \"provisioningState\": \"Updating\",\r\n
        \         \"addressPrefix\": \"10.0.0.0/24\",\r\n          \"delegations\":
        [],\r\n          \"privateEndpointNetworkPolicies\": \"Disabled\",\r\n          \"privateLinkServiceNetworkPolicies\":
        \"Enabled\"\r\n        },\r\n        \"type\": \"Microsoft.Network/virtualNetworks/subnets\"\r\n
        \     }\r\n    ],\r\n    \"virtualNetworkPeerings\": [],\r\n    \"enableDdosProtection\":
        false\r\n  }\r\n}"
    headers:
      azure-asyncnotification:
      - Enabled
      azure-asyncoperation:
      - https://management.azure.com/subscriptions/00000000-0000-0000-0000-000000000000/providers/Microsoft.Network/locations/francecentral/operations/76b1a3b8-2f44-4c67-a34c-8109c49acd1c?api-version=2022-01-01
      cache-control:
      - no-cache
      content-length:
      - '1249'
      content-type:
      - application/json; charset=utf-8
      date:
      - Tue, 21 Nov 2023 18:44:20 GMT
      expires:
      - '-1'
      pragma:
      - no-cache
      strict-transport-security:
      - max-age=31536000; includeSubDomains
      x-cache:
      - CONFIG_NOCACHE
      x-content-type-options:
      - nosniff
      x-ms-arm-service-request-id:
      - c7c36cae-7ede-4dda-b61e-d8fbaecbc07c
      x-ms-ratelimit-remaining-subscription-writes:
      - '1197'
      x-msedge-ref:
      - 'Ref A: 86192F64D6C14D85AAE2721E8ED76FEC Ref B: CO6AA3150220027 Ref C: 2023-11-21T18:44:19Z'
    status:
      code: 201
      message: Created
- request:
    body: null
    headers:
      Accept:
      - '*/*'
      Accept-Encoding:
      - gzip, deflate
      CommandName:
      - network vnet create
      Connection:
      - keep-alive
      ParameterSetName:
      - -g -n --address-prefix --subnet-name --subnet-prefix
      User-Agent:
      - AZURECLI/2.54.0 (AAZ) azsdk-python-core/1.26.0 Python/3.8.10 (Windows-10-10.0.22631-SP0)
    method: GET
    uri: https://management.azure.com/subscriptions/00000000-0000-0000-0000-000000000000/providers/Microsoft.Network/locations/francecentral/operations/76b1a3b8-2f44-4c67-a34c-8109c49acd1c?api-version=2022-01-01
  response:
    body:
      string: "{\r\n  \"status\": \"InProgress\"\r\n}"
    headers:
      cache-control:
      - no-cache
      content-length:
      - '30'
      content-type:
      - application/json; charset=utf-8
      date:
      - Tue, 21 Nov 2023 18:44:20 GMT
      expires:
      - '-1'
      pragma:
      - no-cache
      strict-transport-security:
      - max-age=31536000; includeSubDomains
      x-cache:
      - CONFIG_NOCACHE
      x-content-type-options:
      - nosniff
      x-ms-arm-service-request-id:
      - d6b109f6-c472-4280-a19b-5b6634c3cf6c
      x-msedge-ref:
      - 'Ref A: 03ABD32B0DB24BDFA2791B75F5DFBAF1 Ref B: CO6AA3150220027 Ref C: 2023-11-21T18:44:20Z'
    status:
      code: 200
      message: OK
- request:
    body: null
    headers:
      Accept:
      - '*/*'
      Accept-Encoding:
      - gzip, deflate
      CommandName:
      - network vnet create
      Connection:
      - keep-alive
      ParameterSetName:
      - -g -n --address-prefix --subnet-name --subnet-prefix
      User-Agent:
      - AZURECLI/2.54.0 (AAZ) azsdk-python-core/1.26.0 Python/3.8.10 (Windows-10-10.0.22631-SP0)
    method: GET
    uri: https://management.azure.com/subscriptions/00000000-0000-0000-0000-000000000000/providers/Microsoft.Network/locations/francecentral/operations/76b1a3b8-2f44-4c67-a34c-8109c49acd1c?api-version=2022-01-01
  response:
    body:
      string: "{\r\n  \"status\": \"Succeeded\"\r\n}"
    headers:
      cache-control:
      - no-cache
      content-length:
      - '29'
      content-type:
      - application/json; charset=utf-8
      date:
      - Tue, 21 Nov 2023 18:44:30 GMT
      expires:
      - '-1'
      pragma:
      - no-cache
      strict-transport-security:
      - max-age=31536000; includeSubDomains
      x-cache:
      - CONFIG_NOCACHE
      x-content-type-options:
      - nosniff
      x-ms-arm-service-request-id:
      - 5d757ddf-624c-4eaa-a761-58e05d1b8f69
      x-msedge-ref:
      - 'Ref A: 8DCDD74F1D104D98AC7C7F28EEDF3D2E Ref B: CO6AA3150220027 Ref C: 2023-11-21T18:44:30Z'
    status:
      code: 200
      message: OK
- request:
    body: null
    headers:
      Accept:
      - '*/*'
      Accept-Encoding:
      - gzip, deflate
      CommandName:
      - network vnet create
      Connection:
      - keep-alive
      ParameterSetName:
      - -g -n --address-prefix --subnet-name --subnet-prefix
      User-Agent:
      - AZURECLI/2.54.0 (AAZ) azsdk-python-core/1.26.0 Python/3.8.10 (Windows-10-10.0.22631-SP0)
    method: GET
    uri: https://management.azure.com/subscriptions/00000000-0000-0000-0000-000000000000/resourceGroups/clitest.rg000001/providers/Microsoft.Network/virtualNetworks/vnet000006?api-version=2022-01-01
  response:
    body:
      string: "{\r\n  \"name\": \"vnet000006\",\r\n  \"id\": \"/subscriptions/00000000-0000-0000-0000-000000000000/resourceGroups/clitest.rg000001/providers/Microsoft.Network/virtualNetworks/vnet000006\",\r\n
        \ \"etag\": \"W/\\\"917fae95-e885-43a6-97f7-8d96d4cb51e3\\\"\",\r\n  \"type\":
        \"Microsoft.Network/virtualNetworks\",\r\n  \"location\": \"francecentral\",\r\n
        \ \"properties\": {\r\n    \"provisioningState\": \"Succeeded\",\r\n    \"resourceGuid\":
        \"0dbc3fa8-883a-41b4-876f-c5a13b211c6c\",\r\n    \"addressSpace\": {\r\n      \"addressPrefixes\":
        [\r\n        \"10.0.0.0/16\"\r\n      ]\r\n    },\r\n    \"subnets\": [\r\n
        \     {\r\n        \"name\": \"subnet000005\",\r\n        \"id\": \"/subscriptions/00000000-0000-0000-0000-000000000000/resourceGroups/clitest.rg000001/providers/Microsoft.Network/virtualNetworks/vnet000006/subnets/subnet000005\",\r\n
        \       \"etag\": \"W/\\\"917fae95-e885-43a6-97f7-8d96d4cb51e3\\\"\",\r\n
        \       \"properties\": {\r\n          \"provisioningState\": \"Succeeded\",\r\n
        \         \"addressPrefix\": \"10.0.0.0/24\",\r\n          \"delegations\":
        [],\r\n          \"privateEndpointNetworkPolicies\": \"Disabled\",\r\n          \"privateLinkServiceNetworkPolicies\":
        \"Enabled\"\r\n        },\r\n        \"type\": \"Microsoft.Network/virtualNetworks/subnets\"\r\n
        \     }\r\n    ],\r\n    \"virtualNetworkPeerings\": [],\r\n    \"enableDdosProtection\":
        false\r\n  }\r\n}"
    headers:
      cache-control:
      - no-cache
      content-length:
      - '1251'
      content-type:
      - application/json; charset=utf-8
      date:
      - Tue, 21 Nov 2023 18:44:30 GMT
      etag:
      - W/"917fae95-e885-43a6-97f7-8d96d4cb51e3"
      expires:
      - '-1'
      pragma:
      - no-cache
      strict-transport-security:
      - max-age=31536000; includeSubDomains
      x-cache:
      - CONFIG_NOCACHE
      x-content-type-options:
      - nosniff
      x-ms-arm-service-request-id:
      - b129d8d7-8f90-42bf-b4cd-faf13d005fe7
      x-msedge-ref:
      - 'Ref A: 06E61CDC421F4190AE34AAE84007B69A Ref B: CO6AA3150220027 Ref C: 2023-11-21T18:44:31Z'
    status:
      code: 200
      message: OK
- request:
    body: null
    headers:
      Accept:
      - application/json
      Accept-Encoding:
      - gzip, deflate
      CommandName:
      - appservice plan create
      Connection:
      - keep-alive
      ParameterSetName:
      - -g -n --sku
      User-Agent:
      - AZURECLI/2.54.0 azsdk-python-azure-mgmt-resource/23.1.0b2 Python/3.8.10 (Windows-10-10.0.22631-SP0)
    method: GET
    uri: https://management.azure.com/subscriptions/00000000-0000-0000-0000-000000000000/resourcegroups/clitest.rg000001?api-version=2022-09-01
  response:
    body:
      string: '{"id":"/subscriptions/00000000-0000-0000-0000-000000000000/resourceGroups/clitest.rg000001","name":"clitest.rg000001","type":"Microsoft.Resources/resourceGroups","location":"francecentral","tags":{"product":"azurecli","cause":"automation","test":"test_functionapp_create_with_vnet_wrong_sku","date":"2023-11-21T18:43:56Z","module":"appservice"},"properties":{"provisioningState":"Succeeded"}}'
    headers:
      cache-control:
      - no-cache
      content-length:
      - '392'
      content-type:
      - application/json; charset=utf-8
      date:
      - Tue, 21 Nov 2023 18:44:31 GMT
      expires:
      - '-1'
      pragma:
      - no-cache
      strict-transport-security:
      - max-age=31536000; includeSubDomains
      x-cache:
      - CONFIG_NOCACHE
      x-content-type-options:
      - nosniff
      x-msedge-ref:
      - 'Ref A: 175F0DF823A848189E8B22FB6934791B Ref B: CO6AA3150220031 Ref C: 2023-11-21T18:44:31Z'
    status:
      code: 200
      message: OK
- request:
    body: '{"location": "francecentral", "sku": {"name": "F1", "tier": "FREE", "capacity":
      1}, "properties": {"perSiteScaling": false, "isXenon": false, "zoneRedundant":
      false}}'
    headers:
      Accept:
      - application/json
      Accept-Encoding:
      - gzip, deflate
      CommandName:
      - appservice plan create
      Connection:
      - keep-alive
      Content-Length:
      - '166'
      Content-Type:
      - application/json
      ParameterSetName:
      - -g -n --sku
      User-Agent:
      - AZURECLI/2.54.0 azsdk-python-azure-mgmt-web/7.1.0 Python/3.8.10 (Windows-10-10.0.22631-SP0)
    method: PUT
    uri: https://management.azure.com/subscriptions/00000000-0000-0000-0000-000000000000/resourceGroups/clitest.rg000001/providers/Microsoft.Web/serverfarms/vnetplan000004?api-version=2022-09-01
  response:
    body:
      string: '{"id":"/subscriptions/00000000-0000-0000-0000-000000000000/resourceGroups/clitest.rg000001/providers/Microsoft.Web/serverfarms/vnetplan000004","name":"vnetplan000004","type":"Microsoft.Web/serverfarms","kind":"app","location":"francecentral","properties":{"serverFarmId":49844,"name":"vnetplan000004","sku":{"name":"F1","tier":"Free","size":"F1","family":"F","capacity":0},"workerSize":"Default","workerSizeId":0,"workerTierName":null,"numberOfWorkers":0,"currentWorkerSize":"Default","currentWorkerSizeId":0,"currentNumberOfWorkers":0,"status":"Ready","webSpace":"clitest.rg000001-FranceCentralwebspace","subscription":"50821c37-1271-4210-8e1f-568acc6ecc66","adminSiteName":null,"hostingEnvironment":null,"hostingEnvironmentProfile":null,"maximumNumberOfWorkers":0,"planName":"VirtualDedicatedPlan","adminRuntimeSiteName":null,"computeMode":"Shared","siteMode":"Limited","geoRegion":"France
        Central","perSiteScaling":false,"elasticScaleEnabled":false,"maximumElasticWorkerCount":1,"numberOfSites":0,"hostingEnvironmentId":null,"isSpot":false,"spotExpirationTime":null,"freeOfferExpirationTime":null,"tags":null,"kind":"app","resourceGroup":"clitest.rg000001","reserved":false,"isXenon":false,"hyperV":false,"mdmId":"waws-prod-par-021_49844","targetWorkerCount":0,"targetWorkerSizeId":0,"provisioningState":"Succeeded","webSiteId":null,"existingServerFarmIds":null,"kubeEnvironmentProfile":null,"zoneRedundant":false,"migrateToVMSS":null,"vnetConnectionsUsed":null,"vnetConnectionsMax":null,"createdTime":"2023-11-21T18:44:35.15"},"sku":{"name":"F1","tier":"Free","size":"F1","family":"F","capacity":0}}'
    headers:
      cache-control:
      - no-cache
      content-length:
      - '1603'
      content-type:
      - application/json
      date:
      - Tue, 21 Nov 2023 18:44:35 GMT
      expires:
      - '-1'
      pragma:
      - no-cache
      strict-transport-security:
      - max-age=31536000; includeSubDomains
      x-aspnet-version:
      - 4.0.30319
      x-cache:
      - CONFIG_NOCACHE
      x-content-type-options:
      - nosniff
      x-ms-ratelimit-remaining-subscription-writes:
      - '1197'
      x-msedge-ref:
      - 'Ref A: CA7AA22D5B8447CFA27B3845FE7B6848 Ref B: CO6AA3150217051 Ref C: 2023-11-21T18:44:31Z'
      x-powered-by:
      - ASP.NET
    status:
      code: 200
      message: OK
- request:
    body: null
    headers:
      Accept:
      - application/json
      Accept-Encoding:
      - gzip, deflate
      CommandName:
      - functionapp create
      Connection:
      - keep-alive
      ParameterSetName:
      - -g -n --plan --vnet --subnet -s
      User-Agent:
      - AZURECLI/2.54.0 azsdk-python-azure-mgmt-web/7.1.0 Python/3.8.10 (Windows-10-10.0.22631-SP0)
    method: GET
    uri: https://management.azure.com/subscriptions/00000000-0000-0000-0000-000000000000/resourceGroups/clitest.rg000001/providers/Microsoft.Web/serverfarms/vnetplan000004?api-version=2022-09-01
  response:
    body:
      string: '{"id":"/subscriptions/00000000-0000-0000-0000-000000000000/resourceGroups/clitest.rg000001/providers/Microsoft.Web/serverfarms/vnetplan000004","name":"vnetplan000004","type":"Microsoft.Web/serverfarms","kind":"app","location":"France
        Central","properties":{"serverFarmId":49844,"name":"vnetplan000004","workerSize":"Default","workerSizeId":0,"workerTierName":null,"numberOfWorkers":0,"currentWorkerSize":"Default","currentWorkerSizeId":0,"currentNumberOfWorkers":0,"status":"Ready","webSpace":"clitest.rg000001-FranceCentralwebspace","subscription":"50821c37-1271-4210-8e1f-568acc6ecc66","adminSiteName":null,"hostingEnvironment":null,"hostingEnvironmentProfile":null,"maximumNumberOfWorkers":1,"planName":"VirtualDedicatedPlan","adminRuntimeSiteName":null,"computeMode":"Shared","siteMode":"Limited","geoRegion":"France
        Central","perSiteScaling":false,"elasticScaleEnabled":false,"maximumElasticWorkerCount":1,"numberOfSites":0,"hostingEnvironmentId":null,"isSpot":false,"spotExpirationTime":null,"freeOfferExpirationTime":null,"tags":null,"kind":"app","resourceGroup":"clitest.rg000001","reserved":false,"isXenon":false,"hyperV":false,"mdmId":"waws-prod-par-021_49844","targetWorkerCount":0,"targetWorkerSizeId":0,"provisioningState":"Succeeded","webSiteId":null,"existingServerFarmIds":null,"kubeEnvironmentProfile":null,"zoneRedundant":false,"migrateToVMSS":null,"vnetConnectionsUsed":0,"vnetConnectionsMax":2,"createdTime":"2023-11-21T18:44:35.15"},"sku":{"name":"F1","tier":"Free","size":"F1","family":"F","capacity":0}}'
    headers:
      cache-control:
      - no-cache
      content-length:
      - '1526'
      content-type:
      - application/json
      date:
      - Tue, 21 Nov 2023 18:44:36 GMT
      expires:
      - '-1'
      pragma:
      - no-cache
      strict-transport-security:
      - max-age=31536000; includeSubDomains
      x-aspnet-version:
      - 4.0.30319
      x-cache:
      - CONFIG_NOCACHE
      x-content-type-options:
      - nosniff
      x-msedge-ref:
      - 'Ref A: 7D2FB83C6FBF4ED6A4298886A8C20467 Ref B: CO6AA3150217011 Ref C: 2023-11-21T18:44:35Z'
      x-powered-by:
      - ASP.NET
    status:
      code: 200
      message: OK
version: 1
