interactions:
- request:
    body: null
    headers:
      Accept:
      - application/json
      Accept-Encoding:
      - gzip, deflate
      CommandName:
      - appservice plan create
      Connection:
      - keep-alive
      ParameterSetName:
      - -g -n
      User-Agent:
      - python/3.7.4 (Windows-10-10.0.18362-SP0) msrest/0.6.9 msrest_azure/0.6.1 azure-mgmt-resource/3.1.0
        Azure-SDK-For-Python AZURECLI/2.0.71
      accept-language:
      - en-US
    method: GET
    uri: https://management.azure.com/subscriptions/00000000-0000-0000-0000-000000000000/resourcegroups/clitest.rg000001?api-version=2019-05-10
  response:
    body:
      string: '{"id":"/subscriptions/00000000-0000-0000-0000-000000000000/resourceGroups/clitest.rg000001","name":"clitest.rg000001","location":"westus","tags":{"product":"azurecli","cause":"automation","date":"2019-08-21T20:13:01Z"},"properties":{"provisioningState":"Succeeded"}}'
    headers:
      cache-control:
      - no-cache
      content-length:
      - '384'
      content-type:
      - application/json; charset=utf-8
      date:
      - Wed, 21 Aug 2019 20:13:09 GMT
      expires:
      - '-1'
      pragma:
      - no-cache
      strict-transport-security:
      - max-age=31536000; includeSubDomains
      vary:
      - Accept-Encoding
      x-content-type-options:
      - nosniff
    status:
      code: 200
      message: OK
- request:
    body: '{"name": "win-log000003", "type": "Microsoft.Web/serverfarms", "location":
      "westus", "properties": {"skuName": "B1", "capacity": 1}}'
    headers:
      Accept:
      - application/json
      Accept-Encoding:
      - gzip, deflate
      CommandName:
      - appservice plan create
      Connection:
      - keep-alive
      Content-Length:
      - '143'
      Content-Type:
      - application/json; charset=utf-8
      ParameterSetName:
      - -g -n
      User-Agent:
      - python/3.7.4 (Windows-10-10.0.18362-SP0) msrest/0.6.9 msrest_azure/0.6.1 azure-mgmt-web/0.42.0
        Azure-SDK-For-Python AZURECLI/2.0.71
      accept-language:
      - en-US
    method: POST
    uri: https://management.azure.com/subscriptions/00000000-0000-0000-0000-000000000000/resourceGroups/clitest.rg000001/providers/Microsoft.Web/validate?api-version=2018-02-01
  response:
    body:
      string: '{"status":"Success","error":null}'
    headers:
      cache-control:
      - no-cache
      content-length:
      - '33'
      content-type:
      - application/json
      date:
      - Wed, 21 Aug 2019 20:13:10 GMT
      expires:
      - '-1'
      pragma:
      - no-cache
      server:
      - Microsoft-IIS/10.0
      strict-transport-security:
      - max-age=31536000; includeSubDomains
      transfer-encoding:
      - chunked
      vary:
      - Accept-Encoding
      x-aspnet-version:
      - 4.0.30319
      x-content-type-options:
      - nosniff
      x-ms-ratelimit-remaining-subscription-writes:
      - '1199'
      x-powered-by:
      - ASP.NET
    status:
      code: 200
      message: OK
- request:
    body: null
    headers:
      Accept:
      - application/json
      Accept-Encoding:
      - gzip, deflate
      CommandName:
      - appservice plan create
      Connection:
      - keep-alive
      ParameterSetName:
      - -g -n
      User-Agent:
      - python/3.7.4 (Windows-10-10.0.18362-SP0) msrest/0.6.9 msrest_azure/0.6.1 azure-mgmt-resource/3.1.0
        Azure-SDK-For-Python AZURECLI/2.0.71
      accept-language:
      - en-US
    method: GET
    uri: https://management.azure.com/subscriptions/00000000-0000-0000-0000-000000000000/resourcegroups/clitest.rg000001?api-version=2019-05-10
  response:
    body:
      string: '{"id":"/subscriptions/00000000-0000-0000-0000-000000000000/resourceGroups/clitest.rg000001","name":"clitest.rg000001","location":"westus","tags":{"product":"azurecli","cause":"automation","date":"2019-08-21T20:13:01Z"},"properties":{"provisioningState":"Succeeded"}}'
    headers:
      cache-control:
      - no-cache
      content-length:
      - '384'
      content-type:
      - application/json; charset=utf-8
      date:
      - Wed, 21 Aug 2019 20:13:11 GMT
      expires:
      - '-1'
      pragma:
      - no-cache
      strict-transport-security:
      - max-age=31536000; includeSubDomains
      vary:
      - Accept-Encoding
      x-content-type-options:
      - nosniff
    status:
      code: 200
      message: OK
- request:
    body: '{"location": "westus", "properties": {"perSiteScaling": false, "isXenon":
      false}, "sku": {"name": "B1", "tier": "BASIC", "capacity": 1}}'
    headers:
      Accept:
      - application/json
      Accept-Encoding:
      - gzip, deflate
      CommandName:
      - appservice plan create
      Connection:
      - keep-alive
      Content-Length:
      - '136'
      Content-Type:
      - application/json; charset=utf-8
      ParameterSetName:
      - -g -n
      User-Agent:
      - python/3.7.4 (Windows-10-10.0.18362-SP0) msrest/0.6.9 msrest_azure/0.6.1 azure-mgmt-web/0.42.0
        Azure-SDK-For-Python AZURECLI/2.0.71
      accept-language:
      - en-US
    method: PUT
    uri: https://management.azure.com/subscriptions/00000000-0000-0000-0000-000000000000/resourceGroups/clitest.rg000001/providers/Microsoft.Web/serverfarms/win-log000003?api-version=2018-02-01
  response:
    body:
      string: '{"id":"/subscriptions/00000000-0000-0000-0000-000000000000/resourceGroups/clitest.rg000001/providers/Microsoft.Web/serverfarms/win-log000003","name":"win-log000003","type":"Microsoft.Web/serverfarms","kind":"app","location":"West
        US","properties":{"serverFarmId":21692,"name":"win-log000003","workerSize":"Default","workerSizeId":0,"workerTierName":null,"numberOfWorkers":1,"currentWorkerSize":"Default","currentWorkerSizeId":0,"currentNumberOfWorkers":1,"status":"Ready","webSpace":"clitest.rg000001-WestUSwebspace","subscription":"85a6c256-e687-4281-9cca-84869cf6ef36","adminSiteName":null,"hostingEnvironment":null,"hostingEnvironmentProfile":null,"maximumNumberOfWorkers":3,"planName":"VirtualDedicatedPlan","adminRuntimeSiteName":null,"computeMode":"Dedicated","siteMode":null,"geoRegion":"West
        US","perSiteScaling":false,"maximumElasticWorkerCount":1,"numberOfSites":0,"hostingEnvironmentId":null,"isSpot":false,"spotExpirationTime":null,"freeOfferExpirationTime":null,"tags":null,"kind":"app","resourceGroup":"clitest.rg000001","reserved":false,"isXenon":false,"hyperV":false,"mdmId":"waws-prod-bay-085_21692","targetWorkerCount":0,"targetWorkerSizeId":0,"provisioningState":"Succeeded","webSiteId":null,"existingServerFarmIds":null},"sku":{"name":"B1","tier":"Basic","size":"B1","family":"B","capacity":1}}'
    headers:
      cache-control:
      - no-cache
      content-length:
      - '1524'
      content-type:
      - application/json
      date:
      - Wed, 21 Aug 2019 20:13:18 GMT
      expires:
      - '-1'
      pragma:
      - no-cache
      server:
      - Microsoft-IIS/10.0
      strict-transport-security:
      - max-age=31536000; includeSubDomains
      transfer-encoding:
      - chunked
      vary:
      - Accept-Encoding
      x-aspnet-version:
      - 4.0.30319
      x-content-type-options:
      - nosniff
      x-ms-ratelimit-remaining-subscription-writes:
      - '1199'
      x-powered-by:
      - ASP.NET
    status:
      code: 200
      message: OK
- request:
    body: null
    headers:
      Accept:
      - application/json
      Accept-Encoding:
      - gzip, deflate
      CommandName:
      - webapp create
      Connection:
      - keep-alive
      ParameterSetName:
      - -g -n --plan --deployment-source-url -r
      User-Agent:
      - python/3.7.4 (Windows-10-10.0.18362-SP0) msrest/0.6.9 msrest_azure/0.6.1 azure-mgmt-web/0.42.0
        Azure-SDK-For-Python AZURECLI/2.0.71
      accept-language:
      - en-US
    method: GET
    uri: https://management.azure.com/subscriptions/00000000-0000-0000-0000-000000000000/resourceGroups/clitest.rg000001/providers/Microsoft.Web/serverfarms/win-log000003?api-version=2018-02-01
  response:
    body:
      string: '{"id":"/subscriptions/00000000-0000-0000-0000-000000000000/resourceGroups/clitest.rg000001/providers/Microsoft.Web/serverfarms/win-log000003","name":"win-log000003","type":"Microsoft.Web/serverfarms","kind":"app","location":"West
        US","properties":{"serverFarmId":21692,"name":"win-log000003","workerSize":"Default","workerSizeId":0,"workerTierName":null,"numberOfWorkers":1,"currentWorkerSize":"Default","currentWorkerSizeId":0,"currentNumberOfWorkers":1,"status":"Ready","webSpace":"clitest.rg000001-WestUSwebspace","subscription":"85a6c256-e687-4281-9cca-84869cf6ef36","adminSiteName":null,"hostingEnvironment":null,"hostingEnvironmentProfile":null,"maximumNumberOfWorkers":3,"planName":"VirtualDedicatedPlan","adminRuntimeSiteName":null,"computeMode":"Dedicated","siteMode":null,"geoRegion":"West
        US","perSiteScaling":false,"maximumElasticWorkerCount":1,"numberOfSites":0,"hostingEnvironmentId":null,"isSpot":false,"spotExpirationTime":null,"freeOfferExpirationTime":null,"tags":null,"kind":"app","resourceGroup":"clitest.rg000001","reserved":false,"isXenon":false,"hyperV":false,"mdmId":"waws-prod-bay-085_21692","targetWorkerCount":0,"targetWorkerSizeId":0,"provisioningState":"Succeeded","webSiteId":null,"existingServerFarmIds":null},"sku":{"name":"B1","tier":"Basic","size":"B1","family":"B","capacity":1}}'
    headers:
      cache-control:
      - no-cache
      content-length:
      - '1524'
      content-type:
      - application/json
      date:
      - Wed, 21 Aug 2019 20:13:19 GMT
      expires:
      - '-1'
      pragma:
      - no-cache
      server:
      - Microsoft-IIS/10.0
      strict-transport-security:
      - max-age=31536000; includeSubDomains
      transfer-encoding:
      - chunked
      vary:
      - Accept-Encoding
      x-aspnet-version:
      - 4.0.30319
      x-content-type-options:
      - nosniff
      x-powered-by:
      - ASP.NET
    status:
      code: 200
      message: OK
- request:
    body: 'b''{"name": "webapp-win-log000002", "type": "Microsoft.Web/sites", "location":
      "West US", "properties": {"serverFarmId": "/subscriptions/00000000-0000-0000-0000-000000000000/resourceGroups/clitest.rg000001/providers/Microsoft.Web/serverfarms/win-log000003"}}'''
    headers:
      Accept:
      - application/json
      Accept-Encoding:
      - gzip, deflate
      CommandName:
      - webapp create
      Connection:
      - keep-alive
      Content-Length:
      - '329'
      Content-Type:
      - application/json; charset=utf-8
      ParameterSetName:
      - -g -n --plan --deployment-source-url -r
      User-Agent:
      - python/3.7.4 (Windows-10-10.0.18362-SP0) msrest/0.6.9 msrest_azure/0.6.1 azure-mgmt-web/0.42.0
        Azure-SDK-For-Python AZURECLI/2.0.71
      accept-language:
      - en-US
    method: POST
    uri: https://management.azure.com/subscriptions/00000000-0000-0000-0000-000000000000/resourceGroups/clitest.rg000001/providers/Microsoft.Web/validate?api-version=2018-02-01
  response:
    body:
      string: '{"status":"Success","error":null}'
    headers:
      cache-control:
      - no-cache
      content-length:
      - '33'
      content-type:
      - application/json
      date:
      - Wed, 21 Aug 2019 20:13:20 GMT
      expires:
      - '-1'
      pragma:
      - no-cache
      server:
      - Microsoft-IIS/10.0
      strict-transport-security:
      - max-age=31536000; includeSubDomains
      transfer-encoding:
      - chunked
      vary:
      - Accept-Encoding
      x-aspnet-version:
      - 4.0.30319
      x-content-type-options:
      - nosniff
      x-ms-ratelimit-remaining-subscription-writes:
      - '1199'
      x-powered-by:
      - ASP.NET
    status:
      code: 200
      message: OK
- request:
    body: null
    headers:
      Accept:
      - application/json
      Accept-Encoding:
      - gzip, deflate
      CommandName:
      - webapp create
      Connection:
      - keep-alive
      ParameterSetName:
      - -g -n --plan --deployment-source-url -r
      User-Agent:
      - python/3.7.4 (Windows-10-10.0.18362-SP0) msrest/0.6.9 msrest_azure/0.6.1 azure-mgmt-web/0.42.0
        Azure-SDK-For-Python AZURECLI/2.0.71
      accept-language:
      - en-US
    method: GET
    uri: https://management.azure.com/subscriptions/00000000-0000-0000-0000-000000000000/resourceGroups/clitest.rg000001/providers/Microsoft.Web/serverfarms/win-log000003?api-version=2018-02-01
  response:
    body:
      string: '{"id":"/subscriptions/00000000-0000-0000-0000-000000000000/resourceGroups/clitest.rg000001/providers/Microsoft.Web/serverfarms/win-log000003","name":"win-log000003","type":"Microsoft.Web/serverfarms","kind":"app","location":"West
        US","properties":{"serverFarmId":21692,"name":"win-log000003","workerSize":"Default","workerSizeId":0,"workerTierName":null,"numberOfWorkers":1,"currentWorkerSize":"Default","currentWorkerSizeId":0,"currentNumberOfWorkers":1,"status":"Ready","webSpace":"clitest.rg000001-WestUSwebspace","subscription":"85a6c256-e687-4281-9cca-84869cf6ef36","adminSiteName":null,"hostingEnvironment":null,"hostingEnvironmentProfile":null,"maximumNumberOfWorkers":3,"planName":"VirtualDedicatedPlan","adminRuntimeSiteName":null,"computeMode":"Dedicated","siteMode":null,"geoRegion":"West
        US","perSiteScaling":false,"maximumElasticWorkerCount":1,"numberOfSites":0,"hostingEnvironmentId":null,"isSpot":false,"spotExpirationTime":null,"freeOfferExpirationTime":null,"tags":null,"kind":"app","resourceGroup":"clitest.rg000001","reserved":false,"isXenon":false,"hyperV":false,"mdmId":"waws-prod-bay-085_21692","targetWorkerCount":0,"targetWorkerSizeId":0,"provisioningState":"Succeeded","webSiteId":null,"existingServerFarmIds":null},"sku":{"name":"B1","tier":"Basic","size":"B1","family":"B","capacity":1}}'
    headers:
      cache-control:
      - no-cache
      content-length:
      - '1524'
      content-type:
      - application/json
      date:
      - Wed, 21 Aug 2019 20:13:20 GMT
      expires:
      - '-1'
      pragma:
      - no-cache
      server:
      - Microsoft-IIS/10.0
      strict-transport-security:
      - max-age=31536000; includeSubDomains
      transfer-encoding:
      - chunked
      vary:
      - Accept-Encoding
      x-aspnet-version:
      - 4.0.30319
      x-content-type-options:
      - nosniff
      x-powered-by:
      - ASP.NET
    status:
      code: 200
      message: OK
- request:
    body: null
    headers:
      Accept:
      - application/json
      Accept-Encoding:
      - gzip, deflate
      CommandName:
      - webapp create
      Connection:
      - keep-alive
      ParameterSetName:
      - -g -n --plan --deployment-source-url -r
      User-Agent:
      - python/3.7.4 (Windows-10-10.0.18362-SP0) msrest/0.6.9 msrest_azure/0.6.1 azure-mgmt-web/0.42.0
        Azure-SDK-For-Python AZURECLI/2.0.71
      accept-language:
      - en-US
    method: GET
    uri: https://management.azure.com/providers/Microsoft.Web/availableStacks?osTypeSelected=Windows&api-version=2018-02-01
  response:
    body:
      string: '{"value":[{"id":null,"name":"aspnet","type":"Microsoft.Web/availableStacks?osTypeSelected=Windows","properties":{"name":"aspnet","display":"Net
        Framework Version","dependency":null,"majorVersions":[{"displayVersion":"v4.7","runtimeVersion":"v4.0","isDefault":true,"minorVersions":[],"applicationInsights":false},{"displayVersion":"v3.5","runtimeVersion":"v2.0","isDefault":false,"minorVersions":[],"applicationInsights":false}],"frameworks":[]}},{"id":null,"name":"node","type":"Microsoft.Web/availableStacks?osTypeSelected=Windows","properties":{"name":"node","display":"node.js
        Version","dependency":null,"majorVersions":[{"displayVersion":"0.6","runtimeVersion":"0.6","isDefault":false,"minorVersions":[{"displayVersion":"0.6.20","runtimeVersion":"0.6.20","isDefault":true,"isRemoteDebuggingEnabled":false}],"applicationInsights":false},{"displayVersion":"0.8","runtimeVersion":"0.8","isDefault":false,"minorVersions":[{"displayVersion":"0.8.2","runtimeVersion":"0.8.2","isDefault":false,"isRemoteDebuggingEnabled":false},{"displayVersion":"0.8.19","runtimeVersion":"0.8.19","isDefault":false,"isRemoteDebuggingEnabled":false},{"displayVersion":"0.8.26","runtimeVersion":"0.8.26","isDefault":false,"isRemoteDebuggingEnabled":false},{"displayVersion":"0.8.27","runtimeVersion":"0.8.27","isDefault":false,"isRemoteDebuggingEnabled":false},{"displayVersion":"0.8.28","runtimeVersion":"0.8.28","isDefault":true,"isRemoteDebuggingEnabled":false}],"applicationInsights":false},{"displayVersion":"0.10","runtimeVersion":"0.10","isDefault":false,"minorVersions":[{"displayVersion":"0.10.5","runtimeVersion":"0.10.5","isDefault":false,"isRemoteDebuggingEnabled":false},{"displayVersion":"0.10.18","runtimeVersion":"0.10.18","isDefault":false,"isRemoteDebuggingEnabled":false},{"displayVersion":"0.10.21","runtimeVersion":"0.10.21","isDefault":false,"isRemoteDebuggingEnabled":false},{"displayVersion":"0.10.24","runtimeVersion":"0.10.24","isDefault":false,"isRemoteDebuggingEnabled":false},{"displayVersion":"0.10.28","runtimeVersion":"0.10.28","isDefault":false,"isRemoteDebuggingEnabled":false},{"displayVersion":"0.10.29","runtimeVersion":"0.10.29","isDefault":false,"isRemoteDebuggingEnabled":false},{"displayVersion":"0.10.31","runtimeVersion":"0.10.31","isDefault":false,"isRemoteDebuggingEnabled":false},{"displayVersion":"0.10.32","runtimeVersion":"0.10.32","isDefault":false,"isRemoteDebuggingEnabled":false},{"displayVersion":"0.10.40","runtimeVersion":"0.10.40","isDefault":false,"isRemoteDebuggingEnabled":false},{"displayVersion":"0.10.5","runtimeVersion":"0.10.5","isDefault":true,"isRemoteDebuggingEnabled":false}],"applicationInsights":false},{"displayVersion":"0.12","runtimeVersion":"0.12","isDefault":false,"minorVersions":[{"displayVersion":"0.12.0","runtimeVersion":"0.12.0","isDefault":false,"isRemoteDebuggingEnabled":false},{"displayVersion":"0.12.2","runtimeVersion":"0.12.2","isDefault":false,"isRemoteDebuggingEnabled":false},{"displayVersion":"0.12.3","runtimeVersion":"0.12.3","isDefault":false,"isRemoteDebuggingEnabled":false},{"displayVersion":"0.12.6","runtimeVersion":"0.12.6","isDefault":true,"isRemoteDebuggingEnabled":false}],"applicationInsights":false},{"displayVersion":"4.8","runtimeVersion":"4.8","isDefault":false,"minorVersions":[],"applicationInsights":false},{"displayVersion":"6.5","runtimeVersion":"6.5","isDefault":false,"minorVersions":[{"displayVersion":"6.5.0","runtimeVersion":"6.5.0","isDefault":true,"isRemoteDebuggingEnabled":false}],"applicationInsights":false},{"displayVersion":"6.9","runtimeVersion":"6.9","isDefault":false,"minorVersions":[{"displayVersion":"6.9.1","runtimeVersion":"6.9.1","isDefault":false,"isRemoteDebuggingEnabled":false},{"displayVersion":"6.9.5","runtimeVersion":"6.9.5","isDefault":true,"isRemoteDebuggingEnabled":false}],"applicationInsights":false},{"displayVersion":"6.12","runtimeVersion":"6.12","isDefault":false,"minorVersions":[],"applicationInsights":false},{"displayVersion":"7.10","runtimeVersion":"7.10","isDefault":false,"minorVersions":[{"displayVersion":"7.10.1","runtimeVersion":"7.10.1","isDefault":true,"isRemoteDebuggingEnabled":false}],"applicationInsights":false},{"displayVersion":"8.1","runtimeVersion":"8.1","isDefault":false,"minorVersions":[{"displayVersion":"8.1.4","runtimeVersion":"8.1.4","isDefault":true,"isRemoteDebuggingEnabled":false}],"applicationInsights":false},{"displayVersion":"8.4","runtimeVersion":"8.4","isDefault":false,"minorVersions":[],"applicationInsights":false},{"displayVersion":"8.5","runtimeVersion":"8.5","isDefault":false,"minorVersions":[],"applicationInsights":false},{"displayVersion":"8.9","runtimeVersion":"8.9","isDefault":false,"minorVersions":[],"applicationInsights":false},{"displayVersion":"8.10","runtimeVersion":"8.10","isDefault":false,"minorVersions":[],"applicationInsights":false},{"displayVersion":"8.11","runtimeVersion":"8.11","isDefault":true,"minorVersions":[],"applicationInsights":false},{"displayVersion":"10.0","runtimeVersion":"10.0","isDefault":false,"minorVersions":[{"displayVersion":"10.0.0","runtimeVersion":"10.0.0","isDefault":true,"isRemoteDebuggingEnabled":false}],"applicationInsights":false},{"displayVersion":"10.6","runtimeVersion":"10.6","isDefault":false,"minorVersions":[{"displayVersion":"10.6.0","runtimeVersion":"10.6.0","isDefault":true,"isRemoteDebuggingEnabled":false}],"applicationInsights":false}],"frameworks":[]}},{"id":null,"name":"php","type":"Microsoft.Web/availableStacks?osTypeSelected=Windows","properties":{"name":"php","display":"PHP
        Version","dependency":null,"majorVersions":[{"displayVersion":"5.6","runtimeVersion":"5.6","isDefault":false,"minorVersions":[],"applicationInsights":false},{"displayVersion":"7.0","runtimeVersion":"7.0","isDefault":false,"minorVersions":[],"applicationInsights":false},{"displayVersion":"7.1","runtimeVersion":"7.1","isDefault":false,"minorVersions":[],"applicationInsights":false},{"displayVersion":"7.2","runtimeVersion":"7.2","isDefault":true,"minorVersions":[],"applicationInsights":false},{"displayVersion":"7.3","runtimeVersion":"7.3","isDefault":false,"minorVersions":[],"applicationInsights":false}],"frameworks":[]}},{"id":null,"name":"python","type":"Microsoft.Web/availableStacks?osTypeSelected=Windows","properties":{"name":"python","display":"Python
        Version","dependency":null,"majorVersions":[{"displayVersion":"2.7","runtimeVersion":"2.7","isDefault":false,"minorVersions":[{"displayVersion":"2.7","runtimeVersion":"2.7.3","isDefault":true,"isRemoteDebuggingEnabled":false}],"applicationInsights":false},{"displayVersion":"3.6","runtimeVersion":"3.4","isDefault":false,"minorVersions":[{"displayVersion":"3.6","runtimeVersion":"3.4.0","isDefault":true,"isRemoteDebuggingEnabled":false}],"applicationInsights":false}],"frameworks":[]}},{"id":null,"name":"java","type":"Microsoft.Web/availableStacks?osTypeSelected=Windows","properties":{"name":"java","display":"Java
        Version","dependency":null,"majorVersions":[{"displayVersion":"1.7","runtimeVersion":"1.7","isDefault":false,"minorVersions":[{"displayVersion":"1.7.0_51
        (Oracle)","runtimeVersion":"1.7.0_51","isDefault":false,"isRemoteDebuggingEnabled":false},{"displayVersion":"1.7.0_71
        (Oracle)","runtimeVersion":"1.7.0_71","isDefault":false,"isRemoteDebuggingEnabled":false},{"displayVersion":"1.7.0_80
        (Oracle)","runtimeVersion":"1.7.0_80","isDefault":false,"isRemoteDebuggingEnabled":false},{"displayVersion":"1.7.0_191
        (Azul)","runtimeVersion":"1.7.0_191_ZULU","isDefault":true,"isRemoteDebuggingEnabled":false}],"applicationInsights":false},{"displayVersion":"1.8","runtimeVersion":"1.8","isDefault":true,"minorVersions":[{"displayVersion":"1.8.0_25
        (Oracle)","runtimeVersion":"1.8.0_25","isDefault":false,"isRemoteDebuggingEnabled":false},{"displayVersion":"1.8.0_60
        (Oracle)","runtimeVersion":"1.8.0_60","isDefault":false,"isRemoteDebuggingEnabled":false},{"displayVersion":"1.8.0_73
        (Oracle)","runtimeVersion":"1.8.0_73","isDefault":false,"isRemoteDebuggingEnabled":false},{"displayVersion":"1.8.0_92
        (Azul)","runtimeVersion":"1.8.0_92","isDefault":false,"isRemoteDebuggingEnabled":false},{"displayVersion":"1.8.0_102
        (Azul)","runtimeVersion":"1.8.0_102","isDefault":false,"isRemoteDebuggingEnabled":false},{"displayVersion":"1.8.0_111
        (Oracle)","runtimeVersion":"1.8.0_111","isDefault":false,"isRemoteDebuggingEnabled":false},{"displayVersion":"1.8.0_144
        (Azul)","runtimeVersion":"1.8.0_144","isDefault":false,"isRemoteDebuggingEnabled":false},{"displayVersion":"1.8.0_172
        (Oracle)","runtimeVersion":"1.8.0_172","isDefault":false,"isRemoteDebuggingEnabled":false},{"displayVersion":"1.8.0_172
        (Azul)","runtimeVersion":"1.8.0_172_ZULU","isDefault":false,"isRemoteDebuggingEnabled":false},{"displayVersion":"1.8.0_181
        (Oracle)","runtimeVersion":"1.8.0_181","isDefault":false,"isRemoteDebuggingEnabled":false},{"displayVersion":"1.8.0_181
        (Azul)","runtimeVersion":"1.8.0_181_ZULU","isDefault":true,"isRemoteDebuggingEnabled":false},{"displayVersion":"1.8.0_202
        (Oracle)","runtimeVersion":"1.8.0_202","isDefault":false,"isRemoteDebuggingEnabled":false},{"displayVersion":"1.8.0_202
        (Azul)","runtimeVersion":"1.8.0_202_ZULU","isDefault":false,"isRemoteDebuggingEnabled":false}],"applicationInsights":false},{"displayVersion":"11","runtimeVersion":"11","isDefault":false,"minorVersions":[{"displayVersion":"11.0.2
        (Azul)","runtimeVersion":"11.0.2_ZULU","isDefault":true,"isRemoteDebuggingEnabled":false}],"applicationInsights":false}],"frameworks":[]}},{"id":null,"name":"javaContainers","type":"Microsoft.Web/availableStacks?osTypeSelected=Windows","properties":{"name":"javaContainers","display":"Java
        Containers","dependency":"java","majorVersions":[],"frameworks":[{"name":"tomcat","display":"Tomcat","dependency":null,"majorVersions":[{"displayVersion":"7.0","runtimeVersion":"7.0","isDefault":false,"minorVersions":[{"displayVersion":"7.0.50","runtimeVersion":"7.0.50","isDefault":false,"isRemoteDebuggingEnabled":false},{"displayVersion":"7.0.62","runtimeVersion":"7.0.62","isDefault":false,"isRemoteDebuggingEnabled":false},{"displayVersion":"7.0.81","runtimeVersion":"7.0.81","isDefault":true,"isRemoteDebuggingEnabled":false}],"applicationInsights":false},{"displayVersion":"8.0","runtimeVersion":"8.0","isDefault":false,"minorVersions":[{"displayVersion":"8.0.23","runtimeVersion":"8.0.23","isDefault":false,"isRemoteDebuggingEnabled":false},{"displayVersion":"8.0.46","runtimeVersion":"8.0.46","isDefault":true,"isRemoteDebuggingEnabled":false}],"applicationInsights":false},{"displayVersion":"8.5","runtimeVersion":"8.5","isDefault":false,"minorVersions":[{"displayVersion":"8.5.6","runtimeVersion":"8.5.6","isDefault":false,"isRemoteDebuggingEnabled":false},{"displayVersion":"8.5.20","runtimeVersion":"8.5.20","isDefault":false,"isRemoteDebuggingEnabled":false},{"displayVersion":"8.5.31","runtimeVersion":"8.5.31","isDefault":false,"isRemoteDebuggingEnabled":false},{"displayVersion":"8.5.34","runtimeVersion":"8.5.34","isDefault":true,"isRemoteDebuggingEnabled":false},{"displayVersion":"8.5.37","runtimeVersion":"8.5.37","isDefault":false,"isRemoteDebuggingEnabled":false}],"applicationInsights":false},{"displayVersion":"9.0","runtimeVersion":"9.0","isDefault":true,"minorVersions":[{"displayVersion":"9.0.0","runtimeVersion":"9.0.0","isDefault":false,"isRemoteDebuggingEnabled":false},{"displayVersion":"9.0.8","runtimeVersion":"9.0.8","isDefault":false,"isRemoteDebuggingEnabled":false},{"displayVersion":"9.0.12","runtimeVersion":"9.0.12","isDefault":true,"isRemoteDebuggingEnabled":false},{"displayVersion":"9.0.14","runtimeVersion":"9.0.14","isDefault":false,"isRemoteDebuggingEnabled":false}],"applicationInsights":false}],"frameworks":null},{"name":"jetty","display":"Jetty","dependency":null,"majorVersions":[{"displayVersion":"9.1","runtimeVersion":"9.1","isDefault":false,"minorVersions":[{"displayVersion":"9.1.0","runtimeVersion":"9.1.0.20131115","isDefault":true,"isRemoteDebuggingEnabled":false}],"applicationInsights":false},{"displayVersion":"9.3","runtimeVersion":"9.3","isDefault":true,"minorVersions":[{"displayVersion":"9.3.13","runtimeVersion":"9.3.13.20161014","isDefault":false,"isRemoteDebuggingEnabled":false},{"displayVersion":"9.3.25","runtimeVersion":"9.3.25.20180904","isDefault":true,"isRemoteDebuggingEnabled":false}],"applicationInsights":false}],"frameworks":null}]}}],"nextLink":null,"id":null}'
    headers:
      cache-control:
      - no-cache
      content-length:
      - '12346'
      content-type:
      - application/json
      date:
      - Wed, 21 Aug 2019 20:13:21 GMT
      expires:
      - '-1'
      pragma:
      - no-cache
      server:
      - Microsoft-IIS/10.0
      strict-transport-security:
      - max-age=31536000; includeSubDomains
      transfer-encoding:
      - chunked
      vary:
      - Accept-Encoding
      x-aspnet-version:
      - 4.0.30319
      x-content-type-options:
      - nosniff
      x-powered-by:
      - ASP.NET
    status:
      code: 200
      message: OK
- request:
    body: 'b''{"location": "West US", "properties": {"serverFarmId": "/subscriptions/00000000-0000-0000-0000-000000000000/resourceGroups/clitest.rg000001/providers/Microsoft.Web/serverfarms/win-log000003",
      "reserved": false, "isXenon": false, "hyperV": false, "siteConfig": {"netFrameworkVersion":
      "v4.6", "appSettings": [{"name": "WEBSITE_NODE_DEFAULT_VERSION", "value": "6.12"}],
      "localMySqlEnabled": false, "http20Enabled": true}, "scmSiteAlsoStopped": false}}'''
    headers:
      Accept:
      - application/json
      Accept-Encoding:
      - gzip, deflate
      CommandName:
      - webapp create
      Connection:
      - keep-alive
      Content-Length:
      - '519'
      Content-Type:
      - application/json; charset=utf-8
      ParameterSetName:
      - -g -n --plan --deployment-source-url -r
      User-Agent:
      - python/3.7.4 (Windows-10-10.0.18362-SP0) msrest/0.6.9 msrest_azure/0.6.1 azure-mgmt-web/0.42.0
        Azure-SDK-For-Python AZURECLI/2.0.71
      accept-language:
      - en-US
    method: PUT
    uri: https://management.azure.com/subscriptions/00000000-0000-0000-0000-000000000000/resourceGroups/clitest.rg000001/providers/Microsoft.Web/sites/webapp-win-log000002?api-version=2018-11-01
  response:
    body:
      string: '{"id":"/subscriptions/00000000-0000-0000-0000-000000000000/resourceGroups/clitest.rg000001/providers/Microsoft.Web/sites/webapp-win-log000002","name":"webapp-win-log000002","type":"Microsoft.Web/sites","kind":"app","location":"West
        US","properties":{"name":"webapp-win-log000002","state":"Running","hostNames":["webapp-win-log000002.azurewebsites.net"],"webSpace":"clitest.rg000001-WestUSwebspace","selfLink":"https://waws-prod-bay-085.api.azurewebsites.windows.net:454/subscriptions/00000000-0000-0000-0000-000000000000/webspaces/clitest.rg000001-WestUSwebspace/sites/webapp-win-log000002","repositorySiteName":"webapp-win-log000002","owner":null,"usageState":"Normal","enabled":true,"adminEnabled":true,"enabledHostNames":["webapp-win-log000002.azurewebsites.net","webapp-win-log000002.scm.azurewebsites.net"],"siteProperties":{"metadata":null,"properties":[{"name":"LinuxFxVersion","value":""},{"name":"WindowsFxVersion","value":null}],"appSettings":null},"availabilityState":"Normal","sslCertificates":null,"csrs":[],"cers":null,"siteMode":null,"hostNameSslStates":[{"name":"webapp-win-log000002.azurewebsites.net","sslState":"Disabled","ipBasedSslResult":null,"virtualIP":null,"thumbprint":null,"toUpdate":null,"toUpdateIpBasedSsl":null,"ipBasedSslState":"NotConfigured","hostType":"Standard"},{"name":"webapp-win-log000002.scm.azurewebsites.net","sslState":"Disabled","ipBasedSslResult":null,"virtualIP":null,"thumbprint":null,"toUpdate":null,"toUpdateIpBasedSsl":null,"ipBasedSslState":"NotConfigured","hostType":"Repository"}],"computeMode":null,"serverFarm":null,"serverFarmId":"/subscriptions/00000000-0000-0000-0000-000000000000/resourceGroups/clitest.rg000001/providers/Microsoft.Web/serverfarms/win-log000003","reserved":false,"isXenon":false,"hyperV":false,"lastModifiedTimeUtc":"2019-08-21T20:13:23.64","storageRecoveryDefaultState":"Running","contentAvailabilityState":"Normal","runtimeAvailabilityState":"Normal","siteConfig":null,"deploymentId":"webapp-win-log000002","trafficManagerHostNames":null,"sku":"Basic","scmSiteAlsoStopped":false,"targetSwapSlot":null,"hostingEnvironment":null,"hostingEnvironmentProfile":null,"clientAffinityEnabled":true,"clientCertEnabled":false,"clientCertExclusionPaths":null,"hostNamesDisabled":false,"domainVerificationIdentifiers":null,"kind":"app","inboundIpAddress":"104.40.53.219","possibleInboundIpAddresses":"104.40.53.219","outboundIpAddresses":"104.40.53.219,104.42.226.43,104.42.227.57,104.42.228.164,104.42.230.5","possibleOutboundIpAddresses":"104.40.53.219,104.42.226.43,104.42.227.57,104.42.228.164,104.42.230.5,104.42.229.180,104.42.227.131","containerSize":0,"dailyMemoryTimeQuota":0,"suspendedTill":null,"siteDisabledReason":0,"functionExecutionUnitsCache":null,"maxNumberOfWorkers":null,"homeStamp":"waws-prod-bay-085","cloningInfo":null,"hostingEnvironmentId":null,"tags":null,"resourceGroup":"clitest.rg000001","defaultHostName":"webapp-win-log000002.azurewebsites.net","slotSwapStatus":null,"httpsOnly":false,"redundancyMode":"None","inProgressOperationId":null,"geoDistributions":null,"privateEndpointConnections":null}}'
    headers:
      cache-control:
      - no-cache
      content-length:
      - '3447'
      content-type:
      - application/json
      date:
      - Wed, 21 Aug 2019 20:13:39 GMT
      etag:
      - '"1D5585CE2AF362B"'
      expires:
      - '-1'
      pragma:
      - no-cache
      server:
      - Microsoft-IIS/10.0
      strict-transport-security:
      - max-age=31536000; includeSubDomains
      transfer-encoding:
      - chunked
      vary:
      - Accept-Encoding
      x-aspnet-version:
      - 4.0.30319
      x-content-type-options:
      - nosniff
      x-ms-ratelimit-remaining-subscription-resource-requests:
      - '499'
      x-powered-by:
      - ASP.NET
    status:
      code: 200
      message: OK
- request:
    body: null
    headers:
      Accept:
      - application/json
      Accept-Encoding:
      - gzip, deflate
      CommandName:
      - webapp create
      Connection:
      - keep-alive
      ParameterSetName:
      - -g -n --plan --deployment-source-url -r
      User-Agent:
      - python/3.7.4 (Windows-10-10.0.18362-SP0) msrest/0.6.9 msrest_azure/0.6.1 azure-mgmt-web/0.42.0
        Azure-SDK-For-Python AZURECLI/2.0.71
      accept-language:
      - en-US
    method: GET
    uri: https://management.azure.com/subscriptions/00000000-0000-0000-0000-000000000000/resourceGroups/clitest.rg000001/providers/Microsoft.Web/sites/webapp-win-log000002?api-version=2018-11-01
  response:
    body:
      string: '{"id":"/subscriptions/00000000-0000-0000-0000-000000000000/resourceGroups/clitest.rg000001/providers/Microsoft.Web/sites/webapp-win-log000002","name":"webapp-win-log000002","type":"Microsoft.Web/sites","kind":"app","location":"West
        US","properties":{"name":"webapp-win-log000002","state":"Running","hostNames":["webapp-win-log000002.azurewebsites.net"],"webSpace":"clitest.rg000001-WestUSwebspace","selfLink":"https://waws-prod-bay-085.api.azurewebsites.windows.net:454/subscriptions/00000000-0000-0000-0000-000000000000/webspaces/clitest.rg000001-WestUSwebspace/sites/webapp-win-log000002","repositorySiteName":"webapp-win-log000002","owner":null,"usageState":"Normal","enabled":true,"adminEnabled":true,"enabledHostNames":["webapp-win-log000002.azurewebsites.net","webapp-win-log000002.scm.azurewebsites.net"],"siteProperties":{"metadata":null,"properties":[{"name":"LinuxFxVersion","value":""},{"name":"WindowsFxVersion","value":null}],"appSettings":null},"availabilityState":"Normal","sslCertificates":null,"csrs":[],"cers":null,"siteMode":null,"hostNameSslStates":[{"name":"webapp-win-log000002.azurewebsites.net","sslState":"Disabled","ipBasedSslResult":null,"virtualIP":null,"thumbprint":null,"toUpdate":null,"toUpdateIpBasedSsl":null,"ipBasedSslState":"NotConfigured","hostType":"Standard"},{"name":"webapp-win-log000002.scm.azurewebsites.net","sslState":"Disabled","ipBasedSslResult":null,"virtualIP":null,"thumbprint":null,"toUpdate":null,"toUpdateIpBasedSsl":null,"ipBasedSslState":"NotConfigured","hostType":"Repository"}],"computeMode":null,"serverFarm":null,"serverFarmId":"/subscriptions/00000000-0000-0000-0000-000000000000/resourceGroups/clitest.rg000001/providers/Microsoft.Web/serverfarms/win-log000003","reserved":false,"isXenon":false,"hyperV":false,"lastModifiedTimeUtc":"2019-08-21T20:13:24.0666667","storageRecoveryDefaultState":"Running","contentAvailabilityState":"Normal","runtimeAvailabilityState":"Normal","siteConfig":null,"deploymentId":"webapp-win-log000002","trafficManagerHostNames":null,"sku":"Basic","scmSiteAlsoStopped":false,"targetSwapSlot":null,"hostingEnvironment":null,"hostingEnvironmentProfile":null,"clientAffinityEnabled":true,"clientCertEnabled":false,"clientCertExclusionPaths":null,"hostNamesDisabled":false,"domainVerificationIdentifiers":null,"kind":"app","inboundIpAddress":"104.40.53.219","possibleInboundIpAddresses":"104.40.53.219","outboundIpAddresses":"104.40.53.219,104.42.226.43,104.42.227.57,104.42.228.164,104.42.230.5","possibleOutboundIpAddresses":"104.40.53.219,104.42.226.43,104.42.227.57,104.42.228.164,104.42.230.5,104.42.229.180,104.42.227.131","containerSize":0,"dailyMemoryTimeQuota":0,"suspendedTill":null,"siteDisabledReason":0,"functionExecutionUnitsCache":null,"maxNumberOfWorkers":null,"homeStamp":"waws-prod-bay-085","cloningInfo":null,"hostingEnvironmentId":null,"tags":null,"resourceGroup":"clitest.rg000001","defaultHostName":"webapp-win-log000002.azurewebsites.net","slotSwapStatus":null,"httpsOnly":false,"redundancyMode":"None","inProgressOperationId":null,"geoDistributions":null,"privateEndpointConnections":[]}}'
    headers:
      cache-control:
      - no-cache
      content-length:
      - '3450'
      content-type:
      - application/json
      date:
      - Wed, 21 Aug 2019 20:13:40 GMT
      etag:
      - '"1D5585CE2AF362B"'
      expires:
      - '-1'
      pragma:
      - no-cache
      server:
      - Microsoft-IIS/10.0
      strict-transport-security:
      - max-age=31536000; includeSubDomains
      transfer-encoding:
      - chunked
      vary:
      - Accept-Encoding
      x-aspnet-version:
      - 4.0.30319
      x-content-type-options:
      - nosniff
      x-powered-by:
      - ASP.NET
    status:
      code: 200
      message: OK
- request:
    body: '{"properties": {"repoUrl": "https://github.com/yugangw-msft/azure-site-test.git",
      "branch": "master", "isManualIntegration": true, "isMercurial": false}}'
    headers:
      Accept:
      - application/json
      Accept-Encoding:
      - gzip, deflate
      CommandName:
      - webapp create
      Connection:
      - keep-alive
      Content-Length:
      - '153'
      Content-Type:
      - application/json; charset=utf-8
      ParameterSetName:
      - -g -n --plan --deployment-source-url -r
      User-Agent:
      - python/3.7.4 (Windows-10-10.0.18362-SP0) msrest/0.6.9 msrest_azure/0.6.1 azure-mgmt-web/0.42.0
        Azure-SDK-For-Python AZURECLI/2.0.71
      accept-language:
      - en-US
    method: PUT
    uri: https://management.azure.com/subscriptions/00000000-0000-0000-0000-000000000000/resourceGroups/clitest.rg000001/providers/Microsoft.Web/sites/webapp-win-log000002/sourcecontrols/web?api-version=2018-11-01
  response:
    body:
      string: '{"id":"/subscriptions/00000000-0000-0000-0000-000000000000/resourceGroups/clitest.rg000001/providers/Microsoft.Web/sites/webapp-win-log000002/sourcecontrols/web","name":"webapp-win-log000002","type":"Microsoft.Web/sites/sourcecontrols","location":"West
        US","properties":{"repoUrl":"https://github.com/yugangw-msft/azure-site-test.git","branch":"master","isManualIntegration":true,"deploymentRollbackEnabled":false,"isMercurial":false,"provisioningState":"InProgress"}}'
    headers:
      cache-control:
      - no-cache
      content-length:
      - '535'
      content-type:
      - application/json
      date:
      - Wed, 21 Aug 2019 20:13:48 GMT
      etag:
      - '"1D5585CF121F12B"'
      expires:
      - '-1'
      pragma:
      - no-cache
      server:
      - Microsoft-IIS/10.0
      strict-transport-security:
      - max-age=31536000; includeSubDomains
      x-aspnet-version:
      - 4.0.30319
      x-content-type-options:
      - nosniff
      x-ms-ratelimit-remaining-subscription-writes:
      - '1198'
      x-powered-by:
      - ASP.NET
    status:
      code: 201
      message: Created
- request:
    body: null
    headers:
      Accept:
      - application/json
      Accept-Encoding:
      - gzip, deflate
      CommandName:
      - webapp create
      Connection:
      - keep-alive
      ParameterSetName:
      - -g -n --plan --deployment-source-url -r
      User-Agent:
      - python/3.7.4 (Windows-10-10.0.18362-SP0) msrest/0.6.9 msrest_azure/0.6.1 azure-mgmt-web/0.42.0
        Azure-SDK-For-Python AZURECLI/2.0.71
    method: GET
    uri: https://management.azure.com/subscriptions/00000000-0000-0000-0000-000000000000/resourceGroups/clitest.rg000001/providers/Microsoft.Web/sites/webapp-win-log000002/sourcecontrols/web?api-version=2018-11-01
  response:
    body:
      string: '{"id":"/subscriptions/00000000-0000-0000-0000-000000000000/resourceGroups/clitest.rg000001/providers/Microsoft.Web/sites/webapp-win-log000002/sourcecontrols/web","name":"webapp-win-log000002","type":"Microsoft.Web/sites/sourcecontrols","location":"West
        US","properties":{"repoUrl":"https://github.com/yugangw-msft/azure-site-test.git","branch":"master","isManualIntegration":true,"deploymentRollbackEnabled":false,"isMercurial":false,"provisioningState":"InProgress","provisioningDetails":"2019-08-21T20:14:11.3385759
        https://webapp-win-log000002.scm.azurewebsites.net/api/deployments/latest?deployer=GitHub&time=2019-08-21_20-14-00Z"}}'
    headers:
      cache-control:
      - no-cache
      content-length:
      - '707'
      content-type:
      - application/json
      date:
      - Wed, 21 Aug 2019 20:14:18 GMT
      etag:
      - '"1D5585CF121F12B"'
      expires:
      - '-1'
      pragma:
      - no-cache
      server:
      - Microsoft-IIS/10.0
      strict-transport-security:
      - max-age=31536000; includeSubDomains
      transfer-encoding:
      - chunked
      vary:
      - Accept-Encoding
      x-aspnet-version:
      - 4.0.30319
      x-content-type-options:
      - nosniff
      x-powered-by:
      - ASP.NET
    status:
      code: 200
      message: OK
- request:
    body: null
    headers:
      Accept:
      - application/json
      Accept-Encoding:
      - gzip, deflate
      CommandName:
      - webapp create
      Connection:
      - keep-alive
      ParameterSetName:
      - -g -n --plan --deployment-source-url -r
      User-Agent:
      - python/3.7.4 (Windows-10-10.0.18362-SP0) msrest/0.6.9 msrest_azure/0.6.1 azure-mgmt-web/0.42.0
        Azure-SDK-For-Python AZURECLI/2.0.71
    method: GET
    uri: https://management.azure.com/subscriptions/00000000-0000-0000-0000-000000000000/resourceGroups/clitest.rg000001/providers/Microsoft.Web/sites/webapp-win-log000002/sourcecontrols/web?api-version=2018-11-01
  response:
    body:
      string: '{"id":"/subscriptions/00000000-0000-0000-0000-000000000000/resourceGroups/clitest.rg000001/providers/Microsoft.Web/sites/webapp-win-log000002/sourcecontrols/web","name":"webapp-win-log000002","type":"Microsoft.Web/sites/sourcecontrols","location":"West
        US","properties":{"repoUrl":"https://github.com/yugangw-msft/azure-site-test.git","branch":"master","isManualIntegration":true,"deploymentRollbackEnabled":false,"isMercurial":false,"provisioningState":"Succeeded"}}'
    headers:
      cache-control:
      - no-cache
      content-length:
      - '534'
      content-type:
      - application/json
      date:
      - Wed, 21 Aug 2019 20:14:49 GMT
      etag:
      - '"1D5585CF121F12B"'
      expires:
      - '-1'
      pragma:
      - no-cache
      server:
      - Microsoft-IIS/10.0
      strict-transport-security:
      - max-age=31536000; includeSubDomains
      transfer-encoding:
      - chunked
      vary:
      - Accept-Encoding
      x-aspnet-version:
      - 4.0.30319
      x-content-type-options:
      - nosniff
      x-powered-by:
      - ASP.NET
    status:
      code: 200
      message: OK
- request:
    body: '{}'
    headers:
      Accept:
      - application/xml
      Accept-Encoding:
      - gzip, deflate
      CommandName:
      - webapp create
      Connection:
      - keep-alive
      Content-Length:
      - '2'
      Content-Type:
      - application/json; charset=utf-8
      ParameterSetName:
      - -g -n --plan --deployment-source-url -r
      User-Agent:
      - python/3.7.4 (Windows-10-10.0.18362-SP0) msrest/0.6.9 msrest_azure/0.6.1 azure-mgmt-web/0.42.0
        Azure-SDK-For-Python AZURECLI/2.0.71
      accept-language:
      - en-US
    method: POST
    uri: https://management.azure.com/subscriptions/00000000-0000-0000-0000-000000000000/resourceGroups/clitest.rg000001/providers/Microsoft.Web/sites/webapp-win-log000002/publishxml?api-version=2018-11-01
  response:
    body:
      string: <publishData><publishProfile profileName="webapp-win-log000002 - Web
        Deploy" publishMethod="MSDeploy" publishUrl="webapp-win-log000002.scm.azurewebsites.net:443"
        msdeploySite="webapp-win-log000002" userName="$webapp-win-log000002" userPWD="LucMsFi49Ai7paHubX4Ts1xBR6qXgTqKcLQ9ZFWrzwk6pxPxvstgDJurzsNe"
        destinationAppUrl="http://webapp-win-log000002.azurewebsites.net" SQLServerDBConnectionString=""
        mySQLDBConnectionString="" hostingProviderForumLink="" controlPanelLink="http://windows.azure.com"
        webSystem="WebSites"><databases /></publishProfile><publishProfile profileName="webapp-win-log000002
        - FTP" publishMethod="FTP" publishUrl="ftp://waws-prod-bay-085.ftp.azurewebsites.windows.net/site/wwwroot"
        ftpPassiveMode="True" userName="webapp-win-log000002\$webapp-win-log000002"
        userPWD="LucMsFi49Ai7paHubX4Ts1xBR6qXgTqKcLQ9ZFWrzwk6pxPxvstgDJurzsNe" destinationAppUrl="http://webapp-win-log000002.azurewebsites.net"
        SQLServerDBConnectionString="" mySQLDBConnectionString="" hostingProviderForumLink=""
        controlPanelLink="http://windows.azure.com" webSystem="WebSites"><databases
        /></publishProfile><publishProfile profileName="webapp-win-log000002 - ReadOnly
        - FTP" publishMethod="FTP" publishUrl="ftp://waws-prod-bay-085dr.ftp.azurewebsites.windows.net/site/wwwroot"
        ftpPassiveMode="True" userName="webapp-win-log000002\$webapp-win-log000002"
        userPWD="LucMsFi49Ai7paHubX4Ts1xBR6qXgTqKcLQ9ZFWrzwk6pxPxvstgDJurzsNe" destinationAppUrl="http://webapp-win-log000002.azurewebsites.net"
        SQLServerDBConnectionString="" mySQLDBConnectionString="" hostingProviderForumLink=""
        controlPanelLink="http://windows.azure.com" webSystem="WebSites"><databases
        /></publishProfile></publishData>
    headers:
      cache-control:
      - no-cache
      content-length:
      - '1730'
      content-type:
      - application/xml
      date:
      - Wed, 21 Aug 2019 20:14:50 GMT
      expires:
      - '-1'
      pragma:
      - no-cache
      server:
      - Microsoft-IIS/10.0
      strict-transport-security:
      - max-age=31536000; includeSubDomains
      x-aspnet-version:
      - 4.0.30319
      x-content-type-options:
      - nosniff
      x-ms-ratelimit-remaining-subscription-resource-requests:
      - '11999'
      x-powered-by:
      - ASP.NET
    status:
      code: 200
      message: OK
- request:
    body: null
    headers:
      Accept:
      - application/json
      Accept-Encoding:
      - gzip, deflate
      CommandName:
      - webapp log download
      Connection:
      - keep-alive
      ParameterSetName:
      - -g -n --log-file
      User-Agent:
      - python/3.7.4 (Windows-10-10.0.18362-SP0) msrest/0.6.9 msrest_azure/0.6.1 azure-mgmt-web/0.42.0
        Azure-SDK-For-Python AZURECLI/2.0.71
      accept-language:
      - en-US
    method: GET
    uri: https://management.azure.com/subscriptions/00000000-0000-0000-0000-000000000000/resourceGroups/clitest.rg000001/providers/Microsoft.Web/sites/webapp-win-log000002?api-version=2018-11-01
  response:
    body:
      string: '{"id":"/subscriptions/00000000-0000-0000-0000-000000000000/resourceGroups/clitest.rg000001/providers/Microsoft.Web/sites/webapp-win-log000002","name":"webapp-win-log000002","type":"Microsoft.Web/sites","kind":"app","location":"West
        US","properties":{"name":"webapp-win-log000002","state":"Running","hostNames":["webapp-win-log000002.azurewebsites.net"],"webSpace":"clitest.rg000001-WestUSwebspace","selfLink":"https://waws-prod-bay-085.api.azurewebsites.windows.net:454/subscriptions/00000000-0000-0000-0000-000000000000/webspaces/clitest.rg000001-WestUSwebspace/sites/webapp-win-log000002","repositorySiteName":"webapp-win-log000002","owner":null,"usageState":"Normal","enabled":true,"adminEnabled":true,"enabledHostNames":["webapp-win-log000002.azurewebsites.net","webapp-win-log000002.scm.azurewebsites.net"],"siteProperties":{"metadata":null,"properties":[{"name":"LinuxFxVersion","value":""},{"name":"WindowsFxVersion","value":null}],"appSettings":null},"availabilityState":"Normal","sslCertificates":null,"csrs":[],"cers":null,"siteMode":null,"hostNameSslStates":[{"name":"webapp-win-log000002.azurewebsites.net","sslState":"Disabled","ipBasedSslResult":null,"virtualIP":null,"thumbprint":null,"toUpdate":null,"toUpdateIpBasedSsl":null,"ipBasedSslState":"NotConfigured","hostType":"Standard"},{"name":"webapp-win-log000002.scm.azurewebsites.net","sslState":"Disabled","ipBasedSslResult":null,"virtualIP":null,"thumbprint":null,"toUpdate":null,"toUpdateIpBasedSsl":null,"ipBasedSslState":"NotConfigured","hostType":"Repository"}],"computeMode":null,"serverFarm":null,"serverFarmId":"/subscriptions/00000000-0000-0000-0000-000000000000/resourceGroups/clitest.rg000001/providers/Microsoft.Web/serverfarms/win-log000003","reserved":false,"isXenon":false,"hyperV":false,"lastModifiedTimeUtc":"2019-08-21T20:13:48.3066667","storageRecoveryDefaultState":"Running","contentAvailabilityState":"Normal","runtimeAvailabilityState":"Normal","siteConfig":null,"deploymentId":"webapp-win-log000002","trafficManagerHostNames":null,"sku":"Basic","scmSiteAlsoStopped":false,"targetSwapSlot":null,"hostingEnvironment":null,"hostingEnvironmentProfile":null,"clientAffinityEnabled":true,"clientCertEnabled":false,"clientCertExclusionPaths":null,"hostNamesDisabled":false,"domainVerificationIdentifiers":null,"kind":"app","inboundIpAddress":"104.40.53.219","possibleInboundIpAddresses":"104.40.53.219","outboundIpAddresses":"104.40.53.219,104.42.226.43,104.42.227.57,104.42.228.164,104.42.230.5","possibleOutboundIpAddresses":"104.40.53.219,104.42.226.43,104.42.227.57,104.42.228.164,104.42.230.5,104.42.229.180,104.42.227.131","containerSize":0,"dailyMemoryTimeQuota":0,"suspendedTill":null,"siteDisabledReason":0,"functionExecutionUnitsCache":null,"maxNumberOfWorkers":null,"homeStamp":"waws-prod-bay-085","cloningInfo":null,"hostingEnvironmentId":null,"tags":null,"resourceGroup":"clitest.rg000001","defaultHostName":"webapp-win-log000002.azurewebsites.net","slotSwapStatus":null,"httpsOnly":false,"redundancyMode":"None","inProgressOperationId":null,"geoDistributions":null,"privateEndpointConnections":[]}}'
    headers:
      cache-control:
      - no-cache
      content-length:
      - '3450'
      content-type:
      - application/json
      date:
      - Wed, 21 Aug 2019 20:15:21 GMT
      etag:
      - '"1D5585CF121F12B"'
      expires:
      - '-1'
      pragma:
      - no-cache
      server:
      - Microsoft-IIS/10.0
      strict-transport-security:
      - max-age=31536000; includeSubDomains
      transfer-encoding:
      - chunked
      vary:
      - Accept-Encoding
      x-aspnet-version:
      - 4.0.30319
      x-content-type-options:
      - nosniff
      x-powered-by:
      - ASP.NET
    status:
      code: 200
      message: OK
- request:
    body: '{}'
    headers:
      Accept:
      - application/xml
      Accept-Encoding:
      - gzip, deflate
      CommandName:
      - webapp log download
      Connection:
      - keep-alive
      Content-Length:
      - '2'
      Content-Type:
      - application/json; charset=utf-8
      ParameterSetName:
      - -g -n --log-file
      User-Agent:
      - python/3.7.4 (Windows-10-10.0.18362-SP0) msrest/0.6.9 msrest_azure/0.6.1 azure-mgmt-web/0.42.0
        Azure-SDK-For-Python AZURECLI/2.0.71
      accept-language:
      - en-US
    method: POST
    uri: https://management.azure.com/subscriptions/00000000-0000-0000-0000-000000000000/resourceGroups/clitest.rg000001/providers/Microsoft.Web/sites/webapp-win-log000002/publishxml?api-version=2018-11-01
  response:
    body:
      string: <publishData><publishProfile profileName="webapp-win-log000002 - Web
        Deploy" publishMethod="MSDeploy" publishUrl="webapp-win-log000002.scm.azurewebsites.net:443"
        msdeploySite="webapp-win-log000002" userName="$webapp-win-log000002" userPWD="LucMsFi49Ai7paHubX4Ts1xBR6qXgTqKcLQ9ZFWrzwk6pxPxvstgDJurzsNe"
        destinationAppUrl="http://webapp-win-log000002.azurewebsites.net" SQLServerDBConnectionString=""
        mySQLDBConnectionString="" hostingProviderForumLink="" controlPanelLink="http://windows.azure.com"
        webSystem="WebSites"><databases /></publishProfile><publishProfile profileName="webapp-win-log000002
        - FTP" publishMethod="FTP" publishUrl="ftp://waws-prod-bay-085.ftp.azurewebsites.windows.net/site/wwwroot"
        ftpPassiveMode="True" userName="webapp-win-log000002\$webapp-win-log000002"
        userPWD="LucMsFi49Ai7paHubX4Ts1xBR6qXgTqKcLQ9ZFWrzwk6pxPxvstgDJurzsNe" destinationAppUrl="http://webapp-win-log000002.azurewebsites.net"
        SQLServerDBConnectionString="" mySQLDBConnectionString="" hostingProviderForumLink=""
        controlPanelLink="http://windows.azure.com" webSystem="WebSites"><databases
        /></publishProfile><publishProfile profileName="webapp-win-log000002 - ReadOnly
        - FTP" publishMethod="FTP" publishUrl="ftp://waws-prod-bay-085dr.ftp.azurewebsites.windows.net/site/wwwroot"
        ftpPassiveMode="True" userName="webapp-win-log000002\$webapp-win-log000002"
        userPWD="LucMsFi49Ai7paHubX4Ts1xBR6qXgTqKcLQ9ZFWrzwk6pxPxvstgDJurzsNe" destinationAppUrl="http://webapp-win-log000002.azurewebsites.net"
        SQLServerDBConnectionString="" mySQLDBConnectionString="" hostingProviderForumLink=""
        controlPanelLink="http://windows.azure.com" webSystem="WebSites"><databases
        /></publishProfile></publishData>
    headers:
      cache-control:
      - no-cache
      content-length:
      - '1730'
      content-type:
      - application/xml
      date:
      - Wed, 21 Aug 2019 20:15:22 GMT
      expires:
      - '-1'
      pragma:
      - no-cache
      server:
      - Microsoft-IIS/10.0
      strict-transport-security:
      - max-age=31536000; includeSubDomains
      x-aspnet-version:
      - 4.0.30319
      x-content-type-options:
      - nosniff
      x-ms-ratelimit-remaining-subscription-resource-requests:
      - '11999'
      x-powered-by:
      - ASP.NET
    status:
      code: 200
      message: OK
- request:
    body: null
    headers:
      Accept:
      - application/json
      Accept-Encoding:
      - gzip, deflate
      CommandName:
      - webapp log download
      Connection:
      - keep-alive
      Content-Length:
      - '0'
      ParameterSetName:
      - -g -n --log-file
      User-Agent:
      - python/3.7.4 (Windows-10-10.0.18362-SP0) msrest/0.6.9 msrest_azure/0.6.1 azure-mgmt-web/0.42.0
        Azure-SDK-For-Python AZURECLI/2.0.71
      accept-language:
      - en-US
    method: POST
    uri: https://management.azure.com/subscriptions/00000000-0000-0000-0000-000000000000/resourceGroups/clitest.rg000001/providers/Microsoft.Web/sites/webapp-win-log000002/config/publishingcredentials/list?api-version=2018-11-01
  response:
    body:
      string: '{"id":"/subscriptions/00000000-0000-0000-0000-000000000000/resourceGroups/clitest.rg000001/providers/Microsoft.Web/sites/webapp-win-log000002/publishingcredentials/$webapp-win-log000002","name":"webapp-win-log000002","type":"Microsoft.Web/sites/publishingcredentials","location":"West
        US","properties":{"name":null,"publishingUserName":"$webapp-win-log000002","publishingPassword":"LucMsFi49Ai7paHubX4Ts1xBR6qXgTqKcLQ9ZFWrzwk6pxPxvstgDJurzsNe","publishingPasswordHash":null,"publishingPasswordHashSalt":null,"metadata":null,"isDeleted":false,"scmUri":"https://$webapp-win-log000002:LucMsFi49Ai7paHubX4Ts1xBR6qXgTqKcLQ9ZFWrzwk6pxPxvstgDJurzsNe@webapp-win-log000002.scm.azurewebsites.net"}}'
    headers:
      cache-control:
      - no-cache
      content-length:
      - '771'
      content-type:
      - application/json
      date:
      - Wed, 21 Aug 2019 20:15:23 GMT
      expires:
      - '-1'
      pragma:
      - no-cache
      server:
      - Microsoft-IIS/10.0
      strict-transport-security:
      - max-age=31536000; includeSubDomains
      transfer-encoding:
      - chunked
      vary:
      - Accept-Encoding
      x-aspnet-version:
      - 4.0.30319
      x-content-type-options:
      - nosniff
      x-ms-ratelimit-remaining-subscription-resource-requests:
      - '11998'
      x-powered-by:
      - ASP.NET
    status:
      code: 200
      message: OK
- request:
    body: null
    headers: {}
    method: GET
    uri: https://webapp-win-log000002.scm.azurewebsites.net/dump
  response:
    body:
      string: !!binary |
        UEsDBBQACAAIANChFU8AAAAAAAAAAAAAAAASAAAAZGVwbG95bWVudHMvYWN0aXZlDcGBDQAgCAOw
        l5CMyM7RZfx/grZSYz7mIQKyi2V3K5a1mciZG/sBUEsHCFX9O3cnAAAAKAAAAFBLAwQUAAgACADQ
        oRVPAAAAAAAAAAAAAAAAPAAAAGRlcGxveW1lbnRzL2NjODRmZmZmOTJhOTQwNGNlZTU5NWVlODhj
        MDFlYzc5MjQyZmZiMDcvbG9nLmxvZ61YUY7cuBH9ToDcQfBHZhZoMiJFkdLkZxZrJwGSGAt7FwsM
        BlhQEtWtrFrsSGrPdr5yCH/mKkHushfIFfKo7paoGbfgNmIPYNdQVfWq6rFYJA9ZSsKEcPYdD++Y
        uAs5TUMRMxk/rL7fFbqvmnXQ7bOtLfa16eiKC17mLNNElokmIlMZyXQmiOS6FCyPMy2SVfibX/MX
        liPKQs5TkT6svm3NTrfOdGF2tT1sTdMHpW2D3G63VR9URXCT54ko8SflN3SV54UsIpMTODBE5Lwg
        WjFBwkwpnogwNUJd8hpJlUohH1Z/NI1pjxF5bru8rXY9XWVGFyIzMckAkwiVGpKqiJNc5rHWeczT
        NHIufvWpyEQUiihxOetcVP3GIJy6tk9OckHppgh6G6yPEIwf9xHAXXCj/7FvTdBVvb98XA3IISCk
        saSwPfHAkzZ49frucWO35tEpPiKxFv+x7eFVQOyzxUmxe+ytrTt8A6OFwT9O+1vdb56pePZQhgvx
        C8qV4FEqlnM8VNi5o3/rgh9MFryHz8Hmy5QKGsU8khJkebdvmmdUOWWUUroqZZEWacaJSXVEBCsM
        SZIUjM51ZjIj0kTmF2E7aqRR8rD65liiu2fRv0jY4/E3NN8Wry5lQ9KEMy7D6GH1J5S9dtjPUU8G
        LyZTUSZEHDFE/k1rjnTVu92PtixhytBNv73kGaoSNHQB/Xlf7N8fmpy+ffNdULZ2C35dIMoNiPl8
        9enpqbW2v/kMT69NbYYuUVa1gZ2N7ZzY9brtHdh6yYiKVcKVy//u4PJ0skHXVV+tG9uaL1De6fwn
        vXYks82SesoEC1/63rU2N133peqdaT+YFtoLrrlioWTYLWPuPrvAcRwmoQLqv1j705AxdE1ow+Hv
        RtfBvilMe+wkrowLXFOcy5Txc+Maqkb2u+DUdkaTl4mgQDimpq1viuDJZDS3TVmtlzyf9d6eOgLS
        1lW26QL9QVe1zmoT2GZopbta9zgdtoFuwbCQSsrD3w494PeQEsp9gaW+xOVMUjMpmSQW0ngmsfki
        Z7NVLuai5wWW+DNdDxFWo7mpyEOPVeFFxjidS/6nnEYeBk5HCIKGk5qgbC6MJtC06YjECbOV0bZb
        GYNFV/atRb4O3J7xCAq3vuBhE3SsgaCxryPngmcgmRBAY/osRnDjZ7GPLQaCEU7s+4nBHm9FzQXP
        WuKvpJMfqE8r0k8vaDklRPpwpI9A+ggk9RBImvqmZ05T33Q6JcTpjMwFnDk4sO1cB6x52RqkseKD
        5FuZBQIajlaAdoKI88YXPLYqP3rlF0P5qVB+KpSfCieMtIOfuddwKgfKNGFIAGjUAmv8FY9rie8p
        QQMZCeGEkQOJXw4njFlwgufHRwd9L81uZbIOySMfJObtEyfGYNBCp40xYnHMBe9x5OY9Gu15rDi1
        zmDYUTT4vjOBfwoOx6obP/ONtVjTQVGVpWnd1H1SXXIr01i6Bj+53W3PegGaCLYhW0B9Vh+vE1XV
        DcAP2zrQfTAbS06Dx6P3zQXTYGXMRcgl5qwGgH74+t3bedSH/Vo36yeC44jgiLwHWWkYvLUYvo/H
        G06b1Yp9aqR3xpHsmONkvNL4NDEj7aYukNn/t4t3b75+/dc3AW5nesE4RgWlMApeib+uctOAJIvg
        I0YxZkZxCjaan3ctBqZ7cBkbdeDkj6fr4uNp7UIJnZVYhEmCLP/y8V+/fPwnfgIUR+8McaPjULJo
        QTvBJSHCtWvS1m2rD6TExNCbBvr4e5X+vq/qjmxNuzaD9wXtNMSdMAb9Ju+DHi5oR37ZtvsCGy1I
        awjuxxi+oI4NdjmANOIiciSdIHzQ7WGIm1+llrt50uAauG50j3voAFxeZcI0OUa5fXss25L7OBSJ
        m38n1KbXa7hE91xwKaNIRph9J7Wt6Te2cFlGohY0UyFZhCeASXOHuy7pLWnNGiS9R/Ol6pIBHGyM
        JcJdySYDw2hMMDD3Ve78g/4L+jxOpGS+/lDgY7IiepHjcC2YSMMZx0vstw0g47hYcPlSDzM5NkVP
        +sPuWF+xoB4rxuJZjTpdGpLt3clx70avJecvtc/Oi6obnijQfIcQlkL/lBVHUyjibF8Ar7hS8Szd
        rlD7zjiqYBK4TtX0uBT21qXNlgPXlkqdJJGKZ1TBrb9YpijK/FLt7939MB4ugH2pZBtSVk3VbUxx
        j7kNB96tMfhV2/VH5F9dZQ62dL1xzxhDM0LRg9t9s6tOBAqvs4Y0/nwguihaYAN/g1tc6550WwCs
        24HjQFrt3Ee41AIzZuIFLywUYRjOeFqYbL+GA4zGwe22G1xdaaIzzYDIHWi3aOd9a11TBe3O4/Rg
        F9t+lKut21PefLfp+x0xbXs8BTARXxeFznOz610CIqqC28asbV9pvOwhU7hp+H6HDe3iRAbFkheW
        Sj4/sBynSeW84A6QIF2mqPRgz/nxbntbxPcFfj7+9z//xo871zNbHKZjjaGswW126LEl8TI8Dcmt
        fiLuU4Tjze/PkznGX6GvfCA1XhKHpvB58f/htEPwso0sd125r+vDcQR+8RQZIa2JSJRCOzk/RaKB
        9f4T7uk98rb7yj1JFkUam9goUqg4x2M100QbVZLMmDKLlFJSp598rIYrnjKVuMfq19PD+ASSrqJc
        x0qygkSqEO6VWpOEKbzGFzzlhWEpoDrb/wNQSwcIUEj18M8HAADZFwAAUEsDBBQACAAIAMOhFU8A
        AAAAAAAAAAAAAAA9AAAAZGVwbG95bWVudHMvY2M4NGZmZmY5MmE5NDA0Y2VlNTk1ZWU4OGMwMWVj
        NzkyNDJmZmIwNy9tYW5pZmVzdNNLzyzJTM/LL0rl5SpITM5OTE/VyyrOzwPyivKTU4uLobzi1KKy
        1CIgh5dLD6iFlwsAUEsHCE08ibUyAAAAOQAAAFBLAwQUAAgACADQoRVPAAAAAAAAAAAAAAAAPwAA
        AGRlcGxveW1lbnRzL2NjODRmZmZmOTJhOTQwNGNlZTU5NWVlODhjMDFlYzc5MjQyZmZiMDcvc3Rh
        dHVzLnhtbI2SQU7DMBBF90jcIeq+ieOkJK5cl02BPV2xQa4zCZbiOLKd0p6NBUfiChi3qYJUJLLy
        zP/vz1jO18cnXR9UG+3BWKm71SyN0SyCTuhKds1qNrh6Xs7W7PaGVtC3+qigc76KIiorJkSZ1/4j
        mJMc5QJgQRYAZSlQCqIgOMd1vUMFTbw5QHxwb9qw49DwrnmfK1s7mpybwXCaAoY9Svc07GhyaUz4
        jeKyHUPulRRGW127WGg1pp0sgVFgLW+A8aqK7LCrtKc7f+p7bZy/WDIagrs3ujGeYDS5HINgHXeD
        Zc+DEF6mybmeaFs4OI+dhFAEseXWnalNV22lAoZRSuaonON0i9EyzZcZjjNUpNkif6HJFSAEGRAg
        9/BHBMJxie8ygoiP+GUdVzTu+nCUxWlakIL8DPfbn30Bg39tPLoC4l+hb8EB25oBaHIpgyjtqwPV
        swfeWi+O5agZ4JXu2uNEv7R+nmryE34DUEsHCBhHmGBnAQAAvAIAAFBLAwQUAAAAAAC9oRVPAAAA
        AAAAAAAAAAAAEwAAAGRlcGxveW1lbnRzL3BlbmRpbmdQSwMEFAAIAAgAt6EVTwAAAAAAAAAAAAAA
        ABgAAABkZXBsb3ltZW50cy9zZXR0aW5ncy54bWx7v3u/jX1Fbo5CWWpRcWZ+nq2SoZ6BkkJqXnJ+
        SmZeuq1SaUmaroWSvR0vl01xakkJUKwYyFZQsElJLcjJr8xNzSsB84EiiSkpCtmplbZKSUWJeckZ
        SgpliTmlqbZKuYnFJalFSgr6EI36KDpt9OHGAgBQSwcIDAVmJHIAAACMAAAAUEsDBBQACAAIAMKh
        FU8AAAAAAAAAAAAAAAAcAAAAZGVwbG95bWVudHMvdG9vbHMvZGVwbG95LmNtZMVW32/iRhB+R+J/
        GJAs3VXBSa6tKpFSHSLLHT0wFDu5nIRkOfYCvphd116H0If+7Z3ZtfkRSO76dDyA8ezMfjv7fTPz
        Pp5D03J7I9+bdnvMH7JbNrSa4LC/oPlLE97zcClBzuf1Wr3WbkPr5EebPt1c38A1TxO5WXGhwA2z
        OFXadMuzPJaiDZf2hX3526uRtHGS8Yz/XcR5rHh+vLwEg2Hj+QaEjLj9NYdY5CpIEh7Va+sl+msD
        vPtDFAnQV7026IPFptPx1BxTn/IC3tRrAPqcozjPY7HYRuRPPCxUcJ/wM0gTHuS82qRacgaYwCDJ
        eBBtKhuPYBU8cMgLxBArCAMB9xxwTbhE2zyTKwiLLKMkcfEYZ1JQwmyCsZBKAs8ymdVrb8tjulwV
        6S4J9DbnKpFhkKA/oYt4Emzw+ykNBCWalrjMg+7UG/S7Pc/tWP9G6YVl27MgU/E8CBVmVefDGXtw
        zfoDh13j72Q4/jJijue745tpj5nUUKQjUxWxhImZfSGS151+wAA6yc8iGVPH2sK0Zuv1OpMSWaMP
        /yyqw+48f9R1Bn3mev6k633chT22HcRdBSKe8xwDU5afxZ1M2e1gfOOeig1AoE+veGEHAAR/Cj8p
        xHe/OD2/N7o20FFSA0NbeCiiAvKNCLd0LC3EyE9kdEsjXnwCIl1VhNOu5AmtBSo0jxOkU3nOxo7v
        jZLv+xyjVYhhSGRKNvC1yBVkhRC0Z5MQ0Z5NWMsiiZDnucTH7IG8KC0HB+pYQZpGgQqsGWKbVc52
        uEJBYjr0trv6QDeBO9+oOInVBvqFCBVS94TaqeTo1S5PeKgclHtZUEoOV/w1cNiQ9TzfGV8z/5ZN
        3cHYOUi3t+Qwl0ki13TGACUaScFBCjy+FPA5FpFc59D9h9T7md/rErSvUzq8vgHrtf0sLKtHosHC
        evDWCODoLRtNrOb33x+ymd0NXO9ZbIoy832qjmW6bLVKm4Z35v7OU1Qt5ondsc7vh8he8CZUWj/f
        4JXWAEB5iNfgpavX0E1G/p+ulvpLAA/9/xe+Et1+4arSsZ+l6l2HUkk+Wtsmgw4CRDF3mo1qVQPv
        uEGvS9wNvMm3wIbuXjWtvFAnFI+kVLmXm+gttGLabNw3Wmn/4I/W676AD+YBjXHfqjvqx0BEyX5L
        jbYDAvY7HfHS1tXNFDfk8vkAiTxw/MmQBpKdhqqp5LKksNZgm+kWzXurCL0O6hGubz3CrxfQohFn
        F6fsbWRWh4atHFsCDccdhVxStJzuBmSNoWkvYnVlLxdX9u6oV+aRSuF36lrfP+b3nQ2m6plh5tEM
        UvWaOfzJgoheP9vbrkJtIg3Ch2BBg9QLpUK3aGtWrsNZSooyyWmRLymze+mrskTMPboDzXwURGPb
        m1qtNJNRoYt7Kbhv1o5UpqZnEEF+9KfsXFwgJE3YknIQyhWOFRFkslAxthC1DBSsY+zNZmgu8N+S
        i2qc26PqboDTT0AlxO9YP5X3aun/Vr2mh/NdA0eG6bn8oml26AfY6SPgT7HqYWnq7M+2ZxW8zjYa
        rYPz+4MRWB+pnDfxhHqorNc0/m6JHJZBDjLUE2sEUZGRnNf8Hqgzwo7kqGdDB9oHZ1ZGU+yQP3Ic
        vHeGPk6/Va83s7mBcOxTwb3cLtj3rdfeGI3oe3kGvR+LOKdZOy/CkOf5vMDhBvH9B1BLBwh6ITNJ
        6QQAAO4MAABQSwMEFAAIAAgAwqEVTwAAAAAAAAAAAAAAACQAAABkZXBsb3ltZW50cy90b29scy9k
        ZXBsb3ltZW50Q2FjaGVLZXldjDEKgDAQBHvBPwT7CycKirUP8AFphBwoqCvJNfm9sVJS7cLuzNjb
        lkcebM8dW64rSoboAnkoebkPpFMuNRRMM09uwyku7iouyI1cEFJjCMX4gdEpcMT8yVIvOV56WXUr
        kJ+vrh5QSwcIVZ8z22YAAACWAAAAUEsDBBQACAAIALuhFU8AAAAAAAAAAAAAAAAVAAAATG9nRmls
        ZXMvZXZlbnRsb2cueG1sbVBNa8JAEL0X+h8W77K7+dA0jAsxkRpqbdCcKlIWM8XQfLFZLULpb+82
        MdJDLztv38y8eTOwOGOlWwFdFLC9tBpLAYmqz3mGiqxlibPRUusmKaR+r1W5lFVWoBrRa1McCYsx
        BrSTMD9Y4RkL4QDtAaSy/RCmoIvwhJfPWmWtGADQAQlI8xJDhVJjRnovv8xsZDH+MGbe2OKpxXxu
        +677enOwwYMRNJNtzqeTyZR7VzO3BIRHWVXGVNA0RX6QOq8roAMJYV02J41KbCLGuOtGC9f25pap
        GBKwxcNJ5fpitqbDkbqFI6mlgO4NkmQVh0Eav6zfnoN18LjY+P73Pyz5IvqYtzPG5lPbY4zs0jgi
        E8fx9mSXGOg6jO2B9tr9Yf9i46Gb3Yr7ux9QSwcIpt5ZyCgBAADCAQAAUEsDBBQAAAAAAOyhFU8A
        AAAAAAAAAAAAAAAZAAAATG9nRmlsZXMva3VkdS9kZXBsb3ltZW50L1BLAwQUAAgACAC3oRVPAAAA
        AAAAAAAAAAAAUwAAAExvZ0ZpbGVzL2t1ZHUvdHJhY2UvMjAxOS0wOC0yMVQyMC0xMy00Nl8zZTQ5
        OGJfMDAxX1N0YXJ0dXBfUE9TVF9hcGktc2V0dGluZ3NfMHMueG1sfY5NS8NAFEX3gv/h+dYdM/kw
        aUJSKHUTjG1xgrgLYzPoQDIZMy8L/71ToSBduHzvHO69pSNlgTQNqkJBcqbFwov6WpQjhF6Sf0c8
        zBlfsyhsI16EcZGk92mWIWjjSJqTV2KV5Ot3hGUeKgyk1YFTRNp8OIRR0efUV3g8iBaBvq3350uD
        1Z48JJyvolWKIE5j+yvsJ6P8uXvuxFN97IRoutdtUz9u2/qwr5AjbG5vAMq/83eDksbPfxsHaKZz
        9T/78xgh2JR3jEG/zJL0ZAqIw9EBYz66DM7J1zzJLvwHUEsHCEe7XjDeAAAAOAEAAFBLAwQUAAgA
        CAC3oRVPAAAAAAAAAAAAAAAATwAAAExvZ0ZpbGVzL2t1ZHUvdHJhY2UvMjAxOS0wOC0yMVQyMC0x
        My00Nl8zZTQ5OGJfMDAyX1BPU1RfYXBpLXNldHRpbmdzXzIwNF8xcy54bWydk9tu2kAQhu8r9R22
        e51ZfCo2CEdyCWlQOQmbkl4aMwFHsOvurkmap+/YKWrVCKnq7cy/c/j3m4GxWDFb2gPGfCwLdSzl
        ji3xe43GcrbNLcU9x+2BE4HnZp7Td/1+0BVh6HJWSmNzWZDEx6AXbTir9SHmnbwqOwatpVqGsyPa
        vdrGfDFPM87sj4r0+tyhKinzMXCcK++qy9lQSYmFLZWM+RfECpJDecI2blFamKDc2T2N9KptY1lb
        Ma+qQ1nkzdPOo1GSs6Smvrp8aWMx/5QbIQRno+eKOsTcdRwolKQha2pwpwzFnnBDdeCplHBQu+6j
        Ollr62MlTHEU+UutkRSmtGiERPJnZVBDsqPJYp40aVjjJm3yQJtYrQ4H1J3IF44IRTfi7BmOBn4t
        D83qQRHkbhh5EOZeBIHv9yDP8QGKIHK8wN1424imu4d1sk5hJZG+aItbWC0nb3weTsajWQbjRbNb
        IAJHfPSF5/b6XT90vaZIslzCZP4Zxjf/3jgdZyO4GS0m82/Ttjy9vWQTZ+skJfFtsppkcEf/PUum
        o8v6S7bew63ST7luNl1oZVXM99ZWxBLtUFUp6lNZ4JvUNIXhfHKTZskyIw84u37/jrHBn4jPa7tT
        DeIaTaWkIW8vMR6KXhj85vUsJ+JtbYb0C81hkOA1kOEzMTBTDcENlZw1U6KO+bQstDLqwcJ4nHZc
        Rzj/jcEwL/Z4JivmlS5PdKCtK6aaoYWvqE17OwER5zu+2+Oscz34AMC2tW4Poc+co2EA5M2g01jz
        d9olZM6Kn1BLBwj71M0hTgIAAB8EAABQSwMEFAAIAAgAuKEVTwAAAAAAAAAAAAAAAFYAAABMb2dG
        aWxlcy9rdWR1L3RyYWNlLzIwMTktMDgtMjFUMjAtMTMtNDhfM2U0OThiXzAwM19HRVRfYXBpLXNl
        dHRpbmdzLVNjbVR5cGVfMjAwXzBzLnhtbJ2TX2/aMBTF3yftO3h+7nX+FgIjlTJK26i0VCSM7tGE
        W0iVxJ7tQNdPP4cObarENO3V5/j63uPfHWmDkpjSVBjTtClEXTYbMsfvLWpDyZobe+673gDcCHwv
        992hFwzDiIXnESVlow1vCmsJMBxEK0paVcXU4bJ0NBpja2knK+r8h0RKajRbsY7p9SSnxNijmKrj
        Q7K0wnnoumf+WY+SsWgaLEwpmpjeIkpIqnJnSyStLaHKV/4mfeGaMUbJjdAmpntccSlhXzZQiU3v
        WeyMMW0tmS5qxl9bhdahS4OaNWiHW2hUkGywsXeTToYlrrJOB/u+UaKqUDlRwFzWZz077gvUGn61
        DF3DYRFyrx/50Od+BGEQDIBzfIIijFw/9Fb+OrJNP8IyWWawaNDmu8Y1LObTkyGNp+nkPof0Iaae
        G7LQZecB873BsBf0Pb8rlsznMJ1dQ3r57w1kaT6By8nDdPbt7lDe3j0VFyXLJLPmq2QxzeFmluX3
        yd3ktP9UvI9wJdSeq27iByWMiOnWGKkPM0iZodqVBb6TLj5+IGT0J5Sz1mxEB6VCLUWjbaB/oXLg
        /UbraLeMmlaPbfQdyi4lbwc5vtiPn91S0rWCKqZ3ZaGEFk8G0jRzPJdZ73/++ZgXWzxiFFOpyp1d
        pcPoWt6jga+o9AHv0OIVuIE3OFBvLI3QrUtMLctVWRxId561aD6TYsuVXau4NU9gcXQuRp8AyLpV
        B9OQeEGtCYDNcOR0Eb7Xw/5R/wlQSwcIoC0vezUCAAD3AwAAUEsDBBQACAAIALmhFU8AAAAAAAAA
        AAAAAABWAAAATG9nRmlsZXMva3VkdS90cmFjZS8yMDE5LTA4LTIxVDIwLTEzLTUxXzNlNDk4Yl8w
        MDRfR0VUX2FwaS1zZXR0aW5ncy1TY21UeXBlXzIwMF8wcy54bWydk19v2jAUxd8n7Tt4fu51/gKB
        kUoZpW1UWioSRvdowi24SuLMdqDrp59DhzRNQpv26nN8fe/x7461wYYYYUqMaVoXshL1lizwe4va
        ULLhxp77rjcENwLfy3135AWjnsd63pASUWvD68JaAgyH0ZqSVpUxdXgjHI3G2FrayYoq/9EgJRWa
        ndzE9GaaU2LsUUzV6aFGWKEXuu6Ff9GnZCLrGgsjZB3TO8QGklLsbYmktSWUeOPv0heuGWOU3Ept
        YnrANW8aOIgaSrntv8i9MaatGqaLivG3VqF1aGFQsxrtcEuNCpIt1vZu0smwwnXW6WDfN0qWJSon
        CpjLBqwfUfIKlYZfLUPXcFiE3BtEPgy4H0EYBEPgHJ+hCCPXD721v4ls00+wSlYZLGu0+W5wA8vF
        7GxIk1k6fcghfYyp54YsdFkvYL43HPWDged3xZLFAmbzG0iv/r2BLM2ncDV9nM2/3R/L27vn4qJk
        lWTWfJ0sZznczrP8Ibmfnvefi/cJrqU6cNVN/KikkTHdGdPo4wxNk6HaiwL/kC4/fiBk/DuU89Zs
        ZQelQt3IWttA/0LlCa2T3TJqWj2x0Xcou5S8H+T4aj9+fkdJ1wqqmN6LQkktnw2kaeZ4LrPe//zz
        CS92eMIopo0Se7tKx9F184AGvqLSR7xDi1fgBt06ddRZGqFbl5halktRHEl3XrSsP5Nix5Vdq7g1
        z2BxdC7HnwDIplVH04gEXqUJgM1w7HQRntd/AlBLBwhOsD4oMAIAAPcDAABQSwMEFAAIAAgAu6EV
        TwAAAAAAAAAAAAAAAEIAAABMb2dGaWxlcy9rdWR1L3RyYWNlLzIwMTktMDgtMjFUMjAtMTMtNTRf
        M2U0OThiXzAwNV9TaHV0ZG93bl8wcy54bWxViksOwiAUAPcm3uHJulS+FUjbM5joBVBIJGlpLY94
        fevSZFYz0xeMK2DCKQ7kui3PWArcXhXD8skEgsfdC8YtZYYKfhfMcem0aq3RBFIu6PNzX2RU1jwI
        rCkMRCvGGtEYAnXFNO+ZMffDtFJLri6CwOQLbvFdY8G/Rbaq05pbReA89idKIdTNY1qyA97NBSgd
        j4cvUEsHCJgcnRqUAAAAtwAAAFBLAwQUAAgACAC9oRVPAAAAAAAAAAAAAAAAWgAAAExvZ0ZpbGVz
        L2t1ZHUvdHJhY2UvMjAxOS0wOC0yMVQyMC0xMy01OV8zZTQ5OGJfMDAxX1N0YXJ0dXBfR0VUX2Fw
        aS1zZXR0aW5ncy1TY21UeXBlXzBzLnhtbH2PTUvDQBCG74L/YZxz12w+GpqQLZRaSjB+4IbSW1ib
        pS4km5idgP57V7AgHry+z8wz8xaO9AhkqNMCJamJ5hFe9PusHSG0inwc8TBjfMWisI54Hsb5MruN
        4wTBWEfKnvxIrJNs9YowT53AQI0mcJrI2LML5KmvP0eN0Gt6G1qB+12NQD4SOF0OjcaDNOF8ES1S
        hJ8dgbsP0pNV3d74b+T2oZH35XMjZdUcNlV5t6nLp0eBHGF9fQVQ/C6z7bSyvsyx76Aazu7fNkuv
        CNbFDWPQzpMiM9gcwrR3wJhXF8G3+S+Pwwv/AlBLBwhHOWW15wAAAEYBAABQSwMEFAAIAAgAvaEV
        TwAAAAAAAAAAAAAAAFYAAABMb2dGaWxlcy9rdWR1L3RyYWNlLzIwMTktMDgtMjFUMjAtMTMtNTlf
        M2U0OThiXzAwMl9HRVRfYXBpLXNldHRpbmdzLVNjbVR5cGVfMjAwXzBzLnhtbJ2TX2/aMBTF3yft
        O3h+7s3/QsJIpYzSNiotFQmjezThFlyF2LMd2vXTz0mHNFVCmvbqc3x97/HvjrVBSQw3NaY0byqx
        582WLPBni9pQsmHGngeen4AXQ+CXgTfyw9F54oTJkBLeaMOaylpCjJJ4TUmr6pS6THJXozG2lnaL
        al/+kkjJHs1ObFJ6PS0pMfYoper4kORWGESedxacDSiZiKbBynDRpPQWUUJW84MtkbW2hOJv7F36
        xrTjOJTcCG1S+oJrJiW88AZqsR08i4Mxpt1LR1d7h721Cq1Dc4PaadAOt9SoINtiY+9mnQwrXBed
        DvZ9o0Rdo3Lj0PGcoTOIKXmFvYY/LUPXcFRFzB/GAQxZEEMUhgkwhk9QRbEXRP462MS26UdYZasC
        lg3afDe4geVidjKkySyf3peQP6TU9yIn8pzz0An8ZDQIh37QFcsWC5jNryG//PcGirycwuX0YTb/
        cdeXt3dPxUXJKius+Spbzkq4mRflfXY3Pe0/Fe8jXAn1wlQ38YMSRqR0Z4zU/QxSFqgOvMIP0sXn
        T4SM/4Zy3pqt6KBUqKVotA30NJXDyEZ0ROtot4yaVk9s9B3KHiXvByW+2o+f31LStYIqpXe8UkKL
        JwN5Xri+51jvf/75hFU7PGKUUqn4wa5SP7qW92jgOyrd4x1ZvEIv9JOeemNphG5dUmpZrnnVk+4+
        a9F8JdWOKbtWaWuewOLoXoy/AJBNq3rTiPjRXhMAm+HY7SL8qIfnydHwG1BLBwjGkzGgNwIAAPgD
        AABQSwMEFAAIAAgAwKEVTwAAAAAAAAAAAAAAAEkAAABMb2dGaWxlcy9rdWR1L3RyYWNlLzIwMTkt
        MDgtMjFUMjAtMTMtNTlfM2U0OThiXzAwM19QT1NUX2RlcGxveV8yMDJfMHMueG1slVRdc9M6EH2/
        M/wHoQeeWFv+SOKEGsaUlGZu+jFNSoEXRrGXxFxb0pXkfvDrWSctdDotA6/a3aPds+fsnvNomK99
        gzmfqVK3tVqzM/y/Q+c5q6Sn91hEYxAZxNEyFpMomQzGwSgbcVYr56UqKSXBdJytOOtsk/OwQtPo
        mzeubJc3BvPptUerZPO+9i9ka17VrnA3qsy97ZCzFv1GVzk/PVksOfN9Abd3DZiaIsNUiJfxyyFn
        +1opLH2tVc7/RTRQNPUlYdC7R+VhjmrtNzkfR5wVHeHa+rvcpb+VLggCzqbXhhByHgkBJZXVqm/i
        UDt6u8KVNAauagWNXg+/6UvvfdeagCYJ5PfOImW42qMLFBI95w4tFGv6OedFH4YLXC36OPQdWd00
        aMMsCUQwCoYZZ9fQOrgdDvrR0jKV0SiLYSTjDNIkGYOU+BXKNBNxGq3iKqPuPsJFcbGAc4W0oQor
        OD+b/y3N+/PZ9HgJs9N+9DRIRTBIgjgaT4bJKIr7P4qzM5ifvIfZuz/vazFbTuHd9HR+8uloC0+1
        T7HI2UWxoOSD4ny+hENa93FxNH06/ynWP8KBtlfS9kScWu11zjfeG7edwZgF2su6xAeh18/+YWzv
        vtoP0JebQ6kq2tHvlJ4lKWfb8gcACy+tZzutt6QBsgPzG2QrWf63trpT1e9gx4ngLHy99xyAVZ3d
        qnTCosGgdQxg127Y9/swJR6Ieyn3Jzrp/Fr3/rXojFaOlPOogdOJEAHp/5fb7tLJzr5z+6Sx3vWk
        it3DEq97hZclGo80VU8x2pwf1aXVTn/1MJstwkgEBDnX5a3jtkuZhOFTenh8v6E09e0B6Ul1YUM3
        yPk3O57pV7oih91qe0h83WL+6zp9iQVEKQjxmS6CLDd458KcG1tfEs5WIs4co4cPaN32jqTkzkQk
        0fiRdfxkeu/RVSRJfLeKH1BLBwgW2F9YxQIAAEkFAABQSwMEFAAIAAgA0KEVTwAAAAAAAAAAAAAA
        AFEAAABMb2dGaWxlcy9rdWR1L3RyYWNlLzIwMTktMDgtMjFUMjAtMTMtNTlfM2U0OThiXzAwNF9C
        YWNrZ3JvdW5kX1BPU1RfZGVwbG95XzMzcy54bWzVVk2P4zYMvRfof1B9KHYP9shfsZ1OFujOTLtA
        0TZApujFQCHLTGLEllxJHkz+falkJokdx1jsrb4kECg+8vGR1L020BJTmRoWzmfGdxslO1E+K8bB
        ISUzeBxQP3Np6gb+c0DnfjiPMy+LIodUQhsmOJqEEGVp4ZBO1QvnroS2lnuHNGC2slw4yz9Xzw75
        9P13hNxf4j0oYKYSG2KgaaViak+OVxsQ5gZ6NKfUo3TmkLtP9z+4Lik7hU6kmJNZ2Gjiutc4S1Br
        qRqLtAbDt6RgGsqvxPIpfYt9EP3jIUsb6u9MsA0o73jyoSrnnKfRGr8sYFlEIw4QZzFAmnLqA0+y
        IArW64ImH29nGXhJkp2QB9gPsq6BH7jjWyY2oMFgOWyWBzKm3KY+JnRFXuifySP49Qr1V4tKsPTp
        rmhk2dWgJxHiZAQhSiYQHsGArZAFOWuAFF1Vl6Bug4WeH12yNAj88/E+qTT5Q5awqgy8HU25DPxg
        JH4/HsR/Z7U8FGGSDqx6gpft3ma4Wn0hO9hPkBh6QZx+TRCX7g+pof/J3BJs3EOL2CoP6PoVBNhu
        6hdBc1W1E/0YeuEMC37hdOD26RV4d/AKr1hmwWrSKslBTxIQRdjkZt/ieDlZt8xsFw5OHYV+PN6U
        DmFq09km1Avnx387aX56nOdLJTeKNeSXCpVKPryms4+5rf0TwguNw0Lnv3Vll6eR59OUJl5EQ5oX
        lcgFquSfN4nnnj3ZoeGRAYt3hCDuHgeNkG4pjXshV1eRUwxb2UCuETRX0Er8I9X+/bYcMzv70bmR
        stbv1ghUAuJZZ0skYOzyEGNEOmmc9aV5Vf4Ve8GxyBnf4s8LKMsUkWtitnDZlEc2CA4bwmXTMFH+
        H/gY3WW4TSIvpPEIXf5syNb9aMNn8cXaObRUf3Z+i/gxpgyn2reJ/yy8K0Xlx5OzkEfyDpIkoFep
        X46Z1a5qyboTuH9QH0ZVG1x+xMqglpuKs7Ylei84KYCzTsPZFKewkIaAYEUNpXdzTIWBFwSY/9WS
        GsQ1XpAg8/3eMrtlNgv6Zpc5PtTADsuow9cRvk7I2o6SqYgj6o9E3FdRb6n+DcUXKXf6/fWw7Iq6
        0tunFxxmP1sC52QptXk8PTMm0cOxlTULzoUcZyHEl8hJ6LdM4uy0uv8DUEsHCABZdl5kAwAAMAoA
        AFBLAwQUAAgACADAoRVPAAAAAAAAAAAAAAAAWAAAAExvZ0ZpbGVzL2t1ZHUvdHJhY2UvMjAxOS0w
        OC0yMVQyMC0xNC0wMF8zZTQ5OGJfMDA1X0dFVF9hcGktZGVwbG95bWVudHMtbGF0ZXN0XzIwMl8w
        cy54bWytVNtS2zAQfe9M/0HVQ59YW77kWkzHhQCZhsskodC+dBR7CerYlirJ0PL1lc0lmUKYTodX
        7Wr37O45Z9tYVMQKW2BCx1UmS1EtyRR/1mgsJTm37j1kwQBYH8JgHrJhEA8Z84JenxJRGcurzKVE
        GA/6C0pqXSTU50r4OapC/i6xssYvXBljP949oU4OhD2sF+95qT5YUWKyavA9ZBDEwNg3Skq0VzJP
        6MFoTon9rVwb/QBMCRfoxoxthVsOyK6sKsyskFVCPyMqSAtxjZSktSuhxS2/C33ixvM8Sg6lsQm9
        wQVXCm5EBYVcdn/Ia2ttXSrPZKXHb2uNLsMIB92r0C3jzKCGdOkmSmjahOEcF7MmDq6/1bIoUPv9
        yGNez+s6VL+gNHAPGRrAcRZzt7gQejzsQxxFA+AcLyGL+yyMg0WY9x3oCzhPz2dwVqG7R445nE0n
        r7bU3cl4dDyH8WlCAxZ7MfM6kRcGg2E36gVh0zydTmFycgDjvX8HPBvPR7A3Op2cfD1qy7u/m9ZL
        yXk6c8n76dlkDocns/lxejTanL/pHBewL/UN182GTrW0MqFX1irTzqDUDPW1yPCv0M7bN4Rsr5N+
        75Gn9z+8A7RTNHXxIv+jbpeSttq/1Ju0Ali1eklZ65U31j7iFV+iXmF1Y28Wa9QPKPF3tt8BkLzW
        rRqGJOh0S0MA7qfY2ItYLBXkg07nshMyIgw5xSp3PvFSy07Ue6YlW2+47Td3eIJqEKySnk8JWbSW
        sn7Mk9ouZeNgGo2SlXFq2ryVbjxY+cpDujM0W5tdp7vG95wg7h7m+KtRfZahsphT0nDFGRk9EpmW
        Rl5aGI9nfsA89t+y3+XZFT44SUKVFteONS2bjTpGC19Qm9bhYucwEYsCB38is3tva7k/9P1Nsnte
        Rq9k1Y3/OV+EeevSzlULcYfL/2Fk9YFkV1wbtEltL8EZ4xMqPvLi+YPHvUdO/AFQSwcIyC7s0tYC
        AACxBgAAUEsDBBQACAAIAMWhFU8AAAAAAAAAAAAAAABYAAAATG9nRmlsZXMva3VkdS90cmFjZS8y
        MDE5LTA4LTIxVDIwLTE0LTEwXzNlNDk4Yl8wMDZfR0VUX2FwaS1kZXBsb3ltZW50cy1sYXRlc3Rf
        MjAyXzFzLnhtbK1VXXPaOBR935n9D6oe9imy5S9s07g7lNCEWUgYIJvsvuwI+0LcsS1VkknbX7+y
        CYEkQHd26kfp+ujcr3POlQaBdK4LSPCwSnmZVys0hS81KI1RxrQ5d6kTExoR15m7tOv4XYdanTjE
        KK+UZlVqQjzw42iBUS2LBNtM5HYGouDfSqi0sgsDo/TvmyOQyWWur+rFb6wU73VeQrJ74B+XEscn
        lP6NUQn6gWcJvhzMMdLfhHlGbomJ3Fx0fErP3DPHxajPqwpSnfMqwX8ACNIr8jVg1KsNhsy/s83V
        R6Ysy8Loiiud4EdYMCHIY16Rgq86n/laa12XwlJpabHvtQQToXLD3arAVONWgSS9lUkpwb3mmtzB
        YtbcE/O+lrwoQNqRZ1ErtDoRRl9JqcgTZ9Iw9lOfOWHkkpC5EfE9LyaMwZKkfkRd31m4WWRI35O7
        3t2M3FZgGpJBRm6no59W1f5oOLiek+EkwQ71LZ9agWe5TtzteGFTyXvSm07J6OaSDC/+O+HZcD4g
        F4PJ6OavcQtv/j1WXozuejMT/Kl3O5qTq5vZ/Lo3HhyPP9aOe/KJy0cmmwpNJNc8wQ9aC9XmIMQM
        5DpP4dXVh19/Qeh8f+r7BbCqFui+LNCIr8zvx6c+8joY2R/O3xGCslq2U9VFTqdUiJC30BfPO/BE
        xroEPQVVFyd3KwopRi3aK6oH8Ubtcu2uTvKPvGfko9hjVrEVyB3XkyWJqRmaJ7LIfC9qO6nlCtBm
        7xspQGZZyhNwjkUD/wXcK8AplHwNyKAIksVBcIYmUGVGs86QhBTMzmeIaRTZrmM3qoKiRq8oRZPx
        8bo4lhPGP+hrk5rhYjeT86b/wd4AHA/zaLybkzZsfwx3DURpGvlL88Uui33qpwBBHABEUUodSMPY
        9d3lckFDlCv0sc6LJv9T2bl+cCA7uk/mcGJeGOyCDof4dC/3F72/qfWKN24iQQleKSNsxxbLsdzI
        NGCr8dtwYy66Vn0jgY0HmTHbHMzhayPAaQpCQ4ZRs1vGVPA4TyVXfKnJcDizjUeZLfqfCtxn6QNs
        RT3BQuZrs2WtsChxDZr8CVK1ZuMbsfeo5xj6I54+2UwrQ13bPqaAhxXtJ9lmY0Vm1ci8dUxjcEW+
        4WV/Vrx6j9IHJhXopNZLYjzqjZo9z8XhhndotJ2JfwFQSwcI4SvyHG0DAAA9CAAAUEsDBBQACAAI
        AMmhFU8AAAAAAAAAAAAAAABVAAAATG9nRmlsZXMva3VkdS90cmFjZS8yMDE5LTA4LTIxVDIwLTE0
        LTE4XzNlNDk4Yl8wMDdfR0VUX2FwaS1zZXR0aW5ncy1icmFuY2hfMjAwXzBzLnhtbJ2TXW/aMBSG
        7yftP3i+7sk3NGGkUkZpG5WWioTRXSbhAK5C7NkO/fj1c9KhTZuQpt36vOfr9XPGSqMgmukaY5o2
        Fd+zZksW+L1FpSlZF9q8e44bgROC5+aeM3KDkRtaYTikhDVKF01lJD4GUVhS0so6pnYhmK1Qa1NL
        2aU0kh0le9Q7vo7p9TSnRL8KkyWPfQQzgWHgOGfemetRMuFNg5VmvInpLaKApGYHpCRpTQ3J3or3
        0JdCWZZFyQ1XOqbPWBZCwDNroObb4RM/aK3bvbBUtbeKt1aiUSimUVkNmuWWCiUkW2xMbtKFYYVl
        1sXB9NeS1zVKO/Qtxzq3hiElL7BX8HNm6CYeeBFWlVcAOlUEgRcWEA42JQSR55f+phoMS+PSI6yS
        VQbLBo2/a1zDcjE7ZdJklk7vc0gfYuo6gRU41sC3PDcaDf3zzphHSBYLmM2vIb389/5Zmk/hcvow
        m3+768ub3FNuUbJKMiO+SpazHG7mWX6f3E1P60+5+whXXD4Xslv4QXLNY7rTWqh+ByEylAdW4R+h
        i48fCBn/zuS81VveMSlRCd4oA8FpKKPo/BdaR7lBVLdqYpzvSHYoeX/I8cX8+/yWkm4UlDG9Y5Xk
        im80pGlmu45ltP/55ZOi2uGRopgKyQ7mkvrVlbhHDV9Rqp7uwNDlO74b9dBrAyPk/W0YlGtW9aDb
        T4o3n0m1K6S5qrjVGzA02hfjTwBk3cpeNCJusFcEwHg4tjsL/4p7g6PgB1BLBwgXe5+QNAIAAPcD
        AABQSwMEFAAIAAgAy6EVTwAAAAAAAAAAAAAAAFgAAABMb2dGaWxlcy9rdWR1L3RyYWNlLzIwMTkt
        MDgtMjFUMjAtMTQtMjJfM2U0OThiXzAwOF9HRVRfYXBpLWRlcGxveW1lbnRzLWxhdGVzdF8yMDJf
        MXMueG1srVVNc9s2FLx3pv8BwaGngARISiIVMx1FVmxN5Y+R5NrtpQOBTzIyJIECoJ3k1wekrcix
        JU+nEx7xHh8X+3aXR9aBRk66EnI8rYWqZL1Bc/i3AeswKrjz5xFlGaEpidgyokOWDKMoYLSHkayt
        47XwLTEkWbrCqDFljkOuZViALtWXCmpnw9KPse73hyMw+Yl0p83qN17pd05WkO8+8E9ECUsIpX9j
        VIG7VUWOTyZLjNwX7T9jtsC09IV+Qunb6C2LMBqrugbhpKpz/AeAJqNS3gFGo8bPMPIrfyh94DYI
        AoxOlXU5vocV15rcy5qUatP/pO6cc02lAyuqgH9tDPgOKz32oAbPxpUFQ0Ybf6Ucj9oyuYbVoq0T
        /31nVFmCCdM4oMEg6KcYfSaVJY+YSYs4EQlngzQiAx6lJInjjHAOayKSlEYJW0VF6kHfkOvR9YJc
        1eAXUkBBruazn8bqeDadnC/J9DLHjCZBQoNeHEQsG/bjQcvkDRnN52R2cUKmx/8d8GK6nJDjyeXs
        4q+zbrx/9xC9GF2PFr754+hqtiSnF4vl+ehscrj/0DpuyEdl7rlpGbo0yqkc3zqnbXcHrRdg7qSA
        Z6X3v/6C0NFT1Y9L4HWj0U1Vopna+NcPqz7tedWH74/eEIKKxnSqGqIoG1QWEfJy9vF3EzyiCU7A
        zcE25SvmigPWH2DUTXuGde+8WeeuXenwBfzkNP4++eDsM17zDZgd1lc4eRz5ghPW6+84Qf75gfMd
        WCREmqz9k0U8S2giAHpZDyBNBWUgBlmUROv1ig6QtOhDI8vCB9RrN/Se2rMi9gOao7AVwPM1sjTd
        Qd7f4n3ypOWpii4at1FtdhqwWtXW2/iQjGJvOm+0baJt232UusaOveHbxPUNDwdL+NzGjRCgHRQY
        tULyEYrPpDDKqrUj0+kiZDSg/ztvxlzcwjbCcqyNvPOS6mxk9Tk48icY20Vr4qMtpjHzFM+UeAzV
        znTDMDzk9/3+/Uk/iTZ4fSCTZfd/8HFeygdc4Ser6ndI3HJjweWNWxOfyC90Srf73L9wFu+U8w1Q
        SwcID0yvlhcDAAAsBwAAUEsDBBQACAAIANihFU8AAAAAAAAAAAAAAABVAAAATG9nRmlsZXMva3Vk
        dS90cmFjZS8yMDE5LTA4LTIxVDIwLTE0LTQ5XzNlNDk4Yl8wMTBfR0VUX2FwaS1zZXR0aW5ncy1i
        cmFuY2hfMjAwXzBzLnhtbJ2T227aQBCG7yv1HbZ7nfEZx1AcySUkQSEhAlPSS2MGcGS82901OTx9
        x05Rq0S0VW93/pnZ+eebvjYomSlMiTEfVbnYFdWGTfF7jdpwtsoMvXuO2wUnAs9NPafnBr2ga0W+
        z1lRaZNVOUl8DLrRkrNalTG3M1nYGo2hWtpeKpJsOduh2YpVzC+HKWfmWVKWOvSRBQXCwHFOvJOQ
        s4GoKsxNIaqYXyNKSMpij5wlNZVQxUv2GvqSacuyOLsS2sT8EZeZlPBYVFCKTfgg9saYeictne+s
        7KVWSApdGNRWhTTbXKOCZIMV5SZNGBa4nDVxoP5GibJEZUe+5VinVhhx9gQ7DT+/DO2HOxhGUTeA
        wAlCCNZrH7JO7oLXOQ2jlZdHa6/D2T0sksUM5hWSvStcwXw6PubRYDwa3qYwuou56wRW4Fgd3/Lc
        bi/0o8BpaiXTKYwnlzA6J8P+sf9slA7hfHg3nny7actT7jG3OFskMxJfJPNxCleTWXqb3AyP64+5
        ew8XQj1mqhn4TgkjYr41Rup2BilnqPZFjm9CZx8/MNb/HclBiVlVS3a/K9lYbCj9L0jaZ/1PAGxV
        qxaSHnPDnWYA70tParMRDe0KtRSVJr7+UDvo/oL2ICf4Ta0HtNTmRmg9rw8pPhFSk2vOmilRxfym
        yJXQYm1gNJrZrmOR9j9pGmT5Fg+AxlyqYk832rqq5S0a+IpKt4cTELi+47v08YZn4hzS9uroSsoi
        b+2xH7SoPrN8mym617g2ayDQ33noHCzs281y3lrsu4f4D1BLBwjphfM1TAIAAE8EAABQSwMEFAAI
        AAgA66EVTwAAAAAAAAAAAAAAAEcAAABMb2dGaWxlcy9rdWR1L3RyYWNlLzIwMTktMDgtMjFUMjAt
        MTUtMjNfM2U0OThiXzAxMV9HRVRfZHVtcF9wZW5kaW5nLnhtbH1SXW+bMBR9n7T/4Pm51wVDyYdC
        JZbSFpU2USBKtzcH7lJPYHtgErW/fk6mTdOm9PXec47P8T2z3qIhVtoGY5qpSrdS7cgKfwzYW0pq
        Yd2ce/4EvDFwv+Te1L+a8oBNgogSqXorVOUgAYaT8ZaSoWtielkPraGkRfui65jepSUl9tU4WPdb
        2Ei3iELPu+AXPqdkrpXCykqtYvqAaCBp5B4pSaoKjYXUOauds5jKGpWz++pWg5Pv5Jv4xfosesYY
        Jfe6tzE94FYYAwepoNG76LveW2udK9ZXLRNvQ4cO0UuLPVPogj7DJtkUsFZ4fAlrWK/yP0HmeZY+
        lZAtY+pHI8a5x3jIfB5OQ49f+Ud2slpBvriD7CamWEdbX2w94HwSQlhvKxDjagSjoMKwDibfolFw
        5BRZmcJNuswXXx5P+o57zjclm6Rw4NtknZdwvyjKp+QxPY8/n/NWdwfRHSMuO211TF+sNf0pgzEF
        dntZ4T+r648fCJn93ZR5g0INhjy3Dcn1ztHfacrxhy6vZ58ASD10p3NNidf2BOB/5a/SFLZD0bpG
        WHdqtlBu9K7+2PXnJ1BLBwg50Qd/sAEAAMgCAABQSwMEFAAIAAgAt6EVTwAAAAAAAAAAAAAAAEsA
        AABMb2dGaWxlcy9rdWR1L3RyYWNlL1JEMDAxNTVERTUzOEIyLTYyMWM4OTEzLWExMGYtNGVmOS1i
        YzZmLTcwN2U5NTEwNjk2Ny50eHQ1i0EKwjAQAO+Cf9gHpDSJtWhuRS/B2hY3eC1FgwZsG5PNwd9b
        BI/DzEgu9hnfZVIYyZXYqKIEQBoCJQ8X+042EoMUXgrywbs8WiI3PSKD0dJzvivoWjQM6OOtgvAf
        vFvMtuCcSVYywNtofkEzT3bBw7nHk+56xLq/VrU+Vka3jQK+Xn0BUEsHCBklZFiFAAAAkQAAAFBL
        AQIUABQACAAIANChFU9V/Tt3JwAAACgAAAASAAAAAAAAAAAAAAAAAAAAAABkZXBsb3ltZW50cy9h
        Y3RpdmVQSwECFAAUAAgACADQoRVPUEj18M8HAADZFwAAPAAAAAAAAAAAAAAAAABnAAAAZGVwbG95
        bWVudHMvY2M4NGZmZmY5MmE5NDA0Y2VlNTk1ZWU4OGMwMWVjNzkyNDJmZmIwNy9sb2cubG9nUEsB
        AhQAFAAIAAgAw6EVT008ibUyAAAAOQAAAD0AAAAAAAAAAAAAAAAAoAgAAGRlcGxveW1lbnRzL2Nj
        ODRmZmZmOTJhOTQwNGNlZTU5NWVlODhjMDFlYzc5MjQyZmZiMDcvbWFuaWZlc3RQSwECFAAUAAgA
        CADQoRVPGEeYYGcBAAC8AgAAPwAAAAAAAAAAAAAAAAA9CQAAZGVwbG95bWVudHMvY2M4NGZmZmY5
        MmE5NDA0Y2VlNTk1ZWU4OGMwMWVjNzkyNDJmZmIwNy9zdGF0dXMueG1sUEsBAhQAFAAAAAAAvaEV
        TwAAAAAAAAAAAAAAABMAAAAAAAAAAAAAAAAAEQsAAGRlcGxveW1lbnRzL3BlbmRpbmdQSwECFAAU
        AAgACAC3oRVPDAVmJHIAAACMAAAAGAAAAAAAAAAAAAAAAABCCwAAZGVwbG95bWVudHMvc2V0dGlu
        Z3MueG1sUEsBAhQAFAAIAAgAwqEVT3ohM0npBAAA7gwAABwAAAAAAAAAAAAAAAAA+gsAAGRlcGxv
        eW1lbnRzL3Rvb2xzL2RlcGxveS5jbWRQSwECFAAUAAgACADCoRVPVZ8z22YAAACWAAAAJAAAAAAA
        AAAAAAAAAAAtEQAAZGVwbG95bWVudHMvdG9vbHMvZGVwbG95bWVudENhY2hlS2V5UEsBAhQAFAAI
        AAgAu6EVT6beWcgoAQAAwgEAABUAAAAAAAAAAAAAAAAA5REAAExvZ0ZpbGVzL2V2ZW50bG9nLnht
        bFBLAQIUABQAAAAAAOyhFU8AAAAAAAAAAAAAAAAZAAAAAAAAAAAAAAAAAFATAABMb2dGaWxlcy9r
        dWR1L2RlcGxveW1lbnQvUEsBAhQAFAAIAAgAt6EVT0e7XjDeAAAAOAEAAFMAAAAAAAAAAAAAAAAA
        hxMAAExvZ0ZpbGVzL2t1ZHUvdHJhY2UvMjAxOS0wOC0yMVQyMC0xMy00Nl8zZTQ5OGJfMDAxX1N0
        YXJ0dXBfUE9TVF9hcGktc2V0dGluZ3NfMHMueG1sUEsBAhQAFAAIAAgAt6EVT/vUzSFOAgAAHwQA
        AE8AAAAAAAAAAAAAAAAA5hQAAExvZ0ZpbGVzL2t1ZHUvdHJhY2UvMjAxOS0wOC0yMVQyMC0xMy00
        Nl8zZTQ5OGJfMDAyX1BPU1RfYXBpLXNldHRpbmdzXzIwNF8xcy54bWxQSwECFAAUAAgACAC4oRVP
        oC0vezUCAAD3AwAAVgAAAAAAAAAAAAAAAACxFwAATG9nRmlsZXMva3VkdS90cmFjZS8yMDE5LTA4
        LTIxVDIwLTEzLTQ4XzNlNDk4Yl8wMDNfR0VUX2FwaS1zZXR0aW5ncy1TY21UeXBlXzIwMF8wcy54
        bWxQSwECFAAUAAgACAC5oRVPTrA+KDACAAD3AwAAVgAAAAAAAAAAAAAAAABqGgAATG9nRmlsZXMv
        a3VkdS90cmFjZS8yMDE5LTA4LTIxVDIwLTEzLTUxXzNlNDk4Yl8wMDRfR0VUX2FwaS1zZXR0aW5n
        cy1TY21UeXBlXzIwMF8wcy54bWxQSwECFAAUAAgACAC7oRVPmBydGpQAAAC3AAAAQgAAAAAAAAAA
        AAAAAAAeHQAATG9nRmlsZXMva3VkdS90cmFjZS8yMDE5LTA4LTIxVDIwLTEzLTU0XzNlNDk4Yl8w
        MDVfU2h1dGRvd25fMHMueG1sUEsBAhQAFAAIAAgAvaEVT0c5ZbXnAAAARgEAAFoAAAAAAAAAAAAA
        AAAAIh4AAExvZ0ZpbGVzL2t1ZHUvdHJhY2UvMjAxOS0wOC0yMVQyMC0xMy01OV8zZTQ5OGJfMDAx
        X1N0YXJ0dXBfR0VUX2FwaS1zZXR0aW5ncy1TY21UeXBlXzBzLnhtbFBLAQIUABQACAAIAL2hFU/G
        kzGgNwIAAPgDAABWAAAAAAAAAAAAAAAAAJEfAABMb2dGaWxlcy9rdWR1L3RyYWNlLzIwMTktMDgt
        MjFUMjAtMTMtNTlfM2U0OThiXzAwMl9HRVRfYXBpLXNldHRpbmdzLVNjbVR5cGVfMjAwXzBzLnht
        bFBLAQIUABQACAAIAMChFU8W2F9YxQIAAEkFAABJAAAAAAAAAAAAAAAAAEwiAABMb2dGaWxlcy9r
        dWR1L3RyYWNlLzIwMTktMDgtMjFUMjAtMTMtNTlfM2U0OThiXzAwM19QT1NUX2RlcGxveV8yMDJf
        MHMueG1sUEsBAhQAFAAIAAgA0KEVTwBZdl5kAwAAMAoAAFEAAAAAAAAAAAAAAAAAiCUAAExvZ0Zp
        bGVzL2t1ZHUvdHJhY2UvMjAxOS0wOC0yMVQyMC0xMy01OV8zZTQ5OGJfMDA0X0JhY2tncm91bmRf
        UE9TVF9kZXBsb3lfMzNzLnhtbFBLAQIUABQACAAIAMChFU/ILuzS1gIAALEGAABYAAAAAAAAAAAA
        AAAAAGspAABMb2dGaWxlcy9rdWR1L3RyYWNlLzIwMTktMDgtMjFUMjAtMTQtMDBfM2U0OThiXzAw
        NV9HRVRfYXBpLWRlcGxveW1lbnRzLWxhdGVzdF8yMDJfMHMueG1sUEsBAhQAFAAIAAgAxaEVT+Er
        8hxtAwAAPQgAAFgAAAAAAAAAAAAAAAAAxywAAExvZ0ZpbGVzL2t1ZHUvdHJhY2UvMjAxOS0wOC0y
        MVQyMC0xNC0xMF8zZTQ5OGJfMDA2X0dFVF9hcGktZGVwbG95bWVudHMtbGF0ZXN0XzIwMl8xcy54
        bWxQSwECFAAUAAgACADJoRVPF3ufkDQCAAD3AwAAVQAAAAAAAAAAAAAAAAC6MAAATG9nRmlsZXMv
        a3VkdS90cmFjZS8yMDE5LTA4LTIxVDIwLTE0LTE4XzNlNDk4Yl8wMDdfR0VUX2FwaS1zZXR0aW5n
        cy1icmFuY2hfMjAwXzBzLnhtbFBLAQIUABQACAAIAMuhFU8PTK+WFwMAACwHAABYAAAAAAAAAAAA
        AAAAAHEzAABMb2dGaWxlcy9rdWR1L3RyYWNlLzIwMTktMDgtMjFUMjAtMTQtMjJfM2U0OThiXzAw
        OF9HRVRfYXBpLWRlcGxveW1lbnRzLWxhdGVzdF8yMDJfMXMueG1sUEsBAhQAFAAIAAgA2KEVT+mF
        8zVMAgAATwQAAFUAAAAAAAAAAAAAAAAADjcAAExvZ0ZpbGVzL2t1ZHUvdHJhY2UvMjAxOS0wOC0y
        MVQyMC0xNC00OV8zZTQ5OGJfMDEwX0dFVF9hcGktc2V0dGluZ3MtYnJhbmNoXzIwMF8wcy54bWxQ
        SwECFAAUAAgACADroRVPOdEHf7ABAADIAgAARwAAAAAAAAAAAAAAAADdOQAATG9nRmlsZXMva3Vk
        dS90cmFjZS8yMDE5LTA4LTIxVDIwLTE1LTIzXzNlNDk4Yl8wMTFfR0VUX2R1bXBfcGVuZGluZy54
        bWxQSwECFAAUAAgACAC3oRVPGSVkWIUAAACRAAAASwAAAAAAAAAAAAAAAAACPAAATG9nRmlsZXMv
        a3VkdS90cmFjZS9SRDAwMTU1REU1MzhCMi02MjFjODkxMy1hMTBmLTRlZjktYmM2Zi03MDdlOTUx
        MDY5NjcudHh0UEsFBgAAAAAaABoALQsAAAA9AAAAAA==
    headers:
      cache-control:
      - no-cache
      content-disposition:
      - attachment; filename=dump-08-21-20-15-23.zip
      content-type:
      - application/zip
      date:
      - Wed, 21 Aug 2019 20:15:23 GMT
      expires:
      - '-1'
      pragma:
      - no-cache
      server:
      - Microsoft-IIS/10.0
      set-cookie:
      - ARRAffinity=3e498b5c941da22d86566de6e24b2c45151c86e6d13770c7bc3af3d854ccdbe9;Path=/;HttpOnly;Domain=webapp-win-log6jovtttump.scm.azurewebsites.net
      transfer-encoding:
      - chunked
      x-aspnet-version:
      - 4.0.30319
      x-powered-by:
      - ASP.NET
    status:
      code: 200
      message: OK
version: 1
