interactions:
- request:
    body: null
    headers:
      Accept:
      - application/json
      Accept-Encoding:
      - gzip, deflate
      CommandName:
      - appservice plan create
      Connection:
      - keep-alive
      ParameterSetName:
      - -g -n
      User-Agent:
      - python/3.8.2 (macOS-10.16-x86_64-i386-64bit) msrest/0.6.21 msrest_azure/0.6.3
        azure-mgmt-resource/12.0.0 Azure-SDK-For-Python AZURECLI/2.21.0
      accept-language:
      - en-US
    method: GET
    uri: https://management.azure.com/subscriptions/00000000-0000-0000-0000-000000000000/resourcegroups/clitest.rg000001?api-version=2020-10-01
  response:
    body:
      string: '{"id":"/subscriptions/00000000-0000-0000-0000-000000000000/resourceGroups/clitest.rg000001","name":"clitest.rg000001","type":"Microsoft.Resources/resourceGroups","location":"japanwest","tags":{"product":"azurecli","cause":"automation","date":"2021-03-29T21:30:01Z"},"properties":{"provisioningState":"Succeeded"}}'
    headers:
      cache-control:
      - no-cache
      content-length:
      - '431'
      content-type:
      - application/json; charset=utf-8
      date:
      - Mon, 29 Mar 2021 21:30:04 GMT
      expires:
      - '-1'
      pragma:
      - no-cache
      strict-transport-security:
      - max-age=31536000; includeSubDomains
      vary:
      - Accept-Encoding
      x-content-type-options:
      - nosniff
    status:
      code: 200
      message: OK
- request:
    body: '{"name": "win-log000003", "type": "Microsoft.Web/serverfarms", "location":
      "japanwest", "properties": {"skuName": "B1", "capacity": 1}}'
    headers:
      Accept:
      - application/json
      Accept-Encoding:
      - gzip, deflate
      CommandName:
      - appservice plan create
      Connection:
      - keep-alive
      Content-Length:
      - '146'
      Content-Type:
      - application/json
      ParameterSetName:
      - -g -n
      User-Agent:
      - AZURECLI/2.21.0 azsdk-python-azure-mgmt-web/2.0.0 Python/3.8.2 (macOS-10.16-x86_64-i386-64bit)
    method: POST
    uri: https://management.azure.com/subscriptions/00000000-0000-0000-0000-000000000000/resourceGroups/clitest.rg000001/providers/Microsoft.Web/validate?api-version=2020-09-01
  response:
    body:
      string: '{"status":"Success","error":null}'
    headers:
      cache-control:
      - no-cache
      content-length:
      - '33'
      content-type:
      - application/json
      date:
      - Mon, 29 Mar 2021 21:30:04 GMT
      expires:
      - '-1'
      pragma:
      - no-cache
      server:
      - Microsoft-IIS/10.0
      strict-transport-security:
      - max-age=31536000; includeSubDomains
      transfer-encoding:
      - chunked
      vary:
      - Accept-Encoding
      x-aspnet-version:
      - 4.0.30319
      x-content-type-options:
      - nosniff
      x-ms-ratelimit-remaining-subscription-writes:
      - '1199'
      x-powered-by:
      - ASP.NET
    status:
      code: 200
      message: OK
- request:
    body: null
    headers:
      Accept:
      - application/json
      Accept-Encoding:
      - gzip, deflate
      CommandName:
      - appservice plan create
      Connection:
      - keep-alive
      ParameterSetName:
      - -g -n
      User-Agent:
      - python/3.8.2 (macOS-10.16-x86_64-i386-64bit) msrest/0.6.21 msrest_azure/0.6.3
        azure-mgmt-resource/12.0.0 Azure-SDK-For-Python AZURECLI/2.21.0
      accept-language:
      - en-US
    method: GET
    uri: https://management.azure.com/subscriptions/00000000-0000-0000-0000-000000000000/resourcegroups/clitest.rg000001?api-version=2020-10-01
  response:
    body:
      string: '{"id":"/subscriptions/00000000-0000-0000-0000-000000000000/resourceGroups/clitest.rg000001","name":"clitest.rg000001","type":"Microsoft.Resources/resourceGroups","location":"japanwest","tags":{"product":"azurecli","cause":"automation","date":"2021-03-29T21:30:01Z"},"properties":{"provisioningState":"Succeeded"}}'
    headers:
      cache-control:
      - no-cache
      content-length:
      - '431'
      content-type:
      - application/json; charset=utf-8
      date:
      - Mon, 29 Mar 2021 21:30:04 GMT
      expires:
      - '-1'
      pragma:
      - no-cache
      strict-transport-security:
      - max-age=31536000; includeSubDomains
      vary:
      - Accept-Encoding
      x-content-type-options:
      - nosniff
    status:
      code: 200
      message: OK
- request:
    body: '{"location": "japanwest", "sku": {"name": "B1", "tier": "BASIC", "capacity":
      1}, "properties": {"perSiteScaling": false, "isXenon": false}}'
    headers:
      Accept:
      - application/json
      Accept-Encoding:
      - gzip, deflate
      CommandName:
      - appservice plan create
      Connection:
      - keep-alive
      Content-Length:
      - '139'
      Content-Type:
      - application/json
      ParameterSetName:
      - -g -n
      User-Agent:
      - AZURECLI/2.21.0 azsdk-python-azure-mgmt-web/2.0.0 Python/3.8.2 (macOS-10.16-x86_64-i386-64bit)
    method: PUT
    uri: https://management.azure.com/subscriptions/00000000-0000-0000-0000-000000000000/resourceGroups/clitest.rg000001/providers/Microsoft.Web/serverfarms/win-log000003?api-version=2020-09-01
  response:
    body:
      string: '{"id":"/subscriptions/00000000-0000-0000-0000-000000000000/resourceGroups/clitest.rg000001/providers/Microsoft.Web/serverfarms/win-log000003","name":"win-log000003","type":"Microsoft.Web/serverfarms","kind":"app","location":"japanwest","properties":{"serverFarmId":22491,"name":"win-log000003","sku":{"name":"B1","tier":"Basic","size":"B1","family":"B","capacity":1},"workerSize":"Default","workerSizeId":0,"workerTierName":null,"numberOfWorkers":1,"currentWorkerSize":"Default","currentWorkerSizeId":0,"currentNumberOfWorkers":1,"status":"Ready","webSpace":"clitest.rg000001-JapanWestwebspace","subscription":"e483435e-282d-4ac1-92b5-d6123f2aa360","adminSiteName":null,"hostingEnvironment":null,"hostingEnvironmentProfile":null,"maximumNumberOfWorkers":0,"planName":"VirtualDedicatedPlan","adminRuntimeSiteName":null,"computeMode":"Dedicated","siteMode":null,"geoRegion":"Japan
        West","perSiteScaling":false,"maximumElasticWorkerCount":1,"numberOfSites":0,"hostingEnvironmentId":null,"isSpot":false,"spotExpirationTime":null,"freeOfferExpirationTime":null,"tags":null,"kind":"app","resourceGroup":"clitest.rg000001","reserved":false,"isXenon":false,"hyperV":false,"mdmId":"waws-prod-os1-013_22491","targetWorkerCount":0,"targetWorkerSizeId":0,"provisioningState":"Succeeded","webSiteId":null,"existingServerFarmIds":null,"kubeEnvironmentProfile":null,"azBalancing":false},"sku":{"name":"B1","tier":"Basic","size":"B1","family":"B","capacity":1}}'
    headers:
      cache-control:
      - no-cache
      content-length:
      - '1655'
      content-type:
      - application/json
      date:
      - Mon, 29 Mar 2021 21:30:17 GMT
      etag:
      - '"1D724E2B4F0AE80"'
      expires:
      - '-1'
      pragma:
      - no-cache
      server:
      - Microsoft-IIS/10.0
      strict-transport-security:
      - max-age=31536000; includeSubDomains
      transfer-encoding:
      - chunked
      vary:
      - Accept-Encoding
      x-aspnet-version:
      - 4.0.30319
      x-content-type-options:
      - nosniff
      x-ms-ratelimit-remaining-subscription-writes:
      - '1199'
      x-powered-by:
      - ASP.NET
    status:
      code: 200
      message: OK
- request:
    body: null
    headers:
      Accept:
      - application/json
      Accept-Encoding:
      - gzip, deflate
      CommandName:
      - webapp create
      Connection:
      - keep-alive
      ParameterSetName:
      - -g -n --plan --deployment-source-url -r
      User-Agent:
      - AZURECLI/2.21.0 azsdk-python-azure-mgmt-web/2.0.0 Python/3.8.2 (macOS-10.16-x86_64-i386-64bit)
    method: GET
    uri: https://management.azure.com/subscriptions/00000000-0000-0000-0000-000000000000/resourceGroups/clitest.rg000001/providers/Microsoft.Web/serverfarms/win-log000003?api-version=2020-09-01
  response:
    body:
      string: '{"id":"/subscriptions/00000000-0000-0000-0000-000000000000/resourceGroups/clitest.rg000001/providers/Microsoft.Web/serverfarms/win-log000003","name":"win-log000003","type":"Microsoft.Web/serverfarms","kind":"app","location":"Japan
        West","properties":{"serverFarmId":22491,"name":"win-log000003","workerSize":"Default","workerSizeId":0,"workerTierName":null,"numberOfWorkers":1,"currentWorkerSize":"Default","currentWorkerSizeId":0,"currentNumberOfWorkers":1,"status":"Ready","webSpace":"clitest.rg000001-JapanWestwebspace","subscription":"e483435e-282d-4ac1-92b5-d6123f2aa360","adminSiteName":null,"hostingEnvironment":null,"hostingEnvironmentProfile":null,"maximumNumberOfWorkers":3,"planName":"VirtualDedicatedPlan","adminRuntimeSiteName":null,"computeMode":"Dedicated","siteMode":null,"geoRegion":"Japan
        West","perSiteScaling":false,"maximumElasticWorkerCount":1,"numberOfSites":0,"hostingEnvironmentId":null,"isSpot":false,"spotExpirationTime":null,"freeOfferExpirationTime":null,"tags":null,"kind":"app","resourceGroup":"clitest.rg000001","reserved":false,"isXenon":false,"hyperV":false,"mdmId":"waws-prod-os1-013_22491","targetWorkerCount":0,"targetWorkerSizeId":0,"provisioningState":"Succeeded","webSiteId":null,"existingServerFarmIds":null,"kubeEnvironmentProfile":null,"azBalancing":false},"sku":{"name":"B1","tier":"Basic","size":"B1","family":"B","capacity":1}}'
    headers:
      cache-control:
      - no-cache
      content-length:
      - '1583'
      content-type:
      - application/json
      date:
      - Mon, 29 Mar 2021 21:30:19 GMT
      expires:
      - '-1'
      pragma:
      - no-cache
      server:
      - Microsoft-IIS/10.0
      strict-transport-security:
      - max-age=31536000; includeSubDomains
      transfer-encoding:
      - chunked
      vary:
      - Accept-Encoding
      x-aspnet-version:
      - 4.0.30319
      x-content-type-options:
      - nosniff
      x-powered-by:
      - ASP.NET
    status:
      code: 200
      message: OK
- request:
    body: '{"name": "webapp-win-log000002", "type": "Microsoft.Web/sites", "location":
      "Japan West", "properties": {"serverFarmId": "/subscriptions/00000000-0000-0000-0000-000000000000/resourceGroups/clitest.rg000001/providers/Microsoft.Web/serverfarms/win-log000003"}}'
    headers:
      Accept:
      - application/json
      Accept-Encoding:
      - gzip, deflate
      CommandName:
      - webapp create
      Connection:
      - keep-alive
      Content-Length:
      - '332'
      Content-Type:
      - application/json
      ParameterSetName:
      - -g -n --plan --deployment-source-url -r
      User-Agent:
      - AZURECLI/2.21.0 azsdk-python-azure-mgmt-web/2.0.0 Python/3.8.2 (macOS-10.16-x86_64-i386-64bit)
    method: POST
    uri: https://management.azure.com/subscriptions/00000000-0000-0000-0000-000000000000/resourceGroups/clitest.rg000001/providers/Microsoft.Web/validate?api-version=2020-09-01
  response:
    body:
      string: '{"status":"Success","error":null}'
    headers:
      cache-control:
      - no-cache
      content-length:
      - '33'
      content-type:
      - application/json
      date:
      - Mon, 29 Mar 2021 21:30:19 GMT
      expires:
      - '-1'
      pragma:
      - no-cache
      server:
      - Microsoft-IIS/10.0
      strict-transport-security:
      - max-age=31536000; includeSubDomains
      transfer-encoding:
      - chunked
      vary:
      - Accept-Encoding
      x-aspnet-version:
      - 4.0.30319
      x-content-type-options:
      - nosniff
      x-ms-ratelimit-remaining-subscription-writes:
      - '1199'
      x-powered-by:
      - ASP.NET
    status:
      code: 200
      message: OK
- request:
    body: null
    headers:
      Accept:
      - application/json
      Accept-Encoding:
      - gzip, deflate
      CommandName:
      - webapp create
      Connection:
      - keep-alive
      ParameterSetName:
      - -g -n --plan --deployment-source-url -r
      User-Agent:
      - AZURECLI/2.21.0 azsdk-python-azure-mgmt-web/2.0.0 Python/3.8.2 (macOS-10.16-x86_64-i386-64bit)
    method: GET
    uri: https://management.azure.com/subscriptions/00000000-0000-0000-0000-000000000000/resourceGroups/clitest.rg000001/providers/Microsoft.Web/serverfarms/win-log000003?api-version=2020-09-01
  response:
    body:
      string: '{"id":"/subscriptions/00000000-0000-0000-0000-000000000000/resourceGroups/clitest.rg000001/providers/Microsoft.Web/serverfarms/win-log000003","name":"win-log000003","type":"Microsoft.Web/serverfarms","kind":"app","location":"Japan
        West","properties":{"serverFarmId":22491,"name":"win-log000003","workerSize":"Default","workerSizeId":0,"workerTierName":null,"numberOfWorkers":1,"currentWorkerSize":"Default","currentWorkerSizeId":0,"currentNumberOfWorkers":1,"status":"Ready","webSpace":"clitest.rg000001-JapanWestwebspace","subscription":"e483435e-282d-4ac1-92b5-d6123f2aa360","adminSiteName":null,"hostingEnvironment":null,"hostingEnvironmentProfile":null,"maximumNumberOfWorkers":3,"planName":"VirtualDedicatedPlan","adminRuntimeSiteName":null,"computeMode":"Dedicated","siteMode":null,"geoRegion":"Japan
        West","perSiteScaling":false,"maximumElasticWorkerCount":1,"numberOfSites":0,"hostingEnvironmentId":null,"isSpot":false,"spotExpirationTime":null,"freeOfferExpirationTime":null,"tags":null,"kind":"app","resourceGroup":"clitest.rg000001","reserved":false,"isXenon":false,"hyperV":false,"mdmId":"waws-prod-os1-013_22491","targetWorkerCount":0,"targetWorkerSizeId":0,"provisioningState":"Succeeded","webSiteId":null,"existingServerFarmIds":null,"kubeEnvironmentProfile":null,"azBalancing":false},"sku":{"name":"B1","tier":"Basic","size":"B1","family":"B","capacity":1}}'
    headers:
      cache-control:
      - no-cache
      content-length:
      - '1583'
      content-type:
      - application/json
      date:
      - Mon, 29 Mar 2021 21:30:19 GMT
      expires:
      - '-1'
      pragma:
      - no-cache
      server:
      - Microsoft-IIS/10.0
      strict-transport-security:
      - max-age=31536000; includeSubDomains
      transfer-encoding:
      - chunked
      vary:
      - Accept-Encoding
      x-aspnet-version:
      - 4.0.30319
      x-content-type-options:
      - nosniff
      x-powered-by:
      - ASP.NET
    status:
      code: 200
      message: OK
- request:
    body: '{"name": "webapp-win-log000002", "type": "Site"}'
    headers:
      Accept:
      - application/json
      Accept-Encoding:
      - gzip, deflate
      CommandName:
      - webapp create
      Connection:
      - keep-alive
      Content-Length:
      - '52'
      Content-Type:
      - application/json
      ParameterSetName:
      - -g -n --plan --deployment-source-url -r
      User-Agent:
      - AZURECLI/2.21.0 azsdk-python-azure-mgmt-web/2.0.0 Python/3.8.2 (macOS-10.16-x86_64-i386-64bit)
    method: POST
    uri: https://management.azure.com/subscriptions/00000000-0000-0000-0000-000000000000/providers/Microsoft.Web/checknameavailability?api-version=2020-09-01
  response:
    body:
      string: '{"nameAvailable":true,"reason":"","message":""}'
    headers:
      cache-control:
      - no-cache
      content-length:
      - '47'
      content-type:
      - application/json
      date:
      - Mon, 29 Mar 2021 21:30:21 GMT
      expires:
      - '-1'
      pragma:
      - no-cache
      server:
      - Microsoft-IIS/10.0
      strict-transport-security:
      - max-age=31536000; includeSubDomains
      transfer-encoding:
      - chunked
      vary:
      - Accept-Encoding
      x-aspnet-version:
      - 4.0.30319
      x-content-type-options:
      - nosniff
      x-powered-by:
      - ASP.NET
    status:
      code: 200
      message: OK
- request:
    body: '{"location": "Japan West", "properties": {"serverFarmId": "/subscriptions/00000000-0000-0000-0000-000000000000/resourceGroups/clitest.rg000001/providers/Microsoft.Web/serverfarms/win-log000003",
      "reserved": false, "isXenon": false, "hyperV": false, "siteConfig": {"netFrameworkVersion":
      "v4.6", "appSettings": [{"name": "WEBSITE_NODE_DEFAULT_VERSION", "value": "10.14.1"}],
      "localMySqlEnabled": false, "http20Enabled": true}, "scmSiteAlsoStopped": false,
      "httpsOnly": false}}'
    headers:
      Accept:
      - application/json
      Accept-Encoding:
      - gzip, deflate
      CommandName:
      - webapp create
      Connection:
      - keep-alive
      Content-Length:
      - '545'
      Content-Type:
      - application/json
      ParameterSetName:
      - -g -n --plan --deployment-source-url -r
      User-Agent:
      - AZURECLI/2.21.0 azsdk-python-azure-mgmt-web/2.0.0 Python/3.8.2 (macOS-10.16-x86_64-i386-64bit)
    method: PUT
    uri: https://management.azure.com/subscriptions/00000000-0000-0000-0000-000000000000/resourceGroups/clitest.rg000001/providers/Microsoft.Web/sites/webapp-win-log000002?api-version=2020-09-01
  response:
    body:
      string: '{"id":"/subscriptions/00000000-0000-0000-0000-000000000000/resourceGroups/clitest.rg000001/providers/Microsoft.Web/sites/webapp-win-log000002","name":"webapp-win-log000002","type":"Microsoft.Web/sites","kind":"app","location":"Japan
        West","properties":{"name":"webapp-win-log000002","state":"Running","hostNames":["webapp-win-log000002.azurewebsites.net"],"webSpace":"clitest.rg000001-JapanWestwebspace","selfLink":"https://waws-prod-os1-013.api.azurewebsites.windows.net:454/subscriptions/00000000-0000-0000-0000-000000000000/webspaces/clitest.rg000001-JapanWestwebspace/sites/webapp-win-log000002","repositorySiteName":"webapp-win-log000002","owner":null,"usageState":"Normal","enabled":true,"adminEnabled":true,"enabledHostNames":["webapp-win-log000002.azurewebsites.net","webapp-win-log000002.scm.azurewebsites.net"],"siteProperties":{"metadata":null,"properties":[{"name":"LinuxFxVersion","value":""},{"name":"WindowsFxVersion","value":null}],"appSettings":null},"availabilityState":"Normal","sslCertificates":null,"csrs":[],"cers":null,"siteMode":null,"hostNameSslStates":[{"name":"webapp-win-log000002.azurewebsites.net","sslState":"Disabled","ipBasedSslResult":null,"virtualIP":null,"thumbprint":null,"toUpdate":null,"toUpdateIpBasedSsl":null,"ipBasedSslState":"NotConfigured","hostType":"Standard"},{"name":"webapp-win-log000002.scm.azurewebsites.net","sslState":"Disabled","ipBasedSslResult":null,"virtualIP":null,"thumbprint":null,"toUpdate":null,"toUpdateIpBasedSsl":null,"ipBasedSslState":"NotConfigured","hostType":"Repository"}],"computeMode":null,"serverFarm":null,"serverFarmId":"/subscriptions/00000000-0000-0000-0000-000000000000/resourceGroups/clitest.rg000001/providers/Microsoft.Web/serverfarms/win-log000003","reserved":false,"isXenon":false,"hyperV":false,"lastModifiedTimeUtc":"2021-03-29T21:30:27.8966667","storageRecoveryDefaultState":"Running","contentAvailabilityState":"Normal","runtimeAvailabilityState":"Normal","siteConfig":{"numberOfWorkers":null,"defaultDocuments":null,"netFrameworkVersion":null,"phpVersion":null,"pythonVersion":null,"nodeVersion":null,"powerShellVersion":null,"linuxFxVersion":null,"windowsFxVersion":null,"requestTracingEnabled":null,"remoteDebuggingEnabled":null,"remoteDebuggingVersion":null,"httpLoggingEnabled":null,"azureMonitorLogCategories":null,"acrUseManagedIdentityCreds":false,"acrUserManagedIdentityID":null,"logsDirectorySizeLimit":null,"detailedErrorLoggingEnabled":null,"publishingUsername":null,"publishingPassword":null,"appSettings":null,"azureStorageAccounts":null,"metadata":null,"connectionStrings":null,"machineKey":null,"handlerMappings":null,"documentRoot":null,"scmType":null,"use32BitWorkerProcess":null,"webSocketsEnabled":null,"alwaysOn":null,"javaVersion":null,"javaContainer":null,"javaContainerVersion":null,"appCommandLine":null,"managedPipelineMode":null,"virtualApplications":null,"winAuthAdminState":null,"winAuthTenantState":null,"customAppPoolIdentityAdminState":null,"customAppPoolIdentityTenantState":null,"runtimeADUser":null,"runtimeADUserPassword":null,"loadBalancing":null,"routingRules":null,"experiments":null,"limits":null,"autoHealEnabled":null,"autoHealRules":null,"tracingOptions":null,"vnetName":null,"vnetRouteAllEnabled":null,"vnetPrivatePortsCount":null,"cors":null,"push":null,"apiDefinition":null,"apiManagementConfig":null,"autoSwapSlotName":null,"localMySqlEnabled":null,"managedServiceIdentityId":null,"xManagedServiceIdentityId":null,"keyVaultReferenceIdentity":null,"ipSecurityRestrictions":[{"ipAddress":"Any","action":"Allow","priority":1,"name":"Allow
        all","description":"Allow all access"}],"scmIpSecurityRestrictions":[{"ipAddress":"Any","action":"Allow","priority":1,"name":"Allow
        all","description":"Allow all access"}],"scmIpSecurityRestrictionsUseMain":null,"http20Enabled":null,"minTlsVersion":null,"scmMinTlsVersion":null,"ftpsState":null,"preWarmedInstanceCount":null,"functionAppScaleLimit":null,"healthCheckPath":null,"fileChangeAuditEnabled":null,"functionsRuntimeScaleMonitoringEnabled":null,"websiteTimeZone":null,"minimumElasticInstanceCount":0},"deploymentId":"webapp-win-log000002","slotName":null,"trafficManagerHostNames":null,"sku":"Basic","scmSiteAlsoStopped":false,"targetSwapSlot":null,"hostingEnvironment":null,"hostingEnvironmentProfile":null,"clientAffinityEnabled":true,"clientCertEnabled":false,"clientCertMode":"Required","clientCertExclusionPaths":null,"hostNamesDisabled":false,"domainVerificationIdentifiers":null,"customDomainVerificationId":"30E3673979DFB5673924412D39370809E608E2DE4E889BD01C7B80FC38A57EED","kind":"app","inboundIpAddress":"40.74.100.129","possibleInboundIpAddresses":"40.74.100.129","ftpUsername":"webapp-win-log000002\\$webapp-win-log000002","ftpsHostName":"ftps://waws-prod-os1-013.ftp.azurewebsites.windows.net/site/wwwroot","outboundIpAddresses":"40.74.100.129,40.74.85.64,40.74.126.115,40.74.125.67,40.74.128.17","possibleOutboundIpAddresses":"40.74.100.129,40.74.85.64,40.74.126.115,40.74.125.67,40.74.128.17,40.74.127.201,40.74.128.130,23.100.108.106,40.74.128.122,40.74.128.53","containerSize":0,"dailyMemoryTimeQuota":0,"suspendedTill":null,"siteDisabledReason":0,"functionExecutionUnitsCache":null,"maxNumberOfWorkers":null,"homeStamp":"waws-prod-os1-013","cloningInfo":null,"hostingEnvironmentId":null,"tags":null,"resourceGroup":"clitest.rg000001","defaultHostName":"webapp-win-log000002.azurewebsites.net","slotSwapStatus":null,"keyVaultReferenceIdentity":"SystemAssigned","httpsOnly":false,"redundancyMode":"None","inProgressOperationId":null,"geoDistributions":null,"privateEndpointConnections":null,"buildVersion":null,"targetBuildVersion":null,"migrationState":null,"eligibleLogCategories":"AppServiceAppLogs,AppServiceAuditLogs,AppServiceConsoleLogs,AppServiceHTTPLogs,AppServiceIPSecAuditLogs,AppServicePlatformLogs,ScanLogs","storageAccountRequired":false}}'
    headers:
      cache-control:
      - no-cache
      content-length:
      - '6210'
      content-type:
      - application/json
      date:
      - Mon, 29 Mar 2021 21:30:46 GMT
      etag:
      - '"1D724E2BD81E0D5"'
      expires:
      - '-1'
      pragma:
      - no-cache
      server:
      - Microsoft-IIS/10.0
      strict-transport-security:
      - max-age=31536000; includeSubDomains
      transfer-encoding:
      - chunked
      vary:
      - Accept-Encoding
      x-aspnet-version:
      - 4.0.30319
      x-content-type-options:
      - nosniff
      x-ms-ratelimit-remaining-subscription-resource-requests:
      - '499'
      x-powered-by:
      - ASP.NET
    status:
      code: 200
      message: OK
- request:
    body: null
    headers:
      Accept:
      - application/json
      Accept-Encoding:
      - gzip, deflate
      CommandName:
      - webapp create
      Connection:
      - keep-alive
      Content-Length:
      - '0'
      ParameterSetName:
      - -g -n --plan --deployment-source-url -r
      User-Agent:
      - AZURECLI/2.21.0 azsdk-python-azure-mgmt-web/2.0.0 Python/3.8.2 (macOS-10.16-x86_64-i386-64bit)
    method: POST
    uri: https://management.azure.com/subscriptions/00000000-0000-0000-0000-000000000000/resourceGroups/clitest.rg000001/providers/Microsoft.Web/sites/webapp-win-log000002/config/metadata/list?api-version=2020-09-01
  response:
    body:
      string: '{"id":"/subscriptions/00000000-0000-0000-0000-000000000000/resourceGroups/clitest.rg000001/providers/Microsoft.Web/sites/webapp-win-log000002/config/metadata","name":"metadata","type":"Microsoft.Web/sites/config","location":"Japan
        West","properties":{}}'
    headers:
      cache-control:
      - no-cache
      content-length:
      - '316'
      content-type:
      - application/json
      date:
      - Mon, 29 Mar 2021 21:30:46 GMT
      expires:
      - '-1'
      pragma:
      - no-cache
      server:
      - Microsoft-IIS/10.0
      strict-transport-security:
      - max-age=31536000; includeSubDomains
      transfer-encoding:
      - chunked
      vary:
      - Accept-Encoding
      x-aspnet-version:
      - 4.0.30319
      x-content-type-options:
      - nosniff
      x-ms-ratelimit-remaining-subscription-resource-requests:
      - '11998'
      x-powered-by:
      - ASP.NET
    status:
      code: 200
      message: OK
- request:
    body: '{"properties": {"CURRENT_STACK": "node"}}'
    headers:
      Accept:
      - application/json
      Accept-Encoding:
      - gzip, deflate
      CommandName:
      - webapp create
      Connection:
      - keep-alive
      Content-Length:
      - '41'
      Content-Type:
      - application/json
      ParameterSetName:
      - -g -n --plan --deployment-source-url -r
      User-Agent:
      - AZURECLI/2.21.0 azsdk-python-azure-mgmt-web/2.0.0 Python/3.8.2 (macOS-10.16-x86_64-i386-64bit)
    method: PUT
    uri: https://management.azure.com/subscriptions/00000000-0000-0000-0000-000000000000/resourceGroups/clitest.rg000001/providers/Microsoft.Web/sites/webapp-win-log000002/config/metadata?api-version=2020-09-01
  response:
    body:
      string: '{"id":"/subscriptions/00000000-0000-0000-0000-000000000000/resourceGroups/clitest.rg000001/providers/Microsoft.Web/sites/webapp-win-log000002/config/metadata","name":"metadata","type":"Microsoft.Web/sites/config","location":"Japan
        West","properties":{"CURRENT_STACK":"node"}}'
    headers:
      cache-control:
      - no-cache
      content-length:
      - '338'
      content-type:
      - application/json
      date:
      - Mon, 29 Mar 2021 21:30:48 GMT
      etag:
      - '"1D724E2C8B70A0B"'
      expires:
      - '-1'
      pragma:
      - no-cache
      server:
      - Microsoft-IIS/10.0
      strict-transport-security:
      - max-age=31536000; includeSubDomains
      transfer-encoding:
      - chunked
      vary:
      - Accept-Encoding
      x-aspnet-version:
      - 4.0.30319
      x-content-type-options:
      - nosniff
      x-ms-ratelimit-remaining-subscription-writes:
      - '1199'
      x-powered-by:
      - ASP.NET
    status:
      code: 200
      message: OK
- request:
    body: null
    headers:
      Accept:
      - application/json
      Accept-Encoding:
      - gzip, deflate
      CommandName:
      - webapp create
      Connection:
      - keep-alive
      ParameterSetName:
      - -g -n --plan --deployment-source-url -r
      User-Agent:
      - AZURECLI/2.21.0 azsdk-python-azure-mgmt-web/2.0.0 Python/3.8.2 (macOS-10.16-x86_64-i386-64bit)
    method: GET
    uri: https://management.azure.com/subscriptions/00000000-0000-0000-0000-000000000000/resourceGroups/clitest.rg000001/providers/Microsoft.Web/sites/webapp-win-log000002?api-version=2020-09-01
  response:
    body:
      string: '{"id":"/subscriptions/00000000-0000-0000-0000-000000000000/resourceGroups/clitest.rg000001/providers/Microsoft.Web/sites/webapp-win-log000002","name":"webapp-win-log000002","type":"Microsoft.Web/sites","kind":"app","location":"Japan
        West","properties":{"name":"webapp-win-log000002","state":"Running","hostNames":["webapp-win-log000002.azurewebsites.net"],"webSpace":"clitest.rg000001-JapanWestwebspace","selfLink":"https://waws-prod-os1-013.api.azurewebsites.windows.net:454/subscriptions/00000000-0000-0000-0000-000000000000/webspaces/clitest.rg000001-JapanWestwebspace/sites/webapp-win-log000002","repositorySiteName":"webapp-win-log000002","owner":null,"usageState":"Normal","enabled":true,"adminEnabled":true,"enabledHostNames":["webapp-win-log000002.azurewebsites.net","webapp-win-log000002.scm.azurewebsites.net"],"siteProperties":{"metadata":null,"properties":[{"name":"LinuxFxVersion","value":""},{"name":"WindowsFxVersion","value":null}],"appSettings":null},"availabilityState":"Normal","sslCertificates":null,"csrs":[],"cers":null,"siteMode":null,"hostNameSslStates":[{"name":"webapp-win-log000002.azurewebsites.net","sslState":"Disabled","ipBasedSslResult":null,"virtualIP":null,"thumbprint":null,"toUpdate":null,"toUpdateIpBasedSsl":null,"ipBasedSslState":"NotConfigured","hostType":"Standard"},{"name":"webapp-win-log000002.scm.azurewebsites.net","sslState":"Disabled","ipBasedSslResult":null,"virtualIP":null,"thumbprint":null,"toUpdate":null,"toUpdateIpBasedSsl":null,"ipBasedSslState":"NotConfigured","hostType":"Repository"}],"computeMode":null,"serverFarm":null,"serverFarmId":"/subscriptions/00000000-0000-0000-0000-000000000000/resourceGroups/clitest.rg000001/providers/Microsoft.Web/serverfarms/win-log000003","reserved":false,"isXenon":false,"hyperV":false,"lastModifiedTimeUtc":"2021-03-29T21:30:47.9366667","storageRecoveryDefaultState":"Running","contentAvailabilityState":"Normal","runtimeAvailabilityState":"Normal","siteConfig":{"numberOfWorkers":null,"defaultDocuments":null,"netFrameworkVersion":null,"phpVersion":null,"pythonVersion":null,"nodeVersion":null,"powerShellVersion":null,"linuxFxVersion":null,"windowsFxVersion":null,"requestTracingEnabled":null,"remoteDebuggingEnabled":null,"remoteDebuggingVersion":null,"httpLoggingEnabled":null,"azureMonitorLogCategories":null,"acrUseManagedIdentityCreds":false,"acrUserManagedIdentityID":null,"logsDirectorySizeLimit":null,"detailedErrorLoggingEnabled":null,"publishingUsername":null,"publishingPassword":null,"appSettings":null,"azureStorageAccounts":null,"metadata":null,"connectionStrings":null,"machineKey":null,"handlerMappings":null,"documentRoot":null,"scmType":null,"use32BitWorkerProcess":null,"webSocketsEnabled":null,"alwaysOn":null,"javaVersion":null,"javaContainer":null,"javaContainerVersion":null,"appCommandLine":null,"managedPipelineMode":null,"virtualApplications":null,"winAuthAdminState":null,"winAuthTenantState":null,"customAppPoolIdentityAdminState":null,"customAppPoolIdentityTenantState":null,"runtimeADUser":null,"runtimeADUserPassword":null,"loadBalancing":null,"routingRules":null,"experiments":null,"limits":null,"autoHealEnabled":null,"autoHealRules":null,"tracingOptions":null,"vnetName":null,"vnetRouteAllEnabled":null,"vnetPrivatePortsCount":null,"cors":null,"push":null,"apiDefinition":null,"apiManagementConfig":null,"autoSwapSlotName":null,"localMySqlEnabled":null,"managedServiceIdentityId":null,"xManagedServiceIdentityId":null,"keyVaultReferenceIdentity":null,"ipSecurityRestrictions":null,"scmIpSecurityRestrictions":null,"scmIpSecurityRestrictionsUseMain":null,"http20Enabled":null,"minTlsVersion":null,"scmMinTlsVersion":null,"ftpsState":null,"preWarmedInstanceCount":null,"functionAppScaleLimit":null,"healthCheckPath":null,"fileChangeAuditEnabled":null,"functionsRuntimeScaleMonitoringEnabled":null,"websiteTimeZone":null,"minimumElasticInstanceCount":0},"deploymentId":"webapp-win-log000002","slotName":null,"trafficManagerHostNames":null,"sku":"Basic","scmSiteAlsoStopped":false,"targetSwapSlot":null,"hostingEnvironment":null,"hostingEnvironmentProfile":null,"clientAffinityEnabled":true,"clientCertEnabled":false,"clientCertMode":"Required","clientCertExclusionPaths":null,"hostNamesDisabled":false,"domainVerificationIdentifiers":null,"customDomainVerificationId":"30E3673979DFB5673924412D39370809E608E2DE4E889BD01C7B80FC38A57EED","kind":"app","inboundIpAddress":"40.74.100.129","possibleInboundIpAddresses":"40.74.100.129","ftpUsername":"webapp-win-log000002\\$webapp-win-log000002","ftpsHostName":"ftps://waws-prod-os1-013.ftp.azurewebsites.windows.net/site/wwwroot","outboundIpAddresses":"40.74.100.129,40.74.85.64,40.74.126.115,40.74.125.67,40.74.128.17","possibleOutboundIpAddresses":"40.74.100.129,40.74.85.64,40.74.126.115,40.74.125.67,40.74.128.17,40.74.127.201,40.74.128.130,23.100.108.106,40.74.128.122,40.74.128.53","containerSize":0,"dailyMemoryTimeQuota":0,"suspendedTill":null,"siteDisabledReason":0,"functionExecutionUnitsCache":null,"maxNumberOfWorkers":null,"homeStamp":"waws-prod-os1-013","cloningInfo":null,"hostingEnvironmentId":null,"tags":null,"resourceGroup":"clitest.rg000001","defaultHostName":"webapp-win-log000002.azurewebsites.net","slotSwapStatus":null,"keyVaultReferenceIdentity":"SystemAssigned","httpsOnly":false,"redundancyMode":"None","inProgressOperationId":null,"geoDistributions":null,"privateEndpointConnections":[],"buildVersion":null,"targetBuildVersion":null,"migrationState":null,"eligibleLogCategories":"AppServiceAppLogs,AppServiceAuditLogs,AppServiceConsoleLogs,AppServiceHTTPLogs,AppServiceIPSecAuditLogs,AppServicePlatformLogs,ScanLogs","storageAccountRequired":false}}'
    headers:
      cache-control:
      - no-cache
      content-length:
      - '6010'
      content-type:
      - application/json
      date:
      - Mon, 29 Mar 2021 21:30:49 GMT
      etag:
      - '"1D724E2C8B70A0B"'
      expires:
      - '-1'
      pragma:
      - no-cache
      server:
      - Microsoft-IIS/10.0
      strict-transport-security:
      - max-age=31536000; includeSubDomains
      transfer-encoding:
      - chunked
      vary:
      - Accept-Encoding
      x-aspnet-version:
      - 4.0.30319
      x-content-type-options:
      - nosniff
      x-powered-by:
      - ASP.NET
    status:
      code: 200
      message: OK
- request:
    body: '{"properties": {"repoUrl": "https://github.com/yugangw-msft/azure-site-test.git",
      "branch": "master", "isManualIntegration": true, "isMercurial": false}}'
    headers:
      Accept:
      - application/json
      Accept-Encoding:
      - gzip, deflate
      CommandName:
      - webapp create
      Connection:
      - keep-alive
      Content-Length:
      - '153'
      Content-Type:
      - application/json
      ParameterSetName:
      - -g -n --plan --deployment-source-url -r
      User-Agent:
      - AZURECLI/2.21.0 azsdk-python-azure-mgmt-web/2.0.0 Python/3.8.2 (macOS-10.16-x86_64-i386-64bit)
    method: PUT
    uri: https://management.azure.com/subscriptions/00000000-0000-0000-0000-000000000000/resourceGroups/clitest.rg000001/providers/Microsoft.Web/sites/webapp-win-log000002/sourcecontrols/web?api-version=2020-09-01
  response:
    body:
      string: '{"id":"/subscriptions/00000000-0000-0000-0000-000000000000/resourceGroups/clitest.rg000001/providers/Microsoft.Web/sites/webapp-win-log000002/sourcecontrols/web","name":"webapp-win-log000002","type":"Microsoft.Web/sites/sourcecontrols","location":"Japan
        West","properties":{"repoUrl":"https://github.com/yugangw-msft/azure-site-test.git","branch":"master","isManualIntegration":true,"isGitHubAction":false,"deploymentRollbackEnabled":false,"isMercurial":false,"provisioningState":"InProgress","gitHubActionConfiguration":null}}'
    headers:
      cache-control:
      - no-cache
      content-length:
      - '594'
      content-type:
      - application/json
      date:
      - Mon, 29 Mar 2021 21:31:02 GMT
      etag:
      - '"1D724E2D0EC2CAB"'
      expires:
      - '-1'
      pragma:
      - no-cache
      server:
      - Microsoft-IIS/10.0
      strict-transport-security:
      - max-age=31536000; includeSubDomains
      x-aspnet-version:
      - 4.0.30319
      x-content-type-options:
      - nosniff
      x-ms-ratelimit-remaining-subscription-writes:
      - '1198'
      x-powered-by:
      - ASP.NET
    status:
      code: 201
      message: Created
- request:
    body: null
    headers:
      Accept:
      - '*/*'
      Accept-Encoding:
      - gzip, deflate
      CommandName:
      - webapp create
      Connection:
      - keep-alive
      ParameterSetName:
      - -g -n --plan --deployment-source-url -r
      User-Agent:
      - AZURECLI/2.21.0 azsdk-python-azure-mgmt-web/2.0.0 Python/3.8.2 (macOS-10.16-x86_64-i386-64bit)
    method: GET
    uri: https://management.azure.com/subscriptions/00000000-0000-0000-0000-000000000000/resourceGroups/clitest.rg000001/providers/Microsoft.Web/sites/webapp-win-log000002/sourcecontrols/web?api-version=2020-09-01
  response:
    body:
      string: '{"id":"/subscriptions/00000000-0000-0000-0000-000000000000/resourceGroups/clitest.rg000001/providers/Microsoft.Web/sites/webapp-win-log000002/sourcecontrols/web","name":"webapp-win-log000002","type":"Microsoft.Web/sites/sourcecontrols","location":"Japan
        West","properties":{"repoUrl":"https://github.com/yugangw-msft/azure-site-test.git","branch":"master","isManualIntegration":true,"isGitHubAction":false,"deploymentRollbackEnabled":false,"isMercurial":false,"provisioningState":"InProgress","provisioningDetails":"2021-03-29T21:31:28.2420188
        https://webapp-win-log000002.scm.azurewebsites.net/api/deployments/latest?deployer=GitHub&time=2021-03-29_21-31-17Z","gitHubActionConfiguration":null}}'
    headers:
      cache-control:
      - no-cache
      content-length:
      - '766'
      content-type:
      - application/json
      date:
      - Mon, 29 Mar 2021 21:31:33 GMT
      etag:
      - '"1D724E2D0EC2CAB"'
      expires:
      - '-1'
      pragma:
      - no-cache
      server:
      - Microsoft-IIS/10.0
      strict-transport-security:
      - max-age=31536000; includeSubDomains
      transfer-encoding:
      - chunked
      vary:
      - Accept-Encoding
      x-aspnet-version:
      - 4.0.30319
      x-content-type-options:
      - nosniff
      x-powered-by:
      - ASP.NET
    status:
      code: 200
      message: OK
- request:
    body: null
    headers:
      Accept:
      - '*/*'
      Accept-Encoding:
      - gzip, deflate
      CommandName:
      - webapp create
      Connection:
      - keep-alive
      ParameterSetName:
      - -g -n --plan --deployment-source-url -r
      User-Agent:
      - AZURECLI/2.21.0 azsdk-python-azure-mgmt-web/2.0.0 Python/3.8.2 (macOS-10.16-x86_64-i386-64bit)
    method: GET
    uri: https://management.azure.com/subscriptions/00000000-0000-0000-0000-000000000000/resourceGroups/clitest.rg000001/providers/Microsoft.Web/sites/webapp-win-log000002/sourcecontrols/web?api-version=2020-09-01
  response:
    body:
      string: '{"id":"/subscriptions/00000000-0000-0000-0000-000000000000/resourceGroups/clitest.rg000001/providers/Microsoft.Web/sites/webapp-win-log000002/sourcecontrols/web","name":"webapp-win-log000002","type":"Microsoft.Web/sites/sourcecontrols","location":"Japan
        West","properties":{"repoUrl":"https://github.com/yugangw-msft/azure-site-test.git","branch":"master","isManualIntegration":true,"isGitHubAction":false,"deploymentRollbackEnabled":false,"isMercurial":false,"provisioningState":"Succeeded","gitHubActionConfiguration":null}}'
    headers:
      cache-control:
      - no-cache
      content-length:
      - '593'
      content-type:
      - application/json
      date:
      - Mon, 29 Mar 2021 21:32:03 GMT
      etag:
      - '"1D724E2D0EC2CAB"'
      expires:
      - '-1'
      pragma:
      - no-cache
      server:
      - Microsoft-IIS/10.0
      strict-transport-security:
      - max-age=31536000; includeSubDomains
      transfer-encoding:
      - chunked
      vary:
      - Accept-Encoding
      x-aspnet-version:
      - 4.0.30319
      x-content-type-options:
      - nosniff
      x-powered-by:
      - ASP.NET
    status:
      code: 200
      message: OK
- request:
    body: '{"format": "WebDeploy"}'
    headers:
      Accept:
      - application/xml
      Accept-Encoding:
      - gzip, deflate
      CommandName:
      - webapp create
      Connection:
      - keep-alive
      Content-Length:
      - '23'
      Content-Type:
      - application/json
      ParameterSetName:
      - -g -n --plan --deployment-source-url -r
      User-Agent:
      - AZURECLI/2.21.0 azsdk-python-azure-mgmt-web/2.0.0 Python/3.8.2 (macOS-10.16-x86_64-i386-64bit)
    method: POST
    uri: https://management.azure.com/subscriptions/00000000-0000-0000-0000-000000000000/resourceGroups/clitest.rg000001/providers/Microsoft.Web/sites/webapp-win-log000002/publishxml?api-version=2020-09-01
  response:
    body:
      string: <publishData><publishProfile profileName="webapp-win-log000002 - Web
        Deploy" publishMethod="MSDeploy" publishUrl="webapp-win-log000002.scm.azurewebsites.net:443"
        msdeploySite="webapp-win-log000002" userName="$webapp-win-log000002" userPWD="HzQl0gDPQxBtMKqR0DMchm0pRhvySs6ARDpXbxy8FnFWsZN2oPFegyHsKtbG"
        destinationAppUrl="http://webapp-win-log000002.azurewebsites.net" SQLServerDBConnectionString=""
        mySQLDBConnectionString="" hostingProviderForumLink="" controlPanelLink="http://windows.azure.com"
        webSystem="WebSites"><databases /></publishProfile><publishProfile profileName="webapp-win-log000002
        - FTP" publishMethod="FTP" publishUrl="ftp://waws-prod-os1-013.ftp.azurewebsites.windows.net/site/wwwroot"
        ftpPassiveMode="True" userName="webapp-win-log000002\$webapp-win-log000002"
        userPWD="HzQl0gDPQxBtMKqR0DMchm0pRhvySs6ARDpXbxy8FnFWsZN2oPFegyHsKtbG" destinationAppUrl="http://webapp-win-log000002.azurewebsites.net"
        SQLServerDBConnectionString="" mySQLDBConnectionString="" hostingProviderForumLink=""
        controlPanelLink="http://windows.azure.com" webSystem="WebSites"><databases
        /></publishProfile><publishProfile profileName="webapp-win-log000002 - Zip
        Deploy" publishMethod="ZipDeploy" publishUrl="webapp-win-log000002.scm.azurewebsites.net:443"
        userName="$webapp-win-log000002" userPWD="HzQl0gDPQxBtMKqR0DMchm0pRhvySs6ARDpXbxy8FnFWsZN2oPFegyHsKtbG"
        destinationAppUrl="http://webapp-win-log000002.azurewebsites.net" SQLServerDBConnectionString=""
        mySQLDBConnectionString="" hostingProviderForumLink="" controlPanelLink="http://windows.azure.com"
        webSystem="WebSites"><databases /></publishProfile><publishProfile profileName="webapp-win-log000002
        - ReadOnly - FTP" publishMethod="FTP" publishUrl="ftp://waws-prod-os1-013dr.ftp.azurewebsites.windows.net/site/wwwroot"
        ftpPassiveMode="True" userName="webapp-win-log000002\$webapp-win-log000002"
        userPWD="HzQl0gDPQxBtMKqR0DMchm0pRhvySs6ARDpXbxy8FnFWsZN2oPFegyHsKtbG" destinationAppUrl="http://webapp-win-log000002.azurewebsites.net"
        SQLServerDBConnectionString="" mySQLDBConnectionString="" hostingProviderForumLink=""
        controlPanelLink="http://windows.azure.com" webSystem="WebSites"><databases
        /></publishProfile></publishData>
    headers:
      cache-control:
      - no-cache
      content-length:
      - '2247'
      content-type:
      - application/xml
      date:
      - Mon, 29 Mar 2021 21:32:06 GMT
      expires:
      - '-1'
      pragma:
      - no-cache
      server:
      - Microsoft-IIS/10.0
      strict-transport-security:
      - max-age=31536000; includeSubDomains
      x-aspnet-version:
      - 4.0.30319
      x-content-type-options:
      - nosniff
      x-ms-ratelimit-remaining-subscription-resource-requests:
      - '11999'
      x-powered-by:
      - ASP.NET
    status:
      code: 200
      message: OK
- request:
    body: null
    headers:
      Accept:
      - application/json
      Accept-Encoding:
      - gzip, deflate
      CommandName:
      - webapp log download
      Connection:
      - keep-alive
      ParameterSetName:
      - -g -n --log-file
      User-Agent:
      - AZURECLI/2.21.0 azsdk-python-azure-mgmt-web/2.0.0 Python/3.8.2 (macOS-10.16-x86_64-i386-64bit)
    method: GET
    uri: https://management.azure.com/subscriptions/00000000-0000-0000-0000-000000000000/resourceGroups/clitest.rg000001/providers/Microsoft.Web/sites/webapp-win-log000002?api-version=2020-09-01
  response:
    body:
      string: '{"id":"/subscriptions/00000000-0000-0000-0000-000000000000/resourceGroups/clitest.rg000001/providers/Microsoft.Web/sites/webapp-win-log000002","name":"webapp-win-log000002","type":"Microsoft.Web/sites","kind":"app","location":"Japan
        West","properties":{"name":"webapp-win-log000002","state":"Running","hostNames":["webapp-win-log000002.azurewebsites.net"],"webSpace":"clitest.rg000001-JapanWestwebspace","selfLink":"https://waws-prod-os1-013.api.azurewebsites.windows.net:454/subscriptions/00000000-0000-0000-0000-000000000000/webspaces/clitest.rg000001-JapanWestwebspace/sites/webapp-win-log000002","repositorySiteName":"webapp-win-log000002","owner":null,"usageState":"Normal","enabled":true,"adminEnabled":true,"enabledHostNames":["webapp-win-log000002.azurewebsites.net","webapp-win-log000002.scm.azurewebsites.net"],"siteProperties":{"metadata":null,"properties":[{"name":"LinuxFxVersion","value":""},{"name":"WindowsFxVersion","value":null}],"appSettings":null},"availabilityState":"Normal","sslCertificates":null,"csrs":[],"cers":null,"siteMode":null,"hostNameSslStates":[{"name":"webapp-win-log000002.azurewebsites.net","sslState":"Disabled","ipBasedSslResult":null,"virtualIP":null,"thumbprint":null,"toUpdate":null,"toUpdateIpBasedSsl":null,"ipBasedSslState":"NotConfigured","hostType":"Standard"},{"name":"webapp-win-log000002.scm.azurewebsites.net","sslState":"Disabled","ipBasedSslResult":null,"virtualIP":null,"thumbprint":null,"toUpdate":null,"toUpdateIpBasedSsl":null,"ipBasedSslState":"NotConfigured","hostType":"Repository"}],"computeMode":null,"serverFarm":null,"serverFarmId":"/subscriptions/00000000-0000-0000-0000-000000000000/resourceGroups/clitest.rg000001/providers/Microsoft.Web/serverfarms/win-log000003","reserved":false,"isXenon":false,"hyperV":false,"lastModifiedTimeUtc":"2021-03-29T21:31:01.7066667","storageRecoveryDefaultState":"Running","contentAvailabilityState":"Normal","runtimeAvailabilityState":"Normal","siteConfig":{"numberOfWorkers":null,"defaultDocuments":null,"netFrameworkVersion":null,"phpVersion":null,"pythonVersion":null,"nodeVersion":null,"powerShellVersion":null,"linuxFxVersion":null,"windowsFxVersion":null,"requestTracingEnabled":null,"remoteDebuggingEnabled":null,"remoteDebuggingVersion":null,"httpLoggingEnabled":null,"azureMonitorLogCategories":null,"acrUseManagedIdentityCreds":false,"acrUserManagedIdentityID":null,"logsDirectorySizeLimit":null,"detailedErrorLoggingEnabled":null,"publishingUsername":null,"publishingPassword":null,"appSettings":null,"azureStorageAccounts":null,"metadata":null,"connectionStrings":null,"machineKey":null,"handlerMappings":null,"documentRoot":null,"scmType":null,"use32BitWorkerProcess":null,"webSocketsEnabled":null,"alwaysOn":null,"javaVersion":null,"javaContainer":null,"javaContainerVersion":null,"appCommandLine":null,"managedPipelineMode":null,"virtualApplications":null,"winAuthAdminState":null,"winAuthTenantState":null,"customAppPoolIdentityAdminState":null,"customAppPoolIdentityTenantState":null,"runtimeADUser":null,"runtimeADUserPassword":null,"loadBalancing":null,"routingRules":null,"experiments":null,"limits":null,"autoHealEnabled":null,"autoHealRules":null,"tracingOptions":null,"vnetName":null,"vnetRouteAllEnabled":null,"vnetPrivatePortsCount":null,"cors":null,"push":null,"apiDefinition":null,"apiManagementConfig":null,"autoSwapSlotName":null,"localMySqlEnabled":null,"managedServiceIdentityId":null,"xManagedServiceIdentityId":null,"keyVaultReferenceIdentity":null,"ipSecurityRestrictions":null,"scmIpSecurityRestrictions":null,"scmIpSecurityRestrictionsUseMain":null,"http20Enabled":null,"minTlsVersion":null,"scmMinTlsVersion":null,"ftpsState":null,"preWarmedInstanceCount":null,"functionAppScaleLimit":null,"healthCheckPath":null,"fileChangeAuditEnabled":null,"functionsRuntimeScaleMonitoringEnabled":null,"websiteTimeZone":null,"minimumElasticInstanceCount":0},"deploymentId":"webapp-win-log000002","slotName":null,"trafficManagerHostNames":null,"sku":"Basic","scmSiteAlsoStopped":false,"targetSwapSlot":null,"hostingEnvironment":null,"hostingEnvironmentProfile":null,"clientAffinityEnabled":true,"clientCertEnabled":false,"clientCertMode":"Required","clientCertExclusionPaths":null,"hostNamesDisabled":false,"domainVerificationIdentifiers":null,"customDomainVerificationId":"30E3673979DFB5673924412D39370809E608E2DE4E889BD01C7B80FC38A57EED","kind":"app","inboundIpAddress":"40.74.100.129","possibleInboundIpAddresses":"40.74.100.129","ftpUsername":"webapp-win-log000002\\$webapp-win-log000002","ftpsHostName":"ftps://waws-prod-os1-013.ftp.azurewebsites.windows.net/site/wwwroot","outboundIpAddresses":"40.74.100.129,40.74.85.64,40.74.126.115,40.74.125.67,40.74.128.17","possibleOutboundIpAddresses":"40.74.100.129,40.74.85.64,40.74.126.115,40.74.125.67,40.74.128.17,40.74.127.201,40.74.128.130,23.100.108.106,40.74.128.122,40.74.128.53","containerSize":0,"dailyMemoryTimeQuota":0,"suspendedTill":null,"siteDisabledReason":0,"functionExecutionUnitsCache":null,"maxNumberOfWorkers":null,"homeStamp":"waws-prod-os1-013","cloningInfo":null,"hostingEnvironmentId":null,"tags":null,"resourceGroup":"clitest.rg000001","defaultHostName":"webapp-win-log000002.azurewebsites.net","slotSwapStatus":null,"keyVaultReferenceIdentity":"SystemAssigned","httpsOnly":false,"redundancyMode":"None","inProgressOperationId":null,"geoDistributions":null,"privateEndpointConnections":[],"buildVersion":null,"targetBuildVersion":null,"migrationState":null,"eligibleLogCategories":"AppServiceAppLogs,AppServiceAuditLogs,AppServiceConsoleLogs,AppServiceHTTPLogs,AppServiceIPSecAuditLogs,AppServicePlatformLogs,ScanLogs","storageAccountRequired":false}}'
    headers:
      cache-control:
      - no-cache
      content-length:
      - '6010'
      content-type:
      - application/json
      date:
      - Mon, 29 Mar 2021 21:32:37 GMT
      etag:
      - '"1D724E2D0EC2CAB"'
      expires:
      - '-1'
      pragma:
      - no-cache
      server:
      - Microsoft-IIS/10.0
      strict-transport-security:
      - max-age=31536000; includeSubDomains
      transfer-encoding:
      - chunked
      vary:
      - Accept-Encoding
      x-aspnet-version:
      - 4.0.30319
      x-content-type-options:
      - nosniff
      x-powered-by:
      - ASP.NET
    status:
      code: 200
      message: OK
- request:
    body: null
    headers:
      Accept:
      - application/json
      Accept-Encoding:
      - gzip, deflate
      CommandName:
      - webapp log download
      Connection:
      - keep-alive
      ParameterSetName:
      - -g -n --log-file
      User-Agent:
      - AZURECLI/2.21.0 azsdk-python-azure-mgmt-web/2.0.0 Python/3.8.2 (macOS-10.16-x86_64-i386-64bit)
    method: GET
    uri: https://management.azure.com/subscriptions/00000000-0000-0000-0000-000000000000/resourceGroups/clitest.rg000001/providers/Microsoft.Web/sites/webapp-win-log000002/config/web?api-version=2020-09-01
  response:
    body:
      string: '{"id":"/subscriptions/00000000-0000-0000-0000-000000000000/resourceGroups/clitest.rg000001/providers/Microsoft.Web/sites/webapp-win-log000002/config/web","name":"webapp-win-log000002","type":"Microsoft.Web/sites/config","location":"Japan
        West","properties":{"numberOfWorkers":1,"defaultDocuments":["Default.htm","Default.html","Default.asp","index.htm","index.html","iisstart.htm","default.aspx","index.php","hostingstart.html"],"netFrameworkVersion":"v4.0","phpVersion":"5.6","pythonVersion":"","nodeVersion":"","powerShellVersion":"","linuxFxVersion":"","windowsFxVersion":null,"requestTracingEnabled":false,"remoteDebuggingEnabled":false,"remoteDebuggingVersion":null,"httpLoggingEnabled":false,"azureMonitorLogCategories":null,"acrUseManagedIdentityCreds":false,"acrUserManagedIdentityID":null,"logsDirectorySizeLimit":35,"detailedErrorLoggingEnabled":false,"publishingUsername":"$webapp-win-log000002","publishingPassword":null,"appSettings":null,"azureStorageAccounts":{},"metadata":null,"connectionStrings":null,"machineKey":null,"handlerMappings":null,"documentRoot":null,"scmType":"ExternalGit","use32BitWorkerProcess":true,"webSocketsEnabled":false,"alwaysOn":false,"javaVersion":null,"javaContainer":null,"javaContainerVersion":null,"appCommandLine":"","managedPipelineMode":"Integrated","virtualApplications":[{"virtualPath":"/","physicalPath":"site\\wwwroot","preloadEnabled":false,"virtualDirectories":null}],"winAuthAdminState":0,"winAuthTenantState":0,"customAppPoolIdentityAdminState":false,"customAppPoolIdentityTenantState":false,"runtimeADUser":null,"runtimeADUserPassword":null,"loadBalancing":"LeastRequests","routingRules":[],"experiments":{"rampUpRules":[]},"limits":null,"autoHealEnabled":false,"autoHealRules":null,"tracingOptions":null,"vnetName":"","vnetRouteAllEnabled":false,"vnetPrivatePortsCount":0,"siteAuthEnabled":false,"siteAuthSettings":{"enabled":null,"configVersion":null,"unauthenticatedClientAction":null,"tokenStoreEnabled":null,"allowedExternalRedirectUrls":null,"defaultProvider":null,"clientId":null,"clientSecret":null,"clientSecretSettingName":null,"clientSecretCertificateThumbprint":null,"issuer":null,"allowedAudiences":null,"additionalLoginParams":null,"isAadAutoProvisioned":false,"aadClaimsAuthorization":null,"googleClientId":null,"googleClientSecret":null,"googleClientSecretSettingName":null,"googleOAuthScopes":null,"facebookAppId":null,"facebookAppSecret":null,"facebookAppSecretSettingName":null,"facebookOAuthScopes":null,"gitHubClientId":null,"gitHubClientSecret":null,"gitHubClientSecretSettingName":null,"gitHubOAuthScopes":null,"twitterConsumerKey":null,"twitterConsumerSecret":null,"twitterConsumerSecretSettingName":null,"microsoftAccountClientId":null,"microsoftAccountClientSecret":null,"microsoftAccountClientSecretSettingName":null,"microsoftAccountOAuthScopes":null},"cors":null,"push":null,"apiDefinition":null,"apiManagementConfig":null,"autoSwapSlotName":null,"localMySqlEnabled":false,"managedServiceIdentityId":null,"xManagedServiceIdentityId":null,"keyVaultReferenceIdentity":null,"ipSecurityRestrictions":[{"ipAddress":"Any","action":"Allow","priority":1,"name":"Allow
        all","description":"Allow all access"}],"scmIpSecurityRestrictions":[{"ipAddress":"Any","action":"Allow","priority":1,"name":"Allow
        all","description":"Allow all access"}],"scmIpSecurityRestrictionsUseMain":false,"http20Enabled":true,"minTlsVersion":"1.2","scmMinTlsVersion":"1.0","ftpsState":"AllAllowed","preWarmedInstanceCount":0,"functionAppScaleLimit":0,"healthCheckPath":null,"fileChangeAuditEnabled":false,"functionsRuntimeScaleMonitoringEnabled":false,"websiteTimeZone":null,"minimumElasticInstanceCount":0}}'
    headers:
      cache-control:
      - no-cache
      content-length:
      - '3734'
      content-type:
      - application/json
      date:
      - Mon, 29 Mar 2021 21:32:39 GMT
      expires:
      - '-1'
      pragma:
      - no-cache
      server:
      - Microsoft-IIS/10.0
      strict-transport-security:
      - max-age=31536000; includeSubDomains
      transfer-encoding:
      - chunked
      vary:
      - Accept-Encoding
      x-aspnet-version:
      - 4.0.30319
      x-content-type-options:
      - nosniff
      x-powered-by:
      - ASP.NET
    status:
      code: 200
      message: OK
- request:
    body: '{"format": "WebDeploy"}'
    headers:
      Accept:
      - application/xml
      Accept-Encoding:
      - gzip, deflate
      CommandName:
      - webapp log download
      Connection:
      - keep-alive
      Content-Length:
      - '23'
      Content-Type:
      - application/json
      ParameterSetName:
      - -g -n --log-file
      User-Agent:
      - AZURECLI/2.21.0 azsdk-python-azure-mgmt-web/2.0.0 Python/3.8.2 (macOS-10.16-x86_64-i386-64bit)
    method: POST
    uri: https://management.azure.com/subscriptions/00000000-0000-0000-0000-000000000000/resourceGroups/clitest.rg000001/providers/Microsoft.Web/sites/webapp-win-log000002/publishxml?api-version=2020-09-01
  response:
    body:
      string: <publishData><publishProfile profileName="webapp-win-log000002 - Web
        Deploy" publishMethod="MSDeploy" publishUrl="webapp-win-log000002.scm.azurewebsites.net:443"
        msdeploySite="webapp-win-log000002" userName="$webapp-win-log000002" userPWD="HzQl0gDPQxBtMKqR0DMchm0pRhvySs6ARDpXbxy8FnFWsZN2oPFegyHsKtbG"
        destinationAppUrl="http://webapp-win-log000002.azurewebsites.net" SQLServerDBConnectionString=""
        mySQLDBConnectionString="" hostingProviderForumLink="" controlPanelLink="http://windows.azure.com"
        webSystem="WebSites"><databases /></publishProfile><publishProfile profileName="webapp-win-log000002
        - FTP" publishMethod="FTP" publishUrl="ftp://waws-prod-os1-013.ftp.azurewebsites.windows.net/site/wwwroot"
        ftpPassiveMode="True" userName="webapp-win-log000002\$webapp-win-log000002"
        userPWD="HzQl0gDPQxBtMKqR0DMchm0pRhvySs6ARDpXbxy8FnFWsZN2oPFegyHsKtbG" destinationAppUrl="http://webapp-win-log000002.azurewebsites.net"
        SQLServerDBConnectionString="" mySQLDBConnectionString="" hostingProviderForumLink=""
        controlPanelLink="http://windows.azure.com" webSystem="WebSites"><databases
        /></publishProfile><publishProfile profileName="webapp-win-log000002 - Zip
        Deploy" publishMethod="ZipDeploy" publishUrl="webapp-win-log000002.scm.azurewebsites.net:443"
        userName="$webapp-win-log000002" userPWD="HzQl0gDPQxBtMKqR0DMchm0pRhvySs6ARDpXbxy8FnFWsZN2oPFegyHsKtbG"
        destinationAppUrl="http://webapp-win-log000002.azurewebsites.net" SQLServerDBConnectionString=""
        mySQLDBConnectionString="" hostingProviderForumLink="" controlPanelLink="http://windows.azure.com"
        webSystem="WebSites"><databases /></publishProfile><publishProfile profileName="webapp-win-log000002
        - ReadOnly - FTP" publishMethod="FTP" publishUrl="ftp://waws-prod-os1-013dr.ftp.azurewebsites.windows.net/site/wwwroot"
        ftpPassiveMode="True" userName="webapp-win-log000002\$webapp-win-log000002"
        userPWD="HzQl0gDPQxBtMKqR0DMchm0pRhvySs6ARDpXbxy8FnFWsZN2oPFegyHsKtbG" destinationAppUrl="http://webapp-win-log000002.azurewebsites.net"
        SQLServerDBConnectionString="" mySQLDBConnectionString="" hostingProviderForumLink=""
        controlPanelLink="http://windows.azure.com" webSystem="WebSites"><databases
        /></publishProfile></publishData>
    headers:
      cache-control:
      - no-cache
      content-length:
      - '2247'
      content-type:
      - application/xml
      date:
      - Mon, 29 Mar 2021 21:32:40 GMT
      expires:
      - '-1'
      pragma:
      - no-cache
      server:
      - Microsoft-IIS/10.0
      strict-transport-security:
      - max-age=31536000; includeSubDomains
      x-aspnet-version:
      - 4.0.30319
      x-content-type-options:
      - nosniff
      x-ms-ratelimit-remaining-subscription-resource-requests:
      - '11998'
      x-powered-by:
      - ASP.NET
    status:
      code: 200
      message: OK
- request:
    body: null
    headers:
      Accept:
      - application/json
      Accept-Encoding:
      - gzip, deflate
      CommandName:
      - webapp log download
      Connection:
      - keep-alive
      Content-Length:
      - '0'
      ParameterSetName:
      - -g -n --log-file
      User-Agent:
      - AZURECLI/2.21.0 azsdk-python-azure-mgmt-web/2.0.0 Python/3.8.2 (macOS-10.16-x86_64-i386-64bit)
    method: POST
    uri: https://management.azure.com/subscriptions/00000000-0000-0000-0000-000000000000/resourceGroups/clitest.rg000001/providers/Microsoft.Web/sites/webapp-win-log000002/config/publishingcredentials/list?api-version=2020-09-01
  response:
    body:
      string: '{"id":"/subscriptions/00000000-0000-0000-0000-000000000000/resourceGroups/clitest.rg000001/providers/Microsoft.Web/sites/webapp-win-log000002/publishingcredentials/$webapp-win-log000002","name":"webapp-win-log000002","type":"Microsoft.Web/sites/publishingcredentials","location":"Japan
        West","properties":{"name":null,"publishingUserName":"$webapp-win-log000002","publishingPassword":"HzQl0gDPQxBtMKqR0DMchm0pRhvySs6ARDpXbxy8FnFWsZN2oPFegyHsKtbG","publishingPasswordHash":null,"publishingPasswordHashSalt":null,"metadata":null,"isDeleted":false,"scmUri":"https://$webapp-win-log000002:HzQl0gDPQxBtMKqR0DMchm0pRhvySs6ARDpXbxy8FnFWsZN2oPFegyHsKtbG@webapp-win-log000002.scm.azurewebsites.net"}}'
    headers:
      cache-control:
      - no-cache
      content-length:
      - '774'
      content-type:
      - application/json
      date:
      - Mon, 29 Mar 2021 21:32:42 GMT
      expires:
      - '-1'
      pragma:
      - no-cache
      server:
      - Microsoft-IIS/10.0
      strict-transport-security:
      - max-age=31536000; includeSubDomains
      transfer-encoding:
      - chunked
      vary:
      - Accept-Encoding
      x-aspnet-version:
      - 4.0.30319
      x-content-type-options:
      - nosniff
      x-ms-ratelimit-remaining-subscription-resource-requests:
      - '11998'
      x-powered-by:
      - ASP.NET
    status:
      code: 200
      message: OK
- request:
    body: null
    headers: {}
    method: GET
    uri: https://webapp-win-log000002.scm.azurewebsites.net/dump
  response:
    body:
      string: !!binary |
        UEsDBBQACAAIAPirfVIAAAAAAAAAAAAAAAA8AAAAZGVwbG95bWVudHMvM2RhYzg1MTAzNTRkZmYz
        NTJhZThkYTczY2I3ZDYyYWUzOGQwNmZhNi9sb2cubG9nnVldbtzIEX5OgNyB8EMsA9MM+4dstvKi
        xdpJgCTGwj9YQBBgNMnmDOMZNkNypJ192kP4MVcJchdfIFfI15wR2ZQ0dLS2ALvUU1Vf/XR1VQ2L
        GCURJ0x9YPSS00uqQk55wrm8Xn1sCt1X9Tro9tnOFvut6cJVQYuYZ4yROOWSCBXFJJNZSkRuJOc5
        w59yFf3ut+wpyUrJKI2uVz+0ptGtE12YZmsPO1P3QWnbILe7XdUHVRG85IXO05hGPH4ZrjJJyziS
        GZFc5UQkZUJSGhnCmShUnuelUOycVimkiLi4Xv3Z1KY9WuSp7fK2avpwlWsYxAQjGRWUCB4roqTK
        SEkFUwUvi4hqp+I3T1mWxonkAjo+ds6qfmNgznZr7xzljNJ1EfQ2WB8hGN/uI4DL4KX+ed+aoKt6
        //h4GpBDQEhtSWF74oEnbfDi9eXNxu7MjWO8gWMt/mPbw4uA2AeHE2N301u77fAZCC0M/nHcP+h+
        84DFk4cwPG0/oyFjnEaCLft4iLBTF/6jC340WfAeOhdkJkopRkeZpnjstaCskJWDjEdhASyuYp6I
        +Hr1bl/XD9LtFJUwDFdalIYJw0hRiJIIZjRJmYkJpTyKFc2BIz1ruqBRGrvr8v0xzJcPPPjI6TfH
        34T5rnhxznoeCkVjIdT16i9Ina3Dfu+5SeDZgIiQJ4lisUPVmmPK66b5ZMsSoky46XfnNIM1ZbGI
        kMt/3Rf794c6D9+++RCUrd0hR88k20sk98PTu7u71tr+5YIm1AOu+PXqtdmaodK4cELOxnaO7Hrd
        9g7sdkGIoFwqBkd9b5uD89NJRriu+mpd29b8CuZG55/12iWqrZfYmRLMlZYHupvW5qbrvsmueIIc
        e8TemfbWtOBeUn2G15m92Wc3d7b9XKIAdTc73fWm/XTYr3W9vjNZeFj0J8psLCT8OQbl/84cJRM8
        Hki6v1n7eQgFSjq4YckfRpuCfV2Y9ljmXH4sJLFSXKWuAhyr6pAOZN8Ep5o4ijyfYaOEU+1HDXEe
        yG1dVuuzmuOQRgxXAC/V21O5Qjy6ytZdoG91tdXZ1gS2Hup8s9U9nq5doFukbhQmIYt+PxSXP4JK
        Q+YTVPkUS2aUnFHpRNEojGcUnR8yOjtlYk56WiCJPeD1EOGUz0VxDz1OhWcZZeGc8j/KQu5hYOEI
        QYTRxCZCOidGESJk4YjEEbOTUbY7GY1F5fKlcZ8Hau/xiBBqfcLDJsIxBiKMfZ5kTngC0gkBOKaP
        IYkmPbGPLQaCEU7s64mRPd6JnBOj0hhp5X1MTXrAPp0kvnuRlpNDEh9O4iNIfARJ6CFIQuWLnilV
        vmg1OcTxjJkLOHNwyLb7OODM89ZAjREfKF/KzBCk4SgFaCeI0rdewvrRY9K3XvrBkL4rpO8K6bvC
        EWPaQc9cazSFA2Ga1KYANHIha/wTL9dSX1PqR9oRYw6kfjgcMXrBEZ4eHx34PTeD8uLrPjdBAuWl
        Iijq3RpHxlPIHYmMuo+lI71UQYCodzEd6VnrSC+ZnRawj6JA+h8eSLpUt2miBEXD9x4dRd6j3N93
        TacCHgz3Ogw+dibwH/mha3Ader6xFmc6KKqyNK0bTE6sz1Pb7O75gsFiSs+9UigUXEQpR/c8TlxV
        1Q3A8VQHug9mXdepr7rxPnNONG5fJDH/QHQNQD9+9+7t3OpTU0DwKBI81Feox2EUvLXotI+PLN68
        1Yo+NfUwCGeYzxTan2cKn4YKuN1sC3j2rAqeKpWkz1bx7s13r//+JsAAqxeEx3GELvvZwrdVbmok
        ySJ4gTKTJEJIZKP5qWnRD14hf1Euhpz8dJqob05nZ0LopKQCvR6kfP3yr69ffsFPgODoxhDXGQ8h
        4wvcaMpUPOPWbasPpETf0psa/Ph7nl9QgVEi8bXv+2rbkZ1p12bQvsTNUiWchz3sdY6eat8ekbMF
        zUJg+EI3OfEOOjH/HnPTtt039ScRVXxmfYsu2BCsH9A+gh2XcwGCjFOaziDkrrU1GJfXte4xrw8I
        kmeJKJELmyv0dOGS9UoI9iDqvV5DHcr2eXW471HiRqrJaWh2EWesDapu2A3gSg/KF5LmCSkNdgOk
        t6Q1a2QsBNBQLsDACIE50odxq9sD0MPjz2IbAnXMFh4uQUaWJ+ks0sdQASqe2gWdaYwFD+adyWPD
        YEEwbvRV7iDj2p7nT6IopTEq1MS/M/3GFi45F619grPTpSHZ3r08V66BXPBVQrHZSGd67yPdH5pj
        XooF2I/ZO9NjcO2tY7flgH7Jbs4i6Z7ayW7nsX1nnOF4tRd0P2bFUqP4pr+ExIpxVkzKqtbbjduQ
        DJcZDgsu9nVTneyPXi2AwJIzjmc3xdYEAqtuY4ortJV4CS+Mwa/arj9643ni/tldDR30szAgAj8d
        iC6KFhDQhAUXGC7vdFsAk7t0Y1tcNe5DGK0BDc34EjSJIuyWk1OkCpPt11CABj242HWDqkVnoYpL
        OUu2ztQDIvegXaAk96119xu37b57G+TiDox0tXNp6fWVm75viGnbYyXHU7dkxWMILlFJ5RyAGSGF
        IaaoNHG/beErr+ncQfPwe2cpfKgW9EjM/tH8ydJ5bpre6eGhDC5qs7Z9pbFkhRbMVb59v0LLl//+
        59/4+Yp3PbPFYXqaXBcdXGSHHjeKA/Y4wLT6jriPwhhvinjozBFXhbpwS7ZYtg61kIkl61mcMolb
        8afTRcDyH9Z3Xbnfbg/HFvjRphVNShpH6bCqud+04qnp/X3tad160b1yG9dSFDnlqSRKuY2rFKh6
        2OSTMuIam/RSK5E/uc+HKiz78N0CdjMf2mq9NsPXCK3JDzl2Mhfos24rcxegu8IWvercpqZ4Fa5Y
        kslIJ4wkJmNEiMwQXdKIsExTyTRWpWZY8T62DdNJGjPO0QK9nr6smLwSrqjBAphnCYnKEl+JiJKR
        VNCU5LBIyKzEFxnGGfM/UEsHCAQ1ME2dCAAAbRkAAFBLAwQUAAgACADsq31SAAAAAAAAAAAAAAAA
        PQAAAGRlcGxveW1lbnRzLzNkYWM4NTEwMzU0ZGZmMzUyYWU4ZGE3M2NiN2Q2MmFlMzhkMDZmYTYv
        bWFuaWZlc3RFi0sKgDAMRPeFXiUnKkgqMX5qI0lr8fYWFN0M8+YDvJSFsyh5d+C4IROsJrmTykhm
        LxnpSdrBO+iXR+caPxOa6DYlae+id38UdrRCOlyVMXOjCNeevLsBUEsHCK9Kj1hYAAAAfQAAAFBL
        AwQUAAgACAD4q31SAAAAAAAAAAAAAAAAPwAAAGRlcGxveW1lbnRzLzNkYWM4NTEwMzU0ZGZmMzUy
        YWU4ZGE3M2NiN2Q2MmFlMzhkMDZmYTYvc3RhdHVzLnhtbI1S3W7bIBS+n7R3QLmPbYydOBWly0Xb
        XU5qpKq9mSgcu2hgLAxJs1fbxR5przBE7CyTOmk3Ft/5fs4Bn18/ftKbN6PRHtyobH+9wFmxQNAL
        K1XfXS+Cb5fN4oZ9/EAlDNoeDfQ+IoSokoxILpoaF6SuZNuSuuTQSL4m4mUtVxGQRharlq9oHsXJ
        xIN/tY49hY73HXqMH5pPtcSfmoBj98p/Di80Pxcu7LeGK82OKePwySjh7Ghbnwlr5rSTJHkMjCPv
        gG2lRNahMEjuAflXQNthQA/g9koA+nM7dLDuW6vtAQnbt6oLjvv4NKh11qDt9+AAfbHOc53RfM5O
        jQZnOxebMZqfj4kYPfdhZA9BiEjTfMIX3A7efLSdiAQSqfnoJ9dtL3fKACuLEi8Lsiw3uxJfEXxV
        NRku6hUpm2eav2NIQQ4EqD38IwJvshJv1qSqYsRf0nlE599vHp0VqfGmWkdnnH7SJRv818SzKlni
        Dxw0eGA7F4DmZ5hINX71YAZ2x/UYyRnOnAMuba+PF/y5FLd3WqS0vr8BUEsHCBmY+F6XAQAA9gIA
        AFBLAwQUAAgACAD4q31SAAAAAAAAAAAAAAAASAAAAGRlcGxveW1lbnRzLzNkYWM4NTEwMzU0ZGZm
        MzUyYWU4ZGE3M2NiN2Q2MmFlMzhkMDZmYTYvc3RhdHVzX2NvbXBsZXRlLnhtbI1S3W7bIBS+n7R3
        QLmPbYydOBWly0XbXU5qpKq9mSgcu2hgLAxJs1fbxR5przBE7CyTOmk3Ft/5fs4Bn18/ftKbN6PR
        HtyobH+9wFmxQNALK1XfXS+Cb5fN4oZ9/EAlDNoeDfQ+IoSokoxILpoaF6SuZNuSuuTQSL4m4mUt
        VxGQRharlq9oHsXJxIN/tY49hY73HXqMH5pPtcSfmoBj98p/Di80Pxcu7LeGK82OKePwySjh7Ghb
        nwlr5rSTJHkMjCPvgG2lRNahMEjuAflXQNthQA/g9koA+nM7dLDuW6vtAQnbt6oLjvv4NKh11qDt
        9+AAfbHOc53RfM5OjQZnOxebMZqfj4kYPfdhZA9BiEjTfMIX3A7efLSdiAQSqfnoJ9dtL3fKACuL
        Ei8Lsiw3uxJfEXxVNRku6hUpm2eav2NIQQ4EqD38IwJvshJv1qSqYsRf0nlE599vHp0VqfGmWkdn
        nH7SJRv818SzKlniDxw0eGA7F4DmZ5hINX71YAZ2x/UYyRnOnAMuba+PF/y5FLd3WqS0vr8BUEsH
        CBmY+F6XAQAA9gIAAFBLAwQUAAgACAD4q31SAAAAAAAAAAAAAAAAEgAAAGRlcGxveW1lbnRzL2Fj
        dGl2ZTNOSUy2MDU0MDY1SUlLMzY1Sky1SEk0N05OMk8xA3KMLVIMzNISzQBQSwcIkoKKGigAAAAo
        AAAAUEsDBBQACAAIAPirfVIAAAAAAAAAAAAAAAAXAAAAZGVwbG95bWVudHMvbGF0ZXN0Lmpzb26N
        k8tu2zAQRX+F0KoFIkUU9fSqRh00Rl+BbaBooQ1NjhSioqjyEccJ8u+l6DTJJkGXvDxzZ4YzvI92
        QsLWUjlFiyhLMxynJM6aXYYXBC/y+ld0Fm2FhW9UgicOsKfTFB/EGA+qz4/7u1tDzGQ9tYE/Doxd
        c481pKirAsq47KCJ8xKzuMG4jFmZVjkmDW4o9iGfxTjTn4S9dPs5kaXWGa9sHWNgjJdWYKkYZu2+
        jda8jRZtRDhldYFTUuS860iRUag5rQjbV7z0B1LztOxo2UZn7aOnj8ufDju4tcEoAEtnr5W+kD5N
        EI+up2N/+CAF08qoziZMyRdkgH4GCP3wZLj66qulPYS7JedIaeQmTi0gew1oOU1oC/pGMEAcpkEd
        JYwWHZT+3Q3qgJgaO9E7Ta1QI+q0kmh55zSgK6UtHZKQ4kqrXvs0z5WvghXooJweMZAbYCBugM+j
        PdHt+crX8g6XuEoLkldNhpv3bXsecP/q2r7B5qR4Yi/GV12LtMbpM/mFGvs4xv8P+qjkNICdq7ba
        gZ/Y2uxATkpTffRiRwdzUjdA+fdxeCn+W9PQ8muLGjq+VMbOC/0mmRgmEzqPwXsZ/wVMMoLfm4fo
        4S9QSwcINLhSNMsBAAA2AwAAUEsDBBQAAAAAAOirfVIAAAAAAAAAAAAAAAATAAAAZGVwbG95bWVu
        dHMvcGVuZGluZ1BLAwQUAAgACADgq31SAAAAAAAAAAAAAAAAGAAAAGRlcGxveW1lbnRzL3NldHRp
        bmdzLnhtbHu/e7+NfUVujkJZalFxZn6erZKhnoGSQmpecn5KZl66rVJpSZquhZK9HS+XTXFqSQlQ
        rBjIVlCwSUktyMmvzE3NKwHzgSKJKSkK2amVtkpJRYl5yRlKCmWJOaWptkq5icUlqUVKCvoQjfoo
        Om304cYCAFBLBwgMBWYkcgAAAIwAAABQSwMEFAAIAAgA6qt9UgAAAAAAAAAAAAAAABwAAABkZXBs
        b3ltZW50cy90b29scy9kZXBsb3kuY21kxVbfb+JGEH5H4n8YkCzdVcFJrq0qkVIdIssdPTAUO7mc
        hGQ59gK+mF3XXofQh/7tndm1+RFI7vp0PIDx7Mx+O/t9M/M+nkPTcnsj35t2e8wfsls2tJrgsL+g
        +UsT3vNwKUHO5/VavdZuQ+vkR5s+3VzfwDVPE7lZcaHADbM4Vdp0y7M8lqINl/aFffnbq5G0cZLx
        jP9dxHmseH68vASDYeP5BoSMuP01h1jkKkgSHtVr6yX6awO8+0MUCdBXvTbog8Wm0/HUHFOf8gLe
        1GsA+pyjOM9jsdhG5E88LFRwn/AzSBMe5LzapFpyBpjAIMl4EG0qG49gFTxwyAvEECsIAwH3HHBN
        uETbPJMrCIssoyRx8RhnUlDCbIKxkEoCzzKZ1Wtvy2O6XBXpLgn0NucqkWGQoD+hi3gSbPD7KQ0E
        JZqWuMyD7tQb9Ls9z+1Y/0bphWXbsyBT8TwIFWZV58MZe3DN+gOHXePvZDj+MmKO57vjm2mPmdRQ
        pCNTFbGEiZl9IZLXnX7AADrJzyIZU8fawrRm6/U6kxJZow//LKrD7jx/1HUGfeZ6/qTrfdyFPbYd
        xF0FIp7zHANTlp/FnUzZ7WB8456KDUCgT694YQcABH8KPynEd784Pb83ujbQUVIDQ1t4KKIC8o0I
        t3QsLcTIT2R0SyNefAIiXVWE067kCa0FKjSPE6RTec7Gju+Nku/7HKNViGFIZEo28LXIFWSFELRn
        kxDRnk1YyyKJkOe5xMfsgbwoLQcH6lhBmkaBCqwZYptVzna4QkFiOvS2u/pAN4E736g4idUG+oUI
        FVL3hNqp5OjVLk94qByUe1lQSg5X/DVw2JD1PN8ZXzP/lk3dwdg5SLe35DCXSSLXdMYAJRpJwUEK
        PL4U8DkWkVzn0P2H1PuZ3+sStK9TOry+Aeu1/Swsq0eiwcJ68NYI4OgtG02s5vffH7KZ3Q1c71ls
        ijLzfaqOZbpstUqbhnfm/s5TVC3mid2xzu+HyF7wJlRaP9/gldYAQHmI1+Clq9fQTUb+n66W+ksA
        D/3/F74S3X7hqtKxn6XqXYdSST5a2yaDDgJEMXeajWpVA++4Qa9L3A28ybfAhu5eNa28UCcUj6RU
        uZeb6C20Ytps3Ddaaf/gj9brvoAP5gGNcd+qO+rHQETJfkuNtgMC9jsd8dLW1c0UN+Ty+QCJPHD8
        yZAGkp2GqqnksqSw1mCb6RbNe6sIvQ7qEa5vPcKvF9CiEWcXp+xtZFaHhq0cWwINxx2FXFK0nO4G
        ZI2haS9idWUvF1f27qhX5pFK4XfqWt8/5vedDabqmWHm0QxS9Zo5/MmCiF4/29uuQm0iDcKHYEGD
        1AulQrdoa1auw1lKijLJaZEvKbN76auyRMw9ugPNfBREY9ubWq00k1Ghi3spuG/WjlSmpmcQQX70
        p+xcXCAkTdiSchDKFY4VEWSyUDG2ELUMFKxj7M1maC7w35KLapzbo+pugNNPQCXE71g/lfdq6f9W
        vaaH810DR4bpufyiaXboB9jpI+BPsephaersz7ZnFbzONhqtg/P7gxFYH6mcN/GEeqis1zT+bokc
        lkEOMtQTawRRkZGc1/weqDPCjuSoZ0MH2gdnVkZT7JA/chy8d4Y+Tr9VrzezuYFw7FPBvdwu2Pet
        194Yjeh7eQa9H4s4p1k7L8KQ5/m8wOEG8f0HUEsHCHohM0npBAAA7gwAAFBLAwQUAAgACADqq31S
        AAAAAAAAAAAAAAAAJAAAAGRlcGxveW1lbnRzL3Rvb2xzL2RlcGxveW1lbnRDYWNoZUtlebM00jM2
        MDY00DM1NDTUM+Dl0q1U0NXNy9dNyS/RTUktyMmvzE3NK1HQLVJQcrGKycjPTY0pzixJjSlKLcgH
        MvKLKpUUdPPRJBEai2NK8vNzioFqgIampAIpkO6AxJIMNC1I5vFyAQBQSwcIvxWfwWcAAACWAAAA
        UEsDBBQAAAAAABWsfVIAAAAAAAAAAAAAAAAZAAAATG9nRmlsZXMva3VkdS9kZXBsb3ltZW50L1BL
        AwQUAAgACADdq31SAAAAAAAAAAAAAAAAUwAAAExvZ0ZpbGVzL2t1ZHUvdHJhY2UvMjAyMS0wMy0y
        OVQyMS0zMC01OF9lNDQ5ZDFfMDAxX1N0YXJ0dXBfUE9TVF9hcGktc2V0dGluZ3NfMHMueG1sfY5B
        S8NAEIXvgv9hnHPXZDepJiEplHoJxra4QbyFpVl0Idms2cnBf+9WKIiHXud7895XetIOyNCgK5Sk
        ZlocvOqvRXtC6BWFs4gFZ3HCRN4KXiRxsc7us3WGYKwnZU8hotM07znCMg8VRsqZyGsiYz88wqjp
        c+orPB5ki0DfLuTny4IzgSS5WIlVKJS7l04+18dOyqZ72zb107atD/sK48BOY/v7u5+sRtjc3gCU
        f+13g1Y22L+PAzTTefmK/mOKEG3KO8agX2ZFZrIF8IfRA2OhuozOzf95wi/8B1BLBwh9Nfwn3AAA
        ADcBAABQSwMEFAAIAAgA4Kt9UgAAAAAAAAAAAAAAAE8AAABMb2dGaWxlcy9rdWR1L3RyYWNlLzIw
        MjEtMDMtMjlUMjEtMzAtNThfZTQ0OWQxXzAwMl9QT1NUX2FwaS1zZXR0aW5nc18yMDRfMXMueG1s
        rVTbbtNAEH1H4h+WfeCp4/jWtA51JZOkNCJpqtglRcqL60yTBce73V339vWMXQKIEnERrzNnrmfO
        HBmLillhS4z5qCrkRlQrNsObGo3lbJlbsvuu74EbgB9lvtcL3N7+oRMFXc5EZWxeFQTBMIyWHme1
        LmPeyZXoGLSWchnONmjXchnz82macWYfFOH1toIS5Akif8/fO+SsL6sKCytkFfP3iAqSUtxia7dY
        WRhjtbJr6oiKE7a1ZW3CXKlSFHkT2vlkZMVZUlNZLR5bW8zf5sZxHM6G94oqxNxzXSgohahqKnAq
        Ddnu8IrywJ2ooJSr8OHq8d4ERlnHFBsnf6w1EsIIi8apkNZzYVBDsqLOYp40bpjjVdr4oelOy7JE
        3YkCx3UOnDDi7B42Br7ODs3kUbB/eLCPXeheYwRh1ysg8rwuFF33IPSCyIty2uolzJN5ChcVEkNL
        XMLFbPxszf3xaHiWweg85iHVCx2a0PH8qOeHEa3rEpLZDMbTdzAa/HnddJQNYTA8H08/TtrsFLtr
        S5zNk5TAJ8nFOINTYvssmQx343dt9RJOpL7LdTPouZZWxnxtraJLohmUSlHfigKfub4HZaX5gNq0
        V+Q5fhM3SaE/HQ/SLJllxD1nxy9fMHb04/WPZfH5RJTIXudKmjeD3mItN7ho6F6U5DOLJapSPmyI
        buM0licgy4ubWmhc7pCL12t5CDnrHB+9AmDLWrc32WPuxjCA/9iKxhJz85tWDty/aGVa25VsfoJG
        o2RlSCu/fArtlH6XptwKfAunF2Fr06e7bT4JAZ4MGd6Tas7kVsecNcSijvlEFFoaeW1hNEo7nutQ
        v/8onH5erHGrxZgrLW7po7WHZNQZWvh2JyFpNHADj0T6jCavu+XpqNNczM80ekEYbhFfAFBLBwhc
        Xes9pwIAAFEFAABQSwMEFAAIAAgA4at9UgAAAAAAAAAAAAAAAFYAAABMb2dGaWxlcy9rdWR1L3Ry
        YWNlLzIwMjEtMDMtMjlUMjEtMzEtMDJfZTQ0OWQxXzAwM19HRVRfYXBpLXNldHRpbmdzLVNjbVR5
        cGVfMjAwXzBzLnhtbJ2T3W7bMAyF7wfsHTRdl7Jle2mcxQW8NG2Dpk0RO0t36Tps4sGxNEnu39OP
        Tpd12BBg2C15SIpHH4fWoWaucjUmfNKUals1azbH7y1ax9mqcBQP/ECCH0IQ54EchHLgByKWfc6q
        xrqiKUmCURSvJGetqRPuFbryLDpHvayXldv8WSNnW3QbtUr4+TjnzFEo4WY/SFeUCOPgKDiiviPV
        NFi6SjUJv0TUkNbVA3VIW+pgqpfiNfW5sEIIzi6UdQl/xLtCa3isGqjVOnq+e3myodVO2HIripfW
        ICls5dCKBmm3hUUD6Robqk27NCzxLuvyQPOdUXWNxotD4YtjEcWcPcHWws8XQ/feOPzYP/6IPejd
        YwxRT5YQS9mDsucfRzKMZVyQJbewTJcZLBoke1e4gsV8etCj0XQyvs5hcpPwiOZGQvq+kEE8CKK4
        1/VK53OYzs5hcvrv87NJPobT8c109vVq151qD7nF2TLNSHyWLqY5XMyy/Dq9Gh/WH3L3Fs6UeSxM
        t/CNUU4lfOOctrsdtM7QPFQl/pV6K8pr+wWN3TEgRcDZyft3jA1/53XWurXqeDVotWosEXIIWPrF
        2H+jbi8nfF1rR/QtHeUkeA3k+ERQzC45696JJuFXVWmUVfcOJpPMk74g7X/yMCrKDe4RS7g21QNd
        2c4Xq6/Rwa+1I0Iv9ENJ7HVEEqnQXVLCifO6KndX4H2zqvnEyk1h6OKS1t0DHZB3MvwAwFat2YkG
        zN9aBkAWDr3OwT/Tst/fC34AUEsHCJpPjX8/AgAAEgQAAFBLAwQUAAgACADjq31SAAAAAAAAAAAA
        AAAAVgAAAExvZ0ZpbGVzL2t1ZHUvdHJhY2UvMjAyMS0wMy0yOVQyMS0zMS0wNl9lNDQ5ZDFfMDA0
        X0dFVF9hcGktc2V0dGluZ3MtU2NtVHlwZV8yMDBfMHMueG1snZNRT9tADMffJ+073O4ZJ7kkBNI1
        SFkpEFEoatKVPYbUtJnS3O3uQoFPP6es26Sp2rRX+2/7/L+fh8aiYra2DSY8ayu5qdsVm+G3Do3l
        bFlaivueL8ALwI8LXwwCMfAiR4Q+Z3VrbNlWJMEwjJeCs043CXdLVbsGraVexs2rTfGikLMN2rVc
        JvxyXHBmKZRwvR+kakoEsX/kHwmPs5FsW6xsLduEXyMqSJv6iVqkHbXQ9Wv5lvpUGsdxOLuSxiZ8
        iw+lUrCtW2jkKnx5eH02gVHWMdXGKV87jaQwtUXjtEjLzQ1qSFfYUm3ap2GBD3mfB5pvtWwa1G4c
        OJ5z4oQxZ8+wMfDjydA/OA6OT0+OMYLoEWMII1FBLEQEVeSdhCKIRVySJ/ewSBc5zFskf5e4hPls
        ctCk0SQb3xaQ3SU8pLmhIzzPEX488MM46nulsxlMppeQnf/7/DwrxnA+vptMv9zsulPtIbc4W6Q5
        iS/S+aSAq2le3KY348P6Q+7ew4XU21L3C99paWXC19Yqs9tBqRz1U13hH6lfRUVjPqM2OwaEQ7Sd
        vX/H2PB3YKedXckeWI1GydYQIX8hdo/dXk782s6M6Ft6zIm8t0CBzwTF9Jqz/p2oE35TV1oa+Wgh
        y3JXeA5p/5OHUVmtcY9YwpWun+jMdr4YdYsWfq4dEnqBFwhiryeSSIX+lBJOnDd1tbsC96uR7UdW
        rUtNJ5d09hFOOXPPhh8A2LLTO9GAiWhjGAB5OHR7Cw/nvwNQSwcI8OdAEDkCAAATBAAAUEsDBBQA
        CAAIAOWrfVIAAAAAAAAAAAAAAABCAAAATG9nRmlsZXMva3VkdS90cmFjZS8yMDIxLTAzLTI5VDIx
        LTMxLTA5X2U0NDlkMV8wMDVfU2h1dGRvd25fMHMueG1sfY4xa8MwEIX3QP/DVbPl3ElOsIyTpWuG
        QDtkFZFoBbbsWify96MMAZMhcNP7Ht+9PrGfgQMP/iDOy3T1KcH3X2Y33aIAZ7nkChVJ1FKZH0Wd
        pg5NbfaNgBAT23gtFd80xpGAObiD0EZVqiIUkGcOY8GIXTmimnYaNe0EDDbx4v+zT7yuoK5b3SJh
        cR0/NgD9euDX4G3MM1zGAU7Tb3o7sC3/t8f+U0pwebEcptgB7ccEUhZ1v32YX7mmJ78DUEsHCP05
        guS9AAAAGgEAAFBLAwQUAAgACADnq31SAAAAAAAAAAAAAAAAWgAAAExvZ0ZpbGVzL2t1ZHUvdHJh
        Y2UvMjAyMS0wMy0yOVQyMS0zMS0xNV9lNDQ5ZDFfMDAxX1N0YXJ0dXBfR0VUX2FwaS1zZXR0aW5n
        cy1TY21UeXBlXzBzLnhtbH2PT0vDQBTE74Lf4fnOXZPdtMGEbKHUUoLxD24Qb2FplrqQbGL2BfTb
        u0IL0oPXmeE3M4UnMwJZ6oxERXqieYRX8zkbTwitpiCLWHAWJ0xkteB5wnO+uuVpjGCdJ+0OIWKW
        y6zlCPPUSYz0aCNviKw7+kgd+vp7NAi9oY+hlbjf1QgUJInTuWi0wVhlSboQizsEtX1s1EP50ihV
        NW+bqrzf1OXzk8RQeuJJ3H2RmZzu9jYsXV9fARR/z2w7o1048953UA1H/++bLGyP1sUNY9DOkyY7
        uBwS3ntgLKCL6Jd86afi7P8AUEsHCJLmy9fmAAAARgEAAFBLAwQUAAgACADoq31SAAAAAAAAAAAA
        AAAAVgAAAExvZ0ZpbGVzL2t1ZHUvdHJhY2UvMjAyMS0wMy0yOVQyMS0zMS0xNV9lNDQ5ZDFfMDAy
        X0dFVF9hcGktc2V0dGluZ3MtU2NtVHlwZV8yMDBfMXMueG1snZPdbtswDIXvB+wdNF2XtmU7Tp3F
        Bbw0bYOmTRE7S3fpOmyiwbE8Se7f05dOl3XYEGDYLXlIikcfh8Ziw6y0FSZ8UpdqK+s1m+OPFo3l
        bFVYivueL8ALwI9zXwwCMRA9x49izmRtbFGXJMEwjFeCs1ZXCXeLRroGraVexs3Kbf7cIGdbtBu1
        Svj5OOfMUijhej+okZToxUF05B8dczZSdY2llapO+CViA2klH6hF2lILLV+Kt9SXwjiOw9mFMjbh
        j3hXNA08yhoqtQ6f716eTGAa65hy6xQvrUZSGGnRODXScguDGtI11lSbdmlY4l3W5YHmW62qCrUb
        B47n9J2Q1n2CrYGfT4buwXHQO+73MILoHmMII1FCLEQEZeT1QxHEIi7Ik1tYpssMFjWSvytcwWI+
        PWjSaDoZX+cwuUl4SHNDR3ieI/x44Idx1PVK53OYzs5hcvrv87NJPobT8c109u1q151qD7nF2TLN
        SHyWLqY5XMyy/Dq9Gh/WH3L3Fs6Ufix0t/CNVlYlfGNtY3Y7NE2G+kGW+FfqvSivzFfUZseAcHzO
        Tj5+YGz4O7Cz1q5VB6xG06jaECGHiY37wTt2eznxa1szom/pMPc4ewvk+ERQzC45696JOuFXstTK
        qHsLk0nmCs8h7X/yMCrKDe4RS3ij5QOd2c4X01yjhV9rh4Re4AWC2OuIJFKhO6WEE+eVLHdX4H43
        qv7Myk2h6eSS1t4DHZB7MvwEwFat3okGTERbwwDIw6HbWfhnvu97e8ErUEsHCGnZ19dAAgAAFAQA
        AFBLAwQUAAgACADoq31SAAAAAAAAAAAAAAAASQAAAExvZ0ZpbGVzL2t1ZHUvdHJhY2UvMjAyMS0w
        My0yOVQyMS0zMS0xNl9lNDQ5ZDFfMDAzX1BPU1RfZGVwbG95XzIwMl8xcy54bWyVVEtz2zYQvnem
        /wHBoacsSZA0FapmMqwjx5rKj7Hk2u2lQ5FrCVMKQADQlvzru5SsxBNHmfaKfWD3e+yx82iYl77F
        go9VrVdSLdg1fu7Qec6aytN7HMUCogTifBaLYSKGIguiLONMKucrVVMKpmneCM462xY8bNC0evPB
        1avZxmAxWnu0qmo/Sf9LtTK/Sle6jaoLbzvkbIV+qZuCX11OZ5z5voDb/QBGUuQoT7K38dt3nJ1o
        pbD2UquC/45ooGzlA/Wgd4/KwwTVwi8LntMoZUd9rXyqdum/VS4IAs5Ga0MdCi6iCGoqk6of4kw7
        envEeWUMPEoFrV6km/nT2iXO+IA2CaqnziJlOOnRBQoJnhuHFsoF/Vzwsg/DLc6nfRz6iaxuW7Rh
        ngRRMAjSnLM1rBw8Lwf9anly9G5whBlk95hDmokaciEyqLNokIokF3lFq9zBbXk7hRuFxFCDDdxc
        T/4vzCeT8ehiBuOrgqc0ThoQAIGI82Gc5kTlHZTX1zC5/ATjj/99rOl4NoKPo6vJ5Z/n2+5UewhE
        zm7LKSWfljeTGZwR2xfl+ehw/iHQ7+BU28fK9jhcWe11wZfeG7fdwZgp2gdZ46vQ16JZ6/5A67Yi
        EkHM2fuff2Ls+KUTTtHXy7NKNcTfj1wgRPJc/k2Dqa+sZzsfrEgfZBXml8jmVf3PwupONT9qGyek
        9fD98RsA1nR2q+AhE1EcrRwD2M0b9gO/yhGD9EXOy50uO7/QvbstOqOVI9UfsvcgSCJabO/FfTqZ
        3XfuhBS4vQmc7R5muO71X9doPNJePQNoC34ua6udvvcwHk9DEQURZxNdP/txy9kwDA/J5fv0h5WR
        z+elh9WFLV0o5z/skKZf6cacdfPtmfFyhcXX2/U3HbFEgBj8xenAebuB8p7uUsETmuukqpe4N23B
        jZUP1HgrKWcu0MMXxaRkZkJHkJtfMfSFnuPvkxMfxXty/gVQSwcIxLsoCNkCAAB5BQAAUEsDBBQA
        CAAIAPirfVIAAAAAAAAAAAAAAABRAAAATG9nRmlsZXMva3VkdS90cmFjZS8yMDIxLTAzLTI5VDIx
        LTMxLTE2X2U0NDlkMV8wMDRfQmFja2dyb3VuZF9QT1NUX2RlcGxveV8zMnMueG1s1VZNb+M2EL0X
        6H+Y+rBIDlb0bclN9rDJ7rZotw3gLHoRUNDk2BYikQpJJfG/71B24m9lkVuDAIGZ8bzhmzePc2ks
        NmBLW+HV4BPj93OtWinuNOM4AMEsHYd+GAz9aBjmd2EwjoJxkHphEg+glMYyySkE4zgXwQBaXV0N
        LgQ2lVoOoEa7UOJqcPv35G4AH3/+CeByG+9Pxe+/lBXCB9Yo8+vNuFioGgtTWiwq+p8pVplqlNZ4
        7mQVCIw/tKVG0VdhlFOFFx8vfxkOQbSa2VLJMfi1geHwsJRrjRQh52CxbpRmegkb7D6YOPCPwIyy
        Ezi3qGdK1w5phpYvYMoMih/FyrI1jXtE3nSEO5q+McnmqL3VyVkpxpFgPEsCP0piMZtFScgwE2wU
        8elIpPQhyoSfzlh6fvqWuRckG+Q97GtVVcg77viCyTkatKQMd8uO8960o/AN8oB+djTzvSFROvpM
        O62VaCs0fQhh8lZ7DhBu0KLrkAPZaACmbVkJ1H1g8Wj02p+DtN8Nfpt8ckmCdAx3uu2Zr9yLc0rV
        p16Xf4+aLjlqKA38pQROaIzWR31Fp376NtLlhZvb/WEK4ngj84NyrlWzdBxOJr/BPS5725Qm0Q8U
        se0d3c0ofe/V0vx0P76iROcKu102XJeN7Us6SkmznYF0Hdhvwudn5G2XFZ9JR5JV0GjF0fTeP8uo
        3XbZkJW+RjfMLq4G5LCa8ni8Jrdjet52Zng1+PDQKuss81aruWY1OCM1cPacpeeFa/1ngpeGTM8U
        f7SiLfLQi/wo8L0kCIJiWspCkkj+Xc9Q4bmTewpcMeDwVhAwXJJjSjUUyg635mGo4bWGjW1rJCcv
        rdLLl2+rY2GbPKawSlXmJZqABBKeewNuiYBjX97HOKKcIA7zXWkeyHPCHsl4OeML+vOI2lEFagZ2
        gdtjv6IDyM6Aq7pmUvwfCDnxcIeBF0XHLHfrWVyp+sTAJ1myT+uOO79D/VRTHFNN71P/RnkHklov
        DxslH9FJmIbZnoftmeqdLuf0oDqb0MiXnLaVs0bjY4lPQLNDWikNm1Yozr2TrhGPvDx+YxtZ075t
        cb/PpeqAv0zgidGyQN6+WhdeKtH40KKxwAzJlmyffhnwihlTcvinlEI90UnT9JeWHnsig7S30ZP7
        soFZK+nhp7GxK5LATUel5iUnTDBLyWGKnLUGN6FUolQWUHak9ReW00b51ht4XKhhlqTB9gVOhOV+
        NtoJ2+b/ukLWbQEtbci0FsLMWezpLmdemB6reJvK43VEQRZujeDOSL17SdZI9dNy2VdwFCZ9FJ+o
        NvSzV3X8B1BLBwh22TR+2QMAAEEMAABQSwMEFAAIAAgA8Kt9UgAAAAAAAAAAAAAAAFUAAABMb2dG
        aWxlcy9rdWR1L3RyYWNlLzIwMjEtMDMtMjlUMjEtMzEtMzNfZTQ0OWQxXzAwN19HRVRfYXBpLXNl
        dHRpbmdzLWJyYW5jaF8yMDBfMHMueG1snZPbbptAEIbvK/UdtnudARbIgdREoo6ToDhxZHCdXnIY
        21SYpbtLTk/fgdRN1cpVVYmb3f+fmZ3hm5E22DJTmRpDHjeF3FbNms3xW4facFZmhu5dxxXgeOAG
        qStOPfo8KxABZ1WjTdYUZEHfD0rBWafqkNtZW9kajaFc2s4VWTacbdFsZBnyy0nKmXluKUrt6rQV
        CYeBd3TgHgifs7FsGixMJZuQXyO2ENXVA3IWdZRDVS/Zq/Qp05ZlcXYltQn5I+ZZ28Jj1UAt1/5z
        /vKkPd0aSxdbK3vpFJJDVwa11SA1t9CoIFpjQ7FRL8MS86TXgeobJesalR14lmMdWz61+wRbDT/e
        DP2LT1Yi8ETugrM6KsF3jwM4QbekI7pBkAe545ac3cMyWiawaJDmW2IJi/l035DG03hym0J8F3Kf
        yvqWcBxLuMGpOAyE2+eK5nOYzi4hPv/3+kmcTuB8cjedfbkZ0lPsvmlxtowSMl9Ei2kKV7MkvY1u
        Jvv9+6Z7DxdSPWaqb/hOSSNDvjGm1UMPbZugeqgK/EN6C0pr/RmVHhgQFvV+9v4dY6NfgZ11Zi17
        YBXqVjaaCPkLsd7hG3c7O/FrOj2m39Jj7nD2epHiE0Exu+asfyeqkN9UhZJargzEcWILxyLvf/Iw
        zooN7hALeauqB1qzYS66vUUDP9v2CT3P8fpV64kkUiEdFoc4r6ti2AL7q5bNR1ZsMkUrF3ZmBSec
        2WejDwCs7NRgOmXOVjMAGuHI7if4u+yJnf4dUEsHCJg1i+Q9AgAAEgQAAFBLAwQUAAgACAACrH1S
        AAAAAAAAAAAAAAAAVQAAAExvZ0ZpbGVzL2t1ZHUvdHJhY2UvMjAyMS0wMy0yOVQyMS0zMi0wNF9l
        NDQ5ZDFfMDEwX0dFVF9hcGktc2V0dGluZ3MtYnJhbmNoXzIwMF8wcy54bWydU9tu2kAQfa/Uf9ju
        c8Z3LqY4kktIY4WECEyhj8YewJXxbnfXuX19x6S0VSOiqq8zZ87snD1nqA1KZkpTYcSTOhf7st6y
        GX5vUBvOisxQ3XM8FxwfvDD13IHvDZzA8rsuZ2WtTVbnBMEgCAuqNKqKuJ3J0tZoDHFpe60IsuNs
        j2Ynioh/HqecmSdJU+q4R5bU6IR+98w7cz3ORqKuMTelqCN+jSghrsp75CxuiEOVz9lL61OmLcvi
        7EpoE/EHXGdSwkNZQyW2wdP6+VH7WhpL53sre24UEkKXBrVVIx230Kgg3mJNs3HbhiWu520faL9R
        oqpQ2aFvOVbPCkLOHmGv4eeboX1x3+0VvX7RgT721xB0Nzmse1kfss6m7xbuutPzAs5WsIyXc1jU
        SPoWWMBiNjkl0miSjG9TSO4iHtDawHIdx3K9cOB2wlaYFcSzGUymnyG5+Pf98yQdw8X4bjL9enOg
        p9lTanG2jOcEvowXkxSupvP0Nr4Zn8afUncFl0I9ZKo9+E4JIyK+M0bqww1SzlHdlzm+av0eSiv9
        BZU+eMC16Pbz9+8YG/5p2FGFWd1IttpXbCK2xP2GYXtdzuzz4QcAVjTq4KABc7t7zQBeU08bsxVt
        FhRqKWpN5nuDO6TnHS19hFM0TKNH9ONtghzOXgopPpLfptectRKgivhNmSuhxcZAksxt17EI+59W
        G2X5Do/ujbhU5T0l+CC5lrdo4JeiAbnad3yXbN2anUIA6SGTFKGqzA/y2N+0qD+yfJcpSnPUmA30
        39RwaLe/87fGQe+o8Q9QSwcI+B/F8FUCAABuBAAAUEsDBBQACAAIABWsfVIAAAAAAAAAAAAAAABH
        AAAATG9nRmlsZXMva3VkdS90cmFjZS8yMDIxLTAzLTI5VDIxLTMyLTQzX2U0NDlkMV8wMTFfR0VU
        X2R1bXBfcGVuZGluZy54bWx9Ustu2zAQvBfoP7A8h4yoh1UZVgDVURKjSmxYcp32RlNbh4BEsSIV
        1/760g7SFgic6+7M7Ax2JsaCRlbaBlI8U6JrpdqiJfwawFiMam7d3Pd8RryA+Enls3Hgj8OARn6C
        kVTGciUcBMIwqRlGQ9+k+LIeWo1RC/apq1N8m1cY2b12sP5VWEu3iJJgdOFfMA+jaacUCCs7leKv
        AJpkjXwGjDIhQFuSO2e1c5ZiWYNydvduNTj5Xh74C+sLN5RSjO46Y1O8gw3XmuykIk23Dfebw28T
        GG2pES3lh6EHhzDSgqEKXNBHss7WJVkpOF6CmqyWxd8g02KWP1Rktkgxi0PK/Jj6kUdZzMZRksTR
        kZ4tl6SY35LZdYoFj3m4+RkTJoKAhFD7hCdBTbxICC9JwAvZ5yOnnFU5uc4Xxfz7/emA454zjtE6
        Kx34JlsVFbmbl9VDdp+fx58PetP1O94fMy76znYpfrJWm1MGrUvon6WAN6t/pKox36A3p08x6mN0
        9fEDQpP/ezRtgKtBo8e2QUW3ddrv9CgMMLq8mnwiBNVDf3rmGLFRaxAhb6V/SF3aHnjrCmNdE+hc
        udF7B0beCKM/UEsHCGofbPTAAQAA5wIAAFBLAwQUAAgACADdq31SAAAAAAAAAAAAAAAASwAAAExv
        Z0ZpbGVzL2t1ZHUvdHJhY2UvUkQwMDAzRkY1QjM0OTAtYzkzODg5MzQtOTg3Yy00ZTNkLWFhYTkt
        MzNhNjhiMjM0OTlkLnR4dDXLwQqCMBgA4HvQO/wPMHFOAv1vUpeRqbTRdUiOGqSu7d+ht0+Czh+f
        4KLIeJmJWosCS46HCkDRGCh5uNp3spEYpPBCyEfv8miJ3PKIDGZLz3VCGHqlGdDHW4TwD95tUtaC
        CVYxUMeLUWc5GKVac2taeWq07DsEvtl91r/brYvd775QSwcIKdg7TIIAAACQAAAAUEsBAhQAFAAI
        AAgA+Kt9UgQ1ME2dCAAAbRkAADwAAAAAAAAAAAAAAAAAAAAAAGRlcGxveW1lbnRzLzNkYWM4NTEw
        MzU0ZGZmMzUyYWU4ZGE3M2NiN2Q2MmFlMzhkMDZmYTYvbG9nLmxvZ1BLAQIUABQACAAIAOyrfVKv
        So9YWAAAAH0AAAA9AAAAAAAAAAAAAAAAAAcJAABkZXBsb3ltZW50cy8zZGFjODUxMDM1NGRmZjM1
        MmFlOGRhNzNjYjdkNjJhZTM4ZDA2ZmE2L21hbmlmZXN0UEsBAhQAFAAIAAgA+Kt9UhmY+F6XAQAA
        9gIAAD8AAAAAAAAAAAAAAAAAygkAAGRlcGxveW1lbnRzLzNkYWM4NTEwMzU0ZGZmMzUyYWU4ZGE3
        M2NiN2Q2MmFlMzhkMDZmYTYvc3RhdHVzLnhtbFBLAQIUABQACAAIAPirfVIZmPhelwEAAPYCAABI
        AAAAAAAAAAAAAAAAAM4LAABkZXBsb3ltZW50cy8zZGFjODUxMDM1NGRmZjM1MmFlOGRhNzNjYjdk
        NjJhZTM4ZDA2ZmE2L3N0YXR1c19jb21wbGV0ZS54bWxQSwECFAAUAAgACAD4q31SkoKKGigAAAAo
        AAAAEgAAAAAAAAAAAAAAAADbDQAAZGVwbG95bWVudHMvYWN0aXZlUEsBAhQAFAAIAAgA+Kt9UjS4
        UjTLAQAANgMAABcAAAAAAAAAAAAAAAAAQw4AAGRlcGxveW1lbnRzL2xhdGVzdC5qc29uUEsBAhQA
        FAAAAAAA6Kt9UgAAAAAAAAAAAAAAABMAAAAAAAAAAAAAAAAAUxAAAGRlcGxveW1lbnRzL3BlbmRp
        bmdQSwECFAAUAAgACADgq31SDAVmJHIAAACMAAAAGAAAAAAAAAAAAAAAAACEEAAAZGVwbG95bWVu
        dHMvc2V0dGluZ3MueG1sUEsBAhQAFAAIAAgA6qt9UnohM0npBAAA7gwAABwAAAAAAAAAAAAAAAAA
        PBEAAGRlcGxveW1lbnRzL3Rvb2xzL2RlcGxveS5jbWRQSwECFAAUAAgACADqq31SvxWfwWcAAACW
        AAAAJAAAAAAAAAAAAAAAAABvFgAAZGVwbG95bWVudHMvdG9vbHMvZGVwbG95bWVudENhY2hlS2V5
        UEsBAhQAFAAAAAAAFax9UgAAAAAAAAAAAAAAABkAAAAAAAAAAAAAAAAAKBcAAExvZ0ZpbGVzL2t1
        ZHUvZGVwbG95bWVudC9QSwECFAAUAAgACADdq31SfTX8J9wAAAA3AQAAUwAAAAAAAAAAAAAAAABf
        FwAATG9nRmlsZXMva3VkdS90cmFjZS8yMDIxLTAzLTI5VDIxLTMwLTU4X2U0NDlkMV8wMDFfU3Rh
        cnR1cF9QT1NUX2FwaS1zZXR0aW5nc18wcy54bWxQSwECFAAUAAgACADgq31SXF3rPacCAABRBQAA
        TwAAAAAAAAAAAAAAAAC8GAAATG9nRmlsZXMva3VkdS90cmFjZS8yMDIxLTAzLTI5VDIxLTMwLTU4
        X2U0NDlkMV8wMDJfUE9TVF9hcGktc2V0dGluZ3NfMjA0XzFzLnhtbFBLAQIUABQACAAIAOGrfVKa
        T41/PwIAABIEAABWAAAAAAAAAAAAAAAAAOAbAABMb2dGaWxlcy9rdWR1L3RyYWNlLzIwMjEtMDMt
        MjlUMjEtMzEtMDJfZTQ0OWQxXzAwM19HRVRfYXBpLXNldHRpbmdzLVNjbVR5cGVfMjAwXzBzLnht
        bFBLAQIUABQACAAIAOOrfVLw50AQOQIAABMEAABWAAAAAAAAAAAAAAAAAKMeAABMb2dGaWxlcy9r
        dWR1L3RyYWNlLzIwMjEtMDMtMjlUMjEtMzEtMDZfZTQ0OWQxXzAwNF9HRVRfYXBpLXNldHRpbmdz
        LVNjbVR5cGVfMjAwXzBzLnhtbFBLAQIUABQACAAIAOWrfVL9OYLkvQAAABoBAABCAAAAAAAAAAAA
        AAAAAGAhAABMb2dGaWxlcy9rdWR1L3RyYWNlLzIwMjEtMDMtMjlUMjEtMzEtMDlfZTQ0OWQxXzAw
        NV9TaHV0ZG93bl8wcy54bWxQSwECFAAUAAgACADnq31SkubL1+YAAABGAQAAWgAAAAAAAAAAAAAA
        AACNIgAATG9nRmlsZXMva3VkdS90cmFjZS8yMDIxLTAzLTI5VDIxLTMxLTE1X2U0NDlkMV8wMDFf
        U3RhcnR1cF9HRVRfYXBpLXNldHRpbmdzLVNjbVR5cGVfMHMueG1sUEsBAhQAFAAIAAgA6Kt9UmnZ
        19dAAgAAFAQAAFYAAAAAAAAAAAAAAAAA+yMAAExvZ0ZpbGVzL2t1ZHUvdHJhY2UvMjAyMS0wMy0y
        OVQyMS0zMS0xNV9lNDQ5ZDFfMDAyX0dFVF9hcGktc2V0dGluZ3MtU2NtVHlwZV8yMDBfMXMueG1s
        UEsBAhQAFAAIAAgA6Kt9UsS7KAjZAgAAeQUAAEkAAAAAAAAAAAAAAAAAvyYAAExvZ0ZpbGVzL2t1
        ZHUvdHJhY2UvMjAyMS0wMy0yOVQyMS0zMS0xNl9lNDQ5ZDFfMDAzX1BPU1RfZGVwbG95XzIwMl8x
        cy54bWxQSwECFAAUAAgACAD4q31Sdtk0ftkDAABBDAAAUQAAAAAAAAAAAAAAAAAPKgAATG9nRmls
        ZXMva3VkdS90cmFjZS8yMDIxLTAzLTI5VDIxLTMxLTE2X2U0NDlkMV8wMDRfQmFja2dyb3VuZF9Q
        T1NUX2RlcGxveV8zMnMueG1sUEsBAhQAFAAIAAgA8Kt9Upg1i+Q9AgAAEgQAAFUAAAAAAAAAAAAA
        AAAAZy4AAExvZ0ZpbGVzL2t1ZHUvdHJhY2UvMjAyMS0wMy0yOVQyMS0zMS0zM19lNDQ5ZDFfMDA3
        X0dFVF9hcGktc2V0dGluZ3MtYnJhbmNoXzIwMF8wcy54bWxQSwECFAAUAAgACAACrH1S+B/F8FUC
        AABuBAAAVQAAAAAAAAAAAAAAAAAnMQAATG9nRmlsZXMva3VkdS90cmFjZS8yMDIxLTAzLTI5VDIx
        LTMyLTA0X2U0NDlkMV8wMTBfR0VUX2FwaS1zZXR0aW5ncy1icmFuY2hfMjAwXzBzLnhtbFBLAQIU
        ABQACAAIABWsfVJqH2z0wAEAAOcCAABHAAAAAAAAAAAAAAAAAP8zAABMb2dGaWxlcy9rdWR1L3Ry
        YWNlLzIwMjEtMDMtMjlUMjEtMzItNDNfZTQ0OWQxXzAxMV9HRVRfZHVtcF9wZW5kaW5nLnhtbFBL
        AQIUABQACAAIAN2rfVIp2DtMggAAAJAAAABLAAAAAAAAAAAAAAAAADQ2AABMb2dGaWxlcy9rdWR1
        L3RyYWNlL1JEMDAwM0ZGNUIzNDkwLWM5Mzg4OTM0LTk4N2MtNGUzZC1hYWE5LTMzYTY4YjIzNDk5
        ZC50eHRQSwUGAAAAABgAGAATCgAALzcAAAAA
    headers:
      cache-control:
      - no-cache
      content-disposition:
      - attachment; filename=dump-03-29-21-32-43.zip
      content-type:
      - application/zip
      date:
      - Mon, 29 Mar 2021 21:32:43 GMT
      expires:
      - '-1'
      pragma:
      - no-cache
      server:
      - Microsoft-IIS/10.0
      set-cookie:
      - ARRAffinity=e449d1fa472a4c4a6f2b8f4b37b15b67a6ef4dde253f639be8f7dd65cbe9d6d6;Path=/;HttpOnly;Secure;Domain=webapp-win-log4ybzxs3spt.scm.azurewebsites.net
      - ARRAffinitySameSite=e449d1fa472a4c4a6f2b8f4b37b15b67a6ef4dde253f639be8f7dd65cbe9d6d6;Path=/;HttpOnly;SameSite=None;Secure;Domain=webapp-win-log4ybzxs3spt.scm.azurewebsites.net
      transfer-encoding:
      - chunked
      x-aspnet-version:
      - 4.0.30319
      x-powered-by:
      - ASP.NET
    status:
      code: 200
      message: OK
version: 1
