interactions:
- request:
    body: null
    headers:
      Accept:
      - application/json
      Accept-Encoding:
      - gzip, deflate
      CommandName:
      - appservice plan create
      Connection:
      - keep-alive
      ParameterSetName:
      - -g -n --is-linux --sku
      User-Agent:
      - AZURECLI/2.28.1 azsdk-python-azure-mgmt-resource/19.0.0 Python/3.8.2 (macOS-10.16-x86_64-i386-64bit)
    method: GET
    uri: https://management.azure.com/subscriptions/00000000-0000-0000-0000-000000000000/resourcegroups/clitest.rg000001?api-version=2021-04-01
  response:
    body:
      string: '{"id":"/subscriptions/00000000-0000-0000-0000-000000000000/resourceGroups/clitest.rg000001","name":"clitest.rg000001","type":"Microsoft.Resources/resourceGroups","location":"eastus2","tags":{"product":"azurecli","cause":"automation","date":"2021-10-04T00:02:14Z"},"properties":{"provisioningState":"Succeeded"}}'
    headers:
      cache-control:
      - no-cache
      content-length:
      - '429'
      content-type:
      - application/json; charset=utf-8
      date:
      - Mon, 04 Oct 2021 00:02:18 GMT
      expires:
      - '-1'
      pragma:
      - no-cache
      strict-transport-security:
      - max-age=31536000; includeSubDomains
      vary:
      - Accept-Encoding
      x-content-type-options:
      - nosniff
    status:
      code: 200
      message: OK
- request:
    body: '{"name": "plan-linux-multi000003", "type": "Microsoft.Web/serverfarms",
      "location": "eastus2", "properties": {"skuName": "S1", "needLinuxWorkers": true,
      "capacity": 1}}'
    headers:
      Accept:
      - application/json
      Accept-Encoding:
      - gzip, deflate
      CommandName:
      - appservice plan create
      Connection:
      - keep-alive
      Content-Length:
      - '170'
      Content-Type:
      - application/json
      ParameterSetName:
      - -g -n --is-linux --sku
      User-Agent:
      - AZURECLI/2.28.1 azsdk-python-azure-mgmt-web/4.0.0 Python/3.8.2 (macOS-10.16-x86_64-i386-64bit)
    method: POST
    uri: https://management.azure.com/subscriptions/00000000-0000-0000-0000-000000000000/resourceGroups/clitest.rg000001/providers/Microsoft.Web/validate?api-version=2020-09-01
  response:
    body:
      string: '{"status":"Success","error":null}'
    headers:
      cache-control:
      - no-cache
      content-length:
      - '33'
      content-type:
      - application/json
      date:
      - Mon, 04 Oct 2021 00:02:18 GMT
      expires:
      - '-1'
      pragma:
      - no-cache
      server:
      - Microsoft-IIS/10.0
      strict-transport-security:
      - max-age=31536000; includeSubDomains
      transfer-encoding:
      - chunked
      vary:
      - Accept-Encoding
      x-aspnet-version:
      - 4.0.30319
      x-content-type-options:
      - nosniff
      x-ms-ratelimit-remaining-subscription-writes:
      - '1199'
      x-powered-by:
      - ASP.NET
    status:
      code: 200
      message: OK
- request:
    body: null
    headers:
      Accept:
      - application/json
      Accept-Encoding:
      - gzip, deflate
      CommandName:
      - appservice plan create
      Connection:
      - keep-alive
      ParameterSetName:
      - -g -n --is-linux --sku
      User-Agent:
      - AZURECLI/2.28.1 azsdk-python-azure-mgmt-resource/19.0.0 Python/3.8.2 (macOS-10.16-x86_64-i386-64bit)
    method: GET
    uri: https://management.azure.com/subscriptions/00000000-0000-0000-0000-000000000000/resourcegroups/clitest.rg000001?api-version=2021-04-01
  response:
    body:
      string: '{"id":"/subscriptions/00000000-0000-0000-0000-000000000000/resourceGroups/clitest.rg000001","name":"clitest.rg000001","type":"Microsoft.Resources/resourceGroups","location":"eastus2","tags":{"product":"azurecli","cause":"automation","date":"2021-10-04T00:02:14Z"},"properties":{"provisioningState":"Succeeded"}}'
    headers:
      cache-control:
      - no-cache
      content-length:
      - '429'
      content-type:
      - application/json; charset=utf-8
      date:
      - Mon, 04 Oct 2021 00:02:18 GMT
      expires:
      - '-1'
      pragma:
      - no-cache
      strict-transport-security:
      - max-age=31536000; includeSubDomains
      vary:
      - Accept-Encoding
      x-content-type-options:
      - nosniff
    status:
      code: 200
      message: OK
- request:
    body: '{"location": "eastus2", "sku": {"name": "S1", "tier": "STANDARD", "capacity":
      1}, "properties": {"perSiteScaling": false, "reserved": true, "isXenon": false}}'
    headers:
      Accept:
      - application/json
      Accept-Encoding:
      - gzip, deflate
      CommandName:
      - appservice plan create
      Connection:
      - keep-alive
      Content-Length:
      - '158'
      Content-Type:
      - application/json
      ParameterSetName:
      - -g -n --is-linux --sku
      User-Agent:
      - AZURECLI/2.28.1 azsdk-python-azure-mgmt-web/4.0.0 Python/3.8.2 (macOS-10.16-x86_64-i386-64bit)
    method: PUT
    uri: https://management.azure.com/subscriptions/00000000-0000-0000-0000-000000000000/resourceGroups/clitest.rg000001/providers/Microsoft.Web/serverfarms/plan-linux-multi000003?api-version=2020-09-01
  response:
    body:
      string: '{"id":"/subscriptions/00000000-0000-0000-0000-000000000000/resourceGroups/clitest.rg000001/providers/Microsoft.Web/serverfarms/plan-linux-multi000003","name":"plan-linux-multi000003","type":"Microsoft.Web/serverfarms","kind":"linux","location":"eastus2","properties":{"serverFarmId":15806,"name":"plan-linux-multi000003","sku":{"name":"S1","tier":"Standard","size":"S1","family":"S","capacity":1},"workerSize":"Default","workerSizeId":0,"workerTierName":null,"numberOfWorkers":1,"currentWorkerSize":"Default","currentWorkerSizeId":0,"currentNumberOfWorkers":1,"status":"Ready","webSpace":"clitest.rg000001-EastUS2webspace-Linux","subscription":"e483435e-282d-4ac1-92b5-d6123f2aa360","adminSiteName":null,"hostingEnvironment":null,"hostingEnvironmentProfile":null,"maximumNumberOfWorkers":0,"planName":"VirtualDedicatedPlan","adminRuntimeSiteName":null,"computeMode":"Dedicated","siteMode":null,"geoRegion":"East
        US 2","perSiteScaling":false,"elasticScaleEnabled":false,"maximumElasticWorkerCount":1,"numberOfSites":0,"hostingEnvironmentId":null,"isSpot":false,"spotExpirationTime":null,"freeOfferExpirationTime":null,"tags":null,"kind":"linux","resourceGroup":"clitest.rg000001","reserved":true,"isXenon":false,"hyperV":false,"mdmId":"waws-prod-bn1-081_15806","targetWorkerCount":0,"targetWorkerSizeId":0,"provisioningState":"Succeeded","webSiteId":null,"existingServerFarmIds":null,"kubeEnvironmentProfile":null,"zoneRedundant":false},"sku":{"name":"S1","tier":"Standard","size":"S1","family":"S","capacity":1}}'
    headers:
      cache-control:
      - no-cache
      content-length:
      - '1695'
      content-type:
      - application/json
      date:
      - Mon, 04 Oct 2021 00:02:37 GMT
      etag:
      - '"1D7B8B323B9FACB"'
      expires:
      - '-1'
      pragma:
      - no-cache
      server:
      - Microsoft-IIS/10.0
      strict-transport-security:
      - max-age=31536000; includeSubDomains
      transfer-encoding:
      - chunked
      vary:
      - Accept-Encoding
      x-aspnet-version:
      - 4.0.30319
      x-content-type-options:
      - nosniff
      x-ms-ratelimit-remaining-subscription-writes:
      - '1199'
      x-powered-by:
      - ASP.NET
    status:
      code: 200
      message: OK
- request:
    body: null
    headers:
      Accept:
      - application/json
      Accept-Encoding:
      - gzip, deflate
      CommandName:
      - webapp create
      Connection:
      - keep-alive
      ParameterSetName:
      - -g -n --plan --multicontainer-config-file --multicontainer-config-type
      User-Agent:
      - AZURECLI/2.28.1 azsdk-python-azure-mgmt-web/4.0.0 Python/3.8.2 (macOS-10.16-x86_64-i386-64bit)
    method: GET
    uri: https://management.azure.com/subscriptions/00000000-0000-0000-0000-000000000000/resourceGroups/clitest.rg000001/providers/Microsoft.Web/serverfarms/plan-linux-multi000003?api-version=2020-09-01
  response:
    body:
      string: '{"id":"/subscriptions/00000000-0000-0000-0000-000000000000/resourceGroups/clitest.rg000001/providers/Microsoft.Web/serverfarms/plan-linux-multi000003","name":"plan-linux-multi000003","type":"Microsoft.Web/serverfarms","kind":"linux","location":"East
        US 2","properties":{"serverFarmId":15806,"name":"plan-linux-multi000003","workerSize":"Default","workerSizeId":0,"workerTierName":null,"numberOfWorkers":1,"currentWorkerSize":"Default","currentWorkerSizeId":0,"currentNumberOfWorkers":1,"status":"Ready","webSpace":"clitest.rg000001-EastUS2webspace-Linux","subscription":"e483435e-282d-4ac1-92b5-d6123f2aa360","adminSiteName":null,"hostingEnvironment":null,"hostingEnvironmentProfile":null,"maximumNumberOfWorkers":10,"planName":"VirtualDedicatedPlan","adminRuntimeSiteName":null,"computeMode":"Dedicated","siteMode":null,"geoRegion":"East
        US 2","perSiteScaling":false,"elasticScaleEnabled":false,"maximumElasticWorkerCount":1,"numberOfSites":0,"hostingEnvironmentId":null,"isSpot":false,"spotExpirationTime":null,"freeOfferExpirationTime":null,"tags":null,"kind":"linux","resourceGroup":"clitest.rg000001","reserved":true,"isXenon":false,"hyperV":false,"mdmId":"waws-prod-bn1-081_15806","targetWorkerCount":0,"targetWorkerSizeId":0,"provisioningState":"Succeeded","webSiteId":null,"existingServerFarmIds":null,"kubeEnvironmentProfile":null,"zoneRedundant":false},"sku":{"name":"S1","tier":"Standard","size":"S1","family":"S","capacity":1}}'
    headers:
      cache-control:
      - no-cache
      content-length:
      - '1622'
      content-type:
      - application/json
      date:
      - Mon, 04 Oct 2021 00:02:37 GMT
      expires:
      - '-1'
      pragma:
      - no-cache
      server:
      - Microsoft-IIS/10.0
      strict-transport-security:
      - max-age=31536000; includeSubDomains
      transfer-encoding:
      - chunked
      vary:
      - Accept-Encoding
      x-aspnet-version:
      - 4.0.30319
      x-content-type-options:
      - nosniff
      x-powered-by:
      - ASP.NET
    status:
      code: 200
      message: OK
- request:
    body: '{"name": "webapp-linux-multi000002", "type": "Microsoft.Web/sites", "location":
      "East US 2", "properties": {"serverFarmId": "/subscriptions/00000000-0000-0000-0000-000000000000/resourceGroups/clitest.rg000001/providers/Microsoft.Web/serverfarms/plan-linux-multi000003"}}'
    headers:
      Accept:
      - application/json
      Accept-Encoding:
      - gzip, deflate
      CommandName:
      - webapp create
      Connection:
      - keep-alive
      Content-Length:
      - '331'
      Content-Type:
      - application/json
      ParameterSetName:
      - -g -n --plan --multicontainer-config-file --multicontainer-config-type
      User-Agent:
      - AZURECLI/2.28.1 azsdk-python-azure-mgmt-web/4.0.0 Python/3.8.2 (macOS-10.16-x86_64-i386-64bit)
    method: POST
    uri: https://management.azure.com/subscriptions/00000000-0000-0000-0000-000000000000/resourceGroups/clitest.rg000001/providers/Microsoft.Web/validate?api-version=2020-09-01
  response:
    body:
      string: '{"status":"Success","error":null}'
    headers:
      cache-control:
      - no-cache
      content-length:
      - '33'
      content-type:
      - application/json
      date:
      - Mon, 04 Oct 2021 00:02:39 GMT
      expires:
      - '-1'
      pragma:
      - no-cache
      server:
      - Microsoft-IIS/10.0
      strict-transport-security:
      - max-age=31536000; includeSubDomains
      transfer-encoding:
      - chunked
      vary:
      - Accept-Encoding
      x-aspnet-version:
      - 4.0.30319
      x-content-type-options:
      - nosniff
      x-ms-ratelimit-remaining-subscription-writes:
      - '1199'
      x-powered-by:
      - ASP.NET
    status:
      code: 200
      message: OK
- request:
    body: null
    headers:
      Accept:
      - application/json
      Accept-Encoding:
      - gzip, deflate
      CommandName:
      - webapp create
      Connection:
      - keep-alive
      ParameterSetName:
      - -g -n --plan --multicontainer-config-file --multicontainer-config-type
      User-Agent:
      - AZURECLI/2.28.1 azsdk-python-azure-mgmt-web/4.0.0 Python/3.8.2 (macOS-10.16-x86_64-i386-64bit)
    method: GET
    uri: https://management.azure.com/subscriptions/00000000-0000-0000-0000-000000000000/resourceGroups/clitest.rg000001/providers/Microsoft.Web/serverfarms/plan-linux-multi000003?api-version=2020-09-01
  response:
    body:
      string: '{"id":"/subscriptions/00000000-0000-0000-0000-000000000000/resourceGroups/clitest.rg000001/providers/Microsoft.Web/serverfarms/plan-linux-multi000003","name":"plan-linux-multi000003","type":"Microsoft.Web/serverfarms","kind":"linux","location":"East
        US 2","properties":{"serverFarmId":15806,"name":"plan-linux-multi000003","workerSize":"Default","workerSizeId":0,"workerTierName":null,"numberOfWorkers":1,"currentWorkerSize":"Default","currentWorkerSizeId":0,"currentNumberOfWorkers":1,"status":"Ready","webSpace":"clitest.rg000001-EastUS2webspace-Linux","subscription":"e483435e-282d-4ac1-92b5-d6123f2aa360","adminSiteName":null,"hostingEnvironment":null,"hostingEnvironmentProfile":null,"maximumNumberOfWorkers":10,"planName":"VirtualDedicatedPlan","adminRuntimeSiteName":null,"computeMode":"Dedicated","siteMode":null,"geoRegion":"East
        US 2","perSiteScaling":false,"elasticScaleEnabled":false,"maximumElasticWorkerCount":1,"numberOfSites":0,"hostingEnvironmentId":null,"isSpot":false,"spotExpirationTime":null,"freeOfferExpirationTime":null,"tags":null,"kind":"linux","resourceGroup":"clitest.rg000001","reserved":true,"isXenon":false,"hyperV":false,"mdmId":"waws-prod-bn1-081_15806","targetWorkerCount":0,"targetWorkerSizeId":0,"provisioningState":"Succeeded","webSiteId":null,"existingServerFarmIds":null,"kubeEnvironmentProfile":null,"zoneRedundant":false},"sku":{"name":"S1","tier":"Standard","size":"S1","family":"S","capacity":1}}'
    headers:
      cache-control:
      - no-cache
      content-length:
      - '1622'
      content-type:
      - application/json
      date:
      - Mon, 04 Oct 2021 00:02:38 GMT
      expires:
      - '-1'
      pragma:
      - no-cache
      server:
      - Microsoft-IIS/10.0
      strict-transport-security:
      - max-age=31536000; includeSubDomains
      transfer-encoding:
      - chunked
      vary:
      - Accept-Encoding
      x-aspnet-version:
      - 4.0.30319
      x-content-type-options:
      - nosniff
      x-powered-by:
      - ASP.NET
    status:
      code: 200
      message: OK
- request:
    body: '{"name": "webapp-linux-multi000002", "type": "Site"}'
    headers:
      Accept:
      - application/json
      Accept-Encoding:
      - gzip, deflate
      CommandName:
      - webapp create
      Connection:
      - keep-alive
      Content-Length:
      - '52'
      Content-Type:
      - application/json
      ParameterSetName:
      - -g -n --plan --multicontainer-config-file --multicontainer-config-type
      User-Agent:
      - AZURECLI/2.28.1 azsdk-python-azure-mgmt-web/4.0.0 Python/3.8.2 (macOS-10.16-x86_64-i386-64bit)
    method: POST
    uri: https://management.azure.com/subscriptions/00000000-0000-0000-0000-000000000000/providers/Microsoft.Web/checknameavailability?api-version=2021-01-15
  response:
    body:
      string: '{"nameAvailable":true,"reason":"","message":""}'
    headers:
      cache-control:
      - no-cache
      content-length:
      - '47'
      content-type:
      - application/json
      date:
      - Mon, 04 Oct 2021 00:02:40 GMT
      expires:
      - '-1'
      pragma:
      - no-cache
      server:
      - Microsoft-IIS/10.0
      strict-transport-security:
      - max-age=31536000; includeSubDomains
      transfer-encoding:
      - chunked
      vary:
      - Accept-Encoding
      x-aspnet-version:
      - 4.0.30319
      x-content-type-options:
      - nosniff
      x-powered-by:
      - ASP.NET
    status:
      code: 200
      message: OK
- request:
    body: '{"location": "East US 2", "properties": {"serverFarmId": "/subscriptions/00000000-0000-0000-0000-000000000000/resourceGroups/clitest.rg000001/providers/Microsoft.Web/serverfarms/plan-linux-multi000003",
      "reserved": false, "isXenon": false, "hyperV": false, "siteConfig": {"netFrameworkVersion":
      "v4.6", "linuxFxVersion": "COMPOSE|dmVyc2lvbjogJzMnCnNlcnZpY2VzOgogIHdlYjoKICAgIGltYWdlOiAicGF0bGUvcHl0aG9uX2FwcDoxLjAiCiAgICBwb3J0czoKICAgICAtICI1MDAwOjUwMDAiCiAgcmVkaXM6CiAgICBpbWFnZTogInJlZGlzOmFscGluZSIK",
      "appSettings": [], "alwaysOn": true, "localMySqlEnabled": false, "http20Enabled":
      true}, "scmSiteAlsoStopped": false, "httpsOnly": false}}'
    headers:
      Accept:
      - application/json
      Accept-Encoding:
      - gzip, deflate
      CommandName:
      - webapp create
      Connection:
      - keep-alive
      Content-Length:
      - '704'
      Content-Type:
      - application/json
      ParameterSetName:
      - -g -n --plan --multicontainer-config-file --multicontainer-config-type
      User-Agent:
      - AZURECLI/2.28.1 azsdk-python-azure-mgmt-web/4.0.0 Python/3.8.2 (macOS-10.16-x86_64-i386-64bit)
    method: PUT
    uri: https://management.azure.com/subscriptions/00000000-0000-0000-0000-000000000000/resourceGroups/clitest.rg000001/providers/Microsoft.Web/sites/webapp-linux-multi000002?api-version=2020-09-01
  response:
    body:
      string: '{"id":"/subscriptions/00000000-0000-0000-0000-000000000000/resourceGroups/clitest.rg000001/providers/Microsoft.Web/sites/webapp-linux-multi000002","name":"webapp-linux-multi000002","type":"Microsoft.Web/sites","kind":"app,linux,container","location":"East
        US 2","properties":{"name":"webapp-linux-multi000002","state":"Running","hostNames":["webapp-linux-multi000002.azurewebsites.net"],"webSpace":"clitest.rg000001-EastUS2webspace-Linux","selfLink":"https://waws-prod-bn1-081.api.azurewebsites.windows.net:454/subscriptions/00000000-0000-0000-0000-000000000000/webspaces/clitest.rg000001-EastUS2webspace-Linux/sites/webapp-linux-multi000002","repositorySiteName":"webapp-linux-multi000002","owner":null,"usageState":"Normal","enabled":true,"adminEnabled":true,"enabledHostNames":["webapp-linux-multi000002.azurewebsites.net","webapp-linux-multi000002.scm.azurewebsites.net"],"siteProperties":{"metadata":null,"properties":[{"name":"LinuxFxVersion","value":"COMPOSE|dmVyc2lvbjogJzMnCnNlcnZpY2VzOgogIHdlYjoKICAgIGltYWdlOiAicGF0bGUvcHl0aG9uX2FwcDoxLjAiCiAgICBwb3J0czoKICAgICAtICI1MDAwOjUwMDAiCiAgcmVkaXM6CiAgICBpbWFnZTogInJlZGlzOmFscGluZSIK"},{"name":"WindowsFxVersion","value":null}],"appSettings":null},"availabilityState":"Normal","sslCertificates":null,"csrs":[],"cers":null,"siteMode":null,"hostNameSslStates":[{"name":"webapp-linux-multi000002.azurewebsites.net","sslState":"Disabled","ipBasedSslResult":null,"virtualIP":null,"thumbprint":null,"toUpdate":null,"toUpdateIpBasedSsl":null,"ipBasedSslState":"NotConfigured","hostType":"Standard"},{"name":"webapp-linux-multi000002.scm.azurewebsites.net","sslState":"Disabled","ipBasedSslResult":null,"virtualIP":null,"thumbprint":null,"toUpdate":null,"toUpdateIpBasedSsl":null,"ipBasedSslState":"NotConfigured","hostType":"Repository"}],"computeMode":null,"serverFarm":null,"serverFarmId":"/subscriptions/00000000-0000-0000-0000-000000000000/resourceGroups/clitest.rg000001/providers/Microsoft.Web/serverfarms/plan-linux-multi000003","reserved":true,"isXenon":false,"hyperV":false,"lastModifiedTimeUtc":"2021-10-04T00:02:44.3033333","storageRecoveryDefaultState":"Running","contentAvailabilityState":"Normal","runtimeAvailabilityState":"Normal","siteConfig":{"numberOfWorkers":1,"defaultDocuments":null,"netFrameworkVersion":null,"phpVersion":null,"pythonVersion":null,"nodeVersion":null,"powerShellVersion":null,"linuxFxVersion":"","windowsFxVersion":null,"requestTracingEnabled":null,"remoteDebuggingEnabled":null,"remoteDebuggingVersion":null,"httpLoggingEnabled":null,"azureMonitorLogCategories":null,"acrUseManagedIdentityCreds":false,"acrUserManagedIdentityID":null,"logsDirectorySizeLimit":null,"detailedErrorLoggingEnabled":null,"publishingUsername":null,"publishingPassword":null,"appSettings":null,"metadata":null,"connectionStrings":null,"machineKey":null,"handlerMappings":null,"documentRoot":null,"scmType":null,"use32BitWorkerProcess":null,"webSocketsEnabled":null,"alwaysOn":false,"javaVersion":null,"javaContainer":null,"javaContainerVersion":null,"appCommandLine":null,"managedPipelineMode":null,"virtualApplications":null,"winAuthAdminState":null,"winAuthTenantState":null,"customAppPoolIdentityAdminState":null,"customAppPoolIdentityTenantState":null,"runtimeADUser":null,"runtimeADUserPassword":null,"loadBalancing":null,"routingRules":null,"experiments":null,"limits":null,"autoHealEnabled":null,"autoHealRules":null,"tracingOptions":null,"vnetName":null,"vnetRouteAllEnabled":null,"vnetPrivatePortsCount":null,"publicNetworkAccess":null,"cors":null,"push":null,"apiDefinition":null,"apiManagementConfig":null,"autoSwapSlotName":null,"localMySqlEnabled":null,"managedServiceIdentityId":null,"xManagedServiceIdentityId":null,"keyVaultReferenceIdentity":null,"ipSecurityRestrictions":[{"ipAddress":"Any","action":"Allow","priority":1,"name":"Allow
        all","description":"Allow all access"}],"scmIpSecurityRestrictions":[{"ipAddress":"Any","action":"Allow","priority":1,"name":"Allow
        all","description":"Allow all access"}],"scmIpSecurityRestrictionsUseMain":null,"http20Enabled":false,"minTlsVersion":null,"scmMinTlsVersion":null,"ftpsState":null,"preWarmedInstanceCount":null,"functionAppScaleLimit":0,"healthCheckPath":null,"fileChangeAuditEnabled":null,"functionsRuntimeScaleMonitoringEnabled":null,"websiteTimeZone":null,"minimumElasticInstanceCount":0,"azureStorageAccounts":null,"sitePort":null},"deploymentId":"webapp-linux-multi000002","slotName":null,"trafficManagerHostNames":null,"sku":"Standard","scmSiteAlsoStopped":false,"targetSwapSlot":null,"hostingEnvironment":null,"hostingEnvironmentProfile":null,"clientAffinityEnabled":true,"clientCertEnabled":false,"clientCertMode":"Required","clientCertExclusionPaths":null,"hostNamesDisabled":false,"domainVerificationIdentifiers":null,"customDomainVerificationId":"30E3673979DFB5673924412D39370809E608E2DE4E889BD01C7B80FC38A57EED","kind":"app,linux,container","inboundIpAddress":"20.49.97.4","possibleInboundIpAddresses":"20.49.97.4","ftpUsername":"webapp-linux-multi000002\\$webapp-linux-multi000002","ftpsHostName":"ftps://waws-prod-bn1-081.ftp.azurewebsites.windows.net/site/wwwroot","outboundIpAddresses":"52.177.39.2,52.232.208.24,52.232.209.56,52.232.212.180,52.167.13.214,52.232.212.233,20.49.97.4","possibleOutboundIpAddresses":"52.177.39.2,52.232.208.24,52.232.209.56,52.232.212.180,52.167.13.214,52.232.212.233,52.232.213.56,52.232.213.85,52.232.213.90,52.232.213.100,52.232.213.122,52.232.208.182,52.247.76.89,52.247.76.111,52.247.76.163,52.247.76.166,52.247.76.170,52.247.76.201,52.177.111.249,52.177.240.42,52.177.240.107,52.177.240.196,52.177.240.200,52.167.76.2,20.49.97.4","containerSize":0,"dailyMemoryTimeQuota":0,"suspendedTill":null,"siteDisabledReason":0,"functionExecutionUnitsCache":null,"maxNumberOfWorkers":null,"homeStamp":"waws-prod-bn1-081","cloningInfo":null,"hostingEnvironmentId":null,"tags":null,"resourceGroup":"clitest.rg000001","defaultHostName":"webapp-linux-multi000002.azurewebsites.net","slotSwapStatus":null,"httpsOnly":false,"redundancyMode":"None","inProgressOperationId":null,"geoDistributions":null,"privateEndpointConnections":null,"buildVersion":null,"targetBuildVersion":null,"migrationState":null,"eligibleLogCategories":"AppServiceAppLogs,AppServiceAuditLogs,AppServiceConsoleLogs,AppServiceHTTPLogs,AppServiceIPSecAuditLogs,AppServicePlatformLogs,ScanLogs","storageAccountRequired":false,"virtualNetworkSubnetId":null,"keyVaultReferenceIdentity":"SystemAssigned"}}'
    headers:
      cache-control:
      - no-cache
      content-length:
      - '6736'
      content-type:
      - application/json
      date:
      - Mon, 04 Oct 2021 00:03:00 GMT
      etag:
      - '"1D7B8B3286B5AE0"'
      expires:
      - '-1'
      pragma:
      - no-cache
      server:
      - Microsoft-IIS/10.0
      strict-transport-security:
      - max-age=31536000; includeSubDomains
      transfer-encoding:
      - chunked
      vary:
      - Accept-Encoding
      x-aspnet-version:
      - 4.0.30319
      x-content-type-options:
      - nosniff
      x-ms-ratelimit-remaining-subscription-resource-requests:
      - '499'
      x-powered-by:
      - ASP.NET
    status:
      code: 200
      message: OK
- request:
    body: '{"format": "WebDeploy"}'
    headers:
      Accept:
      - application/xml
      Accept-Encoding:
      - gzip, deflate
      CommandName:
      - webapp create
      Connection:
      - keep-alive
      Content-Length:
      - '23'
      Content-Type:
      - application/json
      ParameterSetName:
      - -g -n --plan --multicontainer-config-file --multicontainer-config-type
      User-Agent:
      - AZURECLI/2.28.1 azsdk-python-azure-mgmt-web/4.0.0 Python/3.8.2 (macOS-10.16-x86_64-i386-64bit)
    method: POST
    uri: https://management.azure.com/subscriptions/00000000-0000-0000-0000-000000000000/resourceGroups/clitest.rg000001/providers/Microsoft.Web/sites/webapp-linux-multi000002/publishxml?api-version=2020-09-01
  response:
    body:
      string: <publishData><publishProfile profileName="webapp-linux-multi000002 -
        Web Deploy" publishMethod="MSDeploy" publishUrl="webapp-linux-multi000002.scm.azurewebsites.net:443"
        msdeploySite="webapp-linux-multi000002" userName="$webapp-linux-multi000002"
        userPWD="kYBGlsnYFvKMC3e05mPGh2BruD7zxiaCbsGrTFtkx1Ze0l4KfGHb7nx5FH3f" destinationAppUrl="http://webapp-linux-multi000002.azurewebsites.net"
        SQLServerDBConnectionString="" mySQLDBConnectionString="" hostingProviderForumLink=""
        controlPanelLink="http://windows.azure.com" webSystem="WebSites"><databases
        /></publishProfile><publishProfile profileName="webapp-linux-multi000002 -
        FTP" publishMethod="FTP" publishUrl="ftp://waws-prod-bn1-081.ftp.azurewebsites.windows.net/site/wwwroot"
        ftpPassiveMode="True" userName="webapp-linux-multi000002\$webapp-linux-multi000002"
        userPWD="kYBGlsnYFvKMC3e05mPGh2BruD7zxiaCbsGrTFtkx1Ze0l4KfGHb7nx5FH3f" destinationAppUrl="http://webapp-linux-multi000002.azurewebsites.net"
        SQLServerDBConnectionString="" mySQLDBConnectionString="" hostingProviderForumLink=""
        controlPanelLink="http://windows.azure.com" webSystem="WebSites"><databases
        /></publishProfile><publishProfile profileName="webapp-linux-multi000002 -
        Zip Deploy" publishMethod="ZipDeploy" publishUrl="webapp-linux-multi000002.scm.azurewebsites.net:443"
        userName="$webapp-linux-multi000002" userPWD="kYBGlsnYFvKMC3e05mPGh2BruD7zxiaCbsGrTFtkx1Ze0l4KfGHb7nx5FH3f"
        destinationAppUrl="http://webapp-linux-multi000002.azurewebsites.net" SQLServerDBConnectionString=""
        mySQLDBConnectionString="" hostingProviderForumLink="" controlPanelLink="http://windows.azure.com"
        webSystem="WebSites"><databases /></publishProfile></publishData>
    headers:
      cache-control:
      - no-cache
      content-length:
      - '1667'
      content-type:
      - application/xml
      date:
      - Mon, 04 Oct 2021 00:03:01 GMT
      expires:
      - '-1'
      pragma:
      - no-cache
      server:
      - Microsoft-IIS/10.0
      strict-transport-security:
      - max-age=31536000; includeSubDomains
      x-aspnet-version:
      - 4.0.30319
      x-content-type-options:
      - nosniff
      x-ms-ratelimit-remaining-subscription-resource-requests:
      - '11999'
      x-powered-by:
      - ASP.NET
    status:
      code: 200
      message: OK
- request:
    body: null
    headers:
      Accept:
      - '*/*'
      Accept-Encoding:
      - gzip, deflate
      Connection:
      - keep-alive
      User-Agent:
      - python-requests/2.25.1
    method: GET
    uri: http://webapp-linux-multi000002.azurewebsites.net/
  response:
    body:
      string: 'Hello World! I have been seen 4 times.

        '
    headers:
      content-length:
      - '39'
      content-type:
      - text/html; charset=utf-8
      date:
      - Mon, 04 Oct 2021 00:03:35 GMT
      server:
      - Werkzeug/0.14.1 Python/3.4.8
      set-cookie:
      - ARRAffinity=59baa5b589ee346b2b43cd513ccb8313ca99e773b0a174abf7ff3aa9fc685b8f;Path=/;HttpOnly;Domain=webapp-linux-multiponwa7.azurewebsites.net
    status:
      code: 200
      message: OK
- request:
    body: null
    headers:
      Accept:
      - '*/*'
      Accept-Encoding:
      - gzip, deflate
      Connection:
      - keep-alive
      User-Agent:
      - python-requests/2.25.1
    method: GET
    uri: http://webapp-linux-multi000002.azurewebsites.net/
  response:
    body:
      string: 'Hello World! I have been seen 7 times.

        '
    headers:
      content-length:
      - '39'
      content-type:
      - text/html; charset=utf-8
      date:
      - Mon, 04 Oct 2021 00:03:36 GMT
      server:
      - Werkzeug/0.14.1 Python/3.4.8
      set-cookie:
      - ARRAffinity=59baa5b589ee346b2b43cd513ccb8313ca99e773b0a174abf7ff3aa9fc685b8f;Path=/;HttpOnly;Domain=webapp-linux-multiponwa7.azurewebsites.net
    status:
      code: 200
      message: OK
- request:
    body: null
    headers:
      Accept:
      - '*/*'
      Accept-Encoding:
      - gzip, deflate
      Connection:
      - keep-alive
      User-Agent:
      - python-requests/2.25.1
    method: GET
    uri: http://webapp-linux-multi000002.azurewebsites.net/
  response:
    body:
      string: 'Hello World! I have been seen 8 times.

        '
    headers:
      content-length:
      - '39'
      content-type:
      - text/html; charset=utf-8
      date:
      - Mon, 04 Oct 2021 00:03:36 GMT
      server:
      - Werkzeug/0.14.1 Python/3.4.8
      set-cookie:
      - ARRAffinity=59baa5b589ee346b2b43cd513ccb8313ca99e773b0a174abf7ff3aa9fc685b8f;Path=/;HttpOnly;Domain=webapp-linux-multiponwa7.azurewebsites.net
    status:
      code: 200
      message: OK
- request:
    body: null
    headers:
      Accept:
      - '*/*'
      Accept-Encoding:
      - gzip, deflate
      Connection:
      - keep-alive
      User-Agent:
      - python-requests/2.25.1
    method: GET
    uri: http://webapp-linux-multi000002.azurewebsites.net/
  response:
    body:
      string: 'Hello World! I have been seen 9 times.

        '
    headers:
      content-length:
      - '39'
      content-type:
      - text/html; charset=utf-8
      date:
      - Mon, 04 Oct 2021 00:03:36 GMT
      server:
      - Werkzeug/0.14.1 Python/3.4.8
      set-cookie:
      - ARRAffinity=59baa5b589ee346b2b43cd513ccb8313ca99e773b0a174abf7ff3aa9fc685b8f;Path=/;HttpOnly;Domain=webapp-linux-multiponwa7.azurewebsites.net
    status:
      code: 200
      message: OK
- request:
    body: null
    headers:
      Accept:
      - '*/*'
      Accept-Encoding:
      - gzip, deflate
      Connection:
      - keep-alive
      User-Agent:
      - python-requests/2.25.1
    method: GET
    uri: http://webapp-linux-multi000002.azurewebsites.net/
  response:
    body:
      string: 'Hello World! I have been seen 10 times.

        '
    headers:
      content-length:
      - '40'
      content-type:
      - text/html; charset=utf-8
      date:
      - Mon, 04 Oct 2021 00:03:36 GMT
      server:
      - Werkzeug/0.14.1 Python/3.4.8
      set-cookie:
      - ARRAffinity=59baa5b589ee346b2b43cd513ccb8313ca99e773b0a174abf7ff3aa9fc685b8f;Path=/;HttpOnly;Domain=webapp-linux-multiponwa7.azurewebsites.net
    status:
      code: 200
      message: OK
- request:
    body: null
    headers:
      Accept:
      - '*/*'
      Accept-Encoding:
      - gzip, deflate
      Connection:
      - keep-alive
      User-Agent:
      - python-requests/2.25.1
    method: GET
    uri: http://webapp-linux-multi000002.azurewebsites.net/
  response:
    body:
      string: 'Hello World! I have been seen 11 times.

        '
    headers:
      content-length:
      - '40'
      content-type:
      - text/html; charset=utf-8
      date:
      - Mon, 04 Oct 2021 00:03:36 GMT
      server:
      - Werkzeug/0.14.1 Python/3.4.8
      set-cookie:
      - ARRAffinity=59baa5b589ee346b2b43cd513ccb8313ca99e773b0a174abf7ff3aa9fc685b8f;Path=/;HttpOnly;Domain=webapp-linux-multiponwa7.azurewebsites.net
    status:
      code: 200
      message: OK
- request:
    body: null
    headers:
      Accept:
      - '*/*'
      Accept-Encoding:
      - gzip, deflate
      Connection:
      - keep-alive
      User-Agent:
      - python-requests/2.25.1
    method: GET
    uri: http://webapp-linux-multi000002.azurewebsites.net/
  response:
    body:
      string: 'Hello World! I have been seen 12 times.

        '
    headers:
      content-length:
      - '40'
      content-type:
      - text/html; charset=utf-8
      date:
      - Mon, 04 Oct 2021 00:03:37 GMT
      server:
      - Werkzeug/0.14.1 Python/3.4.8
      set-cookie:
      - ARRAffinity=59baa5b589ee346b2b43cd513ccb8313ca99e773b0a174abf7ff3aa9fc685b8f;Path=/;HttpOnly;Domain=webapp-linux-multiponwa7.azurewebsites.net
    status:
      code: 200
      message: OK
- request:
    body: null
    headers:
      Accept:
      - '*/*'
      Accept-Encoding:
      - gzip, deflate
      Connection:
      - keep-alive
      User-Agent:
      - python-requests/2.25.1
    method: GET
    uri: http://webapp-linux-multi000002.azurewebsites.net/
  response:
    body:
      string: 'Hello World! I have been seen 13 times.

        '
    headers:
      content-length:
      - '40'
      content-type:
      - text/html; charset=utf-8
      date:
      - Mon, 04 Oct 2021 00:03:37 GMT
      server:
      - Werkzeug/0.14.1 Python/3.4.8
      set-cookie:
      - ARRAffinity=59baa5b589ee346b2b43cd513ccb8313ca99e773b0a174abf7ff3aa9fc685b8f;Path=/;HttpOnly;Domain=webapp-linux-multiponwa7.azurewebsites.net
    status:
      code: 200
      message: OK
- request:
    body: null
    headers:
      Accept:
      - '*/*'
      Accept-Encoding:
      - gzip, deflate
      Connection:
      - keep-alive
      User-Agent:
      - python-requests/2.25.1
    method: GET
    uri: http://webapp-linux-multi000002.azurewebsites.net/
  response:
    body:
      string: 'Hello World! I have been seen 14 times.

        '
    headers:
      content-length:
      - '40'
      content-type:
      - text/html; charset=utf-8
      date:
      - Mon, 04 Oct 2021 00:03:37 GMT
      server:
      - Werkzeug/0.14.1 Python/3.4.8
      set-cookie:
      - ARRAffinity=59baa5b589ee346b2b43cd513ccb8313ca99e773b0a174abf7ff3aa9fc685b8f;Path=/;HttpOnly;Domain=webapp-linux-multiponwa7.azurewebsites.net
    status:
      code: 200
      message: OK
- request:
    body: null
    headers:
      Accept:
      - '*/*'
      Accept-Encoding:
      - gzip, deflate
      Connection:
      - keep-alive
      User-Agent:
      - python-requests/2.25.1
    method: GET
    uri: http://webapp-linux-multi000002.azurewebsites.net/
  response:
    body:
      string: 'Hello World! I have been seen 15 times.

        '
    headers:
      content-length:
      - '40'
      content-type:
      - text/html; charset=utf-8
      date:
      - Mon, 04 Oct 2021 00:03:37 GMT
      server:
      - Werkzeug/0.14.1 Python/3.4.8
      set-cookie:
      - ARRAffinity=59baa5b589ee346b2b43cd513ccb8313ca99e773b0a174abf7ff3aa9fc685b8f;Path=/;HttpOnly;Domain=webapp-linux-multiponwa7.azurewebsites.net
    status:
      code: 200
      message: OK
- request:
    body: null
    headers:
      Accept:
      - application/json
      Accept-Encoding:
      - gzip, deflate
      CommandName:
      - webapp deployment slot create
      Connection:
      - keep-alive
      ParameterSetName:
      - -g -n --slot
      User-Agent:
      - AZURECLI/2.28.1 azsdk-python-azure-mgmt-web/4.0.0 Python/3.8.2 (macOS-10.16-x86_64-i386-64bit)
    method: GET
    uri: https://management.azure.com/subscriptions/00000000-0000-0000-0000-000000000000/resourceGroups/clitest.rg000001/providers/Microsoft.Web/sites/webapp-linux-multi000002?api-version=2020-09-01
  response:
    body:
      string: '{"id":"/subscriptions/00000000-0000-0000-0000-000000000000/resourceGroups/clitest.rg000001/providers/Microsoft.Web/sites/webapp-linux-multi000002","name":"webapp-linux-multi000002","type":"Microsoft.Web/sites","kind":"app,linux,container","location":"East
        US 2","properties":{"name":"webapp-linux-multi000002","state":"Running","hostNames":["webapp-linux-multi000002.azurewebsites.net"],"webSpace":"clitest.rg000001-EastUS2webspace-Linux","selfLink":"https://waws-prod-bn1-081.api.azurewebsites.windows.net:454/subscriptions/00000000-0000-0000-0000-000000000000/webspaces/clitest.rg000001-EastUS2webspace-Linux/sites/webapp-linux-multi000002","repositorySiteName":"webapp-linux-multi000002","owner":null,"usageState":"Normal","enabled":true,"adminEnabled":true,"enabledHostNames":["webapp-linux-multi000002.azurewebsites.net","webapp-linux-multi000002.scm.azurewebsites.net"],"siteProperties":{"metadata":null,"properties":[{"name":"LinuxFxVersion","value":"COMPOSE|dmVyc2lvbjogJzMnCnNlcnZpY2VzOgogIHdlYjoKICAgIGltYWdlOiAicGF0bGUvcHl0aG9uX2FwcDoxLjAiCiAgICBwb3J0czoKICAgICAtICI1MDAwOjUwMDAiCiAgcmVkaXM6CiAgICBpbWFnZTogInJlZGlzOmFscGluZSIK"},{"name":"WindowsFxVersion","value":null}],"appSettings":null},"availabilityState":"Normal","sslCertificates":null,"csrs":[],"cers":null,"siteMode":null,"hostNameSslStates":[{"name":"webapp-linux-multi000002.azurewebsites.net","sslState":"Disabled","ipBasedSslResult":null,"virtualIP":null,"thumbprint":null,"toUpdate":null,"toUpdateIpBasedSsl":null,"ipBasedSslState":"NotConfigured","hostType":"Standard"},{"name":"webapp-linux-multi000002.scm.azurewebsites.net","sslState":"Disabled","ipBasedSslResult":null,"virtualIP":null,"thumbprint":null,"toUpdate":null,"toUpdateIpBasedSsl":null,"ipBasedSslState":"NotConfigured","hostType":"Repository"}],"computeMode":null,"serverFarm":null,"serverFarmId":"/subscriptions/00000000-0000-0000-0000-000000000000/resourceGroups/clitest.rg000001/providers/Microsoft.Web/serverfarms/plan-linux-multi000003","reserved":true,"isXenon":false,"hyperV":false,"lastModifiedTimeUtc":"2021-10-04T00:02:44.75","storageRecoveryDefaultState":"Running","contentAvailabilityState":"Normal","runtimeAvailabilityState":"Normal","siteConfig":{"numberOfWorkers":1,"defaultDocuments":null,"netFrameworkVersion":null,"phpVersion":null,"pythonVersion":null,"nodeVersion":null,"powerShellVersion":null,"linuxFxVersion":"COMPOSE|dmVyc2lvbjogJzMnCnNlcnZpY2VzOgogIHdlYjoKICAgIGltYWdlOiAicGF0bGUvcHl0aG9uX2FwcDoxLjAiCiAgICBwb3J0czoKICAgICAtICI1MDAwOjUwMDAiCiAgcmVkaXM6CiAgICBpbWFnZTogInJlZGlzOmFscGluZSIK","windowsFxVersion":null,"requestTracingEnabled":null,"remoteDebuggingEnabled":null,"remoteDebuggingVersion":null,"httpLoggingEnabled":null,"azureMonitorLogCategories":null,"acrUseManagedIdentityCreds":false,"acrUserManagedIdentityID":null,"logsDirectorySizeLimit":null,"detailedErrorLoggingEnabled":null,"publishingUsername":null,"publishingPassword":null,"appSettings":null,"metadata":null,"connectionStrings":null,"machineKey":null,"handlerMappings":null,"documentRoot":null,"scmType":null,"use32BitWorkerProcess":null,"webSocketsEnabled":null,"alwaysOn":true,"javaVersion":null,"javaContainer":null,"javaContainerVersion":null,"appCommandLine":null,"managedPipelineMode":null,"virtualApplications":null,"winAuthAdminState":null,"winAuthTenantState":null,"customAppPoolIdentityAdminState":null,"customAppPoolIdentityTenantState":null,"runtimeADUser":null,"runtimeADUserPassword":null,"loadBalancing":null,"routingRules":null,"experiments":null,"limits":null,"autoHealEnabled":null,"autoHealRules":null,"tracingOptions":null,"vnetName":null,"vnetRouteAllEnabled":null,"vnetPrivatePortsCount":null,"publicNetworkAccess":null,"cors":null,"push":null,"apiDefinition":null,"apiManagementConfig":null,"autoSwapSlotName":null,"localMySqlEnabled":null,"managedServiceIdentityId":null,"xManagedServiceIdentityId":null,"keyVaultReferenceIdentity":null,"ipSecurityRestrictions":null,"scmIpSecurityRestrictions":null,"scmIpSecurityRestrictionsUseMain":null,"http20Enabled":true,"minTlsVersion":null,"scmMinTlsVersion":null,"ftpsState":null,"preWarmedInstanceCount":null,"functionAppScaleLimit":0,"healthCheckPath":null,"fileChangeAuditEnabled":null,"functionsRuntimeScaleMonitoringEnabled":null,"websiteTimeZone":null,"minimumElasticInstanceCount":0,"azureStorageAccounts":null,"sitePort":null},"deploymentId":"webapp-linux-multi000002","slotName":null,"trafficManagerHostNames":null,"sku":"Standard","scmSiteAlsoStopped":false,"targetSwapSlot":null,"hostingEnvironment":null,"hostingEnvironmentProfile":null,"clientAffinityEnabled":true,"clientCertEnabled":false,"clientCertMode":"Required","clientCertExclusionPaths":null,"hostNamesDisabled":false,"domainVerificationIdentifiers":null,"customDomainVerificationId":"30E3673979DFB5673924412D39370809E608E2DE4E889BD01C7B80FC38A57EED","kind":"app,linux,container","inboundIpAddress":"20.49.97.4","possibleInboundIpAddresses":"20.49.97.4","ftpUsername":"webapp-linux-multi000002\\$webapp-linux-multi000002","ftpsHostName":"ftps://waws-prod-bn1-081.ftp.azurewebsites.windows.net/site/wwwroot","outboundIpAddresses":"52.177.39.2,52.232.208.24,52.232.209.56,52.232.212.180,52.167.13.214,52.232.212.233,20.49.97.4","possibleOutboundIpAddresses":"52.177.39.2,52.232.208.24,52.232.209.56,52.232.212.180,52.167.13.214,52.232.212.233,52.232.213.56,52.232.213.85,52.232.213.90,52.232.213.100,52.232.213.122,52.232.208.182,52.247.76.89,52.247.76.111,52.247.76.163,52.247.76.166,52.247.76.170,52.247.76.201,52.177.111.249,52.177.240.42,52.177.240.107,52.177.240.196,52.177.240.200,52.167.76.2,20.49.97.4","containerSize":0,"dailyMemoryTimeQuota":0,"suspendedTill":null,"siteDisabledReason":0,"functionExecutionUnitsCache":null,"maxNumberOfWorkers":null,"homeStamp":"waws-prod-bn1-081","cloningInfo":null,"hostingEnvironmentId":null,"tags":null,"resourceGroup":"clitest.rg000001","defaultHostName":"webapp-linux-multi000002.azurewebsites.net","slotSwapStatus":null,"httpsOnly":false,"redundancyMode":"None","inProgressOperationId":null,"geoDistributions":null,"privateEndpointConnections":[],"buildVersion":null,"targetBuildVersion":null,"migrationState":null,"eligibleLogCategories":"AppServiceAppLogs,AppServiceAuditLogs,AppServiceConsoleLogs,AppServiceHTTPLogs,AppServiceIPSecAuditLogs,AppServicePlatformLogs,ScanLogs","storageAccountRequired":false,"virtualNetworkSubnetId":null,"keyVaultReferenceIdentity":"SystemAssigned"}}'
    headers:
      cache-control:
      - no-cache
      content-length:
      - '6709'
      content-type:
      - application/json
      date:
      - Mon, 04 Oct 2021 00:03:38 GMT
      etag:
      - '"1D7B8B3286B5AE0"'
      expires:
      - '-1'
      pragma:
      - no-cache
      server:
      - Microsoft-IIS/10.0
      strict-transport-security:
      - max-age=31536000; includeSubDomains
      transfer-encoding:
      - chunked
      vary:
      - Accept-Encoding
      x-aspnet-version:
      - 4.0.30319
      x-content-type-options:
      - nosniff
      x-powered-by:
      - ASP.NET
    status:
      code: 200
      message: OK
- request:
    body: null
    headers:
      Accept:
      - application/json
      Accept-Encoding:
      - gzip, deflate
      CommandName:
      - webapp deployment slot create
      Connection:
      - keep-alive
      ParameterSetName:
      - -g -n --slot
      User-Agent:
      - AZURECLI/2.28.1 azsdk-python-azure-mgmt-web/4.0.0 Python/3.8.2 (macOS-10.16-x86_64-i386-64bit)
    method: GET
    uri: https://management.azure.com/subscriptions/00000000-0000-0000-0000-000000000000/resourceGroups/clitest.rg000001/providers/Microsoft.Web/sites/webapp-linux-multi000002/config/web?api-version=2020-09-01
  response:
    body:
      string: '{"id":"/subscriptions/00000000-0000-0000-0000-000000000000/resourceGroups/clitest.rg000001/providers/Microsoft.Web/sites/webapp-linux-multi000002/config/web","name":"webapp-linux-multi000002","type":"Microsoft.Web/sites/config","location":"East
        US 2","properties":{"numberOfWorkers":1,"defaultDocuments":["Default.htm","Default.html","Default.asp","index.htm","index.html","iisstart.htm","default.aspx","index.php","hostingstart.html"],"netFrameworkVersion":"v4.0","phpVersion":"","pythonVersion":"","nodeVersion":"","powerShellVersion":"","linuxFxVersion":"COMPOSE|dmVyc2lvbjogJzMnCnNlcnZpY2VzOgogIHdlYjoKICAgIGltYWdlOiAicGF0bGUvcHl0aG9uX2FwcDoxLjAiCiAgICBwb3J0czoKICAgICAtICI1MDAwOjUwMDAiCiAgcmVkaXM6CiAgICBpbWFnZTogInJlZGlzOmFscGluZSIK","windowsFxVersion":null,"requestTracingEnabled":false,"remoteDebuggingEnabled":false,"remoteDebuggingVersion":null,"httpLoggingEnabled":false,"azureMonitorLogCategories":null,"acrUseManagedIdentityCreds":false,"acrUserManagedIdentityID":null,"logsDirectorySizeLimit":35,"detailedErrorLoggingEnabled":false,"publishingUsername":"$webapp-linux-multi000002","publishingPassword":null,"appSettings":null,"metadata":null,"connectionStrings":null,"machineKey":null,"handlerMappings":null,"documentRoot":null,"scmType":"None","use32BitWorkerProcess":true,"webSocketsEnabled":false,"alwaysOn":true,"javaVersion":null,"javaContainer":null,"javaContainerVersion":null,"appCommandLine":"","managedPipelineMode":"Integrated","virtualApplications":[{"virtualPath":"/","physicalPath":"site\\wwwroot","preloadEnabled":true,"virtualDirectories":null}],"winAuthAdminState":0,"winAuthTenantState":0,"customAppPoolIdentityAdminState":false,"customAppPoolIdentityTenantState":false,"runtimeADUser":null,"runtimeADUserPassword":null,"loadBalancing":"LeastRequests","routingRules":[],"experiments":{"rampUpRules":[]},"limits":null,"autoHealEnabled":false,"autoHealRules":null,"tracingOptions":null,"vnetName":"","vnetRouteAllEnabled":false,"vnetPrivatePortsCount":0,"publicNetworkAccess":null,"siteAuthEnabled":false,"siteAuthSettings":{"enabled":null,"unauthenticatedClientAction":null,"tokenStoreEnabled":null,"allowedExternalRedirectUrls":null,"defaultProvider":null,"clientId":null,"clientSecret":null,"clientSecretSettingName":null,"clientSecretCertificateThumbprint":null,"issuer":null,"allowedAudiences":null,"additionalLoginParams":null,"isAadAutoProvisioned":false,"aadClaimsAuthorization":null,"googleClientId":null,"googleClientSecret":null,"googleClientSecretSettingName":null,"googleOAuthScopes":null,"facebookAppId":null,"facebookAppSecret":null,"facebookAppSecretSettingName":null,"facebookOAuthScopes":null,"gitHubClientId":null,"gitHubClientSecret":null,"gitHubClientSecretSettingName":null,"gitHubOAuthScopes":null,"twitterConsumerKey":null,"twitterConsumerSecret":null,"twitterConsumerSecretSettingName":null,"microsoftAccountClientId":null,"microsoftAccountClientSecret":null,"microsoftAccountClientSecretSettingName":null,"microsoftAccountOAuthScopes":null,"configVersion":null},"cors":null,"push":null,"apiDefinition":null,"apiManagementConfig":null,"autoSwapSlotName":null,"localMySqlEnabled":false,"managedServiceIdentityId":null,"xManagedServiceIdentityId":null,"keyVaultReferenceIdentity":null,"ipSecurityRestrictions":[{"ipAddress":"Any","action":"Allow","priority":1,"name":"Allow
        all","description":"Allow all access"}],"scmIpSecurityRestrictions":[{"ipAddress":"Any","action":"Allow","priority":1,"name":"Allow
        all","description":"Allow all access"}],"scmIpSecurityRestrictionsUseMain":false,"http20Enabled":true,"minTlsVersion":"1.2","scmMinTlsVersion":"1.0","ftpsState":"AllAllowed","preWarmedInstanceCount":0,"functionAppScaleLimit":0,"healthCheckPath":null,"fileChangeAuditEnabled":false,"functionsRuntimeScaleMonitoringEnabled":false,"websiteTimeZone":null,"minimumElasticInstanceCount":0,"azureStorageAccounts":{},"sitePort":null}}'
    headers:
      cache-control:
      - no-cache
      content-length:
      - '3944'
      content-type:
      - application/json
      date:
      - Mon, 04 Oct 2021 00:03:38 GMT
      expires:
      - '-1'
      pragma:
      - no-cache
      server:
      - Microsoft-IIS/10.0
      strict-transport-security:
      - max-age=31536000; includeSubDomains
      transfer-encoding:
      - chunked
      vary:
      - Accept-Encoding
      x-aspnet-version:
      - 4.0.30319
      x-content-type-options:
      - nosniff
      x-powered-by:
      - ASP.NET
    status:
      code: 200
      message: OK
- request:
    body: '{"location": "East US 2", "properties": {"serverFarmId": "/subscriptions/00000000-0000-0000-0000-000000000000/resourceGroups/clitest.rg000001/providers/Microsoft.Web/serverfarms/plan-linux-multi000003",
      "reserved": false, "isXenon": false, "hyperV": false, "siteConfig": {"netFrameworkVersion":
      "v4.6", "localMySqlEnabled": false, "http20Enabled": true}, "scmSiteAlsoStopped":
      false}}'
    headers:
      Accept:
      - application/json
      Accept-Encoding:
      - gzip, deflate
      CommandName:
      - webapp deployment slot create
      Connection:
      - keep-alive
      Content-Length:
      - '445'
      Content-Type:
      - application/json
      ParameterSetName:
      - -g -n --slot
      User-Agent:
      - AZURECLI/2.28.1 azsdk-python-azure-mgmt-web/4.0.0 Python/3.8.2 (macOS-10.16-x86_64-i386-64bit)
    method: PUT
    uri: https://management.azure.com/subscriptions/00000000-0000-0000-0000-000000000000/resourceGroups/clitest.rg000001/providers/Microsoft.Web/sites/webapp-linux-multi000002/slots/stage?api-version=2020-09-01
  response:
    body:
      string: '{"id":"/subscriptions/00000000-0000-0000-0000-000000000000/resourceGroups/clitest.rg000001/providers/Microsoft.Web/sites/webapp-linux-multi000002/slots/stage","name":"webapp-linux-multi000002/stage","type":"Microsoft.Web/sites/slots","kind":"app,linux,container","location":"East
        US 2","properties":{"name":"webapp-linux-multi000002(stage)","state":"Running","hostNames":["webapp-linux-multi000002-stage.azurewebsites.net"],"webSpace":"clitest.rg000001-EastUS2webspace-Linux","selfLink":"https://waws-prod-bn1-081.api.azurewebsites.windows.net:454/subscriptions/00000000-0000-0000-0000-000000000000/webspaces/clitest.rg000001-EastUS2webspace-Linux/sites/webapp-linux-multi000002","repositorySiteName":"webapp-linux-multi000002","owner":null,"usageState":"Normal","enabled":true,"adminEnabled":true,"enabledHostNames":["webapp-linux-multi000002-stage.azurewebsites.net","webapp-linux-multi000002-stage.scm.azurewebsites.net"],"siteProperties":{"metadata":null,"properties":[{"name":"LinuxFxVersion","value":"COMPOSE|dmVyc2lvbjogJzMnCnNlcnZpY2VzOgogIHdlYjoKICAgIGltYWdlOiAicGF0bGUvcHl0aG9uX2FwcDoxLjAiCiAgICBwb3J0czoKICAgICAtICI1MDAwOjUwMDAiCiAgcmVkaXM6CiAgICBpbWFnZTogInJlZGlzOmFscGluZSIK"},{"name":"WindowsFxVersion","value":null}],"appSettings":null},"availabilityState":"Normal","sslCertificates":null,"csrs":[],"cers":null,"siteMode":null,"hostNameSslStates":[{"name":"webapp-linux-multi000002-stage.azurewebsites.net","sslState":"Disabled","ipBasedSslResult":null,"virtualIP":null,"thumbprint":null,"toUpdate":null,"toUpdateIpBasedSsl":null,"ipBasedSslState":"NotConfigured","hostType":"Standard"},{"name":"webapp-linux-multi000002-stage.scm.azurewebsites.net","sslState":"Disabled","ipBasedSslResult":null,"virtualIP":null,"thumbprint":null,"toUpdate":null,"toUpdateIpBasedSsl":null,"ipBasedSslState":"NotConfigured","hostType":"Repository"}],"computeMode":null,"serverFarm":null,"serverFarmId":"/subscriptions/00000000-0000-0000-0000-000000000000/resourceGroups/clitest.rg000001/providers/Microsoft.Web/serverfarms/plan-linux-multi000003","reserved":true,"isXenon":false,"hyperV":false,"lastModifiedTimeUtc":"2021-10-04T00:03:43.4966667","storageRecoveryDefaultState":"Running","contentAvailabilityState":"Normal","runtimeAvailabilityState":"Normal","siteConfig":{"numberOfWorkers":1,"defaultDocuments":null,"netFrameworkVersion":null,"phpVersion":null,"pythonVersion":null,"nodeVersion":null,"powerShellVersion":null,"linuxFxVersion":"","windowsFxVersion":null,"requestTracingEnabled":null,"remoteDebuggingEnabled":null,"remoteDebuggingVersion":null,"httpLoggingEnabled":null,"azureMonitorLogCategories":null,"acrUseManagedIdentityCreds":false,"acrUserManagedIdentityID":null,"logsDirectorySizeLimit":null,"detailedErrorLoggingEnabled":null,"publishingUsername":null,"publishingPassword":null,"appSettings":null,"metadata":null,"connectionStrings":null,"machineKey":null,"handlerMappings":null,"documentRoot":null,"scmType":null,"use32BitWorkerProcess":null,"webSocketsEnabled":null,"alwaysOn":false,"javaVersion":null,"javaContainer":null,"javaContainerVersion":null,"appCommandLine":null,"managedPipelineMode":null,"virtualApplications":null,"winAuthAdminState":null,"winAuthTenantState":null,"customAppPoolIdentityAdminState":null,"customAppPoolIdentityTenantState":null,"runtimeADUser":null,"runtimeADUserPassword":null,"loadBalancing":null,"routingRules":null,"experiments":null,"limits":null,"autoHealEnabled":null,"autoHealRules":null,"tracingOptions":null,"vnetName":null,"vnetRouteAllEnabled":null,"vnetPrivatePortsCount":null,"publicNetworkAccess":null,"cors":null,"push":null,"apiDefinition":null,"apiManagementConfig":null,"autoSwapSlotName":null,"localMySqlEnabled":null,"managedServiceIdentityId":null,"xManagedServiceIdentityId":null,"keyVaultReferenceIdentity":null,"ipSecurityRestrictions":[{"ipAddress":"Any","action":"Allow","priority":1,"name":"Allow
        all","description":"Allow all access"}],"scmIpSecurityRestrictions":[{"ipAddress":"Any","action":"Allow","priority":1,"name":"Allow
        all","description":"Allow all access"}],"scmIpSecurityRestrictionsUseMain":null,"http20Enabled":false,"minTlsVersion":null,"scmMinTlsVersion":null,"ftpsState":null,"preWarmedInstanceCount":null,"functionAppScaleLimit":0,"healthCheckPath":null,"fileChangeAuditEnabled":null,"functionsRuntimeScaleMonitoringEnabled":null,"websiteTimeZone":null,"minimumElasticInstanceCount":0,"azureStorageAccounts":null,"sitePort":null},"deploymentId":"webapp-linux-multi000002__8e82","slotName":null,"trafficManagerHostNames":null,"sku":"Standard","scmSiteAlsoStopped":false,"targetSwapSlot":null,"hostingEnvironment":null,"hostingEnvironmentProfile":null,"clientAffinityEnabled":true,"clientCertEnabled":false,"clientCertMode":"Required","clientCertExclusionPaths":null,"hostNamesDisabled":false,"domainVerificationIdentifiers":null,"customDomainVerificationId":"30E3673979DFB5673924412D39370809E608E2DE4E889BD01C7B80FC38A57EED","kind":"app,linux,container","inboundIpAddress":"20.49.97.4","possibleInboundIpAddresses":"20.49.97.4","ftpUsername":"webapp-linux-multi000002__stage\\$webapp-linux-multi000002__stage","ftpsHostName":"ftps://waws-prod-bn1-081.ftp.azurewebsites.windows.net/site/wwwroot","outboundIpAddresses":"52.177.39.2,52.232.208.24,52.232.209.56,52.232.212.180,52.167.13.214,52.232.212.233,20.49.97.4","possibleOutboundIpAddresses":"52.177.39.2,52.232.208.24,52.232.209.56,52.232.212.180,52.167.13.214,52.232.212.233,52.232.213.56,52.232.213.85,52.232.213.90,52.232.213.100,52.232.213.122,52.232.208.182,52.247.76.89,52.247.76.111,52.247.76.163,52.247.76.166,52.247.76.170,52.247.76.201,52.177.111.249,52.177.240.42,52.177.240.107,52.177.240.196,52.177.240.200,52.167.76.2,20.49.97.4","containerSize":0,"dailyMemoryTimeQuota":0,"suspendedTill":null,"siteDisabledReason":0,"functionExecutionUnitsCache":null,"maxNumberOfWorkers":null,"homeStamp":"waws-prod-bn1-081","cloningInfo":null,"hostingEnvironmentId":null,"tags":null,"resourceGroup":"clitest.rg000001","defaultHostName":"webapp-linux-multi000002-stage.azurewebsites.net","slotSwapStatus":null,"httpsOnly":false,"redundancyMode":"None","inProgressOperationId":null,"geoDistributions":null,"privateEndpointConnections":null,"buildVersion":null,"targetBuildVersion":null,"migrationState":null,"eligibleLogCategories":"AppServiceAppLogs,AppServiceAuditLogs,AppServiceConsoleLogs,AppServiceHTTPLogs,AppServiceIPSecAuditLogs,AppServicePlatformLogs,ScanLogs","storageAccountRequired":false,"virtualNetworkSubnetId":null,"keyVaultReferenceIdentity":"SystemAssigned"}}'
    headers:
      cache-control:
      - no-cache
      content-length:
      - '6823'
      content-type:
      - application/json
      date:
      - Mon, 04 Oct 2021 00:03:59 GMT
      etag:
      - '"1D7B8B3286B5AE0"'
      expires:
      - '-1'
      pragma:
      - no-cache
      server:
      - Microsoft-IIS/10.0
      strict-transport-security:
      - max-age=31536000; includeSubDomains
      transfer-encoding:
      - chunked
      vary:
      - Accept-Encoding
      x-aspnet-version:
      - 4.0.30319
      x-content-type-options:
      - nosniff
      x-ms-ratelimit-remaining-subscription-resource-requests:
      - '499'
      x-powered-by:
      - ASP.NET
    status:
      code: 200
      message: OK
- request:
    body: null
    headers:
      Accept:
      - application/json
      Accept-Encoding:
      - gzip, deflate
      CommandName:
      - webapp config container set
      Connection:
      - keep-alive
      Content-Length:
      - '0'
      ParameterSetName:
      - -g -n --slot --multicontainer-config-file --multicontainer-config-type
      User-Agent:
      - AZURECLI/2.28.1 azsdk-python-azure-mgmt-web/4.0.0 Python/3.8.2 (macOS-10.16-x86_64-i386-64bit)
    method: POST
    uri: https://management.azure.com/subscriptions/00000000-0000-0000-0000-000000000000/resourceGroups/clitest.rg000001/providers/Microsoft.Web/sites/webapp-linux-multi000002/slots/stage/config/appsettings/list?api-version=2020-09-01
  response:
    body:
      string: '{"id":"/subscriptions/00000000-0000-0000-0000-000000000000/resourceGroups/clitest.rg000001/providers/Microsoft.Web/sites/webapp-linux-multi000002/slots/stage/config/appsettings","name":"appsettings","type":"Microsoft.Web/sites/config","location":"East
        US 2","properties":{}}'
    headers:
      cache-control:
      - no-cache
      content-length:
      - '333'
      content-type:
      - application/json
      date:
      - Mon, 04 Oct 2021 00:03:59 GMT
      expires:
      - '-1'
      pragma:
      - no-cache
      server:
      - Microsoft-IIS/10.0
      strict-transport-security:
      - max-age=31536000; includeSubDomains
      transfer-encoding:
      - chunked
      vary:
      - Accept-Encoding
      x-aspnet-version:
      - 4.0.30319
      x-content-type-options:
      - nosniff
      x-ms-ratelimit-remaining-subscription-resource-requests:
      - '11999'
      x-powered-by:
      - ASP.NET
    status:
      code: 200
      message: OK
- request:
    body: null
    headers:
      Accept:
      - application/json
      Accept-Encoding:
      - gzip, deflate
      CommandName:
      - webapp config container set
      Connection:
      - keep-alive
      ParameterSetName:
      - -g -n --slot --multicontainer-config-file --multicontainer-config-type
      User-Agent:
      - AZURECLI/2.28.1 azsdk-python-azure-mgmt-web/4.0.0 Python/3.8.2 (macOS-10.16-x86_64-i386-64bit)
    method: GET
    uri: https://management.azure.com/subscriptions/00000000-0000-0000-0000-000000000000/resourceGroups/clitest.rg000001/providers/Microsoft.Web/sites/webapp-linux-multi000002/config/slotConfigNames?api-version=2020-09-01
  response:
    body:
      string: '{"id":null,"name":"webapp-linux-multi000002","type":"Microsoft.Web/sites","location":"East
        US 2","properties":{"connectionStringNames":null,"appSettingNames":null,"azureStorageConfigNames":null}}'
    headers:
      cache-control:
      - no-cache
      content-length:
      - '195'
      content-type:
      - application/json
      date:
      - Mon, 04 Oct 2021 00:04:01 GMT
      expires:
      - '-1'
      pragma:
      - no-cache
      server:
      - Microsoft-IIS/10.0
      strict-transport-security:
      - max-age=31536000; includeSubDomains
      transfer-encoding:
      - chunked
      vary:
      - Accept-Encoding
      x-aspnet-version:
      - 4.0.30319
      x-content-type-options:
      - nosniff
      x-powered-by:
      - ASP.NET
    status:
      code: 200
      message: OK
- request:
    body: null
    headers:
      Accept:
      - application/json
      Accept-Encoding:
      - gzip, deflate
      CommandName:
      - webapp config container set
      Connection:
      - keep-alive
      ParameterSetName:
      - -g -n --slot --multicontainer-config-file --multicontainer-config-type
      User-Agent:
      - AZURECLI/2.28.1 azsdk-python-azure-mgmt-web/4.0.0 Python/3.8.2 (macOS-10.16-x86_64-i386-64bit)
    method: GET
    uri: https://management.azure.com/subscriptions/00000000-0000-0000-0000-000000000000/resourceGroups/clitest.rg000001/providers/Microsoft.Web/sites/webapp-linux-multi000002/slots/stage/config/web?api-version=2020-09-01
  response:
    body:
      string: '{"id":"/subscriptions/00000000-0000-0000-0000-000000000000/resourceGroups/clitest.rg000001/providers/Microsoft.Web/sites/webapp-linux-multi000002/slots/stage/config/web","name":"webapp-linux-multi000002","type":"Microsoft.Web/sites/config","location":"East
        US 2","properties":{"numberOfWorkers":1,"defaultDocuments":["Default.htm","Default.html","Default.asp","index.htm","index.html","iisstart.htm","default.aspx","index.php","hostingstart.html"],"netFrameworkVersion":"v4.0","phpVersion":"","pythonVersion":"","nodeVersion":"","powerShellVersion":"","linuxFxVersion":"COMPOSE|dmVyc2lvbjogJzMnCnNlcnZpY2VzOgogIHdlYjoKICAgIGltYWdlOiAicGF0bGUvcHl0aG9uX2FwcDoxLjAiCiAgICBwb3J0czoKICAgICAtICI1MDAwOjUwMDAiCiAgcmVkaXM6CiAgICBpbWFnZTogInJlZGlzOmFscGluZSIK","windowsFxVersion":null,"requestTracingEnabled":false,"remoteDebuggingEnabled":false,"remoteDebuggingVersion":null,"httpLoggingEnabled":false,"azureMonitorLogCategories":null,"acrUseManagedIdentityCreds":false,"acrUserManagedIdentityID":null,"logsDirectorySizeLimit":35,"detailedErrorLoggingEnabled":false,"publishingUsername":"$webapp-linux-multi000002__stage","publishingPassword":null,"appSettings":null,"metadata":null,"connectionStrings":null,"machineKey":null,"handlerMappings":null,"documentRoot":null,"scmType":"None","use32BitWorkerProcess":true,"webSocketsEnabled":false,"alwaysOn":false,"javaVersion":null,"javaContainer":null,"javaContainerVersion":null,"appCommandLine":"","managedPipelineMode":"Integrated","virtualApplications":[{"virtualPath":"/","physicalPath":"site\\wwwroot","preloadEnabled":false,"virtualDirectories":null}],"winAuthAdminState":0,"winAuthTenantState":0,"customAppPoolIdentityAdminState":false,"customAppPoolIdentityTenantState":false,"runtimeADUser":null,"runtimeADUserPassword":null,"loadBalancing":"LeastRequests","routingRules":[],"experiments":{"rampUpRules":[]},"limits":null,"autoHealEnabled":false,"autoHealRules":null,"tracingOptions":null,"vnetName":"","vnetRouteAllEnabled":false,"vnetPrivatePortsCount":0,"publicNetworkAccess":null,"siteAuthEnabled":false,"siteAuthSettings":{"enabled":null,"unauthenticatedClientAction":null,"tokenStoreEnabled":null,"allowedExternalRedirectUrls":null,"defaultProvider":null,"clientId":null,"clientSecret":null,"clientSecretSettingName":null,"clientSecretCertificateThumbprint":null,"issuer":null,"allowedAudiences":null,"additionalLoginParams":null,"isAadAutoProvisioned":false,"aadClaimsAuthorization":null,"googleClientId":null,"googleClientSecret":null,"googleClientSecretSettingName":null,"googleOAuthScopes":null,"facebookAppId":null,"facebookAppSecret":null,"facebookAppSecretSettingName":null,"facebookOAuthScopes":null,"gitHubClientId":null,"gitHubClientSecret":null,"gitHubClientSecretSettingName":null,"gitHubOAuthScopes":null,"twitterConsumerKey":null,"twitterConsumerSecret":null,"twitterConsumerSecretSettingName":null,"microsoftAccountClientId":null,"microsoftAccountClientSecret":null,"microsoftAccountClientSecretSettingName":null,"microsoftAccountOAuthScopes":null,"configVersion":null},"cors":null,"push":null,"apiDefinition":null,"apiManagementConfig":null,"autoSwapSlotName":null,"localMySqlEnabled":false,"managedServiceIdentityId":null,"xManagedServiceIdentityId":null,"keyVaultReferenceIdentity":null,"ipSecurityRestrictions":[{"ipAddress":"Any","action":"Allow","priority":1,"name":"Allow
        all","description":"Allow all access"}],"scmIpSecurityRestrictions":[{"ipAddress":"Any","action":"Allow","priority":1,"name":"Allow
        all","description":"Allow all access"}],"scmIpSecurityRestrictionsUseMain":false,"http20Enabled":true,"minTlsVersion":"1.2","scmMinTlsVersion":"1.0","ftpsState":"AllAllowed","preWarmedInstanceCount":0,"functionAppScaleLimit":0,"healthCheckPath":null,"fileChangeAuditEnabled":false,"functionsRuntimeScaleMonitoringEnabled":false,"websiteTimeZone":null,"minimumElasticInstanceCount":0,"azureStorageAccounts":{},"sitePort":null}}'
    headers:
      cache-control:
      - no-cache
      content-length:
      - '3965'
      content-type:
      - application/json
      date:
      - Mon, 04 Oct 2021 00:04:01 GMT
      expires:
      - '-1'
      pragma:
      - no-cache
      server:
      - Microsoft-IIS/10.0
      strict-transport-security:
      - max-age=31536000; includeSubDomains
      transfer-encoding:
      - chunked
      vary:
      - Accept-Encoding
      x-aspnet-version:
      - 4.0.30319
      x-content-type-options:
      - nosniff
      x-powered-by:
      - ASP.NET
    status:
      code: 200
      message: OK
- request:
    body: null
    headers:
      Accept:
      - application/json
      Accept-Encoding:
      - gzip, deflate
      CommandName:
      - webapp config container set
      Connection:
      - keep-alive
      Content-Length:
      - '0'
      ParameterSetName:
      - -g -n --slot --multicontainer-config-file --multicontainer-config-type
      User-Agent:
      - AZURECLI/2.28.1 azsdk-python-azure-mgmt-web/4.0.0 Python/3.8.2 (macOS-10.16-x86_64-i386-64bit)
    method: POST
    uri: https://management.azure.com/subscriptions/00000000-0000-0000-0000-000000000000/resourceGroups/clitest.rg000001/providers/Microsoft.Web/sites/webapp-linux-multi000002/config/appsettings/list?api-version=2020-09-01
  response:
    body:
      string: '{"id":"/subscriptions/00000000-0000-0000-0000-000000000000/resourceGroups/clitest.rg000001/providers/Microsoft.Web/sites/webapp-linux-multi000002/config/appsettings","name":"appsettings","type":"Microsoft.Web/sites/config","location":"East
        US 2","properties":{}}'
    headers:
      cache-control:
      - no-cache
      content-length:
      - '321'
      content-type:
      - application/json
      date:
      - Mon, 04 Oct 2021 00:04:02 GMT
      expires:
      - '-1'
      pragma:
      - no-cache
      server:
      - Microsoft-IIS/10.0
      strict-transport-security:
      - max-age=31536000; includeSubDomains
      transfer-encoding:
      - chunked
      vary:
      - Accept-Encoding
      x-aspnet-version:
      - 4.0.30319
      x-content-type-options:
      - nosniff
      x-ms-ratelimit-remaining-subscription-resource-requests:
      - '11999'
      x-powered-by:
      - ASP.NET
    status:
      code: 200
      message: OK
- request:
    body: null
    headers:
      Accept:
      - application/json
      Accept-Encoding:
      - gzip, deflate
      CommandName:
      - webapp config container set
      Connection:
      - keep-alive
      ParameterSetName:
      - -g -n --slot --multicontainer-config-file --multicontainer-config-type
      User-Agent:
      - AZURECLI/2.28.1 azsdk-python-azure-mgmt-web/4.0.0 Python/3.8.2 (macOS-10.16-x86_64-i386-64bit)
    method: GET
    uri: https://management.azure.com/subscriptions/00000000-0000-0000-0000-000000000000/resourceGroups/clitest.rg000001/providers/Microsoft.Web/sites/webapp-linux-multi000002/config/slotConfigNames?api-version=2020-09-01
  response:
    body:
      string: '{"id":null,"name":"webapp-linux-multi000002","type":"Microsoft.Web/sites","location":"East
        US 2","properties":{"connectionStringNames":null,"appSettingNames":null,"azureStorageConfigNames":null}}'
    headers:
      cache-control:
      - no-cache
      content-length:
      - '195'
      content-type:
      - application/json
      date:
      - Mon, 04 Oct 2021 00:04:03 GMT
      expires:
      - '-1'
      pragma:
      - no-cache
      server:
      - Microsoft-IIS/10.0
      strict-transport-security:
      - max-age=31536000; includeSubDomains
      transfer-encoding:
      - chunked
      vary:
      - Accept-Encoding
      x-aspnet-version:
      - 4.0.30319
      x-content-type-options:
      - nosniff
      x-powered-by:
      - ASP.NET
    status:
      code: 200
      message: OK
- request:
    body: '{"properties": {}}'
    headers:
      Accept:
      - application/json
      Accept-Encoding:
      - gzip, deflate
      CommandName:
      - webapp config container set
      Connection:
      - keep-alive
      Content-Length:
      - '18'
      Content-Type:
      - application/json
      ParameterSetName:
      - -g -n --slot --multicontainer-config-file --multicontainer-config-type
      User-Agent:
      - AZURECLI/2.28.1 azsdk-python-azure-mgmt-web/4.0.0 Python/3.8.2 (macOS-10.16-x86_64-i386-64bit)
    method: PUT
    uri: https://management.azure.com/subscriptions/00000000-0000-0000-0000-000000000000/resourceGroups/clitest.rg000001/providers/Microsoft.Web/sites/webapp-linux-multi000002/config/appsettings?api-version=2020-09-01
  response:
    body:
      string: '{"id":"/subscriptions/00000000-0000-0000-0000-000000000000/resourceGroups/clitest.rg000001/providers/Microsoft.Web/sites/webapp-linux-multi000002/config/appsettings","name":"appsettings","type":"Microsoft.Web/sites/config","location":"East
        US 2","properties":{}}'
    headers:
      cache-control:
      - no-cache
      content-length:
      - '321'
      content-type:
      - application/json
      date:
      - Mon, 04 Oct 2021 00:04:05 GMT
      etag:
      - '"1D7B8B3585974B5"'
      expires:
      - '-1'
      pragma:
      - no-cache
      server:
      - Microsoft-IIS/10.0
      strict-transport-security:
      - max-age=31536000; includeSubDomains
      transfer-encoding:
      - chunked
      vary:
      - Accept-Encoding
      x-aspnet-version:
      - 4.0.30319
      x-content-type-options:
      - nosniff
      x-ms-ratelimit-remaining-subscription-writes:
      - '1199'
      x-powered-by:
      - ASP.NET
    status:
      code: 200
      message: OK
- request:
    body: '{"properties": {"numberOfWorkers": 1, "defaultDocuments": ["Default.htm",
      "Default.html", "Default.asp", "index.htm", "index.html", "iisstart.htm", "default.aspx",
      "index.php", "hostingstart.html"], "netFrameworkVersion": "v4.0", "phpVersion":
      "", "pythonVersion": "", "nodeVersion": "", "powerShellVersion": "", "linuxFxVersion":
      "COMPOSE|dmVyc2lvbjogJzMnCnNlcnZpY2VzOgogIHdlYjoKICAgIGltYWdlOiAicGF0bGUvcHl0aG9uX2FwcF9zbG90OmxhdGVzdCIKICAgIHBvcnRzOgogICAgIC0gIjUwMDA6NTAwMCIKICByZWRpczoKICAgIGltYWdlOiAicmVkaXM6YWxwaW5lIgo=",
      "requestTracingEnabled": false, "remoteDebuggingEnabled": false, "httpLoggingEnabled":
      false, "acrUseManagedIdentityCreds": false, "logsDirectorySizeLimit": 35, "detailedErrorLoggingEnabled":
      false, "publishingUsername": "$webapp-linux-multi000002__stage", "scmType":
      "None", "use32BitWorkerProcess": true, "webSocketsEnabled": false, "alwaysOn":
      false, "appCommandLine": "", "managedPipelineMode": "Integrated", "virtualApplications":
      [{"virtualPath": "/", "physicalPath": "site\\wwwroot", "preloadEnabled": false}],
      "loadBalancing": "LeastRequests", "experiments": {"rampUpRules": []}, "autoHealEnabled":
      false, "vnetName": "", "vnetRouteAllEnabled": false, "vnetPrivatePortsCount":
      0, "localMySqlEnabled": false, "scmIpSecurityRestrictionsUseMain": false, "http20Enabled":
      true, "minTlsVersion": "1.2", "scmMinTlsVersion": "1.0", "ftpsState": "AllAllowed",
      "preWarmedInstanceCount": 0}}'
    headers:
      Accept:
      - application/json
      Accept-Encoding:
      - gzip, deflate
      CommandName:
      - webapp config container set
      Connection:
      - keep-alive
      Content-Length:
      - '1416'
      Content-Type:
      - application/json
      ParameterSetName:
      - -g -n --slot --multicontainer-config-file --multicontainer-config-type
      User-Agent:
      - AZURECLI/2.28.1 azsdk-python-azure-mgmt-web/4.0.0 Python/3.8.2 (macOS-10.16-x86_64-i386-64bit)
    method: PATCH
    uri: https://management.azure.com/subscriptions/00000000-0000-0000-0000-000000000000/resourceGroups/clitest.rg000001/providers/Microsoft.Web/sites/webapp-linux-multi000002/slots/stage/config/web?api-version=2020-09-01
  response:
    body:
      string: '{"id":"/subscriptions/00000000-0000-0000-0000-000000000000/resourceGroups/clitest.rg000001/providers/Microsoft.Web/sites/webapp-linux-multi000002/slots/stage","name":"webapp-linux-multi000002/stage","type":"Microsoft.Web/sites/slots","location":"East
        US 2","properties":{"numberOfWorkers":1,"defaultDocuments":["Default.htm","Default.html","Default.asp","index.htm","index.html","iisstart.htm","default.aspx","index.php","hostingstart.html"],"netFrameworkVersion":"v4.0","phpVersion":"","pythonVersion":"","nodeVersion":"","powerShellVersion":"","linuxFxVersion":"COMPOSE|dmVyc2lvbjogJzMnCnNlcnZpY2VzOgogIHdlYjoKICAgIGltYWdlOiAicGF0bGUvcHl0aG9uX2FwcF9zbG90OmxhdGVzdCIKICAgIHBvcnRzOgogICAgIC0gIjUwMDA6NTAwMCIKICByZWRpczoKICAgIGltYWdlOiAicmVkaXM6YWxwaW5lIgo=","windowsFxVersion":null,"requestTracingEnabled":false,"remoteDebuggingEnabled":false,"remoteDebuggingVersion":"VS2019","httpLoggingEnabled":false,"azureMonitorLogCategories":null,"acrUseManagedIdentityCreds":false,"acrUserManagedIdentityID":null,"logsDirectorySizeLimit":35,"detailedErrorLoggingEnabled":false,"publishingUsername":"$webapp-linux-multi000002__stage","publishingPassword":null,"appSettings":null,"metadata":null,"connectionStrings":null,"machineKey":null,"handlerMappings":null,"documentRoot":null,"scmType":"None","use32BitWorkerProcess":true,"webSocketsEnabled":false,"alwaysOn":false,"javaVersion":null,"javaContainer":null,"javaContainerVersion":null,"appCommandLine":"","managedPipelineMode":"Integrated","virtualApplications":[{"virtualPath":"/","physicalPath":"site\\wwwroot","preloadEnabled":false,"virtualDirectories":null}],"winAuthAdminState":0,"winAuthTenantState":0,"customAppPoolIdentityAdminState":false,"customAppPoolIdentityTenantState":false,"runtimeADUser":null,"runtimeADUserPassword":null,"loadBalancing":"LeastRequests","routingRules":[],"experiments":{"rampUpRules":[]},"limits":null,"autoHealEnabled":false,"autoHealRules":null,"tracingOptions":null,"vnetName":"","vnetRouteAllEnabled":false,"vnetPrivatePortsCount":0,"publicNetworkAccess":null,"siteAuthEnabled":false,"siteAuthSettings":{"enabled":null,"unauthenticatedClientAction":null,"tokenStoreEnabled":null,"allowedExternalRedirectUrls":null,"defaultProvider":null,"clientId":null,"clientSecret":null,"clientSecretSettingName":null,"clientSecretCertificateThumbprint":null,"issuer":null,"allowedAudiences":null,"additionalLoginParams":null,"isAadAutoProvisioned":false,"aadClaimsAuthorization":null,"googleClientId":null,"googleClientSecret":null,"googleClientSecretSettingName":null,"googleOAuthScopes":null,"facebookAppId":null,"facebookAppSecret":null,"facebookAppSecretSettingName":null,"facebookOAuthScopes":null,"gitHubClientId":null,"gitHubClientSecret":null,"gitHubClientSecretSettingName":null,"gitHubOAuthScopes":null,"twitterConsumerKey":null,"twitterConsumerSecret":null,"twitterConsumerSecretSettingName":null,"microsoftAccountClientId":null,"microsoftAccountClientSecret":null,"microsoftAccountClientSecretSettingName":null,"microsoftAccountOAuthScopes":null,"configVersion":null},"cors":null,"push":null,"apiDefinition":null,"apiManagementConfig":null,"autoSwapSlotName":null,"localMySqlEnabled":false,"managedServiceIdentityId":null,"xManagedServiceIdentityId":null,"keyVaultReferenceIdentity":null,"ipSecurityRestrictions":[{"ipAddress":"Any","action":"Allow","priority":1,"name":"Allow
        all","description":"Allow all access"}],"scmIpSecurityRestrictions":[{"ipAddress":"Any","action":"Allow","priority":1,"name":"Allow
        all","description":"Allow all access"}],"scmIpSecurityRestrictionsUseMain":false,"http20Enabled":true,"minTlsVersion":"1.2","scmMinTlsVersion":"1.0","ftpsState":"AllAllowed","preWarmedInstanceCount":0,"functionAppScaleLimit":0,"healthCheckPath":null,"fileChangeAuditEnabled":false,"functionsRuntimeScaleMonitoringEnabled":false,"websiteTimeZone":null,"minimumElasticInstanceCount":0,"azureStorageAccounts":{},"sitePort":null}}'
    headers:
      cache-control:
      - no-cache
      content-length:
      - '3975'
      content-type:
      - application/json
      date:
      - Mon, 04 Oct 2021 00:04:07 GMT
      etag:
      - '"1D7B8B34BB38A75"'
      expires:
      - '-1'
      pragma:
      - no-cache
      server:
      - Microsoft-IIS/10.0
      strict-transport-security:
      - max-age=31536000; includeSubDomains
      transfer-encoding:
      - chunked
      vary:
      - Accept-Encoding
      x-aspnet-version:
      - 4.0.30319
      x-content-type-options:
      - nosniff
      x-ms-ratelimit-remaining-subscription-writes:
      - '1198'
      x-powered-by:
      - ASP.NET
    status:
      code: 200
      message: OK
- request:
    body: null
    headers:
      Accept:
      - application/json
      Accept-Encoding:
      - gzip, deflate
      CommandName:
      - webapp config container set
      Connection:
      - keep-alive
      ParameterSetName:
      - -g -n --slot --multicontainer-config-file --multicontainer-config-type
      User-Agent:
      - AZURECLI/2.28.1 azsdk-python-azure-mgmt-web/4.0.0 Python/3.8.2 (macOS-10.16-x86_64-i386-64bit)
    method: GET
    uri: https://management.azure.com/subscriptions/00000000-0000-0000-0000-000000000000/resourceGroups/clitest.rg000001/providers/Microsoft.Web/sites/webapp-linux-multi000002/slots/stage/config/web?api-version=2020-09-01
  response:
    body:
      string: '{"id":"/subscriptions/00000000-0000-0000-0000-000000000000/resourceGroups/clitest.rg000001/providers/Microsoft.Web/sites/webapp-linux-multi000002/slots/stage/config/web","name":"webapp-linux-multi000002","type":"Microsoft.Web/sites/config","location":"East
        US 2","properties":{"numberOfWorkers":1,"defaultDocuments":["Default.htm","Default.html","Default.asp","index.htm","index.html","iisstart.htm","default.aspx","index.php","hostingstart.html"],"netFrameworkVersion":"v4.0","phpVersion":"","pythonVersion":"","nodeVersion":"","powerShellVersion":"","linuxFxVersion":"COMPOSE|dmVyc2lvbjogJzMnCnNlcnZpY2VzOgogIHdlYjoKICAgIGltYWdlOiAicGF0bGUvcHl0aG9uX2FwcF9zbG90OmxhdGVzdCIKICAgIHBvcnRzOgogICAgIC0gIjUwMDA6NTAwMCIKICByZWRpczoKICAgIGltYWdlOiAicmVkaXM6YWxwaW5lIgo=","windowsFxVersion":null,"requestTracingEnabled":false,"remoteDebuggingEnabled":false,"remoteDebuggingVersion":"VS2019","httpLoggingEnabled":false,"azureMonitorLogCategories":null,"acrUseManagedIdentityCreds":false,"acrUserManagedIdentityID":null,"logsDirectorySizeLimit":35,"detailedErrorLoggingEnabled":false,"publishingUsername":"$webapp-linux-multi000002__stage","publishingPassword":null,"appSettings":null,"metadata":null,"connectionStrings":null,"machineKey":null,"handlerMappings":null,"documentRoot":null,"scmType":"None","use32BitWorkerProcess":true,"webSocketsEnabled":false,"alwaysOn":false,"javaVersion":null,"javaContainer":null,"javaContainerVersion":null,"appCommandLine":"","managedPipelineMode":"Integrated","virtualApplications":[{"virtualPath":"/","physicalPath":"site\\wwwroot","preloadEnabled":false,"virtualDirectories":null}],"winAuthAdminState":0,"winAuthTenantState":0,"customAppPoolIdentityAdminState":false,"customAppPoolIdentityTenantState":false,"runtimeADUser":null,"runtimeADUserPassword":null,"loadBalancing":"LeastRequests","routingRules":[],"experiments":{"rampUpRules":[]},"limits":null,"autoHealEnabled":false,"autoHealRules":null,"tracingOptions":null,"vnetName":"","vnetRouteAllEnabled":false,"vnetPrivatePortsCount":0,"publicNetworkAccess":null,"siteAuthEnabled":false,"siteAuthSettings":{"enabled":null,"unauthenticatedClientAction":null,"tokenStoreEnabled":null,"allowedExternalRedirectUrls":null,"defaultProvider":null,"clientId":null,"clientSecret":null,"clientSecretSettingName":null,"clientSecretCertificateThumbprint":null,"issuer":null,"allowedAudiences":null,"additionalLoginParams":null,"isAadAutoProvisioned":false,"aadClaimsAuthorization":null,"googleClientId":null,"googleClientSecret":null,"googleClientSecretSettingName":null,"googleOAuthScopes":null,"facebookAppId":null,"facebookAppSecret":null,"facebookAppSecretSettingName":null,"facebookOAuthScopes":null,"gitHubClientId":null,"gitHubClientSecret":null,"gitHubClientSecretSettingName":null,"gitHubOAuthScopes":null,"twitterConsumerKey":null,"twitterConsumerSecret":null,"twitterConsumerSecretSettingName":null,"microsoftAccountClientId":null,"microsoftAccountClientSecret":null,"microsoftAccountClientSecretSettingName":null,"microsoftAccountOAuthScopes":null,"configVersion":null},"cors":null,"push":null,"apiDefinition":null,"apiManagementConfig":null,"autoSwapSlotName":null,"localMySqlEnabled":false,"managedServiceIdentityId":null,"xManagedServiceIdentityId":null,"keyVaultReferenceIdentity":null,"ipSecurityRestrictions":[{"ipAddress":"Any","action":"Allow","priority":1,"name":"Allow
        all","description":"Allow all access"}],"scmIpSecurityRestrictions":[{"ipAddress":"Any","action":"Allow","priority":1,"name":"Allow
        all","description":"Allow all access"}],"scmIpSecurityRestrictionsUseMain":false,"http20Enabled":true,"minTlsVersion":"1.2","scmMinTlsVersion":"1.0","ftpsState":"AllAllowed","preWarmedInstanceCount":0,"functionAppScaleLimit":0,"healthCheckPath":null,"fileChangeAuditEnabled":false,"functionsRuntimeScaleMonitoringEnabled":false,"websiteTimeZone":null,"minimumElasticInstanceCount":0,"azureStorageAccounts":{},"sitePort":null}}'
    headers:
      cache-control:
      - no-cache
      content-length:
      - '3981'
      content-type:
      - application/json
      date:
      - Mon, 04 Oct 2021 00:04:07 GMT
      expires:
      - '-1'
      pragma:
      - no-cache
      server:
      - Microsoft-IIS/10.0
      strict-transport-security:
      - max-age=31536000; includeSubDomains
      transfer-encoding:
      - chunked
      vary:
      - Accept-Encoding
      x-aspnet-version:
      - 4.0.30319
      x-content-type-options:
      - nosniff
      x-powered-by:
      - ASP.NET
    status:
      code: 200
      message: OK
- request:
    body: null
    headers:
      Accept:
      - '*/*'
      Accept-Encoding:
      - gzip, deflate
      Connection:
      - keep-alive
      User-Agent:
      - python-requests/2.25.1
    method: GET
    uri: http://webapp-linux-multi000002-stage.azurewebsites.net/
  response:
    body:
      string: 'Hello from a slot! I have been seen 2 times.

        '
    headers:
      content-length:
      - '45'
      content-type:
      - text/html; charset=utf-8
      date:
      - Mon, 04 Oct 2021 00:04:48 GMT
      server:
      - Werkzeug/0.14.1 Python/3.4.9
      set-cookie:
      - ARRAffinity=59baa5b589ee346b2b43cd513ccb8313ca99e773b0a174abf7ff3aa9fc685b8f;Path=/;HttpOnly;Domain=webapp-linux-multiponwa7-stage.azurewebsites.net
    status:
      code: 200
      message: OK
- request:
    body: null
    headers:
      Accept:
      - '*/*'
      Accept-Encoding:
      - gzip, deflate
      Connection:
      - keep-alive
      User-Agent:
      - python-requests/2.25.1
    method: GET
    uri: http://webapp-linux-multi000002-stage.azurewebsites.net/
  response:
    body:
      string: 'Hello from a slot! I have been seen 4 times.

        '
    headers:
      content-length:
      - '45'
      content-type:
      - text/html; charset=utf-8
      date:
      - Mon, 04 Oct 2021 00:04:48 GMT
      server:
      - Werkzeug/0.14.1 Python/3.4.9
      set-cookie:
      - ARRAffinity=59baa5b589ee346b2b43cd513ccb8313ca99e773b0a174abf7ff3aa9fc685b8f;Path=/;HttpOnly;Domain=webapp-linux-multiponwa7-stage.azurewebsites.net
    status:
      code: 200
      message: OK
- request:
    body: null
    headers:
      Accept:
      - '*/*'
      Accept-Encoding:
      - gzip, deflate
      Connection:
      - keep-alive
      User-Agent:
      - python-requests/2.25.1
    method: GET
    uri: http://webapp-linux-multi000002-stage.azurewebsites.net/
  response:
    body:
      string: 'Hello from a slot! I have been seen 5 times.

        '
    headers:
      content-length:
      - '45'
      content-type:
      - text/html; charset=utf-8
      date:
      - Mon, 04 Oct 2021 00:04:49 GMT
      server:
      - Werkzeug/0.14.1 Python/3.4.9
      set-cookie:
      - ARRAffinity=59baa5b589ee346b2b43cd513ccb8313ca99e773b0a174abf7ff3aa9fc685b8f;Path=/;HttpOnly;Domain=webapp-linux-multiponwa7-stage.azurewebsites.net
    status:
      code: 200
      message: OK
- request:
    body: null
    headers:
      Accept:
      - '*/*'
      Accept-Encoding:
      - gzip, deflate
      Connection:
      - keep-alive
      User-Agent:
      - python-requests/2.25.1
    method: GET
    uri: http://webapp-linux-multi000002-stage.azurewebsites.net/
  response:
    body:
      string: 'Hello from a slot! I have been seen 6 times.

        '
    headers:
      content-length:
      - '45'
      content-type:
      - text/html; charset=utf-8
      date:
      - Mon, 04 Oct 2021 00:04:49 GMT
      server:
      - Werkzeug/0.14.1 Python/3.4.9
      set-cookie:
      - ARRAffinity=59baa5b589ee346b2b43cd513ccb8313ca99e773b0a174abf7ff3aa9fc685b8f;Path=/;HttpOnly;Domain=webapp-linux-multiponwa7-stage.azurewebsites.net
    status:
      code: 200
      message: OK
- request:
    body: null
    headers:
      Accept:
      - '*/*'
      Accept-Encoding:
      - gzip, deflate
      Connection:
      - keep-alive
      User-Agent:
      - python-requests/2.25.1
    method: GET
    uri: http://webapp-linux-multi000002-stage.azurewebsites.net/
  response:
    body:
      string: 'Hello from a slot! I have been seen 7 times.

        '
    headers:
      content-length:
      - '45'
      content-type:
      - text/html; charset=utf-8
      date:
      - Mon, 04 Oct 2021 00:04:49 GMT
      server:
      - Werkzeug/0.14.1 Python/3.4.9
      set-cookie:
      - ARRAffinity=59baa5b589ee346b2b43cd513ccb8313ca99e773b0a174abf7ff3aa9fc685b8f;Path=/;HttpOnly;Domain=webapp-linux-multiponwa7-stage.azurewebsites.net
    status:
      code: 200
      message: OK
- request:
    body: null
    headers:
      Accept:
      - '*/*'
      Accept-Encoding:
      - gzip, deflate
      Connection:
      - keep-alive
      User-Agent:
      - python-requests/2.25.1
    method: GET
    uri: http://webapp-linux-multi000002-stage.azurewebsites.net/
  response:
    body:
      string: 'Hello from a slot! I have been seen 8 times.

        '
    headers:
      content-length:
      - '45'
      content-type:
      - text/html; charset=utf-8
      date:
      - Mon, 04 Oct 2021 00:04:50 GMT
      server:
      - Werkzeug/0.14.1 Python/3.4.9
      set-cookie:
      - ARRAffinity=59baa5b589ee346b2b43cd513ccb8313ca99e773b0a174abf7ff3aa9fc685b8f;Path=/;HttpOnly;Domain=webapp-linux-multiponwa7-stage.azurewebsites.net
    status:
      code: 200
      message: OK
- request:
    body: null
    headers:
      Accept:
      - '*/*'
      Accept-Encoding:
      - gzip, deflate
      Connection:
      - keep-alive
      User-Agent:
      - python-requests/2.25.1
    method: GET
    uri: http://webapp-linux-multi000002-stage.azurewebsites.net/
  response:
    body:
      string: 'Hello from a slot! I have been seen 9 times.

        '
    headers:
      content-length:
      - '45'
      content-type:
      - text/html; charset=utf-8
      date:
      - Mon, 04 Oct 2021 00:04:49 GMT
      server:
      - Werkzeug/0.14.1 Python/3.4.9
      set-cookie:
      - ARRAffinity=59baa5b589ee346b2b43cd513ccb8313ca99e773b0a174abf7ff3aa9fc685b8f;Path=/;HttpOnly;Domain=webapp-linux-multiponwa7-stage.azurewebsites.net
    status:
      code: 200
      message: OK
- request:
    body: null
    headers:
      Accept:
      - '*/*'
      Accept-Encoding:
      - gzip, deflate
      Connection:
      - keep-alive
      User-Agent:
      - python-requests/2.25.1
    method: GET
    uri: http://webapp-linux-multi000002-stage.azurewebsites.net/
  response:
    body:
      string: 'Hello from a slot! I have been seen 10 times.

        '
    headers:
      content-length:
      - '46'
      content-type:
      - text/html; charset=utf-8
      date:
      - Mon, 04 Oct 2021 00:04:49 GMT
      server:
      - Werkzeug/0.14.1 Python/3.4.9
      set-cookie:
      - ARRAffinity=59baa5b589ee346b2b43cd513ccb8313ca99e773b0a174abf7ff3aa9fc685b8f;Path=/;HttpOnly;Domain=webapp-linux-multiponwa7-stage.azurewebsites.net
    status:
      code: 200
      message: OK
- request:
    body: null
    headers:
      Accept:
      - '*/*'
      Accept-Encoding:
      - gzip, deflate
      Connection:
      - keep-alive
      User-Agent:
      - python-requests/2.25.1
    method: GET
    uri: http://webapp-linux-multi000002-stage.azurewebsites.net/
  response:
    body:
      string: 'Hello from a slot! I have been seen 11 times.

        '
    headers:
      content-length:
      - '46'
      content-type:
      - text/html; charset=utf-8
      date:
      - Mon, 04 Oct 2021 00:04:49 GMT
      server:
      - Werkzeug/0.14.1 Python/3.4.9
      set-cookie:
      - ARRAffinity=59baa5b589ee346b2b43cd513ccb8313ca99e773b0a174abf7ff3aa9fc685b8f;Path=/;HttpOnly;Domain=webapp-linux-multiponwa7-stage.azurewebsites.net
    status:
      code: 200
      message: OK
- request:
    body: null
    headers:
      Accept:
      - '*/*'
      Accept-Encoding:
      - gzip, deflate
      Connection:
      - keep-alive
      User-Agent:
      - python-requests/2.25.1
    method: GET
    uri: http://webapp-linux-multi000002-stage.azurewebsites.net/
  response:
    body:
      string: 'Hello from a slot! I have been seen 12 times.

        '
    headers:
      content-length:
      - '46'
      content-type:
      - text/html; charset=utf-8
      date:
      - Mon, 04 Oct 2021 00:04:50 GMT
      server:
      - Werkzeug/0.14.1 Python/3.4.9
      set-cookie:
      - ARRAffinity=59baa5b589ee346b2b43cd513ccb8313ca99e773b0a174abf7ff3aa9fc685b8f;Path=/;HttpOnly;Domain=webapp-linux-multiponwa7-stage.azurewebsites.net
    status:
      code: 200
      message: OK
version: 1
