interactions:
- request:
    body: '{"name": "up-pythonapp000003", "type": "Site"}'
    headers:
      Accept:
      - application/json
      Accept-Encoding:
      - gzip, deflate
      CommandName:
      - webapp up
      Connection:
      - keep-alive
      Content-Length:
      - '52'
      Content-Type:
      - application/json
      ParameterSetName:
      - -n -g --plan --runtime --sku --dryrun
      User-Agent:
      - AZURECLI/2.25.0 azsdk-python-azure-mgmt-web/2.0.0 Python/3.8.10 (Windows-10-10.0.19043-SP0)
    method: POST
    uri: https://management.azure.com/subscriptions/00000000-0000-0000-0000-000000000000/providers/Microsoft.Web/checknameavailability?api-version=2020-09-01
  response:
    body:
      string: '{"nameAvailable":true,"reason":"","message":""}'
    headers:
      cache-control:
      - no-cache
      content-length:
      - '47'
      content-type:
      - application/json
      date:
      - Fri, 18 Jun 2021 14:49:05 GMT
      expires:
      - '-1'
      pragma:
      - no-cache
      server:
      - Microsoft-IIS/10.0
      strict-transport-security:
      - max-age=31536000; includeSubDomains
      transfer-encoding:
      - chunked
      vary:
      - Accept-Encoding
      x-aspnet-version:
      - 4.0.30319
      x-content-type-options:
      - nosniff
      x-powered-by:
      - ASP.NET
    status:
      code: 200
      message: OK
- request:
    body: null
    headers:
      Accept:
      - application/json
      Accept-Encoding:
      - gzip, deflate
      CommandName:
      - webapp up
      Connection:
      - keep-alive
      ParameterSetName:
      - -n -g --plan --runtime --sku --dryrun
      User-Agent:
      - AZURECLI/2.25.0 azsdk-python-azure-mgmt-web/2.0.0 Python/3.8.10 (Windows-10-10.0.19043-SP0)
    method: GET
    uri: https://management.azure.com/subscriptions/00000000-0000-0000-0000-000000000000/providers/Microsoft.Web/geoRegions?sku=S1&linuxWorkersEnabled=true&api-version=2020-09-01
  response:
    body:
      string: '{"value":[{"id":"/subscriptions/00000000-0000-0000-0000-000000000000/providers/Microsoft.Web/geoRegions/Central
        US","name":"Central US","type":"Microsoft.Web/geoRegions","properties":{"name":"Central
        US","description":null,"sortOrder":0,"displayName":"Central US","orgDomain":"PUBLIC;DREAMSPARK;MSFTPUBLIC;FUNCTIONS;DYNAMIC;DSERIES;LINUX;LINUXDSERIES;ELASTICPREMIUM;LINUXFREE;LINUXDYNAMIC;ELASTICLINUX;XENON;XENONV3;WINDOWSV3;LINUXV3"}},{"id":"/subscriptions/00000000-0000-0000-0000-000000000000/providers/Microsoft.Web/geoRegions/North
        Europe","name":"North Europe","type":"Microsoft.Web/geoRegions","properties":{"name":"North
        Europe","description":null,"sortOrder":1,"displayName":"North Europe","orgDomain":"PUBLIC;DREAMSPARK;MSFTPUBLIC;FUNCTIONS;DYNAMIC;DSERIES;LINUX;LINUXDSERIES;XENON;ELASTICPREMIUM;LINUXFREE;ELASTICLINUX;LINUXDYNAMIC;XENON;XENONV3;WINDOWSV3;LINUXV3"}},{"id":"/subscriptions/00000000-0000-0000-0000-000000000000/providers/Microsoft.Web/geoRegions/West
        Europe","name":"West Europe","type":"Microsoft.Web/geoRegions","properties":{"name":"West
        Europe","description":null,"sortOrder":2,"displayName":"West Europe","orgDomain":"PUBLIC;DREAMSPARK;MSFTPUBLIC;FUNCTIONS;DYNAMIC;LINUX;DSERIES;LINUXDSERIES;XENON;SFCONTAINERS;LINUXDYNAMIC;ELASTICPREMIUM;ELASTICLINUX;LINUXFREE;XENON;XENONV3;WINDOWSV3;LINUXV3"}},{"id":"/subscriptions/00000000-0000-0000-0000-000000000000/providers/Microsoft.Web/geoRegions/Southeast
        Asia","name":"Southeast Asia","type":"Microsoft.Web/geoRegions","properties":{"name":"Southeast
        Asia","description":null,"sortOrder":3,"displayName":"Southeast Asia","orgDomain":"PUBLIC;DREAMSPARK;MSFTPUBLIC;FUNCTIONS;DYNAMIC;LINUX;DSERIES;LINUXDSERIES;XENON;ELASTICPREMIUM;LINUXFREE;ELASTICLINUX;LINUXDYNAMIC;XENON;XENONV3;WINDOWSV3;LINUXV3"}},{"id":"/subscriptions/00000000-0000-0000-0000-000000000000/providers/Microsoft.Web/geoRegions/East
        Asia","name":"East Asia","type":"Microsoft.Web/geoRegions","properties":{"name":"East
        Asia","description":null,"sortOrder":4,"displayName":"East Asia","orgDomain":"PUBLIC;DREAMSPARK;MSFTPUBLIC;FUNCTIONS;DYNAMIC;LINUX;DSERIES;LINUXDSERIES;SFCONTAINERS;LINUXDYNAMIC;ELASTICPREMIUM;LINUXFREE;ELASTICLINUX;XENON;XENONV3;WINDOWSV3;LINUXV3"}},{"id":"/subscriptions/00000000-0000-0000-0000-000000000000/providers/Microsoft.Web/geoRegions/West
        US","name":"West US","type":"Microsoft.Web/geoRegions","properties":{"name":"West
        US","description":null,"sortOrder":5,"displayName":"West US","orgDomain":"PUBLIC;DREAMSPARK;MSFTPUBLIC;FUNCTIONS;DYNAMIC;LINUX;DSERIES;LINUXDSERIES;XENON;ELASTICPREMIUM;LINUXFREE;ELASTICLINUX;LINUXDYNAMIC;XENON;XENONV3;WINDOWSV3;LINUXV3"}},{"id":"/subscriptions/00000000-0000-0000-0000-000000000000/providers/Microsoft.Web/geoRegions/East
        US","name":"East US","type":"Microsoft.Web/geoRegions","properties":{"name":"East
        US","description":null,"sortOrder":6,"displayName":"East US","orgDomain":"PUBLIC;DREAMSPARK;MSFTPUBLIC;FUNCTIONS;DYNAMIC;LINUX;DSERIES;FAKEORG;LINUXDSERIES;XENON;SFCONTAINERS;LINUXDYNAMIC;LINUXFREE;ELASTICLINUX;ELASTICPREMIUM;XENON;XENONV3;WINDOWSV3;LINUXV3"}},{"id":"/subscriptions/00000000-0000-0000-0000-000000000000/providers/Microsoft.Web/geoRegions/Japan
        West","name":"Japan West","type":"Microsoft.Web/geoRegions","properties":{"name":"Japan
        West","description":null,"sortOrder":7,"displayName":"Japan West","orgDomain":"PUBLIC;DREAMSPARK;MSFTPUBLIC;FUNCTIONS;DYNAMIC;LINUX;DSERIES;LINUXDSERIES;ELASTICPREMIUM;LINUXFREE;ELASTICLINUX"}},{"id":"/subscriptions/00000000-0000-0000-0000-000000000000/providers/Microsoft.Web/geoRegions/Japan
        East","name":"Japan East","type":"Microsoft.Web/geoRegions","properties":{"name":"Japan
        East","description":null,"sortOrder":8,"displayName":"Japan East","orgDomain":"PUBLIC;DREAMSPARK;MSFTPUBLIC;FUNCTIONS;DYNAMIC;LINUX;DSERIES;LINUXDSERIES;LINUXFREE;ELASTICLINUX;ELASTICPREMIUM;LINUXDYNAMIC;XENON;XENONV3;WINDOWSV3;LINUXV3"}},{"id":"/subscriptions/00000000-0000-0000-0000-000000000000/providers/Microsoft.Web/geoRegions/East
        US 2","name":"East US 2","type":"Microsoft.Web/geoRegions","properties":{"name":"East
        US 2","description":null,"sortOrder":9,"displayName":"East US 2","orgDomain":"PUBLIC;DREAMSPARK;MSFTPUBLIC;FUNCTIONS;DYNAMIC;DSERIES;LINUX;LINUXDSERIES;ELASTICPREMIUM;LINUXFREE;LINUXDYNAMIC;ELASTICLINUX;XENON;XENONV3;WINDOWSV3;LINUXV3"}},{"id":"/subscriptions/00000000-0000-0000-0000-000000000000/providers/Microsoft.Web/geoRegions/North
        Central US","name":"North Central US","type":"Microsoft.Web/geoRegions","properties":{"name":"North
        Central US","description":null,"sortOrder":10,"displayName":"North Central
        US","orgDomain":"PUBLIC;DREAMSPARK;MSFTPUBLIC;FUNCTIONS;DYNAMIC;LINUX;DSERIES;LINUXDSERIES;LINUXFREE;ELASTICPREMIUM;ELASTICLINUX;LINUXDYNAMIC;XENON;XENONV3;WINDOWSV3;LINUXV3"}},{"id":"/subscriptions/00000000-0000-0000-0000-000000000000/providers/Microsoft.Web/geoRegions/South
        Central US","name":"South Central US","type":"Microsoft.Web/geoRegions","properties":{"name":"South
        Central US","description":null,"sortOrder":11,"displayName":"South Central
        US","orgDomain":"PUBLIC;DREAMSPARK;MSFTPUBLIC;FUNCTIONS;DYNAMIC;DSERIES;LINUX;LINUXDSERIES;ELASTICPREMIUM;LINUXFREE;LINUXDYNAMIC;ELASTICLINUX;XENON;XENONV3;WINDOWSV3;LINUXV3"}},{"id":"/subscriptions/00000000-0000-0000-0000-000000000000/providers/Microsoft.Web/geoRegions/Brazil
        South","name":"Brazil South","type":"Microsoft.Web/geoRegions","properties":{"name":"Brazil
        South","description":null,"sortOrder":12,"displayName":"Brazil South","orgDomain":"PUBLIC;DREAMSPARK;MSFTPUBLIC;FUNCTIONS;DYNAMIC;LINUX;DSERIES;LINUXDSERIES;LINUXFREE;ELASTICPREMIUM;LINUXDYNAMIC;ELASTICLINUX;XENON;XENONV3;WINDOWSV3;LINUXV3"}},{"id":"/subscriptions/00000000-0000-0000-0000-000000000000/providers/Microsoft.Web/geoRegions/Australia
        East","name":"Australia East","type":"Microsoft.Web/geoRegions","properties":{"name":"Australia
        East","description":null,"sortOrder":13,"displayName":"Australia East","orgDomain":"PUBLIC;DREAMSPARK;MSFTPUBLIC;FUNCTIONS;DYNAMIC;LINUX;DSERIES;LINUXDSERIES;XENON;ELASTICPREMIUM;LINUXFREE;LINUXDYNAMIC;ELASTICLINUX;XENON;XENONV3;WINDOWSV3;LINUXV3"}},{"id":"/subscriptions/00000000-0000-0000-0000-000000000000/providers/Microsoft.Web/geoRegions/Australia
        Southeast","name":"Australia Southeast","type":"Microsoft.Web/geoRegions","properties":{"name":"Australia
        Southeast","description":null,"sortOrder":14,"displayName":"Australia Southeast","orgDomain":"PUBLIC;DREAMSPARK;MSFTPUBLIC;FUNCTIONS;DYNAMIC;DSERIES;LINUX;LINUXDSERIES;ELASTICPREMIUM;LINUXFREE;ELASTICLINUX;XENON;XENONV3;WINDOWSV3;LINUXV3"}},{"id":"/subscriptions/00000000-0000-0000-0000-000000000000/providers/Microsoft.Web/geoRegions/East
        Asia (Stage)","name":"East Asia (Stage)","type":"Microsoft.Web/geoRegions","properties":{"name":"East
        Asia (Stage)","description":null,"sortOrder":2147483647,"displayName":"East
        Asia (Stage)","orgDomain":"MSFTINT;DSERIES;ELASTICPREMIUM;FUNCTIONS;DYNAMIC;XENON;LINUX;LINUXFREE;LINUXDYNAMIC;XENONV3;WINDOWSV3;LINUXV3"}},{"id":"/subscriptions/00000000-0000-0000-0000-000000000000/providers/Microsoft.Web/geoRegions/North
        Central US (Stage)","name":"North Central US (Stage)","type":"Microsoft.Web/geoRegions","properties":{"name":"North
        Central US (Stage)","description":null,"sortOrder":2147483647,"displayName":"North
        Central US (Stage)","orgDomain":"MSFTINT;LINUX;LINUXFREE;LINUXDYNAMIC;DSERIES;ELASTICPREMIUM;ELASTICLINUX"}},{"id":"/subscriptions/00000000-0000-0000-0000-000000000000/providers/Microsoft.Web/geoRegions/Central
        India","name":"Central India","type":"Microsoft.Web/geoRegions","properties":{"name":"Central
        India","description":null,"sortOrder":2147483647,"displayName":"Central India","orgDomain":"PUBLIC;DREAMSPARK;MSFTPUBLIC;FUNCTIONS;DYNAMIC;LINUX;DSERIES;LINUXDSERIES;LINUXDYNAMIC;ELASTICPREMIUM;ELASTICLINUX;XENON;XENONV3;WINDOWSV3;LINUXV3"}},{"id":"/subscriptions/00000000-0000-0000-0000-000000000000/providers/Microsoft.Web/geoRegions/West
        India","name":"West India","type":"Microsoft.Web/geoRegions","properties":{"name":"West
        India","description":null,"sortOrder":2147483647,"displayName":"West India","orgDomain":"PUBLIC;DREAMSPARK;MSFTPUBLIC;FUNCTIONS;DYNAMIC;LINUX;DSERIES;LINUXDSERIES;ELASTICPREMIUM;LINUXDYNAMIC;ELASTICLINUX"}},{"id":"/subscriptions/00000000-0000-0000-0000-000000000000/providers/Microsoft.Web/geoRegions/South
        India","name":"South India","type":"Microsoft.Web/geoRegions","properties":{"name":"South
        India","description":null,"sortOrder":2147483647,"displayName":"South India","orgDomain":"PUBLIC;DREAMSPARK;MSFTPUBLIC;FUNCTIONS;DYNAMIC;DSERIES;LINUX;LINUXDSERIES;ELASTICPREMIUM"}},{"id":"/subscriptions/00000000-0000-0000-0000-000000000000/providers/Microsoft.Web/geoRegions/Canada
        Central","name":"Canada Central","type":"Microsoft.Web/geoRegions","properties":{"name":"Canada
        Central","description":null,"sortOrder":2147483647,"displayName":"Canada Central","orgDomain":"PUBLIC;DREAMSPARK;MSFTPUBLIC;FUNCTIONS;DYNAMIC;DSERIES;LINUX;LINUXDSERIES;ELASTICPREMIUM;LINUXFREE;ELASTICLINUX;XENON;XENONV3;WINDOWSV3;LINUXV3"}},{"id":"/subscriptions/00000000-0000-0000-0000-000000000000/providers/Microsoft.Web/geoRegions/Canada
        East","name":"Canada East","type":"Microsoft.Web/geoRegions","properties":{"name":"Canada
        East","description":null,"sortOrder":2147483647,"displayName":"Canada East","orgDomain":"PUBLIC;DREAMSPARK;MSFTPUBLIC;FUNCTIONS;DYNAMIC;LINUX;DSERIES;LINUXDSERIES"}},{"id":"/subscriptions/00000000-0000-0000-0000-000000000000/providers/Microsoft.Web/geoRegions/West
        Central US","name":"West Central US","type":"Microsoft.Web/geoRegions","properties":{"name":"West
        Central US","description":null,"sortOrder":2147483647,"displayName":"West
        Central US","orgDomain":"PUBLIC;FUNCTIONS;DYNAMIC;LINUX;DSERIES;LINUXDSERIES;ELASTICLINUX;ELASTICPREMIUM;MSFTPUBLIC;XENON;XENONV3;WINDOWSV3;LINUXV3"}},{"id":"/subscriptions/00000000-0000-0000-0000-000000000000/providers/Microsoft.Web/geoRegions/West
        US 2","name":"West US 2","type":"Microsoft.Web/geoRegions","properties":{"name":"West
        US 2","description":null,"sortOrder":2147483647,"displayName":"West US 2","orgDomain":"PUBLIC;DREAMSPARK;MSFTPUBLIC;FUNCTIONS;DYNAMIC;LINUX;DSERIES;LINUXDSERIES;LINUXFREE;LINUXDYNAMIC;ELASTICPREMIUM;ELASTICLINUX;XENON;XENONV3;WINDOWSV3;LINUXV3"}},{"id":"/subscriptions/00000000-0000-0000-0000-000000000000/providers/Microsoft.Web/geoRegions/UK
        West","name":"UK West","type":"Microsoft.Web/geoRegions","properties":{"name":"UK
        West","description":null,"sortOrder":2147483647,"displayName":"UK West","orgDomain":"PUBLIC;MSFTPUBLIC;FUNCTIONS;DYNAMIC;DSERIES;LINUX;LINUXDSERIES;ELASTICPREMIUM;LINUXDYNAMIC;ELASTICLINUX;XENON;XENONV3;WINDOWSV3;LINUXV3"}},{"id":"/subscriptions/00000000-0000-0000-0000-000000000000/providers/Microsoft.Web/geoRegions/UK
        South","name":"UK South","type":"Microsoft.Web/geoRegions","properties":{"name":"UK
        South","description":null,"sortOrder":2147483647,"displayName":"UK South","orgDomain":"PUBLIC;MSFTPUBLIC;DYNAMIC;DSERIES;LINUX;LINUXDSERIES;LINUXFREE;LINUXDYNAMIC;ELASTICPREMIUM;ELASTICLINUX;XENON;XENONV3;WINDOWSV3;LINUXV3"}},{"id":"/subscriptions/00000000-0000-0000-0000-000000000000/providers/Microsoft.Web/geoRegions/East
        US 2 EUAP","name":"East US 2 EUAP","type":"Microsoft.Web/geoRegions","properties":{"name":"East
        US 2 EUAP","description":null,"sortOrder":2147483647,"displayName":"East US
        2 EUAP","orgDomain":"EUAP;XENON;DSERIES;LINUXDSERIES;ELASTICPREMIUM;FUNCTIONS;DYNAMIC;LINUX;LINUXFREE;ELASTICLINUX;WINDOWSV3;XENONV3;LINUXV3;LINUXDYNAMIC"}},{"id":"/subscriptions/00000000-0000-0000-0000-000000000000/providers/Microsoft.Web/geoRegions/Central
        US EUAP","name":"Central US EUAP","type":"Microsoft.Web/geoRegions","properties":{"name":"Central
        US EUAP","description":null,"sortOrder":2147483647,"displayName":"Central
        US EUAP","orgDomain":"EUAP;LINUX;DSERIES;LINUXDSERIES;ELASTICPREMIUM;LINUXFREE;ELASTICLINUX;LINUXDYNAMIC;DYNAMIC"}},{"id":"/subscriptions/00000000-0000-0000-0000-000000000000/providers/Microsoft.Web/geoRegions/Korea
        South","name":"Korea South","type":"Microsoft.Web/geoRegions","properties":{"name":"Korea
        South","description":null,"sortOrder":2147483647,"displayName":"Korea South","orgDomain":"PUBLIC;DREAMSPARK;MSFTPUBLIC;LINUX;LINUXDSERIES;LINUXFREE;DSERIES"}},{"id":"/subscriptions/00000000-0000-0000-0000-000000000000/providers/Microsoft.Web/geoRegions/Korea
        Central","name":"Korea Central","type":"Microsoft.Web/geoRegions","properties":{"name":"Korea
        Central","description":null,"sortOrder":2147483647,"displayName":"Korea Central","orgDomain":"PUBLIC;DREAMSPARK;MSFTPUBLIC;FUNCTIONS;DYNAMIC;LINUX;LINUXDSERIES;ELASTICPREMIUM;LINUXFREE;DSERIES;LINUXDYNAMIC;ELASTICLINUX;XENON;XENONV3;WINDOWSV3;LINUXV3"}},{"id":"/subscriptions/00000000-0000-0000-0000-000000000000/providers/Microsoft.Web/geoRegions/France
        South","name":"France South","type":"Microsoft.Web/geoRegions","properties":{"name":"France
        South","description":null,"sortOrder":2147483647,"displayName":"France South","orgDomain":"PUBLIC;LINUX;LINUXDSERIES;DSERIES"}},{"id":"/subscriptions/00000000-0000-0000-0000-000000000000/providers/Microsoft.Web/geoRegions/France
        Central","name":"France Central","type":"Microsoft.Web/geoRegions","properties":{"name":"France
        Central","description":null,"sortOrder":2147483647,"displayName":"France Central","orgDomain":"PUBLIC;MSFTPUBLIC;DSERIES;DYNAMIC;LINUX;LINUXDSERIES;ELASTICPREMIUM;LINUXFREE;LINUXDYNAMIC;ELASTICLINUX;XENON;XENONV3;WINDOWSV3;LINUXV3"}},{"id":"/subscriptions/00000000-0000-0000-0000-000000000000/providers/Microsoft.Web/geoRegions/Australia
        Central 2","name":"Australia Central 2","type":"Microsoft.Web/geoRegions","properties":{"name":"Australia
        Central 2","description":null,"sortOrder":2147483647,"displayName":"Australia
        Central 2","orgDomain":"PUBLIC;FUNCTIONS;DYNAMIC;DSERIES;LINUX;LINUXDSERIES;LINUXFREE;ELASTICPREMIUM"}},{"id":"/subscriptions/00000000-0000-0000-0000-000000000000/providers/Microsoft.Web/geoRegions/Australia
        Central","name":"Australia Central","type":"Microsoft.Web/geoRegions","properties":{"name":"Australia
        Central","description":null,"sortOrder":2147483647,"displayName":"Australia
        Central","orgDomain":"PUBLIC;FUNCTIONS;DYNAMIC;DSERIES;LINUX;LINUXDSERIES;LINUXFREE;ELASTICPREMIUM;ELASTICLINUX"}},{"id":"/subscriptions/00000000-0000-0000-0000-000000000000/providers/Microsoft.Web/geoRegions/South
        Africa North","name":"South Africa North","type":"Microsoft.Web/geoRegions","properties":{"name":"South
        Africa North","description":null,"sortOrder":2147483647,"displayName":"South
        Africa North","orgDomain":"PUBLIC;MSFTPUBLIC;FUNCTIONS;DYNAMIC;LINUX;LINUXDSERIES;DSERIES;ELASTICPREMIUM;ELASTICLINUX;XENON;XENONV3;WINDOWSV3;LINUXV3"}},{"id":"/subscriptions/00000000-0000-0000-0000-000000000000/providers/Microsoft.Web/geoRegions/South
        Africa West","name":"South Africa West","type":"Microsoft.Web/geoRegions","properties":{"name":"South
        Africa West","description":null,"sortOrder":2147483647,"displayName":"South
        Africa West","orgDomain":"PUBLIC;LINUX;LINUXDSERIES;DSERIES"}},{"id":"/subscriptions/00000000-0000-0000-0000-000000000000/providers/Microsoft.Web/geoRegions/Switzerland
        North","name":"Switzerland North","type":"Microsoft.Web/geoRegions","properties":{"name":"Switzerland
        North","description":null,"sortOrder":2147483647,"displayName":"Switzerland
        North","orgDomain":"PUBLIC;DSERIES;LINUX;LINUXDSERIES;LINUXFREE;FUNCTIONS;DYNAMIC;LINUXDYNAMIC;ELASTICPREMIUM;ELASTICLINUX;XENON;XENONV3;WINDOWSV3;LINUXV3"}},{"id":"/subscriptions/00000000-0000-0000-0000-000000000000/providers/Microsoft.Web/geoRegions/Germany
        West Central","name":"Germany West Central","type":"Microsoft.Web/geoRegions","properties":{"name":"Germany
        West Central","description":null,"sortOrder":2147483647,"displayName":"Germany
        West Central","orgDomain":"PUBLIC;DSERIES;LINUX;LINUXDSERIES;ELASTICPREMIUM;FUNCTIONS;DYNAMIC;ELASTICLINUX;LINUXDYNAMIC;XENON;XENONV3;WINDOWSV3;LINUXV3"}},{"id":"/subscriptions/00000000-0000-0000-0000-000000000000/providers/Microsoft.Web/geoRegions/Switzerland
        West","name":"Switzerland West","type":"Microsoft.Web/geoRegions","properties":{"name":"Switzerland
        West","description":null,"sortOrder":2147483647,"displayName":"Switzerland
        West","orgDomain":"PUBLIC;DSERIES;LINUX;LINUXDSERIES;LINUXFREE;FUNCTIONS;DYNAMIC;ELASTICPREMIUM;ELASTICLINUX"}},{"id":"/subscriptions/00000000-0000-0000-0000-000000000000/providers/Microsoft.Web/geoRegions/UAE
        Central","name":"UAE Central","type":"Microsoft.Web/geoRegions","properties":{"name":"UAE
        Central","description":null,"sortOrder":2147483647,"displayName":"UAE Central","orgDomain":"PUBLIC;DSERIES;LINUX;LINUXDSERIES;LINUXFREE"}},{"id":"/subscriptions/00000000-0000-0000-0000-000000000000/providers/Microsoft.Web/geoRegions/UAE
        North","name":"UAE North","type":"Microsoft.Web/geoRegions","properties":{"name":"UAE
        North","description":null,"sortOrder":2147483647,"displayName":"UAE North","orgDomain":"PUBLIC;DSERIES;LINUX;LINUXDSERIES;LINUXFREE;FUNCTIONS;DYNAMIC;LINUXDYNAMIC;ELASTICPREMIUM;ELASTICLINUX;XENON;XENONV3;WINDOWSV3;LINUXV3"}},{"id":"/subscriptions/00000000-0000-0000-0000-000000000000/providers/Microsoft.Web/geoRegions/Norway
        West","name":"Norway West","type":"Microsoft.Web/geoRegions","properties":{"name":"Norway
        West","description":null,"sortOrder":2147483647,"displayName":"Norway West","orgDomain":"PUBLIC;DSERIES;MSFTPUBLIC;LINUX;LINUXDSERIES"}},{"id":"/subscriptions/00000000-0000-0000-0000-000000000000/providers/Microsoft.Web/geoRegions/Norway
        East","name":"Norway East","type":"Microsoft.Web/geoRegions","properties":{"name":"Norway
        East","description":null,"sortOrder":2147483647,"displayName":"Norway East","orgDomain":"PUBLIC;LINUX;LINUXDSERIES;DSERIES;ELASTICLINUX;ELASTICPREMIUM;FUNCTIONS;DYNAMIC;XENON;XENONV3;WINDOWSV3;LINUXV3"}},{"id":"/subscriptions/00000000-0000-0000-0000-000000000000/providers/Microsoft.Web/geoRegions/Brazil
        Southeast","name":"Brazil Southeast","type":"Microsoft.Web/geoRegions","properties":{"name":"Brazil
        Southeast","description":null,"sortOrder":2147483647,"displayName":"Brazil
        Southeast","orgDomain":"PUBLIC;LINUX;LINUXDSERIES;DSERIES;LINUXFREE;FUNCTIONS;DYNAMIC"}},{"id":"/subscriptions/00000000-0000-0000-0000-000000000000/providers/Microsoft.Web/geoRegions/West
        US 3","name":"West US 3","type":"Microsoft.Web/geoRegions","properties":{"name":"West
        US 3","description":null,"sortOrder":2147483647,"displayName":"West US 3","orgDomain":"PUBLIC;DSERIES;LINUX;LINUXDSERIES;XENON;XENONV3;WINDOWSV3;LINUXV3;ELASTICPREMIUM;ELASTICLINUX"}}],"nextLink":null,"id":null}'
    headers:
      cache-control:
      - no-cache
      content-length:
      - '18469'
      content-type:
      - application/json
      date:
      - Fri, 18 Jun 2021 14:49:06 GMT
      expires:
      - '-1'
      pragma:
      - no-cache
      server:
      - Microsoft-IIS/10.0
      strict-transport-security:
      - max-age=31536000; includeSubDomains
      transfer-encoding:
      - chunked
      vary:
      - Accept-Encoding
      x-aspnet-version:
      - 4.0.30319
      x-content-type-options:
      - nosniff
      x-powered-by:
      - ASP.NET
    status:
      code: 200
      message: OK
- request:
    body: null
    headers:
      Accept:
      - application/json
      Accept-Encoding:
      - gzip, deflate
      CommandName:
      - webapp up
      Connection:
      - keep-alive
      ParameterSetName:
      - -n -g --plan --runtime --sku --dryrun
      User-Agent:
      - AZURECLI/2.25.0 azsdk-python-azure-mgmt-resource/18.0.0 Python/3.8.10 (Windows-10-10.0.19043-SP0)
    method: HEAD
    uri: https://management.azure.com/subscriptions/00000000-0000-0000-0000-000000000000/resourcegroups/clitest000001?api-version=2021-01-01
  response:
    body:
      string: ''
    headers:
      cache-control:
      - no-cache
      content-length:
      - '0'
      date:
      - Fri, 18 Jun 2021 14:49:07 GMT
      expires:
      - '-1'
      pragma:
      - no-cache
      strict-transport-security:
      - max-age=31536000; includeSubDomains
      x-content-type-options:
      - nosniff
    status:
      code: 204
      message: No Content
- request:
    body: null
    headers:
      Accept:
      - application/json
      Accept-Encoding:
      - gzip, deflate
      CommandName:
      - webapp up
      Connection:
      - keep-alive
      ParameterSetName:
      - -n -g --plan --runtime --sku --dryrun
      User-Agent:
      - AZURECLI/2.25.0 azsdk-python-azure-mgmt-web/2.0.0 Python/3.8.10 (Windows-10-10.0.19043-SP0)
    method: GET
    uri: https://management.azure.com/subscriptions/00000000-0000-0000-0000-000000000000/resourceGroups/clitest000001/providers/Microsoft.Web/serverfarms?api-version=2020-09-01
  response:
    body:
      string: '{"value":[]}'
    headers:
      cache-control:
      - no-cache
      content-length:
      - '12'
      content-type:
      - application/json; charset=utf-8
      date:
      - Fri, 18 Jun 2021 14:49:07 GMT
      expires:
      - '-1'
      pragma:
      - no-cache
      strict-transport-security:
      - max-age=31536000; includeSubDomains
      vary:
      - Accept-Encoding
      x-content-type-options:
      - nosniff
    status:
      code: 200
      message: OK
- request:
    body: null
    headers:
      Accept:
      - application/json
      Accept-Encoding:
      - gzip, deflate
      CommandName:
      - webapp up
      Connection:
      - keep-alive
      ParameterSetName:
      - -n -g --plan --runtime --sku --dryrun
      User-Agent:
      - AZURECLI/2.25.0 azsdk-python-azure-mgmt-resource/18.0.0 Python/3.8.10 (Windows-10-10.0.19043-SP0)
    method: HEAD
    uri: https://management.azure.com/subscriptions/00000000-0000-0000-0000-000000000000/resourcegroups/clitest000001?api-version=2021-01-01
  response:
    body:
      string: ''
    headers:
      cache-control:
      - no-cache
      content-length:
      - '0'
      date:
      - Fri, 18 Jun 2021 14:49:08 GMT
      expires:
      - '-1'
      pragma:
      - no-cache
      strict-transport-security:
      - max-age=31536000; includeSubDomains
      x-content-type-options:
      - nosniff
    status:
      code: 204
      message: No Content
- request:
    body: null
    headers:
      Accept:
      - application/json
      Accept-Encoding:
      - gzip, deflate
      CommandName:
      - webapp up
      Connection:
      - keep-alive
      ParameterSetName:
      - -n -g --plan --runtime --sku --dryrun
      User-Agent:
      - AZURECLI/2.25.0 azsdk-python-azure-mgmt-web/2.0.0 Python/3.8.10 (Windows-10-10.0.19043-SP0)
    method: GET
    uri: https://management.azure.com/subscriptions/00000000-0000-0000-0000-000000000000/resourceGroups/clitest000001/providers/Microsoft.Web/serverfarms?api-version=2020-09-01
  response:
    body:
      string: '{"value":[]}'
    headers:
      cache-control:
      - no-cache
      content-length:
      - '12'
      content-type:
      - application/json; charset=utf-8
      date:
      - Fri, 18 Jun 2021 14:49:09 GMT
      expires:
      - '-1'
      pragma:
      - no-cache
      strict-transport-security:
      - max-age=31536000; includeSubDomains
      vary:
      - Accept-Encoding
      x-content-type-options:
      - nosniff
    status:
      code: 200
      message: OK
- request:
    body: '{"name": "up-pythonapp000003", "type": "Site"}'
    headers:
      Accept:
      - application/json
      Accept-Encoding:
      - gzip, deflate
      CommandName:
      - webapp up
      Connection:
      - keep-alive
      Content-Length:
      - '52'
      Content-Type:
      - application/json
      ParameterSetName:
      - -n -g --plan --runtime --sku
      User-Agent:
      - AZURECLI/2.25.0 azsdk-python-azure-mgmt-web/2.0.0 Python/3.8.10 (Windows-10-10.0.19043-SP0)
    method: POST
    uri: https://management.azure.com/subscriptions/00000000-0000-0000-0000-000000000000/providers/Microsoft.Web/checknameavailability?api-version=2020-09-01
  response:
    body:
      string: '{"nameAvailable":true,"reason":"","message":""}'
    headers:
      cache-control:
      - no-cache
      content-length:
      - '47'
      content-type:
      - application/json
      date:
      - Fri, 18 Jun 2021 14:49:09 GMT
      expires:
      - '-1'
      pragma:
      - no-cache
      server:
      - Microsoft-IIS/10.0
      strict-transport-security:
      - max-age=31536000; includeSubDomains
      transfer-encoding:
      - chunked
      vary:
      - Accept-Encoding
      x-aspnet-version:
      - 4.0.30319
      x-content-type-options:
      - nosniff
      x-powered-by:
      - ASP.NET
    status:
      code: 200
      message: OK
- request:
    body: null
    headers:
      Accept:
      - application/json
      Accept-Encoding:
      - gzip, deflate
      CommandName:
      - webapp up
      Connection:
      - keep-alive
      ParameterSetName:
      - -n -g --plan --runtime --sku
      User-Agent:
      - AZURECLI/2.25.0 azsdk-python-azure-mgmt-web/2.0.0 Python/3.8.10 (Windows-10-10.0.19043-SP0)
    method: GET
    uri: https://management.azure.com/subscriptions/00000000-0000-0000-0000-000000000000/providers/Microsoft.Web/geoRegions?sku=S1&linuxWorkersEnabled=true&api-version=2020-09-01
  response:
    body:
      string: '{"value":[{"id":"/subscriptions/00000000-0000-0000-0000-000000000000/providers/Microsoft.Web/geoRegions/Central
        US","name":"Central US","type":"Microsoft.Web/geoRegions","properties":{"name":"Central
        US","description":null,"sortOrder":0,"displayName":"Central US","orgDomain":"PUBLIC;DREAMSPARK;MSFTPUBLIC;FUNCTIONS;DYNAMIC;DSERIES;LINUX;LINUXDSERIES;ELASTICPREMIUM;LINUXFREE;LINUXDYNAMIC;ELASTICLINUX;XENON;XENONV3;WINDOWSV3;LINUXV3"}},{"id":"/subscriptions/00000000-0000-0000-0000-000000000000/providers/Microsoft.Web/geoRegions/North
        Europe","name":"North Europe","type":"Microsoft.Web/geoRegions","properties":{"name":"North
        Europe","description":null,"sortOrder":1,"displayName":"North Europe","orgDomain":"PUBLIC;DREAMSPARK;MSFTPUBLIC;FUNCTIONS;DYNAMIC;DSERIES;LINUX;LINUXDSERIES;XENON;ELASTICPREMIUM;LINUXFREE;ELASTICLINUX;LINUXDYNAMIC;XENON;XENONV3;WINDOWSV3;LINUXV3"}},{"id":"/subscriptions/00000000-0000-0000-0000-000000000000/providers/Microsoft.Web/geoRegions/West
        Europe","name":"West Europe","type":"Microsoft.Web/geoRegions","properties":{"name":"West
        Europe","description":null,"sortOrder":2,"displayName":"West Europe","orgDomain":"PUBLIC;DREAMSPARK;MSFTPUBLIC;FUNCTIONS;DYNAMIC;LINUX;DSERIES;LINUXDSERIES;XENON;SFCONTAINERS;LINUXDYNAMIC;ELASTICPREMIUM;ELASTICLINUX;LINUXFREE;XENON;XENONV3;WINDOWSV3;LINUXV3"}},{"id":"/subscriptions/00000000-0000-0000-0000-000000000000/providers/Microsoft.Web/geoRegions/Southeast
        Asia","name":"Southeast Asia","type":"Microsoft.Web/geoRegions","properties":{"name":"Southeast
        Asia","description":null,"sortOrder":3,"displayName":"Southeast Asia","orgDomain":"PUBLIC;DREAMSPARK;MSFTPUBLIC;FUNCTIONS;DYNAMIC;LINUX;DSERIES;LINUXDSERIES;XENON;ELASTICPREMIUM;LINUXFREE;ELASTICLINUX;LINUXDYNAMIC;XENON;XENONV3;WINDOWSV3;LINUXV3"}},{"id":"/subscriptions/00000000-0000-0000-0000-000000000000/providers/Microsoft.Web/geoRegions/East
        Asia","name":"East Asia","type":"Microsoft.Web/geoRegions","properties":{"name":"East
        Asia","description":null,"sortOrder":4,"displayName":"East Asia","orgDomain":"PUBLIC;DREAMSPARK;MSFTPUBLIC;FUNCTIONS;DYNAMIC;LINUX;DSERIES;LINUXDSERIES;SFCONTAINERS;LINUXDYNAMIC;ELASTICPREMIUM;LINUXFREE;ELASTICLINUX;XENON;XENONV3;WINDOWSV3;LINUXV3"}},{"id":"/subscriptions/00000000-0000-0000-0000-000000000000/providers/Microsoft.Web/geoRegions/West
        US","name":"West US","type":"Microsoft.Web/geoRegions","properties":{"name":"West
        US","description":null,"sortOrder":5,"displayName":"West US","orgDomain":"PUBLIC;DREAMSPARK;MSFTPUBLIC;FUNCTIONS;DYNAMIC;LINUX;DSERIES;LINUXDSERIES;XENON;ELASTICPREMIUM;LINUXFREE;ELASTICLINUX;LINUXDYNAMIC;XENON;XENONV3;WINDOWSV3;LINUXV3"}},{"id":"/subscriptions/00000000-0000-0000-0000-000000000000/providers/Microsoft.Web/geoRegions/East
        US","name":"East US","type":"Microsoft.Web/geoRegions","properties":{"name":"East
        US","description":null,"sortOrder":6,"displayName":"East US","orgDomain":"PUBLIC;DREAMSPARK;MSFTPUBLIC;FUNCTIONS;DYNAMIC;LINUX;DSERIES;FAKEORG;LINUXDSERIES;XENON;SFCONTAINERS;LINUXDYNAMIC;LINUXFREE;ELASTICLINUX;ELASTICPREMIUM;XENON;XENONV3;WINDOWSV3;LINUXV3"}},{"id":"/subscriptions/00000000-0000-0000-0000-000000000000/providers/Microsoft.Web/geoRegions/Japan
        West","name":"Japan West","type":"Microsoft.Web/geoRegions","properties":{"name":"Japan
        West","description":null,"sortOrder":7,"displayName":"Japan West","orgDomain":"PUBLIC;DREAMSPARK;MSFTPUBLIC;FUNCTIONS;DYNAMIC;LINUX;DSERIES;LINUXDSERIES;ELASTICPREMIUM;LINUXFREE;ELASTICLINUX"}},{"id":"/subscriptions/00000000-0000-0000-0000-000000000000/providers/Microsoft.Web/geoRegions/Japan
        East","name":"Japan East","type":"Microsoft.Web/geoRegions","properties":{"name":"Japan
        East","description":null,"sortOrder":8,"displayName":"Japan East","orgDomain":"PUBLIC;DREAMSPARK;MSFTPUBLIC;FUNCTIONS;DYNAMIC;LINUX;DSERIES;LINUXDSERIES;LINUXFREE;ELASTICLINUX;ELASTICPREMIUM;LINUXDYNAMIC;XENON;XENONV3;WINDOWSV3;LINUXV3"}},{"id":"/subscriptions/00000000-0000-0000-0000-000000000000/providers/Microsoft.Web/geoRegions/East
        US 2","name":"East US 2","type":"Microsoft.Web/geoRegions","properties":{"name":"East
        US 2","description":null,"sortOrder":9,"displayName":"East US 2","orgDomain":"PUBLIC;DREAMSPARK;MSFTPUBLIC;FUNCTIONS;DYNAMIC;DSERIES;LINUX;LINUXDSERIES;ELASTICPREMIUM;LINUXFREE;LINUXDYNAMIC;ELASTICLINUX;XENON;XENONV3;WINDOWSV3;LINUXV3"}},{"id":"/subscriptions/00000000-0000-0000-0000-000000000000/providers/Microsoft.Web/geoRegions/North
        Central US","name":"North Central US","type":"Microsoft.Web/geoRegions","properties":{"name":"North
        Central US","description":null,"sortOrder":10,"displayName":"North Central
        US","orgDomain":"PUBLIC;DREAMSPARK;MSFTPUBLIC;FUNCTIONS;DYNAMIC;LINUX;DSERIES;LINUXDSERIES;LINUXFREE;ELASTICPREMIUM;ELASTICLINUX;LINUXDYNAMIC;XENON;XENONV3;WINDOWSV3;LINUXV3"}},{"id":"/subscriptions/00000000-0000-0000-0000-000000000000/providers/Microsoft.Web/geoRegions/South
        Central US","name":"South Central US","type":"Microsoft.Web/geoRegions","properties":{"name":"South
        Central US","description":null,"sortOrder":11,"displayName":"South Central
        US","orgDomain":"PUBLIC;DREAMSPARK;MSFTPUBLIC;FUNCTIONS;DYNAMIC;DSERIES;LINUX;LINUXDSERIES;ELASTICPREMIUM;LINUXFREE;LINUXDYNAMIC;ELASTICLINUX;XENON;XENONV3;WINDOWSV3;LINUXV3"}},{"id":"/subscriptions/00000000-0000-0000-0000-000000000000/providers/Microsoft.Web/geoRegions/Brazil
        South","name":"Brazil South","type":"Microsoft.Web/geoRegions","properties":{"name":"Brazil
        South","description":null,"sortOrder":12,"displayName":"Brazil South","orgDomain":"PUBLIC;DREAMSPARK;MSFTPUBLIC;FUNCTIONS;DYNAMIC;LINUX;DSERIES;LINUXDSERIES;LINUXFREE;ELASTICPREMIUM;LINUXDYNAMIC;ELASTICLINUX;XENON;XENONV3;WINDOWSV3;LINUXV3"}},{"id":"/subscriptions/00000000-0000-0000-0000-000000000000/providers/Microsoft.Web/geoRegions/Australia
        East","name":"Australia East","type":"Microsoft.Web/geoRegions","properties":{"name":"Australia
        East","description":null,"sortOrder":13,"displayName":"Australia East","orgDomain":"PUBLIC;DREAMSPARK;MSFTPUBLIC;FUNCTIONS;DYNAMIC;LINUX;DSERIES;LINUXDSERIES;XENON;ELASTICPREMIUM;LINUXFREE;LINUXDYNAMIC;ELASTICLINUX;XENON;XENONV3;WINDOWSV3;LINUXV3"}},{"id":"/subscriptions/00000000-0000-0000-0000-000000000000/providers/Microsoft.Web/geoRegions/Australia
        Southeast","name":"Australia Southeast","type":"Microsoft.Web/geoRegions","properties":{"name":"Australia
        Southeast","description":null,"sortOrder":14,"displayName":"Australia Southeast","orgDomain":"PUBLIC;DREAMSPARK;MSFTPUBLIC;FUNCTIONS;DYNAMIC;DSERIES;LINUX;LINUXDSERIES;ELASTICPREMIUM;LINUXFREE;ELASTICLINUX;XENON;XENONV3;WINDOWSV3;LINUXV3"}},{"id":"/subscriptions/00000000-0000-0000-0000-000000000000/providers/Microsoft.Web/geoRegions/East
        Asia (Stage)","name":"East Asia (Stage)","type":"Microsoft.Web/geoRegions","properties":{"name":"East
        Asia (Stage)","description":null,"sortOrder":2147483647,"displayName":"East
        Asia (Stage)","orgDomain":"MSFTINT;DSERIES;ELASTICPREMIUM;FUNCTIONS;DYNAMIC;XENON;LINUX;LINUXFREE;LINUXDYNAMIC;XENONV3;WINDOWSV3;LINUXV3"}},{"id":"/subscriptions/00000000-0000-0000-0000-000000000000/providers/Microsoft.Web/geoRegions/North
        Central US (Stage)","name":"North Central US (Stage)","type":"Microsoft.Web/geoRegions","properties":{"name":"North
        Central US (Stage)","description":null,"sortOrder":2147483647,"displayName":"North
        Central US (Stage)","orgDomain":"MSFTINT;LINUX;LINUXFREE;LINUXDYNAMIC;DSERIES;ELASTICPREMIUM;ELASTICLINUX"}},{"id":"/subscriptions/00000000-0000-0000-0000-000000000000/providers/Microsoft.Web/geoRegions/Central
        India","name":"Central India","type":"Microsoft.Web/geoRegions","properties":{"name":"Central
        India","description":null,"sortOrder":2147483647,"displayName":"Central India","orgDomain":"PUBLIC;DREAMSPARK;MSFTPUBLIC;FUNCTIONS;DYNAMIC;LINUX;DSERIES;LINUXDSERIES;LINUXDYNAMIC;ELASTICPREMIUM;ELASTICLINUX;XENON;XENONV3;WINDOWSV3;LINUXV3"}},{"id":"/subscriptions/00000000-0000-0000-0000-000000000000/providers/Microsoft.Web/geoRegions/West
        India","name":"West India","type":"Microsoft.Web/geoRegions","properties":{"name":"West
        India","description":null,"sortOrder":2147483647,"displayName":"West India","orgDomain":"PUBLIC;DREAMSPARK;MSFTPUBLIC;FUNCTIONS;DYNAMIC;LINUX;DSERIES;LINUXDSERIES;ELASTICPREMIUM;LINUXDYNAMIC;ELASTICLINUX"}},{"id":"/subscriptions/00000000-0000-0000-0000-000000000000/providers/Microsoft.Web/geoRegions/South
        India","name":"South India","type":"Microsoft.Web/geoRegions","properties":{"name":"South
        India","description":null,"sortOrder":2147483647,"displayName":"South India","orgDomain":"PUBLIC;DREAMSPARK;MSFTPUBLIC;FUNCTIONS;DYNAMIC;DSERIES;LINUX;LINUXDSERIES;ELASTICPREMIUM"}},{"id":"/subscriptions/00000000-0000-0000-0000-000000000000/providers/Microsoft.Web/geoRegions/Canada
        Central","name":"Canada Central","type":"Microsoft.Web/geoRegions","properties":{"name":"Canada
        Central","description":null,"sortOrder":2147483647,"displayName":"Canada Central","orgDomain":"PUBLIC;DREAMSPARK;MSFTPUBLIC;FUNCTIONS;DYNAMIC;DSERIES;LINUX;LINUXDSERIES;ELASTICPREMIUM;LINUXFREE;ELASTICLINUX;XENON;XENONV3;WINDOWSV3;LINUXV3"}},{"id":"/subscriptions/00000000-0000-0000-0000-000000000000/providers/Microsoft.Web/geoRegions/Canada
        East","name":"Canada East","type":"Microsoft.Web/geoRegions","properties":{"name":"Canada
        East","description":null,"sortOrder":2147483647,"displayName":"Canada East","orgDomain":"PUBLIC;DREAMSPARK;MSFTPUBLIC;FUNCTIONS;DYNAMIC;LINUX;DSERIES;LINUXDSERIES"}},{"id":"/subscriptions/00000000-0000-0000-0000-000000000000/providers/Microsoft.Web/geoRegions/West
        Central US","name":"West Central US","type":"Microsoft.Web/geoRegions","properties":{"name":"West
        Central US","description":null,"sortOrder":2147483647,"displayName":"West
        Central US","orgDomain":"PUBLIC;FUNCTIONS;DYNAMIC;LINUX;DSERIES;LINUXDSERIES;ELASTICLINUX;ELASTICPREMIUM;MSFTPUBLIC;XENON;XENONV3;WINDOWSV3;LINUXV3"}},{"id":"/subscriptions/00000000-0000-0000-0000-000000000000/providers/Microsoft.Web/geoRegions/West
        US 2","name":"West US 2","type":"Microsoft.Web/geoRegions","properties":{"name":"West
        US 2","description":null,"sortOrder":2147483647,"displayName":"West US 2","orgDomain":"PUBLIC;DREAMSPARK;MSFTPUBLIC;FUNCTIONS;DYNAMIC;LINUX;DSERIES;LINUXDSERIES;LINUXFREE;LINUXDYNAMIC;ELASTICPREMIUM;ELASTICLINUX;XENON;XENONV3;WINDOWSV3;LINUXV3"}},{"id":"/subscriptions/00000000-0000-0000-0000-000000000000/providers/Microsoft.Web/geoRegions/UK
        West","name":"UK West","type":"Microsoft.Web/geoRegions","properties":{"name":"UK
        West","description":null,"sortOrder":2147483647,"displayName":"UK West","orgDomain":"PUBLIC;MSFTPUBLIC;FUNCTIONS;DYNAMIC;DSERIES;LINUX;LINUXDSERIES;ELASTICPREMIUM;LINUXDYNAMIC;ELASTICLINUX;XENON;XENONV3;WINDOWSV3;LINUXV3"}},{"id":"/subscriptions/00000000-0000-0000-0000-000000000000/providers/Microsoft.Web/geoRegions/UK
        South","name":"UK South","type":"Microsoft.Web/geoRegions","properties":{"name":"UK
        South","description":null,"sortOrder":2147483647,"displayName":"UK South","orgDomain":"PUBLIC;MSFTPUBLIC;DYNAMIC;DSERIES;LINUX;LINUXDSERIES;LINUXFREE;LINUXDYNAMIC;ELASTICPREMIUM;ELASTICLINUX;XENON;XENONV3;WINDOWSV3;LINUXV3"}},{"id":"/subscriptions/00000000-0000-0000-0000-000000000000/providers/Microsoft.Web/geoRegions/East
        US 2 EUAP","name":"East US 2 EUAP","type":"Microsoft.Web/geoRegions","properties":{"name":"East
        US 2 EUAP","description":null,"sortOrder":2147483647,"displayName":"East US
        2 EUAP","orgDomain":"EUAP;XENON;DSERIES;LINUXDSERIES;ELASTICPREMIUM;FUNCTIONS;DYNAMIC;LINUX;LINUXFREE;ELASTICLINUX;WINDOWSV3;XENONV3;LINUXV3;LINUXDYNAMIC"}},{"id":"/subscriptions/00000000-0000-0000-0000-000000000000/providers/Microsoft.Web/geoRegions/Central
        US EUAP","name":"Central US EUAP","type":"Microsoft.Web/geoRegions","properties":{"name":"Central
        US EUAP","description":null,"sortOrder":2147483647,"displayName":"Central
        US EUAP","orgDomain":"EUAP;LINUX;DSERIES;LINUXDSERIES;ELASTICPREMIUM;LINUXFREE;ELASTICLINUX;LINUXDYNAMIC;DYNAMIC"}},{"id":"/subscriptions/00000000-0000-0000-0000-000000000000/providers/Microsoft.Web/geoRegions/Korea
        South","name":"Korea South","type":"Microsoft.Web/geoRegions","properties":{"name":"Korea
        South","description":null,"sortOrder":2147483647,"displayName":"Korea South","orgDomain":"PUBLIC;DREAMSPARK;MSFTPUBLIC;LINUX;LINUXDSERIES;LINUXFREE;DSERIES"}},{"id":"/subscriptions/00000000-0000-0000-0000-000000000000/providers/Microsoft.Web/geoRegions/Korea
        Central","name":"Korea Central","type":"Microsoft.Web/geoRegions","properties":{"name":"Korea
        Central","description":null,"sortOrder":2147483647,"displayName":"Korea Central","orgDomain":"PUBLIC;DREAMSPARK;MSFTPUBLIC;FUNCTIONS;DYNAMIC;LINUX;LINUXDSERIES;ELASTICPREMIUM;LINUXFREE;DSERIES;LINUXDYNAMIC;ELASTICLINUX;XENON;XENONV3;WINDOWSV3;LINUXV3"}},{"id":"/subscriptions/00000000-0000-0000-0000-000000000000/providers/Microsoft.Web/geoRegions/France
        South","name":"France South","type":"Microsoft.Web/geoRegions","properties":{"name":"France
        South","description":null,"sortOrder":2147483647,"displayName":"France South","orgDomain":"PUBLIC;LINUX;LINUXDSERIES;DSERIES"}},{"id":"/subscriptions/00000000-0000-0000-0000-000000000000/providers/Microsoft.Web/geoRegions/France
        Central","name":"France Central","type":"Microsoft.Web/geoRegions","properties":{"name":"France
        Central","description":null,"sortOrder":2147483647,"displayName":"France Central","orgDomain":"PUBLIC;MSFTPUBLIC;DSERIES;DYNAMIC;LINUX;LINUXDSERIES;ELASTICPREMIUM;LINUXFREE;LINUXDYNAMIC;ELASTICLINUX;XENON;XENONV3;WINDOWSV3;LINUXV3"}},{"id":"/subscriptions/00000000-0000-0000-0000-000000000000/providers/Microsoft.Web/geoRegions/Australia
        Central 2","name":"Australia Central 2","type":"Microsoft.Web/geoRegions","properties":{"name":"Australia
        Central 2","description":null,"sortOrder":2147483647,"displayName":"Australia
        Central 2","orgDomain":"PUBLIC;FUNCTIONS;DYNAMIC;DSERIES;LINUX;LINUXDSERIES;LINUXFREE;ELASTICPREMIUM"}},{"id":"/subscriptions/00000000-0000-0000-0000-000000000000/providers/Microsoft.Web/geoRegions/Australia
        Central","name":"Australia Central","type":"Microsoft.Web/geoRegions","properties":{"name":"Australia
        Central","description":null,"sortOrder":2147483647,"displayName":"Australia
        Central","orgDomain":"PUBLIC;FUNCTIONS;DYNAMIC;DSERIES;LINUX;LINUXDSERIES;LINUXFREE;ELASTICPREMIUM;ELASTICLINUX"}},{"id":"/subscriptions/00000000-0000-0000-0000-000000000000/providers/Microsoft.Web/geoRegions/South
        Africa North","name":"South Africa North","type":"Microsoft.Web/geoRegions","properties":{"name":"South
        Africa North","description":null,"sortOrder":2147483647,"displayName":"South
        Africa North","orgDomain":"PUBLIC;MSFTPUBLIC;FUNCTIONS;DYNAMIC;LINUX;LINUXDSERIES;DSERIES;ELASTICPREMIUM;ELASTICLINUX;XENON;XENONV3;WINDOWSV3;LINUXV3"}},{"id":"/subscriptions/00000000-0000-0000-0000-000000000000/providers/Microsoft.Web/geoRegions/South
        Africa West","name":"South Africa West","type":"Microsoft.Web/geoRegions","properties":{"name":"South
        Africa West","description":null,"sortOrder":2147483647,"displayName":"South
        Africa West","orgDomain":"PUBLIC;LINUX;LINUXDSERIES;DSERIES"}},{"id":"/subscriptions/00000000-0000-0000-0000-000000000000/providers/Microsoft.Web/geoRegions/Switzerland
        North","name":"Switzerland North","type":"Microsoft.Web/geoRegions","properties":{"name":"Switzerland
        North","description":null,"sortOrder":2147483647,"displayName":"Switzerland
        North","orgDomain":"PUBLIC;DSERIES;LINUX;LINUXDSERIES;LINUXFREE;FUNCTIONS;DYNAMIC;LINUXDYNAMIC;ELASTICPREMIUM;ELASTICLINUX;XENON;XENONV3;WINDOWSV3;LINUXV3"}},{"id":"/subscriptions/00000000-0000-0000-0000-000000000000/providers/Microsoft.Web/geoRegions/Germany
        West Central","name":"Germany West Central","type":"Microsoft.Web/geoRegions","properties":{"name":"Germany
        West Central","description":null,"sortOrder":2147483647,"displayName":"Germany
        West Central","orgDomain":"PUBLIC;DSERIES;LINUX;LINUXDSERIES;ELASTICPREMIUM;FUNCTIONS;DYNAMIC;ELASTICLINUX;LINUXDYNAMIC;XENON;XENONV3;WINDOWSV3;LINUXV3"}},{"id":"/subscriptions/00000000-0000-0000-0000-000000000000/providers/Microsoft.Web/geoRegions/Switzerland
        West","name":"Switzerland West","type":"Microsoft.Web/geoRegions","properties":{"name":"Switzerland
        West","description":null,"sortOrder":2147483647,"displayName":"Switzerland
        West","orgDomain":"PUBLIC;DSERIES;LINUX;LINUXDSERIES;LINUXFREE;FUNCTIONS;DYNAMIC;ELASTICPREMIUM;ELASTICLINUX"}},{"id":"/subscriptions/00000000-0000-0000-0000-000000000000/providers/Microsoft.Web/geoRegions/UAE
        Central","name":"UAE Central","type":"Microsoft.Web/geoRegions","properties":{"name":"UAE
        Central","description":null,"sortOrder":2147483647,"displayName":"UAE Central","orgDomain":"PUBLIC;DSERIES;LINUX;LINUXDSERIES;LINUXFREE"}},{"id":"/subscriptions/00000000-0000-0000-0000-000000000000/providers/Microsoft.Web/geoRegions/UAE
        North","name":"UAE North","type":"Microsoft.Web/geoRegions","properties":{"name":"UAE
        North","description":null,"sortOrder":2147483647,"displayName":"UAE North","orgDomain":"PUBLIC;DSERIES;LINUX;LINUXDSERIES;LINUXFREE;FUNCTIONS;DYNAMIC;LINUXDYNAMIC;ELASTICPREMIUM;ELASTICLINUX;XENON;XENONV3;WINDOWSV3;LINUXV3"}},{"id":"/subscriptions/00000000-0000-0000-0000-000000000000/providers/Microsoft.Web/geoRegions/Norway
        West","name":"Norway West","type":"Microsoft.Web/geoRegions","properties":{"name":"Norway
        West","description":null,"sortOrder":2147483647,"displayName":"Norway West","orgDomain":"PUBLIC;DSERIES;MSFTPUBLIC;LINUX;LINUXDSERIES"}},{"id":"/subscriptions/00000000-0000-0000-0000-000000000000/providers/Microsoft.Web/geoRegions/Norway
        East","name":"Norway East","type":"Microsoft.Web/geoRegions","properties":{"name":"Norway
        East","description":null,"sortOrder":2147483647,"displayName":"Norway East","orgDomain":"PUBLIC;LINUX;LINUXDSERIES;DSERIES;ELASTICLINUX;ELASTICPREMIUM;FUNCTIONS;DYNAMIC;XENON;XENONV3;WINDOWSV3;LINUXV3"}},{"id":"/subscriptions/00000000-0000-0000-0000-000000000000/providers/Microsoft.Web/geoRegions/Brazil
        Southeast","name":"Brazil Southeast","type":"Microsoft.Web/geoRegions","properties":{"name":"Brazil
        Southeast","description":null,"sortOrder":2147483647,"displayName":"Brazil
        Southeast","orgDomain":"PUBLIC;LINUX;LINUXDSERIES;DSERIES;LINUXFREE;FUNCTIONS;DYNAMIC"}},{"id":"/subscriptions/00000000-0000-0000-0000-000000000000/providers/Microsoft.Web/geoRegions/West
        US 3","name":"West US 3","type":"Microsoft.Web/geoRegions","properties":{"name":"West
        US 3","description":null,"sortOrder":2147483647,"displayName":"West US 3","orgDomain":"PUBLIC;DSERIES;LINUX;LINUXDSERIES;XENON;XENONV3;WINDOWSV3;LINUXV3;ELASTICPREMIUM;ELASTICLINUX"}}],"nextLink":null,"id":null}'
    headers:
      cache-control:
      - no-cache
      content-length:
      - '18469'
      content-type:
      - application/json
      date:
      - Fri, 18 Jun 2021 14:49:11 GMT
      expires:
      - '-1'
      pragma:
      - no-cache
      server:
      - Microsoft-IIS/10.0
      strict-transport-security:
      - max-age=31536000; includeSubDomains
      transfer-encoding:
      - chunked
      vary:
      - Accept-Encoding
      x-aspnet-version:
      - 4.0.30319
      x-content-type-options:
      - nosniff
      x-powered-by:
      - ASP.NET
    status:
      code: 200
      message: OK
- request:
    body: null
    headers:
      Accept:
      - application/json
      Accept-Encoding:
      - gzip, deflate
      CommandName:
      - webapp up
      Connection:
      - keep-alive
      ParameterSetName:
      - -n -g --plan --runtime --sku
      User-Agent:
      - AZURECLI/2.25.0 azsdk-python-azure-mgmt-resource/18.0.0 Python/3.8.10 (Windows-10-10.0.19043-SP0)
    method: HEAD
    uri: https://management.azure.com/subscriptions/00000000-0000-0000-0000-000000000000/resourcegroups/clitest000001?api-version=2021-01-01
  response:
    body:
      string: ''
    headers:
      cache-control:
      - no-cache
      content-length:
      - '0'
      date:
      - Fri, 18 Jun 2021 14:49:12 GMT
      expires:
      - '-1'
      pragma:
      - no-cache
      strict-transport-security:
      - max-age=31536000; includeSubDomains
      x-content-type-options:
      - nosniff
    status:
      code: 204
      message: No Content
- request:
    body: null
    headers:
      Accept:
      - application/json
      Accept-Encoding:
      - gzip, deflate
      CommandName:
      - webapp up
      Connection:
      - keep-alive
      ParameterSetName:
      - -n -g --plan --runtime --sku
      User-Agent:
      - AZURECLI/2.25.0 azsdk-python-azure-mgmt-web/2.0.0 Python/3.8.10 (Windows-10-10.0.19043-SP0)
    method: GET
    uri: https://management.azure.com/subscriptions/00000000-0000-0000-0000-000000000000/resourceGroups/clitest000001/providers/Microsoft.Web/serverfarms?api-version=2020-09-01
  response:
    body:
      string: '{"value":[]}'
    headers:
      cache-control:
      - no-cache
      content-length:
      - '12'
      content-type:
      - application/json; charset=utf-8
      date:
      - Fri, 18 Jun 2021 14:49:12 GMT
      expires:
      - '-1'
      pragma:
      - no-cache
      strict-transport-security:
      - max-age=31536000; includeSubDomains
      vary:
      - Accept-Encoding
      x-content-type-options:
      - nosniff
    status:
      code: 200
      message: OK
- request:
    body: null
    headers:
      Accept:
      - application/json
      Accept-Encoding:
      - gzip, deflate
      CommandName:
      - webapp up
      Connection:
      - keep-alive
      ParameterSetName:
      - -n -g --plan --runtime --sku
      User-Agent:
      - AZURECLI/2.25.0 azsdk-python-azure-mgmt-resource/18.0.0 Python/3.8.10 (Windows-10-10.0.19043-SP0)
    method: HEAD
    uri: https://management.azure.com/subscriptions/00000000-0000-0000-0000-000000000000/resourcegroups/clitest000001?api-version=2021-01-01
  response:
    body:
      string: ''
    headers:
      cache-control:
      - no-cache
      content-length:
      - '0'
      date:
      - Fri, 18 Jun 2021 14:49:12 GMT
      expires:
      - '-1'
      pragma:
      - no-cache
      strict-transport-security:
      - max-age=31536000; includeSubDomains
      x-content-type-options:
      - nosniff
    status:
      code: 204
      message: No Content
- request:
    body: null
    headers:
      Accept:
      - application/json
      Accept-Encoding:
      - gzip, deflate
      CommandName:
      - webapp up
      Connection:
      - keep-alive
      ParameterSetName:
      - -n -g --plan --runtime --sku
      User-Agent:
      - AZURECLI/2.25.0 azsdk-python-azure-mgmt-web/2.0.0 Python/3.8.10 (Windows-10-10.0.19043-SP0)
    method: GET
    uri: https://management.azure.com/subscriptions/00000000-0000-0000-0000-000000000000/resourceGroups/clitest000001/providers/Microsoft.Web/serverfarms?api-version=2020-09-01
  response:
    body:
      string: '{"value":[]}'
    headers:
      cache-control:
      - no-cache
      content-length:
      - '12'
      content-type:
      - application/json; charset=utf-8
      date:
      - Fri, 18 Jun 2021 14:49:13 GMT
      expires:
      - '-1'
      pragma:
      - no-cache
      strict-transport-security:
      - max-age=31536000; includeSubDomains
      vary:
      - Accept-Encoding
      x-content-type-options:
      - nosniff
    status:
      code: 200
      message: OK
- request:
    body: '{"location": "centralus", "sku": {"name": "S1", "tier": "STANDARD", "capacity":
      1}, "properties": {"perSiteScaling": false, "reserved": true, "isXenon": false}}'
    headers:
      Accept:
      - application/json
      Accept-Encoding:
      - gzip, deflate
      CommandName:
      - webapp up
      Connection:
      - keep-alive
      Content-Length:
      - '160'
      Content-Type:
      - application/json
      ParameterSetName:
      - -n -g --plan --runtime --sku
      User-Agent:
      - AZURECLI/2.25.0 azsdk-python-azure-mgmt-web/2.0.0 Python/3.8.10 (Windows-10-10.0.19043-SP0)
    method: PUT
    uri: https://management.azure.com/subscriptions/00000000-0000-0000-0000-000000000000/resourceGroups/clitest000001/providers/Microsoft.Web/serverfarms/up-pythonplan000002?api-version=2020-09-01
  response:
    body:
      string: '{"id":"/subscriptions/00000000-0000-0000-0000-000000000000/resourceGroups/clitest000001/providers/Microsoft.Web/serverfarms/up-pythonplan000002","name":"up-pythonplan000002","type":"Microsoft.Web/serverfarms","kind":"linux","location":"centralus","properties":{"serverFarmId":3976,"name":"up-pythonplan000002","sku":{"name":"S1","tier":"Standard","size":"S1","family":"S","capacity":1},"workerSize":"Default","workerSizeId":0,"workerTierName":null,"numberOfWorkers":1,"currentWorkerSize":"Default","currentWorkerSizeId":0,"currentNumberOfWorkers":1,"status":"Ready","webSpace":"clitest000001-CentralUSwebspace-Linux","subscription":"a93e8c5c-63cb-4635-933f-6d166ac25187","adminSiteName":null,"hostingEnvironment":null,"hostingEnvironmentProfile":null,"maximumNumberOfWorkers":0,"planName":"VirtualDedicatedPlan","adminRuntimeSiteName":null,"computeMode":"Dedicated","siteMode":null,"geoRegion":"Central
        US","perSiteScaling":false,"elasticScaleEnabled":false,"maximumElasticWorkerCount":1,"numberOfSites":0,"hostingEnvironmentId":null,"isSpot":false,"spotExpirationTime":null,"freeOfferExpirationTime":null,"tags":null,"kind":"linux","resourceGroup":"clitest000001","reserved":true,"isXenon":false,"hyperV":false,"mdmId":"waws-prod-dm1-209_3976","targetWorkerCount":0,"targetWorkerSizeId":0,"provisioningState":"Succeeded","webSiteId":null,"existingServerFarmIds":null,"kubeEnvironmentProfile":null,"azBalancing":null},"sku":{"name":"S1","tier":"Standard","size":"S1","family":"S","capacity":1}}'
    headers:
      cache-control:
      - no-cache
      content-length:
      - '1542'
      content-type:
      - application/json
      date:
      - Fri, 18 Jun 2021 14:49:28 GMT
      etag:
      - '"1D7645122610D75"'
      expires:
      - '-1'
      pragma:
      - no-cache
      server:
      - Microsoft-IIS/10.0
      strict-transport-security:
      - max-age=31536000; includeSubDomains
      transfer-encoding:
      - chunked
      vary:
      - Accept-Encoding
      x-aspnet-version:
      - 4.0.30319
      x-content-type-options:
      - nosniff
      x-ms-ratelimit-remaining-subscription-writes:
      - '1163'
      x-powered-by:
      - ASP.NET
    status:
      code: 200
      message: OK
- request:
    body: null
    headers:
      Accept:
      - application/json
      Accept-Encoding:
      - gzip, deflate
      CommandName:
      - webapp up
      Connection:
      - keep-alive
      ParameterSetName:
      - -n -g --plan --runtime --sku
      User-Agent:
      - AZURECLI/2.25.0 azsdk-python-azure-mgmt-web/2.0.0 Python/3.8.10 (Windows-10-10.0.19043-SP0)
    method: GET
    uri: https://management.azure.com/subscriptions/00000000-0000-0000-0000-000000000000/resourceGroups/clitest000001/providers/Microsoft.Web/serverfarms/up-pythonplan000002?api-version=2020-09-01
  response:
    body:
      string: '{"id":"/subscriptions/00000000-0000-0000-0000-000000000000/resourceGroups/clitest000001/providers/Microsoft.Web/serverfarms/up-pythonplan000002","name":"up-pythonplan000002","type":"Microsoft.Web/serverfarms","kind":"linux","location":"Central
        US","properties":{"serverFarmId":3976,"name":"up-pythonplan000002","workerSize":"Default","workerSizeId":0,"workerTierName":null,"numberOfWorkers":1,"currentWorkerSize":"Default","currentWorkerSizeId":0,"currentNumberOfWorkers":1,"status":"Ready","webSpace":"clitest000001-CentralUSwebspace-Linux","subscription":"a93e8c5c-63cb-4635-933f-6d166ac25187","adminSiteName":null,"hostingEnvironment":null,"hostingEnvironmentProfile":null,"maximumNumberOfWorkers":10,"planName":"VirtualDedicatedPlan","adminRuntimeSiteName":null,"computeMode":"Dedicated","siteMode":null,"geoRegion":"Central
        US","perSiteScaling":false,"elasticScaleEnabled":false,"maximumElasticWorkerCount":1,"numberOfSites":0,"hostingEnvironmentId":null,"isSpot":false,"spotExpirationTime":null,"freeOfferExpirationTime":null,"tags":null,"kind":"linux","resourceGroup":"clitest000001","reserved":true,"isXenon":false,"hyperV":false,"mdmId":"waws-prod-dm1-209_3976","targetWorkerCount":0,"targetWorkerSizeId":0,"provisioningState":"Succeeded","webSiteId":null,"existingServerFarmIds":null,"kubeEnvironmentProfile":null,"azBalancing":null},"sku":{"name":"S1","tier":"Standard","size":"S1","family":"S","capacity":1}}'
    headers:
      cache-control:
      - no-cache
      content-length:
      - '1468'
      content-type:
      - application/json
      date:
      - Fri, 18 Jun 2021 14:49:28 GMT
      expires:
      - '-1'
      pragma:
      - no-cache
      server:
      - Microsoft-IIS/10.0
      strict-transport-security:
      - max-age=31536000; includeSubDomains
      transfer-encoding:
      - chunked
      vary:
      - Accept-Encoding
      x-aspnet-version:
      - 4.0.30319
      x-content-type-options:
      - nosniff
      x-powered-by:
      - ASP.NET
    status:
      code: 200
      message: OK
- request:
    body: '{"name": "up-pythonapp000003", "type": "Site"}'
    headers:
      Accept:
      - application/json
      Accept-Encoding:
      - gzip, deflate
      CommandName:
      - webapp up
      Connection:
      - keep-alive
      Content-Length:
      - '52'
      Content-Type:
      - application/json
      ParameterSetName:
      - -n -g --plan --runtime --sku
      User-Agent:
      - AZURECLI/2.25.0 azsdk-python-azure-mgmt-web/2.0.0 Python/3.8.10 (Windows-10-10.0.19043-SP0)
    method: POST
    uri: https://management.azure.com/subscriptions/00000000-0000-0000-0000-000000000000/providers/Microsoft.Web/checknameavailability?api-version=2020-09-01
  response:
    body:
      string: '{"nameAvailable":true,"reason":"","message":""}'
    headers:
      cache-control:
      - no-cache
      content-length:
      - '47'
      content-type:
      - application/json
      date:
      - Fri, 18 Jun 2021 14:49:30 GMT
      expires:
      - '-1'
      pragma:
      - no-cache
      server:
      - Microsoft-IIS/10.0
      strict-transport-security:
      - max-age=31536000; includeSubDomains
      transfer-encoding:
      - chunked
      vary:
      - Accept-Encoding
      x-aspnet-version:
      - 4.0.30319
      x-content-type-options:
      - nosniff
      x-powered-by:
      - ASP.NET
    status:
      code: 200
      message: OK
- request:
    body: '{"location": "Central US", "properties": {"serverFarmId": "/subscriptions/00000000-0000-0000-0000-000000000000/resourceGroups/clitest000001/providers/Microsoft.Web/serverfarms/up-pythonplan000002",
      "reserved": false, "isXenon": false, "hyperV": false, "siteConfig": {"netFrameworkVersion":
      "v4.6", "linuxFxVersion": "PYTHON|3.6", "appSettings": [{"name": "SCM_DO_BUILD_DURING_DEPLOYMENT",
      "value": "True"}], "alwaysOn": true, "localMySqlEnabled": false, "http20Enabled":
      true}, "scmSiteAlsoStopped": false, "httpsOnly": true}}'
    headers:
      Accept:
      - application/json
      Accept-Encoding:
      - gzip, deflate
      CommandName:
      - webapp up
      Connection:
      - keep-alive
      Content-Length:
      - '542'
      Content-Type:
      - application/json
      ParameterSetName:
      - -n -g --plan --runtime --sku
      User-Agent:
      - AZURECLI/2.25.0 azsdk-python-azure-mgmt-web/2.0.0 Python/3.8.10 (Windows-10-10.0.19043-SP0)
    method: PUT
    uri: https://management.azure.com/subscriptions/00000000-0000-0000-0000-000000000000/resourceGroups/clitest000001/providers/Microsoft.Web/sites/up-pythonapp000003?api-version=2020-09-01
  response:
    body:
      string: '{"id":"/subscriptions/00000000-0000-0000-0000-000000000000/resourceGroups/clitest000001/providers/Microsoft.Web/sites/up-pythonapp000003","name":"up-pythonapp000003","type":"Microsoft.Web/sites","kind":"app,linux","location":"Central
        US","properties":{"name":"up-pythonapp000003","state":"Running","hostNames":["up-pythonapp000003.azurewebsites.net"],"webSpace":"clitest000001-CentralUSwebspace-Linux","selfLink":"https://waws-prod-dm1-209.api.azurewebsites.windows.net:454/subscriptions/00000000-0000-0000-0000-000000000000/webspaces/clitest000001-CentralUSwebspace-Linux/sites/up-pythonapp000003","repositorySiteName":"up-pythonapp000003","owner":null,"usageState":"Normal","enabled":true,"adminEnabled":true,"enabledHostNames":["up-pythonapp000003.azurewebsites.net","up-pythonapp000003.scm.azurewebsites.net"],"siteProperties":{"metadata":null,"properties":[{"name":"LinuxFxVersion","value":"PYTHON|3.6"},{"name":"WindowsFxVersion","value":null}],"appSettings":null},"availabilityState":"Normal","sslCertificates":null,"csrs":[],"cers":null,"siteMode":null,"hostNameSslStates":[{"name":"up-pythonapp000003.azurewebsites.net","sslState":"Disabled","ipBasedSslResult":null,"virtualIP":null,"thumbprint":null,"toUpdate":null,"toUpdateIpBasedSsl":null,"ipBasedSslState":"NotConfigured","hostType":"Standard"},{"name":"up-pythonapp000003.scm.azurewebsites.net","sslState":"Disabled","ipBasedSslResult":null,"virtualIP":null,"thumbprint":null,"toUpdate":null,"toUpdateIpBasedSsl":null,"ipBasedSslState":"NotConfigured","hostType":"Repository"}],"computeMode":null,"serverFarm":null,"serverFarmId":"/subscriptions/00000000-0000-0000-0000-000000000000/resourceGroups/clitest000001/providers/Microsoft.Web/serverfarms/up-pythonplan000002","reserved":true,"isXenon":false,"hyperV":false,"lastModifiedTimeUtc":"2021-06-18T14:49:34.6166667","storageRecoveryDefaultState":"Running","contentAvailabilityState":"Normal","runtimeAvailabilityState":"Normal","siteConfig":{"numberOfWorkers":1,"defaultDocuments":null,"netFrameworkVersion":null,"phpVersion":null,"pythonVersion":null,"nodeVersion":null,"powerShellVersion":null,"linuxFxVersion":"","windowsFxVersion":null,"requestTracingEnabled":null,"remoteDebuggingEnabled":null,"remoteDebuggingVersion":null,"httpLoggingEnabled":null,"azureMonitorLogCategories":null,"acrUseManagedIdentityCreds":false,"acrUserManagedIdentityID":null,"logsDirectorySizeLimit":null,"detailedErrorLoggingEnabled":null,"publishingUsername":null,"publishingPassword":null,"appSettings":null,"azureStorageAccounts":null,"metadata":null,"connectionStrings":null,"machineKey":null,"handlerMappings":null,"documentRoot":null,"scmType":null,"use32BitWorkerProcess":null,"webSocketsEnabled":null,"alwaysOn":false,"javaVersion":null,"javaContainer":null,"javaContainerVersion":null,"appCommandLine":null,"managedPipelineMode":null,"virtualApplications":null,"winAuthAdminState":null,"winAuthTenantState":null,"customAppPoolIdentityAdminState":null,"customAppPoolIdentityTenantState":null,"runtimeADUser":null,"runtimeADUserPassword":null,"loadBalancing":null,"routingRules":null,"experiments":null,"limits":null,"autoHealEnabled":null,"autoHealRules":null,"tracingOptions":null,"vnetName":null,"vnetRouteAllEnabled":null,"vnetPrivatePortsCount":null,"publicNetworkAccess":null,"cors":null,"push":null,"apiDefinition":null,"apiManagementConfig":null,"autoSwapSlotName":null,"localMySqlEnabled":null,"managedServiceIdentityId":null,"xManagedServiceIdentityId":null,"keyVaultReferenceIdentity":null,"ipSecurityRestrictions":[{"ipAddress":"Any","action":"Allow","priority":1,"name":"Allow
        all","description":"Allow all access"}],"scmIpSecurityRestrictions":[{"ipAddress":"Any","action":"Allow","priority":1,"name":"Allow
        all","description":"Allow all access"}],"scmIpSecurityRestrictionsUseMain":null,"http20Enabled":false,"minTlsVersion":null,"scmMinTlsVersion":null,"ftpsState":null,"preWarmedInstanceCount":null,"functionAppScaleLimit":0,"healthCheckPath":null,"fileChangeAuditEnabled":null,"functionsRuntimeScaleMonitoringEnabled":null,"websiteTimeZone":null,"minimumElasticInstanceCount":0},"deploymentId":"up-pythonapp000003","slotName":null,"trafficManagerHostNames":null,"sku":"Standard","scmSiteAlsoStopped":false,"targetSwapSlot":null,"hostingEnvironment":null,"hostingEnvironmentProfile":null,"clientAffinityEnabled":true,"clientCertEnabled":false,"clientCertMode":"Required","clientCertExclusionPaths":null,"hostNamesDisabled":false,"domainVerificationIdentifiers":null,"customDomainVerificationId":"EDB946301F50BC2F614D3F83E47E378C1DF5268CC283DA02AC5F184DCD11C88E","kind":"app,linux","inboundIpAddress":"20.40.202.17","possibleInboundIpAddresses":"20.40.202.17","ftpUsername":"up-pythonapp000003\\$up-pythonapp000003","ftpsHostName":"ftps://waws-prod-dm1-209.ftp.azurewebsites.windows.net/site/wwwroot","outboundIpAddresses":"52.182.217.230,52.182.218.4,52.182.218.17,52.182.218.204,52.182.220.9,52.182.220.17,20.40.202.17","possibleOutboundIpAddresses":"52.182.217.230,52.182.218.4,52.182.218.17,52.182.218.204,52.182.220.9,52.182.220.17,52.182.220.23,52.182.220.29,52.182.220.56,52.182.220.93,52.182.220.97,52.182.220.104,52.182.220.171,52.182.220.191,52.182.221.16,52.182.221.25,52.182.221.60,52.182.221.97,20.40.202.17","containerSize":0,"dailyMemoryTimeQuota":0,"suspendedTill":null,"siteDisabledReason":0,"functionExecutionUnitsCache":null,"maxNumberOfWorkers":null,"homeStamp":"waws-prod-dm1-209","cloningInfo":null,"hostingEnvironmentId":null,"tags":null,"resourceGroup":"clitest000001","defaultHostName":"up-pythonapp000003.azurewebsites.net","slotSwapStatus":null,"keyVaultReferenceIdentity":"SystemAssigned","httpsOnly":true,"redundancyMode":"None","inProgressOperationId":null,"geoDistributions":null,"privateEndpointConnections":null,"buildVersion":null,"targetBuildVersion":null,"migrationState":null,"eligibleLogCategories":"AppServiceAppLogs,AppServiceAuditLogs,AppServiceConsoleLogs,AppServiceHTTPLogs,AppServiceIPSecAuditLogs,AppServicePlatformLogs,ScanLogs","storageAccountRequired":false,"virtualNetworkSubnetId":null}}'
    headers:
      cache-control:
      - no-cache
      content-length:
      - '6202'
      content-type:
      - application/json
      date:
      - Fri, 18 Jun 2021 14:49:51 GMT
      etag:
      - '"1D7645127A362EB"'
      expires:
      - '-1'
      pragma:
      - no-cache
      server:
      - Microsoft-IIS/10.0
      strict-transport-security:
      - max-age=31536000; includeSubDomains
      transfer-encoding:
      - chunked
      vary:
      - Accept-Encoding
      x-aspnet-version:
      - 4.0.30319
      x-content-type-options:
      - nosniff
      x-ms-ratelimit-remaining-subscription-resource-requests:
      - '498'
      x-powered-by:
      - ASP.NET
    status:
      code: 200
      message: OK
- request:
    body: '{"format": "WebDeploy"}'
    headers:
      Accept:
      - application/xml
      Accept-Encoding:
      - gzip, deflate
      CommandName:
      - webapp up
      Connection:
      - keep-alive
      Content-Length:
      - '23'
      Content-Type:
      - application/json
      ParameterSetName:
      - -n -g --plan --runtime --sku
      User-Agent:
      - AZURECLI/2.25.0 azsdk-python-azure-mgmt-web/2.0.0 Python/3.8.10 (Windows-10-10.0.19043-SP0)
    method: POST
    uri: https://management.azure.com/subscriptions/00000000-0000-0000-0000-000000000000/resourceGroups/clitest000001/providers/Microsoft.Web/sites/up-pythonapp000003/publishxml?api-version=2020-09-01
  response:
    body:
      string: <publishData><publishProfile profileName="up-pythonapp000003 - Web Deploy"
        publishMethod="MSDeploy" publishUrl="up-pythonapp000003.scm.azurewebsites.net:443"
        msdeploySite="up-pythonapp000003" userName="$up-pythonapp000003" userPWD="Nr2kXfblL1kuFgvHSapgPLkX0t7LCLgBiBqJAnExDkfTXv0c2m5bCk4vvzu3"
        destinationAppUrl="https://up-pythonapp000003.azurewebsites.net" SQLServerDBConnectionString=""
        mySQLDBConnectionString="" hostingProviderForumLink="" controlPanelLink="http://windows.azure.com"
        webSystem="WebSites"><databases /></publishProfile><publishProfile profileName="up-pythonapp000003
        - FTP" publishMethod="FTP" publishUrl="ftp://waws-prod-dm1-209.ftp.azurewebsites.windows.net/site/wwwroot"
        ftpPassiveMode="True" userName="up-pythonapp000003\$up-pythonapp000003" userPWD="Nr2kXfblL1kuFgvHSapgPLkX0t7LCLgBiBqJAnExDkfTXv0c2m5bCk4vvzu3"
        destinationAppUrl="https://up-pythonapp000003.azurewebsites.net" SQLServerDBConnectionString=""
        mySQLDBConnectionString="" hostingProviderForumLink="" controlPanelLink="http://windows.azure.com"
        webSystem="WebSites"><databases /></publishProfile><publishProfile profileName="up-pythonapp000003
        - Zip Deploy" publishMethod="ZipDeploy" publishUrl="up-pythonapp000003.scm.azurewebsites.net:443"
        userName="$up-pythonapp000003" userPWD="Nr2kXfblL1kuFgvHSapgPLkX0t7LCLgBiBqJAnExDkfTXv0c2m5bCk4vvzu3"
        destinationAppUrl="https://up-pythonapp000003.azurewebsites.net" SQLServerDBConnectionString=""
        mySQLDBConnectionString="" hostingProviderForumLink="" controlPanelLink="http://windows.azure.com"
        webSystem="WebSites"><databases /></publishProfile></publishData>
    headers:
      cache-control:
      - no-cache
      content-length:
      - '1670'
      content-type:
      - application/xml
      date:
      - Fri, 18 Jun 2021 14:49:53 GMT
      expires:
      - '-1'
      pragma:
      - no-cache
      server:
      - Microsoft-IIS/10.0
      strict-transport-security:
      - max-age=31536000; includeSubDomains
      x-aspnet-version:
      - 4.0.30319
      x-content-type-options:
      - nosniff
      x-ms-ratelimit-remaining-subscription-resource-requests:
      - '11991'
      x-powered-by:
      - ASP.NET
    status:
      code: 200
      message: OK
- request:
    body: null
    headers:
      Accept:
      - application/json
      Accept-Encoding:
      - gzip, deflate
      CommandName:
      - webapp up
      Connection:
      - keep-alive
      ParameterSetName:
      - -n -g --plan --runtime --sku
      User-Agent:
      - AZURECLI/2.25.0 azsdk-python-azure-mgmt-web/2.0.0 Python/3.8.10 (Windows-10-10.0.19043-SP0)
    method: GET
    uri: https://management.azure.com/subscriptions/00000000-0000-0000-0000-000000000000/resourceGroups/clitest000001/providers/Microsoft.Web/sites/up-pythonapp000003?api-version=2020-09-01
  response:
    body:
      string: '{"id":"/subscriptions/00000000-0000-0000-0000-000000000000/resourceGroups/clitest000001/providers/Microsoft.Web/sites/up-pythonapp000003","name":"up-pythonapp000003","type":"Microsoft.Web/sites","kind":"app,linux","location":"Central
        US","properties":{"name":"up-pythonapp000003","state":"Running","hostNames":["up-pythonapp000003.azurewebsites.net"],"webSpace":"clitest000001-CentralUSwebspace-Linux","selfLink":"https://waws-prod-dm1-209.api.azurewebsites.windows.net:454/subscriptions/00000000-0000-0000-0000-000000000000/webspaces/clitest000001-CentralUSwebspace-Linux/sites/up-pythonapp000003","repositorySiteName":"up-pythonapp000003","owner":null,"usageState":"Normal","enabled":true,"adminEnabled":true,"enabledHostNames":["up-pythonapp000003.azurewebsites.net","up-pythonapp000003.scm.azurewebsites.net"],"siteProperties":{"metadata":null,"properties":[{"name":"LinuxFxVersion","value":"PYTHON|3.6"},{"name":"WindowsFxVersion","value":null}],"appSettings":null},"availabilityState":"Normal","sslCertificates":null,"csrs":[],"cers":null,"siteMode":null,"hostNameSslStates":[{"name":"up-pythonapp000003.azurewebsites.net","sslState":"Disabled","ipBasedSslResult":null,"virtualIP":null,"thumbprint":null,"toUpdate":null,"toUpdateIpBasedSsl":null,"ipBasedSslState":"NotConfigured","hostType":"Standard"},{"name":"up-pythonapp000003.scm.azurewebsites.net","sslState":"Disabled","ipBasedSslResult":null,"virtualIP":null,"thumbprint":null,"toUpdate":null,"toUpdateIpBasedSsl":null,"ipBasedSslState":"NotConfigured","hostType":"Repository"}],"computeMode":null,"serverFarm":null,"serverFarmId":"/subscriptions/00000000-0000-0000-0000-000000000000/resourceGroups/clitest000001/providers/Microsoft.Web/serverfarms/up-pythonplan000002","reserved":true,"isXenon":false,"hyperV":false,"lastModifiedTimeUtc":"2021-06-18T14:49:35.0866667","storageRecoveryDefaultState":"Running","contentAvailabilityState":"Normal","runtimeAvailabilityState":"Normal","siteConfig":{"numberOfWorkers":1,"defaultDocuments":null,"netFrameworkVersion":null,"phpVersion":null,"pythonVersion":null,"nodeVersion":null,"powerShellVersion":null,"linuxFxVersion":"PYTHON|3.6","windowsFxVersion":null,"requestTracingEnabled":null,"remoteDebuggingEnabled":null,"remoteDebuggingVersion":null,"httpLoggingEnabled":null,"azureMonitorLogCategories":null,"acrUseManagedIdentityCreds":false,"acrUserManagedIdentityID":null,"logsDirectorySizeLimit":null,"detailedErrorLoggingEnabled":null,"publishingUsername":null,"publishingPassword":null,"appSettings":null,"azureStorageAccounts":null,"metadata":null,"connectionStrings":null,"machineKey":null,"handlerMappings":null,"documentRoot":null,"scmType":null,"use32BitWorkerProcess":null,"webSocketsEnabled":null,"alwaysOn":true,"javaVersion":null,"javaContainer":null,"javaContainerVersion":null,"appCommandLine":null,"managedPipelineMode":null,"virtualApplications":null,"winAuthAdminState":null,"winAuthTenantState":null,"customAppPoolIdentityAdminState":null,"customAppPoolIdentityTenantState":null,"runtimeADUser":null,"runtimeADUserPassword":null,"loadBalancing":null,"routingRules":null,"experiments":null,"limits":null,"autoHealEnabled":null,"autoHealRules":null,"tracingOptions":null,"vnetName":null,"vnetRouteAllEnabled":null,"vnetPrivatePortsCount":null,"publicNetworkAccess":null,"cors":null,"push":null,"apiDefinition":null,"apiManagementConfig":null,"autoSwapSlotName":null,"localMySqlEnabled":null,"managedServiceIdentityId":null,"xManagedServiceIdentityId":null,"keyVaultReferenceIdentity":null,"ipSecurityRestrictions":null,"scmIpSecurityRestrictions":null,"scmIpSecurityRestrictionsUseMain":null,"http20Enabled":true,"minTlsVersion":null,"scmMinTlsVersion":null,"ftpsState":null,"preWarmedInstanceCount":null,"functionAppScaleLimit":0,"healthCheckPath":null,"fileChangeAuditEnabled":null,"functionsRuntimeScaleMonitoringEnabled":null,"websiteTimeZone":null,"minimumElasticInstanceCount":0},"deploymentId":"up-pythonapp000003","slotName":null,"trafficManagerHostNames":null,"sku":"Standard","scmSiteAlsoStopped":false,"targetSwapSlot":null,"hostingEnvironment":null,"hostingEnvironmentProfile":null,"clientAffinityEnabled":true,"clientCertEnabled":false,"clientCertMode":"Required","clientCertExclusionPaths":null,"hostNamesDisabled":false,"domainVerificationIdentifiers":null,"customDomainVerificationId":"EDB946301F50BC2F614D3F83E47E378C1DF5268CC283DA02AC5F184DCD11C88E","kind":"app,linux","inboundIpAddress":"20.40.202.17","possibleInboundIpAddresses":"20.40.202.17","ftpUsername":"up-pythonapp000003\\$up-pythonapp000003","ftpsHostName":"ftps://waws-prod-dm1-209.ftp.azurewebsites.windows.net/site/wwwroot","outboundIpAddresses":"52.182.217.230,52.182.218.4,52.182.218.17,52.182.218.204,52.182.220.9,52.182.220.17,20.40.202.17","possibleOutboundIpAddresses":"52.182.217.230,52.182.218.4,52.182.218.17,52.182.218.204,52.182.220.9,52.182.220.17,52.182.220.23,52.182.220.29,52.182.220.56,52.182.220.93,52.182.220.97,52.182.220.104,52.182.220.171,52.182.220.191,52.182.221.16,52.182.221.25,52.182.221.60,52.182.221.97,20.40.202.17","containerSize":0,"dailyMemoryTimeQuota":0,"suspendedTill":null,"siteDisabledReason":0,"functionExecutionUnitsCache":null,"maxNumberOfWorkers":null,"homeStamp":"waws-prod-dm1-209","cloningInfo":null,"hostingEnvironmentId":null,"tags":null,"resourceGroup":"clitest000001","defaultHostName":"up-pythonapp000003.azurewebsites.net","slotSwapStatus":null,"keyVaultReferenceIdentity":"SystemAssigned","httpsOnly":true,"redundancyMode":"None","inProgressOperationId":null,"geoDistributions":null,"privateEndpointConnections":[],"buildVersion":null,"targetBuildVersion":null,"migrationState":null,"eligibleLogCategories":"AppServiceAppLogs,AppServiceAuditLogs,AppServiceConsoleLogs,AppServiceHTTPLogs,AppServiceIPSecAuditLogs,AppServicePlatformLogs,ScanLogs","storageAccountRequired":false,"virtualNetworkSubnetId":null}}'
    headers:
      cache-control:
      - no-cache
      content-length:
      - '6010'
      content-type:
      - application/json
      date:
      - Fri, 18 Jun 2021 14:49:53 GMT
      etag:
      - '"1D7645127A362EB"'
      expires:
      - '-1'
      pragma:
      - no-cache
      server:
      - Microsoft-IIS/10.0
      strict-transport-security:
      - max-age=31536000; includeSubDomains
      transfer-encoding:
      - chunked
      vary:
      - Accept-Encoding
      x-aspnet-version:
      - 4.0.30319
      x-content-type-options:
      - nosniff
      x-powered-by:
      - ASP.NET
    status:
      code: 200
      message: OK
- request:
    body: '{"properties": {"applicationLogs": {}, "httpLogs": {"fileSystem": {"retentionInMb":
      100, "retentionInDays": 3, "enabled": true}}}}'
    headers:
      Accept:
      - application/json
      Accept-Encoding:
      - gzip, deflate
      CommandName:
      - webapp up
      Connection:
      - keep-alive
      Content-Length:
      - '130'
      Content-Type:
      - application/json
      ParameterSetName:
      - -n -g --plan --runtime --sku
      User-Agent:
      - AZURECLI/2.25.0 azsdk-python-azure-mgmt-web/2.0.0 Python/3.8.10 (Windows-10-10.0.19043-SP0)
    method: PUT
    uri: https://management.azure.com/subscriptions/00000000-0000-0000-0000-000000000000/resourceGroups/clitest000001/providers/Microsoft.Web/sites/up-pythonapp000003/config/logs?api-version=2020-09-01
  response:
    body:
      string: '{"id":"/subscriptions/00000000-0000-0000-0000-000000000000/resourceGroups/clitest000001/providers/Microsoft.Web/sites/up-pythonapp000003/config/logs","name":"logs","type":"Microsoft.Web/sites/config","location":"Central
        US","properties":{"applicationLogs":{"fileSystem":{"level":"Off"},"azureTableStorage":{"level":"Off","sasUrl":null},"azureBlobStorage":{"level":"Off","sasUrl":null,"retentionInDays":null}},"httpLogs":{"fileSystem":{"retentionInMb":100,"retentionInDays":3,"enabled":true},"azureBlobStorage":{"sasUrl":null,"retentionInDays":3,"enabled":false}},"failedRequestsTracing":{"enabled":false},"detailedErrorMessages":{"enabled":false}}}'
    headers:
      cache-control:
      - no-cache
      content-length:
      - '665'
      content-type:
      - application/json
      date:
      - Fri, 18 Jun 2021 14:49:56 GMT
      etag:
      - '"1D76451343472A0"'
      expires:
      - '-1'
      pragma:
      - no-cache
      server:
      - Microsoft-IIS/10.0
      strict-transport-security:
      - max-age=31536000; includeSubDomains
      transfer-encoding:
      - chunked
      vary:
      - Accept-Encoding
      x-aspnet-version:
      - 4.0.30319
      x-content-type-options:
      - nosniff
      x-ms-ratelimit-remaining-subscription-writes:
      - '1167'
      x-powered-by:
      - ASP.NET
    status:
      code: 200
      message: OK
- request:
    body: null
    headers:
      Accept:
      - application/json
      Accept-Encoding:
      - gzip, deflate
      CommandName:
      - webapp up
      Connection:
      - keep-alive
      Content-Length:
      - '0'
      ParameterSetName:
      - -n -g --plan --runtime --sku
      User-Agent:
      - AZURECLI/2.25.0 azsdk-python-azure-mgmt-web/2.0.0 Python/3.8.10 (Windows-10-10.0.19043-SP0)
    method: POST
    uri: https://management.azure.com/subscriptions/00000000-0000-0000-0000-000000000000/resourceGroups/clitest000001/providers/Microsoft.Web/sites/up-pythonapp000003/config/publishingcredentials/list?api-version=2020-09-01
  response:
    body:
      string: '{"id":"/subscriptions/00000000-0000-0000-0000-000000000000/resourceGroups/clitest000001/providers/Microsoft.Web/sites/up-pythonapp000003/publishingcredentials/$up-pythonapp000003","name":"up-pythonapp000003","type":"Microsoft.Web/sites/publishingcredentials","location":"Central
        US","properties":{"name":null,"publishingUserName":"$up-pythonapp000003","publishingPassword":"Nr2kXfblL1kuFgvHSapgPLkX0t7LCLgBiBqJAnExDkfTXv0c2m5bCk4vvzu3","publishingPasswordHash":null,"publishingPasswordHashSalt":null,"metadata":null,"isDeleted":false,"scmUri":"https://$up-pythonapp000003:Nr2kXfblL1kuFgvHSapgPLkX0t7LCLgBiBqJAnExDkfTXv0c2m5bCk4vvzu3@up-pythonapp000003.scm.azurewebsites.net"}}'
    headers:
      cache-control:
      - no-cache
      content-length:
      - '723'
      content-type:
      - application/json
      date:
      - Fri, 18 Jun 2021 14:49:57 GMT
      expires:
      - '-1'
      pragma:
      - no-cache
      server:
      - Microsoft-IIS/10.0
      strict-transport-security:
      - max-age=31536000; includeSubDomains
      transfer-encoding:
      - chunked
      vary:
      - Accept-Encoding
      x-aspnet-version:
      - 4.0.30319
      x-content-type-options:
      - nosniff
      x-ms-ratelimit-remaining-subscription-resource-requests:
      - '11992'
      x-powered-by:
      - ASP.NET
    status:
      code: 200
      message: OK
- request:
    body: null
    headers:
      Accept:
      - application/json
      Accept-Encoding:
      - gzip, deflate
      CommandName:
      - webapp up
      Connection:
      - keep-alive
      ParameterSetName:
      - -n -g --plan --runtime --sku
      User-Agent:
      - AZURECLI/2.25.0 azsdk-python-azure-mgmt-web/2.0.0 Python/3.8.10 (Windows-10-10.0.19043-SP0)
    method: GET
    uri: https://management.azure.com/subscriptions/00000000-0000-0000-0000-000000000000/resourceGroups/clitest000001/providers/Microsoft.Web/sites/up-pythonapp000003?api-version=2020-09-01
  response:
    body:
      string: '{"id":"/subscriptions/00000000-0000-0000-0000-000000000000/resourceGroups/clitest000001/providers/Microsoft.Web/sites/up-pythonapp000003","name":"up-pythonapp000003","type":"Microsoft.Web/sites","kind":"app,linux","location":"Central
        US","properties":{"name":"up-pythonapp000003","state":"Running","hostNames":["up-pythonapp000003.azurewebsites.net"],"webSpace":"clitest000001-CentralUSwebspace-Linux","selfLink":"https://waws-prod-dm1-209.api.azurewebsites.windows.net:454/subscriptions/00000000-0000-0000-0000-000000000000/webspaces/clitest000001-CentralUSwebspace-Linux/sites/up-pythonapp000003","repositorySiteName":"up-pythonapp000003","owner":null,"usageState":"Normal","enabled":true,"adminEnabled":true,"enabledHostNames":["up-pythonapp000003.azurewebsites.net","up-pythonapp000003.scm.azurewebsites.net"],"siteProperties":{"metadata":null,"properties":[{"name":"LinuxFxVersion","value":"PYTHON|3.6"},{"name":"WindowsFxVersion","value":null}],"appSettings":null},"availabilityState":"Normal","sslCertificates":null,"csrs":[],"cers":null,"siteMode":null,"hostNameSslStates":[{"name":"up-pythonapp000003.azurewebsites.net","sslState":"Disabled","ipBasedSslResult":null,"virtualIP":null,"thumbprint":null,"toUpdate":null,"toUpdateIpBasedSsl":null,"ipBasedSslState":"NotConfigured","hostType":"Standard"},{"name":"up-pythonapp000003.scm.azurewebsites.net","sslState":"Disabled","ipBasedSslResult":null,"virtualIP":null,"thumbprint":null,"toUpdate":null,"toUpdateIpBasedSsl":null,"ipBasedSslState":"NotConfigured","hostType":"Repository"}],"computeMode":null,"serverFarm":null,"serverFarmId":"/subscriptions/00000000-0000-0000-0000-000000000000/resourceGroups/clitest000001/providers/Microsoft.Web/serverfarms/up-pythonplan000002","reserved":true,"isXenon":false,"hyperV":false,"lastModifiedTimeUtc":"2021-06-18T14:49:56.17","storageRecoveryDefaultState":"Running","contentAvailabilityState":"Normal","runtimeAvailabilityState":"Normal","siteConfig":{"numberOfWorkers":1,"defaultDocuments":null,"netFrameworkVersion":null,"phpVersion":null,"pythonVersion":null,"nodeVersion":null,"powerShellVersion":null,"linuxFxVersion":"PYTHON|3.6","windowsFxVersion":null,"requestTracingEnabled":null,"remoteDebuggingEnabled":null,"remoteDebuggingVersion":null,"httpLoggingEnabled":null,"azureMonitorLogCategories":null,"acrUseManagedIdentityCreds":false,"acrUserManagedIdentityID":null,"logsDirectorySizeLimit":null,"detailedErrorLoggingEnabled":null,"publishingUsername":null,"publishingPassword":null,"appSettings":null,"azureStorageAccounts":null,"metadata":null,"connectionStrings":null,"machineKey":null,"handlerMappings":null,"documentRoot":null,"scmType":null,"use32BitWorkerProcess":null,"webSocketsEnabled":null,"alwaysOn":true,"javaVersion":null,"javaContainer":null,"javaContainerVersion":null,"appCommandLine":null,"managedPipelineMode":null,"virtualApplications":null,"winAuthAdminState":null,"winAuthTenantState":null,"customAppPoolIdentityAdminState":null,"customAppPoolIdentityTenantState":null,"runtimeADUser":null,"runtimeADUserPassword":null,"loadBalancing":null,"routingRules":null,"experiments":null,"limits":null,"autoHealEnabled":null,"autoHealRules":null,"tracingOptions":null,"vnetName":null,"vnetRouteAllEnabled":null,"vnetPrivatePortsCount":null,"publicNetworkAccess":null,"cors":null,"push":null,"apiDefinition":null,"apiManagementConfig":null,"autoSwapSlotName":null,"localMySqlEnabled":null,"managedServiceIdentityId":null,"xManagedServiceIdentityId":null,"keyVaultReferenceIdentity":null,"ipSecurityRestrictions":null,"scmIpSecurityRestrictions":null,"scmIpSecurityRestrictionsUseMain":null,"http20Enabled":true,"minTlsVersion":null,"scmMinTlsVersion":null,"ftpsState":null,"preWarmedInstanceCount":null,"functionAppScaleLimit":0,"healthCheckPath":null,"fileChangeAuditEnabled":null,"functionsRuntimeScaleMonitoringEnabled":null,"websiteTimeZone":null,"minimumElasticInstanceCount":0},"deploymentId":"up-pythonapp000003","slotName":null,"trafficManagerHostNames":null,"sku":"Standard","scmSiteAlsoStopped":false,"targetSwapSlot":null,"hostingEnvironment":null,"hostingEnvironmentProfile":null,"clientAffinityEnabled":true,"clientCertEnabled":false,"clientCertMode":"Required","clientCertExclusionPaths":null,"hostNamesDisabled":false,"domainVerificationIdentifiers":null,"customDomainVerificationId":"EDB946301F50BC2F614D3F83E47E378C1DF5268CC283DA02AC5F184DCD11C88E","kind":"app,linux","inboundIpAddress":"20.40.202.17","possibleInboundIpAddresses":"20.40.202.17","ftpUsername":"up-pythonapp000003\\$up-pythonapp000003","ftpsHostName":"ftps://waws-prod-dm1-209.ftp.azurewebsites.windows.net/site/wwwroot","outboundIpAddresses":"52.182.217.230,52.182.218.4,52.182.218.17,52.182.218.204,52.182.220.9,52.182.220.17,20.40.202.17","possibleOutboundIpAddresses":"52.182.217.230,52.182.218.4,52.182.218.17,52.182.218.204,52.182.220.9,52.182.220.17,52.182.220.23,52.182.220.29,52.182.220.56,52.182.220.93,52.182.220.97,52.182.220.104,52.182.220.171,52.182.220.191,52.182.221.16,52.182.221.25,52.182.221.60,52.182.221.97,20.40.202.17","containerSize":0,"dailyMemoryTimeQuota":0,"suspendedTill":null,"siteDisabledReason":0,"functionExecutionUnitsCache":null,"maxNumberOfWorkers":null,"homeStamp":"waws-prod-dm1-209","cloningInfo":null,"hostingEnvironmentId":null,"tags":null,"resourceGroup":"clitest000001","defaultHostName":"up-pythonapp000003.azurewebsites.net","slotSwapStatus":null,"keyVaultReferenceIdentity":"SystemAssigned","httpsOnly":true,"redundancyMode":"None","inProgressOperationId":null,"geoDistributions":null,"privateEndpointConnections":[],"buildVersion":null,"targetBuildVersion":null,"migrationState":null,"eligibleLogCategories":"AppServiceAppLogs,AppServiceAuditLogs,AppServiceConsoleLogs,AppServiceHTTPLogs,AppServiceIPSecAuditLogs,AppServicePlatformLogs,ScanLogs","storageAccountRequired":false,"virtualNetworkSubnetId":null}}'
    headers:
      cache-control:
      - no-cache
      content-length:
      - '6005'
      content-type:
      - application/json
      date:
      - Fri, 18 Jun 2021 14:49:57 GMT
      etag:
      - '"1D76451343472A0"'
      expires:
      - '-1'
      pragma:
      - no-cache
      server:
      - Microsoft-IIS/10.0
      strict-transport-security:
      - max-age=31536000; includeSubDomains
      transfer-encoding:
      - chunked
      vary:
      - Accept-Encoding
      x-aspnet-version:
      - 4.0.30319
      x-content-type-options:
      - nosniff
      x-powered-by:
      - ASP.NET
    status:
      code: 200
      message: OK
- request:
    body: null
    headers:
      Accept:
      - application/json
      Accept-Encoding:
      - gzip, deflate
      CommandName:
      - webapp up
      Connection:
      - keep-alive
      ParameterSetName:
      - -n -g --plan --runtime --sku
      User-Agent:
      - AZURECLI/2.25.0 azsdk-python-azure-mgmt-web/2.0.0 Python/3.8.10 (Windows-10-10.0.19043-SP0)
    method: GET
    uri: https://management.azure.com/subscriptions/00000000-0000-0000-0000-000000000000/resourceGroups/clitest000001/providers/Microsoft.Web/sites/up-pythonapp000003/config/web?api-version=2020-09-01
  response:
    body:
      string: '{"id":"/subscriptions/00000000-0000-0000-0000-000000000000/resourceGroups/clitest000001/providers/Microsoft.Web/sites/up-pythonapp000003/config/web","name":"up-pythonapp000003","type":"Microsoft.Web/sites/config","location":"Central
        US","properties":{"numberOfWorkers":1,"defaultDocuments":["Default.htm","Default.html","Default.asp","index.htm","index.html","iisstart.htm","default.aspx","index.php","hostingstart.html"],"netFrameworkVersion":"v4.0","phpVersion":"","pythonVersion":"","nodeVersion":"","powerShellVersion":"","linuxFxVersion":"PYTHON|3.6","windowsFxVersion":null,"requestTracingEnabled":false,"remoteDebuggingEnabled":false,"remoteDebuggingVersion":null,"httpLoggingEnabled":true,"azureMonitorLogCategories":null,"acrUseManagedIdentityCreds":false,"acrUserManagedIdentityID":null,"logsDirectorySizeLimit":100,"detailedErrorLoggingEnabled":false,"publishingUsername":"$up-pythonapp000003","publishingPassword":null,"appSettings":null,"azureStorageAccounts":{},"metadata":null,"connectionStrings":null,"machineKey":null,"handlerMappings":null,"documentRoot":null,"scmType":"None","use32BitWorkerProcess":true,"webSocketsEnabled":false,"alwaysOn":true,"javaVersion":null,"javaContainer":null,"javaContainerVersion":null,"appCommandLine":"","managedPipelineMode":"Integrated","virtualApplications":[{"virtualPath":"/","physicalPath":"site\\wwwroot","preloadEnabled":true,"virtualDirectories":null}],"winAuthAdminState":0,"winAuthTenantState":0,"customAppPoolIdentityAdminState":false,"customAppPoolIdentityTenantState":false,"runtimeADUser":null,"runtimeADUserPassword":null,"loadBalancing":"LeastRequests","routingRules":[],"experiments":{"rampUpRules":[]},"limits":null,"autoHealEnabled":false,"autoHealRules":null,"tracingOptions":null,"vnetName":"","vnetRouteAllEnabled":false,"vnetPrivatePortsCount":0,"publicNetworkAccess":null,"siteAuthEnabled":false,"siteAuthSettings":{"enabled":null,"configVersion":null,"unauthenticatedClientAction":null,"tokenStoreEnabled":null,"allowedExternalRedirectUrls":null,"defaultProvider":null,"clientId":null,"clientSecret":null,"clientSecretSettingName":null,"clientSecretCertificateThumbprint":null,"issuer":null,"allowedAudiences":null,"additionalLoginParams":null,"isAadAutoProvisioned":false,"aadClaimsAuthorization":null,"googleClientId":null,"googleClientSecret":null,"googleClientSecretSettingName":null,"googleOAuthScopes":null,"facebookAppId":null,"facebookAppSecret":null,"facebookAppSecretSettingName":null,"facebookOAuthScopes":null,"gitHubClientId":null,"gitHubClientSecret":null,"gitHubClientSecretSettingName":null,"gitHubOAuthScopes":null,"twitterConsumerKey":null,"twitterConsumerSecret":null,"twitterConsumerSecretSettingName":null,"microsoftAccountClientId":null,"microsoftAccountClientSecret":null,"microsoftAccountClientSecretSettingName":null,"microsoftAccountOAuthScopes":null},"cors":null,"push":null,"apiDefinition":null,"apiManagementConfig":null,"autoSwapSlotName":null,"localMySqlEnabled":false,"managedServiceIdentityId":null,"xManagedServiceIdentityId":null,"keyVaultReferenceIdentity":null,"ipSecurityRestrictions":[{"ipAddress":"Any","action":"Allow","priority":1,"name":"Allow
        all","description":"Allow all access"}],"scmIpSecurityRestrictions":[{"ipAddress":"Any","action":"Allow","priority":1,"name":"Allow
        all","description":"Allow all access"}],"scmIpSecurityRestrictionsUseMain":false,"http20Enabled":true,"minTlsVersion":"1.2","scmMinTlsVersion":"1.0","ftpsState":"AllAllowed","preWarmedInstanceCount":0,"functionAppScaleLimit":0,"healthCheckPath":null,"fileChangeAuditEnabled":false,"functionsRuntimeScaleMonitoringEnabled":false,"websiteTimeZone":null,"minimumElasticInstanceCount":0}}'
    headers:
      cache-control:
      - no-cache
      content-length:
      - '3708'
      content-type:
      - application/json
      date:
      - Fri, 18 Jun 2021 14:49:58 GMT
      expires:
      - '-1'
      pragma:
      - no-cache
      server:
      - Microsoft-IIS/10.0
      strict-transport-security:
      - max-age=31536000; includeSubDomains
      transfer-encoding:
      - chunked
      vary:
      - Accept-Encoding
      x-aspnet-version:
      - 4.0.30319
      x-content-type-options:
      - nosniff
      x-powered-by:
      - ASP.NET
    status:
      code: 200
      message: OK
- request:
    body: '{"format": "WebDeploy"}'
    headers:
      Accept:
      - application/xml
      Accept-Encoding:
      - gzip, deflate
      CommandName:
      - webapp up
      Connection:
      - keep-alive
      Content-Length:
      - '23'
      Content-Type:
      - application/json
      ParameterSetName:
      - -n -g --plan --runtime --sku
      User-Agent:
      - AZURECLI/2.25.0 azsdk-python-azure-mgmt-web/2.0.0 Python/3.8.10 (Windows-10-10.0.19043-SP0)
    method: POST
    uri: https://management.azure.com/subscriptions/00000000-0000-0000-0000-000000000000/resourceGroups/clitest000001/providers/Microsoft.Web/sites/up-pythonapp000003/publishxml?api-version=2020-09-01
  response:
    body:
      string: <publishData><publishProfile profileName="up-pythonapp000003 - Web Deploy"
        publishMethod="MSDeploy" publishUrl="up-pythonapp000003.scm.azurewebsites.net:443"
        msdeploySite="up-pythonapp000003" userName="$up-pythonapp000003" userPWD="Nr2kXfblL1kuFgvHSapgPLkX0t7LCLgBiBqJAnExDkfTXv0c2m5bCk4vvzu3"
        destinationAppUrl="https://up-pythonapp000003.azurewebsites.net" SQLServerDBConnectionString=""
        mySQLDBConnectionString="" hostingProviderForumLink="" controlPanelLink="http://windows.azure.com"
        webSystem="WebSites"><databases /></publishProfile><publishProfile profileName="up-pythonapp000003
        - FTP" publishMethod="FTP" publishUrl="ftp://waws-prod-dm1-209.ftp.azurewebsites.windows.net/site/wwwroot"
        ftpPassiveMode="True" userName="up-pythonapp000003\$up-pythonapp000003" userPWD="Nr2kXfblL1kuFgvHSapgPLkX0t7LCLgBiBqJAnExDkfTXv0c2m5bCk4vvzu3"
        destinationAppUrl="https://up-pythonapp000003.azurewebsites.net" SQLServerDBConnectionString=""
        mySQLDBConnectionString="" hostingProviderForumLink="" controlPanelLink="http://windows.azure.com"
        webSystem="WebSites"><databases /></publishProfile><publishProfile profileName="up-pythonapp000003
        - Zip Deploy" publishMethod="ZipDeploy" publishUrl="up-pythonapp000003.scm.azurewebsites.net:443"
        userName="$up-pythonapp000003" userPWD="Nr2kXfblL1kuFgvHSapgPLkX0t7LCLgBiBqJAnExDkfTXv0c2m5bCk4vvzu3"
        destinationAppUrl="https://up-pythonapp000003.azurewebsites.net" SQLServerDBConnectionString=""
        mySQLDBConnectionString="" hostingProviderForumLink="" controlPanelLink="http://windows.azure.com"
        webSystem="WebSites"><databases /></publishProfile></publishData>
    headers:
      cache-control:
      - no-cache
      content-length:
      - '1670'
      content-type:
      - application/xml
      date:
      - Fri, 18 Jun 2021 14:50:00 GMT
      expires:
      - '-1'
      pragma:
      - no-cache
      server:
      - Microsoft-IIS/10.0
      strict-transport-security:
      - max-age=31536000; includeSubDomains
      x-aspnet-version:
      - 4.0.30319
      x-content-type-options:
      - nosniff
      x-ms-ratelimit-remaining-subscription-resource-requests:
      - '11991'
      x-powered-by:
      - ASP.NET
    status:
      code: 200
      message: OK
- request:
    body: !!binary |
      UEsDBBQAAAAIACK20lJbwg3ocwIAAJoEAAAKAAAALmdpdGlnbm9yZW1UTWvcMBC9G/wfBOkpxN5L
      6aHHNC0EQghNk0spiyyPbWVtjZBmnVV/fWckb5pCL5Zm3nzPky/UdSJoDC7eztCrnUJPdrG/8/3m
      7k4NrI91td/7ZLSZYL/f1dVl69NPg/0vvn7wqTWzjmxUVxfqi4ITgYsWXRTDiEV/YyMF2x2JAQ7t
      tTno0bqxrtqHRBO6ugK3cuzuaOeezx5WmNE3MI5RRPaXA1/djLoX1Ya02znbrnw/feTT60CijZvj
      qkMunI0b6wYUR+si6Zn7bs0wbmCp9iHdblgQUT3FIwtJ0QQRykyUDqBegyXuVnVJaeVzHyqaYD2p
      IeDCSoLFz5ogh+lgQPZ6F13ldqME5sHBlYqoNIuorHsBQ6pn3x0yHJSUHfkrILVS76KdHSBSHrQH
      U4r/G3zGkZfgrW/41tKJitDDDLx1mmxsehs4DYZUYPF/cpa47ki8J4MrBD2CCuCRJ1pXEy0za2V+
      hCc5zjbvru2lCMKXunIYQaLF9rTMdfVmkqXLqyyz9ZS8tBmtbE3K+BG0izy6M5MWzMTDrcqbF+1G
      VJGOw/BZEG6R149Gz3tOSMytyDQtxt+YoIc327x3Z0CKf4WOuQsUm61cMX80Qfv0Zt/GLG+Yn6w7
      qR7NcQFHuT7hpYm7/Zm7hULXIklvpMMItOlvC93VPRJ0iAfhoU+u23N2c/DI+92ekk/8IhguvGp4
      TDHnEszwCkNiQmliwk3QH+fCSx5whgRpzkjx6TljDpi/olltICZ2ltfy/L7eP8tYNqk0nLgL5QNm
      Qp5nK2PJyAYU4+/o4X+mgfX/GD5beVLqkY69RfUFe6HPGvmnAjnvH1BLAwQUAAAACAAittJSjGpL
      gWAAAABtAAAABgAAAGFwcC5weSWJsQqFMAwA90D+IXaqILoLwpse/oFjKZii2JoS6/9b8ba7CyqJ
      QvTXQXvKooX+ryD4nGn6xDp3+sTOtQgIv3p6lbuwNYOpaeVAG8coth0RqKJcbj3JzG/taBGNa2MQ
      HlBLAwQUAAAACAAittJSQcF3To8CAACfBAAABwAAAExJQ0VOU0VdU81u4jAQvlfqO4w4tVLUve/N
      BFOsTeLIMe1yDIkhXoUY2aaob78zSaBqJSTk8Xx/Mw4AQC40ZLYxQzCPD48PWIHUnT+9PXYRnppn
      yG3jXXCHiHV/dr6O1g0vwPoexqYA3gTjP0z7ciMojT/ZELAPbIDOeLP/hKOvh2jaBA7eGHAHaLra
      H00C0UE9fMLZ+IAAt4+1HexwhBoaNDIxYnvskIt8XGtvENFCHYJrbI2k0LrmcjJDHM3BwfYmwFPs
      DCyqGbF4HpVaU/cTpR2AGm73cLWxc5dIaaK3DREl2NT0l5bc3K57e7KzDMGnEUyMSH8JGIhsJ3By
      rT3QvxlTni/73oYugdYS//4SsRioOM4+oUS/nIdg+tkg0liMMUb/8jk2ktSZhhznsQWqXDt3+p7J
      zs4OFz+guBmBrcMxjtr/TBOpQpiD63t3paSNG1pLAcPv20I1NtR792HGbNPbGFxE65MbWs35a+nz
      VehqfCR7M08R1XHm9c94npyEiI/D1j3gAxulf8a+vy294VDJtX5nioOooFTyTaz4ChaswvMigXeh
      N3KrATsUK/QO5BpYsYM/olglwP+WilcVSDXxibzMBMcLUaTZdiWKV1giuJD4WQj8OJBZy1F15hO8
      Isacq3SDR7YUmdC7ZGJbC10Q+1oqYFAypUW6zZiCcqtKWXE0skLuQhRrhVI854V+QWmsAX/DA1Qb
      lmWkNxGyLYZRZBdSWe6UeN1o2MhsxbG45OiRLTM+6WHGNGMiT2DFcvbKR5REqjkq9U5m4X3DqU7K
      DH+pFrKgVKkstMJjgqGVvuPfRcUTYEpUNJ+1kvmcl+aMMDkyIbjgExXt4PuqsIXO24rfWWHFWYaE
      FYHviW+Ix4f/UEsDBBQAAAAIACK20lK/IIiLswEAAH4DAAAJAAAAUkVBRE1FLm1klZJBb9swDIXv
      BvwfiOaSAHN892lBgJw2bEV3C4pBlelYqyUqEr0t+/Uj7dRri6LAAB8EieR776OrqiqLaE74nS8R
      G8jGxwHLosVsk4vsKDRwswPvgvNmuL6DiRG4NwzWBHhAGDO2wAQtegqZk2GUcxzo4sIJDoPJj9qT
      tWb3Z0wIO5lwh+mnswgU4JML4+/tTVkMJpxG8ZObsqggXrinIA4TtaPl+dLogOVQydwqz5PkUvOU
      xQq+Tp1X6avrjtIb6utJe6Nt33qXQT6z5F2sv4g7R5sjvxNHRx5E0ykSsS8ws76mMQTlYkL7jBL3
      CJZa/AAZEY63o7OPmU3iBvYJlah5SqV+XHhH+n7dM8fc1HVLNm+9s4kydby15OsJW/0MW31etKqZ
      +GbyvlrBngIn9zCyOFwIyTZ+oGXojaBqKbKSEPfHz0868CVigDsak5jaSyigTmfpEv95IynKU80r
      h4qBOjvX15stKEVPEtYFWaI3inLCNMm+EoDD7va/RTpzrjcgMnLBRoYctVFrPr5ou1974wam5u3n
      Dfxy3MtmL0KmdepT/qLziPm6fRXwHgNnQfwXUEsDBBQAAAAIACK20lJwKD1JFAAAABQAAAAQAAAA
      cmVxdWlyZW1lbnRzLnR4dHPLSSzOtrM11DPQsQGShnpGvFwAUEsDBBQAAAAIACK20lLzjpxMdQAA
      AIkAAAANAAAALmF6dXJlL2NvbmZpZzXMQQoCMQyF4X0gd5gLDIy69gYuXLkRKTGTGYulDU0zenyL
      IrzVx8+7zrKQp2Y3hLUW1+E4MKUt5rGJtbGuCPb0rufdZY9AqiZ1iyyaKP9iflAg03CK2d+BJbdK
      yS1MCKkwtVi+4d8RXnLvQDYvfYep3yJ8AFBLAQIUABQAAAAIACK20lJbwg3ocwIAAJoEAAAKAAAA
      AAAAAAAAAAC2gQAAAAAuZ2l0aWdub3JlUEsBAhQAFAAAAAgAIrbSUoxqS4FgAAAAbQAAAAYAAAAA
      AAAAAAAAALaBmwIAAGFwcC5weVBLAQIUABQAAAAIACK20lJBwXdOjwIAAJ8EAAAHAAAAAAAAAAAA
      AAC2gR8DAABMSUNFTlNFUEsBAhQAFAAAAAgAIrbSUr8giIuzAQAAfgMAAAkAAAAAAAAAAAAAALaB
      0wUAAFJFQURNRS5tZFBLAQIUABQAAAAIACK20lJwKD1JFAAAABQAAAAQAAAAAAAAAAAAAAC2ga0H
      AAByZXF1aXJlbWVudHMudHh0UEsBAhQAFAAAAAgAIrbSUvOOnEx1AAAAiQAAAA0AAAAAAAAAAAAA
      ALaB7wcAAC5henVyZS9jb25maWdQSwUGAAAAAAYABgBRAQAAjwgAAAAA
    headers:
      Accept:
      - '*/*'
      Accept-Encoding:
      - gzip, deflate
      Cache-Control:
      - no-cache
      Connection:
      - keep-alive
      Content-Length:
      - '2550'
      Content-Type:
      - application/octet-stream
      User-Agent:
      - AZURECLI/2.25.0
    method: POST
    uri: https://up-pythonapp000003.scm.azurewebsites.net/api/zipdeploy?isAsync=true
  response:
    body:
      string: ''
    headers:
      content-length:
      - '0'
      date:
      - Fri, 18 Jun 2021 14:51:15 GMT
      location:
      - https://up-pythonapp000003.scm.azurewebsites.net:443/api/deployments/latest?deployer=Push-Deployer&time=2021-06-18_14-51-14Z
      server:
      - Kestrel
      set-cookie:
      - ARRAffinity=b10260734d3d3cb4ff9eb6dd7b46553d4b3350203ee90bc64f24935d98280198;Path=/;HttpOnly;Secure;Domain=up-pythonappx24k3ltwzlub.scm.azurewebsites.net
      - ARRAffinitySameSite=b10260734d3d3cb4ff9eb6dd7b46553d4b3350203ee90bc64f24935d98280198;Path=/;HttpOnly;SameSite=None;Secure;Domain=up-pythonappx24k3ltwzlub.scm.azurewebsites.net
    status:
      code: 202
      message: Accepted
- request:
    body: null
    headers:
      Accept:
      - '*/*'
      Accept-Encoding:
      - gzip, deflate
      Cache-Control:
      - no-cache
      Connection:
      - keep-alive
      Content-Type:
      - application/octet-stream
      User-Agent:
      - AZURECLI/2.25.0
    method: GET
    uri: https://up-pythonapp000003.scm.azurewebsites.net/api/deployments/mock-deployment
  response:
    body:
      string: '{"id":"35585527eefa45eca249edefc585ebbc","status":0,"status_text":"","author_email":"N/A","author":"N/A","deployer":"Push-Deployer","message":"Created
        via a push deployment","progress":"Updating submodules.","received_time":"2021-06-18T14:51:18.8726899Z","start_time":"2021-06-18T14:51:18.8726899Z","end_time":null,"last_success_end_time":null,"complete":false,"active":false,"is_temp":false,"is_readonly":true,"url":null,"log_url":null,"site_name":"up-pythonapp000003"}'
    headers:
      content-length:
      - '476'
      content-type:
      - application/json; charset=utf-8
      date:
      - Fri, 18 Jun 2021 14:51:19 GMT
      location:
      - http://up-pythonapp000003.scm.azurewebsites.net:80/api/deployments/latest
      server:
      - Kestrel
      set-cookie:
      - ARRAffinity=b10260734d3d3cb4ff9eb6dd7b46553d4b3350203ee90bc64f24935d98280198;Path=/;HttpOnly;Secure;Domain=up-pythonappx24k3ltwzlub.scm.azurewebsites.net
      - ARRAffinitySameSite=b10260734d3d3cb4ff9eb6dd7b46553d4b3350203ee90bc64f24935d98280198;Path=/;HttpOnly;SameSite=None;Secure;Domain=up-pythonappx24k3ltwzlub.scm.azurewebsites.net
      transfer-encoding:
      - chunked
      vary:
      - Accept-Encoding
    status:
      code: 202
      message: Accepted
- request:
    body: null
    headers:
      Accept:
      - '*/*'
      Accept-Encoding:
      - gzip, deflate
      Cache-Control:
      - no-cache
      Connection:
      - keep-alive
      Content-Type:
      - application/octet-stream
      User-Agent:
      - AZURECLI/2.25.0
    method: GET
    uri: https://up-pythonapp000003.scm.azurewebsites.net/api/deployments/mock-deployment
  response:
    body:
      string: '{"id":"35585527eefa45eca249edefc585ebbc","status":0,"status_text":"Building
        and Deploying ''35585527eefa45eca249edefc585ebbc''.","author_email":"N/A","author":"N/A","deployer":"Push-Deployer","message":"Created
        via a push deployment","progress":"Running oryx build...","received_time":"2021-06-18T14:51:18.8726899Z","start_time":"2021-06-18T14:51:20.2807228Z","end_time":null,"last_success_end_time":null,"complete":false,"active":false,"is_temp":false,"is_readonly":true,"url":null,"log_url":null,"site_name":"up-pythonapp000003"}'
    headers:
      content-length:
      - '535'
      content-type:
      - application/json; charset=utf-8
      date:
      - Fri, 18 Jun 2021 14:51:23 GMT
      location:
      - http://up-pythonapp000003.scm.azurewebsites.net:80/api/deployments/latest
      server:
      - Kestrel
      set-cookie:
      - ARRAffinity=b10260734d3d3cb4ff9eb6dd7b46553d4b3350203ee90bc64f24935d98280198;Path=/;HttpOnly;Secure;Domain=up-pythonappx24k3ltwzlub.scm.azurewebsites.net
      - ARRAffinitySameSite=b10260734d3d3cb4ff9eb6dd7b46553d4b3350203ee90bc64f24935d98280198;Path=/;HttpOnly;SameSite=None;Secure;Domain=up-pythonappx24k3ltwzlub.scm.azurewebsites.net
      transfer-encoding:
      - chunked
      vary:
      - Accept-Encoding
    status:
      code: 202
      message: Accepted
- request:
    body: null
    headers:
      Accept:
      - '*/*'
      Accept-Encoding:
      - gzip, deflate
      Cache-Control:
      - no-cache
      Connection:
      - keep-alive
      Content-Type:
      - application/octet-stream
      User-Agent:
      - AZURECLI/2.25.0
    method: GET
    uri: https://up-pythonapp000003.scm.azurewebsites.net/api/deployments/mock-deployment
  response:
    body:
      string: '{"id":"35585527eefa45eca249edefc585ebbc","status":0,"status_text":"Building
        and Deploying ''35585527eefa45eca249edefc585ebbc''.","author_email":"N/A","author":"N/A","deployer":"Push-Deployer","message":"Created
        via a push deployment","progress":"Running oryx build...","received_time":"2021-06-18T14:51:18.8726899Z","start_time":"2021-06-18T14:51:20.2807228Z","end_time":null,"last_success_end_time":null,"complete":false,"active":false,"is_temp":false,"is_readonly":true,"url":null,"log_url":null,"site_name":"up-pythonapp000003"}'
    headers:
      content-length:
      - '535'
      content-type:
      - application/json; charset=utf-8
      date:
      - Fri, 18 Jun 2021 14:51:27 GMT
      location:
      - http://up-pythonapp000003.scm.azurewebsites.net:80/api/deployments/latest
      server:
      - Kestrel
      set-cookie:
      - ARRAffinity=b10260734d3d3cb4ff9eb6dd7b46553d4b3350203ee90bc64f24935d98280198;Path=/;HttpOnly;Secure;Domain=up-pythonappx24k3ltwzlub.scm.azurewebsites.net
      - ARRAffinitySameSite=b10260734d3d3cb4ff9eb6dd7b46553d4b3350203ee90bc64f24935d98280198;Path=/;HttpOnly;SameSite=None;Secure;Domain=up-pythonappx24k3ltwzlub.scm.azurewebsites.net
      transfer-encoding:
      - chunked
      vary:
      - Accept-Encoding
    status:
      code: 202
      message: Accepted
- request:
    body: null
    headers:
      Accept:
      - '*/*'
      Accept-Encoding:
      - gzip, deflate
      Cache-Control:
      - no-cache
      Connection:
      - keep-alive
      Content-Type:
      - application/octet-stream
      User-Agent:
      - AZURECLI/2.25.0
    method: GET
    uri: https://up-pythonapp000003.scm.azurewebsites.net/api/deployments/mock-deployment
  response:
    body:
      string: '{"id":"35585527eefa45eca249edefc585ebbc","status":0,"status_text":"Building
        and Deploying ''35585527eefa45eca249edefc585ebbc''.","author_email":"N/A","author":"N/A","deployer":"Push-Deployer","message":"Created
        via a push deployment","progress":"Running oryx build...","received_time":"2021-06-18T14:51:18.8726899Z","start_time":"2021-06-18T14:51:20.2807228Z","end_time":null,"last_success_end_time":null,"complete":false,"active":false,"is_temp":false,"is_readonly":true,"url":null,"log_url":null,"site_name":"up-pythonapp000003"}'
    headers:
      content-length:
      - '535'
      content-type:
      - application/json; charset=utf-8
      date:
      - Fri, 18 Jun 2021 14:51:31 GMT
      location:
      - http://up-pythonapp000003.scm.azurewebsites.net:80/api/deployments/latest
      server:
      - Kestrel
      set-cookie:
      - ARRAffinity=b10260734d3d3cb4ff9eb6dd7b46553d4b3350203ee90bc64f24935d98280198;Path=/;HttpOnly;Secure;Domain=up-pythonappx24k3ltwzlub.scm.azurewebsites.net
      - ARRAffinitySameSite=b10260734d3d3cb4ff9eb6dd7b46553d4b3350203ee90bc64f24935d98280198;Path=/;HttpOnly;SameSite=None;Secure;Domain=up-pythonappx24k3ltwzlub.scm.azurewebsites.net
      transfer-encoding:
      - chunked
      vary:
      - Accept-Encoding
    status:
      code: 202
      message: Accepted
- request:
    body: null
    headers:
      Accept:
      - '*/*'
      Accept-Encoding:
      - gzip, deflate
      Cache-Control:
      - no-cache
      Connection:
      - keep-alive
      Content-Type:
      - application/octet-stream
      User-Agent:
      - AZURECLI/2.25.0
    method: GET
    uri: https://up-pythonapp000003.scm.azurewebsites.net/api/deployments/mock-deployment
  response:
    body:
      string: '{"id":"35585527eefa45eca249edefc585ebbc","status":0,"status_text":"Building
        and Deploying ''35585527eefa45eca249edefc585ebbc''.","author_email":"N/A","author":"N/A","deployer":"Push-Deployer","message":"Created
        via a push deployment","progress":"Running oryx build...","received_time":"2021-06-18T14:51:18.8726899Z","start_time":"2021-06-18T14:51:20.2807228Z","end_time":null,"last_success_end_time":null,"complete":false,"active":false,"is_temp":false,"is_readonly":true,"url":null,"log_url":null,"site_name":"up-pythonapp000003"}'
    headers:
      content-length:
      - '535'
      content-type:
      - application/json; charset=utf-8
      date:
      - Fri, 18 Jun 2021 14:51:34 GMT
      location:
      - http://up-pythonapp000003.scm.azurewebsites.net:80/api/deployments/latest
      server:
      - Kestrel
      set-cookie:
      - ARRAffinity=b10260734d3d3cb4ff9eb6dd7b46553d4b3350203ee90bc64f24935d98280198;Path=/;HttpOnly;Secure;Domain=up-pythonappx24k3ltwzlub.scm.azurewebsites.net
      - ARRAffinitySameSite=b10260734d3d3cb4ff9eb6dd7b46553d4b3350203ee90bc64f24935d98280198;Path=/;HttpOnly;SameSite=None;Secure;Domain=up-pythonappx24k3ltwzlub.scm.azurewebsites.net
      transfer-encoding:
      - chunked
      vary:
      - Accept-Encoding
    status:
      code: 202
      message: Accepted
- request:
    body: null
    headers:
      Accept:
      - '*/*'
      Accept-Encoding:
      - gzip, deflate
      Cache-Control:
      - no-cache
      Connection:
      - keep-alive
      Content-Type:
      - application/octet-stream
      User-Agent:
      - AZURECLI/2.25.0
    method: GET
    uri: https://up-pythonapp000003.scm.azurewebsites.net/api/deployments/mock-deployment
  response:
    body:
      string: '{"id":"35585527eefa45eca249edefc585ebbc","status":0,"status_text":"Building
        and Deploying ''35585527eefa45eca249edefc585ebbc''.","author_email":"N/A","author":"N/A","deployer":"Push-Deployer","message":"Created
        via a push deployment","progress":"Running oryx build...","received_time":"2021-06-18T14:51:18.8726899Z","start_time":"2021-06-18T14:51:20.2807228Z","end_time":null,"last_success_end_time":null,"complete":false,"active":false,"is_temp":false,"is_readonly":true,"url":null,"log_url":null,"site_name":"up-pythonapp000003"}'
    headers:
      content-length:
      - '535'
      content-type:
      - application/json; charset=utf-8
      date:
      - Fri, 18 Jun 2021 14:51:39 GMT
      location:
      - http://up-pythonapp000003.scm.azurewebsites.net:80/api/deployments/latest
      server:
      - Kestrel
      set-cookie:
      - ARRAffinity=b10260734d3d3cb4ff9eb6dd7b46553d4b3350203ee90bc64f24935d98280198;Path=/;HttpOnly;Secure;Domain=up-pythonappx24k3ltwzlub.scm.azurewebsites.net
      - ARRAffinitySameSite=b10260734d3d3cb4ff9eb6dd7b46553d4b3350203ee90bc64f24935d98280198;Path=/;HttpOnly;SameSite=None;Secure;Domain=up-pythonappx24k3ltwzlub.scm.azurewebsites.net
      transfer-encoding:
      - chunked
      vary:
      - Accept-Encoding
    status:
      code: 202
      message: Accepted
- request:
    body: null
    headers:
      Accept:
      - '*/*'
      Accept-Encoding:
      - gzip, deflate
      Cache-Control:
      - no-cache
      Connection:
      - keep-alive
      Content-Type:
      - application/octet-stream
      User-Agent:
      - AZURECLI/2.25.0
    method: GET
    uri: https://up-pythonapp000003.scm.azurewebsites.net/api/deployments/mock-deployment
  response:
    body:
      string: '{"id":"35585527eefa45eca249edefc585ebbc","status":0,"status_text":"Building
        and Deploying ''35585527eefa45eca249edefc585ebbc''.","author_email":"N/A","author":"N/A","deployer":"Push-Deployer","message":"Created
        via a push deployment","progress":"Running oryx build...","received_time":"2021-06-18T14:51:18.8726899Z","start_time":"2021-06-18T14:51:20.2807228Z","end_time":null,"last_success_end_time":null,"complete":false,"active":false,"is_temp":false,"is_readonly":true,"url":null,"log_url":null,"site_name":"up-pythonapp000003"}'
    headers:
      content-length:
      - '535'
      content-type:
      - application/json; charset=utf-8
      date:
      - Fri, 18 Jun 2021 14:51:43 GMT
      location:
      - http://up-pythonapp000003.scm.azurewebsites.net:80/api/deployments/latest
      server:
      - Kestrel
      set-cookie:
      - ARRAffinity=b10260734d3d3cb4ff9eb6dd7b46553d4b3350203ee90bc64f24935d98280198;Path=/;HttpOnly;Secure;Domain=up-pythonappx24k3ltwzlub.scm.azurewebsites.net
      - ARRAffinitySameSite=b10260734d3d3cb4ff9eb6dd7b46553d4b3350203ee90bc64f24935d98280198;Path=/;HttpOnly;SameSite=None;Secure;Domain=up-pythonappx24k3ltwzlub.scm.azurewebsites.net
      transfer-encoding:
      - chunked
      vary:
      - Accept-Encoding
    status:
      code: 202
      message: Accepted
- request:
    body: null
    headers:
      Accept:
      - '*/*'
      Accept-Encoding:
      - gzip, deflate
      Cache-Control:
      - no-cache
      Connection:
      - keep-alive
      Content-Type:
      - application/octet-stream
      User-Agent:
      - AZURECLI/2.25.0
    method: GET
    uri: https://up-pythonapp000003.scm.azurewebsites.net/api/deployments/mock-deployment
  response:
    body:
      string: '{"id":"35585527eefa45eca249edefc585ebbc","status":0,"status_text":"Building
        and Deploying ''35585527eefa45eca249edefc585ebbc''.","author_email":"N/A","author":"N/A","deployer":"Push-Deployer","message":"Created
        via a push deployment","progress":"Running oryx build...","received_time":"2021-06-18T14:51:18.8726899Z","start_time":"2021-06-18T14:51:20.2807228Z","end_time":null,"last_success_end_time":null,"complete":false,"active":false,"is_temp":false,"is_readonly":true,"url":null,"log_url":null,"site_name":"up-pythonapp000003"}'
    headers:
      content-length:
      - '535'
      content-type:
      - application/json; charset=utf-8
      date:
      - Fri, 18 Jun 2021 14:51:46 GMT
      location:
      - http://up-pythonapp000003.scm.azurewebsites.net:80/api/deployments/latest
      server:
      - Kestrel
      set-cookie:
      - ARRAffinity=b10260734d3d3cb4ff9eb6dd7b46553d4b3350203ee90bc64f24935d98280198;Path=/;HttpOnly;Secure;Domain=up-pythonappx24k3ltwzlub.scm.azurewebsites.net
      - ARRAffinitySameSite=b10260734d3d3cb4ff9eb6dd7b46553d4b3350203ee90bc64f24935d98280198;Path=/;HttpOnly;SameSite=None;Secure;Domain=up-pythonappx24k3ltwzlub.scm.azurewebsites.net
      transfer-encoding:
      - chunked
      vary:
      - Accept-Encoding
    status:
      code: 202
      message: Accepted
- request:
    body: null
    headers:
      Accept:
      - '*/*'
      Accept-Encoding:
      - gzip, deflate
      Cache-Control:
      - no-cache
      Connection:
      - keep-alive
      Content-Type:
      - application/octet-stream
      User-Agent:
      - AZURECLI/2.25.0
    method: GET
    uri: https://up-pythonapp000003.scm.azurewebsites.net/api/deployments/mock-deployment
  response:
    body:
      string: '{"id":"35585527eefa45eca249edefc585ebbc","status":0,"status_text":"Building
        and Deploying ''35585527eefa45eca249edefc585ebbc''.","author_email":"N/A","author":"N/A","deployer":"Push-Deployer","message":"Created
        via a push deployment","progress":"Running oryx build...","received_time":"2021-06-18T14:51:18.8726899Z","start_time":"2021-06-18T14:51:20.2807228Z","end_time":null,"last_success_end_time":null,"complete":false,"active":false,"is_temp":false,"is_readonly":true,"url":null,"log_url":null,"site_name":"up-pythonapp000003"}'
    headers:
      content-length:
      - '535'
      content-type:
      - application/json; charset=utf-8
      date:
      - Fri, 18 Jun 2021 14:51:51 GMT
      location:
      - http://up-pythonapp000003.scm.azurewebsites.net:80/api/deployments/latest
      server:
      - Kestrel
      set-cookie:
      - ARRAffinity=b10260734d3d3cb4ff9eb6dd7b46553d4b3350203ee90bc64f24935d98280198;Path=/;HttpOnly;Secure;Domain=up-pythonappx24k3ltwzlub.scm.azurewebsites.net
      - ARRAffinitySameSite=b10260734d3d3cb4ff9eb6dd7b46553d4b3350203ee90bc64f24935d98280198;Path=/;HttpOnly;SameSite=None;Secure;Domain=up-pythonappx24k3ltwzlub.scm.azurewebsites.net
      transfer-encoding:
      - chunked
      vary:
      - Accept-Encoding
    status:
      code: 202
      message: Accepted
- request:
    body: null
    headers:
      Accept:
      - '*/*'
      Accept-Encoding:
      - gzip, deflate
      Cache-Control:
      - no-cache
      Connection:
      - keep-alive
      Content-Type:
      - application/octet-stream
      User-Agent:
      - AZURECLI/2.25.0
    method: GET
    uri: https://up-pythonapp000003.scm.azurewebsites.net/api/deployments/mock-deployment
  response:
    body:
      string: '{"id":"35585527eefa45eca249edefc585ebbc","status":0,"status_text":"Building
        and Deploying ''35585527eefa45eca249edefc585ebbc''.","author_email":"N/A","author":"N/A","deployer":"Push-Deployer","message":"Created
        via a push deployment","progress":"Running oryx build...","received_time":"2021-06-18T14:51:18.8726899Z","start_time":"2021-06-18T14:51:20.2807228Z","end_time":null,"last_success_end_time":null,"complete":false,"active":false,"is_temp":false,"is_readonly":true,"url":null,"log_url":null,"site_name":"up-pythonapp000003"}'
    headers:
      content-length:
      - '535'
      content-type:
      - application/json; charset=utf-8
      date:
      - Fri, 18 Jun 2021 14:51:54 GMT
      location:
      - http://up-pythonapp000003.scm.azurewebsites.net:80/api/deployments/latest
      server:
      - Kestrel
      set-cookie:
      - ARRAffinity=b10260734d3d3cb4ff9eb6dd7b46553d4b3350203ee90bc64f24935d98280198;Path=/;HttpOnly;Secure;Domain=up-pythonappx24k3ltwzlub.scm.azurewebsites.net
      - ARRAffinitySameSite=b10260734d3d3cb4ff9eb6dd7b46553d4b3350203ee90bc64f24935d98280198;Path=/;HttpOnly;SameSite=None;Secure;Domain=up-pythonappx24k3ltwzlub.scm.azurewebsites.net
      transfer-encoding:
      - chunked
      vary:
      - Accept-Encoding
    status:
      code: 202
      message: Accepted
- request:
    body: null
    headers:
      Accept:
      - '*/*'
      Accept-Encoding:
      - gzip, deflate
      Cache-Control:
      - no-cache
      Connection:
      - keep-alive
      Content-Type:
      - application/octet-stream
      User-Agent:
      - AZURECLI/2.25.0
    method: GET
    uri: https://up-pythonapp000003.scm.azurewebsites.net/api/deployments/mock-deployment
  response:
    body:
      string: '{"id":"35585527eefa45eca249edefc585ebbc","status":0,"status_text":"Building
        and Deploying ''35585527eefa45eca249edefc585ebbc''.","author_email":"N/A","author":"N/A","deployer":"Push-Deployer","message":"Created
        via a push deployment","progress":"Running oryx build...","received_time":"2021-06-18T14:51:18.8726899Z","start_time":"2021-06-18T14:51:20.2807228Z","end_time":null,"last_success_end_time":null,"complete":false,"active":false,"is_temp":false,"is_readonly":true,"url":null,"log_url":null,"site_name":"up-pythonapp000003"}'
    headers:
      content-length:
      - '535'
      content-type:
      - application/json; charset=utf-8
      date:
      - Fri, 18 Jun 2021 14:51:58 GMT
      location:
      - http://up-pythonapp000003.scm.azurewebsites.net:80/api/deployments/latest
      server:
      - Kestrel
      set-cookie:
      - ARRAffinity=b10260734d3d3cb4ff9eb6dd7b46553d4b3350203ee90bc64f24935d98280198;Path=/;HttpOnly;Secure;Domain=up-pythonappx24k3ltwzlub.scm.azurewebsites.net
      - ARRAffinitySameSite=b10260734d3d3cb4ff9eb6dd7b46553d4b3350203ee90bc64f24935d98280198;Path=/;HttpOnly;SameSite=None;Secure;Domain=up-pythonappx24k3ltwzlub.scm.azurewebsites.net
      transfer-encoding:
      - chunked
      vary:
      - Accept-Encoding
    status:
      code: 202
      message: Accepted
- request:
    body: null
    headers:
      Accept:
      - '*/*'
      Accept-Encoding:
      - gzip, deflate
      Cache-Control:
      - no-cache
      Connection:
      - keep-alive
      Content-Type:
      - application/octet-stream
      User-Agent:
      - AZURECLI/2.25.0
    method: GET
    uri: https://up-pythonapp000003.scm.azurewebsites.net/api/deployments/mock-deployment
  response:
    body:
      string: '{"id":"35585527eefa45eca249edefc585ebbc","status":0,"status_text":"Building
        and Deploying ''35585527eefa45eca249edefc585ebbc''.","author_email":"N/A","author":"N/A","deployer":"Push-Deployer","message":"Created
        via a push deployment","progress":"Running oryx build...","received_time":"2021-06-18T14:51:18.8726899Z","start_time":"2021-06-18T14:51:20.2807228Z","end_time":null,"last_success_end_time":null,"complete":false,"active":false,"is_temp":false,"is_readonly":true,"url":null,"log_url":null,"site_name":"up-pythonapp000003"}'
    headers:
      content-length:
      - '535'
      content-type:
      - application/json; charset=utf-8
      date:
      - Fri, 18 Jun 2021 14:52:02 GMT
      location:
      - http://up-pythonapp000003.scm.azurewebsites.net:80/api/deployments/latest
      server:
      - Kestrel
      set-cookie:
      - ARRAffinity=b10260734d3d3cb4ff9eb6dd7b46553d4b3350203ee90bc64f24935d98280198;Path=/;HttpOnly;Secure;Domain=up-pythonappx24k3ltwzlub.scm.azurewebsites.net
      - ARRAffinitySameSite=b10260734d3d3cb4ff9eb6dd7b46553d4b3350203ee90bc64f24935d98280198;Path=/;HttpOnly;SameSite=None;Secure;Domain=up-pythonappx24k3ltwzlub.scm.azurewebsites.net
      transfer-encoding:
      - chunked
      vary:
      - Accept-Encoding
    status:
      code: 202
      message: Accepted
- request:
    body: null
    headers:
      Accept:
      - '*/*'
      Accept-Encoding:
      - gzip, deflate
      Cache-Control:
      - no-cache
      Connection:
      - keep-alive
      Content-Type:
      - application/octet-stream
      User-Agent:
      - AZURECLI/2.25.0
    method: GET
    uri: https://up-pythonapp000003.scm.azurewebsites.net/api/deployments/mock-deployment
  response:
    body:
      string: '{"id":"35585527eefa45eca249edefc585ebbc","status":0,"status_text":"Building
        and Deploying ''35585527eefa45eca249edefc585ebbc''.","author_email":"N/A","author":"N/A","deployer":"Push-Deployer","message":"Created
        via a push deployment","progress":"Running oryx build...","received_time":"2021-06-18T14:51:18.8726899Z","start_time":"2021-06-18T14:51:20.2807228Z","end_time":null,"last_success_end_time":null,"complete":false,"active":false,"is_temp":false,"is_readonly":true,"url":null,"log_url":null,"site_name":"up-pythonapp000003"}'
    headers:
      content-length:
      - '535'
      content-type:
      - application/json; charset=utf-8
      date:
      - Fri, 18 Jun 2021 14:52:05 GMT
      location:
      - http://up-pythonapp000003.scm.azurewebsites.net:80/api/deployments/latest
      server:
      - Kestrel
      set-cookie:
      - ARRAffinity=b10260734d3d3cb4ff9eb6dd7b46553d4b3350203ee90bc64f24935d98280198;Path=/;HttpOnly;Secure;Domain=up-pythonappx24k3ltwzlub.scm.azurewebsites.net
      - ARRAffinitySameSite=b10260734d3d3cb4ff9eb6dd7b46553d4b3350203ee90bc64f24935d98280198;Path=/;HttpOnly;SameSite=None;Secure;Domain=up-pythonappx24k3ltwzlub.scm.azurewebsites.net
      transfer-encoding:
      - chunked
      vary:
      - Accept-Encoding
    status:
      code: 202
      message: Accepted
- request:
    body: null
    headers:
      Accept:
      - '*/*'
      Accept-Encoding:
      - gzip, deflate
      Cache-Control:
      - no-cache
      Connection:
      - keep-alive
      Content-Type:
      - application/octet-stream
      User-Agent:
      - AZURECLI/2.25.0
    method: GET
    uri: https://up-pythonapp000003.scm.azurewebsites.net/api/deployments/mock-deployment
  response:
    body:
      string: '{"id":"35585527eefa45eca249edefc585ebbc","status":0,"status_text":"Building
        and Deploying ''35585527eefa45eca249edefc585ebbc''.","author_email":"N/A","author":"N/A","deployer":"Push-Deployer","message":"Created
        via a push deployment","progress":"Running oryx build...","received_time":"2021-06-18T14:51:18.8726899Z","start_time":"2021-06-18T14:51:20.2807228Z","end_time":null,"last_success_end_time":null,"complete":false,"active":false,"is_temp":false,"is_readonly":true,"url":null,"log_url":null,"site_name":"up-pythonapp000003"}'
    headers:
      content-length:
      - '535'
      content-type:
      - application/json; charset=utf-8
      date:
      - Fri, 18 Jun 2021 14:52:09 GMT
      location:
      - http://up-pythonapp000003.scm.azurewebsites.net:80/api/deployments/latest
      server:
      - Kestrel
      set-cookie:
      - ARRAffinity=b10260734d3d3cb4ff9eb6dd7b46553d4b3350203ee90bc64f24935d98280198;Path=/;HttpOnly;Secure;Domain=up-pythonappx24k3ltwzlub.scm.azurewebsites.net
      - ARRAffinitySameSite=b10260734d3d3cb4ff9eb6dd7b46553d4b3350203ee90bc64f24935d98280198;Path=/;HttpOnly;SameSite=None;Secure;Domain=up-pythonappx24k3ltwzlub.scm.azurewebsites.net
      transfer-encoding:
      - chunked
      vary:
      - Accept-Encoding
    status:
      code: 202
      message: Accepted
- request:
    body: null
    headers:
      Accept:
      - '*/*'
      Accept-Encoding:
      - gzip, deflate
      Cache-Control:
      - no-cache
      Connection:
      - keep-alive
      Content-Type:
      - application/octet-stream
      User-Agent:
      - AZURECLI/2.25.0
    method: GET
    uri: https://up-pythonapp000003.scm.azurewebsites.net/api/deployments/mock-deployment
  response:
    body:
      string: '{"id":"35585527eefa45eca249edefc585ebbc","status":0,"status_text":"Building
        and Deploying ''35585527eefa45eca249edefc585ebbc''.","author_email":"N/A","author":"N/A","deployer":"Push-Deployer","message":"Created
        via a push deployment","progress":"Running oryx build...","received_time":"2021-06-18T14:51:18.8726899Z","start_time":"2021-06-18T14:51:20.2807228Z","end_time":null,"last_success_end_time":null,"complete":false,"active":false,"is_temp":false,"is_readonly":true,"url":null,"log_url":null,"site_name":"up-pythonapp000003"}'
    headers:
      content-length:
      - '535'
      content-type:
      - application/json; charset=utf-8
      date:
      - Fri, 18 Jun 2021 14:52:12 GMT
      location:
      - http://up-pythonapp000003.scm.azurewebsites.net:80/api/deployments/latest
      server:
      - Kestrel
      set-cookie:
      - ARRAffinity=b10260734d3d3cb4ff9eb6dd7b46553d4b3350203ee90bc64f24935d98280198;Path=/;HttpOnly;Secure;Domain=up-pythonappx24k3ltwzlub.scm.azurewebsites.net
      - ARRAffinitySameSite=b10260734d3d3cb4ff9eb6dd7b46553d4b3350203ee90bc64f24935d98280198;Path=/;HttpOnly;SameSite=None;Secure;Domain=up-pythonappx24k3ltwzlub.scm.azurewebsites.net
      transfer-encoding:
      - chunked
      vary:
      - Accept-Encoding
    status:
      code: 202
      message: Accepted
- request:
    body: null
    headers:
      Accept:
      - '*/*'
      Accept-Encoding:
      - gzip, deflate
      Cache-Control:
      - no-cache
      Connection:
      - keep-alive
      Content-Type:
      - application/octet-stream
      User-Agent:
      - AZURECLI/2.25.0
    method: GET
    uri: https://up-pythonapp000003.scm.azurewebsites.net/api/deployments/mock-deployment
  response:
    body:
      string: '{"id":"35585527eefa45eca249edefc585ebbc","status":0,"status_text":"Building
        and Deploying ''35585527eefa45eca249edefc585ebbc''.","author_email":"N/A","author":"N/A","deployer":"Push-Deployer","message":"Created
        via a push deployment","progress":"Running oryx build...","received_time":"2021-06-18T14:51:18.8726899Z","start_time":"2021-06-18T14:51:20.2807228Z","end_time":null,"last_success_end_time":null,"complete":false,"active":false,"is_temp":false,"is_readonly":true,"url":null,"log_url":null,"site_name":"up-pythonapp000003"}'
    headers:
      content-length:
      - '535'
      content-type:
      - application/json; charset=utf-8
      date:
      - Fri, 18 Jun 2021 14:52:17 GMT
      location:
      - http://up-pythonapp000003.scm.azurewebsites.net:80/api/deployments/latest
      server:
      - Kestrel
      set-cookie:
      - ARRAffinity=b10260734d3d3cb4ff9eb6dd7b46553d4b3350203ee90bc64f24935d98280198;Path=/;HttpOnly;Secure;Domain=up-pythonappx24k3ltwzlub.scm.azurewebsites.net
      - ARRAffinitySameSite=b10260734d3d3cb4ff9eb6dd7b46553d4b3350203ee90bc64f24935d98280198;Path=/;HttpOnly;SameSite=None;Secure;Domain=up-pythonappx24k3ltwzlub.scm.azurewebsites.net
      transfer-encoding:
      - chunked
      vary:
      - Accept-Encoding
    status:
      code: 202
      message: Accepted
- request:
    body: null
    headers:
      Accept:
      - '*/*'
      Accept-Encoding:
      - gzip, deflate
      Cache-Control:
      - no-cache
      Connection:
      - keep-alive
      Content-Type:
      - application/octet-stream
      User-Agent:
      - AZURECLI/2.25.0
    method: GET
    uri: https://up-pythonapp000003.scm.azurewebsites.net/api/deployments/mock-deployment
  response:
    body:
      string: '{"id":"35585527eefa45eca249edefc585ebbc","status":0,"status_text":"Building
        and Deploying ''35585527eefa45eca249edefc585ebbc''.","author_email":"N/A","author":"N/A","deployer":"Push-Deployer","message":"Created
        via a push deployment","progress":"Running oryx build...","received_time":"2021-06-18T14:51:18.8726899Z","start_time":"2021-06-18T14:51:20.2807228Z","end_time":null,"last_success_end_time":null,"complete":false,"active":false,"is_temp":false,"is_readonly":true,"url":null,"log_url":null,"site_name":"up-pythonapp000003"}'
    headers:
      content-length:
      - '535'
      content-type:
      - application/json; charset=utf-8
      date:
      - Fri, 18 Jun 2021 14:52:20 GMT
      location:
      - http://up-pythonapp000003.scm.azurewebsites.net:80/api/deployments/latest
      server:
      - Kestrel
      set-cookie:
      - ARRAffinity=b10260734d3d3cb4ff9eb6dd7b46553d4b3350203ee90bc64f24935d98280198;Path=/;HttpOnly;Secure;Domain=up-pythonappx24k3ltwzlub.scm.azurewebsites.net
      - ARRAffinitySameSite=b10260734d3d3cb4ff9eb6dd7b46553d4b3350203ee90bc64f24935d98280198;Path=/;HttpOnly;SameSite=None;Secure;Domain=up-pythonappx24k3ltwzlub.scm.azurewebsites.net
      transfer-encoding:
      - chunked
      vary:
      - Accept-Encoding
    status:
      code: 202
      message: Accepted
- request:
    body: null
    headers:
      Accept:
      - '*/*'
      Accept-Encoding:
      - gzip, deflate
      Cache-Control:
      - no-cache
      Connection:
      - keep-alive
      Content-Type:
      - application/octet-stream
      User-Agent:
      - AZURECLI/2.25.0
    method: GET
    uri: https://up-pythonapp000003.scm.azurewebsites.net/api/deployments/mock-deployment
  response:
    body:
      string: '{"id":"35585527eefa45eca249edefc585ebbc","status":0,"status_text":"Building
        and Deploying ''35585527eefa45eca249edefc585ebbc''.","author_email":"N/A","author":"N/A","deployer":"Push-Deployer","message":"Created
        via a push deployment","progress":"Running oryx build...","received_time":"2021-06-18T14:51:18.8726899Z","start_time":"2021-06-18T14:51:20.2807228Z","end_time":null,"last_success_end_time":null,"complete":false,"active":false,"is_temp":false,"is_readonly":true,"url":null,"log_url":null,"site_name":"up-pythonapp000003"}'
    headers:
      content-length:
      - '535'
      content-type:
      - application/json; charset=utf-8
      date:
      - Fri, 18 Jun 2021 14:52:24 GMT
      location:
      - http://up-pythonapp000003.scm.azurewebsites.net:80/api/deployments/latest
      server:
      - Kestrel
      set-cookie:
      - ARRAffinity=b10260734d3d3cb4ff9eb6dd7b46553d4b3350203ee90bc64f24935d98280198;Path=/;HttpOnly;Secure;Domain=up-pythonappx24k3ltwzlub.scm.azurewebsites.net
      - ARRAffinitySameSite=b10260734d3d3cb4ff9eb6dd7b46553d4b3350203ee90bc64f24935d98280198;Path=/;HttpOnly;SameSite=None;Secure;Domain=up-pythonappx24k3ltwzlub.scm.azurewebsites.net
      transfer-encoding:
      - chunked
      vary:
      - Accept-Encoding
    status:
      code: 202
      message: Accepted
- request:
    body: null
    headers:
      Accept:
      - '*/*'
      Accept-Encoding:
      - gzip, deflate
      Cache-Control:
      - no-cache
      Connection:
      - keep-alive
      Content-Type:
      - application/octet-stream
      User-Agent:
      - AZURECLI/2.25.0
    method: GET
    uri: https://up-pythonapp000003.scm.azurewebsites.net/api/deployments/mock-deployment
  response:
    body:
      string: '{"id":"35585527eefa45eca249edefc585ebbc","status":0,"status_text":"Building
        and Deploying ''35585527eefa45eca249edefc585ebbc''.","author_email":"N/A","author":"N/A","deployer":"Push-Deployer","message":"Created
        via a push deployment","progress":"Running oryx build...","received_time":"2021-06-18T14:51:18.8726899Z","start_time":"2021-06-18T14:51:20.2807228Z","end_time":null,"last_success_end_time":null,"complete":false,"active":false,"is_temp":false,"is_readonly":true,"url":null,"log_url":null,"site_name":"up-pythonapp000003"}'
    headers:
      content-length:
      - '535'
      content-type:
      - application/json; charset=utf-8
      date:
      - Fri, 18 Jun 2021 14:52:28 GMT
      location:
      - http://up-pythonapp000003.scm.azurewebsites.net:80/api/deployments/latest
      server:
      - Kestrel
      set-cookie:
      - ARRAffinity=b10260734d3d3cb4ff9eb6dd7b46553d4b3350203ee90bc64f24935d98280198;Path=/;HttpOnly;Secure;Domain=up-pythonappx24k3ltwzlub.scm.azurewebsites.net
      - ARRAffinitySameSite=b10260734d3d3cb4ff9eb6dd7b46553d4b3350203ee90bc64f24935d98280198;Path=/;HttpOnly;SameSite=None;Secure;Domain=up-pythonappx24k3ltwzlub.scm.azurewebsites.net
      transfer-encoding:
      - chunked
      vary:
      - Accept-Encoding
    status:
      code: 202
      message: Accepted
- request:
    body: null
    headers:
      Accept:
      - '*/*'
      Accept-Encoding:
      - gzip, deflate
      Cache-Control:
      - no-cache
      Connection:
      - keep-alive
      Content-Type:
      - application/octet-stream
      User-Agent:
      - AZURECLI/2.25.0
    method: GET
    uri: https://up-pythonapp000003.scm.azurewebsites.net/api/deployments/mock-deployment
  response:
    body:
      string: '{"id":"35585527eefa45eca249edefc585ebbc","status":0,"status_text":"Building
        and Deploying ''35585527eefa45eca249edefc585ebbc''.","author_email":"N/A","author":"N/A","deployer":"Push-Deployer","message":"Created
        via a push deployment","progress":"Running oryx build...","received_time":"2021-06-18T14:51:18.8726899Z","start_time":"2021-06-18T14:51:20.2807228Z","end_time":null,"last_success_end_time":null,"complete":false,"active":false,"is_temp":false,"is_readonly":true,"url":null,"log_url":null,"site_name":"up-pythonapp000003"}'
    headers:
      content-length:
      - '535'
      content-type:
      - application/json; charset=utf-8
      date:
      - Fri, 18 Jun 2021 14:52:32 GMT
      location:
      - http://up-pythonapp000003.scm.azurewebsites.net:80/api/deployments/latest
      server:
      - Kestrel
      set-cookie:
      - ARRAffinity=b10260734d3d3cb4ff9eb6dd7b46553d4b3350203ee90bc64f24935d98280198;Path=/;HttpOnly;Secure;Domain=up-pythonappx24k3ltwzlub.scm.azurewebsites.net
      - ARRAffinitySameSite=b10260734d3d3cb4ff9eb6dd7b46553d4b3350203ee90bc64f24935d98280198;Path=/;HttpOnly;SameSite=None;Secure;Domain=up-pythonappx24k3ltwzlub.scm.azurewebsites.net
      transfer-encoding:
      - chunked
      vary:
      - Accept-Encoding
    status:
      code: 202
      message: Accepted
- request:
    body: null
    headers:
      Accept:
      - '*/*'
      Accept-Encoding:
      - gzip, deflate
      Cache-Control:
      - no-cache
      Connection:
      - keep-alive
      Content-Type:
      - application/octet-stream
      User-Agent:
      - AZURECLI/2.25.0
    method: GET
    uri: https://up-pythonapp000003.scm.azurewebsites.net/api/deployments/mock-deployment
  response:
    body:
      string: '{"id":"temp-d0011415","status":0,"status_text":"Receiving changes.","author_email":"N/A","author":"N/A","deployer":"Push-Deployer","message":"Deploying
        from pushed zip file","progress":"Fetching changes.","received_time":"2021-06-18T14:51:14.6726456Z","start_time":"2021-06-18T14:51:14.6726456Z","end_time":null,"last_success_end_time":null,"complete":false,"active":false,"is_temp":true,"is_readonly":false,"url":null,"log_url":null,"site_name":"up-pythonapp000003"}'
    headers:
      content-length:
      - '473'
      content-type:
      - application/json; charset=utf-8
      date:
      - Fri, 18 Jun 2021 14:52:35 GMT
      location:
      - http://up-pythonapp000003.scm.azurewebsites.net:80/api/deployments/latest
      server:
      - Kestrel
      set-cookie:
      - ARRAffinity=b10260734d3d3cb4ff9eb6dd7b46553d4b3350203ee90bc64f24935d98280198;Path=/;HttpOnly;Secure;Domain=up-pythonappx24k3ltwzlub.scm.azurewebsites.net
      - ARRAffinitySameSite=b10260734d3d3cb4ff9eb6dd7b46553d4b3350203ee90bc64f24935d98280198;Path=/;HttpOnly;SameSite=None;Secure;Domain=up-pythonappx24k3ltwzlub.scm.azurewebsites.net
      transfer-encoding:
      - chunked
      vary:
      - Accept-Encoding
    status:
      code: 202
      message: Accepted
- request:
    body: null
    headers:
      Accept:
      - '*/*'
      Accept-Encoding:
      - gzip, deflate
      Cache-Control:
      - no-cache
      Connection:
      - keep-alive
      Content-Type:
      - application/octet-stream
      User-Agent:
      - AZURECLI/2.25.0
    method: GET
    uri: https://up-pythonapp000003.scm.azurewebsites.net/api/deployments/mock-deployment
  response:
    body:
      string: '{"id":"35585527eefa45eca249edefc585ebbc","status":4,"status_text":"","author_email":"N/A","author":"N/A","deployer":"Push-Deployer","message":"Created
        via a push deployment","progress":"","received_time":"2021-06-18T14:51:18.8726899Z","start_time":"2021-06-18T14:51:20.2807228Z","end_time":"2021-06-18T14:52:35.6036008Z","last_success_end_time":"2021-06-18T14:52:35.6036008Z","complete":true,"active":true,"is_temp":false,"is_readonly":true,"url":"https://up-pythonapp000003.scm.azurewebsites.net/api/deployments/latest","log_url":"https://up-pythonapp000003.scm.azurewebsites.net/api/deployments/latest/log","site_name":"up-pythonapp000003"}'
    headers:
      content-length:
      - '660'
      content-type:
      - application/json; charset=utf-8
      date:
      - Fri, 18 Jun 2021 14:52:39 GMT
      server:
      - Kestrel
      set-cookie:
      - ARRAffinity=b10260734d3d3cb4ff9eb6dd7b46553d4b3350203ee90bc64f24935d98280198;Path=/;HttpOnly;Secure;Domain=up-pythonappx24k3ltwzlub.scm.azurewebsites.net
      - ARRAffinitySameSite=b10260734d3d3cb4ff9eb6dd7b46553d4b3350203ee90bc64f24935d98280198;Path=/;HttpOnly;SameSite=None;Secure;Domain=up-pythonappx24k3ltwzlub.scm.azurewebsites.net
      transfer-encoding:
      - chunked
      vary:
      - Accept-Encoding
    status:
      code: 200
      message: OK
- request:
    body: null
    headers:
      Accept:
      - application/json
      Accept-Encoding:
      - gzip, deflate
      CommandName:
      - webapp up
      Connection:
      - keep-alive
      ParameterSetName:
      - -n -g --plan --runtime --sku
      User-Agent:
      - AZURECLI/2.25.0 azsdk-python-azure-mgmt-web/2.0.0 Python/3.8.10 (Windows-10-10.0.19043-SP0)
    method: GET
    uri: https://management.azure.com/subscriptions/00000000-0000-0000-0000-000000000000/resourceGroups/clitest000001/providers/Microsoft.Web/sites/up-pythonapp000003?api-version=2020-09-01
  response:
    body:
      string: '{"id":"/subscriptions/00000000-0000-0000-0000-000000000000/resourceGroups/clitest000001/providers/Microsoft.Web/sites/up-pythonapp000003","name":"up-pythonapp000003","type":"Microsoft.Web/sites","kind":"app,linux","location":"Central
        US","properties":{"name":"up-pythonapp000003","state":"Running","hostNames":["up-pythonapp000003.azurewebsites.net"],"webSpace":"clitest000001-CentralUSwebspace-Linux","selfLink":"https://waws-prod-dm1-209.api.azurewebsites.windows.net:454/subscriptions/00000000-0000-0000-0000-000000000000/webspaces/clitest000001-CentralUSwebspace-Linux/sites/up-pythonapp000003","repositorySiteName":"up-pythonapp000003","owner":null,"usageState":"Normal","enabled":true,"adminEnabled":true,"enabledHostNames":["up-pythonapp000003.azurewebsites.net","up-pythonapp000003.scm.azurewebsites.net"],"siteProperties":{"metadata":null,"properties":[{"name":"LinuxFxVersion","value":"PYTHON|3.6"},{"name":"WindowsFxVersion","value":null}],"appSettings":null},"availabilityState":"Normal","sslCertificates":null,"csrs":[],"cers":null,"siteMode":null,"hostNameSslStates":[{"name":"up-pythonapp000003.azurewebsites.net","sslState":"Disabled","ipBasedSslResult":null,"virtualIP":null,"thumbprint":null,"toUpdate":null,"toUpdateIpBasedSsl":null,"ipBasedSslState":"NotConfigured","hostType":"Standard"},{"name":"up-pythonapp000003.scm.azurewebsites.net","sslState":"Disabled","ipBasedSslResult":null,"virtualIP":null,"thumbprint":null,"toUpdate":null,"toUpdateIpBasedSsl":null,"ipBasedSslState":"NotConfigured","hostType":"Repository"}],"computeMode":null,"serverFarm":null,"serverFarmId":"/subscriptions/00000000-0000-0000-0000-000000000000/resourceGroups/clitest000001/providers/Microsoft.Web/serverfarms/up-pythonplan000002","reserved":true,"isXenon":false,"hyperV":false,"lastModifiedTimeUtc":"2021-06-18T14:49:56.17","storageRecoveryDefaultState":"Running","contentAvailabilityState":"Normal","runtimeAvailabilityState":"Normal","siteConfig":{"numberOfWorkers":1,"defaultDocuments":null,"netFrameworkVersion":null,"phpVersion":null,"pythonVersion":null,"nodeVersion":null,"powerShellVersion":null,"linuxFxVersion":"PYTHON|3.6","windowsFxVersion":null,"requestTracingEnabled":null,"remoteDebuggingEnabled":null,"remoteDebuggingVersion":null,"httpLoggingEnabled":null,"azureMonitorLogCategories":null,"acrUseManagedIdentityCreds":false,"acrUserManagedIdentityID":null,"logsDirectorySizeLimit":null,"detailedErrorLoggingEnabled":null,"publishingUsername":null,"publishingPassword":null,"appSettings":null,"azureStorageAccounts":null,"metadata":null,"connectionStrings":null,"machineKey":null,"handlerMappings":null,"documentRoot":null,"scmType":null,"use32BitWorkerProcess":null,"webSocketsEnabled":null,"alwaysOn":true,"javaVersion":null,"javaContainer":null,"javaContainerVersion":null,"appCommandLine":null,"managedPipelineMode":null,"virtualApplications":null,"winAuthAdminState":null,"winAuthTenantState":null,"customAppPoolIdentityAdminState":null,"customAppPoolIdentityTenantState":null,"runtimeADUser":null,"runtimeADUserPassword":null,"loadBalancing":null,"routingRules":null,"experiments":null,"limits":null,"autoHealEnabled":null,"autoHealRules":null,"tracingOptions":null,"vnetName":null,"vnetRouteAllEnabled":null,"vnetPrivatePortsCount":null,"publicNetworkAccess":null,"cors":null,"push":null,"apiDefinition":null,"apiManagementConfig":null,"autoSwapSlotName":null,"localMySqlEnabled":null,"managedServiceIdentityId":null,"xManagedServiceIdentityId":null,"keyVaultReferenceIdentity":null,"ipSecurityRestrictions":null,"scmIpSecurityRestrictions":null,"scmIpSecurityRestrictionsUseMain":null,"http20Enabled":true,"minTlsVersion":null,"scmMinTlsVersion":null,"ftpsState":null,"preWarmedInstanceCount":null,"functionAppScaleLimit":0,"healthCheckPath":null,"fileChangeAuditEnabled":null,"functionsRuntimeScaleMonitoringEnabled":null,"websiteTimeZone":null,"minimumElasticInstanceCount":0},"deploymentId":"up-pythonapp000003","slotName":null,"trafficManagerHostNames":null,"sku":"Standard","scmSiteAlsoStopped":false,"targetSwapSlot":null,"hostingEnvironment":null,"hostingEnvironmentProfile":null,"clientAffinityEnabled":true,"clientCertEnabled":false,"clientCertMode":"Required","clientCertExclusionPaths":null,"hostNamesDisabled":false,"domainVerificationIdentifiers":null,"customDomainVerificationId":"EDB946301F50BC2F614D3F83E47E378C1DF5268CC283DA02AC5F184DCD11C88E","kind":"app,linux","inboundIpAddress":"20.40.202.17","possibleInboundIpAddresses":"20.40.202.17","ftpUsername":"up-pythonapp000003\\$up-pythonapp000003","ftpsHostName":"ftps://waws-prod-dm1-209.ftp.azurewebsites.windows.net/site/wwwroot","outboundIpAddresses":"52.182.217.230,52.182.218.4,52.182.218.17,52.182.218.204,52.182.220.9,52.182.220.17,20.40.202.17","possibleOutboundIpAddresses":"52.182.217.230,52.182.218.4,52.182.218.17,52.182.218.204,52.182.220.9,52.182.220.17,52.182.220.23,52.182.220.29,52.182.220.56,52.182.220.93,52.182.220.97,52.182.220.104,52.182.220.171,52.182.220.191,52.182.221.16,52.182.221.25,52.182.221.60,52.182.221.97,20.40.202.17","containerSize":0,"dailyMemoryTimeQuota":0,"suspendedTill":null,"siteDisabledReason":0,"functionExecutionUnitsCache":null,"maxNumberOfWorkers":null,"homeStamp":"waws-prod-dm1-209","cloningInfo":null,"hostingEnvironmentId":null,"tags":null,"resourceGroup":"clitest000001","defaultHostName":"up-pythonapp000003.azurewebsites.net","slotSwapStatus":null,"keyVaultReferenceIdentity":"SystemAssigned","httpsOnly":true,"redundancyMode":"None","inProgressOperationId":null,"geoDistributions":null,"privateEndpointConnections":[],"buildVersion":null,"targetBuildVersion":null,"migrationState":null,"eligibleLogCategories":"AppServiceAppLogs,AppServiceAuditLogs,AppServiceConsoleLogs,AppServiceHTTPLogs,AppServiceIPSecAuditLogs,AppServicePlatformLogs,ScanLogs","storageAccountRequired":false,"virtualNetworkSubnetId":null}}'
    headers:
      cache-control:
      - no-cache
      content-length:
      - '6005'
      content-type:
      - application/json
      date:
      - Fri, 18 Jun 2021 14:52:40 GMT
      etag:
      - '"1D76451343472A0"'
      expires:
      - '-1'
      pragma:
      - no-cache
      server:
      - Microsoft-IIS/10.0
      strict-transport-security:
      - max-age=31536000; includeSubDomains
      transfer-encoding:
      - chunked
      vary:
      - Accept-Encoding
      x-aspnet-version:
      - 4.0.30319
      x-content-type-options:
      - nosniff
      x-powered-by:
      - ASP.NET
    status:
      code: 200
      message: OK
- request:
    body: null
    headers:
      Accept:
      - application/json
      Accept-Encoding:
      - gzip, deflate
      CommandName:
      - webapp show
      Connection:
      - keep-alive
      User-Agent:
      - AZURECLI/2.25.0 azsdk-python-azure-mgmt-web/2.0.0 Python/3.8.10 (Windows-10-10.0.19043-SP0)
    method: GET
    uri: https://management.azure.com/subscriptions/00000000-0000-0000-0000-000000000000/resourceGroups/clitest000001/providers/Microsoft.Web/sites/up-pythonapp000003?api-version=2020-09-01
  response:
    body:
      string: '{"id":"/subscriptions/00000000-0000-0000-0000-000000000000/resourceGroups/clitest000001/providers/Microsoft.Web/sites/up-pythonapp000003","name":"up-pythonapp000003","type":"Microsoft.Web/sites","kind":"app,linux","location":"Central
        US","properties":{"name":"up-pythonapp000003","state":"Running","hostNames":["up-pythonapp000003.azurewebsites.net"],"webSpace":"clitest000001-CentralUSwebspace-Linux","selfLink":"https://waws-prod-dm1-209.api.azurewebsites.windows.net:454/subscriptions/00000000-0000-0000-0000-000000000000/webspaces/clitest000001-CentralUSwebspace-Linux/sites/up-pythonapp000003","repositorySiteName":"up-pythonapp000003","owner":null,"usageState":"Normal","enabled":true,"adminEnabled":true,"enabledHostNames":["up-pythonapp000003.azurewebsites.net","up-pythonapp000003.scm.azurewebsites.net"],"siteProperties":{"metadata":null,"properties":[{"name":"LinuxFxVersion","value":"PYTHON|3.6"},{"name":"WindowsFxVersion","value":null}],"appSettings":null},"availabilityState":"Normal","sslCertificates":null,"csrs":[],"cers":null,"siteMode":null,"hostNameSslStates":[{"name":"up-pythonapp000003.azurewebsites.net","sslState":"Disabled","ipBasedSslResult":null,"virtualIP":null,"thumbprint":null,"toUpdate":null,"toUpdateIpBasedSsl":null,"ipBasedSslState":"NotConfigured","hostType":"Standard"},{"name":"up-pythonapp000003.scm.azurewebsites.net","sslState":"Disabled","ipBasedSslResult":null,"virtualIP":null,"thumbprint":null,"toUpdate":null,"toUpdateIpBasedSsl":null,"ipBasedSslState":"NotConfigured","hostType":"Repository"}],"computeMode":null,"serverFarm":null,"serverFarmId":"/subscriptions/00000000-0000-0000-0000-000000000000/resourceGroups/clitest000001/providers/Microsoft.Web/serverfarms/up-pythonplan000002","reserved":true,"isXenon":false,"hyperV":false,"lastModifiedTimeUtc":"2021-06-18T14:49:56.17","storageRecoveryDefaultState":"Running","contentAvailabilityState":"Normal","runtimeAvailabilityState":"Normal","siteConfig":{"numberOfWorkers":1,"defaultDocuments":null,"netFrameworkVersion":null,"phpVersion":null,"pythonVersion":null,"nodeVersion":null,"powerShellVersion":null,"linuxFxVersion":"PYTHON|3.6","windowsFxVersion":null,"requestTracingEnabled":null,"remoteDebuggingEnabled":null,"remoteDebuggingVersion":null,"httpLoggingEnabled":null,"azureMonitorLogCategories":null,"acrUseManagedIdentityCreds":false,"acrUserManagedIdentityID":null,"logsDirectorySizeLimit":null,"detailedErrorLoggingEnabled":null,"publishingUsername":null,"publishingPassword":null,"appSettings":null,"azureStorageAccounts":null,"metadata":null,"connectionStrings":null,"machineKey":null,"handlerMappings":null,"documentRoot":null,"scmType":null,"use32BitWorkerProcess":null,"webSocketsEnabled":null,"alwaysOn":true,"javaVersion":null,"javaContainer":null,"javaContainerVersion":null,"appCommandLine":null,"managedPipelineMode":null,"virtualApplications":null,"winAuthAdminState":null,"winAuthTenantState":null,"customAppPoolIdentityAdminState":null,"customAppPoolIdentityTenantState":null,"runtimeADUser":null,"runtimeADUserPassword":null,"loadBalancing":null,"routingRules":null,"experiments":null,"limits":null,"autoHealEnabled":null,"autoHealRules":null,"tracingOptions":null,"vnetName":null,"vnetRouteAllEnabled":null,"vnetPrivatePortsCount":null,"publicNetworkAccess":null,"cors":null,"push":null,"apiDefinition":null,"apiManagementConfig":null,"autoSwapSlotName":null,"localMySqlEnabled":null,"managedServiceIdentityId":null,"xManagedServiceIdentityId":null,"keyVaultReferenceIdentity":null,"ipSecurityRestrictions":null,"scmIpSecurityRestrictions":null,"scmIpSecurityRestrictionsUseMain":null,"http20Enabled":true,"minTlsVersion":null,"scmMinTlsVersion":null,"ftpsState":null,"preWarmedInstanceCount":null,"functionAppScaleLimit":0,"healthCheckPath":null,"fileChangeAuditEnabled":null,"functionsRuntimeScaleMonitoringEnabled":null,"websiteTimeZone":null,"minimumElasticInstanceCount":0},"deploymentId":"up-pythonapp000003","slotName":null,"trafficManagerHostNames":null,"sku":"Standard","scmSiteAlsoStopped":false,"targetSwapSlot":null,"hostingEnvironment":null,"hostingEnvironmentProfile":null,"clientAffinityEnabled":true,"clientCertEnabled":false,"clientCertMode":"Required","clientCertExclusionPaths":null,"hostNamesDisabled":false,"domainVerificationIdentifiers":null,"customDomainVerificationId":"EDB946301F50BC2F614D3F83E47E378C1DF5268CC283DA02AC5F184DCD11C88E","kind":"app,linux","inboundIpAddress":"20.40.202.17","possibleInboundIpAddresses":"20.40.202.17","ftpUsername":"up-pythonapp000003\\$up-pythonapp000003","ftpsHostName":"ftps://waws-prod-dm1-209.ftp.azurewebsites.windows.net/site/wwwroot","outboundIpAddresses":"52.182.217.230,52.182.218.4,52.182.218.17,52.182.218.204,52.182.220.9,52.182.220.17,20.40.202.17","possibleOutboundIpAddresses":"52.182.217.230,52.182.218.4,52.182.218.17,52.182.218.204,52.182.220.9,52.182.220.17,52.182.220.23,52.182.220.29,52.182.220.56,52.182.220.93,52.182.220.97,52.182.220.104,52.182.220.171,52.182.220.191,52.182.221.16,52.182.221.25,52.182.221.60,52.182.221.97,20.40.202.17","containerSize":0,"dailyMemoryTimeQuota":0,"suspendedTill":null,"siteDisabledReason":0,"functionExecutionUnitsCache":null,"maxNumberOfWorkers":null,"homeStamp":"waws-prod-dm1-209","cloningInfo":null,"hostingEnvironmentId":null,"tags":null,"resourceGroup":"clitest000001","defaultHostName":"up-pythonapp000003.azurewebsites.net","slotSwapStatus":null,"keyVaultReferenceIdentity":"SystemAssigned","httpsOnly":true,"redundancyMode":"None","inProgressOperationId":null,"geoDistributions":null,"privateEndpointConnections":[],"buildVersion":null,"targetBuildVersion":null,"migrationState":null,"eligibleLogCategories":"AppServiceAppLogs,AppServiceAuditLogs,AppServiceConsoleLogs,AppServiceHTTPLogs,AppServiceIPSecAuditLogs,AppServicePlatformLogs,ScanLogs","storageAccountRequired":false,"virtualNetworkSubnetId":null}}'
    headers:
      cache-control:
      - no-cache
      content-length:
      - '6005'
      content-type:
      - application/json
      date:
      - Fri, 18 Jun 2021 14:52:40 GMT
      etag:
      - '"1D76451343472A0"'
      expires:
      - '-1'
      pragma:
      - no-cache
      server:
      - Microsoft-IIS/10.0
      strict-transport-security:
      - max-age=31536000; includeSubDomains
      transfer-encoding:
      - chunked
      vary:
      - Accept-Encoding
      x-aspnet-version:
      - 4.0.30319
      x-content-type-options:
      - nosniff
      x-powered-by:
      - ASP.NET
    status:
      code: 200
      message: OK
- request:
    body: null
    headers:
      Accept:
      - application/json
      Accept-Encoding:
      - gzip, deflate
      CommandName:
      - webapp show
      Connection:
      - keep-alive
      User-Agent:
      - AZURECLI/2.25.0 azsdk-python-azure-mgmt-web/2.0.0 Python/3.8.10 (Windows-10-10.0.19043-SP0)
    method: GET
    uri: https://management.azure.com/subscriptions/00000000-0000-0000-0000-000000000000/resourceGroups/clitest000001/providers/Microsoft.Web/sites/up-pythonapp000003/config/web?api-version=2020-09-01
  response:
    body:
      string: '{"id":"/subscriptions/00000000-0000-0000-0000-000000000000/resourceGroups/clitest000001/providers/Microsoft.Web/sites/up-pythonapp000003/config/web","name":"up-pythonapp000003","type":"Microsoft.Web/sites/config","location":"Central
        US","properties":{"numberOfWorkers":1,"defaultDocuments":["Default.htm","Default.html","Default.asp","index.htm","index.html","iisstart.htm","default.aspx","index.php","hostingstart.html"],"netFrameworkVersion":"v4.0","phpVersion":"","pythonVersion":"","nodeVersion":"","powerShellVersion":"","linuxFxVersion":"PYTHON|3.6","windowsFxVersion":null,"requestTracingEnabled":false,"remoteDebuggingEnabled":false,"remoteDebuggingVersion":null,"httpLoggingEnabled":true,"azureMonitorLogCategories":null,"acrUseManagedIdentityCreds":false,"acrUserManagedIdentityID":null,"logsDirectorySizeLimit":100,"detailedErrorLoggingEnabled":false,"publishingUsername":"$up-pythonapp000003","publishingPassword":null,"appSettings":null,"azureStorageAccounts":{},"metadata":null,"connectionStrings":null,"machineKey":null,"handlerMappings":null,"documentRoot":null,"scmType":"None","use32BitWorkerProcess":true,"webSocketsEnabled":false,"alwaysOn":true,"javaVersion":null,"javaContainer":null,"javaContainerVersion":null,"appCommandLine":"","managedPipelineMode":"Integrated","virtualApplications":[{"virtualPath":"/","physicalPath":"site\\wwwroot","preloadEnabled":true,"virtualDirectories":null}],"winAuthAdminState":0,"winAuthTenantState":0,"customAppPoolIdentityAdminState":false,"customAppPoolIdentityTenantState":false,"runtimeADUser":null,"runtimeADUserPassword":null,"loadBalancing":"LeastRequests","routingRules":[],"experiments":{"rampUpRules":[]},"limits":null,"autoHealEnabled":false,"autoHealRules":null,"tracingOptions":null,"vnetName":"","vnetRouteAllEnabled":false,"vnetPrivatePortsCount":0,"publicNetworkAccess":null,"siteAuthEnabled":false,"siteAuthSettings":{"enabled":null,"configVersion":null,"unauthenticatedClientAction":null,"tokenStoreEnabled":null,"allowedExternalRedirectUrls":null,"defaultProvider":null,"clientId":null,"clientSecret":null,"clientSecretSettingName":null,"clientSecretCertificateThumbprint":null,"issuer":null,"allowedAudiences":null,"additionalLoginParams":null,"isAadAutoProvisioned":false,"aadClaimsAuthorization":null,"googleClientId":null,"googleClientSecret":null,"googleClientSecretSettingName":null,"googleOAuthScopes":null,"facebookAppId":null,"facebookAppSecret":null,"facebookAppSecretSettingName":null,"facebookOAuthScopes":null,"gitHubClientId":null,"gitHubClientSecret":null,"gitHubClientSecretSettingName":null,"gitHubOAuthScopes":null,"twitterConsumerKey":null,"twitterConsumerSecret":null,"twitterConsumerSecretSettingName":null,"microsoftAccountClientId":null,"microsoftAccountClientSecret":null,"microsoftAccountClientSecretSettingName":null,"microsoftAccountOAuthScopes":null},"cors":null,"push":null,"apiDefinition":null,"apiManagementConfig":null,"autoSwapSlotName":null,"localMySqlEnabled":false,"managedServiceIdentityId":null,"xManagedServiceIdentityId":null,"keyVaultReferenceIdentity":null,"ipSecurityRestrictions":[{"ipAddress":"Any","action":"Allow","priority":1,"name":"Allow
        all","description":"Allow all access"}],"scmIpSecurityRestrictions":[{"ipAddress":"Any","action":"Allow","priority":1,"name":"Allow
        all","description":"Allow all access"}],"scmIpSecurityRestrictionsUseMain":false,"http20Enabled":true,"minTlsVersion":"1.2","scmMinTlsVersion":"1.0","ftpsState":"AllAllowed","preWarmedInstanceCount":0,"functionAppScaleLimit":0,"healthCheckPath":null,"fileChangeAuditEnabled":false,"functionsRuntimeScaleMonitoringEnabled":false,"websiteTimeZone":null,"minimumElasticInstanceCount":0}}'
    headers:
      cache-control:
      - no-cache
      content-length:
      - '3708'
      content-type:
      - application/json
      date:
      - Fri, 18 Jun 2021 14:52:41 GMT
      expires:
      - '-1'
      pragma:
      - no-cache
      server:
      - Microsoft-IIS/10.0
      strict-transport-security:
      - max-age=31536000; includeSubDomains
      transfer-encoding:
      - chunked
      vary:
      - Accept-Encoding
      x-aspnet-version:
      - 4.0.30319
      x-content-type-options:
      - nosniff
      x-powered-by:
      - ASP.NET
    status:
      code: 200
      message: OK
- request:
    body: '{"format": "WebDeploy"}'
    headers:
      Accept:
      - application/xml
      Accept-Encoding:
      - gzip, deflate
      CommandName:
      - webapp show
      Connection:
      - keep-alive
      Content-Length:
      - '23'
      Content-Type:
      - application/json
      User-Agent:
      - AZURECLI/2.25.0 azsdk-python-azure-mgmt-web/2.0.0 Python/3.8.10 (Windows-10-10.0.19043-SP0)
    method: POST
    uri: https://management.azure.com/subscriptions/00000000-0000-0000-0000-000000000000/resourceGroups/clitest000001/providers/Microsoft.Web/sites/up-pythonapp000003/publishxml?api-version=2020-09-01
  response:
    body:
      string: <publishData><publishProfile profileName="up-pythonapp000003 - Web Deploy"
        publishMethod="MSDeploy" publishUrl="up-pythonapp000003.scm.azurewebsites.net:443"
        msdeploySite="up-pythonapp000003" userName="$up-pythonapp000003" userPWD="Nr2kXfblL1kuFgvHSapgPLkX0t7LCLgBiBqJAnExDkfTXv0c2m5bCk4vvzu3"
        destinationAppUrl="https://up-pythonapp000003.azurewebsites.net" SQLServerDBConnectionString=""
        mySQLDBConnectionString="" hostingProviderForumLink="" controlPanelLink="http://windows.azure.com"
        webSystem="WebSites"><databases /></publishProfile><publishProfile profileName="up-pythonapp000003
        - FTP" publishMethod="FTP" publishUrl="ftp://waws-prod-dm1-209.ftp.azurewebsites.windows.net/site/wwwroot"
        ftpPassiveMode="True" userName="up-pythonapp000003\$up-pythonapp000003" userPWD="Nr2kXfblL1kuFgvHSapgPLkX0t7LCLgBiBqJAnExDkfTXv0c2m5bCk4vvzu3"
        destinationAppUrl="https://up-pythonapp000003.azurewebsites.net" SQLServerDBConnectionString=""
        mySQLDBConnectionString="" hostingProviderForumLink="" controlPanelLink="http://windows.azure.com"
        webSystem="WebSites"><databases /></publishProfile><publishProfile profileName="up-pythonapp000003
        - Zip Deploy" publishMethod="ZipDeploy" publishUrl="up-pythonapp000003.scm.azurewebsites.net:443"
        userName="$up-pythonapp000003" userPWD="Nr2kXfblL1kuFgvHSapgPLkX0t7LCLgBiBqJAnExDkfTXv0c2m5bCk4vvzu3"
        destinationAppUrl="https://up-pythonapp000003.azurewebsites.net" SQLServerDBConnectionString=""
        mySQLDBConnectionString="" hostingProviderForumLink="" controlPanelLink="http://windows.azure.com"
        webSystem="WebSites"><databases /></publishProfile></publishData>
    headers:
      cache-control:
      - no-cache
      content-length:
      - '1670'
      content-type:
      - application/xml
      date:
      - Fri, 18 Jun 2021 14:52:43 GMT
      expires:
      - '-1'
      pragma:
      - no-cache
      server:
      - Microsoft-IIS/10.0
      strict-transport-security:
      - max-age=31536000; includeSubDomains
      x-aspnet-version:
      - 4.0.30319
      x-content-type-options:
      - nosniff
      x-ms-ratelimit-remaining-subscription-resource-requests:
      - '11991'
      x-powered-by:
      - ASP.NET
    status:
      code: 200
      message: OK
- request:
    body: null
    headers:
      Accept:
      - application/json
      Accept-Encoding:
      - gzip, deflate
      CommandName:
      - webapp config show
      Connection:
      - keep-alive
      User-Agent:
      - AZURECLI/2.25.0 azsdk-python-azure-mgmt-web/2.0.0 Python/3.8.10 (Windows-10-10.0.19043-SP0)
    method: GET
    uri: https://management.azure.com/subscriptions/00000000-0000-0000-0000-000000000000/resourceGroups/clitest000001/providers/Microsoft.Web/sites/up-pythonapp000003/config/web?api-version=2020-09-01
  response:
    body:
      string: '{"id":"/subscriptions/00000000-0000-0000-0000-000000000000/resourceGroups/clitest000001/providers/Microsoft.Web/sites/up-pythonapp000003/config/web","name":"up-pythonapp000003","type":"Microsoft.Web/sites/config","location":"Central
        US","properties":{"numberOfWorkers":1,"defaultDocuments":["Default.htm","Default.html","Default.asp","index.htm","index.html","iisstart.htm","default.aspx","index.php","hostingstart.html"],"netFrameworkVersion":"v4.0","phpVersion":"","pythonVersion":"","nodeVersion":"","powerShellVersion":"","linuxFxVersion":"PYTHON|3.6","windowsFxVersion":null,"requestTracingEnabled":false,"remoteDebuggingEnabled":false,"remoteDebuggingVersion":null,"httpLoggingEnabled":true,"azureMonitorLogCategories":null,"acrUseManagedIdentityCreds":false,"acrUserManagedIdentityID":null,"logsDirectorySizeLimit":100,"detailedErrorLoggingEnabled":false,"publishingUsername":"$up-pythonapp000003","publishingPassword":null,"appSettings":null,"azureStorageAccounts":{},"metadata":null,"connectionStrings":null,"machineKey":null,"handlerMappings":null,"documentRoot":null,"scmType":"None","use32BitWorkerProcess":true,"webSocketsEnabled":false,"alwaysOn":true,"javaVersion":null,"javaContainer":null,"javaContainerVersion":null,"appCommandLine":"","managedPipelineMode":"Integrated","virtualApplications":[{"virtualPath":"/","physicalPath":"site\\wwwroot","preloadEnabled":true,"virtualDirectories":null}],"winAuthAdminState":0,"winAuthTenantState":0,"customAppPoolIdentityAdminState":false,"customAppPoolIdentityTenantState":false,"runtimeADUser":null,"runtimeADUserPassword":null,"loadBalancing":"LeastRequests","routingRules":[],"experiments":{"rampUpRules":[]},"limits":null,"autoHealEnabled":false,"autoHealRules":null,"tracingOptions":null,"vnetName":"","vnetRouteAllEnabled":false,"vnetPrivatePortsCount":0,"publicNetworkAccess":null,"siteAuthEnabled":false,"siteAuthSettings":{"enabled":null,"configVersion":null,"unauthenticatedClientAction":null,"tokenStoreEnabled":null,"allowedExternalRedirectUrls":null,"defaultProvider":null,"clientId":null,"clientSecret":null,"clientSecretSettingName":null,"clientSecretCertificateThumbprint":null,"issuer":null,"allowedAudiences":null,"additionalLoginParams":null,"isAadAutoProvisioned":false,"aadClaimsAuthorization":null,"googleClientId":null,"googleClientSecret":null,"googleClientSecretSettingName":null,"googleOAuthScopes":null,"facebookAppId":null,"facebookAppSecret":null,"facebookAppSecretSettingName":null,"facebookOAuthScopes":null,"gitHubClientId":null,"gitHubClientSecret":null,"gitHubClientSecretSettingName":null,"gitHubOAuthScopes":null,"twitterConsumerKey":null,"twitterConsumerSecret":null,"twitterConsumerSecretSettingName":null,"microsoftAccountClientId":null,"microsoftAccountClientSecret":null,"microsoftAccountClientSecretSettingName":null,"microsoftAccountOAuthScopes":null},"cors":null,"push":null,"apiDefinition":null,"apiManagementConfig":null,"autoSwapSlotName":null,"localMySqlEnabled":false,"managedServiceIdentityId":null,"xManagedServiceIdentityId":null,"keyVaultReferenceIdentity":null,"ipSecurityRestrictions":[{"ipAddress":"Any","action":"Allow","priority":1,"name":"Allow
        all","description":"Allow all access"}],"scmIpSecurityRestrictions":[{"ipAddress":"Any","action":"Allow","priority":1,"name":"Allow
        all","description":"Allow all access"}],"scmIpSecurityRestrictionsUseMain":false,"http20Enabled":true,"minTlsVersion":"1.2","scmMinTlsVersion":"1.0","ftpsState":"AllAllowed","preWarmedInstanceCount":0,"functionAppScaleLimit":0,"healthCheckPath":null,"fileChangeAuditEnabled":false,"functionsRuntimeScaleMonitoringEnabled":false,"websiteTimeZone":null,"minimumElasticInstanceCount":0}}'
    headers:
      cache-control:
      - no-cache
      content-length:
      - '3708'
      content-type:
      - application/json
      date:
      - Fri, 18 Jun 2021 14:52:44 GMT
      expires:
      - '-1'
      pragma:
      - no-cache
      server:
      - Microsoft-IIS/10.0
      strict-transport-security:
      - max-age=31536000; includeSubDomains
      transfer-encoding:
      - chunked
      vary:
      - Accept-Encoding
      x-aspnet-version:
      - 4.0.30319
      x-content-type-options:
      - nosniff
      x-powered-by:
      - ASP.NET
    status:
      code: 200
      message: OK
- request:
    body: null
    headers:
      Accept:
      - application/json
      Accept-Encoding:
      - gzip, deflate
      CommandName:
      - webapp config appsettings list
      Connection:
      - keep-alive
      Content-Length:
      - '0'
      User-Agent:
      - AZURECLI/2.25.0 azsdk-python-azure-mgmt-web/2.0.0 Python/3.8.10 (Windows-10-10.0.19043-SP0)
    method: POST
    uri: https://management.azure.com/subscriptions/00000000-0000-0000-0000-000000000000/resourceGroups/clitest000001/providers/Microsoft.Web/sites/up-pythonapp000003/config/appsettings/list?api-version=2020-09-01
  response:
    body:
      string: '{"id":"/subscriptions/00000000-0000-0000-0000-000000000000/resourceGroups/clitest000001/providers/Microsoft.Web/sites/up-pythonapp000003/config/appsettings","name":"appsettings","type":"Microsoft.Web/sites/config","location":"Central
        US","properties":{"SCM_DO_BUILD_DURING_DEPLOYMENT":"True","WEBSITE_HTTPLOGGING_RETENTION_DAYS":"3"}}'
    headers:
      cache-control:
      - no-cache
      content-length:
      - '351'
      content-type:
      - application/json
      date:
      - Fri, 18 Jun 2021 14:52:45 GMT
      expires:
      - '-1'
      pragma:
      - no-cache
      server:
      - Microsoft-IIS/10.0
      strict-transport-security:
      - max-age=31536000; includeSubDomains
      transfer-encoding:
      - chunked
      vary:
      - Accept-Encoding
      x-aspnet-version:
      - 4.0.30319
      x-content-type-options:
      - nosniff
      x-ms-ratelimit-remaining-subscription-resource-requests:
      - '11993'
      x-powered-by:
      - ASP.NET
    status:
      code: 200
      message: OK
- request:
    body: null
    headers:
      Accept:
      - application/json
      Accept-Encoding:
      - gzip, deflate
      CommandName:
      - webapp config appsettings list
      Connection:
      - keep-alive
      User-Agent:
      - AZURECLI/2.25.0 azsdk-python-azure-mgmt-web/2.0.0 Python/3.8.10 (Windows-10-10.0.19043-SP0)
    method: GET
    uri: https://management.azure.com/subscriptions/00000000-0000-0000-0000-000000000000/resourceGroups/clitest000001/providers/Microsoft.Web/sites/up-pythonapp000003/config/slotConfigNames?api-version=2020-09-01
  response:
    body:
      string: '{"id":null,"name":"up-pythonapp000003","type":"Microsoft.Web/sites","location":"Central
        US","properties":{"connectionStringNames":null,"appSettingNames":null,"azureStorageConfigNames":null}}'
    headers:
      cache-control:
      - no-cache
      content-length:
      - '196'
      content-type:
      - application/json
      date:
      - Fri, 18 Jun 2021 14:52:46 GMT
      expires:
      - '-1'
      pragma:
      - no-cache
      server:
      - Microsoft-IIS/10.0
      strict-transport-security:
      - max-age=31536000; includeSubDomains
      transfer-encoding:
      - chunked
      vary:
      - Accept-Encoding
      x-aspnet-version:
      - 4.0.30319
      x-content-type-options:
      - nosniff
      x-powered-by:
      - ASP.NET
    status:
      code: 200
      message: OK
- request:
    body: null
    headers:
      Accept:
      - application/json
      Accept-Encoding:
      - gzip, deflate
      CommandName:
      - appservice plan show
      Connection:
      - keep-alive
      User-Agent:
      - AZURECLI/2.25.0 azsdk-python-azure-mgmt-web/2.0.0 Python/3.8.10 (Windows-10-10.0.19043-SP0)
    method: GET
    uri: https://management.azure.com/subscriptions/00000000-0000-0000-0000-000000000000/resourceGroups/clitest000001/providers/Microsoft.Web/serverfarms/up-pythonplan000002?api-version=2020-09-01
  response:
    body:
      string: '{"id":"/subscriptions/00000000-0000-0000-0000-000000000000/resourceGroups/clitest000001/providers/Microsoft.Web/serverfarms/up-pythonplan000002","name":"up-pythonplan000002","type":"Microsoft.Web/serverfarms","kind":"linux","location":"Central
        US","properties":{"serverFarmId":3976,"name":"up-pythonplan000002","workerSize":"Default","workerSizeId":0,"workerTierName":null,"numberOfWorkers":1,"currentWorkerSize":"Default","currentWorkerSizeId":0,"currentNumberOfWorkers":1,"status":"Ready","webSpace":"clitest000001-CentralUSwebspace-Linux","subscription":"a93e8c5c-63cb-4635-933f-6d166ac25187","adminSiteName":null,"hostingEnvironment":null,"hostingEnvironmentProfile":null,"maximumNumberOfWorkers":10,"planName":"VirtualDedicatedPlan","adminRuntimeSiteName":null,"computeMode":"Dedicated","siteMode":null,"geoRegion":"Central
        US","perSiteScaling":false,"elasticScaleEnabled":false,"maximumElasticWorkerCount":1,"numberOfSites":1,"hostingEnvironmentId":null,"isSpot":false,"spotExpirationTime":null,"freeOfferExpirationTime":null,"tags":null,"kind":"linux","resourceGroup":"clitest000001","reserved":true,"isXenon":false,"hyperV":false,"mdmId":"waws-prod-dm1-209_3976","targetWorkerCount":0,"targetWorkerSizeId":0,"provisioningState":"Succeeded","webSiteId":null,"existingServerFarmIds":null,"kubeEnvironmentProfile":null,"azBalancing":null},"sku":{"name":"S1","tier":"Standard","size":"S1","family":"S","capacity":1}}'
    headers:
      cache-control:
      - no-cache
      content-length:
      - '1468'
      content-type:
      - application/json
      date:
      - Fri, 18 Jun 2021 14:52:48 GMT
      expires:
      - '-1'
      pragma:
      - no-cache
      server:
      - Microsoft-IIS/10.0
      strict-transport-security:
      - max-age=31536000; includeSubDomains
      transfer-encoding:
      - chunked
      vary:
      - Accept-Encoding
      x-aspnet-version:
      - 4.0.30319
      x-content-type-options:
      - nosniff
      x-powered-by:
      - ASP.NET
    status:
      code: 200
      message: OK
version: 1
