interactions:
- request:
    body: '{"location": "australiaeast", "sku": {"name": "P1V3", "tier": "PREMIUMV3",
      "capacity": 1}, "properties": {"perSiteScaling": false, "isXenon": false, "hyperV":
      true, "zoneRedundant": false}}'
    headers:
      Accept:
      - application/json
      Accept-Encoding:
      - gzip, deflate
      CommandName:
      - appservice plan create
      Connection:
      - keep-alive
      Content-Length:
      - '189'
      Content-Type:
      - application/json
      ParameterSetName:
      - --hyper-v -n -g --sku -l
      User-Agent:
      - AZURECLI/2.54.0 azsdk-python-azure-mgmt-web/7.0.0 Python/3.10.13 (Linux-5.15.0-1050-azure-x86_64-with-glibc2.31)
        VSTS_7b238909-6802-4b65-b90d-184bca47f458_build_220_0
    method: PUT
    uri: https://management.azure.com/subscriptions/00000000-0000-0000-0000-000000000000/resourceGroups/cli_test000001/providers/Microsoft.Web/serverfarms/webapp-hyperv-plan000003?api-version=2023-01-01
  response:
    body:
      string: '{"id":"/subscriptions/00000000-0000-0000-0000-000000000000/resourceGroups/cli_test000001/providers/Microsoft.Web/serverfarms/webapp-hyperv-plan000003","name":"webapp-hyperv-plan000003","type":"Microsoft.Web/serverfarms","kind":"windows","location":"australiaeast","properties":{"serverFarmId":38566,"name":"webapp-hyperv-plan000003","sku":{"name":"P1v3","tier":"PremiumV3","size":"P1v3","family":"Pv3","capacity":1},"workerSize":"SmallV3","workerSizeId":6,"workerTierName":null,"numberOfWorkers":1,"currentWorkerSize":"SmallV3","currentWorkerSizeId":6,"currentNumberOfWorkers":1,"status":"Ready","webSpace":"cli_test000001-AustraliaEastwebspace-Xenon","subscription":"0b1f6471-1bf0-4dda-aec3-cb9272f09590","adminSiteName":null,"hostingEnvironment":null,"hostingEnvironmentProfile":null,"maximumNumberOfWorkers":0,"planName":"VirtualDedicatedPlan","adminRuntimeSiteName":null,"computeMode":"Dedicated","siteMode":null,"geoRegion":"Australia
        East","perSiteScaling":false,"elasticScaleEnabled":false,"maximumElasticWorkerCount":1,"numberOfSites":0,"hostingEnvironmentId":null,"isSpot":false,"spotExpirationTime":null,"freeOfferExpirationTime":null,"tags":null,"kind":"windows","resourceGroup":"cli_test000001","reserved":false,"isXenon":true,"hyperV":true,"mdmId":"waws-prod-sy3-067_38566","targetWorkerCount":0,"targetWorkerSizeId":0,"provisioningState":"Succeeded","webSiteId":null,"existingServerFarmIds":null,"kubeEnvironmentProfile":null,"zoneRedundant":false,"migrateToVMSS":null,"vnetConnectionsUsed":null,"vnetConnectionsMax":null,"createdTime":"2023-11-15T20:23:10.1866667"},"sku":{"name":"P1v3","tier":"PremiumV3","size":"P1v3","family":"Pv3","capacity":1}}'
    headers:
      cache-control:
      - no-cache
      content-length:
      - '1664'
      content-type:
      - application/json
      date:
      - Wed, 15 Nov 2023 20:23:13 GMT
      etag:
      - '"1DA18018DCEECB5"'
      expires:
      - '-1'
      pragma:
      - no-cache
      server:
      - Microsoft-IIS/10.0
      strict-transport-security:
      - max-age=31536000; includeSubDomains
      transfer-encoding:
      - chunked
      vary:
      - Accept-Encoding
      x-aspnet-version:
      - 4.0.30319
      x-content-type-options:
      - nosniff
      x-ms-ratelimit-remaining-subscription-writes:
      - '1197'
      x-powered-by:
      - ASP.NET
    status:
      code: 200
      message: OK
- request:
    body: null
    headers:
      Accept:
      - application/json
      Accept-Encoding:
      - gzip, deflate
      CommandName:
      - webapp create
      Connection:
      - keep-alive
      ParameterSetName:
      - -n -g -p -i
      User-Agent:
      - AZURECLI/2.54.0 azsdk-python-azure-mgmt-web/7.0.0 Python/3.10.13 (Linux-5.15.0-1050-azure-x86_64-with-glibc2.31)
        VSTS_7b238909-6802-4b65-b90d-184bca47f458_build_220_0
    method: GET
    uri: https://management.azure.com/subscriptions/00000000-0000-0000-0000-000000000000/resourceGroups/cli_test000001/providers/Microsoft.Web/serverfarms/webapp-hyperv-plan000003?api-version=2023-01-01
  response:
    body:
      string: '{"id":"/subscriptions/00000000-0000-0000-0000-000000000000/resourceGroups/cli_test000001/providers/Microsoft.Web/serverfarms/webapp-hyperv-plan000003","name":"webapp-hyperv-plan000003","type":"Microsoft.Web/serverfarms","kind":"windows","location":"Australia
        East","properties":{"serverFarmId":38566,"name":"webapp-hyperv-plan000003","workerSize":"SmallV3","workerSizeId":6,"workerTierName":null,"numberOfWorkers":1,"currentWorkerSize":"SmallV3","currentWorkerSizeId":6,"currentNumberOfWorkers":1,"status":"Ready","webSpace":"cli_test000001-AustraliaEastwebspace-Xenon","subscription":"0b1f6471-1bf0-4dda-aec3-cb9272f09590","adminSiteName":null,"hostingEnvironment":null,"hostingEnvironmentProfile":null,"maximumNumberOfWorkers":30,"planName":"VirtualDedicatedPlan","adminRuntimeSiteName":null,"computeMode":"Dedicated","siteMode":null,"geoRegion":"Australia
        East","perSiteScaling":false,"elasticScaleEnabled":false,"maximumElasticWorkerCount":1,"numberOfSites":0,"hostingEnvironmentId":null,"isSpot":false,"spotExpirationTime":null,"freeOfferExpirationTime":null,"tags":null,"kind":"windows","resourceGroup":"cli_test000001","reserved":false,"isXenon":true,"hyperV":true,"mdmId":"waws-prod-sy3-067_38566","targetWorkerCount":0,"targetWorkerSizeId":0,"provisioningState":"Succeeded","webSiteId":null,"existingServerFarmIds":null,"kubeEnvironmentProfile":null,"zoneRedundant":false,"migrateToVMSS":null,"vnetConnectionsUsed":0,"vnetConnectionsMax":2,"createdTime":"2023-11-15T20:23:10.1866667"},"sku":{"name":"P1v3","tier":"PremiumV3","size":"P1v3","family":"Pv3","capacity":1}}'
    headers:
      cache-control:
      - no-cache
      content-length:
      - '1577'
      content-type:
      - application/json
      date:
      - Wed, 15 Nov 2023 20:23:15 GMT
      expires:
      - '-1'
      pragma:
      - no-cache
      server:
      - Microsoft-IIS/10.0
      strict-transport-security:
      - max-age=31536000; includeSubDomains
      transfer-encoding:
      - chunked
      vary:
      - Accept-Encoding
      x-aspnet-version:
      - 4.0.30319
      x-content-type-options:
      - nosniff
      x-powered-by:
      - ASP.NET
    status:
      code: 200
      message: OK
- request:
    body: '{"name": "webapp-container-e2e000002", "type": "Site"}'
    headers:
      Accept:
      - application/json
      Accept-Encoding:
      - gzip, deflate
      CommandName:
      - webapp create
      Connection:
      - keep-alive
      Content-Length:
      - '54'
      Content-Type:
      - application/json
      ParameterSetName:
      - -n -g -p -i
      User-Agent:
      - AZURECLI/2.54.0 azsdk-python-azure-mgmt-web/7.0.0 Python/3.10.13 (Linux-5.15.0-1050-azure-x86_64-with-glibc2.31)
        VSTS_7b238909-6802-4b65-b90d-184bca47f458_build_220_0
    method: POST
    uri: https://management.azure.com/subscriptions/00000000-0000-0000-0000-000000000000/providers/Microsoft.Web/checknameavailability?api-version=2023-01-01
  response:
    body:
      string: '{"nameAvailable":true,"reason":"","message":""}'
    headers:
      cache-control:
      - no-cache
      content-length:
      - '47'
      content-type:
      - application/json
      date:
      - Wed, 15 Nov 2023 20:23:15 GMT
      expires:
      - '-1'
      pragma:
      - no-cache
      server:
      - Microsoft-IIS/10.0
      strict-transport-security:
      - max-age=31536000; includeSubDomains
      transfer-encoding:
      - chunked
      vary:
      - Accept-Encoding
      x-aspnet-version:
      - 4.0.30319
      x-content-type-options:
      - nosniff
      x-powered-by:
      - ASP.NET
    status:
      code: 200
      message: OK
- request:
    body: '{"location": "Australia East", "properties": {"serverFarmId": "/subscriptions/00000000-0000-0000-0000-000000000000/resourceGroups/cli_test000001/providers/Microsoft.Web/serverfarms/webapp-hyperv-plan000003",
      "reserved": false, "isXenon": false, "hyperV": false, "siteConfig": {"netFrameworkVersion":
      "v4.6", "windowsFxVersion": "DOCKER|mcr.microsoft.com/azure-app-service/windows/parkingpage:latest",
      "appSettings": [{"name": "DOCKER_REGISTRY_SERVER_USERNAME"}, {"name": "DOCKER_REGISTRY_SERVER_PASSWORD"},
      {"name": "DOCKER_REGISTRY_SERVER_URL", "value": "https://mcr.microsoft.com"}],
      "alwaysOn": true, "localMySqlEnabled": false, "http20Enabled": true}, "scmSiteAlsoStopped":
      false, "httpsOnly": false}}'
    headers:
      Accept:
      - application/json
      Accept-Encoding:
      - gzip, deflate
      CommandName:
      - webapp create
      Connection:
      - keep-alive
      Content-Length:
      - '705'
      Content-Type:
      - application/json
      ParameterSetName:
      - -n -g -p -i
      User-Agent:
      - AZURECLI/2.54.0 azsdk-python-azure-mgmt-web/7.0.0 Python/3.10.13 (Linux-5.15.0-1050-azure-x86_64-with-glibc2.31)
        VSTS_7b238909-6802-4b65-b90d-184bca47f458_build_220_0
    method: PUT
    uri: https://management.azure.com/subscriptions/00000000-0000-0000-0000-000000000000/resourceGroups/cli_test000001/providers/Microsoft.Web/sites/webapp-container-e2e000002?api-version=2023-01-01
  response:
    body:
      string: '{"id":"/subscriptions/00000000-0000-0000-0000-000000000000/resourceGroups/cli_test000001/providers/Microsoft.Web/sites/webapp-container-e2e000002","name":"webapp-container-e2e000002","type":"Microsoft.Web/sites","kind":"app,container,windows","location":"Australia
        East","properties":{"name":"webapp-container-e2e000002","state":"Running","hostNames":["webapp-container-e2e000002.azurewebsites.net"],"webSpace":"cli_test000001-AustraliaEastwebspace-Xenon","selfLink":"https://waws-prod-sy3-067.api.azurewebsites.windows.net:454/subscriptions/00000000-0000-0000-0000-000000000000/webspaces/cli_test000001-AustraliaEastwebspace-Xenon/sites/webapp-container-e2e000002","repositorySiteName":"webapp-container-e2e000002","owner":null,"usageState":"Normal","enabled":true,"adminEnabled":true,"afdEnabled":false,"enabledHostNames":["webapp-container-e2e000002.azurewebsites.net","webapp-container-e2e000002.scm.azurewebsites.net"],"siteProperties":{"metadata":null,"properties":[{"name":"LinuxFxVersion","value":""},{"name":"WindowsFxVersion","value":"DOCKER|mcr.microsoft.com/azure-app-service/windows/parkingpage:latest"}],"appSettings":null},"availabilityState":"Normal","sslCertificates":null,"csrs":[],"cers":null,"siteMode":null,"hostNameSslStates":[{"name":"webapp-container-e2e000002.azurewebsites.net","sslState":"Disabled","ipBasedSslResult":null,"virtualIP":null,"virtualIPv6":null,"thumbprint":null,"certificateResourceId":null,"toUpdate":null,"toUpdateIpBasedSsl":null,"ipBasedSslState":"NotConfigured","hostType":"Standard"},{"name":"webapp-container-e2e000002.scm.azurewebsites.net","sslState":"Disabled","ipBasedSslResult":null,"virtualIP":null,"virtualIPv6":null,"thumbprint":null,"certificateResourceId":null,"toUpdate":null,"toUpdateIpBasedSsl":null,"ipBasedSslState":"NotConfigured","hostType":"Repository"}],"computeMode":null,"serverFarm":null,"serverFarmId":"/subscriptions/00000000-0000-0000-0000-000000000000/resourceGroups/cli_test000001/providers/Microsoft.Web/serverfarms/webapp-hyperv-plan000003","reserved":false,"isXenon":true,"hyperV":true,"lastModifiedTimeUtc":"2023-11-15T20:23:21.6966667","storageRecoveryDefaultState":"Running","contentAvailabilityState":"Normal","runtimeAvailabilityState":"Normal","dnsConfiguration":{},"vnetRouteAllEnabled":false,"containerAllocationSubnet":null,"useContainerLocalhostBindings":null,"vnetImagePullEnabled":false,"vnetContentShareEnabled":false,"siteConfig":{"numberOfWorkers":1,"defaultDocuments":null,"netFrameworkVersion":null,"phpVersion":null,"pythonVersion":null,"nodeVersion":null,"powerShellVersion":null,"linuxFxVersion":"","windowsFxVersion":null,"windowsConfiguredStacks":null,"requestTracingEnabled":null,"remoteDebuggingEnabled":null,"remoteDebuggingVersion":null,"httpLoggingEnabled":null,"azureMonitorLogCategories":null,"acrUseManagedIdentityCreds":false,"acrUserManagedIdentityID":null,"logsDirectorySizeLimit":null,"detailedErrorLoggingEnabled":null,"publishingUsername":null,"publishingPassword":null,"appSettings":null,"metadata":null,"connectionStrings":null,"machineKey":null,"handlerMappings":null,"documentRoot":null,"scmType":null,"use32BitWorkerProcess":null,"webSocketsEnabled":null,"alwaysOn":false,"javaVersion":null,"javaContainer":null,"javaContainerVersion":null,"appCommandLine":null,"managedPipelineMode":null,"virtualApplications":null,"winAuthAdminState":null,"winAuthTenantState":null,"customAppPoolIdentityAdminState":null,"customAppPoolIdentityTenantState":null,"runtimeADUser":null,"runtimeADUserPassword":null,"loadBalancing":null,"routingRules":null,"experiments":null,"limits":null,"autoHealEnabled":null,"autoHealRules":null,"tracingOptions":null,"vnetName":null,"vnetRouteAllEnabled":null,"vnetPrivatePortsCount":null,"publicNetworkAccess":null,"cors":null,"push":null,"apiDefinition":null,"apiManagementConfig":null,"autoSwapSlotName":null,"localMySqlEnabled":null,"managedServiceIdentityId":null,"xManagedServiceIdentityId":null,"keyVaultReferenceIdentity":null,"ipSecurityRestrictions":[{"ipAddress":"Any","action":"Allow","priority":2147483647,"name":"Allow
        all","description":"Allow all access"}],"ipSecurityRestrictionsDefaultAction":null,"scmIpSecurityRestrictions":[{"ipAddress":"Any","action":"Allow","priority":2147483647,"name":"Allow
        all","description":"Allow all access"}],"scmIpSecurityRestrictionsDefaultAction":null,"scmIpSecurityRestrictionsUseMain":null,"http20Enabled":false,"minTlsVersion":null,"minTlsCipherSuite":null,"supportedTlsCipherSuites":null,"scmMinTlsVersion":null,"ftpsState":null,"preWarmedInstanceCount":null,"functionAppScaleLimit":null,"elasticWebAppScaleLimit":0,"healthCheckPath":null,"fileChangeAuditEnabled":null,"functionsRuntimeScaleMonitoringEnabled":null,"websiteTimeZone":null,"minimumElasticInstanceCount":0,"azureStorageAccounts":null,"http20ProxyFlag":null,"sitePort":null,"antivirusScanEnabled":null,"storageType":null,"sitePrivateLinkHostEnabled":null},"daprConfig":null,"deploymentId":"webapp-container-e2e000002","slotName":null,"trafficManagerHostNames":null,"sku":"PremiumV3","scmSiteAlsoStopped":false,"targetSwapSlot":null,"hostingEnvironment":null,"hostingEnvironmentProfile":null,"clientAffinityEnabled":true,"clientCertEnabled":false,"clientCertMode":"Required","clientCertExclusionPaths":null,"hostNamesDisabled":false,"ipMode":"IPv4","vnetBackupRestoreEnabled":false,"domainVerificationIdentifiers":null,"customDomainVerificationId":"253001F2FCF5A7B1CD759EB861E9BB1596370BE27E47A991F72184277B3D12F2","kind":"app,container,windows","managedEnvironmentId":null,"inboundIpAddress":"20.37.196.203","possibleInboundIpAddresses":"20.37.196.203","ftpUsername":"webapp-container-e2e000002\\$webapp-container-e2e000002","ftpsHostName":"ftps://waws-prod-sy3-067.ftp.azurewebsites.windows.net/site/wwwroot","outboundIpAddresses":"20.53.160.93,20.53.140.103,20.92.131.143,20.193.37.1,20.193.57.79,20.193.60.77,20.37.196.203","possibleOutboundIpAddresses":"20.53.141.33,20.53.141.66,20.53.138.208,20.193.19.225,20.53.141.116,20.53.141.183,20.53.141.218,20.53.142.29,20.53.92.174,20.53.138.140,20.53.142.218,20.53.143.13,20.53.143.132,20.53.138.207,20.53.109.16,20.53.143.215,20.53.160.74,20.53.160.79,20.53.160.93,20.53.140.103,20.92.131.143,20.193.37.1,20.193.57.79,20.193.60.77,20.193.61.167,20.193.62.122,20.193.62.127,20.193.63.221,20.53.113.254,20.53.116.192,20.37.196.203","containerSize":0,"dailyMemoryTimeQuota":0,"suspendedTill":null,"siteDisabledReason":0,"functionExecutionUnitsCache":null,"maxNumberOfWorkers":null,"homeStamp":"waws-prod-sy3-067","cloningInfo":null,"hostingEnvironmentId":null,"tags":null,"resourceGroup":"cli_test000001","defaultHostName":"webapp-container-e2e000002.azurewebsites.net","slotSwapStatus":null,"httpsOnly":false,"endToEndEncryptionEnabled":false,"functionsRuntimeAdminIsolationEnabled":false,"redundancyMode":"None","inProgressOperationId":null,"geoDistributions":null,"privateEndpointConnections":null,"publicNetworkAccess":null,"buildVersion":null,"targetBuildVersion":null,"migrationState":null,"eligibleLogCategories":"AppServiceAppLogs,AppServiceAuditLogs,AppServiceConsoleLogs,AppServiceHTTPLogs,AppServiceIPSecAuditLogs,AppServicePlatformLogs,ScanLogs,AppServiceFileAuditLogs,AppServiceAntivirusScanAuditLogs","inFlightFeatures":null,"storageAccountRequired":false,"virtualNetworkSubnetId":null,"keyVaultReferenceIdentity":"SystemAssigned","defaultHostNameScope":"Global","privateLinkIdentifiers":null,"sshEnabled":null}}'
    headers:
      cache-control:
      - no-cache
      content-length:
      - '7430'
      content-type:
      - application/json
      date:
      - Wed, 15 Nov 2023 20:23:43 GMT
      etag:
      - '"1DA18019465878B"'
      expires:
      - '-1'
      pragma:
      - no-cache
      server:
      - Microsoft-IIS/10.0
      strict-transport-security:
      - max-age=31536000; includeSubDomains
      transfer-encoding:
      - chunked
      vary:
      - Accept-Encoding
      x-aspnet-version:
      - 4.0.30319
      x-content-type-options:
      - nosniff
      x-ms-ratelimit-remaining-subscription-resource-requests:
      - '499'
      x-powered-by:
      - ASP.NET
    status:
      code: 200
      message: OK
- request:
    body: '{"format": "WebDeploy"}'
    headers:
      Accept:
      - application/xml
      Accept-Encoding:
      - gzip, deflate
      CommandName:
      - webapp create
      Connection:
      - keep-alive
      Content-Length:
      - '23'
      Content-Type:
      - application/json
      ParameterSetName:
      - -n -g -p -i
      User-Agent:
      - AZURECLI/2.54.0 azsdk-python-azure-mgmt-web/7.0.0 Python/3.10.13 (Linux-5.15.0-1050-azure-x86_64-with-glibc2.31)
        VSTS_7b238909-6802-4b65-b90d-184bca47f458_build_220_0
    method: POST
    uri: https://management.azure.com/subscriptions/00000000-0000-0000-0000-000000000000/resourceGroups/cli_test000001/providers/Microsoft.Web/sites/webapp-container-e2e000002/publishxml?api-version=2023-01-01
  response:
    body:
      string: <publishData><publishProfile profileName="webapp-container-e2e000002
        - Web Deploy" publishMethod="MSDeploy" publishUrl="webapp-container-e2e000002.scm.azurewebsites.net:443"
        msdeploySite="webapp-container-e2e000002" userName="$webapp-container-e2e000002"
        userPWD="SvkfhJzmlT4TE6fviZdqjvbw7DWxp8TXKpAMsw8sEY82CsRi84b824vBywyB" destinationAppUrl="http://webapp-container-e2e000002.azurewebsites.net"
        SQLServerDBConnectionString="" mySQLDBConnectionString="" hostingProviderForumLink=""
        controlPanelLink="http://windows.azure.com" webSystem="WebSites"><databases
        /></publishProfile><publishProfile profileName="webapp-container-e2e000002
        - FTP" publishMethod="FTP" publishUrl="ftps://waws-prod-sy3-067.ftp.azurewebsites.windows.net/site/wwwroot"
        ftpPassiveMode="True" userName="webapp-container-e2e000002\$webapp-container-e2e000002"
        userPWD="SvkfhJzmlT4TE6fviZdqjvbw7DWxp8TXKpAMsw8sEY82CsRi84b824vBywyB" destinationAppUrl="http://webapp-container-e2e000002.azurewebsites.net"
        SQLServerDBConnectionString="" mySQLDBConnectionString="" hostingProviderForumLink=""
        controlPanelLink="http://windows.azure.com" webSystem="WebSites"><databases
        /></publishProfile><publishProfile profileName="webapp-container-e2e000002
        - Zip Deploy" publishMethod="ZipDeploy" publishUrl="webapp-container-e2e000002.scm.azurewebsites.net:443"
        userName="$webapp-container-e2e000002" userPWD="SvkfhJzmlT4TE6fviZdqjvbw7DWxp8TXKpAMsw8sEY82CsRi84b824vBywyB"
        destinationAppUrl="http://webapp-container-e2e000002.azurewebsites.net" SQLServerDBConnectionString=""
        mySQLDBConnectionString="" hostingProviderForumLink="" controlPanelLink="http://windows.azure.com"
        webSystem="WebSites"><databases /></publishProfile></publishData>
    headers:
      cache-control:
      - no-cache
      content-length:
      - '1694'
      content-type:
      - application/xml
      date:
      - Wed, 15 Nov 2023 20:23:45 GMT
      expires:
      - '-1'
      pragma:
      - no-cache
      server:
      - Microsoft-IIS/10.0
      strict-transport-security:
      - max-age=31536000; includeSubDomains
      x-aspnet-version:
      - 4.0.30319
      x-content-type-options:
      - nosniff
      x-ms-ratelimit-remaining-subscription-resource-requests:
      - '11997'
      x-powered-by:
      - ASP.NET
    status:
      code: 200
      message: OK
- request:
    body: null
    headers:
      Accept:
      - application/json
      Accept-Encoding:
      - gzip, deflate
      CommandName:
      - webapp create
      Connection:
      - keep-alive
      Content-Length:
      - '0'
      ParameterSetName:
      - -n -g -p -i
      User-Agent:
      - AZURECLI/2.54.0 azsdk-python-azure-mgmt-web/7.0.0 Python/3.10.13 (Linux-5.15.0-1050-azure-x86_64-with-glibc2.31)
        VSTS_7b238909-6802-4b65-b90d-184bca47f458_build_220_0
    method: POST
    uri: https://management.azure.com/subscriptions/00000000-0000-0000-0000-000000000000/resourceGroups/cli_test000001/providers/Microsoft.Web/sites/webapp-container-e2e000002/config/appsettings/list?api-version=2023-01-01
  response:
    body:
      string: '{"id":"/subscriptions/00000000-0000-0000-0000-000000000000/resourceGroups/cli_test000001/providers/Microsoft.Web/sites/webapp-container-e2e000002/config/appsettings","name":"appsettings","type":"Microsoft.Web/sites/config","location":"Australia
        East","properties":{"DOCKER_REGISTRY_SERVER_USERNAME":"","DOCKER_REGISTRY_SERVER_PASSWORD":"","DOCKER_REGISTRY_SERVER_URL":"https://mcr.microsoft.com"}}'
    headers:
      cache-control:
      - no-cache
      content-length:
      - '397'
      content-type:
      - application/json
      date:
      - Wed, 15 Nov 2023 20:23:47 GMT
      expires:
      - '-1'
      pragma:
      - no-cache
      server:
      - Microsoft-IIS/10.0
      strict-transport-security:
      - max-age=31536000; includeSubDomains
      transfer-encoding:
      - chunked
      vary:
      - Accept-Encoding
      x-aspnet-version:
      - 4.0.30319
      x-content-type-options:
      - nosniff
      x-ms-ratelimit-remaining-subscription-resource-requests:
      - '11998'
      x-powered-by:
      - ASP.NET
    status:
      code: 200
      message: OK
- request:
    body: null
    headers:
      Accept:
      - '*/*'
      Accept-Encoding:
      - gzip, deflate
      CommandName:
      - webapp create
      Connection:
      - keep-alive
      ParameterSetName:
      - -n -g -p -i
      User-Agent:
      - python/3.10.13 (Linux-5.15.0-1050-azure-x86_64-with-glibc2.31) AZURECLI/2.54.0
        VSTS_7b238909-6802-4b65-b90d-184bca47f458_build_220_0
    method: GET
    uri: https://management.azure.com/subscriptions/00000000-0000-0000-0000-000000000000/resourceGroups/cli_test000001/providers/Microsoft.Web/sites/webapp-container-e2e000002?api-version=2023-01-01
  response:
    body:
      string: '{"id":"/subscriptions/00000000-0000-0000-0000-000000000000/resourceGroups/cli_test000001/providers/Microsoft.Web/sites/webapp-container-e2e000002","name":"webapp-container-e2e000002","type":"Microsoft.Web/sites","kind":"app,container,windows","location":"Australia
        East","properties":{"name":"webapp-container-e2e000002","state":"Running","hostNames":["webapp-container-e2e000002.azurewebsites.net"],"webSpace":"cli_test000001-AustraliaEastwebspace-Xenon","selfLink":"https://waws-prod-sy3-067.api.azurewebsites.windows.net:454/subscriptions/00000000-0000-0000-0000-000000000000/webspaces/cli_test000001-AustraliaEastwebspace-Xenon/sites/webapp-container-e2e000002","repositorySiteName":"webapp-container-e2e000002","owner":null,"usageState":"Normal","enabled":true,"adminEnabled":true,"afdEnabled":false,"enabledHostNames":["webapp-container-e2e000002.azurewebsites.net","webapp-container-e2e000002.scm.azurewebsites.net"],"siteProperties":{"metadata":null,"properties":[{"name":"LinuxFxVersion","value":""},{"name":"WindowsFxVersion","value":"DOCKER|mcr.microsoft.com/azure-app-service/windows/parkingpage:latest"}],"appSettings":null},"availabilityState":"Normal","sslCertificates":null,"csrs":[],"cers":null,"siteMode":null,"hostNameSslStates":[{"name":"webapp-container-e2e000002.azurewebsites.net","sslState":"Disabled","ipBasedSslResult":null,"virtualIP":null,"virtualIPv6":null,"thumbprint":null,"certificateResourceId":null,"toUpdate":null,"toUpdateIpBasedSsl":null,"ipBasedSslState":"NotConfigured","hostType":"Standard"},{"name":"webapp-container-e2e000002.scm.azurewebsites.net","sslState":"Disabled","ipBasedSslResult":null,"virtualIP":null,"virtualIPv6":null,"thumbprint":null,"certificateResourceId":null,"toUpdate":null,"toUpdateIpBasedSsl":null,"ipBasedSslState":"NotConfigured","hostType":"Repository"}],"computeMode":null,"serverFarm":null,"serverFarmId":"/subscriptions/00000000-0000-0000-0000-000000000000/resourceGroups/cli_test000001/providers/Microsoft.Web/serverfarms/webapp-hyperv-plan000003","reserved":false,"isXenon":true,"hyperV":true,"lastModifiedTimeUtc":"2023-11-15T20:23:43.4933333","storageRecoveryDefaultState":"Running","contentAvailabilityState":"Normal","runtimeAvailabilityState":"Normal","dnsConfiguration":{},"vnetRouteAllEnabled":false,"containerAllocationSubnet":null,"useContainerLocalhostBindings":null,"vnetImagePullEnabled":false,"vnetContentShareEnabled":false,"siteConfig":{"numberOfWorkers":1,"defaultDocuments":null,"netFrameworkVersion":null,"phpVersion":null,"pythonVersion":null,"nodeVersion":null,"powerShellVersion":null,"linuxFxVersion":"","windowsFxVersion":"DOCKER|mcr.microsoft.com/azure-app-service/windows/parkingpage:latest","windowsConfiguredStacks":null,"requestTracingEnabled":null,"remoteDebuggingEnabled":null,"remoteDebuggingVersion":null,"httpLoggingEnabled":null,"azureMonitorLogCategories":null,"acrUseManagedIdentityCreds":false,"acrUserManagedIdentityID":null,"logsDirectorySizeLimit":null,"detailedErrorLoggingEnabled":null,"publishingUsername":null,"publishingPassword":null,"appSettings":null,"metadata":null,"connectionStrings":null,"machineKey":null,"handlerMappings":null,"documentRoot":null,"scmType":null,"use32BitWorkerProcess":null,"webSocketsEnabled":null,"alwaysOn":true,"javaVersion":null,"javaContainer":null,"javaContainerVersion":null,"appCommandLine":null,"managedPipelineMode":null,"virtualApplications":null,"winAuthAdminState":null,"winAuthTenantState":null,"customAppPoolIdentityAdminState":null,"customAppPoolIdentityTenantState":null,"runtimeADUser":null,"runtimeADUserPassword":null,"loadBalancing":null,"routingRules":null,"experiments":null,"limits":null,"autoHealEnabled":null,"autoHealRules":null,"tracingOptions":null,"vnetName":null,"vnetRouteAllEnabled":null,"vnetPrivatePortsCount":null,"publicNetworkAccess":null,"cors":null,"push":null,"apiDefinition":null,"apiManagementConfig":null,"autoSwapSlotName":null,"localMySqlEnabled":null,"managedServiceIdentityId":null,"xManagedServiceIdentityId":null,"keyVaultReferenceIdentity":null,"ipSecurityRestrictions":null,"ipSecurityRestrictionsDefaultAction":null,"scmIpSecurityRestrictions":null,"scmIpSecurityRestrictionsDefaultAction":null,"scmIpSecurityRestrictionsUseMain":null,"http20Enabled":true,"minTlsVersion":null,"minTlsCipherSuite":null,"supportedTlsCipherSuites":null,"scmMinTlsVersion":null,"ftpsState":null,"preWarmedInstanceCount":null,"functionAppScaleLimit":0,"elasticWebAppScaleLimit":null,"healthCheckPath":null,"fileChangeAuditEnabled":null,"functionsRuntimeScaleMonitoringEnabled":null,"websiteTimeZone":null,"minimumElasticInstanceCount":0,"azureStorageAccounts":null,"http20ProxyFlag":null,"sitePort":null,"antivirusScanEnabled":null,"storageType":null,"sitePrivateLinkHostEnabled":null},"daprConfig":null,"deploymentId":"webapp-container-e2e000002","slotName":null,"trafficManagerHostNames":null,"sku":"PremiumV3","scmSiteAlsoStopped":false,"targetSwapSlot":null,"hostingEnvironment":null,"hostingEnvironmentProfile":null,"clientAffinityEnabled":true,"clientCertEnabled":false,"clientCertMode":"Required","clientCertExclusionPaths":null,"hostNamesDisabled":false,"ipMode":"IPv4","vnetBackupRestoreEnabled":false,"domainVerificationIdentifiers":null,"customDomainVerificationId":"253001F2FCF5A7B1CD759EB861E9BB1596370BE27E47A991F72184277B3D12F2","kind":"app,container,windows","managedEnvironmentId":null,"inboundIpAddress":"20.37.196.203","possibleInboundIpAddresses":"20.37.196.203","ftpUsername":"webapp-container-e2e000002\\$webapp-container-e2e000002","ftpsHostName":"ftps://waws-prod-sy3-067.ftp.azurewebsites.windows.net/site/wwwroot","outboundIpAddresses":"20.53.160.93,20.53.140.103,20.92.131.143,20.193.37.1,20.193.57.79,20.193.60.77,20.37.196.203","possibleOutboundIpAddresses":"20.53.141.33,20.53.141.66,20.53.138.208,20.193.19.225,20.53.141.116,20.53.141.183,20.53.141.218,20.53.142.29,20.53.92.174,20.53.138.140,20.53.142.218,20.53.143.13,20.53.143.132,20.53.138.207,20.53.109.16,20.53.143.215,20.53.160.74,20.53.160.79,20.53.160.93,20.53.140.103,20.92.131.143,20.193.37.1,20.193.57.79,20.193.60.77,20.193.61.167,20.193.62.122,20.193.62.127,20.193.63.221,20.53.113.254,20.53.116.192,20.37.196.203","containerSize":0,"dailyMemoryTimeQuota":0,"suspendedTill":null,"siteDisabledReason":0,"functionExecutionUnitsCache":null,"maxNumberOfWorkers":null,"homeStamp":"waws-prod-sy3-067","cloningInfo":null,"hostingEnvironmentId":null,"tags":null,"resourceGroup":"cli_test000001","defaultHostName":"webapp-container-e2e000002.azurewebsites.net","slotSwapStatus":null,"httpsOnly":false,"endToEndEncryptionEnabled":false,"functionsRuntimeAdminIsolationEnabled":false,"redundancyMode":"None","inProgressOperationId":null,"geoDistributions":null,"privateEndpointConnections":[],"publicNetworkAccess":null,"buildVersion":null,"targetBuildVersion":null,"migrationState":null,"eligibleLogCategories":"AppServiceAppLogs,AppServiceAuditLogs,AppServiceConsoleLogs,AppServiceHTTPLogs,AppServiceIPSecAuditLogs,AppServicePlatformLogs,ScanLogs,AppServiceFileAuditLogs,AppServiceAntivirusScanAuditLogs","inFlightFeatures":[],"storageAccountRequired":false,"virtualNetworkSubnetId":null,"keyVaultReferenceIdentity":"SystemAssigned","defaultHostNameScope":"Global","privateLinkIdentifiers":null,"sshEnabled":null}}'
    headers:
      cache-control:
      - no-cache
      content-length:
      - '7275'
      content-type:
      - application/json
      date:
      - Wed, 15 Nov 2023 20:23:48 GMT
      etag:
      - '"1DA1801A0EF7855"'
      expires:
      - '-1'
      pragma:
      - no-cache
      server:
      - Microsoft-IIS/10.0
      strict-transport-security:
      - max-age=31536000; includeSubDomains
      transfer-encoding:
      - chunked
      vary:
      - Accept-Encoding
      x-aspnet-version:
      - 4.0.30319
      x-content-type-options:
      - nosniff
      x-powered-by:
      - ASP.NET
    status:
      code: 200
      message: OK
- request:
    body: '{"properties": {"DOCKER_REGISTRY_SERVER_USERNAME": "", "DOCKER_REGISTRY_SERVER_PASSWORD":
      "", "DOCKER_REGISTRY_SERVER_URL": "https://mcr.microsoft.com"}}'
    headers:
      Accept:
      - application/json
      Accept-Encoding:
      - gzip, deflate
      CommandName:
      - webapp create
      Connection:
      - keep-alive
      Content-Length:
      - '153'
      Content-Type:
      - application/json
      ParameterSetName:
      - -n -g -p -i
      User-Agent:
      - AZURECLI/2.54.0 azsdk-python-azure-mgmt-web/7.0.0 Python/3.10.13 (Linux-5.15.0-1050-azure-x86_64-with-glibc2.31)
        VSTS_7b238909-6802-4b65-b90d-184bca47f458_build_220_0
    method: PUT
    uri: https://management.azure.com/subscriptions/00000000-0000-0000-0000-000000000000/resourceGroups/cli_test000001/providers/Microsoft.Web/sites/webapp-container-e2e000002/config/appsettings?api-version=2023-01-01
  response:
    body:
      string: '{"id":"/subscriptions/00000000-0000-0000-0000-000000000000/resourceGroups/cli_test000001/providers/Microsoft.Web/sites/webapp-container-e2e000002/config/appsettings","name":"appsettings","type":"Microsoft.Web/sites/config","location":"Australia
        East","properties":{"DOCKER_REGISTRY_SERVER_USERNAME":"","DOCKER_REGISTRY_SERVER_PASSWORD":"","DOCKER_REGISTRY_SERVER_URL":"https://mcr.microsoft.com"}}'
    headers:
      cache-control:
      - no-cache
      content-length:
      - '397'
      content-type:
      - application/json
      date:
      - Wed, 15 Nov 2023 20:24:02 GMT
      etag:
      - '"1DA1801A0EF7855"'
      expires:
      - '-1'
      pragma:
      - no-cache
      server:
      - Microsoft-IIS/10.0
      strict-transport-security:
      - max-age=31536000; includeSubDomains
      transfer-encoding:
      - chunked
      vary:
      - Accept-Encoding
      x-aspnet-version:
      - 4.0.30319
      x-content-type-options:
      - nosniff
      x-ms-ratelimit-remaining-subscription-writes:
      - '1198'
      x-powered-by:
      - ASP.NET
    status:
      code: 200
      message: OK
- request:
    body: null
    headers:
      Accept:
      - application/json
      Accept-Encoding:
      - gzip, deflate
      CommandName:
      - webapp create
      Connection:
      - keep-alive
      Content-Length:
      - '0'
      ParameterSetName:
      - -n -g -p -i
      User-Agent:
      - AZURECLI/2.54.0 azsdk-python-azure-mgmt-web/7.0.0 Python/3.10.13 (Linux-5.15.0-1050-azure-x86_64-with-glibc2.31)
        VSTS_7b238909-6802-4b65-b90d-184bca47f458_build_220_0
    method: POST
    uri: https://management.azure.com/subscriptions/00000000-0000-0000-0000-000000000000/resourceGroups/cli_test000001/providers/Microsoft.Web/sites/webapp-container-e2e000002/config/appsettings/list?api-version=2023-01-01
  response:
    body:
      string: '{"id":"/subscriptions/00000000-0000-0000-0000-000000000000/resourceGroups/cli_test000001/providers/Microsoft.Web/sites/webapp-container-e2e000002/config/appsettings","name":"appsettings","type":"Microsoft.Web/sites/config","location":"Australia
        East","properties":{"DOCKER_REGISTRY_SERVER_USERNAME":"","DOCKER_REGISTRY_SERVER_PASSWORD":"","DOCKER_REGISTRY_SERVER_URL":"https://mcr.microsoft.com"}}'
    headers:
      cache-control:
      - no-cache
      content-length:
      - '397'
      content-type:
      - application/json
      date:
      - Wed, 15 Nov 2023 20:24:04 GMT
      expires:
      - '-1'
      pragma:
      - no-cache
      server:
      - Microsoft-IIS/10.0
      strict-transport-security:
      - max-age=31536000; includeSubDomains
      transfer-encoding:
      - chunked
      vary:
      - Accept-Encoding
      x-aspnet-version:
      - 4.0.30319
      x-content-type-options:
      - nosniff
      x-ms-ratelimit-remaining-subscription-resource-requests:
      - '11997'
      x-powered-by:
      - ASP.NET
    status:
      code: 200
      message: OK
- request:
    body: null
    headers:
      Accept:
      - '*/*'
      Accept-Encoding:
      - gzip, deflate
      CommandName:
      - webapp create
      Connection:
      - keep-alive
      ParameterSetName:
      - -n -g -p -i
      User-Agent:
      - python/3.10.13 (Linux-5.15.0-1050-azure-x86_64-with-glibc2.31) AZURECLI/2.54.0
        VSTS_7b238909-6802-4b65-b90d-184bca47f458_build_220_0
    method: GET
    uri: https://management.azure.com/subscriptions/00000000-0000-0000-0000-000000000000/resourceGroups/cli_test000001/providers/Microsoft.Web/sites/webapp-container-e2e000002?api-version=2023-01-01
  response:
    body:
      string: '{"id":"/subscriptions/00000000-0000-0000-0000-000000000000/resourceGroups/cli_test000001/providers/Microsoft.Web/sites/webapp-container-e2e000002","name":"webapp-container-e2e000002","type":"Microsoft.Web/sites","kind":"app,container,windows","location":"Australia
        East","properties":{"name":"webapp-container-e2e000002","state":"Running","hostNames":["webapp-container-e2e000002.azurewebsites.net"],"webSpace":"cli_test000001-AustraliaEastwebspace-Xenon","selfLink":"https://waws-prod-sy3-067.api.azurewebsites.windows.net:454/subscriptions/00000000-0000-0000-0000-000000000000/webspaces/cli_test000001-AustraliaEastwebspace-Xenon/sites/webapp-container-e2e000002","repositorySiteName":"webapp-container-e2e000002","owner":null,"usageState":"Normal","enabled":true,"adminEnabled":true,"afdEnabled":false,"enabledHostNames":["webapp-container-e2e000002.azurewebsites.net","webapp-container-e2e000002.scm.azurewebsites.net"],"siteProperties":{"metadata":null,"properties":[{"name":"LinuxFxVersion","value":""},{"name":"WindowsFxVersion","value":"DOCKER|mcr.microsoft.com/azure-app-service/windows/parkingpage:latest"}],"appSettings":null},"availabilityState":"Normal","sslCertificates":null,"csrs":[],"cers":null,"siteMode":null,"hostNameSslStates":[{"name":"webapp-container-e2e000002.azurewebsites.net","sslState":"Disabled","ipBasedSslResult":null,"virtualIP":null,"virtualIPv6":null,"thumbprint":null,"certificateResourceId":null,"toUpdate":null,"toUpdateIpBasedSsl":null,"ipBasedSslState":"NotConfigured","hostType":"Standard"},{"name":"webapp-container-e2e000002.scm.azurewebsites.net","sslState":"Disabled","ipBasedSslResult":null,"virtualIP":null,"virtualIPv6":null,"thumbprint":null,"certificateResourceId":null,"toUpdate":null,"toUpdateIpBasedSsl":null,"ipBasedSslState":"NotConfigured","hostType":"Repository"}],"computeMode":null,"serverFarm":null,"serverFarmId":"/subscriptions/00000000-0000-0000-0000-000000000000/resourceGroups/cli_test000001/providers/Microsoft.Web/serverfarms/webapp-hyperv-plan000003","reserved":false,"isXenon":true,"hyperV":true,"lastModifiedTimeUtc":"2023-11-15T20:23:49.8033333","storageRecoveryDefaultState":"Running","contentAvailabilityState":"Normal","runtimeAvailabilityState":"Normal","dnsConfiguration":{},"vnetRouteAllEnabled":false,"containerAllocationSubnet":null,"useContainerLocalhostBindings":null,"vnetImagePullEnabled":false,"vnetContentShareEnabled":false,"siteConfig":{"numberOfWorkers":1,"defaultDocuments":null,"netFrameworkVersion":null,"phpVersion":null,"pythonVersion":null,"nodeVersion":null,"powerShellVersion":null,"linuxFxVersion":"","windowsFxVersion":"DOCKER|mcr.microsoft.com/azure-app-service/windows/parkingpage:latest","windowsConfiguredStacks":null,"requestTracingEnabled":null,"remoteDebuggingEnabled":null,"remoteDebuggingVersion":null,"httpLoggingEnabled":null,"azureMonitorLogCategories":null,"acrUseManagedIdentityCreds":false,"acrUserManagedIdentityID":null,"logsDirectorySizeLimit":null,"detailedErrorLoggingEnabled":null,"publishingUsername":null,"publishingPassword":null,"appSettings":null,"metadata":null,"connectionStrings":null,"machineKey":null,"handlerMappings":null,"documentRoot":null,"scmType":null,"use32BitWorkerProcess":null,"webSocketsEnabled":null,"alwaysOn":true,"javaVersion":null,"javaContainer":null,"javaContainerVersion":null,"appCommandLine":null,"managedPipelineMode":null,"virtualApplications":null,"winAuthAdminState":null,"winAuthTenantState":null,"customAppPoolIdentityAdminState":null,"customAppPoolIdentityTenantState":null,"runtimeADUser":null,"runtimeADUserPassword":null,"loadBalancing":null,"routingRules":null,"experiments":null,"limits":null,"autoHealEnabled":null,"autoHealRules":null,"tracingOptions":null,"vnetName":null,"vnetRouteAllEnabled":null,"vnetPrivatePortsCount":null,"publicNetworkAccess":null,"cors":null,"push":null,"apiDefinition":null,"apiManagementConfig":null,"autoSwapSlotName":null,"localMySqlEnabled":null,"managedServiceIdentityId":null,"xManagedServiceIdentityId":null,"keyVaultReferenceIdentity":null,"ipSecurityRestrictions":null,"ipSecurityRestrictionsDefaultAction":null,"scmIpSecurityRestrictions":null,"scmIpSecurityRestrictionsDefaultAction":null,"scmIpSecurityRestrictionsUseMain":null,"http20Enabled":true,"minTlsVersion":null,"minTlsCipherSuite":null,"supportedTlsCipherSuites":null,"scmMinTlsVersion":null,"ftpsState":null,"preWarmedInstanceCount":null,"functionAppScaleLimit":0,"elasticWebAppScaleLimit":null,"healthCheckPath":null,"fileChangeAuditEnabled":null,"functionsRuntimeScaleMonitoringEnabled":null,"websiteTimeZone":null,"minimumElasticInstanceCount":0,"azureStorageAccounts":null,"http20ProxyFlag":null,"sitePort":null,"antivirusScanEnabled":null,"storageType":null,"sitePrivateLinkHostEnabled":null},"daprConfig":null,"deploymentId":"webapp-container-e2e000002","slotName":null,"trafficManagerHostNames":null,"sku":"PremiumV3","scmSiteAlsoStopped":false,"targetSwapSlot":null,"hostingEnvironment":null,"hostingEnvironmentProfile":null,"clientAffinityEnabled":true,"clientCertEnabled":false,"clientCertMode":"Required","clientCertExclusionPaths":null,"hostNamesDisabled":false,"ipMode":"IPv4","vnetBackupRestoreEnabled":false,"domainVerificationIdentifiers":null,"customDomainVerificationId":"253001F2FCF5A7B1CD759EB861E9BB1596370BE27E47A991F72184277B3D12F2","kind":"app,container,windows","managedEnvironmentId":null,"inboundIpAddress":"20.37.196.203","possibleInboundIpAddresses":"20.37.196.203","ftpUsername":"webapp-container-e2e000002\\$webapp-container-e2e000002","ftpsHostName":"ftps://waws-prod-sy3-067.ftp.azurewebsites.windows.net/site/wwwroot","outboundIpAddresses":"20.53.160.93,20.53.140.103,20.92.131.143,20.193.37.1,20.193.57.79,20.193.60.77,20.37.196.203","possibleOutboundIpAddresses":"20.53.141.33,20.53.141.66,20.53.138.208,20.193.19.225,20.53.141.116,20.53.141.183,20.53.141.218,20.53.142.29,20.53.92.174,20.53.138.140,20.53.142.218,20.53.143.13,20.53.143.132,20.53.138.207,20.53.109.16,20.53.143.215,20.53.160.74,20.53.160.79,20.53.160.93,20.53.140.103,20.92.131.143,20.193.37.1,20.193.57.79,20.193.60.77,20.193.61.167,20.193.62.122,20.193.62.127,20.193.63.221,20.53.113.254,20.53.116.192,20.37.196.203","containerSize":0,"dailyMemoryTimeQuota":0,"suspendedTill":null,"siteDisabledReason":0,"functionExecutionUnitsCache":null,"maxNumberOfWorkers":null,"homeStamp":"waws-prod-sy3-067","cloningInfo":null,"hostingEnvironmentId":null,"tags":null,"resourceGroup":"cli_test000001","defaultHostName":"webapp-container-e2e000002.azurewebsites.net","slotSwapStatus":null,"httpsOnly":false,"endToEndEncryptionEnabled":false,"functionsRuntimeAdminIsolationEnabled":false,"redundancyMode":"None","inProgressOperationId":null,"geoDistributions":null,"privateEndpointConnections":[],"publicNetworkAccess":null,"buildVersion":null,"targetBuildVersion":null,"migrationState":null,"eligibleLogCategories":"AppServiceAppLogs,AppServiceAuditLogs,AppServiceConsoleLogs,AppServiceHTTPLogs,AppServiceIPSecAuditLogs,AppServicePlatformLogs,ScanLogs,AppServiceFileAuditLogs,AppServiceAntivirusScanAuditLogs","inFlightFeatures":[],"storageAccountRequired":false,"virtualNetworkSubnetId":null,"keyVaultReferenceIdentity":"SystemAssigned","defaultHostNameScope":"Global","privateLinkIdentifiers":null,"sshEnabled":null}}'
    headers:
      cache-control:
      - no-cache
      content-length:
      - '7275'
      content-type:
      - application/json
      date:
      - Wed, 15 Nov 2023 20:24:05 GMT
      etag:
      - '"1DA1801A4B24CB5"'
      expires:
      - '-1'
      pragma:
      - no-cache
      server:
      - Microsoft-IIS/10.0
      strict-transport-security:
      - max-age=31536000; includeSubDomains
      transfer-encoding:
      - chunked
      vary:
      - Accept-Encoding
      x-aspnet-version:
      - 4.0.30319
      x-content-type-options:
      - nosniff
      x-powered-by:
      - ASP.NET
    status:
      code: 200
      message: OK
- request:
    body: null
    headers:
      Accept:
      - application/json
      Accept-Encoding:
      - gzip, deflate
      CommandName:
      - webapp create
      Connection:
      - keep-alive
      ParameterSetName:
      - -n -g -p -i
      User-Agent:
      - AZURECLI/2.54.0 azsdk-python-azure-mgmt-web/7.0.0 Python/3.10.13 (Linux-5.15.0-1050-azure-x86_64-with-glibc2.31)
        VSTS_7b238909-6802-4b65-b90d-184bca47f458_build_220_0
    method: GET
    uri: https://management.azure.com/subscriptions/00000000-0000-0000-0000-000000000000/resourceGroups/cli_test000001/providers/Microsoft.Web/sites/webapp-container-e2e000002/config/slotConfigNames?api-version=2023-01-01
  response:
    body:
      string: '{"id":null,"name":"webapp-container-e2e000002","type":"Microsoft.Web/sites","location":"Australia
        East","properties":{"connectionStringNames":null,"appSettingNames":null,"azureStorageConfigNames":null}}'
    headers:
      cache-control:
      - no-cache
      content-length:
      - '202'
      content-type:
      - application/json
      date:
      - Wed, 15 Nov 2023 20:24:07 GMT
      expires:
      - '-1'
      pragma:
      - no-cache
      server:
      - Microsoft-IIS/10.0
      strict-transport-security:
      - max-age=31536000; includeSubDomains
      transfer-encoding:
      - chunked
      vary:
      - Accept-Encoding
      x-aspnet-version:
      - 4.0.30319
      x-content-type-options:
      - nosniff
      x-powered-by:
      - ASP.NET
    status:
      code: 200
      message: OK
- request:
    body: null
    headers:
      Accept:
      - application/json
      Accept-Encoding:
      - gzip, deflate
      CommandName:
      - webapp create
      Connection:
      - keep-alive
      ParameterSetName:
      - -n -g -p -i
      User-Agent:
      - AZURECLI/2.54.0 azsdk-python-azure-mgmt-web/7.0.0 Python/3.10.13 (Linux-5.15.0-1050-azure-x86_64-with-glibc2.31)
        VSTS_7b238909-6802-4b65-b90d-184bca47f458_build_220_0
    method: GET
    uri: https://management.azure.com/subscriptions/00000000-0000-0000-0000-000000000000/resourceGroups/cli_test000001/providers/Microsoft.Web/sites/webapp-container-e2e000002?api-version=2023-01-01
  response:
    body:
      string: '{"id":"/subscriptions/00000000-0000-0000-0000-000000000000/resourceGroups/cli_test000001/providers/Microsoft.Web/sites/webapp-container-e2e000002","name":"webapp-container-e2e000002","type":"Microsoft.Web/sites","kind":"app,container,windows","location":"Australia
        East","properties":{"name":"webapp-container-e2e000002","state":"Running","hostNames":["webapp-container-e2e000002.azurewebsites.net"],"webSpace":"cli_test000001-AustraliaEastwebspace-Xenon","selfLink":"https://waws-prod-sy3-067.api.azurewebsites.windows.net:454/subscriptions/00000000-0000-0000-0000-000000000000/webspaces/cli_test000001-AustraliaEastwebspace-Xenon/sites/webapp-container-e2e000002","repositorySiteName":"webapp-container-e2e000002","owner":null,"usageState":"Normal","enabled":true,"adminEnabled":true,"afdEnabled":false,"enabledHostNames":["webapp-container-e2e000002.azurewebsites.net","webapp-container-e2e000002.scm.azurewebsites.net"],"siteProperties":{"metadata":null,"properties":[{"name":"LinuxFxVersion","value":""},{"name":"WindowsFxVersion","value":"DOCKER|mcr.microsoft.com/azure-app-service/windows/parkingpage:latest"}],"appSettings":null},"availabilityState":"Normal","sslCertificates":null,"csrs":[],"cers":null,"siteMode":null,"hostNameSslStates":[{"name":"webapp-container-e2e000002.azurewebsites.net","sslState":"Disabled","ipBasedSslResult":null,"virtualIP":null,"virtualIPv6":null,"thumbprint":null,"certificateResourceId":null,"toUpdate":null,"toUpdateIpBasedSsl":null,"ipBasedSslState":"NotConfigured","hostType":"Standard"},{"name":"webapp-container-e2e000002.scm.azurewebsites.net","sslState":"Disabled","ipBasedSslResult":null,"virtualIP":null,"virtualIPv6":null,"thumbprint":null,"certificateResourceId":null,"toUpdate":null,"toUpdateIpBasedSsl":null,"ipBasedSslState":"NotConfigured","hostType":"Repository"}],"computeMode":null,"serverFarm":null,"serverFarmId":"/subscriptions/00000000-0000-0000-0000-000000000000/resourceGroups/cli_test000001/providers/Microsoft.Web/serverfarms/webapp-hyperv-plan000003","reserved":false,"isXenon":true,"hyperV":true,"lastModifiedTimeUtc":"2023-11-15T20:23:49.8033333","storageRecoveryDefaultState":"Running","contentAvailabilityState":"Normal","runtimeAvailabilityState":"Normal","dnsConfiguration":{},"vnetRouteAllEnabled":false,"containerAllocationSubnet":null,"useContainerLocalhostBindings":null,"vnetImagePullEnabled":false,"vnetContentShareEnabled":false,"siteConfig":{"numberOfWorkers":1,"defaultDocuments":null,"netFrameworkVersion":null,"phpVersion":null,"pythonVersion":null,"nodeVersion":null,"powerShellVersion":null,"linuxFxVersion":"","windowsFxVersion":"DOCKER|mcr.microsoft.com/azure-app-service/windows/parkingpage:latest","windowsConfiguredStacks":null,"requestTracingEnabled":null,"remoteDebuggingEnabled":null,"remoteDebuggingVersion":null,"httpLoggingEnabled":null,"azureMonitorLogCategories":null,"acrUseManagedIdentityCreds":false,"acrUserManagedIdentityID":null,"logsDirectorySizeLimit":null,"detailedErrorLoggingEnabled":null,"publishingUsername":null,"publishingPassword":null,"appSettings":null,"metadata":null,"connectionStrings":null,"machineKey":null,"handlerMappings":null,"documentRoot":null,"scmType":null,"use32BitWorkerProcess":null,"webSocketsEnabled":null,"alwaysOn":true,"javaVersion":null,"javaContainer":null,"javaContainerVersion":null,"appCommandLine":null,"managedPipelineMode":null,"virtualApplications":null,"winAuthAdminState":null,"winAuthTenantState":null,"customAppPoolIdentityAdminState":null,"customAppPoolIdentityTenantState":null,"runtimeADUser":null,"runtimeADUserPassword":null,"loadBalancing":null,"routingRules":null,"experiments":null,"limits":null,"autoHealEnabled":null,"autoHealRules":null,"tracingOptions":null,"vnetName":null,"vnetRouteAllEnabled":null,"vnetPrivatePortsCount":null,"publicNetworkAccess":null,"cors":null,"push":null,"apiDefinition":null,"apiManagementConfig":null,"autoSwapSlotName":null,"localMySqlEnabled":null,"managedServiceIdentityId":null,"xManagedServiceIdentityId":null,"keyVaultReferenceIdentity":null,"ipSecurityRestrictions":null,"ipSecurityRestrictionsDefaultAction":null,"scmIpSecurityRestrictions":null,"scmIpSecurityRestrictionsDefaultAction":null,"scmIpSecurityRestrictionsUseMain":null,"http20Enabled":true,"minTlsVersion":null,"minTlsCipherSuite":null,"supportedTlsCipherSuites":null,"scmMinTlsVersion":null,"ftpsState":null,"preWarmedInstanceCount":null,"functionAppScaleLimit":0,"elasticWebAppScaleLimit":null,"healthCheckPath":null,"fileChangeAuditEnabled":null,"functionsRuntimeScaleMonitoringEnabled":null,"websiteTimeZone":null,"minimumElasticInstanceCount":0,"azureStorageAccounts":null,"http20ProxyFlag":null,"sitePort":null,"antivirusScanEnabled":null,"storageType":null,"sitePrivateLinkHostEnabled":null},"daprConfig":null,"deploymentId":"webapp-container-e2e000002","slotName":null,"trafficManagerHostNames":null,"sku":"PremiumV3","scmSiteAlsoStopped":false,"targetSwapSlot":null,"hostingEnvironment":null,"hostingEnvironmentProfile":null,"clientAffinityEnabled":true,"clientCertEnabled":false,"clientCertMode":"Required","clientCertExclusionPaths":null,"hostNamesDisabled":false,"ipMode":"IPv4","vnetBackupRestoreEnabled":false,"domainVerificationIdentifiers":null,"customDomainVerificationId":"253001F2FCF5A7B1CD759EB861E9BB1596370BE27E47A991F72184277B3D12F2","kind":"app,container,windows","managedEnvironmentId":null,"inboundIpAddress":"20.37.196.203","possibleInboundIpAddresses":"20.37.196.203","ftpUsername":"webapp-container-e2e000002\\$webapp-container-e2e000002","ftpsHostName":"ftps://waws-prod-sy3-067.ftp.azurewebsites.windows.net/site/wwwroot","outboundIpAddresses":"20.53.160.93,20.53.140.103,20.92.131.143,20.193.37.1,20.193.57.79,20.193.60.77,20.37.196.203","possibleOutboundIpAddresses":"20.53.141.33,20.53.141.66,20.53.138.208,20.193.19.225,20.53.141.116,20.53.141.183,20.53.141.218,20.53.142.29,20.53.92.174,20.53.138.140,20.53.142.218,20.53.143.13,20.53.143.132,20.53.138.207,20.53.109.16,20.53.143.215,20.53.160.74,20.53.160.79,20.53.160.93,20.53.140.103,20.92.131.143,20.193.37.1,20.193.57.79,20.193.60.77,20.193.61.167,20.193.62.122,20.193.62.127,20.193.63.221,20.53.113.254,20.53.116.192,20.37.196.203","containerSize":0,"dailyMemoryTimeQuota":0,"suspendedTill":null,"siteDisabledReason":0,"functionExecutionUnitsCache":null,"maxNumberOfWorkers":null,"homeStamp":"waws-prod-sy3-067","cloningInfo":null,"hostingEnvironmentId":null,"tags":null,"resourceGroup":"cli_test000001","defaultHostName":"webapp-container-e2e000002.azurewebsites.net","slotSwapStatus":null,"httpsOnly":false,"endToEndEncryptionEnabled":false,"functionsRuntimeAdminIsolationEnabled":false,"redundancyMode":"None","inProgressOperationId":null,"geoDistributions":null,"privateEndpointConnections":[],"publicNetworkAccess":null,"buildVersion":null,"targetBuildVersion":null,"migrationState":null,"eligibleLogCategories":"AppServiceAppLogs,AppServiceAuditLogs,AppServiceConsoleLogs,AppServiceHTTPLogs,AppServiceIPSecAuditLogs,AppServicePlatformLogs,ScanLogs,AppServiceFileAuditLogs,AppServiceAntivirusScanAuditLogs","inFlightFeatures":[],"storageAccountRequired":false,"virtualNetworkSubnetId":null,"keyVaultReferenceIdentity":"SystemAssigned","defaultHostNameScope":"Global","privateLinkIdentifiers":null,"sshEnabled":null}}'
    headers:
      cache-control:
      - no-cache
      content-length:
      - '7275'
      content-type:
      - application/json
      date:
      - Wed, 15 Nov 2023 20:24:08 GMT
      etag:
      - '"1DA1801A4B24CB5"'
      expires:
      - '-1'
      pragma:
      - no-cache
      server:
      - Microsoft-IIS/10.0
      strict-transport-security:
      - max-age=31536000; includeSubDomains
      transfer-encoding:
      - chunked
      vary:
      - Accept-Encoding
      x-aspnet-version:
      - 4.0.30319
      x-content-type-options:
      - nosniff
      x-powered-by:
      - ASP.NET
    status:
      code: 200
      message: OK
- request:
    body: null
    headers:
      Accept:
      - application/json
      Accept-Encoding:
      - gzip, deflate
      CommandName:
      - webapp create
      Connection:
      - keep-alive
      ParameterSetName:
      - -n -g -p -i
      User-Agent:
      - AZURECLI/2.54.0 azsdk-python-azure-mgmt-web/7.0.0 Python/3.10.13 (Linux-5.15.0-1050-azure-x86_64-with-glibc2.31)
        VSTS_7b238909-6802-4b65-b90d-184bca47f458_build_220_0
    method: GET
    uri: https://management.azure.com/subscriptions/00000000-0000-0000-0000-000000000000/resourceGroups/cli_test000001/providers/Microsoft.Web/sites/webapp-container-e2e000002/config/web?api-version=2023-01-01
  response:
    body:
      string: '{"id":"/subscriptions/00000000-0000-0000-0000-000000000000/resourceGroups/cli_test000001/providers/Microsoft.Web/sites/webapp-container-e2e000002/config/web","name":"webapp-container-e2e000002","type":"Microsoft.Web/sites/config","location":"Australia
        East","properties":{"numberOfWorkers":1,"defaultDocuments":["Default.htm","Default.html","Default.asp","index.htm","index.html","iisstart.htm","default.aspx","index.php","hostingstart.html"],"netFrameworkVersion":"v4.0","phpVersion":"","pythonVersion":"","nodeVersion":"","powerShellVersion":"","linuxFxVersion":"","windowsFxVersion":"DOCKER|mcr.microsoft.com/azure-app-service/windows/parkingpage:latest","windowsConfiguredStacks":[],"requestTracingEnabled":false,"remoteDebuggingEnabled":false,"remoteDebuggingVersion":null,"httpLoggingEnabled":false,"azureMonitorLogCategories":null,"acrUseManagedIdentityCreds":false,"acrUserManagedIdentityID":null,"logsDirectorySizeLimit":35,"detailedErrorLoggingEnabled":false,"publishingUsername":"$webapp-container-e2e000002","publishingPassword":null,"appSettings":null,"metadata":null,"connectionStrings":null,"machineKey":null,"handlerMappings":null,"documentRoot":null,"scmType":"None","use32BitWorkerProcess":true,"webSocketsEnabled":false,"alwaysOn":true,"javaVersion":null,"javaContainer":null,"javaContainerVersion":null,"appCommandLine":"","managedPipelineMode":"Integrated","virtualApplications":[{"virtualPath":"/","physicalPath":"site\\wwwroot","preloadEnabled":true,"virtualDirectories":null}],"winAuthAdminState":0,"winAuthTenantState":0,"customAppPoolIdentityAdminState":false,"customAppPoolIdentityTenantState":false,"runtimeADUser":null,"runtimeADUserPassword":null,"loadBalancing":"LeastRequests","routingRules":[],"experiments":{"rampUpRules":[]},"limits":null,"autoHealEnabled":false,"autoHealRules":null,"tracingOptions":null,"vnetName":"","vnetRouteAllEnabled":false,"vnetPrivatePortsCount":0,"publicNetworkAccess":null,"siteAuthEnabled":false,"siteAuthSettings":{"enabled":null,"unauthenticatedClientAction":null,"tokenStoreEnabled":null,"allowedExternalRedirectUrls":null,"defaultProvider":null,"clientId":null,"clientSecret":null,"clientSecretSettingName":null,"clientSecretCertificateThumbprint":null,"issuer":null,"allowedAudiences":null,"additionalLoginParams":null,"isAadAutoProvisioned":false,"aadClaimsAuthorization":null,"googleClientId":null,"googleClientSecret":null,"googleClientSecretSettingName":null,"googleOAuthScopes":null,"facebookAppId":null,"facebookAppSecret":null,"facebookAppSecretSettingName":null,"facebookOAuthScopes":null,"gitHubClientId":null,"gitHubClientSecret":null,"gitHubClientSecretSettingName":null,"gitHubOAuthScopes":null,"twitterConsumerKey":null,"twitterConsumerSecret":null,"twitterConsumerSecretSettingName":null,"microsoftAccountClientId":null,"microsoftAccountClientSecret":null,"microsoftAccountClientSecretSettingName":null,"microsoftAccountOAuthScopes":null,"configVersion":null},"cors":null,"push":null,"apiDefinition":null,"apiManagementConfig":null,"autoSwapSlotName":null,"localMySqlEnabled":false,"managedServiceIdentityId":null,"xManagedServiceIdentityId":null,"keyVaultReferenceIdentity":null,"ipSecurityRestrictions":[{"ipAddress":"Any","action":"Allow","priority":2147483647,"name":"Allow
        all","description":"Allow all access"}],"ipSecurityRestrictionsDefaultAction":null,"scmIpSecurityRestrictions":[{"ipAddress":"Any","action":"Allow","priority":2147483647,"name":"Allow
        all","description":"Allow all access"}],"scmIpSecurityRestrictionsDefaultAction":null,"scmIpSecurityRestrictionsUseMain":false,"http20Enabled":true,"minTlsVersion":"1.2","minTlsCipherSuite":null,"supportedTlsCipherSuites":null,"scmMinTlsVersion":"1.2","ftpsState":"FtpsOnly","preWarmedInstanceCount":0,"functionAppScaleLimit":null,"elasticWebAppScaleLimit":0,"healthCheckPath":null,"fileChangeAuditEnabled":false,"functionsRuntimeScaleMonitoringEnabled":false,"websiteTimeZone":null,"minimumElasticInstanceCount":0,"azureStorageAccounts":{},"http20ProxyFlag":0,"sitePort":null,"antivirusScanEnabled":false,"storageType":"StorageVolume","sitePrivateLinkHostEnabled":false}}'
    headers:
      cache-control:
      - no-cache
      content-length:
      - '4117'
      content-type:
      - application/json
      date:
      - Wed, 15 Nov 2023 20:24:10 GMT
      expires:
      - '-1'
      pragma:
      - no-cache
      server:
      - Microsoft-IIS/10.0
      strict-transport-security:
      - max-age=31536000; includeSubDomains
      transfer-encoding:
      - chunked
      vary:
      - Accept-Encoding
      x-aspnet-version:
      - 4.0.30319
      x-content-type-options:
      - nosniff
      x-powered-by:
      - ASP.NET
    status:
      code: 200
      message: OK
- request:
    body: null
    headers:
      Accept:
      - application/json
      Accept-Encoding:
      - gzip, deflate
      CommandName:
      - webapp create
      Connection:
      - keep-alive
      Content-Length:
      - '0'
      ParameterSetName:
      - -n -g -p -i
      User-Agent:
      - AZURECLI/2.54.0 azsdk-python-azure-mgmt-web/7.0.0 Python/3.10.13 (Linux-5.15.0-1050-azure-x86_64-with-glibc2.31)
        VSTS_7b238909-6802-4b65-b90d-184bca47f458_build_220_0
    method: POST
    uri: https://management.azure.com/subscriptions/00000000-0000-0000-0000-000000000000/resourceGroups/cli_test000001/providers/Microsoft.Web/sites/webapp-container-e2e000002/config/appsettings/list?api-version=2023-01-01
  response:
    body:
      string: '{"id":"/subscriptions/00000000-0000-0000-0000-000000000000/resourceGroups/cli_test000001/providers/Microsoft.Web/sites/webapp-container-e2e000002/config/appsettings","name":"appsettings","type":"Microsoft.Web/sites/config","location":"Australia
        East","properties":{"DOCKER_REGISTRY_SERVER_USERNAME":"","DOCKER_REGISTRY_SERVER_PASSWORD":"","DOCKER_REGISTRY_SERVER_URL":"https://mcr.microsoft.com"}}'
    headers:
      cache-control:
      - no-cache
      content-length:
      - '397'
      content-type:
      - application/json
      date:
      - Wed, 15 Nov 2023 20:24:12 GMT
      expires:
      - '-1'
      pragma:
      - no-cache
      server:
      - Microsoft-IIS/10.0
      strict-transport-security:
      - max-age=31536000; includeSubDomains
      transfer-encoding:
      - chunked
      vary:
      - Accept-Encoding
      x-aspnet-version:
      - 4.0.30319
      x-content-type-options:
      - nosniff
      x-ms-ratelimit-remaining-subscription-resource-requests:
      - '11999'
      x-powered-by:
      - ASP.NET
    status:
      code: 200
      message: OK
- request:
    body: null
    headers:
      Accept:
      - '*/*'
      Accept-Encoding:
      - gzip, deflate
      CommandName:
      - webapp create
      Connection:
      - keep-alive
      ParameterSetName:
      - -n -g -p -i
      User-Agent:
      - python/3.10.13 (Linux-5.15.0-1050-azure-x86_64-with-glibc2.31) AZURECLI/2.54.0
        VSTS_7b238909-6802-4b65-b90d-184bca47f458_build_220_0
    method: GET
    uri: https://management.azure.com/subscriptions/00000000-0000-0000-0000-000000000000/resourceGroups/cli_test000001/providers/Microsoft.Web/sites/webapp-container-e2e000002?api-version=2023-01-01
  response:
    body:
      string: '{"id":"/subscriptions/00000000-0000-0000-0000-000000000000/resourceGroups/cli_test000001/providers/Microsoft.Web/sites/webapp-container-e2e000002","name":"webapp-container-e2e000002","type":"Microsoft.Web/sites","kind":"app,container,windows","location":"Australia
        East","properties":{"name":"webapp-container-e2e000002","state":"Running","hostNames":["webapp-container-e2e000002.azurewebsites.net"],"webSpace":"cli_test000001-AustraliaEastwebspace-Xenon","selfLink":"https://waws-prod-sy3-067.api.azurewebsites.windows.net:454/subscriptions/00000000-0000-0000-0000-000000000000/webspaces/cli_test000001-AustraliaEastwebspace-Xenon/sites/webapp-container-e2e000002","repositorySiteName":"webapp-container-e2e000002","owner":null,"usageState":"Normal","enabled":true,"adminEnabled":true,"afdEnabled":false,"enabledHostNames":["webapp-container-e2e000002.azurewebsites.net","webapp-container-e2e000002.scm.azurewebsites.net"],"siteProperties":{"metadata":null,"properties":[{"name":"LinuxFxVersion","value":""},{"name":"WindowsFxVersion","value":"DOCKER|mcr.microsoft.com/azure-app-service/windows/parkingpage:latest"}],"appSettings":null},"availabilityState":"Normal","sslCertificates":null,"csrs":[],"cers":null,"siteMode":null,"hostNameSslStates":[{"name":"webapp-container-e2e000002.azurewebsites.net","sslState":"Disabled","ipBasedSslResult":null,"virtualIP":null,"virtualIPv6":null,"thumbprint":null,"certificateResourceId":null,"toUpdate":null,"toUpdateIpBasedSsl":null,"ipBasedSslState":"NotConfigured","hostType":"Standard"},{"name":"webapp-container-e2e000002.scm.azurewebsites.net","sslState":"Disabled","ipBasedSslResult":null,"virtualIP":null,"virtualIPv6":null,"thumbprint":null,"certificateResourceId":null,"toUpdate":null,"toUpdateIpBasedSsl":null,"ipBasedSslState":"NotConfigured","hostType":"Repository"}],"computeMode":null,"serverFarm":null,"serverFarmId":"/subscriptions/00000000-0000-0000-0000-000000000000/resourceGroups/cli_test000001/providers/Microsoft.Web/serverfarms/webapp-hyperv-plan000003","reserved":false,"isXenon":true,"hyperV":true,"lastModifiedTimeUtc":"2023-11-15T20:23:49.8033333","storageRecoveryDefaultState":"Running","contentAvailabilityState":"Normal","runtimeAvailabilityState":"Normal","dnsConfiguration":{},"vnetRouteAllEnabled":false,"containerAllocationSubnet":null,"useContainerLocalhostBindings":null,"vnetImagePullEnabled":false,"vnetContentShareEnabled":false,"siteConfig":{"numberOfWorkers":1,"defaultDocuments":null,"netFrameworkVersion":null,"phpVersion":null,"pythonVersion":null,"nodeVersion":null,"powerShellVersion":null,"linuxFxVersion":"","windowsFxVersion":"DOCKER|mcr.microsoft.com/azure-app-service/windows/parkingpage:latest","windowsConfiguredStacks":null,"requestTracingEnabled":null,"remoteDebuggingEnabled":null,"remoteDebuggingVersion":null,"httpLoggingEnabled":null,"azureMonitorLogCategories":null,"acrUseManagedIdentityCreds":false,"acrUserManagedIdentityID":null,"logsDirectorySizeLimit":null,"detailedErrorLoggingEnabled":null,"publishingUsername":null,"publishingPassword":null,"appSettings":null,"metadata":null,"connectionStrings":null,"machineKey":null,"handlerMappings":null,"documentRoot":null,"scmType":null,"use32BitWorkerProcess":null,"webSocketsEnabled":null,"alwaysOn":true,"javaVersion":null,"javaContainer":null,"javaContainerVersion":null,"appCommandLine":null,"managedPipelineMode":null,"virtualApplications":null,"winAuthAdminState":null,"winAuthTenantState":null,"customAppPoolIdentityAdminState":null,"customAppPoolIdentityTenantState":null,"runtimeADUser":null,"runtimeADUserPassword":null,"loadBalancing":null,"routingRules":null,"experiments":null,"limits":null,"autoHealEnabled":null,"autoHealRules":null,"tracingOptions":null,"vnetName":null,"vnetRouteAllEnabled":null,"vnetPrivatePortsCount":null,"publicNetworkAccess":null,"cors":null,"push":null,"apiDefinition":null,"apiManagementConfig":null,"autoSwapSlotName":null,"localMySqlEnabled":null,"managedServiceIdentityId":null,"xManagedServiceIdentityId":null,"keyVaultReferenceIdentity":null,"ipSecurityRestrictions":null,"ipSecurityRestrictionsDefaultAction":null,"scmIpSecurityRestrictions":null,"scmIpSecurityRestrictionsDefaultAction":null,"scmIpSecurityRestrictionsUseMain":null,"http20Enabled":true,"minTlsVersion":null,"minTlsCipherSuite":null,"supportedTlsCipherSuites":null,"scmMinTlsVersion":null,"ftpsState":null,"preWarmedInstanceCount":null,"functionAppScaleLimit":0,"elasticWebAppScaleLimit":null,"healthCheckPath":null,"fileChangeAuditEnabled":null,"functionsRuntimeScaleMonitoringEnabled":null,"websiteTimeZone":null,"minimumElasticInstanceCount":0,"azureStorageAccounts":null,"http20ProxyFlag":null,"sitePort":null,"antivirusScanEnabled":null,"storageType":null,"sitePrivateLinkHostEnabled":null},"daprConfig":null,"deploymentId":"webapp-container-e2e000002","slotName":null,"trafficManagerHostNames":null,"sku":"PremiumV3","scmSiteAlsoStopped":false,"targetSwapSlot":null,"hostingEnvironment":null,"hostingEnvironmentProfile":null,"clientAffinityEnabled":true,"clientCertEnabled":false,"clientCertMode":"Required","clientCertExclusionPaths":null,"hostNamesDisabled":false,"ipMode":"IPv4","vnetBackupRestoreEnabled":false,"domainVerificationIdentifiers":null,"customDomainVerificationId":"253001F2FCF5A7B1CD759EB861E9BB1596370BE27E47A991F72184277B3D12F2","kind":"app,container,windows","managedEnvironmentId":null,"inboundIpAddress":"20.37.196.203","possibleInboundIpAddresses":"20.37.196.203","ftpUsername":"webapp-container-e2e000002\\$webapp-container-e2e000002","ftpsHostName":"ftps://waws-prod-sy3-067.ftp.azurewebsites.windows.net/site/wwwroot","outboundIpAddresses":"20.53.160.93,20.53.140.103,20.92.131.143,20.193.37.1,20.193.57.79,20.193.60.77,20.37.196.203","possibleOutboundIpAddresses":"20.53.141.33,20.53.141.66,20.53.138.208,20.193.19.225,20.53.141.116,20.53.141.183,20.53.141.218,20.53.142.29,20.53.92.174,20.53.138.140,20.53.142.218,20.53.143.13,20.53.143.132,20.53.138.207,20.53.109.16,20.53.143.215,20.53.160.74,20.53.160.79,20.53.160.93,20.53.140.103,20.92.131.143,20.193.37.1,20.193.57.79,20.193.60.77,20.193.61.167,20.193.62.122,20.193.62.127,20.193.63.221,20.53.113.254,20.53.116.192,20.37.196.203","containerSize":0,"dailyMemoryTimeQuota":0,"suspendedTill":null,"siteDisabledReason":0,"functionExecutionUnitsCache":null,"maxNumberOfWorkers":null,"homeStamp":"waws-prod-sy3-067","cloningInfo":null,"hostingEnvironmentId":null,"tags":null,"resourceGroup":"cli_test000001","defaultHostName":"webapp-container-e2e000002.azurewebsites.net","slotSwapStatus":null,"httpsOnly":false,"endToEndEncryptionEnabled":false,"functionsRuntimeAdminIsolationEnabled":false,"redundancyMode":"None","inProgressOperationId":null,"geoDistributions":null,"privateEndpointConnections":[],"publicNetworkAccess":null,"buildVersion":null,"targetBuildVersion":null,"migrationState":null,"eligibleLogCategories":"AppServiceAppLogs,AppServiceAuditLogs,AppServiceConsoleLogs,AppServiceHTTPLogs,AppServiceIPSecAuditLogs,AppServicePlatformLogs,ScanLogs,AppServiceFileAuditLogs,AppServiceAntivirusScanAuditLogs","inFlightFeatures":[],"storageAccountRequired":false,"virtualNetworkSubnetId":null,"keyVaultReferenceIdentity":"SystemAssigned","defaultHostNameScope":"Global","privateLinkIdentifiers":null,"sshEnabled":null}}'
    headers:
      cache-control:
      - no-cache
      content-length:
      - '7275'
      content-type:
      - application/json
      date:
      - Wed, 15 Nov 2023 20:24:14 GMT
      etag:
      - '"1DA1801A4B24CB5"'
      expires:
      - '-1'
      pragma:
      - no-cache
      server:
      - Microsoft-IIS/10.0
      strict-transport-security:
      - max-age=31536000; includeSubDomains
      transfer-encoding:
      - chunked
      vary:
      - Accept-Encoding
      x-aspnet-version:
      - 4.0.30319
      x-content-type-options:
      - nosniff
      x-powered-by:
      - ASP.NET
    status:
      code: 200
      message: OK
- request:
    body: '{"properties": {"numberOfWorkers": 1, "defaultDocuments": ["Default.htm",
      "Default.html", "Default.asp", "index.htm", "index.html", "iisstart.htm", "default.aspx",
      "index.php", "hostingstart.html"], "netFrameworkVersion": "v4.0", "phpVersion":
      "", "pythonVersion": "", "nodeVersion": "", "powerShellVersion": "", "linuxFxVersion":
      "", "windowsFxVersion": "DOCKER|mcr.microsoft.com/azure-app-service/windows/parkingpage:latest",
      "requestTracingEnabled": false, "remoteDebuggingEnabled": false, "httpLoggingEnabled":
      false, "acrUseManagedIdentityCreds": false, "logsDirectorySizeLimit": 35, "detailedErrorLoggingEnabled":
      false, "publishingUsername": "$webapp-container-e2e000002", "scmType": "None",
      "use32BitWorkerProcess": true, "webSocketsEnabled": false, "alwaysOn": true,
      "appCommandLine": "", "managedPipelineMode": "Integrated", "virtualApplications":
      [{"virtualPath": "/", "physicalPath": "site\\wwwroot", "preloadEnabled": true}],
      "loadBalancing": "LeastRequests", "experiments": {"rampUpRules": []}, "autoHealEnabled":
      false, "vnetName": "", "vnetRouteAllEnabled": false, "vnetPrivatePortsCount":
      0, "localMySqlEnabled": false, "scmIpSecurityRestrictionsUseMain": false, "http20Enabled":
      true, "minTlsVersion": "1.2", "scmMinTlsVersion": "1.2", "ftpsState": "FtpsOnly",
      "preWarmedInstanceCount": 0, "elasticWebAppScaleLimit": 0, "functionsRuntimeScaleMonitoringEnabled":
      false, "minimumElasticInstanceCount": 0, "azureStorageAccounts": {}}}'
    headers:
      Accept:
      - application/json
      Accept-Encoding:
      - gzip, deflate
      CommandName:
      - webapp create
      Connection:
      - keep-alive
      Content-Length:
      - '1449'
      Content-Type:
      - application/json
      ParameterSetName:
      - -n -g -p -i
      User-Agent:
      - AZURECLI/2.54.0 azsdk-python-azure-mgmt-web/7.0.0 Python/3.10.13 (Linux-5.15.0-1050-azure-x86_64-with-glibc2.31)
        VSTS_7b238909-6802-4b65-b90d-184bca47f458_build_220_0
    method: PATCH
    uri: https://management.azure.com/subscriptions/00000000-0000-0000-0000-000000000000/resourceGroups/cli_test000001/providers/Microsoft.Web/sites/webapp-container-e2e000002/config/web?api-version=2023-01-01
  response:
    body:
      string: '{"id":"/subscriptions/00000000-0000-0000-0000-000000000000/resourceGroups/cli_test000001/providers/Microsoft.Web/sites/webapp-container-e2e000002","name":"webapp-container-e2e000002","type":"Microsoft.Web/sites","location":"Australia
        East","properties":{"numberOfWorkers":1,"defaultDocuments":["Default.htm","Default.html","Default.asp","index.htm","index.html","iisstart.htm","default.aspx","index.php","hostingstart.html"],"netFrameworkVersion":"v4.0","phpVersion":"","pythonVersion":"","nodeVersion":"","powerShellVersion":"","linuxFxVersion":"","windowsFxVersion":"DOCKER|mcr.microsoft.com/azure-app-service/windows/parkingpage:latest","windowsConfiguredStacks":[],"requestTracingEnabled":false,"remoteDebuggingEnabled":false,"remoteDebuggingVersion":"VS2019","httpLoggingEnabled":false,"azureMonitorLogCategories":null,"acrUseManagedIdentityCreds":false,"acrUserManagedIdentityID":null,"logsDirectorySizeLimit":35,"detailedErrorLoggingEnabled":false,"publishingUsername":"$webapp-container-e2e000002","publishingPassword":null,"appSettings":null,"metadata":null,"connectionStrings":null,"machineKey":null,"handlerMappings":null,"documentRoot":null,"scmType":"None","use32BitWorkerProcess":true,"webSocketsEnabled":false,"alwaysOn":true,"javaVersion":null,"javaContainer":null,"javaContainerVersion":null,"appCommandLine":"","managedPipelineMode":"Integrated","virtualApplications":[{"virtualPath":"/","physicalPath":"site\\wwwroot","preloadEnabled":true,"virtualDirectories":null}],"winAuthAdminState":0,"winAuthTenantState":0,"customAppPoolIdentityAdminState":false,"customAppPoolIdentityTenantState":false,"runtimeADUser":null,"runtimeADUserPassword":null,"loadBalancing":"LeastRequests","routingRules":[],"experiments":{"rampUpRules":[]},"limits":null,"autoHealEnabled":false,"autoHealRules":null,"tracingOptions":null,"vnetName":"","vnetRouteAllEnabled":false,"vnetPrivatePortsCount":0,"publicNetworkAccess":null,"siteAuthEnabled":false,"siteAuthSettings":{"enabled":null,"unauthenticatedClientAction":null,"tokenStoreEnabled":null,"allowedExternalRedirectUrls":null,"defaultProvider":null,"clientId":null,"clientSecret":null,"clientSecretSettingName":null,"clientSecretCertificateThumbprint":null,"issuer":null,"allowedAudiences":null,"additionalLoginParams":null,"isAadAutoProvisioned":false,"aadClaimsAuthorization":null,"googleClientId":null,"googleClientSecret":null,"googleClientSecretSettingName":null,"googleOAuthScopes":null,"facebookAppId":null,"facebookAppSecret":null,"facebookAppSecretSettingName":null,"facebookOAuthScopes":null,"gitHubClientId":null,"gitHubClientSecret":null,"gitHubClientSecretSettingName":null,"gitHubOAuthScopes":null,"twitterConsumerKey":null,"twitterConsumerSecret":null,"twitterConsumerSecretSettingName":null,"microsoftAccountClientId":null,"microsoftAccountClientSecret":null,"microsoftAccountClientSecretSettingName":null,"microsoftAccountOAuthScopes":null,"configVersion":null},"cors":null,"push":null,"apiDefinition":null,"apiManagementConfig":null,"autoSwapSlotName":null,"localMySqlEnabled":false,"managedServiceIdentityId":null,"xManagedServiceIdentityId":null,"keyVaultReferenceIdentity":null,"ipSecurityRestrictions":[{"ipAddress":"Any","action":"Allow","priority":2147483647,"name":"Allow
        all","description":"Allow all access"}],"ipSecurityRestrictionsDefaultAction":null,"scmIpSecurityRestrictions":[{"ipAddress":"Any","action":"Allow","priority":2147483647,"name":"Allow
        all","description":"Allow all access"}],"scmIpSecurityRestrictionsDefaultAction":null,"scmIpSecurityRestrictionsUseMain":false,"http20Enabled":true,"minTlsVersion":"1.2","minTlsCipherSuite":null,"supportedTlsCipherSuites":null,"scmMinTlsVersion":"1.2","ftpsState":"FtpsOnly","preWarmedInstanceCount":0,"functionAppScaleLimit":null,"elasticWebAppScaleLimit":0,"healthCheckPath":null,"fileChangeAuditEnabled":false,"functionsRuntimeScaleMonitoringEnabled":false,"websiteTimeZone":null,"minimumElasticInstanceCount":0,"azureStorageAccounts":{},"http20ProxyFlag":0,"sitePort":null,"antivirusScanEnabled":false,"storageType":"StorageVolume","sitePrivateLinkHostEnabled":false}}'
    headers:
      cache-control:
      - no-cache
      content-length:
      - '4103'
      content-type:
      - application/json
      date:
      - Wed, 15 Nov 2023 20:24:26 GMT
      etag:
      - '"1DA1801A4B24CB5"'
      expires:
      - '-1'
      pragma:
      - no-cache
      server:
      - Microsoft-IIS/10.0
      strict-transport-security:
      - max-age=31536000; includeSubDomains
      transfer-encoding:
      - chunked
      vary:
      - Accept-Encoding
      x-aspnet-version:
      - 4.0.30319
      x-content-type-options:
      - nosniff
      x-ms-ratelimit-remaining-subscription-writes:
      - '1197'
      x-powered-by:
      - ASP.NET
    status:
      code: 200
      message: OK
- request:
    body: null
    headers:
      Accept:
      - application/json
      Accept-Encoding:
      - gzip, deflate
      CommandName:
      - webapp create
      Connection:
      - keep-alive
      ParameterSetName:
      - -n -g -p -i
      User-Agent:
      - AZURECLI/2.54.0 azsdk-python-azure-mgmt-web/7.0.0 Python/3.10.13 (Linux-5.15.0-1050-azure-x86_64-with-glibc2.31)
        VSTS_7b238909-6802-4b65-b90d-184bca47f458_build_220_0
    method: GET
    uri: https://management.azure.com/subscriptions/00000000-0000-0000-0000-000000000000/resourceGroups/cli_test000001/providers/Microsoft.Web/sites/webapp-container-e2e000002/config/web?api-version=2023-01-01
  response:
    body:
      string: '{"id":"/subscriptions/00000000-0000-0000-0000-000000000000/resourceGroups/cli_test000001/providers/Microsoft.Web/sites/webapp-container-e2e000002/config/web","name":"webapp-container-e2e000002","type":"Microsoft.Web/sites/config","location":"Australia
        East","properties":{"numberOfWorkers":1,"defaultDocuments":["Default.htm","Default.html","Default.asp","index.htm","index.html","iisstart.htm","default.aspx","index.php","hostingstart.html"],"netFrameworkVersion":"v4.0","phpVersion":"","pythonVersion":"","nodeVersion":"","powerShellVersion":"","linuxFxVersion":"","windowsFxVersion":"DOCKER|mcr.microsoft.com/azure-app-service/windows/parkingpage:latest","windowsConfiguredStacks":[],"requestTracingEnabled":false,"remoteDebuggingEnabled":false,"remoteDebuggingVersion":"VS2019","httpLoggingEnabled":false,"azureMonitorLogCategories":null,"acrUseManagedIdentityCreds":false,"acrUserManagedIdentityID":null,"logsDirectorySizeLimit":35,"detailedErrorLoggingEnabled":false,"publishingUsername":"$webapp-container-e2e000002","publishingPassword":null,"appSettings":null,"metadata":null,"connectionStrings":null,"machineKey":null,"handlerMappings":null,"documentRoot":null,"scmType":"None","use32BitWorkerProcess":true,"webSocketsEnabled":false,"alwaysOn":true,"javaVersion":null,"javaContainer":null,"javaContainerVersion":null,"appCommandLine":"","managedPipelineMode":"Integrated","virtualApplications":[{"virtualPath":"/","physicalPath":"site\\wwwroot","preloadEnabled":true,"virtualDirectories":null}],"winAuthAdminState":0,"winAuthTenantState":0,"customAppPoolIdentityAdminState":false,"customAppPoolIdentityTenantState":false,"runtimeADUser":null,"runtimeADUserPassword":null,"loadBalancing":"LeastRequests","routingRules":[],"experiments":{"rampUpRules":[]},"limits":null,"autoHealEnabled":false,"autoHealRules":null,"tracingOptions":null,"vnetName":"","vnetRouteAllEnabled":false,"vnetPrivatePortsCount":0,"publicNetworkAccess":null,"siteAuthEnabled":false,"siteAuthSettings":{"enabled":null,"unauthenticatedClientAction":null,"tokenStoreEnabled":null,"allowedExternalRedirectUrls":null,"defaultProvider":null,"clientId":null,"clientSecret":null,"clientSecretSettingName":null,"clientSecretCertificateThumbprint":null,"issuer":null,"allowedAudiences":null,"additionalLoginParams":null,"isAadAutoProvisioned":false,"aadClaimsAuthorization":null,"googleClientId":null,"googleClientSecret":null,"googleClientSecretSettingName":null,"googleOAuthScopes":null,"facebookAppId":null,"facebookAppSecret":null,"facebookAppSecretSettingName":null,"facebookOAuthScopes":null,"gitHubClientId":null,"gitHubClientSecret":null,"gitHubClientSecretSettingName":null,"gitHubOAuthScopes":null,"twitterConsumerKey":null,"twitterConsumerSecret":null,"twitterConsumerSecretSettingName":null,"microsoftAccountClientId":null,"microsoftAccountClientSecret":null,"microsoftAccountClientSecretSettingName":null,"microsoftAccountOAuthScopes":null,"configVersion":null},"cors":null,"push":null,"apiDefinition":null,"apiManagementConfig":null,"autoSwapSlotName":null,"localMySqlEnabled":false,"managedServiceIdentityId":null,"xManagedServiceIdentityId":null,"keyVaultReferenceIdentity":null,"ipSecurityRestrictions":[{"ipAddress":"Any","action":"Allow","priority":2147483647,"name":"Allow
        all","description":"Allow all access"}],"ipSecurityRestrictionsDefaultAction":null,"scmIpSecurityRestrictions":[{"ipAddress":"Any","action":"Allow","priority":2147483647,"name":"Allow
        all","description":"Allow all access"}],"scmIpSecurityRestrictionsDefaultAction":null,"scmIpSecurityRestrictionsUseMain":false,"http20Enabled":true,"minTlsVersion":"1.2","minTlsCipherSuite":null,"supportedTlsCipherSuites":null,"scmMinTlsVersion":"1.2","ftpsState":"FtpsOnly","preWarmedInstanceCount":0,"functionAppScaleLimit":null,"elasticWebAppScaleLimit":0,"healthCheckPath":null,"fileChangeAuditEnabled":false,"functionsRuntimeScaleMonitoringEnabled":false,"websiteTimeZone":null,"minimumElasticInstanceCount":0,"azureStorageAccounts":{},"http20ProxyFlag":0,"sitePort":null,"antivirusScanEnabled":false,"storageType":"StorageVolume","sitePrivateLinkHostEnabled":false}}'
    headers:
      cache-control:
      - no-cache
      content-length:
      - '4121'
      content-type:
      - application/json
      date:
      - Wed, 15 Nov 2023 20:24:26 GMT
      expires:
      - '-1'
      pragma:
      - no-cache
      server:
      - Microsoft-IIS/10.0
      strict-transport-security:
      - max-age=31536000; includeSubDomains
      transfer-encoding:
      - chunked
      vary:
      - Accept-Encoding
      x-aspnet-version:
      - 4.0.30319
      x-content-type-options:
      - nosniff
      x-powered-by:
      - ASP.NET
    status:
      code: 200
      message: OK
version: 1
