interactions:
- request:
    body: null
    headers:
      Accept:
      - application/json
      Accept-Encoding:
      - gzip, deflate
      CommandName:
      - appservice plan create
      Connection:
      - keep-alive
      ParameterSetName:
      - -g -n --sku
      User-Agent:
      - python/3.6.4 (Darwin-19.6.0-x86_64-i386-64bit) msrest/0.6.18 msrest_azure/0.6.3
        azure-mgmt-resource/10.2.0 Azure-SDK-For-Python AZURECLI/2.12.1
      accept-language:
      - en-US
    method: GET
    uri: https://management.azure.com/subscriptions/00000000-0000-0000-0000-000000000000/resourcegroups/clitest.rg000001?api-version=2020-06-01
  response:
    body:
      string: '{"id":"/subscriptions/00000000-0000-0000-0000-000000000000/resourceGroups/clitest.rg000001","name":"clitest.rg000001","type":"Microsoft.Resources/resourceGroups","location":"japanwest","tags":{"product":"azurecli","cause":"automation","date":"2020-10-13T17:28:54Z"},"properties":{"provisioningState":"Succeeded"}}'
    headers:
      cache-control:
      - no-cache
      content-length:
      - '431'
      content-type:
      - application/json; charset=utf-8
      date:
      - Tue, 13 Oct 2020 17:28:57 GMT
      expires:
      - '-1'
      pragma:
      - no-cache
      strict-transport-security:
      - max-age=31536000; includeSubDomains
      vary:
      - Accept-Encoding
      x-content-type-options:
      - nosniff
    status:
      code: 200
      message: OK
- request:
    body: '{"name": "webapp-git-plan5000002", "type": "Microsoft.Web/serverfarms",
      "location": "japanwest", "properties": {"skuName": "S1", "capacity": 1}}'
    headers:
      Accept:
      - application/json
      Accept-Encoding:
      - gzip, deflate
      CommandName:
      - appservice plan create
      Connection:
      - keep-alive
      Content-Length:
      - '146'
      Content-Type:
      - application/json; charset=utf-8
      ParameterSetName:
      - -g -n --sku
      User-Agent:
      - python/3.6.4 (Darwin-19.6.0-x86_64-i386-64bit) msrest/0.6.18 msrest_azure/0.6.3
        azure-mgmt-web/0.48.0 Azure-SDK-For-Python AZURECLI/2.12.1
      accept-language:
      - en-US
    method: POST
    uri: https://management.azure.com/subscriptions/00000000-0000-0000-0000-000000000000/resourceGroups/clitest.rg000001/providers/Microsoft.Web/validate?api-version=2019-08-01
  response:
    body:
      string: '{"status":"Success","error":null}'
    headers:
      cache-control:
      - no-cache
      content-length:
      - '33'
      content-type:
      - application/json
      date:
      - Tue, 13 Oct 2020 17:28:58 GMT
      expires:
      - '-1'
      pragma:
      - no-cache
      server:
      - Microsoft-IIS/10.0
      strict-transport-security:
      - max-age=31536000; includeSubDomains
      transfer-encoding:
      - chunked
      vary:
      - Accept-Encoding
      x-aspnet-version:
      - 4.0.30319
      x-content-type-options:
      - nosniff
      x-ms-ratelimit-remaining-subscription-writes:
      - '1199'
      x-powered-by:
      - ASP.NET
    status:
      code: 200
      message: OK
- request:
    body: null
    headers:
      Accept:
      - application/json
      Accept-Encoding:
      - gzip, deflate
      CommandName:
      - appservice plan create
      Connection:
      - keep-alive
      ParameterSetName:
      - -g -n --sku
      User-Agent:
      - python/3.6.4 (Darwin-19.6.0-x86_64-i386-64bit) msrest/0.6.18 msrest_azure/0.6.3
        azure-mgmt-resource/10.2.0 Azure-SDK-For-Python AZURECLI/2.12.1
      accept-language:
      - en-US
    method: GET
    uri: https://management.azure.com/subscriptions/00000000-0000-0000-0000-000000000000/resourcegroups/clitest.rg000001?api-version=2020-06-01
  response:
    body:
      string: '{"id":"/subscriptions/00000000-0000-0000-0000-000000000000/resourceGroups/clitest.rg000001","name":"clitest.rg000001","type":"Microsoft.Resources/resourceGroups","location":"japanwest","tags":{"product":"azurecli","cause":"automation","date":"2020-10-13T17:28:54Z"},"properties":{"provisioningState":"Succeeded"}}'
    headers:
      cache-control:
      - no-cache
      content-length:
      - '431'
      content-type:
      - application/json; charset=utf-8
      date:
      - Tue, 13 Oct 2020 17:28:58 GMT
      expires:
      - '-1'
      pragma:
      - no-cache
      strict-transport-security:
      - max-age=31536000; includeSubDomains
      vary:
      - Accept-Encoding
      x-content-type-options:
      - nosniff
    status:
      code: 200
      message: OK
- request:
    body: '{"location": "japanwest", "properties": {"perSiteScaling": false, "isXenon":
      false}, "sku": {"name": "S1", "tier": "STANDARD", "capacity": 1}}'
    headers:
      Accept:
      - application/json
      Accept-Encoding:
      - gzip, deflate
      CommandName:
      - appservice plan create
      Connection:
      - keep-alive
      Content-Length:
      - '142'
      Content-Type:
      - application/json; charset=utf-8
      ParameterSetName:
      - -g -n --sku
      User-Agent:
      - python/3.6.4 (Darwin-19.6.0-x86_64-i386-64bit) msrest/0.6.18 msrest_azure/0.6.3
        azure-mgmt-web/0.48.0 Azure-SDK-For-Python AZURECLI/2.12.1
      accept-language:
      - en-US
    method: PUT
    uri: https://management.azure.com/subscriptions/00000000-0000-0000-0000-000000000000/resourceGroups/clitest.rg000001/providers/Microsoft.Web/serverfarms/webapp-git-plan5000002?api-version=2019-08-01
  response:
    body:
      string: '{"id":"/subscriptions/00000000-0000-0000-0000-000000000000/resourceGroups/clitest.rg000001/providers/Microsoft.Web/serverfarms/webapp-git-plan5000002","name":"webapp-git-plan5000002","type":"Microsoft.Web/serverfarms","kind":"app","location":"Japan
        West","properties":{"serverFarmId":18827,"name":"webapp-git-plan5000002","workerSize":"Default","workerSizeId":0,"workerTierName":null,"numberOfWorkers":1,"currentWorkerSize":"Default","currentWorkerSizeId":0,"currentNumberOfWorkers":1,"status":"Ready","webSpace":"clitest.rg000001-JapanWestwebspace","subscription":"e483435e-282d-4ac1-92b5-d6123f2aa360","adminSiteName":null,"hostingEnvironment":null,"hostingEnvironmentProfile":null,"maximumNumberOfWorkers":10,"planName":"VirtualDedicatedPlan","adminRuntimeSiteName":null,"computeMode":"Dedicated","siteMode":null,"geoRegion":"Japan
        West","perSiteScaling":false,"maximumElasticWorkerCount":1,"numberOfSites":0,"hostingEnvironmentId":null,"isSpot":false,"spotExpirationTime":null,"freeOfferExpirationTime":null,"tags":null,"kind":"app","resourceGroup":"clitest.rg000001","reserved":false,"isXenon":false,"hyperV":false,"mdmId":"waws-prod-os1-011_18827","targetWorkerCount":0,"targetWorkerSizeId":0,"provisioningState":"Succeeded","webSiteId":null,"existingServerFarmIds":null},"sku":{"name":"S1","tier":"Standard","size":"S1","family":"S","capacity":1}}'
    headers:
      cache-control:
      - no-cache
      content-length:
      - '1537'
      content-type:
      - application/json
      date:
      - Tue, 13 Oct 2020 17:29:11 GMT
      expires:
      - '-1'
      pragma:
      - no-cache
      server:
      - Microsoft-IIS/10.0
      strict-transport-security:
      - max-age=31536000; includeSubDomains
      transfer-encoding:
      - chunked
      vary:
      - Accept-Encoding
      x-aspnet-version:
      - 4.0.30319
      x-content-type-options:
      - nosniff
      x-ms-ratelimit-remaining-subscription-writes:
      - '1199'
      x-powered-by:
      - ASP.NET
    status:
      code: 200
      message: OK
- request:
    body: null
    headers:
      Accept:
      - application/json
      Accept-Encoding:
      - gzip, deflate
      CommandName:
      - webapp create
      Connection:
      - keep-alive
      ParameterSetName:
      - -g -n --plan
      User-Agent:
      - python/3.6.4 (Darwin-19.6.0-x86_64-i386-64bit) msrest/0.6.18 msrest_azure/0.6.3
        azure-mgmt-web/0.48.0 Azure-SDK-For-Python AZURECLI/2.12.1
      accept-language:
      - en-US
    method: GET
    uri: https://management.azure.com/subscriptions/00000000-0000-0000-0000-000000000000/resourceGroups/clitest.rg000001/providers/Microsoft.Web/serverfarms/webapp-git-plan5000002?api-version=2019-08-01
  response:
    body:
      string: '{"id":"/subscriptions/00000000-0000-0000-0000-000000000000/resourceGroups/clitest.rg000001/providers/Microsoft.Web/serverfarms/webapp-git-plan5000002","name":"webapp-git-plan5000002","type":"Microsoft.Web/serverfarms","kind":"app","location":"Japan
        West","properties":{"serverFarmId":18827,"name":"webapp-git-plan5000002","workerSize":"Default","workerSizeId":0,"workerTierName":null,"numberOfWorkers":1,"currentWorkerSize":"Default","currentWorkerSizeId":0,"currentNumberOfWorkers":1,"status":"Ready","webSpace":"clitest.rg000001-JapanWestwebspace","subscription":"e483435e-282d-4ac1-92b5-d6123f2aa360","adminSiteName":null,"hostingEnvironment":null,"hostingEnvironmentProfile":null,"maximumNumberOfWorkers":10,"planName":"VirtualDedicatedPlan","adminRuntimeSiteName":null,"computeMode":"Dedicated","siteMode":null,"geoRegion":"Japan
        West","perSiteScaling":false,"maximumElasticWorkerCount":1,"numberOfSites":0,"hostingEnvironmentId":null,"isSpot":false,"spotExpirationTime":null,"freeOfferExpirationTime":null,"tags":null,"kind":"app","resourceGroup":"clitest.rg000001","reserved":false,"isXenon":false,"hyperV":false,"mdmId":"waws-prod-os1-011_18827","targetWorkerCount":0,"targetWorkerSizeId":0,"provisioningState":"Succeeded","webSiteId":null,"existingServerFarmIds":null},"sku":{"name":"S1","tier":"Standard","size":"S1","family":"S","capacity":1}}'
    headers:
      cache-control:
      - no-cache
      content-length:
      - '1537'
      content-type:
      - application/json
      date:
      - Tue, 13 Oct 2020 17:29:13 GMT
      expires:
      - '-1'
      pragma:
      - no-cache
      server:
      - Microsoft-IIS/10.0
      strict-transport-security:
      - max-age=31536000; includeSubDomains
      transfer-encoding:
      - chunked
      vary:
      - Accept-Encoding
      x-aspnet-version:
      - 4.0.30319
      x-content-type-options:
      - nosniff
      x-powered-by:
      - ASP.NET
    status:
      code: 200
      message: OK
- request:
    body: '{"name": "web-git-test2000003", "type": "Microsoft.Web/sites", "location":
      "Japan West", "properties": {"serverFarmId": "/subscriptions/00000000-0000-0000-0000-000000000000/resourceGroups/clitest.rg000001/providers/Microsoft.Web/serverfarms/webapp-git-plan5000002"}}'
    headers:
      Accept:
      - application/json
      Accept-Encoding:
      - gzip, deflate
      CommandName:
      - webapp create
      Connection:
      - keep-alive
      Content-Length:
      - '332'
      Content-Type:
      - application/json; charset=utf-8
      ParameterSetName:
      - -g -n --plan
      User-Agent:
      - python/3.6.4 (Darwin-19.6.0-x86_64-i386-64bit) msrest/0.6.18 msrest_azure/0.6.3
        azure-mgmt-web/0.48.0 Azure-SDK-For-Python AZURECLI/2.12.1
      accept-language:
      - en-US
    method: POST
    uri: https://management.azure.com/subscriptions/00000000-0000-0000-0000-000000000000/resourceGroups/clitest.rg000001/providers/Microsoft.Web/validate?api-version=2019-08-01
  response:
    body:
      string: '{"status":"Success","error":null}'
    headers:
      cache-control:
      - no-cache
      content-length:
      - '33'
      content-type:
      - application/json
      date:
      - Tue, 13 Oct 2020 17:29:13 GMT
      expires:
      - '-1'
      pragma:
      - no-cache
      server:
      - Microsoft-IIS/10.0
      strict-transport-security:
      - max-age=31536000; includeSubDomains
      transfer-encoding:
      - chunked
      vary:
      - Accept-Encoding
      x-aspnet-version:
      - 4.0.30319
      x-content-type-options:
      - nosniff
      x-ms-ratelimit-remaining-subscription-writes:
      - '1199'
      x-powered-by:
      - ASP.NET
    status:
      code: 200
      message: OK
- request:
    body: null
    headers:
      Accept:
      - application/json
      Accept-Encoding:
      - gzip, deflate
      CommandName:
      - webapp create
      Connection:
      - keep-alive
      ParameterSetName:
      - -g -n --plan
      User-Agent:
      - python/3.6.4 (Darwin-19.6.0-x86_64-i386-64bit) msrest/0.6.18 msrest_azure/0.6.3
        azure-mgmt-web/0.48.0 Azure-SDK-For-Python AZURECLI/2.12.1
      accept-language:
      - en-US
    method: GET
    uri: https://management.azure.com/subscriptions/00000000-0000-0000-0000-000000000000/resourceGroups/clitest.rg000001/providers/Microsoft.Web/serverfarms/webapp-git-plan5000002?api-version=2019-08-01
  response:
    body:
      string: '{"id":"/subscriptions/00000000-0000-0000-0000-000000000000/resourceGroups/clitest.rg000001/providers/Microsoft.Web/serverfarms/webapp-git-plan5000002","name":"webapp-git-plan5000002","type":"Microsoft.Web/serverfarms","kind":"app","location":"Japan
        West","properties":{"serverFarmId":18827,"name":"webapp-git-plan5000002","workerSize":"Default","workerSizeId":0,"workerTierName":null,"numberOfWorkers":1,"currentWorkerSize":"Default","currentWorkerSizeId":0,"currentNumberOfWorkers":1,"status":"Ready","webSpace":"clitest.rg000001-JapanWestwebspace","subscription":"e483435e-282d-4ac1-92b5-d6123f2aa360","adminSiteName":null,"hostingEnvironment":null,"hostingEnvironmentProfile":null,"maximumNumberOfWorkers":10,"planName":"VirtualDedicatedPlan","adminRuntimeSiteName":null,"computeMode":"Dedicated","siteMode":null,"geoRegion":"Japan
        West","perSiteScaling":false,"maximumElasticWorkerCount":1,"numberOfSites":0,"hostingEnvironmentId":null,"isSpot":false,"spotExpirationTime":null,"freeOfferExpirationTime":null,"tags":null,"kind":"app","resourceGroup":"clitest.rg000001","reserved":false,"isXenon":false,"hyperV":false,"mdmId":"waws-prod-os1-011_18827","targetWorkerCount":0,"targetWorkerSizeId":0,"provisioningState":"Succeeded","webSiteId":null,"existingServerFarmIds":null},"sku":{"name":"S1","tier":"Standard","size":"S1","family":"S","capacity":1}}'
    headers:
      cache-control:
      - no-cache
      content-length:
      - '1537'
      content-type:
      - application/json
      date:
      - Tue, 13 Oct 2020 17:29:14 GMT
      expires:
      - '-1'
      pragma:
      - no-cache
      server:
      - Microsoft-IIS/10.0
      strict-transport-security:
      - max-age=31536000; includeSubDomains
      transfer-encoding:
      - chunked
      vary:
      - Accept-Encoding
      x-aspnet-version:
      - 4.0.30319
      x-content-type-options:
      - nosniff
      x-powered-by:
      - ASP.NET
    status:
      code: 200
      message: OK
- request:
    body: '{"name": "web-git-test2000003", "type": "Site"}'
    headers:
      Accept:
      - application/json
      Accept-Encoding:
      - gzip, deflate
      CommandName:
      - webapp create
      Connection:
      - keep-alive
      Content-Length:
      - '52'
      Content-Type:
      - application/json; charset=utf-8
      ParameterSetName:
      - -g -n --plan
      User-Agent:
      - python/3.6.4 (Darwin-19.6.0-x86_64-i386-64bit) msrest/0.6.18 msrest_azure/0.6.3
        azure-mgmt-web/0.48.0 Azure-SDK-For-Python AZURECLI/2.12.1
      accept-language:
      - en-US
    method: POST
    uri: https://management.azure.com/subscriptions/00000000-0000-0000-0000-000000000000/providers/Microsoft.Web/checknameavailability?api-version=2019-08-01
  response:
    body:
      string: '{"nameAvailable":true,"reason":"","message":""}'
    headers:
      cache-control:
      - no-cache
      content-length:
      - '47'
      content-type:
      - application/json
      date:
      - Tue, 13 Oct 2020 17:29:14 GMT
      expires:
      - '-1'
      pragma:
      - no-cache
      server:
      - Microsoft-IIS/10.0
      strict-transport-security:
      - max-age=31536000; includeSubDomains
      transfer-encoding:
      - chunked
      vary:
      - Accept-Encoding
      x-aspnet-version:
      - 4.0.30319
      x-content-type-options:
      - nosniff
      x-powered-by:
      - ASP.NET
    status:
      code: 200
      message: OK
- request:
    body: '{"location": "Japan West", "properties": {"serverFarmId": "/subscriptions/00000000-0000-0000-0000-000000000000/resourceGroups/clitest.rg000001/providers/Microsoft.Web/serverfarms/webapp-git-plan5000002",
      "reserved": false, "isXenon": false, "hyperV": false, "siteConfig": {"netFrameworkVersion":
      "v4.6", "appSettings": [{"name": "WEBSITE_NODE_DEFAULT_VERSION", "value": "10.14"}],
      "alwaysOn": true, "localMySqlEnabled": false, "http20Enabled": true}, "scmSiteAlsoStopped":
      false, "httpsOnly": false}}'
    headers:
      Accept:
      - application/json
      Accept-Encoding:
      - gzip, deflate
      CommandName:
      - webapp create
      Connection:
      - keep-alive
      Content-Length:
      - '561'
      Content-Type:
      - application/json; charset=utf-8
      ParameterSetName:
      - -g -n --plan
      User-Agent:
      - python/3.6.4 (Darwin-19.6.0-x86_64-i386-64bit) msrest/0.6.18 msrest_azure/0.6.3
        azure-mgmt-web/0.48.0 Azure-SDK-For-Python AZURECLI/2.12.1
      accept-language:
      - en-US
    method: PUT
    uri: https://management.azure.com/subscriptions/00000000-0000-0000-0000-000000000000/resourceGroups/clitest.rg000001/providers/Microsoft.Web/sites/web-git-test2000003?api-version=2019-08-01
  response:
    body:
      string: '{"id":"/subscriptions/00000000-0000-0000-0000-000000000000/resourceGroups/clitest.rg000001/providers/Microsoft.Web/sites/web-git-test2000003","name":"web-git-test2000003","type":"Microsoft.Web/sites","kind":"app","location":"Japan
        West","properties":{"name":"web-git-test2000003","state":"Running","hostNames":["web-git-test2000003.azurewebsites.net"],"webSpace":"clitest.rg000001-JapanWestwebspace","selfLink":"https://waws-prod-os1-011.api.azurewebsites.windows.net:454/subscriptions/00000000-0000-0000-0000-000000000000/webspaces/clitest.rg000001-JapanWestwebspace/sites/web-git-test2000003","repositorySiteName":"web-git-test2000003","owner":null,"usageState":"Normal","enabled":true,"adminEnabled":true,"enabledHostNames":["web-git-test2000003.azurewebsites.net","web-git-test2000003.scm.azurewebsites.net"],"siteProperties":{"metadata":null,"properties":[{"name":"LinuxFxVersion","value":""},{"name":"WindowsFxVersion","value":null}],"appSettings":null},"availabilityState":"Normal","sslCertificates":null,"csrs":[],"cers":null,"siteMode":null,"hostNameSslStates":[{"name":"web-git-test2000003.azurewebsites.net","sslState":"Disabled","ipBasedSslResult":null,"virtualIP":null,"thumbprint":null,"toUpdate":null,"toUpdateIpBasedSsl":null,"ipBasedSslState":"NotConfigured","hostType":"Standard"},{"name":"web-git-test2000003.scm.azurewebsites.net","sslState":"Disabled","ipBasedSslResult":null,"virtualIP":null,"thumbprint":null,"toUpdate":null,"toUpdateIpBasedSsl":null,"ipBasedSslState":"NotConfigured","hostType":"Repository"}],"computeMode":null,"serverFarm":null,"serverFarmId":"/subscriptions/00000000-0000-0000-0000-000000000000/resourceGroups/clitest.rg000001/providers/Microsoft.Web/serverfarms/webapp-git-plan5000002","reserved":false,"isXenon":false,"hyperV":false,"lastModifiedTimeUtc":"2020-10-13T17:29:21.2433333","storageRecoveryDefaultState":"Running","contentAvailabilityState":"Normal","runtimeAvailabilityState":"Normal","siteConfig":{"numberOfWorkers":null,"defaultDocuments":null,"netFrameworkVersion":null,"phpVersion":null,"pythonVersion":null,"nodeVersion":null,"powerShellVersion":null,"linuxFxVersion":null,"windowsFxVersion":null,"requestTracingEnabled":null,"remoteDebuggingEnabled":null,"remoteDebuggingVersion":null,"httpLoggingEnabled":null,"azureMonitorLogCategories":null,"acrUseManagedIdentityCreds":false,"acrUserManagedIdentityID":null,"logsDirectorySizeLimit":null,"detailedErrorLoggingEnabled":null,"publishingUsername":null,"publishingPassword":null,"appSettings":null,"azureStorageAccounts":null,"metadata":null,"connectionStrings":null,"machineKey":null,"handlerMappings":null,"documentRoot":null,"scmType":null,"use32BitWorkerProcess":null,"webSocketsEnabled":null,"alwaysOn":null,"javaVersion":null,"javaContainer":null,"javaContainerVersion":null,"appCommandLine":null,"managedPipelineMode":null,"virtualApplications":null,"winAuthAdminState":null,"winAuthTenantState":null,"customAppPoolIdentityAdminState":null,"customAppPoolIdentityTenantState":null,"runtimeADUser":null,"runtimeADUserPassword":null,"loadBalancing":null,"routingRules":null,"experiments":null,"limits":null,"autoHealEnabled":null,"autoHealRules":null,"tracingOptions":null,"vnetName":null,"vnetRouteAllEnabled":null,"cors":null,"push":null,"apiDefinition":null,"apiManagementConfig":null,"autoSwapSlotName":null,"localMySqlEnabled":null,"managedServiceIdentityId":null,"xManagedServiceIdentityId":null,"ipSecurityRestrictions":[{"ipAddress":"Any","action":"Allow","priority":1,"name":"Allow
        all","description":"Allow all access"}],"scmIpSecurityRestrictions":[{"ipAddress":"Any","action":"Allow","priority":1,"name":"Allow
        all","description":"Allow all access"}],"scmIpSecurityRestrictionsUseMain":null,"http20Enabled":null,"minTlsVersion":null,"scmMinTlsVersion":null,"ftpsState":null,"preWarmedInstanceCount":null,"functionAppScaleLimit":null,"healthCheckPath":null,"fileChangeAuditEnabled":null,"functionsRuntimeScaleMonitoringEnabled":null,"websiteTimeZone":null,"minimumElasticInstanceCount":0},"deploymentId":"web-git-test2000003","trafficManagerHostNames":null,"sku":"Standard","scmSiteAlsoStopped":false,"targetSwapSlot":null,"hostingEnvironment":null,"hostingEnvironmentProfile":null,"clientAffinityEnabled":true,"clientCertEnabled":false,"clientCertMode":"Required","clientCertExclusionPaths":null,"hostNamesDisabled":false,"domainVerificationIdentifiers":null,"customDomainVerificationId":"30E3673979DFB5673924412D39370809E608E2DE4E889BD01C7B80FC38A57EED","kind":"app","inboundIpAddress":"104.215.11.176","possibleInboundIpAddresses":"104.215.11.176","ftpUsername":"web-git-test2000003\\$web-git-test2000003","ftpsHostName":"ftps://waws-prod-os1-011.ftp.azurewebsites.windows.net/site/wwwroot","outboundIpAddresses":"104.215.11.176,104.215.12.60,104.215.10.163,104.215.12.212,104.215.8.97","possibleOutboundIpAddresses":"104.215.11.176,104.215.12.60,104.215.10.163,104.215.12.212,104.215.8.97,104.215.12.167,104.215.13.127","containerSize":0,"dailyMemoryTimeQuota":0,"suspendedTill":null,"siteDisabledReason":0,"functionExecutionUnitsCache":null,"maxNumberOfWorkers":null,"homeStamp":"waws-prod-os1-011","cloningInfo":null,"hostingEnvironmentId":null,"tags":null,"resourceGroup":"clitest.rg000001","defaultHostName":"web-git-test2000003.azurewebsites.net","slotSwapStatus":null,"httpsOnly":false,"redundancyMode":"None","inProgressOperationId":null,"geoDistributions":null,"privateEndpointConnections":null,"buildVersion":null,"targetBuildVersion":null,"migrationState":null}}'
    headers:
      cache-control:
      - no-cache
      content-length:
      - '5871'
      content-type:
      - application/json
      date:
      - Tue, 13 Oct 2020 17:29:40 GMT
      etag:
      - '"1D6A186635F7C20"'
      expires:
      - '-1'
      pragma:
      - no-cache
      server:
      - Microsoft-IIS/10.0
      strict-transport-security:
      - max-age=31536000; includeSubDomains
      transfer-encoding:
      - chunked
      vary:
      - Accept-Encoding
      x-aspnet-version:
      - 4.0.30319
      x-content-type-options:
      - nosniff
      x-ms-ratelimit-remaining-subscription-resource-requests:
      - '499'
      x-powered-by:
      - ASP.NET
    status:
      code: 200
      message: OK
- request:
    body: '{}'
    headers:
      Accept:
      - application/xml
      Accept-Encoding:
      - gzip, deflate
      CommandName:
      - webapp create
      Connection:
      - keep-alive
      Content-Length:
      - '2'
      Content-Type:
      - application/json; charset=utf-8
      ParameterSetName:
      - -g -n --plan
      User-Agent:
      - python/3.6.4 (Darwin-19.6.0-x86_64-i386-64bit) msrest/0.6.18 msrest_azure/0.6.3
        azure-mgmt-web/0.48.0 Azure-SDK-For-Python AZURECLI/2.12.1
      accept-language:
      - en-US
    method: POST
    uri: https://management.azure.com/subscriptions/00000000-0000-0000-0000-000000000000/resourceGroups/clitest.rg000001/providers/Microsoft.Web/sites/web-git-test2000003/publishxml?api-version=2019-08-01
  response:
    body:
      string: <publishData><publishProfile profileName="web-git-test2000003 - Web
        Deploy" publishMethod="MSDeploy" publishUrl="web-git-test2000003.scm.azurewebsites.net:443"
        msdeploySite="web-git-test2000003" userName="$web-git-test2000003" userPWD="9W12mKtTcMbtQA5MpnMimDmR0nznEwJ6uC2jy4oPs7TY8B1vKT0uitjEQaal"
        destinationAppUrl="http://web-git-test2000003.azurewebsites.net" SQLServerDBConnectionString=""
        mySQLDBConnectionString="" hostingProviderForumLink="" controlPanelLink="http://windows.azure.com"
        webSystem="WebSites"><databases /></publishProfile><publishProfile profileName="web-git-test2000003
        - FTP" publishMethod="FTP" publishUrl="ftp://waws-prod-os1-011.ftp.azurewebsites.windows.net/site/wwwroot"
        ftpPassiveMode="True" userName="web-git-test2000003\$web-git-test2000003"
        userPWD="9W12mKtTcMbtQA5MpnMimDmR0nznEwJ6uC2jy4oPs7TY8B1vKT0uitjEQaal" destinationAppUrl="http://web-git-test2000003.azurewebsites.net"
        SQLServerDBConnectionString="" mySQLDBConnectionString="" hostingProviderForumLink=""
        controlPanelLink="http://windows.azure.com" webSystem="WebSites"><databases
        /></publishProfile><publishProfile profileName="web-git-test2000003 - ReadOnly
        - FTP" publishMethod="FTP" publishUrl="ftp://waws-prod-os1-011dr.ftp.azurewebsites.windows.net/site/wwwroot"
        ftpPassiveMode="True" userName="web-git-test2000003\$web-git-test2000003"
        userPWD="9W12mKtTcMbtQA5MpnMimDmR0nznEwJ6uC2jy4oPs7TY8B1vKT0uitjEQaal" destinationAppUrl="http://web-git-test2000003.azurewebsites.net"
        SQLServerDBConnectionString="" mySQLDBConnectionString="" hostingProviderForumLink=""
        controlPanelLink="http://windows.azure.com" webSystem="WebSites"><databases
        /></publishProfile></publishData>
    headers:
      cache-control:
      - no-cache
      content-length:
      - '1730'
      content-type:
      - application/xml
      date:
      - Tue, 13 Oct 2020 17:29:40 GMT
      expires:
      - '-1'
      pragma:
      - no-cache
      server:
      - Microsoft-IIS/10.0
      strict-transport-security:
      - max-age=31536000; includeSubDomains
      x-aspnet-version:
      - 4.0.30319
      x-content-type-options:
      - nosniff
      x-ms-ratelimit-remaining-subscription-resource-requests:
      - '11999'
      x-powered-by:
      - ASP.NET
    status:
      code: 200
      message: OK
- request:
    body: null
    headers:
      Accept:
      - application/json
      Accept-Encoding:
      - gzip, deflate
      CommandName:
      - webapp deployment source config
      Connection:
      - keep-alive
      ParameterSetName:
      - -g -n --repo-url --branch --manual-integration
      User-Agent:
      - python/3.6.4 (Darwin-19.6.0-x86_64-i386-64bit) msrest/0.6.18 msrest_azure/0.6.3
        azure-mgmt-web/0.48.0 Azure-SDK-For-Python AZURECLI/2.12.1
      accept-language:
      - en-US
    method: GET
    uri: https://management.azure.com/subscriptions/00000000-0000-0000-0000-000000000000/resourceGroups/clitest.rg000001/providers/Microsoft.Web/sites/web-git-test2000003?api-version=2019-08-01
  response:
    body:
      string: '{"id":"/subscriptions/00000000-0000-0000-0000-000000000000/resourceGroups/clitest.rg000001/providers/Microsoft.Web/sites/web-git-test2000003","name":"web-git-test2000003","type":"Microsoft.Web/sites","kind":"app","location":"Japan
        West","properties":{"name":"web-git-test2000003","state":"Running","hostNames":["web-git-test2000003.azurewebsites.net"],"webSpace":"clitest.rg000001-JapanWestwebspace","selfLink":"https://waws-prod-os1-011.api.azurewebsites.windows.net:454/subscriptions/00000000-0000-0000-0000-000000000000/webspaces/clitest.rg000001-JapanWestwebspace/sites/web-git-test2000003","repositorySiteName":"web-git-test2000003","owner":null,"usageState":"Normal","enabled":true,"adminEnabled":true,"enabledHostNames":["web-git-test2000003.azurewebsites.net","web-git-test2000003.scm.azurewebsites.net"],"siteProperties":{"metadata":null,"properties":[{"name":"LinuxFxVersion","value":""},{"name":"WindowsFxVersion","value":null}],"appSettings":null},"availabilityState":"Normal","sslCertificates":null,"csrs":[],"cers":null,"siteMode":null,"hostNameSslStates":[{"name":"web-git-test2000003.azurewebsites.net","sslState":"Disabled","ipBasedSslResult":null,"virtualIP":null,"thumbprint":null,"toUpdate":null,"toUpdateIpBasedSsl":null,"ipBasedSslState":"NotConfigured","hostType":"Standard"},{"name":"web-git-test2000003.scm.azurewebsites.net","sslState":"Disabled","ipBasedSslResult":null,"virtualIP":null,"thumbprint":null,"toUpdate":null,"toUpdateIpBasedSsl":null,"ipBasedSslState":"NotConfigured","hostType":"Repository"}],"computeMode":null,"serverFarm":null,"serverFarmId":"/subscriptions/00000000-0000-0000-0000-000000000000/resourceGroups/clitest.rg000001/providers/Microsoft.Web/serverfarms/webapp-git-plan5000002","reserved":false,"isXenon":false,"hyperV":false,"lastModifiedTimeUtc":"2020-10-13T17:29:21.89","storageRecoveryDefaultState":"Running","contentAvailabilityState":"Normal","runtimeAvailabilityState":"Normal","siteConfig":{"numberOfWorkers":null,"defaultDocuments":null,"netFrameworkVersion":null,"phpVersion":null,"pythonVersion":null,"nodeVersion":null,"powerShellVersion":null,"linuxFxVersion":null,"windowsFxVersion":null,"requestTracingEnabled":null,"remoteDebuggingEnabled":null,"remoteDebuggingVersion":null,"httpLoggingEnabled":null,"azureMonitorLogCategories":null,"acrUseManagedIdentityCreds":false,"acrUserManagedIdentityID":null,"logsDirectorySizeLimit":null,"detailedErrorLoggingEnabled":null,"publishingUsername":null,"publishingPassword":null,"appSettings":null,"azureStorageAccounts":null,"metadata":null,"connectionStrings":null,"machineKey":null,"handlerMappings":null,"documentRoot":null,"scmType":null,"use32BitWorkerProcess":null,"webSocketsEnabled":null,"alwaysOn":null,"javaVersion":null,"javaContainer":null,"javaContainerVersion":null,"appCommandLine":null,"managedPipelineMode":null,"virtualApplications":null,"winAuthAdminState":null,"winAuthTenantState":null,"customAppPoolIdentityAdminState":null,"customAppPoolIdentityTenantState":null,"runtimeADUser":null,"runtimeADUserPassword":null,"loadBalancing":null,"routingRules":null,"experiments":null,"limits":null,"autoHealEnabled":null,"autoHealRules":null,"tracingOptions":null,"vnetName":null,"vnetRouteAllEnabled":null,"cors":null,"push":null,"apiDefinition":null,"apiManagementConfig":null,"autoSwapSlotName":null,"localMySqlEnabled":null,"managedServiceIdentityId":null,"xManagedServiceIdentityId":null,"ipSecurityRestrictions":null,"scmIpSecurityRestrictions":null,"scmIpSecurityRestrictionsUseMain":null,"http20Enabled":null,"minTlsVersion":null,"scmMinTlsVersion":null,"ftpsState":null,"preWarmedInstanceCount":null,"functionAppScaleLimit":null,"healthCheckPath":null,"fileChangeAuditEnabled":null,"functionsRuntimeScaleMonitoringEnabled":null,"websiteTimeZone":null,"minimumElasticInstanceCount":0},"deploymentId":"web-git-test2000003","trafficManagerHostNames":null,"sku":"Standard","scmSiteAlsoStopped":false,"targetSwapSlot":null,"hostingEnvironment":null,"hostingEnvironmentProfile":null,"clientAffinityEnabled":true,"clientCertEnabled":false,"clientCertMode":"Required","clientCertExclusionPaths":null,"hostNamesDisabled":false,"domainVerificationIdentifiers":null,"customDomainVerificationId":"30E3673979DFB5673924412D39370809E608E2DE4E889BD01C7B80FC38A57EED","kind":"app","inboundIpAddress":"104.215.11.176","possibleInboundIpAddresses":"104.215.11.176","ftpUsername":"web-git-test2000003\\$web-git-test2000003","ftpsHostName":"ftps://waws-prod-os1-011.ftp.azurewebsites.windows.net/site/wwwroot","outboundIpAddresses":"104.215.11.176,104.215.12.60,104.215.10.163,104.215.12.212,104.215.8.97","possibleOutboundIpAddresses":"104.215.11.176,104.215.12.60,104.215.10.163,104.215.12.212,104.215.8.97,104.215.12.167,104.215.13.127","containerSize":0,"dailyMemoryTimeQuota":0,"suspendedTill":null,"siteDisabledReason":0,"functionExecutionUnitsCache":null,"maxNumberOfWorkers":null,"homeStamp":"waws-prod-os1-011","cloningInfo":null,"hostingEnvironmentId":null,"tags":null,"resourceGroup":"clitest.rg000001","defaultHostName":"web-git-test2000003.azurewebsites.net","slotSwapStatus":null,"httpsOnly":false,"redundancyMode":"None","inProgressOperationId":null,"geoDistributions":null,"privateEndpointConnections":[],"buildVersion":null,"targetBuildVersion":null,"migrationState":null}}'
    headers:
      cache-control:
      - no-cache
      content-length:
      - '5666'
      content-type:
      - application/json
      date:
      - Tue, 13 Oct 2020 17:29:41 GMT
      etag:
      - '"1D6A186635F7C20"'
      expires:
      - '-1'
      pragma:
      - no-cache
      server:
      - Microsoft-IIS/10.0
      strict-transport-security:
      - max-age=31536000; includeSubDomains
      transfer-encoding:
      - chunked
      vary:
      - Accept-Encoding
      x-aspnet-version:
      - 4.0.30319
      x-content-type-options:
      - nosniff
      x-powered-by:
      - ASP.NET
    status:
      code: 200
      message: OK
- request:
    body: '{"properties": {"repoUrl": "https://github.com/yugangw-msft/azure-site-test",
      "branch": "master", "isManualIntegration": true, "isMercurial": false}}'
    headers:
      Accept:
      - application/json
      Accept-Encoding:
      - gzip, deflate
      CommandName:
      - webapp deployment source config
      Connection:
      - keep-alive
      Content-Length:
      - '149'
      Content-Type:
      - application/json; charset=utf-8
      ParameterSetName:
      - -g -n --repo-url --branch --manual-integration
      User-Agent:
      - python/3.6.4 (Darwin-19.6.0-x86_64-i386-64bit) msrest/0.6.18 msrest_azure/0.6.3
        azure-mgmt-web/0.48.0 Azure-SDK-For-Python AZURECLI/2.12.1
      accept-language:
      - en-US
    method: PUT
    uri: https://management.azure.com/subscriptions/00000000-0000-0000-0000-000000000000/resourceGroups/clitest.rg000001/providers/Microsoft.Web/sites/web-git-test2000003/sourcecontrols/web?api-version=2019-08-01
  response:
    body:
      string: '{"id":"/subscriptions/00000000-0000-0000-0000-000000000000/resourceGroups/clitest.rg000001/providers/Microsoft.Web/sites/web-git-test2000003/sourcecontrols/web","name":"web-git-test2000003","type":"Microsoft.Web/sites/sourcecontrols","location":"Japan
        West","properties":{"repoUrl":"https://github.com/yugangw-msft/azure-site-test","branch":"master","isManualIntegration":true,"isGitHubAction":false,"deploymentRollbackEnabled":false,"isMercurial":false,"provisioningState":"InProgress"}}'
    headers:
      cache-control:
      - no-cache
      content-length:
      - '557'
      content-type:
      - application/json
      date:
      - Tue, 13 Oct 2020 17:29:46 GMT
      etag:
      - '"1D6A18671FDF50B"'
      expires:
      - '-1'
      pragma:
      - no-cache
      server:
      - Microsoft-IIS/10.0
      strict-transport-security:
      - max-age=31536000; includeSubDomains
      x-aspnet-version:
      - 4.0.30319
      x-content-type-options:
      - nosniff
      x-ms-ratelimit-remaining-subscription-writes:
      - '1199'
      x-powered-by:
      - ASP.NET
    status:
      code: 201
      message: Created
- request:
    body: null
    headers:
      Accept:
      - application/json
      Accept-Encoding:
      - gzip, deflate
      CommandName:
      - webapp deployment source config
      Connection:
      - keep-alive
      ParameterSetName:
      - -g -n --repo-url --branch --manual-integration
      User-Agent:
      - python/3.6.4 (Darwin-19.6.0-x86_64-i386-64bit) msrest/0.6.18 msrest_azure/0.6.3
        azure-mgmt-web/0.48.0 Azure-SDK-For-Python AZURECLI/2.12.1
    method: GET
    uri: https://management.azure.com/subscriptions/00000000-0000-0000-0000-000000000000/resourceGroups/clitest.rg000001/providers/Microsoft.Web/sites/web-git-test2000003/sourcecontrols/web?api-version=2019-08-01
  response:
    body:
      string: '{"id":"/subscriptions/00000000-0000-0000-0000-000000000000/resourceGroups/clitest.rg000001/providers/Microsoft.Web/sites/web-git-test2000003/sourcecontrols/web","name":"web-git-test2000003","type":"Microsoft.Web/sites/sourcecontrols","location":"Japan
        West","properties":{"repoUrl":"https://github.com/yugangw-msft/azure-site-test","branch":"master","isManualIntegration":true,"isGitHubAction":false,"deploymentRollbackEnabled":false,"isMercurial":false,"provisioningState":"InProgress","provisioningDetails":"2020-10-13T17:30:17.4907587
        https://web-git-test2000003.scm.azurewebsites.net/api/deployments/latest?deployer=GitHub&time=2020-10-13_17-30-04Z"}}'
    headers:
      cache-control:
      - no-cache
      content-length:
      - '729'
      content-type:
      - application/json
      date:
      - Tue, 13 Oct 2020 17:30:17 GMT
      etag:
      - '"1D6A18671FDF50B"'
      expires:
      - '-1'
      pragma:
      - no-cache
      server:
      - Microsoft-IIS/10.0
      strict-transport-security:
      - max-age=31536000; includeSubDomains
      transfer-encoding:
      - chunked
      vary:
      - Accept-Encoding
      x-aspnet-version:
      - 4.0.30319
      x-content-type-options:
      - nosniff
      x-powered-by:
      - ASP.NET
    status:
      code: 200
      message: OK
- request:
    body: null
    headers:
      Accept:
      - application/json
      Accept-Encoding:
      - gzip, deflate
      CommandName:
      - webapp deployment source config
      Connection:
      - keep-alive
      ParameterSetName:
      - -g -n --repo-url --branch --manual-integration
      User-Agent:
      - python/3.6.4 (Darwin-19.6.0-x86_64-i386-64bit) msrest/0.6.18 msrest_azure/0.6.3
        azure-mgmt-web/0.48.0 Azure-SDK-For-Python AZURECLI/2.12.1
    method: GET
    uri: https://management.azure.com/subscriptions/00000000-0000-0000-0000-000000000000/resourceGroups/clitest.rg000001/providers/Microsoft.Web/sites/web-git-test2000003/sourcecontrols/web?api-version=2019-08-01
  response:
    body:
      string: '{"id":"/subscriptions/00000000-0000-0000-0000-000000000000/resourceGroups/clitest.rg000001/providers/Microsoft.Web/sites/web-git-test2000003/sourcecontrols/web","name":"web-git-test2000003","type":"Microsoft.Web/sites/sourcecontrols","location":"Japan
        West","properties":{"repoUrl":"https://github.com/yugangw-msft/azure-site-test","branch":"master","isManualIntegration":true,"isGitHubAction":false,"deploymentRollbackEnabled":false,"isMercurial":false,"provisioningState":"InProgress","provisioningDetails":"2020-10-13T17:30:38.4437276
        https://web-git-test2000003.scm.azurewebsites.net/api/deployments/latest?deployer=GitHub&time=2020-10-13_17-30-04Z"}}'
    headers:
      cache-control:
      - no-cache
      content-length:
      - '729'
      content-type:
      - application/json
      date:
      - Tue, 13 Oct 2020 17:30:48 GMT
      etag:
      - '"1D6A18671FDF50B"'
      expires:
      - '-1'
      pragma:
      - no-cache
      server:
      - Microsoft-IIS/10.0
      strict-transport-security:
      - max-age=31536000; includeSubDomains
      transfer-encoding:
      - chunked
      vary:
      - Accept-Encoding
      x-aspnet-version:
      - 4.0.30319
      x-content-type-options:
      - nosniff
      x-powered-by:
      - ASP.NET
    status:
      code: 200
      message: OK
- request:
    body: null
    headers:
      Accept:
      - application/json
      Accept-Encoding:
      - gzip, deflate
      CommandName:
      - webapp deployment source config
      Connection:
      - keep-alive
      ParameterSetName:
      - -g -n --repo-url --branch --manual-integration
      User-Agent:
      - python/3.6.4 (Darwin-19.6.0-x86_64-i386-64bit) msrest/0.6.18 msrest_azure/0.6.3
        azure-mgmt-web/0.48.0 Azure-SDK-For-Python AZURECLI/2.12.1
    method: GET
    uri: https://management.azure.com/subscriptions/00000000-0000-0000-0000-000000000000/resourceGroups/clitest.rg000001/providers/Microsoft.Web/sites/web-git-test2000003/sourcecontrols/web?api-version=2019-08-01
  response:
    body:
      string: '{"id":"/subscriptions/00000000-0000-0000-0000-000000000000/resourceGroups/clitest.rg000001/providers/Microsoft.Web/sites/web-git-test2000003/sourcecontrols/web","name":"web-git-test2000003","type":"Microsoft.Web/sites/sourcecontrols","location":"Japan
        West","properties":{"repoUrl":"https://github.com/yugangw-msft/azure-site-test","branch":"master","isManualIntegration":true,"isGitHubAction":false,"deploymentRollbackEnabled":false,"isMercurial":false,"provisioningState":"Succeeded"}}'
    headers:
      cache-control:
      - no-cache
      content-length:
      - '556'
      content-type:
      - application/json
      date:
      - Tue, 13 Oct 2020 17:31:18 GMT
      etag:
      - '"1D6A18671FDF50B"'
      expires:
      - '-1'
      pragma:
      - no-cache
      server:
      - Microsoft-IIS/10.0
      strict-transport-security:
      - max-age=31536000; includeSubDomains
      transfer-encoding:
      - chunked
      vary:
      - Accept-Encoding
      x-aspnet-version:
      - 4.0.30319
      x-content-type-options:
      - nosniff
      x-powered-by:
      - ASP.NET
    status:
      code: 200
      message: OK
- request:
    body: null
    headers:
      Accept:
      - application/json
      Accept-Encoding:
      - gzip, deflate
      CommandName:
      - webapp deployment source show
      Connection:
      - keep-alive
      ParameterSetName:
      - -g -n
      User-Agent:
      - python/3.6.4 (Darwin-19.6.0-x86_64-i386-64bit) msrest/0.6.18 msrest_azure/0.6.3
        azure-mgmt-web/0.48.0 Azure-SDK-For-Python AZURECLI/2.12.1
      accept-language:
      - en-US
    method: GET
    uri: https://management.azure.com/subscriptions/00000000-0000-0000-0000-000000000000/resourceGroups/clitest.rg000001/providers/Microsoft.Web/sites/web-git-test2000003/sourcecontrols/web?api-version=2019-08-01
  response:
    body:
      string: '{"id":"/subscriptions/00000000-0000-0000-0000-000000000000/resourceGroups/clitest.rg000001/providers/Microsoft.Web/sites/web-git-test2000003/sourcecontrols/web","name":"web-git-test2000003","type":"Microsoft.Web/sites/sourcecontrols","location":"Japan
        West","properties":{"repoUrl":"https://github.com/yugangw-msft/azure-site-test","branch":"master","isManualIntegration":true,"isGitHubAction":false,"deploymentRollbackEnabled":false,"isMercurial":false,"provisioningState":"Succeeded"}}'
    headers:
      cache-control:
      - no-cache
      content-length:
      - '556'
      content-type:
      - application/json
      date:
      - Tue, 13 Oct 2020 17:31:18 GMT
      etag:
      - '"1D6A18671FDF50B"'
      expires:
      - '-1'
      pragma:
      - no-cache
      server:
      - Microsoft-IIS/10.0
      strict-transport-security:
      - max-age=31536000; includeSubDomains
      transfer-encoding:
      - chunked
      vary:
      - Accept-Encoding
      x-aspnet-version:
      - 4.0.30319
      x-content-type-options:
      - nosniff
      x-powered-by:
      - ASP.NET
    status:
      code: 200
      message: OK
- request:
    body: null
    headers:
      Accept:
      - application/json
      Accept-Encoding:
      - gzip, deflate
      CommandName:
      - webapp deployment source delete
      Connection:
      - keep-alive
      Content-Length:
      - '0'
      ParameterSetName:
      - -g -n
      User-Agent:
      - python/3.6.4 (Darwin-19.6.0-x86_64-i386-64bit) msrest/0.6.18 msrest_azure/0.6.3
        azure-mgmt-web/0.48.0 Azure-SDK-For-Python AZURECLI/2.12.1
      accept-language:
      - en-US
    method: DELETE
    uri: https://management.azure.com/subscriptions/00000000-0000-0000-0000-000000000000/resourceGroups/clitest.rg000001/providers/Microsoft.Web/sites/web-git-test2000003/sourcecontrols/web?api-version=2019-08-01
  response:
    body:
      string: ''
    headers:
      cache-control:
      - no-cache
      content-length:
      - '0'
      date:
      - Tue, 13 Oct 2020 17:31:35 GMT
      etag:
      - '"1D6A186AA4AE695"'
      expires:
      - '-1'
      pragma:
      - no-cache
      server:
      - Microsoft-IIS/10.0
      strict-transport-security:
      - max-age=31536000; includeSubDomains
      x-aspnet-version:
      - 4.0.30319
      x-content-type-options:
      - nosniff
      x-ms-ratelimit-remaining-subscription-deletes:
      - '14999'
      x-powered-by:
      - ASP.NET
    status:
      code: 200
      message: OK
- request:
    body: null
    headers:
      Accept:
      - application/json
      Accept-Encoding:
      - gzip, deflate
      CommandName:
      - webapp deployment source show
      Connection:
      - keep-alive
      ParameterSetName:
      - -g -n
      User-Agent:
      - python/3.6.4 (Darwin-19.6.0-x86_64-i386-64bit) msrest/0.6.18 msrest_azure/0.6.3
        azure-mgmt-web/0.48.0 Azure-SDK-For-Python AZURECLI/2.12.1
      accept-language:
      - en-US
    method: GET
    uri: https://management.azure.com/subscriptions/00000000-0000-0000-0000-000000000000/resourceGroups/clitest.rg000001/providers/Microsoft.Web/sites/web-git-test2000003/sourcecontrols/web?api-version=2019-08-01
  response:
    body:
      string: '{"id":"/subscriptions/00000000-0000-0000-0000-000000000000/resourceGroups/clitest.rg000001/providers/Microsoft.Web/sites/web-git-test2000003/sourcecontrols/web","name":"web-git-test2000003","type":"Microsoft.Web/sites/sourcecontrols","location":"Japan
        West","properties":{"repoUrl":null,"branch":null,"isManualIntegration":false,"isGitHubAction":false,"deploymentRollbackEnabled":false,"isMercurial":false,"provisioningState":"Succeeded"}}'
    headers:
      cache-control:
      - no-cache
      content-length:
      - '508'
      content-type:
      - application/json
      date:
      - Tue, 13 Oct 2020 17:31:37 GMT
      etag:
      - '"1D6A186AA4AE695"'
      expires:
      - '-1'
      pragma:
      - no-cache
      server:
      - Microsoft-IIS/10.0
      strict-transport-security:
      - max-age=31536000; includeSubDomains
      transfer-encoding:
      - chunked
      vary:
      - Accept-Encoding
      x-aspnet-version:
      - 4.0.30319
      x-content-type-options:
      - nosniff
      x-powered-by:
      - ASP.NET
    status:
      code: 200
      message: OK
version: 1
