interactions:
- request:
    body: null
    headers:
      Accept:
      - application/json
      Accept-Encoding:
      - gzip, deflate
      CommandName:
      - appservice plan create
      Connection:
      - keep-alive
      ParameterSetName:
      - -g -n
      User-Agent:
      - AZURECLI/2.28.1 azsdk-python-azure-mgmt-resource/19.0.0 Python/3.8.2 (macOS-10.16-x86_64-i386-64bit)
    method: GET
    uri: https://management.azure.com/subscriptions/00000000-0000-0000-0000-000000000000/resourcegroups/clitest.rg000001?api-version=2021-04-01
  response:
    body:
      string: '{"id":"/subscriptions/00000000-0000-0000-0000-000000000000/resourceGroups/clitest.rg000001","name":"clitest.rg000001","type":"Microsoft.Resources/resourceGroups","location":"japanwest","tags":{"product":"azurecli","cause":"automation","date":"2021-10-03T21:42:57Z"},"properties":{"provisioningState":"Succeeded"}}'
    headers:
      cache-control:
      - no-cache
      content-length:
      - '431'
      content-type:
      - application/json; charset=utf-8
      date:
      - Sun, 03 Oct 2021 21:43:02 GMT
      expires:
      - '-1'
      pragma:
      - no-cache
      strict-transport-security:
      - max-age=31536000; includeSubDomains
      vary:
      - Accept-Encoding
      x-content-type-options:
      - nosniff
    status:
      code: 200
      message: OK
- request:
    body: '{"name": "win-log000003", "type": "Microsoft.Web/serverfarms", "location":
      "japanwest", "properties": {"skuName": "B1", "capacity": 1}}'
    headers:
      Accept:
      - application/json
      Accept-Encoding:
      - gzip, deflate
      CommandName:
      - appservice plan create
      Connection:
      - keep-alive
      Content-Length:
      - '146'
      Content-Type:
      - application/json
      ParameterSetName:
      - -g -n
      User-Agent:
      - AZURECLI/2.28.1 azsdk-python-azure-mgmt-web/4.0.0 Python/3.8.2 (macOS-10.16-x86_64-i386-64bit)
    method: POST
    uri: https://management.azure.com/subscriptions/00000000-0000-0000-0000-000000000000/resourceGroups/clitest.rg000001/providers/Microsoft.Web/validate?api-version=2020-09-01
  response:
    body:
      string: '{"status":"Success","error":null}'
    headers:
      cache-control:
      - no-cache
      content-length:
      - '33'
      content-type:
      - application/json
      date:
      - Sun, 03 Oct 2021 21:43:02 GMT
      expires:
      - '-1'
      pragma:
      - no-cache
      server:
      - Microsoft-IIS/10.0
      strict-transport-security:
      - max-age=31536000; includeSubDomains
      transfer-encoding:
      - chunked
      vary:
      - Accept-Encoding
      x-aspnet-version:
      - 4.0.30319
      x-content-type-options:
      - nosniff
      x-ms-ratelimit-remaining-subscription-writes:
      - '1199'
      x-powered-by:
      - ASP.NET
    status:
      code: 200
      message: OK
- request:
    body: null
    headers:
      Accept:
      - application/json
      Accept-Encoding:
      - gzip, deflate
      CommandName:
      - appservice plan create
      Connection:
      - keep-alive
      ParameterSetName:
      - -g -n
      User-Agent:
      - AZURECLI/2.28.1 azsdk-python-azure-mgmt-resource/19.0.0 Python/3.8.2 (macOS-10.16-x86_64-i386-64bit)
    method: GET
    uri: https://management.azure.com/subscriptions/00000000-0000-0000-0000-000000000000/resourcegroups/clitest.rg000001?api-version=2021-04-01
  response:
    body:
      string: '{"id":"/subscriptions/00000000-0000-0000-0000-000000000000/resourceGroups/clitest.rg000001","name":"clitest.rg000001","type":"Microsoft.Resources/resourceGroups","location":"japanwest","tags":{"product":"azurecli","cause":"automation","date":"2021-10-03T21:42:57Z"},"properties":{"provisioningState":"Succeeded"}}'
    headers:
      cache-control:
      - no-cache
      content-length:
      - '431'
      content-type:
      - application/json; charset=utf-8
      date:
      - Sun, 03 Oct 2021 21:43:02 GMT
      expires:
      - '-1'
      pragma:
      - no-cache
      strict-transport-security:
      - max-age=31536000; includeSubDomains
      vary:
      - Accept-Encoding
      x-content-type-options:
      - nosniff
    status:
      code: 200
      message: OK
- request:
    body: '{"location": "japanwest", "sku": {"name": "B1", "tier": "BASIC", "capacity":
      1}, "properties": {"perSiteScaling": false, "isXenon": false}}'
    headers:
      Accept:
      - application/json
      Accept-Encoding:
      - gzip, deflate
      CommandName:
      - appservice plan create
      Connection:
      - keep-alive
      Content-Length:
      - '139'
      Content-Type:
      - application/json
      ParameterSetName:
      - -g -n
      User-Agent:
      - AZURECLI/2.28.1 azsdk-python-azure-mgmt-web/4.0.0 Python/3.8.2 (macOS-10.16-x86_64-i386-64bit)
    method: PUT
    uri: https://management.azure.com/subscriptions/00000000-0000-0000-0000-000000000000/resourceGroups/clitest.rg000001/providers/Microsoft.Web/serverfarms/win-log000003?api-version=2020-09-01
  response:
    body:
      string: '{"id":"/subscriptions/00000000-0000-0000-0000-000000000000/resourceGroups/clitest.rg000001/providers/Microsoft.Web/serverfarms/win-log000003","name":"win-log000003","type":"Microsoft.Web/serverfarms","kind":"app","location":"japanwest","properties":{"serverFarmId":15018,"name":"win-log000003","sku":{"name":"B1","tier":"Basic","size":"B1","family":"B","capacity":1},"workerSize":"Default","workerSizeId":0,"workerTierName":null,"numberOfWorkers":1,"currentWorkerSize":"Default","currentWorkerSizeId":0,"currentNumberOfWorkers":1,"status":"Ready","webSpace":"clitest.rg000001-JapanWestwebspace","subscription":"e483435e-282d-4ac1-92b5-d6123f2aa360","adminSiteName":null,"hostingEnvironment":null,"hostingEnvironmentProfile":null,"maximumNumberOfWorkers":0,"planName":"VirtualDedicatedPlan","adminRuntimeSiteName":null,"computeMode":"Dedicated","siteMode":null,"geoRegion":"Japan
        West","perSiteScaling":false,"elasticScaleEnabled":false,"maximumElasticWorkerCount":1,"numberOfSites":0,"hostingEnvironmentId":null,"isSpot":false,"spotExpirationTime":null,"freeOfferExpirationTime":null,"tags":null,"kind":"app","resourceGroup":"clitest.rg000001","reserved":false,"isXenon":false,"hyperV":false,"mdmId":"waws-prod-os1-027_15018","targetWorkerCount":0,"targetWorkerSizeId":0,"provisioningState":"Succeeded","webSiteId":null,"existingServerFarmIds":null,"kubeEnvironmentProfile":null,"zoneRedundant":false},"sku":{"name":"B1","tier":"Basic","size":"B1","family":"B","capacity":1}}'
    headers:
      cache-control:
      - no-cache
      content-length:
      - '1685'
      content-type:
      - application/json
      date:
      - Sun, 03 Oct 2021 21:43:17 GMT
      etag:
      - '"1D7B89FAAC3F9C0"'
      expires:
      - '-1'
      pragma:
      - no-cache
      server:
      - Microsoft-IIS/10.0
      strict-transport-security:
      - max-age=31536000; includeSubDomains
      transfer-encoding:
      - chunked
      vary:
      - Accept-Encoding
      x-aspnet-version:
      - 4.0.30319
      x-content-type-options:
      - nosniff
      x-ms-ratelimit-remaining-subscription-writes:
      - '1199'
      x-powered-by:
      - ASP.NET
    status:
      code: 200
      message: OK
- request:
    body: null
    headers:
      Accept:
      - application/json
      Accept-Encoding:
      - gzip, deflate
      CommandName:
      - webapp create
      Connection:
      - keep-alive
      ParameterSetName:
      - -g -n --plan --deployment-source-url -r
      User-Agent:
      - AZURECLI/2.28.1 azsdk-python-azure-mgmt-web/4.0.0 Python/3.8.2 (macOS-10.16-x86_64-i386-64bit)
    method: GET
    uri: https://management.azure.com/subscriptions/00000000-0000-0000-0000-000000000000/resourceGroups/clitest.rg000001/providers/Microsoft.Web/serverfarms/win-log000003?api-version=2020-09-01
  response:
    body:
      string: '{"id":"/subscriptions/00000000-0000-0000-0000-000000000000/resourceGroups/clitest.rg000001/providers/Microsoft.Web/serverfarms/win-log000003","name":"win-log000003","type":"Microsoft.Web/serverfarms","kind":"app","location":"Japan
        West","properties":{"serverFarmId":15018,"name":"win-log000003","workerSize":"Default","workerSizeId":0,"workerTierName":null,"numberOfWorkers":1,"currentWorkerSize":"Default","currentWorkerSizeId":0,"currentNumberOfWorkers":1,"status":"Ready","webSpace":"clitest.rg000001-JapanWestwebspace","subscription":"e483435e-282d-4ac1-92b5-d6123f2aa360","adminSiteName":null,"hostingEnvironment":null,"hostingEnvironmentProfile":null,"maximumNumberOfWorkers":3,"planName":"VirtualDedicatedPlan","adminRuntimeSiteName":null,"computeMode":"Dedicated","siteMode":null,"geoRegion":"Japan
        West","perSiteScaling":false,"elasticScaleEnabled":false,"maximumElasticWorkerCount":1,"numberOfSites":0,"hostingEnvironmentId":null,"isSpot":false,"spotExpirationTime":null,"freeOfferExpirationTime":null,"tags":null,"kind":"app","resourceGroup":"clitest.rg000001","reserved":false,"isXenon":false,"hyperV":false,"mdmId":"waws-prod-os1-027_15018","targetWorkerCount":0,"targetWorkerSizeId":0,"provisioningState":"Succeeded","webSiteId":null,"existingServerFarmIds":null,"kubeEnvironmentProfile":null,"zoneRedundant":false},"sku":{"name":"B1","tier":"Basic","size":"B1","family":"B","capacity":1}}'
    headers:
      cache-control:
      - no-cache
      content-length:
      - '1613'
      content-type:
      - application/json
      date:
      - Sun, 03 Oct 2021 21:43:17 GMT
      expires:
      - '-1'
      pragma:
      - no-cache
      server:
      - Microsoft-IIS/10.0
      strict-transport-security:
      - max-age=31536000; includeSubDomains
      transfer-encoding:
      - chunked
      vary:
      - Accept-Encoding
      x-aspnet-version:
      - 4.0.30319
      x-content-type-options:
      - nosniff
      x-powered-by:
      - ASP.NET
    status:
      code: 200
      message: OK
- request:
    body: '{"name": "webapp-win-log000002", "type": "Microsoft.Web/sites", "location":
      "Japan West", "properties": {"serverFarmId": "/subscriptions/00000000-0000-0000-0000-000000000000/resourceGroups/clitest.rg000001/providers/Microsoft.Web/serverfarms/win-log000003"}}'
    headers:
      Accept:
      - application/json
      Accept-Encoding:
      - gzip, deflate
      CommandName:
      - webapp create
      Connection:
      - keep-alive
      Content-Length:
      - '332'
      Content-Type:
      - application/json
      ParameterSetName:
      - -g -n --plan --deployment-source-url -r
      User-Agent:
      - AZURECLI/2.28.1 azsdk-python-azure-mgmt-web/4.0.0 Python/3.8.2 (macOS-10.16-x86_64-i386-64bit)
    method: POST
    uri: https://management.azure.com/subscriptions/00000000-0000-0000-0000-000000000000/resourceGroups/clitest.rg000001/providers/Microsoft.Web/validate?api-version=2020-09-01
  response:
    body:
      string: '{"status":"Success","error":null}'
    headers:
      cache-control:
      - no-cache
      content-length:
      - '33'
      content-type:
      - application/json
      date:
      - Sun, 03 Oct 2021 21:43:18 GMT
      expires:
      - '-1'
      pragma:
      - no-cache
      server:
      - Microsoft-IIS/10.0
      strict-transport-security:
      - max-age=31536000; includeSubDomains
      transfer-encoding:
      - chunked
      vary:
      - Accept-Encoding
      x-aspnet-version:
      - 4.0.30319
      x-content-type-options:
      - nosniff
      x-ms-ratelimit-remaining-subscription-writes:
      - '1198'
      x-powered-by:
      - ASP.NET
    status:
      code: 200
      message: OK
- request:
    body: null
    headers:
      Accept:
      - application/json
      Accept-Encoding:
      - gzip, deflate
      CommandName:
      - webapp create
      Connection:
      - keep-alive
      ParameterSetName:
      - -g -n --plan --deployment-source-url -r
      User-Agent:
      - AZURECLI/2.28.1 azsdk-python-azure-mgmt-web/4.0.0 Python/3.8.2 (macOS-10.16-x86_64-i386-64bit)
    method: GET
    uri: https://management.azure.com/subscriptions/00000000-0000-0000-0000-000000000000/resourceGroups/clitest.rg000001/providers/Microsoft.Web/serverfarms/win-log000003?api-version=2020-09-01
  response:
    body:
      string: '{"id":"/subscriptions/00000000-0000-0000-0000-000000000000/resourceGroups/clitest.rg000001/providers/Microsoft.Web/serverfarms/win-log000003","name":"win-log000003","type":"Microsoft.Web/serverfarms","kind":"app","location":"Japan
        West","properties":{"serverFarmId":15018,"name":"win-log000003","workerSize":"Default","workerSizeId":0,"workerTierName":null,"numberOfWorkers":1,"currentWorkerSize":"Default","currentWorkerSizeId":0,"currentNumberOfWorkers":1,"status":"Ready","webSpace":"clitest.rg000001-JapanWestwebspace","subscription":"e483435e-282d-4ac1-92b5-d6123f2aa360","adminSiteName":null,"hostingEnvironment":null,"hostingEnvironmentProfile":null,"maximumNumberOfWorkers":3,"planName":"VirtualDedicatedPlan","adminRuntimeSiteName":null,"computeMode":"Dedicated","siteMode":null,"geoRegion":"Japan
        West","perSiteScaling":false,"elasticScaleEnabled":false,"maximumElasticWorkerCount":1,"numberOfSites":0,"hostingEnvironmentId":null,"isSpot":false,"spotExpirationTime":null,"freeOfferExpirationTime":null,"tags":null,"kind":"app","resourceGroup":"clitest.rg000001","reserved":false,"isXenon":false,"hyperV":false,"mdmId":"waws-prod-os1-027_15018","targetWorkerCount":0,"targetWorkerSizeId":0,"provisioningState":"Succeeded","webSiteId":null,"existingServerFarmIds":null,"kubeEnvironmentProfile":null,"zoneRedundant":false},"sku":{"name":"B1","tier":"Basic","size":"B1","family":"B","capacity":1}}'
    headers:
      cache-control:
      - no-cache
      content-length:
      - '1613'
      content-type:
      - application/json
      date:
      - Sun, 03 Oct 2021 21:43:20 GMT
      expires:
      - '-1'
      pragma:
      - no-cache
      server:
      - Microsoft-IIS/10.0
      strict-transport-security:
      - max-age=31536000; includeSubDomains
      transfer-encoding:
      - chunked
      vary:
      - Accept-Encoding
      x-aspnet-version:
      - 4.0.30319
      x-content-type-options:
      - nosniff
      x-powered-by:
      - ASP.NET
    status:
      code: 200
      message: OK
- request:
    body: '{"name": "webapp-win-log000002", "type": "Site"}'
    headers:
      Accept:
      - application/json
      Accept-Encoding:
      - gzip, deflate
      CommandName:
      - webapp create
      Connection:
      - keep-alive
      Content-Length:
      - '52'
      Content-Type:
      - application/json
      ParameterSetName:
      - -g -n --plan --deployment-source-url -r
      User-Agent:
      - AZURECLI/2.28.1 azsdk-python-azure-mgmt-web/4.0.0 Python/3.8.2 (macOS-10.16-x86_64-i386-64bit)
    method: POST
    uri: https://management.azure.com/subscriptions/00000000-0000-0000-0000-000000000000/providers/Microsoft.Web/checknameavailability?api-version=2021-01-15
  response:
    body:
      string: '{"nameAvailable":true,"reason":"","message":""}'
    headers:
      cache-control:
      - no-cache
      content-length:
      - '47'
      content-type:
      - application/json
      date:
      - Sun, 03 Oct 2021 21:43:25 GMT
      expires:
      - '-1'
      pragma:
      - no-cache
      server:
      - Microsoft-IIS/10.0
      strict-transport-security:
      - max-age=31536000; includeSubDomains
      transfer-encoding:
      - chunked
      vary:
      - Accept-Encoding
      x-aspnet-version:
      - 4.0.30319
      x-content-type-options:
      - nosniff
      x-powered-by:
      - ASP.NET
    status:
      code: 200
      message: OK
- request:
    body: '{"location": "Japan West", "properties": {"serverFarmId": "/subscriptions/00000000-0000-0000-0000-000000000000/resourceGroups/clitest.rg000001/providers/Microsoft.Web/serverfarms/win-log000003",
      "reserved": false, "isXenon": false, "hyperV": false, "siteConfig": {"netFrameworkVersion":
      "v4.6", "appSettings": [{"name": "WEBSITE_NODE_DEFAULT_VERSION", "value": "10.14.1"}],
      "localMySqlEnabled": false, "http20Enabled": true}, "scmSiteAlsoStopped": false,
      "httpsOnly": false}}'
    headers:
      Accept:
      - application/json
      Accept-Encoding:
      - gzip, deflate
      CommandName:
      - webapp create
      Connection:
      - keep-alive
      Content-Length:
      - '545'
      Content-Type:
      - application/json
      ParameterSetName:
      - -g -n --plan --deployment-source-url -r
      User-Agent:
      - AZURECLI/2.28.1 azsdk-python-azure-mgmt-web/4.0.0 Python/3.8.2 (macOS-10.16-x86_64-i386-64bit)
    method: PUT
    uri: https://management.azure.com/subscriptions/00000000-0000-0000-0000-000000000000/resourceGroups/clitest.rg000001/providers/Microsoft.Web/sites/webapp-win-log000002?api-version=2020-09-01
  response:
    body:
      string: '{"id":"/subscriptions/00000000-0000-0000-0000-000000000000/resourceGroups/clitest.rg000001/providers/Microsoft.Web/sites/webapp-win-log000002","name":"webapp-win-log000002","type":"Microsoft.Web/sites","kind":"app","location":"Japan
        West","properties":{"name":"webapp-win-log000002","state":"Running","hostNames":["webapp-win-log000002.azurewebsites.net"],"webSpace":"clitest.rg000001-JapanWestwebspace","selfLink":"https://waws-prod-os1-027.api.azurewebsites.windows.net:454/subscriptions/00000000-0000-0000-0000-000000000000/webspaces/clitest.rg000001-JapanWestwebspace/sites/webapp-win-log000002","repositorySiteName":"webapp-win-log000002","owner":null,"usageState":"Normal","enabled":true,"adminEnabled":true,"enabledHostNames":["webapp-win-log000002.azurewebsites.net","webapp-win-log000002.scm.azurewebsites.net"],"siteProperties":{"metadata":null,"properties":[{"name":"LinuxFxVersion","value":""},{"name":"WindowsFxVersion","value":null}],"appSettings":null},"availabilityState":"Normal","sslCertificates":null,"csrs":[],"cers":null,"siteMode":null,"hostNameSslStates":[{"name":"webapp-win-log000002.azurewebsites.net","sslState":"Disabled","ipBasedSslResult":null,"virtualIP":null,"thumbprint":null,"toUpdate":null,"toUpdateIpBasedSsl":null,"ipBasedSslState":"NotConfigured","hostType":"Standard"},{"name":"webapp-win-log000002.scm.azurewebsites.net","sslState":"Disabled","ipBasedSslResult":null,"virtualIP":null,"thumbprint":null,"toUpdate":null,"toUpdateIpBasedSsl":null,"ipBasedSslState":"NotConfigured","hostType":"Repository"}],"computeMode":null,"serverFarm":null,"serverFarmId":"/subscriptions/00000000-0000-0000-0000-000000000000/resourceGroups/clitest.rg000001/providers/Microsoft.Web/serverfarms/win-log000003","reserved":false,"isXenon":false,"hyperV":false,"lastModifiedTimeUtc":"2021-10-03T21:43:35.46","storageRecoveryDefaultState":"Running","contentAvailabilityState":"Normal","runtimeAvailabilityState":"Normal","siteConfig":{"numberOfWorkers":1,"defaultDocuments":null,"netFrameworkVersion":null,"phpVersion":null,"pythonVersion":null,"nodeVersion":null,"powerShellVersion":null,"linuxFxVersion":"","windowsFxVersion":null,"requestTracingEnabled":null,"remoteDebuggingEnabled":null,"remoteDebuggingVersion":null,"httpLoggingEnabled":null,"azureMonitorLogCategories":null,"acrUseManagedIdentityCreds":false,"acrUserManagedIdentityID":null,"logsDirectorySizeLimit":null,"detailedErrorLoggingEnabled":null,"publishingUsername":null,"publishingPassword":null,"appSettings":null,"metadata":null,"connectionStrings":null,"machineKey":null,"handlerMappings":null,"documentRoot":null,"scmType":null,"use32BitWorkerProcess":null,"webSocketsEnabled":null,"alwaysOn":false,"javaVersion":null,"javaContainer":null,"javaContainerVersion":null,"appCommandLine":null,"managedPipelineMode":null,"virtualApplications":null,"winAuthAdminState":null,"winAuthTenantState":null,"customAppPoolIdentityAdminState":null,"customAppPoolIdentityTenantState":null,"runtimeADUser":null,"runtimeADUserPassword":null,"loadBalancing":null,"routingRules":null,"experiments":null,"limits":null,"autoHealEnabled":null,"autoHealRules":null,"tracingOptions":null,"vnetName":null,"vnetRouteAllEnabled":null,"vnetPrivatePortsCount":null,"publicNetworkAccess":null,"cors":null,"push":null,"apiDefinition":null,"apiManagementConfig":null,"autoSwapSlotName":null,"localMySqlEnabled":null,"managedServiceIdentityId":null,"xManagedServiceIdentityId":null,"keyVaultReferenceIdentity":null,"ipSecurityRestrictions":[{"ipAddress":"Any","action":"Allow","priority":1,"name":"Allow
        all","description":"Allow all access"}],"scmIpSecurityRestrictions":[{"ipAddress":"Any","action":"Allow","priority":1,"name":"Allow
        all","description":"Allow all access"}],"scmIpSecurityRestrictionsUseMain":null,"http20Enabled":false,"minTlsVersion":null,"scmMinTlsVersion":null,"ftpsState":null,"preWarmedInstanceCount":null,"functionAppScaleLimit":0,"healthCheckPath":null,"fileChangeAuditEnabled":null,"functionsRuntimeScaleMonitoringEnabled":null,"websiteTimeZone":null,"minimumElasticInstanceCount":0,"azureStorageAccounts":null,"sitePort":null},"deploymentId":"webapp-win-log000002","slotName":null,"trafficManagerHostNames":null,"sku":"Basic","scmSiteAlsoStopped":false,"targetSwapSlot":null,"hostingEnvironment":null,"hostingEnvironmentProfile":null,"clientAffinityEnabled":true,"clientCertEnabled":false,"clientCertMode":"Required","clientCertExclusionPaths":null,"hostNamesDisabled":false,"domainVerificationIdentifiers":null,"customDomainVerificationId":"30E3673979DFB5673924412D39370809E608E2DE4E889BD01C7B80FC38A57EED","kind":"app","inboundIpAddress":"40.74.100.137","possibleInboundIpAddresses":"40.74.100.137","ftpUsername":"webapp-win-log000002\\$webapp-win-log000002","ftpsHostName":"ftps://waws-prod-os1-027.ftp.azurewebsites.windows.net/site/wwwroot","outboundIpAddresses":"40.74.90.160,40.74.94.222,40.74.113.39,40.74.95.132,40.74.113.204,40.74.75.201,40.74.100.137","possibleOutboundIpAddresses":"40.74.90.160,40.74.94.222,40.74.113.39,40.74.95.132,40.74.113.204,40.74.75.201,40.74.112.41,40.74.113.1,40.74.65.7,40.74.76.184,40.74.79.7,40.74.67.13,40.74.81.157,40.74.86.212,40.74.86.30,40.74.81.231,40.74.80.113,40.74.80.110,40.74.100.137","containerSize":0,"dailyMemoryTimeQuota":0,"suspendedTill":null,"siteDisabledReason":0,"functionExecutionUnitsCache":null,"maxNumberOfWorkers":null,"homeStamp":"waws-prod-os1-027","cloningInfo":null,"hostingEnvironmentId":null,"tags":null,"resourceGroup":"clitest.rg000001","defaultHostName":"webapp-win-log000002.azurewebsites.net","slotSwapStatus":null,"httpsOnly":false,"redundancyMode":"None","inProgressOperationId":null,"geoDistributions":null,"privateEndpointConnections":null,"buildVersion":null,"targetBuildVersion":null,"migrationState":null,"eligibleLogCategories":"AppServiceAppLogs,AppServiceAuditLogs,AppServiceConsoleLogs,AppServiceHTTPLogs,AppServiceIPSecAuditLogs,AppServicePlatformLogs,ScanLogs","storageAccountRequired":false,"virtualNetworkSubnetId":null,"keyVaultReferenceIdentity":"SystemAssigned"}}'
    headers:
      cache-control:
      - no-cache
      content-length:
      - '6405'
      content-type:
      - application/json
      date:
      - Sun, 03 Oct 2021 21:43:54 GMT
      etag:
      - '"1D7B89FB834D520"'
      expires:
      - '-1'
      pragma:
      - no-cache
      server:
      - Microsoft-IIS/10.0
      strict-transport-security:
      - max-age=31536000; includeSubDomains
      transfer-encoding:
      - chunked
      vary:
      - Accept-Encoding
      x-aspnet-version:
      - 4.0.30319
      x-content-type-options:
      - nosniff
      x-ms-ratelimit-remaining-subscription-resource-requests:
      - '499'
      x-powered-by:
      - ASP.NET
    status:
      code: 200
      message: OK
- request:
    body: null
    headers:
      Accept:
      - application/json
      Accept-Encoding:
      - gzip, deflate
      CommandName:
      - webapp create
      Connection:
      - keep-alive
      Content-Length:
      - '0'
      ParameterSetName:
      - -g -n --plan --deployment-source-url -r
      User-Agent:
      - AZURECLI/2.28.1 azsdk-python-azure-mgmt-web/4.0.0 Python/3.8.2 (macOS-10.16-x86_64-i386-64bit)
    method: POST
    uri: https://management.azure.com/subscriptions/00000000-0000-0000-0000-000000000000/resourceGroups/clitest.rg000001/providers/Microsoft.Web/sites/webapp-win-log000002/config/metadata/list?api-version=2020-09-01
  response:
    body:
      string: '{"id":"/subscriptions/00000000-0000-0000-0000-000000000000/resourceGroups/clitest.rg000001/providers/Microsoft.Web/sites/webapp-win-log000002/config/metadata","name":"metadata","type":"Microsoft.Web/sites/config","location":"Japan
        West","properties":{}}'
    headers:
      cache-control:
      - no-cache
      content-length:
      - '316'
      content-type:
      - application/json
      date:
      - Sun, 03 Oct 2021 21:43:56 GMT
      expires:
      - '-1'
      pragma:
      - no-cache
      server:
      - Microsoft-IIS/10.0
      strict-transport-security:
      - max-age=31536000; includeSubDomains
      transfer-encoding:
      - chunked
      vary:
      - Accept-Encoding
      x-aspnet-version:
      - 4.0.30319
      x-content-type-options:
      - nosniff
      x-ms-ratelimit-remaining-subscription-resource-requests:
      - '11999'
      x-powered-by:
      - ASP.NET
    status:
      code: 200
      message: OK
- request:
    body: '{"properties": {"CURRENT_STACK": "node"}}'
    headers:
      Accept:
      - application/json
      Accept-Encoding:
      - gzip, deflate
      CommandName:
      - webapp create
      Connection:
      - keep-alive
      Content-Length:
      - '41'
      Content-Type:
      - application/json
      ParameterSetName:
      - -g -n --plan --deployment-source-url -r
      User-Agent:
      - AZURECLI/2.28.1 azsdk-python-azure-mgmt-web/4.0.0 Python/3.8.2 (macOS-10.16-x86_64-i386-64bit)
    method: PUT
    uri: https://management.azure.com/subscriptions/00000000-0000-0000-0000-000000000000/resourceGroups/clitest.rg000001/providers/Microsoft.Web/sites/webapp-win-log000002/config/metadata?api-version=2020-09-01
  response:
    body:
      string: '{"id":"/subscriptions/00000000-0000-0000-0000-000000000000/resourceGroups/clitest.rg000001/providers/Microsoft.Web/sites/webapp-win-log000002/config/metadata","name":"metadata","type":"Microsoft.Web/sites/config","location":"Japan
        West","properties":{"CURRENT_STACK":"node"}}'
    headers:
      cache-control:
      - no-cache
      content-length:
      - '338'
      content-type:
      - application/json
      date:
      - Sun, 03 Oct 2021 21:43:57 GMT
      etag:
      - '"1D7B89FC53DEE00"'
      expires:
      - '-1'
      pragma:
      - no-cache
      server:
      - Microsoft-IIS/10.0
      strict-transport-security:
      - max-age=31536000; includeSubDomains
      transfer-encoding:
      - chunked
      vary:
      - Accept-Encoding
      x-aspnet-version:
      - 4.0.30319
      x-content-type-options:
      - nosniff
      x-ms-ratelimit-remaining-subscription-writes:
      - '1199'
      x-powered-by:
      - ASP.NET
    status:
      code: 200
      message: OK
- request:
    body: null
    headers:
      Accept:
      - application/json
      Accept-Encoding:
      - gzip, deflate
      CommandName:
      - webapp create
      Connection:
      - keep-alive
      ParameterSetName:
      - -g -n --plan --deployment-source-url -r
      User-Agent:
      - AZURECLI/2.28.1 azsdk-python-azure-mgmt-web/4.0.0 Python/3.8.2 (macOS-10.16-x86_64-i386-64bit)
    method: GET
    uri: https://management.azure.com/subscriptions/00000000-0000-0000-0000-000000000000/resourceGroups/clitest.rg000001/providers/Microsoft.Web/sites/webapp-win-log000002?api-version=2020-09-01
  response:
    body:
      string: '{"id":"/subscriptions/00000000-0000-0000-0000-000000000000/resourceGroups/clitest.rg000001/providers/Microsoft.Web/sites/webapp-win-log000002","name":"webapp-win-log000002","type":"Microsoft.Web/sites","kind":"app","location":"Japan
        West","properties":{"name":"webapp-win-log000002","state":"Running","hostNames":["webapp-win-log000002.azurewebsites.net"],"webSpace":"clitest.rg000001-JapanWestwebspace","selfLink":"https://waws-prod-os1-027.api.azurewebsites.windows.net:454/subscriptions/00000000-0000-0000-0000-000000000000/webspaces/clitest.rg000001-JapanWestwebspace/sites/webapp-win-log000002","repositorySiteName":"webapp-win-log000002","owner":null,"usageState":"Normal","enabled":true,"adminEnabled":true,"enabledHostNames":["webapp-win-log000002.azurewebsites.net","webapp-win-log000002.scm.azurewebsites.net"],"siteProperties":{"metadata":null,"properties":[{"name":"LinuxFxVersion","value":""},{"name":"WindowsFxVersion","value":null}],"appSettings":null},"availabilityState":"Normal","sslCertificates":null,"csrs":[],"cers":null,"siteMode":null,"hostNameSslStates":[{"name":"webapp-win-log000002.azurewebsites.net","sslState":"Disabled","ipBasedSslResult":null,"virtualIP":null,"thumbprint":null,"toUpdate":null,"toUpdateIpBasedSsl":null,"ipBasedSslState":"NotConfigured","hostType":"Standard"},{"name":"webapp-win-log000002.scm.azurewebsites.net","sslState":"Disabled","ipBasedSslResult":null,"virtualIP":null,"thumbprint":null,"toUpdate":null,"toUpdateIpBasedSsl":null,"ipBasedSslState":"NotConfigured","hostType":"Repository"}],"computeMode":null,"serverFarm":null,"serverFarmId":"/subscriptions/00000000-0000-0000-0000-000000000000/resourceGroups/clitest.rg000001/providers/Microsoft.Web/serverfarms/win-log000003","reserved":false,"isXenon":false,"hyperV":false,"lastModifiedTimeUtc":"2021-10-03T21:43:57.92","storageRecoveryDefaultState":"Running","contentAvailabilityState":"Normal","runtimeAvailabilityState":"Normal","siteConfig":{"numberOfWorkers":1,"defaultDocuments":null,"netFrameworkVersion":null,"phpVersion":null,"pythonVersion":null,"nodeVersion":null,"powerShellVersion":null,"linuxFxVersion":"","windowsFxVersion":null,"requestTracingEnabled":null,"remoteDebuggingEnabled":null,"remoteDebuggingVersion":null,"httpLoggingEnabled":null,"azureMonitorLogCategories":null,"acrUseManagedIdentityCreds":false,"acrUserManagedIdentityID":null,"logsDirectorySizeLimit":null,"detailedErrorLoggingEnabled":null,"publishingUsername":null,"publishingPassword":null,"appSettings":null,"metadata":null,"connectionStrings":null,"machineKey":null,"handlerMappings":null,"documentRoot":null,"scmType":null,"use32BitWorkerProcess":null,"webSocketsEnabled":null,"alwaysOn":false,"javaVersion":null,"javaContainer":null,"javaContainerVersion":null,"appCommandLine":null,"managedPipelineMode":null,"virtualApplications":null,"winAuthAdminState":null,"winAuthTenantState":null,"customAppPoolIdentityAdminState":null,"customAppPoolIdentityTenantState":null,"runtimeADUser":null,"runtimeADUserPassword":null,"loadBalancing":null,"routingRules":null,"experiments":null,"limits":null,"autoHealEnabled":null,"autoHealRules":null,"tracingOptions":null,"vnetName":null,"vnetRouteAllEnabled":null,"vnetPrivatePortsCount":null,"publicNetworkAccess":null,"cors":null,"push":null,"apiDefinition":null,"apiManagementConfig":null,"autoSwapSlotName":null,"localMySqlEnabled":null,"managedServiceIdentityId":null,"xManagedServiceIdentityId":null,"keyVaultReferenceIdentity":null,"ipSecurityRestrictions":null,"scmIpSecurityRestrictions":null,"scmIpSecurityRestrictionsUseMain":null,"http20Enabled":true,"minTlsVersion":null,"scmMinTlsVersion":null,"ftpsState":null,"preWarmedInstanceCount":null,"functionAppScaleLimit":0,"healthCheckPath":null,"fileChangeAuditEnabled":null,"functionsRuntimeScaleMonitoringEnabled":null,"websiteTimeZone":null,"minimumElasticInstanceCount":0,"azureStorageAccounts":null,"sitePort":null},"deploymentId":"webapp-win-log000002","slotName":null,"trafficManagerHostNames":null,"sku":"Basic","scmSiteAlsoStopped":false,"targetSwapSlot":null,"hostingEnvironment":null,"hostingEnvironmentProfile":null,"clientAffinityEnabled":true,"clientCertEnabled":false,"clientCertMode":"Required","clientCertExclusionPaths":null,"hostNamesDisabled":false,"domainVerificationIdentifiers":null,"customDomainVerificationId":"30E3673979DFB5673924412D39370809E608E2DE4E889BD01C7B80FC38A57EED","kind":"app","inboundIpAddress":"40.74.100.137","possibleInboundIpAddresses":"40.74.100.137","ftpUsername":"webapp-win-log000002\\$webapp-win-log000002","ftpsHostName":"ftps://waws-prod-os1-027.ftp.azurewebsites.windows.net/site/wwwroot","outboundIpAddresses":"40.74.90.160,40.74.94.222,40.74.113.39,40.74.95.132,40.74.113.204,40.74.75.201,40.74.100.137","possibleOutboundIpAddresses":"40.74.90.160,40.74.94.222,40.74.113.39,40.74.95.132,40.74.113.204,40.74.75.201,40.74.112.41,40.74.113.1,40.74.65.7,40.74.76.184,40.74.79.7,40.74.67.13,40.74.81.157,40.74.86.212,40.74.86.30,40.74.81.231,40.74.80.113,40.74.80.110,40.74.100.137","containerSize":0,"dailyMemoryTimeQuota":0,"suspendedTill":null,"siteDisabledReason":0,"functionExecutionUnitsCache":null,"maxNumberOfWorkers":null,"homeStamp":"waws-prod-os1-027","cloningInfo":null,"hostingEnvironmentId":null,"tags":null,"resourceGroup":"clitest.rg000001","defaultHostName":"webapp-win-log000002.azurewebsites.net","slotSwapStatus":null,"httpsOnly":false,"redundancyMode":"None","inProgressOperationId":null,"geoDistributions":null,"privateEndpointConnections":[],"buildVersion":null,"targetBuildVersion":null,"migrationState":null,"eligibleLogCategories":"AppServiceAppLogs,AppServiceAuditLogs,AppServiceConsoleLogs,AppServiceHTTPLogs,AppServiceIPSecAuditLogs,AppServicePlatformLogs,ScanLogs","storageAccountRequired":false,"virtualNetworkSubnetId":null,"keyVaultReferenceIdentity":"SystemAssigned"}}'
    headers:
      cache-control:
      - no-cache
      content-length:
      - '6204'
      content-type:
      - application/json
      date:
      - Sun, 03 Oct 2021 21:43:59 GMT
      etag:
      - '"1D7B89FC53DEE00"'
      expires:
      - '-1'
      pragma:
      - no-cache
      server:
      - Microsoft-IIS/10.0
      strict-transport-security:
      - max-age=31536000; includeSubDomains
      transfer-encoding:
      - chunked
      vary:
      - Accept-Encoding
      x-aspnet-version:
      - 4.0.30319
      x-content-type-options:
      - nosniff
      x-powered-by:
      - ASP.NET
    status:
      code: 200
      message: OK
- request:
    body: '{"properties": {"repoUrl": "https://github.com/yugangw-msft/azure-site-test.git",
      "branch": "master", "isManualIntegration": true, "isGitHubAction": false, "isMercurial":
      false}}'
    headers:
      Accept:
      - application/json
      Accept-Encoding:
      - gzip, deflate
      CommandName:
      - webapp create
      Connection:
      - keep-alive
      Content-Length:
      - '178'
      Content-Type:
      - application/json
      ParameterSetName:
      - -g -n --plan --deployment-source-url -r
      User-Agent:
      - AZURECLI/2.28.1 azsdk-python-azure-mgmt-web/4.0.0 Python/3.8.2 (macOS-10.16-x86_64-i386-64bit)
    method: PUT
    uri: https://management.azure.com/subscriptions/00000000-0000-0000-0000-000000000000/resourceGroups/clitest.rg000001/providers/Microsoft.Web/sites/webapp-win-log000002/sourcecontrols/web?api-version=2020-09-01
  response:
    body:
      string: '{"id":"/subscriptions/00000000-0000-0000-0000-000000000000/resourceGroups/clitest.rg000001/providers/Microsoft.Web/sites/webapp-win-log000002/sourcecontrols/web","name":"webapp-win-log000002","type":"Microsoft.Web/sites/sourcecontrols","location":"Japan
        West","properties":{"repoUrl":"https://github.com/yugangw-msft/azure-site-test.git","branch":"master","isManualIntegration":true,"isGitHubAction":false,"deploymentRollbackEnabled":false,"isMercurial":false,"provisioningState":"InProgress","gitHubActionConfiguration":null}}'
    headers:
      cache-control:
      - no-cache
      content-length:
      - '594'
      content-type:
      - application/json
      date:
      - Sun, 03 Oct 2021 21:44:21 GMT
      etag:
      - '"1D7B89FD32035D5"'
      expires:
      - '-1'
      pragma:
      - no-cache
      server:
      - Microsoft-IIS/10.0
      strict-transport-security:
      - max-age=31536000; includeSubDomains
      x-aspnet-version:
      - 4.0.30319
      x-content-type-options:
      - nosniff
      x-ms-ratelimit-remaining-subscription-writes:
      - '1199'
      x-powered-by:
      - ASP.NET
    status:
      code: 201
      message: Created
- request:
    body: null
    headers:
      Accept:
      - '*/*'
      Accept-Encoding:
      - gzip, deflate
      CommandName:
      - webapp create
      Connection:
      - keep-alive
      ParameterSetName:
      - -g -n --plan --deployment-source-url -r
      User-Agent:
      - AZURECLI/2.28.1 azsdk-python-azure-mgmt-web/4.0.0 Python/3.8.2 (macOS-10.16-x86_64-i386-64bit)
    method: GET
    uri: https://management.azure.com/subscriptions/00000000-0000-0000-0000-000000000000/resourceGroups/clitest.rg000001/providers/Microsoft.Web/sites/webapp-win-log000002/sourcecontrols/web?api-version=2020-09-01
  response:
    body:
      string: '{"id":"/subscriptions/00000000-0000-0000-0000-000000000000/resourceGroups/clitest.rg000001/providers/Microsoft.Web/sites/webapp-win-log000002/sourcecontrols/web","name":"webapp-win-log000002","type":"Microsoft.Web/sites/sourcecontrols","location":"Japan
        West","properties":{"repoUrl":"https://github.com/yugangw-msft/azure-site-test.git","branch":"master","isManualIntegration":true,"isGitHubAction":false,"deploymentRollbackEnabled":false,"isMercurial":false,"provisioningState":"InProgress","provisioningDetails":"2021-10-03T21:44:45.1920210
        https://webapp-win-log000002.scm.azurewebsites.net/api/deployments/latest?deployer=GitHub&time=2021-10-03_21-44-34Z","gitHubActionConfiguration":null}}'
    headers:
      cache-control:
      - no-cache
      content-length:
      - '766'
      content-type:
      - application/json
      date:
      - Sun, 03 Oct 2021 21:44:52 GMT
      etag:
      - '"1D7B89FD32035D5"'
      expires:
      - '-1'
      pragma:
      - no-cache
      server:
      - Microsoft-IIS/10.0
      strict-transport-security:
      - max-age=31536000; includeSubDomains
      transfer-encoding:
      - chunked
      vary:
      - Accept-Encoding
      x-aspnet-version:
      - 4.0.30319
      x-content-type-options:
      - nosniff
      x-powered-by:
      - ASP.NET
    status:
      code: 200
      message: OK
- request:
    body: null
    headers:
      Accept:
      - '*/*'
      Accept-Encoding:
      - gzip, deflate
      CommandName:
      - webapp create
      Connection:
      - keep-alive
      ParameterSetName:
      - -g -n --plan --deployment-source-url -r
      User-Agent:
      - AZURECLI/2.28.1 azsdk-python-azure-mgmt-web/4.0.0 Python/3.8.2 (macOS-10.16-x86_64-i386-64bit)
    method: GET
    uri: https://management.azure.com/subscriptions/00000000-0000-0000-0000-000000000000/resourceGroups/clitest.rg000001/providers/Microsoft.Web/sites/webapp-win-log000002/sourcecontrols/web?api-version=2020-09-01
  response:
    body:
      string: '{"id":"/subscriptions/00000000-0000-0000-0000-000000000000/resourceGroups/clitest.rg000001/providers/Microsoft.Web/sites/webapp-win-log000002/sourcecontrols/web","name":"webapp-win-log000002","type":"Microsoft.Web/sites/sourcecontrols","location":"Japan
        West","properties":{"repoUrl":"https://github.com/yugangw-msft/azure-site-test.git","branch":"master","isManualIntegration":true,"isGitHubAction":false,"deploymentRollbackEnabled":false,"isMercurial":false,"provisioningState":"Succeeded","gitHubActionConfiguration":null}}'
    headers:
      cache-control:
      - no-cache
      content-length:
      - '593'
      content-type:
      - application/json
      date:
      - Sun, 03 Oct 2021 21:45:22 GMT
      etag:
      - '"1D7B89FD32035D5"'
      expires:
      - '-1'
      pragma:
      - no-cache
      server:
      - Microsoft-IIS/10.0
      strict-transport-security:
      - max-age=31536000; includeSubDomains
      transfer-encoding:
      - chunked
      vary:
      - Accept-Encoding
      x-aspnet-version:
      - 4.0.30319
      x-content-type-options:
      - nosniff
      x-powered-by:
      - ASP.NET
    status:
      code: 200
      message: OK
- request:
    body: '{"format": "WebDeploy"}'
    headers:
      Accept:
      - application/xml
      Accept-Encoding:
      - gzip, deflate
      CommandName:
      - webapp create
      Connection:
      - keep-alive
      Content-Length:
      - '23'
      Content-Type:
      - application/json
      ParameterSetName:
      - -g -n --plan --deployment-source-url -r
      User-Agent:
      - AZURECLI/2.28.1 azsdk-python-azure-mgmt-web/4.0.0 Python/3.8.2 (macOS-10.16-x86_64-i386-64bit)
    method: POST
    uri: https://management.azure.com/subscriptions/00000000-0000-0000-0000-000000000000/resourceGroups/clitest.rg000001/providers/Microsoft.Web/sites/webapp-win-log000002/publishxml?api-version=2020-09-01
  response:
    body:
      string: <publishData><publishProfile profileName="webapp-win-log000002 - Web
        Deploy" publishMethod="MSDeploy" publishUrl="webapp-win-log000002.scm.azurewebsites.net:443"
        msdeploySite="webapp-win-log000002" userName="$webapp-win-log000002" userPWD="D8kCXZvvWfPXwTuND2L8TgNYNYPe0qR8pxiNRYGk1rHLroK5KNRZTZeejlwZ"
        destinationAppUrl="http://webapp-win-log000002.azurewebsites.net" SQLServerDBConnectionString=""
        mySQLDBConnectionString="" hostingProviderForumLink="" controlPanelLink="http://windows.azure.com"
        webSystem="WebSites"><databases /></publishProfile><publishProfile profileName="webapp-win-log000002
        - FTP" publishMethod="FTP" publishUrl="ftp://waws-prod-os1-027.ftp.azurewebsites.windows.net/site/wwwroot"
        ftpPassiveMode="True" userName="webapp-win-log000002\$webapp-win-log000002"
        userPWD="D8kCXZvvWfPXwTuND2L8TgNYNYPe0qR8pxiNRYGk1rHLroK5KNRZTZeejlwZ" destinationAppUrl="http://webapp-win-log000002.azurewebsites.net"
        SQLServerDBConnectionString="" mySQLDBConnectionString="" hostingProviderForumLink=""
        controlPanelLink="http://windows.azure.com" webSystem="WebSites"><databases
        /></publishProfile><publishProfile profileName="webapp-win-log000002 - Zip
        Deploy" publishMethod="ZipDeploy" publishUrl="webapp-win-log000002.scm.azurewebsites.net:443"
        userName="$webapp-win-log000002" userPWD="D8kCXZvvWfPXwTuND2L8TgNYNYPe0qR8pxiNRYGk1rHLroK5KNRZTZeejlwZ"
        destinationAppUrl="http://webapp-win-log000002.azurewebsites.net" SQLServerDBConnectionString=""
        mySQLDBConnectionString="" hostingProviderForumLink="" controlPanelLink="http://windows.azure.com"
        webSystem="WebSites"><databases /></publishProfile></publishData>
    headers:
      cache-control:
      - no-cache
      content-length:
      - '1667'
      content-type:
      - application/xml
      date:
      - Sun, 03 Oct 2021 21:45:24 GMT
      expires:
      - '-1'
      pragma:
      - no-cache
      server:
      - Microsoft-IIS/10.0
      strict-transport-security:
      - max-age=31536000; includeSubDomains
      x-aspnet-version:
      - 4.0.30319
      x-content-type-options:
      - nosniff
      x-ms-ratelimit-remaining-subscription-resource-requests:
      - '11999'
      x-powered-by:
      - ASP.NET
    status:
      code: 200
      message: OK
- request:
    body: null
    headers:
      Accept:
      - application/json
      Accept-Encoding:
      - gzip, deflate
      CommandName:
      - webapp log download
      Connection:
      - keep-alive
      ParameterSetName:
      - -g -n --log-file
      User-Agent:
      - AZURECLI/2.28.1 azsdk-python-azure-mgmt-web/4.0.0 Python/3.8.2 (macOS-10.16-x86_64-i386-64bit)
    method: GET
    uri: https://management.azure.com/subscriptions/00000000-0000-0000-0000-000000000000/resourceGroups/clitest.rg000001/providers/Microsoft.Web/sites/webapp-win-log000002?api-version=2020-09-01
  response:
    body:
      string: '{"id":"/subscriptions/00000000-0000-0000-0000-000000000000/resourceGroups/clitest.rg000001/providers/Microsoft.Web/sites/webapp-win-log000002","name":"webapp-win-log000002","type":"Microsoft.Web/sites","kind":"app","location":"Japan
        West","properties":{"name":"webapp-win-log000002","state":"Running","hostNames":["webapp-win-log000002.azurewebsites.net"],"webSpace":"clitest.rg000001-JapanWestwebspace","selfLink":"https://waws-prod-os1-027.api.azurewebsites.windows.net:454/subscriptions/00000000-0000-0000-0000-000000000000/webspaces/clitest.rg000001-JapanWestwebspace/sites/webapp-win-log000002","repositorySiteName":"webapp-win-log000002","owner":null,"usageState":"Normal","enabled":true,"adminEnabled":true,"enabledHostNames":["webapp-win-log000002.azurewebsites.net","webapp-win-log000002.scm.azurewebsites.net"],"siteProperties":{"metadata":null,"properties":[{"name":"LinuxFxVersion","value":""},{"name":"WindowsFxVersion","value":null}],"appSettings":null},"availabilityState":"Normal","sslCertificates":null,"csrs":[],"cers":null,"siteMode":null,"hostNameSslStates":[{"name":"webapp-win-log000002.azurewebsites.net","sslState":"Disabled","ipBasedSslResult":null,"virtualIP":null,"thumbprint":null,"toUpdate":null,"toUpdateIpBasedSsl":null,"ipBasedSslState":"NotConfigured","hostType":"Standard"},{"name":"webapp-win-log000002.scm.azurewebsites.net","sslState":"Disabled","ipBasedSslResult":null,"virtualIP":null,"thumbprint":null,"toUpdate":null,"toUpdateIpBasedSsl":null,"ipBasedSslState":"NotConfigured","hostType":"Repository"}],"computeMode":null,"serverFarm":null,"serverFarmId":"/subscriptions/00000000-0000-0000-0000-000000000000/resourceGroups/clitest.rg000001/providers/Microsoft.Web/serverfarms/win-log000003","reserved":false,"isXenon":false,"hyperV":false,"lastModifiedTimeUtc":"2021-10-03T21:44:21.2133333","storageRecoveryDefaultState":"Running","contentAvailabilityState":"Normal","runtimeAvailabilityState":"Normal","siteConfig":{"numberOfWorkers":1,"defaultDocuments":null,"netFrameworkVersion":null,"phpVersion":null,"pythonVersion":null,"nodeVersion":null,"powerShellVersion":null,"linuxFxVersion":"","windowsFxVersion":null,"requestTracingEnabled":null,"remoteDebuggingEnabled":null,"remoteDebuggingVersion":null,"httpLoggingEnabled":null,"azureMonitorLogCategories":null,"acrUseManagedIdentityCreds":false,"acrUserManagedIdentityID":null,"logsDirectorySizeLimit":null,"detailedErrorLoggingEnabled":null,"publishingUsername":null,"publishingPassword":null,"appSettings":null,"metadata":null,"connectionStrings":null,"machineKey":null,"handlerMappings":null,"documentRoot":null,"scmType":null,"use32BitWorkerProcess":null,"webSocketsEnabled":null,"alwaysOn":false,"javaVersion":null,"javaContainer":null,"javaContainerVersion":null,"appCommandLine":null,"managedPipelineMode":null,"virtualApplications":null,"winAuthAdminState":null,"winAuthTenantState":null,"customAppPoolIdentityAdminState":null,"customAppPoolIdentityTenantState":null,"runtimeADUser":null,"runtimeADUserPassword":null,"loadBalancing":null,"routingRules":null,"experiments":null,"limits":null,"autoHealEnabled":null,"autoHealRules":null,"tracingOptions":null,"vnetName":null,"vnetRouteAllEnabled":null,"vnetPrivatePortsCount":null,"publicNetworkAccess":null,"cors":null,"push":null,"apiDefinition":null,"apiManagementConfig":null,"autoSwapSlotName":null,"localMySqlEnabled":null,"managedServiceIdentityId":null,"xManagedServiceIdentityId":null,"keyVaultReferenceIdentity":null,"ipSecurityRestrictions":null,"scmIpSecurityRestrictions":null,"scmIpSecurityRestrictionsUseMain":null,"http20Enabled":true,"minTlsVersion":null,"scmMinTlsVersion":null,"ftpsState":null,"preWarmedInstanceCount":null,"functionAppScaleLimit":0,"healthCheckPath":null,"fileChangeAuditEnabled":null,"functionsRuntimeScaleMonitoringEnabled":null,"websiteTimeZone":null,"minimumElasticInstanceCount":0,"azureStorageAccounts":null,"sitePort":null},"deploymentId":"webapp-win-log000002","slotName":null,"trafficManagerHostNames":null,"sku":"Basic","scmSiteAlsoStopped":false,"targetSwapSlot":null,"hostingEnvironment":null,"hostingEnvironmentProfile":null,"clientAffinityEnabled":true,"clientCertEnabled":false,"clientCertMode":"Required","clientCertExclusionPaths":null,"hostNamesDisabled":false,"domainVerificationIdentifiers":null,"customDomainVerificationId":"30E3673979DFB5673924412D39370809E608E2DE4E889BD01C7B80FC38A57EED","kind":"app","inboundIpAddress":"40.74.100.137","possibleInboundIpAddresses":"40.74.100.137","ftpUsername":"webapp-win-log000002\\$webapp-win-log000002","ftpsHostName":"ftps://waws-prod-os1-027.ftp.azurewebsites.windows.net/site/wwwroot","outboundIpAddresses":"40.74.90.160,40.74.94.222,40.74.113.39,40.74.95.132,40.74.113.204,40.74.75.201,40.74.100.137","possibleOutboundIpAddresses":"40.74.90.160,40.74.94.222,40.74.113.39,40.74.95.132,40.74.113.204,40.74.75.201,40.74.112.41,40.74.113.1,40.74.65.7,40.74.76.184,40.74.79.7,40.74.67.13,40.74.81.157,40.74.86.212,40.74.86.30,40.74.81.231,40.74.80.113,40.74.80.110,40.74.100.137","containerSize":0,"dailyMemoryTimeQuota":0,"suspendedTill":null,"siteDisabledReason":0,"functionExecutionUnitsCache":null,"maxNumberOfWorkers":null,"homeStamp":"waws-prod-os1-027","cloningInfo":null,"hostingEnvironmentId":null,"tags":null,"resourceGroup":"clitest.rg000001","defaultHostName":"webapp-win-log000002.azurewebsites.net","slotSwapStatus":null,"httpsOnly":false,"redundancyMode":"None","inProgressOperationId":null,"geoDistributions":null,"privateEndpointConnections":[],"buildVersion":null,"targetBuildVersion":null,"migrationState":null,"eligibleLogCategories":"AppServiceAppLogs,AppServiceAuditLogs,AppServiceConsoleLogs,AppServiceHTTPLogs,AppServiceIPSecAuditLogs,AppServicePlatformLogs,ScanLogs","storageAccountRequired":false,"virtualNetworkSubnetId":null,"keyVaultReferenceIdentity":"SystemAssigned"}}'
    headers:
      cache-control:
      - no-cache
      content-length:
      - '6209'
      content-type:
      - application/json
      date:
      - Sun, 03 Oct 2021 21:45:56 GMT
      etag:
      - '"1D7B89FD32035D5"'
      expires:
      - '-1'
      pragma:
      - no-cache
      server:
      - Microsoft-IIS/10.0
      strict-transport-security:
      - max-age=31536000; includeSubDomains
      transfer-encoding:
      - chunked
      vary:
      - Accept-Encoding
      x-aspnet-version:
      - 4.0.30319
      x-content-type-options:
      - nosniff
      x-powered-by:
      - ASP.NET
    status:
      code: 200
      message: OK
- request:
    body: null
    headers:
      Accept:
      - application/json
      Accept-Encoding:
      - gzip, deflate
      CommandName:
      - webapp log download
      Connection:
      - keep-alive
      ParameterSetName:
      - -g -n --log-file
      User-Agent:
      - AZURECLI/2.28.1 azsdk-python-azure-mgmt-web/4.0.0 Python/3.8.2 (macOS-10.16-x86_64-i386-64bit)
    method: GET
    uri: https://management.azure.com/subscriptions/00000000-0000-0000-0000-000000000000/resourceGroups/clitest.rg000001/providers/Microsoft.Web/sites/webapp-win-log000002/config/web?api-version=2020-09-01
  response:
    body:
      string: '{"id":"/subscriptions/00000000-0000-0000-0000-000000000000/resourceGroups/clitest.rg000001/providers/Microsoft.Web/sites/webapp-win-log000002/config/web","name":"webapp-win-log000002","type":"Microsoft.Web/sites/config","location":"Japan
        West","properties":{"numberOfWorkers":1,"defaultDocuments":["Default.htm","Default.html","Default.asp","index.htm","index.html","iisstart.htm","default.aspx","index.php","hostingstart.html"],"netFrameworkVersion":"v4.0","phpVersion":"5.6","pythonVersion":"","nodeVersion":"","powerShellVersion":"","linuxFxVersion":"","windowsFxVersion":null,"requestTracingEnabled":false,"remoteDebuggingEnabled":false,"remoteDebuggingVersion":null,"httpLoggingEnabled":false,"azureMonitorLogCategories":null,"acrUseManagedIdentityCreds":false,"acrUserManagedIdentityID":null,"logsDirectorySizeLimit":35,"detailedErrorLoggingEnabled":false,"publishingUsername":"$webapp-win-log000002","publishingPassword":null,"appSettings":null,"metadata":null,"connectionStrings":null,"machineKey":null,"handlerMappings":null,"documentRoot":null,"scmType":"ExternalGit","use32BitWorkerProcess":true,"webSocketsEnabled":false,"alwaysOn":false,"javaVersion":null,"javaContainer":null,"javaContainerVersion":null,"appCommandLine":"","managedPipelineMode":"Integrated","virtualApplications":[{"virtualPath":"/","physicalPath":"site\\wwwroot","preloadEnabled":false,"virtualDirectories":null}],"winAuthAdminState":0,"winAuthTenantState":0,"customAppPoolIdentityAdminState":false,"customAppPoolIdentityTenantState":false,"runtimeADUser":null,"runtimeADUserPassword":null,"loadBalancing":"LeastRequests","routingRules":[],"experiments":{"rampUpRules":[]},"limits":null,"autoHealEnabled":false,"autoHealRules":null,"tracingOptions":null,"vnetName":"","vnetRouteAllEnabled":false,"vnetPrivatePortsCount":0,"publicNetworkAccess":null,"siteAuthEnabled":false,"siteAuthSettings":{"enabled":null,"unauthenticatedClientAction":null,"tokenStoreEnabled":null,"allowedExternalRedirectUrls":null,"defaultProvider":null,"clientId":null,"clientSecret":null,"clientSecretSettingName":null,"clientSecretCertificateThumbprint":null,"issuer":null,"allowedAudiences":null,"additionalLoginParams":null,"isAadAutoProvisioned":false,"aadClaimsAuthorization":null,"googleClientId":null,"googleClientSecret":null,"googleClientSecretSettingName":null,"googleOAuthScopes":null,"facebookAppId":null,"facebookAppSecret":null,"facebookAppSecretSettingName":null,"facebookOAuthScopes":null,"gitHubClientId":null,"gitHubClientSecret":null,"gitHubClientSecretSettingName":null,"gitHubOAuthScopes":null,"twitterConsumerKey":null,"twitterConsumerSecret":null,"twitterConsumerSecretSettingName":null,"microsoftAccountClientId":null,"microsoftAccountClientSecret":null,"microsoftAccountClientSecretSettingName":null,"microsoftAccountOAuthScopes":null,"configVersion":null},"cors":null,"push":null,"apiDefinition":null,"apiManagementConfig":null,"autoSwapSlotName":null,"localMySqlEnabled":false,"managedServiceIdentityId":null,"xManagedServiceIdentityId":null,"keyVaultReferenceIdentity":null,"ipSecurityRestrictions":[{"ipAddress":"Any","action":"Allow","priority":1,"name":"Allow
        all","description":"Allow all access"}],"scmIpSecurityRestrictions":[{"ipAddress":"Any","action":"Allow","priority":1,"name":"Allow
        all","description":"Allow all access"}],"scmIpSecurityRestrictionsUseMain":false,"http20Enabled":true,"minTlsVersion":"1.2","scmMinTlsVersion":"1.0","ftpsState":"AllAllowed","preWarmedInstanceCount":0,"functionAppScaleLimit":0,"healthCheckPath":null,"fileChangeAuditEnabled":false,"functionsRuntimeScaleMonitoringEnabled":false,"websiteTimeZone":null,"minimumElasticInstanceCount":0,"azureStorageAccounts":{},"sitePort":null}}'
    headers:
      cache-control:
      - no-cache
      content-length:
      - '3777'
      content-type:
      - application/json
      date:
      - Sun, 03 Oct 2021 21:45:58 GMT
      expires:
      - '-1'
      pragma:
      - no-cache
      server:
      - Microsoft-IIS/10.0
      strict-transport-security:
      - max-age=31536000; includeSubDomains
      transfer-encoding:
      - chunked
      vary:
      - Accept-Encoding
      x-aspnet-version:
      - 4.0.30319
      x-content-type-options:
      - nosniff
      x-powered-by:
      - ASP.NET
    status:
      code: 200
      message: OK
- request:
    body: '{"format": "WebDeploy"}'
    headers:
      Accept:
      - application/xml
      Accept-Encoding:
      - gzip, deflate
      CommandName:
      - webapp log download
      Connection:
      - keep-alive
      Content-Length:
      - '23'
      Content-Type:
      - application/json
      ParameterSetName:
      - -g -n --log-file
      User-Agent:
      - AZURECLI/2.28.1 azsdk-python-azure-mgmt-web/4.0.0 Python/3.8.2 (macOS-10.16-x86_64-i386-64bit)
    method: POST
    uri: https://management.azure.com/subscriptions/00000000-0000-0000-0000-000000000000/resourceGroups/clitest.rg000001/providers/Microsoft.Web/sites/webapp-win-log000002/publishxml?api-version=2020-09-01
  response:
    body:
      string: <publishData><publishProfile profileName="webapp-win-log000002 - Web
        Deploy" publishMethod="MSDeploy" publishUrl="webapp-win-log000002.scm.azurewebsites.net:443"
        msdeploySite="webapp-win-log000002" userName="$webapp-win-log000002" userPWD="D8kCXZvvWfPXwTuND2L8TgNYNYPe0qR8pxiNRYGk1rHLroK5KNRZTZeejlwZ"
        destinationAppUrl="http://webapp-win-log000002.azurewebsites.net" SQLServerDBConnectionString=""
        mySQLDBConnectionString="" hostingProviderForumLink="" controlPanelLink="http://windows.azure.com"
        webSystem="WebSites"><databases /></publishProfile><publishProfile profileName="webapp-win-log000002
        - FTP" publishMethod="FTP" publishUrl="ftp://waws-prod-os1-027.ftp.azurewebsites.windows.net/site/wwwroot"
        ftpPassiveMode="True" userName="webapp-win-log000002\$webapp-win-log000002"
        userPWD="D8kCXZvvWfPXwTuND2L8TgNYNYPe0qR8pxiNRYGk1rHLroK5KNRZTZeejlwZ" destinationAppUrl="http://webapp-win-log000002.azurewebsites.net"
        SQLServerDBConnectionString="" mySQLDBConnectionString="" hostingProviderForumLink=""
        controlPanelLink="http://windows.azure.com" webSystem="WebSites"><databases
        /></publishProfile><publishProfile profileName="webapp-win-log000002 - Zip
        Deploy" publishMethod="ZipDeploy" publishUrl="webapp-win-log000002.scm.azurewebsites.net:443"
        userName="$webapp-win-log000002" userPWD="D8kCXZvvWfPXwTuND2L8TgNYNYPe0qR8pxiNRYGk1rHLroK5KNRZTZeejlwZ"
        destinationAppUrl="http://webapp-win-log000002.azurewebsites.net" SQLServerDBConnectionString=""
        mySQLDBConnectionString="" hostingProviderForumLink="" controlPanelLink="http://windows.azure.com"
        webSystem="WebSites"><databases /></publishProfile></publishData>
    headers:
      cache-control:
      - no-cache
      content-length:
      - '1667'
      content-type:
      - application/xml
      date:
      - Sun, 03 Oct 2021 21:45:59 GMT
      expires:
      - '-1'
      pragma:
      - no-cache
      server:
      - Microsoft-IIS/10.0
      strict-transport-security:
      - max-age=31536000; includeSubDomains
      x-aspnet-version:
      - 4.0.30319
      x-content-type-options:
      - nosniff
      x-ms-ratelimit-remaining-subscription-resource-requests:
      - '11999'
      x-powered-by:
      - ASP.NET
    status:
      code: 200
      message: OK
- request:
    body: null
    headers:
      Accept:
      - application/json
      Accept-Encoding:
      - gzip, deflate
      CommandName:
      - webapp log download
      Connection:
      - keep-alive
      Content-Length:
      - '0'
      ParameterSetName:
      - -g -n --log-file
      User-Agent:
      - AZURECLI/2.28.1 azsdk-python-azure-mgmt-web/4.0.0 Python/3.8.2 (macOS-10.16-x86_64-i386-64bit)
    method: POST
    uri: https://management.azure.com/subscriptions/00000000-0000-0000-0000-000000000000/resourceGroups/clitest.rg000001/providers/Microsoft.Web/sites/webapp-win-log000002/config/publishingcredentials/list?api-version=2020-09-01
  response:
    body:
      string: '{"id":"/subscriptions/00000000-0000-0000-0000-000000000000/resourceGroups/clitest.rg000001/providers/Microsoft.Web/sites/webapp-win-log000002/publishingcredentials/$webapp-win-log000002","name":"webapp-win-log000002","type":"Microsoft.Web/sites/publishingcredentials","location":"Japan
        West","properties":{"name":null,"publishingUserName":"$webapp-win-log000002","publishingPassword":"D8kCXZvvWfPXwTuND2L8TgNYNYPe0qR8pxiNRYGk1rHLroK5KNRZTZeejlwZ","publishingPasswordHash":null,"publishingPasswordHashSalt":null,"metadata":null,"isDeleted":false,"scmUri":"https://$webapp-win-log000002:D8kCXZvvWfPXwTuND2L8TgNYNYPe0qR8pxiNRYGk1rHLroK5KNRZTZeejlwZ@webapp-win-log000002.scm.azurewebsites.net"}}'
    headers:
      cache-control:
      - no-cache
      content-length:
      - '774'
      content-type:
      - application/json
      date:
      - Sun, 03 Oct 2021 21:46:01 GMT
      expires:
      - '-1'
      pragma:
      - no-cache
      server:
      - Microsoft-IIS/10.0
      strict-transport-security:
      - max-age=31536000; includeSubDomains
      transfer-encoding:
      - chunked
      vary:
      - Accept-Encoding
      x-aspnet-version:
      - 4.0.30319
      x-content-type-options:
      - nosniff
      x-ms-ratelimit-remaining-subscription-resource-requests:
      - '11998'
      x-powered-by:
      - ASP.NET
    status:
      code: 200
      message: OK
- request:
    body: null
    headers: {}
    method: GET
    uri: https://webapp-win-log000002.scm.azurewebsites.net/dump
  response:
    body:
      string: !!binary |
        UEsDBBQACAAIAKOtQ1MAAAAAAAAAAAAAAAA8AAAAZGVwbG95bWVudHMvOWQxNGJiMWJjYTljOTc2
        ZjQ3ODllNTQ5ZGRkZTcwYThkYTgwNjg0ZS9sb2cubG9nrVlRjty4Ef1OgNxB8Ec8BpoKSVGkNPmZ
        xXqzAZIYC9uLBQYDGJRIdSvuljqS2rOdrxzCn7lKkLvsBXKFPErdEjUzLWeMwAN4aqiqelX1RBZL
        nHJGGCU0es/ZtRDXkQyViJiU7Hb1497orqzWQXvIdrU5bG0brgoWJSqJYlJQHRORckq0VhGJbUqV
        EWkRiXxFf/Nr/oTlhDOupLxd/dDYvW6caWP32/q4s1UXFHUT5PVuV3ZBaYKXqWEiy1iW65fhSmaZ
        0YwlREqhiJAyIpoaTQzVhuaWi8IUT3tVIRWUcpnerr63lW2GiDy3bd6U+y5cRSqjKaMJiU1KiUi4
        JEkqc8JtFjNZFDqikXPxq8eRqZArIURMkbPWRdVtLMLZbut7J7mgdGWCrg7WAwTrxz0AuA5e6r8f
        Ghu0ZecvD6sBOQaEVDUxdUc88KQJXnx7fbepd/bOKd4hsTV+qZvji4DUDxYnxfauq+tti2dg1Fj8
        57R/0N3mgYpnD2W4EH8ayiRVlPHlHPcVdu7Cv7bBTzYL3sHnZZsqjhjlyWjTmsdZC4oSrOxtPC5L
        GiaSxeDK7ertoaoe0O1UlTAMVyrlXHBqiImznAhDU5LkMiOOzokqjMlMdjH0RCm4Vrerb4cyXz/I
        4KOk3w1/CfOdeXEhesHCVDEhFVj7R1Bn67CfMzcZvFQQwUOphGMzUDV2oLze7z/URQFTNtx0u0ue
        PdU/Hczh3bHKwzffvQ+Kpt6BoxfI9hLkfrh6f3/f1HX3csFTGsmYgzWv7db2O40rJ+xs6taJbaeb
        zoHdLhhRFDzhwuV/f3R5OtkI12VXrqu6sUvKismExo+U9zr/qNeOqHW1pJ5EgibYKh/43jd1btv2
        a9Vb23yyDbQXXCd43bCZPnLtwt4csrv7uvlYYANq73a67Wzz4XhY62p9b7PwuJjPrzW8bvSXLIPR
        UoDSD7L1JcidbbsvmY5oQiX2ipFJ/yPdo5CDgzJBIv9c1x97/uAcgjbS/7uxEMGhMrYZ9mZH6otv
        HuzFnKXuuBmOgp7D5LAPThv5aPLSawELUqkkASlPBxY2Ple2vK6Kcr3gOWYqYSnY+Oa0x4JEbVlX
        baA/6XKrs60N6qo/nPZb3eG83QW6wftGQxly+tt+R/w9pCTkvsBSX+JyJqmZlEwSo2E8k9h8kbPZ
        Khdz0fMCS/yBrocIq9HcVOShx6rwImM8nEv+ozyMPAzYCM+SCOmkJkI2F0YTIuThiMQJs5XRtlsZ
        gxVh5FtD8SencOsLnmnhYxPhWAMRxr6OnAuegWRCAI3psRjBjY/FPrY49ODEvp8Y7BmBxiEarjNq
        J3jWEn8lnVagPq1IP72g5ZQQ6cORPgLpI0AD61tL58IIR4apbzqdEuJWRuYCzhwc2HYOD2tetnpp
        rF4v+VZmgYCGoxWgnSAiX77gsVX50Su/GMpPhfJTofxUOGGkHfzMvdKpHCjThCEBoFELrPFXPK4l
        vqcEG8jIASeMSU+QWm8lnbLgVjw/Pjroe2mG5NXXPTdZhORRERLDy3qulhPjqeROBKP8VQ8bCsS8
        F9OJXrRO9EKEyL2yOadeOp3o6/bihAqi4//l0yAWqbvB3K7eoUnKOxwG50bwtL0H/VsfBj+2NvD7
        lr4RcpeOfFPXWNOBKYvCNu6udVJdcCsZi5VCWzW53e/OekGfD8Yuox7Vx0tkWbY9cHQfge6CWSN5
        ahXvvGcumQafojTlMZr6CoB++ubtm3nUpz6H4MgkOMZvUJmQBm9qXB6GIxgn4mrFnrrICRiPU9w6
        cHo/0/h0T0La7dYgsxddyFSk7q74TBdvv/vm9V++C3An1/9/49sytxVIsgA+vqbY6jllsQNvf943
        aHFvwF9sJj0nP5yGBHentSdLOFiJpGAcHc4vn//5y+d/4CdAcfTeEtfs9yWLFrSlohHDjWvS1k2j
        j6RAV9PZCvr4t6CfxEK4q9Wkf+jKbUt2tlnb3vvztHs9XMsHftVN+0UbacJVjJ5zQoDuDtA70h33
        AwRxOQBcDcFSvJuTeoPe3hIMVdBfwjvez2ep2ypHz3hohtzzBd1ISEyAfNe565stBgjrSneYYPTB
        ywUTIgZ+UGhC/0k3R6gB97PU+l6aoMPuytypg4uX9ZOUpnyOvACDNzfoU5f8ppRFKZtF3Kd5SFYU
        LhD1CVXb6TWg4hS7jBQzNYYXxE/QmR2mbPv5DvawHveSc3AkUtgmpzQPlYIijvEF948Vd7bb1MbR
        erFEqYxcln2Xe4yUSFeTxq6xK8A1C9WC68cGWl1Ykh3cwXXjutMFhjzh3nHj0FqHHGfwgmOVxrGb
        eU7Jam2Ha3xXuxeyLvrQl2r22ADmNOaLGXus9rf2pm9hnwW2rkhRVmW7seYGvSUOvCtr8aem7Qbk
        rxbMpTHe6Nn7CFt6u3GDp343QdaDq0O1L09bE32eNaTx5yPRxjTARkMVXOHqea8bA7C42k39W7l3
        D+HiDcy4HzzPi7HZYQ0HaN+Dq13bu7oMFD0XZr0YHc1LXjlE/YE2mADhzx0itveuqd02hffn/Mdd
        uXP7ndd1brpuT2zTDKcAuvaLUTwJQee53XcuAZFLVGXXdVdqzHOBC7ch329/VLg48eyiFy6HIdXE
        bcdpUjovuKckSJc1pe7tOT9e4+vi+wo/n//z73/hx53rWW2O07nE0GMHV9kRI52bCMDHy8DDtI2R
        NvqeOBuI07t8lNgQP5Et5sfAiwu1WMryOf4/nN4QfM9Altu2OGy3x6EFfjA8RpOC6ij0v+7AOA+P
        sfN2/gj6NEG+al+5IbIQSaqjnBJmLcP3A2PwYcTg+4GOJBBYbmQ/RH7KlRsg8wQ7/vumXK9t/2Wk
        sfkxx8TmCn3Wp9LeB+iu8GGgbN0cx7zCN5Eo15FKc2IyUeCbSKGJ5mlCTB6ZLJaW5dY88U2kj41j
        4iUi7NSvp+8vU1bCVWxtITAJJHmsYDvOEpLSOCM5jfGlQwkTJf3HkP8CUEsHCCMO9IO4CAAAQBoA
        AFBLAwQUAAgACACVrUNTAAAAAAAAAAAAAAAAPQAAAGRlcGxveW1lbnRzLzlkMTRiYjFiY2E5Yzk3
        NmY0Nzg5ZTU0OWRkZGU3MGE4ZGE4MDY4NGUvbWFuaWZlc3SNi0sKgDAMRPcFr9ITCRIlRu0nklSL
        t7dQURAXboZ5yRtLc5opsmBjVhgcENpFORYSHlD1IkXZUQo0xpZJzWnr79JmFjd6zpdRfs+pDaAJ
        pTs2gkgZe3sE/zF9eSTwT0yoqZonUEsHCKaTiBlkAAAA0AAAAFBLAwQUAAgACACjrUNTAAAAAAAA
        AAAAAAAAPwAAAGRlcGxveW1lbnRzLzlkMTRiYjFiY2E5Yzk3NmY0Nzg5ZTU0OWRkZGU3MGE4ZGE4
        MDY4NGUvc3RhdHVzLnhtbI1Sy27bMBC8F+g/EL7bomRaD4NhmkOS3mOgaC4BRa4UIpQoUKQd99d6
        6Cf1F8rSkusCPuRCcHZ2Zpfg/P75i96+dxrtwY7K9DeLdIUXCHphpOrbm4V3zbJc3LLPn6iEQZtj
        B70LCCGqJKtkSuo6rQWvRFXkDSnKCjakklJCgXkpeYnzkgBNQnMUce9ejWXffcv7Fn0LB02mWuRP
        Q8CyR+W++pom58KF/L7jSrNj9Dh86ZSwZjSNWwnTzW6nlqjpYBx5C+xOSmQs8oPkDpB7BXT3w9tw
        DgN6ArtXAlDtlZaI9xL9ey06GPvWaHNAwvSNCgvPjtF+sKa1YQSjyfkaidFx50f25IUINE0mfMHt
        4N0F2YmIIJKaj25S3fdypzpgGc7SZYqXeL3L0i3ZbHG+ykqSFXnxTJMrgmhkQYDaw1ULsl3nqzzf
        YFKRYPFf67yiddeGR2W5zitcrIMybD/1RRl8aOO5K0rCtw0aHLCd9SEqZxhJNb446Ab2wPX4N0cT
        nDkLXJpeHy/4cylkdopPDO0fUEsHCDrO37+RAQAA7AIAAFBLAwQUAAgACACjrUNTAAAAAAAAAAAA
        AAAASAAAAGRlcGxveW1lbnRzLzlkMTRiYjFiY2E5Yzk3NmY0Nzg5ZTU0OWRkZGU3MGE4ZGE4MDY4
        NGUvc3RhdHVzX2NvbXBsZXRlLnhtbI1Sy27bMBC8F+g/EL7bomRaD4NhmkOS3mOgaC4BRa4UIpQo
        UKQd99d66Cf1F8rSkusCPuRCcHZ2Zpfg/P75i96+dxrtwY7K9DeLdIUXCHphpOrbm4V3zbJc3LLP
        n6iEQZtjB70LCCGqJKtkSuo6rQWvRFXkDSnKCjakklJCgXkpeYnzkgBNQnMUce9ejWXffcv7Fn0L
        B02mWuRPQ8CyR+W++pom58KF/L7jSrNj9Dh86ZSwZjSNWwnTzW6nlqjpYBx5C+xOSmQs8oPkDpB7
        BXT3w9twDgN6ArtXAlDtlZaI9xL9ey06GPvWaHNAwvSNCgvPjtF+sKa1YQSjyfkaidFx50f25IUI
        NE0mfMHt4N0F2YmIIJKaj25S3fdypzpgGc7SZYqXeL3L0i3ZbHG+ykqSFXnxTJMrgmhkQYDaw1UL
        sl3nqzzfYFKRYPFf67yiddeGR2W5zitcrIMybD/1RRl8aOO5K0rCtw0aHLCd9SEqZxhJNb446Ab2
        wPX4N0cTnDkLXJpeHy/4cylkdopPDO0fUEsHCDrO37+RAQAA7AIAAFBLAwQUAAgACACjrUNTAAAA
        AAAAAAAAAAAAEgAAAGRlcGxveW1lbnRzL2FjdGl2ZQXBAQ0AMAgDMEsn2YHJAcb9S3hLGbqtpzgM
        f4jkXlDSxqlU5fHEflBLBwjFv8G2JwAAACgAAABQSwMEFAAIAAgAo61DUwAAAAAAAAAAAAAAABcA
        AABkZXBsb3ltZW50cy9sYXRlc3QuanNvbo2Sy27bMBBFf4XQqgUiR09S8qpGHTRGn7ANFC20ociR
        TFQSVT6sOEH+vRSdutkk6EaALs/cueTMQ7AXPewM7cdgGSRREodxFEbpPomXWb6M8M/gKtgJA19o
        D46YoKbjGE5iCDvZWnZXC3LI9dFRW/htQZsNdxijacIphpCQNAszlschbYo0TAsWE0xI3ESlK/ko
        hpn+IMytredGhhqrnbKzjIHWTlqDoaKbtYcq2PAqWFZByeOsruOa0ZKVBDcZKUrIs5JzDiSiBadF
        hIsMquCqevJ0ddnlZw93xht5YGXNQaqb3rXx4sm2dGind71gSmrZmAWT/TPSQz88hL470h99dmlp
        6zq6eCvOkVTIjpwaQOYAaHVvlfuOI9qBOgoGqLai44gOHHEYO3nqYTBokupX08kJMTk04mz8TclW
        OfN/ede+AJRXzk/nI2yBgTgCnwd6pqvrtUvwJsZpmpQkIxjj/G1VXXvcvbUyr7BFii/szfCiax7h
        pMgu5CeqzdPw/r/ovezHDsyc2igLbk4bvYd+lIqqkxMb2umzugXKvw7dc/Hvcvorv7Se/sa3Upt5
        jV8lF5r1CzrPy3lpt/h6MYDblsfg8Q9QSwcIjEbXIMYBAAAsAwAAUEsDBBQAAAAAAJCtQ1MAAAAA
        AAAAAAAAAAATAAAAZGVwbG95bWVudHMvcGVuZGluZ1BLAwQUAAgACACKrUNTAAAAAAAAAAAAAAAA
        GAAAAGRlcGxveW1lbnRzL3NldHRpbmdzLnhtbHu/e7+NfUVujkJZalFxZn6erZKhnoGSQmpecn5K
        Zl66rVJpSZquhZK9HS+XTXFqSQlQrBjIVlCwSUktyMmvzE3NKwHzgSKJKSkK2amVtkpJRYl5yRlK
        CmWJOaWptkq5icUlqUVKCvoQjfooOm304cYCAFBLBwgMBWYkcgAAAIwAAABQSwMEFAAIAAgAk61D
        UwAAAAAAAAAAAAAAABwAAABkZXBsb3ltZW50cy90b29scy9kZXBsb3kuY21kxVbfb+JGEH5H4n8Y
        kCzdVcFJrq0qkVIdIssdPTAUO7mchGQ59gK+mF3XXofQh/7tndm1+RFI7vp0PIDx7Mx+O/t9M/M+
        nkPTcnsj35t2e8wfsls2tJrgsL+g+UsT3vNwKUHO5/VavdZuQ+vkR5s+3VzfwDVPE7lZcaHADbM4
        Vdp0y7M8lqINl/aFffnbq5G0cZLxjP9dxHmseH68vASDYeP5BoSMuP01h1jkKkgSHtVr6yX6awO8
        +0MUCdBXvTbog8Wm0/HUHFOf8gLe1GsA+pyjOM9jsdhG5E88LFRwn/AzSBMe5LzapFpyBpjAIMl4
        EG0qG49gFTxwyAvEECsIAwH3HHBNuETbPJMrCIssoyRx8RhnUlDCbIKxkEoCzzKZ1Wtvy2O6XBXp
        Lgn0NucqkWGQoD+hi3gSbPD7KQ0EJZqWuMyD7tQb9Ls9z+1Y/0bphWXbsyBT8TwIFWZV58MZe3DN
        +gOHXePvZDj+MmKO57vjm2mPmdRQpCNTFbGEiZl9IZLXnX7AADrJzyIZU8fawrRm6/U6kxJZow//
        LKrD7jx/1HUGfeZ6/qTrfdyFPbYdxF0FIp7zHANTlp/FnUzZ7WB8456KDUCgT694YQcABH8KPynE
        d784Pb83ujbQUVIDQ1t4KKIC8o0It3QsLcTIT2R0SyNefAIiXVWE067kCa0FKjSPE6RTec7Gju+N
        ku/7HKNViGFIZEo28LXIFWSFELRnkxDRnk1YyyKJkOe5xMfsgbwoLQcH6lhBmkaBCqwZYptVzna4
        QkFiOvS2u/pAN4E736g4idUG+oUIFVL3hNqp5OjVLk94qByUe1lQSg5X/DVw2JD1PN8ZXzP/lk3d
        wdg5SLe35DCXSSLXdMYAJRpJwUEKPL4U8DkWkVzn0P2H1PuZ3+sStK9TOry+Aeu1/Swsq0eiwcJ6
        8NYI4OgtG02s5vffH7KZ3Q1c71lsijLzfaqOZbpstUqbhnfm/s5TVC3mid2xzu+HyF7wJlRaP9/g
        ldYAQHmI1+Clq9fQTUb+n66W+ksAD/3/F74S3X7hqtKxn6XqXYdSST5a2yaDDgJEMXeajWpVA++4
        Qa9L3A28ybfAhu5eNa28UCcUj6RUuZeb6C20Ytps3Ddaaf/gj9brvoAP5gGNcd+qO+rHQETJfkuN
        tgMC9jsd8dLW1c0UN+Ty+QCJPHD8yZAGkp2GqqnksqSw1mCb6RbNe6sIvQ7qEa5vPcKvF9CiEWcX
        p+xtZFaHhq0cWwINxx2FXFK0nO4GZI2haS9idWUvF1f27qhX5pFK4XfqWt8/5vedDabqmWHm0QxS
        9Zo5/MmCiF4/29uuQm0iDcKHYEGD1AulQrdoa1auw1lKijLJaZEvKbN76auyRMw9ugPNfBREY9ub
        Wq00k1Ghi3spuG/WjlSmpmcQQX70p+xcXCAkTdiSchDKFY4VEWSyUDG2ELUMFKxj7M1maC7w35KL
        apzbo+pugNNPQCXE71g/lfdq6f9WvaaH810DR4bpufyiaXboB9jpI+BPsephaersz7ZnFbzONhqt
        g/P7gxFYH6mcN/GEeqis1zT+bokclkEOMtQTawRRkZGc1/weqDPCjuSoZ0MH2gdnVkZT7JA/chy8
        d4Y+Tr9VrzezuYFw7FPBvdwu2Pet194Yjeh7eQa9H4s4p1k7L8KQ5/m8wOEG8f0HUEsHCHohM0np
        BAAA7gwAAFBLAwQUAAgACACTrUNTAAAAAAAAAAAAAAAAJAAAAGRlcGxveW1lbnRzL3Rvb2xzL2Rl
        cGxveW1lbnRDYWNoZUtlebM00TM2MDUy0TM1MjLXM+Dl0q1U0NXNy9dNyS/RTUktyMmvzE3NK1HQ
        LVJQcraKycjPTY0pzixJjSlKLcgHMvKLKpUUdPPRJBEai2NK8vNzioFqgIampAIpkO6AxJIMNC1I
        5vFyAQBQSwcIWMjETGcAAACWAAAAUEsDBBQAAAAAAMGtQ1MAAAAAAAAAAAAAAAAZAAAATG9nRmls
        ZXMva3VkdS9kZXBsb3ltZW50L1BLAwQUAAgACACJrUNTAAAAAAAAAAAAAAAAUwAAAExvZ0ZpbGVz
        L2t1ZHUvdHJhY2UvMjAyMS0xMC0wM1QyMS00NC0xOF8yZjA0MDhfMDAxX1N0YXJ0dXBfUE9TVF9h
        cGktc2V0dGluZ3NfMHMueG1sfY5PS8MwGMbvgt/h9T0vNk0zGKUdjHkp1m2YIt5KWLMZaNPYvD34
        7U2FgXjw+vyef0Ug44Es9aZERXqi2cOr+ZxNIIROU5QFFylLOeNZI9JcyjzdPGZCIlgXSLvzYrlw
        yTcI89SXmGhvk2CIrLsGhMHQx9iVeDqqBoG+fPRPtwVvI1lna7ESq5hX+5dWPVenVqm6fdvV1dOu
        qY6HEnlk56H5CR9GZxC293cAxe/7+95oF++/Dz3U4zL9z38ZG5Nt8cAYdPOkyY4uBz4EYCw2F8lS
        /Bdn6Y1/A1BLBwjZh1Dz2QAAADcBAABQSwMEFAAIAAgAiq1DUwAAAAAAAAAAAAAAAE8AAABMb2dG
        aWxlcy9rdWR1L3RyYWNlLzIwMjEtMTAtMDNUMjEtNDQtMThfMmYwNDA4XzAwMl9QT1NUX2FwaS1z
        ZXR0aW5nc18yMDRfMnMueG1srVRbb9s2FH4fsP/A8WFPpaybLceLCmiO0xpz4sCSlw7ICyMd29wk
        kiUpO+2v36G7tMMyG8Gw13P7zuU736V1oIkTroWczmWtOiG3ZAUfe7COkoY7tMdhHLEoZGFSxdEk
        TSfROEjGI0qEtI7L2odswjQcU9KbNqcDrsXAgnNYy1LSgdupJqd3y7KixH3SGG+eEbRAzzAZxm/i
        N5g/VVJC7YSSOf0FQLOiFXs42h1IxxYgt26HeIiOsUdbdazItW5FzX3q4HerJCVFj7hGfD7acvoz
        t0EQUDJ70oiQ0ygMWY0lhOwR4L2yaDvAI9ZhByFZq7Z9/fQost3Q7gNbdwH/3BvACCsc2EAC7mdt
        wbBii53ltPBudg+Ppfcz351RbQtmcDEMwiAKg+yCkifWWfbX9MzPXvMkbvgIWJYlKUvrYcT4Zpyw
        ZFxH2SjLok2IaR/YfXFfsrUEvFEDDVuvFi8WPV3MZ7cVm9/lNEW0FDERN8kmaTQKfY1itWKL5Ts2
        v3o9bjmvZuxqdrdY/nZzrI65p9ZEyX1RYvB1sV5U7D3e+7a4mZ2OP7XWD+xamQM3ftA7o5zK6c45
        jVzCGbQuwexFDS9c35Kq1v4Kxh5pFAWxz7sp2XS5uCqrYlXh8Sl5+/13hFz+nf9rjXz3/Le73jXq
        IInFywoJLWm5deRg8LL4LB3y5cRnxGEwzJDHJXRcI/tgqnpPjoySwdvLHxgjTW+OhJyQKOosYexl
        HwtV/3EtWiA/cq3sT9PJw0518OB599Cizz40oFv1qcPubOAtXwIJrz/2wkBztr0x0ulFL+H/3YqB
        Frg938poiJd5dStXWPHEdTa4rHMzj0b/chI0vRp72but8swwYLWS9ixaNkq+ydxzOAql6+0Uf9fr
        aUrJF0MFT8iOW/UsZp45Zg8mpzeiNsqqjWPzeTlA9cAP/o/iMeX1Dp4FKafaiD3q+vGZrL4Fx77+
        SopClYRJdJYilwP/NP9kc5xcfOXzn1BLBwj9IXZk6QIAAFYGAABQSwMEFAAIAAgAiq1DUwAAAAAA
        AAAAAAAAAFYAAABMb2dGaWxlcy9rdWR1L3RyYWNlLzIwMjEtMTAtMDNUMjEtNDQtMjFfMmYwNDA4
        XzAwM19HRVRfYXBpLXNldHRpbmdzLVNjbVR5cGVfMjAwXzBzLnhtbJ2T3W7aQBCF7yv1HbZ7nfE/
        GCiO5BKSoJAQYVPSS2cZYCvjdXfXJM3Td0xKUylCqno7c2Zm5+w3Q2OxZlbaEhM+qYTayWrD5vij
        QWM5WxWW4oEX+OB74IV54A+iaBD4ThTGnMnK2KISrWTtRV6Ps0aXCXeLWroGraVexs3ELv9ZI2c7
        tFu1SvjVOOfMUijh+jiolpTohJ3gLDijNiNVVSisVFXCbxBrSEu5pxZpQy20fCleU18K4zgOZ9fK
        2IQ/4WNR1/AkKyjVphHPjzLedszeMWLnFC+NRlIYadE4FdJyC4Ma0g1WVJu2aVjiY9bmgeZbrcoS
        tdvvOJ7je07c5+wZdgZ+vxnaF4siDFZFFyGOwwgi0fGhWPdCCHvCj7tx7K89KnuAZbrMYFEhGbzC
        FSzm05MujaaT8V0Ok/uERzQ1otk0P4wHkd/12l7pfA7T2RVMLv59fjbJx3Axvp/Ovt0eulPtKbs4
        W6YZiS/TxTSH61mW36W349P6U/Y+wKXST4VuF77XyqqEb62tzWGHus5Q76XAd6m3orw0X1GbAwS+
        E3B2/vEDY8O/iZ01dqNaYjWaWlWGEDmNbKcfvnF3lBPAtjEj+paWczL4NZDjM1Exu+GsfSfqhN9K
        oZVRawuTSeYSEKT9Tx5GhdjikbGE11ru6c4Ovpj6Di38WTsi9kIv9AmiFklCFdpbSjiBXkpxOAP3
        u1HVZya2haabSxq7Brog93z4CYCtGn0QDZjf3xkGQB4O3dbCd/le7yj4BVBLBwhlgiXUPQIAABUE
        AABQSwMEFAAIAAgAjK1DUwAAAAAAAAAAAAAAAFYAAABMb2dGaWxlcy9rdWR1L3RyYWNlLzIwMjEt
        MTAtMDNUMjEtNDQtMjRfMmYwNDA4XzAwNF9HRVRfYXBpLXNldHRpbmdzLVNjbVR5cGVfMjAwXzBz
        LnhtbJ2T3W7bMAyF7wfsHTRdl/5PnWZxAS9NV6NpU8TO0l26CpNocCxPktOuTz86XbphQ4Zht+Qh
        KR59HBqLDbPSVpjwrBZqK+s1m+HXFo3lbFlaigde4IPvgRcWgT+IokEQOXFwxpmsjS1r0UlWXuT1
        OWt1lXC3bKRr0FrqZdxcbItvDXK2RbtRy4R/HBecWQolXB8GNZISvbAXnAQn1Gak6hqFlapO+DVi
        A2kld9QibamFls/lS+pDaRzH4exKGZvwR3womwYeZQ2VWrfi6UHGm57ZOUZsnfK51UgKIy0ap0Za
        bm5QQ7rGmmrTLg0LfMi7PNB8q1VVoXbPeo7n+J4T075PsDXw483QvViUYbAsTxHiOIwgEj0fylU/
        hLAv/Pg0jv2VR2X3sEgXOcxrJIOXuIT5bHLUpdEkG98WkN0lPKKpEc2m+WE8iPxTr+uVzmYwmX6E
        7OLf5+dZMYaL8d1k+vlm351qj9nF2SLNSXyZzicFXE3z4ja9GR/XH7P3Hi6Vfix1t/CdVlYlfGNt
        Y/Y7NE2OeicF/pH6WVRU5hNqs4fAdwLOzt++YWz4K7HT1q5VR6xG06jaECJ/QbZHZB24O8gJYNua
        EX1LxzkZ/BIo8ImomF5z1r0TdcJvpNDKqJWFLMtdAoK0/8nDqBQbPDCW8EbLHd3Z3hfT3KKF17Uj
        Yi/0Qp8g6pAkVKG7pYQT6JUU+zNwvxhVv2diU2q6uaS1K6A93fPhOwC2bPVeNGBn/a1hAOTh0O0s
        /D3vh6+C71BLBwgEubj3PQIAABUEAABQSwMEFAAIAAgAja1DUwAAAAAAAAAAAAAAAEIAAABMb2dG
        aWxlcy9rdWR1L3RyYWNlLzIwMjEtMTAtMDNUMjEtNDQtMjZfMmYwNDA4XzAwNV9TaHV0ZG93bl8w
        cy54bWxVzEEOgjAQBdC9iXcYu6Y4HQpCA5zBRC/Q0BqbQEE6xOsLS5O/+v/lt4n9Ahx49J24r/Pg
        U4LHe2M3f6MAZ3nvCUlJhRKLJymjtaEqb25KQIiJbRwO8kKNtYAluE6URUkZZQoFbAuHad8RzZE6
        rxpNZbXL0SZe/Wfzif8I5aSp0rjfX/v2IiW4bbUc5mgApwRS9ufTD1BLBwitO2aslQAAALcAAABQ
        SwMEFAAIAAgAkK1DUwAAAAAAAAAAAAAAAFoAAABMb2dGaWxlcy9rdWR1L3RyYWNlLzIwMjEtMTAt
        MDNUMjEtNDQtMzJfMmYwNDA4XzAwMV9TdGFydHVwX0dFVF9hcGktc2V0dGluZ3MtU2NtVHlwZV8w
        cy54bWx9j11LwzAUhu8F/8PxXC82/ZgrpRmMOUaxfmCKeFfCGmegTWNzCvrvzZCBeOHt+xye97yl
        J+2ADPVaoCQ10ezgWX/M2hNCpyjECU9iFnPG0yaJiywr0uR6uVwhGOtJ2cPp5I1nPEeYp15gpJyJ
        vCYy9ugjeRiaL6cRBk3vYydwv2sQKEQCp3ORMwGkec4XySJo5Pa+lXfVUytl3b5s6up201SPDwJ5
        YD8+gbtP0pNV/d6ET9eXFwDl7zHbXisbxrwOPdTj0f+7Jg+l0bq8Ygy6eVJkRltAvBo8MBbUZXQy
        /+U3+Zl/A1BLBwg37zJ95gAAAEYBAABQSwMEFAAIAAgAkK1DUwAAAAAAAAAAAAAAAFYAAABMb2dG
        aWxlcy9rdWR1L3RyYWNlLzIwMjEtMTAtMDNUMjEtNDQtMzJfMmYwNDA4XzAwMl9HRVRfYXBpLXNl
        dHRpbmdzLVNjbVR5cGVfMjAwXzFzLnhtbJ2T3W7bMAyF7wfsHTRdl/5vnGZxAS9NW6NpU8TO0l26
        CpNocCxPktOuTz86XdZhQ4Bht+QhKR59HBqLDbPSVpjwrBZqK+s1m+G3Fo3lbFlaigde4IPvgRcW
        gT+IokEYOL1+yJmsjS1r0UlWXuT1OWt1lXC3bKRr0FrqZdxcbIvvDXK2RbtRy4RfjQvOLIUSrg+D
        GkmJsN/3ToITajNSdY3CSlUn/AaxgbSSO2qRttRCy5fyNfWpNI7jcHatjE34Ez6WTQNPsoZKrVvx
        /CjjzanZOUZsnfKl1UgKIy0ap0Zabm5QQ7rGmmrTLg0LfMy7PNB8q1VVoXbPTh3P8T0nPuPsGbYG
        fr4ZuheLMgyWZQ8hjsMIInHqQ7nqhxD2hR/34thfeVT2AIt0kcO8RjJ4iUuYzyZHXRpNsvFdAdl9
        wiOaGtFsmh/Gg8jveV2vdDaDyfQKsot/n59nxRguxveT6ZfbfXeqPWYXZ4s0J/FlOp8UcD3Ni7v0
        dnxcf8zeB7hU+qnU3cL3WlmV8I21jdnv0DQ56p0U+FfqraiozGfUZg+B7wScnb9/x9jwd2KnrV2r
        jliNplG1IUSOIRs6kee/cXeQE8C2NSP6lo5zMvg1UOAzUTG94ax7J+qE30qhlVErC1mWuwQEaf+T
        h1EpNnhgLOGNlju6s70vprlDC7/Wjoi90At9gqhDklCF7pYSTqBXUuzPwP1qVP2RiU2p6eaS1q6A
        Lsg9H34AYMtW70UD5ve2hgGQh0O3s/DPPAF8EPwAUEsHCM8VMqY/AgAAFQQAAFBLAwQUAAgACACR
        rUNTAAAAAAAAAAAAAAAASQAAAExvZ0ZpbGVzL2t1ZHUvdHJhY2UvMjAyMS0xMC0wM1QyMS00NC0z
        M18yZjA0MDhfMDAzX1BPU1RfZGVwbG95XzIwMl8xcy54bWyVVNty2zYQfe9M/wHFQ5+yvIi0KKlm
        Mqwjx5rKl7HkOu1LBwJXEqYUgACgLefru5Ss2pNEmfYVe8HZ3XPOqQ9oWVChwZJPtDQbpVfsFj+1
        6ANntQj03kt6KaQJJNm8l47yfJRlUZ4XnCntg9CyS1kmeTLgrHVNyeMabWOe3nm5mT9ZLMfbgE6L
        5oMKP4uN/UX5yj9pWQbXImcbDGtTl/zmejbnLHQF3B0AWEWRbDBI3vTeUPszozXKoIwu+W+IFqpG
        PVAPeg+oA0xRr8K65MOUs6qlvk59Fvv0X4WPooiz8dZSh5KnSQKSypTuQFwYT2+PuBDWwqPS0JhV
        K7cLVaxP/ENEk0Tic+uQMrwK6CONtJ47jw6qFf1c8qoLwz0uZl0cOkTONA26eHgSJVGaRMWQsy1s
        PDxPB91sUmS9WvQRiiLLIZcnKYjlIINsINOiXxTpMqGyj3Bf3c/gTiOdqMYa7m6n/3fPZ9PJ+GoO
        k5uS5wQmJ0gEKytGedpPui+q21uYXn+Ayfv/Dms2mY/h/fhmev3H5a471R7bImf31YySz6u76Rwu
        6NxX1eX4eP6xrX+Ec+Mehev2cONMMCVfh2D9bgZrZ+gelMSvQi9F88b/js7vWJRGPc7e/vgDY6ev
        pXCOQa4vhK7pgN+VwbD/XP5Fg1kQLrC9EDZEENIKC2tkCyH/XjnT6vp7bfsJtY3fnv4EwOrW7Sg8
        YoO8t/EMYA837vB+mTI8SV+lvJ7oug0r04nbobdGeyL9MXXne3UfpHhIJ62H1p8R/3aWwNn+YY7b
        jv5Sog1IU3X7R1fySyWd8WYZYDKZxcR/ItnUyGc57i42iuNjZPn28WNh1bO7dEv1cUMG5cO7/Z7p
        V7KYi3axc5mgNli+WNdf5GF5Dln+Jyd/C+4JqiXZErkL4ToTco0HzZbcOvVAjXeE8vYKA/zLl5y0
        nCVZSqL86j5p/7D7028eJ01eMv4BUEsHCHxWzezXAgAAeQUAAFBLAwQUAAgACACjrUNTAAAAAAAA
        AAAAAAAAUQAAAExvZ0ZpbGVzL2t1ZHUvdHJhY2UvMjAyMS0xMC0wM1QyMS00NC0zM18yZjA0MDhf
        MDA0X0JhY2tncm91bmRfUE9TVF9kZXBsb3lfMzNzLnhtbNVXTW/jNhC9F+h/mOqwSA5WJFnWhxvv
        Ic5uW7TbBusUvRgoaGpsC5FELUkl8b/vUEpiWZLVIrcGAQLQzLzhmzczz9dKYwk61RkurBvGH3ZS
        VEVyLxlHCxKm6dhzPHfiOhNneu+5c9+fT6d24MYWpIXSrODmytbxnciCSmYL6yrBMhMHC3LUe5Es
        rLs/VvcWfPz+O4DrNt6fJQGkxQ7UvtKJeCpAYUEHmEHGlIYnmWqk5PLRVMLAsWCFOSv3QuKS0tcL
        K7Tg6uP1D5MJJJUkEFHMwckVTCb9NH4T/OFzmiF8YKVQPy7n673Ica0IfJ3RZ2rdPCin5JRtTpqL
        wPi3KpWYjBFVZ9dLxQ3O5LKU2FCiMS+FZPIAR/BRnDAYeHLsn8G5Q7kVMjfkb1HzPWyYwuQ/YkXR
        7KWcnYLeIAVFU8XERL6p0iz5it8qVPorckwfCYIkoysFWsAVK9OrymgAmzc2H51/ZWDPoqFXttns
        ZHRbS9FU7gsr2A6l3ZxcpMk8Tlx/s3E3nMU8DoOtH0Yxzvw4SRIMHRYlLHKCyMfLsYyC6fSNiw72
        UmQZ8lrgfM+KHSrU1DOG91qRo2F96q+ebKbusZxAP2e6qdrkIqkyVKMIEbVNDyHwRhBuUaPRjKnt
        UZWwMWVGOQYWzbwWS93EFX5Z1Vpxgzncy2qk3QM7CmjO9PJu9bYhpoNQB0cJqYLfRYIr6uyXo7Gk
        48AdQDoVGwFdmZHWnTWuNxshcinKgyFxtfoZHvAwWqc4JoH13tvLoj1X67dR/POPC23HIYHVs3CA
        r5+wQDM1T+usuExLPRp0dhwMA2E/PSOv6qj4TEoqWAalFBzVCAGh7cVUBn0oac283S6Z3i8smheS
        4tg8pxHM5K6qJ/TC+vCtEtrM8TspdpLlYKa7govnKLhcm+J/IvhC0VJQ61+rpFrHvj11Zp5vzzwv
        XG/SYl2QTP5+6aK1bU4e6GLDgMFrIGByoI1SiEki9KTVERMJbzkcd4lEWi+pFvLw+t9i6Noxjlpr
        ITL1epuAEiQ8s5juiIChf+5iDEjHm7m9bun0y4qZSc0Z39OfR5SGKhBb0HtsN35DB9BAAy7ynBXJ
        /4GQc6YmtiPXH+CrR9Zwx3th2Gn5DqnvUX9sx6ZP36f+o/J6knpxNEclD7zbC9xpZxt0XnQv0x2t
        VDMmJPIDJwt1UUp8TPEJqHdIK6limwyTS/vM1JjNncAmfzkA36e9PeJ+2RWiBv68gidGBoame2Nh
        XjORje8ARl5jT4Offhlw8pUq5fBXWpDfpJOyHE/N2Nze8O2kdkYP8TRqua9zi8KLw7BlBjsMLzNk
        9bqtyKSTI4StmWRjZPpGL72MT9fFiW1YPaQUtirIqFCT66akYHo5E7uUE0OgDgWHDXJWKTxeJUIL
        oQGLusSjNPr+kNdo0ThM4dQjv3dcoydpv9u0SyROyeuOkhj+2+Y/yeWWQtZrrf89xtRrFCmibyrd
        Ly+jBuccVdFRbf8AUEsHCPM+rjFeBAAA1Q0AAFBLAwQUAAgACACarUNTAAAAAAAAAAAAAAAAVQAA
        AExvZ0ZpbGVzL2t1ZHUvdHJhY2UvMjAyMS0xMC0wM1QyMS00NC01Ml8yZjA0MDhfMDA3X0dFVF9h
        cGktc2V0dGluZ3MtYnJhbmNoXzIwMF8wcy54bWydk01v2kAQhu+V+h+2e874G3AojuQSklghIcKm
        pEdjBtjKeN3dNUnz6zt2SlO1Qqp62cPOOzM77z4z0gZrZoQpMeJJVci9qLZsjt8a1IazdW7o3nM8
        F1wHHD/z3GEQDHueNTh3OROVNnlVtJKNEzghZ40qI27ntbA1GkO1tL1SJNlxtkezk+uIX08yzsz3
        mrLUsU8tKOCHoXPmnbk+Z2NZVVgYIauI3yLWEJfigJzFDdVQ4iV/DX3KtWVZnN1IbSL+hKu8ruFJ
        VFDKbVM8r8Rg19MHSxd7K39pFJJCC4PaqpCGW2hUEG+xoty4DcMSV2kbB+pvlCxLVPZ5z3Is16GB
        OXuGvYafj4b2yV7YD52B50HY3+QQbHoh5AEd2Pd9DMPcwXaaR1jGyxQWFZLBa1zDYj495dJ4mkzu
        M0geIh5Q04BaU3t/MAzcvtOWiudzmM6uIbn89/Zpkk3gcvIwnX2566pT7im3OFvGKYmv4sU0g5tZ
        mt3Hd5PT+lPuPsKVVE+5aud9UNLIiO+MqXU3Q12nqA6iwL9Cb0lZqT+j0h0DruVxdvH+HWOj34Gd
        NWYrW2AV6lpWmgg5TSx91Bt3Rznxaxo9pl9pMSeDXy8yfCYoZrecte9EFfE7USip5cZAkqQ28UDa
        /8RhnBc7PCIW8VqJA61Z54uu79HAr7EDQs93fJfQa4kkUiHrFoc4L0XRbYH9VcvqIyt2uaKVixqz
        AdpD+2L0AYCtG9WJhsx395oBkIcju7Xwz3gwOMZ/AFBLBwg3tD7RPAIAABMEAABQSwMEFAAIAAgA
        q61DUwAAAAAAAAAAAAAAAFUAAABMb2dGaWxlcy9rdWR1L3RyYWNlLzIwMjEtMTAtMDNUMjEtNDUt
        MjNfMmYwNDA4XzAxMV9HRVRfYXBpLXNldHRpbmdzLWJyYW5jaF8yMDBfMHMueG1snZPbbtpAEIbv
        K/Udtnud8ZlgKI7kEpJYISHCpqSXxgywlfG6u2uS5uk7dkpbtaKqeumdf06/vxlpgzUzwpQY8aQq
        5F5UWzbHLw1qw9k6N/TuOZ4LrgOOn3nuMOgNPd/y/JAzUWmTV0Ur2TiBQy+NKiNu57WwNRpDtbS9
        UiTZcbZHs5PriF9PMs7M15qy1LFPLSjgh6Fz5p25HmdjWVVYGCGriN8i1hCX4oCcxQ3VUOIlfw19
        yLVlWZzdSG0i/oSrvK7hSVRQym1TPK9Ef9fTB0sXeyt/aRSSQguD2qqQlltoVBBvsaLcuA3DEldp
        Gwfqb5QsS1T2oGc5lutY/QFnz7DX8H1oaEd2Qx/9IHQgz4M+BGs3gNVgQJ+bIF8NCifEXo+zR1jG
        yxQWFZLBa1zDYj495dJ4mkzuM0geIh5Q04BaU3u/Pwzcc6ctFc/nMJ1dQ3L57+3TJJvA5eRhOvt0
        11Wn3FNucbaMUxJfxYtpBjezNLuP7yan9afcfYQrqZ5y1e77oKSREd8ZU+tuh7pOUR1EgX+EfiZl
        pf6ISncMuBZBcfH2DWOjX4GdNWYrW2AV6lpWmgj5C7E98u/I3VFO/JpGj+mvtJiT4PUhw2eCYnbL
        WTsnqojfiUJJLTcGkiS1iQfS/icO47zY4RGxiNdKHOjMOl90fY8GfqwdEHq+47uEXkskkQpZdzjE
        eSmK7grsz1pW71mxyxWdXNSYDdAd2hejdwBs3ahONGTOXjMAsnBktw7+HvbCY/wbUEsHCKqRWeA6
        AgAAEgQAAFBLAwQUAAgACADArUNTAAAAAAAAAAAAAAAARwAAAExvZ0ZpbGVzL2t1ZHUvdHJhY2Uv
        MjAyMS0xMC0wM1QyMS00Ni0wMV8yZjA0MDhfMDEyX0dFVF9kdW1wX3BlbmRpbmcueG1shVJdj9ow
        EHyv1P/g+vnWxAkJOUROSrncXdTcgUgotG8hMWApcVzbgXK/voaqH9KJ9nV3ZnZmdyfaMIkMNw2L
        cCqqruVihxbsW8+0waguja27jkuBOuB4hUvHw2DsUHLr+BhxoU0pqjNk6wydEKNeNREe1H0rMWqZ
        2Xd1hB+TAiNzkhamfglLbhteGDo37g31MJp2QrDK8E5E+BNjEuKGHxhGcVUxaSCxzmrrLMK8ZsLa
        PdlWb+UVfy1/sj6WmhCC0VOnTYSPbFNKCUcuoOl2ffV9w0d7Xx+IrlpSvvaKWYTmhmkimA261ExB
        vLPaEZYnKyzARmn4xhtQ4gbEhl3DKl7lsBTsbIbVsFxkv7NOszR5KSCd21XQgNwSjxIauGM/CMPg
        zI0XC8hmj5DeR7j2nGq48Sls3bqEIa19KEeOBy7dbLfBKKxDvzpz8rRI4D6ZZ7Mvzxd1y70WDKNV
        nFvwQ7zMCnia5cVL/Jxcx19bxBoeOnUs1TngXHWmi/DeGKkvGaTMmTrwir1p/SEVjf7MlL5c0q4O
        o7v37xCa/P1n04aVopdo3TYo63ZW+z9/NribfABAda8uxx4jGrQaAbyV/splbhQrW/tQxl6TzIQt
        /XNAOMLoB1BLBwhyjra81QEAAAcDAABQSwMEFAAIAAgAia1DUwAAAAAAAAAAAAAAAEoAAABMb2dG
        aWxlcy9rdWR1L3RyYWNlL2R3MHNkd2swMDAwNkktOWIzNTIwYmEtMTgwMi00ZmMwLWExMjYtMWIz
        MTgzODE5MWU0LnR4dDXLwQqCMBgA4HvQO/wPMHGbCvLfpC4jU2mj65AaNUhd2++ht0+Czh+f5FJk
        gme8MFJgWaKoATSNkdYAF/deXSIGa3wh5GPweXJEfn4kBpOj53JHGHptGNAnOIT4D8FvUhWVZJLV
        DPThbPVJDVbr1l6bVh0bo/oOgW92m8wvd8vs9rsvUEsHCKnyIYWDAAAAkQAAAFBLAQIUABQACAAI
        AKOtQ1MjDvSDuAgAAEAaAAA8AAAAAAAAAAAAAAAAAAAAAABkZXBsb3ltZW50cy85ZDE0YmIxYmNh
        OWM5NzZmNDc4OWU1NDlkZGRlNzBhOGRhODA2ODRlL2xvZy5sb2dQSwECFAAUAAgACACVrUNTppOI
        GWQAAADQAAAAPQAAAAAAAAAAAAAAAAAiCQAAZGVwbG95bWVudHMvOWQxNGJiMWJjYTljOTc2ZjQ3
        ODllNTQ5ZGRkZTcwYThkYTgwNjg0ZS9tYW5pZmVzdFBLAQIUABQACAAIAKOtQ1M6zt+/kQEAAOwC
        AAA/AAAAAAAAAAAAAAAAAPEJAABkZXBsb3ltZW50cy85ZDE0YmIxYmNhOWM5NzZmNDc4OWU1NDlk
        ZGRlNzBhOGRhODA2ODRlL3N0YXR1cy54bWxQSwECFAAUAAgACACjrUNTOs7fv5EBAADsAgAASAAA
        AAAAAAAAAAAAAADvCwAAZGVwbG95bWVudHMvOWQxNGJiMWJjYTljOTc2ZjQ3ODllNTQ5ZGRkZTcw
        YThkYTgwNjg0ZS9zdGF0dXNfY29tcGxldGUueG1sUEsBAhQAFAAIAAgAo61DU8W/wbYnAAAAKAAA
        ABIAAAAAAAAAAAAAAAAA9g0AAGRlcGxveW1lbnRzL2FjdGl2ZVBLAQIUABQACAAIAKOtQ1OMRtcg
        xgEAACwDAAAXAAAAAAAAAAAAAAAAAF0OAABkZXBsb3ltZW50cy9sYXRlc3QuanNvblBLAQIUABQA
        AAAAAJCtQ1MAAAAAAAAAAAAAAAATAAAAAAAAAAAAAAAAAGgQAABkZXBsb3ltZW50cy9wZW5kaW5n
        UEsBAhQAFAAIAAgAiq1DUwwFZiRyAAAAjAAAABgAAAAAAAAAAAAAAAAAmRAAAGRlcGxveW1lbnRz
        L3NldHRpbmdzLnhtbFBLAQIUABQACAAIAJOtQ1N6ITNJ6QQAAO4MAAAcAAAAAAAAAAAAAAAAAFER
        AABkZXBsb3ltZW50cy90b29scy9kZXBsb3kuY21kUEsBAhQAFAAIAAgAk61DU1jIxExnAAAAlgAA
        ACQAAAAAAAAAAAAAAAAAhBYAAGRlcGxveW1lbnRzL3Rvb2xzL2RlcGxveW1lbnRDYWNoZUtleVBL
        AQIUABQAAAAAAMGtQ1MAAAAAAAAAAAAAAAAZAAAAAAAAAAAAAAAAAD0XAABMb2dGaWxlcy9rdWR1
        L2RlcGxveW1lbnQvUEsBAhQAFAAIAAgAia1DU9mHUPPZAAAANwEAAFMAAAAAAAAAAAAAAAAAdBcA
        AExvZ0ZpbGVzL2t1ZHUvdHJhY2UvMjAyMS0xMC0wM1QyMS00NC0xOF8yZjA0MDhfMDAxX1N0YXJ0
        dXBfUE9TVF9hcGktc2V0dGluZ3NfMHMueG1sUEsBAhQAFAAIAAgAiq1DU/0hdmTpAgAAVgYAAE8A
        AAAAAAAAAAAAAAAAzhgAAExvZ0ZpbGVzL2t1ZHUvdHJhY2UvMjAyMS0xMC0wM1QyMS00NC0xOF8y
        ZjA0MDhfMDAyX1BPU1RfYXBpLXNldHRpbmdzXzIwNF8ycy54bWxQSwECFAAUAAgACACKrUNTZYIl
        1D0CAAAVBAAAVgAAAAAAAAAAAAAAAAA0HAAATG9nRmlsZXMva3VkdS90cmFjZS8yMDIxLTEwLTAz
        VDIxLTQ0LTIxXzJmMDQwOF8wMDNfR0VUX2FwaS1zZXR0aW5ncy1TY21UeXBlXzIwMF8wcy54bWxQ
        SwECFAAUAAgACACMrUNTBLm49z0CAAAVBAAAVgAAAAAAAAAAAAAAAAD1HgAATG9nRmlsZXMva3Vk
        dS90cmFjZS8yMDIxLTEwLTAzVDIxLTQ0LTI0XzJmMDQwOF8wMDRfR0VUX2FwaS1zZXR0aW5ncy1T
        Y21UeXBlXzIwMF8wcy54bWxQSwECFAAUAAgACACNrUNTrTtmrJUAAAC3AAAAQgAAAAAAAAAAAAAA
        AAC2IQAATG9nRmlsZXMva3VkdS90cmFjZS8yMDIxLTEwLTAzVDIxLTQ0LTI2XzJmMDQwOF8wMDVf
        U2h1dGRvd25fMHMueG1sUEsBAhQAFAAIAAgAkK1DUzfvMn3mAAAARgEAAFoAAAAAAAAAAAAAAAAA
        uyIAAExvZ0ZpbGVzL2t1ZHUvdHJhY2UvMjAyMS0xMC0wM1QyMS00NC0zMl8yZjA0MDhfMDAxX1N0
        YXJ0dXBfR0VUX2FwaS1zZXR0aW5ncy1TY21UeXBlXzBzLnhtbFBLAQIUABQACAAIAJCtQ1PPFTKm
        PwIAABUEAABWAAAAAAAAAAAAAAAAACkkAABMb2dGaWxlcy9rdWR1L3RyYWNlLzIwMjEtMTAtMDNU
        MjEtNDQtMzJfMmYwNDA4XzAwMl9HRVRfYXBpLXNldHRpbmdzLVNjbVR5cGVfMjAwXzFzLnhtbFBL
        AQIUABQACAAIAJGtQ1N8Vs3s1wIAAHkFAABJAAAAAAAAAAAAAAAAAOwmAABMb2dGaWxlcy9rdWR1
        L3RyYWNlLzIwMjEtMTAtMDNUMjEtNDQtMzNfMmYwNDA4XzAwM19QT1NUX2RlcGxveV8yMDJfMXMu
        eG1sUEsBAhQAFAAIAAgAo61DU/M+rjFeBAAA1Q0AAFEAAAAAAAAAAAAAAAAAOioAAExvZ0ZpbGVz
        L2t1ZHUvdHJhY2UvMjAyMS0xMC0wM1QyMS00NC0zM18yZjA0MDhfMDA0X0JhY2tncm91bmRfUE9T
        VF9kZXBsb3lfMzNzLnhtbFBLAQIUABQACAAIAJqtQ1M3tD7RPAIAABMEAABVAAAAAAAAAAAAAAAA
        ABcvAABMb2dGaWxlcy9rdWR1L3RyYWNlLzIwMjEtMTAtMDNUMjEtNDQtNTJfMmYwNDA4XzAwN19H
        RVRfYXBpLXNldHRpbmdzLWJyYW5jaF8yMDBfMHMueG1sUEsBAhQAFAAIAAgAq61DU6qRWeA6AgAA
        EgQAAFUAAAAAAAAAAAAAAAAA1jEAAExvZ0ZpbGVzL2t1ZHUvdHJhY2UvMjAyMS0xMC0wM1QyMS00
        NS0yM18yZjA0MDhfMDExX0dFVF9hcGktc2V0dGluZ3MtYnJhbmNoXzIwMF8wcy54bWxQSwECFAAU
        AAgACADArUNTco62vNUBAAAHAwAARwAAAAAAAAAAAAAAAACTNAAATG9nRmlsZXMva3VkdS90cmFj
        ZS8yMDIxLTEwLTAzVDIxLTQ2LTAxXzJmMDQwOF8wMTJfR0VUX2R1bXBfcGVuZGluZy54bWxQSwEC
        FAAUAAgACACJrUNTqfIhhYMAAACRAAAASgAAAAAAAAAAAAAAAADdNgAATG9nRmlsZXMva3VkdS90
        cmFjZS9kdzBzZHdrMDAwMDZJLTliMzUyMGJhLTE4MDItNGZjMC1hMTI2LTFiMzE4MzgxOTFlNC50
        eHRQSwUGAAAAABgAGAASCgAA2DcAAAAA
    headers:
      cache-control:
      - no-cache
      content-disposition:
      - attachment; filename=dump-10-03-21-46-01.zip
      content-type:
      - application/zip
      date:
      - Sun, 03 Oct 2021 21:46:01 GMT
      expires:
      - '-1'
      pragma:
      - no-cache
      server:
      - Microsoft-IIS/10.0
      set-cookie:
      - ARRAffinity=2f04080791214b9cd44673d14595786928ab2c0b432cd4549ad24da8c30a08e1;Path=/;HttpOnly;Secure;Domain=webapp-win-logucxbi7h5sv.scm.azurewebsites.net
      - ARRAffinitySameSite=2f04080791214b9cd44673d14595786928ab2c0b432cd4549ad24da8c30a08e1;Path=/;HttpOnly;SameSite=None;Secure;Domain=webapp-win-logucxbi7h5sv.scm.azurewebsites.net
      transfer-encoding:
      - chunked
      x-aspnet-version:
      - 4.0.30319
      x-powered-by:
      - ASP.NET
    status:
      code: 200
      message: OK
version: 1
