interactions:
- request:
    body: '{"location": "westus", "tags": {"use": "az-test"}}'
    headers:
      Accept: [application/json]
      Accept-Encoding: ['gzip, deflate']
      CommandName: [group create]
      Connection: [keep-alive]
      Content-Length: ['50']
      Content-Type: [application/json; charset=utf-8]
      User-Agent: [python/3.6.1 (Windows-10-10.0.15063-SP0) requests/2.9.1 msrest/0.4.7
          msrest_azure/0.4.7 resourcemanagementclient/1.1.0rc1 Azure-SDK-For-Python
          AZURECLI/2.0.6+dev]
      accept-language: [en-US]
    method: PUT
    uri: https://management.azure.com/subscriptions/00000000-0000-0000-0000-000000000000/resourcegroups/clitest.rg000001?api-version=2017-05-10
  response:
    body: {string: '{"id":"/subscriptions/00000000-0000-0000-0000-000000000000/resourceGroups/clitest.rg000001","name":"clitest.rg000001","location":"westus","tags":{"use":"az-test"},"properties":{"provisioningState":"Succeeded"}}'}
    headers:
      cache-control: [no-cache]
      content-length: ['328']
      content-type: [application/json; charset=utf-8]
      date: ['Mon, 22 May 2017 05:17:34 GMT']
      expires: ['-1']
      pragma: [no-cache]
      strict-transport-security: [max-age=31536000; includeSubDomains]
      x-ms-ratelimit-remaining-subscription-writes: ['1192']
    status: {code: 201, message: Created}
- request:
    body: '{"location": "westus", "tags": {"use": "az-test"}}'
    headers:
      Accept: [application/json]
      Accept-Encoding: ['gzip, deflate']
      CommandName: [group create]
      Connection: [keep-alive]
      Content-Length: ['50']
      Content-Type: [application/json; charset=utf-8]
      User-Agent: [python/3.6.1 (Windows-10-10.0.15063-SP0) requests/2.9.1 msrest/0.4.7
          msrest_azure/0.4.7 resourcemanagementclient/1.1.0rc1 Azure-SDK-For-Python
          AZURECLI/2.0.6+dev]
      accept-language: [en-US]
    method: PUT
    uri: https://management.azure.com/subscriptions/00000000-0000-0000-0000-000000000000/resourcegroups/clitest.rg000002?api-version=2017-05-10
  response:
    body: {string: '{"id":"/subscriptions/00000000-0000-0000-0000-000000000000/resourceGroups/clitest.rg000002","name":"clitest.rg000002","location":"westus","tags":{"use":"az-test"},"properties":{"provisioningState":"Succeeded"}}'}
    headers:
      cache-control: [no-cache]
      content-length: ['328']
      content-type: [application/json; charset=utf-8]
      date: ['Mon, 22 May 2017 05:17:37 GMT']
      expires: ['-1']
      pragma: [no-cache]
      strict-transport-security: [max-age=31536000; includeSubDomains]
      x-ms-ratelimit-remaining-subscription-writes: ['1194']
    status: {code: 201, message: Created}
- request:
    body: '{"sku": {"name": "SkuName", "tier": "Basic", "capacity": 100}, "properties":
      {"createMode": "Default", "administratorLogin": "cloudsa", "administratorLoginPassword":
      "SecretPassword123"}, "location": "westeurope", "tags": {"key": "1"}}'
    headers:
      Accept: [application/json]
      Accept-Encoding: ['gzip, deflate']
      CommandName: [postgres server create]
      Connection: [keep-alive]
      Content-Length: ['235']
      Content-Type: [application/json; charset=utf-8]
      User-Agent: [python/3.6.1 (Windows-10-10.0.15063-SP0) requests/2.9.1 msrest/0.4.7
          msrest_azure/0.4.7 postgresqlmanagementclient/0.1.0 Azure-SDK-For-Python
          AZURECLI/2.0.6+dev]
      accept-language: [en-US]
    method: PUT
    uri: https://management.azure.com/subscriptions/00000000-0000-0000-0000-000000000000/resourceGroups/clitest.rg000001/providers/Microsoft.DBforPostgreSQL/servers/azuredbclitest000003?api-version=2017-04-30-preview
  response:
    body: {string: '{"operation":"UpsertElasticServer","startTime":"2017-05-22T05:17:42.383Z"}'}
    headers:
      azure-asyncoperation: ['https://management.azure.com/subscriptions/00000000-0000-0000-0000-000000000000/providers/Microsoft.DBforPostgreSQL/locations/westeurope/azureAsyncOperation/31323641-4557-4b4f-9558-53cee9ee6fdf?api-version=2017-04-30-preview']
      cache-control: [no-cache]
      content-length: ['74']
      content-type: [application/json; charset=utf-8]
      date: ['Mon, 22 May 2017 05:17:40 GMT']
      expires: ['-1']
      location: ['https://management.azure.com/subscriptions/00000000-0000-0000-0000-000000000000/providers/Microsoft.DBforPostgreSQL/locations/westeurope/operationResults/31323641-4557-4b4f-9558-53cee9ee6fdf?api-version=2017-04-30-preview']
      pragma: [no-cache]
      retry-after: ['60']
      server: [Microsoft-HTTPAPI/2.0]
      strict-transport-security: [max-age=31536000; includeSubDomains]
      x-ms-ratelimit-remaining-subscription-writes: ['1192']
    status: {code: 202, message: Accepted}
- request:
    body: null
    headers:
      Accept: [application/json]
      Accept-Encoding: ['gzip, deflate']
      CommandName: [postgres server create]
      Connection: [keep-alive]
      Content-Type: [application/json; charset=utf-8]
      User-Agent: [python/3.6.1 (Windows-10-10.0.15063-SP0) requests/2.9.1 msrest/0.4.7
          msrest_azure/0.4.7 postgresqlmanagementclient/0.1.0 Azure-SDK-For-Python
          AZURECLI/2.0.6+dev]
      accept-language: [en-US]
    method: GET
    uri: https://management.azure.com/subscriptions/00000000-0000-0000-0000-000000000000/providers/Microsoft.DBforPostgreSQL/locations/westeurope/azureAsyncOperation/31323641-4557-4b4f-9558-53cee9ee6fdf?api-version=2017-04-30-preview
  response:
    body: {string: '{"name":"31323641-4557-4b4f-9558-53cee9ee6fdf","status":"InProgress","startTime":"2017-05-22T05:17:42.383Z"}'}
    headers:
      cache-control: [no-cache]
      content-length: ['108']
      content-type: [application/json; charset=utf-8]
      date: ['Mon, 22 May 2017 05:18:42 GMT']
      expires: ['-1']
      pragma: [no-cache]
      server: [Microsoft-HTTPAPI/2.0]
      strict-transport-security: [max-age=31536000; includeSubDomains]
      transfer-encoding: [chunked]
      vary: [Accept-Encoding]
    status: {code: 200, message: OK}
- request:
    body: null
    headers:
      Accept: [application/json]
      Accept-Encoding: ['gzip, deflate']
      CommandName: [postgres server create]
      Connection: [keep-alive]
      Content-Type: [application/json; charset=utf-8]
      User-Agent: [python/3.6.1 (Windows-10-10.0.15063-SP0) requests/2.9.1 msrest/0.4.7
          msrest_azure/0.4.7 postgresqlmanagementclient/0.1.0 Azure-SDK-For-Python
          AZURECLI/2.0.6+dev]
      accept-language: [en-US]
    method: GET
    uri: https://management.azure.com/subscriptions/00000000-0000-0000-0000-000000000000/providers/Microsoft.DBforPostgreSQL/locations/westeurope/azureAsyncOperation/31323641-4557-4b4f-9558-53cee9ee6fdf?api-version=2017-04-30-preview
  response:
    body: {string: '{"name":"31323641-4557-4b4f-9558-53cee9ee6fdf","status":"InProgress","startTime":"2017-05-22T05:17:42.383Z"}'}
    headers:
      cache-control: [no-cache]
      content-length: ['108']
      content-type: [application/json; charset=utf-8]
      date: ['Mon, 22 May 2017 05:19:15 GMT']
      expires: ['-1']
      pragma: [no-cache]
      server: [Microsoft-HTTPAPI/2.0]
      strict-transport-security: [max-age=31536000; includeSubDomains]
      transfer-encoding: [chunked]
      vary: [Accept-Encoding]
    status: {code: 200, message: OK}
- request:
    body: null
    headers:
      Accept: [application/json]
      Accept-Encoding: ['gzip, deflate']
      CommandName: [postgres server create]
      Connection: [keep-alive]
      Content-Type: [application/json; charset=utf-8]
      User-Agent: [python/3.6.1 (Windows-10-10.0.15063-SP0) requests/2.9.1 msrest/0.4.7
          msrest_azure/0.4.7 postgresqlmanagementclient/0.1.0 Azure-SDK-For-Python
          AZURECLI/2.0.6+dev]
      accept-language: [en-US]
    method: GET
    uri: https://management.azure.com/subscriptions/00000000-0000-0000-0000-000000000000/providers/Microsoft.DBforPostgreSQL/locations/westeurope/azureAsyncOperation/31323641-4557-4b4f-9558-53cee9ee6fdf?api-version=2017-04-30-preview
  response:
    body: {string: '{"name":"31323641-4557-4b4f-9558-53cee9ee6fdf","status":"InProgress","startTime":"2017-05-22T05:17:42.383Z"}'}
    headers:
      cache-control: [no-cache]
      content-length: ['108']
      content-type: [application/json; charset=utf-8]
      date: ['Mon, 22 May 2017 05:19:47 GMT']
      expires: ['-1']
      pragma: [no-cache]
      server: [Microsoft-HTTPAPI/2.0]
      strict-transport-security: [max-age=31536000; includeSubDomains]
      transfer-encoding: [chunked]
      vary: [Accept-Encoding]
    status: {code: 200, message: OK}
- request:
    body: null
    headers:
      Accept: [application/json]
      Accept-Encoding: ['gzip, deflate']
      CommandName: [postgres server create]
      Connection: [keep-alive]
      Content-Type: [application/json; charset=utf-8]
      User-Agent: [python/3.6.1 (Windows-10-10.0.15063-SP0) requests/2.9.1 msrest/0.4.7
          msrest_azure/0.4.7 postgresqlmanagementclient/0.1.0 Azure-SDK-For-Python
          AZURECLI/2.0.6+dev]
      accept-language: [en-US]
    method: GET
    uri: https://management.azure.com/subscriptions/00000000-0000-0000-0000-000000000000/providers/Microsoft.DBforPostgreSQL/locations/westeurope/azureAsyncOperation/31323641-4557-4b4f-9558-53cee9ee6fdf?api-version=2017-04-30-preview
  response:
    body: {string: '{"name":"31323641-4557-4b4f-9558-53cee9ee6fdf","status":"InProgress","startTime":"2017-05-22T05:17:42.383Z"}'}
    headers:
      cache-control: [no-cache]
      content-length: ['108']
      content-type: [application/json; charset=utf-8]
      date: ['Mon, 22 May 2017 05:20:18 GMT']
      expires: ['-1']
      pragma: [no-cache]
      server: [Microsoft-HTTPAPI/2.0]
      strict-transport-security: [max-age=31536000; includeSubDomains]
      transfer-encoding: [chunked]
      vary: [Accept-Encoding]
    status: {code: 200, message: OK}
- request:
    body: null
    headers:
      Accept: [application/json]
      Accept-Encoding: ['gzip, deflate']
      CommandName: [postgres server create]
      Connection: [keep-alive]
      Content-Type: [application/json; charset=utf-8]
      User-Agent: [python/3.6.1 (Windows-10-10.0.15063-SP0) requests/2.9.1 msrest/0.4.7
          msrest_azure/0.4.7 postgresqlmanagementclient/0.1.0 Azure-SDK-For-Python
          AZURECLI/2.0.6+dev]
      accept-language: [en-US]
    method: GET
    uri: https://management.azure.com/subscriptions/00000000-0000-0000-0000-000000000000/providers/Microsoft.DBforPostgreSQL/locations/westeurope/azureAsyncOperation/31323641-4557-4b4f-9558-53cee9ee6fdf?api-version=2017-04-30-preview
  response:
    body: {string: '{"name":"31323641-4557-4b4f-9558-53cee9ee6fdf","status":"InProgress","startTime":"2017-05-22T05:17:42.383Z"}'}
    headers:
      cache-control: [no-cache]
      content-length: ['108']
      content-type: [application/json; charset=utf-8]
      date: ['Mon, 22 May 2017 05:20:51 GMT']
      expires: ['-1']
      pragma: [no-cache]
      server: [Microsoft-HTTPAPI/2.0]
      strict-transport-security: [max-age=31536000; includeSubDomains]
      transfer-encoding: [chunked]
      vary: [Accept-Encoding]
    status: {code: 200, message: OK}
- request:
    body: null
    headers:
      Accept: [application/json]
      Accept-Encoding: ['gzip, deflate']
      CommandName: [postgres server create]
      Connection: [keep-alive]
      Content-Type: [application/json; charset=utf-8]
      User-Agent: [python/3.6.1 (Windows-10-10.0.15063-SP0) requests/2.9.1 msrest/0.4.7
          msrest_azure/0.4.7 postgresqlmanagementclient/0.1.0 Azure-SDK-For-Python
          AZURECLI/2.0.6+dev]
      accept-language: [en-US]
    method: GET
    uri: https://management.azure.com/subscriptions/00000000-0000-0000-0000-000000000000/providers/Microsoft.DBforPostgreSQL/locations/westeurope/azureAsyncOperation/31323641-4557-4b4f-9558-53cee9ee6fdf?api-version=2017-04-30-preview
  response:
    body: {string: '{"name":"31323641-4557-4b4f-9558-53cee9ee6fdf","status":"Succeeded","startTime":"2017-05-22T05:17:42.383Z"}'}
    headers:
      cache-control: [no-cache]
      content-length: ['107']
      content-type: [application/json; charset=utf-8]
      date: ['Mon, 22 May 2017 05:21:22 GMT']
      expires: ['-1']
      pragma: [no-cache]
      server: [Microsoft-HTTPAPI/2.0]
      strict-transport-security: [max-age=31536000; includeSubDomains]
      transfer-encoding: [chunked]
      vary: [Accept-Encoding]
    status: {code: 200, message: OK}
- request:
    body: null
    headers:
      Accept: [application/json]
      Accept-Encoding: ['gzip, deflate']
      CommandName: [postgres server create]
      Connection: [keep-alive]
      Content-Type: [application/json; charset=utf-8]
      User-Agent: [python/3.6.1 (Windows-10-10.0.15063-SP0) requests/2.9.1 msrest/0.4.7
          msrest_azure/0.4.7 postgresqlmanagementclient/0.1.0 Azure-SDK-For-Python
          AZURECLI/2.0.6+dev]
      accept-language: [en-US]
    method: GET
    uri: https://management.azure.com/subscriptions/00000000-0000-0000-0000-000000000000/resourceGroups/clitest.rg000001/providers/Microsoft.DBforPostgreSQL/servers/azuredbclitest000003?api-version=2017-04-30-preview
  response:
    body: {string: '{"id":"/subscriptions/00000000-0000-0000-0000-000000000000/resourceGroups/clitest.rg000001/providers/Microsoft.DBforPostgreSQL/servers/azuredbclitest000003","name":"azuredbclitest000003","type":"Microsoft.DBforPostgreSQL/servers","location":"westeurope","sku":{"name":"PGSQLB100","tier":"Basic","capacity":100},"tags":{"key":"1"},"properties":{"administratorLogin":"cloudsa","storageMB":51200,"version":"9.5","sslEnforcement":"Enabled","userVisibleState":"Ready","fullyQualifiedDomainName":"azuredbclitest000003.postgres.database.azure.com"}}'}
    headers:
      cache-control: [no-cache]
      content-length: ['730']
      content-type: [application/json; charset=utf-8]
      date: ['Mon, 22 May 2017 05:21:25 GMT']
      expires: ['-1']
      pragma: [no-cache]
      server: [Microsoft-HTTPAPI/2.0]
      strict-transport-security: [max-age=31536000; includeSubDomains]
      transfer-encoding: [chunked]
      vary: [Accept-Encoding]
    status: {code: 200, message: OK}
- request:
    body: null
    headers:
      Accept: [application/json]
      Accept-Encoding: ['gzip, deflate']
      CommandName: [postgres server show]
      Connection: [keep-alive]
      Content-Type: [application/json; charset=utf-8]
      User-Agent: [python/3.6.1 (Windows-10-10.0.15063-SP0) requests/2.9.1 msrest/0.4.7
          msrest_azure/0.4.7 postgresqlmanagementclient/0.1.0 Azure-SDK-For-Python
          AZURECLI/2.0.6+dev]
      accept-language: [en-US]
    method: GET
    uri: https://management.azure.com/subscriptions/00000000-0000-0000-0000-000000000000/resourceGroups/clitest.rg000001/providers/Microsoft.DBforPostgreSQL/servers/azuredbclitest000003?api-version=2017-04-30-preview
  response:
    body: {string: '{"id":"/subscriptions/00000000-0000-0000-0000-000000000000/resourceGroups/clitest.rg000001/providers/Microsoft.DBforPostgreSQL/servers/azuredbclitest000003","name":"azuredbclitest000003","type":"Microsoft.DBforPostgreSQL/servers","location":"westeurope","sku":{"name":"PGSQLB100","tier":"Basic","capacity":100},"tags":{"key":"1"},"properties":{"administratorLogin":"cloudsa","storageMB":51200,"version":"9.5","sslEnforcement":"Enabled","userVisibleState":"Ready","fullyQualifiedDomainName":"azuredbclitest000003.postgres.database.azure.com"}}'}
    headers:
      cache-control: [no-cache]
      content-length: ['730']
      content-type: [application/json; charset=utf-8]
      date: ['Mon, 22 May 2017 05:21:27 GMT']
      expires: ['-1']
      pragma: [no-cache]
      server: [Microsoft-HTTPAPI/2.0]
      strict-transport-security: [max-age=31536000; includeSubDomains]
      transfer-encoding: [chunked]
      vary: [Accept-Encoding]
    status: {code: 200, message: OK}
- request:
    body: null
    headers:
      Accept: [application/json]
      Accept-Encoding: ['gzip, deflate']
      CommandName: [postgres server update]
      Connection: [keep-alive]
      Content-Type: [application/json; charset=utf-8]
      User-Agent: [python/3.6.1 (Windows-10-10.0.15063-SP0) requests/2.9.1 msrest/0.4.7
          msrest_azure/0.4.7 postgresqlmanagementclient/0.1.0 Azure-SDK-For-Python
          AZURECLI/2.0.6+dev]
      accept-language: [en-US]
    method: GET
    uri: https://management.azure.com/subscriptions/00000000-0000-0000-0000-000000000000/resourceGroups/clitest.rg000001/providers/Microsoft.DBforPostgreSQL/servers/azuredbclitest000003?api-version=2017-04-30-preview
  response:
    body: {string: '{"id":"/subscriptions/00000000-0000-0000-0000-000000000000/resourceGroups/clitest.rg000001/providers/Microsoft.DBforPostgreSQL/servers/azuredbclitest000003","name":"azuredbclitest000003","type":"Microsoft.DBforPostgreSQL/servers","location":"westeurope","sku":{"name":"PGSQLB100","tier":"Basic","capacity":100},"tags":{"key":"1"},"properties":{"administratorLogin":"cloudsa","storageMB":51200,"version":"9.5","sslEnforcement":"Enabled","userVisibleState":"Ready","fullyQualifiedDomainName":"azuredbclitest000003.postgres.database.azure.com"}}'}
    headers:
      cache-control: [no-cache]
      content-length: ['730']
      content-type: [application/json; charset=utf-8]
      date: ['Mon, 22 May 2017 05:21:30 GMT']
      expires: ['-1']
      pragma: [no-cache]
      server: [Microsoft-HTTPAPI/2.0]
      strict-transport-security: [max-age=31536000; includeSubDomains]
      transfer-encoding: [chunked]
      vary: [Accept-Encoding]
    status: {code: 200, message: OK}
- request:
    body: '{"properties": {"administratorLoginPassword": "SecretPassword456", "sslEnforcement":
      "Disabled"}, "tags": {"key": "2"}}'
    headers:
      Accept: [application/json]
      Accept-Encoding: ['gzip, deflate']
      CommandName: [postgres server update]
      Connection: [keep-alive]
      Content-Length: ['119']
      Content-Type: [application/json; charset=utf-8]
      User-Agent: [python/3.6.1 (Windows-10-10.0.15063-SP0) requests/2.9.1 msrest/0.4.7
          msrest_azure/0.4.7 postgresqlmanagementclient/0.1.0 Azure-SDK-For-Python
          AZURECLI/2.0.6+dev]
      accept-language: [en-US]
    method: PATCH
    uri: https://management.azure.com/subscriptions/00000000-0000-0000-0000-000000000000/resourceGroups/clitest.rg000001/providers/Microsoft.DBforPostgreSQL/servers/azuredbclitest000003?api-version=2017-04-30-preview
  response:
    body: {string: '{"operation":"UpsertElasticServer","startTime":"2017-05-22T05:21:31.653Z"}'}
    headers:
      azure-asyncoperation: ['https://management.azure.com/subscriptions/00000000-0000-0000-0000-000000000000/providers/Microsoft.DBforPostgreSQL/locations/westeurope/azureAsyncOperation/59534b00-b60c-4e06-a97b-7efe7d2e3081?api-version=2017-04-30-preview']
      cache-control: [no-cache]
      content-length: ['74']
      content-type: [application/json; charset=utf-8]
      date: ['Mon, 22 May 2017 05:21:32 GMT']
      expires: ['-1']
      location: ['https://management.azure.com/subscriptions/00000000-0000-0000-0000-000000000000/providers/Microsoft.DBforPostgreSQL/locations/westeurope/operationResults/59534b00-b60c-4e06-a97b-7efe7d2e3081?api-version=2017-04-30-preview']
      pragma: [no-cache]
      retry-after: ['60']
      server: [Microsoft-HTTPAPI/2.0]
      strict-transport-security: [max-age=31536000; includeSubDomains]
      x-ms-ratelimit-remaining-subscription-writes: ['1197']
    status: {code: 202, message: Accepted}
- request:
    body: null
    headers:
      Accept: [application/json]
      Accept-Encoding: ['gzip, deflate']
      CommandName: [postgres server update]
      Connection: [keep-alive]
      Content-Type: [application/json; charset=utf-8]
      User-Agent: [python/3.6.1 (Windows-10-10.0.15063-SP0) requests/2.9.1 msrest/0.4.7
          msrest_azure/0.4.7 postgresqlmanagementclient/0.1.0 Azure-SDK-For-Python
          AZURECLI/2.0.6+dev]
      accept-language: [en-US]
    method: GET
    uri: https://management.azure.com/subscriptions/00000000-0000-0000-0000-000000000000/providers/Microsoft.DBforPostgreSQL/locations/westeurope/azureAsyncOperation/59534b00-b60c-4e06-a97b-7efe7d2e3081?api-version=2017-04-30-preview
  response:
    body: {string: '{"name":"59534b00-b60c-4e06-a97b-7efe7d2e3081","status":"Succeeded","startTime":"2017-05-22T05:21:31.653Z"}'}
    headers:
      cache-control: [no-cache]
      content-length: ['107']
      content-type: [application/json; charset=utf-8]
      date: ['Mon, 22 May 2017 05:22:34 GMT']
      expires: ['-1']
      pragma: [no-cache]
      server: [Microsoft-HTTPAPI/2.0]
      strict-transport-security: [max-age=31536000; includeSubDomains]
      transfer-encoding: [chunked]
      vary: [Accept-Encoding]
    status: {code: 200, message: OK}
- request:
    body: null
    headers:
      Accept: [application/json]
      Accept-Encoding: ['gzip, deflate']
      CommandName: [postgres server update]
      Connection: [keep-alive]
      Content-Type: [application/json; charset=utf-8]
      User-Agent: [python/3.6.1 (Windows-10-10.0.15063-SP0) requests/2.9.1 msrest/0.4.7
          msrest_azure/0.4.7 postgresqlmanagementclient/0.1.0 Azure-SDK-For-Python
          AZURECLI/2.0.6+dev]
      accept-language: [en-US]
    method: GET
    uri: https://management.azure.com/subscriptions/00000000-0000-0000-0000-000000000000/resourceGroups/clitest.rg000001/providers/Microsoft.DBforPostgreSQL/servers/azuredbclitest000003?api-version=2017-04-30-preview
  response:
    body: {string: '{"id":"/subscriptions/00000000-0000-0000-0000-000000000000/resourceGroups/clitest.rg000001/providers/Microsoft.DBforPostgreSQL/servers/azuredbclitest000003","name":"azuredbclitest000003","type":"Microsoft.DBforPostgreSQL/servers","location":"westeurope","sku":{"name":"PGSQLB100","tier":"Basic","capacity":100},"tags":{"key":"2"},"properties":{"administratorLogin":"cloudsa","storageMB":51200,"version":"9.5","sslEnforcement":"Disabled","userVisibleState":"Ready","fullyQualifiedDomainName":"azuredbclitest000003.postgres.database.azure.com"}}'}
    headers:
      cache-control: [no-cache]
      content-length: ['731']
      content-type: [application/json; charset=utf-8]
      date: ['Mon, 22 May 2017 05:22:36 GMT']
      expires: ['-1']
      pragma: [no-cache]
      server: [Microsoft-HTTPAPI/2.0]
      strict-transport-security: [max-age=31536000; includeSubDomains]
      transfer-encoding: [chunked]
      vary: [Accept-Encoding]
    status: {code: 200, message: OK}
- request:
    body: null
    headers:
      Accept: [application/json]
      Accept-Encoding: ['gzip, deflate']
      CommandName: [postgres server update]
      Connection: [keep-alive]
      Content-Type: [application/json; charset=utf-8]
      User-Agent: [python/3.6.1 (Windows-10-10.0.15063-SP0) requests/2.9.1 msrest/0.4.7
          msrest_azure/0.4.7 postgresqlmanagementclient/0.1.0 Azure-SDK-For-Python
          AZURECLI/2.0.6+dev]
      accept-language: [en-US]
    method: GET
    uri: https://management.azure.com/subscriptions/00000000-0000-0000-0000-000000000000/resourceGroups/clitest.rg000001/providers/Microsoft.DBforPostgreSQL/servers/azuredbclitest000003?api-version=2017-04-30-preview
  response:
    body: {string: '{"id":"/subscriptions/00000000-0000-0000-0000-000000000000/resourceGroups/clitest.rg000001/providers/Microsoft.DBforPostgreSQL/servers/azuredbclitest000003","name":"azuredbclitest000003","type":"Microsoft.DBforPostgreSQL/servers","location":"westeurope","sku":{"name":"PGSQLB100","tier":"Basic","capacity":100},"tags":{"key":"2"},"properties":{"administratorLogin":"cloudsa","storageMB":51200,"version":"9.5","sslEnforcement":"Disabled","userVisibleState":"Ready","fullyQualifiedDomainName":"azuredbclitest000003.postgres.database.azure.com"}}'}
    headers:
      cache-control: [no-cache]
      content-length: ['731']
      content-type: [application/json; charset=utf-8]
      date: ['Mon, 22 May 2017 05:22:38 GMT']
      expires: ['-1']
      pragma: [no-cache]
      server: [Microsoft-HTTPAPI/2.0]
      strict-transport-security: [max-age=31536000; includeSubDomains]
      transfer-encoding: [chunked]
      vary: [Accept-Encoding]
    status: {code: 200, message: OK}
- request:
    body: '{"sku": {"name": "PGSQLB100", "tier": "Basic", "capacity": 50}}'
    headers:
      Accept: [application/json]
      Accept-Encoding: ['gzip, deflate']
      CommandName: [postgres server update]
      Connection: [keep-alive]
      Content-Length: ['63']
      Content-Type: [application/json; charset=utf-8]
      User-Agent: [python/3.6.1 (Windows-10-10.0.15063-SP0) requests/2.9.1 msrest/0.4.7
          msrest_azure/0.4.7 postgresqlmanagementclient/0.1.0 Azure-SDK-For-Python
          AZURECLI/2.0.6+dev]
      accept-language: [en-US]
    method: PATCH
    uri: https://management.azure.com/subscriptions/00000000-0000-0000-0000-000000000000/resourceGroups/clitest.rg000001/providers/Microsoft.DBforPostgreSQL/servers/azuredbclitest000003?api-version=2017-04-30-preview
  response:
    body: {string: '{"operation":"UpsertElasticServer","startTime":"2017-05-22T05:22:39.953Z"}'}
    headers:
      azure-asyncoperation: ['https://management.azure.com/subscriptions/00000000-0000-0000-0000-000000000000/providers/Microsoft.DBforPostgreSQL/locations/westeurope/azureAsyncOperation/277ff99c-e05b-4f3c-a4a6-191d00e6d022?api-version=2017-04-30-preview']
      cache-control: [no-cache]
      content-length: ['74']
      content-type: [application/json; charset=utf-8]
      date: ['Mon, 22 May 2017 05:22:41 GMT']
      expires: ['-1']
      location: ['https://management.azure.com/subscriptions/00000000-0000-0000-0000-000000000000/providers/Microsoft.DBforPostgreSQL/locations/westeurope/operationResults/277ff99c-e05b-4f3c-a4a6-191d00e6d022?api-version=2017-04-30-preview']
      pragma: [no-cache]
      retry-after: ['60']
      server: [Microsoft-HTTPAPI/2.0]
      strict-transport-security: [max-age=31536000; includeSubDomains]
      x-ms-ratelimit-remaining-subscription-writes: ['1194']
    status: {code: 202, message: Accepted}
- request:
    body: null
    headers:
      Accept: [application/json]
      Accept-Encoding: ['gzip, deflate']
      CommandName: [postgres server update]
      Connection: [keep-alive]
      Content-Type: [application/json; charset=utf-8]
      User-Agent: [python/3.6.1 (Windows-10-10.0.15063-SP0) requests/2.9.1 msrest/0.4.7
          msrest_azure/0.4.7 postgresqlmanagementclient/0.1.0 Azure-SDK-For-Python
          AZURECLI/2.0.6+dev]
      accept-language: [en-US]
    method: GET
    uri: https://management.azure.com/subscriptions/00000000-0000-0000-0000-000000000000/providers/Microsoft.DBforPostgreSQL/locations/westeurope/azureAsyncOperation/277ff99c-e05b-4f3c-a4a6-191d00e6d022?api-version=2017-04-30-preview
  response:
    body: {string: '{"name":"277ff99c-e05b-4f3c-a4a6-191d00e6d022","status":"Succeeded","startTime":"2017-05-22T05:22:39.953Z"}'}
    headers:
      cache-control: [no-cache]
      content-length: ['107']
      content-type: [application/json; charset=utf-8]
      date: ['Mon, 22 May 2017 05:23:43 GMT']
      expires: ['-1']
      pragma: [no-cache]
      server: [Microsoft-HTTPAPI/2.0]
      strict-transport-security: [max-age=31536000; includeSubDomains]
      transfer-encoding: [chunked]
      vary: [Accept-Encoding]
    status: {code: 200, message: OK}
- request:
    body: null
    headers:
      Accept: [application/json]
      Accept-Encoding: ['gzip, deflate']
      CommandName: [postgres server update]
      Connection: [keep-alive]
      Content-Type: [application/json; charset=utf-8]
      User-Agent: [python/3.6.1 (Windows-10-10.0.15063-SP0) requests/2.9.1 msrest/0.4.7
          msrest_azure/0.4.7 postgresqlmanagementclient/0.1.0 Azure-SDK-For-Python
          AZURECLI/2.0.6+dev]
      accept-language: [en-US]
    method: GET
    uri: https://management.azure.com/subscriptions/00000000-0000-0000-0000-000000000000/resourceGroups/clitest.rg000001/providers/Microsoft.DBforPostgreSQL/servers/azuredbclitest000003?api-version=2017-04-30-preview
  response:
    body: {string: '{"id":"/subscriptions/00000000-0000-0000-0000-000000000000/resourceGroups/clitest.rg000001/providers/Microsoft.DBforPostgreSQL/servers/azuredbclitest000003","name":"azuredbclitest000003","type":"Microsoft.DBforPostgreSQL/servers","location":"westeurope","sku":{"name":"PGSQLB50","tier":"Basic","capacity":50},"tags":{"key":"2"},"properties":{"administratorLogin":"cloudsa","storageMB":51200,"version":"9.5","sslEnforcement":"Disabled","userVisibleState":"Ready","fullyQualifiedDomainName":"azuredbclitest000003.postgres.database.azure.com"}}'}
    headers:
      cache-control: [no-cache]
      content-length: ['729']
      content-type: [application/json; charset=utf-8]
      date: ['Mon, 22 May 2017 05:23:45 GMT']
      expires: ['-1']
      pragma: [no-cache]
      server: [Microsoft-HTTPAPI/2.0]
      strict-transport-security: [max-age=31536000; includeSubDomains]
      transfer-encoding: [chunked]
      vary: [Accept-Encoding]
    status: {code: 200, message: OK}
- request:
    body: null
    headers:
      Accept: [application/json]
      Accept-Encoding: ['gzip, deflate']
      CommandName: [postgres server show]
      Connection: [keep-alive]
      Content-Type: [application/json; charset=utf-8]
      User-Agent: [python/3.6.1 (Windows-10-10.0.15063-SP0) requests/2.9.1 msrest/0.4.7
          msrest_azure/0.4.7 postgresqlmanagementclient/0.1.0 Azure-SDK-For-Python
          AZURECLI/2.0.6+dev]
      accept-language: [en-US]
    method: GET
    uri: https://management.azure.com/subscriptions/00000000-0000-0000-0000-000000000000/resourceGroups/clitest.rg000001/providers/Microsoft.DBforPostgreSQL/servers/azuredbclitest000003?api-version=2017-04-30-preview
  response:
    body: {string: '{"id":"/subscriptions/00000000-0000-0000-0000-000000000000/resourceGroups/clitest.rg000001/providers/Microsoft.DBforPostgreSQL/servers/azuredbclitest000003","name":"azuredbclitest000003","type":"Microsoft.DBforPostgreSQL/servers","location":"westeurope","sku":{"name":"PGSQLB50","tier":"Basic","capacity":50},"tags":{"key":"2"},"properties":{"administratorLogin":"cloudsa","storageMB":51200,"version":"9.5","sslEnforcement":"Disabled","userVisibleState":"Ready","fullyQualifiedDomainName":"azuredbclitest000003.postgres.database.azure.com"}}'}
    headers:
      cache-control: [no-cache]
      content-length: ['729']
      content-type: [application/json; charset=utf-8]
      date: ['Mon, 22 May 2017 05:23:48 GMT']
      expires: ['-1']
      pragma: [no-cache]
      server: [Microsoft-HTTPAPI/2.0]
      strict-transport-security: [max-age=31536000; includeSubDomains]
      transfer-encoding: [chunked]
      vary: [Accept-Encoding]
    status: {code: 200, message: OK}
- request:
    body: null
    headers:
      Accept: [application/json]
      Accept-Encoding: ['gzip, deflate']
      CommandName: [postgres server update]
      Connection: [keep-alive]
      Content-Type: [application/json; charset=utf-8]
      User-Agent: [python/3.6.1 (Windows-10-10.0.15063-SP0) requests/2.9.1 msrest/0.4.7
          msrest_azure/0.4.7 postgresqlmanagementclient/0.1.0 Azure-SDK-For-Python
          AZURECLI/2.0.6+dev]
      accept-language: [en-US]
    method: GET
    uri: https://management.azure.com/subscriptions/00000000-0000-0000-0000-000000000000/resourceGroups/clitest.rg000001/providers/Microsoft.DBforPostgreSQL/servers/azuredbclitest000003?api-version=2017-04-30-preview
  response:
    body: {string: '{"id":"/subscriptions/00000000-0000-0000-0000-000000000000/resourceGroups/clitest.rg000001/providers/Microsoft.DBforPostgreSQL/servers/azuredbclitest000003","name":"azuredbclitest000003","type":"Microsoft.DBforPostgreSQL/servers","location":"westeurope","sku":{"name":"PGSQLB50","tier":"Basic","capacity":50},"tags":{"key":"2"},"properties":{"administratorLogin":"cloudsa","storageMB":51200,"version":"9.5","sslEnforcement":"Disabled","userVisibleState":"Ready","fullyQualifiedDomainName":"azuredbclitest000003.postgres.database.azure.com"}}'}
    headers:
      cache-control: [no-cache]
      content-length: ['729']
      content-type: [application/json; charset=utf-8]
      date: ['Mon, 22 May 2017 05:23:49 GMT']
      expires: ['-1']
      pragma: [no-cache]
      server: [Microsoft-HTTPAPI/2.0]
      strict-transport-security: [max-age=31536000; includeSubDomains]
      transfer-encoding: [chunked]
      vary: [Accept-Encoding]
    status: {code: 200, message: OK}
- request:
    body: '{"sku": {"name": "PGSQLB50", "tier": "Basic", "capacity": 100}}'
    headers:
      Accept: [application/json]
      Accept-Encoding: ['gzip, deflate']
      CommandName: [postgres server update]
      Connection: [keep-alive]
      Content-Length: ['63']
      Content-Type: [application/json; charset=utf-8]
      User-Agent: [python/3.6.1 (Windows-10-10.0.15063-SP0) requests/2.9.1 msrest/0.4.7
          msrest_azure/0.4.7 postgresqlmanagementclient/0.1.0 Azure-SDK-For-Python
          AZURECLI/2.0.6+dev]
      accept-language: [en-US]
    method: PATCH
    uri: https://management.azure.com/subscriptions/00000000-0000-0000-0000-000000000000/resourceGroups/clitest.rg000001/providers/Microsoft.DBforPostgreSQL/servers/azuredbclitest000003?api-version=2017-04-30-preview
  response:
    body: {string: '{"operation":"UpsertElasticServer","startTime":"2017-05-22T05:23:52.46Z"}'}
    headers:
      azure-asyncoperation: ['https://management.azure.com/subscriptions/00000000-0000-0000-0000-000000000000/providers/Microsoft.DBforPostgreSQL/locations/westeurope/azureAsyncOperation/98cc0850-6d57-4a2e-a679-e5dee93806b9?api-version=2017-04-30-preview']
      cache-control: [no-cache]
      content-length: ['73']
      content-type: [application/json; charset=utf-8]
      date: ['Mon, 22 May 2017 05:23:52 GMT']
      expires: ['-1']
      location: ['https://management.azure.com/subscriptions/00000000-0000-0000-0000-000000000000/providers/Microsoft.DBforPostgreSQL/locations/westeurope/operationResults/98cc0850-6d57-4a2e-a679-e5dee93806b9?api-version=2017-04-30-preview']
      pragma: [no-cache]
      retry-after: ['60']
      server: [Microsoft-HTTPAPI/2.0]
      strict-transport-security: [max-age=31536000; includeSubDomains]
      x-ms-ratelimit-remaining-subscription-writes: ['1193']
    status: {code: 202, message: Accepted}
- request:
    body: null
    headers:
      Accept: [application/json]
      Accept-Encoding: ['gzip, deflate']
      CommandName: [postgres server update]
      Connection: [keep-alive]
      Content-Type: [application/json; charset=utf-8]
      User-Agent: [python/3.6.1 (Windows-10-10.0.15063-SP0) requests/2.9.1 msrest/0.4.7
          msrest_azure/0.4.7 postgresqlmanagementclient/0.1.0 Azure-SDK-For-Python
          AZURECLI/2.0.6+dev]
      accept-language: [en-US]
    method: GET
    uri: https://management.azure.com/subscriptions/00000000-0000-0000-0000-000000000000/providers/Microsoft.DBforPostgreSQL/locations/westeurope/azureAsyncOperation/98cc0850-6d57-4a2e-a679-e5dee93806b9?api-version=2017-04-30-preview
  response:
    body: {string: '{"name":"98cc0850-6d57-4a2e-a679-e5dee93806b9","status":"Succeeded","startTime":"2017-05-22T05:23:52.46Z"}'}
    headers:
      cache-control: [no-cache]
      content-length: ['106']
      content-type: [application/json; charset=utf-8]
      date: ['Mon, 22 May 2017 05:24:54 GMT']
      expires: ['-1']
      pragma: [no-cache]
      server: [Microsoft-HTTPAPI/2.0]
      strict-transport-security: [max-age=31536000; includeSubDomains]
      transfer-encoding: [chunked]
      vary: [Accept-Encoding]
    status: {code: 200, message: OK}
- request:
    body: null
    headers:
      Accept: [application/json]
      Accept-Encoding: ['gzip, deflate']
      CommandName: [postgres server update]
      Connection: [keep-alive]
      Content-Type: [application/json; charset=utf-8]
      User-Agent: [python/3.6.1 (Windows-10-10.0.15063-SP0) requests/2.9.1 msrest/0.4.7
          msrest_azure/0.4.7 postgresqlmanagementclient/0.1.0 Azure-SDK-For-Python
          AZURECLI/2.0.6+dev]
      accept-language: [en-US]
    method: GET
    uri: https://management.azure.com/subscriptions/00000000-0000-0000-0000-000000000000/resourceGroups/clitest.rg000001/providers/Microsoft.DBforPostgreSQL/servers/azuredbclitest000003?api-version=2017-04-30-preview
  response:
    body: {string: '{"id":"/subscriptions/00000000-0000-0000-0000-000000000000/resourceGroups/clitest.rg000001/providers/Microsoft.DBforPostgreSQL/servers/azuredbclitest000003","name":"azuredbclitest000003","type":"Microsoft.DBforPostgreSQL/servers","location":"westeurope","sku":{"name":"PGSQLB100","tier":"Basic","capacity":100},"tags":{"key":"2"},"properties":{"administratorLogin":"cloudsa","storageMB":51200,"version":"9.5","sslEnforcement":"Disabled","userVisibleState":"Ready","fullyQualifiedDomainName":"azuredbclitest000003.postgres.database.azure.com"}}'}
    headers:
      cache-control: [no-cache]
      content-length: ['731']
      content-type: [application/json; charset=utf-8]
      date: ['Mon, 22 May 2017 05:24:56 GMT']
      expires: ['-1']
      pragma: [no-cache]
      server: [Microsoft-HTTPAPI/2.0]
      strict-transport-security: [max-age=31536000; includeSubDomains]
      transfer-encoding: [chunked]
      vary: [Accept-Encoding]
    status: {code: 200, message: OK}
- request:
    body: null
    headers:
      Accept: [application/json]
      Accept-Encoding: ['gzip, deflate']
      CommandName: [postgres server update]
      Connection: [keep-alive]
      Content-Type: [application/json; charset=utf-8]
      User-Agent: [python/3.6.1 (Windows-10-10.0.15063-SP0) requests/2.9.1 msrest/0.4.7
          msrest_azure/0.4.7 postgresqlmanagementclient/0.1.0 Azure-SDK-For-Python
          AZURECLI/2.0.6+dev]
      accept-language: [en-US]
    method: GET
    uri: https://management.azure.com/subscriptions/00000000-0000-0000-0000-000000000000/resourceGroups/clitest.rg000001/providers/Microsoft.DBforPostgreSQL/servers/azuredbclitest000003?api-version=2017-04-30-preview
  response:
    body: {string: '{"id":"/subscriptions/00000000-0000-0000-0000-000000000000/resourceGroups/clitest.rg000001/providers/Microsoft.DBforPostgreSQL/servers/azuredbclitest000003","name":"azuredbclitest000003","type":"Microsoft.DBforPostgreSQL/servers","location":"westeurope","sku":{"name":"PGSQLB100","tier":"Basic","capacity":100},"tags":{"key":"2"},"properties":{"administratorLogin":"cloudsa","storageMB":51200,"version":"9.5","sslEnforcement":"Disabled","userVisibleState":"Ready","fullyQualifiedDomainName":"azuredbclitest000003.postgres.database.azure.com"}}'}
    headers:
      cache-control: [no-cache]
      content-length: ['731']
      content-type: [application/json; charset=utf-8]
      date: ['Mon, 22 May 2017 05:24:59 GMT']
      expires: ['-1']
      pragma: [no-cache]
      server: [Microsoft-HTTPAPI/2.0]
      strict-transport-security: [max-age=31536000; includeSubDomains]
      transfer-encoding: [chunked]
      vary: [Accept-Encoding]
    status: {code: 200, message: OK}
- request:
    body: '{"properties": {"sslEnforcement": "Enabled"}}'
    headers:
      Accept: [application/json]
      Accept-Encoding: ['gzip, deflate']
      CommandName: [postgres server update]
      Connection: [keep-alive]
      Content-Length: ['45']
      Content-Type: [application/json; charset=utf-8]
      User-Agent: [python/3.6.1 (Windows-10-10.0.15063-SP0) requests/2.9.1 msrest/0.4.7
          msrest_azure/0.4.7 postgresqlmanagementclient/0.1.0 Azure-SDK-For-Python
          AZURECLI/2.0.6+dev]
      accept-language: [en-US]
    method: PATCH
    uri: https://management.azure.com/subscriptions/00000000-0000-0000-0000-000000000000/resourceGroups/clitest.rg000001/providers/Microsoft.DBforPostgreSQL/servers/azuredbclitest000003?api-version=2017-04-30-preview
  response:
    body: {string: '{"operation":"UpsertElasticServer","startTime":"2017-05-22T05:25:00.853Z"}'}
    headers:
      azure-asyncoperation: ['https://management.azure.com/subscriptions/00000000-0000-0000-0000-000000000000/providers/Microsoft.DBforPostgreSQL/locations/westeurope/azureAsyncOperation/46771233-2d50-4809-9eae-f1c7b37fb99b?api-version=2017-04-30-preview']
      cache-control: [no-cache]
      content-length: ['74']
      content-type: [application/json; charset=utf-8]
      date: ['Mon, 22 May 2017 05:25:00 GMT']
      expires: ['-1']
      location: ['https://management.azure.com/subscriptions/00000000-0000-0000-0000-000000000000/providers/Microsoft.DBforPostgreSQL/locations/westeurope/operationResults/46771233-2d50-4809-9eae-f1c7b37fb99b?api-version=2017-04-30-preview']
      pragma: [no-cache]
      retry-after: ['60']
      server: [Microsoft-HTTPAPI/2.0]
      strict-transport-security: [max-age=31536000; includeSubDomains]
      x-ms-ratelimit-remaining-subscription-writes: ['1191']
    status: {code: 202, message: Accepted}
- request:
    body: null
    headers:
      Accept: [application/json]
      Accept-Encoding: ['gzip, deflate']
      CommandName: [postgres server update]
      Connection: [keep-alive]
      Content-Type: [application/json; charset=utf-8]
      User-Agent: [python/3.6.1 (Windows-10-10.0.15063-SP0) requests/2.9.1 msrest/0.4.7
          msrest_azure/0.4.7 postgresqlmanagementclient/0.1.0 Azure-SDK-For-Python
          AZURECLI/2.0.6+dev]
      accept-language: [en-US]
    method: GET
    uri: https://management.azure.com/subscriptions/00000000-0000-0000-0000-000000000000/providers/Microsoft.DBforPostgreSQL/locations/westeurope/azureAsyncOperation/46771233-2d50-4809-9eae-f1c7b37fb99b?api-version=2017-04-30-preview
  response:
    body: {string: '{"name":"46771233-2d50-4809-9eae-f1c7b37fb99b","status":"Succeeded","startTime":"2017-05-22T05:25:00.853Z"}'}
    headers:
      cache-control: [no-cache]
      content-length: ['107']
      content-type: [application/json; charset=utf-8]
      date: ['Mon, 22 May 2017 05:26:03 GMT']
      expires: ['-1']
      pragma: [no-cache]
      server: [Microsoft-HTTPAPI/2.0]
      strict-transport-security: [max-age=31536000; includeSubDomains]
      transfer-encoding: [chunked]
      vary: [Accept-Encoding]
    status: {code: 200, message: OK}
- request:
    body: null
    headers:
      Accept: [application/json]
      Accept-Encoding: ['gzip, deflate']
      CommandName: [postgres server update]
      Connection: [keep-alive]
      Content-Type: [application/json; charset=utf-8]
      User-Agent: [python/3.6.1 (Windows-10-10.0.15063-SP0) requests/2.9.1 msrest/0.4.7
          msrest_azure/0.4.7 postgresqlmanagementclient/0.1.0 Azure-SDK-For-Python
          AZURECLI/2.0.6+dev]
      accept-language: [en-US]
    method: GET
    uri: https://management.azure.com/subscriptions/00000000-0000-0000-0000-000000000000/resourceGroups/clitest.rg000001/providers/Microsoft.DBforPostgreSQL/servers/azuredbclitest000003?api-version=2017-04-30-preview
  response:
    body: {string: '{"id":"/subscriptions/00000000-0000-0000-0000-000000000000/resourceGroups/clitest.rg000001/providers/Microsoft.DBforPostgreSQL/servers/azuredbclitest000003","name":"azuredbclitest000003","type":"Microsoft.DBforPostgreSQL/servers","location":"westeurope","sku":{"name":"PGSQLB100","tier":"Basic","capacity":100},"tags":{"key":"2"},"properties":{"administratorLogin":"cloudsa","storageMB":51200,"version":"9.5","sslEnforcement":"Enabled","userVisibleState":"Ready","fullyQualifiedDomainName":"azuredbclitest000003.postgres.database.azure.com"}}'}
    headers:
      cache-control: [no-cache]
      content-length: ['730']
      content-type: [application/json; charset=utf-8]
      date: ['Mon, 22 May 2017 05:26:04 GMT']
      expires: ['-1']
      pragma: [no-cache]
      server: [Microsoft-HTTPAPI/2.0]
      strict-transport-security: [max-age=31536000; includeSubDomains]
      transfer-encoding: [chunked]
      vary: [Accept-Encoding]
    status: {code: 200, message: OK}
- request:
    body: null
    headers:
      Accept: [application/json]
      Accept-Encoding: ['gzip, deflate']
      CommandName: [postgres server update]
      Connection: [keep-alive]
      Content-Type: [application/json; charset=utf-8]
      User-Agent: [python/3.6.1 (Windows-10-10.0.15063-SP0) requests/2.9.1 msrest/0.4.7
          msrest_azure/0.4.7 postgresqlmanagementclient/0.1.0 Azure-SDK-For-Python
          AZURECLI/2.0.6+dev]
      accept-language: [en-US]
    method: GET
    uri: https://management.azure.com/subscriptions/00000000-0000-0000-0000-000000000000/resourceGroups/clitest.rg000001/providers/Microsoft.DBforPostgreSQL/servers/azuredbclitest000003?api-version=2017-04-30-preview
  response:
    body: {string: '{"id":"/subscriptions/00000000-0000-0000-0000-000000000000/resourceGroups/clitest.rg000001/providers/Microsoft.DBforPostgreSQL/servers/azuredbclitest000003","name":"azuredbclitest000003","type":"Microsoft.DBforPostgreSQL/servers","location":"westeurope","sku":{"name":"PGSQLB100","tier":"Basic","capacity":100},"tags":{"key":"2"},"properties":{"administratorLogin":"cloudsa","storageMB":51200,"version":"9.5","sslEnforcement":"Enabled","userVisibleState":"Ready","fullyQualifiedDomainName":"azuredbclitest000003.postgres.database.azure.com"}}'}
    headers:
      cache-control: [no-cache]
      content-length: ['730']
      content-type: [application/json; charset=utf-8]
      date: ['Mon, 22 May 2017 05:26:07 GMT']
      expires: ['-1']
      pragma: [no-cache]
      server: [Microsoft-HTTPAPI/2.0]
      strict-transport-security: [max-age=31536000; includeSubDomains]
      transfer-encoding: [chunked]
      vary: [Accept-Encoding]
    status: {code: 200, message: OK}
- request:
    body: '{"tags": {"key": "3"}}'
    headers:
      Accept: [application/json]
      Accept-Encoding: ['gzip, deflate']
      CommandName: [postgres server update]
      Connection: [keep-alive]
      Content-Length: ['22']
      Content-Type: [application/json; charset=utf-8]
      User-Agent: [python/3.6.1 (Windows-10-10.0.15063-SP0) requests/2.9.1 msrest/0.4.7
          msrest_azure/0.4.7 postgresqlmanagementclient/0.1.0 Azure-SDK-For-Python
          AZURECLI/2.0.6+dev]
      accept-language: [en-US]
    method: PATCH
    uri: https://management.azure.com/subscriptions/00000000-0000-0000-0000-000000000000/resourceGroups/clitest.rg000001/providers/Microsoft.DBforPostgreSQL/servers/azuredbclitest000003?api-version=2017-04-30-preview
  response:
    body: {string: '{"operation":"UpsertElasticServer","startTime":"2017-05-22T05:26:08.66Z"}'}
    headers:
      azure-asyncoperation: ['https://management.azure.com/subscriptions/00000000-0000-0000-0000-000000000000/providers/Microsoft.DBforPostgreSQL/locations/westeurope/azureAsyncOperation/1673eae1-ae2c-4099-8ba3-db1e000dcc3d?api-version=2017-04-30-preview']
      cache-control: [no-cache]
      content-length: ['73']
      content-type: [application/json; charset=utf-8]
      date: ['Mon, 22 May 2017 05:26:09 GMT']
      expires: ['-1']
      location: ['https://management.azure.com/subscriptions/00000000-0000-0000-0000-000000000000/providers/Microsoft.DBforPostgreSQL/locations/westeurope/operationResults/1673eae1-ae2c-4099-8ba3-db1e000dcc3d?api-version=2017-04-30-preview']
      pragma: [no-cache]
      retry-after: ['60']
      server: [Microsoft-HTTPAPI/2.0]
      strict-transport-security: [max-age=31536000; includeSubDomains]
      x-ms-ratelimit-remaining-subscription-writes: ['1190']
    status: {code: 202, message: Accepted}
- request:
    body: null
    headers:
      Accept: [application/json]
      Accept-Encoding: ['gzip, deflate']
      CommandName: [postgres server update]
      Connection: [keep-alive]
      Content-Type: [application/json; charset=utf-8]
      User-Agent: [python/3.6.1 (Windows-10-10.0.15063-SP0) requests/2.9.1 msrest/0.4.7
          msrest_azure/0.4.7 postgresqlmanagementclient/0.1.0 Azure-SDK-For-Python
          AZURECLI/2.0.6+dev]
      accept-language: [en-US]
    method: GET
    uri: https://management.azure.com/subscriptions/00000000-0000-0000-0000-000000000000/providers/Microsoft.DBforPostgreSQL/locations/westeurope/azureAsyncOperation/1673eae1-ae2c-4099-8ba3-db1e000dcc3d?api-version=2017-04-30-preview
  response:
    body: {string: '{"name":"1673eae1-ae2c-4099-8ba3-db1e000dcc3d","status":"Succeeded","startTime":"2017-05-22T05:26:08.66Z"}'}
    headers:
      cache-control: [no-cache]
      content-length: ['106']
      content-type: [application/json; charset=utf-8]
      date: ['Mon, 22 May 2017 05:27:12 GMT']
      expires: ['-1']
      pragma: [no-cache]
      server: [Microsoft-HTTPAPI/2.0]
      strict-transport-security: [max-age=31536000; includeSubDomains]
      transfer-encoding: [chunked]
      vary: [Accept-Encoding]
    status: {code: 200, message: OK}
- request:
    body: null
    headers:
      Accept: [application/json]
      Accept-Encoding: ['gzip, deflate']
      CommandName: [postgres server update]
      Connection: [keep-alive]
      Content-Type: [application/json; charset=utf-8]
      User-Agent: [python/3.6.1 (Windows-10-10.0.15063-SP0) requests/2.9.1 msrest/0.4.7
          msrest_azure/0.4.7 postgresqlmanagementclient/0.1.0 Azure-SDK-For-Python
          AZURECLI/2.0.6+dev]
      accept-language: [en-US]
    method: GET
    uri: https://management.azure.com/subscriptions/00000000-0000-0000-0000-000000000000/resourceGroups/clitest.rg000001/providers/Microsoft.DBforPostgreSQL/servers/azuredbclitest000003?api-version=2017-04-30-preview
  response:
    body: {string: '{"id":"/subscriptions/00000000-0000-0000-0000-000000000000/resourceGroups/clitest.rg000001/providers/Microsoft.DBforPostgreSQL/servers/azuredbclitest000003","name":"azuredbclitest000003","type":"Microsoft.DBforPostgreSQL/servers","location":"westeurope","sku":{"name":"PGSQLB100","tier":"Basic","capacity":100},"tags":{"key":"3"},"properties":{"administratorLogin":"cloudsa","storageMB":51200,"version":"9.5","sslEnforcement":"Enabled","userVisibleState":"Ready","fullyQualifiedDomainName":"azuredbclitest000003.postgres.database.azure.com"}}'}
    headers:
      cache-control: [no-cache]
      content-length: ['730']
      content-type: [application/json; charset=utf-8]
      date: ['Mon, 22 May 2017 05:27:13 GMT']
      expires: ['-1']
      pragma: [no-cache]
      server: [Microsoft-HTTPAPI/2.0]
      strict-transport-security: [max-age=31536000; includeSubDomains]
      transfer-encoding: [chunked]
      vary: [Accept-Encoding]
    status: {code: 200, message: OK}
- request:
    body: null
    headers:
      Accept: [application/json]
      Accept-Encoding: ['gzip, deflate']
      CommandName: [postgres server restore]
      Connection: [keep-alive]
      Content-Type: [application/json; charset=utf-8]
      User-Agent: [python/3.6.1 (Windows-10-10.0.15063-SP0) requests/2.9.1 msrest/0.4.7
          msrest_azure/0.4.7 postgresqlmanagementclient/0.1.0 Azure-SDK-For-Python
          AZURECLI/2.0.6+dev]
      accept-language: [en-US]
    method: GET
    uri: https://management.azure.com/subscriptions/00000000-0000-0000-0000-000000000000/resourceGroups/clitest.rg000001/providers/Microsoft.DBforPostgreSQL/servers/azuredbclitest000003?api-version=2017-04-30-preview
  response:
    body: {string: '{"id":"/subscriptions/00000000-0000-0000-0000-000000000000/resourceGroups/clitest.rg000001/providers/Microsoft.DBforPostgreSQL/servers/azuredbclitest000003","name":"azuredbclitest000003","type":"Microsoft.DBforPostgreSQL/servers","location":"westeurope","sku":{"name":"PGSQLB100","tier":"Basic","capacity":100},"tags":{"key":"3"},"properties":{"administratorLogin":"cloudsa","storageMB":51200,"version":"9.5","sslEnforcement":"Enabled","userVisibleState":"Ready","fullyQualifiedDomainName":"azuredbclitest000003.postgres.database.azure.com"}}'}
    headers:
      cache-control: [no-cache]
      content-length: ['730']
      content-type: [application/json; charset=utf-8]
      date: ['Mon, 22 May 2017 05:32:16 GMT']
      expires: ['-1']
      pragma: [no-cache]
      server: [Microsoft-HTTPAPI/2.0]
      strict-transport-security: [max-age=31536000; includeSubDomains]
      transfer-encoding: [chunked]
      vary: [Accept-Encoding]
    status: {code: 200, message: OK}
- request:
    body: 'b''b\''{"properties": {"createMode": "PointInTimeRestore", "sourceServerId":
      "/subscriptions/2941a09d-7bcf-42fe-91ca-1765f521c829/resourceGroups/clitest.rg000001/providers/Microsoft.DBforPostgreSQL/servers/azuredbclitest000003",
      "restorePointInTime": "2017-05-22T05:32:14.683871Z"}, "location": "westeurope"}\'''''
    headers:
      Accept: [application/json]
      Accept-Encoding: ['gzip, deflate']
      CommandName: [postgres server restore]
      Connection: [keep-alive]
      Content-Length: ['403']
      Content-Type: [application/json; charset=utf-8]
      User-Agent: [python/3.6.1 (Windows-10-10.0.15063-SP0) requests/2.9.1 msrest/0.4.7
          msrest_azure/0.4.7 postgresqlmanagementclient/0.1.0 Azure-SDK-For-Python
          AZURECLI/2.0.6+dev]
      accept-language: [en-US]
    method: PUT
    uri: https://management.azure.com/subscriptions/00000000-0000-0000-0000-000000000000/resourceGroups/clitest.rg000002/providers/Microsoft.DBforPostgreSQL/servers/azuredbclirestore000004?api-version=2017-04-30-preview
  response:
    body: {string: '{"operation":"RestoreElasticServer","startTime":"2017-05-22T05:32:18.543Z"}'}
    headers:
      azure-asyncoperation: ['https://management.azure.com/subscriptions/00000000-0000-0000-0000-000000000000/providers/Microsoft.DBforPostgreSQL/locations/westeurope/azureAsyncOperation/b9658b95-e1fd-4de6-8062-ed6f8cb87ed0?api-version=2017-04-30-preview']
      cache-control: [no-cache]
      content-length: ['75']
      content-type: [application/json; charset=utf-8]
      date: ['Mon, 22 May 2017 05:32:20 GMT']
      expires: ['-1']
      location: ['https://management.azure.com/subscriptions/00000000-0000-0000-0000-000000000000/providers/Microsoft.DBforPostgreSQL/locations/westeurope/operationResults/b9658b95-e1fd-4de6-8062-ed6f8cb87ed0?api-version=2017-04-30-preview']
      pragma: [no-cache]
      retry-after: ['10']
      server: [Microsoft-HTTPAPI/2.0]
      strict-transport-security: [max-age=31536000; includeSubDomains]
      x-ms-ratelimit-remaining-subscription-writes: ['1196']
    status: {code: 202, message: Accepted}
- request:
    body: null
    headers:
      Accept: [application/json]
      Accept-Encoding: ['gzip, deflate']
      CommandName: [postgres server restore]
      Connection: [keep-alive]
      Content-Type: [application/json; charset=utf-8]
      User-Agent: [python/3.6.1 (Windows-10-10.0.15063-SP0) requests/2.9.1 msrest/0.4.7
          msrest_azure/0.4.7 postgresqlmanagementclient/0.1.0 Azure-SDK-For-Python
          AZURECLI/2.0.6+dev]
      accept-language: [en-US]
    method: GET
    uri: https://management.azure.com/subscriptions/00000000-0000-0000-0000-000000000000/providers/Microsoft.DBforPostgreSQL/locations/westeurope/azureAsyncOperation/b9658b95-e1fd-4de6-8062-ed6f8cb87ed0?api-version=2017-04-30-preview
  response:
    body: {string: '{"name":"b9658b95-e1fd-4de6-8062-ed6f8cb87ed0","status":"InProgress","startTime":"2017-05-22T05:32:18.543Z"}'}
    headers:
      cache-control: [no-cache]
      content-length: ['108']
      content-type: [application/json; charset=utf-8]
      date: ['Mon, 22 May 2017 05:32:32 GMT']
      expires: ['-1']
      pragma: [no-cache]
      server: [Microsoft-HTTPAPI/2.0]
      strict-transport-security: [max-age=31536000; includeSubDomains]
      transfer-encoding: [chunked]
      vary: [Accept-Encoding]
    status: {code: 200, message: OK}
- request:
    body: null
    headers:
      Accept: [application/json]
      Accept-Encoding: ['gzip, deflate']
      CommandName: [postgres server restore]
      Connection: [keep-alive]
      Content-Type: [application/json; charset=utf-8]
      User-Agent: [python/3.6.1 (Windows-10-10.0.15063-SP0) requests/2.9.1 msrest/0.4.7
          msrest_azure/0.4.7 postgresqlmanagementclient/0.1.0 Azure-SDK-For-Python
          AZURECLI/2.0.6+dev]
      accept-language: [en-US]
    method: GET
    uri: https://management.azure.com/subscriptions/00000000-0000-0000-0000-000000000000/providers/Microsoft.DBforPostgreSQL/locations/westeurope/azureAsyncOperation/b9658b95-e1fd-4de6-8062-ed6f8cb87ed0?api-version=2017-04-30-preview
  response:
    body: {string: '{"name":"b9658b95-e1fd-4de6-8062-ed6f8cb87ed0","status":"InProgress","startTime":"2017-05-22T05:32:18.543Z"}'}
    headers:
      cache-control: [no-cache]
      content-length: ['108']
      content-type: [application/json; charset=utf-8]
      date: ['Mon, 22 May 2017 05:33:04 GMT']
      expires: ['-1']
      pragma: [no-cache]
      server: [Microsoft-HTTPAPI/2.0]
      strict-transport-security: [max-age=31536000; includeSubDomains]
      transfer-encoding: [chunked]
      vary: [Accept-Encoding]
    status: {code: 200, message: OK}
- request:
    body: null
    headers:
      Accept: [application/json]
      Accept-Encoding: ['gzip, deflate']
      CommandName: [postgres server restore]
      Connection: [keep-alive]
      Content-Type: [application/json; charset=utf-8]
      User-Agent: [python/3.6.1 (Windows-10-10.0.15063-SP0) requests/2.9.1 msrest/0.4.7
          msrest_azure/0.4.7 postgresqlmanagementclient/0.1.0 Azure-SDK-For-Python
          AZURECLI/2.0.6+dev]
      accept-language: [en-US]
    method: GET
    uri: https://management.azure.com/subscriptions/00000000-0000-0000-0000-000000000000/providers/Microsoft.DBforPostgreSQL/locations/westeurope/azureAsyncOperation/b9658b95-e1fd-4de6-8062-ed6f8cb87ed0?api-version=2017-04-30-preview
  response:
    body: {string: '{"name":"b9658b95-e1fd-4de6-8062-ed6f8cb87ed0","status":"InProgress","startTime":"2017-05-22T05:32:18.543Z"}'}
    headers:
      cache-control: [no-cache]
      content-length: ['108']
      content-type: [application/json; charset=utf-8]
      date: ['Mon, 22 May 2017 05:33:36 GMT']
      expires: ['-1']
      pragma: [no-cache]
      server: [Microsoft-HTTPAPI/2.0]
      strict-transport-security: [max-age=31536000; includeSubDomains]
      transfer-encoding: [chunked]
      vary: [Accept-Encoding]
    status: {code: 200, message: OK}
- request:
    body: null
    headers:
      Accept: [application/json]
      Accept-Encoding: ['gzip, deflate']
      CommandName: [postgres server restore]
      Connection: [keep-alive]
      Content-Type: [application/json; charset=utf-8]
      User-Agent: [python/3.6.1 (Windows-10-10.0.15063-SP0) requests/2.9.1 msrest/0.4.7
          msrest_azure/0.4.7 postgresqlmanagementclient/0.1.0 Azure-SDK-For-Python
          AZURECLI/2.0.6+dev]
      accept-language: [en-US]
    method: GET
    uri: https://management.azure.com/subscriptions/00000000-0000-0000-0000-000000000000/providers/Microsoft.DBforPostgreSQL/locations/westeurope/azureAsyncOperation/b9658b95-e1fd-4de6-8062-ed6f8cb87ed0?api-version=2017-04-30-preview
  response:
    body: {string: '{"name":"b9658b95-e1fd-4de6-8062-ed6f8cb87ed0","status":"InProgress","startTime":"2017-05-22T05:32:18.543Z"}'}
    headers:
      cache-control: [no-cache]
      content-length: ['108']
      content-type: [application/json; charset=utf-8]
      date: ['Mon, 22 May 2017 05:34:07 GMT']
      expires: ['-1']
      pragma: [no-cache]
      server: [Microsoft-HTTPAPI/2.0]
      strict-transport-security: [max-age=31536000; includeSubDomains]
      transfer-encoding: [chunked]
      vary: [Accept-Encoding]
    status: {code: 200, message: OK}
- request:
    body: null
    headers:
      Accept: [application/json]
      Accept-Encoding: ['gzip, deflate']
      CommandName: [postgres server restore]
      Connection: [keep-alive]
      Content-Type: [application/json; charset=utf-8]
      User-Agent: [python/3.6.1 (Windows-10-10.0.15063-SP0) requests/2.9.1 msrest/0.4.7
          msrest_azure/0.4.7 postgresqlmanagementclient/0.1.0 Azure-SDK-For-Python
          AZURECLI/2.0.6+dev]
      accept-language: [en-US]
    method: GET
    uri: https://management.azure.com/subscriptions/00000000-0000-0000-0000-000000000000/providers/Microsoft.DBforPostgreSQL/locations/westeurope/azureAsyncOperation/b9658b95-e1fd-4de6-8062-ed6f8cb87ed0?api-version=2017-04-30-preview
  response:
    body: {string: '{"name":"b9658b95-e1fd-4de6-8062-ed6f8cb87ed0","status":"InProgress","startTime":"2017-05-22T05:32:18.543Z"}'}
    headers:
      cache-control: [no-cache]
      content-length: ['108']
      content-type: [application/json; charset=utf-8]
      date: ['Mon, 22 May 2017 05:34:39 GMT']
      expires: ['-1']
      pragma: [no-cache]
      server: [Microsoft-HTTPAPI/2.0]
      strict-transport-security: [max-age=31536000; includeSubDomains]
      transfer-encoding: [chunked]
      vary: [Accept-Encoding]
    status: {code: 200, message: OK}
- request:
    body: null
    headers:
      Accept: [application/json]
      Accept-Encoding: ['gzip, deflate']
      CommandName: [postgres server restore]
      Connection: [keep-alive]
      Content-Type: [application/json; charset=utf-8]
      User-Agent: [python/3.6.1 (Windows-10-10.0.15063-SP0) requests/2.9.1 msrest/0.4.7
          msrest_azure/0.4.7 postgresqlmanagementclient/0.1.0 Azure-SDK-For-Python
          AZURECLI/2.0.6+dev]
      accept-language: [en-US]
    method: GET
    uri: https://management.azure.com/subscriptions/00000000-0000-0000-0000-000000000000/providers/Microsoft.DBforPostgreSQL/locations/westeurope/azureAsyncOperation/b9658b95-e1fd-4de6-8062-ed6f8cb87ed0?api-version=2017-04-30-preview
  response:
    body: {string: '{"name":"b9658b95-e1fd-4de6-8062-ed6f8cb87ed0","status":"InProgress","startTime":"2017-05-22T05:32:18.543Z"}'}
    headers:
      cache-control: [no-cache]
      content-length: ['108']
      content-type: [application/json; charset=utf-8]
      date: ['Mon, 22 May 2017 05:35:09 GMT']
      expires: ['-1']
      pragma: [no-cache]
      server: [Microsoft-HTTPAPI/2.0]
      strict-transport-security: [max-age=31536000; includeSubDomains]
      transfer-encoding: [chunked]
      vary: [Accept-Encoding]
    status: {code: 200, message: OK}
- request:
    body: null
    headers:
      Accept: [application/json]
      Accept-Encoding: ['gzip, deflate']
      CommandName: [postgres server restore]
      Connection: [keep-alive]
      Content-Type: [application/json; charset=utf-8]
      User-Agent: [python/3.6.1 (Windows-10-10.0.15063-SP0) requests/2.9.1 msrest/0.4.7
          msrest_azure/0.4.7 postgresqlmanagementclient/0.1.0 Azure-SDK-For-Python
          AZURECLI/2.0.6+dev]
      accept-language: [en-US]
    method: GET
    uri: https://management.azure.com/subscriptions/00000000-0000-0000-0000-000000000000/providers/Microsoft.DBforPostgreSQL/locations/westeurope/azureAsyncOperation/b9658b95-e1fd-4de6-8062-ed6f8cb87ed0?api-version=2017-04-30-preview
  response:
    body: {string: '{"name":"b9658b95-e1fd-4de6-8062-ed6f8cb87ed0","status":"InProgress","startTime":"2017-05-22T05:32:18.543Z"}'}
    headers:
      cache-control: [no-cache]
      content-length: ['108']
      content-type: [application/json; charset=utf-8]
      date: ['Mon, 22 May 2017 05:35:40 GMT']
      expires: ['-1']
      pragma: [no-cache]
      server: [Microsoft-HTTPAPI/2.0]
      strict-transport-security: [max-age=31536000; includeSubDomains]
      transfer-encoding: [chunked]
      vary: [Accept-Encoding]
    status: {code: 200, message: OK}
- request:
    body: null
    headers:
      Accept: [application/json]
      Accept-Encoding: ['gzip, deflate']
      CommandName: [postgres server restore]
      Connection: [keep-alive]
      Content-Type: [application/json; charset=utf-8]
      User-Agent: [python/3.6.1 (Windows-10-10.0.15063-SP0) requests/2.9.1 msrest/0.4.7
          msrest_azure/0.4.7 postgresqlmanagementclient/0.1.0 Azure-SDK-For-Python
          AZURECLI/2.0.6+dev]
      accept-language: [en-US]
    method: GET
    uri: https://management.azure.com/subscriptions/00000000-0000-0000-0000-000000000000/providers/Microsoft.DBforPostgreSQL/locations/westeurope/azureAsyncOperation/b9658b95-e1fd-4de6-8062-ed6f8cb87ed0?api-version=2017-04-30-preview
  response:
    body: {string: '{"name":"b9658b95-e1fd-4de6-8062-ed6f8cb87ed0","status":"InProgress","startTime":"2017-05-22T05:32:18.543Z"}'}
    headers:
      cache-control: [no-cache]
      content-length: ['108']
      content-type: [application/json; charset=utf-8]
      date: ['Mon, 22 May 2017 05:36:12 GMT']
      expires: ['-1']
      pragma: [no-cache]
      server: [Microsoft-HTTPAPI/2.0]
      strict-transport-security: [max-age=31536000; includeSubDomains]
      transfer-encoding: [chunked]
      vary: [Accept-Encoding]
    status: {code: 200, message: OK}
- request:
    body: null
    headers:
      Accept: [application/json]
      Accept-Encoding: ['gzip, deflate']
      CommandName: [postgres server restore]
      Connection: [keep-alive]
      Content-Type: [application/json; charset=utf-8]
      User-Agent: [python/3.6.1 (Windows-10-10.0.15063-SP0) requests/2.9.1 msrest/0.4.7
          msrest_azure/0.4.7 postgresqlmanagementclient/0.1.0 Azure-SDK-For-Python
          AZURECLI/2.0.6+dev]
      accept-language: [en-US]
    method: GET
    uri: https://management.azure.com/subscriptions/00000000-0000-0000-0000-000000000000/providers/Microsoft.DBforPostgreSQL/locations/westeurope/azureAsyncOperation/b9658b95-e1fd-4de6-8062-ed6f8cb87ed0?api-version=2017-04-30-preview
  response:
    body: {string: '{"name":"b9658b95-e1fd-4de6-8062-ed6f8cb87ed0","status":"InProgress","startTime":"2017-05-22T05:32:18.543Z"}'}
    headers:
      cache-control: [no-cache]
      content-length: ['108']
      content-type: [application/json; charset=utf-8]
      date: ['Mon, 22 May 2017 05:36:45 GMT']
      expires: ['-1']
      pragma: [no-cache]
      server: [Microsoft-HTTPAPI/2.0]
      strict-transport-security: [max-age=31536000; includeSubDomains]
      transfer-encoding: [chunked]
      vary: [Accept-Encoding]
    status: {code: 200, message: OK}
- request:
    body: null
    headers:
      Accept: [application/json]
      Accept-Encoding: ['gzip, deflate']
      CommandName: [postgres server restore]
      Connection: [keep-alive]
      Content-Type: [application/json; charset=utf-8]
      User-Agent: [python/3.6.1 (Windows-10-10.0.15063-SP0) requests/2.9.1 msrest/0.4.7
          msrest_azure/0.4.7 postgresqlmanagementclient/0.1.0 Azure-SDK-For-Python
          AZURECLI/2.0.6+dev]
      accept-language: [en-US]
    method: GET
    uri: https://management.azure.com/subscriptions/00000000-0000-0000-0000-000000000000/providers/Microsoft.DBforPostgreSQL/locations/westeurope/azureAsyncOperation/b9658b95-e1fd-4de6-8062-ed6f8cb87ed0?api-version=2017-04-30-preview
  response:
    body: {string: '{"name":"b9658b95-e1fd-4de6-8062-ed6f8cb87ed0","status":"InProgress","startTime":"2017-05-22T05:32:18.543Z"}'}
    headers:
      cache-control: [no-cache]
      content-length: ['108']
      content-type: [application/json; charset=utf-8]
      date: ['Mon, 22 May 2017 05:37:17 GMT']
      expires: ['-1']
      pragma: [no-cache]
      server: [Microsoft-HTTPAPI/2.0]
      strict-transport-security: [max-age=31536000; includeSubDomains]
      transfer-encoding: [chunked]
      vary: [Accept-Encoding]
    status: {code: 200, message: OK}
- request:
    body: null
    headers:
      Accept: [application/json]
      Accept-Encoding: ['gzip, deflate']
      CommandName: [postgres server restore]
      Connection: [keep-alive]
      Content-Type: [application/json; charset=utf-8]
      User-Agent: [python/3.6.1 (Windows-10-10.0.15063-SP0) requests/2.9.1 msrest/0.4.7
          msrest_azure/0.4.7 postgresqlmanagementclient/0.1.0 Azure-SDK-For-Python
          AZURECLI/2.0.6+dev]
      accept-language: [en-US]
    method: GET
    uri: https://management.azure.com/subscriptions/00000000-0000-0000-0000-000000000000/providers/Microsoft.DBforPostgreSQL/locations/westeurope/azureAsyncOperation/b9658b95-e1fd-4de6-8062-ed6f8cb87ed0?api-version=2017-04-30-preview
  response:
    body: {string: '{"name":"b9658b95-e1fd-4de6-8062-ed6f8cb87ed0","status":"InProgress","startTime":"2017-05-22T05:32:18.543Z"}'}
    headers:
      cache-control: [no-cache]
      content-length: ['108']
      content-type: [application/json; charset=utf-8]
      date: ['Mon, 22 May 2017 05:37:49 GMT']
      expires: ['-1']
      pragma: [no-cache]
      server: [Microsoft-HTTPAPI/2.0]
      strict-transport-security: [max-age=31536000; includeSubDomains]
      transfer-encoding: [chunked]
      vary: [Accept-Encoding]
    status: {code: 200, message: OK}
- request:
    body: null
    headers:
      Accept: [application/json]
      Accept-Encoding: ['gzip, deflate']
      CommandName: [postgres server restore]
      Connection: [keep-alive]
      Content-Type: [application/json; charset=utf-8]
      User-Agent: [python/3.6.1 (Windows-10-10.0.15063-SP0) requests/2.9.1 msrest/0.4.7
          msrest_azure/0.4.7 postgresqlmanagementclient/0.1.0 Azure-SDK-For-Python
          AZURECLI/2.0.6+dev]
      accept-language: [en-US]
    method: GET
    uri: https://management.azure.com/subscriptions/00000000-0000-0000-0000-000000000000/providers/Microsoft.DBforPostgreSQL/locations/westeurope/azureAsyncOperation/b9658b95-e1fd-4de6-8062-ed6f8cb87ed0?api-version=2017-04-30-preview
  response:
    body: {string: '{"name":"b9658b95-e1fd-4de6-8062-ed6f8cb87ed0","status":"InProgress","startTime":"2017-05-22T05:32:18.543Z"}'}
    headers:
      cache-control: [no-cache]
      content-length: ['108']
      content-type: [application/json; charset=utf-8]
      date: ['Mon, 22 May 2017 05:38:21 GMT']
      expires: ['-1']
      pragma: [no-cache]
      server: [Microsoft-HTTPAPI/2.0]
      strict-transport-security: [max-age=31536000; includeSubDomains]
      transfer-encoding: [chunked]
      vary: [Accept-Encoding]
    status: {code: 200, message: OK}
- request:
    body: null
    headers:
      Accept: [application/json]
      Accept-Encoding: ['gzip, deflate']
      CommandName: [postgres server restore]
      Connection: [keep-alive]
      Content-Type: [application/json; charset=utf-8]
      User-Agent: [python/3.6.1 (Windows-10-10.0.15063-SP0) requests/2.9.1 msrest/0.4.7
          msrest_azure/0.4.7 postgresqlmanagementclient/0.1.0 Azure-SDK-For-Python
          AZURECLI/2.0.6+dev]
      accept-language: [en-US]
    method: GET
    uri: https://management.azure.com/subscriptions/00000000-0000-0000-0000-000000000000/providers/Microsoft.DBforPostgreSQL/locations/westeurope/azureAsyncOperation/b9658b95-e1fd-4de6-8062-ed6f8cb87ed0?api-version=2017-04-30-preview
  response:
    body: {string: '{"name":"b9658b95-e1fd-4de6-8062-ed6f8cb87ed0","status":"InProgress","startTime":"2017-05-22T05:32:18.543Z"}'}
    headers:
      cache-control: [no-cache]
      content-length: ['108']
      content-type: [application/json; charset=utf-8]
      date: ['Mon, 22 May 2017 05:38:53 GMT']
      expires: ['-1']
      pragma: [no-cache]
      server: [Microsoft-HTTPAPI/2.0]
      strict-transport-security: [max-age=31536000; includeSubDomains]
      transfer-encoding: [chunked]
      vary: [Accept-Encoding]
    status: {code: 200, message: OK}
- request:
    body: null
    headers:
      Accept: [application/json]
      Accept-Encoding: ['gzip, deflate']
      CommandName: [postgres server restore]
      Connection: [keep-alive]
      Content-Type: [application/json; charset=utf-8]
      User-Agent: [python/3.6.1 (Windows-10-10.0.15063-SP0) requests/2.9.1 msrest/0.4.7
          msrest_azure/0.4.7 postgresqlmanagementclient/0.1.0 Azure-SDK-For-Python
          AZURECLI/2.0.6+dev]
      accept-language: [en-US]
    method: GET
    uri: https://management.azure.com/subscriptions/00000000-0000-0000-0000-000000000000/providers/Microsoft.DBforPostgreSQL/locations/westeurope/azureAsyncOperation/b9658b95-e1fd-4de6-8062-ed6f8cb87ed0?api-version=2017-04-30-preview
  response:
    body: {string: '{"name":"b9658b95-e1fd-4de6-8062-ed6f8cb87ed0","status":"InProgress","startTime":"2017-05-22T05:32:18.543Z"}'}
    headers:
      cache-control: [no-cache]
      content-length: ['108']
      content-type: [application/json; charset=utf-8]
      date: ['Mon, 22 May 2017 05:39:25 GMT']
      expires: ['-1']
      pragma: [no-cache]
      server: [Microsoft-HTTPAPI/2.0]
      strict-transport-security: [max-age=31536000; includeSubDomains]
      transfer-encoding: [chunked]
      vary: [Accept-Encoding]
    status: {code: 200, message: OK}
- request:
    body: null
    headers:
      Accept: [application/json]
      Accept-Encoding: ['gzip, deflate']
      CommandName: [postgres server restore]
      Connection: [keep-alive]
      Content-Type: [application/json; charset=utf-8]
      User-Agent: [python/3.6.1 (Windows-10-10.0.15063-SP0) requests/2.9.1 msrest/0.4.7
          msrest_azure/0.4.7 postgresqlmanagementclient/0.1.0 Azure-SDK-For-Python
          AZURECLI/2.0.6+dev]
      accept-language: [en-US]
    method: GET
    uri: https://management.azure.com/subscriptions/00000000-0000-0000-0000-000000000000/providers/Microsoft.DBforPostgreSQL/locations/westeurope/azureAsyncOperation/b9658b95-e1fd-4de6-8062-ed6f8cb87ed0?api-version=2017-04-30-preview
  response:
    body: {string: '{"name":"b9658b95-e1fd-4de6-8062-ed6f8cb87ed0","status":"InProgress","startTime":"2017-05-22T05:32:18.543Z"}'}
    headers:
      cache-control: [no-cache]
      content-length: ['108']
      content-type: [application/json; charset=utf-8]
      date: ['Mon, 22 May 2017 05:39:57 GMT']
      expires: ['-1']
      pragma: [no-cache]
      server: [Microsoft-HTTPAPI/2.0]
      strict-transport-security: [max-age=31536000; includeSubDomains]
      transfer-encoding: [chunked]
      vary: [Accept-Encoding]
    status: {code: 200, message: OK}
- request:
    body: null
    headers:
      Accept: [application/json]
      Accept-Encoding: ['gzip, deflate']
      CommandName: [postgres server restore]
      Connection: [keep-alive]
      Content-Type: [application/json; charset=utf-8]
      User-Agent: [python/3.6.1 (Windows-10-10.0.15063-SP0) requests/2.9.1 msrest/0.4.7
          msrest_azure/0.4.7 postgresqlmanagementclient/0.1.0 Azure-SDK-For-Python
          AZURECLI/2.0.6+dev]
      accept-language: [en-US]
    method: GET
    uri: https://management.azure.com/subscriptions/00000000-0000-0000-0000-000000000000/providers/Microsoft.DBforPostgreSQL/locations/westeurope/azureAsyncOperation/b9658b95-e1fd-4de6-8062-ed6f8cb87ed0?api-version=2017-04-30-preview
  response:
    body: {string: '{"name":"b9658b95-e1fd-4de6-8062-ed6f8cb87ed0","status":"InProgress","startTime":"2017-05-22T05:32:18.543Z"}'}
    headers:
      cache-control: [no-cache]
      content-length: ['108']
      content-type: [application/json; charset=utf-8]
      date: ['Mon, 22 May 2017 05:40:30 GMT']
      expires: ['-1']
      pragma: [no-cache]
      server: [Microsoft-HTTPAPI/2.0]
      strict-transport-security: [max-age=31536000; includeSubDomains]
      transfer-encoding: [chunked]
      vary: [Accept-Encoding]
    status: {code: 200, message: OK}
- request:
    body: null
    headers:
      Accept: [application/json]
      Accept-Encoding: ['gzip, deflate']
      CommandName: [postgres server restore]
      Connection: [keep-alive]
      Content-Type: [application/json; charset=utf-8]
      User-Agent: [python/3.6.1 (Windows-10-10.0.15063-SP0) requests/2.9.1 msrest/0.4.7
          msrest_azure/0.4.7 postgresqlmanagementclient/0.1.0 Azure-SDK-For-Python
          AZURECLI/2.0.6+dev]
      accept-language: [en-US]
    method: GET
    uri: https://management.azure.com/subscriptions/00000000-0000-0000-0000-000000000000/providers/Microsoft.DBforPostgreSQL/locations/westeurope/azureAsyncOperation/b9658b95-e1fd-4de6-8062-ed6f8cb87ed0?api-version=2017-04-30-preview
  response:
    body: {string: '{"name":"b9658b95-e1fd-4de6-8062-ed6f8cb87ed0","status":"InProgress","startTime":"2017-05-22T05:32:18.543Z"}'}
    headers:
      cache-control: [no-cache]
      content-length: ['108']
      content-type: [application/json; charset=utf-8]
      date: ['Mon, 22 May 2017 05:41:00 GMT']
      expires: ['-1']
      pragma: [no-cache]
      server: [Microsoft-HTTPAPI/2.0]
      strict-transport-security: [max-age=31536000; includeSubDomains]
      transfer-encoding: [chunked]
      vary: [Accept-Encoding]
    status: {code: 200, message: OK}
- request:
    body: null
    headers:
      Accept: [application/json]
      Accept-Encoding: ['gzip, deflate']
      CommandName: [postgres server restore]
      Connection: [keep-alive]
      Content-Type: [application/json; charset=utf-8]
      User-Agent: [python/3.6.1 (Windows-10-10.0.15063-SP0) requests/2.9.1 msrest/0.4.7
          msrest_azure/0.4.7 postgresqlmanagementclient/0.1.0 Azure-SDK-For-Python
          AZURECLI/2.0.6+dev]
      accept-language: [en-US]
    method: GET
    uri: https://management.azure.com/subscriptions/00000000-0000-0000-0000-000000000000/providers/Microsoft.DBforPostgreSQL/locations/westeurope/azureAsyncOperation/b9658b95-e1fd-4de6-8062-ed6f8cb87ed0?api-version=2017-04-30-preview
  response:
    body: {string: '{"name":"b9658b95-e1fd-4de6-8062-ed6f8cb87ed0","status":"InProgress","startTime":"2017-05-22T05:32:18.543Z"}'}
    headers:
      cache-control: [no-cache]
      content-length: ['108']
      content-type: [application/json; charset=utf-8]
      date: ['Mon, 22 May 2017 05:41:32 GMT']
      expires: ['-1']
      pragma: [no-cache]
      server: [Microsoft-HTTPAPI/2.0]
      strict-transport-security: [max-age=31536000; includeSubDomains]
      transfer-encoding: [chunked]
      vary: [Accept-Encoding]
    status: {code: 200, message: OK}
- request:
    body: null
    headers:
      Accept: [application/json]
      Accept-Encoding: ['gzip, deflate']
      CommandName: [postgres server restore]
      Connection: [keep-alive]
      Content-Type: [application/json; charset=utf-8]
      User-Agent: [python/3.6.1 (Windows-10-10.0.15063-SP0) requests/2.9.1 msrest/0.4.7
          msrest_azure/0.4.7 postgresqlmanagementclient/0.1.0 Azure-SDK-For-Python
          AZURECLI/2.0.6+dev]
      accept-language: [en-US]
    method: GET
    uri: https://management.azure.com/subscriptions/00000000-0000-0000-0000-000000000000/providers/Microsoft.DBforPostgreSQL/locations/westeurope/azureAsyncOperation/b9658b95-e1fd-4de6-8062-ed6f8cb87ed0?api-version=2017-04-30-preview
  response:
    body: {string: '{"name":"b9658b95-e1fd-4de6-8062-ed6f8cb87ed0","status":"InProgress","startTime":"2017-05-22T05:32:18.543Z"}'}
    headers:
      cache-control: [no-cache]
      content-length: ['108']
      content-type: [application/json; charset=utf-8]
      date: ['Mon, 22 May 2017 05:42:03 GMT']
      expires: ['-1']
      pragma: [no-cache]
      server: [Microsoft-HTTPAPI/2.0]
      strict-transport-security: [max-age=31536000; includeSubDomains]
      transfer-encoding: [chunked]
      vary: [Accept-Encoding]
    status: {code: 200, message: OK}
- request:
    body: null
    headers:
      Accept: [application/json]
      Accept-Encoding: ['gzip, deflate']
      CommandName: [postgres server restore]
      Connection: [keep-alive]
      Content-Type: [application/json; charset=utf-8]
      User-Agent: [python/3.6.1 (Windows-10-10.0.15063-SP0) requests/2.9.1 msrest/0.4.7
          msrest_azure/0.4.7 postgresqlmanagementclient/0.1.0 Azure-SDK-For-Python
          AZURECLI/2.0.6+dev]
      accept-language: [en-US]
    method: GET
    uri: https://management.azure.com/subscriptions/00000000-0000-0000-0000-000000000000/providers/Microsoft.DBforPostgreSQL/locations/westeurope/azureAsyncOperation/b9658b95-e1fd-4de6-8062-ed6f8cb87ed0?api-version=2017-04-30-preview
  response:
    body: {string: '{"name":"b9658b95-e1fd-4de6-8062-ed6f8cb87ed0","status":"InProgress","startTime":"2017-05-22T05:32:18.543Z"}'}
    headers:
      cache-control: [no-cache]
      content-length: ['108']
      content-type: [application/json; charset=utf-8]
      date: ['Mon, 22 May 2017 05:42:35 GMT']
      expires: ['-1']
      pragma: [no-cache]
      server: [Microsoft-HTTPAPI/2.0]
      strict-transport-security: [max-age=31536000; includeSubDomains]
      transfer-encoding: [chunked]
      vary: [Accept-Encoding]
    status: {code: 200, message: OK}
- request:
    body: null
    headers:
      Accept: [application/json]
      Accept-Encoding: ['gzip, deflate']
      CommandName: [postgres server restore]
      Connection: [keep-alive]
      Content-Type: [application/json; charset=utf-8]
      User-Agent: [python/3.6.1 (Windows-10-10.0.15063-SP0) requests/2.9.1 msrest/0.4.7
          msrest_azure/0.4.7 postgresqlmanagementclient/0.1.0 Azure-SDK-For-Python
          AZURECLI/2.0.6+dev]
      accept-language: [en-US]
    method: GET
    uri: https://management.azure.com/subscriptions/00000000-0000-0000-0000-000000000000/providers/Microsoft.DBforPostgreSQL/locations/westeurope/azureAsyncOperation/b9658b95-e1fd-4de6-8062-ed6f8cb87ed0?api-version=2017-04-30-preview
  response:
    body: {string: '{"name":"b9658b95-e1fd-4de6-8062-ed6f8cb87ed0","status":"InProgress","startTime":"2017-05-22T05:32:18.543Z"}'}
    headers:
      cache-control: [no-cache]
      content-length: ['108']
      content-type: [application/json; charset=utf-8]
      date: ['Mon, 22 May 2017 05:43:09 GMT']
      expires: ['-1']
      pragma: [no-cache]
      server: [Microsoft-HTTPAPI/2.0]
      strict-transport-security: [max-age=31536000; includeSubDomains]
      transfer-encoding: [chunked]
      vary: [Accept-Encoding]
    status: {code: 200, message: OK}
- request:
    body: null
    headers:
      Accept: [application/json]
      Accept-Encoding: ['gzip, deflate']
      CommandName: [postgres server restore]
      Connection: [keep-alive]
      Content-Type: [application/json; charset=utf-8]
      User-Agent: [python/3.6.1 (Windows-10-10.0.15063-SP0) requests/2.9.1 msrest/0.4.7
          msrest_azure/0.4.7 postgresqlmanagementclient/0.1.0 Azure-SDK-For-Python
          AZURECLI/2.0.6+dev]
      accept-language: [en-US]
    method: GET
    uri: https://management.azure.com/subscriptions/00000000-0000-0000-0000-000000000000/providers/Microsoft.DBforPostgreSQL/locations/westeurope/azureAsyncOperation/b9658b95-e1fd-4de6-8062-ed6f8cb87ed0?api-version=2017-04-30-preview
  response:
    body: {string: '{"name":"b9658b95-e1fd-4de6-8062-ed6f8cb87ed0","status":"InProgress","startTime":"2017-05-22T05:32:18.543Z"}'}
    headers:
      cache-control: [no-cache]
      content-length: ['108']
      content-type: [application/json; charset=utf-8]
      date: ['Mon, 22 May 2017 05:43:42 GMT']
      expires: ['-1']
      pragma: [no-cache]
      server: [Microsoft-HTTPAPI/2.0]
      strict-transport-security: [max-age=31536000; includeSubDomains]
      transfer-encoding: [chunked]
      vary: [Accept-Encoding]
    status: {code: 200, message: OK}
- request:
    body: null
    headers:
      Accept: [application/json]
      Accept-Encoding: ['gzip, deflate']
      CommandName: [postgres server restore]
      Connection: [keep-alive]
      Content-Type: [application/json; charset=utf-8]
      User-Agent: [python/3.6.1 (Windows-10-10.0.15063-SP0) requests/2.9.1 msrest/0.4.7
          msrest_azure/0.4.7 postgresqlmanagementclient/0.1.0 Azure-SDK-For-Python
          AZURECLI/2.0.6+dev]
      accept-language: [en-US]
    method: GET
    uri: https://management.azure.com/subscriptions/00000000-0000-0000-0000-000000000000/providers/Microsoft.DBforPostgreSQL/locations/westeurope/azureAsyncOperation/b9658b95-e1fd-4de6-8062-ed6f8cb87ed0?api-version=2017-04-30-preview
  response:
    body: {string: '{"name":"b9658b95-e1fd-4de6-8062-ed6f8cb87ed0","status":"Succeeded","startTime":"2017-05-22T05:32:18.543Z"}'}
    headers:
      cache-control: [no-cache]
      content-length: ['107']
      content-type: [application/json; charset=utf-8]
      date: ['Mon, 22 May 2017 05:44:14 GMT']
      expires: ['-1']
      pragma: [no-cache]
      server: [Microsoft-HTTPAPI/2.0]
      strict-transport-security: [max-age=31536000; includeSubDomains]
      transfer-encoding: [chunked]
      vary: [Accept-Encoding]
    status: {code: 200, message: OK}
- request:
    body: null
    headers:
      Accept: [application/json]
      Accept-Encoding: ['gzip, deflate']
      CommandName: [postgres server restore]
      Connection: [keep-alive]
      Content-Type: [application/json; charset=utf-8]
      User-Agent: [python/3.6.1 (Windows-10-10.0.15063-SP0) requests/2.9.1 msrest/0.4.7
          msrest_azure/0.4.7 postgresqlmanagementclient/0.1.0 Azure-SDK-For-Python
          AZURECLI/2.0.6+dev]
      accept-language: [en-US]
    method: GET
    uri: https://management.azure.com/subscriptions/00000000-0000-0000-0000-000000000000/resourceGroups/clitest.rg000002/providers/Microsoft.DBforPostgreSQL/servers/azuredbclirestore000004?api-version=2017-04-30-preview
  response:
    body: {string: '{"id":"/subscriptions/00000000-0000-0000-0000-000000000000/resourceGroups/clitest.rg000002/providers/Microsoft.DBforPostgreSQL/servers/azuredbclirestore000004","name":"azuredbclirestore000004","type":"Microsoft.DBforPostgreSQL/servers","location":"westeurope","sku":{"name":"PGSQLB100","tier":"Basic","capacity":100},"properties":{"administratorLogin":"cloudsa","storageMB":51200,"version":"9.5","sslEnforcement":"Enabled","userVisibleState":"Ready","fullyQualifiedDomainName":"azuredbclirestore000004.postgres.database.azure.com"}}'}
    headers:
      cache-control: [no-cache]
      content-length: ['711']
      content-type: [application/json; charset=utf-8]
      date: ['Mon, 22 May 2017 05:44:17 GMT']
      expires: ['-1']
      pragma: [no-cache]
      server: [Microsoft-HTTPAPI/2.0]
      strict-transport-security: [max-age=31536000; includeSubDomains]
      transfer-encoding: [chunked]
      vary: [Accept-Encoding]
    status: {code: 200, message: OK}
- request:
    body: null
    headers:
      Accept: [application/json]
      Accept-Encoding: ['gzip, deflate']
      CommandName: [postgres server list]
      Connection: [keep-alive]
      Content-Type: [application/json; charset=utf-8]
      User-Agent: [python/3.6.1 (Windows-10-10.0.15063-SP0) requests/2.9.1 msrest/0.4.7
          msrest_azure/0.4.7 postgresqlmanagementclient/0.1.0 Azure-SDK-For-Python
          AZURECLI/2.0.6+dev]
      accept-language: [en-US]
    method: GET
    uri: https://management.azure.com/subscriptions/00000000-0000-0000-0000-000000000000/resourceGroups/clitest.rg000002/providers/Microsoft.DBforPostgreSQL/servers?api-version=2017-04-30-preview
  response:
    body: {string: '{"value":[{"id":"/subscriptions/00000000-0000-0000-0000-000000000000/resourceGroups/clitest.rg000002/providers/Microsoft.DBforPostgreSQL/servers/azuredbclirestore000004","name":"azuredbclirestore000004","type":"Microsoft.DBforPostgreSQL/servers","location":"westeurope","sku":{"name":"PGSQLB100","tier":"Basic","capacity":100},"properties":{"administratorLogin":"cloudsa","storageMB":51200,"version":"9.5","sslEnforcement":"Enabled","userVisibleState":"Ready","fullyQualifiedDomainName":"azuredbclirestore000004.postgres.database.azure.com"}}]}'}
    headers:
      cache-control: [no-cache]
      content-length: ['723']
      content-type: [application/json; charset=utf-8]
      date: ['Mon, 22 May 2017 05:44:20 GMT']
      expires: ['-1']
      pragma: [no-cache]
      server: [Microsoft-HTTPAPI/2.0]
      strict-transport-security: [max-age=31536000; includeSubDomains]
      transfer-encoding: [chunked]
      vary: [Accept-Encoding]
    status: {code: 200, message: OK}
- request:
    body: null
    headers:
      Accept: [application/json]
      Accept-Encoding: ['gzip, deflate']
      CommandName: [postgres server list]
      Connection: [keep-alive]
      Content-Type: [application/json; charset=utf-8]
      User-Agent: [python/3.6.1 (Windows-10-10.0.15063-SP0) requests/2.9.1 msrest/0.4.7
          msrest_azure/0.4.7 postgresqlmanagementclient/0.1.0 Azure-SDK-For-Python
          AZURECLI/2.0.6+dev]
      accept-language: [en-US]
    method: GET
    uri: https://management.azure.com/subscriptions/00000000-0000-0000-0000-000000000000/providers/Microsoft.DBforPostgreSQL/servers?api-version=2017-04-30-preview
  response:
    body: {string: '{"value":[{"id":"/subscriptions/00000000-0000-0000-0000-000000000000/resourceGroups/OrcasPMResource/providers/Microsoft.DBforPostgreSQL/servers/orcaspmpg","name":"orcaspmpg","type":"Microsoft.DBforPostgreSQL/servers","location":"northeurope","sku":{"name":"PGSQLB100","tier":"Basic","capacity":100},"properties":{"administratorLogin":"orcaspmlogin","storageMB":51200,"version":"9.5","sslEnforcement":"Disabled","userVisibleState":"Ready","fullyQualifiedDomainName":"orcaspmpg.database.windows.net"}},{"id":"/subscriptions/00000000-0000-0000-0000-000000000000/resourceGroups/Default-ServiceBus-WestUS/providers/Microsoft.DBforPostgreSQL/servers/restoretestserver","name":"restoretestserver","type":"Microsoft.DBforPostgreSQL/servers","location":"westeurope","sku":{"name":"PGSQLB100","tier":"Basic","capacity":100},"properties":{"administratorLogin":"testuser","storageMB":51200,"version":"9.6","sslEnforcement":"Enabled","userVisibleState":"Ready","fullyQualifiedDomainName":"restoretestserver.postgres.database.azure.com"}},{"id":"/subscriptions/00000000-0000-0000-0000-000000000000/resourceGroups/webapplibliang/providers/Microsoft.DBforPostgreSQL/servers/previewserverbackup","name":"previewserverbackup","type":"Microsoft.DBforPostgreSQL/servers","location":"westeurope","sku":{"name":"PGSQLS400","tier":"Standard","capacity":400},"properties":{"administratorLogin":"previewuser","storageMB":128000,"version":"9.6","sslEnforcement":"Enabled","userVisibleState":"Ready","fullyQualifiedDomainName":"previewserverbackup.postgres.database.azure.com"}},{"id":"/subscriptions/00000000-0000-0000-0000-000000000000/resourceGroups/Default-ServiceBus-WestUS/providers/Microsoft.DBforPostgreSQL/servers/restorebackup","name":"restorebackup","type":"Microsoft.DBforPostgreSQL/servers","location":"westeurope","sku":{"name":"PGSQLB100","tier":"Basic","capacity":100},"properties":{"administratorLogin":"testuser","storageMB":51200,"version":"9.6","sslEnforcement":"Enabled","userVisibleState":"Ready","fullyQualifiedDomainName":"restorebackup.postgres.database.azure.com"}},{"id":"/subscriptions/00000000-0000-0000-0000-000000000000/resourceGroups/clitest.rg000001/providers/Microsoft.DBforPostgreSQL/servers/azuredbclitest000003","name":"azuredbclitest000003","type":"Microsoft.DBforPostgreSQL/servers","location":"westeurope","sku":{"name":"PGSQLB100","tier":"Basic","capacity":100},"tags":{"key":"3"},"properties":{"administratorLogin":"cloudsa","storageMB":51200,"version":"9.5","sslEnforcement":"Enabled","userVisibleState":"Ready","fullyQualifiedDomainName":"azuredbclitest000003.postgres.database.azure.com"}},{"id":"/subscriptions/00000000-0000-0000-0000-000000000000/resourceGroups/clitest.rg000002/providers/Microsoft.DBforPostgreSQL/servers/azuredbclirestore000004","name":"azuredbclirestore000004","type":"Microsoft.DBforPostgreSQL/servers","location":"westeurope","sku":{"name":"PGSQLB100","tier":"Basic","capacity":100},"properties":{"administratorLogin":"cloudsa","storageMB":51200,"version":"9.5","sslEnforcement":"Enabled","userVisibleState":"Ready","fullyQualifiedDomainName":"azuredbclirestore000004.postgres.database.azure.com"}},{"id":"/subscriptions/00000000-0000-0000-0000-000000000000/resourceGroups/Default-Storage-WestUS/providers/Microsoft.DBforPostgreSQL/servers/webapptstpgserver3","name":"webapptstpgserver3","type":"Microsoft.DBforPostgreSQL/servers","location":"westus","sku":{"name":"PGSQLB50","tier":"Basic","capacity":50},"properties":{"administratorLogin":"webapppguser","storageMB":51200,"version":"9.5","sslEnforcement":"Disabled","userVisibleState":"Ready","fullyQualifiedDomainName":"webapptstpgserver3.database.windows.net"}},{"id":"/subscriptions/00000000-0000-0000-0000-000000000000/resourceGroups/webapplibliang/providers/Microsoft.DBforPostgreSQL/servers/previewserver2backup","name":"previewserver2backup","type":"Microsoft.DBforPostgreSQL/servers","location":"westus","sku":{"name":"PGSQLB100","tier":"Basic","capacity":100},"properties":{"administratorLogin":"previewuser","storageMB":51200,"version":"9.6","sslEnforcement":"Disabled","userVisibleState":"Ready","fullyQualifiedDomainName":"previewserver2backup.postgres.database.azure.com"}}]}'}
    headers:
      cache-control: [no-cache]
      content-length: ['4549']
      content-type: [application/json; charset=utf-8]
      date: ['Mon, 22 May 2017 05:44:23 GMT']
      expires: ['-1']
      pragma: [no-cache]
      strict-transport-security: [max-age=31536000; includeSubDomains]
      vary: [Accept-Encoding]
      x-ms-original-request-ids: [63fbb7bc-c57e-45eb-a9f1-d87057aee9c7, 5e9953f3-ebd2-40ed-8e2a-43f17cbc6a3d,
        9b8624ae-4a3e-40d5-9d39-223a66bb2a72]
    status: {code: 200, message: OK}
- request:
    body: null
    headers:
      Accept: [application/json]
      Accept-Encoding: ['gzip, deflate']
      CommandName: [postgres server delete]
      Connection: [keep-alive]
      Content-Length: ['0']
      Content-Type: [application/json; charset=utf-8]
      User-Agent: [python/3.6.1 (Windows-10-10.0.15063-SP0) requests/2.9.1 msrest/0.4.7
          msrest_azure/0.4.7 postgresqlmanagementclient/0.1.0 Azure-SDK-For-Python
          AZURECLI/2.0.6+dev]
      accept-language: [en-US]
    method: DELETE
    uri: https://management.azure.com/subscriptions/00000000-0000-0000-0000-000000000000/resourceGroups/clitest.rg000001/providers/Microsoft.DBforPostgreSQL/servers/azuredbclitest000003?api-version=2017-04-30-preview
  response:
    body: {string: '{"operation":"DropElasticServer","startTime":"2017-05-22T05:44:26.307Z"}'}
    headers:
      azure-asyncoperation: ['https://management.azure.com/subscriptions/00000000-0000-0000-0000-000000000000/providers/Microsoft.DBforPostgreSQL/locations/westeurope/azureAsyncOperation/3a939b42-583e-427e-b168-9519c6693039?api-version=2017-04-30-preview']
      cache-control: [no-cache]
      content-length: ['72']
      content-type: [application/json; charset=utf-8]
      date: ['Mon, 22 May 2017 05:44:26 GMT']
      expires: ['-1']
      location: ['https://management.azure.com/subscriptions/00000000-0000-0000-0000-000000000000/providers/Microsoft.DBforPostgreSQL/locations/westeurope/operationResults/3a939b42-583e-427e-b168-9519c6693039?api-version=2017-04-30-preview']
      pragma: [no-cache]
      retry-after: ['60']
      server: [Microsoft-HTTPAPI/2.0]
      strict-transport-security: [max-age=31536000; includeSubDomains]
      x-ms-ratelimit-remaining-subscription-writes: ['1194']
    status: {code: 202, message: Accepted}
- request:
    body: null
    headers:
      Accept: [application/json]
      Accept-Encoding: ['gzip, deflate']
      CommandName: [postgres server delete]
      Connection: [keep-alive]
      Content-Type: [application/json; charset=utf-8]
      User-Agent: [python/3.6.1 (Windows-10-10.0.15063-SP0) requests/2.9.1 msrest/0.4.7
          msrest_azure/0.4.7 postgresqlmanagementclient/0.1.0 Azure-SDK-For-Python
          AZURECLI/2.0.6+dev]
      accept-language: [en-US]
    method: GET
    uri: https://management.azure.com/subscriptions/00000000-0000-0000-0000-000000000000/providers/Microsoft.DBforPostgreSQL/locations/westeurope/azureAsyncOperation/3a939b42-583e-427e-b168-9519c6693039?api-version=2017-04-30-preview
  response:
    body: {string: '{"name":"3a939b42-583e-427e-b168-9519c6693039","status":"Succeeded","startTime":"2017-05-22T05:44:26.307Z"}'}
    headers:
      cache-control: [no-cache]
      content-length: ['107']
      content-type: [application/json; charset=utf-8]
      date: ['Mon, 22 May 2017 05:45:28 GMT']
      expires: ['-1']
      pragma: [no-cache]
      server: [Microsoft-HTTPAPI/2.0]
      strict-transport-security: [max-age=31536000; includeSubDomains]
      transfer-encoding: [chunked]
      vary: [Accept-Encoding]
    status: {code: 200, message: OK}
- request:
    body: null
    headers:
      Accept: [application/json]
      Accept-Encoding: ['gzip, deflate']
      CommandName: [postgres server delete]
      Connection: [keep-alive]
      Content-Length: ['0']
      Content-Type: [application/json; charset=utf-8]
      User-Agent: [python/3.6.1 (Windows-10-10.0.15063-SP0) requests/2.9.1 msrest/0.4.7
          msrest_azure/0.4.7 postgresqlmanagementclient/0.1.0 Azure-SDK-For-Python
          AZURECLI/2.0.6+dev]
      accept-language: [en-US]
    method: DELETE
    uri: https://management.azure.com/subscriptions/00000000-0000-0000-0000-000000000000/resourceGroups/clitest.rg000002/providers/Microsoft.DBforPostgreSQL/servers/azuredbclirestore000004?api-version=2017-04-30-preview
  response:
    body: {string: '{"operation":"DropElasticServer","startTime":"2017-05-22T05:45:30.133Z"}'}
    headers:
      azure-asyncoperation: ['https://management.azure.com/subscriptions/00000000-0000-0000-0000-000000000000/providers/Microsoft.DBforPostgreSQL/locations/westeurope/azureAsyncOperation/69af5d9a-8f7a-48a6-b216-1bd1620125e6?api-version=2017-04-30-preview']
      cache-control: [no-cache]
      content-length: ['72']
      content-type: [application/json; charset=utf-8]
      date: ['Mon, 22 May 2017 05:45:31 GMT']
      expires: ['-1']
      location: ['https://management.azure.com/subscriptions/00000000-0000-0000-0000-000000000000/providers/Microsoft.DBforPostgreSQL/locations/westeurope/operationResults/69af5d9a-8f7a-48a6-b216-1bd1620125e6?api-version=2017-04-30-preview']
      pragma: [no-cache]
      retry-after: ['60']
      server: [Microsoft-HTTPAPI/2.0]
      strict-transport-security: [max-age=31536000; includeSubDomains]
      x-ms-ratelimit-remaining-subscription-writes: ['1196']
    status: {code: 202, message: Accepted}
- request:
    body: null
    headers:
      Accept: [application/json]
      Accept-Encoding: ['gzip, deflate']
      CommandName: [postgres server delete]
      Connection: [keep-alive]
      Content-Type: [application/json; charset=utf-8]
      User-Agent: [python/3.6.1 (Windows-10-10.0.15063-SP0) requests/2.9.1 msrest/0.4.7
          msrest_azure/0.4.7 postgresqlmanagementclient/0.1.0 Azure-SDK-For-Python
          AZURECLI/2.0.6+dev]
      accept-language: [en-US]
    method: GET
    uri: https://management.azure.com/subscriptions/00000000-0000-0000-0000-000000000000/providers/Microsoft.DBforPostgreSQL/locations/westeurope/azureAsyncOperation/69af5d9a-8f7a-48a6-b216-1bd1620125e6?api-version=2017-04-30-preview
  response:
    body: {string: '{"name":"69af5d9a-8f7a-48a6-b216-1bd1620125e6","status":"Succeeded","startTime":"2017-05-22T05:45:30.133Z"}'}
    headers:
      cache-control: [no-cache]
      content-length: ['107']
      content-type: [application/json; charset=utf-8]
      date: ['Mon, 22 May 2017 05:46:33 GMT']
      expires: ['-1']
      pragma: [no-cache]
      server: [Microsoft-HTTPAPI/2.0]
      strict-transport-security: [max-age=31536000; includeSubDomains]
      transfer-encoding: [chunked]
      vary: [Accept-Encoding]
    status: {code: 200, message: OK}
- request:
    body: null
    headers:
      Accept: [application/json]
      Accept-Encoding: ['gzip, deflate']
      CommandName: [postgres server list]
      Connection: [keep-alive]
      Content-Type: [application/json; charset=utf-8]
      User-Agent: [python/3.6.1 (Windows-10-10.0.15063-SP0) requests/2.9.1 msrest/0.4.7
          msrest_azure/0.4.7 postgresqlmanagementclient/0.1.0 Azure-SDK-For-Python
          AZURECLI/2.0.6+dev]
      accept-language: [en-US]
    method: GET
    uri: https://management.azure.com/subscriptions/00000000-0000-0000-0000-000000000000/resourceGroups/clitest.rg000001/providers/Microsoft.DBforPostgreSQL/servers?api-version=2017-04-30-preview
  response:
    body: {string: '{"value":[]}'}
    headers:
      cache-control: [no-cache]
      content-length: ['12']
      content-type: [application/json; charset=utf-8]
      date: ['Mon, 22 May 2017 05:46:34 GMT']
      expires: ['-1']
      pragma: [no-cache]
      strict-transport-security: [max-age=31536000; includeSubDomains]
      vary: [Accept-Encoding]
    status: {code: 200, message: OK}
- request:
    body: null
    headers:
      Accept: [application/json]
      Accept-Encoding: ['gzip, deflate']
      CommandName: [group delete]
      Connection: [keep-alive]
      Content-Length: ['0']
      Content-Type: [application/json; charset=utf-8]
      User-Agent: [python/3.6.1 (Windows-10-10.0.15063-SP0) requests/2.9.1 msrest/0.4.7
          msrest_azure/0.4.7 resourcemanagementclient/1.1.0rc1 Azure-SDK-For-Python
          AZURECLI/2.0.6+dev]
      accept-language: [en-US]
    method: DELETE
    uri: https://management.azure.com/subscriptions/00000000-0000-0000-0000-000000000000/resourcegroups/clitest.rg000002?api-version=2017-05-10
  response:
    body: {string: ''}
    headers:
      cache-control: [no-cache]
      content-length: ['0']
      date: ['Mon, 22 May 2017 05:46:37 GMT']
      expires: ['-1']
      location: ['https://management.azure.com/subscriptions/00000000-0000-0000-0000-000000000000/operationresults/eyJqb2JJZCI6IlJFU09VUkNFR1JPVVBERUxFVElPTkpPQi1DTElURVNUOjJFUkdaT0ZWWTJSWE9XS1ZXS1JLTktGV01VRUszSDRMWE81VzZPNnw3ODY3ODQ5QjM4NjM0OUVELVdFU1RVUyIsImpvYkxvY2F0aW9uIjoid2VzdHVzIn0?api-version=2017-05-10']
      pragma: [no-cache]
      retry-after: ['15']
      strict-transport-security: [max-age=31536000; includeSubDomains]
      x-ms-ratelimit-remaining-subscription-writes: ['1193']
    status: {code: 202, message: Accepted}
- request:
    body: null
    headers:
      Accept: [application/json]
      Accept-Encoding: ['gzip, deflate']
      CommandName: [group delete]
      Connection: [keep-alive]
      Content-Length: ['0']
      Content-Type: [application/json; charset=utf-8]
      User-Agent: [python/3.6.1 (Windows-10-10.0.15063-SP0) requests/2.9.1 msrest/0.4.7
          msrest_azure/0.4.7 resourcemanagementclient/1.1.0rc1 Azure-SDK-For-Python
          AZURECLI/2.0.6+dev]
      accept-language: [en-US]
    method: DELETE
    uri: https://management.azure.com/subscriptions/00000000-0000-0000-0000-000000000000/resourcegroups/clitest.rg000001?api-version=2017-05-10
  response:
    body: {string: ''}
    headers:
      cache-control: [no-cache]
      content-length: ['0']
      date: ['Mon, 22 May 2017 05:46:41 GMT']
      expires: ['-1']
      location: ['https://management.azure.com/subscriptions/00000000-0000-0000-0000-000000000000/operationresults/eyJqb2JJZCI6IlJFU09VUkNFR1JPVVBERUxFVElPTkpPQi1DTElURVNUOjJFUkdCVFBFRlFPM0JSQ0VOUEJFQUpDQTJIWTRXSkdSTkVOSkgyT3xCRUM0RDMxOEE5NkRENEEzLVdFU1RVUyIsImpvYkxvY2F0aW9uIjoid2VzdHVzIn0?api-version=2017-05-10']
      pragma: [no-cache]
      retry-after: ['15']
      strict-transport-security: [max-age=31536000; includeSubDomains]
      x-ms-ratelimit-remaining-subscription-writes: ['1195']
    status: {code: 202, message: Accepted}
version: 1
