interactions:
- request:
    body: null
    headers:
      Accept: [application/json]
      Accept-Encoding: ['gzip, deflate']
      Connection: [keep-alive]
      Content-Type: [application/json; charset=utf-8]
      User-Agent: [python/3.5.0 (Windows-10.0.14393) requests/2.9.1 msrest/0.4.4 msrest_azure/0.4.7
          computemanagementclient/0.33.0 Azure-SDK-For-Python AZURECLI/TEST/0.1.1b2+dev]
      accept-language: [en-US]
      x-ms-client-request-id: [f7769ed2-e777-11e6-bc1a-64510658e3b3]
    method: GET
    uri: https://management.azure.com/subscriptions/00000000-0000-0000-0000-000000000000/resourceGroups/cli_test_vmss_vms/providers/Microsoft.Compute/virtualMachineScaleSets/vmss1/virtualMachines?api-version=2016-04-30-preview
  response:
    body: {string: "{\r\n  \"value\": [\r\n    {\r\n      \"instanceId\": \"1\",\r\
        \n      \"sku\": {\r\n        \"name\": \"Standard_D1_v2\",\r\n        \"\
        tier\": \"Standard\"\r\n      },\r\n      \"properties\": {\r\n        \"\
        latestModelApplied\": true,\r\n        \"vmId\": \"b9c019e9-a253-4fba-a297-773edd5d3d9d\"\
        ,\r\n        \"storageProfile\": {\r\n          \"imageReference\": {\r\n\
        \            \"publisher\": \"Canonical\",\r\n            \"offer\": \"UbuntuServer\"\
        ,\r\n            \"sku\": \"14.04.4-LTS\",\r\n            \"version\": \"\
        14.04.201607140\"\r\n          },\r\n          \"osDisk\": {\r\n         \
        \   \"osType\": \"Linux\",\r\n            \"name\": \"vmss1_vmss1_1_OsDisk_1_620a8bc2913448228423600c143a3364\"\
        ,\r\n            \"createOption\": \"FromImage\",\r\n            \"caching\"\
        : \"ReadOnly\",\r\n            \"managedDisk\": {\r\n              \"storageAccountType\"\
        : \"Standard_LRS\",\r\n              \"id\": \"/subscriptions/00000000-0000-0000-0000-000000000000/resourceGroups/cli_test_vmss_vms/providers/Microsoft.Compute/disks/vmss1_vmss1_1_OsDisk_1_620a8bc2913448228423600c143a3364\"\
        \r\n            }\r\n          },\r\n          \"dataDisks\": []\r\n     \
        \   },\r\n        \"osProfile\": {\r\n          \"computerName\": \"vmss14fml000001\"\
        ,\r\n          \"adminUsername\": \"yugangw\",\r\n          \"linuxConfiguration\"\
        : {\r\n            \"disablePasswordAuthentication\": false\r\n          },\r\
        \n          \"secrets\": []\r\n        },\r\n        \"networkProfile\": {\"\
        networkInterfaces\":[{\"id\":\"/subscriptions/00000000-0000-0000-0000-000000000000/resourceGroups/cli_test_vmss_vms/providers/Microsoft.Compute/virtualMachineScaleSets/vmss1/virtualMachines/1/networkInterfaces/vmss14fmlNic\"\
        }]},\r\n        \"provisioningState\": \"Succeeded\"\r\n      },\r\n     \
        \ \"type\": \"Microsoft.Compute/virtualMachineScaleSets/virtualMachines\"\
        ,\r\n      \"location\": \"westus\",\r\n      \"tags\": {},\r\n      \"id\"\
        : \"/subscriptions/00000000-0000-0000-0000-000000000000/resourceGroups/CLI_TEST_VMSS_VMS_PKGV_/providers/Microsoft.Compute/virtualMachineScaleSets/vmss1/virtualMachines/1\"\
        ,\r\n      \"name\": \"vmss1_1\"\r\n    },\r\n    {\r\n      \"instanceId\"\
        : \"3\",\r\n      \"sku\": {\r\n        \"name\": \"Standard_D1_v2\",\r\n\
        \        \"tier\": \"Standard\"\r\n      },\r\n      \"properties\": {\r\n\
        \        \"latestModelApplied\": true,\r\n        \"vmId\": \"973de4cd-314d-4115-bd0a-2ea1222227d8\"\
        ,\r\n        \"storageProfile\": {\r\n          \"imageReference\": {\r\n\
        \            \"publisher\": \"Canonical\",\r\n            \"offer\": \"UbuntuServer\"\
        ,\r\n            \"sku\": \"14.04.4-LTS\",\r\n            \"version\": \"\
        14.04.201607140\"\r\n          },\r\n          \"osDisk\": {\r\n         \
        \   \"osType\": \"Linux\",\r\n            \"name\": \"vmss1_vmss1_3_OsDisk_1_ae36fb8788534bc093e477436b1b7b5b\"\
        ,\r\n            \"createOption\": \"FromImage\",\r\n            \"caching\"\
        : \"ReadOnly\",\r\n            \"managedDisk\": {\r\n              \"storageAccountType\"\
        : \"Standard_LRS\",\r\n              \"id\": \"/subscriptions/00000000-0000-0000-0000-000000000000/resourceGroups/cli_test_vmss_vms/providers/Microsoft.Compute/disks/vmss1_vmss1_3_OsDisk_1_ae36fb8788534bc093e477436b1b7b5b\"\
        \r\n            }\r\n          },\r\n          \"dataDisks\": []\r\n     \
        \   },\r\n        \"osProfile\": {\r\n          \"computerName\": \"vmss14fml000003\"\
        ,\r\n          \"adminUsername\": \"yugangw\",\r\n          \"linuxConfiguration\"\
        : {\r\n            \"disablePasswordAuthentication\": false\r\n          },\r\
        \n          \"secrets\": []\r\n        },\r\n        \"networkProfile\": {\"\
        networkInterfaces\":[{\"id\":\"/subscriptions/00000000-0000-0000-0000-000000000000/resourceGroups/cli_test_vmss_vms/providers/Microsoft.Compute/virtualMachineScaleSets/vmss1/virtualMachines/3/networkInterfaces/vmss14fmlNic\"\
        }]},\r\n        \"provisioningState\": \"Succeeded\"\r\n      },\r\n     \
        \ \"type\": \"Microsoft.Compute/virtualMachineScaleSets/virtualMachines\"\
        ,\r\n      \"location\": \"westus\",\r\n      \"tags\": {},\r\n      \"id\"\
        : \"/subscriptions/00000000-0000-0000-0000-000000000000/resourceGroups/CLI_TEST_VMSS_VMS_PKGV_/providers/Microsoft.Compute/virtualMachineScaleSets/vmss1/virtualMachines/3\"\
        ,\r\n      \"name\": \"vmss1_3\"\r\n    }\r\n  ]\r\n}"}
    headers:
      Cache-Control: [no-cache]
      Content-Type: [application/json; charset=utf-8]
      Date: ['Tue, 31 Jan 2017 05:41:51 GMT']
      Expires: ['-1']
      Pragma: [no-cache]
      Server: [Microsoft-HTTPAPI/2.0, Microsoft-HTTPAPI/2.0]
      Strict-Transport-Security: [max-age=31536000; includeSubDomains]
      Transfer-Encoding: [chunked]
      Vary: [Accept-Encoding]
      content-length: ['3888']
    status: {code: 200, message: OK}
- request:
    body: null
    headers:
      Accept: [application/json]
      Accept-Encoding: ['gzip, deflate']
      Connection: [keep-alive]
      Content-Type: [application/json; charset=utf-8]
      User-Agent: [python/3.5.0 (Windows-10.0.14393) requests/2.9.1 msrest/0.4.4 msrest_azure/0.4.7
          computemanagementclient/0.33.0 Azure-SDK-For-Python AZURECLI/TEST/0.1.1b2+dev]
      accept-language: [en-US]
      x-ms-client-request-id: [f7f1eb54-e777-11e6-8881-64510658e3b3]
    method: GET
    uri: https://management.azure.com/subscriptions/00000000-0000-0000-0000-000000000000/resourceGroups/cli_test_vmss_vms/providers/Microsoft.Compute/virtualMachineScaleSets/vmss1/virtualmachines/1?api-version=2016-04-30-preview
  response:
    body: {string: "{\r\n  \"instanceId\": \"1\",\r\n  \"sku\": {\r\n    \"name\"\
        : \"Standard_D1_v2\",\r\n    \"tier\": \"Standard\"\r\n  },\r\n  \"properties\"\
        : {\r\n    \"latestModelApplied\": true,\r\n    \"vmId\": \"b9c019e9-a253-4fba-a297-773edd5d3d9d\"\
        ,\r\n    \"storageProfile\": {\r\n      \"imageReference\": {\r\n        \"\
        publisher\": \"Canonical\",\r\n        \"offer\": \"UbuntuServer\",\r\n  \
        \      \"sku\": \"14.04.4-LTS\",\r\n        \"version\": \"14.04.201607140\"\
        \r\n      },\r\n      \"osDisk\": {\r\n        \"osType\": \"Linux\",\r\n\
        \        \"name\": \"vmss1_vmss1_1_OsDisk_1_620a8bc2913448228423600c143a3364\"\
        ,\r\n        \"createOption\": \"FromImage\",\r\n        \"caching\": \"ReadOnly\"\
        ,\r\n        \"managedDisk\": {\r\n          \"storageAccountType\": \"Standard_LRS\"\
        ,\r\n          \"id\": \"/subscriptions/00000000-0000-0000-0000-000000000000/resourceGroups/cli_test_vmss_vms/providers/Microsoft.Compute/disks/vmss1_vmss1_1_OsDisk_1_620a8bc2913448228423600c143a3364\"\
        \r\n        }\r\n      },\r\n      \"dataDisks\": []\r\n    },\r\n    \"osProfile\"\
        : {\r\n      \"computerName\": \"vmss14fml000001\",\r\n      \"adminUsername\"\
        : \"yugangw\",\r\n      \"linuxConfiguration\": {\r\n        \"disablePasswordAuthentication\"\
        : false\r\n      },\r\n      \"secrets\": []\r\n    },\r\n    \"networkProfile\"\
        : {\"networkInterfaces\":[{\"id\":\"/subscriptions/00000000-0000-0000-0000-000000000000/resourceGroups/cli_test_vmss_vms/providers/Microsoft.Compute/virtualMachineScaleSets/vmss1/virtualMachines/1/networkInterfaces/vmss14fmlNic\"\
        }]},\r\n    \"provisioningState\": \"Succeeded\"\r\n  },\r\n  \"type\": \"\
        Microsoft.Compute/virtualMachineScaleSets/virtualMachines\",\r\n  \"location\"\
        : \"westus\",\r\n  \"tags\": {},\r\n  \"id\": \"/subscriptions/00000000-0000-0000-0000-000000000000/resourceGroups/cli_test_vmss_vms/providers/Microsoft.Compute/virtualMachineScaleSets/vmss1/virtualMachines/1\"\
        ,\r\n  \"name\": \"vmss1_1\"\r\n}"}
    headers:
      Cache-Control: [no-cache]
      Content-Type: [application/json; charset=utf-8]
      Date: ['Tue, 31 Jan 2017 05:41:52 GMT']
      Expires: ['-1']
      Pragma: [no-cache]
      Server: [Microsoft-HTTPAPI/2.0, Microsoft-HTTPAPI/2.0]
      Strict-Transport-Security: [max-age=31536000; includeSubDomains]
      Transfer-Encoding: [chunked]
      Vary: [Accept-Encoding]
      content-length: ['1750']
    status: {code: 200, message: OK}
- request:
    body: null
    headers:
      Accept: [application/json]
      Accept-Encoding: ['gzip, deflate']
      Connection: [keep-alive]
      Content-Length: ['0']
      Content-Type: [application/json; charset=utf-8]
      User-Agent: [python/3.5.0 (Windows-10.0.14393) requests/2.9.1 msrest/0.4.4 msrest_azure/0.4.7
          computemanagementclient/0.33.0 Azure-SDK-For-Python AZURECLI/TEST/0.1.1b2+dev]
      accept-language: [en-US]
      x-ms-client-request-id: [f87d6754-e777-11e6-a645-64510658e3b3]
    method: POST
    uri: https://management.azure.com/subscriptions/00000000-0000-0000-0000-000000000000/resourceGroups/cli_test_vmss_vms/providers/Microsoft.Compute/virtualMachineScaleSets/vmss1/virtualmachines/%2A/restart?api-version=2016-04-30-preview
  response:
    body: {string: ''}
    headers:
      Azure-AsyncOperation: ['https://management.azure.com/subscriptions/0b1f6471-1bf0-4dda-aec3-cb9272f09590/providers/Microsoft.Compute/locations/westus/operations/cde6394f-557f-4ec6-8bb7-3d648477a2c9?api-version=2016-04-30-preview']
      Cache-Control: [no-cache]
      Content-Length: ['0']
      Date: ['Tue, 31 Jan 2017 05:41:53 GMT']
      Expires: ['-1']
      Location: ['https://management.azure.com/subscriptions/0b1f6471-1bf0-4dda-aec3-cb9272f09590/providers/Microsoft.Compute/locations/westus/operations/cde6394f-557f-4ec6-8bb7-3d648477a2c9?monitor=true&api-version=2016-04-30-preview']
      Pragma: [no-cache]
      Server: [Microsoft-HTTPAPI/2.0, Microsoft-HTTPAPI/2.0]
      Strict-Transport-Security: [max-age=31536000; includeSubDomains]
      x-ms-ratelimit-remaining-subscription-writes: ['1197']
    status: {code: 202, message: Accepted}
- request:
    body: null
    headers:
      Accept: [application/json]
      Accept-Encoding: ['gzip, deflate']
      Connection: [keep-alive]
      Content-Type: [application/json; charset=utf-8]
      User-Agent: [python/3.5.0 (Windows-10.0.14393) requests/2.9.1 msrest/0.4.4 msrest_azure/0.4.7
          computemanagementclient/0.33.0 Azure-SDK-For-Python AZURECLI/TEST/0.1.1b2+dev]
      accept-language: [en-US]
      x-ms-client-request-id: [f87d6754-e777-11e6-a645-64510658e3b3]
    method: GET
    uri: https://management.azure.com/subscriptions/00000000-0000-0000-0000-000000000000/providers/Microsoft.Compute/locations/westus/operations/cde6394f-557f-4ec6-8bb7-3d648477a2c9?api-version=2016-04-30-preview
  response:
    body: {string: "{\r\n  \"startTime\": \"2017-01-31T05:41:53.7051371+00:00\",\r\
        \n  \"status\": \"InProgress\",\r\n  \"name\": \"cde6394f-557f-4ec6-8bb7-3d648477a2c9\"\
        \r\n}"}
    headers:
      Cache-Control: [no-cache]
      Content-Type: [application/json; charset=utf-8]
      Date: ['Tue, 31 Jan 2017 05:42:23 GMT']
      Expires: ['-1']
      Pragma: [no-cache]
      Server: [Microsoft-HTTPAPI/2.0, Microsoft-HTTPAPI/2.0]
      Strict-Transport-Security: [max-age=31536000; includeSubDomains]
      Transfer-Encoding: [chunked]
      Vary: [Accept-Encoding]
      content-length: ['134']
    status: {code: 200, message: OK}
- request:
    body: null
    headers:
      Accept: [application/json]
      Accept-Encoding: ['gzip, deflate']
      Connection: [keep-alive]
      Content-Type: [application/json; charset=utf-8]
      User-Agent: [python/3.5.0 (Windows-10.0.14393) requests/2.9.1 msrest/0.4.4 msrest_azure/0.4.7
          computemanagementclient/0.33.0 Azure-SDK-For-Python AZURECLI/TEST/0.1.1b2+dev]
      accept-language: [en-US]
      x-ms-client-request-id: [f87d6754-e777-11e6-a645-64510658e3b3]
    method: GET
    uri: https://management.azure.com/subscriptions/00000000-0000-0000-0000-000000000000/providers/Microsoft.Compute/locations/westus/operations/cde6394f-557f-4ec6-8bb7-3d648477a2c9?api-version=2016-04-30-preview
  response:
    body: {string: "{\r\n  \"startTime\": \"2017-01-31T05:41:53.7051371+00:00\",\r\
        \n  \"status\": \"InProgress\",\r\n  \"name\": \"cde6394f-557f-4ec6-8bb7-3d648477a2c9\"\
        \r\n}"}
    headers:
      Cache-Control: [no-cache]
      Content-Type: [application/json; charset=utf-8]
      Date: ['Tue, 31 Jan 2017 05:42:54 GMT']
      Expires: ['-1']
      Pragma: [no-cache]
      Server: [Microsoft-HTTPAPI/2.0, Microsoft-HTTPAPI/2.0]
      Strict-Transport-Security: [max-age=31536000; includeSubDomains]
      Transfer-Encoding: [chunked]
      Vary: [Accept-Encoding]
      content-length: ['134']
    status: {code: 200, message: OK}
- request:
    body: null
    headers:
      Accept: [application/json]
      Accept-Encoding: ['gzip, deflate']
      Connection: [keep-alive]
      Content-Type: [application/json; charset=utf-8]
      User-Agent: [python/3.5.0 (Windows-10.0.14393) requests/2.9.1 msrest/0.4.4 msrest_azure/0.4.7
          computemanagementclient/0.33.0 Azure-SDK-For-Python AZURECLI/TEST/0.1.1b2+dev]
      accept-language: [en-US]
      x-ms-client-request-id: [f87d6754-e777-11e6-a645-64510658e3b3]
    method: GET
    uri: https://management.azure.com/subscriptions/00000000-0000-0000-0000-000000000000/providers/Microsoft.Compute/locations/westus/operations/cde6394f-557f-4ec6-8bb7-3d648477a2c9?api-version=2016-04-30-preview
  response:
    body: {string: "{\r\n  \"startTime\": \"2017-01-31T05:41:53.7051371+00:00\",\r\
        \n  \"endTime\": \"2017-01-31T05:43:02.0235276+00:00\",\r\n  \"status\": \"\
        Succeeded\",\r\n  \"name\": \"cde6394f-557f-4ec6-8bb7-3d648477a2c9\"\r\n}"}
    headers:
      Cache-Control: [no-cache]
      Content-Type: [application/json; charset=utf-8]
      Date: ['Tue, 31 Jan 2017 05:43:24 GMT']
      Expires: ['-1']
      Pragma: [no-cache]
      Server: [Microsoft-HTTPAPI/2.0, Microsoft-HTTPAPI/2.0]
      Strict-Transport-Security: [max-age=31536000; includeSubDomains]
      Transfer-Encoding: [chunked]
      Vary: [Accept-Encoding]
      content-length: ['184']
    status: {code: 200, message: OK}
- request:
    body: null
    headers:
      Accept: [application/json]
      Accept-Encoding: ['gzip, deflate']
      Connection: [keep-alive]
      Content-Type: [application/json; charset=utf-8]
      User-Agent: [python/3.5.0 (Windows-10.0.14393) requests/2.9.1 msrest/0.4.4 msrest_azure/0.4.7
          computemanagementclient/0.33.0 Azure-SDK-For-Python AZURECLI/TEST/0.1.1b2+dev]
      accept-language: [en-US]
      x-ms-client-request-id: [2f8670d8-e778-11e6-96c7-64510658e3b3]
    method: GET
    uri: https://management.azure.com/subscriptions/00000000-0000-0000-0000-000000000000/resourceGroups/cli_test_vmss_vms/providers/Microsoft.Compute/virtualMachineScaleSets/vmss1/virtualmachines/1/instanceView?api-version=2016-04-30-preview
  response:
    body: {string: "{\r\n  \"placementGroupId\": \"11b17718-e199-486d-a2f4-b711010afb00\"\
        ,\r\n  \"platformUpdateDomain\": 1,\r\n  \"platformFaultDomain\": 1,\r\n \
        \ \"vmAgent\": {\r\n    \"vmAgentVersion\": \"WALinuxAgent-2.0.16\",\r\n \
        \   \"statuses\": [\r\n      {\r\n        \"code\": \"ProvisioningState/succeeded\"\
        ,\r\n        \"level\": \"Info\",\r\n        \"displayStatus\": \"Ready\"\
        ,\r\n        \"message\": \"GuestAgent is running and accepting new configurations.\"\
        ,\r\n        \"time\": \"2017-01-31T05:43:04+00:00\"\r\n      }\r\n    ],\r\
        \n    \"extensionHandlers\": []\r\n  },\r\n  \"statuses\": [\r\n    {\r\n\
        \      \"code\": \"ProvisioningState/succeeded\",\r\n      \"level\": \"Info\"\
        ,\r\n      \"displayStatus\": \"Provisioning succeeded\",\r\n      \"time\"\
        : \"2017-01-31T05:43:01.9766459+00:00\"\r\n    },\r\n    {\r\n      \"code\"\
        : \"PowerState/running\",\r\n      \"level\": \"Info\",\r\n      \"displayStatus\"\
        : \"VM running\"\r\n    }\r\n  ]\r\n}"}
    headers:
      Cache-Control: [no-cache]
      Content-Type: [application/json; charset=utf-8]
      Date: ['Tue, 31 Jan 2017 05:43:26 GMT']
      Expires: ['-1']
      Pragma: [no-cache]
      Server: [Microsoft-HTTPAPI/2.0, Microsoft-HTTPAPI/2.0]
      Strict-Transport-Security: [max-age=31536000; includeSubDomains]
      Transfer-Encoding: [chunked]
      Vary: [Accept-Encoding]
      content-length: ['821']
    status: {code: 200, message: OK}
- request:
    body: null
    headers:
      Accept: [application/json]
      Accept-Encoding: ['gzip, deflate']
      Connection: [keep-alive]
      Content-Type: [application/json; charset=utf-8]
      User-Agent: [python/3.5.0 (Windows-10.0.14393) requests/2.9.1 msrest/0.4.4 msrest_azure/0.4.7
          computemanagementclient/0.33.0 Azure-SDK-For-Python AZURECLI/TEST/0.1.1b2+dev]
      accept-language: [en-US]
      x-ms-client-request-id: [2ff97e5e-e778-11e6-9ebc-64510658e3b3]
    method: GET
    uri: https://management.azure.com/subscriptions/00000000-0000-0000-0000-000000000000/resourceGroups/cli_test_vmss_vms/providers/Microsoft.Compute/virtualMachineScaleSets/vmss1/virtualmachines/3/instanceView?api-version=2016-04-30-preview
  response:
    body: {string: "{\r\n  \"placementGroupId\": \"11b17718-e199-486d-a2f4-b711010afb00\"\
        ,\r\n  \"platformUpdateDomain\": 3,\r\n  \"platformFaultDomain\": 3,\r\n \
        \ \"vmAgent\": {\r\n    \"vmAgentVersion\": \"WALinuxAgent-2.0.16\",\r\n \
        \   \"statuses\": [\r\n      {\r\n        \"code\": \"ProvisioningState/succeeded\"\
        ,\r\n        \"level\": \"Info\",\r\n        \"displayStatus\": \"Ready\"\
        ,\r\n        \"message\": \"GuestAgent is running and accepting new configurations.\"\
        ,\r\n        \"time\": \"2017-01-31T05:43:01+00:00\"\r\n      }\r\n    ],\r\
        \n    \"extensionHandlers\": []\r\n  },\r\n  \"statuses\": [\r\n    {\r\n\
        \      \"code\": \"ProvisioningState/succeeded\",\r\n      \"level\": \"Info\"\
        ,\r\n      \"displayStatus\": \"Provisioning succeeded\",\r\n      \"time\"\
        : \"2017-01-31T05:43:01.9766459+00:00\"\r\n    },\r\n    {\r\n      \"code\"\
        : \"PowerState/running\",\r\n      \"level\": \"Info\",\r\n      \"displayStatus\"\
        : \"VM running\"\r\n    }\r\n  ]\r\n}"}
    headers:
      Cache-Control: [no-cache]
      Content-Type: [application/json; charset=utf-8]
      Date: ['Tue, 31 Jan 2017 05:43:26 GMT']
      Expires: ['-1']
      Pragma: [no-cache]
      Server: [Microsoft-HTTPAPI/2.0, Microsoft-HTTPAPI/2.0]
      Strict-Transport-Security: [max-age=31536000; includeSubDomains]
      Transfer-Encoding: [chunked]
      Vary: [Accept-Encoding]
      content-length: ['821']
    status: {code: 200, message: OK}
- request:
    body: null
    headers:
      Accept: [application/json]
      Accept-Encoding: ['gzip, deflate']
      Connection: [keep-alive]
      Content-Type: [application/json; charset=utf-8]
      User-Agent: [python/3.5.0 (Windows-10.0.14393) requests/2.9.1 msrest/0.4.4 msrest_azure/0.4.7
          computemanagementclient/0.33.0 Azure-SDK-For-Python AZURECLI/TEST/0.1.1b2+dev]
      accept-language: [en-US]
      x-ms-client-request-id: [3056916c-e778-11e6-ab9d-64510658e3b3]
    method: GET
    uri: https://management.azure.com/subscriptions/00000000-0000-0000-0000-000000000000/resourceGroups/cli_test_vmss_vms/providers/Microsoft.Compute/virtualMachineScaleSets/vmss1/virtualmachines/1/instanceView?api-version=2016-04-30-preview
  response:
    body: {string: "{\r\n  \"placementGroupId\": \"11b17718-e199-486d-a2f4-b711010afb00\"\
        ,\r\n  \"platformUpdateDomain\": 1,\r\n  \"platformFaultDomain\": 1,\r\n \
        \ \"vmAgent\": {\r\n    \"vmAgentVersion\": \"WALinuxAgent-2.0.16\",\r\n \
        \   \"statuses\": [\r\n      {\r\n        \"code\": \"ProvisioningState/succeeded\"\
        ,\r\n        \"level\": \"Info\",\r\n        \"displayStatus\": \"Ready\"\
        ,\r\n        \"message\": \"GuestAgent is running and accepting new configurations.\"\
        ,\r\n        \"time\": \"2017-01-31T05:43:04+00:00\"\r\n      }\r\n    ],\r\
        \n    \"extensionHandlers\": []\r\n  },\r\n  \"statuses\": [\r\n    {\r\n\
        \      \"code\": \"ProvisioningState/succeeded\",\r\n      \"level\": \"Info\"\
        ,\r\n      \"displayStatus\": \"Provisioning succeeded\",\r\n      \"time\"\
        : \"2017-01-31T05:43:01.9766459+00:00\"\r\n    },\r\n    {\r\n      \"code\"\
        : \"PowerState/running\",\r\n      \"level\": \"Info\",\r\n      \"displayStatus\"\
        : \"VM running\"\r\n    }\r\n  ]\r\n}"}
    headers:
      Cache-Control: [no-cache]
      Content-Type: [application/json; charset=utf-8]
      Date: ['Tue, 31 Jan 2017 05:43:27 GMT']
      Expires: ['-1']
      Pragma: [no-cache]
      Server: [Microsoft-HTTPAPI/2.0, Microsoft-HTTPAPI/2.0]
      Strict-Transport-Security: [max-age=31536000; includeSubDomains]
      Transfer-Encoding: [chunked]
      Vary: [Accept-Encoding]
      content-length: ['821']
    status: {code: 200, message: OK}
- request:
    body: null
    headers:
      Accept: [application/json]
      Accept-Encoding: ['gzip, deflate']
      Connection: [keep-alive]
      Content-Type: [application/json; charset=utf-8]
      User-Agent: [python/3.5.0 (Windows-10.0.14393) requests/2.9.1 msrest/0.4.4 msrest_azure/0.4.7
          computemanagementclient/0.33.0 Azure-SDK-For-Python AZURECLI/TEST/0.1.1b2+dev]
      accept-language: [en-US]
      x-ms-client-request-id: [30b934ee-e778-11e6-af79-64510658e3b3]
    method: GET
    uri: https://management.azure.com/subscriptions/00000000-0000-0000-0000-000000000000/resourceGroups/cli_test_vmss_vms/providers/Microsoft.Compute/virtualMachineScaleSets/vmss1/virtualmachines/3/instanceView?api-version=2016-04-30-preview
  response:
    body: {string: "{\r\n  \"placementGroupId\": \"11b17718-e199-486d-a2f4-b711010afb00\"\
        ,\r\n  \"platformUpdateDomain\": 3,\r\n  \"platformFaultDomain\": 3,\r\n \
        \ \"vmAgent\": {\r\n    \"vmAgentVersion\": \"WALinuxAgent-2.0.16\",\r\n \
        \   \"statuses\": [\r\n      {\r\n        \"code\": \"ProvisioningState/succeeded\"\
        ,\r\n        \"level\": \"Info\",\r\n        \"displayStatus\": \"Ready\"\
        ,\r\n        \"message\": \"GuestAgent is running and accepting new configurations.\"\
        ,\r\n        \"time\": \"2017-01-31T05:43:01+00:00\"\r\n      }\r\n    ],\r\
        \n    \"extensionHandlers\": []\r\n  },\r\n  \"statuses\": [\r\n    {\r\n\
        \      \"code\": \"ProvisioningState/succeeded\",\r\n      \"level\": \"Info\"\
        ,\r\n      \"displayStatus\": \"Provisioning succeeded\",\r\n      \"time\"\
        : \"2017-01-31T05:43:01.9766459+00:00\"\r\n    },\r\n    {\r\n      \"code\"\
        : \"PowerState/running\",\r\n      \"level\": \"Info\",\r\n      \"displayStatus\"\
        : \"VM running\"\r\n    }\r\n  ]\r\n}"}
    headers:
      Cache-Control: [no-cache]
      Content-Type: [application/json; charset=utf-8]
      Date: ['Tue, 31 Jan 2017 05:43:27 GMT']
      Expires: ['-1']
      Pragma: [no-cache]
      Server: [Microsoft-HTTPAPI/2.0, Microsoft-HTTPAPI/2.0]
      Strict-Transport-Security: [max-age=31536000; includeSubDomains]
      Transfer-Encoding: [chunked]
      Vary: [Accept-Encoding]
      content-length: ['821']
    status: {code: 200, message: OK}
- request:
    body: null
    headers:
      Accept: [application/json]
      Accept-Encoding: ['gzip, deflate']
      Connection: [keep-alive]
      Content-Length: ['0']
      Content-Type: [application/json; charset=utf-8]
      User-Agent: [python/3.5.0 (Windows-10.0.14393) requests/2.9.1 msrest/0.4.4 msrest_azure/0.4.7
          computemanagementclient/0.33.0 Azure-SDK-For-Python AZURECLI/TEST/0.1.1b2+dev]
      accept-language: [en-US]
      x-ms-client-request-id: [3119e1b8-e778-11e6-8d4a-64510658e3b3]
    method: POST
    uri: https://management.azure.com/subscriptions/00000000-0000-0000-0000-000000000000/resourceGroups/cli_test_vmss_vms/providers/Microsoft.Compute/virtualMachineScaleSets/vmss1/virtualmachines/%2A/poweroff?api-version=2016-04-30-preview
  response:
    body: {string: ''}
    headers:
      Azure-AsyncOperation: ['https://management.azure.com/subscriptions/0b1f6471-1bf0-4dda-aec3-cb9272f09590/providers/Microsoft.Compute/locations/westus/operations/014992f5-f338-4439-93fd-3bf38a2f60e1?api-version=2016-04-30-preview']
      Cache-Control: [no-cache]
      Content-Length: ['0']
      Date: ['Tue, 31 Jan 2017 05:43:28 GMT']
      Expires: ['-1']
      Location: ['https://management.azure.com/subscriptions/0b1f6471-1bf0-4dda-aec3-cb9272f09590/providers/Microsoft.Compute/locations/westus/operations/014992f5-f338-4439-93fd-3bf38a2f60e1?monitor=true&api-version=2016-04-30-preview']
      Pragma: [no-cache]
      Server: [Microsoft-HTTPAPI/2.0, Microsoft-HTTPAPI/2.0]
      Strict-Transport-Security: [max-age=31536000; includeSubDomains]
      x-ms-ratelimit-remaining-subscription-writes: ['1197']
    status: {code: 202, message: Accepted}
- request:
    body: null
    headers:
      Accept: [application/json]
      Accept-Encoding: ['gzip, deflate']
      Connection: [keep-alive]
      Content-Type: [application/json; charset=utf-8]
      User-Agent: [python/3.5.0 (Windows-10.0.14393) requests/2.9.1 msrest/0.4.4 msrest_azure/0.4.7
          computemanagementclient/0.33.0 Azure-SDK-For-Python AZURECLI/TEST/0.1.1b2+dev]
      accept-language: [en-US]
      x-ms-client-request-id: [3119e1b8-e778-11e6-8d4a-64510658e3b3]
    method: GET
    uri: https://management.azure.com/subscriptions/00000000-0000-0000-0000-000000000000/providers/Microsoft.Compute/locations/westus/operations/014992f5-f338-4439-93fd-3bf38a2f60e1?api-version=2016-04-30-preview
  response:
    body: {string: "{\r\n  \"startTime\": \"2017-01-31T05:43:28.5259014+00:00\",\r\
        \n  \"status\": \"InProgress\",\r\n  \"name\": \"014992f5-f338-4439-93fd-3bf38a2f60e1\"\
        \r\n}"}
    headers:
      Cache-Control: [no-cache]
      Content-Type: [application/json; charset=utf-8]
      Date: ['Tue, 31 Jan 2017 05:43:59 GMT']
      Expires: ['-1']
      Pragma: [no-cache]
      Server: [Microsoft-HTTPAPI/2.0, Microsoft-HTTPAPI/2.0]
      Strict-Transport-Security: [max-age=31536000; includeSubDomains]
      Transfer-Encoding: [chunked]
      Vary: [Accept-Encoding]
      content-length: ['134']
    status: {code: 200, message: OK}
- request:
    body: null
    headers:
      Accept: [application/json]
      Accept-Encoding: ['gzip, deflate']
      Connection: [keep-alive]
      Content-Type: [application/json; charset=utf-8]
      User-Agent: [python/3.5.0 (Windows-10.0.14393) requests/2.9.1 msrest/0.4.4 msrest_azure/0.4.7
          computemanagementclient/0.33.0 Azure-SDK-For-Python AZURECLI/TEST/0.1.1b2+dev]
      accept-language: [en-US]
      x-ms-client-request-id: [3119e1b8-e778-11e6-8d4a-64510658e3b3]
    method: GET
    uri: https://management.azure.com/subscriptions/00000000-0000-0000-0000-000000000000/providers/Microsoft.Compute/locations/westus/operations/014992f5-f338-4439-93fd-3bf38a2f60e1?api-version=2016-04-30-preview
  response:
    body: {string: "{\r\n  \"startTime\": \"2017-01-31T05:43:28.5259014+00:00\",\r\
        \n  \"status\": \"InProgress\",\r\n  \"name\": \"014992f5-f338-4439-93fd-3bf38a2f60e1\"\
        \r\n}"}
    headers:
      Cache-Control: [no-cache]
      Content-Type: [application/json; charset=utf-8]
      Date: ['Tue, 31 Jan 2017 05:44:29 GMT']
      Expires: ['-1']
      Pragma: [no-cache]
      Server: [Microsoft-HTTPAPI/2.0, Microsoft-HTTPAPI/2.0]
      Strict-Transport-Security: [max-age=31536000; includeSubDomains]
      Transfer-Encoding: [chunked]
      Vary: [Accept-Encoding]
      content-length: ['134']
    status: {code: 200, message: OK}
- request:
    body: null
    headers:
      Accept: [application/json]
      Accept-Encoding: ['gzip, deflate']
      Connection: [keep-alive]
      Content-Type: [application/json; charset=utf-8]
      User-Agent: [python/3.5.0 (Windows-10.0.14393) requests/2.9.1 msrest/0.4.4 msrest_azure/0.4.7
          computemanagementclient/0.33.0 Azure-SDK-For-Python AZURECLI/TEST/0.1.1b2+dev]
      accept-language: [en-US]
      x-ms-client-request-id: [3119e1b8-e778-11e6-8d4a-64510658e3b3]
    method: GET
    uri: https://management.azure.com/subscriptions/00000000-0000-0000-0000-000000000000/providers/Microsoft.Compute/locations/westus/operations/014992f5-f338-4439-93fd-3bf38a2f60e1?api-version=2016-04-30-preview
  response:
    body: {string: "{\r\n  \"startTime\": \"2017-01-31T05:43:28.5259014+00:00\",\r\
        \n  \"status\": \"InProgress\",\r\n  \"name\": \"014992f5-f338-4439-93fd-3bf38a2f60e1\"\
        \r\n}"}
    headers:
      Cache-Control: [no-cache]
      Content-Type: [application/json; charset=utf-8]
      Date: ['Tue, 31 Jan 2017 05:44:58 GMT']
      Expires: ['-1']
      Pragma: [no-cache]
      Server: [Microsoft-HTTPAPI/2.0, Microsoft-HTTPAPI/2.0]
      Strict-Transport-Security: [max-age=31536000; includeSubDomains]
      Transfer-Encoding: [chunked]
      Vary: [Accept-Encoding]
      content-length: ['134']
    status: {code: 200, message: OK}
- request:
    body: null
    headers:
      Accept: [application/json]
      Accept-Encoding: ['gzip, deflate']
      Connection: [keep-alive]
      Content-Type: [application/json; charset=utf-8]
      User-Agent: [python/3.5.0 (Windows-10.0.14393) requests/2.9.1 msrest/0.4.4 msrest_azure/0.4.7
          computemanagementclient/0.33.0 Azure-SDK-For-Python AZURECLI/TEST/0.1.1b2+dev]
      accept-language: [en-US]
      x-ms-client-request-id: [3119e1b8-e778-11e6-8d4a-64510658e3b3]
    method: GET
    uri: https://management.azure.com/subscriptions/00000000-0000-0000-0000-000000000000/providers/Microsoft.Compute/locations/westus/operations/014992f5-f338-4439-93fd-3bf38a2f60e1?api-version=2016-04-30-preview
  response:
    body: {string: "{\r\n  \"startTime\": \"2017-01-31T05:43:28.5259014+00:00\",\r\
        \n  \"status\": \"InProgress\",\r\n  \"name\": \"014992f5-f338-4439-93fd-3bf38a2f60e1\"\
        \r\n}"}
    headers:
      Cache-Control: [no-cache]
      Content-Type: [application/json; charset=utf-8]
      Date: ['Tue, 31 Jan 2017 05:45:29 GMT']
      Expires: ['-1']
      Pragma: [no-cache]
      Server: [Microsoft-HTTPAPI/2.0, Microsoft-HTTPAPI/2.0]
      Strict-Transport-Security: [max-age=31536000; includeSubDomains]
      Transfer-Encoding: [chunked]
      Vary: [Accept-Encoding]
      content-length: ['134']
    status: {code: 200, message: OK}
- request:
    body: null
    headers:
      Accept: [application/json]
      Accept-Encoding: ['gzip, deflate']
      Connection: [keep-alive]
      Content-Type: [application/json; charset=utf-8]
      User-Agent: [python/3.5.0 (Windows-10.0.14393) requests/2.9.1 msrest/0.4.4 msrest_azure/0.4.7
          computemanagementclient/0.33.0 Azure-SDK-For-Python AZURECLI/TEST/0.1.1b2+dev]
      accept-language: [en-US]
      x-ms-client-request-id: [3119e1b8-e778-11e6-8d4a-64510658e3b3]
    method: GET
    uri: https://management.azure.com/subscriptions/00000000-0000-0000-0000-000000000000/providers/Microsoft.Compute/locations/westus/operations/014992f5-f338-4439-93fd-3bf38a2f60e1?api-version=2016-04-30-preview
  response:
    body: {string: "{\r\n  \"startTime\": \"2017-01-31T05:43:28.5259014+00:00\",\r\
        \n  \"status\": \"InProgress\",\r\n  \"name\": \"014992f5-f338-4439-93fd-3bf38a2f60e1\"\
        \r\n}"}
    headers:
      Cache-Control: [no-cache]
      Content-Type: [application/json; charset=utf-8]
      Date: ['Tue, 31 Jan 2017 05:45:59 GMT']
      Expires: ['-1']
      Pragma: [no-cache]
      Server: [Microsoft-HTTPAPI/2.0, Microsoft-HTTPAPI/2.0]
      Strict-Transport-Security: [max-age=31536000; includeSubDomains]
      Transfer-Encoding: [chunked]
      Vary: [Accept-Encoding]
      content-length: ['134']
    status: {code: 200, message: OK}
- request:
    body: null
    headers:
      Accept: [application/json]
      Accept-Encoding: ['gzip, deflate']
      Connection: [keep-alive]
      Content-Type: [application/json; charset=utf-8]
      User-Agent: [python/3.5.0 (Windows-10.0.14393) requests/2.9.1 msrest/0.4.4 msrest_azure/0.4.7
          computemanagementclient/0.33.0 Azure-SDK-For-Python AZURECLI/TEST/0.1.1b2+dev]
      accept-language: [en-US]
      x-ms-client-request-id: [3119e1b8-e778-11e6-8d4a-64510658e3b3]
    method: GET
    uri: https://management.azure.com/subscriptions/00000000-0000-0000-0000-000000000000/providers/Microsoft.Compute/locations/westus/operations/014992f5-f338-4439-93fd-3bf38a2f60e1?api-version=2016-04-30-preview
  response:
    body: {string: "{\r\n  \"startTime\": \"2017-01-31T05:43:28.5259014+00:00\",\r\
        \n  \"status\": \"InProgress\",\r\n  \"name\": \"014992f5-f338-4439-93fd-3bf38a2f60e1\"\
        \r\n}"}
    headers:
      Cache-Control: [no-cache]
      Content-Type: [application/json; charset=utf-8]
      Date: ['Tue, 31 Jan 2017 05:46:30 GMT']
      Expires: ['-1']
      Pragma: [no-cache]
      Server: [Microsoft-HTTPAPI/2.0, Microsoft-HTTPAPI/2.0]
      Strict-Transport-Security: [max-age=31536000; includeSubDomains]
      Transfer-Encoding: [chunked]
      Vary: [Accept-Encoding]
      content-length: ['134']
    status: {code: 200, message: OK}
- request:
    body: null
    headers:
      Accept: [application/json]
      Accept-Encoding: ['gzip, deflate']
      Connection: [keep-alive]
      Content-Type: [application/json; charset=utf-8]
      User-Agent: [python/3.5.0 (Windows-10.0.14393) requests/2.9.1 msrest/0.4.4 msrest_azure/0.4.7
          computemanagementclient/0.33.0 Azure-SDK-For-Python AZURECLI/TEST/0.1.1b2+dev]
      accept-language: [en-US]
      x-ms-client-request-id: [3119e1b8-e778-11e6-8d4a-64510658e3b3]
    method: GET
    uri: https://management.azure.com/subscriptions/00000000-0000-0000-0000-000000000000/providers/Microsoft.Compute/locations/westus/operations/014992f5-f338-4439-93fd-3bf38a2f60e1?api-version=2016-04-30-preview
  response:
    body: {string: "{\r\n  \"startTime\": \"2017-01-31T05:43:28.5259014+00:00\",\r\
        \n  \"status\": \"InProgress\",\r\n  \"name\": \"014992f5-f338-4439-93fd-3bf38a2f60e1\"\
        \r\n}"}
    headers:
      Cache-Control: [no-cache]
      Content-Type: [application/json; charset=utf-8]
      Date: ['Tue, 31 Jan 2017 05:47:00 GMT']
      Expires: ['-1']
      Pragma: [no-cache]
      Server: [Microsoft-HTTPAPI/2.0, Microsoft-HTTPAPI/2.0]
      Strict-Transport-Security: [max-age=31536000; includeSubDomains]
      Transfer-Encoding: [chunked]
      Vary: [Accept-Encoding]
      content-length: ['134']
    status: {code: 200, message: OK}
- request:
    body: null
    headers:
      Accept: [application/json]
      Accept-Encoding: ['gzip, deflate']
      Connection: [keep-alive]
      Content-Type: [application/json; charset=utf-8]
      User-Agent: [python/3.5.0 (Windows-10.0.14393) requests/2.9.1 msrest/0.4.4 msrest_azure/0.4.7
          computemanagementclient/0.33.0 Azure-SDK-For-Python AZURECLI/TEST/0.1.1b2+dev]
      accept-language: [en-US]
      x-ms-client-request-id: [3119e1b8-e778-11e6-8d4a-64510658e3b3]
    method: GET
    uri: https://management.azure.com/subscriptions/00000000-0000-0000-0000-000000000000/providers/Microsoft.Compute/locations/westus/operations/014992f5-f338-4439-93fd-3bf38a2f60e1?api-version=2016-04-30-preview
  response:
    body: {string: "{\r\n  \"startTime\": \"2017-01-31T05:43:28.5259014+00:00\",\r\
        \n  \"status\": \"InProgress\",\r\n  \"name\": \"014992f5-f338-4439-93fd-3bf38a2f60e1\"\
        \r\n}"}
    headers:
      Cache-Control: [no-cache]
      Content-Type: [application/json; charset=utf-8]
      Date: ['Tue, 31 Jan 2017 05:47:31 GMT']
      Expires: ['-1']
      Pragma: [no-cache]
      Server: [Microsoft-HTTPAPI/2.0, Microsoft-HTTPAPI/2.0]
      Strict-Transport-Security: [max-age=31536000; includeSubDomains]
      Transfer-Encoding: [chunked]
      Vary: [Accept-Encoding]
      content-length: ['134']
    status: {code: 200, message: OK}
- request:
    body: null
    headers:
      Accept: [application/json]
      Accept-Encoding: ['gzip, deflate']
      Connection: [keep-alive]
      Content-Type: [application/json; charset=utf-8]
      User-Agent: [python/3.5.0 (Windows-10.0.14393) requests/2.9.1 msrest/0.4.4 msrest_azure/0.4.7
          computemanagementclient/0.33.0 Azure-SDK-For-Python AZURECLI/TEST/0.1.1b2+dev]
      accept-language: [en-US]
      x-ms-client-request-id: [3119e1b8-e778-11e6-8d4a-64510658e3b3]
    method: GET
    uri: https://management.azure.com/subscriptions/00000000-0000-0000-0000-000000000000/providers/Microsoft.Compute/locations/westus/operations/014992f5-f338-4439-93fd-3bf38a2f60e1?api-version=2016-04-30-preview
  response:
    body: {string: "{\r\n  \"startTime\": \"2017-01-31T05:43:28.5259014+00:00\",\r\
        \n  \"status\": \"InProgress\",\r\n  \"name\": \"014992f5-f338-4439-93fd-3bf38a2f60e1\"\
        \r\n}"}
    headers:
      Cache-Control: [no-cache]
      Content-Type: [application/json; charset=utf-8]
      Date: ['Tue, 31 Jan 2017 05:48:01 GMT']
      Expires: ['-1']
      Pragma: [no-cache]
      Server: [Microsoft-HTTPAPI/2.0, Microsoft-HTTPAPI/2.0]
      Strict-Transport-Security: [max-age=31536000; includeSubDomains]
      Transfer-Encoding: [chunked]
      Vary: [Accept-Encoding]
      content-length: ['134']
    status: {code: 200, message: OK}
- request:
    body: null
    headers:
      Accept: [application/json]
      Accept-Encoding: ['gzip, deflate']
      Connection: [keep-alive]
      Content-Type: [application/json; charset=utf-8]
      User-Agent: [python/3.5.0 (Windows-10.0.14393) requests/2.9.1 msrest/0.4.4 msrest_azure/0.4.7
          computemanagementclient/0.33.0 Azure-SDK-For-Python AZURECLI/TEST/0.1.1b2+dev]
      accept-language: [en-US]
      x-ms-client-request-id: [3119e1b8-e778-11e6-8d4a-64510658e3b3]
    method: GET
    uri: https://management.azure.com/subscriptions/00000000-0000-0000-0000-000000000000/providers/Microsoft.Compute/locations/westus/operations/014992f5-f338-4439-93fd-3bf38a2f60e1?api-version=2016-04-30-preview
  response:
    body: {string: "{\r\n  \"startTime\": \"2017-01-31T05:43:28.5259014+00:00\",\r\
        \n  \"status\": \"InProgress\",\r\n  \"name\": \"014992f5-f338-4439-93fd-3bf38a2f60e1\"\
        \r\n}"}
    headers:
      Cache-Control: [no-cache]
      Content-Type: [application/json; charset=utf-8]
      Date: ['Tue, 31 Jan 2017 05:48:30 GMT']
      Expires: ['-1']
      Pragma: [no-cache]
      Server: [Microsoft-HTTPAPI/2.0, Microsoft-HTTPAPI/2.0]
      Strict-Transport-Security: [max-age=31536000; includeSubDomains]
      Transfer-Encoding: [chunked]
      Vary: [Accept-Encoding]
      content-length: ['134']
    status: {code: 200, message: OK}
- request:
    body: null
    headers:
      Accept: [application/json]
      Accept-Encoding: ['gzip, deflate']
      Connection: [keep-alive]
      Content-Type: [application/json; charset=utf-8]
      User-Agent: [python/3.5.0 (Windows-10.0.14393) requests/2.9.1 msrest/0.4.4 msrest_azure/0.4.7
          computemanagementclient/0.33.0 Azure-SDK-For-Python AZURECLI/TEST/0.1.1b2+dev]
      accept-language: [en-US]
      x-ms-client-request-id: [3119e1b8-e778-11e6-8d4a-64510658e3b3]
    method: GET
    uri: https://management.azure.com/subscriptions/00000000-0000-0000-0000-000000000000/providers/Microsoft.Compute/locations/westus/operations/014992f5-f338-4439-93fd-3bf38a2f60e1?api-version=2016-04-30-preview
  response:
    body: {string: "{\r\n  \"startTime\": \"2017-01-31T05:43:28.5259014+00:00\",\r\
        \n  \"status\": \"InProgress\",\r\n  \"name\": \"014992f5-f338-4439-93fd-3bf38a2f60e1\"\
        \r\n}"}
    headers:
      Cache-Control: [no-cache]
      Content-Type: [application/json; charset=utf-8]
      Date: ['Tue, 31 Jan 2017 05:49:02 GMT']
      Expires: ['-1']
      Pragma: [no-cache]
      Server: [Microsoft-HTTPAPI/2.0, Microsoft-HTTPAPI/2.0]
      Strict-Transport-Security: [max-age=31536000; includeSubDomains]
      Transfer-Encoding: [chunked]
      Vary: [Accept-Encoding]
      content-length: ['134']
    status: {code: 200, message: OK}
- request:
    body: null
    headers:
      Accept: [application/json]
      Accept-Encoding: ['gzip, deflate']
      Connection: [keep-alive]
      Content-Type: [application/json; charset=utf-8]
      User-Agent: [python/3.5.0 (Windows-10.0.14393) requests/2.9.1 msrest/0.4.4 msrest_azure/0.4.7
          computemanagementclient/0.33.0 Azure-SDK-For-Python AZURECLI/TEST/0.1.1b2+dev]
      accept-language: [en-US]
      x-ms-client-request-id: [3119e1b8-e778-11e6-8d4a-64510658e3b3]
    method: GET
    uri: https://management.azure.com/subscriptions/00000000-0000-0000-0000-000000000000/providers/Microsoft.Compute/locations/westus/operations/014992f5-f338-4439-93fd-3bf38a2f60e1?api-version=2016-04-30-preview
  response:
    body: {string: "{\r\n  \"startTime\": \"2017-01-31T05:43:28.5259014+00:00\",\r\
        \n  \"status\": \"InProgress\",\r\n  \"name\": \"014992f5-f338-4439-93fd-3bf38a2f60e1\"\
        \r\n}"}
    headers:
      Cache-Control: [no-cache]
      Content-Type: [application/json; charset=utf-8]
      Date: ['Tue, 31 Jan 2017 05:49:32 GMT']
      Expires: ['-1']
      Pragma: [no-cache]
      Server: [Microsoft-HTTPAPI/2.0, Microsoft-HTTPAPI/2.0]
      Strict-Transport-Security: [max-age=31536000; includeSubDomains]
      Transfer-Encoding: [chunked]
      Vary: [Accept-Encoding]
      content-length: ['134']
    status: {code: 200, message: OK}
- request:
    body: null
    headers:
      Accept: [application/json]
      Accept-Encoding: ['gzip, deflate']
      Connection: [keep-alive]
      Content-Type: [application/json; charset=utf-8]
      User-Agent: [python/3.5.0 (Windows-10.0.14393) requests/2.9.1 msrest/0.4.4 msrest_azure/0.4.7
          computemanagementclient/0.33.0 Azure-SDK-For-Python AZURECLI/TEST/0.1.1b2+dev]
      accept-language: [en-US]
      x-ms-client-request-id: [3119e1b8-e778-11e6-8d4a-64510658e3b3]
    method: GET
    uri: https://management.azure.com/subscriptions/00000000-0000-0000-0000-000000000000/providers/Microsoft.Compute/locations/westus/operations/014992f5-f338-4439-93fd-3bf38a2f60e1?api-version=2016-04-30-preview
  response:
    body: {string: "{\r\n  \"startTime\": \"2017-01-31T05:43:28.5259014+00:00\",\r\
        \n  \"status\": \"InProgress\",\r\n  \"name\": \"014992f5-f338-4439-93fd-3bf38a2f60e1\"\
        \r\n}"}
    headers:
      Cache-Control: [no-cache]
      Content-Type: [application/json; charset=utf-8]
      Date: ['Tue, 31 Jan 2017 05:50:03 GMT']
      Expires: ['-1']
      Pragma: [no-cache]
      Server: [Microsoft-HTTPAPI/2.0, Microsoft-HTTPAPI/2.0]
      Strict-Transport-Security: [max-age=31536000; includeSubDomains]
      Transfer-Encoding: [chunked]
      Vary: [Accept-Encoding]
      content-length: ['134']
    status: {code: 200, message: OK}
- request:
    body: null
    headers:
      Accept: [application/json]
      Accept-Encoding: ['gzip, deflate']
      Connection: [keep-alive]
      Content-Type: [application/json; charset=utf-8]
      User-Agent: [python/3.5.0 (Windows-10.0.14393) requests/2.9.1 msrest/0.4.4 msrest_azure/0.4.7
          computemanagementclient/0.33.0 Azure-SDK-For-Python AZURECLI/TEST/0.1.1b2+dev]
      accept-language: [en-US]
      x-ms-client-request-id: [3119e1b8-e778-11e6-8d4a-64510658e3b3]
    method: GET
    uri: https://management.azure.com/subscriptions/00000000-0000-0000-0000-000000000000/providers/Microsoft.Compute/locations/westus/operations/014992f5-f338-4439-93fd-3bf38a2f60e1?api-version=2016-04-30-preview
  response:
    body: {string: "{\r\n  \"startTime\": \"2017-01-31T05:43:28.5259014+00:00\",\r\
        \n  \"status\": \"InProgress\",\r\n  \"name\": \"014992f5-f338-4439-93fd-3bf38a2f60e1\"\
        \r\n}"}
    headers:
      Cache-Control: [no-cache]
      Content-Type: [application/json; charset=utf-8]
      Date: ['Tue, 31 Jan 2017 05:50:32 GMT']
      Expires: ['-1']
      Pragma: [no-cache]
      Server: [Microsoft-HTTPAPI/2.0, Microsoft-HTTPAPI/2.0]
      Strict-Transport-Security: [max-age=31536000; includeSubDomains]
      Transfer-Encoding: [chunked]
      Vary: [Accept-Encoding]
      content-length: ['134']
    status: {code: 200, message: OK}
- request:
    body: null
    headers:
      Accept: [application/json]
      Accept-Encoding: ['gzip, deflate']
      Connection: [keep-alive]
      Content-Type: [application/json; charset=utf-8]
      User-Agent: [python/3.5.0 (Windows-10.0.14393) requests/2.9.1 msrest/0.4.4 msrest_azure/0.4.7
          computemanagementclient/0.33.0 Azure-SDK-For-Python AZURECLI/TEST/0.1.1b2+dev]
      accept-language: [en-US]
      x-ms-client-request-id: [3119e1b8-e778-11e6-8d4a-64510658e3b3]
    method: GET
    uri: https://management.azure.com/subscriptions/00000000-0000-0000-0000-000000000000/providers/Microsoft.Compute/locations/westus/operations/014992f5-f338-4439-93fd-3bf38a2f60e1?api-version=2016-04-30-preview
  response:
    body: {string: "{\r\n  \"startTime\": \"2017-01-31T05:43:28.5259014+00:00\",\r\
        \n  \"status\": \"InProgress\",\r\n  \"name\": \"014992f5-f338-4439-93fd-3bf38a2f60e1\"\
        \r\n}"}
    headers:
      Cache-Control: [no-cache]
      Content-Type: [application/json; charset=utf-8]
      Date: ['Tue, 31 Jan 2017 05:51:03 GMT']
      Expires: ['-1']
      Pragma: [no-cache]
      Server: [Microsoft-HTTPAPI/2.0, Microsoft-HTTPAPI/2.0]
      Strict-Transport-Security: [max-age=31536000; includeSubDomains]
      Transfer-Encoding: [chunked]
      Vary: [Accept-Encoding]
      content-length: ['134']
    status: {code: 200, message: OK}
- request:
    body: null
    headers:
      Accept: [application/json]
      Accept-Encoding: ['gzip, deflate']
      Connection: [keep-alive]
      Content-Type: [application/json; charset=utf-8]
      User-Agent: [python/3.5.0 (Windows-10.0.14393) requests/2.9.1 msrest/0.4.4 msrest_azure/0.4.7
          computemanagementclient/0.33.0 Azure-SDK-For-Python AZURECLI/TEST/0.1.1b2+dev]
      accept-language: [en-US]
      x-ms-client-request-id: [3119e1b8-e778-11e6-8d4a-64510658e3b3]
    method: GET
    uri: https://management.azure.com/subscriptions/00000000-0000-0000-0000-000000000000/providers/Microsoft.Compute/locations/westus/operations/014992f5-f338-4439-93fd-3bf38a2f60e1?api-version=2016-04-30-preview
  response:
    body: {string: "{\r\n  \"startTime\": \"2017-01-31T05:43:28.5259014+00:00\",\r\
        \n  \"status\": \"InProgress\",\r\n  \"name\": \"014992f5-f338-4439-93fd-3bf38a2f60e1\"\
        \r\n}"}
    headers:
      Cache-Control: [no-cache]
      Content-Type: [application/json; charset=utf-8]
      Date: ['Tue, 31 Jan 2017 05:51:33 GMT']
      Expires: ['-1']
      Pragma: [no-cache]
      Server: [Microsoft-HTTPAPI/2.0, Microsoft-HTTPAPI/2.0]
      Strict-Transport-Security: [max-age=31536000; includeSubDomains]
      Transfer-Encoding: [chunked]
      Vary: [Accept-Encoding]
      content-length: ['134']
    status: {code: 200, message: OK}
- request:
    body: null
    headers:
      Accept: [application/json]
      Accept-Encoding: ['gzip, deflate']
      Connection: [keep-alive]
      Content-Type: [application/json; charset=utf-8]
      User-Agent: [python/3.5.0 (Windows-10.0.14393) requests/2.9.1 msrest/0.4.4 msrest_azure/0.4.7
          computemanagementclient/0.33.0 Azure-SDK-For-Python AZURECLI/TEST/0.1.1b2+dev]
      accept-language: [en-US]
      x-ms-client-request-id: [3119e1b8-e778-11e6-8d4a-64510658e3b3]
    method: GET
    uri: https://management.azure.com/subscriptions/00000000-0000-0000-0000-000000000000/providers/Microsoft.Compute/locations/westus/operations/014992f5-f338-4439-93fd-3bf38a2f60e1?api-version=2016-04-30-preview
  response:
    body: {string: "{\r\n  \"startTime\": \"2017-01-31T05:43:28.5259014+00:00\",\r\
        \n  \"status\": \"InProgress\",\r\n  \"name\": \"014992f5-f338-4439-93fd-3bf38a2f60e1\"\
        \r\n}"}
    headers:
      Cache-Control: [no-cache]
      Content-Type: [application/json; charset=utf-8]
      Date: ['Tue, 31 Jan 2017 05:52:04 GMT']
      Expires: ['-1']
      Pragma: [no-cache]
      Server: [Microsoft-HTTPAPI/2.0, Microsoft-HTTPAPI/2.0]
      Strict-Transport-Security: [max-age=31536000; includeSubDomains]
      Transfer-Encoding: [chunked]
      Vary: [Accept-Encoding]
      content-length: ['134']
    status: {code: 200, message: OK}
- request:
    body: null
    headers:
      Accept: [application/json]
      Accept-Encoding: ['gzip, deflate']
      Connection: [keep-alive]
      Content-Type: [application/json; charset=utf-8]
      User-Agent: [python/3.5.0 (Windows-10.0.14393) requests/2.9.1 msrest/0.4.4 msrest_azure/0.4.7
          computemanagementclient/0.33.0 Azure-SDK-For-Python AZURECLI/TEST/0.1.1b2+dev]
      accept-language: [en-US]
      x-ms-client-request-id: [3119e1b8-e778-11e6-8d4a-64510658e3b3]
    method: GET
    uri: https://management.azure.com/subscriptions/00000000-0000-0000-0000-000000000000/providers/Microsoft.Compute/locations/westus/operations/014992f5-f338-4439-93fd-3bf38a2f60e1?api-version=2016-04-30-preview
  response:
    body: {string: "{\r\n  \"startTime\": \"2017-01-31T05:43:28.5259014+00:00\",\r\
        \n  \"status\": \"InProgress\",\r\n  \"name\": \"014992f5-f338-4439-93fd-3bf38a2f60e1\"\
        \r\n}"}
    headers:
      Cache-Control: [no-cache]
      Content-Type: [application/json; charset=utf-8]
      Date: ['Tue, 31 Jan 2017 05:52:34 GMT']
      Expires: ['-1']
      Pragma: [no-cache]
      Server: [Microsoft-HTTPAPI/2.0, Microsoft-HTTPAPI/2.0]
      Strict-Transport-Security: [max-age=31536000; includeSubDomains]
      Transfer-Encoding: [chunked]
      Vary: [Accept-Encoding]
      content-length: ['134']
    status: {code: 200, message: OK}
- request:
    body: null
    headers:
      Accept: [application/json]
      Accept-Encoding: ['gzip, deflate']
      Connection: [keep-alive]
      Content-Type: [application/json; charset=utf-8]
      User-Agent: [python/3.5.0 (Windows-10.0.14393) requests/2.9.1 msrest/0.4.4 msrest_azure/0.4.7
          computemanagementclient/0.33.0 Azure-SDK-For-Python AZURECLI/TEST/0.1.1b2+dev]
      accept-language: [en-US]
      x-ms-client-request-id: [3119e1b8-e778-11e6-8d4a-64510658e3b3]
    method: GET
    uri: https://management.azure.com/subscriptions/00000000-0000-0000-0000-000000000000/providers/Microsoft.Compute/locations/westus/operations/014992f5-f338-4439-93fd-3bf38a2f60e1?api-version=2016-04-30-preview
  response:
    body: {string: "{\r\n  \"startTime\": \"2017-01-31T05:43:28.5259014+00:00\",\r\
        \n  \"status\": \"InProgress\",\r\n  \"name\": \"014992f5-f338-4439-93fd-3bf38a2f60e1\"\
        \r\n}"}
    headers:
      Cache-Control: [no-cache]
      Content-Type: [application/json; charset=utf-8]
      Date: ['Tue, 31 Jan 2017 05:53:04 GMT']
      Expires: ['-1']
      Pragma: [no-cache]
      Server: [Microsoft-HTTPAPI/2.0, Microsoft-HTTPAPI/2.0]
      Strict-Transport-Security: [max-age=31536000; includeSubDomains]
      Transfer-Encoding: [chunked]
      Vary: [Accept-Encoding]
      content-length: ['134']
    status: {code: 200, message: OK}
- request:
    body: null
    headers:
      Accept: [application/json]
      Accept-Encoding: ['gzip, deflate']
      Connection: [keep-alive]
      Content-Type: [application/json; charset=utf-8]
      User-Agent: [python/3.5.0 (Windows-10.0.14393) requests/2.9.1 msrest/0.4.4 msrest_azure/0.4.7
          computemanagementclient/0.33.0 Azure-SDK-For-Python AZURECLI/TEST/0.1.1b2+dev]
      accept-language: [en-US]
      x-ms-client-request-id: [3119e1b8-e778-11e6-8d4a-64510658e3b3]
    method: GET
    uri: https://management.azure.com/subscriptions/00000000-0000-0000-0000-000000000000/providers/Microsoft.Compute/locations/westus/operations/014992f5-f338-4439-93fd-3bf38a2f60e1?api-version=2016-04-30-preview
  response:
    body: {string: "{\r\n  \"startTime\": \"2017-01-31T05:43:28.5259014+00:00\",\r\
        \n  \"status\": \"InProgress\",\r\n  \"name\": \"014992f5-f338-4439-93fd-3bf38a2f60e1\"\
        \r\n}"}
    headers:
      Cache-Control: [no-cache]
      Content-Type: [application/json; charset=utf-8]
      Date: ['Tue, 31 Jan 2017 05:53:36 GMT']
      Expires: ['-1']
      Pragma: [no-cache]
      Server: [Microsoft-HTTPAPI/2.0, Microsoft-HTTPAPI/2.0]
      Strict-Transport-Security: [max-age=31536000; includeSubDomains]
      Transfer-Encoding: [chunked]
      Vary: [Accept-Encoding]
      content-length: ['134']
    status: {code: 200, message: OK}
- request:
    body: null
    headers:
      Accept: [application/json]
      Accept-Encoding: ['gzip, deflate']
      Connection: [keep-alive]
      Content-Type: [application/json; charset=utf-8]
      User-Agent: [python/3.5.0 (Windows-10.0.14393) requests/2.9.1 msrest/0.4.4 msrest_azure/0.4.7
          computemanagementclient/0.33.0 Azure-SDK-For-Python AZURECLI/TEST/0.1.1b2+dev]
      accept-language: [en-US]
      x-ms-client-request-id: [3119e1b8-e778-11e6-8d4a-64510658e3b3]
    method: GET
    uri: https://management.azure.com/subscriptions/00000000-0000-0000-0000-000000000000/providers/Microsoft.Compute/locations/westus/operations/014992f5-f338-4439-93fd-3bf38a2f60e1?api-version=2016-04-30-preview
  response:
    body: {string: "{\r\n  \"startTime\": \"2017-01-31T05:43:28.5259014+00:00\",\r\
        \n  \"endTime\": \"2017-01-31T05:54:04.4741359+00:00\",\r\n  \"status\": \"\
        Succeeded\",\r\n  \"name\": \"014992f5-f338-4439-93fd-3bf38a2f60e1\"\r\n}"}
    headers:
      Cache-Control: [no-cache]
      Content-Type: [application/json; charset=utf-8]
      Date: ['Tue, 31 Jan 2017 05:54:06 GMT']
      Expires: ['-1']
      Pragma: [no-cache]
      Server: [Microsoft-HTTPAPI/2.0, Microsoft-HTTPAPI/2.0]
      Strict-Transport-Security: [max-age=31536000; includeSubDomains]
      Transfer-Encoding: [chunked]
      Vary: [Accept-Encoding]
      content-length: ['184']
    status: {code: 200, message: OK}
- request:
    body: null
    headers:
      Accept: [application/json]
      Accept-Encoding: ['gzip, deflate']
      Connection: [keep-alive]
      Content-Type: [application/json; charset=utf-8]
      User-Agent: [python/3.5.0 (Windows-10.0.14393) requests/2.9.1 msrest/0.4.4 msrest_azure/0.4.7
          computemanagementclient/0.33.0 Azure-SDK-For-Python AZURECLI/TEST/0.1.1b2+dev]
      accept-language: [en-US]
      x-ms-client-request-id: [ae4498d0-e779-11e6-8732-64510658e3b3]
    method: GET
    uri: https://management.azure.com/subscriptions/00000000-0000-0000-0000-000000000000/resourceGroups/cli_test_vmss_vms/providers/Microsoft.Compute/virtualMachineScaleSets/vmss1/virtualmachines/1/instanceView?api-version=2016-04-30-preview
  response:
    body: {string: "{\r\n  \"placementGroupId\": \"11b17718-e199-486d-a2f4-b711010afb00\"\
        ,\r\n  \"platformUpdateDomain\": 1,\r\n  \"platformFaultDomain\": 1,\r\n \
        \ \"vmAgent\": {\r\n    \"vmAgentVersion\": \"WALinuxAgent-2.0.16\",\r\n \
        \   \"statuses\": [\r\n      {\r\n        \"code\": \"ProvisioningState/succeeded\"\
        ,\r\n        \"level\": \"Info\",\r\n        \"displayStatus\": \"Ready\"\
        ,\r\n        \"message\": \"GuestAgent is running and accepting new configurations.\"\
        ,\r\n        \"time\": \"2017-01-31T05:51:44+00:00\"\r\n      }\r\n    ],\r\
        \n    \"extensionHandlers\": []\r\n  },\r\n  \"statuses\": [\r\n    {\r\n\
        \      \"code\": \"ProvisioningState/succeeded\",\r\n      \"level\": \"Info\"\
        ,\r\n      \"displayStatus\": \"Provisioning succeeded\",\r\n      \"time\"\
        : \"2017-01-31T05:54:04.4426341+00:00\"\r\n    },\r\n    {\r\n      \"code\"\
        : \"PowerState/stopped\",\r\n      \"level\": \"Info\",\r\n      \"displayStatus\"\
        : \"VM stopped\"\r\n    }\r\n  ]\r\n}"}
    headers:
      Cache-Control: [no-cache]
      Content-Type: [application/json; charset=utf-8]
      Date: ['Tue, 31 Jan 2017 05:54:08 GMT']
      Expires: ['-1']
      Pragma: [no-cache]
      Server: [Microsoft-HTTPAPI/2.0, Microsoft-HTTPAPI/2.0]
      Strict-Transport-Security: [max-age=31536000; includeSubDomains]
      Transfer-Encoding: [chunked]
      Vary: [Accept-Encoding]
      content-length: ['821']
    status: {code: 200, message: OK}
- request:
    body: null
    headers:
      Accept: [application/json]
      Accept-Encoding: ['gzip, deflate']
      Connection: [keep-alive]
      Content-Type: [application/json; charset=utf-8]
      User-Agent: [python/3.5.0 (Windows-10.0.14393) requests/2.9.1 msrest/0.4.4 msrest_azure/0.4.7
          computemanagementclient/0.33.0 Azure-SDK-For-Python AZURECLI/TEST/0.1.1b2+dev]
      accept-language: [en-US]
      x-ms-client-request-id: [aedec928-e779-11e6-86d2-64510658e3b3]
    method: GET
    uri: https://management.azure.com/subscriptions/00000000-0000-0000-0000-000000000000/resourceGroups/cli_test_vmss_vms/providers/Microsoft.Compute/virtualMachineScaleSets/vmss1/virtualmachines/3/instanceView?api-version=2016-04-30-preview
  response:
    body: {string: "{\r\n  \"placementGroupId\": \"11b17718-e199-486d-a2f4-b711010afb00\"\
        ,\r\n  \"platformUpdateDomain\": 3,\r\n  \"platformFaultDomain\": 3,\r\n \
        \ \"vmAgent\": {\r\n    \"vmAgentVersion\": \"Unknown\",\r\n    \"statuses\"\
        : [\r\n      {\r\n        \"code\": \"ProvisioningState/Unavailable\",\r\n\
        \        \"level\": \"Warning\",\r\n        \"displayStatus\": \"Not Ready\"\
        ,\r\n        \"message\": \"VM Agent is unresponsive.\",\r\n        \"time\"\
        : \"2017-01-31T05:54:09+00:00\"\r\n      }\r\n    ]\r\n  },\r\n  \"statuses\"\
        : [\r\n    {\r\n      \"code\": \"ProvisioningState/succeeded\",\r\n     \
        \ \"level\": \"Info\",\r\n      \"displayStatus\": \"Provisioning succeeded\"\
        ,\r\n      \"time\": \"2017-01-31T05:43:49.8715666+00:00\"\r\n    },\r\n \
        \   {\r\n      \"code\": \"PowerState/stopped\",\r\n      \"level\": \"Info\"\
        ,\r\n      \"displayStatus\": \"VM stopped\"\r\n    }\r\n  ]\r\n}"}
    headers:
      Cache-Control: [no-cache]
      Content-Type: [application/json; charset=utf-8]
      Date: ['Tue, 31 Jan 2017 05:54:09 GMT']
      Expires: ['-1']
      Pragma: [no-cache]
      Server: [Microsoft-HTTPAPI/2.0, Microsoft-HTTPAPI/2.0]
      Strict-Transport-Security: [max-age=31536000; includeSubDomains]
      Transfer-Encoding: [chunked]
      Vary: [Accept-Encoding]
      content-length: ['758']
    status: {code: 200, message: OK}
- request:
    body: null
    headers:
      Accept: [application/json]
      Accept-Encoding: ['gzip, deflate']
      Connection: [keep-alive]
      Content-Length: ['0']
      Content-Type: [application/json; charset=utf-8]
      User-Agent: [python/3.5.0 (Windows-10.0.14393) requests/2.9.1 msrest/0.4.4 msrest_azure/0.4.7
          computemanagementclient/0.33.0 Azure-SDK-For-Python AZURECLI/TEST/0.1.1b2+dev]
      accept-language: [en-US]
      x-ms-client-request-id: [af5c5cb4-e779-11e6-9953-64510658e3b3]
    method: POST
    uri: https://management.azure.com/subscriptions/00000000-0000-0000-0000-000000000000/resourceGroups/cli_test_vmss_vms/providers/Microsoft.Compute/virtualMachineScaleSets/vmss1/virtualmachines/%2A/start?api-version=2016-04-30-preview
  response:
    body: {string: ''}
    headers:
      Azure-AsyncOperation: ['https://management.azure.com/subscriptions/0b1f6471-1bf0-4dda-aec3-cb9272f09590/providers/Microsoft.Compute/locations/westus/operations/21816406-a079-4c64-a837-394036766b47?api-version=2016-04-30-preview']
      Cache-Control: [no-cache]
      Content-Length: ['0']
      Date: ['Tue, 31 Jan 2017 05:54:10 GMT']
      Expires: ['-1']
      Location: ['https://management.azure.com/subscriptions/0b1f6471-1bf0-4dda-aec3-cb9272f09590/providers/Microsoft.Compute/locations/westus/operations/21816406-a079-4c64-a837-394036766b47?monitor=true&api-version=2016-04-30-preview']
      Pragma: [no-cache]
      Server: [Microsoft-HTTPAPI/2.0, Microsoft-HTTPAPI/2.0]
      Strict-Transport-Security: [max-age=31536000; includeSubDomains]
      x-ms-ratelimit-remaining-subscription-writes: ['1199']
    status: {code: 202, message: Accepted}
- request:
    body: null
    headers:
      Accept: [application/json]
      Accept-Encoding: ['gzip, deflate']
      Connection: [keep-alive]
      Content-Type: [application/json; charset=utf-8]
      User-Agent: [python/3.5.0 (Windows-10.0.14393) requests/2.9.1 msrest/0.4.4 msrest_azure/0.4.7
          computemanagementclient/0.33.0 Azure-SDK-For-Python AZURECLI/TEST/0.1.1b2+dev]
      accept-language: [en-US]
      x-ms-client-request-id: [af5c5cb4-e779-11e6-9953-64510658e3b3]
    method: GET
    uri: https://management.azure.com/subscriptions/00000000-0000-0000-0000-000000000000/providers/Microsoft.Compute/locations/westus/operations/21816406-a079-4c64-a837-394036766b47?api-version=2016-04-30-preview
  response:
    body: {string: "{\r\n  \"startTime\": \"2017-01-31T05:54:10.0680683+00:00\",\r\
        \n  \"status\": \"InProgress\",\r\n  \"name\": \"21816406-a079-4c64-a837-394036766b47\"\
        \r\n}"}
    headers:
      Cache-Control: [no-cache]
      Content-Type: [application/json; charset=utf-8]
      Date: ['Tue, 31 Jan 2017 05:54:40 GMT']
      Expires: ['-1']
      Pragma: [no-cache]
      Server: [Microsoft-HTTPAPI/2.0, Microsoft-HTTPAPI/2.0]
      Strict-Transport-Security: [max-age=31536000; includeSubDomains]
      Transfer-Encoding: [chunked]
      Vary: [Accept-Encoding]
      content-length: ['134']
    status: {code: 200, message: OK}
- request:
    body: null
    headers:
      Accept: [application/json]
      Accept-Encoding: ['gzip, deflate']
      Connection: [keep-alive]
      Content-Type: [application/json; charset=utf-8]
      User-Agent: [python/3.5.0 (Windows-10.0.14393) requests/2.9.1 msrest/0.4.4 msrest_azure/0.4.7
          computemanagementclient/0.33.0 Azure-SDK-For-Python AZURECLI/TEST/0.1.1b2+dev]
      accept-language: [en-US]
      x-ms-client-request-id: [af5c5cb4-e779-11e6-9953-64510658e3b3]
    method: GET
    uri: https://management.azure.com/subscriptions/00000000-0000-0000-0000-000000000000/providers/Microsoft.Compute/locations/westus/operations/21816406-a079-4c64-a837-394036766b47?api-version=2016-04-30-preview
  response:
    body: {string: "{\r\n  \"startTime\": \"2017-01-31T05:54:10.0680683+00:00\",\r\
        \n  \"endTime\": \"2017-01-31T05:54:46.3366826+00:00\",\r\n  \"status\": \"\
        Succeeded\",\r\n  \"name\": \"21816406-a079-4c64-a837-394036766b47\"\r\n}"}
    headers:
      Cache-Control: [no-cache]
      Content-Type: [application/json; charset=utf-8]
      Date: ['Tue, 31 Jan 2017 05:55:10 GMT']
      Expires: ['-1']
      Pragma: [no-cache]
      Server: [Microsoft-HTTPAPI/2.0, Microsoft-HTTPAPI/2.0]
      Strict-Transport-Security: [max-age=31536000; includeSubDomains]
      Transfer-Encoding: [chunked]
      Vary: [Accept-Encoding]
      content-length: ['184']
    status: {code: 200, message: OK}
- request:
    body: null
    headers:
      Accept: [application/json]
      Accept-Encoding: ['gzip, deflate']
      Connection: [keep-alive]
      Content-Type: [application/json; charset=utf-8]
      User-Agent: [python/3.5.0 (Windows-10.0.14393) requests/2.9.1 msrest/0.4.4 msrest_azure/0.4.7
          computemanagementclient/0.33.0 Azure-SDK-For-Python AZURECLI/TEST/0.1.1b2+dev]
      accept-language: [en-US]
      x-ms-client-request-id: [d48b38d8-e779-11e6-ade7-64510658e3b3]
    method: GET
    uri: https://management.azure.com/subscriptions/00000000-0000-0000-0000-000000000000/resourceGroups/cli_test_vmss_vms/providers/Microsoft.Compute/virtualMachineScaleSets/vmss1/virtualmachines/1/instanceView?api-version=2016-04-30-preview
  response:
    body: {string: "{\r\n  \"placementGroupId\": \"11b17718-e199-486d-a2f4-b711010afb00\"\
        ,\r\n  \"platformUpdateDomain\": 1,\r\n  \"platformFaultDomain\": 1,\r\n \
        \ \"vmAgent\": {\r\n    \"vmAgentVersion\": \"WALinuxAgent-2.0.16\",\r\n \
        \   \"statuses\": [\r\n      {\r\n        \"code\": \"ProvisioningState/succeeded\"\
        ,\r\n        \"level\": \"Info\",\r\n        \"displayStatus\": \"Ready\"\
        ,\r\n        \"message\": \"GuestAgent is running and accepting new configurations.\"\
        ,\r\n        \"time\": \"2017-01-31T05:55:06+00:00\"\r\n      }\r\n    ],\r\
        \n    \"extensionHandlers\": []\r\n  },\r\n  \"statuses\": [\r\n    {\r\n\
        \      \"code\": \"ProvisioningState/succeeded\",\r\n      \"level\": \"Info\"\
        ,\r\n      \"displayStatus\": \"Provisioning succeeded\",\r\n      \"time\"\
        : \"2017-01-31T05:54:46.3210649+00:00\"\r\n    },\r\n    {\r\n      \"code\"\
        : \"PowerState/running\",\r\n      \"level\": \"Info\",\r\n      \"displayStatus\"\
        : \"VM running\"\r\n    }\r\n  ]\r\n}"}
    headers:
      Cache-Control: [no-cache]
      Content-Type: [application/json; charset=utf-8]
      Date: ['Tue, 31 Jan 2017 05:55:11 GMT']
      Expires: ['-1']
      Pragma: [no-cache]
      Server: [Microsoft-HTTPAPI/2.0, Microsoft-HTTPAPI/2.0]
      Strict-Transport-Security: [max-age=31536000; includeSubDomains]
      Transfer-Encoding: [chunked]
      Vary: [Accept-Encoding]
      content-length: ['821']
    status: {code: 200, message: OK}
- request:
    body: null
    headers:
      Accept: [application/json]
      Accept-Encoding: ['gzip, deflate']
      Connection: [keep-alive]
      Content-Type: [application/json; charset=utf-8]
      User-Agent: [python/3.5.0 (Windows-10.0.14393) requests/2.9.1 msrest/0.4.4 msrest_azure/0.4.7
          computemanagementclient/0.33.0 Azure-SDK-For-Python AZURECLI/TEST/0.1.1b2+dev]
      accept-language: [en-US]
      x-ms-client-request-id: [d5063450-e779-11e6-b0f7-64510658e3b3]
    method: GET
    uri: https://management.azure.com/subscriptions/00000000-0000-0000-0000-000000000000/resourceGroups/cli_test_vmss_vms/providers/Microsoft.Compute/virtualMachineScaleSets/vmss1/virtualmachines/3/instanceView?api-version=2016-04-30-preview
  response:
    body: {string: "{\r\n  \"placementGroupId\": \"11b17718-e199-486d-a2f4-b711010afb00\"\
        ,\r\n  \"platformUpdateDomain\": 3,\r\n  \"platformFaultDomain\": 3,\r\n \
        \ \"vmAgent\": {\r\n    \"vmAgentVersion\": \"WALinuxAgent-2.0.16\",\r\n \
        \   \"statuses\": [\r\n      {\r\n        \"code\": \"ProvisioningState/succeeded\"\
        ,\r\n        \"level\": \"Info\",\r\n        \"displayStatus\": \"Ready\"\
        ,\r\n        \"message\": \"GuestAgent is running and accepting new configurations.\"\
        ,\r\n        \"time\": \"2017-01-31T05:55:02+00:00\"\r\n      }\r\n    ],\r\
        \n    \"extensionHandlers\": []\r\n  },\r\n  \"statuses\": [\r\n    {\r\n\
        \      \"code\": \"ProvisioningState/succeeded\",\r\n      \"level\": \"Info\"\
        ,\r\n      \"displayStatus\": \"Provisioning succeeded\",\r\n      \"time\"\
        : \"2017-01-31T05:54:30.288492+00:00\"\r\n    },\r\n    {\r\n      \"code\"\
        : \"PowerState/running\",\r\n      \"level\": \"Info\",\r\n      \"displayStatus\"\
        : \"VM running\"\r\n    }\r\n  ]\r\n}"}
    headers:
      Cache-Control: [no-cache]
      Content-Type: [application/json; charset=utf-8]
      Date: ['Tue, 31 Jan 2017 05:55:12 GMT']
      Expires: ['-1']
      Pragma: [no-cache]
      Server: [Microsoft-HTTPAPI/2.0, Microsoft-HTTPAPI/2.0]
      Strict-Transport-Security: [max-age=31536000; includeSubDomains]
      Transfer-Encoding: [chunked]
      Vary: [Accept-Encoding]
      content-length: ['820']
    status: {code: 200, message: OK}
- request:
    body: null
    headers:
      Accept: [application/json]
      Accept-Encoding: ['gzip, deflate']
      Connection: [keep-alive]
      Content-Length: ['0']
      Content-Type: [application/json; charset=utf-8]
      User-Agent: [python/3.5.0 (Windows-10.0.14393) requests/2.9.1 msrest/0.4.4 msrest_azure/0.4.7
          computemanagementclient/0.33.0 Azure-SDK-For-Python AZURECLI/TEST/0.1.1b2+dev]
      accept-language: [en-US]
      x-ms-client-request-id: [d57634be-e779-11e6-a78b-64510658e3b3]
    method: POST
    uri: https://management.azure.com/subscriptions/00000000-0000-0000-0000-000000000000/resourceGroups/cli_test_vmss_vms/providers/Microsoft.Compute/virtualMachineScaleSets/vmss1/virtualmachines/%2A/deallocate?api-version=2016-04-30-preview
  response:
    body: {string: ''}
    headers:
      Azure-AsyncOperation: ['https://management.azure.com/subscriptions/0b1f6471-1bf0-4dda-aec3-cb9272f09590/providers/Microsoft.Compute/locations/westus/operations/07cfdd29-c8ae-4069-8102-2b6454813f6c?api-version=2016-04-30-preview']
      Cache-Control: [no-cache]
      Content-Length: ['0']
      Date: ['Tue, 31 Jan 2017 05:55:14 GMT']
      Expires: ['-1']
      Location: ['https://management.azure.com/subscriptions/0b1f6471-1bf0-4dda-aec3-cb9272f09590/providers/Microsoft.Compute/locations/westus/operations/07cfdd29-c8ae-4069-8102-2b6454813f6c?monitor=true&api-version=2016-04-30-preview']
      Pragma: [no-cache]
      Server: [Microsoft-HTTPAPI/2.0, Microsoft-HTTPAPI/2.0]
      Strict-Transport-Security: [max-age=31536000; includeSubDomains]
      x-ms-ratelimit-remaining-subscription-writes: ['1196']
    status: {code: 202, message: Accepted}
- request:
    body: null
    headers:
      Accept: [application/json]
      Accept-Encoding: ['gzip, deflate']
      Connection: [keep-alive]
      Content-Type: [application/json; charset=utf-8]
      User-Agent: [python/3.5.0 (Windows-10.0.14393) requests/2.9.1 msrest/0.4.4 msrest_azure/0.4.7
          computemanagementclient/0.33.0 Azure-SDK-For-Python AZURECLI/TEST/0.1.1b2+dev]
      accept-language: [en-US]
      x-ms-client-request-id: [d57634be-e779-11e6-a78b-64510658e3b3]
    method: GET
    uri: https://management.azure.com/subscriptions/00000000-0000-0000-0000-000000000000/providers/Microsoft.Compute/locations/westus/operations/07cfdd29-c8ae-4069-8102-2b6454813f6c?api-version=2016-04-30-preview
  response:
    body: {string: "{\r\n  \"startTime\": \"2017-01-31T05:55:13.9798043+00:00\",\r\
        \n  \"status\": \"InProgress\",\r\n  \"name\": \"07cfdd29-c8ae-4069-8102-2b6454813f6c\"\
        \r\n}"}
    headers:
      Cache-Control: [no-cache]
      Content-Type: [application/json; charset=utf-8]
      Date: ['Tue, 31 Jan 2017 05:55:44 GMT']
      Expires: ['-1']
      Pragma: [no-cache]
      Server: [Microsoft-HTTPAPI/2.0, Microsoft-HTTPAPI/2.0]
      Strict-Transport-Security: [max-age=31536000; includeSubDomains]
      Transfer-Encoding: [chunked]
      Vary: [Accept-Encoding]
      content-length: ['134']
    status: {code: 200, message: OK}
- request:
    body: null
    headers:
      Accept: [application/json]
      Accept-Encoding: ['gzip, deflate']
      Connection: [keep-alive]
      Content-Type: [application/json; charset=utf-8]
      User-Agent: [python/3.5.0 (Windows-10.0.14393) requests/2.9.1 msrest/0.4.4 msrest_azure/0.4.7
          computemanagementclient/0.33.0 Azure-SDK-For-Python AZURECLI/TEST/0.1.1b2+dev]
      accept-language: [en-US]
      x-ms-client-request-id: [d57634be-e779-11e6-a78b-64510658e3b3]
    method: GET
    uri: https://management.azure.com/subscriptions/00000000-0000-0000-0000-000000000000/providers/Microsoft.Compute/locations/westus/operations/07cfdd29-c8ae-4069-8102-2b6454813f6c?api-version=2016-04-30-preview
  response:
    body: {string: "{\r\n  \"startTime\": \"2017-01-31T05:55:13.9798043+00:00\",\r\
        \n  \"status\": \"InProgress\",\r\n  \"name\": \"07cfdd29-c8ae-4069-8102-2b6454813f6c\"\
        \r\n}"}
    headers:
      Cache-Control: [no-cache]
      Content-Type: [application/json; charset=utf-8]
      Date: ['Tue, 31 Jan 2017 05:56:14 GMT']
      Expires: ['-1']
      Pragma: [no-cache]
      Server: [Microsoft-HTTPAPI/2.0, Microsoft-HTTPAPI/2.0]
      Strict-Transport-Security: [max-age=31536000; includeSubDomains]
      Transfer-Encoding: [chunked]
      Vary: [Accept-Encoding]
      content-length: ['134']
    status: {code: 200, message: OK}
- request:
    body: null
    headers:
      Accept: [application/json]
      Accept-Encoding: ['gzip, deflate']
      Connection: [keep-alive]
      Content-Type: [application/json; charset=utf-8]
      User-Agent: [python/3.5.0 (Windows-10.0.14393) requests/2.9.1 msrest/0.4.4 msrest_azure/0.4.7
          computemanagementclient/0.33.0 Azure-SDK-For-Python AZURECLI/TEST/0.1.1b2+dev]
      accept-language: [en-US]
      x-ms-client-request-id: [d57634be-e779-11e6-a78b-64510658e3b3]
    method: GET
    uri: https://management.azure.com/subscriptions/00000000-0000-0000-0000-000000000000/providers/Microsoft.Compute/locations/westus/operations/07cfdd29-c8ae-4069-8102-2b6454813f6c?api-version=2016-04-30-preview
  response:
    body: {string: "{\r\n  \"startTime\": \"2017-01-31T05:55:13.9798043+00:00\",\r\
        \n  \"status\": \"InProgress\",\r\n  \"name\": \"07cfdd29-c8ae-4069-8102-2b6454813f6c\"\
        \r\n}"}
    headers:
      Cache-Control: [no-cache]
      Content-Type: [application/json; charset=utf-8]
      Date: ['Tue, 31 Jan 2017 05:56:44 GMT']
      Expires: ['-1']
      Pragma: [no-cache]
      Server: [Microsoft-HTTPAPI/2.0, Microsoft-HTTPAPI/2.0]
      Strict-Transport-Security: [max-age=31536000; includeSubDomains]
      Transfer-Encoding: [chunked]
      Vary: [Accept-Encoding]
      content-length: ['134']
    status: {code: 200, message: OK}
- request:
    body: null
    headers:
      Accept: [application/json]
      Accept-Encoding: ['gzip, deflate']
      Connection: [keep-alive]
      Content-Type: [application/json; charset=utf-8]
      User-Agent: [python/3.5.0 (Windows-10.0.14393) requests/2.9.1 msrest/0.4.4 msrest_azure/0.4.7
          computemanagementclient/0.33.0 Azure-SDK-For-Python AZURECLI/TEST/0.1.1b2+dev]
      accept-language: [en-US]
      x-ms-client-request-id: [d57634be-e779-11e6-a78b-64510658e3b3]
    method: GET
    uri: https://management.azure.com/subscriptions/00000000-0000-0000-0000-000000000000/providers/Microsoft.Compute/locations/westus/operations/07cfdd29-c8ae-4069-8102-2b6454813f6c?api-version=2016-04-30-preview
  response:
    body: {string: "{\r\n  \"startTime\": \"2017-01-31T05:55:13.9798043+00:00\",\r\
        \n  \"endTime\": \"2017-01-31T05:57:05.9743675+00:00\",\r\n  \"status\": \"\
        Succeeded\",\r\n  \"name\": \"07cfdd29-c8ae-4069-8102-2b6454813f6c\"\r\n}"}
    headers:
      Cache-Control: [no-cache]
      Content-Type: [application/json; charset=utf-8]
      Date: ['Tue, 31 Jan 2017 05:57:15 GMT']
      Expires: ['-1']
      Pragma: [no-cache]
      Server: [Microsoft-HTTPAPI/2.0, Microsoft-HTTPAPI/2.0]
      Strict-Transport-Security: [max-age=31536000; includeSubDomains]
      Transfer-Encoding: [chunked]
      Vary: [Accept-Encoding]
      content-length: ['184']
    status: {code: 200, message: OK}
- request:
    body: null
    headers:
      Accept: [application/json]
      Accept-Encoding: ['gzip, deflate']
      Connection: [keep-alive]
      Content-Type: [application/json; charset=utf-8]
      User-Agent: [python/3.5.0 (Windows-10.0.14393) requests/2.9.1 msrest/0.4.4 msrest_azure/0.4.7
          computemanagementclient/0.33.0 Azure-SDK-For-Python AZURECLI/TEST/0.1.1b2+dev]
      accept-language: [en-US]
      x-ms-client-request-id: [1f02fd6e-e77a-11e6-a63d-64510658e3b3]
    method: GET
    uri: https://management.azure.com/subscriptions/00000000-0000-0000-0000-000000000000/resourceGroups/cli_test_vmss_vms/providers/Microsoft.Compute/virtualMachineScaleSets/vmss1/virtualmachines/1/instanceView?api-version=2016-04-30-preview
  response:
    body: {string: "{\r\n  \"placementGroupId\": \"11b17718-e199-486d-a2f4-b711010afb00\"\
        ,\r\n  \"platformUpdateDomain\": 1,\r\n  \"platformFaultDomain\": 1,\r\n \
        \ \"statuses\": [\r\n    {\r\n      \"code\": \"ProvisioningState/succeeded\"\
        ,\r\n      \"level\": \"Info\",\r\n      \"displayStatus\": \"Provisioning\
        \ succeeded\",\r\n      \"time\": \"2017-01-31T05:57:00.8958601+00:00\"\r\n\
        \    },\r\n    {\r\n      \"code\": \"PowerState/deallocated\",\r\n      \"\
        level\": \"Info\",\r\n      \"displayStatus\": \"VM deallocated\"\r\n    }\r\
        \n  ]\r\n}"}
    headers:
      Cache-Control: [no-cache]
      Content-Type: [application/json; charset=utf-8]
      Date: ['Tue, 31 Jan 2017 05:57:16 GMT']
      Expires: ['-1']
      Pragma: [no-cache]
      Server: [Microsoft-HTTPAPI/2.0, Microsoft-HTTPAPI/2.0]
      Strict-Transport-Security: [max-age=31536000; includeSubDomains]
      Transfer-Encoding: [chunked]
      Vary: [Accept-Encoding]
      content-length: ['454']
    status: {code: 200, message: OK}
- request:
    body: null
    headers:
      Accept: [application/json]
      Accept-Encoding: ['gzip, deflate']
      Connection: [keep-alive]
      Content-Type: [application/json; charset=utf-8]
      User-Agent: [python/3.5.0 (Windows-10.0.14393) requests/2.9.1 msrest/0.4.4 msrest_azure/0.4.7
          computemanagementclient/0.33.0 Azure-SDK-For-Python AZURECLI/TEST/0.1.1b2+dev]
      accept-language: [en-US]
      x-ms-client-request-id: [1f7c1dd0-e77a-11e6-8eab-64510658e3b3]
    method: GET
    uri: https://management.azure.com/subscriptions/00000000-0000-0000-0000-000000000000/resourceGroups/cli_test_vmss_vms/providers/Microsoft.Compute/virtualMachineScaleSets/vmss1/virtualmachines/3/instanceView?api-version=2016-04-30-preview
  response:
    body: {string: "{\r\n  \"placementGroupId\": \"11b17718-e199-486d-a2f4-b711010afb00\"\
        ,\r\n  \"platformUpdateDomain\": 3,\r\n  \"platformFaultDomain\": 3,\r\n \
        \ \"statuses\": [\r\n    {\r\n      \"code\": \"ProvisioningState/succeeded\"\
        ,\r\n      \"level\": \"Info\",\r\n      \"displayStatus\": \"Provisioning\
        \ succeeded\",\r\n      \"time\": \"2017-01-31T05:57:05.9587424+00:00\"\r\n\
        \    },\r\n    {\r\n      \"code\": \"PowerState/deallocated\",\r\n      \"\
        level\": \"Info\",\r\n      \"displayStatus\": \"VM deallocated\"\r\n    }\r\
        \n  ]\r\n}"}
    headers:
      Cache-Control: [no-cache]
      Content-Type: [application/json; charset=utf-8]
      Date: ['Tue, 31 Jan 2017 05:57:18 GMT']
      Expires: ['-1']
      Pragma: [no-cache]
      Server: [Microsoft-HTTPAPI/2.0, Microsoft-HTTPAPI/2.0]
      Strict-Transport-Security: [max-age=31536000; includeSubDomains]
      Transfer-Encoding: [chunked]
      Vary: [Accept-Encoding]
      content-length: ['454']
    status: {code: 200, message: OK}
- request:
    body: null
    headers:
      Accept: [application/json]
      Accept-Encoding: ['gzip, deflate']
      Connection: [keep-alive]
      Content-Length: ['0']
      Content-Type: [application/json; charset=utf-8]
      User-Agent: [python/3.5.0 (Windows-10.0.14393) requests/2.9.1 msrest/0.4.4 msrest_azure/0.4.7
          computemanagementclient/0.33.0 Azure-SDK-For-Python AZURECLI/TEST/0.1.1b2+dev]
      accept-language: [en-US]
      x-ms-client-request-id: [1ff02a52-e77a-11e6-a528-64510658e3b3]
    method: DELETE
    uri: https://management.azure.com/subscriptions/00000000-0000-0000-0000-000000000000/resourceGroups/cli_test_vmss_vms/providers/Microsoft.Compute/virtualMachineScaleSets/vmss1/virtualmachines/%2A?api-version=2016-04-30-preview
  response:
    body: {string: ''}
    headers:
      Azure-AsyncOperation: ['https://management.azure.com/subscriptions/0b1f6471-1bf0-4dda-aec3-cb9272f09590/providers/Microsoft.Compute/locations/westus/operations/8ad1bbce-34fd-41ca-b9e9-723f34445fa8?api-version=2016-04-30-preview']
      Cache-Control: [no-cache]
      Content-Length: ['0']
      Date: ['Tue, 31 Jan 2017 05:57:18 GMT']
      Expires: ['-1']
      Location: ['https://management.azure.com/subscriptions/0b1f6471-1bf0-4dda-aec3-cb9272f09590/providers/Microsoft.Compute/locations/westus/operations/8ad1bbce-34fd-41ca-b9e9-723f34445fa8?monitor=true&api-version=2016-04-30-preview']
      Pragma: [no-cache]
      Server: [Microsoft-HTTPAPI/2.0, Microsoft-HTTPAPI/2.0]
      Strict-Transport-Security: [max-age=31536000; includeSubDomains]
      x-ms-ratelimit-remaining-subscription-writes: ['1195']
    status: {code: 202, message: Accepted}
- request:
    body: null
    headers:
      Accept: [application/json]
      Accept-Encoding: ['gzip, deflate']
      Connection: [keep-alive]
      Content-Type: [application/json; charset=utf-8]
      User-Agent: [python/3.5.0 (Windows-10.0.14393) requests/2.9.1 msrest/0.4.4 msrest_azure/0.4.7
          computemanagementclient/0.33.0 Azure-SDK-For-Python AZURECLI/TEST/0.1.1b2+dev]
      accept-language: [en-US]
      x-ms-client-request-id: [1ff02a52-e77a-11e6-a528-64510658e3b3]
    method: GET
    uri: https://management.azure.com/subscriptions/00000000-0000-0000-0000-000000000000/providers/Microsoft.Compute/locations/westus/operations/8ad1bbce-34fd-41ca-b9e9-723f34445fa8?api-version=2016-04-30-preview
  response:
    body: {string: "{\r\n  \"startTime\": \"2017-01-31T05:57:19.303518+00:00\",\r\n\
        \  \"endTime\": \"2017-01-31T05:57:34.6796966+00:00\",\r\n  \"status\": \"\
        Succeeded\",\r\n  \"name\": \"8ad1bbce-34fd-41ca-b9e9-723f34445fa8\"\r\n}"}
    headers:
      Cache-Control: [no-cache]
      Content-Type: [application/json; charset=utf-8]
      Date: ['Tue, 31 Jan 2017 05:57:49 GMT']
      Expires: ['-1']
      Pragma: [no-cache]
      Server: [Microsoft-HTTPAPI/2.0, Microsoft-HTTPAPI/2.0]
      Strict-Transport-Security: [max-age=31536000; includeSubDomains]
      Transfer-Encoding: [chunked]
      Vary: [Accept-Encoding]
      content-length: ['183']
    status: {code: 200, message: OK}
- request:
    body: null
    headers:
      Accept: [application/json]
      Accept-Encoding: ['gzip, deflate']
      Connection: [keep-alive]
      Content-Type: [application/json; charset=utf-8]
      User-Agent: [python/3.5.0 (Windows-10.0.14393) requests/2.9.1 msrest/0.4.4 msrest_azure/0.4.7
          computemanagementclient/0.33.0 Azure-SDK-For-Python AZURECLI/TEST/0.1.1b2+dev]
      accept-language: [en-US]
      x-ms-client-request-id: [333a74a4-e77a-11e6-a3c9-64510658e3b3]
    method: GET
    uri: https://management.azure.com/subscriptions/00000000-0000-0000-0000-000000000000/resourceGroups/cli_test_vmss_vms/providers/Microsoft.Compute/virtualMachineScaleSets/vmss1/virtualMachines?api-version=2016-04-30-preview
  response:
    body: {string: "{\r\n  \"value\": []\r\n}"}
    headers:
      Cache-Control: [no-cache]
      Content-Type: [application/json; charset=utf-8]
      Date: ['Tue, 31 Jan 2017 05:57:50 GMT']
      Expires: ['-1']
      Pragma: [no-cache]
      Server: [Microsoft-HTTPAPI/2.0, Microsoft-HTTPAPI/2.0]
      Strict-Transport-Security: [max-age=31536000; includeSubDomains]
      Transfer-Encoding: [chunked]
      Vary: [Accept-Encoding]
      content-length: ['19']
    status: {code: 200, message: OK}
version: 1
