interactions:
- request:
    body: null
    headers:
      Accept: [application/json]
      Accept-Encoding: ['gzip, deflate']
      Connection: [keep-alive]
      Content-Type: [application/json; charset=utf-8]
      User-Agent: [python/3.5.1 (Windows-10-10.0.14393-SP0) requests/2.9.1 msrest/0.4.4
          msrest_azure/0.4.6 computemanagementclient/0.32.1 Azure-SDK-For-Python AZURECLI/TEST/0.1.1b2+dev]
      accept-language: [en-US]
      x-ms-client-request-id: [1f015b66-e3f8-11e6-8062-a0b3ccf7272a]
    method: GET
    uri: https://management.azure.com/subscriptions/00000000-0000-0000-0000-000000000000/resourceGroups/cli_test_open_port/providers/Microsoft.Compute/virtualMachines/vm1?api-version=2016-03-30
  response:
    body: {string: "{\r\n  \"properties\": {\r\n    \"vmId\": \"8acf1645-c9d9-4196-807e-0868f0835105\"\
        ,\r\n    \"hardwareProfile\": {\r\n      \"vmSize\": \"Standard_DS1\"\r\n\
        \    },\r\n    \"storageProfile\": {\r\n      \"imageReference\": {\r\n  \
        \      \"publisher\": \"Canonical\",\r\n        \"offer\": \"UbuntuServer\"\
        ,\r\n        \"sku\": \"14.04.4-LTS\",\r\n        \"version\": \"latest\"\r\
        \n      },\r\n      \"osDisk\": {\r\n        \"osType\": \"Linux\",\r\n  \
        \      \"name\": \"osdisk_Vf4AwymJ5a\",\r\n        \"createOption\": \"FromImage\"\
        ,\r\n        \"vhd\": {\r\n          \"uri\": \"https://vhdstoragetoun5ja0mmu5wh.blob.core.windows.net/vhds/osdisk_Vf4AwymJ5a.vhd\"\
        \r\n        },\r\n        \"caching\": \"ReadWrite\"\r\n      },\r\n     \
        \ \"dataDisks\": []\r\n    },\r\n    \"osProfile\": {\r\n      \"computerName\"\
        : \"vm1\",\r\n      \"adminUsername\": \"ubuntu\",\r\n      \"linuxConfiguration\"\
        : {\r\n        \"disablePasswordAuthentication\": false\r\n      },\r\n  \
        \    \"secrets\": []\r\n    },\r\n    \"networkProfile\": {\"networkInterfaces\"\
        :[{\"id\":\"/subscriptions/00000000-0000-0000-0000-000000000000/resourceGroups/cli_test_open_port/providers/Microsoft.Network/networkInterfaces/vm1VMNic\"\
        }]},\r\n    \"provisioningState\": \"Succeeded\"\r\n  },\r\n  \"type\": \"\
        Microsoft.Compute/virtualMachines\",\r\n  \"location\": \"westus\",\r\n  \"\
        tags\": {},\r\n  \"id\": \"/subscriptions/00000000-0000-0000-0000-000000000000/resourceGroups/cli_test_open_port/providers/Microsoft.Compute/virtualMachines/vm1\"\
        ,\r\n  \"name\": \"vm1\"\r\n}"}
    headers:
      Cache-Control: [no-cache]
      Content-Type: [application/json; charset=utf-8]
      Date: ['Thu, 26 Jan 2017 18:49:09 GMT']
      Expires: ['-1']
      Pragma: [no-cache]
      Server: [Microsoft-HTTPAPI/2.0, Microsoft-HTTPAPI/2.0]
      Strict-Transport-Security: [max-age=31536000; includeSubDomains]
      Transfer-Encoding: [chunked]
      Vary: [Accept-Encoding]
      content-length: ['1368']
    status: {code: 200, message: OK}
- request:
    body: null
    headers:
      Accept: [application/json]
      Accept-Encoding: ['gzip, deflate']
      Connection: [keep-alive]
      Content-Type: [application/json; charset=utf-8]
      User-Agent: [python/3.5.1 (Windows-10-10.0.14393-SP0) requests/2.9.1 msrest/0.4.4
          msrest_azure/0.4.6 networkmanagementclient/0.30.0 Azure-SDK-For-Python AZURECLI/TEST/0.1.1b2+dev]
      accept-language: [en-US]
      x-ms-client-request-id: [1f332e10-e3f8-11e6-a169-a0b3ccf7272a]
    method: GET
    uri: https://management.azure.com/subscriptions/00000000-0000-0000-0000-000000000000/resourceGroups/cli_test_open_port/providers/Microsoft.Network/networkInterfaces/vm1VMNic?api-version=2016-09-01
  response:
    body: {string: "{\r\n  \"name\": \"vm1VMNic\",\r\n  \"id\": \"/subscriptions/00000000-0000-0000-0000-000000000000/resourceGroups/cli_test_open_port/providers/Microsoft.Network/networkInterfaces/vm1VMNic\"\
        ,\r\n  \"etag\": \"W/\\\"c1bf0db7-4276-4235-a640-d5b1eb8de749\\\"\",\r\n \
        \ \"location\": \"westus\",\r\n  \"tags\": {},\r\n  \"properties\": {\r\n\
        \    \"provisioningState\": \"Succeeded\",\r\n    \"resourceGuid\": \"7ea347a1-704c-4ced-881b-dbaa71c83e7f\"\
        ,\r\n    \"ipConfigurations\": [\r\n      {\r\n        \"name\": \"ipconfigvm1\"\
        ,\r\n        \"id\": \"/subscriptions/00000000-0000-0000-0000-000000000000/resourceGroups/cli_test_open_port/providers/Microsoft.Network/networkInterfaces/vm1VMNic/ipConfigurations/ipconfigvm1\"\
        ,\r\n        \"etag\": \"W/\\\"c1bf0db7-4276-4235-a640-d5b1eb8de749\\\"\"\
        ,\r\n        \"properties\": {\r\n          \"provisioningState\": \"Succeeded\"\
        ,\r\n          \"privateIPAddress\": \"10.0.0.4\",\r\n          \"privateIPAllocationMethod\"\
        : \"Dynamic\",\r\n          \"publicIPAddress\": {\r\n            \"id\":\
        \ \"/subscriptions/00000000-0000-0000-0000-000000000000/resourceGroups/cli_test_open_port/providers/Microsoft.Network/publicIPAddresses/vm1PublicIP\"\
        \r\n          },\r\n          \"subnet\": {\r\n            \"id\": \"/subscriptions/00000000-0000-0000-0000-000000000000/resourceGroups/cli_test_open_port/providers/Microsoft.Network/virtualNetworks/vm1VNET/subnets/vm1Subnet\"\
        \r\n          },\r\n          \"primary\": true,\r\n          \"privateIPAddressVersion\"\
        : \"IPv4\"\r\n        }\r\n      }\r\n    ],\r\n    \"dnsSettings\": {\r\n\
        \      \"dnsServers\": [],\r\n      \"appliedDnsServers\": [],\r\n      \"\
        internalDomainNameSuffix\": \"ck51rp43ruxerfj5e14ve2ynhd.dx.internal.cloudapp.net\"\
        \r\n    },\r\n    \"macAddress\": \"00-0D-3A-35-F9-17\",\r\n    \"enableAcceleratedNetworking\"\
        : false,\r\n    \"enableIPForwarding\": false,\r\n    \"networkSecurityGroup\"\
        : {\r\n      \"id\": \"/subscriptions/00000000-0000-0000-0000-000000000000/resourceGroups/cli_test_open_port/providers/Microsoft.Network/networkSecurityGroups/vm1NSG\"\
        \r\n    },\r\n    \"primary\": true,\r\n    \"virtualMachine\": {\r\n    \
        \  \"id\": \"/subscriptions/00000000-0000-0000-0000-000000000000/resourceGroups/cli_test_open_port/providers/Microsoft.Compute/virtualMachines/vm1\"\
        \r\n    }\r\n  },\r\n  \"type\": \"Microsoft.Network/networkInterfaces\"\r\
        \n}"}
    headers:
      Cache-Control: [no-cache]
      Content-Type: [application/json; charset=utf-8]
      Date: ['Thu, 26 Jan 2017 18:49:09 GMT']
      ETag: [W/"c1bf0db7-4276-4235-a640-d5b1eb8de749"]
      Expires: ['-1']
      Pragma: [no-cache]
      Server: [Microsoft-HTTPAPI/2.0, Microsoft-HTTPAPI/2.0]
      Strict-Transport-Security: [max-age=31536000; includeSubDomains]
      Transfer-Encoding: [chunked]
      Vary: [Accept-Encoding]
      content-length: ['2189']
    status: {code: 200, message: OK}
- request:
    body: '{"properties": {"destinationPortRange": "*", "priority": 900, "direction":
      "inbound", "sourceAddressPrefix": "*", "destinationAddressPrefix": "*", "access":
      "allow", "sourcePortRange": "*", "protocol": "*"}, "name": "open-port-cmd"}'
    headers:
      Accept: [application/json]
      Accept-Encoding: ['gzip, deflate']
      Connection: [keep-alive]
      Content-Length: ['232']
      Content-Type: [application/json; charset=utf-8]
      User-Agent: [python/3.5.1 (Windows-10-10.0.14393-SP0) requests/2.9.1 msrest/0.4.4
          msrest_azure/0.4.6 networkmanagementclient/0.30.0 Azure-SDK-For-Python AZURECLI/TEST/0.1.1b2+dev]
      accept-language: [en-US]
      x-ms-client-request-id: [1f67e83a-e3f8-11e6-85cc-a0b3ccf7272a]
    method: PUT
    uri: https://management.azure.com/subscriptions/00000000-0000-0000-0000-000000000000/resourceGroups/cli_test_open_port/providers/Microsoft.Network/networkSecurityGroups/vm1NSG/securityRules/open-port-cmd?api-version=2016-09-01
  response:
    body: {string: "{\r\n  \"name\": \"open-port-cmd\",\r\n  \"id\": \"/subscriptions/00000000-0000-0000-0000-000000000000/resourceGroups/cli_test_open_port/providers/Microsoft.Network/networkSecurityGroups/vm1NSG/securityRules/open-port-cmd\"\
        ,\r\n  \"etag\": \"W/\\\"c1c6dd72-07a4-46b6-94f7-576e0d3c5690\\\"\",\r\n \
        \ \"properties\": {\r\n    \"provisioningState\": \"Updating\",\r\n    \"\
        protocol\": \"*\",\r\n    \"sourcePortRange\": \"*\",\r\n    \"destinationPortRange\"\
        : \"*\",\r\n    \"sourceAddressPrefix\": \"*\",\r\n    \"destinationAddressPrefix\"\
        : \"*\",\r\n    \"access\": \"Allow\",\r\n    \"priority\": 900,\r\n    \"\
        direction\": \"Inbound\"\r\n  }\r\n}"}
    headers:
      Azure-AsyncOperation: ['https://management.azure.com/subscriptions/0b1f6471-1bf0-4dda-aec3-cb9272f09590/providers/Microsoft.Network/locations/westus/operations/fd5a5ade-8f4d-474b-b654-565eb142a8db?api-version=2016-09-01']
      Cache-Control: [no-cache]
      Content-Length: ['570']
      Content-Type: [application/json; charset=utf-8]
      Date: ['Thu, 26 Jan 2017 18:49:10 GMT']
      Expires: ['-1']
      Pragma: [no-cache]
      Retry-After: ['10']
      Server: [Microsoft-HTTPAPI/2.0, Microsoft-HTTPAPI/2.0]
      Strict-Transport-Security: [max-age=31536000; includeSubDomains]
      x-ms-ratelimit-remaining-subscription-writes: ['1199']
    status: {code: 201, message: Created}
- request:
    body: null
    headers:
      Accept: [application/json]
      Accept-Encoding: ['gzip, deflate']
      Connection: [keep-alive]
      Content-Type: [application/json; charset=utf-8]
      User-Agent: [python/3.5.1 (Windows-10-10.0.14393-SP0) requests/2.9.1 msrest/0.4.4
          msrest_azure/0.4.6 networkmanagementclient/0.30.0 Azure-SDK-For-Python AZURECLI/TEST/0.1.1b2+dev]
      accept-language: [en-US]
      x-ms-client-request-id: [1f67e83a-e3f8-11e6-85cc-a0b3ccf7272a]
    method: GET
    uri: https://management.azure.com/subscriptions/00000000-0000-0000-0000-000000000000/providers/Microsoft.Network/locations/westus/operations/fd5a5ade-8f4d-474b-b654-565eb142a8db?api-version=2016-09-01
  response:
    body: {string: "{\r\n  \"status\": \"Succeeded\"\r\n}"}
    headers:
      Cache-Control: [no-cache]
      Content-Type: [application/json; charset=utf-8]
      Date: ['Thu, 26 Jan 2017 18:49:20 GMT']
      Expires: ['-1']
      Pragma: [no-cache]
      Server: [Microsoft-HTTPAPI/2.0, Microsoft-HTTPAPI/2.0]
      Strict-Transport-Security: [max-age=31536000; includeSubDomains]
      Transfer-Encoding: [chunked]
      Vary: [Accept-Encoding]
      content-length: ['29']
    status: {code: 200, message: OK}
- request:
    body: null
    headers:
      Accept: [application/json]
      Accept-Encoding: ['gzip, deflate']
      Connection: [keep-alive]
      Content-Type: [application/json; charset=utf-8]
      User-Agent: [python/3.5.1 (Windows-10-10.0.14393-SP0) requests/2.9.1 msrest/0.4.4
          msrest_azure/0.4.6 networkmanagementclient/0.30.0 Azure-SDK-For-Python AZURECLI/TEST/0.1.1b2+dev]
      accept-language: [en-US]
      x-ms-client-request-id: [1f67e83a-e3f8-11e6-85cc-a0b3ccf7272a]
    method: GET
    uri: https://management.azure.com/subscriptions/00000000-0000-0000-0000-000000000000/resourceGroups/cli_test_open_port/providers/Microsoft.Network/networkSecurityGroups/vm1NSG/securityRules/open-port-cmd?api-version=2016-09-01
  response:
    body: {string: "{\r\n  \"name\": \"open-port-cmd\",\r\n  \"id\": \"/subscriptions/00000000-0000-0000-0000-000000000000/resourceGroups/cli_test_open_port/providers/Microsoft.Network/networkSecurityGroups/vm1NSG/securityRules/open-port-cmd\"\
        ,\r\n  \"etag\": \"W/\\\"9c728574-cac6-4981-8bac-771ee2de758f\\\"\",\r\n \
        \ \"properties\": {\r\n    \"provisioningState\": \"Succeeded\",\r\n    \"\
        protocol\": \"*\",\r\n    \"sourcePortRange\": \"*\",\r\n    \"destinationPortRange\"\
        : \"*\",\r\n    \"sourceAddressPrefix\": \"*\",\r\n    \"destinationAddressPrefix\"\
        : \"*\",\r\n    \"access\": \"Allow\",\r\n    \"priority\": 900,\r\n    \"\
        direction\": \"Inbound\"\r\n  }\r\n}"}
    headers:
      Cache-Control: [no-cache]
      Content-Type: [application/json; charset=utf-8]
      Date: ['Thu, 26 Jan 2017 18:49:21 GMT']
      ETag: [W/"9c728574-cac6-4981-8bac-771ee2de758f"]
      Expires: ['-1']
      Pragma: [no-cache]
      Server: [Microsoft-HTTPAPI/2.0, Microsoft-HTTPAPI/2.0]
      Strict-Transport-Security: [max-age=31536000; includeSubDomains]
      Transfer-Encoding: [chunked]
      Vary: [Accept-Encoding]
      content-length: ['571']
    status: {code: 200, message: OK}
- request:
    body: '{"tags": {}, "location": "westus", "id": "/subscriptions/0b1f6471-1bf0-4dda-aec3-cb9272f09590/resourceGroups/cli_test_open_port/providers/Microsoft.Network/networkInterfaces/vm1VMNic",
      "properties": {"resourceGuid": "7ea347a1-704c-4ced-881b-dbaa71c83e7f", "ipConfigurations":
      [{"etag": "W/\"c1bf0db7-4276-4235-a640-d5b1eb8de749\"", "properties": {"subnet":
      {"id": "/subscriptions/0b1f6471-1bf0-4dda-aec3-cb9272f09590/resourceGroups/cli_test_open_port/providers/Microsoft.Network/virtualNetworks/vm1VNET/subnets/vm1Subnet"},
      "privateIPAddress": "10.0.0.4", "publicIPAddress": {"id": "/subscriptions/0b1f6471-1bf0-4dda-aec3-cb9272f09590/resourceGroups/cli_test_open_port/providers/Microsoft.Network/publicIPAddresses/vm1PublicIP"},
      "provisioningState": "Succeeded", "privateIPAllocationMethod": "Dynamic", "privateIPAddressVersion":
      "IPv4", "primary": true}, "id": "/subscriptions/0b1f6471-1bf0-4dda-aec3-cb9272f09590/resourceGroups/cli_test_open_port/providers/Microsoft.Network/networkInterfaces/vm1VMNic/ipConfigurations/ipconfigvm1",
      "name": "ipconfigvm1"}], "enableIPForwarding": false, "dnsSettings": {"dnsServers":
      [], "internalDomainNameSuffix": "ck51rp43ruxerfj5e14ve2ynhd.dx.internal.cloudapp.net",
      "appliedDnsServers": []}, "virtualMachine": {"id": "/subscriptions/0b1f6471-1bf0-4dda-aec3-cb9272f09590/resourceGroups/cli_test_open_port/providers/Microsoft.Compute/virtualMachines/vm1"},
      "macAddress": "00-0D-3A-35-F9-17", "provisioningState": "Succeeded", "enableAcceleratedNetworking":
      false, "networkSecurityGroup": {"id": "/subscriptions/0b1f6471-1bf0-4dda-aec3-cb9272f09590/resourceGroups/cli_test_open_port/providers/Microsoft.Network/networkSecurityGroups/vm1NSG"},
      "primary": true}, "etag": "W/\"c1bf0db7-4276-4235-a640-d5b1eb8de749\""}'
    headers:
      Accept: [application/json]
      Accept-Encoding: ['gzip, deflate']
      Connection: [keep-alive]
      Content-Length: ['1788']
      Content-Type: [application/json; charset=utf-8]
      User-Agent: [python/3.5.1 (Windows-10-10.0.14393-SP0) requests/2.9.1 msrest/0.4.4
          msrest_azure/0.4.6 networkmanagementclient/0.30.0 Azure-SDK-For-Python AZURECLI/TEST/0.1.1b2+dev]
      accept-language: [en-US]
      x-ms-client-request-id: [269015fe-e3f8-11e6-8856-a0b3ccf7272a]
    method: PUT
    uri: https://management.azure.com/subscriptions/00000000-0000-0000-0000-000000000000/resourceGroups/cli_test_open_port/providers/Microsoft.Network/networkInterfaces/vm1VMNic?api-version=2016-09-01
  response:
    body: {string: "{\r\n  \"name\": \"vm1VMNic\",\r\n  \"id\": \"/subscriptions/00000000-0000-0000-0000-000000000000/resourceGroups/cli_test_open_port/providers/Microsoft.Network/networkInterfaces/vm1VMNic\"\
        ,\r\n  \"etag\": \"W/\\\"19e466c4-0523-413f-b014-57ccf8f66bda\\\"\",\r\n \
        \ \"location\": \"westus\",\r\n  \"tags\": {},\r\n  \"properties\": {\r\n\
        \    \"provisioningState\": \"Succeeded\",\r\n    \"resourceGuid\": \"7ea347a1-704c-4ced-881b-dbaa71c83e7f\"\
        ,\r\n    \"ipConfigurations\": [\r\n      {\r\n        \"name\": \"ipconfigvm1\"\
        ,\r\n        \"id\": \"/subscriptions/00000000-0000-0000-0000-000000000000/resourceGroups/cli_test_open_port/providers/Microsoft.Network/networkInterfaces/vm1VMNic/ipConfigurations/ipconfigvm1\"\
        ,\r\n        \"etag\": \"W/\\\"19e466c4-0523-413f-b014-57ccf8f66bda\\\"\"\
        ,\r\n        \"properties\": {\r\n          \"provisioningState\": \"Succeeded\"\
        ,\r\n          \"privateIPAddress\": \"10.0.0.4\",\r\n          \"privateIPAllocationMethod\"\
        : \"Dynamic\",\r\n          \"publicIPAddress\": {\r\n            \"id\":\
        \ \"/subscriptions/00000000-0000-0000-0000-000000000000/resourceGroups/cli_test_open_port/providers/Microsoft.Network/publicIPAddresses/vm1PublicIP\"\
        \r\n          },\r\n          \"subnet\": {\r\n            \"id\": \"/subscriptions/00000000-0000-0000-0000-000000000000/resourceGroups/cli_test_open_port/providers/Microsoft.Network/virtualNetworks/vm1VNET/subnets/vm1Subnet\"\
        \r\n          },\r\n          \"primary\": true,\r\n          \"privateIPAddressVersion\"\
        : \"IPv4\"\r\n        }\r\n      }\r\n    ],\r\n    \"dnsSettings\": {\r\n\
        \      \"dnsServers\": [],\r\n      \"appliedDnsServers\": [],\r\n      \"\
        internalDomainNameSuffix\": \"ck51rp43ruxerfj5e14ve2ynhd.dx.internal.cloudapp.net\"\
        \r\n    },\r\n    \"macAddress\": \"00-0D-3A-35-F9-17\",\r\n    \"enableAcceleratedNetworking\"\
        : false,\r\n    \"enableIPForwarding\": false,\r\n    \"networkSecurityGroup\"\
        : {\r\n      \"id\": \"/subscriptions/00000000-0000-0000-0000-000000000000/resourceGroups/cli_test_open_port/providers/Microsoft.Network/networkSecurityGroups/vm1NSG\"\
        \r\n    },\r\n    \"primary\": true,\r\n    \"virtualMachine\": {\r\n    \
        \  \"id\": \"/subscriptions/00000000-0000-0000-0000-000000000000/resourceGroups/cli_test_open_port/providers/Microsoft.Compute/virtualMachines/vm1\"\
        \r\n    }\r\n  },\r\n  \"type\": \"Microsoft.Network/networkInterfaces\"\r\
        \n}"}
    headers:
      Azure-AsyncOperation: ['https://management.azure.com/subscriptions/0b1f6471-1bf0-4dda-aec3-cb9272f09590/providers/Microsoft.Network/locations/westus/operations/5bcb84b9-1562-4c63-a879-773b5604ed07?api-version=2016-09-01']
      Cache-Control: [no-cache]
      Content-Type: [application/json; charset=utf-8]
      Date: ['Thu, 26 Jan 2017 18:49:21 GMT']
      Expires: ['-1']
      Pragma: [no-cache]
      Server: [Microsoft-HTTPAPI/2.0, Microsoft-HTTPAPI/2.0]
      Strict-Transport-Security: [max-age=31536000; includeSubDomains]
      Transfer-Encoding: [chunked]
      Vary: [Accept-Encoding]
      content-length: ['2189']
      x-ms-ratelimit-remaining-subscription-writes: ['1199']
    status: {code: 200, message: OK}
- request:
    body: null
    headers:
      Accept: [application/json]
      Accept-Encoding: ['gzip, deflate']
      Connection: [keep-alive]
      Content-Type: [application/json; charset=utf-8]
      User-Agent: [python/3.5.1 (Windows-10-10.0.14393-SP0) requests/2.9.1 msrest/0.4.4
          msrest_azure/0.4.6 networkmanagementclient/0.30.0 Azure-SDK-For-Python AZURECLI/TEST/0.1.1b2+dev]
      accept-language: [en-US]
      x-ms-client-request-id: [269015fe-e3f8-11e6-8856-a0b3ccf7272a]
    method: GET
    uri: https://management.azure.com/subscriptions/00000000-0000-0000-0000-000000000000/providers/Microsoft.Network/locations/westus/operations/5bcb84b9-1562-4c63-a879-773b5604ed07?api-version=2016-09-01
  response:
    body: {string: "{\r\n  \"status\": \"Succeeded\"\r\n}"}
    headers:
      Cache-Control: [no-cache]
      Content-Type: [application/json; charset=utf-8]
      Date: ['Thu, 26 Jan 2017 18:49:51 GMT']
      Expires: ['-1']
      Pragma: [no-cache]
      Server: [Microsoft-HTTPAPI/2.0, Microsoft-HTTPAPI/2.0]
      Strict-Transport-Security: [max-age=31536000; includeSubDomains]
      Transfer-Encoding: [chunked]
      Vary: [Accept-Encoding]
      content-length: ['29']
    status: {code: 200, message: OK}
- request:
    body: null
    headers:
      Accept: [application/json]
      Accept-Encoding: ['gzip, deflate']
      Connection: [keep-alive]
      Content-Type: [application/json; charset=utf-8]
      User-Agent: [python/3.5.1 (Windows-10-10.0.14393-SP0) requests/2.9.1 msrest/0.4.4
          msrest_azure/0.4.6 networkmanagementclient/0.30.0 Azure-SDK-For-Python AZURECLI/TEST/0.1.1b2+dev]
      accept-language: [en-US]
      x-ms-client-request-id: [269015fe-e3f8-11e6-8856-a0b3ccf7272a]
    method: GET
    uri: https://management.azure.com/subscriptions/00000000-0000-0000-0000-000000000000/resourceGroups/cli_test_open_port/providers/Microsoft.Network/networkInterfaces/vm1VMNic?api-version=2016-09-01
  response:
    body: {string: "{\r\n  \"name\": \"vm1VMNic\",\r\n  \"id\": \"/subscriptions/00000000-0000-0000-0000-000000000000/resourceGroups/cli_test_open_port/providers/Microsoft.Network/networkInterfaces/vm1VMNic\"\
        ,\r\n  \"etag\": \"W/\\\"19e466c4-0523-413f-b014-57ccf8f66bda\\\"\",\r\n \
        \ \"location\": \"westus\",\r\n  \"tags\": {},\r\n  \"properties\": {\r\n\
        \    \"provisioningState\": \"Succeeded\",\r\n    \"resourceGuid\": \"7ea347a1-704c-4ced-881b-dbaa71c83e7f\"\
        ,\r\n    \"ipConfigurations\": [\r\n      {\r\n        \"name\": \"ipconfigvm1\"\
        ,\r\n        \"id\": \"/subscriptions/00000000-0000-0000-0000-000000000000/resourceGroups/cli_test_open_port/providers/Microsoft.Network/networkInterfaces/vm1VMNic/ipConfigurations/ipconfigvm1\"\
        ,\r\n        \"etag\": \"W/\\\"19e466c4-0523-413f-b014-57ccf8f66bda\\\"\"\
        ,\r\n        \"properties\": {\r\n          \"provisioningState\": \"Succeeded\"\
        ,\r\n          \"privateIPAddress\": \"10.0.0.4\",\r\n          \"privateIPAllocationMethod\"\
        : \"Dynamic\",\r\n          \"publicIPAddress\": {\r\n            \"id\":\
        \ \"/subscriptions/00000000-0000-0000-0000-000000000000/resourceGroups/cli_test_open_port/providers/Microsoft.Network/publicIPAddresses/vm1PublicIP\"\
        \r\n          },\r\n          \"subnet\": {\r\n            \"id\": \"/subscriptions/00000000-0000-0000-0000-000000000000/resourceGroups/cli_test_open_port/providers/Microsoft.Network/virtualNetworks/vm1VNET/subnets/vm1Subnet\"\
        \r\n          },\r\n          \"primary\": true,\r\n          \"privateIPAddressVersion\"\
        : \"IPv4\"\r\n        }\r\n      }\r\n    ],\r\n    \"dnsSettings\": {\r\n\
        \      \"dnsServers\": [],\r\n      \"appliedDnsServers\": [],\r\n      \"\
        internalDomainNameSuffix\": \"ck51rp43ruxerfj5e14ve2ynhd.dx.internal.cloudapp.net\"\
        \r\n    },\r\n    \"macAddress\": \"00-0D-3A-35-F9-17\",\r\n    \"enableAcceleratedNetworking\"\
        : false,\r\n    \"enableIPForwarding\": false,\r\n    \"networkSecurityGroup\"\
        : {\r\n      \"id\": \"/subscriptions/00000000-0000-0000-0000-000000000000/resourceGroups/cli_test_open_port/providers/Microsoft.Network/networkSecurityGroups/vm1NSG\"\
        \r\n    },\r\n    \"primary\": true,\r\n    \"virtualMachine\": {\r\n    \
        \  \"id\": \"/subscriptions/00000000-0000-0000-0000-000000000000/resourceGroups/cli_test_open_port/providers/Microsoft.Compute/virtualMachines/vm1\"\
        \r\n    }\r\n  },\r\n  \"type\": \"Microsoft.Network/networkInterfaces\"\r\
        \n}"}
    headers:
      Cache-Control: [no-cache]
      Content-Type: [application/json; charset=utf-8]
      Date: ['Thu, 26 Jan 2017 18:49:52 GMT']
      ETag: [W/"19e466c4-0523-413f-b014-57ccf8f66bda"]
      Expires: ['-1']
      Pragma: [no-cache]
      Server: [Microsoft-HTTPAPI/2.0, Microsoft-HTTPAPI/2.0]
      Strict-Transport-Security: [max-age=31536000; includeSubDomains]
      Transfer-Encoding: [chunked]
      Vary: [Accept-Encoding]
      content-length: ['2189']
    status: {code: 200, message: OK}
- request:
    body: null
    headers:
      Accept: [application/json]
      Accept-Encoding: ['gzip, deflate']
      Connection: [keep-alive]
      Content-Type: [application/json; charset=utf-8]
      User-Agent: [python/3.5.1 (Windows-10-10.0.14393-SP0) requests/2.9.1 msrest/0.4.4
          msrest_azure/0.4.6 networkmanagementclient/0.30.0 Azure-SDK-For-Python AZURECLI/TEST/0.1.1b2+dev]
      accept-language: [en-US]
      x-ms-client-request-id: [395f22f6-e3f8-11e6-9006-a0b3ccf7272a]
    method: GET
    uri: https://management.azure.com/subscriptions/00000000-0000-0000-0000-000000000000/resourceGroups/cli_test_open_port/providers/Microsoft.Network/networkSecurityGroups/vm1NSG?api-version=2016-09-01
  response:
    body: {string: "{\r\n  \"name\": \"vm1NSG\",\r\n  \"id\": \"/subscriptions/00000000-0000-0000-0000-000000000000/resourceGroups/cli_test_open_port/providers/Microsoft.Network/networkSecurityGroups/vm1NSG\"\
        ,\r\n  \"etag\": \"W/\\\"9c728574-cac6-4981-8bac-771ee2de758f\\\"\",\r\n \
        \ \"type\": \"Microsoft.Network/networkSecurityGroups\",\r\n  \"location\"\
        : \"westus\",\r\n  \"tags\": {},\r\n  \"properties\": {\r\n    \"provisioningState\"\
        : \"Succeeded\",\r\n    \"resourceGuid\": \"772532ac-5759-4e30-a8c3-c39690115157\"\
        ,\r\n    \"securityRules\": [\r\n      {\r\n        \"name\": \"default-allow-ssh\"\
        ,\r\n        \"id\": \"/subscriptions/00000000-0000-0000-0000-000000000000/resourceGroups/cli_test_open_port/providers/Microsoft.Network/networkSecurityGroups/vm1NSG/securityRules/default-allow-ssh\"\
        ,\r\n        \"etag\": \"W/\\\"9c728574-cac6-4981-8bac-771ee2de758f\\\"\"\
        ,\r\n        \"properties\": {\r\n          \"provisioningState\": \"Succeeded\"\
        ,\r\n          \"protocol\": \"Tcp\",\r\n          \"sourcePortRange\": \"\
        *\",\r\n          \"destinationPortRange\": \"22\",\r\n          \"sourceAddressPrefix\"\
        : \"*\",\r\n          \"destinationAddressPrefix\": \"*\",\r\n          \"\
        access\": \"Allow\",\r\n          \"priority\": 1000,\r\n          \"direction\"\
        : \"Inbound\"\r\n        }\r\n      },\r\n      {\r\n        \"name\": \"\
        open-port-cmd\",\r\n        \"id\": \"/subscriptions/00000000-0000-0000-0000-000000000000/resourceGroups/cli_test_open_port/providers/Microsoft.Network/networkSecurityGroups/vm1NSG/securityRules/open-port-cmd\"\
        ,\r\n        \"etag\": \"W/\\\"9c728574-cac6-4981-8bac-771ee2de758f\\\"\"\
        ,\r\n        \"properties\": {\r\n          \"provisioningState\": \"Succeeded\"\
        ,\r\n          \"protocol\": \"*\",\r\n          \"sourcePortRange\": \"*\"\
        ,\r\n          \"destinationPortRange\": \"*\",\r\n          \"sourceAddressPrefix\"\
        : \"*\",\r\n          \"destinationAddressPrefix\": \"*\",\r\n          \"\
        access\": \"Allow\",\r\n          \"priority\": 900,\r\n          \"direction\"\
        : \"Inbound\"\r\n        }\r\n      }\r\n    ],\r\n    \"defaultSecurityRules\"\
        : [\r\n      {\r\n        \"name\": \"AllowVnetInBound\",\r\n        \"id\"\
        : \"/subscriptions/00000000-0000-0000-0000-000000000000/resourceGroups/cli_test_open_port/providers/Microsoft.Network/networkSecurityGroups/vm1NSG/defaultSecurityRules/AllowVnetInBound\"\
        ,\r\n        \"etag\": \"W/\\\"9c728574-cac6-4981-8bac-771ee2de758f\\\"\"\
        ,\r\n        \"properties\": {\r\n          \"provisioningState\": \"Succeeded\"\
        ,\r\n          \"description\": \"Allow inbound traffic from all VMs in VNET\"\
        ,\r\n          \"protocol\": \"*\",\r\n          \"sourcePortRange\": \"*\"\
        ,\r\n          \"destinationPortRange\": \"*\",\r\n          \"sourceAddressPrefix\"\
        : \"VirtualNetwork\",\r\n          \"destinationAddressPrefix\": \"VirtualNetwork\"\
        ,\r\n          \"access\": \"Allow\",\r\n          \"priority\": 65000,\r\n\
        \          \"direction\": \"Inbound\"\r\n        }\r\n      },\r\n      {\r\
        \n        \"name\": \"AllowAzureLoadBalancerInBound\",\r\n        \"id\":\
        \ \"/subscriptions/00000000-0000-0000-0000-000000000000/resourceGroups/cli_test_open_port/providers/Microsoft.Network/networkSecurityGroups/vm1NSG/defaultSecurityRules/AllowAzureLoadBalancerInBound\"\
        ,\r\n        \"etag\": \"W/\\\"9c728574-cac6-4981-8bac-771ee2de758f\\\"\"\
        ,\r\n        \"properties\": {\r\n          \"provisioningState\": \"Succeeded\"\
        ,\r\n          \"description\": \"Allow inbound traffic from azure load balancer\"\
        ,\r\n          \"protocol\": \"*\",\r\n          \"sourcePortRange\": \"*\"\
        ,\r\n          \"destinationPortRange\": \"*\",\r\n          \"sourceAddressPrefix\"\
        : \"AzureLoadBalancer\",\r\n          \"destinationAddressPrefix\": \"*\"\
        ,\r\n          \"access\": \"Allow\",\r\n          \"priority\": 65001,\r\n\
        \          \"direction\": \"Inbound\"\r\n        }\r\n      },\r\n      {\r\
        \n        \"name\": \"DenyAllInBound\",\r\n        \"id\": \"/subscriptions/00000000-0000-0000-0000-000000000000/resourceGroups/cli_test_open_port/providers/Microsoft.Network/networkSecurityGroups/vm1NSG/defaultSecurityRules/DenyAllInBound\"\
        ,\r\n        \"etag\": \"W/\\\"9c728574-cac6-4981-8bac-771ee2de758f\\\"\"\
        ,\r\n        \"properties\": {\r\n          \"provisioningState\": \"Succeeded\"\
        ,\r\n          \"description\": \"Deny all inbound traffic\",\r\n        \
        \  \"protocol\": \"*\",\r\n          \"sourcePortRange\": \"*\",\r\n     \
        \     \"destinationPortRange\": \"*\",\r\n          \"sourceAddressPrefix\"\
        : \"*\",\r\n          \"destinationAddressPrefix\": \"*\",\r\n          \"\
        access\": \"Deny\",\r\n          \"priority\": 65500,\r\n          \"direction\"\
        : \"Inbound\"\r\n        }\r\n      },\r\n      {\r\n        \"name\": \"\
        AllowVnetOutBound\",\r\n        \"id\": \"/subscriptions/00000000-0000-0000-0000-000000000000/resourceGroups/cli_test_open_port/providers/Microsoft.Network/networkSecurityGroups/vm1NSG/defaultSecurityRules/AllowVnetOutBound\"\
        ,\r\n        \"etag\": \"W/\\\"9c728574-cac6-4981-8bac-771ee2de758f\\\"\"\
        ,\r\n        \"properties\": {\r\n          \"provisioningState\": \"Succeeded\"\
        ,\r\n          \"description\": \"Allow outbound traffic from all VMs to all\
        \ VMs in VNET\",\r\n          \"protocol\": \"*\",\r\n          \"sourcePortRange\"\
        : \"*\",\r\n          \"destinationPortRange\": \"*\",\r\n          \"sourceAddressPrefix\"\
        : \"VirtualNetwork\",\r\n          \"destinationAddressPrefix\": \"VirtualNetwork\"\
        ,\r\n          \"access\": \"Allow\",\r\n          \"priority\": 65000,\r\n\
        \          \"direction\": \"Outbound\"\r\n        }\r\n      },\r\n      {\r\
        \n        \"name\": \"AllowInternetOutBound\",\r\n        \"id\": \"/subscriptions/00000000-0000-0000-0000-000000000000/resourceGroups/cli_test_open_port/providers/Microsoft.Network/networkSecurityGroups/vm1NSG/defaultSecurityRules/AllowInternetOutBound\"\
        ,\r\n        \"etag\": \"W/\\\"9c728574-cac6-4981-8bac-771ee2de758f\\\"\"\
        ,\r\n        \"properties\": {\r\n          \"provisioningState\": \"Succeeded\"\
        ,\r\n          \"description\": \"Allow outbound traffic from all VMs to Internet\"\
        ,\r\n          \"protocol\": \"*\",\r\n          \"sourcePortRange\": \"*\"\
        ,\r\n          \"destinationPortRange\": \"*\",\r\n          \"sourceAddressPrefix\"\
        : \"*\",\r\n          \"destinationAddressPrefix\": \"Internet\",\r\n    \
        \      \"access\": \"Allow\",\r\n          \"priority\": 65001,\r\n      \
        \    \"direction\": \"Outbound\"\r\n        }\r\n      },\r\n      {\r\n \
        \       \"name\": \"DenyAllOutBound\",\r\n        \"id\": \"/subscriptions/00000000-0000-0000-0000-000000000000/resourceGroups/cli_test_open_port/providers/Microsoft.Network/networkSecurityGroups/vm1NSG/defaultSecurityRules/DenyAllOutBound\"\
        ,\r\n        \"etag\": \"W/\\\"9c728574-cac6-4981-8bac-771ee2de758f\\\"\"\
        ,\r\n        \"properties\": {\r\n          \"provisioningState\": \"Succeeded\"\
        ,\r\n          \"description\": \"Deny all outbound traffic\",\r\n       \
        \   \"protocol\": \"*\",\r\n          \"sourcePortRange\": \"*\",\r\n    \
        \      \"destinationPortRange\": \"*\",\r\n          \"sourceAddressPrefix\"\
        : \"*\",\r\n          \"destinationAddressPrefix\": \"*\",\r\n          \"\
        access\": \"Deny\",\r\n          \"priority\": 65500,\r\n          \"direction\"\
        : \"Outbound\"\r\n        }\r\n      }\r\n    ],\r\n    \"networkInterfaces\"\
        : [\r\n      {\r\n        \"id\": \"/subscriptions/00000000-0000-0000-0000-000000000000/resourceGroups/cli_test_open_port/providers/Microsoft.Network/networkInterfaces/vm1VMNic\"\
        \r\n      }\r\n    ]\r\n  }\r\n}"}
    headers:
      Cache-Control: [no-cache]
      Content-Type: [application/json; charset=utf-8]
      Date: ['Thu, 26 Jan 2017 18:49:53 GMT']
      ETag: [W/"9c728574-cac6-4981-8bac-771ee2de758f"]
      Expires: ['-1']
      Pragma: [no-cache]
      Server: [Microsoft-HTTPAPI/2.0, Microsoft-HTTPAPI/2.0]
      Strict-Transport-Security: [max-age=31536000; includeSubDomains]
      Transfer-Encoding: [chunked]
      Vary: [Accept-Encoding]
      content-length: ['6735']
    status: {code: 200, message: OK}
- request:
    body: null
    headers:
      Accept: [application/json]
      Accept-Encoding: ['gzip, deflate']
      Connection: [keep-alive]
      Content-Type: [application/json; charset=utf-8]
      User-Agent: [python/3.5.1 (Windows-10-10.0.14393-SP0) requests/2.9.1 msrest/0.4.4
          msrest_azure/0.4.6 computemanagementclient/0.32.1 Azure-SDK-For-Python AZURECLI/TEST/0.1.1b2+dev]
      accept-language: [en-US]
      x-ms-client-request-id: [39c0e052-e3f8-11e6-a8c3-a0b3ccf7272a]
    method: GET
    uri: https://management.azure.com/subscriptions/00000000-0000-0000-0000-000000000000/resourceGroups/cli_test_open_port/providers/Microsoft.Compute/virtualMachines/vm1?api-version=2016-03-30
  response:
    body: {string: '{"error":{"code":"MultipleErrorsOccurred","message":"Multiple
        error occurred: . Please see details.","details":[{"code":"InternalServerError","message":"Encountered
        internal server error. Diagnostic information: timestamp ''20170126T185007Z'',
        subscription id ''0b1f6471-1bf0-4dda-aec3-cb9272f09590'', tracking id ''31388a61-c774-4c83-b142-b55b430bf817'',
        request correlation id ''31388a61-c774-4c83-b142-b55b430bf817''."},{"code":"InternalServerError","message":"Encountered
        internal server error. Diagnostic information: timestamp ''20170126T185007Z'',
        subscription id ''0b1f6471-1bf0-4dda-aec3-cb9272f09590'', tracking id ''31388a61-c774-4c83-b142-b55b430bf817'',
        request correlation id ''31388a61-c774-4c83-b142-b55b430bf817''."},{"code":"InternalServerError","message":"Encountered
        internal server error. Diagnostic information: timestamp ''20170126T185007Z'',
        subscription id ''0b1f6471-1bf0-4dda-aec3-cb9272f09590'', tracking id ''31388a61-c774-4c83-b142-b55b430bf817'',
        request correlation id ''31388a61-c774-4c83-b142-b55b430bf817''."},{"code":"InternalServerError","message":"Encountered
        internal server error. Diagnostic information: timestamp ''20170126T185007Z'',
        subscription id ''0b1f6471-1bf0-4dda-aec3-cb9272f09590'', tracking id ''31388a61-c774-4c83-b142-b55b430bf817'',
        request correlation id ''31388a61-c774-4c83-b142-b55b430bf817''."}]}}'}
    headers:
      Cache-Control: [no-cache]
      Connection: [close]
      Content-Length: ['1326']
      Content-Type: [application/json; charset=utf-8]
      Date: ['Thu, 26 Jan 2017 18:50:06 GMT']
      Expires: ['-1']
      Pragma: [no-cache]
      Strict-Transport-Security: [max-age=31536000; includeSubDomains]
      x-ms-failure-cause: [gateway]
    status: {code: 500, message: Internal Server Error}
- request:
    body: null
    headers:
      Accept: [application/json]
      Accept-Encoding: ['gzip, deflate']
      Connection: [keep-alive]
      Content-Type: [application/json; charset=utf-8]
      User-Agent: [python/3.5.1 (Windows-10-10.0.14393-SP0) requests/2.9.1 msrest/0.4.4
          msrest_azure/0.4.6 computemanagementclient/0.32.1 Azure-SDK-For-Python AZURECLI/TEST/0.1.1b2+dev]
      accept-language: [en-US]
      x-ms-client-request-id: [39c0e052-e3f8-11e6-a8c3-a0b3ccf7272a]
    method: GET
    uri: https://management.azure.com/subscriptions/00000000-0000-0000-0000-000000000000/resourceGroups/cli_test_open_port/providers/Microsoft.Compute/virtualMachines/vm1?api-version=2016-03-30
  response:
    body: {string: "{\r\n  \"properties\": {\r\n    \"vmId\": \"8acf1645-c9d9-4196-807e-0868f0835105\"\
        ,\r\n    \"hardwareProfile\": {\r\n      \"vmSize\": \"Standard_DS1\"\r\n\
        \    },\r\n    \"storageProfile\": {\r\n      \"imageReference\": {\r\n  \
        \      \"publisher\": \"Canonical\",\r\n        \"offer\": \"UbuntuServer\"\
        ,\r\n        \"sku\": \"14.04.4-LTS\",\r\n        \"version\": \"latest\"\r\
        \n      },\r\n      \"osDisk\": {\r\n        \"osType\": \"Linux\",\r\n  \
        \      \"name\": \"osdisk_Vf4AwymJ5a\",\r\n        \"createOption\": \"FromImage\"\
        ,\r\n        \"vhd\": {\r\n          \"uri\": \"https://vhdstoragetoun5ja0mmu5wh.blob.core.windows.net/vhds/osdisk_Vf4AwymJ5a.vhd\"\
        \r\n        },\r\n        \"caching\": \"ReadWrite\"\r\n      },\r\n     \
        \ \"dataDisks\": []\r\n    },\r\n    \"osProfile\": {\r\n      \"computerName\"\
        : \"vm1\",\r\n      \"adminUsername\": \"ubuntu\",\r\n      \"linuxConfiguration\"\
        : {\r\n        \"disablePasswordAuthentication\": false\r\n      },\r\n  \
        \    \"secrets\": []\r\n    },\r\n    \"networkProfile\": {\"networkInterfaces\"\
        :[{\"id\":\"/subscriptions/00000000-0000-0000-0000-000000000000/resourceGroups/cli_test_open_port/providers/Microsoft.Network/networkInterfaces/vm1VMNic\"\
        }]},\r\n    \"provisioningState\": \"Succeeded\"\r\n  },\r\n  \"type\": \"\
        Microsoft.Compute/virtualMachines\",\r\n  \"location\": \"westus\",\r\n  \"\
        tags\": {},\r\n  \"id\": \"/subscriptions/00000000-0000-0000-0000-000000000000/resourceGroups/cli_test_open_port/providers/Microsoft.Compute/virtualMachines/vm1\"\
        ,\r\n  \"name\": \"vm1\"\r\n}"}
    headers:
      Cache-Control: [no-cache]
      Content-Type: [application/json; charset=utf-8]
      Date: ['Thu, 26 Jan 2017 18:50:07 GMT']
      Expires: ['-1']
      Pragma: [no-cache]
      Server: [Microsoft-HTTPAPI/2.0, Microsoft-HTTPAPI/2.0]
      Strict-Transport-Security: [max-age=31536000; includeSubDomains]
      Transfer-Encoding: [chunked]
      Vary: [Accept-Encoding]
      content-length: ['1368']
    status: {code: 200, message: OK}
- request:
    body: null
    headers:
      Accept: [application/json]
      Accept-Encoding: ['gzip, deflate']
      Connection: [keep-alive]
      Content-Type: [application/json; charset=utf-8]
      User-Agent: [python/3.5.1 (Windows-10-10.0.14393-SP0) requests/2.9.1 msrest/0.4.4
          msrest_azure/0.4.6 networkmanagementclient/0.30.0 Azure-SDK-For-Python AZURECLI/TEST/0.1.1b2+dev]
      accept-language: [en-US]
      x-ms-client-request-id: [41b7fdee-e3f8-11e6-b4ea-a0b3ccf7272a]
    method: GET
    uri: https://management.azure.com/subscriptions/00000000-0000-0000-0000-000000000000/resourceGroups/cli_test_open_port/providers/Microsoft.Network/networkInterfaces/vm1VMNic?api-version=2016-09-01
  response:
    body: {string: '{"error":{"code":"MultipleErrorsOccurred","message":"Multiple
        error occurred: . Please see details.","details":[{"code":"InternalServerError","message":"Encountered
        internal server error. Diagnostic information: timestamp ''20170126T185020Z'',
        subscription id ''0b1f6471-1bf0-4dda-aec3-cb9272f09590'', tracking id ''8246067e-8eb7-4f59-b101-eab1bc8649ad'',
        request correlation id ''8246067e-8eb7-4f59-b101-eab1bc8649ad''."},{"code":"InternalServerError","message":"Encountered
        internal server error. Diagnostic information: timestamp ''20170126T185020Z'',
        subscription id ''0b1f6471-1bf0-4dda-aec3-cb9272f09590'', tracking id ''8246067e-8eb7-4f59-b101-eab1bc8649ad'',
        request correlation id ''8246067e-8eb7-4f59-b101-eab1bc8649ad''."},{"code":"InternalServerError","message":"Encountered
        internal server error. Diagnostic information: timestamp ''20170126T185020Z'',
        subscription id ''0b1f6471-1bf0-4dda-aec3-cb9272f09590'', tracking id ''8246067e-8eb7-4f59-b101-eab1bc8649ad'',
        request correlation id ''8246067e-8eb7-4f59-b101-eab1bc8649ad''."},{"code":"InternalServerError","message":"Encountered
        internal server error. Diagnostic information: timestamp ''20170126T185020Z'',
        subscription id ''0b1f6471-1bf0-4dda-aec3-cb9272f09590'', tracking id ''8246067e-8eb7-4f59-b101-eab1bc8649ad'',
        request correlation id ''8246067e-8eb7-4f59-b101-eab1bc8649ad''."}]}}'}
    headers:
      Cache-Control: [no-cache]
      Connection: [close]
      Content-Length: ['1326']
      Content-Type: [application/json; charset=utf-8]
      Date: ['Thu, 26 Jan 2017 18:50:19 GMT']
      Expires: ['-1']
      Pragma: [no-cache]
      Strict-Transport-Security: [max-age=31536000; includeSubDomains]
      x-ms-failure-cause: [gateway]
    status: {code: 500, message: Internal Server Error}
- request:
    body: null
    headers:
      Accept: [application/json]
      Accept-Encoding: ['gzip, deflate']
      Connection: [keep-alive]
      Content-Type: [application/json; charset=utf-8]
      User-Agent: [python/3.5.1 (Windows-10-10.0.14393-SP0) requests/2.9.1 msrest/0.4.4
          msrest_azure/0.4.6 networkmanagementclient/0.30.0 Azure-SDK-For-Python AZURECLI/TEST/0.1.1b2+dev]
      accept-language: [en-US]
      x-ms-client-request-id: [41b7fdee-e3f8-11e6-b4ea-a0b3ccf7272a]
    method: GET
    uri: https://management.azure.com/subscriptions/00000000-0000-0000-0000-000000000000/resourceGroups/cli_test_open_port/providers/Microsoft.Network/networkInterfaces/vm1VMNic?api-version=2016-09-01
  response:
    body: {string: "{\r\n  \"name\": \"vm1VMNic\",\r\n  \"id\": \"/subscriptions/00000000-0000-0000-0000-000000000000/resourceGroups/cli_test_open_port/providers/Microsoft.Network/networkInterfaces/vm1VMNic\"\
        ,\r\n  \"etag\": \"W/\\\"19e466c4-0523-413f-b014-57ccf8f66bda\\\"\",\r\n \
        \ \"location\": \"westus\",\r\n  \"tags\": {},\r\n  \"properties\": {\r\n\
        \    \"provisioningState\": \"Succeeded\",\r\n    \"resourceGuid\": \"7ea347a1-704c-4ced-881b-dbaa71c83e7f\"\
        ,\r\n    \"ipConfigurations\": [\r\n      {\r\n        \"name\": \"ipconfigvm1\"\
        ,\r\n        \"id\": \"/subscriptions/00000000-0000-0000-0000-000000000000/resourceGroups/cli_test_open_port/providers/Microsoft.Network/networkInterfaces/vm1VMNic/ipConfigurations/ipconfigvm1\"\
        ,\r\n        \"etag\": \"W/\\\"19e466c4-0523-413f-b014-57ccf8f66bda\\\"\"\
        ,\r\n        \"properties\": {\r\n          \"provisioningState\": \"Succeeded\"\
        ,\r\n          \"privateIPAddress\": \"10.0.0.4\",\r\n          \"privateIPAllocationMethod\"\
        : \"Dynamic\",\r\n          \"publicIPAddress\": {\r\n            \"id\":\
        \ \"/subscriptions/00000000-0000-0000-0000-000000000000/resourceGroups/cli_test_open_port/providers/Microsoft.Network/publicIPAddresses/vm1PublicIP\"\
        \r\n          },\r\n          \"subnet\": {\r\n            \"id\": \"/subscriptions/00000000-0000-0000-0000-000000000000/resourceGroups/cli_test_open_port/providers/Microsoft.Network/virtualNetworks/vm1VNET/subnets/vm1Subnet\"\
        \r\n          },\r\n          \"primary\": true,\r\n          \"privateIPAddressVersion\"\
        : \"IPv4\"\r\n        }\r\n      }\r\n    ],\r\n    \"dnsSettings\": {\r\n\
        \      \"dnsServers\": [],\r\n      \"appliedDnsServers\": [],\r\n      \"\
        internalDomainNameSuffix\": \"ck51rp43ruxerfj5e14ve2ynhd.dx.internal.cloudapp.net\"\
        \r\n    },\r\n    \"macAddress\": \"00-0D-3A-35-F9-17\",\r\n    \"enableAcceleratedNetworking\"\
        : false,\r\n    \"enableIPForwarding\": false,\r\n    \"networkSecurityGroup\"\
        : {\r\n      \"id\": \"/subscriptions/00000000-0000-0000-0000-000000000000/resourceGroups/cli_test_open_port/providers/Microsoft.Network/networkSecurityGroups/vm1NSG\"\
        \r\n    },\r\n    \"primary\": true,\r\n    \"virtualMachine\": {\r\n    \
        \  \"id\": \"/subscriptions/00000000-0000-0000-0000-000000000000/resourceGroups/cli_test_open_port/providers/Microsoft.Compute/virtualMachines/vm1\"\
        \r\n    }\r\n  },\r\n  \"type\": \"Microsoft.Network/networkInterfaces\"\r\
        \n}"}
    headers:
      Cache-Control: [no-cache]
      Content-Type: [application/json; charset=utf-8]
      Date: ['Thu, 26 Jan 2017 18:50:20 GMT']
      ETag: [W/"19e466c4-0523-413f-b014-57ccf8f66bda"]
      Expires: ['-1']
      Pragma: [no-cache]
      Server: [Microsoft-HTTPAPI/2.0, Microsoft-HTTPAPI/2.0]
      Strict-Transport-Security: [max-age=31536000; includeSubDomains]
      Transfer-Encoding: [chunked]
      Vary: [Accept-Encoding]
      content-length: ['2189']
    status: {code: 200, message: OK}
- request:
    body: null
    headers:
      Accept: [application/json]
      Accept-Encoding: ['gzip, deflate']
      Connection: [keep-alive]
      Content-Type: [application/json; charset=utf-8]
      User-Agent: [python/3.5.1 (Windows-10-10.0.14393-SP0) requests/2.9.1 msrest/0.4.4
          msrest_azure/0.4.6 networkmanagementclient/0.30.0 Azure-SDK-For-Python AZURECLI/TEST/0.1.1b2+dev]
      accept-language: [en-US]
      x-ms-client-request-id: [49aec924-e3f8-11e6-ad4a-a0b3ccf7272a]
    method: GET
    uri: https://management.azure.com/subscriptions/00000000-0000-0000-0000-000000000000/resourceGroups/cli_test_open_port/providers/Microsoft.Network/virtualNetworks/vm1VNET/subnets/vm1Subnet?api-version=2016-09-01
  response:
    body: {string: '{"error":{"code":"MultipleErrorsOccurred","message":"Multiple
        error occurred: . Please see details.","details":[{"code":"InternalServerError","message":"Encountered
        internal server error. Diagnostic information: timestamp ''20170126T185034Z'',
        subscription id ''0b1f6471-1bf0-4dda-aec3-cb9272f09590'', tracking id ''404eafac-eccc-4f94-a423-63579fbb4caf'',
        request correlation id ''404eafac-eccc-4f94-a423-63579fbb4caf''."},{"code":"InternalServerError","message":"Encountered
        internal server error. Diagnostic information: timestamp ''20170126T185034Z'',
        subscription id ''0b1f6471-1bf0-4dda-aec3-cb9272f09590'', tracking id ''404eafac-eccc-4f94-a423-63579fbb4caf'',
        request correlation id ''404eafac-eccc-4f94-a423-63579fbb4caf''."},{"code":"InternalServerError","message":"Encountered
        internal server error. Diagnostic information: timestamp ''20170126T185034Z'',
        subscription id ''0b1f6471-1bf0-4dda-aec3-cb9272f09590'', tracking id ''404eafac-eccc-4f94-a423-63579fbb4caf'',
        request correlation id ''404eafac-eccc-4f94-a423-63579fbb4caf''."},{"code":"InternalServerError","message":"Encountered
        internal server error. Diagnostic information: timestamp ''20170126T185034Z'',
        subscription id ''0b1f6471-1bf0-4dda-aec3-cb9272f09590'', tracking id ''404eafac-eccc-4f94-a423-63579fbb4caf'',
        request correlation id ''404eafac-eccc-4f94-a423-63579fbb4caf''."}]}}'}
    headers:
      Cache-Control: [no-cache]
      Connection: [close]
      Content-Length: ['1326']
      Content-Type: [application/json; charset=utf-8]
      Date: ['Thu, 26 Jan 2017 18:50:34 GMT']
      Expires: ['-1']
      Pragma: [no-cache]
      Strict-Transport-Security: [max-age=31536000; includeSubDomains]
      x-ms-failure-cause: [gateway]
    status: {code: 500, message: Internal Server Error}
- request:
    body: null
    headers:
      Accept: [application/json]
      Accept-Encoding: ['gzip, deflate']
      Connection: [keep-alive]
      Content-Type: [application/json; charset=utf-8]
      User-Agent: [python/3.5.1 (Windows-10-10.0.14393-SP0) requests/2.9.1 msrest/0.4.4
          msrest_azure/0.4.6 networkmanagementclient/0.30.0 Azure-SDK-For-Python AZURECLI/TEST/0.1.1b2+dev]
      accept-language: [en-US]
      x-ms-client-request-id: [49aec924-e3f8-11e6-ad4a-a0b3ccf7272a]
    method: GET
    uri: https://management.azure.com/subscriptions/00000000-0000-0000-0000-000000000000/resourceGroups/cli_test_open_port/providers/Microsoft.Network/virtualNetworks/vm1VNET/subnets/vm1Subnet?api-version=2016-09-01
  response:
    body: {string: "{\r\n  \"name\": \"vm1Subnet\",\r\n  \"id\": \"/subscriptions/00000000-0000-0000-0000-000000000000/resourceGroups/cli_test_open_port/providers/Microsoft.Network/virtualNetworks/vm1VNET/subnets/vm1Subnet\"\
        ,\r\n  \"etag\": \"W/\\\"0d608d42-7802-461d-9465-264557268a05\\\"\",\r\n \
        \ \"properties\": {\r\n    \"provisioningState\": \"Succeeded\",\r\n    \"\
        addressPrefix\": \"10.0.0.0/24\",\r\n    \"ipConfigurations\": [\r\n     \
        \ {\r\n        \"id\": \"/subscriptions/00000000-0000-0000-0000-000000000000/resourceGroups/cli_test_open_port/providers/Microsoft.Network/networkInterfaces/vm1VMNic/ipConfigurations/ipconfigvm1\"\
        \r\n      }\r\n    ]\r\n  }\r\n}"}
    headers:
      Cache-Control: [no-cache]
      Content-Type: [application/json; charset=utf-8]
      Date: ['Thu, 26 Jan 2017 18:50:35 GMT']
      ETag: [W/"0d608d42-7802-461d-9465-264557268a05"]
      Expires: ['-1']
      Pragma: [no-cache]
      Server: [Microsoft-HTTPAPI/2.0, Microsoft-HTTPAPI/2.0]
      Strict-Transport-Security: [max-age=31536000; includeSubDomains]
      Transfer-Encoding: [chunked]
      Vary: [Accept-Encoding]
      content-length: ['604']
    status: {code: 200, message: OK}
- request:
    body: '{"location": "westus"}'
    headers:
      Accept: [application/json]
      Accept-Encoding: ['gzip, deflate']
      Connection: [keep-alive]
      Content-Length: ['22']
      Content-Type: [application/json; charset=utf-8]
      User-Agent: [python/3.5.1 (Windows-10-10.0.14393-SP0) requests/2.9.1 msrest/0.4.4
          msrest_azure/0.4.6 networkmanagementclient/0.30.0 Azure-SDK-For-Python AZURECLI/TEST/0.1.1b2+dev]
      accept-language: [en-US]
      x-ms-client-request-id: [529e540c-e3f8-11e6-b29c-a0b3ccf7272a]
    method: PUT
    uri: https://management.azure.com/subscriptions/00000000-0000-0000-0000-000000000000/resourceGroups/cli_test_open_port/providers/Microsoft.Network/networkSecurityGroups/newNsg?api-version=2016-09-01
  response:
    body: {string: "{\r\n  \"name\": \"newNsg\",\r\n  \"id\": \"/subscriptions/00000000-0000-0000-0000-000000000000/resourceGroups/cli_test_open_port/providers/Microsoft.Network/networkSecurityGroups/newNsg\"\
        ,\r\n  \"etag\": \"W/\\\"01407a2e-3d9e-4717-a9cc-e027b5c27892\\\"\",\r\n \
        \ \"type\": \"Microsoft.Network/networkSecurityGroups\",\r\n  \"location\"\
        : \"westus\",\r\n  \"properties\": {\r\n    \"provisioningState\": \"Updating\"\
        ,\r\n    \"resourceGuid\": \"e6ca0f00-8444-43b2-a491-4ba0fbaf08f3\",\r\n \
        \   \"securityRules\": [],\r\n    \"defaultSecurityRules\": [\r\n      {\r\
        \n        \"name\": \"AllowVnetInBound\",\r\n        \"id\": \"/subscriptions/00000000-0000-0000-0000-000000000000/resourceGroups/cli_test_open_port/providers/Microsoft.Network/networkSecurityGroups/newNsg/defaultSecurityRules/AllowVnetInBound\"\
        ,\r\n        \"etag\": \"W/\\\"01407a2e-3d9e-4717-a9cc-e027b5c27892\\\"\"\
        ,\r\n        \"properties\": {\r\n          \"provisioningState\": \"Updating\"\
        ,\r\n          \"description\": \"Allow inbound traffic from all VMs in VNET\"\
        ,\r\n          \"protocol\": \"*\",\r\n          \"sourcePortRange\": \"*\"\
        ,\r\n          \"destinationPortRange\": \"*\",\r\n          \"sourceAddressPrefix\"\
        : \"VirtualNetwork\",\r\n          \"destinationAddressPrefix\": \"VirtualNetwork\"\
        ,\r\n          \"access\": \"Allow\",\r\n          \"priority\": 65000,\r\n\
        \          \"direction\": \"Inbound\"\r\n        }\r\n      },\r\n      {\r\
        \n        \"name\": \"AllowAzureLoadBalancerInBound\",\r\n        \"id\":\
        \ \"/subscriptions/00000000-0000-0000-0000-000000000000/resourceGroups/cli_test_open_port/providers/Microsoft.Network/networkSecurityGroups/newNsg/defaultSecurityRules/AllowAzureLoadBalancerInBound\"\
        ,\r\n        \"etag\": \"W/\\\"01407a2e-3d9e-4717-a9cc-e027b5c27892\\\"\"\
        ,\r\n        \"properties\": {\r\n          \"provisioningState\": \"Updating\"\
        ,\r\n          \"description\": \"Allow inbound traffic from azure load balancer\"\
        ,\r\n          \"protocol\": \"*\",\r\n          \"sourcePortRange\": \"*\"\
        ,\r\n          \"destinationPortRange\": \"*\",\r\n          \"sourceAddressPrefix\"\
        : \"AzureLoadBalancer\",\r\n          \"destinationAddressPrefix\": \"*\"\
        ,\r\n          \"access\": \"Allow\",\r\n          \"priority\": 65001,\r\n\
        \          \"direction\": \"Inbound\"\r\n        }\r\n      },\r\n      {\r\
        \n        \"name\": \"DenyAllInBound\",\r\n        \"id\": \"/subscriptions/00000000-0000-0000-0000-000000000000/resourceGroups/cli_test_open_port/providers/Microsoft.Network/networkSecurityGroups/newNsg/defaultSecurityRules/DenyAllInBound\"\
        ,\r\n        \"etag\": \"W/\\\"01407a2e-3d9e-4717-a9cc-e027b5c27892\\\"\"\
        ,\r\n        \"properties\": {\r\n          \"provisioningState\": \"Updating\"\
        ,\r\n          \"description\": \"Deny all inbound traffic\",\r\n        \
        \  \"protocol\": \"*\",\r\n          \"sourcePortRange\": \"*\",\r\n     \
        \     \"destinationPortRange\": \"*\",\r\n          \"sourceAddressPrefix\"\
        : \"*\",\r\n          \"destinationAddressPrefix\": \"*\",\r\n          \"\
        access\": \"Deny\",\r\n          \"priority\": 65500,\r\n          \"direction\"\
        : \"Inbound\"\r\n        }\r\n      },\r\n      {\r\n        \"name\": \"\
        AllowVnetOutBound\",\r\n        \"id\": \"/subscriptions/00000000-0000-0000-0000-000000000000/resourceGroups/cli_test_open_port/providers/Microsoft.Network/networkSecurityGroups/newNsg/defaultSecurityRules/AllowVnetOutBound\"\
        ,\r\n        \"etag\": \"W/\\\"01407a2e-3d9e-4717-a9cc-e027b5c27892\\\"\"\
        ,\r\n        \"properties\": {\r\n          \"provisioningState\": \"Updating\"\
        ,\r\n          \"description\": \"Allow outbound traffic from all VMs to all\
        \ VMs in VNET\",\r\n          \"protocol\": \"*\",\r\n          \"sourcePortRange\"\
        : \"*\",\r\n          \"destinationPortRange\": \"*\",\r\n          \"sourceAddressPrefix\"\
        : \"VirtualNetwork\",\r\n          \"destinationAddressPrefix\": \"VirtualNetwork\"\
        ,\r\n          \"access\": \"Allow\",\r\n          \"priority\": 65000,\r\n\
        \          \"direction\": \"Outbound\"\r\n        }\r\n      },\r\n      {\r\
        \n        \"name\": \"AllowInternetOutBound\",\r\n        \"id\": \"/subscriptions/00000000-0000-0000-0000-000000000000/resourceGroups/cli_test_open_port/providers/Microsoft.Network/networkSecurityGroups/newNsg/defaultSecurityRules/AllowInternetOutBound\"\
        ,\r\n        \"etag\": \"W/\\\"01407a2e-3d9e-4717-a9cc-e027b5c27892\\\"\"\
        ,\r\n        \"properties\": {\r\n          \"provisioningState\": \"Updating\"\
        ,\r\n          \"description\": \"Allow outbound traffic from all VMs to Internet\"\
        ,\r\n          \"protocol\": \"*\",\r\n          \"sourcePortRange\": \"*\"\
        ,\r\n          \"destinationPortRange\": \"*\",\r\n          \"sourceAddressPrefix\"\
        : \"*\",\r\n          \"destinationAddressPrefix\": \"Internet\",\r\n    \
        \      \"access\": \"Allow\",\r\n          \"priority\": 65001,\r\n      \
        \    \"direction\": \"Outbound\"\r\n        }\r\n      },\r\n      {\r\n \
        \       \"name\": \"DenyAllOutBound\",\r\n        \"id\": \"/subscriptions/00000000-0000-0000-0000-000000000000/resourceGroups/cli_test_open_port/providers/Microsoft.Network/networkSecurityGroups/newNsg/defaultSecurityRules/DenyAllOutBound\"\
        ,\r\n        \"etag\": \"W/\\\"01407a2e-3d9e-4717-a9cc-e027b5c27892\\\"\"\
        ,\r\n        \"properties\": {\r\n          \"provisioningState\": \"Updating\"\
        ,\r\n          \"description\": \"Deny all outbound traffic\",\r\n       \
        \   \"protocol\": \"*\",\r\n          \"sourcePortRange\": \"*\",\r\n    \
        \      \"destinationPortRange\": \"*\",\r\n          \"sourceAddressPrefix\"\
        : \"*\",\r\n          \"destinationAddressPrefix\": \"*\",\r\n          \"\
        access\": \"Deny\",\r\n          \"priority\": 65500,\r\n          \"direction\"\
        : \"Outbound\"\r\n        }\r\n      }\r\n    ]\r\n  }\r\n}"}
    headers:
      Azure-AsyncOperation: ['https://management.azure.com/subscriptions/0b1f6471-1bf0-4dda-aec3-cb9272f09590/providers/Microsoft.Network/locations/westus/operations/d8eb255a-5ff6-48e1-b2a8-2ba7528d24c7?api-version=2016-09-01']
      Cache-Control: [no-cache]
      Content-Length: ['5138']
      Content-Type: [application/json; charset=utf-8]
      Date: ['Thu, 26 Jan 2017 18:50:35 GMT']
      Expires: ['-1']
      Pragma: [no-cache]
      Retry-After: ['10']
      Server: [Microsoft-HTTPAPI/2.0, Microsoft-HTTPAPI/2.0]
      Strict-Transport-Security: [max-age=31536000; includeSubDomains]
      x-ms-ratelimit-remaining-subscription-writes: ['1192']
    status: {code: 201, message: Created}
- request:
    body: null
    headers:
      Accept: [application/json]
      Accept-Encoding: ['gzip, deflate']
      Connection: [keep-alive]
      Content-Type: [application/json; charset=utf-8]
      User-Agent: [python/3.5.1 (Windows-10-10.0.14393-SP0) requests/2.9.1 msrest/0.4.4
          msrest_azure/0.4.6 networkmanagementclient/0.30.0 Azure-SDK-For-Python AZURECLI/TEST/0.1.1b2+dev]
      accept-language: [en-US]
      x-ms-client-request-id: [529e540c-e3f8-11e6-b29c-a0b3ccf7272a]
    method: GET
    uri: https://management.azure.com/subscriptions/00000000-0000-0000-0000-000000000000/providers/Microsoft.Network/locations/westus/operations/d8eb255a-5ff6-48e1-b2a8-2ba7528d24c7?api-version=2016-09-01
  response:
    body: {string: '{"error":{"code":"MultipleErrorsOccurred","message":"Multiple
        error occurred: . Please see details.","details":[{"code":"InternalServerError","message":"Encountered
        internal server error. Diagnostic information: timestamp ''20170126T185058Z'',
        subscription id ''0b1f6471-1bf0-4dda-aec3-cb9272f09590'', tracking id ''47e8c06c-9414-40ca-a7b4-fea9f7dba978'',
        request correlation id ''47e8c06c-9414-40ca-a7b4-fea9f7dba978''."},{"code":"InternalServerError","message":"Encountered
        internal server error. Diagnostic information: timestamp ''20170126T185058Z'',
        subscription id ''0b1f6471-1bf0-4dda-aec3-cb9272f09590'', tracking id ''47e8c06c-9414-40ca-a7b4-fea9f7dba978'',
        request correlation id ''47e8c06c-9414-40ca-a7b4-fea9f7dba978''."},{"code":"InternalServerError","message":"Encountered
        internal server error. Diagnostic information: timestamp ''20170126T185058Z'',
        subscription id ''0b1f6471-1bf0-4dda-aec3-cb9272f09590'', tracking id ''47e8c06c-9414-40ca-a7b4-fea9f7dba978'',
        request correlation id ''47e8c06c-9414-40ca-a7b4-fea9f7dba978''."},{"code":"InternalServerError","message":"Encountered
        internal server error. Diagnostic information: timestamp ''20170126T185058Z'',
        subscription id ''0b1f6471-1bf0-4dda-aec3-cb9272f09590'', tracking id ''47e8c06c-9414-40ca-a7b4-fea9f7dba978'',
        request correlation id ''47e8c06c-9414-40ca-a7b4-fea9f7dba978''."}]}}'}
    headers:
      Cache-Control: [no-cache]
      Connection: [close]
      Content-Length: ['1326']
      Content-Type: [application/json; charset=utf-8]
      Date: ['Thu, 26 Jan 2017 18:50:57 GMT']
      Expires: ['-1']
      Pragma: [no-cache]
      Strict-Transport-Security: [max-age=31536000; includeSubDomains]
      x-ms-failure-cause: [gateway]
    status: {code: 500, message: Internal Server Error}
- request:
    body: null
    headers:
      Accept: [application/json]
      Accept-Encoding: ['gzip, deflate']
      Connection: [keep-alive]
      Content-Type: [application/json; charset=utf-8]
      User-Agent: [python/3.5.1 (Windows-10-10.0.14393-SP0) requests/2.9.1 msrest/0.4.4
          msrest_azure/0.4.6 networkmanagementclient/0.30.0 Azure-SDK-For-Python AZURECLI/TEST/0.1.1b2+dev]
      accept-language: [en-US]
      x-ms-client-request-id: [529e540c-e3f8-11e6-b29c-a0b3ccf7272a]
    method: GET
    uri: https://management.azure.com/subscriptions/00000000-0000-0000-0000-000000000000/providers/Microsoft.Network/locations/westus/operations/d8eb255a-5ff6-48e1-b2a8-2ba7528d24c7?api-version=2016-09-01
  response:
    body: {string: "{\r\n  \"status\": \"Succeeded\"\r\n}"}
    headers:
      Cache-Control: [no-cache]
      Content-Type: [application/json; charset=utf-8]
      Date: ['Thu, 26 Jan 2017 18:50:58 GMT']
      Expires: ['-1']
      Pragma: [no-cache]
      Server: [Microsoft-HTTPAPI/2.0, Microsoft-HTTPAPI/2.0]
      Strict-Transport-Security: [max-age=31536000; includeSubDomains]
      Transfer-Encoding: [chunked]
      Vary: [Accept-Encoding]
      content-length: ['29']
    status: {code: 200, message: OK}
- request:
    body: null
    headers:
      Accept: [application/json]
      Accept-Encoding: ['gzip, deflate']
      Connection: [keep-alive]
      Content-Type: [application/json; charset=utf-8]
      User-Agent: [python/3.5.1 (Windows-10-10.0.14393-SP0) requests/2.9.1 msrest/0.4.4
          msrest_azure/0.4.6 networkmanagementclient/0.30.0 Azure-SDK-For-Python AZURECLI/TEST/0.1.1b2+dev]
      accept-language: [en-US]
      x-ms-client-request-id: [529e540c-e3f8-11e6-b29c-a0b3ccf7272a]
    method: GET
    uri: https://management.azure.com/subscriptions/00000000-0000-0000-0000-000000000000/resourceGroups/cli_test_open_port/providers/Microsoft.Network/networkSecurityGroups/newNsg?api-version=2016-09-01
  response:
    body: {string: "{\r\n  \"name\": \"newNsg\",\r\n  \"id\": \"/subscriptions/00000000-0000-0000-0000-000000000000/resourceGroups/cli_test_open_port/providers/Microsoft.Network/networkSecurityGroups/newNsg\"\
        ,\r\n  \"etag\": \"W/\\\"e81cb64c-e9ce-4d77-aa76-b15ae870d14b\\\"\",\r\n \
        \ \"type\": \"Microsoft.Network/networkSecurityGroups\",\r\n  \"location\"\
        : \"westus\",\r\n  \"properties\": {\r\n    \"provisioningState\": \"Succeeded\"\
        ,\r\n    \"resourceGuid\": \"e6ca0f00-8444-43b2-a491-4ba0fbaf08f3\",\r\n \
        \   \"securityRules\": [],\r\n    \"defaultSecurityRules\": [\r\n      {\r\
        \n        \"name\": \"AllowVnetInBound\",\r\n        \"id\": \"/subscriptions/00000000-0000-0000-0000-000000000000/resourceGroups/cli_test_open_port/providers/Microsoft.Network/networkSecurityGroups/newNsg/defaultSecurityRules/AllowVnetInBound\"\
        ,\r\n        \"etag\": \"W/\\\"e81cb64c-e9ce-4d77-aa76-b15ae870d14b\\\"\"\
        ,\r\n        \"properties\": {\r\n          \"provisioningState\": \"Succeeded\"\
        ,\r\n          \"description\": \"Allow inbound traffic from all VMs in VNET\"\
        ,\r\n          \"protocol\": \"*\",\r\n          \"sourcePortRange\": \"*\"\
        ,\r\n          \"destinationPortRange\": \"*\",\r\n          \"sourceAddressPrefix\"\
        : \"VirtualNetwork\",\r\n          \"destinationAddressPrefix\": \"VirtualNetwork\"\
        ,\r\n          \"access\": \"Allow\",\r\n          \"priority\": 65000,\r\n\
        \          \"direction\": \"Inbound\"\r\n        }\r\n      },\r\n      {\r\
        \n        \"name\": \"AllowAzureLoadBalancerInBound\",\r\n        \"id\":\
        \ \"/subscriptions/00000000-0000-0000-0000-000000000000/resourceGroups/cli_test_open_port/providers/Microsoft.Network/networkSecurityGroups/newNsg/defaultSecurityRules/AllowAzureLoadBalancerInBound\"\
        ,\r\n        \"etag\": \"W/\\\"e81cb64c-e9ce-4d77-aa76-b15ae870d14b\\\"\"\
        ,\r\n        \"properties\": {\r\n          \"provisioningState\": \"Succeeded\"\
        ,\r\n          \"description\": \"Allow inbound traffic from azure load balancer\"\
        ,\r\n          \"protocol\": \"*\",\r\n          \"sourcePortRange\": \"*\"\
        ,\r\n          \"destinationPortRange\": \"*\",\r\n          \"sourceAddressPrefix\"\
        : \"AzureLoadBalancer\",\r\n          \"destinationAddressPrefix\": \"*\"\
        ,\r\n          \"access\": \"Allow\",\r\n          \"priority\": 65001,\r\n\
        \          \"direction\": \"Inbound\"\r\n        }\r\n      },\r\n      {\r\
        \n        \"name\": \"DenyAllInBound\",\r\n        \"id\": \"/subscriptions/00000000-0000-0000-0000-000000000000/resourceGroups/cli_test_open_port/providers/Microsoft.Network/networkSecurityGroups/newNsg/defaultSecurityRules/DenyAllInBound\"\
        ,\r\n        \"etag\": \"W/\\\"e81cb64c-e9ce-4d77-aa76-b15ae870d14b\\\"\"\
        ,\r\n        \"properties\": {\r\n          \"provisioningState\": \"Succeeded\"\
        ,\r\n          \"description\": \"Deny all inbound traffic\",\r\n        \
        \  \"protocol\": \"*\",\r\n          \"sourcePortRange\": \"*\",\r\n     \
        \     \"destinationPortRange\": \"*\",\r\n          \"sourceAddressPrefix\"\
        : \"*\",\r\n          \"destinationAddressPrefix\": \"*\",\r\n          \"\
        access\": \"Deny\",\r\n          \"priority\": 65500,\r\n          \"direction\"\
        : \"Inbound\"\r\n        }\r\n      },\r\n      {\r\n        \"name\": \"\
        AllowVnetOutBound\",\r\n        \"id\": \"/subscriptions/00000000-0000-0000-0000-000000000000/resourceGroups/cli_test_open_port/providers/Microsoft.Network/networkSecurityGroups/newNsg/defaultSecurityRules/AllowVnetOutBound\"\
        ,\r\n        \"etag\": \"W/\\\"e81cb64c-e9ce-4d77-aa76-b15ae870d14b\\\"\"\
        ,\r\n        \"properties\": {\r\n          \"provisioningState\": \"Succeeded\"\
        ,\r\n          \"description\": \"Allow outbound traffic from all VMs to all\
        \ VMs in VNET\",\r\n          \"protocol\": \"*\",\r\n          \"sourcePortRange\"\
        : \"*\",\r\n          \"destinationPortRange\": \"*\",\r\n          \"sourceAddressPrefix\"\
        : \"VirtualNetwork\",\r\n          \"destinationAddressPrefix\": \"VirtualNetwork\"\
        ,\r\n          \"access\": \"Allow\",\r\n          \"priority\": 65000,\r\n\
        \          \"direction\": \"Outbound\"\r\n        }\r\n      },\r\n      {\r\
        \n        \"name\": \"AllowInternetOutBound\",\r\n        \"id\": \"/subscriptions/00000000-0000-0000-0000-000000000000/resourceGroups/cli_test_open_port/providers/Microsoft.Network/networkSecurityGroups/newNsg/defaultSecurityRules/AllowInternetOutBound\"\
        ,\r\n        \"etag\": \"W/\\\"e81cb64c-e9ce-4d77-aa76-b15ae870d14b\\\"\"\
        ,\r\n        \"properties\": {\r\n          \"provisioningState\": \"Succeeded\"\
        ,\r\n          \"description\": \"Allow outbound traffic from all VMs to Internet\"\
        ,\r\n          \"protocol\": \"*\",\r\n          \"sourcePortRange\": \"*\"\
        ,\r\n          \"destinationPortRange\": \"*\",\r\n          \"sourceAddressPrefix\"\
        : \"*\",\r\n          \"destinationAddressPrefix\": \"Internet\",\r\n    \
        \      \"access\": \"Allow\",\r\n          \"priority\": 65001,\r\n      \
        \    \"direction\": \"Outbound\"\r\n        }\r\n      },\r\n      {\r\n \
        \       \"name\": \"DenyAllOutBound\",\r\n        \"id\": \"/subscriptions/00000000-0000-0000-0000-000000000000/resourceGroups/cli_test_open_port/providers/Microsoft.Network/networkSecurityGroups/newNsg/defaultSecurityRules/DenyAllOutBound\"\
        ,\r\n        \"etag\": \"W/\\\"e81cb64c-e9ce-4d77-aa76-b15ae870d14b\\\"\"\
        ,\r\n        \"properties\": {\r\n          \"provisioningState\": \"Succeeded\"\
        ,\r\n          \"description\": \"Deny all outbound traffic\",\r\n       \
        \   \"protocol\": \"*\",\r\n          \"sourcePortRange\": \"*\",\r\n    \
        \      \"destinationPortRange\": \"*\",\r\n          \"sourceAddressPrefix\"\
        : \"*\",\r\n          \"destinationAddressPrefix\": \"*\",\r\n          \"\
        access\": \"Deny\",\r\n          \"priority\": 65500,\r\n          \"direction\"\
        : \"Outbound\"\r\n        }\r\n      }\r\n    ]\r\n  }\r\n}"}
    headers:
      Cache-Control: [no-cache]
      Content-Type: [application/json; charset=utf-8]
      Date: ['Thu, 26 Jan 2017 18:50:58 GMT']
      ETag: [W/"e81cb64c-e9ce-4d77-aa76-b15ae870d14b"]
      Expires: ['-1']
      Pragma: [no-cache]
      Server: [Microsoft-HTTPAPI/2.0, Microsoft-HTTPAPI/2.0]
      Strict-Transport-Security: [max-age=31536000; includeSubDomains]
      Transfer-Encoding: [chunked]
      Vary: [Accept-Encoding]
      content-length: ['5145']
    status: {code: 200, message: OK}
- request:
    body: '{"properties": {"destinationPortRange": "*", "priority": 900, "direction":
      "inbound", "sourceAddressPrefix": "*", "destinationAddressPrefix": "*", "access":
      "allow", "sourcePortRange": "*", "protocol": "*"}, "name": "open-port-cmd"}'
    headers:
      Accept: [application/json]
      Accept-Encoding: ['gzip, deflate']
      Connection: [keep-alive]
      Content-Length: ['232']
      Content-Type: [application/json; charset=utf-8]
      User-Agent: [python/3.5.1 (Windows-10-10.0.14393-SP0) requests/2.9.1 msrest/0.4.4
          msrest_azure/0.4.6 networkmanagementclient/0.30.0 Azure-SDK-For-Python AZURECLI/TEST/0.1.1b2+dev]
      accept-language: [en-US]
      x-ms-client-request-id: [60ede340-e3f8-11e6-93bf-a0b3ccf7272a]
    method: PUT
    uri: https://management.azure.com/subscriptions/00000000-0000-0000-0000-000000000000/resourceGroups/cli_test_open_port/providers/Microsoft.Network/networkSecurityGroups/newNsg/securityRules/open-port-cmd?api-version=2016-09-01
  response:
    body: {string: "{\r\n  \"name\": \"open-port-cmd\",\r\n  \"id\": \"/subscriptions/00000000-0000-0000-0000-000000000000/resourceGroups/cli_test_open_port/providers/Microsoft.Network/networkSecurityGroups/newNsg/securityRules/open-port-cmd\"\
        ,\r\n  \"etag\": \"W/\\\"76949672-ec12-4d98-a54d-a6b1d1737fe0\\\"\",\r\n \
        \ \"properties\": {\r\n    \"provisioningState\": \"Updating\",\r\n    \"\
        protocol\": \"*\",\r\n    \"sourcePortRange\": \"*\",\r\n    \"destinationPortRange\"\
        : \"*\",\r\n    \"sourceAddressPrefix\": \"*\",\r\n    \"destinationAddressPrefix\"\
        : \"*\",\r\n    \"access\": \"Allow\",\r\n    \"priority\": 900,\r\n    \"\
        direction\": \"Inbound\"\r\n  }\r\n}"}
    headers:
      Azure-AsyncOperation: ['https://management.azure.com/subscriptions/0b1f6471-1bf0-4dda-aec3-cb9272f09590/providers/Microsoft.Network/locations/westus/operations/bf1ede87-6282-42f4-87d2-6b6ebc7bd793?api-version=2016-09-01']
      Cache-Control: [no-cache]
      Content-Length: ['570']
      Content-Type: [application/json; charset=utf-8]
      Date: ['Thu, 26 Jan 2017 18:50:59 GMT']
      Expires: ['-1']
      Pragma: [no-cache]
      Retry-After: ['10']
      Server: [Microsoft-HTTPAPI/2.0, Microsoft-HTTPAPI/2.0]
      Strict-Transport-Security: [max-age=31536000; includeSubDomains]
      x-ms-ratelimit-remaining-subscription-writes: ['1195']
    status: {code: 201, message: Created}
- request:
    body: null
    headers:
      Accept: [application/json]
      Accept-Encoding: ['gzip, deflate']
      Connection: [keep-alive]
      Content-Type: [application/json; charset=utf-8]
      User-Agent: [python/3.5.1 (Windows-10-10.0.14393-SP0) requests/2.9.1 msrest/0.4.4
          msrest_azure/0.4.6 networkmanagementclient/0.30.0 Azure-SDK-For-Python AZURECLI/TEST/0.1.1b2+dev]
      accept-language: [en-US]
      x-ms-client-request-id: [60ede340-e3f8-11e6-93bf-a0b3ccf7272a]
    method: GET
    uri: https://management.azure.com/subscriptions/00000000-0000-0000-0000-000000000000/providers/Microsoft.Network/locations/westus/operations/bf1ede87-6282-42f4-87d2-6b6ebc7bd793?api-version=2016-09-01
  response:
    body: {string: "{\r\n  \"status\": \"Succeeded\"\r\n}"}
    headers:
      Cache-Control: [no-cache]
      Content-Type: [application/json; charset=utf-8]
      Date: ['Thu, 26 Jan 2017 18:51:10 GMT']
      Expires: ['-1']
      Pragma: [no-cache]
      Server: [Microsoft-HTTPAPI/2.0, Microsoft-HTTPAPI/2.0]
      Strict-Transport-Security: [max-age=31536000; includeSubDomains]
      Transfer-Encoding: [chunked]
      Vary: [Accept-Encoding]
      content-length: ['29']
    status: {code: 200, message: OK}
- request:
    body: null
    headers:
      Accept: [application/json]
      Accept-Encoding: ['gzip, deflate']
      Connection: [keep-alive]
      Content-Type: [application/json; charset=utf-8]
      User-Agent: [python/3.5.1 (Windows-10-10.0.14393-SP0) requests/2.9.1 msrest/0.4.4
          msrest_azure/0.4.6 networkmanagementclient/0.30.0 Azure-SDK-For-Python AZURECLI/TEST/0.1.1b2+dev]
      accept-language: [en-US]
      x-ms-client-request-id: [60ede340-e3f8-11e6-93bf-a0b3ccf7272a]
    method: GET
    uri: https://management.azure.com/subscriptions/00000000-0000-0000-0000-000000000000/resourceGroups/cli_test_open_port/providers/Microsoft.Network/networkSecurityGroups/newNsg/securityRules/open-port-cmd?api-version=2016-09-01
  response:
    body: {string: "{\r\n  \"name\": \"open-port-cmd\",\r\n  \"id\": \"/subscriptions/00000000-0000-0000-0000-000000000000/resourceGroups/cli_test_open_port/providers/Microsoft.Network/networkSecurityGroups/newNsg/securityRules/open-port-cmd\"\
        ,\r\n  \"etag\": \"W/\\\"c2fca2f9-9f4c-4a58-857e-fef740f0cc1f\\\"\",\r\n \
        \ \"properties\": {\r\n    \"provisioningState\": \"Succeeded\",\r\n    \"\
        protocol\": \"*\",\r\n    \"sourcePortRange\": \"*\",\r\n    \"destinationPortRange\"\
        : \"*\",\r\n    \"sourceAddressPrefix\": \"*\",\r\n    \"destinationAddressPrefix\"\
        : \"*\",\r\n    \"access\": \"Allow\",\r\n    \"priority\": 900,\r\n    \"\
        direction\": \"Inbound\"\r\n  }\r\n}"}
    headers:
      Cache-Control: [no-cache]
      Content-Type: [application/json; charset=utf-8]
      Date: ['Thu, 26 Jan 2017 18:51:10 GMT']
      ETag: [W/"c2fca2f9-9f4c-4a58-857e-fef740f0cc1f"]
      Expires: ['-1']
      Pragma: [no-cache]
      Server: [Microsoft-HTTPAPI/2.0, Microsoft-HTTPAPI/2.0]
      Strict-Transport-Security: [max-age=31536000; includeSubDomains]
      Transfer-Encoding: [chunked]
      Vary: [Accept-Encoding]
      content-length: ['571']
    status: {code: 200, message: OK}
- request:
    body: '{"etag": "W/\"0d608d42-7802-461d-9465-264557268a05\"", "properties": {"addressPrefix":
      "10.0.0.0/24", "provisioningState": "Succeeded", "networkSecurityGroup": {"location":
      "westus", "etag": "W/\"e81cb64c-e9ce-4d77-aa76-b15ae870d14b\"", "properties":
      {"defaultSecurityRules": [{"etag": "W/\"e81cb64c-e9ce-4d77-aa76-b15ae870d14b\"",
      "properties": {"destinationPortRange": "*", "priority": 65000, "direction":
      "Inbound", "sourceAddressPrefix": "VirtualNetwork", "destinationAddressPrefix":
      "VirtualNetwork", "provisioningState": "Succeeded", "sourcePortRange": "*",
      "access": "Allow", "description": "Allow inbound traffic from all VMs in VNET",
      "protocol": "*"}, "id": "/subscriptions/0b1f6471-1bf0-4dda-aec3-cb9272f09590/resourceGroups/cli_test_open_port/providers/Microsoft.Network/networkSecurityGroups/newNsg/defaultSecurityRules/AllowVnetInBound",
      "name": "AllowVnetInBound"}, {"etag": "W/\"e81cb64c-e9ce-4d77-aa76-b15ae870d14b\"",
      "properties": {"destinationPortRange": "*", "priority": 65001, "direction":
      "Inbound", "sourceAddressPrefix": "AzureLoadBalancer", "destinationAddressPrefix":
      "*", "provisioningState": "Succeeded", "sourcePortRange": "*", "access": "Allow",
      "description": "Allow inbound traffic from azure load balancer", "protocol":
      "*"}, "id": "/subscriptions/0b1f6471-1bf0-4dda-aec3-cb9272f09590/resourceGroups/cli_test_open_port/providers/Microsoft.Network/networkSecurityGroups/newNsg/defaultSecurityRules/AllowAzureLoadBalancerInBound",
      "name": "AllowAzureLoadBalancerInBound"}, {"etag": "W/\"e81cb64c-e9ce-4d77-aa76-b15ae870d14b\"",
      "properties": {"destinationPortRange": "*", "priority": 65500, "direction":
      "Inbound", "sourceAddressPrefix": "*", "destinationAddressPrefix": "*", "provisioningState":
      "Succeeded", "sourcePortRange": "*", "access": "Deny", "description": "Deny
      all inbound traffic", "protocol": "*"}, "id": "/subscriptions/0b1f6471-1bf0-4dda-aec3-cb9272f09590/resourceGroups/cli_test_open_port/providers/Microsoft.Network/networkSecurityGroups/newNsg/defaultSecurityRules/DenyAllInBound",
      "name": "DenyAllInBound"}, {"etag": "W/\"e81cb64c-e9ce-4d77-aa76-b15ae870d14b\"",
      "properties": {"destinationPortRange": "*", "priority": 65000, "direction":
      "Outbound", "sourceAddressPrefix": "VirtualNetwork", "destinationAddressPrefix":
      "VirtualNetwork", "provisioningState": "Succeeded", "sourcePortRange": "*",
      "access": "Allow", "description": "Allow outbound traffic from all VMs to all
      VMs in VNET", "protocol": "*"}, "id": "/subscriptions/0b1f6471-1bf0-4dda-aec3-cb9272f09590/resourceGroups/cli_test_open_port/providers/Microsoft.Network/networkSecurityGroups/newNsg/defaultSecurityRules/AllowVnetOutBound",
      "name": "AllowVnetOutBound"}, {"etag": "W/\"e81cb64c-e9ce-4d77-aa76-b15ae870d14b\"",
      "properties": {"destinationPortRange": "*", "priority": 65001, "direction":
      "Outbound", "sourceAddressPrefix": "*", "destinationAddressPrefix": "Internet",
      "provisioningState": "Succeeded", "sourcePortRange": "*", "access": "Allow",
      "description": "Allow outbound traffic from all VMs to Internet", "protocol":
      "*"}, "id": "/subscriptions/0b1f6471-1bf0-4dda-aec3-cb9272f09590/resourceGroups/cli_test_open_port/providers/Microsoft.Network/networkSecurityGroups/newNsg/defaultSecurityRules/AllowInternetOutBound",
      "name": "AllowInternetOutBound"}, {"etag": "W/\"e81cb64c-e9ce-4d77-aa76-b15ae870d14b\"",
      "properties": {"destinationPortRange": "*", "priority": 65500, "direction":
      "Outbound", "sourceAddressPrefix": "*", "destinationAddressPrefix": "*", "provisioningState":
      "Succeeded", "sourcePortRange": "*", "access": "Deny", "description": "Deny
      all outbound traffic", "protocol": "*"}, "id": "/subscriptions/0b1f6471-1bf0-4dda-aec3-cb9272f09590/resourceGroups/cli_test_open_port/providers/Microsoft.Network/networkSecurityGroups/newNsg/defaultSecurityRules/DenyAllOutBound",
      "name": "DenyAllOutBound"}], "resourceGuid": "e6ca0f00-8444-43b2-a491-4ba0fbaf08f3",
      "provisioningState": "Succeeded", "securityRules": []}, "id": "/subscriptions/0b1f6471-1bf0-4dda-aec3-cb9272f09590/resourceGroups/cli_test_open_port/providers/Microsoft.Network/networkSecurityGroups/newNsg"}},
      "id": "/subscriptions/0b1f6471-1bf0-4dda-aec3-cb9272f09590/resourceGroups/cli_test_open_port/providers/Microsoft.Network/virtualNetworks/vm1VNET/subnets/vm1Subnet",
      "name": "vm1Subnet"}'
    headers:
      Accept: [application/json]
      Accept-Encoding: ['gzip, deflate']
      Connection: [keep-alive]
      Content-Length: ['4339']
      Content-Type: [application/json; charset=utf-8]
      User-Agent: [python/3.5.1 (Windows-10-10.0.14393-SP0) requests/2.9.1 msrest/0.4.4
          msrest_azure/0.4.6 networkmanagementclient/0.30.0 Azure-SDK-For-Python AZURECLI/TEST/0.1.1b2+dev]
      accept-language: [en-US]
      x-ms-client-request-id: [68166c38-e3f8-11e6-968f-a0b3ccf7272a]
    method: PUT
    uri: https://management.azure.com/subscriptions/00000000-0000-0000-0000-000000000000/resourceGroups/cli_test_open_port/providers/Microsoft.Network/virtualNetworks/vm1VNET/subnets/vm1Subnet?api-version=2016-09-01
  response:
    body: {string: "{\r\n  \"name\": \"vm1Subnet\",\r\n  \"id\": \"/subscriptions/00000000-0000-0000-0000-000000000000/resourceGroups/cli_test_open_port/providers/Microsoft.Network/virtualNetworks/vm1VNET/subnets/vm1Subnet\"\
        ,\r\n  \"etag\": \"W/\\\"4548d3fc-bac6-44fa-a17a-8f23bff8f807\\\"\",\r\n \
        \ \"properties\": {\r\n    \"provisioningState\": \"Updating\",\r\n    \"\
        addressPrefix\": \"10.0.0.0/24\",\r\n    \"networkSecurityGroup\": {\r\n \
        \     \"id\": \"/subscriptions/00000000-0000-0000-0000-000000000000/resourceGroups/cli_test_open_port/providers/Microsoft.Network/networkSecurityGroups/newNsg\"\
        \r\n    },\r\n    \"ipConfigurations\": [\r\n      {\r\n        \"id\": \"\
        /subscriptions/00000000-0000-0000-0000-000000000000/resourceGroups/cli_test_open_port/providers/Microsoft.Network/networkInterfaces/vm1VMNic/ipConfigurations/ipconfigvm1\"\
        \r\n      }\r\n    ]\r\n  }\r\n}"}
    headers:
      Azure-AsyncOperation: ['https://management.azure.com/subscriptions/0b1f6471-1bf0-4dda-aec3-cb9272f09590/providers/Microsoft.Network/locations/westus/operations/9900cd39-95be-49a9-a506-2f810962cc6d?api-version=2016-09-01']
      Cache-Control: [no-cache]
      Content-Type: [application/json; charset=utf-8]
      Date: ['Thu, 26 Jan 2017 18:51:12 GMT']
      Expires: ['-1']
      Pragma: [no-cache]
      Retry-After: ['3']
      Server: [Microsoft-HTTPAPI/2.0, Microsoft-HTTPAPI/2.0]
      Strict-Transport-Security: [max-age=31536000; includeSubDomains]
      Transfer-Encoding: [chunked]
      Vary: [Accept-Encoding]
      content-length: ['806']
      x-ms-ratelimit-remaining-subscription-writes: ['1197']
    status: {code: 200, message: OK}
- request:
    body: null
    headers:
      Accept: [application/json]
      Accept-Encoding: ['gzip, deflate']
      Connection: [keep-alive]
      Content-Type: [application/json; charset=utf-8]
      User-Agent: [python/3.5.1 (Windows-10-10.0.14393-SP0) requests/2.9.1 msrest/0.4.4
          msrest_azure/0.4.6 networkmanagementclient/0.30.0 Azure-SDK-For-Python AZURECLI/TEST/0.1.1b2+dev]
      accept-language: [en-US]
      x-ms-client-request-id: [68166c38-e3f8-11e6-968f-a0b3ccf7272a]
    method: GET
    uri: https://management.azure.com/subscriptions/00000000-0000-0000-0000-000000000000/providers/Microsoft.Network/locations/westus/operations/9900cd39-95be-49a9-a506-2f810962cc6d?api-version=2016-09-01
  response:
    body: {string: "{\r\n  \"status\": \"Succeeded\"\r\n}"}
    headers:
      Cache-Control: [no-cache]
      Content-Type: [application/json; charset=utf-8]
      Date: ['Thu, 26 Jan 2017 18:51:15 GMT']
      Expires: ['-1']
      Pragma: [no-cache]
      Server: [Microsoft-HTTPAPI/2.0, Microsoft-HTTPAPI/2.0]
      Strict-Transport-Security: [max-age=31536000; includeSubDomains]
      Transfer-Encoding: [chunked]
      Vary: [Accept-Encoding]
      content-length: ['29']
    status: {code: 200, message: OK}
- request:
    body: null
    headers:
      Accept: [application/json]
      Accept-Encoding: ['gzip, deflate']
      Connection: [keep-alive]
      Content-Type: [application/json; charset=utf-8]
      User-Agent: [python/3.5.1 (Windows-10-10.0.14393-SP0) requests/2.9.1 msrest/0.4.4
          msrest_azure/0.4.6 networkmanagementclient/0.30.0 Azure-SDK-For-Python AZURECLI/TEST/0.1.1b2+dev]
      accept-language: [en-US]
      x-ms-client-request-id: [68166c38-e3f8-11e6-968f-a0b3ccf7272a]
    method: GET
    uri: https://management.azure.com/subscriptions/00000000-0000-0000-0000-000000000000/resourceGroups/cli_test_open_port/providers/Microsoft.Network/virtualNetworks/vm1VNET/subnets/vm1Subnet?api-version=2016-09-01
  response:
    body: {string: "{\r\n  \"name\": \"vm1Subnet\",\r\n  \"id\": \"/subscriptions/00000000-0000-0000-0000-000000000000/resourceGroups/cli_test_open_port/providers/Microsoft.Network/virtualNetworks/vm1VNET/subnets/vm1Subnet\"\
        ,\r\n  \"etag\": \"W/\\\"b7922a8d-7797-449d-889d-06b20d11d03d\\\"\",\r\n \
        \ \"properties\": {\r\n    \"provisioningState\": \"Succeeded\",\r\n    \"\
        addressPrefix\": \"10.0.0.0/24\",\r\n    \"networkSecurityGroup\": {\r\n \
        \     \"id\": \"/subscriptions/00000000-0000-0000-0000-000000000000/resourceGroups/cli_test_open_port/providers/Microsoft.Network/networkSecurityGroups/newNsg\"\
        \r\n    },\r\n    \"ipConfigurations\": [\r\n      {\r\n        \"id\": \"\
        /subscriptions/00000000-0000-0000-0000-000000000000/resourceGroups/cli_test_open_port/providers/Microsoft.Network/networkInterfaces/vm1VMNic/ipConfigurations/ipconfigvm1\"\
        \r\n      }\r\n    ]\r\n  }\r\n}"}
    headers:
      Cache-Control: [no-cache]
      Content-Type: [application/json; charset=utf-8]
      Date: ['Thu, 26 Jan 2017 18:51:16 GMT']
      ETag: [W/"b7922a8d-7797-449d-889d-06b20d11d03d"]
      Expires: ['-1']
      Pragma: [no-cache]
      Server: [Microsoft-HTTPAPI/2.0, Microsoft-HTTPAPI/2.0]
      Strict-Transport-Security: [max-age=31536000; includeSubDomains]
      Transfer-Encoding: [chunked]
      Vary: [Accept-Encoding]
      content-length: ['807']
    status: {code: 200, message: OK}
- request:
    body: null
    headers:
      Accept: [application/json]
      Accept-Encoding: ['gzip, deflate']
      Connection: [keep-alive]
      Content-Type: [application/json; charset=utf-8]
      User-Agent: [python/3.5.1 (Windows-10-10.0.14393-SP0) requests/2.9.1 msrest/0.4.4
          msrest_azure/0.4.6 networkmanagementclient/0.30.0 Azure-SDK-For-Python AZURECLI/TEST/0.1.1b2+dev]
      accept-language: [en-US]
      x-ms-client-request-id: [6b5c250a-e3f8-11e6-bd0e-a0b3ccf7272a]
    method: GET
    uri: https://management.azure.com/subscriptions/00000000-0000-0000-0000-000000000000/resourceGroups/cli_test_open_port/providers/Microsoft.Network/networkSecurityGroups/newNsg?api-version=2016-09-01
  response:
    body: {string: "{\r\n  \"name\": \"newNsg\",\r\n  \"id\": \"/subscriptions/00000000-0000-0000-0000-000000000000/resourceGroups/cli_test_open_port/providers/Microsoft.Network/networkSecurityGroups/newNsg\"\
        ,\r\n  \"etag\": \"W/\\\"fba41747-b226-46f6-8749-fff97f4d4825\\\"\",\r\n \
        \ \"type\": \"Microsoft.Network/networkSecurityGroups\",\r\n  \"location\"\
        : \"westus\",\r\n  \"properties\": {\r\n    \"provisioningState\": \"Succeeded\"\
        ,\r\n    \"resourceGuid\": \"e6ca0f00-8444-43b2-a491-4ba0fbaf08f3\",\r\n \
        \   \"securityRules\": [\r\n      {\r\n        \"name\": \"open-port-cmd\"\
        ,\r\n        \"id\": \"/subscriptions/00000000-0000-0000-0000-000000000000/resourceGroups/cli_test_open_port/providers/Microsoft.Network/networkSecurityGroups/newNsg/securityRules/open-port-cmd\"\
        ,\r\n        \"etag\": \"W/\\\"fba41747-b226-46f6-8749-fff97f4d4825\\\"\"\
        ,\r\n        \"properties\": {\r\n          \"provisioningState\": \"Succeeded\"\
        ,\r\n          \"protocol\": \"*\",\r\n          \"sourcePortRange\": \"*\"\
        ,\r\n          \"destinationPortRange\": \"*\",\r\n          \"sourceAddressPrefix\"\
        : \"*\",\r\n          \"destinationAddressPrefix\": \"*\",\r\n          \"\
        access\": \"Allow\",\r\n          \"priority\": 900,\r\n          \"direction\"\
        : \"Inbound\"\r\n        }\r\n      }\r\n    ],\r\n    \"defaultSecurityRules\"\
        : [\r\n      {\r\n        \"name\": \"AllowVnetInBound\",\r\n        \"id\"\
        : \"/subscriptions/00000000-0000-0000-0000-000000000000/resourceGroups/cli_test_open_port/providers/Microsoft.Network/networkSecurityGroups/newNsg/defaultSecurityRules/AllowVnetInBound\"\
        ,\r\n        \"etag\": \"W/\\\"fba41747-b226-46f6-8749-fff97f4d4825\\\"\"\
        ,\r\n        \"properties\": {\r\n          \"provisioningState\": \"Succeeded\"\
        ,\r\n          \"description\": \"Allow inbound traffic from all VMs in VNET\"\
        ,\r\n          \"protocol\": \"*\",\r\n          \"sourcePortRange\": \"*\"\
        ,\r\n          \"destinationPortRange\": \"*\",\r\n          \"sourceAddressPrefix\"\
        : \"VirtualNetwork\",\r\n          \"destinationAddressPrefix\": \"VirtualNetwork\"\
        ,\r\n          \"access\": \"Allow\",\r\n          \"priority\": 65000,\r\n\
        \          \"direction\": \"Inbound\"\r\n        }\r\n      },\r\n      {\r\
        \n        \"name\": \"AllowAzureLoadBalancerInBound\",\r\n        \"id\":\
        \ \"/subscriptions/00000000-0000-0000-0000-000000000000/resourceGroups/cli_test_open_port/providers/Microsoft.Network/networkSecurityGroups/newNsg/defaultSecurityRules/AllowAzureLoadBalancerInBound\"\
        ,\r\n        \"etag\": \"W/\\\"fba41747-b226-46f6-8749-fff97f4d4825\\\"\"\
        ,\r\n        \"properties\": {\r\n          \"provisioningState\": \"Succeeded\"\
        ,\r\n          \"description\": \"Allow inbound traffic from azure load balancer\"\
        ,\r\n          \"protocol\": \"*\",\r\n          \"sourcePortRange\": \"*\"\
        ,\r\n          \"destinationPortRange\": \"*\",\r\n          \"sourceAddressPrefix\"\
        : \"AzureLoadBalancer\",\r\n          \"destinationAddressPrefix\": \"*\"\
        ,\r\n          \"access\": \"Allow\",\r\n          \"priority\": 65001,\r\n\
        \          \"direction\": \"Inbound\"\r\n        }\r\n      },\r\n      {\r\
        \n        \"name\": \"DenyAllInBound\",\r\n        \"id\": \"/subscriptions/00000000-0000-0000-0000-000000000000/resourceGroups/cli_test_open_port/providers/Microsoft.Network/networkSecurityGroups/newNsg/defaultSecurityRules/DenyAllInBound\"\
        ,\r\n        \"etag\": \"W/\\\"fba41747-b226-46f6-8749-fff97f4d4825\\\"\"\
        ,\r\n        \"properties\": {\r\n          \"provisioningState\": \"Succeeded\"\
        ,\r\n          \"description\": \"Deny all inbound traffic\",\r\n        \
        \  \"protocol\": \"*\",\r\n          \"sourcePortRange\": \"*\",\r\n     \
        \     \"destinationPortRange\": \"*\",\r\n          \"sourceAddressPrefix\"\
        : \"*\",\r\n          \"destinationAddressPrefix\": \"*\",\r\n          \"\
        access\": \"Deny\",\r\n          \"priority\": 65500,\r\n          \"direction\"\
        : \"Inbound\"\r\n        }\r\n      },\r\n      {\r\n        \"name\": \"\
        AllowVnetOutBound\",\r\n        \"id\": \"/subscriptions/00000000-0000-0000-0000-000000000000/resourceGroups/cli_test_open_port/providers/Microsoft.Network/networkSecurityGroups/newNsg/defaultSecurityRules/AllowVnetOutBound\"\
        ,\r\n        \"etag\": \"W/\\\"fba41747-b226-46f6-8749-fff97f4d4825\\\"\"\
        ,\r\n        \"properties\": {\r\n          \"provisioningState\": \"Succeeded\"\
        ,\r\n          \"description\": \"Allow outbound traffic from all VMs to all\
        \ VMs in VNET\",\r\n          \"protocol\": \"*\",\r\n          \"sourcePortRange\"\
        : \"*\",\r\n          \"destinationPortRange\": \"*\",\r\n          \"sourceAddressPrefix\"\
        : \"VirtualNetwork\",\r\n          \"destinationAddressPrefix\": \"VirtualNetwork\"\
        ,\r\n          \"access\": \"Allow\",\r\n          \"priority\": 65000,\r\n\
        \          \"direction\": \"Outbound\"\r\n        }\r\n      },\r\n      {\r\
        \n        \"name\": \"AllowInternetOutBound\",\r\n        \"id\": \"/subscriptions/00000000-0000-0000-0000-000000000000/resourceGroups/cli_test_open_port/providers/Microsoft.Network/networkSecurityGroups/newNsg/defaultSecurityRules/AllowInternetOutBound\"\
        ,\r\n        \"etag\": \"W/\\\"fba41747-b226-46f6-8749-fff97f4d4825\\\"\"\
        ,\r\n        \"properties\": {\r\n          \"provisioningState\": \"Succeeded\"\
        ,\r\n          \"description\": \"Allow outbound traffic from all VMs to Internet\"\
        ,\r\n          \"protocol\": \"*\",\r\n          \"sourcePortRange\": \"*\"\
        ,\r\n          \"destinationPortRange\": \"*\",\r\n          \"sourceAddressPrefix\"\
        : \"*\",\r\n          \"destinationAddressPrefix\": \"Internet\",\r\n    \
        \      \"access\": \"Allow\",\r\n          \"priority\": 65001,\r\n      \
        \    \"direction\": \"Outbound\"\r\n        }\r\n      },\r\n      {\r\n \
        \       \"name\": \"DenyAllOutBound\",\r\n        \"id\": \"/subscriptions/00000000-0000-0000-0000-000000000000/resourceGroups/cli_test_open_port/providers/Microsoft.Network/networkSecurityGroups/newNsg/defaultSecurityRules/DenyAllOutBound\"\
        ,\r\n        \"etag\": \"W/\\\"fba41747-b226-46f6-8749-fff97f4d4825\\\"\"\
        ,\r\n        \"properties\": {\r\n          \"provisioningState\": \"Succeeded\"\
        ,\r\n          \"description\": \"Deny all outbound traffic\",\r\n       \
        \   \"protocol\": \"*\",\r\n          \"sourcePortRange\": \"*\",\r\n    \
        \      \"destinationPortRange\": \"*\",\r\n          \"sourceAddressPrefix\"\
        : \"*\",\r\n          \"destinationAddressPrefix\": \"*\",\r\n          \"\
        access\": \"Deny\",\r\n          \"priority\": 65500,\r\n          \"direction\"\
        : \"Outbound\"\r\n        }\r\n      }\r\n    ],\r\n    \"subnets\": [\r\n\
        \      {\r\n        \"id\": \"/subscriptions/00000000-0000-0000-0000-000000000000/resourceGroups/cli_test_open_port/providers/Microsoft.Network/virtualNetworks/vm1VNET/subnets/vm1Subnet\"\
        \r\n      }\r\n    ]\r\n  }\r\n}"}
    headers:
      Cache-Control: [no-cache]
      Content-Type: [application/json; charset=utf-8]
      Date: ['Thu, 26 Jan 2017 18:51:17 GMT']
      ETag: [W/"fba41747-b226-46f6-8749-fff97f4d4825"]
      Expires: ['-1']
      Pragma: [no-cache]
      Server: [Microsoft-HTTPAPI/2.0, Microsoft-HTTPAPI/2.0]
      Strict-Transport-Security: [max-age=31536000; includeSubDomains]
      Transfer-Encoding: [chunked]
      Vary: [Accept-Encoding]
      content-length: ['6043']
    status: {code: 200, message: OK}
version: 1
