interactions:
- request:
    body: null
    headers:
      Accept: [application/json]
      Accept-Encoding: ['gzip, deflate']
      Connection: [keep-alive]
      Content-Type: [application/json; charset=utf-8]
      User-Agent: [python/3.5.0 (Windows-10.0.14393) requests/2.9.1 msrest/0.4.4 msrest_azure/0.4.7
          computemanagementclient/0.33.0 Azure-SDK-For-Python AZURECLI/TEST/0.1.1b3+dev]
      accept-language: [en-US]
      x-ms-client-request-id: [b139f8de-e8e3-11e6-88d4-64510658e3b3]
    method: GET
    uri: https://management.azure.com/subscriptions/00000000-0000-0000-0000-000000000000/resourceGroups/cli-test-disk/providers/Microsoft.Compute/virtualMachines/vm-datadisk-test?api-version=2016-04-30-preview
  response:
    body: {string: "{\r\n  \"properties\": {\r\n    \"vmId\": \"0e01907f-ba07-4547-ad60-19a109085636\"\
        ,\r\n    \"hardwareProfile\": {\r\n      \"vmSize\": \"Standard_DS1\"\r\n\
        \    },\r\n    \"storageProfile\": {\r\n      \"imageReference\": {\r\n  \
        \      \"publisher\": \"Canonical\",\r\n        \"offer\": \"UbuntuServer\"\
        ,\r\n        \"sku\": \"14.04.4-LTS\",\r\n        \"version\": \"latest\"\r\
        \n      },\r\n      \"osDisk\": {\r\n        \"osType\": \"Linux\",\r\n  \
        \      \"name\": \"osdisk_fWk5TWcBsy\",\r\n        \"createOption\": \"FromImage\"\
        ,\r\n        \"vhd\": {\r\n          \"uri\": \"https://vhdstorage4xan3wz004kgvi.blob.core.windows.net/vhds/osdisk_fWk5TWcBsy.vhd\"\
        \r\n        },\r\n        \"caching\": \"ReadWrite\"\r\n      },\r\n     \
        \ \"dataDisks\": []\r\n    },\r\n    \"osProfile\": {\r\n      \"computerName\"\
        : \"vm-datadisk-test\",\r\n      \"adminUsername\": \"yugangw\",\r\n     \
        \ \"linuxConfiguration\": {\r\n        \"disablePasswordAuthentication\":\
        \ true,\r\n        \"ssh\": {\r\n          \"publicKeys\": [\r\n         \
        \   {\r\n              \"path\": \"/home/yugangw/.ssh/authorized_keys\",\r\
        \n              \"keyData\": \"ssh-rsa AAAAB3NzaC1yc2EAAAADAQABAAABAQC8InHIPLAu6lMc0d+5voyXqigZfT5r6fAM1+FQAi+mkPDdk2hNq1BG0Bwfc88Gm7BImw8TS+x2bnZmhCbVnHd6BPCDY7a+cHCSqrQMW89Cv6Vl4ueGOeAWHpJTV9CTLVz4IY1x4HBdkLI2lKIHri9+z7NIdvFk7iOkMVGyez5H1xDbF2szURxgc4I2/o5wycSwX+G8DrtsBvWLmFv9YAPx+VkEHQDjR0WWezOjuo1rDn6MQfiKfqAjPuInwNOg5AIxXAOResrin2PUlArNtdDH1zlvI4RZi36+tJO7mtm3dJiKs4Sj7G6b1CjIU6aaj27MmKy3arIFChYav9yYM3IT\
        \ yugangw@microsoft.com\\n\"\r\n            }\r\n          ]\r\n        }\r\
        \n      },\r\n      \"secrets\": []\r\n    },\r\n    \"networkProfile\": {\"\
        networkInterfaces\":[{\"id\":\"/subscriptions/00000000-0000-0000-0000-000000000000/resourceGroups/cli-test-disk/providers/Microsoft.Network/networkInterfaces/vm-datadisk-testVMNic\"\
        }]},\r\n    \"provisioningState\": \"Succeeded\"\r\n  },\r\n  \"type\": \"\
        Microsoft.Compute/virtualMachines\",\r\n  \"location\": \"westus\",\r\n  \"\
        tags\": {},\r\n  \"id\": \"/subscriptions/00000000-0000-0000-0000-000000000000/resourceGroups/cli-test-disk/providers/Microsoft.Compute/virtualMachines/vm-datadisk-test\"\
        ,\r\n  \"name\": \"vm-datadisk-test\"\r\n}"}
    headers:
      Cache-Control: [no-cache]
      Content-Type: [application/json; charset=utf-8]
      Date: ['Thu, 02 Feb 2017 01:05:30 GMT']
      Expires: ['-1']
      Pragma: [no-cache]
      Server: [Microsoft-HTTPAPI/2.0, Microsoft-HTTPAPI/2.0]
      Strict-Transport-Security: [max-age=31536000; includeSubDomains]
      Transfer-Encoding: [chunked]
      Vary: [Accept-Encoding]
      content-length: ['1992']
    status: {code: 200, message: OK}
- request:
    body: null
    headers:
      Accept: [application/json]
      Accept-Encoding: ['gzip, deflate']
      Connection: [keep-alive]
      Content-Type: [application/json; charset=utf-8]
      User-Agent: [python/3.5.0 (Windows-10.0.14393) requests/2.9.1 msrest/0.4.4 msrest_azure/0.4.7
          computemanagementclient/0.33.0 Azure-SDK-For-Python AZURECLI/TEST/0.1.1b3+dev]
      accept-language: [en-US]
      x-ms-client-request-id: [b1c2c554-e8e3-11e6-ae91-64510658e3b3]
    method: GET
    uri: https://management.azure.com/subscriptions/00000000-0000-0000-0000-000000000000/resourceGroups/cli-test-disk/providers/Microsoft.Compute/virtualMachines/vm-datadisk-test?api-version=2016-04-30-preview
  response:
    body: {string: "{\r\n  \"properties\": {\r\n    \"vmId\": \"0e01907f-ba07-4547-ad60-19a109085636\"\
        ,\r\n    \"hardwareProfile\": {\r\n      \"vmSize\": \"Standard_DS1\"\r\n\
        \    },\r\n    \"storageProfile\": {\r\n      \"imageReference\": {\r\n  \
        \      \"publisher\": \"Canonical\",\r\n        \"offer\": \"UbuntuServer\"\
        ,\r\n        \"sku\": \"14.04.4-LTS\",\r\n        \"version\": \"latest\"\r\
        \n      },\r\n      \"osDisk\": {\r\n        \"osType\": \"Linux\",\r\n  \
        \      \"name\": \"osdisk_fWk5TWcBsy\",\r\n        \"createOption\": \"FromImage\"\
        ,\r\n        \"vhd\": {\r\n          \"uri\": \"https://vhdstorage4xan3wz004kgvi.blob.core.windows.net/vhds/osdisk_fWk5TWcBsy.vhd\"\
        \r\n        },\r\n        \"caching\": \"ReadWrite\"\r\n      },\r\n     \
        \ \"dataDisks\": []\r\n    },\r\n    \"osProfile\": {\r\n      \"computerName\"\
        : \"vm-datadisk-test\",\r\n      \"adminUsername\": \"yugangw\",\r\n     \
        \ \"linuxConfiguration\": {\r\n        \"disablePasswordAuthentication\":\
        \ true,\r\n        \"ssh\": {\r\n          \"publicKeys\": [\r\n         \
        \   {\r\n              \"path\": \"/home/yugangw/.ssh/authorized_keys\",\r\
        \n              \"keyData\": \"ssh-rsa AAAAB3NzaC1yc2EAAAADAQABAAABAQC8InHIPLAu6lMc0d+5voyXqigZfT5r6fAM1+FQAi+mkPDdk2hNq1BG0Bwfc88Gm7BImw8TS+x2bnZmhCbVnHd6BPCDY7a+cHCSqrQMW89Cv6Vl4ueGOeAWHpJTV9CTLVz4IY1x4HBdkLI2lKIHri9+z7NIdvFk7iOkMVGyez5H1xDbF2szURxgc4I2/o5wycSwX+G8DrtsBvWLmFv9YAPx+VkEHQDjR0WWezOjuo1rDn6MQfiKfqAjPuInwNOg5AIxXAOResrin2PUlArNtdDH1zlvI4RZi36+tJO7mtm3dJiKs4Sj7G6b1CjIU6aaj27MmKy3arIFChYav9yYM3IT\
        \ yugangw@microsoft.com\\n\"\r\n            }\r\n          ]\r\n        }\r\
        \n      },\r\n      \"secrets\": []\r\n    },\r\n    \"networkProfile\": {\"\
        networkInterfaces\":[{\"id\":\"/subscriptions/00000000-0000-0000-0000-000000000000/resourceGroups/cli-test-disk/providers/Microsoft.Network/networkInterfaces/vm-datadisk-testVMNic\"\
        }]},\r\n    \"provisioningState\": \"Succeeded\"\r\n  },\r\n  \"type\": \"\
        Microsoft.Compute/virtualMachines\",\r\n  \"location\": \"westus\",\r\n  \"\
        tags\": {},\r\n  \"id\": \"/subscriptions/00000000-0000-0000-0000-000000000000/resourceGroups/cli-test-disk/providers/Microsoft.Compute/virtualMachines/vm-datadisk-test\"\
        ,\r\n  \"name\": \"vm-datadisk-test\"\r\n}"}
    headers:
      Cache-Control: [no-cache]
      Content-Type: [application/json; charset=utf-8]
      Date: ['Thu, 02 Feb 2017 01:05:32 GMT']
      Expires: ['-1']
      Pragma: [no-cache]
      Server: [Microsoft-HTTPAPI/2.0, Microsoft-HTTPAPI/2.0]
      Strict-Transport-Security: [max-age=31536000; includeSubDomains]
      Transfer-Encoding: [chunked]
      Vary: [Accept-Encoding]
      content-length: ['1992']
    status: {code: 200, message: OK}
- request:
    body: '{"tags": {}, "location": "westus", "properties": {"storageProfile": {"imageReference":
      {"publisher": "Canonical", "offer": "UbuntuServer", "version": "latest", "sku":
      "14.04.4-LTS"}, "osDisk": {"osType": "Linux", "name": "osdisk_fWk5TWcBsy", "createOption":
      "fromImage", "vhd": {"uri": "https://vhdstorage4xan3wz004kgvi.blob.core.windows.net/vhds/osdisk_fWk5TWcBsy.vhd"},
      "caching": "ReadWrite"}, "dataDisks": [{"name": "d7", "vhd": {"uri": "https://vhdstorage4xan3wz004kgvi.blob.core.windows.net/vhds/d7.vhd"},
      "diskSizeGB": 8, "lun": 1, "caching": "ReadWrite", "createOption": "empty"}]},
      "hardwareProfile": {"vmSize": "Standard_DS1"}, "networkProfile": {"networkInterfaces":
      [{"id": "/subscriptions/0b1f6471-1bf0-4dda-aec3-cb9272f09590/resourceGroups/cli-test-disk/providers/Microsoft.Network/networkInterfaces/vm-datadisk-testVMNic"}]},
      "osProfile": {"adminUsername": "yugangw", "secrets": [], "linuxConfiguration":
      {"disablePasswordAuthentication": true, "ssh": {"publicKeys": [{"keyData": "ssh-rsa
      AAAAB3NzaC1yc2EAAAADAQABAAABAQC8InHIPLAu6lMc0d+5voyXqigZfT5r6fAM1+FQAi+mkPDdk2hNq1BG0Bwfc88Gm7BImw8TS+x2bnZmhCbVnHd6BPCDY7a+cHCSqrQMW89Cv6Vl4ueGOeAWHpJTV9CTLVz4IY1x4HBdkLI2lKIHri9+z7NIdvFk7iOkMVGyez5H1xDbF2szURxgc4I2/o5wycSwX+G8DrtsBvWLmFv9YAPx+VkEHQDjR0WWezOjuo1rDn6MQfiKfqAjPuInwNOg5AIxXAOResrin2PUlArNtdDH1zlvI4RZi36+tJO7mtm3dJiKs4Sj7G6b1CjIU6aaj27MmKy3arIFChYav9yYM3IT
      yugangw@microsoft.com\n", "path": "/home/yugangw/.ssh/authorized_keys"}]}},
      "computerName": "vm-datadisk-test"}}}'
    headers:
      Accept: [application/json]
      Accept-Encoding: ['gzip, deflate']
      Connection: [keep-alive]
      Content-Length: ['1490']
      Content-Type: [application/json; charset=utf-8]
      User-Agent: [python/3.5.0 (Windows-10.0.14393) requests/2.9.1 msrest/0.4.4 msrest_azure/0.4.7
          computemanagementclient/0.33.0 Azure-SDK-For-Python AZURECLI/TEST/0.1.1b3+dev]
      accept-language: [en-US]
      x-ms-client-request-id: [b20b2c40-e8e3-11e6-8306-64510658e3b3]
    method: PUT
    uri: https://management.azure.com/subscriptions/00000000-0000-0000-0000-000000000000/resourceGroups/cli-test-disk/providers/Microsoft.Compute/virtualMachines/vm-datadisk-test?api-version=2016-04-30-preview
  response:
    body: {string: "{\r\n  \"properties\": {\r\n    \"vmId\": \"0e01907f-ba07-4547-ad60-19a109085636\"\
        ,\r\n    \"hardwareProfile\": {\r\n      \"vmSize\": \"Standard_DS1\"\r\n\
        \    },\r\n    \"storageProfile\": {\r\n      \"imageReference\": {\r\n  \
        \      \"publisher\": \"Canonical\",\r\n        \"offer\": \"UbuntuServer\"\
        ,\r\n        \"sku\": \"14.04.4-LTS\",\r\n        \"version\": \"latest\"\r\
        \n      },\r\n      \"osDisk\": {\r\n        \"osType\": \"Linux\",\r\n  \
        \      \"name\": \"osdisk_fWk5TWcBsy\",\r\n        \"createOption\": \"FromImage\"\
        ,\r\n        \"vhd\": {\r\n          \"uri\": \"https://vhdstorage4xan3wz004kgvi.blob.core.windows.net/vhds/osdisk_fWk5TWcBsy.vhd\"\
        \r\n        },\r\n        \"caching\": \"ReadWrite\"\r\n      },\r\n     \
        \ \"dataDisks\": [\r\n        {\r\n          \"lun\": 1,\r\n          \"name\"\
        : \"d7\",\r\n          \"createOption\": \"Empty\",\r\n          \"vhd\":\
        \ {\r\n            \"uri\": \"https://vhdstorage4xan3wz004kgvi.blob.core.windows.net/vhds/d7.vhd\"\
        \r\n          },\r\n          \"caching\": \"ReadWrite\",\r\n          \"\
        diskSizeGB\": 8\r\n        }\r\n      ]\r\n    },\r\n    \"osProfile\": {\r\
        \n      \"computerName\": \"vm-datadisk-test\",\r\n      \"adminUsername\"\
        : \"yugangw\",\r\n      \"linuxConfiguration\": {\r\n        \"disablePasswordAuthentication\"\
        : true,\r\n        \"ssh\": {\r\n          \"publicKeys\": [\r\n         \
        \   {\r\n              \"path\": \"/home/yugangw/.ssh/authorized_keys\",\r\
        \n              \"keyData\": \"ssh-rsa AAAAB3NzaC1yc2EAAAADAQABAAABAQC8InHIPLAu6lMc0d+5voyXqigZfT5r6fAM1+FQAi+mkPDdk2hNq1BG0Bwfc88Gm7BImw8TS+x2bnZmhCbVnHd6BPCDY7a+cHCSqrQMW89Cv6Vl4ueGOeAWHpJTV9CTLVz4IY1x4HBdkLI2lKIHri9+z7NIdvFk7iOkMVGyez5H1xDbF2szURxgc4I2/o5wycSwX+G8DrtsBvWLmFv9YAPx+VkEHQDjR0WWezOjuo1rDn6MQfiKfqAjPuInwNOg5AIxXAOResrin2PUlArNtdDH1zlvI4RZi36+tJO7mtm3dJiKs4Sj7G6b1CjIU6aaj27MmKy3arIFChYav9yYM3IT\
        \ yugangw@microsoft.com\\n\"\r\n            }\r\n          ]\r\n        }\r\
        \n      },\r\n      \"secrets\": []\r\n    },\r\n    \"networkProfile\": {\"\
        networkInterfaces\":[{\"id\":\"/subscriptions/00000000-0000-0000-0000-000000000000/resourceGroups/cli-test-disk/providers/Microsoft.Network/networkInterfaces/vm-datadisk-testVMNic\"\
        }]},\r\n    \"provisioningState\": \"Updating\"\r\n  },\r\n  \"type\": \"\
        Microsoft.Compute/virtualMachines\",\r\n  \"location\": \"westus\",\r\n  \"\
        tags\": {},\r\n  \"id\": \"/subscriptions/00000000-0000-0000-0000-000000000000/resourceGroups/cli-test-disk/providers/Microsoft.Compute/virtualMachines/vm-datadisk-test\"\
        ,\r\n  \"name\": \"vm-datadisk-test\"\r\n}"}
    headers:
      Azure-AsyncOperation: ['https://management.azure.com/subscriptions/0b1f6471-1bf0-4dda-aec3-cb9272f09590/providers/Microsoft.Compute/locations/westus/operations/e5825b1b-2253-4b3f-8145-e0d95c403a5b?api-version=2016-04-30-preview']
      Cache-Control: [no-cache]
      Content-Type: [application/json; charset=utf-8]
      Date: ['Thu, 02 Feb 2017 01:05:33 GMT']
      Expires: ['-1']
      Pragma: [no-cache]
      Server: [Microsoft-HTTPAPI/2.0, Microsoft-HTTPAPI/2.0]
      Strict-Transport-Security: [max-age=31536000; includeSubDomains]
      Transfer-Encoding: [chunked]
      Vary: [Accept-Encoding]
      content-length: ['2288']
      x-ms-ratelimit-remaining-subscription-writes: ['1199']
    status: {code: 200, message: OK}
- request:
    body: null
    headers:
      Accept: [application/json]
      Accept-Encoding: ['gzip, deflate']
      Connection: [keep-alive]
      Content-Type: [application/json; charset=utf-8]
      User-Agent: [python/3.5.0 (Windows-10.0.14393) requests/2.9.1 msrest/0.4.4 msrest_azure/0.4.7
          computemanagementclient/0.33.0 Azure-SDK-For-Python AZURECLI/TEST/0.1.1b3+dev]
      accept-language: [en-US]
      x-ms-client-request-id: [b20b2c40-e8e3-11e6-8306-64510658e3b3]
    method: GET
    uri: https://management.azure.com/subscriptions/00000000-0000-0000-0000-000000000000/providers/Microsoft.Compute/locations/westus/operations/e5825b1b-2253-4b3f-8145-e0d95c403a5b?api-version=2016-04-30-preview
  response:
    body: {string: "{\r\n  \"startTime\": \"2017-02-02T01:05:33.4092286+00:00\",\r\
        \n  \"status\": \"InProgress\",\r\n  \"name\": \"e5825b1b-2253-4b3f-8145-e0d95c403a5b\"\
        \r\n}"}
    headers:
      Cache-Control: [no-cache]
      Content-Type: [application/json; charset=utf-8]
      Date: ['Thu, 02 Feb 2017 01:06:03 GMT']
      Expires: ['-1']
      Pragma: [no-cache]
      Server: [Microsoft-HTTPAPI/2.0, Microsoft-HTTPAPI/2.0]
      Strict-Transport-Security: [max-age=31536000; includeSubDomains]
      Transfer-Encoding: [chunked]
      Vary: [Accept-Encoding]
      content-length: ['134']
    status: {code: 200, message: OK}
- request:
    body: null
    headers:
      Accept: [application/json]
      Accept-Encoding: ['gzip, deflate']
      Connection: [keep-alive]
      Content-Type: [application/json; charset=utf-8]
      User-Agent: [python/3.5.0 (Windows-10.0.14393) requests/2.9.1 msrest/0.4.4 msrest_azure/0.4.7
          computemanagementclient/0.33.0 Azure-SDK-For-Python AZURECLI/TEST/0.1.1b3+dev]
      accept-language: [en-US]
      x-ms-client-request-id: [b20b2c40-e8e3-11e6-8306-64510658e3b3]
    method: GET
    uri: https://management.azure.com/subscriptions/00000000-0000-0000-0000-000000000000/providers/Microsoft.Compute/locations/westus/operations/e5825b1b-2253-4b3f-8145-e0d95c403a5b?api-version=2016-04-30-preview
  response:
    body: {string: "{\r\n  \"startTime\": \"2017-02-02T01:05:33.4092286+00:00\",\r\
        \n  \"endTime\": \"2017-02-02T01:06:07.847803+00:00\",\r\n  \"status\": \"\
        Succeeded\",\r\n  \"name\": \"e5825b1b-2253-4b3f-8145-e0d95c403a5b\"\r\n}"}
    headers:
      Cache-Control: [no-cache]
      Content-Type: [application/json; charset=utf-8]
      Date: ['Thu, 02 Feb 2017 01:06:34 GMT']
      Expires: ['-1']
      Pragma: [no-cache]
      Server: [Microsoft-HTTPAPI/2.0, Microsoft-HTTPAPI/2.0]
      Strict-Transport-Security: [max-age=31536000; includeSubDomains]
      Transfer-Encoding: [chunked]
      Vary: [Accept-Encoding]
      content-length: ['183']
    status: {code: 200, message: OK}
- request:
    body: null
    headers:
      Accept: [application/json]
      Accept-Encoding: ['gzip, deflate']
      Connection: [keep-alive]
      Content-Type: [application/json; charset=utf-8]
      User-Agent: [python/3.5.0 (Windows-10.0.14393) requests/2.9.1 msrest/0.4.4 msrest_azure/0.4.7
          computemanagementclient/0.33.0 Azure-SDK-For-Python AZURECLI/TEST/0.1.1b3+dev]
      accept-language: [en-US]
      x-ms-client-request-id: [b20b2c40-e8e3-11e6-8306-64510658e3b3]
    method: GET
    uri: https://management.azure.com/subscriptions/00000000-0000-0000-0000-000000000000/resourceGroups/cli-test-disk/providers/Microsoft.Compute/virtualMachines/vm-datadisk-test?api-version=2016-04-30-preview
  response:
    body: {string: "{\r\n  \"properties\": {\r\n    \"vmId\": \"0e01907f-ba07-4547-ad60-19a109085636\"\
        ,\r\n    \"hardwareProfile\": {\r\n      \"vmSize\": \"Standard_DS1\"\r\n\
        \    },\r\n    \"storageProfile\": {\r\n      \"imageReference\": {\r\n  \
        \      \"publisher\": \"Canonical\",\r\n        \"offer\": \"UbuntuServer\"\
        ,\r\n        \"sku\": \"14.04.4-LTS\",\r\n        \"version\": \"latest\"\r\
        \n      },\r\n      \"osDisk\": {\r\n        \"osType\": \"Linux\",\r\n  \
        \      \"name\": \"osdisk_fWk5TWcBsy\",\r\n        \"createOption\": \"FromImage\"\
        ,\r\n        \"vhd\": {\r\n          \"uri\": \"https://vhdstorage4xan3wz004kgvi.blob.core.windows.net/vhds/osdisk_fWk5TWcBsy.vhd\"\
        \r\n        },\r\n        \"caching\": \"ReadWrite\"\r\n      },\r\n     \
        \ \"dataDisks\": [\r\n        {\r\n          \"lun\": 1,\r\n          \"name\"\
        : \"d7\",\r\n          \"createOption\": \"Empty\",\r\n          \"vhd\":\
        \ {\r\n            \"uri\": \"https://vhdstorage4xan3wz004kgvi.blob.core.windows.net/vhds/d7.vhd\"\
        \r\n          },\r\n          \"caching\": \"ReadWrite\",\r\n          \"\
        diskSizeGB\": 8\r\n        }\r\n      ]\r\n    },\r\n    \"osProfile\": {\r\
        \n      \"computerName\": \"vm-datadisk-test\",\r\n      \"adminUsername\"\
        : \"yugangw\",\r\n      \"linuxConfiguration\": {\r\n        \"disablePasswordAuthentication\"\
        : true,\r\n        \"ssh\": {\r\n          \"publicKeys\": [\r\n         \
        \   {\r\n              \"path\": \"/home/yugangw/.ssh/authorized_keys\",\r\
        \n              \"keyData\": \"ssh-rsa AAAAB3NzaC1yc2EAAAADAQABAAABAQC8InHIPLAu6lMc0d+5voyXqigZfT5r6fAM1+FQAi+mkPDdk2hNq1BG0Bwfc88Gm7BImw8TS+x2bnZmhCbVnHd6BPCDY7a+cHCSqrQMW89Cv6Vl4ueGOeAWHpJTV9CTLVz4IY1x4HBdkLI2lKIHri9+z7NIdvFk7iOkMVGyez5H1xDbF2szURxgc4I2/o5wycSwX+G8DrtsBvWLmFv9YAPx+VkEHQDjR0WWezOjuo1rDn6MQfiKfqAjPuInwNOg5AIxXAOResrin2PUlArNtdDH1zlvI4RZi36+tJO7mtm3dJiKs4Sj7G6b1CjIU6aaj27MmKy3arIFChYav9yYM3IT\
        \ yugangw@microsoft.com\\n\"\r\n            }\r\n          ]\r\n        }\r\
        \n      },\r\n      \"secrets\": []\r\n    },\r\n    \"networkProfile\": {\"\
        networkInterfaces\":[{\"id\":\"/subscriptions/00000000-0000-0000-0000-000000000000/resourceGroups/cli-test-disk/providers/Microsoft.Network/networkInterfaces/vm-datadisk-testVMNic\"\
        }]},\r\n    \"provisioningState\": \"Succeeded\"\r\n  },\r\n  \"type\": \"\
        Microsoft.Compute/virtualMachines\",\r\n  \"location\": \"westus\",\r\n  \"\
        tags\": {},\r\n  \"id\": \"/subscriptions/00000000-0000-0000-0000-000000000000/resourceGroups/cli-test-disk/providers/Microsoft.Compute/virtualMachines/vm-datadisk-test\"\
        ,\r\n  \"name\": \"vm-datadisk-test\"\r\n}"}
    headers:
      Cache-Control: [no-cache]
      Content-Type: [application/json; charset=utf-8]
      Date: ['Thu, 02 Feb 2017 01:06:34 GMT']
      Expires: ['-1']
      Pragma: [no-cache]
      Server: [Microsoft-HTTPAPI/2.0, Microsoft-HTTPAPI/2.0]
      Strict-Transport-Security: [max-age=31536000; includeSubDomains]
      Transfer-Encoding: [chunked]
      Vary: [Accept-Encoding]
      content-length: ['2289']
    status: {code: 200, message: OK}
- request:
    body: null
    headers:
      Accept: [application/json]
      Accept-Encoding: ['gzip, deflate']
      Connection: [keep-alive]
      Content-Type: [application/json; charset=utf-8]
      User-Agent: [python/3.5.0 (Windows-10.0.14393) requests/2.9.1 msrest/0.4.4 msrest_azure/0.4.7
          computemanagementclient/0.33.0 Azure-SDK-For-Python AZURECLI/TEST/0.1.1b3+dev]
      accept-language: [en-US]
      x-ms-client-request-id: [d83afa58-e8e3-11e6-96dd-64510658e3b3]
    method: GET
    uri: https://management.azure.com/subscriptions/00000000-0000-0000-0000-000000000000/resourceGroups/cli-test-disk/providers/Microsoft.Compute/virtualMachines/vm-datadisk-test?api-version=2016-04-30-preview
  response:
    body: {string: "{\r\n  \"properties\": {\r\n    \"vmId\": \"0e01907f-ba07-4547-ad60-19a109085636\"\
        ,\r\n    \"hardwareProfile\": {\r\n      \"vmSize\": \"Standard_DS1\"\r\n\
        \    },\r\n    \"storageProfile\": {\r\n      \"imageReference\": {\r\n  \
        \      \"publisher\": \"Canonical\",\r\n        \"offer\": \"UbuntuServer\"\
        ,\r\n        \"sku\": \"14.04.4-LTS\",\r\n        \"version\": \"latest\"\r\
        \n      },\r\n      \"osDisk\": {\r\n        \"osType\": \"Linux\",\r\n  \
        \      \"name\": \"osdisk_fWk5TWcBsy\",\r\n        \"createOption\": \"FromImage\"\
        ,\r\n        \"vhd\": {\r\n          \"uri\": \"https://vhdstorage4xan3wz004kgvi.blob.core.windows.net/vhds/osdisk_fWk5TWcBsy.vhd\"\
        \r\n        },\r\n        \"caching\": \"ReadWrite\"\r\n      },\r\n     \
        \ \"dataDisks\": [\r\n        {\r\n          \"lun\": 1,\r\n          \"name\"\
        : \"d7\",\r\n          \"createOption\": \"Empty\",\r\n          \"vhd\":\
        \ {\r\n            \"uri\": \"https://vhdstorage4xan3wz004kgvi.blob.core.windows.net/vhds/d7.vhd\"\
        \r\n          },\r\n          \"caching\": \"ReadWrite\",\r\n          \"\
        diskSizeGB\": 8\r\n        }\r\n      ]\r\n    },\r\n    \"osProfile\": {\r\
        \n      \"computerName\": \"vm-datadisk-test\",\r\n      \"adminUsername\"\
        : \"yugangw\",\r\n      \"linuxConfiguration\": {\r\n        \"disablePasswordAuthentication\"\
        : true,\r\n        \"ssh\": {\r\n          \"publicKeys\": [\r\n         \
        \   {\r\n              \"path\": \"/home/yugangw/.ssh/authorized_keys\",\r\
        \n              \"keyData\": \"ssh-rsa AAAAB3NzaC1yc2EAAAADAQABAAABAQC8InHIPLAu6lMc0d+5voyXqigZfT5r6fAM1+FQAi+mkPDdk2hNq1BG0Bwfc88Gm7BImw8TS+x2bnZmhCbVnHd6BPCDY7a+cHCSqrQMW89Cv6Vl4ueGOeAWHpJTV9CTLVz4IY1x4HBdkLI2lKIHri9+z7NIdvFk7iOkMVGyez5H1xDbF2szURxgc4I2/o5wycSwX+G8DrtsBvWLmFv9YAPx+VkEHQDjR0WWezOjuo1rDn6MQfiKfqAjPuInwNOg5AIxXAOResrin2PUlArNtdDH1zlvI4RZi36+tJO7mtm3dJiKs4Sj7G6b1CjIU6aaj27MmKy3arIFChYav9yYM3IT\
        \ yugangw@microsoft.com\\n\"\r\n            }\r\n          ]\r\n        }\r\
        \n      },\r\n      \"secrets\": []\r\n    },\r\n    \"networkProfile\": {\"\
        networkInterfaces\":[{\"id\":\"/subscriptions/00000000-0000-0000-0000-000000000000/resourceGroups/cli-test-disk/providers/Microsoft.Network/networkInterfaces/vm-datadisk-testVMNic\"\
        }]},\r\n    \"provisioningState\": \"Succeeded\"\r\n  },\r\n  \"type\": \"\
        Microsoft.Compute/virtualMachines\",\r\n  \"location\": \"westus\",\r\n  \"\
        tags\": {},\r\n  \"id\": \"/subscriptions/00000000-0000-0000-0000-000000000000/resourceGroups/cli-test-disk/providers/Microsoft.Compute/virtualMachines/vm-datadisk-test\"\
        ,\r\n  \"name\": \"vm-datadisk-test\"\r\n}"}
    headers:
      Cache-Control: [no-cache]
      Content-Type: [application/json; charset=utf-8]
      Date: ['Thu, 02 Feb 2017 01:06:35 GMT']
      Expires: ['-1']
      Pragma: [no-cache]
      Server: [Microsoft-HTTPAPI/2.0, Microsoft-HTTPAPI/2.0]
      Strict-Transport-Security: [max-age=31536000; includeSubDomains]
      Transfer-Encoding: [chunked]
      Vary: [Accept-Encoding]
      content-length: ['2289']
    status: {code: 200, message: OK}
- request:
    body: null
    headers:
      Accept: [application/json]
      Accept-Encoding: ['gzip, deflate']
      Connection: [keep-alive]
      Content-Type: [application/json; charset=utf-8]
      User-Agent: [python/3.5.0 (Windows-10.0.14393) requests/2.9.1 msrest/0.4.4 msrest_azure/0.4.7
          computemanagementclient/0.33.0 Azure-SDK-For-Python AZURECLI/TEST/0.1.1b3+dev]
      accept-language: [en-US]
      x-ms-client-request-id: [d8831262-e8e3-11e6-bdfe-64510658e3b3]
    method: GET
    uri: https://management.azure.com/subscriptions/00000000-0000-0000-0000-000000000000/resourceGroups/cli-test-disk/providers/Microsoft.Compute/virtualMachines/vm-datadisk-test?api-version=2016-04-30-preview
  response:
    body: {string: "{\r\n  \"properties\": {\r\n    \"vmId\": \"0e01907f-ba07-4547-ad60-19a109085636\"\
        ,\r\n    \"hardwareProfile\": {\r\n      \"vmSize\": \"Standard_DS1\"\r\n\
        \    },\r\n    \"storageProfile\": {\r\n      \"imageReference\": {\r\n  \
        \      \"publisher\": \"Canonical\",\r\n        \"offer\": \"UbuntuServer\"\
        ,\r\n        \"sku\": \"14.04.4-LTS\",\r\n        \"version\": \"latest\"\r\
        \n      },\r\n      \"osDisk\": {\r\n        \"osType\": \"Linux\",\r\n  \
        \      \"name\": \"osdisk_fWk5TWcBsy\",\r\n        \"createOption\": \"FromImage\"\
        ,\r\n        \"vhd\": {\r\n          \"uri\": \"https://vhdstorage4xan3wz004kgvi.blob.core.windows.net/vhds/osdisk_fWk5TWcBsy.vhd\"\
        \r\n        },\r\n        \"caching\": \"ReadWrite\"\r\n      },\r\n     \
        \ \"dataDisks\": [\r\n        {\r\n          \"lun\": 1,\r\n          \"name\"\
        : \"d7\",\r\n          \"createOption\": \"Empty\",\r\n          \"vhd\":\
        \ {\r\n            \"uri\": \"https://vhdstorage4xan3wz004kgvi.blob.core.windows.net/vhds/d7.vhd\"\
        \r\n          },\r\n          \"caching\": \"ReadWrite\",\r\n          \"\
        diskSizeGB\": 8\r\n        }\r\n      ]\r\n    },\r\n    \"osProfile\": {\r\
        \n      \"computerName\": \"vm-datadisk-test\",\r\n      \"adminUsername\"\
        : \"yugangw\",\r\n      \"linuxConfiguration\": {\r\n        \"disablePasswordAuthentication\"\
        : true,\r\n        \"ssh\": {\r\n          \"publicKeys\": [\r\n         \
        \   {\r\n              \"path\": \"/home/yugangw/.ssh/authorized_keys\",\r\
        \n              \"keyData\": \"ssh-rsa AAAAB3NzaC1yc2EAAAADAQABAAABAQC8InHIPLAu6lMc0d+5voyXqigZfT5r6fAM1+FQAi+mkPDdk2hNq1BG0Bwfc88Gm7BImw8TS+x2bnZmhCbVnHd6BPCDY7a+cHCSqrQMW89Cv6Vl4ueGOeAWHpJTV9CTLVz4IY1x4HBdkLI2lKIHri9+z7NIdvFk7iOkMVGyez5H1xDbF2szURxgc4I2/o5wycSwX+G8DrtsBvWLmFv9YAPx+VkEHQDjR0WWezOjuo1rDn6MQfiKfqAjPuInwNOg5AIxXAOResrin2PUlArNtdDH1zlvI4RZi36+tJO7mtm3dJiKs4Sj7G6b1CjIU6aaj27MmKy3arIFChYav9yYM3IT\
        \ yugangw@microsoft.com\\n\"\r\n            }\r\n          ]\r\n        }\r\
        \n      },\r\n      \"secrets\": []\r\n    },\r\n    \"networkProfile\": {\"\
        networkInterfaces\":[{\"id\":\"/subscriptions/00000000-0000-0000-0000-000000000000/resourceGroups/cli-test-disk/providers/Microsoft.Network/networkInterfaces/vm-datadisk-testVMNic\"\
        }]},\r\n    \"provisioningState\": \"Succeeded\"\r\n  },\r\n  \"type\": \"\
        Microsoft.Compute/virtualMachines\",\r\n  \"location\": \"westus\",\r\n  \"\
        tags\": {},\r\n  \"id\": \"/subscriptions/00000000-0000-0000-0000-000000000000/resourceGroups/cli-test-disk/providers/Microsoft.Compute/virtualMachines/vm-datadisk-test\"\
        ,\r\n  \"name\": \"vm-datadisk-test\"\r\n}"}
    headers:
      Cache-Control: [no-cache]
      Content-Type: [application/json; charset=utf-8]
      Date: ['Thu, 02 Feb 2017 01:06:37 GMT']
      Expires: ['-1']
      Pragma: [no-cache]
      Server: [Microsoft-HTTPAPI/2.0, Microsoft-HTTPAPI/2.0]
      Strict-Transport-Security: [max-age=31536000; includeSubDomains]
      Transfer-Encoding: [chunked]
      Vary: [Accept-Encoding]
      content-length: ['2289']
    status: {code: 200, message: OK}
- request:
    body: '{"tags": {}, "location": "westus", "properties": {"storageProfile": {"imageReference":
      {"publisher": "Canonical", "offer": "UbuntuServer", "version": "latest", "sku":
      "14.04.4-LTS"}, "osDisk": {"osType": "Linux", "name": "osdisk_fWk5TWcBsy", "createOption":
      "fromImage", "vhd": {"uri": "https://vhdstorage4xan3wz004kgvi.blob.core.windows.net/vhds/osdisk_fWk5TWcBsy.vhd"},
      "caching": "ReadWrite"}, "dataDisks": []}, "hardwareProfile": {"vmSize": "Standard_DS1"},
      "networkProfile": {"networkInterfaces": [{"id": "/subscriptions/0b1f6471-1bf0-4dda-aec3-cb9272f09590/resourceGroups/cli-test-disk/providers/Microsoft.Network/networkInterfaces/vm-datadisk-testVMNic"}]},
      "osProfile": {"adminUsername": "yugangw", "secrets": [], "linuxConfiguration":
      {"disablePasswordAuthentication": true, "ssh": {"publicKeys": [{"keyData": "ssh-rsa
      AAAAB3NzaC1yc2EAAAADAQABAAABAQC8InHIPLAu6lMc0d+5voyXqigZfT5r6fAM1+FQAi+mkPDdk2hNq1BG0Bwfc88Gm7BImw8TS+x2bnZmhCbVnHd6BPCDY7a+cHCSqrQMW89Cv6Vl4ueGOeAWHpJTV9CTLVz4IY1x4HBdkLI2lKIHri9+z7NIdvFk7iOkMVGyez5H1xDbF2szURxgc4I2/o5wycSwX+G8DrtsBvWLmFv9YAPx+VkEHQDjR0WWezOjuo1rDn6MQfiKfqAjPuInwNOg5AIxXAOResrin2PUlArNtdDH1zlvI4RZi36+tJO7mtm3dJiKs4Sj7G6b1CjIU6aaj27MmKy3arIFChYav9yYM3IT
      yugangw@microsoft.com\n", "path": "/home/yugangw/.ssh/authorized_keys"}]}},
      "computerName": "vm-datadisk-test"}}}'
    headers:
      Accept: [application/json]
      Accept-Encoding: ['gzip, deflate']
      Connection: [keep-alive]
      Content-Length: ['1314']
      Content-Type: [application/json; charset=utf-8]
      User-Agent: [python/3.5.0 (Windows-10.0.14393) requests/2.9.1 msrest/0.4.4 msrest_azure/0.4.7
          computemanagementclient/0.33.0 Azure-SDK-For-Python AZURECLI/TEST/0.1.1b3+dev]
      accept-language: [en-US]
      x-ms-client-request-id: [d8cfd5c0-e8e3-11e6-8a59-64510658e3b3]
    method: PUT
    uri: https://management.azure.com/subscriptions/00000000-0000-0000-0000-000000000000/resourceGroups/cli-test-disk/providers/Microsoft.Compute/virtualMachines/vm-datadisk-test?api-version=2016-04-30-preview
  response:
    body: {string: "{\r\n  \"properties\": {\r\n    \"vmId\": \"0e01907f-ba07-4547-ad60-19a109085636\"\
        ,\r\n    \"hardwareProfile\": {\r\n      \"vmSize\": \"Standard_DS1\"\r\n\
        \    },\r\n    \"storageProfile\": {\r\n      \"imageReference\": {\r\n  \
        \      \"publisher\": \"Canonical\",\r\n        \"offer\": \"UbuntuServer\"\
        ,\r\n        \"sku\": \"14.04.4-LTS\",\r\n        \"version\": \"latest\"\r\
        \n      },\r\n      \"osDisk\": {\r\n        \"osType\": \"Linux\",\r\n  \
        \      \"name\": \"osdisk_fWk5TWcBsy\",\r\n        \"createOption\": \"FromImage\"\
        ,\r\n        \"vhd\": {\r\n          \"uri\": \"https://vhdstorage4xan3wz004kgvi.blob.core.windows.net/vhds/osdisk_fWk5TWcBsy.vhd\"\
        \r\n        },\r\n        \"caching\": \"ReadWrite\"\r\n      },\r\n     \
        \ \"dataDisks\": []\r\n    },\r\n    \"osProfile\": {\r\n      \"computerName\"\
        : \"vm-datadisk-test\",\r\n      \"adminUsername\": \"yugangw\",\r\n     \
        \ \"linuxConfiguration\": {\r\n        \"disablePasswordAuthentication\":\
        \ true,\r\n        \"ssh\": {\r\n          \"publicKeys\": [\r\n         \
        \   {\r\n              \"path\": \"/home/yugangw/.ssh/authorized_keys\",\r\
        \n              \"keyData\": \"ssh-rsa AAAAB3NzaC1yc2EAAAADAQABAAABAQC8InHIPLAu6lMc0d+5voyXqigZfT5r6fAM1+FQAi+mkPDdk2hNq1BG0Bwfc88Gm7BImw8TS+x2bnZmhCbVnHd6BPCDY7a+cHCSqrQMW89Cv6Vl4ueGOeAWHpJTV9CTLVz4IY1x4HBdkLI2lKIHri9+z7NIdvFk7iOkMVGyez5H1xDbF2szURxgc4I2/o5wycSwX+G8DrtsBvWLmFv9YAPx+VkEHQDjR0WWezOjuo1rDn6MQfiKfqAjPuInwNOg5AIxXAOResrin2PUlArNtdDH1zlvI4RZi36+tJO7mtm3dJiKs4Sj7G6b1CjIU6aaj27MmKy3arIFChYav9yYM3IT\
        \ yugangw@microsoft.com\\n\"\r\n            }\r\n          ]\r\n        }\r\
        \n      },\r\n      \"secrets\": []\r\n    },\r\n    \"networkProfile\": {\"\
        networkInterfaces\":[{\"id\":\"/subscriptions/00000000-0000-0000-0000-000000000000/resourceGroups/cli-test-disk/providers/Microsoft.Network/networkInterfaces/vm-datadisk-testVMNic\"\
        }]},\r\n    \"provisioningState\": \"Updating\"\r\n  },\r\n  \"type\": \"\
        Microsoft.Compute/virtualMachines\",\r\n  \"location\": \"westus\",\r\n  \"\
        tags\": {},\r\n  \"id\": \"/subscriptions/00000000-0000-0000-0000-000000000000/resourceGroups/cli-test-disk/providers/Microsoft.Compute/virtualMachines/vm-datadisk-test\"\
        ,\r\n  \"name\": \"vm-datadisk-test\"\r\n}"}
    headers:
      Azure-AsyncOperation: ['https://management.azure.com/subscriptions/0b1f6471-1bf0-4dda-aec3-cb9272f09590/providers/Microsoft.Compute/locations/westus/operations/35e895bc-cae0-4d75-988d-bd8a126a45d0?api-version=2016-04-30-preview']
      Cache-Control: [no-cache]
      Content-Type: [application/json; charset=utf-8]
      Date: ['Thu, 02 Feb 2017 01:06:38 GMT']
      Expires: ['-1']
      Pragma: [no-cache]
      Server: [Microsoft-HTTPAPI/2.0, Microsoft-HTTPAPI/2.0]
      Strict-Transport-Security: [max-age=31536000; includeSubDomains]
      Transfer-Encoding: [chunked]
      Vary: [Accept-Encoding]
      content-length: ['1991']
      x-ms-ratelimit-remaining-subscription-writes: ['1199']
    status: {code: 200, message: OK}
- request:
    body: null
    headers:
      Accept: [application/json]
      Accept-Encoding: ['gzip, deflate']
      Connection: [keep-alive]
      Content-Type: [application/json; charset=utf-8]
      User-Agent: [python/3.5.0 (Windows-10.0.14393) requests/2.9.1 msrest/0.4.4 msrest_azure/0.4.7
          computemanagementclient/0.33.0 Azure-SDK-For-Python AZURECLI/TEST/0.1.1b3+dev]
      accept-language: [en-US]
      x-ms-client-request-id: [d8cfd5c0-e8e3-11e6-8a59-64510658e3b3]
    method: GET
    uri: https://management.azure.com/subscriptions/00000000-0000-0000-0000-000000000000/providers/Microsoft.Compute/locations/westus/operations/35e895bc-cae0-4d75-988d-bd8a126a45d0?api-version=2016-04-30-preview
  response:
    body: {string: "{\r\n  \"startTime\": \"2017-02-02T01:06:38.4425406+00:00\",\r\
        \n  \"status\": \"InProgress\",\r\n  \"name\": \"35e895bc-cae0-4d75-988d-bd8a126a45d0\"\
        \r\n}"}
    headers:
      Cache-Control: [no-cache]
      Content-Type: [application/json; charset=utf-8]
      Date: ['Thu, 02 Feb 2017 01:07:08 GMT']
      Expires: ['-1']
      Pragma: [no-cache]
      Server: [Microsoft-HTTPAPI/2.0, Microsoft-HTTPAPI/2.0]
      Strict-Transport-Security: [max-age=31536000; includeSubDomains]
      Transfer-Encoding: [chunked]
      Vary: [Accept-Encoding]
      content-length: ['134']
    status: {code: 200, message: OK}
- request:
    body: null
    headers:
      Accept: [application/json]
      Accept-Encoding: ['gzip, deflate']
      Connection: [keep-alive]
      Content-Type: [application/json; charset=utf-8]
      User-Agent: [python/3.5.0 (Windows-10.0.14393) requests/2.9.1 msrest/0.4.4 msrest_azure/0.4.7
          computemanagementclient/0.33.0 Azure-SDK-For-Python AZURECLI/TEST/0.1.1b3+dev]
      accept-language: [en-US]
      x-ms-client-request-id: [d8cfd5c0-e8e3-11e6-8a59-64510658e3b3]
    method: GET
    uri: https://management.azure.com/subscriptions/00000000-0000-0000-0000-000000000000/providers/Microsoft.Compute/locations/westus/operations/35e895bc-cae0-4d75-988d-bd8a126a45d0?api-version=2016-04-30-preview
  response:
    body: {string: "{\r\n  \"startTime\": \"2017-02-02T01:06:38.4425406+00:00\",\r\
        \n  \"status\": \"InProgress\",\r\n  \"name\": \"35e895bc-cae0-4d75-988d-bd8a126a45d0\"\
        \r\n}"}
    headers:
      Cache-Control: [no-cache]
      Content-Type: [application/json; charset=utf-8]
      Date: ['Thu, 02 Feb 2017 01:07:38 GMT']
      Expires: ['-1']
      Pragma: [no-cache]
      Server: [Microsoft-HTTPAPI/2.0, Microsoft-HTTPAPI/2.0]
      Strict-Transport-Security: [max-age=31536000; includeSubDomains]
      Transfer-Encoding: [chunked]
      Vary: [Accept-Encoding]
      content-length: ['134']
    status: {code: 200, message: OK}
- request:
    body: null
    headers:
      Accept: [application/json]
      Accept-Encoding: ['gzip, deflate']
      Connection: [keep-alive]
      Content-Type: [application/json; charset=utf-8]
      User-Agent: [python/3.5.0 (Windows-10.0.14393) requests/2.9.1 msrest/0.4.4 msrest_azure/0.4.7
          computemanagementclient/0.33.0 Azure-SDK-For-Python AZURECLI/TEST/0.1.1b3+dev]
      accept-language: [en-US]
      x-ms-client-request-id: [d8cfd5c0-e8e3-11e6-8a59-64510658e3b3]
    method: GET
    uri: https://management.azure.com/subscriptions/00000000-0000-0000-0000-000000000000/providers/Microsoft.Compute/locations/westus/operations/35e895bc-cae0-4d75-988d-bd8a126a45d0?api-version=2016-04-30-preview
  response:
    body: {string: "{\r\n  \"startTime\": \"2017-02-02T01:06:38.4425406+00:00\",\r\
        \n  \"endTime\": \"2017-02-02T01:07:56.6496753+00:00\",\r\n  \"status\": \"\
        Succeeded\",\r\n  \"name\": \"35e895bc-cae0-4d75-988d-bd8a126a45d0\"\r\n}"}
    headers:
      Cache-Control: [no-cache]
      Content-Type: [application/json; charset=utf-8]
      Date: ['Thu, 02 Feb 2017 01:08:09 GMT']
      Expires: ['-1']
      Pragma: [no-cache]
      Server: [Microsoft-HTTPAPI/2.0, Microsoft-HTTPAPI/2.0]
      Strict-Transport-Security: [max-age=31536000; includeSubDomains]
      Transfer-Encoding: [chunked]
      Vary: [Accept-Encoding]
      content-length: ['184']
    status: {code: 200, message: OK}
- request:
    body: null
    headers:
      Accept: [application/json]
      Accept-Encoding: ['gzip, deflate']
      Connection: [keep-alive]
      Content-Type: [application/json; charset=utf-8]
      User-Agent: [python/3.5.0 (Windows-10.0.14393) requests/2.9.1 msrest/0.4.4 msrest_azure/0.4.7
          computemanagementclient/0.33.0 Azure-SDK-For-Python AZURECLI/TEST/0.1.1b3+dev]
      accept-language: [en-US]
      x-ms-client-request-id: [d8cfd5c0-e8e3-11e6-8a59-64510658e3b3]
    method: GET
    uri: https://management.azure.com/subscriptions/00000000-0000-0000-0000-000000000000/resourceGroups/cli-test-disk/providers/Microsoft.Compute/virtualMachines/vm-datadisk-test?api-version=2016-04-30-preview
  response:
    body: {string: "{\r\n  \"properties\": {\r\n    \"vmId\": \"0e01907f-ba07-4547-ad60-19a109085636\"\
        ,\r\n    \"hardwareProfile\": {\r\n      \"vmSize\": \"Standard_DS1\"\r\n\
        \    },\r\n    \"storageProfile\": {\r\n      \"imageReference\": {\r\n  \
        \      \"publisher\": \"Canonical\",\r\n        \"offer\": \"UbuntuServer\"\
        ,\r\n        \"sku\": \"14.04.4-LTS\",\r\n        \"version\": \"latest\"\r\
        \n      },\r\n      \"osDisk\": {\r\n        \"osType\": \"Linux\",\r\n  \
        \      \"name\": \"osdisk_fWk5TWcBsy\",\r\n        \"createOption\": \"FromImage\"\
        ,\r\n        \"vhd\": {\r\n          \"uri\": \"https://vhdstorage4xan3wz004kgvi.blob.core.windows.net/vhds/osdisk_fWk5TWcBsy.vhd\"\
        \r\n        },\r\n        \"caching\": \"ReadWrite\"\r\n      },\r\n     \
        \ \"dataDisks\": []\r\n    },\r\n    \"osProfile\": {\r\n      \"computerName\"\
        : \"vm-datadisk-test\",\r\n      \"adminUsername\": \"yugangw\",\r\n     \
        \ \"linuxConfiguration\": {\r\n        \"disablePasswordAuthentication\":\
        \ true,\r\n        \"ssh\": {\r\n          \"publicKeys\": [\r\n         \
        \   {\r\n              \"path\": \"/home/yugangw/.ssh/authorized_keys\",\r\
        \n              \"keyData\": \"ssh-rsa AAAAB3NzaC1yc2EAAAADAQABAAABAQC8InHIPLAu6lMc0d+5voyXqigZfT5r6fAM1+FQAi+mkPDdk2hNq1BG0Bwfc88Gm7BImw8TS+x2bnZmhCbVnHd6BPCDY7a+cHCSqrQMW89Cv6Vl4ueGOeAWHpJTV9CTLVz4IY1x4HBdkLI2lKIHri9+z7NIdvFk7iOkMVGyez5H1xDbF2szURxgc4I2/o5wycSwX+G8DrtsBvWLmFv9YAPx+VkEHQDjR0WWezOjuo1rDn6MQfiKfqAjPuInwNOg5AIxXAOResrin2PUlArNtdDH1zlvI4RZi36+tJO7mtm3dJiKs4Sj7G6b1CjIU6aaj27MmKy3arIFChYav9yYM3IT\
        \ yugangw@microsoft.com\\n\"\r\n            }\r\n          ]\r\n        }\r\
        \n      },\r\n      \"secrets\": []\r\n    },\r\n    \"networkProfile\": {\"\
        networkInterfaces\":[{\"id\":\"/subscriptions/00000000-0000-0000-0000-000000000000/resourceGroups/cli-test-disk/providers/Microsoft.Network/networkInterfaces/vm-datadisk-testVMNic\"\
        }]},\r\n    \"provisioningState\": \"Succeeded\"\r\n  },\r\n  \"type\": \"\
        Microsoft.Compute/virtualMachines\",\r\n  \"location\": \"westus\",\r\n  \"\
        tags\": {},\r\n  \"id\": \"/subscriptions/00000000-0000-0000-0000-000000000000/resourceGroups/cli-test-disk/providers/Microsoft.Compute/virtualMachines/vm-datadisk-test\"\
        ,\r\n  \"name\": \"vm-datadisk-test\"\r\n}"}
    headers:
      Cache-Control: [no-cache]
      Content-Type: [application/json; charset=utf-8]
      Date: ['Thu, 02 Feb 2017 01:08:09 GMT']
      Expires: ['-1']
      Pragma: [no-cache]
      Server: [Microsoft-HTTPAPI/2.0, Microsoft-HTTPAPI/2.0]
      Strict-Transport-Security: [max-age=31536000; includeSubDomains]
      Transfer-Encoding: [chunked]
      Vary: [Accept-Encoding]
      content-length: ['1992']
    status: {code: 200, message: OK}
- request:
    body: null
    headers:
      Accept: [application/json]
      Accept-Encoding: ['gzip, deflate']
      Connection: [keep-alive]
      Content-Type: [application/json; charset=utf-8]
      User-Agent: [python/3.5.0 (Windows-10.0.14393) requests/2.9.1 msrest/0.4.4 msrest_azure/0.4.7
          computemanagementclient/0.33.0 Azure-SDK-For-Python AZURECLI/TEST/0.1.1b3+dev]
      accept-language: [en-US]
      x-ms-client-request-id: [1049c80a-e8e4-11e6-a328-64510658e3b3]
    method: GET
    uri: https://management.azure.com/subscriptions/00000000-0000-0000-0000-000000000000/resourceGroups/cli-test-disk/providers/Microsoft.Compute/virtualMachines/vm-datadisk-test?api-version=2016-04-30-preview
  response:
    body: {string: "{\r\n  \"properties\": {\r\n    \"vmId\": \"0e01907f-ba07-4547-ad60-19a109085636\"\
        ,\r\n    \"hardwareProfile\": {\r\n      \"vmSize\": \"Standard_DS1\"\r\n\
        \    },\r\n    \"storageProfile\": {\r\n      \"imageReference\": {\r\n  \
        \      \"publisher\": \"Canonical\",\r\n        \"offer\": \"UbuntuServer\"\
        ,\r\n        \"sku\": \"14.04.4-LTS\",\r\n        \"version\": \"latest\"\r\
        \n      },\r\n      \"osDisk\": {\r\n        \"osType\": \"Linux\",\r\n  \
        \      \"name\": \"osdisk_fWk5TWcBsy\",\r\n        \"createOption\": \"FromImage\"\
        ,\r\n        \"vhd\": {\r\n          \"uri\": \"https://vhdstorage4xan3wz004kgvi.blob.core.windows.net/vhds/osdisk_fWk5TWcBsy.vhd\"\
        \r\n        },\r\n        \"caching\": \"ReadWrite\"\r\n      },\r\n     \
        \ \"dataDisks\": []\r\n    },\r\n    \"osProfile\": {\r\n      \"computerName\"\
        : \"vm-datadisk-test\",\r\n      \"adminUsername\": \"yugangw\",\r\n     \
        \ \"linuxConfiguration\": {\r\n        \"disablePasswordAuthentication\":\
        \ true,\r\n        \"ssh\": {\r\n          \"publicKeys\": [\r\n         \
        \   {\r\n              \"path\": \"/home/yugangw/.ssh/authorized_keys\",\r\
        \n              \"keyData\": \"ssh-rsa AAAAB3NzaC1yc2EAAAADAQABAAABAQC8InHIPLAu6lMc0d+5voyXqigZfT5r6fAM1+FQAi+mkPDdk2hNq1BG0Bwfc88Gm7BImw8TS+x2bnZmhCbVnHd6BPCDY7a+cHCSqrQMW89Cv6Vl4ueGOeAWHpJTV9CTLVz4IY1x4HBdkLI2lKIHri9+z7NIdvFk7iOkMVGyez5H1xDbF2szURxgc4I2/o5wycSwX+G8DrtsBvWLmFv9YAPx+VkEHQDjR0WWezOjuo1rDn6MQfiKfqAjPuInwNOg5AIxXAOResrin2PUlArNtdDH1zlvI4RZi36+tJO7mtm3dJiKs4Sj7G6b1CjIU6aaj27MmKy3arIFChYav9yYM3IT\
        \ yugangw@microsoft.com\\n\"\r\n            }\r\n          ]\r\n        }\r\
        \n      },\r\n      \"secrets\": []\r\n    },\r\n    \"networkProfile\": {\"\
        networkInterfaces\":[{\"id\":\"/subscriptions/00000000-0000-0000-0000-000000000000/resourceGroups/cli-test-disk/providers/Microsoft.Network/networkInterfaces/vm-datadisk-testVMNic\"\
        }]},\r\n    \"provisioningState\": \"Succeeded\"\r\n  },\r\n  \"type\": \"\
        Microsoft.Compute/virtualMachines\",\r\n  \"location\": \"westus\",\r\n  \"\
        tags\": {},\r\n  \"id\": \"/subscriptions/00000000-0000-0000-0000-000000000000/resourceGroups/cli-test-disk/providers/Microsoft.Compute/virtualMachines/vm-datadisk-test\"\
        ,\r\n  \"name\": \"vm-datadisk-test\"\r\n}"}
    headers:
      Cache-Control: [no-cache]
      Content-Type: [application/json; charset=utf-8]
      Date: ['Thu, 02 Feb 2017 01:08:09 GMT']
      Expires: ['-1']
      Pragma: [no-cache]
      Server: [Microsoft-HTTPAPI/2.0, Microsoft-HTTPAPI/2.0]
      Strict-Transport-Security: [max-age=31536000; includeSubDomains]
      Transfer-Encoding: [chunked]
      Vary: [Accept-Encoding]
      content-length: ['1992']
    status: {code: 200, message: OK}
- request:
    body: null
    headers:
      Accept: [application/json]
      Accept-Encoding: ['gzip, deflate']
      Connection: [keep-alive]
      Content-Type: [application/json; charset=utf-8]
      User-Agent: [python/3.5.0 (Windows-10.0.14393) requests/2.9.1 msrest/0.4.4 msrest_azure/0.4.7
          computemanagementclient/0.33.0 Azure-SDK-For-Python AZURECLI/TEST/0.1.1b3+dev]
      accept-language: [en-US]
      x-ms-client-request-id: [1099bcf0-e8e4-11e6-a663-64510658e3b3]
    method: GET
    uri: https://management.azure.com/subscriptions/00000000-0000-0000-0000-000000000000/resourceGroups/cli-test-disk/providers/Microsoft.Compute/virtualMachines/vm-datadisk-test?api-version=2016-04-30-preview
  response:
    body: {string: "{\r\n  \"properties\": {\r\n    \"vmId\": \"0e01907f-ba07-4547-ad60-19a109085636\"\
        ,\r\n    \"hardwareProfile\": {\r\n      \"vmSize\": \"Standard_DS1\"\r\n\
        \    },\r\n    \"storageProfile\": {\r\n      \"imageReference\": {\r\n  \
        \      \"publisher\": \"Canonical\",\r\n        \"offer\": \"UbuntuServer\"\
        ,\r\n        \"sku\": \"14.04.4-LTS\",\r\n        \"version\": \"latest\"\r\
        \n      },\r\n      \"osDisk\": {\r\n        \"osType\": \"Linux\",\r\n  \
        \      \"name\": \"osdisk_fWk5TWcBsy\",\r\n        \"createOption\": \"FromImage\"\
        ,\r\n        \"vhd\": {\r\n          \"uri\": \"https://vhdstorage4xan3wz004kgvi.blob.core.windows.net/vhds/osdisk_fWk5TWcBsy.vhd\"\
        \r\n        },\r\n        \"caching\": \"ReadWrite\"\r\n      },\r\n     \
        \ \"dataDisks\": []\r\n    },\r\n    \"osProfile\": {\r\n      \"computerName\"\
        : \"vm-datadisk-test\",\r\n      \"adminUsername\": \"yugangw\",\r\n     \
        \ \"linuxConfiguration\": {\r\n        \"disablePasswordAuthentication\":\
        \ true,\r\n        \"ssh\": {\r\n          \"publicKeys\": [\r\n         \
        \   {\r\n              \"path\": \"/home/yugangw/.ssh/authorized_keys\",\r\
        \n              \"keyData\": \"ssh-rsa AAAAB3NzaC1yc2EAAAADAQABAAABAQC8InHIPLAu6lMc0d+5voyXqigZfT5r6fAM1+FQAi+mkPDdk2hNq1BG0Bwfc88Gm7BImw8TS+x2bnZmhCbVnHd6BPCDY7a+cHCSqrQMW89Cv6Vl4ueGOeAWHpJTV9CTLVz4IY1x4HBdkLI2lKIHri9+z7NIdvFk7iOkMVGyez5H1xDbF2szURxgc4I2/o5wycSwX+G8DrtsBvWLmFv9YAPx+VkEHQDjR0WWezOjuo1rDn6MQfiKfqAjPuInwNOg5AIxXAOResrin2PUlArNtdDH1zlvI4RZi36+tJO7mtm3dJiKs4Sj7G6b1CjIU6aaj27MmKy3arIFChYav9yYM3IT\
        \ yugangw@microsoft.com\\n\"\r\n            }\r\n          ]\r\n        }\r\
        \n      },\r\n      \"secrets\": []\r\n    },\r\n    \"networkProfile\": {\"\
        networkInterfaces\":[{\"id\":\"/subscriptions/00000000-0000-0000-0000-000000000000/resourceGroups/cli-test-disk/providers/Microsoft.Network/networkInterfaces/vm-datadisk-testVMNic\"\
        }]},\r\n    \"provisioningState\": \"Succeeded\"\r\n  },\r\n  \"type\": \"\
        Microsoft.Compute/virtualMachines\",\r\n  \"location\": \"westus\",\r\n  \"\
        tags\": {},\r\n  \"id\": \"/subscriptions/00000000-0000-0000-0000-000000000000/resourceGroups/cli-test-disk/providers/Microsoft.Compute/virtualMachines/vm-datadisk-test\"\
        ,\r\n  \"name\": \"vm-datadisk-test\"\r\n}"}
    headers:
      Cache-Control: [no-cache]
      Content-Type: [application/json; charset=utf-8]
      Date: ['Thu, 02 Feb 2017 01:08:10 GMT']
      Expires: ['-1']
      Pragma: [no-cache]
      Server: [Microsoft-HTTPAPI/2.0, Microsoft-HTTPAPI/2.0]
      Strict-Transport-Security: [max-age=31536000; includeSubDomains]
      Transfer-Encoding: [chunked]
      Vary: [Accept-Encoding]
      content-length: ['1992']
    status: {code: 200, message: OK}
- request:
    body: '{"tags": {}, "location": "westus", "properties": {"storageProfile": {"imageReference":
      {"publisher": "Canonical", "offer": "UbuntuServer", "version": "latest", "sku":
      "14.04.4-LTS"}, "osDisk": {"osType": "Linux", "name": "osdisk_fWk5TWcBsy", "createOption":
      "fromImage", "vhd": {"uri": "https://vhdstorage4xan3wz004kgvi.blob.core.windows.net/vhds/osdisk_fWk5TWcBsy.vhd"},
      "caching": "ReadWrite"}, "dataDisks": [{"name": "d7", "createOption": "attach",
      "vhd": {"uri": "https://vhdstorage4xan3wz004kgvi.blob.core.windows.net/vhds/d7.vhd"},
      "caching": "ReadOnly", "lun": 0}]}, "hardwareProfile": {"vmSize": "Standard_DS1"},
      "networkProfile": {"networkInterfaces": [{"id": "/subscriptions/0b1f6471-1bf0-4dda-aec3-cb9272f09590/resourceGroups/cli-test-disk/providers/Microsoft.Network/networkInterfaces/vm-datadisk-testVMNic"}]},
      "osProfile": {"adminUsername": "yugangw", "secrets": [], "linuxConfiguration":
      {"disablePasswordAuthentication": true, "ssh": {"publicKeys": [{"keyData": "ssh-rsa
      AAAAB3NzaC1yc2EAAAADAQABAAABAQC8InHIPLAu6lMc0d+5voyXqigZfT5r6fAM1+FQAi+mkPDdk2hNq1BG0Bwfc88Gm7BImw8TS+x2bnZmhCbVnHd6BPCDY7a+cHCSqrQMW89Cv6Vl4ueGOeAWHpJTV9CTLVz4IY1x4HBdkLI2lKIHri9+z7NIdvFk7iOkMVGyez5H1xDbF2szURxgc4I2/o5wycSwX+G8DrtsBvWLmFv9YAPx+VkEHQDjR0WWezOjuo1rDn6MQfiKfqAjPuInwNOg5AIxXAOResrin2PUlArNtdDH1zlvI4RZi36+tJO7mtm3dJiKs4Sj7G6b1CjIU6aaj27MmKy3arIFChYav9yYM3IT
      yugangw@microsoft.com\n", "path": "/home/yugangw/.ssh/authorized_keys"}]}},
      "computerName": "vm-datadisk-test"}}}'
    headers:
      Accept: [application/json]
      Accept-Encoding: ['gzip, deflate']
      Connection: [keep-alive]
      Content-Length: ['1473']
      Content-Type: [application/json; charset=utf-8]
      User-Agent: [python/3.5.0 (Windows-10.0.14393) requests/2.9.1 msrest/0.4.4 msrest_azure/0.4.7
          computemanagementclient/0.33.0 Azure-SDK-For-Python AZURECLI/TEST/0.1.1b3+dev]
      accept-language: [en-US]
      x-ms-client-request-id: [10e1aeb0-e8e4-11e6-9d5e-64510658e3b3]
    method: PUT
    uri: https://management.azure.com/subscriptions/00000000-0000-0000-0000-000000000000/resourceGroups/cli-test-disk/providers/Microsoft.Compute/virtualMachines/vm-datadisk-test?api-version=2016-04-30-preview
  response:
    body: {string: "{\r\n  \"properties\": {\r\n    \"vmId\": \"0e01907f-ba07-4547-ad60-19a109085636\"\
        ,\r\n    \"hardwareProfile\": {\r\n      \"vmSize\": \"Standard_DS1\"\r\n\
        \    },\r\n    \"storageProfile\": {\r\n      \"imageReference\": {\r\n  \
        \      \"publisher\": \"Canonical\",\r\n        \"offer\": \"UbuntuServer\"\
        ,\r\n        \"sku\": \"14.04.4-LTS\",\r\n        \"version\": \"latest\"\r\
        \n      },\r\n      \"osDisk\": {\r\n        \"osType\": \"Linux\",\r\n  \
        \      \"name\": \"osdisk_fWk5TWcBsy\",\r\n        \"createOption\": \"FromImage\"\
        ,\r\n        \"vhd\": {\r\n          \"uri\": \"https://vhdstorage4xan3wz004kgvi.blob.core.windows.net/vhds/osdisk_fWk5TWcBsy.vhd\"\
        \r\n        },\r\n        \"caching\": \"ReadWrite\"\r\n      },\r\n     \
        \ \"dataDisks\": [\r\n        {\r\n          \"lun\": 0,\r\n          \"name\"\
        : \"d7\",\r\n          \"createOption\": \"Attach\",\r\n          \"vhd\"\
        : {\r\n            \"uri\": \"https://vhdstorage4xan3wz004kgvi.blob.core.windows.net/vhds/d7.vhd\"\
        \r\n          },\r\n          \"caching\": \"ReadOnly\"\r\n        }\r\n \
        \     ]\r\n    },\r\n    \"osProfile\": {\r\n      \"computerName\": \"vm-datadisk-test\"\
        ,\r\n      \"adminUsername\": \"yugangw\",\r\n      \"linuxConfiguration\"\
        : {\r\n        \"disablePasswordAuthentication\": true,\r\n        \"ssh\"\
        : {\r\n          \"publicKeys\": [\r\n            {\r\n              \"path\"\
        : \"/home/yugangw/.ssh/authorized_keys\",\r\n              \"keyData\": \"\
        ssh-rsa AAAAB3NzaC1yc2EAAAADAQABAAABAQC8InHIPLAu6lMc0d+5voyXqigZfT5r6fAM1+FQAi+mkPDdk2hNq1BG0Bwfc88Gm7BImw8TS+x2bnZmhCbVnHd6BPCDY7a+cHCSqrQMW89Cv6Vl4ueGOeAWHpJTV9CTLVz4IY1x4HBdkLI2lKIHri9+z7NIdvFk7iOkMVGyez5H1xDbF2szURxgc4I2/o5wycSwX+G8DrtsBvWLmFv9YAPx+VkEHQDjR0WWezOjuo1rDn6MQfiKfqAjPuInwNOg5AIxXAOResrin2PUlArNtdDH1zlvI4RZi36+tJO7mtm3dJiKs4Sj7G6b1CjIU6aaj27MmKy3arIFChYav9yYM3IT\
        \ yugangw@microsoft.com\\n\"\r\n            }\r\n          ]\r\n        }\r\
        \n      },\r\n      \"secrets\": []\r\n    },\r\n    \"networkProfile\": {\"\
        networkInterfaces\":[{\"id\":\"/subscriptions/00000000-0000-0000-0000-000000000000/resourceGroups/cli-test-disk/providers/Microsoft.Network/networkInterfaces/vm-datadisk-testVMNic\"\
        }]},\r\n    \"provisioningState\": \"Updating\"\r\n  },\r\n  \"type\": \"\
        Microsoft.Compute/virtualMachines\",\r\n  \"location\": \"westus\",\r\n  \"\
        tags\": {},\r\n  \"id\": \"/subscriptions/00000000-0000-0000-0000-000000000000/resourceGroups/cli-test-disk/providers/Microsoft.Compute/virtualMachines/vm-datadisk-test\"\
        ,\r\n  \"name\": \"vm-datadisk-test\"\r\n}"}
    headers:
      Azure-AsyncOperation: ['https://management.azure.com/subscriptions/0b1f6471-1bf0-4dda-aec3-cb9272f09590/providers/Microsoft.Compute/locations/westus/operations/4f427ed5-bb71-4d6c-9890-af6d440d880f?api-version=2016-04-30-preview']
      Cache-Control: [no-cache]
      Content-Type: [application/json; charset=utf-8]
      Date: ['Thu, 02 Feb 2017 01:08:11 GMT']
      Expires: ['-1']
      Pragma: [no-cache]
      Server: [Microsoft-HTTPAPI/2.0, Microsoft-HTTPAPI/2.0]
      Strict-Transport-Security: [max-age=31536000; includeSubDomains]
      Transfer-Encoding: [chunked]
      Vary: [Accept-Encoding]
      content-length: ['2260']
      x-ms-ratelimit-remaining-subscription-writes: ['1197']
    status: {code: 200, message: OK}
- request:
    body: null
    headers:
      Accept: [application/json]
      Accept-Encoding: ['gzip, deflate']
      Connection: [keep-alive]
      Content-Type: [application/json; charset=utf-8]
      User-Agent: [python/3.5.0 (Windows-10.0.14393) requests/2.9.1 msrest/0.4.4 msrest_azure/0.4.7
          computemanagementclient/0.33.0 Azure-SDK-For-Python AZURECLI/TEST/0.1.1b3+dev]
      accept-language: [en-US]
      x-ms-client-request-id: [10e1aeb0-e8e4-11e6-9d5e-64510658e3b3]
    method: GET
    uri: https://management.azure.com/subscriptions/00000000-0000-0000-0000-000000000000/providers/Microsoft.Compute/locations/westus/operations/4f427ed5-bb71-4d6c-9890-af6d440d880f?api-version=2016-04-30-preview
  response:
    body: {string: "{\r\n  \"startTime\": \"2017-02-02T01:08:12.1345502+00:00\",\r\
        \n  \"endTime\": \"2017-02-02T01:08:42.3230073+00:00\",\r\n  \"status\": \"\
        Succeeded\",\r\n  \"name\": \"4f427ed5-bb71-4d6c-9890-af6d440d880f\"\r\n}"}
    headers:
      Cache-Control: [no-cache]
      Content-Type: [application/json; charset=utf-8]
      Date: ['Thu, 02 Feb 2017 01:08:42 GMT']
      Expires: ['-1']
      Pragma: [no-cache]
      Server: [Microsoft-HTTPAPI/2.0, Microsoft-HTTPAPI/2.0]
      Strict-Transport-Security: [max-age=31536000; includeSubDomains]
      Transfer-Encoding: [chunked]
      Vary: [Accept-Encoding]
      content-length: ['184']
    status: {code: 200, message: OK}
- request:
    body: null
    headers:
      Accept: [application/json]
      Accept-Encoding: ['gzip, deflate']
      Connection: [keep-alive]
      Content-Type: [application/json; charset=utf-8]
      User-Agent: [python/3.5.0 (Windows-10.0.14393) requests/2.9.1 msrest/0.4.4 msrest_azure/0.4.7
          computemanagementclient/0.33.0 Azure-SDK-For-Python AZURECLI/TEST/0.1.1b3+dev]
      accept-language: [en-US]
      x-ms-client-request-id: [10e1aeb0-e8e4-11e6-9d5e-64510658e3b3]
    method: GET
    uri: https://management.azure.com/subscriptions/00000000-0000-0000-0000-000000000000/resourceGroups/cli-test-disk/providers/Microsoft.Compute/virtualMachines/vm-datadisk-test?api-version=2016-04-30-preview
  response:
    body: {string: "{\r\n  \"properties\": {\r\n    \"vmId\": \"0e01907f-ba07-4547-ad60-19a109085636\"\
        ,\r\n    \"hardwareProfile\": {\r\n      \"vmSize\": \"Standard_DS1\"\r\n\
        \    },\r\n    \"storageProfile\": {\r\n      \"imageReference\": {\r\n  \
        \      \"publisher\": \"Canonical\",\r\n        \"offer\": \"UbuntuServer\"\
        ,\r\n        \"sku\": \"14.04.4-LTS\",\r\n        \"version\": \"latest\"\r\
        \n      },\r\n      \"osDisk\": {\r\n        \"osType\": \"Linux\",\r\n  \
        \      \"name\": \"osdisk_fWk5TWcBsy\",\r\n        \"createOption\": \"FromImage\"\
        ,\r\n        \"vhd\": {\r\n          \"uri\": \"https://vhdstorage4xan3wz004kgvi.blob.core.windows.net/vhds/osdisk_fWk5TWcBsy.vhd\"\
        \r\n        },\r\n        \"caching\": \"ReadWrite\"\r\n      },\r\n     \
        \ \"dataDisks\": [\r\n        {\r\n          \"lun\": 0,\r\n          \"name\"\
        : \"d7\",\r\n          \"createOption\": \"Attach\",\r\n          \"vhd\"\
        : {\r\n            \"uri\": \"https://vhdstorage4xan3wz004kgvi.blob.core.windows.net/vhds/d7.vhd\"\
        \r\n          },\r\n          \"caching\": \"ReadOnly\"\r\n        }\r\n \
        \     ]\r\n    },\r\n    \"osProfile\": {\r\n      \"computerName\": \"vm-datadisk-test\"\
        ,\r\n      \"adminUsername\": \"yugangw\",\r\n      \"linuxConfiguration\"\
        : {\r\n        \"disablePasswordAuthentication\": true,\r\n        \"ssh\"\
        : {\r\n          \"publicKeys\": [\r\n            {\r\n              \"path\"\
        : \"/home/yugangw/.ssh/authorized_keys\",\r\n              \"keyData\": \"\
        ssh-rsa AAAAB3NzaC1yc2EAAAADAQABAAABAQC8InHIPLAu6lMc0d+5voyXqigZfT5r6fAM1+FQAi+mkPDdk2hNq1BG0Bwfc88Gm7BImw8TS+x2bnZmhCbVnHd6BPCDY7a+cHCSqrQMW89Cv6Vl4ueGOeAWHpJTV9CTLVz4IY1x4HBdkLI2lKIHri9+z7NIdvFk7iOkMVGyez5H1xDbF2szURxgc4I2/o5wycSwX+G8DrtsBvWLmFv9YAPx+VkEHQDjR0WWezOjuo1rDn6MQfiKfqAjPuInwNOg5AIxXAOResrin2PUlArNtdDH1zlvI4RZi36+tJO7mtm3dJiKs4Sj7G6b1CjIU6aaj27MmKy3arIFChYav9yYM3IT\
        \ yugangw@microsoft.com\\n\"\r\n            }\r\n          ]\r\n        }\r\
        \n      },\r\n      \"secrets\": []\r\n    },\r\n    \"networkProfile\": {\"\
        networkInterfaces\":[{\"id\":\"/subscriptions/00000000-0000-0000-0000-000000000000/resourceGroups/cli-test-disk/providers/Microsoft.Network/networkInterfaces/vm-datadisk-testVMNic\"\
        }]},\r\n    \"provisioningState\": \"Succeeded\"\r\n  },\r\n  \"type\": \"\
        Microsoft.Compute/virtualMachines\",\r\n  \"location\": \"westus\",\r\n  \"\
        tags\": {},\r\n  \"id\": \"/subscriptions/00000000-0000-0000-0000-000000000000/resourceGroups/cli-test-disk/providers/Microsoft.Compute/virtualMachines/vm-datadisk-test\"\
        ,\r\n  \"name\": \"vm-datadisk-test\"\r\n}"}
    headers:
      Cache-Control: [no-cache]
      Content-Type: [application/json; charset=utf-8]
      Date: ['Thu, 02 Feb 2017 01:08:42 GMT']
      Expires: ['-1']
      Pragma: [no-cache]
      Server: [Microsoft-HTTPAPI/2.0, Microsoft-HTTPAPI/2.0]
      Strict-Transport-Security: [max-age=31536000; includeSubDomains]
      Transfer-Encoding: [chunked]
      Vary: [Accept-Encoding]
      content-length: ['2261']
    status: {code: 200, message: OK}
- request:
    body: null
    headers:
      Accept: [application/json]
      Accept-Encoding: ['gzip, deflate']
      Connection: [keep-alive]
      Content-Type: [application/json; charset=utf-8]
      User-Agent: [python/3.5.0 (Windows-10.0.14393) requests/2.9.1 msrest/0.4.4 msrest_azure/0.4.7
          computemanagementclient/0.33.0 Azure-SDK-For-Python AZURECLI/TEST/0.1.1b3+dev]
      accept-language: [en-US]
      x-ms-client-request-id: [23fd08f4-e8e4-11e6-b6c9-64510658e3b3]
    method: GET
    uri: https://management.azure.com/subscriptions/00000000-0000-0000-0000-000000000000/resourceGroups/cli-test-disk/providers/Microsoft.Compute/virtualMachines/vm-datadisk-test?api-version=2016-04-30-preview
  response:
    body: {string: "{\r\n  \"properties\": {\r\n    \"vmId\": \"0e01907f-ba07-4547-ad60-19a109085636\"\
        ,\r\n    \"hardwareProfile\": {\r\n      \"vmSize\": \"Standard_DS1\"\r\n\
        \    },\r\n    \"storageProfile\": {\r\n      \"imageReference\": {\r\n  \
        \      \"publisher\": \"Canonical\",\r\n        \"offer\": \"UbuntuServer\"\
        ,\r\n        \"sku\": \"14.04.4-LTS\",\r\n        \"version\": \"latest\"\r\
        \n      },\r\n      \"osDisk\": {\r\n        \"osType\": \"Linux\",\r\n  \
        \      \"name\": \"osdisk_fWk5TWcBsy\",\r\n        \"createOption\": \"FromImage\"\
        ,\r\n        \"vhd\": {\r\n          \"uri\": \"https://vhdstorage4xan3wz004kgvi.blob.core.windows.net/vhds/osdisk_fWk5TWcBsy.vhd\"\
        \r\n        },\r\n        \"caching\": \"ReadWrite\"\r\n      },\r\n     \
        \ \"dataDisks\": [\r\n        {\r\n          \"lun\": 0,\r\n          \"name\"\
        : \"d7\",\r\n          \"createOption\": \"Attach\",\r\n          \"vhd\"\
        : {\r\n            \"uri\": \"https://vhdstorage4xan3wz004kgvi.blob.core.windows.net/vhds/d7.vhd\"\
        \r\n          },\r\n          \"caching\": \"ReadOnly\"\r\n        }\r\n \
        \     ]\r\n    },\r\n    \"osProfile\": {\r\n      \"computerName\": \"vm-datadisk-test\"\
        ,\r\n      \"adminUsername\": \"yugangw\",\r\n      \"linuxConfiguration\"\
        : {\r\n        \"disablePasswordAuthentication\": true,\r\n        \"ssh\"\
        : {\r\n          \"publicKeys\": [\r\n            {\r\n              \"path\"\
        : \"/home/yugangw/.ssh/authorized_keys\",\r\n              \"keyData\": \"\
        ssh-rsa AAAAB3NzaC1yc2EAAAADAQABAAABAQC8InHIPLAu6lMc0d+5voyXqigZfT5r6fAM1+FQAi+mkPDdk2hNq1BG0Bwfc88Gm7BImw8TS+x2bnZmhCbVnHd6BPCDY7a+cHCSqrQMW89Cv6Vl4ueGOeAWHpJTV9CTLVz4IY1x4HBdkLI2lKIHri9+z7NIdvFk7iOkMVGyez5H1xDbF2szURxgc4I2/o5wycSwX+G8DrtsBvWLmFv9YAPx+VkEHQDjR0WWezOjuo1rDn6MQfiKfqAjPuInwNOg5AIxXAOResrin2PUlArNtdDH1zlvI4RZi36+tJO7mtm3dJiKs4Sj7G6b1CjIU6aaj27MmKy3arIFChYav9yYM3IT\
        \ yugangw@microsoft.com\\n\"\r\n            }\r\n          ]\r\n        }\r\
        \n      },\r\n      \"secrets\": []\r\n    },\r\n    \"networkProfile\": {\"\
        networkInterfaces\":[{\"id\":\"/subscriptions/00000000-0000-0000-0000-000000000000/resourceGroups/cli-test-disk/providers/Microsoft.Network/networkInterfaces/vm-datadisk-testVMNic\"\
        }]},\r\n    \"provisioningState\": \"Succeeded\"\r\n  },\r\n  \"type\": \"\
        Microsoft.Compute/virtualMachines\",\r\n  \"location\": \"westus\",\r\n  \"\
        tags\": {},\r\n  \"id\": \"/subscriptions/00000000-0000-0000-0000-000000000000/resourceGroups/cli-test-disk/providers/Microsoft.Compute/virtualMachines/vm-datadisk-test\"\
        ,\r\n  \"name\": \"vm-datadisk-test\"\r\n}"}
    headers:
      Cache-Control: [no-cache]
      Content-Type: [application/json; charset=utf-8]
      Date: ['Thu, 02 Feb 2017 01:08:43 GMT']
      Expires: ['-1']
      Pragma: [no-cache]
      Server: [Microsoft-HTTPAPI/2.0, Microsoft-HTTPAPI/2.0]
      Strict-Transport-Security: [max-age=31536000; includeSubDomains]
      Transfer-Encoding: [chunked]
      Vary: [Accept-Encoding]
      content-length: ['2261']
    status: {code: 200, message: OK}
version: 1
