interactions:
- request:
    body: null
    headers:
      Accept: [application/json]
      Accept-Encoding: ['gzip, deflate']
      Connection: [keep-alive]
      Content-Type: [application/json; charset=utf-8]
      User-Agent: [python/3.5.1 (Windows-10-10.0.14393-SP0) requests/2.9.1 msrest/0.4.4
          msrest_azure/0.4.6 subscriptionclient/0.30.2 Azure-SDK-For-Python AZURECLI/TEST/0.1.0b11+dev]
      accept-language: [en-US]
      x-ms-client-request-id: [aecf8e26-dda8-11e6-8dc2-a0b3ccf7272a]
    method: GET
    uri: https://management.azure.com/subscriptions/00000000-0000-0000-0000-000000000000/locations?api-version=2016-06-01
  response:
    body: {string: '{"value":[{"id":"/subscriptions/00000000-0000-0000-0000-000000000000/locations/eastasia","name":"eastasia","displayName":"East
        Asia","longitude":"114.188","latitude":"22.267"},{"id":"/subscriptions/00000000-0000-0000-0000-000000000000/locations/southeastasia","name":"southeastasia","displayName":"Southeast
        Asia","longitude":"103.833","latitude":"1.283"},{"id":"/subscriptions/00000000-0000-0000-0000-000000000000/locations/centralus","name":"centralus","displayName":"Central
        US","longitude":"-93.6208","latitude":"41.5908"},{"id":"/subscriptions/00000000-0000-0000-0000-000000000000/locations/eastus","name":"eastus","displayName":"East
        US","longitude":"-79.8164","latitude":"37.3719"},{"id":"/subscriptions/00000000-0000-0000-0000-000000000000/locations/eastus2","name":"eastus2","displayName":"East
        US 2","longitude":"-78.3889","latitude":"36.6681"},{"id":"/subscriptions/00000000-0000-0000-0000-000000000000/locations/westus","name":"westus","displayName":"West
        US","longitude":"-122.417","latitude":"37.783"},{"id":"/subscriptions/00000000-0000-0000-0000-000000000000/locations/northcentralus","name":"northcentralus","displayName":"North
        Central US","longitude":"-87.6278","latitude":"41.8819"},{"id":"/subscriptions/00000000-0000-0000-0000-000000000000/locations/southcentralus","name":"southcentralus","displayName":"South
        Central US","longitude":"-98.5","latitude":"29.4167"},{"id":"/subscriptions/00000000-0000-0000-0000-000000000000/locations/northeurope","name":"northeurope","displayName":"North
        Europe","longitude":"-6.2597","latitude":"53.3478"},{"id":"/subscriptions/00000000-0000-0000-0000-000000000000/locations/westeurope","name":"westeurope","displayName":"West
        Europe","longitude":"4.9","latitude":"52.3667"},{"id":"/subscriptions/00000000-0000-0000-0000-000000000000/locations/japanwest","name":"japanwest","displayName":"Japan
        West","longitude":"135.5022","latitude":"34.6939"},{"id":"/subscriptions/00000000-0000-0000-0000-000000000000/locations/japaneast","name":"japaneast","displayName":"Japan
        East","longitude":"139.77","latitude":"35.68"},{"id":"/subscriptions/00000000-0000-0000-0000-000000000000/locations/brazilsouth","name":"brazilsouth","displayName":"Brazil
        South","longitude":"-46.633","latitude":"-23.55"},{"id":"/subscriptions/00000000-0000-0000-0000-000000000000/locations/australiaeast","name":"australiaeast","displayName":"Australia
        East","longitude":"151.2094","latitude":"-33.86"},{"id":"/subscriptions/00000000-0000-0000-0000-000000000000/locations/australiasoutheast","name":"australiasoutheast","displayName":"Australia
        Southeast","longitude":"144.9631","latitude":"-37.8136"},{"id":"/subscriptions/00000000-0000-0000-0000-000000000000/locations/southindia","name":"southindia","displayName":"South
        India","longitude":"80.1636","latitude":"12.9822"},{"id":"/subscriptions/00000000-0000-0000-0000-000000000000/locations/centralindia","name":"centralindia","displayName":"Central
        India","longitude":"73.9197","latitude":"18.5822"},{"id":"/subscriptions/00000000-0000-0000-0000-000000000000/locations/westindia","name":"westindia","displayName":"West
        India","longitude":"72.868","latitude":"19.088"},{"id":"/subscriptions/00000000-0000-0000-0000-000000000000/locations/canadacentral","name":"canadacentral","displayName":"Canada
        Central","longitude":"-79.383","latitude":"43.653"},{"id":"/subscriptions/00000000-0000-0000-0000-000000000000/locations/canadaeast","name":"canadaeast","displayName":"Canada
        East","longitude":"-71.217","latitude":"46.817"},{"id":"/subscriptions/00000000-0000-0000-0000-000000000000/locations/uksouth","name":"uksouth","displayName":"UK
        South","longitude":"-0.799","latitude":"50.941"},{"id":"/subscriptions/00000000-0000-0000-0000-000000000000/locations/ukwest","name":"ukwest","displayName":"UK
        West","longitude":"-3.084","latitude":"53.427"},{"id":"/subscriptions/00000000-0000-0000-0000-000000000000/locations/westcentralus","name":"westcentralus","displayName":"West
        Central US","longitude":"-110.234","latitude":"40.890"},{"id":"/subscriptions/00000000-0000-0000-0000-000000000000/locations/westus2","name":"westus2","displayName":"West
        US 2","longitude":"-119.852","latitude":"47.233"}]}'}
    headers:
      Cache-Control: [no-cache]
      Content-Type: [application/json; charset=utf-8]
      Date: ['Wed, 18 Jan 2017 18:05:23 GMT']
      Expires: ['-1']
      Pragma: [no-cache]
      Strict-Transport-Security: [max-age=31536000; includeSubDomains]
      Vary: [Accept-Encoding]
      content-length: ['4169']
    status: {code: 200, message: OK}
- request:
    body: null
    headers:
      Connection: [close]
      Host: [raw.githubusercontent.com]
      User-Agent: [Python-urllib/3.5]
    method: GET
    uri: https://raw.githubusercontent.com/Azure/azure-rest-api-specs/master/arm-compute/quickstart-templates/aliases.json
  response:
    body: {string: "{\n  \"$schema\":\"http://schema.management.azure.com/schemas/2015-01-01/deploymentTemplate.json\"\
        ,\n  \"contentVersion\":\"1.0.0.0\",\n  \"parameters\":{},\n  \"variables\"\
        :{},\n  \"resources\":[],\n\n  \"outputs\":{\n    \"aliases\":{\n      \"\
        metadata\":{\n        \"description\":\"This list of aliases is used by Azure\
        \ XPLAT CLI, Azure Powershell, and Azure Portal as shorthands for commonly\
        \ used VM images. If you change this file, please verify that this doesn't\
        \ break VMSS creation from Portal :).\"\n      },\n      \"type\":\"object\"\
        ,\n      \"value\":{\n\n        \"Linux\":{\n          \"CentOS\":{\n    \
        \        \"publisher\":\"OpenLogic\",\n            \"offer\":\"CentOS\",\n\
        \            \"sku\":\"7.2\",\n            \"version\":\"latest\"\n      \
        \    },\n          \"CoreOS\":{\n            \"publisher\":\"CoreOS\",\n \
        \           \"offer\":\"CoreOS\",\n            \"sku\":\"Stable\",\n     \
        \       \"version\":\"latest\"\n          },\n          \"Debian\":{\n   \
        \         \"publisher\":\"credativ\",\n            \"offer\":\"Debian\",\n\
        \            \"sku\":\"8\",\n            \"version\":\"latest\"\n        \
        \  },\n          \"openSUSE\":{\n            \"publisher\":\"SUSE\",\n   \
        \         \"offer\":\"openSUSE\",\n            \"sku\":\"13.2\",\n       \
        \     \"version\":\"latest\"\n          },\n          \"RHEL\":{\n       \
        \     \"publisher\":\"RedHat\",\n            \"offer\":\"RHEL\",\n       \
        \     \"sku\":\"7.2\",\n            \"version\":\"latest\"\n          },\n\
        \          \"SLES\":{\n            \"publisher\":\"SUSE\",\n            \"\
        offer\":\"SLES\",\n            \"sku\":\"12-SP1\",\n            \"version\"\
        :\"latest\"\n          },\n          \"UbuntuLTS\":{\n            \"publisher\"\
        :\"Canonical\",\n            \"offer\":\"UbuntuServer\",\n            \"sku\"\
        :\"14.04.4-LTS\",\n            \"version\":\"latest\"\n          }\n     \
        \   },\n\n        \"Windows\":{\n          \"Win2012R2Datacenter\":{\n   \
        \         \"publisher\":\"MicrosoftWindowsServer\",\n            \"offer\"\
        :\"WindowsServer\",\n            \"sku\":\"2012-R2-Datacenter\",\n       \
        \     \"version\":\"latest\"\n          },\n          \"Win2012Datacenter\"\
        :{\n            \"publisher\":\"MicrosoftWindowsServer\",\n            \"\
        offer\":\"WindowsServer\",\n            \"sku\":\"2012-Datacenter\",\n   \
        \         \"version\":\"latest\"\n          },\n          \"Win2008R2SP1\"\
        :{\n            \"publisher\":\"MicrosoftWindowsServer\",\n            \"\
        offer\":\"WindowsServer\",\n            \"sku\":\"2008-R2-SP1\",\n       \
        \     \"version\":\"latest\"\n          }\n        }\n      }\n    }\n  }\n\
        }\n"}
    headers:
      Accept-Ranges: [bytes]
      Access-Control-Allow-Origin: ['*']
      Cache-Control: [max-age=300]
      Connection: [close]
      Content-Length: ['2297']
      Content-Security-Policy: [default-src 'none'; style-src 'unsafe-inline']
      Content-Type: [text/plain; charset=utf-8]
      Date: ['Wed, 18 Jan 2017 18:05:24 GMT']
      ETag: ['"db78eb36618a060181b32ac2de91b1733f382e01"']
      Expires: ['Wed, 18 Jan 2017 18:10:24 GMT']
      Source-Age: ['0']
      Strict-Transport-Security: [max-age=31536000]
      Vary: ['Authorization,Accept-Encoding']
      Via: [1.1 varnish]
      X-Cache: [MISS]
      X-Cache-Hits: ['0']
      X-Content-Type-Options: [nosniff]
      X-Fastly-Request-ID: [4bdf77d93130bdb35def8b50c93a44eee78137cc]
      X-Frame-Options: [deny]
      X-Geo-Block-List: ['']
      X-GitHub-Request-Id: ['9B10:7FCA:5CE853:60FCE0:587FAE63']
      X-Served-By: [cache-den6026-DEN]
      X-Timer: ['S1484762724.122916,VS0,VE63']
      X-XSS-Protection: [1; mode=block]
    status: {code: 200, message: OK}
- request:
    body: null
    headers:
      Accept: [application/json]
      Accept-Encoding: ['gzip, deflate']
      Connection: [keep-alive]
      Content-Type: [application/json; charset=utf-8]
      User-Agent: [python/3.5.1 (Windows-10-10.0.14393-SP0) requests/2.9.1 msrest/0.4.4
          msrest_azure/0.4.6 resourcemanagementclient/0.30.2 Azure-SDK-For-Python
          AZURECLI/TEST/0.1.0b11+dev]
      accept-language: [en-US]
      x-ms-client-request-id: [af043bfa-dda8-11e6-9fec-a0b3ccf7272a]
    method: GET
    uri: https://management.azure.com/subscriptions/00000000-0000-0000-0000-000000000000/providers/Microsoft.Storage?api-version=2016-09-01
  response:
    body: {string: '{"id":"/subscriptions/00000000-0000-0000-0000-000000000000/providers/Microsoft.Storage","namespace":"Microsoft.Storage","resourceTypes":[{"resourceType":"storageAccounts","locations":["East
        US","East US 2","East US 2 (Stage)","West US","West Europe","East Asia","Southeast
        Asia","Japan East","Japan West","North Central US","South Central US","Central
        US","North Europe","Brazil South","Australia East","Australia Southeast","South
        India","Central India","West India","Canada East","Canada Central","West US
        2","West Central US","UK South","UK West"],"apiVersions":["2016-12-01","2016-05-01","2016-01-01","2015-06-15","2015-05-01-preview"],"capabilities":"CrossResourceGroupResourceMove,
        CrossSubscriptionResourceMove"},{"resourceType":"operations","locations":[],"apiVersions":["2016-12-01","2016-05-01","2016-01-01","2015-06-15","2015-05-01-preview"]},{"resourceType":"storageAccounts/listAccountSas","locations":[],"apiVersions":["2016-12-01","2016-05-01"]},{"resourceType":"usages","locations":[],"apiVersions":["2016-12-01","2016-05-01","2016-01-01","2015-06-15","2015-05-01-preview"]},{"resourceType":"checkNameAvailability","locations":[],"apiVersions":["2016-12-01","2016-05-01","2016-01-01","2015-06-15","2015-05-01-preview"]},{"resourceType":"storageAccounts/services","locations":["East
        US","West US","East US 2 (Stage)","West Europe","North Europe","East Asia","Southeast
        Asia","Japan East","Japan West","North Central US","South Central US","East
        US 2","Central US","Australia East","Australia Southeast","Brazil South","South
        India","Central India","West India","Canada East","Canada Central","West US
        2","West Central US","UK South","UK West"],"apiVersions":["2014-04-01"]},{"resourceType":"storageAccounts/services/metricDefinitions","locations":["East
        US","West US","East US 2 (Stage)","West Europe","North Europe","East Asia","Southeast
        Asia","Japan East","Japan West","North Central US","South Central US","East
        US 2","Central US","Australia East","Australia Southeast","Brazil South","South
        India","Central India","West India","Canada East","Canada Central","West US
        2","West Central US","UK South","UK West"],"apiVersions":["2014-04-01"]}],"registrationState":"Registered"}'}
    headers:
      Cache-Control: [no-cache]
      Content-Type: [application/json; charset=utf-8]
      Date: ['Wed, 18 Jan 2017 18:05:23 GMT']
      Expires: ['-1']
      Pragma: [no-cache]
      Strict-Transport-Security: [max-age=31536000; includeSubDomains]
      Vary: [Accept-Encoding]
      content-length: ['2194']
    status: {code: 200, message: OK}
- request:
    body: null
    headers:
      Accept: [application/json]
      Accept-Encoding: ['gzip, deflate']
      Connection: [keep-alive]
      Content-Type: [application/json; charset=utf-8]
      User-Agent: [python/3.5.1 (Windows-10-10.0.14393-SP0) requests/2.9.1 msrest/0.4.4
          msrest_azure/0.4.6 resourcemanagementclient/0.30.2 Azure-SDK-For-Python
          AZURECLI/TEST/0.1.0b11+dev]
      accept-language: [en-US]
      x-ms-client-request-id: [af12965e-dda8-11e6-ac56-a0b3ccf7272a]
    method: GET
    uri: https://management.azure.com/subscriptions/00000000-0000-0000-0000-000000000000/resourcegroups/cli_test_vm_create_existing/providers/Microsoft.Storage/storageAccounts/azureclivrfstorage0011?api-version=2016-12-01
  response:
    body: {string: '{"id":"/subscriptions/00000000-0000-0000-0000-000000000000/resourceGroups/cli_test_vm_create_existing/providers/Microsoft.Storage/storageAccounts/azureclivrfstorage0011","kind":"Storage","location":"westus","name":"azureclivrfstorage0011","properties":{"creationTime":"2017-01-18T18:03:54.7411420Z","primaryEndpoints":{"blob":"https://azureclivrfstorage0011.blob.core.windows.net/","file":"https://azureclivrfstorage0011.file.core.windows.net/","queue":"https://azureclivrfstorage0011.queue.core.windows.net/","table":"https://azureclivrfstorage0011.table.core.windows.net/"},"primaryLocation":"westus","provisioningState":"Succeeded","statusOfPrimary":"available","supportsHttpsTrafficOnly":false},"sku":{"name":"Standard_LRS","tier":"Standard"},"tags":{},"type":"Microsoft.Storage/storageAccounts"}

        '}
    headers:
      Cache-Control: [no-cache]
      Content-Type: [application/json]
      Date: ['Wed, 18 Jan 2017 18:05:24 GMT']
      Expires: ['-1']
      Pragma: [no-cache]
      Server: [Microsoft-Azure-Storage-Resource-Provider/1.0, Microsoft-HTTPAPI/2.0]
      Strict-Transport-Security: [max-age=31536000; includeSubDomains]
      Transfer-Encoding: [chunked]
      Vary: [Accept-Encoding]
      content-length: ['807']
    status: {code: 200, message: OK}
- request:
    body: null
    headers:
      Accept: [application/json]
      Accept-Encoding: ['gzip, deflate']
      Connection: [keep-alive]
      Content-Type: [application/json; charset=utf-8]
      User-Agent: [python/3.5.1 (Windows-10-10.0.14393-SP0) requests/2.9.1 msrest/0.4.4
          msrest_azure/0.4.6 resourcemanagementclient/0.30.2 Azure-SDK-For-Python
          AZURECLI/TEST/0.1.0b11+dev]
      accept-language: [en-US]
      x-ms-client-request-id: [af5319e2-dda8-11e6-9b1b-a0b3ccf7272a]
    method: GET
    uri: https://management.azure.com/subscriptions/00000000-0000-0000-0000-000000000000/providers/Microsoft.Compute?api-version=2016-09-01
  response:
    body: {string: '{"id":"/subscriptions/00000000-0000-0000-0000-000000000000/providers/Microsoft.Compute","namespace":"Microsoft.Compute","authorization":{"applicationId":"60e6cd67-9c8c-4951-9b3c-23c25a2169af","roleDefinitionId":"e4770acb-272e-4dc8-87f3-12f44a612224"},"resourceTypes":[{"resourceType":"availabilitySets","locations":["East
        US","East US 2","West US","Central US","North Central US","South Central US","North
        Europe","West Europe","East Asia","Southeast Asia","Japan East","Japan West","Australia
        East","Australia Southeast","Brazil South","South India","Central India","West
        India","Canada Central","Canada East","West US 2","West Central US","UK South","UK
        West"],"apiVersions":["2016-08-30","2016-03-30","2015-06-15","2015-05-01-preview"],"capabilities":"CrossResourceGroupResourceMove,
        CrossSubscriptionResourceMove"},{"resourceType":"virtualMachines","locations":["East
        US","East US 2","West US","Central US","North Central US","South Central US","North
        Europe","West Europe","East Asia","Southeast Asia","Japan East","Japan West","Australia
        East","Australia Southeast","Brazil South","South India","Central India","West
        India","Canada Central","Canada East","West US 2","West Central US","UK South","UK
        West"],"apiVersions":["2016-08-30","2016-03-30","2015-06-15","2015-05-01-preview"],"capabilities":"CrossResourceGroupResourceMove,
        CrossSubscriptionResourceMove, SystemAssignedResourceIdentity"},{"resourceType":"virtualMachines/extensions","locations":["East
        US","East US 2","West US","Central US","North Central US","South Central US","North
        Europe","West Europe","East Asia","Southeast Asia","Japan East","Japan West","Australia
        East","Australia Southeast","Brazil South","South India","Central India","West
        India","Canada Central","Canada East","West US 2","West Central US","UK South","UK
        West"],"apiVersions":["2016-08-30","2016-03-30","2015-06-15","2015-05-01-preview"],"capabilities":"CrossResourceGroupResourceMove,
        CrossSubscriptionResourceMove"},{"resourceType":"virtualMachineScaleSets","locations":["East
        US","East US 2","West US","Central US","North Central US","South Central US","North
        Europe","West Europe","East Asia","Southeast Asia","Japan East","Japan West","Australia
        East","Australia Southeast","Brazil South","South India","Central India","West
        India","Canada Central","Canada East","West US 2","West Central US","UK South","UK
        West"],"apiVersions":["2016-08-30","2016-03-30","2015-06-15","2015-05-01-preview"],"capabilities":"CrossResourceGroupResourceMove,
        CrossSubscriptionResourceMove"},{"resourceType":"virtualMachineScaleSets/extensions","locations":["East
        US","East US 2","West US","Central US","North Central US","South Central US","North
        Europe","West Europe","East Asia","Southeast Asia","Japan East","Japan West","Australia
        East","Australia Southeast","Brazil South","South India","Central India","West
        India","Canada Central","Canada East","West US 2","West Central US","UK South","UK
        West"],"apiVersions":["2016-08-30","2016-03-30","2015-06-15","2015-05-01-preview"],"capabilities":"CrossResourceGroupResourceMove,
        CrossSubscriptionResourceMove"},{"resourceType":"virtualMachineScaleSets/virtualMachines","locations":["East
        US","East US 2","West US","Central US","North Central US","South Central US","North
        Europe","West Europe","East Asia","Southeast Asia","Japan East","Japan West","Australia
        East","Australia Southeast","Brazil South","South India","Central India","West
        India","Canada Central","Canada East","West US 2","West Central US","UK South","UK
        West"],"apiVersions":["2016-08-30","2016-03-30","2015-06-15","2015-05-01-preview"]},{"resourceType":"virtualMachineScaleSets/networkInterfaces","locations":["East
        US","East US 2","West US","Central US","North Central US","South Central US","North
        Europe","West Europe","East Asia","Southeast Asia","Japan East","Japan West","Australia
        East","Australia Southeast","Brazil South","South India","Central India","West
        India","Canada Central","Canada East","West US 2","West Central US","UK South","UK
        West"],"apiVersions":["2016-09-01","2016-08-01","2016-07-01","2016-06-01","2016-03-30","2015-06-15","2015-05-01-preview"]},{"resourceType":"virtualMachineScaleSets/virtualMachines/networkInterfaces","locations":["East
        US","East US 2","West US","Central US","North Central US","South Central US","North
        Europe","West Europe","East Asia","Southeast Asia","Japan East","Japan West","Australia
        East","Australia Southeast","Brazil South","South India","Central India","West
        India","Canada Central","Canada East","West US 2","West Central US","UK South","UK
        West"],"apiVersions":["2016-09-01","2016-08-01","2016-07-01","2016-06-01","2016-03-30","2015-06-15","2015-05-01-preview"]},{"resourceType":"locations","locations":[],"apiVersions":["2016-08-30","2016-04-30-preview","2016-03-30","2015-06-15","2015-05-01-preview"]},{"resourceType":"locations/operations","locations":["East
        US","East US 2","West US","Central US","North Central US","South Central US","North
        Europe","West Europe","East Asia","Southeast Asia","Japan East","Japan West","Australia
        East","Australia Southeast","Brazil South","South India","Central India","West
        India","Canada Central","Canada East","West US 2","West Central US","UK South","UK
        West"],"apiVersions":["2016-08-30","2016-03-30","2015-06-15","2015-05-01-preview"]},{"resourceType":"locations/vmSizes","locations":["East
        US","East US 2","West US","Central US","North Central US","South Central US","North
        Europe","West Europe","East Asia","Southeast Asia","Japan East","Japan West","Australia
        East","Australia Southeast","Brazil South","South India","Central India","West
        India","Canada Central","Canada East","West US 2","West Central US","UK South","UK
        West"],"apiVersions":["2016-08-30","2016-03-30","2015-06-15","2015-05-01-preview"]},{"resourceType":"locations/usages","locations":["East
        US","East US 2","West US","Central US","North Central US","South Central US","North
        Europe","West Europe","East Asia","Southeast Asia","Japan East","Japan West","Australia
        East","Australia Southeast","Brazil South","South India","Central India","West
        India","Canada Central","Canada East","West US 2","West Central US","UK South","UK
        West"],"apiVersions":["2016-08-30","2016-03-30","2015-06-15","2015-05-01-preview"]},{"resourceType":"locations/virtualMachines","locations":["East
        US","East US 2","West US","Central US","North Central US","South Central US","North
        Europe","West Europe","East Asia","Southeast Asia","Japan East","Japan West","Australia
        East","Australia Southeast","Brazil South","South India","Central India","West
        India","Canada Central","Canada East","West US 2","West Central US","UK South","UK
        West"],"apiVersions":["2016-08-30","2016-03-30","2015-06-15","2015-05-01-preview"]},{"resourceType":"locations/publishers","locations":["East
        US","East US 2","West US","Central US","North Central US","South Central US","North
        Europe","West Europe","East Asia","Southeast Asia","Japan East","Japan West","Australia
        East","Australia Southeast","Brazil South","South India","Central India","West
        India","Canada Central","Canada East","West US 2","West Central US","UK South","UK
        West"],"apiVersions":["2016-08-30","2016-03-30","2015-06-15","2015-05-01-preview"]},{"resourceType":"operations","locations":["East
        US","East US 2","West US","Central US","North Central US","South Central US","North
        Europe","West Europe","East Asia","Southeast Asia","Japan East","Japan West","Australia
        East","Australia Southeast","Brazil South","South India","Central India","West
        India","Canada Central","Canada East","West US 2","West Central US","UK South","UK
        West"],"apiVersions":["2016-08-30","2016-03-30","2015-06-15","2015-05-01-preview"]},{"resourceType":"disks","locations":["Southeast
        Asia","East US 2","Central US","West Europe"],"apiVersions":["2016-04-30-preview"],"capabilities":"None"},{"resourceType":"snapshots","locations":["Southeast
        Asia","East US 2","Central US","West Europe"],"apiVersions":["2016-04-30-preview"],"capabilities":"None"},{"resourceType":"locations/diskoperations","locations":["Southeast
        Asia","East US 2","Central US","West Europe"],"apiVersions":["2016-04-30-preview"]},{"resourceType":"virtualMachines/diagnosticSettings","locations":["East
        US","East US 2","West US","Central US","North Central US","South Central US","North
        Europe","West Europe","East Asia","Southeast Asia","Japan East","Japan West","Australia
        East","Australia Southeast","Brazil South","South India","Central India","West
        India","Canada Central","Canada East","West US 2","West Central US","UK South","UK
        West"],"apiVersions":["2014-04-01"]},{"resourceType":"virtualMachines/metricDefinitions","locations":["East
        US","East US 2","West US","Central US","North Central US","South Central US","North
        Europe","West Europe","East Asia","Southeast Asia","Japan East","Japan West","Australia
        East","Australia Southeast","Brazil South","South India","Central India","West
        India","Canada Central","Canada East","West US 2","West Central US","UK South","UK
        West"],"apiVersions":["2014-04-01"]}],"registrationState":"Registered"}'}
    headers:
      Cache-Control: [no-cache]
      Content-Type: [application/json; charset=utf-8]
      Date: ['Wed, 18 Jan 2017 18:05:24 GMT']
      Expires: ['-1']
      Pragma: [no-cache]
      Strict-Transport-Security: [max-age=31536000; includeSubDomains]
      Vary: [Accept-Encoding]
      content-length: ['9039']
    status: {code: 200, message: OK}
- request:
    body: null
    headers:
      Accept: [application/json]
      Accept-Encoding: ['gzip, deflate']
      Connection: [keep-alive]
      Content-Type: [application/json; charset=utf-8]
      User-Agent: [python/3.5.1 (Windows-10-10.0.14393-SP0) requests/2.9.1 msrest/0.4.4
          msrest_azure/0.4.6 resourcemanagementclient/0.30.2 Azure-SDK-For-Python
          AZURECLI/TEST/0.1.0b11+dev]
      accept-language: [en-US]
      x-ms-client-request-id: [af656c8c-dda8-11e6-a3f1-a0b3ccf7272a]
    method: GET
    uri: https://management.azure.com/subscriptions/00000000-0000-0000-0000-000000000000/resourcegroups/cli_test_vm_create_existing/providers/Microsoft.Compute/availabilitySets/vrfavailset?api-version=2016-08-30
  response:
    body: {string: "{\r\n  \"properties\": {\r\n    \"platformUpdateDomainCount\"\
        : 5,\r\n    \"platformFaultDomainCount\": 3,\r\n    \"virtualMachines\": []\r\
        \n  },\r\n  \"type\": \"Microsoft.Compute/availabilitySets\",\r\n  \"location\"\
        : \"westus\",\r\n  \"tags\": {},\r\n  \"id\": \"/subscriptions/00000000-0000-0000-0000-000000000000/resourceGroups/cli_test_vm_create_existing/providers/Microsoft.Compute/availabilitySets/vrfavailset\"\
        ,\r\n  \"name\": \"vrfavailset\"\r\n}"}
    headers:
      Cache-Control: [no-cache]
      Content-Type: [application/json; charset=utf-8]
      Date: ['Wed, 18 Jan 2017 18:05:24 GMT']
      Expires: ['-1']
      Pragma: [no-cache]
      Server: [Microsoft-HTTPAPI/2.0, Microsoft-HTTPAPI/2.0]
      Strict-Transport-Security: [max-age=31536000; includeSubDomains]
      Transfer-Encoding: [chunked]
      Vary: [Accept-Encoding]
      content-length: ['413']
    status: {code: 200, message: OK}
- request:
    body: null
    headers:
      Accept: [application/json]
      Accept-Encoding: ['gzip, deflate']
      Connection: [keep-alive]
      Content-Type: [application/json; charset=utf-8]
      User-Agent: [python/3.5.1 (Windows-10-10.0.14393-SP0) requests/2.9.1 msrest/0.4.4
          msrest_azure/0.4.6 resourcemanagementclient/0.30.2 Azure-SDK-For-Python
          AZURECLI/TEST/0.1.0b11+dev]
      accept-language: [en-US]
      x-ms-client-request-id: [af8640c2-dda8-11e6-b931-a0b3ccf7272a]
    method: GET
    uri: https://management.azure.com/subscriptions/00000000-0000-0000-0000-000000000000/providers/Microsoft.Network?api-version=2016-09-01
  response:
    body: {string: '{"id":"/subscriptions/00000000-0000-0000-0000-000000000000/providers/Microsoft.Network","namespace":"Microsoft.Network","authorization":{"applicationId":"2cf9eb86-36b5-49dc-86ae-9a63135dfa8c","roleDefinitionId":"13ba9ab4-19f0-4804-adc4-14ece36cc7a1"},"resourceTypes":[{"resourceType":"virtualNetworks","locations":["West
        US","East US","North Europe","West Europe","East Asia","Southeast Asia","North
        Central US","South Central US","Central US","East US 2","Japan East","Japan
        West","Brazil South","Australia East","Australia Southeast","Central India","South
        India","Canada Central","Canada East","West Central US","West US 2","UK West","UK
        South"],"apiVersions":["2016-10-01","2016-09-01","2016-08-01","2016-07-01","2016-06-01","2016-03-30","2015-06-15","2015-05-01-preview","2014-12-01-preview"],"capabilities":"CrossResourceGroupResourceMove,
        CrossSubscriptionResourceMove"},{"resourceType":"publicIPAddresses","locations":["West
        US","East US","North Europe","West Europe","East Asia","Southeast Asia","North
        Central US","South Central US","Central US","East US 2","Japan East","Japan
        West","Brazil South","Australia East","Australia Southeast","Central India","South
        India","Canada Central","Canada East","West Central US","West US 2","UK West","UK
        South"],"apiVersions":["2016-10-01","2016-09-01","2016-08-01","2016-07-01","2016-06-01","2016-03-30","2015-06-15","2015-05-01-preview","2014-12-01-preview"],"capabilities":"CrossResourceGroupResourceMove,
        CrossSubscriptionResourceMove"},{"resourceType":"networkInterfaces","locations":["West
        US","East US","North Europe","West Europe","East Asia","Southeast Asia","North
        Central US","South Central US","Central US","East US 2","Japan East","Japan
        West","Brazil South","Australia East","Australia Southeast","Central India","South
        India","Canada Central","Canada East","West Central US","West US 2","UK West","UK
        South"],"apiVersions":["2016-10-01","2016-09-01","2016-08-01","2016-07-01","2016-06-01","2016-03-30","2015-06-15","2015-05-01-preview","2014-12-01-preview"],"capabilities":"CrossResourceGroupResourceMove,
        CrossSubscriptionResourceMove"},{"resourceType":"loadBalancers","locations":["West
        US","East US","North Europe","West Europe","East Asia","Southeast Asia","North
        Central US","South Central US","Central US","East US 2","Japan East","Japan
        West","Brazil South","Australia East","Australia Southeast","Central India","South
        India","Canada Central","Canada East","West Central US","West US 2","UK West","UK
        South"],"apiVersions":["2016-10-01","2016-09-01","2016-08-01","2016-07-01","2016-06-01","2016-03-30","2015-06-15","2015-05-01-preview","2014-12-01-preview"],"capabilities":"CrossResourceGroupResourceMove,
        CrossSubscriptionResourceMove"},{"resourceType":"networkSecurityGroups","locations":["West
        US","East US","North Europe","West Europe","East Asia","Southeast Asia","North
        Central US","South Central US","Central US","East US 2","Japan East","Japan
        West","Brazil South","Australia East","Australia Southeast","Central India","South
        India","Canada Central","Canada East","West Central US","West US 2","UK West","UK
        South"],"apiVersions":["2016-10-01","2016-09-01","2016-08-01","2016-07-01","2016-06-01","2016-03-30","2015-06-15","2015-05-01-preview","2014-12-01-preview"],"capabilities":"CrossResourceGroupResourceMove,
        CrossSubscriptionResourceMove"},{"resourceType":"routeTables","locations":["West
        US","East US","North Europe","West Europe","East Asia","Southeast Asia","North
        Central US","South Central US","Central US","East US 2","Japan East","Japan
        West","Brazil South","Australia East","Australia Southeast","Central India","South
        India","Canada Central","Canada East","West Central US","West US 2","UK West","UK
        South"],"apiVersions":["2016-10-01","2016-09-01","2016-08-01","2016-07-01","2016-06-01","2016-03-30","2015-06-15","2015-05-01-preview","2014-12-01-preview"],"capabilities":"CrossResourceGroupResourceMove,
        CrossSubscriptionResourceMove"},{"resourceType":"virtualNetworkGateways","locations":["West
        US","East US","North Europe","West Europe","East Asia","Southeast Asia","North
        Central US","South Central US","Central US","East US 2","Japan East","Japan
        West","Brazil South","Australia East","Australia Southeast","Central India","South
        India","Canada Central","Canada East","West Central US","West US 2","UK West","UK
        South"],"apiVersions":["2016-10-01","2016-09-01","2016-08-01","2016-07-01","2016-06-01","2016-03-30","2015-06-15","2015-05-01-preview","2014-12-01-preview"],"capabilities":"None"},{"resourceType":"localNetworkGateways","locations":["West
        US","East US","North Europe","West Europe","East Asia","Southeast Asia","North
        Central US","South Central US","Central US","East US 2","Japan East","Japan
        West","Brazil South","Australia East","Australia Southeast","Central India","South
        India","Canada Central","Canada East","West Central US","West US 2","UK West","UK
        South"],"apiVersions":["2016-10-01","2016-09-01","2016-08-01","2016-07-01","2016-06-01","2016-03-30","2015-06-15","2015-05-01-preview","2014-12-01-preview"],"capabilities":"None"},{"resourceType":"connections","locations":["West
        US","East US","North Europe","West Europe","East Asia","Southeast Asia","North
        Central US","South Central US","Central US","East US 2","Japan East","Japan
        West","Brazil South","Australia East","Australia Southeast","Central India","South
        India","Canada Central","Canada East","West Central US","West US 2","UK West","UK
        South"],"apiVersions":["2016-10-01","2016-09-01","2016-08-01","2016-07-01","2016-06-01","2016-03-30","2015-06-15","2015-05-01-preview","2014-12-01-preview"],"capabilities":"None"},{"resourceType":"applicationGateways","locations":["West
        US","East US","North Europe","West Europe","East Asia","Southeast Asia","North
        Central US","South Central US","Central US","East US 2","Japan East","Japan
        West","Brazil South","Australia East","Australia Southeast","Central India","South
        India","Canada Central","Canada East","West Central US","West US 2","UK West","UK
        South"],"apiVersions":["2016-10-01","2016-09-01","2016-08-01","2016-07-01","2016-06-01","2016-03-30","2015-06-15","2015-05-01-preview","2014-12-01-preview"],"capabilities":"None"},{"resourceType":"locations","locations":[],"apiVersions":["2016-10-01","2016-09-01","2016-08-01","2016-07-01","2016-06-01","2016-03-30","2015-06-15","2015-05-01-preview","2014-12-01-preview"]},{"resourceType":"locations/operations","locations":[],"apiVersions":["2016-11-01","2016-10-01","2016-09-01","2016-08-01","2016-07-01","2016-06-01","2016-03-30","2015-06-15","2015-05-01-preview","2014-12-01-preview"]},{"resourceType":"locations/operationResults","locations":[],"apiVersions":["2016-11-01","2016-10-01","2016-09-01","2016-08-01","2016-07-01","2016-06-01","2016-03-30","2015-06-15","2015-05-01-preview","2014-12-01-preview"]},{"resourceType":"locations/CheckDnsNameAvailability","locations":["West
        US","East US","North Europe","West Europe","East Asia","Southeast Asia","North
        Central US","South Central US","Central US","East US 2","Japan East","Japan
        West","Brazil South","Australia East","Australia Southeast","Central India","South
        India","Canada Central","Canada East","West Central US","West US 2","UK West","UK
        South"],"apiVersions":["2016-10-01","2016-09-01","2016-08-01","2016-07-01","2016-06-01","2016-03-30","2015-06-15","2015-05-01-preview","2014-12-01-preview"]},{"resourceType":"locations/usages","locations":["West
        US","East US","North Europe","West Europe","East Asia","Southeast Asia","North
        Central US","South Central US","Central US","East US 2","Japan East","Japan
        West","Brazil South","Australia East","Australia Southeast","Central India","South
        India","Canada Central","Canada East","West Central US","West US 2","UK West","UK
        South"],"apiVersions":["2016-10-01","2016-09-01","2016-08-01","2016-07-01","2016-06-01","2016-03-30","2015-06-15","2015-05-01-preview","2014-12-01-preview"]},{"resourceType":"operations","locations":[],"apiVersions":["2016-10-01","2016-09-01","2016-08-01","2016-07-01","2016-06-01","2016-03-30","2015-06-15","2015-05-01-preview","2014-12-01-preview"]},{"resourceType":"dnszones","locations":["global"],"apiVersions":["2016-04-01","2015-05-04-preview"],"capabilities":"CrossResourceGroupResourceMove,
        CrossSubscriptionResourceMove"},{"resourceType":"dnsOperationResults","locations":["global"],"apiVersions":["2016-04-01"]},{"resourceType":"dnsOperationStatuses","locations":["global"],"apiVersions":["2016-04-01"]},{"resourceType":"dnszones/A","locations":["global"],"apiVersions":["2016-04-01","2015-05-04-preview"]},{"resourceType":"dnszones/AAAA","locations":["global"],"apiVersions":["2016-04-01","2015-05-04-preview"]},{"resourceType":"dnszones/CNAME","locations":["global"],"apiVersions":["2016-04-01","2015-05-04-preview"]},{"resourceType":"dnszones/PTR","locations":["global"],"apiVersions":["2016-04-01","2015-05-04-preview"]},{"resourceType":"dnszones/MX","locations":["global"],"apiVersions":["2016-04-01","2015-05-04-preview"]},{"resourceType":"dnszones/TXT","locations":["global"],"apiVersions":["2016-04-01","2015-05-04-preview"]},{"resourceType":"dnszones/SRV","locations":["global"],"apiVersions":["2016-04-01","2015-05-04-preview"]},{"resourceType":"trafficmanagerprofiles","locations":["global"],"apiVersions":["2015-11-01","2015-04-28-preview"],"capabilities":"CrossResourceGroupResourceMove,
        CrossSubscriptionResourceMove"},{"resourceType":"checkTrafficManagerNameAvailability","locations":["global"],"apiVersions":["2015-11-01","2015-04-28-preview"]},{"resourceType":"expressRouteCircuits","locations":["West
        US","East US","North Europe","West Europe","East Asia","Southeast Asia","North
        Central US","South Central US","Central US","East US 2","Japan East","Japan
        West","Brazil South","Australia East","Australia Southeast","Central India","South
        India","Canada Central","Canada East","West Central US","West US 2","UK West","UK
        South"],"apiVersions":["2016-10-01","2016-09-01","2016-08-01","2016-07-01","2016-06-01","2016-03-30","2015-06-15","2015-05-01-preview","2014-12-01-preview"],"capabilities":"None"},{"resourceType":"expressRouteServiceProviders","locations":[],"apiVersions":["2016-10-01","2016-09-01","2016-08-01","2016-07-01","2016-06-01","2016-03-30","2015-06-15","2015-05-01-preview","2014-12-01-preview"]}],"registrationState":"Registered"}'}
    headers:
      Cache-Control: [no-cache]
      Content-Type: [application/json; charset=utf-8]
      Date: ['Wed, 18 Jan 2017 18:05:24 GMT']
      Expires: ['-1']
      Pragma: [no-cache]
      Strict-Transport-Security: [max-age=31536000; includeSubDomains]
      Vary: [Accept-Encoding]
      content-length: ['10289']
    status: {code: 200, message: OK}
- request:
    body: null
    headers:
      Accept: [application/json]
      Accept-Encoding: ['gzip, deflate']
      Connection: [keep-alive]
      Content-Type: [application/json; charset=utf-8]
      User-Agent: [python/3.5.1 (Windows-10-10.0.14393-SP0) requests/2.9.1 msrest/0.4.4
          msrest_azure/0.4.6 resourcemanagementclient/0.30.2 Azure-SDK-For-Python
          AZURECLI/TEST/0.1.0b11+dev]
      accept-language: [en-US]
      x-ms-client-request-id: [af9cb2ec-dda8-11e6-b052-a0b3ccf7272a]
    method: GET
    uri: https://management.azure.com/subscriptions/00000000-0000-0000-0000-000000000000/resourcegroups/cli_test_vm_create_existing/providers/Microsoft.Network/virtualNetworks/vrfvnet/subnets/vrfsubnet?api-version=2016-10-01
  response:
    body: {string: "{\r\n  \"name\": \"vrfsubnet\",\r\n  \"id\": \"/subscriptions/00000000-0000-0000-0000-000000000000/resourceGroups/cli_test_vm_create_existing/providers/Microsoft.Network/virtualNetworks/vrfvnet/subnets/vrfsubnet\"\
        ,\r\n  \"etag\": \"W/\\\"6360eada-666d-44d8-8f85-b8a133ba03af\\\"\",\r\n \
        \ \"properties\": {\r\n    \"provisioningState\": \"Succeeded\",\r\n    \"\
        addressPrefix\": \"10.0.0.0/24\"\r\n  }\r\n}"}
    headers:
      Cache-Control: [no-cache]
      Content-Type: [application/json; charset=utf-8]
      Date: ['Wed, 18 Jan 2017 18:05:24 GMT']
      ETag: [W/"6360eada-666d-44d8-8f85-b8a133ba03af"]
      Expires: ['-1']
      Pragma: [no-cache]
      Server: [Microsoft-HTTPAPI/2.0, Microsoft-HTTPAPI/2.0]
      Strict-Transport-Security: [max-age=31536000; includeSubDomains]
      Transfer-Encoding: [chunked]
      Vary: [Accept-Encoding]
      content-length: ['367']
    status: {code: 200, message: OK}
- request:
    body: null
    headers:
      Accept: [application/json]
      Accept-Encoding: ['gzip, deflate']
      Connection: [keep-alive]
      Content-Type: [application/json; charset=utf-8]
      User-Agent: [python/3.5.1 (Windows-10-10.0.14393-SP0) requests/2.9.1 msrest/0.4.4
          msrest_azure/0.4.6 resourcemanagementclient/0.30.2 Azure-SDK-For-Python
          AZURECLI/TEST/0.1.0b11+dev]
      accept-language: [en-US]
      x-ms-client-request-id: [afc59ed2-dda8-11e6-a0c3-a0b3ccf7272a]
    method: GET
    uri: https://management.azure.com/subscriptions/00000000-0000-0000-0000-000000000000/providers/Microsoft.Network?api-version=2016-09-01
  response:
    body: {string: '{"id":"/subscriptions/00000000-0000-0000-0000-000000000000/providers/Microsoft.Network","namespace":"Microsoft.Network","authorization":{"applicationId":"2cf9eb86-36b5-49dc-86ae-9a63135dfa8c","roleDefinitionId":"13ba9ab4-19f0-4804-adc4-14ece36cc7a1"},"resourceTypes":[{"resourceType":"virtualNetworks","locations":["West
        US","East US","North Europe","West Europe","East Asia","Southeast Asia","North
        Central US","South Central US","Central US","East US 2","Japan East","Japan
        West","Brazil South","Australia East","Australia Southeast","Central India","South
        India","Canada Central","Canada East","West Central US","West US 2","UK West","UK
        South"],"apiVersions":["2016-10-01","2016-09-01","2016-08-01","2016-07-01","2016-06-01","2016-03-30","2015-06-15","2015-05-01-preview","2014-12-01-preview"],"capabilities":"CrossResourceGroupResourceMove,
        CrossSubscriptionResourceMove"},{"resourceType":"publicIPAddresses","locations":["West
        US","East US","North Europe","West Europe","East Asia","Southeast Asia","North
        Central US","South Central US","Central US","East US 2","Japan East","Japan
        West","Brazil South","Australia East","Australia Southeast","Central India","South
        India","Canada Central","Canada East","West Central US","West US 2","UK West","UK
        South"],"apiVersions":["2016-10-01","2016-09-01","2016-08-01","2016-07-01","2016-06-01","2016-03-30","2015-06-15","2015-05-01-preview","2014-12-01-preview"],"capabilities":"CrossResourceGroupResourceMove,
        CrossSubscriptionResourceMove"},{"resourceType":"networkInterfaces","locations":["West
        US","East US","North Europe","West Europe","East Asia","Southeast Asia","North
        Central US","South Central US","Central US","East US 2","Japan East","Japan
        West","Brazil South","Australia East","Australia Southeast","Central India","South
        India","Canada Central","Canada East","West Central US","West US 2","UK West","UK
        South"],"apiVersions":["2016-10-01","2016-09-01","2016-08-01","2016-07-01","2016-06-01","2016-03-30","2015-06-15","2015-05-01-preview","2014-12-01-preview"],"capabilities":"CrossResourceGroupResourceMove,
        CrossSubscriptionResourceMove"},{"resourceType":"loadBalancers","locations":["West
        US","East US","North Europe","West Europe","East Asia","Southeast Asia","North
        Central US","South Central US","Central US","East US 2","Japan East","Japan
        West","Brazil South","Australia East","Australia Southeast","Central India","South
        India","Canada Central","Canada East","West Central US","West US 2","UK West","UK
        South"],"apiVersions":["2016-10-01","2016-09-01","2016-08-01","2016-07-01","2016-06-01","2016-03-30","2015-06-15","2015-05-01-preview","2014-12-01-preview"],"capabilities":"CrossResourceGroupResourceMove,
        CrossSubscriptionResourceMove"},{"resourceType":"networkSecurityGroups","locations":["West
        US","East US","North Europe","West Europe","East Asia","Southeast Asia","North
        Central US","South Central US","Central US","East US 2","Japan East","Japan
        West","Brazil South","Australia East","Australia Southeast","Central India","South
        India","Canada Central","Canada East","West Central US","West US 2","UK West","UK
        South"],"apiVersions":["2016-10-01","2016-09-01","2016-08-01","2016-07-01","2016-06-01","2016-03-30","2015-06-15","2015-05-01-preview","2014-12-01-preview"],"capabilities":"CrossResourceGroupResourceMove,
        CrossSubscriptionResourceMove"},{"resourceType":"routeTables","locations":["West
        US","East US","North Europe","West Europe","East Asia","Southeast Asia","North
        Central US","South Central US","Central US","East US 2","Japan East","Japan
        West","Brazil South","Australia East","Australia Southeast","Central India","South
        India","Canada Central","Canada East","West Central US","West US 2","UK West","UK
        South"],"apiVersions":["2016-10-01","2016-09-01","2016-08-01","2016-07-01","2016-06-01","2016-03-30","2015-06-15","2015-05-01-preview","2014-12-01-preview"],"capabilities":"CrossResourceGroupResourceMove,
        CrossSubscriptionResourceMove"},{"resourceType":"virtualNetworkGateways","locations":["West
        US","East US","North Europe","West Europe","East Asia","Southeast Asia","North
        Central US","South Central US","Central US","East US 2","Japan East","Japan
        West","Brazil South","Australia East","Australia Southeast","Central India","South
        India","Canada Central","Canada East","West Central US","West US 2","UK West","UK
        South"],"apiVersions":["2016-10-01","2016-09-01","2016-08-01","2016-07-01","2016-06-01","2016-03-30","2015-06-15","2015-05-01-preview","2014-12-01-preview"],"capabilities":"None"},{"resourceType":"localNetworkGateways","locations":["West
        US","East US","North Europe","West Europe","East Asia","Southeast Asia","North
        Central US","South Central US","Central US","East US 2","Japan East","Japan
        West","Brazil South","Australia East","Australia Southeast","Central India","South
        India","Canada Central","Canada East","West Central US","West US 2","UK West","UK
        South"],"apiVersions":["2016-10-01","2016-09-01","2016-08-01","2016-07-01","2016-06-01","2016-03-30","2015-06-15","2015-05-01-preview","2014-12-01-preview"],"capabilities":"None"},{"resourceType":"connections","locations":["West
        US","East US","North Europe","West Europe","East Asia","Southeast Asia","North
        Central US","South Central US","Central US","East US 2","Japan East","Japan
        West","Brazil South","Australia East","Australia Southeast","Central India","South
        India","Canada Central","Canada East","West Central US","West US 2","UK West","UK
        South"],"apiVersions":["2016-10-01","2016-09-01","2016-08-01","2016-07-01","2016-06-01","2016-03-30","2015-06-15","2015-05-01-preview","2014-12-01-preview"],"capabilities":"None"},{"resourceType":"applicationGateways","locations":["West
        US","East US","North Europe","West Europe","East Asia","Southeast Asia","North
        Central US","South Central US","Central US","East US 2","Japan East","Japan
        West","Brazil South","Australia East","Australia Southeast","Central India","South
        India","Canada Central","Canada East","West Central US","West US 2","UK West","UK
        South"],"apiVersions":["2016-10-01","2016-09-01","2016-08-01","2016-07-01","2016-06-01","2016-03-30","2015-06-15","2015-05-01-preview","2014-12-01-preview"],"capabilities":"None"},{"resourceType":"locations","locations":[],"apiVersions":["2016-10-01","2016-09-01","2016-08-01","2016-07-01","2016-06-01","2016-03-30","2015-06-15","2015-05-01-preview","2014-12-01-preview"]},{"resourceType":"locations/operations","locations":[],"apiVersions":["2016-11-01","2016-10-01","2016-09-01","2016-08-01","2016-07-01","2016-06-01","2016-03-30","2015-06-15","2015-05-01-preview","2014-12-01-preview"]},{"resourceType":"locations/operationResults","locations":[],"apiVersions":["2016-11-01","2016-10-01","2016-09-01","2016-08-01","2016-07-01","2016-06-01","2016-03-30","2015-06-15","2015-05-01-preview","2014-12-01-preview"]},{"resourceType":"locations/CheckDnsNameAvailability","locations":["West
        US","East US","North Europe","West Europe","East Asia","Southeast Asia","North
        Central US","South Central US","Central US","East US 2","Japan East","Japan
        West","Brazil South","Australia East","Australia Southeast","Central India","South
        India","Canada Central","Canada East","West Central US","West US 2","UK West","UK
        South"],"apiVersions":["2016-10-01","2016-09-01","2016-08-01","2016-07-01","2016-06-01","2016-03-30","2015-06-15","2015-05-01-preview","2014-12-01-preview"]},{"resourceType":"locations/usages","locations":["West
        US","East US","North Europe","West Europe","East Asia","Southeast Asia","North
        Central US","South Central US","Central US","East US 2","Japan East","Japan
        West","Brazil South","Australia East","Australia Southeast","Central India","South
        India","Canada Central","Canada East","West Central US","West US 2","UK West","UK
        South"],"apiVersions":["2016-10-01","2016-09-01","2016-08-01","2016-07-01","2016-06-01","2016-03-30","2015-06-15","2015-05-01-preview","2014-12-01-preview"]},{"resourceType":"operations","locations":[],"apiVersions":["2016-10-01","2016-09-01","2016-08-01","2016-07-01","2016-06-01","2016-03-30","2015-06-15","2015-05-01-preview","2014-12-01-preview"]},{"resourceType":"dnszones","locations":["global"],"apiVersions":["2016-04-01","2015-05-04-preview"],"capabilities":"CrossResourceGroupResourceMove,
        CrossSubscriptionResourceMove"},{"resourceType":"dnsOperationResults","locations":["global"],"apiVersions":["2016-04-01"]},{"resourceType":"dnsOperationStatuses","locations":["global"],"apiVersions":["2016-04-01"]},{"resourceType":"dnszones/A","locations":["global"],"apiVersions":["2016-04-01","2015-05-04-preview"]},{"resourceType":"dnszones/AAAA","locations":["global"],"apiVersions":["2016-04-01","2015-05-04-preview"]},{"resourceType":"dnszones/CNAME","locations":["global"],"apiVersions":["2016-04-01","2015-05-04-preview"]},{"resourceType":"dnszones/PTR","locations":["global"],"apiVersions":["2016-04-01","2015-05-04-preview"]},{"resourceType":"dnszones/MX","locations":["global"],"apiVersions":["2016-04-01","2015-05-04-preview"]},{"resourceType":"dnszones/TXT","locations":["global"],"apiVersions":["2016-04-01","2015-05-04-preview"]},{"resourceType":"dnszones/SRV","locations":["global"],"apiVersions":["2016-04-01","2015-05-04-preview"]},{"resourceType":"trafficmanagerprofiles","locations":["global"],"apiVersions":["2015-11-01","2015-04-28-preview"],"capabilities":"CrossResourceGroupResourceMove,
        CrossSubscriptionResourceMove"},{"resourceType":"checkTrafficManagerNameAvailability","locations":["global"],"apiVersions":["2015-11-01","2015-04-28-preview"]},{"resourceType":"expressRouteCircuits","locations":["West
        US","East US","North Europe","West Europe","East Asia","Southeast Asia","North
        Central US","South Central US","Central US","East US 2","Japan East","Japan
        West","Brazil South","Australia East","Australia Southeast","Central India","South
        India","Canada Central","Canada East","West Central US","West US 2","UK West","UK
        South"],"apiVersions":["2016-10-01","2016-09-01","2016-08-01","2016-07-01","2016-06-01","2016-03-30","2015-06-15","2015-05-01-preview","2014-12-01-preview"],"capabilities":"None"},{"resourceType":"expressRouteServiceProviders","locations":[],"apiVersions":["2016-10-01","2016-09-01","2016-08-01","2016-07-01","2016-06-01","2016-03-30","2015-06-15","2015-05-01-preview","2014-12-01-preview"]}],"registrationState":"Registered"}'}
    headers:
      Cache-Control: [no-cache]
      Content-Type: [application/json; charset=utf-8]
      Date: ['Wed, 18 Jan 2017 18:05:25 GMT']
      Expires: ['-1']
      Pragma: [no-cache]
      Strict-Transport-Security: [max-age=31536000; includeSubDomains]
      Vary: [Accept-Encoding]
      content-length: ['10289']
    status: {code: 200, message: OK}
- request:
    body: null
    headers:
      Accept: [application/json]
      Accept-Encoding: ['gzip, deflate']
      Connection: [keep-alive]
      Content-Type: [application/json; charset=utf-8]
      User-Agent: [python/3.5.1 (Windows-10-10.0.14393-SP0) requests/2.9.1 msrest/0.4.4
          msrest_azure/0.4.6 resourcemanagementclient/0.30.2 Azure-SDK-For-Python
          AZURECLI/TEST/0.1.0b11+dev]
      accept-language: [en-US]
      x-ms-client-request-id: [afdac51a-dda8-11e6-8fad-a0b3ccf7272a]
    method: GET
    uri: https://management.azure.com/subscriptions/00000000-0000-0000-0000-000000000000/resourcegroups/cli_test_vm_create_existing/providers/Microsoft.Network/networkSecurityGroups/vrfnsg?api-version=2016-10-01
  response:
    body: {string: "{\r\n  \"name\": \"vrfnsg\",\r\n  \"id\": \"/subscriptions/00000000-0000-0000-0000-000000000000/resourceGroups/cli_test_vm_create_existing/providers/Microsoft.Network/networkSecurityGroups/vrfnsg\"\
        ,\r\n  \"etag\": \"W/\\\"fc14b815-5522-4c6d-85eb-23767f5d9320\\\"\",\r\n \
        \ \"type\": \"Microsoft.Network/networkSecurityGroups\",\r\n  \"location\"\
        : \"westus\",\r\n  \"tags\": {},\r\n  \"properties\": {\r\n    \"provisioningState\"\
        : \"Succeeded\",\r\n    \"resourceGuid\": \"cd13d33a-d9da-4134-a47d-69414b8673c4\"\
        ,\r\n    \"securityRules\": [],\r\n    \"defaultSecurityRules\": [\r\n   \
        \   {\r\n        \"name\": \"AllowVnetInBound\",\r\n        \"id\": \"/subscriptions/00000000-0000-0000-0000-000000000000/resourceGroups/cli_test_vm_create_existing/providers/Microsoft.Network/networkSecurityGroups/vrfnsg/defaultSecurityRules/AllowVnetInBound\"\
        ,\r\n        \"etag\": \"W/\\\"fc14b815-5522-4c6d-85eb-23767f5d9320\\\"\"\
        ,\r\n        \"properties\": {\r\n          \"provisioningState\": \"Succeeded\"\
        ,\r\n          \"description\": \"Allow inbound traffic from all VMs in VNET\"\
        ,\r\n          \"protocol\": \"*\",\r\n          \"sourcePortRange\": \"*\"\
        ,\r\n          \"destinationPortRange\": \"*\",\r\n          \"sourceAddressPrefix\"\
        : \"VirtualNetwork\",\r\n          \"destinationAddressPrefix\": \"VirtualNetwork\"\
        ,\r\n          \"access\": \"Allow\",\r\n          \"priority\": 65000,\r\n\
        \          \"direction\": \"Inbound\"\r\n        }\r\n      },\r\n      {\r\
        \n        \"name\": \"AllowAzureLoadBalancerInBound\",\r\n        \"id\":\
        \ \"/subscriptions/00000000-0000-0000-0000-000000000000/resourceGroups/cli_test_vm_create_existing/providers/Microsoft.Network/networkSecurityGroups/vrfnsg/defaultSecurityRules/AllowAzureLoadBalancerInBound\"\
        ,\r\n        \"etag\": \"W/\\\"fc14b815-5522-4c6d-85eb-23767f5d9320\\\"\"\
        ,\r\n        \"properties\": {\r\n          \"provisioningState\": \"Succeeded\"\
        ,\r\n          \"description\": \"Allow inbound traffic from azure load balancer\"\
        ,\r\n          \"protocol\": \"*\",\r\n          \"sourcePortRange\": \"*\"\
        ,\r\n          \"destinationPortRange\": \"*\",\r\n          \"sourceAddressPrefix\"\
        : \"AzureLoadBalancer\",\r\n          \"destinationAddressPrefix\": \"*\"\
        ,\r\n          \"access\": \"Allow\",\r\n          \"priority\": 65001,\r\n\
        \          \"direction\": \"Inbound\"\r\n        }\r\n      },\r\n      {\r\
        \n        \"name\": \"DenyAllInBound\",\r\n        \"id\": \"/subscriptions/00000000-0000-0000-0000-000000000000/resourceGroups/cli_test_vm_create_existing/providers/Microsoft.Network/networkSecurityGroups/vrfnsg/defaultSecurityRules/DenyAllInBound\"\
        ,\r\n        \"etag\": \"W/\\\"fc14b815-5522-4c6d-85eb-23767f5d9320\\\"\"\
        ,\r\n        \"properties\": {\r\n          \"provisioningState\": \"Succeeded\"\
        ,\r\n          \"description\": \"Deny all inbound traffic\",\r\n        \
        \  \"protocol\": \"*\",\r\n          \"sourcePortRange\": \"*\",\r\n     \
        \     \"destinationPortRange\": \"*\",\r\n          \"sourceAddressPrefix\"\
        : \"*\",\r\n          \"destinationAddressPrefix\": \"*\",\r\n          \"\
        access\": \"Deny\",\r\n          \"priority\": 65500,\r\n          \"direction\"\
        : \"Inbound\"\r\n        }\r\n      },\r\n      {\r\n        \"name\": \"\
        AllowVnetOutBound\",\r\n        \"id\": \"/subscriptions/00000000-0000-0000-0000-000000000000/resourceGroups/cli_test_vm_create_existing/providers/Microsoft.Network/networkSecurityGroups/vrfnsg/defaultSecurityRules/AllowVnetOutBound\"\
        ,\r\n        \"etag\": \"W/\\\"fc14b815-5522-4c6d-85eb-23767f5d9320\\\"\"\
        ,\r\n        \"properties\": {\r\n          \"provisioningState\": \"Succeeded\"\
        ,\r\n          \"description\": \"Allow outbound traffic from all VMs to all\
        \ VMs in VNET\",\r\n          \"protocol\": \"*\",\r\n          \"sourcePortRange\"\
        : \"*\",\r\n          \"destinationPortRange\": \"*\",\r\n          \"sourceAddressPrefix\"\
        : \"VirtualNetwork\",\r\n          \"destinationAddressPrefix\": \"VirtualNetwork\"\
        ,\r\n          \"access\": \"Allow\",\r\n          \"priority\": 65000,\r\n\
        \          \"direction\": \"Outbound\"\r\n        }\r\n      },\r\n      {\r\
        \n        \"name\": \"AllowInternetOutBound\",\r\n        \"id\": \"/subscriptions/00000000-0000-0000-0000-000000000000/resourceGroups/cli_test_vm_create_existing/providers/Microsoft.Network/networkSecurityGroups/vrfnsg/defaultSecurityRules/AllowInternetOutBound\"\
        ,\r\n        \"etag\": \"W/\\\"fc14b815-5522-4c6d-85eb-23767f5d9320\\\"\"\
        ,\r\n        \"properties\": {\r\n          \"provisioningState\": \"Succeeded\"\
        ,\r\n          \"description\": \"Allow outbound traffic from all VMs to Internet\"\
        ,\r\n          \"protocol\": \"*\",\r\n          \"sourcePortRange\": \"*\"\
        ,\r\n          \"destinationPortRange\": \"*\",\r\n          \"sourceAddressPrefix\"\
        : \"*\",\r\n          \"destinationAddressPrefix\": \"Internet\",\r\n    \
        \      \"access\": \"Allow\",\r\n          \"priority\": 65001,\r\n      \
        \    \"direction\": \"Outbound\"\r\n        }\r\n      },\r\n      {\r\n \
        \       \"name\": \"DenyAllOutBound\",\r\n        \"id\": \"/subscriptions/00000000-0000-0000-0000-000000000000/resourceGroups/cli_test_vm_create_existing/providers/Microsoft.Network/networkSecurityGroups/vrfnsg/defaultSecurityRules/DenyAllOutBound\"\
        ,\r\n        \"etag\": \"W/\\\"fc14b815-5522-4c6d-85eb-23767f5d9320\\\"\"\
        ,\r\n        \"properties\": {\r\n          \"provisioningState\": \"Succeeded\"\
        ,\r\n          \"description\": \"Deny all outbound traffic\",\r\n       \
        \   \"protocol\": \"*\",\r\n          \"sourcePortRange\": \"*\",\r\n    \
        \      \"destinationPortRange\": \"*\",\r\n          \"sourceAddressPrefix\"\
        : \"*\",\r\n          \"destinationAddressPrefix\": \"*\",\r\n          \"\
        access\": \"Deny\",\r\n          \"priority\": 65500,\r\n          \"direction\"\
        : \"Outbound\"\r\n        }\r\n      }\r\n    ]\r\n  }\r\n}"}
    headers:
      Cache-Control: [no-cache]
      Content-Type: [application/json; charset=utf-8]
      Date: ['Wed, 18 Jan 2017 18:05:25 GMT']
      ETag: [W/"fc14b815-5522-4c6d-85eb-23767f5d9320"]
      Expires: ['-1']
      Pragma: [no-cache]
      Server: [Microsoft-HTTPAPI/2.0, Microsoft-HTTPAPI/2.0]
      Strict-Transport-Security: [max-age=31536000; includeSubDomains]
      Transfer-Encoding: [chunked]
      Vary: [Accept-Encoding]
      content-length: ['5223']
    status: {code: 200, message: OK}
- request:
    body: null
    headers:
      Accept: [application/json]
      Accept-Encoding: ['gzip, deflate']
      Connection: [keep-alive]
      Content-Type: [application/json; charset=utf-8]
      User-Agent: [python/3.5.1 (Windows-10-10.0.14393-SP0) requests/2.9.1 msrest/0.4.4
          msrest_azure/0.4.6 resourcemanagementclient/0.30.2 Azure-SDK-For-Python
          AZURECLI/TEST/0.1.0b11+dev]
      accept-language: [en-US]
      x-ms-client-request-id: [b0002dfe-dda8-11e6-af55-a0b3ccf7272a]
    method: GET
    uri: https://management.azure.com/subscriptions/00000000-0000-0000-0000-000000000000/providers/Microsoft.Network?api-version=2016-09-01
  response:
    body: {string: '{"id":"/subscriptions/00000000-0000-0000-0000-000000000000/providers/Microsoft.Network","namespace":"Microsoft.Network","authorization":{"applicationId":"2cf9eb86-36b5-49dc-86ae-9a63135dfa8c","roleDefinitionId":"13ba9ab4-19f0-4804-adc4-14ece36cc7a1"},"resourceTypes":[{"resourceType":"virtualNetworks","locations":["West
        US","East US","North Europe","West Europe","East Asia","Southeast Asia","North
        Central US","South Central US","Central US","East US 2","Japan East","Japan
        West","Brazil South","Australia East","Australia Southeast","Central India","South
        India","Canada Central","Canada East","West Central US","West US 2","UK West","UK
        South"],"apiVersions":["2016-10-01","2016-09-01","2016-08-01","2016-07-01","2016-06-01","2016-03-30","2015-06-15","2015-05-01-preview","2014-12-01-preview"],"capabilities":"CrossResourceGroupResourceMove,
        CrossSubscriptionResourceMove"},{"resourceType":"publicIPAddresses","locations":["West
        US","East US","North Europe","West Europe","East Asia","Southeast Asia","North
        Central US","South Central US","Central US","East US 2","Japan East","Japan
        West","Brazil South","Australia East","Australia Southeast","Central India","South
        India","Canada Central","Canada East","West Central US","West US 2","UK West","UK
        South"],"apiVersions":["2016-10-01","2016-09-01","2016-08-01","2016-07-01","2016-06-01","2016-03-30","2015-06-15","2015-05-01-preview","2014-12-01-preview"],"capabilities":"CrossResourceGroupResourceMove,
        CrossSubscriptionResourceMove"},{"resourceType":"networkInterfaces","locations":["West
        US","East US","North Europe","West Europe","East Asia","Southeast Asia","North
        Central US","South Central US","Central US","East US 2","Japan East","Japan
        West","Brazil South","Australia East","Australia Southeast","Central India","South
        India","Canada Central","Canada East","West Central US","West US 2","UK West","UK
        South"],"apiVersions":["2016-10-01","2016-09-01","2016-08-01","2016-07-01","2016-06-01","2016-03-30","2015-06-15","2015-05-01-preview","2014-12-01-preview"],"capabilities":"CrossResourceGroupResourceMove,
        CrossSubscriptionResourceMove"},{"resourceType":"loadBalancers","locations":["West
        US","East US","North Europe","West Europe","East Asia","Southeast Asia","North
        Central US","South Central US","Central US","East US 2","Japan East","Japan
        West","Brazil South","Australia East","Australia Southeast","Central India","South
        India","Canada Central","Canada East","West Central US","West US 2","UK West","UK
        South"],"apiVersions":["2016-10-01","2016-09-01","2016-08-01","2016-07-01","2016-06-01","2016-03-30","2015-06-15","2015-05-01-preview","2014-12-01-preview"],"capabilities":"CrossResourceGroupResourceMove,
        CrossSubscriptionResourceMove"},{"resourceType":"networkSecurityGroups","locations":["West
        US","East US","North Europe","West Europe","East Asia","Southeast Asia","North
        Central US","South Central US","Central US","East US 2","Japan East","Japan
        West","Brazil South","Australia East","Australia Southeast","Central India","South
        India","Canada Central","Canada East","West Central US","West US 2","UK West","UK
        South"],"apiVersions":["2016-10-01","2016-09-01","2016-08-01","2016-07-01","2016-06-01","2016-03-30","2015-06-15","2015-05-01-preview","2014-12-01-preview"],"capabilities":"CrossResourceGroupResourceMove,
        CrossSubscriptionResourceMove"},{"resourceType":"routeTables","locations":["West
        US","East US","North Europe","West Europe","East Asia","Southeast Asia","North
        Central US","South Central US","Central US","East US 2","Japan East","Japan
        West","Brazil South","Australia East","Australia Southeast","Central India","South
        India","Canada Central","Canada East","West Central US","West US 2","UK West","UK
        South"],"apiVersions":["2016-10-01","2016-09-01","2016-08-01","2016-07-01","2016-06-01","2016-03-30","2015-06-15","2015-05-01-preview","2014-12-01-preview"],"capabilities":"CrossResourceGroupResourceMove,
        CrossSubscriptionResourceMove"},{"resourceType":"virtualNetworkGateways","locations":["West
        US","East US","North Europe","West Europe","East Asia","Southeast Asia","North
        Central US","South Central US","Central US","East US 2","Japan East","Japan
        West","Brazil South","Australia East","Australia Southeast","Central India","South
        India","Canada Central","Canada East","West Central US","West US 2","UK West","UK
        South"],"apiVersions":["2016-10-01","2016-09-01","2016-08-01","2016-07-01","2016-06-01","2016-03-30","2015-06-15","2015-05-01-preview","2014-12-01-preview"],"capabilities":"None"},{"resourceType":"localNetworkGateways","locations":["West
        US","East US","North Europe","West Europe","East Asia","Southeast Asia","North
        Central US","South Central US","Central US","East US 2","Japan East","Japan
        West","Brazil South","Australia East","Australia Southeast","Central India","South
        India","Canada Central","Canada East","West Central US","West US 2","UK West","UK
        South"],"apiVersions":["2016-10-01","2016-09-01","2016-08-01","2016-07-01","2016-06-01","2016-03-30","2015-06-15","2015-05-01-preview","2014-12-01-preview"],"capabilities":"None"},{"resourceType":"connections","locations":["West
        US","East US","North Europe","West Europe","East Asia","Southeast Asia","North
        Central US","South Central US","Central US","East US 2","Japan East","Japan
        West","Brazil South","Australia East","Australia Southeast","Central India","South
        India","Canada Central","Canada East","West Central US","West US 2","UK West","UK
        South"],"apiVersions":["2016-10-01","2016-09-01","2016-08-01","2016-07-01","2016-06-01","2016-03-30","2015-06-15","2015-05-01-preview","2014-12-01-preview"],"capabilities":"None"},{"resourceType":"applicationGateways","locations":["West
        US","East US","North Europe","West Europe","East Asia","Southeast Asia","North
        Central US","South Central US","Central US","East US 2","Japan East","Japan
        West","Brazil South","Australia East","Australia Southeast","Central India","South
        India","Canada Central","Canada East","West Central US","West US 2","UK West","UK
        South"],"apiVersions":["2016-10-01","2016-09-01","2016-08-01","2016-07-01","2016-06-01","2016-03-30","2015-06-15","2015-05-01-preview","2014-12-01-preview"],"capabilities":"None"},{"resourceType":"locations","locations":[],"apiVersions":["2016-10-01","2016-09-01","2016-08-01","2016-07-01","2016-06-01","2016-03-30","2015-06-15","2015-05-01-preview","2014-12-01-preview"]},{"resourceType":"locations/operations","locations":[],"apiVersions":["2016-11-01","2016-10-01","2016-09-01","2016-08-01","2016-07-01","2016-06-01","2016-03-30","2015-06-15","2015-05-01-preview","2014-12-01-preview"]},{"resourceType":"locations/operationResults","locations":[],"apiVersions":["2016-11-01","2016-10-01","2016-09-01","2016-08-01","2016-07-01","2016-06-01","2016-03-30","2015-06-15","2015-05-01-preview","2014-12-01-preview"]},{"resourceType":"locations/CheckDnsNameAvailability","locations":["West
        US","East US","North Europe","West Europe","East Asia","Southeast Asia","North
        Central US","South Central US","Central US","East US 2","Japan East","Japan
        West","Brazil South","Australia East","Australia Southeast","Central India","South
        India","Canada Central","Canada East","West Central US","West US 2","UK West","UK
        South"],"apiVersions":["2016-10-01","2016-09-01","2016-08-01","2016-07-01","2016-06-01","2016-03-30","2015-06-15","2015-05-01-preview","2014-12-01-preview"]},{"resourceType":"locations/usages","locations":["West
        US","East US","North Europe","West Europe","East Asia","Southeast Asia","North
        Central US","South Central US","Central US","East US 2","Japan East","Japan
        West","Brazil South","Australia East","Australia Southeast","Central India","South
        India","Canada Central","Canada East","West Central US","West US 2","UK West","UK
        South"],"apiVersions":["2016-10-01","2016-09-01","2016-08-01","2016-07-01","2016-06-01","2016-03-30","2015-06-15","2015-05-01-preview","2014-12-01-preview"]},{"resourceType":"operations","locations":[],"apiVersions":["2016-10-01","2016-09-01","2016-08-01","2016-07-01","2016-06-01","2016-03-30","2015-06-15","2015-05-01-preview","2014-12-01-preview"]},{"resourceType":"dnszones","locations":["global"],"apiVersions":["2016-04-01","2015-05-04-preview"],"capabilities":"CrossResourceGroupResourceMove,
        CrossSubscriptionResourceMove"},{"resourceType":"dnsOperationResults","locations":["global"],"apiVersions":["2016-04-01"]},{"resourceType":"dnsOperationStatuses","locations":["global"],"apiVersions":["2016-04-01"]},{"resourceType":"dnszones/A","locations":["global"],"apiVersions":["2016-04-01","2015-05-04-preview"]},{"resourceType":"dnszones/AAAA","locations":["global"],"apiVersions":["2016-04-01","2015-05-04-preview"]},{"resourceType":"dnszones/CNAME","locations":["global"],"apiVersions":["2016-04-01","2015-05-04-preview"]},{"resourceType":"dnszones/PTR","locations":["global"],"apiVersions":["2016-04-01","2015-05-04-preview"]},{"resourceType":"dnszones/MX","locations":["global"],"apiVersions":["2016-04-01","2015-05-04-preview"]},{"resourceType":"dnszones/TXT","locations":["global"],"apiVersions":["2016-04-01","2015-05-04-preview"]},{"resourceType":"dnszones/SRV","locations":["global"],"apiVersions":["2016-04-01","2015-05-04-preview"]},{"resourceType":"trafficmanagerprofiles","locations":["global"],"apiVersions":["2015-11-01","2015-04-28-preview"],"capabilities":"CrossResourceGroupResourceMove,
        CrossSubscriptionResourceMove"},{"resourceType":"checkTrafficManagerNameAvailability","locations":["global"],"apiVersions":["2015-11-01","2015-04-28-preview"]},{"resourceType":"expressRouteCircuits","locations":["West
        US","East US","North Europe","West Europe","East Asia","Southeast Asia","North
        Central US","South Central US","Central US","East US 2","Japan East","Japan
        West","Brazil South","Australia East","Australia Southeast","Central India","South
        India","Canada Central","Canada East","West Central US","West US 2","UK West","UK
        South"],"apiVersions":["2016-10-01","2016-09-01","2016-08-01","2016-07-01","2016-06-01","2016-03-30","2015-06-15","2015-05-01-preview","2014-12-01-preview"],"capabilities":"None"},{"resourceType":"expressRouteServiceProviders","locations":[],"apiVersions":["2016-10-01","2016-09-01","2016-08-01","2016-07-01","2016-06-01","2016-03-30","2015-06-15","2015-05-01-preview","2014-12-01-preview"]}],"registrationState":"Registered"}'}
    headers:
      Cache-Control: [no-cache]
      Content-Type: [application/json; charset=utf-8]
      Date: ['Wed, 18 Jan 2017 18:05:25 GMT']
      Expires: ['-1']
      Pragma: [no-cache]
      Strict-Transport-Security: [max-age=31536000; includeSubDomains]
      Vary: [Accept-Encoding]
      content-length: ['10289']
    status: {code: 200, message: OK}
- request:
    body: null
    headers:
      Accept: [application/json]
      Accept-Encoding: ['gzip, deflate']
      Connection: [keep-alive]
      Content-Type: [application/json; charset=utf-8]
      User-Agent: [python/3.5.1 (Windows-10-10.0.14393-SP0) requests/2.9.1 msrest/0.4.4
          msrest_azure/0.4.6 resourcemanagementclient/0.30.2 Azure-SDK-For-Python
          AZURECLI/TEST/0.1.0b11+dev]
      accept-language: [en-US]
      x-ms-client-request-id: [b02e8fae-dda8-11e6-ac71-a0b3ccf7272a]
    method: GET
    uri: https://management.azure.com/subscriptions/00000000-0000-0000-0000-000000000000/resourcegroups/cli_test_vm_create_existing/providers/Microsoft.Network/publicIPAddresses/vrfpubip?api-version=2016-10-01
  response:
    body: {string: "{\r\n  \"name\": \"vrfpubip\",\r\n  \"id\": \"/subscriptions/00000000-0000-0000-0000-000000000000/resourceGroups/cli_test_vm_create_existing/providers/Microsoft.Network/publicIPAddresses/vrfpubip\"\
        ,\r\n  \"etag\": \"W/\\\"e1cd9a42-dcef-4cd0-b50b-5bdb35f02b82\\\"\",\r\n \
        \ \"type\": \"Microsoft.Network/publicIPAddresses\",\r\n  \"location\": \"\
        westus\",\r\n  \"tags\": {},\r\n  \"properties\": {\r\n    \"provisioningState\"\
        : \"Succeeded\",\r\n    \"resourceGuid\": \"27cd7eb5-4237-473a-8b35-37931e3f9e93\"\
        ,\r\n    \"publicIPAddressVersion\": \"IPv4\",\r\n    \"publicIPAllocationMethod\"\
        : \"Dynamic\",\r\n    \"idleTimeoutInMinutes\": 4\r\n  }\r\n}"}
    headers:
      Cache-Control: [no-cache]
      Content-Type: [application/json; charset=utf-8]
      Date: ['Wed, 18 Jan 2017 18:05:26 GMT']
      ETag: [W/"e1cd9a42-dcef-4cd0-b50b-5bdb35f02b82"]
      Expires: ['-1']
      Pragma: [no-cache]
      Server: [Microsoft-HTTPAPI/2.0, Microsoft-HTTPAPI/2.0]
      Strict-Transport-Security: [max-age=31536000; includeSubDomains]
      Transfer-Encoding: [chunked]
      Vary: [Accept-Encoding]
      content-length: ['580']
    status: {code: 200, message: OK}
- request:
    body: '{"properties": {"parameters": {}, "template": {"parameters": {}, "variables":
      {}, "outputs": {}, "contentVersion": "1.0.0.0", "$schema": "https://schema.management.azure.com/schemas/2015-01-01/deploymentTemplate.json#",
      "resources": [{"properties": {"networkSecurityGroup": {"id": "/subscriptions/0b1f6471-1bf0-4dda-aec3-cb9272f09590/resourceGroups/cli_test_vm_create_existing/providers/Microsoft.Network/networkSecurityGroups/vrfnsg"},
      "ipConfigurations": [{"properties": {"privateIPAllocationMethod": "Dynamic",
      "publicIPAddress": {"id": "/subscriptions/0b1f6471-1bf0-4dda-aec3-cb9272f09590/resourceGroups/cli_test_vm_create_existing/providers/Microsoft.Network/publicIPAddresses/vrfpubip"},
      "subnet": {"id": "/subscriptions/0b1f6471-1bf0-4dda-aec3-cb9272f09590/resourceGroups/cli_test_vm_create_existing/providers/Microsoft.Network/virtualNetworks/vrfvnet/subnets/vrfsubnet"}},
      "name": "ipconfigvrfvm"}]}, "name": "vrfvmVMNic", "tags": {}, "dependsOn": [],
      "apiVersion": "2015-06-15", "type": "Microsoft.Network/networkInterfaces", "location":
      "westus"}, {"properties": {"availabilitySet": {"id": "/subscriptions/0b1f6471-1bf0-4dda-aec3-cb9272f09590/resourceGroups/cli_test_vm_create_existing/providers/Microsoft.Compute/availabilitySets/vrfavailset"},
      "osProfile": {"adminUsername": "trpresco", "linuxConfiguration": {"ssh": {"publicKeys":
      [{"path": "/home/trpresco/.ssh/authorized_keys", "keyData": "ssh-rsa AAAAB3NzaC1yc2EAAAADAQABAAACAQCbIg1guRHbI0lV11wWDt1r2cUdcNd27CJsg+SfgC7miZeubtwUhbsPdhMQsfDyhOWHq1+ZL0M+nJZV63d/1dhmhtgyOqejUwrPlzKhydsbrsdUor+JmNJDdW01v7BXHyuymT8G4s09jCasNOwiufbP/qp72ruu0bIA1nySsvlf9pCQAuFkAnVnf/rFhUlOkhtRpwcq8SUNY2zRHR/EKb/4NWY1JzR4sa3q2fWIJdrrX0DvLoa5g9bIEd4Df79ba7v+yiUBOS0zT2ll+z4g9izHK3EO5d8hL4jYxcjKs+wcslSYRWrascfscLgMlMGh0CdKeNTDjHpGPncaf3Z+FwwwjWeuiNBxv7bJo13/8B/098KlVDl4GZqsoBCEjPyJfV6hO0y/LkRGkk7oHWKgeWAfKtfLItRp00eZ4fcJNK9kCaSMmEugoZWcI7NGbZXzqFWqbpRI7NcDP9+WIQ+i9U5vqWsqd/zng4kbuAJ6UuKqIzB0upYrLShfQE3SAck8oaLhJqqq56VfDuASNpJKidV+zq27HfSBmbXnkR/5AK337dc3MXKJypoK/QPMLKUAP5XLPbs+NddJQV7EZXd29DLgp+fRIg3edpKdO7ZErWhv7d+3Kws+e1Y+ypmR2WIVSwVyBEUfgv2C8Ts9gnTF4pNcEY/S2aBicz5Ew2+jdyGNQQ==
      test@example.com\n"}]}, "disablePasswordAuthentication": true}, "computerName":
      "vrfvm"}, "hardwareProfile": {"vmSize": "Standard_DS2"}, "networkProfile": {"networkInterfaces":
      [{"id": "/subscriptions/0b1f6471-1bf0-4dda-aec3-cb9272f09590/resourceGroups/cli_test_vm_create_existing/providers/Microsoft.Network/networkInterfaces/vrfvmVMNic"}]},
      "storageProfile": {"osDisk": {"createOption": "fromImage", "name": "vrfosdisk",
      "vhd": {"uri": "https://azureclivrfstorage0011.blob.core.windows.net/vrfcontainer/vrfosdisk.vhd"},
      "caching": "ReadWrite"}, "imageReference": {"offer": "UbuntuServer", "publisher":
      "Canonical", "version": "latest", "sku": "14.04.4-LTS"}}}, "name": "vrfvm",
      "tags": {}, "dependsOn": ["Microsoft.Network/networkInterfaces/vrfvmVMNic"],
      "apiVersion": "2015-06-15", "type": "Microsoft.Compute/virtualMachines", "location":
      "westus"}]}, "mode": "Incremental"}}'
    headers:
      Accept: [application/json]
      Accept-Encoding: ['gzip, deflate']
      Connection: [keep-alive]
      Content-Length: ['3038']
      Content-Type: [application/json; charset=utf-8]
      User-Agent: [python/3.5.1 (Windows-10-10.0.14393-SP0) requests/2.9.1 msrest/0.4.4
          msrest_azure/0.4.6 resourcemanagementclient/0.30.2 Azure-SDK-For-Python
          AZURECLI/TEST/0.1.0b11+dev]
      accept-language: [en-US]
      x-ms-client-request-id: [b04f3cba-dda8-11e6-bd8e-a0b3ccf7272a]
    method: PUT
    uri: https://management.azure.com/subscriptions/00000000-0000-0000-0000-000000000000/resourcegroups/cli_test_vm_create_existing/providers/Microsoft.Resources/deployments/mock-deployment?api-version=2016-09-01
  response:
    body: {string: '{"id":"/subscriptions/00000000-0000-0000-0000-000000000000/resourceGroups/cli_test_vm_create_existing/providers/Microsoft.Resources/deployments/vm_deploy_tAMvRyFF9QjsVj5UvM39aBUiMlU0piid","name":"vm_deploy_tAMvRyFF9QjsVj5UvM39aBUiMlU0piid","properties":{"parameters":{},"mode":"Incremental","provisioningState":"Accepted","timestamp":"2017-01-18T18:05:27.8198732Z","duration":"PT0.6024305S","correlationId":"761f067a-a2ce-4dbf-a41f-560585ca736a","providers":[{"namespace":"Microsoft.Network","resourceTypes":[{"resourceType":"networkInterfaces","locations":["westus"]}]},{"namespace":"Microsoft.Compute","resourceTypes":[{"resourceType":"virtualMachines","locations":["westus"]}]}],"dependencies":[{"dependsOn":[{"id":"/subscriptions/00000000-0000-0000-0000-000000000000/resourceGroups/cli_test_vm_create_existing/providers/Microsoft.Network/networkInterfaces/vrfvmVMNic","resourceType":"Microsoft.Network/networkInterfaces","resourceName":"vrfvmVMNic"}],"id":"/subscriptions/00000000-0000-0000-0000-000000000000/resourceGroups/cli_test_vm_create_existing/providers/Microsoft.Compute/virtualMachines/vrfvm","resourceType":"Microsoft.Compute/virtualMachines","resourceName":"vrfvm"}]}}'}
    headers:
      Azure-AsyncOperation: ['https://management.azure.com/subscriptions/0b1f6471-1bf0-4dda-aec3-cb9272f09590/resourcegroups/cli_test_vm_create_existing/providers/Microsoft.Resources/deployments/vm_deploy_tAMvRyFF9QjsVj5UvM39aBUiMlU0piid/operationStatuses/08587168441582602167?api-version=2016-09-01']
      Cache-Control: [no-cache]
      Content-Length: ['1202']
      Content-Type: [application/json; charset=utf-8]
      Date: ['Wed, 18 Jan 2017 18:05:27 GMT']
      Expires: ['-1']
      Pragma: [no-cache]
      Strict-Transport-Security: [max-age=31536000; includeSubDomains]
      x-ms-ratelimit-remaining-subscription-writes: ['1199']
    status: {code: 201, message: Created}
- request:
    body: null
    headers:
      Accept: [application/json]
      Accept-Encoding: ['gzip, deflate']
      Connection: [keep-alive]
      Content-Type: [application/json; charset=utf-8]
      User-Agent: [python/3.5.1 (Windows-10-10.0.14393-SP0) requests/2.9.1 msrest/0.4.4
          msrest_azure/0.4.6 resourcemanagementclient/0.30.2 Azure-SDK-For-Python
          AZURECLI/TEST/0.1.0b11+dev]
      accept-language: [en-US]
      x-ms-client-request-id: [b04f3cba-dda8-11e6-bd8e-a0b3ccf7272a]
    method: GET
    uri: https://management.azure.com/subscriptions/00000000-0000-0000-0000-000000000000/resourcegroups/cli_test_vm_create_existing/providers/Microsoft.Resources/deployments/mock-deployment/operationStatuses/08587168441582602167?api-version=2016-09-01
  response:
    body: {string: '{"status":"Running"}'}
    headers:
      Cache-Control: [no-cache]
      Content-Type: [application/json; charset=utf-8]
      Date: ['Wed, 18 Jan 2017 18:05:58 GMT']
      Expires: ['-1']
      Pragma: [no-cache]
      Strict-Transport-Security: [max-age=31536000; includeSubDomains]
      Vary: [Accept-Encoding]
      content-length: ['20']
    status: {code: 200, message: OK}
- request:
    body: null
    headers:
      Accept: [application/json]
      Accept-Encoding: ['gzip, deflate']
      Connection: [keep-alive]
      Content-Type: [application/json; charset=utf-8]
      User-Agent: [python/3.5.1 (Windows-10-10.0.14393-SP0) requests/2.9.1 msrest/0.4.4
          msrest_azure/0.4.6 resourcemanagementclient/0.30.2 Azure-SDK-For-Python
          AZURECLI/TEST/0.1.0b11+dev]
      accept-language: [en-US]
      x-ms-client-request-id: [b04f3cba-dda8-11e6-bd8e-a0b3ccf7272a]
    method: GET
    uri: https://management.azure.com/subscriptions/00000000-0000-0000-0000-000000000000/resourcegroups/cli_test_vm_create_existing/providers/Microsoft.Resources/deployments/mock-deployment/operationStatuses/08587168441582602167?api-version=2016-09-01
  response:
    body: {string: '{"status":"Running"}'}
    headers:
      Cache-Control: [no-cache]
      Content-Type: [application/json; charset=utf-8]
      Date: ['Wed, 18 Jan 2017 18:06:28 GMT']
      Expires: ['-1']
      Pragma: [no-cache]
      Strict-Transport-Security: [max-age=31536000; includeSubDomains]
      Vary: [Accept-Encoding]
      content-length: ['20']
    status: {code: 200, message: OK}
- request:
    body: null
    headers:
      Accept: [application/json]
      Accept-Encoding: ['gzip, deflate']
      Connection: [keep-alive]
      Content-Type: [application/json; charset=utf-8]
      User-Agent: [python/3.5.1 (Windows-10-10.0.14393-SP0) requests/2.9.1 msrest/0.4.4
          msrest_azure/0.4.6 resourcemanagementclient/0.30.2 Azure-SDK-For-Python
          AZURECLI/TEST/0.1.0b11+dev]
      accept-language: [en-US]
      x-ms-client-request-id: [b04f3cba-dda8-11e6-bd8e-a0b3ccf7272a]
    method: GET
    uri: https://management.azure.com/subscriptions/00000000-0000-0000-0000-000000000000/resourcegroups/cli_test_vm_create_existing/providers/Microsoft.Resources/deployments/mock-deployment/operationStatuses/08587168441582602167?api-version=2016-09-01
  response:
    body: {string: '{"status":"Running"}'}
    headers:
      Cache-Control: [no-cache]
      Content-Type: [application/json; charset=utf-8]
      Date: ['Wed, 18 Jan 2017 18:06:58 GMT']
      Expires: ['-1']
      Pragma: [no-cache]
      Strict-Transport-Security: [max-age=31536000; includeSubDomains]
      Vary: [Accept-Encoding]
      content-length: ['20']
    status: {code: 200, message: OK}
- request:
    body: null
    headers:
      Accept: [application/json]
      Accept-Encoding: ['gzip, deflate']
      Connection: [keep-alive]
      Content-Type: [application/json; charset=utf-8]
      User-Agent: [python/3.5.1 (Windows-10-10.0.14393-SP0) requests/2.9.1 msrest/0.4.4
          msrest_azure/0.4.6 resourcemanagementclient/0.30.2 Azure-SDK-For-Python
          AZURECLI/TEST/0.1.0b11+dev]
      accept-language: [en-US]
      x-ms-client-request-id: [b04f3cba-dda8-11e6-bd8e-a0b3ccf7272a]
    method: GET
    uri: https://management.azure.com/subscriptions/00000000-0000-0000-0000-000000000000/resourcegroups/cli_test_vm_create_existing/providers/Microsoft.Resources/deployments/mock-deployment/operationStatuses/08587168441582602167?api-version=2016-09-01
  response:
    body: {string: '{"status":"Succeeded"}'}
    headers:
      Cache-Control: [no-cache]
      Content-Type: [application/json; charset=utf-8]
      Date: ['Wed, 18 Jan 2017 18:07:28 GMT']
      Expires: ['-1']
      Pragma: [no-cache]
      Strict-Transport-Security: [max-age=31536000; includeSubDomains]
      Vary: [Accept-Encoding]
      content-length: ['22']
    status: {code: 200, message: OK}
- request:
    body: null
    headers:
      Accept: [application/json]
      Accept-Encoding: ['gzip, deflate']
      Connection: [keep-alive]
      Content-Type: [application/json; charset=utf-8]
      User-Agent: [python/3.5.1 (Windows-10-10.0.14393-SP0) requests/2.9.1 msrest/0.4.4
          msrest_azure/0.4.6 resourcemanagementclient/0.30.2 Azure-SDK-For-Python
          AZURECLI/TEST/0.1.0b11+dev]
      accept-language: [en-US]
      x-ms-client-request-id: [b04f3cba-dda8-11e6-bd8e-a0b3ccf7272a]
    method: GET
    uri: https://management.azure.com/subscriptions/00000000-0000-0000-0000-000000000000/resourcegroups/cli_test_vm_create_existing/providers/Microsoft.Resources/deployments/mock-deployment?api-version=2016-09-01
  response:
    body: {string: '{"id":"/subscriptions/00000000-0000-0000-0000-000000000000/resourceGroups/cli_test_vm_create_existing/providers/Microsoft.Resources/deployments/vm_deploy_tAMvRyFF9QjsVj5UvM39aBUiMlU0piid","name":"vm_deploy_tAMvRyFF9QjsVj5UvM39aBUiMlU0piid","properties":{"parameters":{},"mode":"Incremental","provisioningState":"Succeeded","timestamp":"2017-01-18T18:07:12.1086759Z","duration":"PT1M44.8912332S","correlationId":"761f067a-a2ce-4dbf-a41f-560585ca736a","providers":[{"namespace":"Microsoft.Network","resourceTypes":[{"resourceType":"networkInterfaces","locations":["westus"]}]},{"namespace":"Microsoft.Compute","resourceTypes":[{"resourceType":"virtualMachines","locations":["westus"]}]}],"dependencies":[{"dependsOn":[{"id":"/subscriptions/00000000-0000-0000-0000-000000000000/resourceGroups/cli_test_vm_create_existing/providers/Microsoft.Network/networkInterfaces/vrfvmVMNic","resourceType":"Microsoft.Network/networkInterfaces","resourceName":"vrfvmVMNic"}],"id":"/subscriptions/00000000-0000-0000-0000-000000000000/resourceGroups/cli_test_vm_create_existing/providers/Microsoft.Compute/virtualMachines/vrfvm","resourceType":"Microsoft.Compute/virtualMachines","resourceName":"vrfvm"}],"outputs":{},"outputResources":[{"id":"Microsoft.Compute/virtualMachines/vrfvm"},{"id":"Microsoft.Network/networkInterfaces/vrfvmVMNic"}]}}'}
    headers:
      Cache-Control: [no-cache]
      Content-Type: [application/json; charset=utf-8]
      Date: ['Wed, 18 Jan 2017 18:07:28 GMT']
      Expires: ['-1']
      Pragma: [no-cache]
      Strict-Transport-Security: [max-age=31536000; includeSubDomains]
      Vary: [Accept-Encoding]
      content-length: ['1344']
    status: {code: 200, message: OK}
- request:
    body: '{"properties": {"parameters": {}, "template": {"parameters": {}, "variables":
      {}, "outputs": {"id": {"type": "string", "value": "[reference(resourceId(''Microsoft.Compute/virtualMachines'',
      ''vrfvm''),providers(''Microsoft.Compute'', ''virtualMachines'').apiVersions[0]).vmId]"},
      "macAddress": {"type": "string", "value": "[reference(resourceId(''Microsoft.Network/networkInterfaces'',
      ''vrfvmVMNic''),providers(''Microsoft.Network'', ''networkInterfaces'').apiVersions[0]).macAddress]"},
      "privateIpAddress": {"type": "string", "value": "[reference(resourceId(''Microsoft.Network/networkInterfaces'',
      ''vrfvmVMNic''),providers(''Microsoft.Network'', ''networkInterfaces'').apiVersions[0]).ipConfigurations[0].properties.privateIPAddress]"},
      "publicIpAddress": {"type": "string", "value": "[reference(resourceId(''Microsoft.Network/publicIPAddresses'',
      ''vrfpubip''),providers(''Microsoft.Network'', ''publicIPAddresses'').apiVersions[0]).ipAddress]"}},
      "contentVersion": "1.0.0.0", "$schema": "https://schema.management.azure.com/schemas/2015-01-01/deploymentTemplate.json#",
      "resources": []}, "mode": "Incremental"}}'
    headers:
      Accept: [application/json]
      Accept-Encoding: ['gzip, deflate']
      Connection: [keep-alive]
      Content-Length: ['1085']
      Content-Type: [application/json; charset=utf-8]
      User-Agent: [python/3.5.1 (Windows-10-10.0.14393-SP0) requests/2.9.1 msrest/0.4.4
          msrest_azure/0.4.6 resourcemanagementclient/0.30.2 Azure-SDK-For-Python
          AZURECLI/TEST/0.1.0b11+dev]
      accept-language: [en-US]
      x-ms-client-request-id: [fa414fb4-dda8-11e6-bd4d-a0b3ccf7272a]
    method: PUT
    uri: https://management.azure.com/subscriptions/00000000-0000-0000-0000-000000000000/resourcegroups/cli_test_vm_create_existing/providers/Microsoft.Resources/deployments/mock-deployment?api-version=2016-09-01
  response:
    body: {string: '{"id":"/subscriptions/00000000-0000-0000-0000-000000000000/resourceGroups/cli_test_vm_create_existing/providers/Microsoft.Resources/deployments/vm_vrfvm_output_MJdBseph","name":"vm_vrfvm_output_MJdBseph","properties":{"parameters":{},"mode":"Incremental","provisioningState":"Accepted","timestamp":"2017-01-18T18:07:31.4813355Z","duration":"PT0.3668791S","correlationId":"78139efc-cce5-4865-8386-276d9a2a1e21","providers":[],"dependencies":[]}}'}
    headers:
      Azure-AsyncOperation: ['https://management.azure.com/subscriptions/0b1f6471-1bf0-4dda-aec3-cb9272f09590/resourcegroups/cli_test_vm_create_existing/providers/Microsoft.Resources/deployments/vm_vrfvm_output_MJdBseph/operationStatuses/08587168440343631675?api-version=2016-09-01']
      Cache-Control: [no-cache]
      Content-Length: ['450']
      Content-Type: [application/json; charset=utf-8]
      Date: ['Wed, 18 Jan 2017 18:07:31 GMT']
      Expires: ['-1']
      Pragma: [no-cache]
      Strict-Transport-Security: [max-age=31536000; includeSubDomains]
      x-ms-ratelimit-remaining-subscription-writes: ['1199']
    status: {code: 201, message: Created}
- request:
    body: null
    headers:
      Accept: [application/json]
      Accept-Encoding: ['gzip, deflate']
      Connection: [keep-alive]
      Content-Type: [application/json; charset=utf-8]
      User-Agent: [python/3.5.1 (Windows-10-10.0.14393-SP0) requests/2.9.1 msrest/0.4.4
          msrest_azure/0.4.6 resourcemanagementclient/0.30.2 Azure-SDK-For-Python
          AZURECLI/TEST/0.1.0b11+dev]
      accept-language: [en-US]
      x-ms-client-request-id: [fa414fb4-dda8-11e6-bd4d-a0b3ccf7272a]
    method: GET
    uri: https://management.azure.com/subscriptions/00000000-0000-0000-0000-000000000000/resourcegroups/cli_test_vm_create_existing/providers/Microsoft.Resources/deployments/mock-deployment/operationStatuses/08587168440343631675?api-version=2016-09-01
  response:
    body: {string: '{"status":"Succeeded"}'}
    headers:
      Cache-Control: [no-cache]
      Content-Type: [application/json; charset=utf-8]
      Date: ['Wed, 18 Jan 2017 18:08:02 GMT']
      Expires: ['-1']
      Pragma: [no-cache]
      Strict-Transport-Security: [max-age=31536000; includeSubDomains]
      Vary: [Accept-Encoding]
      content-length: ['22']
    status: {code: 200, message: OK}
- request:
    body: null
    headers:
      Accept: [application/json]
      Accept-Encoding: ['gzip, deflate']
      Connection: [keep-alive]
      Content-Type: [application/json; charset=utf-8]
      User-Agent: [python/3.5.1 (Windows-10-10.0.14393-SP0) requests/2.9.1 msrest/0.4.4
          msrest_azure/0.4.6 resourcemanagementclient/0.30.2 Azure-SDK-For-Python
          AZURECLI/TEST/0.1.0b11+dev]
      accept-language: [en-US]
      x-ms-client-request-id: [fa414fb4-dda8-11e6-bd4d-a0b3ccf7272a]
    method: GET
    uri: https://management.azure.com/subscriptions/00000000-0000-0000-0000-000000000000/resourcegroups/cli_test_vm_create_existing/providers/Microsoft.Resources/deployments/mock-deployment?api-version=2016-09-01
  response:
    body: {string: '{"id":"/subscriptions/00000000-0000-0000-0000-000000000000/resourceGroups/cli_test_vm_create_existing/providers/Microsoft.Resources/deployments/vm_vrfvm_output_MJdBseph","name":"vm_vrfvm_output_MJdBseph","properties":{"parameters":{},"mode":"Incremental","provisioningState":"Succeeded","timestamp":"2017-01-18T18:07:33.5304427Z","duration":"PT2.4159863S","correlationId":"78139efc-cce5-4865-8386-276d9a2a1e21","providers":[],"dependencies":[],"outputs":{"id":{"type":"String","value":"a2022f10-8e71-485d-b0b5-f888a3bd050e"},"macAddress":{"type":"String","value":"00-0D-3A-34-B6-51"},"privateIpAddress":{"type":"String","value":"10.0.0.4"},"publicIpAddress":{"type":"String","value":"23.101.204.115"}},"outputResources":[]}}'}
    headers:
      Cache-Control: [no-cache]
      Content-Type: [application/json; charset=utf-8]
      Date: ['Wed, 18 Jan 2017 18:08:03 GMT']
      Expires: ['-1']
      Pragma: [no-cache]
      Strict-Transport-Security: [max-age=31536000; includeSubDomains]
      Vary: [Accept-Encoding]
      content-length: ['730']
    status: {code: 200, message: OK}
- request:
    body: null
    headers:
      Accept: [application/json]
      Accept-Encoding: ['gzip, deflate']
      Connection: [keep-alive]
      Content-Type: [application/json; charset=utf-8]
      User-Agent: [python/3.5.1 (Windows-10-10.0.14393-SP0) requests/2.9.1 msrest/0.4.4
          msrest_azure/0.4.6 computemanagementclient/0.32.1 Azure-SDK-For-Python AZURECLI/TEST/0.1.0b11+dev]
      accept-language: [en-US]
      x-ms-client-request-id: [0ec8fc9a-dda9-11e6-ba3d-a0b3ccf7272a]
    method: GET
    uri: https://management.azure.com/subscriptions/00000000-0000-0000-0000-000000000000/resourceGroups/cli_test_vm_create_existing/providers/Microsoft.Compute/availabilitySets/vrfavailset?api-version=2016-03-30
  response:
    body: {string: "{\r\n  \"properties\": {\r\n    \"platformUpdateDomainCount\"\
        : 5,\r\n    \"platformFaultDomainCount\": 3,\r\n    \"virtualMachines\": [\r\
        \n      {\r\n        \"id\": \"/subscriptions/00000000-0000-0000-0000-000000000000/resourceGroups/CLI_TEST_VM_CREATE_EXISTING_BIA6_/providers/Microsoft.Compute/virtualMachines/VRFVM\"\
        \r\n      }\r\n    ]\r\n  },\r\n  \"type\": \"Microsoft.Compute/availabilitySets\"\
        ,\r\n  \"location\": \"westus\",\r\n  \"tags\": {},\r\n  \"id\": \"/subscriptions/00000000-0000-0000-0000-000000000000/resourceGroups/cli_test_vm_create_existing/providers/Microsoft.Compute/availabilitySets/vrfavailset\"\
        ,\r\n  \"name\": \"vrfavailset\"\r\n}"}
    headers:
      Cache-Control: [no-cache]
      Content-Type: [application/json; charset=utf-8]
      Date: ['Wed, 18 Jan 2017 18:08:06 GMT']
      Expires: ['-1']
      Pragma: [no-cache]
      Server: [Microsoft-HTTPAPI/2.0, Microsoft-HTTPAPI/2.0]
      Strict-Transport-Security: [max-age=31536000; includeSubDomains]
      Transfer-Encoding: [chunked]
      Vary: [Accept-Encoding]
      content-length: ['605']
    status: {code: 200, message: OK}
- request:
    body: null
    headers:
      Accept: [application/json]
      Accept-Encoding: ['gzip, deflate']
      Connection: [keep-alive]
      Content-Type: [application/json; charset=utf-8]
      User-Agent: [python/3.5.1 (Windows-10-10.0.14393-SP0) requests/2.9.1 msrest/0.4.4
          msrest_azure/0.4.6 networkmanagementclient/0.30.0 Azure-SDK-For-Python AZURECLI/TEST/0.1.0b11+dev]
      accept-language: [en-US]
      x-ms-client-request-id: [103ce722-dda9-11e6-a421-a0b3ccf7272a]
    method: GET
    uri: https://management.azure.com/subscriptions/00000000-0000-0000-0000-000000000000/resourceGroups/cli_test_vm_create_existing/providers/Microsoft.Network/networkSecurityGroups/vrfnsg?api-version=2016-09-01
  response:
    body: {string: "{\r\n  \"name\": \"vrfnsg\",\r\n  \"id\": \"/subscriptions/00000000-0000-0000-0000-000000000000/resourceGroups/cli_test_vm_create_existing/providers/Microsoft.Network/networkSecurityGroups/vrfnsg\"\
        ,\r\n  \"etag\": \"W/\\\"0747e4ea-2230-41ca-bb48-045e2fb6796e\\\"\",\r\n \
        \ \"type\": \"Microsoft.Network/networkSecurityGroups\",\r\n  \"location\"\
        : \"westus\",\r\n  \"tags\": {},\r\n  \"properties\": {\r\n    \"provisioningState\"\
        : \"Succeeded\",\r\n    \"resourceGuid\": \"cd13d33a-d9da-4134-a47d-69414b8673c4\"\
        ,\r\n    \"securityRules\": [],\r\n    \"defaultSecurityRules\": [\r\n   \
        \   {\r\n        \"name\": \"AllowVnetInBound\",\r\n        \"id\": \"/subscriptions/00000000-0000-0000-0000-000000000000/resourceGroups/cli_test_vm_create_existing/providers/Microsoft.Network/networkSecurityGroups/vrfnsg/defaultSecurityRules/AllowVnetInBound\"\
        ,\r\n        \"etag\": \"W/\\\"0747e4ea-2230-41ca-bb48-045e2fb6796e\\\"\"\
        ,\r\n        \"properties\": {\r\n          \"provisioningState\": \"Succeeded\"\
        ,\r\n          \"description\": \"Allow inbound traffic from all VMs in VNET\"\
        ,\r\n          \"protocol\": \"*\",\r\n          \"sourcePortRange\": \"*\"\
        ,\r\n          \"destinationPortRange\": \"*\",\r\n          \"sourceAddressPrefix\"\
        : \"VirtualNetwork\",\r\n          \"destinationAddressPrefix\": \"VirtualNetwork\"\
        ,\r\n          \"access\": \"Allow\",\r\n          \"priority\": 65000,\r\n\
        \          \"direction\": \"Inbound\"\r\n        }\r\n      },\r\n      {\r\
        \n        \"name\": \"AllowAzureLoadBalancerInBound\",\r\n        \"id\":\
        \ \"/subscriptions/00000000-0000-0000-0000-000000000000/resourceGroups/cli_test_vm_create_existing/providers/Microsoft.Network/networkSecurityGroups/vrfnsg/defaultSecurityRules/AllowAzureLoadBalancerInBound\"\
        ,\r\n        \"etag\": \"W/\\\"0747e4ea-2230-41ca-bb48-045e2fb6796e\\\"\"\
        ,\r\n        \"properties\": {\r\n          \"provisioningState\": \"Succeeded\"\
        ,\r\n          \"description\": \"Allow inbound traffic from azure load balancer\"\
        ,\r\n          \"protocol\": \"*\",\r\n          \"sourcePortRange\": \"*\"\
        ,\r\n          \"destinationPortRange\": \"*\",\r\n          \"sourceAddressPrefix\"\
        : \"AzureLoadBalancer\",\r\n          \"destinationAddressPrefix\": \"*\"\
        ,\r\n          \"access\": \"Allow\",\r\n          \"priority\": 65001,\r\n\
        \          \"direction\": \"Inbound\"\r\n        }\r\n      },\r\n      {\r\
        \n        \"name\": \"DenyAllInBound\",\r\n        \"id\": \"/subscriptions/00000000-0000-0000-0000-000000000000/resourceGroups/cli_test_vm_create_existing/providers/Microsoft.Network/networkSecurityGroups/vrfnsg/defaultSecurityRules/DenyAllInBound\"\
        ,\r\n        \"etag\": \"W/\\\"0747e4ea-2230-41ca-bb48-045e2fb6796e\\\"\"\
        ,\r\n        \"properties\": {\r\n          \"provisioningState\": \"Succeeded\"\
        ,\r\n          \"description\": \"Deny all inbound traffic\",\r\n        \
        \  \"protocol\": \"*\",\r\n          \"sourcePortRange\": \"*\",\r\n     \
        \     \"destinationPortRange\": \"*\",\r\n          \"sourceAddressPrefix\"\
        : \"*\",\r\n          \"destinationAddressPrefix\": \"*\",\r\n          \"\
        access\": \"Deny\",\r\n          \"priority\": 65500,\r\n          \"direction\"\
        : \"Inbound\"\r\n        }\r\n      },\r\n      {\r\n        \"name\": \"\
        AllowVnetOutBound\",\r\n        \"id\": \"/subscriptions/00000000-0000-0000-0000-000000000000/resourceGroups/cli_test_vm_create_existing/providers/Microsoft.Network/networkSecurityGroups/vrfnsg/defaultSecurityRules/AllowVnetOutBound\"\
        ,\r\n        \"etag\": \"W/\\\"0747e4ea-2230-41ca-bb48-045e2fb6796e\\\"\"\
        ,\r\n        \"properties\": {\r\n          \"provisioningState\": \"Succeeded\"\
        ,\r\n          \"description\": \"Allow outbound traffic from all VMs to all\
        \ VMs in VNET\",\r\n          \"protocol\": \"*\",\r\n          \"sourcePortRange\"\
        : \"*\",\r\n          \"destinationPortRange\": \"*\",\r\n          \"sourceAddressPrefix\"\
        : \"VirtualNetwork\",\r\n          \"destinationAddressPrefix\": \"VirtualNetwork\"\
        ,\r\n          \"access\": \"Allow\",\r\n          \"priority\": 65000,\r\n\
        \          \"direction\": \"Outbound\"\r\n        }\r\n      },\r\n      {\r\
        \n        \"name\": \"AllowInternetOutBound\",\r\n        \"id\": \"/subscriptions/00000000-0000-0000-0000-000000000000/resourceGroups/cli_test_vm_create_existing/providers/Microsoft.Network/networkSecurityGroups/vrfnsg/defaultSecurityRules/AllowInternetOutBound\"\
        ,\r\n        \"etag\": \"W/\\\"0747e4ea-2230-41ca-bb48-045e2fb6796e\\\"\"\
        ,\r\n        \"properties\": {\r\n          \"provisioningState\": \"Succeeded\"\
        ,\r\n          \"description\": \"Allow outbound traffic from all VMs to Internet\"\
        ,\r\n          \"protocol\": \"*\",\r\n          \"sourcePortRange\": \"*\"\
        ,\r\n          \"destinationPortRange\": \"*\",\r\n          \"sourceAddressPrefix\"\
        : \"*\",\r\n          \"destinationAddressPrefix\": \"Internet\",\r\n    \
        \      \"access\": \"Allow\",\r\n          \"priority\": 65001,\r\n      \
        \    \"direction\": \"Outbound\"\r\n        }\r\n      },\r\n      {\r\n \
        \       \"name\": \"DenyAllOutBound\",\r\n        \"id\": \"/subscriptions/00000000-0000-0000-0000-000000000000/resourceGroups/cli_test_vm_create_existing/providers/Microsoft.Network/networkSecurityGroups/vrfnsg/defaultSecurityRules/DenyAllOutBound\"\
        ,\r\n        \"etag\": \"W/\\\"0747e4ea-2230-41ca-bb48-045e2fb6796e\\\"\"\
        ,\r\n        \"properties\": {\r\n          \"provisioningState\": \"Succeeded\"\
        ,\r\n          \"description\": \"Deny all outbound traffic\",\r\n       \
        \   \"protocol\": \"*\",\r\n          \"sourcePortRange\": \"*\",\r\n    \
        \      \"destinationPortRange\": \"*\",\r\n          \"sourceAddressPrefix\"\
        : \"*\",\r\n          \"destinationAddressPrefix\": \"*\",\r\n          \"\
        access\": \"Deny\",\r\n          \"priority\": 65500,\r\n          \"direction\"\
        : \"Outbound\"\r\n        }\r\n      }\r\n    ],\r\n    \"networkInterfaces\"\
        : [\r\n      {\r\n        \"id\": \"/subscriptions/00000000-0000-0000-0000-000000000000/resourceGroups/cli_test_vm_create_existing/providers/Microsoft.Network/networkInterfaces/vrfvmVMNic\"\
        \r\n      }\r\n    ]\r\n  }\r\n}"}
    headers:
      Cache-Control: [no-cache]
      Content-Type: [application/json; charset=utf-8]
      Date: ['Wed, 18 Jan 2017 18:08:07 GMT']
      ETag: [W/"0747e4ea-2230-41ca-bb48-045e2fb6796e"]
      Expires: ['-1']
      Pragma: [no-cache]
      Server: [Microsoft-HTTPAPI/2.0, Microsoft-HTTPAPI/2.0]
      Strict-Transport-Security: [max-age=31536000; includeSubDomains]
      Transfer-Encoding: [chunked]
      Vary: [Accept-Encoding]
      content-length: ['5452']
    status: {code: 200, message: OK}
- request:
    body: null
    headers:
      Accept: [application/json]
      Accept-Encoding: ['gzip, deflate']
      Connection: [keep-alive]
      Content-Type: [application/json; charset=utf-8]
      User-Agent: [python/3.5.1 (Windows-10-10.0.14393-SP0) requests/2.9.1 msrest/0.4.4
          msrest_azure/0.4.6 networkmanagementclient/0.30.0 Azure-SDK-For-Python AZURECLI/TEST/0.1.0b11+dev]
      accept-language: [en-US]
      x-ms-client-request-id: [10e14754-dda9-11e6-ac89-a0b3ccf7272a]
    method: GET
    uri: https://management.azure.com/subscriptions/00000000-0000-0000-0000-000000000000/resourceGroups/cli_test_vm_create_existing/providers/Microsoft.Network/networkInterfaces/vrfvmVMNic?api-version=2016-09-01
  response:
    body: {string: "{\r\n  \"name\": \"vrfvmVMNic\",\r\n  \"id\": \"/subscriptions/00000000-0000-0000-0000-000000000000/resourceGroups/cli_test_vm_create_existing/providers/Microsoft.Network/networkInterfaces/vrfvmVMNic\"\
        ,\r\n  \"etag\": \"W/\\\"1fae644a-b1ee-47ad-9d50-21c629c8c8ef\\\"\",\r\n \
        \ \"location\": \"westus\",\r\n  \"tags\": {},\r\n  \"properties\": {\r\n\
        \    \"provisioningState\": \"Succeeded\",\r\n    \"resourceGuid\": \"f55772af-81f5-49e5-9d4a-2ca132d4f317\"\
        ,\r\n    \"ipConfigurations\": [\r\n      {\r\n        \"name\": \"ipconfigvrfvm\"\
        ,\r\n        \"id\": \"/subscriptions/00000000-0000-0000-0000-000000000000/resourceGroups/cli_test_vm_create_existing/providers/Microsoft.Network/networkInterfaces/vrfvmVMNic/ipConfigurations/ipconfigvrfvm\"\
        ,\r\n        \"etag\": \"W/\\\"1fae644a-b1ee-47ad-9d50-21c629c8c8ef\\\"\"\
        ,\r\n        \"properties\": {\r\n          \"provisioningState\": \"Succeeded\"\
        ,\r\n          \"privateIPAddress\": \"10.0.0.4\",\r\n          \"privateIPAllocationMethod\"\
        : \"Dynamic\",\r\n          \"publicIPAddress\": {\r\n            \"id\":\
        \ \"/subscriptions/00000000-0000-0000-0000-000000000000/resourceGroups/cli_test_vm_create_existing/providers/Microsoft.Network/publicIPAddresses/vrfpubip\"\
        \r\n          },\r\n          \"subnet\": {\r\n            \"id\": \"/subscriptions/00000000-0000-0000-0000-000000000000/resourceGroups/cli_test_vm_create_existing/providers/Microsoft.Network/virtualNetworks/vrfvnet/subnets/vrfsubnet\"\
        \r\n          },\r\n          \"primary\": true,\r\n          \"privateIPAddressVersion\"\
        : \"IPv4\"\r\n        }\r\n      }\r\n    ],\r\n    \"dnsSettings\": {\r\n\
        \      \"dnsServers\": [],\r\n      \"appliedDnsServers\": [],\r\n      \"\
        internalDomainNameSuffix\": \"30ykgqqnalau1odnb1hufvmjjd.dx.internal.cloudapp.net\"\
        \r\n    },\r\n    \"macAddress\": \"00-0D-3A-34-B6-51\",\r\n    \"enableAcceleratedNetworking\"\
        : false,\r\n    \"enableIPForwarding\": false,\r\n    \"networkSecurityGroup\"\
        : {\r\n      \"id\": \"/subscriptions/00000000-0000-0000-0000-000000000000/resourceGroups/cli_test_vm_create_existing/providers/Microsoft.Network/networkSecurityGroups/vrfnsg\"\
        \r\n    },\r\n    \"primary\": true,\r\n    \"virtualMachine\": {\r\n    \
        \  \"id\": \"/subscriptions/00000000-0000-0000-0000-000000000000/resourceGroups/cli_test_vm_create_existing/providers/Microsoft.Compute/virtualMachines/vrfvm\"\
        \r\n    }\r\n  },\r\n  \"type\": \"Microsoft.Network/networkInterfaces\"\r\
        \n}"}
    headers:
      Cache-Control: [no-cache]
      Content-Type: [application/json; charset=utf-8]
      Date: ['Wed, 18 Jan 2017 18:08:08 GMT']
      ETag: [W/"1fae644a-b1ee-47ad-9d50-21c629c8c8ef"]
      Expires: ['-1']
      Pragma: [no-cache]
      Server: [Microsoft-HTTPAPI/2.0, Microsoft-HTTPAPI/2.0]
      Strict-Transport-Security: [max-age=31536000; includeSubDomains]
      Transfer-Encoding: [chunked]
      Vary: [Accept-Encoding]
      content-length: ['2252']
    status: {code: 200, message: OK}
- request:
    body: null
    headers:
      Accept: [application/json]
      Accept-Encoding: ['gzip, deflate']
      Connection: [keep-alive]
      Content-Type: [application/json; charset=utf-8]
      User-Agent: [python/3.5.1 (Windows-10-10.0.14393-SP0) requests/2.9.1 msrest/0.4.4
          msrest_azure/0.4.6 computemanagementclient/0.32.1 Azure-SDK-For-Python AZURECLI/TEST/0.1.0b11+dev]
      accept-language: [en-US]
      x-ms-client-request-id: [117b3358-dda9-11e6-9652-a0b3ccf7272a]
    method: GET
    uri: https://management.azure.com/subscriptions/00000000-0000-0000-0000-000000000000/resourceGroups/cli_test_vm_create_existing/providers/Microsoft.Compute/virtualMachines/vrfvm?api-version=2016-03-30
  response:
    body: {string: "{\r\n  \"properties\": {\r\n    \"vmId\": \"a2022f10-8e71-485d-b0b5-f888a3bd050e\"\
        ,\r\n    \"availabilitySet\": {\r\n      \"id\": \"/subscriptions/00000000-0000-0000-0000-000000000000/resourceGroups/cli_test_vm_create_existing/providers/Microsoft.Compute/availabilitySets/VRFAVAILSET\"\
        \r\n    },\r\n    \"hardwareProfile\": {\r\n      \"vmSize\": \"Standard_DS2\"\
        \r\n    },\r\n    \"storageProfile\": {\r\n      \"imageReference\": {\r\n\
        \        \"publisher\": \"Canonical\",\r\n        \"offer\": \"UbuntuServer\"\
        ,\r\n        \"sku\": \"14.04.4-LTS\",\r\n        \"version\": \"latest\"\r\
        \n      },\r\n      \"osDisk\": {\r\n        \"osType\": \"Linux\",\r\n  \
        \      \"name\": \"vrfosdisk\",\r\n        \"createOption\": \"FromImage\"\
        ,\r\n        \"vhd\": {\r\n          \"uri\": \"https://azureclivrfstorage0011.blob.core.windows.net/vrfcontainer/vrfosdisk.vhd\"\
        \r\n        },\r\n        \"caching\": \"ReadWrite\"\r\n      },\r\n     \
        \ \"dataDisks\": []\r\n    },\r\n    \"osProfile\": {\r\n      \"computerName\"\
        : \"vrfvm\",\r\n      \"adminUsername\": \"trpresco\",\r\n      \"linuxConfiguration\"\
        : {\r\n        \"disablePasswordAuthentication\": true,\r\n        \"ssh\"\
        : {\r\n          \"publicKeys\": [\r\n            {\r\n              \"path\"\
        : \"/home/trpresco/.ssh/authorized_keys\",\r\n              \"keyData\": \"\
        ssh-rsa AAAAB3NzaC1yc2EAAAADAQABAAACAQCbIg1guRHbI0lV11wWDt1r2cUdcNd27CJsg+SfgC7miZeubtwUhbsPdhMQsfDyhOWHq1+ZL0M+nJZV63d/1dhmhtgyOqejUwrPlzKhydsbrsdUor+JmNJDdW01v7BXHyuymT8G4s09jCasNOwiufbP/qp72ruu0bIA1nySsvlf9pCQAuFkAnVnf/rFhUlOkhtRpwcq8SUNY2zRHR/EKb/4NWY1JzR4sa3q2fWIJdrrX0DvLoa5g9bIEd4Df79ba7v+yiUBOS0zT2ll+z4g9izHK3EO5d8hL4jYxcjKs+wcslSYRWrascfscLgMlMGh0CdKeNTDjHpGPncaf3Z+FwwwjWeuiNBxv7bJo13/8B/098KlVDl4GZqsoBCEjPyJfV6hO0y/LkRGkk7oHWKgeWAfKtfLItRp00eZ4fcJNK9kCaSMmEugoZWcI7NGbZXzqFWqbpRI7NcDP9+WIQ+i9U5vqWsqd/zng4kbuAJ6UuKqIzB0upYrLShfQE3SAck8oaLhJqqq56VfDuASNpJKidV+zq27HfSBmbXnkR/5AK337dc3MXKJypoK/QPMLKUAP5XLPbs+NddJQV7EZXd29DLgp+fRIg3edpKdO7ZErWhv7d+3Kws+e1Y+ypmR2WIVSwVyBEUfgv2C8Ts9gnTF4pNcEY/S2aBicz5Ew2+jdyGNQQ==\
        \ test@example.com\\n\"\r\n            }\r\n          ]\r\n        }\r\n \
        \     },\r\n      \"secrets\": []\r\n    },\r\n    \"networkProfile\": {\"\
        networkInterfaces\":[{\"id\":\"/subscriptions/00000000-0000-0000-0000-000000000000/resourceGroups/cli_test_vm_create_existing/providers/Microsoft.Network/networkInterfaces/vrfvmVMNic\"\
        }]},\r\n    \"provisioningState\": \"Succeeded\"\r\n  },\r\n  \"type\": \"\
        Microsoft.Compute/virtualMachines\",\r\n  \"location\": \"westus\",\r\n  \"\
        tags\": {},\r\n  \"id\": \"/subscriptions/00000000-0000-0000-0000-000000000000/resourceGroups/cli_test_vm_create_existing/providers/Microsoft.Compute/virtualMachines/vrfvm\"\
        ,\r\n  \"name\": \"vrfvm\"\r\n}"}
    headers:
      Cache-Control: [no-cache]
      Content-Type: [application/json; charset=utf-8]
      Date: ['Wed, 18 Jan 2017 18:08:11 GMT']
      Expires: ['-1']
      Pragma: [no-cache]
      Server: [Microsoft-HTTPAPI/2.0, Microsoft-HTTPAPI/2.0]
      Strict-Transport-Security: [max-age=31536000; includeSubDomains]
      Transfer-Encoding: [chunked]
      Vary: [Accept-Encoding]
      content-length: ['2526']
    status: {code: 200, message: OK}
version: 1
