interactions:
- request:
    body: '{"location": "eastus", "tags": {"use": "az-test"}}'
    headers:
      Accept: [application/json]
      Accept-Encoding: ['gzip, deflate']
      CommandName: [group create]
      Connection: [keep-alive]
      Content-Length: ['50']
      Content-Type: [application/json; charset=utf-8]
      User-Agent: [python/3.5.3 (Linux-4.10.0-35-generic-x86_64-with-Ubuntu-17.04-zesty)
          requests/2.9.1 msrest/0.4.14 msrest_azure/0.4.14 resourcemanagementclient/1.2.0rc2
          Azure-SDK-For-Python AZURECLI/2.0.16+dev]
      accept-language: [en-US]
    method: PUT
    uri: https://management.azure.com/subscriptions/00000000-0000-0000-0000-000000000000/resourcegroups/clitest.rg000001?api-version=2017-05-10
  response:
    body: {string: '{"id":"/subscriptions/00000000-0000-0000-0000-000000000000/resourceGroups/clitest.rg000001","name":"clitest.rg000001","location":"eastus","tags":{"use":"az-test"},"properties":{"provisioningState":"Succeeded"}}'}
    headers:
      cache-control: [no-cache]
      content-length: ['328']
      content-type: [application/json; charset=utf-8]
      date: ['Sat, 30 Sep 2017 22:13:56 GMT']
      expires: ['-1']
      pragma: [no-cache]
      strict-transport-security: [max-age=31536000; includeSubDomains]
      x-ms-ratelimit-remaining-subscription-writes: ['1199']
    status: {code: 201, message: Created}
- request:
    body: '{"properties": {"supportsHttpsTrafficOnly": false}, "location": "eastus",
      "kind": "Storage", "sku": {"name": "Standard_LRS"}}'
    headers:
      Accept: [application/json]
      Accept-Encoding: ['gzip, deflate']
      CommandName: [storage account create]
      Connection: [keep-alive]
      Content-Length: ['125']
      Content-Type: [application/json; charset=utf-8]
      User-Agent: [python/3.5.3 (Linux-4.10.0-35-generic-x86_64-with-Ubuntu-17.04-zesty)
          requests/2.9.1 msrest/0.4.14 msrest_azure/0.4.14 storagemanagementclient/1.2.0
          Azure-SDK-For-Python AZURECLI/2.0.16+dev]
      accept-language: [en-US]
    method: PUT
    uri: https://management.azure.com/subscriptions/00000000-0000-0000-0000-000000000000/resourceGroups/clitest.rg000001/providers/Microsoft.Storage/storageAccounts/clitest000002?api-version=2017-10-01
  response:
    body: {string: ''}
    headers:
      cache-control: [no-cache]
      content-length: ['0']
      date: ['Sat, 30 Sep 2017 22:13:58 GMT']
      expires: ['-1']
      location: ['https://management.azure.com/subscriptions/00000000-0000-0000-0000-000000000000/providers/Microsoft.Storage/locations/eastus/asyncoperations/42e9fcfa-0e94-49fc-a548-9a6bc3462384?monitor=true&api-version=2017-10-01']
      pragma: [no-cache]
      server: [Microsoft-Azure-Storage-Resource-Provider/1.0, Microsoft-HTTPAPI/2.0]
      strict-transport-security: [max-age=31536000; includeSubDomains]
      x-ms-ratelimit-remaining-subscription-writes: ['1199']
    status: {code: 202, message: Accepted}
- request:
    body: null
    headers:
      Accept: [application/json]
      Accept-Encoding: ['gzip, deflate']
      CommandName: [storage account create]
      Connection: [keep-alive]
      Content-Type: [application/json; charset=utf-8]
      User-Agent: [python/3.5.3 (Linux-4.10.0-35-generic-x86_64-with-Ubuntu-17.04-zesty)
          requests/2.9.1 msrest/0.4.14 msrest_azure/0.4.14 storagemanagementclient/1.2.0
          Azure-SDK-For-Python AZURECLI/2.0.16+dev]
      accept-language: [en-US]
    method: GET
    uri: https://management.azure.com/subscriptions/00000000-0000-0000-0000-000000000000/providers/Microsoft.Storage/locations/eastus/asyncoperations/42e9fcfa-0e94-49fc-a548-9a6bc3462384?monitor=true&api-version=2017-10-01
  response:
    body: {string: '{"id":"/subscriptions/00000000-0000-0000-0000-000000000000/resourceGroups/clitest.rg000001/providers/Microsoft.Storage/storageAccounts/clitest000002","kind":"Storage","location":"eastus","name":"clitest000002","properties":{"creationTime":"2017-09-30T22:13:58.1177253Z","networkAcls":{"bypass":"AzureServices","defaultAction":"Allow","ipRules":[],"virtualNetworkRules":[]},"primaryEndpoints":{"blob":"https://clitest000002.blob.core.windows.net/","file":"https://clitest000002.file.core.windows.net/","queue":"https://clitest000002.queue.core.windows.net/","table":"https://clitest000002.table.core.windows.net/"},"primaryLocation":"eastus","provisioningState":"Succeeded","statusOfPrimary":"available","supportsHttpsTrafficOnly":false},"sku":{"name":"Standard_LRS","tier":"Standard"},"tags":{},"type":"Microsoft.Storage/storageAccounts"}

        '}
    headers:
      cache-control: [no-cache]
      content-length: ['964']
      content-type: [application/json]
      date: ['Sat, 30 Sep 2017 22:14:15 GMT']
      expires: ['-1']
      pragma: [no-cache]
      server: [Microsoft-Azure-Storage-Resource-Provider/1.0, Microsoft-HTTPAPI/2.0]
      strict-transport-security: [max-age=31536000; includeSubDomains]
      transfer-encoding: [chunked]
      vary: [Accept-Encoding]
    status: {code: 200, message: OK}
- request:
    body: null
    headers:
      Accept: [application/json]
      Accept-Encoding: ['gzip, deflate']
      CommandName: [storage account keys list]
      Connection: [keep-alive]
      Content-Length: ['0']
      Content-Type: [application/json; charset=utf-8]
      User-Agent: [python/3.5.3 (Linux-4.10.0-35-generic-x86_64-with-Ubuntu-17.04-zesty)
          requests/2.9.1 msrest/0.4.14 msrest_azure/0.4.14 storagemanagementclient/1.2.0
          Azure-SDK-For-Python AZURECLI/2.0.16+dev]
      accept-language: [en-US]
    method: POST
    uri: https://management.azure.com/subscriptions/00000000-0000-0000-0000-000000000000/resourceGroups/clitest.rg000001/providers/Microsoft.Storage/storageAccounts/clitest000002/listKeys?api-version=2017-10-01
  response:
    body: {string: '{"keys":[{"keyName":"key1","permissions":"Full","value":"vkw8+Mmn4A1wwIx0/VL/nchfiqaWr4ksAryIa605DjfF8cNNmC4Ab8Kf1QpDDFGuEDZqkT8jkkWOdb+OQEmR4g=="},{"keyName":"key2","permissions":"Full","value":"KU6Bv+jCwub808zynSxJchUafjW9W5FiU6u9VVWNf56hjsJDEz35EOYk7RKQ6G/qQXaZ6AdqKXsKo7+ubjw4vg=="}]}

        '}
    headers:
      cache-control: [no-cache]
      content-length: ['289']
      content-type: [application/json]
      date: ['Sat, 30 Sep 2017 22:14:16 GMT']
      expires: ['-1']
      pragma: [no-cache]
      server: [Microsoft-Azure-Storage-Resource-Provider/1.0, Microsoft-HTTPAPI/2.0]
      strict-transport-security: [max-age=31536000; includeSubDomains]
      transfer-encoding: [chunked]
      vary: [Accept-Encoding]
      x-ms-ratelimit-remaining-subscription-writes: ['1199']
    status: {code: 200, message: OK}
- request:
    body: null
    headers:
      Accept: [application/json]
      Accept-Encoding: ['gzip, deflate']
      CommandName: [storage account keys list]
      Connection: [keep-alive]
      Content-Length: ['0']
      Content-Type: [application/json; charset=utf-8]
      User-Agent: [python/3.5.3 (Linux-4.10.0-35-generic-x86_64-with-Ubuntu-17.04-zesty)
          requests/2.9.1 msrest/0.4.14 msrest_azure/0.4.14 storagemanagementclient/1.2.0
          Azure-SDK-For-Python AZURECLI/2.0.16+dev]
      accept-language: [en-US]
    method: POST
    uri: https://management.azure.com/subscriptions/00000000-0000-0000-0000-000000000000/resourceGroups/clitest.rg000001/providers/Microsoft.Storage/storageAccounts/clitest000002/listKeys?api-version=2017-10-01
  response:
    body: {string: '{"keys":[{"keyName":"key1","permissions":"Full","value":"vkw8+Mmn4A1wwIx0/VL/nchfiqaWr4ksAryIa605DjfF8cNNmC4Ab8Kf1QpDDFGuEDZqkT8jkkWOdb+OQEmR4g=="},{"keyName":"key2","permissions":"Full","value":"KU6Bv+jCwub808zynSxJchUafjW9W5FiU6u9VVWNf56hjsJDEz35EOYk7RKQ6G/qQXaZ6AdqKXsKo7+ubjw4vg=="}]}

        '}
    headers:
      cache-control: [no-cache]
      content-length: ['289']
      content-type: [application/json]
      date: ['Sat, 30 Sep 2017 22:14:17 GMT']
      expires: ['-1']
      pragma: [no-cache]
      server: [Microsoft-Azure-Storage-Resource-Provider/1.0, Microsoft-HTTPAPI/2.0]
      strict-transport-security: [max-age=31536000; includeSubDomains]
      transfer-encoding: [chunked]
      vary: [Accept-Encoding]
      x-ms-ratelimit-remaining-subscription-writes: ['1199']
    status: {code: 200, message: OK}
- request:
    body: null
    headers:
      Connection: [keep-alive]
      Content-Length: ['0']
      User-Agent: [Azure-Storage/0.36.0 (Python CPython 3.5.3; Linux 4.10.0-35-generic)
          AZURECLI/2.0.16+dev]
      x-ms-date: ['Sat, 30 Sep 2017 22:14:17 GMT']
      x-ms-version: ['2017-04-17']
    method: PUT
    uri: https://clitest000002.file.core.windows.net/share?restype=share
  response:
    body: {string: ''}
    headers:
      date: ['Sat, 30 Sep 2017 22:14:17 GMT']
      etag: ['"0x8D5085097CCF0A9"']
      last-modified: ['Sat, 30 Sep 2017 22:14:17 GMT']
      server: [Windows-Azure-File/1.0 Microsoft-HTTPAPI/2.0]
      transfer-encoding: [chunked]
      x-ms-version: ['2017-04-17']
    status: {code: 201, message: Created}
- request:
    body: 'b''{"properties": {"userAccountSettings": {"adminUserName": "DemoUser",
      "adminUserPassword": "DemoPa$$w0rd"}, "nodeSetup": {"mountVolumes": {"azureFileShares":
      [{"accountName": "clitest000002", "fileMode": "0777", "directoryMode": "0777",
      "azureFileUrl": "https://clitest000002.file.core.windows.net/share", "credentialsInfo":
      {"accountKey": "vkw8+Mmn4A1wwIx0/VL/nchfiqaWr4ksAryIa605DjfF8cNNmC4Ab8Kf1QpDDFGuEDZqkT8jkkWOdb+OQEmR4g=="},
      "relativeMountPath": "azfiles"}]}}, "scaleSettings": {"manual": {"targetNodeCount":
      1}}, "vmSize": "STANDARD_D1"}, "location": "eastus"}'''
    headers:
      Accept: [application/json]
      Accept-Encoding: ['gzip, deflate']
      CommandName: [batchai cluster create]
      Connection: [keep-alive]
      Content-Length: ['590']
      Content-Type: [application/json; charset=utf-8]
      User-Agent: [python/3.5.3 (Linux-4.10.0-35-generic-x86_64-with-Ubuntu-17.04-zesty)
          requests/2.9.1 msrest/0.4.14 msrest_azure/0.4.14 batchaiclient/0.2.0 Azure-SDK-For-Python
          AZURECLI/2.0.16+dev]
      accept-language: [en-US]
    method: PUT
    uri: https://management.azure.com/subscriptions/00000000-0000-0000-0000-000000000000/resourceGroups/clitest.rg000001/providers/Microsoft.BatchAI/clusters/cluster?api-version=2017-09-01-preview
  response:
    body: {string: ''}
    headers:
      azure-asyncoperation: ['https://management.azure.com/subscriptions/00000000-0000-0000-0000-000000000000/providers/Microsoft.BatchAI/locations/eastus/operationresults/866ba2f4-b8e0-4695-8d7b-46d79023198b?api-version=2017-09-01-preview']
      cache-control: [no-cache]
      content-length: ['0']
      date: ['Sat, 30 Sep 2017 22:14:29 GMT']
      expires: ['-1']
      location: ['https://management.azure.com/subscriptions/00000000-0000-0000-0000-000000000000/providers/Microsoft.BatchAI/locations/eastus/operationresults/866ba2f4-b8e0-4695-8d7b-46d79023198b?api-version=2017-09-01-preview']
      pragma: [no-cache]
      request-id: [88e89353-7e3b-47b9-bb93-95928331781a]
      server: [Microsoft-HTTPAPI/2.0]
      strict-transport-security: [max-age=31536000; includeSubDomains]
      x-content-type-options: [nosniff]
      x-ms-ratelimit-remaining-subscription-writes: ['1199']
    status: {code: 202, message: Accepted}
- request:
    body: null
    headers:
      Accept: [application/json]
      Accept-Encoding: ['gzip, deflate']
      CommandName: [batchai cluster create]
      Connection: [keep-alive]
      Content-Type: [application/json; charset=utf-8]
      User-Agent: [python/3.5.3 (Linux-4.10.0-35-generic-x86_64-with-Ubuntu-17.04-zesty)
          requests/2.9.1 msrest/0.4.14 msrest_azure/0.4.14 batchaiclient/0.2.0 Azure-SDK-For-Python
          AZURECLI/2.0.16+dev]
      accept-language: [en-US]
    method: GET
    uri: https://management.azure.com/subscriptions/00000000-0000-0000-0000-000000000000/providers/Microsoft.BatchAI/locations/eastus/operationresults/866ba2f4-b8e0-4695-8d7b-46d79023198b?api-version=2017-09-01-preview
  response:
    body: {string: '{"id":"https://management.azure.com/subscriptions/00000000-0000-0000-0000-000000000000/providers/Microsoft.BatchAI/locations/eastus/operationresults/866ba2f4-b8e0-4695-8d7b-46d79023198b","name":"866ba2f4-b8e0-4695-8d7b-46d79023198b","status":"Succeeded","startTime":"2017-09-30T22:14:29.418Z","endTime":"2017-09-30T22:14:31.717Z","properties":{"resourceId":"8001b49e-e169-4ee6-a5ff-9c3ea5385053$clitest.rg000001$cluster"}}'}
    headers:
      cache-control: [no-cache]
      content-length: ['481']
      content-type: [application/json; charset=utf-8]
      date: ['Sat, 30 Sep 2017 22:14:46 GMT']
      expires: ['-1']
      pragma: [no-cache]
      request-id: [e1bc5fb8-8d6d-4135-9745-00c91610115f]
      server: [Microsoft-HTTPAPI/2.0]
      strict-transport-security: [max-age=31536000; includeSubDomains]
      transfer-encoding: [chunked]
      vary: [Accept-Encoding]
      x-content-type-options: [nosniff]
    status: {code: 200, message: OK}
- request:
    body: null
    headers:
      Accept: [application/json]
      Accept-Encoding: ['gzip, deflate']
      CommandName: [batchai cluster create]
      Connection: [keep-alive]
      Content-Type: [application/json; charset=utf-8]
      User-Agent: [python/3.5.3 (Linux-4.10.0-35-generic-x86_64-with-Ubuntu-17.04-zesty)
          requests/2.9.1 msrest/0.4.14 msrest_azure/0.4.14 batchaiclient/0.2.0 Azure-SDK-For-Python
          AZURECLI/2.0.16+dev]
      accept-language: [en-US]
    method: GET
    uri: https://management.azure.com/subscriptions/00000000-0000-0000-0000-000000000000/resourceGroups/clitest.rg000001/providers/Microsoft.BatchAI/clusters/cluster?api-version=2017-09-01-preview
  response:
    body: {string: '{"id":"/subscriptions/00000000-0000-0000-0000-000000000000/resourceGroups/clitest.rg000001/providers/Microsoft.BatchAI/clusters/cluster","name":"cluster","type":"Microsoft.BatchAI/Clusters","location":"eastus","properties":{"provisioningState":"Succeeded","allocationState":"Resizing","creationTime":"2017-09-30T22:14:29.215Z","lastModified":"2017-09-30T22:14:29.215Z","allocationStateTransitionTime":"2017-09-30T22:14:31.715Z","provisioningStateTransitionTime":"2017-09-30T22:14:31.701Z","vmSize":"STANDARD_D1","currentNodeCount":0,"nodeStateCounts":{"runningNodeCount":0,"idleNodeCount":0,"unusableNodeCount":0,"preparingNodeCount":0},"vmPriority":"Dedicated","scaleSettings":{"manual":{"targetNodeCount":1,"nodeDeallocationOption":"Requeue"}},"virtualMachineConfiguration":{"imageReference":{"publisher":"Canonical","offer":"UbuntuServer","sku":"16.04-LTS","version":"latest"}},"userAccountSettings":{"adminUserName":"DemoUser"},"nodeSetup":{"mountVolumes":{"azureFileShares":[{"accountName":"clitest000002","azureFileUrl":"https://clitest000002.file.core.windows.net/share","credentialsInfo":{},"relativeMountPath":"azfiles","fileMode":"0777","directoryMode":"0777"}]}},"subnet":{}}}'}
    headers:
      cache-control: [no-cache]
      content-length: ['1268']
      content-type: [application/json; charset=utf-8]
      date: ['Sat, 30 Sep 2017 22:14:48 GMT']
      etag: ['"0x8D508509E7C69A0"']
      expires: ['-1']
      last-modified: ['Sat, 30 Sep 2017 22:14:29 GMT']
      pragma: [no-cache]
      request-id: [6d725491-0844-43df-a9ad-bc06f52b3e32]
      server: [Microsoft-HTTPAPI/2.0]
      strict-transport-security: [max-age=31536000; includeSubDomains]
      transfer-encoding: [chunked]
      vary: [Accept-Encoding]
      x-content-type-options: [nosniff]
    status: {code: 200, message: OK}
- request:
    body: null
    headers:
      Accept: [application/json]
      Accept-Encoding: ['gzip, deflate']
      CommandName: [batchai job create]
      Connection: [keep-alive]
      Content-Type: [application/json; charset=utf-8]
      User-Agent: [python/3.5.3 (Linux-4.10.0-35-generic-x86_64-with-Ubuntu-17.04-zesty)
          requests/2.9.1 msrest/0.4.14 msrest_azure/0.4.14 batchaiclient/0.2.0 Azure-SDK-For-Python
          AZURECLI/2.0.16+dev]
      accept-language: [en-US]
    method: GET
    uri: https://management.azure.com/subscriptions/00000000-0000-0000-0000-000000000000/resourceGroups/clitest.rg000001/providers/Microsoft.BatchAI/clusters/cluster?api-version=2017-09-01-preview
  response:
    body: {string: '{"id":"/subscriptions/00000000-0000-0000-0000-000000000000/resourceGroups/clitest.rg000001/providers/Microsoft.BatchAI/clusters/cluster","name":"cluster","type":"Microsoft.BatchAI/Clusters","location":"eastus","properties":{"provisioningState":"Succeeded","allocationState":"Resizing","creationTime":"2017-09-30T22:14:29.215Z","lastModified":"2017-09-30T22:14:29.215Z","allocationStateTransitionTime":"2017-09-30T22:14:31.715Z","provisioningStateTransitionTime":"2017-09-30T22:14:31.701Z","vmSize":"STANDARD_D1","currentNodeCount":0,"nodeStateCounts":{"runningNodeCount":0,"idleNodeCount":0,"unusableNodeCount":0,"preparingNodeCount":0},"vmPriority":"Dedicated","scaleSettings":{"manual":{"targetNodeCount":1,"nodeDeallocationOption":"Requeue"}},"virtualMachineConfiguration":{"imageReference":{"publisher":"Canonical","offer":"UbuntuServer","sku":"16.04-LTS","version":"latest"}},"userAccountSettings":{"adminUserName":"DemoUser"},"nodeSetup":{"mountVolumes":{"azureFileShares":[{"accountName":"clitest000002","azureFileUrl":"https://clitest000002.file.core.windows.net/share","credentialsInfo":{},"relativeMountPath":"azfiles","fileMode":"0777","directoryMode":"0777"}]}},"subnet":{}}}'}
    headers:
      cache-control: [no-cache]
      content-length: ['1268']
      content-type: [application/json; charset=utf-8]
      date: ['Sat, 30 Sep 2017 22:14:51 GMT']
      etag: ['"0x8D508509E7C69A0"']
      expires: ['-1']
      last-modified: ['Sat, 30 Sep 2017 22:14:29 GMT']
      pragma: [no-cache]
      request-id: [98e01787-0987-4479-b768-3509732490e0]
      server: [Microsoft-HTTPAPI/2.0]
      strict-transport-security: [max-age=31536000; includeSubDomains]
      transfer-encoding: [chunked]
      vary: [Accept-Encoding]
      x-content-type-options: [nosniff]
    status: {code: 200, message: OK}
- request:
    body: 'b''{"properties": {"cluster": {"id": "/subscriptions/00000000-0000-0000-0000-000000000000/resourceGroups/clitest.rg000001/providers/Microsoft.BatchAI/clusters/cluster"},
      "containerSettings": {"imageSourceRegistry": {"image": "ubuntu"}}, "customToolkitSettings":
      {"commandLine": "echo hi | tee $AZ_BATCHAI_OUTPUT_OUTPUT/result.txt"}, "outputDirectories":
      [{"id": "OUTPUT", "type": "custom", "pathPrefix": "$AZ_BATCHAI_MOUNT_ROOT/azfiles",
      "pathSuffix": "output"}], "stdOutErrPathPrefix": "$AZ_BATCHAI_MOUNT_ROOT/azfiles",
      "nodeCount": 1}, "location": "eastus"}'''
    headers:
      Accept: [application/json]
      Accept-Encoding: ['gzip, deflate']
      CommandName: [batchai job create]
      Connection: [keep-alive]
      Content-Length: ['618']
      Content-Type: [application/json; charset=utf-8]
      User-Agent: [python/3.5.3 (Linux-4.10.0-35-generic-x86_64-with-Ubuntu-17.04-zesty)
          requests/2.9.1 msrest/0.4.14 msrest_azure/0.4.14 batchaiclient/0.2.0 Azure-SDK-For-Python
          AZURECLI/2.0.16+dev]
      accept-language: [en-US]
    method: PUT
    uri: https://management.azure.com/subscriptions/00000000-0000-0000-0000-000000000000/resourceGroups/clitest.rg000001/providers/Microsoft.BatchAI/jobs/job?api-version=2017-09-01-preview
  response:
    body: {string: ''}
    headers:
      azure-asyncoperation: ['https://management.azure.com/subscriptions/00000000-0000-0000-0000-000000000000/providers/Microsoft.BatchAI/locations/eastus/operationresults/d6efb27e-6233-4e0e-9f9c-5ffd55e5a7f8?api-version=2017-09-01-preview']
      cache-control: [no-cache]
      content-length: ['0']
      date: ['Sat, 30 Sep 2017 22:15:04 GMT']
      expires: ['-1']
      location: ['https://management.azure.com/subscriptions/00000000-0000-0000-0000-000000000000/providers/Microsoft.BatchAI/locations/eastus/operationresults/d6efb27e-6233-4e0e-9f9c-5ffd55e5a7f8?api-version=2017-09-01-preview']
      pragma: [no-cache]
      request-id: [38ebfaba-ef7e-4156-9d55-d8c4837ff91e]
      server: [Microsoft-HTTPAPI/2.0]
      strict-transport-security: [max-age=31536000; includeSubDomains]
      x-content-type-options: [nosniff]
      x-ms-ratelimit-remaining-subscription-writes: ['1199']
    status: {code: 202, message: Accepted}
- request:
    body: null
    headers:
      Accept: [application/json]
      Accept-Encoding: ['gzip, deflate']
      CommandName: [batchai job create]
      Connection: [keep-alive]
      Content-Type: [application/json; charset=utf-8]
      User-Agent: [python/3.5.3 (Linux-4.10.0-35-generic-x86_64-with-Ubuntu-17.04-zesty)
          requests/2.9.1 msrest/0.4.14 msrest_azure/0.4.14 batchaiclient/0.2.0 Azure-SDK-For-Python
          AZURECLI/2.0.16+dev]
      accept-language: [en-US]
    method: GET
    uri: https://management.azure.com/subscriptions/00000000-0000-0000-0000-000000000000/providers/Microsoft.BatchAI/locations/eastus/operationresults/d6efb27e-6233-4e0e-9f9c-5ffd55e5a7f8?api-version=2017-09-01-preview
  response:
    body: {string: '{"id":"https://management.azure.com/subscriptions/00000000-0000-0000-0000-000000000000/providers/Microsoft.BatchAI/locations/eastus/operationresults/d6efb27e-6233-4e0e-9f9c-5ffd55e5a7f8","name":"d6efb27e-6233-4e0e-9f9c-5ffd55e5a7f8","status":"Succeeded","startTime":"2017-09-30T22:15:03.638Z","endTime":"2017-09-30T22:15:08.104Z","properties":{"resourceId":"8001b49e-e169-4ee6-a5ff-9c3ea5385053$clitest.rg000001$job"}}'}
    headers:
      cache-control: [no-cache]
      content-length: ['477']
      content-type: [application/json; charset=utf-8]
      date: ['Sat, 30 Sep 2017 22:15:21 GMT']
      expires: ['-1']
      pragma: [no-cache]
      request-id: [acd16c5d-1070-4eb3-abe3-76eb4e498a59]
      server: [Microsoft-HTTPAPI/2.0]
      strict-transport-security: [max-age=31536000; includeSubDomains]
      transfer-encoding: [chunked]
      vary: [Accept-Encoding]
      x-content-type-options: [nosniff]
    status: {code: 200, message: OK}
- request:
    body: null
    headers:
      Accept: [application/json]
      Accept-Encoding: ['gzip, deflate']
      CommandName: [batchai job create]
      Connection: [keep-alive]
      Content-Type: [application/json; charset=utf-8]
      User-Agent: [python/3.5.3 (Linux-4.10.0-35-generic-x86_64-with-Ubuntu-17.04-zesty)
          requests/2.9.1 msrest/0.4.14 msrest_azure/0.4.14 batchaiclient/0.2.0 Azure-SDK-For-Python
          AZURECLI/2.0.16+dev]
      accept-language: [en-US]
    method: GET
    uri: https://management.azure.com/subscriptions/00000000-0000-0000-0000-000000000000/resourceGroups/clitest.rg000001/providers/Microsoft.BatchAI/jobs/job?api-version=2017-09-01-preview
  response:
    body: {string: '{"id":"/subscriptions/00000000-0000-0000-0000-000000000000/resourceGroups/clitest.rg000001/providers/Microsoft.BatchAI/jobs/job","name":"job","type":"Microsoft.BatchAI/Jobs","properties":{"priority":0,"cluster":{"id":"/subscriptions/00000000-0000-0000-0000-000000000000/resourceGroups/clitest.rg000001/providers/Microsoft.BatchAI/clusters/cluster"},"nodeCount":1,"containerSettings":{"imageSourceRegistry":{"image":"ubuntu"}},"toolType":"Custom","customToolkitSettings":{"commandLine":"echo
        hi | tee $AZ_BATCHAI_OUTPUT_OUTPUT/result.txt"},"stdOutErrPathPrefix":"$AZ_BATCHAI_MOUNT_ROOT/azfiles","outputDirectories":[{"id":"OUTPUT","pathPrefix":"$AZ_BATCHAI_MOUNT_ROOT/azfiles","pathSuffix":"output","type":"Custom","createNew":true}],"constraints":{"maxWallClockTime":"P7D","maxRetryCount":0},"creationTime":"2017-09-30T22:15:03.365Z","provisioningState":"Succeeded","provisioningStateTransitionTime":"2017-09-30T22:15:08.089Z","executionState":"Queued","executionStateTransitionTime":"2017-09-30T22:15:07.494Z"}}'}
    headers:
      cache-control: [no-cache]
      content-length: ['1133']
      content-type: [application/json; charset=utf-8]
      date: ['Sat, 30 Sep 2017 22:15:22 GMT']
      etag: ['"0x8D50850B2D75D3B"']
      expires: ['-1']
      last-modified: ['Sat, 30 Sep 2017 22:15:03 GMT']
      pragma: [no-cache]
      request-id: [456f0ae9-a676-40d8-8457-987dc400ec26]
      server: [Microsoft-HTTPAPI/2.0]
      strict-transport-security: [max-age=31536000; includeSubDomains]
      transfer-encoding: [chunked]
      vary: [Accept-Encoding]
      x-content-type-options: [nosniff]
    status: {code: 200, message: OK}
- request:
    body: null
    headers:
      Accept: [application/json]
      Accept-Encoding: ['gzip, deflate']
      CommandName: [batchai job show]
      Connection: [keep-alive]
      Content-Type: [application/json; charset=utf-8]
      User-Agent: [python/3.5.3 (Linux-4.10.0-35-generic-x86_64-with-Ubuntu-17.04-zesty)
          requests/2.9.1 msrest/0.4.14 msrest_azure/0.4.14 batchaiclient/0.2.0 Azure-SDK-For-Python
          AZURECLI/2.0.16+dev]
      accept-language: [en-US]
    method: GET
    uri: https://management.azure.com/subscriptions/00000000-0000-0000-0000-000000000000/resourceGroups/clitest.rg000001/providers/Microsoft.BatchAI/jobs/job?api-version=2017-09-01-preview
  response:
    body: {string: '{"id":"/subscriptions/00000000-0000-0000-0000-000000000000/resourceGroups/clitest.rg000001/providers/Microsoft.BatchAI/jobs/job","name":"job","type":"Microsoft.BatchAI/Jobs","properties":{"priority":0,"cluster":{"id":"/subscriptions/00000000-0000-0000-0000-000000000000/resourceGroups/clitest.rg000001/providers/Microsoft.BatchAI/clusters/cluster"},"nodeCount":1,"containerSettings":{"imageSourceRegistry":{"image":"ubuntu"}},"toolType":"Custom","customToolkitSettings":{"commandLine":"echo
        hi | tee $AZ_BATCHAI_OUTPUT_OUTPUT/result.txt"},"stdOutErrPathPrefix":"$AZ_BATCHAI_MOUNT_ROOT/azfiles","outputDirectories":[{"id":"OUTPUT","pathPrefix":"$AZ_BATCHAI_MOUNT_ROOT/azfiles","pathSuffix":"output","type":"Custom","createNew":true}],"constraints":{"maxWallClockTime":"P7D","maxRetryCount":0},"creationTime":"2017-09-30T22:15:03.365Z","provisioningState":"Succeeded","provisioningStateTransitionTime":"2017-09-30T22:15:08.089Z","executionState":"Succeeded","executionStateTransitionTime":"2017-09-30T22:19:04.407Z","executionInfo":{"startTime":"2017-09-30T22:15:07.512Z","endTime":"2017-09-30T22:19:57.155Z","exitCode":0}}}'}
    headers:
      cache-control: [no-cache]
      content-length: ['1243']
      content-type: [application/json; charset=utf-8]
      date: ['Sat, 30 Sep 2017 22:25:24 GMT']
      etag: ['"0x8D50850B2D75D3B"']
      expires: ['-1']
      last-modified: ['Sat, 30 Sep 2017 22:15:03 GMT']
      pragma: [no-cache]
      request-id: [190e4bee-c6a5-47ab-9fe0-3d4d1281f848]
      server: [Microsoft-HTTPAPI/2.0]
      strict-transport-security: [max-age=31536000; includeSubDomains]
      transfer-encoding: [chunked]
      vary: [Accept-Encoding]
      x-content-type-options: [nosniff]
    status: {code: 200, message: OK}
- request:
    body: null
    headers:
      Accept: [application/json]
      Accept-Encoding: ['gzip, deflate']
      CommandName: [batchai job list-output-files]
      Connection: [keep-alive]
      Content-Length: ['0']
      Content-Type: [application/json; charset=utf-8]
      User-Agent: [python/3.5.3 (Linux-4.10.0-35-generic-x86_64-with-Ubuntu-17.04-zesty)
          requests/2.9.1 msrest/0.4.14 msrest_azure/0.4.14 batchaiclient/0.2.0 Azure-SDK-For-Python
          AZURECLI/2.0.16+dev]
      accept-language: [en-US]
    method: POST
    uri: https://management.azure.com/subscriptions/00000000-0000-0000-0000-000000000000/resourceGroups/clitest.rg000001/providers/Microsoft.BatchAI/jobs/job/listOutputFiles?maxresults=1000&outputdirectoryid=stdouterr&api-version=2017-09-01-preview&linkexpiryinminutes=60
  response:
    body: {string: '{"value":[{"name":"stderr.txt","downloadUrl":"https://clitest000002.file.core.windows.net/share/8001b49e-e169-4ee6-a5ff-9c3ea5385053/clitest.rg000001/jobs/job/stderr.txt?sv=2016-05-31&sr=f&sig=zPh5b3J6qDbDg%2Bges6ZGkiPY3BJ8tiOYGKOI4JskKaQ%3D&se=2017-09-30T23%3A25%3A26Z&sp=rl","properties":{"lastModified":"2017-09-30T22:19:03Z","contentLength":0}},{"name":"stdout.txt","downloadUrl":"https://clitest000002.file.core.windows.net/share/8001b49e-e169-4ee6-a5ff-9c3ea5385053/clitest.rg000001/jobs/job/stdout.txt?sv=2016-05-31&sr=f&sig=7FQF%2B8lgP2ZAOdG46tXqR8vuBwhQGyohhQGgV9K8dL4%3D&se=2017-09-30T23%3A25%3A26Z&sp=rl","properties":{"lastModified":"2017-09-30T22:19:03Z","contentLength":3}}]}'}
    headers:
      cache-control: [no-cache]
      content-length: ['829']
      content-type: [application/json; charset=utf-8]
      date: ['Sat, 30 Sep 2017 22:25:27 GMT']
      expires: ['-1']
      pragma: [no-cache]
      request-id: [7f9c5630-6bce-43ff-9153-de19ddf71209]
      server: [Microsoft-HTTPAPI/2.0]
      strict-transport-security: [max-age=31536000; includeSubDomains]
      transfer-encoding: [chunked]
      vary: [Accept-Encoding]
      x-content-type-options: [nosniff]
    status: {code: 200, message: OK}
- request:
    body: null
    headers:
      Accept: [application/json]
      Accept-Encoding: ['gzip, deflate']
      CommandName: [batchai job list-output-files]
      Connection: [keep-alive]
      Content-Length: ['0']
      Content-Type: [application/json; charset=utf-8]
      User-Agent: [python/3.5.3 (Linux-4.10.0-35-generic-x86_64-with-Ubuntu-17.04-zesty)
          requests/2.9.1 msrest/0.4.14 msrest_azure/0.4.14 batchaiclient/0.2.0 Azure-SDK-For-Python
          AZURECLI/2.0.16+dev]
      accept-language: [en-US]
    method: POST
    uri: https://management.azure.com/subscriptions/00000000-0000-0000-0000-000000000000/resourceGroups/clitest.rg000001/providers/Microsoft.BatchAI/jobs/job/listOutputFiles?maxresults=1000&outputdirectoryid=OUTPUT&api-version=2017-09-01-preview&linkexpiryinminutes=60
  response:
    body: {string: '{"value":[{"name":"result.txt","downloadUrl":"https://clitest000002.file.core.windows.net/share/8001b49e-e169-4ee6-a5ff-9c3ea5385053/clitest.rg000001/jobs/job/outputs/output/result.txt?sv=2016-05-31&sr=f&sig=JvUmMGEw3f3hJ4SF7%2FHW86%2FMRx8qcMdTZ8EzJaV7iGY%3D&se=2017-09-30T23%3A25%3A28Z&sp=rl","properties":{"lastModified":"2017-09-30T22:19:03Z","contentLength":3}}]}'}
    headers:
      cache-control: [no-cache]
      content-length: ['437']
      content-type: [application/json; charset=utf-8]
      date: ['Sat, 30 Sep 2017 22:25:27 GMT']
      expires: ['-1']
      pragma: [no-cache]
      request-id: [b508d4bb-c545-4a16-9933-a97498c20048]
      server: [Microsoft-HTTPAPI/2.0]
      strict-transport-security: [max-age=31536000; includeSubDomains]
      transfer-encoding: [chunked]
      vary: [Accept-Encoding]
      x-content-type-options: [nosniff]
    status: {code: 200, message: OK}
- request:
    body: '{"properties": {"scaleSettings": {"manual": {"nodeDeallocationOption":
      "requeue", "targetNodeCount": 0}}}}'
    headers:
      Accept: [application/json]
      Accept-Encoding: ['gzip, deflate']
      CommandName: [batchai cluster resize]
      Connection: [keep-alive]
      Content-Length: ['106']
      Content-Type: [application/json; charset=utf-8]
      User-Agent: [python/3.5.3 (Linux-4.10.0-35-generic-x86_64-with-Ubuntu-17.04-zesty)
          requests/2.9.1 msrest/0.4.14 msrest_azure/0.4.14 batchaiclient/0.2.0 Azure-SDK-For-Python
          AZURECLI/2.0.16+dev]
      accept-language: [en-US]
    method: PATCH
    uri: https://management.azure.com/subscriptions/00000000-0000-0000-0000-000000000000/resourceGroups/clitest.rg000001/providers/Microsoft.BatchAI/clusters/cluster?api-version=2017-09-01-preview
  response:
    body: {string: '{"id":"/subscriptions/00000000-0000-0000-0000-000000000000/resourceGroups/clitest.rg000001/providers/Microsoft.BatchAI/clusters/cluster","name":"cluster","type":"Microsoft.BatchAI/Clusters","location":"eastus","properties":{"provisioningState":"Succeeded","allocationState":"Steady","creationTime":"2017-09-30T22:14:29.215Z","lastModified":"2017-09-30T22:14:29.215Z","allocationStateTransitionTime":"2017-09-30T22:16:23.067Z","provisioningStateTransitionTime":"2017-09-30T22:14:31.701Z","vmSize":"STANDARD_D1","currentNodeCount":1,"nodeStateCounts":{"runningNodeCount":0,"idleNodeCount":1,"unusableNodeCount":0,"preparingNodeCount":0},"vmPriority":"Dedicated","scaleSettings":{"manual":{"targetNodeCount":0,"nodeDeallocationOption":"Requeue"}},"virtualMachineConfiguration":{"imageReference":{"publisher":"Canonical","offer":"UbuntuServer","sku":"16.04-LTS","version":"latest"}},"userAccountSettings":{"adminUserName":"DemoUser"},"nodeSetup":{"mountVolumes":{"azureFileShares":[{"accountName":"clitest000002","azureFileUrl":"https://clitest000002.file.core.windows.net/share","credentialsInfo":{},"relativeMountPath":"azfiles","fileMode":"0777","directoryMode":"0777"}]}},"subnet":{}}}'}
    headers:
      cache-control: [no-cache]
      content-length: ['1266']
      content-type: [application/json; charset=utf-8]
      date: ['Sat, 30 Sep 2017 22:25:32 GMT']
      etag: ['"0x8D508509E7C69A0"']
      expires: ['-1']
      last-modified: ['Sat, 30 Sep 2017 22:14:29 GMT']
      pragma: [no-cache]
      request-id: [5d742ac2-377d-4470-9d44-de387657fcad]
      server: [Microsoft-HTTPAPI/2.0]
      strict-transport-security: [max-age=31536000; includeSubDomains]
      transfer-encoding: [chunked]
      vary: [Accept-Encoding]
      x-content-type-options: [nosniff]
      x-ms-ratelimit-remaining-subscription-writes: ['1198']
    status: {code: 200, message: OK}
- request:
    body: null
    headers:
      Accept: [application/json]
      Accept-Encoding: ['gzip, deflate']
      CommandName: [batchai cluster show]
      Connection: [keep-alive]
      Content-Type: [application/json; charset=utf-8]
      User-Agent: [python/3.5.3 (Linux-4.10.0-35-generic-x86_64-with-Ubuntu-17.04-zesty)
          requests/2.9.1 msrest/0.4.14 msrest_azure/0.4.14 batchaiclient/0.2.0 Azure-SDK-For-Python
          AZURECLI/2.0.16+dev]
      accept-language: [en-US]
    method: GET
    uri: https://management.azure.com/subscriptions/00000000-0000-0000-0000-000000000000/resourceGroups/clitest.rg000001/providers/Microsoft.BatchAI/clusters/cluster?api-version=2017-09-01-preview
  response:
    body: {string: '{"id":"/subscriptions/00000000-0000-0000-0000-000000000000/resourceGroups/clitest.rg000001/providers/Microsoft.BatchAI/clusters/cluster","name":"cluster","type":"Microsoft.BatchAI/Clusters","location":"eastus","properties":{"provisioningState":"Succeeded","allocationState":"Steady","creationTime":"2017-09-30T22:14:29.215Z","lastModified":"2017-09-30T22:14:29.215Z","allocationStateTransitionTime":"2017-09-30T22:29:52.667Z","provisioningStateTransitionTime":"2017-09-30T22:14:31.701Z","vmSize":"STANDARD_D1","currentNodeCount":0,"nodeStateCounts":{"runningNodeCount":0,"idleNodeCount":0,"unusableNodeCount":0,"preparingNodeCount":0},"vmPriority":"Dedicated","scaleSettings":{"manual":{"targetNodeCount":0,"nodeDeallocationOption":"Requeue"}},"virtualMachineConfiguration":{"imageReference":{"publisher":"Canonical","offer":"UbuntuServer","sku":"16.04-LTS","version":"latest"}},"userAccountSettings":{"adminUserName":"DemoUser"},"nodeSetup":{"mountVolumes":{"azureFileShares":[{"accountName":"clitest000002","azureFileUrl":"https://clitest000002.file.core.windows.net/share","credentialsInfo":{},"relativeMountPath":"azfiles","fileMode":"0777","directoryMode":"0777"}]}},"subnet":{}}}'}
    headers:
      cache-control: [no-cache]
      content-length: ['1266']
      content-type: [application/json; charset=utf-8]
      date: ['Sat, 30 Sep 2017 22:35:35 GMT']
      etag: ['"0x8D508509E7C69A0"']
      expires: ['-1']
      last-modified: ['Sat, 30 Sep 2017 22:14:29 GMT']
      pragma: [no-cache]
      request-id: [b41d1896-ebda-42bc-b6ce-cbabf1d825db]
      server: [Microsoft-HTTPAPI/2.0]
      strict-transport-security: [max-age=31536000; includeSubDomains]
      transfer-encoding: [chunked]
      vary: [Accept-Encoding]
      x-content-type-options: [nosniff]
    status: {code: 200, message: OK}
- request:
    body: '{"properties": {"scaleSettings": {"manual": {"nodeDeallocationOption":
      "requeue", "targetNodeCount": 1}}}}'
    headers:
      Accept: [application/json]
      Accept-Encoding: ['gzip, deflate']
      CommandName: [batchai cluster resize]
      Connection: [keep-alive]
      Content-Length: ['106']
      Content-Type: [application/json; charset=utf-8]
      User-Agent: [python/3.5.3 (Linux-4.10.0-35-generic-x86_64-with-Ubuntu-17.04-zesty)
          requests/2.9.1 msrest/0.4.14 msrest_azure/0.4.14 batchaiclient/0.2.0 Azure-SDK-For-Python
          AZURECLI/2.0.16+dev]
      accept-language: [en-US]
    method: PATCH
    uri: https://management.azure.com/subscriptions/00000000-0000-0000-0000-000000000000/resourceGroups/clitest.rg000001/providers/Microsoft.BatchAI/clusters/cluster?api-version=2017-09-01-preview
  response:
    body: {string: '{"id":"/subscriptions/00000000-0000-0000-0000-000000000000/resourceGroups/clitest.rg000001/providers/Microsoft.BatchAI/clusters/cluster","name":"cluster","type":"Microsoft.BatchAI/Clusters","location":"eastus","properties":{"provisioningState":"Succeeded","allocationState":"Steady","creationTime":"2017-09-30T22:14:29.215Z","lastModified":"2017-09-30T22:14:29.215Z","allocationStateTransitionTime":"2017-09-30T22:29:52.667Z","provisioningStateTransitionTime":"2017-09-30T22:14:31.701Z","vmSize":"STANDARD_D1","currentNodeCount":0,"nodeStateCounts":{"runningNodeCount":0,"idleNodeCount":0,"unusableNodeCount":0,"preparingNodeCount":0},"vmPriority":"Dedicated","scaleSettings":{"manual":{"targetNodeCount":1,"nodeDeallocationOption":"Requeue"}},"virtualMachineConfiguration":{"imageReference":{"publisher":"Canonical","offer":"UbuntuServer","sku":"16.04-LTS","version":"latest"}},"userAccountSettings":{"adminUserName":"DemoUser"},"nodeSetup":{"mountVolumes":{"azureFileShares":[{"accountName":"clitest000002","azureFileUrl":"https://clitest000002.file.core.windows.net/share","credentialsInfo":{},"relativeMountPath":"azfiles","fileMode":"0777","directoryMode":"0777"}]}},"subnet":{}}}'}
    headers:
      cache-control: [no-cache]
      content-length: ['1266']
      content-type: [application/json; charset=utf-8]
      date: ['Sat, 30 Sep 2017 22:35:36 GMT']
      etag: ['"0x8D508509E7C69A0"']
      expires: ['-1']
      last-modified: ['Sat, 30 Sep 2017 22:14:29 GMT']
      pragma: [no-cache]
      request-id: [00d74e70-0870-444a-92c5-931d58d562e9]
      server: [Microsoft-HTTPAPI/2.0]
      strict-transport-security: [max-age=31536000; includeSubDomains]
      transfer-encoding: [chunked]
      vary: [Accept-Encoding]
      x-content-type-options: [nosniff]
      x-ms-ratelimit-remaining-subscription-writes: ['1199']
    status: {code: 200, message: OK}
- request:
    body: null
    headers:
      Accept: [application/json]
      Accept-Encoding: ['gzip, deflate']
      CommandName: [batchai job create]
      Connection: [keep-alive]
      Content-Type: [application/json; charset=utf-8]
      User-Agent: [python/3.5.3 (Linux-4.10.0-35-generic-x86_64-with-Ubuntu-17.04-zesty)
          requests/2.9.1 msrest/0.4.14 msrest_azure/0.4.14 batchaiclient/0.2.0 Azure-SDK-For-Python
          AZURECLI/2.0.16+dev]
      accept-language: [en-US]
    method: GET
    uri: https://management.azure.com/subscriptions/00000000-0000-0000-0000-000000000000/resourceGroups/clitest.rg000001/providers/Microsoft.BatchAI/clusters/cluster?api-version=2017-09-01-preview
  response:
    body: {string: '{"id":"/subscriptions/00000000-0000-0000-0000-000000000000/resourceGroups/clitest.rg000001/providers/Microsoft.BatchAI/clusters/cluster","name":"cluster","type":"Microsoft.BatchAI/Clusters","location":"eastus","properties":{"provisioningState":"Succeeded","allocationState":"Steady","creationTime":"2017-09-30T22:14:29.215Z","lastModified":"2017-09-30T22:14:29.215Z","allocationStateTransitionTime":"2017-09-30T22:29:52.667Z","provisioningStateTransitionTime":"2017-09-30T22:14:31.701Z","vmSize":"STANDARD_D1","currentNodeCount":0,"nodeStateCounts":{"runningNodeCount":0,"idleNodeCount":0,"unusableNodeCount":0,"preparingNodeCount":0},"vmPriority":"Dedicated","scaleSettings":{"manual":{"targetNodeCount":1,"nodeDeallocationOption":"Requeue"}},"virtualMachineConfiguration":{"imageReference":{"publisher":"Canonical","offer":"UbuntuServer","sku":"16.04-LTS","version":"latest"}},"userAccountSettings":{"adminUserName":"DemoUser"},"nodeSetup":{"mountVolumes":{"azureFileShares":[{"accountName":"clitest000002","azureFileUrl":"https://clitest000002.file.core.windows.net/share","credentialsInfo":{},"relativeMountPath":"azfiles","fileMode":"0777","directoryMode":"0777"}]}},"subnet":{}}}'}
    headers:
      cache-control: [no-cache]
      content-length: ['1266']
      content-type: [application/json; charset=utf-8]
      date: ['Sat, 30 Sep 2017 22:35:37 GMT']
      etag: ['"0x8D508509E7C69A0"']
      expires: ['-1']
      last-modified: ['Sat, 30 Sep 2017 22:14:29 GMT']
      pragma: [no-cache]
      request-id: [78f40d93-cede-4067-a7cf-a86c17bfd160]
      server: [Microsoft-HTTPAPI/2.0]
      strict-transport-security: [max-age=31536000; includeSubDomains]
      transfer-encoding: [chunked]
      vary: [Accept-Encoding]
      x-content-type-options: [nosniff]
    status: {code: 200, message: OK}
- request:
    body: 'b''{"properties": {"cluster": {"id": "/subscriptions/00000000-0000-0000-0000-000000000000/resourceGroups/clitest.rg000001/providers/Microsoft.BatchAI/clusters/cluster"},
      "containerSettings": {"imageSourceRegistry": {"image": "ubuntu"}}, "customToolkitSettings":
      {"commandLine": "echo hi | tee $AZ_BATCHAI_OUTPUT_OUTPUT/result.txt"}, "outputDirectories":
      [{"id": "OUTPUT", "type": "custom", "pathPrefix": "$AZ_BATCHAI_MOUNT_ROOT/azfiles",
      "pathSuffix": "output"}], "stdOutErrPathPrefix": "$AZ_BATCHAI_MOUNT_ROOT/azfiles",
      "nodeCount": 1}, "location": "eastus"}'''
    headers:
      Accept: [application/json]
      Accept-Encoding: ['gzip, deflate']
      CommandName: [batchai job create]
      Connection: [keep-alive]
      Content-Length: ['618']
      Content-Type: [application/json; charset=utf-8]
      User-Agent: [python/3.5.3 (Linux-4.10.0-35-generic-x86_64-with-Ubuntu-17.04-zesty)
          requests/2.9.1 msrest/0.4.14 msrest_azure/0.4.14 batchaiclient/0.2.0 Azure-SDK-For-Python
          AZURECLI/2.0.16+dev]
      accept-language: [en-US]
    method: PUT
    uri: https://management.azure.com/subscriptions/00000000-0000-0000-0000-000000000000/resourceGroups/clitest.rg000001/providers/Microsoft.BatchAI/jobs/job2?api-version=2017-09-01-preview
  response:
    body: {string: ''}
    headers:
      azure-asyncoperation: ['https://management.azure.com/subscriptions/00000000-0000-0000-0000-000000000000/providers/Microsoft.BatchAI/locations/eastus/operationresults/b762ab75-ad12-4694-94a5-54ff892041e9?api-version=2017-09-01-preview']
      cache-control: [no-cache]
      content-length: ['0']
      date: ['Sat, 30 Sep 2017 22:35:43 GMT']
      expires: ['-1']
      location: ['https://management.azure.com/subscriptions/00000000-0000-0000-0000-000000000000/providers/Microsoft.BatchAI/locations/eastus/operationresults/b762ab75-ad12-4694-94a5-54ff892041e9?api-version=2017-09-01-preview']
      pragma: [no-cache]
      request-id: [ba09afaa-1e3c-4b35-a463-f9d66ae9d367]
      server: [Microsoft-HTTPAPI/2.0]
      strict-transport-security: [max-age=31536000; includeSubDomains]
      x-content-type-options: [nosniff]
      x-ms-ratelimit-remaining-subscription-writes: ['1199']
    status: {code: 202, message: Accepted}
- request:
    body: null
    headers:
      Accept: [application/json]
      Accept-Encoding: ['gzip, deflate']
      CommandName: [batchai job create]
      Connection: [keep-alive]
      Content-Type: [application/json; charset=utf-8]
      User-Agent: [python/3.5.3 (Linux-4.10.0-35-generic-x86_64-with-Ubuntu-17.04-zesty)
          requests/2.9.1 msrest/0.4.14 msrest_azure/0.4.14 batchaiclient/0.2.0 Azure-SDK-For-Python
          AZURECLI/2.0.16+dev]
      accept-language: [en-US]
    method: GET
    uri: https://management.azure.com/subscriptions/00000000-0000-0000-0000-000000000000/providers/Microsoft.BatchAI/locations/eastus/operationresults/b762ab75-ad12-4694-94a5-54ff892041e9?api-version=2017-09-01-preview
  response:
    body: {string: '{"id":"https://management.azure.com/subscriptions/00000000-0000-0000-0000-000000000000/providers/Microsoft.BatchAI/locations/eastus/operationresults/b762ab75-ad12-4694-94a5-54ff892041e9","name":"b762ab75-ad12-4694-94a5-54ff892041e9","status":"Succeeded","startTime":"2017-09-30T22:35:43.61Z","endTime":"2017-09-30T22:35:45.423Z","properties":{"resourceId":"8001b49e-e169-4ee6-a5ff-9c3ea5385053$clitest.rg000001$job2"}}'}
    headers:
      cache-control: [no-cache]
      content-length: ['477']
      content-type: [application/json; charset=utf-8]
      date: ['Sat, 30 Sep 2017 22:35:59 GMT']
      expires: ['-1']
      pragma: [no-cache]
      request-id: [7c6f07c9-534d-422d-b8c8-dde0758ca579]
      server: [Microsoft-HTTPAPI/2.0]
      strict-transport-security: [max-age=31536000; includeSubDomains]
      transfer-encoding: [chunked]
      vary: [Accept-Encoding]
      x-content-type-options: [nosniff]
    status: {code: 200, message: OK}
- request:
    body: null
    headers:
      Accept: [application/json]
      Accept-Encoding: ['gzip, deflate']
      CommandName: [batchai job create]
      Connection: [keep-alive]
      Content-Type: [application/json; charset=utf-8]
      User-Agent: [python/3.5.3 (Linux-4.10.0-35-generic-x86_64-with-Ubuntu-17.04-zesty)
          requests/2.9.1 msrest/0.4.14 msrest_azure/0.4.14 batchaiclient/0.2.0 Azure-SDK-For-Python
          AZURECLI/2.0.16+dev]
      accept-language: [en-US]
    method: GET
    uri: https://management.azure.com/subscriptions/00000000-0000-0000-0000-000000000000/resourceGroups/clitest.rg000001/providers/Microsoft.BatchAI/jobs/job2?api-version=2017-09-01-preview
  response:
    body: {string: '{"id":"/subscriptions/00000000-0000-0000-0000-000000000000/resourceGroups/clitest.rg000001/providers/Microsoft.BatchAI/jobs/job2","name":"job2","type":"Microsoft.BatchAI/Jobs","properties":{"priority":0,"cluster":{"id":"/subscriptions/00000000-0000-0000-0000-000000000000/resourceGroups/clitest.rg000001/providers/Microsoft.BatchAI/clusters/cluster"},"nodeCount":1,"containerSettings":{"imageSourceRegistry":{"image":"ubuntu"}},"toolType":"Custom","customToolkitSettings":{"commandLine":"echo
        hi | tee $AZ_BATCHAI_OUTPUT_OUTPUT/result.txt"},"stdOutErrPathPrefix":"$AZ_BATCHAI_MOUNT_ROOT/azfiles","outputDirectories":[{"id":"OUTPUT","pathPrefix":"$AZ_BATCHAI_MOUNT_ROOT/azfiles","pathSuffix":"output","type":"Custom","createNew":true}],"constraints":{"maxWallClockTime":"P7D","maxRetryCount":0},"creationTime":"2017-09-30T22:35:43.61Z","provisioningState":"Succeeded","provisioningStateTransitionTime":"2017-09-30T22:35:45.408Z","executionState":"Queued","executionStateTransitionTime":"2017-09-30T22:35:44.798Z"}}'}
    headers:
      cache-control: [no-cache]
      content-length: ['1134']
      content-type: [application/json; charset=utf-8]
      date: ['Sat, 30 Sep 2017 22:36:01 GMT']
      etag: ['"0x8D508539615B1A2"']
      expires: ['-1']
      last-modified: ['Sat, 30 Sep 2017 22:35:43 GMT']
      pragma: [no-cache]
      request-id: [de0bcf1a-c54d-449f-8f9d-ba9a42f6b276]
      server: [Microsoft-HTTPAPI/2.0]
      strict-transport-security: [max-age=31536000; includeSubDomains]
      transfer-encoding: [chunked]
      vary: [Accept-Encoding]
      x-content-type-options: [nosniff]
    status: {code: 200, message: OK}
- request:
    body: null
    headers:
      Accept: [application/json]
      Accept-Encoding: ['gzip, deflate']
      CommandName: [batchai job show]
      Connection: [keep-alive]
      Content-Type: [application/json; charset=utf-8]
      User-Agent: [python/3.5.3 (Linux-4.10.0-35-generic-x86_64-with-Ubuntu-17.04-zesty)
          requests/2.9.1 msrest/0.4.14 msrest_azure/0.4.14 batchaiclient/0.2.0 Azure-SDK-For-Python
          AZURECLI/2.0.16+dev]
      accept-language: [en-US]
    method: GET
    uri: https://management.azure.com/subscriptions/00000000-0000-0000-0000-000000000000/resourceGroups/clitest.rg000001/providers/Microsoft.BatchAI/jobs/job2?api-version=2017-09-01-preview
  response:
    body: {string: '{"id":"/subscriptions/00000000-0000-0000-0000-000000000000/resourceGroups/clitest.rg000001/providers/Microsoft.BatchAI/jobs/job2","name":"job2","type":"Microsoft.BatchAI/Jobs","properties":{"priority":0,"cluster":{"id":"/subscriptions/00000000-0000-0000-0000-000000000000/resourceGroups/clitest.rg000001/providers/Microsoft.BatchAI/clusters/cluster"},"nodeCount":1,"containerSettings":{"imageSourceRegistry":{"image":"ubuntu"}},"toolType":"Custom","customToolkitSettings":{"commandLine":"echo
        hi | tee $AZ_BATCHAI_OUTPUT_OUTPUT/result.txt"},"stdOutErrPathPrefix":"$AZ_BATCHAI_MOUNT_ROOT/azfiles","outputDirectories":[{"id":"OUTPUT","pathPrefix":"$AZ_BATCHAI_MOUNT_ROOT/azfiles","pathSuffix":"output","type":"Custom","createNew":true}],"constraints":{"maxWallClockTime":"P7D","maxRetryCount":0},"creationTime":"2017-09-30T22:35:43.61Z","provisioningState":"Succeeded","provisioningStateTransitionTime":"2017-09-30T22:35:45.408Z","executionState":"Succeeded","executionStateTransitionTime":"2017-09-30T22:40:19.58Z","executionInfo":{"startTime":"2017-09-30T22:35:45.07Z","endTime":"2017-09-30T22:41:29.011Z","exitCode":0}}}'}
    headers:
      cache-control: [no-cache]
      content-length: ['1242']
      content-type: [application/json; charset=utf-8]
      date: ['Sat, 30 Sep 2017 22:51:03 GMT']
      etag: ['"0x8D508539615B1A2"']
      expires: ['-1']
      last-modified: ['Sat, 30 Sep 2017 22:35:43 GMT']
      pragma: [no-cache]
      request-id: [360b8d9e-57ef-4b33-8c8b-99941aa118a4]
      server: [Microsoft-HTTPAPI/2.0]
      strict-transport-security: [max-age=31536000; includeSubDomains]
      transfer-encoding: [chunked]
      vary: [Accept-Encoding]
      x-content-type-options: [nosniff]
    status: {code: 200, message: OK}
- request:
    body: null
    headers:
      Accept: [application/json]
      Accept-Encoding: ['gzip, deflate']
      CommandName: [batchai cluster delete]
      Connection: [keep-alive]
      Content-Length: ['0']
      Content-Type: [application/json; charset=utf-8]
      User-Agent: [python/3.5.3 (Linux-4.10.0-35-generic-x86_64-with-Ubuntu-17.04-zesty)
          requests/2.9.1 msrest/0.4.14 msrest_azure/0.4.14 batchaiclient/0.2.0 Azure-SDK-For-Python
          AZURECLI/2.0.16+dev]
      accept-language: [en-US]
    method: DELETE
    uri: https://management.azure.com/subscriptions/00000000-0000-0000-0000-000000000000/resourceGroups/clitest.rg000001/providers/Microsoft.BatchAI/clusters/cluster?api-version=2017-09-01-preview
  response:
    body: {string: ''}
    headers:
      azure-asyncoperation: ['https://management.azure.com/subscriptions/00000000-0000-0000-0000-000000000000/providers/Microsoft.BatchAI/locations/eastus/operationresults/f9f643e3-8b4a-4e8c-b4d4-8350a6529071?api-version=2017-09-01-preview']
      cache-control: [no-cache]
      content-length: ['0']
      date: ['Sat, 30 Sep 2017 22:51:05 GMT']
      expires: ['-1']
      location: ['https://management.azure.com/subscriptions/00000000-0000-0000-0000-000000000000/providers/Microsoft.BatchAI/locations/eastus/operationresults/f9f643e3-8b4a-4e8c-b4d4-8350a6529071?api-version=2017-09-01-preview']
      pragma: [no-cache]
      request-id: [2efda68c-92ff-4a43-85c1-ab6c1e4fd228]
      server: [Microsoft-HTTPAPI/2.0]
      strict-transport-security: [max-age=31536000; includeSubDomains]
      x-content-type-options: [nosniff]
      x-ms-ratelimit-remaining-subscription-writes: ['1198']
    status: {code: 202, message: Accepted}
- request:
    body: null
    headers:
      Accept: [application/json]
      Accept-Encoding: ['gzip, deflate']
      CommandName: [batchai cluster delete]
      Connection: [keep-alive]
      Content-Type: [application/json; charset=utf-8]
      User-Agent: [python/3.5.3 (Linux-4.10.0-35-generic-x86_64-with-Ubuntu-17.04-zesty)
          requests/2.9.1 msrest/0.4.14 msrest_azure/0.4.14 batchaiclient/0.2.0 Azure-SDK-For-Python
          AZURECLI/2.0.16+dev]
      accept-language: [en-US]
    method: GET
    uri: https://management.azure.com/subscriptions/00000000-0000-0000-0000-000000000000/providers/Microsoft.BatchAI/locations/eastus/operationresults/f9f643e3-8b4a-4e8c-b4d4-8350a6529071?api-version=2017-09-01-preview
  response:
    body: {string: '{"id":"https://management.azure.com/subscriptions/00000000-0000-0000-0000-000000000000/providers/Microsoft.BatchAI/locations/eastus/operationresults/f9f643e3-8b4a-4e8c-b4d4-8350a6529071","name":"f9f643e3-8b4a-4e8c-b4d4-8350a6529071","status":"InProgress","startTime":"2017-09-30T22:51:05.545Z"}'}
    headers:
      cache-control: [no-cache]
      content-length: ['294']
      content-type: [application/json; charset=utf-8]
      date: ['Sat, 30 Sep 2017 22:51:21 GMT']
      expires: ['-1']
      pragma: [no-cache]
      request-id: [0b2cefbb-3267-4bc7-895b-30272a1c7f22]
      server: [Microsoft-HTTPAPI/2.0]
      strict-transport-security: [max-age=31536000; includeSubDomains]
      transfer-encoding: [chunked]
      vary: [Accept-Encoding]
      x-content-type-options: [nosniff]
    status: {code: 200, message: OK}
- request:
    body: null
    headers:
      Accept: [application/json]
      Accept-Encoding: ['gzip, deflate']
      CommandName: [batchai cluster delete]
      Connection: [keep-alive]
      Content-Type: [application/json; charset=utf-8]
      User-Agent: [python/3.5.3 (Linux-4.10.0-35-generic-x86_64-with-Ubuntu-17.04-zesty)
          requests/2.9.1 msrest/0.4.14 msrest_azure/0.4.14 batchaiclient/0.2.0 Azure-SDK-For-Python
          AZURECLI/2.0.16+dev]
      accept-language: [en-US]
    method: GET
    uri: https://management.azure.com/subscriptions/00000000-0000-0000-0000-000000000000/providers/Microsoft.BatchAI/locations/eastus/operationresults/f9f643e3-8b4a-4e8c-b4d4-8350a6529071?api-version=2017-09-01-preview
  response:
    body: {string: '{"id":"https://management.azure.com/subscriptions/00000000-0000-0000-0000-000000000000/providers/Microsoft.BatchAI/locations/eastus/operationresults/f9f643e3-8b4a-4e8c-b4d4-8350a6529071","name":"f9f643e3-8b4a-4e8c-b4d4-8350a6529071","status":"InProgress","startTime":"2017-09-30T22:51:05.545Z"}'}
    headers:
      cache-control: [no-cache]
      content-length: ['294']
      content-type: [application/json; charset=utf-8]
      date: ['Sat, 30 Sep 2017 22:51:52 GMT']
      expires: ['-1']
      pragma: [no-cache]
      request-id: [ddb87dd9-f6c1-4f02-bb9c-69140e3fbd48]
      server: [Microsoft-HTTPAPI/2.0]
      strict-transport-security: [max-age=31536000; includeSubDomains]
      transfer-encoding: [chunked]
      vary: [Accept-Encoding]
      x-content-type-options: [nosniff]
    status: {code: 200, message: OK}
- request:
    body: null
    headers:
      Accept: [application/json]
      Accept-Encoding: ['gzip, deflate']
      CommandName: [batchai cluster delete]
      Connection: [keep-alive]
      Content-Type: [application/json; charset=utf-8]
      User-Agent: [python/3.5.3 (Linux-4.10.0-35-generic-x86_64-with-Ubuntu-17.04-zesty)
          requests/2.9.1 msrest/0.4.14 msrest_azure/0.4.14 batchaiclient/0.2.0 Azure-SDK-For-Python
          AZURECLI/2.0.16+dev]
      accept-language: [en-US]
    method: GET
    uri: https://management.azure.com/subscriptions/00000000-0000-0000-0000-000000000000/providers/Microsoft.BatchAI/locations/eastus/operationresults/f9f643e3-8b4a-4e8c-b4d4-8350a6529071?api-version=2017-09-01-preview
  response:
    body: {string: '{"id":"https://management.azure.com/subscriptions/00000000-0000-0000-0000-000000000000/providers/Microsoft.BatchAI/locations/eastus/operationresults/f9f643e3-8b4a-4e8c-b4d4-8350a6529071","name":"f9f643e3-8b4a-4e8c-b4d4-8350a6529071","status":"InProgress","startTime":"2017-09-30T22:51:05.545Z"}'}
    headers:
      cache-control: [no-cache]
      content-length: ['294']
      content-type: [application/json; charset=utf-8]
      date: ['Sat, 30 Sep 2017 22:52:23 GMT']
      expires: ['-1']
      pragma: [no-cache]
      request-id: [f4959c55-66b0-46a4-a171-3e9e03ed5058]
      server: [Microsoft-HTTPAPI/2.0]
      strict-transport-security: [max-age=31536000; includeSubDomains]
      transfer-encoding: [chunked]
      vary: [Accept-Encoding]
      x-content-type-options: [nosniff]
    status: {code: 200, message: OK}
- request:
    body: null
    headers:
      Accept: [application/json]
      Accept-Encoding: ['gzip, deflate']
      CommandName: [batchai cluster delete]
      Connection: [keep-alive]
      Content-Type: [application/json; charset=utf-8]
      User-Agent: [python/3.5.3 (Linux-4.10.0-35-generic-x86_64-with-Ubuntu-17.04-zesty)
          requests/2.9.1 msrest/0.4.14 msrest_azure/0.4.14 batchaiclient/0.2.0 Azure-SDK-For-Python
          AZURECLI/2.0.16+dev]
      accept-language: [en-US]
    method: GET
    uri: https://management.azure.com/subscriptions/00000000-0000-0000-0000-000000000000/providers/Microsoft.BatchAI/locations/eastus/operationresults/f9f643e3-8b4a-4e8c-b4d4-8350a6529071?api-version=2017-09-01-preview
  response:
    body: {string: '{"id":"https://management.azure.com/subscriptions/00000000-0000-0000-0000-000000000000/providers/Microsoft.BatchAI/locations/eastus/operationresults/f9f643e3-8b4a-4e8c-b4d4-8350a6529071","name":"f9f643e3-8b4a-4e8c-b4d4-8350a6529071","status":"InProgress","startTime":"2017-09-30T22:51:05.545Z"}'}
    headers:
      cache-control: [no-cache]
      content-length: ['294']
      content-type: [application/json; charset=utf-8]
      date: ['Sat, 30 Sep 2017 22:52:53 GMT']
      expires: ['-1']
      pragma: [no-cache]
      request-id: [7f754dd1-1511-4b27-9f1f-9eccb2b58fc8]
      server: [Microsoft-HTTPAPI/2.0]
      strict-transport-security: [max-age=31536000; includeSubDomains]
      transfer-encoding: [chunked]
      vary: [Accept-Encoding]
      x-content-type-options: [nosniff]
    status: {code: 200, message: OK}
- request:
    body: null
    headers:
      Accept: [application/json]
      Accept-Encoding: ['gzip, deflate']
      CommandName: [batchai cluster delete]
      Connection: [keep-alive]
      Content-Type: [application/json; charset=utf-8]
      User-Agent: [python/3.5.3 (Linux-4.10.0-35-generic-x86_64-with-Ubuntu-17.04-zesty)
          requests/2.9.1 msrest/0.4.14 msrest_azure/0.4.14 batchaiclient/0.2.0 Azure-SDK-For-Python
          AZURECLI/2.0.16+dev]
      accept-language: [en-US]
    method: GET
    uri: https://management.azure.com/subscriptions/00000000-0000-0000-0000-000000000000/providers/Microsoft.BatchAI/locations/eastus/operationresults/f9f643e3-8b4a-4e8c-b4d4-8350a6529071?api-version=2017-09-01-preview
  response:
    body: {string: '{"id":"https://management.azure.com/subscriptions/00000000-0000-0000-0000-000000000000/providers/Microsoft.BatchAI/locations/eastus/operationresults/f9f643e3-8b4a-4e8c-b4d4-8350a6529071","name":"f9f643e3-8b4a-4e8c-b4d4-8350a6529071","status":"InProgress","startTime":"2017-09-30T22:51:05.545Z"}'}
    headers:
      cache-control: [no-cache]
      content-length: ['294']
      content-type: [application/json; charset=utf-8]
      date: ['Sat, 30 Sep 2017 22:53:25 GMT']
      expires: ['-1']
      pragma: [no-cache]
      request-id: [5efb30e8-bd54-4f3a-b364-7bfa76b4f1ec]
      server: [Microsoft-HTTPAPI/2.0]
      strict-transport-security: [max-age=31536000; includeSubDomains]
      transfer-encoding: [chunked]
      vary: [Accept-Encoding]
      x-content-type-options: [nosniff]
    status: {code: 200, message: OK}
- request:
    body: null
    headers:
      Accept: [application/json]
      Accept-Encoding: ['gzip, deflate']
      CommandName: [batchai cluster delete]
      Connection: [keep-alive]
      Content-Type: [application/json; charset=utf-8]
      User-Agent: [python/3.5.3 (Linux-4.10.0-35-generic-x86_64-with-Ubuntu-17.04-zesty)
          requests/2.9.1 msrest/0.4.14 msrest_azure/0.4.14 batchaiclient/0.2.0 Azure-SDK-For-Python
          AZURECLI/2.0.16+dev]
      accept-language: [en-US]
    method: GET
    uri: https://management.azure.com/subscriptions/00000000-0000-0000-0000-000000000000/providers/Microsoft.BatchAI/locations/eastus/operationresults/f9f643e3-8b4a-4e8c-b4d4-8350a6529071?api-version=2017-09-01-preview
  response:
    body: {string: '{"id":"https://management.azure.com/subscriptions/00000000-0000-0000-0000-000000000000/providers/Microsoft.BatchAI/locations/eastus/operationresults/f9f643e3-8b4a-4e8c-b4d4-8350a6529071","name":"f9f643e3-8b4a-4e8c-b4d4-8350a6529071","status":"InProgress","startTime":"2017-09-30T22:51:05.545Z"}'}
    headers:
      cache-control: [no-cache]
      content-length: ['294']
      content-type: [application/json; charset=utf-8]
      date: ['Sat, 30 Sep 2017 22:53:55 GMT']
      expires: ['-1']
      pragma: [no-cache]
      request-id: [be7dadca-91a2-468c-8aa0-fe90ff058779]
      server: [Microsoft-HTTPAPI/2.0]
      strict-transport-security: [max-age=31536000; includeSubDomains]
      transfer-encoding: [chunked]
      vary: [Accept-Encoding]
      x-content-type-options: [nosniff]
    status: {code: 200, message: OK}
- request:
    body: null
    headers:
      Accept: [application/json]
      Accept-Encoding: ['gzip, deflate']
      CommandName: [batchai cluster delete]
      Connection: [keep-alive]
      Content-Type: [application/json; charset=utf-8]
      User-Agent: [python/3.5.3 (Linux-4.10.0-35-generic-x86_64-with-Ubuntu-17.04-zesty)
          requests/2.9.1 msrest/0.4.14 msrest_azure/0.4.14 batchaiclient/0.2.0 Azure-SDK-For-Python
          AZURECLI/2.0.16+dev]
      accept-language: [en-US]
    method: GET
    uri: https://management.azure.com/subscriptions/00000000-0000-0000-0000-000000000000/providers/Microsoft.BatchAI/locations/eastus/operationresults/f9f643e3-8b4a-4e8c-b4d4-8350a6529071?api-version=2017-09-01-preview
  response:
    body: {string: '{"id":"https://management.azure.com/subscriptions/00000000-0000-0000-0000-000000000000/providers/Microsoft.BatchAI/locations/eastus/operationresults/f9f643e3-8b4a-4e8c-b4d4-8350a6529071","name":"f9f643e3-8b4a-4e8c-b4d4-8350a6529071","status":"InProgress","startTime":"2017-09-30T22:51:05.545Z"}'}
    headers:
      cache-control: [no-cache]
      content-length: ['294']
      content-type: [application/json; charset=utf-8]
      date: ['Sat, 30 Sep 2017 22:54:27 GMT']
      expires: ['-1']
      pragma: [no-cache]
      request-id: [21a96db4-a562-4f41-874c-9a5515b836a4]
      server: [Microsoft-HTTPAPI/2.0]
      strict-transport-security: [max-age=31536000; includeSubDomains]
      transfer-encoding: [chunked]
      vary: [Accept-Encoding]
      x-content-type-options: [nosniff]
    status: {code: 200, message: OK}
- request:
    body: null
    headers:
      Accept: [application/json]
      Accept-Encoding: ['gzip, deflate']
      CommandName: [batchai cluster delete]
      Connection: [keep-alive]
      Content-Type: [application/json; charset=utf-8]
      User-Agent: [python/3.5.3 (Linux-4.10.0-35-generic-x86_64-with-Ubuntu-17.04-zesty)
          requests/2.9.1 msrest/0.4.14 msrest_azure/0.4.14 batchaiclient/0.2.0 Azure-SDK-For-Python
          AZURECLI/2.0.16+dev]
      accept-language: [en-US]
    method: GET
    uri: https://management.azure.com/subscriptions/00000000-0000-0000-0000-000000000000/providers/Microsoft.BatchAI/locations/eastus/operationresults/f9f643e3-8b4a-4e8c-b4d4-8350a6529071?api-version=2017-09-01-preview
  response:
    body: {string: '{"id":"https://management.azure.com/subscriptions/00000000-0000-0000-0000-000000000000/providers/Microsoft.BatchAI/locations/eastus/operationresults/f9f643e3-8b4a-4e8c-b4d4-8350a6529071","name":"f9f643e3-8b4a-4e8c-b4d4-8350a6529071","status":"InProgress","startTime":"2017-09-30T22:51:05.545Z"}'}
    headers:
      cache-control: [no-cache]
      content-length: ['294']
      content-type: [application/json; charset=utf-8]
      date: ['Sat, 30 Sep 2017 22:54:58 GMT']
      expires: ['-1']
      pragma: [no-cache]
      request-id: [680cba95-66fd-4907-a988-5bc1c1ad8f9e]
      server: [Microsoft-HTTPAPI/2.0]
      strict-transport-security: [max-age=31536000; includeSubDomains]
      transfer-encoding: [chunked]
      vary: [Accept-Encoding]
      x-content-type-options: [nosniff]
    status: {code: 200, message: OK}
- request:
    body: null
    headers:
      Accept: [application/json]
      Accept-Encoding: ['gzip, deflate']
      CommandName: [batchai cluster delete]
      Connection: [keep-alive]
      Content-Type: [application/json; charset=utf-8]
      User-Agent: [python/3.5.3 (Linux-4.10.0-35-generic-x86_64-with-Ubuntu-17.04-zesty)
          requests/2.9.1 msrest/0.4.14 msrest_azure/0.4.14 batchaiclient/0.2.0 Azure-SDK-For-Python
          AZURECLI/2.0.16+dev]
      accept-language: [en-US]
    method: GET
    uri: https://management.azure.com/subscriptions/00000000-0000-0000-0000-000000000000/providers/Microsoft.BatchAI/locations/eastus/operationresults/f9f643e3-8b4a-4e8c-b4d4-8350a6529071?api-version=2017-09-01-preview
  response:
    body: {string: '{"id":"https://management.azure.com/subscriptions/00000000-0000-0000-0000-000000000000/providers/Microsoft.BatchAI/locations/eastus/operationresults/f9f643e3-8b4a-4e8c-b4d4-8350a6529071","name":"f9f643e3-8b4a-4e8c-b4d4-8350a6529071","status":"InProgress","startTime":"2017-09-30T22:51:05.545Z"}'}
    headers:
      cache-control: [no-cache]
      content-length: ['294']
      content-type: [application/json; charset=utf-8]
      date: ['Sat, 30 Sep 2017 22:55:28 GMT']
      expires: ['-1']
      pragma: [no-cache]
      request-id: [379c1a9f-a317-4d32-8adc-bb96d250a89a]
      server: [Microsoft-HTTPAPI/2.0]
      strict-transport-security: [max-age=31536000; includeSubDomains]
      transfer-encoding: [chunked]
      vary: [Accept-Encoding]
      x-content-type-options: [nosniff]
    status: {code: 200, message: OK}
- request:
    body: null
    headers:
      Accept: [application/json]
      Accept-Encoding: ['gzip, deflate']
      CommandName: [batchai cluster delete]
      Connection: [keep-alive]
      Content-Type: [application/json; charset=utf-8]
      User-Agent: [python/3.5.3 (Linux-4.10.0-35-generic-x86_64-with-Ubuntu-17.04-zesty)
          requests/2.9.1 msrest/0.4.14 msrest_azure/0.4.14 batchaiclient/0.2.0 Azure-SDK-For-Python
          AZURECLI/2.0.16+dev]
      accept-language: [en-US]
    method: GET
    uri: https://management.azure.com/subscriptions/00000000-0000-0000-0000-000000000000/providers/Microsoft.BatchAI/locations/eastus/operationresults/f9f643e3-8b4a-4e8c-b4d4-8350a6529071?api-version=2017-09-01-preview
  response:
    body: {string: '{"id":"https://management.azure.com/subscriptions/00000000-0000-0000-0000-000000000000/providers/Microsoft.BatchAI/locations/eastus/operationresults/f9f643e3-8b4a-4e8c-b4d4-8350a6529071","name":"f9f643e3-8b4a-4e8c-b4d4-8350a6529071","status":"Succeeded","startTime":"2017-09-30T22:51:05.545Z","endTime":"2017-09-30T22:55:39.005Z","properties":{"resourceId":"8001b49e-e169-4ee6-a5ff-9c3ea5385053$clitest.rg000001$cluster"}}'}
    headers:
      cache-control: [no-cache]
      content-length: ['481']
      content-type: [application/json; charset=utf-8]
      date: ['Sat, 30 Sep 2017 22:56:00 GMT']
      expires: ['-1']
      pragma: [no-cache]
      request-id: [cfc2abef-633f-4a6a-9132-5af1968e030b]
      server: [Microsoft-HTTPAPI/2.0]
      strict-transport-security: [max-age=31536000; includeSubDomains]
      transfer-encoding: [chunked]
      vary: [Accept-Encoding]
      x-content-type-options: [nosniff]
    status: {code: 200, message: OK}
- request:
    body: null
    headers:
      Accept: [application/json]
      Accept-Encoding: ['gzip, deflate']
      CommandName: [batchai cluster list]
      Connection: [keep-alive]
      Content-Type: [application/json; charset=utf-8]
      User-Agent: [python/3.5.3 (Linux-4.10.0-35-generic-x86_64-with-Ubuntu-17.04-zesty)
          requests/2.9.1 msrest/0.4.14 msrest_azure/0.4.14 batchaiclient/0.2.0 Azure-SDK-For-Python
          AZURECLI/2.0.16+dev]
      accept-language: [en-US]
    method: GET
    uri: https://management.azure.com/subscriptions/00000000-0000-0000-0000-000000000000/resourceGroups/clitest.rg000001/providers/Microsoft.BatchAI/clusters?api-version=2017-09-01-preview
  response:
    body: {string: '{"value":[]}'}
    headers:
      cache-control: [no-cache]
      content-length: ['12']
      content-type: [application/json; charset=utf-8]
      date: ['Sat, 30 Sep 2017 22:56:02 GMT']
      expires: ['-1']
      pragma: [no-cache]
      request-id: [beff9702-46bb-499e-a33e-19c19913ef2f]
      server: [Microsoft-HTTPAPI/2.0]
      strict-transport-security: [max-age=31536000; includeSubDomains]
      transfer-encoding: [chunked]
      vary: [Accept-Encoding]
      x-content-type-options: [nosniff]
    status: {code: 200, message: OK}
- request:
    body: null
    headers:
      Accept: [application/json]
      Accept-Encoding: ['gzip, deflate']
      CommandName: [batchai job delete]
      Connection: [keep-alive]
      Content-Length: ['0']
      Content-Type: [application/json; charset=utf-8]
      User-Agent: [python/3.5.3 (Linux-4.10.0-35-generic-x86_64-with-Ubuntu-17.04-zesty)
          requests/2.9.1 msrest/0.4.14 msrest_azure/0.4.14 batchaiclient/0.2.0 Azure-SDK-For-Python
          AZURECLI/2.0.16+dev]
      accept-language: [en-US]
    method: DELETE
    uri: https://management.azure.com/subscriptions/00000000-0000-0000-0000-000000000000/resourceGroups/clitest.rg000001/providers/Microsoft.BatchAI/jobs/job?api-version=2017-09-01-preview
  response:
    body: {string: ''}
    headers:
      azure-asyncoperation: ['https://management.azure.com/subscriptions/00000000-0000-0000-0000-000000000000/providers/Microsoft.BatchAI/locations/eastus/operationresults/1dadd093-9dfb-4c4b-a84a-41afde25efb0?api-version=2017-09-01-preview']
      cache-control: [no-cache]
      content-length: ['0']
      date: ['Sat, 30 Sep 2017 22:56:03 GMT']
      expires: ['-1']
      location: ['https://management.azure.com/subscriptions/00000000-0000-0000-0000-000000000000/providers/Microsoft.BatchAI/locations/eastus/operationresults/1dadd093-9dfb-4c4b-a84a-41afde25efb0?api-version=2017-09-01-preview']
      pragma: [no-cache]
      request-id: [3a776487-23c4-472a-9250-f70a1b1678ca]
      server: [Microsoft-HTTPAPI/2.0]
      strict-transport-security: [max-age=31536000; includeSubDomains]
      x-content-type-options: [nosniff]
      x-ms-ratelimit-remaining-subscription-writes: ['1199']
    status: {code: 202, message: Accepted}
- request:
    body: null
    headers:
      Accept: [application/json]
      Accept-Encoding: ['gzip, deflate']
      CommandName: [batchai job delete]
      Connection: [keep-alive]
      Content-Type: [application/json; charset=utf-8]
      User-Agent: [python/3.5.3 (Linux-4.10.0-35-generic-x86_64-with-Ubuntu-17.04-zesty)
          requests/2.9.1 msrest/0.4.14 msrest_azure/0.4.14 batchaiclient/0.2.0 Azure-SDK-For-Python
          AZURECLI/2.0.16+dev]
      accept-language: [en-US]
    method: GET
    uri: https://management.azure.com/subscriptions/00000000-0000-0000-0000-000000000000/providers/Microsoft.BatchAI/locations/eastus/operationresults/1dadd093-9dfb-4c4b-a84a-41afde25efb0?api-version=2017-09-01-preview
  response:
    body: {string: '{"id":"https://management.azure.com/subscriptions/00000000-0000-0000-0000-000000000000/providers/Microsoft.BatchAI/locations/eastus/operationresults/1dadd093-9dfb-4c4b-a84a-41afde25efb0","name":"1dadd093-9dfb-4c4b-a84a-41afde25efb0","status":"InProgress","startTime":"2017-09-30T22:56:03.88Z"}'}
    headers:
      cache-control: [no-cache]
      content-length: ['293']
      content-type: [application/json; charset=utf-8]
      date: ['Sat, 30 Sep 2017 22:56:19 GMT']
      expires: ['-1']
      pragma: [no-cache]
      request-id: [2ef69cfe-3976-45e3-bd31-d98877f104a6]
      server: [Microsoft-HTTPAPI/2.0]
      strict-transport-security: [max-age=31536000; includeSubDomains]
      transfer-encoding: [chunked]
      vary: [Accept-Encoding]
      x-content-type-options: [nosniff]
    status: {code: 200, message: OK}
- request:
    body: null
    headers:
      Accept: [application/json]
      Accept-Encoding: ['gzip, deflate']
      CommandName: [batchai job delete]
      Connection: [keep-alive]
      Content-Type: [application/json; charset=utf-8]
      User-Agent: [python/3.5.3 (Linux-4.10.0-35-generic-x86_64-with-Ubuntu-17.04-zesty)
          requests/2.9.1 msrest/0.4.14 msrest_azure/0.4.14 batchaiclient/0.2.0 Azure-SDK-For-Python
          AZURECLI/2.0.16+dev]
      accept-language: [en-US]
    method: GET
    uri: https://management.azure.com/subscriptions/00000000-0000-0000-0000-000000000000/providers/Microsoft.BatchAI/locations/eastus/operationresults/1dadd093-9dfb-4c4b-a84a-41afde25efb0?api-version=2017-09-01-preview
  response:
    body: {string: '{"id":"https://management.azure.com/subscriptions/00000000-0000-0000-0000-000000000000/providers/Microsoft.BatchAI/locations/eastus/operationresults/1dadd093-9dfb-4c4b-a84a-41afde25efb0","name":"1dadd093-9dfb-4c4b-a84a-41afde25efb0","status":"Succeeded","startTime":"2017-09-30T22:56:03.88Z","endTime":"2017-09-30T22:56:35.249Z","properties":{"resourceId":"8001b49e-e169-4ee6-a5ff-9c3ea5385053$clitest.rg000001$job"}}'}
    headers:
      cache-control: [no-cache]
      content-length: ['476']
      content-type: [application/json; charset=utf-8]
      date: ['Sat, 30 Sep 2017 22:56:51 GMT']
      expires: ['-1']
      pragma: [no-cache]
      request-id: [21d3a912-b6bf-4fac-a7c6-5840a132f5a9]
      server: [Microsoft-HTTPAPI/2.0]
      strict-transport-security: [max-age=31536000; includeSubDomains]
      transfer-encoding: [chunked]
      vary: [Accept-Encoding]
      x-content-type-options: [nosniff]
    status: {code: 200, message: OK}
- request:
    body: null
    headers:
      Accept: [application/json]
      Accept-Encoding: ['gzip, deflate']
      CommandName: [batchai job delete]
      Connection: [keep-alive]
      Content-Length: ['0']
      Content-Type: [application/json; charset=utf-8]
      User-Agent: [python/3.5.3 (Linux-4.10.0-35-generic-x86_64-with-Ubuntu-17.04-zesty)
          requests/2.9.1 msrest/0.4.14 msrest_azure/0.4.14 batchaiclient/0.2.0 Azure-SDK-For-Python
          AZURECLI/2.0.16+dev]
      accept-language: [en-US]
    method: DELETE
    uri: https://management.azure.com/subscriptions/00000000-0000-0000-0000-000000000000/resourceGroups/clitest.rg000001/providers/Microsoft.BatchAI/jobs/job2?api-version=2017-09-01-preview
  response:
    body: {string: ''}
    headers:
      azure-asyncoperation: ['https://management.azure.com/subscriptions/00000000-0000-0000-0000-000000000000/providers/Microsoft.BatchAI/locations/eastus/operationresults/b160fb44-5211-49c5-8a5b-c409b90bb78d?api-version=2017-09-01-preview']
      cache-control: [no-cache]
      content-length: ['0']
      date: ['Sat, 30 Sep 2017 22:56:52 GMT']
      expires: ['-1']
      location: ['https://management.azure.com/subscriptions/00000000-0000-0000-0000-000000000000/providers/Microsoft.BatchAI/locations/eastus/operationresults/b160fb44-5211-49c5-8a5b-c409b90bb78d?api-version=2017-09-01-preview']
      pragma: [no-cache]
      request-id: [6729b6f2-7258-4d34-87eb-3e2dcb9608e0]
      server: [Microsoft-HTTPAPI/2.0]
      strict-transport-security: [max-age=31536000; includeSubDomains]
      x-content-type-options: [nosniff]
      x-ms-ratelimit-remaining-subscription-writes: ['1199']
    status: {code: 202, message: Accepted}
- request:
    body: null
    headers:
      Accept: [application/json]
      Accept-Encoding: ['gzip, deflate']
      CommandName: [batchai job delete]
      Connection: [keep-alive]
      Content-Type: [application/json; charset=utf-8]
      User-Agent: [python/3.5.3 (Linux-4.10.0-35-generic-x86_64-with-Ubuntu-17.04-zesty)
          requests/2.9.1 msrest/0.4.14 msrest_azure/0.4.14 batchaiclient/0.2.0 Azure-SDK-For-Python
          AZURECLI/2.0.16+dev]
      accept-language: [en-US]
    method: GET
    uri: https://management.azure.com/subscriptions/00000000-0000-0000-0000-000000000000/providers/Microsoft.BatchAI/locations/eastus/operationresults/b160fb44-5211-49c5-8a5b-c409b90bb78d?api-version=2017-09-01-preview
  response:
    body: {string: '{"id":"https://management.azure.com/subscriptions/00000000-0000-0000-0000-000000000000/providers/Microsoft.BatchAI/locations/eastus/operationresults/b160fb44-5211-49c5-8a5b-c409b90bb78d","name":"b160fb44-5211-49c5-8a5b-c409b90bb78d","status":"InProgress","startTime":"2017-09-30T22:56:52.308Z"}'}
    headers:
      cache-control: [no-cache]
      content-length: ['294']
      content-type: [application/json; charset=utf-8]
      date: ['Sat, 30 Sep 2017 22:57:08 GMT']
      expires: ['-1']
      pragma: [no-cache]
      request-id: [91d3f889-6937-4815-8e46-8f55ede99ec8]
      server: [Microsoft-HTTPAPI/2.0]
      strict-transport-security: [max-age=31536000; includeSubDomains]
      transfer-encoding: [chunked]
      vary: [Accept-Encoding]
      x-content-type-options: [nosniff]
    status: {code: 200, message: OK}
- request:
    body: null
    headers:
      Accept: [application/json]
      Accept-Encoding: ['gzip, deflate']
      CommandName: [batchai job delete]
      Connection: [keep-alive]
      Content-Type: [application/json; charset=utf-8]
      User-Agent: [python/3.5.3 (Linux-4.10.0-35-generic-x86_64-with-Ubuntu-17.04-zesty)
          requests/2.9.1 msrest/0.4.14 msrest_azure/0.4.14 batchaiclient/0.2.0 Azure-SDK-For-Python
          AZURECLI/2.0.16+dev]
      accept-language: [en-US]
    method: GET
    uri: https://management.azure.com/subscriptions/00000000-0000-0000-0000-000000000000/providers/Microsoft.BatchAI/locations/eastus/operationresults/b160fb44-5211-49c5-8a5b-c409b90bb78d?api-version=2017-09-01-preview
  response:
    body: {string: '{"id":"https://management.azure.com/subscriptions/00000000-0000-0000-0000-000000000000/providers/Microsoft.BatchAI/locations/eastus/operationresults/b160fb44-5211-49c5-8a5b-c409b90bb78d","name":"b160fb44-5211-49c5-8a5b-c409b90bb78d","status":"Succeeded","startTime":"2017-09-30T22:56:52.308Z","endTime":"2017-09-30T22:57:23.524Z","properties":{"resourceId":"8001b49e-e169-4ee6-a5ff-9c3ea5385053$clitest.rg000001$job2"}}'}
    headers:
      cache-control: [no-cache]
      content-length: ['478']
      content-type: [application/json; charset=utf-8]
      date: ['Sat, 30 Sep 2017 22:57:39 GMT']
      expires: ['-1']
      pragma: [no-cache]
      request-id: [23957414-1743-445c-9da5-4332ca497636]
      server: [Microsoft-HTTPAPI/2.0]
      strict-transport-security: [max-age=31536000; includeSubDomains]
      transfer-encoding: [chunked]
      vary: [Accept-Encoding]
      x-content-type-options: [nosniff]
    status: {code: 200, message: OK}
- request:
    body: null
    headers:
      Accept: [application/json]
      Accept-Encoding: ['gzip, deflate']
      CommandName: [batchai job list]
      Connection: [keep-alive]
      Content-Type: [application/json; charset=utf-8]
      User-Agent: [python/3.5.3 (Linux-4.10.0-35-generic-x86_64-with-Ubuntu-17.04-zesty)
          requests/2.9.1 msrest/0.4.14 msrest_azure/0.4.14 batchaiclient/0.2.0 Azure-SDK-For-Python
          AZURECLI/2.0.16+dev]
      accept-language: [en-US]
    method: GET
    uri: https://management.azure.com/subscriptions/00000000-0000-0000-0000-000000000000/resourceGroups/clitest.rg000001/providers/Microsoft.BatchAI/jobs?api-version=2017-09-01-preview
  response:
    body: {string: '{"value":[]}'}
    headers:
      cache-control: [no-cache]
      content-length: ['12']
      content-type: [application/json; charset=utf-8]
      date: ['Sat, 30 Sep 2017 22:57:41 GMT']
      expires: ['-1']
      pragma: [no-cache]
      request-id: [4ebc1a66-334c-4078-8c68-6af24414e8c1]
      server: [Microsoft-HTTPAPI/2.0]
      strict-transport-security: [max-age=31536000; includeSubDomains]
      transfer-encoding: [chunked]
      vary: [Accept-Encoding]
      x-content-type-options: [nosniff]
    status: {code: 200, message: OK}
- request:
    body: null
    headers:
      Accept: [application/json]
      Accept-Encoding: ['gzip, deflate']
      CommandName: [group delete]
      Connection: [keep-alive]
      Content-Length: ['0']
      Content-Type: [application/json; charset=utf-8]
      User-Agent: [python/3.5.3 (Linux-4.10.0-35-generic-x86_64-with-Ubuntu-17.04-zesty)
          requests/2.9.1 msrest/0.4.14 msrest_azure/0.4.14 resourcemanagementclient/1.2.0rc2
          Azure-SDK-For-Python AZURECLI/2.0.16+dev]
      accept-language: [en-US]
    method: DELETE
    uri: https://management.azure.com/subscriptions/00000000-0000-0000-0000-000000000000/resourcegroups/clitest.rg000001?api-version=2017-05-10
  response:
    body: {string: ''}
    headers:
      cache-control: [no-cache]
      content-length: ['0']
      date: ['Sat, 30 Sep 2017 22:57:42 GMT']
      expires: ['-1']
      location: ['https://management.azure.com/subscriptions/00000000-0000-0000-0000-000000000000/operationresults/eyJqb2JJZCI6IlJFU09VUkNFR1JPVVBERUxFVElPTkpPQi1DTElURVNUOjJFUkc3WlRKSFdBTFlNSlhDU0FKTEg0RE1aUlZMVENVR01OMkNZN3w1NDdFMTRBNUM0NEZEQTg4LUVBU1RVUyIsImpvYkxvY2F0aW9uIjoiZWFzdHVzIn0?api-version=2017-05-10']
      pragma: [no-cache]
      strict-transport-security: [max-age=31536000; includeSubDomains]
      x-ms-ratelimit-remaining-subscription-writes: ['1199']
    status: {code: 202, message: Accepted}
version: 1
