interactions:
- request:
    body: '{"location": "eastus", "sku": {"name": "Standard"}, "properties": {"publicNetworkAccess":
      "Enabled"}}'
    headers:
      Accept:
      - application/json
      Accept-Encoding:
      - gzip, deflate
      CommandName:
      - appconfig create
      Connection:
      - keep-alive
      Content-Length:
      - '101'
      Content-Type:
      - application/json
      ParameterSetName:
      - -n -g -l --sku --enable-public-network
      User-Agent:
      - AZURECLI/2.16.0 azsdk-python-mgmt-appconfiguration/1.0.1 Python/3.8.5 (Windows-10-10.0.19041-SP0)
    method: PUT
    uri: https://management.azure.com/subscriptions/00000000-0000-0000-0000-000000000000/resourceGroups/clitest.rg000001/providers/Microsoft.AppConfiguration/configurationStores/PubNetworkTrue000002?api-version=2020-06-01
  response:
    body:
      string: '{"type":"Microsoft.AppConfiguration/configurationStores","properties":{"provisioningState":"Creating","creationDate":"2020-12-28T19:54:26.646363+00:00","endpoint":null,"encryption":null,"privateEndpointConnections":null},"sku":{"name":"Standard"},"id":"/subscriptions/00000000-0000-0000-0000-000000000000/resourceGroups/clitest.rg000001/providers/Microsoft.AppConfiguration/configurationStores/PubNetworkTrue000002","name":"PubNetworkTrue000002","location":"eastus","tags":{}}'
    headers:
      azure-asyncoperation:
      - https://management.azure.com/subscriptions/00000000-0000-0000-0000-000000000000/providers/Microsoft.AppConfiguration/locations/eastus/operationsStatus/7878ebbe-1b3d-637f-178b-2428964618c4?api-version=2020-06-01
      cache-control:
      - no-cache
      content-length:
      - '543'
      content-type:
      - application/json; charset=utf-8
      date:
      - Mon, 28 Dec 2020 19:54:26 GMT
      expires:
      - '-1'
      pragma:
      - no-cache
      server:
      - nginx/1.17.10
      strict-transport-security:
      - max-age=31536000; includeSubDomains
      x-content-type-options:
      - nosniff
      x-ms-ratelimit-remaining-subscription-writes:
      - '1199'
    status:
      code: 201
      message: Created
- request:
    body: null
    headers:
      Accept:
      - '*/*'
      Accept-Encoding:
      - gzip, deflate
      CommandName:
      - appconfig create
      Connection:
      - keep-alive
      ParameterSetName:
      - -n -g -l --sku --enable-public-network
      User-Agent:
      - AZURECLI/2.16.0 azsdk-python-mgmt-appconfiguration/1.0.1 Python/3.8.5 (Windows-10-10.0.19041-SP0)
    method: GET
    uri: https://management.azure.com/subscriptions/00000000-0000-0000-0000-000000000000/providers/Microsoft.AppConfiguration/locations/eastus/operationsStatus/7878ebbe-1b3d-637f-178b-2428964618c4?api-version=2020-06-01
  response:
    body:
      string: '{"id":"/subscriptions/00000000-0000-0000-0000-000000000000/providers/Microsoft.AppConfiguration/locations/eastus/operationsStatus/7878ebbe-1b3d-637f-178b-2428964618c4","name":"7878ebbe-1b3d-637f-178b-2428964618c4","status":"Succeeded","error":null}'
    headers:
      azure-asyncoperation:
      - https://management.azure.com/subscriptions/00000000-0000-0000-0000-000000000000/providers/Microsoft.AppConfiguration/locations/eastus/operationsStatus/7878ebbe-1b3d-637f-178b-2428964618c4?api-version=2020-06-01
      cache-control:
      - no-cache
      content-length:
      - '248'
      content-type:
      - application/json; charset=utf-8
      date:
      - Mon, 28 Dec 2020 19:54:36 GMT
      expires:
      - '-1'
      pragma:
      - no-cache
      server:
      - nginx/1.17.10
      strict-transport-security:
      - max-age=31536000; includeSubDomains
      transfer-encoding:
      - chunked
      vary:
      - Accept-Encoding
      x-content-type-options:
      - nosniff
    status:
      code: 200
      message: OK
- request:
    body: null
    headers:
      Accept:
      - '*/*'
      Accept-Encoding:
      - gzip, deflate
      CommandName:
      - appconfig create
      Connection:
      - keep-alive
      ParameterSetName:
      - -n -g -l --sku --enable-public-network
      User-Agent:
      - AZURECLI/2.16.0 azsdk-python-mgmt-appconfiguration/1.0.1 Python/3.8.5 (Windows-10-10.0.19041-SP0)
    method: GET
    uri: https://management.azure.com/subscriptions/00000000-0000-0000-0000-000000000000/resourceGroups/clitest.rg000001/providers/Microsoft.AppConfiguration/configurationStores/PubNetworkTrue000002?api-version=2020-06-01
  response:
    body:
      string: '{"type":"Microsoft.AppConfiguration/configurationStores","properties":{"provisioningState":"Succeeded","creationDate":"2020-12-28T19:54:27+00:00","endpoint":"https://pubnetworktruev3v4ymr5x3.azconfig.io","encryption":{"keyVaultProperties":null},"privateEndpointConnections":null,"publicNetworkAccess":"Enabled"},"sku":{"name":"standard"},"id":"/subscriptions/00000000-0000-0000-0000-000000000000/resourceGroups/clitest.rg000001/providers/Microsoft.AppConfiguration/configurationStores/pubnetworktruev3v4ymr5x3","name":"PubNetworkTrue000002","location":"eastus","tags":{}}'
    headers:
      cache-control:
      - no-cache
      content-length:
      - '634'
      content-type:
      - application/json; charset=utf-8
      date:
      - Mon, 28 Dec 2020 19:54:36 GMT
      etag:
      - W/"490061fb-0000-0100-0000-5fea37f30000"
      expires:
      - '-1'
      pragma:
      - no-cache
      server:
      - nginx/1.17.10
      strict-transport-security:
      - max-age=31536000; includeSubDomains
      transfer-encoding:
      - chunked
      vary:
      - Accept-Encoding,Accept-Encoding
      x-content-type-options:
      - nosniff
    status:
      code: 200
      message: OK
- request:
    body: '{"location": "eastus", "sku": {"name": "Standard"}, "properties": {"publicNetworkAccess":
      "Disabled"}}'
    headers:
      Accept:
      - application/json
      Accept-Encoding:
      - gzip, deflate
      CommandName:
      - appconfig create
      Connection:
      - keep-alive
      Content-Length:
      - '102'
      Content-Type:
      - application/json
      ParameterSetName:
      - -n -g -l --sku --enable-public-network
      User-Agent:
      - AZURECLI/2.16.0 azsdk-python-mgmt-appconfiguration/1.0.1 Python/3.8.5 (Windows-10-10.0.19041-SP0)
    method: PUT
    uri: https://management.azure.com/subscriptions/00000000-0000-0000-0000-000000000000/resourceGroups/clitest.rg000001/providers/Microsoft.AppConfiguration/configurationStores/PubNetworkFalse000003?api-version=2020-06-01
  response:
    body:
      string: '{"type":"Microsoft.AppConfiguration/configurationStores","properties":{"provisioningState":"Creating","creationDate":"2020-12-28T19:54:39.9178049+00:00","endpoint":null,"encryption":null,"privateEndpointConnections":null},"sku":{"name":"Standard"},"id":"/subscriptions/00000000-0000-0000-0000-000000000000/resourceGroups/clitest.rg000001/providers/Microsoft.AppConfiguration/configurationStores/PubNetworkFalse000003","name":"PubNetworkFalse000003","location":"eastus","tags":{}}'
    headers:
      azure-asyncoperation:
      - https://management.azure.com/subscriptions/00000000-0000-0000-0000-000000000000/providers/Microsoft.AppConfiguration/locations/eastus/operationsStatus/f6cf97e2-2136-524c-4ab1-b993936a91a4?api-version=2020-06-01
      cache-control:
      - no-cache
      content-length:
      - '544'
      content-type:
      - application/json; charset=utf-8
      date:
      - Mon, 28 Dec 2020 19:54:40 GMT
      expires:
      - '-1'
      pragma:
      - no-cache
      server:
      - nginx/1.17.10
      strict-transport-security:
      - max-age=31536000; includeSubDomains
      x-content-type-options:
      - nosniff
      x-ms-ratelimit-remaining-subscription-writes:
      - '1199'
    status:
      code: 201
      message: Created
- request:
    body: null
    headers:
      Accept:
      - '*/*'
      Accept-Encoding:
      - gzip, deflate
      CommandName:
      - appconfig create
      Connection:
      - keep-alive
      ParameterSetName:
      - -n -g -l --sku --enable-public-network
      User-Agent:
      - AZURECLI/2.16.0 azsdk-python-mgmt-appconfiguration/1.0.1 Python/3.8.5 (Windows-10-10.0.19041-SP0)
    method: GET
    uri: https://management.azure.com/subscriptions/00000000-0000-0000-0000-000000000000/providers/Microsoft.AppConfiguration/locations/eastus/operationsStatus/f6cf97e2-2136-524c-4ab1-b993936a91a4?api-version=2020-06-01
  response:
    body:
      string: '{"id":"/subscriptions/00000000-0000-0000-0000-000000000000/providers/Microsoft.AppConfiguration/locations/eastus/operationsStatus/f6cf97e2-2136-524c-4ab1-b993936a91a4","name":"f6cf97e2-2136-524c-4ab1-b993936a91a4","status":"Succeeded","error":null}'
    headers:
      azure-asyncoperation:
      - https://management.azure.com/subscriptions/00000000-0000-0000-0000-000000000000/providers/Microsoft.AppConfiguration/locations/eastus/operationsStatus/f6cf97e2-2136-524c-4ab1-b993936a91a4?api-version=2020-06-01
      cache-control:
      - no-cache
      content-length:
      - '248'
      content-type:
      - application/json; charset=utf-8
      date:
      - Mon, 28 Dec 2020 19:54:50 GMT
      expires:
      - '-1'
      pragma:
      - no-cache
      server:
      - nginx/1.17.10
      strict-transport-security:
      - max-age=31536000; includeSubDomains
      transfer-encoding:
      - chunked
      vary:
      - Accept-Encoding
      x-content-type-options:
      - nosniff
    status:
      code: 200
      message: OK
- request:
    body: null
    headers:
      Accept:
      - '*/*'
      Accept-Encoding:
      - gzip, deflate
      CommandName:
      - appconfig create
      Connection:
      - keep-alive
      ParameterSetName:
      - -n -g -l --sku --enable-public-network
      User-Agent:
      - AZURECLI/2.16.0 azsdk-python-mgmt-appconfiguration/1.0.1 Python/3.8.5 (Windows-10-10.0.19041-SP0)
    method: GET
    uri: https://management.azure.com/subscriptions/00000000-0000-0000-0000-000000000000/resourceGroups/clitest.rg000001/providers/Microsoft.AppConfiguration/configurationStores/PubNetworkFalse000003?api-version=2020-06-01
  response:
    body:
      string: '{"type":"Microsoft.AppConfiguration/configurationStores","properties":{"provisioningState":"Succeeded","creationDate":"2020-12-28T19:54:45+00:00","endpoint":"https://pubnetworkfalsewxbttxngl.azconfig.io","encryption":{"keyVaultProperties":null},"privateEndpointConnections":null,"publicNetworkAccess":"Disabled"},"sku":{"name":"standard"},"id":"/subscriptions/00000000-0000-0000-0000-000000000000/resourceGroups/clitest.rg000001/providers/Microsoft.AppConfiguration/configurationStores/pubnetworkfalsewxbttxngl","name":"PubNetworkFalse000003","location":"eastus","tags":{}}'
    headers:
      cache-control:
      - no-cache
      content-length:
      - '635'
      content-type:
      - application/json; charset=utf-8
      date:
      - Mon, 28 Dec 2020 19:54:50 GMT
      etag:
      - W/"c2028934-0000-0100-0000-5fea38050000"
      expires:
      - '-1'
      pragma:
      - no-cache
      server:
      - nginx/1.17.10
      strict-transport-security:
      - max-age=31536000; includeSubDomains
      transfer-encoding:
      - chunked
      vary:
      - Accept-Encoding,Accept-Encoding
      x-content-type-options:
      - nosniff
    status:
      code: 200
      message: OK
- request:
    body: '{"location": "eastus", "sku": {"name": "Standard"}}'
    headers:
      Accept:
      - application/json
      Accept-Encoding:
      - gzip, deflate
      CommandName:
      - appconfig create
      Connection:
      - keep-alive
      Content-Length:
      - '51'
      Content-Type:
      - application/json
      ParameterSetName:
      - -n -g -l --sku
      User-Agent:
      - AZURECLI/2.16.0 azsdk-python-mgmt-appconfiguration/1.0.1 Python/3.8.5 (Windows-10-10.0.19041-SP0)
    method: PUT
    uri: https://management.azure.com/subscriptions/00000000-0000-0000-0000-000000000000/resourceGroups/clitest.rg000001/providers/Microsoft.AppConfiguration/configurationStores/PubNetworkNull000004?api-version=2020-06-01
  response:
    body:
      string: '{"type":"Microsoft.AppConfiguration/configurationStores","properties":{"provisioningState":"Creating","creationDate":"2020-12-28T19:54:52.8434556+00:00","endpoint":null,"encryption":null,"privateEndpointConnections":null},"sku":{"name":"Standard"},"id":"/subscriptions/00000000-0000-0000-0000-000000000000/resourceGroups/clitest.rg000001/providers/Microsoft.AppConfiguration/configurationStores/PubNetworkNull000004","name":"PubNetworkNull000004","location":"eastus","tags":{}}'
    headers:
      azure-asyncoperation:
      - https://management.azure.com/subscriptions/00000000-0000-0000-0000-000000000000/providers/Microsoft.AppConfiguration/locations/eastus/operationsStatus/787417ae-1e83-51c1-678d-e36f1e427bb5?api-version=2020-06-01
      cache-control:
      - no-cache
      content-length:
      - '544'
      content-type:
      - application/json; charset=utf-8
      date:
      - Mon, 28 Dec 2020 19:54:52 GMT
      expires:
      - '-1'
      pragma:
      - no-cache
      server:
      - nginx/1.17.10
      strict-transport-security:
      - max-age=31536000; includeSubDomains
      x-content-type-options:
      - nosniff
      x-ms-ratelimit-remaining-subscription-writes:
      - '1199'
    status:
      code: 201
      message: Created
- request:
    body: null
    headers:
      Accept:
      - '*/*'
      Accept-Encoding:
      - gzip, deflate
      CommandName:
      - appconfig create
      Connection:
      - keep-alive
      ParameterSetName:
      - -n -g -l --sku
      User-Agent:
      - AZURECLI/2.16.0 azsdk-python-mgmt-appconfiguration/1.0.1 Python/3.8.5 (Windows-10-10.0.19041-SP0)
    method: GET
    uri: https://management.azure.com/subscriptions/00000000-0000-0000-0000-000000000000/providers/Microsoft.AppConfiguration/locations/eastus/operationsStatus/787417ae-1e83-51c1-678d-e36f1e427bb5?api-version=2020-06-01
  response:
    body:
      string: '{"id":"/subscriptions/00000000-0000-0000-0000-000000000000/providers/Microsoft.AppConfiguration/locations/eastus/operationsStatus/787417ae-1e83-51c1-678d-e36f1e427bb5","name":"787417ae-1e83-51c1-678d-e36f1e427bb5","status":"Succeeded","error":null}'
    headers:
      azure-asyncoperation:
      - https://management.azure.com/subscriptions/00000000-0000-0000-0000-000000000000/providers/Microsoft.AppConfiguration/locations/eastus/operationsStatus/787417ae-1e83-51c1-678d-e36f1e427bb5?api-version=2020-06-01
      cache-control:
      - no-cache
      content-length:
      - '248'
      content-type:
      - application/json; charset=utf-8
      date:
      - Mon, 28 Dec 2020 19:55:02 GMT
      expires:
      - '-1'
      pragma:
      - no-cache
      server:
      - nginx/1.17.10
      strict-transport-security:
      - max-age=31536000; includeSubDomains
      transfer-encoding:
      - chunked
      vary:
      - Accept-Encoding
      x-content-type-options:
      - nosniff
    status:
      code: 200
      message: OK
- request:
    body: null
    headers:
      Accept:
      - '*/*'
      Accept-Encoding:
      - gzip, deflate
      CommandName:
      - appconfig create
      Connection:
      - keep-alive
      ParameterSetName:
      - -n -g -l --sku
      User-Agent:
      - AZURECLI/2.16.0 azsdk-python-mgmt-appconfiguration/1.0.1 Python/3.8.5 (Windows-10-10.0.19041-SP0)
    method: GET
    uri: https://management.azure.com/subscriptions/00000000-0000-0000-0000-000000000000/resourceGroups/clitest.rg000001/providers/Microsoft.AppConfiguration/configurationStores/PubNetworkNull000004?api-version=2020-06-01
  response:
    body:
      string: '{"type":"Microsoft.AppConfiguration/configurationStores","properties":{"provisioningState":"Succeeded","creationDate":"2020-12-28T19:54:53+00:00","endpoint":"https://pubnetworknullrzgndh724y.azconfig.io","encryption":{"keyVaultProperties":null},"privateEndpointConnections":null},"sku":{"name":"standard"},"id":"/subscriptions/00000000-0000-0000-0000-000000000000/resourceGroups/clitest.rg000001/providers/Microsoft.AppConfiguration/configurationStores/pubnetworknullrzgndh724y","name":"PubNetworkNull000004","location":"eastus","tags":{}}'
    headers:
      cache-control:
      - no-cache
      content-length:
      - '602'
      content-type:
      - application/json; charset=utf-8
      date:
      - Mon, 28 Dec 2020 19:55:02 GMT
      etag:
      - W/"4900adfc-0000-0100-0000-5fea380d0000"
      expires:
      - '-1'
      pragma:
      - no-cache
      server:
      - nginx/1.17.10
      strict-transport-security:
      - max-age=31536000; includeSubDomains
      transfer-encoding:
      - chunked
      vary:
      - Accept-Encoding,Accept-Encoding
      x-content-type-options:
      - nosniff
    status:
      code: 200
      message: OK
- request:
    body: '{"properties": {"publicNetworkAccess": "Enabled"}}'
    headers:
      Accept:
      - application/json
      Accept-Encoding:
      - gzip, deflate
      CommandName:
      - appconfig update
      Connection:
      - keep-alive
      Content-Length:
      - '50'
      Content-Type:
      - application/json
      ParameterSetName:
      - -n -g --enable-public-network
      User-Agent:
      - AZURECLI/2.16.0 azsdk-python-mgmt-appconfiguration/1.0.1 Python/3.8.5 (Windows-10-10.0.19041-SP0)
    method: PATCH
    uri: https://management.azure.com/subscriptions/00000000-0000-0000-0000-000000000000/resourceGroups/clitest.rg000001/providers/Microsoft.AppConfiguration/configurationStores/PubNetworkNull000004?api-version=2020-06-01
  response:
    body:
      string: '{"type":"Microsoft.AppConfiguration/configurationStores","properties":{"provisioningState":"Succeeded","creationDate":"2020-12-28T19:54:53+00:00","endpoint":"https://pubnetworknullrzgndh724y.azconfig.io","encryption":{"keyVaultProperties":null},"privateEndpointConnections":null,"publicNetworkAccess":"Enabled"},"sku":{"name":"standard"},"id":"/subscriptions/00000000-0000-0000-0000-000000000000/resourceGroups/clitest.rg000001/providers/Microsoft.AppConfiguration/configurationStores/pubnetworknullrzgndh724y","name":"PubNetworkNull000004","location":"eastus","tags":{}}'
    headers:
      cache-control:
      - no-cache
      content-length:
      - '634'
      content-type:
      - application/json; charset=utf-8
      date:
      - Mon, 28 Dec 2020 19:55:04 GMT
      etag:
      - W/"49004cfd-0000-0100-0000-5fea38180000"
      expires:
      - '-1'
      pragma:
      - no-cache
      server:
      - nginx/1.17.10
      strict-transport-security:
      - max-age=31536000; includeSubDomains
      transfer-encoding:
      - chunked
      vary:
      - Accept-Encoding,Accept-Encoding
      x-content-type-options:
      - nosniff
      x-ms-ratelimit-remaining-subscription-writes:
      - '1199'
    status:
      code: 200
      message: OK
- request:
    body: '{"properties": {"publicNetworkAccess": "Disabled"}}'
    headers:
      Accept:
      - application/json
      Accept-Encoding:
      - gzip, deflate
      CommandName:
      - appconfig update
      Connection:
      - keep-alive
      Content-Length:
      - '51'
      Content-Type:
      - application/json
      ParameterSetName:
      - -n -g --enable-public-network
      User-Agent:
      - AZURECLI/2.16.0 azsdk-python-mgmt-appconfiguration/1.0.1 Python/3.8.5 (Windows-10-10.0.19041-SP0)
    method: PATCH
    uri: https://management.azure.com/subscriptions/00000000-0000-0000-0000-000000000000/resourceGroups/clitest.rg000001/providers/Microsoft.AppConfiguration/configurationStores/PubNetworkNull000004?api-version=2020-06-01
  response:
    body:
      string: '{"type":"Microsoft.AppConfiguration/configurationStores","properties":{"provisioningState":"Succeeded","creationDate":"2020-12-28T19:54:53+00:00","endpoint":"https://pubnetworknullrzgndh724y.azconfig.io","encryption":{"keyVaultProperties":null},"privateEndpointConnections":null,"publicNetworkAccess":"Disabled"},"sku":{"name":"standard"},"id":"/subscriptions/00000000-0000-0000-0000-000000000000/resourceGroups/clitest.rg000001/providers/Microsoft.AppConfiguration/configurationStores/pubnetworknullrzgndh724y","name":"PubNetworkNull000004","location":"eastus","tags":{}}'
    headers:
      cache-control:
      - no-cache
      content-length:
      - '635'
      content-type:
      - application/json; charset=utf-8
      date:
      - Mon, 28 Dec 2020 19:55:05 GMT
      etag:
      - W/"49005ffd-0000-0100-0000-5fea381a0000"
      expires:
      - '-1'
      pragma:
      - no-cache
      server:
      - nginx/1.17.10
      strict-transport-security:
      - max-age=31536000; includeSubDomains
      transfer-encoding:
      - chunked
      vary:
      - Accept-Encoding,Accept-Encoding
      x-content-type-options:
      - nosniff
      x-ms-ratelimit-remaining-subscription-writes:
      - '1199'
    status:
      code: 200
      message: OK
version: 1
