interactions:
- request:
    body: '{"location": "eastus", "sku": {"name": "Standard"}, "properties": {"publicNetworkAccess":
      "Enabled", "softDeleteRetentionInDays": 1, "createMode": "Default"}}'
    headers:
      Accept:
      - application/json
      Accept-Encoding:
      - gzip, deflate
      CommandName:
      - appconfig create
      Connection:
      - keep-alive
      Content-Length:
      - '158'
      Content-Type:
      - application/json
      ParameterSetName:
      - -n -g -l --sku --enable-public-network --retention-days
      User-Agent:
      - AZURECLI/2.50.0 (PIP) azsdk-python-azure-mgmt-appconfiguration/3.0.0 Python/3.10.11
        (Windows-10-10.0.22621-SP0)
    method: PUT
    uri: https://management.azure.com/subscriptions/00000000-0000-0000-0000-000000000000/resourceGroups/clitest.rg000001/providers/Microsoft.AppConfiguration/configurationStores/PubNetworkTrue000002?api-version=2023-03-01
  response:
    body:
      string: '{"type":"Microsoft.AppConfiguration/configurationStores","location":"eastus","properties":{"provisioningState":"Creating","creationDate":"2023-06-30T18:40:15.649833+00:00","endpoint":null,"encryption":null,"privateEndpointConnections":null,"disableLocalAuth":null,"softDeleteRetentionInDays":null,"enablePurgeProtection":null},"sku":{"name":"Standard"},"systemData":null,"id":"/subscriptions/00000000-0000-0000-0000-000000000000/resourceGroups/clitest.rg000001/providers/Microsoft.AppConfiguration/configurationStores/PubNetworkTrue000002","name":"PubNetworkTrue000002","tags":{}}'
    headers:
      azure-asyncoperation:
      - https://management.azure.com/subscriptions/00000000-0000-0000-0000-000000000000/providers/Microsoft.AppConfiguration/locations/eastus/operationsStatus/zponxRSBnPoF9XSdm5W6DQJ1xZ8Rm5ivQRQ1PpE9HzM?api-version=2023-03-01
      cache-control:
      - no-cache
      content-length:
      - '580'
      content-type:
      - application/json; charset=utf-8
      date:
      - Fri, 30 Jun 2023 18:40:14 GMT
      expires:
      - '-1'
      pragma:
      - no-cache
      strict-transport-security:
      - max-age=31536000; includeSubDomains
      x-content-type-options:
      - nosniff
      x-ms-ratelimit-remaining-subscription-writes:
      - '1199'
    status:
      code: 201
      message: Created
- request:
    body: null
    headers:
      Accept:
      - '*/*'
      Accept-Encoding:
      - gzip, deflate
      CommandName:
      - appconfig create
      Connection:
      - keep-alive
      ParameterSetName:
      - -n -g -l --sku --enable-public-network --retention-days
      User-Agent:
      - AZURECLI/2.50.0 (PIP) azsdk-python-azure-mgmt-appconfiguration/3.0.0 Python/3.10.11
        (Windows-10-10.0.22621-SP0)
    method: GET
    uri: https://management.azure.com/subscriptions/00000000-0000-0000-0000-000000000000/providers/Microsoft.AppConfiguration/locations/eastus/operationsStatus/zponxRSBnPoF9XSdm5W6DQJ1xZ8Rm5ivQRQ1PpE9HzM?api-version=2023-03-01
  response:
    body:
      string: '{"id":"/subscriptions/00000000-0000-0000-0000-000000000000/providers/Microsoft.AppConfiguration/locations/eastus/operationsStatus/zponxRSBnPoF9XSdm5W6DQJ1xZ8Rm5ivQRQ1PpE9HzM","name":"zponxRSBnPoF9XSdm5W6DQJ1xZ8Rm5ivQRQ1PpE9HzM","status":"Creating","error":null}'
    headers:
      azure-asyncoperation:
      - https://management.azure.com/subscriptions/00000000-0000-0000-0000-000000000000/providers/Microsoft.AppConfiguration/locations/eastus/operationsStatus/zponxRSBnPoF9XSdm5W6DQJ1xZ8Rm5ivQRQ1PpE9HzM?api-version=2023-03-01
      cache-control:
      - no-cache
      content-length:
      - '261'
      content-type:
      - application/json; charset=utf-8
      date:
      - Fri, 30 Jun 2023 18:40:15 GMT
      expires:
      - '-1'
      pragma:
      - no-cache
      strict-transport-security:
      - max-age=31536000; includeSubDomains
      transfer-encoding:
      - chunked
      vary:
      - Accept-Encoding
      x-content-type-options:
      - nosniff
    status:
      code: 200
      message: OK
- request:
    body: null
    headers:
      Accept:
      - '*/*'
      Accept-Encoding:
      - gzip, deflate
      CommandName:
      - appconfig create
      Connection:
      - keep-alive
      ParameterSetName:
      - -n -g -l --sku --enable-public-network --retention-days
      User-Agent:
      - AZURECLI/2.50.0 (PIP) azsdk-python-azure-mgmt-appconfiguration/3.0.0 Python/3.10.11
        (Windows-10-10.0.22621-SP0)
    method: GET
    uri: https://management.azure.com/subscriptions/00000000-0000-0000-0000-000000000000/providers/Microsoft.AppConfiguration/locations/eastus/operationsStatus/zponxRSBnPoF9XSdm5W6DQJ1xZ8Rm5ivQRQ1PpE9HzM?api-version=2023-03-01
  response:
    body:
      string: '{"id":"/subscriptions/00000000-0000-0000-0000-000000000000/providers/Microsoft.AppConfiguration/locations/eastus/operationsStatus/zponxRSBnPoF9XSdm5W6DQJ1xZ8Rm5ivQRQ1PpE9HzM","name":"zponxRSBnPoF9XSdm5W6DQJ1xZ8Rm5ivQRQ1PpE9HzM","status":"Succeeded","error":null}'
    headers:
      azure-asyncoperation:
      - https://management.azure.com/subscriptions/00000000-0000-0000-0000-000000000000/providers/Microsoft.AppConfiguration/locations/eastus/operationsStatus/zponxRSBnPoF9XSdm5W6DQJ1xZ8Rm5ivQRQ1PpE9HzM?api-version=2023-03-01
      cache-control:
      - no-cache
      content-length:
      - '262'
      content-type:
      - application/json; charset=utf-8
      date:
      - Fri, 30 Jun 2023 18:40:25 GMT
      expires:
      - '-1'
      pragma:
      - no-cache
      strict-transport-security:
      - max-age=31536000; includeSubDomains
      transfer-encoding:
      - chunked
      vary:
      - Accept-Encoding
      x-content-type-options:
      - nosniff
    status:
      code: 200
      message: OK
- request:
    body: null
    headers:
      Accept:
      - '*/*'
      Accept-Encoding:
      - gzip, deflate
      CommandName:
      - appconfig create
      Connection:
      - keep-alive
      ParameterSetName:
      - -n -g -l --sku --enable-public-network --retention-days
      User-Agent:
      - AZURECLI/2.50.0 (PIP) azsdk-python-azure-mgmt-appconfiguration/3.0.0 Python/3.10.11
        (Windows-10-10.0.22621-SP0)
    method: GET
    uri: https://management.azure.com/subscriptions/00000000-0000-0000-0000-000000000000/resourceGroups/clitest.rg000001/providers/Microsoft.AppConfiguration/configurationStores/PubNetworkTrue000002?api-version=2023-03-01
  response:
    body:
      string: '{"type":"Microsoft.AppConfiguration/configurationStores","location":"eastus","properties":{"provisioningState":"Succeeded","creationDate":"2023-06-30T18:40:16+00:00","endpoint":"https://pubnetworktruekb6zqka7x4.azconfig.io","encryption":{"keyVaultProperties":null},"privateEndpointConnections":null,"publicNetworkAccess":"Enabled","disableLocalAuth":false,"softDeleteRetentionInDays":1,"enablePurgeProtection":false},"sku":{"name":"standard"},"systemData":{"createdBy":"albertofori@microsoft.com","createdByType":"User","createdAt":"2023-06-30T18:40:16+00:00","lastModifiedBy":"albertofori@microsoft.com","lastModifiedByType":"User","lastModifiedAt":"2023-06-30T18:40:17+00:00"},"id":"/subscriptions/00000000-0000-0000-0000-000000000000/resourceGroups/clitest.rg000001/providers/Microsoft.AppConfiguration/configurationStores/pubnetworktruekb6zqka7x4","name":"PubNetworkTrue000002","tags":{}}'
    headers:
      cache-control:
      - no-cache
      content-length:
      - '892'
      content-type:
      - application/json; charset=utf-8
      date:
      - Fri, 30 Jun 2023 18:40:25 GMT
      etag:
      - '"a8014ea5-0000-0100-0000-649f21910000"'
      expires:
      - '-1'
      pragma:
      - no-cache
      strict-transport-security:
      - max-age=31536000; includeSubDomains
      transfer-encoding:
      - chunked
      vary:
      - Accept-Encoding
      x-content-type-options:
      - nosniff
    status:
      code: 200
      message: OK
- request:
    body: '{"location": "eastus", "sku": {"name": "Standard"}, "properties": {"softDeleteRetentionInDays":
      1, "createMode": "Default"}}'
    headers:
      Accept:
      - application/json
      Accept-Encoding:
      - gzip, deflate
      CommandName:
      - appconfig create
      Connection:
      - keep-alive
      Content-Length:
      - '124'
      Content-Type:
      - application/json
      ParameterSetName:
      - -n -g -l --sku --retention-days
      User-Agent:
      - AZURECLI/2.50.0 (PIP) azsdk-python-azure-mgmt-appconfiguration/3.0.0 Python/3.10.11
        (Windows-10-10.0.22621-SP0)
    method: PUT
    uri: https://management.azure.com/subscriptions/00000000-0000-0000-0000-000000000000/resourceGroups/clitest.rg000001/providers/Microsoft.AppConfiguration/configurationStores/PubNetworkNull000003?api-version=2023-03-01
  response:
    body:
      string: '{"type":"Microsoft.AppConfiguration/configurationStores","location":"eastus","properties":{"provisioningState":"Creating","creationDate":"2023-06-30T18:40:27.5341289+00:00","endpoint":null,"encryption":null,"privateEndpointConnections":null,"disableLocalAuth":null,"softDeleteRetentionInDays":null,"enablePurgeProtection":null},"sku":{"name":"Standard"},"systemData":null,"id":"/subscriptions/00000000-0000-0000-0000-000000000000/resourceGroups/clitest.rg000001/providers/Microsoft.AppConfiguration/configurationStores/PubNetworkNull000003","name":"PubNetworkNull000003","tags":{}}'
    headers:
      azure-asyncoperation:
      - https://management.azure.com/subscriptions/00000000-0000-0000-0000-000000000000/providers/Microsoft.AppConfiguration/locations/eastus/operationsStatus/S_7KBRmXCRIKI3eSQ1Q8XkNIFKnNJLq6WpO0ZnXy8AE?api-version=2023-03-01
      cache-control:
      - no-cache
      content-length:
      - '581'
      content-type:
      - application/json; charset=utf-8
      date:
      - Fri, 30 Jun 2023 18:40:26 GMT
      expires:
      - '-1'
      pragma:
      - no-cache
      strict-transport-security:
      - max-age=31536000; includeSubDomains
      x-content-type-options:
      - nosniff
      x-ms-ratelimit-remaining-subscription-writes:
      - '1199'
    status:
      code: 201
      message: Created
- request:
    body: null
    headers:
      Accept:
      - '*/*'
      Accept-Encoding:
      - gzip, deflate
      CommandName:
      - appconfig create
      Connection:
      - keep-alive
      ParameterSetName:
      - -n -g -l --sku --retention-days
      User-Agent:
      - AZURECLI/2.50.0 (PIP) azsdk-python-azure-mgmt-appconfiguration/3.0.0 Python/3.10.11
        (Windows-10-10.0.22621-SP0)
    method: GET
    uri: https://management.azure.com/subscriptions/00000000-0000-0000-0000-000000000000/providers/Microsoft.AppConfiguration/locations/eastus/operationsStatus/S_7KBRmXCRIKI3eSQ1Q8XkNIFKnNJLq6WpO0ZnXy8AE?api-version=2023-03-01
  response:
    body:
      string: '{"id":"/subscriptions/00000000-0000-0000-0000-000000000000/providers/Microsoft.AppConfiguration/locations/eastus/operationsStatus/S_7KBRmXCRIKI3eSQ1Q8XkNIFKnNJLq6WpO0ZnXy8AE","name":"S_7KBRmXCRIKI3eSQ1Q8XkNIFKnNJLq6WpO0ZnXy8AE","status":"Creating","error":null}'
    headers:
      azure-asyncoperation:
      - https://management.azure.com/subscriptions/00000000-0000-0000-0000-000000000000/providers/Microsoft.AppConfiguration/locations/eastus/operationsStatus/S_7KBRmXCRIKI3eSQ1Q8XkNIFKnNJLq6WpO0ZnXy8AE?api-version=2023-03-01
      cache-control:
      - no-cache
      content-length:
      - '261'
      content-type:
      - application/json; charset=utf-8
      date:
      - Fri, 30 Jun 2023 18:40:26 GMT
      expires:
      - '-1'
      pragma:
      - no-cache
      strict-transport-security:
      - max-age=31536000; includeSubDomains
      transfer-encoding:
      - chunked
      vary:
      - Accept-Encoding
      x-content-type-options:
      - nosniff
    status:
      code: 200
      message: OK
- request:
    body: null
    headers:
      Accept:
      - '*/*'
      Accept-Encoding:
      - gzip, deflate
      CommandName:
      - appconfig create
      Connection:
      - keep-alive
      ParameterSetName:
      - -n -g -l --sku --retention-days
      User-Agent:
      - AZURECLI/2.50.0 (PIP) azsdk-python-azure-mgmt-appconfiguration/3.0.0 Python/3.10.11
        (Windows-10-10.0.22621-SP0)
    method: GET
    uri: https://management.azure.com/subscriptions/00000000-0000-0000-0000-000000000000/providers/Microsoft.AppConfiguration/locations/eastus/operationsStatus/S_7KBRmXCRIKI3eSQ1Q8XkNIFKnNJLq6WpO0ZnXy8AE?api-version=2023-03-01
  response:
    body:
      string: '{"id":"/subscriptions/00000000-0000-0000-0000-000000000000/providers/Microsoft.AppConfiguration/locations/eastus/operationsStatus/S_7KBRmXCRIKI3eSQ1Q8XkNIFKnNJLq6WpO0ZnXy8AE","name":"S_7KBRmXCRIKI3eSQ1Q8XkNIFKnNJLq6WpO0ZnXy8AE","status":"Succeeded","error":null}'
    headers:
      azure-asyncoperation:
      - https://management.azure.com/subscriptions/00000000-0000-0000-0000-000000000000/providers/Microsoft.AppConfiguration/locations/eastus/operationsStatus/S_7KBRmXCRIKI3eSQ1Q8XkNIFKnNJLq6WpO0ZnXy8AE?api-version=2023-03-01
      cache-control:
      - no-cache
      content-length:
      - '262'
      content-type:
      - application/json; charset=utf-8
      date:
      - Fri, 30 Jun 2023 18:40:37 GMT
      expires:
      - '-1'
      pragma:
      - no-cache
      strict-transport-security:
      - max-age=31536000; includeSubDomains
      transfer-encoding:
      - chunked
      vary:
      - Accept-Encoding
      x-content-type-options:
      - nosniff
    status:
      code: 200
      message: OK
- request:
    body: null
    headers:
      Accept:
      - '*/*'
      Accept-Encoding:
      - gzip, deflate
      CommandName:
      - appconfig create
      Connection:
      - keep-alive
      ParameterSetName:
      - -n -g -l --sku --retention-days
      User-Agent:
      - AZURECLI/2.50.0 (PIP) azsdk-python-azure-mgmt-appconfiguration/3.0.0 Python/3.10.11
        (Windows-10-10.0.22621-SP0)
    method: GET
    uri: https://management.azure.com/subscriptions/00000000-0000-0000-0000-000000000000/resourceGroups/clitest.rg000001/providers/Microsoft.AppConfiguration/configurationStores/PubNetworkNull000003?api-version=2023-03-01
  response:
    body:
      string: '{"type":"Microsoft.AppConfiguration/configurationStores","location":"eastus","properties":{"provisioningState":"Succeeded","creationDate":"2023-06-30T18:40:28+00:00","endpoint":"https://pubnetworknull2e4ol3cfh3.azconfig.io","encryption":{"keyVaultProperties":null},"privateEndpointConnections":null,"disableLocalAuth":false,"softDeleteRetentionInDays":1,"enablePurgeProtection":false},"sku":{"name":"standard"},"systemData":{"createdBy":"albertofori@microsoft.com","createdByType":"User","createdAt":"2023-06-30T18:40:28+00:00","lastModifiedBy":"albertofori@microsoft.com","lastModifiedByType":"User","lastModifiedAt":"2023-06-30T18:40:30+00:00"},"id":"/subscriptions/00000000-0000-0000-0000-000000000000/resourceGroups/clitest.rg000001/providers/Microsoft.AppConfiguration/configurationStores/pubnetworknull2e4ol3cfh3","name":"PubNetworkNull000003","tags":{}}'
    headers:
      cache-control:
      - no-cache
      content-length:
      - '860'
      content-type:
      - application/json; charset=utf-8
      date:
      - Fri, 30 Jun 2023 18:40:37 GMT
      etag:
      - '"a801e7a6-0000-0100-0000-649f219e0000"'
      expires:
      - '-1'
      pragma:
      - no-cache
      strict-transport-security:
      - max-age=31536000; includeSubDomains
      transfer-encoding:
      - chunked
      vary:
      - Accept-Encoding
      x-content-type-options:
      - nosniff
    status:
      code: 200
      message: OK
- request:
    body: '{"properties": {"publicNetworkAccess": "Enabled"}}'
    headers:
      Accept:
      - application/json
      Accept-Encoding:
      - gzip, deflate
      CommandName:
      - appconfig update
      Connection:
      - keep-alive
      Content-Length:
      - '50'
      Content-Type:
      - application/json
      ParameterSetName:
      - -n -g --enable-public-network
      User-Agent:
      - AZURECLI/2.50.0 (PIP) azsdk-python-azure-mgmt-appconfiguration/3.0.0 Python/3.10.11
        (Windows-10-10.0.22621-SP0)
    method: PATCH
    uri: https://management.azure.com/subscriptions/00000000-0000-0000-0000-000000000000/resourceGroups/clitest.rg000001/providers/Microsoft.AppConfiguration/configurationStores/PubNetworkNull000003?api-version=2023-03-01
  response:
    body:
      string: '{"type":"Microsoft.AppConfiguration/configurationStores","location":"eastus","properties":{"provisioningState":"Succeeded","creationDate":"2023-06-30T18:40:28+00:00","endpoint":"https://pubnetworknull2e4ol3cfh3.azconfig.io","encryption":{"keyVaultProperties":null},"privateEndpointConnections":null,"publicNetworkAccess":"Enabled","disableLocalAuth":false,"softDeleteRetentionInDays":1,"enablePurgeProtection":false},"sku":{"name":"standard"},"systemData":{"createdBy":"albertofori@microsoft.com","createdByType":"User","createdAt":"2023-06-30T18:40:28+00:00","lastModifiedBy":"albertofori@microsoft.com","lastModifiedByType":"User","lastModifiedAt":"2023-06-30T18:40:39+00:00"},"id":"/subscriptions/00000000-0000-0000-0000-000000000000/resourceGroups/clitest.rg000001/providers/Microsoft.AppConfiguration/configurationStores/pubnetworknull2e4ol3cfh3","name":"PubNetworkNull000003","tags":{}}'
    headers:
      cache-control:
      - no-cache
      content-length:
      - '892'
      content-type:
      - application/json; charset=utf-8
      date:
      - Fri, 30 Jun 2023 18:40:38 GMT
      etag:
      - '"a801e7a7-0000-0100-0000-649f21a70000"'
      expires:
      - '-1'
      pragma:
      - no-cache
      strict-transport-security:
      - max-age=31536000; includeSubDomains
      transfer-encoding:
      - chunked
      vary:
      - Accept-Encoding
      x-content-type-options:
      - nosniff
      x-ms-ratelimit-remaining-subscription-writes:
      - '1199'
    status:
      code: 200
      message: OK
version: 1
