interactions:
- request:
    body: '{"location": "eastus", "identity": {"type": "SystemAssigned"}, "sku": {"name":
      "standard"}}'
    headers:
      Accept:
      - application/json
      Accept-Encoding:
      - gzip, deflate
      CommandName:
      - appconfig create
      Connection:
      - keep-alive
      Content-Length:
      - '91'
      Content-Type:
      - application/json; charset=utf-8
      ParameterSetName:
      - -n -g -l --sku --assign-identity
      User-Agent:
      - python/3.5.2 (Windows-10-10.0.18362-SP0) msrest/0.6.10 msrest_azure/0.6.2
        azure-mgmt-appconfiguration/0.4.0 Azure-SDK-For-Python AZURECLI/2.1.0
      accept-language:
      - en-US
    method: PUT
    uri: https://management.azure.com/subscriptions/00000000-0000-0000-0000-000000000000/resourceGroups/clitest.rg000001/providers/Microsoft.AppConfiguration/configurationStores/MgmtTest000002?api-version=2019-11-01-preview
  response:
    body:
      string: '{"type":"Microsoft.AppConfiguration/configurationStores","properties":{"provisioningState":"Creating","creationDate":"2020-03-18T18:58:23.5823497+00:00","endpoint":null,"encryption":null,"privateEndpointConnections":null},"sku":null,"id":"/subscriptions/00000000-0000-0000-0000-000000000000/resourceGroups/clitest.rg000001/providers/Microsoft.AppConfiguration/configurationStores/MgmtTest000002","name":"MgmtTest000002","location":"eastus","tags":{}}'
    headers:
      azure-asyncoperation:
      - https://management.azure.com/subscriptions/00000000-0000-0000-0000-000000000000/providers/Microsoft.AppConfiguration/locations/eastus/operationsStatus/4a130898-a787-c659-4981-70ce0470ca04?api-version=2019-11-01-preview
      cache-control:
      - no-cache
      content-length:
      - '529'
      content-type:
      - application/json; charset=utf-8
      date:
      - Wed, 18 Mar 2020 18:58:23 GMT
      expires:
      - '-1'
      pragma:
      - no-cache
      server:
      - openresty/1.15.8.1
      strict-transport-security:
      - max-age=31536000; includeSubDomains
      x-content-type-options:
      - nosniff
      x-ms-ratelimit-remaining-subscription-writes:
      - '1199'
    status:
      code: 201
      message: Created
- request:
    body: null
    headers:
      Accept:
      - application/json
      Accept-Encoding:
      - gzip, deflate
      CommandName:
      - appconfig create
      Connection:
      - keep-alive
      ParameterSetName:
      - -n -g -l --sku --assign-identity
      User-Agent:
      - python/3.5.2 (Windows-10-10.0.18362-SP0) msrest/0.6.10 msrest_azure/0.6.2
        azure-mgmt-appconfiguration/0.4.0 Azure-SDK-For-Python AZURECLI/2.1.0
    method: GET
    uri: https://management.azure.com/subscriptions/00000000-0000-0000-0000-000000000000/providers/Microsoft.AppConfiguration/locations/eastus/operationsStatus/4a130898-a787-c659-4981-70ce0470ca04?api-version=2019-11-01-preview
  response:
    body:
      string: '{"id":"/subscriptions/00000000-0000-0000-0000-000000000000/providers/Microsoft.AppConfiguration/locations/eastus/operationsStatus/4a130898-a787-c659-4981-70ce0470ca04","name":"4a130898-a787-c659-4981-70ce0470ca04","status":"Succeeded","error":null}'
    headers:
      azure-asyncoperation:
      - https://management.azure.com/subscriptions/00000000-0000-0000-0000-000000000000/providers/Microsoft.AppConfiguration/locations/eastus/operationsStatus/4a130898-a787-c659-4981-70ce0470ca04?api-version=2019-11-01-preview
      cache-control:
      - no-cache
      content-length:
      - '248'
      content-type:
      - application/json; charset=utf-8
      date:
      - Wed, 18 Mar 2020 18:58:34 GMT
      expires:
      - '-1'
      pragma:
      - no-cache
      server:
      - openresty/1.15.8.1
      strict-transport-security:
      - max-age=31536000; includeSubDomains
      transfer-encoding:
      - chunked
      vary:
      - Accept-Encoding
      x-content-type-options:
      - nosniff
    status:
      code: 200
      message: OK
- request:
    body: null
    headers:
      Accept:
      - application/json
      Accept-Encoding:
      - gzip, deflate
      CommandName:
      - appconfig create
      Connection:
      - keep-alive
      ParameterSetName:
      - -n -g -l --sku --assign-identity
      User-Agent:
      - python/3.5.2 (Windows-10-10.0.18362-SP0) msrest/0.6.10 msrest_azure/0.6.2
        azure-mgmt-appconfiguration/0.4.0 Azure-SDK-For-Python AZURECLI/2.1.0
    method: GET
    uri: https://management.azure.com/subscriptions/00000000-0000-0000-0000-000000000000/resourceGroups/clitest.rg000001/providers/Microsoft.AppConfiguration/configurationStores/MgmtTest000002?api-version=2019-11-01-preview
  response:
    body:
      string: '{"type":"Microsoft.AppConfiguration/configurationStores","identity":{"type":"SystemAssigned","principalId":"17cc43f9-19fd-4982-b1e1-c6192f86a723","tenantId":"72f988bf-86f1-41af-91ab-2d7cd011db47"},"properties":{"provisioningState":"Succeeded","creationDate":"2020-03-18T18:58:30+00:00","endpoint":"https://mgmttest2d2cukiq7ss4hkee.azconfig.io","encryption":{"keyVaultProperties":null},"privateEndpointConnections":null},"sku":{"name":"standard"},"id":"/subscriptions/00000000-0000-0000-0000-000000000000/resourceGroups/clitest.rg000001/providers/Microsoft.AppConfiguration/configurationStores/mgmttest2d2cukiq7ss4hkee","name":"MgmtTest000002","location":"eastus","tags":{}}'
    headers:
      cache-control:
      - no-cache
      content-length:
      - '742'
      content-type:
      - application/json; charset=utf-8
      date:
      - Wed, 18 Mar 2020 18:58:34 GMT
      etag:
      - W/"1202bafb-0000-0100-0000-5e726f560000"
      expires:
      - '-1'
      pragma:
      - no-cache
      server:
      - openresty/1.15.8.1
      strict-transport-security:
      - max-age=31536000; includeSubDomains
      transfer-encoding:
      - chunked
      vary:
      - Accept-Encoding,Accept-Encoding
      x-content-type-options:
      - nosniff
    status:
      code: 200
      message: OK
- request:
    body: null
    headers:
      Accept:
      - application/json
      Accept-Encoding:
      - gzip, deflate
      CommandName:
      - appconfig list
      Connection:
      - keep-alive
      ParameterSetName:
      - -g
      User-Agent:
      - python/3.5.2 (Windows-10-10.0.18362-SP0) msrest/0.6.10 msrest_azure/0.6.2
        azure-mgmt-appconfiguration/0.4.0 Azure-SDK-For-Python AZURECLI/2.1.0
      accept-language:
      - en-US
    method: GET
    uri: https://management.azure.com/subscriptions/00000000-0000-0000-0000-000000000000/resourceGroups/clitest.rg000001/providers/Microsoft.AppConfiguration/configurationStores?api-version=2019-11-01-preview
  response:
    body:
      string: '{"value":[{"type":"Microsoft.AppConfiguration/configurationStores","identity":{"type":"SystemAssigned","principalId":"17cc43f9-19fd-4982-b1e1-c6192f86a723","tenantId":"72f988bf-86f1-41af-91ab-2d7cd011db47"},"properties":{"provisioningState":"Succeeded","creationDate":"2020-03-18T18:58:30+00:00","endpoint":"https://mgmttest2d2cukiq7ss4hkee.azconfig.io","encryption":{"keyVaultProperties":null},"privateEndpointConnections":null},"sku":{"name":"standard"},"id":"/subscriptions/00000000-0000-0000-0000-000000000000/resourceGroups/clitest.rg000001/providers/Microsoft.AppConfiguration/configurationStores/mgmttest2d2cukiq7ss4hkee","name":"MgmtTest000002","location":"eastus","tags":{}}],"nextLink":"https://management.azure.com/subscriptions/00000000-0000-0000-0000-000000000000/resourceGroups/clitest.rg000001/providers/Microsoft.AppConfiguration/configurationStores?api-version=2019-11-01-preview&$skipToken=mgmttest2d2cukiq7ss4hkee"}'
    headers:
      cache-control:
      - no-cache
      content-length:
      - '1062'
      content-type:
      - application/json; charset=utf-8
      date:
      - Wed, 18 Mar 2020 18:58:37 GMT
      expires:
      - '-1'
      link:
      - </subscriptions/77d5ab06-7edd-4eec-bce9-52c11b75bb37/resourceGroups/clitest.rgfw6cfaieltsu5ux6v32yenhx72u6trstso35yl3zp7gsztt5blmmjrdn3c5hzppvb/providers/Microsoft.AppConfiguration/configurationStores?api-version=2019-11-01-preview&$skipToken=mgmttest2d2cukiq7ss4hkee>;
        rel="next"
      pragma:
      - no-cache
      server:
      - openresty/1.15.8.1
      strict-transport-security:
      - max-age=31536000; includeSubDomains
      transfer-encoding:
      - chunked
      vary:
      - Accept-Encoding,Accept-Encoding
      x-content-type-options:
      - nosniff
    status:
      code: 200
      message: OK
- request:
    body: null
    headers:
      Accept:
      - application/json
      Accept-Encoding:
      - gzip, deflate
      CommandName:
      - appconfig list
      Connection:
      - keep-alive
      ParameterSetName:
      - -g
      User-Agent:
      - python/3.5.2 (Windows-10-10.0.18362-SP0) msrest/0.6.10 msrest_azure/0.6.2
        azure-mgmt-appconfiguration/0.4.0 Azure-SDK-For-Python AZURECLI/2.1.0
      accept-language:
      - en-US
    method: GET
    uri: https://management.azure.com/subscriptions/00000000-0000-0000-0000-000000000000/resourceGroups/clitest.rg000001/providers/Microsoft.AppConfiguration/configurationStores?api-version=2019-11-01-preview&$skipToken=mgmttest2d2cukiq7ss4hkee
  response:
    body:
      string: '{"value":[],"nextLink":null}'
    headers:
      cache-control:
      - no-cache
      content-length:
      - '28'
      content-type:
      - application/json; charset=utf-8
      date:
      - Wed, 18 Mar 2020 18:58:37 GMT
      expires:
      - '-1'
      pragma:
      - no-cache
      server:
      - openresty/1.15.8.1
      strict-transport-security:
      - max-age=31536000; includeSubDomains
      transfer-encoding:
      - chunked
      vary:
      - Accept-Encoding
      x-content-type-options:
      - nosniff
    status:
      code: 200
      message: OK
- request:
    body: null
    headers:
      Accept:
      - application/json
      Accept-Encoding:
      - gzip, deflate
      CommandName:
      - appconfig show
      Connection:
      - keep-alive
      ParameterSetName:
      - -n -g
      User-Agent:
      - python/3.5.2 (Windows-10-10.0.18362-SP0) msrest/0.6.10 msrest_azure/0.6.2
        azure-mgmt-appconfiguration/0.4.0 Azure-SDK-For-Python AZURECLI/2.1.0
      accept-language:
      - en-US
    method: GET
    uri: https://management.azure.com/subscriptions/00000000-0000-0000-0000-000000000000/resourceGroups/clitest.rg000001/providers/Microsoft.AppConfiguration/configurationStores/MgmtTest000002?api-version=2019-11-01-preview
  response:
    body:
      string: '{"type":"Microsoft.AppConfiguration/configurationStores","identity":{"type":"SystemAssigned","principalId":"17cc43f9-19fd-4982-b1e1-c6192f86a723","tenantId":"72f988bf-86f1-41af-91ab-2d7cd011db47"},"properties":{"provisioningState":"Succeeded","creationDate":"2020-03-18T18:58:30+00:00","endpoint":"https://mgmttest2d2cukiq7ss4hkee.azconfig.io","encryption":{"keyVaultProperties":null},"privateEndpointConnections":null},"sku":{"name":"standard"},"id":"/subscriptions/00000000-0000-0000-0000-000000000000/resourceGroups/clitest.rg000001/providers/Microsoft.AppConfiguration/configurationStores/mgmttest2d2cukiq7ss4hkee","name":"MgmtTest000002","location":"eastus","tags":{}}'
    headers:
      cache-control:
      - no-cache
      content-length:
      - '742'
      content-type:
      - application/json; charset=utf-8
      date:
      - Wed, 18 Mar 2020 18:58:37 GMT
      etag:
      - W/"1202bafb-0000-0100-0000-5e726f560000"
      expires:
      - '-1'
      pragma:
      - no-cache
      server:
      - openresty/1.15.8.1
      strict-transport-security:
      - max-age=31536000; includeSubDomains
      transfer-encoding:
      - chunked
      vary:
      - Accept-Encoding,Accept-Encoding
      x-content-type-options:
      - nosniff
    status:
      code: 200
      message: OK
- request:
    body: '{"tags": {"Env": "Prod"}, "sku": {"name": "standard"}}'
    headers:
      Accept:
      - application/json
      Accept-Encoding:
      - gzip, deflate
      CommandName:
      - appconfig update
      Connection:
      - keep-alive
      Content-Length:
      - '54'
      Content-Type:
      - application/json; charset=utf-8
      ParameterSetName:
      - -n -g --tags --sku
      User-Agent:
      - python/3.5.2 (Windows-10-10.0.18362-SP0) msrest/0.6.10 msrest_azure/0.6.2
        azure-mgmt-appconfiguration/0.4.0 Azure-SDK-For-Python AZURECLI/2.1.0
      accept-language:
      - en-US
    method: PATCH
    uri: https://management.azure.com/subscriptions/00000000-0000-0000-0000-000000000000/resourceGroups/clitest.rg000001/providers/Microsoft.AppConfiguration/configurationStores/MgmtTest000002?api-version=2019-11-01-preview
  response:
    body:
      string: '{"type":"Microsoft.AppConfiguration/configurationStores","identity":{"type":"SystemAssigned","principalId":"17cc43f9-19fd-4982-b1e1-c6192f86a723","tenantId":"72f988bf-86f1-41af-91ab-2d7cd011db47"},"properties":{"provisioningState":"Succeeded","creationDate":"2020-03-18T18:58:30+00:00","endpoint":"https://mgmttest2d2cukiq7ss4hkee.azconfig.io","encryption":{"keyVaultProperties":null},"privateEndpointConnections":null},"sku":{"name":"standard"},"id":"/subscriptions/00000000-0000-0000-0000-000000000000/resourceGroups/clitest.rg000001/providers/Microsoft.AppConfiguration/configurationStores/mgmttest2d2cukiq7ss4hkee","name":"MgmtTest000002","location":"eastus","tags":{"Env":"Prod"}}'
    headers:
      cache-control:
      - no-cache
      content-length:
      - '754'
      content-type:
      - application/json; charset=utf-8
      date:
      - Wed, 18 Mar 2020 18:58:40 GMT
      etag:
      - W/"1202defd-0000-0100-0000-5e726f5f0000"
      expires:
      - '-1'
      pragma:
      - no-cache
      server:
      - openresty/1.15.8.1
      strict-transport-security:
      - max-age=31536000; includeSubDomains
      transfer-encoding:
      - chunked
      vary:
      - Accept-Encoding,Accept-Encoding
      x-content-type-options:
      - nosniff
      x-ms-ratelimit-remaining-subscription-writes:
      - '1199'
    status:
      code: 200
      message: OK
- request:
    body: null
    headers:
      Accept:
      - application/json
      Accept-Encoding:
      - gzip, deflate
      Connection:
      - keep-alive
      User-Agent:
      - python/3.5.2 (Windows-10-10.0.18362-SP0) msrest/0.6.10 msrest_azure/0.6.2
        azure-graphrbac/0.60.0 Azure-SDK-For-Python
      accept-language:
      - en-US
    method: GET
    uri: https://graph.windows.net/00000000-0000-0000-0000-000000000000/me?api-version=1.6
  response:
    body:
      string: '{"odata.metadata":"https://graph.windows.net/00000000-0000-0000-0000-000000000000/$metadata#directoryObjects/@Element","odata.type":"Microsoft.DirectoryServices.User","objectType":"User","objectId":"735991e8-73a9-4b99-9469-b6389e8bd35b","deletionTimestamp":null,"accountEnabled":true,"ageGroup":null,"assignedLicenses":[{"disabledPlans":["65cc641f-cccd-4643-97e0-a17e3045e541","e26c2fcc-ab91-4a61-b35c-03cdc8dddf66","46129a58-a698-46f0-aa5b-17f6586297d9","6db1f1db-2b46-403f-be40-e39395f08dbb","6dc145d6-95dd-4191-b9c3-185575ee6f6b","41fcdd7d-4733-4863-9cf4-c65b83ce2df4","2f442157-a11c-46b9-ae5b-6e39ff4e5849","c4801e8a-cb58-4c35-aca6-f2dcc106f287","0898bdbb-73b0-471a-81e5-20f1fe4dd66e","617b097b-4b93-4ede-83de-5f075bb5fb2f","33c4f319-9bdd-48d6-9c4d-410b750a4a5a","4828c8ec-dc2e-4779-b502-87ac9ce28ab7","3e26ee1f-8a5f-4d52-aee2-b81ce45c8f40"],"skuId":"c7df2760-2c81-4ef7-b578-5b5392b571df"},{"disabledPlans":["39b5c996-467e-4e60-bd62-46066f572726"],"skuId":"90d8b3f8-712e-4f7b-aa1e-62e7ae6cbe96"},{"disabledPlans":["e95bec33-7c88-4a70-8e19-b10bd9d0c014","5dbe027f-2339-4123-9542-606e4d348a72"],"skuId":"09015f9f-377f-4538-bbb5-f75ceb09358a"},{"disabledPlans":[],"skuId":"26a18e8f-4d14-46f8-835a-ed3ba424a961"},{"disabledPlans":[],"skuId":"412ce1a7-a499-41b3-8eb6-b38f2bbc5c3f"},{"disabledPlans":[],"skuId":"dcb1a3ae-b33f-4487-846a-a640262fadf4"},{"disabledPlans":[],"skuId":"488ba24a-39a9-4473-8ee5-19291e71b002"},{"disabledPlans":[],"skuId":"b05e124f-c7cc-45a0-a6aa-8cf78c946968"},{"disabledPlans":["0b03f40b-c404-40c3-8651-2aceb74365fa","b650d915-9886-424b-a08d-633cede56f57","e95bec33-7c88-4a70-8e19-b10bd9d0c014","5dbe027f-2339-4123-9542-606e4d348a72","fe71d6c3-a2ea-4499-9778-da042bf08063","fafd7243-e5c1-4a3a-9e40-495efcb1d3c3"],"skuId":"ea126fc5-a19e-42e2-a731-da9d437bffcf"},{"disabledPlans":[],"skuId":"c5928f49-12ba-48f7-ada3-0d743a3601d5"}],"assignedPlans":[{"assignedTimestamp":"2020-03-12T00:13:00Z","capabilityStatus":"Enabled","service":"SharePoint","servicePlanId":"fe71d6c3-a2ea-4499-9778-da042bf08063"},{"assignedTimestamp":"2020-03-12T00:13:00Z","capabilityStatus":"Enabled","service":"SharePoint","servicePlanId":"e95bec33-7c88-4a70-8e19-b10bd9d0c014"},{"assignedTimestamp":"2020-03-12T00:13:00Z","capabilityStatus":"Enabled","service":"SharePoint","servicePlanId":"5dbe027f-2339-4123-9542-606e4d348a72"},{"assignedTimestamp":"2020-03-12T00:13:00Z","capabilityStatus":"Enabled","service":"MicrosoftOffice","servicePlanId":"fafd7243-e5c1-4a3a-9e40-495efcb1d3c3"},{"assignedTimestamp":"2019-11-25T07:25:24Z","capabilityStatus":"Deleted","service":"SharePoint","servicePlanId":"fe71d6c3-a2ea-4499-9778-da042bf08063"},{"assignedTimestamp":"2019-11-25T07:25:24Z","capabilityStatus":"Deleted","service":"SharePoint","servicePlanId":"e95bec33-7c88-4a70-8e19-b10bd9d0c014"},{"assignedTimestamp":"2019-11-25T07:25:24Z","capabilityStatus":"Deleted","service":"SharePoint","servicePlanId":"5dbe027f-2339-4123-9542-606e4d348a72"},{"assignedTimestamp":"2019-11-04T22:33:03Z","capabilityStatus":"Enabled","service":"WhiteboardServices","servicePlanId":"4a51bca5-1eff-43f5-878c-177680f191af"},{"assignedTimestamp":"2019-10-14T21:02:53Z","capabilityStatus":"Enabled","service":"exchange","servicePlanId":"5136a095-5cf0-4aff-bec3-e84448b38ea5"},{"assignedTimestamp":"2019-10-14T21:02:53Z","capabilityStatus":"Enabled","service":"exchange","servicePlanId":"efb0351d-3b08-4503-993d-383af8de41e3"},{"assignedTimestamp":"2019-08-09T01:30:24Z","capabilityStatus":"Enabled","service":"MicrosoftFormsProTest","servicePlanId":"97f29a83-1a20-44ff-bf48-5e4ad11f3e51"},{"assignedTimestamp":"2019-05-24T05:36:44Z","capabilityStatus":"Enabled","service":"DYN365AISERVICEINSIGHTS","servicePlanId":"1412cdc1-d593-4ad1-9050-40c30ad0b023"},{"assignedTimestamp":"2019-05-10T06:10:47Z","capabilityStatus":"Enabled","service":"exchange","servicePlanId":"199a5c09-e0ca-4e37-8f7c-b05d533e1ea2"},{"assignedTimestamp":"2019-04-04T11:53:50Z","capabilityStatus":"Enabled","service":"ProjectProgramsAndPortfolios","servicePlanId":"818523f5-016b-4355-9be8-ed6944946ea7"},{"assignedTimestamp":"2019-04-04T11:53:50Z","capabilityStatus":"Enabled","service":"ProcessSimple","servicePlanId":"fa200448-008c-4acb-abd4-ea106ed2199d"},{"assignedTimestamp":"2019-04-04T11:53:50Z","capabilityStatus":"Enabled","service":"CRM","servicePlanId":"50554c47-71d9-49fd-bc54-42a2765c555c"},{"assignedTimestamp":"2018-09-24T17:37:52Z","capabilityStatus":"Enabled","service":"MicrosoftCommunicationsOnline","servicePlanId":"018fb91e-cee3-418c-9063-d7562978bdaf"},{"assignedTimestamp":"2018-09-24T17:37:50Z","capabilityStatus":"Enabled","service":"MicrosoftCommunicationsOnline","servicePlanId":"ca4be917-fbce-4b52-839e-6647467a1668"},{"assignedTimestamp":"2018-09-24T17:37:49Z","capabilityStatus":"Enabled","service":"exchange","servicePlanId":"b1188c4c-1b36-4018-b48b-ee07604f6feb"},{"assignedTimestamp":"2018-09-24T17:37:49Z","capabilityStatus":"Deleted","service":"MicrosoftCommunicationsOnline","servicePlanId":"4828c8ec-dc2e-4779-b502-87ac9ce28ab7"},{"assignedTimestamp":"2018-09-24T17:37:49Z","capabilityStatus":"Deleted","service":"MicrosoftCommunicationsOnline","servicePlanId":"3e26ee1f-8a5f-4d52-aee2-b81ce45c8f40"},{"assignedTimestamp":"2018-08-30T19:39:44Z","capabilityStatus":"Enabled","service":"Sway","servicePlanId":"a23b959c-7ce8-4e57-9140-b90eb88a9e97"},{"assignedTimestamp":"2018-08-30T19:39:44Z","capabilityStatus":"Deleted","service":"OfficeForms","servicePlanId":"159f4cd6-e380-449f-a816-af1a9ef76344"},{"assignedTimestamp":"2018-05-18T17:41:10Z","capabilityStatus":"Enabled","service":"ProcessSimple","servicePlanId":"50e68c76-46c6-4674-81f9-75456511b170"},{"assignedTimestamp":"2018-05-18T17:41:10Z","capabilityStatus":"Enabled","service":"RMSOnline","servicePlanId":"bea4c11e-220a-4e6d-8eb8-8ea15d019f90"},{"assignedTimestamp":"2018-05-18T17:41:10Z","capabilityStatus":"Enabled","service":"ProcessSimple","servicePlanId":"d20bfa21-e9ae-43fc-93c2-20783f0840c3"},{"assignedTimestamp":"2018-05-18T17:41:10Z","capabilityStatus":"Enabled","service":"PowerAppsService","servicePlanId":"d5368ca3-357e-4acb-9c21-8495fb025d1f"},{"assignedTimestamp":"2018-05-18T17:41:10Z","capabilityStatus":"Enabled","service":"RMSOnline","servicePlanId":"6c57d4b6-3b23-47a5-9bc9-69f17b4947b3"},{"assignedTimestamp":"2018-05-18T17:41:10Z","capabilityStatus":"Enabled","service":"CRM","servicePlanId":"17ab22cd-a0b3-4536-910a-cb6eb12696c0"},{"assignedTimestamp":"2018-04-24T12:12:08Z","capabilityStatus":"Enabled","service":"SharePoint","servicePlanId":"2bdbaf8f-738f-4ac7-9234-3c3ee2ce7d0f"},{"assignedTimestamp":"2018-04-24T12:12:08Z","capabilityStatus":"Enabled","service":"SharePoint","servicePlanId":"da792a53-cbc0-4184-a10d-e544dd34b3c1"},{"assignedTimestamp":"2018-03-23T20:15:39Z","capabilityStatus":"Deleted","service":"MicrosoftStream","servicePlanId":"acffdce6-c30f-4dc2-81c0-372e33c515ec"},{"assignedTimestamp":"2018-03-17T19:05:25Z","capabilityStatus":"Enabled","service":"WindowsDefenderATP","servicePlanId":"871d91ec-ec1a-452b-a83f-bd76c7d770ef"},{"assignedTimestamp":"2018-03-17T19:05:25Z","capabilityStatus":"Enabled","service":"AzureAdvancedThreatAnalytics","servicePlanId":"14ab5db5-e6c4-4b20-b4bc-13e36fd2227f"},{"assignedTimestamp":"2018-03-17T19:05:25Z","capabilityStatus":"Enabled","service":"Windows","servicePlanId":"e7c91390-7625-45be-94e0-e16907e03118"},{"assignedTimestamp":"2018-01-09T12:12:43Z","capabilityStatus":"Enabled","service":"ProjectWorkManagement","servicePlanId":"b737dad2-2f6c-4c65-90e3-ca563267e8b9"},{"assignedTimestamp":"2018-01-01T06:09:00Z","capabilityStatus":"Enabled","service":"AADPremiumService","servicePlanId":"41781fb2-bc02-4b7c-bd55-b576c07bb09d"},{"assignedTimestamp":"2018-01-01T06:09:00Z","capabilityStatus":"Enabled","service":"MultiFactorService","servicePlanId":"8a256a2b-b617-496d-b51b-e76466e88db0"},{"assignedTimestamp":"2017-12-31T18:25:51Z","capabilityStatus":"Deleted","service":"Adallom","servicePlanId":"932ad362-64a8-4783-9106-97849a1a30b9"},{"assignedTimestamp":"2017-12-14T17:35:45Z","capabilityStatus":"Enabled","service":"SharePoint","servicePlanId":"2bdbaf8f-738f-4ac7-9234-3c3ee2ce7d0f"},{"assignedTimestamp":"2017-12-14T17:35:45Z","capabilityStatus":"Enabled","service":"SharePoint","servicePlanId":"da792a53-cbc0-4184-a10d-e544dd34b3c1"},{"assignedTimestamp":"2017-12-14T17:35:45Z","capabilityStatus":"Enabled","service":"To-Do","servicePlanId":"3fb82609-8c27-4f7b-bd51-30634711ee67"},{"assignedTimestamp":"2017-12-14T17:35:45Z","capabilityStatus":"Enabled","service":"RMSOnline","servicePlanId":"5689bec4-755d-4753-8b61-40975025187c"},{"assignedTimestamp":"2017-12-14T17:35:45Z","capabilityStatus":"Enabled","service":"Adallom","servicePlanId":"2e2ddb96-6af9-4b1d-a3f0-d6ecfd22edb2"},{"assignedTimestamp":"2017-07-21T02:26:06Z","capabilityStatus":"Enabled","service":"Adallom","servicePlanId":"8c098270-9dd4-4350-9b30-ba4703f3b36b"},{"assignedTimestamp":"2017-10-07T05:27:46Z","capabilityStatus":"Enabled","service":"Netbreeze","servicePlanId":"03acaee3-9492-4f40-aed4-bcb6b32981b6"},{"assignedTimestamp":"2017-10-07T05:27:46Z","capabilityStatus":"Enabled","service":"CRM","servicePlanId":"d56f3deb-50d8-465a-bedb-f079817ccac1"},{"assignedTimestamp":"2017-08-18T15:02:00Z","capabilityStatus":"Enabled","service":"exchange","servicePlanId":"efb87545-963c-4e0d-99df-69c6916d9eb0"},{"assignedTimestamp":"2017-08-18T15:02:00Z","capabilityStatus":"Enabled","service":"exchange","servicePlanId":"34c0d7a0-a70f-4668-9238-47f9fc208882"},{"assignedTimestamp":"2017-08-18T15:02:00Z","capabilityStatus":"Enabled","service":"exchange","servicePlanId":"9f431833-0334-42de-a7dc-70aa40db46db"},{"assignedTimestamp":"2017-08-18T15:02:00Z","capabilityStatus":"Enabled","service":"Deskless","servicePlanId":"8c7d2df8-86f0-4902-b2ed-a0458298f3b3"},{"assignedTimestamp":"2017-08-18T15:02:00Z","capabilityStatus":"Enabled","service":"exchange","servicePlanId":"8e0c0a52-6a6c-4d40-8370-dd62790dcd70"},{"assignedTimestamp":"2017-08-18T15:02:00Z","capabilityStatus":"Enabled","service":"MicrosoftStream","servicePlanId":"6c6042f5-6f01-4d67-b8c1-eb99d36eed3e"},{"assignedTimestamp":"2017-08-18T15:02:00Z","capabilityStatus":"Enabled","service":"OfficeForms","servicePlanId":"e212cbc7-0961-4c40-9825-01117710dcb1"},{"assignedTimestamp":"2017-07-21T02:26:06Z","capabilityStatus":"Enabled","service":"MicrosoftCommunicationsOnline","servicePlanId":"0feaeb32-d00e-4d66-bd5a-43b5b83db82c"},{"assignedTimestamp":"2017-07-21T02:26:06Z","capabilityStatus":"Enabled","service":"ProcessSimple","servicePlanId":"07699545-9485-468e-95b6-2fca3738be01"},{"assignedTimestamp":"2017-07-21T02:26:06Z","capabilityStatus":"Enabled","service":"PowerBI","servicePlanId":"70d33638-9c74-4d01-bfd3-562de28bd4ba"},{"assignedTimestamp":"2017-07-21T02:26:06Z","capabilityStatus":"Enabled","service":"exchange","servicePlanId":"4de31727-a228-4ec3-a5bf-8e45b5ca48cc"},{"assignedTimestamp":"2017-07-21T02:26:06Z","capabilityStatus":"Enabled","service":"MicrosoftOffice","servicePlanId":"663a804f-1c30-4ff0-9915-9db84f0d1cea"},{"assignedTimestamp":"2017-07-21T02:26:06Z","capabilityStatus":"Enabled","service":"TeamspaceAPI","servicePlanId":"57ff2da0-773e-42df-b2af-ffb7a2317929"},{"assignedTimestamp":"2017-07-21T02:26:06Z","capabilityStatus":"Enabled","service":"PowerAppsService","servicePlanId":"9c0dab89-a30c-4117-86e7-97bda240acd2"},{"assignedTimestamp":"2017-07-21T02:26:06Z","capabilityStatus":"Enabled","service":"YammerEnterprise","servicePlanId":"7547a3fe-08ee-4ccb-b430-5077c5041653"},{"assignedTimestamp":"2017-07-21T02:26:06Z","capabilityStatus":"Enabled","service":"MicrosoftOffice","servicePlanId":"43de0ff5-c92c-492b-9116-175376d08c38"},{"assignedTimestamp":"2017-07-20T07:17:35Z","capabilityStatus":"Enabled","service":"AADPremiumService","servicePlanId":"eec0eb4f-6444-4f95-aba0-50c24d67f998"},{"assignedTimestamp":"2017-07-20T07:17:35Z","capabilityStatus":"Enabled","service":"SCO","servicePlanId":"c1ec4a95-1f05-45b3-a911-aa3fa01094f5"}],"city":"REDMOND","companyName":"MICROSOFT","consentProvidedForMinor":null,"country":null,"createdDateTime":null,"creationType":null,"department":"Azure
        Dev Exp","dirSyncEnabled":true,"displayName":"Shuai Wang","employeeId":null,"facsimileTelephoneNumber":null,"givenName":"Shuai","immutableId":"1238199","isCompromised":null,"jobTitle":"SOFTWARE
        ENGINEER II","lastDirSyncTime":"2020-01-28T15:33:11Z","legalAgeGroupClassification":null,"mail":"Shuai.Wang@microsoft.com","mailNickname":"shuawan","mobile":null,"onPremisesDistinguishedName":"CN=Shuai
        Wang,OU=UserAccounts,DC=redmond,DC=corp,DC=microsoft,DC=com","onPremisesSecurityIdentifier":"S-1-5-21-2127521184-1604012920-1887927527-27796568","otherMails":[],"passwordPolicies":"DisablePasswordExpiration","passwordProfile":null,"physicalDeliveryOfficeName":"18/3800FL","postalCode":null,"preferredLanguage":null,"provisionedPlans":[{"capabilityStatus":"Enabled","provisioningStatus":"Success","service":"SharePoint"},{"capabilityStatus":"Enabled","provisioningStatus":"Success","service":"SharePoint"},{"capabilityStatus":"Enabled","provisioningStatus":"Success","service":"SharePoint"},{"capabilityStatus":"Enabled","provisioningStatus":"Success","service":"exchange"},{"capabilityStatus":"Enabled","provisioningStatus":"Success","service":"exchange"},{"capabilityStatus":"Enabled","provisioningStatus":"Success","service":"exchange"},{"capabilityStatus":"Enabled","provisioningStatus":"Success","service":"CRM"},{"capabilityStatus":"Enabled","provisioningStatus":"Success","service":"exchange"},{"capabilityStatus":"Enabled","provisioningStatus":"Success","service":"MicrosoftCommunicationsOnline"},{"capabilityStatus":"Enabled","provisioningStatus":"Success","service":"MicrosoftCommunicationsOnline"},{"capabilityStatus":"Deleted","provisioningStatus":"Success","service":"MicrosoftCommunicationsOnline"},{"capabilityStatus":"Deleted","provisioningStatus":"Success","service":"MicrosoftCommunicationsOnline"},{"capabilityStatus":"Enabled","provisioningStatus":"Success","service":"CRM"},{"capabilityStatus":"Enabled","provisioningStatus":"Success","service":"SharePoint"},{"capabilityStatus":"Enabled","provisioningStatus":"Success","service":"SharePoint"},{"capabilityStatus":"Enabled","provisioningStatus":"Success","service":"SharePoint"},{"capabilityStatus":"Enabled","provisioningStatus":"Success","service":"SharePoint"},{"capabilityStatus":"Enabled","provisioningStatus":"Success","service":"SharePoint"},{"capabilityStatus":"Enabled","provisioningStatus":"Success","service":"SharePoint"},{"capabilityStatus":"Enabled","provisioningStatus":"Success","service":"SharePoint"},{"capabilityStatus":"Enabled","provisioningStatus":"Success","service":"Netbreeze"},{"capabilityStatus":"Enabled","provisioningStatus":"Success","service":"CRM"},{"capabilityStatus":"Enabled","provisioningStatus":"Success","service":"exchange"},{"capabilityStatus":"Enabled","provisioningStatus":"Success","service":"exchange"},{"capabilityStatus":"Enabled","provisioningStatus":"Success","service":"exchange"},{"capabilityStatus":"Enabled","provisioningStatus":"Success","service":"exchange"},{"capabilityStatus":"Enabled","provisioningStatus":"Success","service":"MicrosoftCommunicationsOnline"},{"capabilityStatus":"Enabled","provisioningStatus":"Success","service":"exchange"}],"provisioningErrors":[],"proxyAddresses":["x500:/o=ExchangeLabs/ou=Exchange
        Administrative Group (FYDIBOHF23SPDLT)/cn=Recipients/cn=0f4c7868607543169cc8e1f39d555216-Shuai
        Wang","X500:/o=microsoft/ou=Exchange Administrative Group (FYDIBOHF23SPDLT)/cn=Recipients/cn=fbaef7304fc846949cb5e61ace8334dc-Shuai
        Wang-1","X500:/o=MMS/ou=Exchange Administrative Group (FYDIBOHF23SPDLT)/cn=Recipients/cn=9fc378d6c3d4412ea04e51a501c12165-Shuai
        Wang732ec3e0-f","X500:/o=microsoft/ou=Exchange Administrative Group (FYDIBOHF23SPDLT)/cn=Recipients/cn=4941f6dbb7194274a58c05addbfaa304-Shuai
        Wang (Du","smtp:shuawan@microsoft.onmicrosoft.com","smtp:shuawan@service.microsoft.com","smtp:shuawan@microsoft.com","SMTP:Shuai.Wang@microsoft.com"],"refreshTokensValidFromDateTime":"2019-08-28T17:30:27Z","showInAddressList":null,"signInNames":[],"sipProxyAddress":"shuawan@microsoft.com","state":null,"streetAddress":null,"surname":"Wang","telephoneNumber":"+1
        (425) 7032395","thumbnailPhoto@odata.mediaEditLink":"directoryObjects/735991e8-73a9-4b99-9469-b6389e8bd35b/Microsoft.DirectoryServices.User/thumbnailPhoto","usageLocation":"US","userIdentities":[],"userPrincipalName":"shuawan@microsoft.com","userState":null,"userStateChangedOn":null,"userType":"Member","extension_18e31482d3fb4a8ea958aa96b662f508_SupervisorInd":"N","extension_18e31482d3fb4a8ea958aa96b662f508_ReportsToPersonnelNbr":"332765","extension_18e31482d3fb4a8ea958aa96b662f508_ReportsToFullName":"Wang,
        Zhenlan","extension_18e31482d3fb4a8ea958aa96b662f508_ReportsToEmailName":"ZHENLWA","extension_18e31482d3fb4a8ea958aa96b662f508_ProfitCenterCode":"P10040929","extension_18e31482d3fb4a8ea958aa96b662f508_PositionNumber":"90560274","extension_18e31482d3fb4a8ea958aa96b662f508_CostCenterCode":"10040929","extension_18e31482d3fb4a8ea958aa96b662f508_BuildingName":"18","extension_18e31482d3fb4a8ea958aa96b662f508_BuildingID":"17","extension_18e31482d3fb4a8ea958aa96b662f508_ZipCode":"98052","extension_18e31482d3fb4a8ea958aa96b662f508_StateProvinceCode":"WA","extension_18e31482d3fb4a8ea958aa96b662f508_CountryShortCode":"US","extension_18e31482d3fb4a8ea958aa96b662f508_CityName":"REDMOND","extension_18e31482d3fb4a8ea958aa96b662f508_AddressLine1":"1
        Microsoft Way","extension_18e31482d3fb4a8ea958aa96b662f508_LocationAreaCode":"US","extension_18e31482d3fb4a8ea958aa96b662f508_CompanyCode":"1010","extension_18e31482d3fb4a8ea958aa96b662f508_PersonnelNumber":"1238199"}'
    headers:
      access-control-allow-origin:
      - '*'
      cache-control:
      - no-cache
      content-length:
      - '17667'
      content-type:
      - application/json; odata=minimalmetadata; streaming=true; charset=utf-8
      dataserviceversion:
      - 3.0;
      date:
      - Wed, 18 Mar 2020 18:58:43 GMT
      duration:
      - '1200401'
      expires:
      - '-1'
      ocp-aad-diagnostics-server-name:
      - SARNQs5CFknwVywAzn/fQpjM7e+a0oZww0KXUvccLCo=
      ocp-aad-session-key:
      - sWvGA0jGzdY4yX-UQPono8FHYjRc88obpUgtGVBg3cr0NyzDQAYCgxMiSJqNP3nJwUVdQJAKxPixx--BcrnPiuwbj5ThTn3-gtDEYSoqX6VGTpBOIREybXrkW_iGzNn1.wirP2Hz9WxBpnPGN4AddBVpOhLZMh5Tl35usVqbJopc
      pragma:
      - no-cache
      request-id:
      - e33bb733-6068-4dcb-a6ce-01b9856c1d8f
      strict-transport-security:
      - max-age=31536000; includeSubDomains
      x-aspnet-version:
      - 4.0.30319
      x-ms-dirapi-data-contract-version:
      - '1.6'
      x-powered-by:
      - ASP.NET
    status:
      code: 200
      message: OK
- request:
    body: '{"location": "eastus", "properties": {"enableSoftDelete": true, "accessPolicies":
      [{"permissions": {"keys": ["get", "create", "delete", "list", "update", "import",
      "backup", "restore", "recover"], "secrets": ["get", "list", "set", "delete",
      "backup", "restore", "recover"], "certificates": ["get", "list", "delete", "create",
      "import", "update", "managecontacts", "getissuers", "listissuers", "setissuers",
      "deleteissuers", "manageissuers", "recover"], "storage": ["get", "list", "delete",
      "set", "update", "regeneratekey", "setsas", "listsas", "getsas", "deletesas"]},
      "objectId": "735991e8-73a9-4b99-9469-b6389e8bd35b", "tenantId": "72f988bf-86f1-41af-91ab-2d7cd011db47"}],
      "enablePurgeProtection": true, "tenantId": "72f988bf-86f1-41af-91ab-2d7cd011db47",
      "sku": {"family": "A", "name": "standard"}}}'
    headers:
      Accept:
      - application/json
      Accept-Encoding:
      - gzip, deflate
      CommandName:
      - keyvault create
      Connection:
      - keep-alive
      Content-Length:
      - '803'
      Content-Type:
      - application/json; charset=utf-8
      ParameterSetName:
      - -n -g -l --enable-purge-protection --enable-soft-delete
      User-Agent:
      - python/3.5.2 (Windows-10-10.0.18362-SP0) msrest/0.6.10 msrest_azure/0.6.2
        azure-mgmt-keyvault/2.1.1 Azure-SDK-For-Python AZURECLI/2.1.0
      accept-language:
      - en-US
    method: PUT
    uri: https://management.azure.com/subscriptions/00000000-0000-0000-0000-000000000000/resourceGroups/clitest.rg000001/providers/Microsoft.KeyVault/vaults/cmk-test-keyvault000003?api-version=2019-09-01
  response:
    body:
      string: '{"id":"/subscriptions/00000000-0000-0000-0000-000000000000/resourceGroups/clitest.rg000001/providers/Microsoft.KeyVault/vaults/cmk-test-keyvault000003","name":"cmk-test-keyvault000003","type":"Microsoft.KeyVault/vaults","location":"eastus","tags":{},"properties":{"sku":{"family":"A","name":"standard"},"tenantId":"72f988bf-86f1-41af-91ab-2d7cd011db47","accessPolicies":[{"tenantId":"72f988bf-86f1-41af-91ab-2d7cd011db47","objectId":"735991e8-73a9-4b99-9469-b6389e8bd35b","permissions":{"keys":["get","create","delete","list","update","import","backup","restore","recover"],"secrets":["get","list","set","delete","backup","restore","recover"],"certificates":["get","list","delete","create","import","update","managecontacts","getissuers","listissuers","setissuers","deleteissuers","manageissuers","recover"],"storage":["get","list","delete","set","update","regeneratekey","setsas","listsas","getsas","deletesas"]}}],"enabledForDeployment":false,"enableSoftDelete":true,"enablePurgeProtection":true,"vaultUri":"https://cmk-test-keyvault000003.vault.azure.net","provisioningState":"RegisteringDns"}}'
    headers:
      cache-control:
      - no-cache
      content-length:
      - '1159'
      content-type:
      - application/json; charset=utf-8
      date:
      - Wed, 18 Mar 2020 18:58:46 GMT
      expires:
      - '-1'
      pragma:
      - no-cache
      server:
      - Microsoft-IIS/10.0
      strict-transport-security:
      - max-age=31536000; includeSubDomains
      transfer-encoding:
      - chunked
      vary:
      - Accept-Encoding
      x-aspnet-version:
      - 4.0.30319
      x-content-type-options:
      - nosniff
      x-ms-keyvault-service-version:
      - 1.1.0.275
      x-ms-ratelimit-remaining-subscription-writes:
      - '1198'
      x-powered-by:
      - ASP.NET
    status:
      code: 200
      message: OK
- request:
    body: null
    headers:
      Accept:
      - application/json
      Accept-Encoding:
      - gzip, deflate
      CommandName:
      - keyvault create
      Connection:
      - keep-alive
      ParameterSetName:
      - -n -g -l --enable-purge-protection --enable-soft-delete
      User-Agent:
      - python/3.5.2 (Windows-10-10.0.18362-SP0) msrest/0.6.10 msrest_azure/0.6.2
        azure-mgmt-keyvault/2.1.1 Azure-SDK-For-Python AZURECLI/2.1.0
    method: GET
    uri: https://management.azure.com/subscriptions/00000000-0000-0000-0000-000000000000/resourceGroups/clitest.rg000001/providers/Microsoft.KeyVault/vaults/cmk-test-keyvault000003?api-version=2019-09-01
  response:
    body:
      string: '{"id":"/subscriptions/00000000-0000-0000-0000-000000000000/resourceGroups/clitest.rg000001/providers/Microsoft.KeyVault/vaults/cmk-test-keyvault000003","name":"cmk-test-keyvault000003","type":"Microsoft.KeyVault/vaults","location":"eastus","tags":{},"properties":{"sku":{"family":"A","name":"standard"},"tenantId":"72f988bf-86f1-41af-91ab-2d7cd011db47","accessPolicies":[{"tenantId":"72f988bf-86f1-41af-91ab-2d7cd011db47","objectId":"735991e8-73a9-4b99-9469-b6389e8bd35b","permissions":{"keys":["get","create","delete","list","update","import","backup","restore","recover"],"secrets":["get","list","set","delete","backup","restore","recover"],"certificates":["get","list","delete","create","import","update","managecontacts","getissuers","listissuers","setissuers","deleteissuers","manageissuers","recover"],"storage":["get","list","delete","set","update","regeneratekey","setsas","listsas","getsas","deletesas"]}}],"enabledForDeployment":false,"enableSoftDelete":true,"enablePurgeProtection":true,"vaultUri":"https://cmk-test-keyvault000003.vault.azure.net/","provisioningState":"Succeeded"}}'
    headers:
      cache-control:
      - no-cache
      content-length:
      - '1155'
      content-type:
      - application/json; charset=utf-8
      date:
      - Wed, 18 Mar 2020 18:59:16 GMT
      expires:
      - '-1'
      pragma:
      - no-cache
      server:
      - Microsoft-IIS/10.0
      strict-transport-security:
      - max-age=31536000; includeSubDomains
      transfer-encoding:
      - chunked
      vary:
      - Accept-Encoding
      x-aspnet-version:
      - 4.0.30319
      x-content-type-options:
      - nosniff
      x-ms-keyvault-service-version:
      - 1.1.0.275
      x-powered-by:
      - ASP.NET
    status:
      code: 200
      message: OK
- request:
    body: ''
    headers:
      Accept:
      - application/json
      Accept-Encoding:
      - gzip, deflate
      Connection:
      - keep-alive
      Content-Length:
      - 0
      Content-Type:
      - application/json; charset=utf-8
      User-Agent:
      - python/3.5.2 (Windows-10-10.0.18362-SP0) msrest/0.6.10 msrest_azure/0.6.2
        azure-keyvault/7.0 Azure-SDK-For-Python
      accept-language:
      - en-US
    method: POST
    uri: https://cmk-test-keyvault000003.vault.azure.net/keys/key/create?api-version=7.0
  response:
    body:
      string: '{"error":{"code":"Unauthorized","message":"Request is missing a Bearer
        or PoP token."}}'
    headers:
      cache-control:
      - no-cache
      content-length:
      - '87'
      content-type:
      - application/json; charset=utf-8
      date:
      - Wed, 18 Mar 2020 18:59:17 GMT
      expires:
      - '-1'
      pragma:
      - no-cache
      server:
      - Microsoft-IIS/10.0
      strict-transport-security:
      - max-age=31536000;includeSubDomains
      www-authenticate:
      - Bearer authorization="https://login.windows.net/72f988bf-86f1-41af-91ab-2d7cd011db47",
        resource="https://vault.azure.net"
      x-aspnet-version:
      - 4.0.30319
      x-content-type-options:
      - nosniff
      x-ms-keyvault-network-info:
      - addr=73.53.78.147;act_addr_fam=InterNetwork;
      x-ms-keyvault-region:
      - eastus
      x-ms-keyvault-service-version:
      - 1.1.0.898
      x-powered-by:
      - ASP.NET
    status:
      code: 401
      message: Unauthorized
- request:
    body: '{"kty": "RSA", "attributes": {"enabled": true}}'
    headers:
      Accept:
      - application/json
      Accept-Encoding:
      - gzip, deflate
      Connection:
      - keep-alive
      Content-Length:
      - '47'
      Content-Type:
      - application/json; charset=utf-8
      User-Agent:
      - python/3.5.2 (Windows-10-10.0.18362-SP0) msrest/0.6.10 msrest_azure/0.6.2
        azure-keyvault/7.0 Azure-SDK-For-Python
      accept-language:
      - en-US
    method: POST
    uri: https://cmk-test-keyvault000003.vault.azure.net/keys/key/create?api-version=7.0
  response:
    body:
      string: '{"key":{"kid":"https://cmk-test-keyvault000003.vault.azure.net/keys/key/15fa2e18c68f4c2a8e50aa0f40c9681d","kty":"RSA","key_ops":["encrypt","decrypt","sign","verify","wrapKey","unwrapKey"],"n":"tyCtmA9O0rqfXESMIFaY7xvDJokN3dksePQO-11zlBoyqRj2rTJDBU0holdMCQuIPa0ENwcK6l9pCAIYPDnN-PcFdKeVMILPeBWhtQZdvl-P39P3iUmateBVYeU91An_Rr--6hwnDyCAxPwPNnRFZpcPsIdnxfdZXx7R2KLPtu95Qe0h4mrytL2Qd0_3wdgRFQ1q1gZepU75RZt8Mq2_qHpP-UhaEdsnqhICWU7pXvwgBehzW_Fi2bKoMA9ZGjCpDk25dF_eBcErC3reX6dvvPfXE1Fvp5gtWOUVeZpwYasPLER0bLrfpLGK9qybvIC3llRVasPH0Hr9FZjS4rWAZw","e":"AQAB"},"attributes":{"enabled":true,"created":1584557960,"updated":1584557960,"recoveryLevel":"Recoverable"}}'
    headers:
      cache-control:
      - no-cache
      content-length:
      - '652'
      content-type:
      - application/json; charset=utf-8
      date:
      - Wed, 18 Mar 2020 18:59:19 GMT
      expires:
      - '-1'
      pragma:
      - no-cache
      server:
      - Microsoft-IIS/10.0
      strict-transport-security:
      - max-age=31536000;includeSubDomains
      x-aspnet-version:
      - 4.0.30319
      x-content-type-options:
      - nosniff
      x-ms-keyvault-network-info:
      - addr=73.53.78.147;act_addr_fam=InterNetwork;
      x-ms-keyvault-region:
      - eastus
      x-ms-keyvault-service-version:
      - 1.1.0.898
      x-powered-by:
      - ASP.NET
    status:
      code: 200
      message: OK
- request:
    body: null
    headers:
      Accept:
      - application/json
      Accept-Encoding:
      - gzip, deflate
      CommandName:
      - keyvault set-policy
      Connection:
      - keep-alive
      ParameterSetName:
      - -n --key-permissions --object-id
      User-Agent:
      - python/3.5.2 (Windows-10-10.0.18362-SP0) msrest/0.6.10 msrest_azure/0.6.2
        azure-mgmt-keyvault/2.1.1 Azure-SDK-For-Python AZURECLI/2.1.0
      accept-language:
      - en-US
    method: GET
    uri: https://management.azure.com/subscriptions/00000000-0000-0000-0000-000000000000/resources?$filter=resourceType%20eq%20%27Microsoft.KeyVault%2Fvaults%27&api-version=2015-11-01
  response:
    body:
      string: '{"value":[{"id":"/subscriptions/00000000-0000-0000-0000-000000000000/resourceGroups/AppConvertSample/providers/Microsoft.KeyVault/vaults/AppConvertKeyVault","name":"AppConvertKeyVault","type":"Microsoft.KeyVault/vaults","location":"centralus","tags":{}},{"id":"/subscriptions/00000000-0000-0000-0000-000000000000/resourceGroups/avgupta-key-vault-testing/providers/Microsoft.KeyVault/vaults/keyvault-importexport","name":"keyvault-importexport","type":"Microsoft.KeyVault/vaults","location":"westus2","tags":{}},{"id":"/subscriptions/00000000-0000-0000-0000-000000000000/resourceGroups/azconfig-test-infrastructure/providers/Microsoft.KeyVault/vaults/azcfg-integration-tests","name":"azcfg-integration-tests","type":"Microsoft.KeyVault/vaults","location":"westus","tags":{}},{"id":"/subscriptions/00000000-0000-0000-0000-000000000000/resourceGroups/azconfig-test-infrastructure/providers/Microsoft.KeyVault/vaults/azconfig-test","name":"azconfig-test","type":"Microsoft.KeyVault/vaults","location":"westus","tags":{}},{"id":"/subscriptions/00000000-0000-0000-0000-000000000000/resourceGroups/clitest.rg000001/providers/Microsoft.KeyVault/vaults/cmk-test-keyvault000003","name":"cmk-test-keyvault000003","type":"Microsoft.KeyVault/vaults","location":"eastus","tags":{}},{"id":"/subscriptions/00000000-0000-0000-0000-000000000000/resourceGroups/ernestt-cmk/providers/Microsoft.KeyVault/vaults/ernestt-keyvault-cmk","name":"ernestt-keyvault-cmk","type":"Microsoft.KeyVault/vaults","location":"westus","tags":{}},{"id":"/subscriptions/00000000-0000-0000-0000-000000000000/resourceGroups/ernestt-test/providers/Microsoft.KeyVault/vaults/ernestt-kv-sea","name":"ernestt-kv-sea","type":"Microsoft.KeyVault/vaults","location":"southeastasia","tags":{}},{"id":"/subscriptions/00000000-0000-0000-0000-000000000000/resourceGroups/ernestt-test/providers/Microsoft.KeyVault/vaults/ernestt-kv-test","name":"ernestt-kv-test","type":"Microsoft.KeyVault/vaults","location":"westus","tags":{}},{"id":"/subscriptions/00000000-0000-0000-0000-000000000000/resourceGroups/ernestt-test/providers/Microsoft.KeyVault/vaults/ernestt-kv-test2","name":"ernestt-kv-test2","type":"Microsoft.KeyVault/vaults","location":"westus","tags":{}},{"id":"/subscriptions/00000000-0000-0000-0000-000000000000/resourceGroups/garywangDemo/providers/Microsoft.KeyVault/vaults/garywang-test-kv","name":"garywang-test-kv","type":"Microsoft.KeyVault/vaults","location":"westus","tags":{}},{"id":"/subscriptions/00000000-0000-0000-0000-000000000000/resourceGroups/HubAppDemoTest/providers/Microsoft.KeyVault/vaults/appConfigKeyVaultHub","name":"appConfigKeyVaultHub","type":"Microsoft.KeyVault/vaults","location":"centralus","tags":{}},{"id":"/subscriptions/00000000-0000-0000-0000-000000000000/resourceGroups/jimmyca-wus/providers/Microsoft.KeyVault/vaults/jimmyca-demo","name":"jimmyca-demo","type":"Microsoft.KeyVault/vaults","location":"westus","tags":{}},{"id":"/subscriptions/00000000-0000-0000-0000-000000000000/resourceGroups/jiyu/providers/Microsoft.KeyVault/vaults/abcweqe","name":"abcweqe","type":"Microsoft.KeyVault/vaults","location":"southcentralus","tags":{}},{"id":"/subscriptions/00000000-0000-0000-0000-000000000000/resourceGroups/jiyu/providers/Microsoft.KeyVault/vaults/jiyu-keyvault","name":"jiyu-keyvault","type":"Microsoft.KeyVault/vaults","location":"eastus","tags":{}},{"id":"/subscriptions/00000000-0000-0000-0000-000000000000/resourceGroups/jiyu/providers/Microsoft.KeyVault/vaults/jiyu-keyvault1","name":"jiyu-keyvault1","type":"Microsoft.KeyVault/vaults","location":"eastus","tags":{}},{"id":"/subscriptions/00000000-0000-0000-0000-000000000000/resourceGroups/jiyu/providers/Microsoft.KeyVault/vaults/jiyu-keyvault-2","name":"jiyu-keyvault-2","type":"Microsoft.KeyVault/vaults","location":"westus","tags":{}},{"id":"/subscriptions/00000000-0000-0000-0000-000000000000/resourceGroups/jiyu/providers/Microsoft.KeyVault/vaults/jiyu-kv2","name":"jiyu-kv2","type":"Microsoft.KeyVault/vaults","location":"westeurope","tags":{}},{"id":"/subscriptions/00000000-0000-0000-0000-000000000000/resourceGroups/mametcal/providers/Microsoft.KeyVault/vaults/keyvault-theclassics","name":"keyvault-theclassics","type":"Microsoft.KeyVault/vaults","location":"northcentralus","tags":{}},{"id":"/subscriptions/00000000-0000-0000-0000-000000000000/resourceGroups/mametcal/providers/Microsoft.KeyVault/vaults/springkeyvaulttest","name":"springkeyvaulttest","type":"Microsoft.KeyVault/vaults","location":"westus2","tags":{}},{"id":"/subscriptions/00000000-0000-0000-0000-000000000000/resourceGroups/mametcal/providers/Microsoft.KeyVault/vaults/Test-AppConfig","name":"Test-AppConfig","type":"Microsoft.KeyVault/vaults","location":"northcentralus","tags":{}},{"id":"/subscriptions/00000000-0000-0000-0000-000000000000/resourceGroups/recao/providers/Microsoft.KeyVault/vaults/recao-kv","name":"recao-kv","type":"Microsoft.KeyVault/vaults","location":"eastus","tags":{}},{"id":"/subscriptions/00000000-0000-0000-0000-000000000000/resourceGroups/RunnerGlobal/providers/Microsoft.KeyVault/vaults/runnercustmermanagedkey","name":"runnercustmermanagedkey","type":"Microsoft.KeyVault/vaults","location":"westus","tags":{}},{"id":"/subscriptions/00000000-0000-0000-0000-000000000000/resourceGroups/shuawan/providers/Microsoft.KeyVault/vaults/clikeyvaultshuai","name":"clikeyvaultshuai","type":"Microsoft.KeyVault/vaults","location":"westus","tags":{}},{"id":"/subscriptions/00000000-0000-0000-0000-000000000000/resourceGroups/shuawan/providers/Microsoft.KeyVault/vaults/shuaiTestLab8547","name":"shuaiTestLab8547","type":"Microsoft.KeyVault/vaults","location":"westus","tags":{"hidden-DevTestLabs-LabUId":"c52944db-6d24-46c1-ad01-b6254f282605","CreatedBy":"DevTestLabs"}},{"id":"/subscriptions/00000000-0000-0000-0000-000000000000/resourceGroups/shuawan/providers/Microsoft.KeyVault/vaults/shuaivault","name":"shuaivault","type":"Microsoft.KeyVault/vaults","location":"westus","tags":{}},{"id":"/subscriptions/00000000-0000-0000-0000-000000000000/resourceGroups/yashi-test/providers/Microsoft.KeyVault/vaults/yashidev2","name":"yashidev2","type":"Microsoft.KeyVault/vaults","location":"westus","tags":{}},{"id":"/subscriptions/00000000-0000-0000-0000-000000000000/resourceGroups/yijia/providers/Microsoft.KeyVault/vaults/yijia","name":"yijia","type":"Microsoft.KeyVault/vaults","location":"westus","tags":{}},{"id":"/subscriptions/00000000-0000-0000-0000-000000000000/resourceGroups/zhenlwa/providers/Microsoft.KeyVault/vaults/KeyVaultReference","name":"KeyVaultReference","type":"Microsoft.KeyVault/vaults","location":"westus","tags":{}}]}'
    headers:
      cache-control:
      - no-cache
      content-length:
      - '6648'
      content-type:
      - application/json; charset=utf-8
      date:
      - Wed, 18 Mar 2020 18:59:20 GMT
      expires:
      - '-1'
      pragma:
      - no-cache
      strict-transport-security:
      - max-age=31536000; includeSubDomains
      vary:
      - Accept-Encoding
      x-content-type-options:
      - nosniff
    status:
      code: 200
      message: OK
- request:
    body: null
    headers:
      Accept:
      - application/json
      Accept-Encoding:
      - gzip, deflate
      CommandName:
      - keyvault set-policy
      Connection:
      - keep-alive
      ParameterSetName:
      - -n --key-permissions --object-id
      User-Agent:
      - python/3.5.2 (Windows-10-10.0.18362-SP0) msrest/0.6.10 msrest_azure/0.6.2
        azure-mgmt-keyvault/2.1.1 Azure-SDK-For-Python AZURECLI/2.1.0
      accept-language:
      - en-US
    method: GET
    uri: https://management.azure.com/subscriptions/00000000-0000-0000-0000-000000000000/resourceGroups/clitest.rg000001/providers/Microsoft.KeyVault/vaults/cmk-test-keyvault000003?api-version=2019-09-01
  response:
    body:
      string: '{"id":"/subscriptions/00000000-0000-0000-0000-000000000000/resourceGroups/clitest.rg000001/providers/Microsoft.KeyVault/vaults/cmk-test-keyvault000003","name":"cmk-test-keyvault000003","type":"Microsoft.KeyVault/vaults","location":"eastus","tags":{},"properties":{"sku":{"family":"A","name":"standard"},"tenantId":"72f988bf-86f1-41af-91ab-2d7cd011db47","accessPolicies":[{"tenantId":"72f988bf-86f1-41af-91ab-2d7cd011db47","objectId":"735991e8-73a9-4b99-9469-b6389e8bd35b","permissions":{"keys":["get","create","delete","list","update","import","backup","restore","recover"],"secrets":["get","list","set","delete","backup","restore","recover"],"certificates":["get","list","delete","create","import","update","managecontacts","getissuers","listissuers","setissuers","deleteissuers","manageissuers","recover"],"storage":["get","list","delete","set","update","regeneratekey","setsas","listsas","getsas","deletesas"]}}],"enabledForDeployment":false,"enableSoftDelete":true,"enablePurgeProtection":true,"vaultUri":"https://cmk-test-keyvault000003.vault.azure.net/","provisioningState":"Succeeded"}}'
    headers:
      cache-control:
      - no-cache
      content-length:
      - '1155'
      content-type:
      - application/json; charset=utf-8
      date:
      - Wed, 18 Mar 2020 18:59:21 GMT
      expires:
      - '-1'
      pragma:
      - no-cache
      server:
      - Microsoft-IIS/10.0
      strict-transport-security:
      - max-age=31536000; includeSubDomains
      transfer-encoding:
      - chunked
      vary:
      - Accept-Encoding
      x-aspnet-version:
      - 4.0.30319
      x-content-type-options:
      - nosniff
      x-ms-keyvault-service-version:
      - 1.1.0.275
      x-powered-by:
      - ASP.NET
    status:
      code: 200
      message: OK
- request:
    body: '{"location": "eastus", "properties": {"accessPolicies": [{"permissions":
      {"keys": ["get", "create", "delete", "list", "update", "import", "backup", "restore",
      "recover"], "secrets": ["get", "list", "set", "delete", "backup", "restore",
      "recover"], "certificates": ["get", "list", "delete", "create", "import", "update",
      "managecontacts", "getissuers", "listissuers", "setissuers", "deleteissuers",
      "manageissuers", "recover"], "storage": ["get", "list", "delete", "set", "update",
      "regeneratekey", "setsas", "listsas", "getsas", "deletesas"]}, "objectId": "735991e8-73a9-4b99-9469-b6389e8bd35b",
      "tenantId": "72f988bf-86f1-41af-91ab-2d7cd011db47"}, {"permissions": {"keys":
      ["get", "wrapKey", "unwrapKey"]}, "objectId": "17cc43f9-19fd-4982-b1e1-c6192f86a723",
      "tenantId": "72f988bf-86f1-41af-91ab-2d7cd011db47"}], "tenantId": "72f988bf-86f1-41af-91ab-2d7cd011db47",
      "enableSoftDelete": true, "vaultUri": "https://cmk-test-keyvault000003.vault.azure.net/",
      "enabledForDeployment": false, "enablePurgeProtection": true, "sku": {"family":
      "A", "name": "standard"}}, "tags": {}}'
    headers:
      Accept:
      - application/json
      Accept-Encoding:
      - gzip, deflate
      CommandName:
      - keyvault set-policy
      Connection:
      - keep-alive
      Content-Length:
      - '1075'
      Content-Type:
      - application/json; charset=utf-8
      ParameterSetName:
      - -n --key-permissions --object-id
      User-Agent:
      - python/3.5.2 (Windows-10-10.0.18362-SP0) msrest/0.6.10 msrest_azure/0.6.2
        azure-mgmt-keyvault/2.1.1 Azure-SDK-For-Python AZURECLI/2.1.0
      accept-language:
      - en-US
    method: PUT
    uri: https://management.azure.com/subscriptions/00000000-0000-0000-0000-000000000000/resourceGroups/clitest.rg000001/providers/Microsoft.KeyVault/vaults/cmk-test-keyvault000003?api-version=2019-09-01
  response:
    body:
      string: '{"id":"/subscriptions/00000000-0000-0000-0000-000000000000/resourceGroups/clitest.rg000001/providers/Microsoft.KeyVault/vaults/cmk-test-keyvault000003","name":"cmk-test-keyvault000003","type":"Microsoft.KeyVault/vaults","location":"eastus","tags":{},"properties":{"sku":{"family":"A","name":"standard"},"tenantId":"72f988bf-86f1-41af-91ab-2d7cd011db47","accessPolicies":[{"tenantId":"72f988bf-86f1-41af-91ab-2d7cd011db47","objectId":"735991e8-73a9-4b99-9469-b6389e8bd35b","permissions":{"keys":["get","create","delete","list","update","import","backup","restore","recover"],"secrets":["get","list","set","delete","backup","restore","recover"],"certificates":["get","list","delete","create","import","update","managecontacts","getissuers","listissuers","setissuers","deleteissuers","manageissuers","recover"],"storage":["get","list","delete","set","update","regeneratekey","setsas","listsas","getsas","deletesas"]}},{"tenantId":"72f988bf-86f1-41af-91ab-2d7cd011db47","objectId":"17cc43f9-19fd-4982-b1e1-c6192f86a723","permissions":{"keys":["get","wrapKey","unwrapKey"]}}],"enabledForDeployment":false,"enableSoftDelete":true,"enablePurgeProtection":true,"vaultUri":"https://cmk-test-keyvault000003.vault.azure.net/","provisioningState":"Succeeded"}}'
    headers:
      cache-control:
      - no-cache
      content-length:
      - '1310'
      content-type:
      - application/json; charset=utf-8
      date:
      - Wed, 18 Mar 2020 18:59:21 GMT
      expires:
      - '-1'
      pragma:
      - no-cache
      server:
      - Microsoft-IIS/10.0
      strict-transport-security:
      - max-age=31536000; includeSubDomains
      transfer-encoding:
      - chunked
      vary:
      - Accept-Encoding
      x-aspnet-version:
      - 4.0.30319
      x-content-type-options:
      - nosniff
      x-ms-keyvault-service-version:
      - 1.1.0.275
      x-ms-ratelimit-remaining-subscription-writes:
      - '1199'
      x-powered-by:
      - ASP.NET
    status:
      code: 200
      message: OK
- request:
    body: '{"properties": {"encryption": {"keyVaultProperties": {"keyIdentifier":
      "https://cmk-test-keyvault000003.vault.azure.net/keys/key/"}}}}'
    headers:
      Accept:
      - application/json
      Accept-Encoding:
      - gzip, deflate
      CommandName:
      - appconfig update
      Connection:
      - keep-alive
      Content-Length:
      - '135'
      Content-Type:
      - application/json; charset=utf-8
      ParameterSetName:
      - -n -g --encryption-key-name --encryption-key-vault
      User-Agent:
      - python/3.5.2 (Windows-10-10.0.18362-SP0) msrest/0.6.10 msrest_azure/0.6.2
        azure-mgmt-appconfiguration/0.4.0 Azure-SDK-For-Python AZURECLI/2.1.0
      accept-language:
      - en-US
    method: PATCH
    uri: https://management.azure.com/subscriptions/00000000-0000-0000-0000-000000000000/resourceGroups/clitest.rg000001/providers/Microsoft.AppConfiguration/configurationStores/MgmtTest000002?api-version=2019-11-01-preview
  response:
    body:
      string: '{"type":"Microsoft.AppConfiguration/configurationStores","identity":{"type":"SystemAssigned","principalId":"17cc43f9-19fd-4982-b1e1-c6192f86a723","tenantId":"72f988bf-86f1-41af-91ab-2d7cd011db47"},"properties":{"provisioningState":"Succeeded","creationDate":"2020-03-18T18:58:30+00:00","endpoint":"https://mgmttest2d2cukiq7ss4hkee.azconfig.io","encryption":{"keyVaultProperties":{"keyIdentifier":"https://cmk-test-keyvault000003.vault.azure.net/keys/key/","identityClientId":null}},"privateEndpointConnections":null},"sku":{"name":"standard"},"id":"/subscriptions/00000000-0000-0000-0000-000000000000/resourceGroups/clitest.rg000001/providers/Microsoft.AppConfiguration/configurationStores/mgmttest2d2cukiq7ss4hkee","name":"MgmtTest000002","location":"eastus","tags":{"Env":"Prod"}}'
    headers:
      cache-control:
      - no-cache
      content-length:
      - '852'
      content-type:
      - application/json; charset=utf-8
      date:
      - Wed, 18 Mar 2020 18:59:28 GMT
      etag:
      - W/"13022e02-0000-0100-0000-5e726f900000"
      expires:
      - '-1'
      pragma:
      - no-cache
      server:
      - openresty/1.15.8.1
      strict-transport-security:
      - max-age=31536000; includeSubDomains
      transfer-encoding:
      - chunked
      vary:
      - Accept-Encoding,Accept-Encoding
      x-content-type-options:
      - nosniff
      x-ms-ratelimit-remaining-subscription-writes:
      - '1199'
    status:
      code: 200
      message: OK
- request:
    body: null
    headers:
      Accept:
      - application/json
      Accept-Encoding:
      - gzip, deflate
      CommandName:
      - appconfig delete
      Connection:
      - keep-alive
      Content-Length:
      - '0'
      ParameterSetName:
      - -n -g -y
      User-Agent:
      - python/3.5.2 (Windows-10-10.0.18362-SP0) msrest/0.6.10 msrest_azure/0.6.2
        azure-mgmt-appconfiguration/0.4.0 Azure-SDK-For-Python AZURECLI/2.1.0
      accept-language:
      - en-US
    method: DELETE
    uri: https://management.azure.com/subscriptions/00000000-0000-0000-0000-000000000000/resourceGroups/clitest.rg000001/providers/Microsoft.AppConfiguration/configurationStores/MgmtTest000002?api-version=2019-11-01-preview
  response:
    body:
      string: ''
    headers:
      cache-control:
      - no-cache
      content-length:
      - '0'
      date:
      - Wed, 18 Mar 2020 18:59:31 GMT
      expires:
      - '-1'
      pragma:
      - no-cache
      server:
      - openresty/1.15.8.1
      strict-transport-security:
      - max-age=31536000; includeSubDomains
      x-content-type-options:
      - nosniff
      x-ms-ratelimit-remaining-subscription-deletes:
      - '14999'
    status:
      code: 200
      message: OK
version: 1
