interactions:
- request:
    body: '{"location": "eastus"}'
    headers:
      Accept:
      - application/json
      Accept-Encoding:
      - gzip, deflate
      CommandName:
      - appconfig create
      Connection:
      - keep-alive
      Content-Length:
      - '22'
      Content-Type:
      - application/json; charset=utf-8
      ParameterSetName:
      - -n -g -l
      User-Agent:
      - python/3.7.4 (Windows-10-10.0.18362-SP0) msrest/0.6.10 msrest_azure/0.6.1
        azure-mgmt-appconfiguration/0.1.0 Azure-SDK-For-Python AZURECLI/2.0.74
      accept-language:
      - en-US
    method: PUT
    uri: https://management.azure.com/subscriptions/00000000-0000-0000-0000-000000000000/resourceGroups/clitest.rg000001/providers/Microsoft.AppConfiguration/configurationStores/MgmtTest000002?api-version=2019-02-01-preview
  response:
    body:
      string: '{"type":"Microsoft.AppConfiguration/configurationStores","properties":{"provisioningState":"Creating","creationDate":"2019-10-15T00:21:46.4801374+00:00","endpoint":"https://MgmtTest000002.azconfig.io"},"id":"/subscriptions/00000000-0000-0000-0000-000000000000/resourceGroups/clitest.rg000001/providers/Microsoft.AppConfiguration/configurationStores/MgmtTest000002","name":"MgmtTest000002","location":"eastus","tags":{}}'
    headers:
      azure-asyncoperation:
      - https://management.azure.com/subscriptions/00000000-0000-0000-0000-000000000000/providers/Microsoft.AppConfiguration/locations/eastus/operationsStatus/7f86b991-8028-7a2b-ab39-599d6c7574e5?api-version=2019-02-01-preview
      cache-control:
      - no-cache
      content-length:
      - '508'
      content-type:
      - application/json; charset=utf-8
      date:
      - Tue, 15 Oct 2019 00:21:46 GMT
      expires:
      - '-1'
      pragma:
      - no-cache
      server:
      - openresty/1.15.8.1
      strict-transport-security:
      - max-age=31536000; includeSubDomains
      x-content-type-options:
      - nosniff
      x-ms-ratelimit-remaining-subscription-writes:
      - '1199'
    status:
      code: 201
      message: Created
- request:
    body: null
    headers:
      Accept:
      - application/json
      Accept-Encoding:
      - gzip, deflate
      CommandName:
      - appconfig create
      Connection:
      - keep-alive
      ParameterSetName:
      - -n -g -l
      User-Agent:
      - python/3.7.4 (Windows-10-10.0.18362-SP0) msrest/0.6.10 msrest_azure/0.6.1
        azure-mgmt-appconfiguration/0.1.0 Azure-SDK-For-Python AZURECLI/2.0.74
    method: GET
    uri: https://management.azure.com/subscriptions/00000000-0000-0000-0000-000000000000/providers/Microsoft.AppConfiguration/locations/eastus/operationsStatus/7f86b991-8028-7a2b-ab39-599d6c7574e5?api-version=2019-02-01-preview
  response:
    body:
      string: '{"id":"/subscriptions/00000000-0000-0000-0000-000000000000/providers/Microsoft.AppConfiguration/locations/eastus/operationsStatus/7f86b991-8028-7a2b-ab39-599d6c7574e5","name":"7f86b991-8028-7a2b-ab39-599d6c7574e5","status":"Succeeded","error":null}'
    headers:
      azure-asyncoperation:
      - https://management.azure.com/subscriptions/00000000-0000-0000-0000-000000000000/providers/Microsoft.AppConfiguration/locations/eastus/operationsStatus/7f86b991-8028-7a2b-ab39-599d6c7574e5?api-version=2019-02-01-preview
      cache-control:
      - no-cache
      content-length:
      - '248'
      content-type:
      - application/json; charset=utf-8
      date:
      - Tue, 15 Oct 2019 00:21:56 GMT
      expires:
      - '-1'
      pragma:
      - no-cache
      server:
      - openresty/1.15.8.1
      strict-transport-security:
      - max-age=31536000; includeSubDomains
      transfer-encoding:
      - chunked
      vary:
      - Accept-Encoding
      x-content-type-options:
      - nosniff
    status:
      code: 200
      message: OK
- request:
    body: null
    headers:
      Accept:
      - application/json
      Accept-Encoding:
      - gzip, deflate
      CommandName:
      - appconfig create
      Connection:
      - keep-alive
      ParameterSetName:
      - -n -g -l
      User-Agent:
      - python/3.7.4 (Windows-10-10.0.18362-SP0) msrest/0.6.10 msrest_azure/0.6.1
        azure-mgmt-appconfiguration/0.1.0 Azure-SDK-For-Python AZURECLI/2.0.74
    method: GET
    uri: https://management.azure.com/subscriptions/00000000-0000-0000-0000-000000000000/resourceGroups/clitest.rg000001/providers/Microsoft.AppConfiguration/configurationStores/MgmtTest000002?api-version=2019-02-01-preview
  response:
    body:
      string: '{"type":"Microsoft.AppConfiguration/configurationStores","properties":{"provisioningState":"Succeeded","creationDate":"2019-10-15T00:21:47+00:00","endpoint":"https://mgmttestcsfvadj23psirg2s.azconfig.io"},"id":"/subscriptions/00000000-0000-0000-0000-000000000000/resourceGroups/clitest.rg000001/providers/Microsoft.AppConfiguration/configurationStores/mgmttestcsfvadj23psirg2s","name":"MgmtTest000002","location":"eastus","tags":{}}'
    headers:
      cache-control:
      - no-cache
      content-length:
      - '501'
      content-type:
      - application/json; charset=utf-8
      date:
      - Tue, 15 Oct 2019 00:21:57 GMT
      etag:
      - W/"ae0176c6-0000-0100-0000-5da5111a0000"
      expires:
      - '-1'
      pragma:
      - no-cache
      server:
      - openresty/1.15.8.1
      strict-transport-security:
      - max-age=31536000; includeSubDomains
      transfer-encoding:
      - chunked
      vary:
      - Accept-Encoding,Accept-Encoding
      x-content-type-options:
      - nosniff
    status:
      code: 200
      message: OK
- request:
    body: null
    headers:
      Accept:
      - application/json
      Accept-Encoding:
      - gzip, deflate
      CommandName:
      - appconfig list
      Connection:
      - keep-alive
      ParameterSetName:
      - -g
      User-Agent:
      - python/3.7.4 (Windows-10-10.0.18362-SP0) msrest/0.6.10 msrest_azure/0.6.1
        azure-mgmt-appconfiguration/0.1.0 Azure-SDK-For-Python AZURECLI/2.0.74
      accept-language:
      - en-US
    method: GET
    uri: https://management.azure.com/subscriptions/00000000-0000-0000-0000-000000000000/resourceGroups/clitest.rg000001/providers/Microsoft.AppConfiguration/configurationStores?api-version=2019-02-01-preview
  response:
    body:
      string: '{"value":[{"type":"Microsoft.AppConfiguration/configurationStores","properties":{"provisioningState":"Succeeded","creationDate":"2019-10-15T00:21:47+00:00","endpoint":"https://mgmttestcsfvadj23psirg2s.azconfig.io"},"id":"/subscriptions/00000000-0000-0000-0000-000000000000/resourceGroups/clitest.rg000001/providers/Microsoft.AppConfiguration/configurationStores/mgmttestcsfvadj23psirg2s","name":"MgmtTest000002","location":"eastus","tags":{}}],"nextLink":"https://management.azure.com/subscriptions/00000000-0000-0000-0000-000000000000/resourceGroups/clitest.rg000001/providers/Microsoft.AppConfiguration/configurationStores?api-version=2019-02-01-preview&$skipToken=mgmttestcsfvadj23psirg2s"}'
    headers:
      cache-control:
      - no-cache
      content-length:
      - '821'
      content-type:
      - application/json; charset=utf-8
      date:
      - Tue, 15 Oct 2019 00:21:57 GMT
      expires:
      - '-1'
      link:
      - </subscriptions/77d5ab06-7edd-4eec-bce9-52c11b75bb37/resourceGroups/clitest.rgalcah3yd6a7gupshs47fstk7eyfuz5cd3hqrf4odnedmbgjjy2lzl2vstubs2u24p/providers/Microsoft.AppConfiguration/configurationStores?api-version=2019-02-01-preview&$skipToken=mgmttestcsfvadj23psirg2s>;
        rel="next"
      pragma:
      - no-cache
      server:
      - openresty/1.15.8.1
      strict-transport-security:
      - max-age=31536000; includeSubDomains
      transfer-encoding:
      - chunked
      vary:
      - Accept-Encoding,Accept-Encoding
      x-content-type-options:
      - nosniff
    status:
      code: 200
      message: OK
- request:
    body: null
    headers:
      Accept:
      - application/json
      Accept-Encoding:
      - gzip, deflate
      CommandName:
      - appconfig list
      Connection:
      - keep-alive
      ParameterSetName:
      - -g
      User-Agent:
      - python/3.7.4 (Windows-10-10.0.18362-SP0) msrest/0.6.10 msrest_azure/0.6.1
        azure-mgmt-appconfiguration/0.1.0 Azure-SDK-For-Python AZURECLI/2.0.74
      accept-language:
      - en-US
    method: GET
    uri: https://management.azure.com/subscriptions/00000000-0000-0000-0000-000000000000/resourceGroups/clitest.rg000001/providers/Microsoft.AppConfiguration/configurationStores?api-version=2019-02-01-preview&$skipToken=mgmttestcsfvadj23psirg2s
  response:
    body:
      string: '{"value":[],"nextLink":null}'
    headers:
      cache-control:
      - no-cache
      content-length:
      - '28'
      content-type:
      - application/json; charset=utf-8
      date:
      - Tue, 15 Oct 2019 00:21:57 GMT
      expires:
      - '-1'
      pragma:
      - no-cache
      server:
      - openresty/1.15.8.1
      strict-transport-security:
      - max-age=31536000; includeSubDomains
      transfer-encoding:
      - chunked
      vary:
      - Accept-Encoding
      x-content-type-options:
      - nosniff
    status:
      code: 200
      message: OK
- request:
    body: null
    headers:
      Accept:
      - application/json
      Accept-Encoding:
      - gzip, deflate
      CommandName:
      - appconfig show
      Connection:
      - keep-alive
      ParameterSetName:
      - -n -g
      User-Agent:
      - python/3.7.4 (Windows-10-10.0.18362-SP0) msrest/0.6.10 msrest_azure/0.6.1
        azure-mgmt-appconfiguration/0.1.0 Azure-SDK-For-Python AZURECLI/2.0.74
      accept-language:
      - en-US
    method: GET
    uri: https://management.azure.com/subscriptions/00000000-0000-0000-0000-000000000000/resourceGroups/clitest.rg000001/providers/Microsoft.AppConfiguration/configurationStores/MgmtTest000002?api-version=2019-02-01-preview
  response:
    body:
      string: '{"type":"Microsoft.AppConfiguration/configurationStores","properties":{"provisioningState":"Succeeded","creationDate":"2019-10-15T00:21:47+00:00","endpoint":"https://mgmttestcsfvadj23psirg2s.azconfig.io"},"id":"/subscriptions/00000000-0000-0000-0000-000000000000/resourceGroups/clitest.rg000001/providers/Microsoft.AppConfiguration/configurationStores/mgmttestcsfvadj23psirg2s","name":"MgmtTest000002","location":"eastus","tags":{}}'
    headers:
      cache-control:
      - no-cache
      content-length:
      - '501'
      content-type:
      - application/json; charset=utf-8
      date:
      - Tue, 15 Oct 2019 00:21:58 GMT
      etag:
      - W/"ae0176c6-0000-0100-0000-5da5111a0000"
      expires:
      - '-1'
      pragma:
      - no-cache
      server:
      - openresty/1.15.8.1
      strict-transport-security:
      - max-age=31536000; includeSubDomains
      transfer-encoding:
      - chunked
      vary:
      - Accept-Encoding,Accept-Encoding
      x-content-type-options:
      - nosniff
    status:
      code: 200
      message: OK
- request:
    body: '{"tags": {"Env": "Prod"}}'
    headers:
      Accept:
      - application/json
      Accept-Encoding:
      - gzip, deflate
      CommandName:
      - appconfig update
      Connection:
      - keep-alive
      Content-Length:
      - '25'
      Content-Type:
      - application/json; charset=utf-8
      ParameterSetName:
      - -n -g --tags
      User-Agent:
      - python/3.7.4 (Windows-10-10.0.18362-SP0) msrest/0.6.10 msrest_azure/0.6.1
        azure-mgmt-appconfiguration/0.1.0 Azure-SDK-For-Python AZURECLI/2.0.74
      accept-language:
      - en-US
    method: PATCH
    uri: https://management.azure.com/subscriptions/00000000-0000-0000-0000-000000000000/resourceGroups/clitest.rg000001/providers/Microsoft.AppConfiguration/configurationStores/MgmtTest000002?api-version=2019-02-01-preview
  response:
    body:
      string: '{"type":"Microsoft.AppConfiguration/configurationStores","properties":{"provisioningState":"Succeeded","creationDate":"2019-10-15T00:21:47+00:00","endpoint":"https://mgmttestcsfvadj23psirg2s.azconfig.io"},"id":"/subscriptions/00000000-0000-0000-0000-000000000000/resourceGroups/clitest.rg000001/providers/Microsoft.AppConfiguration/configurationStores/mgmttestcsfvadj23psirg2s","name":"MgmtTest000002","location":"eastus","tags":{"Env":"Prod"}}'
    headers:
      cache-control:
      - no-cache
      content-length:
      - '513'
      content-type:
      - application/json; charset=utf-8
      date:
      - Tue, 15 Oct 2019 00:21:59 GMT
      etag:
      - W/"ae017fc6-0000-0100-0000-5da511270000"
      expires:
      - '-1'
      pragma:
      - no-cache
      server:
      - openresty/1.15.8.1
      strict-transport-security:
      - max-age=31536000; includeSubDomains
      transfer-encoding:
      - chunked
      vary:
      - Accept-Encoding,Accept-Encoding
      x-content-type-options:
      - nosniff
      x-ms-ratelimit-remaining-subscription-writes:
      - '1199'
    status:
      code: 200
      message: OK
- request:
    body: null
    headers:
      Accept:
      - application/json
      Accept-Encoding:
      - gzip, deflate
      CommandName:
      - appconfig delete
      Connection:
      - keep-alive
      Content-Length:
      - '0'
      ParameterSetName:
      - -n -g -y
      User-Agent:
      - python/3.7.4 (Windows-10-10.0.18362-SP0) msrest/0.6.10 msrest_azure/0.6.1
        azure-mgmt-appconfiguration/0.1.0 Azure-SDK-For-Python AZURECLI/2.0.74
      accept-language:
      - en-US
    method: DELETE
    uri: https://management.azure.com/subscriptions/00000000-0000-0000-0000-000000000000/resourceGroups/clitest.rg000001/providers/Microsoft.AppConfiguration/configurationStores/MgmtTest000002?api-version=2019-02-01-preview
  response:
    body:
      string: ''
    headers:
      cache-control:
      - no-cache
      content-length:
      - '0'
      date:
      - Tue, 15 Oct 2019 00:22:00 GMT
      expires:
      - '-1'
      pragma:
      - no-cache
      server:
      - openresty/1.15.8.1
      strict-transport-security:
      - max-age=31536000; includeSubDomains
      x-content-type-options:
      - nosniff
      x-ms-ratelimit-remaining-subscription-deletes:
      - '14999'
    status:
      code: 200
      message: OK
version: 1
