interactions:
- request:
    body: '{"location": "eastus", "sku": {"name": "Standard"}, "properties": {"publicNetworkAccess":
      "Enabled", "softDeleteRetentionInDays": 1, "createMode": "Default"}}'
    headers:
      Accept:
      - application/json
      Accept-Encoding:
      - gzip, deflate
      CommandName:
      - appconfig create
      Connection:
      - keep-alive
      Content-Length:
      - '158'
      Content-Type:
      - application/json
      ParameterSetName:
      - -n -g -l --sku --enable-public-network --retention-days
      User-Agent:
      - AZURECLI/2.37.0 azsdk-python-mgmt-appconfiguration/2.1.0 Python/3.9.7 (Windows-10-10.0.25131-SP0)
    method: PUT
    uri: https://management.azure.com/subscriptions/00000000-0000-0000-0000-000000000000/resourceGroups/clitest.rg000001/providers/Microsoft.AppConfiguration/configurationStores/PubNetworkTrue000002?api-version=2022-05-01
  response:
    body:
      string: '{"type":"Microsoft.AppConfiguration/configurationStores","location":"eastus","properties":{"provisioningState":"Creating","creationDate":"2022-06-08T23:50:04.2980728+00:00","endpoint":null,"encryption":null,"privateEndpointConnections":null,"disableLocalAuth":null,"softDeleteRetentionInDays":null,"enablePurgeProtection":null},"sku":{"name":"Standard"},"systemData":null,"id":"/subscriptions/00000000-0000-0000-0000-000000000000/resourceGroups/clitest.rg000001/providers/Microsoft.AppConfiguration/configurationStores/PubNetworkTrue000002","name":"PubNetworkTrue000002","tags":{}}'
    headers:
      azure-asyncoperation:
      - https://management.azure.com/subscriptions/00000000-0000-0000-0000-000000000000/providers/Microsoft.AppConfiguration/locations/eastus/operationsStatus/-5GSBWGhafRHp-809BWRqbBilXkocz2cfoRk4brHNao?api-version=2022-05-01
      cache-control:
      - no-cache
      content-length:
      - '581'
      content-type:
      - application/json; charset=utf-8
      date:
      - Wed, 08 Jun 2022 23:50:04 GMT
      expires:
      - '-1'
      pragma:
      - no-cache
      server:
      - nginx/1.17.10
      strict-transport-security:
      - max-age=31536000; includeSubDomains
      x-content-type-options:
      - nosniff
      x-ms-ratelimit-remaining-subscription-writes:
      - '1199'
    status:
      code: 201
      message: Created
- request:
    body: null
    headers:
      Accept:
      - '*/*'
      Accept-Encoding:
      - gzip, deflate
      CommandName:
      - appconfig create
      Connection:
      - keep-alive
      ParameterSetName:
      - -n -g -l --sku --enable-public-network --retention-days
      User-Agent:
      - AZURECLI/2.37.0 azsdk-python-mgmt-appconfiguration/2.1.0 Python/3.9.7 (Windows-10-10.0.25131-SP0)
    method: GET
    uri: https://management.azure.com/subscriptions/00000000-0000-0000-0000-000000000000/providers/Microsoft.AppConfiguration/locations/eastus/operationsStatus/-5GSBWGhafRHp-809BWRqbBilXkocz2cfoRk4brHNao?api-version=2022-05-01
  response:
    body:
      string: '{"id":"/subscriptions/00000000-0000-0000-0000-000000000000/providers/Microsoft.AppConfiguration/locations/eastus/operationsStatus/-5GSBWGhafRHp-809BWRqbBilXkocz2cfoRk4brHNao","name":"-5GSBWGhafRHp-809BWRqbBilXkocz2cfoRk4brHNao","status":"Succeeded","error":null}'
    headers:
      azure-asyncoperation:
      - https://management.azure.com/subscriptions/00000000-0000-0000-0000-000000000000/providers/Microsoft.AppConfiguration/locations/eastus/operationsStatus/-5GSBWGhafRHp-809BWRqbBilXkocz2cfoRk4brHNao?api-version=2022-05-01
      cache-control:
      - no-cache
      content-length:
      - '262'
      content-type:
      - application/json; charset=utf-8
      date:
      - Wed, 08 Jun 2022 23:50:14 GMT
      expires:
      - '-1'
      pragma:
      - no-cache
      server:
      - nginx/1.17.10
      strict-transport-security:
      - max-age=31536000; includeSubDomains
      transfer-encoding:
      - chunked
      vary:
      - Accept-Encoding,Accept-Encoding
      x-content-type-options:
      - nosniff
    status:
      code: 200
      message: OK
- request:
    body: null
    headers:
      Accept:
      - '*/*'
      Accept-Encoding:
      - gzip, deflate
      CommandName:
      - appconfig create
      Connection:
      - keep-alive
      ParameterSetName:
      - -n -g -l --sku --enable-public-network --retention-days
      User-Agent:
      - AZURECLI/2.37.0 azsdk-python-mgmt-appconfiguration/2.1.0 Python/3.9.7 (Windows-10-10.0.25131-SP0)
    method: GET
    uri: https://management.azure.com/subscriptions/00000000-0000-0000-0000-000000000000/resourceGroups/clitest.rg000001/providers/Microsoft.AppConfiguration/configurationStores/PubNetworkTrue000002?api-version=2022-05-01
  response:
    body:
      string: '{"type":"Microsoft.AppConfiguration/configurationStores","location":"eastus","properties":{"provisioningState":"Succeeded","creationDate":"2022-06-08T23:50:04+00:00","endpoint":"https://pubnetworktrue63hiqckpzw.azconfig.io","encryption":{"keyVaultProperties":null},"privateEndpointConnections":null,"publicNetworkAccess":"Enabled","disableLocalAuth":false,"softDeleteRetentionInDays":1,"enablePurgeProtection":false},"sku":{"name":"standard"},"systemData":{"createdBy":"prsangli@microsoft.com","createdByType":"User","createdAt":"2022-06-08T23:50:04+00:00","lastModifiedBy":"prsangli@microsoft.com","lastModifiedByType":"User","lastModifiedAt":"2022-06-08T23:50:05+00:00"},"id":"/subscriptions/00000000-0000-0000-0000-000000000000/resourceGroups/clitest.rg000001/providers/Microsoft.AppConfiguration/configurationStores/pubnetworktrue63hiqckpzw","name":"PubNetworkTrue000002","tags":{}}'
    headers:
      cache-control:
      - no-cache
      content-length:
      - '886'
      content-type:
      - application/json; charset=utf-8
      date:
      - Wed, 08 Jun 2022 23:50:14 GMT
      etag:
      - W/"66007f95-0000-0100-0000-62a135ad0000"
      expires:
      - '-1'
      pragma:
      - no-cache
      server:
      - nginx/1.17.10
      strict-transport-security:
      - max-age=31536000; includeSubDomains
      transfer-encoding:
      - chunked
      vary:
      - Accept-Encoding,Accept-Encoding
      x-content-type-options:
      - nosniff
    status:
      code: 200
      message: OK
- request:
    body: '{"location": "eastus", "sku": {"name": "Standard"}, "properties": {"softDeleteRetentionInDays":
      1, "createMode": "Default"}}'
    headers:
      Accept:
      - application/json
      Accept-Encoding:
      - gzip, deflate
      CommandName:
      - appconfig create
      Connection:
      - keep-alive
      Content-Length:
      - '124'
      Content-Type:
      - application/json
      ParameterSetName:
      - -n -g -l --sku --retention-days
      User-Agent:
      - AZURECLI/2.37.0 azsdk-python-mgmt-appconfiguration/2.1.0 Python/3.9.7 (Windows-10-10.0.25131-SP0)
    method: PUT
    uri: https://management.azure.com/subscriptions/00000000-0000-0000-0000-000000000000/resourceGroups/clitest.rg000001/providers/Microsoft.AppConfiguration/configurationStores/PubNetworkNull000003?api-version=2022-05-01
  response:
    body:
      string: '{"type":"Microsoft.AppConfiguration/configurationStores","location":"eastus","properties":{"provisioningState":"Creating","creationDate":"2022-06-08T23:50:16.7169317+00:00","endpoint":null,"encryption":null,"privateEndpointConnections":null,"disableLocalAuth":null,"softDeleteRetentionInDays":null,"enablePurgeProtection":null},"sku":{"name":"Standard"},"systemData":null,"id":"/subscriptions/00000000-0000-0000-0000-000000000000/resourceGroups/clitest.rg000001/providers/Microsoft.AppConfiguration/configurationStores/PubNetworkNull000003","name":"PubNetworkNull000003","tags":{}}'
    headers:
      azure-asyncoperation:
      - https://management.azure.com/subscriptions/00000000-0000-0000-0000-000000000000/providers/Microsoft.AppConfiguration/locations/eastus/operationsStatus/X4XA8Py7dxazSPP1QWdjlUDgFoLud-UvHSnWWwA8RKQ?api-version=2022-05-01
      cache-control:
      - no-cache
      content-length:
      - '581'
      content-type:
      - application/json; charset=utf-8
      date:
      - Wed, 08 Jun 2022 23:50:15 GMT
      expires:
      - '-1'
      pragma:
      - no-cache
      server:
      - nginx/1.17.10
      strict-transport-security:
      - max-age=31536000; includeSubDomains
      x-content-type-options:
      - nosniff
      x-ms-ratelimit-remaining-subscription-writes:
      - '1199'
    status:
      code: 201
      message: Created
- request:
    body: null
    headers:
      Accept:
      - '*/*'
      Accept-Encoding:
      - gzip, deflate
      CommandName:
      - appconfig create
      Connection:
      - keep-alive
      ParameterSetName:
      - -n -g -l --sku --retention-days
      User-Agent:
      - AZURECLI/2.37.0 azsdk-python-mgmt-appconfiguration/2.1.0 Python/3.9.7 (Windows-10-10.0.25131-SP0)
    method: GET
    uri: https://management.azure.com/subscriptions/00000000-0000-0000-0000-000000000000/providers/Microsoft.AppConfiguration/locations/eastus/operationsStatus/X4XA8Py7dxazSPP1QWdjlUDgFoLud-UvHSnWWwA8RKQ?api-version=2022-05-01
  response:
    body:
      string: '{"id":"/subscriptions/00000000-0000-0000-0000-000000000000/providers/Microsoft.AppConfiguration/locations/eastus/operationsStatus/X4XA8Py7dxazSPP1QWdjlUDgFoLud-UvHSnWWwA8RKQ","name":"X4XA8Py7dxazSPP1QWdjlUDgFoLud-UvHSnWWwA8RKQ","status":"Succeeded","error":null}'
    headers:
      azure-asyncoperation:
      - https://management.azure.com/subscriptions/00000000-0000-0000-0000-000000000000/providers/Microsoft.AppConfiguration/locations/eastus/operationsStatus/X4XA8Py7dxazSPP1QWdjlUDgFoLud-UvHSnWWwA8RKQ?api-version=2022-05-01
      cache-control:
      - no-cache
      content-length:
      - '262'
      content-type:
      - application/json; charset=utf-8
      date:
      - Wed, 08 Jun 2022 23:50:26 GMT
      expires:
      - '-1'
      pragma:
      - no-cache
      server:
      - nginx/1.17.10
      strict-transport-security:
      - max-age=31536000; includeSubDomains
      transfer-encoding:
      - chunked
      vary:
      - Accept-Encoding,Accept-Encoding
      x-content-type-options:
      - nosniff
    status:
      code: 200
      message: OK
- request:
    body: null
    headers:
      Accept:
      - '*/*'
      Accept-Encoding:
      - gzip, deflate
      CommandName:
      - appconfig create
      Connection:
      - keep-alive
      ParameterSetName:
      - -n -g -l --sku --retention-days
      User-Agent:
      - AZURECLI/2.37.0 azsdk-python-mgmt-appconfiguration/2.1.0 Python/3.9.7 (Windows-10-10.0.25131-SP0)
    method: GET
    uri: https://management.azure.com/subscriptions/00000000-0000-0000-0000-000000000000/resourceGroups/clitest.rg000001/providers/Microsoft.AppConfiguration/configurationStores/PubNetworkNull000003?api-version=2022-05-01
  response:
    body:
      string: '{"type":"Microsoft.AppConfiguration/configurationStores","location":"eastus","properties":{"provisioningState":"Succeeded","creationDate":"2022-06-08T23:50:16+00:00","endpoint":"https://pubnetworknullxcd4olxf6k.azconfig.io","encryption":{"keyVaultProperties":null},"privateEndpointConnections":null,"disableLocalAuth":false,"softDeleteRetentionInDays":1,"enablePurgeProtection":false},"sku":{"name":"standard"},"systemData":{"createdBy":"prsangli@microsoft.com","createdByType":"User","createdAt":"2022-06-08T23:50:16+00:00","lastModifiedBy":"prsangli@microsoft.com","lastModifiedByType":"User","lastModifiedAt":"2022-06-08T23:50:17+00:00"},"id":"/subscriptions/00000000-0000-0000-0000-000000000000/resourceGroups/clitest.rg000001/providers/Microsoft.AppConfiguration/configurationStores/pubnetworknullxcd4olxf6k","name":"PubNetworkNull000003","tags":{}}'
    headers:
      cache-control:
      - no-cache
      content-length:
      - '854'
      content-type:
      - application/json; charset=utf-8
      date:
      - Wed, 08 Jun 2022 23:50:27 GMT
      etag:
      - W/"66009495-0000-0100-0000-62a135b90000"
      expires:
      - '-1'
      pragma:
      - no-cache
      server:
      - nginx/1.17.10
      strict-transport-security:
      - max-age=31536000; includeSubDomains
      transfer-encoding:
      - chunked
      vary:
      - Accept-Encoding,Accept-Encoding
      x-content-type-options:
      - nosniff
    status:
      code: 200
      message: OK
- request:
    body: '{"properties": {"publicNetworkAccess": "Enabled"}}'
    headers:
      Accept:
      - application/json
      Accept-Encoding:
      - gzip, deflate
      CommandName:
      - appconfig update
      Connection:
      - keep-alive
      Content-Length:
      - '50'
      Content-Type:
      - application/json
      ParameterSetName:
      - -n -g --enable-public-network
      User-Agent:
      - AZURECLI/2.37.0 azsdk-python-mgmt-appconfiguration/2.1.0 Python/3.9.7 (Windows-10-10.0.25131-SP0)
    method: PATCH
    uri: https://management.azure.com/subscriptions/00000000-0000-0000-0000-000000000000/resourceGroups/clitest.rg000001/providers/Microsoft.AppConfiguration/configurationStores/PubNetworkNull000003?api-version=2022-05-01
  response:
    body:
      string: '{"type":"Microsoft.AppConfiguration/configurationStores","location":"eastus","properties":{"provisioningState":"Succeeded","creationDate":"2022-06-08T23:50:16+00:00","endpoint":"https://pubnetworknullxcd4olxf6k.azconfig.io","encryption":{"keyVaultProperties":null},"privateEndpointConnections":null,"publicNetworkAccess":"Enabled","disableLocalAuth":false,"softDeleteRetentionInDays":1,"enablePurgeProtection":false},"sku":{"name":"standard"},"systemData":{"createdBy":"prsangli@microsoft.com","createdByType":"User","createdAt":"2022-06-08T23:50:16+00:00","lastModifiedBy":"prsangli@microsoft.com","lastModifiedByType":"User","lastModifiedAt":"2022-06-08T23:50:29+00:00"},"id":"/subscriptions/00000000-0000-0000-0000-000000000000/resourceGroups/clitest.rg000001/providers/Microsoft.AppConfiguration/configurationStores/pubnetworknullxcd4olxf6k","name":"PubNetworkNull000003","tags":{}}'
    headers:
      cache-control:
      - no-cache
      content-length:
      - '886'
      content-type:
      - application/json; charset=utf-8
      date:
      - Wed, 08 Jun 2022 23:50:28 GMT
      etag:
      - W/"6600b395-0000-0100-0000-62a135c50000"
      expires:
      - '-1'
      pragma:
      - no-cache
      server:
      - nginx/1.17.10
      strict-transport-security:
      - max-age=31536000; includeSubDomains
      transfer-encoding:
      - chunked
      vary:
      - Accept-Encoding,Accept-Encoding
      x-content-type-options:
      - nosniff
      x-ms-ratelimit-remaining-subscription-writes:
      - '1199'
    status:
      code: 200
      message: OK
version: 1
