interactions:
- request:
    body: '{"identity": {"type": "SystemAssigned"}, "sku": {"name": "standard"}, "location":
      "eastus"}'
    headers:
      Accept:
      - application/json
      Accept-Encoding:
      - gzip, deflate
      CommandName:
      - appconfig create
      Connection:
      - keep-alive
      Content-Length:
      - '91'
      Content-Type:
      - application/json; charset=utf-8
      ParameterSetName:
      - -n -g -l --sku --assign-identity
      User-Agent:
      - python/3.5.2 (Windows-10-10.0.18362-SP0) msrest/0.6.10 msrest_azure/0.6.2
        azure-mgmt-appconfiguration/0.4.0 Azure-SDK-For-Python AZURECLI/2.0.81
      accept-language:
      - en-US
    method: PUT
    uri: https://management.azure.com/subscriptions/00000000-0000-0000-0000-000000000000/resourceGroups/clitest.rg000001/providers/Microsoft.AppConfiguration/configurationStores/MgmtTest000002?api-version=2019-11-01-preview
  response:
    body:
      string: '{"type":"Microsoft.AppConfiguration/configurationStores","properties":{"provisioningState":"Creating","creationDate":"2020-02-08T01:43:50.9112095+00:00","endpoint":null,"encryption":null},"sku":null,"id":"/subscriptions/00000000-0000-0000-0000-000000000000/resourceGroups/clitest.rg000001/providers/Microsoft.AppConfiguration/configurationStores/MgmtTest000002","name":"MgmtTest000002","location":"eastus","tags":{}}'
    headers:
      azure-asyncoperation:
      - https://management.azure.com/subscriptions/00000000-0000-0000-0000-000000000000/providers/Microsoft.AppConfiguration/locations/eastus/operationsStatus/41c8d776-5b6e-e7ad-34b5-0f592b6538e6?api-version=2019-11-01-preview
      cache-control:
      - no-cache
      content-length:
      - '495'
      content-type:
      - application/json; charset=utf-8
      date:
      - Sat, 08 Feb 2020 01:43:50 GMT
      expires:
      - '-1'
      pragma:
      - no-cache
      server:
      - openresty/1.15.8.1
      strict-transport-security:
      - max-age=31536000; includeSubDomains
      x-content-type-options:
      - nosniff
      x-ms-ratelimit-remaining-subscription-writes:
      - '1198'
    status:
      code: 201
      message: Created
- request:
    body: null
    headers:
      Accept:
      - application/json
      Accept-Encoding:
      - gzip, deflate
      CommandName:
      - appconfig create
      Connection:
      - keep-alive
      ParameterSetName:
      - -n -g -l --sku --assign-identity
      User-Agent:
      - python/3.5.2 (Windows-10-10.0.18362-SP0) msrest/0.6.10 msrest_azure/0.6.2
        azure-mgmt-appconfiguration/0.4.0 Azure-SDK-For-Python AZURECLI/2.0.81
    method: GET
    uri: https://management.azure.com/subscriptions/00000000-0000-0000-0000-000000000000/providers/Microsoft.AppConfiguration/locations/eastus/operationsStatus/41c8d776-5b6e-e7ad-34b5-0f592b6538e6?api-version=2019-11-01-preview
  response:
    body:
      string: '{"id":"/subscriptions/00000000-0000-0000-0000-000000000000/providers/Microsoft.AppConfiguration/locations/eastus/operationsStatus/41c8d776-5b6e-e7ad-34b5-0f592b6538e6","name":"41c8d776-5b6e-e7ad-34b5-0f592b6538e6","status":"Succeeded","error":null}'
    headers:
      azure-asyncoperation:
      - https://management.azure.com/subscriptions/00000000-0000-0000-0000-000000000000/providers/Microsoft.AppConfiguration/locations/eastus/operationsStatus/41c8d776-5b6e-e7ad-34b5-0f592b6538e6?api-version=2019-11-01-preview
      cache-control:
      - no-cache
      content-length:
      - '248'
      content-type:
      - application/json; charset=utf-8
      date:
      - Sat, 08 Feb 2020 01:44:01 GMT
      expires:
      - '-1'
      pragma:
      - no-cache
      server:
      - openresty/1.15.8.1
      strict-transport-security:
      - max-age=31536000; includeSubDomains
      transfer-encoding:
      - chunked
      vary:
      - Accept-Encoding
      x-content-type-options:
      - nosniff
    status:
      code: 200
      message: OK
- request:
    body: null
    headers:
      Accept:
      - application/json
      Accept-Encoding:
      - gzip, deflate
      CommandName:
      - appconfig create
      Connection:
      - keep-alive
      ParameterSetName:
      - -n -g -l --sku --assign-identity
      User-Agent:
      - python/3.5.2 (Windows-10-10.0.18362-SP0) msrest/0.6.10 msrest_azure/0.6.2
        azure-mgmt-appconfiguration/0.4.0 Azure-SDK-For-Python AZURECLI/2.0.81
    method: GET
    uri: https://management.azure.com/subscriptions/00000000-0000-0000-0000-000000000000/resourceGroups/clitest.rg000001/providers/Microsoft.AppConfiguration/configurationStores/MgmtTest000002?api-version=2019-11-01-preview
  response:
    body:
      string: '{"type":"Microsoft.AppConfiguration/configurationStores","identity":{"type":"SystemAssigned","principalId":"32f7503e-a093-42b2-8a46-c10f261c8397","tenantId":"72f988bf-86f1-41af-91ab-2d7cd011db47"},"properties":{"provisioningState":"Succeeded","creationDate":"2020-02-08T01:43:51+00:00","endpoint":"https://mgmttestm23bhvcuqrx4bims.azconfig.io","encryption":{"keyVaultProperties":null}},"sku":{"name":"standard"},"id":"/subscriptions/00000000-0000-0000-0000-000000000000/resourceGroups/clitest.rg000001/providers/Microsoft.AppConfiguration/configurationStores/mgmttestm23bhvcuqrx4bims","name":"MgmtTest000002","location":"eastus","tags":{}}'
    headers:
      cache-control:
      - no-cache
      content-length:
      - '708'
      content-type:
      - application/json; charset=utf-8
      date:
      - Sat, 08 Feb 2020 01:44:01 GMT
      etag:
      - W/"4b0088cb-0000-0100-0000-5e3e12570000"
      expires:
      - '-1'
      pragma:
      - no-cache
      server:
      - openresty/1.15.8.1
      strict-transport-security:
      - max-age=31536000; includeSubDomains
      transfer-encoding:
      - chunked
      vary:
      - Accept-Encoding,Accept-Encoding
      x-content-type-options:
      - nosniff
    status:
      code: 200
      message: OK
- request:
    body: null
    headers:
      Accept:
      - application/json
      Accept-Encoding:
      - gzip, deflate
      CommandName:
      - appconfig list
      Connection:
      - keep-alive
      ParameterSetName:
      - -g
      User-Agent:
      - python/3.5.2 (Windows-10-10.0.18362-SP0) msrest/0.6.10 msrest_azure/0.6.2
        azure-mgmt-appconfiguration/0.4.0 Azure-SDK-For-Python AZURECLI/2.0.81
      accept-language:
      - en-US
    method: GET
    uri: https://management.azure.com/subscriptions/00000000-0000-0000-0000-000000000000/resourceGroups/clitest.rg000001/providers/Microsoft.AppConfiguration/configurationStores?api-version=2019-11-01-preview
  response:
    body:
      string: '{"value":[{"type":"Microsoft.AppConfiguration/configurationStores","identity":{"type":"SystemAssigned","principalId":"32f7503e-a093-42b2-8a46-c10f261c8397","tenantId":"72f988bf-86f1-41af-91ab-2d7cd011db47"},"properties":{"provisioningState":"Succeeded","creationDate":"2020-02-08T01:43:51+00:00","endpoint":"https://mgmttestm23bhvcuqrx4bims.azconfig.io","encryption":{"keyVaultProperties":null}},"sku":{"name":"standard"},"id":"/subscriptions/00000000-0000-0000-0000-000000000000/resourceGroups/clitest.rg000001/providers/Microsoft.AppConfiguration/configurationStores/mgmttestm23bhvcuqrx4bims","name":"MgmtTest000002","location":"eastus","tags":{}}],"nextLink":"https://management.azure.com/subscriptions/00000000-0000-0000-0000-000000000000/resourceGroups/clitest.rg000001/providers/Microsoft.AppConfiguration/configurationStores?api-version=2019-11-01-preview&$skipToken=mgmttestm23bhvcuqrx4bims"}'
    headers:
      cache-control:
      - no-cache
      content-length:
      - '1028'
      content-type:
      - application/json; charset=utf-8
      date:
      - Sat, 08 Feb 2020 01:44:02 GMT
      expires:
      - '-1'
      link:
      - </subscriptions/77d5ab06-7edd-4eec-bce9-52c11b75bb37/resourceGroups/clitest.rgbmzprcs4yevh4bujfqkgrkioy43v4sxy5ddbcn3b4d7h3u5wdat5s2xfxj6tatnc4/providers/Microsoft.AppConfiguration/configurationStores?api-version=2019-11-01-preview&$skipToken=mgmttestm23bhvcuqrx4bims>;
        rel="next"
      pragma:
      - no-cache
      server:
      - openresty/1.15.8.1
      strict-transport-security:
      - max-age=31536000; includeSubDomains
      transfer-encoding:
      - chunked
      vary:
      - Accept-Encoding,Accept-Encoding
      x-content-type-options:
      - nosniff
    status:
      code: 200
      message: OK
- request:
    body: null
    headers:
      Accept:
      - application/json
      Accept-Encoding:
      - gzip, deflate
      CommandName:
      - appconfig list
      Connection:
      - keep-alive
      ParameterSetName:
      - -g
      User-Agent:
      - python/3.5.2 (Windows-10-10.0.18362-SP0) msrest/0.6.10 msrest_azure/0.6.2
        azure-mgmt-appconfiguration/0.4.0 Azure-SDK-For-Python AZURECLI/2.0.81
      accept-language:
      - en-US
    method: GET
    uri: https://management.azure.com/subscriptions/00000000-0000-0000-0000-000000000000/resourceGroups/clitest.rg000001/providers/Microsoft.AppConfiguration/configurationStores?api-version=2019-11-01-preview&$skipToken=mgmttestm23bhvcuqrx4bims
  response:
    body:
      string: '{"value":[],"nextLink":null}'
    headers:
      cache-control:
      - no-cache
      content-length:
      - '28'
      content-type:
      - application/json; charset=utf-8
      date:
      - Sat, 08 Feb 2020 01:44:02 GMT
      expires:
      - '-1'
      pragma:
      - no-cache
      server:
      - openresty/1.15.8.1
      strict-transport-security:
      - max-age=31536000; includeSubDomains
      transfer-encoding:
      - chunked
      vary:
      - Accept-Encoding
      x-content-type-options:
      - nosniff
    status:
      code: 200
      message: OK
- request:
    body: null
    headers:
      Accept:
      - application/json
      Accept-Encoding:
      - gzip, deflate
      CommandName:
      - appconfig show
      Connection:
      - keep-alive
      ParameterSetName:
      - -n -g
      User-Agent:
      - python/3.5.2 (Windows-10-10.0.18362-SP0) msrest/0.6.10 msrest_azure/0.6.2
        azure-mgmt-appconfiguration/0.4.0 Azure-SDK-For-Python AZURECLI/2.0.81
      accept-language:
      - en-US
    method: GET
    uri: https://management.azure.com/subscriptions/00000000-0000-0000-0000-000000000000/resourceGroups/clitest.rg000001/providers/Microsoft.AppConfiguration/configurationStores/MgmtTest000002?api-version=2019-11-01-preview
  response:
    body:
      string: '{"type":"Microsoft.AppConfiguration/configurationStores","identity":{"type":"SystemAssigned","principalId":"32f7503e-a093-42b2-8a46-c10f261c8397","tenantId":"72f988bf-86f1-41af-91ab-2d7cd011db47"},"properties":{"provisioningState":"Succeeded","creationDate":"2020-02-08T01:43:51+00:00","endpoint":"https://mgmttestm23bhvcuqrx4bims.azconfig.io","encryption":{"keyVaultProperties":null}},"sku":{"name":"standard"},"id":"/subscriptions/00000000-0000-0000-0000-000000000000/resourceGroups/clitest.rg000001/providers/Microsoft.AppConfiguration/configurationStores/mgmttestm23bhvcuqrx4bims","name":"MgmtTest000002","location":"eastus","tags":{}}'
    headers:
      cache-control:
      - no-cache
      content-length:
      - '708'
      content-type:
      - application/json; charset=utf-8
      date:
      - Sat, 08 Feb 2020 01:44:04 GMT
      etag:
      - W/"4b0088cb-0000-0100-0000-5e3e12570000"
      expires:
      - '-1'
      pragma:
      - no-cache
      server:
      - openresty/1.15.8.1
      strict-transport-security:
      - max-age=31536000; includeSubDomains
      transfer-encoding:
      - chunked
      vary:
      - Accept-Encoding,Accept-Encoding
      x-content-type-options:
      - nosniff
    status:
      code: 200
      message: OK
- request:
    body: '{"tags": {"Env": "Prod"}, "sku": {"name": "standard"}}'
    headers:
      Accept:
      - application/json
      Accept-Encoding:
      - gzip, deflate
      CommandName:
      - appconfig update
      Connection:
      - keep-alive
      Content-Length:
      - '54'
      Content-Type:
      - application/json; charset=utf-8
      ParameterSetName:
      - -n -g --tags --sku
      User-Agent:
      - python/3.5.2 (Windows-10-10.0.18362-SP0) msrest/0.6.10 msrest_azure/0.6.2
        azure-mgmt-appconfiguration/0.4.0 Azure-SDK-For-Python AZURECLI/2.0.81
      accept-language:
      - en-US
    method: PATCH
    uri: https://management.azure.com/subscriptions/00000000-0000-0000-0000-000000000000/resourceGroups/clitest.rg000001/providers/Microsoft.AppConfiguration/configurationStores/MgmtTest000002?api-version=2019-11-01-preview
  response:
    body:
      string: '{"type":"Microsoft.AppConfiguration/configurationStores","identity":{"type":"SystemAssigned","principalId":"32f7503e-a093-42b2-8a46-c10f261c8397","tenantId":"72f988bf-86f1-41af-91ab-2d7cd011db47"},"properties":{"provisioningState":"Succeeded","creationDate":"2020-02-08T01:43:51+00:00","endpoint":"https://mgmttestm23bhvcuqrx4bims.azconfig.io","encryption":{"keyVaultProperties":null}},"sku":{"name":"standard"},"id":"/subscriptions/00000000-0000-0000-0000-000000000000/resourceGroups/clitest.rg000001/providers/Microsoft.AppConfiguration/configurationStores/mgmttestm23bhvcuqrx4bims","name":"MgmtTest000002","location":"eastus","tags":{"Env":"Prod"}}'
    headers:
      cache-control:
      - no-cache
      content-length:
      - '720'
      content-type:
      - application/json; charset=utf-8
      date:
      - Sat, 08 Feb 2020 01:44:05 GMT
      etag:
      - W/"4b002dcc-0000-0100-0000-5e3e12640000"
      expires:
      - '-1'
      pragma:
      - no-cache
      server:
      - openresty/1.15.8.1
      strict-transport-security:
      - max-age=31536000; includeSubDomains
      transfer-encoding:
      - chunked
      vary:
      - Accept-Encoding,Accept-Encoding
      x-content-type-options:
      - nosniff
      x-ms-ratelimit-remaining-subscription-writes:
      - '1198'
    status:
      code: 200
      message: OK
- request:
    body: null
    headers:
      Accept:
      - application/json
      Accept-Encoding:
      - gzip, deflate
      CommandName:
      - appconfig delete
      Connection:
      - keep-alive
      Content-Length:
      - '0'
      ParameterSetName:
      - -n -g -y
      User-Agent:
      - python/3.5.2 (Windows-10-10.0.18362-SP0) msrest/0.6.10 msrest_azure/0.6.2
        azure-mgmt-appconfiguration/0.4.0 Azure-SDK-For-Python AZURECLI/2.0.81
      accept-language:
      - en-US
    method: DELETE
    uri: https://management.azure.com/subscriptions/00000000-0000-0000-0000-000000000000/resourceGroups/clitest.rg000001/providers/Microsoft.AppConfiguration/configurationStores/MgmtTest000002?api-version=2019-11-01-preview
  response:
    body:
      string: ''
    headers:
      cache-control:
      - no-cache
      content-length:
      - '0'
      date:
      - Sat, 08 Feb 2020 01:44:06 GMT
      expires:
      - '-1'
      pragma:
      - no-cache
      server:
      - openresty/1.15.8.1
      strict-transport-security:
      - max-age=31536000; includeSubDomains
      x-content-type-options:
      - nosniff
      x-ms-ratelimit-remaining-subscription-deletes:
      - '14999'
    status:
      code: 200
      message: OK
version: 1
