interactions:
- request:
    body: '{"location": "eastus"}'
    headers:
      Accept:
      - application/json
      Accept-Encoding:
      - gzip, deflate
      CommandName:
      - appconfig create
      Connection:
      - keep-alive
      Content-Length:
      - '22'
      Content-Type:
      - application/json; charset=utf-8
      ParameterSetName:
      - -n -g -l
      User-Agent:
      - python/3.7.4 (Windows-10-10.0.18362-SP0) msrest/0.6.10 msrest_azure/0.6.1
        azure-mgmt-appconfiguration/0.1.0 Azure-SDK-For-Python AZURECLI/2.0.75
      accept-language:
      - en-US
    method: PUT
    uri: https://management.azure.com/subscriptions/00000000-0000-0000-0000-000000000000/resourceGroups/clitest.rg000001/providers/Microsoft.AppConfiguration/configurationStores/MgmtTest000002?api-version=2019-02-01-preview
  response:
    body:
      string: '{"type":"Microsoft.AppConfiguration/configurationStores","properties":{"provisioningState":"Creating","creationDate":"2019-10-15T17:12:59.5477637+00:00","endpoint":"https://MgmtTest000002.azconfig.io"},"id":"/subscriptions/00000000-0000-0000-0000-000000000000/resourceGroups/clitest.rg000001/providers/Microsoft.AppConfiguration/configurationStores/MgmtTest000002","name":"MgmtTest000002","location":"eastus","tags":{}}'
    headers:
      azure-asyncoperation:
      - https://management.azure.com/subscriptions/00000000-0000-0000-0000-000000000000/providers/Microsoft.AppConfiguration/locations/eastus/operationsStatus/de07bb80-1070-5d63-3786-89b00f40e5ba?api-version=2019-02-01-preview
      cache-control:
      - no-cache
      content-length:
      - '508'
      content-type:
      - application/json; charset=utf-8
      date:
      - Tue, 15 Oct 2019 17:12:59 GMT
      expires:
      - '-1'
      pragma:
      - no-cache
      server:
      - openresty/1.15.8.1
      strict-transport-security:
      - max-age=31536000; includeSubDomains
      x-content-type-options:
      - nosniff
      x-ms-ratelimit-remaining-subscription-writes:
      - '1199'
    status:
      code: 201
      message: Created
- request:
    body: null
    headers:
      Accept:
      - application/json
      Accept-Encoding:
      - gzip, deflate
      CommandName:
      - appconfig create
      Connection:
      - keep-alive
      ParameterSetName:
      - -n -g -l
      User-Agent:
      - python/3.7.4 (Windows-10-10.0.18362-SP0) msrest/0.6.10 msrest_azure/0.6.1
        azure-mgmt-appconfiguration/0.1.0 Azure-SDK-For-Python AZURECLI/2.0.75
    method: GET
    uri: https://management.azure.com/subscriptions/00000000-0000-0000-0000-000000000000/providers/Microsoft.AppConfiguration/locations/eastus/operationsStatus/de07bb80-1070-5d63-3786-89b00f40e5ba?api-version=2019-02-01-preview
  response:
    body:
      string: '{"id":"/subscriptions/00000000-0000-0000-0000-000000000000/providers/Microsoft.AppConfiguration/locations/eastus/operationsStatus/de07bb80-1070-5d63-3786-89b00f40e5ba","name":"de07bb80-1070-5d63-3786-89b00f40e5ba","status":"Succeeded","error":null}'
    headers:
      azure-asyncoperation:
      - https://management.azure.com/subscriptions/00000000-0000-0000-0000-000000000000/providers/Microsoft.AppConfiguration/locations/eastus/operationsStatus/de07bb80-1070-5d63-3786-89b00f40e5ba?api-version=2019-02-01-preview
      cache-control:
      - no-cache
      content-length:
      - '248'
      content-type:
      - application/json; charset=utf-8
      date:
      - Tue, 15 Oct 2019 17:13:10 GMT
      expires:
      - '-1'
      pragma:
      - no-cache
      server:
      - openresty/1.15.8.1
      strict-transport-security:
      - max-age=31536000; includeSubDomains
      transfer-encoding:
      - chunked
      vary:
      - Accept-Encoding
      x-content-type-options:
      - nosniff
    status:
      code: 200
      message: OK
- request:
    body: null
    headers:
      Accept:
      - application/json
      Accept-Encoding:
      - gzip, deflate
      CommandName:
      - appconfig create
      Connection:
      - keep-alive
      ParameterSetName:
      - -n -g -l
      User-Agent:
      - python/3.7.4 (Windows-10-10.0.18362-SP0) msrest/0.6.10 msrest_azure/0.6.1
        azure-mgmt-appconfiguration/0.1.0 Azure-SDK-For-Python AZURECLI/2.0.75
    method: GET
    uri: https://management.azure.com/subscriptions/00000000-0000-0000-0000-000000000000/resourceGroups/clitest.rg000001/providers/Microsoft.AppConfiguration/configurationStores/MgmtTest000002?api-version=2019-02-01-preview
  response:
    body:
      string: '{"type":"Microsoft.AppConfiguration/configurationStores","properties":{"provisioningState":"Succeeded","creationDate":"2019-10-15T17:13:00+00:00","endpoint":"https://mgmttestiyfsceuixtywoyfc.azconfig.io"},"id":"/subscriptions/00000000-0000-0000-0000-000000000000/resourceGroups/clitest.rg000001/providers/Microsoft.AppConfiguration/configurationStores/mgmttestiyfsceuixtywoyfc","name":"MgmtTest000002","location":"eastus","tags":{}}'
    headers:
      cache-control:
      - no-cache
      content-length:
      - '501'
      content-type:
      - application/json; charset=utf-8
      date:
      - Tue, 15 Oct 2019 17:13:10 GMT
      etag:
      - W/"58005dc3-0000-0100-0000-5da5fe1c0000"
      expires:
      - '-1'
      pragma:
      - no-cache
      server:
      - openresty/1.15.8.1
      strict-transport-security:
      - max-age=31536000; includeSubDomains
      transfer-encoding:
      - chunked
      vary:
      - Accept-Encoding,Accept-Encoding
      x-content-type-options:
      - nosniff
    status:
      code: 200
      message: OK
- request:
    body: null
    headers:
      Accept:
      - application/json
      Accept-Encoding:
      - gzip, deflate
      CommandName:
      - appconfig list
      Connection:
      - keep-alive
      ParameterSetName:
      - -g
      User-Agent:
      - python/3.7.4 (Windows-10-10.0.18362-SP0) msrest/0.6.10 msrest_azure/0.6.1
        azure-mgmt-appconfiguration/0.1.0 Azure-SDK-For-Python AZURECLI/2.0.75
      accept-language:
      - en-US
    method: GET
    uri: https://management.azure.com/subscriptions/00000000-0000-0000-0000-000000000000/resourceGroups/clitest.rg000001/providers/Microsoft.AppConfiguration/configurationStores?api-version=2019-02-01-preview
  response:
    body:
      string: '{"value":[{"type":"Microsoft.AppConfiguration/configurationStores","properties":{"provisioningState":"Succeeded","creationDate":"2019-10-15T17:13:00+00:00","endpoint":"https://mgmttestiyfsceuixtywoyfc.azconfig.io"},"id":"/subscriptions/00000000-0000-0000-0000-000000000000/resourceGroups/clitest.rg000001/providers/Microsoft.AppConfiguration/configurationStores/mgmttestiyfsceuixtywoyfc","name":"MgmtTest000002","location":"eastus","tags":{}}],"nextLink":"https://management.azure.com/subscriptions/00000000-0000-0000-0000-000000000000/resourceGroups/clitest.rg000001/providers/Microsoft.AppConfiguration/configurationStores?api-version=2019-02-01-preview&$skipToken=mgmttestiyfsceuixtywoyfc"}'
    headers:
      cache-control:
      - no-cache
      content-length:
      - '821'
      content-type:
      - application/json; charset=utf-8
      date:
      - Tue, 15 Oct 2019 17:13:11 GMT
      expires:
      - '-1'
      link:
      - </subscriptions/77d5ab06-7edd-4eec-bce9-52c11b75bb37/resourceGroups/clitest.rgi2jr3krlbprg7rb4zgynleh62ayo3t2z2xv5fpxo3c5xg67f47vzfbwqu5nsgco2f/providers/Microsoft.AppConfiguration/configurationStores?api-version=2019-02-01-preview&$skipToken=mgmttestiyfsceuixtywoyfc>;
        rel="next"
      pragma:
      - no-cache
      server:
      - openresty/1.15.8.1
      strict-transport-security:
      - max-age=31536000; includeSubDomains
      transfer-encoding:
      - chunked
      vary:
      - Accept-Encoding,Accept-Encoding
      x-content-type-options:
      - nosniff
    status:
      code: 200
      message: OK
- request:
    body: null
    headers:
      Accept:
      - application/json
      Accept-Encoding:
      - gzip, deflate
      CommandName:
      - appconfig list
      Connection:
      - keep-alive
      ParameterSetName:
      - -g
      User-Agent:
      - python/3.7.4 (Windows-10-10.0.18362-SP0) msrest/0.6.10 msrest_azure/0.6.1
        azure-mgmt-appconfiguration/0.1.0 Azure-SDK-For-Python AZURECLI/2.0.75
      accept-language:
      - en-US
    method: GET
    uri: https://management.azure.com/subscriptions/00000000-0000-0000-0000-000000000000/resourceGroups/clitest.rg000001/providers/Microsoft.AppConfiguration/configurationStores?api-version=2019-02-01-preview&$skipToken=mgmttestiyfsceuixtywoyfc
  response:
    body:
      string: '{"value":[],"nextLink":null}'
    headers:
      cache-control:
      - no-cache
      content-length:
      - '28'
      content-type:
      - application/json; charset=utf-8
      date:
      - Tue, 15 Oct 2019 17:13:11 GMT
      expires:
      - '-1'
      pragma:
      - no-cache
      server:
      - openresty/1.15.8.1
      strict-transport-security:
      - max-age=31536000; includeSubDomains
      transfer-encoding:
      - chunked
      vary:
      - Accept-Encoding
      x-content-type-options:
      - nosniff
    status:
      code: 200
      message: OK
- request:
    body: null
    headers:
      Accept:
      - application/json
      Accept-Encoding:
      - gzip, deflate
      CommandName:
      - appconfig show
      Connection:
      - keep-alive
      ParameterSetName:
      - -n -g
      User-Agent:
      - python/3.7.4 (Windows-10-10.0.18362-SP0) msrest/0.6.10 msrest_azure/0.6.1
        azure-mgmt-appconfiguration/0.1.0 Azure-SDK-For-Python AZURECLI/2.0.75
      accept-language:
      - en-US
    method: GET
    uri: https://management.azure.com/subscriptions/00000000-0000-0000-0000-000000000000/resourceGroups/clitest.rg000001/providers/Microsoft.AppConfiguration/configurationStores/MgmtTest000002?api-version=2019-02-01-preview
  response:
    body:
      string: '{"type":"Microsoft.AppConfiguration/configurationStores","properties":{"provisioningState":"Succeeded","creationDate":"2019-10-15T17:13:00+00:00","endpoint":"https://mgmttestiyfsceuixtywoyfc.azconfig.io"},"id":"/subscriptions/00000000-0000-0000-0000-000000000000/resourceGroups/clitest.rg000001/providers/Microsoft.AppConfiguration/configurationStores/mgmttestiyfsceuixtywoyfc","name":"MgmtTest000002","location":"eastus","tags":{}}'
    headers:
      cache-control:
      - no-cache
      content-length:
      - '501'
      content-type:
      - application/json; charset=utf-8
      date:
      - Tue, 15 Oct 2019 17:13:12 GMT
      etag:
      - W/"58005dc3-0000-0100-0000-5da5fe1c0000"
      expires:
      - '-1'
      pragma:
      - no-cache
      server:
      - openresty/1.15.8.1
      strict-transport-security:
      - max-age=31536000; includeSubDomains
      transfer-encoding:
      - chunked
      vary:
      - Accept-Encoding,Accept-Encoding
      x-content-type-options:
      - nosniff
    status:
      code: 200
      message: OK
- request:
    body: '{"tags": {"Env": "Prod"}}'
    headers:
      Accept:
      - application/json
      Accept-Encoding:
      - gzip, deflate
      CommandName:
      - appconfig update
      Connection:
      - keep-alive
      Content-Length:
      - '25'
      Content-Type:
      - application/json; charset=utf-8
      ParameterSetName:
      - -n -g --tags
      User-Agent:
      - python/3.7.4 (Windows-10-10.0.18362-SP0) msrest/0.6.10 msrest_azure/0.6.1
        azure-mgmt-appconfiguration/0.1.0 Azure-SDK-For-Python AZURECLI/2.0.75
      accept-language:
      - en-US
    method: PATCH
    uri: https://management.azure.com/subscriptions/00000000-0000-0000-0000-000000000000/resourceGroups/clitest.rg000001/providers/Microsoft.AppConfiguration/configurationStores/MgmtTest000002?api-version=2019-02-01-preview
  response:
    body:
      string: '{"type":"Microsoft.AppConfiguration/configurationStores","properties":{"provisioningState":"Succeeded","creationDate":"2019-10-15T17:13:00+00:00","endpoint":"https://mgmttestiyfsceuixtywoyfc.azconfig.io"},"id":"/subscriptions/00000000-0000-0000-0000-000000000000/resourceGroups/clitest.rg000001/providers/Microsoft.AppConfiguration/configurationStores/mgmttestiyfsceuixtywoyfc","name":"MgmtTest000002","location":"eastus","tags":{"Env":"Prod"}}'
    headers:
      cache-control:
      - no-cache
      content-length:
      - '513'
      content-type:
      - application/json; charset=utf-8
      date:
      - Tue, 15 Oct 2019 17:13:13 GMT
      etag:
      - W/"58003ec4-0000-0100-0000-5da5fe290000"
      expires:
      - '-1'
      pragma:
      - no-cache
      server:
      - openresty/1.15.8.1
      strict-transport-security:
      - max-age=31536000; includeSubDomains
      transfer-encoding:
      - chunked
      vary:
      - Accept-Encoding,Accept-Encoding
      x-content-type-options:
      - nosniff
      x-ms-ratelimit-remaining-subscription-writes:
      - '1199'
    status:
      code: 200
      message: OK
- request:
    body: null
    headers:
      Accept:
      - application/json
      Accept-Encoding:
      - gzip, deflate
      CommandName:
      - appconfig delete
      Connection:
      - keep-alive
      Content-Length:
      - '0'
      ParameterSetName:
      - -n -g -y
      User-Agent:
      - python/3.7.4 (Windows-10-10.0.18362-SP0) msrest/0.6.10 msrest_azure/0.6.1
        azure-mgmt-appconfiguration/0.1.0 Azure-SDK-For-Python AZURECLI/2.0.75
      accept-language:
      - en-US
    method: DELETE
    uri: https://management.azure.com/subscriptions/00000000-0000-0000-0000-000000000000/resourceGroups/clitest.rg000001/providers/Microsoft.AppConfiguration/configurationStores/MgmtTest000002?api-version=2019-02-01-preview
  response:
    body:
      string: ''
    headers:
      cache-control:
      - no-cache
      content-length:
      - '0'
      date:
      - Tue, 15 Oct 2019 17:13:14 GMT
      expires:
      - '-1'
      pragma:
      - no-cache
      server:
      - openresty/1.15.8.1
      strict-transport-security:
      - max-age=31536000; includeSubDomains
      x-content-type-options:
      - nosniff
      x-ms-ratelimit-remaining-subscription-deletes:
      - '14999'
    status:
      code: 200
      message: OK
version: 1
