interactions:
- request:
    body: '{"location": "eastus", "sku": {"name": "standard"}}'
    headers:
      Accept:
      - application/json
      Accept-Encoding:
      - gzip, deflate
      CommandName:
      - appconfig create
      Connection:
      - keep-alive
      Content-Length:
      - '51'
      Content-Type:
      - application/json; charset=utf-8
      ParameterSetName:
      - -n -g -l --sku
      User-Agent:
      - python/3.5.2 (Windows-10-10.0.18362-SP0) msrest/0.6.10 msrest_azure/0.6.2
        azure-mgmt-appconfiguration/0.3.0 Azure-SDK-For-Python AZURECLI/2.0.80
      accept-language:
      - en-US
    method: PUT
    uri: https://management.azure.com/subscriptions/00000000-0000-0000-0000-000000000000/resourceGroups/clitest.rg000001/providers/Microsoft.AppConfiguration/configurationStores/CredentialTest000002?api-version=2019-10-01
  response:
    body:
      string: '{"type":"Microsoft.AppConfiguration/configurationStores","properties":{"provisioningState":"Creating","creationDate":"2020-01-17T05:20:14.3075745+00:00","endpoint":"https://CredentialTest000002.azconfig.io"},"sku":null,"id":"/subscriptions/00000000-0000-0000-0000-000000000000/resourceGroups/clitest.rg000001/providers/Microsoft.AppConfiguration/configurationStores/CredentialTest000002","name":"CredentialTest000002","location":"eastus","tags":{}}'
    headers:
      azure-asyncoperation:
      - https://management.azure.com/subscriptions/00000000-0000-0000-0000-000000000000/providers/Microsoft.AppConfiguration/locations/eastus/operationsStatus/5e1ae9f5-434d-fee2-43c9-6d88a8010136?api-version=2019-10-01
      cache-control:
      - no-cache
      content-length:
      - '519'
      content-type:
      - application/json; charset=utf-8
      date:
      - Fri, 17 Jan 2020 05:20:13 GMT
      expires:
      - '-1'
      pragma:
      - no-cache
      server:
      - openresty/1.15.8.1
      strict-transport-security:
      - max-age=31536000; includeSubDomains
      x-content-type-options:
      - nosniff
      x-ms-ratelimit-remaining-subscription-writes:
      - '1198'
    status:
      code: 201
      message: Created
- request:
    body: null
    headers:
      Accept:
      - application/json
      Accept-Encoding:
      - gzip, deflate
      CommandName:
      - appconfig create
      Connection:
      - keep-alive
      ParameterSetName:
      - -n -g -l --sku
      User-Agent:
      - python/3.5.2 (Windows-10-10.0.18362-SP0) msrest/0.6.10 msrest_azure/0.6.2
        azure-mgmt-appconfiguration/0.3.0 Azure-SDK-For-Python AZURECLI/2.0.80
    method: GET
    uri: https://management.azure.com/subscriptions/00000000-0000-0000-0000-000000000000/providers/Microsoft.AppConfiguration/locations/eastus/operationsStatus/5e1ae9f5-434d-fee2-43c9-6d88a8010136?api-version=2019-10-01
  response:
    body:
      string: '{"id":"/subscriptions/00000000-0000-0000-0000-000000000000/providers/Microsoft.AppConfiguration/locations/eastus/operationsStatus/5e1ae9f5-434d-fee2-43c9-6d88a8010136","name":"5e1ae9f5-434d-fee2-43c9-6d88a8010136","status":"Succeeded","error":null}'
    headers:
      azure-asyncoperation:
      - https://management.azure.com/subscriptions/00000000-0000-0000-0000-000000000000/providers/Microsoft.AppConfiguration/locations/eastus/operationsStatus/5e1ae9f5-434d-fee2-43c9-6d88a8010136?api-version=2019-10-01
      cache-control:
      - no-cache
      content-length:
      - '248'
      content-type:
      - application/json; charset=utf-8
      date:
      - Fri, 17 Jan 2020 05:20:25 GMT
      expires:
      - '-1'
      pragma:
      - no-cache
      server:
      - openresty/1.15.8.1
      strict-transport-security:
      - max-age=31536000; includeSubDomains
      transfer-encoding:
      - chunked
      vary:
      - Accept-Encoding
      x-content-type-options:
      - nosniff
    status:
      code: 200
      message: OK
- request:
    body: null
    headers:
      Accept:
      - application/json
      Accept-Encoding:
      - gzip, deflate
      CommandName:
      - appconfig create
      Connection:
      - keep-alive
      ParameterSetName:
      - -n -g -l --sku
      User-Agent:
      - python/3.5.2 (Windows-10-10.0.18362-SP0) msrest/0.6.10 msrest_azure/0.6.2
        azure-mgmt-appconfiguration/0.3.0 Azure-SDK-For-Python AZURECLI/2.0.80
    method: GET
    uri: https://management.azure.com/subscriptions/00000000-0000-0000-0000-000000000000/resourceGroups/clitest.rg000001/providers/Microsoft.AppConfiguration/configurationStores/CredentialTest000002?api-version=2019-10-01
  response:
    body:
      string: '{"type":"Microsoft.AppConfiguration/configurationStores","properties":{"provisioningState":"Succeeded","creationDate":"2020-01-17T05:20:20+00:00","endpoint":"https://credentialtest4skiaqnws7.azconfig.io"},"sku":{"name":"standard"},"id":"/subscriptions/00000000-0000-0000-0000-000000000000/resourceGroups/clitest.rg000001/providers/Microsoft.AppConfiguration/configurationStores/credentialtest4skiaqnws7","name":"CredentialTest000002","location":"eastus","tags":{}}'
    headers:
      cache-control:
      - no-cache
      content-length:
      - '527'
      content-type:
      - application/json; charset=utf-8
      date:
      - Fri, 17 Jan 2020 05:20:25 GMT
      etag:
      - W/"03006807-0000-0100-0000-5e2144130000"
      expires:
      - '-1'
      pragma:
      - no-cache
      server:
      - openresty/1.15.8.1
      strict-transport-security:
      - max-age=31536000; includeSubDomains
      transfer-encoding:
      - chunked
      vary:
      - Accept-Encoding,Accept-Encoding
      x-content-type-options:
      - nosniff
    status:
      code: 200
      message: OK
- request:
    body: null
    headers:
      Accept:
      - application/json
      Accept-Encoding:
      - gzip, deflate
      CommandName:
      - appconfig credential list
      Connection:
      - keep-alive
      ParameterSetName:
      - -n -g
      User-Agent:
      - python/3.5.2 (Windows-10-10.0.18362-SP0) msrest/0.6.10 msrest_azure/0.6.2
        azure-mgmt-appconfiguration/0.3.0 Azure-SDK-For-Python AZURECLI/2.0.80
      accept-language:
      - en-US
    method: GET
    uri: https://management.azure.com/subscriptions/00000000-0000-0000-0000-000000000000/providers/Microsoft.AppConfiguration/configurationStores?api-version=2019-10-01
  response:
    body:
      string: '{"value":[{"type":"Microsoft.AppConfiguration/configurationStores","properties":{"provisioningState":"Succeeded","creationDate":"2019-08-05T21:07:46+00:00","endpoint":"https://appconfigteststorex1.azconfig.io"},"sku":{"name":"free"},"id":"/subscriptions/00000000-0000-0000-0000-000000000000/resourceGroups/appconfigtestx1/providers/Microsoft.AppConfiguration/configurationStores/appconfigteststorex1","name":"AppConfigTestStoreX1","location":"westcentralus","tags":{}},{"type":"Microsoft.AppConfiguration/configurationStores","properties":{"provisioningState":"Succeeded","creationDate":"2020-01-16T20:51:54+00:00","endpoint":"https://ernestt-test3.azconfig.io"},"sku":{"name":"free"},"id":"/subscriptions/00000000-0000-0000-0000-000000000000/resourceGroups/ernestt-test/providers/Microsoft.AppConfiguration/configurationStores/ernestt-test3","name":"ernestt-test3","location":"westcentralus","tags":{}},{"type":"Microsoft.AppConfiguration/configurationStores","properties":{"provisioningState":"Succeeded","creationDate":"2019-12-09T21:10:48+00:00","endpoint":"https://jiyujiyu.azconfig.io"},"sku":{"name":"standard"},"id":"/subscriptions/00000000-0000-0000-0000-000000000000/resourceGroups/jiyu-test/providers/Microsoft.AppConfiguration/configurationStores/jiyujiyu","name":"jiyujiyu","location":"westcentralus","tags":{"test":"test"}},{"type":"Microsoft.AppConfiguration/configurationStores","properties":{"provisioningState":"Succeeded","creationDate":"2019-06-13T17:35:52+00:00","endpoint":"https://mametcal-app-config.azconfig.io"},"sku":{"name":"free"},"id":"/subscriptions/00000000-0000-0000-0000-000000000000/resourceGroups/mametcal/providers/Microsoft.AppConfiguration/configurationStores/mametcal-app-config","name":"mametcal-app-config","location":"westcentralus","tags":{}},{"type":"Microsoft.AppConfiguration/configurationStores","properties":{"provisioningState":"Succeeded","creationDate":"2019-09-09T18:14:10+00:00","endpoint":"https://minint-appe4b4-coreprodwcus.azconfig.io"},"sku":{"name":"free"},"id":"/subscriptions/00000000-0000-0000-0000-000000000000/resourceGroups/runnerlocaldev-minint-appe4b4-corergprodwcus/providers/Microsoft.AppConfiguration/configurationStores/minint-appe4b4-coreprodwcus","name":"MININT-APPE4B4-CoreProdWCUS","location":"westcentralus","tags":{}},{"type":"Microsoft.AppConfiguration/configurationStores","properties":{"provisioningState":"Succeeded","creationDate":"2019-09-30T18:25:23+00:00","endpoint":"https://recao9301.azconfig.io"},"sku":{"name":"free"},"id":"/subscriptions/00000000-0000-0000-0000-000000000000/resourceGroups/recao/providers/Microsoft.AppConfiguration/configurationStores/recao9301","name":"recao9301","location":"westcentralus","tags":{}},{"type":"Microsoft.AppConfiguration/configurationStores","properties":{"provisioningState":"Succeeded","creationDate":"2019-08-06T20:23:35+00:00","endpoint":"https://secondsource.azconfig.io"},"sku":{"name":"free"},"id":"/subscriptions/00000000-0000-0000-0000-000000000000/resourceGroups/mametcal/providers/Microsoft.AppConfiguration/configurationStores/secondsource","name":"SecondSource","location":"westcentralus","tags":{}},{"type":"Microsoft.AppConfiguration/configurationStores","properties":{"provisioningState":"Succeeded","creationDate":"2019-04-23T22:34:56+00:00","endpoint":"https://shuaiwcs.azconfig.io"},"sku":{"name":"free"},"id":"/subscriptions/00000000-0000-0000-0000-000000000000/resourceGroups/shuawan/providers/Microsoft.AppConfiguration/configurationStores/shuaiwcs","name":"shuaiwcs","location":"westcentralus","tags":{}},{"type":"Microsoft.AppConfiguration/configurationStores","properties":{"provisioningState":"Succeeded","creationDate":"2019-05-06T22:52:03+00:00","endpoint":"https://vijay-app-config.azconfig.io"},"sku":{"name":"free"},"id":"/subscriptions/00000000-0000-0000-0000-000000000000/resourceGroups/vijay-test/providers/Microsoft.AppConfiguration/configurationStores/vijay-app-config","name":"vijay-app-config","location":"westcentralus","tags":{}},{"type":"Microsoft.AppConfiguration/configurationStores","properties":{"provisioningState":"Succeeded","creationDate":"2019-09-12T18:54:38+00:00","endpoint":"https://xuxu1.azconfig.io"},"sku":{"name":"free"},"id":"/subscriptions/00000000-0000-0000-0000-000000000000/resourceGroups/runnerlocaldev-minint-appe4b4-targetrgformovetestprodwus/providers/Microsoft.AppConfiguration/configurationStores/xuxu1","name":"xuxu1","location":"westcentralus","tags":{}},{"type":"Microsoft.AppConfiguration/configurationStores","properties":{"provisioningState":"Succeeded","creationDate":"2019-02-12T21:35:04+00:00","endpoint":"https://eventgridteststonexuxu1.azconfig.io"},"sku":{"name":"free"},"id":"/subscriptions/00000000-0000-0000-0000-000000000000/resourceGroups/eventgridtestxuxu1/providers/Microsoft.AppConfiguration/configurationStores/eventgridteststonexuxu1","name":"EventGridTestStoneXuxu1","location":"centralus","tags":{}},{"type":"Microsoft.AppConfiguration/configurationStores","properties":{"provisioningState":"Succeeded","creationDate":"2019-05-31T18:07:37+00:00","endpoint":"https://jimmyca-cus-appconfig.azconfig.io"},"sku":{"name":"free"},"id":"/subscriptions/00000000-0000-0000-0000-000000000000/resourceGroups/jimmyca-wus/providers/Microsoft.AppConfiguration/configurationStores/jimmyca-cus-appconfig","name":"jimmyca-cus-appconfig","location":"centralus","tags":{}},{"type":"Microsoft.AppConfiguration/configurationStores","properties":{"provisioningState":"Succeeded","creationDate":"2019-11-14T21:05:52+00:00","endpoint":"https://justademo.azconfig.io"},"sku":{"name":"free"},"id":"/subscriptions/00000000-0000-0000-0000-000000000000/resourceGroups/azcfg-demo/providers/Microsoft.AppConfiguration/configurationStores/justademo","name":"justademo","location":"centralus","tags":{}},{"type":"Microsoft.AppConfiguration/configurationStores","properties":{"provisioningState":"Succeeded","creationDate":"2019-04-04T23:20:06+00:00","endpoint":"https://msitest.azconfig.io"},"sku":{"name":"free"},"id":"/subscriptions/00000000-0000-0000-0000-000000000000/resourceGroups/eventgridtestxuxu1/providers/Microsoft.AppConfiguration/configurationStores/msitest","name":"msitest","location":"centralus","tags":{}},{"type":"Microsoft.AppConfiguration/configurationStores","properties":{"provisioningState":"Succeeded","creationDate":"2019-11-13T18:48:23+00:00","endpoint":"https://my-store.azconfig.io"},"sku":{"name":"standard"},"id":"/subscriptions/00000000-0000-0000-0000-000000000000/resourceGroups/jiyu-test/providers/Microsoft.AppConfiguration/configurationStores/my-store","name":"MY-Store","location":"centralus","tags":{}},{"type":"Microsoft.AppConfiguration/configurationStores","properties":{"provisioningState":"Succeeded","creationDate":"2019-11-13T19:23:15+00:00","endpoint":"https://my-store1.azconfig.io"},"sku":{"name":"standard"},"id":"/subscriptions/00000000-0000-0000-0000-000000000000/resourceGroups/jiyu-test/providers/Microsoft.AppConfiguration/configurationStores/my-store1","name":"My-Store1","location":"centralus","tags":{}},{"type":"Microsoft.AppConfiguration/configurationStores","properties":{"provisioningState":"Succeeded","creationDate":"2019-09-16T23:11:39+00:00","endpoint":"https://recao-916.azconfig.io"},"sku":{"name":"free"},"id":"/subscriptions/00000000-0000-0000-0000-000000000000/resourceGroups/recao/providers/Microsoft.AppConfiguration/configurationStores/recao-916","name":"recao-916","location":"centralus","tags":{}},{"type":"Microsoft.AppConfiguration/configurationStores","properties":{"provisioningState":"Succeeded","creationDate":"2019-06-21T20:51:20+00:00","endpoint":"https://recao-test-621.azconfig.io"},"sku":{"name":"free"},"id":"/subscriptions/00000000-0000-0000-0000-000000000000/resourceGroups/recao/providers/Microsoft.AppConfiguration/configurationStores/recao-test-621","name":"recao-test-621","location":"centralus","tags":{}},{"type":"Microsoft.AppConfiguration/configurationStores","properties":{"provisioningState":"Succeeded","creationDate":"2019-09-17T15:06:22+00:00","endpoint":"https://recao1.azconfig.io"},"sku":{"name":"free"},"id":"/subscriptions/00000000-0000-0000-0000-000000000000/resourceGroups/recao/providers/Microsoft.AppConfiguration/configurationStores/recao1","name":"recao1","location":"centralus","tags":{}},{"type":"Microsoft.AppConfiguration/configurationStores","properties":{"provisioningState":"Succeeded","creationDate":"2019-06-10T17:49:24+00:00","endpoint":"https://yijiacus.azconfig.io"},"sku":{"name":"free"},"id":"/subscriptions/00000000-0000-0000-0000-000000000000/resourceGroups/yijia/providers/Microsoft.AppConfiguration/configurationStores/yijiacus","name":"yijiacus","location":"centralus","tags":{}},{"type":"Microsoft.AppConfiguration/configurationStores","properties":{"provisioningState":"Succeeded","creationDate":"2019-03-14T18:43:22+00:00","endpoint":"https://yijiahahahaha.azconfig.io"},"sku":{"name":"free"},"id":"/subscriptions/00000000-0000-0000-0000-000000000000/resourceGroups/yijia/providers/Microsoft.AppConfiguration/configurationStores/yijiahahahaha","name":"yijiahahahaha","location":"centralus","tags":{}},{"type":"Microsoft.AppConfiguration/configurationStores","properties":{"provisioningState":"Succeeded","creationDate":"2019-10-25T18:47:53+00:00","endpoint":"https://appconfigstore.azconfig.io"},"sku":{"name":"free"},"id":"/subscriptions/00000000-0000-0000-0000-000000000000/resourceGroups/reservedappconfigstores/providers/Microsoft.AppConfiguration/configurationStores/appconfigstore","name":"AppConfigStore","location":"westus","tags":{}},{"type":"Microsoft.AppConfiguration/configurationStores","properties":{"provisioningState":"Succeeded","creationDate":"2019-02-07T19:09:14+00:00","endpoint":"https://appconfigteststorexuxu1.azconfig.io"},"sku":{"name":"free"},"id":"/subscriptions/00000000-0000-0000-0000-000000000000/resourceGroups/appconfigtestxuxu1/providers/Microsoft.AppConfiguration/configurationStores/appconfigteststorexuxu1","name":"AppConfigTestStoreXuxu1","location":"westus","tags":{}},{"type":"Microsoft.AppConfiguration/configurationStores","properties":{"provisioningState":"Succeeded","creationDate":"2019-10-25T18:47:27+00:00","endpoint":"https://appconfigurationstore.azconfig.io"},"sku":{"name":"free"},"id":"/subscriptions/00000000-0000-0000-0000-000000000000/resourceGroups/reservedappconfigstores/providers/Microsoft.AppConfiguration/configurationStores/appconfigurationstore","name":"AppConfigurationStore","location":"westus","tags":{}},{"type":"Microsoft.AppConfiguration/configurationStores","properties":{"provisioningState":"Succeeded","creationDate":"2019-07-08T17:49:46+00:00","endpoint":"https://clitest2019.azconfig.io"},"sku":{"name":"free"},"id":"/subscriptions/00000000-0000-0000-0000-000000000000/resourceGroups/shuawan/providers/Microsoft.AppConfiguration/configurationStores/clitest2019","name":"clitest2019","location":"westus","tags":{}},{"type":"Microsoft.AppConfiguration/configurationStores","properties":{"provisioningState":"Succeeded","creationDate":"2018-11-30T04:05:08+00:00","endpoint":"https://configbuilderdemo.azconfig.io"},"sku":{"name":"free"},"id":"/subscriptions/00000000-0000-0000-0000-000000000000/resourceGroups/appconfigloadtestrg/providers/Microsoft.AppConfiguration/configurationStores/configbuilderdemo","name":"ConfigBuilderDemo","location":"westus","tags":{}},{"type":"Microsoft.AppConfiguration/configurationStores","properties":{"provisioningState":"Succeeded","creationDate":"2019-10-03T17:04:49+00:00","endpoint":"https://configstore-delete.azconfig.io"},"sku":{"name":"free"},"id":"/subscriptions/00000000-0000-0000-0000-000000000000/resourceGroups/jimmyca-wus/providers/Microsoft.AppConfiguration/configurationStores/configstore-delete","name":"configstore-delete","location":"westus","tags":{}},{"type":"Microsoft.AppConfiguration/configurationStores","properties":{"provisioningState":"Succeeded","creationDate":"2019-02-25T18:52:34+00:00","endpoint":"https://configstoredemo.azconfig.io"},"sku":{"name":"free"},"id":"/subscriptions/00000000-0000-0000-0000-000000000000/resourceGroups/azcfg-demo/providers/Microsoft.AppConfiguration/configurationStores/configstoredemo","name":"ConfigStoreDemo","location":"westus","tags":{}},{"type":"Microsoft.AppConfiguration/configurationStores","properties":{"provisioningState":"Succeeded","creationDate":"2020-01-08T21:18:22+00:00","endpoint":"https://dotnetprovider-test.azconfig.io"},"sku":{"name":"free"},"id":"/subscriptions/00000000-0000-0000-0000-000000000000/resourceGroups/azconfig-test-infrastructure/providers/Microsoft.AppConfiguration/configurationStores/dotnetprovider-test","name":"dotnetprovider-test","location":"westus","tags":{}},{"type":"Microsoft.AppConfiguration/configurationStores","properties":{"provisioningState":"Succeeded","creationDate":"2019-11-11T21:43:12+00:00","endpoint":"https://ernestt-github-sync.azconfig.io"},"sku":{"name":"free"},"id":"/subscriptions/00000000-0000-0000-0000-000000000000/resourceGroups/ernestt-demo/providers/Microsoft.AppConfiguration/configurationStores/ernestt-github-sync","name":"ernestt-github-sync","location":"westus","tags":{}},{"type":"Microsoft.AppConfiguration/configurationStores","properties":{"provisioningState":"Succeeded","creationDate":"2019-11-06T21:37:41+00:00","endpoint":"https://ernestt-sync.azconfig.io"},"sku":{"name":"free"},"id":"/subscriptions/00000000-0000-0000-0000-000000000000/resourceGroups/ernestt-test/providers/Microsoft.AppConfiguration/configurationStores/ernestt-sync","name":"ernestt-sync","location":"westus","tags":{}},{"type":"Microsoft.AppConfiguration/configurationStores","properties":{"provisioningState":"Succeeded","creationDate":"2019-09-27T20:09:40+00:00","endpoint":"https://ernestt-test1.azconfig.io"},"sku":{"name":"free"},"id":"/subscriptions/00000000-0000-0000-0000-000000000000/resourceGroups/ernestt-test/providers/Microsoft.AppConfiguration/configurationStores/ernestt-test1","name":"ernestt-test1","location":"westus","tags":{}},{"type":"Microsoft.AppConfiguration/configurationStores","properties":{"provisioningState":"Succeeded","creationDate":"2019-09-05T00:02:55+00:00","endpoint":"https://eventgridpowerbi.azconfig.io"},"sku":{"name":"free"},"id":"/subscriptions/00000000-0000-0000-0000-000000000000/resourceGroups/xuxu-test/providers/Microsoft.AppConfiguration/configurationStores/eventgridpowerbi","name":"eventgridpowerbi","location":"westus","tags":{}},{"type":"Microsoft.AppConfiguration/configurationStores","properties":{"provisioningState":"Succeeded","creationDate":"2019-10-25T18:43:44+00:00","endpoint":"https://example.azconfig.io"},"sku":{"name":"free"},"id":"/subscriptions/00000000-0000-0000-0000-000000000000/resourceGroups/reservedappconfigstores/providers/Microsoft.AppConfiguration/configurationStores/example","name":"example","location":"westus","tags":{}},{"type":"Microsoft.AppConfiguration/configurationStores","properties":{"provisioningState":"Succeeded","creationDate":"2019-09-05T01:54:39+00:00","endpoint":"https://firstappconfig.azconfig.io"},"sku":{"name":"free"},"id":"/subscriptions/00000000-0000-0000-0000-000000000000/resourceGroups/avgupta-general-testing/providers/Microsoft.AppConfiguration/configurationStores/firstappconfig","name":"FirstAppConfig","location":"westus","tags":{}},{"type":"Microsoft.AppConfiguration/configurationStores","properties":{"provisioningState":"Succeeded","creationDate":"2019-02-12T08:30:46+00:00","endpoint":"https://garywang-create.azconfig.io"},"sku":{"name":"free"},"id":"/subscriptions/00000000-0000-0000-0000-000000000000/resourceGroups/garywangdemo/providers/Microsoft.AppConfiguration/configurationStores/garywang-create","name":"garywang-create","location":"westus","tags":{}},{"type":"Microsoft.AppConfiguration/configurationStores","properties":{"provisioningState":"Succeeded","creationDate":"2018-08-21T07:04:28+00:00","endpoint":"https://garywang-demo-store.azconfig.io"},"sku":{"name":"free"},"id":"/subscriptions/00000000-0000-0000-0000-000000000000/resourceGroups/garywangdemo/providers/Microsoft.AppConfiguration/configurationStores/garywang-demo-store","name":"garywang-demo-store","location":"westus","tags":{"123":"456","789":"000"}},{"type":"Microsoft.AppConfiguration/configurationStores","properties":{"provisioningState":"Succeeded","creationDate":"2019-02-15T20:37:33+00:00","endpoint":"https://garywang-new.azconfig.io"},"sku":{"name":"free"},"id":"/subscriptions/00000000-0000-0000-0000-000000000000/resourceGroups/garywangdemo/providers/Microsoft.AppConfiguration/configurationStores/garywang-new","name":"garywang-new","location":"westus","tags":{}},{"type":"Microsoft.AppConfiguration/configurationStores","properties":{"provisioningState":"Succeeded","creationDate":"2019-10-30T23:38:21+00:00","endpoint":"https://garywang10.azconfig.io"},"sku":{"name":"free"},"id":"/subscriptions/00000000-0000-0000-0000-000000000000/resourceGroups/garywangdemo/providers/Microsoft.AppConfiguration/configurationStores/garywang10","name":"garywang10","location":"westus","tags":{}},{"type":"Microsoft.AppConfiguration/configurationStores","properties":{"provisioningState":"Succeeded","creationDate":"2019-10-07T20:22:06+00:00","endpoint":"https://importexporttest.azconfig.io"},"sku":{"name":"free"},"id":"/subscriptions/00000000-0000-0000-0000-000000000000/resourceGroups/avgupta-feature-management/providers/Microsoft.AppConfiguration/configurationStores/importexporttest","name":"ImportExportTest","location":"westus","tags":{}},{"type":"Microsoft.AppConfiguration/configurationStores","properties":{"provisioningState":"Succeeded","creationDate":"2019-02-20T19:44:43+00:00","endpoint":"https://jimmyca-wus-appconfig.azconfig.io"},"sku":{"name":"free"},"id":"/subscriptions/00000000-0000-0000-0000-000000000000/resourceGroups/jimmyca-wus/providers/Microsoft.AppConfiguration/configurationStores/jimmyca-wus-appconfig","name":"jimmyca-wus-appconfig","location":"westus","tags":{}},{"type":"Microsoft.AppConfiguration/configurationStores","properties":{"provisioningState":"Succeeded","creationDate":"2019-11-07T18:45:10+00:00","endpoint":"https://jiyu-store.azconfig.io"},"sku":{"name":"standard"},"id":"/subscriptions/00000000-0000-0000-0000-000000000000/resourceGroups/jiyu/providers/Microsoft.AppConfiguration/configurationStores/jiyu-store","name":"JIYU-stORE","location":"westus","tags":{}},{"type":"Microsoft.AppConfiguration/configurationStores","properties":{"provisioningState":"Succeeded","creationDate":"2019-10-03T00:48:41+00:00","endpoint":"https://jiyu-test1.azconfig.io"},"sku":{"name":"free"},"id":"/subscriptions/00000000-0000-0000-0000-000000000000/resourceGroups/jiyu/providers/Microsoft.AppConfiguration/configurationStores/jiyu-test1","name":"jiyu-test1","location":"westus","tags":{}},{"type":"Microsoft.AppConfiguration/configurationStores","properties":{"provisioningState":"Succeeded","creationDate":"2020-01-16T00:05:20+00:00","endpoint":"https://jiyutest.azconfig.io"},"sku":{"name":"free"},"id":"/subscriptions/00000000-0000-0000-0000-000000000000/resourceGroups/jiyu/providers/Microsoft.AppConfiguration/configurationStores/jiyutest","name":"jiyutest","location":"westus","tags":{}},{"type":"Microsoft.AppConfiguration/configurationStores","properties":{"provisioningState":"Succeeded","creationDate":"2019-10-02T21:41:07+00:00","endpoint":"https://minint-appe4b4-funcprodwus-2019-10-02--21-41-03-48.azconfig.io"},"sku":{"name":"free"},"id":"/subscriptions/00000000-0000-0000-0000-000000000000/resourceGroups/runnerlocaldev-minint-appe4b4-funcrgprodwus/providers/Microsoft.AppConfiguration/configurationStores/minint-appe4b4-funcprodwus-2019-10-02--21-41-03-48","name":"MININT-APPE4B4-FuncProdWUS-2019-10-02--21-41-03-48","location":"westus","tags":{}},{"type":"Microsoft.AppConfiguration/configurationStores","properties":{"provisioningState":"Succeeded","creationDate":"2019-10-02T21:46:06+00:00","endpoint":"https://minint-appe4b4-funcprodwus-2019-10-02--21-46-03-44.azconfig.io"},"sku":{"name":"free"},"id":"/subscriptions/00000000-0000-0000-0000-000000000000/resourceGroups/runnerlocaldev-minint-appe4b4-funcrgprodwus/providers/Microsoft.AppConfiguration/configurationStores/minint-appe4b4-funcprodwus-2019-10-02--21-46-03-44","name":"MININT-APPE4B4-FuncProdWUS-2019-10-02--21-46-03-44","location":"westus","tags":{}},{"type":"Microsoft.AppConfiguration/configurationStores","properties":{"provisioningState":"Succeeded","creationDate":"2019-10-02T21:51:06+00:00","endpoint":"https://minint-appe4b4-funcprodwus-2019-10-02--21-51-03-42.azconfig.io"},"sku":{"name":"free"},"id":"/subscriptions/00000000-0000-0000-0000-000000000000/resourceGroups/runnerlocaldev-minint-appe4b4-funcrgprodwus/providers/Microsoft.AppConfiguration/configurationStores/minint-appe4b4-funcprodwus-2019-10-02--21-51-03-42","name":"MININT-APPE4B4-FuncProdWUS-2019-10-02--21-51-03-42","location":"westus","tags":{}},{"type":"Microsoft.AppConfiguration/configurationStores","properties":{"provisioningState":"Succeeded","creationDate":"2019-10-17T22:36:17+00:00","endpoint":"https://minint-appe4b4-funcprodwus-2019-10-17--22-36-02-05.azconfig.io"},"sku":{"name":"free"},"id":"/subscriptions/00000000-0000-0000-0000-000000000000/resourceGroups/runnerlocaldev-minint-appe4b4-funcrgprodwus/providers/Microsoft.AppConfiguration/configurationStores/minint-appe4b4-funcprodwus-2019-10-17--22-36-02-05","name":"MININT-APPE4B4-FuncProdWUS-2019-10-17--22-36-02-05","location":"westus","tags":{}},{"type":"Microsoft.AppConfiguration/configurationStores","properties":{"provisioningState":"Succeeded","creationDate":"2019-10-17T22:39:33+00:00","endpoint":"https://minint-appe4b4-funcprodwus-2019-10-17--22-39-24-15.azconfig.io"},"sku":{"name":"free"},"id":"/subscriptions/00000000-0000-0000-0000-000000000000/resourceGroups/runnerlocaldev-minint-appe4b4-funcrgprodwus/providers/Microsoft.AppConfiguration/configurationStores/minint-appe4b4-funcprodwus-2019-10-17--22-39-24-15","name":"MININT-APPE4B4-FuncProdWUS-2019-10-17--22-39-24-15","location":"westus","tags":{}},{"type":"Microsoft.AppConfiguration/configurationStores","properties":{"provisioningState":"Succeeded","creationDate":"2019-10-17T22:41:13+00:00","endpoint":"https://minint-appe4b4-funcprodwus-2019-10-17--22-41-04-11.azconfig.io"},"sku":{"name":"free"},"id":"/subscriptions/00000000-0000-0000-0000-000000000000/resourceGroups/runnerlocaldev-minint-appe4b4-funcrgprodwus/providers/Microsoft.AppConfiguration/configurationStores/minint-appe4b4-funcprodwus-2019-10-17--22-41-04-11","name":"MININT-APPE4B4-FuncProdWUS-2019-10-17--22-41-04-11","location":"westus","tags":{}},{"type":"Microsoft.AppConfiguration/configurationStores","properties":{"provisioningState":"Succeeded","creationDate":"2019-10-17T22:42:34+00:00","endpoint":"https://minint-appe4b4-funcprodwus-2019-10-17--22-42-30-44.azconfig.io"},"sku":{"name":"free"},"id":"/subscriptions/00000000-0000-0000-0000-000000000000/resourceGroups/runnerlocaldev-minint-appe4b4-funcrgprodwus/providers/Microsoft.AppConfiguration/configurationStores/minint-appe4b4-funcprodwus-2019-10-17--22-42-30-44","name":"MININT-APPE4B4-FuncProdWUS-2019-10-17--22-42-30-44","location":"westus","tags":{}},{"type":"Microsoft.AppConfiguration/configurationStores","properties":{"provisioningState":"Succeeded","creationDate":"2019-10-18T00:10:30+00:00","endpoint":"https://minint-appe4b4-funcprodwus-2019-10-18--00-10-20-37.azconfig.io"},"sku":{"name":"free"},"id":"/subscriptions/00000000-0000-0000-0000-000000000000/resourceGroups/runnerlocaldev-minint-appe4b4-funcrgprodwus/providers/Microsoft.AppConfiguration/configurationStores/minint-appe4b4-funcprodwus-2019-10-18--00-10-20-37","name":"MININT-APPE4B4-FuncProdWUS-2019-10-18--00-10-20-37","location":"westus","tags":{}},{"type":"Microsoft.AppConfiguration/configurationStores","identity":{"type":"SystemAssigned,
        UserAssigned","userAssignedIdentities":{"/subscriptions/00000000-0000-0000-0000-000000000000/resourceGroups/RunnerGlobal/providers/Microsoft.ManagedIdentity/userAssignedIdentities/RunnerIdentity":{"principalId":"d727fee8-86ce-47e5-8332-3c96d87e1346","clientId":"bade4c6b-6fe0-455e-bd11-3b6a7d6b8381"}},"principalId":"253bf5f6-0248-4ee4-9d7b-5737d646147f","tenantId":"72f988bf-86f1-41af-91ab-2d7cd011db47"},"properties":{"provisioningState":"Succeeded","creationDate":"2019-10-29T21:04:12+00:00","endpoint":"https://minint-appe4b4-funcprodwus-2019-10-29--21-04-00-90.azconfig.io"},"sku":{"name":"standard"},"id":"/subscriptions/00000000-0000-0000-0000-000000000000/resourceGroups/runnerlocaldev-minint-appe4b4-funcrgprodwus/providers/Microsoft.AppConfiguration/configurationStores/minint-appe4b4-funcprodwus-2019-10-29--21-04-00-90","name":"MININT-APPE4B4-FuncProdWUS-2019-10-29--21-04-00-90","location":"westus","tags":{}},{"type":"Microsoft.AppConfiguration/configurationStores","properties":{"provisioningState":"Succeeded","creationDate":"2019-10-29T21:08:32+00:00","endpoint":"https://minint-appe4b4-funcprodwus-2019-10-29--21-08-22-36.azconfig.io"},"sku":{"name":"standard"},"id":"/subscriptions/00000000-0000-0000-0000-000000000000/resourceGroups/runnerlocaldev-minint-appe4b4-funcrgprodwus/providers/Microsoft.AppConfiguration/configurationStores/minint-appe4b4-funcprodwus-2019-10-29--21-08-22-36","name":"MININT-APPE4B4-FuncProdWUS-2019-10-29--21-08-22-36","location":"westus","tags":{}},{"type":"Microsoft.AppConfiguration/configurationStores","identity":{"type":"SystemAssigned,
        UserAssigned","userAssignedIdentities":{"/subscriptions/00000000-0000-0000-0000-000000000000/resourceGroups/RunnerGlobal/providers/Microsoft.ManagedIdentity/userAssignedIdentities/RunnerIdentity":{"principalId":"d727fee8-86ce-47e5-8332-3c96d87e1346","clientId":"bade4c6b-6fe0-455e-bd11-3b6a7d6b8381"}},"principalId":"c9c64ebd-5abd-4180-b0a7-eda3c2f54364","tenantId":"72f988bf-86f1-41af-91ab-2d7cd011db47"},"properties":{"provisioningState":"Succeeded","creationDate":"2019-11-01T23:58:10+00:00","endpoint":"https://minint-appe4b4-funcprodwus-2019-11-01--23-58-06-52.azconfig.io"},"sku":{"name":"standard"},"id":"/subscriptions/00000000-0000-0000-0000-000000000000/resourceGroups/runnerlocaldev-minint-appe4b4-funcrgprodwus/providers/Microsoft.AppConfiguration/configurationStores/minint-appe4b4-funcprodwus-2019-11-01--23-58-06-52","name":"MININT-APPE4B4-FuncProdWUS-2019-11-01--23-58-06-52","location":"westus","tags":{}},{"type":"Microsoft.AppConfiguration/configurationStores","identity":{"type":"SystemAssigned,
        UserAssigned","userAssignedIdentities":{"/subscriptions/00000000-0000-0000-0000-000000000000/resourceGroups/RunnerGlobal/providers/Microsoft.ManagedIdentity/userAssignedIdentities/RunnerIdentity":{"principalId":"d727fee8-86ce-47e5-8332-3c96d87e1346","clientId":"bade4c6b-6fe0-455e-bd11-3b6a7d6b8381"}},"principalId":"6be0bac9-5f74-4a63-99bd-5457f8f3a1e3","tenantId":"72f988bf-86f1-41af-91ab-2d7cd011db47"},"properties":{"provisioningState":"Succeeded","creationDate":"2019-11-02T00:02:09+00:00","endpoint":"https://minint-appe4b4-funcprodwus-2019-11-02--00-01-54-32.azconfig.io"},"sku":{"name":"standard"},"id":"/subscriptions/00000000-0000-0000-0000-000000000000/resourceGroups/runnerlocaldev-minint-appe4b4-funcrgprodwus/providers/Microsoft.AppConfiguration/configurationStores/minint-appe4b4-funcprodwus-2019-11-02--00-01-54-32","name":"MININT-APPE4B4-FuncProdWUS-2019-11-02--00-01-54-32","location":"westus","tags":{}},{"type":"Microsoft.AppConfiguration/configurationStores","identity":{"type":"SystemAssigned,
        UserAssigned","userAssignedIdentities":{"/subscriptions/00000000-0000-0000-0000-000000000000/resourceGroups/RunnerGlobal/providers/Microsoft.ManagedIdentity/userAssignedIdentities/RunnerIdentity":{"principalId":"d727fee8-86ce-47e5-8332-3c96d87e1346","clientId":"bade4c6b-6fe0-455e-bd11-3b6a7d6b8381"}},"principalId":"b48046d5-8439-4dc4-8053-7e03e7d423a1","tenantId":"72f988bf-86f1-41af-91ab-2d7cd011db47"},"properties":{"provisioningState":"Succeeded","creationDate":"2019-11-02T00:05:26+00:00","endpoint":"https://minint-appe4b4-funcprodwus-2019-11-02--00-05-21-31.azconfig.io"},"sku":{"name":"standard"},"id":"/subscriptions/00000000-0000-0000-0000-000000000000/resourceGroups/runnerlocaldev-minint-appe4b4-funcrgprodwus/providers/Microsoft.AppConfiguration/configurationStores/minint-appe4b4-funcprodwus-2019-11-02--00-05-21-31","name":"MININT-APPE4B4-FuncProdWUS-2019-11-02--00-05-21-31","location":"westus","tags":{}},{"type":"Microsoft.AppConfiguration/configurationStores","properties":{"provisioningState":"Succeeded","creationDate":"2019-11-02T00:09:26+00:00","endpoint":"https://minint-appe4b4-funcprodwus-2019-11-02--00-09-16-34.azconfig.io"},"sku":{"name":"standard"},"id":"/subscriptions/00000000-0000-0000-0000-000000000000/resourceGroups/runnerlocaldev-minint-appe4b4-funcrgprodwus/providers/Microsoft.AppConfiguration/configurationStores/minint-appe4b4-funcprodwus-2019-11-02--00-09-16-34","name":"MININT-APPE4B4-FuncProdWUS-2019-11-02--00-09-16-34","location":"westus","tags":{}},{"type":"Microsoft.AppConfiguration/configurationStores","identity":{"type":"SystemAssigned,
        UserAssigned","userAssignedIdentities":{"/subscriptions/00000000-0000-0000-0000-000000000000/resourceGroups/RunnerGlobal/providers/Microsoft.ManagedIdentity/userAssignedIdentities/RunnerIdentity":{"principalId":"d727fee8-86ce-47e5-8332-3c96d87e1346","clientId":"bade4c6b-6fe0-455e-bd11-3b6a7d6b8381"}},"principalId":"2979c19a-6b1a-427a-abd7-8d4d638fcde3","tenantId":"72f988bf-86f1-41af-91ab-2d7cd011db47"},"properties":{"provisioningState":"Succeeded","creationDate":"2019-11-02T01:02:47+00:00","endpoint":"https://minint-appe4b4-funcprodwus-2019-11-02--01-02-31-51.azconfig.io"},"sku":{"name":"standard"},"id":"/subscriptions/00000000-0000-0000-0000-000000000000/resourceGroups/runnerlocaldev-minint-appe4b4-funcrgprodwus/providers/Microsoft.AppConfiguration/configurationStores/minint-appe4b4-funcprodwus-2019-11-02--01-02-31-51","name":"MININT-APPE4B4-FuncProdWUS-2019-11-02--01-02-31-51","location":"westus","tags":{}},{"type":"Microsoft.AppConfiguration/configurationStores","identity":{"type":"SystemAssigned,
        UserAssigned","userAssignedIdentities":{"/subscriptions/00000000-0000-0000-0000-000000000000/resourceGroups/RunnerGlobal/providers/Microsoft.ManagedIdentity/userAssignedIdentities/RunnerIdentity":{"principalId":"d727fee8-86ce-47e5-8332-3c96d87e1346","clientId":"bade4c6b-6fe0-455e-bd11-3b6a7d6b8381"}},"principalId":"e11b33aa-d362-4e48-b599-ce69897412d4","tenantId":"72f988bf-86f1-41af-91ab-2d7cd011db47"},"properties":{"provisioningState":"Succeeded","creationDate":"2019-11-02T01:05:44+00:00","endpoint":"https://minint-appe4b4-funcprodwus-2019-11-02--01-05-35-46.azconfig.io"},"sku":{"name":"standard"},"id":"/subscriptions/00000000-0000-0000-0000-000000000000/resourceGroups/runnerlocaldev-minint-appe4b4-funcrgprodwus/providers/Microsoft.AppConfiguration/configurationStores/minint-appe4b4-funcprodwus-2019-11-02--01-05-35-46","name":"MININT-APPE4B4-FuncProdWUS-2019-11-02--01-05-35-46","location":"westus","tags":{}},{"type":"Microsoft.AppConfiguration/configurationStores","properties":{"provisioningState":"Succeeded","creationDate":"2019-11-04T21:08:15+00:00","endpoint":"https://minint-appe4b4-funcprodwus-2019-11-04--21-08-10-24.azconfig.io"},"sku":{"name":"standard"},"id":"/subscriptions/00000000-0000-0000-0000-000000000000/resourceGroups/runnerlocaldev-minint-appe4b4-funcrgprodwus/providers/Microsoft.AppConfiguration/configurationStores/minint-appe4b4-funcprodwus-2019-11-04--21-08-10-24","name":"MININT-APPE4B4-FuncProdWUS-2019-11-04--21-08-10-24","location":"westus","tags":{}},{"type":"Microsoft.AppConfiguration/configurationStores","properties":{"provisioningState":"Succeeded","creationDate":"2019-11-04T21:10:13+00:00","endpoint":"https://minint-appe4b4-funcprodwus-2019-11-04--21-10-03-85.azconfig.io"},"sku":{"name":"standard"},"id":"/subscriptions/00000000-0000-0000-0000-000000000000/resourceGroups/runnerlocaldev-minint-appe4b4-funcrgprodwus/providers/Microsoft.AppConfiguration/configurationStores/minint-appe4b4-funcprodwus-2019-11-04--21-10-03-85","name":"MININT-APPE4B4-FuncProdWUS-2019-11-04--21-10-03-85","location":"westus","tags":{}},{"type":"Microsoft.AppConfiguration/configurationStores","identity":{"type":"SystemAssigned,
        UserAssigned","userAssignedIdentities":{"/subscriptions/00000000-0000-0000-0000-000000000000/resourceGroups/RunnerGlobal/providers/Microsoft.ManagedIdentity/userAssignedIdentities/RunnerIdentity":{"principalId":"d727fee8-86ce-47e5-8332-3c96d87e1346","clientId":"bade4c6b-6fe0-455e-bd11-3b6a7d6b8381"}},"principalId":"d3cc05e6-d490-4bc6-a936-2b85b74d0a20","tenantId":"72f988bf-86f1-41af-91ab-2d7cd011db47"},"properties":{"provisioningState":"Succeeded","creationDate":"2019-11-07T01:32:57+00:00","endpoint":"https://minint-appe4b4-funcprodwus-2019-11-07--01-32-52-78.azconfig.io"},"sku":{"name":"standard"},"id":"/subscriptions/00000000-0000-0000-0000-000000000000/resourceGroups/runnerlocaldev-minint-appe4b4-funcrgprodwus/providers/Microsoft.AppConfiguration/configurationStores/minint-appe4b4-funcprodwus-2019-11-07--01-32-52-78","name":"MININT-APPE4B4-FuncProdWUS-2019-11-07--01-32-52-78","location":"westus","tags":{}},{"type":"Microsoft.AppConfiguration/configurationStores","identity":{"type":"SystemAssigned,
        UserAssigned","userAssignedIdentities":{"/subscriptions/00000000-0000-0000-0000-000000000000/resourceGroups/RunnerGlobal/providers/Microsoft.ManagedIdentity/userAssignedIdentities/RunnerIdentity":{"principalId":"d727fee8-86ce-47e5-8332-3c96d87e1346","clientId":"bade4c6b-6fe0-455e-bd11-3b6a7d6b8381"}},"principalId":"ea9703e8-d942-4a91-ae6e-b3302ea5c256","tenantId":"72f988bf-86f1-41af-91ab-2d7cd011db47"},"properties":{"provisioningState":"Succeeded","creationDate":"2019-11-07T01:37:25+00:00","endpoint":"https://minint-appe4b4-funcprodwus-2019-11-07--01-37-15-73.azconfig.io"},"sku":{"name":"standard"},"id":"/subscriptions/00000000-0000-0000-0000-000000000000/resourceGroups/runnerlocaldev-minint-appe4b4-funcrgprodwus/providers/Microsoft.AppConfiguration/configurationStores/minint-appe4b4-funcprodwus-2019-11-07--01-37-15-73","name":"MININT-APPE4B4-FuncProdWUS-2019-11-07--01-37-15-73","location":"westus","tags":{}},{"type":"Microsoft.AppConfiguration/configurationStores","identity":{"type":"SystemAssigned,
        UserAssigned","userAssignedIdentities":{"/subscriptions/00000000-0000-0000-0000-000000000000/resourceGroups/RunnerGlobal/providers/Microsoft.ManagedIdentity/userAssignedIdentities/RunnerIdentity":{"principalId":"d727fee8-86ce-47e5-8332-3c96d87e1346","clientId":"bade4c6b-6fe0-455e-bd11-3b6a7d6b8381"}},"principalId":"ddd0206c-dc31-4549-a9d0-d569cf82fe0a","tenantId":"72f988bf-86f1-41af-91ab-2d7cd011db47"},"properties":{"provisioningState":"Succeeded","creationDate":"2020-01-10T20:05:19+00:00","endpoint":"https://minint-appe4b4-funcprodwus-2020-01-10--20-04-36-55.azconfig.io"},"sku":{"name":"standard"},"id":"/subscriptions/00000000-0000-0000-0000-000000000000/resourceGroups/runnerlocaldev-minint-appe4b4-funcrgprodwus/providers/Microsoft.AppConfiguration/configurationStores/minint-appe4b4-funcprodwus-2020-01-10--20-04-36-55","name":"MININT-APPE4B4-FuncProdWUS-2020-01-10--20-04-36-55","location":"westus","tags":{}},{"type":"Microsoft.AppConfiguration/configurationStores","properties":{"provisioningState":"Succeeded","creationDate":"2019-11-27T22:56:22+00:00","endpoint":"https://minint-appe4b4-msiprodwus.azconfig.io"},"sku":{"name":"free"},"id":"/subscriptions/00000000-0000-0000-0000-000000000000/resourceGroups/runnerlocaldev-minint-appe4b4-integrationrgprodwus/providers/Microsoft.AppConfiguration/configurationStores/minint-appe4b4-msiprodwus","name":"MININT-APPE4B4-MSIProdWUS","location":"westus","tags":{}},{"type":"Microsoft.AppConfiguration/configurationStores","identity":{"type":"SystemAssigned,
        UserAssigned","userAssignedIdentities":{"/subscriptions/00000000-0000-0000-0000-000000000000/resourceGroups/yijia/providers/Microsoft.ManagedIdentity/userAssignedIdentities/userIdentityShuai":{"principalId":"f2056d5b-119c-47db-907a-df832a4d3ba9","clientId":"f1d79a73-0da2-424e-80f4-40ffbcf9c233"}},"principalId":"62f962b4-6577-4a6a-a35a-3c8f6ce9df2a","tenantId":"72f988bf-86f1-41af-91ab-2d7cd011db47"},"properties":{"provisioningState":"Succeeded","creationDate":"2020-01-07T21:55:21+00:00","endpoint":"https://msitest0.azconfig.io"},"sku":{"name":"standard"},"id":"/subscriptions/00000000-0000-0000-0000-000000000000/resourceGroups/yijia/providers/Microsoft.AppConfiguration/configurationStores/msitest0","name":"msitest0","location":"westus","tags":{"k1":"v12"}},{"type":"Microsoft.AppConfiguration/configurationStores","properties":{"provisioningState":"Succeeded","creationDate":"2019-10-23T01:44:20+00:00","endpoint":"https://notification-test.azconfig.io"},"sku":{"name":"free"},"id":"/subscriptions/00000000-0000-0000-0000-000000000000/resourceGroups/azconfig-test-infrastructure/providers/Microsoft.AppConfiguration/configurationStores/notification-test","name":"notification-test","location":"westus","tags":{}},{"type":"Microsoft.AppConfiguration/configurationStores","properties":{"provisioningState":"Creating","creationDate":"2018-08-30T06:11:28+00:00","endpoint":"https://rprgprodwus_2018-08-30_06-11-24-92.azconfig.io"},"sku":{"name":"free"},"id":"/subscriptions/00000000-0000-0000-0000-000000000000/resourceGroups/runnerrprgprodwus_2018-08-30_06-11-24-92/providers/Microsoft.AppConfiguration/configurationStores/rprgprodwus_2018-08-30_06-11-24-92","name":"RPRGProdWus_2018-08-30_06-11-24-92","location":"westus","tags":{}},{"type":"Microsoft.AppConfiguration/configurationStores","properties":{"provisioningState":"Succeeded","creationDate":"2019-10-25T18:46:09+00:00","endpoint":"https://sample.azconfig.io"},"sku":{"name":"free"},"id":"/subscriptions/00000000-0000-0000-0000-000000000000/resourceGroups/reservedappconfigstores/providers/Microsoft.AppConfiguration/configurationStores/sample","name":"sample","location":"westus","tags":{}},{"type":"Microsoft.AppConfiguration/configurationStores","properties":{"provisioningState":"Creating","creationDate":"2018-09-19T19:02:56+00:00","endpoint":"https://store_2018-09-19_12-02-53.azconfig.io"},"sku":{"name":"free"},"id":"/subscriptions/00000000-0000-0000-0000-000000000000/resourceGroups/shuai-test-rg2/providers/Microsoft.AppConfiguration/configurationStores/store_2018-09-19_12-02-53","name":"store_2018-09-19_12-02-53","location":"westus","tags":{}},{"type":"Microsoft.AppConfiguration/configurationStores","properties":{"provisioningState":"Succeeded","creationDate":"2019-10-16T23:42:04+00:00","endpoint":"https://sync-integration-source.azconfig.io"},"sku":{"name":"free"},"id":"/subscriptions/00000000-0000-0000-0000-000000000000/resourceGroups/azconfig-test-infrastructure/providers/Microsoft.AppConfiguration/configurationStores/sync-integration-source","name":"sync-integration-source","location":"westus","tags":{}},{"type":"Microsoft.AppConfiguration/configurationStores","properties":{"provisioningState":"Succeeded","creationDate":"2019-10-16T23:43:37+00:00","endpoint":"https://sync-integration-target.azconfig.io"},"sku":{"name":"free"},"id":"/subscriptions/00000000-0000-0000-0000-000000000000/resourceGroups/azconfig-test-infrastructure/providers/Microsoft.AppConfiguration/configurationStores/sync-integration-target","name":"sync-integration-target","location":"westus","tags":{}},{"type":"Microsoft.AppConfiguration/configurationStores","properties":{"provisioningState":"Succeeded","creationDate":"2019-09-11T18:55:52+00:00","endpoint":"https://xuxu-coreprodwus.azconfig.io"},"sku":{"name":"free"},"id":"/subscriptions/00000000-0000-0000-0000-000000000000/resourceGroups/runnerlocaldev-minint-appe4b4-corergprodwus/providers/Microsoft.AppConfiguration/configurationStores/xuxu-coreprodwus","name":"xuxu-CoreProdWUS","location":"westus","tags":{}},{"type":"Microsoft.AppConfiguration/configurationStores","properties":{"provisioningState":"Succeeded","creationDate":"2019-09-11T18:59:14+00:00","endpoint":"https://xuxu-moveprodwus-09-11--18-56-45.azconfig.io"},"sku":{"name":"free"},"id":"/subscriptions/00000000-0000-0000-0000-000000000000/resourceGroups/runnerlocaldev-minint-appe4b4-targetrgformovetestprodwus/providers/Microsoft.AppConfiguration/configurationStores/xuxu-moveprodwus-09-11--18-56-45","name":"xuxu-MoveProdWUS-09-11--18-56-45","location":"westus","tags":{}},{"type":"Microsoft.AppConfiguration/configurationStores","properties":{"provisioningState":"Succeeded","creationDate":"2019-09-12T18:53:54+00:00","endpoint":"https://xuxu2.azconfig.io"},"sku":{"name":"free"},"id":"/subscriptions/00000000-0000-0000-0000-000000000000/resourceGroups/appconfigtestxuxu1/providers/Microsoft.AppConfiguration/configurationStores/xuxu2","name":"xuxu2","location":"westus","tags":{}},{"type":"Microsoft.AppConfiguration/configurationStores","properties":{"provisioningState":"Succeeded","creationDate":"2019-09-12T20:55:48+00:00","endpoint":"https://xuxu3.azconfig.io"},"sku":{"name":"free"},"id":"/subscriptions/00000000-0000-0000-0000-000000000000/resourceGroups/runnerlocaldev-minint-appe4b4-targetrgformovetestprodwus/providers/Microsoft.AppConfiguration/configurationStores/xuxu3","name":"xuxu3","location":"westus","tags":{}},{"type":"Microsoft.AppConfiguration/configurationStores","properties":{"provisioningState":"Succeeded","creationDate":"2019-10-09T03:01:18+00:00","endpoint":"https://xuxu4.azconfig.io"},"sku":{"name":"free"},"id":"/subscriptions/00000000-0000-0000-0000-000000000000/resourceGroups/runnerlocaldev-minint-appe4b4-targetrgformovetestprodwus/providers/Microsoft.AppConfiguration/configurationStores/xuxu4","name":"XUXU4","location":"westus","tags":{}},{"type":"Microsoft.AppConfiguration/configurationStores","properties":{"provisioningState":"Succeeded","creationDate":"2019-08-20T01:00:29+00:00","endpoint":"https://xuxucorerunnerconfigstoreprodwus.azconfig.io"},"sku":{"name":"free"},"id":"/subscriptions/00000000-0000-0000-0000-000000000000/resourceGroups/xuxucorerunnerresourcegroupprodwus/providers/Microsoft.AppConfiguration/configurationStores/xuxucorerunnerconfigstoreprodwus","name":"xuxuCoreRunnerConfigStoreProdWus","location":"westus","tags":{}},{"type":"Microsoft.AppConfiguration/configurationStores","properties":{"provisioningState":"Succeeded","creationDate":"2019-10-07T18:14:42+00:00","endpoint":"https://xuxumovetest.azconfig.io"},"sku":{"name":"free"},"id":"/subscriptions/00000000-0000-0000-0000-000000000000/resourceGroups/runnerlocaldev-minint-appe4b4-targetrgformovetestprodwus/providers/Microsoft.AppConfiguration/configurationStores/xuxumovetest","name":"xuxumovetest","location":"westus","tags":{}},{"type":"Microsoft.AppConfiguration/configurationStores","properties":{"provisioningState":"Succeeded","creationDate":"2019-02-22T21:58:58+00:00","endpoint":"https://xuxutest2.azconfig.io"},"sku":{"name":"free"},"id":"/subscriptions/00000000-0000-0000-0000-000000000000/resourceGroups/xuxu_test/providers/Microsoft.AppConfiguration/configurationStores/xuxutest2","name":"xuxutest2","location":"westus","tags":{}},{"type":"Microsoft.AppConfiguration/configurationStores","properties":{"provisioningState":"Succeeded","creationDate":"2019-01-23T22:43:48+00:00","endpoint":"https://xuxuteststore.azconfig.io"},"sku":{"name":"free"},"id":"/subscriptions/00000000-0000-0000-0000-000000000000/resourceGroups/xuxu_test/providers/Microsoft.AppConfiguration/configurationStores/xuxuteststore","name":"xuxuteststore","location":"westus","tags":{}},{"type":"Microsoft.AppConfiguration/configurationStores","properties":{"provisioningState":"Succeeded","creationDate":"2019-10-29T23:05:33+00:00","endpoint":"https://yijia03.azconfig.io"},"sku":{"name":"free"},"id":"/subscriptions/00000000-0000-0000-0000-000000000000/resourceGroups/yijia/providers/Microsoft.AppConfiguration/configurationStores/yijia03","name":"yijia03","location":"westus","tags":{}},{"type":"Microsoft.AppConfiguration/configurationStores","properties":{"provisioningState":"Succeeded","creationDate":"2019-03-12T00:07:48+00:00","endpoint":"https://yijia04.azconfig.io"},"sku":{"name":"free"},"id":"/subscriptions/00000000-0000-0000-0000-000000000000/resourceGroups/yijia/providers/Microsoft.AppConfiguration/configurationStores/yijia04","name":"yijia04","location":"westus","tags":{"v1":"g1"}},{"type":"Microsoft.AppConfiguration/configurationStores","properties":{"provisioningState":"Succeeded","creationDate":"2019-05-07T00:14:48+00:00","endpoint":"https://yijiaascii.azconfig.io"},"sku":{"name":"free"},"id":"/subscriptions/00000000-0000-0000-0000-000000000000/resourceGroups/yijia/providers/Microsoft.AppConfiguration/configurationStores/yijiaascii","name":"yijiaascii","location":"westus","tags":{}},{"type":"Microsoft.AppConfiguration/configurationStores","properties":{"provisioningState":"Succeeded","creationDate":"2019-07-11T20:24:11+00:00","endpoint":"https://yijiaskutest.azconfig.io"},"sku":{"name":"free"},"id":"/subscriptions/00000000-0000-0000-0000-000000000000/resourceGroups/yijia/providers/Microsoft.AppConfiguration/configurationStores/yijiaskutest","name":"yijiaskutest","location":"westus","tags":{}},{"type":"Microsoft.AppConfiguration/configurationStores","properties":{"provisioningState":"Succeeded","creationDate":"2019-09-16T22:06:51+00:00","endpoint":"https://appconfigspringhubdemo.azconfig.io"},"sku":{"name":"free"},"id":"/subscriptions/00000000-0000-0000-0000-000000000000/resourceGroups/mametcal/providers/Microsoft.AppConfiguration/configurationStores/appconfigspringhubdemo","name":"AppConfigSpringHubDemo","location":"eastus","tags":{}},{"type":"Microsoft.AppConfiguration/configurationStores","properties":{"provisioningState":"Succeeded","creationDate":"2019-10-10T16:35:08+00:00","endpoint":"https://appconvertappconfig.azconfig.io"},"sku":{"name":"free"},"id":"/subscriptions/00000000-0000-0000-0000-000000000000/resourceGroups/appconvertsample/providers/Microsoft.AppConfiguration/configurationStores/appconvertappconfig","name":"AppConvertAppConfig","location":"eastus","tags":{}},{"type":"Microsoft.AppConfiguration/configurationStores","properties":{"provisioningState":"Succeeded","creationDate":"2019-12-02T21:20:00+00:00","endpoint":"https://avani.azconfig.io"},"sku":{"name":"free"},"id":"/subscriptions/00000000-0000-0000-0000-000000000000/resourceGroups/avgupta-general-testing/providers/Microsoft.AppConfiguration/configurationStores/avani","name":"avani","location":"eastus","tags":{}},{"type":"Microsoft.AppConfiguration/configurationStores","properties":{"provisioningState":"Succeeded","creationDate":"2019-06-25T21:06:34+00:00","endpoint":"https://clitest.azconfig.io"},"sku":{"name":"free"},"id":"/subscriptions/00000000-0000-0000-0000-000000000000/resourceGroups/yijia/providers/Microsoft.AppConfiguration/configurationStores/clitest","name":"clitest","location":"eastus","tags":{}},{"type":"Microsoft.AppConfiguration/configurationStores","properties":{"provisioningState":"Succeeded","creationDate":"2020-01-17T05:20:20+00:00","endpoint":"https://credentialtest4skiaqnws7.azconfig.io"},"sku":{"name":"standard"},"id":"/subscriptions/00000000-0000-0000-0000-000000000000/resourceGroups/clitest.rg000001/providers/Microsoft.AppConfiguration/configurationStores/credentialtest4skiaqnws7","name":"CredentialTest000002","location":"eastus","tags":{}},{"type":"Microsoft.AppConfiguration/configurationStores","properties":{"provisioningState":"Succeeded","creationDate":"2020-01-17T05:20:16+00:00","endpoint":"https://featurefiltertestauv6c4n.azconfig.io"},"sku":{"name":"standard"},"id":"/subscriptions/00000000-0000-0000-0000-000000000000/resourceGroups/clitest.rgxattlnajcimrqgipwfd2lpn7qixtpcpvgrrjjx7tdp2guzafaihpn3thzcak4iqj6/providers/Microsoft.AppConfiguration/configurationStores/featurefiltertestauv6c4n","name":"FeatureFilterTestauv6c4n","location":"eastus","tags":{}},{"type":"Microsoft.AppConfiguration/configurationStores","properties":{"provisioningState":"Succeeded","creationDate":"2020-01-17T05:20:15+00:00","endpoint":"https://featuretestxjlu6nun4f7hc.azconfig.io"},"sku":{"name":"standard"},"id":"/subscriptions/00000000-0000-0000-0000-000000000000/resourceGroups/clitest.rgndl3wrcnnde7j4kslhmedk2ktgdy4gwmhwgoyh2eebexxmwcu457a4odcapdfaxn5/providers/Microsoft.AppConfiguration/configurationStores/featuretestxjlu6nun4f7hc","name":"FeatureTestxjlu6nun4f7hc","location":"eastus","tags":{}},{"type":"Microsoft.AppConfiguration/configurationStores","properties":{"provisioningState":"Succeeded","creationDate":"2020-01-17T05:20:15+00:00","endpoint":"https://identitytestfxnon7r4ta7j.azconfig.io"},"sku":{"name":"standard"},"id":"/subscriptions/00000000-0000-0000-0000-000000000000/resourceGroups/clitest.rgvqobarxg3w2tj46fbdm2nnrmwzalg7ydmmya53boqlt5sxko4ydfwjaexw3ozwye4/providers/Microsoft.AppConfiguration/configurationStores/identitytestfxnon7r4ta7j","name":"IdentityTestfxnon7r4ta7j","location":"eastus","tags":{}},{"type":"Microsoft.AppConfiguration/configurationStores","properties":{"provisioningState":"Succeeded","creationDate":"2020-01-17T05:20:15+00:00","endpoint":"https://importexporttestxj3rsohe.azconfig.io"},"sku":{"name":"standard"},"id":"/subscriptions/00000000-0000-0000-0000-000000000000/resourceGroups/clitest.rgmvur6jkq66hzrfkhdio4rmvh3p7c27pbxa3pkdiwk4pztp63k3zdvyqocgvt7ofn5/providers/Microsoft.AppConfiguration/configurationStores/importexporttestxj3rsohe","name":"ImportExportTestxj3rsohe","location":"eastus","tags":{}},{"type":"Microsoft.AppConfiguration/configurationStores","properties":{"provisioningState":"Succeeded","creationDate":"2020-01-17T05:20:15+00:00","endpoint":"https://importtest62vgwhookbksvi.azconfig.io"},"sku":{"name":"standard"},"id":"/subscriptions/00000000-0000-0000-0000-000000000000/resourceGroups/clitest.rgdnezprvcwaee6ulu7m7xwzifia4ynmlslimtjt4rsoxkpneebssrhocage33mrmy2/providers/Microsoft.AppConfiguration/configurationStores/importtest62vgwhookbksvi","name":"ImportTest62vgwhookbksvi","location":"eastus","tags":{}},{"type":"Microsoft.AppConfiguration/configurationStores","properties":{"provisioningState":"Succeeded","creationDate":"2019-10-03T20:02:51+00:00","endpoint":"https://jiyu-test2.azconfig.io"},"sku":{"name":"free"},"id":"/subscriptions/00000000-0000-0000-0000-000000000000/resourceGroups/jiyu/providers/Microsoft.AppConfiguration/configurationStores/jiyu-test2","name":"jiyu-test2","location":"eastus","tags":{}},{"type":"Microsoft.AppConfiguration/configurationStores","properties":{"provisioningState":"Succeeded","creationDate":"2020-01-17T05:20:15+00:00","endpoint":"https://kvtest6r6lso6aykbc5pnfle.azconfig.io"},"sku":{"name":"standard"},"id":"/subscriptions/00000000-0000-0000-0000-000000000000/resourceGroups/clitest.rgwemetgmepcjqhgmhpnuidbeqoaymakgywcpzffnndlnjnjq3az7a3pcxj732p6xvq/providers/Microsoft.AppConfiguration/configurationStores/kvtest6r6lso6aykbc5pnfle","name":"KVTest6r6lso6aykbc5pnfle","location":"eastus","tags":{}},{"type":"Microsoft.AppConfiguration/configurationStores","identity":{"type":"SystemAssigned","principalId":"d139dd3e-3ef6-40a8-887d-3d30d3add882","tenantId":"72f988bf-86f1-41af-91ab-2d7cd011db47"},"properties":{"provisioningState":"Succeeded","creationDate":"2020-01-17T05:20:17+00:00","endpoint":"https://mgmttest6lll5zfga6ix4nu7.azconfig.io"},"sku":{"name":"standard"},"id":"/subscriptions/00000000-0000-0000-0000-000000000000/resourceGroups/clitest.rg24irmr3c32w3jn4mhuuiwyv6sq325cog5t3uvgvm2kmbbtq67mb3srbeipys63bdh/providers/Microsoft.AppConfiguration/configurationStores/mgmttest6lll5zfga6ix4nu7","name":"MgmtTest6lll5zfga6ix4nu7","location":"eastus","tags":{}},{"type":"Microsoft.AppConfiguration/configurationStores","properties":{"provisioningState":"Succeeded","creationDate":"2019-11-12T18:43:35+00:00","endpoint":"https://minint-appe4b4-coreprodeus.azconfig.io"},"sku":{"name":"free"},"id":"/subscriptions/00000000-0000-0000-0000-000000000000/resourceGroups/runnerlocaldev-minint-appe4b4-corergprodeus/providers/Microsoft.AppConfiguration/configurationStores/minint-appe4b4-coreprodeus","name":"MININT-APPE4B4-CoreProdEUS","location":"eastus","tags":{}},{"type":"Microsoft.AppConfiguration/configurationStores","identity":{"type":"SystemAssigned,
        UserAssigned","userAssignedIdentities":{"/subscriptions/00000000-0000-0000-0000-000000000000/resourceGroups/RunnerGlobal/providers/Microsoft.ManagedIdentity/userAssignedIdentities/RunnerIdentity":{"principalId":"d727fee8-86ce-47e5-8332-3c96d87e1346","clientId":"bade4c6b-6fe0-455e-bd11-3b6a7d6b8381"}},"principalId":"190d4922-5806-460b-a4b2-97bc3d3d5e91","tenantId":"72f988bf-86f1-41af-91ab-2d7cd011db47"},"properties":{"provisioningState":"Succeeded","creationDate":"2019-11-07T18:47:29+00:00","endpoint":"https://minint-appe4b4-funcprodeus-2019-11-07--18-47-12-71.azconfig.io"},"sku":{"name":"standard"},"id":"/subscriptions/00000000-0000-0000-0000-000000000000/resourceGroups/runnerlocaldev-minint-appe4b4-funcrgprodeus/providers/Microsoft.AppConfiguration/configurationStores/minint-appe4b4-funcprodeus-2019-11-07--18-47-12-71","name":"MININT-APPE4B4-FuncProdEUS-2019-11-07--18-47-12-71","location":"eastus","tags":{}},{"type":"Microsoft.AppConfiguration/configurationStores","identity":{"type":"SystemAssigned,
        UserAssigned","userAssignedIdentities":{"/subscriptions/00000000-0000-0000-0000-000000000000/resourceGroups/RunnerGlobal/providers/Microsoft.ManagedIdentity/userAssignedIdentities/RunnerIdentity":{"principalId":"d727fee8-86ce-47e5-8332-3c96d87e1346","clientId":"bade4c6b-6fe0-455e-bd11-3b6a7d6b8381"}},"principalId":"2aa5f431-20d4-4bfd-93d4-59a14b0ad4bf","tenantId":"72f988bf-86f1-41af-91ab-2d7cd011db47"},"properties":{"provisioningState":"Succeeded","creationDate":"2019-11-07T18:52:43+00:00","endpoint":"https://minint-appe4b4-funcprodeus-2019-11-07--18-52-37-32.azconfig.io"},"sku":{"name":"standard"},"id":"/subscriptions/00000000-0000-0000-0000-000000000000/resourceGroups/runnerlocaldev-minint-appe4b4-funcrgprodeus/providers/Microsoft.AppConfiguration/configurationStores/minint-appe4b4-funcprodeus-2019-11-07--18-52-37-32","name":"MININT-APPE4B4-FuncProdEUS-2019-11-07--18-52-37-32","location":"eastus","tags":{}},{"type":"Microsoft.AppConfiguration/configurationStores","properties":{"provisioningState":"Succeeded","creationDate":"2020-01-17T05:20:15+00:00","endpoint":"https://namingconventiontestjttz.azconfig.io"},"sku":{"name":"standard"},"id":"/subscriptions/00000000-0000-0000-0000-000000000000/resourceGroups/clitest.rghdmmb4pofy3weurdxpuigxqdbkqw5plqytwrj5ufrqren7jn5ys7exsyvbexanben/providers/Microsoft.AppConfiguration/configurationStores/namingconventiontestjttz","name":"NamingConventionTestjttz","location":"eastus","tags":{}},{"type":"Microsoft.AppConfiguration/configurationStores","properties":{"provisioningState":"Succeeded","creationDate":"2019-10-02T22:25:30+00:00","endpoint":"https://recao1002.azconfig.io"},"sku":{"name":"free"},"id":"/subscriptions/00000000-0000-0000-0000-000000000000/resourceGroups/recao/providers/Microsoft.AppConfiguration/configurationStores/recao1002","name":"recao1002","location":"eastus","tags":{}},{"type":"Microsoft.AppConfiguration/configurationStores","properties":{"provisioningState":"Succeeded","creationDate":"2019-11-27T00:05:14+00:00","endpoint":"https://vijay-eus.azconfig.io"},"sku":{"name":"free"},"id":"/subscriptions/00000000-0000-0000-0000-000000000000/resourceGroups/vijay-shoebox/providers/Microsoft.AppConfiguration/configurationStores/vijay-eus","name":"vijay-eus","location":"eastus","tags":{}},{"type":"Microsoft.AppConfiguration/configurationStores","properties":{"provisioningState":"Succeeded","creationDate":"2019-03-13T19:25:01+00:00","endpoint":"https://webscoutscantarget.azconfig.io"},"sku":{"name":"free"},"id":"/subscriptions/00000000-0000-0000-0000-000000000000/resourceGroups/azconfig-test-infrastructure/providers/Microsoft.AppConfiguration/configurationStores/webscoutscantarget","name":"WebScoutScanTarget","location":"eastus","tags":{}},{"type":"Microsoft.AppConfiguration/configurationStores","properties":{"provisioningState":"Succeeded","creationDate":"2020-01-14T19:03:04+00:00","endpoint":"https://jimmyca-weu.azconfig.io"},"sku":{"name":"free"},"id":"/subscriptions/00000000-0000-0000-0000-000000000000/resourceGroups/jimmyca-weu/providers/Microsoft.AppConfiguration/configurationStores/jimmyca-weu","name":"jimmyca-weu","location":"westeurope","tags":{}},{"type":"Microsoft.AppConfiguration/configurationStores","properties":{"provisioningState":"Succeeded","creationDate":"2019-10-01T22:47:38+00:00","endpoint":"https://jiyu-test.azconfig.io"},"sku":{"name":"standard"},"id":"/subscriptions/00000000-0000-0000-0000-000000000000/resourceGroups/jiyu-rg/providers/Microsoft.AppConfiguration/configurationStores/jiyu-test","name":"jiyu-test","location":"northeurope","tags":{}},{"type":"Microsoft.AppConfiguration/configurationStores","properties":{"provisioningState":"Succeeded","creationDate":"2019-09-10T01:03:58+00:00","endpoint":"https://minint-appe4b4-coreprodneu.azconfig.io"},"sku":{"name":"free"},"id":"/subscriptions/00000000-0000-0000-0000-000000000000/resourceGroups/runnerlocaldev-minint-appe4b4-corergprodneu/providers/Microsoft.AppConfiguration/configurationStores/minint-appe4b4-coreprodneu","name":"MININT-APPE4B4-CoreProdNEU","location":"northeurope","tags":{}},{"type":"Microsoft.AppConfiguration/configurationStores","properties":{"provisioningState":"Succeeded","creationDate":"2019-09-10T22:23:50+00:00","endpoint":"https://minint-appe4b4-funcprodneu-2019-09-10--22-23-34-92.azconfig.io"},"sku":{"name":"free"},"id":"/subscriptions/00000000-0000-0000-0000-000000000000/resourceGroups/runnerlocaldev-minint-appe4b4-funcrgprodneu/providers/Microsoft.AppConfiguration/configurationStores/minint-appe4b4-funcprodneu-2019-09-10--22-23-34-92","name":"MININT-APPE4B4-FuncProdNEU-2019-09-10--22-23-34-92","location":"northeurope","tags":{}},{"type":"Microsoft.AppConfiguration/configurationStores","properties":{"provisioningState":"Succeeded","creationDate":"2019-10-07T16:55:20+00:00","endpoint":"https://a-----a.azconfig.io"},"sku":{"name":"free"},"id":"/subscriptions/00000000-0000-0000-0000-000000000000/resourceGroups/mametcal/providers/Microsoft.AppConfiguration/configurationStores/a-----a","name":"a-----a","location":"westus2","tags":{}},{"type":"Microsoft.AppConfiguration/configurationStores","properties":{"provisioningState":"Succeeded","creationDate":"2020-01-08T20:47:12+00:00","endpoint":"https://abarora-test.azconfig.io"},"sku":{"name":"free"},"id":"/subscriptions/00000000-0000-0000-0000-000000000000/resourceGroups/abarora-test/providers/Microsoft.AppConfiguration/configurationStores/abarora-test","name":"abarora-test","location":"westus2","tags":{}},{"type":"Microsoft.AppConfiguration/configurationStores","properties":{"provisioningState":"Succeeded","creationDate":"2019-10-21T21:53:17+00:00","endpoint":"https://recao1021.azconfig.io"},"sku":{"name":"free"},"id":"/subscriptions/00000000-0000-0000-0000-000000000000/resourceGroups/recao/providers/Microsoft.AppConfiguration/configurationStores/recao1021","name":"recao1021","location":"westus2","tags":{}},{"type":"Microsoft.AppConfiguration/configurationStores","properties":{"provisioningState":"Succeeded","creationDate":"2020-01-16T20:35:36+00:00","endpoint":"https://ernestt-test2.azconfig.io"},"sku":{"name":"free"},"id":"/subscriptions/00000000-0000-0000-0000-000000000000/resourceGroups/ernestt-test/providers/Microsoft.AppConfiguration/configurationStores/ernestt-test2","name":"ernestt-test2","location":"eastus2euap","tags":{}},{"type":"Microsoft.AppConfiguration/configurationStores","properties":{"provisioningState":"Succeeded","creationDate":"2019-11-06T19:16:56+00:00","endpoint":"https://recao11062.azconfig.io"},"sku":{"name":"free"},"id":"/subscriptions/00000000-0000-0000-0000-000000000000/resourceGroups/recao/providers/Microsoft.AppConfiguration/configurationStores/recao11062","name":"recao11062","location":"eastus2euap","tags":{}},{"type":"Microsoft.AppConfiguration/configurationStores","properties":{"provisioningState":"Succeeded","creationDate":"2019-09-26T23:21:29+00:00","endpoint":"https://recao926.azconfig.io"},"sku":{"name":"free"},"id":"/subscriptions/00000000-0000-0000-0000-000000000000/resourceGroups/recao/providers/Microsoft.AppConfiguration/configurationStores/recao926","name":"recao926","location":"eastus2euap","tags":{}},{"type":"Microsoft.AppConfiguration/configurationStores","properties":{"provisioningState":"Succeeded","creationDate":"2019-09-30T18:27:25+00:00","endpoint":"https://recao9302.azconfig.io"},"sku":{"name":"free"},"id":"/subscriptions/00000000-0000-0000-0000-000000000000/resourceGroups/recao/providers/Microsoft.AppConfiguration/configurationStores/recao9302","name":"recao9302","location":"eastus2euap","tags":{}},{"type":"Microsoft.AppConfiguration/configurationStores","properties":{"provisioningState":"Succeeded","creationDate":"2019-11-21T00:29:25+00:00","endpoint":"https://storeincanary.azconfig.io"},"sku":{"name":"free"},"id":"/subscriptions/00000000-0000-0000-0000-000000000000/resourceGroups/zhenlwa/providers/Microsoft.AppConfiguration/configurationStores/storeincanary","name":"StoreInCanary","location":"eastus2euap","tags":{}},{"type":"Microsoft.AppConfiguration/configurationStores","properties":{"provisioningState":"Succeeded","creationDate":"2019-09-30T19:32:12+00:00","endpoint":"https://testmametcal.azconfig.io"},"sku":{"name":"free"},"id":"/subscriptions/00000000-0000-0000-0000-000000000000/resourceGroups/mametcal/providers/Microsoft.AppConfiguration/configurationStores/testmametcal","name":"testMaMetcal","location":"eastus2euap","tags":{}},{"type":"Microsoft.AppConfiguration/configurationStores","properties":{"provisioningState":"Succeeded","creationDate":"2019-07-11T00:49:38+00:00","endpoint":"https://testnotification.azconfig.io"},"sku":{"name":"free"},"id":"/subscriptions/00000000-0000-0000-0000-000000000000/resourceGroups/shuawan/providers/Microsoft.AppConfiguration/configurationStores/testnotification","name":"testNotification","location":"eastus2euap","tags":{}},{"type":"Microsoft.AppConfiguration/configurationStores","properties":{"provisioningState":"Succeeded","creationDate":"2019-11-21T21:59:54+00:00","endpoint":"https://vijay-canary.azconfig.io"},"sku":{"name":"free"},"id":"/subscriptions/00000000-0000-0000-0000-000000000000/resourceGroups/vijay-test/providers/Microsoft.AppConfiguration/configurationStores/vijay-canary","name":"vijay-canary","location":"eastus2euap","tags":{}},{"type":"Microsoft.AppConfiguration/configurationStores","properties":{"provisioningState":"Succeeded","creationDate":"2019-11-04T23:14:46+00:00","endpoint":"https://xuxu-funcprodeus2euap-2019-11-04--23-14-39-96.azconfig.io"},"sku":{"name":"standard"},"id":"/subscriptions/00000000-0000-0000-0000-000000000000/resourceGroups/runnerlocaldev-minint-appe4b4-funcrgprodeus2euap/providers/Microsoft.AppConfiguration/configurationStores/xuxu-funcprodeus2euap-2019-11-04--23-14-39-96","name":"xuxu-FuncProdEUS2EUAP-2019-11-04--23-14-39-96","location":"eastus2euap","tags":{}},{"type":"Microsoft.AppConfiguration/configurationStores","properties":{"provisioningState":"Succeeded","creationDate":"2019-11-04T23:24:50+00:00","endpoint":"https://xuxu-funcprodeus2euap-2019-11-04--23-24-39-94.azconfig.io"},"sku":{"name":"standard"},"id":"/subscriptions/00000000-0000-0000-0000-000000000000/resourceGroups/runnerlocaldev-minint-appe4b4-funcrgprodeus2euap/providers/Microsoft.AppConfiguration/configurationStores/xuxu-funcprodeus2euap-2019-11-04--23-24-39-94","name":"xuxu-FuncProdEUS2EUAP-2019-11-04--23-24-39-94","location":"eastus2euap","tags":{}},{"type":"Microsoft.AppConfiguration/configurationStores","properties":{"provisioningState":"Succeeded","creationDate":"2019-11-04T23:28:17+00:00","endpoint":"https://xuxu-funcprodeus2euap-2019-11-04--23-28-06-97.azconfig.io"},"sku":{"name":"standard"},"id":"/subscriptions/00000000-0000-0000-0000-000000000000/resourceGroups/runnerlocaldev-minint-appe4b4-funcrgprodeus2euap/providers/Microsoft.AppConfiguration/configurationStores/xuxu-funcprodeus2euap-2019-11-04--23-28-06-97","name":"xuxu-FuncProdEUS2EUAP-2019-11-04--23-28-06-97","location":"eastus2euap","tags":{}},{"type":"Microsoft.AppConfiguration/configurationStores","properties":{"provisioningState":"Succeeded","creationDate":"2019-11-05T22:54:39+00:00","endpoint":"https://xuxu-funcprodeus2euap-2019-11-05--22-54-23-15.azconfig.io"},"sku":{"name":"standard"},"id":"/subscriptions/00000000-0000-0000-0000-000000000000/resourceGroups/runnerlocaldev-minint-appe4b4-funcrgprodeus2euap/providers/Microsoft.AppConfiguration/configurationStores/xuxu-funcprodeus2euap-2019-11-05--22-54-23-15","name":"xuxu-FuncProdEUS2EUAP-2019-11-05--22-54-23-15","location":"eastus2euap","tags":{}},{"type":"Microsoft.AppConfiguration/configurationStores","identity":{"type":"SystemAssigned,
        UserAssigned","userAssignedIdentities":{"/subscriptions/00000000-0000-0000-0000-000000000000/resourceGroups/RunnerGlobal/providers/Microsoft.ManagedIdentity/userAssignedIdentities/RunnerIdentity":{"principalId":"d727fee8-86ce-47e5-8332-3c96d87e1346","clientId":"bade4c6b-6fe0-455e-bd11-3b6a7d6b8381"}},"principalId":"38915f7f-0cd2-482e-ac9d-0e681c4b203f","tenantId":"72f988bf-86f1-41af-91ab-2d7cd011db47"},"properties":{"provisioningState":"Succeeded","creationDate":"2019-11-05T22:58:00+00:00","endpoint":"https://xuxu-funcprodeus2euap-2019-11-05--22-57-49-91.azconfig.io"},"sku":{"name":"standard"},"id":"/subscriptions/00000000-0000-0000-0000-000000000000/resourceGroups/runnerlocaldev-minint-appe4b4-funcrgprodeus2euap/providers/Microsoft.AppConfiguration/configurationStores/xuxu-funcprodeus2euap-2019-11-05--22-57-49-91","name":"xuxu-FuncProdEUS2EUAP-2019-11-05--22-57-49-91","location":"eastus2euap","tags":{}},{"type":"Microsoft.AppConfiguration/configurationStores","identity":{"type":"SystemAssigned,
        UserAssigned","userAssignedIdentities":{"/subscriptions/00000000-0000-0000-0000-000000000000/resourceGroups/RunnerGlobal/providers/Microsoft.ManagedIdentity/userAssignedIdentities/RunnerIdentity":{"principalId":"d727fee8-86ce-47e5-8332-3c96d87e1346","clientId":"bade4c6b-6fe0-455e-bd11-3b6a7d6b8381"}},"principalId":"4f4c18c5-1b04-43b9-97a7-e9922410c239","tenantId":"72f988bf-86f1-41af-91ab-2d7cd011db47"},"properties":{"provisioningState":"Succeeded","creationDate":"2019-11-05T22:59:35+00:00","endpoint":"https://xuxu-funcprodeus2euap-2019-11-05--22-59-29-62.azconfig.io"},"sku":{"name":"standard"},"id":"/subscriptions/00000000-0000-0000-0000-000000000000/resourceGroups/runnerlocaldev-minint-appe4b4-funcrgprodeus2euap/providers/Microsoft.AppConfiguration/configurationStores/xuxu-funcprodeus2euap-2019-11-05--22-59-29-62","name":"xuxu-FuncProdEUS2EUAP-2019-11-05--22-59-29-62","location":"eastus2euap","tags":{}},{"type":"Microsoft.AppConfiguration/configurationStores","properties":{"provisioningState":"Succeeded","creationDate":"2019-11-05T23:08:22+00:00","endpoint":"https://xuxu-funcprodeus2euap-2019-11-05--23-08-02-34.azconfig.io"},"sku":{"name":"standard"},"id":"/subscriptions/00000000-0000-0000-0000-000000000000/resourceGroups/runnerlocaldev-minint-appe4b4-funcrgprodeus2euap/providers/Microsoft.AppConfiguration/configurationStores/xuxu-funcprodeus2euap-2019-11-05--23-08-02-34","name":"xuxu-FuncProdEUS2EUAP-2019-11-05--23-08-02-34","location":"eastus2euap","tags":{}},{"type":"Microsoft.AppConfiguration/configurationStores","identity":{"type":"SystemAssigned,
        UserAssigned","userAssignedIdentities":{"/subscriptions/00000000-0000-0000-0000-000000000000/resourceGroups/RunnerGlobal/providers/Microsoft.ManagedIdentity/userAssignedIdentities/RunnerIdentity":{"principalId":"d727fee8-86ce-47e5-8332-3c96d87e1346","clientId":"bade4c6b-6fe0-455e-bd11-3b6a7d6b8381"}},"principalId":"d2845735-ccfd-4f96-a886-09dbb9261374","tenantId":"72f988bf-86f1-41af-91ab-2d7cd011db47"},"properties":{"provisioningState":"Succeeded","creationDate":"2019-11-05T23:15:53+00:00","endpoint":"https://xuxu-funcprodeus2euap-2019-11-05--23-15-39-49.azconfig.io"},"sku":{"name":"standard"},"id":"/subscriptions/00000000-0000-0000-0000-000000000000/resourceGroups/runnerlocaldev-minint-appe4b4-funcrgprodeus2euap/providers/Microsoft.AppConfiguration/configurationStores/xuxu-funcprodeus2euap-2019-11-05--23-15-39-49","name":"xuxu-FuncProdEUS2EUAP-2019-11-05--23-15-39-49","location":"eastus2euap","tags":{}},{"type":"Microsoft.AppConfiguration/configurationStores","identity":{"type":"SystemAssigned,
        UserAssigned","userAssignedIdentities":{"/subscriptions/00000000-0000-0000-0000-000000000000/resourceGroups/RunnerGlobal/providers/Microsoft.ManagedIdentity/userAssignedIdentities/RunnerIdentity":{"principalId":"d727fee8-86ce-47e5-8332-3c96d87e1346","clientId":"bade4c6b-6fe0-455e-bd11-3b6a7d6b8381"}},"principalId":"f1e569c4-7d92-4162-9cdf-cfdb87ac1b07","tenantId":"72f988bf-86f1-41af-91ab-2d7cd011db47"},"properties":{"provisioningState":"Succeeded","creationDate":"2019-11-05T23:20:15+00:00","endpoint":"https://xuxu-funcprodeus2euap-2019-11-05--23-19-21-37.azconfig.io"},"sku":{"name":"standard"},"id":"/subscriptions/00000000-0000-0000-0000-000000000000/resourceGroups/runnerlocaldev-minint-appe4b4-funcrgprodeus2euap/providers/Microsoft.AppConfiguration/configurationStores/xuxu-funcprodeus2euap-2019-11-05--23-19-21-37","name":"xuxu-FuncProdEUS2EUAP-2019-11-05--23-19-21-37","location":"eastus2euap","tags":{}},{"type":"Microsoft.AppConfiguration/configurationStores","properties":{"provisioningState":"Succeeded","creationDate":"2019-11-05T23:24:24+00:00","endpoint":"https://xuxu-funcprodeus2euap-2019-11-05--23-24-21-30.azconfig.io"},"sku":{"name":"standard"},"id":"/subscriptions/00000000-0000-0000-0000-000000000000/resourceGroups/runnerlocaldev-minint-appe4b4-funcrgprodeus2euap/providers/Microsoft.AppConfiguration/configurationStores/xuxu-funcprodeus2euap-2019-11-05--23-24-21-30","name":"xuxu-FuncProdEUS2EUAP-2019-11-05--23-24-21-30","location":"eastus2euap","tags":{}},{"type":"Microsoft.AppConfiguration/configurationStores","properties":{"provisioningState":"Succeeded","creationDate":"2019-11-06T00:07:56+00:00","endpoint":"https://xuxu-funcprodeus2euap-2019-11-06--00-07-53-08.azconfig.io"},"sku":{"name":"standard"},"id":"/subscriptions/00000000-0000-0000-0000-000000000000/resourceGroups/runnerlocaldev-minint-appe4b4-funcrgprodeus2euap/providers/Microsoft.AppConfiguration/configurationStores/xuxu-funcprodeus2euap-2019-11-06--00-07-53-08","name":"xuxu-FuncProdEUS2EUAP-2019-11-06--00-07-53-08","location":"eastus2euap","tags":{}},{"type":"Microsoft.AppConfiguration/configurationStores","properties":{"provisioningState":"Succeeded","creationDate":"2019-11-06T00:09:40+00:00","endpoint":"https://xuxu-funcprodeus2euap-2019-11-06--00-09-28-97.azconfig.io"},"sku":{"name":"standard"},"id":"/subscriptions/00000000-0000-0000-0000-000000000000/resourceGroups/runnerlocaldev-minint-appe4b4-funcrgprodeus2euap/providers/Microsoft.AppConfiguration/configurationStores/xuxu-funcprodeus2euap-2019-11-06--00-09-28-97","name":"xuxu-FuncProdEUS2EUAP-2019-11-06--00-09-28-97","location":"eastus2euap","tags":{}},{"type":"Microsoft.AppConfiguration/configurationStores","properties":{"provisioningState":"Succeeded","creationDate":"2019-11-06T00:39:21+00:00","endpoint":"https://xuxu-funcprodeus2euap-2019-11-06--00-39-15-58.azconfig.io"},"sku":{"name":"standard"},"id":"/subscriptions/00000000-0000-0000-0000-000000000000/resourceGroups/runnerlocaldev-minint-appe4b4-funcrgprodeus2euap/providers/Microsoft.AppConfiguration/configurationStores/xuxu-funcprodeus2euap-2019-11-06--00-39-15-58","name":"xuxu-FuncProdEUS2EUAP-2019-11-06--00-39-15-58","location":"eastus2euap","tags":{}},{"type":"Microsoft.AppConfiguration/configurationStores","properties":{"provisioningState":"Succeeded","creationDate":"2019-11-06T00:40:23+00:00","endpoint":"https://xuxu-funcprodeus2euap-2019-11-06--00-39-42-19.azconfig.io"},"sku":{"name":"standard"},"id":"/subscriptions/00000000-0000-0000-0000-000000000000/resourceGroups/runnerlocaldev-minint-appe4b4-funcrgprodeus2euap/providers/Microsoft.AppConfiguration/configurationStores/xuxu-funcprodeus2euap-2019-11-06--00-39-42-19","name":"xuxu-FuncProdEUS2EUAP-2019-11-06--00-39-42-19","location":"eastus2euap","tags":{}},{"type":"Microsoft.AppConfiguration/configurationStores","properties":{"provisioningState":"Succeeded","creationDate":"2019-11-06T00:45:15+00:00","endpoint":"https://xuxu-funcprodeus2euap-2019-11-06--00-45-04-57.azconfig.io"},"sku":{"name":"standard"},"id":"/subscriptions/00000000-0000-0000-0000-000000000000/resourceGroups/runnerlocaldev-minint-appe4b4-funcrgprodeus2euap/providers/Microsoft.AppConfiguration/configurationStores/xuxu-funcprodeus2euap-2019-11-06--00-45-04-57","name":"xuxu-FuncProdEUS2EUAP-2019-11-06--00-45-04-57","location":"eastus2euap","tags":{}},{"type":"Microsoft.AppConfiguration/configurationStores","properties":{"provisioningState":"Succeeded","creationDate":"2019-11-06T07:27:03+00:00","endpoint":"https://xuxu-funcprodeus2euap-2019-11-06--07-26-51-98.azconfig.io"},"sku":{"name":"standard"},"id":"/subscriptions/00000000-0000-0000-0000-000000000000/resourceGroups/runnerlocaldev-minint-appe4b4-funcrgprodeus2euap/providers/Microsoft.AppConfiguration/configurationStores/xuxu-funcprodeus2euap-2019-11-06--07-26-51-98","name":"xuxu-FuncProdEUS2EUAP-2019-11-06--07-26-51-98","location":"eastus2euap","tags":{}},{"type":"Microsoft.AppConfiguration/configurationStores","properties":{"provisioningState":"Succeeded","creationDate":"2019-11-06T07:44:39+00:00","endpoint":"https://xuxu-funcprodeus2euap-2019-11-06--07-44-28-21.azconfig.io"},"sku":{"name":"standard"},"id":"/subscriptions/00000000-0000-0000-0000-000000000000/resourceGroups/runnerlocaldev-minint-appe4b4-funcrgprodeus2euap/providers/Microsoft.AppConfiguration/configurationStores/xuxu-funcprodeus2euap-2019-11-06--07-44-28-21","name":"xuxu-FuncProdEUS2EUAP-2019-11-06--07-44-28-21","location":"eastus2euap","tags":{}},{"type":"Microsoft.AppConfiguration/configurationStores","identity":{"type":"SystemAssigned,
        UserAssigned","userAssignedIdentities":{"/subscriptions/00000000-0000-0000-0000-000000000000/resourceGroups/RunnerGlobal/providers/Microsoft.ManagedIdentity/userAssignedIdentities/RunnerIdentity":{"principalId":"d727fee8-86ce-47e5-8332-3c96d87e1346","clientId":"bade4c6b-6fe0-455e-bd11-3b6a7d6b8381"}},"principalId":"3e6edb5e-37ca-427c-96dd-6155e6feac0b","tenantId":"72f988bf-86f1-41af-91ab-2d7cd011db47"},"properties":{"provisioningState":"Succeeded","creationDate":"2019-11-06T17:55:10+00:00","endpoint":"https://xuxu-funcprodeus2euap-2019-11-06--17-54-54-78.azconfig.io"},"sku":{"name":"standard"},"id":"/subscriptions/00000000-0000-0000-0000-000000000000/resourceGroups/runnerlocaldev-minint-appe4b4-funcrgprodeus2euap/providers/Microsoft.AppConfiguration/configurationStores/xuxu-funcprodeus2euap-2019-11-06--17-54-54-78","name":"xuxu-FuncProdEUS2EUAP-2019-11-06--17-54-54-78","location":"eastus2euap","tags":{}},{"type":"Microsoft.AppConfiguration/configurationStores","identity":{"type":"SystemAssigned,
        UserAssigned","userAssignedIdentities":{"/subscriptions/00000000-0000-0000-0000-000000000000/resourceGroups/RunnerGlobal/providers/Microsoft.ManagedIdentity/userAssignedIdentities/RunnerIdentity":{"principalId":"d727fee8-86ce-47e5-8332-3c96d87e1346","clientId":"bade4c6b-6fe0-455e-bd11-3b6a7d6b8381"}},"principalId":"ef93d7e9-4369-4233-a862-1b2dd924ce0d","tenantId":"72f988bf-86f1-41af-91ab-2d7cd011db47"},"properties":{"provisioningState":"Succeeded","creationDate":"2019-11-06T18:05:57+00:00","endpoint":"https://xuxu-funcprodeus2euap-2019-11-06--18-05-51-33.azconfig.io"},"sku":{"name":"standard"},"id":"/subscriptions/00000000-0000-0000-0000-000000000000/resourceGroups/runnerlocaldev-minint-appe4b4-funcrgprodeus2euap/providers/Microsoft.AppConfiguration/configurationStores/xuxu-funcprodeus2euap-2019-11-06--18-05-51-33","name":"xuxu-FuncProdEUS2EUAP-2019-11-06--18-05-51-33","location":"eastus2euap","tags":{}},{"type":"Microsoft.AppConfiguration/configurationStores","identity":{"type":"SystemAssigned,
        UserAssigned","userAssignedIdentities":{"/subscriptions/00000000-0000-0000-0000-000000000000/resourceGroups/RunnerGlobal/providers/Microsoft.ManagedIdentity/userAssignedIdentities/RunnerIdentity":{"principalId":"d727fee8-86ce-47e5-8332-3c96d87e1346","clientId":"bade4c6b-6fe0-455e-bd11-3b6a7d6b8381"}},"principalId":"66df8b89-6bc0-4118-92f5-3fff26ead195","tenantId":"72f988bf-86f1-41af-91ab-2d7cd011db47"},"properties":{"provisioningState":"Succeeded","creationDate":"2019-11-06T18:08:03+00:00","endpoint":"https://xuxu-funcprodeus2euap-2019-11-06--18-07-57-83.azconfig.io"},"sku":{"name":"standard"},"id":"/subscriptions/00000000-0000-0000-0000-000000000000/resourceGroups/runnerlocaldev-minint-appe4b4-funcrgprodeus2euap/providers/Microsoft.AppConfiguration/configurationStores/xuxu-funcprodeus2euap-2019-11-06--18-07-57-83","name":"xuxu-FuncProdEUS2EUAP-2019-11-06--18-07-57-83","location":"eastus2euap","tags":{}},{"type":"Microsoft.AppConfiguration/configurationStores","identity":{"type":"SystemAssigned,
        UserAssigned","userAssignedIdentities":{"/subscriptions/00000000-0000-0000-0000-000000000000/resourceGroups/RunnerGlobal/providers/Microsoft.ManagedIdentity/userAssignedIdentities/RunnerIdentity":{"principalId":"d727fee8-86ce-47e5-8332-3c96d87e1346","clientId":"bade4c6b-6fe0-455e-bd11-3b6a7d6b8381"}},"principalId":"62eda3e9-f28f-4a67-8009-b74c5a70c550","tenantId":"72f988bf-86f1-41af-91ab-2d7cd011db47"},"properties":{"provisioningState":"Succeeded","creationDate":"2019-11-06T18:09:38+00:00","endpoint":"https://xuxu-funcprodeus2euap-2019-11-06--18-09-26-85.azconfig.io"},"sku":{"name":"standard"},"id":"/subscriptions/00000000-0000-0000-0000-000000000000/resourceGroups/runnerlocaldev-minint-appe4b4-funcrgprodeus2euap/providers/Microsoft.AppConfiguration/configurationStores/xuxu-funcprodeus2euap-2019-11-06--18-09-26-85","name":"xuxu-FuncProdEUS2EUAP-2019-11-06--18-09-26-85","location":"eastus2euap","tags":{}},{"type":"Microsoft.AppConfiguration/configurationStores","properties":{"provisioningState":"Succeeded","creationDate":"2019-11-06T18:13:03+00:00","endpoint":"https://xuxu-funcprodeus2euap-2019-11-06--18-12-57-58.azconfig.io"},"sku":{"name":"standard"},"id":"/subscriptions/00000000-0000-0000-0000-000000000000/resourceGroups/runnerlocaldev-minint-appe4b4-funcrgprodeus2euap/providers/Microsoft.AppConfiguration/configurationStores/xuxu-funcprodeus2euap-2019-11-06--18-12-57-58","name":"xuxu-FuncProdEUS2EUAP-2019-11-06--18-12-57-58","location":"eastus2euap","tags":{}},{"type":"Microsoft.AppConfiguration/configurationStores","identity":{"type":"SystemAssigned,
        UserAssigned","userAssignedIdentities":{"/subscriptions/00000000-0000-0000-0000-000000000000/resourceGroups/RunnerGlobal/providers/Microsoft.ManagedIdentity/userAssignedIdentities/RunnerIdentity":{"principalId":"d727fee8-86ce-47e5-8332-3c96d87e1346","clientId":"bade4c6b-6fe0-455e-bd11-3b6a7d6b8381"}},"principalId":"7a740dcc-d783-4b31-93c6-e7535df8de87","tenantId":"72f988bf-86f1-41af-91ab-2d7cd011db47"},"properties":{"provisioningState":"Succeeded","creationDate":"2019-11-06T18:14:41+00:00","endpoint":"https://xuxu-funcprodeus2euap-2019-11-06--18-14-35-46.azconfig.io"},"sku":{"name":"standard"},"id":"/subscriptions/00000000-0000-0000-0000-000000000000/resourceGroups/runnerlocaldev-minint-appe4b4-funcrgprodeus2euap/providers/Microsoft.AppConfiguration/configurationStores/xuxu-funcprodeus2euap-2019-11-06--18-14-35-46","name":"xuxu-FuncProdEUS2EUAP-2019-11-06--18-14-35-46","location":"eastus2euap","tags":{}},{"type":"Microsoft.AppConfiguration/configurationStores","identity":{"type":"SystemAssigned,
        UserAssigned","userAssignedIdentities":{"/subscriptions/00000000-0000-0000-0000-000000000000/resourceGroups/RunnerGlobal/providers/Microsoft.ManagedIdentity/userAssignedIdentities/RunnerIdentity":{"principalId":"d727fee8-86ce-47e5-8332-3c96d87e1346","clientId":"bade4c6b-6fe0-455e-bd11-3b6a7d6b8381"}},"principalId":"0acec9e9-e1dd-4147-b971-4f1b4a7e00ad","tenantId":"72f988bf-86f1-41af-91ab-2d7cd011db47"},"properties":{"provisioningState":"Succeeded","creationDate":"2019-11-06T19:15:35+00:00","endpoint":"https://xuxu-funcprodeus2euap-2019-11-06--19-15-19-18.azconfig.io"},"sku":{"name":"standard"},"id":"/subscriptions/00000000-0000-0000-0000-000000000000/resourceGroups/runnerlocaldev-minint-appe4b4-funcrgprodeus2euap/providers/Microsoft.AppConfiguration/configurationStores/xuxu-funcprodeus2euap-2019-11-06--19-15-19-18","name":"xuxu-FuncProdEUS2EUAP-2019-11-06--19-15-19-18","location":"eastus2euap","tags":{}},{"type":"Microsoft.AppConfiguration/configurationStores","properties":{"provisioningState":"Succeeded","creationDate":"2019-08-21T18:35:42+00:00","endpoint":"https://xuxu-movetest.azconfig.io"},"sku":{"name":"free"},"id":"/subscriptions/00000000-0000-0000-0000-000000000000/resourceGroups/xuxu_test/providers/Microsoft.AppConfiguration/configurationStores/xuxu-movetest","name":"xuxu-movetest","location":"eastus2euap","tags":{}},{"type":"Microsoft.AppConfiguration/configurationStores","properties":{"provisioningState":"Succeeded","creationDate":"2019-10-30T23:17:20+00:00","endpoint":"https://xuxuaad.azconfig.io"},"sku":{"name":"free"},"id":"/subscriptions/00000000-0000-0000-0000-000000000000/resourceGroups/xuxu_test/providers/Microsoft.AppConfiguration/configurationStores/xuxuaad","name":"xuxuAAD","location":"eastus2euap","tags":{}},{"type":"Microsoft.AppConfiguration/configurationStores","properties":{"provisioningState":"Succeeded","creationDate":"2020-01-16T17:02:46+00:00","endpoint":"https://garywang-new-cuseuap.azconfig.io"},"sku":{"name":"free"},"id":"/subscriptions/00000000-0000-0000-0000-000000000000/resourceGroups/garywangdemo/providers/Microsoft.AppConfiguration/configurationStores/garywang-new-cuseuap","name":"garywang-new-cuseuap","location":"centraluseuap","tags":{}},{"type":"Microsoft.AppConfiguration/configurationStores","properties":{"provisioningState":"Succeeded","creationDate":"2020-01-16T19:51:38+00:00","endpoint":"https://garywang-new-cuseuap-no.azconfig.io"},"sku":{"name":"free"},"id":"/subscriptions/00000000-0000-0000-0000-000000000000/resourceGroups/garywangdemo/providers/Microsoft.AppConfiguration/configurationStores/garywang-new-cuseuap-no","name":"garywang-new-cuseuap-no","location":"centraluseuap","tags":{}},{"type":"Microsoft.AppConfiguration/configurationStores","properties":{"provisioningState":"Succeeded","creationDate":"2020-01-16T19:19:51+00:00","endpoint":"https://jiyu-cuseuap.azconfig.io"},"sku":{"name":"free"},"id":"/subscriptions/00000000-0000-0000-0000-000000000000/resourceGroups/jiyu/providers/Microsoft.AppConfiguration/configurationStores/jiyu-cuseuap","name":"jiyu-cuseuap","location":"centraluseuap","tags":{}}],"nextLink":"https://management.azure.com/subscriptions/00000000-0000-0000-0000-000000000000/providers/Microsoft.AppConfiguration/configurationStores?api-version=2019-10-01&%24skiptoken=1ZRda8IwFIb%2fSxm72rFtrCsKMooUduFUtLLrND1qLE1CPvyY7L8vdUP2F0KuQkjIw3ve5xYJvNg5F62JJrfos9xUs3JRrYv5dhNNooO1ykziuKOC7rFDYQf0y2kcMNnFxtWGaa4sl8LEed6MaJ28Qo5NAxkig5rhGEaEpWmdj%2bp6mMdKyxNvUJv4gzMtjdzZQaHUTIod3ztN%2b6di9n%2b3sVKjeaOKw8nf8%2bdTkqRjSBNI0ucn03JVyRbF9OIuLo1eokC%2ff%2bVHTg9%2fy2P0SYQWwZ3BtM6isR6hLMJDOKOfaemsYVRYqvfYg%2fRZlNv1clWGVYkj77oro3BG5ykWy3X1HiJGxwUXFqhSmNUZ7Jxg3iONQAd3FSR3GwAhQIYwzGBMHv0hYQWmkVGZJqT32G97SLktVmFB9CKmtPEIDxWHB3HkVwfMGXRURd%2ffPw%3d%3d"}'
    headers:
      cache-control:
      - no-cache
      content-length:
      - '83409'
      content-type:
      - application/json; charset=utf-8
      date:
      - Fri, 17 Jan 2020 05:20:30 GMT
      expires:
      - '-1'
      pragma:
      - no-cache
      strict-transport-security:
      - max-age=31536000; includeSubDomains
      vary:
      - Accept-Encoding
      x-content-type-options:
      - nosniff
      x-ms-original-request-ids:
      - 45c43989-1587-4a65-984c-79067d481ba0
      - 11f79b02-8125-49bf-92f3-b3096a0c7d32
      - c63bfd37-8bac-4559-8fc1-1320bff211ea
      - 0325b044-d75a-4cc5-a156-973622787f7e
      - 5a4225a6-d482-44d0-b292-757165331791
      - 946c5939-db2a-46cb-b2c3-1926fec771c2
      - 95582491-127d-4f03-a6fe-dc624dfed6f4
      - c0943662-6e0f-44b4-bbdc-3b31ca5a39fc
      - 34ad86d6-7921-422f-9a0b-52f396cbcc5b
    status:
      code: 200
      message: OK
- request:
    body: null
    headers:
      Accept:
      - application/json
      Accept-Encoding:
      - gzip, deflate
      CommandName:
      - appconfig credential list
      Connection:
      - keep-alive
      Content-Length:
      - '0'
      ParameterSetName:
      - -n -g
      User-Agent:
      - python/3.5.2 (Windows-10-10.0.18362-SP0) msrest/0.6.10 msrest_azure/0.6.2
        azure-mgmt-appconfiguration/0.3.0 Azure-SDK-For-Python AZURECLI/2.0.80
      accept-language:
      - en-US
    method: POST
    uri: https://management.azure.com/subscriptions/00000000-0000-0000-0000-000000000000/resourceGroups/clitest.rg000001/providers/Microsoft.AppConfiguration/configurationStores/CredentialTest000002/ListKeys?api-version=2019-10-01
  response:
    body:
      string: '{"value":[{"id":"7AYN-l0-s0:c1OTNJOLY3FTjXKdebX7","name":"Primary","value":"yw7hh1NcjcJIVbDzgD6gHNfJixiiq3pvt4B6XYRRk+Y=","connectionString":"Endpoint=https://credentialtest4skiaqnws7.azconfig.io;Id=7AYN-l0-s0:c1OTNJOLY3FTjXKdebX7;Secret=yw7hh1NcjcJIVbDzgD6gHNfJixiiq3pvt4B6XYRRk+Y=","lastModified":"2020-01-17T05:20:14+00:00","readOnly":false},{"id":"eLWF-l0-s0:T6OS+WBKcZmdjdZy3E8H","name":"Secondary","value":"DGz4Mcu+Gflro63PqOxfxDdPIfTfr9/mR0vRlkRRQ6Q=","connectionString":"Endpoint=https://credentialtest4skiaqnws7.azconfig.io;Id=eLWF-l0-s0:T6OS+WBKcZmdjdZy3E8H;Secret=DGz4Mcu+Gflro63PqOxfxDdPIfTfr9/mR0vRlkRRQ6Q=","lastModified":"2020-01-17T05:20:14+00:00","readOnly":false},{"id":"Jyk1-l0-s0:y/Zzn/eh9DBhbO9DSEeE","name":"Primary
        Read Only","value":"IP/vYDfhuSltfQA5ZLw+vz0sZ313XF32qU4FOScU+TM=","connectionString":"Endpoint=https://credentialtest4skiaqnws7.azconfig.io;Id=Jyk1-l0-s0:y/Zzn/eh9DBhbO9DSEeE;Secret=IP/vYDfhuSltfQA5ZLw+vz0sZ313XF32qU4FOScU+TM=","lastModified":"2020-01-17T05:20:14+00:00","readOnly":true},{"id":"2Yfm-l0-s0:E6Xt+K2UCfwyhCi4F/hP","name":"Secondary
        Read Only","value":"WLd7y9wf89Z6ocISL2oe/CO9KN5I4vVRHVyrChiI1iE=","connectionString":"Endpoint=https://credentialtest4skiaqnws7.azconfig.io;Id=2Yfm-l0-s0:E6Xt+K2UCfwyhCi4F/hP;Secret=WLd7y9wf89Z6ocISL2oe/CO9KN5I4vVRHVyrChiI1iE=","lastModified":"2020-01-17T05:20:14+00:00","readOnly":true}],"nextLink":null}'
    headers:
      cache-control:
      - no-cache
      content-length:
      - '1389'
      content-type:
      - application/json; charset=utf-8
      date:
      - Fri, 17 Jan 2020 05:20:30 GMT
      expires:
      - '-1'
      pragma:
      - no-cache
      server:
      - openresty/1.15.8.1
      strict-transport-security:
      - max-age=31536000; includeSubDomains
      transfer-encoding:
      - chunked
      vary:
      - Accept-Encoding,Accept-Encoding
      x-content-type-options:
      - nosniff
      x-ms-ratelimit-remaining-subscription-writes:
      - '1197'
    status:
      code: 200
      message: OK
- request:
    body: null
    headers:
      Accept:
      - application/json
      Accept-Encoding:
      - gzip, deflate
      CommandName:
      - appconfig credential regenerate
      Connection:
      - keep-alive
      ParameterSetName:
      - -n -g --id
      User-Agent:
      - python/3.5.2 (Windows-10-10.0.18362-SP0) msrest/0.6.10 msrest_azure/0.6.2
        azure-mgmt-appconfiguration/0.3.0 Azure-SDK-For-Python AZURECLI/2.0.80
      accept-language:
      - en-US
    method: GET
    uri: https://management.azure.com/subscriptions/00000000-0000-0000-0000-000000000000/providers/Microsoft.AppConfiguration/configurationStores?api-version=2019-10-01
  response:
    body:
      string: '{"value":[{"type":"Microsoft.AppConfiguration/configurationStores","properties":{"provisioningState":"Succeeded","creationDate":"2019-08-05T21:07:46+00:00","endpoint":"https://appconfigteststorex1.azconfig.io"},"sku":{"name":"free"},"id":"/subscriptions/00000000-0000-0000-0000-000000000000/resourceGroups/appconfigtestx1/providers/Microsoft.AppConfiguration/configurationStores/appconfigteststorex1","name":"AppConfigTestStoreX1","location":"westcentralus","tags":{}},{"type":"Microsoft.AppConfiguration/configurationStores","properties":{"provisioningState":"Succeeded","creationDate":"2020-01-16T20:51:54+00:00","endpoint":"https://ernestt-test3.azconfig.io"},"sku":{"name":"free"},"id":"/subscriptions/00000000-0000-0000-0000-000000000000/resourceGroups/ernestt-test/providers/Microsoft.AppConfiguration/configurationStores/ernestt-test3","name":"ernestt-test3","location":"westcentralus","tags":{}},{"type":"Microsoft.AppConfiguration/configurationStores","properties":{"provisioningState":"Succeeded","creationDate":"2019-12-09T21:10:48+00:00","endpoint":"https://jiyujiyu.azconfig.io"},"sku":{"name":"standard"},"id":"/subscriptions/00000000-0000-0000-0000-000000000000/resourceGroups/jiyu-test/providers/Microsoft.AppConfiguration/configurationStores/jiyujiyu","name":"jiyujiyu","location":"westcentralus","tags":{"test":"test"}},{"type":"Microsoft.AppConfiguration/configurationStores","properties":{"provisioningState":"Succeeded","creationDate":"2019-06-13T17:35:52+00:00","endpoint":"https://mametcal-app-config.azconfig.io"},"sku":{"name":"free"},"id":"/subscriptions/00000000-0000-0000-0000-000000000000/resourceGroups/mametcal/providers/Microsoft.AppConfiguration/configurationStores/mametcal-app-config","name":"mametcal-app-config","location":"westcentralus","tags":{}},{"type":"Microsoft.AppConfiguration/configurationStores","properties":{"provisioningState":"Succeeded","creationDate":"2019-09-09T18:14:10+00:00","endpoint":"https://minint-appe4b4-coreprodwcus.azconfig.io"},"sku":{"name":"free"},"id":"/subscriptions/00000000-0000-0000-0000-000000000000/resourceGroups/runnerlocaldev-minint-appe4b4-corergprodwcus/providers/Microsoft.AppConfiguration/configurationStores/minint-appe4b4-coreprodwcus","name":"MININT-APPE4B4-CoreProdWCUS","location":"westcentralus","tags":{}},{"type":"Microsoft.AppConfiguration/configurationStores","properties":{"provisioningState":"Succeeded","creationDate":"2019-09-30T18:25:23+00:00","endpoint":"https://recao9301.azconfig.io"},"sku":{"name":"free"},"id":"/subscriptions/00000000-0000-0000-0000-000000000000/resourceGroups/recao/providers/Microsoft.AppConfiguration/configurationStores/recao9301","name":"recao9301","location":"westcentralus","tags":{}},{"type":"Microsoft.AppConfiguration/configurationStores","properties":{"provisioningState":"Succeeded","creationDate":"2019-08-06T20:23:35+00:00","endpoint":"https://secondsource.azconfig.io"},"sku":{"name":"free"},"id":"/subscriptions/00000000-0000-0000-0000-000000000000/resourceGroups/mametcal/providers/Microsoft.AppConfiguration/configurationStores/secondsource","name":"SecondSource","location":"westcentralus","tags":{}},{"type":"Microsoft.AppConfiguration/configurationStores","properties":{"provisioningState":"Succeeded","creationDate":"2019-04-23T22:34:56+00:00","endpoint":"https://shuaiwcs.azconfig.io"},"sku":{"name":"free"},"id":"/subscriptions/00000000-0000-0000-0000-000000000000/resourceGroups/shuawan/providers/Microsoft.AppConfiguration/configurationStores/shuaiwcs","name":"shuaiwcs","location":"westcentralus","tags":{}},{"type":"Microsoft.AppConfiguration/configurationStores","properties":{"provisioningState":"Succeeded","creationDate":"2019-05-06T22:52:03+00:00","endpoint":"https://vijay-app-config.azconfig.io"},"sku":{"name":"free"},"id":"/subscriptions/00000000-0000-0000-0000-000000000000/resourceGroups/vijay-test/providers/Microsoft.AppConfiguration/configurationStores/vijay-app-config","name":"vijay-app-config","location":"westcentralus","tags":{}},{"type":"Microsoft.AppConfiguration/configurationStores","properties":{"provisioningState":"Succeeded","creationDate":"2019-09-12T18:54:38+00:00","endpoint":"https://xuxu1.azconfig.io"},"sku":{"name":"free"},"id":"/subscriptions/00000000-0000-0000-0000-000000000000/resourceGroups/runnerlocaldev-minint-appe4b4-targetrgformovetestprodwus/providers/Microsoft.AppConfiguration/configurationStores/xuxu1","name":"xuxu1","location":"westcentralus","tags":{}},{"type":"Microsoft.AppConfiguration/configurationStores","properties":{"provisioningState":"Succeeded","creationDate":"2019-02-12T21:35:04+00:00","endpoint":"https://eventgridteststonexuxu1.azconfig.io"},"sku":{"name":"free"},"id":"/subscriptions/00000000-0000-0000-0000-000000000000/resourceGroups/eventgridtestxuxu1/providers/Microsoft.AppConfiguration/configurationStores/eventgridteststonexuxu1","name":"EventGridTestStoneXuxu1","location":"centralus","tags":{}},{"type":"Microsoft.AppConfiguration/configurationStores","properties":{"provisioningState":"Succeeded","creationDate":"2019-05-31T18:07:37+00:00","endpoint":"https://jimmyca-cus-appconfig.azconfig.io"},"sku":{"name":"free"},"id":"/subscriptions/00000000-0000-0000-0000-000000000000/resourceGroups/jimmyca-wus/providers/Microsoft.AppConfiguration/configurationStores/jimmyca-cus-appconfig","name":"jimmyca-cus-appconfig","location":"centralus","tags":{}},{"type":"Microsoft.AppConfiguration/configurationStores","properties":{"provisioningState":"Succeeded","creationDate":"2019-11-14T21:05:52+00:00","endpoint":"https://justademo.azconfig.io"},"sku":{"name":"free"},"id":"/subscriptions/00000000-0000-0000-0000-000000000000/resourceGroups/azcfg-demo/providers/Microsoft.AppConfiguration/configurationStores/justademo","name":"justademo","location":"centralus","tags":{}},{"type":"Microsoft.AppConfiguration/configurationStores","properties":{"provisioningState":"Succeeded","creationDate":"2019-04-04T23:20:06+00:00","endpoint":"https://msitest.azconfig.io"},"sku":{"name":"free"},"id":"/subscriptions/00000000-0000-0000-0000-000000000000/resourceGroups/eventgridtestxuxu1/providers/Microsoft.AppConfiguration/configurationStores/msitest","name":"msitest","location":"centralus","tags":{}},{"type":"Microsoft.AppConfiguration/configurationStores","properties":{"provisioningState":"Succeeded","creationDate":"2019-11-13T18:48:23+00:00","endpoint":"https://my-store.azconfig.io"},"sku":{"name":"standard"},"id":"/subscriptions/00000000-0000-0000-0000-000000000000/resourceGroups/jiyu-test/providers/Microsoft.AppConfiguration/configurationStores/my-store","name":"MY-Store","location":"centralus","tags":{}},{"type":"Microsoft.AppConfiguration/configurationStores","properties":{"provisioningState":"Succeeded","creationDate":"2019-11-13T19:23:15+00:00","endpoint":"https://my-store1.azconfig.io"},"sku":{"name":"standard"},"id":"/subscriptions/00000000-0000-0000-0000-000000000000/resourceGroups/jiyu-test/providers/Microsoft.AppConfiguration/configurationStores/my-store1","name":"My-Store1","location":"centralus","tags":{}},{"type":"Microsoft.AppConfiguration/configurationStores","properties":{"provisioningState":"Succeeded","creationDate":"2019-09-16T23:11:39+00:00","endpoint":"https://recao-916.azconfig.io"},"sku":{"name":"free"},"id":"/subscriptions/00000000-0000-0000-0000-000000000000/resourceGroups/recao/providers/Microsoft.AppConfiguration/configurationStores/recao-916","name":"recao-916","location":"centralus","tags":{}},{"type":"Microsoft.AppConfiguration/configurationStores","properties":{"provisioningState":"Succeeded","creationDate":"2019-06-21T20:51:20+00:00","endpoint":"https://recao-test-621.azconfig.io"},"sku":{"name":"free"},"id":"/subscriptions/00000000-0000-0000-0000-000000000000/resourceGroups/recao/providers/Microsoft.AppConfiguration/configurationStores/recao-test-621","name":"recao-test-621","location":"centralus","tags":{}},{"type":"Microsoft.AppConfiguration/configurationStores","properties":{"provisioningState":"Succeeded","creationDate":"2019-09-17T15:06:22+00:00","endpoint":"https://recao1.azconfig.io"},"sku":{"name":"free"},"id":"/subscriptions/00000000-0000-0000-0000-000000000000/resourceGroups/recao/providers/Microsoft.AppConfiguration/configurationStores/recao1","name":"recao1","location":"centralus","tags":{}},{"type":"Microsoft.AppConfiguration/configurationStores","properties":{"provisioningState":"Succeeded","creationDate":"2019-06-10T17:49:24+00:00","endpoint":"https://yijiacus.azconfig.io"},"sku":{"name":"free"},"id":"/subscriptions/00000000-0000-0000-0000-000000000000/resourceGroups/yijia/providers/Microsoft.AppConfiguration/configurationStores/yijiacus","name":"yijiacus","location":"centralus","tags":{}},{"type":"Microsoft.AppConfiguration/configurationStores","properties":{"provisioningState":"Succeeded","creationDate":"2019-03-14T18:43:22+00:00","endpoint":"https://yijiahahahaha.azconfig.io"},"sku":{"name":"free"},"id":"/subscriptions/00000000-0000-0000-0000-000000000000/resourceGroups/yijia/providers/Microsoft.AppConfiguration/configurationStores/yijiahahahaha","name":"yijiahahahaha","location":"centralus","tags":{}},{"type":"Microsoft.AppConfiguration/configurationStores","properties":{"provisioningState":"Succeeded","creationDate":"2019-10-25T18:47:53+00:00","endpoint":"https://appconfigstore.azconfig.io"},"sku":{"name":"free"},"id":"/subscriptions/00000000-0000-0000-0000-000000000000/resourceGroups/reservedappconfigstores/providers/Microsoft.AppConfiguration/configurationStores/appconfigstore","name":"AppConfigStore","location":"westus","tags":{}},{"type":"Microsoft.AppConfiguration/configurationStores","properties":{"provisioningState":"Succeeded","creationDate":"2019-02-07T19:09:14+00:00","endpoint":"https://appconfigteststorexuxu1.azconfig.io"},"sku":{"name":"free"},"id":"/subscriptions/00000000-0000-0000-0000-000000000000/resourceGroups/appconfigtestxuxu1/providers/Microsoft.AppConfiguration/configurationStores/appconfigteststorexuxu1","name":"AppConfigTestStoreXuxu1","location":"westus","tags":{}},{"type":"Microsoft.AppConfiguration/configurationStores","properties":{"provisioningState":"Succeeded","creationDate":"2019-10-25T18:47:27+00:00","endpoint":"https://appconfigurationstore.azconfig.io"},"sku":{"name":"free"},"id":"/subscriptions/00000000-0000-0000-0000-000000000000/resourceGroups/reservedappconfigstores/providers/Microsoft.AppConfiguration/configurationStores/appconfigurationstore","name":"AppConfigurationStore","location":"westus","tags":{}},{"type":"Microsoft.AppConfiguration/configurationStores","properties":{"provisioningState":"Succeeded","creationDate":"2019-07-08T17:49:46+00:00","endpoint":"https://clitest2019.azconfig.io"},"sku":{"name":"free"},"id":"/subscriptions/00000000-0000-0000-0000-000000000000/resourceGroups/shuawan/providers/Microsoft.AppConfiguration/configurationStores/clitest2019","name":"clitest2019","location":"westus","tags":{}},{"type":"Microsoft.AppConfiguration/configurationStores","properties":{"provisioningState":"Succeeded","creationDate":"2018-11-30T04:05:08+00:00","endpoint":"https://configbuilderdemo.azconfig.io"},"sku":{"name":"free"},"id":"/subscriptions/00000000-0000-0000-0000-000000000000/resourceGroups/appconfigloadtestrg/providers/Microsoft.AppConfiguration/configurationStores/configbuilderdemo","name":"ConfigBuilderDemo","location":"westus","tags":{}},{"type":"Microsoft.AppConfiguration/configurationStores","properties":{"provisioningState":"Succeeded","creationDate":"2019-10-03T17:04:49+00:00","endpoint":"https://configstore-delete.azconfig.io"},"sku":{"name":"free"},"id":"/subscriptions/00000000-0000-0000-0000-000000000000/resourceGroups/jimmyca-wus/providers/Microsoft.AppConfiguration/configurationStores/configstore-delete","name":"configstore-delete","location":"westus","tags":{}},{"type":"Microsoft.AppConfiguration/configurationStores","properties":{"provisioningState":"Succeeded","creationDate":"2019-02-25T18:52:34+00:00","endpoint":"https://configstoredemo.azconfig.io"},"sku":{"name":"free"},"id":"/subscriptions/00000000-0000-0000-0000-000000000000/resourceGroups/azcfg-demo/providers/Microsoft.AppConfiguration/configurationStores/configstoredemo","name":"ConfigStoreDemo","location":"westus","tags":{}},{"type":"Microsoft.AppConfiguration/configurationStores","properties":{"provisioningState":"Succeeded","creationDate":"2020-01-08T21:18:22+00:00","endpoint":"https://dotnetprovider-test.azconfig.io"},"sku":{"name":"free"},"id":"/subscriptions/00000000-0000-0000-0000-000000000000/resourceGroups/azconfig-test-infrastructure/providers/Microsoft.AppConfiguration/configurationStores/dotnetprovider-test","name":"dotnetprovider-test","location":"westus","tags":{}},{"type":"Microsoft.AppConfiguration/configurationStores","properties":{"provisioningState":"Succeeded","creationDate":"2019-11-11T21:43:12+00:00","endpoint":"https://ernestt-github-sync.azconfig.io"},"sku":{"name":"free"},"id":"/subscriptions/00000000-0000-0000-0000-000000000000/resourceGroups/ernestt-demo/providers/Microsoft.AppConfiguration/configurationStores/ernestt-github-sync","name":"ernestt-github-sync","location":"westus","tags":{}},{"type":"Microsoft.AppConfiguration/configurationStores","properties":{"provisioningState":"Succeeded","creationDate":"2019-11-06T21:37:41+00:00","endpoint":"https://ernestt-sync.azconfig.io"},"sku":{"name":"free"},"id":"/subscriptions/00000000-0000-0000-0000-000000000000/resourceGroups/ernestt-test/providers/Microsoft.AppConfiguration/configurationStores/ernestt-sync","name":"ernestt-sync","location":"westus","tags":{}},{"type":"Microsoft.AppConfiguration/configurationStores","properties":{"provisioningState":"Succeeded","creationDate":"2019-09-27T20:09:40+00:00","endpoint":"https://ernestt-test1.azconfig.io"},"sku":{"name":"free"},"id":"/subscriptions/00000000-0000-0000-0000-000000000000/resourceGroups/ernestt-test/providers/Microsoft.AppConfiguration/configurationStores/ernestt-test1","name":"ernestt-test1","location":"westus","tags":{}},{"type":"Microsoft.AppConfiguration/configurationStores","properties":{"provisioningState":"Succeeded","creationDate":"2019-09-05T00:02:55+00:00","endpoint":"https://eventgridpowerbi.azconfig.io"},"sku":{"name":"free"},"id":"/subscriptions/00000000-0000-0000-0000-000000000000/resourceGroups/xuxu-test/providers/Microsoft.AppConfiguration/configurationStores/eventgridpowerbi","name":"eventgridpowerbi","location":"westus","tags":{}},{"type":"Microsoft.AppConfiguration/configurationStores","properties":{"provisioningState":"Succeeded","creationDate":"2019-10-25T18:43:44+00:00","endpoint":"https://example.azconfig.io"},"sku":{"name":"free"},"id":"/subscriptions/00000000-0000-0000-0000-000000000000/resourceGroups/reservedappconfigstores/providers/Microsoft.AppConfiguration/configurationStores/example","name":"example","location":"westus","tags":{}},{"type":"Microsoft.AppConfiguration/configurationStores","properties":{"provisioningState":"Succeeded","creationDate":"2019-09-05T01:54:39+00:00","endpoint":"https://firstappconfig.azconfig.io"},"sku":{"name":"free"},"id":"/subscriptions/00000000-0000-0000-0000-000000000000/resourceGroups/avgupta-general-testing/providers/Microsoft.AppConfiguration/configurationStores/firstappconfig","name":"FirstAppConfig","location":"westus","tags":{}},{"type":"Microsoft.AppConfiguration/configurationStores","properties":{"provisioningState":"Succeeded","creationDate":"2019-02-12T08:30:46+00:00","endpoint":"https://garywang-create.azconfig.io"},"sku":{"name":"free"},"id":"/subscriptions/00000000-0000-0000-0000-000000000000/resourceGroups/garywangdemo/providers/Microsoft.AppConfiguration/configurationStores/garywang-create","name":"garywang-create","location":"westus","tags":{}},{"type":"Microsoft.AppConfiguration/configurationStores","properties":{"provisioningState":"Succeeded","creationDate":"2018-08-21T07:04:28+00:00","endpoint":"https://garywang-demo-store.azconfig.io"},"sku":{"name":"free"},"id":"/subscriptions/00000000-0000-0000-0000-000000000000/resourceGroups/garywangdemo/providers/Microsoft.AppConfiguration/configurationStores/garywang-demo-store","name":"garywang-demo-store","location":"westus","tags":{"123":"456","789":"000"}},{"type":"Microsoft.AppConfiguration/configurationStores","properties":{"provisioningState":"Succeeded","creationDate":"2019-02-15T20:37:33+00:00","endpoint":"https://garywang-new.azconfig.io"},"sku":{"name":"free"},"id":"/subscriptions/00000000-0000-0000-0000-000000000000/resourceGroups/garywangdemo/providers/Microsoft.AppConfiguration/configurationStores/garywang-new","name":"garywang-new","location":"westus","tags":{}},{"type":"Microsoft.AppConfiguration/configurationStores","properties":{"provisioningState":"Succeeded","creationDate":"2019-10-30T23:38:21+00:00","endpoint":"https://garywang10.azconfig.io"},"sku":{"name":"free"},"id":"/subscriptions/00000000-0000-0000-0000-000000000000/resourceGroups/garywangdemo/providers/Microsoft.AppConfiguration/configurationStores/garywang10","name":"garywang10","location":"westus","tags":{}},{"type":"Microsoft.AppConfiguration/configurationStores","properties":{"provisioningState":"Succeeded","creationDate":"2019-10-07T20:22:06+00:00","endpoint":"https://importexporttest.azconfig.io"},"sku":{"name":"free"},"id":"/subscriptions/00000000-0000-0000-0000-000000000000/resourceGroups/avgupta-feature-management/providers/Microsoft.AppConfiguration/configurationStores/importexporttest","name":"ImportExportTest","location":"westus","tags":{}},{"type":"Microsoft.AppConfiguration/configurationStores","properties":{"provisioningState":"Succeeded","creationDate":"2019-02-20T19:44:43+00:00","endpoint":"https://jimmyca-wus-appconfig.azconfig.io"},"sku":{"name":"free"},"id":"/subscriptions/00000000-0000-0000-0000-000000000000/resourceGroups/jimmyca-wus/providers/Microsoft.AppConfiguration/configurationStores/jimmyca-wus-appconfig","name":"jimmyca-wus-appconfig","location":"westus","tags":{}},{"type":"Microsoft.AppConfiguration/configurationStores","properties":{"provisioningState":"Succeeded","creationDate":"2019-11-07T18:45:10+00:00","endpoint":"https://jiyu-store.azconfig.io"},"sku":{"name":"standard"},"id":"/subscriptions/00000000-0000-0000-0000-000000000000/resourceGroups/jiyu/providers/Microsoft.AppConfiguration/configurationStores/jiyu-store","name":"JIYU-stORE","location":"westus","tags":{}},{"type":"Microsoft.AppConfiguration/configurationStores","properties":{"provisioningState":"Succeeded","creationDate":"2019-10-03T00:48:41+00:00","endpoint":"https://jiyu-test1.azconfig.io"},"sku":{"name":"free"},"id":"/subscriptions/00000000-0000-0000-0000-000000000000/resourceGroups/jiyu/providers/Microsoft.AppConfiguration/configurationStores/jiyu-test1","name":"jiyu-test1","location":"westus","tags":{}},{"type":"Microsoft.AppConfiguration/configurationStores","properties":{"provisioningState":"Succeeded","creationDate":"2020-01-16T00:05:20+00:00","endpoint":"https://jiyutest.azconfig.io"},"sku":{"name":"free"},"id":"/subscriptions/00000000-0000-0000-0000-000000000000/resourceGroups/jiyu/providers/Microsoft.AppConfiguration/configurationStores/jiyutest","name":"jiyutest","location":"westus","tags":{}},{"type":"Microsoft.AppConfiguration/configurationStores","properties":{"provisioningState":"Succeeded","creationDate":"2019-10-02T21:41:07+00:00","endpoint":"https://minint-appe4b4-funcprodwus-2019-10-02--21-41-03-48.azconfig.io"},"sku":{"name":"free"},"id":"/subscriptions/00000000-0000-0000-0000-000000000000/resourceGroups/runnerlocaldev-minint-appe4b4-funcrgprodwus/providers/Microsoft.AppConfiguration/configurationStores/minint-appe4b4-funcprodwus-2019-10-02--21-41-03-48","name":"MININT-APPE4B4-FuncProdWUS-2019-10-02--21-41-03-48","location":"westus","tags":{}},{"type":"Microsoft.AppConfiguration/configurationStores","properties":{"provisioningState":"Succeeded","creationDate":"2019-10-02T21:46:06+00:00","endpoint":"https://minint-appe4b4-funcprodwus-2019-10-02--21-46-03-44.azconfig.io"},"sku":{"name":"free"},"id":"/subscriptions/00000000-0000-0000-0000-000000000000/resourceGroups/runnerlocaldev-minint-appe4b4-funcrgprodwus/providers/Microsoft.AppConfiguration/configurationStores/minint-appe4b4-funcprodwus-2019-10-02--21-46-03-44","name":"MININT-APPE4B4-FuncProdWUS-2019-10-02--21-46-03-44","location":"westus","tags":{}},{"type":"Microsoft.AppConfiguration/configurationStores","properties":{"provisioningState":"Succeeded","creationDate":"2019-10-02T21:51:06+00:00","endpoint":"https://minint-appe4b4-funcprodwus-2019-10-02--21-51-03-42.azconfig.io"},"sku":{"name":"free"},"id":"/subscriptions/00000000-0000-0000-0000-000000000000/resourceGroups/runnerlocaldev-minint-appe4b4-funcrgprodwus/providers/Microsoft.AppConfiguration/configurationStores/minint-appe4b4-funcprodwus-2019-10-02--21-51-03-42","name":"MININT-APPE4B4-FuncProdWUS-2019-10-02--21-51-03-42","location":"westus","tags":{}},{"type":"Microsoft.AppConfiguration/configurationStores","properties":{"provisioningState":"Succeeded","creationDate":"2019-10-17T22:36:17+00:00","endpoint":"https://minint-appe4b4-funcprodwus-2019-10-17--22-36-02-05.azconfig.io"},"sku":{"name":"free"},"id":"/subscriptions/00000000-0000-0000-0000-000000000000/resourceGroups/runnerlocaldev-minint-appe4b4-funcrgprodwus/providers/Microsoft.AppConfiguration/configurationStores/minint-appe4b4-funcprodwus-2019-10-17--22-36-02-05","name":"MININT-APPE4B4-FuncProdWUS-2019-10-17--22-36-02-05","location":"westus","tags":{}},{"type":"Microsoft.AppConfiguration/configurationStores","properties":{"provisioningState":"Succeeded","creationDate":"2019-10-17T22:39:33+00:00","endpoint":"https://minint-appe4b4-funcprodwus-2019-10-17--22-39-24-15.azconfig.io"},"sku":{"name":"free"},"id":"/subscriptions/00000000-0000-0000-0000-000000000000/resourceGroups/runnerlocaldev-minint-appe4b4-funcrgprodwus/providers/Microsoft.AppConfiguration/configurationStores/minint-appe4b4-funcprodwus-2019-10-17--22-39-24-15","name":"MININT-APPE4B4-FuncProdWUS-2019-10-17--22-39-24-15","location":"westus","tags":{}},{"type":"Microsoft.AppConfiguration/configurationStores","properties":{"provisioningState":"Succeeded","creationDate":"2019-10-17T22:41:13+00:00","endpoint":"https://minint-appe4b4-funcprodwus-2019-10-17--22-41-04-11.azconfig.io"},"sku":{"name":"free"},"id":"/subscriptions/00000000-0000-0000-0000-000000000000/resourceGroups/runnerlocaldev-minint-appe4b4-funcrgprodwus/providers/Microsoft.AppConfiguration/configurationStores/minint-appe4b4-funcprodwus-2019-10-17--22-41-04-11","name":"MININT-APPE4B4-FuncProdWUS-2019-10-17--22-41-04-11","location":"westus","tags":{}},{"type":"Microsoft.AppConfiguration/configurationStores","properties":{"provisioningState":"Succeeded","creationDate":"2019-10-17T22:42:34+00:00","endpoint":"https://minint-appe4b4-funcprodwus-2019-10-17--22-42-30-44.azconfig.io"},"sku":{"name":"free"},"id":"/subscriptions/00000000-0000-0000-0000-000000000000/resourceGroups/runnerlocaldev-minint-appe4b4-funcrgprodwus/providers/Microsoft.AppConfiguration/configurationStores/minint-appe4b4-funcprodwus-2019-10-17--22-42-30-44","name":"MININT-APPE4B4-FuncProdWUS-2019-10-17--22-42-30-44","location":"westus","tags":{}},{"type":"Microsoft.AppConfiguration/configurationStores","properties":{"provisioningState":"Succeeded","creationDate":"2019-10-18T00:10:30+00:00","endpoint":"https://minint-appe4b4-funcprodwus-2019-10-18--00-10-20-37.azconfig.io"},"sku":{"name":"free"},"id":"/subscriptions/00000000-0000-0000-0000-000000000000/resourceGroups/runnerlocaldev-minint-appe4b4-funcrgprodwus/providers/Microsoft.AppConfiguration/configurationStores/minint-appe4b4-funcprodwus-2019-10-18--00-10-20-37","name":"MININT-APPE4B4-FuncProdWUS-2019-10-18--00-10-20-37","location":"westus","tags":{}},{"type":"Microsoft.AppConfiguration/configurationStores","identity":{"type":"SystemAssigned,
        UserAssigned","userAssignedIdentities":{"/subscriptions/00000000-0000-0000-0000-000000000000/resourceGroups/RunnerGlobal/providers/Microsoft.ManagedIdentity/userAssignedIdentities/RunnerIdentity":{"principalId":"d727fee8-86ce-47e5-8332-3c96d87e1346","clientId":"bade4c6b-6fe0-455e-bd11-3b6a7d6b8381"}},"principalId":"253bf5f6-0248-4ee4-9d7b-5737d646147f","tenantId":"72f988bf-86f1-41af-91ab-2d7cd011db47"},"properties":{"provisioningState":"Succeeded","creationDate":"2019-10-29T21:04:12+00:00","endpoint":"https://minint-appe4b4-funcprodwus-2019-10-29--21-04-00-90.azconfig.io"},"sku":{"name":"standard"},"id":"/subscriptions/00000000-0000-0000-0000-000000000000/resourceGroups/runnerlocaldev-minint-appe4b4-funcrgprodwus/providers/Microsoft.AppConfiguration/configurationStores/minint-appe4b4-funcprodwus-2019-10-29--21-04-00-90","name":"MININT-APPE4B4-FuncProdWUS-2019-10-29--21-04-00-90","location":"westus","tags":{}},{"type":"Microsoft.AppConfiguration/configurationStores","properties":{"provisioningState":"Succeeded","creationDate":"2019-10-29T21:08:32+00:00","endpoint":"https://minint-appe4b4-funcprodwus-2019-10-29--21-08-22-36.azconfig.io"},"sku":{"name":"standard"},"id":"/subscriptions/00000000-0000-0000-0000-000000000000/resourceGroups/runnerlocaldev-minint-appe4b4-funcrgprodwus/providers/Microsoft.AppConfiguration/configurationStores/minint-appe4b4-funcprodwus-2019-10-29--21-08-22-36","name":"MININT-APPE4B4-FuncProdWUS-2019-10-29--21-08-22-36","location":"westus","tags":{}},{"type":"Microsoft.AppConfiguration/configurationStores","identity":{"type":"SystemAssigned,
        UserAssigned","userAssignedIdentities":{"/subscriptions/00000000-0000-0000-0000-000000000000/resourceGroups/RunnerGlobal/providers/Microsoft.ManagedIdentity/userAssignedIdentities/RunnerIdentity":{"principalId":"d727fee8-86ce-47e5-8332-3c96d87e1346","clientId":"bade4c6b-6fe0-455e-bd11-3b6a7d6b8381"}},"principalId":"c9c64ebd-5abd-4180-b0a7-eda3c2f54364","tenantId":"72f988bf-86f1-41af-91ab-2d7cd011db47"},"properties":{"provisioningState":"Succeeded","creationDate":"2019-11-01T23:58:10+00:00","endpoint":"https://minint-appe4b4-funcprodwus-2019-11-01--23-58-06-52.azconfig.io"},"sku":{"name":"standard"},"id":"/subscriptions/00000000-0000-0000-0000-000000000000/resourceGroups/runnerlocaldev-minint-appe4b4-funcrgprodwus/providers/Microsoft.AppConfiguration/configurationStores/minint-appe4b4-funcprodwus-2019-11-01--23-58-06-52","name":"MININT-APPE4B4-FuncProdWUS-2019-11-01--23-58-06-52","location":"westus","tags":{}},{"type":"Microsoft.AppConfiguration/configurationStores","identity":{"type":"SystemAssigned,
        UserAssigned","userAssignedIdentities":{"/subscriptions/00000000-0000-0000-0000-000000000000/resourceGroups/RunnerGlobal/providers/Microsoft.ManagedIdentity/userAssignedIdentities/RunnerIdentity":{"principalId":"d727fee8-86ce-47e5-8332-3c96d87e1346","clientId":"bade4c6b-6fe0-455e-bd11-3b6a7d6b8381"}},"principalId":"6be0bac9-5f74-4a63-99bd-5457f8f3a1e3","tenantId":"72f988bf-86f1-41af-91ab-2d7cd011db47"},"properties":{"provisioningState":"Succeeded","creationDate":"2019-11-02T00:02:09+00:00","endpoint":"https://minint-appe4b4-funcprodwus-2019-11-02--00-01-54-32.azconfig.io"},"sku":{"name":"standard"},"id":"/subscriptions/00000000-0000-0000-0000-000000000000/resourceGroups/runnerlocaldev-minint-appe4b4-funcrgprodwus/providers/Microsoft.AppConfiguration/configurationStores/minint-appe4b4-funcprodwus-2019-11-02--00-01-54-32","name":"MININT-APPE4B4-FuncProdWUS-2019-11-02--00-01-54-32","location":"westus","tags":{}},{"type":"Microsoft.AppConfiguration/configurationStores","identity":{"type":"SystemAssigned,
        UserAssigned","userAssignedIdentities":{"/subscriptions/00000000-0000-0000-0000-000000000000/resourceGroups/RunnerGlobal/providers/Microsoft.ManagedIdentity/userAssignedIdentities/RunnerIdentity":{"principalId":"d727fee8-86ce-47e5-8332-3c96d87e1346","clientId":"bade4c6b-6fe0-455e-bd11-3b6a7d6b8381"}},"principalId":"b48046d5-8439-4dc4-8053-7e03e7d423a1","tenantId":"72f988bf-86f1-41af-91ab-2d7cd011db47"},"properties":{"provisioningState":"Succeeded","creationDate":"2019-11-02T00:05:26+00:00","endpoint":"https://minint-appe4b4-funcprodwus-2019-11-02--00-05-21-31.azconfig.io"},"sku":{"name":"standard"},"id":"/subscriptions/00000000-0000-0000-0000-000000000000/resourceGroups/runnerlocaldev-minint-appe4b4-funcrgprodwus/providers/Microsoft.AppConfiguration/configurationStores/minint-appe4b4-funcprodwus-2019-11-02--00-05-21-31","name":"MININT-APPE4B4-FuncProdWUS-2019-11-02--00-05-21-31","location":"westus","tags":{}},{"type":"Microsoft.AppConfiguration/configurationStores","properties":{"provisioningState":"Succeeded","creationDate":"2019-11-02T00:09:26+00:00","endpoint":"https://minint-appe4b4-funcprodwus-2019-11-02--00-09-16-34.azconfig.io"},"sku":{"name":"standard"},"id":"/subscriptions/00000000-0000-0000-0000-000000000000/resourceGroups/runnerlocaldev-minint-appe4b4-funcrgprodwus/providers/Microsoft.AppConfiguration/configurationStores/minint-appe4b4-funcprodwus-2019-11-02--00-09-16-34","name":"MININT-APPE4B4-FuncProdWUS-2019-11-02--00-09-16-34","location":"westus","tags":{}},{"type":"Microsoft.AppConfiguration/configurationStores","identity":{"type":"SystemAssigned,
        UserAssigned","userAssignedIdentities":{"/subscriptions/00000000-0000-0000-0000-000000000000/resourceGroups/RunnerGlobal/providers/Microsoft.ManagedIdentity/userAssignedIdentities/RunnerIdentity":{"principalId":"d727fee8-86ce-47e5-8332-3c96d87e1346","clientId":"bade4c6b-6fe0-455e-bd11-3b6a7d6b8381"}},"principalId":"2979c19a-6b1a-427a-abd7-8d4d638fcde3","tenantId":"72f988bf-86f1-41af-91ab-2d7cd011db47"},"properties":{"provisioningState":"Succeeded","creationDate":"2019-11-02T01:02:47+00:00","endpoint":"https://minint-appe4b4-funcprodwus-2019-11-02--01-02-31-51.azconfig.io"},"sku":{"name":"standard"},"id":"/subscriptions/00000000-0000-0000-0000-000000000000/resourceGroups/runnerlocaldev-minint-appe4b4-funcrgprodwus/providers/Microsoft.AppConfiguration/configurationStores/minint-appe4b4-funcprodwus-2019-11-02--01-02-31-51","name":"MININT-APPE4B4-FuncProdWUS-2019-11-02--01-02-31-51","location":"westus","tags":{}},{"type":"Microsoft.AppConfiguration/configurationStores","identity":{"type":"SystemAssigned,
        UserAssigned","userAssignedIdentities":{"/subscriptions/00000000-0000-0000-0000-000000000000/resourceGroups/RunnerGlobal/providers/Microsoft.ManagedIdentity/userAssignedIdentities/RunnerIdentity":{"principalId":"d727fee8-86ce-47e5-8332-3c96d87e1346","clientId":"bade4c6b-6fe0-455e-bd11-3b6a7d6b8381"}},"principalId":"e11b33aa-d362-4e48-b599-ce69897412d4","tenantId":"72f988bf-86f1-41af-91ab-2d7cd011db47"},"properties":{"provisioningState":"Succeeded","creationDate":"2019-11-02T01:05:44+00:00","endpoint":"https://minint-appe4b4-funcprodwus-2019-11-02--01-05-35-46.azconfig.io"},"sku":{"name":"standard"},"id":"/subscriptions/00000000-0000-0000-0000-000000000000/resourceGroups/runnerlocaldev-minint-appe4b4-funcrgprodwus/providers/Microsoft.AppConfiguration/configurationStores/minint-appe4b4-funcprodwus-2019-11-02--01-05-35-46","name":"MININT-APPE4B4-FuncProdWUS-2019-11-02--01-05-35-46","location":"westus","tags":{}},{"type":"Microsoft.AppConfiguration/configurationStores","properties":{"provisioningState":"Succeeded","creationDate":"2019-11-04T21:08:15+00:00","endpoint":"https://minint-appe4b4-funcprodwus-2019-11-04--21-08-10-24.azconfig.io"},"sku":{"name":"standard"},"id":"/subscriptions/00000000-0000-0000-0000-000000000000/resourceGroups/runnerlocaldev-minint-appe4b4-funcrgprodwus/providers/Microsoft.AppConfiguration/configurationStores/minint-appe4b4-funcprodwus-2019-11-04--21-08-10-24","name":"MININT-APPE4B4-FuncProdWUS-2019-11-04--21-08-10-24","location":"westus","tags":{}},{"type":"Microsoft.AppConfiguration/configurationStores","properties":{"provisioningState":"Succeeded","creationDate":"2019-11-04T21:10:13+00:00","endpoint":"https://minint-appe4b4-funcprodwus-2019-11-04--21-10-03-85.azconfig.io"},"sku":{"name":"standard"},"id":"/subscriptions/00000000-0000-0000-0000-000000000000/resourceGroups/runnerlocaldev-minint-appe4b4-funcrgprodwus/providers/Microsoft.AppConfiguration/configurationStores/minint-appe4b4-funcprodwus-2019-11-04--21-10-03-85","name":"MININT-APPE4B4-FuncProdWUS-2019-11-04--21-10-03-85","location":"westus","tags":{}},{"type":"Microsoft.AppConfiguration/configurationStores","identity":{"type":"SystemAssigned,
        UserAssigned","userAssignedIdentities":{"/subscriptions/00000000-0000-0000-0000-000000000000/resourceGroups/RunnerGlobal/providers/Microsoft.ManagedIdentity/userAssignedIdentities/RunnerIdentity":{"principalId":"d727fee8-86ce-47e5-8332-3c96d87e1346","clientId":"bade4c6b-6fe0-455e-bd11-3b6a7d6b8381"}},"principalId":"d3cc05e6-d490-4bc6-a936-2b85b74d0a20","tenantId":"72f988bf-86f1-41af-91ab-2d7cd011db47"},"properties":{"provisioningState":"Succeeded","creationDate":"2019-11-07T01:32:57+00:00","endpoint":"https://minint-appe4b4-funcprodwus-2019-11-07--01-32-52-78.azconfig.io"},"sku":{"name":"standard"},"id":"/subscriptions/00000000-0000-0000-0000-000000000000/resourceGroups/runnerlocaldev-minint-appe4b4-funcrgprodwus/providers/Microsoft.AppConfiguration/configurationStores/minint-appe4b4-funcprodwus-2019-11-07--01-32-52-78","name":"MININT-APPE4B4-FuncProdWUS-2019-11-07--01-32-52-78","location":"westus","tags":{}},{"type":"Microsoft.AppConfiguration/configurationStores","identity":{"type":"SystemAssigned,
        UserAssigned","userAssignedIdentities":{"/subscriptions/00000000-0000-0000-0000-000000000000/resourceGroups/RunnerGlobal/providers/Microsoft.ManagedIdentity/userAssignedIdentities/RunnerIdentity":{"principalId":"d727fee8-86ce-47e5-8332-3c96d87e1346","clientId":"bade4c6b-6fe0-455e-bd11-3b6a7d6b8381"}},"principalId":"ea9703e8-d942-4a91-ae6e-b3302ea5c256","tenantId":"72f988bf-86f1-41af-91ab-2d7cd011db47"},"properties":{"provisioningState":"Succeeded","creationDate":"2019-11-07T01:37:25+00:00","endpoint":"https://minint-appe4b4-funcprodwus-2019-11-07--01-37-15-73.azconfig.io"},"sku":{"name":"standard"},"id":"/subscriptions/00000000-0000-0000-0000-000000000000/resourceGroups/runnerlocaldev-minint-appe4b4-funcrgprodwus/providers/Microsoft.AppConfiguration/configurationStores/minint-appe4b4-funcprodwus-2019-11-07--01-37-15-73","name":"MININT-APPE4B4-FuncProdWUS-2019-11-07--01-37-15-73","location":"westus","tags":{}},{"type":"Microsoft.AppConfiguration/configurationStores","identity":{"type":"SystemAssigned,
        UserAssigned","userAssignedIdentities":{"/subscriptions/00000000-0000-0000-0000-000000000000/resourceGroups/RunnerGlobal/providers/Microsoft.ManagedIdentity/userAssignedIdentities/RunnerIdentity":{"principalId":"d727fee8-86ce-47e5-8332-3c96d87e1346","clientId":"bade4c6b-6fe0-455e-bd11-3b6a7d6b8381"}},"principalId":"ddd0206c-dc31-4549-a9d0-d569cf82fe0a","tenantId":"72f988bf-86f1-41af-91ab-2d7cd011db47"},"properties":{"provisioningState":"Succeeded","creationDate":"2020-01-10T20:05:19+00:00","endpoint":"https://minint-appe4b4-funcprodwus-2020-01-10--20-04-36-55.azconfig.io"},"sku":{"name":"standard"},"id":"/subscriptions/00000000-0000-0000-0000-000000000000/resourceGroups/runnerlocaldev-minint-appe4b4-funcrgprodwus/providers/Microsoft.AppConfiguration/configurationStores/minint-appe4b4-funcprodwus-2020-01-10--20-04-36-55","name":"MININT-APPE4B4-FuncProdWUS-2020-01-10--20-04-36-55","location":"westus","tags":{}},{"type":"Microsoft.AppConfiguration/configurationStores","properties":{"provisioningState":"Succeeded","creationDate":"2019-11-27T22:56:22+00:00","endpoint":"https://minint-appe4b4-msiprodwus.azconfig.io"},"sku":{"name":"free"},"id":"/subscriptions/00000000-0000-0000-0000-000000000000/resourceGroups/runnerlocaldev-minint-appe4b4-integrationrgprodwus/providers/Microsoft.AppConfiguration/configurationStores/minint-appe4b4-msiprodwus","name":"MININT-APPE4B4-MSIProdWUS","location":"westus","tags":{}},{"type":"Microsoft.AppConfiguration/configurationStores","identity":{"type":"SystemAssigned,
        UserAssigned","userAssignedIdentities":{"/subscriptions/00000000-0000-0000-0000-000000000000/resourceGroups/yijia/providers/Microsoft.ManagedIdentity/userAssignedIdentities/userIdentityShuai":{"principalId":"f2056d5b-119c-47db-907a-df832a4d3ba9","clientId":"f1d79a73-0da2-424e-80f4-40ffbcf9c233"}},"principalId":"62f962b4-6577-4a6a-a35a-3c8f6ce9df2a","tenantId":"72f988bf-86f1-41af-91ab-2d7cd011db47"},"properties":{"provisioningState":"Succeeded","creationDate":"2020-01-07T21:55:21+00:00","endpoint":"https://msitest0.azconfig.io"},"sku":{"name":"standard"},"id":"/subscriptions/00000000-0000-0000-0000-000000000000/resourceGroups/yijia/providers/Microsoft.AppConfiguration/configurationStores/msitest0","name":"msitest0","location":"westus","tags":{"k1":"v12"}},{"type":"Microsoft.AppConfiguration/configurationStores","properties":{"provisioningState":"Succeeded","creationDate":"2019-10-23T01:44:20+00:00","endpoint":"https://notification-test.azconfig.io"},"sku":{"name":"free"},"id":"/subscriptions/00000000-0000-0000-0000-000000000000/resourceGroups/azconfig-test-infrastructure/providers/Microsoft.AppConfiguration/configurationStores/notification-test","name":"notification-test","location":"westus","tags":{}},{"type":"Microsoft.AppConfiguration/configurationStores","properties":{"provisioningState":"Creating","creationDate":"2018-08-30T06:11:28+00:00","endpoint":"https://rprgprodwus_2018-08-30_06-11-24-92.azconfig.io"},"sku":{"name":"free"},"id":"/subscriptions/00000000-0000-0000-0000-000000000000/resourceGroups/runnerrprgprodwus_2018-08-30_06-11-24-92/providers/Microsoft.AppConfiguration/configurationStores/rprgprodwus_2018-08-30_06-11-24-92","name":"RPRGProdWus_2018-08-30_06-11-24-92","location":"westus","tags":{}},{"type":"Microsoft.AppConfiguration/configurationStores","properties":{"provisioningState":"Succeeded","creationDate":"2019-10-25T18:46:09+00:00","endpoint":"https://sample.azconfig.io"},"sku":{"name":"free"},"id":"/subscriptions/00000000-0000-0000-0000-000000000000/resourceGroups/reservedappconfigstores/providers/Microsoft.AppConfiguration/configurationStores/sample","name":"sample","location":"westus","tags":{}},{"type":"Microsoft.AppConfiguration/configurationStores","properties":{"provisioningState":"Creating","creationDate":"2018-09-19T19:02:56+00:00","endpoint":"https://store_2018-09-19_12-02-53.azconfig.io"},"sku":{"name":"free"},"id":"/subscriptions/00000000-0000-0000-0000-000000000000/resourceGroups/shuai-test-rg2/providers/Microsoft.AppConfiguration/configurationStores/store_2018-09-19_12-02-53","name":"store_2018-09-19_12-02-53","location":"westus","tags":{}},{"type":"Microsoft.AppConfiguration/configurationStores","properties":{"provisioningState":"Succeeded","creationDate":"2019-10-16T23:42:04+00:00","endpoint":"https://sync-integration-source.azconfig.io"},"sku":{"name":"free"},"id":"/subscriptions/00000000-0000-0000-0000-000000000000/resourceGroups/azconfig-test-infrastructure/providers/Microsoft.AppConfiguration/configurationStores/sync-integration-source","name":"sync-integration-source","location":"westus","tags":{}},{"type":"Microsoft.AppConfiguration/configurationStores","properties":{"provisioningState":"Succeeded","creationDate":"2019-10-16T23:43:37+00:00","endpoint":"https://sync-integration-target.azconfig.io"},"sku":{"name":"free"},"id":"/subscriptions/00000000-0000-0000-0000-000000000000/resourceGroups/azconfig-test-infrastructure/providers/Microsoft.AppConfiguration/configurationStores/sync-integration-target","name":"sync-integration-target","location":"westus","tags":{}},{"type":"Microsoft.AppConfiguration/configurationStores","properties":{"provisioningState":"Succeeded","creationDate":"2019-09-11T18:55:52+00:00","endpoint":"https://xuxu-coreprodwus.azconfig.io"},"sku":{"name":"free"},"id":"/subscriptions/00000000-0000-0000-0000-000000000000/resourceGroups/runnerlocaldev-minint-appe4b4-corergprodwus/providers/Microsoft.AppConfiguration/configurationStores/xuxu-coreprodwus","name":"xuxu-CoreProdWUS","location":"westus","tags":{}},{"type":"Microsoft.AppConfiguration/configurationStores","properties":{"provisioningState":"Succeeded","creationDate":"2019-09-11T18:59:14+00:00","endpoint":"https://xuxu-moveprodwus-09-11--18-56-45.azconfig.io"},"sku":{"name":"free"},"id":"/subscriptions/00000000-0000-0000-0000-000000000000/resourceGroups/runnerlocaldev-minint-appe4b4-targetrgformovetestprodwus/providers/Microsoft.AppConfiguration/configurationStores/xuxu-moveprodwus-09-11--18-56-45","name":"xuxu-MoveProdWUS-09-11--18-56-45","location":"westus","tags":{}},{"type":"Microsoft.AppConfiguration/configurationStores","properties":{"provisioningState":"Succeeded","creationDate":"2019-09-12T18:53:54+00:00","endpoint":"https://xuxu2.azconfig.io"},"sku":{"name":"free"},"id":"/subscriptions/00000000-0000-0000-0000-000000000000/resourceGroups/appconfigtestxuxu1/providers/Microsoft.AppConfiguration/configurationStores/xuxu2","name":"xuxu2","location":"westus","tags":{}},{"type":"Microsoft.AppConfiguration/configurationStores","properties":{"provisioningState":"Succeeded","creationDate":"2019-09-12T20:55:48+00:00","endpoint":"https://xuxu3.azconfig.io"},"sku":{"name":"free"},"id":"/subscriptions/00000000-0000-0000-0000-000000000000/resourceGroups/runnerlocaldev-minint-appe4b4-targetrgformovetestprodwus/providers/Microsoft.AppConfiguration/configurationStores/xuxu3","name":"xuxu3","location":"westus","tags":{}},{"type":"Microsoft.AppConfiguration/configurationStores","properties":{"provisioningState":"Succeeded","creationDate":"2019-10-09T03:01:18+00:00","endpoint":"https://xuxu4.azconfig.io"},"sku":{"name":"free"},"id":"/subscriptions/00000000-0000-0000-0000-000000000000/resourceGroups/runnerlocaldev-minint-appe4b4-targetrgformovetestprodwus/providers/Microsoft.AppConfiguration/configurationStores/xuxu4","name":"XUXU4","location":"westus","tags":{}},{"type":"Microsoft.AppConfiguration/configurationStores","properties":{"provisioningState":"Succeeded","creationDate":"2019-08-20T01:00:29+00:00","endpoint":"https://xuxucorerunnerconfigstoreprodwus.azconfig.io"},"sku":{"name":"free"},"id":"/subscriptions/00000000-0000-0000-0000-000000000000/resourceGroups/xuxucorerunnerresourcegroupprodwus/providers/Microsoft.AppConfiguration/configurationStores/xuxucorerunnerconfigstoreprodwus","name":"xuxuCoreRunnerConfigStoreProdWus","location":"westus","tags":{}},{"type":"Microsoft.AppConfiguration/configurationStores","properties":{"provisioningState":"Succeeded","creationDate":"2019-10-07T18:14:42+00:00","endpoint":"https://xuxumovetest.azconfig.io"},"sku":{"name":"free"},"id":"/subscriptions/00000000-0000-0000-0000-000000000000/resourceGroups/runnerlocaldev-minint-appe4b4-targetrgformovetestprodwus/providers/Microsoft.AppConfiguration/configurationStores/xuxumovetest","name":"xuxumovetest","location":"westus","tags":{}},{"type":"Microsoft.AppConfiguration/configurationStores","properties":{"provisioningState":"Succeeded","creationDate":"2019-02-22T21:58:58+00:00","endpoint":"https://xuxutest2.azconfig.io"},"sku":{"name":"free"},"id":"/subscriptions/00000000-0000-0000-0000-000000000000/resourceGroups/xuxu_test/providers/Microsoft.AppConfiguration/configurationStores/xuxutest2","name":"xuxutest2","location":"westus","tags":{}},{"type":"Microsoft.AppConfiguration/configurationStores","properties":{"provisioningState":"Succeeded","creationDate":"2019-01-23T22:43:48+00:00","endpoint":"https://xuxuteststore.azconfig.io"},"sku":{"name":"free"},"id":"/subscriptions/00000000-0000-0000-0000-000000000000/resourceGroups/xuxu_test/providers/Microsoft.AppConfiguration/configurationStores/xuxuteststore","name":"xuxuteststore","location":"westus","tags":{}},{"type":"Microsoft.AppConfiguration/configurationStores","properties":{"provisioningState":"Succeeded","creationDate":"2019-10-29T23:05:33+00:00","endpoint":"https://yijia03.azconfig.io"},"sku":{"name":"free"},"id":"/subscriptions/00000000-0000-0000-0000-000000000000/resourceGroups/yijia/providers/Microsoft.AppConfiguration/configurationStores/yijia03","name":"yijia03","location":"westus","tags":{}},{"type":"Microsoft.AppConfiguration/configurationStores","properties":{"provisioningState":"Succeeded","creationDate":"2019-03-12T00:07:48+00:00","endpoint":"https://yijia04.azconfig.io"},"sku":{"name":"free"},"id":"/subscriptions/00000000-0000-0000-0000-000000000000/resourceGroups/yijia/providers/Microsoft.AppConfiguration/configurationStores/yijia04","name":"yijia04","location":"westus","tags":{"v1":"g1"}},{"type":"Microsoft.AppConfiguration/configurationStores","properties":{"provisioningState":"Succeeded","creationDate":"2019-05-07T00:14:48+00:00","endpoint":"https://yijiaascii.azconfig.io"},"sku":{"name":"free"},"id":"/subscriptions/00000000-0000-0000-0000-000000000000/resourceGroups/yijia/providers/Microsoft.AppConfiguration/configurationStores/yijiaascii","name":"yijiaascii","location":"westus","tags":{}},{"type":"Microsoft.AppConfiguration/configurationStores","properties":{"provisioningState":"Succeeded","creationDate":"2019-07-11T20:24:11+00:00","endpoint":"https://yijiaskutest.azconfig.io"},"sku":{"name":"free"},"id":"/subscriptions/00000000-0000-0000-0000-000000000000/resourceGroups/yijia/providers/Microsoft.AppConfiguration/configurationStores/yijiaskutest","name":"yijiaskutest","location":"westus","tags":{}},{"type":"Microsoft.AppConfiguration/configurationStores","properties":{"provisioningState":"Succeeded","creationDate":"2019-09-16T22:06:51+00:00","endpoint":"https://appconfigspringhubdemo.azconfig.io"},"sku":{"name":"free"},"id":"/subscriptions/00000000-0000-0000-0000-000000000000/resourceGroups/mametcal/providers/Microsoft.AppConfiguration/configurationStores/appconfigspringhubdemo","name":"AppConfigSpringHubDemo","location":"eastus","tags":{}},{"type":"Microsoft.AppConfiguration/configurationStores","properties":{"provisioningState":"Succeeded","creationDate":"2019-10-10T16:35:08+00:00","endpoint":"https://appconvertappconfig.azconfig.io"},"sku":{"name":"free"},"id":"/subscriptions/00000000-0000-0000-0000-000000000000/resourceGroups/appconvertsample/providers/Microsoft.AppConfiguration/configurationStores/appconvertappconfig","name":"AppConvertAppConfig","location":"eastus","tags":{}},{"type":"Microsoft.AppConfiguration/configurationStores","properties":{"provisioningState":"Succeeded","creationDate":"2019-12-02T21:20:00+00:00","endpoint":"https://avani.azconfig.io"},"sku":{"name":"free"},"id":"/subscriptions/00000000-0000-0000-0000-000000000000/resourceGroups/avgupta-general-testing/providers/Microsoft.AppConfiguration/configurationStores/avani","name":"avani","location":"eastus","tags":{}},{"type":"Microsoft.AppConfiguration/configurationStores","properties":{"provisioningState":"Succeeded","creationDate":"2019-06-25T21:06:34+00:00","endpoint":"https://clitest.azconfig.io"},"sku":{"name":"free"},"id":"/subscriptions/00000000-0000-0000-0000-000000000000/resourceGroups/yijia/providers/Microsoft.AppConfiguration/configurationStores/clitest","name":"clitest","location":"eastus","tags":{}},{"type":"Microsoft.AppConfiguration/configurationStores","properties":{"provisioningState":"Succeeded","creationDate":"2020-01-17T05:20:20+00:00","endpoint":"https://credentialtest4skiaqnws7.azconfig.io"},"sku":{"name":"standard"},"id":"/subscriptions/00000000-0000-0000-0000-000000000000/resourceGroups/clitest.rg000001/providers/Microsoft.AppConfiguration/configurationStores/credentialtest4skiaqnws7","name":"CredentialTest000002","location":"eastus","tags":{}},{"type":"Microsoft.AppConfiguration/configurationStores","properties":{"provisioningState":"Succeeded","creationDate":"2020-01-17T05:20:16+00:00","endpoint":"https://featurefiltertestauv6c4n.azconfig.io"},"sku":{"name":"standard"},"id":"/subscriptions/00000000-0000-0000-0000-000000000000/resourceGroups/clitest.rgxattlnajcimrqgipwfd2lpn7qixtpcpvgrrjjx7tdp2guzafaihpn3thzcak4iqj6/providers/Microsoft.AppConfiguration/configurationStores/featurefiltertestauv6c4n","name":"FeatureFilterTestauv6c4n","location":"eastus","tags":{}},{"type":"Microsoft.AppConfiguration/configurationStores","properties":{"provisioningState":"Succeeded","creationDate":"2020-01-17T05:20:15+00:00","endpoint":"https://featuretestxjlu6nun4f7hc.azconfig.io"},"sku":{"name":"standard"},"id":"/subscriptions/00000000-0000-0000-0000-000000000000/resourceGroups/clitest.rgndl3wrcnnde7j4kslhmedk2ktgdy4gwmhwgoyh2eebexxmwcu457a4odcapdfaxn5/providers/Microsoft.AppConfiguration/configurationStores/featuretestxjlu6nun4f7hc","name":"FeatureTestxjlu6nun4f7hc","location":"eastus","tags":{}},{"type":"Microsoft.AppConfiguration/configurationStores","identity":{"type":"SystemAssigned","principalId":"e0f22d80-b21a-4672-8997-b3ab8950e60f","tenantId":"72f988bf-86f1-41af-91ab-2d7cd011db47"},"properties":{"provisioningState":"Succeeded","creationDate":"2020-01-17T05:20:15+00:00","endpoint":"https://identitytestfxnon7r4ta7j.azconfig.io"},"sku":{"name":"standard"},"id":"/subscriptions/00000000-0000-0000-0000-000000000000/resourceGroups/clitest.rgvqobarxg3w2tj46fbdm2nnrmwzalg7ydmmya53boqlt5sxko4ydfwjaexw3ozwye4/providers/Microsoft.AppConfiguration/configurationStores/identitytestfxnon7r4ta7j","name":"IdentityTestfxnon7r4ta7j","location":"eastus","tags":{}},{"type":"Microsoft.AppConfiguration/configurationStores","properties":{"provisioningState":"Succeeded","creationDate":"2020-01-17T05:20:15+00:00","endpoint":"https://importexporttestxj3rsohe.azconfig.io"},"sku":{"name":"standard"},"id":"/subscriptions/00000000-0000-0000-0000-000000000000/resourceGroups/clitest.rgmvur6jkq66hzrfkhdio4rmvh3p7c27pbxa3pkdiwk4pztp63k3zdvyqocgvt7ofn5/providers/Microsoft.AppConfiguration/configurationStores/importexporttestxj3rsohe","name":"ImportExportTestxj3rsohe","location":"eastus","tags":{}},{"type":"Microsoft.AppConfiguration/configurationStores","properties":{"provisioningState":"Succeeded","creationDate":"2020-01-17T05:20:15+00:00","endpoint":"https://importtest62vgwhookbksvi.azconfig.io"},"sku":{"name":"standard"},"id":"/subscriptions/00000000-0000-0000-0000-000000000000/resourceGroups/clitest.rgdnezprvcwaee6ulu7m7xwzifia4ynmlslimtjt4rsoxkpneebssrhocage33mrmy2/providers/Microsoft.AppConfiguration/configurationStores/importtest62vgwhookbksvi","name":"ImportTest62vgwhookbksvi","location":"eastus","tags":{}},{"type":"Microsoft.AppConfiguration/configurationStores","properties":{"provisioningState":"Succeeded","creationDate":"2019-10-03T20:02:51+00:00","endpoint":"https://jiyu-test2.azconfig.io"},"sku":{"name":"free"},"id":"/subscriptions/00000000-0000-0000-0000-000000000000/resourceGroups/jiyu/providers/Microsoft.AppConfiguration/configurationStores/jiyu-test2","name":"jiyu-test2","location":"eastus","tags":{}},{"type":"Microsoft.AppConfiguration/configurationStores","properties":{"provisioningState":"Succeeded","creationDate":"2020-01-17T05:20:15+00:00","endpoint":"https://kvtest6r6lso6aykbc5pnfle.azconfig.io"},"sku":{"name":"standard"},"id":"/subscriptions/00000000-0000-0000-0000-000000000000/resourceGroups/clitest.rgwemetgmepcjqhgmhpnuidbeqoaymakgywcpzffnndlnjnjq3az7a3pcxj732p6xvq/providers/Microsoft.AppConfiguration/configurationStores/kvtest6r6lso6aykbc5pnfle","name":"KVTest6r6lso6aykbc5pnfle","location":"eastus","tags":{}},{"type":"Microsoft.AppConfiguration/configurationStores","properties":{"provisioningState":"Succeeded","creationDate":"2019-11-12T18:43:35+00:00","endpoint":"https://minint-appe4b4-coreprodeus.azconfig.io"},"sku":{"name":"free"},"id":"/subscriptions/00000000-0000-0000-0000-000000000000/resourceGroups/runnerlocaldev-minint-appe4b4-corergprodeus/providers/Microsoft.AppConfiguration/configurationStores/minint-appe4b4-coreprodeus","name":"MININT-APPE4B4-CoreProdEUS","location":"eastus","tags":{}},{"type":"Microsoft.AppConfiguration/configurationStores","identity":{"type":"SystemAssigned,
        UserAssigned","userAssignedIdentities":{"/subscriptions/00000000-0000-0000-0000-000000000000/resourceGroups/RunnerGlobal/providers/Microsoft.ManagedIdentity/userAssignedIdentities/RunnerIdentity":{"principalId":"d727fee8-86ce-47e5-8332-3c96d87e1346","clientId":"bade4c6b-6fe0-455e-bd11-3b6a7d6b8381"}},"principalId":"190d4922-5806-460b-a4b2-97bc3d3d5e91","tenantId":"72f988bf-86f1-41af-91ab-2d7cd011db47"},"properties":{"provisioningState":"Succeeded","creationDate":"2019-11-07T18:47:29+00:00","endpoint":"https://minint-appe4b4-funcprodeus-2019-11-07--18-47-12-71.azconfig.io"},"sku":{"name":"standard"},"id":"/subscriptions/00000000-0000-0000-0000-000000000000/resourceGroups/runnerlocaldev-minint-appe4b4-funcrgprodeus/providers/Microsoft.AppConfiguration/configurationStores/minint-appe4b4-funcprodeus-2019-11-07--18-47-12-71","name":"MININT-APPE4B4-FuncProdEUS-2019-11-07--18-47-12-71","location":"eastus","tags":{}},{"type":"Microsoft.AppConfiguration/configurationStores","identity":{"type":"SystemAssigned,
        UserAssigned","userAssignedIdentities":{"/subscriptions/00000000-0000-0000-0000-000000000000/resourceGroups/RunnerGlobal/providers/Microsoft.ManagedIdentity/userAssignedIdentities/RunnerIdentity":{"principalId":"d727fee8-86ce-47e5-8332-3c96d87e1346","clientId":"bade4c6b-6fe0-455e-bd11-3b6a7d6b8381"}},"principalId":"2aa5f431-20d4-4bfd-93d4-59a14b0ad4bf","tenantId":"72f988bf-86f1-41af-91ab-2d7cd011db47"},"properties":{"provisioningState":"Succeeded","creationDate":"2019-11-07T18:52:43+00:00","endpoint":"https://minint-appe4b4-funcprodeus-2019-11-07--18-52-37-32.azconfig.io"},"sku":{"name":"standard"},"id":"/subscriptions/00000000-0000-0000-0000-000000000000/resourceGroups/runnerlocaldev-minint-appe4b4-funcrgprodeus/providers/Microsoft.AppConfiguration/configurationStores/minint-appe4b4-funcprodeus-2019-11-07--18-52-37-32","name":"MININT-APPE4B4-FuncProdEUS-2019-11-07--18-52-37-32","location":"eastus","tags":{}},{"type":"Microsoft.AppConfiguration/configurationStores","properties":{"provisioningState":"Succeeded","creationDate":"2020-01-17T05:20:15+00:00","endpoint":"https://namingconventiontestjttz.azconfig.io"},"sku":{"name":"standard"},"id":"/subscriptions/00000000-0000-0000-0000-000000000000/resourceGroups/clitest.rghdmmb4pofy3weurdxpuigxqdbkqw5plqytwrj5ufrqren7jn5ys7exsyvbexanben/providers/Microsoft.AppConfiguration/configurationStores/namingconventiontestjttz","name":"NamingConventionTestjttz","location":"eastus","tags":{}},{"type":"Microsoft.AppConfiguration/configurationStores","properties":{"provisioningState":"Succeeded","creationDate":"2019-10-02T22:25:30+00:00","endpoint":"https://recao1002.azconfig.io"},"sku":{"name":"free"},"id":"/subscriptions/00000000-0000-0000-0000-000000000000/resourceGroups/recao/providers/Microsoft.AppConfiguration/configurationStores/recao1002","name":"recao1002","location":"eastus","tags":{}},{"type":"Microsoft.AppConfiguration/configurationStores","properties":{"provisioningState":"Succeeded","creationDate":"2019-11-27T00:05:14+00:00","endpoint":"https://vijay-eus.azconfig.io"},"sku":{"name":"free"},"id":"/subscriptions/00000000-0000-0000-0000-000000000000/resourceGroups/vijay-shoebox/providers/Microsoft.AppConfiguration/configurationStores/vijay-eus","name":"vijay-eus","location":"eastus","tags":{}},{"type":"Microsoft.AppConfiguration/configurationStores","properties":{"provisioningState":"Succeeded","creationDate":"2019-03-13T19:25:01+00:00","endpoint":"https://webscoutscantarget.azconfig.io"},"sku":{"name":"free"},"id":"/subscriptions/00000000-0000-0000-0000-000000000000/resourceGroups/azconfig-test-infrastructure/providers/Microsoft.AppConfiguration/configurationStores/webscoutscantarget","name":"WebScoutScanTarget","location":"eastus","tags":{}},{"type":"Microsoft.AppConfiguration/configurationStores","properties":{"provisioningState":"Succeeded","creationDate":"2020-01-14T19:03:04+00:00","endpoint":"https://jimmyca-weu.azconfig.io"},"sku":{"name":"free"},"id":"/subscriptions/00000000-0000-0000-0000-000000000000/resourceGroups/jimmyca-weu/providers/Microsoft.AppConfiguration/configurationStores/jimmyca-weu","name":"jimmyca-weu","location":"westeurope","tags":{}},{"type":"Microsoft.AppConfiguration/configurationStores","properties":{"provisioningState":"Succeeded","creationDate":"2019-10-01T22:47:38+00:00","endpoint":"https://jiyu-test.azconfig.io"},"sku":{"name":"standard"},"id":"/subscriptions/00000000-0000-0000-0000-000000000000/resourceGroups/jiyu-rg/providers/Microsoft.AppConfiguration/configurationStores/jiyu-test","name":"jiyu-test","location":"northeurope","tags":{}},{"type":"Microsoft.AppConfiguration/configurationStores","properties":{"provisioningState":"Succeeded","creationDate":"2019-09-10T01:03:58+00:00","endpoint":"https://minint-appe4b4-coreprodneu.azconfig.io"},"sku":{"name":"free"},"id":"/subscriptions/00000000-0000-0000-0000-000000000000/resourceGroups/runnerlocaldev-minint-appe4b4-corergprodneu/providers/Microsoft.AppConfiguration/configurationStores/minint-appe4b4-coreprodneu","name":"MININT-APPE4B4-CoreProdNEU","location":"northeurope","tags":{}},{"type":"Microsoft.AppConfiguration/configurationStores","properties":{"provisioningState":"Succeeded","creationDate":"2019-09-10T22:23:50+00:00","endpoint":"https://minint-appe4b4-funcprodneu-2019-09-10--22-23-34-92.azconfig.io"},"sku":{"name":"free"},"id":"/subscriptions/00000000-0000-0000-0000-000000000000/resourceGroups/runnerlocaldev-minint-appe4b4-funcrgprodneu/providers/Microsoft.AppConfiguration/configurationStores/minint-appe4b4-funcprodneu-2019-09-10--22-23-34-92","name":"MININT-APPE4B4-FuncProdNEU-2019-09-10--22-23-34-92","location":"northeurope","tags":{}},{"type":"Microsoft.AppConfiguration/configurationStores","properties":{"provisioningState":"Succeeded","creationDate":"2019-10-07T16:55:20+00:00","endpoint":"https://a-----a.azconfig.io"},"sku":{"name":"free"},"id":"/subscriptions/00000000-0000-0000-0000-000000000000/resourceGroups/mametcal/providers/Microsoft.AppConfiguration/configurationStores/a-----a","name":"a-----a","location":"westus2","tags":{}},{"type":"Microsoft.AppConfiguration/configurationStores","properties":{"provisioningState":"Succeeded","creationDate":"2020-01-08T20:47:12+00:00","endpoint":"https://abarora-test.azconfig.io"},"sku":{"name":"free"},"id":"/subscriptions/00000000-0000-0000-0000-000000000000/resourceGroups/abarora-test/providers/Microsoft.AppConfiguration/configurationStores/abarora-test","name":"abarora-test","location":"westus2","tags":{}},{"type":"Microsoft.AppConfiguration/configurationStores","properties":{"provisioningState":"Succeeded","creationDate":"2019-10-21T21:53:17+00:00","endpoint":"https://recao1021.azconfig.io"},"sku":{"name":"free"},"id":"/subscriptions/00000000-0000-0000-0000-000000000000/resourceGroups/recao/providers/Microsoft.AppConfiguration/configurationStores/recao1021","name":"recao1021","location":"westus2","tags":{}},{"type":"Microsoft.AppConfiguration/configurationStores","properties":{"provisioningState":"Succeeded","creationDate":"2020-01-16T20:35:36+00:00","endpoint":"https://ernestt-test2.azconfig.io"},"sku":{"name":"free"},"id":"/subscriptions/00000000-0000-0000-0000-000000000000/resourceGroups/ernestt-test/providers/Microsoft.AppConfiguration/configurationStores/ernestt-test2","name":"ernestt-test2","location":"eastus2euap","tags":{}},{"type":"Microsoft.AppConfiguration/configurationStores","properties":{"provisioningState":"Succeeded","creationDate":"2019-11-06T19:16:56+00:00","endpoint":"https://recao11062.azconfig.io"},"sku":{"name":"free"},"id":"/subscriptions/00000000-0000-0000-0000-000000000000/resourceGroups/recao/providers/Microsoft.AppConfiguration/configurationStores/recao11062","name":"recao11062","location":"eastus2euap","tags":{}},{"type":"Microsoft.AppConfiguration/configurationStores","properties":{"provisioningState":"Succeeded","creationDate":"2019-09-26T23:21:29+00:00","endpoint":"https://recao926.azconfig.io"},"sku":{"name":"free"},"id":"/subscriptions/00000000-0000-0000-0000-000000000000/resourceGroups/recao/providers/Microsoft.AppConfiguration/configurationStores/recao926","name":"recao926","location":"eastus2euap","tags":{}},{"type":"Microsoft.AppConfiguration/configurationStores","properties":{"provisioningState":"Succeeded","creationDate":"2019-09-30T18:27:25+00:00","endpoint":"https://recao9302.azconfig.io"},"sku":{"name":"free"},"id":"/subscriptions/00000000-0000-0000-0000-000000000000/resourceGroups/recao/providers/Microsoft.AppConfiguration/configurationStores/recao9302","name":"recao9302","location":"eastus2euap","tags":{}},{"type":"Microsoft.AppConfiguration/configurationStores","properties":{"provisioningState":"Succeeded","creationDate":"2019-11-21T00:29:25+00:00","endpoint":"https://storeincanary.azconfig.io"},"sku":{"name":"free"},"id":"/subscriptions/00000000-0000-0000-0000-000000000000/resourceGroups/zhenlwa/providers/Microsoft.AppConfiguration/configurationStores/storeincanary","name":"StoreInCanary","location":"eastus2euap","tags":{}},{"type":"Microsoft.AppConfiguration/configurationStores","properties":{"provisioningState":"Succeeded","creationDate":"2019-09-30T19:32:12+00:00","endpoint":"https://testmametcal.azconfig.io"},"sku":{"name":"free"},"id":"/subscriptions/00000000-0000-0000-0000-000000000000/resourceGroups/mametcal/providers/Microsoft.AppConfiguration/configurationStores/testmametcal","name":"testMaMetcal","location":"eastus2euap","tags":{}},{"type":"Microsoft.AppConfiguration/configurationStores","properties":{"provisioningState":"Succeeded","creationDate":"2019-07-11T00:49:38+00:00","endpoint":"https://testnotification.azconfig.io"},"sku":{"name":"free"},"id":"/subscriptions/00000000-0000-0000-0000-000000000000/resourceGroups/shuawan/providers/Microsoft.AppConfiguration/configurationStores/testnotification","name":"testNotification","location":"eastus2euap","tags":{}},{"type":"Microsoft.AppConfiguration/configurationStores","properties":{"provisioningState":"Succeeded","creationDate":"2019-11-21T21:59:54+00:00","endpoint":"https://vijay-canary.azconfig.io"},"sku":{"name":"free"},"id":"/subscriptions/00000000-0000-0000-0000-000000000000/resourceGroups/vijay-test/providers/Microsoft.AppConfiguration/configurationStores/vijay-canary","name":"vijay-canary","location":"eastus2euap","tags":{}},{"type":"Microsoft.AppConfiguration/configurationStores","properties":{"provisioningState":"Succeeded","creationDate":"2019-11-04T23:14:46+00:00","endpoint":"https://xuxu-funcprodeus2euap-2019-11-04--23-14-39-96.azconfig.io"},"sku":{"name":"standard"},"id":"/subscriptions/00000000-0000-0000-0000-000000000000/resourceGroups/runnerlocaldev-minint-appe4b4-funcrgprodeus2euap/providers/Microsoft.AppConfiguration/configurationStores/xuxu-funcprodeus2euap-2019-11-04--23-14-39-96","name":"xuxu-FuncProdEUS2EUAP-2019-11-04--23-14-39-96","location":"eastus2euap","tags":{}},{"type":"Microsoft.AppConfiguration/configurationStores","properties":{"provisioningState":"Succeeded","creationDate":"2019-11-04T23:24:50+00:00","endpoint":"https://xuxu-funcprodeus2euap-2019-11-04--23-24-39-94.azconfig.io"},"sku":{"name":"standard"},"id":"/subscriptions/00000000-0000-0000-0000-000000000000/resourceGroups/runnerlocaldev-minint-appe4b4-funcrgprodeus2euap/providers/Microsoft.AppConfiguration/configurationStores/xuxu-funcprodeus2euap-2019-11-04--23-24-39-94","name":"xuxu-FuncProdEUS2EUAP-2019-11-04--23-24-39-94","location":"eastus2euap","tags":{}},{"type":"Microsoft.AppConfiguration/configurationStores","properties":{"provisioningState":"Succeeded","creationDate":"2019-11-04T23:28:17+00:00","endpoint":"https://xuxu-funcprodeus2euap-2019-11-04--23-28-06-97.azconfig.io"},"sku":{"name":"standard"},"id":"/subscriptions/00000000-0000-0000-0000-000000000000/resourceGroups/runnerlocaldev-minint-appe4b4-funcrgprodeus2euap/providers/Microsoft.AppConfiguration/configurationStores/xuxu-funcprodeus2euap-2019-11-04--23-28-06-97","name":"xuxu-FuncProdEUS2EUAP-2019-11-04--23-28-06-97","location":"eastus2euap","tags":{}},{"type":"Microsoft.AppConfiguration/configurationStores","properties":{"provisioningState":"Succeeded","creationDate":"2019-11-05T22:54:39+00:00","endpoint":"https://xuxu-funcprodeus2euap-2019-11-05--22-54-23-15.azconfig.io"},"sku":{"name":"standard"},"id":"/subscriptions/00000000-0000-0000-0000-000000000000/resourceGroups/runnerlocaldev-minint-appe4b4-funcrgprodeus2euap/providers/Microsoft.AppConfiguration/configurationStores/xuxu-funcprodeus2euap-2019-11-05--22-54-23-15","name":"xuxu-FuncProdEUS2EUAP-2019-11-05--22-54-23-15","location":"eastus2euap","tags":{}},{"type":"Microsoft.AppConfiguration/configurationStores","identity":{"type":"SystemAssigned,
        UserAssigned","userAssignedIdentities":{"/subscriptions/00000000-0000-0000-0000-000000000000/resourceGroups/RunnerGlobal/providers/Microsoft.ManagedIdentity/userAssignedIdentities/RunnerIdentity":{"principalId":"d727fee8-86ce-47e5-8332-3c96d87e1346","clientId":"bade4c6b-6fe0-455e-bd11-3b6a7d6b8381"}},"principalId":"38915f7f-0cd2-482e-ac9d-0e681c4b203f","tenantId":"72f988bf-86f1-41af-91ab-2d7cd011db47"},"properties":{"provisioningState":"Succeeded","creationDate":"2019-11-05T22:58:00+00:00","endpoint":"https://xuxu-funcprodeus2euap-2019-11-05--22-57-49-91.azconfig.io"},"sku":{"name":"standard"},"id":"/subscriptions/00000000-0000-0000-0000-000000000000/resourceGroups/runnerlocaldev-minint-appe4b4-funcrgprodeus2euap/providers/Microsoft.AppConfiguration/configurationStores/xuxu-funcprodeus2euap-2019-11-05--22-57-49-91","name":"xuxu-FuncProdEUS2EUAP-2019-11-05--22-57-49-91","location":"eastus2euap","tags":{}},{"type":"Microsoft.AppConfiguration/configurationStores","identity":{"type":"SystemAssigned,
        UserAssigned","userAssignedIdentities":{"/subscriptions/00000000-0000-0000-0000-000000000000/resourceGroups/RunnerGlobal/providers/Microsoft.ManagedIdentity/userAssignedIdentities/RunnerIdentity":{"principalId":"d727fee8-86ce-47e5-8332-3c96d87e1346","clientId":"bade4c6b-6fe0-455e-bd11-3b6a7d6b8381"}},"principalId":"4f4c18c5-1b04-43b9-97a7-e9922410c239","tenantId":"72f988bf-86f1-41af-91ab-2d7cd011db47"},"properties":{"provisioningState":"Succeeded","creationDate":"2019-11-05T22:59:35+00:00","endpoint":"https://xuxu-funcprodeus2euap-2019-11-05--22-59-29-62.azconfig.io"},"sku":{"name":"standard"},"id":"/subscriptions/00000000-0000-0000-0000-000000000000/resourceGroups/runnerlocaldev-minint-appe4b4-funcrgprodeus2euap/providers/Microsoft.AppConfiguration/configurationStores/xuxu-funcprodeus2euap-2019-11-05--22-59-29-62","name":"xuxu-FuncProdEUS2EUAP-2019-11-05--22-59-29-62","location":"eastus2euap","tags":{}},{"type":"Microsoft.AppConfiguration/configurationStores","properties":{"provisioningState":"Succeeded","creationDate":"2019-11-05T23:08:22+00:00","endpoint":"https://xuxu-funcprodeus2euap-2019-11-05--23-08-02-34.azconfig.io"},"sku":{"name":"standard"},"id":"/subscriptions/00000000-0000-0000-0000-000000000000/resourceGroups/runnerlocaldev-minint-appe4b4-funcrgprodeus2euap/providers/Microsoft.AppConfiguration/configurationStores/xuxu-funcprodeus2euap-2019-11-05--23-08-02-34","name":"xuxu-FuncProdEUS2EUAP-2019-11-05--23-08-02-34","location":"eastus2euap","tags":{}},{"type":"Microsoft.AppConfiguration/configurationStores","identity":{"type":"SystemAssigned,
        UserAssigned","userAssignedIdentities":{"/subscriptions/00000000-0000-0000-0000-000000000000/resourceGroups/RunnerGlobal/providers/Microsoft.ManagedIdentity/userAssignedIdentities/RunnerIdentity":{"principalId":"d727fee8-86ce-47e5-8332-3c96d87e1346","clientId":"bade4c6b-6fe0-455e-bd11-3b6a7d6b8381"}},"principalId":"d2845735-ccfd-4f96-a886-09dbb9261374","tenantId":"72f988bf-86f1-41af-91ab-2d7cd011db47"},"properties":{"provisioningState":"Succeeded","creationDate":"2019-11-05T23:15:53+00:00","endpoint":"https://xuxu-funcprodeus2euap-2019-11-05--23-15-39-49.azconfig.io"},"sku":{"name":"standard"},"id":"/subscriptions/00000000-0000-0000-0000-000000000000/resourceGroups/runnerlocaldev-minint-appe4b4-funcrgprodeus2euap/providers/Microsoft.AppConfiguration/configurationStores/xuxu-funcprodeus2euap-2019-11-05--23-15-39-49","name":"xuxu-FuncProdEUS2EUAP-2019-11-05--23-15-39-49","location":"eastus2euap","tags":{}},{"type":"Microsoft.AppConfiguration/configurationStores","identity":{"type":"SystemAssigned,
        UserAssigned","userAssignedIdentities":{"/subscriptions/00000000-0000-0000-0000-000000000000/resourceGroups/RunnerGlobal/providers/Microsoft.ManagedIdentity/userAssignedIdentities/RunnerIdentity":{"principalId":"d727fee8-86ce-47e5-8332-3c96d87e1346","clientId":"bade4c6b-6fe0-455e-bd11-3b6a7d6b8381"}},"principalId":"f1e569c4-7d92-4162-9cdf-cfdb87ac1b07","tenantId":"72f988bf-86f1-41af-91ab-2d7cd011db47"},"properties":{"provisioningState":"Succeeded","creationDate":"2019-11-05T23:20:15+00:00","endpoint":"https://xuxu-funcprodeus2euap-2019-11-05--23-19-21-37.azconfig.io"},"sku":{"name":"standard"},"id":"/subscriptions/00000000-0000-0000-0000-000000000000/resourceGroups/runnerlocaldev-minint-appe4b4-funcrgprodeus2euap/providers/Microsoft.AppConfiguration/configurationStores/xuxu-funcprodeus2euap-2019-11-05--23-19-21-37","name":"xuxu-FuncProdEUS2EUAP-2019-11-05--23-19-21-37","location":"eastus2euap","tags":{}},{"type":"Microsoft.AppConfiguration/configurationStores","properties":{"provisioningState":"Succeeded","creationDate":"2019-11-05T23:24:24+00:00","endpoint":"https://xuxu-funcprodeus2euap-2019-11-05--23-24-21-30.azconfig.io"},"sku":{"name":"standard"},"id":"/subscriptions/00000000-0000-0000-0000-000000000000/resourceGroups/runnerlocaldev-minint-appe4b4-funcrgprodeus2euap/providers/Microsoft.AppConfiguration/configurationStores/xuxu-funcprodeus2euap-2019-11-05--23-24-21-30","name":"xuxu-FuncProdEUS2EUAP-2019-11-05--23-24-21-30","location":"eastus2euap","tags":{}},{"type":"Microsoft.AppConfiguration/configurationStores","properties":{"provisioningState":"Succeeded","creationDate":"2019-11-06T00:07:56+00:00","endpoint":"https://xuxu-funcprodeus2euap-2019-11-06--00-07-53-08.azconfig.io"},"sku":{"name":"standard"},"id":"/subscriptions/00000000-0000-0000-0000-000000000000/resourceGroups/runnerlocaldev-minint-appe4b4-funcrgprodeus2euap/providers/Microsoft.AppConfiguration/configurationStores/xuxu-funcprodeus2euap-2019-11-06--00-07-53-08","name":"xuxu-FuncProdEUS2EUAP-2019-11-06--00-07-53-08","location":"eastus2euap","tags":{}},{"type":"Microsoft.AppConfiguration/configurationStores","properties":{"provisioningState":"Succeeded","creationDate":"2019-11-06T00:09:40+00:00","endpoint":"https://xuxu-funcprodeus2euap-2019-11-06--00-09-28-97.azconfig.io"},"sku":{"name":"standard"},"id":"/subscriptions/00000000-0000-0000-0000-000000000000/resourceGroups/runnerlocaldev-minint-appe4b4-funcrgprodeus2euap/providers/Microsoft.AppConfiguration/configurationStores/xuxu-funcprodeus2euap-2019-11-06--00-09-28-97","name":"xuxu-FuncProdEUS2EUAP-2019-11-06--00-09-28-97","location":"eastus2euap","tags":{}},{"type":"Microsoft.AppConfiguration/configurationStores","properties":{"provisioningState":"Succeeded","creationDate":"2019-11-06T00:39:21+00:00","endpoint":"https://xuxu-funcprodeus2euap-2019-11-06--00-39-15-58.azconfig.io"},"sku":{"name":"standard"},"id":"/subscriptions/00000000-0000-0000-0000-000000000000/resourceGroups/runnerlocaldev-minint-appe4b4-funcrgprodeus2euap/providers/Microsoft.AppConfiguration/configurationStores/xuxu-funcprodeus2euap-2019-11-06--00-39-15-58","name":"xuxu-FuncProdEUS2EUAP-2019-11-06--00-39-15-58","location":"eastus2euap","tags":{}},{"type":"Microsoft.AppConfiguration/configurationStores","properties":{"provisioningState":"Succeeded","creationDate":"2019-11-06T00:40:23+00:00","endpoint":"https://xuxu-funcprodeus2euap-2019-11-06--00-39-42-19.azconfig.io"},"sku":{"name":"standard"},"id":"/subscriptions/00000000-0000-0000-0000-000000000000/resourceGroups/runnerlocaldev-minint-appe4b4-funcrgprodeus2euap/providers/Microsoft.AppConfiguration/configurationStores/xuxu-funcprodeus2euap-2019-11-06--00-39-42-19","name":"xuxu-FuncProdEUS2EUAP-2019-11-06--00-39-42-19","location":"eastus2euap","tags":{}},{"type":"Microsoft.AppConfiguration/configurationStores","properties":{"provisioningState":"Succeeded","creationDate":"2019-11-06T00:45:15+00:00","endpoint":"https://xuxu-funcprodeus2euap-2019-11-06--00-45-04-57.azconfig.io"},"sku":{"name":"standard"},"id":"/subscriptions/00000000-0000-0000-0000-000000000000/resourceGroups/runnerlocaldev-minint-appe4b4-funcrgprodeus2euap/providers/Microsoft.AppConfiguration/configurationStores/xuxu-funcprodeus2euap-2019-11-06--00-45-04-57","name":"xuxu-FuncProdEUS2EUAP-2019-11-06--00-45-04-57","location":"eastus2euap","tags":{}},{"type":"Microsoft.AppConfiguration/configurationStores","properties":{"provisioningState":"Succeeded","creationDate":"2019-11-06T07:27:03+00:00","endpoint":"https://xuxu-funcprodeus2euap-2019-11-06--07-26-51-98.azconfig.io"},"sku":{"name":"standard"},"id":"/subscriptions/00000000-0000-0000-0000-000000000000/resourceGroups/runnerlocaldev-minint-appe4b4-funcrgprodeus2euap/providers/Microsoft.AppConfiguration/configurationStores/xuxu-funcprodeus2euap-2019-11-06--07-26-51-98","name":"xuxu-FuncProdEUS2EUAP-2019-11-06--07-26-51-98","location":"eastus2euap","tags":{}},{"type":"Microsoft.AppConfiguration/configurationStores","properties":{"provisioningState":"Succeeded","creationDate":"2019-11-06T07:44:39+00:00","endpoint":"https://xuxu-funcprodeus2euap-2019-11-06--07-44-28-21.azconfig.io"},"sku":{"name":"standard"},"id":"/subscriptions/00000000-0000-0000-0000-000000000000/resourceGroups/runnerlocaldev-minint-appe4b4-funcrgprodeus2euap/providers/Microsoft.AppConfiguration/configurationStores/xuxu-funcprodeus2euap-2019-11-06--07-44-28-21","name":"xuxu-FuncProdEUS2EUAP-2019-11-06--07-44-28-21","location":"eastus2euap","tags":{}},{"type":"Microsoft.AppConfiguration/configurationStores","identity":{"type":"SystemAssigned,
        UserAssigned","userAssignedIdentities":{"/subscriptions/00000000-0000-0000-0000-000000000000/resourceGroups/RunnerGlobal/providers/Microsoft.ManagedIdentity/userAssignedIdentities/RunnerIdentity":{"principalId":"d727fee8-86ce-47e5-8332-3c96d87e1346","clientId":"bade4c6b-6fe0-455e-bd11-3b6a7d6b8381"}},"principalId":"3e6edb5e-37ca-427c-96dd-6155e6feac0b","tenantId":"72f988bf-86f1-41af-91ab-2d7cd011db47"},"properties":{"provisioningState":"Succeeded","creationDate":"2019-11-06T17:55:10+00:00","endpoint":"https://xuxu-funcprodeus2euap-2019-11-06--17-54-54-78.azconfig.io"},"sku":{"name":"standard"},"id":"/subscriptions/00000000-0000-0000-0000-000000000000/resourceGroups/runnerlocaldev-minint-appe4b4-funcrgprodeus2euap/providers/Microsoft.AppConfiguration/configurationStores/xuxu-funcprodeus2euap-2019-11-06--17-54-54-78","name":"xuxu-FuncProdEUS2EUAP-2019-11-06--17-54-54-78","location":"eastus2euap","tags":{}},{"type":"Microsoft.AppConfiguration/configurationStores","identity":{"type":"SystemAssigned,
        UserAssigned","userAssignedIdentities":{"/subscriptions/00000000-0000-0000-0000-000000000000/resourceGroups/RunnerGlobal/providers/Microsoft.ManagedIdentity/userAssignedIdentities/RunnerIdentity":{"principalId":"d727fee8-86ce-47e5-8332-3c96d87e1346","clientId":"bade4c6b-6fe0-455e-bd11-3b6a7d6b8381"}},"principalId":"ef93d7e9-4369-4233-a862-1b2dd924ce0d","tenantId":"72f988bf-86f1-41af-91ab-2d7cd011db47"},"properties":{"provisioningState":"Succeeded","creationDate":"2019-11-06T18:05:57+00:00","endpoint":"https://xuxu-funcprodeus2euap-2019-11-06--18-05-51-33.azconfig.io"},"sku":{"name":"standard"},"id":"/subscriptions/00000000-0000-0000-0000-000000000000/resourceGroups/runnerlocaldev-minint-appe4b4-funcrgprodeus2euap/providers/Microsoft.AppConfiguration/configurationStores/xuxu-funcprodeus2euap-2019-11-06--18-05-51-33","name":"xuxu-FuncProdEUS2EUAP-2019-11-06--18-05-51-33","location":"eastus2euap","tags":{}},{"type":"Microsoft.AppConfiguration/configurationStores","identity":{"type":"SystemAssigned,
        UserAssigned","userAssignedIdentities":{"/subscriptions/00000000-0000-0000-0000-000000000000/resourceGroups/RunnerGlobal/providers/Microsoft.ManagedIdentity/userAssignedIdentities/RunnerIdentity":{"principalId":"d727fee8-86ce-47e5-8332-3c96d87e1346","clientId":"bade4c6b-6fe0-455e-bd11-3b6a7d6b8381"}},"principalId":"66df8b89-6bc0-4118-92f5-3fff26ead195","tenantId":"72f988bf-86f1-41af-91ab-2d7cd011db47"},"properties":{"provisioningState":"Succeeded","creationDate":"2019-11-06T18:08:03+00:00","endpoint":"https://xuxu-funcprodeus2euap-2019-11-06--18-07-57-83.azconfig.io"},"sku":{"name":"standard"},"id":"/subscriptions/00000000-0000-0000-0000-000000000000/resourceGroups/runnerlocaldev-minint-appe4b4-funcrgprodeus2euap/providers/Microsoft.AppConfiguration/configurationStores/xuxu-funcprodeus2euap-2019-11-06--18-07-57-83","name":"xuxu-FuncProdEUS2EUAP-2019-11-06--18-07-57-83","location":"eastus2euap","tags":{}},{"type":"Microsoft.AppConfiguration/configurationStores","identity":{"type":"SystemAssigned,
        UserAssigned","userAssignedIdentities":{"/subscriptions/00000000-0000-0000-0000-000000000000/resourceGroups/RunnerGlobal/providers/Microsoft.ManagedIdentity/userAssignedIdentities/RunnerIdentity":{"principalId":"d727fee8-86ce-47e5-8332-3c96d87e1346","clientId":"bade4c6b-6fe0-455e-bd11-3b6a7d6b8381"}},"principalId":"62eda3e9-f28f-4a67-8009-b74c5a70c550","tenantId":"72f988bf-86f1-41af-91ab-2d7cd011db47"},"properties":{"provisioningState":"Succeeded","creationDate":"2019-11-06T18:09:38+00:00","endpoint":"https://xuxu-funcprodeus2euap-2019-11-06--18-09-26-85.azconfig.io"},"sku":{"name":"standard"},"id":"/subscriptions/00000000-0000-0000-0000-000000000000/resourceGroups/runnerlocaldev-minint-appe4b4-funcrgprodeus2euap/providers/Microsoft.AppConfiguration/configurationStores/xuxu-funcprodeus2euap-2019-11-06--18-09-26-85","name":"xuxu-FuncProdEUS2EUAP-2019-11-06--18-09-26-85","location":"eastus2euap","tags":{}},{"type":"Microsoft.AppConfiguration/configurationStores","properties":{"provisioningState":"Succeeded","creationDate":"2019-11-06T18:13:03+00:00","endpoint":"https://xuxu-funcprodeus2euap-2019-11-06--18-12-57-58.azconfig.io"},"sku":{"name":"standard"},"id":"/subscriptions/00000000-0000-0000-0000-000000000000/resourceGroups/runnerlocaldev-minint-appe4b4-funcrgprodeus2euap/providers/Microsoft.AppConfiguration/configurationStores/xuxu-funcprodeus2euap-2019-11-06--18-12-57-58","name":"xuxu-FuncProdEUS2EUAP-2019-11-06--18-12-57-58","location":"eastus2euap","tags":{}},{"type":"Microsoft.AppConfiguration/configurationStores","identity":{"type":"SystemAssigned,
        UserAssigned","userAssignedIdentities":{"/subscriptions/00000000-0000-0000-0000-000000000000/resourceGroups/RunnerGlobal/providers/Microsoft.ManagedIdentity/userAssignedIdentities/RunnerIdentity":{"principalId":"d727fee8-86ce-47e5-8332-3c96d87e1346","clientId":"bade4c6b-6fe0-455e-bd11-3b6a7d6b8381"}},"principalId":"7a740dcc-d783-4b31-93c6-e7535df8de87","tenantId":"72f988bf-86f1-41af-91ab-2d7cd011db47"},"properties":{"provisioningState":"Succeeded","creationDate":"2019-11-06T18:14:41+00:00","endpoint":"https://xuxu-funcprodeus2euap-2019-11-06--18-14-35-46.azconfig.io"},"sku":{"name":"standard"},"id":"/subscriptions/00000000-0000-0000-0000-000000000000/resourceGroups/runnerlocaldev-minint-appe4b4-funcrgprodeus2euap/providers/Microsoft.AppConfiguration/configurationStores/xuxu-funcprodeus2euap-2019-11-06--18-14-35-46","name":"xuxu-FuncProdEUS2EUAP-2019-11-06--18-14-35-46","location":"eastus2euap","tags":{}},{"type":"Microsoft.AppConfiguration/configurationStores","identity":{"type":"SystemAssigned,
        UserAssigned","userAssignedIdentities":{"/subscriptions/00000000-0000-0000-0000-000000000000/resourceGroups/RunnerGlobal/providers/Microsoft.ManagedIdentity/userAssignedIdentities/RunnerIdentity":{"principalId":"d727fee8-86ce-47e5-8332-3c96d87e1346","clientId":"bade4c6b-6fe0-455e-bd11-3b6a7d6b8381"}},"principalId":"0acec9e9-e1dd-4147-b971-4f1b4a7e00ad","tenantId":"72f988bf-86f1-41af-91ab-2d7cd011db47"},"properties":{"provisioningState":"Succeeded","creationDate":"2019-11-06T19:15:35+00:00","endpoint":"https://xuxu-funcprodeus2euap-2019-11-06--19-15-19-18.azconfig.io"},"sku":{"name":"standard"},"id":"/subscriptions/00000000-0000-0000-0000-000000000000/resourceGroups/runnerlocaldev-minint-appe4b4-funcrgprodeus2euap/providers/Microsoft.AppConfiguration/configurationStores/xuxu-funcprodeus2euap-2019-11-06--19-15-19-18","name":"xuxu-FuncProdEUS2EUAP-2019-11-06--19-15-19-18","location":"eastus2euap","tags":{}},{"type":"Microsoft.AppConfiguration/configurationStores","properties":{"provisioningState":"Succeeded","creationDate":"2019-08-21T18:35:42+00:00","endpoint":"https://xuxu-movetest.azconfig.io"},"sku":{"name":"free"},"id":"/subscriptions/00000000-0000-0000-0000-000000000000/resourceGroups/xuxu_test/providers/Microsoft.AppConfiguration/configurationStores/xuxu-movetest","name":"xuxu-movetest","location":"eastus2euap","tags":{}},{"type":"Microsoft.AppConfiguration/configurationStores","properties":{"provisioningState":"Succeeded","creationDate":"2019-10-30T23:17:20+00:00","endpoint":"https://xuxuaad.azconfig.io"},"sku":{"name":"free"},"id":"/subscriptions/00000000-0000-0000-0000-000000000000/resourceGroups/xuxu_test/providers/Microsoft.AppConfiguration/configurationStores/xuxuaad","name":"xuxuAAD","location":"eastus2euap","tags":{}},{"type":"Microsoft.AppConfiguration/configurationStores","properties":{"provisioningState":"Succeeded","creationDate":"2020-01-16T17:02:46+00:00","endpoint":"https://garywang-new-cuseuap.azconfig.io"},"sku":{"name":"free"},"id":"/subscriptions/00000000-0000-0000-0000-000000000000/resourceGroups/garywangdemo/providers/Microsoft.AppConfiguration/configurationStores/garywang-new-cuseuap","name":"garywang-new-cuseuap","location":"centraluseuap","tags":{}},{"type":"Microsoft.AppConfiguration/configurationStores","properties":{"provisioningState":"Succeeded","creationDate":"2020-01-16T19:51:38+00:00","endpoint":"https://garywang-new-cuseuap-no.azconfig.io"},"sku":{"name":"free"},"id":"/subscriptions/00000000-0000-0000-0000-000000000000/resourceGroups/garywangdemo/providers/Microsoft.AppConfiguration/configurationStores/garywang-new-cuseuap-no","name":"garywang-new-cuseuap-no","location":"centraluseuap","tags":{}},{"type":"Microsoft.AppConfiguration/configurationStores","properties":{"provisioningState":"Succeeded","creationDate":"2020-01-16T19:19:51+00:00","endpoint":"https://jiyu-cuseuap.azconfig.io"},"sku":{"name":"free"},"id":"/subscriptions/00000000-0000-0000-0000-000000000000/resourceGroups/jiyu/providers/Microsoft.AppConfiguration/configurationStores/jiyu-cuseuap","name":"jiyu-cuseuap","location":"centraluseuap","tags":{}}],"nextLink":"https://management.azure.com/subscriptions/00000000-0000-0000-0000-000000000000/providers/Microsoft.AppConfiguration/configurationStores?api-version=2019-10-01&%24skiptoken=1ZRda8IwFIb%2fSxm72rFtrCsKMooUduFUtLLrND1qLE1CPvyY7L8vdUP2F0KuQkjIw3ve5xYJvNg5F62JJrfos9xUs3JRrYv5dhNNooO1ykziuKOC7rFDYQf0y2kcMNnFxtWGaa4sl8LEed6MaJ28Qo5NAxkig5rhGEaEpWmdj%2bp6mMdKyxNvUJv4gzMtjdzZQaHUTIod3ztN%2b6di9n%2b3sVKjeaOKw8nf8%2bdTkqRjSBNI0ucn03JVyRbF9OIuLo1eokC%2ff%2bVHTg9%2fy2P0SYQWwZ3BtM6isR6hLMJDOKOfaemsYVRYqvfYg%2fRZlNv1clWGVYkj77oro3BG5ykWy3X1HiJGxwUXFqhSmNUZ7Jxg3iONQAd3FSR3GwAhQIYwzGBMHv0hYQWmkVGZJqT32G97SLktVmFB9CKmtPEIDxWHB3HkVwfMGXRURd%2ffPw%3d%3d"}'
    headers:
      cache-control:
      - no-cache
      content-length:
      - '82881'
      content-type:
      - application/json; charset=utf-8
      date:
      - Fri, 17 Jan 2020 05:20:31 GMT
      expires:
      - '-1'
      pragma:
      - no-cache
      strict-transport-security:
      - max-age=31536000; includeSubDomains
      vary:
      - Accept-Encoding
      x-content-type-options:
      - nosniff
      x-ms-original-request-ids:
      - ea7b9256-c747-4aeb-81b3-7211116e98b9
      - 79ffbea7-ec05-4149-a0a8-f2e320af4646
      - d4e11ab9-1646-43b3-afdb-d74b8e3bf987
      - 60cd886f-8bd7-4417-9958-74cfccab6228
      - 348e378d-b2a9-4f9a-a3f7-c74aa4ad390d
      - 33213d3b-afb2-473b-a4a3-c28b0429a904
      - 694e2395-9bc7-4f44-9aba-cd16338d68b4
      - 1164baf2-4889-4c51-a451-1f34d487c475
      - cc101ce2-e0d2-4c9c-82d5-e054bee5b86d
    status:
      code: 200
      message: OK
- request:
    body: '{"id": "7AYN-l0-s0:c1OTNJOLY3FTjXKdebX7"}'
    headers:
      Accept:
      - application/json
      Accept-Encoding:
      - gzip, deflate
      CommandName:
      - appconfig credential regenerate
      Connection:
      - keep-alive
      Content-Length:
      - '41'
      Content-Type:
      - application/json; charset=utf-8
      ParameterSetName:
      - -n -g --id
      User-Agent:
      - python/3.5.2 (Windows-10-10.0.18362-SP0) msrest/0.6.10 msrest_azure/0.6.2
        azure-mgmt-appconfiguration/0.3.0 Azure-SDK-For-Python AZURECLI/2.0.80
      accept-language:
      - en-US
    method: POST
    uri: https://management.azure.com/subscriptions/00000000-0000-0000-0000-000000000000/resourceGroups/clitest.rg000001/providers/Microsoft.AppConfiguration/configurationStores/CredentialTest000002/RegenerateKey?api-version=2019-10-01
  response:
    body:
      string: '{"id":"ZPIs-l0-s0:o7EC/l46gGHkrv1D4P3u","name":"Primary","value":"lVIvT34IsRpTcPoCI4Sg8HxGhf0IhrLE/dOYpVlhStc=","connectionString":"Endpoint=https://credentialtest4skiaqnws7.azconfig.io;Id=ZPIs-l0-s0:o7EC/l46gGHkrv1D4P3u;Secret=lVIvT34IsRpTcPoCI4Sg8HxGhf0IhrLE/dOYpVlhStc=","lastModified":"2020-01-17T05:20:33+00:00","readOnly":false}'
    headers:
      cache-control:
      - no-cache
      content-length:
      - '334'
      content-type:
      - application/json; charset=utf-8
      date:
      - Fri, 17 Jan 2020 05:20:32 GMT
      expires:
      - '-1'
      pragma:
      - no-cache
      server:
      - openresty/1.15.8.1
      strict-transport-security:
      - max-age=31536000; includeSubDomains
      transfer-encoding:
      - chunked
      vary:
      - Accept-Encoding,Accept-Encoding
      x-content-type-options:
      - nosniff
      x-ms-ratelimit-remaining-subscription-writes:
      - '1197'
    status:
      code: 200
      message: OK
version: 1
