interactions:
- request:
    body: !!python/unicode '{"location": "westus", "tags": {"use": "az-test"}}'
    headers:
      Accept: [application/json]
      Accept-Encoding: ['gzip, deflate']
      CommandName: [group create]
      Connection: [keep-alive]
      Content-Length: ['50']
      Content-Type: [application/json; charset=utf-8]
      User-Agent: [python/2.7.12 (Darwin-17.2.0-x86_64-i386-64bit) requests/2.18.4
          msrest/0.4.22 msrest_azure/0.4.19 resourcemanagementclient/1.2.1 Azure-SDK-For-Python
          AZURECLI/2.0.24]
      accept-language: [en-US]
    method: PUT
    uri: https://management.azure.com/subscriptions/00000000-0000-0000-0000-000000000000/resourcegroups/clitest.rg000001?api-version=2017-05-10
  response:
    body: {string: !!python/unicode '{"id":"/subscriptions/00000000-0000-0000-0000-000000000000/resourceGroups/clitest.rg000001","name":"clitest.rg000001","location":"westus","tags":{"use":"az-test"},"properties":{"provisioningState":"Succeeded"}}'}
    headers:
      cache-control: [no-cache]
      content-length: ['328']
      content-type: [application/json; charset=utf-8]
      date: ['Sat, 23 Dec 2017 05:31:04 GMT']
      expires: ['-1']
      pragma: [no-cache]
      strict-transport-security: [max-age=31536000; includeSubDomains]
      x-ms-ratelimit-remaining-subscription-writes: ['1196']
    status: {code: 201, message: Created}
- request:
    body: !!python/unicode '{"properties": {"createMode": "Default", "administratorLogin":
      "cloudsa", "administratorLoginPassword": "SecretPassword123"}, "location": "westeurope"}'
    headers:
      Accept: [application/json]
      Accept-Encoding: ['gzip, deflate']
      CommandName: [mysql server create]
      Connection: [keep-alive]
      Content-Length: ['151']
      Content-Type: [application/json; charset=utf-8]
      User-Agent: [python/2.7.12 (Darwin-17.2.0-x86_64-i386-64bit) requests/2.18.4
          msrest/0.4.22 msrest_azure/0.4.19 mysqlmanagementclient/0.1.0 Azure-SDK-For-Python
          AZURECLI/2.0.24]
      accept-language: [en-US]
    method: PUT
    uri: https://management.azure.com/subscriptions/00000000-0000-0000-0000-000000000000/resourceGroups/clitest.rg000001/providers/Microsoft.DBforMySQL/servers/azuredbclitest000002?api-version=2017-04-30-preview
  response:
    body: {string: !!python/unicode '{"operation":"UpsertElasticServer","startTime":"2017-12-23T05:31:10.907Z"}'}
    headers:
      azure-asyncoperation: ['https://management.azure.com/subscriptions/00000000-0000-0000-0000-000000000000/providers/Microsoft.DBforMySQL/locations/westeurope/azureAsyncOperation/b8f20f15-6df4-4429-b117-b4fd3266e6fb?api-version=2017-04-30-preview']
      cache-control: [no-cache]
      content-length: ['74']
      content-type: [application/json; charset=utf-8]
      date: ['Sat, 23 Dec 2017 05:31:11 GMT']
      expires: ['-1']
      location: ['https://management.azure.com/subscriptions/00000000-0000-0000-0000-000000000000/providers/Microsoft.DBforMySQL/locations/westeurope/operationResults/b8f20f15-6df4-4429-b117-b4fd3266e6fb?api-version=2017-04-30-preview']
      pragma: [no-cache]
      server: [Microsoft-HTTPAPI/2.0]
      strict-transport-security: [max-age=31536000; includeSubDomains]
      x-ms-ratelimit-remaining-subscription-writes: ['1038']
    status: {code: 202, message: Accepted}
- request:
    body: null
    headers:
      Accept: [application/json]
      Accept-Encoding: ['gzip, deflate']
      CommandName: [mysql server create]
      Connection: [keep-alive]
      Content-Type: [application/json; charset=utf-8]
      User-Agent: [python/2.7.12 (Darwin-17.2.0-x86_64-i386-64bit) requests/2.18.4
          msrest/0.4.22 msrest_azure/0.4.19 mysqlmanagementclient/0.1.0 Azure-SDK-For-Python
          AZURECLI/2.0.24]
      accept-language: [en-US]
    method: GET
    uri: https://management.azure.com/subscriptions/00000000-0000-0000-0000-000000000000/providers/Microsoft.DBforMySQL/locations/westeurope/azureAsyncOperation/b8f20f15-6df4-4429-b117-b4fd3266e6fb?api-version=2017-04-30-preview
  response:
    body: {string: !!python/unicode '{"name":"b8f20f15-6df4-4429-b117-b4fd3266e6fb","status":"InProgress","startTime":"2017-12-23T05:31:10.907Z"}'}
    headers:
      cache-control: [no-cache]
      content-length: ['108']
      content-type: [application/json; charset=utf-8]
      date: ['Sat, 23 Dec 2017 05:32:19 GMT']
      expires: ['-1']
      pragma: [no-cache]
      server: [Microsoft-HTTPAPI/2.0]
      strict-transport-security: [max-age=31536000; includeSubDomains]
      transfer-encoding: [chunked]
      vary: [Accept-Encoding]
    status: {code: 200, message: OK}
- request:
    body: null
    headers:
      Accept: [application/json]
      Accept-Encoding: ['gzip, deflate']
      CommandName: [mysql server create]
      Connection: [keep-alive]
      Content-Type: [application/json; charset=utf-8]
      User-Agent: [python/2.7.12 (Darwin-17.2.0-x86_64-i386-64bit) requests/2.18.4
          msrest/0.4.22 msrest_azure/0.4.19 mysqlmanagementclient/0.1.0 Azure-SDK-For-Python
          AZURECLI/2.0.24]
      accept-language: [en-US]
    method: GET
    uri: https://management.azure.com/subscriptions/00000000-0000-0000-0000-000000000000/providers/Microsoft.DBforMySQL/locations/westeurope/azureAsyncOperation/b8f20f15-6df4-4429-b117-b4fd3266e6fb?api-version=2017-04-30-preview
  response:
    body: {string: !!python/unicode '{"name":"b8f20f15-6df4-4429-b117-b4fd3266e6fb","status":"Succeeded","startTime":"2017-12-23T05:31:10.907Z"}'}
    headers:
      cache-control: [no-cache]
      content-length: ['107']
      content-type: [application/json; charset=utf-8]
      date: ['Sat, 23 Dec 2017 05:33:31 GMT']
      expires: ['-1']
      pragma: [no-cache]
      server: [Microsoft-HTTPAPI/2.0]
      strict-transport-security: [max-age=31536000; includeSubDomains]
      transfer-encoding: [chunked]
      vary: [Accept-Encoding]
    status: {code: 200, message: OK}
- request:
    body: null
    headers:
      Accept: [application/json]
      Accept-Encoding: ['gzip, deflate']
      CommandName: [mysql server create]
      Connection: [keep-alive]
      Content-Type: [application/json; charset=utf-8]
      User-Agent: [python/2.7.12 (Darwin-17.2.0-x86_64-i386-64bit) requests/2.18.4
          msrest/0.4.22 msrest_azure/0.4.19 mysqlmanagementclient/0.1.0 Azure-SDK-For-Python
          AZURECLI/2.0.24]
      accept-language: [en-US]
    method: GET
    uri: https://management.azure.com/subscriptions/00000000-0000-0000-0000-000000000000/resourceGroups/clitest.rg000001/providers/Microsoft.DBforMySQL/servers/azuredbclitest000002?api-version=2017-04-30-preview
  response:
    body: {string: !!python/unicode '{"sku":{"name":"MYSQLB100","tier":"Basic","capacity":100},"properties":{"administratorLogin":"cloudsa","storageMB":51200,"version":"5.7","sslEnforcement":"Enabled","userVisibleState":"Ready","fullyQualifiedDomainName":"azuredbclitest000002.mysql.database.azure.com","earliestRestoreDate":"2017-12-23T05:41:11.203+00:00","replicationRole":"None","primaryServerId":""},"location":"westeurope","id":"/subscriptions/00000000-0000-0000-0000-000000000000/resourceGroups/clitest.rg000001/providers/Microsoft.DBforMySQL/servers/azuredbclitest000002","name":"azuredbclitest000002","type":"Microsoft.DBforMySQL/servers"}'}
    headers:
      cache-control: [no-cache]
      content-length: ['798']
      content-type: [application/json; charset=utf-8]
      date: ['Sat, 23 Dec 2017 05:33:38 GMT']
      expires: ['-1']
      pragma: [no-cache]
      server: [Microsoft-HTTPAPI/2.0]
      strict-transport-security: [max-age=31536000; includeSubDomains]
      transfer-encoding: [chunked]
      vary: [Accept-Encoding]
    status: {code: 200, message: OK}
- request:
    body: !!python/unicode '{"properties": {"endIpAddress": "255.255.255.255", "startIpAddress":
      "0.0.0.0"}}'
    headers:
      Accept: [application/json]
      Accept-Encoding: ['gzip, deflate']
      CommandName: [mysql server firewall-rule create]
      Connection: [keep-alive]
      Content-Length: ['80']
      Content-Type: [application/json; charset=utf-8]
      User-Agent: [python/2.7.12 (Darwin-17.2.0-x86_64-i386-64bit) requests/2.18.4
          msrest/0.4.22 msrest_azure/0.4.19 mysqlmanagementclient/0.1.0 Azure-SDK-For-Python
          AZURECLI/2.0.24]
      accept-language: [en-US]
    method: PUT
    uri: https://management.azure.com/subscriptions/00000000-0000-0000-0000-000000000000/resourceGroups/clitest.rg000001/providers/Microsoft.DBforMySQL/servers/azuredbclitest000002/firewallRules/rule1?api-version=2017-04-30-preview
  response:
    body: {string: !!python/unicode '{"operation":"UpsertElasticServerFirewallRules","startTime":"2017-12-23T05:33:50.083Z"}'}
    headers:
      azure-asyncoperation: ['https://management.azure.com/subscriptions/00000000-0000-0000-0000-000000000000/providers/Microsoft.DBforMySQL/locations/westeurope/azureAsyncOperation/263ae843-5d1a-422d-bd0c-7f33343b3a10?api-version=2017-04-30-preview']
      cache-control: [no-cache]
      content-length: ['87']
      content-type: [application/json; charset=utf-8]
      date: ['Sat, 23 Dec 2017 05:33:50 GMT']
      expires: ['-1']
      location: ['https://management.azure.com/subscriptions/00000000-0000-0000-0000-000000000000/providers/Microsoft.DBforMySQL/locations/westeurope/operationResults/263ae843-5d1a-422d-bd0c-7f33343b3a10?api-version=2017-04-30-preview']
      pragma: [no-cache]
      server: [Microsoft-HTTPAPI/2.0]
      strict-transport-security: [max-age=31536000; includeSubDomains]
      x-ms-ratelimit-remaining-subscription-writes: ['1196']
    status: {code: 202, message: Accepted}
- request:
    body: null
    headers:
      Accept: [application/json]
      Accept-Encoding: ['gzip, deflate']
      CommandName: [mysql server firewall-rule create]
      Connection: [keep-alive]
      Content-Type: [application/json; charset=utf-8]
      User-Agent: [python/2.7.12 (Darwin-17.2.0-x86_64-i386-64bit) requests/2.18.4
          msrest/0.4.22 msrest_azure/0.4.19 mysqlmanagementclient/0.1.0 Azure-SDK-For-Python
          AZURECLI/2.0.24]
      accept-language: [en-US]
    method: GET
    uri: https://management.azure.com/subscriptions/00000000-0000-0000-0000-000000000000/providers/Microsoft.DBforMySQL/locations/westeurope/azureAsyncOperation/263ae843-5d1a-422d-bd0c-7f33343b3a10?api-version=2017-04-30-preview
  response:
    body: {string: !!python/unicode '{"name":"263ae843-5d1a-422d-bd0c-7f33343b3a10","status":"Succeeded","startTime":"2017-12-23T05:33:50.083Z"}'}
    headers:
      cache-control: [no-cache]
      content-length: ['107']
      content-type: [application/json; charset=utf-8]
      date: ['Sat, 23 Dec 2017 05:34:18 GMT']
      expires: ['-1']
      pragma: [no-cache]
      server: [Microsoft-HTTPAPI/2.0]
      strict-transport-security: [max-age=31536000; includeSubDomains]
      transfer-encoding: [chunked]
      vary: [Accept-Encoding]
    status: {code: 200, message: OK}
- request:
    body: null
    headers:
      Accept: [application/json]
      Accept-Encoding: ['gzip, deflate']
      CommandName: [mysql server firewall-rule create]
      Connection: [keep-alive]
      Content-Type: [application/json; charset=utf-8]
      User-Agent: [python/2.7.12 (Darwin-17.2.0-x86_64-i386-64bit) requests/2.18.4
          msrest/0.4.22 msrest_azure/0.4.19 mysqlmanagementclient/0.1.0 Azure-SDK-For-Python
          AZURECLI/2.0.24]
      accept-language: [en-US]
    method: GET
    uri: https://management.azure.com/subscriptions/00000000-0000-0000-0000-000000000000/resourceGroups/clitest.rg000001/providers/Microsoft.DBforMySQL/servers/azuredbclitest000002/firewallRules/rule1?api-version=2017-04-30-preview
  response:
    body: {string: !!python/unicode '{"properties":{"startIpAddress":"0.0.0.0","endIpAddress":"255.255.255.255"},"id":"/subscriptions/00000000-0000-0000-0000-000000000000/resourceGroups/clitest.rg000001/providers/Microsoft.DBforMySQL/servers/azuredbclitest000002/firewallRules/rule1","name":"rule1","type":"Microsoft.DBforMySQL/servers/firewallRules"}'}
    headers:
      cache-control: [no-cache]
      content-length: ['416']
      content-type: [application/json; charset=utf-8]
      date: ['Sat, 23 Dec 2017 05:34:28 GMT']
      expires: ['-1']
      pragma: [no-cache]
      server: [Microsoft-HTTPAPI/2.0]
      strict-transport-security: [max-age=31536000; includeSubDomains]
      transfer-encoding: [chunked]
      vary: [Accept-Encoding]
    status: {code: 200, message: OK}
- request:
    body: null
    headers:
      Accept: [application/json]
      Accept-Encoding: ['gzip, deflate']
      CommandName: [mysql server firewall-rule show]
      Connection: [keep-alive]
      Content-Type: [application/json; charset=utf-8]
      User-Agent: [python/2.7.12 (Darwin-17.2.0-x86_64-i386-64bit) requests/2.18.4
          msrest/0.4.22 msrest_azure/0.4.19 mysqlmanagementclient/0.1.0 Azure-SDK-For-Python
          AZURECLI/2.0.24]
      accept-language: [en-US]
    method: GET
    uri: https://management.azure.com/subscriptions/00000000-0000-0000-0000-000000000000/resourceGroups/clitest.rg000001/providers/Microsoft.DBforMySQL/servers/azuredbclitest000002/firewallRules/rule1?api-version=2017-04-30-preview
  response:
    body: {string: !!python/unicode '{"properties":{"startIpAddress":"0.0.0.0","endIpAddress":"255.255.255.255"},"id":"/subscriptions/00000000-0000-0000-0000-000000000000/resourceGroups/clitest.rg000001/providers/Microsoft.DBforMySQL/servers/azuredbclitest000002/firewallRules/rule1","name":"rule1","type":"Microsoft.DBforMySQL/servers/firewallRules"}'}
    headers:
      cache-control: [no-cache]
      content-length: ['416']
      content-type: [application/json; charset=utf-8]
      date: ['Sat, 23 Dec 2017 05:34:40 GMT']
      expires: ['-1']
      pragma: [no-cache]
      server: [Microsoft-HTTPAPI/2.0]
      strict-transport-security: [max-age=31536000; includeSubDomains]
      transfer-encoding: [chunked]
      vary: [Accept-Encoding]
    status: {code: 200, message: OK}
- request:
    body: null
    headers:
      Accept: [application/json]
      Accept-Encoding: ['gzip, deflate']
      CommandName: [mysql server firewall-rule update]
      Connection: [keep-alive]
      Content-Type: [application/json; charset=utf-8]
      User-Agent: [python/2.7.12 (Darwin-17.2.0-x86_64-i386-64bit) requests/2.18.4
          msrest/0.4.22 msrest_azure/0.4.19 mysqlmanagementclient/0.1.0 Azure-SDK-For-Python
          AZURECLI/2.0.24]
      accept-language: [en-US]
    method: GET
    uri: https://management.azure.com/subscriptions/00000000-0000-0000-0000-000000000000/resourceGroups/clitest.rg000001/providers/Microsoft.DBforMySQL/servers/azuredbclitest000002/firewallRules/rule1?api-version=2017-04-30-preview
  response:
    body: {string: !!python/unicode '{"properties":{"startIpAddress":"0.0.0.0","endIpAddress":"255.255.255.255"},"id":"/subscriptions/00000000-0000-0000-0000-000000000000/resourceGroups/clitest.rg000001/providers/Microsoft.DBforMySQL/servers/azuredbclitest000002/firewallRules/rule1","name":"rule1","type":"Microsoft.DBforMySQL/servers/firewallRules"}'}
    headers:
      cache-control: [no-cache]
      content-length: ['416']
      content-type: [application/json; charset=utf-8]
      date: ['Sat, 23 Dec 2017 05:34:54 GMT']
      expires: ['-1']
      pragma: [no-cache]
      server: [Microsoft-HTTPAPI/2.0]
      strict-transport-security: [max-age=31536000; includeSubDomains]
      transfer-encoding: [chunked]
      vary: [Accept-Encoding]
    status: {code: 200, message: OK}
- request:
    body: !!python/unicode '{"properties": {"endIpAddress": "123.123.123.124", "startIpAddress":
      "123.123.123.123"}}'
    headers:
      Accept: [application/json]
      Accept-Encoding: ['gzip, deflate']
      CommandName: [mysql server firewall-rule update]
      Connection: [keep-alive]
      Content-Length: ['88']
      Content-Type: [application/json; charset=utf-8]
      User-Agent: [python/2.7.12 (Darwin-17.2.0-x86_64-i386-64bit) requests/2.18.4
          msrest/0.4.22 msrest_azure/0.4.19 mysqlmanagementclient/0.1.0 Azure-SDK-For-Python
          AZURECLI/2.0.24]
      accept-language: [en-US]
    method: PUT
    uri: https://management.azure.com/subscriptions/00000000-0000-0000-0000-000000000000/resourceGroups/clitest.rg000001/providers/Microsoft.DBforMySQL/servers/azuredbclitest000002/firewallRules/rule1?api-version=2017-04-30-preview
  response:
    body: {string: !!python/unicode '{"operation":"UpsertElasticServerFirewallRules","startTime":"2017-12-23T05:34:59.14Z"}'}
    headers:
      azure-asyncoperation: ['https://management.azure.com/subscriptions/00000000-0000-0000-0000-000000000000/providers/Microsoft.DBforMySQL/locations/westeurope/azureAsyncOperation/582af8f0-ebb6-4a19-b2a7-54e5166afc07?api-version=2017-04-30-preview']
      cache-control: [no-cache]
      content-length: ['86']
      content-type: [application/json; charset=utf-8]
      date: ['Sat, 23 Dec 2017 05:34:59 GMT']
      expires: ['-1']
      location: ['https://management.azure.com/subscriptions/00000000-0000-0000-0000-000000000000/providers/Microsoft.DBforMySQL/locations/westeurope/operationResults/582af8f0-ebb6-4a19-b2a7-54e5166afc07?api-version=2017-04-30-preview']
      pragma: [no-cache]
      server: [Microsoft-HTTPAPI/2.0]
      strict-transport-security: [max-age=31536000; includeSubDomains]
      x-ms-ratelimit-remaining-subscription-writes: ['1137']
    status: {code: 202, message: Accepted}
- request:
    body: null
    headers:
      Accept: [application/json]
      Accept-Encoding: ['gzip, deflate']
      CommandName: [mysql server firewall-rule update]
      Connection: [keep-alive]
      Content-Type: [application/json; charset=utf-8]
      User-Agent: [python/2.7.12 (Darwin-17.2.0-x86_64-i386-64bit) requests/2.18.4
          msrest/0.4.22 msrest_azure/0.4.19 mysqlmanagementclient/0.1.0 Azure-SDK-For-Python
          AZURECLI/2.0.24]
      accept-language: [en-US]
    method: GET
    uri: https://management.azure.com/subscriptions/00000000-0000-0000-0000-000000000000/providers/Microsoft.DBforMySQL/locations/westeurope/azureAsyncOperation/582af8f0-ebb6-4a19-b2a7-54e5166afc07?api-version=2017-04-30-preview
  response:
    body: {string: !!python/unicode '{"name":"582af8f0-ebb6-4a19-b2a7-54e5166afc07","status":"Succeeded","startTime":"2017-12-23T05:34:59.14Z"}'}
    headers:
      cache-control: [no-cache]
      content-length: ['106']
      content-type: [application/json; charset=utf-8]
      date: ['Sat, 23 Dec 2017 05:35:21 GMT']
      expires: ['-1']
      pragma: [no-cache]
      server: [Microsoft-HTTPAPI/2.0]
      strict-transport-security: [max-age=31536000; includeSubDomains]
      transfer-encoding: [chunked]
      vary: [Accept-Encoding]
    status: {code: 200, message: OK}
- request:
    body: null
    headers:
      Accept: [application/json]
      Accept-Encoding: ['gzip, deflate']
      CommandName: [mysql server firewall-rule update]
      Connection: [keep-alive]
      Content-Type: [application/json; charset=utf-8]
      User-Agent: [python/2.7.12 (Darwin-17.2.0-x86_64-i386-64bit) requests/2.18.4
          msrest/0.4.22 msrest_azure/0.4.19 mysqlmanagementclient/0.1.0 Azure-SDK-For-Python
          AZURECLI/2.0.24]
      accept-language: [en-US]
    method: GET
    uri: https://management.azure.com/subscriptions/00000000-0000-0000-0000-000000000000/resourceGroups/clitest.rg000001/providers/Microsoft.DBforMySQL/servers/azuredbclitest000002/firewallRules/rule1?api-version=2017-04-30-preview
  response:
    body: {string: !!python/unicode '{"properties":{"startIpAddress":"123.123.123.123","endIpAddress":"123.123.123.124"},"id":"/subscriptions/00000000-0000-0000-0000-000000000000/resourceGroups/clitest.rg000001/providers/Microsoft.DBforMySQL/servers/azuredbclitest000002/firewallRules/rule1","name":"rule1","type":"Microsoft.DBforMySQL/servers/firewallRules"}'}
    headers:
      cache-control: [no-cache]
      content-length: ['424']
      content-type: [application/json; charset=utf-8]
      date: ['Sat, 23 Dec 2017 05:35:29 GMT']
      expires: ['-1']
      pragma: [no-cache]
      server: [Microsoft-HTTPAPI/2.0]
      strict-transport-security: [max-age=31536000; includeSubDomains]
      transfer-encoding: [chunked]
      vary: [Accept-Encoding]
    status: {code: 200, message: OK}
- request:
    body: null
    headers:
      Accept: [application/json]
      Accept-Encoding: ['gzip, deflate']
      CommandName: [mysql server firewall-rule update]
      Connection: [keep-alive]
      Content-Type: [application/json; charset=utf-8]
      User-Agent: [python/2.7.12 (Darwin-17.2.0-x86_64-i386-64bit) requests/2.18.4
          msrest/0.4.22 msrest_azure/0.4.19 mysqlmanagementclient/0.1.0 Azure-SDK-For-Python
          AZURECLI/2.0.24]
      accept-language: [en-US]
    method: GET
    uri: https://management.azure.com/subscriptions/00000000-0000-0000-0000-000000000000/resourceGroups/clitest.rg000001/providers/Microsoft.DBforMySQL/servers/azuredbclitest000002/firewallRules/rule1?api-version=2017-04-30-preview
  response:
    body: {string: !!python/unicode '{"properties":{"startIpAddress":"123.123.123.123","endIpAddress":"123.123.123.124"},"id":"/subscriptions/00000000-0000-0000-0000-000000000000/resourceGroups/clitest.rg000001/providers/Microsoft.DBforMySQL/servers/azuredbclitest000002/firewallRules/rule1","name":"rule1","type":"Microsoft.DBforMySQL/servers/firewallRules"}'}
    headers:
      cache-control: [no-cache]
      content-length: ['424']
      content-type: [application/json; charset=utf-8]
      date: ['Sat, 23 Dec 2017 05:35:35 GMT']
      expires: ['-1']
      pragma: [no-cache]
      server: [Microsoft-HTTPAPI/2.0]
      strict-transport-security: [max-age=31536000; includeSubDomains]
      transfer-encoding: [chunked]
      vary: [Accept-Encoding]
    status: {code: 200, message: OK}
- request:
    body: !!python/unicode '{"properties": {"endIpAddress": "123.123.123.124", "startIpAddress":
      "0.0.0.0"}}'
    headers:
      Accept: [application/json]
      Accept-Encoding: ['gzip, deflate']
      CommandName: [mysql server firewall-rule update]
      Connection: [keep-alive]
      Content-Length: ['80']
      Content-Type: [application/json; charset=utf-8]
      User-Agent: [python/2.7.12 (Darwin-17.2.0-x86_64-i386-64bit) requests/2.18.4
          msrest/0.4.22 msrest_azure/0.4.19 mysqlmanagementclient/0.1.0 Azure-SDK-For-Python
          AZURECLI/2.0.24]
      accept-language: [en-US]
    method: PUT
    uri: https://management.azure.com/subscriptions/00000000-0000-0000-0000-000000000000/resourceGroups/clitest.rg000001/providers/Microsoft.DBforMySQL/servers/azuredbclitest000002/firewallRules/rule1?api-version=2017-04-30-preview
  response:
    body: {string: !!python/unicode '{"operation":"UpsertElasticServerFirewallRules","startTime":"2017-12-23T05:35:40.377Z"}'}
    headers:
      azure-asyncoperation: ['https://management.azure.com/subscriptions/00000000-0000-0000-0000-000000000000/providers/Microsoft.DBforMySQL/locations/westeurope/azureAsyncOperation/8844956a-ab47-460c-a7cc-42f0ba451116?api-version=2017-04-30-preview']
      cache-control: [no-cache]
      content-length: ['87']
      content-type: [application/json; charset=utf-8]
      date: ['Sat, 23 Dec 2017 05:35:40 GMT']
      expires: ['-1']
      location: ['https://management.azure.com/subscriptions/00000000-0000-0000-0000-000000000000/providers/Microsoft.DBforMySQL/locations/westeurope/operationResults/8844956a-ab47-460c-a7cc-42f0ba451116?api-version=2017-04-30-preview']
      pragma: [no-cache]
      server: [Microsoft-HTTPAPI/2.0]
      strict-transport-security: [max-age=31536000; includeSubDomains]
      x-ms-ratelimit-remaining-subscription-writes: ['1190']
    status: {code: 202, message: Accepted}
- request:
    body: null
    headers:
      Accept: [application/json]
      Accept-Encoding: ['gzip, deflate']
      CommandName: [mysql server firewall-rule update]
      Connection: [keep-alive]
      Content-Type: [application/json; charset=utf-8]
      User-Agent: [python/2.7.12 (Darwin-17.2.0-x86_64-i386-64bit) requests/2.18.4
          msrest/0.4.22 msrest_azure/0.4.19 mysqlmanagementclient/0.1.0 Azure-SDK-For-Python
          AZURECLI/2.0.24]
      accept-language: [en-US]
    method: GET
    uri: https://management.azure.com/subscriptions/00000000-0000-0000-0000-000000000000/providers/Microsoft.DBforMySQL/locations/westeurope/azureAsyncOperation/8844956a-ab47-460c-a7cc-42f0ba451116?api-version=2017-04-30-preview
  response:
    body: {string: !!python/unicode '{"name":"8844956a-ab47-460c-a7cc-42f0ba451116","status":"Succeeded","startTime":"2017-12-23T05:35:40.377Z"}'}
    headers:
      cache-control: [no-cache]
      content-length: ['107']
      content-type: [application/json; charset=utf-8]
      date: ['Sat, 23 Dec 2017 05:35:59 GMT']
      expires: ['-1']
      pragma: [no-cache]
      server: [Microsoft-HTTPAPI/2.0]
      strict-transport-security: [max-age=31536000; includeSubDomains]
      transfer-encoding: [chunked]
      vary: [Accept-Encoding]
    status: {code: 200, message: OK}
- request:
    body: null
    headers:
      Accept: [application/json]
      Accept-Encoding: ['gzip, deflate']
      CommandName: [mysql server firewall-rule update]
      Connection: [keep-alive]
      Content-Type: [application/json; charset=utf-8]
      User-Agent: [python/2.7.12 (Darwin-17.2.0-x86_64-i386-64bit) requests/2.18.4
          msrest/0.4.22 msrest_azure/0.4.19 mysqlmanagementclient/0.1.0 Azure-SDK-For-Python
          AZURECLI/2.0.24]
      accept-language: [en-US]
    method: GET
    uri: https://management.azure.com/subscriptions/00000000-0000-0000-0000-000000000000/resourceGroups/clitest.rg000001/providers/Microsoft.DBforMySQL/servers/azuredbclitest000002/firewallRules/rule1?api-version=2017-04-30-preview
  response:
    body: {string: !!python/unicode '{"properties":{"startIpAddress":"0.0.0.0","endIpAddress":"123.123.123.124"},"id":"/subscriptions/00000000-0000-0000-0000-000000000000/resourceGroups/clitest.rg000001/providers/Microsoft.DBforMySQL/servers/azuredbclitest000002/firewallRules/rule1","name":"rule1","type":"Microsoft.DBforMySQL/servers/firewallRules"}'}
    headers:
      cache-control: [no-cache]
      content-length: ['416']
      content-type: [application/json; charset=utf-8]
      date: ['Sat, 23 Dec 2017 05:36:07 GMT']
      expires: ['-1']
      pragma: [no-cache]
      server: [Microsoft-HTTPAPI/2.0]
      strict-transport-security: [max-age=31536000; includeSubDomains]
      transfer-encoding: [chunked]
      vary: [Accept-Encoding]
    status: {code: 200, message: OK}
- request:
    body: null
    headers:
      Accept: [application/json]
      Accept-Encoding: ['gzip, deflate']
      CommandName: [mysql server firewall-rule update]
      Connection: [keep-alive]
      Content-Type: [application/json; charset=utf-8]
      User-Agent: [python/2.7.12 (Darwin-17.2.0-x86_64-i386-64bit) requests/2.18.4
          msrest/0.4.22 msrest_azure/0.4.19 mysqlmanagementclient/0.1.0 Azure-SDK-For-Python
          AZURECLI/2.0.24]
      accept-language: [en-US]
    method: GET
    uri: https://management.azure.com/subscriptions/00000000-0000-0000-0000-000000000000/resourceGroups/clitest.rg000001/providers/Microsoft.DBforMySQL/servers/azuredbclitest000002/firewallRules/rule1?api-version=2017-04-30-preview
  response:
    body: {string: !!python/unicode '{"properties":{"startIpAddress":"0.0.0.0","endIpAddress":"123.123.123.124"},"id":"/subscriptions/00000000-0000-0000-0000-000000000000/resourceGroups/clitest.rg000001/providers/Microsoft.DBforMySQL/servers/azuredbclitest000002/firewallRules/rule1","name":"rule1","type":"Microsoft.DBforMySQL/servers/firewallRules"}'}
    headers:
      cache-control: [no-cache]
      content-length: ['416']
      content-type: [application/json; charset=utf-8]
      date: ['Sat, 23 Dec 2017 05:36:15 GMT']
      expires: ['-1']
      pragma: [no-cache]
      server: [Microsoft-HTTPAPI/2.0]
      strict-transport-security: [max-age=31536000; includeSubDomains]
      transfer-encoding: [chunked]
      vary: [Accept-Encoding]
    status: {code: 200, message: OK}
- request:
    body: !!python/unicode '{"properties": {"endIpAddress": "255.255.255.255", "startIpAddress":
      "0.0.0.0"}}'
    headers:
      Accept: [application/json]
      Accept-Encoding: ['gzip, deflate']
      CommandName: [mysql server firewall-rule update]
      Connection: [keep-alive]
      Content-Length: ['80']
      Content-Type: [application/json; charset=utf-8]
      User-Agent: [python/2.7.12 (Darwin-17.2.0-x86_64-i386-64bit) requests/2.18.4
          msrest/0.4.22 msrest_azure/0.4.19 mysqlmanagementclient/0.1.0 Azure-SDK-For-Python
          AZURECLI/2.0.24]
      accept-language: [en-US]
    method: PUT
    uri: https://management.azure.com/subscriptions/00000000-0000-0000-0000-000000000000/resourceGroups/clitest.rg000001/providers/Microsoft.DBforMySQL/servers/azuredbclitest000002/firewallRules/rule1?api-version=2017-04-30-preview
  response:
    body: {string: !!python/unicode '{"operation":"UpsertElasticServerFirewallRules","startTime":"2017-12-23T05:36:21.01Z"}'}
    headers:
      azure-asyncoperation: ['https://management.azure.com/subscriptions/00000000-0000-0000-0000-000000000000/providers/Microsoft.DBforMySQL/locations/westeurope/azureAsyncOperation/fe258f91-3935-4c40-8f3e-f06a6b9e7c29?api-version=2017-04-30-preview']
      cache-control: [no-cache]
      content-length: ['86']
      content-type: [application/json; charset=utf-8]
      date: ['Sat, 23 Dec 2017 05:36:20 GMT']
      expires: ['-1']
      location: ['https://management.azure.com/subscriptions/00000000-0000-0000-0000-000000000000/providers/Microsoft.DBforMySQL/locations/westeurope/operationResults/fe258f91-3935-4c40-8f3e-f06a6b9e7c29?api-version=2017-04-30-preview']
      pragma: [no-cache]
      server: [Microsoft-HTTPAPI/2.0]
      strict-transport-security: [max-age=31536000; includeSubDomains]
      x-ms-ratelimit-remaining-subscription-writes: ['1196']
    status: {code: 202, message: Accepted}
- request:
    body: null
    headers:
      Accept: [application/json]
      Accept-Encoding: ['gzip, deflate']
      CommandName: [mysql server firewall-rule update]
      Connection: [keep-alive]
      Content-Type: [application/json; charset=utf-8]
      User-Agent: [python/2.7.12 (Darwin-17.2.0-x86_64-i386-64bit) requests/2.18.4
          msrest/0.4.22 msrest_azure/0.4.19 mysqlmanagementclient/0.1.0 Azure-SDK-For-Python
          AZURECLI/2.0.24]
      accept-language: [en-US]
    method: GET
    uri: https://management.azure.com/subscriptions/00000000-0000-0000-0000-000000000000/providers/Microsoft.DBforMySQL/locations/westeurope/azureAsyncOperation/fe258f91-3935-4c40-8f3e-f06a6b9e7c29?api-version=2017-04-30-preview
  response:
    body: {string: !!python/unicode '{"name":"fe258f91-3935-4c40-8f3e-f06a6b9e7c29","status":"Succeeded","startTime":"2017-12-23T05:36:21.01Z"}'}
    headers:
      cache-control: [no-cache]
      content-length: ['106']
      content-type: [application/json; charset=utf-8]
      date: ['Sat, 23 Dec 2017 05:36:42 GMT']
      expires: ['-1']
      pragma: [no-cache]
      server: [Microsoft-HTTPAPI/2.0]
      strict-transport-security: [max-age=31536000; includeSubDomains]
      transfer-encoding: [chunked]
      vary: [Accept-Encoding]
    status: {code: 200, message: OK}
- request:
    body: null
    headers:
      Accept: [application/json]
      Accept-Encoding: ['gzip, deflate']
      CommandName: [mysql server firewall-rule update]
      Connection: [keep-alive]
      Content-Type: [application/json; charset=utf-8]
      User-Agent: [python/2.7.12 (Darwin-17.2.0-x86_64-i386-64bit) requests/2.18.4
          msrest/0.4.22 msrest_azure/0.4.19 mysqlmanagementclient/0.1.0 Azure-SDK-For-Python
          AZURECLI/2.0.24]
      accept-language: [en-US]
    method: GET
    uri: https://management.azure.com/subscriptions/00000000-0000-0000-0000-000000000000/resourceGroups/clitest.rg000001/providers/Microsoft.DBforMySQL/servers/azuredbclitest000002/firewallRules/rule1?api-version=2017-04-30-preview
  response:
    body: {string: !!python/unicode '{"properties":{"startIpAddress":"0.0.0.0","endIpAddress":"255.255.255.255"},"id":"/subscriptions/00000000-0000-0000-0000-000000000000/resourceGroups/clitest.rg000001/providers/Microsoft.DBforMySQL/servers/azuredbclitest000002/firewallRules/rule1","name":"rule1","type":"Microsoft.DBforMySQL/servers/firewallRules"}'}
    headers:
      cache-control: [no-cache]
      content-length: ['416']
      content-type: [application/json; charset=utf-8]
      date: ['Sat, 23 Dec 2017 05:36:48 GMT']
      expires: ['-1']
      pragma: [no-cache]
      server: [Microsoft-HTTPAPI/2.0]
      strict-transport-security: [max-age=31536000; includeSubDomains]
      transfer-encoding: [chunked]
      vary: [Accept-Encoding]
    status: {code: 200, message: OK}
- request:
    body: !!python/unicode '{"properties": {"endIpAddress": "123.123.123.124", "startIpAddress":
      "123.123.123.123"}}'
    headers:
      Accept: [application/json]
      Accept-Encoding: ['gzip, deflate']
      CommandName: [mysql server firewall-rule create]
      Connection: [keep-alive]
      Content-Length: ['88']
      Content-Type: [application/json; charset=utf-8]
      User-Agent: [python/2.7.12 (Darwin-17.2.0-x86_64-i386-64bit) requests/2.18.4
          msrest/0.4.22 msrest_azure/0.4.19 mysqlmanagementclient/0.1.0 Azure-SDK-For-Python
          AZURECLI/2.0.24]
      accept-language: [en-US]
    method: PUT
    uri: https://management.azure.com/subscriptions/00000000-0000-0000-0000-000000000000/resourceGroups/clitest.rg000001/providers/Microsoft.DBforMySQL/servers/azuredbclitest000002/firewallRules/rule2?api-version=2017-04-30-preview
  response:
    body: {string: !!python/unicode '{"operation":"UpsertElasticServerFirewallRules","startTime":"2017-12-23T05:36:57.703Z"}'}
    headers:
      azure-asyncoperation: ['https://management.azure.com/subscriptions/00000000-0000-0000-0000-000000000000/providers/Microsoft.DBforMySQL/locations/westeurope/azureAsyncOperation/4ac0e839-8f07-44f2-b8ca-4a08b69af054?api-version=2017-04-30-preview']
      cache-control: [no-cache]
      content-length: ['87']
      content-type: [application/json; charset=utf-8]
      date: ['Sat, 23 Dec 2017 05:36:57 GMT']
      expires: ['-1']
      location: ['https://management.azure.com/subscriptions/00000000-0000-0000-0000-000000000000/providers/Microsoft.DBforMySQL/locations/westeurope/operationResults/4ac0e839-8f07-44f2-b8ca-4a08b69af054?api-version=2017-04-30-preview']
      pragma: [no-cache]
      server: [Microsoft-HTTPAPI/2.0]
      strict-transport-security: [max-age=31536000; includeSubDomains]
      x-ms-ratelimit-remaining-subscription-writes: ['1196']
    status: {code: 202, message: Accepted}
- request:
    body: null
    headers:
      Accept: [application/json]
      Accept-Encoding: ['gzip, deflate']
      CommandName: [mysql server firewall-rule create]
      Connection: [keep-alive]
      Content-Type: [application/json; charset=utf-8]
      User-Agent: [python/2.7.12 (Darwin-17.2.0-x86_64-i386-64bit) requests/2.18.4
          msrest/0.4.22 msrest_azure/0.4.19 mysqlmanagementclient/0.1.0 Azure-SDK-For-Python
          AZURECLI/2.0.24]
      accept-language: [en-US]
    method: GET
    uri: https://management.azure.com/subscriptions/00000000-0000-0000-0000-000000000000/providers/Microsoft.DBforMySQL/locations/westeurope/azureAsyncOperation/4ac0e839-8f07-44f2-b8ca-4a08b69af054?api-version=2017-04-30-preview
  response:
    body: {string: !!python/unicode '{"name":"4ac0e839-8f07-44f2-b8ca-4a08b69af054","status":"Succeeded","startTime":"2017-12-23T05:36:57.703Z"}'}
    headers:
      cache-control: [no-cache]
      content-length: ['107']
      content-type: [application/json; charset=utf-8]
      date: ['Sat, 23 Dec 2017 05:37:21 GMT']
      expires: ['-1']
      pragma: [no-cache]
      server: [Microsoft-HTTPAPI/2.0]
      strict-transport-security: [max-age=31536000; includeSubDomains]
      transfer-encoding: [chunked]
      vary: [Accept-Encoding]
    status: {code: 200, message: OK}
- request:
    body: null
    headers:
      Accept: [application/json]
      Accept-Encoding: ['gzip, deflate']
      CommandName: [mysql server firewall-rule create]
      Connection: [keep-alive]
      Content-Type: [application/json; charset=utf-8]
      User-Agent: [python/2.7.12 (Darwin-17.2.0-x86_64-i386-64bit) requests/2.18.4
          msrest/0.4.22 msrest_azure/0.4.19 mysqlmanagementclient/0.1.0 Azure-SDK-For-Python
          AZURECLI/2.0.24]
      accept-language: [en-US]
    method: GET
    uri: https://management.azure.com/subscriptions/00000000-0000-0000-0000-000000000000/resourceGroups/clitest.rg000001/providers/Microsoft.DBforMySQL/servers/azuredbclitest000002/firewallRules/rule2?api-version=2017-04-30-preview
  response:
    body: {string: !!python/unicode '{"properties":{"startIpAddress":"123.123.123.123","endIpAddress":"123.123.123.124"},"id":"/subscriptions/00000000-0000-0000-0000-000000000000/resourceGroups/clitest.rg000001/providers/Microsoft.DBforMySQL/servers/azuredbclitest000002/firewallRules/rule2","name":"rule2","type":"Microsoft.DBforMySQL/servers/firewallRules"}'}
    headers:
      cache-control: [no-cache]
      content-length: ['424']
      content-type: [application/json; charset=utf-8]
      date: ['Sat, 23 Dec 2017 05:37:27 GMT']
      expires: ['-1']
      pragma: [no-cache]
      server: [Microsoft-HTTPAPI/2.0]
      strict-transport-security: [max-age=31536000; includeSubDomains]
      transfer-encoding: [chunked]
      vary: [Accept-Encoding]
    status: {code: 200, message: OK}
- request:
    body: null
    headers:
      Accept: [application/json]
      Accept-Encoding: ['gzip, deflate']
      CommandName: [mysql server firewall-rule list]
      Connection: [keep-alive]
      Content-Type: [application/json; charset=utf-8]
      User-Agent: [python/2.7.12 (Darwin-17.2.0-x86_64-i386-64bit) requests/2.18.4
          msrest/0.4.22 msrest_azure/0.4.19 mysqlmanagementclient/0.1.0 Azure-SDK-For-Python
          AZURECLI/2.0.24]
      accept-language: [en-US]
    method: GET
    uri: https://management.azure.com/subscriptions/00000000-0000-0000-0000-000000000000/resourceGroups/clitest.rg000001/providers/Microsoft.DBforMySQL/servers/azuredbclitest000002/firewallRules?api-version=2017-04-30-preview
  response:
    body: {string: !!python/unicode '{"value":[{"properties":{"startIpAddress":"0.0.0.0","endIpAddress":"255.255.255.255"},"id":"/subscriptions/00000000-0000-0000-0000-000000000000/resourceGroups/clitest.rg000001/providers/Microsoft.DBforMySQL/servers/azuredbclitest000002/firewallRules/rule1","name":"rule1","type":"Microsoft.DBforMySQL/servers/firewallRules"},{"properties":{"startIpAddress":"123.123.123.123","endIpAddress":"123.123.123.124"},"id":"/subscriptions/00000000-0000-0000-0000-000000000000/resourceGroups/clitest.rg000001/providers/Microsoft.DBforMySQL/servers/azuredbclitest000002/firewallRules/rule2","name":"rule2","type":"Microsoft.DBforMySQL/servers/firewallRules"}]}'}
    headers:
      cache-control: [no-cache]
      content-length: ['853']
      content-type: [application/json; charset=utf-8]
      date: ['Sat, 23 Dec 2017 05:37:36 GMT']
      expires: ['-1']
      pragma: [no-cache]
      server: [Microsoft-HTTPAPI/2.0]
      strict-transport-security: [max-age=31536000; includeSubDomains]
      transfer-encoding: [chunked]
      vary: [Accept-Encoding]
    status: {code: 200, message: OK}
- request:
    body: null
    headers:
      Accept: [application/json]
      Accept-Encoding: ['gzip, deflate']
      CommandName: [mysql server firewall-rule delete]
      Connection: [keep-alive]
      Content-Length: ['0']
      Content-Type: [application/json; charset=utf-8]
      User-Agent: [python/2.7.12 (Darwin-17.2.0-x86_64-i386-64bit) requests/2.18.4
          msrest/0.4.22 msrest_azure/0.4.19 mysqlmanagementclient/0.1.0 Azure-SDK-For-Python
          AZURECLI/2.0.24]
      accept-language: [en-US]
    method: DELETE
    uri: https://management.azure.com/subscriptions/00000000-0000-0000-0000-000000000000/resourceGroups/clitest.rg000001/providers/Microsoft.DBforMySQL/servers/azuredbclitest000002/firewallRules/rule1?api-version=2017-04-30-preview
  response:
    body: {string: !!python/unicode '{"operation":"DropElasticServerFirewallRule","startTime":"2017-12-23T05:37:48.047Z"}'}
    headers:
      azure-asyncoperation: ['https://management.azure.com/subscriptions/00000000-0000-0000-0000-000000000000/providers/Microsoft.DBforMySQL/locations/westeurope/azureAsyncOperation/4ef68021-bc5d-42da-863f-3a6d561f8f6e?api-version=2017-04-30-preview']
      cache-control: [no-cache]
      content-length: ['84']
      content-type: [application/json; charset=utf-8]
      date: ['Sat, 23 Dec 2017 05:37:48 GMT']
      expires: ['-1']
      location: ['https://management.azure.com/subscriptions/00000000-0000-0000-0000-000000000000/providers/Microsoft.DBforMySQL/locations/westeurope/operationResults/4ef68021-bc5d-42da-863f-3a6d561f8f6e?api-version=2017-04-30-preview']
      pragma: [no-cache]
      server: [Microsoft-HTTPAPI/2.0]
      strict-transport-security: [max-age=31536000; includeSubDomains]
      x-ms-ratelimit-remaining-subscription-writes: ['1196']
    status: {code: 202, message: Accepted}
- request:
    body: null
    headers:
      Accept: [application/json]
      Accept-Encoding: ['gzip, deflate']
      CommandName: [mysql server firewall-rule delete]
      Connection: [keep-alive]
      Content-Type: [application/json; charset=utf-8]
      User-Agent: [python/2.7.12 (Darwin-17.2.0-x86_64-i386-64bit) requests/2.18.4
          msrest/0.4.22 msrest_azure/0.4.19 mysqlmanagementclient/0.1.0 Azure-SDK-For-Python
          AZURECLI/2.0.24]
      accept-language: [en-US]
    method: GET
    uri: https://management.azure.com/subscriptions/00000000-0000-0000-0000-000000000000/providers/Microsoft.DBforMySQL/locations/westeurope/azureAsyncOperation/4ef68021-bc5d-42da-863f-3a6d561f8f6e?api-version=2017-04-30-preview
  response:
    body: {string: !!python/unicode '{"name":"4ef68021-bc5d-42da-863f-3a6d561f8f6e","status":"Succeeded","startTime":"2017-12-23T05:37:48.047Z"}'}
    headers:
      cache-control: [no-cache]
      content-length: ['107']
      content-type: [application/json; charset=utf-8]
      date: ['Sat, 23 Dec 2017 05:38:06 GMT']
      expires: ['-1']
      pragma: [no-cache]
      server: [Microsoft-HTTPAPI/2.0]
      strict-transport-security: [max-age=31536000; includeSubDomains]
      transfer-encoding: [chunked]
      vary: [Accept-Encoding]
    status: {code: 200, message: OK}
- request:
    body: null
    headers:
      Accept: [application/json]
      Accept-Encoding: ['gzip, deflate']
      CommandName: [mysql server firewall-rule list]
      Connection: [keep-alive]
      Content-Type: [application/json; charset=utf-8]
      User-Agent: [python/2.7.12 (Darwin-17.2.0-x86_64-i386-64bit) requests/2.18.4
          msrest/0.4.22 msrest_azure/0.4.19 mysqlmanagementclient/0.1.0 Azure-SDK-For-Python
          AZURECLI/2.0.24]
      accept-language: [en-US]
    method: GET
    uri: https://management.azure.com/subscriptions/00000000-0000-0000-0000-000000000000/resourceGroups/clitest.rg000001/providers/Microsoft.DBforMySQL/servers/azuredbclitest000002/firewallRules?api-version=2017-04-30-preview
  response:
    body: {string: !!python/unicode '{"value":[{"properties":{"startIpAddress":"123.123.123.123","endIpAddress":"123.123.123.124"},"id":"/subscriptions/00000000-0000-0000-0000-000000000000/resourceGroups/clitest.rg000001/providers/Microsoft.DBforMySQL/servers/azuredbclitest000002/firewallRules/rule2","name":"rule2","type":"Microsoft.DBforMySQL/servers/firewallRules"}]}'}
    headers:
      cache-control: [no-cache]
      content-length: ['436']
      content-type: [application/json; charset=utf-8]
      date: ['Sat, 23 Dec 2017 05:38:11 GMT']
      expires: ['-1']
      pragma: [no-cache]
      server: [Microsoft-HTTPAPI/2.0]
      strict-transport-security: [max-age=31536000; includeSubDomains]
      transfer-encoding: [chunked]
      vary: [Accept-Encoding]
    status: {code: 200, message: OK}
- request:
    body: null
    headers:
      Accept: [application/json]
      Accept-Encoding: ['gzip, deflate']
      CommandName: [mysql server firewall-rule delete]
      Connection: [keep-alive]
      Content-Length: ['0']
      Content-Type: [application/json; charset=utf-8]
      User-Agent: [python/2.7.12 (Darwin-17.2.0-x86_64-i386-64bit) requests/2.18.4
          msrest/0.4.22 msrest_azure/0.4.19 mysqlmanagementclient/0.1.0 Azure-SDK-For-Python
          AZURECLI/2.0.24]
      accept-language: [en-US]
    method: DELETE
    uri: https://management.azure.com/subscriptions/00000000-0000-0000-0000-000000000000/resourceGroups/clitest.rg000001/providers/Microsoft.DBforMySQL/servers/azuredbclitest000002/firewallRules/rule2?api-version=2017-04-30-preview
  response:
    body: {string: !!python/unicode '{"operation":"DropElasticServerFirewallRule","startTime":"2017-12-23T05:38:19.9Z"}'}
    headers:
      azure-asyncoperation: ['https://management.azure.com/subscriptions/00000000-0000-0000-0000-000000000000/providers/Microsoft.DBforMySQL/locations/westeurope/azureAsyncOperation/8512ba82-3b09-4db2-8f70-38e613c3a320?api-version=2017-04-30-preview']
      cache-control: [no-cache]
      content-length: ['82']
      content-type: [application/json; charset=utf-8]
      date: ['Sat, 23 Dec 2017 05:38:20 GMT']
      expires: ['-1']
      location: ['https://management.azure.com/subscriptions/00000000-0000-0000-0000-000000000000/providers/Microsoft.DBforMySQL/locations/westeurope/operationResults/8512ba82-3b09-4db2-8f70-38e613c3a320?api-version=2017-04-30-preview']
      pragma: [no-cache]
      server: [Microsoft-HTTPAPI/2.0]
      strict-transport-security: [max-age=31536000; includeSubDomains]
      x-ms-ratelimit-remaining-subscription-writes: ['1196']
    status: {code: 202, message: Accepted}
- request:
    body: null
    headers:
      Accept: [application/json]
      Accept-Encoding: ['gzip, deflate']
      CommandName: [mysql server firewall-rule delete]
      Connection: [keep-alive]
      Content-Type: [application/json; charset=utf-8]
      User-Agent: [python/2.7.12 (Darwin-17.2.0-x86_64-i386-64bit) requests/2.18.4
          msrest/0.4.22 msrest_azure/0.4.19 mysqlmanagementclient/0.1.0 Azure-SDK-For-Python
          AZURECLI/2.0.24]
      accept-language: [en-US]
    method: GET
    uri: https://management.azure.com/subscriptions/00000000-0000-0000-0000-000000000000/providers/Microsoft.DBforMySQL/locations/westeurope/azureAsyncOperation/8512ba82-3b09-4db2-8f70-38e613c3a320?api-version=2017-04-30-preview
  response:
    body: {string: !!python/unicode '{"name":"8512ba82-3b09-4db2-8f70-38e613c3a320","status":"Succeeded","startTime":"2017-12-23T05:38:19.9Z"}'}
    headers:
      cache-control: [no-cache]
      content-length: ['105']
      content-type: [application/json; charset=utf-8]
      date: ['Sat, 23 Dec 2017 05:38:42 GMT']
      expires: ['-1']
      pragma: [no-cache]
      server: [Microsoft-HTTPAPI/2.0]
      strict-transport-security: [max-age=31536000; includeSubDomains]
      transfer-encoding: [chunked]
      vary: [Accept-Encoding]
    status: {code: 200, message: OK}
- request:
    body: null
    headers:
      Accept: [application/json]
      Accept-Encoding: ['gzip, deflate']
      CommandName: [mysql server firewall-rule list]
      Connection: [keep-alive]
      Content-Type: [application/json; charset=utf-8]
      User-Agent: [python/2.7.12 (Darwin-17.2.0-x86_64-i386-64bit) requests/2.18.4
          msrest/0.4.22 msrest_azure/0.4.19 mysqlmanagementclient/0.1.0 Azure-SDK-For-Python
          AZURECLI/2.0.24]
      accept-language: [en-US]
    method: GET
    uri: https://management.azure.com/subscriptions/00000000-0000-0000-0000-000000000000/resourceGroups/clitest.rg000001/providers/Microsoft.DBforMySQL/servers/azuredbclitest000002/firewallRules?api-version=2017-04-30-preview
  response:
    body: {string: !!python/unicode '{"value":[]}'}
    headers:
      cache-control: [no-cache]
      content-length: ['12']
      content-type: [application/json; charset=utf-8]
      date: ['Sat, 23 Dec 2017 05:38:51 GMT']
      expires: ['-1']
      pragma: [no-cache]
      server: [Microsoft-HTTPAPI/2.0]
      strict-transport-security: [max-age=31536000; includeSubDomains]
      transfer-encoding: [chunked]
      vary: [Accept-Encoding]
    status: {code: 200, message: OK}
- request:
    body: null
    headers:
      Accept: [application/json]
      Accept-Encoding: ['gzip, deflate']
      CommandName: [mysql db list]
      Connection: [keep-alive]
      Content-Type: [application/json; charset=utf-8]
      User-Agent: [python/2.7.12 (Darwin-17.2.0-x86_64-i386-64bit) requests/2.18.4
          msrest/0.4.22 msrest_azure/0.4.19 mysqlmanagementclient/0.1.0 Azure-SDK-For-Python
          AZURECLI/2.0.24]
      accept-language: [en-US]
    method: GET
    uri: https://management.azure.com/subscriptions/00000000-0000-0000-0000-000000000000/resourceGroups/clitest.rg000001/providers/Microsoft.DBforMySQL/servers/azuredbclitest000002/databases?api-version=2017-04-30-preview
  response:
    body: {string: !!python/unicode '{"value":[{"properties":{"charset":"utf8","collation":"utf8_general_ci"},"id":"/subscriptions/00000000-0000-0000-0000-000000000000/resourceGroups/clitest.rg000001/providers/Microsoft.DBforMySQL/servers/azuredbclitest000002/databases/information_schema","name":"information_schema","type":"Microsoft.DBforMySQL/servers/databases"},{"properties":{"charset":"latin1","collation":"latin1_swedish_ci"},"id":"/subscriptions/00000000-0000-0000-0000-000000000000/resourceGroups/clitest.rg000001/providers/Microsoft.DBforMySQL/servers/azuredbclitest000002/databases/mysql","name":"mysql","type":"Microsoft.DBforMySQL/servers/databases"},{"properties":{"charset":"utf8","collation":"utf8_general_ci"},"id":"/subscriptions/00000000-0000-0000-0000-000000000000/resourceGroups/clitest.rg000001/providers/Microsoft.DBforMySQL/servers/azuredbclitest000002/databases/performance_schema","name":"performance_schema","type":"Microsoft.DBforMySQL/servers/databases"},{"properties":{"charset":"utf8","collation":"utf8_general_ci"},"id":"/subscriptions/00000000-0000-0000-0000-000000000000/resourceGroups/clitest.rg000001/providers/Microsoft.DBforMySQL/servers/azuredbclitest000002/databases/sys","name":"sys","type":"Microsoft.DBforMySQL/servers/databases"}]}'}
    headers:
      cache-control: [no-cache]
      content-length: ['1647']
      content-type: [application/json; charset=utf-8]
      date: ['Sat, 23 Dec 2017 05:39:01 GMT']
      expires: ['-1']
      pragma: [no-cache]
      server: [Microsoft-HTTPAPI/2.0]
      strict-transport-security: [max-age=31536000; includeSubDomains]
      transfer-encoding: [chunked]
      vary: [Accept-Encoding]
    status: {code: 200, message: OK}
- request:
    body: null
    headers:
      Accept: [application/json]
      Accept-Encoding: ['gzip, deflate']
      CommandName: [group delete]
      Connection: [keep-alive]
      Content-Length: ['0']
      Content-Type: [application/json; charset=utf-8]
      User-Agent: [python/2.7.12 (Darwin-17.2.0-x86_64-i386-64bit) requests/2.18.4
          msrest/0.4.22 msrest_azure/0.4.19 resourcemanagementclient/1.2.1 Azure-SDK-For-Python
          AZURECLI/2.0.24]
      accept-language: [en-US]
    method: DELETE
    uri: https://management.azure.com/subscriptions/00000000-0000-0000-0000-000000000000/resourcegroups/clitest.rg000001?api-version=2017-05-10
  response:
    body: {string: !!python/unicode ''}
    headers:
      cache-control: [no-cache]
      content-length: ['0']
      date: ['Sat, 23 Dec 2017 05:39:08 GMT']
      expires: ['-1']
      location: ['https://management.azure.com/subscriptions/00000000-0000-0000-0000-000000000000/operationresults/eyJqb2JJZCI6IlJFU09VUkNFR1JPVVBERUxFVElPTkpPQi1DTElURVNUOjJFUkdCWEU2Q1lXVjc1NjNUTEpKREpOTVVYQkNDVjNMVzZZMjJUUnxBQjhBNEZGNzlEQzIxRjQ4LVdFU1RVUyIsImpvYkxvY2F0aW9uIjoid2VzdHVzIn0?api-version=2017-05-10']
      pragma: [no-cache]
      strict-transport-security: [max-age=31536000; includeSubDomains]
      x-ms-ratelimit-remaining-subscription-writes: ['1195']
    status: {code: 202, message: Accepted}
version: 1
