interactions:
- request:
    body: null
    headers:
      Accept:
      - '*/*'
      Accept-Encoding:
      - gzip, deflate
      CommandName:
      - rest
      Connection:
      - keep-alive
      ParameterSetName:
      - -u
      User-Agent:
      - AZURECLI/2.10.1
    method: GET
    uri: https://management.azure.com/subscriptions?api-version=2020-01-01
  response:
    body:
      string: '{"value":[{"id":"/subscriptions/00000000-0000-0000-0000-000000000000","authorizationSource":"RoleBased","managedByTenants":[{"tenantId":"2f4a9838-26b7-47ee-be60-ccc1fdec5953"}],"subscriptionId":"0b1f6471-1bf0-4dda-aec3-cb9272f09590","tenantId":"54826b22-38d6-4fb2-bad9-b7b93a3e9c5a","displayName":"AzureSDKTest","state":"Enabled","subscriptionPolicies":{"locationPlacementId":"Internal_2014-09-01","quotaId":"Internal_2014-09-01","spendingLimit":"Off"}}],"count":{"type":"Total","value":1}}'
    headers:
      cache-control:
      - no-cache
      content-length:
      - '490'
      content-type:
      - application/json; charset=utf-8
      date:
      - Wed, 12 Aug 2020 06:52:15 GMT
      expires:
      - '-1'
      pragma:
      - no-cache
      strict-transport-security:
      - max-age=31536000; includeSubDomains
      vary:
      - Accept-Encoding
      x-content-type-options:
      - nosniff
    status:
      code: 200
      message: OK
- request:
    body: null
    headers:
      Accept:
      - '*/*'
      Accept-Encoding:
      - gzip, deflate
      CommandName:
      - rest
      Connection:
      - keep-alive
      ParameterSetName:
      - -u
      User-Agent:
      - AZURECLI/2.10.1
    method: GET
    uri: https://management.azure.com/tenants?api-version=2020-01-01
  response:
    body:
      string: '{"value":[{"id":"/tenants/72f988bf-86f1-41af-91ab-2d7cd011db47","tenantId":"72f988bf-86f1-41af-91ab-2d7cd011db47","countryCode":"US","displayName":"Microsoft","domains":["drawbridge.com","expresslogic.com","euevents.microsoft.com","nonprofits.microsoft.com","benefits.microsoft.com","forzaesports.com","bons.ai","bonsaiai.com","bonsai.ai","mileiq.com","mobiledatalabs.com","azmosa.io","fslogix.com","Howdy.ai","Xoxco.com","Botkit.ai","glintinc.com","maquette.ms","tibazdev.microsoft.com","mail.appcenter.ms","Hexadite.com","lobe.ai","appcenter.ms","github.com","gearspop.com","messages.microsoft.com","flipgrid.com","semanticmachines.com","video2brain.com","averesystems.com","initiativegaming.com","mail1.averesystems.com","seaofthieves.com","Intentional.com","m12.vc","email.bing.com","playfab.com","itsm.microsoft.com","Windows.mail.microsoft.com","smtphost.microsoft.com","exmail.microsoft.com","altvr.com","altspacevr.com","corp.microsoft.com","cyclecomputing.com","cloudyn.com","nuget.org","microsoftsmarthq.com.au","lockbox.microsoft.com","acompli.com","domains.microsoft","service.linkedin.com","microsoft.com","eventscommunication.microsoft.com","deis.com","Lynda.com","Slideshare.com","Newsle.com","linkedin.com","myemailing.microsoft.com","maluuba.com","internal.linkedin.cn","linkedin.biz","microsoftcan.onmicrosoft.com","educatorcommunity.microsoft.com","simplygon.com","MicrosoftAPC.onmicrosoft.com","messages2.microsoft.com","shadmorris.com","MicrosoftEur.onmicrosoft.com","security.microsoft.com","robovm.com","solaircorporate.com","wandlabs.com","azureemail.microsoft.com","genee.me","microsoftstudios.com","MICROSOFTCSR.COM","bigpark.com","bing.com","corp.webtv.net","HaloWaypoint.com","musiwave.com","navic.tv","ntdev.corp.microsoft.com","redmond.corp.microsoft.com","europe.corp.microsoft.com","middleeast.corp.microsoft.com","exchange.corp.microsoft.com","southamerica.corp.microsoft.com","fareast.corp.microsoft.com","winse.corp.microsoft.com","mslpa.corp.microsoft.com","windows.microsoft.com","africa.corp.microsoft.com","ntdev.microsoft.com","wingroup.windeploy.ntdev.microsoft.com","southpacific.corp.microsoft.com","segroup.winse.corp.microsoft.com","northamerica.corp.microsoft.com","service.microsoft.com","exchange.microsoft.com","xbox.com","zune.net","msg.microsoft.com","titanium.microsoft.com","microsoft.mail.onmicrosoft.com","filtering.exchange.microsoft.com","skype.net","hybrid.microsoft.com","fbt.microsoft.com","ageofempiresonline.com","yammer-inc.com","service.fbt.microsoft.com","service.exchange.microsoft.com","mslicense.com","office365.microsoft.com","crm.microsoft.com","mssales.microsoft.com","mssupport.microsoft.com","smc.microsoft.com","sharepointjournaling.exchange.microsoft.com","wingroup.microsoft.com","managed.microsoft.com","serivce.exchange.microsoft.com","primary.exchange.microsoft.com","filtering.service.exchange.microsoft.com","pioneer.exchange.microsoft.com","wmislabcon01.redmond.corp.microsoft.com","winfarmmail.ntdev.corp.microsoft.com","WOSTIX-TEST.NTDEV.corp.microsoft.com","SPSDOG4-27.redmond.corp.microsoft.com","SPSDOG4-34.redmond.corp.microsoft.com","spsdog4-16.redmond.corp.microsoft.com","cyrusb-z400.redmond.corp.microsoft.com","MOSSDOG2982.redmond.corp.microsoft.com","osgwebindex.redmond.corp.microsoft.com","wostcktiis01.redmond.corp.microsoft.com","osgemail.redmond.corp.microsoft.com","extranettest.microsoft.com","pssupport.microsoft.com","extranet.microsoft.com","munich.microsoft.com","news.microsoft.com","mpsd.microsoft.com","gmo.microsoft.com","ims.microsoft.com","partners.extranet.microsoft.com","parttest.extranettest.microsoft.com","mscourseware.com","placeware.com","nokia.microsoft.com","www.surfaceclub.sg","winse.microsoft.com","surface.com","rare.co.uk","screentonic.com","mds.microsoft.com","mail.microsoft.com","mailflowtest.mail.microsoft.com","t-dynmktge.com","aspproject.nl","metricshub.com","ageofempires.com","azure.com","fast.no","microsoft.co.nz","live.co.hu","groupme.com","aquantive.com","fastsearch.com","microsoft.tm.hu","microsoft.ccsctp.com","healthvault.com","perceptivepixel.com","marketingpilot.com","phonefactor.com","lucernepublishing.com","vexcel.co.at","vexscan.com","qik.com","parlano.com","musiwave.net","skype.com","slimbezig.nl","Softricity.com","windows-live.hu","xboxtest.com","groove.net","008.mgd.microsoft.com","vexcel.at","officelive.co.hu","windowslive.co.hu","xbox360.co.hu","xbox.co.hu","winlive.co.hu","windows-live.co.hu","microsoft.eu","datallegro.com","projectspark.com","Storesimple.com","Phonefactor.net","yadata.com","surfaceclub.sg","microsoft.onmicrosoft.com","zone.com","sentillion.com","view012.de","windowsmedia.hu","greenbutton.com","css.one.microsoft.com","proclarity.com","rareware.com","capptain.com","mgd.microsoft.com","064d.mgd.microsoft.com","inmage.net","inmage.com","bingnews.microsoft.com","aorato.com","api.yammer.com","email.microsoft.com","officelabs.microsoft.com","Codenauts.com","codenauts.de","Hockeyapp.com","qa2.parature.net","componentart.com","datazen.com","nuvolarosa.eu","bayiportali.mmdservice.com","inside-r.org","Getliveloop.com","Sunrise.am","incentgames.com","doublelabs.com","Fantasysalesteam.com","clickdimensions.Microsoft.com","volometrix.com","bluestripe.com","time.microsoft.com","revolutionanalytics.com","inside-r.com","revolution-computing.com","fieldone.com","Pioneerinteractive.com","msitsupp.microsoft.com","metanautix.com","dwh.io","pressplay.dk","adxstudio.com","Havok.com","Trinigy.net","Projectanarchy.com","Rocketbox.de","cloudappsecurity.com","email-2.microsoft.com","Swiftkey.com","Swiftkey.net","Swiftmoji.com","Touchtype-online.com","msfts2.onmicrosoft.com","msfts2.mail.onmicrosoft.com","Xamarin.com","secureislands.com","gears.gg","promoteiq.com","sangamemail.microsoft.com","preonboarding.microsoft.com","microsoftprd.onmicrosoft.com","bluetalon.com","citusdata.com","spotfront.com","dcat.microsoft.com","jclarity.com","msftdomains.microsoft.com","msra.microsoft.com","sales.microsoft.com","askhr.microsoft.com","idwebmail.microsoft.com","movere.io","experience.microsoft.com","thefightisinus.org","Unifiedlogic.com","mover.io","msads.microsoft.com","winautomation.com","softomotive.com"],"tenantCategory":"Home","defaultDomain":"microsoft.onmicrosoft.com","tenantType":"AAD","tenantBrandingLogoUrl":"https://secure.aadcdn.microsoftonline-p.com/dbd5a2dd-n2kxueriy-dm8fhyf0anvulmvhi3kdbkkxqluuekyfc/logintenantbranding/0/bannerlogo?ts=636783560697171089"},{"id":"/tenants/54826b22-38d6-4fb2-bad9-b7b93a3e9c5a","tenantId":"54826b22-38d6-4fb2-bad9-b7b93a3e9c5a","countryCode":"US","displayName":"AzureSDKTeam","domains":["AzureSDKTeam.onmicrosoft.com","azdevextest.com"],"tenantCategory":"Home","defaultDomain":"AzureSDKTeam.onmicrosoft.com","tenantType":"AAD"}]}'
    headers:
      cache-control:
      - no-cache
      content-length:
      - '6755'
      content-type:
      - application/json; charset=utf-8
      date:
      - Wed, 12 Aug 2020 06:52:17 GMT
      expires:
      - '-1'
      pragma:
      - no-cache
      strict-transport-security:
      - max-age=31536000; includeSubDomains
      vary:
      - Accept-Encoding
      x-content-type-options:
      - nosniff
    status:
      code: 200
      message: OK
- request:
    body: '{"location": "eastus"}'
    headers:
      Accept:
      - '*/*'
      Accept-Encoding:
      - gzip, deflate
      CommandName:
      - rest
      Connection:
      - keep-alive
      Content-Length:
      - '22'
      Content-Type:
      - application/json
      ParameterSetName:
      - -m -u --body
      User-Agent:
      - AZURECLI/2.10.1
    method: PUT
    uri: https://management.azure.com/subscriptions/00000000-0000-0000-0000-000000000000/resourcegroups/test-rest-rg000001?api-version=2019-10-01
  response:
    body:
      string: '{"id":"/subscriptions/00000000-0000-0000-0000-000000000000/resourceGroups/test-rest-rg000001","name":"test-rest-rg000001","type":"Microsoft.Resources/resourceGroups","location":"eastus","properties":{"provisioningState":"Succeeded"}}'
    headers:
      cache-control:
      - no-cache
      content-length:
      - '237'
      content-type:
      - application/json; charset=utf-8
      date:
      - Wed, 12 Aug 2020 06:52:20 GMT
      expires:
      - '-1'
      pragma:
      - no-cache
      strict-transport-security:
      - max-age=31536000; includeSubDomains
      x-content-type-options:
      - nosniff
      x-ms-ratelimit-remaining-subscription-writes:
      - '1198'
    status:
      code: 201
      message: Created
- request:
    body: null
    headers:
      Accept:
      - '*/*'
      Accept-Encoding:
      - gzip, deflate
      CommandName:
      - rest
      Connection:
      - keep-alive
      ParameterSetName:
      - -u
      User-Agent:
      - AZURECLI/2.10.1
    method: GET
    uri: https://management.azure.com/subscriptions/00000000-0000-0000-0000-000000000000/resourcegroups/test-rest-rg000001?api-version=2019-10-01
  response:
    body:
      string: '{"id":"/subscriptions/00000000-0000-0000-0000-000000000000/resourceGroups/test-rest-rg000001","name":"test-rest-rg000001","type":"Microsoft.Resources/resourceGroups","location":"eastus","properties":{"provisioningState":"Succeeded"}}'
    headers:
      cache-control:
      - no-cache
      content-length:
      - '237'
      content-type:
      - application/json; charset=utf-8
      date:
      - Wed, 12 Aug 2020 06:52:21 GMT
      expires:
      - '-1'
      pragma:
      - no-cache
      strict-transport-security:
      - max-age=31536000; includeSubDomains
      vary:
      - Accept-Encoding
      x-content-type-options:
      - nosniff
    status:
      code: 200
      message: OK
- request:
    body: null
    headers:
      Accept:
      - '*/*'
      Accept-Encoding:
      - gzip, deflate
      CommandName:
      - rest
      Connection:
      - keep-alive
      Content-Length:
      - '0'
      ParameterSetName:
      - -m -u
      User-Agent:
      - AZURECLI/2.10.1
    method: DELETE
    uri: https://management.azure.com/subscriptions/00000000-0000-0000-0000-000000000000/resourcegroups/test-rest-rg000001?api-version=2019-10-01
  response:
    body:
      string: ''
    headers:
      cache-control:
      - no-cache
      content-length:
      - '0'
      date:
      - Wed, 12 Aug 2020 06:52:24 GMT
      expires:
      - '-1'
      location:
      - https://management.azure.com/subscriptions/00000000-0000-0000-0000-000000000000/operationresults/eyJqb2JJZCI6IlJFU09VUkNFR1JPVVBERUxFVElPTkpPQi1URVNUOjJEUkVTVDoyRFJHUEZSR1AzMkwtRUFTVFVTIiwiam9iTG9jYXRpb24iOiJlYXN0dXMifQ?api-version=2019-10-01
      pragma:
      - no-cache
      strict-transport-security:
      - max-age=31536000; includeSubDomains
      x-content-type-options:
      - nosniff
      x-ms-ratelimit-remaining-subscription-deletes:
      - '14999'
    status:
      code: 202
      message: Accepted
- request:
    body: null
    headers:
      Accept:
      - '*/*'
      Accept-Encoding:
      - gzip, deflate
      CommandName:
      - rest
      Connection:
      - keep-alive
      ParameterSetName:
      - -u
      User-Agent:
      - AZURECLI/2.10.1
    method: GET
    uri: https://management.azure.com/subscriptions/00000000-0000-0000-0000-000000000000/resourcegroups/test-rest-rg000001?api-version=2019-10-01
  response:
    body:
      string: '{"id":"/subscriptions/00000000-0000-0000-0000-000000000000/resourceGroups/test-rest-rg000001","name":"test-rest-rg000001","type":"Microsoft.Resources/resourceGroups","location":"eastus","properties":{"provisioningState":"Deleting"}}'
    headers:
      cache-control:
      - no-cache
      content-length:
      - '236'
      content-type:
      - application/json; charset=utf-8
      date:
      - Wed, 12 Aug 2020 06:52:30 GMT
      expires:
      - '-1'
      pragma:
      - no-cache
      strict-transport-security:
      - max-age=31536000; includeSubDomains
      vary:
      - Accept-Encoding
      x-content-type-options:
      - nosniff
    status:
      code: 200
      message: OK
- request:
    body: null
    headers:
      Accept:
      - '*/*'
      Accept-Encoding:
      - gzip, deflate
      CommandName:
      - rest
      Connection:
      - keep-alive
      ParameterSetName:
      - -u
      User-Agent:
      - AZURECLI/2.10.1
    method: GET
    uri: https://management.azure.com/subscriptions/00000000-0000-0000-0000-000000000000/resourcegroups/test-rest-rg000001?api-version=2019-10-01
  response:
    body:
      string: '{"id":"/subscriptions/00000000-0000-0000-0000-000000000000/resourceGroups/test-rest-rg000001","name":"test-rest-rg000001","type":"Microsoft.Resources/resourceGroups","location":"eastus","properties":{"provisioningState":"Deleting"}}'
    headers:
      cache-control:
      - no-cache
      content-length:
      - '236'
      content-type:
      - application/json; charset=utf-8
      date:
      - Wed, 12 Aug 2020 06:52:36 GMT
      expires:
      - '-1'
      pragma:
      - no-cache
      strict-transport-security:
      - max-age=31536000; includeSubDomains
      vary:
      - Accept-Encoding
      x-content-type-options:
      - nosniff
    status:
      code: 200
      message: OK
- request:
    body: null
    headers:
      Accept:
      - '*/*'
      Accept-Encoding:
      - gzip, deflate
      CommandName:
      - rest
      Connection:
      - keep-alive
      ParameterSetName:
      - -u
      User-Agent:
      - AZURECLI/2.10.1
    method: GET
    uri: https://management.azure.com/subscriptions/00000000-0000-0000-0000-000000000000/resourcegroups/test-rest-rg000001?api-version=2019-10-01
  response:
    body:
      string: '{"id":"/subscriptions/00000000-0000-0000-0000-000000000000/resourceGroups/test-rest-rg000001","name":"test-rest-rg000001","type":"Microsoft.Resources/resourceGroups","location":"eastus","properties":{"provisioningState":"Deleting"}}'
    headers:
      cache-control:
      - no-cache
      content-length:
      - '236'
      content-type:
      - application/json; charset=utf-8
      date:
      - Wed, 12 Aug 2020 06:52:41 GMT
      expires:
      - '-1'
      pragma:
      - no-cache
      strict-transport-security:
      - max-age=31536000; includeSubDomains
      vary:
      - Accept-Encoding
      x-content-type-options:
      - nosniff
    status:
      code: 200
      message: OK
- request:
    body: null
    headers:
      Accept:
      - '*/*'
      Accept-Encoding:
      - gzip, deflate
      CommandName:
      - rest
      Connection:
      - keep-alive
      ParameterSetName:
      - -u
      User-Agent:
      - AZURECLI/2.10.1
    method: GET
    uri: https://management.azure.com/subscriptions/00000000-0000-0000-0000-000000000000/resourcegroups/test-rest-rg000001?api-version=2019-10-01
  response:
    body:
      string: '{"id":"/subscriptions/00000000-0000-0000-0000-000000000000/resourceGroups/test-rest-rg000001","name":"test-rest-rg000001","type":"Microsoft.Resources/resourceGroups","location":"eastus","properties":{"provisioningState":"Deleting"}}'
    headers:
      cache-control:
      - no-cache
      content-length:
      - '236'
      content-type:
      - application/json; charset=utf-8
      date:
      - Wed, 12 Aug 2020 06:52:46 GMT
      expires:
      - '-1'
      pragma:
      - no-cache
      strict-transport-security:
      - max-age=31536000; includeSubDomains
      vary:
      - Accept-Encoding
      x-content-type-options:
      - nosniff
    status:
      code: 200
      message: OK
- request:
    body: null
    headers:
      Accept:
      - '*/*'
      Accept-Encoding:
      - gzip, deflate
      CommandName:
      - rest
      Connection:
      - keep-alive
      ParameterSetName:
      - -u
      User-Agent:
      - AZURECLI/2.10.1
    method: GET
    uri: https://management.azure.com/subscriptions/00000000-0000-0000-0000-000000000000/resourcegroups/test-rest-rg000001?api-version=2019-10-01
  response:
    body:
      string: '{"id":"/subscriptions/00000000-0000-0000-0000-000000000000/resourceGroups/test-rest-rg000001","name":"test-rest-rg000001","type":"Microsoft.Resources/resourceGroups","location":"eastus","properties":{"provisioningState":"Deleting"}}'
    headers:
      cache-control:
      - no-cache
      content-length:
      - '236'
      content-type:
      - application/json; charset=utf-8
      date:
      - Wed, 12 Aug 2020 06:52:52 GMT
      expires:
      - '-1'
      pragma:
      - no-cache
      strict-transport-security:
      - max-age=31536000; includeSubDomains
      vary:
      - Accept-Encoding
      x-content-type-options:
      - nosniff
    status:
      code: 200
      message: OK
- request:
    body: null
    headers:
      Accept:
      - '*/*'
      Accept-Encoding:
      - gzip, deflate
      CommandName:
      - rest
      Connection:
      - keep-alive
      ParameterSetName:
      - -u
      User-Agent:
      - AZURECLI/2.10.1
    method: GET
    uri: https://management.azure.com/subscriptions/00000000-0000-0000-0000-000000000000/resourcegroups/test-rest-rg000001?api-version=2019-10-01
  response:
    body:
      string: '{"id":"/subscriptions/00000000-0000-0000-0000-000000000000/resourceGroups/test-rest-rg000001","name":"test-rest-rg000001","type":"Microsoft.Resources/resourceGroups","location":"eastus","properties":{"provisioningState":"Deleting"}}'
    headers:
      cache-control:
      - no-cache
      content-length:
      - '236'
      content-type:
      - application/json; charset=utf-8
      date:
      - Wed, 12 Aug 2020 06:52:58 GMT
      expires:
      - '-1'
      pragma:
      - no-cache
      strict-transport-security:
      - max-age=31536000; includeSubDomains
      vary:
      - Accept-Encoding
      x-content-type-options:
      - nosniff
    status:
      code: 200
      message: OK
- request:
    body: null
    headers:
      Accept:
      - '*/*'
      Accept-Encoding:
      - gzip, deflate
      CommandName:
      - rest
      Connection:
      - keep-alive
      ParameterSetName:
      - -u
      User-Agent:
      - AZURECLI/2.10.1
    method: GET
    uri: https://management.azure.com/subscriptions/00000000-0000-0000-0000-000000000000/resourcegroups/test-rest-rg000001?api-version=2019-10-01
  response:
    body:
      string: '{"error":{"code":"ResourceGroupNotFound","message":"Resource group
        ''test-rest-rg000001'' could not be found."}}'
    headers:
      cache-control:
      - no-cache
      content-length:
      - '112'
      content-type:
      - application/json; charset=utf-8
      date:
      - Wed, 12 Aug 2020 06:53:03 GMT
      expires:
      - '-1'
      pragma:
      - no-cache
      strict-transport-security:
      - max-age=31536000; includeSubDomains
      x-content-type-options:
      - nosniff
      x-ms-failure-cause:
      - gateway
    status:
      code: 404
      message: Not Found
version: 1
