interactions:
- request:
    body: null
    headers:
      Accept:
      - application/json
      Accept-Encoding:
      - gzip, deflate
      CommandName:
      - cosmosdb create
      Connection:
      - keep-alive
      ParameterSetName:
      - -n -g --kind --enable-analytical-storage --server-version
      User-Agent:
      - AZURECLI/2.49.0 azsdk-python-azure-mgmt-resource/22.0.0 Python/3.10.11 (Windows-10-10.0.22621-SP0)
    method: GET
    uri: https://management.azure.com/subscriptions/00000000-0000-0000-0000-000000000000/resourcegroups/cli_test_cosmosdb_mongodb_collection000001?api-version=2022-09-01
  response:
    body:
      string: '{"id":"/subscriptions/00000000-0000-0000-0000-000000000000/resourceGroups/cli_test_cosmosdb_mongodb_collection000001","name":"cli_test_cosmosdb_mongodb_collection000001","type":"Microsoft.Resources/resourceGroups","location":"westus","tags":{"product":"azurecli","cause":"automation","test":"test_cosmosdb_mongodb_collection","date":"2023-06-08T16:06:22Z","module":"cosmosdb"},"properties":{"provisioningState":"Succeeded"}}'
    headers:
      cache-control:
      - no-cache
      content-length:
      - '424'
      content-type:
      - application/json; charset=utf-8
      date:
      - Thu, 08 Jun 2023 16:06:24 GMT
      expires:
      - '-1'
      pragma:
      - no-cache
      strict-transport-security:
      - max-age=31536000; includeSubDomains
      vary:
      - Accept-Encoding
      x-content-type-options:
      - nosniff
    status:
      code: 200
      message: OK
- request:
    body: '{"location": "westus", "kind": "MongoDB", "properties": {"locations": [{"locationName":
      "westus", "failoverPriority": 0, "isZoneRedundant": false}], "databaseAccountOfferType":
      "Standard", "apiProperties": {"serverVersion": "3.2"}, "enableAnalyticalStorage":
      true, "createMode": "Default"}}'
    headers:
      Accept:
      - application/json
      Accept-Encoding:
      - gzip, deflate
      CommandName:
      - cosmosdb create
      Connection:
      - keep-alive
      Content-Length:
      - '290'
      Content-Type:
      - application/json
      ParameterSetName:
      - -n -g --kind --enable-analytical-storage --server-version
      User-Agent:
      - AZURECLI/2.49.0 azsdk-python-mgmt-cosmosdb/9.2.0 Python/3.10.11 (Windows-10-10.0.22621-SP0)
    method: PUT
    uri: https://management.azure.com/subscriptions/00000000-0000-0000-0000-000000000000/resourceGroups/cli_test_cosmosdb_mongodb_collection000001/providers/Microsoft.DocumentDB/databaseAccounts/cli000003?api-version=2023-04-15
  response:
    body:
      string: '{"id":"/subscriptions/00000000-0000-0000-0000-000000000000/resourceGroups/cli_test_cosmosdb_mongodb_collection000001/providers/Microsoft.DocumentDB/databaseAccounts/cli000003","name":"cli000003","location":"West
        US","type":"Microsoft.DocumentDB/databaseAccounts","kind":"MongoDB","tags":{},"systemData":{"createdAt":"2023-06-08T16:06:30.040166Z"},"properties":{"provisioningState":"Creating","publicNetworkAccess":"Enabled","enableAutomaticFailover":false,"enableMultipleWriteLocations":false,"enablePartitionKeyMonitor":false,"isVirtualNetworkFilterEnabled":false,"virtualNetworkRules":[],"EnabledApiTypes":"MongoDB","disableKeyBasedMetadataWriteAccess":false,"enableFreeTier":false,"enableAnalyticalStorage":true,"analyticalStorageConfiguration":{"schemaType":"FullFidelity"},"instanceId":"56f85483-114f-42ce-b802-09aff760b308","databaseAccountOfferType":"Standard","defaultIdentity":"","networkAclBypass":"None","disableLocalAuth":false,"enablePartitionMerge":false,"minimalTlsVersion":"Tls12","consistencyPolicy":{"defaultConsistencyLevel":"Session","maxIntervalInSeconds":5,"maxStalenessPrefix":100},"apiProperties":{"serverVersion":"3.2"},"configurationOverrides":{},"writeLocations":[{"id":"cli000003-westus","locationName":"West
        US","provisioningState":"Creating","failoverPriority":0,"isZoneRedundant":false}],"readLocations":[{"id":"cli000003-westus","locationName":"West
        US","provisioningState":"Creating","failoverPriority":0,"isZoneRedundant":false}],"locations":[{"id":"cli000003-westus","locationName":"West
        US","provisioningState":"Creating","failoverPriority":0,"isZoneRedundant":false}],"failoverPolicies":[{"id":"cli000003-westus","locationName":"West
        US","failoverPriority":0}],"cors":[],"capabilities":[],"ipRules":[],"backupPolicy":{"type":"Periodic","periodicModeProperties":{"backupIntervalInMinutes":240,"backupRetentionIntervalInHours":8,"backupStorageRedundancy":"Invalid"}},"networkAclBypassResourceIds":[],"keysMetadata":{"primaryMasterKey":{"generationTime":"2023-06-08T16:06:30.040166Z"},"secondaryMasterKey":{"generationTime":"2023-06-08T16:06:30.040166Z"},"primaryReadonlyMasterKey":{"generationTime":"2023-06-08T16:06:30.040166Z"},"secondaryReadonlyMasterKey":{"generationTime":"2023-06-08T16:06:30.040166Z"}}},"identity":{"type":"None"}}'
    headers:
      azure-asyncoperation:
      - https://management.azure.com/subscriptions/00000000-0000-0000-0000-000000000000/providers/Microsoft.DocumentDB/locations/westus/operationsStatus/e7caf6d0-4b74-48fa-a46d-291effc59d51?api-version=2023-04-15
      cache-control:
      - no-store, no-cache
      content-length:
      - '2272'
      content-type:
      - application/json
      date:
      - Thu, 08 Jun 2023 16:06:31 GMT
      location:
      - https://management.azure.com/subscriptions/00000000-0000-0000-0000-000000000000/resourceGroups/cli_test_cosmosdb_mongodb_collection000001/providers/Microsoft.DocumentDB/databaseAccounts/cli000003/operationResults/e7caf6d0-4b74-48fa-a46d-291effc59d51?api-version=2023-04-15
      pragma:
      - no-cache
      server:
      - Microsoft-HTTPAPI/2.0
      strict-transport-security:
      - max-age=31536000; includeSubDomains
      transfer-encoding:
      - chunked
      vary:
      - Accept-Encoding
      x-content-type-options:
      - nosniff
      x-ms-gatewayversion:
      - version=2.14.0
      x-ms-ratelimit-remaining-subscription-writes:
      - '1198'
    status:
      code: 200
      message: Ok
- request:
    body: null
    headers:
      Accept:
      - '*/*'
      Accept-Encoding:
      - gzip, deflate
      CommandName:
      - cosmosdb create
      Connection:
      - keep-alive
      ParameterSetName:
      - -n -g --kind --enable-analytical-storage --server-version
      User-Agent:
      - AZURECLI/2.49.0 azsdk-python-mgmt-cosmosdb/9.2.0 Python/3.10.11 (Windows-10-10.0.22621-SP0)
    method: GET
    uri: https://management.azure.com/subscriptions/00000000-0000-0000-0000-000000000000/providers/Microsoft.DocumentDB/locations/westus/operationsStatus/e7caf6d0-4b74-48fa-a46d-291effc59d51?api-version=2023-04-15
  response:
    body:
      string: '{"status":"Enqueued"}'
    headers:
      cache-control:
      - no-store, no-cache
      content-length:
      - '21'
      content-type:
      - application/json
      date:
      - Thu, 08 Jun 2023 16:06:31 GMT
      pragma:
      - no-cache
      server:
      - Microsoft-HTTPAPI/2.0
      strict-transport-security:
      - max-age=31536000; includeSubDomains
      transfer-encoding:
      - chunked
      vary:
      - Accept-Encoding
      x-content-type-options:
      - nosniff
      x-ms-gatewayversion:
      - version=2.14.0
    status:
      code: 200
      message: Ok
- request:
    body: null
    headers:
      Accept:
      - '*/*'
      Accept-Encoding:
      - gzip, deflate
      CommandName:
      - cosmosdb create
      Connection:
      - keep-alive
      ParameterSetName:
      - -n -g --kind --enable-analytical-storage --server-version
      User-Agent:
      - AZURECLI/2.49.0 azsdk-python-mgmt-cosmosdb/9.2.0 Python/3.10.11 (Windows-10-10.0.22621-SP0)
    method: GET
    uri: https://management.azure.com/subscriptions/00000000-0000-0000-0000-000000000000/providers/Microsoft.DocumentDB/locations/westus/operationsStatus/e7caf6d0-4b74-48fa-a46d-291effc59d51?api-version=2023-04-15
  response:
    body:
      string: '{"status":"Dequeued"}'
    headers:
      cache-control:
      - no-store, no-cache
      content-length:
      - '21'
      content-type:
      - application/json
      date:
      - Thu, 08 Jun 2023 16:07:01 GMT
      pragma:
      - no-cache
      server:
      - Microsoft-HTTPAPI/2.0
      strict-transport-security:
      - max-age=31536000; includeSubDomains
      transfer-encoding:
      - chunked
      vary:
      - Accept-Encoding
      x-content-type-options:
      - nosniff
      x-ms-gatewayversion:
      - version=2.14.0
    status:
      code: 200
      message: Ok
- request:
    body: null
    headers:
      Accept:
      - '*/*'
      Accept-Encoding:
      - gzip, deflate
      CommandName:
      - cosmosdb create
      Connection:
      - keep-alive
      ParameterSetName:
      - -n -g --kind --enable-analytical-storage --server-version
      User-Agent:
      - AZURECLI/2.49.0 azsdk-python-mgmt-cosmosdb/9.2.0 Python/3.10.11 (Windows-10-10.0.22621-SP0)
    method: GET
    uri: https://management.azure.com/subscriptions/00000000-0000-0000-0000-000000000000/providers/Microsoft.DocumentDB/locations/westus/operationsStatus/e7caf6d0-4b74-48fa-a46d-291effc59d51?api-version=2023-04-15
  response:
    body:
      string: '{"status":"Dequeued"}'
    headers:
      cache-control:
      - no-store, no-cache
      content-length:
      - '21'
      content-type:
      - application/json
      date:
      - Thu, 08 Jun 2023 16:07:31 GMT
      pragma:
      - no-cache
      server:
      - Microsoft-HTTPAPI/2.0
      strict-transport-security:
      - max-age=31536000; includeSubDomains
      transfer-encoding:
      - chunked
      vary:
      - Accept-Encoding
      x-content-type-options:
      - nosniff
      x-ms-gatewayversion:
      - version=2.14.0
    status:
      code: 200
      message: Ok
- request:
    body: null
    headers:
      Accept:
      - '*/*'
      Accept-Encoding:
      - gzip, deflate
      CommandName:
      - cosmosdb create
      Connection:
      - keep-alive
      ParameterSetName:
      - -n -g --kind --enable-analytical-storage --server-version
      User-Agent:
      - AZURECLI/2.49.0 azsdk-python-mgmt-cosmosdb/9.2.0 Python/3.10.11 (Windows-10-10.0.22621-SP0)
    method: GET
    uri: https://management.azure.com/subscriptions/00000000-0000-0000-0000-000000000000/providers/Microsoft.DocumentDB/locations/westus/operationsStatus/e7caf6d0-4b74-48fa-a46d-291effc59d51?api-version=2023-04-15
  response:
    body:
      string: '{"status":"Dequeued"}'
    headers:
      cache-control:
      - no-store, no-cache
      content-length:
      - '21'
      content-type:
      - application/json
      date:
      - Thu, 08 Jun 2023 16:08:01 GMT
      pragma:
      - no-cache
      server:
      - Microsoft-HTTPAPI/2.0
      strict-transport-security:
      - max-age=31536000; includeSubDomains
      transfer-encoding:
      - chunked
      vary:
      - Accept-Encoding
      x-content-type-options:
      - nosniff
      x-ms-gatewayversion:
      - version=2.14.0
    status:
      code: 200
      message: Ok
- request:
    body: null
    headers:
      Accept:
      - '*/*'
      Accept-Encoding:
      - gzip, deflate
      CommandName:
      - cosmosdb create
      Connection:
      - keep-alive
      ParameterSetName:
      - -n -g --kind --enable-analytical-storage --server-version
      User-Agent:
      - AZURECLI/2.49.0 azsdk-python-mgmt-cosmosdb/9.2.0 Python/3.10.11 (Windows-10-10.0.22621-SP0)
    method: GET
    uri: https://management.azure.com/subscriptions/00000000-0000-0000-0000-000000000000/providers/Microsoft.DocumentDB/locations/westus/operationsStatus/e7caf6d0-4b74-48fa-a46d-291effc59d51?api-version=2023-04-15
  response:
    body:
      string: '{"status":"Dequeued"}'
    headers:
      cache-control:
      - no-store, no-cache
      content-length:
      - '21'
      content-type:
      - application/json
      date:
      - Thu, 08 Jun 2023 16:08:31 GMT
      pragma:
      - no-cache
      server:
      - Microsoft-HTTPAPI/2.0
      strict-transport-security:
      - max-age=31536000; includeSubDomains
      transfer-encoding:
      - chunked
      vary:
      - Accept-Encoding
      x-content-type-options:
      - nosniff
      x-ms-gatewayversion:
      - version=2.14.0
    status:
      code: 200
      message: Ok
- request:
    body: null
    headers:
      Accept:
      - '*/*'
      Accept-Encoding:
      - gzip, deflate
      CommandName:
      - cosmosdb create
      Connection:
      - keep-alive
      ParameterSetName:
      - -n -g --kind --enable-analytical-storage --server-version
      User-Agent:
      - AZURECLI/2.49.0 azsdk-python-mgmt-cosmosdb/9.2.0 Python/3.10.11 (Windows-10-10.0.22621-SP0)
    method: GET
    uri: https://management.azure.com/subscriptions/00000000-0000-0000-0000-000000000000/providers/Microsoft.DocumentDB/locations/westus/operationsStatus/e7caf6d0-4b74-48fa-a46d-291effc59d51?api-version=2023-04-15
  response:
    body:
      string: '{"status":"Succeeded"}'
    headers:
      cache-control:
      - no-store, no-cache
      content-length:
      - '22'
      content-type:
      - application/json
      date:
      - Thu, 08 Jun 2023 16:09:02 GMT
      pragma:
      - no-cache
      server:
      - Microsoft-HTTPAPI/2.0
      strict-transport-security:
      - max-age=31536000; includeSubDomains
      transfer-encoding:
      - chunked
      vary:
      - Accept-Encoding
      x-content-type-options:
      - nosniff
      x-ms-gatewayversion:
      - version=2.14.0
    status:
      code: 200
      message: Ok
- request:
    body: null
    headers:
      Accept:
      - '*/*'
      Accept-Encoding:
      - gzip, deflate
      CommandName:
      - cosmosdb create
      Connection:
      - keep-alive
      ParameterSetName:
      - -n -g --kind --enable-analytical-storage --server-version
      User-Agent:
      - AZURECLI/2.49.0 azsdk-python-mgmt-cosmosdb/9.2.0 Python/3.10.11 (Windows-10-10.0.22621-SP0)
    method: GET
    uri: https://management.azure.com/subscriptions/00000000-0000-0000-0000-000000000000/resourceGroups/cli_test_cosmosdb_mongodb_collection000001/providers/Microsoft.DocumentDB/databaseAccounts/cli000003?api-version=2023-04-15
  response:
    body:
      string: '{"id":"/subscriptions/00000000-0000-0000-0000-000000000000/resourceGroups/cli_test_cosmosdb_mongodb_collection000001/providers/Microsoft.DocumentDB/databaseAccounts/cli000003","name":"cli000003","location":"West
        US","type":"Microsoft.DocumentDB/databaseAccounts","kind":"MongoDB","tags":{},"systemData":{"createdAt":"2023-06-08T16:08:23.1374233Z"},"properties":{"provisioningState":"Succeeded","documentEndpoint":"https://cli000003.documents.azure.com:443/","sqlEndpoint":"https://cli000003.documents.azure.com:443/","publicNetworkAccess":"Enabled","enableAutomaticFailover":false,"enableMultipleWriteLocations":false,"enablePartitionKeyMonitor":false,"isVirtualNetworkFilterEnabled":false,"virtualNetworkRules":[],"EnabledApiTypes":"MongoDB","disableKeyBasedMetadataWriteAccess":false,"enableFreeTier":false,"enableAnalyticalStorage":true,"analyticalStorageConfiguration":{"schemaType":"FullFidelity"},"instanceId":"56f85483-114f-42ce-b802-09aff760b308","databaseAccountOfferType":"Standard","defaultIdentity":"FirstPartyIdentity","networkAclBypass":"None","disableLocalAuth":false,"enablePartitionMerge":false,"minimalTlsVersion":"Tls12","consistencyPolicy":{"defaultConsistencyLevel":"Session","maxIntervalInSeconds":5,"maxStalenessPrefix":100},"apiProperties":{"serverVersion":"3.2"},"configurationOverrides":{"EnableBsonSchema":"True"},"writeLocations":[{"id":"cli000003-westus","locationName":"West
        US","documentEndpoint":"https://cli000003-westus.documents.azure.com:443/","provisioningState":"Succeeded","failoverPriority":0,"isZoneRedundant":false}],"readLocations":[{"id":"cli000003-westus","locationName":"West
        US","documentEndpoint":"https://cli000003-westus.documents.azure.com:443/","provisioningState":"Succeeded","failoverPriority":0,"isZoneRedundant":false}],"locations":[{"id":"cli000003-westus","locationName":"West
        US","documentEndpoint":"https://cli000003-westus.documents.azure.com:443/","provisioningState":"Succeeded","failoverPriority":0,"isZoneRedundant":false}],"failoverPolicies":[{"id":"cli000003-westus","locationName":"West
        US","failoverPriority":0}],"cors":[],"capabilities":[],"ipRules":[],"backupPolicy":{"type":"Periodic","periodicModeProperties":{"backupIntervalInMinutes":240,"backupRetentionIntervalInHours":8,"backupStorageRedundancy":"Geo"}},"networkAclBypassResourceIds":[],"keysMetadata":{"primaryMasterKey":{"generationTime":"2023-06-08T16:08:23.1374233Z"},"secondaryMasterKey":{"generationTime":"2023-06-08T16:08:23.1374233Z"},"primaryReadonlyMasterKey":{"generationTime":"2023-06-08T16:08:23.1374233Z"},"secondaryReadonlyMasterKey":{"generationTime":"2023-06-08T16:08:23.1374233Z"}}},"identity":{"type":"None"}}'
    headers:
      cache-control:
      - no-store, no-cache
      content-length:
      - '2656'
      content-type:
      - application/json
      date:
      - Thu, 08 Jun 2023 16:09:02 GMT
      pragma:
      - no-cache
      server:
      - Microsoft-HTTPAPI/2.0
      strict-transport-security:
      - max-age=31536000; includeSubDomains
      transfer-encoding:
      - chunked
      vary:
      - Accept-Encoding
      x-content-type-options:
      - nosniff
      x-ms-gatewayversion:
      - version=2.14.0
    status:
      code: 200
      message: Ok
- request:
    body: null
    headers:
      Accept:
      - application/json
      Accept-Encoding:
      - gzip, deflate
      CommandName:
      - cosmosdb create
      Connection:
      - keep-alive
      ParameterSetName:
      - -n -g --kind --enable-analytical-storage --server-version
      User-Agent:
      - AZURECLI/2.49.0 azsdk-python-mgmt-cosmosdb/9.2.0 Python/3.10.11 (Windows-10-10.0.22621-SP0)
    method: GET
    uri: https://management.azure.com/subscriptions/00000000-0000-0000-0000-000000000000/resourceGroups/cli_test_cosmosdb_mongodb_collection000001/providers/Microsoft.DocumentDB/databaseAccounts/cli000003?api-version=2023-04-15
  response:
    body:
      string: '{"id":"/subscriptions/00000000-0000-0000-0000-000000000000/resourceGroups/cli_test_cosmosdb_mongodb_collection000001/providers/Microsoft.DocumentDB/databaseAccounts/cli000003","name":"cli000003","location":"West
        US","type":"Microsoft.DocumentDB/databaseAccounts","kind":"MongoDB","tags":{},"systemData":{"createdAt":"2023-06-08T16:08:23.1374233Z"},"properties":{"provisioningState":"Succeeded","documentEndpoint":"https://cli000003.documents.azure.com:443/","sqlEndpoint":"https://cli000003.documents.azure.com:443/","publicNetworkAccess":"Enabled","enableAutomaticFailover":false,"enableMultipleWriteLocations":false,"enablePartitionKeyMonitor":false,"isVirtualNetworkFilterEnabled":false,"virtualNetworkRules":[],"EnabledApiTypes":"MongoDB","disableKeyBasedMetadataWriteAccess":false,"enableFreeTier":false,"enableAnalyticalStorage":true,"analyticalStorageConfiguration":{"schemaType":"FullFidelity"},"instanceId":"56f85483-114f-42ce-b802-09aff760b308","databaseAccountOfferType":"Standard","defaultIdentity":"FirstPartyIdentity","networkAclBypass":"None","disableLocalAuth":false,"enablePartitionMerge":false,"minimalTlsVersion":"Tls12","consistencyPolicy":{"defaultConsistencyLevel":"Session","maxIntervalInSeconds":5,"maxStalenessPrefix":100},"apiProperties":{"serverVersion":"3.2"},"configurationOverrides":{"EnableBsonSchema":"True"},"writeLocations":[{"id":"cli000003-westus","locationName":"West
        US","documentEndpoint":"https://cli000003-westus.documents.azure.com:443/","provisioningState":"Succeeded","failoverPriority":0,"isZoneRedundant":false}],"readLocations":[{"id":"cli000003-westus","locationName":"West
        US","documentEndpoint":"https://cli000003-westus.documents.azure.com:443/","provisioningState":"Succeeded","failoverPriority":0,"isZoneRedundant":false}],"locations":[{"id":"cli000003-westus","locationName":"West
        US","documentEndpoint":"https://cli000003-westus.documents.azure.com:443/","provisioningState":"Succeeded","failoverPriority":0,"isZoneRedundant":false}],"failoverPolicies":[{"id":"cli000003-westus","locationName":"West
        US","failoverPriority":0}],"cors":[],"capabilities":[],"ipRules":[],"backupPolicy":{"type":"Periodic","periodicModeProperties":{"backupIntervalInMinutes":240,"backupRetentionIntervalInHours":8,"backupStorageRedundancy":"Geo"}},"networkAclBypassResourceIds":[],"keysMetadata":{"primaryMasterKey":{"generationTime":"2023-06-08T16:08:23.1374233Z"},"secondaryMasterKey":{"generationTime":"2023-06-08T16:08:23.1374233Z"},"primaryReadonlyMasterKey":{"generationTime":"2023-06-08T16:08:23.1374233Z"},"secondaryReadonlyMasterKey":{"generationTime":"2023-06-08T16:08:23.1374233Z"}}},"identity":{"type":"None"}}'
    headers:
      cache-control:
      - no-store, no-cache
      content-length:
      - '2656'
      content-type:
      - application/json
      date:
      - Thu, 08 Jun 2023 16:09:02 GMT
      pragma:
      - no-cache
      server:
      - Microsoft-HTTPAPI/2.0
      strict-transport-security:
      - max-age=31536000; includeSubDomains
      transfer-encoding:
      - chunked
      vary:
      - Accept-Encoding
      x-content-type-options:
      - nosniff
      x-ms-gatewayversion:
      - version=2.14.0
    status:
      code: 200
      message: Ok
- request:
    body: '{"properties": {"resource": {"id": "cli000004"}, "options": {}}}'
    headers:
      Accept:
      - application/json
      Accept-Encoding:
      - gzip, deflate
      CommandName:
      - cosmosdb mongodb database create
      Connection:
      - keep-alive
      Content-Length:
      - '64'
      Content-Type:
      - application/json
      ParameterSetName:
      - -g -a -n
      User-Agent:
      - AZURECLI/2.49.0 azsdk-python-mgmt-cosmosdb/9.2.0 Python/3.10.11 (Windows-10-10.0.22621-SP0)
    method: PUT
    uri: https://management.azure.com/subscriptions/00000000-0000-0000-0000-000000000000/resourceGroups/cli_test_cosmosdb_mongodb_collection000001/providers/Microsoft.DocumentDB/databaseAccounts/cli000003/mongodbDatabases/cli000004?api-version=2023-04-15
  response:
    body:
      string: '{"status":"Enqueued"}'
    headers:
      azure-asyncoperation:
      - https://management.azure.com/subscriptions/00000000-0000-0000-0000-000000000000/providers/Microsoft.DocumentDB/locations/westus/operationsStatus/324db64c-aa3c-4ccc-8afc-6b6e04463459?api-version=2023-04-15
      cache-control:
      - no-store, no-cache
      content-length:
      - '21'
      content-type:
      - application/json
      date:
      - Thu, 08 Jun 2023 16:09:03 GMT
      location:
      - https://management.azure.com/subscriptions/00000000-0000-0000-0000-000000000000/resourceGroups/cli_test_cosmosdb_mongodb_collection000001/providers/Microsoft.DocumentDB/databaseAccounts/cli000003/mongodbDatabases/cli000004/operationResults/324db64c-aa3c-4ccc-8afc-6b6e04463459?api-version=2023-04-15
      pragma:
      - no-cache
      server:
      - Microsoft-HTTPAPI/2.0
      strict-transport-security:
      - max-age=31536000; includeSubDomains
      x-content-type-options:
      - nosniff
      x-ms-gatewayversion:
      - version=2.14.0
      x-ms-ratelimit-remaining-subscription-writes:
      - '1199'
    status:
      code: 202
      message: Accepted
- request:
    body: null
    headers:
      Accept:
      - '*/*'
      Accept-Encoding:
      - gzip, deflate
      CommandName:
      - cosmosdb mongodb database create
      Connection:
      - keep-alive
      ParameterSetName:
      - -g -a -n
      User-Agent:
      - AZURECLI/2.49.0 azsdk-python-mgmt-cosmosdb/9.2.0 Python/3.10.11 (Windows-10-10.0.22621-SP0)
    method: GET
    uri: https://management.azure.com/subscriptions/00000000-0000-0000-0000-000000000000/providers/Microsoft.DocumentDB/locations/westus/operationsStatus/324db64c-aa3c-4ccc-8afc-6b6e04463459?api-version=2023-04-15
  response:
    body:
      string: '{"status":"Enqueued"}'
    headers:
      cache-control:
      - no-store, no-cache
      content-length:
      - '21'
      content-type:
      - application/json
      date:
      - Thu, 08 Jun 2023 16:09:03 GMT
      pragma:
      - no-cache
      server:
      - Microsoft-HTTPAPI/2.0
      strict-transport-security:
      - max-age=31536000; includeSubDomains
      transfer-encoding:
      - chunked
      vary:
      - Accept-Encoding
      x-content-type-options:
      - nosniff
      x-ms-gatewayversion:
      - version=2.14.0
    status:
      code: 200
      message: Ok
- request:
    body: null
    headers:
      Accept:
      - '*/*'
      Accept-Encoding:
      - gzip, deflate
      CommandName:
      - cosmosdb mongodb database create
      Connection:
      - keep-alive
      ParameterSetName:
      - -g -a -n
      User-Agent:
      - AZURECLI/2.49.0 azsdk-python-mgmt-cosmosdb/9.2.0 Python/3.10.11 (Windows-10-10.0.22621-SP0)
    method: GET
    uri: https://management.azure.com/subscriptions/00000000-0000-0000-0000-000000000000/providers/Microsoft.DocumentDB/locations/westus/operationsStatus/324db64c-aa3c-4ccc-8afc-6b6e04463459?api-version=2023-04-15
  response:
    body:
      string: '{"status":"Succeeded"}'
    headers:
      cache-control:
      - no-store, no-cache
      content-length:
      - '22'
      content-type:
      - application/json
      date:
      - Thu, 08 Jun 2023 16:09:33 GMT
      pragma:
      - no-cache
      server:
      - Microsoft-HTTPAPI/2.0
      strict-transport-security:
      - max-age=31536000; includeSubDomains
      transfer-encoding:
      - chunked
      vary:
      - Accept-Encoding
      x-content-type-options:
      - nosniff
      x-ms-gatewayversion:
      - version=2.14.0
    status:
      code: 200
      message: Ok
- request:
    body: null
    headers:
      Accept:
      - '*/*'
      Accept-Encoding:
      - gzip, deflate
      CommandName:
      - cosmosdb mongodb database create
      Connection:
      - keep-alive
      ParameterSetName:
      - -g -a -n
      User-Agent:
      - AZURECLI/2.49.0 azsdk-python-mgmt-cosmosdb/9.2.0 Python/3.10.11 (Windows-10-10.0.22621-SP0)
    method: GET
    uri: https://management.azure.com/subscriptions/00000000-0000-0000-0000-000000000000/resourceGroups/cli_test_cosmosdb_mongodb_collection000001/providers/Microsoft.DocumentDB/databaseAccounts/cli000003/mongodbDatabases/cli000004?api-version=2023-04-15
  response:
    body:
      string: '{"id":"/subscriptions/00000000-0000-0000-0000-000000000000/resourceGroups/cli_test_cosmosdb_mongodb_collection000001/providers/Microsoft.DocumentDB/databaseAccounts/cli000003/mongodbDatabases/cli000004","type":"Microsoft.DocumentDB/databaseAccounts/mongodbDatabases","name":"cli000004","properties":{"resource":{"id":"cli000004","_rid":"Z-x2AA==","_etag":"\"0000af03-0000-0700-0000-6481fd240000\"","_ts":1686240548}}}'
    headers:
      cache-control:
      - no-store, no-cache
      content-length:
      - '417'
      content-type:
      - application/json
      date:
      - Thu, 08 Jun 2023 16:09:33 GMT
      pragma:
      - no-cache
      server:
      - Microsoft-HTTPAPI/2.0
      strict-transport-security:
      - max-age=31536000; includeSubDomains
      transfer-encoding:
      - chunked
      vary:
      - Accept-Encoding
      x-content-type-options:
      - nosniff
      x-ms-gatewayversion:
      - version=2.14.0
    status:
      code: 200
      message: Ok
- request:
    body: null
    headers:
      Accept:
      - application/json
      Accept-Encoding:
      - gzip, deflate
      CommandName:
      - cosmosdb mongodb collection exists
      Connection:
      - keep-alive
      ParameterSetName:
      - -g -a -d -n
      User-Agent:
      - AZURECLI/2.49.0 azsdk-python-mgmt-cosmosdb/9.2.0 Python/3.10.11 (Windows-10-10.0.22621-SP0)
    method: GET
    uri: https://management.azure.com/subscriptions/00000000-0000-0000-0000-000000000000/resourceGroups/cli_test_cosmosdb_mongodb_collection000001/providers/Microsoft.DocumentDB/databaseAccounts/cli000003/mongodbDatabases/cli000004/collections/cli000002?api-version=2023-04-15
  response:
    body:
      string: '{"code":"NotFound","message":"Message: {\"code\":\"NotFound\",\"message\":\"Message:
        {\\\"Errors\\\":[\\\"Resource Not Found. Learn more: https:\\\\/\\\\/aka.ms\\\\/cosmosdb-tsg-not-found\\\"]}\\r\\nActivityId:
        daee8ee2-0616-11ee-ab85-2c0da71935e7, Request URI: /apps/d2a5e053-b63d-4ff7-aa1e-07205d52eaca/services/ce7b7920-ff45-4d74-9278-919168665f0a/partitions/6cad2e4e-982e-4ad1-b58e-422c57308a8c/replicas/133302381074063520s,
        RequestStats: \\r\\nRequestStartTime: 2023-06-08T16:09:36.4009367Z, RequestEndTime:
        2023-06-08T16:09:36.4109188Z,  Number of regions attempted:1\\r\\n{\\\"systemHistory\\\":[{\\\"dateUtc\\\":\\\"2023-06-08T16:08:39.2306112Z\\\",\\\"cpu\\\":0.616,\\\"memory\\\":482892416.000,\\\"threadInfo\\\":{\\\"isThreadStarving\\\":\\\"False\\\",\\\"threadWaitIntervalInMs\\\":0.0559,\\\"availableThreads\\\":32764,\\\"minThreads\\\":52,\\\"maxThreads\\\":32767},\\\"numberOfOpenTcpConnection\\\":358},{\\\"dateUtc\\\":\\\"2023-06-08T16:08:49.2406532Z\\\",\\\"cpu\\\":0.733,\\\"memory\\\":482893676.000,\\\"threadInfo\\\":{\\\"isThreadStarving\\\":\\\"False\\\",\\\"threadWaitIntervalInMs\\\":0.123,\\\"availableThreads\\\":32764,\\\"minThreads\\\":52,\\\"maxThreads\\\":32767},\\\"numberOfOpenTcpConnection\\\":358},{\\\"dateUtc\\\":\\\"2023-06-08T16:08:59.2507283Z\\\",\\\"cpu\\\":0.912,\\\"memory\\\":482892384.000,\\\"threadInfo\\\":{\\\"isThreadStarving\\\":\\\"False\\\",\\\"threadWaitIntervalInMs\\\":0.0529,\\\"availableThreads\\\":32764,\\\"minThreads\\\":52,\\\"maxThreads\\\":32767},\\\"numberOfOpenTcpConnection\\\":358},{\\\"dateUtc\\\":\\\"2023-06-08T16:09:09.2607304Z\\\",\\\"cpu\\\":0.546,\\\"memory\\\":482898328.000,\\\"threadInfo\\\":{\\\"isThreadStarving\\\":\\\"False\\\",\\\"threadWaitIntervalInMs\\\":0.1595,\\\"availableThreads\\\":32763,\\\"minThreads\\\":52,\\\"maxThreads\\\":32767},\\\"numberOfOpenTcpConnection\\\":358},{\\\"dateUtc\\\":\\\"2023-06-08T16:09:19.2707831Z\\\",\\\"cpu\\\":0.676,\\\"memory\\\":482868424.000,\\\"threadInfo\\\":{\\\"isThreadStarving\\\":\\\"False\\\",\\\"threadWaitIntervalInMs\\\":0.1857,\\\"availableThreads\\\":32764,\\\"minThreads\\\":52,\\\"maxThreads\\\":32767},\\\"numberOfOpenTcpConnection\\\":357},{\\\"dateUtc\\\":\\\"2023-06-08T16:09:29.2808386Z\\\",\\\"cpu\\\":0.517,\\\"memory\\\":482899940.000,\\\"threadInfo\\\":{\\\"isThreadStarving\\\":\\\"False\\\",\\\"threadWaitIntervalInMs\\\":0.1706,\\\"availableThreads\\\":32764,\\\"minThreads\\\":52,\\\"maxThreads\\\":32767},\\\"numberOfOpenTcpConnection\\\":357}]}\\r\\nRequestStart:
        2023-06-08T16:09:36.4009367Z; ResponseTime: 2023-06-08T16:09:36.4109188Z;
        StoreResult: StorePhysicalAddress: rntbd://10.0.1.11:11300/apps/d2a5e053-b63d-4ff7-aa1e-07205d52eaca/services/ce7b7920-ff45-4d74-9278-919168665f0a/partitions/6cad2e4e-982e-4ad1-b58e-422c57308a8c/replicas/133302381074063520s,
        LSN: 9, GlobalCommittedLsn: 9, PartitionKeyRangeId: , IsValid: True, StatusCode:
        404, SubStatusCode: 0, RequestCharge: 1, ItemLSN: -1, SessionToken: -1#9,
        UsingLocalLSN: False, TransportException: null, BELatencyMs: 1, ActivityId:
        daee8ee2-0616-11ee-ab85-2c0da71935e7, RetryAfterInMs: , TransportRequestTimeline:
        {\\\"requestTimeline\\\":[{\\\"event\\\": \\\"Created\\\", \\\"startTimeUtc\\\":
        \\\"2023-06-08T16:09:36.4009367Z\\\", \\\"durationInMs\\\": 0.018},{\\\"event\\\":
        \\\"ChannelAcquisitionStarted\\\", \\\"startTimeUtc\\\": \\\"2023-06-08T16:09:36.4009547Z\\\",
        \\\"durationInMs\\\": 0.0042},{\\\"event\\\": \\\"Pipelined\\\", \\\"startTimeUtc\\\":
        \\\"2023-06-08T16:09:36.4009589Z\\\", \\\"durationInMs\\\": 0.1485},{\\\"event\\\":
        \\\"Transit Time\\\", \\\"startTimeUtc\\\": \\\"2023-06-08T16:09:36.4011074Z\\\",
        \\\"durationInMs\\\": 1.2954},{\\\"event\\\": \\\"Received\\\", \\\"startTimeUtc\\\":
        \\\"2023-06-08T16:09:36.4024028Z\\\", \\\"durationInMs\\\": 0.045},{\\\"event\\\":
        \\\"Completed\\\", \\\"startTimeUtc\\\": \\\"2023-06-08T16:09:36.4024478Z\\\",
        \\\"durationInMs\\\": 0}],\\\"serviceEndpointStats\\\":{\\\"inflightRequests\\\":1,\\\"openConnections\\\":1},\\\"connectionStats\\\":{\\\"waitforConnectionInit\\\":\\\"False\\\",\\\"callsPendingReceive\\\":0,\\\"lastSendAttempt\\\":\\\"2023-06-08T16:09:36.3009499Z\\\",\\\"lastSend\\\":\\\"2023-06-08T16:09:36.3009499Z\\\",\\\"lastReceive\\\":\\\"2023-06-08T16:09:36.3409367Z\\\"},\\\"requestSizeInBytes\\\":497,\\\"responseMetadataSizeInBytes\\\":134,\\\"responseBodySizeInBytes\\\":87};\\r\\n
        ResourceType: Collection, OperationType: Read\\r\\nRequestStart: 2023-06-08T16:09:36.4109188Z;
        ResponseTime: 2023-06-08T16:09:36.4109188Z; StoreResult: StorePhysicalAddress:
        rntbd://10.0.1.4:11300/apps/d2a5e053-b63d-4ff7-aa1e-07205d52eaca/services/ce7b7920-ff45-4d74-9278-919168665f0a/partitions/6cad2e4e-982e-4ad1-b58e-422c57308a8c/replicas/133302381074063518s,
        LSN: 9, GlobalCommittedLsn: 9, PartitionKeyRangeId: , IsValid: True, StatusCode:
        404, SubStatusCode: 0, RequestCharge: 1, ItemLSN: -1, SessionToken: -1#9,
        UsingLocalLSN: False, TransportException: null, BELatencyMs: 0.952, ActivityId:
        daee8ee2-0616-11ee-ab85-2c0da71935e7, RetryAfterInMs: , TransportRequestTimeline:
        {\\\"requestTimeline\\\":[{\\\"event\\\": \\\"Created\\\", \\\"startTimeUtc\\\":
        \\\"2023-06-08T16:09:36.4009367Z\\\", \\\"durationInMs\\\": 0.0052},{\\\"event\\\":
        \\\"ChannelAcquisitionStarted\\\", \\\"startTimeUtc\\\": \\\"2023-06-08T16:09:36.4009419Z\\\",
        \\\"durationInMs\\\": 0.0018},{\\\"event\\\": \\\"Pipelined\\\", \\\"startTimeUtc\\\":
        \\\"2023-06-08T16:09:36.4009437Z\\\", \\\"durationInMs\\\": 0.1138},{\\\"event\\\":
        \\\"Transit Time\\\", \\\"startTimeUtc\\\": \\\"2023-06-08T16:09:36.4010575Z\\\",
        \\\"durationInMs\\\": 1.2453},{\\\"event\\\": \\\"Received\\\", \\\"startTimeUtc\\\":
        \\\"2023-06-08T16:09:36.4023028Z\\\", \\\"durationInMs\\\": 0.0715},{\\\"event\\\":
        \\\"Completed\\\", \\\"startTimeUtc\\\": \\\"2023-06-08T16:09:36.4023743Z\\\",
        \\\"durationInMs\\\": 0}],\\\"serviceEndpointStats\\\":{\\\"inflightRequests\\\":1,\\\"openConnections\\\":1},\\\"connectionStats\\\":{\\\"waitforConnectionInit\\\":\\\"False\\\",\\\"callsPendingReceive\\\":0,\\\"lastSendAttempt\\\":\\\"2023-06-08T16:09:36.3009499Z\\\",\\\"lastSend\\\":\\\"2023-06-08T16:09:36.3009499Z\\\",\\\"lastReceive\\\":\\\"2023-06-08T16:09:36.3409367Z\\\"},\\\"requestSizeInBytes\\\":497,\\\"responseMetadataSizeInBytes\\\":134,\\\"responseBodySizeInBytes\\\":87};\\r\\n
        ResourceType: Collection, OperationType: Read\\r\\n, SDK: Microsoft.Azure.Documents.Common/2.14.0\"},
        Request URI: /dbs/cli000004/colls/cli000002, RequestStats: , SDK: Microsoft.Azure.Documents.Common/2.14.0"}'
    headers:
      cache-control:
      - no-store, no-cache
      content-length:
      - '6534'
      content-type:
      - application/json
      date:
      - Thu, 08 Jun 2023 16:09:35 GMT
      pragma:
      - no-cache
      server:
      - Microsoft-HTTPAPI/2.0
      strict-transport-security:
      - max-age=31536000; includeSubDomains
      x-content-type-options:
      - nosniff
      x-ms-gatewayversion:
      - version=2.14.0
    status:
      code: 404
      message: NotFound
- request:
    body: '{"properties": {"resource": {"id": "cli000002_ttl_only", "analyticalStorageTtl":
      -1}, "options": {}}}'
    headers:
      Accept:
      - application/json
      Accept-Encoding:
      - gzip, deflate
      CommandName:
      - cosmosdb mongodb collection create
      Connection:
      - keep-alive
      Content-Length:
      - '101'
      Content-Type:
      - application/json
      ParameterSetName:
      - -g -a -d -n --analytical-storage-ttl -1
      User-Agent:
      - AZURECLI/2.49.0 azsdk-python-mgmt-cosmosdb/9.2.0 Python/3.10.11 (Windows-10-10.0.22621-SP0)
    method: PUT
    uri: https://management.azure.com/subscriptions/00000000-0000-0000-0000-000000000000/resourceGroups/cli_test_cosmosdb_mongodb_collection000001/providers/Microsoft.DocumentDB/databaseAccounts/cli000003/mongodbDatabases/cli000004/collections/cli000002_ttl_only?api-version=2023-04-15
  response:
    body:
      string: '{"status":"Enqueued"}'
    headers:
      azure-asyncoperation:
      - https://management.azure.com/subscriptions/00000000-0000-0000-0000-000000000000/providers/Microsoft.DocumentDB/locations/westus/operationsStatus/a34a9574-98db-4336-8264-a819196fbda4?api-version=2023-04-15
      cache-control:
      - no-store, no-cache
      content-length:
      - '21'
      content-type:
      - application/json
      date:
      - Thu, 08 Jun 2023 16:09:37 GMT
      location:
      - https://management.azure.com/subscriptions/00000000-0000-0000-0000-000000000000/resourceGroups/cli_test_cosmosdb_mongodb_collection000001/providers/Microsoft.DocumentDB/databaseAccounts/cli000003/mongodbDatabases/cli000004/collections/cli000002_ttl_only/operationResults/a34a9574-98db-4336-8264-a819196fbda4?api-version=2023-04-15
      pragma:
      - no-cache
      server:
      - Microsoft-HTTPAPI/2.0
      strict-transport-security:
      - max-age=31536000; includeSubDomains
      x-content-type-options:
      - nosniff
      x-ms-gatewayversion:
      - version=2.14.0
      x-ms-ratelimit-remaining-subscription-writes:
      - '1199'
    status:
      code: 202
      message: Accepted
- request:
    body: null
    headers:
      Accept:
      - '*/*'
      Accept-Encoding:
      - gzip, deflate
      CommandName:
      - cosmosdb mongodb collection create
      Connection:
      - keep-alive
      ParameterSetName:
      - -g -a -d -n --analytical-storage-ttl -1
      User-Agent:
      - AZURECLI/2.49.0 azsdk-python-mgmt-cosmosdb/9.2.0 Python/3.10.11 (Windows-10-10.0.22621-SP0)
    method: GET
    uri: https://management.azure.com/subscriptions/00000000-0000-0000-0000-000000000000/providers/Microsoft.DocumentDB/locations/westus/operationsStatus/a34a9574-98db-4336-8264-a819196fbda4?api-version=2023-04-15
  response:
    body:
      string: '{"status":"Enqueued"}'
    headers:
      cache-control:
      - no-store, no-cache
      content-length:
      - '21'
      content-type:
      - application/json
      date:
      - Thu, 08 Jun 2023 16:09:37 GMT
      pragma:
      - no-cache
      server:
      - Microsoft-HTTPAPI/2.0
      strict-transport-security:
      - max-age=31536000; includeSubDomains
      transfer-encoding:
      - chunked
      vary:
      - Accept-Encoding
      x-content-type-options:
      - nosniff
      x-ms-gatewayversion:
      - version=2.14.0
    status:
      code: 200
      message: Ok
- request:
    body: null
    headers:
      Accept:
      - '*/*'
      Accept-Encoding:
      - gzip, deflate
      CommandName:
      - cosmosdb mongodb collection create
      Connection:
      - keep-alive
      ParameterSetName:
      - -g -a -d -n --analytical-storage-ttl -1
      User-Agent:
      - AZURECLI/2.49.0 azsdk-python-mgmt-cosmosdb/9.2.0 Python/3.10.11 (Windows-10-10.0.22621-SP0)
    method: GET
    uri: https://management.azure.com/subscriptions/00000000-0000-0000-0000-000000000000/providers/Microsoft.DocumentDB/locations/westus/operationsStatus/a34a9574-98db-4336-8264-a819196fbda4?api-version=2023-04-15
  response:
    body:
      string: '{"status":"Succeeded"}'
    headers:
      cache-control:
      - no-store, no-cache
      content-length:
      - '22'
      content-type:
      - application/json
      date:
      - Thu, 08 Jun 2023 16:10:07 GMT
      pragma:
      - no-cache
      server:
      - Microsoft-HTTPAPI/2.0
      strict-transport-security:
      - max-age=31536000; includeSubDomains
      transfer-encoding:
      - chunked
      vary:
      - Accept-Encoding
      x-content-type-options:
      - nosniff
      x-ms-gatewayversion:
      - version=2.14.0
    status:
      code: 200
      message: Ok
- request:
    body: null
    headers:
      Accept:
      - '*/*'
      Accept-Encoding:
      - gzip, deflate
      CommandName:
      - cosmosdb mongodb collection create
      Connection:
      - keep-alive
      ParameterSetName:
      - -g -a -d -n --analytical-storage-ttl -1
      User-Agent:
      - AZURECLI/2.49.0 azsdk-python-mgmt-cosmosdb/9.2.0 Python/3.10.11 (Windows-10-10.0.22621-SP0)
    method: GET
    uri: https://management.azure.com/subscriptions/00000000-0000-0000-0000-000000000000/resourceGroups/cli_test_cosmosdb_mongodb_collection000001/providers/Microsoft.DocumentDB/databaseAccounts/cli000003/mongodbDatabases/cli000004/collections/cli000002_ttl_only?api-version=2023-04-15
  response:
    body:
      string: '{"id":"/subscriptions/00000000-0000-0000-0000-000000000000/resourceGroups/cli_test_cosmosdb_mongodb_collection000001/providers/Microsoft.DocumentDB/databaseAccounts/cli000003/mongodbDatabases/cli000004/collections/cli000002_ttl_only","type":"Microsoft.DocumentDB/databaseAccounts/mongodbDatabases/collections","name":"cli000002_ttl_only","properties":{"resource":{"id":"cli000002_ttl_only","_rid":"Z-x2AMtU5XM=","_etag":"\"0000b103-0000-0700-0000-6481fd460000\"","_ts":1686240582,"analyticalStorageTtl":-1,"indexes":[{"key":{"keys":["_id"]},"options":{}},{"key":{"keys":["DocumentDBDefaultIndex"]},"options":{}}]}}}'
    headers:
      cache-control:
      - no-store, no-cache
      content-length:
      - '615'
      content-type:
      - application/json
      date:
      - Thu, 08 Jun 2023 16:10:08 GMT
      pragma:
      - no-cache
      server:
      - Microsoft-HTTPAPI/2.0
      strict-transport-security:
      - max-age=31536000; includeSubDomains
      transfer-encoding:
      - chunked
      vary:
      - Accept-Encoding
      x-content-type-options:
      - nosniff
      x-ms-gatewayversion:
      - version=2.14.0
    status:
      code: 200
      message: Ok
- request:
    body: null
    headers:
      Accept:
      - '*/*'
      Accept-Encoding:
      - gzip, deflate
      CommandName:
      - cosmosdb mongodb collection delete
      Connection:
      - keep-alive
      Content-Length:
      - '0'
      ParameterSetName:
      - -g -a -d -n --yes
      User-Agent:
      - AZURECLI/2.49.0 azsdk-python-mgmt-cosmosdb/9.2.0 Python/3.10.11 (Windows-10-10.0.22621-SP0)
    method: DELETE
    uri: https://management.azure.com/subscriptions/00000000-0000-0000-0000-000000000000/resourceGroups/cli_test_cosmosdb_mongodb_collection000001/providers/Microsoft.DocumentDB/databaseAccounts/cli000003/mongodbDatabases/cli000004/collections/cli000002_ttl_only?api-version=2023-04-15
  response:
    body:
      string: '{"status":"Enqueued"}'
    headers:
      azure-asyncoperation:
      - https://management.azure.com/subscriptions/00000000-0000-0000-0000-000000000000/providers/Microsoft.DocumentDB/locations/westus/operationsStatus/3a19efcf-5dd4-4d9d-a235-64335f984368?api-version=2023-04-15
      cache-control:
      - no-store, no-cache
      content-length:
      - '21'
      content-type:
      - application/json
      date:
      - Thu, 08 Jun 2023 16:10:09 GMT
      location:
      - https://management.azure.com/subscriptions/00000000-0000-0000-0000-000000000000/resourceGroups/cli_test_cosmosdb_mongodb_collection000001/providers/Microsoft.DocumentDB/databaseAccounts/cli000003/mongodbDatabases/cli000004/collections/cli000002_ttl_only/operationResults/3a19efcf-5dd4-4d9d-a235-64335f984368?api-version=2023-04-15
      pragma:
      - no-cache
      server:
      - Microsoft-HTTPAPI/2.0
      strict-transport-security:
      - max-age=31536000; includeSubDomains
      x-content-type-options:
      - nosniff
      x-ms-gatewayversion:
      - version=2.14.0
      x-ms-ratelimit-remaining-subscription-deletes:
      - '14999'
    status:
      code: 202
      message: Accepted
- request:
    body: null
    headers:
      Accept:
      - '*/*'
      Accept-Encoding:
      - gzip, deflate
      CommandName:
      - cosmosdb mongodb collection delete
      Connection:
      - keep-alive
      ParameterSetName:
      - -g -a -d -n --yes
      User-Agent:
      - AZURECLI/2.49.0 azsdk-python-mgmt-cosmosdb/9.2.0 Python/3.10.11 (Windows-10-10.0.22621-SP0)
    method: GET
    uri: https://management.azure.com/subscriptions/00000000-0000-0000-0000-000000000000/providers/Microsoft.DocumentDB/locations/westus/operationsStatus/3a19efcf-5dd4-4d9d-a235-64335f984368?api-version=2023-04-15
  response:
    body:
      string: '{"status":"Enqueued"}'
    headers:
      cache-control:
      - no-store, no-cache
      content-length:
      - '21'
      content-type:
      - application/json
      date:
      - Thu, 08 Jun 2023 16:10:09 GMT
      pragma:
      - no-cache
      server:
      - Microsoft-HTTPAPI/2.0
      strict-transport-security:
      - max-age=31536000; includeSubDomains
      transfer-encoding:
      - chunked
      vary:
      - Accept-Encoding
      x-content-type-options:
      - nosniff
      x-ms-gatewayversion:
      - version=2.14.0
    status:
      code: 200
      message: Ok
- request:
    body: null
    headers:
      Accept:
      - '*/*'
      Accept-Encoding:
      - gzip, deflate
      CommandName:
      - cosmosdb mongodb collection delete
      Connection:
      - keep-alive
      ParameterSetName:
      - -g -a -d -n --yes
      User-Agent:
      - AZURECLI/2.49.0 azsdk-python-mgmt-cosmosdb/9.2.0 Python/3.10.11 (Windows-10-10.0.22621-SP0)
    method: GET
    uri: https://management.azure.com/subscriptions/00000000-0000-0000-0000-000000000000/providers/Microsoft.DocumentDB/locations/westus/operationsStatus/3a19efcf-5dd4-4d9d-a235-64335f984368?api-version=2023-04-15
  response:
    body:
      string: '{"status":"Succeeded"}'
    headers:
      cache-control:
      - no-store, no-cache
      content-length:
      - '22'
      content-type:
      - application/json
      date:
      - Thu, 08 Jun 2023 16:10:39 GMT
      pragma:
      - no-cache
      server:
      - Microsoft-HTTPAPI/2.0
      strict-transport-security:
      - max-age=31536000; includeSubDomains
      transfer-encoding:
      - chunked
      vary:
      - Accept-Encoding
      x-content-type-options:
      - nosniff
      x-ms-gatewayversion:
      - version=2.14.0
    status:
      code: 200
      message: Ok
- request:
    body: '{"properties": {"resource": {"id": "cli000002", "shardKey": {"theShardKey":
      "Hash"}, "analyticalStorageTtl": 3000}, "options": {}}}'
    headers:
      Accept:
      - application/json
      Accept-Encoding:
      - gzip, deflate
      CommandName:
      - cosmosdb mongodb collection create
      Connection:
      - keep-alive
      Content-Length:
      - '131'
      Content-Type:
      - application/json
      ParameterSetName:
      - -g -a -d -n --shard --analytical-storage-ttl
      User-Agent:
      - AZURECLI/2.49.0 azsdk-python-mgmt-cosmosdb/9.2.0 Python/3.10.11 (Windows-10-10.0.22621-SP0)
    method: PUT
    uri: https://management.azure.com/subscriptions/00000000-0000-0000-0000-000000000000/resourceGroups/cli_test_cosmosdb_mongodb_collection000001/providers/Microsoft.DocumentDB/databaseAccounts/cli000003/mongodbDatabases/cli000004/collections/cli000002?api-version=2023-04-15
  response:
    body:
      string: '{"status":"Enqueued"}'
    headers:
      azure-asyncoperation:
      - https://management.azure.com/subscriptions/00000000-0000-0000-0000-000000000000/providers/Microsoft.DocumentDB/locations/westus/operationsStatus/51def3f5-dfcf-4c61-96f4-15e6a03ffceb?api-version=2023-04-15
      cache-control:
      - no-store, no-cache
      content-length:
      - '21'
      content-type:
      - application/json
      date:
      - Thu, 08 Jun 2023 16:10:40 GMT
      location:
      - https://management.azure.com/subscriptions/00000000-0000-0000-0000-000000000000/resourceGroups/cli_test_cosmosdb_mongodb_collection000001/providers/Microsoft.DocumentDB/databaseAccounts/cli000003/mongodbDatabases/cli000004/collections/cli000002/operationResults/51def3f5-dfcf-4c61-96f4-15e6a03ffceb?api-version=2023-04-15
      pragma:
      - no-cache
      server:
      - Microsoft-HTTPAPI/2.0
      strict-transport-security:
      - max-age=31536000; includeSubDomains
      x-content-type-options:
      - nosniff
      x-ms-gatewayversion:
      - version=2.14.0
      x-ms-ratelimit-remaining-subscription-writes:
      - '1199'
    status:
      code: 202
      message: Accepted
- request:
    body: null
    headers:
      Accept:
      - '*/*'
      Accept-Encoding:
      - gzip, deflate
      CommandName:
      - cosmosdb mongodb collection create
      Connection:
      - keep-alive
      ParameterSetName:
      - -g -a -d -n --shard --analytical-storage-ttl
      User-Agent:
      - AZURECLI/2.49.0 azsdk-python-mgmt-cosmosdb/9.2.0 Python/3.10.11 (Windows-10-10.0.22621-SP0)
    method: GET
    uri: https://management.azure.com/subscriptions/00000000-0000-0000-0000-000000000000/providers/Microsoft.DocumentDB/locations/westus/operationsStatus/51def3f5-dfcf-4c61-96f4-15e6a03ffceb?api-version=2023-04-15
  response:
    body:
      string: '{"status":"Enqueued"}'
    headers:
      cache-control:
      - no-store, no-cache
      content-length:
      - '21'
      content-type:
      - application/json
      date:
      - Thu, 08 Jun 2023 16:10:40 GMT
      pragma:
      - no-cache
      server:
      - Microsoft-HTTPAPI/2.0
      strict-transport-security:
      - max-age=31536000; includeSubDomains
      transfer-encoding:
      - chunked
      vary:
      - Accept-Encoding
      x-content-type-options:
      - nosniff
      x-ms-gatewayversion:
      - version=2.14.0
    status:
      code: 200
      message: Ok
- request:
    body: null
    headers:
      Accept:
      - '*/*'
      Accept-Encoding:
      - gzip, deflate
      CommandName:
      - cosmosdb mongodb collection create
      Connection:
      - keep-alive
      ParameterSetName:
      - -g -a -d -n --shard --analytical-storage-ttl
      User-Agent:
      - AZURECLI/2.49.0 azsdk-python-mgmt-cosmosdb/9.2.0 Python/3.10.11 (Windows-10-10.0.22621-SP0)
    method: GET
    uri: https://management.azure.com/subscriptions/00000000-0000-0000-0000-000000000000/providers/Microsoft.DocumentDB/locations/westus/operationsStatus/51def3f5-dfcf-4c61-96f4-15e6a03ffceb?api-version=2023-04-15
  response:
    body:
      string: '{"status":"Succeeded"}'
    headers:
      cache-control:
      - no-store, no-cache
      content-length:
      - '22'
      content-type:
      - application/json
      date:
      - Thu, 08 Jun 2023 16:11:11 GMT
      pragma:
      - no-cache
      server:
      - Microsoft-HTTPAPI/2.0
      strict-transport-security:
      - max-age=31536000; includeSubDomains
      transfer-encoding:
      - chunked
      vary:
      - Accept-Encoding
      x-content-type-options:
      - nosniff
      x-ms-gatewayversion:
      - version=2.14.0
    status:
      code: 200
      message: Ok
- request:
    body: null
    headers:
      Accept:
      - '*/*'
      Accept-Encoding:
      - gzip, deflate
      CommandName:
      - cosmosdb mongodb collection create
      Connection:
      - keep-alive
      ParameterSetName:
      - -g -a -d -n --shard --analytical-storage-ttl
      User-Agent:
      - AZURECLI/2.49.0 azsdk-python-mgmt-cosmosdb/9.2.0 Python/3.10.11 (Windows-10-10.0.22621-SP0)
    method: GET
    uri: https://management.azure.com/subscriptions/00000000-0000-0000-0000-000000000000/resourceGroups/cli_test_cosmosdb_mongodb_collection000001/providers/Microsoft.DocumentDB/databaseAccounts/cli000003/mongodbDatabases/cli000004/collections/cli000002?api-version=2023-04-15
  response:
    body:
      string: '{"id":"/subscriptions/00000000-0000-0000-0000-000000000000/resourceGroups/cli_test_cosmosdb_mongodb_collection000001/providers/Microsoft.DocumentDB/databaseAccounts/cli000003/mongodbDatabases/cli000004/collections/cli000002","type":"Microsoft.DocumentDB/databaseAccounts/mongodbDatabases/collections","name":"cli000002","properties":{"resource":{"id":"cli000002","_rid":"Z-x2AIbXzEs=","_etag":"\"0000b703-0000-0700-0000-6481fd850000\"","_ts":1686240645,"analyticalStorageTtl":3000,"shardKey":{"theShardKey":"Hash"},"indexes":[{"key":{"keys":["_id"]},"options":{}},{"key":{"keys":["DocumentDBDefaultIndex"]},"options":{}}]}}}'
    headers:
      cache-control:
      - no-store, no-cache
      content-length:
      - '624'
      content-type:
      - application/json
      date:
      - Thu, 08 Jun 2023 16:11:11 GMT
      pragma:
      - no-cache
      server:
      - Microsoft-HTTPAPI/2.0
      strict-transport-security:
      - max-age=31536000; includeSubDomains
      transfer-encoding:
      - chunked
      vary:
      - Accept-Encoding
      x-content-type-options:
      - nosniff
      x-ms-gatewayversion:
      - version=2.14.0
    status:
      code: 200
      message: Ok
- request:
    body: null
    headers:
      Accept:
      - application/json
      Accept-Encoding:
      - gzip, deflate
      CommandName:
      - cosmosdb mongodb collection update
      Connection:
      - keep-alive
      ParameterSetName:
      - -g -a -d -n --idx --analytical-storage-ttl
      User-Agent:
      - AZURECLI/2.49.0 azsdk-python-mgmt-cosmosdb/9.2.0 Python/3.10.11 (Windows-10-10.0.22621-SP0)
    method: GET
    uri: https://management.azure.com/subscriptions/00000000-0000-0000-0000-000000000000/resourceGroups/cli_test_cosmosdb_mongodb_collection000001/providers/Microsoft.DocumentDB/databaseAccounts/cli000003/mongodbDatabases/cli000004/collections/cli000002?api-version=2023-04-15
  response:
    body:
      string: '{"id":"/subscriptions/00000000-0000-0000-0000-000000000000/resourceGroups/cli_test_cosmosdb_mongodb_collection000001/providers/Microsoft.DocumentDB/databaseAccounts/cli000003/mongodbDatabases/cli000004/collections/cli000002","type":"Microsoft.DocumentDB/databaseAccounts/mongodbDatabases/collections","name":"cli000002","properties":{"resource":{"id":"cli000002","_rid":"Z-x2AIbXzEs=","_etag":"\"0000b703-0000-0700-0000-6481fd850000\"","_ts":1686240645,"analyticalStorageTtl":3000,"shardKey":{"theShardKey":"Hash"},"indexes":[{"key":{"keys":["_id"]},"options":{}},{"key":{"keys":["DocumentDBDefaultIndex"]},"options":{}}]}}}'
    headers:
      cache-control:
      - no-store, no-cache
      content-length:
      - '624'
      content-type:
      - application/json
      date:
      - Thu, 08 Jun 2023 16:11:12 GMT
      pragma:
      - no-cache
      server:
      - Microsoft-HTTPAPI/2.0
      strict-transport-security:
      - max-age=31536000; includeSubDomains
      transfer-encoding:
      - chunked
      vary:
      - Accept-Encoding
      x-content-type-options:
      - nosniff
      x-ms-gatewayversion:
      - version=2.14.0
    status:
      code: 200
      message: Ok
- request:
    body: '{"properties": {"resource": {"id": "cli000002", "shardKey": {"theShardKey":
      "Hash"}, "indexes": [{"key": {"keys": ["_ts"]}, "options": {"expireAfterSeconds":
      1000}}], "analyticalStorageTtl": 6000}, "options": {}}}'
    headers:
      Accept:
      - application/json
      Accept-Encoding:
      - gzip, deflate
      CommandName:
      - cosmosdb mongodb collection update
      Connection:
      - keep-alive
      Content-Length:
      - '213'
      Content-Type:
      - application/json
      ParameterSetName:
      - -g -a -d -n --idx --analytical-storage-ttl
      User-Agent:
      - AZURECLI/2.49.0 azsdk-python-mgmt-cosmosdb/9.2.0 Python/3.10.11 (Windows-10-10.0.22621-SP0)
    method: PUT
    uri: https://management.azure.com/subscriptions/00000000-0000-0000-0000-000000000000/resourceGroups/cli_test_cosmosdb_mongodb_collection000001/providers/Microsoft.DocumentDB/databaseAccounts/cli000003/mongodbDatabases/cli000004/collections/cli000002?api-version=2023-04-15
  response:
    body:
      string: '{"status":"Enqueued"}'
    headers:
      azure-asyncoperation:
      - https://management.azure.com/subscriptions/00000000-0000-0000-0000-000000000000/providers/Microsoft.DocumentDB/locations/westus/operationsStatus/7cd59a27-89b8-474d-8b4c-532d1a2691cd?api-version=2023-04-15
      cache-control:
      - no-store, no-cache
      content-length:
      - '21'
      content-type:
      - application/json
      date:
      - Thu, 08 Jun 2023 16:11:12 GMT
      location:
      - https://management.azure.com/subscriptions/00000000-0000-0000-0000-000000000000/resourceGroups/cli_test_cosmosdb_mongodb_collection000001/providers/Microsoft.DocumentDB/databaseAccounts/cli000003/mongodbDatabases/cli000004/collections/cli000002/operationResults/7cd59a27-89b8-474d-8b4c-532d1a2691cd?api-version=2023-04-15
      pragma:
      - no-cache
      server:
      - Microsoft-HTTPAPI/2.0
      strict-transport-security:
      - max-age=31536000; includeSubDomains
      x-content-type-options:
      - nosniff
      x-ms-gatewayversion:
      - version=2.14.0
      x-ms-ratelimit-remaining-subscription-writes:
      - '1197'
    status:
      code: 202
      message: Accepted
- request:
    body: null
    headers:
      Accept:
      - '*/*'
      Accept-Encoding:
      - gzip, deflate
      CommandName:
      - cosmosdb mongodb collection update
      Connection:
      - keep-alive
      ParameterSetName:
      - -g -a -d -n --idx --analytical-storage-ttl
      User-Agent:
      - AZURECLI/2.49.0 azsdk-python-mgmt-cosmosdb/9.2.0 Python/3.10.11 (Windows-10-10.0.22621-SP0)
    method: GET
    uri: https://management.azure.com/subscriptions/00000000-0000-0000-0000-000000000000/providers/Microsoft.DocumentDB/locations/westus/operationsStatus/7cd59a27-89b8-474d-8b4c-532d1a2691cd?api-version=2023-04-15
  response:
    body:
      string: '{"status":"Enqueued"}'
    headers:
      cache-control:
      - no-store, no-cache
      content-length:
      - '21'
      content-type:
      - application/json
      date:
      - Thu, 08 Jun 2023 16:11:13 GMT
      pragma:
      - no-cache
      server:
      - Microsoft-HTTPAPI/2.0
      strict-transport-security:
      - max-age=31536000; includeSubDomains
      transfer-encoding:
      - chunked
      vary:
      - Accept-Encoding
      x-content-type-options:
      - nosniff
      x-ms-gatewayversion:
      - version=2.14.0
    status:
      code: 200
      message: Ok
- request:
    body: null
    headers:
      Accept:
      - '*/*'
      Accept-Encoding:
      - gzip, deflate
      CommandName:
      - cosmosdb mongodb collection update
      Connection:
      - keep-alive
      ParameterSetName:
      - -g -a -d -n --idx --analytical-storage-ttl
      User-Agent:
      - AZURECLI/2.49.0 azsdk-python-mgmt-cosmosdb/9.2.0 Python/3.10.11 (Windows-10-10.0.22621-SP0)
    method: GET
    uri: https://management.azure.com/subscriptions/00000000-0000-0000-0000-000000000000/providers/Microsoft.DocumentDB/locations/westus/operationsStatus/7cd59a27-89b8-474d-8b4c-532d1a2691cd?api-version=2023-04-15
  response:
    body:
      string: '{"status":"Succeeded"}'
    headers:
      cache-control:
      - no-store, no-cache
      content-length:
      - '22'
      content-type:
      - application/json
      date:
      - Thu, 08 Jun 2023 16:11:43 GMT
      pragma:
      - no-cache
      server:
      - Microsoft-HTTPAPI/2.0
      strict-transport-security:
      - max-age=31536000; includeSubDomains
      transfer-encoding:
      - chunked
      vary:
      - Accept-Encoding
      x-content-type-options:
      - nosniff
      x-ms-gatewayversion:
      - version=2.14.0
    status:
      code: 200
      message: Ok
- request:
    body: null
    headers:
      Accept:
      - '*/*'
      Accept-Encoding:
      - gzip, deflate
      CommandName:
      - cosmosdb mongodb collection update
      Connection:
      - keep-alive
      ParameterSetName:
      - -g -a -d -n --idx --analytical-storage-ttl
      User-Agent:
      - AZURECLI/2.49.0 azsdk-python-mgmt-cosmosdb/9.2.0 Python/3.10.11 (Windows-10-10.0.22621-SP0)
    method: GET
    uri: https://management.azure.com/subscriptions/00000000-0000-0000-0000-000000000000/resourceGroups/cli_test_cosmosdb_mongodb_collection000001/providers/Microsoft.DocumentDB/databaseAccounts/cli000003/mongodbDatabases/cli000004/collections/cli000002?api-version=2023-04-15
  response:
    body:
      string: '{"id":"/subscriptions/00000000-0000-0000-0000-000000000000/resourceGroups/cli_test_cosmosdb_mongodb_collection000001/providers/Microsoft.DocumentDB/databaseAccounts/cli000003/mongodbDatabases/cli000004/collections/cli000002","type":"Microsoft.DocumentDB/databaseAccounts/mongodbDatabases/collections","name":"cli000002","properties":{"resource":{"id":"cli000002","_rid":"Z-x2AIbXzEs=","_etag":"\"0000bd03-0000-0700-0000-6481fda60000\"","_ts":1686240678,"analyticalStorageTtl":6000,"shardKey":{"theShardKey":"Hash"},"indexes":[{"key":{"keys":["_id"]},"options":{}},{"key":{"keys":["_ts"]},"options":{"expireAfterSeconds":1000}},{"key":{"keys":["DocumentDBDefaultIndex"]},"options":{}}]}}}'
    headers:
      cache-control:
      - no-store, no-cache
      content-length:
      - '687'
      content-type:
      - application/json
      date:
      - Thu, 08 Jun 2023 16:11:43 GMT
      pragma:
      - no-cache
      server:
      - Microsoft-HTTPAPI/2.0
      strict-transport-security:
      - max-age=31536000; includeSubDomains
      transfer-encoding:
      - chunked
      vary:
      - Accept-Encoding
      x-content-type-options:
      - nosniff
      x-ms-gatewayversion:
      - version=2.14.0
    status:
      code: 200
      message: Ok
- request:
    body: null
    headers:
      Accept:
      - application/json
      Accept-Encoding:
      - gzip, deflate
      CommandName:
      - cosmosdb mongodb collection show
      Connection:
      - keep-alive
      ParameterSetName:
      - -g -a -d -n
      User-Agent:
      - AZURECLI/2.49.0 azsdk-python-mgmt-cosmosdb/9.2.0 Python/3.10.11 (Windows-10-10.0.22621-SP0)
    method: GET
    uri: https://management.azure.com/subscriptions/00000000-0000-0000-0000-000000000000/resourceGroups/cli_test_cosmosdb_mongodb_collection000001/providers/Microsoft.DocumentDB/databaseAccounts/cli000003/mongodbDatabases/cli000004/collections/cli000002?api-version=2023-04-15
  response:
    body:
      string: '{"id":"/subscriptions/00000000-0000-0000-0000-000000000000/resourceGroups/cli_test_cosmosdb_mongodb_collection000001/providers/Microsoft.DocumentDB/databaseAccounts/cli000003/mongodbDatabases/cli000004/collections/cli000002","type":"Microsoft.DocumentDB/databaseAccounts/mongodbDatabases/collections","name":"cli000002","properties":{"resource":{"id":"cli000002","_rid":"Z-x2AIbXzEs=","_etag":"\"0000bd03-0000-0700-0000-6481fda60000\"","_ts":1686240678,"analyticalStorageTtl":6000,"shardKey":{"theShardKey":"Hash"},"indexes":[{"key":{"keys":["_id"]},"options":{}},{"key":{"keys":["_ts"]},"options":{"expireAfterSeconds":1000}},{"key":{"keys":["DocumentDBDefaultIndex"]},"options":{}}]}}}'
    headers:
      cache-control:
      - no-store, no-cache
      content-length:
      - '687'
      content-type:
      - application/json
      date:
      - Thu, 08 Jun 2023 16:11:44 GMT
      pragma:
      - no-cache
      server:
      - Microsoft-HTTPAPI/2.0
      strict-transport-security:
      - max-age=31536000; includeSubDomains
      transfer-encoding:
      - chunked
      vary:
      - Accept-Encoding
      x-content-type-options:
      - nosniff
      x-ms-gatewayversion:
      - version=2.14.0
    status:
      code: 200
      message: Ok
- request:
    body: null
    headers:
      Accept:
      - application/json
      Accept-Encoding:
      - gzip, deflate
      CommandName:
      - cosmosdb mongodb collection list
      Connection:
      - keep-alive
      ParameterSetName:
      - -g -a -d
      User-Agent:
      - AZURECLI/2.49.0 azsdk-python-mgmt-cosmosdb/9.2.0 Python/3.10.11 (Windows-10-10.0.22621-SP0)
    method: GET
    uri: https://management.azure.com/subscriptions/00000000-0000-0000-0000-000000000000/resourceGroups/cli_test_cosmosdb_mongodb_collection000001/providers/Microsoft.DocumentDB/databaseAccounts/cli000003/mongodbDatabases/cli000004/collections?api-version=2023-04-15
  response:
    body:
      string: '{"value":[{"id":"/subscriptions/00000000-0000-0000-0000-000000000000/resourceGroups/cli_test_cosmosdb_mongodb_collection000001/providers/Microsoft.DocumentDB/databaseAccounts/cli000003/mongodbDatabases/cli000004/collections/cli000002","type":"Microsoft.DocumentDB/databaseAccounts/mongodbDatabases/collections","name":"cli000002","properties":{"resource":{"id":"cli000002","_rid":"Z-x2AIbXzEs=","_etag":"\"0000bd03-0000-0700-0000-6481fda60000\"","_ts":1686240678,"analyticalStorageTtl":6000,"shardKey":{"theShardKey":"Hash"},"indexes":[{"key":{"keys":["_id"]},"options":{}},{"key":{"keys":["_ts"]},"options":{"expireAfterSeconds":1000}},{"key":{"keys":["DocumentDBDefaultIndex"]},"options":{}}]}}}]}'
    headers:
      cache-control:
      - no-store, no-cache
      content-length:
      - '699'
      content-type:
      - application/json
      date:
      - Thu, 08 Jun 2023 16:11:45 GMT
      pragma:
      - no-cache
      server:
      - Microsoft-HTTPAPI/2.0
      strict-transport-security:
      - max-age=31536000; includeSubDomains
      transfer-encoding:
      - chunked
      vary:
      - Accept-Encoding
      x-content-type-options:
      - nosniff
      x-ms-gatewayversion:
      - version=2.14.0
    status:
      code: 200
      message: Ok
- request:
    body: null
    headers:
      Accept:
      - application/json
      Accept-Encoding:
      - gzip, deflate
      CommandName:
      - cosmosdb mongodb collection exists
      Connection:
      - keep-alive
      ParameterSetName:
      - -g -a -d -n
      User-Agent:
      - AZURECLI/2.49.0 azsdk-python-mgmt-cosmosdb/9.2.0 Python/3.10.11 (Windows-10-10.0.22621-SP0)
    method: GET
    uri: https://management.azure.com/subscriptions/00000000-0000-0000-0000-000000000000/resourceGroups/cli_test_cosmosdb_mongodb_collection000001/providers/Microsoft.DocumentDB/databaseAccounts/cli000003/mongodbDatabases/cli000004/collections/cli000002?api-version=2023-04-15
  response:
    body:
      string: '{"id":"/subscriptions/00000000-0000-0000-0000-000000000000/resourceGroups/cli_test_cosmosdb_mongodb_collection000001/providers/Microsoft.DocumentDB/databaseAccounts/cli000003/mongodbDatabases/cli000004/collections/cli000002","type":"Microsoft.DocumentDB/databaseAccounts/mongodbDatabases/collections","name":"cli000002","properties":{"resource":{"id":"cli000002","_rid":"Z-x2AIbXzEs=","_etag":"\"0000bd03-0000-0700-0000-6481fda60000\"","_ts":1686240678,"analyticalStorageTtl":6000,"shardKey":{"theShardKey":"Hash"},"indexes":[{"key":{"keys":["_id"]},"options":{}},{"key":{"keys":["_ts"]},"options":{"expireAfterSeconds":1000}},{"key":{"keys":["DocumentDBDefaultIndex"]},"options":{}}]}}}'
    headers:
      cache-control:
      - no-store, no-cache
      content-length:
      - '687'
      content-type:
      - application/json
      date:
      - Thu, 08 Jun 2023 16:11:45 GMT
      pragma:
      - no-cache
      server:
      - Microsoft-HTTPAPI/2.0
      strict-transport-security:
      - max-age=31536000; includeSubDomains
      transfer-encoding:
      - chunked
      vary:
      - Accept-Encoding
      x-content-type-options:
      - nosniff
      x-ms-gatewayversion:
      - version=2.14.0
    status:
      code: 200
      message: Ok
- request:
    body: null
    headers:
      Accept:
      - '*/*'
      Accept-Encoding:
      - gzip, deflate
      CommandName:
      - cosmosdb mongodb collection delete
      Connection:
      - keep-alive
      Content-Length:
      - '0'
      ParameterSetName:
      - -g -a -d -n --yes
      User-Agent:
      - AZURECLI/2.49.0 azsdk-python-mgmt-cosmosdb/9.2.0 Python/3.10.11 (Windows-10-10.0.22621-SP0)
    method: DELETE
    uri: https://management.azure.com/subscriptions/00000000-0000-0000-0000-000000000000/resourceGroups/cli_test_cosmosdb_mongodb_collection000001/providers/Microsoft.DocumentDB/databaseAccounts/cli000003/mongodbDatabases/cli000004/collections/cli000002?api-version=2023-04-15
  response:
    body:
      string: '{"status":"Enqueued"}'
    headers:
      azure-asyncoperation:
      - https://management.azure.com/subscriptions/00000000-0000-0000-0000-000000000000/providers/Microsoft.DocumentDB/locations/westus/operationsStatus/6e40405f-b1da-44f3-acfb-136fb4e74269?api-version=2023-04-15
      cache-control:
      - no-store, no-cache
      content-length:
      - '21'
      content-type:
      - application/json
      date:
      - Thu, 08 Jun 2023 16:11:46 GMT
      location:
      - https://management.azure.com/subscriptions/00000000-0000-0000-0000-000000000000/resourceGroups/cli_test_cosmosdb_mongodb_collection000001/providers/Microsoft.DocumentDB/databaseAccounts/cli000003/mongodbDatabases/cli000004/collections/cli000002/operationResults/6e40405f-b1da-44f3-acfb-136fb4e74269?api-version=2023-04-15
      pragma:
      - no-cache
      server:
      - Microsoft-HTTPAPI/2.0
      strict-transport-security:
      - max-age=31536000; includeSubDomains
      x-content-type-options:
      - nosniff
      x-ms-gatewayversion:
      - version=2.14.0
      x-ms-ratelimit-remaining-subscription-deletes:
      - '14999'
    status:
      code: 202
      message: Accepted
- request:
    body: null
    headers:
      Accept:
      - '*/*'
      Accept-Encoding:
      - gzip, deflate
      CommandName:
      - cosmosdb mongodb collection delete
      Connection:
      - keep-alive
      ParameterSetName:
      - -g -a -d -n --yes
      User-Agent:
      - AZURECLI/2.49.0 azsdk-python-mgmt-cosmosdb/9.2.0 Python/3.10.11 (Windows-10-10.0.22621-SP0)
    method: GET
    uri: https://management.azure.com/subscriptions/00000000-0000-0000-0000-000000000000/providers/Microsoft.DocumentDB/locations/westus/operationsStatus/6e40405f-b1da-44f3-acfb-136fb4e74269?api-version=2023-04-15
  response:
    body:
      string: '{"status":"Enqueued"}'
    headers:
      cache-control:
      - no-store, no-cache
      content-length:
      - '21'
      content-type:
      - application/json
      date:
      - Thu, 08 Jun 2023 16:11:47 GMT
      pragma:
      - no-cache
      server:
      - Microsoft-HTTPAPI/2.0
      strict-transport-security:
      - max-age=31536000; includeSubDomains
      transfer-encoding:
      - chunked
      vary:
      - Accept-Encoding
      x-content-type-options:
      - nosniff
      x-ms-gatewayversion:
      - version=2.14.0
    status:
      code: 200
      message: Ok
- request:
    body: null
    headers:
      Accept:
      - '*/*'
      Accept-Encoding:
      - gzip, deflate
      CommandName:
      - cosmosdb mongodb collection delete
      Connection:
      - keep-alive
      ParameterSetName:
      - -g -a -d -n --yes
      User-Agent:
      - AZURECLI/2.49.0 azsdk-python-mgmt-cosmosdb/9.2.0 Python/3.10.11 (Windows-10-10.0.22621-SP0)
    method: GET
    uri: https://management.azure.com/subscriptions/00000000-0000-0000-0000-000000000000/providers/Microsoft.DocumentDB/locations/westus/operationsStatus/6e40405f-b1da-44f3-acfb-136fb4e74269?api-version=2023-04-15
  response:
    body:
      string: '{"status":"Succeeded"}'
    headers:
      cache-control:
      - no-store, no-cache
      content-length:
      - '22'
      content-type:
      - application/json
      date:
      - Thu, 08 Jun 2023 16:12:16 GMT
      pragma:
      - no-cache
      server:
      - Microsoft-HTTPAPI/2.0
      strict-transport-security:
      - max-age=31536000; includeSubDomains
      transfer-encoding:
      - chunked
      vary:
      - Accept-Encoding
      x-content-type-options:
      - nosniff
      x-ms-gatewayversion:
      - version=2.14.0
    status:
      code: 200
      message: Ok
- request:
    body: null
    headers:
      Accept:
      - application/json
      Accept-Encoding:
      - gzip, deflate
      CommandName:
      - cosmosdb mongodb collection list
      Connection:
      - keep-alive
      ParameterSetName:
      - -g -a -d
      User-Agent:
      - AZURECLI/2.49.0 azsdk-python-mgmt-cosmosdb/9.2.0 Python/3.10.11 (Windows-10-10.0.22621-SP0)
    method: GET
    uri: https://management.azure.com/subscriptions/00000000-0000-0000-0000-000000000000/resourceGroups/cli_test_cosmosdb_mongodb_collection000001/providers/Microsoft.DocumentDB/databaseAccounts/cli000003/mongodbDatabases/cli000004/collections?api-version=2023-04-15
  response:
    body:
      string: '{"value":[]}'
    headers:
      cache-control:
      - no-store, no-cache
      content-length:
      - '12'
      content-type:
      - application/json
      date:
      - Thu, 08 Jun 2023 16:12:18 GMT
      pragma:
      - no-cache
      server:
      - Microsoft-HTTPAPI/2.0
      strict-transport-security:
      - max-age=31536000; includeSubDomains
      transfer-encoding:
      - chunked
      vary:
      - Accept-Encoding
      x-content-type-options:
      - nosniff
      x-ms-gatewayversion:
      - version=2.14.0
    status:
      code: 200
      message: Ok
version: 1
