interactions:
- request:
    body: null
    headers:
      Accept:
      - application/json
      Accept-Encoding:
      - gzip, deflate
      CommandName:
      - cosmosdb create
      Connection:
      - keep-alive
      ParameterSetName:
      - -n -g
      User-Agent:
      - AZURECLI/2.40.0 (PIP) azsdk-python-azure-mgmt-resource/21.1.0b1 Python/3.10.4
        (Windows-10-10.0.22621-SP0)
    method: GET
    uri: https://management.azure.com/subscriptions/00000000-0000-0000-0000-000000000000/resourcegroups/cli_test_cosmosdb_sql_stored_procedure000001?api-version=2021-04-01
  response:
    body:
      string: '{"id":"/subscriptions/00000000-0000-0000-0000-000000000000/resourceGroups/cli_test_cosmosdb_sql_stored_procedure000001","name":"cli_test_cosmosdb_sql_stored_procedure000001","type":"Microsoft.Resources/resourceGroups","location":"westus","tags":{"product":"azurecli","cause":"automation","date":"2022-09-27T14:53:36Z"},"properties":{"provisioningState":"Succeeded"}}'
    headers:
      cache-control:
      - no-cache
      content-length:
      - '366'
      content-type:
      - application/json; charset=utf-8
      date:
      - Tue, 27 Sep 2022 14:53:36 GMT
      expires:
      - '-1'
      pragma:
      - no-cache
      strict-transport-security:
      - max-age=31536000; includeSubDomains
      vary:
      - Accept-Encoding
      x-content-type-options:
      - nosniff
    status:
      code: 200
      message: OK
- request:
    body: '{"location": "westus", "kind": "GlobalDocumentDB", "properties": {"locations":
      [{"locationName": "westus", "failoverPriority": 0, "isZoneRedundant": false}],
      "databaseAccountOfferType": "Standard", "apiProperties": {}, "createMode": "Default"}}'
    headers:
      Accept:
      - application/json
      Accept-Encoding:
      - gzip, deflate
      CommandName:
      - cosmosdb create
      Connection:
      - keep-alive
      Content-Length:
      - '244'
      Content-Type:
      - application/json
      ParameterSetName:
      - -n -g
      User-Agent:
      - AZURECLI/2.40.0 (PIP) azsdk-python-mgmt-cosmosdb/8.0.0 Python/3.10.4 (Windows-10-10.0.22621-SP0)
    method: PUT
    uri: https://management.azure.com/subscriptions/00000000-0000-0000-0000-000000000000/resourceGroups/cli_test_cosmosdb_sql_stored_procedure000001/providers/Microsoft.DocumentDB/databaseAccounts/cli000005?api-version=2022-08-15
  response:
    body:
      string: '{"id":"/subscriptions/00000000-0000-0000-0000-000000000000/resourceGroups/cli_test_cosmosdb_sql_stored_procedure000001/providers/Microsoft.DocumentDB/databaseAccounts/cli000005","name":"cli000005","location":"West
        US","type":"Microsoft.DocumentDB/databaseAccounts","kind":"GlobalDocumentDB","tags":{},"systemData":{"createdAt":"2022-09-27T14:53:42.4649536Z"},"properties":{"provisioningState":"Creating","publicNetworkAccess":"Enabled","enableAutomaticFailover":false,"enableMultipleWriteLocations":false,"enablePartitionKeyMonitor":false,"isVirtualNetworkFilterEnabled":false,"virtualNetworkRules":[],"EnabledApiTypes":"Sql","disableKeyBasedMetadataWriteAccess":false,"enableFreeTier":false,"enableAnalyticalStorage":false,"analyticalStorageConfiguration":{"schemaType":"WellDefined"},"instanceId":"e74017dd-6f91-499d-9e1a-ddfe79c208ae","databaseAccountOfferType":"Standard","enableCassandraConnector":false,"connectorOffer":"","enableFullFidelityChangeFeed":false,"defaultIdentity":"","networkAclBypass":"None","disableLocalAuth":false,"enablePartitionMerge":false,"consistencyPolicy":{"defaultConsistencyLevel":"Session","maxIntervalInSeconds":5,"maxStalenessPrefix":100},"configurationOverrides":{},"writeLocations":[{"id":"cli000005-westus","locationName":"West
        US","provisioningState":"Creating","failoverPriority":0,"isZoneRedundant":false}],"readLocations":[{"id":"cli000005-westus","locationName":"West
        US","provisioningState":"Creating","failoverPriority":0,"isZoneRedundant":false}],"locations":[{"id":"cli000005-westus","locationName":"West
        US","provisioningState":"Creating","failoverPriority":0,"isZoneRedundant":false}],"failoverPolicies":[{"id":"cli000005-westus","locationName":"West
        US","failoverPriority":0}],"cors":[],"capabilities":[],"ipRules":[],"backupPolicy":{"type":"Periodic","periodicModeProperties":{"backupIntervalInMinutes":240,"backupRetentionIntervalInHours":8,"backupStorageRedundancy":"Invalid"}},"networkAclBypassResourceIds":[],"keysMetadata":{"primaryMasterKey":{"generationTime":"2022-09-27T14:53:42.4649536Z"},"secondaryMasterKey":{"generationTime":"2022-09-27T14:53:42.4649536Z"},"primaryReadonlyMasterKey":{"generationTime":"2022-09-27T14:53:42.4649536Z"},"secondaryReadonlyMasterKey":{"generationTime":"2022-09-27T14:53:42.4649536Z"}}},"identity":{"type":"None"}}'
    headers:
      azure-asyncoperation:
      - https://management.azure.com/subscriptions/00000000-0000-0000-0000-000000000000/providers/Microsoft.DocumentDB/locations/westus/operationsStatus/37eff08c-5db6-43d2-8242-348e0b127a89?api-version=2022-08-15
      cache-control:
      - no-store, no-cache
      content-length:
      - '2306'
      content-type:
      - application/json
      date:
      - Tue, 27 Sep 2022 14:53:43 GMT
      location:
      - https://management.azure.com/subscriptions/00000000-0000-0000-0000-000000000000/resourceGroups/cli_test_cosmosdb_sql_stored_procedure000001/providers/Microsoft.DocumentDB/databaseAccounts/cli000005/operationResults/37eff08c-5db6-43d2-8242-348e0b127a89?api-version=2022-08-15
      pragma:
      - no-cache
      server:
      - Microsoft-HTTPAPI/2.0
      strict-transport-security:
      - max-age=31536000; includeSubDomains
      transfer-encoding:
      - chunked
      vary:
      - Accept-Encoding
      x-content-type-options:
      - nosniff
      x-ms-gatewayversion:
      - version=2.14.0
      x-ms-ratelimit-remaining-subscription-writes:
      - '1198'
    status:
      code: 200
      message: Ok
- request:
    body: null
    headers:
      Accept:
      - '*/*'
      Accept-Encoding:
      - gzip, deflate
      CommandName:
      - cosmosdb create
      Connection:
      - keep-alive
      ParameterSetName:
      - -n -g
      User-Agent:
      - AZURECLI/2.40.0 (PIP) azsdk-python-mgmt-cosmosdb/8.0.0 Python/3.10.4 (Windows-10-10.0.22621-SP0)
    method: GET
    uri: https://management.azure.com/subscriptions/00000000-0000-0000-0000-000000000000/providers/Microsoft.DocumentDB/locations/westus/operationsStatus/37eff08c-5db6-43d2-8242-348e0b127a89?api-version=2022-08-15
  response:
    body:
      string: '{"status":"Dequeued"}'
    headers:
      cache-control:
      - no-store, no-cache
      content-length:
      - '21'
      content-type:
      - application/json
      date:
      - Tue, 27 Sep 2022 14:54:13 GMT
      pragma:
      - no-cache
      server:
      - Microsoft-HTTPAPI/2.0
      strict-transport-security:
      - max-age=31536000; includeSubDomains
      transfer-encoding:
      - chunked
      vary:
      - Accept-Encoding
      x-content-type-options:
      - nosniff
      x-ms-gatewayversion:
      - version=2.14.0
    status:
      code: 200
      message: Ok
- request:
    body: null
    headers:
      Accept:
      - '*/*'
      Accept-Encoding:
      - gzip, deflate
      CommandName:
      - cosmosdb create
      Connection:
      - keep-alive
      ParameterSetName:
      - -n -g
      User-Agent:
      - AZURECLI/2.40.0 (PIP) azsdk-python-mgmt-cosmosdb/8.0.0 Python/3.10.4 (Windows-10-10.0.22621-SP0)
    method: GET
    uri: https://management.azure.com/subscriptions/00000000-0000-0000-0000-000000000000/providers/Microsoft.DocumentDB/locations/westus/operationsStatus/37eff08c-5db6-43d2-8242-348e0b127a89?api-version=2022-08-15
  response:
    body:
      string: '{"status":"Dequeued"}'
    headers:
      cache-control:
      - no-store, no-cache
      content-length:
      - '21'
      content-type:
      - application/json
      date:
      - Tue, 27 Sep 2022 14:54:43 GMT
      pragma:
      - no-cache
      server:
      - Microsoft-HTTPAPI/2.0
      strict-transport-security:
      - max-age=31536000; includeSubDomains
      transfer-encoding:
      - chunked
      vary:
      - Accept-Encoding
      x-content-type-options:
      - nosniff
      x-ms-gatewayversion:
      - version=2.14.0
    status:
      code: 200
      message: Ok
- request:
    body: null
    headers:
      Accept:
      - '*/*'
      Accept-Encoding:
      - gzip, deflate
      CommandName:
      - cosmosdb create
      Connection:
      - keep-alive
      ParameterSetName:
      - -n -g
      User-Agent:
      - AZURECLI/2.40.0 (PIP) azsdk-python-mgmt-cosmosdb/8.0.0 Python/3.10.4 (Windows-10-10.0.22621-SP0)
    method: GET
    uri: https://management.azure.com/subscriptions/00000000-0000-0000-0000-000000000000/providers/Microsoft.DocumentDB/locations/westus/operationsStatus/37eff08c-5db6-43d2-8242-348e0b127a89?api-version=2022-08-15
  response:
    body:
      string: '{"status":"Dequeued"}'
    headers:
      cache-control:
      - no-store, no-cache
      content-length:
      - '21'
      content-type:
      - application/json
      date:
      - Tue, 27 Sep 2022 14:55:13 GMT
      pragma:
      - no-cache
      server:
      - Microsoft-HTTPAPI/2.0
      strict-transport-security:
      - max-age=31536000; includeSubDomains
      transfer-encoding:
      - chunked
      vary:
      - Accept-Encoding
      x-content-type-options:
      - nosniff
      x-ms-gatewayversion:
      - version=2.14.0
    status:
      code: 200
      message: Ok
- request:
    body: null
    headers:
      Accept:
      - '*/*'
      Accept-Encoding:
      - gzip, deflate
      CommandName:
      - cosmosdb create
      Connection:
      - keep-alive
      ParameterSetName:
      - -n -g
      User-Agent:
      - AZURECLI/2.40.0 (PIP) azsdk-python-mgmt-cosmosdb/8.0.0 Python/3.10.4 (Windows-10-10.0.22621-SP0)
    method: GET
    uri: https://management.azure.com/subscriptions/00000000-0000-0000-0000-000000000000/providers/Microsoft.DocumentDB/locations/westus/operationsStatus/37eff08c-5db6-43d2-8242-348e0b127a89?api-version=2022-08-15
  response:
    body:
      string: '{"status":"Succeeded"}'
    headers:
      cache-control:
      - no-store, no-cache
      content-length:
      - '22'
      content-type:
      - application/json
      date:
      - Tue, 27 Sep 2022 14:55:44 GMT
      pragma:
      - no-cache
      server:
      - Microsoft-HTTPAPI/2.0
      strict-transport-security:
      - max-age=31536000; includeSubDomains
      transfer-encoding:
      - chunked
      vary:
      - Accept-Encoding
      x-content-type-options:
      - nosniff
      x-ms-gatewayversion:
      - version=2.14.0
    status:
      code: 200
      message: Ok
- request:
    body: null
    headers:
      Accept:
      - '*/*'
      Accept-Encoding:
      - gzip, deflate
      CommandName:
      - cosmosdb create
      Connection:
      - keep-alive
      ParameterSetName:
      - -n -g
      User-Agent:
      - AZURECLI/2.40.0 (PIP) azsdk-python-mgmt-cosmosdb/8.0.0 Python/3.10.4 (Windows-10-10.0.22621-SP0)
    method: GET
    uri: https://management.azure.com/subscriptions/00000000-0000-0000-0000-000000000000/resourceGroups/cli_test_cosmosdb_sql_stored_procedure000001/providers/Microsoft.DocumentDB/databaseAccounts/cli000005?api-version=2022-08-15
  response:
    body:
      string: '{"id":"/subscriptions/00000000-0000-0000-0000-000000000000/resourceGroups/cli_test_cosmosdb_sql_stored_procedure000001/providers/Microsoft.DocumentDB/databaseAccounts/cli000005","name":"cli000005","location":"West
        US","type":"Microsoft.DocumentDB/databaseAccounts","kind":"GlobalDocumentDB","tags":{},"systemData":{"createdAt":"2022-09-27T14:55:06.4973066Z"},"properties":{"provisioningState":"Succeeded","documentEndpoint":"https://cli000005.documents.azure.com:443/","publicNetworkAccess":"Enabled","enableAutomaticFailover":false,"enableMultipleWriteLocations":false,"enablePartitionKeyMonitor":false,"isVirtualNetworkFilterEnabled":false,"virtualNetworkRules":[],"EnabledApiTypes":"Sql","disableKeyBasedMetadataWriteAccess":false,"enableFreeTier":false,"enableAnalyticalStorage":false,"analyticalStorageConfiguration":{"schemaType":"WellDefined"},"instanceId":"e74017dd-6f91-499d-9e1a-ddfe79c208ae","databaseAccountOfferType":"Standard","enableCassandraConnector":false,"connectorOffer":"","enableFullFidelityChangeFeed":false,"defaultIdentity":"FirstPartyIdentity","networkAclBypass":"None","disableLocalAuth":false,"enablePartitionMerge":false,"consistencyPolicy":{"defaultConsistencyLevel":"Session","maxIntervalInSeconds":5,"maxStalenessPrefix":100},"configurationOverrides":{},"writeLocations":[{"id":"cli000005-westus","locationName":"West
        US","documentEndpoint":"https://cli000005-westus.documents.azure.com:443/","provisioningState":"Succeeded","failoverPriority":0,"isZoneRedundant":false}],"readLocations":[{"id":"cli000005-westus","locationName":"West
        US","documentEndpoint":"https://cli000005-westus.documents.azure.com:443/","provisioningState":"Succeeded","failoverPriority":0,"isZoneRedundant":false}],"locations":[{"id":"cli000005-westus","locationName":"West
        US","documentEndpoint":"https://cli000005-westus.documents.azure.com:443/","provisioningState":"Succeeded","failoverPriority":0,"isZoneRedundant":false}],"failoverPolicies":[{"id":"cli000005-westus","locationName":"West
        US","failoverPriority":0}],"cors":[],"capabilities":[],"ipRules":[],"backupPolicy":{"type":"Periodic","periodicModeProperties":{"backupIntervalInMinutes":240,"backupRetentionIntervalInHours":8,"backupStorageRedundancy":"Geo"}},"networkAclBypassResourceIds":[],"keysMetadata":{"primaryMasterKey":{"generationTime":"2022-09-27T14:55:06.4973066Z"},"secondaryMasterKey":{"generationTime":"2022-09-27T14:55:06.4973066Z"},"primaryReadonlyMasterKey":{"generationTime":"2022-09-27T14:55:06.4973066Z"},"secondaryReadonlyMasterKey":{"generationTime":"2022-09-27T14:55:06.4973066Z"}}},"identity":{"type":"None"}}'
    headers:
      cache-control:
      - no-store, no-cache
      content-length:
      - '2601'
      content-type:
      - application/json
      date:
      - Tue, 27 Sep 2022 14:55:44 GMT
      pragma:
      - no-cache
      server:
      - Microsoft-HTTPAPI/2.0
      strict-transport-security:
      - max-age=31536000; includeSubDomains
      transfer-encoding:
      - chunked
      vary:
      - Accept-Encoding
      x-content-type-options:
      - nosniff
      x-ms-gatewayversion:
      - version=2.14.0
    status:
      code: 200
      message: Ok
- request:
    body: null
    headers:
      Accept:
      - application/json
      Accept-Encoding:
      - gzip, deflate
      CommandName:
      - cosmosdb create
      Connection:
      - keep-alive
      ParameterSetName:
      - -n -g
      User-Agent:
      - AZURECLI/2.40.0 (PIP) azsdk-python-mgmt-cosmosdb/8.0.0 Python/3.10.4 (Windows-10-10.0.22621-SP0)
    method: GET
    uri: https://management.azure.com/subscriptions/00000000-0000-0000-0000-000000000000/resourceGroups/cli_test_cosmosdb_sql_stored_procedure000001/providers/Microsoft.DocumentDB/databaseAccounts/cli000005?api-version=2022-08-15
  response:
    body:
      string: '{"id":"/subscriptions/00000000-0000-0000-0000-000000000000/resourceGroups/cli_test_cosmosdb_sql_stored_procedure000001/providers/Microsoft.DocumentDB/databaseAccounts/cli000005","name":"cli000005","location":"West
        US","type":"Microsoft.DocumentDB/databaseAccounts","kind":"GlobalDocumentDB","tags":{},"systemData":{"createdAt":"2022-09-27T14:55:06.4973066Z"},"properties":{"provisioningState":"Succeeded","documentEndpoint":"https://cli000005.documents.azure.com:443/","publicNetworkAccess":"Enabled","enableAutomaticFailover":false,"enableMultipleWriteLocations":false,"enablePartitionKeyMonitor":false,"isVirtualNetworkFilterEnabled":false,"virtualNetworkRules":[],"EnabledApiTypes":"Sql","disableKeyBasedMetadataWriteAccess":false,"enableFreeTier":false,"enableAnalyticalStorage":false,"analyticalStorageConfiguration":{"schemaType":"WellDefined"},"instanceId":"e74017dd-6f91-499d-9e1a-ddfe79c208ae","databaseAccountOfferType":"Standard","enableCassandraConnector":false,"connectorOffer":"","enableFullFidelityChangeFeed":false,"defaultIdentity":"FirstPartyIdentity","networkAclBypass":"None","disableLocalAuth":false,"enablePartitionMerge":false,"consistencyPolicy":{"defaultConsistencyLevel":"Session","maxIntervalInSeconds":5,"maxStalenessPrefix":100},"configurationOverrides":{},"writeLocations":[{"id":"cli000005-westus","locationName":"West
        US","documentEndpoint":"https://cli000005-westus.documents.azure.com:443/","provisioningState":"Succeeded","failoverPriority":0,"isZoneRedundant":false}],"readLocations":[{"id":"cli000005-westus","locationName":"West
        US","documentEndpoint":"https://cli000005-westus.documents.azure.com:443/","provisioningState":"Succeeded","failoverPriority":0,"isZoneRedundant":false}],"locations":[{"id":"cli000005-westus","locationName":"West
        US","documentEndpoint":"https://cli000005-westus.documents.azure.com:443/","provisioningState":"Succeeded","failoverPriority":0,"isZoneRedundant":false}],"failoverPolicies":[{"id":"cli000005-westus","locationName":"West
        US","failoverPriority":0}],"cors":[],"capabilities":[],"ipRules":[],"backupPolicy":{"type":"Periodic","periodicModeProperties":{"backupIntervalInMinutes":240,"backupRetentionIntervalInHours":8,"backupStorageRedundancy":"Geo"}},"networkAclBypassResourceIds":[],"keysMetadata":{"primaryMasterKey":{"generationTime":"2022-09-27T14:55:06.4973066Z"},"secondaryMasterKey":{"generationTime":"2022-09-27T14:55:06.4973066Z"},"primaryReadonlyMasterKey":{"generationTime":"2022-09-27T14:55:06.4973066Z"},"secondaryReadonlyMasterKey":{"generationTime":"2022-09-27T14:55:06.4973066Z"}}},"identity":{"type":"None"}}'
    headers:
      cache-control:
      - no-store, no-cache
      content-length:
      - '2601'
      content-type:
      - application/json
      date:
      - Tue, 27 Sep 2022 14:55:45 GMT
      pragma:
      - no-cache
      server:
      - Microsoft-HTTPAPI/2.0
      strict-transport-security:
      - max-age=31536000; includeSubDomains
      transfer-encoding:
      - chunked
      vary:
      - Accept-Encoding
      x-content-type-options:
      - nosniff
      x-ms-gatewayversion:
      - version=2.14.0
    status:
      code: 200
      message: Ok
- request:
    body: '{"properties": {"resource": {"id": "cli000002"}, "options": {}}}'
    headers:
      Accept:
      - application/json
      Accept-Encoding:
      - gzip, deflate
      CommandName:
      - cosmosdb sql database create
      Connection:
      - keep-alive
      Content-Length:
      - '64'
      Content-Type:
      - application/json
      ParameterSetName:
      - -g -a -n
      User-Agent:
      - AZURECLI/2.40.0 (PIP) azsdk-python-mgmt-cosmosdb/8.0.0 Python/3.10.4 (Windows-10-10.0.22621-SP0)
    method: PUT
    uri: https://management.azure.com/subscriptions/00000000-0000-0000-0000-000000000000/resourceGroups/cli_test_cosmosdb_sql_stored_procedure000001/providers/Microsoft.DocumentDB/databaseAccounts/cli000005/sqlDatabases/cli000002?api-version=2022-08-15
  response:
    body:
      string: '{"status":"Enqueued"}'
    headers:
      azure-asyncoperation:
      - https://management.azure.com/subscriptions/00000000-0000-0000-0000-000000000000/providers/Microsoft.DocumentDB/locations/westus/operationsStatus/2cd82f26-406a-4db5-baf1-83ee58fda09a?api-version=2022-08-15
      cache-control:
      - no-store, no-cache
      content-length:
      - '21'
      content-type:
      - application/json
      date:
      - Tue, 27 Sep 2022 14:55:45 GMT
      location:
      - https://management.azure.com/subscriptions/00000000-0000-0000-0000-000000000000/resourceGroups/cli_test_cosmosdb_sql_stored_procedure000001/providers/Microsoft.DocumentDB/databaseAccounts/cli000005/sqlDatabases/cli000002/operationResults/2cd82f26-406a-4db5-baf1-83ee58fda09a?api-version=2022-08-15
      pragma:
      - no-cache
      server:
      - Microsoft-HTTPAPI/2.0
      strict-transport-security:
      - max-age=31536000; includeSubDomains
      x-content-type-options:
      - nosniff
      x-ms-gatewayversion:
      - version=2.14.0
      x-ms-ratelimit-remaining-subscription-writes:
      - '1199'
    status:
      code: 202
      message: Accepted
- request:
    body: null
    headers:
      Accept:
      - '*/*'
      Accept-Encoding:
      - gzip, deflate
      CommandName:
      - cosmosdb sql database create
      Connection:
      - keep-alive
      ParameterSetName:
      - -g -a -n
      User-Agent:
      - AZURECLI/2.40.0 (PIP) azsdk-python-mgmt-cosmosdb/8.0.0 Python/3.10.4 (Windows-10-10.0.22621-SP0)
    method: GET
    uri: https://management.azure.com/subscriptions/00000000-0000-0000-0000-000000000000/providers/Microsoft.DocumentDB/locations/westus/operationsStatus/2cd82f26-406a-4db5-baf1-83ee58fda09a?api-version=2022-08-15
  response:
    body:
      string: '{"status":"Succeeded"}'
    headers:
      cache-control:
      - no-store, no-cache
      content-length:
      - '22'
      content-type:
      - application/json
      date:
      - Tue, 27 Sep 2022 14:56:15 GMT
      pragma:
      - no-cache
      server:
      - Microsoft-HTTPAPI/2.0
      strict-transport-security:
      - max-age=31536000; includeSubDomains
      transfer-encoding:
      - chunked
      vary:
      - Accept-Encoding
      x-content-type-options:
      - nosniff
      x-ms-gatewayversion:
      - version=2.14.0
    status:
      code: 200
      message: Ok
- request:
    body: null
    headers:
      Accept:
      - '*/*'
      Accept-Encoding:
      - gzip, deflate
      CommandName:
      - cosmosdb sql database create
      Connection:
      - keep-alive
      ParameterSetName:
      - -g -a -n
      User-Agent:
      - AZURECLI/2.40.0 (PIP) azsdk-python-mgmt-cosmosdb/8.0.0 Python/3.10.4 (Windows-10-10.0.22621-SP0)
    method: GET
    uri: https://management.azure.com/subscriptions/00000000-0000-0000-0000-000000000000/resourceGroups/cli_test_cosmosdb_sql_stored_procedure000001/providers/Microsoft.DocumentDB/databaseAccounts/cli000005/sqlDatabases/cli000002?api-version=2022-08-15
  response:
    body:
      string: '{"id":"/subscriptions/00000000-0000-0000-0000-000000000000/resourceGroups/cli_test_cosmosdb_sql_stored_procedure000001/providers/Microsoft.DocumentDB/databaseAccounts/cli000005/sqlDatabases/cli000002","type":"Microsoft.DocumentDB/databaseAccounts/sqlDatabases","name":"cli000002","properties":{"resource":{"id":"cli000002","_rid":"3qpbAA==","_self":"dbs/3qpbAA==/","_etag":"\"0000f426-0000-0700-0000-63330ef60000\"","_colls":"colls/","_users":"users/","_ts":1664290550}}}'
    headers:
      cache-control:
      - no-store, no-cache
      content-length:
      - '471'
      content-type:
      - application/json
      date:
      - Tue, 27 Sep 2022 14:56:16 GMT
      pragma:
      - no-cache
      server:
      - Microsoft-HTTPAPI/2.0
      strict-transport-security:
      - max-age=31536000; includeSubDomains
      transfer-encoding:
      - chunked
      vary:
      - Accept-Encoding
      x-content-type-options:
      - nosniff
      x-ms-gatewayversion:
      - version=2.14.0
    status:
      code: 200
      message: Ok
- request:
    body: '{"properties": {"resource": {"id": "cli000003", "indexingPolicy": {"automatic":
      true, "indexingMode": "consistent", "includedPaths": [{"path": "/*"}], "excludedPaths":
      [{"path": "/\"_etag\"/?"}]}, "partitionKey": {"paths": ["/thePartitionKey"],
      "kind": "Hash"}}, "options": {}}}'
    headers:
      Accept:
      - application/json
      Accept-Encoding:
      - gzip, deflate
      CommandName:
      - cosmosdb sql container create
      Connection:
      - keep-alive
      Content-Length:
      - '278'
      Content-Type:
      - application/json
      ParameterSetName:
      - -g -a -d -n -p
      User-Agent:
      - AZURECLI/2.40.0 (PIP) azsdk-python-mgmt-cosmosdb/8.0.0 Python/3.10.4 (Windows-10-10.0.22621-SP0)
    method: PUT
    uri: https://management.azure.com/subscriptions/00000000-0000-0000-0000-000000000000/resourceGroups/cli_test_cosmosdb_sql_stored_procedure000001/providers/Microsoft.DocumentDB/databaseAccounts/cli000005/sqlDatabases/cli000002/containers/cli000003?api-version=2022-08-15
  response:
    body:
      string: '{"status":"Enqueued"}'
    headers:
      azure-asyncoperation:
      - https://management.azure.com/subscriptions/00000000-0000-0000-0000-000000000000/providers/Microsoft.DocumentDB/locations/westus/operationsStatus/914b896a-83ce-44fe-a631-44b07f13e080?api-version=2022-08-15
      cache-control:
      - no-store, no-cache
      content-length:
      - '21'
      content-type:
      - application/json
      date:
      - Tue, 27 Sep 2022 14:56:17 GMT
      location:
      - https://management.azure.com/subscriptions/00000000-0000-0000-0000-000000000000/resourceGroups/cli_test_cosmosdb_sql_stored_procedure000001/providers/Microsoft.DocumentDB/databaseAccounts/cli000005/sqlDatabases/cli000002/containers/cli000003/operationResults/914b896a-83ce-44fe-a631-44b07f13e080?api-version=2022-08-15
      pragma:
      - no-cache
      server:
      - Microsoft-HTTPAPI/2.0
      strict-transport-security:
      - max-age=31536000; includeSubDomains
      x-content-type-options:
      - nosniff
      x-ms-gatewayversion:
      - version=2.14.0
      x-ms-ratelimit-remaining-subscription-writes:
      - '1198'
    status:
      code: 202
      message: Accepted
- request:
    body: null
    headers:
      Accept:
      - '*/*'
      Accept-Encoding:
      - gzip, deflate
      CommandName:
      - cosmosdb sql container create
      Connection:
      - keep-alive
      ParameterSetName:
      - -g -a -d -n -p
      User-Agent:
      - AZURECLI/2.40.0 (PIP) azsdk-python-mgmt-cosmosdb/8.0.0 Python/3.10.4 (Windows-10-10.0.22621-SP0)
    method: GET
    uri: https://management.azure.com/subscriptions/00000000-0000-0000-0000-000000000000/providers/Microsoft.DocumentDB/locations/westus/operationsStatus/914b896a-83ce-44fe-a631-44b07f13e080?api-version=2022-08-15
  response:
    body:
      string: '{"status":"Succeeded"}'
    headers:
      cache-control:
      - no-store, no-cache
      content-length:
      - '22'
      content-type:
      - application/json
      date:
      - Tue, 27 Sep 2022 14:56:47 GMT
      pragma:
      - no-cache
      server:
      - Microsoft-HTTPAPI/2.0
      strict-transport-security:
      - max-age=31536000; includeSubDomains
      transfer-encoding:
      - chunked
      vary:
      - Accept-Encoding
      x-content-type-options:
      - nosniff
      x-ms-gatewayversion:
      - version=2.14.0
    status:
      code: 200
      message: Ok
- request:
    body: null
    headers:
      Accept:
      - '*/*'
      Accept-Encoding:
      - gzip, deflate
      CommandName:
      - cosmosdb sql container create
      Connection:
      - keep-alive
      ParameterSetName:
      - -g -a -d -n -p
      User-Agent:
      - AZURECLI/2.40.0 (PIP) azsdk-python-mgmt-cosmosdb/8.0.0 Python/3.10.4 (Windows-10-10.0.22621-SP0)
    method: GET
    uri: https://management.azure.com/subscriptions/00000000-0000-0000-0000-000000000000/resourceGroups/cli_test_cosmosdb_sql_stored_procedure000001/providers/Microsoft.DocumentDB/databaseAccounts/cli000005/sqlDatabases/cli000002/containers/cli000003?api-version=2022-08-15
  response:
    body:
      string: '{"id":"/subscriptions/00000000-0000-0000-0000-000000000000/resourceGroups/cli_test_cosmosdb_sql_stored_procedure000001/providers/Microsoft.DocumentDB/databaseAccounts/cli000005/sqlDatabases/cli000002/containers/cli000003","type":"Microsoft.DocumentDB/databaseAccounts/sqlDatabases/containers","name":"cli000003","properties":{"resource":{"id":"cli000003","indexingPolicy":{"indexingMode":"consistent","automatic":true,"includedPaths":[{"path":"/*"}],"excludedPaths":[{"path":"/\"_etag\"/?"}]},"partitionKey":{"paths":["/thePartitionKey"],"kind":"Hash"},"uniqueKeyPolicy":{"uniqueKeys":[]},"conflictResolutionPolicy":{"mode":"LastWriterWins","conflictResolutionPath":"/_ts","conflictResolutionProcedure":""},"geospatialConfig":{"type":"Geography"},"_rid":"3qpbANYm2io=","_ts":1664290584,"_self":"dbs/3qpbAA==/colls/3qpbANYm2io=/","_etag":"\"0000f626-0000-0700-0000-63330f180000\"","_docs":"docs/","_sprocs":"sprocs/","_triggers":"triggers/","_udfs":"udfs/","_conflicts":"conflicts/","statistics":[{"id":"0","sizeInKB":0,"documentCount":0,"sampledDistinctPartitionKeyCount":0,"partitionKeys":[]}]}}}'
    headers:
      cache-control:
      - no-store, no-cache
      content-length:
      - '1097'
      content-type:
      - application/json
      date:
      - Tue, 27 Sep 2022 14:56:47 GMT
      pragma:
      - no-cache
      server:
      - Microsoft-HTTPAPI/2.0
      strict-transport-security:
      - max-age=31536000; includeSubDomains
      transfer-encoding:
      - chunked
      vary:
      - Accept-Encoding
      x-content-type-options:
      - nosniff
      x-ms-gatewayversion:
      - version=2.14.0
    status:
      code: 200
      message: Ok
- request:
    body: '{"properties": {"resource": {"id": "cli000004", "body": "sampleBody"},
      "options": {}}}'
    headers:
      Accept:
      - application/json
      Accept-Encoding:
      - gzip, deflate
      CommandName:
      - cosmosdb sql stored-procedure create
      Connection:
      - keep-alive
      Content-Length:
      - '86'
      Content-Type:
      - application/json
      ParameterSetName:
      - --resource-group -a -d -c -n -b
      User-Agent:
      - AZURECLI/2.40.0 (PIP) azsdk-python-mgmt-cosmosdb/8.0.0 Python/3.10.4 (Windows-10-10.0.22621-SP0)
    method: PUT
    uri: https://management.azure.com/subscriptions/00000000-0000-0000-0000-000000000000/resourceGroups/cli_test_cosmosdb_sql_stored_procedure000001/providers/Microsoft.DocumentDB/databaseAccounts/cli000005/sqlDatabases/cli000002/containers/cli000003/storedProcedures/cli000004?api-version=2022-08-15
  response:
    body:
      string: '{"status":"Enqueued"}'
    headers:
      azure-asyncoperation:
      - https://management.azure.com/subscriptions/00000000-0000-0000-0000-000000000000/providers/Microsoft.DocumentDB/locations/westus/operationsStatus/87eda1be-2798-4725-9f45-4ed43a5ad998?api-version=2022-08-15
      cache-control:
      - no-store, no-cache
      content-length:
      - '21'
      content-type:
      - application/json
      date:
      - Tue, 27 Sep 2022 14:56:48 GMT
      location:
      - https://management.azure.com/subscriptions/00000000-0000-0000-0000-000000000000/resourceGroups/cli_test_cosmosdb_sql_stored_procedure000001/providers/Microsoft.DocumentDB/databaseAccounts/cli000005/sqlDatabases/cli000002/containers/cli000003/storedProcedures/cli000004/operationResults/87eda1be-2798-4725-9f45-4ed43a5ad998?api-version=2022-08-15
      pragma:
      - no-cache
      server:
      - Microsoft-HTTPAPI/2.0
      strict-transport-security:
      - max-age=31536000; includeSubDomains
      x-content-type-options:
      - nosniff
      x-ms-gatewayversion:
      - version=2.14.0
      x-ms-ratelimit-remaining-subscription-writes:
      - '1198'
    status:
      code: 202
      message: Accepted
- request:
    body: null
    headers:
      Accept:
      - '*/*'
      Accept-Encoding:
      - gzip, deflate
      CommandName:
      - cosmosdb sql stored-procedure create
      Connection:
      - keep-alive
      ParameterSetName:
      - --resource-group -a -d -c -n -b
      User-Agent:
      - AZURECLI/2.40.0 (PIP) azsdk-python-mgmt-cosmosdb/8.0.0 Python/3.10.4 (Windows-10-10.0.22621-SP0)
    method: GET
    uri: https://management.azure.com/subscriptions/00000000-0000-0000-0000-000000000000/providers/Microsoft.DocumentDB/locations/westus/operationsStatus/87eda1be-2798-4725-9f45-4ed43a5ad998?api-version=2022-08-15
  response:
    body:
      string: '{"status":"Succeeded"}'
    headers:
      cache-control:
      - no-store, no-cache
      content-length:
      - '22'
      content-type:
      - application/json
      date:
      - Tue, 27 Sep 2022 14:57:19 GMT
      pragma:
      - no-cache
      server:
      - Microsoft-HTTPAPI/2.0
      strict-transport-security:
      - max-age=31536000; includeSubDomains
      transfer-encoding:
      - chunked
      vary:
      - Accept-Encoding
      x-content-type-options:
      - nosniff
      x-ms-gatewayversion:
      - version=2.14.0
    status:
      code: 200
      message: Ok
- request:
    body: null
    headers:
      Accept:
      - '*/*'
      Accept-Encoding:
      - gzip, deflate
      CommandName:
      - cosmosdb sql stored-procedure create
      Connection:
      - keep-alive
      ParameterSetName:
      - --resource-group -a -d -c -n -b
      User-Agent:
      - AZURECLI/2.40.0 (PIP) azsdk-python-mgmt-cosmosdb/8.0.0 Python/3.10.4 (Windows-10-10.0.22621-SP0)
    method: GET
    uri: https://management.azure.com/subscriptions/00000000-0000-0000-0000-000000000000/resourceGroups/cli_test_cosmosdb_sql_stored_procedure000001/providers/Microsoft.DocumentDB/databaseAccounts/cli000005/sqlDatabases/cli000002/containers/cli000003/storedProcedures/cli000004?api-version=2022-08-15
  response:
    body:
      string: '{"id":"/subscriptions/00000000-0000-0000-0000-000000000000/resourceGroups/cli_test_cosmosdb_sql_stored_procedure000001/providers/Microsoft.DocumentDB/databaseAccounts/cli000005/sqlDatabases/cli000002/containers/cli000003/storedProcedures/cli000004","type":"Microsoft.DocumentDB/databaseAccounts/sqlDatabases/containers/storedProcedures","name":"cli000004","properties":{"resource":{"id":"cli000004","body":"sampleBody","_rid":"3qpbANYm2ioBAAAAAAAAgA==","_self":"dbs/3qpbAA==/colls/3qpbANYm2io=/sprocs/3qpbANYm2ioBAAAAAAAAgA==/","_etag":"\"00005020-0000-0700-0000-63330f370000\"","_ts":1664290615}}}'
    headers:
      cache-control:
      - no-store, no-cache
      content-length:
      - '598'
      content-type:
      - application/json
      date:
      - Tue, 27 Sep 2022 14:57:20 GMT
      pragma:
      - no-cache
      server:
      - Microsoft-HTTPAPI/2.0
      strict-transport-security:
      - max-age=31536000; includeSubDomains
      transfer-encoding:
      - chunked
      vary:
      - Accept-Encoding
      x-content-type-options:
      - nosniff
      x-ms-gatewayversion:
      - version=2.14.0
    status:
      code: 200
      message: Ok
- request:
    body: '{"properties": {"resource": {"id": "cli000004", "body": "sampleBody2"},
      "options": {}}}'
    headers:
      Accept:
      - application/json
      Accept-Encoding:
      - gzip, deflate
      CommandName:
      - cosmosdb sql stored-procedure update
      Connection:
      - keep-alive
      Content-Length:
      - '87'
      Content-Type:
      - application/json
      ParameterSetName:
      - -g -a -d -c -n -b
      User-Agent:
      - AZURECLI/2.40.0 (PIP) azsdk-python-mgmt-cosmosdb/8.0.0 Python/3.10.4 (Windows-10-10.0.22621-SP0)
    method: PUT
    uri: https://management.azure.com/subscriptions/00000000-0000-0000-0000-000000000000/resourceGroups/cli_test_cosmosdb_sql_stored_procedure000001/providers/Microsoft.DocumentDB/databaseAccounts/cli000005/sqlDatabases/cli000002/containers/cli000003/storedProcedures/cli000004?api-version=2022-08-15
  response:
    body:
      string: '{"status":"Enqueued"}'
    headers:
      azure-asyncoperation:
      - https://management.azure.com/subscriptions/00000000-0000-0000-0000-000000000000/providers/Microsoft.DocumentDB/locations/westus/operationsStatus/676628c8-67e1-4f2c-a1b8-0de4259fa8df?api-version=2022-08-15
      cache-control:
      - no-store, no-cache
      content-length:
      - '21'
      content-type:
      - application/json
      date:
      - Tue, 27 Sep 2022 14:57:21 GMT
      location:
      - https://management.azure.com/subscriptions/00000000-0000-0000-0000-000000000000/resourceGroups/cli_test_cosmosdb_sql_stored_procedure000001/providers/Microsoft.DocumentDB/databaseAccounts/cli000005/sqlDatabases/cli000002/containers/cli000003/storedProcedures/cli000004/operationResults/676628c8-67e1-4f2c-a1b8-0de4259fa8df?api-version=2022-08-15
      pragma:
      - no-cache
      server:
      - Microsoft-HTTPAPI/2.0
      strict-transport-security:
      - max-age=31536000; includeSubDomains
      x-content-type-options:
      - nosniff
      x-ms-gatewayversion:
      - version=2.14.0
      x-ms-ratelimit-remaining-subscription-writes:
      - '1199'
    status:
      code: 202
      message: Accepted
- request:
    body: null
    headers:
      Accept:
      - '*/*'
      Accept-Encoding:
      - gzip, deflate
      CommandName:
      - cosmosdb sql stored-procedure update
      Connection:
      - keep-alive
      ParameterSetName:
      - -g -a -d -c -n -b
      User-Agent:
      - AZURECLI/2.40.0 (PIP) azsdk-python-mgmt-cosmosdb/8.0.0 Python/3.10.4 (Windows-10-10.0.22621-SP0)
    method: GET
    uri: https://management.azure.com/subscriptions/00000000-0000-0000-0000-000000000000/providers/Microsoft.DocumentDB/locations/westus/operationsStatus/676628c8-67e1-4f2c-a1b8-0de4259fa8df?api-version=2022-08-15
  response:
    body:
      string: '{"status":"Succeeded"}'
    headers:
      cache-control:
      - no-store, no-cache
      content-length:
      - '22'
      content-type:
      - application/json
      date:
      - Tue, 27 Sep 2022 14:57:50 GMT
      pragma:
      - no-cache
      server:
      - Microsoft-HTTPAPI/2.0
      strict-transport-security:
      - max-age=31536000; includeSubDomains
      transfer-encoding:
      - chunked
      vary:
      - Accept-Encoding
      x-content-type-options:
      - nosniff
      x-ms-gatewayversion:
      - version=2.14.0
    status:
      code: 200
      message: Ok
- request:
    body: null
    headers:
      Accept:
      - '*/*'
      Accept-Encoding:
      - gzip, deflate
      CommandName:
      - cosmosdb sql stored-procedure update
      Connection:
      - keep-alive
      ParameterSetName:
      - -g -a -d -c -n -b
      User-Agent:
      - AZURECLI/2.40.0 (PIP) azsdk-python-mgmt-cosmosdb/8.0.0 Python/3.10.4 (Windows-10-10.0.22621-SP0)
    method: GET
    uri: https://management.azure.com/subscriptions/00000000-0000-0000-0000-000000000000/resourceGroups/cli_test_cosmosdb_sql_stored_procedure000001/providers/Microsoft.DocumentDB/databaseAccounts/cli000005/sqlDatabases/cli000002/containers/cli000003/storedProcedures/cli000004?api-version=2022-08-15
  response:
    body:
      string: '{"id":"/subscriptions/00000000-0000-0000-0000-000000000000/resourceGroups/cli_test_cosmosdb_sql_stored_procedure000001/providers/Microsoft.DocumentDB/databaseAccounts/cli000005/sqlDatabases/cli000002/containers/cli000003/storedProcedures/cli000004","type":"Microsoft.DocumentDB/databaseAccounts/sqlDatabases/containers/storedProcedures","name":"cli000004","properties":{"resource":{"id":"cli000004","body":"sampleBody2","_rid":"3qpbANYm2ioBAAAAAAAAgA==","_self":"dbs/3qpbAA==/colls/3qpbANYm2io=/sprocs/3qpbANYm2ioBAAAAAAAAgA==/","_etag":"\"00005220-0000-0700-0000-63330f560000\"","_ts":1664290646}}}'
    headers:
      cache-control:
      - no-store, no-cache
      content-length:
      - '599'
      content-type:
      - application/json
      date:
      - Tue, 27 Sep 2022 14:57:51 GMT
      pragma:
      - no-cache
      server:
      - Microsoft-HTTPAPI/2.0
      strict-transport-security:
      - max-age=31536000; includeSubDomains
      transfer-encoding:
      - chunked
      vary:
      - Accept-Encoding
      x-content-type-options:
      - nosniff
      x-ms-gatewayversion:
      - version=2.14.0
    status:
      code: 200
      message: Ok
- request:
    body: null
    headers:
      Accept:
      - application/json
      Accept-Encoding:
      - gzip, deflate
      CommandName:
      - cosmosdb sql stored-procedure show
      Connection:
      - keep-alive
      ParameterSetName:
      - -g -a -d -c -n
      User-Agent:
      - AZURECLI/2.40.0 (PIP) azsdk-python-mgmt-cosmosdb/8.0.0 Python/3.10.4 (Windows-10-10.0.22621-SP0)
    method: GET
    uri: https://management.azure.com/subscriptions/00000000-0000-0000-0000-000000000000/resourceGroups/cli_test_cosmosdb_sql_stored_procedure000001/providers/Microsoft.DocumentDB/databaseAccounts/cli000005/sqlDatabases/cli000002/containers/cli000003/storedProcedures/cli000004?api-version=2022-08-15
  response:
    body:
      string: '{"id":"/subscriptions/00000000-0000-0000-0000-000000000000/resourceGroups/cli_test_cosmosdb_sql_stored_procedure000001/providers/Microsoft.DocumentDB/databaseAccounts/cli000005/sqlDatabases/cli000002/containers/cli000003/storedProcedures/cli000004","type":"Microsoft.DocumentDB/databaseAccounts/sqlDatabases/containers/storedProcedures","name":"cli000004","properties":{"resource":{"id":"cli000004","body":"sampleBody2","_rid":"3qpbANYm2ioBAAAAAAAAgA==","_self":"dbs/3qpbAA==/colls/3qpbANYm2io=/sprocs/3qpbANYm2ioBAAAAAAAAgA==/","_etag":"\"00005220-0000-0700-0000-63330f560000\"","_ts":1664290646}}}'
    headers:
      cache-control:
      - no-store, no-cache
      content-length:
      - '599'
      content-type:
      - application/json
      date:
      - Tue, 27 Sep 2022 14:57:52 GMT
      pragma:
      - no-cache
      server:
      - Microsoft-HTTPAPI/2.0
      strict-transport-security:
      - max-age=31536000; includeSubDomains
      transfer-encoding:
      - chunked
      vary:
      - Accept-Encoding
      x-content-type-options:
      - nosniff
      x-ms-gatewayversion:
      - version=2.14.0
    status:
      code: 200
      message: Ok
- request:
    body: null
    headers:
      Accept:
      - application/json
      Accept-Encoding:
      - gzip, deflate
      CommandName:
      - cosmosdb sql stored-procedure list
      Connection:
      - keep-alive
      ParameterSetName:
      - -g -a -d -c
      User-Agent:
      - AZURECLI/2.40.0 (PIP) azsdk-python-mgmt-cosmosdb/8.0.0 Python/3.10.4 (Windows-10-10.0.22621-SP0)
    method: GET
    uri: https://management.azure.com/subscriptions/00000000-0000-0000-0000-000000000000/resourceGroups/cli_test_cosmosdb_sql_stored_procedure000001/providers/Microsoft.DocumentDB/databaseAccounts/cli000005/sqlDatabases/cli000002/containers/cli000003/storedProcedures?api-version=2022-08-15
  response:
    body:
      string: '{"value":[{"id":"/subscriptions/00000000-0000-0000-0000-000000000000/resourceGroups/cli_test_cosmosdb_sql_stored_procedure000001/providers/Microsoft.DocumentDB/databaseAccounts/cli000005/sqlDatabases/cli000002/containers/cli000003/storedProcedures/cli000004","type":"Microsoft.DocumentDB/databaseAccounts/sqlDatabases/containers/storedProcedures","name":"cli000004","properties":{"resource":{"id":"cli000004","body":"sampleBody2","_rid":"3qpbANYm2ioBAAAAAAAAgA==","_self":"dbs/3qpbAA==/colls/3qpbANYm2io=/sprocs/3qpbANYm2ioBAAAAAAAAgA==/","_etag":"\"00005220-0000-0700-0000-63330f560000\"","_ts":1664290646}}}]}'
    headers:
      cache-control:
      - no-store, no-cache
      content-length:
      - '611'
      content-type:
      - application/json
      date:
      - Tue, 27 Sep 2022 14:57:53 GMT
      pragma:
      - no-cache
      server:
      - Microsoft-HTTPAPI/2.0
      strict-transport-security:
      - max-age=31536000; includeSubDomains
      transfer-encoding:
      - chunked
      vary:
      - Accept-Encoding
      x-content-type-options:
      - nosniff
      x-ms-gatewayversion:
      - version=2.14.0
    status:
      code: 200
      message: Ok
- request:
    body: null
    headers:
      Accept:
      - '*/*'
      Accept-Encoding:
      - gzip, deflate
      CommandName:
      - cosmosdb sql stored-procedure delete
      Connection:
      - keep-alive
      Content-Length:
      - '0'
      ParameterSetName:
      - -g -a -d -c -n --yes
      User-Agent:
      - AZURECLI/2.40.0 (PIP) azsdk-python-mgmt-cosmosdb/8.0.0 Python/3.10.4 (Windows-10-10.0.22621-SP0)
    method: DELETE
    uri: https://management.azure.com/subscriptions/00000000-0000-0000-0000-000000000000/resourceGroups/cli_test_cosmosdb_sql_stored_procedure000001/providers/Microsoft.DocumentDB/databaseAccounts/cli000005/sqlDatabases/cli000002/containers/cli000003/storedProcedures/cli000004?api-version=2022-08-15
  response:
    body:
      string: '{"status":"Enqueued"}'
    headers:
      azure-asyncoperation:
      - https://management.azure.com/subscriptions/00000000-0000-0000-0000-000000000000/providers/Microsoft.DocumentDB/locations/westus/operationsStatus/57dbcba5-3e26-49d3-b374-c4a497943b93?api-version=2022-08-15
      cache-control:
      - no-store, no-cache
      content-length:
      - '21'
      content-type:
      - application/json
      date:
      - Tue, 27 Sep 2022 14:57:54 GMT
      location:
      - https://management.azure.com/subscriptions/00000000-0000-0000-0000-000000000000/resourceGroups/cli_test_cosmosdb_sql_stored_procedure000001/providers/Microsoft.DocumentDB/databaseAccounts/cli000005/sqlDatabases/cli000002/containers/cli000003/storedProcedures/cli000004/operationResults/57dbcba5-3e26-49d3-b374-c4a497943b93?api-version=2022-08-15
      pragma:
      - no-cache
      server:
      - Microsoft-HTTPAPI/2.0
      strict-transport-security:
      - max-age=31536000; includeSubDomains
      x-content-type-options:
      - nosniff
      x-ms-gatewayversion:
      - version=2.14.0
      x-ms-ratelimit-remaining-subscription-deletes:
      - '14999'
    status:
      code: 202
      message: Accepted
- request:
    body: null
    headers:
      Accept:
      - '*/*'
      Accept-Encoding:
      - gzip, deflate
      CommandName:
      - cosmosdb sql stored-procedure delete
      Connection:
      - keep-alive
      ParameterSetName:
      - -g -a -d -c -n --yes
      User-Agent:
      - AZURECLI/2.40.0 (PIP) azsdk-python-mgmt-cosmosdb/8.0.0 Python/3.10.4 (Windows-10-10.0.22621-SP0)
    method: GET
    uri: https://management.azure.com/subscriptions/00000000-0000-0000-0000-000000000000/providers/Microsoft.DocumentDB/locations/westus/operationsStatus/57dbcba5-3e26-49d3-b374-c4a497943b93?api-version=2022-08-15
  response:
    body:
      string: '{"status":"Succeeded"}'
    headers:
      cache-control:
      - no-store, no-cache
      content-length:
      - '22'
      content-type:
      - application/json
      date:
      - Tue, 27 Sep 2022 14:58:24 GMT
      pragma:
      - no-cache
      server:
      - Microsoft-HTTPAPI/2.0
      strict-transport-security:
      - max-age=31536000; includeSubDomains
      transfer-encoding:
      - chunked
      vary:
      - Accept-Encoding
      x-content-type-options:
      - nosniff
      x-ms-gatewayversion:
      - version=2.14.0
    status:
      code: 200
      message: Ok
- request:
    body: null
    headers:
      Accept:
      - application/json
      Accept-Encoding:
      - gzip, deflate
      CommandName:
      - cosmosdb sql stored-procedure list
      Connection:
      - keep-alive
      ParameterSetName:
      - -g -a -d -c
      User-Agent:
      - AZURECLI/2.40.0 (PIP) azsdk-python-mgmt-cosmosdb/8.0.0 Python/3.10.4 (Windows-10-10.0.22621-SP0)
    method: GET
    uri: https://management.azure.com/subscriptions/00000000-0000-0000-0000-000000000000/resourceGroups/cli_test_cosmosdb_sql_stored_procedure000001/providers/Microsoft.DocumentDB/databaseAccounts/cli000005/sqlDatabases/cli000002/containers/cli000003/storedProcedures?api-version=2022-08-15
  response:
    body:
      string: '{"value":[]}'
    headers:
      cache-control:
      - no-store, no-cache
      content-length:
      - '12'
      content-type:
      - application/json
      date:
      - Tue, 27 Sep 2022 14:58:25 GMT
      pragma:
      - no-cache
      server:
      - Microsoft-HTTPAPI/2.0
      strict-transport-security:
      - max-age=31536000; includeSubDomains
      transfer-encoding:
      - chunked
      vary:
      - Accept-Encoding
      x-content-type-options:
      - nosniff
      x-ms-gatewayversion:
      - version=2.14.0
    status:
      code: 200
      message: Ok
version: 1
