interactions:
- request:
    body: null
    headers:
      Accept:
      - application/json
      Accept-Encoding:
      - gzip, deflate
      CommandName:
      - cosmosdb create
      Connection:
      - keep-alive
      ParameterSetName:
      - -n -g --capabilities
      User-Agent:
      - python/3.8.7 (Windows-10-10.0.19041-SP0) msrest/0.6.18 msrest_azure/0.6.3
        azure-mgmt-resource/12.0.0 Azure-SDK-For-Python AZURECLI/2.19.1
      accept-language:
      - en-US
    method: GET
    uri: https://management.azure.com/subscriptions/00000000-0000-0000-0000-000000000000/resourcegroups/cli_test_cosmosdb_cassandra_keyspace000001?api-version=2020-10-01
  response:
    body:
      string: '{"id":"/subscriptions/00000000-0000-0000-0000-000000000000/resourceGroups/cli_test_cosmosdb_cassandra_keyspace000001","name":"cli_test_cosmosdb_cassandra_keyspace000001","type":"Microsoft.Resources/resourceGroups","location":"westus","tags":{"product":"azurecli","cause":"automation","date":"2021-02-20T02:58:42Z"},"properties":{"provisioningState":"Succeeded"}}'
    headers:
      cache-control:
      - no-cache
      content-length:
      - '428'
      content-type:
      - application/json; charset=utf-8
      date:
      - Sat, 20 Feb 2021 02:56:57 GMT
      expires:
      - '-1'
      pragma:
      - no-cache
      strict-transport-security:
      - max-age=31536000; includeSubDomains
      vary:
      - Accept-Encoding
      x-content-type-options:
      - nosniff
    status:
      code: 200
      message: OK
- request:
    body: '{"location": "westus", "kind": "GlobalDocumentDB", "properties": {"locations":
      [{"locationName": "westus", "failoverPriority": 0, "isZoneRedundant": false}],
      "databaseAccountOfferType": "Standard", "capabilities": [{"name": "EnableCassandra"}],
      "apiProperties": {}}}'
    headers:
      Accept:
      - application/json
      Accept-Encoding:
      - gzip, deflate
      CommandName:
      - cosmosdb create
      Connection:
      - keep-alive
      Content-Length:
      - '266'
      Content-Type:
      - application/json; charset=utf-8
      ParameterSetName:
      - -n -g --capabilities
      User-Agent:
      - python/3.8.7 (Windows-10-10.0.19041-SP0) msrest/0.6.18 msrest_azure/0.6.3
        azure-mgmt-cosmosdb/3.0.0 Azure-SDK-For-Python AZURECLI/2.19.1
      accept-language:
      - en-US
    method: PUT
    uri: https://management.azure.com/subscriptions/00000000-0000-0000-0000-000000000000/resourceGroups/cli_test_cosmosdb_cassandra_keyspace000001/providers/Microsoft.DocumentDB/databaseAccounts/cli000003?api-version=2021-01-15
  response:
    body:
      string: '{"id":"/subscriptions/00000000-0000-0000-0000-000000000000/resourceGroups/cli_test_cosmosdb_cassandra_keyspace000001/providers/Microsoft.DocumentDB/databaseAccounts/cli000003","name":"cli000003","location":"West
        US","type":"Microsoft.DocumentDB/databaseAccounts","kind":"GlobalDocumentDB","tags":{},"systemData":{"createdAt":"2021-02-20T02:57:03.4915411Z"},"properties":{"provisioningState":"Creating","publicNetworkAccess":"Enabled","enableAutomaticFailover":false,"enableMultipleWriteLocations":false,"enablePartitionKeyMonitor":false,"isVirtualNetworkFilterEnabled":false,"virtualNetworkRules":[],"EnabledApiTypes":"Cassandra","disableKeyBasedMetadataWriteAccess":false,"enableFreeTier":false,"enableAnalyticalStorage":false,"instanceId":"d3a2912d-3c8c-485d-a70d-2ab8155f0174","createMode":"Default","databaseAccountOfferType":"Standard","enableCassandraConnector":false,"connectorOffer":"","networkAclBypass":0,"consistencyPolicy":{"defaultConsistencyLevel":"Session","maxIntervalInSeconds":5,"maxStalenessPrefix":100},"configurationOverrides":{},"writeLocations":[{"id":"cli000003-westus","locationName":"West
        US","provisioningState":"Creating","failoverPriority":0,"isZoneRedundant":false}],"readLocations":[{"id":"cli000003-westus","locationName":"West
        US","provisioningState":"Creating","failoverPriority":0,"isZoneRedundant":false}],"locations":[{"id":"cli000003-westus","locationName":"West
        US","provisioningState":"Creating","failoverPriority":0,"isZoneRedundant":false}],"failoverPolicies":[{"id":"cli000003-westus","locationName":"West
        US","failoverPriority":0}],"cors":[],"capabilities":[{"name":"EnableCassandra"}],"ipRules":[],"backupPolicy":{"type":"Periodic","periodicModeProperties":{"backupIntervalInMinutes":240,"backupRetentionIntervalInHours":8,"backupStorageRedundancy":1}},"networkAclBypassResourceIds":[]},"identity":{"type":"None"}}'
    headers:
      azure-asyncoperation:
      - https://management.azure.com/subscriptions/00000000-0000-0000-0000-000000000000/providers/Microsoft.DocumentDB/locations/westus/operationsStatus/1727a1b1-41b5-4b60-957e-af8a8fe69c5d?api-version=2021-01-15
      cache-control:
      - no-store, no-cache
      content-length:
      - '1928'
      content-type:
      - application/json
      date:
      - Sat, 20 Feb 2021 02:57:04 GMT
      location:
      - https://management.azure.com/subscriptions/00000000-0000-0000-0000-000000000000/resourceGroups/cli_test_cosmosdb_cassandra_keyspace000001/providers/Microsoft.DocumentDB/databaseAccounts/cli000003/operationResults/1727a1b1-41b5-4b60-957e-af8a8fe69c5d?api-version=2021-01-15
      pragma:
      - no-cache
      server:
      - Microsoft-HTTPAPI/2.0
      strict-transport-security:
      - max-age=31536000; includeSubDomains
      transfer-encoding:
      - chunked
      vary:
      - Accept-Encoding
      x-content-type-options:
      - nosniff
      x-ms-gatewayversion:
      - version=2.11.0
      x-ms-ratelimit-remaining-subscription-writes:
      - '1199'
    status:
      code: 200
      message: Ok
- request:
    body: null
    headers:
      Accept:
      - application/json
      Accept-Encoding:
      - gzip, deflate
      CommandName:
      - cosmosdb create
      Connection:
      - keep-alive
      ParameterSetName:
      - -n -g --capabilities
      User-Agent:
      - python/3.8.7 (Windows-10-10.0.19041-SP0) msrest/0.6.18 msrest_azure/0.6.3
        azure-mgmt-cosmosdb/3.0.0 Azure-SDK-For-Python AZURECLI/2.19.1
    method: GET
    uri: https://management.azure.com/subscriptions/00000000-0000-0000-0000-000000000000/providers/Microsoft.DocumentDB/locations/westus/operationsStatus/1727a1b1-41b5-4b60-957e-af8a8fe69c5d?api-version=2021-01-15
  response:
    body:
      string: '{"status":"Dequeued"}'
    headers:
      cache-control:
      - no-store, no-cache
      content-length:
      - '21'
      content-type:
      - application/json
      date:
      - Sat, 20 Feb 2021 02:57:35 GMT
      pragma:
      - no-cache
      server:
      - Microsoft-HTTPAPI/2.0
      strict-transport-security:
      - max-age=31536000; includeSubDomains
      transfer-encoding:
      - chunked
      vary:
      - Accept-Encoding
      x-content-type-options:
      - nosniff
      x-ms-gatewayversion:
      - version=2.11.0
    status:
      code: 200
      message: Ok
- request:
    body: null
    headers:
      Accept:
      - application/json
      Accept-Encoding:
      - gzip, deflate
      CommandName:
      - cosmosdb create
      Connection:
      - keep-alive
      ParameterSetName:
      - -n -g --capabilities
      User-Agent:
      - python/3.8.7 (Windows-10-10.0.19041-SP0) msrest/0.6.18 msrest_azure/0.6.3
        azure-mgmt-cosmosdb/3.0.0 Azure-SDK-For-Python AZURECLI/2.19.1
    method: GET
    uri: https://management.azure.com/subscriptions/00000000-0000-0000-0000-000000000000/providers/Microsoft.DocumentDB/locations/westus/operationsStatus/1727a1b1-41b5-4b60-957e-af8a8fe69c5d?api-version=2021-01-15
  response:
    body:
      string: '{"status":"Dequeued"}'
    headers:
      cache-control:
      - no-store, no-cache
      content-length:
      - '21'
      content-type:
      - application/json
      date:
      - Sat, 20 Feb 2021 02:58:05 GMT
      pragma:
      - no-cache
      server:
      - Microsoft-HTTPAPI/2.0
      strict-transport-security:
      - max-age=31536000; includeSubDomains
      transfer-encoding:
      - chunked
      vary:
      - Accept-Encoding
      x-content-type-options:
      - nosniff
      x-ms-gatewayversion:
      - version=2.11.0
    status:
      code: 200
      message: Ok
- request:
    body: null
    headers:
      Accept:
      - application/json
      Accept-Encoding:
      - gzip, deflate
      CommandName:
      - cosmosdb create
      Connection:
      - keep-alive
      ParameterSetName:
      - -n -g --capabilities
      User-Agent:
      - python/3.8.7 (Windows-10-10.0.19041-SP0) msrest/0.6.18 msrest_azure/0.6.3
        azure-mgmt-cosmosdb/3.0.0 Azure-SDK-For-Python AZURECLI/2.19.1
    method: GET
    uri: https://management.azure.com/subscriptions/00000000-0000-0000-0000-000000000000/providers/Microsoft.DocumentDB/locations/westus/operationsStatus/1727a1b1-41b5-4b60-957e-af8a8fe69c5d?api-version=2021-01-15
  response:
    body:
      string: '{"status":"Succeeded"}'
    headers:
      cache-control:
      - no-store, no-cache
      content-length:
      - '22'
      content-type:
      - application/json
      date:
      - Sat, 20 Feb 2021 02:58:35 GMT
      pragma:
      - no-cache
      server:
      - Microsoft-HTTPAPI/2.0
      strict-transport-security:
      - max-age=31536000; includeSubDomains
      transfer-encoding:
      - chunked
      vary:
      - Accept-Encoding
      x-content-type-options:
      - nosniff
      x-ms-gatewayversion:
      - version=2.11.0
    status:
      code: 200
      message: Ok
- request:
    body: null
    headers:
      Accept:
      - application/json
      Accept-Encoding:
      - gzip, deflate
      CommandName:
      - cosmosdb create
      Connection:
      - keep-alive
      ParameterSetName:
      - -n -g --capabilities
      User-Agent:
      - python/3.8.7 (Windows-10-10.0.19041-SP0) msrest/0.6.18 msrest_azure/0.6.3
        azure-mgmt-cosmosdb/3.0.0 Azure-SDK-For-Python AZURECLI/2.19.1
    method: GET
    uri: https://management.azure.com/subscriptions/00000000-0000-0000-0000-000000000000/resourceGroups/cli_test_cosmosdb_cassandra_keyspace000001/providers/Microsoft.DocumentDB/databaseAccounts/cli000003?api-version=2021-01-15
  response:
    body:
      string: '{"id":"/subscriptions/00000000-0000-0000-0000-000000000000/resourceGroups/cli_test_cosmosdb_cassandra_keyspace000001/providers/Microsoft.DocumentDB/databaseAccounts/cli000003","name":"cli000003","location":"West
        US","type":"Microsoft.DocumentDB/databaseAccounts","kind":"GlobalDocumentDB","tags":{},"systemData":{"createdAt":"2021-02-20T02:57:54.1689628Z"},"properties":{"provisioningState":"Succeeded","documentEndpoint":"https://cli000003.documents.azure.com:443/","cassandraEndpoint":"https://cli000003.cassandra.cosmos.azure.com:443/","publicNetworkAccess":"Enabled","enableAutomaticFailover":false,"enableMultipleWriteLocations":false,"enablePartitionKeyMonitor":false,"isVirtualNetworkFilterEnabled":false,"virtualNetworkRules":[],"EnabledApiTypes":"Cassandra","disableKeyBasedMetadataWriteAccess":false,"enableFreeTier":false,"enableAnalyticalStorage":false,"instanceId":"d3a2912d-3c8c-485d-a70d-2ab8155f0174","createMode":"Default","databaseAccountOfferType":"Standard","enableCassandraConnector":false,"connectorOffer":"","networkAclBypass":0,"consistencyPolicy":{"defaultConsistencyLevel":"Session","maxIntervalInSeconds":5,"maxStalenessPrefix":100},"configurationOverrides":{},"writeLocations":[{"id":"cli000003-westus","locationName":"West
        US","documentEndpoint":"https://cli000003-westus.documents.azure.com:443/","provisioningState":"Succeeded","failoverPriority":0,"isZoneRedundant":false}],"readLocations":[{"id":"cli000003-westus","locationName":"West
        US","documentEndpoint":"https://cli000003-westus.documents.azure.com:443/","provisioningState":"Succeeded","failoverPriority":0,"isZoneRedundant":false}],"locations":[{"id":"cli000003-westus","locationName":"West
        US","documentEndpoint":"https://cli000003-westus.documents.azure.com:443/","provisioningState":"Succeeded","failoverPriority":0,"isZoneRedundant":false}],"failoverPolicies":[{"id":"cli000003-westus","locationName":"West
        US","failoverPriority":0}],"cors":[],"capabilities":[{"name":"EnableCassandra"}],"ipRules":[],"backupPolicy":{"type":"Periodic","periodicModeProperties":{"backupIntervalInMinutes":240,"backupRetentionIntervalInHours":8,"backupStorageRedundancy":1}},"networkAclBypassResourceIds":[]},"identity":{"type":"None"}}'
    headers:
      cache-control:
      - no-store, no-cache
      content-length:
      - '2311'
      content-type:
      - application/json
      date:
      - Sat, 20 Feb 2021 02:58:35 GMT
      pragma:
      - no-cache
      server:
      - Microsoft-HTTPAPI/2.0
      strict-transport-security:
      - max-age=31536000; includeSubDomains
      transfer-encoding:
      - chunked
      vary:
      - Accept-Encoding
      x-content-type-options:
      - nosniff
      x-ms-gatewayversion:
      - version=2.11.0
    status:
      code: 200
      message: Ok
- request:
    body: null
    headers:
      Accept:
      - application/json
      Accept-Encoding:
      - gzip, deflate
      CommandName:
      - cosmosdb create
      Connection:
      - keep-alive
      ParameterSetName:
      - -n -g --capabilities
      User-Agent:
      - python/3.8.7 (Windows-10-10.0.19041-SP0) msrest/0.6.18 msrest_azure/0.6.3
        azure-mgmt-cosmosdb/3.0.0 Azure-SDK-For-Python AZURECLI/2.19.1
      accept-language:
      - en-US
    method: GET
    uri: https://management.azure.com/subscriptions/00000000-0000-0000-0000-000000000000/resourceGroups/cli_test_cosmosdb_cassandra_keyspace000001/providers/Microsoft.DocumentDB/databaseAccounts/cli000003?api-version=2021-01-15
  response:
    body:
      string: '{"id":"/subscriptions/00000000-0000-0000-0000-000000000000/resourceGroups/cli_test_cosmosdb_cassandra_keyspace000001/providers/Microsoft.DocumentDB/databaseAccounts/cli000003","name":"cli000003","location":"West
        US","type":"Microsoft.DocumentDB/databaseAccounts","kind":"GlobalDocumentDB","tags":{},"systemData":{"createdAt":"2021-02-20T02:57:54.1689628Z"},"properties":{"provisioningState":"Succeeded","documentEndpoint":"https://cli000003.documents.azure.com:443/","cassandraEndpoint":"https://cli000003.cassandra.cosmos.azure.com:443/","publicNetworkAccess":"Enabled","enableAutomaticFailover":false,"enableMultipleWriteLocations":false,"enablePartitionKeyMonitor":false,"isVirtualNetworkFilterEnabled":false,"virtualNetworkRules":[],"EnabledApiTypes":"Cassandra","disableKeyBasedMetadataWriteAccess":false,"enableFreeTier":false,"enableAnalyticalStorage":false,"instanceId":"d3a2912d-3c8c-485d-a70d-2ab8155f0174","createMode":"Default","databaseAccountOfferType":"Standard","enableCassandraConnector":false,"connectorOffer":"","networkAclBypass":0,"consistencyPolicy":{"defaultConsistencyLevel":"Session","maxIntervalInSeconds":5,"maxStalenessPrefix":100},"configurationOverrides":{},"writeLocations":[{"id":"cli000003-westus","locationName":"West
        US","documentEndpoint":"https://cli000003-westus.documents.azure.com:443/","provisioningState":"Succeeded","failoverPriority":0,"isZoneRedundant":false}],"readLocations":[{"id":"cli000003-westus","locationName":"West
        US","documentEndpoint":"https://cli000003-westus.documents.azure.com:443/","provisioningState":"Succeeded","failoverPriority":0,"isZoneRedundant":false}],"locations":[{"id":"cli000003-westus","locationName":"West
        US","documentEndpoint":"https://cli000003-westus.documents.azure.com:443/","provisioningState":"Succeeded","failoverPriority":0,"isZoneRedundant":false}],"failoverPolicies":[{"id":"cli000003-westus","locationName":"West
        US","failoverPriority":0}],"cors":[],"capabilities":[{"name":"EnableCassandra"}],"ipRules":[],"backupPolicy":{"type":"Periodic","periodicModeProperties":{"backupIntervalInMinutes":240,"backupRetentionIntervalInHours":8,"backupStorageRedundancy":1}},"networkAclBypassResourceIds":[]},"identity":{"type":"None"}}'
    headers:
      cache-control:
      - no-store, no-cache
      content-length:
      - '2311'
      content-type:
      - application/json
      date:
      - Sat, 20 Feb 2021 02:58:36 GMT
      pragma:
      - no-cache
      server:
      - Microsoft-HTTPAPI/2.0
      strict-transport-security:
      - max-age=31536000; includeSubDomains
      transfer-encoding:
      - chunked
      vary:
      - Accept-Encoding
      x-content-type-options:
      - nosniff
      x-ms-gatewayversion:
      - version=2.11.0
    status:
      code: 200
      message: Ok
- request:
    body: null
    headers:
      Accept:
      - application/json
      Accept-Encoding:
      - gzip, deflate
      CommandName:
      - cosmosdb cassandra keyspace exists
      Connection:
      - keep-alive
      ParameterSetName:
      - -g -a -n
      User-Agent:
      - python/3.8.7 (Windows-10-10.0.19041-SP0) msrest/0.6.18 msrest_azure/0.6.3
        azure-mgmt-cosmosdb/3.0.0 Azure-SDK-For-Python AZURECLI/2.19.1
      accept-language:
      - en-US
    method: GET
    uri: https://management.azure.com/subscriptions/00000000-0000-0000-0000-000000000000/resourceGroups/cli_test_cosmosdb_cassandra_keyspace000001/providers/Microsoft.DocumentDB/databaseAccounts/cli000003/cassandraKeyspaces/cli000002?api-version=2021-01-15
  response:
    body:
      string: '{"code":"NotFound","message":"Message: {\"code\":\"NotFound\",\"message\":\"Message:
        {\\\"Errors\\\":[\\\"Resource Not Found. Learn more: https:\\\\/\\\\/aka.ms\\\\/cosmosdb-tsg-not-found\\\"]}\\r\\nActivityId:
        c93bb387-7327-11eb-bf5e-1c1adfb60c2d, Request URI: /apps/d27ef9bf-18ce-4431-b8de-709648aab568/services/94ad24d4-36b8-4579-9a53-8c9df973230d/partitions/2b312f23-7cb1-45d6-8792-87c6e7a44951/replicas/132582633084200602s,
        RequestStats: \\r\\nRequestStartTime: 2021-02-20T02:58:38.0437950Z, RequestEndTime:
        2021-02-20T02:58:38.0537966Z,  Number of regions attempted:1\\r\\nResponseTime:
        2021-02-20T02:58:38.0537966Z, StoreResult: StorePhysicalAddress: rntbd://10.0.0.23:11300/apps/d27ef9bf-18ce-4431-b8de-709648aab568/services/94ad24d4-36b8-4579-9a53-8c9df973230d/partitions/2b312f23-7cb1-45d6-8792-87c6e7a44951/replicas/132582633084200602s,
        LSN: 5, GlobalCommittedLsn: 5, PartitionKeyRangeId: , IsValid: True, StatusCode:
        404, SubStatusCode: 0, RequestCharge: 1, ItemLSN: -1, SessionToken: -1#5,
        UsingLocalLSN: False, TransportException: null, ResourceType: Database, OperationType:
        Read\\r\\nResponseTime: 2021-02-20T02:58:38.0537966Z, StoreResult: StorePhysicalAddress:
        rntbd://10.0.0.25:11300/apps/d27ef9bf-18ce-4431-b8de-709648aab568/services/94ad24d4-36b8-4579-9a53-8c9df973230d/partitions/2b312f23-7cb1-45d6-8792-87c6e7a44951/replicas/132582633084200603s,
        LSN: 5, GlobalCommittedLsn: 5, PartitionKeyRangeId: , IsValid: True, StatusCode:
        404, SubStatusCode: 0, RequestCharge: 1, ItemLSN: -1, SessionToken: -1#5,
        UsingLocalLSN: False, TransportException: null, ResourceType: Database, OperationType:
        Read\\r\\n, SDK: Microsoft.Azure.Documents.Common/2.11.0\"}, Request URI:
        /dbs/cli000002, RequestStats: , SDK: Microsoft.Azure.Documents.Common/2.11.0"}'
    headers:
      cache-control:
      - no-store, no-cache
      content-length:
      - '1769'
      content-type:
      - application/json
      date:
      - Sat, 20 Feb 2021 02:58:38 GMT
      pragma:
      - no-cache
      server:
      - Microsoft-HTTPAPI/2.0
      strict-transport-security:
      - max-age=31536000; includeSubDomains
      x-content-type-options:
      - nosniff
      x-ms-gatewayversion:
      - version=2.11.0
    status:
      code: 404
      message: NotFound
- request:
    body: '{"properties": {"resource": {"id": "cli000002"}, "options": {}}}'
    headers:
      Accept:
      - application/json
      Accept-Encoding:
      - gzip, deflate
      CommandName:
      - cosmosdb cassandra keyspace create
      Connection:
      - keep-alive
      Content-Length:
      - '70'
      Content-Type:
      - application/json; charset=utf-8
      ParameterSetName:
      - -g -a -n
      User-Agent:
      - python/3.8.7 (Windows-10-10.0.19041-SP0) msrest/0.6.18 msrest_azure/0.6.3
        azure-mgmt-cosmosdb/3.0.0 Azure-SDK-For-Python AZURECLI/2.19.1
      accept-language:
      - en-US
    method: PUT
    uri: https://management.azure.com/subscriptions/00000000-0000-0000-0000-000000000000/resourceGroups/cli_test_cosmosdb_cassandra_keyspace000001/providers/Microsoft.DocumentDB/databaseAccounts/cli000003/cassandraKeyspaces/cli000002?api-version=2021-01-15
  response:
    body:
      string: '{"status":"Enqueued"}'
    headers:
      azure-asyncoperation:
      - https://management.azure.com/subscriptions/00000000-0000-0000-0000-000000000000/providers/Microsoft.DocumentDB/locations/westus/operationsStatus/49bd12e2-03ce-464c-be18-a433b1bd04a1?api-version=2021-01-15
      cache-control:
      - no-store, no-cache
      content-length:
      - '21'
      content-type:
      - application/json
      date:
      - Sat, 20 Feb 2021 02:58:39 GMT
      location:
      - https://management.azure.com/subscriptions/00000000-0000-0000-0000-000000000000/resourceGroups/cli_test_cosmosdb_cassandra_keyspace000001/providers/Microsoft.DocumentDB/databaseAccounts/cli000003/cassandraKeyspaces/cli000002/operationResults/49bd12e2-03ce-464c-be18-a433b1bd04a1?api-version=2021-01-15
      pragma:
      - no-cache
      server:
      - Microsoft-HTTPAPI/2.0
      strict-transport-security:
      - max-age=31536000; includeSubDomains
      x-content-type-options:
      - nosniff
      x-ms-gatewayversion:
      - version=2.11.0
      x-ms-ratelimit-remaining-subscription-writes:
      - '1199'
    status:
      code: 202
      message: Accepted
- request:
    body: null
    headers:
      Accept:
      - application/json
      Accept-Encoding:
      - gzip, deflate
      CommandName:
      - cosmosdb cassandra keyspace create
      Connection:
      - keep-alive
      ParameterSetName:
      - -g -a -n
      User-Agent:
      - python/3.8.7 (Windows-10-10.0.19041-SP0) msrest/0.6.18 msrest_azure/0.6.3
        azure-mgmt-cosmosdb/3.0.0 Azure-SDK-For-Python AZURECLI/2.19.1
    method: GET
    uri: https://management.azure.com/subscriptions/00000000-0000-0000-0000-000000000000/providers/Microsoft.DocumentDB/locations/westus/operationsStatus/49bd12e2-03ce-464c-be18-a433b1bd04a1?api-version=2021-01-15
  response:
    body:
      string: '{"status":"Succeeded"}'
    headers:
      cache-control:
      - no-store, no-cache
      content-length:
      - '22'
      content-type:
      - application/json
      date:
      - Sat, 20 Feb 2021 02:59:09 GMT
      pragma:
      - no-cache
      server:
      - Microsoft-HTTPAPI/2.0
      strict-transport-security:
      - max-age=31536000; includeSubDomains
      transfer-encoding:
      - chunked
      vary:
      - Accept-Encoding
      x-content-type-options:
      - nosniff
      x-ms-gatewayversion:
      - version=2.11.0
    status:
      code: 200
      message: Ok
- request:
    body: null
    headers:
      Accept:
      - application/json
      Accept-Encoding:
      - gzip, deflate
      CommandName:
      - cosmosdb cassandra keyspace create
      Connection:
      - keep-alive
      ParameterSetName:
      - -g -a -n
      User-Agent:
      - python/3.8.7 (Windows-10-10.0.19041-SP0) msrest/0.6.18 msrest_azure/0.6.3
        azure-mgmt-cosmosdb/3.0.0 Azure-SDK-For-Python AZURECLI/2.19.1
    method: GET
    uri: https://management.azure.com/subscriptions/00000000-0000-0000-0000-000000000000/resourceGroups/cli_test_cosmosdb_cassandra_keyspace000001/providers/Microsoft.DocumentDB/databaseAccounts/cli000003/cassandraKeyspaces/cli000002?api-version=2021-01-15
  response:
    body:
      string: '{"id":"/subscriptions/00000000-0000-0000-0000-000000000000/resourceGroups/cli_test_cosmosdb_cassandra_keyspace000001/providers/Microsoft.DocumentDB/databaseAccounts/cli000003/cassandraKeyspaces/cli000002","type":"Microsoft.DocumentDB/databaseAccounts/cassandraKeyspaces","name":"cli000002","properties":{"resource":{"id":"cli000002","_rid":"c91uAA==","_etag":"\"00005c03-0000-0700-0000-60307ae30000\"","_ts":1613789923}}}'
    headers:
      cache-control:
      - no-store, no-cache
      content-length:
      - '478'
      content-type:
      - application/json
      date:
      - Sat, 20 Feb 2021 02:59:10 GMT
      pragma:
      - no-cache
      server:
      - Microsoft-HTTPAPI/2.0
      strict-transport-security:
      - max-age=31536000; includeSubDomains
      transfer-encoding:
      - chunked
      vary:
      - Accept-Encoding
      x-content-type-options:
      - nosniff
      x-ms-gatewayversion:
      - version=2.11.0
    status:
      code: 200
      message: Ok
- request:
    body: null
    headers:
      Accept:
      - application/json
      Accept-Encoding:
      - gzip, deflate
      CommandName:
      - cosmosdb cassandra keyspace show
      Connection:
      - keep-alive
      ParameterSetName:
      - -g -a -n
      User-Agent:
      - python/3.8.7 (Windows-10-10.0.19041-SP0) msrest/0.6.18 msrest_azure/0.6.3
        azure-mgmt-cosmosdb/3.0.0 Azure-SDK-For-Python AZURECLI/2.19.1
      accept-language:
      - en-US
    method: GET
    uri: https://management.azure.com/subscriptions/00000000-0000-0000-0000-000000000000/resourceGroups/cli_test_cosmosdb_cassandra_keyspace000001/providers/Microsoft.DocumentDB/databaseAccounts/cli000003/cassandraKeyspaces/cli000002?api-version=2021-01-15
  response:
    body:
      string: '{"id":"/subscriptions/00000000-0000-0000-0000-000000000000/resourceGroups/cli_test_cosmosdb_cassandra_keyspace000001/providers/Microsoft.DocumentDB/databaseAccounts/cli000003/cassandraKeyspaces/cli000002","type":"Microsoft.DocumentDB/databaseAccounts/cassandraKeyspaces","name":"cli000002","properties":{"resource":{"id":"cli000002","_rid":"c91uAA==","_etag":"\"00005c03-0000-0700-0000-60307ae30000\"","_ts":1613789923}}}'
    headers:
      cache-control:
      - no-store, no-cache
      content-length:
      - '478'
      content-type:
      - application/json
      date:
      - Sat, 20 Feb 2021 02:59:12 GMT
      pragma:
      - no-cache
      server:
      - Microsoft-HTTPAPI/2.0
      strict-transport-security:
      - max-age=31536000; includeSubDomains
      transfer-encoding:
      - chunked
      vary:
      - Accept-Encoding
      x-content-type-options:
      - nosniff
      x-ms-gatewayversion:
      - version=2.11.0
    status:
      code: 200
      message: Ok
- request:
    body: null
    headers:
      Accept:
      - application/json
      Accept-Encoding:
      - gzip, deflate
      CommandName:
      - cosmosdb cassandra keyspace list
      Connection:
      - keep-alive
      ParameterSetName:
      - -g -a
      User-Agent:
      - python/3.8.7 (Windows-10-10.0.19041-SP0) msrest/0.6.18 msrest_azure/0.6.3
        azure-mgmt-cosmosdb/3.0.0 Azure-SDK-For-Python AZURECLI/2.19.1
      accept-language:
      - en-US
    method: GET
    uri: https://management.azure.com/subscriptions/00000000-0000-0000-0000-000000000000/resourceGroups/cli_test_cosmosdb_cassandra_keyspace000001/providers/Microsoft.DocumentDB/databaseAccounts/cli000003/cassandraKeyspaces?api-version=2021-01-15
  response:
    body:
      string: '{"value":[{"id":"/subscriptions/00000000-0000-0000-0000-000000000000/resourceGroups/cli_test_cosmosdb_cassandra_keyspace000001/providers/Microsoft.DocumentDB/databaseAccounts/cli000003/cassandraKeyspaces/cli000002","type":"Microsoft.DocumentDB/databaseAccounts/cassandraKeyspaces","name":"cli000002","properties":{"resource":{"id":"cli000002","_rid":"c91uAA==","_etag":"\"00005c03-0000-0700-0000-60307ae30000\"","_ts":1613789923}}}]}'
    headers:
      cache-control:
      - no-store, no-cache
      content-length:
      - '490'
      content-type:
      - application/json
      date:
      - Sat, 20 Feb 2021 02:59:13 GMT
      pragma:
      - no-cache
      server:
      - Microsoft-HTTPAPI/2.0
      strict-transport-security:
      - max-age=31536000; includeSubDomains
      transfer-encoding:
      - chunked
      vary:
      - Accept-Encoding
      x-content-type-options:
      - nosniff
      x-ms-gatewayversion:
      - version=2.11.0
    status:
      code: 200
      message: Ok
- request:
    body: null
    headers:
      Accept:
      - application/json
      Accept-Encoding:
      - gzip, deflate
      CommandName:
      - cosmosdb cassandra keyspace exists
      Connection:
      - keep-alive
      ParameterSetName:
      - -g -a -n
      User-Agent:
      - python/3.8.7 (Windows-10-10.0.19041-SP0) msrest/0.6.18 msrest_azure/0.6.3
        azure-mgmt-cosmosdb/3.0.0 Azure-SDK-For-Python AZURECLI/2.19.1
      accept-language:
      - en-US
    method: GET
    uri: https://management.azure.com/subscriptions/00000000-0000-0000-0000-000000000000/resourceGroups/cli_test_cosmosdb_cassandra_keyspace000001/providers/Microsoft.DocumentDB/databaseAccounts/cli000003/cassandraKeyspaces/cli000002?api-version=2021-01-15
  response:
    body:
      string: '{"id":"/subscriptions/00000000-0000-0000-0000-000000000000/resourceGroups/cli_test_cosmosdb_cassandra_keyspace000001/providers/Microsoft.DocumentDB/databaseAccounts/cli000003/cassandraKeyspaces/cli000002","type":"Microsoft.DocumentDB/databaseAccounts/cassandraKeyspaces","name":"cli000002","properties":{"resource":{"id":"cli000002","_rid":"c91uAA==","_etag":"\"00005c03-0000-0700-0000-60307ae30000\"","_ts":1613789923}}}'
    headers:
      cache-control:
      - no-store, no-cache
      content-length:
      - '478'
      content-type:
      - application/json
      date:
      - Sat, 20 Feb 2021 02:59:14 GMT
      pragma:
      - no-cache
      server:
      - Microsoft-HTTPAPI/2.0
      strict-transport-security:
      - max-age=31536000; includeSubDomains
      transfer-encoding:
      - chunked
      vary:
      - Accept-Encoding
      x-content-type-options:
      - nosniff
      x-ms-gatewayversion:
      - version=2.11.0
    status:
      code: 200
      message: Ok
- request:
    body: null
    headers:
      Accept:
      - application/json
      Accept-Encoding:
      - gzip, deflate
      CommandName:
      - cosmosdb cassandra keyspace delete
      Connection:
      - keep-alive
      Content-Length:
      - '0'
      ParameterSetName:
      - -g -a -n --yes
      User-Agent:
      - python/3.8.7 (Windows-10-10.0.19041-SP0) msrest/0.6.18 msrest_azure/0.6.3
        azure-mgmt-cosmosdb/3.0.0 Azure-SDK-For-Python AZURECLI/2.19.1
      accept-language:
      - en-US
    method: DELETE
    uri: https://management.azure.com/subscriptions/00000000-0000-0000-0000-000000000000/resourceGroups/cli_test_cosmosdb_cassandra_keyspace000001/providers/Microsoft.DocumentDB/databaseAccounts/cli000003/cassandraKeyspaces/cli000002?api-version=2021-01-15
  response:
    body:
      string: '{"status":"Enqueued"}'
    headers:
      azure-asyncoperation:
      - https://management.azure.com/subscriptions/00000000-0000-0000-0000-000000000000/providers/Microsoft.DocumentDB/locations/westus/operationsStatus/89a234ce-e94b-4f1b-8d2b-4be0c8018b00?api-version=2021-01-15
      cache-control:
      - no-store, no-cache
      content-length:
      - '21'
      content-type:
      - application/json
      date:
      - Sat, 20 Feb 2021 02:59:15 GMT
      location:
      - https://management.azure.com/subscriptions/00000000-0000-0000-0000-000000000000/resourceGroups/cli_test_cosmosdb_cassandra_keyspace000001/providers/Microsoft.DocumentDB/databaseAccounts/cli000003/cassandraKeyspaces/cli000002/operationResults/89a234ce-e94b-4f1b-8d2b-4be0c8018b00?api-version=2021-01-15
      pragma:
      - no-cache
      server:
      - Microsoft-HTTPAPI/2.0
      strict-transport-security:
      - max-age=31536000; includeSubDomains
      x-content-type-options:
      - nosniff
      x-ms-gatewayversion:
      - version=2.11.0
      x-ms-ratelimit-remaining-subscription-deletes:
      - '14999'
    status:
      code: 202
      message: Accepted
- request:
    body: null
    headers:
      Accept:
      - application/json
      Accept-Encoding:
      - gzip, deflate
      CommandName:
      - cosmosdb cassandra keyspace delete
      Connection:
      - keep-alive
      ParameterSetName:
      - -g -a -n --yes
      User-Agent:
      - python/3.8.7 (Windows-10-10.0.19041-SP0) msrest/0.6.18 msrest_azure/0.6.3
        azure-mgmt-cosmosdb/3.0.0 Azure-SDK-For-Python AZURECLI/2.19.1
    method: GET
    uri: https://management.azure.com/subscriptions/00000000-0000-0000-0000-000000000000/providers/Microsoft.DocumentDB/locations/westus/operationsStatus/89a234ce-e94b-4f1b-8d2b-4be0c8018b00?api-version=2021-01-15
  response:
    body:
      string: '{"status":"Succeeded"}'
    headers:
      cache-control:
      - no-store, no-cache
      content-length:
      - '22'
      content-type:
      - application/json
      date:
      - Sat, 20 Feb 2021 02:59:46 GMT
      pragma:
      - no-cache
      server:
      - Microsoft-HTTPAPI/2.0
      strict-transport-security:
      - max-age=31536000; includeSubDomains
      transfer-encoding:
      - chunked
      vary:
      - Accept-Encoding
      x-content-type-options:
      - nosniff
      x-ms-gatewayversion:
      - version=2.11.0
    status:
      code: 200
      message: Ok
- request:
    body: null
    headers:
      Accept:
      - application/json
      Accept-Encoding:
      - gzip, deflate
      CommandName:
      - cosmosdb cassandra keyspace list
      Connection:
      - keep-alive
      ParameterSetName:
      - -g -a
      User-Agent:
      - python/3.8.7 (Windows-10-10.0.19041-SP0) msrest/0.6.18 msrest_azure/0.6.3
        azure-mgmt-cosmosdb/3.0.0 Azure-SDK-For-Python AZURECLI/2.19.1
      accept-language:
      - en-US
    method: GET
    uri: https://management.azure.com/subscriptions/00000000-0000-0000-0000-000000000000/resourceGroups/cli_test_cosmosdb_cassandra_keyspace000001/providers/Microsoft.DocumentDB/databaseAccounts/cli000003/cassandraKeyspaces?api-version=2021-01-15
  response:
    body:
      string: '{"value":[]}'
    headers:
      cache-control:
      - no-store, no-cache
      content-length:
      - '12'
      content-type:
      - application/json
      date:
      - Sat, 20 Feb 2021 02:59:47 GMT
      pragma:
      - no-cache
      server:
      - Microsoft-HTTPAPI/2.0
      strict-transport-security:
      - max-age=31536000; includeSubDomains
      transfer-encoding:
      - chunked
      vary:
      - Accept-Encoding
      x-content-type-options:
      - nosniff
      x-ms-gatewayversion:
      - version=2.11.0
    status:
      code: 200
      message: Ok
version: 1
