interactions:
- request:
    body: null
    headers:
      Accept:
      - application/json
      Accept-Encoding:
      - gzip, deflate
      CommandName:
      - cosmosdb create
      Connection:
      - keep-alive
      ParameterSetName:
      - -n -g --locations
      User-Agent:
      - AZURECLI/2.49.0 azsdk-python-azure-mgmt-resource/22.0.0 Python/3.10.11 (Windows-10-10.0.22621-SP0)
    method: GET
    uri: https://management.azure.com/subscriptions/00000000-0000-0000-0000-000000000000/resourcegroups/cli_test_cosmosdb_sql_role000001?api-version=2022-09-01
  response:
    body:
      string: '{"id":"/subscriptions/00000000-0000-0000-0000-000000000000/resourceGroups/cli_test_cosmosdb_sql_role000001","name":"cli_test_cosmosdb_sql_role000001","type":"Microsoft.Resources/resourceGroups","location":"westus","tags":{"product":"azurecli","cause":"automation","test":"test_cosmosdb_sql_role","date":"2023-05-30T19:50:05Z","module":"cosmosdb"},"properties":{"provisioningState":"Succeeded"}}'
    headers:
      cache-control:
      - no-cache
      content-length:
      - '394'
      content-type:
      - application/json; charset=utf-8
      date:
      - Tue, 30 May 2023 19:50:06 GMT
      expires:
      - '-1'
      pragma:
      - no-cache
      strict-transport-security:
      - max-age=31536000; includeSubDomains
      vary:
      - Accept-Encoding
      x-content-type-options:
      - nosniff
    status:
      code: 200
      message: OK
- request:
    body: '{"location": "westus", "kind": "GlobalDocumentDB", "properties": {"locations":
      [{"locationName": "eastus2", "failoverPriority": 0, "isZoneRedundant": false}],
      "databaseAccountOfferType": "Standard", "apiProperties": {}, "createMode": "Default"}}'
    headers:
      Accept:
      - application/json
      Accept-Encoding:
      - gzip, deflate
      CommandName:
      - cosmosdb create
      Connection:
      - keep-alive
      Content-Length:
      - '245'
      Content-Type:
      - application/json
      ParameterSetName:
      - -n -g --locations
      User-Agent:
      - AZURECLI/2.49.0 azsdk-python-mgmt-cosmosdb/9.2.0 Python/3.10.11 (Windows-10-10.0.22621-SP0)
    method: PUT
    uri: https://management.azure.com/subscriptions/00000000-0000-0000-0000-000000000000/resourceGroups/cli_test_cosmosdb_sql_role000001/providers/Microsoft.DocumentDB/databaseAccounts/cli000002?api-version=2023-04-15
  response:
    body:
      string: '{"id":"/subscriptions/00000000-0000-0000-0000-000000000000/resourceGroups/cli_test_cosmosdb_sql_role000001/providers/Microsoft.DocumentDB/databaseAccounts/cli000002","name":"cli000002","location":"West
        US","type":"Microsoft.DocumentDB/databaseAccounts","kind":"GlobalDocumentDB","tags":{},"systemData":{"createdAt":"2023-05-30T19:50:13.5980765Z"},"properties":{"provisioningState":"Creating","publicNetworkAccess":"Enabled","enableAutomaticFailover":false,"enableMultipleWriteLocations":false,"enablePartitionKeyMonitor":false,"isVirtualNetworkFilterEnabled":false,"virtualNetworkRules":[],"EnabledApiTypes":"Sql","disableKeyBasedMetadataWriteAccess":false,"enableFreeTier":false,"enableAnalyticalStorage":false,"analyticalStorageConfiguration":{"schemaType":"WellDefined"},"instanceId":"9de3529c-8f23-4413-ba03-5cd177e64e78","databaseAccountOfferType":"Standard","defaultIdentity":"","networkAclBypass":"None","disableLocalAuth":false,"enablePartitionMerge":false,"minimalTlsVersion":"Tls","consistencyPolicy":{"defaultConsistencyLevel":"Session","maxIntervalInSeconds":5,"maxStalenessPrefix":100},"configurationOverrides":{},"writeLocations":[{"id":"cli000002-eastus2","locationName":"East
        US 2","provisioningState":"Creating","failoverPriority":0,"isZoneRedundant":false}],"readLocations":[{"id":"cli000002-eastus2","locationName":"East
        US 2","provisioningState":"Creating","failoverPriority":0,"isZoneRedundant":false}],"locations":[{"id":"cli000002-eastus2","locationName":"East
        US 2","provisioningState":"Creating","failoverPriority":0,"isZoneRedundant":false}],"failoverPolicies":[{"id":"cli000002-eastus2","locationName":"East
        US 2","failoverPriority":0}],"cors":[],"capabilities":[],"ipRules":[],"backupPolicy":{"type":"Periodic","periodicModeProperties":{"backupIntervalInMinutes":240,"backupRetentionIntervalInHours":8,"backupStorageRedundancy":"Invalid"}},"networkAclBypassResourceIds":[],"keysMetadata":{"primaryMasterKey":{"generationTime":"2023-05-30T19:50:13.5980765Z"},"secondaryMasterKey":{"generationTime":"2023-05-30T19:50:13.5980765Z"},"primaryReadonlyMasterKey":{"generationTime":"2023-05-30T19:50:13.5980765Z"},"secondaryReadonlyMasterKey":{"generationTime":"2023-05-30T19:50:13.5980765Z"}}},"identity":{"type":"None"}}'
    headers:
      azure-asyncoperation:
      - https://management.azure.com/subscriptions/00000000-0000-0000-0000-000000000000/providers/Microsoft.DocumentDB/locations/westus/operationsStatus/8612ea02-da4c-4921-8d50-7374afbfab0c?api-version=2023-04-15
      cache-control:
      - no-store, no-cache
      content-length:
      - '2242'
      content-type:
      - application/json
      date:
      - Tue, 30 May 2023 19:50:15 GMT
      location:
      - https://management.azure.com/subscriptions/00000000-0000-0000-0000-000000000000/resourceGroups/cli_test_cosmosdb_sql_role000001/providers/Microsoft.DocumentDB/databaseAccounts/cli000002/operationResults/8612ea02-da4c-4921-8d50-7374afbfab0c?api-version=2023-04-15
      pragma:
      - no-cache
      server:
      - Microsoft-HTTPAPI/2.0
      strict-transport-security:
      - max-age=31536000; includeSubDomains
      transfer-encoding:
      - chunked
      vary:
      - Accept-Encoding
      x-content-type-options:
      - nosniff
      x-ms-gatewayversion:
      - version=2.14.0
      x-ms-ratelimit-remaining-subscription-writes:
      - '1199'
    status:
      code: 200
      message: Ok
- request:
    body: null
    headers:
      Accept:
      - '*/*'
      Accept-Encoding:
      - gzip, deflate
      CommandName:
      - cosmosdb create
      Connection:
      - keep-alive
      ParameterSetName:
      - -n -g --locations
      User-Agent:
      - AZURECLI/2.49.0 azsdk-python-mgmt-cosmosdb/9.2.0 Python/3.10.11 (Windows-10-10.0.22621-SP0)
    method: GET
    uri: https://management.azure.com/subscriptions/00000000-0000-0000-0000-000000000000/providers/Microsoft.DocumentDB/locations/westus/operationsStatus/8612ea02-da4c-4921-8d50-7374afbfab0c?api-version=2023-04-15
  response:
    body:
      string: '{"status":"Enqueued"}'
    headers:
      cache-control:
      - no-store, no-cache
      content-length:
      - '21'
      content-type:
      - application/json
      date:
      - Tue, 30 May 2023 19:50:15 GMT
      pragma:
      - no-cache
      server:
      - Microsoft-HTTPAPI/2.0
      strict-transport-security:
      - max-age=31536000; includeSubDomains
      transfer-encoding:
      - chunked
      vary:
      - Accept-Encoding
      x-content-type-options:
      - nosniff
      x-ms-gatewayversion:
      - version=2.14.0
    status:
      code: 200
      message: Ok
- request:
    body: null
    headers:
      Accept:
      - '*/*'
      Accept-Encoding:
      - gzip, deflate
      CommandName:
      - cosmosdb create
      Connection:
      - keep-alive
      ParameterSetName:
      - -n -g --locations
      User-Agent:
      - AZURECLI/2.49.0 azsdk-python-mgmt-cosmosdb/9.2.0 Python/3.10.11 (Windows-10-10.0.22621-SP0)
    method: GET
    uri: https://management.azure.com/subscriptions/00000000-0000-0000-0000-000000000000/providers/Microsoft.DocumentDB/locations/westus/operationsStatus/8612ea02-da4c-4921-8d50-7374afbfab0c?api-version=2023-04-15
  response:
    body:
      string: '{"status":"Dequeued"}'
    headers:
      cache-control:
      - no-store, no-cache
      content-length:
      - '21'
      content-type:
      - application/json
      date:
      - Tue, 30 May 2023 19:50:45 GMT
      pragma:
      - no-cache
      server:
      - Microsoft-HTTPAPI/2.0
      strict-transport-security:
      - max-age=31536000; includeSubDomains
      transfer-encoding:
      - chunked
      vary:
      - Accept-Encoding
      x-content-type-options:
      - nosniff
      x-ms-gatewayversion:
      - version=2.14.0
    status:
      code: 200
      message: Ok
- request:
    body: null
    headers:
      Accept:
      - '*/*'
      Accept-Encoding:
      - gzip, deflate
      CommandName:
      - cosmosdb create
      Connection:
      - keep-alive
      ParameterSetName:
      - -n -g --locations
      User-Agent:
      - AZURECLI/2.49.0 azsdk-python-mgmt-cosmosdb/9.2.0 Python/3.10.11 (Windows-10-10.0.22621-SP0)
    method: GET
    uri: https://management.azure.com/subscriptions/00000000-0000-0000-0000-000000000000/providers/Microsoft.DocumentDB/locations/westus/operationsStatus/8612ea02-da4c-4921-8d50-7374afbfab0c?api-version=2023-04-15
  response:
    body:
      string: '{"status":"Dequeued"}'
    headers:
      cache-control:
      - no-store, no-cache
      content-length:
      - '21'
      content-type:
      - application/json
      date:
      - Tue, 30 May 2023 19:51:15 GMT
      pragma:
      - no-cache
      server:
      - Microsoft-HTTPAPI/2.0
      strict-transport-security:
      - max-age=31536000; includeSubDomains
      transfer-encoding:
      - chunked
      vary:
      - Accept-Encoding
      x-content-type-options:
      - nosniff
      x-ms-gatewayversion:
      - version=2.14.0
    status:
      code: 200
      message: Ok
- request:
    body: null
    headers:
      Accept:
      - '*/*'
      Accept-Encoding:
      - gzip, deflate
      CommandName:
      - cosmosdb create
      Connection:
      - keep-alive
      ParameterSetName:
      - -n -g --locations
      User-Agent:
      - AZURECLI/2.49.0 azsdk-python-mgmt-cosmosdb/9.2.0 Python/3.10.11 (Windows-10-10.0.22621-SP0)
    method: GET
    uri: https://management.azure.com/subscriptions/00000000-0000-0000-0000-000000000000/providers/Microsoft.DocumentDB/locations/westus/operationsStatus/8612ea02-da4c-4921-8d50-7374afbfab0c?api-version=2023-04-15
  response:
    body:
      string: '{"status":"Dequeued"}'
    headers:
      cache-control:
      - no-store, no-cache
      content-length:
      - '21'
      content-type:
      - application/json
      date:
      - Tue, 30 May 2023 19:51:44 GMT
      pragma:
      - no-cache
      server:
      - Microsoft-HTTPAPI/2.0
      strict-transport-security:
      - max-age=31536000; includeSubDomains
      transfer-encoding:
      - chunked
      vary:
      - Accept-Encoding
      x-content-type-options:
      - nosniff
      x-ms-gatewayversion:
      - version=2.14.0
    status:
      code: 200
      message: Ok
- request:
    body: null
    headers:
      Accept:
      - '*/*'
      Accept-Encoding:
      - gzip, deflate
      CommandName:
      - cosmosdb create
      Connection:
      - keep-alive
      ParameterSetName:
      - -n -g --locations
      User-Agent:
      - AZURECLI/2.49.0 azsdk-python-mgmt-cosmosdb/9.2.0 Python/3.10.11 (Windows-10-10.0.22621-SP0)
    method: GET
    uri: https://management.azure.com/subscriptions/00000000-0000-0000-0000-000000000000/providers/Microsoft.DocumentDB/locations/westus/operationsStatus/8612ea02-da4c-4921-8d50-7374afbfab0c?api-version=2023-04-15
  response:
    body:
      string: '{"status":"Dequeued"}'
    headers:
      cache-control:
      - no-store, no-cache
      content-length:
      - '21'
      content-type:
      - application/json
      date:
      - Tue, 30 May 2023 19:52:15 GMT
      pragma:
      - no-cache
      server:
      - Microsoft-HTTPAPI/2.0
      strict-transport-security:
      - max-age=31536000; includeSubDomains
      transfer-encoding:
      - chunked
      vary:
      - Accept-Encoding
      x-content-type-options:
      - nosniff
      x-ms-gatewayversion:
      - version=2.14.0
    status:
      code: 200
      message: Ok
- request:
    body: null
    headers:
      Accept:
      - '*/*'
      Accept-Encoding:
      - gzip, deflate
      CommandName:
      - cosmosdb create
      Connection:
      - keep-alive
      ParameterSetName:
      - -n -g --locations
      User-Agent:
      - AZURECLI/2.49.0 azsdk-python-mgmt-cosmosdb/9.2.0 Python/3.10.11 (Windows-10-10.0.22621-SP0)
    method: GET
    uri: https://management.azure.com/subscriptions/00000000-0000-0000-0000-000000000000/providers/Microsoft.DocumentDB/locations/westus/operationsStatus/8612ea02-da4c-4921-8d50-7374afbfab0c?api-version=2023-04-15
  response:
    body:
      string: '{"status":"Succeeded"}'
    headers:
      cache-control:
      - no-store, no-cache
      content-length:
      - '22'
      content-type:
      - application/json
      date:
      - Tue, 30 May 2023 19:52:45 GMT
      pragma:
      - no-cache
      server:
      - Microsoft-HTTPAPI/2.0
      strict-transport-security:
      - max-age=31536000; includeSubDomains
      transfer-encoding:
      - chunked
      vary:
      - Accept-Encoding
      x-content-type-options:
      - nosniff
      x-ms-gatewayversion:
      - version=2.14.0
    status:
      code: 200
      message: Ok
- request:
    body: null
    headers:
      Accept:
      - '*/*'
      Accept-Encoding:
      - gzip, deflate
      CommandName:
      - cosmosdb create
      Connection:
      - keep-alive
      ParameterSetName:
      - -n -g --locations
      User-Agent:
      - AZURECLI/2.49.0 azsdk-python-mgmt-cosmosdb/9.2.0 Python/3.10.11 (Windows-10-10.0.22621-SP0)
    method: GET
    uri: https://management.azure.com/subscriptions/00000000-0000-0000-0000-000000000000/resourceGroups/cli_test_cosmosdb_sql_role000001/providers/Microsoft.DocumentDB/databaseAccounts/cli000002?api-version=2023-04-15
  response:
    body:
      string: '{"id":"/subscriptions/00000000-0000-0000-0000-000000000000/resourceGroups/cli_test_cosmosdb_sql_role000001/providers/Microsoft.DocumentDB/databaseAccounts/cli000002","name":"cli000002","location":"West
        US","type":"Microsoft.DocumentDB/databaseAccounts","kind":"GlobalDocumentDB","tags":{},"systemData":{"createdAt":"2023-05-30T19:51:56.3994513Z"},"properties":{"provisioningState":"Succeeded","documentEndpoint":"https://cli000002.documents.azure.com:443/","sqlEndpoint":"https://cli000002.documents.azure.com:443/","publicNetworkAccess":"Enabled","enableAutomaticFailover":false,"enableMultipleWriteLocations":false,"enablePartitionKeyMonitor":false,"isVirtualNetworkFilterEnabled":false,"virtualNetworkRules":[],"EnabledApiTypes":"Sql","disableKeyBasedMetadataWriteAccess":false,"enableFreeTier":false,"enableAnalyticalStorage":false,"analyticalStorageConfiguration":{"schemaType":"WellDefined"},"instanceId":"9de3529c-8f23-4413-ba03-5cd177e64e78","databaseAccountOfferType":"Standard","defaultIdentity":"FirstPartyIdentity","networkAclBypass":"None","disableLocalAuth":false,"enablePartitionMerge":false,"minimalTlsVersion":"Tls","consistencyPolicy":{"defaultConsistencyLevel":"Session","maxIntervalInSeconds":5,"maxStalenessPrefix":100},"configurationOverrides":{},"writeLocations":[{"id":"cli000002-eastus2","locationName":"East
        US 2","documentEndpoint":"https://cli000002-eastus2.documents.azure.com:443/","provisioningState":"Succeeded","failoverPriority":0,"isZoneRedundant":false}],"readLocations":[{"id":"cli000002-eastus2","locationName":"East
        US 2","documentEndpoint":"https://cli000002-eastus2.documents.azure.com:443/","provisioningState":"Succeeded","failoverPriority":0,"isZoneRedundant":false}],"locations":[{"id":"cli000002-eastus2","locationName":"East
        US 2","documentEndpoint":"https://cli000002-eastus2.documents.azure.com:443/","provisioningState":"Succeeded","failoverPriority":0,"isZoneRedundant":false}],"failoverPolicies":[{"id":"cli000002-eastus2","locationName":"East
        US 2","failoverPriority":0}],"cors":[],"capabilities":[],"ipRules":[],"backupPolicy":{"type":"Periodic","periodicModeProperties":{"backupIntervalInMinutes":240,"backupRetentionIntervalInHours":8,"backupStorageRedundancy":"Geo"}},"networkAclBypassResourceIds":[],"keysMetadata":{"primaryMasterKey":{"generationTime":"2023-05-30T19:51:56.3994513Z"},"secondaryMasterKey":{"generationTime":"2023-05-30T19:51:56.3994513Z"},"primaryReadonlyMasterKey":{"generationTime":"2023-05-30T19:51:56.3994513Z"},"secondaryReadonlyMasterKey":{"generationTime":"2023-05-30T19:51:56.3994513Z"}}},"identity":{"type":"None"}}'
    headers:
      cache-control:
      - no-store, no-cache
      content-length:
      - '2599'
      content-type:
      - application/json
      date:
      - Tue, 30 May 2023 19:52:45 GMT
      pragma:
      - no-cache
      server:
      - Microsoft-HTTPAPI/2.0
      strict-transport-security:
      - max-age=31536000; includeSubDomains
      transfer-encoding:
      - chunked
      vary:
      - Accept-Encoding
      x-content-type-options:
      - nosniff
      x-ms-gatewayversion:
      - version=2.14.0
    status:
      code: 200
      message: Ok
- request:
    body: null
    headers:
      Accept:
      - application/json
      Accept-Encoding:
      - gzip, deflate
      CommandName:
      - cosmosdb create
      Connection:
      - keep-alive
      ParameterSetName:
      - -n -g --locations
      User-Agent:
      - AZURECLI/2.49.0 azsdk-python-mgmt-cosmosdb/9.2.0 Python/3.10.11 (Windows-10-10.0.22621-SP0)
    method: GET
    uri: https://management.azure.com/subscriptions/00000000-0000-0000-0000-000000000000/resourceGroups/cli_test_cosmosdb_sql_role000001/providers/Microsoft.DocumentDB/databaseAccounts/cli000002?api-version=2023-04-15
  response:
    body:
      string: '{"id":"/subscriptions/00000000-0000-0000-0000-000000000000/resourceGroups/cli_test_cosmosdb_sql_role000001/providers/Microsoft.DocumentDB/databaseAccounts/cli000002","name":"cli000002","location":"West
        US","type":"Microsoft.DocumentDB/databaseAccounts","kind":"GlobalDocumentDB","tags":{},"systemData":{"createdAt":"2023-05-30T19:51:56.3994513Z"},"properties":{"provisioningState":"Succeeded","documentEndpoint":"https://cli000002.documents.azure.com:443/","sqlEndpoint":"https://cli000002.documents.azure.com:443/","publicNetworkAccess":"Enabled","enableAutomaticFailover":false,"enableMultipleWriteLocations":false,"enablePartitionKeyMonitor":false,"isVirtualNetworkFilterEnabled":false,"virtualNetworkRules":[],"EnabledApiTypes":"Sql","disableKeyBasedMetadataWriteAccess":false,"enableFreeTier":false,"enableAnalyticalStorage":false,"analyticalStorageConfiguration":{"schemaType":"WellDefined"},"instanceId":"9de3529c-8f23-4413-ba03-5cd177e64e78","databaseAccountOfferType":"Standard","defaultIdentity":"FirstPartyIdentity","networkAclBypass":"None","disableLocalAuth":false,"enablePartitionMerge":false,"minimalTlsVersion":"Tls","consistencyPolicy":{"defaultConsistencyLevel":"Session","maxIntervalInSeconds":5,"maxStalenessPrefix":100},"configurationOverrides":{},"writeLocations":[{"id":"cli000002-eastus2","locationName":"East
        US 2","documentEndpoint":"https://cli000002-eastus2.documents.azure.com:443/","provisioningState":"Succeeded","failoverPriority":0,"isZoneRedundant":false}],"readLocations":[{"id":"cli000002-eastus2","locationName":"East
        US 2","documentEndpoint":"https://cli000002-eastus2.documents.azure.com:443/","provisioningState":"Succeeded","failoverPriority":0,"isZoneRedundant":false}],"locations":[{"id":"cli000002-eastus2","locationName":"East
        US 2","documentEndpoint":"https://cli000002-eastus2.documents.azure.com:443/","provisioningState":"Succeeded","failoverPriority":0,"isZoneRedundant":false}],"failoverPolicies":[{"id":"cli000002-eastus2","locationName":"East
        US 2","failoverPriority":0}],"cors":[],"capabilities":[],"ipRules":[],"backupPolicy":{"type":"Periodic","periodicModeProperties":{"backupIntervalInMinutes":240,"backupRetentionIntervalInHours":8,"backupStorageRedundancy":"Geo"}},"networkAclBypassResourceIds":[],"keysMetadata":{"primaryMasterKey":{"generationTime":"2023-05-30T19:51:56.3994513Z"},"secondaryMasterKey":{"generationTime":"2023-05-30T19:51:56.3994513Z"},"primaryReadonlyMasterKey":{"generationTime":"2023-05-30T19:51:56.3994513Z"},"secondaryReadonlyMasterKey":{"generationTime":"2023-05-30T19:51:56.3994513Z"}}},"identity":{"type":"None"}}'
    headers:
      cache-control:
      - no-store, no-cache
      content-length:
      - '2599'
      content-type:
      - application/json
      date:
      - Tue, 30 May 2023 19:52:46 GMT
      pragma:
      - no-cache
      server:
      - Microsoft-HTTPAPI/2.0
      strict-transport-security:
      - max-age=31536000; includeSubDomains
      transfer-encoding:
      - chunked
      vary:
      - Accept-Encoding
      x-content-type-options:
      - nosniff
      x-ms-gatewayversion:
      - version=2.14.0
    status:
      code: 200
      message: Ok
- request:
    body: '{"properties": {"resource": {"id": "cli000003"}, "options": {}}}'
    headers:
      Accept:
      - application/json
      Accept-Encoding:
      - gzip, deflate
      CommandName:
      - cosmosdb sql database create
      Connection:
      - keep-alive
      Content-Length:
      - '64'
      Content-Type:
      - application/json
      ParameterSetName:
      - -g -a -n
      User-Agent:
      - AZURECLI/2.49.0 azsdk-python-mgmt-cosmosdb/9.2.0 Python/3.10.11 (Windows-10-10.0.22621-SP0)
    method: PUT
    uri: https://management.azure.com/subscriptions/00000000-0000-0000-0000-000000000000/resourceGroups/cli_test_cosmosdb_sql_role000001/providers/Microsoft.DocumentDB/databaseAccounts/cli000002/sqlDatabases/cli000003?api-version=2023-04-15
  response:
    body:
      string: '{"status":"Enqueued"}'
    headers:
      azure-asyncoperation:
      - https://management.azure.com/subscriptions/00000000-0000-0000-0000-000000000000/providers/Microsoft.DocumentDB/locations/westus/operationsStatus/a372224b-b213-473e-99c0-90e5e012f602?api-version=2023-04-15
      cache-control:
      - no-store, no-cache
      content-length:
      - '21'
      content-type:
      - application/json
      date:
      - Tue, 30 May 2023 19:52:46 GMT
      location:
      - https://management.azure.com/subscriptions/00000000-0000-0000-0000-000000000000/resourceGroups/cli_test_cosmosdb_sql_role000001/providers/Microsoft.DocumentDB/databaseAccounts/cli000002/sqlDatabases/cli000003/operationResults/a372224b-b213-473e-99c0-90e5e012f602?api-version=2023-04-15
      pragma:
      - no-cache
      server:
      - Microsoft-HTTPAPI/2.0
      strict-transport-security:
      - max-age=31536000; includeSubDomains
      x-content-type-options:
      - nosniff
      x-ms-gatewayversion:
      - version=2.14.0
      x-ms-ratelimit-remaining-subscription-writes:
      - '1199'
    status:
      code: 202
      message: Accepted
- request:
    body: null
    headers:
      Accept:
      - '*/*'
      Accept-Encoding:
      - gzip, deflate
      CommandName:
      - cosmosdb sql database create
      Connection:
      - keep-alive
      ParameterSetName:
      - -g -a -n
      User-Agent:
      - AZURECLI/2.49.0 azsdk-python-mgmt-cosmosdb/9.2.0 Python/3.10.11 (Windows-10-10.0.22621-SP0)
    method: GET
    uri: https://management.azure.com/subscriptions/00000000-0000-0000-0000-000000000000/providers/Microsoft.DocumentDB/locations/westus/operationsStatus/a372224b-b213-473e-99c0-90e5e012f602?api-version=2023-04-15
  response:
    body:
      string: '{"status":"Enqueued"}'
    headers:
      cache-control:
      - no-store, no-cache
      content-length:
      - '21'
      content-type:
      - application/json
      date:
      - Tue, 30 May 2023 19:52:46 GMT
      pragma:
      - no-cache
      server:
      - Microsoft-HTTPAPI/2.0
      strict-transport-security:
      - max-age=31536000; includeSubDomains
      transfer-encoding:
      - chunked
      vary:
      - Accept-Encoding
      x-content-type-options:
      - nosniff
      x-ms-gatewayversion:
      - version=2.14.0
    status:
      code: 200
      message: Ok
- request:
    body: null
    headers:
      Accept:
      - '*/*'
      Accept-Encoding:
      - gzip, deflate
      CommandName:
      - cosmosdb sql database create
      Connection:
      - keep-alive
      ParameterSetName:
      - -g -a -n
      User-Agent:
      - AZURECLI/2.49.0 azsdk-python-mgmt-cosmosdb/9.2.0 Python/3.10.11 (Windows-10-10.0.22621-SP0)
    method: GET
    uri: https://management.azure.com/subscriptions/00000000-0000-0000-0000-000000000000/providers/Microsoft.DocumentDB/locations/westus/operationsStatus/a372224b-b213-473e-99c0-90e5e012f602?api-version=2023-04-15
  response:
    body:
      string: '{"status":"Succeeded"}'
    headers:
      cache-control:
      - no-store, no-cache
      content-length:
      - '22'
      content-type:
      - application/json
      date:
      - Tue, 30 May 2023 19:53:17 GMT
      pragma:
      - no-cache
      server:
      - Microsoft-HTTPAPI/2.0
      strict-transport-security:
      - max-age=31536000; includeSubDomains
      transfer-encoding:
      - chunked
      vary:
      - Accept-Encoding
      x-content-type-options:
      - nosniff
      x-ms-gatewayversion:
      - version=2.14.0
    status:
      code: 200
      message: Ok
- request:
    body: null
    headers:
      Accept:
      - '*/*'
      Accept-Encoding:
      - gzip, deflate
      CommandName:
      - cosmosdb sql database create
      Connection:
      - keep-alive
      ParameterSetName:
      - -g -a -n
      User-Agent:
      - AZURECLI/2.49.0 azsdk-python-mgmt-cosmosdb/9.2.0 Python/3.10.11 (Windows-10-10.0.22621-SP0)
    method: GET
    uri: https://management.azure.com/subscriptions/00000000-0000-0000-0000-000000000000/resourceGroups/cli_test_cosmosdb_sql_role000001/providers/Microsoft.DocumentDB/databaseAccounts/cli000002/sqlDatabases/cli000003?api-version=2023-04-15
  response:
    body:
      string: '{"id":"/subscriptions/00000000-0000-0000-0000-000000000000/resourceGroups/cli_test_cosmosdb_sql_role000001/providers/Microsoft.DocumentDB/databaseAccounts/cli000002/sqlDatabases/cli000003","type":"Microsoft.DocumentDB/databaseAccounts/sqlDatabases","name":"cli000003","properties":{"resource":{"id":"cli000003","_rid":"PoIwAA==","_self":"dbs/PoIwAA==/","_etag":"\"00003305-0000-0200-0000-647654140000\"","_colls":"colls/","_users":"users/","_ts":1685476372}}}'
    headers:
      cache-control:
      - no-store, no-cache
      content-length:
      - '459'
      content-type:
      - application/json
      date:
      - Tue, 30 May 2023 19:53:18 GMT
      pragma:
      - no-cache
      server:
      - Microsoft-HTTPAPI/2.0
      strict-transport-security:
      - max-age=31536000; includeSubDomains
      transfer-encoding:
      - chunked
      vary:
      - Accept-Encoding
      x-content-type-options:
      - nosniff
      x-ms-gatewayversion:
      - version=2.14.0
    status:
      code: 200
      message: Ok
- request:
    body: '{"properties": {"roleName": "roleName", "type": "CustomRole", "assignableScopes":
      ["/subscriptions/00000000-0000-0000-0000-000000000000/resourceGroups/cli_test_cosmosdb_sql_role000001/providers/Microsoft.DocumentDB/databaseAccounts/cli000002/"],
      "permissions": [{"dataActions": ["Microsoft.DocumentDB/databaseAccounts/sqlDatabases/containers/items/create",
      "Microsoft.DocumentDB/databaseAccounts/sqlDatabases/containers/items/read"]}]}}'
    headers:
      Accept:
      - application/json
      Accept-Encoding:
      - gzip, deflate
      CommandName:
      - cosmosdb sql role definition create
      Connection:
      - keep-alive
      Content-Length:
      - '436'
      Content-Type:
      - application/json
      ParameterSetName:
      - -g -a -b
      User-Agent:
      - AZURECLI/2.49.0 azsdk-python-mgmt-cosmosdb/9.2.0 Python/3.10.11 (Windows-10-10.0.22621-SP0)
    method: PUT
    uri: https://management.azure.com/subscriptions/00000000-0000-0000-0000-000000000000/resourceGroups/cli_test_cosmosdb_sql_role000001/providers/Microsoft.DocumentDB/databaseAccounts/cli000002/sqlRoleDefinitions/be79875a-2cc4-40d5-8958-566017875b39?api-version=2023-04-15
  response:
    body:
      string: '{"status":"Enqueued"}'
    headers:
      azure-asyncoperation:
      - https://management.azure.com/subscriptions/00000000-0000-0000-0000-000000000000/providers/Microsoft.DocumentDB/locations/westus/operationsStatus/19ad6c19-d752-4a7e-aa66-26e69b432376?api-version=2023-04-15
      cache-control:
      - no-store, no-cache
      content-length:
      - '21'
      content-type:
      - application/json
      date:
      - Tue, 30 May 2023 19:53:20 GMT
      location:
      - https://management.azure.com/subscriptions/00000000-0000-0000-0000-000000000000/resourceGroups/cli_test_cosmosdb_sql_role000001/providers/Microsoft.DocumentDB/databaseAccounts/cli000002/sqlRoleDefinitions/be79875a-2cc4-40d5-8958-566017875b39/operationResults/19ad6c19-d752-4a7e-aa66-26e69b432376?api-version=2023-04-15
      pragma:
      - no-cache
      server:
      - Microsoft-HTTPAPI/2.0
      strict-transport-security:
      - max-age=31536000; includeSubDomains
      x-content-type-options:
      - nosniff
      x-ms-gatewayversion:
      - version=2.14.0
      x-ms-ratelimit-remaining-subscription-writes:
      - '1198'
    status:
      code: 202
      message: Accepted
- request:
    body: null
    headers:
      Accept:
      - '*/*'
      Accept-Encoding:
      - gzip, deflate
      CommandName:
      - cosmosdb sql role definition create
      Connection:
      - keep-alive
      ParameterSetName:
      - -g -a -b
      User-Agent:
      - AZURECLI/2.49.0 azsdk-python-mgmt-cosmosdb/9.2.0 Python/3.10.11 (Windows-10-10.0.22621-SP0)
    method: GET
    uri: https://management.azure.com/subscriptions/00000000-0000-0000-0000-000000000000/providers/Microsoft.DocumentDB/locations/westus/operationsStatus/19ad6c19-d752-4a7e-aa66-26e69b432376?api-version=2023-04-15
  response:
    body:
      string: '{"status":"Enqueued"}'
    headers:
      cache-control:
      - no-store, no-cache
      content-length:
      - '21'
      content-type:
      - application/json
      date:
      - Tue, 30 May 2023 19:53:20 GMT
      pragma:
      - no-cache
      server:
      - Microsoft-HTTPAPI/2.0
      strict-transport-security:
      - max-age=31536000; includeSubDomains
      transfer-encoding:
      - chunked
      vary:
      - Accept-Encoding
      x-content-type-options:
      - nosniff
      x-ms-gatewayversion:
      - version=2.14.0
    status:
      code: 200
      message: Ok
- request:
    body: null
    headers:
      Accept:
      - '*/*'
      Accept-Encoding:
      - gzip, deflate
      CommandName:
      - cosmosdb sql role definition create
      Connection:
      - keep-alive
      ParameterSetName:
      - -g -a -b
      User-Agent:
      - AZURECLI/2.49.0 azsdk-python-mgmt-cosmosdb/9.2.0 Python/3.10.11 (Windows-10-10.0.22621-SP0)
    method: GET
    uri: https://management.azure.com/subscriptions/00000000-0000-0000-0000-000000000000/providers/Microsoft.DocumentDB/locations/westus/operationsStatus/19ad6c19-d752-4a7e-aa66-26e69b432376?api-version=2023-04-15
  response:
    body:
      string: '{"status":"Succeeded"}'
    headers:
      cache-control:
      - no-store, no-cache
      content-length:
      - '22'
      content-type:
      - application/json
      date:
      - Tue, 30 May 2023 19:53:50 GMT
      pragma:
      - no-cache
      server:
      - Microsoft-HTTPAPI/2.0
      strict-transport-security:
      - max-age=31536000; includeSubDomains
      transfer-encoding:
      - chunked
      vary:
      - Accept-Encoding
      x-content-type-options:
      - nosniff
      x-ms-gatewayversion:
      - version=2.14.0
    status:
      code: 200
      message: Ok
- request:
    body: null
    headers:
      Accept:
      - '*/*'
      Accept-Encoding:
      - gzip, deflate
      CommandName:
      - cosmosdb sql role definition create
      Connection:
      - keep-alive
      ParameterSetName:
      - -g -a -b
      User-Agent:
      - AZURECLI/2.49.0 azsdk-python-mgmt-cosmosdb/9.2.0 Python/3.10.11 (Windows-10-10.0.22621-SP0)
    method: GET
    uri: https://management.azure.com/subscriptions/00000000-0000-0000-0000-000000000000/resourceGroups/cli_test_cosmosdb_sql_role000001/providers/Microsoft.DocumentDB/databaseAccounts/cli000002/sqlRoleDefinitions/be79875a-2cc4-40d5-8958-566017875b39?api-version=2023-04-15
  response:
    body:
      string: '{"id":"/subscriptions/00000000-0000-0000-0000-000000000000/resourceGroups/cli_test_cosmosdb_sql_role000001/providers/Microsoft.DocumentDB/databaseAccounts/cli000002/sqlRoleDefinitions/be79875a-2cc4-40d5-8958-566017875b39","name":"be79875a-2cc4-40d5-8958-566017875b39","properties":{"roleName":"roleName","type":"CustomRole","assignableScopes":["/subscriptions/00000000-0000-0000-0000-000000000000/resourceGroups/cli_test_cosmosdb_sql_role000001/providers/Microsoft.DocumentDB/databaseAccounts/cli000002"],"permissions":[{"dataActions":["Microsoft.DocumentDB/databaseAccounts/sqlDatabases/containers/items/create","Microsoft.DocumentDB/databaseAccounts/sqlDatabases/containers/items/read"],"notDataActions":[]}]},"type":"Microsoft.DocumentDB/databaseAccounts/sqlRoleDefinitions"}'
    headers:
      cache-control:
      - no-store, no-cache
      content-length:
      - '778'
      content-type:
      - application/json
      date:
      - Tue, 30 May 2023 19:53:51 GMT
      pragma:
      - no-cache
      server:
      - Microsoft-HTTPAPI/2.0
      strict-transport-security:
      - max-age=31536000; includeSubDomains
      transfer-encoding:
      - chunked
      vary:
      - Accept-Encoding
      x-content-type-options:
      - nosniff
      x-ms-gatewayversion:
      - version=2.14.0
    status:
      code: 200
      message: Ok
- request:
    body: null
    headers:
      Accept:
      - application/json
      Accept-Encoding:
      - gzip, deflate
      CommandName:
      - cosmosdb sql role definition exists
      Connection:
      - keep-alive
      ParameterSetName:
      - -g -a -i
      User-Agent:
      - AZURECLI/2.49.0 azsdk-python-mgmt-cosmosdb/9.2.0 Python/3.10.11 (Windows-10-10.0.22621-SP0)
    method: GET
    uri: https://management.azure.com/subscriptions/00000000-0000-0000-0000-000000000000/resourceGroups/cli_test_cosmosdb_sql_role000001/providers/Microsoft.DocumentDB/databaseAccounts/cli000002/sqlRoleDefinitions/be79875a-2cc4-40d5-8958-566017875b39?api-version=2023-04-15
  response:
    body:
      string: '{"id":"/subscriptions/00000000-0000-0000-0000-000000000000/resourceGroups/cli_test_cosmosdb_sql_role000001/providers/Microsoft.DocumentDB/databaseAccounts/cli000002/sqlRoleDefinitions/be79875a-2cc4-40d5-8958-566017875b39","name":"be79875a-2cc4-40d5-8958-566017875b39","properties":{"roleName":"roleName","type":"CustomRole","assignableScopes":["/subscriptions/00000000-0000-0000-0000-000000000000/resourceGroups/cli_test_cosmosdb_sql_role000001/providers/Microsoft.DocumentDB/databaseAccounts/cli000002"],"permissions":[{"dataActions":["Microsoft.DocumentDB/databaseAccounts/sqlDatabases/containers/items/create","Microsoft.DocumentDB/databaseAccounts/sqlDatabases/containers/items/read"],"notDataActions":[]}]},"type":"Microsoft.DocumentDB/databaseAccounts/sqlRoleDefinitions"}'
    headers:
      cache-control:
      - no-store, no-cache
      content-length:
      - '778'
      content-type:
      - application/json
      date:
      - Tue, 30 May 2023 19:53:52 GMT
      pragma:
      - no-cache
      server:
      - Microsoft-HTTPAPI/2.0
      strict-transport-security:
      - max-age=31536000; includeSubDomains
      transfer-encoding:
      - chunked
      vary:
      - Accept-Encoding
      x-content-type-options:
      - nosniff
      x-ms-gatewayversion:
      - version=2.14.0
    status:
      code: 200
      message: Ok
- request:
    body: null
    headers:
      Accept:
      - application/json
      Accept-Encoding:
      - gzip, deflate
      CommandName:
      - cosmosdb sql role definition show
      Connection:
      - keep-alive
      ParameterSetName:
      - -g -a -i
      User-Agent:
      - AZURECLI/2.49.0 azsdk-python-mgmt-cosmosdb/9.2.0 Python/3.10.11 (Windows-10-10.0.22621-SP0)
    method: GET
    uri: https://management.azure.com/subscriptions/00000000-0000-0000-0000-000000000000/resourceGroups/cli_test_cosmosdb_sql_role000001/providers/Microsoft.DocumentDB/databaseAccounts/cli000002/sqlRoleDefinitions/be79875a-2cc4-40d5-8958-566017875b39?api-version=2023-04-15
  response:
    body:
      string: '{"id":"/subscriptions/00000000-0000-0000-0000-000000000000/resourceGroups/cli_test_cosmosdb_sql_role000001/providers/Microsoft.DocumentDB/databaseAccounts/cli000002/sqlRoleDefinitions/be79875a-2cc4-40d5-8958-566017875b39","name":"be79875a-2cc4-40d5-8958-566017875b39","properties":{"roleName":"roleName","type":"CustomRole","assignableScopes":["/subscriptions/00000000-0000-0000-0000-000000000000/resourceGroups/cli_test_cosmosdb_sql_role000001/providers/Microsoft.DocumentDB/databaseAccounts/cli000002"],"permissions":[{"dataActions":["Microsoft.DocumentDB/databaseAccounts/sqlDatabases/containers/items/create","Microsoft.DocumentDB/databaseAccounts/sqlDatabases/containers/items/read"],"notDataActions":[]}]},"type":"Microsoft.DocumentDB/databaseAccounts/sqlRoleDefinitions"}'
    headers:
      cache-control:
      - no-store, no-cache
      content-length:
      - '778'
      content-type:
      - application/json
      date:
      - Tue, 30 May 2023 19:53:53 GMT
      pragma:
      - no-cache
      server:
      - Microsoft-HTTPAPI/2.0
      strict-transport-security:
      - max-age=31536000; includeSubDomains
      transfer-encoding:
      - chunked
      vary:
      - Accept-Encoding
      x-content-type-options:
      - nosniff
      x-ms-gatewayversion:
      - version=2.14.0
    status:
      code: 200
      message: Ok
- request:
    body: null
    headers:
      Accept:
      - application/json
      Accept-Encoding:
      - gzip, deflate
      CommandName:
      - cosmosdb sql role definition update
      Connection:
      - keep-alive
      ParameterSetName:
      - -g -a -b
      User-Agent:
      - AZURECLI/2.49.0 azsdk-python-mgmt-cosmosdb/9.2.0 Python/3.10.11 (Windows-10-10.0.22621-SP0)
    method: GET
    uri: https://management.azure.com/subscriptions/00000000-0000-0000-0000-000000000000/resourceGroups/cli_test_cosmosdb_sql_role000001/providers/Microsoft.DocumentDB/databaseAccounts/cli000002/sqlRoleDefinitions/be79875a-2cc4-40d5-8958-566017875b39?api-version=2023-04-15
  response:
    body:
      string: '{"id":"/subscriptions/00000000-0000-0000-0000-000000000000/resourceGroups/cli_test_cosmosdb_sql_role000001/providers/Microsoft.DocumentDB/databaseAccounts/cli000002/sqlRoleDefinitions/be79875a-2cc4-40d5-8958-566017875b39","name":"be79875a-2cc4-40d5-8958-566017875b39","properties":{"roleName":"roleName","type":"CustomRole","assignableScopes":["/subscriptions/00000000-0000-0000-0000-000000000000/resourceGroups/cli_test_cosmosdb_sql_role000001/providers/Microsoft.DocumentDB/databaseAccounts/cli000002"],"permissions":[{"dataActions":["Microsoft.DocumentDB/databaseAccounts/sqlDatabases/containers/items/create","Microsoft.DocumentDB/databaseAccounts/sqlDatabases/containers/items/read"],"notDataActions":[]}]},"type":"Microsoft.DocumentDB/databaseAccounts/sqlRoleDefinitions"}'
    headers:
      cache-control:
      - no-store, no-cache
      content-length:
      - '778'
      content-type:
      - application/json
      date:
      - Tue, 30 May 2023 19:53:54 GMT
      pragma:
      - no-cache
      server:
      - Microsoft-HTTPAPI/2.0
      strict-transport-security:
      - max-age=31536000; includeSubDomains
      transfer-encoding:
      - chunked
      vary:
      - Accept-Encoding
      x-content-type-options:
      - nosniff
      x-ms-gatewayversion:
      - version=2.14.0
    status:
      code: 200
      message: Ok
- request:
    body: '{"properties": {"roleName": "roleName2", "type": "CustomRole", "assignableScopes":
      ["/subscriptions/00000000-0000-0000-0000-000000000000/resourceGroups/cli_test_cosmosdb_sql_role000001/providers/Microsoft.DocumentDB/databaseAccounts/cli000002/"],
      "permissions": [{"dataActions": ["Microsoft.DocumentDB/databaseAccounts/sqlDatabases/containers/items/create"]},
      {"dataActions": ["Microsoft.DocumentDB/databaseAccounts/sqlDatabases/containers/items/read"]}]}}'
    headers:
      Accept:
      - application/json
      Accept-Encoding:
      - gzip, deflate
      CommandName:
      - cosmosdb sql role definition update
      Connection:
      - keep-alive
      Content-Length:
      - '456'
      Content-Type:
      - application/json
      ParameterSetName:
      - -g -a -b
      User-Agent:
      - AZURECLI/2.49.0 azsdk-python-mgmt-cosmosdb/9.2.0 Python/3.10.11 (Windows-10-10.0.22621-SP0)
    method: PUT
    uri: https://management.azure.com/subscriptions/00000000-0000-0000-0000-000000000000/resourceGroups/cli_test_cosmosdb_sql_role000001/providers/Microsoft.DocumentDB/databaseAccounts/cli000002/sqlRoleDefinitions/be79875a-2cc4-40d5-8958-566017875b39?api-version=2023-04-15
  response:
    body:
      string: '{"status":"Enqueued"}'
    headers:
      azure-asyncoperation:
      - https://management.azure.com/subscriptions/00000000-0000-0000-0000-000000000000/providers/Microsoft.DocumentDB/locations/westus/operationsStatus/adb44a65-b18a-4f49-95f4-8ff09e60cc40?api-version=2023-04-15
      cache-control:
      - no-store, no-cache
      content-length:
      - '21'
      content-type:
      - application/json
      date:
      - Tue, 30 May 2023 19:53:55 GMT
      location:
      - https://management.azure.com/subscriptions/00000000-0000-0000-0000-000000000000/resourceGroups/cli_test_cosmosdb_sql_role000001/providers/Microsoft.DocumentDB/databaseAccounts/cli000002/sqlRoleDefinitions/be79875a-2cc4-40d5-8958-566017875b39/operationResults/adb44a65-b18a-4f49-95f4-8ff09e60cc40?api-version=2023-04-15
      pragma:
      - no-cache
      server:
      - Microsoft-HTTPAPI/2.0
      strict-transport-security:
      - max-age=31536000; includeSubDomains
      x-content-type-options:
      - nosniff
      x-ms-gatewayversion:
      - version=2.14.0
      x-ms-ratelimit-remaining-subscription-writes:
      - '1197'
    status:
      code: 202
      message: Accepted
- request:
    body: null
    headers:
      Accept:
      - '*/*'
      Accept-Encoding:
      - gzip, deflate
      CommandName:
      - cosmosdb sql role definition update
      Connection:
      - keep-alive
      ParameterSetName:
      - -g -a -b
      User-Agent:
      - AZURECLI/2.49.0 azsdk-python-mgmt-cosmosdb/9.2.0 Python/3.10.11 (Windows-10-10.0.22621-SP0)
    method: GET
    uri: https://management.azure.com/subscriptions/00000000-0000-0000-0000-000000000000/providers/Microsoft.DocumentDB/locations/westus/operationsStatus/adb44a65-b18a-4f49-95f4-8ff09e60cc40?api-version=2023-04-15
  response:
    body:
      string: '{"status":"Enqueued"}'
    headers:
      cache-control:
      - no-store, no-cache
      content-length:
      - '21'
      content-type:
      - application/json
      date:
      - Tue, 30 May 2023 19:53:55 GMT
      pragma:
      - no-cache
      server:
      - Microsoft-HTTPAPI/2.0
      strict-transport-security:
      - max-age=31536000; includeSubDomains
      transfer-encoding:
      - chunked
      vary:
      - Accept-Encoding
      x-content-type-options:
      - nosniff
      x-ms-gatewayversion:
      - version=2.14.0
    status:
      code: 200
      message: Ok
- request:
    body: null
    headers:
      Accept:
      - '*/*'
      Accept-Encoding:
      - gzip, deflate
      CommandName:
      - cosmosdb sql role definition update
      Connection:
      - keep-alive
      ParameterSetName:
      - -g -a -b
      User-Agent:
      - AZURECLI/2.49.0 azsdk-python-mgmt-cosmosdb/9.2.0 Python/3.10.11 (Windows-10-10.0.22621-SP0)
    method: GET
    uri: https://management.azure.com/subscriptions/00000000-0000-0000-0000-000000000000/providers/Microsoft.DocumentDB/locations/westus/operationsStatus/adb44a65-b18a-4f49-95f4-8ff09e60cc40?api-version=2023-04-15
  response:
    body:
      string: '{"status":"Succeeded"}'
    headers:
      cache-control:
      - no-store, no-cache
      content-length:
      - '22'
      content-type:
      - application/json
      date:
      - Tue, 30 May 2023 19:54:26 GMT
      pragma:
      - no-cache
      server:
      - Microsoft-HTTPAPI/2.0
      strict-transport-security:
      - max-age=31536000; includeSubDomains
      transfer-encoding:
      - chunked
      vary:
      - Accept-Encoding
      x-content-type-options:
      - nosniff
      x-ms-gatewayversion:
      - version=2.14.0
    status:
      code: 200
      message: Ok
- request:
    body: null
    headers:
      Accept:
      - '*/*'
      Accept-Encoding:
      - gzip, deflate
      CommandName:
      - cosmosdb sql role definition update
      Connection:
      - keep-alive
      ParameterSetName:
      - -g -a -b
      User-Agent:
      - AZURECLI/2.49.0 azsdk-python-mgmt-cosmosdb/9.2.0 Python/3.10.11 (Windows-10-10.0.22621-SP0)
    method: GET
    uri: https://management.azure.com/subscriptions/00000000-0000-0000-0000-000000000000/resourceGroups/cli_test_cosmosdb_sql_role000001/providers/Microsoft.DocumentDB/databaseAccounts/cli000002/sqlRoleDefinitions/be79875a-2cc4-40d5-8958-566017875b39?api-version=2023-04-15
  response:
    body:
      string: '{"id":"/subscriptions/00000000-0000-0000-0000-000000000000/resourceGroups/cli_test_cosmosdb_sql_role000001/providers/Microsoft.DocumentDB/databaseAccounts/cli000002/sqlRoleDefinitions/be79875a-2cc4-40d5-8958-566017875b39","name":"be79875a-2cc4-40d5-8958-566017875b39","properties":{"roleName":"roleName2","type":"CustomRole","assignableScopes":["/subscriptions/00000000-0000-0000-0000-000000000000/resourceGroups/cli_test_cosmosdb_sql_role000001/providers/Microsoft.DocumentDB/databaseAccounts/cli000002"],"permissions":[{"dataActions":["Microsoft.DocumentDB/databaseAccounts/sqlDatabases/containers/items/create"],"notDataActions":[]},{"dataActions":["Microsoft.DocumentDB/databaseAccounts/sqlDatabases/containers/items/read"],"notDataActions":[]}]},"type":"Microsoft.DocumentDB/databaseAccounts/sqlRoleDefinitions"}'
    headers:
      cache-control:
      - no-store, no-cache
      content-length:
      - '817'
      content-type:
      - application/json
      date:
      - Tue, 30 May 2023 19:54:26 GMT
      pragma:
      - no-cache
      server:
      - Microsoft-HTTPAPI/2.0
      strict-transport-security:
      - max-age=31536000; includeSubDomains
      transfer-encoding:
      - chunked
      vary:
      - Accept-Encoding
      x-content-type-options:
      - nosniff
      x-ms-gatewayversion:
      - version=2.14.0
    status:
      code: 200
      message: Ok
- request:
    body: '{"properties": {"roleName": "roleName3", "type": "CustomRole", "assignableScopes":
      ["/subscriptions/00000000-0000-0000-0000-000000000000/resourceGroups/cli_test_cosmosdb_sql_role000001/providers/Microsoft.DocumentDB/databaseAccounts/cli000002/"],
      "permissions": [{"dataActions": ["Microsoft.DocumentDB/databaseAccounts/sqlDatabases/containers/items/create"]},
      {"dataActions": ["Microsoft.DocumentDB/databaseAccounts/sqlDatabases/containers/items/read"]},
      {"dataActions": ["Microsoft.DocumentDB/databaseAccounts/sqlDatabases/containers/items/replace"]}]}}'
    headers:
      Accept:
      - application/json
      Accept-Encoding:
      - gzip, deflate
      CommandName:
      - cosmosdb sql role definition create
      Connection:
      - keep-alive
      Content-Length:
      - '554'
      Content-Type:
      - application/json
      ParameterSetName:
      - -g -a -b
      User-Agent:
      - AZURECLI/2.49.0 azsdk-python-mgmt-cosmosdb/9.2.0 Python/3.10.11 (Windows-10-10.0.22621-SP0)
    method: PUT
    uri: https://management.azure.com/subscriptions/00000000-0000-0000-0000-000000000000/resourceGroups/cli_test_cosmosdb_sql_role000001/providers/Microsoft.DocumentDB/databaseAccounts/cli000002/sqlRoleDefinitions/6328f5f7-dbf7-4244-bba8-fbb9d8066506?api-version=2023-04-15
  response:
    body:
      string: '{"status":"Enqueued"}'
    headers:
      azure-asyncoperation:
      - https://management.azure.com/subscriptions/00000000-0000-0000-0000-000000000000/providers/Microsoft.DocumentDB/locations/westus/operationsStatus/dfbe28d6-b13f-41e7-92f1-ce4f4ba17b3e?api-version=2023-04-15
      cache-control:
      - no-store, no-cache
      content-length:
      - '21'
      content-type:
      - application/json
      date:
      - Tue, 30 May 2023 19:54:27 GMT
      location:
      - https://management.azure.com/subscriptions/00000000-0000-0000-0000-000000000000/resourceGroups/cli_test_cosmosdb_sql_role000001/providers/Microsoft.DocumentDB/databaseAccounts/cli000002/sqlRoleDefinitions/6328f5f7-dbf7-4244-bba8-fbb9d8066506/operationResults/dfbe28d6-b13f-41e7-92f1-ce4f4ba17b3e?api-version=2023-04-15
      pragma:
      - no-cache
      server:
      - Microsoft-HTTPAPI/2.0
      strict-transport-security:
      - max-age=31536000; includeSubDomains
      x-content-type-options:
      - nosniff
      x-ms-gatewayversion:
      - version=2.14.0
      x-ms-ratelimit-remaining-subscription-writes:
      - '1197'
    status:
      code: 202
      message: Accepted
- request:
    body: null
    headers:
      Accept:
      - '*/*'
      Accept-Encoding:
      - gzip, deflate
      CommandName:
      - cosmosdb sql role definition create
      Connection:
      - keep-alive
      ParameterSetName:
      - -g -a -b
      User-Agent:
      - AZURECLI/2.49.0 azsdk-python-mgmt-cosmosdb/9.2.0 Python/3.10.11 (Windows-10-10.0.22621-SP0)
    method: GET
    uri: https://management.azure.com/subscriptions/00000000-0000-0000-0000-000000000000/providers/Microsoft.DocumentDB/locations/westus/operationsStatus/dfbe28d6-b13f-41e7-92f1-ce4f4ba17b3e?api-version=2023-04-15
  response:
    body:
      string: '{"status":"Enqueued"}'
    headers:
      cache-control:
      - no-store, no-cache
      content-length:
      - '21'
      content-type:
      - application/json
      date:
      - Tue, 30 May 2023 19:54:28 GMT
      pragma:
      - no-cache
      server:
      - Microsoft-HTTPAPI/2.0
      strict-transport-security:
      - max-age=31536000; includeSubDomains
      transfer-encoding:
      - chunked
      vary:
      - Accept-Encoding
      x-content-type-options:
      - nosniff
      x-ms-gatewayversion:
      - version=2.14.0
    status:
      code: 200
      message: Ok
- request:
    body: null
    headers:
      Accept:
      - '*/*'
      Accept-Encoding:
      - gzip, deflate
      CommandName:
      - cosmosdb sql role definition create
      Connection:
      - keep-alive
      ParameterSetName:
      - -g -a -b
      User-Agent:
      - AZURECLI/2.49.0 azsdk-python-mgmt-cosmosdb/9.2.0 Python/3.10.11 (Windows-10-10.0.22621-SP0)
    method: GET
    uri: https://management.azure.com/subscriptions/00000000-0000-0000-0000-000000000000/providers/Microsoft.DocumentDB/locations/westus/operationsStatus/dfbe28d6-b13f-41e7-92f1-ce4f4ba17b3e?api-version=2023-04-15
  response:
    body:
      string: '{"status":"Succeeded"}'
    headers:
      cache-control:
      - no-store, no-cache
      content-length:
      - '22'
      content-type:
      - application/json
      date:
      - Tue, 30 May 2023 19:54:58 GMT
      pragma:
      - no-cache
      server:
      - Microsoft-HTTPAPI/2.0
      strict-transport-security:
      - max-age=31536000; includeSubDomains
      transfer-encoding:
      - chunked
      vary:
      - Accept-Encoding
      x-content-type-options:
      - nosniff
      x-ms-gatewayversion:
      - version=2.14.0
    status:
      code: 200
      message: Ok
- request:
    body: null
    headers:
      Accept:
      - '*/*'
      Accept-Encoding:
      - gzip, deflate
      CommandName:
      - cosmosdb sql role definition create
      Connection:
      - keep-alive
      ParameterSetName:
      - -g -a -b
      User-Agent:
      - AZURECLI/2.49.0 azsdk-python-mgmt-cosmosdb/9.2.0 Python/3.10.11 (Windows-10-10.0.22621-SP0)
    method: GET
    uri: https://management.azure.com/subscriptions/00000000-0000-0000-0000-000000000000/resourceGroups/cli_test_cosmosdb_sql_role000001/providers/Microsoft.DocumentDB/databaseAccounts/cli000002/sqlRoleDefinitions/6328f5f7-dbf7-4244-bba8-fbb9d8066506?api-version=2023-04-15
  response:
    body:
      string: '{"id":"/subscriptions/00000000-0000-0000-0000-000000000000/resourceGroups/cli_test_cosmosdb_sql_role000001/providers/Microsoft.DocumentDB/databaseAccounts/cli000002/sqlRoleDefinitions/6328f5f7-dbf7-4244-bba8-fbb9d8066506","name":"6328f5f7-dbf7-4244-bba8-fbb9d8066506","properties":{"roleName":"roleName3","type":"CustomRole","assignableScopes":["/subscriptions/00000000-0000-0000-0000-000000000000/resourceGroups/cli_test_cosmosdb_sql_role000001/providers/Microsoft.DocumentDB/databaseAccounts/cli000002"],"permissions":[{"dataActions":["Microsoft.DocumentDB/databaseAccounts/sqlDatabases/containers/items/create"],"notDataActions":[]},{"dataActions":["Microsoft.DocumentDB/databaseAccounts/sqlDatabases/containers/items/read"],"notDataActions":[]},{"dataActions":["Microsoft.DocumentDB/databaseAccounts/sqlDatabases/containers/items/replace"],"notDataActions":[]}]},"type":"Microsoft.DocumentDB/databaseAccounts/sqlRoleDefinitions"}'
    headers:
      cache-control:
      - no-store, no-cache
      content-length:
      - '933'
      content-type:
      - application/json
      date:
      - Tue, 30 May 2023 19:54:59 GMT
      pragma:
      - no-cache
      server:
      - Microsoft-HTTPAPI/2.0
      strict-transport-security:
      - max-age=31536000; includeSubDomains
      transfer-encoding:
      - chunked
      vary:
      - Accept-Encoding
      x-content-type-options:
      - nosniff
      x-ms-gatewayversion:
      - version=2.14.0
    status:
      code: 200
      message: Ok
- request:
    body: null
    headers:
      Accept:
      - application/json
      Accept-Encoding:
      - gzip, deflate
      CommandName:
      - cosmosdb sql role definition list
      Connection:
      - keep-alive
      ParameterSetName:
      - -g -a
      User-Agent:
      - AZURECLI/2.49.0 azsdk-python-mgmt-cosmosdb/9.2.0 Python/3.10.11 (Windows-10-10.0.22621-SP0)
    method: GET
    uri: https://management.azure.com/subscriptions/00000000-0000-0000-0000-000000000000/resourceGroups/cli_test_cosmosdb_sql_role000001/providers/Microsoft.DocumentDB/databaseAccounts/cli000002/sqlRoleDefinitions?api-version=2023-04-15
  response:
    body:
      string: '{"value":[{"id":"/subscriptions/00000000-0000-0000-0000-000000000000/resourceGroups/cli_test_cosmosdb_sql_role000001/providers/Microsoft.DocumentDB/databaseAccounts/cli000002/sqlRoleDefinitions/6328f5f7-dbf7-4244-bba8-fbb9d8066506","name":"6328f5f7-dbf7-4244-bba8-fbb9d8066506","properties":{"roleName":"roleName3","type":"CustomRole","assignableScopes":["/subscriptions/00000000-0000-0000-0000-000000000000/resourceGroups/cli_test_cosmosdb_sql_role000001/providers/Microsoft.DocumentDB/databaseAccounts/cli000002"],"permissions":[{"dataActions":["Microsoft.DocumentDB/databaseAccounts/sqlDatabases/containers/items/create"],"notDataActions":[]},{"dataActions":["Microsoft.DocumentDB/databaseAccounts/sqlDatabases/containers/items/read"],"notDataActions":[]},{"dataActions":["Microsoft.DocumentDB/databaseAccounts/sqlDatabases/containers/items/replace"],"notDataActions":[]}]},"type":"Microsoft.DocumentDB/databaseAccounts/sqlRoleDefinitions"},{"id":"/subscriptions/00000000-0000-0000-0000-000000000000/resourceGroups/cli_test_cosmosdb_sql_role000001/providers/Microsoft.DocumentDB/databaseAccounts/cli000002/sqlRoleDefinitions/be79875a-2cc4-40d5-8958-566017875b39","name":"be79875a-2cc4-40d5-8958-566017875b39","properties":{"roleName":"roleName2","type":"CustomRole","assignableScopes":["/subscriptions/00000000-0000-0000-0000-000000000000/resourceGroups/cli_test_cosmosdb_sql_role000001/providers/Microsoft.DocumentDB/databaseAccounts/cli000002"],"permissions":[{"dataActions":["Microsoft.DocumentDB/databaseAccounts/sqlDatabases/containers/items/create"],"notDataActions":[]},{"dataActions":["Microsoft.DocumentDB/databaseAccounts/sqlDatabases/containers/items/read"],"notDataActions":[]}]},"type":"Microsoft.DocumentDB/databaseAccounts/sqlRoleDefinitions"},{"id":"/subscriptions/00000000-0000-0000-0000-000000000000/resourceGroups/cli_test_cosmosdb_sql_role000001/providers/Microsoft.DocumentDB/databaseAccounts/cli000002/sqlRoleDefinitions/00000000-0000-0000-0000-000000000001","name":"00000000-0000-0000-0000-000000000001","properties":{"roleName":"Cosmos
        DB Built-in Data Reader","type":"BuiltInRole","assignableScopes":["/subscriptions/00000000-0000-0000-0000-000000000000/resourceGroups/cli_test_cosmosdb_sql_role000001/providers/Microsoft.DocumentDB/databaseAccounts/cli000002"],"permissions":[{"dataActions":["Microsoft.DocumentDB/databaseAccounts/readMetadata","Microsoft.DocumentDB/databaseAccounts/sqlDatabases/containers/executeQuery","Microsoft.DocumentDB/databaseAccounts/sqlDatabases/containers/readChangeFeed","Microsoft.DocumentDB/databaseAccounts/sqlDatabases/containers/items/read"],"notDataActions":[]}]},"type":"Microsoft.DocumentDB/databaseAccounts/sqlRoleDefinitions"},{"id":"/subscriptions/00000000-0000-0000-0000-000000000000/resourceGroups/cli_test_cosmosdb_sql_role000001/providers/Microsoft.DocumentDB/databaseAccounts/cli000002/sqlRoleDefinitions/00000000-0000-0000-0000-000000000002","name":"00000000-0000-0000-0000-000000000002","properties":{"roleName":"Cosmos
        DB Built-in Data Contributor","type":"BuiltInRole","assignableScopes":["/subscriptions/00000000-0000-0000-0000-000000000000/resourceGroups/cli_test_cosmosdb_sql_role000001/providers/Microsoft.DocumentDB/databaseAccounts/cli000002"],"permissions":[{"dataActions":["Microsoft.DocumentDB/databaseAccounts/readMetadata","Microsoft.DocumentDB/databaseAccounts/sqlDatabases/containers/*","Microsoft.DocumentDB/databaseAccounts/sqlDatabases/containers/items/*"],"notDataActions":[]}]},"type":"Microsoft.DocumentDB/databaseAccounts/sqlRoleDefinitions"}]}'
    headers:
      cache-control:
      - no-store, no-cache
      content-length:
      - '3543'
      content-type:
      - application/json
      date:
      - Tue, 30 May 2023 19:54:59 GMT
      pragma:
      - no-cache
      server:
      - Microsoft-HTTPAPI/2.0
      strict-transport-security:
      - max-age=31536000; includeSubDomains
      transfer-encoding:
      - chunked
      vary:
      - Accept-Encoding
      x-content-type-options:
      - nosniff
      x-ms-gatewayversion:
      - version=2.14.0
    status:
      code: 200
      message: Ok
- request:
    body: '{"properties": {"roleDefinitionId": "/subscriptions/00000000-0000-0000-0000-000000000000/resourceGroups/cli_test_cosmosdb_sql_role000001/providers/Microsoft.DocumentDB/databaseAccounts/cli000002/sqlRoleDefinitions/be79875a-2cc4-40d5-8958-566017875b39",
      "scope": "/subscriptions/00000000-0000-0000-0000-000000000000/resourceGroups/cli_test_cosmosdb_sql_role000001/providers/Microsoft.DocumentDB/databaseAccounts/cli000002/dbs/cli000003",
      "principalId": "ed4c2395-a18c-4018-afb3-6e521e7534d2"}}'
    headers:
      Accept:
      - application/json
      Accept-Encoding:
      - gzip, deflate
      CommandName:
      - cosmosdb sql role assignment create
      Connection:
      - keep-alive
      Content-Length:
      - '492'
      Content-Type:
      - application/json
      ParameterSetName:
      - -g -a -s -p -d -i
      User-Agent:
      - AZURECLI/2.49.0 azsdk-python-mgmt-cosmosdb/9.2.0 Python/3.10.11 (Windows-10-10.0.22621-SP0)
    method: PUT
    uri: https://management.azure.com/subscriptions/00000000-0000-0000-0000-000000000000/resourceGroups/cli_test_cosmosdb_sql_role000001/providers/Microsoft.DocumentDB/databaseAccounts/cli000002/sqlRoleAssignments/cb8ed2d7-2371-4e3c-bd31-6cc1560e84f8?api-version=2023-04-15
  response:
    body:
      string: '{"status":"Enqueued"}'
    headers:
      azure-asyncoperation:
      - https://management.azure.com/subscriptions/00000000-0000-0000-0000-000000000000/providers/Microsoft.DocumentDB/locations/westus/operationsStatus/7707f975-a58a-48ef-a16f-c328fd36c2c6?api-version=2023-04-15
      cache-control:
      - no-store, no-cache
      content-length:
      - '21'
      content-type:
      - application/json
      date:
      - Tue, 30 May 2023 19:55:01 GMT
      location:
      - https://management.azure.com/subscriptions/00000000-0000-0000-0000-000000000000/resourceGroups/cli_test_cosmosdb_sql_role000001/providers/Microsoft.DocumentDB/databaseAccounts/cli000002/sqlRoleAssignments/cb8ed2d7-2371-4e3c-bd31-6cc1560e84f8/operationResults/7707f975-a58a-48ef-a16f-c328fd36c2c6?api-version=2023-04-15
      pragma:
      - no-cache
      server:
      - Microsoft-HTTPAPI/2.0
      strict-transport-security:
      - max-age=31536000; includeSubDomains
      x-content-type-options:
      - nosniff
      x-ms-gatewayversion:
      - version=2.14.0
      x-ms-ratelimit-remaining-subscription-writes:
      - '1197'
    status:
      code: 202
      message: Accepted
- request:
    body: null
    headers:
      Accept:
      - '*/*'
      Accept-Encoding:
      - gzip, deflate
      CommandName:
      - cosmosdb sql role assignment create
      Connection:
      - keep-alive
      ParameterSetName:
      - -g -a -s -p -d -i
      User-Agent:
      - AZURECLI/2.49.0 azsdk-python-mgmt-cosmosdb/9.2.0 Python/3.10.11 (Windows-10-10.0.22621-SP0)
    method: GET
    uri: https://management.azure.com/subscriptions/00000000-0000-0000-0000-000000000000/providers/Microsoft.DocumentDB/locations/westus/operationsStatus/7707f975-a58a-48ef-a16f-c328fd36c2c6?api-version=2023-04-15
  response:
    body:
      string: '{"status":"Enqueued"}'
    headers:
      cache-control:
      - no-store, no-cache
      content-length:
      - '21'
      content-type:
      - application/json
      date:
      - Tue, 30 May 2023 19:55:01 GMT
      pragma:
      - no-cache
      server:
      - Microsoft-HTTPAPI/2.0
      strict-transport-security:
      - max-age=31536000; includeSubDomains
      transfer-encoding:
      - chunked
      vary:
      - Accept-Encoding
      x-content-type-options:
      - nosniff
      x-ms-gatewayversion:
      - version=2.14.0
    status:
      code: 200
      message: Ok
- request:
    body: null
    headers:
      Accept:
      - '*/*'
      Accept-Encoding:
      - gzip, deflate
      CommandName:
      - cosmosdb sql role assignment create
      Connection:
      - keep-alive
      ParameterSetName:
      - -g -a -s -p -d -i
      User-Agent:
      - AZURECLI/2.49.0 azsdk-python-mgmt-cosmosdb/9.2.0 Python/3.10.11 (Windows-10-10.0.22621-SP0)
    method: GET
    uri: https://management.azure.com/subscriptions/00000000-0000-0000-0000-000000000000/providers/Microsoft.DocumentDB/locations/westus/operationsStatus/7707f975-a58a-48ef-a16f-c328fd36c2c6?api-version=2023-04-15
  response:
    body:
      string: '{"status":"Succeeded"}'
    headers:
      cache-control:
      - no-store, no-cache
      content-length:
      - '22'
      content-type:
      - application/json
      date:
      - Tue, 30 May 2023 19:55:32 GMT
      pragma:
      - no-cache
      server:
      - Microsoft-HTTPAPI/2.0
      strict-transport-security:
      - max-age=31536000; includeSubDomains
      transfer-encoding:
      - chunked
      vary:
      - Accept-Encoding
      x-content-type-options:
      - nosniff
      x-ms-gatewayversion:
      - version=2.14.0
    status:
      code: 200
      message: Ok
- request:
    body: null
    headers:
      Accept:
      - '*/*'
      Accept-Encoding:
      - gzip, deflate
      CommandName:
      - cosmosdb sql role assignment create
      Connection:
      - keep-alive
      ParameterSetName:
      - -g -a -s -p -d -i
      User-Agent:
      - AZURECLI/2.49.0 azsdk-python-mgmt-cosmosdb/9.2.0 Python/3.10.11 (Windows-10-10.0.22621-SP0)
    method: GET
    uri: https://management.azure.com/subscriptions/00000000-0000-0000-0000-000000000000/resourceGroups/cli_test_cosmosdb_sql_role000001/providers/Microsoft.DocumentDB/databaseAccounts/cli000002/sqlRoleAssignments/cb8ed2d7-2371-4e3c-bd31-6cc1560e84f8?api-version=2023-04-15
  response:
    body:
      string: '{"id":"/subscriptions/00000000-0000-0000-0000-000000000000/resourceGroups/cli_test_cosmosdb_sql_role000001/providers/Microsoft.DocumentDB/databaseAccounts/cli000002/sqlRoleAssignments/cb8ed2d7-2371-4e3c-bd31-6cc1560e84f8","name":"cb8ed2d7-2371-4e3c-bd31-6cc1560e84f8","properties":{"roleDefinitionId":"/subscriptions/00000000-0000-0000-0000-000000000000/resourceGroups/cli_test_cosmosdb_sql_role000001/providers/Microsoft.DocumentDB/databaseAccounts/cli000002/sqlRoleDefinitions/be79875a-2cc4-40d5-8958-566017875b39","principalId":"ed4c2395-a18c-4018-afb3-6e521e7534d2","scope":"/subscriptions/00000000-0000-0000-0000-000000000000/resourceGroups/cli_test_cosmosdb_sql_role000001/providers/Microsoft.DocumentDB/databaseAccounts/cli000002/dbs/cli000003"},"type":"Microsoft.DocumentDB/databaseAccounts/sqlRoleAssignments"}'
    headers:
      cache-control:
      - no-store, no-cache
      content-length:
      - '819'
      content-type:
      - application/json
      date:
      - Tue, 30 May 2023 19:55:32 GMT
      pragma:
      - no-cache
      server:
      - Microsoft-HTTPAPI/2.0
      strict-transport-security:
      - max-age=31536000; includeSubDomains
      transfer-encoding:
      - chunked
      vary:
      - Accept-Encoding
      x-content-type-options:
      - nosniff
      x-ms-gatewayversion:
      - version=2.14.0
    status:
      code: 200
      message: Ok
- request:
    body: null
    headers:
      Accept:
      - application/json
      Accept-Encoding:
      - gzip, deflate
      CommandName:
      - cosmosdb sql role assignment exists
      Connection:
      - keep-alive
      ParameterSetName:
      - -g -a -i
      User-Agent:
      - AZURECLI/2.49.0 azsdk-python-mgmt-cosmosdb/9.2.0 Python/3.10.11 (Windows-10-10.0.22621-SP0)
    method: GET
    uri: https://management.azure.com/subscriptions/00000000-0000-0000-0000-000000000000/resourceGroups/cli_test_cosmosdb_sql_role000001/providers/Microsoft.DocumentDB/databaseAccounts/cli000002/sqlRoleAssignments/cb8ed2d7-2371-4e3c-bd31-6cc1560e84f8?api-version=2023-04-15
  response:
    body:
      string: '{"id":"/subscriptions/00000000-0000-0000-0000-000000000000/resourceGroups/cli_test_cosmosdb_sql_role000001/providers/Microsoft.DocumentDB/databaseAccounts/cli000002/sqlRoleAssignments/cb8ed2d7-2371-4e3c-bd31-6cc1560e84f8","name":"cb8ed2d7-2371-4e3c-bd31-6cc1560e84f8","properties":{"roleDefinitionId":"/subscriptions/00000000-0000-0000-0000-000000000000/resourceGroups/cli_test_cosmosdb_sql_role000001/providers/Microsoft.DocumentDB/databaseAccounts/cli000002/sqlRoleDefinitions/be79875a-2cc4-40d5-8958-566017875b39","principalId":"ed4c2395-a18c-4018-afb3-6e521e7534d2","scope":"/subscriptions/00000000-0000-0000-0000-000000000000/resourceGroups/cli_test_cosmosdb_sql_role000001/providers/Microsoft.DocumentDB/databaseAccounts/cli000002/dbs/cli000003"},"type":"Microsoft.DocumentDB/databaseAccounts/sqlRoleAssignments"}'
    headers:
      cache-control:
      - no-store, no-cache
      content-length:
      - '819'
      content-type:
      - application/json
      date:
      - Tue, 30 May 2023 19:55:34 GMT
      pragma:
      - no-cache
      server:
      - Microsoft-HTTPAPI/2.0
      strict-transport-security:
      - max-age=31536000; includeSubDomains
      transfer-encoding:
      - chunked
      vary:
      - Accept-Encoding
      x-content-type-options:
      - nosniff
      x-ms-gatewayversion:
      - version=2.14.0
    status:
      code: 200
      message: Ok
- request:
    body: null
    headers:
      Accept:
      - application/json
      Accept-Encoding:
      - gzip, deflate
      CommandName:
      - cosmosdb sql role assignment show
      Connection:
      - keep-alive
      ParameterSetName:
      - -g -a -i
      User-Agent:
      - AZURECLI/2.49.0 azsdk-python-mgmt-cosmosdb/9.2.0 Python/3.10.11 (Windows-10-10.0.22621-SP0)
    method: GET
    uri: https://management.azure.com/subscriptions/00000000-0000-0000-0000-000000000000/resourceGroups/cli_test_cosmosdb_sql_role000001/providers/Microsoft.DocumentDB/databaseAccounts/cli000002/sqlRoleAssignments/cb8ed2d7-2371-4e3c-bd31-6cc1560e84f8?api-version=2023-04-15
  response:
    body:
      string: '{"id":"/subscriptions/00000000-0000-0000-0000-000000000000/resourceGroups/cli_test_cosmosdb_sql_role000001/providers/Microsoft.DocumentDB/databaseAccounts/cli000002/sqlRoleAssignments/cb8ed2d7-2371-4e3c-bd31-6cc1560e84f8","name":"cb8ed2d7-2371-4e3c-bd31-6cc1560e84f8","properties":{"roleDefinitionId":"/subscriptions/00000000-0000-0000-0000-000000000000/resourceGroups/cli_test_cosmosdb_sql_role000001/providers/Microsoft.DocumentDB/databaseAccounts/cli000002/sqlRoleDefinitions/be79875a-2cc4-40d5-8958-566017875b39","principalId":"ed4c2395-a18c-4018-afb3-6e521e7534d2","scope":"/subscriptions/00000000-0000-0000-0000-000000000000/resourceGroups/cli_test_cosmosdb_sql_role000001/providers/Microsoft.DocumentDB/databaseAccounts/cli000002/dbs/cli000003"},"type":"Microsoft.DocumentDB/databaseAccounts/sqlRoleAssignments"}'
    headers:
      cache-control:
      - no-store, no-cache
      content-length:
      - '819'
      content-type:
      - application/json
      date:
      - Tue, 30 May 2023 19:55:34 GMT
      pragma:
      - no-cache
      server:
      - Microsoft-HTTPAPI/2.0
      strict-transport-security:
      - max-age=31536000; includeSubDomains
      transfer-encoding:
      - chunked
      vary:
      - Accept-Encoding
      x-content-type-options:
      - nosniff
      x-ms-gatewayversion:
      - version=2.14.0
    status:
      code: 200
      message: Ok
- request:
    body: null
    headers:
      Accept:
      - application/json
      Accept-Encoding:
      - gzip, deflate
      CommandName:
      - cosmosdb sql role assignment update
      Connection:
      - keep-alive
      ParameterSetName:
      - -g -a -d -i
      User-Agent:
      - AZURECLI/2.49.0 azsdk-python-mgmt-cosmosdb/9.2.0 Python/3.10.11 (Windows-10-10.0.22621-SP0)
    method: GET
    uri: https://management.azure.com/subscriptions/00000000-0000-0000-0000-000000000000/resourceGroups/cli_test_cosmosdb_sql_role000001/providers/Microsoft.DocumentDB/databaseAccounts/cli000002/sqlRoleAssignments/cb8ed2d7-2371-4e3c-bd31-6cc1560e84f8?api-version=2023-04-15
  response:
    body:
      string: '{"id":"/subscriptions/00000000-0000-0000-0000-000000000000/resourceGroups/cli_test_cosmosdb_sql_role000001/providers/Microsoft.DocumentDB/databaseAccounts/cli000002/sqlRoleAssignments/cb8ed2d7-2371-4e3c-bd31-6cc1560e84f8","name":"cb8ed2d7-2371-4e3c-bd31-6cc1560e84f8","properties":{"roleDefinitionId":"/subscriptions/00000000-0000-0000-0000-000000000000/resourceGroups/cli_test_cosmosdb_sql_role000001/providers/Microsoft.DocumentDB/databaseAccounts/cli000002/sqlRoleDefinitions/be79875a-2cc4-40d5-8958-566017875b39","principalId":"ed4c2395-a18c-4018-afb3-6e521e7534d2","scope":"/subscriptions/00000000-0000-0000-0000-000000000000/resourceGroups/cli_test_cosmosdb_sql_role000001/providers/Microsoft.DocumentDB/databaseAccounts/cli000002/dbs/cli000003"},"type":"Microsoft.DocumentDB/databaseAccounts/sqlRoleAssignments"}'
    headers:
      cache-control:
      - no-store, no-cache
      content-length:
      - '819'
      content-type:
      - application/json
      date:
      - Tue, 30 May 2023 19:55:35 GMT
      pragma:
      - no-cache
      server:
      - Microsoft-HTTPAPI/2.0
      strict-transport-security:
      - max-age=31536000; includeSubDomains
      transfer-encoding:
      - chunked
      vary:
      - Accept-Encoding
      x-content-type-options:
      - nosniff
      x-ms-gatewayversion:
      - version=2.14.0
    status:
      code: 200
      message: Ok
- request:
    body: '{"properties": {"roleDefinitionId": "/subscriptions/00000000-0000-0000-0000-000000000000/resourceGroups/cli_test_cosmosdb_sql_role000001/providers/Microsoft.DocumentDB/databaseAccounts/cli000002/sqlRoleDefinitions/6328f5f7-dbf7-4244-bba8-fbb9d8066506",
      "scope": "/subscriptions/00000000-0000-0000-0000-000000000000/resourceGroups/cli_test_cosmosdb_sql_role000001/providers/Microsoft.DocumentDB/databaseAccounts/cli000002/dbs/cli000003",
      "principalId": "ed4c2395-a18c-4018-afb3-6e521e7534d2"}}'
    headers:
      Accept:
      - application/json
      Accept-Encoding:
      - gzip, deflate
      CommandName:
      - cosmosdb sql role assignment update
      Connection:
      - keep-alive
      Content-Length:
      - '492'
      Content-Type:
      - application/json
      ParameterSetName:
      - -g -a -d -i
      User-Agent:
      - AZURECLI/2.49.0 azsdk-python-mgmt-cosmosdb/9.2.0 Python/3.10.11 (Windows-10-10.0.22621-SP0)
    method: PUT
    uri: https://management.azure.com/subscriptions/00000000-0000-0000-0000-000000000000/resourceGroups/cli_test_cosmosdb_sql_role000001/providers/Microsoft.DocumentDB/databaseAccounts/cli000002/sqlRoleAssignments/cb8ed2d7-2371-4e3c-bd31-6cc1560e84f8?api-version=2023-04-15
  response:
    body:
      string: '{"status":"Enqueued"}'
    headers:
      azure-asyncoperation:
      - https://management.azure.com/subscriptions/00000000-0000-0000-0000-000000000000/providers/Microsoft.DocumentDB/locations/westus/operationsStatus/866da254-5b92-4a84-8dcd-d5db298a75b7?api-version=2023-04-15
      cache-control:
      - no-store, no-cache
      content-length:
      - '21'
      content-type:
      - application/json
      date:
      - Tue, 30 May 2023 19:55:36 GMT
      location:
      - https://management.azure.com/subscriptions/00000000-0000-0000-0000-000000000000/resourceGroups/cli_test_cosmosdb_sql_role000001/providers/Microsoft.DocumentDB/databaseAccounts/cli000002/sqlRoleAssignments/cb8ed2d7-2371-4e3c-bd31-6cc1560e84f8/operationResults/866da254-5b92-4a84-8dcd-d5db298a75b7?api-version=2023-04-15
      pragma:
      - no-cache
      server:
      - Microsoft-HTTPAPI/2.0
      strict-transport-security:
      - max-age=31536000; includeSubDomains
      x-content-type-options:
      - nosniff
      x-ms-gatewayversion:
      - version=2.14.0
      x-ms-ratelimit-remaining-subscription-writes:
      - '1197'
    status:
      code: 202
      message: Accepted
- request:
    body: null
    headers:
      Accept:
      - '*/*'
      Accept-Encoding:
      - gzip, deflate
      CommandName:
      - cosmosdb sql role assignment update
      Connection:
      - keep-alive
      ParameterSetName:
      - -g -a -d -i
      User-Agent:
      - AZURECLI/2.49.0 azsdk-python-mgmt-cosmosdb/9.2.0 Python/3.10.11 (Windows-10-10.0.22621-SP0)
    method: GET
    uri: https://management.azure.com/subscriptions/00000000-0000-0000-0000-000000000000/providers/Microsoft.DocumentDB/locations/westus/operationsStatus/866da254-5b92-4a84-8dcd-d5db298a75b7?api-version=2023-04-15
  response:
    body:
      string: '{"status":"Enqueued"}'
    headers:
      cache-control:
      - no-store, no-cache
      content-length:
      - '21'
      content-type:
      - application/json
      date:
      - Tue, 30 May 2023 19:55:36 GMT
      pragma:
      - no-cache
      server:
      - Microsoft-HTTPAPI/2.0
      strict-transport-security:
      - max-age=31536000; includeSubDomains
      transfer-encoding:
      - chunked
      vary:
      - Accept-Encoding
      x-content-type-options:
      - nosniff
      x-ms-gatewayversion:
      - version=2.14.0
    status:
      code: 200
      message: Ok
- request:
    body: null
    headers:
      Accept:
      - '*/*'
      Accept-Encoding:
      - gzip, deflate
      CommandName:
      - cosmosdb sql role assignment update
      Connection:
      - keep-alive
      ParameterSetName:
      - -g -a -d -i
      User-Agent:
      - AZURECLI/2.49.0 azsdk-python-mgmt-cosmosdb/9.2.0 Python/3.10.11 (Windows-10-10.0.22621-SP0)
    method: GET
    uri: https://management.azure.com/subscriptions/00000000-0000-0000-0000-000000000000/providers/Microsoft.DocumentDB/locations/westus/operationsStatus/866da254-5b92-4a84-8dcd-d5db298a75b7?api-version=2023-04-15
  response:
    body:
      string: '{"status":"Succeeded"}'
    headers:
      cache-control:
      - no-store, no-cache
      content-length:
      - '22'
      content-type:
      - application/json
      date:
      - Tue, 30 May 2023 19:56:07 GMT
      pragma:
      - no-cache
      server:
      - Microsoft-HTTPAPI/2.0
      strict-transport-security:
      - max-age=31536000; includeSubDomains
      transfer-encoding:
      - chunked
      vary:
      - Accept-Encoding
      x-content-type-options:
      - nosniff
      x-ms-gatewayversion:
      - version=2.14.0
    status:
      code: 200
      message: Ok
- request:
    body: null
    headers:
      Accept:
      - '*/*'
      Accept-Encoding:
      - gzip, deflate
      CommandName:
      - cosmosdb sql role assignment update
      Connection:
      - keep-alive
      ParameterSetName:
      - -g -a -d -i
      User-Agent:
      - AZURECLI/2.49.0 azsdk-python-mgmt-cosmosdb/9.2.0 Python/3.10.11 (Windows-10-10.0.22621-SP0)
    method: GET
    uri: https://management.azure.com/subscriptions/00000000-0000-0000-0000-000000000000/resourceGroups/cli_test_cosmosdb_sql_role000001/providers/Microsoft.DocumentDB/databaseAccounts/cli000002/sqlRoleAssignments/cb8ed2d7-2371-4e3c-bd31-6cc1560e84f8?api-version=2023-04-15
  response:
    body:
      string: '{"id":"/subscriptions/00000000-0000-0000-0000-000000000000/resourceGroups/cli_test_cosmosdb_sql_role000001/providers/Microsoft.DocumentDB/databaseAccounts/cli000002/sqlRoleAssignments/cb8ed2d7-2371-4e3c-bd31-6cc1560e84f8","name":"cb8ed2d7-2371-4e3c-bd31-6cc1560e84f8","properties":{"roleDefinitionId":"/subscriptions/00000000-0000-0000-0000-000000000000/resourceGroups/cli_test_cosmosdb_sql_role000001/providers/Microsoft.DocumentDB/databaseAccounts/cli000002/sqlRoleDefinitions/6328f5f7-dbf7-4244-bba8-fbb9d8066506","principalId":"ed4c2395-a18c-4018-afb3-6e521e7534d2","scope":"/subscriptions/00000000-0000-0000-0000-000000000000/resourceGroups/cli_test_cosmosdb_sql_role000001/providers/Microsoft.DocumentDB/databaseAccounts/cli000002/dbs/cli000003"},"type":"Microsoft.DocumentDB/databaseAccounts/sqlRoleAssignments"}'
    headers:
      cache-control:
      - no-store, no-cache
      content-length:
      - '819'
      content-type:
      - application/json
      date:
      - Tue, 30 May 2023 19:56:08 GMT
      pragma:
      - no-cache
      server:
      - Microsoft-HTTPAPI/2.0
      strict-transport-security:
      - max-age=31536000; includeSubDomains
      transfer-encoding:
      - chunked
      vary:
      - Accept-Encoding
      x-content-type-options:
      - nosniff
      x-ms-gatewayversion:
      - version=2.14.0
    status:
      code: 200
      message: Ok
- request:
    body: null
    headers:
      Accept:
      - application/json
      Accept-Encoding:
      - gzip, deflate
      CommandName:
      - cosmosdb sql role assignment create
      Connection:
      - keep-alive
      ParameterSetName:
      - -g -a -s -p -n -i
      User-Agent:
      - AZURECLI/2.49.0 azsdk-python-mgmt-cosmosdb/9.2.0 Python/3.10.11 (Windows-10-10.0.22621-SP0)
    method: GET
    uri: https://management.azure.com/subscriptions/00000000-0000-0000-0000-000000000000/resourceGroups/cli_test_cosmosdb_sql_role000001/providers/Microsoft.DocumentDB/databaseAccounts/cli000002/sqlRoleDefinitions?api-version=2023-04-15
  response:
    body:
      string: '{"value":[{"id":"/subscriptions/00000000-0000-0000-0000-000000000000/resourceGroups/cli_test_cosmosdb_sql_role000001/providers/Microsoft.DocumentDB/databaseAccounts/cli000002/sqlRoleDefinitions/6328f5f7-dbf7-4244-bba8-fbb9d8066506","name":"6328f5f7-dbf7-4244-bba8-fbb9d8066506","properties":{"roleName":"roleName3","type":"CustomRole","assignableScopes":["/subscriptions/00000000-0000-0000-0000-000000000000/resourceGroups/cli_test_cosmosdb_sql_role000001/providers/Microsoft.DocumentDB/databaseAccounts/cli000002"],"permissions":[{"dataActions":["Microsoft.DocumentDB/databaseAccounts/sqlDatabases/containers/items/create"],"notDataActions":[]},{"dataActions":["Microsoft.DocumentDB/databaseAccounts/sqlDatabases/containers/items/read"],"notDataActions":[]},{"dataActions":["Microsoft.DocumentDB/databaseAccounts/sqlDatabases/containers/items/replace"],"notDataActions":[]}]},"type":"Microsoft.DocumentDB/databaseAccounts/sqlRoleDefinitions"},{"id":"/subscriptions/00000000-0000-0000-0000-000000000000/resourceGroups/cli_test_cosmosdb_sql_role000001/providers/Microsoft.DocumentDB/databaseAccounts/cli000002/sqlRoleDefinitions/be79875a-2cc4-40d5-8958-566017875b39","name":"be79875a-2cc4-40d5-8958-566017875b39","properties":{"roleName":"roleName2","type":"CustomRole","assignableScopes":["/subscriptions/00000000-0000-0000-0000-000000000000/resourceGroups/cli_test_cosmosdb_sql_role000001/providers/Microsoft.DocumentDB/databaseAccounts/cli000002"],"permissions":[{"dataActions":["Microsoft.DocumentDB/databaseAccounts/sqlDatabases/containers/items/create"],"notDataActions":[]},{"dataActions":["Microsoft.DocumentDB/databaseAccounts/sqlDatabases/containers/items/read"],"notDataActions":[]}]},"type":"Microsoft.DocumentDB/databaseAccounts/sqlRoleDefinitions"},{"id":"/subscriptions/00000000-0000-0000-0000-000000000000/resourceGroups/cli_test_cosmosdb_sql_role000001/providers/Microsoft.DocumentDB/databaseAccounts/cli000002/sqlRoleDefinitions/00000000-0000-0000-0000-000000000001","name":"00000000-0000-0000-0000-000000000001","properties":{"roleName":"Cosmos
        DB Built-in Data Reader","type":"BuiltInRole","assignableScopes":["/subscriptions/00000000-0000-0000-0000-000000000000/resourceGroups/cli_test_cosmosdb_sql_role000001/providers/Microsoft.DocumentDB/databaseAccounts/cli000002"],"permissions":[{"dataActions":["Microsoft.DocumentDB/databaseAccounts/readMetadata","Microsoft.DocumentDB/databaseAccounts/sqlDatabases/containers/executeQuery","Microsoft.DocumentDB/databaseAccounts/sqlDatabases/containers/readChangeFeed","Microsoft.DocumentDB/databaseAccounts/sqlDatabases/containers/items/read"],"notDataActions":[]}]},"type":"Microsoft.DocumentDB/databaseAccounts/sqlRoleDefinitions"},{"id":"/subscriptions/00000000-0000-0000-0000-000000000000/resourceGroups/cli_test_cosmosdb_sql_role000001/providers/Microsoft.DocumentDB/databaseAccounts/cli000002/sqlRoleDefinitions/00000000-0000-0000-0000-000000000002","name":"00000000-0000-0000-0000-000000000002","properties":{"roleName":"Cosmos
        DB Built-in Data Contributor","type":"BuiltInRole","assignableScopes":["/subscriptions/00000000-0000-0000-0000-000000000000/resourceGroups/cli_test_cosmosdb_sql_role000001/providers/Microsoft.DocumentDB/databaseAccounts/cli000002"],"permissions":[{"dataActions":["Microsoft.DocumentDB/databaseAccounts/readMetadata","Microsoft.DocumentDB/databaseAccounts/sqlDatabases/containers/*","Microsoft.DocumentDB/databaseAccounts/sqlDatabases/containers/items/*"],"notDataActions":[]}]},"type":"Microsoft.DocumentDB/databaseAccounts/sqlRoleDefinitions"}]}'
    headers:
      cache-control:
      - no-store, no-cache
      content-length:
      - '3543'
      content-type:
      - application/json
      date:
      - Tue, 30 May 2023 19:56:08 GMT
      pragma:
      - no-cache
      server:
      - Microsoft-HTTPAPI/2.0
      strict-transport-security:
      - max-age=31536000; includeSubDomains
      transfer-encoding:
      - chunked
      vary:
      - Accept-Encoding
      x-content-type-options:
      - nosniff
      x-ms-gatewayversion:
      - version=2.14.0
    status:
      code: 200
      message: Ok
- request:
    body: '{"properties": {"roleDefinitionId": "/subscriptions/00000000-0000-0000-0000-000000000000/resourceGroups/cli_test_cosmosdb_sql_role000001/providers/Microsoft.DocumentDB/databaseAccounts/cli000002/sqlRoleDefinitions/be79875a-2cc4-40d5-8958-566017875b39",
      "scope": "/subscriptions/00000000-0000-0000-0000-000000000000/resourceGroups/cli_test_cosmosdb_sql_role000001/providers/Microsoft.DocumentDB/databaseAccounts/cli000002/dbs/cli000003",
      "principalId": "ed4c2395-a18c-4018-afb3-6e521e7534d2"}}'
    headers:
      Accept:
      - application/json
      Accept-Encoding:
      - gzip, deflate
      CommandName:
      - cosmosdb sql role assignment create
      Connection:
      - keep-alive
      Content-Length:
      - '492'
      Content-Type:
      - application/json
      ParameterSetName:
      - -g -a -s -p -n -i
      User-Agent:
      - AZURECLI/2.49.0 azsdk-python-mgmt-cosmosdb/9.2.0 Python/3.10.11 (Windows-10-10.0.22621-SP0)
    method: PUT
    uri: https://management.azure.com/subscriptions/00000000-0000-0000-0000-000000000000/resourceGroups/cli_test_cosmosdb_sql_role000001/providers/Microsoft.DocumentDB/databaseAccounts/cli000002/sqlRoleAssignments/09d117e6-ab6a-4a8b-948a-c6c34aa631db?api-version=2023-04-15
  response:
    body:
      string: '{"status":"Enqueued"}'
    headers:
      azure-asyncoperation:
      - https://management.azure.com/subscriptions/00000000-0000-0000-0000-000000000000/providers/Microsoft.DocumentDB/locations/westus/operationsStatus/ecc860a5-46de-452f-87e0-1e231637baff?api-version=2023-04-15
      cache-control:
      - no-store, no-cache
      content-length:
      - '21'
      content-type:
      - application/json
      date:
      - Tue, 30 May 2023 19:56:09 GMT
      location:
      - https://management.azure.com/subscriptions/00000000-0000-0000-0000-000000000000/resourceGroups/cli_test_cosmosdb_sql_role000001/providers/Microsoft.DocumentDB/databaseAccounts/cli000002/sqlRoleAssignments/09d117e6-ab6a-4a8b-948a-c6c34aa631db/operationResults/ecc860a5-46de-452f-87e0-1e231637baff?api-version=2023-04-15
      pragma:
      - no-cache
      server:
      - Microsoft-HTTPAPI/2.0
      strict-transport-security:
      - max-age=31536000; includeSubDomains
      x-content-type-options:
      - nosniff
      x-ms-gatewayversion:
      - version=2.14.0
      x-ms-ratelimit-remaining-subscription-writes:
      - '1197'
    status:
      code: 202
      message: Accepted
- request:
    body: null
    headers:
      Accept:
      - '*/*'
      Accept-Encoding:
      - gzip, deflate
      CommandName:
      - cosmosdb sql role assignment create
      Connection:
      - keep-alive
      ParameterSetName:
      - -g -a -s -p -n -i
      User-Agent:
      - AZURECLI/2.49.0 azsdk-python-mgmt-cosmosdb/9.2.0 Python/3.10.11 (Windows-10-10.0.22621-SP0)
    method: GET
    uri: https://management.azure.com/subscriptions/00000000-0000-0000-0000-000000000000/providers/Microsoft.DocumentDB/locations/westus/operationsStatus/ecc860a5-46de-452f-87e0-1e231637baff?api-version=2023-04-15
  response:
    body:
      string: '{"status":"Enqueued"}'
    headers:
      cache-control:
      - no-store, no-cache
      content-length:
      - '21'
      content-type:
      - application/json
      date:
      - Tue, 30 May 2023 19:56:09 GMT
      pragma:
      - no-cache
      server:
      - Microsoft-HTTPAPI/2.0
      strict-transport-security:
      - max-age=31536000; includeSubDomains
      transfer-encoding:
      - chunked
      vary:
      - Accept-Encoding
      x-content-type-options:
      - nosniff
      x-ms-gatewayversion:
      - version=2.14.0
    status:
      code: 200
      message: Ok
- request:
    body: null
    headers:
      Accept:
      - '*/*'
      Accept-Encoding:
      - gzip, deflate
      CommandName:
      - cosmosdb sql role assignment create
      Connection:
      - keep-alive
      ParameterSetName:
      - -g -a -s -p -n -i
      User-Agent:
      - AZURECLI/2.49.0 azsdk-python-mgmt-cosmosdb/9.2.0 Python/3.10.11 (Windows-10-10.0.22621-SP0)
    method: GET
    uri: https://management.azure.com/subscriptions/00000000-0000-0000-0000-000000000000/providers/Microsoft.DocumentDB/locations/westus/operationsStatus/ecc860a5-46de-452f-87e0-1e231637baff?api-version=2023-04-15
  response:
    body:
      string: '{"status":"Succeeded"}'
    headers:
      cache-control:
      - no-store, no-cache
      content-length:
      - '22'
      content-type:
      - application/json
      date:
      - Tue, 30 May 2023 19:56:40 GMT
      pragma:
      - no-cache
      server:
      - Microsoft-HTTPAPI/2.0
      strict-transport-security:
      - max-age=31536000; includeSubDomains
      transfer-encoding:
      - chunked
      vary:
      - Accept-Encoding
      x-content-type-options:
      - nosniff
      x-ms-gatewayversion:
      - version=2.14.0
    status:
      code: 200
      message: Ok
- request:
    body: null
    headers:
      Accept:
      - '*/*'
      Accept-Encoding:
      - gzip, deflate
      CommandName:
      - cosmosdb sql role assignment create
      Connection:
      - keep-alive
      ParameterSetName:
      - -g -a -s -p -n -i
      User-Agent:
      - AZURECLI/2.49.0 azsdk-python-mgmt-cosmosdb/9.2.0 Python/3.10.11 (Windows-10-10.0.22621-SP0)
    method: GET
    uri: https://management.azure.com/subscriptions/00000000-0000-0000-0000-000000000000/resourceGroups/cli_test_cosmosdb_sql_role000001/providers/Microsoft.DocumentDB/databaseAccounts/cli000002/sqlRoleAssignments/09d117e6-ab6a-4a8b-948a-c6c34aa631db?api-version=2023-04-15
  response:
    body:
      string: '{"id":"/subscriptions/00000000-0000-0000-0000-000000000000/resourceGroups/cli_test_cosmosdb_sql_role000001/providers/Microsoft.DocumentDB/databaseAccounts/cli000002/sqlRoleAssignments/09d117e6-ab6a-4a8b-948a-c6c34aa631db","name":"09d117e6-ab6a-4a8b-948a-c6c34aa631db","properties":{"roleDefinitionId":"/subscriptions/00000000-0000-0000-0000-000000000000/resourceGroups/cli_test_cosmosdb_sql_role000001/providers/Microsoft.DocumentDB/databaseAccounts/cli000002/sqlRoleDefinitions/be79875a-2cc4-40d5-8958-566017875b39","principalId":"ed4c2395-a18c-4018-afb3-6e521e7534d2","scope":"/subscriptions/00000000-0000-0000-0000-000000000000/resourceGroups/cli_test_cosmosdb_sql_role000001/providers/Microsoft.DocumentDB/databaseAccounts/cli000002/dbs/cli000003"},"type":"Microsoft.DocumentDB/databaseAccounts/sqlRoleAssignments"}'
    headers:
      cache-control:
      - no-store, no-cache
      content-length:
      - '819'
      content-type:
      - application/json
      date:
      - Tue, 30 May 2023 19:56:40 GMT
      pragma:
      - no-cache
      server:
      - Microsoft-HTTPAPI/2.0
      strict-transport-security:
      - max-age=31536000; includeSubDomains
      transfer-encoding:
      - chunked
      vary:
      - Accept-Encoding
      x-content-type-options:
      - nosniff
      x-ms-gatewayversion:
      - version=2.14.0
    status:
      code: 200
      message: Ok
- request:
    body: null
    headers:
      Accept:
      - application/json
      Accept-Encoding:
      - gzip, deflate
      CommandName:
      - cosmosdb sql role assignment exists
      Connection:
      - keep-alive
      ParameterSetName:
      - -g -a -i
      User-Agent:
      - AZURECLI/2.49.0 azsdk-python-mgmt-cosmosdb/9.2.0 Python/3.10.11 (Windows-10-10.0.22621-SP0)
    method: GET
    uri: https://management.azure.com/subscriptions/00000000-0000-0000-0000-000000000000/resourceGroups/cli_test_cosmosdb_sql_role000001/providers/Microsoft.DocumentDB/databaseAccounts/cli000002/sqlRoleAssignments/d6496da9-2eb3-472a-ba38-140fa2a6a304?api-version=2023-04-15
  response:
    body:
      string: '{"code":"NotFound","message":"Unable to find a SQL Role Assignment
        with ID [d6496da9-2eb3-472a-ba38-140fa2a6a304].\r\nActivityId: 1872628e-ff24-11ed-8950-2c0da71935e7,
        Microsoft.Azure.Documents.Common/2.14.0"}'
    headers:
      cache-control:
      - no-store, no-cache
      content-length:
      - '209'
      content-type:
      - application/json
      date:
      - Tue, 30 May 2023 19:56:41 GMT
      pragma:
      - no-cache
      server:
      - Microsoft-HTTPAPI/2.0
      strict-transport-security:
      - max-age=31536000; includeSubDomains
      x-content-type-options:
      - nosniff
      x-ms-gatewayversion:
      - version=2.14.0
    status:
      code: 404
      message: NotFound
- request:
    body: null
    headers:
      Accept:
      - application/json
      Accept-Encoding:
      - gzip, deflate
      CommandName:
      - cosmosdb sql role assignment create
      Connection:
      - keep-alive
      ParameterSetName:
      - -g -a -s -p -n -i --no-wait
      User-Agent:
      - AZURECLI/2.49.0 azsdk-python-mgmt-cosmosdb/9.2.0 Python/3.10.11 (Windows-10-10.0.22621-SP0)
    method: GET
    uri: https://management.azure.com/subscriptions/00000000-0000-0000-0000-000000000000/resourceGroups/cli_test_cosmosdb_sql_role000001/providers/Microsoft.DocumentDB/databaseAccounts/cli000002/sqlRoleDefinitions?api-version=2023-04-15
  response:
    body:
      string: '{"value":[{"id":"/subscriptions/00000000-0000-0000-0000-000000000000/resourceGroups/cli_test_cosmosdb_sql_role000001/providers/Microsoft.DocumentDB/databaseAccounts/cli000002/sqlRoleDefinitions/6328f5f7-dbf7-4244-bba8-fbb9d8066506","name":"6328f5f7-dbf7-4244-bba8-fbb9d8066506","properties":{"roleName":"roleName3","type":"CustomRole","assignableScopes":["/subscriptions/00000000-0000-0000-0000-000000000000/resourceGroups/cli_test_cosmosdb_sql_role000001/providers/Microsoft.DocumentDB/databaseAccounts/cli000002"],"permissions":[{"dataActions":["Microsoft.DocumentDB/databaseAccounts/sqlDatabases/containers/items/create"],"notDataActions":[]},{"dataActions":["Microsoft.DocumentDB/databaseAccounts/sqlDatabases/containers/items/read"],"notDataActions":[]},{"dataActions":["Microsoft.DocumentDB/databaseAccounts/sqlDatabases/containers/items/replace"],"notDataActions":[]}]},"type":"Microsoft.DocumentDB/databaseAccounts/sqlRoleDefinitions"},{"id":"/subscriptions/00000000-0000-0000-0000-000000000000/resourceGroups/cli_test_cosmosdb_sql_role000001/providers/Microsoft.DocumentDB/databaseAccounts/cli000002/sqlRoleDefinitions/be79875a-2cc4-40d5-8958-566017875b39","name":"be79875a-2cc4-40d5-8958-566017875b39","properties":{"roleName":"roleName2","type":"CustomRole","assignableScopes":["/subscriptions/00000000-0000-0000-0000-000000000000/resourceGroups/cli_test_cosmosdb_sql_role000001/providers/Microsoft.DocumentDB/databaseAccounts/cli000002"],"permissions":[{"dataActions":["Microsoft.DocumentDB/databaseAccounts/sqlDatabases/containers/items/create"],"notDataActions":[]},{"dataActions":["Microsoft.DocumentDB/databaseAccounts/sqlDatabases/containers/items/read"],"notDataActions":[]}]},"type":"Microsoft.DocumentDB/databaseAccounts/sqlRoleDefinitions"},{"id":"/subscriptions/00000000-0000-0000-0000-000000000000/resourceGroups/cli_test_cosmosdb_sql_role000001/providers/Microsoft.DocumentDB/databaseAccounts/cli000002/sqlRoleDefinitions/00000000-0000-0000-0000-000000000001","name":"00000000-0000-0000-0000-000000000001","properties":{"roleName":"Cosmos
        DB Built-in Data Reader","type":"BuiltInRole","assignableScopes":["/subscriptions/00000000-0000-0000-0000-000000000000/resourceGroups/cli_test_cosmosdb_sql_role000001/providers/Microsoft.DocumentDB/databaseAccounts/cli000002"],"permissions":[{"dataActions":["Microsoft.DocumentDB/databaseAccounts/readMetadata","Microsoft.DocumentDB/databaseAccounts/sqlDatabases/containers/executeQuery","Microsoft.DocumentDB/databaseAccounts/sqlDatabases/containers/readChangeFeed","Microsoft.DocumentDB/databaseAccounts/sqlDatabases/containers/items/read"],"notDataActions":[]}]},"type":"Microsoft.DocumentDB/databaseAccounts/sqlRoleDefinitions"},{"id":"/subscriptions/00000000-0000-0000-0000-000000000000/resourceGroups/cli_test_cosmosdb_sql_role000001/providers/Microsoft.DocumentDB/databaseAccounts/cli000002/sqlRoleDefinitions/00000000-0000-0000-0000-000000000002","name":"00000000-0000-0000-0000-000000000002","properties":{"roleName":"Cosmos
        DB Built-in Data Contributor","type":"BuiltInRole","assignableScopes":["/subscriptions/00000000-0000-0000-0000-000000000000/resourceGroups/cli_test_cosmosdb_sql_role000001/providers/Microsoft.DocumentDB/databaseAccounts/cli000002"],"permissions":[{"dataActions":["Microsoft.DocumentDB/databaseAccounts/readMetadata","Microsoft.DocumentDB/databaseAccounts/sqlDatabases/containers/*","Microsoft.DocumentDB/databaseAccounts/sqlDatabases/containers/items/*"],"notDataActions":[]}]},"type":"Microsoft.DocumentDB/databaseAccounts/sqlRoleDefinitions"}]}'
    headers:
      cache-control:
      - no-store, no-cache
      content-length:
      - '3543'
      content-type:
      - application/json
      date:
      - Tue, 30 May 2023 19:56:42 GMT
      pragma:
      - no-cache
      server:
      - Microsoft-HTTPAPI/2.0
      strict-transport-security:
      - max-age=31536000; includeSubDomains
      transfer-encoding:
      - chunked
      vary:
      - Accept-Encoding
      x-content-type-options:
      - nosniff
      x-ms-gatewayversion:
      - version=2.14.0
    status:
      code: 200
      message: Ok
- request:
    body: '{"properties": {"roleDefinitionId": "/subscriptions/00000000-0000-0000-0000-000000000000/resourceGroups/cli_test_cosmosdb_sql_role000001/providers/Microsoft.DocumentDB/databaseAccounts/cli000002/sqlRoleDefinitions/be79875a-2cc4-40d5-8958-566017875b39",
      "scope": "/subscriptions/00000000-0000-0000-0000-000000000000/resourceGroups/cli_test_cosmosdb_sql_role000001/providers/Microsoft.DocumentDB/databaseAccounts/cli000002/dbs/cli000003",
      "principalId": "ed4c2395-a18c-4018-afb3-6e521e7534d2"}}'
    headers:
      Accept:
      - application/json
      Accept-Encoding:
      - gzip, deflate
      CommandName:
      - cosmosdb sql role assignment create
      Connection:
      - keep-alive
      Content-Length:
      - '492'
      Content-Type:
      - application/json
      ParameterSetName:
      - -g -a -s -p -n -i --no-wait
      User-Agent:
      - AZURECLI/2.49.0 azsdk-python-mgmt-cosmosdb/9.2.0 Python/3.10.11 (Windows-10-10.0.22621-SP0)
    method: PUT
    uri: https://management.azure.com/subscriptions/00000000-0000-0000-0000-000000000000/resourceGroups/cli_test_cosmosdb_sql_role000001/providers/Microsoft.DocumentDB/databaseAccounts/cli000002/sqlRoleAssignments/d6496da9-2eb3-472a-ba38-140fa2a6a304?api-version=2023-04-15
  response:
    body:
      string: '{"status":"Enqueued"}'
    headers:
      azure-asyncoperation:
      - https://management.azure.com/subscriptions/00000000-0000-0000-0000-000000000000/providers/Microsoft.DocumentDB/locations/westus/operationsStatus/f1d676d7-b552-4340-8aa6-18eb90ab5c47?api-version=2023-04-15
      cache-control:
      - no-store, no-cache
      content-length:
      - '21'
      content-type:
      - application/json
      date:
      - Tue, 30 May 2023 19:56:43 GMT
      location:
      - https://management.azure.com/subscriptions/00000000-0000-0000-0000-000000000000/resourceGroups/cli_test_cosmosdb_sql_role000001/providers/Microsoft.DocumentDB/databaseAccounts/cli000002/sqlRoleAssignments/d6496da9-2eb3-472a-ba38-140fa2a6a304/operationResults/f1d676d7-b552-4340-8aa6-18eb90ab5c47?api-version=2023-04-15
      pragma:
      - no-cache
      server:
      - Microsoft-HTTPAPI/2.0
      strict-transport-security:
      - max-age=31536000; includeSubDomains
      x-content-type-options:
      - nosniff
      x-ms-gatewayversion:
      - version=2.14.0
      x-ms-ratelimit-remaining-subscription-writes:
      - '1198'
    status:
      code: 202
      message: Accepted
- request:
    body: null
    headers:
      Accept:
      - application/json
      Accept-Encoding:
      - gzip, deflate
      CommandName:
      - cosmosdb sql role assignment exists
      Connection:
      - keep-alive
      ParameterSetName:
      - -g -a -i
      User-Agent:
      - AZURECLI/2.49.0 azsdk-python-mgmt-cosmosdb/9.2.0 Python/3.10.11 (Windows-10-10.0.22621-SP0)
    method: GET
    uri: https://management.azure.com/subscriptions/00000000-0000-0000-0000-000000000000/resourceGroups/cli_test_cosmosdb_sql_role000001/providers/Microsoft.DocumentDB/databaseAccounts/cli000002/sqlRoleAssignments/d6496da9-2eb3-472a-ba38-140fa2a6a304?api-version=2023-04-15
  response:
    body:
      string: '{"code":"NotFound","message":"Unable to find a SQL Role Assignment
        with ID [d6496da9-2eb3-472a-ba38-140fa2a6a304].\r\nActivityId: 1a131542-ff24-11ed-b02e-2c0da71935e7,
        Microsoft.Azure.Documents.Common/2.14.0"}'
    headers:
      cache-control:
      - no-store, no-cache
      content-length:
      - '209'
      content-type:
      - application/json
      date:
      - Tue, 30 May 2023 19:56:45 GMT
      pragma:
      - no-cache
      server:
      - Microsoft-HTTPAPI/2.0
      strict-transport-security:
      - max-age=31536000; includeSubDomains
      x-content-type-options:
      - nosniff
      x-ms-gatewayversion:
      - version=2.14.0
    status:
      code: 404
      message: NotFound
- request:
    body: null
    headers:
      Accept:
      - application/json
      Accept-Encoding:
      - gzip, deflate
      CommandName:
      - cosmosdb sql role assignment wait
      Connection:
      - keep-alive
      ParameterSetName:
      - -g -a -i --exists
      User-Agent:
      - AZURECLI/2.49.0 azsdk-python-mgmt-cosmosdb/9.2.0 Python/3.10.11 (Windows-10-10.0.22621-SP0)
    method: GET
    uri: https://management.azure.com/subscriptions/00000000-0000-0000-0000-000000000000/resourceGroups/cli_test_cosmosdb_sql_role000001/providers/Microsoft.DocumentDB/databaseAccounts/cli000002/sqlRoleAssignments/d6496da9-2eb3-472a-ba38-140fa2a6a304?api-version=2023-04-15
  response:
    body:
      string: '{"code":"NotFound","message":"Unable to find a SQL Role Assignment
        with ID [d6496da9-2eb3-472a-ba38-140fa2a6a304].\r\nActivityId: 1ac40f9c-ff24-11ed-b9c0-2c0da71935e7,
        Microsoft.Azure.Documents.Common/2.14.0"}'
    headers:
      cache-control:
      - no-store, no-cache
      content-length:
      - '209'
      content-type:
      - application/json
      date:
      - Tue, 30 May 2023 19:56:46 GMT
      pragma:
      - no-cache
      server:
      - Microsoft-HTTPAPI/2.0
      strict-transport-security:
      - max-age=31536000; includeSubDomains
      x-content-type-options:
      - nosniff
      x-ms-gatewayversion:
      - version=2.14.0
    status:
      code: 404
      message: NotFound
- request:
    body: null
    headers:
      Accept:
      - application/json
      Accept-Encoding:
      - gzip, deflate
      CommandName:
      - cosmosdb sql role assignment wait
      Connection:
      - keep-alive
      ParameterSetName:
      - -g -a -i --exists
      User-Agent:
      - AZURECLI/2.49.0 azsdk-python-mgmt-cosmosdb/9.2.0 Python/3.10.11 (Windows-10-10.0.22621-SP0)
    method: GET
    uri: https://management.azure.com/subscriptions/00000000-0000-0000-0000-000000000000/resourceGroups/cli_test_cosmosdb_sql_role000001/providers/Microsoft.DocumentDB/databaseAccounts/cli000002/sqlRoleAssignments/d6496da9-2eb3-472a-ba38-140fa2a6a304?api-version=2023-04-15
  response:
    body:
      string: '{"id":"/subscriptions/00000000-0000-0000-0000-000000000000/resourceGroups/cli_test_cosmosdb_sql_role000001/providers/Microsoft.DocumentDB/databaseAccounts/cli000002/sqlRoleAssignments/d6496da9-2eb3-472a-ba38-140fa2a6a304","name":"d6496da9-2eb3-472a-ba38-140fa2a6a304","properties":{"roleDefinitionId":"/subscriptions/00000000-0000-0000-0000-000000000000/resourceGroups/cli_test_cosmosdb_sql_role000001/providers/Microsoft.DocumentDB/databaseAccounts/cli000002/sqlRoleDefinitions/be79875a-2cc4-40d5-8958-566017875b39","principalId":"ed4c2395-a18c-4018-afb3-6e521e7534d2","scope":"/subscriptions/00000000-0000-0000-0000-000000000000/resourceGroups/cli_test_cosmosdb_sql_role000001/providers/Microsoft.DocumentDB/databaseAccounts/cli000002/dbs/cli000003"},"type":"Microsoft.DocumentDB/databaseAccounts/sqlRoleAssignments"}'
    headers:
      cache-control:
      - no-store, no-cache
      content-length:
      - '819'
      content-type:
      - application/json
      date:
      - Tue, 30 May 2023 19:57:16 GMT
      pragma:
      - no-cache
      server:
      - Microsoft-HTTPAPI/2.0
      strict-transport-security:
      - max-age=31536000; includeSubDomains
      transfer-encoding:
      - chunked
      vary:
      - Accept-Encoding
      x-content-type-options:
      - nosniff
      x-ms-gatewayversion:
      - version=2.14.0
    status:
      code: 200
      message: Ok
- request:
    body: null
    headers:
      Accept:
      - application/json
      Accept-Encoding:
      - gzip, deflate
      CommandName:
      - cosmosdb sql role assignment exists
      Connection:
      - keep-alive
      ParameterSetName:
      - -g -a -i
      User-Agent:
      - AZURECLI/2.49.0 azsdk-python-mgmt-cosmosdb/9.2.0 Python/3.10.11 (Windows-10-10.0.22621-SP0)
    method: GET
    uri: https://management.azure.com/subscriptions/00000000-0000-0000-0000-000000000000/resourceGroups/cli_test_cosmosdb_sql_role000001/providers/Microsoft.DocumentDB/databaseAccounts/cli000002/sqlRoleAssignments/d6496da9-2eb3-472a-ba38-140fa2a6a304?api-version=2023-04-15
  response:
    body:
      string: '{"id":"/subscriptions/00000000-0000-0000-0000-000000000000/resourceGroups/cli_test_cosmosdb_sql_role000001/providers/Microsoft.DocumentDB/databaseAccounts/cli000002/sqlRoleAssignments/d6496da9-2eb3-472a-ba38-140fa2a6a304","name":"d6496da9-2eb3-472a-ba38-140fa2a6a304","properties":{"roleDefinitionId":"/subscriptions/00000000-0000-0000-0000-000000000000/resourceGroups/cli_test_cosmosdb_sql_role000001/providers/Microsoft.DocumentDB/databaseAccounts/cli000002/sqlRoleDefinitions/be79875a-2cc4-40d5-8958-566017875b39","principalId":"ed4c2395-a18c-4018-afb3-6e521e7534d2","scope":"/subscriptions/00000000-0000-0000-0000-000000000000/resourceGroups/cli_test_cosmosdb_sql_role000001/providers/Microsoft.DocumentDB/databaseAccounts/cli000002/dbs/cli000003"},"type":"Microsoft.DocumentDB/databaseAccounts/sqlRoleAssignments"}'
    headers:
      cache-control:
      - no-store, no-cache
      content-length:
      - '819'
      content-type:
      - application/json
      date:
      - Tue, 30 May 2023 19:57:17 GMT
      pragma:
      - no-cache
      server:
      - Microsoft-HTTPAPI/2.0
      strict-transport-security:
      - max-age=31536000; includeSubDomains
      transfer-encoding:
      - chunked
      vary:
      - Accept-Encoding
      x-content-type-options:
      - nosniff
      x-ms-gatewayversion:
      - version=2.14.0
    status:
      code: 200
      message: Ok
- request:
    body: null
    headers:
      Accept:
      - application/json
      Accept-Encoding:
      - gzip, deflate
      CommandName:
      - cosmosdb sql role assignment list
      Connection:
      - keep-alive
      ParameterSetName:
      - -g -a
      User-Agent:
      - AZURECLI/2.49.0 azsdk-python-mgmt-cosmosdb/9.2.0 Python/3.10.11 (Windows-10-10.0.22621-SP0)
    method: GET
    uri: https://management.azure.com/subscriptions/00000000-0000-0000-0000-000000000000/resourceGroups/cli_test_cosmosdb_sql_role000001/providers/Microsoft.DocumentDB/databaseAccounts/cli000002/sqlRoleAssignments?api-version=2023-04-15
  response:
    body:
      string: '{"value":[{"id":"/subscriptions/00000000-0000-0000-0000-000000000000/resourceGroups/cli_test_cosmosdb_sql_role000001/providers/Microsoft.DocumentDB/databaseAccounts/cli000002/sqlRoleAssignments/cb8ed2d7-2371-4e3c-bd31-6cc1560e84f8","name":"cb8ed2d7-2371-4e3c-bd31-6cc1560e84f8","properties":{"roleDefinitionId":"/subscriptions/00000000-0000-0000-0000-000000000000/resourceGroups/cli_test_cosmosdb_sql_role000001/providers/Microsoft.DocumentDB/databaseAccounts/cli000002/sqlRoleDefinitions/6328f5f7-dbf7-4244-bba8-fbb9d8066506","principalId":"ed4c2395-a18c-4018-afb3-6e521e7534d2","scope":"/subscriptions/00000000-0000-0000-0000-000000000000/resourceGroups/cli_test_cosmosdb_sql_role000001/providers/Microsoft.DocumentDB/databaseAccounts/cli000002/dbs/cli000003"},"type":"Microsoft.DocumentDB/databaseAccounts/sqlRoleAssignments"},{"id":"/subscriptions/00000000-0000-0000-0000-000000000000/resourceGroups/cli_test_cosmosdb_sql_role000001/providers/Microsoft.DocumentDB/databaseAccounts/cli000002/sqlRoleAssignments/09d117e6-ab6a-4a8b-948a-c6c34aa631db","name":"09d117e6-ab6a-4a8b-948a-c6c34aa631db","properties":{"roleDefinitionId":"/subscriptions/00000000-0000-0000-0000-000000000000/resourceGroups/cli_test_cosmosdb_sql_role000001/providers/Microsoft.DocumentDB/databaseAccounts/cli000002/sqlRoleDefinitions/be79875a-2cc4-40d5-8958-566017875b39","principalId":"ed4c2395-a18c-4018-afb3-6e521e7534d2","scope":"/subscriptions/00000000-0000-0000-0000-000000000000/resourceGroups/cli_test_cosmosdb_sql_role000001/providers/Microsoft.DocumentDB/databaseAccounts/cli000002/dbs/cli000003"},"type":"Microsoft.DocumentDB/databaseAccounts/sqlRoleAssignments"},{"id":"/subscriptions/00000000-0000-0000-0000-000000000000/resourceGroups/cli_test_cosmosdb_sql_role000001/providers/Microsoft.DocumentDB/databaseAccounts/cli000002/sqlRoleAssignments/d6496da9-2eb3-472a-ba38-140fa2a6a304","name":"d6496da9-2eb3-472a-ba38-140fa2a6a304","properties":{"roleDefinitionId":"/subscriptions/00000000-0000-0000-0000-000000000000/resourceGroups/cli_test_cosmosdb_sql_role000001/providers/Microsoft.DocumentDB/databaseAccounts/cli000002/sqlRoleDefinitions/be79875a-2cc4-40d5-8958-566017875b39","principalId":"ed4c2395-a18c-4018-afb3-6e521e7534d2","scope":"/subscriptions/00000000-0000-0000-0000-000000000000/resourceGroups/cli_test_cosmosdb_sql_role000001/providers/Microsoft.DocumentDB/databaseAccounts/cli000002/dbs/cli000003"},"type":"Microsoft.DocumentDB/databaseAccounts/sqlRoleAssignments"}]}'
    headers:
      cache-control:
      - no-store, no-cache
      content-length:
      - '2471'
      content-type:
      - application/json
      date:
      - Tue, 30 May 2023 19:57:18 GMT
      pragma:
      - no-cache
      server:
      - Microsoft-HTTPAPI/2.0
      strict-transport-security:
      - max-age=31536000; includeSubDomains
      transfer-encoding:
      - chunked
      vary:
      - Accept-Encoding
      x-content-type-options:
      - nosniff
      x-ms-gatewayversion:
      - version=2.14.0
    status:
      code: 200
      message: Ok
- request:
    body: null
    headers:
      Accept:
      - application/json
      Accept-Encoding:
      - gzip, deflate
      CommandName:
      - cosmosdb sql role assignment delete
      Connection:
      - keep-alive
      Content-Length:
      - '0'
      ParameterSetName:
      - -g -a -i --yes
      User-Agent:
      - AZURECLI/2.49.0 azsdk-python-mgmt-cosmosdb/9.2.0 Python/3.10.11 (Windows-10-10.0.22621-SP0)
    method: DELETE
    uri: https://management.azure.com/subscriptions/00000000-0000-0000-0000-000000000000/resourceGroups/cli_test_cosmosdb_sql_role000001/providers/Microsoft.DocumentDB/databaseAccounts/cli000002/sqlRoleAssignments/cb8ed2d7-2371-4e3c-bd31-6cc1560e84f8?api-version=2023-04-15
  response:
    body:
      string: '{"status":"Enqueued"}'
    headers:
      azure-asyncoperation:
      - https://management.azure.com/subscriptions/00000000-0000-0000-0000-000000000000/providers/Microsoft.DocumentDB/locations/westus/operationsStatus/3d94a731-a150-47d7-964c-86ff8b172736?api-version=2023-04-15
      cache-control:
      - no-store, no-cache
      content-length:
      - '21'
      content-type:
      - application/json
      date:
      - Tue, 30 May 2023 19:57:19 GMT
      location:
      - https://management.azure.com/subscriptions/00000000-0000-0000-0000-000000000000/resourceGroups/cli_test_cosmosdb_sql_role000001/providers/Microsoft.DocumentDB/databaseAccounts/cli000002/sqlRoleAssignments/cb8ed2d7-2371-4e3c-bd31-6cc1560e84f8/operationResults/3d94a731-a150-47d7-964c-86ff8b172736?api-version=2023-04-15
      pragma:
      - no-cache
      server:
      - Microsoft-HTTPAPI/2.0
      strict-transport-security:
      - max-age=31536000; includeSubDomains
      x-content-type-options:
      - nosniff
      x-ms-gatewayversion:
      - version=2.14.0
      x-ms-ratelimit-remaining-subscription-deletes:
      - '14999'
    status:
      code: 202
      message: Accepted
- request:
    body: null
    headers:
      Accept:
      - '*/*'
      Accept-Encoding:
      - gzip, deflate
      CommandName:
      - cosmosdb sql role assignment delete
      Connection:
      - keep-alive
      ParameterSetName:
      - -g -a -i --yes
      User-Agent:
      - AZURECLI/2.49.0 azsdk-python-mgmt-cosmosdb/9.2.0 Python/3.10.11 (Windows-10-10.0.22621-SP0)
    method: GET
    uri: https://management.azure.com/subscriptions/00000000-0000-0000-0000-000000000000/providers/Microsoft.DocumentDB/locations/westus/operationsStatus/3d94a731-a150-47d7-964c-86ff8b172736?api-version=2023-04-15
  response:
    body:
      string: '{"status":"Enqueued"}'
    headers:
      cache-control:
      - no-store, no-cache
      content-length:
      - '21'
      content-type:
      - application/json
      date:
      - Tue, 30 May 2023 19:57:19 GMT
      pragma:
      - no-cache
      server:
      - Microsoft-HTTPAPI/2.0
      strict-transport-security:
      - max-age=31536000; includeSubDomains
      transfer-encoding:
      - chunked
      vary:
      - Accept-Encoding
      x-content-type-options:
      - nosniff
      x-ms-gatewayversion:
      - version=2.14.0
    status:
      code: 200
      message: Ok
- request:
    body: null
    headers:
      Accept:
      - '*/*'
      Accept-Encoding:
      - gzip, deflate
      CommandName:
      - cosmosdb sql role assignment delete
      Connection:
      - keep-alive
      ParameterSetName:
      - -g -a -i --yes
      User-Agent:
      - AZURECLI/2.49.0 azsdk-python-mgmt-cosmosdb/9.2.0 Python/3.10.11 (Windows-10-10.0.22621-SP0)
    method: GET
    uri: https://management.azure.com/subscriptions/00000000-0000-0000-0000-000000000000/providers/Microsoft.DocumentDB/locations/westus/operationsStatus/3d94a731-a150-47d7-964c-86ff8b172736?api-version=2023-04-15
  response:
    body:
      string: '{"status":"Succeeded"}'
    headers:
      cache-control:
      - no-store, no-cache
      content-length:
      - '22'
      content-type:
      - application/json
      date:
      - Tue, 30 May 2023 19:57:49 GMT
      pragma:
      - no-cache
      server:
      - Microsoft-HTTPAPI/2.0
      strict-transport-security:
      - max-age=31536000; includeSubDomains
      transfer-encoding:
      - chunked
      vary:
      - Accept-Encoding
      x-content-type-options:
      - nosniff
      x-ms-gatewayversion:
      - version=2.14.0
    status:
      code: 200
      message: Ok
- request:
    body: null
    headers:
      Accept:
      - application/json
      Accept-Encoding:
      - gzip, deflate
      CommandName:
      - cosmosdb sql role assignment delete
      Connection:
      - keep-alive
      Content-Length:
      - '0'
      ParameterSetName:
      - -g -a -i --yes
      User-Agent:
      - AZURECLI/2.49.0 azsdk-python-mgmt-cosmosdb/9.2.0 Python/3.10.11 (Windows-10-10.0.22621-SP0)
    method: DELETE
    uri: https://management.azure.com/subscriptions/00000000-0000-0000-0000-000000000000/resourceGroups/cli_test_cosmosdb_sql_role000001/providers/Microsoft.DocumentDB/databaseAccounts/cli000002/sqlRoleAssignments/09d117e6-ab6a-4a8b-948a-c6c34aa631db?api-version=2023-04-15
  response:
    body:
      string: '{"status":"Enqueued"}'
    headers:
      azure-asyncoperation:
      - https://management.azure.com/subscriptions/00000000-0000-0000-0000-000000000000/providers/Microsoft.DocumentDB/locations/westus/operationsStatus/4594d782-a71d-4841-9438-c4779b145a78?api-version=2023-04-15
      cache-control:
      - no-store, no-cache
      content-length:
      - '21'
      content-type:
      - application/json
      date:
      - Tue, 30 May 2023 19:57:53 GMT
      location:
      - https://management.azure.com/subscriptions/00000000-0000-0000-0000-000000000000/resourceGroups/cli_test_cosmosdb_sql_role000001/providers/Microsoft.DocumentDB/databaseAccounts/cli000002/sqlRoleAssignments/09d117e6-ab6a-4a8b-948a-c6c34aa631db/operationResults/4594d782-a71d-4841-9438-c4779b145a78?api-version=2023-04-15
      pragma:
      - no-cache
      server:
      - Microsoft-HTTPAPI/2.0
      strict-transport-security:
      - max-age=31536000; includeSubDomains
      x-content-type-options:
      - nosniff
      x-ms-gatewayversion:
      - version=2.14.0
      x-ms-ratelimit-remaining-subscription-deletes:
      - '14999'
    status:
      code: 202
      message: Accepted
- request:
    body: null
    headers:
      Accept:
      - '*/*'
      Accept-Encoding:
      - gzip, deflate
      CommandName:
      - cosmosdb sql role assignment delete
      Connection:
      - keep-alive
      ParameterSetName:
      - -g -a -i --yes
      User-Agent:
      - AZURECLI/2.49.0 azsdk-python-mgmt-cosmosdb/9.2.0 Python/3.10.11 (Windows-10-10.0.22621-SP0)
    method: GET
    uri: https://management.azure.com/subscriptions/00000000-0000-0000-0000-000000000000/providers/Microsoft.DocumentDB/locations/westus/operationsStatus/4594d782-a71d-4841-9438-c4779b145a78?api-version=2023-04-15
  response:
    body:
      string: '{"status":"Enqueued"}'
    headers:
      cache-control:
      - no-store, no-cache
      content-length:
      - '21'
      content-type:
      - application/json
      date:
      - Tue, 30 May 2023 19:57:53 GMT
      pragma:
      - no-cache
      server:
      - Microsoft-HTTPAPI/2.0
      strict-transport-security:
      - max-age=31536000; includeSubDomains
      transfer-encoding:
      - chunked
      vary:
      - Accept-Encoding
      x-content-type-options:
      - nosniff
      x-ms-gatewayversion:
      - version=2.14.0
    status:
      code: 200
      message: Ok
- request:
    body: null
    headers:
      Accept:
      - '*/*'
      Accept-Encoding:
      - gzip, deflate
      CommandName:
      - cosmosdb sql role assignment delete
      Connection:
      - keep-alive
      ParameterSetName:
      - -g -a -i --yes
      User-Agent:
      - AZURECLI/2.49.0 azsdk-python-mgmt-cosmosdb/9.2.0 Python/3.10.11 (Windows-10-10.0.22621-SP0)
    method: GET
    uri: https://management.azure.com/subscriptions/00000000-0000-0000-0000-000000000000/providers/Microsoft.DocumentDB/locations/westus/operationsStatus/4594d782-a71d-4841-9438-c4779b145a78?api-version=2023-04-15
  response:
    body:
      string: '{"status":"Succeeded"}'
    headers:
      cache-control:
      - no-store, no-cache
      content-length:
      - '22'
      content-type:
      - application/json
      date:
      - Tue, 30 May 2023 19:58:23 GMT
      pragma:
      - no-cache
      server:
      - Microsoft-HTTPAPI/2.0
      strict-transport-security:
      - max-age=31536000; includeSubDomains
      transfer-encoding:
      - chunked
      vary:
      - Accept-Encoding
      x-content-type-options:
      - nosniff
      x-ms-gatewayversion:
      - version=2.14.0
    status:
      code: 200
      message: Ok
- request:
    body: null
    headers:
      Accept:
      - application/json
      Accept-Encoding:
      - gzip, deflate
      CommandName:
      - cosmosdb sql role assignment delete
      Connection:
      - keep-alive
      Content-Length:
      - '0'
      ParameterSetName:
      - -g -a -i --yes
      User-Agent:
      - AZURECLI/2.49.0 azsdk-python-mgmt-cosmosdb/9.2.0 Python/3.10.11 (Windows-10-10.0.22621-SP0)
    method: DELETE
    uri: https://management.azure.com/subscriptions/00000000-0000-0000-0000-000000000000/resourceGroups/cli_test_cosmosdb_sql_role000001/providers/Microsoft.DocumentDB/databaseAccounts/cli000002/sqlRoleAssignments/d6496da9-2eb3-472a-ba38-140fa2a6a304?api-version=2023-04-15
  response:
    body:
      string: '{"status":"Enqueued"}'
    headers:
      azure-asyncoperation:
      - https://management.azure.com/subscriptions/00000000-0000-0000-0000-000000000000/providers/Microsoft.DocumentDB/locations/westus/operationsStatus/c05345b6-1042-4e2d-b5d6-7732272006e5?api-version=2023-04-15
      cache-control:
      - no-store, no-cache
      content-length:
      - '21'
      content-type:
      - application/json
      date:
      - Tue, 30 May 2023 19:58:24 GMT
      location:
      - https://management.azure.com/subscriptions/00000000-0000-0000-0000-000000000000/resourceGroups/cli_test_cosmosdb_sql_role000001/providers/Microsoft.DocumentDB/databaseAccounts/cli000002/sqlRoleAssignments/d6496da9-2eb3-472a-ba38-140fa2a6a304/operationResults/c05345b6-1042-4e2d-b5d6-7732272006e5?api-version=2023-04-15
      pragma:
      - no-cache
      server:
      - Microsoft-HTTPAPI/2.0
      strict-transport-security:
      - max-age=31536000; includeSubDomains
      x-content-type-options:
      - nosniff
      x-ms-gatewayversion:
      - version=2.14.0
      x-ms-ratelimit-remaining-subscription-deletes:
      - '14999'
    status:
      code: 202
      message: Accepted
- request:
    body: null
    headers:
      Accept:
      - '*/*'
      Accept-Encoding:
      - gzip, deflate
      CommandName:
      - cosmosdb sql role assignment delete
      Connection:
      - keep-alive
      ParameterSetName:
      - -g -a -i --yes
      User-Agent:
      - AZURECLI/2.49.0 azsdk-python-mgmt-cosmosdb/9.2.0 Python/3.10.11 (Windows-10-10.0.22621-SP0)
    method: GET
    uri: https://management.azure.com/subscriptions/00000000-0000-0000-0000-000000000000/providers/Microsoft.DocumentDB/locations/westus/operationsStatus/c05345b6-1042-4e2d-b5d6-7732272006e5?api-version=2023-04-15
  response:
    body:
      string: '{"status":"Enqueued"}'
    headers:
      cache-control:
      - no-store, no-cache
      content-length:
      - '21'
      content-type:
      - application/json
      date:
      - Tue, 30 May 2023 19:58:25 GMT
      pragma:
      - no-cache
      server:
      - Microsoft-HTTPAPI/2.0
      strict-transport-security:
      - max-age=31536000; includeSubDomains
      transfer-encoding:
      - chunked
      vary:
      - Accept-Encoding
      x-content-type-options:
      - nosniff
      x-ms-gatewayversion:
      - version=2.14.0
    status:
      code: 200
      message: Ok
- request:
    body: null
    headers:
      Accept:
      - '*/*'
      Accept-Encoding:
      - gzip, deflate
      CommandName:
      - cosmosdb sql role assignment delete
      Connection:
      - keep-alive
      ParameterSetName:
      - -g -a -i --yes
      User-Agent:
      - AZURECLI/2.49.0 azsdk-python-mgmt-cosmosdb/9.2.0 Python/3.10.11 (Windows-10-10.0.22621-SP0)
    method: GET
    uri: https://management.azure.com/subscriptions/00000000-0000-0000-0000-000000000000/providers/Microsoft.DocumentDB/locations/westus/operationsStatus/c05345b6-1042-4e2d-b5d6-7732272006e5?api-version=2023-04-15
  response:
    body:
      string: '{"status":"Succeeded"}'
    headers:
      cache-control:
      - no-store, no-cache
      content-length:
      - '22'
      content-type:
      - application/json
      date:
      - Tue, 30 May 2023 19:58:55 GMT
      pragma:
      - no-cache
      server:
      - Microsoft-HTTPAPI/2.0
      strict-transport-security:
      - max-age=31536000; includeSubDomains
      transfer-encoding:
      - chunked
      vary:
      - Accept-Encoding
      x-content-type-options:
      - nosniff
      x-ms-gatewayversion:
      - version=2.14.0
    status:
      code: 200
      message: Ok
- request:
    body: null
    headers:
      Accept:
      - application/json
      Accept-Encoding:
      - gzip, deflate
      CommandName:
      - cosmosdb sql role assignment list
      Connection:
      - keep-alive
      ParameterSetName:
      - -g -a
      User-Agent:
      - AZURECLI/2.49.0 azsdk-python-mgmt-cosmosdb/9.2.0 Python/3.10.11 (Windows-10-10.0.22621-SP0)
    method: GET
    uri: https://management.azure.com/subscriptions/00000000-0000-0000-0000-000000000000/resourceGroups/cli_test_cosmosdb_sql_role000001/providers/Microsoft.DocumentDB/databaseAccounts/cli000002/sqlRoleAssignments?api-version=2023-04-15
  response:
    body:
      string: '{"value":[]}'
    headers:
      cache-control:
      - no-store, no-cache
      content-length:
      - '12'
      content-type:
      - application/json
      date:
      - Tue, 30 May 2023 19:58:57 GMT
      pragma:
      - no-cache
      server:
      - Microsoft-HTTPAPI/2.0
      strict-transport-security:
      - max-age=31536000; includeSubDomains
      transfer-encoding:
      - chunked
      vary:
      - Accept-Encoding
      x-content-type-options:
      - nosniff
      x-ms-gatewayversion:
      - version=2.14.0
    status:
      code: 200
      message: Ok
- request:
    body: null
    headers:
      Accept:
      - application/json
      Accept-Encoding:
      - gzip, deflate
      CommandName:
      - cosmosdb sql role definition delete
      Connection:
      - keep-alive
      Content-Length:
      - '0'
      ParameterSetName:
      - -g -a -i --yes
      User-Agent:
      - AZURECLI/2.49.0 azsdk-python-mgmt-cosmosdb/9.2.0 Python/3.10.11 (Windows-10-10.0.22621-SP0)
    method: DELETE
    uri: https://management.azure.com/subscriptions/00000000-0000-0000-0000-000000000000/resourceGroups/cli_test_cosmosdb_sql_role000001/providers/Microsoft.DocumentDB/databaseAccounts/cli000002/sqlRoleDefinitions/be79875a-2cc4-40d5-8958-566017875b39?api-version=2023-04-15
  response:
    body:
      string: '{"status":"Enqueued"}'
    headers:
      azure-asyncoperation:
      - https://management.azure.com/subscriptions/00000000-0000-0000-0000-000000000000/providers/Microsoft.DocumentDB/locations/westus/operationsStatus/2c03c297-595b-4e55-86c4-b82d90d7a59b?api-version=2023-04-15
      cache-control:
      - no-store, no-cache
      content-length:
      - '21'
      content-type:
      - application/json
      date:
      - Tue, 30 May 2023 19:58:58 GMT
      location:
      - https://management.azure.com/subscriptions/00000000-0000-0000-0000-000000000000/resourceGroups/cli_test_cosmosdb_sql_role000001/providers/Microsoft.DocumentDB/databaseAccounts/cli000002/sqlRoleDefinitions/be79875a-2cc4-40d5-8958-566017875b39/operationResults/2c03c297-595b-4e55-86c4-b82d90d7a59b?api-version=2023-04-15
      pragma:
      - no-cache
      server:
      - Microsoft-HTTPAPI/2.0
      strict-transport-security:
      - max-age=31536000; includeSubDomains
      x-content-type-options:
      - nosniff
      x-ms-gatewayversion:
      - version=2.14.0
      x-ms-ratelimit-remaining-subscription-deletes:
      - '14999'
    status:
      code: 202
      message: Accepted
- request:
    body: null
    headers:
      Accept:
      - '*/*'
      Accept-Encoding:
      - gzip, deflate
      CommandName:
      - cosmosdb sql role definition delete
      Connection:
      - keep-alive
      ParameterSetName:
      - -g -a -i --yes
      User-Agent:
      - AZURECLI/2.49.0 azsdk-python-mgmt-cosmosdb/9.2.0 Python/3.10.11 (Windows-10-10.0.22621-SP0)
    method: GET
    uri: https://management.azure.com/subscriptions/00000000-0000-0000-0000-000000000000/providers/Microsoft.DocumentDB/locations/westus/operationsStatus/2c03c297-595b-4e55-86c4-b82d90d7a59b?api-version=2023-04-15
  response:
    body:
      string: '{"status":"Enqueued"}'
    headers:
      cache-control:
      - no-store, no-cache
      content-length:
      - '21'
      content-type:
      - application/json
      date:
      - Tue, 30 May 2023 19:58:58 GMT
      pragma:
      - no-cache
      server:
      - Microsoft-HTTPAPI/2.0
      strict-transport-security:
      - max-age=31536000; includeSubDomains
      transfer-encoding:
      - chunked
      vary:
      - Accept-Encoding
      x-content-type-options:
      - nosniff
      x-ms-gatewayversion:
      - version=2.14.0
    status:
      code: 200
      message: Ok
- request:
    body: null
    headers:
      Accept:
      - '*/*'
      Accept-Encoding:
      - gzip, deflate
      CommandName:
      - cosmosdb sql role definition delete
      Connection:
      - keep-alive
      ParameterSetName:
      - -g -a -i --yes
      User-Agent:
      - AZURECLI/2.49.0 azsdk-python-mgmt-cosmosdb/9.2.0 Python/3.10.11 (Windows-10-10.0.22621-SP0)
    method: GET
    uri: https://management.azure.com/subscriptions/00000000-0000-0000-0000-000000000000/providers/Microsoft.DocumentDB/locations/westus/operationsStatus/2c03c297-595b-4e55-86c4-b82d90d7a59b?api-version=2023-04-15
  response:
    body:
      string: '{"status":"Succeeded"}'
    headers:
      cache-control:
      - no-store, no-cache
      content-length:
      - '22'
      content-type:
      - application/json
      date:
      - Tue, 30 May 2023 19:59:28 GMT
      pragma:
      - no-cache
      server:
      - Microsoft-HTTPAPI/2.0
      strict-transport-security:
      - max-age=31536000; includeSubDomains
      transfer-encoding:
      - chunked
      vary:
      - Accept-Encoding
      x-content-type-options:
      - nosniff
      x-ms-gatewayversion:
      - version=2.14.0
    status:
      code: 200
      message: Ok
- request:
    body: null
    headers:
      Accept:
      - application/json
      Accept-Encoding:
      - gzip, deflate
      CommandName:
      - cosmosdb sql role definition delete
      Connection:
      - keep-alive
      Content-Length:
      - '0'
      ParameterSetName:
      - -g -a -i --yes
      User-Agent:
      - AZURECLI/2.49.0 azsdk-python-mgmt-cosmosdb/9.2.0 Python/3.10.11 (Windows-10-10.0.22621-SP0)
    method: DELETE
    uri: https://management.azure.com/subscriptions/00000000-0000-0000-0000-000000000000/resourceGroups/cli_test_cosmosdb_sql_role000001/providers/Microsoft.DocumentDB/databaseAccounts/cli000002/sqlRoleDefinitions/6328f5f7-dbf7-4244-bba8-fbb9d8066506?api-version=2023-04-15
  response:
    body:
      string: '{"status":"Enqueued"}'
    headers:
      azure-asyncoperation:
      - https://management.azure.com/subscriptions/00000000-0000-0000-0000-000000000000/providers/Microsoft.DocumentDB/locations/westus/operationsStatus/8e499e22-edab-41a9-827c-8449f5fbbe5d?api-version=2023-04-15
      cache-control:
      - no-store, no-cache
      content-length:
      - '21'
      content-type:
      - application/json
      date:
      - Tue, 30 May 2023 19:59:30 GMT
      location:
      - https://management.azure.com/subscriptions/00000000-0000-0000-0000-000000000000/resourceGroups/cli_test_cosmosdb_sql_role000001/providers/Microsoft.DocumentDB/databaseAccounts/cli000002/sqlRoleDefinitions/6328f5f7-dbf7-4244-bba8-fbb9d8066506/operationResults/8e499e22-edab-41a9-827c-8449f5fbbe5d?api-version=2023-04-15
      pragma:
      - no-cache
      server:
      - Microsoft-HTTPAPI/2.0
      strict-transport-security:
      - max-age=31536000; includeSubDomains
      x-content-type-options:
      - nosniff
      x-ms-gatewayversion:
      - version=2.14.0
      x-ms-ratelimit-remaining-subscription-deletes:
      - '14999'
    status:
      code: 202
      message: Accepted
- request:
    body: null
    headers:
      Accept:
      - '*/*'
      Accept-Encoding:
      - gzip, deflate
      CommandName:
      - cosmosdb sql role definition delete
      Connection:
      - keep-alive
      ParameterSetName:
      - -g -a -i --yes
      User-Agent:
      - AZURECLI/2.49.0 azsdk-python-mgmt-cosmosdb/9.2.0 Python/3.10.11 (Windows-10-10.0.22621-SP0)
    method: GET
    uri: https://management.azure.com/subscriptions/00000000-0000-0000-0000-000000000000/providers/Microsoft.DocumentDB/locations/westus/operationsStatus/8e499e22-edab-41a9-827c-8449f5fbbe5d?api-version=2023-04-15
  response:
    body:
      string: '{"status":"Enqueued"}'
    headers:
      cache-control:
      - no-store, no-cache
      content-length:
      - '21'
      content-type:
      - application/json
      date:
      - Tue, 30 May 2023 19:59:30 GMT
      pragma:
      - no-cache
      server:
      - Microsoft-HTTPAPI/2.0
      strict-transport-security:
      - max-age=31536000; includeSubDomains
      transfer-encoding:
      - chunked
      vary:
      - Accept-Encoding
      x-content-type-options:
      - nosniff
      x-ms-gatewayversion:
      - version=2.14.0
    status:
      code: 200
      message: Ok
- request:
    body: null
    headers:
      Accept:
      - '*/*'
      Accept-Encoding:
      - gzip, deflate
      CommandName:
      - cosmosdb sql role definition delete
      Connection:
      - keep-alive
      ParameterSetName:
      - -g -a -i --yes
      User-Agent:
      - AZURECLI/2.49.0 azsdk-python-mgmt-cosmosdb/9.2.0 Python/3.10.11 (Windows-10-10.0.22621-SP0)
    method: GET
    uri: https://management.azure.com/subscriptions/00000000-0000-0000-0000-000000000000/providers/Microsoft.DocumentDB/locations/westus/operationsStatus/8e499e22-edab-41a9-827c-8449f5fbbe5d?api-version=2023-04-15
  response:
    body:
      string: '{"status":"Succeeded"}'
    headers:
      cache-control:
      - no-store, no-cache
      content-length:
      - '22'
      content-type:
      - application/json
      date:
      - Tue, 30 May 2023 20:00:00 GMT
      pragma:
      - no-cache
      server:
      - Microsoft-HTTPAPI/2.0
      strict-transport-security:
      - max-age=31536000; includeSubDomains
      transfer-encoding:
      - chunked
      vary:
      - Accept-Encoding
      x-content-type-options:
      - nosniff
      x-ms-gatewayversion:
      - version=2.14.0
    status:
      code: 200
      message: Ok
- request:
    body: null
    headers:
      Accept:
      - application/json
      Accept-Encoding:
      - gzip, deflate
      CommandName:
      - cosmosdb sql role definition list
      Connection:
      - keep-alive
      ParameterSetName:
      - -g -a
      User-Agent:
      - AZURECLI/2.49.0 azsdk-python-mgmt-cosmosdb/9.2.0 Python/3.10.11 (Windows-10-10.0.22621-SP0)
    method: GET
    uri: https://management.azure.com/subscriptions/00000000-0000-0000-0000-000000000000/resourceGroups/cli_test_cosmosdb_sql_role000001/providers/Microsoft.DocumentDB/databaseAccounts/cli000002/sqlRoleDefinitions?api-version=2023-04-15
  response:
    body:
      string: '{"value":[{"id":"/subscriptions/00000000-0000-0000-0000-000000000000/resourceGroups/cli_test_cosmosdb_sql_role000001/providers/Microsoft.DocumentDB/databaseAccounts/cli000002/sqlRoleDefinitions/00000000-0000-0000-0000-000000000001","name":"00000000-0000-0000-0000-000000000001","properties":{"roleName":"Cosmos
        DB Built-in Data Reader","type":"BuiltInRole","assignableScopes":["/subscriptions/00000000-0000-0000-0000-000000000000/resourceGroups/cli_test_cosmosdb_sql_role000001/providers/Microsoft.DocumentDB/databaseAccounts/cli000002"],"permissions":[{"dataActions":["Microsoft.DocumentDB/databaseAccounts/readMetadata","Microsoft.DocumentDB/databaseAccounts/sqlDatabases/containers/executeQuery","Microsoft.DocumentDB/databaseAccounts/sqlDatabases/containers/readChangeFeed","Microsoft.DocumentDB/databaseAccounts/sqlDatabases/containers/items/read"],"notDataActions":[]}]},"type":"Microsoft.DocumentDB/databaseAccounts/sqlRoleDefinitions"},{"id":"/subscriptions/00000000-0000-0000-0000-000000000000/resourceGroups/cli_test_cosmosdb_sql_role000001/providers/Microsoft.DocumentDB/databaseAccounts/cli000002/sqlRoleDefinitions/00000000-0000-0000-0000-000000000002","name":"00000000-0000-0000-0000-000000000002","properties":{"roleName":"Cosmos
        DB Built-in Data Contributor","type":"BuiltInRole","assignableScopes":["/subscriptions/00000000-0000-0000-0000-000000000000/resourceGroups/cli_test_cosmosdb_sql_role000001/providers/Microsoft.DocumentDB/databaseAccounts/cli000002"],"permissions":[{"dataActions":["Microsoft.DocumentDB/databaseAccounts/readMetadata","Microsoft.DocumentDB/databaseAccounts/sqlDatabases/containers/*","Microsoft.DocumentDB/databaseAccounts/sqlDatabases/containers/items/*"],"notDataActions":[]}]},"type":"Microsoft.DocumentDB/databaseAccounts/sqlRoleDefinitions"}]}'
    headers:
      cache-control:
      - no-store, no-cache
      content-length:
      - '1791'
      content-type:
      - application/json
      date:
      - Tue, 30 May 2023 20:00:03 GMT
      pragma:
      - no-cache
      server:
      - Microsoft-HTTPAPI/2.0
      strict-transport-security:
      - max-age=31536000; includeSubDomains
      transfer-encoding:
      - chunked
      vary:
      - Accept-Encoding
      x-content-type-options:
      - nosniff
      x-ms-gatewayversion:
      - version=2.14.0
    status:
      code: 200
      message: Ok
version: 1
