interactions:
- request:
    body: null
    headers:
      Accept:
      - application/json
      Accept-Encoding:
      - gzip, deflate
      CommandName:
      - cosmosdb mongodb retrieve-latest-backup-time
      Connection:
      - keep-alive
      ParameterSetName:
      - -g -a -d -c -l
      User-Agent:
      - AZURECLI/2.47.0 azsdk-python-mgmt-cosmosdb/9.1.0 Python/3.9.13 (Windows-10-10.0.22621-SP0)
    method: GET
    uri: https://management.azure.com/subscriptions/00000000-0000-0000-0000-000000000000/resourceGroups/cli_test_cosmosdb_mongodb_collection_backupinfo000001/providers/Microsoft.DocumentDB/databaseAccounts/cli000004/mongodbDatabases/cli000003?api-version=2023-03-15
  response:
    body:
      string: '{"error":{"code":"ResourceNotFound","message":"The Resource ''Microsoft.DocumentDB/databaseAccounts/cli000004''
        under resource group ''cli_test_cosmosdb_mongodb_collection_backupinfo000001''
        was not found. For more details please go to https://aka.ms/ARMResourceNotFoundFix"}}'
    headers:
      cache-control:
      - no-cache
      content-length:
      - '272'
      content-type:
      - application/json; charset=utf-8
      date:
      - Fri, 21 Apr 2023 23:02:20 GMT
      expires:
      - '-1'
      pragma:
      - no-cache
      strict-transport-security:
      - max-age=31536000; includeSubDomains
      x-content-type-options:
      - nosniff
      x-ms-failure-cause:
      - gateway
    status:
      code: 404
      message: Not Found
- request:
    body: null
    headers:
      Accept:
      - application/json
      Accept-Encoding:
      - gzip, deflate
      CommandName:
      - cosmosdb create
      Connection:
      - keep-alive
      ParameterSetName:
      - -n -g --backup-policy-type --locations --kind
      User-Agent:
      - AZURECLI/2.47.0 azsdk-python-azure-mgmt-resource/22.0.0 Python/3.9.13 (Windows-10-10.0.22621-SP0)
    method: GET
    uri: https://management.azure.com/subscriptions/00000000-0000-0000-0000-000000000000/resourcegroups/cli_test_cosmosdb_mongodb_collection_backupinfo000001?api-version=2022-09-01
  response:
    body:
      string: '{"id":"/subscriptions/00000000-0000-0000-0000-000000000000/resourceGroups/cli_test_cosmosdb_mongodb_collection_backupinfo000001","name":"cli_test_cosmosdb_mongodb_collection_backupinfo000001","type":"Microsoft.Resources/resourceGroups","location":"westus","tags":{"product":"azurecli","cause":"automation","date":"2023-04-21T23:02:20Z"},"properties":{"provisioningState":"Succeeded"}}'
    headers:
      cache-control:
      - no-cache
      content-length:
      - '384'
      content-type:
      - application/json; charset=utf-8
      date:
      - Fri, 21 Apr 2023 23:02:21 GMT
      expires:
      - '-1'
      pragma:
      - no-cache
      strict-transport-security:
      - max-age=31536000; includeSubDomains
      vary:
      - Accept-Encoding
      x-content-type-options:
      - nosniff
    status:
      code: 200
      message: OK
- request:
    body: '{"location": "westus", "kind": "MongoDB", "properties": {"locations": [{"locationName":
      "westus", "failoverPriority": 0, "isZoneRedundant": false}], "databaseAccountOfferType":
      "Standard", "apiProperties": {}, "createMode": "Default", "backupPolicy": {"type":
      "Continuous"}}}'
    headers:
      Accept:
      - application/json
      Accept-Encoding:
      - gzip, deflate
      CommandName:
      - cosmosdb create
      Connection:
      - keep-alive
      Content-Length:
      - '275'
      Content-Type:
      - application/json
      ParameterSetName:
      - -n -g --backup-policy-type --locations --kind
      User-Agent:
      - AZURECLI/2.47.0 azsdk-python-mgmt-cosmosdb/9.1.0 Python/3.9.13 (Windows-10-10.0.22621-SP0)
    method: PUT
    uri: https://management.azure.com/subscriptions/00000000-0000-0000-0000-000000000000/resourceGroups/cli_test_cosmosdb_mongodb_collection_backupinfo000001/providers/Microsoft.DocumentDB/databaseAccounts/cli000004?api-version=2023-03-15
  response:
    body:
      string: '{"id":"/subscriptions/00000000-0000-0000-0000-000000000000/resourceGroups/cli_test_cosmosdb_mongodb_collection_backupinfo000001/providers/Microsoft.DocumentDB/databaseAccounts/cli000004","name":"cli000004","location":"West
        US","type":"Microsoft.DocumentDB/databaseAccounts","kind":"MongoDB","tags":{},"systemData":{"createdAt":"2023-04-21T23:02:25.6620105Z"},"properties":{"provisioningState":"Creating","publicNetworkAccess":"Enabled","enableAutomaticFailover":false,"enableMultipleWriteLocations":false,"enablePartitionKeyMonitor":false,"isVirtualNetworkFilterEnabled":false,"virtualNetworkRules":[],"EnabledApiTypes":"MongoDB","disableKeyBasedMetadataWriteAccess":false,"enableFreeTier":false,"enableAnalyticalStorage":false,"analyticalStorageConfiguration":{"schemaType":"FullFidelity"},"instanceId":"6218c8b7-7a99-475f-9810-2220efe18177","createMode":"Default","databaseAccountOfferType":"Standard","defaultIdentity":"","networkAclBypass":"None","disableLocalAuth":false,"enablePartitionMerge":false,"minimalTlsVersion":"Tls12","consistencyPolicy":{"defaultConsistencyLevel":"Session","maxIntervalInSeconds":5,"maxStalenessPrefix":100},"apiProperties":{"serverVersion":"3.6"},"configurationOverrides":{},"writeLocations":[{"id":"cli000004-westus","locationName":"West
        US","provisioningState":"Creating","failoverPriority":0,"isZoneRedundant":false}],"readLocations":[{"id":"cli000004-westus","locationName":"West
        US","provisioningState":"Creating","failoverPriority":0,"isZoneRedundant":false}],"locations":[{"id":"cli000004-westus","locationName":"West
        US","provisioningState":"Creating","failoverPriority":0,"isZoneRedundant":false}],"failoverPolicies":[{"id":"cli000004-westus","locationName":"West
        US","failoverPriority":0}],"cors":[],"capabilities":[{"name":"EnableMongo"}],"ipRules":[],"backupPolicy":{"type":"Continuous"},"networkAclBypassResourceIds":[],"keysMetadata":{"primaryMasterKey":{"generationTime":"2023-04-21T23:02:25.6620105Z"},"secondaryMasterKey":{"generationTime":"2023-04-21T23:02:25.6620105Z"},"primaryReadonlyMasterKey":{"generationTime":"2023-04-21T23:02:25.6620105Z"},"secondaryReadonlyMasterKey":{"generationTime":"2023-04-21T23:02:25.6620105Z"}}},"identity":{"type":"None"}}'
    headers:
      azure-asyncoperation:
      - https://management.azure.com/subscriptions/00000000-0000-0000-0000-000000000000/providers/Microsoft.DocumentDB/locations/westus/operationsStatus/0af2d689-8d73-4122-b16e-c6045cce6e7a?api-version=2023-03-15
      cache-control:
      - no-store, no-cache
      content-length:
      - '2208'
      content-type:
      - application/json
      date:
      - Fri, 21 Apr 2023 23:02:26 GMT
      location:
      - https://management.azure.com/subscriptions/00000000-0000-0000-0000-000000000000/resourceGroups/cli_test_cosmosdb_mongodb_collection_backupinfo000001/providers/Microsoft.DocumentDB/databaseAccounts/cli000004/operationResults/0af2d689-8d73-4122-b16e-c6045cce6e7a?api-version=2023-03-15
      pragma:
      - no-cache
      server:
      - Microsoft-HTTPAPI/2.0
      strict-transport-security:
      - max-age=31536000; includeSubDomains
      transfer-encoding:
      - chunked
      vary:
      - Accept-Encoding
      x-content-type-options:
      - nosniff
      x-ms-gatewayversion:
      - version=2.14.0
      x-ms-ratelimit-remaining-subscription-writes:
      - '1199'
    status:
      code: 200
      message: Ok
- request:
    body: null
    headers:
      Accept:
      - '*/*'
      Accept-Encoding:
      - gzip, deflate
      CommandName:
      - cosmosdb create
      Connection:
      - keep-alive
      ParameterSetName:
      - -n -g --backup-policy-type --locations --kind
      User-Agent:
      - AZURECLI/2.47.0 azsdk-python-mgmt-cosmosdb/9.1.0 Python/3.9.13 (Windows-10-10.0.22621-SP0)
    method: GET
    uri: https://management.azure.com/subscriptions/00000000-0000-0000-0000-000000000000/providers/Microsoft.DocumentDB/locations/westus/operationsStatus/0af2d689-8d73-4122-b16e-c6045cce6e7a?api-version=2023-03-15
  response:
    body:
      string: '{"status":"Dequeued"}'
    headers:
      cache-control:
      - no-store, no-cache
      content-length:
      - '21'
      content-type:
      - application/json
      date:
      - Fri, 21 Apr 2023 23:02:57 GMT
      pragma:
      - no-cache
      server:
      - Microsoft-HTTPAPI/2.0
      strict-transport-security:
      - max-age=31536000; includeSubDomains
      transfer-encoding:
      - chunked
      vary:
      - Accept-Encoding
      x-content-type-options:
      - nosniff
      x-ms-gatewayversion:
      - version=2.14.0
    status:
      code: 200
      message: Ok
- request:
    body: null
    headers:
      Accept:
      - '*/*'
      Accept-Encoding:
      - gzip, deflate
      CommandName:
      - cosmosdb create
      Connection:
      - keep-alive
      ParameterSetName:
      - -n -g --backup-policy-type --locations --kind
      User-Agent:
      - AZURECLI/2.47.0 azsdk-python-mgmt-cosmosdb/9.1.0 Python/3.9.13 (Windows-10-10.0.22621-SP0)
    method: GET
    uri: https://management.azure.com/subscriptions/00000000-0000-0000-0000-000000000000/providers/Microsoft.DocumentDB/locations/westus/operationsStatus/0af2d689-8d73-4122-b16e-c6045cce6e7a?api-version=2023-03-15
  response:
    body:
      string: '{"status":"Dequeued"}'
    headers:
      cache-control:
      - no-store, no-cache
      content-length:
      - '21'
      content-type:
      - application/json
      date:
      - Fri, 21 Apr 2023 23:03:27 GMT
      pragma:
      - no-cache
      server:
      - Microsoft-HTTPAPI/2.0
      strict-transport-security:
      - max-age=31536000; includeSubDomains
      transfer-encoding:
      - chunked
      vary:
      - Accept-Encoding
      x-content-type-options:
      - nosniff
      x-ms-gatewayversion:
      - version=2.14.0
    status:
      code: 200
      message: Ok
- request:
    body: null
    headers:
      Accept:
      - '*/*'
      Accept-Encoding:
      - gzip, deflate
      CommandName:
      - cosmosdb create
      Connection:
      - keep-alive
      ParameterSetName:
      - -n -g --backup-policy-type --locations --kind
      User-Agent:
      - AZURECLI/2.47.0 azsdk-python-mgmt-cosmosdb/9.1.0 Python/3.9.13 (Windows-10-10.0.22621-SP0)
    method: GET
    uri: https://management.azure.com/subscriptions/00000000-0000-0000-0000-000000000000/providers/Microsoft.DocumentDB/locations/westus/operationsStatus/0af2d689-8d73-4122-b16e-c6045cce6e7a?api-version=2023-03-15
  response:
    body:
      string: '{"status":"Dequeued"}'
    headers:
      cache-control:
      - no-store, no-cache
      content-length:
      - '21'
      content-type:
      - application/json
      date:
      - Fri, 21 Apr 2023 23:03:57 GMT
      pragma:
      - no-cache
      server:
      - Microsoft-HTTPAPI/2.0
      strict-transport-security:
      - max-age=31536000; includeSubDomains
      transfer-encoding:
      - chunked
      vary:
      - Accept-Encoding
      x-content-type-options:
      - nosniff
      x-ms-gatewayversion:
      - version=2.14.0
    status:
      code: 200
      message: Ok
- request:
    body: null
    headers:
      Accept:
      - '*/*'
      Accept-Encoding:
      - gzip, deflate
      CommandName:
      - cosmosdb create
      Connection:
      - keep-alive
      ParameterSetName:
      - -n -g --backup-policy-type --locations --kind
      User-Agent:
      - AZURECLI/2.47.0 azsdk-python-mgmt-cosmosdb/9.1.0 Python/3.9.13 (Windows-10-10.0.22621-SP0)
    method: GET
    uri: https://management.azure.com/subscriptions/00000000-0000-0000-0000-000000000000/providers/Microsoft.DocumentDB/locations/westus/operationsStatus/0af2d689-8d73-4122-b16e-c6045cce6e7a?api-version=2023-03-15
  response:
    body:
      string: '{"status":"Dequeued"}'
    headers:
      cache-control:
      - no-store, no-cache
      content-length:
      - '21'
      content-type:
      - application/json
      date:
      - Fri, 21 Apr 2023 23:04:27 GMT
      pragma:
      - no-cache
      server:
      - Microsoft-HTTPAPI/2.0
      strict-transport-security:
      - max-age=31536000; includeSubDomains
      transfer-encoding:
      - chunked
      vary:
      - Accept-Encoding
      x-content-type-options:
      - nosniff
      x-ms-gatewayversion:
      - version=2.14.0
    status:
      code: 200
      message: Ok
- request:
    body: null
    headers:
      Accept:
      - '*/*'
      Accept-Encoding:
      - gzip, deflate
      CommandName:
      - cosmosdb create
      Connection:
      - keep-alive
      ParameterSetName:
      - -n -g --backup-policy-type --locations --kind
      User-Agent:
      - AZURECLI/2.47.0 azsdk-python-mgmt-cosmosdb/9.1.0 Python/3.9.13 (Windows-10-10.0.22621-SP0)
    method: GET
    uri: https://management.azure.com/subscriptions/00000000-0000-0000-0000-000000000000/providers/Microsoft.DocumentDB/locations/westus/operationsStatus/0af2d689-8d73-4122-b16e-c6045cce6e7a?api-version=2023-03-15
  response:
    body:
      string: '{"status":"Dequeued"}'
    headers:
      cache-control:
      - no-store, no-cache
      content-length:
      - '21'
      content-type:
      - application/json
      date:
      - Fri, 21 Apr 2023 23:04:57 GMT
      pragma:
      - no-cache
      server:
      - Microsoft-HTTPAPI/2.0
      strict-transport-security:
      - max-age=31536000; includeSubDomains
      transfer-encoding:
      - chunked
      vary:
      - Accept-Encoding
      x-content-type-options:
      - nosniff
      x-ms-gatewayversion:
      - version=2.14.0
    status:
      code: 200
      message: Ok
- request:
    body: null
    headers:
      Accept:
      - '*/*'
      Accept-Encoding:
      - gzip, deflate
      CommandName:
      - cosmosdb create
      Connection:
      - keep-alive
      ParameterSetName:
      - -n -g --backup-policy-type --locations --kind
      User-Agent:
      - AZURECLI/2.47.0 azsdk-python-mgmt-cosmosdb/9.1.0 Python/3.9.13 (Windows-10-10.0.22621-SP0)
    method: GET
    uri: https://management.azure.com/subscriptions/00000000-0000-0000-0000-000000000000/providers/Microsoft.DocumentDB/locations/westus/operationsStatus/0af2d689-8d73-4122-b16e-c6045cce6e7a?api-version=2023-03-15
  response:
    body:
      string: '{"status":"Dequeued"}'
    headers:
      cache-control:
      - no-store, no-cache
      content-length:
      - '21'
      content-type:
      - application/json
      date:
      - Fri, 21 Apr 2023 23:05:27 GMT
      pragma:
      - no-cache
      server:
      - Microsoft-HTTPAPI/2.0
      strict-transport-security:
      - max-age=31536000; includeSubDomains
      transfer-encoding:
      - chunked
      vary:
      - Accept-Encoding
      x-content-type-options:
      - nosniff
      x-ms-gatewayversion:
      - version=2.14.0
    status:
      code: 200
      message: Ok
- request:
    body: null
    headers:
      Accept:
      - '*/*'
      Accept-Encoding:
      - gzip, deflate
      CommandName:
      - cosmosdb create
      Connection:
      - keep-alive
      ParameterSetName:
      - -n -g --backup-policy-type --locations --kind
      User-Agent:
      - AZURECLI/2.47.0 azsdk-python-mgmt-cosmosdb/9.1.0 Python/3.9.13 (Windows-10-10.0.22621-SP0)
    method: GET
    uri: https://management.azure.com/subscriptions/00000000-0000-0000-0000-000000000000/providers/Microsoft.DocumentDB/locations/westus/operationsStatus/0af2d689-8d73-4122-b16e-c6045cce6e7a?api-version=2023-03-15
  response:
    body:
      string: '{"status":"Dequeued"}'
    headers:
      cache-control:
      - no-store, no-cache
      content-length:
      - '21'
      content-type:
      - application/json
      date:
      - Fri, 21 Apr 2023 23:05:57 GMT
      pragma:
      - no-cache
      server:
      - Microsoft-HTTPAPI/2.0
      strict-transport-security:
      - max-age=31536000; includeSubDomains
      transfer-encoding:
      - chunked
      vary:
      - Accept-Encoding
      x-content-type-options:
      - nosniff
      x-ms-gatewayversion:
      - version=2.14.0
    status:
      code: 200
      message: Ok
- request:
    body: null
    headers:
      Accept:
      - '*/*'
      Accept-Encoding:
      - gzip, deflate
      CommandName:
      - cosmosdb create
      Connection:
      - keep-alive
      ParameterSetName:
      - -n -g --backup-policy-type --locations --kind
      User-Agent:
      - AZURECLI/2.47.0 azsdk-python-mgmt-cosmosdb/9.1.0 Python/3.9.13 (Windows-10-10.0.22621-SP0)
    method: GET
    uri: https://management.azure.com/subscriptions/00000000-0000-0000-0000-000000000000/providers/Microsoft.DocumentDB/locations/westus/operationsStatus/0af2d689-8d73-4122-b16e-c6045cce6e7a?api-version=2023-03-15
  response:
    body:
      string: '{"status":"Succeeded"}'
    headers:
      cache-control:
      - no-store, no-cache
      content-length:
      - '22'
      content-type:
      - application/json
      date:
      - Fri, 21 Apr 2023 23:06:27 GMT
      pragma:
      - no-cache
      server:
      - Microsoft-HTTPAPI/2.0
      strict-transport-security:
      - max-age=31536000; includeSubDomains
      transfer-encoding:
      - chunked
      vary:
      - Accept-Encoding
      x-content-type-options:
      - nosniff
      x-ms-gatewayversion:
      - version=2.14.0
    status:
      code: 200
      message: Ok
- request:
    body: null
    headers:
      Accept:
      - '*/*'
      Accept-Encoding:
      - gzip, deflate
      CommandName:
      - cosmosdb create
      Connection:
      - keep-alive
      ParameterSetName:
      - -n -g --backup-policy-type --locations --kind
      User-Agent:
      - AZURECLI/2.47.0 azsdk-python-mgmt-cosmosdb/9.1.0 Python/3.9.13 (Windows-10-10.0.22621-SP0)
    method: GET
    uri: https://management.azure.com/subscriptions/00000000-0000-0000-0000-000000000000/resourceGroups/cli_test_cosmosdb_mongodb_collection_backupinfo000001/providers/Microsoft.DocumentDB/databaseAccounts/cli000004?api-version=2023-03-15
  response:
    body:
      string: '{"id":"/subscriptions/00000000-0000-0000-0000-000000000000/resourceGroups/cli_test_cosmosdb_mongodb_collection_backupinfo000001/providers/Microsoft.DocumentDB/databaseAccounts/cli000004","name":"cli000004","location":"West
        US","type":"Microsoft.DocumentDB/databaseAccounts","kind":"MongoDB","tags":{},"systemData":{"createdAt":"2023-04-21T23:05:42.241349Z"},"properties":{"provisioningState":"Succeeded","documentEndpoint":"https://cli000004.documents.azure.com:443/","sqlEndpoint":"https://cli000004.documents.azure.com:443/","mongoEndpoint":"https://cli000004.mongo.cosmos.azure.com:443/","publicNetworkAccess":"Enabled","enableAutomaticFailover":false,"enableMultipleWriteLocations":false,"enablePartitionKeyMonitor":false,"isVirtualNetworkFilterEnabled":false,"virtualNetworkRules":[],"EnabledApiTypes":"MongoDB","disableKeyBasedMetadataWriteAccess":false,"enableFreeTier":false,"enableAnalyticalStorage":false,"analyticalStorageConfiguration":{"schemaType":"FullFidelity"},"instanceId":"6218c8b7-7a99-475f-9810-2220efe18177","createMode":"Default","databaseAccountOfferType":"Standard","defaultIdentity":"FirstPartyIdentity","networkAclBypass":"None","disableLocalAuth":false,"enablePartitionMerge":false,"minimalTlsVersion":"Tls12","consistencyPolicy":{"defaultConsistencyLevel":"Session","maxIntervalInSeconds":5,"maxStalenessPrefix":100},"apiProperties":{"serverVersion":"3.6"},"configurationOverrides":{"EnableBsonSchema":"True"},"writeLocations":[{"id":"cli000004-westus","locationName":"West
        US","documentEndpoint":"https://cli000004-westus.documents.azure.com:443/","provisioningState":"Succeeded","failoverPriority":0,"isZoneRedundant":false}],"readLocations":[{"id":"cli000004-westus","locationName":"West
        US","documentEndpoint":"https://cli000004-westus.documents.azure.com:443/","provisioningState":"Succeeded","failoverPriority":0,"isZoneRedundant":false}],"locations":[{"id":"cli000004-westus","locationName":"West
        US","documentEndpoint":"https://cli000004-westus.documents.azure.com:443/","provisioningState":"Succeeded","failoverPriority":0,"isZoneRedundant":false}],"failoverPolicies":[{"id":"cli000004-westus","locationName":"West
        US","failoverPriority":0}],"cors":[],"capabilities":[{"name":"EnableMongo"}],"ipRules":[],"backupPolicy":{"type":"Continuous"},"networkAclBypassResourceIds":[],"keysMetadata":{"primaryMasterKey":{"generationTime":"2023-04-21T23:05:42.241349Z"},"secondaryMasterKey":{"generationTime":"2023-04-21T23:05:42.241349Z"},"primaryReadonlyMasterKey":{"generationTime":"2023-04-21T23:05:42.241349Z"},"secondaryReadonlyMasterKey":{"generationTime":"2023-04-21T23:05:42.241349Z"}}},"identity":{"type":"None"}}'
    headers:
      cache-control:
      - no-store, no-cache
      content-length:
      - '2650'
      content-type:
      - application/json
      date:
      - Fri, 21 Apr 2023 23:06:27 GMT
      pragma:
      - no-cache
      server:
      - Microsoft-HTTPAPI/2.0
      strict-transport-security:
      - max-age=31536000; includeSubDomains
      transfer-encoding:
      - chunked
      vary:
      - Accept-Encoding
      x-content-type-options:
      - nosniff
      x-ms-gatewayversion:
      - version=2.14.0
    status:
      code: 200
      message: Ok
- request:
    body: null
    headers:
      Accept:
      - application/json
      Accept-Encoding:
      - gzip, deflate
      CommandName:
      - cosmosdb create
      Connection:
      - keep-alive
      ParameterSetName:
      - -n -g --backup-policy-type --locations --kind
      User-Agent:
      - AZURECLI/2.47.0 azsdk-python-mgmt-cosmosdb/9.1.0 Python/3.9.13 (Windows-10-10.0.22621-SP0)
    method: GET
    uri: https://management.azure.com/subscriptions/00000000-0000-0000-0000-000000000000/resourceGroups/cli_test_cosmosdb_mongodb_collection_backupinfo000001/providers/Microsoft.DocumentDB/databaseAccounts/cli000004?api-version=2023-03-15
  response:
    body:
      string: '{"id":"/subscriptions/00000000-0000-0000-0000-000000000000/resourceGroups/cli_test_cosmosdb_mongodb_collection_backupinfo000001/providers/Microsoft.DocumentDB/databaseAccounts/cli000004","name":"cli000004","location":"West
        US","type":"Microsoft.DocumentDB/databaseAccounts","kind":"MongoDB","tags":{},"systemData":{"createdAt":"2023-04-21T23:05:42.241349Z"},"properties":{"provisioningState":"Succeeded","documentEndpoint":"https://cli000004.documents.azure.com:443/","sqlEndpoint":"https://cli000004.documents.azure.com:443/","mongoEndpoint":"https://cli000004.mongo.cosmos.azure.com:443/","publicNetworkAccess":"Enabled","enableAutomaticFailover":false,"enableMultipleWriteLocations":false,"enablePartitionKeyMonitor":false,"isVirtualNetworkFilterEnabled":false,"virtualNetworkRules":[],"EnabledApiTypes":"MongoDB","disableKeyBasedMetadataWriteAccess":false,"enableFreeTier":false,"enableAnalyticalStorage":false,"analyticalStorageConfiguration":{"schemaType":"FullFidelity"},"instanceId":"6218c8b7-7a99-475f-9810-2220efe18177","createMode":"Default","databaseAccountOfferType":"Standard","defaultIdentity":"FirstPartyIdentity","networkAclBypass":"None","disableLocalAuth":false,"enablePartitionMerge":false,"minimalTlsVersion":"Tls12","consistencyPolicy":{"defaultConsistencyLevel":"Session","maxIntervalInSeconds":5,"maxStalenessPrefix":100},"apiProperties":{"serverVersion":"3.6"},"configurationOverrides":{"EnableBsonSchema":"True"},"writeLocations":[{"id":"cli000004-westus","locationName":"West
        US","documentEndpoint":"https://cli000004-westus.documents.azure.com:443/","provisioningState":"Succeeded","failoverPriority":0,"isZoneRedundant":false}],"readLocations":[{"id":"cli000004-westus","locationName":"West
        US","documentEndpoint":"https://cli000004-westus.documents.azure.com:443/","provisioningState":"Succeeded","failoverPriority":0,"isZoneRedundant":false}],"locations":[{"id":"cli000004-westus","locationName":"West
        US","documentEndpoint":"https://cli000004-westus.documents.azure.com:443/","provisioningState":"Succeeded","failoverPriority":0,"isZoneRedundant":false}],"failoverPolicies":[{"id":"cli000004-westus","locationName":"West
        US","failoverPriority":0}],"cors":[],"capabilities":[{"name":"EnableMongo"}],"ipRules":[],"backupPolicy":{"type":"Continuous"},"networkAclBypassResourceIds":[],"keysMetadata":{"primaryMasterKey":{"generationTime":"2023-04-21T23:05:42.241349Z"},"secondaryMasterKey":{"generationTime":"2023-04-21T23:05:42.241349Z"},"primaryReadonlyMasterKey":{"generationTime":"2023-04-21T23:05:42.241349Z"},"secondaryReadonlyMasterKey":{"generationTime":"2023-04-21T23:05:42.241349Z"}}},"identity":{"type":"None"}}'
    headers:
      cache-control:
      - no-store, no-cache
      content-length:
      - '2650'
      content-type:
      - application/json
      date:
      - Fri, 21 Apr 2023 23:06:28 GMT
      pragma:
      - no-cache
      server:
      - Microsoft-HTTPAPI/2.0
      strict-transport-security:
      - max-age=31536000; includeSubDomains
      transfer-encoding:
      - chunked
      vary:
      - Accept-Encoding
      x-content-type-options:
      - nosniff
      x-ms-gatewayversion:
      - version=2.14.0
    status:
      code: 200
      message: Ok
- request:
    body: null
    headers:
      Accept:
      - application/json
      Accept-Encoding:
      - gzip, deflate
      CommandName:
      - cosmosdb show
      Connection:
      - keep-alive
      ParameterSetName:
      - -n -g
      User-Agent:
      - AZURECLI/2.47.0 azsdk-python-mgmt-cosmosdb/9.1.0 Python/3.9.13 (Windows-10-10.0.22621-SP0)
    method: GET
    uri: https://management.azure.com/subscriptions/00000000-0000-0000-0000-000000000000/resourceGroups/cli_test_cosmosdb_mongodb_collection_backupinfo000001/providers/Microsoft.DocumentDB/databaseAccounts/cli000004?api-version=2023-03-15
  response:
    body:
      string: '{"id":"/subscriptions/00000000-0000-0000-0000-000000000000/resourceGroups/cli_test_cosmosdb_mongodb_collection_backupinfo000001/providers/Microsoft.DocumentDB/databaseAccounts/cli000004","name":"cli000004","location":"West
        US","type":"Microsoft.DocumentDB/databaseAccounts","kind":"MongoDB","tags":{},"systemData":{"createdAt":"2023-04-21T23:05:42.241349Z"},"properties":{"provisioningState":"Succeeded","documentEndpoint":"https://cli000004.documents.azure.com:443/","sqlEndpoint":"https://cli000004.documents.azure.com:443/","mongoEndpoint":"https://cli000004.mongo.cosmos.azure.com:443/","publicNetworkAccess":"Enabled","enableAutomaticFailover":false,"enableMultipleWriteLocations":false,"enablePartitionKeyMonitor":false,"isVirtualNetworkFilterEnabled":false,"virtualNetworkRules":[],"EnabledApiTypes":"MongoDB","disableKeyBasedMetadataWriteAccess":false,"enableFreeTier":false,"enableAnalyticalStorage":false,"analyticalStorageConfiguration":{"schemaType":"FullFidelity"},"instanceId":"6218c8b7-7a99-475f-9810-2220efe18177","createMode":"Default","databaseAccountOfferType":"Standard","defaultIdentity":"FirstPartyIdentity","networkAclBypass":"None","disableLocalAuth":false,"enablePartitionMerge":false,"minimalTlsVersion":"Tls12","consistencyPolicy":{"defaultConsistencyLevel":"Session","maxIntervalInSeconds":5,"maxStalenessPrefix":100},"apiProperties":{"serverVersion":"3.6"},"configurationOverrides":{"EnableBsonSchema":"True"},"writeLocations":[{"id":"cli000004-westus","locationName":"West
        US","documentEndpoint":"https://cli000004-westus.documents.azure.com:443/","provisioningState":"Succeeded","failoverPriority":0,"isZoneRedundant":false}],"readLocations":[{"id":"cli000004-westus","locationName":"West
        US","documentEndpoint":"https://cli000004-westus.documents.azure.com:443/","provisioningState":"Succeeded","failoverPriority":0,"isZoneRedundant":false}],"locations":[{"id":"cli000004-westus","locationName":"West
        US","documentEndpoint":"https://cli000004-westus.documents.azure.com:443/","provisioningState":"Succeeded","failoverPriority":0,"isZoneRedundant":false}],"failoverPolicies":[{"id":"cli000004-westus","locationName":"West
        US","failoverPriority":0}],"cors":[],"capabilities":[{"name":"EnableMongo"}],"ipRules":[],"backupPolicy":{"type":"Continuous"},"networkAclBypassResourceIds":[],"keysMetadata":{"primaryMasterKey":{"generationTime":"2023-04-21T23:05:42.241349Z"},"secondaryMasterKey":{"generationTime":"2023-04-21T23:05:42.241349Z"},"primaryReadonlyMasterKey":{"generationTime":"2023-04-21T23:05:42.241349Z"},"secondaryReadonlyMasterKey":{"generationTime":"2023-04-21T23:05:42.241349Z"}}},"identity":{"type":"None"}}'
    headers:
      cache-control:
      - no-store, no-cache
      content-length:
      - '2650'
      content-type:
      - application/json
      date:
      - Fri, 21 Apr 2023 23:06:28 GMT
      pragma:
      - no-cache
      server:
      - Microsoft-HTTPAPI/2.0
      strict-transport-security:
      - max-age=31536000; includeSubDomains
      transfer-encoding:
      - chunked
      vary:
      - Accept-Encoding
      x-content-type-options:
      - nosniff
      x-ms-gatewayversion:
      - version=2.14.0
    status:
      code: 200
      message: Ok
- request:
    body: null
    headers:
      Accept:
      - application/json
      Accept-Encoding:
      - gzip, deflate
      CommandName:
      - cosmosdb mongodb retrieve-latest-backup-time
      Connection:
      - keep-alive
      ParameterSetName:
      - -g -a -d -c -l
      User-Agent:
      - AZURECLI/2.47.0 azsdk-python-mgmt-cosmosdb/9.1.0 Python/3.9.13 (Windows-10-10.0.22621-SP0)
    method: GET
    uri: https://management.azure.com/subscriptions/00000000-0000-0000-0000-000000000000/resourceGroups/cli_test_cosmosdb_mongodb_collection_backupinfo000001/providers/Microsoft.DocumentDB/databaseAccounts/cli000004/mongodbDatabases/cli000003?api-version=2023-03-15
  response:
    body:
      string: '{"code":"NotFound","message":"the database cli000003 doesn''t exist.\r\nActivityId:
        265462db-e099-11ed-9408-002248272ae6, Microsoft.Azure.Documents.Common/2.14.0"}'
    headers:
      cache-control:
      - no-store, no-cache
      content-length:
      - '162'
      content-type:
      - application/json
      date:
      - Fri, 21 Apr 2023 23:06:30 GMT
      pragma:
      - no-cache
      server:
      - Microsoft-HTTPAPI/2.0
      strict-transport-security:
      - max-age=31536000; includeSubDomains
      x-content-type-options:
      - nosniff
      x-ms-gatewayversion:
      - version=2.14.0
    status:
      code: 404
      message: NotFound
- request:
    body: '{"properties": {"resource": {"id": "cli000003"}, "options": {}}}'
    headers:
      Accept:
      - application/json
      Accept-Encoding:
      - gzip, deflate
      CommandName:
      - cosmosdb mongodb database create
      Connection:
      - keep-alive
      Content-Length:
      - '64'
      Content-Type:
      - application/json
      ParameterSetName:
      - -g -a -n
      User-Agent:
      - AZURECLI/2.47.0 azsdk-python-mgmt-cosmosdb/9.1.0 Python/3.9.13 (Windows-10-10.0.22621-SP0)
    method: PUT
    uri: https://management.azure.com/subscriptions/00000000-0000-0000-0000-000000000000/resourceGroups/cli_test_cosmosdb_mongodb_collection_backupinfo000001/providers/Microsoft.DocumentDB/databaseAccounts/cli000004/mongodbDatabases/cli000003?api-version=2023-03-15
  response:
    body:
      string: '{"status":"Enqueued"}'
    headers:
      azure-asyncoperation:
      - https://management.azure.com/subscriptions/00000000-0000-0000-0000-000000000000/providers/Microsoft.DocumentDB/locations/westus/operationsStatus/6d993460-5333-4324-94c0-7b045b661602?api-version=2023-03-15
      cache-control:
      - no-store, no-cache
      content-length:
      - '21'
      content-type:
      - application/json
      date:
      - Fri, 21 Apr 2023 23:06:31 GMT
      location:
      - https://management.azure.com/subscriptions/00000000-0000-0000-0000-000000000000/resourceGroups/cli_test_cosmosdb_mongodb_collection_backupinfo000001/providers/Microsoft.DocumentDB/databaseAccounts/cli000004/mongodbDatabases/cli000003/operationResults/6d993460-5333-4324-94c0-7b045b661602?api-version=2023-03-15
      pragma:
      - no-cache
      server:
      - Microsoft-HTTPAPI/2.0
      strict-transport-security:
      - max-age=31536000; includeSubDomains
      x-content-type-options:
      - nosniff
      x-ms-gatewayversion:
      - version=2.14.0
      x-ms-ratelimit-remaining-subscription-writes:
      - '1198'
    status:
      code: 202
      message: Accepted
- request:
    body: null
    headers:
      Accept:
      - '*/*'
      Accept-Encoding:
      - gzip, deflate
      CommandName:
      - cosmosdb mongodb database create
      Connection:
      - keep-alive
      ParameterSetName:
      - -g -a -n
      User-Agent:
      - AZURECLI/2.47.0 azsdk-python-mgmt-cosmosdb/9.1.0 Python/3.9.13 (Windows-10-10.0.22621-SP0)
    method: GET
    uri: https://management.azure.com/subscriptions/00000000-0000-0000-0000-000000000000/providers/Microsoft.DocumentDB/locations/westus/operationsStatus/6d993460-5333-4324-94c0-7b045b661602?api-version=2023-03-15
  response:
    body:
      string: '{"status":"Succeeded"}'
    headers:
      cache-control:
      - no-store, no-cache
      content-length:
      - '22'
      content-type:
      - application/json
      date:
      - Fri, 21 Apr 2023 23:07:01 GMT
      pragma:
      - no-cache
      server:
      - Microsoft-HTTPAPI/2.0
      strict-transport-security:
      - max-age=31536000; includeSubDomains
      transfer-encoding:
      - chunked
      vary:
      - Accept-Encoding
      x-content-type-options:
      - nosniff
      x-ms-gatewayversion:
      - version=2.14.0
    status:
      code: 200
      message: Ok
- request:
    body: null
    headers:
      Accept:
      - '*/*'
      Accept-Encoding:
      - gzip, deflate
      CommandName:
      - cosmosdb mongodb database create
      Connection:
      - keep-alive
      ParameterSetName:
      - -g -a -n
      User-Agent:
      - AZURECLI/2.47.0 azsdk-python-mgmt-cosmosdb/9.1.0 Python/3.9.13 (Windows-10-10.0.22621-SP0)
    method: GET
    uri: https://management.azure.com/subscriptions/00000000-0000-0000-0000-000000000000/resourceGroups/cli_test_cosmosdb_mongodb_collection_backupinfo000001/providers/Microsoft.DocumentDB/databaseAccounts/cli000004/mongodbDatabases/cli000003?api-version=2023-03-15
  response:
    body:
      string: '{"id":"/subscriptions/00000000-0000-0000-0000-000000000000/resourceGroups/cli_test_cosmosdb_mongodb_collection_backupinfo000001/providers/Microsoft.DocumentDB/databaseAccounts/cli000004/mongodbDatabases/cli000003","type":"Microsoft.DocumentDB/databaseAccounts/mongodbDatabases","name":"cli000003","properties":{"resource":{"id":"cli000003"}}}'
    headers:
      cache-control:
      - no-store, no-cache
      content-length:
      - '342'
      content-type:
      - application/json
      date:
      - Fri, 21 Apr 2023 23:07:01 GMT
      pragma:
      - no-cache
      server:
      - Microsoft-HTTPAPI/2.0
      strict-transport-security:
      - max-age=31536000; includeSubDomains
      transfer-encoding:
      - chunked
      vary:
      - Accept-Encoding
      x-content-type-options:
      - nosniff
      x-ms-gatewayversion:
      - version=2.14.0
    status:
      code: 200
      message: Ok
- request:
    body: null
    headers:
      Accept:
      - application/json
      Accept-Encoding:
      - gzip, deflate
      CommandName:
      - cosmosdb mongodb retrieve-latest-backup-time
      Connection:
      - keep-alive
      ParameterSetName:
      - -g -a -d -c -l
      User-Agent:
      - AZURECLI/2.47.0 azsdk-python-mgmt-cosmosdb/9.1.0 Python/3.9.13 (Windows-10-10.0.22621-SP0)
    method: GET
    uri: https://management.azure.com/subscriptions/00000000-0000-0000-0000-000000000000/resourceGroups/cli_test_cosmosdb_mongodb_collection_backupinfo000001/providers/Microsoft.DocumentDB/databaseAccounts/cli000004/mongodbDatabases/cli000003?api-version=2023-03-15
  response:
    body:
      string: '{"id":"/subscriptions/00000000-0000-0000-0000-000000000000/resourceGroups/cli_test_cosmosdb_mongodb_collection_backupinfo000001/providers/Microsoft.DocumentDB/databaseAccounts/cli000004/mongodbDatabases/cli000003","type":"Microsoft.DocumentDB/databaseAccounts/mongodbDatabases","name":"cli000003","properties":{"resource":{"id":"cli000003"}}}'
    headers:
      cache-control:
      - no-store, no-cache
      content-length:
      - '342'
      content-type:
      - application/json
      date:
      - Fri, 21 Apr 2023 23:07:03 GMT
      pragma:
      - no-cache
      server:
      - Microsoft-HTTPAPI/2.0
      strict-transport-security:
      - max-age=31536000; includeSubDomains
      transfer-encoding:
      - chunked
      vary:
      - Accept-Encoding
      x-content-type-options:
      - nosniff
      x-ms-gatewayversion:
      - version=2.14.0
    status:
      code: 200
      message: Ok
- request:
    body: null
    headers:
      Accept:
      - application/json
      Accept-Encoding:
      - gzip, deflate
      CommandName:
      - cosmosdb mongodb retrieve-latest-backup-time
      Connection:
      - keep-alive
      ParameterSetName:
      - -g -a -d -c -l
      User-Agent:
      - AZURECLI/2.47.0 azsdk-python-mgmt-cosmosdb/9.1.0 Python/3.9.13 (Windows-10-10.0.22621-SP0)
    method: GET
    uri: https://management.azure.com/subscriptions/00000000-0000-0000-0000-000000000000/resourceGroups/cli_test_cosmosdb_mongodb_collection_backupinfo000001/providers/Microsoft.DocumentDB/databaseAccounts/cli000004/mongodbDatabases/cli000003/collections/cli000002?api-version=2023-03-15
  response:
    body:
      string: '{"code":"NotFound","message":"The collection ''cli000003''.''cli000002''
        doesn''t exist.\r\nActivityId: 39e82aac-e099-11ed-802d-002248272ae6, Microsoft.Azure.Documents.Common/2.14.0"}'
    headers:
      cache-control:
      - no-store, no-cache
      content-length:
      - '178'
      content-type:
      - application/json
      date:
      - Fri, 21 Apr 2023 23:07:03 GMT
      pragma:
      - no-cache
      server:
      - Microsoft-HTTPAPI/2.0
      strict-transport-security:
      - max-age=31536000; includeSubDomains
      x-content-type-options:
      - nosniff
      x-ms-gatewayversion:
      - version=2.14.0
    status:
      code: 404
      message: NotFound
- request:
    body: '{"properties": {"resource": {"id": "cli000002", "shardKey": {"theShardKey":
      "Hash"}}, "options": {"throughput": 1000}}}'
    headers:
      Accept:
      - application/json
      Accept-Encoding:
      - gzip, deflate
      CommandName:
      - cosmosdb mongodb collection create
      Connection:
      - keep-alive
      Content-Length:
      - '119'
      Content-Type:
      - application/json
      ParameterSetName:
      - -g -a -d -n --shard --throughput
      User-Agent:
      - AZURECLI/2.47.0 azsdk-python-mgmt-cosmosdb/9.1.0 Python/3.9.13 (Windows-10-10.0.22621-SP0)
    method: PUT
    uri: https://management.azure.com/subscriptions/00000000-0000-0000-0000-000000000000/resourceGroups/cli_test_cosmosdb_mongodb_collection_backupinfo000001/providers/Microsoft.DocumentDB/databaseAccounts/cli000004/mongodbDatabases/cli000003/collections/cli000002?api-version=2023-03-15
  response:
    body:
      string: '{"status":"Enqueued"}'
    headers:
      azure-asyncoperation:
      - https://management.azure.com/subscriptions/00000000-0000-0000-0000-000000000000/providers/Microsoft.DocumentDB/locations/westus/operationsStatus/dfd15351-4bc5-49e4-a80f-0b7649d83524?api-version=2023-03-15
      cache-control:
      - no-store, no-cache
      content-length:
      - '21'
      content-type:
      - application/json
      date:
      - Fri, 21 Apr 2023 23:07:03 GMT
      location:
      - https://management.azure.com/subscriptions/00000000-0000-0000-0000-000000000000/resourceGroups/cli_test_cosmosdb_mongodb_collection_backupinfo000001/providers/Microsoft.DocumentDB/databaseAccounts/cli000004/mongodbDatabases/cli000003/collections/cli000002/operationResults/dfd15351-4bc5-49e4-a80f-0b7649d83524?api-version=2023-03-15
      pragma:
      - no-cache
      server:
      - Microsoft-HTTPAPI/2.0
      strict-transport-security:
      - max-age=31536000; includeSubDomains
      x-content-type-options:
      - nosniff
      x-ms-gatewayversion:
      - version=2.14.0
      x-ms-ratelimit-remaining-subscription-writes:
      - '1197'
    status:
      code: 202
      message: Accepted
- request:
    body: null
    headers:
      Accept:
      - '*/*'
      Accept-Encoding:
      - gzip, deflate
      CommandName:
      - cosmosdb mongodb collection create
      Connection:
      - keep-alive
      ParameterSetName:
      - -g -a -d -n --shard --throughput
      User-Agent:
      - AZURECLI/2.47.0 azsdk-python-mgmt-cosmosdb/9.1.0 Python/3.9.13 (Windows-10-10.0.22621-SP0)
    method: GET
    uri: https://management.azure.com/subscriptions/00000000-0000-0000-0000-000000000000/providers/Microsoft.DocumentDB/locations/westus/operationsStatus/dfd15351-4bc5-49e4-a80f-0b7649d83524?api-version=2023-03-15
  response:
    body:
      string: '{"status":"Succeeded"}'
    headers:
      cache-control:
      - no-store, no-cache
      content-length:
      - '22'
      content-type:
      - application/json
      date:
      - Fri, 21 Apr 2023 23:07:34 GMT
      pragma:
      - no-cache
      server:
      - Microsoft-HTTPAPI/2.0
      strict-transport-security:
      - max-age=31536000; includeSubDomains
      transfer-encoding:
      - chunked
      vary:
      - Accept-Encoding
      x-content-type-options:
      - nosniff
      x-ms-gatewayversion:
      - version=2.14.0
    status:
      code: 200
      message: Ok
- request:
    body: null
    headers:
      Accept:
      - '*/*'
      Accept-Encoding:
      - gzip, deflate
      CommandName:
      - cosmosdb mongodb collection create
      Connection:
      - keep-alive
      ParameterSetName:
      - -g -a -d -n --shard --throughput
      User-Agent:
      - AZURECLI/2.47.0 azsdk-python-mgmt-cosmosdb/9.1.0 Python/3.9.13 (Windows-10-10.0.22621-SP0)
    method: GET
    uri: https://management.azure.com/subscriptions/00000000-0000-0000-0000-000000000000/resourceGroups/cli_test_cosmosdb_mongodb_collection_backupinfo000001/providers/Microsoft.DocumentDB/databaseAccounts/cli000004/mongodbDatabases/cli000003/collections/cli000002?api-version=2023-03-15
  response:
    body:
      string: '{"id":"/subscriptions/00000000-0000-0000-0000-000000000000/resourceGroups/cli_test_cosmosdb_mongodb_collection_backupinfo000001/providers/Microsoft.DocumentDB/databaseAccounts/cli000004/mongodbDatabases/cli000003/collections/cli000002","type":"Microsoft.DocumentDB/databaseAccounts/mongodbDatabases/collections","name":"cli000002","properties":{"resource":{"id":"cli000002","shardKey":{"theShardKey":"Hash"},"indexes":[{"key":{"keys":["_id"]}}]}}}'
    headers:
      cache-control:
      - no-store, no-cache
      content-length:
      - '447'
      content-type:
      - application/json
      date:
      - Fri, 21 Apr 2023 23:07:35 GMT
      pragma:
      - no-cache
      server:
      - Microsoft-HTTPAPI/2.0
      strict-transport-security:
      - max-age=31536000; includeSubDomains
      transfer-encoding:
      - chunked
      vary:
      - Accept-Encoding
      x-content-type-options:
      - nosniff
      x-ms-gatewayversion:
      - version=2.14.0
    status:
      code: 200
      message: Ok
- request:
    body: null
    headers:
      Accept:
      - application/json
      Accept-Encoding:
      - gzip, deflate
      CommandName:
      - cosmosdb mongodb retrieve-latest-backup-time
      Connection:
      - keep-alive
      ParameterSetName:
      - -g -a -d -c -l
      User-Agent:
      - AZURECLI/2.47.0 azsdk-python-mgmt-cosmosdb/9.1.0 Python/3.9.13 (Windows-10-10.0.22621-SP0)
    method: GET
    uri: https://management.azure.com/subscriptions/00000000-0000-0000-0000-000000000000/resourceGroups/cli_test_cosmosdb_mongodb_collection_backupinfo000001/providers/Microsoft.DocumentDB/databaseAccounts/cli000004/mongodbDatabases/cli000003?api-version=2023-03-15
  response:
    body:
      string: '{"id":"/subscriptions/00000000-0000-0000-0000-000000000000/resourceGroups/cli_test_cosmosdb_mongodb_collection_backupinfo000001/providers/Microsoft.DocumentDB/databaseAccounts/cli000004/mongodbDatabases/cli000003","type":"Microsoft.DocumentDB/databaseAccounts/mongodbDatabases","name":"cli000003","properties":{"resource":{"id":"cli000003"}}}'
    headers:
      cache-control:
      - no-store, no-cache
      content-length:
      - '342'
      content-type:
      - application/json
      date:
      - Fri, 21 Apr 2023 23:07:36 GMT
      pragma:
      - no-cache
      server:
      - Microsoft-HTTPAPI/2.0
      strict-transport-security:
      - max-age=31536000; includeSubDomains
      x-content-type-options:
      - nosniff
      x-ms-gatewayversion:
      - version=2.14.0
    status:
      code: 200
      message: Ok
- request:
    body: null
    headers:
      Accept:
      - application/json
      Accept-Encoding:
      - gzip, deflate
      CommandName:
      - cosmosdb mongodb retrieve-latest-backup-time
      Connection:
      - keep-alive
      ParameterSetName:
      - -g -a -d -c -l
      User-Agent:
      - AZURECLI/2.47.0 azsdk-python-mgmt-cosmosdb/9.1.0 Python/3.9.13 (Windows-10-10.0.22621-SP0)
    method: GET
    uri: https://management.azure.com/subscriptions/00000000-0000-0000-0000-000000000000/resourceGroups/cli_test_cosmosdb_mongodb_collection_backupinfo000001/providers/Microsoft.DocumentDB/databaseAccounts/cli000004/mongodbDatabases/cli000003/collections/cli000002?api-version=2023-03-15
  response:
    body:
      string: '{"id":"/subscriptions/00000000-0000-0000-0000-000000000000/resourceGroups/cli_test_cosmosdb_mongodb_collection_backupinfo000001/providers/Microsoft.DocumentDB/databaseAccounts/cli000004/mongodbDatabases/cli000003/collections/cli000002","type":"Microsoft.DocumentDB/databaseAccounts/mongodbDatabases/collections","name":"cli000002","properties":{"resource":{"id":"cli000002","shardKey":{"theShardKey":"Hash"},"indexes":[{"key":{"keys":["_id"]}}]}}}'
    headers:
      cache-control:
      - no-store, no-cache
      content-length:
      - '447'
      content-type:
      - application/json
      date:
      - Fri, 21 Apr 2023 23:07:37 GMT
      pragma:
      - no-cache
      server:
      - Microsoft-HTTPAPI/2.0
      strict-transport-security:
      - max-age=31536000; includeSubDomains
      x-content-type-options:
      - nosniff
      x-ms-gatewayversion:
      - version=2.14.0
    status:
      code: 200
      message: Ok
- request:
    body: '{"location": "westus"}'
    headers:
      Accept:
      - application/json
      Accept-Encoding:
      - gzip, deflate
      CommandName:
      - cosmosdb mongodb retrieve-latest-backup-time
      Connection:
      - keep-alive
      Content-Length:
      - '22'
      Content-Type:
      - application/json
      ParameterSetName:
      - -g -a -d -c -l
      User-Agent:
      - AZURECLI/2.47.0 azsdk-python-mgmt-cosmosdb/9.1.0 Python/3.9.13 (Windows-10-10.0.22621-SP0)
    method: POST
    uri: https://management.azure.com/subscriptions/00000000-0000-0000-0000-000000000000/resourceGroups/cli_test_cosmosdb_mongodb_collection_backupinfo000001/providers/Microsoft.DocumentDB/databaseAccounts/cli000004/mongodbDatabases/cli000003/collections/cli000002/retrieveContinuousBackupInformation?api-version=2023-03-15
  response:
    body:
      string: '{"status":"Enqueued"}'
    headers:
      cache-control:
      - no-store, no-cache
      content-length:
      - '21'
      content-type:
      - application/json
      date:
      - Fri, 21 Apr 2023 23:07:38 GMT
      location:
      - https://management.azure.com/subscriptions/00000000-0000-0000-0000-000000000000/resourceGroups/cli_test_cosmosdb_mongodb_collection_backupinfo000001/providers/Microsoft.DocumentDB/databaseAccounts/cli000004/mongodbDatabases/cli000003/collections/cli000002/retrieveContinuousBackupInformation/operationResults/c9660ba5-a48a-45fb-84a3-9e77ec648eda?api-version=2023-03-15
      pragma:
      - no-cache
      server:
      - Microsoft-HTTPAPI/2.0
      strict-transport-security:
      - max-age=31536000; includeSubDomains
      x-content-type-options:
      - nosniff
      x-ms-gatewayversion:
      - version=2.14.0
      x-ms-ratelimit-remaining-subscription-writes:
      - '1199'
    status:
      code: 202
      message: Accepted
- request:
    body: null
    headers:
      Accept:
      - '*/*'
      Accept-Encoding:
      - gzip, deflate
      CommandName:
      - cosmosdb mongodb retrieve-latest-backup-time
      Connection:
      - keep-alive
      ParameterSetName:
      - -g -a -d -c -l
      User-Agent:
      - AZURECLI/2.47.0 azsdk-python-mgmt-cosmosdb/9.1.0 Python/3.9.13 (Windows-10-10.0.22621-SP0)
    method: GET
    uri: https://management.azure.com/subscriptions/00000000-0000-0000-0000-000000000000/resourceGroups/cli_test_cosmosdb_mongodb_collection_backupinfo000001/providers/Microsoft.DocumentDB/databaseAccounts/cli000004/mongodbDatabases/cli000003/collections/cli000002/retrieveContinuousBackupInformation/operationResults/c9660ba5-a48a-45fb-84a3-9e77ec648eda?api-version=2023-03-15
  response:
    body:
      string: '{"continuousBackupInformation":{"latestRestorableTimestamp":"4/21/2023
        11:07:43 PM"}}'
    headers:
      cache-control:
      - no-store, no-cache
      content-length:
      - '85'
      content-type:
      - application/json
      date:
      - Fri, 21 Apr 2023 23:08:08 GMT
      pragma:
      - no-cache
      server:
      - Microsoft-HTTPAPI/2.0
      strict-transport-security:
      - max-age=31536000; includeSubDomains
      x-content-type-options:
      - nosniff
      x-ms-gatewayversion:
      - version=2.14.0
    status:
      code: 200
      message: Ok
- request:
    body: null
    headers:
      Accept:
      - application/json
      Accept-Encoding:
      - gzip, deflate
      CommandName:
      - cosmosdb mongodb retrieve-latest-backup-time
      Connection:
      - keep-alive
      ParameterSetName:
      - -g -a -d -c -l
      User-Agent:
      - AZURECLI/2.47.0 azsdk-python-mgmt-cosmosdb/9.1.0 Python/3.9.13 (Windows-10-10.0.22621-SP0)
    method: GET
    uri: https://management.azure.com/subscriptions/00000000-0000-0000-0000-000000000000/resourceGroups/cli_test_cosmosdb_mongodb_collection_backupinfo000001/providers/Microsoft.DocumentDB/databaseAccounts/cli000004/mongodbDatabases/cli000003?api-version=2023-03-15
  response:
    body:
      string: '{"id":"/subscriptions/00000000-0000-0000-0000-000000000000/resourceGroups/cli_test_cosmosdb_mongodb_collection_backupinfo000001/providers/Microsoft.DocumentDB/databaseAccounts/cli000004/mongodbDatabases/cli000003","type":"Microsoft.DocumentDB/databaseAccounts/mongodbDatabases","name":"cli000003","properties":{"resource":{"id":"cli000003"}}}'
    headers:
      cache-control:
      - no-store, no-cache
      content-length:
      - '342'
      content-type:
      - application/json
      date:
      - Fri, 21 Apr 2023 23:08:09 GMT
      pragma:
      - no-cache
      server:
      - Microsoft-HTTPAPI/2.0
      strict-transport-security:
      - max-age=31536000; includeSubDomains
      transfer-encoding:
      - chunked
      vary:
      - Accept-Encoding
      x-content-type-options:
      - nosniff
      x-ms-gatewayversion:
      - version=2.14.0
    status:
      code: 200
      message: Ok
- request:
    body: null
    headers:
      Accept:
      - application/json
      Accept-Encoding:
      - gzip, deflate
      CommandName:
      - cosmosdb mongodb retrieve-latest-backup-time
      Connection:
      - keep-alive
      ParameterSetName:
      - -g -a -d -c -l
      User-Agent:
      - AZURECLI/2.47.0 azsdk-python-mgmt-cosmosdb/9.1.0 Python/3.9.13 (Windows-10-10.0.22621-SP0)
    method: GET
    uri: https://management.azure.com/subscriptions/00000000-0000-0000-0000-000000000000/resourceGroups/cli_test_cosmosdb_mongodb_collection_backupinfo000001/providers/Microsoft.DocumentDB/databaseAccounts/cli000004/mongodbDatabases/cli000003/collections/cli000002?api-version=2023-03-15
  response:
    body:
      string: '{"id":"/subscriptions/00000000-0000-0000-0000-000000000000/resourceGroups/cli_test_cosmosdb_mongodb_collection_backupinfo000001/providers/Microsoft.DocumentDB/databaseAccounts/cli000004/mongodbDatabases/cli000003/collections/cli000002","type":"Microsoft.DocumentDB/databaseAccounts/mongodbDatabases/collections","name":"cli000002","properties":{"resource":{"id":"cli000002","shardKey":{"theShardKey":"Hash"},"indexes":[{"key":{"keys":["_id"]}}]}}}'
    headers:
      cache-control:
      - no-store, no-cache
      content-length:
      - '447'
      content-type:
      - application/json
      date:
      - Fri, 21 Apr 2023 23:08:10 GMT
      pragma:
      - no-cache
      server:
      - Microsoft-HTTPAPI/2.0
      strict-transport-security:
      - max-age=31536000; includeSubDomains
      transfer-encoding:
      - chunked
      vary:
      - Accept-Encoding
      x-content-type-options:
      - nosniff
      x-ms-gatewayversion:
      - version=2.14.0
    status:
      code: 200
      message: Ok
- request:
    body: '{"location": "westus"}'
    headers:
      Accept:
      - application/json
      Accept-Encoding:
      - gzip, deflate
      CommandName:
      - cosmosdb mongodb retrieve-latest-backup-time
      Connection:
      - keep-alive
      Content-Length:
      - '22'
      Content-Type:
      - application/json
      ParameterSetName:
      - -g -a -d -c -l
      User-Agent:
      - AZURECLI/2.47.0 azsdk-python-mgmt-cosmosdb/9.1.0 Python/3.9.13 (Windows-10-10.0.22621-SP0)
    method: POST
    uri: https://management.azure.com/subscriptions/00000000-0000-0000-0000-000000000000/resourceGroups/cli_test_cosmosdb_mongodb_collection_backupinfo000001/providers/Microsoft.DocumentDB/databaseAccounts/cli000004/mongodbDatabases/cli000003/collections/cli000002/retrieveContinuousBackupInformation?api-version=2023-03-15
  response:
    body:
      string: '{"status":"Enqueued"}'
    headers:
      cache-control:
      - no-store, no-cache
      content-length:
      - '21'
      content-type:
      - application/json
      date:
      - Fri, 21 Apr 2023 23:08:10 GMT
      location:
      - https://management.azure.com/subscriptions/00000000-0000-0000-0000-000000000000/resourceGroups/cli_test_cosmosdb_mongodb_collection_backupinfo000001/providers/Microsoft.DocumentDB/databaseAccounts/cli000004/mongodbDatabases/cli000003/collections/cli000002/retrieveContinuousBackupInformation/operationResults/65e44c64-adda-47d1-a5d6-99563aa89d23?api-version=2023-03-15
      pragma:
      - no-cache
      server:
      - Microsoft-HTTPAPI/2.0
      strict-transport-security:
      - max-age=31536000; includeSubDomains
      x-content-type-options:
      - nosniff
      x-ms-gatewayversion:
      - version=2.14.0
      x-ms-ratelimit-remaining-subscription-writes:
      - '1199'
    status:
      code: 202
      message: Accepted
- request:
    body: null
    headers:
      Accept:
      - '*/*'
      Accept-Encoding:
      - gzip, deflate
      CommandName:
      - cosmosdb mongodb retrieve-latest-backup-time
      Connection:
      - keep-alive
      ParameterSetName:
      - -g -a -d -c -l
      User-Agent:
      - AZURECLI/2.47.0 azsdk-python-mgmt-cosmosdb/9.1.0 Python/3.9.13 (Windows-10-10.0.22621-SP0)
    method: GET
    uri: https://management.azure.com/subscriptions/00000000-0000-0000-0000-000000000000/resourceGroups/cli_test_cosmosdb_mongodb_collection_backupinfo000001/providers/Microsoft.DocumentDB/databaseAccounts/cli000004/mongodbDatabases/cli000003/collections/cli000002/retrieveContinuousBackupInformation/operationResults/65e44c64-adda-47d1-a5d6-99563aa89d23?api-version=2023-03-15
  response:
    body:
      string: '{"continuousBackupInformation":{"latestRestorableTimestamp":"4/21/2023
        11:08:17 PM"}}'
    headers:
      cache-control:
      - no-store, no-cache
      content-length:
      - '85'
      content-type:
      - application/json
      date:
      - Fri, 21 Apr 2023 23:08:40 GMT
      pragma:
      - no-cache
      server:
      - Microsoft-HTTPAPI/2.0
      strict-transport-security:
      - max-age=31536000; includeSubDomains
      transfer-encoding:
      - chunked
      vary:
      - Accept-Encoding
      x-content-type-options:
      - nosniff
      x-ms-gatewayversion:
      - version=2.14.0
    status:
      code: 200
      message: Ok
- request:
    body: null
    headers:
      Accept:
      - application/json
      Accept-Encoding:
      - gzip, deflate
      CommandName:
      - cosmosdb mongodb retrieve-latest-backup-time
      Connection:
      - keep-alive
      ParameterSetName:
      - -g -a -d -c -l
      User-Agent:
      - AZURECLI/2.47.0 azsdk-python-mgmt-cosmosdb/9.1.0 Python/3.9.13 (Windows-10-10.0.22621-SP0)
    method: GET
    uri: https://management.azure.com/subscriptions/00000000-0000-0000-0000-000000000000/resourceGroups/cli_test_cosmosdb_mongodb_collection_backupinfo000001/providers/Microsoft.DocumentDB/databaseAccounts/cli000004/mongodbDatabases/cli000003?api-version=2023-03-15
  response:
    body:
      string: '{"id":"/subscriptions/00000000-0000-0000-0000-000000000000/resourceGroups/cli_test_cosmosdb_mongodb_collection_backupinfo000001/providers/Microsoft.DocumentDB/databaseAccounts/cli000004/mongodbDatabases/cli000003","type":"Microsoft.DocumentDB/databaseAccounts/mongodbDatabases","name":"cli000003","properties":{"resource":{"id":"cli000003"}}}'
    headers:
      cache-control:
      - no-store, no-cache
      content-length:
      - '342'
      content-type:
      - application/json
      date:
      - Fri, 21 Apr 2023 23:08:41 GMT
      pragma:
      - no-cache
      server:
      - Microsoft-HTTPAPI/2.0
      strict-transport-security:
      - max-age=31536000; includeSubDomains
      transfer-encoding:
      - chunked
      vary:
      - Accept-Encoding
      x-content-type-options:
      - nosniff
      x-ms-gatewayversion:
      - version=2.14.0
    status:
      code: 200
      message: Ok
- request:
    body: null
    headers:
      Accept:
      - application/json
      Accept-Encoding:
      - gzip, deflate
      CommandName:
      - cosmosdb mongodb retrieve-latest-backup-time
      Connection:
      - keep-alive
      ParameterSetName:
      - -g -a -d -c -l
      User-Agent:
      - AZURECLI/2.47.0 azsdk-python-mgmt-cosmosdb/9.1.0 Python/3.9.13 (Windows-10-10.0.22621-SP0)
    method: GET
    uri: https://management.azure.com/subscriptions/00000000-0000-0000-0000-000000000000/resourceGroups/cli_test_cosmosdb_mongodb_collection_backupinfo000001/providers/Microsoft.DocumentDB/databaseAccounts/cli000004/mongodbDatabases/cli000003/collections/cli000002?api-version=2023-03-15
  response:
    body:
      string: '{"id":"/subscriptions/00000000-0000-0000-0000-000000000000/resourceGroups/cli_test_cosmosdb_mongodb_collection_backupinfo000001/providers/Microsoft.DocumentDB/databaseAccounts/cli000004/mongodbDatabases/cli000003/collections/cli000002","type":"Microsoft.DocumentDB/databaseAccounts/mongodbDatabases/collections","name":"cli000002","properties":{"resource":{"id":"cli000002","shardKey":{"theShardKey":"Hash"},"indexes":[{"key":{"keys":["_id"]}}]}}}'
    headers:
      cache-control:
      - no-store, no-cache
      content-length:
      - '447'
      content-type:
      - application/json
      date:
      - Fri, 21 Apr 2023 23:08:42 GMT
      pragma:
      - no-cache
      server:
      - Microsoft-HTTPAPI/2.0
      strict-transport-security:
      - max-age=31536000; includeSubDomains
      transfer-encoding:
      - chunked
      vary:
      - Accept-Encoding
      x-content-type-options:
      - nosniff
      x-ms-gatewayversion:
      - version=2.14.0
    status:
      code: 200
      message: Ok
- request:
    body: '{"location": "westus"}'
    headers:
      Accept:
      - application/json
      Accept-Encoding:
      - gzip, deflate
      CommandName:
      - cosmosdb mongodb retrieve-latest-backup-time
      Connection:
      - keep-alive
      Content-Length:
      - '22'
      Content-Type:
      - application/json
      ParameterSetName:
      - -g -a -d -c -l
      User-Agent:
      - AZURECLI/2.47.0 azsdk-python-mgmt-cosmosdb/9.1.0 Python/3.9.13 (Windows-10-10.0.22621-SP0)
    method: POST
    uri: https://management.azure.com/subscriptions/00000000-0000-0000-0000-000000000000/resourceGroups/cli_test_cosmosdb_mongodb_collection_backupinfo000001/providers/Microsoft.DocumentDB/databaseAccounts/cli000004/mongodbDatabases/cli000003/collections/cli000002/retrieveContinuousBackupInformation?api-version=2023-03-15
  response:
    body:
      string: '{"status":"Enqueued"}'
    headers:
      cache-control:
      - no-store, no-cache
      content-length:
      - '21'
      content-type:
      - application/json
      date:
      - Fri, 21 Apr 2023 23:08:42 GMT
      location:
      - https://management.azure.com/subscriptions/00000000-0000-0000-0000-000000000000/resourceGroups/cli_test_cosmosdb_mongodb_collection_backupinfo000001/providers/Microsoft.DocumentDB/databaseAccounts/cli000004/mongodbDatabases/cli000003/collections/cli000002/retrieveContinuousBackupInformation/operationResults/c977bbfb-c6f5-4673-9b04-634b413a745e?api-version=2023-03-15
      pragma:
      - no-cache
      server:
      - Microsoft-HTTPAPI/2.0
      strict-transport-security:
      - max-age=31536000; includeSubDomains
      x-content-type-options:
      - nosniff
      x-ms-gatewayversion:
      - version=2.14.0
      x-ms-ratelimit-remaining-subscription-writes:
      - '1199'
    status:
      code: 202
      message: Accepted
- request:
    body: null
    headers:
      Accept:
      - '*/*'
      Accept-Encoding:
      - gzip, deflate
      CommandName:
      - cosmosdb mongodb retrieve-latest-backup-time
      Connection:
      - keep-alive
      ParameterSetName:
      - -g -a -d -c -l
      User-Agent:
      - AZURECLI/2.47.0 azsdk-python-mgmt-cosmosdb/9.1.0 Python/3.9.13 (Windows-10-10.0.22621-SP0)
    method: GET
    uri: https://management.azure.com/subscriptions/00000000-0000-0000-0000-000000000000/resourceGroups/cli_test_cosmosdb_mongodb_collection_backupinfo000001/providers/Microsoft.DocumentDB/databaseAccounts/cli000004/mongodbDatabases/cli000003/collections/cli000002/retrieveContinuousBackupInformation/operationResults/c977bbfb-c6f5-4673-9b04-634b413a745e?api-version=2023-03-15
  response:
    body:
      string: '{"continuousBackupInformation":{"latestRestorableTimestamp":"4/21/2023
        11:08:48 PM"}}'
    headers:
      cache-control:
      - no-store, no-cache
      content-length:
      - '85'
      content-type:
      - application/json
      date:
      - Fri, 21 Apr 2023 23:09:12 GMT
      pragma:
      - no-cache
      server:
      - Microsoft-HTTPAPI/2.0
      strict-transport-security:
      - max-age=31536000; includeSubDomains
      transfer-encoding:
      - chunked
      vary:
      - Accept-Encoding
      x-content-type-options:
      - nosniff
      x-ms-gatewayversion:
      - version=2.14.0
    status:
      code: 200
      message: Ok
version: 1
