interactions:
- request:
    body: null
    headers:
      Accept:
      - application/json
      Accept-Encoding:
      - gzip, deflate
      CommandName:
      - cosmosdb create
      Connection:
      - keep-alive
      ParameterSetName:
      - -n -g
      User-Agent:
      - AZURECLI/2.44.0 azsdk-python-azure-mgmt-resource/22.0.0 Python/3.10.8 (Linux-5.15.0-1023-azure-x86_64-with-glibc2.31)
        VSTS_7b238909-6802-4b65-b90d-184bca47f458_build_220_0
    method: GET
    uri: https://management.azure.com/subscriptions/00000000-0000-0000-0000-000000000000/resourcegroups/cli_test_cosmosdb_collection000001?api-version=2022-09-01
  response:
    body:
      string: '{"id":"/subscriptions/00000000-0000-0000-0000-000000000000/resourceGroups/cli_test_cosmosdb_collection000001","name":"cli_test_cosmosdb_collection000001","type":"Microsoft.Resources/resourceGroups","location":"westus","tags":{"product":"azurecli","cause":"automation","date":"2023-01-09T15:05:30Z"},"properties":{"provisioningState":"Succeeded"}}'
    headers:
      cache-control:
      - no-cache
      content-length:
      - '346'
      content-type:
      - application/json; charset=utf-8
      date:
      - Mon, 09 Jan 2023 15:05:32 GMT
      expires:
      - '-1'
      pragma:
      - no-cache
      strict-transport-security:
      - max-age=31536000; includeSubDomains
      vary:
      - Accept-Encoding
      x-content-type-options:
      - nosniff
    status:
      code: 200
      message: OK
- request:
    body: '{"location": "westus", "kind": "GlobalDocumentDB", "properties": {"locations":
      [{"locationName": "westus", "failoverPriority": 0, "isZoneRedundant": false}],
      "databaseAccountOfferType": "Standard", "apiProperties": {}, "createMode": "Default"}}'
    headers:
      Accept:
      - application/json
      Accept-Encoding:
      - gzip, deflate
      CommandName:
      - cosmosdb create
      Connection:
      - keep-alive
      Content-Length:
      - '244'
      Content-Type:
      - application/json
      ParameterSetName:
      - -n -g
      User-Agent:
      - AZURECLI/2.44.0 azsdk-python-mgmt-cosmosdb/8.0.0 Python/3.10.8 (Linux-5.15.0-1023-azure-x86_64-with-glibc2.31)
        VSTS_7b238909-6802-4b65-b90d-184bca47f458_build_220_0
    method: PUT
    uri: https://management.azure.com/subscriptions/00000000-0000-0000-0000-000000000000/resourceGroups/cli_test_cosmosdb_collection000001/providers/Microsoft.DocumentDB/databaseAccounts/cli000003?api-version=2022-08-15
  response:
    body:
      string: '{"id":"/subscriptions/00000000-0000-0000-0000-000000000000/resourceGroups/cli_test_cosmosdb_collection000001/providers/Microsoft.DocumentDB/databaseAccounts/cli000003","name":"cli000003","location":"West
        US","type":"Microsoft.DocumentDB/databaseAccounts","kind":"GlobalDocumentDB","tags":{},"systemData":{"createdAt":"2023-01-09T15:05:37.5475627Z"},"properties":{"provisioningState":"Creating","publicNetworkAccess":"Enabled","enableAutomaticFailover":false,"enableMultipleWriteLocations":false,"enablePartitionKeyMonitor":false,"isVirtualNetworkFilterEnabled":false,"virtualNetworkRules":[],"EnabledApiTypes":"Sql","disableKeyBasedMetadataWriteAccess":false,"enableFreeTier":false,"enableAnalyticalStorage":false,"analyticalStorageConfiguration":{"schemaType":"WellDefined"},"instanceId":"6d867358-0b20-468b-a2e2-a4a6309321dc","databaseAccountOfferType":"Standard","defaultIdentity":"","networkAclBypass":"None","disableLocalAuth":false,"enablePartitionMerge":false,"consistencyPolicy":{"defaultConsistencyLevel":"Session","maxIntervalInSeconds":5,"maxStalenessPrefix":100},"configurationOverrides":{},"writeLocations":[{"id":"cli000003-westus","locationName":"West
        US","provisioningState":"Creating","failoverPriority":0,"isZoneRedundant":false}],"readLocations":[{"id":"cli000003-westus","locationName":"West
        US","provisioningState":"Creating","failoverPriority":0,"isZoneRedundant":false}],"locations":[{"id":"cli000003-westus","locationName":"West
        US","provisioningState":"Creating","failoverPriority":0,"isZoneRedundant":false}],"failoverPolicies":[{"id":"cli000003-westus","locationName":"West
        US","failoverPriority":0}],"cors":[],"capabilities":[],"ipRules":[],"backupPolicy":{"type":"Periodic","periodicModeProperties":{"backupIntervalInMinutes":240,"backupRetentionIntervalInHours":8,"backupStorageRedundancy":"Invalid"}},"networkAclBypassResourceIds":[],"keysMetadata":{"primaryMasterKey":{"generationTime":"2023-01-09T15:05:37.5475627Z"},"secondaryMasterKey":{"generationTime":"2023-01-09T15:05:37.5475627Z"},"primaryReadonlyMasterKey":{"generationTime":"2023-01-09T15:05:37.5475627Z"},"secondaryReadonlyMasterKey":{"generationTime":"2023-01-09T15:05:37.5475627Z"}}},"identity":{"type":"None"}}'
    headers:
      azure-asyncoperation:
      - https://management.azure.com/subscriptions/00000000-0000-0000-0000-000000000000/providers/Microsoft.DocumentDB/locations/westus/operationsStatus/54a0d641-f79f-4c75-92f8-da8ba0859fb5?api-version=2022-08-15
      cache-control:
      - no-store, no-cache
      content-length:
      - '2206'
      content-type:
      - application/json
      date:
      - Mon, 09 Jan 2023 15:05:39 GMT
      location:
      - https://management.azure.com/subscriptions/00000000-0000-0000-0000-000000000000/resourceGroups/cli_test_cosmosdb_collection000001/providers/Microsoft.DocumentDB/databaseAccounts/cli000003/operationResults/54a0d641-f79f-4c75-92f8-da8ba0859fb5?api-version=2022-08-15
      pragma:
      - no-cache
      server:
      - Microsoft-HTTPAPI/2.0
      strict-transport-security:
      - max-age=31536000; includeSubDomains
      transfer-encoding:
      - chunked
      vary:
      - Accept-Encoding
      x-content-type-options:
      - nosniff
      x-ms-gatewayversion:
      - version=2.14.0
      x-ms-ratelimit-remaining-subscription-writes:
      - '1198'
    status:
      code: 200
      message: Ok
- request:
    body: null
    headers:
      Accept:
      - '*/*'
      Accept-Encoding:
      - gzip, deflate
      CommandName:
      - cosmosdb create
      Connection:
      - keep-alive
      ParameterSetName:
      - -n -g
      User-Agent:
      - AZURECLI/2.44.0 azsdk-python-mgmt-cosmosdb/8.0.0 Python/3.10.8 (Linux-5.15.0-1023-azure-x86_64-with-glibc2.31)
        VSTS_7b238909-6802-4b65-b90d-184bca47f458_build_220_0
    method: GET
    uri: https://management.azure.com/subscriptions/00000000-0000-0000-0000-000000000000/providers/Microsoft.DocumentDB/locations/westus/operationsStatus/54a0d641-f79f-4c75-92f8-da8ba0859fb5?api-version=2022-08-15
  response:
    body:
      string: '{"status":"Dequeued"}'
    headers:
      cache-control:
      - no-store, no-cache
      content-length:
      - '21'
      content-type:
      - application/json
      date:
      - Mon, 09 Jan 2023 15:06:09 GMT
      pragma:
      - no-cache
      server:
      - Microsoft-HTTPAPI/2.0
      strict-transport-security:
      - max-age=31536000; includeSubDomains
      transfer-encoding:
      - chunked
      vary:
      - Accept-Encoding
      x-content-type-options:
      - nosniff
      x-ms-gatewayversion:
      - version=2.14.0
    status:
      code: 200
      message: Ok
- request:
    body: null
    headers:
      Accept:
      - '*/*'
      Accept-Encoding:
      - gzip, deflate
      CommandName:
      - cosmosdb create
      Connection:
      - keep-alive
      ParameterSetName:
      - -n -g
      User-Agent:
      - AZURECLI/2.44.0 azsdk-python-mgmt-cosmosdb/8.0.0 Python/3.10.8 (Linux-5.15.0-1023-azure-x86_64-with-glibc2.31)
        VSTS_7b238909-6802-4b65-b90d-184bca47f458_build_220_0
    method: GET
    uri: https://management.azure.com/subscriptions/00000000-0000-0000-0000-000000000000/providers/Microsoft.DocumentDB/locations/westus/operationsStatus/54a0d641-f79f-4c75-92f8-da8ba0859fb5?api-version=2022-08-15
  response:
    body:
      string: '{"status":"Dequeued"}'
    headers:
      cache-control:
      - no-store, no-cache
      content-length:
      - '21'
      content-type:
      - application/json
      date:
      - Mon, 09 Jan 2023 15:06:40 GMT
      pragma:
      - no-cache
      server:
      - Microsoft-HTTPAPI/2.0
      strict-transport-security:
      - max-age=31536000; includeSubDomains
      transfer-encoding:
      - chunked
      vary:
      - Accept-Encoding
      x-content-type-options:
      - nosniff
      x-ms-gatewayversion:
      - version=2.14.0
    status:
      code: 200
      message: Ok
- request:
    body: null
    headers:
      Accept:
      - '*/*'
      Accept-Encoding:
      - gzip, deflate
      CommandName:
      - cosmosdb create
      Connection:
      - keep-alive
      ParameterSetName:
      - -n -g
      User-Agent:
      - AZURECLI/2.44.0 azsdk-python-mgmt-cosmosdb/8.0.0 Python/3.10.8 (Linux-5.15.0-1023-azure-x86_64-with-glibc2.31)
        VSTS_7b238909-6802-4b65-b90d-184bca47f458_build_220_0
    method: GET
    uri: https://management.azure.com/subscriptions/00000000-0000-0000-0000-000000000000/providers/Microsoft.DocumentDB/locations/westus/operationsStatus/54a0d641-f79f-4c75-92f8-da8ba0859fb5?api-version=2022-08-15
  response:
    body:
      string: '{"status":"Dequeued"}'
    headers:
      cache-control:
      - no-store, no-cache
      content-length:
      - '21'
      content-type:
      - application/json
      date:
      - Mon, 09 Jan 2023 15:07:09 GMT
      pragma:
      - no-cache
      server:
      - Microsoft-HTTPAPI/2.0
      strict-transport-security:
      - max-age=31536000; includeSubDomains
      transfer-encoding:
      - chunked
      vary:
      - Accept-Encoding
      x-content-type-options:
      - nosniff
      x-ms-gatewayversion:
      - version=2.14.0
    status:
      code: 200
      message: Ok
- request:
    body: null
    headers:
      Accept:
      - '*/*'
      Accept-Encoding:
      - gzip, deflate
      CommandName:
      - cosmosdb create
      Connection:
      - keep-alive
      ParameterSetName:
      - -n -g
      User-Agent:
      - AZURECLI/2.44.0 azsdk-python-mgmt-cosmosdb/8.0.0 Python/3.10.8 (Linux-5.15.0-1023-azure-x86_64-with-glibc2.31)
        VSTS_7b238909-6802-4b65-b90d-184bca47f458_build_220_0
    method: GET
    uri: https://management.azure.com/subscriptions/00000000-0000-0000-0000-000000000000/providers/Microsoft.DocumentDB/locations/westus/operationsStatus/54a0d641-f79f-4c75-92f8-da8ba0859fb5?api-version=2022-08-15
  response:
    body:
      string: '{"status":"Succeeded"}'
    headers:
      cache-control:
      - no-store, no-cache
      content-length:
      - '22'
      content-type:
      - application/json
      date:
      - Mon, 09 Jan 2023 15:07:39 GMT
      pragma:
      - no-cache
      server:
      - Microsoft-HTTPAPI/2.0
      strict-transport-security:
      - max-age=31536000; includeSubDomains
      transfer-encoding:
      - chunked
      vary:
      - Accept-Encoding
      x-content-type-options:
      - nosniff
      x-ms-gatewayversion:
      - version=2.14.0
    status:
      code: 200
      message: Ok
- request:
    body: null
    headers:
      Accept:
      - '*/*'
      Accept-Encoding:
      - gzip, deflate
      CommandName:
      - cosmosdb create
      Connection:
      - keep-alive
      ParameterSetName:
      - -n -g
      User-Agent:
      - AZURECLI/2.44.0 azsdk-python-mgmt-cosmosdb/8.0.0 Python/3.10.8 (Linux-5.15.0-1023-azure-x86_64-with-glibc2.31)
        VSTS_7b238909-6802-4b65-b90d-184bca47f458_build_220_0
    method: GET
    uri: https://management.azure.com/subscriptions/00000000-0000-0000-0000-000000000000/resourceGroups/cli_test_cosmosdb_collection000001/providers/Microsoft.DocumentDB/databaseAccounts/cli000003?api-version=2022-08-15
  response:
    body:
      string: '{"id":"/subscriptions/00000000-0000-0000-0000-000000000000/resourceGroups/cli_test_cosmosdb_collection000001/providers/Microsoft.DocumentDB/databaseAccounts/cli000003","name":"cli000003","location":"West
        US","type":"Microsoft.DocumentDB/databaseAccounts","kind":"GlobalDocumentDB","tags":{},"systemData":{"createdAt":"2023-01-09T15:07:05.8557054Z"},"properties":{"provisioningState":"Succeeded","documentEndpoint":"https://cli000003.documents.azure.com:443/","publicNetworkAccess":"Enabled","enableAutomaticFailover":false,"enableMultipleWriteLocations":false,"enablePartitionKeyMonitor":false,"isVirtualNetworkFilterEnabled":false,"virtualNetworkRules":[],"EnabledApiTypes":"Sql","disableKeyBasedMetadataWriteAccess":false,"enableFreeTier":false,"enableAnalyticalStorage":false,"analyticalStorageConfiguration":{"schemaType":"WellDefined"},"instanceId":"6d867358-0b20-468b-a2e2-a4a6309321dc","databaseAccountOfferType":"Standard","defaultIdentity":"FirstPartyIdentity","networkAclBypass":"None","disableLocalAuth":false,"enablePartitionMerge":false,"consistencyPolicy":{"defaultConsistencyLevel":"Session","maxIntervalInSeconds":5,"maxStalenessPrefix":100},"configurationOverrides":{},"writeLocations":[{"id":"cli000003-westus","locationName":"West
        US","documentEndpoint":"https://cli000003-westus.documents.azure.com:443/","provisioningState":"Succeeded","failoverPriority":0,"isZoneRedundant":false}],"readLocations":[{"id":"cli000003-westus","locationName":"West
        US","documentEndpoint":"https://cli000003-westus.documents.azure.com:443/","provisioningState":"Succeeded","failoverPriority":0,"isZoneRedundant":false}],"locations":[{"id":"cli000003-westus","locationName":"West
        US","documentEndpoint":"https://cli000003-westus.documents.azure.com:443/","provisioningState":"Succeeded","failoverPriority":0,"isZoneRedundant":false}],"failoverPolicies":[{"id":"cli000003-westus","locationName":"West
        US","failoverPriority":0}],"cors":[],"capabilities":[],"ipRules":[],"backupPolicy":{"type":"Periodic","periodicModeProperties":{"backupIntervalInMinutes":240,"backupRetentionIntervalInHours":8,"backupStorageRedundancy":"Geo"}},"networkAclBypassResourceIds":[],"keysMetadata":{"primaryMasterKey":{"generationTime":"2023-01-09T15:07:05.8557054Z"},"secondaryMasterKey":{"generationTime":"2023-01-09T15:07:05.8557054Z"},"primaryReadonlyMasterKey":{"generationTime":"2023-01-09T15:07:05.8557054Z"},"secondaryReadonlyMasterKey":{"generationTime":"2023-01-09T15:07:05.8557054Z"}}},"identity":{"type":"None"}}'
    headers:
      cache-control:
      - no-store, no-cache
      content-length:
      - '2501'
      content-type:
      - application/json
      date:
      - Mon, 09 Jan 2023 15:07:39 GMT
      pragma:
      - no-cache
      server:
      - Microsoft-HTTPAPI/2.0
      strict-transport-security:
      - max-age=31536000; includeSubDomains
      transfer-encoding:
      - chunked
      vary:
      - Accept-Encoding
      x-content-type-options:
      - nosniff
      x-ms-gatewayversion:
      - version=2.14.0
    status:
      code: 200
      message: Ok
- request:
    body: null
    headers:
      Accept:
      - application/json
      Accept-Encoding:
      - gzip, deflate
      CommandName:
      - cosmosdb create
      Connection:
      - keep-alive
      ParameterSetName:
      - -n -g
      User-Agent:
      - AZURECLI/2.44.0 azsdk-python-mgmt-cosmosdb/8.0.0 Python/3.10.8 (Linux-5.15.0-1023-azure-x86_64-with-glibc2.31)
        VSTS_7b238909-6802-4b65-b90d-184bca47f458_build_220_0
    method: GET
    uri: https://management.azure.com/subscriptions/00000000-0000-0000-0000-000000000000/resourceGroups/cli_test_cosmosdb_collection000001/providers/Microsoft.DocumentDB/databaseAccounts/cli000003?api-version=2022-08-15
  response:
    body:
      string: '{"id":"/subscriptions/00000000-0000-0000-0000-000000000000/resourceGroups/cli_test_cosmosdb_collection000001/providers/Microsoft.DocumentDB/databaseAccounts/cli000003","name":"cli000003","location":"West
        US","type":"Microsoft.DocumentDB/databaseAccounts","kind":"GlobalDocumentDB","tags":{},"systemData":{"createdAt":"2023-01-09T15:07:05.8557054Z"},"properties":{"provisioningState":"Succeeded","documentEndpoint":"https://cli000003.documents.azure.com:443/","publicNetworkAccess":"Enabled","enableAutomaticFailover":false,"enableMultipleWriteLocations":false,"enablePartitionKeyMonitor":false,"isVirtualNetworkFilterEnabled":false,"virtualNetworkRules":[],"EnabledApiTypes":"Sql","disableKeyBasedMetadataWriteAccess":false,"enableFreeTier":false,"enableAnalyticalStorage":false,"analyticalStorageConfiguration":{"schemaType":"WellDefined"},"instanceId":"6d867358-0b20-468b-a2e2-a4a6309321dc","databaseAccountOfferType":"Standard","defaultIdentity":"FirstPartyIdentity","networkAclBypass":"None","disableLocalAuth":false,"enablePartitionMerge":false,"consistencyPolicy":{"defaultConsistencyLevel":"Session","maxIntervalInSeconds":5,"maxStalenessPrefix":100},"configurationOverrides":{},"writeLocations":[{"id":"cli000003-westus","locationName":"West
        US","documentEndpoint":"https://cli000003-westus.documents.azure.com:443/","provisioningState":"Succeeded","failoverPriority":0,"isZoneRedundant":false}],"readLocations":[{"id":"cli000003-westus","locationName":"West
        US","documentEndpoint":"https://cli000003-westus.documents.azure.com:443/","provisioningState":"Succeeded","failoverPriority":0,"isZoneRedundant":false}],"locations":[{"id":"cli000003-westus","locationName":"West
        US","documentEndpoint":"https://cli000003-westus.documents.azure.com:443/","provisioningState":"Succeeded","failoverPriority":0,"isZoneRedundant":false}],"failoverPolicies":[{"id":"cli000003-westus","locationName":"West
        US","failoverPriority":0}],"cors":[],"capabilities":[],"ipRules":[],"backupPolicy":{"type":"Periodic","periodicModeProperties":{"backupIntervalInMinutes":240,"backupRetentionIntervalInHours":8,"backupStorageRedundancy":"Geo"}},"networkAclBypassResourceIds":[],"keysMetadata":{"primaryMasterKey":{"generationTime":"2023-01-09T15:07:05.8557054Z"},"secondaryMasterKey":{"generationTime":"2023-01-09T15:07:05.8557054Z"},"primaryReadonlyMasterKey":{"generationTime":"2023-01-09T15:07:05.8557054Z"},"secondaryReadonlyMasterKey":{"generationTime":"2023-01-09T15:07:05.8557054Z"}}},"identity":{"type":"None"}}'
    headers:
      cache-control:
      - no-store, no-cache
      content-length:
      - '2501'
      content-type:
      - application/json
      date:
      - Mon, 09 Jan 2023 15:07:40 GMT
      pragma:
      - no-cache
      server:
      - Microsoft-HTTPAPI/2.0
      strict-transport-security:
      - max-age=31536000; includeSubDomains
      transfer-encoding:
      - chunked
      vary:
      - Accept-Encoding
      x-content-type-options:
      - nosniff
      x-ms-gatewayversion:
      - version=2.14.0
    status:
      code: 200
      message: Ok
- request:
    body: null
    headers:
      Accept:
      - application/json
      Accept-Encoding:
      - gzip, deflate
      CommandName:
      - cosmosdb database create
      Connection:
      - keep-alive
      Content-Length:
      - '0'
      ParameterSetName:
      - -g -n -d
      User-Agent:
      - AZURECLI/2.44.0 azsdk-python-mgmt-cosmosdb/8.0.0 Python/3.10.8 (Linux-5.15.0-1023-azure-x86_64-with-glibc2.31)
        VSTS_7b238909-6802-4b65-b90d-184bca47f458_build_220_0
    method: POST
    uri: https://management.azure.com/subscriptions/00000000-0000-0000-0000-000000000000/resourceGroups/cli_test_cosmosdb_collection000001/providers/Microsoft.DocumentDB/databaseAccounts/cli000003/listKeys?api-version=2022-08-15
  response:
    body:
      string: '{"primaryMasterKey":"F8tKeIVLSeNkbPXMBNiLQ8SUSya2xFz4wEDCHm7q1FoU9TEg5pdcnj2YskRiq3f0TFzTLcwSmOsmACDbUqdSdw==","secondaryMasterKey":"9fDId9LtIj5j5IFVBD3LSiZgMUuqBd4WK9UoQm5gZ6Vxv70hF6Xe2yubIJXSVxkGhLUFVJr7bXkMACDbT6PIkw==","primaryReadonlyMasterKey":"oVIjSQAebTHKGKp9cYbEIO5S9WHAoiA2ZUprFmEZvLhkpyJkVaztMW2wjwFEJjLJ8VWtZ97qbKMzACDbwFO12w==","secondaryReadonlyMasterKey":"K0HWH8V1RpaXk0LxAkZAbNusV0e96ofFalmtTfUpkNi9C2GCK2hbUve0uU4l02VD90bKThr5iLq7ACDbJaficw=="}'
    headers:
      cache-control:
      - no-store, no-cache
      content-length:
      - '461'
      content-type:
      - application/json
      date:
      - Mon, 09 Jan 2023 15:07:40 GMT
      pragma:
      - no-cache
      server:
      - Microsoft-HTTPAPI/2.0
      strict-transport-security:
      - max-age=31536000; includeSubDomains
      x-content-type-options:
      - nosniff
      x-ms-gatewayversion:
      - version=2.14.0
      x-ms-ratelimit-remaining-subscription-resource-requests:
      - '149'
    status:
      code: 200
      message: Ok
- request:
    body: null
    headers:
      Accept:
      - application/json
      Accept-Encoding:
      - gzip, deflate
      CommandName:
      - cosmosdb database create
      Connection:
      - keep-alive
      ParameterSetName:
      - -g -n -d
      User-Agent:
      - AZURECLI/2.44.0 azsdk-python-mgmt-cosmosdb/8.0.0 Python/3.10.8 (Linux-5.15.0-1023-azure-x86_64-with-glibc2.31)
        VSTS_7b238909-6802-4b65-b90d-184bca47f458_build_220_0
    method: GET
    uri: https://management.azure.com/subscriptions/00000000-0000-0000-0000-000000000000/resourceGroups/cli_test_cosmosdb_collection000001/providers/Microsoft.DocumentDB/databaseAccounts/cli000003?api-version=2022-08-15
  response:
    body:
      string: '{"id":"/subscriptions/00000000-0000-0000-0000-000000000000/resourceGroups/cli_test_cosmosdb_collection000001/providers/Microsoft.DocumentDB/databaseAccounts/cli000003","name":"cli000003","location":"West
        US","type":"Microsoft.DocumentDB/databaseAccounts","kind":"GlobalDocumentDB","tags":{},"systemData":{"createdAt":"2023-01-09T15:07:05.8557054Z"},"properties":{"provisioningState":"Succeeded","documentEndpoint":"https://cli000003.documents.azure.com:443/","publicNetworkAccess":"Enabled","enableAutomaticFailover":false,"enableMultipleWriteLocations":false,"enablePartitionKeyMonitor":false,"isVirtualNetworkFilterEnabled":false,"virtualNetworkRules":[],"EnabledApiTypes":"Sql","disableKeyBasedMetadataWriteAccess":false,"enableFreeTier":false,"enableAnalyticalStorage":false,"analyticalStorageConfiguration":{"schemaType":"WellDefined"},"instanceId":"6d867358-0b20-468b-a2e2-a4a6309321dc","databaseAccountOfferType":"Standard","defaultIdentity":"FirstPartyIdentity","networkAclBypass":"None","disableLocalAuth":false,"enablePartitionMerge":false,"consistencyPolicy":{"defaultConsistencyLevel":"Session","maxIntervalInSeconds":5,"maxStalenessPrefix":100},"configurationOverrides":{},"writeLocations":[{"id":"cli000003-westus","locationName":"West
        US","documentEndpoint":"https://cli000003-westus.documents.azure.com:443/","provisioningState":"Succeeded","failoverPriority":0,"isZoneRedundant":false}],"readLocations":[{"id":"cli000003-westus","locationName":"West
        US","documentEndpoint":"https://cli000003-westus.documents.azure.com:443/","provisioningState":"Succeeded","failoverPriority":0,"isZoneRedundant":false}],"locations":[{"id":"cli000003-westus","locationName":"West
        US","documentEndpoint":"https://cli000003-westus.documents.azure.com:443/","provisioningState":"Succeeded","failoverPriority":0,"isZoneRedundant":false}],"failoverPolicies":[{"id":"cli000003-westus","locationName":"West
        US","failoverPriority":0}],"cors":[],"capabilities":[],"ipRules":[],"backupPolicy":{"type":"Periodic","periodicModeProperties":{"backupIntervalInMinutes":240,"backupRetentionIntervalInHours":8,"backupStorageRedundancy":"Geo"}},"networkAclBypassResourceIds":[],"keysMetadata":{"primaryMasterKey":{"generationTime":"2023-01-09T15:07:05.8557054Z"},"secondaryMasterKey":{"generationTime":"2023-01-09T15:07:05.8557054Z"},"primaryReadonlyMasterKey":{"generationTime":"2023-01-09T15:07:05.8557054Z"},"secondaryReadonlyMasterKey":{"generationTime":"2023-01-09T15:07:05.8557054Z"}}},"identity":{"type":"None"}}'
    headers:
      cache-control:
      - no-store, no-cache
      content-length:
      - '2501'
      content-type:
      - application/json
      date:
      - Mon, 09 Jan 2023 15:07:41 GMT
      pragma:
      - no-cache
      server:
      - Microsoft-HTTPAPI/2.0
      strict-transport-security:
      - max-age=31536000; includeSubDomains
      transfer-encoding:
      - chunked
      vary:
      - Accept-Encoding
      x-content-type-options:
      - nosniff
      x-ms-gatewayversion:
      - version=2.14.0
    status:
      code: 200
      message: Ok
- request:
    body: null
    headers:
      Accept:
      - application/json
      Accept-Encoding:
      - gzip, deflate
      Cache-Control:
      - no-cache
      Connection:
      - keep-alive
      Content-Length:
      - '0'
      User-Agent:
      - Linux/5.15.0-1023-azure Python/3.10.8 azure-cosmos/3.1.2
      x-ms-consistency-level:
      - Session
      x-ms-date:
      - Mon, 09 Jan 2023 15:07:42 GMT
      x-ms-documentdb-query-iscontinuationexpected:
      - 'False'
      x-ms-session-token:
      - ''
      x-ms-version:
      - '2018-09-17'
    method: GET
    uri: https://cli000003.documents.azure.com/
  response:
    body:
      string: '{"_self":"","id":"cli000003","_rid":"cli000003.documents.azure.com","media":"//media/","addresses":"//addresses/","_dbs":"//dbs/","writableLocations":[{"name":"West
        US","databaseAccountEndpoint":"https://cli000003-westus.documents.azure.com:443/"}],"readableLocations":[{"name":"West
        US","databaseAccountEndpoint":"https://cli000003-westus.documents.azure.com:443/"}],"enableMultipleWriteLocations":false,"userReplicationPolicy":{"asyncReplication":false,"minReplicaSetSize":3,"maxReplicasetSize":4},"userConsistencyPolicy":{"defaultConsistencyLevel":"Session"},"systemReplicationPolicy":{"minReplicaSetSize":3,"maxReplicasetSize":4},"readPolicy":{"primaryReadCoefficient":1,"secondaryReadCoefficient":1},"queryEngineConfiguration":"{\"allowNewKeywords\":true,\"maxJoinsPerSqlQuery\":10,\"maxQueryRequestTimeoutFraction\":0.9,\"maxSqlQueryInputLength\":524288,\"maxUdfRefPerSqlQuery\":10,\"queryMaxInMemorySortDocumentCount\":-500,\"spatialMaxGeometryPointCount\":256,\"sqlAllowNonFiniteNumbers\":false,\"sqlDisableOptimizationFlags\":0,\"enableSpatialIndexing\":true,\"maxInExpressionItemsCount\":2147483647,\"maxLogicalAndPerSqlQuery\":2147483647,\"maxLogicalOrPerSqlQuery\":2147483647,\"maxSpatialQueryCells\":2147483647,\"sqlAllowAggregateFunctions\":true,\"sqlAllowGroupByClause\":true,\"sqlAllowLike\":true,\"sqlAllowSubQuery\":true,\"sqlAllowScalarSubQuery\":true,\"sqlAllowTop\":true}"}'
    headers:
      cache-control:
      - no-store, no-cache
      content-location:
      - https://cliiiounvvpkjat.documents.azure.com/
      content-type:
      - application/json
      date:
      - Mon, 09 Jan 2023 15:07:41 GMT
      pragma:
      - no-cache
      server:
      - Microsoft-HTTPAPI/2.0
      strict-transport-security:
      - max-age=31536000
      transfer-encoding:
      - chunked
      x-ms-databaseaccount-consumed-mb:
      - '0'
      x-ms-databaseaccount-provisioned-mb:
      - '0'
      x-ms-databaseaccount-reserved-mb:
      - '0'
      x-ms-gatewayversion:
      - version=2.14.0
      x-ms-max-media-storage-usage-mb:
      - '2048'
      x-ms-media-storage-usage-mb:
      - '0'
    status:
      code: 200
      message: Ok
- request:
    body: '{"id":"cli000004"}'
    headers:
      Accept:
      - application/json
      Accept-Encoding:
      - gzip, deflate
      Cache-Control:
      - no-cache
      Connection:
      - keep-alive
      Content-Length:
      - '18'
      Content-Type:
      - application/json
      User-Agent:
      - Linux/5.15.0-1023-azure Python/3.10.8 azure-cosmos/3.1.2 AZURECLI/2.44.0 VSTS_7b238909-6802-4b65-b90d-184bca47f458_build_220_0
      x-ms-consistency-level:
      - Session
      x-ms-date:
      - Mon, 09 Jan 2023 15:07:42 GMT
      x-ms-documentdb-query-iscontinuationexpected:
      - 'False'
      x-ms-version:
      - '2018-09-17'
    method: POST
    uri: https://cli000003-westus.documents.azure.com/dbs
  response:
    body:
      string: '{"id":"cli000004","_rid":"CCscAA==","_self":"dbs\/CCscAA==\/","_etag":"\"0000e301-0000-0700-0000-63bc2dbf0000\"","_colls":"colls\/","_users":"users\/","_ts":1673276863}'
    headers:
      cache-control:
      - no-store, no-cache
      content-type:
      - application/json
      date:
      - Mon, 09 Jan 2023 15:07:42 GMT
      etag:
      - '"0000e301-0000-0700-0000-63bc2dbf0000"'
      lsn:
      - '8'
      pragma:
      - no-cache
      server:
      - Microsoft-HTTPAPI/2.0
      strict-transport-security:
      - max-age=31536000
      transfer-encoding:
      - chunked
      x-ms-activity-id:
      - 92fefc90-29c3-4bd3-9ef5-bbdafc331678
      x-ms-cosmos-llsn:
      - '8'
      x-ms-cosmos-quorum-acked-llsn:
      - '7'
      x-ms-current-replica-set-size:
      - '4'
      x-ms-current-write-quorum:
      - '3'
      x-ms-gatewayversion:
      - version=2.14.0
      x-ms-global-committed-lsn:
      - '7'
      x-ms-last-state-change-utc:
      - Fri, 06 Jan 2023 17:55:19.708 GMT
      x-ms-number-of-read-regions:
      - '0'
      x-ms-quorum-acked-lsn:
      - '7'
      x-ms-request-charge:
      - '4.95'
      x-ms-request-duration-ms:
      - '27.156'
      x-ms-resource-quota:
      - databases=1000;
      x-ms-resource-usage:
      - databases=1;
      x-ms-schemaversion:
      - '1.14'
      x-ms-serviceversion:
      - version=2.14.0.0
      x-ms-session-token:
      - 0:-1#8
      x-ms-transport-request-id:
      - '1332517'
      x-ms-xp-role:
      - '1'
    status:
      code: 201
      message: Created
- request:
    body: null
    headers:
      Accept:
      - application/json
      Accept-Encoding:
      - gzip, deflate
      CommandName:
      - cosmosdb collection create
      Connection:
      - keep-alive
      Content-Length:
      - '0'
      ParameterSetName:
      - -g -n -d -c --default-ttl
      User-Agent:
      - AZURECLI/2.44.0 azsdk-python-mgmt-cosmosdb/8.0.0 Python/3.10.8 (Linux-5.15.0-1023-azure-x86_64-with-glibc2.31)
        VSTS_7b238909-6802-4b65-b90d-184bca47f458_build_220_0
    method: POST
    uri: https://management.azure.com/subscriptions/00000000-0000-0000-0000-000000000000/resourceGroups/cli_test_cosmosdb_collection000001/providers/Microsoft.DocumentDB/databaseAccounts/cli000003/listKeys?api-version=2022-08-15
  response:
    body:
      string: '{"primaryMasterKey":"F8tKeIVLSeNkbPXMBNiLQ8SUSya2xFz4wEDCHm7q1FoU9TEg5pdcnj2YskRiq3f0TFzTLcwSmOsmACDbUqdSdw==","secondaryMasterKey":"9fDId9LtIj5j5IFVBD3LSiZgMUuqBd4WK9UoQm5gZ6Vxv70hF6Xe2yubIJXSVxkGhLUFVJr7bXkMACDbT6PIkw==","primaryReadonlyMasterKey":"oVIjSQAebTHKGKp9cYbEIO5S9WHAoiA2ZUprFmEZvLhkpyJkVaztMW2wjwFEJjLJ8VWtZ97qbKMzACDbwFO12w==","secondaryReadonlyMasterKey":"K0HWH8V1RpaXk0LxAkZAbNusV0e96ofFalmtTfUpkNi9C2GCK2hbUve0uU4l02VD90bKThr5iLq7ACDbJaficw=="}'
    headers:
      cache-control:
      - no-store, no-cache
      content-length:
      - '461'
      content-type:
      - application/json
      date:
      - Mon, 09 Jan 2023 15:07:42 GMT
      pragma:
      - no-cache
      server:
      - Microsoft-HTTPAPI/2.0
      strict-transport-security:
      - max-age=31536000; includeSubDomains
      transfer-encoding:
      - chunked
      vary:
      - Accept-Encoding
      x-content-type-options:
      - nosniff
      x-ms-gatewayversion:
      - version=2.14.0
      x-ms-ratelimit-remaining-subscription-resource-requests:
      - '149'
    status:
      code: 200
      message: Ok
- request:
    body: null
    headers:
      Accept:
      - application/json
      Accept-Encoding:
      - gzip, deflate
      CommandName:
      - cosmosdb collection create
      Connection:
      - keep-alive
      ParameterSetName:
      - -g -n -d -c --default-ttl
      User-Agent:
      - AZURECLI/2.44.0 azsdk-python-mgmt-cosmosdb/8.0.0 Python/3.10.8 (Linux-5.15.0-1023-azure-x86_64-with-glibc2.31)
        VSTS_7b238909-6802-4b65-b90d-184bca47f458_build_220_0
    method: GET
    uri: https://management.azure.com/subscriptions/00000000-0000-0000-0000-000000000000/resourceGroups/cli_test_cosmosdb_collection000001/providers/Microsoft.DocumentDB/databaseAccounts/cli000003?api-version=2022-08-15
  response:
    body:
      string: '{"id":"/subscriptions/00000000-0000-0000-0000-000000000000/resourceGroups/cli_test_cosmosdb_collection000001/providers/Microsoft.DocumentDB/databaseAccounts/cli000003","name":"cli000003","location":"West
        US","type":"Microsoft.DocumentDB/databaseAccounts","kind":"GlobalDocumentDB","tags":{},"systemData":{"createdAt":"2023-01-09T15:07:05.8557054Z"},"properties":{"provisioningState":"Succeeded","documentEndpoint":"https://cli000003.documents.azure.com:443/","publicNetworkAccess":"Enabled","enableAutomaticFailover":false,"enableMultipleWriteLocations":false,"enablePartitionKeyMonitor":false,"isVirtualNetworkFilterEnabled":false,"virtualNetworkRules":[],"EnabledApiTypes":"Sql","disableKeyBasedMetadataWriteAccess":false,"enableFreeTier":false,"enableAnalyticalStorage":false,"analyticalStorageConfiguration":{"schemaType":"WellDefined"},"instanceId":"6d867358-0b20-468b-a2e2-a4a6309321dc","databaseAccountOfferType":"Standard","defaultIdentity":"FirstPartyIdentity","networkAclBypass":"None","disableLocalAuth":false,"enablePartitionMerge":false,"consistencyPolicy":{"defaultConsistencyLevel":"Session","maxIntervalInSeconds":5,"maxStalenessPrefix":100},"configurationOverrides":{},"writeLocations":[{"id":"cli000003-westus","locationName":"West
        US","documentEndpoint":"https://cli000003-westus.documents.azure.com:443/","provisioningState":"Succeeded","failoverPriority":0,"isZoneRedundant":false}],"readLocations":[{"id":"cli000003-westus","locationName":"West
        US","documentEndpoint":"https://cli000003-westus.documents.azure.com:443/","provisioningState":"Succeeded","failoverPriority":0,"isZoneRedundant":false}],"locations":[{"id":"cli000003-westus","locationName":"West
        US","documentEndpoint":"https://cli000003-westus.documents.azure.com:443/","provisioningState":"Succeeded","failoverPriority":0,"isZoneRedundant":false}],"failoverPolicies":[{"id":"cli000003-westus","locationName":"West
        US","failoverPriority":0}],"cors":[],"capabilities":[],"ipRules":[],"backupPolicy":{"type":"Periodic","periodicModeProperties":{"backupIntervalInMinutes":240,"backupRetentionIntervalInHours":8,"backupStorageRedundancy":"Geo"}},"networkAclBypassResourceIds":[],"keysMetadata":{"primaryMasterKey":{"generationTime":"2023-01-09T15:07:05.8557054Z"},"secondaryMasterKey":{"generationTime":"2023-01-09T15:07:05.8557054Z"},"primaryReadonlyMasterKey":{"generationTime":"2023-01-09T15:07:05.8557054Z"},"secondaryReadonlyMasterKey":{"generationTime":"2023-01-09T15:07:05.8557054Z"}}},"identity":{"type":"None"}}'
    headers:
      cache-control:
      - no-store, no-cache
      content-length:
      - '2501'
      content-type:
      - application/json
      date:
      - Mon, 09 Jan 2023 15:07:43 GMT
      pragma:
      - no-cache
      server:
      - Microsoft-HTTPAPI/2.0
      strict-transport-security:
      - max-age=31536000; includeSubDomains
      transfer-encoding:
      - chunked
      vary:
      - Accept-Encoding
      x-content-type-options:
      - nosniff
      x-ms-gatewayversion:
      - version=2.14.0
    status:
      code: 200
      message: Ok
- request:
    body: null
    headers:
      Accept:
      - application/json
      Accept-Encoding:
      - gzip, deflate
      Cache-Control:
      - no-cache
      Connection:
      - keep-alive
      Content-Length:
      - '0'
      User-Agent:
      - Linux/5.15.0-1023-azure Python/3.10.8 azure-cosmos/3.1.2
      x-ms-consistency-level:
      - Session
      x-ms-date:
      - Mon, 09 Jan 2023 15:07:43 GMT
      x-ms-documentdb-query-iscontinuationexpected:
      - 'False'
      x-ms-session-token:
      - ''
      x-ms-version:
      - '2018-09-17'
    method: GET
    uri: https://cli000003.documents.azure.com/
  response:
    body:
      string: '{"_self":"","id":"cli000003","_rid":"cli000003.documents.azure.com","media":"//media/","addresses":"//addresses/","_dbs":"//dbs/","writableLocations":[{"name":"West
        US","databaseAccountEndpoint":"https://cli000003-westus.documents.azure.com:443/"}],"readableLocations":[{"name":"West
        US","databaseAccountEndpoint":"https://cli000003-westus.documents.azure.com:443/"}],"enableMultipleWriteLocations":false,"userReplicationPolicy":{"asyncReplication":false,"minReplicaSetSize":3,"maxReplicasetSize":4},"userConsistencyPolicy":{"defaultConsistencyLevel":"Session"},"systemReplicationPolicy":{"minReplicaSetSize":3,"maxReplicasetSize":4},"readPolicy":{"primaryReadCoefficient":1,"secondaryReadCoefficient":1},"queryEngineConfiguration":"{\"allowNewKeywords\":true,\"maxJoinsPerSqlQuery\":10,\"maxQueryRequestTimeoutFraction\":0.9,\"maxSqlQueryInputLength\":524288,\"maxUdfRefPerSqlQuery\":10,\"queryMaxInMemorySortDocumentCount\":-500,\"spatialMaxGeometryPointCount\":256,\"sqlAllowNonFiniteNumbers\":false,\"sqlDisableOptimizationFlags\":0,\"enableSpatialIndexing\":true,\"maxInExpressionItemsCount\":2147483647,\"maxLogicalAndPerSqlQuery\":2147483647,\"maxLogicalOrPerSqlQuery\":2147483647,\"maxSpatialQueryCells\":2147483647,\"sqlAllowAggregateFunctions\":true,\"sqlAllowGroupByClause\":true,\"sqlAllowLike\":true,\"sqlAllowSubQuery\":true,\"sqlAllowScalarSubQuery\":true,\"sqlAllowTop\":true}"}'
    headers:
      cache-control:
      - no-store, no-cache
      content-location:
      - https://cliiiounvvpkjat.documents.azure.com/
      content-type:
      - application/json
      date:
      - Mon, 09 Jan 2023 15:07:43 GMT
      pragma:
      - no-cache
      server:
      - Microsoft-HTTPAPI/2.0
      strict-transport-security:
      - max-age=31536000
      transfer-encoding:
      - chunked
      x-ms-databaseaccount-consumed-mb:
      - '0'
      x-ms-databaseaccount-provisioned-mb:
      - '0'
      x-ms-databaseaccount-reserved-mb:
      - '0'
      x-ms-gatewayversion:
      - version=2.14.0
      x-ms-max-media-storage-usage-mb:
      - '2048'
      x-ms-media-storage-usage-mb:
      - '0'
    status:
      code: 200
      message: Ok
- request:
    body: '{"id":"cli000002","indexingPolicy":{"indexingMode":"consistent","automatic":true,"includedPaths":[{"path":"/*"}],"excludedPaths":[{"path":"/\"_etag\"/?"}]}}'
    headers:
      Accept:
      - application/json
      Accept-Encoding:
      - gzip, deflate
      Cache-Control:
      - no-cache
      Connection:
      - keep-alive
      Content-Length:
      - '156'
      Content-Type:
      - application/json
      User-Agent:
      - Linux/5.15.0-1023-azure Python/3.10.8 azure-cosmos/3.1.2 AZURECLI/2.44.0 VSTS_7b238909-6802-4b65-b90d-184bca47f458_build_220_0
      x-ms-consistency-level:
      - Session
      x-ms-date:
      - Mon, 09 Jan 2023 15:07:44 GMT
      x-ms-documentdb-query-iscontinuationexpected:
      - 'False'
      x-ms-version:
      - '2018-09-17'
    method: POST
    uri: https://cli000003-westus.documents.azure.com/dbs/cli000004/colls/
  response:
    body:
      string: '{"id":"cli000002","indexingPolicy":{"indexingMode":"consistent","automatic":true,"includedPaths":[{"path":"\/*"}],"excludedPaths":[{"path":"\/\"_etag\"\/?"}]},"conflictResolutionPolicy":{"mode":"LastWriterWins","conflictResolutionPath":"\/_ts","conflictResolutionProcedure":""},"geospatialConfig":{"type":"Geography"},"_rid":"CCscAJP0jNY=","_ts":1673276865,"_self":"dbs\/CCscAA==\/colls\/CCscAJP0jNY=\/","_etag":"\"0000e501-0000-0700-0000-63bc2dc10000\"","_docs":"docs\/","_sprocs":"sprocs\/","_triggers":"triggers\/","_udfs":"udfs\/","_conflicts":"conflicts\/"}'
    headers:
      cache-control:
      - no-store, no-cache
      collection-partition-index:
      - '0'
      collection-service-index:
      - '0'
      content-type:
      - application/json
      date:
      - Mon, 09 Jan 2023 15:07:46 GMT
      etag:
      - '"0000e501-0000-0700-0000-63bc2dc10000"'
      lsn:
      - '1'
      pragma:
      - no-cache
      server:
      - Microsoft-HTTPAPI/2.0
      strict-transport-security:
      - max-age=31536000
      transfer-encoding:
      - chunked
      x-ms-activity-id:
      - 007e5fee-5c41-4f93-994b-0814f286d8fa
      x-ms-alt-content-path:
      - dbs/clixyn5gjylequs
      x-ms-cosmos-item-llsn:
      - '1'
      x-ms-cosmos-llsn:
      - '1'
      x-ms-cosmos-quorum-acked-llsn:
      - '1'
      x-ms-current-replica-set-size:
      - '4'
      x-ms-current-write-quorum:
      - '3'
      x-ms-documentdb-collection-index-transformation-progress:
      - '100'
      x-ms-documentdb-partitionkeyrangeid:
      - '0'
      x-ms-gatewayversion:
      - version=2.14.0
      x-ms-global-committed-lsn:
      - '1'
      x-ms-item-lsn:
      - '1'
      x-ms-last-state-change-utc:
      - Mon, 09 Jan 2023 11:55:15.487 GMT
      x-ms-number-of-read-regions:
      - '0'
      x-ms-quorum-acked-lsn:
      - '1'
      x-ms-request-charge:
      - '1'
      x-ms-request-duration-ms:
      - '0.501'
      x-ms-resource-quota:
      - functions=50;storedProcedures=100;triggers=25;documentSize=10240;documentsSize=10485760;documentsCount=-1;collectionSize=10485760;
      x-ms-resource-usage:
      - functions=0;storedProcedures=0;triggers=0;documentSize=0;documentsSize=0;documentsCount=0;collectionSize=0;
      x-ms-schemaversion:
      - '1.14'
      x-ms-serviceversion:
      - version=2.14.0.0
      x-ms-session-token:
      - 0:-1#1
      x-ms-transport-request-id:
      - '3'
      x-ms-xp-role:
      - '1'
    status:
      code: 201
      message: Created
- request:
    body: null
    headers:
      Accept:
      - application/json
      Accept-Encoding:
      - gzip, deflate
      Cache-Control:
      - no-cache
      Connection:
      - keep-alive
      Content-Length:
      - '0'
      User-Agent:
      - Linux/5.15.0-1023-azure Python/3.10.8 azure-cosmos/3.1.2 AZURECLI/2.44.0 VSTS_7b238909-6802-4b65-b90d-184bca47f458_build_220_0
      x-ms-consistency-level:
      - Session
      x-ms-date:
      - Mon, 09 Jan 2023 15:07:46 GMT
      x-ms-documentdb-query-iscontinuationexpected:
      - 'False'
      x-ms-version:
      - '2018-09-17'
    method: GET
    uri: https://cli000003-westus.documents.azure.com/offers
  response:
    body:
      string: '{"_rid":"","Offers":[{"resource":"dbs\/CCscAA==\/colls\/CCscAJP0jNY=\/","offerType":"Invalid","offerResourceId":"CCscAJP0jNY=","offerVersion":"V2","content":{"offerThroughput":400,"offerIsRUPerMinuteThroughputEnabled":false,"offerMinimumThroughputParameters":{"maxThroughputEverProvisioned":400,"maxConsumedStorageEverInKB":0}},"id":"NCwJ","_rid":"NCwJ","_self":"offers\/NCwJ\/","_etag":"\"0000e601-0000-0700-0000-63bc2dc10000\"","_ts":1673276865}],"_count":1}'
    headers:
      cache-control:
      - no-store, no-cache
      content-location:
      - https://cliiiounvvpkjat-westus.documents.azure.com/offers
      content-type:
      - application/json
      date:
      - Mon, 09 Jan 2023 15:07:46 GMT
      lsn:
      - '9'
      pragma:
      - no-cache
      server:
      - Microsoft-HTTPAPI/2.0
      strict-transport-security:
      - max-age=31536000
      transfer-encoding:
      - chunked
      x-ms-activity-id:
      - fded6ce6-46a0-4afa-959b-6a6e23e0d889
      x-ms-cosmos-llsn:
      - '9'
      x-ms-gatewayversion:
      - version=2.14.0
      x-ms-global-committed-lsn:
      - '9'
      x-ms-item-count:
      - '1'
      x-ms-last-state-change-utc:
      - Fri, 06 Jan 2023 17:55:33.106 GMT
      x-ms-number-of-read-regions:
      - '0'
      x-ms-request-charge:
      - '2'
      x-ms-request-duration-ms:
      - '0.527'
      x-ms-schemaversion:
      - '1.14'
      x-ms-serviceversion:
      - version=2.14.0.0
      x-ms-session-token:
      - 0:-1#9
      x-ms-transport-request-id:
      - '4884674'
      x-ms-xp-role:
      - '1'
    status:
      code: 200
      message: Ok
- request:
    body: null
    headers:
      Accept:
      - application/json
      Accept-Encoding:
      - gzip, deflate
      CommandName:
      - cosmosdb collection show
      Connection:
      - keep-alive
      Content-Length:
      - '0'
      ParameterSetName:
      - -g -n -d -c
      User-Agent:
      - AZURECLI/2.44.0 azsdk-python-mgmt-cosmosdb/8.0.0 Python/3.10.8 (Linux-5.15.0-1023-azure-x86_64-with-glibc2.31)
        VSTS_7b238909-6802-4b65-b90d-184bca47f458_build_220_0
    method: POST
    uri: https://management.azure.com/subscriptions/00000000-0000-0000-0000-000000000000/resourceGroups/cli_test_cosmosdb_collection000001/providers/Microsoft.DocumentDB/databaseAccounts/cli000003/listKeys?api-version=2022-08-15
  response:
    body:
      string: '{"primaryMasterKey":"F8tKeIVLSeNkbPXMBNiLQ8SUSya2xFz4wEDCHm7q1FoU9TEg5pdcnj2YskRiq3f0TFzTLcwSmOsmACDbUqdSdw==","secondaryMasterKey":"9fDId9LtIj5j5IFVBD3LSiZgMUuqBd4WK9UoQm5gZ6Vxv70hF6Xe2yubIJXSVxkGhLUFVJr7bXkMACDbT6PIkw==","primaryReadonlyMasterKey":"oVIjSQAebTHKGKp9cYbEIO5S9WHAoiA2ZUprFmEZvLhkpyJkVaztMW2wjwFEJjLJ8VWtZ97qbKMzACDbwFO12w==","secondaryReadonlyMasterKey":"K0HWH8V1RpaXk0LxAkZAbNusV0e96ofFalmtTfUpkNi9C2GCK2hbUve0uU4l02VD90bKThr5iLq7ACDbJaficw=="}'
    headers:
      cache-control:
      - no-store, no-cache
      content-length:
      - '461'
      content-type:
      - application/json
      date:
      - Mon, 09 Jan 2023 15:07:46 GMT
      pragma:
      - no-cache
      server:
      - Microsoft-HTTPAPI/2.0
      strict-transport-security:
      - max-age=31536000; includeSubDomains
      transfer-encoding:
      - chunked
      vary:
      - Accept-Encoding
      x-content-type-options:
      - nosniff
      x-ms-gatewayversion:
      - version=2.14.0
      x-ms-ratelimit-remaining-subscription-resource-requests:
      - '149'
    status:
      code: 200
      message: Ok
- request:
    body: null
    headers:
      Accept:
      - application/json
      Accept-Encoding:
      - gzip, deflate
      CommandName:
      - cosmosdb collection show
      Connection:
      - keep-alive
      ParameterSetName:
      - -g -n -d -c
      User-Agent:
      - AZURECLI/2.44.0 azsdk-python-mgmt-cosmosdb/8.0.0 Python/3.10.8 (Linux-5.15.0-1023-azure-x86_64-with-glibc2.31)
        VSTS_7b238909-6802-4b65-b90d-184bca47f458_build_220_0
    method: GET
    uri: https://management.azure.com/subscriptions/00000000-0000-0000-0000-000000000000/resourceGroups/cli_test_cosmosdb_collection000001/providers/Microsoft.DocumentDB/databaseAccounts/cli000003?api-version=2022-08-15
  response:
    body:
      string: '{"id":"/subscriptions/00000000-0000-0000-0000-000000000000/resourceGroups/cli_test_cosmosdb_collection000001/providers/Microsoft.DocumentDB/databaseAccounts/cli000003","name":"cli000003","location":"West
        US","type":"Microsoft.DocumentDB/databaseAccounts","kind":"GlobalDocumentDB","tags":{},"systemData":{"createdAt":"2023-01-09T15:07:05.8557054Z"},"properties":{"provisioningState":"Succeeded","documentEndpoint":"https://cli000003.documents.azure.com:443/","publicNetworkAccess":"Enabled","enableAutomaticFailover":false,"enableMultipleWriteLocations":false,"enablePartitionKeyMonitor":false,"isVirtualNetworkFilterEnabled":false,"virtualNetworkRules":[],"EnabledApiTypes":"Sql","disableKeyBasedMetadataWriteAccess":false,"enableFreeTier":false,"enableAnalyticalStorage":false,"analyticalStorageConfiguration":{"schemaType":"WellDefined"},"instanceId":"6d867358-0b20-468b-a2e2-a4a6309321dc","databaseAccountOfferType":"Standard","defaultIdentity":"FirstPartyIdentity","networkAclBypass":"None","disableLocalAuth":false,"enablePartitionMerge":false,"consistencyPolicy":{"defaultConsistencyLevel":"Session","maxIntervalInSeconds":5,"maxStalenessPrefix":100},"configurationOverrides":{},"writeLocations":[{"id":"cli000003-westus","locationName":"West
        US","documentEndpoint":"https://cli000003-westus.documents.azure.com:443/","provisioningState":"Succeeded","failoverPriority":0,"isZoneRedundant":false}],"readLocations":[{"id":"cli000003-westus","locationName":"West
        US","documentEndpoint":"https://cli000003-westus.documents.azure.com:443/","provisioningState":"Succeeded","failoverPriority":0,"isZoneRedundant":false}],"locations":[{"id":"cli000003-westus","locationName":"West
        US","documentEndpoint":"https://cli000003-westus.documents.azure.com:443/","provisioningState":"Succeeded","failoverPriority":0,"isZoneRedundant":false}],"failoverPolicies":[{"id":"cli000003-westus","locationName":"West
        US","failoverPriority":0}],"cors":[],"capabilities":[],"ipRules":[],"backupPolicy":{"type":"Periodic","periodicModeProperties":{"backupIntervalInMinutes":240,"backupRetentionIntervalInHours":8,"backupStorageRedundancy":"Geo"}},"networkAclBypassResourceIds":[],"keysMetadata":{"primaryMasterKey":{"generationTime":"2023-01-09T15:07:05.8557054Z"},"secondaryMasterKey":{"generationTime":"2023-01-09T15:07:05.8557054Z"},"primaryReadonlyMasterKey":{"generationTime":"2023-01-09T15:07:05.8557054Z"},"secondaryReadonlyMasterKey":{"generationTime":"2023-01-09T15:07:05.8557054Z"}}},"identity":{"type":"None"}}'
    headers:
      cache-control:
      - no-store, no-cache
      content-length:
      - '2501'
      content-type:
      - application/json
      date:
      - Mon, 09 Jan 2023 15:07:47 GMT
      pragma:
      - no-cache
      server:
      - Microsoft-HTTPAPI/2.0
      strict-transport-security:
      - max-age=31536000; includeSubDomains
      transfer-encoding:
      - chunked
      vary:
      - Accept-Encoding
      x-content-type-options:
      - nosniff
      x-ms-gatewayversion:
      - version=2.14.0
    status:
      code: 200
      message: Ok
- request:
    body: null
    headers:
      Accept:
      - application/json
      Accept-Encoding:
      - gzip, deflate
      Cache-Control:
      - no-cache
      Connection:
      - keep-alive
      Content-Length:
      - '0'
      User-Agent:
      - Linux/5.15.0-1023-azure Python/3.10.8 azure-cosmos/3.1.2
      x-ms-consistency-level:
      - Session
      x-ms-date:
      - Mon, 09 Jan 2023 15:07:47 GMT
      x-ms-documentdb-query-iscontinuationexpected:
      - 'False'
      x-ms-session-token:
      - ''
      x-ms-version:
      - '2018-09-17'
    method: GET
    uri: https://cli000003.documents.azure.com/
  response:
    body:
      string: '{"_self":"","id":"cli000003","_rid":"cli000003.documents.azure.com","media":"//media/","addresses":"//addresses/","_dbs":"//dbs/","writableLocations":[{"name":"West
        US","databaseAccountEndpoint":"https://cli000003-westus.documents.azure.com:443/"}],"readableLocations":[{"name":"West
        US","databaseAccountEndpoint":"https://cli000003-westus.documents.azure.com:443/"}],"enableMultipleWriteLocations":false,"userReplicationPolicy":{"asyncReplication":false,"minReplicaSetSize":3,"maxReplicasetSize":4},"userConsistencyPolicy":{"defaultConsistencyLevel":"Session"},"systemReplicationPolicy":{"minReplicaSetSize":3,"maxReplicasetSize":4},"readPolicy":{"primaryReadCoefficient":1,"secondaryReadCoefficient":1},"queryEngineConfiguration":"{\"allowNewKeywords\":true,\"maxJoinsPerSqlQuery\":10,\"maxQueryRequestTimeoutFraction\":0.9,\"maxSqlQueryInputLength\":524288,\"maxUdfRefPerSqlQuery\":10,\"queryMaxInMemorySortDocumentCount\":-500,\"spatialMaxGeometryPointCount\":256,\"sqlAllowNonFiniteNumbers\":false,\"sqlDisableOptimizationFlags\":0,\"enableSpatialIndexing\":true,\"maxInExpressionItemsCount\":2147483647,\"maxLogicalAndPerSqlQuery\":2147483647,\"maxLogicalOrPerSqlQuery\":2147483647,\"maxSpatialQueryCells\":2147483647,\"sqlAllowAggregateFunctions\":true,\"sqlAllowGroupByClause\":true,\"sqlAllowLike\":true,\"sqlAllowSubQuery\":true,\"sqlAllowScalarSubQuery\":true,\"sqlAllowTop\":true}"}'
    headers:
      cache-control:
      - no-store, no-cache
      content-location:
      - https://cliiiounvvpkjat.documents.azure.com/
      content-type:
      - application/json
      date:
      - Mon, 09 Jan 2023 15:07:48 GMT
      pragma:
      - no-cache
      server:
      - Microsoft-HTTPAPI/2.0
      strict-transport-security:
      - max-age=31536000
      transfer-encoding:
      - chunked
      x-ms-databaseaccount-consumed-mb:
      - '0'
      x-ms-databaseaccount-provisioned-mb:
      - '0'
      x-ms-databaseaccount-reserved-mb:
      - '0'
      x-ms-gatewayversion:
      - version=2.14.0
      x-ms-max-media-storage-usage-mb:
      - '2048'
      x-ms-media-storage-usage-mb:
      - '0'
    status:
      code: 200
      message: Ok
- request:
    body: null
    headers:
      Accept:
      - application/json
      Accept-Encoding:
      - gzip, deflate
      Cache-Control:
      - no-cache
      Connection:
      - keep-alive
      Content-Length:
      - '0'
      User-Agent:
      - Linux/5.15.0-1023-azure Python/3.10.8 azure-cosmos/3.1.2 AZURECLI/2.44.0 VSTS_7b238909-6802-4b65-b90d-184bca47f458_build_220_0
      x-ms-consistency-level:
      - Session
      x-ms-date:
      - Mon, 09 Jan 2023 15:07:48 GMT
      x-ms-documentdb-query-iscontinuationexpected:
      - 'False'
      x-ms-version:
      - '2018-09-17'
    method: GET
    uri: https://cli000003-westus.documents.azure.com/dbs/cli000004/colls/cli000002/
  response:
    body:
      string: '{"id":"cli000002","indexingPolicy":{"indexingMode":"consistent","automatic":true,"includedPaths":[{"path":"\/*"}],"excludedPaths":[{"path":"\/\"_etag\"\/?"}]},"conflictResolutionPolicy":{"mode":"LastWriterWins","conflictResolutionPath":"\/_ts","conflictResolutionProcedure":""},"geospatialConfig":{"type":"Geography"},"_rid":"CCscAJP0jNY=","_ts":1673276865,"_self":"dbs\/CCscAA==\/colls\/CCscAJP0jNY=\/","_etag":"\"0000e501-0000-0700-0000-63bc2dc10000\"","_docs":"docs\/","_sprocs":"sprocs\/","_triggers":"triggers\/","_udfs":"udfs\/","_conflicts":"conflicts\/"}'
    headers:
      cache-control:
      - no-store, no-cache
      collection-partition-index:
      - '0'
      collection-service-index:
      - '0'
      content-location:
      - https://cliiiounvvpkjat-westus.documents.azure.com/dbs/clixyn5gjylequs/colls/clixn4xizhqwlyf/
      content-type:
      - application/json
      date:
      - Mon, 09 Jan 2023 15:07:47 GMT
      etag:
      - '"0000e501-0000-0700-0000-63bc2dc10000"'
      lsn:
      - '1'
      pragma:
      - no-cache
      server:
      - Microsoft-HTTPAPI/2.0
      strict-transport-security:
      - max-age=31536000
      transfer-encoding:
      - chunked
      x-ms-activity-id:
      - 7dc81ee2-578e-4f3e-86c6-908b1b60215d
      x-ms-alt-content-path:
      - dbs/clixyn5gjylequs
      x-ms-content-path:
      - CCscAA==
      x-ms-cosmos-item-llsn:
      - '1'
      x-ms-cosmos-llsn:
      - '1'
      x-ms-cosmos-quorum-acked-llsn:
      - '1'
      x-ms-current-replica-set-size:
      - '4'
      x-ms-current-write-quorum:
      - '3'
      x-ms-documentdb-collection-index-transformation-progress:
      - '100'
      x-ms-documentdb-partitionkeyrangeid:
      - '0'
      x-ms-gatewayversion:
      - version=2.14.0
      x-ms-global-committed-lsn:
      - '1'
      x-ms-item-lsn:
      - '1'
      x-ms-last-state-change-utc:
      - Mon, 09 Jan 2023 11:55:15.487 GMT
      x-ms-number-of-read-regions:
      - '0'
      x-ms-quorum-acked-lsn:
      - '1'
      x-ms-request-charge:
      - '1'
      x-ms-request-duration-ms:
      - '0.618'
      x-ms-resource-quota:
      - functions=50;storedProcedures=100;triggers=25;documentSize=10240;documentsSize=10485760;documentsCount=-1;collectionSize=10485760;
      x-ms-resource-usage:
      - functions=0;storedProcedures=0;triggers=0;documentSize=0;documentsSize=0;documentsCount=0;collectionSize=0;
      x-ms-schemaversion:
      - '1.14'
      x-ms-serviceversion:
      - version=2.14.0.0
      x-ms-session-token:
      - 0:-1#1
      x-ms-transport-request-id:
      - '1'
      x-ms-xp-role:
      - '1'
    status:
      code: 200
      message: Ok
- request:
    body: null
    headers:
      Accept:
      - application/json
      Accept-Encoding:
      - gzip, deflate
      Cache-Control:
      - no-cache
      Connection:
      - keep-alive
      Content-Length:
      - '0'
      User-Agent:
      - Linux/5.15.0-1023-azure Python/3.10.8 azure-cosmos/3.1.2 AZURECLI/2.44.0 VSTS_7b238909-6802-4b65-b90d-184bca47f458_build_220_0
      x-ms-consistency-level:
      - Session
      x-ms-date:
      - Mon, 09 Jan 2023 15:07:48 GMT
      x-ms-documentdb-query-iscontinuationexpected:
      - 'False'
      x-ms-version:
      - '2018-09-17'
    method: GET
    uri: https://cli000003-westus.documents.azure.com/offers
  response:
    body:
      string: '{"_rid":"","Offers":[{"resource":"dbs\/CCscAA==\/colls\/CCscAJP0jNY=\/","offerType":"Invalid","offerResourceId":"CCscAJP0jNY=","offerVersion":"V2","content":{"offerThroughput":400,"offerIsRUPerMinuteThroughputEnabled":false,"offerMinimumThroughputParameters":{"maxThroughputEverProvisioned":400,"maxConsumedStorageEverInKB":0}},"id":"NCwJ","_rid":"NCwJ","_self":"offers\/NCwJ\/","_etag":"\"0000e601-0000-0700-0000-63bc2dc10000\"","_ts":1673276865}],"_count":1}'
    headers:
      cache-control:
      - no-store, no-cache
      content-location:
      - https://cliiiounvvpkjat-westus.documents.azure.com/offers
      content-type:
      - application/json
      date:
      - Mon, 09 Jan 2023 15:07:47 GMT
      lsn:
      - '9'
      pragma:
      - no-cache
      server:
      - Microsoft-HTTPAPI/2.0
      strict-transport-security:
      - max-age=31536000
      transfer-encoding:
      - chunked
      x-ms-activity-id:
      - 9acc1a3d-389c-4252-b04c-ebda003732e8
      x-ms-cosmos-llsn:
      - '9'
      x-ms-gatewayversion:
      - version=2.14.0
      x-ms-global-committed-lsn:
      - '9'
      x-ms-item-count:
      - '1'
      x-ms-last-state-change-utc:
      - Fri, 06 Jan 2023 17:55:33.105 GMT
      x-ms-number-of-read-regions:
      - '0'
      x-ms-request-charge:
      - '2'
      x-ms-request-duration-ms:
      - '0.522'
      x-ms-schemaversion:
      - '1.14'
      x-ms-serviceversion:
      - version=2.14.0.0
      x-ms-session-token:
      - 0:-1#9
      x-ms-transport-request-id:
      - '6037106'
      x-ms-xp-role:
      - '2'
    status:
      code: 200
      message: Ok
- request:
    body: null
    headers:
      Accept:
      - application/json
      Accept-Encoding:
      - gzip, deflate
      CommandName:
      - cosmosdb collection exists
      Connection:
      - keep-alive
      Content-Length:
      - '0'
      ParameterSetName:
      - -g -n -d -c
      User-Agent:
      - AZURECLI/2.44.0 azsdk-python-mgmt-cosmosdb/8.0.0 Python/3.10.8 (Linux-5.15.0-1023-azure-x86_64-with-glibc2.31)
        VSTS_7b238909-6802-4b65-b90d-184bca47f458_build_220_0
    method: POST
    uri: https://management.azure.com/subscriptions/00000000-0000-0000-0000-000000000000/resourceGroups/cli_test_cosmosdb_collection000001/providers/Microsoft.DocumentDB/databaseAccounts/cli000003/listKeys?api-version=2022-08-15
  response:
    body:
      string: '{"primaryMasterKey":"F8tKeIVLSeNkbPXMBNiLQ8SUSya2xFz4wEDCHm7q1FoU9TEg5pdcnj2YskRiq3f0TFzTLcwSmOsmACDbUqdSdw==","secondaryMasterKey":"9fDId9LtIj5j5IFVBD3LSiZgMUuqBd4WK9UoQm5gZ6Vxv70hF6Xe2yubIJXSVxkGhLUFVJr7bXkMACDbT6PIkw==","primaryReadonlyMasterKey":"oVIjSQAebTHKGKp9cYbEIO5S9WHAoiA2ZUprFmEZvLhkpyJkVaztMW2wjwFEJjLJ8VWtZ97qbKMzACDbwFO12w==","secondaryReadonlyMasterKey":"K0HWH8V1RpaXk0LxAkZAbNusV0e96ofFalmtTfUpkNi9C2GCK2hbUve0uU4l02VD90bKThr5iLq7ACDbJaficw=="}'
    headers:
      cache-control:
      - no-store, no-cache
      content-length:
      - '461'
      content-type:
      - application/json
      date:
      - Mon, 09 Jan 2023 15:07:48 GMT
      pragma:
      - no-cache
      server:
      - Microsoft-HTTPAPI/2.0
      strict-transport-security:
      - max-age=31536000; includeSubDomains
      transfer-encoding:
      - chunked
      vary:
      - Accept-Encoding
      x-content-type-options:
      - nosniff
      x-ms-gatewayversion:
      - version=2.14.0
      x-ms-ratelimit-remaining-subscription-resource-requests:
      - '149'
    status:
      code: 200
      message: Ok
- request:
    body: null
    headers:
      Accept:
      - application/json
      Accept-Encoding:
      - gzip, deflate
      CommandName:
      - cosmosdb collection exists
      Connection:
      - keep-alive
      ParameterSetName:
      - -g -n -d -c
      User-Agent:
      - AZURECLI/2.44.0 azsdk-python-mgmt-cosmosdb/8.0.0 Python/3.10.8 (Linux-5.15.0-1023-azure-x86_64-with-glibc2.31)
        VSTS_7b238909-6802-4b65-b90d-184bca47f458_build_220_0
    method: GET
    uri: https://management.azure.com/subscriptions/00000000-0000-0000-0000-000000000000/resourceGroups/cli_test_cosmosdb_collection000001/providers/Microsoft.DocumentDB/databaseAccounts/cli000003?api-version=2022-08-15
  response:
    body:
      string: '{"id":"/subscriptions/00000000-0000-0000-0000-000000000000/resourceGroups/cli_test_cosmosdb_collection000001/providers/Microsoft.DocumentDB/databaseAccounts/cli000003","name":"cli000003","location":"West
        US","type":"Microsoft.DocumentDB/databaseAccounts","kind":"GlobalDocumentDB","tags":{},"systemData":{"createdAt":"2023-01-09T15:07:05.8557054Z"},"properties":{"provisioningState":"Succeeded","documentEndpoint":"https://cli000003.documents.azure.com:443/","publicNetworkAccess":"Enabled","enableAutomaticFailover":false,"enableMultipleWriteLocations":false,"enablePartitionKeyMonitor":false,"isVirtualNetworkFilterEnabled":false,"virtualNetworkRules":[],"EnabledApiTypes":"Sql","disableKeyBasedMetadataWriteAccess":false,"enableFreeTier":false,"enableAnalyticalStorage":false,"analyticalStorageConfiguration":{"schemaType":"WellDefined"},"instanceId":"6d867358-0b20-468b-a2e2-a4a6309321dc","databaseAccountOfferType":"Standard","defaultIdentity":"FirstPartyIdentity","networkAclBypass":"None","disableLocalAuth":false,"enablePartitionMerge":false,"consistencyPolicy":{"defaultConsistencyLevel":"Session","maxIntervalInSeconds":5,"maxStalenessPrefix":100},"configurationOverrides":{},"writeLocations":[{"id":"cli000003-westus","locationName":"West
        US","documentEndpoint":"https://cli000003-westus.documents.azure.com:443/","provisioningState":"Succeeded","failoverPriority":0,"isZoneRedundant":false}],"readLocations":[{"id":"cli000003-westus","locationName":"West
        US","documentEndpoint":"https://cli000003-westus.documents.azure.com:443/","provisioningState":"Succeeded","failoverPriority":0,"isZoneRedundant":false}],"locations":[{"id":"cli000003-westus","locationName":"West
        US","documentEndpoint":"https://cli000003-westus.documents.azure.com:443/","provisioningState":"Succeeded","failoverPriority":0,"isZoneRedundant":false}],"failoverPolicies":[{"id":"cli000003-westus","locationName":"West
        US","failoverPriority":0}],"cors":[],"capabilities":[],"ipRules":[],"backupPolicy":{"type":"Periodic","periodicModeProperties":{"backupIntervalInMinutes":240,"backupRetentionIntervalInHours":8,"backupStorageRedundancy":"Geo"}},"networkAclBypassResourceIds":[],"keysMetadata":{"primaryMasterKey":{"generationTime":"2023-01-09T15:07:05.8557054Z"},"secondaryMasterKey":{"generationTime":"2023-01-09T15:07:05.8557054Z"},"primaryReadonlyMasterKey":{"generationTime":"2023-01-09T15:07:05.8557054Z"},"secondaryReadonlyMasterKey":{"generationTime":"2023-01-09T15:07:05.8557054Z"}}},"identity":{"type":"None"}}'
    headers:
      cache-control:
      - no-store, no-cache
      content-length:
      - '2501'
      content-type:
      - application/json
      date:
      - Mon, 09 Jan 2023 15:07:49 GMT
      pragma:
      - no-cache
      server:
      - Microsoft-HTTPAPI/2.0
      strict-transport-security:
      - max-age=31536000; includeSubDomains
      transfer-encoding:
      - chunked
      vary:
      - Accept-Encoding
      x-content-type-options:
      - nosniff
      x-ms-gatewayversion:
      - version=2.14.0
    status:
      code: 200
      message: Ok
- request:
    body: null
    headers:
      Accept:
      - application/json
      Accept-Encoding:
      - gzip, deflate
      Cache-Control:
      - no-cache
      Connection:
      - keep-alive
      Content-Length:
      - '0'
      User-Agent:
      - Linux/5.15.0-1023-azure Python/3.10.8 azure-cosmos/3.1.2
      x-ms-consistency-level:
      - Session
      x-ms-date:
      - Mon, 09 Jan 2023 15:07:49 GMT
      x-ms-documentdb-query-iscontinuationexpected:
      - 'False'
      x-ms-session-token:
      - ''
      x-ms-version:
      - '2018-09-17'
    method: GET
    uri: https://cli000003.documents.azure.com/
  response:
    body:
      string: '{"_self":"","id":"cli000003","_rid":"cli000003.documents.azure.com","media":"//media/","addresses":"//addresses/","_dbs":"//dbs/","writableLocations":[{"name":"West
        US","databaseAccountEndpoint":"https://cli000003-westus.documents.azure.com:443/"}],"readableLocations":[{"name":"West
        US","databaseAccountEndpoint":"https://cli000003-westus.documents.azure.com:443/"}],"enableMultipleWriteLocations":false,"userReplicationPolicy":{"asyncReplication":false,"minReplicaSetSize":3,"maxReplicasetSize":4},"userConsistencyPolicy":{"defaultConsistencyLevel":"Session"},"systemReplicationPolicy":{"minReplicaSetSize":3,"maxReplicasetSize":4},"readPolicy":{"primaryReadCoefficient":1,"secondaryReadCoefficient":1},"queryEngineConfiguration":"{\"allowNewKeywords\":true,\"maxJoinsPerSqlQuery\":10,\"maxQueryRequestTimeoutFraction\":0.9,\"maxSqlQueryInputLength\":524288,\"maxUdfRefPerSqlQuery\":10,\"queryMaxInMemorySortDocumentCount\":-500,\"spatialMaxGeometryPointCount\":256,\"sqlAllowNonFiniteNumbers\":false,\"sqlDisableOptimizationFlags\":0,\"enableSpatialIndexing\":true,\"maxInExpressionItemsCount\":2147483647,\"maxLogicalAndPerSqlQuery\":2147483647,\"maxLogicalOrPerSqlQuery\":2147483647,\"maxSpatialQueryCells\":2147483647,\"sqlAllowAggregateFunctions\":true,\"sqlAllowGroupByClause\":true,\"sqlAllowLike\":true,\"sqlAllowSubQuery\":true,\"sqlAllowScalarSubQuery\":true,\"sqlAllowTop\":true}"}'
    headers:
      cache-control:
      - no-store, no-cache
      content-location:
      - https://cliiiounvvpkjat.documents.azure.com/
      content-type:
      - application/json
      date:
      - Mon, 09 Jan 2023 15:07:49 GMT
      pragma:
      - no-cache
      server:
      - Microsoft-HTTPAPI/2.0
      strict-transport-security:
      - max-age=31536000
      transfer-encoding:
      - chunked
      x-ms-databaseaccount-consumed-mb:
      - '0'
      x-ms-databaseaccount-provisioned-mb:
      - '0'
      x-ms-databaseaccount-reserved-mb:
      - '0'
      x-ms-gatewayversion:
      - version=2.14.0
      x-ms-max-media-storage-usage-mb:
      - '2048'
      x-ms-media-storage-usage-mb:
      - '0'
    status:
      code: 200
      message: Ok
- request:
    body: '{"query":"SELECT * FROM root r WHERE r.id=@id","parameters":[{"name":"@id","value":"clixn4xizhqwlyf"}]}'
    headers:
      Accept:
      - application/json
      Accept-Encoding:
      - gzip, deflate
      Cache-Control:
      - no-cache
      Connection:
      - keep-alive
      Content-Length:
      - '103'
      Content-Type:
      - application/query+json
      User-Agent:
      - Linux/5.15.0-1023-azure Python/3.10.8 azure-cosmos/3.1.2 AZURECLI/2.44.0 VSTS_7b238909-6802-4b65-b90d-184bca47f458_build_220_0
      x-ms-consistency-level:
      - Session
      x-ms-date:
      - Mon, 09 Jan 2023 15:07:50 GMT
      x-ms-documentdb-isquery:
      - 'true'
      x-ms-documentdb-query-iscontinuationexpected:
      - 'False'
      x-ms-version:
      - '2018-09-17'
    method: POST
    uri: https://cli000003-westus.documents.azure.com/dbs/cli000004/colls/
  response:
    body:
      string: '{"_rid":"CCscAA==","DocumentCollections":[{"id":"cli000002","indexingPolicy":{"indexingMode":"consistent","automatic":true,"includedPaths":[{"path":"\/*"}],"excludedPaths":[{"path":"\/\"_etag\"\/?"}]},"conflictResolutionPolicy":{"mode":"LastWriterWins","conflictResolutionPath":"\/_ts","conflictResolutionProcedure":""},"geospatialConfig":{"type":"Geography"},"_rid":"CCscAJP0jNY=","_ts":1673276865,"_self":"dbs\/CCscAA==\/colls\/CCscAJP0jNY=\/","_etag":"\"0000e501-0000-0700-0000-63bc2dc10000\"","_docs":"docs\/","_sprocs":"sprocs\/","_triggers":"triggers\/","_udfs":"udfs\/","_conflicts":"conflicts\/"}],"_count":1}'
    headers:
      cache-control:
      - no-store, no-cache
      collection-partition-index:
      - '0'
      collection-service-index:
      - '0'
      content-type:
      - application/json
      date:
      - Mon, 09 Jan 2023 15:07:50 GMT
      lsn:
      - '9'
      pragma:
      - no-cache
      server:
      - Microsoft-HTTPAPI/2.0
      strict-transport-security:
      - max-age=31536000
      transfer-encoding:
      - chunked
      x-ms-activity-id:
      - e40778d6-b007-48b2-9bed-0dbb4b6996c5
      x-ms-alt-content-path:
      - dbs/clixyn5gjylequs
      x-ms-content-path:
      - CCscAA==
      x-ms-cosmos-is-partition-key-delete-pending:
      - 'false'
      x-ms-cosmos-llsn:
      - '9'
      x-ms-cosmos-query-execution-info:
      - '{"reverseRidEnabled":false,"reverseIndexScan":false}'
      x-ms-gatewayversion:
      - version=2.14.0
      x-ms-global-committed-lsn:
      - '9'
      x-ms-item-count:
      - '1'
      x-ms-last-state-change-utc:
      - Fri, 06 Jan 2023 17:55:33.105 GMT
      x-ms-number-of-read-regions:
      - '0'
      x-ms-request-charge:
      - '5.64'
      x-ms-request-duration-ms:
      - '1.495'
      x-ms-resource-quota:
      - collections=5000;
      x-ms-resource-usage:
      - collections=1;
      x-ms-schemaversion:
      - '1.14'
      x-ms-serviceversion:
      - version=2.14.0.0
      x-ms-session-token:
      - 0:-1#9
      x-ms-transport-request-id:
      - '7208762'
      x-ms-xp-role:
      - '2'
    status:
      code: 200
      message: Ok
- request:
    body: null
    headers:
      Accept:
      - application/json
      Accept-Encoding:
      - gzip, deflate
      CommandName:
      - cosmosdb collection exists
      Connection:
      - keep-alive
      Content-Length:
      - '0'
      ParameterSetName:
      - -g -n -d -c
      User-Agent:
      - AZURECLI/2.44.0 azsdk-python-mgmt-cosmosdb/8.0.0 Python/3.10.8 (Linux-5.15.0-1023-azure-x86_64-with-glibc2.31)
        VSTS_7b238909-6802-4b65-b90d-184bca47f458_build_220_0
    method: POST
    uri: https://management.azure.com/subscriptions/00000000-0000-0000-0000-000000000000/resourceGroups/cli_test_cosmosdb_collection000001/providers/Microsoft.DocumentDB/databaseAccounts/cli000003/listKeys?api-version=2022-08-15
  response:
    body:
      string: '{"primaryMasterKey":"F8tKeIVLSeNkbPXMBNiLQ8SUSya2xFz4wEDCHm7q1FoU9TEg5pdcnj2YskRiq3f0TFzTLcwSmOsmACDbUqdSdw==","secondaryMasterKey":"9fDId9LtIj5j5IFVBD3LSiZgMUuqBd4WK9UoQm5gZ6Vxv70hF6Xe2yubIJXSVxkGhLUFVJr7bXkMACDbT6PIkw==","primaryReadonlyMasterKey":"oVIjSQAebTHKGKp9cYbEIO5S9WHAoiA2ZUprFmEZvLhkpyJkVaztMW2wjwFEJjLJ8VWtZ97qbKMzACDbwFO12w==","secondaryReadonlyMasterKey":"K0HWH8V1RpaXk0LxAkZAbNusV0e96ofFalmtTfUpkNi9C2GCK2hbUve0uU4l02VD90bKThr5iLq7ACDbJaficw=="}'
    headers:
      cache-control:
      - no-store, no-cache
      content-length:
      - '461'
      content-type:
      - application/json
      date:
      - Mon, 09 Jan 2023 15:07:50 GMT
      pragma:
      - no-cache
      server:
      - Microsoft-HTTPAPI/2.0
      strict-transport-security:
      - max-age=31536000; includeSubDomains
      transfer-encoding:
      - chunked
      vary:
      - Accept-Encoding
      x-content-type-options:
      - nosniff
      x-ms-gatewayversion:
      - version=2.14.0
      x-ms-ratelimit-remaining-subscription-resource-requests:
      - '149'
    status:
      code: 200
      message: Ok
- request:
    body: null
    headers:
      Accept:
      - application/json
      Accept-Encoding:
      - gzip, deflate
      CommandName:
      - cosmosdb collection exists
      Connection:
      - keep-alive
      ParameterSetName:
      - -g -n -d -c
      User-Agent:
      - AZURECLI/2.44.0 azsdk-python-mgmt-cosmosdb/8.0.0 Python/3.10.8 (Linux-5.15.0-1023-azure-x86_64-with-glibc2.31)
        VSTS_7b238909-6802-4b65-b90d-184bca47f458_build_220_0
    method: GET
    uri: https://management.azure.com/subscriptions/00000000-0000-0000-0000-000000000000/resourceGroups/cli_test_cosmosdb_collection000001/providers/Microsoft.DocumentDB/databaseAccounts/cli000003?api-version=2022-08-15
  response:
    body:
      string: '{"id":"/subscriptions/00000000-0000-0000-0000-000000000000/resourceGroups/cli_test_cosmosdb_collection000001/providers/Microsoft.DocumentDB/databaseAccounts/cli000003","name":"cli000003","location":"West
        US","type":"Microsoft.DocumentDB/databaseAccounts","kind":"GlobalDocumentDB","tags":{},"systemData":{"createdAt":"2023-01-09T15:07:05.8557054Z"},"properties":{"provisioningState":"Succeeded","documentEndpoint":"https://cli000003.documents.azure.com:443/","publicNetworkAccess":"Enabled","enableAutomaticFailover":false,"enableMultipleWriteLocations":false,"enablePartitionKeyMonitor":false,"isVirtualNetworkFilterEnabled":false,"virtualNetworkRules":[],"EnabledApiTypes":"Sql","disableKeyBasedMetadataWriteAccess":false,"enableFreeTier":false,"enableAnalyticalStorage":false,"analyticalStorageConfiguration":{"schemaType":"WellDefined"},"instanceId":"6d867358-0b20-468b-a2e2-a4a6309321dc","databaseAccountOfferType":"Standard","defaultIdentity":"FirstPartyIdentity","networkAclBypass":"None","disableLocalAuth":false,"enablePartitionMerge":false,"consistencyPolicy":{"defaultConsistencyLevel":"Session","maxIntervalInSeconds":5,"maxStalenessPrefix":100},"configurationOverrides":{},"writeLocations":[{"id":"cli000003-westus","locationName":"West
        US","documentEndpoint":"https://cli000003-westus.documents.azure.com:443/","provisioningState":"Succeeded","failoverPriority":0,"isZoneRedundant":false}],"readLocations":[{"id":"cli000003-westus","locationName":"West
        US","documentEndpoint":"https://cli000003-westus.documents.azure.com:443/","provisioningState":"Succeeded","failoverPriority":0,"isZoneRedundant":false}],"locations":[{"id":"cli000003-westus","locationName":"West
        US","documentEndpoint":"https://cli000003-westus.documents.azure.com:443/","provisioningState":"Succeeded","failoverPriority":0,"isZoneRedundant":false}],"failoverPolicies":[{"id":"cli000003-westus","locationName":"West
        US","failoverPriority":0}],"cors":[],"capabilities":[],"ipRules":[],"backupPolicy":{"type":"Periodic","periodicModeProperties":{"backupIntervalInMinutes":240,"backupRetentionIntervalInHours":8,"backupStorageRedundancy":"Geo"}},"networkAclBypassResourceIds":[],"keysMetadata":{"primaryMasterKey":{"generationTime":"2023-01-09T15:07:05.8557054Z"},"secondaryMasterKey":{"generationTime":"2023-01-09T15:07:05.8557054Z"},"primaryReadonlyMasterKey":{"generationTime":"2023-01-09T15:07:05.8557054Z"},"secondaryReadonlyMasterKey":{"generationTime":"2023-01-09T15:07:05.8557054Z"}}},"identity":{"type":"None"}}'
    headers:
      cache-control:
      - no-store, no-cache
      content-length:
      - '2501'
      content-type:
      - application/json
      date:
      - Mon, 09 Jan 2023 15:07:50 GMT
      pragma:
      - no-cache
      server:
      - Microsoft-HTTPAPI/2.0
      strict-transport-security:
      - max-age=31536000; includeSubDomains
      x-content-type-options:
      - nosniff
      x-ms-gatewayversion:
      - version=2.14.0
    status:
      code: 200
      message: Ok
- request:
    body: null
    headers:
      Accept:
      - application/json
      Accept-Encoding:
      - gzip, deflate
      Cache-Control:
      - no-cache
      Connection:
      - keep-alive
      Content-Length:
      - '0'
      User-Agent:
      - Linux/5.15.0-1023-azure Python/3.10.8 azure-cosmos/3.1.2
      x-ms-consistency-level:
      - Session
      x-ms-date:
      - Mon, 09 Jan 2023 15:07:51 GMT
      x-ms-documentdb-query-iscontinuationexpected:
      - 'False'
      x-ms-session-token:
      - ''
      x-ms-version:
      - '2018-09-17'
    method: GET
    uri: https://cli000003.documents.azure.com/
  response:
    body:
      string: '{"_self":"","id":"cli000003","_rid":"cli000003.documents.azure.com","media":"//media/","addresses":"//addresses/","_dbs":"//dbs/","writableLocations":[{"name":"West
        US","databaseAccountEndpoint":"https://cli000003-westus.documents.azure.com:443/"}],"readableLocations":[{"name":"West
        US","databaseAccountEndpoint":"https://cli000003-westus.documents.azure.com:443/"}],"enableMultipleWriteLocations":false,"userReplicationPolicy":{"asyncReplication":false,"minReplicaSetSize":3,"maxReplicasetSize":4},"userConsistencyPolicy":{"defaultConsistencyLevel":"Session"},"systemReplicationPolicy":{"minReplicaSetSize":3,"maxReplicasetSize":4},"readPolicy":{"primaryReadCoefficient":1,"secondaryReadCoefficient":1},"queryEngineConfiguration":"{\"allowNewKeywords\":true,\"maxJoinsPerSqlQuery\":10,\"maxQueryRequestTimeoutFraction\":0.9,\"maxSqlQueryInputLength\":524288,\"maxUdfRefPerSqlQuery\":10,\"queryMaxInMemorySortDocumentCount\":-500,\"spatialMaxGeometryPointCount\":256,\"sqlAllowNonFiniteNumbers\":false,\"sqlDisableOptimizationFlags\":0,\"enableSpatialIndexing\":true,\"maxInExpressionItemsCount\":2147483647,\"maxLogicalAndPerSqlQuery\":2147483647,\"maxLogicalOrPerSqlQuery\":2147483647,\"maxSpatialQueryCells\":2147483647,\"sqlAllowAggregateFunctions\":true,\"sqlAllowGroupByClause\":true,\"sqlAllowLike\":true,\"sqlAllowSubQuery\":true,\"sqlAllowScalarSubQuery\":true,\"sqlAllowTop\":true}"}'
    headers:
      cache-control:
      - no-store, no-cache
      content-location:
      - https://cliiiounvvpkjat.documents.azure.com/
      content-type:
      - application/json
      date:
      - Mon, 09 Jan 2023 15:07:51 GMT
      pragma:
      - no-cache
      server:
      - Microsoft-HTTPAPI/2.0
      strict-transport-security:
      - max-age=31536000
      transfer-encoding:
      - chunked
      x-ms-databaseaccount-consumed-mb:
      - '0'
      x-ms-databaseaccount-provisioned-mb:
      - '0'
      x-ms-databaseaccount-reserved-mb:
      - '0'
      x-ms-gatewayversion:
      - version=2.14.0
      x-ms-max-media-storage-usage-mb:
      - '2048'
      x-ms-media-storage-usage-mb:
      - '0'
    status:
      code: 200
      message: Ok
- request:
    body: '{"query":"SELECT * FROM root r WHERE r.id=@id","parameters":[{"name":"@id","value":"invalid"}]}'
    headers:
      Accept:
      - application/json
      Accept-Encoding:
      - gzip, deflate
      Cache-Control:
      - no-cache
      Connection:
      - keep-alive
      Content-Length:
      - '95'
      Content-Type:
      - application/query+json
      User-Agent:
      - Linux/5.15.0-1023-azure Python/3.10.8 azure-cosmos/3.1.2 AZURECLI/2.44.0 VSTS_7b238909-6802-4b65-b90d-184bca47f458_build_220_0
      x-ms-consistency-level:
      - Session
      x-ms-date:
      - Mon, 09 Jan 2023 15:07:51 GMT
      x-ms-documentdb-isquery:
      - 'true'
      x-ms-documentdb-query-iscontinuationexpected:
      - 'False'
      x-ms-version:
      - '2018-09-17'
    method: POST
    uri: https://cli000003-westus.documents.azure.com/dbs/cli000004/colls/
  response:
    body:
      string: '{"_rid":"CCscAA==","DocumentCollections":[],"_count":0}'
    headers:
      cache-control:
      - no-store, no-cache
      collection-partition-index:
      - '0'
      collection-service-index:
      - '0'
      content-type:
      - application/json
      date:
      - Mon, 09 Jan 2023 15:07:51 GMT
      lsn:
      - '9'
      pragma:
      - no-cache
      server:
      - Microsoft-HTTPAPI/2.0
      strict-transport-security:
      - max-age=31536000
      transfer-encoding:
      - chunked
      x-ms-activity-id:
      - fbf995da-1e98-4cc9-9689-9d64456dfaa4
      x-ms-alt-content-path:
      - dbs/clixyn5gjylequs
      x-ms-content-path:
      - CCscAA==
      x-ms-cosmos-is-partition-key-delete-pending:
      - 'false'
      x-ms-cosmos-llsn:
      - '9'
      x-ms-cosmos-query-execution-info:
      - '{"reverseRidEnabled":false,"reverseIndexScan":false}'
      x-ms-gatewayversion:
      - version=2.14.0
      x-ms-global-committed-lsn:
      - '9'
      x-ms-item-count:
      - '0'
      x-ms-last-state-change-utc:
      - Fri, 06 Jan 2023 17:55:34.643 GMT
      x-ms-number-of-read-regions:
      - '0'
      x-ms-request-charge:
      - '5.58'
      x-ms-request-duration-ms:
      - '0.686'
      x-ms-resource-quota:
      - collections=5000;
      x-ms-resource-usage:
      - collections=1;
      x-ms-schemaversion:
      - '1.14'
      x-ms-serviceversion:
      - version=2.14.0.0
      x-ms-session-token:
      - 0:-1#9
      x-ms-transport-request-id:
      - '4523644'
      x-ms-xp-role:
      - '1'
    status:
      code: 200
      message: Ok
- request:
    body: null
    headers:
      Accept:
      - application/json
      Accept-Encoding:
      - gzip, deflate
      CommandName:
      - cosmosdb collection list
      Connection:
      - keep-alive
      Content-Length:
      - '0'
      ParameterSetName:
      - -g -n -d
      User-Agent:
      - AZURECLI/2.44.0 azsdk-python-mgmt-cosmosdb/8.0.0 Python/3.10.8 (Linux-5.15.0-1023-azure-x86_64-with-glibc2.31)
        VSTS_7b238909-6802-4b65-b90d-184bca47f458_build_220_0
    method: POST
    uri: https://management.azure.com/subscriptions/00000000-0000-0000-0000-000000000000/resourceGroups/cli_test_cosmosdb_collection000001/providers/Microsoft.DocumentDB/databaseAccounts/cli000003/listKeys?api-version=2022-08-15
  response:
    body:
      string: '{"primaryMasterKey":"F8tKeIVLSeNkbPXMBNiLQ8SUSya2xFz4wEDCHm7q1FoU9TEg5pdcnj2YskRiq3f0TFzTLcwSmOsmACDbUqdSdw==","secondaryMasterKey":"9fDId9LtIj5j5IFVBD3LSiZgMUuqBd4WK9UoQm5gZ6Vxv70hF6Xe2yubIJXSVxkGhLUFVJr7bXkMACDbT6PIkw==","primaryReadonlyMasterKey":"oVIjSQAebTHKGKp9cYbEIO5S9WHAoiA2ZUprFmEZvLhkpyJkVaztMW2wjwFEJjLJ8VWtZ97qbKMzACDbwFO12w==","secondaryReadonlyMasterKey":"K0HWH8V1RpaXk0LxAkZAbNusV0e96ofFalmtTfUpkNi9C2GCK2hbUve0uU4l02VD90bKThr5iLq7ACDbJaficw=="}'
    headers:
      cache-control:
      - no-store, no-cache
      content-length:
      - '461'
      content-type:
      - application/json
      date:
      - Mon, 09 Jan 2023 15:07:52 GMT
      pragma:
      - no-cache
      server:
      - Microsoft-HTTPAPI/2.0
      strict-transport-security:
      - max-age=31536000; includeSubDomains
      transfer-encoding:
      - chunked
      vary:
      - Accept-Encoding
      x-content-type-options:
      - nosniff
      x-ms-gatewayversion:
      - version=2.14.0
      x-ms-ratelimit-remaining-subscription-resource-requests:
      - '149'
    status:
      code: 200
      message: Ok
- request:
    body: null
    headers:
      Accept:
      - application/json
      Accept-Encoding:
      - gzip, deflate
      CommandName:
      - cosmosdb collection list
      Connection:
      - keep-alive
      ParameterSetName:
      - -g -n -d
      User-Agent:
      - AZURECLI/2.44.0 azsdk-python-mgmt-cosmosdb/8.0.0 Python/3.10.8 (Linux-5.15.0-1023-azure-x86_64-with-glibc2.31)
        VSTS_7b238909-6802-4b65-b90d-184bca47f458_build_220_0
    method: GET
    uri: https://management.azure.com/subscriptions/00000000-0000-0000-0000-000000000000/resourceGroups/cli_test_cosmosdb_collection000001/providers/Microsoft.DocumentDB/databaseAccounts/cli000003?api-version=2022-08-15
  response:
    body:
      string: '{"id":"/subscriptions/00000000-0000-0000-0000-000000000000/resourceGroups/cli_test_cosmosdb_collection000001/providers/Microsoft.DocumentDB/databaseAccounts/cli000003","name":"cli000003","location":"West
        US","type":"Microsoft.DocumentDB/databaseAccounts","kind":"GlobalDocumentDB","tags":{},"systemData":{"createdAt":"2023-01-09T15:07:05.8557054Z"},"properties":{"provisioningState":"Succeeded","documentEndpoint":"https://cli000003.documents.azure.com:443/","publicNetworkAccess":"Enabled","enableAutomaticFailover":false,"enableMultipleWriteLocations":false,"enablePartitionKeyMonitor":false,"isVirtualNetworkFilterEnabled":false,"virtualNetworkRules":[],"EnabledApiTypes":"Sql","disableKeyBasedMetadataWriteAccess":false,"enableFreeTier":false,"enableAnalyticalStorage":false,"analyticalStorageConfiguration":{"schemaType":"WellDefined"},"instanceId":"6d867358-0b20-468b-a2e2-a4a6309321dc","databaseAccountOfferType":"Standard","defaultIdentity":"FirstPartyIdentity","networkAclBypass":"None","disableLocalAuth":false,"enablePartitionMerge":false,"consistencyPolicy":{"defaultConsistencyLevel":"Session","maxIntervalInSeconds":5,"maxStalenessPrefix":100},"configurationOverrides":{},"writeLocations":[{"id":"cli000003-westus","locationName":"West
        US","documentEndpoint":"https://cli000003-westus.documents.azure.com:443/","provisioningState":"Succeeded","failoverPriority":0,"isZoneRedundant":false}],"readLocations":[{"id":"cli000003-westus","locationName":"West
        US","documentEndpoint":"https://cli000003-westus.documents.azure.com:443/","provisioningState":"Succeeded","failoverPriority":0,"isZoneRedundant":false}],"locations":[{"id":"cli000003-westus","locationName":"West
        US","documentEndpoint":"https://cli000003-westus.documents.azure.com:443/","provisioningState":"Succeeded","failoverPriority":0,"isZoneRedundant":false}],"failoverPolicies":[{"id":"cli000003-westus","locationName":"West
        US","failoverPriority":0}],"cors":[],"capabilities":[],"ipRules":[],"backupPolicy":{"type":"Periodic","periodicModeProperties":{"backupIntervalInMinutes":240,"backupRetentionIntervalInHours":8,"backupStorageRedundancy":"Geo"}},"networkAclBypassResourceIds":[],"keysMetadata":{"primaryMasterKey":{"generationTime":"2023-01-09T15:07:05.8557054Z"},"secondaryMasterKey":{"generationTime":"2023-01-09T15:07:05.8557054Z"},"primaryReadonlyMasterKey":{"generationTime":"2023-01-09T15:07:05.8557054Z"},"secondaryReadonlyMasterKey":{"generationTime":"2023-01-09T15:07:05.8557054Z"}}},"identity":{"type":"None"}}'
    headers:
      cache-control:
      - no-store, no-cache
      content-length:
      - '2501'
      content-type:
      - application/json
      date:
      - Mon, 09 Jan 2023 15:07:52 GMT
      pragma:
      - no-cache
      server:
      - Microsoft-HTTPAPI/2.0
      strict-transport-security:
      - max-age=31536000; includeSubDomains
      transfer-encoding:
      - chunked
      vary:
      - Accept-Encoding
      x-content-type-options:
      - nosniff
      x-ms-gatewayversion:
      - version=2.14.0
    status:
      code: 200
      message: Ok
- request:
    body: null
    headers:
      Accept:
      - application/json
      Accept-Encoding:
      - gzip, deflate
      Cache-Control:
      - no-cache
      Connection:
      - keep-alive
      Content-Length:
      - '0'
      User-Agent:
      - Linux/5.15.0-1023-azure Python/3.10.8 azure-cosmos/3.1.2
      x-ms-consistency-level:
      - Session
      x-ms-date:
      - Mon, 09 Jan 2023 15:07:53 GMT
      x-ms-documentdb-query-iscontinuationexpected:
      - 'False'
      x-ms-session-token:
      - ''
      x-ms-version:
      - '2018-09-17'
    method: GET
    uri: https://cli000003.documents.azure.com/
  response:
    body:
      string: '{"_self":"","id":"cli000003","_rid":"cli000003.documents.azure.com","media":"//media/","addresses":"//addresses/","_dbs":"//dbs/","writableLocations":[{"name":"West
        US","databaseAccountEndpoint":"https://cli000003-westus.documents.azure.com:443/"}],"readableLocations":[{"name":"West
        US","databaseAccountEndpoint":"https://cli000003-westus.documents.azure.com:443/"}],"enableMultipleWriteLocations":false,"userReplicationPolicy":{"asyncReplication":false,"minReplicaSetSize":3,"maxReplicasetSize":4},"userConsistencyPolicy":{"defaultConsistencyLevel":"Session"},"systemReplicationPolicy":{"minReplicaSetSize":3,"maxReplicasetSize":4},"readPolicy":{"primaryReadCoefficient":1,"secondaryReadCoefficient":1},"queryEngineConfiguration":"{\"allowNewKeywords\":true,\"maxJoinsPerSqlQuery\":10,\"maxQueryRequestTimeoutFraction\":0.9,\"maxSqlQueryInputLength\":524288,\"maxUdfRefPerSqlQuery\":10,\"queryMaxInMemorySortDocumentCount\":-500,\"spatialMaxGeometryPointCount\":256,\"sqlAllowNonFiniteNumbers\":false,\"sqlDisableOptimizationFlags\":0,\"enableSpatialIndexing\":true,\"maxInExpressionItemsCount\":2147483647,\"maxLogicalAndPerSqlQuery\":2147483647,\"maxLogicalOrPerSqlQuery\":2147483647,\"maxSpatialQueryCells\":2147483647,\"sqlAllowAggregateFunctions\":true,\"sqlAllowGroupByClause\":true,\"sqlAllowLike\":true,\"sqlAllowSubQuery\":true,\"sqlAllowScalarSubQuery\":true,\"sqlAllowTop\":true}"}'
    headers:
      cache-control:
      - no-store, no-cache
      content-location:
      - https://cliiiounvvpkjat.documents.azure.com/
      content-type:
      - application/json
      date:
      - Mon, 09 Jan 2023 15:07:53 GMT
      pragma:
      - no-cache
      server:
      - Microsoft-HTTPAPI/2.0
      strict-transport-security:
      - max-age=31536000
      transfer-encoding:
      - chunked
      x-ms-databaseaccount-consumed-mb:
      - '0'
      x-ms-databaseaccount-provisioned-mb:
      - '0'
      x-ms-databaseaccount-reserved-mb:
      - '0'
      x-ms-gatewayversion:
      - version=2.14.0
      x-ms-max-media-storage-usage-mb:
      - '2048'
      x-ms-media-storage-usage-mb:
      - '0'
    status:
      code: 200
      message: Ok
- request:
    body: null
    headers:
      Accept:
      - application/json
      Accept-Encoding:
      - gzip, deflate
      Cache-Control:
      - no-cache
      Connection:
      - keep-alive
      Content-Length:
      - '0'
      User-Agent:
      - Linux/5.15.0-1023-azure Python/3.10.8 azure-cosmos/3.1.2 AZURECLI/2.44.0 VSTS_7b238909-6802-4b65-b90d-184bca47f458_build_220_0
      x-ms-consistency-level:
      - Session
      x-ms-date:
      - Mon, 09 Jan 2023 15:07:53 GMT
      x-ms-documentdb-query-iscontinuationexpected:
      - 'False'
      x-ms-version:
      - '2018-09-17'
    method: GET
    uri: https://cli000003-westus.documents.azure.com/dbs/cli000004/colls/
  response:
    body:
      string: '{"_rid":"CCscAA==","DocumentCollections":[{"id":"cli000002","indexingPolicy":{"indexingMode":"consistent","automatic":true,"includedPaths":[{"path":"\/*"}],"excludedPaths":[{"path":"\/\"_etag\"\/?"}]},"conflictResolutionPolicy":{"mode":"LastWriterWins","conflictResolutionPath":"\/_ts","conflictResolutionProcedure":""},"geospatialConfig":{"type":"Geography"},"_rid":"CCscAJP0jNY=","_ts":1673276865,"_self":"dbs\/CCscAA==\/colls\/CCscAJP0jNY=\/","_etag":"\"0000e501-0000-0700-0000-63bc2dc10000\"","_docs":"docs\/","_sprocs":"sprocs\/","_triggers":"triggers\/","_udfs":"udfs\/","_conflicts":"conflicts\/"}],"_count":1}'
    headers:
      cache-control:
      - no-store, no-cache
      content-location:
      - https://cliiiounvvpkjat-westus.documents.azure.com/dbs/clixyn5gjylequs/colls/
      content-type:
      - application/json
      date:
      - Mon, 09 Jan 2023 15:07:53 GMT
      lsn:
      - '9'
      pragma:
      - no-cache
      server:
      - Microsoft-HTTPAPI/2.0
      strict-transport-security:
      - max-age=31536000
      transfer-encoding:
      - chunked
      x-ms-activity-id:
      - 82f2e074-e387-4667-932c-0000227b9f3d
      x-ms-alt-content-path:
      - dbs/clixyn5gjylequs
      x-ms-content-path:
      - CCscAA==
      x-ms-cosmos-llsn:
      - '9'
      x-ms-gatewayversion:
      - version=2.14.0
      x-ms-global-committed-lsn:
      - '9'
      x-ms-item-count:
      - '1'
      x-ms-last-state-change-utc:
      - Fri, 06 Jan 2023 17:55:33.106 GMT
      x-ms-number-of-read-regions:
      - '0'
      x-ms-request-charge:
      - '2'
      x-ms-request-duration-ms:
      - '0.827'
      x-ms-resource-quota:
      - collections=5000;
      x-ms-resource-usage:
      - collections=1;
      x-ms-schemaversion:
      - '1.14'
      x-ms-serviceversion:
      - version=2.14.0.0
      x-ms-session-token:
      - 0:-1#9
      x-ms-transport-request-id:
      - '4640572'
      x-ms-xp-role:
      - '1'
    status:
      code: 200
      message: Ok
- request:
    body: null
    headers:
      Accept:
      - application/json
      Accept-Encoding:
      - gzip, deflate
      CommandName:
      - cosmosdb collection update
      Connection:
      - keep-alive
      Content-Length:
      - '0'
      ParameterSetName:
      - --throughput -g -n -d -c
      User-Agent:
      - AZURECLI/2.44.0 azsdk-python-mgmt-cosmosdb/8.0.0 Python/3.10.8 (Linux-5.15.0-1023-azure-x86_64-with-glibc2.31)
        VSTS_7b238909-6802-4b65-b90d-184bca47f458_build_220_0
    method: POST
    uri: https://management.azure.com/subscriptions/00000000-0000-0000-0000-000000000000/resourceGroups/cli_test_cosmosdb_collection000001/providers/Microsoft.DocumentDB/databaseAccounts/cli000003/listKeys?api-version=2022-08-15
  response:
    body:
      string: '{"primaryMasterKey":"F8tKeIVLSeNkbPXMBNiLQ8SUSya2xFz4wEDCHm7q1FoU9TEg5pdcnj2YskRiq3f0TFzTLcwSmOsmACDbUqdSdw==","secondaryMasterKey":"9fDId9LtIj5j5IFVBD3LSiZgMUuqBd4WK9UoQm5gZ6Vxv70hF6Xe2yubIJXSVxkGhLUFVJr7bXkMACDbT6PIkw==","primaryReadonlyMasterKey":"oVIjSQAebTHKGKp9cYbEIO5S9WHAoiA2ZUprFmEZvLhkpyJkVaztMW2wjwFEJjLJ8VWtZ97qbKMzACDbwFO12w==","secondaryReadonlyMasterKey":"K0HWH8V1RpaXk0LxAkZAbNusV0e96ofFalmtTfUpkNi9C2GCK2hbUve0uU4l02VD90bKThr5iLq7ACDbJaficw=="}'
    headers:
      cache-control:
      - no-store, no-cache
      content-length:
      - '461'
      content-type:
      - application/json
      date:
      - Mon, 09 Jan 2023 15:07:54 GMT
      pragma:
      - no-cache
      server:
      - Microsoft-HTTPAPI/2.0
      strict-transport-security:
      - max-age=31536000; includeSubDomains
      transfer-encoding:
      - chunked
      vary:
      - Accept-Encoding
      x-content-type-options:
      - nosniff
      x-ms-gatewayversion:
      - version=2.14.0
      x-ms-ratelimit-remaining-subscription-resource-requests:
      - '149'
    status:
      code: 200
      message: Ok
- request:
    body: null
    headers:
      Accept:
      - application/json
      Accept-Encoding:
      - gzip, deflate
      CommandName:
      - cosmosdb collection update
      Connection:
      - keep-alive
      ParameterSetName:
      - --throughput -g -n -d -c
      User-Agent:
      - AZURECLI/2.44.0 azsdk-python-mgmt-cosmosdb/8.0.0 Python/3.10.8 (Linux-5.15.0-1023-azure-x86_64-with-glibc2.31)
        VSTS_7b238909-6802-4b65-b90d-184bca47f458_build_220_0
    method: GET
    uri: https://management.azure.com/subscriptions/00000000-0000-0000-0000-000000000000/resourceGroups/cli_test_cosmosdb_collection000001/providers/Microsoft.DocumentDB/databaseAccounts/cli000003?api-version=2022-08-15
  response:
    body:
      string: '{"id":"/subscriptions/00000000-0000-0000-0000-000000000000/resourceGroups/cli_test_cosmosdb_collection000001/providers/Microsoft.DocumentDB/databaseAccounts/cli000003","name":"cli000003","location":"West
        US","type":"Microsoft.DocumentDB/databaseAccounts","kind":"GlobalDocumentDB","tags":{},"systemData":{"createdAt":"2023-01-09T15:07:05.8557054Z"},"properties":{"provisioningState":"Succeeded","documentEndpoint":"https://cli000003.documents.azure.com:443/","publicNetworkAccess":"Enabled","enableAutomaticFailover":false,"enableMultipleWriteLocations":false,"enablePartitionKeyMonitor":false,"isVirtualNetworkFilterEnabled":false,"virtualNetworkRules":[],"EnabledApiTypes":"Sql","disableKeyBasedMetadataWriteAccess":false,"enableFreeTier":false,"enableAnalyticalStorage":false,"analyticalStorageConfiguration":{"schemaType":"WellDefined"},"instanceId":"6d867358-0b20-468b-a2e2-a4a6309321dc","databaseAccountOfferType":"Standard","defaultIdentity":"FirstPartyIdentity","networkAclBypass":"None","disableLocalAuth":false,"enablePartitionMerge":false,"consistencyPolicy":{"defaultConsistencyLevel":"Session","maxIntervalInSeconds":5,"maxStalenessPrefix":100},"configurationOverrides":{},"writeLocations":[{"id":"cli000003-westus","locationName":"West
        US","documentEndpoint":"https://cli000003-westus.documents.azure.com:443/","provisioningState":"Succeeded","failoverPriority":0,"isZoneRedundant":false}],"readLocations":[{"id":"cli000003-westus","locationName":"West
        US","documentEndpoint":"https://cli000003-westus.documents.azure.com:443/","provisioningState":"Succeeded","failoverPriority":0,"isZoneRedundant":false}],"locations":[{"id":"cli000003-westus","locationName":"West
        US","documentEndpoint":"https://cli000003-westus.documents.azure.com:443/","provisioningState":"Succeeded","failoverPriority":0,"isZoneRedundant":false}],"failoverPolicies":[{"id":"cli000003-westus","locationName":"West
        US","failoverPriority":0}],"cors":[],"capabilities":[],"ipRules":[],"backupPolicy":{"type":"Periodic","periodicModeProperties":{"backupIntervalInMinutes":240,"backupRetentionIntervalInHours":8,"backupStorageRedundancy":"Geo"}},"networkAclBypassResourceIds":[],"keysMetadata":{"primaryMasterKey":{"generationTime":"2023-01-09T15:07:05.8557054Z"},"secondaryMasterKey":{"generationTime":"2023-01-09T15:07:05.8557054Z"},"primaryReadonlyMasterKey":{"generationTime":"2023-01-09T15:07:05.8557054Z"},"secondaryReadonlyMasterKey":{"generationTime":"2023-01-09T15:07:05.8557054Z"}}},"identity":{"type":"None"}}'
    headers:
      cache-control:
      - no-store, no-cache
      content-length:
      - '2501'
      content-type:
      - application/json
      date:
      - Mon, 09 Jan 2023 15:07:55 GMT
      pragma:
      - no-cache
      server:
      - Microsoft-HTTPAPI/2.0
      strict-transport-security:
      - max-age=31536000; includeSubDomains
      transfer-encoding:
      - chunked
      vary:
      - Accept-Encoding
      x-content-type-options:
      - nosniff
      x-ms-gatewayversion:
      - version=2.14.0
    status:
      code: 200
      message: Ok
- request:
    body: null
    headers:
      Accept:
      - application/json
      Accept-Encoding:
      - gzip, deflate
      Cache-Control:
      - no-cache
      Connection:
      - keep-alive
      Content-Length:
      - '0'
      User-Agent:
      - Linux/5.15.0-1023-azure Python/3.10.8 azure-cosmos/3.1.2
      x-ms-consistency-level:
      - Session
      x-ms-date:
      - Mon, 09 Jan 2023 15:07:55 GMT
      x-ms-documentdb-query-iscontinuationexpected:
      - 'False'
      x-ms-session-token:
      - ''
      x-ms-version:
      - '2018-09-17'
    method: GET
    uri: https://cli000003.documents.azure.com/
  response:
    body:
      string: '{"_self":"","id":"cli000003","_rid":"cli000003.documents.azure.com","media":"//media/","addresses":"//addresses/","_dbs":"//dbs/","writableLocations":[{"name":"West
        US","databaseAccountEndpoint":"https://cli000003-westus.documents.azure.com:443/"}],"readableLocations":[{"name":"West
        US","databaseAccountEndpoint":"https://cli000003-westus.documents.azure.com:443/"}],"enableMultipleWriteLocations":false,"userReplicationPolicy":{"asyncReplication":false,"minReplicaSetSize":3,"maxReplicasetSize":4},"userConsistencyPolicy":{"defaultConsistencyLevel":"Session"},"systemReplicationPolicy":{"minReplicaSetSize":3,"maxReplicasetSize":4},"readPolicy":{"primaryReadCoefficient":1,"secondaryReadCoefficient":1},"queryEngineConfiguration":"{\"allowNewKeywords\":true,\"maxJoinsPerSqlQuery\":10,\"maxQueryRequestTimeoutFraction\":0.9,\"maxSqlQueryInputLength\":524288,\"maxUdfRefPerSqlQuery\":10,\"queryMaxInMemorySortDocumentCount\":-500,\"spatialMaxGeometryPointCount\":256,\"sqlAllowNonFiniteNumbers\":false,\"sqlDisableOptimizationFlags\":0,\"enableSpatialIndexing\":true,\"maxInExpressionItemsCount\":2147483647,\"maxLogicalAndPerSqlQuery\":2147483647,\"maxLogicalOrPerSqlQuery\":2147483647,\"maxSpatialQueryCells\":2147483647,\"sqlAllowAggregateFunctions\":true,\"sqlAllowGroupByClause\":true,\"sqlAllowLike\":true,\"sqlAllowSubQuery\":true,\"sqlAllowScalarSubQuery\":true,\"sqlAllowTop\":true}"}'
    headers:
      cache-control:
      - no-store, no-cache
      content-location:
      - https://cliiiounvvpkjat.documents.azure.com/
      content-type:
      - application/json
      date:
      - Mon, 09 Jan 2023 15:07:54 GMT
      pragma:
      - no-cache
      server:
      - Microsoft-HTTPAPI/2.0
      strict-transport-security:
      - max-age=31536000
      transfer-encoding:
      - chunked
      x-ms-databaseaccount-consumed-mb:
      - '0'
      x-ms-databaseaccount-provisioned-mb:
      - '0'
      x-ms-databaseaccount-reserved-mb:
      - '0'
      x-ms-gatewayversion:
      - version=2.14.0
      x-ms-max-media-storage-usage-mb:
      - '2048'
      x-ms-media-storage-usage-mb:
      - '0'
    status:
      code: 200
      message: Ok
- request:
    body: null
    headers:
      Accept:
      - application/json
      Accept-Encoding:
      - gzip, deflate
      Cache-Control:
      - no-cache
      Connection:
      - keep-alive
      Content-Length:
      - '0'
      User-Agent:
      - Linux/5.15.0-1023-azure Python/3.10.8 azure-cosmos/3.1.2 AZURECLI/2.44.0 VSTS_7b238909-6802-4b65-b90d-184bca47f458_build_220_0
      x-ms-consistency-level:
      - Session
      x-ms-date:
      - Mon, 09 Jan 2023 15:07:55 GMT
      x-ms-documentdb-query-iscontinuationexpected:
      - 'False'
      x-ms-version:
      - '2018-09-17'
    method: GET
    uri: https://cli000003-westus.documents.azure.com/dbs/cli000004/colls/cli000002/
  response:
    body:
      string: '{"id":"cli000002","indexingPolicy":{"indexingMode":"consistent","automatic":true,"includedPaths":[{"path":"\/*"}],"excludedPaths":[{"path":"\/\"_etag\"\/?"}]},"conflictResolutionPolicy":{"mode":"LastWriterWins","conflictResolutionPath":"\/_ts","conflictResolutionProcedure":""},"geospatialConfig":{"type":"Geography"},"_rid":"CCscAJP0jNY=","_ts":1673276865,"_self":"dbs\/CCscAA==\/colls\/CCscAJP0jNY=\/","_etag":"\"0000e501-0000-0700-0000-63bc2dc10000\"","_docs":"docs\/","_sprocs":"sprocs\/","_triggers":"triggers\/","_udfs":"udfs\/","_conflicts":"conflicts\/"}'
    headers:
      cache-control:
      - no-store, no-cache
      collection-partition-index:
      - '0'
      collection-service-index:
      - '0'
      content-location:
      - https://cliiiounvvpkjat-westus.documents.azure.com/dbs/clixyn5gjylequs/colls/clixn4xizhqwlyf/
      content-type:
      - application/json
      date:
      - Mon, 09 Jan 2023 15:07:55 GMT
      etag:
      - '"0000e501-0000-0700-0000-63bc2dc10000"'
      lsn:
      - '1'
      pragma:
      - no-cache
      server:
      - Microsoft-HTTPAPI/2.0
      strict-transport-security:
      - max-age=31536000
      transfer-encoding:
      - chunked
      x-ms-activity-id:
      - 0b1f43c5-d825-4eb1-81ce-b8b1c28c35eb
      x-ms-alt-content-path:
      - dbs/clixyn5gjylequs
      x-ms-content-path:
      - CCscAA==
      x-ms-cosmos-item-llsn:
      - '1'
      x-ms-cosmos-llsn:
      - '1'
      x-ms-cosmos-quorum-acked-llsn:
      - '1'
      x-ms-current-replica-set-size:
      - '4'
      x-ms-current-write-quorum:
      - '3'
      x-ms-documentdb-collection-index-transformation-progress:
      - '100'
      x-ms-documentdb-partitionkeyrangeid:
      - '0'
      x-ms-gatewayversion:
      - version=2.14.0
      x-ms-global-committed-lsn:
      - '1'
      x-ms-item-lsn:
      - '1'
      x-ms-last-state-change-utc:
      - Mon, 09 Jan 2023 11:55:15.487 GMT
      x-ms-number-of-read-regions:
      - '0'
      x-ms-quorum-acked-lsn:
      - '1'
      x-ms-request-charge:
      - '1'
      x-ms-request-duration-ms:
      - '0.699'
      x-ms-resource-quota:
      - functions=50;storedProcedures=100;triggers=25;documentSize=10240;documentsSize=10485760;documentsCount=-1;collectionSize=10485760;
      x-ms-resource-usage:
      - functions=0;storedProcedures=0;triggers=0;documentSize=0;documentsSize=0;documentsCount=0;collectionSize=0;
      x-ms-schemaversion:
      - '1.14'
      x-ms-serviceversion:
      - version=2.14.0.0
      x-ms-session-token:
      - 0:-1#1
      x-ms-transport-request-id:
      - '2'
      x-ms-xp-role:
      - '1'
    status:
      code: 200
      message: Ok
- request:
    body: null
    headers:
      Accept:
      - application/json
      Accept-Encoding:
      - gzip, deflate
      Cache-Control:
      - no-cache
      Connection:
      - keep-alive
      Content-Length:
      - '0'
      User-Agent:
      - Linux/5.15.0-1023-azure Python/3.10.8 azure-cosmos/3.1.2 AZURECLI/2.44.0 VSTS_7b238909-6802-4b65-b90d-184bca47f458_build_220_0
      x-ms-consistency-level:
      - Session
      x-ms-date:
      - Mon, 09 Jan 2023 15:07:55 GMT
      x-ms-documentdb-query-iscontinuationexpected:
      - 'False'
      x-ms-version:
      - '2018-09-17'
    method: GET
    uri: https://cli000003-westus.documents.azure.com/offers
  response:
    body:
      string: '{"_rid":"","Offers":[{"resource":"dbs\/CCscAA==\/colls\/CCscAJP0jNY=\/","offerType":"Invalid","offerResourceId":"CCscAJP0jNY=","offerVersion":"V2","content":{"offerThroughput":400,"offerIsRUPerMinuteThroughputEnabled":false,"offerMinimumThroughputParameters":{"maxThroughputEverProvisioned":400,"maxConsumedStorageEverInKB":0}},"id":"NCwJ","_rid":"NCwJ","_self":"offers\/NCwJ\/","_etag":"\"0000e601-0000-0700-0000-63bc2dc10000\"","_ts":1673276865}],"_count":1}'
    headers:
      cache-control:
      - no-store, no-cache
      content-location:
      - https://cliiiounvvpkjat-westus.documents.azure.com/offers
      content-type:
      - application/json
      date:
      - Mon, 09 Jan 2023 15:07:55 GMT
      lsn:
      - '9'
      pragma:
      - no-cache
      server:
      - Microsoft-HTTPAPI/2.0
      strict-transport-security:
      - max-age=31536000
      transfer-encoding:
      - chunked
      x-ms-activity-id:
      - 6dde7ba9-6006-47fa-9c18-9273054473dd
      x-ms-cosmos-llsn:
      - '9'
      x-ms-gatewayversion:
      - version=2.14.0
      x-ms-global-committed-lsn:
      - '9'
      x-ms-item-count:
      - '1'
      x-ms-last-state-change-utc:
      - Fri, 06 Jan 2023 17:55:34.643 GMT
      x-ms-number-of-read-regions:
      - '0'
      x-ms-request-charge:
      - '2'
      x-ms-request-duration-ms:
      - '0.563'
      x-ms-schemaversion:
      - '1.14'
      x-ms-serviceversion:
      - version=2.14.0.0
      x-ms-session-token:
      - 0:-1#9
      x-ms-transport-request-id:
      - '3183594'
      x-ms-xp-role:
      - '1'
    status:
      code: 200
      message: Ok
- request:
    body: '{"resource":"dbs/CCscAA==/colls/CCscAJP0jNY=/","offerType":"Invalid","offerResourceId":"CCscAJP0jNY=","offerVersion":"V2","content":{"offerThroughput":500,"offerIsRUPerMinuteThroughputEnabled":false,"offerMinimumThroughputParameters":{"maxThroughputEverProvisioned":400,"maxConsumedStorageEverInKB":0}},"id":"NCwJ","_rid":"NCwJ","_self":"offers/NCwJ/","_etag":"\"0000e601-0000-0700-0000-63bc2dc10000\"","_ts":1673276865}'
    headers:
      Accept:
      - application/json
      Accept-Encoding:
      - gzip, deflate
      Cache-Control:
      - no-cache
      Connection:
      - keep-alive
      Content-Length:
      - '420'
      Content-Type:
      - application/json
      User-Agent:
      - Linux/5.15.0-1023-azure Python/3.10.8 azure-cosmos/3.1.2 AZURECLI/2.44.0 VSTS_7b238909-6802-4b65-b90d-184bca47f458_build_220_0
      x-ms-consistency-level:
      - Session
      x-ms-date:
      - Mon, 09 Jan 2023 15:07:55 GMT
      x-ms-documentdb-query-iscontinuationexpected:
      - 'False'
      x-ms-version:
      - '2018-09-17'
    method: PUT
    uri: https://cli000003-westus.documents.azure.com/offers/NCwJ/
  response:
    body:
      string: '{"resource":"dbs\/CCscAA==\/colls\/CCscAJP0jNY=\/","offerType":"Invalid","offerResourceId":"CCscAJP0jNY=","offerVersion":"V2","content":{"offerThroughput":500,"offerIsRUPerMinuteThroughputEnabled":false,"isOfferReplacePending":false,"offerMinimumThroughputParameters":{"maxThroughputEverProvisioned":500,"maxConsumedStorageEverInKB":0},"isOfferReplacePendingForMerge":false},"id":"NCwJ","_rid":"NCwJ","_self":"offers\/NCwJ\/","_etag":"\"0000e901-0000-0700-0000-63bc2dcc0000\"","_ts":1673276876}'
    headers:
      cache-control:
      - no-store, no-cache
      content-location:
      - https://cliiiounvvpkjat-westus.documents.azure.com/offers/NCwJ/
      content-type:
      - application/json
      date:
      - Mon, 09 Jan 2023 15:07:55 GMT
      etag:
      - '"0000e901-0000-0700-0000-63bc2dcc0000"'
      lsn:
      - '10'
      pragma:
      - no-cache
      server:
      - Microsoft-HTTPAPI/2.0
      strict-transport-security:
      - max-age=31536000
      transfer-encoding:
      - chunked
      x-ms-activity-id:
      - 62df232e-8f4e-455c-a72d-2d01af480cc8
      x-ms-cosmos-llsn:
      - '10'
      x-ms-cosmos-quorum-acked-llsn:
      - '9'
      x-ms-current-replica-set-size:
      - '4'
      x-ms-current-write-quorum:
      - '3'
      x-ms-gatewayversion:
      - version=2.14.0
      x-ms-global-committed-lsn:
      - '9'
      x-ms-last-state-change-utc:
      - Fri, 06 Jan 2023 17:55:19.708 GMT
      x-ms-number-of-read-regions:
      - '0'
      x-ms-quorum-acked-lsn:
      - '9'
      x-ms-request-charge:
      - '9.9'
      x-ms-request-duration-ms:
      - '16.875'
      x-ms-schemaversion:
      - '1.14'
      x-ms-serviceversion:
      - version=2.14.0.0
      x-ms-session-token:
      - 0:-1#10
      x-ms-transport-request-id:
      - '1733926'
      x-ms-xp-role:
      - '1'
    status:
      code: 200
      message: Ok
- request:
    body: null
    headers:
      Accept:
      - application/json
      Accept-Encoding:
      - gzip, deflate
      CommandName:
      - cosmosdb collection update
      Connection:
      - keep-alive
      Content-Length:
      - '0'
      ParameterSetName:
      - --default-ttl -g -n -d -c
      User-Agent:
      - AZURECLI/2.44.0 azsdk-python-mgmt-cosmosdb/8.0.0 Python/3.10.8 (Linux-5.15.0-1023-azure-x86_64-with-glibc2.31)
        VSTS_7b238909-6802-4b65-b90d-184bca47f458_build_220_0
    method: POST
    uri: https://management.azure.com/subscriptions/00000000-0000-0000-0000-000000000000/resourceGroups/cli_test_cosmosdb_collection000001/providers/Microsoft.DocumentDB/databaseAccounts/cli000003/listKeys?api-version=2022-08-15
  response:
    body:
      string: '{"primaryMasterKey":"F8tKeIVLSeNkbPXMBNiLQ8SUSya2xFz4wEDCHm7q1FoU9TEg5pdcnj2YskRiq3f0TFzTLcwSmOsmACDbUqdSdw==","secondaryMasterKey":"9fDId9LtIj5j5IFVBD3LSiZgMUuqBd4WK9UoQm5gZ6Vxv70hF6Xe2yubIJXSVxkGhLUFVJr7bXkMACDbT6PIkw==","primaryReadonlyMasterKey":"oVIjSQAebTHKGKp9cYbEIO5S9WHAoiA2ZUprFmEZvLhkpyJkVaztMW2wjwFEJjLJ8VWtZ97qbKMzACDbwFO12w==","secondaryReadonlyMasterKey":"K0HWH8V1RpaXk0LxAkZAbNusV0e96ofFalmtTfUpkNi9C2GCK2hbUve0uU4l02VD90bKThr5iLq7ACDbJaficw=="}'
    headers:
      cache-control:
      - no-store, no-cache
      content-length:
      - '461'
      content-type:
      - application/json
      date:
      - Mon, 09 Jan 2023 15:07:55 GMT
      pragma:
      - no-cache
      server:
      - Microsoft-HTTPAPI/2.0
      strict-transport-security:
      - max-age=31536000; includeSubDomains
      transfer-encoding:
      - chunked
      vary:
      - Accept-Encoding
      x-content-type-options:
      - nosniff
      x-ms-gatewayversion:
      - version=2.14.0
      x-ms-ratelimit-remaining-subscription-resource-requests:
      - '149'
    status:
      code: 200
      message: Ok
- request:
    body: null
    headers:
      Accept:
      - application/json
      Accept-Encoding:
      - gzip, deflate
      CommandName:
      - cosmosdb collection update
      Connection:
      - keep-alive
      ParameterSetName:
      - --default-ttl -g -n -d -c
      User-Agent:
      - AZURECLI/2.44.0 azsdk-python-mgmt-cosmosdb/8.0.0 Python/3.10.8 (Linux-5.15.0-1023-azure-x86_64-with-glibc2.31)
        VSTS_7b238909-6802-4b65-b90d-184bca47f458_build_220_0
    method: GET
    uri: https://management.azure.com/subscriptions/00000000-0000-0000-0000-000000000000/resourceGroups/cli_test_cosmosdb_collection000001/providers/Microsoft.DocumentDB/databaseAccounts/cli000003?api-version=2022-08-15
  response:
    body:
      string: '{"id":"/subscriptions/00000000-0000-0000-0000-000000000000/resourceGroups/cli_test_cosmosdb_collection000001/providers/Microsoft.DocumentDB/databaseAccounts/cli000003","name":"cli000003","location":"West
        US","type":"Microsoft.DocumentDB/databaseAccounts","kind":"GlobalDocumentDB","tags":{},"systemData":{"createdAt":"2023-01-09T15:07:05.8557054Z"},"properties":{"provisioningState":"Succeeded","documentEndpoint":"https://cli000003.documents.azure.com:443/","publicNetworkAccess":"Enabled","enableAutomaticFailover":false,"enableMultipleWriteLocations":false,"enablePartitionKeyMonitor":false,"isVirtualNetworkFilterEnabled":false,"virtualNetworkRules":[],"EnabledApiTypes":"Sql","disableKeyBasedMetadataWriteAccess":false,"enableFreeTier":false,"enableAnalyticalStorage":false,"analyticalStorageConfiguration":{"schemaType":"WellDefined"},"instanceId":"6d867358-0b20-468b-a2e2-a4a6309321dc","databaseAccountOfferType":"Standard","defaultIdentity":"FirstPartyIdentity","networkAclBypass":"None","disableLocalAuth":false,"enablePartitionMerge":false,"consistencyPolicy":{"defaultConsistencyLevel":"Session","maxIntervalInSeconds":5,"maxStalenessPrefix":100},"configurationOverrides":{},"writeLocations":[{"id":"cli000003-westus","locationName":"West
        US","documentEndpoint":"https://cli000003-westus.documents.azure.com:443/","provisioningState":"Succeeded","failoverPriority":0,"isZoneRedundant":false}],"readLocations":[{"id":"cli000003-westus","locationName":"West
        US","documentEndpoint":"https://cli000003-westus.documents.azure.com:443/","provisioningState":"Succeeded","failoverPriority":0,"isZoneRedundant":false}],"locations":[{"id":"cli000003-westus","locationName":"West
        US","documentEndpoint":"https://cli000003-westus.documents.azure.com:443/","provisioningState":"Succeeded","failoverPriority":0,"isZoneRedundant":false}],"failoverPolicies":[{"id":"cli000003-westus","locationName":"West
        US","failoverPriority":0}],"cors":[],"capabilities":[],"ipRules":[],"backupPolicy":{"type":"Periodic","periodicModeProperties":{"backupIntervalInMinutes":240,"backupRetentionIntervalInHours":8,"backupStorageRedundancy":"Geo"}},"networkAclBypassResourceIds":[],"keysMetadata":{"primaryMasterKey":{"generationTime":"2023-01-09T15:07:05.8557054Z"},"secondaryMasterKey":{"generationTime":"2023-01-09T15:07:05.8557054Z"},"primaryReadonlyMasterKey":{"generationTime":"2023-01-09T15:07:05.8557054Z"},"secondaryReadonlyMasterKey":{"generationTime":"2023-01-09T15:07:05.8557054Z"}}},"identity":{"type":"None"}}'
    headers:
      cache-control:
      - no-store, no-cache
      content-length:
      - '2501'
      content-type:
      - application/json
      date:
      - Mon, 09 Jan 2023 15:07:56 GMT
      pragma:
      - no-cache
      server:
      - Microsoft-HTTPAPI/2.0
      strict-transport-security:
      - max-age=31536000; includeSubDomains
      transfer-encoding:
      - chunked
      vary:
      - Accept-Encoding
      x-content-type-options:
      - nosniff
      x-ms-gatewayversion:
      - version=2.14.0
    status:
      code: 200
      message: Ok
- request:
    body: null
    headers:
      Accept:
      - application/json
      Accept-Encoding:
      - gzip, deflate
      Cache-Control:
      - no-cache
      Connection:
      - keep-alive
      Content-Length:
      - '0'
      User-Agent:
      - Linux/5.15.0-1023-azure Python/3.10.8 azure-cosmos/3.1.2
      x-ms-consistency-level:
      - Session
      x-ms-date:
      - Mon, 09 Jan 2023 15:07:57 GMT
      x-ms-documentdb-query-iscontinuationexpected:
      - 'False'
      x-ms-session-token:
      - ''
      x-ms-version:
      - '2018-09-17'
    method: GET
    uri: https://cli000003.documents.azure.com/
  response:
    body:
      string: '{"_self":"","id":"cli000003","_rid":"cli000003.documents.azure.com","media":"//media/","addresses":"//addresses/","_dbs":"//dbs/","writableLocations":[{"name":"West
        US","databaseAccountEndpoint":"https://cli000003-westus.documents.azure.com:443/"}],"readableLocations":[{"name":"West
        US","databaseAccountEndpoint":"https://cli000003-westus.documents.azure.com:443/"}],"enableMultipleWriteLocations":false,"userReplicationPolicy":{"asyncReplication":false,"minReplicaSetSize":3,"maxReplicasetSize":4},"userConsistencyPolicy":{"defaultConsistencyLevel":"Session"},"systemReplicationPolicy":{"minReplicaSetSize":3,"maxReplicasetSize":4},"readPolicy":{"primaryReadCoefficient":1,"secondaryReadCoefficient":1},"queryEngineConfiguration":"{\"allowNewKeywords\":true,\"maxJoinsPerSqlQuery\":10,\"maxQueryRequestTimeoutFraction\":0.9,\"maxSqlQueryInputLength\":524288,\"maxUdfRefPerSqlQuery\":10,\"queryMaxInMemorySortDocumentCount\":-500,\"spatialMaxGeometryPointCount\":256,\"sqlAllowNonFiniteNumbers\":false,\"sqlDisableOptimizationFlags\":0,\"enableSpatialIndexing\":true,\"maxInExpressionItemsCount\":2147483647,\"maxLogicalAndPerSqlQuery\":2147483647,\"maxLogicalOrPerSqlQuery\":2147483647,\"maxSpatialQueryCells\":2147483647,\"sqlAllowAggregateFunctions\":true,\"sqlAllowGroupByClause\":true,\"sqlAllowLike\":true,\"sqlAllowSubQuery\":true,\"sqlAllowScalarSubQuery\":true,\"sqlAllowTop\":true}"}'
    headers:
      cache-control:
      - no-store, no-cache
      content-location:
      - https://cliiiounvvpkjat.documents.azure.com/
      content-type:
      - application/json
      date:
      - Mon, 09 Jan 2023 15:07:56 GMT
      pragma:
      - no-cache
      server:
      - Microsoft-HTTPAPI/2.0
      strict-transport-security:
      - max-age=31536000
      transfer-encoding:
      - chunked
      x-ms-databaseaccount-consumed-mb:
      - '0'
      x-ms-databaseaccount-provisioned-mb:
      - '0'
      x-ms-databaseaccount-reserved-mb:
      - '0'
      x-ms-gatewayversion:
      - version=2.14.0
      x-ms-max-media-storage-usage-mb:
      - '2048'
      x-ms-media-storage-usage-mb:
      - '0'
    status:
      code: 200
      message: Ok
- request:
    body: null
    headers:
      Accept:
      - application/json
      Accept-Encoding:
      - gzip, deflate
      Cache-Control:
      - no-cache
      Connection:
      - keep-alive
      Content-Length:
      - '0'
      User-Agent:
      - Linux/5.15.0-1023-azure Python/3.10.8 azure-cosmos/3.1.2 AZURECLI/2.44.0 VSTS_7b238909-6802-4b65-b90d-184bca47f458_build_220_0
      x-ms-consistency-level:
      - Session
      x-ms-date:
      - Mon, 09 Jan 2023 15:07:57 GMT
      x-ms-documentdb-query-iscontinuationexpected:
      - 'False'
      x-ms-version:
      - '2018-09-17'
    method: GET
    uri: https://cli000003-westus.documents.azure.com/dbs/cli000004/colls/cli000002/
  response:
    body:
      string: '{"id":"cli000002","indexingPolicy":{"indexingMode":"consistent","automatic":true,"includedPaths":[{"path":"\/*"}],"excludedPaths":[{"path":"\/\"_etag\"\/?"}]},"conflictResolutionPolicy":{"mode":"LastWriterWins","conflictResolutionPath":"\/_ts","conflictResolutionProcedure":""},"geospatialConfig":{"type":"Geography"},"_rid":"CCscAJP0jNY=","_ts":1673276865,"_self":"dbs\/CCscAA==\/colls\/CCscAJP0jNY=\/","_etag":"\"0000e501-0000-0700-0000-63bc2dc10000\"","_docs":"docs\/","_sprocs":"sprocs\/","_triggers":"triggers\/","_udfs":"udfs\/","_conflicts":"conflicts\/"}'
    headers:
      cache-control:
      - no-store, no-cache
      collection-partition-index:
      - '0'
      collection-service-index:
      - '0'
      content-location:
      - https://cliiiounvvpkjat-westus.documents.azure.com/dbs/clixyn5gjylequs/colls/clixn4xizhqwlyf/
      content-type:
      - application/json
      date:
      - Mon, 09 Jan 2023 15:07:57 GMT
      etag:
      - '"0000e501-0000-0700-0000-63bc2dc10000"'
      lsn:
      - '2'
      pragma:
      - no-cache
      server:
      - Microsoft-HTTPAPI/2.0
      strict-transport-security:
      - max-age=31536000
      transfer-encoding:
      - chunked
      x-ms-activity-id:
      - 05822560-7309-4ec5-8564-728d7fbcd7c7
      x-ms-alt-content-path:
      - dbs/clixyn5gjylequs
      x-ms-content-path:
      - CCscAA==
      x-ms-cosmos-item-llsn:
      - '1'
      x-ms-cosmos-llsn:
      - '2'
      x-ms-documentdb-collection-index-transformation-progress:
      - '100'
      x-ms-documentdb-partitionkeyrangeid:
      - '0'
      x-ms-gatewayversion:
      - version=2.14.0
      x-ms-global-committed-lsn:
      - '2'
      x-ms-item-lsn:
      - '1'
      x-ms-last-state-change-utc:
      - Mon, 09 Jan 2023 11:55:35.555 GMT
      x-ms-number-of-read-regions:
      - '0'
      x-ms-request-charge:
      - '1'
      x-ms-request-duration-ms:
      - '1.077'
      x-ms-resource-quota:
      - functions=50;storedProcedures=100;triggers=25;documentSize=10240;documentsSize=10485760;documentsCount=-1;collectionSize=10485760;
      x-ms-resource-usage:
      - functions=0;storedProcedures=0;triggers=0;documentSize=0;documentsSize=0;documentsCount=0;collectionSize=0;
      x-ms-schemaversion:
      - '1.14'
      x-ms-serviceversion:
      - version=2.14.0.0
      x-ms-session-token:
      - 0:-1#2
      x-ms-transport-request-id:
      - '2'
      x-ms-xp-role:
      - '1'
    status:
      code: 200
      message: Ok
- request:
    body: '{"id":"cli000002","indexingPolicy":{"indexingMode":"consistent","automatic":true,"includedPaths":[{"path":"/*"}],"excludedPaths":[{"path":"/\"_etag\"/?"}]},"conflictResolutionPolicy":{"mode":"LastWriterWins","conflictResolutionPath":"/_ts","conflictResolutionProcedure":""},"geospatialConfig":{"type":"Geography"},"_rid":"CCscAJP0jNY=","_ts":1673276865,"_self":"dbs/CCscAA==/colls/CCscAJP0jNY=/","_etag":"\"0000e501-0000-0700-0000-63bc2dc10000\"","_docs":"docs/","_sprocs":"sprocs/","_triggers":"triggers/","_udfs":"udfs/","_conflicts":"conflicts/","defaultTtl":1000}'
    headers:
      Accept:
      - application/json
      Accept-Encoding:
      - gzip, deflate
      Cache-Control:
      - no-cache
      Connection:
      - keep-alive
      Content-Length:
      - '567'
      Content-Type:
      - application/json
      User-Agent:
      - Linux/5.15.0-1023-azure Python/3.10.8 azure-cosmos/3.1.2 AZURECLI/2.44.0 VSTS_7b238909-6802-4b65-b90d-184bca47f458_build_220_0
      x-ms-consistency-level:
      - Session
      x-ms-date:
      - Mon, 09 Jan 2023 15:07:57 GMT
      x-ms-documentdb-query-iscontinuationexpected:
      - 'False'
      x-ms-version:
      - '2018-09-17'
    method: PUT
    uri: https://cli000003-westus.documents.azure.com/dbs/cli000004/colls/cli000002/
  response:
    body:
      string: '{"id":"cli000002","indexingPolicy":{"indexingMode":"consistent","automatic":true,"includedPaths":[{"path":"\/*"}],"excludedPaths":[{"path":"\/\"_etag\"\/?"}]},"defaultTtl":1000,"conflictResolutionPolicy":{"mode":"LastWriterWins","conflictResolutionPath":"\/_ts","conflictResolutionProcedure":""},"geospatialConfig":{"type":"Geography"},"_rid":"CCscAJP0jNY=","_ts":1673276878,"_self":"dbs\/CCscAA==\/colls\/CCscAJP0jNY=\/","_etag":"\"0000ea01-0000-0700-0000-63bc2dce0000\"","_docs":"docs\/","_sprocs":"sprocs\/","_triggers":"triggers\/","_udfs":"udfs\/","_conflicts":"conflicts\/"}'
    headers:
      cache-control:
      - no-store, no-cache
      collection-partition-index:
      - '0'
      collection-service-index:
      - '0'
      content-location:
      - https://cliiiounvvpkjat-westus.documents.azure.com/dbs/clixyn5gjylequs/colls/clixn4xizhqwlyf/
      content-type:
      - application/json
      date:
      - Mon, 09 Jan 2023 15:07:57 GMT
      etag:
      - '"0000ea01-0000-0700-0000-63bc2dce0000"'
      lsn:
      - '3'
      pragma:
      - no-cache
      server:
      - Microsoft-HTTPAPI/2.0
      strict-transport-security:
      - max-age=31536000
      transfer-encoding:
      - chunked
      x-ms-activity-id:
      - c00054cf-80f5-448c-ae34-c659e03aee09
      x-ms-alt-content-path:
      - dbs/clixyn5gjylequs
      x-ms-cosmos-llsn:
      - '3'
      x-ms-cosmos-quorum-acked-llsn:
      - '2'
      x-ms-current-replica-set-size:
      - '4'
      x-ms-current-write-quorum:
      - '3'
      x-ms-documentdb-partitionkeyrangeid:
      - '0'
      x-ms-gatewayversion:
      - version=2.14.0
      x-ms-global-committed-lsn:
      - '2'
      x-ms-last-state-change-utc:
      - Mon, 09 Jan 2023 11:55:15.487 GMT
      x-ms-number-of-read-regions:
      - '0'
      x-ms-quorum-acked-lsn:
      - '2'
      x-ms-request-charge:
      - '9.9'
      x-ms-request-duration-ms:
      - '8.818'
      x-ms-resource-quota:
      - functions=50;storedProcedures=100;triggers=25;documentSize=10240;documentsSize=10485760;documentsCount=-1;collectionSize=10485760;
      x-ms-resource-usage:
      - functions=0;storedProcedures=0;triggers=0;documentSize=0;documentsSize=0;documentsCount=0;collectionSize=0;
      x-ms-schemaversion:
      - '1.14'
      x-ms-serviceversion:
      - version=2.14.0.0
      x-ms-session-token:
      - 0:-1#3
      x-ms-transport-request-id:
      - '4'
      x-ms-xp-role:
      - '1'
    status:
      code: 200
      message: Ok
- request:
    body: null
    headers:
      Accept:
      - application/json
      Accept-Encoding:
      - gzip, deflate
      CommandName:
      - cosmosdb collection update
      Connection:
      - keep-alive
      Content-Length:
      - '0'
      ParameterSetName:
      - --default-ttl -g -n -d -c
      User-Agent:
      - AZURECLI/2.44.0 azsdk-python-mgmt-cosmosdb/8.0.0 Python/3.10.8 (Linux-5.15.0-1023-azure-x86_64-with-glibc2.31)
        VSTS_7b238909-6802-4b65-b90d-184bca47f458_build_220_0
    method: POST
    uri: https://management.azure.com/subscriptions/00000000-0000-0000-0000-000000000000/resourceGroups/cli_test_cosmosdb_collection000001/providers/Microsoft.DocumentDB/databaseAccounts/cli000003/listKeys?api-version=2022-08-15
  response:
    body:
      string: '{"primaryMasterKey":"F8tKeIVLSeNkbPXMBNiLQ8SUSya2xFz4wEDCHm7q1FoU9TEg5pdcnj2YskRiq3f0TFzTLcwSmOsmACDbUqdSdw==","secondaryMasterKey":"9fDId9LtIj5j5IFVBD3LSiZgMUuqBd4WK9UoQm5gZ6Vxv70hF6Xe2yubIJXSVxkGhLUFVJr7bXkMACDbT6PIkw==","primaryReadonlyMasterKey":"oVIjSQAebTHKGKp9cYbEIO5S9WHAoiA2ZUprFmEZvLhkpyJkVaztMW2wjwFEJjLJ8VWtZ97qbKMzACDbwFO12w==","secondaryReadonlyMasterKey":"K0HWH8V1RpaXk0LxAkZAbNusV0e96ofFalmtTfUpkNi9C2GCK2hbUve0uU4l02VD90bKThr5iLq7ACDbJaficw=="}'
    headers:
      cache-control:
      - no-store, no-cache
      content-length:
      - '461'
      content-type:
      - application/json
      date:
      - Mon, 09 Jan 2023 15:07:57 GMT
      pragma:
      - no-cache
      server:
      - Microsoft-HTTPAPI/2.0
      strict-transport-security:
      - max-age=31536000; includeSubDomains
      transfer-encoding:
      - chunked
      vary:
      - Accept-Encoding
      x-content-type-options:
      - nosniff
      x-ms-gatewayversion:
      - version=2.14.0
      x-ms-ratelimit-remaining-subscription-resource-requests:
      - '149'
    status:
      code: 200
      message: Ok
- request:
    body: null
    headers:
      Accept:
      - application/json
      Accept-Encoding:
      - gzip, deflate
      CommandName:
      - cosmosdb collection update
      Connection:
      - keep-alive
      ParameterSetName:
      - --default-ttl -g -n -d -c
      User-Agent:
      - AZURECLI/2.44.0 azsdk-python-mgmt-cosmosdb/8.0.0 Python/3.10.8 (Linux-5.15.0-1023-azure-x86_64-with-glibc2.31)
        VSTS_7b238909-6802-4b65-b90d-184bca47f458_build_220_0
    method: GET
    uri: https://management.azure.com/subscriptions/00000000-0000-0000-0000-000000000000/resourceGroups/cli_test_cosmosdb_collection000001/providers/Microsoft.DocumentDB/databaseAccounts/cli000003?api-version=2022-08-15
  response:
    body:
      string: '{"id":"/subscriptions/00000000-0000-0000-0000-000000000000/resourceGroups/cli_test_cosmosdb_collection000001/providers/Microsoft.DocumentDB/databaseAccounts/cli000003","name":"cli000003","location":"West
        US","type":"Microsoft.DocumentDB/databaseAccounts","kind":"GlobalDocumentDB","tags":{},"systemData":{"createdAt":"2023-01-09T15:07:05.8557054Z"},"properties":{"provisioningState":"Succeeded","documentEndpoint":"https://cli000003.documents.azure.com:443/","publicNetworkAccess":"Enabled","enableAutomaticFailover":false,"enableMultipleWriteLocations":false,"enablePartitionKeyMonitor":false,"isVirtualNetworkFilterEnabled":false,"virtualNetworkRules":[],"EnabledApiTypes":"Sql","disableKeyBasedMetadataWriteAccess":false,"enableFreeTier":false,"enableAnalyticalStorage":false,"analyticalStorageConfiguration":{"schemaType":"WellDefined"},"instanceId":"6d867358-0b20-468b-a2e2-a4a6309321dc","databaseAccountOfferType":"Standard","defaultIdentity":"FirstPartyIdentity","networkAclBypass":"None","disableLocalAuth":false,"enablePartitionMerge":false,"consistencyPolicy":{"defaultConsistencyLevel":"Session","maxIntervalInSeconds":5,"maxStalenessPrefix":100},"configurationOverrides":{},"writeLocations":[{"id":"cli000003-westus","locationName":"West
        US","documentEndpoint":"https://cli000003-westus.documents.azure.com:443/","provisioningState":"Succeeded","failoverPriority":0,"isZoneRedundant":false}],"readLocations":[{"id":"cli000003-westus","locationName":"West
        US","documentEndpoint":"https://cli000003-westus.documents.azure.com:443/","provisioningState":"Succeeded","failoverPriority":0,"isZoneRedundant":false}],"locations":[{"id":"cli000003-westus","locationName":"West
        US","documentEndpoint":"https://cli000003-westus.documents.azure.com:443/","provisioningState":"Succeeded","failoverPriority":0,"isZoneRedundant":false}],"failoverPolicies":[{"id":"cli000003-westus","locationName":"West
        US","failoverPriority":0}],"cors":[],"capabilities":[],"ipRules":[],"backupPolicy":{"type":"Periodic","periodicModeProperties":{"backupIntervalInMinutes":240,"backupRetentionIntervalInHours":8,"backupStorageRedundancy":"Geo"}},"networkAclBypassResourceIds":[],"keysMetadata":{"primaryMasterKey":{"generationTime":"2023-01-09T15:07:05.8557054Z"},"secondaryMasterKey":{"generationTime":"2023-01-09T15:07:05.8557054Z"},"primaryReadonlyMasterKey":{"generationTime":"2023-01-09T15:07:05.8557054Z"},"secondaryReadonlyMasterKey":{"generationTime":"2023-01-09T15:07:05.8557054Z"}}},"identity":{"type":"None"}}'
    headers:
      cache-control:
      - no-store, no-cache
      content-length:
      - '2501'
      content-type:
      - application/json
      date:
      - Mon, 09 Jan 2023 15:07:58 GMT
      pragma:
      - no-cache
      server:
      - Microsoft-HTTPAPI/2.0
      strict-transport-security:
      - max-age=31536000; includeSubDomains
      transfer-encoding:
      - chunked
      vary:
      - Accept-Encoding
      x-content-type-options:
      - nosniff
      x-ms-gatewayversion:
      - version=2.14.0
    status:
      code: 200
      message: Ok
- request:
    body: null
    headers:
      Accept:
      - application/json
      Accept-Encoding:
      - gzip, deflate
      Cache-Control:
      - no-cache
      Connection:
      - keep-alive
      Content-Length:
      - '0'
      User-Agent:
      - Linux/5.15.0-1023-azure Python/3.10.8 azure-cosmos/3.1.2
      x-ms-consistency-level:
      - Session
      x-ms-date:
      - Mon, 09 Jan 2023 15:07:58 GMT
      x-ms-documentdb-query-iscontinuationexpected:
      - 'False'
      x-ms-session-token:
      - ''
      x-ms-version:
      - '2018-09-17'
    method: GET
    uri: https://cli000003.documents.azure.com/
  response:
    body:
      string: '{"_self":"","id":"cli000003","_rid":"cli000003.documents.azure.com","media":"//media/","addresses":"//addresses/","_dbs":"//dbs/","writableLocations":[{"name":"West
        US","databaseAccountEndpoint":"https://cli000003-westus.documents.azure.com:443/"}],"readableLocations":[{"name":"West
        US","databaseAccountEndpoint":"https://cli000003-westus.documents.azure.com:443/"}],"enableMultipleWriteLocations":false,"userReplicationPolicy":{"asyncReplication":false,"minReplicaSetSize":3,"maxReplicasetSize":4},"userConsistencyPolicy":{"defaultConsistencyLevel":"Session"},"systemReplicationPolicy":{"minReplicaSetSize":3,"maxReplicasetSize":4},"readPolicy":{"primaryReadCoefficient":1,"secondaryReadCoefficient":1},"queryEngineConfiguration":"{\"allowNewKeywords\":true,\"maxJoinsPerSqlQuery\":10,\"maxQueryRequestTimeoutFraction\":0.9,\"maxSqlQueryInputLength\":524288,\"maxUdfRefPerSqlQuery\":10,\"queryMaxInMemorySortDocumentCount\":-500,\"spatialMaxGeometryPointCount\":256,\"sqlAllowNonFiniteNumbers\":false,\"sqlDisableOptimizationFlags\":0,\"enableSpatialIndexing\":true,\"maxInExpressionItemsCount\":2147483647,\"maxLogicalAndPerSqlQuery\":2147483647,\"maxLogicalOrPerSqlQuery\":2147483647,\"maxSpatialQueryCells\":2147483647,\"sqlAllowAggregateFunctions\":true,\"sqlAllowGroupByClause\":true,\"sqlAllowLike\":true,\"sqlAllowSubQuery\":true,\"sqlAllowScalarSubQuery\":true,\"sqlAllowTop\":true}"}'
    headers:
      cache-control:
      - no-store, no-cache
      content-location:
      - https://cliiiounvvpkjat.documents.azure.com/
      content-type:
      - application/json
      date:
      - Mon, 09 Jan 2023 15:07:58 GMT
      pragma:
      - no-cache
      server:
      - Microsoft-HTTPAPI/2.0
      strict-transport-security:
      - max-age=31536000
      transfer-encoding:
      - chunked
      x-ms-databaseaccount-consumed-mb:
      - '0'
      x-ms-databaseaccount-provisioned-mb:
      - '0'
      x-ms-databaseaccount-reserved-mb:
      - '0'
      x-ms-gatewayversion:
      - version=2.14.0
      x-ms-max-media-storage-usage-mb:
      - '2048'
      x-ms-media-storage-usage-mb:
      - '0'
    status:
      code: 200
      message: Ok
- request:
    body: null
    headers:
      Accept:
      - application/json
      Accept-Encoding:
      - gzip, deflate
      Cache-Control:
      - no-cache
      Connection:
      - keep-alive
      Content-Length:
      - '0'
      User-Agent:
      - Linux/5.15.0-1023-azure Python/3.10.8 azure-cosmos/3.1.2 AZURECLI/2.44.0 VSTS_7b238909-6802-4b65-b90d-184bca47f458_build_220_0
      x-ms-consistency-level:
      - Session
      x-ms-date:
      - Mon, 09 Jan 2023 15:07:59 GMT
      x-ms-documentdb-query-iscontinuationexpected:
      - 'False'
      x-ms-version:
      - '2018-09-17'
    method: GET
    uri: https://cli000003-westus.documents.azure.com/dbs/cli000004/colls/cli000002/
  response:
    body:
      string: '{"id":"cli000002","indexingPolicy":{"indexingMode":"consistent","automatic":true,"includedPaths":[{"path":"\/*"}],"excludedPaths":[{"path":"\/\"_etag\"\/?"}]},"defaultTtl":1000,"conflictResolutionPolicy":{"mode":"LastWriterWins","conflictResolutionPath":"\/_ts","conflictResolutionProcedure":""},"geospatialConfig":{"type":"Geography"},"_rid":"CCscAJP0jNY=","_ts":1673276878,"_self":"dbs\/CCscAA==\/colls\/CCscAJP0jNY=\/","_etag":"\"0000ea01-0000-0700-0000-63bc2dce0000\"","_docs":"docs\/","_sprocs":"sprocs\/","_triggers":"triggers\/","_udfs":"udfs\/","_conflicts":"conflicts\/"}'
    headers:
      cache-control:
      - no-store, no-cache
      collection-partition-index:
      - '0'
      collection-service-index:
      - '0'
      content-location:
      - https://cliiiounvvpkjat-westus.documents.azure.com/dbs/clixyn5gjylequs/colls/clixn4xizhqwlyf/
      content-type:
      - application/json
      date:
      - Mon, 09 Jan 2023 15:07:58 GMT
      etag:
      - '"0000ea01-0000-0700-0000-63bc2dce0000"'
      lsn:
      - '3'
      pragma:
      - no-cache
      server:
      - Microsoft-HTTPAPI/2.0
      strict-transport-security:
      - max-age=31536000
      transfer-encoding:
      - chunked
      x-ms-activity-id:
      - dfebbfa1-6840-4b7b-977f-e883475acafb
      x-ms-alt-content-path:
      - dbs/clixyn5gjylequs
      x-ms-content-path:
      - CCscAA==
      x-ms-cosmos-item-llsn:
      - '3'
      x-ms-cosmos-llsn:
      - '3'
      x-ms-documentdb-collection-index-transformation-progress:
      - '100'
      x-ms-documentdb-partitionkeyrangeid:
      - '0'
      x-ms-gatewayversion:
      - version=2.14.0
      x-ms-global-committed-lsn:
      - '3'
      x-ms-item-lsn:
      - '3'
      x-ms-last-state-change-utc:
      - Mon, 09 Jan 2023 11:55:32.868 GMT
      x-ms-number-of-read-regions:
      - '0'
      x-ms-request-charge:
      - '1'
      x-ms-request-duration-ms:
      - '0.538'
      x-ms-resource-quota:
      - functions=50;storedProcedures=100;triggers=25;documentSize=10240;documentsSize=10485760;documentsCount=-1;collectionSize=10485760;
      x-ms-resource-usage:
      - functions=0;storedProcedures=0;triggers=0;documentSize=0;documentsSize=0;documentsCount=0;collectionSize=0;
      x-ms-schemaversion:
      - '1.14'
      x-ms-serviceversion:
      - version=2.14.0.0
      x-ms-session-token:
      - 0:-1#3
      x-ms-transport-request-id:
      - '1'
      x-ms-xp-role:
      - '2'
    status:
      code: 200
      message: Ok
- request:
    body: '{"id":"cli000002","indexingPolicy":{"indexingMode":"consistent","automatic":true,"includedPaths":[{"path":"/*"}],"excludedPaths":[{"path":"/\"_etag\"/?"}]},"conflictResolutionPolicy":{"mode":"LastWriterWins","conflictResolutionPath":"/_ts","conflictResolutionProcedure":""},"geospatialConfig":{"type":"Geography"},"_rid":"CCscAJP0jNY=","_ts":1673276878,"_self":"dbs/CCscAA==/colls/CCscAJP0jNY=/","_etag":"\"0000ea01-0000-0700-0000-63bc2dce0000\"","_docs":"docs/","_sprocs":"sprocs/","_triggers":"triggers/","_udfs":"udfs/","_conflicts":"conflicts/"}'
    headers:
      Accept:
      - application/json
      Accept-Encoding:
      - gzip, deflate
      Cache-Control:
      - no-cache
      Connection:
      - keep-alive
      Content-Length:
      - '549'
      Content-Type:
      - application/json
      User-Agent:
      - Linux/5.15.0-1023-azure Python/3.10.8 azure-cosmos/3.1.2 AZURECLI/2.44.0 VSTS_7b238909-6802-4b65-b90d-184bca47f458_build_220_0
      x-ms-consistency-level:
      - Session
      x-ms-date:
      - Mon, 09 Jan 2023 15:07:59 GMT
      x-ms-documentdb-query-iscontinuationexpected:
      - 'False'
      x-ms-version:
      - '2018-09-17'
    method: PUT
    uri: https://cli000003-westus.documents.azure.com/dbs/cli000004/colls/cli000002/
  response:
    body:
      string: '{"id":"cli000002","indexingPolicy":{"indexingMode":"consistent","automatic":true,"includedPaths":[{"path":"\/*"}],"excludedPaths":[{"path":"\/\"_etag\"\/?"}]},"conflictResolutionPolicy":{"mode":"LastWriterWins","conflictResolutionPath":"\/_ts","conflictResolutionProcedure":""},"geospatialConfig":{"type":"Geography"},"_rid":"CCscAJP0jNY=","_ts":1673276879,"_self":"dbs\/CCscAA==\/colls\/CCscAJP0jNY=\/","_etag":"\"0000eb01-0000-0700-0000-63bc2dcf0000\"","_docs":"docs\/","_sprocs":"sprocs\/","_triggers":"triggers\/","_udfs":"udfs\/","_conflicts":"conflicts\/"}'
    headers:
      cache-control:
      - no-store, no-cache
      collection-partition-index:
      - '0'
      collection-service-index:
      - '0'
      content-location:
      - https://cliiiounvvpkjat-westus.documents.azure.com/dbs/clixyn5gjylequs/colls/clixn4xizhqwlyf/
      content-type:
      - application/json
      date:
      - Mon, 09 Jan 2023 15:07:58 GMT
      etag:
      - '"0000eb01-0000-0700-0000-63bc2dcf0000"'
      lsn:
      - '4'
      pragma:
      - no-cache
      server:
      - Microsoft-HTTPAPI/2.0
      strict-transport-security:
      - max-age=31536000
      transfer-encoding:
      - chunked
      x-ms-activity-id:
      - 2a8b5026-0da0-48f8-81a8-6d3b7f9e1543
      x-ms-alt-content-path:
      - dbs/clixyn5gjylequs
      x-ms-cosmos-llsn:
      - '4'
      x-ms-cosmos-quorum-acked-llsn:
      - '3'
      x-ms-current-replica-set-size:
      - '4'
      x-ms-current-write-quorum:
      - '3'
      x-ms-documentdb-partitionkeyrangeid:
      - '0'
      x-ms-gatewayversion:
      - version=2.14.0
      x-ms-global-committed-lsn:
      - '3'
      x-ms-last-state-change-utc:
      - Mon, 09 Jan 2023 11:55:15.487 GMT
      x-ms-number-of-read-regions:
      - '0'
      x-ms-quorum-acked-lsn:
      - '3'
      x-ms-request-charge:
      - '9.9'
      x-ms-request-duration-ms:
      - '8.528'
      x-ms-resource-quota:
      - functions=50;storedProcedures=100;triggers=25;documentSize=10240;documentsSize=10485760;documentsCount=-1;collectionSize=10485760;
      x-ms-resource-usage:
      - functions=0;storedProcedures=0;triggers=0;documentSize=0;documentsSize=0;documentsCount=0;collectionSize=0;
      x-ms-schemaversion:
      - '1.14'
      x-ms-serviceversion:
      - version=2.14.0.0
      x-ms-session-token:
      - 0:-1#4
      x-ms-transport-request-id:
      - '1'
      x-ms-xp-role:
      - '1'
    status:
      code: 200
      message: Ok
- request:
    body: null
    headers:
      Accept:
      - application/json
      Accept-Encoding:
      - gzip, deflate
      CommandName:
      - cosmosdb collection delete
      Connection:
      - keep-alive
      Content-Length:
      - '0'
      ParameterSetName:
      - -g -n -d -c --yes
      User-Agent:
      - AZURECLI/2.44.0 azsdk-python-mgmt-cosmosdb/8.0.0 Python/3.10.8 (Linux-5.15.0-1023-azure-x86_64-with-glibc2.31)
        VSTS_7b238909-6802-4b65-b90d-184bca47f458_build_220_0
    method: POST
    uri: https://management.azure.com/subscriptions/00000000-0000-0000-0000-000000000000/resourceGroups/cli_test_cosmosdb_collection000001/providers/Microsoft.DocumentDB/databaseAccounts/cli000003/listKeys?api-version=2022-08-15
  response:
    body:
      string: '{"primaryMasterKey":"F8tKeIVLSeNkbPXMBNiLQ8SUSya2xFz4wEDCHm7q1FoU9TEg5pdcnj2YskRiq3f0TFzTLcwSmOsmACDbUqdSdw==","secondaryMasterKey":"9fDId9LtIj5j5IFVBD3LSiZgMUuqBd4WK9UoQm5gZ6Vxv70hF6Xe2yubIJXSVxkGhLUFVJr7bXkMACDbT6PIkw==","primaryReadonlyMasterKey":"oVIjSQAebTHKGKp9cYbEIO5S9WHAoiA2ZUprFmEZvLhkpyJkVaztMW2wjwFEJjLJ8VWtZ97qbKMzACDbwFO12w==","secondaryReadonlyMasterKey":"K0HWH8V1RpaXk0LxAkZAbNusV0e96ofFalmtTfUpkNi9C2GCK2hbUve0uU4l02VD90bKThr5iLq7ACDbJaficw=="}'
    headers:
      cache-control:
      - no-store, no-cache
      content-length:
      - '461'
      content-type:
      - application/json
      date:
      - Mon, 09 Jan 2023 15:08:00 GMT
      pragma:
      - no-cache
      server:
      - Microsoft-HTTPAPI/2.0
      strict-transport-security:
      - max-age=31536000; includeSubDomains
      transfer-encoding:
      - chunked
      vary:
      - Accept-Encoding
      x-content-type-options:
      - nosniff
      x-ms-gatewayversion:
      - version=2.14.0
      x-ms-ratelimit-remaining-subscription-resource-requests:
      - '149'
    status:
      code: 200
      message: Ok
- request:
    body: null
    headers:
      Accept:
      - application/json
      Accept-Encoding:
      - gzip, deflate
      CommandName:
      - cosmosdb collection delete
      Connection:
      - keep-alive
      ParameterSetName:
      - -g -n -d -c --yes
      User-Agent:
      - AZURECLI/2.44.0 azsdk-python-mgmt-cosmosdb/8.0.0 Python/3.10.8 (Linux-5.15.0-1023-azure-x86_64-with-glibc2.31)
        VSTS_7b238909-6802-4b65-b90d-184bca47f458_build_220_0
    method: GET
    uri: https://management.azure.com/subscriptions/00000000-0000-0000-0000-000000000000/resourceGroups/cli_test_cosmosdb_collection000001/providers/Microsoft.DocumentDB/databaseAccounts/cli000003?api-version=2022-08-15
  response:
    body:
      string: '{"id":"/subscriptions/00000000-0000-0000-0000-000000000000/resourceGroups/cli_test_cosmosdb_collection000001/providers/Microsoft.DocumentDB/databaseAccounts/cli000003","name":"cli000003","location":"West
        US","type":"Microsoft.DocumentDB/databaseAccounts","kind":"GlobalDocumentDB","tags":{},"systemData":{"createdAt":"2023-01-09T15:07:05.8557054Z"},"properties":{"provisioningState":"Succeeded","documentEndpoint":"https://cli000003.documents.azure.com:443/","publicNetworkAccess":"Enabled","enableAutomaticFailover":false,"enableMultipleWriteLocations":false,"enablePartitionKeyMonitor":false,"isVirtualNetworkFilterEnabled":false,"virtualNetworkRules":[],"EnabledApiTypes":"Sql","disableKeyBasedMetadataWriteAccess":false,"enableFreeTier":false,"enableAnalyticalStorage":false,"analyticalStorageConfiguration":{"schemaType":"WellDefined"},"instanceId":"6d867358-0b20-468b-a2e2-a4a6309321dc","databaseAccountOfferType":"Standard","defaultIdentity":"FirstPartyIdentity","networkAclBypass":"None","disableLocalAuth":false,"enablePartitionMerge":false,"consistencyPolicy":{"defaultConsistencyLevel":"Session","maxIntervalInSeconds":5,"maxStalenessPrefix":100},"configurationOverrides":{},"writeLocations":[{"id":"cli000003-westus","locationName":"West
        US","documentEndpoint":"https://cli000003-westus.documents.azure.com:443/","provisioningState":"Succeeded","failoverPriority":0,"isZoneRedundant":false}],"readLocations":[{"id":"cli000003-westus","locationName":"West
        US","documentEndpoint":"https://cli000003-westus.documents.azure.com:443/","provisioningState":"Succeeded","failoverPriority":0,"isZoneRedundant":false}],"locations":[{"id":"cli000003-westus","locationName":"West
        US","documentEndpoint":"https://cli000003-westus.documents.azure.com:443/","provisioningState":"Succeeded","failoverPriority":0,"isZoneRedundant":false}],"failoverPolicies":[{"id":"cli000003-westus","locationName":"West
        US","failoverPriority":0}],"cors":[],"capabilities":[],"ipRules":[],"backupPolicy":{"type":"Periodic","periodicModeProperties":{"backupIntervalInMinutes":240,"backupRetentionIntervalInHours":8,"backupStorageRedundancy":"Geo"}},"networkAclBypassResourceIds":[],"keysMetadata":{"primaryMasterKey":{"generationTime":"2023-01-09T15:07:05.8557054Z"},"secondaryMasterKey":{"generationTime":"2023-01-09T15:07:05.8557054Z"},"primaryReadonlyMasterKey":{"generationTime":"2023-01-09T15:07:05.8557054Z"},"secondaryReadonlyMasterKey":{"generationTime":"2023-01-09T15:07:05.8557054Z"}}},"identity":{"type":"None"}}'
    headers:
      cache-control:
      - no-store, no-cache
      content-length:
      - '2501'
      content-type:
      - application/json
      date:
      - Mon, 09 Jan 2023 15:08:00 GMT
      pragma:
      - no-cache
      server:
      - Microsoft-HTTPAPI/2.0
      strict-transport-security:
      - max-age=31536000; includeSubDomains
      transfer-encoding:
      - chunked
      vary:
      - Accept-Encoding
      x-content-type-options:
      - nosniff
      x-ms-gatewayversion:
      - version=2.14.0
    status:
      code: 200
      message: Ok
- request:
    body: null
    headers:
      Accept:
      - application/json
      Accept-Encoding:
      - gzip, deflate
      Cache-Control:
      - no-cache
      Connection:
      - keep-alive
      Content-Length:
      - '0'
      User-Agent:
      - Linux/5.15.0-1023-azure Python/3.10.8 azure-cosmos/3.1.2
      x-ms-consistency-level:
      - Session
      x-ms-date:
      - Mon, 09 Jan 2023 15:08:00 GMT
      x-ms-documentdb-query-iscontinuationexpected:
      - 'False'
      x-ms-session-token:
      - ''
      x-ms-version:
      - '2018-09-17'
    method: GET
    uri: https://cli000003.documents.azure.com/
  response:
    body:
      string: '{"_self":"","id":"cli000003","_rid":"cli000003.documents.azure.com","media":"//media/","addresses":"//addresses/","_dbs":"//dbs/","writableLocations":[{"name":"West
        US","databaseAccountEndpoint":"https://cli000003-westus.documents.azure.com:443/"}],"readableLocations":[{"name":"West
        US","databaseAccountEndpoint":"https://cli000003-westus.documents.azure.com:443/"}],"enableMultipleWriteLocations":false,"userReplicationPolicy":{"asyncReplication":false,"minReplicaSetSize":3,"maxReplicasetSize":4},"userConsistencyPolicy":{"defaultConsistencyLevel":"Session"},"systemReplicationPolicy":{"minReplicaSetSize":3,"maxReplicasetSize":4},"readPolicy":{"primaryReadCoefficient":1,"secondaryReadCoefficient":1},"queryEngineConfiguration":"{\"allowNewKeywords\":true,\"maxJoinsPerSqlQuery\":10,\"maxQueryRequestTimeoutFraction\":0.9,\"maxSqlQueryInputLength\":524288,\"maxUdfRefPerSqlQuery\":10,\"queryMaxInMemorySortDocumentCount\":-500,\"spatialMaxGeometryPointCount\":256,\"sqlAllowNonFiniteNumbers\":false,\"sqlDisableOptimizationFlags\":0,\"enableSpatialIndexing\":true,\"maxInExpressionItemsCount\":2147483647,\"maxLogicalAndPerSqlQuery\":2147483647,\"maxLogicalOrPerSqlQuery\":2147483647,\"maxSpatialQueryCells\":2147483647,\"sqlAllowAggregateFunctions\":true,\"sqlAllowGroupByClause\":true,\"sqlAllowLike\":true,\"sqlAllowSubQuery\":true,\"sqlAllowScalarSubQuery\":true,\"sqlAllowTop\":true}"}'
    headers:
      cache-control:
      - no-store, no-cache
      content-location:
      - https://cliiiounvvpkjat.documents.azure.com/
      content-type:
      - application/json
      date:
      - Mon, 09 Jan 2023 15:08:00 GMT
      pragma:
      - no-cache
      server:
      - Microsoft-HTTPAPI/2.0
      strict-transport-security:
      - max-age=31536000
      transfer-encoding:
      - chunked
      x-ms-databaseaccount-consumed-mb:
      - '0'
      x-ms-databaseaccount-provisioned-mb:
      - '0'
      x-ms-databaseaccount-reserved-mb:
      - '0'
      x-ms-gatewayversion:
      - version=2.14.0
      x-ms-max-media-storage-usage-mb:
      - '2048'
      x-ms-media-storage-usage-mb:
      - '0'
    status:
      code: 200
      message: Ok
- request:
    body: null
    headers:
      Accept:
      - application/json
      Accept-Encoding:
      - gzip, deflate
      Cache-Control:
      - no-cache
      Connection:
      - keep-alive
      Content-Length:
      - '0'
      User-Agent:
      - Linux/5.15.0-1023-azure Python/3.10.8 azure-cosmos/3.1.2 AZURECLI/2.44.0 VSTS_7b238909-6802-4b65-b90d-184bca47f458_build_220_0
      x-ms-consistency-level:
      - Session
      x-ms-date:
      - Mon, 09 Jan 2023 15:08:01 GMT
      x-ms-documentdb-query-iscontinuationexpected:
      - 'False'
      x-ms-version:
      - '2018-09-17'
    method: DELETE
    uri: https://cli000003-westus.documents.azure.com/dbs/cli000004/colls/cli000002/
  response:
    body:
      string: ''
    headers:
      cache-control:
      - no-store, no-cache
      collection-partition-index:
      - '0'
      collection-service-index:
      - '0'
      content-length:
      - '0'
      content-location:
      - https://cliiiounvvpkjat-westus.documents.azure.com/dbs/clixyn5gjylequs/colls/clixn4xizhqwlyf/
      content-type:
      - application/json
      date:
      - Mon, 09 Jan 2023 15:08:01 GMT
      lsn:
      - '13'
      pragma:
      - no-cache
      server:
      - Microsoft-HTTPAPI/2.0
      strict-transport-security:
      - max-age=31536000
      x-ms-activity-id:
      - f0f7b805-bde1-4a7e-ada0-41ccd7a0e79f
      x-ms-alt-content-path:
      - dbs/clixyn5gjylequs
      x-ms-cosmos-llsn:
      - '13'
      x-ms-cosmos-quorum-acked-llsn:
      - '12'
      x-ms-current-replica-set-size:
      - '4'
      x-ms-current-write-quorum:
      - '3'
      x-ms-gatewayversion:
      - version=2.14.0
      x-ms-global-committed-lsn:
      - '12'
      x-ms-last-state-change-utc:
      - Fri, 06 Jan 2023 17:55:19.708 GMT
      x-ms-number-of-read-regions:
      - '0'
      x-ms-quorum-acked-lsn:
      - '12'
      x-ms-request-charge:
      - '4.95'
      x-ms-request-duration-ms:
      - '23.353'
      x-ms-resource-quota:
      - collections=5000;
      x-ms-resource-usage:
      - collections=1;
      x-ms-schemaversion:
      - '1.14'
      x-ms-serviceversion:
      - version=2.14.0.0
      x-ms-session-token:
      - 0:-1#13
      x-ms-transport-request-id:
      - '1332544'
      x-ms-xp-role:
      - '1'
    status:
      code: 204
      message: No Content
version: 1
