interactions:
- request:
    body: null
    headers:
      Accept:
      - application/json
      Accept-Encoding:
      - gzip, deflate
      CommandName:
      - keyvault create
      Connection:
      - keep-alive
      ParameterSetName:
      - --resource-group -n --enable-soft-delete --enable-purge-protection
      User-Agent:
      - python/3.8.2 (Windows-10-10.0.18362-SP0) msrest/0.6.11 msrest_azure/0.6.2
        azure-mgmt-resource/8.0.1 Azure-SDK-For-Python AZURECLI/2.1.0
      accept-language:
      - en-US
    method: GET
    uri: https://management.azure.com/subscriptions/00000000-0000-0000-0000-000000000000/resourcegroups/cli_test_cosmosdb_key_vault_key_uri000001?api-version=2019-07-01
  response:
    body:
      string: '{"id":"/subscriptions/00000000-0000-0000-0000-000000000000/resourceGroups/cli_test_cosmosdb_key_vault_key_uri000001","name":"cli_test_cosmosdb_key_vault_key_uri000001","type":"Microsoft.Resources/resourceGroups","location":"westus","tags":{"product":"azurecli","cause":"automation","date":"2020-03-05T03:22:00Z"},"properties":{"provisioningState":"Succeeded"}}'
    headers:
      cache-control:
      - no-cache
      content-length:
      - '428'
      content-type:
      - application/json; charset=utf-8
      date:
      - Thu, 05 Mar 2020 03:22:05 GMT
      expires:
      - '-1'
      pragma:
      - no-cache
      strict-transport-security:
      - max-age=31536000; includeSubDomains
      vary:
      - Accept-Encoding
      x-content-type-options:
      - nosniff
    status:
      code: 200
      message: OK
- request:
    body: null
    headers:
      Accept:
      - application/json
      Accept-Encoding:
      - gzip, deflate
      Connection:
      - keep-alive
      User-Agent:
      - python/3.8.2 (Windows-10-10.0.18362-SP0) msrest/0.6.11 msrest_azure/0.6.2
        azure-graphrbac/0.60.0 Azure-SDK-For-Python
      accept-language:
      - en-US
    method: GET
    uri: https://graph.windows.net/00000000-0000-0000-0000-000000000000/me?api-version=1.6
  response:
    body:
      string: '{"odata.metadata":"https://graph.windows.net/00000000-0000-0000-0000-000000000000/$metadata#directoryObjects/@Element","odata.type":"Microsoft.DirectoryServices.User","objectType":"User","objectId":"feb99c1a-6272-4966-8240-05442405ab09","deletionTimestamp":null,"accountEnabled":true,"ageGroup":null,"assignedLicenses":[{"disabledPlans":["2f442157-a11c-46b9-ae5b-6e39ff4e5849","c4801e8a-cb58-4c35-aca6-f2dcc106f287","0898bdbb-73b0-471a-81e5-20f1fe4dd66e","617b097b-4b93-4ede-83de-5f075bb5fb2f","33c4f319-9bdd-48d6-9c4d-410b750a4a5a","8e0c0a52-6a6c-4d40-8370-dd62790dcd70","4828c8ec-dc2e-4779-b502-87ac9ce28ab7","3e26ee1f-8a5f-4d52-aee2-b81ce45c8f40"],"skuId":"c7df2760-2c81-4ef7-b578-5b5392b571df"},{"disabledPlans":["39b5c996-467e-4e60-bd62-46066f572726"],"skuId":"90d8b3f8-712e-4f7b-aa1e-62e7ae6cbe96"},{"disabledPlans":["e95bec33-7c88-4a70-8e19-b10bd9d0c014","5dbe027f-2339-4123-9542-606e4d348a72"],"skuId":"09015f9f-377f-4538-bbb5-f75ceb09358a"},{"disabledPlans":[],"skuId":"dcb1a3ae-b33f-4487-846a-a640262fadf4"},{"disabledPlans":[],"skuId":"c5928f49-12ba-48f7-ada3-0d743a3601d5"},{"disabledPlans":[],"skuId":"26a18e8f-4d14-46f8-835a-ed3ba424a961"},{"disabledPlans":[],"skuId":"412ce1a7-a499-41b3-8eb6-b38f2bbc5c3f"},{"disabledPlans":[],"skuId":"b05e124f-c7cc-45a0-a6aa-8cf78c946968"},{"disabledPlans":[],"skuId":"488ba24a-39a9-4473-8ee5-19291e71b002"},{"disabledPlans":["0b03f40b-c404-40c3-8651-2aceb74365fa","b650d915-9886-424b-a08d-633cede56f57","e95bec33-7c88-4a70-8e19-b10bd9d0c014","5dbe027f-2339-4123-9542-606e4d348a72","fe71d6c3-a2ea-4499-9778-da042bf08063","fafd7243-e5c1-4a3a-9e40-495efcb1d3c3"],"skuId":"ea126fc5-a19e-42e2-a731-da9d437bffcf"}],"assignedPlans":[{"assignedTimestamp":"2019-11-25T07:28:22Z","capabilityStatus":"Enabled","service":"SharePoint","servicePlanId":"fe71d6c3-a2ea-4499-9778-da042bf08063"},{"assignedTimestamp":"2019-11-25T07:28:22Z","capabilityStatus":"Enabled","service":"SharePoint","servicePlanId":"e95bec33-7c88-4a70-8e19-b10bd9d0c014"},{"assignedTimestamp":"2019-11-25T07:28:22Z","capabilityStatus":"Enabled","service":"SharePoint","servicePlanId":"5dbe027f-2339-4123-9542-606e4d348a72"},{"assignedTimestamp":"2019-11-25T07:28:22Z","capabilityStatus":"Enabled","service":"MicrosoftOffice","servicePlanId":"fafd7243-e5c1-4a3a-9e40-495efcb1d3c3"},{"assignedTimestamp":"2019-11-05T01:29:00Z","capabilityStatus":"Enabled","service":"WhiteboardServices","servicePlanId":"4a51bca5-1eff-43f5-878c-177680f191af"},{"assignedTimestamp":"2019-10-15T18:18:33Z","capabilityStatus":"Enabled","service":"exchange","servicePlanId":"5136a095-5cf0-4aff-bec3-e84448b38ea5"},{"assignedTimestamp":"2019-10-15T18:18:33Z","capabilityStatus":"Enabled","service":"exchange","servicePlanId":"efb0351d-3b08-4503-993d-383af8de41e3"},{"assignedTimestamp":"2019-08-09T01:07:10Z","capabilityStatus":"Enabled","service":"MicrosoftFormsProTest","servicePlanId":"97f29a83-1a20-44ff-bf48-5e4ad11f3e51"},{"assignedTimestamp":"2019-05-24T14:20:07Z","capabilityStatus":"Enabled","service":"DYN365AISERVICEINSIGHTS","servicePlanId":"1412cdc1-d593-4ad1-9050-40c30ad0b023"},{"assignedTimestamp":"2019-05-10T08:39:17Z","capabilityStatus":"Enabled","service":"exchange","servicePlanId":"199a5c09-e0ca-4e37-8f7c-b05d533e1ea2"},{"assignedTimestamp":"2019-04-07T04:14:41Z","capabilityStatus":"Enabled","service":"ProjectProgramsAndPortfolios","servicePlanId":"818523f5-016b-4355-9be8-ed6944946ea7"},{"assignedTimestamp":"2019-04-07T04:14:41Z","capabilityStatus":"Enabled","service":"ProcessSimple","servicePlanId":"fa200448-008c-4acb-abd4-ea106ed2199d"},{"assignedTimestamp":"2019-04-07T04:14:41Z","capabilityStatus":"Enabled","service":"CRM","servicePlanId":"50554c47-71d9-49fd-bc54-42a2765c555c"},{"assignedTimestamp":"2018-12-02T21:46:33Z","capabilityStatus":"Enabled","service":"exchange","servicePlanId":"b1188c4c-1b36-4018-b48b-ee07604f6feb"},{"assignedTimestamp":"2018-09-06T22:56:58Z","capabilityStatus":"Enabled","service":"ProcessSimple","servicePlanId":"50e68c76-46c6-4674-81f9-75456511b170"},{"assignedTimestamp":"2018-09-06T22:56:58Z","capabilityStatus":"Enabled","service":"ProcessSimple","servicePlanId":"d20bfa21-e9ae-43fc-93c2-20783f0840c3"},{"assignedTimestamp":"2018-09-06T22:56:58Z","capabilityStatus":"Enabled","service":"PowerAppsService","servicePlanId":"d5368ca3-357e-4acb-9c21-8495fb025d1f"},{"assignedTimestamp":"2018-09-06T22:56:58Z","capabilityStatus":"Enabled","service":"CRM","servicePlanId":"17ab22cd-a0b3-4536-910a-cb6eb12696c0"},{"assignedTimestamp":"2018-09-06T22:46:44Z","capabilityStatus":"Enabled","service":"OfficeForms","servicePlanId":"e212cbc7-0961-4c40-9825-01117710dcb1"},{"assignedTimestamp":"2018-09-01T04:14:18Z","capabilityStatus":"Enabled","service":"Sway","servicePlanId":"a23b959c-7ce8-4e57-9140-b90eb88a9e97"},{"assignedTimestamp":"2018-09-01T04:14:18Z","capabilityStatus":"Deleted","service":"OfficeForms","servicePlanId":"159f4cd6-e380-449f-a816-af1a9ef76344"},{"assignedTimestamp":"2018-08-17T01:15:38Z","capabilityStatus":"Enabled","service":"Deskless","servicePlanId":"8c7d2df8-86f0-4902-b2ed-a0458298f3b3"},{"assignedTimestamp":"2018-08-17T01:15:38Z","capabilityStatus":"Enabled","service":"To-Do","servicePlanId":"3fb82609-8c27-4f7b-bd51-30634711ee67"},{"assignedTimestamp":"2018-07-12T22:44:45Z","capabilityStatus":"Enabled","service":"SharePoint","servicePlanId":"2bdbaf8f-738f-4ac7-9234-3c3ee2ce7d0f"},{"assignedTimestamp":"2018-07-12T22:44:45Z","capabilityStatus":"Enabled","service":"MicrosoftOffice","servicePlanId":"663a804f-1c30-4ff0-9915-9db84f0d1cea"},{"assignedTimestamp":"2018-07-12T22:44:45Z","capabilityStatus":"Enabled","service":"SharePoint","servicePlanId":"da792a53-cbc0-4184-a10d-e544dd34b3c1"},{"assignedTimestamp":"2018-06-12T22:27:53Z","capabilityStatus":"Enabled","service":"MicrosoftCommunicationsOnline","servicePlanId":"018fb91e-cee3-418c-9063-d7562978bdaf"},{"assignedTimestamp":"2018-06-12T22:27:52Z","capabilityStatus":"Enabled","service":"MicrosoftCommunicationsOnline","servicePlanId":"ca4be917-fbce-4b52-839e-6647467a1668"},{"assignedTimestamp":"2018-06-06T07:23:58Z","capabilityStatus":"Enabled","service":"AADPremiumService","servicePlanId":"41781fb2-bc02-4b7c-bd55-b576c07bb09d"},{"assignedTimestamp":"2018-06-06T07:23:58Z","capabilityStatus":"Enabled","service":"AADPremiumService","servicePlanId":"eec0eb4f-6444-4f95-aba0-50c24d67f998"},{"assignedTimestamp":"2018-06-06T07:23:58Z","capabilityStatus":"Enabled","service":"SCO","servicePlanId":"c1ec4a95-1f05-45b3-a911-aa3fa01094f5"},{"assignedTimestamp":"2018-06-06T07:23:58Z","capabilityStatus":"Enabled","service":"AzureAdvancedThreatAnalytics","servicePlanId":"14ab5db5-e6c4-4b20-b4bc-13e36fd2227f"},{"assignedTimestamp":"2018-06-06T07:23:58Z","capabilityStatus":"Enabled","service":"RMSOnline","servicePlanId":"6c57d4b6-3b23-47a5-9bc9-69f17b4947b3"},{"assignedTimestamp":"2018-06-06T07:23:58Z","capabilityStatus":"Enabled","service":"MultiFactorService","servicePlanId":"8a256a2b-b617-496d-b51b-e76466e88db0"},{"assignedTimestamp":"2018-06-06T07:23:58Z","capabilityStatus":"Enabled","service":"RMSOnline","servicePlanId":"5689bec4-755d-4753-8b61-40975025187c"},{"assignedTimestamp":"2018-06-06T07:23:58Z","capabilityStatus":"Enabled","service":"Adallom","servicePlanId":"2e2ddb96-6af9-4b1d-a3f0-d6ecfd22edb2"},{"assignedTimestamp":"2018-06-05T19:31:29Z","capabilityStatus":"Enabled","service":"WindowsDefenderATP","servicePlanId":"871d91ec-ec1a-452b-a83f-bd76c7d770ef"},{"assignedTimestamp":"2018-06-05T19:31:29Z","capabilityStatus":"Enabled","service":"Windows","servicePlanId":"e7c91390-7625-45be-94e0-e16907e03118"},{"assignedTimestamp":"2018-06-05T19:31:28Z","capabilityStatus":"Enabled","service":"Netbreeze","servicePlanId":"03acaee3-9492-4f40-aed4-bcb6b32981b6"},{"assignedTimestamp":"2018-06-05T19:31:28Z","capabilityStatus":"Enabled","service":"CRM","servicePlanId":"d56f3deb-50d8-465a-bedb-f079817ccac1"},{"assignedTimestamp":"2018-06-02T17:16:19Z","capabilityStatus":"Enabled","service":"exchange","servicePlanId":"9f431833-0334-42de-a7dc-70aa40db46db"},{"assignedTimestamp":"2018-06-02T17:16:19Z","capabilityStatus":"Enabled","service":"MicrosoftCommunicationsOnline","servicePlanId":"0feaeb32-d00e-4d66-bd5a-43b5b83db82c"},{"assignedTimestamp":"2018-06-02T17:16:19Z","capabilityStatus":"Enabled","service":"ProcessSimple","servicePlanId":"07699545-9485-468e-95b6-2fca3738be01"},{"assignedTimestamp":"2018-06-02T17:16:19Z","capabilityStatus":"Enabled","service":"Adallom","servicePlanId":"8c098270-9dd4-4350-9b30-ba4703f3b36b"},{"assignedTimestamp":"2018-06-02T17:16:19Z","capabilityStatus":"Enabled","service":"MicrosoftStream","servicePlanId":"6c6042f5-6f01-4d67-b8c1-eb99d36eed3e"},{"assignedTimestamp":"2018-06-02T17:16:19Z","capabilityStatus":"Enabled","service":"PowerBI","servicePlanId":"70d33638-9c74-4d01-bfd3-562de28bd4ba"},{"assignedTimestamp":"2018-06-02T17:16:19Z","capabilityStatus":"Enabled","service":"ProjectWorkManagement","servicePlanId":"b737dad2-2f6c-4c65-90e3-ca563267e8b9"},{"assignedTimestamp":"2018-06-02T17:16:19Z","capabilityStatus":"Enabled","service":"RMSOnline","servicePlanId":"bea4c11e-220a-4e6d-8eb8-8ea15d019f90"},{"assignedTimestamp":"2018-06-02T17:16:19Z","capabilityStatus":"Enabled","service":"exchange","servicePlanId":"efb87545-963c-4e0d-99df-69c6916d9eb0"},{"assignedTimestamp":"2018-06-02T17:16:19Z","capabilityStatus":"Enabled","service":"exchange","servicePlanId":"4de31727-a228-4ec3-a5bf-8e45b5ca48cc"},{"assignedTimestamp":"2018-06-02T17:16:19Z","capabilityStatus":"Enabled","service":"TeamspaceAPI","servicePlanId":"57ff2da0-773e-42df-b2af-ffb7a2317929"},{"assignedTimestamp":"2018-06-02T17:16:19Z","capabilityStatus":"Enabled","service":"PowerAppsService","servicePlanId":"9c0dab89-a30c-4117-86e7-97bda240acd2"},{"assignedTimestamp":"2018-06-02T17:16:19Z","capabilityStatus":"Enabled","service":"YammerEnterprise","servicePlanId":"7547a3fe-08ee-4ccb-b430-5077c5041653"},{"assignedTimestamp":"2018-06-02T17:16:19Z","capabilityStatus":"Enabled","service":"exchange","servicePlanId":"34c0d7a0-a70f-4668-9238-47f9fc208882"},{"assignedTimestamp":"2018-06-02T17:16:19Z","capabilityStatus":"Enabled","service":"MicrosoftOffice","servicePlanId":"43de0ff5-c92c-492b-9116-175376d08c38"}],"city":"Atlanta","companyName":"MICROSOFT","consentProvidedForMinor":null,"country":null,"createdDateTime":"2018-06-01T02:06:28Z","creationType":null,"department":"COGS
        Data - Cosmos DB","dirSyncEnabled":true,"displayName":"Sam Hurd","employeeId":null,"facsimileTelephoneNumber":null,"givenName":"Sam","immutableId":"1220229","isCompromised":null,"jobTitle":"SOFTWARE
        ENGINEER","lastDirSyncTime":"2020-02-03T14:52:53Z","legalAgeGroupClassification":null,"mail":"Sam.Hurd@microsoft.com","mailNickname":"sahurd","mobile":null,"onPremisesDistinguishedName":"CN=Sam
        Hurd,OU=UserAccounts,DC=redmond,DC=corp,DC=microsoft,DC=com","onPremisesSecurityIdentifier":"S-1-5-21-2127521184-1604012920-1887927527-32081988","otherMails":[],"passwordPolicies":"DisablePasswordExpiration","passwordProfile":null,"physicalDeliveryOfficeName":"Home
        Office","postalCode":null,"preferredLanguage":null,"provisionedPlans":[{"capabilityStatus":"Enabled","provisioningStatus":"Success","service":"SharePoint"},{"capabilityStatus":"Enabled","provisioningStatus":"Success","service":"SharePoint"},{"capabilityStatus":"Enabled","provisioningStatus":"Success","service":"SharePoint"},{"capabilityStatus":"Enabled","provisioningStatus":"Success","service":"exchange"},{"capabilityStatus":"Enabled","provisioningStatus":"Success","service":"exchange"},{"capabilityStatus":"Enabled","provisioningStatus":"Success","service":"exchange"},{"capabilityStatus":"Enabled","provisioningStatus":"Success","service":"CRM"},{"capabilityStatus":"Enabled","provisioningStatus":"Success","service":"exchange"},{"capabilityStatus":"Enabled","provisioningStatus":"Success","service":"CRM"},{"capabilityStatus":"Enabled","provisioningStatus":"Success","service":"SharePoint"},{"capabilityStatus":"Enabled","provisioningStatus":"Success","service":"SharePoint"},{"capabilityStatus":"Enabled","provisioningStatus":"Success","service":"MicrosoftCommunicationsOnline"},{"capabilityStatus":"Enabled","provisioningStatus":"Success","service":"MicrosoftCommunicationsOnline"},{"capabilityStatus":"Enabled","provisioningStatus":"Success","service":"Netbreeze"},{"capabilityStatus":"Enabled","provisioningStatus":"Success","service":"CRM"},{"capabilityStatus":"Enabled","provisioningStatus":"Success","service":"MicrosoftCommunicationsOnline"},{"capabilityStatus":"Enabled","provisioningStatus":"Success","service":"exchange"},{"capabilityStatus":"Enabled","provisioningStatus":"Success","service":"exchange"},{"capabilityStatus":"Enabled","provisioningStatus":"Success","service":"exchange"},{"capabilityStatus":"Enabled","provisioningStatus":"Success","service":"exchange"}],"provisioningErrors":[],"proxyAddresses":["x500:/o=ExchangeLabs/ou=Exchange
        Administrative Group (FYDIBOHF23SPDLT)/cn=Recipients/cn=237fdd54e6214390b4b0320d547f1a47-Sam
        Hurd","X500:/o=microsoft/ou=Exchange Administrative Group (FYDIBOHF23SPDLT)/cn=Recipients/cn=702b1734f35b4f1e9afc6ce59b877852-Sam
        Hurd","X500:/o=MMS/ou=Exchange Administrative Group (FYDIBOHF23SPDLT)/cn=Recipients/cn=cc83bde4b3684da8964fbff8e52fa5d5-Sam
        Hurdd63cd988-32f","X500:/o=microsoft/ou=Exchange Administrative Group (FYDIBOHF23SPDLT)/cn=Recipients/cn=d3855fbe46e54f73b15ce59a5cd5ec04-Sam
        Hurd","smtp:sahurd@microsoft.onmicrosoft.com","smtp:sahurd@service.microsoft.com","smtp:sahurd@microsoft.com","SMTP:Sam.Hurd@microsoft.com"],"refreshTokensValidFromDateTime":"2019-06-10T19:34:59Z","showInAddressList":null,"signInNames":[],"sipProxyAddress":"sahurd@microsoft.com","state":null,"streetAddress":null,"surname":"Hurd","telephoneNumber":"+1
        (425) 7229768","thumbnailPhoto@odata.mediaEditLink":"directoryObjects/feb99c1a-6272-4966-8240-05442405ab09/Microsoft.DirectoryServices.User/thumbnailPhoto","usageLocation":"US","userIdentities":[],"userPrincipalName":"sahurd@microsoft.com","userState":null,"userStateChangedOn":null,"userType":"Member","extension_18e31482d3fb4a8ea958aa96b662f508_SupervisorInd":"N","extension_18e31482d3fb4a8ea958aa96b662f508_BuildingName":"HOME
        OFFICE","extension_18e31482d3fb4a8ea958aa96b662f508_BuildingID":"99999","extension_18e31482d3fb4a8ea958aa96b662f508_ReportsToPersonnelNbr":"221240","extension_18e31482d3fb4a8ea958aa96b662f508_ReportsToFullName":"Kuruvilla,
        Sujit V.","extension_18e31482d3fb4a8ea958aa96b662f508_ReportsToEmailName":"SUJITK","extension_18e31482d3fb4a8ea958aa96b662f508_ProfitCenterCode":"P10017802","extension_18e31482d3fb4a8ea958aa96b662f508_PositionNumber":"91691150","extension_18e31482d3fb4a8ea958aa96b662f508_LocationAreaCode":"US","extension_18e31482d3fb4a8ea958aa96b662f508_CostCenterCode":"10017802","extension_18e31482d3fb4a8ea958aa96b662f508_CompanyCode":"1010","extension_18e31482d3fb4a8ea958aa96b662f508_PersonnelNumber":"1220229"}'
    headers:
      access-control-allow-origin:
      - '*'
      cache-control:
      - no-cache
      content-length:
      - '14876'
      content-type:
      - application/json; odata=minimalmetadata; streaming=true; charset=utf-8
      dataserviceversion:
      - 3.0;
      date:
      - Thu, 05 Mar 2020 03:22:07 GMT
      duration:
      - '1282743'
      expires:
      - '-1'
      ocp-aad-diagnostics-server-name:
      - pbWKcKU9yu1YQQpJCmnlfK2TCVlxFsqb2DLPG6Ke2u8=
      ocp-aad-session-key:
      - tx0B8QNkfbaF0pXVRLXIRSQzDsu8SKqrKopEoLrSDv3m-uu8CX3aVrM2Gw9H842fRDfBuE9oZjens6v3_GzrfUWgW1COtJ2-PSFO3jX2x-BJSCgEVcqWy3pZqfNIyEgs.jKDUZwi-kTGDBeqTUnlAbbf8sSlGOswihdQxeqB37SY
      pragma:
      - no-cache
      request-id:
      - b044898b-ca56-4029-9da0-060e82b99aeb
      strict-transport-security:
      - max-age=31536000; includeSubDomains
      x-aspnet-version:
      - 4.0.30319
      x-ms-dirapi-data-contract-version:
      - '1.6'
      x-powered-by:
      - ASP.NET
    status:
      code: 200
      message: OK
- request:
    body: '{"location": "westus", "properties": {"tenantId": "72f988bf-86f1-41af-91ab-2d7cd011db47",
      "sku": {"family": "A", "name": "standard"}, "accessPolicies": [{"tenantId":
      "72f988bf-86f1-41af-91ab-2d7cd011db47", "objectId": "feb99c1a-6272-4966-8240-05442405ab09",
      "permissions": {"keys": ["get", "create", "delete", "list", "update", "import",
      "backup", "restore", "recover"], "secrets": ["get", "list", "set", "delete",
      "backup", "restore", "recover"], "certificates": ["get", "list", "delete", "create",
      "import", "update", "managecontacts", "getissuers", "listissuers", "setissuers",
      "deleteissuers", "manageissuers", "recover"], "storage": ["get", "list", "delete",
      "set", "update", "regeneratekey", "setsas", "listsas", "getsas", "deletesas"]}}],
      "enableSoftDelete": true, "enablePurgeProtection": true}}'
    headers:
      Accept:
      - application/json
      Accept-Encoding:
      - gzip, deflate
      CommandName:
      - keyvault create
      Connection:
      - keep-alive
      Content-Length:
      - '803'
      Content-Type:
      - application/json; charset=utf-8
      ParameterSetName:
      - --resource-group -n --enable-soft-delete --enable-purge-protection
      User-Agent:
      - python/3.8.2 (Windows-10-10.0.18362-SP0) msrest/0.6.11 msrest_azure/0.6.2
        azure-mgmt-keyvault/2.1.1 Azure-SDK-For-Python AZURECLI/2.1.0
      accept-language:
      - en-US
    method: PUT
    uri: https://management.azure.com/subscriptions/00000000-0000-0000-0000-000000000000/resourceGroups/cli_test_cosmosdb_key_vault_key_uri000001/providers/Microsoft.KeyVault/vaults/cli000002?api-version=2019-09-01
  response:
    body:
      string: '{"id":"/subscriptions/00000000-0000-0000-0000-000000000000/resourceGroups/cli_test_cosmosdb_key_vault_key_uri000001/providers/Microsoft.KeyVault/vaults/cli000002","name":"cli000002","type":"Microsoft.KeyVault/vaults","location":"westus","tags":{},"properties":{"sku":{"family":"A","name":"standard"},"tenantId":"72f988bf-86f1-41af-91ab-2d7cd011db47","accessPolicies":[{"tenantId":"72f988bf-86f1-41af-91ab-2d7cd011db47","objectId":"feb99c1a-6272-4966-8240-05442405ab09","permissions":{"keys":["get","create","delete","list","update","import","backup","restore","recover"],"secrets":["get","list","set","delete","backup","restore","recover"],"certificates":["get","list","delete","create","import","update","managecontacts","getissuers","listissuers","setissuers","deleteissuers","manageissuers","recover"],"storage":["get","list","delete","set","update","regeneratekey","setsas","listsas","getsas","deletesas"]}}],"enabledForDeployment":false,"enableSoftDelete":true,"enablePurgeProtection":true,"vaultUri":"https://cli000002.vault.azure.net","provisioningState":"RegisteringDns"}}'
    headers:
      cache-control:
      - no-cache
      content-length:
      - '1132'
      content-type:
      - application/json; charset=utf-8
      date:
      - Thu, 05 Mar 2020 03:22:12 GMT
      expires:
      - '-1'
      pragma:
      - no-cache
      server:
      - Microsoft-IIS/10.0
      strict-transport-security:
      - max-age=31536000; includeSubDomains
      transfer-encoding:
      - chunked
      vary:
      - Accept-Encoding
      x-aspnet-version:
      - 4.0.30319
      x-content-type-options:
      - nosniff
      x-ms-keyvault-service-version:
      - 1.1.0.271
      x-ms-ratelimit-remaining-subscription-writes:
      - '1199'
      x-powered-by:
      - ASP.NET
    status:
      code: 200
      message: OK
- request:
    body: null
    headers:
      Accept:
      - application/json
      Accept-Encoding:
      - gzip, deflate
      CommandName:
      - keyvault create
      Connection:
      - keep-alive
      ParameterSetName:
      - --resource-group -n --enable-soft-delete --enable-purge-protection
      User-Agent:
      - python/3.8.2 (Windows-10-10.0.18362-SP0) msrest/0.6.11 msrest_azure/0.6.2
        azure-mgmt-keyvault/2.1.1 Azure-SDK-For-Python AZURECLI/2.1.0
    method: GET
    uri: https://management.azure.com/subscriptions/00000000-0000-0000-0000-000000000000/resourceGroups/cli_test_cosmosdb_key_vault_key_uri000001/providers/Microsoft.KeyVault/vaults/cli000002?api-version=2019-09-01
  response:
    body:
      string: '{"id":"/subscriptions/00000000-0000-0000-0000-000000000000/resourceGroups/cli_test_cosmosdb_key_vault_key_uri000001/providers/Microsoft.KeyVault/vaults/cli000002","name":"cli000002","type":"Microsoft.KeyVault/vaults","location":"westus","tags":{},"properties":{"sku":{"family":"A","name":"standard"},"tenantId":"72f988bf-86f1-41af-91ab-2d7cd011db47","accessPolicies":[{"tenantId":"72f988bf-86f1-41af-91ab-2d7cd011db47","objectId":"feb99c1a-6272-4966-8240-05442405ab09","permissions":{"keys":["get","create","delete","list","update","import","backup","restore","recover"],"secrets":["get","list","set","delete","backup","restore","recover"],"certificates":["get","list","delete","create","import","update","managecontacts","getissuers","listissuers","setissuers","deleteissuers","manageissuers","recover"],"storage":["get","list","delete","set","update","regeneratekey","setsas","listsas","getsas","deletesas"]}}],"enabledForDeployment":false,"enableSoftDelete":true,"enablePurgeProtection":true,"vaultUri":"https://cli000002.vault.azure.net/","provisioningState":"Succeeded"}}'
    headers:
      cache-control:
      - no-cache
      content-length:
      - '1128'
      content-type:
      - application/json; charset=utf-8
      date:
      - Thu, 05 Mar 2020 03:22:42 GMT
      expires:
      - '-1'
      pragma:
      - no-cache
      server:
      - Microsoft-IIS/10.0
      strict-transport-security:
      - max-age=31536000; includeSubDomains
      transfer-encoding:
      - chunked
      vary:
      - Accept-Encoding
      x-aspnet-version:
      - 4.0.30319
      x-content-type-options:
      - nosniff
      x-ms-keyvault-service-version:
      - 1.1.0.271
      x-powered-by:
      - ASP.NET
    status:
      code: 200
      message: OK
- request:
    body: null
    headers:
      Accept:
      - application/json
      Accept-Encoding:
      - gzip, deflate
      Connection:
      - keep-alive
      User-Agent:
      - python/3.8.2 (Windows-10-10.0.18362-SP0) msrest/0.6.11 msrest_azure/0.6.2
        azure-graphrbac/0.60.0 Azure-SDK-For-Python
      accept-language:
      - en-US
    method: GET
    uri: https://graph.windows.net/00000000-0000-0000-0000-000000000000/servicePrincipals?$filter=servicePrincipalNames%2Fany%28c%3Ac%20eq%20%27a232010e-820c-4083-83bb-3ace5fc29d0b%27%29&api-version=1.6
  response:
    body:
      string: '{"odata.metadata":"https://graph.windows.net/00000000-0000-0000-0000-000000000000/$metadata#directoryObjects","value":[{"odata.type":"Microsoft.DirectoryServices.ServicePrincipal","objectType":"ServicePrincipal","objectId":"e5007d2c-4b13-4a74-9b6a-605d99f03501","deletionTimestamp":null,"accountEnabled":true,"addIns":[],"alternativeNames":[],"appDisplayName":"Azure
        Cosmos DB","appId":"a232010e-820c-4083-83bb-3ace5fc29d0b","applicationTemplateId":null,"appOwnerTenantId":"f8cdef31-a31e-4b4a-93e4-5f571e91255a","appRoleAssignmentRequired":false,"appRoles":[],"displayName":"Azure
        Cosmos DB","errorUrl":null,"homepage":null,"informationalUrls":{"termsOfService":null,"support":null,"privacy":null,"marketing":null},"keyCredentials":[],"logoutUrl":null,"notificationEmailAddresses":[],"oauth2Permissions":[],"passwordCredentials":[],"preferredSingleSignOnMode":null,"preferredTokenSigningKeyEndDateTime":null,"preferredTokenSigningKeyThumbprint":null,"publisherName":"Microsoft
        Services","replyUrls":[],"samlMetadataUrl":null,"samlSingleSignOnSettings":null,"servicePrincipalNames":["a232010e-820c-4083-83bb-3ace5fc29d0b"],"servicePrincipalType":"Application","signInAudience":"AzureADMultipleOrgs","tags":[],"tokenEncryptionKeyId":null}]}'
    headers:
      access-control-allow-origin:
      - '*'
      cache-control:
      - no-cache
      content-length:
      - '1238'
      content-type:
      - application/json; odata=minimalmetadata; streaming=true; charset=utf-8
      dataserviceversion:
      - 3.0;
      date:
      - Thu, 05 Mar 2020 03:22:43 GMT
      duration:
      - '527588'
      expires:
      - '-1'
      ocp-aad-diagnostics-server-name:
      - nnwm1rHUXNOC2HCdDk0/PkC/19HDnlsfx+Y5YAxupsE=
      ocp-aad-session-key:
      - FeC8ODcVIr3E4km2yd50lMCK01JNdQTm3VPXpuckI732D9bpE7ce2EY3JNqfOV_WUlbBZOGBr3Sbbx8FzqvAxGjGyN-uJ1_rSr_X59RLC55rTx-XAHqILAVjTIpT3GaE.u04TwUToZ3dqOUV49ZoTWjD1mW9wjNvYZSQWoCdyXJs
      pragma:
      - no-cache
      request-id:
      - a3630ca8-fbd9-43c7-95c3-f0741bbc98a0
      strict-transport-security:
      - max-age=31536000; includeSubDomains
      x-aspnet-version:
      - 4.0.30319
      x-ms-dirapi-data-contract-version:
      - '1.6'
      x-powered-by:
      - ASP.NET
    status:
      code: 200
      message: OK
- request:
    body: null
    headers:
      Accept:
      - application/json
      Accept-Encoding:
      - gzip, deflate
      CommandName:
      - keyvault set-policy
      Connection:
      - keep-alive
      ParameterSetName:
      - -n -g --spn --key-permissions
      User-Agent:
      - python/3.8.2 (Windows-10-10.0.18362-SP0) msrest/0.6.11 msrest_azure/0.6.2
        azure-mgmt-keyvault/2.1.1 Azure-SDK-For-Python AZURECLI/2.1.0
      accept-language:
      - en-US
    method: GET
    uri: https://management.azure.com/subscriptions/00000000-0000-0000-0000-000000000000/resourceGroups/cli_test_cosmosdb_key_vault_key_uri000001/providers/Microsoft.KeyVault/vaults/cli000002?api-version=2019-09-01
  response:
    body:
      string: '{"id":"/subscriptions/00000000-0000-0000-0000-000000000000/resourceGroups/cli_test_cosmosdb_key_vault_key_uri000001/providers/Microsoft.KeyVault/vaults/cli000002","name":"cli000002","type":"Microsoft.KeyVault/vaults","location":"westus","tags":{},"properties":{"sku":{"family":"A","name":"standard"},"tenantId":"72f988bf-86f1-41af-91ab-2d7cd011db47","accessPolicies":[{"tenantId":"72f988bf-86f1-41af-91ab-2d7cd011db47","objectId":"feb99c1a-6272-4966-8240-05442405ab09","permissions":{"keys":["get","create","delete","list","update","import","backup","restore","recover"],"secrets":["get","list","set","delete","backup","restore","recover"],"certificates":["get","list","delete","create","import","update","managecontacts","getissuers","listissuers","setissuers","deleteissuers","manageissuers","recover"],"storage":["get","list","delete","set","update","regeneratekey","setsas","listsas","getsas","deletesas"]}}],"enabledForDeployment":false,"enableSoftDelete":true,"enablePurgeProtection":true,"vaultUri":"https://cli000002.vault.azure.net/","provisioningState":"Succeeded"}}'
    headers:
      cache-control:
      - no-cache
      content-length:
      - '1128'
      content-type:
      - application/json; charset=utf-8
      date:
      - Thu, 05 Mar 2020 03:22:44 GMT
      expires:
      - '-1'
      pragma:
      - no-cache
      server:
      - Microsoft-IIS/10.0
      strict-transport-security:
      - max-age=31536000; includeSubDomains
      transfer-encoding:
      - chunked
      vary:
      - Accept-Encoding
      x-aspnet-version:
      - 4.0.30319
      x-content-type-options:
      - nosniff
      x-ms-keyvault-service-version:
      - 1.1.0.271
      x-powered-by:
      - ASP.NET
    status:
      code: 200
      message: OK
- request:
    body: '{"location": "westus", "tags": {}, "properties": {"tenantId": "72f988bf-86f1-41af-91ab-2d7cd011db47",
      "sku": {"family": "A", "name": "standard"}, "accessPolicies": [{"tenantId":
      "72f988bf-86f1-41af-91ab-2d7cd011db47", "objectId": "feb99c1a-6272-4966-8240-05442405ab09",
      "permissions": {"keys": ["get", "create", "delete", "list", "update", "import",
      "backup", "restore", "recover"], "secrets": ["get", "list", "set", "delete",
      "backup", "restore", "recover"], "certificates": ["get", "list", "delete", "create",
      "import", "update", "managecontacts", "getissuers", "listissuers", "setissuers",
      "deleteissuers", "manageissuers", "recover"], "storage": ["get", "list", "delete",
      "set", "update", "regeneratekey", "setsas", "listsas", "getsas", "deletesas"]}},
      {"tenantId": "72f988bf-86f1-41af-91ab-2d7cd011db47", "objectId": "e5007d2c-4b13-4a74-9b6a-605d99f03501",
      "permissions": {"keys": ["get", "unwrapKey", "wrapKey"]}}], "vaultUri": "https://cli000002.vault.azure.net/",
      "enabledForDeployment": false, "enableSoftDelete": true, "enablePurgeProtection":
      true}}'
    headers:
      Accept:
      - application/json
      Accept-Encoding:
      - gzip, deflate
      CommandName:
      - keyvault set-policy
      Connection:
      - keep-alive
      Content-Length:
      - '1066'
      Content-Type:
      - application/json; charset=utf-8
      ParameterSetName:
      - -n -g --spn --key-permissions
      User-Agent:
      - python/3.8.2 (Windows-10-10.0.18362-SP0) msrest/0.6.11 msrest_azure/0.6.2
        azure-mgmt-keyvault/2.1.1 Azure-SDK-For-Python AZURECLI/2.1.0
      accept-language:
      - en-US
    method: PUT
    uri: https://management.azure.com/subscriptions/00000000-0000-0000-0000-000000000000/resourceGroups/cli_test_cosmosdb_key_vault_key_uri000001/providers/Microsoft.KeyVault/vaults/cli000002?api-version=2019-09-01
  response:
    body:
      string: '{"id":"/subscriptions/00000000-0000-0000-0000-000000000000/resourceGroups/cli_test_cosmosdb_key_vault_key_uri000001/providers/Microsoft.KeyVault/vaults/cli000002","name":"cli000002","type":"Microsoft.KeyVault/vaults","location":"westus","tags":{},"properties":{"sku":{"family":"A","name":"standard"},"tenantId":"72f988bf-86f1-41af-91ab-2d7cd011db47","accessPolicies":[{"tenantId":"72f988bf-86f1-41af-91ab-2d7cd011db47","objectId":"feb99c1a-6272-4966-8240-05442405ab09","permissions":{"keys":["get","create","delete","list","update","import","backup","restore","recover"],"secrets":["get","list","set","delete","backup","restore","recover"],"certificates":["get","list","delete","create","import","update","managecontacts","getissuers","listissuers","setissuers","deleteissuers","manageissuers","recover"],"storage":["get","list","delete","set","update","regeneratekey","setsas","listsas","getsas","deletesas"]}},{"tenantId":"72f988bf-86f1-41af-91ab-2d7cd011db47","objectId":"e5007d2c-4b13-4a74-9b6a-605d99f03501","permissions":{"keys":["get","unwrapKey","wrapKey"]}}],"enabledForDeployment":false,"enableSoftDelete":true,"enablePurgeProtection":true,"vaultUri":"https://cli000002.vault.azure.net/","provisioningState":"Succeeded"}}'
    headers:
      cache-control:
      - no-cache
      content-length:
      - '1283'
      content-type:
      - application/json; charset=utf-8
      date:
      - Thu, 05 Mar 2020 03:22:45 GMT
      expires:
      - '-1'
      pragma:
      - no-cache
      server:
      - Microsoft-IIS/10.0
      strict-transport-security:
      - max-age=31536000; includeSubDomains
      transfer-encoding:
      - chunked
      vary:
      - Accept-Encoding
      x-aspnet-version:
      - 4.0.30319
      x-content-type-options:
      - nosniff
      x-ms-keyvault-service-version:
      - 1.1.0.271
      x-ms-ratelimit-remaining-subscription-writes:
      - '1199'
      x-powered-by:
      - ASP.NET
    status:
      code: 200
      message: OK
- request:
    body: ''
    headers:
      Accept:
      - application/json
      Accept-Encoding:
      - gzip, deflate
      Connection:
      - keep-alive
      Content-Length:
      - 0
      Content-Type:
      - application/json; charset=utf-8
      User-Agent:
      - python/3.8.2 (Windows-10-10.0.18362-SP0) msrest/0.6.11 msrest_azure/0.6.2
        azure-keyvault/7.0 Azure-SDK-For-Python
      accept-language:
      - en-US
    method: POST
    uri: https://cli000002.vault.azure.net/keys/cli000003/create?api-version=7.0
  response:
    body:
      string: '{"error":{"code":"Unauthorized","message":"Request is missing a Bearer
        or PoP token."}}'
    headers:
      cache-control:
      - no-cache
      content-length:
      - '87'
      content-type:
      - application/json; charset=utf-8
      date:
      - Thu, 05 Mar 2020 03:22:45 GMT
      expires:
      - '-1'
      pragma:
      - no-cache
      server:
      - Microsoft-IIS/10.0
      strict-transport-security:
      - max-age=31536000;includeSubDomains
      www-authenticate:
      - Bearer authorization="https://login.windows.net/72f988bf-86f1-41af-91ab-2d7cd011db47",
        resource="https://vault.azure.net"
      x-aspnet-version:
      - 4.0.30319
      x-content-type-options:
      - nosniff
      x-ms-keyvault-network-info:
      - addr=136.55.153.161;act_addr_fam=InterNetwork;
      x-ms-keyvault-region:
      - westus
      x-ms-keyvault-service-version:
      - 1.1.0.897
      x-powered-by:
      - ASP.NET
    status:
      code: 401
      message: Unauthorized
- request:
    body: '{"kty": "RSA", "key_size": 3072, "attributes": {"enabled": true}}'
    headers:
      Accept:
      - application/json
      Accept-Encoding:
      - gzip, deflate
      Connection:
      - keep-alive
      Content-Length:
      - '65'
      Content-Type:
      - application/json; charset=utf-8
      User-Agent:
      - python/3.8.2 (Windows-10-10.0.18362-SP0) msrest/0.6.11 msrest_azure/0.6.2
        azure-keyvault/7.0 Azure-SDK-For-Python
      accept-language:
      - en-US
    method: POST
    uri: https://cli000002.vault.azure.net/keys/cli000003/create?api-version=7.0
  response:
    body:
      string: '{"key":{"kid":"https://cli000002.vault.azure.net/keys/cli000003/0ac6b315a797451381c54eceecd76120","kty":"RSA","key_ops":["encrypt","decrypt","sign","verify","wrapKey","unwrapKey"],"n":"0mXYo0vg_MLHnayADOVjAhOFyCvkWeojMQc1vfqT8IB_vd4jjJ2hqZNpHDeghahufwiCSstHHGH4WLqsWt4cgZsDgNiaPklsp3evcGxU3FWJLl3hLwABrRohi7ojcil7WzKYyhVC2Lvu2wz-RoTS4CvsW5ZL3RQb7_vV30120apBJGwkK3b49NH_s4Oe2Ey-9k_yneDG9FazAd8RXWmHx8bwMci-uGEWhVSqMD5k9Xce6rQA_bgzOX9r4joCl2fqMb8kO7nedcsGhgZ7A8zhLP9qPLt9kdcaT8p63OxseuIrw1kW51xoKXytnsAHIWznfAsWB88FGdFClMVRwspCFefKaOZZ4bfJg4JgVxetHjQkjo6rMb5eZ0nQG7vaJwvh_x1Gqf_N2Qbf05waSYyKKD3jY-5ztKbid3rEjHy1KLUTHqBzAr2zfygaoCNnFmrcArKjkxgBJAUo_xSJ1vy612y-8rewXMkjGrA34jm5l8o09mCTmD8pYd7L7RJlT0gT","e":"AQAB"},"attributes":{"enabled":true,"created":1583378567,"updated":1583378567,"recoveryLevel":"Recoverable"}}'
    headers:
      cache-control:
      - no-cache
      content-length:
      - '825'
      content-type:
      - application/json; charset=utf-8
      date:
      - Thu, 05 Mar 2020 03:22:47 GMT
      expires:
      - '-1'
      pragma:
      - no-cache
      server:
      - Microsoft-IIS/10.0
      strict-transport-security:
      - max-age=31536000;includeSubDomains
      x-aspnet-version:
      - 4.0.30319
      x-content-type-options:
      - nosniff
      x-ms-keyvault-network-info:
      - addr=136.55.153.161;act_addr_fam=InterNetwork;
      x-ms-keyvault-region:
      - westus
      x-ms-keyvault-service-version:
      - 1.1.0.897
      x-powered-by:
      - ASP.NET
    status:
      code: 200
      message: OK
- request:
    body: null
    headers:
      Accept:
      - application/json
      Accept-Encoding:
      - gzip, deflate
      CommandName:
      - cosmosdb create
      Connection:
      - keep-alive
      ParameterSetName:
      - -n -g --locations --key-uri
      User-Agent:
      - python/3.8.2 (Windows-10-10.0.18362-SP0) msrest/0.6.11 msrest_azure/0.6.2
        azure-mgmt-resource/8.0.1 Azure-SDK-For-Python AZURECLI/2.1.0
      accept-language:
      - en-US
    method: GET
    uri: https://management.azure.com/subscriptions/00000000-0000-0000-0000-000000000000/resourcegroups/cli_test_cosmosdb_key_vault_key_uri000001?api-version=2019-07-01
  response:
    body:
      string: '{"id":"/subscriptions/00000000-0000-0000-0000-000000000000/resourceGroups/cli_test_cosmosdb_key_vault_key_uri000001","name":"cli_test_cosmosdb_key_vault_key_uri000001","type":"Microsoft.Resources/resourceGroups","location":"westus","tags":{"product":"azurecli","cause":"automation","date":"2020-03-05T03:22:00Z"},"properties":{"provisioningState":"Succeeded"}}'
    headers:
      cache-control:
      - no-cache
      content-length:
      - '428'
      content-type:
      - application/json; charset=utf-8
      date:
      - Thu, 05 Mar 2020 03:22:48 GMT
      expires:
      - '-1'
      pragma:
      - no-cache
      strict-transport-security:
      - max-age=31536000; includeSubDomains
      vary:
      - Accept-Encoding
      x-content-type-options:
      - nosniff
    status:
      code: 200
      message: OK
- request:
    body: '{"location": "westus", "kind": "GlobalDocumentDB", "properties": {"locations":
      [{"locationName": "eastus2", "failoverPriority": 0, "isZoneRedundant": false}],
      "databaseAccountOfferType": "Standard", "keyVaultKeyUri": "https://cli000002.vault.azure.net/keys/cli000003"}}'
    headers:
      Accept:
      - application/json
      Accept-Encoding:
      - gzip, deflate
      CommandName:
      - cosmosdb create
      Connection:
      - keep-alive
      Content-Length:
      - '281'
      Content-Type:
      - application/json; charset=utf-8
      ParameterSetName:
      - -n -g --locations --key-uri
      User-Agent:
      - python/3.8.2 (Windows-10-10.0.18362-SP0) msrest/0.6.11 msrest_azure/0.6.2
        azure-mgmt-cosmosdb/0.12.0 Azure-SDK-For-Python AZURECLI/2.1.0
      accept-language:
      - en-US
    method: PUT
    uri: https://management.azure.com/subscriptions/00000000-0000-0000-0000-000000000000/resourceGroups/cli_test_cosmosdb_key_vault_key_uri000001/providers/Microsoft.DocumentDB/databaseAccounts/cli000004?api-version=2020-03-01
  response:
    body:
      string: '{"id":"/subscriptions/00000000-0000-0000-0000-000000000000/resourceGroups/cli_test_cosmosdb_key_vault_key_uri000001/providers/Microsoft.DocumentDB/databaseAccounts/cli000004","name":"cli000004","location":"West
        US","type":"Microsoft.DocumentDB/databaseAccounts","kind":"GlobalDocumentDB","tags":{},"properties":{"provisioningState":"Creating","ipRangeFilter":"","publicNetworkAccess":"Enabled","enableAutomaticFailover":false,"enableMultipleWriteLocations":false,"enablePartitionKeyMonitor":false,"isVirtualNetworkFilterEnabled":false,"virtualNetworkRules":[],"EnabledApiTypes":"Sql","disableKeyBasedMetadataWriteAccess":false,"enableFreeTier":false,"databaseAccountOfferType":"Standard","enableCassandraConnector":false,"connectorOffer":"","keyVaultKeyUri":"https://cli000002.vault.azure.net/keys/cli000003","consistencyPolicy":{"defaultConsistencyLevel":"Session","maxIntervalInSeconds":5,"maxStalenessPrefix":100},"configurationOverrides":{},"writeLocations":[{"id":"cli000004-eastus2","locationName":"East
        US 2","provisioningState":"Creating","failoverPriority":0,"isZoneRedundant":false}],"readLocations":[{"id":"cli000004-eastus2","locationName":"East
        US 2","provisioningState":"Creating","failoverPriority":0,"isZoneRedundant":false}],"locations":[{"id":"cli000004-eastus2","locationName":"East
        US 2","provisioningState":"Creating","failoverPriority":0,"isZoneRedundant":false}],"failoverPolicies":[{"id":"cli000004-eastus2","locationName":"East
        US 2","failoverPriority":0}],"cors":[],"capabilities":[]}}'
    headers:
      azure-asyncoperation:
      - https://management.azure.com/subscriptions/00000000-0000-0000-0000-000000000000/providers/Microsoft.DocumentDB/locations/westus/operationsStatus/ff2cfe53-f879-414b-a7c5-b30e1c3f3604?api-version=2020-03-01
      cache-control:
      - no-store, no-cache
      content-length:
      - '1593'
      content-location:
      - https://management.documents-staging.windows-ppe.net:450/subscriptions/80be3961-0521-4a0a-8570-5cd5a4e2f98c/resourceGroups/cli_test_cosmosdb_key_vault_key_urivdppz4nkmlg4yxcx656sb5qmsvovbzwy7zuz22xi/providers/Microsoft.DocumentDB/databaseAccounts/clixtfkachhkdk7?api-version=2020-03-01
      content-type:
      - application/json
      date:
      - Thu, 05 Mar 2020 03:22:58 GMT
      location:
      - https://management.azure.com/subscriptions/00000000-0000-0000-0000-000000000000/resourceGroups/cli_test_cosmosdb_key_vault_key_uri000001/providers/Microsoft.DocumentDB/databaseAccounts/cli000004/operationResults/ff2cfe53-f879-414b-a7c5-b30e1c3f3604?api-version=2020-03-01
      pragma:
      - no-cache
      server:
      - Microsoft-HTTPAPI/2.0
      strict-transport-security:
      - max-age=31536000; includeSubDomains
      transfer-encoding:
      - chunked
      vary:
      - Accept-Encoding
      x-content-type-options:
      - nosniff
      x-ms-gatewayversion:
      - version=2.10.0
      x-ms-ratelimit-remaining-subscription-writes:
      - '1199'
    status:
      code: 200
      message: Ok
- request:
    body: null
    headers:
      Accept:
      - application/json
      Accept-Encoding:
      - gzip, deflate
      CommandName:
      - cosmosdb create
      Connection:
      - keep-alive
      ParameterSetName:
      - -n -g --locations --key-uri
      User-Agent:
      - python/3.8.2 (Windows-10-10.0.18362-SP0) msrest/0.6.11 msrest_azure/0.6.2
        azure-mgmt-cosmosdb/0.12.0 Azure-SDK-For-Python AZURECLI/2.1.0
    method: GET
    uri: https://management.azure.com/subscriptions/00000000-0000-0000-0000-000000000000/providers/Microsoft.DocumentDB/locations/westus/operationsStatus/ff2cfe53-f879-414b-a7c5-b30e1c3f3604?api-version=2020-03-01
  response:
    body:
      string: '{"status":"Dequeued"}'
    headers:
      cache-control:
      - no-store, no-cache
      content-length:
      - '21'
      content-location:
      - https://management.documents-staging.windows-ppe.net:450/subscriptions/80be3961-0521-4a0a-8570-5cd5a4e2f98c/providers/Microsoft.DocumentDB/locations/westus/operationsStatus/ff2cfe53-f879-414b-a7c5-b30e1c3f3604?api-version=2020-03-01
      content-type:
      - application/json
      date:
      - Thu, 05 Mar 2020 03:23:29 GMT
      pragma:
      - no-cache
      server:
      - Microsoft-HTTPAPI/2.0
      strict-transport-security:
      - max-age=31536000; includeSubDomains
      transfer-encoding:
      - chunked
      vary:
      - Accept-Encoding
      x-content-type-options:
      - nosniff
      x-ms-gatewayversion:
      - version=2.10.0
    status:
      code: 200
      message: Ok
- request:
    body: null
    headers:
      Accept:
      - application/json
      Accept-Encoding:
      - gzip, deflate
      CommandName:
      - cosmosdb create
      Connection:
      - keep-alive
      ParameterSetName:
      - -n -g --locations --key-uri
      User-Agent:
      - python/3.8.2 (Windows-10-10.0.18362-SP0) msrest/0.6.11 msrest_azure/0.6.2
        azure-mgmt-cosmosdb/0.12.0 Azure-SDK-For-Python AZURECLI/2.1.0
    method: GET
    uri: https://management.azure.com/subscriptions/00000000-0000-0000-0000-000000000000/providers/Microsoft.DocumentDB/locations/westus/operationsStatus/ff2cfe53-f879-414b-a7c5-b30e1c3f3604?api-version=2020-03-01
  response:
    body:
      string: '{"status":"Dequeued"}'
    headers:
      cache-control:
      - no-store, no-cache
      content-length:
      - '21'
      content-location:
      - https://management.documents-staging.windows-ppe.net:450/subscriptions/80be3961-0521-4a0a-8570-5cd5a4e2f98c/providers/Microsoft.DocumentDB/locations/westus/operationsStatus/ff2cfe53-f879-414b-a7c5-b30e1c3f3604?api-version=2020-03-01
      content-type:
      - application/json
      date:
      - Thu, 05 Mar 2020 03:23:59 GMT
      pragma:
      - no-cache
      server:
      - Microsoft-HTTPAPI/2.0
      strict-transport-security:
      - max-age=31536000; includeSubDomains
      transfer-encoding:
      - chunked
      vary:
      - Accept-Encoding
      x-content-type-options:
      - nosniff
      x-ms-gatewayversion:
      - version=2.10.0
    status:
      code: 200
      message: Ok
- request:
    body: null
    headers:
      Accept:
      - application/json
      Accept-Encoding:
      - gzip, deflate
      CommandName:
      - cosmosdb create
      Connection:
      - keep-alive
      ParameterSetName:
      - -n -g --locations --key-uri
      User-Agent:
      - python/3.8.2 (Windows-10-10.0.18362-SP0) msrest/0.6.11 msrest_azure/0.6.2
        azure-mgmt-cosmosdb/0.12.0 Azure-SDK-For-Python AZURECLI/2.1.0
    method: GET
    uri: https://management.azure.com/subscriptions/00000000-0000-0000-0000-000000000000/providers/Microsoft.DocumentDB/locations/westus/operationsStatus/ff2cfe53-f879-414b-a7c5-b30e1c3f3604?api-version=2020-03-01
  response:
    body:
      string: '{"status":"Dequeued"}'
    headers:
      cache-control:
      - no-store, no-cache
      content-length:
      - '21'
      content-location:
      - https://management.documents-staging.windows-ppe.net:450/subscriptions/80be3961-0521-4a0a-8570-5cd5a4e2f98c/providers/Microsoft.DocumentDB/locations/westus/operationsStatus/ff2cfe53-f879-414b-a7c5-b30e1c3f3604?api-version=2020-03-01
      content-type:
      - application/json
      date:
      - Thu, 05 Mar 2020 03:24:29 GMT
      pragma:
      - no-cache
      server:
      - Microsoft-HTTPAPI/2.0
      strict-transport-security:
      - max-age=31536000; includeSubDomains
      transfer-encoding:
      - chunked
      vary:
      - Accept-Encoding
      x-content-type-options:
      - nosniff
      x-ms-gatewayversion:
      - version=2.10.0
    status:
      code: 200
      message: Ok
- request:
    body: null
    headers:
      Accept:
      - application/json
      Accept-Encoding:
      - gzip, deflate
      CommandName:
      - cosmosdb create
      Connection:
      - keep-alive
      ParameterSetName:
      - -n -g --locations --key-uri
      User-Agent:
      - python/3.8.2 (Windows-10-10.0.18362-SP0) msrest/0.6.11 msrest_azure/0.6.2
        azure-mgmt-cosmosdb/0.12.0 Azure-SDK-For-Python AZURECLI/2.1.0
    method: GET
    uri: https://management.azure.com/subscriptions/00000000-0000-0000-0000-000000000000/providers/Microsoft.DocumentDB/locations/westus/operationsStatus/ff2cfe53-f879-414b-a7c5-b30e1c3f3604?api-version=2020-03-01
  response:
    body:
      string: '{"status":"Succeeded"}'
    headers:
      cache-control:
      - no-store, no-cache
      content-length:
      - '22'
      content-location:
      - https://management.documents-staging.windows-ppe.net:450/subscriptions/80be3961-0521-4a0a-8570-5cd5a4e2f98c/providers/Microsoft.DocumentDB/locations/westus/operationsStatus/ff2cfe53-f879-414b-a7c5-b30e1c3f3604?api-version=2020-03-01
      content-type:
      - application/json
      date:
      - Thu, 05 Mar 2020 03:25:00 GMT
      pragma:
      - no-cache
      server:
      - Microsoft-HTTPAPI/2.0
      strict-transport-security:
      - max-age=31536000; includeSubDomains
      transfer-encoding:
      - chunked
      vary:
      - Accept-Encoding
      x-content-type-options:
      - nosniff
      x-ms-gatewayversion:
      - version=2.10.0
    status:
      code: 200
      message: Ok
- request:
    body: null
    headers:
      Accept:
      - application/json
      Accept-Encoding:
      - gzip, deflate
      CommandName:
      - cosmosdb create
      Connection:
      - keep-alive
      ParameterSetName:
      - -n -g --locations --key-uri
      User-Agent:
      - python/3.8.2 (Windows-10-10.0.18362-SP0) msrest/0.6.11 msrest_azure/0.6.2
        azure-mgmt-cosmosdb/0.12.0 Azure-SDK-For-Python AZURECLI/2.1.0
    method: GET
    uri: https://management.azure.com/subscriptions/00000000-0000-0000-0000-000000000000/resourceGroups/cli_test_cosmosdb_key_vault_key_uri000001/providers/Microsoft.DocumentDB/databaseAccounts/cli000004?api-version=2020-03-01
  response:
    body:
      string: '{"id":"/subscriptions/00000000-0000-0000-0000-000000000000/resourceGroups/cli_test_cosmosdb_key_vault_key_uri000001/providers/Microsoft.DocumentDB/databaseAccounts/cli000004","name":"cli000004","location":"West
        US","type":"Microsoft.DocumentDB/databaseAccounts","kind":"GlobalDocumentDB","tags":{},"properties":{"provisioningState":"Succeeded","documentEndpoint":"https://cli000004.documents-staging.windows-ppe.net:443/","ipRangeFilter":"","publicNetworkAccess":"Enabled","enableAutomaticFailover":false,"enableMultipleWriteLocations":false,"enablePartitionKeyMonitor":false,"isVirtualNetworkFilterEnabled":false,"virtualNetworkRules":[],"EnabledApiTypes":"Sql","disableKeyBasedMetadataWriteAccess":false,"enableFreeTier":false,"databaseAccountOfferType":"Standard","enableCassandraConnector":false,"connectorOffer":"","keyVaultKeyUri":"https://cli000002.vault.azure.net/keys/cli000003","consistencyPolicy":{"defaultConsistencyLevel":"Session","maxIntervalInSeconds":5,"maxStalenessPrefix":100},"configurationOverrides":{},"writeLocations":[{"id":"cli000004-eastus2","locationName":"East
        US 2","documentEndpoint":"https://cli000004-eastus2.documents-staging.windows-ppe.net:443/","provisioningState":"Succeeded","failoverPriority":0,"isZoneRedundant":false}],"readLocations":[{"id":"cli000004-eastus2","locationName":"East
        US 2","documentEndpoint":"https://cli000004-eastus2.documents-staging.windows-ppe.net:443/","provisioningState":"Succeeded","failoverPriority":0,"isZoneRedundant":false}],"locations":[{"id":"cli000004-eastus2","locationName":"East
        US 2","documentEndpoint":"https://cli000004-eastus2.documents-staging.windows-ppe.net:443/","provisioningState":"Succeeded","failoverPriority":0,"isZoneRedundant":false}],"failoverPolicies":[{"id":"cli000004-eastus2","locationName":"East
        US 2","failoverPriority":0}],"cors":[],"capabilities":[]}}'
    headers:
      cache-control:
      - no-store, no-cache
      content-length:
      - '1957'
      content-location:
      - https://management.documents-staging.windows-ppe.net:450/subscriptions/80be3961-0521-4a0a-8570-5cd5a4e2f98c/resourceGroups/cli_test_cosmosdb_key_vault_key_urivdppz4nkmlg4yxcx656sb5qmsvovbzwy7zuz22xi/providers/Microsoft.DocumentDB/databaseAccounts/clixtfkachhkdk7?api-version=2020-03-01
      content-type:
      - application/json
      date:
      - Thu, 05 Mar 2020 03:25:00 GMT
      pragma:
      - no-cache
      server:
      - Microsoft-HTTPAPI/2.0
      strict-transport-security:
      - max-age=31536000; includeSubDomains
      transfer-encoding:
      - chunked
      vary:
      - Accept-Encoding
      x-content-type-options:
      - nosniff
      x-ms-gatewayversion:
      - version=2.10.0
    status:
      code: 200
      message: Ok
- request:
    body: null
    headers:
      Accept:
      - application/json
      Accept-Encoding:
      - gzip, deflate
      CommandName:
      - cosmosdb create
      Connection:
      - keep-alive
      ParameterSetName:
      - -n -g --locations --key-uri
      User-Agent:
      - python/3.8.2 (Windows-10-10.0.18362-SP0) msrest/0.6.11 msrest_azure/0.6.2
        azure-mgmt-cosmosdb/0.12.0 Azure-SDK-For-Python AZURECLI/2.1.0
      accept-language:
      - en-US
    method: GET
    uri: https://management.azure.com/subscriptions/00000000-0000-0000-0000-000000000000/resourceGroups/cli_test_cosmosdb_key_vault_key_uri000001/providers/Microsoft.DocumentDB/databaseAccounts/cli000004?api-version=2020-03-01
  response:
    body:
      string: '{"id":"/subscriptions/00000000-0000-0000-0000-000000000000/resourceGroups/cli_test_cosmosdb_key_vault_key_uri000001/providers/Microsoft.DocumentDB/databaseAccounts/cli000004","name":"cli000004","location":"West
        US","type":"Microsoft.DocumentDB/databaseAccounts","kind":"GlobalDocumentDB","tags":{},"properties":{"provisioningState":"Succeeded","documentEndpoint":"https://cli000004.documents-staging.windows-ppe.net:443/","ipRangeFilter":"","publicNetworkAccess":"Enabled","enableAutomaticFailover":false,"enableMultipleWriteLocations":false,"enablePartitionKeyMonitor":false,"isVirtualNetworkFilterEnabled":false,"virtualNetworkRules":[],"EnabledApiTypes":"Sql","disableKeyBasedMetadataWriteAccess":false,"enableFreeTier":false,"databaseAccountOfferType":"Standard","enableCassandraConnector":false,"connectorOffer":"","keyVaultKeyUri":"https://cli000002.vault.azure.net/keys/cli000003","consistencyPolicy":{"defaultConsistencyLevel":"Session","maxIntervalInSeconds":5,"maxStalenessPrefix":100},"configurationOverrides":{},"writeLocations":[{"id":"cli000004-eastus2","locationName":"East
        US 2","documentEndpoint":"https://cli000004-eastus2.documents-staging.windows-ppe.net:443/","provisioningState":"Succeeded","failoverPriority":0,"isZoneRedundant":false}],"readLocations":[{"id":"cli000004-eastus2","locationName":"East
        US 2","documentEndpoint":"https://cli000004-eastus2.documents-staging.windows-ppe.net:443/","provisioningState":"Succeeded","failoverPriority":0,"isZoneRedundant":false}],"locations":[{"id":"cli000004-eastus2","locationName":"East
        US 2","documentEndpoint":"https://cli000004-eastus2.documents-staging.windows-ppe.net:443/","provisioningState":"Succeeded","failoverPriority":0,"isZoneRedundant":false}],"failoverPolicies":[{"id":"cli000004-eastus2","locationName":"East
        US 2","failoverPriority":0}],"cors":[],"capabilities":[]}}'
    headers:
      cache-control:
      - no-store, no-cache
      content-length:
      - '1957'
      content-location:
      - https://management.documents-staging.windows-ppe.net:450/subscriptions/80be3961-0521-4a0a-8570-5cd5a4e2f98c/resourceGroups/cli_test_cosmosdb_key_vault_key_urivdppz4nkmlg4yxcx656sb5qmsvovbzwy7zuz22xi/providers/Microsoft.DocumentDB/databaseAccounts/clixtfkachhkdk7?api-version=2020-03-01
      content-type:
      - application/json
      date:
      - Thu, 05 Mar 2020 03:25:01 GMT
      pragma:
      - no-cache
      server:
      - Microsoft-HTTPAPI/2.0
      strict-transport-security:
      - max-age=31536000; includeSubDomains
      transfer-encoding:
      - chunked
      vary:
      - Accept-Encoding
      x-content-type-options:
      - nosniff
      x-ms-gatewayversion:
      - version=2.10.0
    status:
      code: 200
      message: Ok
version: 1
