interactions:
- request:
    body: null
    headers:
      Accept:
      - application/json
      Accept-Encoding:
      - gzip, deflate
      CommandName:
      - cosmosdb create
      Connection:
      - keep-alive
      ParameterSetName:
      - -n -g --capabilities
      User-Agent:
      - AZURECLI/2.40.0 (PIP) azsdk-python-azure-mgmt-resource/21.1.0b1 Python/3.10.4
        (Windows-10-10.0.22621-SP0)
    method: GET
    uri: https://management.azure.com/subscriptions/00000000-0000-0000-0000-000000000000/resourcegroups/cli_test_cosmosdb_cassandra_resource_throughput_autoscale000001?api-version=2021-04-01
  response:
    body:
      string: '{"id":"/subscriptions/00000000-0000-0000-0000-000000000000/resourceGroups/cli_test_cosmosdb_cassandra_resource_throughput_autoscale000001","name":"cli_test_cosmosdb_cassandra_resource_throughput_autoscale000001","type":"Microsoft.Resources/resourceGroups","location":"westus","tags":{"product":"azurecli","cause":"automation","date":"2022-09-27T14:01:40Z"},"properties":{"provisioningState":"Succeeded"}}'
    headers:
      cache-control:
      - no-cache
      content-length:
      - '404'
      content-type:
      - application/json; charset=utf-8
      date:
      - Tue, 27 Sep 2022 14:01:42 GMT
      expires:
      - '-1'
      pragma:
      - no-cache
      strict-transport-security:
      - max-age=31536000; includeSubDomains
      vary:
      - Accept-Encoding
      x-content-type-options:
      - nosniff
    status:
      code: 200
      message: OK
- request:
    body: '{"location": "westus", "kind": "GlobalDocumentDB", "properties": {"locations":
      [{"locationName": "westus", "failoverPriority": 0, "isZoneRedundant": false}],
      "databaseAccountOfferType": "Standard", "capabilities": [{"name": "EnableCassandra"}],
      "apiProperties": {}, "createMode": "Default"}}'
    headers:
      Accept:
      - application/json
      Accept-Encoding:
      - gzip, deflate
      CommandName:
      - cosmosdb create
      Connection:
      - keep-alive
      Content-Length:
      - '291'
      Content-Type:
      - application/json
      ParameterSetName:
      - -n -g --capabilities
      User-Agent:
      - AZURECLI/2.40.0 (PIP) azsdk-python-mgmt-cosmosdb/8.0.0 Python/3.10.4 (Windows-10-10.0.22621-SP0)
    method: PUT
    uri: https://management.azure.com/subscriptions/00000000-0000-0000-0000-000000000000/resourceGroups/cli_test_cosmosdb_cassandra_resource_throughput_autoscale000001/providers/Microsoft.DocumentDB/databaseAccounts/cli000002?api-version=2022-08-15
  response:
    body:
      string: '{"id":"/subscriptions/00000000-0000-0000-0000-000000000000/resourceGroups/cli_test_cosmosdb_cassandra_resource_throughput_autoscale000001/providers/Microsoft.DocumentDB/databaseAccounts/cli000002","name":"cli000002","location":"West
        US","type":"Microsoft.DocumentDB/databaseAccounts","kind":"GlobalDocumentDB","tags":{},"systemData":{"createdAt":"2022-09-27T14:01:47.9965715Z"},"properties":{"provisioningState":"Creating","publicNetworkAccess":"Enabled","enableAutomaticFailover":false,"enableMultipleWriteLocations":false,"enablePartitionKeyMonitor":false,"isVirtualNetworkFilterEnabled":false,"virtualNetworkRules":[],"EnabledApiTypes":"Cassandra","disableKeyBasedMetadataWriteAccess":false,"enableFreeTier":false,"enableAnalyticalStorage":false,"analyticalStorageConfiguration":{"schemaType":"WellDefined"},"instanceId":"53b6b0e3-3eda-4ea0-8e16-c601b7120b8c","databaseAccountOfferType":"Standard","enableCassandraConnector":false,"connectorOffer":"","enableFullFidelityChangeFeed":false,"defaultIdentity":"","networkAclBypass":"None","disableLocalAuth":false,"enablePartitionMerge":false,"consistencyPolicy":{"defaultConsistencyLevel":"Session","maxIntervalInSeconds":5,"maxStalenessPrefix":100},"configurationOverrides":{},"writeLocations":[{"id":"cli000002-westus","locationName":"West
        US","provisioningState":"Creating","failoverPriority":0,"isZoneRedundant":false}],"readLocations":[{"id":"cli000002-westus","locationName":"West
        US","provisioningState":"Creating","failoverPriority":0,"isZoneRedundant":false}],"locations":[{"id":"cli000002-westus","locationName":"West
        US","provisioningState":"Creating","failoverPriority":0,"isZoneRedundant":false}],"failoverPolicies":[{"id":"cli000002-westus","locationName":"West
        US","failoverPriority":0}],"cors":[],"capabilities":[{"name":"EnableCassandra"}],"ipRules":[],"backupPolicy":{"type":"Periodic","periodicModeProperties":{"backupIntervalInMinutes":240,"backupRetentionIntervalInHours":8,"backupStorageRedundancy":"Invalid"}},"networkAclBypassResourceIds":[],"keysMetadata":{"primaryMasterKey":{"generationTime":"2022-09-27T14:01:47.9965715Z"},"secondaryMasterKey":{"generationTime":"2022-09-27T14:01:47.9965715Z"},"primaryReadonlyMasterKey":{"generationTime":"2022-09-27T14:01:47.9965715Z"},"secondaryReadonlyMasterKey":{"generationTime":"2022-09-27T14:01:47.9965715Z"}}},"identity":{"type":"None"}}'
    headers:
      azure-asyncoperation:
      - https://management.azure.com/subscriptions/00000000-0000-0000-0000-000000000000/providers/Microsoft.DocumentDB/locations/westus/operationsStatus/db2ad3bc-c41f-48a4-a510-c9a3f93083a0?api-version=2022-08-15
      cache-control:
      - no-store, no-cache
      content-length:
      - '2357'
      content-type:
      - application/json
      date:
      - Tue, 27 Sep 2022 14:01:50 GMT
      location:
      - https://management.azure.com/subscriptions/00000000-0000-0000-0000-000000000000/resourceGroups/cli_test_cosmosdb_cassandra_resource_throughput_autoscale000001/providers/Microsoft.DocumentDB/databaseAccounts/cli000002/operationResults/db2ad3bc-c41f-48a4-a510-c9a3f93083a0?api-version=2022-08-15
      pragma:
      - no-cache
      server:
      - Microsoft-HTTPAPI/2.0
      strict-transport-security:
      - max-age=31536000; includeSubDomains
      transfer-encoding:
      - chunked
      vary:
      - Accept-Encoding
      x-content-type-options:
      - nosniff
      x-ms-gatewayversion:
      - version=2.14.0
      x-ms-ratelimit-remaining-subscription-writes:
      - '1199'
    status:
      code: 200
      message: Ok
- request:
    body: null
    headers:
      Accept:
      - '*/*'
      Accept-Encoding:
      - gzip, deflate
      CommandName:
      - cosmosdb create
      Connection:
      - keep-alive
      ParameterSetName:
      - -n -g --capabilities
      User-Agent:
      - AZURECLI/2.40.0 (PIP) azsdk-python-mgmt-cosmosdb/8.0.0 Python/3.10.4 (Windows-10-10.0.22621-SP0)
    method: GET
    uri: https://management.azure.com/subscriptions/00000000-0000-0000-0000-000000000000/providers/Microsoft.DocumentDB/locations/westus/operationsStatus/db2ad3bc-c41f-48a4-a510-c9a3f93083a0?api-version=2022-08-15
  response:
    body:
      string: '{"status":"Dequeued"}'
    headers:
      cache-control:
      - no-store, no-cache
      content-length:
      - '21'
      content-type:
      - application/json
      date:
      - Tue, 27 Sep 2022 14:02:20 GMT
      pragma:
      - no-cache
      server:
      - Microsoft-HTTPAPI/2.0
      strict-transport-security:
      - max-age=31536000; includeSubDomains
      transfer-encoding:
      - chunked
      vary:
      - Accept-Encoding
      x-content-type-options:
      - nosniff
      x-ms-gatewayversion:
      - version=2.14.0
    status:
      code: 200
      message: Ok
- request:
    body: null
    headers:
      Accept:
      - '*/*'
      Accept-Encoding:
      - gzip, deflate
      CommandName:
      - cosmosdb create
      Connection:
      - keep-alive
      ParameterSetName:
      - -n -g --capabilities
      User-Agent:
      - AZURECLI/2.40.0 (PIP) azsdk-python-mgmt-cosmosdb/8.0.0 Python/3.10.4 (Windows-10-10.0.22621-SP0)
    method: GET
    uri: https://management.azure.com/subscriptions/00000000-0000-0000-0000-000000000000/providers/Microsoft.DocumentDB/locations/westus/operationsStatus/db2ad3bc-c41f-48a4-a510-c9a3f93083a0?api-version=2022-08-15
  response:
    body:
      string: '{"status":"Dequeued"}'
    headers:
      cache-control:
      - no-store, no-cache
      content-length:
      - '21'
      content-type:
      - application/json
      date:
      - Tue, 27 Sep 2022 14:02:49 GMT
      pragma:
      - no-cache
      server:
      - Microsoft-HTTPAPI/2.0
      strict-transport-security:
      - max-age=31536000; includeSubDomains
      transfer-encoding:
      - chunked
      vary:
      - Accept-Encoding
      x-content-type-options:
      - nosniff
      x-ms-gatewayversion:
      - version=2.14.0
    status:
      code: 200
      message: Ok
- request:
    body: null
    headers:
      Accept:
      - '*/*'
      Accept-Encoding:
      - gzip, deflate
      CommandName:
      - cosmosdb create
      Connection:
      - keep-alive
      ParameterSetName:
      - -n -g --capabilities
      User-Agent:
      - AZURECLI/2.40.0 (PIP) azsdk-python-mgmt-cosmosdb/8.0.0 Python/3.10.4 (Windows-10-10.0.22621-SP0)
    method: GET
    uri: https://management.azure.com/subscriptions/00000000-0000-0000-0000-000000000000/providers/Microsoft.DocumentDB/locations/westus/operationsStatus/db2ad3bc-c41f-48a4-a510-c9a3f93083a0?api-version=2022-08-15
  response:
    body:
      string: '{"status":"Dequeued"}'
    headers:
      cache-control:
      - no-store, no-cache
      content-length:
      - '21'
      content-type:
      - application/json
      date:
      - Tue, 27 Sep 2022 14:03:20 GMT
      pragma:
      - no-cache
      server:
      - Microsoft-HTTPAPI/2.0
      strict-transport-security:
      - max-age=31536000; includeSubDomains
      transfer-encoding:
      - chunked
      vary:
      - Accept-Encoding
      x-content-type-options:
      - nosniff
      x-ms-gatewayversion:
      - version=2.14.0
    status:
      code: 200
      message: Ok
- request:
    body: null
    headers:
      Accept:
      - '*/*'
      Accept-Encoding:
      - gzip, deflate
      CommandName:
      - cosmosdb create
      Connection:
      - keep-alive
      ParameterSetName:
      - -n -g --capabilities
      User-Agent:
      - AZURECLI/2.40.0 (PIP) azsdk-python-mgmt-cosmosdb/8.0.0 Python/3.10.4 (Windows-10-10.0.22621-SP0)
    method: GET
    uri: https://management.azure.com/subscriptions/00000000-0000-0000-0000-000000000000/providers/Microsoft.DocumentDB/locations/westus/operationsStatus/db2ad3bc-c41f-48a4-a510-c9a3f93083a0?api-version=2022-08-15
  response:
    body:
      string: '{"status":"Dequeued"}'
    headers:
      cache-control:
      - no-store, no-cache
      content-length:
      - '21'
      content-type:
      - application/json
      date:
      - Tue, 27 Sep 2022 14:03:49 GMT
      pragma:
      - no-cache
      server:
      - Microsoft-HTTPAPI/2.0
      strict-transport-security:
      - max-age=31536000; includeSubDomains
      transfer-encoding:
      - chunked
      vary:
      - Accept-Encoding
      x-content-type-options:
      - nosniff
      x-ms-gatewayversion:
      - version=2.14.0
    status:
      code: 200
      message: Ok
- request:
    body: null
    headers:
      Accept:
      - '*/*'
      Accept-Encoding:
      - gzip, deflate
      CommandName:
      - cosmosdb create
      Connection:
      - keep-alive
      ParameterSetName:
      - -n -g --capabilities
      User-Agent:
      - AZURECLI/2.40.0 (PIP) azsdk-python-mgmt-cosmosdb/8.0.0 Python/3.10.4 (Windows-10-10.0.22621-SP0)
    method: GET
    uri: https://management.azure.com/subscriptions/00000000-0000-0000-0000-000000000000/providers/Microsoft.DocumentDB/locations/westus/operationsStatus/db2ad3bc-c41f-48a4-a510-c9a3f93083a0?api-version=2022-08-15
  response:
    body:
      string: '{"status":"Dequeued"}'
    headers:
      cache-control:
      - no-store, no-cache
      content-length:
      - '21'
      content-type:
      - application/json
      date:
      - Tue, 27 Sep 2022 14:04:20 GMT
      pragma:
      - no-cache
      server:
      - Microsoft-HTTPAPI/2.0
      strict-transport-security:
      - max-age=31536000; includeSubDomains
      transfer-encoding:
      - chunked
      vary:
      - Accept-Encoding
      x-content-type-options:
      - nosniff
      x-ms-gatewayversion:
      - version=2.14.0
    status:
      code: 200
      message: Ok
- request:
    body: null
    headers:
      Accept:
      - '*/*'
      Accept-Encoding:
      - gzip, deflate
      CommandName:
      - cosmosdb create
      Connection:
      - keep-alive
      ParameterSetName:
      - -n -g --capabilities
      User-Agent:
      - AZURECLI/2.40.0 (PIP) azsdk-python-mgmt-cosmosdb/8.0.0 Python/3.10.4 (Windows-10-10.0.22621-SP0)
    method: GET
    uri: https://management.azure.com/subscriptions/00000000-0000-0000-0000-000000000000/providers/Microsoft.DocumentDB/locations/westus/operationsStatus/db2ad3bc-c41f-48a4-a510-c9a3f93083a0?api-version=2022-08-15
  response:
    body:
      string: '{"status":"Dequeued"}'
    headers:
      cache-control:
      - no-store, no-cache
      content-length:
      - '21'
      content-type:
      - application/json
      date:
      - Tue, 27 Sep 2022 14:04:51 GMT
      pragma:
      - no-cache
      server:
      - Microsoft-HTTPAPI/2.0
      strict-transport-security:
      - max-age=31536000; includeSubDomains
      transfer-encoding:
      - chunked
      vary:
      - Accept-Encoding
      x-content-type-options:
      - nosniff
      x-ms-gatewayversion:
      - version=2.14.0
    status:
      code: 200
      message: Ok
- request:
    body: null
    headers:
      Accept:
      - '*/*'
      Accept-Encoding:
      - gzip, deflate
      CommandName:
      - cosmosdb create
      Connection:
      - keep-alive
      ParameterSetName:
      - -n -g --capabilities
      User-Agent:
      - AZURECLI/2.40.0 (PIP) azsdk-python-mgmt-cosmosdb/8.0.0 Python/3.10.4 (Windows-10-10.0.22621-SP0)
    method: GET
    uri: https://management.azure.com/subscriptions/00000000-0000-0000-0000-000000000000/providers/Microsoft.DocumentDB/locations/westus/operationsStatus/db2ad3bc-c41f-48a4-a510-c9a3f93083a0?api-version=2022-08-15
  response:
    body:
      string: '{"status":"Succeeded"}'
    headers:
      cache-control:
      - no-store, no-cache
      content-length:
      - '22'
      content-type:
      - application/json
      date:
      - Tue, 27 Sep 2022 14:05:20 GMT
      pragma:
      - no-cache
      server:
      - Microsoft-HTTPAPI/2.0
      strict-transport-security:
      - max-age=31536000; includeSubDomains
      transfer-encoding:
      - chunked
      vary:
      - Accept-Encoding
      x-content-type-options:
      - nosniff
      x-ms-gatewayversion:
      - version=2.14.0
    status:
      code: 200
      message: Ok
- request:
    body: null
    headers:
      Accept:
      - '*/*'
      Accept-Encoding:
      - gzip, deflate
      CommandName:
      - cosmosdb create
      Connection:
      - keep-alive
      ParameterSetName:
      - -n -g --capabilities
      User-Agent:
      - AZURECLI/2.40.0 (PIP) azsdk-python-mgmt-cosmosdb/8.0.0 Python/3.10.4 (Windows-10-10.0.22621-SP0)
    method: GET
    uri: https://management.azure.com/subscriptions/00000000-0000-0000-0000-000000000000/resourceGroups/cli_test_cosmosdb_cassandra_resource_throughput_autoscale000001/providers/Microsoft.DocumentDB/databaseAccounts/cli000002?api-version=2022-08-15
  response:
    body:
      string: '{"id":"/subscriptions/00000000-0000-0000-0000-000000000000/resourceGroups/cli_test_cosmosdb_cassandra_resource_throughput_autoscale000001/providers/Microsoft.DocumentDB/databaseAccounts/cli000002","name":"cli000002","location":"West
        US","type":"Microsoft.DocumentDB/databaseAccounts","kind":"GlobalDocumentDB","tags":{},"systemData":{"createdAt":"2022-09-27T14:04:47.8620862Z"},"properties":{"provisioningState":"Succeeded","documentEndpoint":"https://cli000002.documents.azure.com:443/","cassandraEndpoint":"https://cli000002.cassandra.cosmos.azure.com:443/","publicNetworkAccess":"Enabled","enableAutomaticFailover":false,"enableMultipleWriteLocations":false,"enablePartitionKeyMonitor":false,"isVirtualNetworkFilterEnabled":false,"virtualNetworkRules":[],"EnabledApiTypes":"Cassandra","disableKeyBasedMetadataWriteAccess":false,"enableFreeTier":false,"enableAnalyticalStorage":false,"analyticalStorageConfiguration":{"schemaType":"WellDefined"},"instanceId":"53b6b0e3-3eda-4ea0-8e16-c601b7120b8c","databaseAccountOfferType":"Standard","enableCassandraConnector":false,"connectorOffer":"","enableFullFidelityChangeFeed":false,"defaultIdentity":"FirstPartyIdentity","networkAclBypass":"None","disableLocalAuth":false,"enablePartitionMerge":false,"consistencyPolicy":{"defaultConsistencyLevel":"Session","maxIntervalInSeconds":5,"maxStalenessPrefix":100},"configurationOverrides":{},"writeLocations":[{"id":"cli000002-westus","locationName":"West
        US","documentEndpoint":"https://cli000002-westus.documents.azure.com:443/","provisioningState":"Succeeded","failoverPriority":0,"isZoneRedundant":false}],"readLocations":[{"id":"cli000002-westus","locationName":"West
        US","documentEndpoint":"https://cli000002-westus.documents.azure.com:443/","provisioningState":"Succeeded","failoverPriority":0,"isZoneRedundant":false}],"locations":[{"id":"cli000002-westus","locationName":"West
        US","documentEndpoint":"https://cli000002-westus.documents.azure.com:443/","provisioningState":"Succeeded","failoverPriority":0,"isZoneRedundant":false}],"failoverPolicies":[{"id":"cli000002-westus","locationName":"West
        US","failoverPriority":0}],"cors":[],"capabilities":[{"name":"EnableCassandra"}],"ipRules":[],"backupPolicy":{"type":"Periodic","periodicModeProperties":{"backupIntervalInMinutes":240,"backupRetentionIntervalInHours":8,"backupStorageRedundancy":"Geo"}},"networkAclBypassResourceIds":[],"keysMetadata":{"primaryMasterKey":{"generationTime":"2022-09-27T14:04:47.8620862Z"},"secondaryMasterKey":{"generationTime":"2022-09-27T14:04:47.8620862Z"},"primaryReadonlyMasterKey":{"generationTime":"2022-09-27T14:04:47.8620862Z"},"secondaryReadonlyMasterKey":{"generationTime":"2022-09-27T14:04:47.8620862Z"}}},"identity":{"type":"None"}}'
    headers:
      cache-control:
      - no-store, no-cache
      content-length:
      - '2724'
      content-type:
      - application/json
      date:
      - Tue, 27 Sep 2022 14:05:20 GMT
      pragma:
      - no-cache
      server:
      - Microsoft-HTTPAPI/2.0
      strict-transport-security:
      - max-age=31536000; includeSubDomains
      transfer-encoding:
      - chunked
      vary:
      - Accept-Encoding
      x-content-type-options:
      - nosniff
      x-ms-gatewayversion:
      - version=2.14.0
    status:
      code: 200
      message: Ok
- request:
    body: null
    headers:
      Accept:
      - application/json
      Accept-Encoding:
      - gzip, deflate
      CommandName:
      - cosmosdb create
      Connection:
      - keep-alive
      ParameterSetName:
      - -n -g --capabilities
      User-Agent:
      - AZURECLI/2.40.0 (PIP) azsdk-python-mgmt-cosmosdb/8.0.0 Python/3.10.4 (Windows-10-10.0.22621-SP0)
    method: GET
    uri: https://management.azure.com/subscriptions/00000000-0000-0000-0000-000000000000/resourceGroups/cli_test_cosmosdb_cassandra_resource_throughput_autoscale000001/providers/Microsoft.DocumentDB/databaseAccounts/cli000002?api-version=2022-08-15
  response:
    body:
      string: '{"id":"/subscriptions/00000000-0000-0000-0000-000000000000/resourceGroups/cli_test_cosmosdb_cassandra_resource_throughput_autoscale000001/providers/Microsoft.DocumentDB/databaseAccounts/cli000002","name":"cli000002","location":"West
        US","type":"Microsoft.DocumentDB/databaseAccounts","kind":"GlobalDocumentDB","tags":{},"systemData":{"createdAt":"2022-09-27T14:04:47.8620862Z"},"properties":{"provisioningState":"Succeeded","documentEndpoint":"https://cli000002.documents.azure.com:443/","cassandraEndpoint":"https://cli000002.cassandra.cosmos.azure.com:443/","publicNetworkAccess":"Enabled","enableAutomaticFailover":false,"enableMultipleWriteLocations":false,"enablePartitionKeyMonitor":false,"isVirtualNetworkFilterEnabled":false,"virtualNetworkRules":[],"EnabledApiTypes":"Cassandra","disableKeyBasedMetadataWriteAccess":false,"enableFreeTier":false,"enableAnalyticalStorage":false,"analyticalStorageConfiguration":{"schemaType":"WellDefined"},"instanceId":"53b6b0e3-3eda-4ea0-8e16-c601b7120b8c","databaseAccountOfferType":"Standard","enableCassandraConnector":false,"connectorOffer":"","enableFullFidelityChangeFeed":false,"defaultIdentity":"FirstPartyIdentity","networkAclBypass":"None","disableLocalAuth":false,"enablePartitionMerge":false,"consistencyPolicy":{"defaultConsistencyLevel":"Session","maxIntervalInSeconds":5,"maxStalenessPrefix":100},"configurationOverrides":{},"writeLocations":[{"id":"cli000002-westus","locationName":"West
        US","documentEndpoint":"https://cli000002-westus.documents.azure.com:443/","provisioningState":"Succeeded","failoverPriority":0,"isZoneRedundant":false}],"readLocations":[{"id":"cli000002-westus","locationName":"West
        US","documentEndpoint":"https://cli000002-westus.documents.azure.com:443/","provisioningState":"Succeeded","failoverPriority":0,"isZoneRedundant":false}],"locations":[{"id":"cli000002-westus","locationName":"West
        US","documentEndpoint":"https://cli000002-westus.documents.azure.com:443/","provisioningState":"Succeeded","failoverPriority":0,"isZoneRedundant":false}],"failoverPolicies":[{"id":"cli000002-westus","locationName":"West
        US","failoverPriority":0}],"cors":[],"capabilities":[{"name":"EnableCassandra"}],"ipRules":[],"backupPolicy":{"type":"Periodic","periodicModeProperties":{"backupIntervalInMinutes":240,"backupRetentionIntervalInHours":8,"backupStorageRedundancy":"Geo"}},"networkAclBypassResourceIds":[],"keysMetadata":{"primaryMasterKey":{"generationTime":"2022-09-27T14:04:47.8620862Z"},"secondaryMasterKey":{"generationTime":"2022-09-27T14:04:47.8620862Z"},"primaryReadonlyMasterKey":{"generationTime":"2022-09-27T14:04:47.8620862Z"},"secondaryReadonlyMasterKey":{"generationTime":"2022-09-27T14:04:47.8620862Z"}}},"identity":{"type":"None"}}'
    headers:
      cache-control:
      - no-store, no-cache
      content-length:
      - '2724'
      content-type:
      - application/json
      date:
      - Tue, 27 Sep 2022 14:05:21 GMT
      pragma:
      - no-cache
      server:
      - Microsoft-HTTPAPI/2.0
      strict-transport-security:
      - max-age=31536000; includeSubDomains
      transfer-encoding:
      - chunked
      vary:
      - Accept-Encoding
      x-content-type-options:
      - nosniff
      x-ms-gatewayversion:
      - version=2.14.0
    status:
      code: 200
      message: Ok
- request:
    body: '{"properties": {"resource": {"id": "cli000003"}, "options": {"throughput":
      800}}}'
    headers:
      Accept:
      - application/json
      Accept-Encoding:
      - gzip, deflate
      CommandName:
      - cosmosdb cassandra keyspace create
      Connection:
      - keep-alive
      Content-Length:
      - '81'
      Content-Type:
      - application/json
      ParameterSetName:
      - -g -a -n --throughput
      User-Agent:
      - AZURECLI/2.40.0 (PIP) azsdk-python-mgmt-cosmosdb/8.0.0 Python/3.10.4 (Windows-10-10.0.22621-SP0)
    method: PUT
    uri: https://management.azure.com/subscriptions/00000000-0000-0000-0000-000000000000/resourceGroups/cli_test_cosmosdb_cassandra_resource_throughput_autoscale000001/providers/Microsoft.DocumentDB/databaseAccounts/cli000002/cassandraKeyspaces/cli000003?api-version=2022-08-15
  response:
    body:
      string: '{"status":"Enqueued"}'
    headers:
      azure-asyncoperation:
      - https://management.azure.com/subscriptions/00000000-0000-0000-0000-000000000000/providers/Microsoft.DocumentDB/locations/westus/operationsStatus/a136d655-2292-4561-b32b-a6438604b92a?api-version=2022-08-15
      cache-control:
      - no-store, no-cache
      content-length:
      - '21'
      content-type:
      - application/json
      date:
      - Tue, 27 Sep 2022 14:05:21 GMT
      location:
      - https://management.azure.com/subscriptions/00000000-0000-0000-0000-000000000000/resourceGroups/cli_test_cosmosdb_cassandra_resource_throughput_autoscale000001/providers/Microsoft.DocumentDB/databaseAccounts/cli000002/cassandraKeyspaces/cli000003/operationResults/a136d655-2292-4561-b32b-a6438604b92a?api-version=2022-08-15
      pragma:
      - no-cache
      server:
      - Microsoft-HTTPAPI/2.0
      strict-transport-security:
      - max-age=31536000; includeSubDomains
      x-content-type-options:
      - nosniff
      x-ms-gatewayversion:
      - version=2.14.0
      x-ms-ratelimit-remaining-subscription-writes:
      - '1199'
    status:
      code: 202
      message: Accepted
- request:
    body: null
    headers:
      Accept:
      - '*/*'
      Accept-Encoding:
      - gzip, deflate
      CommandName:
      - cosmosdb cassandra keyspace create
      Connection:
      - keep-alive
      ParameterSetName:
      - -g -a -n --throughput
      User-Agent:
      - AZURECLI/2.40.0 (PIP) azsdk-python-mgmt-cosmosdb/8.0.0 Python/3.10.4 (Windows-10-10.0.22621-SP0)
    method: GET
    uri: https://management.azure.com/subscriptions/00000000-0000-0000-0000-000000000000/providers/Microsoft.DocumentDB/locations/westus/operationsStatus/a136d655-2292-4561-b32b-a6438604b92a?api-version=2022-08-15
  response:
    body:
      string: '{"status":"Succeeded"}'
    headers:
      cache-control:
      - no-store, no-cache
      content-length:
      - '22'
      content-type:
      - application/json
      date:
      - Tue, 27 Sep 2022 14:05:52 GMT
      pragma:
      - no-cache
      server:
      - Microsoft-HTTPAPI/2.0
      strict-transport-security:
      - max-age=31536000; includeSubDomains
      transfer-encoding:
      - chunked
      vary:
      - Accept-Encoding
      x-content-type-options:
      - nosniff
      x-ms-gatewayversion:
      - version=2.14.0
    status:
      code: 200
      message: Ok
- request:
    body: null
    headers:
      Accept:
      - '*/*'
      Accept-Encoding:
      - gzip, deflate
      CommandName:
      - cosmosdb cassandra keyspace create
      Connection:
      - keep-alive
      ParameterSetName:
      - -g -a -n --throughput
      User-Agent:
      - AZURECLI/2.40.0 (PIP) azsdk-python-mgmt-cosmosdb/8.0.0 Python/3.10.4 (Windows-10-10.0.22621-SP0)
    method: GET
    uri: https://management.azure.com/subscriptions/00000000-0000-0000-0000-000000000000/resourceGroups/cli_test_cosmosdb_cassandra_resource_throughput_autoscale000001/providers/Microsoft.DocumentDB/databaseAccounts/cli000002/cassandraKeyspaces/cli000003?api-version=2022-08-15
  response:
    body:
      string: '{"id":"/subscriptions/00000000-0000-0000-0000-000000000000/resourceGroups/cli_test_cosmosdb_cassandra_resource_throughput_autoscale000001/providers/Microsoft.DocumentDB/databaseAccounts/cli000002/cassandraKeyspaces/cli000003","type":"Microsoft.DocumentDB/databaseAccounts/cassandraKeyspaces","name":"cli000003","properties":{"resource":{"id":"cli000003","_rid":"phIrAA==","_etag":"\"0000d910-0000-0700-0000-6333032a0000\"","_ts":1664287530}}}'
    headers:
      cache-control:
      - no-store, no-cache
      content-length:
      - '442'
      content-type:
      - application/json
      date:
      - Tue, 27 Sep 2022 14:05:53 GMT
      pragma:
      - no-cache
      server:
      - Microsoft-HTTPAPI/2.0
      strict-transport-security:
      - max-age=31536000; includeSubDomains
      transfer-encoding:
      - chunked
      vary:
      - Accept-Encoding
      x-content-type-options:
      - nosniff
      x-ms-gatewayversion:
      - version=2.14.0
    status:
      code: 200
      message: Ok
- request:
    body: null
    headers:
      Accept:
      - application/json
      Accept-Encoding:
      - gzip, deflate
      CommandName:
      - cosmosdb cassandra keyspace throughput show
      Connection:
      - keep-alive
      ParameterSetName:
      - -g -a -n
      User-Agent:
      - AZURECLI/2.40.0 (PIP) azsdk-python-mgmt-cosmosdb/8.0.0 Python/3.10.4 (Windows-10-10.0.22621-SP0)
    method: GET
    uri: https://management.azure.com/subscriptions/00000000-0000-0000-0000-000000000000/resourceGroups/cli_test_cosmosdb_cassandra_resource_throughput_autoscale000001/providers/Microsoft.DocumentDB/databaseAccounts/cli000002/cassandraKeyspaces/cli000003/throughputSettings/default?api-version=2022-08-15
  response:
    body:
      string: '{"id":"/subscriptions/00000000-0000-0000-0000-000000000000/resourceGroups/cli_test_cosmosdb_cassandra_resource_throughput_autoscale000001/providers/Microsoft.DocumentDB/databaseAccounts/cli000002/cassandraKeyspaces/cli000003/throughputSettings/default","type":"Microsoft.DocumentDB/databaseAccounts/cassandraKeyspaces/throughputSettings","name":"9XSl","properties":{"resource":{"throughput":800,"minimumThroughput":"400"}}}'
    headers:
      cache-control:
      - no-store, no-cache
      content-length:
      - '423'
      content-type:
      - application/json
      date:
      - Tue, 27 Sep 2022 14:05:54 GMT
      pragma:
      - no-cache
      server:
      - Microsoft-HTTPAPI/2.0
      strict-transport-security:
      - max-age=31536000; includeSubDomains
      transfer-encoding:
      - chunked
      vary:
      - Accept-Encoding
      x-content-type-options:
      - nosniff
      x-ms-gatewayversion:
      - version=2.14.0
    status:
      code: 200
      message: Ok
- request:
    body: null
    headers:
      Accept:
      - application/json
      Accept-Encoding:
      - gzip, deflate
      CommandName:
      - cosmosdb cassandra keyspace throughput migrate
      Connection:
      - keep-alive
      Content-Length:
      - '0'
      ParameterSetName:
      - --throughput-type -g -a -n
      User-Agent:
      - AZURECLI/2.40.0 (PIP) azsdk-python-mgmt-cosmosdb/8.0.0 Python/3.10.4 (Windows-10-10.0.22621-SP0)
    method: POST
    uri: https://management.azure.com/subscriptions/00000000-0000-0000-0000-000000000000/resourceGroups/cli_test_cosmosdb_cassandra_resource_throughput_autoscale000001/providers/Microsoft.DocumentDB/databaseAccounts/cli000002/cassandraKeyspaces/cli000003/throughputSettings/default/migrateToAutoscale?api-version=2022-08-15
  response:
    body:
      string: '{"status":"Enqueued"}'
    headers:
      azure-asyncoperation:
      - https://management.azure.com/subscriptions/00000000-0000-0000-0000-000000000000/providers/Microsoft.DocumentDB/locations/westus/operationsStatus/19ec6012-c37f-4246-b415-642ad635371e?api-version=2022-08-15
      cache-control:
      - no-store, no-cache
      content-length:
      - '21'
      content-type:
      - application/json
      date:
      - Tue, 27 Sep 2022 14:05:56 GMT
      location:
      - https://management.azure.com/subscriptions/00000000-0000-0000-0000-000000000000/resourceGroups/cli_test_cosmosdb_cassandra_resource_throughput_autoscale000001/providers/Microsoft.DocumentDB/databaseAccounts/cli000002/cassandraKeyspaces/cli000003/throughputSettings/default/migrateToAutoscale/operationResults/19ec6012-c37f-4246-b415-642ad635371e?api-version=2022-08-15
      pragma:
      - no-cache
      server:
      - Microsoft-HTTPAPI/2.0
      strict-transport-security:
      - max-age=31536000; includeSubDomains
      x-content-type-options:
      - nosniff
      x-ms-gatewayversion:
      - version=2.14.0
      x-ms-ratelimit-remaining-subscription-writes:
      - '1199'
    status:
      code: 202
      message: Accepted
- request:
    body: null
    headers:
      Accept:
      - '*/*'
      Accept-Encoding:
      - gzip, deflate
      CommandName:
      - cosmosdb cassandra keyspace throughput migrate
      Connection:
      - keep-alive
      ParameterSetName:
      - --throughput-type -g -a -n
      User-Agent:
      - AZURECLI/2.40.0 (PIP) azsdk-python-mgmt-cosmosdb/8.0.0 Python/3.10.4 (Windows-10-10.0.22621-SP0)
    method: GET
    uri: https://management.azure.com/subscriptions/00000000-0000-0000-0000-000000000000/providers/Microsoft.DocumentDB/locations/westus/operationsStatus/19ec6012-c37f-4246-b415-642ad635371e?api-version=2022-08-15
  response:
    body:
      string: '{"status":"Succeeded"}'
    headers:
      cache-control:
      - no-store, no-cache
      content-length:
      - '22'
      content-type:
      - application/json
      date:
      - Tue, 27 Sep 2022 14:06:26 GMT
      pragma:
      - no-cache
      server:
      - Microsoft-HTTPAPI/2.0
      strict-transport-security:
      - max-age=31536000; includeSubDomains
      transfer-encoding:
      - chunked
      vary:
      - Accept-Encoding
      x-content-type-options:
      - nosniff
      x-ms-gatewayversion:
      - version=2.14.0
    status:
      code: 200
      message: Ok
- request:
    body: null
    headers:
      Accept:
      - '*/*'
      Accept-Encoding:
      - gzip, deflate
      CommandName:
      - cosmosdb cassandra keyspace throughput migrate
      Connection:
      - keep-alive
      ParameterSetName:
      - --throughput-type -g -a -n
      User-Agent:
      - AZURECLI/2.40.0 (PIP) azsdk-python-mgmt-cosmosdb/8.0.0 Python/3.10.4 (Windows-10-10.0.22621-SP0)
    method: GET
    uri: https://management.azure.com/subscriptions/00000000-0000-0000-0000-000000000000/resourceGroups/cli_test_cosmosdb_cassandra_resource_throughput_autoscale000001/providers/Microsoft.DocumentDB/databaseAccounts/cli000002/cassandraKeyspaces/cli000003/throughputSettings/default/migrateToAutoscale/operationResults/19ec6012-c37f-4246-b415-642ad635371e?api-version=2022-08-15
  response:
    body:
      string: '{"id":"/subscriptions/00000000-0000-0000-0000-000000000000/resourceGroups/cli_test_cosmosdb_cassandra_resource_throughput_autoscale000001/providers/Microsoft.DocumentDB/databaseAccounts/cli000002/cassandraKeyspaces/cli000003/throughputSettings/default/migrateToAutoscale","type":"Microsoft.DocumentDB/databaseAccounts/cassandraKeyspaces/throughputSettings/migrateToAutoscale","name":"9XSl","properties":{"resource":{"throughput":100,"autoscaleSettings":{"maxThroughput":1000},"minimumThroughput":"1000"}}}'
    headers:
      cache-control:
      - no-store, no-cache
      content-length:
      - '505'
      content-type:
      - application/json
      date:
      - Tue, 27 Sep 2022 14:06:26 GMT
      pragma:
      - no-cache
      server:
      - Microsoft-HTTPAPI/2.0
      strict-transport-security:
      - max-age=31536000; includeSubDomains
      transfer-encoding:
      - chunked
      vary:
      - Accept-Encoding
      x-content-type-options:
      - nosniff
      x-ms-gatewayversion:
      - version=2.14.0
    status:
      code: 200
      message: Ok
- request:
    body: null
    headers:
      Accept:
      - application/json
      Accept-Encoding:
      - gzip, deflate
      CommandName:
      - cosmosdb cassandra keyspace throughput show
      Connection:
      - keep-alive
      ParameterSetName:
      - -g -a -n
      User-Agent:
      - AZURECLI/2.40.0 (PIP) azsdk-python-mgmt-cosmosdb/8.0.0 Python/3.10.4 (Windows-10-10.0.22621-SP0)
    method: GET
    uri: https://management.azure.com/subscriptions/00000000-0000-0000-0000-000000000000/resourceGroups/cli_test_cosmosdb_cassandra_resource_throughput_autoscale000001/providers/Microsoft.DocumentDB/databaseAccounts/cli000002/cassandraKeyspaces/cli000003/throughputSettings/default?api-version=2022-08-15
  response:
    body:
      string: '{"id":"/subscriptions/00000000-0000-0000-0000-000000000000/resourceGroups/cli_test_cosmosdb_cassandra_resource_throughput_autoscale000001/providers/Microsoft.DocumentDB/databaseAccounts/cli000002/cassandraKeyspaces/cli000003/throughputSettings/default","type":"Microsoft.DocumentDB/databaseAccounts/cassandraKeyspaces/throughputSettings","name":"9XSl","properties":{"resource":{"throughput":100,"autoscaleSettings":{"maxThroughput":1000},"minimumThroughput":"1000"}}}'
    headers:
      cache-control:
      - no-store, no-cache
      content-length:
      - '467'
      content-type:
      - application/json
      date:
      - Tue, 27 Sep 2022 14:06:26 GMT
      pragma:
      - no-cache
      server:
      - Microsoft-HTTPAPI/2.0
      strict-transport-security:
      - max-age=31536000; includeSubDomains
      transfer-encoding:
      - chunked
      vary:
      - Accept-Encoding
      x-content-type-options:
      - nosniff
      x-ms-gatewayversion:
      - version=2.14.0
    status:
      code: 200
      message: Ok
- request:
    body: '{"properties": {"resource": {"autoscaleSettings": {"maxThroughput": 8000}}}}'
    headers:
      Accept:
      - application/json
      Accept-Encoding:
      - gzip, deflate
      CommandName:
      - cosmosdb cassandra keyspace throughput update
      Connection:
      - keep-alive
      Content-Length:
      - '76'
      Content-Type:
      - application/json
      ParameterSetName:
      - -g -a -n --max-throughput
      User-Agent:
      - AZURECLI/2.40.0 (PIP) azsdk-python-mgmt-cosmosdb/8.0.0 Python/3.10.4 (Windows-10-10.0.22621-SP0)
    method: PUT
    uri: https://management.azure.com/subscriptions/00000000-0000-0000-0000-000000000000/resourceGroups/cli_test_cosmosdb_cassandra_resource_throughput_autoscale000001/providers/Microsoft.DocumentDB/databaseAccounts/cli000002/cassandraKeyspaces/cli000003/throughputSettings/default?api-version=2022-08-15
  response:
    body:
      string: '{"status":"Enqueued"}'
    headers:
      azure-asyncoperation:
      - https://management.azure.com/subscriptions/00000000-0000-0000-0000-000000000000/providers/Microsoft.DocumentDB/locations/westus/operationsStatus/d1bc8cd5-6175-48e3-9d0e-33026e7ec553?api-version=2022-08-15
      cache-control:
      - no-store, no-cache
      content-length:
      - '21'
      content-type:
      - application/json
      date:
      - Tue, 27 Sep 2022 14:06:28 GMT
      location:
      - https://management.azure.com/subscriptions/00000000-0000-0000-0000-000000000000/resourceGroups/cli_test_cosmosdb_cassandra_resource_throughput_autoscale000001/providers/Microsoft.DocumentDB/databaseAccounts/cli000002/cassandraKeyspaces/cli000003/throughputSettings/default/operationResults/d1bc8cd5-6175-48e3-9d0e-33026e7ec553?api-version=2022-08-15
      pragma:
      - no-cache
      server:
      - Microsoft-HTTPAPI/2.0
      strict-transport-security:
      - max-age=31536000; includeSubDomains
      x-content-type-options:
      - nosniff
      x-ms-gatewayversion:
      - version=2.14.0
      x-ms-ratelimit-remaining-subscription-writes:
      - '1199'
    status:
      code: 202
      message: Accepted
- request:
    body: null
    headers:
      Accept:
      - '*/*'
      Accept-Encoding:
      - gzip, deflate
      CommandName:
      - cosmosdb cassandra keyspace throughput update
      Connection:
      - keep-alive
      ParameterSetName:
      - -g -a -n --max-throughput
      User-Agent:
      - AZURECLI/2.40.0 (PIP) azsdk-python-mgmt-cosmosdb/8.0.0 Python/3.10.4 (Windows-10-10.0.22621-SP0)
    method: GET
    uri: https://management.azure.com/subscriptions/00000000-0000-0000-0000-000000000000/providers/Microsoft.DocumentDB/locations/westus/operationsStatus/d1bc8cd5-6175-48e3-9d0e-33026e7ec553?api-version=2022-08-15
  response:
    body:
      string: '{"status":"Succeeded"}'
    headers:
      cache-control:
      - no-store, no-cache
      content-length:
      - '22'
      content-type:
      - application/json
      date:
      - Tue, 27 Sep 2022 14:06:57 GMT
      pragma:
      - no-cache
      server:
      - Microsoft-HTTPAPI/2.0
      strict-transport-security:
      - max-age=31536000; includeSubDomains
      transfer-encoding:
      - chunked
      vary:
      - Accept-Encoding
      x-content-type-options:
      - nosniff
      x-ms-gatewayversion:
      - version=2.14.0
    status:
      code: 200
      message: Ok
- request:
    body: null
    headers:
      Accept:
      - '*/*'
      Accept-Encoding:
      - gzip, deflate
      CommandName:
      - cosmosdb cassandra keyspace throughput update
      Connection:
      - keep-alive
      ParameterSetName:
      - -g -a -n --max-throughput
      User-Agent:
      - AZURECLI/2.40.0 (PIP) azsdk-python-mgmt-cosmosdb/8.0.0 Python/3.10.4 (Windows-10-10.0.22621-SP0)
    method: GET
    uri: https://management.azure.com/subscriptions/00000000-0000-0000-0000-000000000000/resourceGroups/cli_test_cosmosdb_cassandra_resource_throughput_autoscale000001/providers/Microsoft.DocumentDB/databaseAccounts/cli000002/cassandraKeyspaces/cli000003/throughputSettings/default?api-version=2022-08-15
  response:
    body:
      string: '{"id":"/subscriptions/00000000-0000-0000-0000-000000000000/resourceGroups/cli_test_cosmosdb_cassandra_resource_throughput_autoscale000001/providers/Microsoft.DocumentDB/databaseAccounts/cli000002/cassandraKeyspaces/cli000003/throughputSettings/default","type":"Microsoft.DocumentDB/databaseAccounts/cassandraKeyspaces/throughputSettings","name":"9XSl","properties":{"resource":{"throughput":100,"autoscaleSettings":{"maxThroughput":8000},"minimumThroughput":"1000"}}}'
    headers:
      cache-control:
      - no-store, no-cache
      content-length:
      - '467'
      content-type:
      - application/json
      date:
      - Tue, 27 Sep 2022 14:06:58 GMT
      pragma:
      - no-cache
      server:
      - Microsoft-HTTPAPI/2.0
      strict-transport-security:
      - max-age=31536000; includeSubDomains
      transfer-encoding:
      - chunked
      vary:
      - Accept-Encoding
      x-content-type-options:
      - nosniff
      x-ms-gatewayversion:
      - version=2.14.0
    status:
      code: 200
      message: Ok
- request:
    body: null
    headers:
      Accept:
      - application/json
      Accept-Encoding:
      - gzip, deflate
      CommandName:
      - cosmosdb cassandra keyspace throughput migrate
      Connection:
      - keep-alive
      Content-Length:
      - '0'
      ParameterSetName:
      - --throughput-type -g -a -n
      User-Agent:
      - AZURECLI/2.40.0 (PIP) azsdk-python-mgmt-cosmosdb/8.0.0 Python/3.10.4 (Windows-10-10.0.22621-SP0)
    method: POST
    uri: https://management.azure.com/subscriptions/00000000-0000-0000-0000-000000000000/resourceGroups/cli_test_cosmosdb_cassandra_resource_throughput_autoscale000001/providers/Microsoft.DocumentDB/databaseAccounts/cli000002/cassandraKeyspaces/cli000003/throughputSettings/default/migrateToManualThroughput?api-version=2022-08-15
  response:
    body:
      string: '{"status":"Enqueued"}'
    headers:
      azure-asyncoperation:
      - https://management.azure.com/subscriptions/00000000-0000-0000-0000-000000000000/providers/Microsoft.DocumentDB/locations/westus/operationsStatus/28c2351c-fd1e-4ff5-81a6-e9adc4d31ca3?api-version=2022-08-15
      cache-control:
      - no-store, no-cache
      content-length:
      - '21'
      content-type:
      - application/json
      date:
      - Tue, 27 Sep 2022 14:06:59 GMT
      location:
      - https://management.azure.com/subscriptions/00000000-0000-0000-0000-000000000000/resourceGroups/cli_test_cosmosdb_cassandra_resource_throughput_autoscale000001/providers/Microsoft.DocumentDB/databaseAccounts/cli000002/cassandraKeyspaces/cli000003/throughputSettings/default/migrateToManualThroughput/operationResults/28c2351c-fd1e-4ff5-81a6-e9adc4d31ca3?api-version=2022-08-15
      pragma:
      - no-cache
      server:
      - Microsoft-HTTPAPI/2.0
      strict-transport-security:
      - max-age=31536000; includeSubDomains
      x-content-type-options:
      - nosniff
      x-ms-gatewayversion:
      - version=2.14.0
      x-ms-ratelimit-remaining-subscription-writes:
      - '1199'
    status:
      code: 202
      message: Accepted
- request:
    body: null
    headers:
      Accept:
      - '*/*'
      Accept-Encoding:
      - gzip, deflate
      CommandName:
      - cosmosdb cassandra keyspace throughput migrate
      Connection:
      - keep-alive
      ParameterSetName:
      - --throughput-type -g -a -n
      User-Agent:
      - AZURECLI/2.40.0 (PIP) azsdk-python-mgmt-cosmosdb/8.0.0 Python/3.10.4 (Windows-10-10.0.22621-SP0)
    method: GET
    uri: https://management.azure.com/subscriptions/00000000-0000-0000-0000-000000000000/providers/Microsoft.DocumentDB/locations/westus/operationsStatus/28c2351c-fd1e-4ff5-81a6-e9adc4d31ca3?api-version=2022-08-15
  response:
    body:
      string: '{"status":"Succeeded"}'
    headers:
      cache-control:
      - no-store, no-cache
      content-length:
      - '22'
      content-type:
      - application/json
      date:
      - Tue, 27 Sep 2022 14:07:30 GMT
      pragma:
      - no-cache
      server:
      - Microsoft-HTTPAPI/2.0
      strict-transport-security:
      - max-age=31536000; includeSubDomains
      transfer-encoding:
      - chunked
      vary:
      - Accept-Encoding
      x-content-type-options:
      - nosniff
      x-ms-gatewayversion:
      - version=2.14.0
    status:
      code: 200
      message: Ok
- request:
    body: null
    headers:
      Accept:
      - '*/*'
      Accept-Encoding:
      - gzip, deflate
      CommandName:
      - cosmosdb cassandra keyspace throughput migrate
      Connection:
      - keep-alive
      ParameterSetName:
      - --throughput-type -g -a -n
      User-Agent:
      - AZURECLI/2.40.0 (PIP) azsdk-python-mgmt-cosmosdb/8.0.0 Python/3.10.4 (Windows-10-10.0.22621-SP0)
    method: GET
    uri: https://management.azure.com/subscriptions/00000000-0000-0000-0000-000000000000/resourceGroups/cli_test_cosmosdb_cassandra_resource_throughput_autoscale000001/providers/Microsoft.DocumentDB/databaseAccounts/cli000002/cassandraKeyspaces/cli000003/throughputSettings/default/migrateToManualThroughput/operationResults/28c2351c-fd1e-4ff5-81a6-e9adc4d31ca3?api-version=2022-08-15
  response:
    body:
      string: '{"id":"/subscriptions/00000000-0000-0000-0000-000000000000/resourceGroups/cli_test_cosmosdb_cassandra_resource_throughput_autoscale000001/providers/Microsoft.DocumentDB/databaseAccounts/cli000002/cassandraKeyspaces/cli000003/throughputSettings/default/migrateToManualThroughput","type":"Microsoft.DocumentDB/databaseAccounts/cassandraKeyspaces/throughputSettings/migrateToManualThroughput","name":"9XSl","properties":{"resource":{"throughput":8000,"minimumThroughput":"400"}}}'
    headers:
      cache-control:
      - no-store, no-cache
      content-length:
      - '476'
      content-type:
      - application/json
      date:
      - Tue, 27 Sep 2022 14:07:30 GMT
      pragma:
      - no-cache
      server:
      - Microsoft-HTTPAPI/2.0
      strict-transport-security:
      - max-age=31536000; includeSubDomains
      transfer-encoding:
      - chunked
      vary:
      - Accept-Encoding
      x-content-type-options:
      - nosniff
      x-ms-gatewayversion:
      - version=2.14.0
    status:
      code: 200
      message: Ok
- request:
    body: '{"properties": {"resource": {"id": "cli000004", "schema": {"columns": [{"name":
      "columnA", "type": "Ascii"}], "partitionKeys": [{"name": "columnA"}]}}, "options":
      {"throughput": 400}}}'
    headers:
      Accept:
      - application/json
      Accept-Encoding:
      - gzip, deflate
      CommandName:
      - cosmosdb cassandra table create
      Connection:
      - keep-alive
      Content-Length:
      - '184'
      Content-Type:
      - application/json
      ParameterSetName:
      - -g -a --keyspace-name -n --throughput --schema
      User-Agent:
      - AZURECLI/2.40.0 (PIP) azsdk-python-mgmt-cosmosdb/8.0.0 Python/3.10.4 (Windows-10-10.0.22621-SP0)
    method: PUT
    uri: https://management.azure.com/subscriptions/00000000-0000-0000-0000-000000000000/resourceGroups/cli_test_cosmosdb_cassandra_resource_throughput_autoscale000001/providers/Microsoft.DocumentDB/databaseAccounts/cli000002/cassandraKeyspaces/cli000003/tables/cli000004?api-version=2022-08-15
  response:
    body:
      string: '{"status":"Enqueued"}'
    headers:
      azure-asyncoperation:
      - https://management.azure.com/subscriptions/00000000-0000-0000-0000-000000000000/providers/Microsoft.DocumentDB/locations/westus/operationsStatus/9be5b14a-d0f6-40e7-b1bc-3f9101dd3633?api-version=2022-08-15
      cache-control:
      - no-store, no-cache
      content-length:
      - '21'
      content-type:
      - application/json
      date:
      - Tue, 27 Sep 2022 14:07:31 GMT
      location:
      - https://management.azure.com/subscriptions/00000000-0000-0000-0000-000000000000/resourceGroups/cli_test_cosmosdb_cassandra_resource_throughput_autoscale000001/providers/Microsoft.DocumentDB/databaseAccounts/cli000002/cassandraKeyspaces/cli000003/tables/cli000004/operationResults/9be5b14a-d0f6-40e7-b1bc-3f9101dd3633?api-version=2022-08-15
      pragma:
      - no-cache
      server:
      - Microsoft-HTTPAPI/2.0
      strict-transport-security:
      - max-age=31536000; includeSubDomains
      x-content-type-options:
      - nosniff
      x-ms-gatewayversion:
      - version=2.14.0
      x-ms-ratelimit-remaining-subscription-writes:
      - '1199'
    status:
      code: 202
      message: Accepted
- request:
    body: null
    headers:
      Accept:
      - '*/*'
      Accept-Encoding:
      - gzip, deflate
      CommandName:
      - cosmosdb cassandra table create
      Connection:
      - keep-alive
      ParameterSetName:
      - -g -a --keyspace-name -n --throughput --schema
      User-Agent:
      - AZURECLI/2.40.0 (PIP) azsdk-python-mgmt-cosmosdb/8.0.0 Python/3.10.4 (Windows-10-10.0.22621-SP0)
    method: GET
    uri: https://management.azure.com/subscriptions/00000000-0000-0000-0000-000000000000/providers/Microsoft.DocumentDB/locations/westus/operationsStatus/9be5b14a-d0f6-40e7-b1bc-3f9101dd3633?api-version=2022-08-15
  response:
    body:
      string: '{"status":"Succeeded"}'
    headers:
      cache-control:
      - no-store, no-cache
      content-length:
      - '22'
      content-type:
      - application/json
      date:
      - Tue, 27 Sep 2022 14:08:01 GMT
      pragma:
      - no-cache
      server:
      - Microsoft-HTTPAPI/2.0
      strict-transport-security:
      - max-age=31536000; includeSubDomains
      transfer-encoding:
      - chunked
      vary:
      - Accept-Encoding
      x-content-type-options:
      - nosniff
      x-ms-gatewayversion:
      - version=2.14.0
    status:
      code: 200
      message: Ok
- request:
    body: null
    headers:
      Accept:
      - '*/*'
      Accept-Encoding:
      - gzip, deflate
      CommandName:
      - cosmosdb cassandra table create
      Connection:
      - keep-alive
      ParameterSetName:
      - -g -a --keyspace-name -n --throughput --schema
      User-Agent:
      - AZURECLI/2.40.0 (PIP) azsdk-python-mgmt-cosmosdb/8.0.0 Python/3.10.4 (Windows-10-10.0.22621-SP0)
    method: GET
    uri: https://management.azure.com/subscriptions/00000000-0000-0000-0000-000000000000/resourceGroups/cli_test_cosmosdb_cassandra_resource_throughput_autoscale000001/providers/Microsoft.DocumentDB/databaseAccounts/cli000002/cassandraKeyspaces/cli000003/tables/cli000004?api-version=2022-08-15
  response:
    body:
      string: '{"id":"/subscriptions/00000000-0000-0000-0000-000000000000/resourceGroups/cli_test_cosmosdb_cassandra_resource_throughput_autoscale000001/providers/Microsoft.DocumentDB/databaseAccounts/cli000002/cassandraKeyspaces/cli000003/tables/cli000004","type":"Microsoft.DocumentDB/databaseAccounts/cassandraKeyspaces/tables","name":"cli000004","properties":{"resource":{"id":"cli000004","_rid":"phIrANHcnXU=","_etag":"\"0000e110-0000-0700-0000-633303ab0000\"","_ts":1664287659,"defaultTtl":0,"schema":{"columns":[{"name":"columnA","type":"ascii"}],"partitionKeys":[{"name":"columnA"}]}}}}'
    headers:
      cache-control:
      - no-store, no-cache
      content-length:
      - '579'
      content-type:
      - application/json
      date:
      - Tue, 27 Sep 2022 14:08:01 GMT
      pragma:
      - no-cache
      server:
      - Microsoft-HTTPAPI/2.0
      strict-transport-security:
      - max-age=31536000; includeSubDomains
      transfer-encoding:
      - chunked
      vary:
      - Accept-Encoding
      x-content-type-options:
      - nosniff
      x-ms-gatewayversion:
      - version=2.14.0
    status:
      code: 200
      message: Ok
- request:
    body: null
    headers:
      Accept:
      - application/json
      Accept-Encoding:
      - gzip, deflate
      CommandName:
      - cosmosdb cassandra table throughput show
      Connection:
      - keep-alive
      ParameterSetName:
      - -g -a --keyspace-name -n
      User-Agent:
      - AZURECLI/2.40.0 (PIP) azsdk-python-mgmt-cosmosdb/8.0.0 Python/3.10.4 (Windows-10-10.0.22621-SP0)
    method: GET
    uri: https://management.azure.com/subscriptions/00000000-0000-0000-0000-000000000000/resourceGroups/cli_test_cosmosdb_cassandra_resource_throughput_autoscale000001/providers/Microsoft.DocumentDB/databaseAccounts/cli000002/cassandraKeyspaces/cli000003/tables/cli000004/throughputSettings/default?api-version=2022-08-15
  response:
    body:
      string: '{"id":"/subscriptions/00000000-0000-0000-0000-000000000000/resourceGroups/cli_test_cosmosdb_cassandra_resource_throughput_autoscale000001/providers/Microsoft.DocumentDB/databaseAccounts/cli000002/cassandraKeyspaces/cli000003/tables/cli000004/throughputSettings/default","type":"Microsoft.DocumentDB/databaseAccounts/cassandraKeyspaces/tables/throughputSettings","name":"TV+B","properties":{"resource":{"throughput":400,"minimumThroughput":"400"}}}'
    headers:
      cache-control:
      - no-store, no-cache
      content-length:
      - '447'
      content-type:
      - application/json
      date:
      - Tue, 27 Sep 2022 14:08:02 GMT
      pragma:
      - no-cache
      server:
      - Microsoft-HTTPAPI/2.0
      strict-transport-security:
      - max-age=31536000; includeSubDomains
      transfer-encoding:
      - chunked
      vary:
      - Accept-Encoding
      x-content-type-options:
      - nosniff
      x-ms-gatewayversion:
      - version=2.14.0
    status:
      code: 200
      message: Ok
- request:
    body: null
    headers:
      Accept:
      - application/json
      Accept-Encoding:
      - gzip, deflate
      CommandName:
      - cosmosdb cassandra table throughput migrate
      Connection:
      - keep-alive
      Content-Length:
      - '0'
      ParameterSetName:
      - --throughput-type -g -a --keyspace-name -n
      User-Agent:
      - AZURECLI/2.40.0 (PIP) azsdk-python-mgmt-cosmosdb/8.0.0 Python/3.10.4 (Windows-10-10.0.22621-SP0)
    method: POST
    uri: https://management.azure.com/subscriptions/00000000-0000-0000-0000-000000000000/resourceGroups/cli_test_cosmosdb_cassandra_resource_throughput_autoscale000001/providers/Microsoft.DocumentDB/databaseAccounts/cli000002/cassandraKeyspaces/cli000003/tables/cli000004/throughputSettings/default/migrateToAutoscale?api-version=2022-08-15
  response:
    body:
      string: '{"status":"Enqueued"}'
    headers:
      azure-asyncoperation:
      - https://management.azure.com/subscriptions/00000000-0000-0000-0000-000000000000/providers/Microsoft.DocumentDB/locations/westus/operationsStatus/e56c5ba7-691e-40ba-96b7-8811625fcaa3?api-version=2022-08-15
      cache-control:
      - no-store, no-cache
      content-length:
      - '21'
      content-type:
      - application/json
      date:
      - Tue, 27 Sep 2022 14:08:03 GMT
      location:
      - https://management.azure.com/subscriptions/00000000-0000-0000-0000-000000000000/resourceGroups/cli_test_cosmosdb_cassandra_resource_throughput_autoscale000001/providers/Microsoft.DocumentDB/databaseAccounts/cli000002/cassandraKeyspaces/cli000003/tables/cli000004/throughputSettings/default/migrateToAutoscale/operationResults/e56c5ba7-691e-40ba-96b7-8811625fcaa3?api-version=2022-08-15
      pragma:
      - no-cache
      server:
      - Microsoft-HTTPAPI/2.0
      strict-transport-security:
      - max-age=31536000; includeSubDomains
      x-content-type-options:
      - nosniff
      x-ms-gatewayversion:
      - version=2.14.0
      x-ms-ratelimit-remaining-subscription-writes:
      - '1199'
    status:
      code: 202
      message: Accepted
- request:
    body: null
    headers:
      Accept:
      - '*/*'
      Accept-Encoding:
      - gzip, deflate
      CommandName:
      - cosmosdb cassandra table throughput migrate
      Connection:
      - keep-alive
      ParameterSetName:
      - --throughput-type -g -a --keyspace-name -n
      User-Agent:
      - AZURECLI/2.40.0 (PIP) azsdk-python-mgmt-cosmosdb/8.0.0 Python/3.10.4 (Windows-10-10.0.22621-SP0)
    method: GET
    uri: https://management.azure.com/subscriptions/00000000-0000-0000-0000-000000000000/providers/Microsoft.DocumentDB/locations/westus/operationsStatus/e56c5ba7-691e-40ba-96b7-8811625fcaa3?api-version=2022-08-15
  response:
    body:
      string: '{"status":"Succeeded"}'
    headers:
      cache-control:
      - no-store, no-cache
      content-length:
      - '22'
      content-type:
      - application/json
      date:
      - Tue, 27 Sep 2022 14:08:33 GMT
      pragma:
      - no-cache
      server:
      - Microsoft-HTTPAPI/2.0
      strict-transport-security:
      - max-age=31536000; includeSubDomains
      transfer-encoding:
      - chunked
      vary:
      - Accept-Encoding
      x-content-type-options:
      - nosniff
      x-ms-gatewayversion:
      - version=2.14.0
    status:
      code: 200
      message: Ok
- request:
    body: null
    headers:
      Accept:
      - '*/*'
      Accept-Encoding:
      - gzip, deflate
      CommandName:
      - cosmosdb cassandra table throughput migrate
      Connection:
      - keep-alive
      ParameterSetName:
      - --throughput-type -g -a --keyspace-name -n
      User-Agent:
      - AZURECLI/2.40.0 (PIP) azsdk-python-mgmt-cosmosdb/8.0.0 Python/3.10.4 (Windows-10-10.0.22621-SP0)
    method: GET
    uri: https://management.azure.com/subscriptions/00000000-0000-0000-0000-000000000000/resourceGroups/cli_test_cosmosdb_cassandra_resource_throughput_autoscale000001/providers/Microsoft.DocumentDB/databaseAccounts/cli000002/cassandraKeyspaces/cli000003/tables/cli000004/throughputSettings/default/migrateToAutoscale/operationResults/e56c5ba7-691e-40ba-96b7-8811625fcaa3?api-version=2022-08-15
  response:
    body:
      string: '{"id":"/subscriptions/00000000-0000-0000-0000-000000000000/resourceGroups/cli_test_cosmosdb_cassandra_resource_throughput_autoscale000001/providers/Microsoft.DocumentDB/databaseAccounts/cli000002/cassandraKeyspaces/cli000003/tables/cli000004/throughputSettings/default/migrateToAutoscale","type":"Microsoft.DocumentDB/databaseAccounts/cassandraKeyspaces/tables/throughputSettings/migrateToAutoscale","name":"TV+B","properties":{"resource":{"throughput":100,"autoscaleSettings":{"maxThroughput":1000},"minimumThroughput":"1000"}}}'
    headers:
      cache-control:
      - no-store, no-cache
      content-length:
      - '529'
      content-type:
      - application/json
      date:
      - Tue, 27 Sep 2022 14:08:33 GMT
      pragma:
      - no-cache
      server:
      - Microsoft-HTTPAPI/2.0
      strict-transport-security:
      - max-age=31536000; includeSubDomains
      transfer-encoding:
      - chunked
      vary:
      - Accept-Encoding
      x-content-type-options:
      - nosniff
      x-ms-gatewayversion:
      - version=2.14.0
    status:
      code: 200
      message: Ok
- request:
    body: '{"properties": {"resource": {"autoscaleSettings": {"maxThroughput": 5000}}}}'
    headers:
      Accept:
      - application/json
      Accept-Encoding:
      - gzip, deflate
      CommandName:
      - cosmosdb cassandra table throughput update
      Connection:
      - keep-alive
      Content-Length:
      - '76'
      Content-Type:
      - application/json
      ParameterSetName:
      - -g -a --keyspace-name -n --max-throughput
      User-Agent:
      - AZURECLI/2.40.0 (PIP) azsdk-python-mgmt-cosmosdb/8.0.0 Python/3.10.4 (Windows-10-10.0.22621-SP0)
    method: PUT
    uri: https://management.azure.com/subscriptions/00000000-0000-0000-0000-000000000000/resourceGroups/cli_test_cosmosdb_cassandra_resource_throughput_autoscale000001/providers/Microsoft.DocumentDB/databaseAccounts/cli000002/cassandraKeyspaces/cli000003/tables/cli000004/throughputSettings/default?api-version=2022-08-15
  response:
    body:
      string: '{"status":"Enqueued"}'
    headers:
      azure-asyncoperation:
      - https://management.azure.com/subscriptions/00000000-0000-0000-0000-000000000000/providers/Microsoft.DocumentDB/locations/westus/operationsStatus/840a6e1b-7faa-4bdf-8615-53b10e8cde66?api-version=2022-08-15
      cache-control:
      - no-store, no-cache
      content-length:
      - '21'
      content-type:
      - application/json
      date:
      - Tue, 27 Sep 2022 14:08:35 GMT
      location:
      - https://management.azure.com/subscriptions/00000000-0000-0000-0000-000000000000/resourceGroups/cli_test_cosmosdb_cassandra_resource_throughput_autoscale000001/providers/Microsoft.DocumentDB/databaseAccounts/cli000002/cassandraKeyspaces/cli000003/tables/cli000004/throughputSettings/default/operationResults/840a6e1b-7faa-4bdf-8615-53b10e8cde66?api-version=2022-08-15
      pragma:
      - no-cache
      server:
      - Microsoft-HTTPAPI/2.0
      strict-transport-security:
      - max-age=31536000; includeSubDomains
      x-content-type-options:
      - nosniff
      x-ms-gatewayversion:
      - version=2.14.0
      x-ms-ratelimit-remaining-subscription-writes:
      - '1199'
    status:
      code: 202
      message: Accepted
- request:
    body: null
    headers:
      Accept:
      - '*/*'
      Accept-Encoding:
      - gzip, deflate
      CommandName:
      - cosmosdb cassandra table throughput update
      Connection:
      - keep-alive
      ParameterSetName:
      - -g -a --keyspace-name -n --max-throughput
      User-Agent:
      - AZURECLI/2.40.0 (PIP) azsdk-python-mgmt-cosmosdb/8.0.0 Python/3.10.4 (Windows-10-10.0.22621-SP0)
    method: GET
    uri: https://management.azure.com/subscriptions/00000000-0000-0000-0000-000000000000/providers/Microsoft.DocumentDB/locations/westus/operationsStatus/840a6e1b-7faa-4bdf-8615-53b10e8cde66?api-version=2022-08-15
  response:
    body:
      string: '{"status":"Succeeded"}'
    headers:
      cache-control:
      - no-store, no-cache
      content-length:
      - '22'
      content-type:
      - application/json
      date:
      - Tue, 27 Sep 2022 14:09:05 GMT
      pragma:
      - no-cache
      server:
      - Microsoft-HTTPAPI/2.0
      strict-transport-security:
      - max-age=31536000; includeSubDomains
      transfer-encoding:
      - chunked
      vary:
      - Accept-Encoding
      x-content-type-options:
      - nosniff
      x-ms-gatewayversion:
      - version=2.14.0
    status:
      code: 200
      message: Ok
- request:
    body: null
    headers:
      Accept:
      - '*/*'
      Accept-Encoding:
      - gzip, deflate
      CommandName:
      - cosmosdb cassandra table throughput update
      Connection:
      - keep-alive
      ParameterSetName:
      - -g -a --keyspace-name -n --max-throughput
      User-Agent:
      - AZURECLI/2.40.0 (PIP) azsdk-python-mgmt-cosmosdb/8.0.0 Python/3.10.4 (Windows-10-10.0.22621-SP0)
    method: GET
    uri: https://management.azure.com/subscriptions/00000000-0000-0000-0000-000000000000/resourceGroups/cli_test_cosmosdb_cassandra_resource_throughput_autoscale000001/providers/Microsoft.DocumentDB/databaseAccounts/cli000002/cassandraKeyspaces/cli000003/tables/cli000004/throughputSettings/default?api-version=2022-08-15
  response:
    body:
      string: '{"id":"/subscriptions/00000000-0000-0000-0000-000000000000/resourceGroups/cli_test_cosmosdb_cassandra_resource_throughput_autoscale000001/providers/Microsoft.DocumentDB/databaseAccounts/cli000002/cassandraKeyspaces/cli000003/tables/cli000004/throughputSettings/default","type":"Microsoft.DocumentDB/databaseAccounts/cassandraKeyspaces/tables/throughputSettings","name":"TV+B","properties":{"resource":{"throughput":100,"autoscaleSettings":{"maxThroughput":5000},"minimumThroughput":"1000"}}}'
    headers:
      cache-control:
      - no-store, no-cache
      content-length:
      - '491'
      content-type:
      - application/json
      date:
      - Tue, 27 Sep 2022 14:09:05 GMT
      pragma:
      - no-cache
      server:
      - Microsoft-HTTPAPI/2.0
      strict-transport-security:
      - max-age=31536000; includeSubDomains
      transfer-encoding:
      - chunked
      vary:
      - Accept-Encoding
      x-content-type-options:
      - nosniff
      x-ms-gatewayversion:
      - version=2.14.0
    status:
      code: 200
      message: Ok
- request:
    body: null
    headers:
      Accept:
      - application/json
      Accept-Encoding:
      - gzip, deflate
      CommandName:
      - cosmosdb cassandra table throughput migrate
      Connection:
      - keep-alive
      Content-Length:
      - '0'
      ParameterSetName:
      - --throughput-type -g -a --keyspace-name -n
      User-Agent:
      - AZURECLI/2.40.0 (PIP) azsdk-python-mgmt-cosmosdb/8.0.0 Python/3.10.4 (Windows-10-10.0.22621-SP0)
    method: POST
    uri: https://management.azure.com/subscriptions/00000000-0000-0000-0000-000000000000/resourceGroups/cli_test_cosmosdb_cassandra_resource_throughput_autoscale000001/providers/Microsoft.DocumentDB/databaseAccounts/cli000002/cassandraKeyspaces/cli000003/tables/cli000004/throughputSettings/default/migrateToManualThroughput?api-version=2022-08-15
  response:
    body:
      string: '{"status":"Enqueued"}'
    headers:
      azure-asyncoperation:
      - https://management.azure.com/subscriptions/00000000-0000-0000-0000-000000000000/providers/Microsoft.DocumentDB/locations/westus/operationsStatus/604f6cfe-47d4-429e-8f93-ea0253a62106?api-version=2022-08-15
      cache-control:
      - no-store, no-cache
      content-length:
      - '21'
      content-type:
      - application/json
      date:
      - Tue, 27 Sep 2022 14:09:06 GMT
      location:
      - https://management.azure.com/subscriptions/00000000-0000-0000-0000-000000000000/resourceGroups/cli_test_cosmosdb_cassandra_resource_throughput_autoscale000001/providers/Microsoft.DocumentDB/databaseAccounts/cli000002/cassandraKeyspaces/cli000003/tables/cli000004/throughputSettings/default/migrateToManualThroughput/operationResults/604f6cfe-47d4-429e-8f93-ea0253a62106?api-version=2022-08-15
      pragma:
      - no-cache
      server:
      - Microsoft-HTTPAPI/2.0
      strict-transport-security:
      - max-age=31536000; includeSubDomains
      x-content-type-options:
      - nosniff
      x-ms-gatewayversion:
      - version=2.14.0
      x-ms-ratelimit-remaining-subscription-writes:
      - '1199'
    status:
      code: 202
      message: Accepted
- request:
    body: null
    headers:
      Accept:
      - '*/*'
      Accept-Encoding:
      - gzip, deflate
      CommandName:
      - cosmosdb cassandra table throughput migrate
      Connection:
      - keep-alive
      ParameterSetName:
      - --throughput-type -g -a --keyspace-name -n
      User-Agent:
      - AZURECLI/2.40.0 (PIP) azsdk-python-mgmt-cosmosdb/8.0.0 Python/3.10.4 (Windows-10-10.0.22621-SP0)
    method: GET
    uri: https://management.azure.com/subscriptions/00000000-0000-0000-0000-000000000000/providers/Microsoft.DocumentDB/locations/westus/operationsStatus/604f6cfe-47d4-429e-8f93-ea0253a62106?api-version=2022-08-15
  response:
    body:
      string: '{"status":"Succeeded"}'
    headers:
      cache-control:
      - no-store, no-cache
      content-length:
      - '22'
      content-type:
      - application/json
      date:
      - Tue, 27 Sep 2022 14:09:36 GMT
      pragma:
      - no-cache
      server:
      - Microsoft-HTTPAPI/2.0
      strict-transport-security:
      - max-age=31536000; includeSubDomains
      transfer-encoding:
      - chunked
      vary:
      - Accept-Encoding
      x-content-type-options:
      - nosniff
      x-ms-gatewayversion:
      - version=2.14.0
    status:
      code: 200
      message: Ok
- request:
    body: null
    headers:
      Accept:
      - '*/*'
      Accept-Encoding:
      - gzip, deflate
      CommandName:
      - cosmosdb cassandra table throughput migrate
      Connection:
      - keep-alive
      ParameterSetName:
      - --throughput-type -g -a --keyspace-name -n
      User-Agent:
      - AZURECLI/2.40.0 (PIP) azsdk-python-mgmt-cosmosdb/8.0.0 Python/3.10.4 (Windows-10-10.0.22621-SP0)
    method: GET
    uri: https://management.azure.com/subscriptions/00000000-0000-0000-0000-000000000000/resourceGroups/cli_test_cosmosdb_cassandra_resource_throughput_autoscale000001/providers/Microsoft.DocumentDB/databaseAccounts/cli000002/cassandraKeyspaces/cli000003/tables/cli000004/throughputSettings/default/migrateToManualThroughput/operationResults/604f6cfe-47d4-429e-8f93-ea0253a62106?api-version=2022-08-15
  response:
    body:
      string: '{"id":"/subscriptions/00000000-0000-0000-0000-000000000000/resourceGroups/cli_test_cosmosdb_cassandra_resource_throughput_autoscale000001/providers/Microsoft.DocumentDB/databaseAccounts/cli000002/cassandraKeyspaces/cli000003/tables/cli000004/throughputSettings/default/migrateToManualThroughput","type":"Microsoft.DocumentDB/databaseAccounts/cassandraKeyspaces/tables/throughputSettings/migrateToManualThroughput","name":"TV+B","properties":{"resource":{"throughput":5000,"minimumThroughput":"400"}}}'
    headers:
      cache-control:
      - no-store, no-cache
      content-length:
      - '500'
      content-type:
      - application/json
      date:
      - Tue, 27 Sep 2022 14:09:37 GMT
      pragma:
      - no-cache
      server:
      - Microsoft-HTTPAPI/2.0
      strict-transport-security:
      - max-age=31536000; includeSubDomains
      transfer-encoding:
      - chunked
      vary:
      - Accept-Encoding
      x-content-type-options:
      - nosniff
      x-ms-gatewayversion:
      - version=2.14.0
    status:
      code: 200
      message: Ok
version: 1
