interactions:
- request:
    body: null
    headers:
      Accept:
      - application/json
      Accept-Encoding:
      - gzip, deflate
      CommandName:
      - cosmosdb create
      Connection:
      - keep-alive
      ParameterSetName:
      - -n -g --capabilities
      User-Agent:
      - AZURECLI/2.45.0 azsdk-python-azure-mgmt-resource/21.1.0b1 Python/3.8.10 (Windows-10-10.0.22621-SP0)
    method: GET
    uri: https://management.azure.com/subscriptions/00000000-0000-0000-0000-000000000000/resourcegroups/cli_test_cosmosdb_cassandra_resource_throughput000001?api-version=2021-04-01
  response:
    body:
      string: '{"id":"/subscriptions/00000000-0000-0000-0000-000000000000/resourceGroups/cli_test_cosmosdb_cassandra_resource_throughput000001","name":"cli_test_cosmosdb_cassandra_resource_throughput000001","type":"Microsoft.Resources/resourceGroups","location":"westus","tags":{"product":"azurecli","cause":"automation","date":"2023-02-23T07:00:59Z"},"properties":{"provisioningState":"Succeeded"}}'
    headers:
      cache-control:
      - no-cache
      content-length:
      - '384'
      content-type:
      - application/json; charset=utf-8
      date:
      - Thu, 23 Feb 2023 07:01:06 GMT
      expires:
      - '-1'
      pragma:
      - no-cache
      strict-transport-security:
      - max-age=31536000; includeSubDomains
      vary:
      - Accept-Encoding
      x-content-type-options:
      - nosniff
    status:
      code: 200
      message: OK
- request:
    body: '{"location": "westus", "kind": "GlobalDocumentDB", "properties": {"locations":
      [{"locationName": "westus", "failoverPriority": 0, "isZoneRedundant": false}],
      "databaseAccountOfferType": "Standard", "capabilities": [{"name": "EnableCassandra"}],
      "apiProperties": {}, "createMode": "Default"}}'
    headers:
      Accept:
      - application/json
      Accept-Encoding:
      - gzip, deflate
      CommandName:
      - cosmosdb create
      Connection:
      - keep-alive
      Content-Length:
      - '291'
      Content-Type:
      - application/json
      ParameterSetName:
      - -n -g --capabilities
      User-Agent:
      - AZURECLI/2.45.0 azsdk-python-mgmt-cosmosdb/9.0.0 Python/3.8.10 (Windows-10-10.0.22621-SP0)
    method: PUT
    uri: https://management.azure.com/subscriptions/00000000-0000-0000-0000-000000000000/resourceGroups/cli_test_cosmosdb_cassandra_resource_throughput000001/providers/Microsoft.DocumentDB/databaseAccounts/cli000002?api-version=2022-11-15
  response:
    body:
      string: '{"id":"/subscriptions/00000000-0000-0000-0000-000000000000/resourceGroups/cli_test_cosmosdb_cassandra_resource_throughput000001/providers/Microsoft.DocumentDB/databaseAccounts/cli000002","name":"cli000002","location":"West
        US","type":"Microsoft.DocumentDB/databaseAccounts","kind":"GlobalDocumentDB","tags":{},"systemData":{"createdAt":"2023-02-23T07:01:21.0628342Z"},"properties":{"provisioningState":"Creating","publicNetworkAccess":"Enabled","enableAutomaticFailover":false,"enableMultipleWriteLocations":false,"enablePartitionKeyMonitor":false,"isVirtualNetworkFilterEnabled":false,"virtualNetworkRules":[],"EnabledApiTypes":"Cassandra","disableKeyBasedMetadataWriteAccess":false,"enableFreeTier":false,"enableAnalyticalStorage":false,"analyticalStorageConfiguration":{"schemaType":"WellDefined"},"instanceId":"e7214866-230f-4e4b-8d12-4f4e0e9f0edd","databaseAccountOfferType":"Standard","enableFullFidelityChangeFeed":false,"defaultIdentity":"","networkAclBypass":"None","disableLocalAuth":false,"enablePartitionMerge":false,"minimalTlsVersion":"Tls12","consistencyPolicy":{"defaultConsistencyLevel":"Session","maxIntervalInSeconds":5,"maxStalenessPrefix":100},"configurationOverrides":{},"writeLocations":[{"id":"cli000002-westus","locationName":"West
        US","provisioningState":"Creating","failoverPriority":0,"isZoneRedundant":false}],"readLocations":[{"id":"cli000002-westus","locationName":"West
        US","provisioningState":"Creating","failoverPriority":0,"isZoneRedundant":false}],"locations":[{"id":"cli000002-westus","locationName":"West
        US","provisioningState":"Creating","failoverPriority":0,"isZoneRedundant":false}],"failoverPolicies":[{"id":"cli000002-westus","locationName":"West
        US","failoverPriority":0}],"cors":[],"capabilities":[{"name":"EnableCassandra"}],"ipRules":[],"backupPolicy":{"type":"Periodic","periodicModeProperties":{"backupIntervalInMinutes":240,"backupRetentionIntervalInHours":8,"backupStorageRedundancy":"Invalid"}},"networkAclBypassResourceIds":[],"keysMetadata":{"primaryMasterKey":{"generationTime":"2023-02-23T07:01:21.0628342Z"},"secondaryMasterKey":{"generationTime":"2023-02-23T07:01:21.0628342Z"},"primaryReadonlyMasterKey":{"generationTime":"2023-02-23T07:01:21.0628342Z"},"secondaryReadonlyMasterKey":{"generationTime":"2023-02-23T07:01:21.0628342Z"}}},"identity":{"type":"None"}}'
    headers:
      azure-asyncoperation:
      - https://management.azure.com/subscriptions/00000000-0000-0000-0000-000000000000/providers/Microsoft.DocumentDB/locations/westus/operationsStatus/f379a34d-8f44-4d02-8e59-1a6528cb59f8?api-version=2022-11-15
      cache-control:
      - no-store, no-cache
      content-length:
      - '2322'
      content-type:
      - application/json
      date:
      - Thu, 23 Feb 2023 07:01:25 GMT
      location:
      - https://management.azure.com/subscriptions/00000000-0000-0000-0000-000000000000/resourceGroups/cli_test_cosmosdb_cassandra_resource_throughput000001/providers/Microsoft.DocumentDB/databaseAccounts/cli000002/operationResults/f379a34d-8f44-4d02-8e59-1a6528cb59f8?api-version=2022-11-15
      pragma:
      - no-cache
      server:
      - Microsoft-HTTPAPI/2.0
      strict-transport-security:
      - max-age=31536000; includeSubDomains
      transfer-encoding:
      - chunked
      vary:
      - Accept-Encoding
      x-content-type-options:
      - nosniff
      x-ms-gatewayversion:
      - version=2.14.0
      x-ms-ratelimit-remaining-subscription-writes:
      - '1198'
    status:
      code: 200
      message: Ok
- request:
    body: null
    headers:
      Accept:
      - '*/*'
      Accept-Encoding:
      - gzip, deflate
      CommandName:
      - cosmosdb create
      Connection:
      - keep-alive
      ParameterSetName:
      - -n -g --capabilities
      User-Agent:
      - AZURECLI/2.45.0 azsdk-python-mgmt-cosmosdb/9.0.0 Python/3.8.10 (Windows-10-10.0.22621-SP0)
    method: GET
    uri: https://management.azure.com/subscriptions/00000000-0000-0000-0000-000000000000/providers/Microsoft.DocumentDB/locations/westus/operationsStatus/f379a34d-8f44-4d02-8e59-1a6528cb59f8?api-version=2022-11-15
  response:
    body:
      string: '{"status":"Dequeued"}'
    headers:
      cache-control:
      - no-store, no-cache
      content-length:
      - '21'
      content-type:
      - application/json
      date:
      - Thu, 23 Feb 2023 07:01:55 GMT
      pragma:
      - no-cache
      server:
      - Microsoft-HTTPAPI/2.0
      strict-transport-security:
      - max-age=31536000; includeSubDomains
      transfer-encoding:
      - chunked
      vary:
      - Accept-Encoding
      x-content-type-options:
      - nosniff
      x-ms-gatewayversion:
      - version=2.14.0
    status:
      code: 200
      message: Ok
- request:
    body: null
    headers:
      Accept:
      - '*/*'
      Accept-Encoding:
      - gzip, deflate
      CommandName:
      - cosmosdb create
      Connection:
      - keep-alive
      ParameterSetName:
      - -n -g --capabilities
      User-Agent:
      - AZURECLI/2.45.0 azsdk-python-mgmt-cosmosdb/9.0.0 Python/3.8.10 (Windows-10-10.0.22621-SP0)
    method: GET
    uri: https://management.azure.com/subscriptions/00000000-0000-0000-0000-000000000000/providers/Microsoft.DocumentDB/locations/westus/operationsStatus/f379a34d-8f44-4d02-8e59-1a6528cb59f8?api-version=2022-11-15
  response:
    body:
      string: '{"status":"Dequeued"}'
    headers:
      cache-control:
      - no-store, no-cache
      content-length:
      - '21'
      content-type:
      - application/json
      date:
      - Thu, 23 Feb 2023 07:02:26 GMT
      pragma:
      - no-cache
      server:
      - Microsoft-HTTPAPI/2.0
      strict-transport-security:
      - max-age=31536000; includeSubDomains
      transfer-encoding:
      - chunked
      vary:
      - Accept-Encoding
      x-content-type-options:
      - nosniff
      x-ms-gatewayversion:
      - version=2.14.0
    status:
      code: 200
      message: Ok
- request:
    body: null
    headers:
      Accept:
      - '*/*'
      Accept-Encoding:
      - gzip, deflate
      CommandName:
      - cosmosdb create
      Connection:
      - keep-alive
      ParameterSetName:
      - -n -g --capabilities
      User-Agent:
      - AZURECLI/2.45.0 azsdk-python-mgmt-cosmosdb/9.0.0 Python/3.8.10 (Windows-10-10.0.22621-SP0)
    method: GET
    uri: https://management.azure.com/subscriptions/00000000-0000-0000-0000-000000000000/providers/Microsoft.DocumentDB/locations/westus/operationsStatus/f379a34d-8f44-4d02-8e59-1a6528cb59f8?api-version=2022-11-15
  response:
    body:
      string: '{"status":"Dequeued"}'
    headers:
      cache-control:
      - no-store, no-cache
      content-length:
      - '21'
      content-type:
      - application/json
      date:
      - Thu, 23 Feb 2023 07:02:57 GMT
      pragma:
      - no-cache
      server:
      - Microsoft-HTTPAPI/2.0
      strict-transport-security:
      - max-age=31536000; includeSubDomains
      transfer-encoding:
      - chunked
      vary:
      - Accept-Encoding
      x-content-type-options:
      - nosniff
      x-ms-gatewayversion:
      - version=2.14.0
    status:
      code: 200
      message: Ok
- request:
    body: null
    headers:
      Accept:
      - '*/*'
      Accept-Encoding:
      - gzip, deflate
      CommandName:
      - cosmosdb create
      Connection:
      - keep-alive
      ParameterSetName:
      - -n -g --capabilities
      User-Agent:
      - AZURECLI/2.45.0 azsdk-python-mgmt-cosmosdb/9.0.0 Python/3.8.10 (Windows-10-10.0.22621-SP0)
    method: GET
    uri: https://management.azure.com/subscriptions/00000000-0000-0000-0000-000000000000/providers/Microsoft.DocumentDB/locations/westus/operationsStatus/f379a34d-8f44-4d02-8e59-1a6528cb59f8?api-version=2022-11-15
  response:
    body:
      string: '{"status":"Dequeued"}'
    headers:
      cache-control:
      - no-store, no-cache
      content-length:
      - '21'
      content-type:
      - application/json
      date:
      - Thu, 23 Feb 2023 07:03:29 GMT
      pragma:
      - no-cache
      server:
      - Microsoft-HTTPAPI/2.0
      strict-transport-security:
      - max-age=31536000; includeSubDomains
      transfer-encoding:
      - chunked
      vary:
      - Accept-Encoding
      x-content-type-options:
      - nosniff
      x-ms-gatewayversion:
      - version=2.14.0
    status:
      code: 200
      message: Ok
- request:
    body: null
    headers:
      Accept:
      - '*/*'
      Accept-Encoding:
      - gzip, deflate
      CommandName:
      - cosmosdb create
      Connection:
      - keep-alive
      ParameterSetName:
      - -n -g --capabilities
      User-Agent:
      - AZURECLI/2.45.0 azsdk-python-mgmt-cosmosdb/9.0.0 Python/3.8.10 (Windows-10-10.0.22621-SP0)
    method: GET
    uri: https://management.azure.com/subscriptions/00000000-0000-0000-0000-000000000000/providers/Microsoft.DocumentDB/locations/westus/operationsStatus/f379a34d-8f44-4d02-8e59-1a6528cb59f8?api-version=2022-11-15
  response:
    body:
      string: '{"status":"Dequeued"}'
    headers:
      cache-control:
      - no-store, no-cache
      content-length:
      - '21'
      content-type:
      - application/json
      date:
      - Thu, 23 Feb 2023 07:03:59 GMT
      pragma:
      - no-cache
      server:
      - Microsoft-HTTPAPI/2.0
      strict-transport-security:
      - max-age=31536000; includeSubDomains
      transfer-encoding:
      - chunked
      vary:
      - Accept-Encoding
      x-content-type-options:
      - nosniff
      x-ms-gatewayversion:
      - version=2.14.0
    status:
      code: 200
      message: Ok
- request:
    body: null
    headers:
      Accept:
      - '*/*'
      Accept-Encoding:
      - gzip, deflate
      CommandName:
      - cosmosdb create
      Connection:
      - keep-alive
      ParameterSetName:
      - -n -g --capabilities
      User-Agent:
      - AZURECLI/2.45.0 azsdk-python-mgmt-cosmosdb/9.0.0 Python/3.8.10 (Windows-10-10.0.22621-SP0)
    method: GET
    uri: https://management.azure.com/subscriptions/00000000-0000-0000-0000-000000000000/providers/Microsoft.DocumentDB/locations/westus/operationsStatus/f379a34d-8f44-4d02-8e59-1a6528cb59f8?api-version=2022-11-15
  response:
    body:
      string: '{"status":"Succeeded"}'
    headers:
      cache-control:
      - no-store, no-cache
      content-length:
      - '22'
      content-type:
      - application/json
      date:
      - Thu, 23 Feb 2023 07:04:30 GMT
      pragma:
      - no-cache
      server:
      - Microsoft-HTTPAPI/2.0
      strict-transport-security:
      - max-age=31536000; includeSubDomains
      transfer-encoding:
      - chunked
      vary:
      - Accept-Encoding
      x-content-type-options:
      - nosniff
      x-ms-gatewayversion:
      - version=2.14.0
    status:
      code: 200
      message: Ok
- request:
    body: null
    headers:
      Accept:
      - '*/*'
      Accept-Encoding:
      - gzip, deflate
      CommandName:
      - cosmosdb create
      Connection:
      - keep-alive
      ParameterSetName:
      - -n -g --capabilities
      User-Agent:
      - AZURECLI/2.45.0 azsdk-python-mgmt-cosmosdb/9.0.0 Python/3.8.10 (Windows-10-10.0.22621-SP0)
    method: GET
    uri: https://management.azure.com/subscriptions/00000000-0000-0000-0000-000000000000/resourceGroups/cli_test_cosmosdb_cassandra_resource_throughput000001/providers/Microsoft.DocumentDB/databaseAccounts/cli000002?api-version=2022-11-15
  response:
    body:
      string: '{"id":"/subscriptions/00000000-0000-0000-0000-000000000000/resourceGroups/cli_test_cosmosdb_cassandra_resource_throughput000001/providers/Microsoft.DocumentDB/databaseAccounts/cli000002","name":"cli000002","location":"West
        US","type":"Microsoft.DocumentDB/databaseAccounts","kind":"GlobalDocumentDB","tags":{},"systemData":{"createdAt":"2023-02-23T07:04:03.3785068Z"},"properties":{"provisioningState":"Succeeded","documentEndpoint":"https://cli000002.documents.azure.com:443/","cassandraEndpoint":"https://cli000002.cassandra.cosmos.azure.com:443/","sqlEndpoint":"https://cli000002.documents.azure.com:443/","publicNetworkAccess":"Enabled","enableAutomaticFailover":false,"enableMultipleWriteLocations":false,"enablePartitionKeyMonitor":false,"isVirtualNetworkFilterEnabled":false,"virtualNetworkRules":[],"EnabledApiTypes":"Cassandra","disableKeyBasedMetadataWriteAccess":false,"enableFreeTier":false,"enableAnalyticalStorage":false,"analyticalStorageConfiguration":{"schemaType":"WellDefined"},"instanceId":"e7214866-230f-4e4b-8d12-4f4e0e9f0edd","databaseAccountOfferType":"Standard","enableFullFidelityChangeFeed":false,"defaultIdentity":"FirstPartyIdentity","networkAclBypass":"None","disableLocalAuth":false,"enablePartitionMerge":false,"minimalTlsVersion":"Tls12","consistencyPolicy":{"defaultConsistencyLevel":"Session","maxIntervalInSeconds":5,"maxStalenessPrefix":100},"configurationOverrides":{},"writeLocations":[{"id":"cli000002-westus","locationName":"West
        US","documentEndpoint":"https://cli000002-westus.documents.azure.com:443/","provisioningState":"Succeeded","failoverPriority":0,"isZoneRedundant":false}],"readLocations":[{"id":"cli000002-westus","locationName":"West
        US","documentEndpoint":"https://cli000002-westus.documents.azure.com:443/","provisioningState":"Succeeded","failoverPriority":0,"isZoneRedundant":false}],"locations":[{"id":"cli000002-westus","locationName":"West
        US","documentEndpoint":"https://cli000002-westus.documents.azure.com:443/","provisioningState":"Succeeded","failoverPriority":0,"isZoneRedundant":false}],"failoverPolicies":[{"id":"cli000002-westus","locationName":"West
        US","failoverPriority":0}],"cors":[],"capabilities":[{"name":"EnableCassandra"}],"ipRules":[],"backupPolicy":{"type":"Periodic","periodicModeProperties":{"backupIntervalInMinutes":240,"backupRetentionIntervalInHours":8,"backupStorageRedundancy":"Geo"}},"networkAclBypassResourceIds":[],"keysMetadata":{"primaryMasterKey":{"generationTime":"2023-02-23T07:04:03.3785068Z"},"secondaryMasterKey":{"generationTime":"2023-02-23T07:04:03.3785068Z"},"primaryReadonlyMasterKey":{"generationTime":"2023-02-23T07:04:03.3785068Z"},"secondaryReadonlyMasterKey":{"generationTime":"2023-02-23T07:04:03.3785068Z"}}},"identity":{"type":"None"}}'
    headers:
      cache-control:
      - no-store, no-cache
      content-length:
      - '2748'
      content-type:
      - application/json
      date:
      - Thu, 23 Feb 2023 07:04:30 GMT
      pragma:
      - no-cache
      server:
      - Microsoft-HTTPAPI/2.0
      strict-transport-security:
      - max-age=31536000; includeSubDomains
      transfer-encoding:
      - chunked
      vary:
      - Accept-Encoding
      x-content-type-options:
      - nosniff
      x-ms-gatewayversion:
      - version=2.14.0
    status:
      code: 200
      message: Ok
- request:
    body: null
    headers:
      Accept:
      - application/json
      Accept-Encoding:
      - gzip, deflate
      CommandName:
      - cosmosdb create
      Connection:
      - keep-alive
      ParameterSetName:
      - -n -g --capabilities
      User-Agent:
      - AZURECLI/2.45.0 azsdk-python-mgmt-cosmosdb/9.0.0 Python/3.8.10 (Windows-10-10.0.22621-SP0)
    method: GET
    uri: https://management.azure.com/subscriptions/00000000-0000-0000-0000-000000000000/resourceGroups/cli_test_cosmosdb_cassandra_resource_throughput000001/providers/Microsoft.DocumentDB/databaseAccounts/cli000002?api-version=2022-11-15
  response:
    body:
      string: '{"id":"/subscriptions/00000000-0000-0000-0000-000000000000/resourceGroups/cli_test_cosmosdb_cassandra_resource_throughput000001/providers/Microsoft.DocumentDB/databaseAccounts/cli000002","name":"cli000002","location":"West
        US","type":"Microsoft.DocumentDB/databaseAccounts","kind":"GlobalDocumentDB","tags":{},"systemData":{"createdAt":"2023-02-23T07:04:03.3785068Z"},"properties":{"provisioningState":"Succeeded","documentEndpoint":"https://cli000002.documents.azure.com:443/","cassandraEndpoint":"https://cli000002.cassandra.cosmos.azure.com:443/","sqlEndpoint":"https://cli000002.documents.azure.com:443/","publicNetworkAccess":"Enabled","enableAutomaticFailover":false,"enableMultipleWriteLocations":false,"enablePartitionKeyMonitor":false,"isVirtualNetworkFilterEnabled":false,"virtualNetworkRules":[],"EnabledApiTypes":"Cassandra","disableKeyBasedMetadataWriteAccess":false,"enableFreeTier":false,"enableAnalyticalStorage":false,"analyticalStorageConfiguration":{"schemaType":"WellDefined"},"instanceId":"e7214866-230f-4e4b-8d12-4f4e0e9f0edd","databaseAccountOfferType":"Standard","enableFullFidelityChangeFeed":false,"defaultIdentity":"FirstPartyIdentity","networkAclBypass":"None","disableLocalAuth":false,"enablePartitionMerge":false,"minimalTlsVersion":"Tls12","consistencyPolicy":{"defaultConsistencyLevel":"Session","maxIntervalInSeconds":5,"maxStalenessPrefix":100},"configurationOverrides":{},"writeLocations":[{"id":"cli000002-westus","locationName":"West
        US","documentEndpoint":"https://cli000002-westus.documents.azure.com:443/","provisioningState":"Succeeded","failoverPriority":0,"isZoneRedundant":false}],"readLocations":[{"id":"cli000002-westus","locationName":"West
        US","documentEndpoint":"https://cli000002-westus.documents.azure.com:443/","provisioningState":"Succeeded","failoverPriority":0,"isZoneRedundant":false}],"locations":[{"id":"cli000002-westus","locationName":"West
        US","documentEndpoint":"https://cli000002-westus.documents.azure.com:443/","provisioningState":"Succeeded","failoverPriority":0,"isZoneRedundant":false}],"failoverPolicies":[{"id":"cli000002-westus","locationName":"West
        US","failoverPriority":0}],"cors":[],"capabilities":[{"name":"EnableCassandra"}],"ipRules":[],"backupPolicy":{"type":"Periodic","periodicModeProperties":{"backupIntervalInMinutes":240,"backupRetentionIntervalInHours":8,"backupStorageRedundancy":"Geo"}},"networkAclBypassResourceIds":[],"keysMetadata":{"primaryMasterKey":{"generationTime":"2023-02-23T07:04:03.3785068Z"},"secondaryMasterKey":{"generationTime":"2023-02-23T07:04:03.3785068Z"},"primaryReadonlyMasterKey":{"generationTime":"2023-02-23T07:04:03.3785068Z"},"secondaryReadonlyMasterKey":{"generationTime":"2023-02-23T07:04:03.3785068Z"}}},"identity":{"type":"None"}}'
    headers:
      cache-control:
      - no-store, no-cache
      content-length:
      - '2748'
      content-type:
      - application/json
      date:
      - Thu, 23 Feb 2023 07:04:31 GMT
      pragma:
      - no-cache
      server:
      - Microsoft-HTTPAPI/2.0
      strict-transport-security:
      - max-age=31536000; includeSubDomains
      transfer-encoding:
      - chunked
      vary:
      - Accept-Encoding
      x-content-type-options:
      - nosniff
      x-ms-gatewayversion:
      - version=2.14.0
    status:
      code: 200
      message: Ok
- request:
    body: '{"properties": {"resource": {"id": "cli000003"}, "options": {"throughput":
      1000}}}'
    headers:
      Accept:
      - application/json
      Accept-Encoding:
      - gzip, deflate
      CommandName:
      - cosmosdb cassandra keyspace create
      Connection:
      - keep-alive
      Content-Length:
      - '82'
      Content-Type:
      - application/json
      ParameterSetName:
      - -g -a -n --throughput
      User-Agent:
      - AZURECLI/2.45.0 azsdk-python-mgmt-cosmosdb/9.0.0 Python/3.8.10 (Windows-10-10.0.22621-SP0)
    method: PUT
    uri: https://management.azure.com/subscriptions/00000000-0000-0000-0000-000000000000/resourceGroups/cli_test_cosmosdb_cassandra_resource_throughput000001/providers/Microsoft.DocumentDB/databaseAccounts/cli000002/cassandraKeyspaces/cli000003?api-version=2022-11-15
  response:
    body:
      string: '{"status":"Enqueued"}'
    headers:
      azure-asyncoperation:
      - https://management.azure.com/subscriptions/00000000-0000-0000-0000-000000000000/providers/Microsoft.DocumentDB/locations/westus/operationsStatus/e1debd35-6caa-4220-a7b4-59a965357e4d?api-version=2022-11-15
      cache-control:
      - no-store, no-cache
      content-length:
      - '21'
      content-type:
      - application/json
      date:
      - Thu, 23 Feb 2023 07:04:33 GMT
      location:
      - https://management.azure.com/subscriptions/00000000-0000-0000-0000-000000000000/resourceGroups/cli_test_cosmosdb_cassandra_resource_throughput000001/providers/Microsoft.DocumentDB/databaseAccounts/cli000002/cassandraKeyspaces/cli000003/operationResults/e1debd35-6caa-4220-a7b4-59a965357e4d?api-version=2022-11-15
      pragma:
      - no-cache
      server:
      - Microsoft-HTTPAPI/2.0
      strict-transport-security:
      - max-age=31536000; includeSubDomains
      x-content-type-options:
      - nosniff
      x-ms-gatewayversion:
      - version=2.14.0
      x-ms-ratelimit-remaining-subscription-writes:
      - '1199'
    status:
      code: 202
      message: Accepted
- request:
    body: null
    headers:
      Accept:
      - '*/*'
      Accept-Encoding:
      - gzip, deflate
      CommandName:
      - cosmosdb cassandra keyspace create
      Connection:
      - keep-alive
      ParameterSetName:
      - -g -a -n --throughput
      User-Agent:
      - AZURECLI/2.45.0 azsdk-python-mgmt-cosmosdb/9.0.0 Python/3.8.10 (Windows-10-10.0.22621-SP0)
    method: GET
    uri: https://management.azure.com/subscriptions/00000000-0000-0000-0000-000000000000/providers/Microsoft.DocumentDB/locations/westus/operationsStatus/e1debd35-6caa-4220-a7b4-59a965357e4d?api-version=2022-11-15
  response:
    body:
      string: '{"status":"Succeeded"}'
    headers:
      cache-control:
      - no-store, no-cache
      content-length:
      - '22'
      content-type:
      - application/json
      date:
      - Thu, 23 Feb 2023 07:05:03 GMT
      pragma:
      - no-cache
      server:
      - Microsoft-HTTPAPI/2.0
      strict-transport-security:
      - max-age=31536000; includeSubDomains
      transfer-encoding:
      - chunked
      vary:
      - Accept-Encoding
      x-content-type-options:
      - nosniff
      x-ms-gatewayversion:
      - version=2.14.0
    status:
      code: 200
      message: Ok
- request:
    body: null
    headers:
      Accept:
      - '*/*'
      Accept-Encoding:
      - gzip, deflate
      CommandName:
      - cosmosdb cassandra keyspace create
      Connection:
      - keep-alive
      ParameterSetName:
      - -g -a -n --throughput
      User-Agent:
      - AZURECLI/2.45.0 azsdk-python-mgmt-cosmosdb/9.0.0 Python/3.8.10 (Windows-10-10.0.22621-SP0)
    method: GET
    uri: https://management.azure.com/subscriptions/00000000-0000-0000-0000-000000000000/resourceGroups/cli_test_cosmosdb_cassandra_resource_throughput000001/providers/Microsoft.DocumentDB/databaseAccounts/cli000002/cassandraKeyspaces/cli000003?api-version=2022-11-15
  response:
    body:
      string: '{"id":"/subscriptions/00000000-0000-0000-0000-000000000000/resourceGroups/cli_test_cosmosdb_cassandra_resource_throughput000001/providers/Microsoft.DocumentDB/databaseAccounts/cli000002/cassandraKeyspaces/cli000003","type":"Microsoft.DocumentDB/databaseAccounts/cassandraKeyspaces","name":"cli000003","properties":{"resource":{"id":"cli000003","_rid":"hW4JAA==","_etag":"\"0000c101-0000-0700-0000-63f710090000\"","_ts":1677135881}}}'
    headers:
      cache-control:
      - no-store, no-cache
      content-length:
      - '432'
      content-type:
      - application/json
      date:
      - Thu, 23 Feb 2023 07:05:04 GMT
      pragma:
      - no-cache
      server:
      - Microsoft-HTTPAPI/2.0
      strict-transport-security:
      - max-age=31536000; includeSubDomains
      transfer-encoding:
      - chunked
      vary:
      - Accept-Encoding
      x-content-type-options:
      - nosniff
      x-ms-gatewayversion:
      - version=2.14.0
    status:
      code: 200
      message: Ok
- request:
    body: null
    headers:
      Accept:
      - application/json
      Accept-Encoding:
      - gzip, deflate
      CommandName:
      - cosmosdb cassandra keyspace throughput show
      Connection:
      - keep-alive
      ParameterSetName:
      - -g -a -n
      User-Agent:
      - AZURECLI/2.45.0 azsdk-python-mgmt-cosmosdb/9.0.0 Python/3.8.10 (Windows-10-10.0.22621-SP0)
    method: GET
    uri: https://management.azure.com/subscriptions/00000000-0000-0000-0000-000000000000/resourceGroups/cli_test_cosmosdb_cassandra_resource_throughput000001/providers/Microsoft.DocumentDB/databaseAccounts/cli000002/cassandraKeyspaces/cli000003/throughputSettings/default?api-version=2022-11-15
  response:
    body:
      string: '{"id":"/subscriptions/00000000-0000-0000-0000-000000000000/resourceGroups/cli_test_cosmosdb_cassandra_resource_throughput000001/providers/Microsoft.DocumentDB/databaseAccounts/cli000002/cassandraKeyspaces/cli000003/throughputSettings/default","type":"Microsoft.DocumentDB/databaseAccounts/cassandraKeyspaces/throughputSettings","name":"rNPO","properties":{"resource":{"throughput":1000,"minimumThroughput":"400"}}}'
    headers:
      cache-control:
      - no-store, no-cache
      content-length:
      - '414'
      content-type:
      - application/json
      date:
      - Thu, 23 Feb 2023 07:05:07 GMT
      pragma:
      - no-cache
      server:
      - Microsoft-HTTPAPI/2.0
      strict-transport-security:
      - max-age=31536000; includeSubDomains
      transfer-encoding:
      - chunked
      vary:
      - Accept-Encoding
      x-content-type-options:
      - nosniff
      x-ms-gatewayversion:
      - version=2.14.0
    status:
      code: 200
      message: Ok
- request:
    body: '{"properties": {"resource": {"throughput": 2000}}}'
    headers:
      Accept:
      - application/json
      Accept-Encoding:
      - gzip, deflate
      CommandName:
      - cosmosdb cassandra keyspace throughput update
      Connection:
      - keep-alive
      Content-Length:
      - '50'
      Content-Type:
      - application/json
      ParameterSetName:
      - -g -a -n --throughput
      User-Agent:
      - AZURECLI/2.45.0 azsdk-python-mgmt-cosmosdb/9.0.0 Python/3.8.10 (Windows-10-10.0.22621-SP0)
    method: PUT
    uri: https://management.azure.com/subscriptions/00000000-0000-0000-0000-000000000000/resourceGroups/cli_test_cosmosdb_cassandra_resource_throughput000001/providers/Microsoft.DocumentDB/databaseAccounts/cli000002/cassandraKeyspaces/cli000003/throughputSettings/default?api-version=2022-11-15
  response:
    body:
      string: '{"status":"Enqueued"}'
    headers:
      azure-asyncoperation:
      - https://management.azure.com/subscriptions/00000000-0000-0000-0000-000000000000/providers/Microsoft.DocumentDB/locations/westus/operationsStatus/8659e96b-9700-493d-97a9-25feda0166a6?api-version=2022-11-15
      cache-control:
      - no-store, no-cache
      content-length:
      - '21'
      content-type:
      - application/json
      date:
      - Thu, 23 Feb 2023 07:05:10 GMT
      location:
      - https://management.azure.com/subscriptions/00000000-0000-0000-0000-000000000000/resourceGroups/cli_test_cosmosdb_cassandra_resource_throughput000001/providers/Microsoft.DocumentDB/databaseAccounts/cli000002/cassandraKeyspaces/cli000003/throughputSettings/default/operationResults/8659e96b-9700-493d-97a9-25feda0166a6?api-version=2022-11-15
      pragma:
      - no-cache
      server:
      - Microsoft-HTTPAPI/2.0
      strict-transport-security:
      - max-age=31536000; includeSubDomains
      x-content-type-options:
      - nosniff
      x-ms-gatewayversion:
      - version=2.14.0
      x-ms-ratelimit-remaining-subscription-writes:
      - '1199'
    status:
      code: 202
      message: Accepted
- request:
    body: null
    headers:
      Accept:
      - '*/*'
      Accept-Encoding:
      - gzip, deflate
      CommandName:
      - cosmosdb cassandra keyspace throughput update
      Connection:
      - keep-alive
      ParameterSetName:
      - -g -a -n --throughput
      User-Agent:
      - AZURECLI/2.45.0 azsdk-python-mgmt-cosmosdb/9.0.0 Python/3.8.10 (Windows-10-10.0.22621-SP0)
    method: GET
    uri: https://management.azure.com/subscriptions/00000000-0000-0000-0000-000000000000/providers/Microsoft.DocumentDB/locations/westus/operationsStatus/8659e96b-9700-493d-97a9-25feda0166a6?api-version=2022-11-15
  response:
    body:
      string: '{"status":"Succeeded"}'
    headers:
      cache-control:
      - no-store, no-cache
      content-length:
      - '22'
      content-type:
      - application/json
      date:
      - Thu, 23 Feb 2023 07:05:41 GMT
      pragma:
      - no-cache
      server:
      - Microsoft-HTTPAPI/2.0
      strict-transport-security:
      - max-age=31536000; includeSubDomains
      transfer-encoding:
      - chunked
      vary:
      - Accept-Encoding
      x-content-type-options:
      - nosniff
      x-ms-gatewayversion:
      - version=2.14.0
    status:
      code: 200
      message: Ok
- request:
    body: null
    headers:
      Accept:
      - '*/*'
      Accept-Encoding:
      - gzip, deflate
      CommandName:
      - cosmosdb cassandra keyspace throughput update
      Connection:
      - keep-alive
      ParameterSetName:
      - -g -a -n --throughput
      User-Agent:
      - AZURECLI/2.45.0 azsdk-python-mgmt-cosmosdb/9.0.0 Python/3.8.10 (Windows-10-10.0.22621-SP0)
    method: GET
    uri: https://management.azure.com/subscriptions/00000000-0000-0000-0000-000000000000/resourceGroups/cli_test_cosmosdb_cassandra_resource_throughput000001/providers/Microsoft.DocumentDB/databaseAccounts/cli000002/cassandraKeyspaces/cli000003/throughputSettings/default?api-version=2022-11-15
  response:
    body:
      string: '{"id":"/subscriptions/00000000-0000-0000-0000-000000000000/resourceGroups/cli_test_cosmosdb_cassandra_resource_throughput000001/providers/Microsoft.DocumentDB/databaseAccounts/cli000002/cassandraKeyspaces/cli000003/throughputSettings/default","type":"Microsoft.DocumentDB/databaseAccounts/cassandraKeyspaces/throughputSettings","name":"rNPO","properties":{"resource":{"throughput":2000,"minimumThroughput":"400"}}}'
    headers:
      cache-control:
      - no-store, no-cache
      content-length:
      - '414'
      content-type:
      - application/json
      date:
      - Thu, 23 Feb 2023 07:05:42 GMT
      pragma:
      - no-cache
      server:
      - Microsoft-HTTPAPI/2.0
      strict-transport-security:
      - max-age=31536000; includeSubDomains
      transfer-encoding:
      - chunked
      vary:
      - Accept-Encoding
      x-content-type-options:
      - nosniff
      x-ms-gatewayversion:
      - version=2.14.0
    status:
      code: 200
      message: Ok
- request:
    body: '{"properties": {"resource": {"id": "cli000004", "schema": {"columns": [{"name":
      "columnA", "type": "Ascii"}], "partitionKeys": [{"name": "columnA"}]}}, "options":
      {"throughput": 1000}}}'
    headers:
      Accept:
      - application/json
      Accept-Encoding:
      - gzip, deflate
      CommandName:
      - cosmosdb cassandra table create
      Connection:
      - keep-alive
      Content-Length:
      - '185'
      Content-Type:
      - application/json
      ParameterSetName:
      - -g -a -k -n --throughput --schema
      User-Agent:
      - AZURECLI/2.45.0 azsdk-python-mgmt-cosmosdb/9.0.0 Python/3.8.10 (Windows-10-10.0.22621-SP0)
    method: PUT
    uri: https://management.azure.com/subscriptions/00000000-0000-0000-0000-000000000000/resourceGroups/cli_test_cosmosdb_cassandra_resource_throughput000001/providers/Microsoft.DocumentDB/databaseAccounts/cli000002/cassandraKeyspaces/cli000003/tables/cli000004?api-version=2022-11-15
  response:
    body:
      string: '{"status":"Enqueued"}'
    headers:
      azure-asyncoperation:
      - https://management.azure.com/subscriptions/00000000-0000-0000-0000-000000000000/providers/Microsoft.DocumentDB/locations/westus/operationsStatus/193c61ad-8a3d-4a30-b857-6937a5febf67?api-version=2022-11-15
      cache-control:
      - no-store, no-cache
      content-length:
      - '21'
      content-type:
      - application/json
      date:
      - Thu, 23 Feb 2023 07:05:45 GMT
      location:
      - https://management.azure.com/subscriptions/00000000-0000-0000-0000-000000000000/resourceGroups/cli_test_cosmosdb_cassandra_resource_throughput000001/providers/Microsoft.DocumentDB/databaseAccounts/cli000002/cassandraKeyspaces/cli000003/tables/cli000004/operationResults/193c61ad-8a3d-4a30-b857-6937a5febf67?api-version=2022-11-15
      pragma:
      - no-cache
      server:
      - Microsoft-HTTPAPI/2.0
      strict-transport-security:
      - max-age=31536000; includeSubDomains
      x-content-type-options:
      - nosniff
      x-ms-gatewayversion:
      - version=2.14.0
      x-ms-ratelimit-remaining-subscription-writes:
      - '1198'
    status:
      code: 202
      message: Accepted
- request:
    body: null
    headers:
      Accept:
      - '*/*'
      Accept-Encoding:
      - gzip, deflate
      CommandName:
      - cosmosdb cassandra table create
      Connection:
      - keep-alive
      ParameterSetName:
      - -g -a -k -n --throughput --schema
      User-Agent:
      - AZURECLI/2.45.0 azsdk-python-mgmt-cosmosdb/9.0.0 Python/3.8.10 (Windows-10-10.0.22621-SP0)
    method: GET
    uri: https://management.azure.com/subscriptions/00000000-0000-0000-0000-000000000000/providers/Microsoft.DocumentDB/locations/westus/operationsStatus/193c61ad-8a3d-4a30-b857-6937a5febf67?api-version=2022-11-15
  response:
    body:
      string: '{"status":"Succeeded"}'
    headers:
      cache-control:
      - no-store, no-cache
      content-length:
      - '22'
      content-type:
      - application/json
      date:
      - Thu, 23 Feb 2023 07:06:15 GMT
      pragma:
      - no-cache
      server:
      - Microsoft-HTTPAPI/2.0
      strict-transport-security:
      - max-age=31536000; includeSubDomains
      transfer-encoding:
      - chunked
      vary:
      - Accept-Encoding
      x-content-type-options:
      - nosniff
      x-ms-gatewayversion:
      - version=2.14.0
    status:
      code: 200
      message: Ok
- request:
    body: null
    headers:
      Accept:
      - '*/*'
      Accept-Encoding:
      - gzip, deflate
      CommandName:
      - cosmosdb cassandra table create
      Connection:
      - keep-alive
      ParameterSetName:
      - -g -a -k -n --throughput --schema
      User-Agent:
      - AZURECLI/2.45.0 azsdk-python-mgmt-cosmosdb/9.0.0 Python/3.8.10 (Windows-10-10.0.22621-SP0)
    method: GET
    uri: https://management.azure.com/subscriptions/00000000-0000-0000-0000-000000000000/resourceGroups/cli_test_cosmosdb_cassandra_resource_throughput000001/providers/Microsoft.DocumentDB/databaseAccounts/cli000002/cassandraKeyspaces/cli000003/tables/cli000004?api-version=2022-11-15
  response:
    body:
      string: '{"id":"/subscriptions/00000000-0000-0000-0000-000000000000/resourceGroups/cli_test_cosmosdb_cassandra_resource_throughput000001/providers/Microsoft.DocumentDB/databaseAccounts/cli000002/cassandraKeyspaces/cli000003/tables/cli000004","type":"Microsoft.DocumentDB/databaseAccounts/cassandraKeyspaces/tables","name":"cli000004","properties":{"resource":{"id":"cli000004","_rid":"hW4JAPU9YPM=","_etag":"\"0000c701-0000-0700-0000-63f710500000\"","_ts":1677135952,"defaultTtl":0,"schema":{"columns":[{"name":"columnA","type":"ascii"}],"partitionKeys":[{"name":"columnA"}]}}}}'
    headers:
      cache-control:
      - no-store, no-cache
      content-length:
      - '569'
      content-type:
      - application/json
      date:
      - Thu, 23 Feb 2023 07:06:16 GMT
      pragma:
      - no-cache
      server:
      - Microsoft-HTTPAPI/2.0
      strict-transport-security:
      - max-age=31536000; includeSubDomains
      transfer-encoding:
      - chunked
      vary:
      - Accept-Encoding
      x-content-type-options:
      - nosniff
      x-ms-gatewayversion:
      - version=2.14.0
    status:
      code: 200
      message: Ok
- request:
    body: null
    headers:
      Accept:
      - application/json
      Accept-Encoding:
      - gzip, deflate
      CommandName:
      - cosmosdb cassandra table throughput show
      Connection:
      - keep-alive
      ParameterSetName:
      - -g -a -k -n
      User-Agent:
      - AZURECLI/2.45.0 azsdk-python-mgmt-cosmosdb/9.0.0 Python/3.8.10 (Windows-10-10.0.22621-SP0)
    method: GET
    uri: https://management.azure.com/subscriptions/00000000-0000-0000-0000-000000000000/resourceGroups/cli_test_cosmosdb_cassandra_resource_throughput000001/providers/Microsoft.DocumentDB/databaseAccounts/cli000002/cassandraKeyspaces/cli000003/tables/cli000004/throughputSettings/default?api-version=2022-11-15
  response:
    body:
      string: '{"id":"/subscriptions/00000000-0000-0000-0000-000000000000/resourceGroups/cli_test_cosmosdb_cassandra_resource_throughput000001/providers/Microsoft.DocumentDB/databaseAccounts/cli000002/cassandraKeyspaces/cli000003/tables/cli000004/throughputSettings/default","type":"Microsoft.DocumentDB/databaseAccounts/cassandraKeyspaces/tables/throughputSettings","name":"sDbh","properties":{"resource":{"throughput":1000,"minimumThroughput":"400"}}}'
    headers:
      cache-control:
      - no-store, no-cache
      content-length:
      - '438'
      content-type:
      - application/json
      date:
      - Thu, 23 Feb 2023 07:06:17 GMT
      pragma:
      - no-cache
      server:
      - Microsoft-HTTPAPI/2.0
      strict-transport-security:
      - max-age=31536000; includeSubDomains
      transfer-encoding:
      - chunked
      vary:
      - Accept-Encoding
      x-content-type-options:
      - nosniff
      x-ms-gatewayversion:
      - version=2.14.0
    status:
      code: 200
      message: Ok
- request:
    body: '{"properties": {"resource": {"throughput": 2000}}}'
    headers:
      Accept:
      - application/json
      Accept-Encoding:
      - gzip, deflate
      CommandName:
      - cosmosdb cassandra table throughput update
      Connection:
      - keep-alive
      Content-Length:
      - '50'
      Content-Type:
      - application/json
      ParameterSetName:
      - -g -a -k -n --throughput
      User-Agent:
      - AZURECLI/2.45.0 azsdk-python-mgmt-cosmosdb/9.0.0 Python/3.8.10 (Windows-10-10.0.22621-SP0)
    method: PUT
    uri: https://management.azure.com/subscriptions/00000000-0000-0000-0000-000000000000/resourceGroups/cli_test_cosmosdb_cassandra_resource_throughput000001/providers/Microsoft.DocumentDB/databaseAccounts/cli000002/cassandraKeyspaces/cli000003/tables/cli000004/throughputSettings/default?api-version=2022-11-15
  response:
    body:
      string: '{"status":"Enqueued"}'
    headers:
      azure-asyncoperation:
      - https://management.azure.com/subscriptions/00000000-0000-0000-0000-000000000000/providers/Microsoft.DocumentDB/locations/westus/operationsStatus/f4f87b59-5764-4b33-9e6d-c0912f2ca3d8?api-version=2022-11-15
      cache-control:
      - no-store, no-cache
      content-length:
      - '21'
      content-type:
      - application/json
      date:
      - Thu, 23 Feb 2023 07:06:19 GMT
      location:
      - https://management.azure.com/subscriptions/00000000-0000-0000-0000-000000000000/resourceGroups/cli_test_cosmosdb_cassandra_resource_throughput000001/providers/Microsoft.DocumentDB/databaseAccounts/cli000002/cassandraKeyspaces/cli000003/tables/cli000004/throughputSettings/default/operationResults/f4f87b59-5764-4b33-9e6d-c0912f2ca3d8?api-version=2022-11-15
      pragma:
      - no-cache
      server:
      - Microsoft-HTTPAPI/2.0
      strict-transport-security:
      - max-age=31536000; includeSubDomains
      x-content-type-options:
      - nosniff
      x-ms-gatewayversion:
      - version=2.14.0
      x-ms-ratelimit-remaining-subscription-writes:
      - '1197'
    status:
      code: 202
      message: Accepted
- request:
    body: null
    headers:
      Accept:
      - '*/*'
      Accept-Encoding:
      - gzip, deflate
      CommandName:
      - cosmosdb cassandra table throughput update
      Connection:
      - keep-alive
      ParameterSetName:
      - -g -a -k -n --throughput
      User-Agent:
      - AZURECLI/2.45.0 azsdk-python-mgmt-cosmosdb/9.0.0 Python/3.8.10 (Windows-10-10.0.22621-SP0)
    method: GET
    uri: https://management.azure.com/subscriptions/00000000-0000-0000-0000-000000000000/providers/Microsoft.DocumentDB/locations/westus/operationsStatus/f4f87b59-5764-4b33-9e6d-c0912f2ca3d8?api-version=2022-11-15
  response:
    body:
      string: '{"status":"Succeeded"}'
    headers:
      cache-control:
      - no-store, no-cache
      content-length:
      - '22'
      content-type:
      - application/json
      date:
      - Thu, 23 Feb 2023 07:06:50 GMT
      pragma:
      - no-cache
      server:
      - Microsoft-HTTPAPI/2.0
      strict-transport-security:
      - max-age=31536000; includeSubDomains
      transfer-encoding:
      - chunked
      vary:
      - Accept-Encoding
      x-content-type-options:
      - nosniff
      x-ms-gatewayversion:
      - version=2.14.0
    status:
      code: 200
      message: Ok
- request:
    body: null
    headers:
      Accept:
      - '*/*'
      Accept-Encoding:
      - gzip, deflate
      CommandName:
      - cosmosdb cassandra table throughput update
      Connection:
      - keep-alive
      ParameterSetName:
      - -g -a -k -n --throughput
      User-Agent:
      - AZURECLI/2.45.0 azsdk-python-mgmt-cosmosdb/9.0.0 Python/3.8.10 (Windows-10-10.0.22621-SP0)
    method: GET
    uri: https://management.azure.com/subscriptions/00000000-0000-0000-0000-000000000000/resourceGroups/cli_test_cosmosdb_cassandra_resource_throughput000001/providers/Microsoft.DocumentDB/databaseAccounts/cli000002/cassandraKeyspaces/cli000003/tables/cli000004/throughputSettings/default?api-version=2022-11-15
  response:
    body:
      string: '{"id":"/subscriptions/00000000-0000-0000-0000-000000000000/resourceGroups/cli_test_cosmosdb_cassandra_resource_throughput000001/providers/Microsoft.DocumentDB/databaseAccounts/cli000002/cassandraKeyspaces/cli000003/tables/cli000004/throughputSettings/default","type":"Microsoft.DocumentDB/databaseAccounts/cassandraKeyspaces/tables/throughputSettings","name":"sDbh","properties":{"resource":{"throughput":2000,"minimumThroughput":"400"}}}'
    headers:
      cache-control:
      - no-store, no-cache
      content-length:
      - '438'
      content-type:
      - application/json
      date:
      - Thu, 23 Feb 2023 07:06:51 GMT
      pragma:
      - no-cache
      server:
      - Microsoft-HTTPAPI/2.0
      strict-transport-security:
      - max-age=31536000; includeSubDomains
      transfer-encoding:
      - chunked
      vary:
      - Accept-Encoding
      x-content-type-options:
      - nosniff
      x-ms-gatewayversion:
      - version=2.14.0
    status:
      code: 200
      message: Ok
version: 1
