interactions:
- request:
    body: null
    headers:
      Accept:
      - application/json
      Accept-Encoding:
      - gzip, deflate
      CommandName:
      - cosmosdb create
      Connection:
      - keep-alive
      ParameterSetName:
      - -n -g --locations --locations
      User-Agent:
      - python/3.8.6 (Windows-10-10.0.19041-SP0) msrest/0.6.18 msrest_azure/0.6.3
        azure-mgmt-resource/12.0.0 Azure-SDK-For-Python AZURECLI/2.16.0
      accept-language:
      - en-US
    method: GET
    uri: https://management.azure.com/subscriptions/00000000-0000-0000-0000-000000000000/resourcegroups/cli_test_cosmosdb_account000001?api-version=2020-10-01
  response:
    body:
      string: '{"id":"/subscriptions/00000000-0000-0000-0000-000000000000/resourceGroups/cli_test_cosmosdb_account000001","name":"cli_test_cosmosdb_account000001","type":"Microsoft.Resources/resourceGroups","location":"westus","tags":{"product":"azurecli","cause":"automation","date":"2020-12-18T07:38:47Z"},"properties":{"provisioningState":"Succeeded"}}'
    headers:
      cache-control:
      - no-cache
      content-length:
      - '428'
      content-type:
      - application/json; charset=utf-8
      date:
      - Fri, 18 Dec 2020 07:38:49 GMT
      expires:
      - '-1'
      pragma:
      - no-cache
      strict-transport-security:
      - max-age=31536000; includeSubDomains
      vary:
      - Accept-Encoding
      x-content-type-options:
      - nosniff
    status:
      code: 200
      message: OK
- request:
    body: '{"location": "westus", "kind": "GlobalDocumentDB", "properties": {"locations":
      [{"locationName": "eastus", "failoverPriority": 0, "isZoneRedundant": false},
      {"locationName": "westus", "failoverPriority": 1, "isZoneRedundant": false}],
      "databaseAccountOfferType": "Standard", "apiProperties": {}}}'
    headers:
      Accept:
      - application/json
      Accept-Encoding:
      - gzip, deflate
      CommandName:
      - cosmosdb create
      Connection:
      - keep-alive
      Content-Length:
      - '296'
      Content-Type:
      - application/json; charset=utf-8
      ParameterSetName:
      - -n -g --locations --locations
      User-Agent:
      - python/3.8.6 (Windows-10-10.0.19041-SP0) msrest/0.6.18 msrest_azure/0.6.3
        azure-mgmt-cosmosdb/1.0.0 Azure-SDK-For-Python AZURECLI/2.16.0
      accept-language:
      - en-US
    method: PUT
    uri: https://management.azure.com/subscriptions/00000000-0000-0000-0000-000000000000/resourceGroups/cli_test_cosmosdb_account000001/providers/Microsoft.DocumentDB/databaseAccounts/cli000002?api-version=2020-04-01
  response:
    body:
      string: '{"id":"/subscriptions/00000000-0000-0000-0000-000000000000/resourceGroups/cli_test_cosmosdb_account000001/providers/Microsoft.DocumentDB/databaseAccounts/cli000002","name":"cli000002","location":"West
        US","type":"Microsoft.DocumentDB/databaseAccounts","kind":"GlobalDocumentDB","tags":{},"systemData":{"createdAt":"2020-12-18T07:38:51.6372313Z"},"properties":{"provisioningState":"Creating","publicNetworkAccess":"Enabled","enableAutomaticFailover":false,"enableMultipleWriteLocations":false,"enablePartitionKeyMonitor":false,"isVirtualNetworkFilterEnabled":false,"virtualNetworkRules":[],"EnabledApiTypes":"Sql","disableKeyBasedMetadataWriteAccess":false,"enableFreeTier":false,"enableAnalyticalStorage":false,"instanceId":"173e08dd-1f65-43c6-9518-0d4f29d1019a","createMode":"Default","databaseAccountOfferType":"Standard","consistencyPolicy":{"defaultConsistencyLevel":"Session","maxIntervalInSeconds":5,"maxStalenessPrefix":100},"configurationOverrides":{},"writeLocations":[{"id":"cli000002-eastus","locationName":"East
        US","provisioningState":"Creating","failoverPriority":0,"isZoneRedundant":false}],"readLocations":[{"id":"cli000002-eastus","locationName":"East
        US","provisioningState":"Creating","failoverPriority":0,"isZoneRedundant":false}],"locations":[{"id":"cli000002-eastus","locationName":"East
        US","provisioningState":"Creating","failoverPriority":0,"isZoneRedundant":false}],"failoverPolicies":[{"id":"cli000002-eastus","locationName":"East
        US","failoverPriority":0}],"cors":[],"capabilities":[],"ipRules":[],"backupPolicy":{"type":"Periodic","periodicModeProperties":{"backupIntervalInMinutes":240,"backupRetentionIntervalInHours":8}}}}'
    headers:
      azure-asyncoperation:
      - https://management.azure.com/subscriptions/00000000-0000-0000-0000-000000000000/providers/Microsoft.DocumentDB/locations/westus/operationsStatus/5b50a7cb-e522-44bd-bb57-2fc271e8c15d?api-version=2020-04-01
      cache-control:
      - no-store, no-cache
      content-length:
      - '1884'
      content-type:
      - application/json
      date:
      - Fri, 18 Dec 2020 07:38:52 GMT
      location:
      - https://management.azure.com/subscriptions/00000000-0000-0000-0000-000000000000/resourceGroups/cli_test_cosmosdb_account000001/providers/Microsoft.DocumentDB/databaseAccounts/cli000002/operationResults/5b50a7cb-e522-44bd-bb57-2fc271e8c15d?api-version=2020-04-01
      pragma:
      - no-cache
      server:
      - Microsoft-HTTPAPI/2.0
      strict-transport-security:
      - max-age=31536000; includeSubDomains
      transfer-encoding:
      - chunked
      vary:
      - Accept-Encoding
      x-content-type-options:
      - nosniff
      x-ms-gatewayversion:
      - version=2.11.0
      x-ms-ratelimit-remaining-subscription-writes:
      - '1197'
    status:
      code: 200
      message: Ok
- request:
    body: null
    headers:
      Accept:
      - application/json
      Accept-Encoding:
      - gzip, deflate
      CommandName:
      - cosmosdb create
      Connection:
      - keep-alive
      ParameterSetName:
      - -n -g --locations --locations
      User-Agent:
      - python/3.8.6 (Windows-10-10.0.19041-SP0) msrest/0.6.18 msrest_azure/0.6.3
        azure-mgmt-cosmosdb/1.0.0 Azure-SDK-For-Python AZURECLI/2.16.0
    method: GET
    uri: https://management.azure.com/subscriptions/00000000-0000-0000-0000-000000000000/providers/Microsoft.DocumentDB/locations/westus/operationsStatus/5b50a7cb-e522-44bd-bb57-2fc271e8c15d?api-version=2020-04-01
  response:
    body:
      string: '{"status":"Dequeued"}'
    headers:
      cache-control:
      - no-store, no-cache
      content-length:
      - '21'
      content-type:
      - application/json
      date:
      - Fri, 18 Dec 2020 07:39:23 GMT
      pragma:
      - no-cache
      server:
      - Microsoft-HTTPAPI/2.0
      strict-transport-security:
      - max-age=31536000; includeSubDomains
      transfer-encoding:
      - chunked
      vary:
      - Accept-Encoding
      x-content-type-options:
      - nosniff
      x-ms-gatewayversion:
      - version=2.11.0
    status:
      code: 200
      message: Ok
- request:
    body: null
    headers:
      Accept:
      - application/json
      Accept-Encoding:
      - gzip, deflate
      CommandName:
      - cosmosdb create
      Connection:
      - keep-alive
      ParameterSetName:
      - -n -g --locations --locations
      User-Agent:
      - python/3.8.6 (Windows-10-10.0.19041-SP0) msrest/0.6.18 msrest_azure/0.6.3
        azure-mgmt-cosmosdb/1.0.0 Azure-SDK-For-Python AZURECLI/2.16.0
    method: GET
    uri: https://management.azure.com/subscriptions/00000000-0000-0000-0000-000000000000/providers/Microsoft.DocumentDB/locations/westus/operationsStatus/5b50a7cb-e522-44bd-bb57-2fc271e8c15d?api-version=2020-04-01
  response:
    body:
      string: '{"status":"Dequeued"}'
    headers:
      cache-control:
      - no-store, no-cache
      content-length:
      - '21'
      content-type:
      - application/json
      date:
      - Fri, 18 Dec 2020 07:39:52 GMT
      pragma:
      - no-cache
      server:
      - Microsoft-HTTPAPI/2.0
      strict-transport-security:
      - max-age=31536000; includeSubDomains
      transfer-encoding:
      - chunked
      vary:
      - Accept-Encoding
      x-content-type-options:
      - nosniff
      x-ms-gatewayversion:
      - version=2.11.0
    status:
      code: 200
      message: Ok
- request:
    body: null
    headers:
      Accept:
      - application/json
      Accept-Encoding:
      - gzip, deflate
      CommandName:
      - cosmosdb create
      Connection:
      - keep-alive
      ParameterSetName:
      - -n -g --locations --locations
      User-Agent:
      - python/3.8.6 (Windows-10-10.0.19041-SP0) msrest/0.6.18 msrest_azure/0.6.3
        azure-mgmt-cosmosdb/1.0.0 Azure-SDK-For-Python AZURECLI/2.16.0
    method: GET
    uri: https://management.azure.com/subscriptions/00000000-0000-0000-0000-000000000000/providers/Microsoft.DocumentDB/locations/westus/operationsStatus/5b50a7cb-e522-44bd-bb57-2fc271e8c15d?api-version=2020-04-01
  response:
    body:
      string: '{"status":"Dequeued"}'
    headers:
      cache-control:
      - no-store, no-cache
      content-length:
      - '21'
      content-type:
      - application/json
      date:
      - Fri, 18 Dec 2020 07:40:23 GMT
      pragma:
      - no-cache
      server:
      - Microsoft-HTTPAPI/2.0
      strict-transport-security:
      - max-age=31536000; includeSubDomains
      transfer-encoding:
      - chunked
      vary:
      - Accept-Encoding
      x-content-type-options:
      - nosniff
      x-ms-gatewayversion:
      - version=2.11.0
    status:
      code: 200
      message: Ok
- request:
    body: null
    headers:
      Accept:
      - application/json
      Accept-Encoding:
      - gzip, deflate
      CommandName:
      - cosmosdb create
      Connection:
      - keep-alive
      ParameterSetName:
      - -n -g --locations --locations
      User-Agent:
      - python/3.8.6 (Windows-10-10.0.19041-SP0) msrest/0.6.18 msrest_azure/0.6.3
        azure-mgmt-cosmosdb/1.0.0 Azure-SDK-For-Python AZURECLI/2.16.0
    method: GET
    uri: https://management.azure.com/subscriptions/00000000-0000-0000-0000-000000000000/providers/Microsoft.DocumentDB/locations/westus/operationsStatus/5b50a7cb-e522-44bd-bb57-2fc271e8c15d?api-version=2020-04-01
  response:
    body:
      string: '{"status":"Succeeded"}'
    headers:
      cache-control:
      - no-store, no-cache
      content-length:
      - '22'
      content-type:
      - application/json
      date:
      - Fri, 18 Dec 2020 07:40:53 GMT
      pragma:
      - no-cache
      server:
      - Microsoft-HTTPAPI/2.0
      strict-transport-security:
      - max-age=31536000; includeSubDomains
      transfer-encoding:
      - chunked
      vary:
      - Accept-Encoding
      x-content-type-options:
      - nosniff
      x-ms-gatewayversion:
      - version=2.11.0
    status:
      code: 200
      message: Ok
- request:
    body: null
    headers:
      Accept:
      - application/json
      Accept-Encoding:
      - gzip, deflate
      CommandName:
      - cosmosdb create
      Connection:
      - keep-alive
      ParameterSetName:
      - -n -g --locations --locations
      User-Agent:
      - python/3.8.6 (Windows-10-10.0.19041-SP0) msrest/0.6.18 msrest_azure/0.6.3
        azure-mgmt-cosmosdb/1.0.0 Azure-SDK-For-Python AZURECLI/2.16.0
    method: GET
    uri: https://management.azure.com/subscriptions/00000000-0000-0000-0000-000000000000/resourceGroups/cli_test_cosmosdb_account000001/providers/Microsoft.DocumentDB/databaseAccounts/cli000002?api-version=2020-04-01
  response:
    body:
      string: '{"id":"/subscriptions/00000000-0000-0000-0000-000000000000/resourceGroups/cli_test_cosmosdb_account000001/providers/Microsoft.DocumentDB/databaseAccounts/cli000002","name":"cli000002","location":"West
        US","type":"Microsoft.DocumentDB/databaseAccounts","kind":"GlobalDocumentDB","tags":{},"systemData":{"createdAt":"2020-12-18T07:39:21.2339998Z"},"properties":{"provisioningState":"Succeeded","documentEndpoint":"https://cli000002.documents.azure.com:443/","publicNetworkAccess":"Enabled","enableAutomaticFailover":false,"enableMultipleWriteLocations":false,"enablePartitionKeyMonitor":false,"isVirtualNetworkFilterEnabled":false,"virtualNetworkRules":[],"EnabledApiTypes":"Sql","disableKeyBasedMetadataWriteAccess":false,"enableFreeTier":false,"enableAnalyticalStorage":false,"instanceId":"173e08dd-1f65-43c6-9518-0d4f29d1019a","createMode":"Default","databaseAccountOfferType":"Standard","consistencyPolicy":{"defaultConsistencyLevel":"Session","maxIntervalInSeconds":5,"maxStalenessPrefix":100},"configurationOverrides":{},"writeLocations":[{"id":"cli000002-eastus","locationName":"East
        US","documentEndpoint":"https://cli000002-eastus.documents.azure.com:443/","provisioningState":"Succeeded","failoverPriority":0,"isZoneRedundant":false}],"readLocations":[{"id":"cli000002-eastus","locationName":"East
        US","documentEndpoint":"https://cli000002-eastus.documents.azure.com:443/","provisioningState":"Succeeded","failoverPriority":0,"isZoneRedundant":false},{"id":"cli000002-westus","locationName":"West
        US","documentEndpoint":"https://cli000002-westus.documents.azure.com:443/","provisioningState":"Succeeded","failoverPriority":1,"isZoneRedundant":false}],"locations":[{"id":"cli000002-eastus","locationName":"East
        US","documentEndpoint":"https://cli000002-eastus.documents.azure.com:443/","provisioningState":"Succeeded","failoverPriority":0,"isZoneRedundant":false},{"id":"cli000002-westus","locationName":"West
        US","documentEndpoint":"https://cli000002-westus.documents.azure.com:443/","provisioningState":"Succeeded","failoverPriority":1,"isZoneRedundant":false}],"failoverPolicies":[{"id":"cli000002-eastus","locationName":"East
        US","failoverPriority":0},{"id":"cli000002-westus","locationName":"West US","failoverPriority":1}],"cors":[],"capabilities":[],"ipRules":[],"backupPolicy":{"type":"Periodic","periodicModeProperties":{"backupIntervalInMinutes":240,"backupRetentionIntervalInHours":8}}}}'
    headers:
      cache-control:
      - no-store, no-cache
      content-length:
      - '2914'
      content-type:
      - application/json
      date:
      - Fri, 18 Dec 2020 07:40:54 GMT
      pragma:
      - no-cache
      server:
      - Microsoft-HTTPAPI/2.0
      strict-transport-security:
      - max-age=31536000; includeSubDomains
      transfer-encoding:
      - chunked
      vary:
      - Accept-Encoding
      x-content-type-options:
      - nosniff
      x-ms-gatewayversion:
      - version=2.11.0
    status:
      code: 200
      message: Ok
- request:
    body: null
    headers:
      Accept:
      - application/json
      Accept-Encoding:
      - gzip, deflate
      CommandName:
      - cosmosdb create
      Connection:
      - keep-alive
      ParameterSetName:
      - -n -g --locations --locations
      User-Agent:
      - python/3.8.6 (Windows-10-10.0.19041-SP0) msrest/0.6.18 msrest_azure/0.6.3
        azure-mgmt-cosmosdb/1.0.0 Azure-SDK-For-Python AZURECLI/2.16.0
      accept-language:
      - en-US
    method: GET
    uri: https://management.azure.com/subscriptions/00000000-0000-0000-0000-000000000000/resourceGroups/cli_test_cosmosdb_account000001/providers/Microsoft.DocumentDB/databaseAccounts/cli000002?api-version=2020-04-01
  response:
    body:
      string: '{"id":"/subscriptions/00000000-0000-0000-0000-000000000000/resourceGroups/cli_test_cosmosdb_account000001/providers/Microsoft.DocumentDB/databaseAccounts/cli000002","name":"cli000002","location":"West
        US","type":"Microsoft.DocumentDB/databaseAccounts","kind":"GlobalDocumentDB","tags":{},"systemData":{"createdAt":"2020-12-18T07:39:21.2339998Z"},"properties":{"provisioningState":"Succeeded","documentEndpoint":"https://cli000002.documents.azure.com:443/","publicNetworkAccess":"Enabled","enableAutomaticFailover":false,"enableMultipleWriteLocations":false,"enablePartitionKeyMonitor":false,"isVirtualNetworkFilterEnabled":false,"virtualNetworkRules":[],"EnabledApiTypes":"Sql","disableKeyBasedMetadataWriteAccess":false,"enableFreeTier":false,"enableAnalyticalStorage":false,"instanceId":"173e08dd-1f65-43c6-9518-0d4f29d1019a","createMode":"Default","databaseAccountOfferType":"Standard","consistencyPolicy":{"defaultConsistencyLevel":"Session","maxIntervalInSeconds":5,"maxStalenessPrefix":100},"configurationOverrides":{},"writeLocations":[{"id":"cli000002-eastus","locationName":"East
        US","documentEndpoint":"https://cli000002-eastus.documents.azure.com:443/","provisioningState":"Succeeded","failoverPriority":0,"isZoneRedundant":false}],"readLocations":[{"id":"cli000002-eastus","locationName":"East
        US","documentEndpoint":"https://cli000002-eastus.documents.azure.com:443/","provisioningState":"Succeeded","failoverPriority":0,"isZoneRedundant":false},{"id":"cli000002-westus","locationName":"West
        US","documentEndpoint":"https://cli000002-westus.documents.azure.com:443/","provisioningState":"Succeeded","failoverPriority":1,"isZoneRedundant":false}],"locations":[{"id":"cli000002-eastus","locationName":"East
        US","documentEndpoint":"https://cli000002-eastus.documents.azure.com:443/","provisioningState":"Succeeded","failoverPriority":0,"isZoneRedundant":false},{"id":"cli000002-westus","locationName":"West
        US","documentEndpoint":"https://cli000002-westus.documents.azure.com:443/","provisioningState":"Succeeded","failoverPriority":1,"isZoneRedundant":false}],"failoverPolicies":[{"id":"cli000002-eastus","locationName":"East
        US","failoverPriority":0},{"id":"cli000002-westus","locationName":"West US","failoverPriority":1}],"cors":[],"capabilities":[],"ipRules":[],"backupPolicy":{"type":"Periodic","periodicModeProperties":{"backupIntervalInMinutes":240,"backupRetentionIntervalInHours":8}}}}'
    headers:
      cache-control:
      - no-store, no-cache
      content-length:
      - '2914'
      content-type:
      - application/json
      date:
      - Fri, 18 Dec 2020 07:40:54 GMT
      pragma:
      - no-cache
      server:
      - Microsoft-HTTPAPI/2.0
      strict-transport-security:
      - max-age=31536000; includeSubDomains
      transfer-encoding:
      - chunked
      vary:
      - Accept-Encoding
      x-content-type-options:
      - nosniff
      x-ms-gatewayversion:
      - version=2.11.0
    status:
      code: 200
      message: Ok
version: 1
