interactions:
- request:
    body: null
    headers:
      Accept:
      - application/json
      Accept-Encoding:
      - gzip, deflate
      CommandName:
      - cosmosdb create
      Connection:
      - keep-alive
      ParameterSetName:
      - -n -g --kind --enable-analytical-storage
      User-Agent:
      - python/3.6.8 (Windows-10-10.0.19041-SP0) msrest/0.6.18 msrest_azure/0.6.3
        azure-mgmt-resource/10.2.0 Azure-SDK-For-Python AZURECLI/2.11.0
      accept-language:
      - en-US
    method: GET
    uri: https://management.azure.com/subscriptions/00000000-0000-0000-0000-000000000000/resourcegroups/cli_test_cosmosdb_mongodb_collection000001?api-version=2020-06-01
  response:
    body:
      string: '{"id":"/subscriptions/00000000-0000-0000-0000-000000000000/resourceGroups/cli_test_cosmosdb_mongodb_collection000001","name":"cli_test_cosmosdb_mongodb_collection000001","type":"Microsoft.Resources/resourceGroups","location":"westus","tags":{"product":"azurecli","cause":"automation","date":"2020-08-25T07:18:22Z"},"properties":{"provisioningState":"Succeeded"}}'
    headers:
      cache-control:
      - no-cache
      content-length:
      - '428'
      content-type:
      - application/json; charset=utf-8
      date:
      - Tue, 25 Aug 2020 07:18:23 GMT
      expires:
      - '-1'
      pragma:
      - no-cache
      strict-transport-security:
      - max-age=31536000; includeSubDomains
      vary:
      - Accept-Encoding
      x-content-type-options:
      - nosniff
    status:
      code: 200
      message: OK
- request:
    body: '{"location": "westus", "kind": "MongoDB", "properties": {"locations": [{"locationName":
      "westus", "failoverPriority": 0, "isZoneRedundant": false}], "databaseAccountOfferType":
      "Standard", "apiProperties": {}, "enableAnalyticalStorage": true}}'
    headers:
      Accept:
      - application/json
      Accept-Encoding:
      - gzip, deflate
      CommandName:
      - cosmosdb create
      Connection:
      - keep-alive
      Content-Length:
      - '243'
      Content-Type:
      - application/json; charset=utf-8
      ParameterSetName:
      - -n -g --kind --enable-analytical-storage
      User-Agent:
      - python/3.6.8 (Windows-10-10.0.19041-SP0) msrest/0.6.18 msrest_azure/0.6.3
        azure-mgmt-cosmosdb/0.15.0 Azure-SDK-For-Python AZURECLI/2.11.0
      accept-language:
      - en-US
    method: PUT
    uri: https://management.azure.com/subscriptions/00000000-0000-0000-0000-000000000000/resourceGroups/cli_test_cosmosdb_mongodb_collection000001/providers/Microsoft.DocumentDB/databaseAccounts/cli000003?api-version=2020-04-01
  response:
    body:
      string: '{"id":"/subscriptions/00000000-0000-0000-0000-000000000000/resourceGroups/cli_test_cosmosdb_mongodb_collection000001/providers/Microsoft.DocumentDB/databaseAccounts/cli000003","name":"cli000003","location":"West
        US","type":"Microsoft.DocumentDB/databaseAccounts","kind":"MongoDB","tags":{},"systemData":{"createdAt":"2020-08-25T07:18:30.3980356Z"},"properties":{"provisioningState":"Creating","publicNetworkAccess":"Enabled","enableAutomaticFailover":false,"enableMultipleWriteLocations":false,"enablePartitionKeyMonitor":false,"isVirtualNetworkFilterEnabled":false,"virtualNetworkRules":[],"EnabledApiTypes":"MongoDB","disableKeyBasedMetadataWriteAccess":false,"enableFreeTier":false,"enableAnalyticalStorage":true,"instanceId":"f050011e-a5ed-4ba8-99f6-7ed1cae13a5a","createMode":"Default","databaseAccountOfferType":"Standard","consistencyPolicy":{"defaultConsistencyLevel":"Session","maxIntervalInSeconds":5,"maxStalenessPrefix":100},"apiProperties":{"serverVersion":"3.2"},"configurationOverrides":{},"writeLocations":[{"id":"cli000003-westus","locationName":"West
        US","provisioningState":"Creating","failoverPriority":0,"isZoneRedundant":false}],"readLocations":[{"id":"cli000003-westus","locationName":"West
        US","provisioningState":"Creating","failoverPriority":0,"isZoneRedundant":false}],"locations":[{"id":"cli000003-westus","locationName":"West
        US","provisioningState":"Creating","failoverPriority":0,"isZoneRedundant":false}],"failoverPolicies":[{"id":"cli000003-westus","locationName":"West
        US","failoverPriority":0}],"cors":[],"capabilities":[],"ipRules":[],"backupPolicy":{"type":"Periodic","periodicModeProperties":{"backupIntervalInMinutes":240,"backupRetentionIntervalInHours":8}}}}'
    headers:
      azure-asyncoperation:
      - https://management.azure.com/subscriptions/00000000-0000-0000-0000-000000000000/providers/Microsoft.DocumentDB/locations/westus/operationsStatus/2c265d6a-5d6d-45a3-958f-dbbc54985d1d?api-version=2020-04-01
      cache-control:
      - no-store, no-cache
      content-length:
      - '1768'
      content-location:
      - https://management.documents.azure.com:450/subscriptions/9abff005-2afc-4de1-b39c-344b9de2cc9c/resourceGroups/cli_test_cosmosdb_mongodb_collectionid5jqblgjok4ykud73ihmjxjajoydgt5sqmdrkx/providers/Microsoft.DocumentDB/databaseAccounts/clipuxfo4txmy7r?api-version=2020-04-01
      content-type:
      - application/json
      date:
      - Tue, 25 Aug 2020 07:18:32 GMT
      location:
      - https://management.azure.com/subscriptions/00000000-0000-0000-0000-000000000000/resourceGroups/cli_test_cosmosdb_mongodb_collection000001/providers/Microsoft.DocumentDB/databaseAccounts/cli000003/operationResults/2c265d6a-5d6d-45a3-958f-dbbc54985d1d?api-version=2020-04-01
      pragma:
      - no-cache
      server:
      - Microsoft-HTTPAPI/2.0
      strict-transport-security:
      - max-age=31536000; includeSubDomains
      transfer-encoding:
      - chunked
      vary:
      - Accept-Encoding
      x-content-type-options:
      - nosniff
      x-ms-gatewayversion:
      - version=2.11.0
      x-ms-ratelimit-remaining-subscription-writes:
      - '1197'
    status:
      code: 200
      message: Ok
- request:
    body: null
    headers:
      Accept:
      - application/json
      Accept-Encoding:
      - gzip, deflate
      CommandName:
      - cosmosdb create
      Connection:
      - keep-alive
      ParameterSetName:
      - -n -g --kind --enable-analytical-storage
      User-Agent:
      - python/3.6.8 (Windows-10-10.0.19041-SP0) msrest/0.6.18 msrest_azure/0.6.3
        azure-mgmt-cosmosdb/0.15.0 Azure-SDK-For-Python AZURECLI/2.11.0
    method: GET
    uri: https://management.azure.com/subscriptions/00000000-0000-0000-0000-000000000000/providers/Microsoft.DocumentDB/locations/westus/operationsStatus/2c265d6a-5d6d-45a3-958f-dbbc54985d1d?api-version=2020-04-01
  response:
    body:
      string: '{"status":"Dequeued"}'
    headers:
      cache-control:
      - no-store, no-cache
      content-length:
      - '21'
      content-location:
      - https://management.documents.azure.com:450/subscriptions/9abff005-2afc-4de1-b39c-344b9de2cc9c/providers/Microsoft.DocumentDB/locations/westus/operationsStatus/2c265d6a-5d6d-45a3-958f-dbbc54985d1d?api-version=2020-04-01
      content-type:
      - application/json
      date:
      - Tue, 25 Aug 2020 07:19:03 GMT
      pragma:
      - no-cache
      server:
      - Microsoft-HTTPAPI/2.0
      strict-transport-security:
      - max-age=31536000; includeSubDomains
      transfer-encoding:
      - chunked
      vary:
      - Accept-Encoding
      x-content-type-options:
      - nosniff
      x-ms-gatewayversion:
      - version=2.11.0
    status:
      code: 200
      message: Ok
- request:
    body: null
    headers:
      Accept:
      - application/json
      Accept-Encoding:
      - gzip, deflate
      CommandName:
      - cosmosdb create
      Connection:
      - keep-alive
      ParameterSetName:
      - -n -g --kind --enable-analytical-storage
      User-Agent:
      - python/3.6.8 (Windows-10-10.0.19041-SP0) msrest/0.6.18 msrest_azure/0.6.3
        azure-mgmt-cosmosdb/0.15.0 Azure-SDK-For-Python AZURECLI/2.11.0
    method: GET
    uri: https://management.azure.com/subscriptions/00000000-0000-0000-0000-000000000000/providers/Microsoft.DocumentDB/locations/westus/operationsStatus/2c265d6a-5d6d-45a3-958f-dbbc54985d1d?api-version=2020-04-01
  response:
    body:
      string: '{"status":"Dequeued"}'
    headers:
      cache-control:
      - no-store, no-cache
      content-length:
      - '21'
      content-location:
      - https://management.documents.azure.com:450/subscriptions/9abff005-2afc-4de1-b39c-344b9de2cc9c/providers/Microsoft.DocumentDB/locations/westus/operationsStatus/2c265d6a-5d6d-45a3-958f-dbbc54985d1d?api-version=2020-04-01
      content-type:
      - application/json
      date:
      - Tue, 25 Aug 2020 07:19:33 GMT
      pragma:
      - no-cache
      server:
      - Microsoft-HTTPAPI/2.0
      strict-transport-security:
      - max-age=31536000; includeSubDomains
      transfer-encoding:
      - chunked
      vary:
      - Accept-Encoding
      x-content-type-options:
      - nosniff
      x-ms-gatewayversion:
      - version=2.11.0
    status:
      code: 200
      message: Ok
- request:
    body: null
    headers:
      Accept:
      - application/json
      Accept-Encoding:
      - gzip, deflate
      CommandName:
      - cosmosdb create
      Connection:
      - keep-alive
      ParameterSetName:
      - -n -g --kind --enable-analytical-storage
      User-Agent:
      - python/3.6.8 (Windows-10-10.0.19041-SP0) msrest/0.6.18 msrest_azure/0.6.3
        azure-mgmt-cosmosdb/0.15.0 Azure-SDK-For-Python AZURECLI/2.11.0
    method: GET
    uri: https://management.azure.com/subscriptions/00000000-0000-0000-0000-000000000000/providers/Microsoft.DocumentDB/locations/westus/operationsStatus/2c265d6a-5d6d-45a3-958f-dbbc54985d1d?api-version=2020-04-01
  response:
    body:
      string: '{"status":"Dequeued"}'
    headers:
      cache-control:
      - no-store, no-cache
      content-length:
      - '21'
      content-location:
      - https://management.documents.azure.com:450/subscriptions/9abff005-2afc-4de1-b39c-344b9de2cc9c/providers/Microsoft.DocumentDB/locations/westus/operationsStatus/2c265d6a-5d6d-45a3-958f-dbbc54985d1d?api-version=2020-04-01
      content-type:
      - application/json
      date:
      - Tue, 25 Aug 2020 07:20:03 GMT
      pragma:
      - no-cache
      server:
      - Microsoft-HTTPAPI/2.0
      strict-transport-security:
      - max-age=31536000; includeSubDomains
      transfer-encoding:
      - chunked
      vary:
      - Accept-Encoding
      x-content-type-options:
      - nosniff
      x-ms-gatewayversion:
      - version=2.11.0
    status:
      code: 200
      message: Ok
- request:
    body: null
    headers:
      Accept:
      - application/json
      Accept-Encoding:
      - gzip, deflate
      CommandName:
      - cosmosdb create
      Connection:
      - keep-alive
      ParameterSetName:
      - -n -g --kind --enable-analytical-storage
      User-Agent:
      - python/3.6.8 (Windows-10-10.0.19041-SP0) msrest/0.6.18 msrest_azure/0.6.3
        azure-mgmt-cosmosdb/0.15.0 Azure-SDK-For-Python AZURECLI/2.11.0
    method: GET
    uri: https://management.azure.com/subscriptions/00000000-0000-0000-0000-000000000000/providers/Microsoft.DocumentDB/locations/westus/operationsStatus/2c265d6a-5d6d-45a3-958f-dbbc54985d1d?api-version=2020-04-01
  response:
    body:
      string: '{"status":"Dequeued"}'
    headers:
      cache-control:
      - no-store, no-cache
      content-length:
      - '21'
      content-location:
      - https://management.documents.azure.com:450/subscriptions/9abff005-2afc-4de1-b39c-344b9de2cc9c/providers/Microsoft.DocumentDB/locations/westus/operationsStatus/2c265d6a-5d6d-45a3-958f-dbbc54985d1d?api-version=2020-04-01
      content-type:
      - application/json
      date:
      - Tue, 25 Aug 2020 07:20:33 GMT
      pragma:
      - no-cache
      server:
      - Microsoft-HTTPAPI/2.0
      strict-transport-security:
      - max-age=31536000; includeSubDomains
      transfer-encoding:
      - chunked
      vary:
      - Accept-Encoding
      x-content-type-options:
      - nosniff
      x-ms-gatewayversion:
      - version=2.11.0
    status:
      code: 200
      message: Ok
- request:
    body: null
    headers:
      Accept:
      - application/json
      Accept-Encoding:
      - gzip, deflate
      CommandName:
      - cosmosdb create
      Connection:
      - keep-alive
      ParameterSetName:
      - -n -g --kind --enable-analytical-storage
      User-Agent:
      - python/3.6.8 (Windows-10-10.0.19041-SP0) msrest/0.6.18 msrest_azure/0.6.3
        azure-mgmt-cosmosdb/0.15.0 Azure-SDK-For-Python AZURECLI/2.11.0
    method: GET
    uri: https://management.azure.com/subscriptions/00000000-0000-0000-0000-000000000000/providers/Microsoft.DocumentDB/locations/westus/operationsStatus/2c265d6a-5d6d-45a3-958f-dbbc54985d1d?api-version=2020-04-01
  response:
    body:
      string: '{"status":"Dequeued"}'
    headers:
      cache-control:
      - no-store, no-cache
      content-length:
      - '21'
      content-location:
      - https://management.documents.azure.com:450/subscriptions/9abff005-2afc-4de1-b39c-344b9de2cc9c/providers/Microsoft.DocumentDB/locations/westus/operationsStatus/2c265d6a-5d6d-45a3-958f-dbbc54985d1d?api-version=2020-04-01
      content-type:
      - application/json
      date:
      - Tue, 25 Aug 2020 07:21:04 GMT
      pragma:
      - no-cache
      server:
      - Microsoft-HTTPAPI/2.0
      strict-transport-security:
      - max-age=31536000; includeSubDomains
      transfer-encoding:
      - chunked
      vary:
      - Accept-Encoding
      x-content-type-options:
      - nosniff
      x-ms-gatewayversion:
      - version=2.11.0
    status:
      code: 200
      message: Ok
- request:
    body: null
    headers:
      Accept:
      - application/json
      Accept-Encoding:
      - gzip, deflate
      CommandName:
      - cosmosdb create
      Connection:
      - keep-alive
      ParameterSetName:
      - -n -g --kind --enable-analytical-storage
      User-Agent:
      - python/3.6.8 (Windows-10-10.0.19041-SP0) msrest/0.6.18 msrest_azure/0.6.3
        azure-mgmt-cosmosdb/0.15.0 Azure-SDK-For-Python AZURECLI/2.11.0
    method: GET
    uri: https://management.azure.com/subscriptions/00000000-0000-0000-0000-000000000000/providers/Microsoft.DocumentDB/locations/westus/operationsStatus/2c265d6a-5d6d-45a3-958f-dbbc54985d1d?api-version=2020-04-01
  response:
    body:
      string: '{"status":"Dequeued"}'
    headers:
      cache-control:
      - no-store, no-cache
      content-length:
      - '21'
      content-location:
      - https://management.documents.azure.com:450/subscriptions/9abff005-2afc-4de1-b39c-344b9de2cc9c/providers/Microsoft.DocumentDB/locations/westus/operationsStatus/2c265d6a-5d6d-45a3-958f-dbbc54985d1d?api-version=2020-04-01
      content-type:
      - application/json
      date:
      - Tue, 25 Aug 2020 07:21:35 GMT
      pragma:
      - no-cache
      server:
      - Microsoft-HTTPAPI/2.0
      strict-transport-security:
      - max-age=31536000; includeSubDomains
      transfer-encoding:
      - chunked
      vary:
      - Accept-Encoding
      x-content-type-options:
      - nosniff
      x-ms-gatewayversion:
      - version=2.11.0
    status:
      code: 200
      message: Ok
- request:
    body: null
    headers:
      Accept:
      - application/json
      Accept-Encoding:
      - gzip, deflate
      CommandName:
      - cosmosdb create
      Connection:
      - keep-alive
      ParameterSetName:
      - -n -g --kind --enable-analytical-storage
      User-Agent:
      - python/3.6.8 (Windows-10-10.0.19041-SP0) msrest/0.6.18 msrest_azure/0.6.3
        azure-mgmt-cosmosdb/0.15.0 Azure-SDK-For-Python AZURECLI/2.11.0
    method: GET
    uri: https://management.azure.com/subscriptions/00000000-0000-0000-0000-000000000000/providers/Microsoft.DocumentDB/locations/westus/operationsStatus/2c265d6a-5d6d-45a3-958f-dbbc54985d1d?api-version=2020-04-01
  response:
    body:
      string: '{"status":"Dequeued"}'
    headers:
      cache-control:
      - no-store, no-cache
      content-length:
      - '21'
      content-location:
      - https://management.documents.azure.com:450/subscriptions/9abff005-2afc-4de1-b39c-344b9de2cc9c/providers/Microsoft.DocumentDB/locations/westus/operationsStatus/2c265d6a-5d6d-45a3-958f-dbbc54985d1d?api-version=2020-04-01
      content-type:
      - application/json
      date:
      - Tue, 25 Aug 2020 07:22:05 GMT
      pragma:
      - no-cache
      server:
      - Microsoft-HTTPAPI/2.0
      strict-transport-security:
      - max-age=31536000; includeSubDomains
      transfer-encoding:
      - chunked
      vary:
      - Accept-Encoding
      x-content-type-options:
      - nosniff
      x-ms-gatewayversion:
      - version=2.11.0
    status:
      code: 200
      message: Ok
- request:
    body: null
    headers:
      Accept:
      - application/json
      Accept-Encoding:
      - gzip, deflate
      CommandName:
      - cosmosdb create
      Connection:
      - keep-alive
      ParameterSetName:
      - -n -g --kind --enable-analytical-storage
      User-Agent:
      - python/3.6.8 (Windows-10-10.0.19041-SP0) msrest/0.6.18 msrest_azure/0.6.3
        azure-mgmt-cosmosdb/0.15.0 Azure-SDK-For-Python AZURECLI/2.11.0
    method: GET
    uri: https://management.azure.com/subscriptions/00000000-0000-0000-0000-000000000000/providers/Microsoft.DocumentDB/locations/westus/operationsStatus/2c265d6a-5d6d-45a3-958f-dbbc54985d1d?api-version=2020-04-01
  response:
    body:
      string: '{"status":"Dequeued"}'
    headers:
      cache-control:
      - no-store, no-cache
      content-length:
      - '21'
      content-location:
      - https://management.documents.azure.com:450/subscriptions/9abff005-2afc-4de1-b39c-344b9de2cc9c/providers/Microsoft.DocumentDB/locations/westus/operationsStatus/2c265d6a-5d6d-45a3-958f-dbbc54985d1d?api-version=2020-04-01
      content-type:
      - application/json
      date:
      - Tue, 25 Aug 2020 07:22:35 GMT
      pragma:
      - no-cache
      server:
      - Microsoft-HTTPAPI/2.0
      strict-transport-security:
      - max-age=31536000; includeSubDomains
      transfer-encoding:
      - chunked
      vary:
      - Accept-Encoding
      x-content-type-options:
      - nosniff
      x-ms-gatewayversion:
      - version=2.11.0
    status:
      code: 200
      message: Ok
- request:
    body: null
    headers:
      Accept:
      - application/json
      Accept-Encoding:
      - gzip, deflate
      CommandName:
      - cosmosdb create
      Connection:
      - keep-alive
      ParameterSetName:
      - -n -g --kind --enable-analytical-storage
      User-Agent:
      - python/3.6.8 (Windows-10-10.0.19041-SP0) msrest/0.6.18 msrest_azure/0.6.3
        azure-mgmt-cosmosdb/0.15.0 Azure-SDK-For-Python AZURECLI/2.11.0
    method: GET
    uri: https://management.azure.com/subscriptions/00000000-0000-0000-0000-000000000000/providers/Microsoft.DocumentDB/locations/westus/operationsStatus/2c265d6a-5d6d-45a3-958f-dbbc54985d1d?api-version=2020-04-01
  response:
    body:
      string: '{"status":"Dequeued"}'
    headers:
      cache-control:
      - no-store, no-cache
      content-length:
      - '21'
      content-location:
      - https://management.documents.azure.com:450/subscriptions/9abff005-2afc-4de1-b39c-344b9de2cc9c/providers/Microsoft.DocumentDB/locations/westus/operationsStatus/2c265d6a-5d6d-45a3-958f-dbbc54985d1d?api-version=2020-04-01
      content-type:
      - application/json
      date:
      - Tue, 25 Aug 2020 07:23:06 GMT
      pragma:
      - no-cache
      server:
      - Microsoft-HTTPAPI/2.0
      strict-transport-security:
      - max-age=31536000; includeSubDomains
      transfer-encoding:
      - chunked
      vary:
      - Accept-Encoding
      x-content-type-options:
      - nosniff
      x-ms-gatewayversion:
      - version=2.11.0
    status:
      code: 200
      message: Ok
- request:
    body: null
    headers:
      Accept:
      - application/json
      Accept-Encoding:
      - gzip, deflate
      CommandName:
      - cosmosdb create
      Connection:
      - keep-alive
      ParameterSetName:
      - -n -g --kind --enable-analytical-storage
      User-Agent:
      - python/3.6.8 (Windows-10-10.0.19041-SP0) msrest/0.6.18 msrest_azure/0.6.3
        azure-mgmt-cosmosdb/0.15.0 Azure-SDK-For-Python AZURECLI/2.11.0
    method: GET
    uri: https://management.azure.com/subscriptions/00000000-0000-0000-0000-000000000000/providers/Microsoft.DocumentDB/locations/westus/operationsStatus/2c265d6a-5d6d-45a3-958f-dbbc54985d1d?api-version=2020-04-01
  response:
    body:
      string: '{"status":"Dequeued"}'
    headers:
      cache-control:
      - no-store, no-cache
      content-length:
      - '21'
      content-location:
      - https://management.documents.azure.com:450/subscriptions/9abff005-2afc-4de1-b39c-344b9de2cc9c/providers/Microsoft.DocumentDB/locations/westus/operationsStatus/2c265d6a-5d6d-45a3-958f-dbbc54985d1d?api-version=2020-04-01
      content-type:
      - application/json
      date:
      - Tue, 25 Aug 2020 07:23:37 GMT
      pragma:
      - no-cache
      server:
      - Microsoft-HTTPAPI/2.0
      strict-transport-security:
      - max-age=31536000; includeSubDomains
      transfer-encoding:
      - chunked
      vary:
      - Accept-Encoding
      x-content-type-options:
      - nosniff
      x-ms-gatewayversion:
      - version=2.11.0
    status:
      code: 200
      message: Ok
- request:
    body: null
    headers:
      Accept:
      - application/json
      Accept-Encoding:
      - gzip, deflate
      CommandName:
      - cosmosdb create
      Connection:
      - keep-alive
      ParameterSetName:
      - -n -g --kind --enable-analytical-storage
      User-Agent:
      - python/3.6.8 (Windows-10-10.0.19041-SP0) msrest/0.6.18 msrest_azure/0.6.3
        azure-mgmt-cosmosdb/0.15.0 Azure-SDK-For-Python AZURECLI/2.11.0
    method: GET
    uri: https://management.azure.com/subscriptions/00000000-0000-0000-0000-000000000000/providers/Microsoft.DocumentDB/locations/westus/operationsStatus/2c265d6a-5d6d-45a3-958f-dbbc54985d1d?api-version=2020-04-01
  response:
    body:
      string: '{"status":"Dequeued"}'
    headers:
      cache-control:
      - no-store, no-cache
      content-length:
      - '21'
      content-location:
      - https://management.documents.azure.com:450/subscriptions/9abff005-2afc-4de1-b39c-344b9de2cc9c/providers/Microsoft.DocumentDB/locations/westus/operationsStatus/2c265d6a-5d6d-45a3-958f-dbbc54985d1d?api-version=2020-04-01
      content-type:
      - application/json
      date:
      - Tue, 25 Aug 2020 07:24:07 GMT
      pragma:
      - no-cache
      server:
      - Microsoft-HTTPAPI/2.0
      strict-transport-security:
      - max-age=31536000; includeSubDomains
      transfer-encoding:
      - chunked
      vary:
      - Accept-Encoding
      x-content-type-options:
      - nosniff
      x-ms-gatewayversion:
      - version=2.11.0
    status:
      code: 200
      message: Ok
- request:
    body: null
    headers:
      Accept:
      - application/json
      Accept-Encoding:
      - gzip, deflate
      CommandName:
      - cosmosdb create
      Connection:
      - keep-alive
      ParameterSetName:
      - -n -g --kind --enable-analytical-storage
      User-Agent:
      - python/3.6.8 (Windows-10-10.0.19041-SP0) msrest/0.6.18 msrest_azure/0.6.3
        azure-mgmt-cosmosdb/0.15.0 Azure-SDK-For-Python AZURECLI/2.11.0
    method: GET
    uri: https://management.azure.com/subscriptions/00000000-0000-0000-0000-000000000000/providers/Microsoft.DocumentDB/locations/westus/operationsStatus/2c265d6a-5d6d-45a3-958f-dbbc54985d1d?api-version=2020-04-01
  response:
    body:
      string: '{"status":"Dequeued"}'
    headers:
      cache-control:
      - no-store, no-cache
      content-length:
      - '21'
      content-location:
      - https://management.documents.azure.com:450/subscriptions/9abff005-2afc-4de1-b39c-344b9de2cc9c/providers/Microsoft.DocumentDB/locations/westus/operationsStatus/2c265d6a-5d6d-45a3-958f-dbbc54985d1d?api-version=2020-04-01
      content-type:
      - application/json
      date:
      - Tue, 25 Aug 2020 07:24:38 GMT
      pragma:
      - no-cache
      server:
      - Microsoft-HTTPAPI/2.0
      strict-transport-security:
      - max-age=31536000; includeSubDomains
      transfer-encoding:
      - chunked
      vary:
      - Accept-Encoding
      x-content-type-options:
      - nosniff
      x-ms-gatewayversion:
      - version=2.11.0
    status:
      code: 200
      message: Ok
- request:
    body: null
    headers:
      Accept:
      - application/json
      Accept-Encoding:
      - gzip, deflate
      CommandName:
      - cosmosdb create
      Connection:
      - keep-alive
      ParameterSetName:
      - -n -g --kind --enable-analytical-storage
      User-Agent:
      - python/3.6.8 (Windows-10-10.0.19041-SP0) msrest/0.6.18 msrest_azure/0.6.3
        azure-mgmt-cosmosdb/0.15.0 Azure-SDK-For-Python AZURECLI/2.11.0
    method: GET
    uri: https://management.azure.com/subscriptions/00000000-0000-0000-0000-000000000000/providers/Microsoft.DocumentDB/locations/westus/operationsStatus/2c265d6a-5d6d-45a3-958f-dbbc54985d1d?api-version=2020-04-01
  response:
    body:
      string: '{"status":"Dequeued"}'
    headers:
      cache-control:
      - no-store, no-cache
      content-length:
      - '21'
      content-location:
      - https://management.documents.azure.com:450/subscriptions/9abff005-2afc-4de1-b39c-344b9de2cc9c/providers/Microsoft.DocumentDB/locations/westus/operationsStatus/2c265d6a-5d6d-45a3-958f-dbbc54985d1d?api-version=2020-04-01
      content-type:
      - application/json
      date:
      - Tue, 25 Aug 2020 07:25:12 GMT
      pragma:
      - no-cache
      server:
      - Microsoft-HTTPAPI/2.0
      strict-transport-security:
      - max-age=31536000; includeSubDomains
      transfer-encoding:
      - chunked
      vary:
      - Accept-Encoding
      x-content-type-options:
      - nosniff
      x-ms-gatewayversion:
      - version=2.11.0
    status:
      code: 200
      message: Ok
- request:
    body: null
    headers:
      Accept:
      - application/json
      Accept-Encoding:
      - gzip, deflate
      CommandName:
      - cosmosdb create
      Connection:
      - keep-alive
      ParameterSetName:
      - -n -g --kind --enable-analytical-storage
      User-Agent:
      - python/3.6.8 (Windows-10-10.0.19041-SP0) msrest/0.6.18 msrest_azure/0.6.3
        azure-mgmt-cosmosdb/0.15.0 Azure-SDK-For-Python AZURECLI/2.11.0
    method: GET
    uri: https://management.azure.com/subscriptions/00000000-0000-0000-0000-000000000000/providers/Microsoft.DocumentDB/locations/westus/operationsStatus/2c265d6a-5d6d-45a3-958f-dbbc54985d1d?api-version=2020-04-01
  response:
    body:
      string: '{"status":"Dequeued"}'
    headers:
      cache-control:
      - no-store, no-cache
      content-length:
      - '21'
      content-location:
      - https://management.documents.azure.com:450/subscriptions/9abff005-2afc-4de1-b39c-344b9de2cc9c/providers/Microsoft.DocumentDB/locations/westus/operationsStatus/2c265d6a-5d6d-45a3-958f-dbbc54985d1d?api-version=2020-04-01
      content-type:
      - application/json
      date:
      - Tue, 25 Aug 2020 07:25:42 GMT
      pragma:
      - no-cache
      server:
      - Microsoft-HTTPAPI/2.0
      strict-transport-security:
      - max-age=31536000; includeSubDomains
      transfer-encoding:
      - chunked
      vary:
      - Accept-Encoding
      x-content-type-options:
      - nosniff
      x-ms-gatewayversion:
      - version=2.11.0
    status:
      code: 200
      message: Ok
- request:
    body: null
    headers:
      Accept:
      - application/json
      Accept-Encoding:
      - gzip, deflate
      CommandName:
      - cosmosdb create
      Connection:
      - keep-alive
      ParameterSetName:
      - -n -g --kind --enable-analytical-storage
      User-Agent:
      - python/3.6.8 (Windows-10-10.0.19041-SP0) msrest/0.6.18 msrest_azure/0.6.3
        azure-mgmt-cosmosdb/0.15.0 Azure-SDK-For-Python AZURECLI/2.11.0
    method: GET
    uri: https://management.azure.com/subscriptions/00000000-0000-0000-0000-000000000000/providers/Microsoft.DocumentDB/locations/westus/operationsStatus/2c265d6a-5d6d-45a3-958f-dbbc54985d1d?api-version=2020-04-01
  response:
    body:
      string: '{"status":"Dequeued"}'
    headers:
      cache-control:
      - no-store, no-cache
      content-length:
      - '21'
      content-location:
      - https://management.documents.azure.com:450/subscriptions/9abff005-2afc-4de1-b39c-344b9de2cc9c/providers/Microsoft.DocumentDB/locations/westus/operationsStatus/2c265d6a-5d6d-45a3-958f-dbbc54985d1d?api-version=2020-04-01
      content-type:
      - application/json
      date:
      - Tue, 25 Aug 2020 07:26:12 GMT
      pragma:
      - no-cache
      server:
      - Microsoft-HTTPAPI/2.0
      strict-transport-security:
      - max-age=31536000; includeSubDomains
      transfer-encoding:
      - chunked
      vary:
      - Accept-Encoding
      x-content-type-options:
      - nosniff
      x-ms-gatewayversion:
      - version=2.11.0
    status:
      code: 200
      message: Ok
- request:
    body: null
    headers:
      Accept:
      - application/json
      Accept-Encoding:
      - gzip, deflate
      CommandName:
      - cosmosdb create
      Connection:
      - keep-alive
      ParameterSetName:
      - -n -g --kind --enable-analytical-storage
      User-Agent:
      - python/3.6.8 (Windows-10-10.0.19041-SP0) msrest/0.6.18 msrest_azure/0.6.3
        azure-mgmt-cosmosdb/0.15.0 Azure-SDK-For-Python AZURECLI/2.11.0
    method: GET
    uri: https://management.azure.com/subscriptions/00000000-0000-0000-0000-000000000000/providers/Microsoft.DocumentDB/locations/westus/operationsStatus/2c265d6a-5d6d-45a3-958f-dbbc54985d1d?api-version=2020-04-01
  response:
    body:
      string: '{"status":"Dequeued"}'
    headers:
      cache-control:
      - no-store, no-cache
      content-length:
      - '21'
      content-location:
      - https://management.documents.azure.com:450/subscriptions/9abff005-2afc-4de1-b39c-344b9de2cc9c/providers/Microsoft.DocumentDB/locations/westus/operationsStatus/2c265d6a-5d6d-45a3-958f-dbbc54985d1d?api-version=2020-04-01
      content-type:
      - application/json
      date:
      - Tue, 25 Aug 2020 07:26:43 GMT
      pragma:
      - no-cache
      server:
      - Microsoft-HTTPAPI/2.0
      strict-transport-security:
      - max-age=31536000; includeSubDomains
      transfer-encoding:
      - chunked
      vary:
      - Accept-Encoding
      x-content-type-options:
      - nosniff
      x-ms-gatewayversion:
      - version=2.11.0
    status:
      code: 200
      message: Ok
- request:
    body: null
    headers:
      Accept:
      - application/json
      Accept-Encoding:
      - gzip, deflate
      CommandName:
      - cosmosdb create
      Connection:
      - keep-alive
      ParameterSetName:
      - -n -g --kind --enable-analytical-storage
      User-Agent:
      - python/3.6.8 (Windows-10-10.0.19041-SP0) msrest/0.6.18 msrest_azure/0.6.3
        azure-mgmt-cosmosdb/0.15.0 Azure-SDK-For-Python AZURECLI/2.11.0
    method: GET
    uri: https://management.azure.com/subscriptions/00000000-0000-0000-0000-000000000000/providers/Microsoft.DocumentDB/locations/westus/operationsStatus/2c265d6a-5d6d-45a3-958f-dbbc54985d1d?api-version=2020-04-01
  response:
    body:
      string: '{"status":"Dequeued"}'
    headers:
      cache-control:
      - no-store, no-cache
      content-length:
      - '21'
      content-location:
      - https://management.documents.azure.com:450/subscriptions/9abff005-2afc-4de1-b39c-344b9de2cc9c/providers/Microsoft.DocumentDB/locations/westus/operationsStatus/2c265d6a-5d6d-45a3-958f-dbbc54985d1d?api-version=2020-04-01
      content-type:
      - application/json
      date:
      - Tue, 25 Aug 2020 07:27:13 GMT
      pragma:
      - no-cache
      server:
      - Microsoft-HTTPAPI/2.0
      strict-transport-security:
      - max-age=31536000; includeSubDomains
      transfer-encoding:
      - chunked
      vary:
      - Accept-Encoding
      x-content-type-options:
      - nosniff
      x-ms-gatewayversion:
      - version=2.11.0
    status:
      code: 200
      message: Ok
- request:
    body: null
    headers:
      Accept:
      - application/json
      Accept-Encoding:
      - gzip, deflate
      CommandName:
      - cosmosdb create
      Connection:
      - keep-alive
      ParameterSetName:
      - -n -g --kind --enable-analytical-storage
      User-Agent:
      - python/3.6.8 (Windows-10-10.0.19041-SP0) msrest/0.6.18 msrest_azure/0.6.3
        azure-mgmt-cosmosdb/0.15.0 Azure-SDK-For-Python AZURECLI/2.11.0
    method: GET
    uri: https://management.azure.com/subscriptions/00000000-0000-0000-0000-000000000000/providers/Microsoft.DocumentDB/locations/westus/operationsStatus/2c265d6a-5d6d-45a3-958f-dbbc54985d1d?api-version=2020-04-01
  response:
    body:
      string: '{"status":"Dequeued"}'
    headers:
      cache-control:
      - no-store, no-cache
      content-length:
      - '21'
      content-location:
      - https://management.documents.azure.com:450/subscriptions/9abff005-2afc-4de1-b39c-344b9de2cc9c/providers/Microsoft.DocumentDB/locations/westus/operationsStatus/2c265d6a-5d6d-45a3-958f-dbbc54985d1d?api-version=2020-04-01
      content-type:
      - application/json
      date:
      - Tue, 25 Aug 2020 07:27:44 GMT
      pragma:
      - no-cache
      server:
      - Microsoft-HTTPAPI/2.0
      strict-transport-security:
      - max-age=31536000; includeSubDomains
      transfer-encoding:
      - chunked
      vary:
      - Accept-Encoding
      x-content-type-options:
      - nosniff
      x-ms-gatewayversion:
      - version=2.11.0
    status:
      code: 200
      message: Ok
- request:
    body: null
    headers:
      Accept:
      - application/json
      Accept-Encoding:
      - gzip, deflate
      CommandName:
      - cosmosdb create
      Connection:
      - keep-alive
      ParameterSetName:
      - -n -g --kind --enable-analytical-storage
      User-Agent:
      - python/3.6.8 (Windows-10-10.0.19041-SP0) msrest/0.6.18 msrest_azure/0.6.3
        azure-mgmt-cosmosdb/0.15.0 Azure-SDK-For-Python AZURECLI/2.11.0
    method: GET
    uri: https://management.azure.com/subscriptions/00000000-0000-0000-0000-000000000000/providers/Microsoft.DocumentDB/locations/westus/operationsStatus/2c265d6a-5d6d-45a3-958f-dbbc54985d1d?api-version=2020-04-01
  response:
    body:
      string: '{"status":"Dequeued"}'
    headers:
      cache-control:
      - no-store, no-cache
      content-length:
      - '21'
      content-location:
      - https://management.documents.azure.com:450/subscriptions/9abff005-2afc-4de1-b39c-344b9de2cc9c/providers/Microsoft.DocumentDB/locations/westus/operationsStatus/2c265d6a-5d6d-45a3-958f-dbbc54985d1d?api-version=2020-04-01
      content-type:
      - application/json
      date:
      - Tue, 25 Aug 2020 07:28:15 GMT
      pragma:
      - no-cache
      server:
      - Microsoft-HTTPAPI/2.0
      strict-transport-security:
      - max-age=31536000; includeSubDomains
      transfer-encoding:
      - chunked
      vary:
      - Accept-Encoding
      x-content-type-options:
      - nosniff
      x-ms-gatewayversion:
      - version=2.11.0
    status:
      code: 200
      message: Ok
- request:
    body: null
    headers:
      Accept:
      - application/json
      Accept-Encoding:
      - gzip, deflate
      CommandName:
      - cosmosdb create
      Connection:
      - keep-alive
      ParameterSetName:
      - -n -g --kind --enable-analytical-storage
      User-Agent:
      - python/3.6.8 (Windows-10-10.0.19041-SP0) msrest/0.6.18 msrest_azure/0.6.3
        azure-mgmt-cosmosdb/0.15.0 Azure-SDK-For-Python AZURECLI/2.11.0
    method: GET
    uri: https://management.azure.com/subscriptions/00000000-0000-0000-0000-000000000000/providers/Microsoft.DocumentDB/locations/westus/operationsStatus/2c265d6a-5d6d-45a3-958f-dbbc54985d1d?api-version=2020-04-01
  response:
    body:
      string: '{"status":"Dequeued"}'
    headers:
      cache-control:
      - no-store, no-cache
      content-length:
      - '21'
      content-location:
      - https://management.documents.azure.com:450/subscriptions/9abff005-2afc-4de1-b39c-344b9de2cc9c/providers/Microsoft.DocumentDB/locations/westus/operationsStatus/2c265d6a-5d6d-45a3-958f-dbbc54985d1d?api-version=2020-04-01
      content-type:
      - application/json
      date:
      - Tue, 25 Aug 2020 07:28:45 GMT
      pragma:
      - no-cache
      server:
      - Microsoft-HTTPAPI/2.0
      strict-transport-security:
      - max-age=31536000; includeSubDomains
      transfer-encoding:
      - chunked
      vary:
      - Accept-Encoding
      x-content-type-options:
      - nosniff
      x-ms-gatewayversion:
      - version=2.11.0
    status:
      code: 200
      message: Ok
- request:
    body: null
    headers:
      Accept:
      - application/json
      Accept-Encoding:
      - gzip, deflate
      CommandName:
      - cosmosdb create
      Connection:
      - keep-alive
      ParameterSetName:
      - -n -g --kind --enable-analytical-storage
      User-Agent:
      - python/3.6.8 (Windows-10-10.0.19041-SP0) msrest/0.6.18 msrest_azure/0.6.3
        azure-mgmt-cosmosdb/0.15.0 Azure-SDK-For-Python AZURECLI/2.11.0
    method: GET
    uri: https://management.azure.com/subscriptions/00000000-0000-0000-0000-000000000000/providers/Microsoft.DocumentDB/locations/westus/operationsStatus/2c265d6a-5d6d-45a3-958f-dbbc54985d1d?api-version=2020-04-01
  response:
    body:
      string: '{"status":"Dequeued"}'
    headers:
      cache-control:
      - no-store, no-cache
      content-length:
      - '21'
      content-location:
      - https://management.documents.azure.com:450/subscriptions/9abff005-2afc-4de1-b39c-344b9de2cc9c/providers/Microsoft.DocumentDB/locations/westus/operationsStatus/2c265d6a-5d6d-45a3-958f-dbbc54985d1d?api-version=2020-04-01
      content-type:
      - application/json
      date:
      - Tue, 25 Aug 2020 07:29:18 GMT
      pragma:
      - no-cache
      server:
      - Microsoft-HTTPAPI/2.0
      strict-transport-security:
      - max-age=31536000; includeSubDomains
      transfer-encoding:
      - chunked
      vary:
      - Accept-Encoding
      x-content-type-options:
      - nosniff
      x-ms-gatewayversion:
      - version=2.11.0
    status:
      code: 200
      message: Ok
- request:
    body: null
    headers:
      Accept:
      - application/json
      Accept-Encoding:
      - gzip, deflate
      CommandName:
      - cosmosdb create
      Connection:
      - keep-alive
      ParameterSetName:
      - -n -g --kind --enable-analytical-storage
      User-Agent:
      - python/3.6.8 (Windows-10-10.0.19041-SP0) msrest/0.6.18 msrest_azure/0.6.3
        azure-mgmt-cosmosdb/0.15.0 Azure-SDK-For-Python AZURECLI/2.11.0
    method: GET
    uri: https://management.azure.com/subscriptions/00000000-0000-0000-0000-000000000000/providers/Microsoft.DocumentDB/locations/westus/operationsStatus/2c265d6a-5d6d-45a3-958f-dbbc54985d1d?api-version=2020-04-01
  response:
    body:
      string: '{"status":"Dequeued"}'
    headers:
      cache-control:
      - no-store, no-cache
      content-length:
      - '21'
      content-location:
      - https://management.documents.azure.com:450/subscriptions/9abff005-2afc-4de1-b39c-344b9de2cc9c/providers/Microsoft.DocumentDB/locations/westus/operationsStatus/2c265d6a-5d6d-45a3-958f-dbbc54985d1d?api-version=2020-04-01
      content-type:
      - application/json
      date:
      - Tue, 25 Aug 2020 07:29:48 GMT
      pragma:
      - no-cache
      server:
      - Microsoft-HTTPAPI/2.0
      strict-transport-security:
      - max-age=31536000; includeSubDomains
      transfer-encoding:
      - chunked
      vary:
      - Accept-Encoding
      x-content-type-options:
      - nosniff
      x-ms-gatewayversion:
      - version=2.11.0
    status:
      code: 200
      message: Ok
- request:
    body: null
    headers:
      Accept:
      - application/json
      Accept-Encoding:
      - gzip, deflate
      CommandName:
      - cosmosdb create
      Connection:
      - keep-alive
      ParameterSetName:
      - -n -g --kind --enable-analytical-storage
      User-Agent:
      - python/3.6.8 (Windows-10-10.0.19041-SP0) msrest/0.6.18 msrest_azure/0.6.3
        azure-mgmt-cosmosdb/0.15.0 Azure-SDK-For-Python AZURECLI/2.11.0
    method: GET
    uri: https://management.azure.com/subscriptions/00000000-0000-0000-0000-000000000000/providers/Microsoft.DocumentDB/locations/westus/operationsStatus/2c265d6a-5d6d-45a3-958f-dbbc54985d1d?api-version=2020-04-01
  response:
    body:
      string: '{"status":"Dequeued"}'
    headers:
      cache-control:
      - no-store, no-cache
      content-length:
      - '21'
      content-location:
      - https://management.documents.azure.com:450/subscriptions/9abff005-2afc-4de1-b39c-344b9de2cc9c/providers/Microsoft.DocumentDB/locations/westus/operationsStatus/2c265d6a-5d6d-45a3-958f-dbbc54985d1d?api-version=2020-04-01
      content-type:
      - application/json
      date:
      - Tue, 25 Aug 2020 07:30:20 GMT
      pragma:
      - no-cache
      server:
      - Microsoft-HTTPAPI/2.0
      strict-transport-security:
      - max-age=31536000; includeSubDomains
      transfer-encoding:
      - chunked
      vary:
      - Accept-Encoding
      x-content-type-options:
      - nosniff
      x-ms-gatewayversion:
      - version=2.11.0
    status:
      code: 200
      message: Ok
- request:
    body: null
    headers:
      Accept:
      - application/json
      Accept-Encoding:
      - gzip, deflate
      CommandName:
      - cosmosdb create
      Connection:
      - keep-alive
      ParameterSetName:
      - -n -g --kind --enable-analytical-storage
      User-Agent:
      - python/3.6.8 (Windows-10-10.0.19041-SP0) msrest/0.6.18 msrest_azure/0.6.3
        azure-mgmt-cosmosdb/0.15.0 Azure-SDK-For-Python AZURECLI/2.11.0
    method: GET
    uri: https://management.azure.com/subscriptions/00000000-0000-0000-0000-000000000000/providers/Microsoft.DocumentDB/locations/westus/operationsStatus/2c265d6a-5d6d-45a3-958f-dbbc54985d1d?api-version=2020-04-01
  response:
    body:
      string: '{"status":"Dequeued"}'
    headers:
      cache-control:
      - no-store, no-cache
      content-length:
      - '21'
      content-location:
      - https://management.documents.azure.com:450/subscriptions/9abff005-2afc-4de1-b39c-344b9de2cc9c/providers/Microsoft.DocumentDB/locations/westus/operationsStatus/2c265d6a-5d6d-45a3-958f-dbbc54985d1d?api-version=2020-04-01
      content-type:
      - application/json
      date:
      - Tue, 25 Aug 2020 07:30:50 GMT
      pragma:
      - no-cache
      server:
      - Microsoft-HTTPAPI/2.0
      strict-transport-security:
      - max-age=31536000; includeSubDomains
      transfer-encoding:
      - chunked
      vary:
      - Accept-Encoding
      x-content-type-options:
      - nosniff
      x-ms-gatewayversion:
      - version=2.11.0
    status:
      code: 200
      message: Ok
- request:
    body: null
    headers:
      Accept:
      - application/json
      Accept-Encoding:
      - gzip, deflate
      CommandName:
      - cosmosdb create
      Connection:
      - keep-alive
      ParameterSetName:
      - -n -g --kind --enable-analytical-storage
      User-Agent:
      - python/3.6.8 (Windows-10-10.0.19041-SP0) msrest/0.6.18 msrest_azure/0.6.3
        azure-mgmt-cosmosdb/0.15.0 Azure-SDK-For-Python AZURECLI/2.11.0
    method: GET
    uri: https://management.azure.com/subscriptions/00000000-0000-0000-0000-000000000000/providers/Microsoft.DocumentDB/locations/westus/operationsStatus/2c265d6a-5d6d-45a3-958f-dbbc54985d1d?api-version=2020-04-01
  response:
    body:
      string: '{"status":"Dequeued"}'
    headers:
      cache-control:
      - no-store, no-cache
      content-length:
      - '21'
      content-location:
      - https://management.documents.azure.com:450/subscriptions/9abff005-2afc-4de1-b39c-344b9de2cc9c/providers/Microsoft.DocumentDB/locations/westus/operationsStatus/2c265d6a-5d6d-45a3-958f-dbbc54985d1d?api-version=2020-04-01
      content-type:
      - application/json
      date:
      - Tue, 25 Aug 2020 07:31:20 GMT
      pragma:
      - no-cache
      server:
      - Microsoft-HTTPAPI/2.0
      strict-transport-security:
      - max-age=31536000; includeSubDomains
      transfer-encoding:
      - chunked
      vary:
      - Accept-Encoding
      x-content-type-options:
      - nosniff
      x-ms-gatewayversion:
      - version=2.11.0
    status:
      code: 200
      message: Ok
- request:
    body: null
    headers:
      Accept:
      - application/json
      Accept-Encoding:
      - gzip, deflate
      CommandName:
      - cosmosdb create
      Connection:
      - keep-alive
      ParameterSetName:
      - -n -g --kind --enable-analytical-storage
      User-Agent:
      - python/3.6.8 (Windows-10-10.0.19041-SP0) msrest/0.6.18 msrest_azure/0.6.3
        azure-mgmt-cosmosdb/0.15.0 Azure-SDK-For-Python AZURECLI/2.11.0
    method: GET
    uri: https://management.azure.com/subscriptions/00000000-0000-0000-0000-000000000000/providers/Microsoft.DocumentDB/locations/westus/operationsStatus/2c265d6a-5d6d-45a3-958f-dbbc54985d1d?api-version=2020-04-01
  response:
    body:
      string: '{"status":"Dequeued"}'
    headers:
      cache-control:
      - no-store, no-cache
      content-length:
      - '21'
      content-location:
      - https://management.documents.azure.com:450/subscriptions/9abff005-2afc-4de1-b39c-344b9de2cc9c/providers/Microsoft.DocumentDB/locations/westus/operationsStatus/2c265d6a-5d6d-45a3-958f-dbbc54985d1d?api-version=2020-04-01
      content-type:
      - application/json
      date:
      - Tue, 25 Aug 2020 07:31:50 GMT
      pragma:
      - no-cache
      server:
      - Microsoft-HTTPAPI/2.0
      strict-transport-security:
      - max-age=31536000; includeSubDomains
      transfer-encoding:
      - chunked
      vary:
      - Accept-Encoding
      x-content-type-options:
      - nosniff
      x-ms-gatewayversion:
      - version=2.11.0
    status:
      code: 200
      message: Ok
- request:
    body: null
    headers:
      Accept:
      - application/json
      Accept-Encoding:
      - gzip, deflate
      CommandName:
      - cosmosdb create
      Connection:
      - keep-alive
      ParameterSetName:
      - -n -g --kind --enable-analytical-storage
      User-Agent:
      - python/3.6.8 (Windows-10-10.0.19041-SP0) msrest/0.6.18 msrest_azure/0.6.3
        azure-mgmt-cosmosdb/0.15.0 Azure-SDK-For-Python AZURECLI/2.11.0
    method: GET
    uri: https://management.azure.com/subscriptions/00000000-0000-0000-0000-000000000000/providers/Microsoft.DocumentDB/locations/westus/operationsStatus/2c265d6a-5d6d-45a3-958f-dbbc54985d1d?api-version=2020-04-01
  response:
    body:
      string: '{"status":"Dequeued"}'
    headers:
      cache-control:
      - no-store, no-cache
      content-length:
      - '21'
      content-location:
      - https://management.documents.azure.com:450/subscriptions/9abff005-2afc-4de1-b39c-344b9de2cc9c/providers/Microsoft.DocumentDB/locations/westus/operationsStatus/2c265d6a-5d6d-45a3-958f-dbbc54985d1d?api-version=2020-04-01
      content-type:
      - application/json
      date:
      - Tue, 25 Aug 2020 07:32:20 GMT
      pragma:
      - no-cache
      server:
      - Microsoft-HTTPAPI/2.0
      strict-transport-security:
      - max-age=31536000; includeSubDomains
      transfer-encoding:
      - chunked
      vary:
      - Accept-Encoding
      x-content-type-options:
      - nosniff
      x-ms-gatewayversion:
      - version=2.11.0
    status:
      code: 200
      message: Ok
- request:
    body: null
    headers:
      Accept:
      - application/json
      Accept-Encoding:
      - gzip, deflate
      CommandName:
      - cosmosdb create
      Connection:
      - keep-alive
      ParameterSetName:
      - -n -g --kind --enable-analytical-storage
      User-Agent:
      - python/3.6.8 (Windows-10-10.0.19041-SP0) msrest/0.6.18 msrest_azure/0.6.3
        azure-mgmt-cosmosdb/0.15.0 Azure-SDK-For-Python AZURECLI/2.11.0
    method: GET
    uri: https://management.azure.com/subscriptions/00000000-0000-0000-0000-000000000000/providers/Microsoft.DocumentDB/locations/westus/operationsStatus/2c265d6a-5d6d-45a3-958f-dbbc54985d1d?api-version=2020-04-01
  response:
    body:
      string: '{"status":"Dequeued"}'
    headers:
      cache-control:
      - no-store, no-cache
      content-length:
      - '21'
      content-location:
      - https://management.documents.azure.com:450/subscriptions/9abff005-2afc-4de1-b39c-344b9de2cc9c/providers/Microsoft.DocumentDB/locations/westus/operationsStatus/2c265d6a-5d6d-45a3-958f-dbbc54985d1d?api-version=2020-04-01
      content-type:
      - application/json
      date:
      - Tue, 25 Aug 2020 07:32:51 GMT
      pragma:
      - no-cache
      server:
      - Microsoft-HTTPAPI/2.0
      strict-transport-security:
      - max-age=31536000; includeSubDomains
      transfer-encoding:
      - chunked
      vary:
      - Accept-Encoding
      x-content-type-options:
      - nosniff
      x-ms-gatewayversion:
      - version=2.11.0
    status:
      code: 200
      message: Ok
- request:
    body: null
    headers:
      Accept:
      - application/json
      Accept-Encoding:
      - gzip, deflate
      CommandName:
      - cosmosdb create
      Connection:
      - keep-alive
      ParameterSetName:
      - -n -g --kind --enable-analytical-storage
      User-Agent:
      - python/3.6.8 (Windows-10-10.0.19041-SP0) msrest/0.6.18 msrest_azure/0.6.3
        azure-mgmt-cosmosdb/0.15.0 Azure-SDK-For-Python AZURECLI/2.11.0
    method: GET
    uri: https://management.azure.com/subscriptions/00000000-0000-0000-0000-000000000000/providers/Microsoft.DocumentDB/locations/westus/operationsStatus/2c265d6a-5d6d-45a3-958f-dbbc54985d1d?api-version=2020-04-01
  response:
    body:
      string: '{"status":"Dequeued"}'
    headers:
      cache-control:
      - no-store, no-cache
      content-length:
      - '21'
      content-location:
      - https://management.documents.azure.com:450/subscriptions/9abff005-2afc-4de1-b39c-344b9de2cc9c/providers/Microsoft.DocumentDB/locations/westus/operationsStatus/2c265d6a-5d6d-45a3-958f-dbbc54985d1d?api-version=2020-04-01
      content-type:
      - application/json
      date:
      - Tue, 25 Aug 2020 07:33:21 GMT
      pragma:
      - no-cache
      server:
      - Microsoft-HTTPAPI/2.0
      strict-transport-security:
      - max-age=31536000; includeSubDomains
      transfer-encoding:
      - chunked
      vary:
      - Accept-Encoding
      x-content-type-options:
      - nosniff
      x-ms-gatewayversion:
      - version=2.11.0
    status:
      code: 200
      message: Ok
- request:
    body: null
    headers:
      Accept:
      - application/json
      Accept-Encoding:
      - gzip, deflate
      CommandName:
      - cosmosdb create
      Connection:
      - keep-alive
      ParameterSetName:
      - -n -g --kind --enable-analytical-storage
      User-Agent:
      - python/3.6.8 (Windows-10-10.0.19041-SP0) msrest/0.6.18 msrest_azure/0.6.3
        azure-mgmt-cosmosdb/0.15.0 Azure-SDK-For-Python AZURECLI/2.11.0
    method: GET
    uri: https://management.azure.com/subscriptions/00000000-0000-0000-0000-000000000000/providers/Microsoft.DocumentDB/locations/westus/operationsStatus/2c265d6a-5d6d-45a3-958f-dbbc54985d1d?api-version=2020-04-01
  response:
    body:
      string: '{"status":"Succeeded"}'
    headers:
      cache-control:
      - no-store, no-cache
      content-length:
      - '22'
      content-location:
      - https://management.documents.azure.com:450/subscriptions/9abff005-2afc-4de1-b39c-344b9de2cc9c/providers/Microsoft.DocumentDB/locations/westus/operationsStatus/2c265d6a-5d6d-45a3-958f-dbbc54985d1d?api-version=2020-04-01
      content-type:
      - application/json
      date:
      - Tue, 25 Aug 2020 07:33:52 GMT
      pragma:
      - no-cache
      server:
      - Microsoft-HTTPAPI/2.0
      strict-transport-security:
      - max-age=31536000; includeSubDomains
      transfer-encoding:
      - chunked
      vary:
      - Accept-Encoding
      x-content-type-options:
      - nosniff
      x-ms-gatewayversion:
      - version=2.11.0
    status:
      code: 200
      message: Ok
- request:
    body: null
    headers:
      Accept:
      - application/json
      Accept-Encoding:
      - gzip, deflate
      CommandName:
      - cosmosdb create
      Connection:
      - keep-alive
      ParameterSetName:
      - -n -g --kind --enable-analytical-storage
      User-Agent:
      - python/3.6.8 (Windows-10-10.0.19041-SP0) msrest/0.6.18 msrest_azure/0.6.3
        azure-mgmt-cosmosdb/0.15.0 Azure-SDK-For-Python AZURECLI/2.11.0
    method: GET
    uri: https://management.azure.com/subscriptions/00000000-0000-0000-0000-000000000000/resourceGroups/cli_test_cosmosdb_mongodb_collection000001/providers/Microsoft.DocumentDB/databaseAccounts/cli000003?api-version=2020-04-01
  response:
    body:
      string: '{"id":"/subscriptions/00000000-0000-0000-0000-000000000000/resourceGroups/cli_test_cosmosdb_mongodb_collection000001/providers/Microsoft.DocumentDB/databaseAccounts/cli000003","name":"cli000003","location":"West
        US","type":"Microsoft.DocumentDB/databaseAccounts","kind":"MongoDB","tags":{},"systemData":{"createdAt":"2020-08-25T07:33:36.1217832Z"},"properties":{"provisioningState":"Succeeded","documentEndpoint":"https://cli000003.documents.azure.com:443/","publicNetworkAccess":"Enabled","enableAutomaticFailover":false,"enableMultipleWriteLocations":false,"enablePartitionKeyMonitor":false,"isVirtualNetworkFilterEnabled":false,"virtualNetworkRules":[],"EnabledApiTypes":"MongoDB","disableKeyBasedMetadataWriteAccess":false,"enableFreeTier":false,"enableAnalyticalStorage":true,"instanceId":"f050011e-a5ed-4ba8-99f6-7ed1cae13a5a","createMode":"Default","databaseAccountOfferType":"Standard","consistencyPolicy":{"defaultConsistencyLevel":"Session","maxIntervalInSeconds":5,"maxStalenessPrefix":100},"apiProperties":{"serverVersion":"3.2"},"configurationOverrides":{"EnableBsonSchema":"True"},"writeLocations":[{"id":"cli000003-westus","locationName":"West
        US","documentEndpoint":"https://cli000003-westus.documents.azure.com:443/","provisioningState":"Succeeded","failoverPriority":0,"isZoneRedundant":false}],"readLocations":[{"id":"cli000003-westus","locationName":"West
        US","documentEndpoint":"https://cli000003-westus.documents.azure.com:443/","provisioningState":"Succeeded","failoverPriority":0,"isZoneRedundant":false}],"locations":[{"id":"cli000003-westus","locationName":"West
        US","documentEndpoint":"https://cli000003-westus.documents.azure.com:443/","provisioningState":"Succeeded","failoverPriority":0,"isZoneRedundant":false}],"failoverPolicies":[{"id":"cli000003-westus","locationName":"West
        US","failoverPriority":0}],"cors":[],"capabilities":[],"ipRules":[],"backupPolicy":{"type":"Periodic","periodicModeProperties":{"backupIntervalInMinutes":240,"backupRetentionIntervalInHours":8}}}}'
    headers:
      cache-control:
      - no-store, no-cache
      content-length:
      - '2098'
      content-location:
      - https://management.documents.azure.com:450/subscriptions/9abff005-2afc-4de1-b39c-344b9de2cc9c/resourceGroups/cli_test_cosmosdb_mongodb_collectionid5jqblgjok4ykud73ihmjxjajoydgt5sqmdrkx/providers/Microsoft.DocumentDB/databaseAccounts/clipuxfo4txmy7r?api-version=2020-04-01
      content-type:
      - application/json
      date:
      - Tue, 25 Aug 2020 07:33:52 GMT
      pragma:
      - no-cache
      server:
      - Microsoft-HTTPAPI/2.0
      strict-transport-security:
      - max-age=31536000; includeSubDomains
      transfer-encoding:
      - chunked
      vary:
      - Accept-Encoding
      x-content-type-options:
      - nosniff
      x-ms-gatewayversion:
      - version=2.11.0
    status:
      code: 200
      message: Ok
- request:
    body: null
    headers:
      Accept:
      - application/json
      Accept-Encoding:
      - gzip, deflate
      CommandName:
      - cosmosdb create
      Connection:
      - keep-alive
      ParameterSetName:
      - -n -g --kind --enable-analytical-storage
      User-Agent:
      - python/3.6.8 (Windows-10-10.0.19041-SP0) msrest/0.6.18 msrest_azure/0.6.3
        azure-mgmt-cosmosdb/0.15.0 Azure-SDK-For-Python AZURECLI/2.11.0
      accept-language:
      - en-US
    method: GET
    uri: https://management.azure.com/subscriptions/00000000-0000-0000-0000-000000000000/resourceGroups/cli_test_cosmosdb_mongodb_collection000001/providers/Microsoft.DocumentDB/databaseAccounts/cli000003?api-version=2020-04-01
  response:
    body:
      string: '{"id":"/subscriptions/00000000-0000-0000-0000-000000000000/resourceGroups/cli_test_cosmosdb_mongodb_collection000001/providers/Microsoft.DocumentDB/databaseAccounts/cli000003","name":"cli000003","location":"West
        US","type":"Microsoft.DocumentDB/databaseAccounts","kind":"MongoDB","tags":{},"systemData":{"createdAt":"2020-08-25T07:33:36.1217832Z"},"properties":{"provisioningState":"Succeeded","documentEndpoint":"https://cli000003.documents.azure.com:443/","publicNetworkAccess":"Enabled","enableAutomaticFailover":false,"enableMultipleWriteLocations":false,"enablePartitionKeyMonitor":false,"isVirtualNetworkFilterEnabled":false,"virtualNetworkRules":[],"EnabledApiTypes":"MongoDB","disableKeyBasedMetadataWriteAccess":false,"enableFreeTier":false,"enableAnalyticalStorage":true,"instanceId":"f050011e-a5ed-4ba8-99f6-7ed1cae13a5a","createMode":"Default","databaseAccountOfferType":"Standard","consistencyPolicy":{"defaultConsistencyLevel":"Session","maxIntervalInSeconds":5,"maxStalenessPrefix":100},"apiProperties":{"serverVersion":"3.2"},"configurationOverrides":{"EnableBsonSchema":"True"},"writeLocations":[{"id":"cli000003-westus","locationName":"West
        US","documentEndpoint":"https://cli000003-westus.documents.azure.com:443/","provisioningState":"Succeeded","failoverPriority":0,"isZoneRedundant":false}],"readLocations":[{"id":"cli000003-westus","locationName":"West
        US","documentEndpoint":"https://cli000003-westus.documents.azure.com:443/","provisioningState":"Succeeded","failoverPriority":0,"isZoneRedundant":false}],"locations":[{"id":"cli000003-westus","locationName":"West
        US","documentEndpoint":"https://cli000003-westus.documents.azure.com:443/","provisioningState":"Succeeded","failoverPriority":0,"isZoneRedundant":false}],"failoverPolicies":[{"id":"cli000003-westus","locationName":"West
        US","failoverPriority":0}],"cors":[],"capabilities":[],"ipRules":[],"backupPolicy":{"type":"Periodic","periodicModeProperties":{"backupIntervalInMinutes":240,"backupRetentionIntervalInHours":8}}}}'
    headers:
      cache-control:
      - no-store, no-cache
      content-length:
      - '2098'
      content-location:
      - https://management.documents.azure.com:450/subscriptions/9abff005-2afc-4de1-b39c-344b9de2cc9c/resourceGroups/cli_test_cosmosdb_mongodb_collectionid5jqblgjok4ykud73ihmjxjajoydgt5sqmdrkx/providers/Microsoft.DocumentDB/databaseAccounts/clipuxfo4txmy7r?api-version=2020-04-01
      content-type:
      - application/json
      date:
      - Tue, 25 Aug 2020 07:33:54 GMT
      pragma:
      - no-cache
      server:
      - Microsoft-HTTPAPI/2.0
      strict-transport-security:
      - max-age=31536000; includeSubDomains
      transfer-encoding:
      - chunked
      vary:
      - Accept-Encoding
      x-content-type-options:
      - nosniff
      x-ms-gatewayversion:
      - version=2.11.0
    status:
      code: 200
      message: Ok
- request:
    body: '{"properties": {"resource": {"id": "cli000004"}, "options": {}}}'
    headers:
      Accept:
      - application/json
      Accept-Encoding:
      - gzip, deflate
      CommandName:
      - cosmosdb mongodb database create
      Connection:
      - keep-alive
      Content-Length:
      - '70'
      Content-Type:
      - application/json; charset=utf-8
      ParameterSetName:
      - -g -a -n
      User-Agent:
      - python/3.6.8 (Windows-10-10.0.19041-SP0) msrest/0.6.18 msrest_azure/0.6.3
        azure-mgmt-cosmosdb/0.15.0 Azure-SDK-For-Python AZURECLI/2.11.0
      accept-language:
      - en-US
    method: PUT
    uri: https://management.azure.com/subscriptions/00000000-0000-0000-0000-000000000000/resourceGroups/cli_test_cosmosdb_mongodb_collection000001/providers/Microsoft.DocumentDB/databaseAccounts/cli000003/mongodbDatabases/cli000004?api-version=2020-04-01
  response:
    body:
      string: '{"status":"Enqueued"}'
    headers:
      azure-asyncoperation:
      - https://management.azure.com/subscriptions/00000000-0000-0000-0000-000000000000/providers/Microsoft.DocumentDB/locations/westus/operationsStatus/6d9d2fac-7a54-41ba-a1d6-5959b35da376?api-version=2020-04-01
      cache-control:
      - no-store, no-cache
      content-length:
      - '21'
      content-location:
      - https://management.documents.azure.com:450/subscriptions/9abff005-2afc-4de1-b39c-344b9de2cc9c/resourceGroups/cli_test_cosmosdb_mongodb_collectionid5jqblgjok4ykud73ihmjxjajoydgt5sqmdrkx/providers/Microsoft.DocumentDB/databaseAccounts/clipuxfo4txmy7r/mongodbDatabases/clihepdopa6qwu4?api-version=2020-04-01
      content-type:
      - application/json
      date:
      - Tue, 25 Aug 2020 07:33:56 GMT
      location:
      - https://management.azure.com/subscriptions/00000000-0000-0000-0000-000000000000/resourceGroups/cli_test_cosmosdb_mongodb_collection000001/providers/Microsoft.DocumentDB/databaseAccounts/cli000003/mongodbDatabases/cli000004/operationResults/6d9d2fac-7a54-41ba-a1d6-5959b35da376?api-version=2020-04-01
      pragma:
      - no-cache
      server:
      - Microsoft-HTTPAPI/2.0
      strict-transport-security:
      - max-age=31536000; includeSubDomains
      x-content-type-options:
      - nosniff
      x-ms-gatewayversion:
      - version=2.11.0
      x-ms-ratelimit-remaining-subscription-writes:
      - '1197'
    status:
      code: 202
      message: Accepted
- request:
    body: null
    headers:
      Accept:
      - application/json
      Accept-Encoding:
      - gzip, deflate
      CommandName:
      - cosmosdb mongodb database create
      Connection:
      - keep-alive
      ParameterSetName:
      - -g -a -n
      User-Agent:
      - python/3.6.8 (Windows-10-10.0.19041-SP0) msrest/0.6.18 msrest_azure/0.6.3
        azure-mgmt-cosmosdb/0.15.0 Azure-SDK-For-Python AZURECLI/2.11.0
    method: GET
    uri: https://management.azure.com/subscriptions/00000000-0000-0000-0000-000000000000/providers/Microsoft.DocumentDB/locations/westus/operationsStatus/6d9d2fac-7a54-41ba-a1d6-5959b35da376?api-version=2020-04-01
  response:
    body:
      string: '{"status":"Succeeded"}'
    headers:
      cache-control:
      - no-store, no-cache
      content-length:
      - '22'
      content-location:
      - https://management.documents.azure.com:450/subscriptions/9abff005-2afc-4de1-b39c-344b9de2cc9c/providers/Microsoft.DocumentDB/locations/westus/operationsStatus/6d9d2fac-7a54-41ba-a1d6-5959b35da376?api-version=2020-04-01
      content-type:
      - application/json
      date:
      - Tue, 25 Aug 2020 07:34:27 GMT
      pragma:
      - no-cache
      server:
      - Microsoft-HTTPAPI/2.0
      strict-transport-security:
      - max-age=31536000; includeSubDomains
      transfer-encoding:
      - chunked
      vary:
      - Accept-Encoding
      x-content-type-options:
      - nosniff
      x-ms-gatewayversion:
      - version=2.11.0
    status:
      code: 200
      message: Ok
- request:
    body: null
    headers:
      Accept:
      - application/json
      Accept-Encoding:
      - gzip, deflate
      CommandName:
      - cosmosdb mongodb database create
      Connection:
      - keep-alive
      ParameterSetName:
      - -g -a -n
      User-Agent:
      - python/3.6.8 (Windows-10-10.0.19041-SP0) msrest/0.6.18 msrest_azure/0.6.3
        azure-mgmt-cosmosdb/0.15.0 Azure-SDK-For-Python AZURECLI/2.11.0
    method: GET
    uri: https://management.azure.com/subscriptions/00000000-0000-0000-0000-000000000000/resourceGroups/cli_test_cosmosdb_mongodb_collection000001/providers/Microsoft.DocumentDB/databaseAccounts/cli000003/mongodbDatabases/cli000004?api-version=2020-04-01
  response:
    body:
      string: '{"id":"/subscriptions/00000000-0000-0000-0000-000000000000/resourceGroups/cli_test_cosmosdb_mongodb_collection000001/providers/Microsoft.DocumentDB/databaseAccounts/cli000003/mongodbDatabases/cli000004","type":"Microsoft.DocumentDB/databaseAccounts/mongodbDatabases","name":"cli000004","properties":{"resource":{"id":"cli000004","_rid":"LzUuAA==","_etag":"\"0000c63a-0000-0700-0000-5f44bee90000\"","_ts":1598340841}}}'
    headers:
      cache-control:
      - no-store, no-cache
      content-length:
      - '474'
      content-location:
      - https://management.documents.azure.com:450/subscriptions/9abff005-2afc-4de1-b39c-344b9de2cc9c/resourceGroups/cli_test_cosmosdb_mongodb_collectionid5jqblgjok4ykud73ihmjxjajoydgt5sqmdrkx/providers/Microsoft.DocumentDB/databaseAccounts/clipuxfo4txmy7r/mongodbDatabases/clihepdopa6qwu4?api-version=2020-04-01
      content-type:
      - application/json
      date:
      - Tue, 25 Aug 2020 07:34:28 GMT
      pragma:
      - no-cache
      server:
      - Microsoft-HTTPAPI/2.0
      strict-transport-security:
      - max-age=31536000; includeSubDomains
      transfer-encoding:
      - chunked
      vary:
      - Accept-Encoding
      x-content-type-options:
      - nosniff
      x-ms-gatewayversion:
      - version=2.11.0
    status:
      code: 200
      message: Ok
- request:
    body: null
    headers:
      Accept:
      - application/json
      Accept-Encoding:
      - gzip, deflate
      CommandName:
      - cosmosdb mongodb collection exists
      Connection:
      - keep-alive
      ParameterSetName:
      - -g -a -d -n
      User-Agent:
      - python/3.6.8 (Windows-10-10.0.19041-SP0) msrest/0.6.18 msrest_azure/0.6.3
        azure-mgmt-cosmosdb/0.15.0 Azure-SDK-For-Python AZURECLI/2.11.0
      accept-language:
      - en-US
    method: GET
    uri: https://management.azure.com/subscriptions/00000000-0000-0000-0000-000000000000/resourceGroups/cli_test_cosmosdb_mongodb_collection000001/providers/Microsoft.DocumentDB/databaseAccounts/cli000003/mongodbDatabases/cli000004/collections/cli000002?api-version=2020-04-01
  response:
    body:
      string: '{"code":"NotFound","message":"Message: {\"code\":\"NotFound\",\"message\":\"Message:
        {\\\"Errors\\\":[\\\"Resource Not Found. Learn more: https:\\\\/\\\\/aka.ms\\\\/cosmosdb-tsg-not-found\\\"]}\\r\\nActivityId:
        6928798c-e6a5-11ea-b3f3-84a93e64b16e, Request URI: /apps/112e82de-8353-4f6c-804f-e6ce36a8282f/services/f2bef6cd-7b26-40da-886b-b4e7378fc5a6/partitions/eaf00694-18e9-44b4-89bb-4355c0c12a31/replicas/132428136700960320s,
        RequestStats: \\r\\nRequestStartTime: 2020-08-25T07:34:30.6478604Z, RequestEndTime:
        2020-08-25T07:34:30.6478604Z,  Number of regions attempted:1\\r\\nResponseTime:
        2020-08-25T07:34:30.6478604Z, StoreResult: StorePhysicalAddress: rntbd://10.0.0.28:11300/apps/112e82de-8353-4f6c-804f-e6ce36a8282f/services/f2bef6cd-7b26-40da-886b-b4e7378fc5a6/partitions/eaf00694-18e9-44b4-89bb-4355c0c12a31/replicas/132428136700960320s,
        LSN: 7, GlobalCommittedLsn: 7, PartitionKeyRangeId: , IsValid: True, StatusCode:
        404, SubStatusCode: 0, RequestCharge: 1, ItemLSN: -1, SessionToken: -1#7,
        UsingLocalLSN: False, TransportException: null, ResourceType: Collection,
        OperationType: Read\\r\\nResponseTime: 2020-08-25T07:34:30.6478604Z, StoreResult:
        StorePhysicalAddress: rntbd://10.0.0.24:11000/apps/112e82de-8353-4f6c-804f-e6ce36a8282f/services/f2bef6cd-7b26-40da-886b-b4e7378fc5a6/partitions/eaf00694-18e9-44b4-89bb-4355c0c12a31/replicas/132428136700960321s,
        LSN: 7, GlobalCommittedLsn: 7, PartitionKeyRangeId: , IsValid: True, StatusCode:
        404, SubStatusCode: 0, RequestCharge: 1, ItemLSN: -1, SessionToken: -1#7,
        UsingLocalLSN: False, TransportException: null, ResourceType: Collection,
        OperationType: Read\\r\\n, SDK: Microsoft.Azure.Documents.Common/2.11.0\"},
        Request URI: /dbs/cli000004/colls/cli000002, RequestStats: , SDK: Microsoft.Azure.Documents.Common/2.11.0"}'
    headers:
      cache-control:
      - no-store, no-cache
      content-length:
      - '1795'
      content-location:
      - https://management.documents.azure.com:450/subscriptions/9abff005-2afc-4de1-b39c-344b9de2cc9c/resourceGroups/cli_test_cosmosdb_mongodb_collectionid5jqblgjok4ykud73ihmjxjajoydgt5sqmdrkx/providers/Microsoft.DocumentDB/databaseAccounts/clipuxfo4txmy7r/mongodbDatabases/clihepdopa6qwu4/collections/cliuqxg5ifsuegr?api-version=2020-04-01
      content-type:
      - application/json
      date:
      - Tue, 25 Aug 2020 07:34:29 GMT
      pragma:
      - no-cache
      server:
      - Microsoft-HTTPAPI/2.0
      strict-transport-security:
      - max-age=31536000; includeSubDomains
      x-content-type-options:
      - nosniff
      x-ms-gatewayversion:
      - version=2.11.0
    status:
      code: 404
      message: NotFound
- request:
    body: '{"properties": {"resource": {"id": "cli000002", "shardKey": {"theShardKey":
      "Hash"}, "analyticalStorageTtl": 3000}, "options": {}}}'
    headers:
      Accept:
      - application/json
      Accept-Encoding:
      - gzip, deflate
      CommandName:
      - cosmosdb mongodb collection create
      Connection:
      - keep-alive
      Content-Length:
      - '137'
      Content-Type:
      - application/json; charset=utf-8
      ParameterSetName:
      - -g -a -d -n --shard --analytical-storage-ttl
      User-Agent:
      - python/3.6.8 (Windows-10-10.0.19041-SP0) msrest/0.6.18 msrest_azure/0.6.3
        azure-mgmt-cosmosdb/0.15.0 Azure-SDK-For-Python AZURECLI/2.11.0
      accept-language:
      - en-US
    method: PUT
    uri: https://management.azure.com/subscriptions/00000000-0000-0000-0000-000000000000/resourceGroups/cli_test_cosmosdb_mongodb_collection000001/providers/Microsoft.DocumentDB/databaseAccounts/cli000003/mongodbDatabases/cli000004/collections/cli000002?api-version=2020-04-01
  response:
    body:
      string: '{"status":"Enqueued"}'
    headers:
      azure-asyncoperation:
      - https://management.azure.com/subscriptions/00000000-0000-0000-0000-000000000000/providers/Microsoft.DocumentDB/locations/westus/operationsStatus/462ce367-22fe-4ae7-8151-0c1f807a7006?api-version=2020-04-01
      cache-control:
      - no-store, no-cache
      content-length:
      - '21'
      content-location:
      - https://management.documents.azure.com:450/subscriptions/9abff005-2afc-4de1-b39c-344b9de2cc9c/resourceGroups/cli_test_cosmosdb_mongodb_collectionid5jqblgjok4ykud73ihmjxjajoydgt5sqmdrkx/providers/Microsoft.DocumentDB/databaseAccounts/clipuxfo4txmy7r/mongodbDatabases/clihepdopa6qwu4/collections/cliuqxg5ifsuegr?api-version=2020-04-01
      content-type:
      - application/json
      date:
      - Tue, 25 Aug 2020 07:34:31 GMT
      location:
      - https://management.azure.com/subscriptions/00000000-0000-0000-0000-000000000000/resourceGroups/cli_test_cosmosdb_mongodb_collection000001/providers/Microsoft.DocumentDB/databaseAccounts/cli000003/mongodbDatabases/cli000004/collections/cli000002/operationResults/462ce367-22fe-4ae7-8151-0c1f807a7006?api-version=2020-04-01
      pragma:
      - no-cache
      server:
      - Microsoft-HTTPAPI/2.0
      strict-transport-security:
      - max-age=31536000; includeSubDomains
      x-content-type-options:
      - nosniff
      x-ms-gatewayversion:
      - version=2.11.0
      x-ms-ratelimit-remaining-subscription-writes:
      - '1198'
    status:
      code: 202
      message: Accepted
- request:
    body: null
    headers:
      Accept:
      - application/json
      Accept-Encoding:
      - gzip, deflate
      CommandName:
      - cosmosdb mongodb collection create
      Connection:
      - keep-alive
      ParameterSetName:
      - -g -a -d -n --shard --analytical-storage-ttl
      User-Agent:
      - python/3.6.8 (Windows-10-10.0.19041-SP0) msrest/0.6.18 msrest_azure/0.6.3
        azure-mgmt-cosmosdb/0.15.0 Azure-SDK-For-Python AZURECLI/2.11.0
    method: GET
    uri: https://management.azure.com/subscriptions/00000000-0000-0000-0000-000000000000/providers/Microsoft.DocumentDB/locations/westus/operationsStatus/462ce367-22fe-4ae7-8151-0c1f807a7006?api-version=2020-04-01
  response:
    body:
      string: '{"status":"Succeeded"}'
    headers:
      cache-control:
      - no-store, no-cache
      content-length:
      - '22'
      content-location:
      - https://management.documents.azure.com:450/subscriptions/9abff005-2afc-4de1-b39c-344b9de2cc9c/providers/Microsoft.DocumentDB/locations/westus/operationsStatus/462ce367-22fe-4ae7-8151-0c1f807a7006?api-version=2020-04-01
      content-type:
      - application/json
      date:
      - Tue, 25 Aug 2020 07:35:01 GMT
      pragma:
      - no-cache
      server:
      - Microsoft-HTTPAPI/2.0
      strict-transport-security:
      - max-age=31536000; includeSubDomains
      transfer-encoding:
      - chunked
      vary:
      - Accept-Encoding
      x-content-type-options:
      - nosniff
      x-ms-gatewayversion:
      - version=2.11.0
    status:
      code: 200
      message: Ok
- request:
    body: null
    headers:
      Accept:
      - application/json
      Accept-Encoding:
      - gzip, deflate
      CommandName:
      - cosmosdb mongodb collection create
      Connection:
      - keep-alive
      ParameterSetName:
      - -g -a -d -n --shard --analytical-storage-ttl
      User-Agent:
      - python/3.6.8 (Windows-10-10.0.19041-SP0) msrest/0.6.18 msrest_azure/0.6.3
        azure-mgmt-cosmosdb/0.15.0 Azure-SDK-For-Python AZURECLI/2.11.0
    method: GET
    uri: https://management.azure.com/subscriptions/00000000-0000-0000-0000-000000000000/resourceGroups/cli_test_cosmosdb_mongodb_collection000001/providers/Microsoft.DocumentDB/databaseAccounts/cli000003/mongodbDatabases/cli000004/collections/cli000002?api-version=2020-04-01
  response:
    body:
      string: '{"id":"/subscriptions/00000000-0000-0000-0000-000000000000/resourceGroups/cli_test_cosmosdb_mongodb_collection000001/providers/Microsoft.DocumentDB/databaseAccounts/cli000003/mongodbDatabases/cli000004/collections/cli000002","type":"Microsoft.DocumentDB/databaseAccounts/mongodbDatabases/collections","name":"cli000002","properties":{"resource":{"id":"cli000002","_rid":"LzUuAN93fSY=","_etag":"\"0000c83a-0000-0700-0000-5f44bf0b0000\"","_ts":1598340875,"analyticalStorageTtl":3000,"shardKey":{"theShardKey":"Hash"},"indexes":[{"key":{"keys":["DocumentDBDefaultIndex"]},"options":{}}]}}}'
    headers:
      cache-control:
      - no-store, no-cache
      content-length:
      - '649'
      content-location:
      - https://management.documents.azure.com:450/subscriptions/9abff005-2afc-4de1-b39c-344b9de2cc9c/resourceGroups/cli_test_cosmosdb_mongodb_collectionid5jqblgjok4ykud73ihmjxjajoydgt5sqmdrkx/providers/Microsoft.DocumentDB/databaseAccounts/clipuxfo4txmy7r/mongodbDatabases/clihepdopa6qwu4/collections/cliuqxg5ifsuegr?api-version=2020-04-01
      content-type:
      - application/json
      date:
      - Tue, 25 Aug 2020 07:35:02 GMT
      pragma:
      - no-cache
      server:
      - Microsoft-HTTPAPI/2.0
      strict-transport-security:
      - max-age=31536000; includeSubDomains
      transfer-encoding:
      - chunked
      vary:
      - Accept-Encoding
      x-content-type-options:
      - nosniff
      x-ms-gatewayversion:
      - version=2.11.0
    status:
      code: 200
      message: Ok
- request:
    body: null
    headers:
      Accept:
      - application/json
      Accept-Encoding:
      - gzip, deflate
      CommandName:
      - cosmosdb mongodb collection update
      Connection:
      - keep-alive
      ParameterSetName:
      - -g -a -d -n --idx --analytical-storage-ttl
      User-Agent:
      - python/3.6.8 (Windows-10-10.0.19041-SP0) msrest/0.6.18 msrest_azure/0.6.3
        azure-mgmt-cosmosdb/0.15.0 Azure-SDK-For-Python AZURECLI/2.11.0
      accept-language:
      - en-US
    method: GET
    uri: https://management.azure.com/subscriptions/00000000-0000-0000-0000-000000000000/resourceGroups/cli_test_cosmosdb_mongodb_collection000001/providers/Microsoft.DocumentDB/databaseAccounts/cli000003/mongodbDatabases/cli000004/collections/cli000002?api-version=2020-04-01
  response:
    body:
      string: '{"id":"/subscriptions/00000000-0000-0000-0000-000000000000/resourceGroups/cli_test_cosmosdb_mongodb_collection000001/providers/Microsoft.DocumentDB/databaseAccounts/cli000003/mongodbDatabases/cli000004/collections/cli000002","type":"Microsoft.DocumentDB/databaseAccounts/mongodbDatabases/collections","name":"cli000002","properties":{"resource":{"id":"cli000002","_rid":"LzUuAN93fSY=","_etag":"\"0000c83a-0000-0700-0000-5f44bf0b0000\"","_ts":1598340875,"analyticalStorageTtl":3000,"shardKey":{"theShardKey":"Hash"},"indexes":[{"key":{"keys":["DocumentDBDefaultIndex"]},"options":{}}]}}}'
    headers:
      cache-control:
      - no-store, no-cache
      content-length:
      - '649'
      content-location:
      - https://management.documents.azure.com:450/subscriptions/9abff005-2afc-4de1-b39c-344b9de2cc9c/resourceGroups/cli_test_cosmosdb_mongodb_collectionid5jqblgjok4ykud73ihmjxjajoydgt5sqmdrkx/providers/Microsoft.DocumentDB/databaseAccounts/clipuxfo4txmy7r/mongodbDatabases/clihepdopa6qwu4/collections/cliuqxg5ifsuegr?api-version=2020-04-01
      content-type:
      - application/json
      date:
      - Tue, 25 Aug 2020 07:35:04 GMT
      pragma:
      - no-cache
      server:
      - Microsoft-HTTPAPI/2.0
      strict-transport-security:
      - max-age=31536000; includeSubDomains
      transfer-encoding:
      - chunked
      vary:
      - Accept-Encoding
      x-content-type-options:
      - nosniff
      x-ms-gatewayversion:
      - version=2.11.0
    status:
      code: 200
      message: Ok
- request:
    body: '{"properties": {"resource": {"id": "cli000002", "shardKey": {"theShardKey":
      "Hash"}, "indexes": [{"key": {"keys": ["_ts"]}, "options": {"expireAfterSeconds":
      1000}}], "analyticalStorageTtl": 6000}, "options": {}}}'
    headers:
      Accept:
      - application/json
      Accept-Encoding:
      - gzip, deflate
      CommandName:
      - cosmosdb mongodb collection update
      Connection:
      - keep-alive
      Content-Length:
      - '219'
      Content-Type:
      - application/json; charset=utf-8
      ParameterSetName:
      - -g -a -d -n --idx --analytical-storage-ttl
      User-Agent:
      - python/3.6.8 (Windows-10-10.0.19041-SP0) msrest/0.6.18 msrest_azure/0.6.3
        azure-mgmt-cosmosdb/0.15.0 Azure-SDK-For-Python AZURECLI/2.11.0
      accept-language:
      - en-US
    method: PUT
    uri: https://management.azure.com/subscriptions/00000000-0000-0000-0000-000000000000/resourceGroups/cli_test_cosmosdb_mongodb_collection000001/providers/Microsoft.DocumentDB/databaseAccounts/cli000003/mongodbDatabases/cli000004/collections/cli000002?api-version=2020-04-01
  response:
    body:
      string: '{"status":"Enqueued"}'
    headers:
      azure-asyncoperation:
      - https://management.azure.com/subscriptions/00000000-0000-0000-0000-000000000000/providers/Microsoft.DocumentDB/locations/westus/operationsStatus/9b4faf50-28e6-4dee-bf07-99f09d2c84f9?api-version=2020-04-01
      cache-control:
      - no-store, no-cache
      content-length:
      - '21'
      content-location:
      - https://management.documents.azure.com:450/subscriptions/9abff005-2afc-4de1-b39c-344b9de2cc9c/resourceGroups/cli_test_cosmosdb_mongodb_collectionid5jqblgjok4ykud73ihmjxjajoydgt5sqmdrkx/providers/Microsoft.DocumentDB/databaseAccounts/clipuxfo4txmy7r/mongodbDatabases/clihepdopa6qwu4/collections/cliuqxg5ifsuegr?api-version=2020-04-01
      content-type:
      - application/json
      date:
      - Tue, 25 Aug 2020 07:35:04 GMT
      location:
      - https://management.azure.com/subscriptions/00000000-0000-0000-0000-000000000000/resourceGroups/cli_test_cosmosdb_mongodb_collection000001/providers/Microsoft.DocumentDB/databaseAccounts/cli000003/mongodbDatabases/cli000004/collections/cli000002/operationResults/9b4faf50-28e6-4dee-bf07-99f09d2c84f9?api-version=2020-04-01
      pragma:
      - no-cache
      server:
      - Microsoft-HTTPAPI/2.0
      strict-transport-security:
      - max-age=31536000; includeSubDomains
      x-content-type-options:
      - nosniff
      x-ms-gatewayversion:
      - version=2.11.0
      x-ms-ratelimit-remaining-subscription-writes:
      - '1194'
    status:
      code: 202
      message: Accepted
- request:
    body: null
    headers:
      Accept:
      - application/json
      Accept-Encoding:
      - gzip, deflate
      CommandName:
      - cosmosdb mongodb collection update
      Connection:
      - keep-alive
      ParameterSetName:
      - -g -a -d -n --idx --analytical-storage-ttl
      User-Agent:
      - python/3.6.8 (Windows-10-10.0.19041-SP0) msrest/0.6.18 msrest_azure/0.6.3
        azure-mgmt-cosmosdb/0.15.0 Azure-SDK-For-Python AZURECLI/2.11.0
    method: GET
    uri: https://management.azure.com/subscriptions/00000000-0000-0000-0000-000000000000/providers/Microsoft.DocumentDB/locations/westus/operationsStatus/9b4faf50-28e6-4dee-bf07-99f09d2c84f9?api-version=2020-04-01
  response:
    body:
      string: '{"status":"Succeeded"}'
    headers:
      cache-control:
      - no-store, no-cache
      content-length:
      - '22'
      content-location:
      - https://management.documents.azure.com:450/subscriptions/9abff005-2afc-4de1-b39c-344b9de2cc9c/providers/Microsoft.DocumentDB/locations/westus/operationsStatus/9b4faf50-28e6-4dee-bf07-99f09d2c84f9?api-version=2020-04-01
      content-type:
      - application/json
      date:
      - Tue, 25 Aug 2020 07:35:36 GMT
      pragma:
      - no-cache
      server:
      - Microsoft-HTTPAPI/2.0
      strict-transport-security:
      - max-age=31536000; includeSubDomains
      transfer-encoding:
      - chunked
      vary:
      - Accept-Encoding
      x-content-type-options:
      - nosniff
      x-ms-gatewayversion:
      - version=2.11.0
    status:
      code: 200
      message: Ok
- request:
    body: null
    headers:
      Accept:
      - application/json
      Accept-Encoding:
      - gzip, deflate
      CommandName:
      - cosmosdb mongodb collection update
      Connection:
      - keep-alive
      ParameterSetName:
      - -g -a -d -n --idx --analytical-storage-ttl
      User-Agent:
      - python/3.6.8 (Windows-10-10.0.19041-SP0) msrest/0.6.18 msrest_azure/0.6.3
        azure-mgmt-cosmosdb/0.15.0 Azure-SDK-For-Python AZURECLI/2.11.0
    method: GET
    uri: https://management.azure.com/subscriptions/00000000-0000-0000-0000-000000000000/resourceGroups/cli_test_cosmosdb_mongodb_collection000001/providers/Microsoft.DocumentDB/databaseAccounts/cli000003/mongodbDatabases/cli000004/collections/cli000002?api-version=2020-04-01
  response:
    body:
      string: '{"id":"/subscriptions/00000000-0000-0000-0000-000000000000/resourceGroups/cli_test_cosmosdb_mongodb_collection000001/providers/Microsoft.DocumentDB/databaseAccounts/cli000003/mongodbDatabases/cli000004/collections/cli000002","type":"Microsoft.DocumentDB/databaseAccounts/mongodbDatabases/collections","name":"cli000002","properties":{"resource":{"id":"cli000002","_rid":"LzUuAN93fSY=","_etag":"\"0000cf3a-0000-0700-0000-5f44bf2d0000\"","_ts":1598340909,"analyticalStorageTtl":6000,"shardKey":{"theShardKey":"Hash"},"indexes":[{"key":{"keys":["DocumentDBDefaultIndex"]},"options":{}}]}}}'
    headers:
      cache-control:
      - no-store, no-cache
      content-length:
      - '649'
      content-location:
      - https://management.documents.azure.com:450/subscriptions/9abff005-2afc-4de1-b39c-344b9de2cc9c/resourceGroups/cli_test_cosmosdb_mongodb_collectionid5jqblgjok4ykud73ihmjxjajoydgt5sqmdrkx/providers/Microsoft.DocumentDB/databaseAccounts/clipuxfo4txmy7r/mongodbDatabases/clihepdopa6qwu4/collections/cliuqxg5ifsuegr?api-version=2020-04-01
      content-type:
      - application/json
      date:
      - Tue, 25 Aug 2020 07:35:37 GMT
      pragma:
      - no-cache
      server:
      - Microsoft-HTTPAPI/2.0
      strict-transport-security:
      - max-age=31536000; includeSubDomains
      transfer-encoding:
      - chunked
      vary:
      - Accept-Encoding
      x-content-type-options:
      - nosniff
      x-ms-gatewayversion:
      - version=2.11.0
    status:
      code: 200
      message: Ok
- request:
    body: null
    headers:
      Accept:
      - application/json
      Accept-Encoding:
      - gzip, deflate
      CommandName:
      - cosmosdb mongodb collection show
      Connection:
      - keep-alive
      ParameterSetName:
      - -g -a -d -n
      User-Agent:
      - python/3.6.8 (Windows-10-10.0.19041-SP0) msrest/0.6.18 msrest_azure/0.6.3
        azure-mgmt-cosmosdb/0.15.0 Azure-SDK-For-Python AZURECLI/2.11.0
      accept-language:
      - en-US
    method: GET
    uri: https://management.azure.com/subscriptions/00000000-0000-0000-0000-000000000000/resourceGroups/cli_test_cosmosdb_mongodb_collection000001/providers/Microsoft.DocumentDB/databaseAccounts/cli000003/mongodbDatabases/cli000004/collections/cli000002?api-version=2020-04-01
  response:
    body:
      string: '{"id":"/subscriptions/00000000-0000-0000-0000-000000000000/resourceGroups/cli_test_cosmosdb_mongodb_collection000001/providers/Microsoft.DocumentDB/databaseAccounts/cli000003/mongodbDatabases/cli000004/collections/cli000002","type":"Microsoft.DocumentDB/databaseAccounts/mongodbDatabases/collections","name":"cli000002","properties":{"resource":{"id":"cli000002","_rid":"LzUuAN93fSY=","_etag":"\"0000cf3a-0000-0700-0000-5f44bf2d0000\"","_ts":1598340909,"analyticalStorageTtl":6000,"shardKey":{"theShardKey":"Hash"},"indexes":[{"key":{"keys":["DocumentDBDefaultIndex"]},"options":{}}]}}}'
    headers:
      cache-control:
      - no-store, no-cache
      content-length:
      - '649'
      content-location:
      - https://management.documents.azure.com:450/subscriptions/9abff005-2afc-4de1-b39c-344b9de2cc9c/resourceGroups/cli_test_cosmosdb_mongodb_collectionid5jqblgjok4ykud73ihmjxjajoydgt5sqmdrkx/providers/Microsoft.DocumentDB/databaseAccounts/clipuxfo4txmy7r/mongodbDatabases/clihepdopa6qwu4/collections/cliuqxg5ifsuegr?api-version=2020-04-01
      content-type:
      - application/json
      date:
      - Tue, 25 Aug 2020 07:35:38 GMT
      pragma:
      - no-cache
      server:
      - Microsoft-HTTPAPI/2.0
      strict-transport-security:
      - max-age=31536000; includeSubDomains
      transfer-encoding:
      - chunked
      vary:
      - Accept-Encoding
      x-content-type-options:
      - nosniff
      x-ms-gatewayversion:
      - version=2.11.0
    status:
      code: 200
      message: Ok
- request:
    body: null
    headers:
      Accept:
      - application/json
      Accept-Encoding:
      - gzip, deflate
      CommandName:
      - cosmosdb mongodb collection list
      Connection:
      - keep-alive
      ParameterSetName:
      - -g -a -d
      User-Agent:
      - python/3.6.8 (Windows-10-10.0.19041-SP0) msrest/0.6.18 msrest_azure/0.6.3
        azure-mgmt-cosmosdb/0.15.0 Azure-SDK-For-Python AZURECLI/2.11.0
      accept-language:
      - en-US
    method: GET
    uri: https://management.azure.com/subscriptions/00000000-0000-0000-0000-000000000000/resourceGroups/cli_test_cosmosdb_mongodb_collection000001/providers/Microsoft.DocumentDB/databaseAccounts/cli000003/mongodbDatabases/cli000004/collections?api-version=2020-04-01
  response:
    body:
      string: '{"value":[{"id":"/subscriptions/00000000-0000-0000-0000-000000000000/resourceGroups/cli_test_cosmosdb_mongodb_collection000001/providers/Microsoft.DocumentDB/databaseAccounts/cli000003/mongodbDatabases/cli000004/collections/cli000002","type":"Microsoft.DocumentDB/databaseAccounts/mongodbDatabases/collections","name":"cli000002","properties":{"resource":{"id":"cli000002","_rid":"LzUuAN93fSY=","_etag":"\"0000cf3a-0000-0700-0000-5f44bf2d0000\"","_ts":1598340909,"analyticalStorageTtl":6000,"shardKey":{"theShardKey":"Hash"},"indexes":[{"key":{"keys":["DocumentDBDefaultIndex"]},"options":{}}]}}}]}'
    headers:
      cache-control:
      - no-store, no-cache
      content-length:
      - '661'
      content-location:
      - https://management.documents.azure.com:450/subscriptions/9abff005-2afc-4de1-b39c-344b9de2cc9c/resourceGroups/cli_test_cosmosdb_mongodb_collectionid5jqblgjok4ykud73ihmjxjajoydgt5sqmdrkx/providers/Microsoft.DocumentDB/databaseAccounts/clipuxfo4txmy7r/mongodbDatabases/clihepdopa6qwu4/collections?api-version=2020-04-01
      content-type:
      - application/json
      date:
      - Tue, 25 Aug 2020 07:35:42 GMT
      pragma:
      - no-cache
      server:
      - Microsoft-HTTPAPI/2.0
      strict-transport-security:
      - max-age=31536000; includeSubDomains
      transfer-encoding:
      - chunked
      vary:
      - Accept-Encoding
      x-content-type-options:
      - nosniff
      x-ms-gatewayversion:
      - version=2.11.0
    status:
      code: 200
      message: Ok
- request:
    body: null
    headers:
      Accept:
      - application/json
      Accept-Encoding:
      - gzip, deflate
      CommandName:
      - cosmosdb mongodb collection exists
      Connection:
      - keep-alive
      ParameterSetName:
      - -g -a -d -n
      User-Agent:
      - python/3.6.8 (Windows-10-10.0.19041-SP0) msrest/0.6.18 msrest_azure/0.6.3
        azure-mgmt-cosmosdb/0.15.0 Azure-SDK-For-Python AZURECLI/2.11.0
      accept-language:
      - en-US
    method: GET
    uri: https://management.azure.com/subscriptions/00000000-0000-0000-0000-000000000000/resourceGroups/cli_test_cosmosdb_mongodb_collection000001/providers/Microsoft.DocumentDB/databaseAccounts/cli000003/mongodbDatabases/cli000004/collections/cli000002?api-version=2020-04-01
  response:
    body:
      string: '{"id":"/subscriptions/00000000-0000-0000-0000-000000000000/resourceGroups/cli_test_cosmosdb_mongodb_collection000001/providers/Microsoft.DocumentDB/databaseAccounts/cli000003/mongodbDatabases/cli000004/collections/cli000002","type":"Microsoft.DocumentDB/databaseAccounts/mongodbDatabases/collections","name":"cli000002","properties":{"resource":{"id":"cli000002","_rid":"LzUuAN93fSY=","_etag":"\"0000cf3a-0000-0700-0000-5f44bf2d0000\"","_ts":1598340909,"analyticalStorageTtl":6000,"shardKey":{"theShardKey":"Hash"},"indexes":[{"key":{"keys":["DocumentDBDefaultIndex"]},"options":{}}]}}}'
    headers:
      cache-control:
      - no-store, no-cache
      content-length:
      - '649'
      content-location:
      - https://management.documents.azure.com:450/subscriptions/9abff005-2afc-4de1-b39c-344b9de2cc9c/resourceGroups/cli_test_cosmosdb_mongodb_collectionid5jqblgjok4ykud73ihmjxjajoydgt5sqmdrkx/providers/Microsoft.DocumentDB/databaseAccounts/clipuxfo4txmy7r/mongodbDatabases/clihepdopa6qwu4/collections/cliuqxg5ifsuegr?api-version=2020-04-01
      content-type:
      - application/json
      date:
      - Tue, 25 Aug 2020 07:35:44 GMT
      pragma:
      - no-cache
      server:
      - Microsoft-HTTPAPI/2.0
      strict-transport-security:
      - max-age=31536000; includeSubDomains
      transfer-encoding:
      - chunked
      vary:
      - Accept-Encoding
      x-content-type-options:
      - nosniff
      x-ms-gatewayversion:
      - version=2.11.0
    status:
      code: 200
      message: Ok
- request:
    body: null
    headers:
      Accept:
      - application/json
      Accept-Encoding:
      - gzip, deflate
      CommandName:
      - cosmosdb mongodb collection delete
      Connection:
      - keep-alive
      Content-Length:
      - '0'
      ParameterSetName:
      - -g -a -d -n --yes
      User-Agent:
      - python/3.6.8 (Windows-10-10.0.19041-SP0) msrest/0.6.18 msrest_azure/0.6.3
        azure-mgmt-cosmosdb/0.15.0 Azure-SDK-For-Python AZURECLI/2.11.0
      accept-language:
      - en-US
    method: DELETE
    uri: https://management.azure.com/subscriptions/00000000-0000-0000-0000-000000000000/resourceGroups/cli_test_cosmosdb_mongodb_collection000001/providers/Microsoft.DocumentDB/databaseAccounts/cli000003/mongodbDatabases/cli000004/collections/cli000002?api-version=2020-04-01
  response:
    body:
      string: '{"status":"Enqueued"}'
    headers:
      azure-asyncoperation:
      - https://management.azure.com/subscriptions/00000000-0000-0000-0000-000000000000/providers/Microsoft.DocumentDB/locations/westus/operationsStatus/4aafd789-fe7a-4e07-b65b-439725dab6c0?api-version=2020-04-01
      cache-control:
      - no-store, no-cache
      content-length:
      - '21'
      content-location:
      - https://management.documents.azure.com:450/subscriptions/9abff005-2afc-4de1-b39c-344b9de2cc9c/resourceGroups/cli_test_cosmosdb_mongodb_collectionid5jqblgjok4ykud73ihmjxjajoydgt5sqmdrkx/providers/Microsoft.DocumentDB/databaseAccounts/clipuxfo4txmy7r/mongodbDatabases/clihepdopa6qwu4/collections/cliuqxg5ifsuegr?api-version=2020-04-01
      content-type:
      - application/json
      date:
      - Tue, 25 Aug 2020 07:35:44 GMT
      location:
      - https://management.azure.com/subscriptions/00000000-0000-0000-0000-000000000000/resourceGroups/cli_test_cosmosdb_mongodb_collection000001/providers/Microsoft.DocumentDB/databaseAccounts/cli000003/mongodbDatabases/cli000004/collections/cli000002/operationResults/4aafd789-fe7a-4e07-b65b-439725dab6c0?api-version=2020-04-01
      pragma:
      - no-cache
      server:
      - Microsoft-HTTPAPI/2.0
      strict-transport-security:
      - max-age=31536000; includeSubDomains
      x-content-type-options:
      - nosniff
      x-ms-gatewayversion:
      - version=2.11.0
      x-ms-ratelimit-remaining-subscription-deletes:
      - '14997'
    status:
      code: 202
      message: Accepted
- request:
    body: null
    headers:
      Accept:
      - application/json
      Accept-Encoding:
      - gzip, deflate
      CommandName:
      - cosmosdb mongodb collection delete
      Connection:
      - keep-alive
      ParameterSetName:
      - -g -a -d -n --yes
      User-Agent:
      - python/3.6.8 (Windows-10-10.0.19041-SP0) msrest/0.6.18 msrest_azure/0.6.3
        azure-mgmt-cosmosdb/0.15.0 Azure-SDK-For-Python AZURECLI/2.11.0
    method: GET
    uri: https://management.azure.com/subscriptions/00000000-0000-0000-0000-000000000000/providers/Microsoft.DocumentDB/locations/westus/operationsStatus/4aafd789-fe7a-4e07-b65b-439725dab6c0?api-version=2020-04-01
  response:
    body:
      string: '{"status":"Succeeded"}'
    headers:
      cache-control:
      - no-store, no-cache
      content-length:
      - '22'
      content-location:
      - https://management.documents.azure.com:450/subscriptions/9abff005-2afc-4de1-b39c-344b9de2cc9c/providers/Microsoft.DocumentDB/locations/westus/operationsStatus/4aafd789-fe7a-4e07-b65b-439725dab6c0?api-version=2020-04-01
      content-type:
      - application/json
      date:
      - Tue, 25 Aug 2020 07:36:15 GMT
      pragma:
      - no-cache
      server:
      - Microsoft-HTTPAPI/2.0
      strict-transport-security:
      - max-age=31536000; includeSubDomains
      transfer-encoding:
      - chunked
      vary:
      - Accept-Encoding
      x-content-type-options:
      - nosniff
      x-ms-gatewayversion:
      - version=2.11.0
    status:
      code: 200
      message: Ok
- request:
    body: null
    headers:
      Accept:
      - application/json
      Accept-Encoding:
      - gzip, deflate
      CommandName:
      - cosmosdb mongodb collection list
      Connection:
      - keep-alive
      ParameterSetName:
      - -g -a -d
      User-Agent:
      - python/3.6.8 (Windows-10-10.0.19041-SP0) msrest/0.6.18 msrest_azure/0.6.3
        azure-mgmt-cosmosdb/0.15.0 Azure-SDK-For-Python AZURECLI/2.11.0
      accept-language:
      - en-US
    method: GET
    uri: https://management.azure.com/subscriptions/00000000-0000-0000-0000-000000000000/resourceGroups/cli_test_cosmosdb_mongodb_collection000001/providers/Microsoft.DocumentDB/databaseAccounts/cli000003/mongodbDatabases/cli000004/collections?api-version=2020-04-01
  response:
    body:
      string: '{"value":[]}'
    headers:
      cache-control:
      - no-store, no-cache
      content-length:
      - '12'
      content-location:
      - https://management.documents.azure.com:450/subscriptions/9abff005-2afc-4de1-b39c-344b9de2cc9c/resourceGroups/cli_test_cosmosdb_mongodb_collectionid5jqblgjok4ykud73ihmjxjajoydgt5sqmdrkx/providers/Microsoft.DocumentDB/databaseAccounts/clipuxfo4txmy7r/mongodbDatabases/clihepdopa6qwu4/collections?api-version=2020-04-01
      content-type:
      - application/json
      date:
      - Tue, 25 Aug 2020 07:36:17 GMT
      pragma:
      - no-cache
      server:
      - Microsoft-HTTPAPI/2.0
      strict-transport-security:
      - max-age=31536000; includeSubDomains
      transfer-encoding:
      - chunked
      vary:
      - Accept-Encoding
      x-content-type-options:
      - nosniff
      x-ms-gatewayversion:
      - version=2.11.0
    status:
      code: 200
      message: Ok
version: 1
