interactions:
- request:
    body: null
    headers:
      Accept:
      - application/json
      Accept-Encoding:
      - gzip, deflate
      CommandName:
      - cosmosdb create
      Connection:
      - keep-alive
      ParameterSetName:
      - -n -g --capabilities
      User-Agent:
      - python/3.7.4 (Windows-10-10.0.18362-SP0) msrest/0.6.9 msrest_azure/0.6.1 azure-mgmt-resource/3.1.0
        Azure-SDK-For-Python AZURECLI/2.0.71
      accept-language:
      - en-US
    method: GET
    uri: https://management.azure.com/subscriptions/00000000-0000-0000-0000-000000000000/resourcegroups/cli_test_cosmosdb_table_resource_throughput000001?api-version=2019-05-10
  response:
    body:
      string: '{"id":"/subscriptions/00000000-0000-0000-0000-000000000000/resourceGroups/cli_test_cosmosdb_table_resource_throughput000001","name":"cli_test_cosmosdb_table_resource_throughput000001","location":"westus","tags":{"product":"azurecli","cause":"automation","date":"2019-08-21T20:44:23Z"},"properties":{"provisioningState":"Succeeded"}}'
    headers:
      cache-control:
      - no-cache
      content-length:
      - '384'
      content-type:
      - application/json; charset=utf-8
      date:
      - Wed, 21 Aug 2019 20:44:32 GMT
      expires:
      - '-1'
      pragma:
      - no-cache
      strict-transport-security:
      - max-age=31536000; includeSubDomains
      vary:
      - Accept-Encoding
      x-content-type-options:
      - nosniff
    status:
      code: 200
      message: OK
- request:
    body: '{"location": "westus", "kind": "GlobalDocumentDB", "properties": {"locations":
      [{"locationName": "westus", "failoverPriority": 0, "isZoneRedundant": false}],
      "databaseAccountOfferType": "Standard", "capabilities": [{"name": "EnableTable"}]}}'
    headers:
      Accept:
      - application/json
      Accept-Encoding:
      - gzip, deflate
      CommandName:
      - cosmosdb create
      Connection:
      - keep-alive
      Content-Length:
      - '241'
      Content-Type:
      - application/json; charset=utf-8
      ParameterSetName:
      - -n -g --capabilities
      User-Agent:
      - python/3.7.4 (Windows-10-10.0.18362-SP0) msrest/0.6.9 msrest_azure/0.6.1 azure-mgmt-cosmosdb/0.7.0
        Azure-SDK-For-Python AZURECLI/2.0.71
      accept-language:
      - en-US
    method: PUT
    uri: https://management.azure.com/subscriptions/00000000-0000-0000-0000-000000000000/resourceGroups/cli_test_cosmosdb_table_resource_throughput000001/providers/Microsoft.DocumentDB/databaseAccounts/cli000002?api-version=2015-04-08
  response:
    body:
      string: '{"id":"/subscriptions/00000000-0000-0000-0000-000000000000/resourceGroups/cli_test_cosmosdb_table_resource_throughput000001/providers/Microsoft.DocumentDB/databaseAccounts/cli000002","name":"cli000002","location":"West
        US","type":"Microsoft.DocumentDB/databaseAccounts","kind":"GlobalDocumentDB","tags":{},"properties":{"provisioningState":"Initializing","ipRangeFilter":"","enableAutomaticFailover":false,"enableMultipleWriteLocations":false,"enablePartitionKeyMonitor":false,"isVirtualNetworkFilterEnabled":false,"virtualNetworkRules":[],"EnabledApiTypes":"Table,
        Sql","databaseAccountOfferType":"Standard","consistencyPolicy":{"defaultConsistencyLevel":"BoundedStaleness","maxIntervalInSeconds":86400,"maxStalenessPrefix":1000000},"configurationOverrides":{},"writeLocations":[{"id":"cli000002-westus","locationName":"West
        US","provisioningState":"Initializing","failoverPriority":0,"isZoneRedundant":false}],"readLocations":[{"id":"cli000002-westus","locationName":"West
        US","provisioningState":"Initializing","failoverPriority":0,"isZoneRedundant":false}],"locations":[{"id":"cli000002-westus","locationName":"West
        US","provisioningState":"Initializing","failoverPriority":0,"isZoneRedundant":false}],"failoverPolicies":[{"id":"cli000002-westus","locationName":"West
        US","failoverPriority":0}],"cors":[],"capabilities":[{"name":"EnableTable"}]}}'
    headers:
      azure-asyncoperation:
      - https://management.azure.com/subscriptions/00000000-0000-0000-0000-000000000000/providers/Microsoft.DocumentDB/locations/westus/operationsStatus/247667c5-4a0c-4ba5-ae36-ad69563548da?api-version=2015-04-08
      cache-control:
      - no-store, no-cache
      content-length:
      - '1412'
      content-location:
      - https://management.documents.azure.com:450/subscriptions/85a6c256-e687-4281-9cca-84869cf6ef36/resourceGroups/cli_test_cosmosdb_table_resource_throughput5ylowhewgk5y6dm7w4u7yra7ozjzr2rv/providers/Microsoft.DocumentDB/databaseAccounts/cliu2b7ze56357t?api-version=2015-04-08
      content-type:
      - application/json
      date:
      - Wed, 21 Aug 2019 20:44:34 GMT
      location:
      - https://management.azure.com/subscriptions/00000000-0000-0000-0000-000000000000/resourceGroups/cli_test_cosmosdb_table_resource_throughput000001/providers/Microsoft.DocumentDB/databaseAccounts/cli000002/operationResults/247667c5-4a0c-4ba5-ae36-ad69563548da?api-version=2015-04-08
      pragma:
      - no-cache
      server:
      - Microsoft-HTTPAPI/2.0
      strict-transport-security:
      - max-age=31536000; includeSubDomains
      transfer-encoding:
      - chunked
      vary:
      - Accept-Encoding
      x-content-type-options:
      - nosniff
      x-ms-gatewayversion:
      - version=2.5.1
      x-ms-ratelimit-remaining-subscription-writes:
      - '1193'
    status:
      code: 200
      message: Ok
- request:
    body: null
    headers:
      Accept:
      - application/json
      Accept-Encoding:
      - gzip, deflate
      CommandName:
      - cosmosdb create
      Connection:
      - keep-alive
      ParameterSetName:
      - -n -g --capabilities
      User-Agent:
      - python/3.7.4 (Windows-10-10.0.18362-SP0) msrest/0.6.9 msrest_azure/0.6.1 azure-mgmt-cosmosdb/0.7.0
        Azure-SDK-For-Python AZURECLI/2.0.71
    method: GET
    uri: https://management.azure.com/subscriptions/00000000-0000-0000-0000-000000000000/providers/Microsoft.DocumentDB/locations/westus/operationsStatus/247667c5-4a0c-4ba5-ae36-ad69563548da?api-version=2015-04-08
  response:
    body:
      string: '{"status":"Dequeued","error":{}}'
    headers:
      cache-control:
      - no-store, no-cache
      content-length:
      - '32'
      content-location:
      - https://management.documents.azure.com:450/subscriptions/85a6c256-e687-4281-9cca-84869cf6ef36/providers/Microsoft.DocumentDB/locations/westus/operationsStatus/247667c5-4a0c-4ba5-ae36-ad69563548da?api-version=2015-04-08
      content-type:
      - application/json
      date:
      - Wed, 21 Aug 2019 20:45:04 GMT
      pragma:
      - no-cache
      server:
      - Microsoft-HTTPAPI/2.0
      strict-transport-security:
      - max-age=31536000; includeSubDomains
      transfer-encoding:
      - chunked
      vary:
      - Accept-Encoding
      x-content-type-options:
      - nosniff
      x-ms-gatewayversion:
      - version=2.5.1
    status:
      code: 200
      message: Ok
- request:
    body: null
    headers:
      Accept:
      - application/json
      Accept-Encoding:
      - gzip, deflate
      CommandName:
      - cosmosdb create
      Connection:
      - keep-alive
      ParameterSetName:
      - -n -g --capabilities
      User-Agent:
      - python/3.7.4 (Windows-10-10.0.18362-SP0) msrest/0.6.9 msrest_azure/0.6.1 azure-mgmt-cosmosdb/0.7.0
        Azure-SDK-For-Python AZURECLI/2.0.71
    method: GET
    uri: https://management.azure.com/subscriptions/00000000-0000-0000-0000-000000000000/providers/Microsoft.DocumentDB/locations/westus/operationsStatus/247667c5-4a0c-4ba5-ae36-ad69563548da?api-version=2015-04-08
  response:
    body:
      string: '{"status":"Dequeued","error":{}}'
    headers:
      cache-control:
      - no-store, no-cache
      content-length:
      - '32'
      content-location:
      - https://management.documents.azure.com:450/subscriptions/85a6c256-e687-4281-9cca-84869cf6ef36/providers/Microsoft.DocumentDB/locations/westus/operationsStatus/247667c5-4a0c-4ba5-ae36-ad69563548da?api-version=2015-04-08
      content-type:
      - application/json
      date:
      - Wed, 21 Aug 2019 20:45:35 GMT
      pragma:
      - no-cache
      server:
      - Microsoft-HTTPAPI/2.0
      strict-transport-security:
      - max-age=31536000; includeSubDomains
      transfer-encoding:
      - chunked
      vary:
      - Accept-Encoding
      x-content-type-options:
      - nosniff
      x-ms-gatewayversion:
      - version=2.5.1
    status:
      code: 200
      message: Ok
- request:
    body: null
    headers:
      Accept:
      - application/json
      Accept-Encoding:
      - gzip, deflate
      CommandName:
      - cosmosdb create
      Connection:
      - keep-alive
      ParameterSetName:
      - -n -g --capabilities
      User-Agent:
      - python/3.7.4 (Windows-10-10.0.18362-SP0) msrest/0.6.9 msrest_azure/0.6.1 azure-mgmt-cosmosdb/0.7.0
        Azure-SDK-For-Python AZURECLI/2.0.71
    method: GET
    uri: https://management.azure.com/subscriptions/00000000-0000-0000-0000-000000000000/providers/Microsoft.DocumentDB/locations/westus/operationsStatus/247667c5-4a0c-4ba5-ae36-ad69563548da?api-version=2015-04-08
  response:
    body:
      string: '{"status":"Dequeued","error":{}}'
    headers:
      cache-control:
      - no-store, no-cache
      content-length:
      - '32'
      content-location:
      - https://management.documents.azure.com:450/subscriptions/85a6c256-e687-4281-9cca-84869cf6ef36/providers/Microsoft.DocumentDB/locations/westus/operationsStatus/247667c5-4a0c-4ba5-ae36-ad69563548da?api-version=2015-04-08
      content-type:
      - application/json
      date:
      - Wed, 21 Aug 2019 20:46:05 GMT
      pragma:
      - no-cache
      server:
      - Microsoft-HTTPAPI/2.0
      strict-transport-security:
      - max-age=31536000; includeSubDomains
      transfer-encoding:
      - chunked
      vary:
      - Accept-Encoding
      x-content-type-options:
      - nosniff
      x-ms-gatewayversion:
      - version=2.5.1
    status:
      code: 200
      message: Ok
- request:
    body: null
    headers:
      Accept:
      - application/json
      Accept-Encoding:
      - gzip, deflate
      CommandName:
      - cosmosdb create
      Connection:
      - keep-alive
      ParameterSetName:
      - -n -g --capabilities
      User-Agent:
      - python/3.7.4 (Windows-10-10.0.18362-SP0) msrest/0.6.9 msrest_azure/0.6.1 azure-mgmt-cosmosdb/0.7.0
        Azure-SDK-For-Python AZURECLI/2.0.71
    method: GET
    uri: https://management.azure.com/subscriptions/00000000-0000-0000-0000-000000000000/providers/Microsoft.DocumentDB/locations/westus/operationsStatus/247667c5-4a0c-4ba5-ae36-ad69563548da?api-version=2015-04-08
  response:
    body:
      string: '{"status":"Dequeued","error":{}}'
    headers:
      cache-control:
      - no-store, no-cache
      content-length:
      - '32'
      content-location:
      - https://management.documents.azure.com:450/subscriptions/85a6c256-e687-4281-9cca-84869cf6ef36/providers/Microsoft.DocumentDB/locations/westus/operationsStatus/247667c5-4a0c-4ba5-ae36-ad69563548da?api-version=2015-04-08
      content-type:
      - application/json
      date:
      - Wed, 21 Aug 2019 20:46:36 GMT
      pragma:
      - no-cache
      server:
      - Microsoft-HTTPAPI/2.0
      strict-transport-security:
      - max-age=31536000; includeSubDomains
      transfer-encoding:
      - chunked
      vary:
      - Accept-Encoding
      x-content-type-options:
      - nosniff
      x-ms-gatewayversion:
      - version=2.5.1
    status:
      code: 200
      message: Ok
- request:
    body: null
    headers:
      Accept:
      - application/json
      Accept-Encoding:
      - gzip, deflate
      CommandName:
      - cosmosdb create
      Connection:
      - keep-alive
      ParameterSetName:
      - -n -g --capabilities
      User-Agent:
      - python/3.7.4 (Windows-10-10.0.18362-SP0) msrest/0.6.9 msrest_azure/0.6.1 azure-mgmt-cosmosdb/0.7.0
        Azure-SDK-For-Python AZURECLI/2.0.71
    method: GET
    uri: https://management.azure.com/subscriptions/00000000-0000-0000-0000-000000000000/providers/Microsoft.DocumentDB/locations/westus/operationsStatus/247667c5-4a0c-4ba5-ae36-ad69563548da?api-version=2015-04-08
  response:
    body:
      string: '{"status":"Dequeued","error":{}}'
    headers:
      cache-control:
      - no-store, no-cache
      content-length:
      - '32'
      content-location:
      - https://management.documents.azure.com:450/subscriptions/85a6c256-e687-4281-9cca-84869cf6ef36/providers/Microsoft.DocumentDB/locations/westus/operationsStatus/247667c5-4a0c-4ba5-ae36-ad69563548da?api-version=2015-04-08
      content-type:
      - application/json
      date:
      - Wed, 21 Aug 2019 20:47:06 GMT
      pragma:
      - no-cache
      server:
      - Microsoft-HTTPAPI/2.0
      strict-transport-security:
      - max-age=31536000; includeSubDomains
      transfer-encoding:
      - chunked
      vary:
      - Accept-Encoding
      x-content-type-options:
      - nosniff
      x-ms-gatewayversion:
      - version=2.5.1
    status:
      code: 200
      message: Ok
- request:
    body: null
    headers:
      Accept:
      - application/json
      Accept-Encoding:
      - gzip, deflate
      CommandName:
      - cosmosdb create
      Connection:
      - keep-alive
      ParameterSetName:
      - -n -g --capabilities
      User-Agent:
      - python/3.7.4 (Windows-10-10.0.18362-SP0) msrest/0.6.9 msrest_azure/0.6.1 azure-mgmt-cosmosdb/0.7.0
        Azure-SDK-For-Python AZURECLI/2.0.71
    method: GET
    uri: https://management.azure.com/subscriptions/00000000-0000-0000-0000-000000000000/providers/Microsoft.DocumentDB/locations/westus/operationsStatus/247667c5-4a0c-4ba5-ae36-ad69563548da?api-version=2015-04-08
  response:
    body:
      string: '{"status":"Dequeued","error":{}}'
    headers:
      cache-control:
      - no-store, no-cache
      content-length:
      - '32'
      content-location:
      - https://management.documents.azure.com:450/subscriptions/85a6c256-e687-4281-9cca-84869cf6ef36/providers/Microsoft.DocumentDB/locations/westus/operationsStatus/247667c5-4a0c-4ba5-ae36-ad69563548da?api-version=2015-04-08
      content-type:
      - application/json
      date:
      - Wed, 21 Aug 2019 20:47:37 GMT
      pragma:
      - no-cache
      server:
      - Microsoft-HTTPAPI/2.0
      strict-transport-security:
      - max-age=31536000; includeSubDomains
      transfer-encoding:
      - chunked
      vary:
      - Accept-Encoding
      x-content-type-options:
      - nosniff
      x-ms-gatewayversion:
      - version=2.5.1
    status:
      code: 200
      message: Ok
- request:
    body: null
    headers:
      Accept:
      - application/json
      Accept-Encoding:
      - gzip, deflate
      CommandName:
      - cosmosdb create
      Connection:
      - keep-alive
      ParameterSetName:
      - -n -g --capabilities
      User-Agent:
      - python/3.7.4 (Windows-10-10.0.18362-SP0) msrest/0.6.9 msrest_azure/0.6.1 azure-mgmt-cosmosdb/0.7.0
        Azure-SDK-For-Python AZURECLI/2.0.71
    method: GET
    uri: https://management.azure.com/subscriptions/00000000-0000-0000-0000-000000000000/providers/Microsoft.DocumentDB/locations/westus/operationsStatus/247667c5-4a0c-4ba5-ae36-ad69563548da?api-version=2015-04-08
  response:
    body:
      string: '{"status":"Dequeued","error":{}}'
    headers:
      cache-control:
      - no-store, no-cache
      content-length:
      - '32'
      content-location:
      - https://management.documents.azure.com:450/subscriptions/85a6c256-e687-4281-9cca-84869cf6ef36/providers/Microsoft.DocumentDB/locations/westus/operationsStatus/247667c5-4a0c-4ba5-ae36-ad69563548da?api-version=2015-04-08
      content-type:
      - application/json
      date:
      - Wed, 21 Aug 2019 20:48:07 GMT
      pragma:
      - no-cache
      server:
      - Microsoft-HTTPAPI/2.0
      strict-transport-security:
      - max-age=31536000; includeSubDomains
      transfer-encoding:
      - chunked
      vary:
      - Accept-Encoding
      x-content-type-options:
      - nosniff
      x-ms-gatewayversion:
      - version=2.5.1
    status:
      code: 200
      message: Ok
- request:
    body: null
    headers:
      Accept:
      - application/json
      Accept-Encoding:
      - gzip, deflate
      CommandName:
      - cosmosdb create
      Connection:
      - keep-alive
      ParameterSetName:
      - -n -g --capabilities
      User-Agent:
      - python/3.7.4 (Windows-10-10.0.18362-SP0) msrest/0.6.9 msrest_azure/0.6.1 azure-mgmt-cosmosdb/0.7.0
        Azure-SDK-For-Python AZURECLI/2.0.71
    method: GET
    uri: https://management.azure.com/subscriptions/00000000-0000-0000-0000-000000000000/providers/Microsoft.DocumentDB/locations/westus/operationsStatus/247667c5-4a0c-4ba5-ae36-ad69563548da?api-version=2015-04-08
  response:
    body:
      string: '{"status":"Dequeued","error":{}}'
    headers:
      cache-control:
      - no-store, no-cache
      content-length:
      - '32'
      content-location:
      - https://management.documents.azure.com:450/subscriptions/85a6c256-e687-4281-9cca-84869cf6ef36/providers/Microsoft.DocumentDB/locations/westus/operationsStatus/247667c5-4a0c-4ba5-ae36-ad69563548da?api-version=2015-04-08
      content-type:
      - application/json
      date:
      - Wed, 21 Aug 2019 20:48:38 GMT
      pragma:
      - no-cache
      server:
      - Microsoft-HTTPAPI/2.0
      strict-transport-security:
      - max-age=31536000; includeSubDomains
      transfer-encoding:
      - chunked
      vary:
      - Accept-Encoding
      x-content-type-options:
      - nosniff
      x-ms-gatewayversion:
      - version=2.5.1
    status:
      code: 200
      message: Ok
- request:
    body: null
    headers:
      Accept:
      - application/json
      Accept-Encoding:
      - gzip, deflate
      CommandName:
      - cosmosdb create
      Connection:
      - keep-alive
      ParameterSetName:
      - -n -g --capabilities
      User-Agent:
      - python/3.7.4 (Windows-10-10.0.18362-SP0) msrest/0.6.9 msrest_azure/0.6.1 azure-mgmt-cosmosdb/0.7.0
        Azure-SDK-For-Python AZURECLI/2.0.71
    method: GET
    uri: https://management.azure.com/subscriptions/00000000-0000-0000-0000-000000000000/providers/Microsoft.DocumentDB/locations/westus/operationsStatus/247667c5-4a0c-4ba5-ae36-ad69563548da?api-version=2015-04-08
  response:
    body:
      string: '{"status":"Dequeued","error":{}}'
    headers:
      cache-control:
      - no-store, no-cache
      content-length:
      - '32'
      content-location:
      - https://management.documents.azure.com:450/subscriptions/85a6c256-e687-4281-9cca-84869cf6ef36/providers/Microsoft.DocumentDB/locations/westus/operationsStatus/247667c5-4a0c-4ba5-ae36-ad69563548da?api-version=2015-04-08
      content-type:
      - application/json
      date:
      - Wed, 21 Aug 2019 20:49:08 GMT
      pragma:
      - no-cache
      server:
      - Microsoft-HTTPAPI/2.0
      strict-transport-security:
      - max-age=31536000; includeSubDomains
      transfer-encoding:
      - chunked
      vary:
      - Accept-Encoding
      x-content-type-options:
      - nosniff
      x-ms-gatewayversion:
      - version=2.5.1
    status:
      code: 200
      message: Ok
- request:
    body: null
    headers:
      Accept:
      - application/json
      Accept-Encoding:
      - gzip, deflate
      CommandName:
      - cosmosdb create
      Connection:
      - keep-alive
      ParameterSetName:
      - -n -g --capabilities
      User-Agent:
      - python/3.7.4 (Windows-10-10.0.18362-SP0) msrest/0.6.9 msrest_azure/0.6.1 azure-mgmt-cosmosdb/0.7.0
        Azure-SDK-For-Python AZURECLI/2.0.71
    method: GET
    uri: https://management.azure.com/subscriptions/00000000-0000-0000-0000-000000000000/providers/Microsoft.DocumentDB/locations/westus/operationsStatus/247667c5-4a0c-4ba5-ae36-ad69563548da?api-version=2015-04-08
  response:
    body:
      string: '{"status":"Dequeued","error":{}}'
    headers:
      cache-control:
      - no-store, no-cache
      content-length:
      - '32'
      content-location:
      - https://management.documents.azure.com:450/subscriptions/85a6c256-e687-4281-9cca-84869cf6ef36/providers/Microsoft.DocumentDB/locations/westus/operationsStatus/247667c5-4a0c-4ba5-ae36-ad69563548da?api-version=2015-04-08
      content-type:
      - application/json
      date:
      - Wed, 21 Aug 2019 20:49:39 GMT
      pragma:
      - no-cache
      server:
      - Microsoft-HTTPAPI/2.0
      strict-transport-security:
      - max-age=31536000; includeSubDomains
      transfer-encoding:
      - chunked
      vary:
      - Accept-Encoding
      x-content-type-options:
      - nosniff
      x-ms-gatewayversion:
      - version=2.5.1
    status:
      code: 200
      message: Ok
- request:
    body: null
    headers:
      Accept:
      - application/json
      Accept-Encoding:
      - gzip, deflate
      CommandName:
      - cosmosdb create
      Connection:
      - keep-alive
      ParameterSetName:
      - -n -g --capabilities
      User-Agent:
      - python/3.7.4 (Windows-10-10.0.18362-SP0) msrest/0.6.9 msrest_azure/0.6.1 azure-mgmt-cosmosdb/0.7.0
        Azure-SDK-For-Python AZURECLI/2.0.71
    method: GET
    uri: https://management.azure.com/subscriptions/00000000-0000-0000-0000-000000000000/providers/Microsoft.DocumentDB/locations/westus/operationsStatus/247667c5-4a0c-4ba5-ae36-ad69563548da?api-version=2015-04-08
  response:
    body:
      string: '{"status":"Dequeued","error":{}}'
    headers:
      cache-control:
      - no-store, no-cache
      content-length:
      - '32'
      content-location:
      - https://management.documents.azure.com:450/subscriptions/85a6c256-e687-4281-9cca-84869cf6ef36/providers/Microsoft.DocumentDB/locations/westus/operationsStatus/247667c5-4a0c-4ba5-ae36-ad69563548da?api-version=2015-04-08
      content-type:
      - application/json
      date:
      - Wed, 21 Aug 2019 20:50:09 GMT
      pragma:
      - no-cache
      server:
      - Microsoft-HTTPAPI/2.0
      strict-transport-security:
      - max-age=31536000; includeSubDomains
      transfer-encoding:
      - chunked
      vary:
      - Accept-Encoding
      x-content-type-options:
      - nosniff
      x-ms-gatewayversion:
      - version=2.5.1
    status:
      code: 200
      message: Ok
- request:
    body: null
    headers:
      Accept:
      - application/json
      Accept-Encoding:
      - gzip, deflate
      CommandName:
      - cosmosdb create
      Connection:
      - keep-alive
      ParameterSetName:
      - -n -g --capabilities
      User-Agent:
      - python/3.7.4 (Windows-10-10.0.18362-SP0) msrest/0.6.9 msrest_azure/0.6.1 azure-mgmt-cosmosdb/0.7.0
        Azure-SDK-For-Python AZURECLI/2.0.71
    method: GET
    uri: https://management.azure.com/subscriptions/00000000-0000-0000-0000-000000000000/providers/Microsoft.DocumentDB/locations/westus/operationsStatus/247667c5-4a0c-4ba5-ae36-ad69563548da?api-version=2015-04-08
  response:
    body:
      string: '{"status":"Dequeued","error":{}}'
    headers:
      cache-control:
      - no-store, no-cache
      content-length:
      - '32'
      content-location:
      - https://management.documents.azure.com:450/subscriptions/85a6c256-e687-4281-9cca-84869cf6ef36/providers/Microsoft.DocumentDB/locations/westus/operationsStatus/247667c5-4a0c-4ba5-ae36-ad69563548da?api-version=2015-04-08
      content-type:
      - application/json
      date:
      - Wed, 21 Aug 2019 20:50:40 GMT
      pragma:
      - no-cache
      server:
      - Microsoft-HTTPAPI/2.0
      strict-transport-security:
      - max-age=31536000; includeSubDomains
      transfer-encoding:
      - chunked
      vary:
      - Accept-Encoding
      x-content-type-options:
      - nosniff
      x-ms-gatewayversion:
      - version=2.5.1
    status:
      code: 200
      message: Ok
- request:
    body: null
    headers:
      Accept:
      - application/json
      Accept-Encoding:
      - gzip, deflate
      CommandName:
      - cosmosdb create
      Connection:
      - keep-alive
      ParameterSetName:
      - -n -g --capabilities
      User-Agent:
      - python/3.7.4 (Windows-10-10.0.18362-SP0) msrest/0.6.9 msrest_azure/0.6.1 azure-mgmt-cosmosdb/0.7.0
        Azure-SDK-For-Python AZURECLI/2.0.71
    method: GET
    uri: https://management.azure.com/subscriptions/00000000-0000-0000-0000-000000000000/providers/Microsoft.DocumentDB/locations/westus/operationsStatus/247667c5-4a0c-4ba5-ae36-ad69563548da?api-version=2015-04-08
  response:
    body:
      string: '{"status":"Dequeued","error":{}}'
    headers:
      cache-control:
      - no-store, no-cache
      content-length:
      - '32'
      content-location:
      - https://management.documents.azure.com:450/subscriptions/85a6c256-e687-4281-9cca-84869cf6ef36/providers/Microsoft.DocumentDB/locations/westus/operationsStatus/247667c5-4a0c-4ba5-ae36-ad69563548da?api-version=2015-04-08
      content-type:
      - application/json
      date:
      - Wed, 21 Aug 2019 20:51:10 GMT
      pragma:
      - no-cache
      server:
      - Microsoft-HTTPAPI/2.0
      strict-transport-security:
      - max-age=31536000; includeSubDomains
      transfer-encoding:
      - chunked
      vary:
      - Accept-Encoding
      x-content-type-options:
      - nosniff
      x-ms-gatewayversion:
      - version=2.5.1
    status:
      code: 200
      message: Ok
- request:
    body: null
    headers:
      Accept:
      - application/json
      Accept-Encoding:
      - gzip, deflate
      CommandName:
      - cosmosdb create
      Connection:
      - keep-alive
      ParameterSetName:
      - -n -g --capabilities
      User-Agent:
      - python/3.7.4 (Windows-10-10.0.18362-SP0) msrest/0.6.9 msrest_azure/0.6.1 azure-mgmt-cosmosdb/0.7.0
        Azure-SDK-For-Python AZURECLI/2.0.71
    method: GET
    uri: https://management.azure.com/subscriptions/00000000-0000-0000-0000-000000000000/providers/Microsoft.DocumentDB/locations/westus/operationsStatus/247667c5-4a0c-4ba5-ae36-ad69563548da?api-version=2015-04-08
  response:
    body:
      string: '{"status":"Dequeued","error":{}}'
    headers:
      cache-control:
      - no-store, no-cache
      content-length:
      - '32'
      content-location:
      - https://management.documents.azure.com:450/subscriptions/85a6c256-e687-4281-9cca-84869cf6ef36/providers/Microsoft.DocumentDB/locations/westus/operationsStatus/247667c5-4a0c-4ba5-ae36-ad69563548da?api-version=2015-04-08
      content-type:
      - application/json
      date:
      - Wed, 21 Aug 2019 20:51:41 GMT
      pragma:
      - no-cache
      server:
      - Microsoft-HTTPAPI/2.0
      strict-transport-security:
      - max-age=31536000; includeSubDomains
      transfer-encoding:
      - chunked
      vary:
      - Accept-Encoding
      x-content-type-options:
      - nosniff
      x-ms-gatewayversion:
      - version=2.5.1
    status:
      code: 200
      message: Ok
- request:
    body: null
    headers:
      Accept:
      - application/json
      Accept-Encoding:
      - gzip, deflate
      CommandName:
      - cosmosdb create
      Connection:
      - keep-alive
      ParameterSetName:
      - -n -g --capabilities
      User-Agent:
      - python/3.7.4 (Windows-10-10.0.18362-SP0) msrest/0.6.9 msrest_azure/0.6.1 azure-mgmt-cosmosdb/0.7.0
        Azure-SDK-For-Python AZURECLI/2.0.71
    method: GET
    uri: https://management.azure.com/subscriptions/00000000-0000-0000-0000-000000000000/providers/Microsoft.DocumentDB/locations/westus/operationsStatus/247667c5-4a0c-4ba5-ae36-ad69563548da?api-version=2015-04-08
  response:
    body:
      string: '{"status":"Dequeued","error":{}}'
    headers:
      cache-control:
      - no-store, no-cache
      content-length:
      - '32'
      content-location:
      - https://management.documents.azure.com:450/subscriptions/85a6c256-e687-4281-9cca-84869cf6ef36/providers/Microsoft.DocumentDB/locations/westus/operationsStatus/247667c5-4a0c-4ba5-ae36-ad69563548da?api-version=2015-04-08
      content-type:
      - application/json
      date:
      - Wed, 21 Aug 2019 20:52:11 GMT
      pragma:
      - no-cache
      server:
      - Microsoft-HTTPAPI/2.0
      strict-transport-security:
      - max-age=31536000; includeSubDomains
      transfer-encoding:
      - chunked
      vary:
      - Accept-Encoding
      x-content-type-options:
      - nosniff
      x-ms-gatewayversion:
      - version=2.5.1
    status:
      code: 200
      message: Ok
- request:
    body: null
    headers:
      Accept:
      - application/json
      Accept-Encoding:
      - gzip, deflate
      CommandName:
      - cosmosdb create
      Connection:
      - keep-alive
      ParameterSetName:
      - -n -g --capabilities
      User-Agent:
      - python/3.7.4 (Windows-10-10.0.18362-SP0) msrest/0.6.9 msrest_azure/0.6.1 azure-mgmt-cosmosdb/0.7.0
        Azure-SDK-For-Python AZURECLI/2.0.71
    method: GET
    uri: https://management.azure.com/subscriptions/00000000-0000-0000-0000-000000000000/providers/Microsoft.DocumentDB/locations/westus/operationsStatus/247667c5-4a0c-4ba5-ae36-ad69563548da?api-version=2015-04-08
  response:
    body:
      string: '{"status":"Dequeued","error":{}}'
    headers:
      cache-control:
      - no-store, no-cache
      content-length:
      - '32'
      content-location:
      - https://management.documents.azure.com:450/subscriptions/85a6c256-e687-4281-9cca-84869cf6ef36/providers/Microsoft.DocumentDB/locations/westus/operationsStatus/247667c5-4a0c-4ba5-ae36-ad69563548da?api-version=2015-04-08
      content-type:
      - application/json
      date:
      - Wed, 21 Aug 2019 20:52:43 GMT
      pragma:
      - no-cache
      server:
      - Microsoft-HTTPAPI/2.0
      strict-transport-security:
      - max-age=31536000; includeSubDomains
      transfer-encoding:
      - chunked
      vary:
      - Accept-Encoding
      x-content-type-options:
      - nosniff
      x-ms-gatewayversion:
      - version=2.5.1
    status:
      code: 200
      message: Ok
- request:
    body: null
    headers:
      Accept:
      - application/json
      Accept-Encoding:
      - gzip, deflate
      CommandName:
      - cosmosdb create
      Connection:
      - keep-alive
      ParameterSetName:
      - -n -g --capabilities
      User-Agent:
      - python/3.7.4 (Windows-10-10.0.18362-SP0) msrest/0.6.9 msrest_azure/0.6.1 azure-mgmt-cosmosdb/0.7.0
        Azure-SDK-For-Python AZURECLI/2.0.71
    method: GET
    uri: https://management.azure.com/subscriptions/00000000-0000-0000-0000-000000000000/providers/Microsoft.DocumentDB/locations/westus/operationsStatus/247667c5-4a0c-4ba5-ae36-ad69563548da?api-version=2015-04-08
  response:
    body:
      string: '{"status":"Dequeued","error":{}}'
    headers:
      cache-control:
      - no-store, no-cache
      content-length:
      - '32'
      content-location:
      - https://management.documents.azure.com:450/subscriptions/85a6c256-e687-4281-9cca-84869cf6ef36/providers/Microsoft.DocumentDB/locations/westus/operationsStatus/247667c5-4a0c-4ba5-ae36-ad69563548da?api-version=2015-04-08
      content-type:
      - application/json
      date:
      - Wed, 21 Aug 2019 20:53:13 GMT
      pragma:
      - no-cache
      server:
      - Microsoft-HTTPAPI/2.0
      strict-transport-security:
      - max-age=31536000; includeSubDomains
      transfer-encoding:
      - chunked
      vary:
      - Accept-Encoding
      x-content-type-options:
      - nosniff
      x-ms-gatewayversion:
      - version=2.5.1
    status:
      code: 200
      message: Ok
- request:
    body: null
    headers:
      Accept:
      - application/json
      Accept-Encoding:
      - gzip, deflate
      CommandName:
      - cosmosdb create
      Connection:
      - keep-alive
      ParameterSetName:
      - -n -g --capabilities
      User-Agent:
      - python/3.7.4 (Windows-10-10.0.18362-SP0) msrest/0.6.9 msrest_azure/0.6.1 azure-mgmt-cosmosdb/0.7.0
        Azure-SDK-For-Python AZURECLI/2.0.71
    method: GET
    uri: https://management.azure.com/subscriptions/00000000-0000-0000-0000-000000000000/providers/Microsoft.DocumentDB/locations/westus/operationsStatus/247667c5-4a0c-4ba5-ae36-ad69563548da?api-version=2015-04-08
  response:
    body:
      string: '{"status":"Dequeued","error":{}}'
    headers:
      cache-control:
      - no-store, no-cache
      content-length:
      - '32'
      content-location:
      - https://management.documents.azure.com:450/subscriptions/85a6c256-e687-4281-9cca-84869cf6ef36/providers/Microsoft.DocumentDB/locations/westus/operationsStatus/247667c5-4a0c-4ba5-ae36-ad69563548da?api-version=2015-04-08
      content-type:
      - application/json
      date:
      - Wed, 21 Aug 2019 20:53:44 GMT
      pragma:
      - no-cache
      server:
      - Microsoft-HTTPAPI/2.0
      strict-transport-security:
      - max-age=31536000; includeSubDomains
      transfer-encoding:
      - chunked
      vary:
      - Accept-Encoding
      x-content-type-options:
      - nosniff
      x-ms-gatewayversion:
      - version=2.5.1
    status:
      code: 200
      message: Ok
- request:
    body: null
    headers:
      Accept:
      - application/json
      Accept-Encoding:
      - gzip, deflate
      CommandName:
      - cosmosdb create
      Connection:
      - keep-alive
      ParameterSetName:
      - -n -g --capabilities
      User-Agent:
      - python/3.7.4 (Windows-10-10.0.18362-SP0) msrest/0.6.9 msrest_azure/0.6.1 azure-mgmt-cosmosdb/0.7.0
        Azure-SDK-For-Python AZURECLI/2.0.71
    method: GET
    uri: https://management.azure.com/subscriptions/00000000-0000-0000-0000-000000000000/providers/Microsoft.DocumentDB/locations/westus/operationsStatus/247667c5-4a0c-4ba5-ae36-ad69563548da?api-version=2015-04-08
  response:
    body:
      string: '{"status":"Dequeued","error":{}}'
    headers:
      cache-control:
      - no-store, no-cache
      content-length:
      - '32'
      content-location:
      - https://management.documents.azure.com:450/subscriptions/85a6c256-e687-4281-9cca-84869cf6ef36/providers/Microsoft.DocumentDB/locations/westus/operationsStatus/247667c5-4a0c-4ba5-ae36-ad69563548da?api-version=2015-04-08
      content-type:
      - application/json
      date:
      - Wed, 21 Aug 2019 20:54:15 GMT
      pragma:
      - no-cache
      server:
      - Microsoft-HTTPAPI/2.0
      strict-transport-security:
      - max-age=31536000; includeSubDomains
      transfer-encoding:
      - chunked
      vary:
      - Accept-Encoding
      x-content-type-options:
      - nosniff
      x-ms-gatewayversion:
      - version=2.5.1
    status:
      code: 200
      message: Ok
- request:
    body: null
    headers:
      Accept:
      - application/json
      Accept-Encoding:
      - gzip, deflate
      CommandName:
      - cosmosdb create
      Connection:
      - keep-alive
      ParameterSetName:
      - -n -g --capabilities
      User-Agent:
      - python/3.7.4 (Windows-10-10.0.18362-SP0) msrest/0.6.9 msrest_azure/0.6.1 azure-mgmt-cosmosdb/0.7.0
        Azure-SDK-For-Python AZURECLI/2.0.71
    method: GET
    uri: https://management.azure.com/subscriptions/00000000-0000-0000-0000-000000000000/providers/Microsoft.DocumentDB/locations/westus/operationsStatus/247667c5-4a0c-4ba5-ae36-ad69563548da?api-version=2015-04-08
  response:
    body:
      string: '{"status":"Succeeded","error":{}}'
    headers:
      cache-control:
      - no-store, no-cache
      content-length:
      - '33'
      content-location:
      - https://management.documents.azure.com:450/subscriptions/85a6c256-e687-4281-9cca-84869cf6ef36/providers/Microsoft.DocumentDB/locations/westus/operationsStatus/247667c5-4a0c-4ba5-ae36-ad69563548da?api-version=2015-04-08
      content-type:
      - application/json
      date:
      - Wed, 21 Aug 2019 20:54:45 GMT
      pragma:
      - no-cache
      server:
      - Microsoft-HTTPAPI/2.0
      strict-transport-security:
      - max-age=31536000; includeSubDomains
      transfer-encoding:
      - chunked
      vary:
      - Accept-Encoding
      x-content-type-options:
      - nosniff
      x-ms-gatewayversion:
      - version=2.5.1
    status:
      code: 200
      message: Ok
- request:
    body: null
    headers:
      Accept:
      - application/json
      Accept-Encoding:
      - gzip, deflate
      CommandName:
      - cosmosdb create
      Connection:
      - keep-alive
      ParameterSetName:
      - -n -g --capabilities
      User-Agent:
      - python/3.7.4 (Windows-10-10.0.18362-SP0) msrest/0.6.9 msrest_azure/0.6.1 azure-mgmt-cosmosdb/0.7.0
        Azure-SDK-For-Python AZURECLI/2.0.71
    method: GET
    uri: https://management.azure.com/subscriptions/00000000-0000-0000-0000-000000000000/resourceGroups/cli_test_cosmosdb_table_resource_throughput000001/providers/Microsoft.DocumentDB/databaseAccounts/cli000002?api-version=2015-04-08
  response:
    body:
      string: '{"id":"/subscriptions/00000000-0000-0000-0000-000000000000/resourceGroups/cli_test_cosmosdb_table_resource_throughput000001/providers/Microsoft.DocumentDB/databaseAccounts/cli000002","name":"cli000002","location":"West
        US","type":"Microsoft.DocumentDB/databaseAccounts","kind":"GlobalDocumentDB","tags":{},"properties":{"provisioningState":"Succeeded","documentEndpoint":"https://cli000002.documents.azure.com:443/","tableEndpoint":"https://cli000002.table.cosmos.azure.com:443/","ipRangeFilter":"","enableAutomaticFailover":false,"enableMultipleWriteLocations":false,"enablePartitionKeyMonitor":false,"isVirtualNetworkFilterEnabled":false,"virtualNetworkRules":[],"EnabledApiTypes":"Table,
        Sql","databaseAccountOfferType":"Standard","consistencyPolicy":{"defaultConsistencyLevel":"BoundedStaleness","maxIntervalInSeconds":86400,"maxStalenessPrefix":1000000},"configurationOverrides":{},"writeLocations":[{"id":"cli000002-westus","locationName":"West
        US","documentEndpoint":"https://cli000002-westus.documents.azure.com:443/","provisioningState":"Succeeded","failoverPriority":0,"isZoneRedundant":false}],"readLocations":[{"id":"cli000002-westus","locationName":"West
        US","documentEndpoint":"https://cli000002-westus.documents.azure.com:443/","provisioningState":"Succeeded","failoverPriority":0,"isZoneRedundant":false}],"locations":[{"id":"cli000002-westus","locationName":"West
        US","documentEndpoint":"https://cli000002-westus.documents.azure.com:443/","provisioningState":"Succeeded","failoverPriority":0,"isZoneRedundant":false}],"failoverPolicies":[{"id":"cli000002-westus","locationName":"West
        US","failoverPriority":0}],"cors":[],"capabilities":[{"name":"EnableTable"}]}}'
    headers:
      cache-control:
      - no-store, no-cache
      content-length:
      - '1771'
      content-location:
      - https://management.documents.azure.com:450/subscriptions/85a6c256-e687-4281-9cca-84869cf6ef36/resourceGroups/cli_test_cosmosdb_table_resource_throughput5ylowhewgk5y6dm7w4u7yra7ozjzr2rv/providers/Microsoft.DocumentDB/databaseAccounts/cliu2b7ze56357t?api-version=2015-04-08
      content-type:
      - application/json
      date:
      - Wed, 21 Aug 2019 20:54:46 GMT
      pragma:
      - no-cache
      server:
      - Microsoft-HTTPAPI/2.0
      strict-transport-security:
      - max-age=31536000; includeSubDomains
      transfer-encoding:
      - chunked
      vary:
      - Accept-Encoding
      x-content-type-options:
      - nosniff
      x-ms-gatewayversion:
      - version=2.5.1
    status:
      code: 200
      message: Ok
- request:
    body: null
    headers:
      Accept:
      - application/json
      Accept-Encoding:
      - gzip, deflate
      CommandName:
      - cosmosdb create
      Connection:
      - keep-alive
      ParameterSetName:
      - -n -g --capabilities
      User-Agent:
      - python/3.7.4 (Windows-10-10.0.18362-SP0) msrest/0.6.9 msrest_azure/0.6.1 azure-mgmt-cosmosdb/0.7.0
        Azure-SDK-For-Python AZURECLI/2.0.71
      accept-language:
      - en-US
    method: GET
    uri: https://management.azure.com/subscriptions/00000000-0000-0000-0000-000000000000/resourceGroups/cli_test_cosmosdb_table_resource_throughput000001/providers/Microsoft.DocumentDB/databaseAccounts/cli000002?api-version=2015-04-08
  response:
    body:
      string: '{"id":"/subscriptions/00000000-0000-0000-0000-000000000000/resourceGroups/cli_test_cosmosdb_table_resource_throughput000001/providers/Microsoft.DocumentDB/databaseAccounts/cli000002","name":"cli000002","location":"West
        US","type":"Microsoft.DocumentDB/databaseAccounts","kind":"GlobalDocumentDB","tags":{},"properties":{"provisioningState":"Succeeded","documentEndpoint":"https://cli000002.documents.azure.com:443/","tableEndpoint":"https://cli000002.table.cosmos.azure.com:443/","ipRangeFilter":"","enableAutomaticFailover":false,"enableMultipleWriteLocations":false,"enablePartitionKeyMonitor":false,"isVirtualNetworkFilterEnabled":false,"virtualNetworkRules":[],"EnabledApiTypes":"Table,
        Sql","databaseAccountOfferType":"Standard","consistencyPolicy":{"defaultConsistencyLevel":"BoundedStaleness","maxIntervalInSeconds":86400,"maxStalenessPrefix":1000000},"configurationOverrides":{},"writeLocations":[{"id":"cli000002-westus","locationName":"West
        US","documentEndpoint":"https://cli000002-westus.documents.azure.com:443/","provisioningState":"Succeeded","failoverPriority":0,"isZoneRedundant":false}],"readLocations":[{"id":"cli000002-westus","locationName":"West
        US","documentEndpoint":"https://cli000002-westus.documents.azure.com:443/","provisioningState":"Succeeded","failoverPriority":0,"isZoneRedundant":false}],"locations":[{"id":"cli000002-westus","locationName":"West
        US","documentEndpoint":"https://cli000002-westus.documents.azure.com:443/","provisioningState":"Succeeded","failoverPriority":0,"isZoneRedundant":false}],"failoverPolicies":[{"id":"cli000002-westus","locationName":"West
        US","failoverPriority":0}],"cors":[],"capabilities":[{"name":"EnableTable"}]}}'
    headers:
      cache-control:
      - no-store, no-cache
      content-length:
      - '1771'
      content-location:
      - https://management.documents.azure.com:450/subscriptions/85a6c256-e687-4281-9cca-84869cf6ef36/resourceGroups/cli_test_cosmosdb_table_resource_throughput5ylowhewgk5y6dm7w4u7yra7ozjzr2rv/providers/Microsoft.DocumentDB/databaseAccounts/cliu2b7ze56357t?api-version=2015-04-08
      content-type:
      - application/json
      date:
      - Wed, 21 Aug 2019 20:54:47 GMT
      pragma:
      - no-cache
      server:
      - Microsoft-HTTPAPI/2.0
      strict-transport-security:
      - max-age=31536000; includeSubDomains
      transfer-encoding:
      - chunked
      vary:
      - Accept-Encoding
      x-content-type-options:
      - nosniff
      x-ms-gatewayversion:
      - version=2.5.1
    status:
      code: 200
      message: Ok
- request:
    body: '{"properties": {"resource": {"id": "cli000003"}, "options": {"Throughput":
      "1000"}}}'
    headers:
      Accept:
      - application/json
      Accept-Encoding:
      - gzip, deflate
      CommandName:
      - cosmosdb table create
      Connection:
      - keep-alive
      Content-Length:
      - '90'
      Content-Type:
      - application/json; charset=utf-8
      ParameterSetName:
      - -g -a -n --throughput
      User-Agent:
      - python/3.7.4 (Windows-10-10.0.18362-SP0) msrest/0.6.9 msrest_azure/0.6.1 azure-mgmt-cosmosdb/0.7.0
        Azure-SDK-For-Python AZURECLI/2.0.71
      accept-language:
      - en-US
    method: PUT
    uri: https://management.azure.com/subscriptions/00000000-0000-0000-0000-000000000000/resourceGroups/cli_test_cosmosdb_table_resource_throughput000001/providers/Microsoft.DocumentDB/databaseAccounts/cli000002/apis/table/tables/cli000003?api-version=2015-04-08
  response:
    body:
      string: '{"status":"Enqueued","error":{}}'
    headers:
      azure-asyncoperation:
      - https://management.azure.com/subscriptions/00000000-0000-0000-0000-000000000000/providers/Microsoft.DocumentDB/locations/westus/operationsStatus/931aee50-4c4e-4558-a17a-e59650942182?api-version=2015-04-08
      cache-control:
      - no-store, no-cache
      content-length:
      - '32'
      content-location:
      - https://management.documents.azure.com:450/subscriptions/85a6c256-e687-4281-9cca-84869cf6ef36/resourceGroups/cli_test_cosmosdb_table_resource_throughput5ylowhewgk5y6dm7w4u7yra7ozjzr2rv/providers/Microsoft.DocumentDB/databaseAccounts/cliu2b7ze56357t/apis/table/tables/climxtzbak3p477?api-version=2015-04-08
      content-type:
      - application/json
      date:
      - Wed, 21 Aug 2019 20:54:49 GMT
      location:
      - https://management.azure.com/subscriptions/00000000-0000-0000-0000-000000000000/resourceGroups/cli_test_cosmosdb_table_resource_throughput000001/providers/Microsoft.DocumentDB/databaseAccounts/cli000002/apis/table/tables/cli000003/operationResults/931aee50-4c4e-4558-a17a-e59650942182?api-version=2015-04-08
      pragma:
      - no-cache
      server:
      - Microsoft-HTTPAPI/2.0
      strict-transport-security:
      - max-age=31536000; includeSubDomains
      x-content-type-options:
      - nosniff
      x-ms-gatewayversion:
      - version=2.5.1
      x-ms-ratelimit-remaining-subscription-writes:
      - '1197'
    status:
      code: 202
      message: Accepted
- request:
    body: null
    headers:
      Accept:
      - application/json
      Accept-Encoding:
      - gzip, deflate
      CommandName:
      - cosmosdb table create
      Connection:
      - keep-alive
      ParameterSetName:
      - -g -a -n --throughput
      User-Agent:
      - python/3.7.4 (Windows-10-10.0.18362-SP0) msrest/0.6.9 msrest_azure/0.6.1 azure-mgmt-cosmosdb/0.7.0
        Azure-SDK-For-Python AZURECLI/2.0.71
    method: GET
    uri: https://management.azure.com/subscriptions/00000000-0000-0000-0000-000000000000/providers/Microsoft.DocumentDB/locations/westus/operationsStatus/931aee50-4c4e-4558-a17a-e59650942182?api-version=2015-04-08
  response:
    body:
      string: '{"status":"Succeeded","error":{}}'
    headers:
      cache-control:
      - no-store, no-cache
      content-length:
      - '33'
      content-location:
      - https://management.documents.azure.com:450/subscriptions/85a6c256-e687-4281-9cca-84869cf6ef36/providers/Microsoft.DocumentDB/locations/westus/operationsStatus/931aee50-4c4e-4558-a17a-e59650942182?api-version=2015-04-08
      content-type:
      - application/json
      date:
      - Wed, 21 Aug 2019 20:55:19 GMT
      pragma:
      - no-cache
      server:
      - Microsoft-HTTPAPI/2.0
      strict-transport-security:
      - max-age=31536000; includeSubDomains
      transfer-encoding:
      - chunked
      vary:
      - Accept-Encoding
      x-content-type-options:
      - nosniff
      x-ms-gatewayversion:
      - version=2.5.1
    status:
      code: 200
      message: Ok
- request:
    body: null
    headers:
      Accept:
      - application/json
      Accept-Encoding:
      - gzip, deflate
      CommandName:
      - cosmosdb table create
      Connection:
      - keep-alive
      ParameterSetName:
      - -g -a -n --throughput
      User-Agent:
      - python/3.7.4 (Windows-10-10.0.18362-SP0) msrest/0.6.9 msrest_azure/0.6.1 azure-mgmt-cosmosdb/0.7.0
        Azure-SDK-For-Python AZURECLI/2.0.71
    method: GET
    uri: https://management.azure.com/subscriptions/00000000-0000-0000-0000-000000000000/resourceGroups/cli_test_cosmosdb_table_resource_throughput000001/providers/Microsoft.DocumentDB/databaseAccounts/cli000002/apis/table/tables/cli000003?api-version=2015-04-08
  response:
    body:
      string: '{"properties":{"id":"cli000003"}}'
    headers:
      cache-control:
      - no-store, no-cache
      content-length:
      - '39'
      content-location:
      - https://management.documents.azure.com:450/subscriptions/85a6c256-e687-4281-9cca-84869cf6ef36/resourceGroups/cli_test_cosmosdb_table_resource_throughput5ylowhewgk5y6dm7w4u7yra7ozjzr2rv/providers/Microsoft.DocumentDB/databaseAccounts/cliu2b7ze56357t/apis/table/tables/climxtzbak3p477?api-version=2015-04-08
      content-type:
      - application/json
      date:
      - Wed, 21 Aug 2019 20:55:20 GMT
      pragma:
      - no-cache
      server:
      - Microsoft-HTTPAPI/2.0
      strict-transport-security:
      - max-age=31536000; includeSubDomains
      transfer-encoding:
      - chunked
      vary:
      - Accept-Encoding
      x-content-type-options:
      - nosniff
      x-ms-gatewayversion:
      - version=2.5.1
    status:
      code: 200
      message: Ok
- request:
    body: null
    headers:
      Accept:
      - application/json
      Accept-Encoding:
      - gzip, deflate
      CommandName:
      - cosmosdb table throughput show
      Connection:
      - keep-alive
      ParameterSetName:
      - -g -a -n
      User-Agent:
      - python/3.7.4 (Windows-10-10.0.18362-SP0) msrest/0.6.9 msrest_azure/0.6.1 azure-mgmt-cosmosdb/0.7.0
        Azure-SDK-For-Python AZURECLI/2.0.71
      accept-language:
      - en-US
    method: GET
    uri: https://management.azure.com/subscriptions/00000000-0000-0000-0000-000000000000/resourceGroups/cli_test_cosmosdb_table_resource_throughput000001/providers/Microsoft.DocumentDB/databaseAccounts/cli000002/apis/table/tables/cli000003/settings/throughput?api-version=2015-04-08
  response:
    body:
      string: '{"properties":{"throughput":1000,"minimumThroughput":"400","offerReplacePending":""}}'
    headers:
      cache-control:
      - no-store, no-cache
      content-length:
      - '85'
      content-location:
      - https://management.documents.azure.com:450/subscriptions/85a6c256-e687-4281-9cca-84869cf6ef36/resourceGroups/cli_test_cosmosdb_table_resource_throughput5ylowhewgk5y6dm7w4u7yra7ozjzr2rv/providers/Microsoft.DocumentDB/databaseAccounts/cliu2b7ze56357t/apis/table/tables/climxtzbak3p477/settings/throughput?api-version=2015-04-08
      content-type:
      - application/json
      date:
      - Wed, 21 Aug 2019 20:55:21 GMT
      pragma:
      - no-cache
      server:
      - Microsoft-HTTPAPI/2.0
      strict-transport-security:
      - max-age=31536000; includeSubDomains
      transfer-encoding:
      - chunked
      vary:
      - Accept-Encoding
      x-content-type-options:
      - nosniff
      x-ms-gatewayversion:
      - version=2.5.1
    status:
      code: 200
      message: Ok
- request:
    body: '{"properties": {"resource": {"throughput": 2000}}}'
    headers:
      Accept:
      - application/json
      Accept-Encoding:
      - gzip, deflate
      CommandName:
      - cosmosdb table throughput update
      Connection:
      - keep-alive
      Content-Length:
      - '50'
      Content-Type:
      - application/json; charset=utf-8
      ParameterSetName:
      - -g -a -n --throughput
      User-Agent:
      - python/3.7.4 (Windows-10-10.0.18362-SP0) msrest/0.6.9 msrest_azure/0.6.1 azure-mgmt-cosmosdb/0.7.0
        Azure-SDK-For-Python AZURECLI/2.0.71
      accept-language:
      - en-US
    method: PUT
    uri: https://management.azure.com/subscriptions/00000000-0000-0000-0000-000000000000/resourceGroups/cli_test_cosmosdb_table_resource_throughput000001/providers/Microsoft.DocumentDB/databaseAccounts/cli000002/apis/table/tables/cli000003/settings/throughput?api-version=2015-04-08
  response:
    body:
      string: '{"status":"Enqueued","error":{}}'
    headers:
      azure-asyncoperation:
      - https://management.azure.com/subscriptions/00000000-0000-0000-0000-000000000000/providers/Microsoft.DocumentDB/locations/westus/operationsStatus/17f0ec89-fd2e-4501-ae4b-43196c86a63d?api-version=2015-04-08
      cache-control:
      - no-store, no-cache
      content-length:
      - '32'
      content-location:
      - https://management.documents.azure.com:450/subscriptions/85a6c256-e687-4281-9cca-84869cf6ef36/resourceGroups/cli_test_cosmosdb_table_resource_throughput5ylowhewgk5y6dm7w4u7yra7ozjzr2rv/providers/Microsoft.DocumentDB/databaseAccounts/cliu2b7ze56357t/apis/table/tables/climxtzbak3p477/settings/throughput?api-version=2015-04-08
      content-type:
      - application/json
      date:
      - Wed, 21 Aug 2019 20:55:23 GMT
      location:
      - https://management.azure.com/subscriptions/00000000-0000-0000-0000-000000000000/resourceGroups/cli_test_cosmosdb_table_resource_throughput000001/providers/Microsoft.DocumentDB/databaseAccounts/cli000002/apis/table/tables/cli000003/settings/throughput/operationResults/17f0ec89-fd2e-4501-ae4b-43196c86a63d?api-version=2015-04-08
      pragma:
      - no-cache
      server:
      - Microsoft-HTTPAPI/2.0
      strict-transport-security:
      - max-age=31536000; includeSubDomains
      x-content-type-options:
      - nosniff
      x-ms-gatewayversion:
      - version=2.5.1
      x-ms-ratelimit-remaining-subscription-writes:
      - '1195'
    status:
      code: 202
      message: Accepted
- request:
    body: null
    headers:
      Accept:
      - application/json
      Accept-Encoding:
      - gzip, deflate
      CommandName:
      - cosmosdb table throughput update
      Connection:
      - keep-alive
      ParameterSetName:
      - -g -a -n --throughput
      User-Agent:
      - python/3.7.4 (Windows-10-10.0.18362-SP0) msrest/0.6.9 msrest_azure/0.6.1 azure-mgmt-cosmosdb/0.7.0
        Azure-SDK-For-Python AZURECLI/2.0.71
    method: GET
    uri: https://management.azure.com/subscriptions/00000000-0000-0000-0000-000000000000/providers/Microsoft.DocumentDB/locations/westus/operationsStatus/17f0ec89-fd2e-4501-ae4b-43196c86a63d?api-version=2015-04-08
  response:
    body:
      string: '{"status":"Succeeded","error":{}}'
    headers:
      cache-control:
      - no-store, no-cache
      content-length:
      - '33'
      content-location:
      - https://management.documents.azure.com:450/subscriptions/85a6c256-e687-4281-9cca-84869cf6ef36/providers/Microsoft.DocumentDB/locations/westus/operationsStatus/17f0ec89-fd2e-4501-ae4b-43196c86a63d?api-version=2015-04-08
      content-type:
      - application/json
      date:
      - Wed, 21 Aug 2019 20:55:53 GMT
      pragma:
      - no-cache
      server:
      - Microsoft-HTTPAPI/2.0
      strict-transport-security:
      - max-age=31536000; includeSubDomains
      transfer-encoding:
      - chunked
      vary:
      - Accept-Encoding
      x-content-type-options:
      - nosniff
      x-ms-gatewayversion:
      - version=2.5.1
    status:
      code: 200
      message: Ok
- request:
    body: null
    headers:
      Accept:
      - application/json
      Accept-Encoding:
      - gzip, deflate
      CommandName:
      - cosmosdb table throughput update
      Connection:
      - keep-alive
      ParameterSetName:
      - -g -a -n --throughput
      User-Agent:
      - python/3.7.4 (Windows-10-10.0.18362-SP0) msrest/0.6.9 msrest_azure/0.6.1 azure-mgmt-cosmosdb/0.7.0
        Azure-SDK-For-Python AZURECLI/2.0.71
    method: GET
    uri: https://management.azure.com/subscriptions/00000000-0000-0000-0000-000000000000/resourceGroups/cli_test_cosmosdb_table_resource_throughput000001/providers/Microsoft.DocumentDB/databaseAccounts/cli000002/apis/table/tables/cli000003/settings/throughput?api-version=2015-04-08
  response:
    body:
      string: '{"properties":{"throughput":2000,"minimumThroughput":"400","offerReplacePending":""}}'
    headers:
      cache-control:
      - no-store, no-cache
      content-length:
      - '85'
      content-location:
      - https://management.documents.azure.com:450/subscriptions/85a6c256-e687-4281-9cca-84869cf6ef36/resourceGroups/cli_test_cosmosdb_table_resource_throughput5ylowhewgk5y6dm7w4u7yra7ozjzr2rv/providers/Microsoft.DocumentDB/databaseAccounts/cliu2b7ze56357t/apis/table/tables/climxtzbak3p477/settings/throughput?api-version=2015-04-08
      content-type:
      - application/json
      date:
      - Wed, 21 Aug 2019 20:55:55 GMT
      pragma:
      - no-cache
      server:
      - Microsoft-HTTPAPI/2.0
      strict-transport-security:
      - max-age=31536000; includeSubDomains
      transfer-encoding:
      - chunked
      vary:
      - Accept-Encoding
      x-content-type-options:
      - nosniff
      x-ms-gatewayversion:
      - version=2.5.1
    status:
      code: 200
      message: Ok
version: 1
