interactions:
- request:
    body: null
    headers:
      Accept:
      - application/json
      Accept-Encoding:
      - gzip, deflate
      CommandName:
      - cosmosdb create
      Connection:
      - keep-alive
      ParameterSetName:
      - -n -g --kind --capabilities
      User-Agent:
      - AZURECLI/2.44.1 azsdk-python-azure-mgmt-resource/22.0.0 Python/3.10.9 (Linux-5.15.0-1031-azure-x86_64-with-glibc2.31)
        VSTS_7b238909-6802-4b65-b90d-184bca47f458_build_220_0
    method: GET
    uri: https://management.azure.com/subscriptions/00000000-0000-0000-0000-000000000000/resourcegroups/cli_test_cosmosdb_mongodb_role000001?api-version=2022-09-01
  response:
    body:
      string: '{"id":"/subscriptions/00000000-0000-0000-0000-000000000000/resourceGroups/cli_test_cosmosdb_mongodb_role000001","name":"cli_test_cosmosdb_mongodb_role000001","type":"Microsoft.Resources/resourceGroups","location":"westus","tags":{"product":"azurecli","cause":"automation","date":"2023-01-28T20:59:28Z"},"properties":{"provisioningState":"Succeeded"}}'
    headers:
      cache-control:
      - no-cache
      content-length:
      - '350'
      content-type:
      - application/json; charset=utf-8
      date:
      - Sat, 28 Jan 2023 20:59:29 GMT
      expires:
      - '-1'
      pragma:
      - no-cache
      strict-transport-security:
      - max-age=31536000; includeSubDomains
      vary:
      - Accept-Encoding
      x-content-type-options:
      - nosniff
    status:
      code: 200
      message: OK
- request:
    body: '{"location": "westus", "kind": "MongoDB", "properties": {"locations": [{"locationName":
      "westus", "failoverPriority": 0, "isZoneRedundant": false}], "databaseAccountOfferType":
      "Standard", "capabilities": [{"name": "EnableMongoRoleBasedAccessControl"}],
      "apiProperties": {}, "createMode": "Default"}}'
    headers:
      Accept:
      - application/json
      Accept-Encoding:
      - gzip, deflate
      CommandName:
      - cosmosdb create
      Connection:
      - keep-alive
      Content-Length:
      - '300'
      Content-Type:
      - application/json
      ParameterSetName:
      - -n -g --kind --capabilities
      User-Agent:
      - AZURECLI/2.44.1 azsdk-python-mgmt-cosmosdb/8.0.0 Python/3.10.9 (Linux-5.15.0-1031-azure-x86_64-with-glibc2.31)
        VSTS_7b238909-6802-4b65-b90d-184bca47f458_build_220_0
    method: PUT
    uri: https://management.azure.com/subscriptions/00000000-0000-0000-0000-000000000000/resourceGroups/cli_test_cosmosdb_mongodb_role000001/providers/Microsoft.DocumentDB/databaseAccounts/cli000002?api-version=2022-08-15
  response:
    body:
      string: '{"id":"/subscriptions/00000000-0000-0000-0000-000000000000/resourceGroups/cli_test_cosmosdb_mongodb_role000001/providers/Microsoft.DocumentDB/databaseAccounts/cli000002","name":"cli000002","location":"West
        US","type":"Microsoft.DocumentDB/databaseAccounts","kind":"MongoDB","tags":{},"systemData":{"createdAt":"2023-01-28T20:59:34.3213438Z"},"properties":{"provisioningState":"Creating","publicNetworkAccess":"Enabled","enableAutomaticFailover":false,"enableMultipleWriteLocations":false,"enablePartitionKeyMonitor":false,"isVirtualNetworkFilterEnabled":false,"virtualNetworkRules":[],"EnabledApiTypes":"MongoDB","disableKeyBasedMetadataWriteAccess":false,"enableFreeTier":false,"enableAnalyticalStorage":false,"analyticalStorageConfiguration":{"schemaType":"FullFidelity"},"instanceId":"064c5c72-ecf8-4d3d-8809-5867c402b123","databaseAccountOfferType":"Standard","defaultIdentity":"","networkAclBypass":"None","disableLocalAuth":false,"enablePartitionMerge":false,"consistencyPolicy":{"defaultConsistencyLevel":"Session","maxIntervalInSeconds":5,"maxStalenessPrefix":100},"apiProperties":{"serverVersion":"3.6"},"configurationOverrides":{},"writeLocations":[{"id":"cli000002-westus","locationName":"West
        US","provisioningState":"Creating","failoverPriority":0,"isZoneRedundant":false}],"readLocations":[{"id":"cli000002-westus","locationName":"West
        US","provisioningState":"Creating","failoverPriority":0,"isZoneRedundant":false}],"locations":[{"id":"cli000002-westus","locationName":"West
        US","provisioningState":"Creating","failoverPriority":0,"isZoneRedundant":false}],"failoverPolicies":[{"id":"cli000002-westus","locationName":"West
        US","failoverPriority":0}],"cors":[],"capabilities":[{"name":"EnableMongoRoleBasedAccessControl"},{"name":"EnableMongo"}],"ipRules":[],"backupPolicy":{"type":"Periodic","periodicModeProperties":{"backupIntervalInMinutes":240,"backupRetentionIntervalInHours":8,"backupStorageRedundancy":"Invalid"}},"networkAclBypassResourceIds":[],"keysMetadata":{"primaryMasterKey":{"generationTime":"2023-01-28T20:59:34.3213438Z"},"secondaryMasterKey":{"generationTime":"2023-01-28T20:59:34.3213438Z"},"primaryReadonlyMasterKey":{"generationTime":"2023-01-28T20:59:34.3213438Z"},"secondaryReadonlyMasterKey":{"generationTime":"2023-01-28T20:59:34.3213438Z"}}},"identity":{"type":"None"}}'
    headers:
      azure-asyncoperation:
      - https://management.azure.com/subscriptions/00000000-0000-0000-0000-000000000000/providers/Microsoft.DocumentDB/locations/westus/operationsStatus/04d5f67b-6621-4832-9d1b-a1e895d08a7d?api-version=2022-08-15
      cache-control:
      - no-store, no-cache
      content-length:
      - '2311'
      content-type:
      - application/json
      date:
      - Sat, 28 Jan 2023 20:59:37 GMT
      location:
      - https://management.azure.com/subscriptions/00000000-0000-0000-0000-000000000000/resourceGroups/cli_test_cosmosdb_mongodb_role000001/providers/Microsoft.DocumentDB/databaseAccounts/cli000002/operationResults/04d5f67b-6621-4832-9d1b-a1e895d08a7d?api-version=2022-08-15
      pragma:
      - no-cache
      server:
      - Microsoft-HTTPAPI/2.0
      strict-transport-security:
      - max-age=31536000; includeSubDomains
      transfer-encoding:
      - chunked
      vary:
      - Accept-Encoding
      x-content-type-options:
      - nosniff
      x-ms-gatewayversion:
      - version=2.14.0
      x-ms-ratelimit-remaining-subscription-writes:
      - '1197'
    status:
      code: 200
      message: Ok
- request:
    body: null
    headers:
      Accept:
      - '*/*'
      Accept-Encoding:
      - gzip, deflate
      CommandName:
      - cosmosdb create
      Connection:
      - keep-alive
      ParameterSetName:
      - -n -g --kind --capabilities
      User-Agent:
      - AZURECLI/2.44.1 azsdk-python-mgmt-cosmosdb/8.0.0 Python/3.10.9 (Linux-5.15.0-1031-azure-x86_64-with-glibc2.31)
        VSTS_7b238909-6802-4b65-b90d-184bca47f458_build_220_0
    method: GET
    uri: https://management.azure.com/subscriptions/00000000-0000-0000-0000-000000000000/providers/Microsoft.DocumentDB/locations/westus/operationsStatus/04d5f67b-6621-4832-9d1b-a1e895d08a7d?api-version=2022-08-15
  response:
    body:
      string: '{"status":"Dequeued"}'
    headers:
      cache-control:
      - no-store, no-cache
      content-length:
      - '21'
      content-type:
      - application/json
      date:
      - Sat, 28 Jan 2023 21:00:06 GMT
      pragma:
      - no-cache
      server:
      - Microsoft-HTTPAPI/2.0
      strict-transport-security:
      - max-age=31536000; includeSubDomains
      transfer-encoding:
      - chunked
      vary:
      - Accept-Encoding
      x-content-type-options:
      - nosniff
      x-ms-gatewayversion:
      - version=2.14.0
    status:
      code: 200
      message: Ok
- request:
    body: null
    headers:
      Accept:
      - '*/*'
      Accept-Encoding:
      - gzip, deflate
      CommandName:
      - cosmosdb create
      Connection:
      - keep-alive
      ParameterSetName:
      - -n -g --kind --capabilities
      User-Agent:
      - AZURECLI/2.44.1 azsdk-python-mgmt-cosmosdb/8.0.0 Python/3.10.9 (Linux-5.15.0-1031-azure-x86_64-with-glibc2.31)
        VSTS_7b238909-6802-4b65-b90d-184bca47f458_build_220_0
    method: GET
    uri: https://management.azure.com/subscriptions/00000000-0000-0000-0000-000000000000/providers/Microsoft.DocumentDB/locations/westus/operationsStatus/04d5f67b-6621-4832-9d1b-a1e895d08a7d?api-version=2022-08-15
  response:
    body:
      string: '{"status":"Dequeued"}'
    headers:
      cache-control:
      - no-store, no-cache
      content-length:
      - '21'
      content-type:
      - application/json
      date:
      - Sat, 28 Jan 2023 21:00:36 GMT
      pragma:
      - no-cache
      server:
      - Microsoft-HTTPAPI/2.0
      strict-transport-security:
      - max-age=31536000; includeSubDomains
      transfer-encoding:
      - chunked
      vary:
      - Accept-Encoding
      x-content-type-options:
      - nosniff
      x-ms-gatewayversion:
      - version=2.14.0
    status:
      code: 200
      message: Ok
- request:
    body: null
    headers:
      Accept:
      - '*/*'
      Accept-Encoding:
      - gzip, deflate
      CommandName:
      - cosmosdb create
      Connection:
      - keep-alive
      ParameterSetName:
      - -n -g --kind --capabilities
      User-Agent:
      - AZURECLI/2.44.1 azsdk-python-mgmt-cosmosdb/8.0.0 Python/3.10.9 (Linux-5.15.0-1031-azure-x86_64-with-glibc2.31)
        VSTS_7b238909-6802-4b65-b90d-184bca47f458_build_220_0
    method: GET
    uri: https://management.azure.com/subscriptions/00000000-0000-0000-0000-000000000000/providers/Microsoft.DocumentDB/locations/westus/operationsStatus/04d5f67b-6621-4832-9d1b-a1e895d08a7d?api-version=2022-08-15
  response:
    body:
      string: '{"status":"Dequeued"}'
    headers:
      cache-control:
      - no-store, no-cache
      content-length:
      - '21'
      content-type:
      - application/json
      date:
      - Sat, 28 Jan 2023 21:01:07 GMT
      pragma:
      - no-cache
      server:
      - Microsoft-HTTPAPI/2.0
      strict-transport-security:
      - max-age=31536000; includeSubDomains
      transfer-encoding:
      - chunked
      vary:
      - Accept-Encoding
      x-content-type-options:
      - nosniff
      x-ms-gatewayversion:
      - version=2.14.0
    status:
      code: 200
      message: Ok
- request:
    body: null
    headers:
      Accept:
      - '*/*'
      Accept-Encoding:
      - gzip, deflate
      CommandName:
      - cosmosdb create
      Connection:
      - keep-alive
      ParameterSetName:
      - -n -g --kind --capabilities
      User-Agent:
      - AZURECLI/2.44.1 azsdk-python-mgmt-cosmosdb/8.0.0 Python/3.10.9 (Linux-5.15.0-1031-azure-x86_64-with-glibc2.31)
        VSTS_7b238909-6802-4b65-b90d-184bca47f458_build_220_0
    method: GET
    uri: https://management.azure.com/subscriptions/00000000-0000-0000-0000-000000000000/providers/Microsoft.DocumentDB/locations/westus/operationsStatus/04d5f67b-6621-4832-9d1b-a1e895d08a7d?api-version=2022-08-15
  response:
    body:
      string: '{"status":"Dequeued"}'
    headers:
      cache-control:
      - no-store, no-cache
      content-length:
      - '21'
      content-type:
      - application/json
      date:
      - Sat, 28 Jan 2023 21:01:37 GMT
      pragma:
      - no-cache
      server:
      - Microsoft-HTTPAPI/2.0
      strict-transport-security:
      - max-age=31536000; includeSubDomains
      transfer-encoding:
      - chunked
      vary:
      - Accept-Encoding
      x-content-type-options:
      - nosniff
      x-ms-gatewayversion:
      - version=2.14.0
    status:
      code: 200
      message: Ok
- request:
    body: null
    headers:
      Accept:
      - '*/*'
      Accept-Encoding:
      - gzip, deflate
      CommandName:
      - cosmosdb create
      Connection:
      - keep-alive
      ParameterSetName:
      - -n -g --kind --capabilities
      User-Agent:
      - AZURECLI/2.44.1 azsdk-python-mgmt-cosmosdb/8.0.0 Python/3.10.9 (Linux-5.15.0-1031-azure-x86_64-with-glibc2.31)
        VSTS_7b238909-6802-4b65-b90d-184bca47f458_build_220_0
    method: GET
    uri: https://management.azure.com/subscriptions/00000000-0000-0000-0000-000000000000/providers/Microsoft.DocumentDB/locations/westus/operationsStatus/04d5f67b-6621-4832-9d1b-a1e895d08a7d?api-version=2022-08-15
  response:
    body:
      string: '{"status":"Dequeued"}'
    headers:
      cache-control:
      - no-store, no-cache
      content-length:
      - '21'
      content-type:
      - application/json
      date:
      - Sat, 28 Jan 2023 21:02:07 GMT
      pragma:
      - no-cache
      server:
      - Microsoft-HTTPAPI/2.0
      strict-transport-security:
      - max-age=31536000; includeSubDomains
      transfer-encoding:
      - chunked
      vary:
      - Accept-Encoding
      x-content-type-options:
      - nosniff
      x-ms-gatewayversion:
      - version=2.14.0
    status:
      code: 200
      message: Ok
- request:
    body: null
    headers:
      Accept:
      - '*/*'
      Accept-Encoding:
      - gzip, deflate
      CommandName:
      - cosmosdb create
      Connection:
      - keep-alive
      ParameterSetName:
      - -n -g --kind --capabilities
      User-Agent:
      - AZURECLI/2.44.1 azsdk-python-mgmt-cosmosdb/8.0.0 Python/3.10.9 (Linux-5.15.0-1031-azure-x86_64-with-glibc2.31)
        VSTS_7b238909-6802-4b65-b90d-184bca47f458_build_220_0
    method: GET
    uri: https://management.azure.com/subscriptions/00000000-0000-0000-0000-000000000000/providers/Microsoft.DocumentDB/locations/westus/operationsStatus/04d5f67b-6621-4832-9d1b-a1e895d08a7d?api-version=2022-08-15
  response:
    body:
      string: '{"status":"Dequeued"}'
    headers:
      cache-control:
      - no-store, no-cache
      content-length:
      - '21'
      content-type:
      - application/json
      date:
      - Sat, 28 Jan 2023 21:02:38 GMT
      pragma:
      - no-cache
      server:
      - Microsoft-HTTPAPI/2.0
      strict-transport-security:
      - max-age=31536000; includeSubDomains
      transfer-encoding:
      - chunked
      vary:
      - Accept-Encoding
      x-content-type-options:
      - nosniff
      x-ms-gatewayversion:
      - version=2.14.0
    status:
      code: 200
      message: Ok
- request:
    body: null
    headers:
      Accept:
      - '*/*'
      Accept-Encoding:
      - gzip, deflate
      CommandName:
      - cosmosdb create
      Connection:
      - keep-alive
      ParameterSetName:
      - -n -g --kind --capabilities
      User-Agent:
      - AZURECLI/2.44.1 azsdk-python-mgmt-cosmosdb/8.0.0 Python/3.10.9 (Linux-5.15.0-1031-azure-x86_64-with-glibc2.31)
        VSTS_7b238909-6802-4b65-b90d-184bca47f458_build_220_0
    method: GET
    uri: https://management.azure.com/subscriptions/00000000-0000-0000-0000-000000000000/providers/Microsoft.DocumentDB/locations/westus/operationsStatus/04d5f67b-6621-4832-9d1b-a1e895d08a7d?api-version=2022-08-15
  response:
    body:
      string: '{"status":"Dequeued"}'
    headers:
      cache-control:
      - no-store, no-cache
      content-length:
      - '21'
      content-type:
      - application/json
      date:
      - Sat, 28 Jan 2023 21:03:08 GMT
      pragma:
      - no-cache
      server:
      - Microsoft-HTTPAPI/2.0
      strict-transport-security:
      - max-age=31536000; includeSubDomains
      transfer-encoding:
      - chunked
      vary:
      - Accept-Encoding
      x-content-type-options:
      - nosniff
      x-ms-gatewayversion:
      - version=2.14.0
    status:
      code: 200
      message: Ok
- request:
    body: null
    headers:
      Accept:
      - '*/*'
      Accept-Encoding:
      - gzip, deflate
      CommandName:
      - cosmosdb create
      Connection:
      - keep-alive
      ParameterSetName:
      - -n -g --kind --capabilities
      User-Agent:
      - AZURECLI/2.44.1 azsdk-python-mgmt-cosmosdb/8.0.0 Python/3.10.9 (Linux-5.15.0-1031-azure-x86_64-with-glibc2.31)
        VSTS_7b238909-6802-4b65-b90d-184bca47f458_build_220_0
    method: GET
    uri: https://management.azure.com/subscriptions/00000000-0000-0000-0000-000000000000/providers/Microsoft.DocumentDB/locations/westus/operationsStatus/04d5f67b-6621-4832-9d1b-a1e895d08a7d?api-version=2022-08-15
  response:
    body:
      string: '{"status":"Succeeded"}'
    headers:
      cache-control:
      - no-store, no-cache
      content-length:
      - '22'
      content-type:
      - application/json
      date:
      - Sat, 28 Jan 2023 21:03:37 GMT
      pragma:
      - no-cache
      server:
      - Microsoft-HTTPAPI/2.0
      strict-transport-security:
      - max-age=31536000; includeSubDomains
      transfer-encoding:
      - chunked
      vary:
      - Accept-Encoding
      x-content-type-options:
      - nosniff
      x-ms-gatewayversion:
      - version=2.14.0
    status:
      code: 200
      message: Ok
- request:
    body: null
    headers:
      Accept:
      - '*/*'
      Accept-Encoding:
      - gzip, deflate
      CommandName:
      - cosmosdb create
      Connection:
      - keep-alive
      ParameterSetName:
      - -n -g --kind --capabilities
      User-Agent:
      - AZURECLI/2.44.1 azsdk-python-mgmt-cosmosdb/8.0.0 Python/3.10.9 (Linux-5.15.0-1031-azure-x86_64-with-glibc2.31)
        VSTS_7b238909-6802-4b65-b90d-184bca47f458_build_220_0
    method: GET
    uri: https://management.azure.com/subscriptions/00000000-0000-0000-0000-000000000000/resourceGroups/cli_test_cosmosdb_mongodb_role000001/providers/Microsoft.DocumentDB/databaseAccounts/cli000002?api-version=2022-08-15
  response:
    body:
      string: '{"id":"/subscriptions/00000000-0000-0000-0000-000000000000/resourceGroups/cli_test_cosmosdb_mongodb_role000001/providers/Microsoft.DocumentDB/databaseAccounts/cli000002","name":"cli000002","location":"West
        US","type":"Microsoft.DocumentDB/databaseAccounts","kind":"MongoDB","tags":{},"systemData":{"createdAt":"2023-01-28T21:02:39.1105666Z"},"properties":{"provisioningState":"Succeeded","documentEndpoint":"https://cli000002.documents.azure.com:443/","sqlEndpoint":"https://cli000002.documents.azure.com:443/","mongoEndpoint":"https://cli000002.mongo.cosmos.azure.com:443/","publicNetworkAccess":"Enabled","enableAutomaticFailover":false,"enableMultipleWriteLocations":false,"enablePartitionKeyMonitor":false,"isVirtualNetworkFilterEnabled":false,"virtualNetworkRules":[],"EnabledApiTypes":"MongoDB","disableKeyBasedMetadataWriteAccess":false,"enableFreeTier":false,"enableAnalyticalStorage":false,"analyticalStorageConfiguration":{"schemaType":"FullFidelity"},"instanceId":"064c5c72-ecf8-4d3d-8809-5867c402b123","databaseAccountOfferType":"Standard","defaultIdentity":"FirstPartyIdentity","networkAclBypass":"None","disableLocalAuth":false,"enablePartitionMerge":false,"consistencyPolicy":{"defaultConsistencyLevel":"Session","maxIntervalInSeconds":5,"maxStalenessPrefix":100},"apiProperties":{"serverVersion":"3.6"},"configurationOverrides":{"EnableBsonSchema":"True"},"writeLocations":[{"id":"cli000002-westus","locationName":"West
        US","documentEndpoint":"https://cli000002-westus.documents.azure.com:443/","provisioningState":"Succeeded","failoverPriority":0,"isZoneRedundant":false}],"readLocations":[{"id":"cli000002-westus","locationName":"West
        US","documentEndpoint":"https://cli000002-westus.documents.azure.com:443/","provisioningState":"Succeeded","failoverPriority":0,"isZoneRedundant":false}],"locations":[{"id":"cli000002-westus","locationName":"West
        US","documentEndpoint":"https://cli000002-westus.documents.azure.com:443/","provisioningState":"Succeeded","failoverPriority":0,"isZoneRedundant":false}],"failoverPolicies":[{"id":"cli000002-westus","locationName":"West
        US","failoverPriority":0}],"cors":[],"capabilities":[{"name":"EnableMongoRoleBasedAccessControl"},{"name":"EnableMongo"}],"ipRules":[],"backupPolicy":{"type":"Periodic","periodicModeProperties":{"backupIntervalInMinutes":240,"backupRetentionIntervalInHours":8,"backupStorageRedundancy":"Geo"}},"networkAclBypassResourceIds":[],"keysMetadata":{"primaryMasterKey":{"generationTime":"2023-01-28T21:02:39.1105666Z"},"secondaryMasterKey":{"generationTime":"2023-01-28T21:02:39.1105666Z"},"primaryReadonlyMasterKey":{"generationTime":"2023-01-28T21:02:39.1105666Z"},"secondaryReadonlyMasterKey":{"generationTime":"2023-01-28T21:02:39.1105666Z"}}},"identity":{"type":"None"}}'
    headers:
      cache-control:
      - no-store, no-cache
      content-length:
      - '2754'
      content-type:
      - application/json
      date:
      - Sat, 28 Jan 2023 21:03:38 GMT
      pragma:
      - no-cache
      server:
      - Microsoft-HTTPAPI/2.0
      strict-transport-security:
      - max-age=31536000; includeSubDomains
      transfer-encoding:
      - chunked
      vary:
      - Accept-Encoding
      x-content-type-options:
      - nosniff
      x-ms-gatewayversion:
      - version=2.14.0
    status:
      code: 200
      message: Ok
- request:
    body: null
    headers:
      Accept:
      - application/json
      Accept-Encoding:
      - gzip, deflate
      CommandName:
      - cosmosdb create
      Connection:
      - keep-alive
      ParameterSetName:
      - -n -g --kind --capabilities
      User-Agent:
      - AZURECLI/2.44.1 azsdk-python-mgmt-cosmosdb/8.0.0 Python/3.10.9 (Linux-5.15.0-1031-azure-x86_64-with-glibc2.31)
        VSTS_7b238909-6802-4b65-b90d-184bca47f458_build_220_0
    method: GET
    uri: https://management.azure.com/subscriptions/00000000-0000-0000-0000-000000000000/resourceGroups/cli_test_cosmosdb_mongodb_role000001/providers/Microsoft.DocumentDB/databaseAccounts/cli000002?api-version=2022-08-15
  response:
    body:
      string: '{"id":"/subscriptions/00000000-0000-0000-0000-000000000000/resourceGroups/cli_test_cosmosdb_mongodb_role000001/providers/Microsoft.DocumentDB/databaseAccounts/cli000002","name":"cli000002","location":"West
        US","type":"Microsoft.DocumentDB/databaseAccounts","kind":"MongoDB","tags":{},"systemData":{"createdAt":"2023-01-28T21:02:39.1105666Z"},"properties":{"provisioningState":"Succeeded","documentEndpoint":"https://cli000002.documents.azure.com:443/","sqlEndpoint":"https://cli000002.documents.azure.com:443/","mongoEndpoint":"https://cli000002.mongo.cosmos.azure.com:443/","publicNetworkAccess":"Enabled","enableAutomaticFailover":false,"enableMultipleWriteLocations":false,"enablePartitionKeyMonitor":false,"isVirtualNetworkFilterEnabled":false,"virtualNetworkRules":[],"EnabledApiTypes":"MongoDB","disableKeyBasedMetadataWriteAccess":false,"enableFreeTier":false,"enableAnalyticalStorage":false,"analyticalStorageConfiguration":{"schemaType":"FullFidelity"},"instanceId":"064c5c72-ecf8-4d3d-8809-5867c402b123","databaseAccountOfferType":"Standard","defaultIdentity":"FirstPartyIdentity","networkAclBypass":"None","disableLocalAuth":false,"enablePartitionMerge":false,"consistencyPolicy":{"defaultConsistencyLevel":"Session","maxIntervalInSeconds":5,"maxStalenessPrefix":100},"apiProperties":{"serverVersion":"3.6"},"configurationOverrides":{"EnableBsonSchema":"True"},"writeLocations":[{"id":"cli000002-westus","locationName":"West
        US","documentEndpoint":"https://cli000002-westus.documents.azure.com:443/","provisioningState":"Succeeded","failoverPriority":0,"isZoneRedundant":false}],"readLocations":[{"id":"cli000002-westus","locationName":"West
        US","documentEndpoint":"https://cli000002-westus.documents.azure.com:443/","provisioningState":"Succeeded","failoverPriority":0,"isZoneRedundant":false}],"locations":[{"id":"cli000002-westus","locationName":"West
        US","documentEndpoint":"https://cli000002-westus.documents.azure.com:443/","provisioningState":"Succeeded","failoverPriority":0,"isZoneRedundant":false}],"failoverPolicies":[{"id":"cli000002-westus","locationName":"West
        US","failoverPriority":0}],"cors":[],"capabilities":[{"name":"EnableMongoRoleBasedAccessControl"},{"name":"EnableMongo"}],"ipRules":[],"backupPolicy":{"type":"Periodic","periodicModeProperties":{"backupIntervalInMinutes":240,"backupRetentionIntervalInHours":8,"backupStorageRedundancy":"Geo"}},"networkAclBypassResourceIds":[],"keysMetadata":{"primaryMasterKey":{"generationTime":"2023-01-28T21:02:39.1105666Z"},"secondaryMasterKey":{"generationTime":"2023-01-28T21:02:39.1105666Z"},"primaryReadonlyMasterKey":{"generationTime":"2023-01-28T21:02:39.1105666Z"},"secondaryReadonlyMasterKey":{"generationTime":"2023-01-28T21:02:39.1105666Z"}}},"identity":{"type":"None"}}'
    headers:
      cache-control:
      - no-store, no-cache
      content-length:
      - '2754'
      content-type:
      - application/json
      date:
      - Sat, 28 Jan 2023 21:03:38 GMT
      pragma:
      - no-cache
      server:
      - Microsoft-HTTPAPI/2.0
      strict-transport-security:
      - max-age=31536000; includeSubDomains
      transfer-encoding:
      - chunked
      vary:
      - Accept-Encoding
      x-content-type-options:
      - nosniff
      x-ms-gatewayversion:
      - version=2.14.0
    status:
      code: 200
      message: Ok
- request:
    body: '{"properties": {"resource": {"id": "cli000003"}, "options": {}}}'
    headers:
      Accept:
      - application/json
      Accept-Encoding:
      - gzip, deflate
      CommandName:
      - cosmosdb mongodb database create
      Connection:
      - keep-alive
      Content-Length:
      - '64'
      Content-Type:
      - application/json
      ParameterSetName:
      - -g -a -n
      User-Agent:
      - AZURECLI/2.44.1 azsdk-python-mgmt-cosmosdb/8.0.0 Python/3.10.9 (Linux-5.15.0-1031-azure-x86_64-with-glibc2.31)
        VSTS_7b238909-6802-4b65-b90d-184bca47f458_build_220_0
    method: PUT
    uri: https://management.azure.com/subscriptions/00000000-0000-0000-0000-000000000000/resourceGroups/cli_test_cosmosdb_mongodb_role000001/providers/Microsoft.DocumentDB/databaseAccounts/cli000002/mongodbDatabases/cli000003?api-version=2022-08-15
  response:
    body:
      string: '{"status":"Enqueued"}'
    headers:
      azure-asyncoperation:
      - https://management.azure.com/subscriptions/00000000-0000-0000-0000-000000000000/providers/Microsoft.DocumentDB/locations/westus/operationsStatus/ff5c002d-6824-4619-9aa7-7e90014d6e6e?api-version=2022-08-15
      cache-control:
      - no-store, no-cache
      content-length:
      - '21'
      content-type:
      - application/json
      date:
      - Sat, 28 Jan 2023 21:03:39 GMT
      location:
      - https://management.azure.com/subscriptions/00000000-0000-0000-0000-000000000000/resourceGroups/cli_test_cosmosdb_mongodb_role000001/providers/Microsoft.DocumentDB/databaseAccounts/cli000002/mongodbDatabases/cli000003/operationResults/ff5c002d-6824-4619-9aa7-7e90014d6e6e?api-version=2022-08-15
      pragma:
      - no-cache
      server:
      - Microsoft-HTTPAPI/2.0
      strict-transport-security:
      - max-age=31536000; includeSubDomains
      x-content-type-options:
      - nosniff
      x-ms-gatewayversion:
      - version=2.14.0
      x-ms-ratelimit-remaining-subscription-writes:
      - '1199'
    status:
      code: 202
      message: Accepted
- request:
    body: null
    headers:
      Accept:
      - '*/*'
      Accept-Encoding:
      - gzip, deflate
      CommandName:
      - cosmosdb mongodb database create
      Connection:
      - keep-alive
      ParameterSetName:
      - -g -a -n
      User-Agent:
      - AZURECLI/2.44.1 azsdk-python-mgmt-cosmosdb/8.0.0 Python/3.10.9 (Linux-5.15.0-1031-azure-x86_64-with-glibc2.31)
        VSTS_7b238909-6802-4b65-b90d-184bca47f458_build_220_0
    method: GET
    uri: https://management.azure.com/subscriptions/00000000-0000-0000-0000-000000000000/providers/Microsoft.DocumentDB/locations/westus/operationsStatus/ff5c002d-6824-4619-9aa7-7e90014d6e6e?api-version=2022-08-15
  response:
    body:
      string: '{"status":"Succeeded"}'
    headers:
      cache-control:
      - no-store, no-cache
      content-length:
      - '22'
      content-type:
      - application/json
      date:
      - Sat, 28 Jan 2023 21:04:09 GMT
      pragma:
      - no-cache
      server:
      - Microsoft-HTTPAPI/2.0
      strict-transport-security:
      - max-age=31536000; includeSubDomains
      transfer-encoding:
      - chunked
      vary:
      - Accept-Encoding
      x-content-type-options:
      - nosniff
      x-ms-gatewayversion:
      - version=2.14.0
    status:
      code: 200
      message: Ok
- request:
    body: null
    headers:
      Accept:
      - '*/*'
      Accept-Encoding:
      - gzip, deflate
      CommandName:
      - cosmosdb mongodb database create
      Connection:
      - keep-alive
      ParameterSetName:
      - -g -a -n
      User-Agent:
      - AZURECLI/2.44.1 azsdk-python-mgmt-cosmosdb/8.0.0 Python/3.10.9 (Linux-5.15.0-1031-azure-x86_64-with-glibc2.31)
        VSTS_7b238909-6802-4b65-b90d-184bca47f458_build_220_0
    method: GET
    uri: https://management.azure.com/subscriptions/00000000-0000-0000-0000-000000000000/resourceGroups/cli_test_cosmosdb_mongodb_role000001/providers/Microsoft.DocumentDB/databaseAccounts/cli000002/mongodbDatabases/cli000003?api-version=2022-08-15
  response:
    body:
      string: '{"id":"/subscriptions/00000000-0000-0000-0000-000000000000/resourceGroups/cli_test_cosmosdb_mongodb_role000001/providers/Microsoft.DocumentDB/databaseAccounts/cli000002/mongodbDatabases/cli000003","type":"Microsoft.DocumentDB/databaseAccounts/mongodbDatabases","name":"cli000003","properties":{"resource":{"id":"cli000003"}}}'
    headers:
      cache-control:
      - no-store, no-cache
      content-length:
      - '325'
      content-type:
      - application/json
      date:
      - Sat, 28 Jan 2023 21:04:10 GMT
      pragma:
      - no-cache
      server:
      - Microsoft-HTTPAPI/2.0
      strict-transport-security:
      - max-age=31536000; includeSubDomains
      transfer-encoding:
      - chunked
      vary:
      - Accept-Encoding
      x-content-type-options:
      - nosniff
      x-ms-gatewayversion:
      - version=2.14.0
    status:
      code: 200
      message: Ok
- request:
    body: '{"properties": {"roleName": "my_role_def1", "type": "CustomRole", "databaseName":
      "cli000003", "privileges": [{"resource": {"db": "cli000003", "collection": "test"},
      "actions": ["insert", "find"]}], "roles": []}}'
    headers:
      Accept:
      - application/json
      Accept-Encoding:
      - gzip, deflate
      CommandName:
      - cosmosdb mongodb role definition create
      Connection:
      - keep-alive
      Content-Length:
      - '212'
      Content-Type:
      - application/json
      ParameterSetName:
      - -g -a -b
      User-Agent:
      - AZURECLI/2.44.1 azsdk-python-mgmt-cosmosdb/8.0.0 Python/3.10.9 (Linux-5.15.0-1031-azure-x86_64-with-glibc2.31)
        VSTS_7b238909-6802-4b65-b90d-184bca47f458_build_220_0
    method: PUT
    uri: https://management.azure.com/subscriptions/00000000-0000-0000-0000-000000000000/resourceGroups/cli_test_cosmosdb_mongodb_role000001/providers/Microsoft.DocumentDB/databaseAccounts/cli000002/mongodbRoleDefinitions/randomid?api-version=2022-08-15
  response:
    body:
      string: '{"code":"BadRequest","message":"A Mongo Role Definition with given
        ID [randomid] id not valid. The Mongo role definition should follow the format
        dbName.roleName for database '''' and roleName ''''\r\nActivityId: 4fe8a603-9f4f-11ed-b1ab-197d59accf93,
        Microsoft.Azure.Documents.Common/2.14.0"}'
    headers:
      cache-control:
      - no-store, no-cache
      content-length:
      - '288'
      content-type:
      - application/json
      date:
      - Sat, 28 Jan 2023 21:04:11 GMT
      pragma:
      - no-cache
      server:
      - Microsoft-HTTPAPI/2.0
      strict-transport-security:
      - max-age=31536000; includeSubDomains
      x-content-type-options:
      - nosniff
      x-ms-gatewayversion:
      - version=2.14.0
      x-ms-ratelimit-remaining-subscription-writes:
      - '1199'
    status:
      code: 400
      message: BadRequest
- request:
    body: null
    headers:
      Accept:
      - application/json
      Accept-Encoding:
      - gzip, deflate
      CommandName:
      - cosmosdb mongodb role definition delete
      Connection:
      - keep-alive
      Content-Length:
      - '0'
      ParameterSetName:
      - -g -a -i --yes
      User-Agent:
      - AZURECLI/2.44.1 azsdk-python-mgmt-cosmosdb/8.0.0 Python/3.10.9 (Linux-5.15.0-1031-azure-x86_64-with-glibc2.31)
        VSTS_7b238909-6802-4b65-b90d-184bca47f458_build_220_0
    method: DELETE
    uri: https://management.azure.com/subscriptions/00000000-0000-0000-0000-000000000000/resourceGroups/cli_test_cosmosdb_mongodb_role000001/providers/Microsoft.DocumentDB/databaseAccounts/cli000002/mongodbRoleDefinitions/cli000003.my_role_def1?api-version=2022-08-15
  response:
    body:
      string: ''
    headers:
      cache-control:
      - no-store, no-cache
      date:
      - Sat, 28 Jan 2023 21:04:12 GMT
      pragma:
      - no-cache
      server:
      - Microsoft-HTTPAPI/2.0
      strict-transport-security:
      - max-age=31536000; includeSubDomains
      x-content-type-options:
      - nosniff
      x-ms-activity-id:
      - 4fe8a608-9f4f-11ed-b1ab-197d59accf93
      x-ms-ratelimit-remaining-subscription-deletes:
      - '14999'
    status:
      code: 204
      message: No Content
- request:
    body: null
    headers:
      Accept:
      - application/json
      Accept-Encoding:
      - gzip, deflate
      CommandName:
      - cosmosdb mongodb role definition list
      Connection:
      - keep-alive
      ParameterSetName:
      - -g -a
      User-Agent:
      - AZURECLI/2.44.1 azsdk-python-mgmt-cosmosdb/8.0.0 Python/3.10.9 (Linux-5.15.0-1031-azure-x86_64-with-glibc2.31)
        VSTS_7b238909-6802-4b65-b90d-184bca47f458_build_220_0
    method: GET
    uri: https://management.azure.com/subscriptions/00000000-0000-0000-0000-000000000000/resourceGroups/cli_test_cosmosdb_mongodb_role000001/providers/Microsoft.DocumentDB/databaseAccounts/cli000002/mongodbRoleDefinitions?api-version=2022-08-15
  response:
    body:
      string: '{"value":[]}'
    headers:
      cache-control:
      - no-store, no-cache
      content-length:
      - '12'
      content-type:
      - application/json
      date:
      - Sat, 28 Jan 2023 21:04:13 GMT
      pragma:
      - no-cache
      server:
      - Microsoft-HTTPAPI/2.0
      strict-transport-security:
      - max-age=31536000; includeSubDomains
      transfer-encoding:
      - chunked
      vary:
      - Accept-Encoding
      x-content-type-options:
      - nosniff
      x-ms-gatewayversion:
      - version=2.14.0
    status:
      code: 200
      message: Ok
- request:
    body: '{"properties": {"roleName": "my_role_def1", "type": "CustomRole", "databaseName":
      "cli000003", "privileges": [{"resource": {"db": "cli000003", "collection": "test"},
      "actions": ["insert", "find"]}], "roles": []}}'
    headers:
      Accept:
      - application/json
      Accept-Encoding:
      - gzip, deflate
      CommandName:
      - cosmosdb mongodb role definition create
      Connection:
      - keep-alive
      Content-Length:
      - '212'
      Content-Type:
      - application/json
      ParameterSetName:
      - -g -a -b
      User-Agent:
      - AZURECLI/2.44.1 azsdk-python-mgmt-cosmosdb/8.0.0 Python/3.10.9 (Linux-5.15.0-1031-azure-x86_64-with-glibc2.31)
        VSTS_7b238909-6802-4b65-b90d-184bca47f458_build_220_0
    method: PUT
    uri: https://management.azure.com/subscriptions/00000000-0000-0000-0000-000000000000/resourceGroups/cli_test_cosmosdb_mongodb_role000001/providers/Microsoft.DocumentDB/databaseAccounts/cli000002/mongodbRoleDefinitions/cli000003.my_role_def1?api-version=2022-08-15
  response:
    body:
      string: '{"status":"Enqueued"}'
    headers:
      azure-asyncoperation:
      - https://management.azure.com/subscriptions/00000000-0000-0000-0000-000000000000/providers/Microsoft.DocumentDB/locations/westus/operationsStatus/b1714ebc-e198-4110-acdc-6bb21b904c13?api-version=2022-08-15
      cache-control:
      - no-store, no-cache
      content-length:
      - '21'
      content-type:
      - application/json
      date:
      - Sat, 28 Jan 2023 21:04:14 GMT
      location:
      - https://management.azure.com/subscriptions/00000000-0000-0000-0000-000000000000/resourceGroups/cli_test_cosmosdb_mongodb_role000001/providers/Microsoft.DocumentDB/databaseAccounts/cli000002/mongodbRoleDefinitions/cli000003.my_role_def1/operationResults/b1714ebc-e198-4110-acdc-6bb21b904c13?api-version=2022-08-15
      pragma:
      - no-cache
      server:
      - Microsoft-HTTPAPI/2.0
      strict-transport-security:
      - max-age=31536000; includeSubDomains
      x-content-type-options:
      - nosniff
      x-ms-gatewayversion:
      - version=2.14.0
      x-ms-ratelimit-remaining-subscription-writes:
      - '1199'
    status:
      code: 202
      message: Accepted
- request:
    body: null
    headers:
      Accept:
      - '*/*'
      Accept-Encoding:
      - gzip, deflate
      CommandName:
      - cosmosdb mongodb role definition create
      Connection:
      - keep-alive
      ParameterSetName:
      - -g -a -b
      User-Agent:
      - AZURECLI/2.44.1 azsdk-python-mgmt-cosmosdb/8.0.0 Python/3.10.9 (Linux-5.15.0-1031-azure-x86_64-with-glibc2.31)
        VSTS_7b238909-6802-4b65-b90d-184bca47f458_build_220_0
    method: GET
    uri: https://management.azure.com/subscriptions/00000000-0000-0000-0000-000000000000/providers/Microsoft.DocumentDB/locations/westus/operationsStatus/b1714ebc-e198-4110-acdc-6bb21b904c13?api-version=2022-08-15
  response:
    body:
      string: '{"status":"Succeeded"}'
    headers:
      cache-control:
      - no-store, no-cache
      content-length:
      - '22'
      content-type:
      - application/json
      date:
      - Sat, 28 Jan 2023 21:04:44 GMT
      pragma:
      - no-cache
      server:
      - Microsoft-HTTPAPI/2.0
      strict-transport-security:
      - max-age=31536000; includeSubDomains
      transfer-encoding:
      - chunked
      vary:
      - Accept-Encoding
      x-content-type-options:
      - nosniff
      x-ms-gatewayversion:
      - version=2.14.0
    status:
      code: 200
      message: Ok
- request:
    body: null
    headers:
      Accept:
      - '*/*'
      Accept-Encoding:
      - gzip, deflate
      CommandName:
      - cosmosdb mongodb role definition create
      Connection:
      - keep-alive
      ParameterSetName:
      - -g -a -b
      User-Agent:
      - AZURECLI/2.44.1 azsdk-python-mgmt-cosmosdb/8.0.0 Python/3.10.9 (Linux-5.15.0-1031-azure-x86_64-with-glibc2.31)
        VSTS_7b238909-6802-4b65-b90d-184bca47f458_build_220_0
    method: GET
    uri: https://management.azure.com/subscriptions/00000000-0000-0000-0000-000000000000/resourceGroups/cli_test_cosmosdb_mongodb_role000001/providers/Microsoft.DocumentDB/databaseAccounts/cli000002/mongodbRoleDefinitions/cli000003.my_role_def1?api-version=2022-08-15
  response:
    body:
      string: '{"id":"/subscriptions/00000000-0000-0000-0000-000000000000/resourceGroups/cli_test_cosmosdb_mongodb_role000001/providers/Microsoft.DocumentDB/databaseAccounts/cli000002/mongodbRoleDefinitions/cli000003.my_role_def1","name":"my_role_def1","properties":{"roleName":"my_role_def1","type":1,"databaseName":"cli000003","privileges":[{"resource":{"db":"cli000003","collection":"test"},"actions":["insert","find"]}],"roles":[]},"type":"Microsoft.DocumentDB/databaseAccounts/mongodbRoleDefinitions"}'
    headers:
      cache-control:
      - no-store, no-cache
      content-length:
      - '491'
      content-type:
      - application/json
      date:
      - Sat, 28 Jan 2023 21:04:45 GMT
      pragma:
      - no-cache
      server:
      - Microsoft-HTTPAPI/2.0
      strict-transport-security:
      - max-age=31536000; includeSubDomains
      transfer-encoding:
      - chunked
      vary:
      - Accept-Encoding
      x-content-type-options:
      - nosniff
      x-ms-gatewayversion:
      - version=2.14.0
    status:
      code: 200
      message: Ok
- request:
    body: null
    headers:
      Accept:
      - application/json
      Accept-Encoding:
      - gzip, deflate
      CommandName:
      - cosmosdb mongodb role definition exists
      Connection:
      - keep-alive
      ParameterSetName:
      - -g -a -i
      User-Agent:
      - AZURECLI/2.44.1 azsdk-python-mgmt-cosmosdb/8.0.0 Python/3.10.9 (Linux-5.15.0-1031-azure-x86_64-with-glibc2.31)
        VSTS_7b238909-6802-4b65-b90d-184bca47f458_build_220_0
    method: GET
    uri: https://management.azure.com/subscriptions/00000000-0000-0000-0000-000000000000/resourceGroups/cli_test_cosmosdb_mongodb_role000001/providers/Microsoft.DocumentDB/databaseAccounts/cli000002/mongodbRoleDefinitions/cli000003.my_role_def1?api-version=2022-08-15
  response:
    body:
      string: '{"id":"/subscriptions/00000000-0000-0000-0000-000000000000/resourceGroups/cli_test_cosmosdb_mongodb_role000001/providers/Microsoft.DocumentDB/databaseAccounts/cli000002/mongodbRoleDefinitions/cli000003.my_role_def1","name":"my_role_def1","properties":{"roleName":"my_role_def1","type":1,"databaseName":"cli000003","privileges":[{"resource":{"db":"cli000003","collection":"test"},"actions":["insert","find"]}],"roles":[]},"type":"Microsoft.DocumentDB/databaseAccounts/mongodbRoleDefinitions"}'
    headers:
      cache-control:
      - no-store, no-cache
      content-length:
      - '491'
      content-type:
      - application/json
      date:
      - Sat, 28 Jan 2023 21:04:47 GMT
      pragma:
      - no-cache
      server:
      - Microsoft-HTTPAPI/2.0
      strict-transport-security:
      - max-age=31536000; includeSubDomains
      transfer-encoding:
      - chunked
      vary:
      - Accept-Encoding
      x-content-type-options:
      - nosniff
      x-ms-gatewayversion:
      - version=2.14.0
    status:
      code: 200
      message: Ok
- request:
    body: null
    headers:
      Accept:
      - application/json
      Accept-Encoding:
      - gzip, deflate
      CommandName:
      - cosmosdb mongodb role definition show
      Connection:
      - keep-alive
      ParameterSetName:
      - -g -a -i
      User-Agent:
      - AZURECLI/2.44.1 azsdk-python-mgmt-cosmosdb/8.0.0 Python/3.10.9 (Linux-5.15.0-1031-azure-x86_64-with-glibc2.31)
        VSTS_7b238909-6802-4b65-b90d-184bca47f458_build_220_0
    method: GET
    uri: https://management.azure.com/subscriptions/00000000-0000-0000-0000-000000000000/resourceGroups/cli_test_cosmosdb_mongodb_role000001/providers/Microsoft.DocumentDB/databaseAccounts/cli000002/mongodbRoleDefinitions/cli000003.my_role_def1?api-version=2022-08-15
  response:
    body:
      string: '{"id":"/subscriptions/00000000-0000-0000-0000-000000000000/resourceGroups/cli_test_cosmosdb_mongodb_role000001/providers/Microsoft.DocumentDB/databaseAccounts/cli000002/mongodbRoleDefinitions/cli000003.my_role_def1","name":"my_role_def1","properties":{"roleName":"my_role_def1","type":1,"databaseName":"cli000003","privileges":[{"resource":{"db":"cli000003","collection":"test"},"actions":["insert","find"]}],"roles":[]},"type":"Microsoft.DocumentDB/databaseAccounts/mongodbRoleDefinitions"}'
    headers:
      cache-control:
      - no-store, no-cache
      content-length:
      - '491'
      content-type:
      - application/json
      date:
      - Sat, 28 Jan 2023 21:04:47 GMT
      pragma:
      - no-cache
      server:
      - Microsoft-HTTPAPI/2.0
      strict-transport-security:
      - max-age=31536000; includeSubDomains
      transfer-encoding:
      - chunked
      vary:
      - Accept-Encoding
      x-content-type-options:
      - nosniff
      x-ms-gatewayversion:
      - version=2.14.0
    status:
      code: 200
      message: Ok
- request:
    body: null
    headers:
      Accept:
      - application/json
      Accept-Encoding:
      - gzip, deflate
      CommandName:
      - cosmosdb mongodb role definition update
      Connection:
      - keep-alive
      ParameterSetName:
      - -g -a -b
      User-Agent:
      - AZURECLI/2.44.1 azsdk-python-mgmt-cosmosdb/8.0.0 Python/3.10.9 (Linux-5.15.0-1031-azure-x86_64-with-glibc2.31)
        VSTS_7b238909-6802-4b65-b90d-184bca47f458_build_220_0
    method: GET
    uri: https://management.azure.com/subscriptions/00000000-0000-0000-0000-000000000000/resourceGroups/cli_test_cosmosdb_mongodb_role000001/providers/Microsoft.DocumentDB/databaseAccounts/cli000002/mongodbRoleDefinitions/cli000003.my_role_def1?api-version=2022-08-15
  response:
    body:
      string: '{"id":"/subscriptions/00000000-0000-0000-0000-000000000000/resourceGroups/cli_test_cosmosdb_mongodb_role000001/providers/Microsoft.DocumentDB/databaseAccounts/cli000002/mongodbRoleDefinitions/cli000003.my_role_def1","name":"my_role_def1","properties":{"roleName":"my_role_def1","type":1,"databaseName":"cli000003","privileges":[{"resource":{"db":"cli000003","collection":"test"},"actions":["insert","find"]}],"roles":[]},"type":"Microsoft.DocumentDB/databaseAccounts/mongodbRoleDefinitions"}'
    headers:
      cache-control:
      - no-store, no-cache
      content-length:
      - '491'
      content-type:
      - application/json
      date:
      - Sat, 28 Jan 2023 21:04:48 GMT
      pragma:
      - no-cache
      server:
      - Microsoft-HTTPAPI/2.0
      strict-transport-security:
      - max-age=31536000; includeSubDomains
      transfer-encoding:
      - chunked
      vary:
      - Accept-Encoding
      x-content-type-options:
      - nosniff
      x-ms-gatewayversion:
      - version=2.14.0
    status:
      code: 200
      message: Ok
- request:
    body: '{"properties": {"roleName": "my_role_def1", "type": "CustomRole", "databaseName":
      "cli000003", "privileges": [{"resource": {"db": "cli000003", "collection": "test"},
      "actions": ["find"]}], "roles": []}}'
    headers:
      Accept:
      - application/json
      Accept-Encoding:
      - gzip, deflate
      CommandName:
      - cosmosdb mongodb role definition update
      Connection:
      - keep-alive
      Content-Length:
      - '202'
      Content-Type:
      - application/json
      ParameterSetName:
      - -g -a -b
      User-Agent:
      - AZURECLI/2.44.1 azsdk-python-mgmt-cosmosdb/8.0.0 Python/3.10.9 (Linux-5.15.0-1031-azure-x86_64-with-glibc2.31)
        VSTS_7b238909-6802-4b65-b90d-184bca47f458_build_220_0
    method: PUT
    uri: https://management.azure.com/subscriptions/00000000-0000-0000-0000-000000000000/resourceGroups/cli_test_cosmosdb_mongodb_role000001/providers/Microsoft.DocumentDB/databaseAccounts/cli000002/mongodbRoleDefinitions/cli000003.my_role_def1?api-version=2022-08-15
  response:
    body:
      string: '{"status":"Enqueued"}'
    headers:
      azure-asyncoperation:
      - https://management.azure.com/subscriptions/00000000-0000-0000-0000-000000000000/providers/Microsoft.DocumentDB/locations/westus/operationsStatus/e01b9d63-b422-4c27-92d1-f40c8d963832?api-version=2022-08-15
      cache-control:
      - no-store, no-cache
      content-length:
      - '21'
      content-type:
      - application/json
      date:
      - Sat, 28 Jan 2023 21:04:49 GMT
      location:
      - https://management.azure.com/subscriptions/00000000-0000-0000-0000-000000000000/resourceGroups/cli_test_cosmosdb_mongodb_role000001/providers/Microsoft.DocumentDB/databaseAccounts/cli000002/mongodbRoleDefinitions/cli000003.my_role_def1/operationResults/e01b9d63-b422-4c27-92d1-f40c8d963832?api-version=2022-08-15
      pragma:
      - no-cache
      server:
      - Microsoft-HTTPAPI/2.0
      strict-transport-security:
      - max-age=31536000; includeSubDomains
      x-content-type-options:
      - nosniff
      x-ms-gatewayversion:
      - version=2.14.0
      x-ms-ratelimit-remaining-subscription-writes:
      - '1198'
    status:
      code: 202
      message: Accepted
- request:
    body: null
    headers:
      Accept:
      - '*/*'
      Accept-Encoding:
      - gzip, deflate
      CommandName:
      - cosmosdb mongodb role definition update
      Connection:
      - keep-alive
      ParameterSetName:
      - -g -a -b
      User-Agent:
      - AZURECLI/2.44.1 azsdk-python-mgmt-cosmosdb/8.0.0 Python/3.10.9 (Linux-5.15.0-1031-azure-x86_64-with-glibc2.31)
        VSTS_7b238909-6802-4b65-b90d-184bca47f458_build_220_0
    method: GET
    uri: https://management.azure.com/subscriptions/00000000-0000-0000-0000-000000000000/providers/Microsoft.DocumentDB/locations/westus/operationsStatus/e01b9d63-b422-4c27-92d1-f40c8d963832?api-version=2022-08-15
  response:
    body:
      string: '{"status":"Succeeded"}'
    headers:
      cache-control:
      - no-store, no-cache
      content-length:
      - '22'
      content-type:
      - application/json
      date:
      - Sat, 28 Jan 2023 21:05:18 GMT
      pragma:
      - no-cache
      server:
      - Microsoft-HTTPAPI/2.0
      strict-transport-security:
      - max-age=31536000; includeSubDomains
      transfer-encoding:
      - chunked
      vary:
      - Accept-Encoding
      x-content-type-options:
      - nosniff
      x-ms-gatewayversion:
      - version=2.14.0
    status:
      code: 200
      message: Ok
- request:
    body: null
    headers:
      Accept:
      - '*/*'
      Accept-Encoding:
      - gzip, deflate
      CommandName:
      - cosmosdb mongodb role definition update
      Connection:
      - keep-alive
      ParameterSetName:
      - -g -a -b
      User-Agent:
      - AZURECLI/2.44.1 azsdk-python-mgmt-cosmosdb/8.0.0 Python/3.10.9 (Linux-5.15.0-1031-azure-x86_64-with-glibc2.31)
        VSTS_7b238909-6802-4b65-b90d-184bca47f458_build_220_0
    method: GET
    uri: https://management.azure.com/subscriptions/00000000-0000-0000-0000-000000000000/resourceGroups/cli_test_cosmosdb_mongodb_role000001/providers/Microsoft.DocumentDB/databaseAccounts/cli000002/mongodbRoleDefinitions/cli000003.my_role_def1?api-version=2022-08-15
  response:
    body:
      string: '{"id":"/subscriptions/00000000-0000-0000-0000-000000000000/resourceGroups/cli_test_cosmosdb_mongodb_role000001/providers/Microsoft.DocumentDB/databaseAccounts/cli000002/mongodbRoleDefinitions/cli000003.my_role_def1","name":"my_role_def1","properties":{"roleName":"my_role_def1","type":1,"databaseName":"cli000003","privileges":[{"resource":{"db":"cli000003","collection":"test"},"actions":["find"]}],"roles":[]},"type":"Microsoft.DocumentDB/databaseAccounts/mongodbRoleDefinitions"}'
    headers:
      cache-control:
      - no-store, no-cache
      content-length:
      - '482'
      content-type:
      - application/json
      date:
      - Sat, 28 Jan 2023 21:05:19 GMT
      pragma:
      - no-cache
      server:
      - Microsoft-HTTPAPI/2.0
      strict-transport-security:
      - max-age=31536000; includeSubDomains
      transfer-encoding:
      - chunked
      vary:
      - Accept-Encoding
      x-content-type-options:
      - nosniff
      x-ms-gatewayversion:
      - version=2.14.0
    status:
      code: 200
      message: Ok
- request:
    body: null
    headers:
      Accept:
      - application/json
      Accept-Encoding:
      - gzip, deflate
      CommandName:
      - cosmosdb mongodb role definition delete
      Connection:
      - keep-alive
      Content-Length:
      - '0'
      ParameterSetName:
      - -g -a -i --yes
      User-Agent:
      - AZURECLI/2.44.1 azsdk-python-mgmt-cosmosdb/8.0.0 Python/3.10.9 (Linux-5.15.0-1031-azure-x86_64-with-glibc2.31)
        VSTS_7b238909-6802-4b65-b90d-184bca47f458_build_220_0
    method: DELETE
    uri: https://management.azure.com/subscriptions/00000000-0000-0000-0000-000000000000/resourceGroups/cli_test_cosmosdb_mongodb_role000001/providers/Microsoft.DocumentDB/databaseAccounts/cli000002/mongodbRoleDefinitions/cli000003.my_role_def2?api-version=2022-08-15
  response:
    body:
      string: ''
    headers:
      cache-control:
      - no-store, no-cache
      date:
      - Sat, 28 Jan 2023 21:05:20 GMT
      pragma:
      - no-cache
      server:
      - Microsoft-HTTPAPI/2.0
      strict-transport-security:
      - max-age=31536000; includeSubDomains
      x-content-type-options:
      - nosniff
      x-ms-activity-id:
      - 7905afd0-9f4f-11ed-b1ab-197d59accf93
      x-ms-ratelimit-remaining-subscription-deletes:
      - '14999'
    status:
      code: 204
      message: No Content
- request:
    body: null
    headers:
      Accept:
      - application/json
      Accept-Encoding:
      - gzip, deflate
      CommandName:
      - cosmosdb mongodb role definition list
      Connection:
      - keep-alive
      ParameterSetName:
      - -g -a
      User-Agent:
      - AZURECLI/2.44.1 azsdk-python-mgmt-cosmosdb/8.0.0 Python/3.10.9 (Linux-5.15.0-1031-azure-x86_64-with-glibc2.31)
        VSTS_7b238909-6802-4b65-b90d-184bca47f458_build_220_0
    method: GET
    uri: https://management.azure.com/subscriptions/00000000-0000-0000-0000-000000000000/resourceGroups/cli_test_cosmosdb_mongodb_role000001/providers/Microsoft.DocumentDB/databaseAccounts/cli000002/mongodbRoleDefinitions?api-version=2022-08-15
  response:
    body:
      string: '{"value":[{"id":"/subscriptions/00000000-0000-0000-0000-000000000000/resourceGroups/cli_test_cosmosdb_mongodb_role000001/providers/Microsoft.DocumentDB/databaseAccounts/cli000002/mongodbRoleDefinitions/cli000003.my_role_def1","name":"my_role_def1","properties":{"roleName":"my_role_def1","type":1,"databaseName":"cli000003","privileges":[{"resource":{"db":"cli000003","collection":"test"},"actions":["find"]}],"roles":[]},"type":"Microsoft.DocumentDB/databaseAccounts/mongodbRoleDefinitions"}]}'
    headers:
      cache-control:
      - no-store, no-cache
      content-length:
      - '494'
      content-type:
      - application/json
      date:
      - Sat, 28 Jan 2023 21:05:20 GMT
      pragma:
      - no-cache
      server:
      - Microsoft-HTTPAPI/2.0
      strict-transport-security:
      - max-age=31536000; includeSubDomains
      transfer-encoding:
      - chunked
      vary:
      - Accept-Encoding
      x-content-type-options:
      - nosniff
      x-ms-gatewayversion:
      - version=2.14.0
    status:
      code: 200
      message: Ok
- request:
    body: '{"properties": {"roleName": "my_role_def2", "type": "CustomRole", "databaseName":
      "cli000003", "privileges": [{"resource": {"db": "cli000003", "collection": "test"},
      "actions": ["insert"]}], "roles": [{"db": "cli000003", "role": "my_role_def1"}]}}'
    headers:
      Accept:
      - application/json
      Accept-Encoding:
      - gzip, deflate
      CommandName:
      - cosmosdb mongodb role definition create
      Connection:
      - keep-alive
      Content-Length:
      - '247'
      Content-Type:
      - application/json
      ParameterSetName:
      - -g -a -b
      User-Agent:
      - AZURECLI/2.44.1 azsdk-python-mgmt-cosmosdb/8.0.0 Python/3.10.9 (Linux-5.15.0-1031-azure-x86_64-with-glibc2.31)
        VSTS_7b238909-6802-4b65-b90d-184bca47f458_build_220_0
    method: PUT
    uri: https://management.azure.com/subscriptions/00000000-0000-0000-0000-000000000000/resourceGroups/cli_test_cosmosdb_mongodb_role000001/providers/Microsoft.DocumentDB/databaseAccounts/cli000002/mongodbRoleDefinitions/cli000003.my_role_def2?api-version=2022-08-15
  response:
    body:
      string: '{"status":"Enqueued"}'
    headers:
      azure-asyncoperation:
      - https://management.azure.com/subscriptions/00000000-0000-0000-0000-000000000000/providers/Microsoft.DocumentDB/locations/westus/operationsStatus/2673945e-19bf-4f12-b9c2-247263c2d443?api-version=2022-08-15
      cache-control:
      - no-store, no-cache
      content-length:
      - '21'
      content-type:
      - application/json
      date:
      - Sat, 28 Jan 2023 21:05:22 GMT
      location:
      - https://management.azure.com/subscriptions/00000000-0000-0000-0000-000000000000/resourceGroups/cli_test_cosmosdb_mongodb_role000001/providers/Microsoft.DocumentDB/databaseAccounts/cli000002/mongodbRoleDefinitions/cli000003.my_role_def2/operationResults/2673945e-19bf-4f12-b9c2-247263c2d443?api-version=2022-08-15
      pragma:
      - no-cache
      server:
      - Microsoft-HTTPAPI/2.0
      strict-transport-security:
      - max-age=31536000; includeSubDomains
      x-content-type-options:
      - nosniff
      x-ms-gatewayversion:
      - version=2.14.0
      x-ms-ratelimit-remaining-subscription-writes:
      - '1197'
    status:
      code: 202
      message: Accepted
- request:
    body: null
    headers:
      Accept:
      - '*/*'
      Accept-Encoding:
      - gzip, deflate
      CommandName:
      - cosmosdb mongodb role definition create
      Connection:
      - keep-alive
      ParameterSetName:
      - -g -a -b
      User-Agent:
      - AZURECLI/2.44.1 azsdk-python-mgmt-cosmosdb/8.0.0 Python/3.10.9 (Linux-5.15.0-1031-azure-x86_64-with-glibc2.31)
        VSTS_7b238909-6802-4b65-b90d-184bca47f458_build_220_0
    method: GET
    uri: https://management.azure.com/subscriptions/00000000-0000-0000-0000-000000000000/providers/Microsoft.DocumentDB/locations/westus/operationsStatus/2673945e-19bf-4f12-b9c2-247263c2d443?api-version=2022-08-15
  response:
    body:
      string: '{"status":"Succeeded"}'
    headers:
      cache-control:
      - no-store, no-cache
      content-length:
      - '22'
      content-type:
      - application/json
      date:
      - Sat, 28 Jan 2023 21:05:52 GMT
      pragma:
      - no-cache
      server:
      - Microsoft-HTTPAPI/2.0
      strict-transport-security:
      - max-age=31536000; includeSubDomains
      x-content-type-options:
      - nosniff
      x-ms-gatewayversion:
      - version=2.14.0
    status:
      code: 200
      message: Ok
- request:
    body: null
    headers:
      Accept:
      - '*/*'
      Accept-Encoding:
      - gzip, deflate
      CommandName:
      - cosmosdb mongodb role definition create
      Connection:
      - keep-alive
      ParameterSetName:
      - -g -a -b
      User-Agent:
      - AZURECLI/2.44.1 azsdk-python-mgmt-cosmosdb/8.0.0 Python/3.10.9 (Linux-5.15.0-1031-azure-x86_64-with-glibc2.31)
        VSTS_7b238909-6802-4b65-b90d-184bca47f458_build_220_0
    method: GET
    uri: https://management.azure.com/subscriptions/00000000-0000-0000-0000-000000000000/resourceGroups/cli_test_cosmosdb_mongodb_role000001/providers/Microsoft.DocumentDB/databaseAccounts/cli000002/mongodbRoleDefinitions/cli000003.my_role_def2?api-version=2022-08-15
  response:
    body:
      string: '{"id":"/subscriptions/00000000-0000-0000-0000-000000000000/resourceGroups/cli_test_cosmosdb_mongodb_role000001/providers/Microsoft.DocumentDB/databaseAccounts/cli000002/mongodbRoleDefinitions/cli000003.my_role_def2","name":"my_role_def2","properties":{"roleName":"my_role_def2","type":1,"databaseName":"cli000003","privileges":[{"resource":{"db":"cli000003","collection":"test"},"actions":["insert"]}],"roles":[{"db":"cli000003","role":"my_role_def1"}]},"type":"Microsoft.DocumentDB/databaseAccounts/mongodbRoleDefinitions"}'
    headers:
      cache-control:
      - no-store, no-cache
      content-length:
      - '524'
      content-type:
      - application/json
      date:
      - Sat, 28 Jan 2023 21:05:52 GMT
      pragma:
      - no-cache
      server:
      - Microsoft-HTTPAPI/2.0
      strict-transport-security:
      - max-age=31536000; includeSubDomains
      x-content-type-options:
      - nosniff
      x-ms-gatewayversion:
      - version=2.14.0
    status:
      code: 200
      message: Ok
- request:
    body: null
    headers:
      Accept:
      - application/json
      Accept-Encoding:
      - gzip, deflate
      CommandName:
      - cosmosdb mongodb role definition list
      Connection:
      - keep-alive
      ParameterSetName:
      - -g -a
      User-Agent:
      - AZURECLI/2.44.1 azsdk-python-mgmt-cosmosdb/8.0.0 Python/3.10.9 (Linux-5.15.0-1031-azure-x86_64-with-glibc2.31)
        VSTS_7b238909-6802-4b65-b90d-184bca47f458_build_220_0
    method: GET
    uri: https://management.azure.com/subscriptions/00000000-0000-0000-0000-000000000000/resourceGroups/cli_test_cosmosdb_mongodb_role000001/providers/Microsoft.DocumentDB/databaseAccounts/cli000002/mongodbRoleDefinitions?api-version=2022-08-15
  response:
    body:
      string: '{"value":[{"id":"/subscriptions/00000000-0000-0000-0000-000000000000/resourceGroups/cli_test_cosmosdb_mongodb_role000001/providers/Microsoft.DocumentDB/databaseAccounts/cli000002/mongodbRoleDefinitions/cli000003.my_role_def1","name":"my_role_def1","properties":{"roleName":"my_role_def1","type":1,"databaseName":"cli000003","privileges":[{"resource":{"db":"cli000003","collection":"test"},"actions":["find"]}],"roles":[]},"type":"Microsoft.DocumentDB/databaseAccounts/mongodbRoleDefinitions"},{"id":"/subscriptions/00000000-0000-0000-0000-000000000000/resourceGroups/cli_test_cosmosdb_mongodb_role000001/providers/Microsoft.DocumentDB/databaseAccounts/cli000002/mongodbRoleDefinitions/cli000003.my_role_def2","name":"my_role_def2","properties":{"roleName":"my_role_def2","type":1,"databaseName":"cli000003","privileges":[{"resource":{"db":"cli000003","collection":"test"},"actions":["insert"]}],"roles":[{"db":"cli000003","role":"my_role_def1"}]},"type":"Microsoft.DocumentDB/databaseAccounts/mongodbRoleDefinitions"}]}'
    headers:
      cache-control:
      - no-store, no-cache
      content-length:
      - '1019'
      content-type:
      - application/json
      date:
      - Sat, 28 Jan 2023 21:05:54 GMT
      pragma:
      - no-cache
      server:
      - Microsoft-HTTPAPI/2.0
      strict-transport-security:
      - max-age=31536000; includeSubDomains
      transfer-encoding:
      - chunked
      vary:
      - Accept-Encoding
      x-content-type-options:
      - nosniff
      x-ms-gatewayversion:
      - version=2.14.0
    status:
      code: 200
      message: Ok
- request:
    body: '{"properties": {"userName": "testUser", "password": "MyPass", "databaseName":
      "cli000003", "customData": "MyCustomData", "roles": [{"db": "cli000003", "role":
      "my_role_def1"}], "mechanisms": "SCRAM-SHA-256"}}'
    headers:
      Accept:
      - application/json
      Accept-Encoding:
      - gzip, deflate
      CommandName:
      - cosmosdb mongodb user definition create
      Connection:
      - keep-alive
      Content-Length:
      - '208'
      Content-Type:
      - application/json
      ParameterSetName:
      - -g -a -b
      User-Agent:
      - AZURECLI/2.44.1 azsdk-python-mgmt-cosmosdb/8.0.0 Python/3.10.9 (Linux-5.15.0-1031-azure-x86_64-with-glibc2.31)
        VSTS_7b238909-6802-4b65-b90d-184bca47f458_build_220_0
    method: PUT
    uri: https://management.azure.com/subscriptions/00000000-0000-0000-0000-000000000000/resourceGroups/cli_test_cosmosdb_mongodb_role000001/providers/Microsoft.DocumentDB/databaseAccounts/cli000002/mongodbUserDefinitions/randomuserid?api-version=2022-08-15
  response:
    body:
      string: '{"code":"BadRequest","message":"A Mongo User Definition with given
        ID [randomuserid] id not valid. The Mongo User Definition should follow the
        format dbName.userName for database '''' and userName ''''\r\nActivityId:
        8d4ce258-9f4f-11ed-b1ab-197d59accf93, Microsoft.Azure.Documents.Common/2.14.0"}'
    headers:
      cache-control:
      - no-store, no-cache
      content-length:
      - '292'
      content-type:
      - application/json
      date:
      - Sat, 28 Jan 2023 21:05:54 GMT
      pragma:
      - no-cache
      server:
      - Microsoft-HTTPAPI/2.0
      strict-transport-security:
      - max-age=31536000; includeSubDomains
      x-content-type-options:
      - nosniff
      x-ms-gatewayversion:
      - version=2.14.0
      x-ms-ratelimit-remaining-subscription-writes:
      - '1199'
    status:
      code: 400
      message: BadRequest
- request:
    body: null
    headers:
      Accept:
      - application/json
      Accept-Encoding:
      - gzip, deflate
      CommandName:
      - cosmosdb mongodb user definition delete
      Connection:
      - keep-alive
      Content-Length:
      - '0'
      ParameterSetName:
      - -g -a -i --yes
      User-Agent:
      - AZURECLI/2.44.1 azsdk-python-mgmt-cosmosdb/8.0.0 Python/3.10.9 (Linux-5.15.0-1031-azure-x86_64-with-glibc2.31)
        VSTS_7b238909-6802-4b65-b90d-184bca47f458_build_220_0
    method: DELETE
    uri: https://management.azure.com/subscriptions/00000000-0000-0000-0000-000000000000/resourceGroups/cli_test_cosmosdb_mongodb_role000001/providers/Microsoft.DocumentDB/databaseAccounts/cli000002/mongodbUserDefinitions/cli000003.testUser?api-version=2022-08-15
  response:
    body:
      string: ''
    headers:
      cache-control:
      - no-store, no-cache
      date:
      - Sat, 28 Jan 2023 21:05:55 GMT
      pragma:
      - no-cache
      server:
      - Microsoft-HTTPAPI/2.0
      strict-transport-security:
      - max-age=31536000; includeSubDomains
      x-content-type-options:
      - nosniff
      x-ms-activity-id:
      - 8d4ce25d-9f4f-11ed-b1ab-197d59accf93
      x-ms-ratelimit-remaining-subscription-deletes:
      - '14999'
    status:
      code: 204
      message: No Content
- request:
    body: null
    headers:
      Accept:
      - application/json
      Accept-Encoding:
      - gzip, deflate
      CommandName:
      - cosmosdb mongodb user definition list
      Connection:
      - keep-alive
      ParameterSetName:
      - -g -a
      User-Agent:
      - AZURECLI/2.44.1 azsdk-python-mgmt-cosmosdb/8.0.0 Python/3.10.9 (Linux-5.15.0-1031-azure-x86_64-with-glibc2.31)
        VSTS_7b238909-6802-4b65-b90d-184bca47f458_build_220_0
    method: GET
    uri: https://management.azure.com/subscriptions/00000000-0000-0000-0000-000000000000/resourceGroups/cli_test_cosmosdb_mongodb_role000001/providers/Microsoft.DocumentDB/databaseAccounts/cli000002/mongodbUserDefinitions?api-version=2022-08-15
  response:
    body:
      string: '{"value":[]}'
    headers:
      cache-control:
      - no-store, no-cache
      content-length:
      - '12'
      content-type:
      - application/json
      date:
      - Sat, 28 Jan 2023 21:05:56 GMT
      pragma:
      - no-cache
      server:
      - Microsoft-HTTPAPI/2.0
      strict-transport-security:
      - max-age=31536000; includeSubDomains
      transfer-encoding:
      - chunked
      vary:
      - Accept-Encoding
      x-content-type-options:
      - nosniff
      x-ms-gatewayversion:
      - version=2.14.0
    status:
      code: 200
      message: Ok
- request:
    body: '{"properties": {"userName": "testUser", "password": "MyPass", "databaseName":
      "cli000003", "customData": "MyCustomData", "roles": [{"db": "cli000003", "role":
      "my_role_def1"}], "mechanisms": "SCRAM-SHA-256"}}'
    headers:
      Accept:
      - application/json
      Accept-Encoding:
      - gzip, deflate
      CommandName:
      - cosmosdb mongodb user definition create
      Connection:
      - keep-alive
      Content-Length:
      - '208'
      Content-Type:
      - application/json
      ParameterSetName:
      - -g -a -b
      User-Agent:
      - AZURECLI/2.44.1 azsdk-python-mgmt-cosmosdb/8.0.0 Python/3.10.9 (Linux-5.15.0-1031-azure-x86_64-with-glibc2.31)
        VSTS_7b238909-6802-4b65-b90d-184bca47f458_build_220_0
    method: PUT
    uri: https://management.azure.com/subscriptions/00000000-0000-0000-0000-000000000000/resourceGroups/cli_test_cosmosdb_mongodb_role000001/providers/Microsoft.DocumentDB/databaseAccounts/cli000002/mongodbUserDefinitions/cli000003.testUser?api-version=2022-08-15
  response:
    body:
      string: '{"status":"Enqueued"}'
    headers:
      azure-asyncoperation:
      - https://management.azure.com/subscriptions/00000000-0000-0000-0000-000000000000/providers/Microsoft.DocumentDB/locations/westus/operationsStatus/f87ee744-a369-4e71-91ee-33f69c139d40?api-version=2022-08-15
      cache-control:
      - no-store, no-cache
      content-length:
      - '21'
      content-type:
      - application/json
      date:
      - Sat, 28 Jan 2023 21:05:57 GMT
      location:
      - https://management.azure.com/subscriptions/00000000-0000-0000-0000-000000000000/resourceGroups/cli_test_cosmosdb_mongodb_role000001/providers/Microsoft.DocumentDB/databaseAccounts/cli000002/mongodbUserDefinitions/cli000003.testUser/operationResults/f87ee744-a369-4e71-91ee-33f69c139d40?api-version=2022-08-15
      pragma:
      - no-cache
      server:
      - Microsoft-HTTPAPI/2.0
      strict-transport-security:
      - max-age=31536000; includeSubDomains
      x-content-type-options:
      - nosniff
      x-ms-gatewayversion:
      - version=2.14.0
      x-ms-ratelimit-remaining-subscription-writes:
      - '1199'
    status:
      code: 202
      message: Accepted
- request:
    body: null
    headers:
      Accept:
      - '*/*'
      Accept-Encoding:
      - gzip, deflate
      CommandName:
      - cosmosdb mongodb user definition create
      Connection:
      - keep-alive
      ParameterSetName:
      - -g -a -b
      User-Agent:
      - AZURECLI/2.44.1 azsdk-python-mgmt-cosmosdb/8.0.0 Python/3.10.9 (Linux-5.15.0-1031-azure-x86_64-with-glibc2.31)
        VSTS_7b238909-6802-4b65-b90d-184bca47f458_build_220_0
    method: GET
    uri: https://management.azure.com/subscriptions/00000000-0000-0000-0000-000000000000/providers/Microsoft.DocumentDB/locations/westus/operationsStatus/f87ee744-a369-4e71-91ee-33f69c139d40?api-version=2022-08-15
  response:
    body:
      string: '{"status":"Succeeded"}'
    headers:
      cache-control:
      - no-store, no-cache
      content-length:
      - '22'
      content-type:
      - application/json
      date:
      - Sat, 28 Jan 2023 21:06:28 GMT
      pragma:
      - no-cache
      server:
      - Microsoft-HTTPAPI/2.0
      strict-transport-security:
      - max-age=31536000; includeSubDomains
      transfer-encoding:
      - chunked
      vary:
      - Accept-Encoding
      x-content-type-options:
      - nosniff
      x-ms-gatewayversion:
      - version=2.14.0
    status:
      code: 200
      message: Ok
- request:
    body: null
    headers:
      Accept:
      - '*/*'
      Accept-Encoding:
      - gzip, deflate
      CommandName:
      - cosmosdb mongodb user definition create
      Connection:
      - keep-alive
      ParameterSetName:
      - -g -a -b
      User-Agent:
      - AZURECLI/2.44.1 azsdk-python-mgmt-cosmosdb/8.0.0 Python/3.10.9 (Linux-5.15.0-1031-azure-x86_64-with-glibc2.31)
        VSTS_7b238909-6802-4b65-b90d-184bca47f458_build_220_0
    method: GET
    uri: https://management.azure.com/subscriptions/00000000-0000-0000-0000-000000000000/resourceGroups/cli_test_cosmosdb_mongodb_role000001/providers/Microsoft.DocumentDB/databaseAccounts/cli000002/mongodbUserDefinitions/cli000003.testUser?api-version=2022-08-15
  response:
    body:
      string: '{"id":"/subscriptions/00000000-0000-0000-0000-000000000000/resourceGroups/cli_test_cosmosdb_mongodb_role000001/providers/Microsoft.DocumentDB/databaseAccounts/cli000002/mongodbUserDefinitions/cli000003.testUser","name":"testUser","properties":{"userName":"testUser","password":"","databaseName":"cli000003","customData":"","mechanisms":"SCRAM-SHA-256","roles":[{"db":"cli000003","role":"my_role_def1"}]},"type":"Microsoft.DocumentDB/databaseAccounts/mongodbUserDefinitions"}'
    headers:
      cache-control:
      - no-store, no-cache
      content-length:
      - '474'
      content-type:
      - application/json
      date:
      - Sat, 28 Jan 2023 21:06:28 GMT
      pragma:
      - no-cache
      server:
      - Microsoft-HTTPAPI/2.0
      strict-transport-security:
      - max-age=31536000; includeSubDomains
      transfer-encoding:
      - chunked
      vary:
      - Accept-Encoding
      x-content-type-options:
      - nosniff
      x-ms-gatewayversion:
      - version=2.14.0
    status:
      code: 200
      message: Ok
- request:
    body: null
    headers:
      Accept:
      - application/json
      Accept-Encoding:
      - gzip, deflate
      CommandName:
      - cosmosdb mongodb user definition exists
      Connection:
      - keep-alive
      ParameterSetName:
      - -g -a -i
      User-Agent:
      - AZURECLI/2.44.1 azsdk-python-mgmt-cosmosdb/8.0.0 Python/3.10.9 (Linux-5.15.0-1031-azure-x86_64-with-glibc2.31)
        VSTS_7b238909-6802-4b65-b90d-184bca47f458_build_220_0
    method: GET
    uri: https://management.azure.com/subscriptions/00000000-0000-0000-0000-000000000000/resourceGroups/cli_test_cosmosdb_mongodb_role000001/providers/Microsoft.DocumentDB/databaseAccounts/cli000002/mongodbUserDefinitions/cli000003.testUser?api-version=2022-08-15
  response:
    body:
      string: '{"id":"/subscriptions/00000000-0000-0000-0000-000000000000/resourceGroups/cli_test_cosmosdb_mongodb_role000001/providers/Microsoft.DocumentDB/databaseAccounts/cli000002/mongodbUserDefinitions/cli000003.testUser","name":"testUser","properties":{"userName":"testUser","password":"","databaseName":"cli000003","customData":"","mechanisms":"SCRAM-SHA-256","roles":[{"db":"cli000003","role":"my_role_def1"}]},"type":"Microsoft.DocumentDB/databaseAccounts/mongodbUserDefinitions"}'
    headers:
      cache-control:
      - no-store, no-cache
      content-length:
      - '474'
      content-type:
      - application/json
      date:
      - Sat, 28 Jan 2023 21:06:29 GMT
      pragma:
      - no-cache
      server:
      - Microsoft-HTTPAPI/2.0
      strict-transport-security:
      - max-age=31536000; includeSubDomains
      transfer-encoding:
      - chunked
      vary:
      - Accept-Encoding
      x-content-type-options:
      - nosniff
      x-ms-gatewayversion:
      - version=2.14.0
    status:
      code: 200
      message: Ok
- request:
    body: null
    headers:
      Accept:
      - application/json
      Accept-Encoding:
      - gzip, deflate
      CommandName:
      - cosmosdb mongodb user definition show
      Connection:
      - keep-alive
      ParameterSetName:
      - -g -a -i
      User-Agent:
      - AZURECLI/2.44.1 azsdk-python-mgmt-cosmosdb/8.0.0 Python/3.10.9 (Linux-5.15.0-1031-azure-x86_64-with-glibc2.31)
        VSTS_7b238909-6802-4b65-b90d-184bca47f458_build_220_0
    method: GET
    uri: https://management.azure.com/subscriptions/00000000-0000-0000-0000-000000000000/resourceGroups/cli_test_cosmosdb_mongodb_role000001/providers/Microsoft.DocumentDB/databaseAccounts/cli000002/mongodbUserDefinitions/cli000003.testUser?api-version=2022-08-15
  response:
    body:
      string: '{"id":"/subscriptions/00000000-0000-0000-0000-000000000000/resourceGroups/cli_test_cosmosdb_mongodb_role000001/providers/Microsoft.DocumentDB/databaseAccounts/cli000002/mongodbUserDefinitions/cli000003.testUser","name":"testUser","properties":{"userName":"testUser","password":"","databaseName":"cli000003","customData":"","mechanisms":"SCRAM-SHA-256","roles":[{"db":"cli000003","role":"my_role_def1"}]},"type":"Microsoft.DocumentDB/databaseAccounts/mongodbUserDefinitions"}'
    headers:
      cache-control:
      - no-store, no-cache
      content-length:
      - '474'
      content-type:
      - application/json
      date:
      - Sat, 28 Jan 2023 21:06:30 GMT
      pragma:
      - no-cache
      server:
      - Microsoft-HTTPAPI/2.0
      strict-transport-security:
      - max-age=31536000; includeSubDomains
      transfer-encoding:
      - chunked
      vary:
      - Accept-Encoding
      x-content-type-options:
      - nosniff
      x-ms-gatewayversion:
      - version=2.14.0
    status:
      code: 200
      message: Ok
- request:
    body: null
    headers:
      Accept:
      - application/json
      Accept-Encoding:
      - gzip, deflate
      CommandName:
      - cosmosdb mongodb user definition update
      Connection:
      - keep-alive
      ParameterSetName:
      - -g -a -b
      User-Agent:
      - AZURECLI/2.44.1 azsdk-python-mgmt-cosmosdb/8.0.0 Python/3.10.9 (Linux-5.15.0-1031-azure-x86_64-with-glibc2.31)
        VSTS_7b238909-6802-4b65-b90d-184bca47f458_build_220_0
    method: GET
    uri: https://management.azure.com/subscriptions/00000000-0000-0000-0000-000000000000/resourceGroups/cli_test_cosmosdb_mongodb_role000001/providers/Microsoft.DocumentDB/databaseAccounts/cli000002/mongodbUserDefinitions/cli000003.testUser?api-version=2022-08-15
  response:
    body:
      string: '{"id":"/subscriptions/00000000-0000-0000-0000-000000000000/resourceGroups/cli_test_cosmosdb_mongodb_role000001/providers/Microsoft.DocumentDB/databaseAccounts/cli000002/mongodbUserDefinitions/cli000003.testUser","name":"testUser","properties":{"userName":"testUser","password":"","databaseName":"cli000003","customData":"","mechanisms":"SCRAM-SHA-256","roles":[{"db":"cli000003","role":"my_role_def1"}]},"type":"Microsoft.DocumentDB/databaseAccounts/mongodbUserDefinitions"}'
    headers:
      cache-control:
      - no-store, no-cache
      content-length:
      - '474'
      content-type:
      - application/json
      date:
      - Sat, 28 Jan 2023 21:06:31 GMT
      pragma:
      - no-cache
      server:
      - Microsoft-HTTPAPI/2.0
      strict-transport-security:
      - max-age=31536000; includeSubDomains
      transfer-encoding:
      - chunked
      vary:
      - Accept-Encoding
      x-content-type-options:
      - nosniff
      x-ms-gatewayversion:
      - version=2.14.0
    status:
      code: 200
      message: Ok
- request:
    body: '{"properties": {"userName": "testUser", "password": "MyPass", "databaseName":
      "cli000003", "customData": "MyCustomData", "roles": [{"db": "cli000003", "role":
      "my_role_def2"}], "mechanisms": "SCRAM-SHA-256"}}'
    headers:
      Accept:
      - application/json
      Accept-Encoding:
      - gzip, deflate
      CommandName:
      - cosmosdb mongodb user definition update
      Connection:
      - keep-alive
      Content-Length:
      - '208'
      Content-Type:
      - application/json
      ParameterSetName:
      - -g -a -b
      User-Agent:
      - AZURECLI/2.44.1 azsdk-python-mgmt-cosmosdb/8.0.0 Python/3.10.9 (Linux-5.15.0-1031-azure-x86_64-with-glibc2.31)
        VSTS_7b238909-6802-4b65-b90d-184bca47f458_build_220_0
    method: PUT
    uri: https://management.azure.com/subscriptions/00000000-0000-0000-0000-000000000000/resourceGroups/cli_test_cosmosdb_mongodb_role000001/providers/Microsoft.DocumentDB/databaseAccounts/cli000002/mongodbUserDefinitions/cli000003.testUser?api-version=2022-08-15
  response:
    body:
      string: '{"status":"Enqueued"}'
    headers:
      azure-asyncoperation:
      - https://management.azure.com/subscriptions/00000000-0000-0000-0000-000000000000/providers/Microsoft.DocumentDB/locations/westus/operationsStatus/01243f07-1769-41c7-a63d-a9c57fda3c8d?api-version=2022-08-15
      cache-control:
      - no-store, no-cache
      content-length:
      - '21'
      content-type:
      - application/json
      date:
      - Sat, 28 Jan 2023 21:06:32 GMT
      location:
      - https://management.azure.com/subscriptions/00000000-0000-0000-0000-000000000000/resourceGroups/cli_test_cosmosdb_mongodb_role000001/providers/Microsoft.DocumentDB/databaseAccounts/cli000002/mongodbUserDefinitions/cli000003.testUser/operationResults/01243f07-1769-41c7-a63d-a9c57fda3c8d?api-version=2022-08-15
      pragma:
      - no-cache
      server:
      - Microsoft-HTTPAPI/2.0
      strict-transport-security:
      - max-age=31536000; includeSubDomains
      x-content-type-options:
      - nosniff
      x-ms-gatewayversion:
      - version=2.14.0
      x-ms-ratelimit-remaining-subscription-writes:
      - '1197'
    status:
      code: 202
      message: Accepted
- request:
    body: null
    headers:
      Accept:
      - '*/*'
      Accept-Encoding:
      - gzip, deflate
      CommandName:
      - cosmosdb mongodb user definition update
      Connection:
      - keep-alive
      ParameterSetName:
      - -g -a -b
      User-Agent:
      - AZURECLI/2.44.1 azsdk-python-mgmt-cosmosdb/8.0.0 Python/3.10.9 (Linux-5.15.0-1031-azure-x86_64-with-glibc2.31)
        VSTS_7b238909-6802-4b65-b90d-184bca47f458_build_220_0
    method: GET
    uri: https://management.azure.com/subscriptions/00000000-0000-0000-0000-000000000000/providers/Microsoft.DocumentDB/locations/westus/operationsStatus/01243f07-1769-41c7-a63d-a9c57fda3c8d?api-version=2022-08-15
  response:
    body:
      string: '{"status":"Succeeded"}'
    headers:
      cache-control:
      - no-store, no-cache
      content-length:
      - '22'
      content-type:
      - application/json
      date:
      - Sat, 28 Jan 2023 21:07:02 GMT
      pragma:
      - no-cache
      server:
      - Microsoft-HTTPAPI/2.0
      strict-transport-security:
      - max-age=31536000; includeSubDomains
      transfer-encoding:
      - chunked
      vary:
      - Accept-Encoding
      x-content-type-options:
      - nosniff
      x-ms-gatewayversion:
      - version=2.14.0
    status:
      code: 200
      message: Ok
- request:
    body: null
    headers:
      Accept:
      - '*/*'
      Accept-Encoding:
      - gzip, deflate
      CommandName:
      - cosmosdb mongodb user definition update
      Connection:
      - keep-alive
      ParameterSetName:
      - -g -a -b
      User-Agent:
      - AZURECLI/2.44.1 azsdk-python-mgmt-cosmosdb/8.0.0 Python/3.10.9 (Linux-5.15.0-1031-azure-x86_64-with-glibc2.31)
        VSTS_7b238909-6802-4b65-b90d-184bca47f458_build_220_0
    method: GET
    uri: https://management.azure.com/subscriptions/00000000-0000-0000-0000-000000000000/resourceGroups/cli_test_cosmosdb_mongodb_role000001/providers/Microsoft.DocumentDB/databaseAccounts/cli000002/mongodbUserDefinitions/cli000003.testUser?api-version=2022-08-15
  response:
    body:
      string: '{"id":"/subscriptions/00000000-0000-0000-0000-000000000000/resourceGroups/cli_test_cosmosdb_mongodb_role000001/providers/Microsoft.DocumentDB/databaseAccounts/cli000002/mongodbUserDefinitions/cli000003.testUser","name":"testUser","properties":{"userName":"testUser","password":"","databaseName":"cli000003","customData":"","mechanisms":"SCRAM-SHA-256","roles":[{"db":"cli000003","role":"my_role_def2"}]},"type":"Microsoft.DocumentDB/databaseAccounts/mongodbUserDefinitions"}'
    headers:
      cache-control:
      - no-store, no-cache
      content-length:
      - '474'
      content-type:
      - application/json
      date:
      - Sat, 28 Jan 2023 21:07:02 GMT
      pragma:
      - no-cache
      server:
      - Microsoft-HTTPAPI/2.0
      strict-transport-security:
      - max-age=31536000; includeSubDomains
      transfer-encoding:
      - chunked
      vary:
      - Accept-Encoding
      x-content-type-options:
      - nosniff
      x-ms-gatewayversion:
      - version=2.14.0
    status:
      code: 200
      message: Ok
- request:
    body: null
    headers:
      Accept:
      - application/json
      Accept-Encoding:
      - gzip, deflate
      CommandName:
      - cosmosdb mongodb user definition list
      Connection:
      - keep-alive
      ParameterSetName:
      - -g -a
      User-Agent:
      - AZURECLI/2.44.1 azsdk-python-mgmt-cosmosdb/8.0.0 Python/3.10.9 (Linux-5.15.0-1031-azure-x86_64-with-glibc2.31)
        VSTS_7b238909-6802-4b65-b90d-184bca47f458_build_220_0
    method: GET
    uri: https://management.azure.com/subscriptions/00000000-0000-0000-0000-000000000000/resourceGroups/cli_test_cosmosdb_mongodb_role000001/providers/Microsoft.DocumentDB/databaseAccounts/cli000002/mongodbUserDefinitions?api-version=2022-08-15
  response:
    body:
      string: '{"value":[{"id":"/subscriptions/00000000-0000-0000-0000-000000000000/resourceGroups/cli_test_cosmosdb_mongodb_role000001/providers/Microsoft.DocumentDB/databaseAccounts/cli000002/mongodbUserDefinitions/cli000003.testUser","name":"testUser","properties":{"userName":"testUser","password":"","databaseName":"cli000003","customData":"","mechanisms":"SCRAM-SHA-256","roles":[{"db":"cli000003","role":"my_role_def2"}]},"type":"Microsoft.DocumentDB/databaseAccounts/mongodbUserDefinitions"}]}'
    headers:
      cache-control:
      - no-store, no-cache
      content-length:
      - '486'
      content-type:
      - application/json
      date:
      - Sat, 28 Jan 2023 21:07:03 GMT
      pragma:
      - no-cache
      server:
      - Microsoft-HTTPAPI/2.0
      strict-transport-security:
      - max-age=31536000; includeSubDomains
      x-content-type-options:
      - nosniff
      x-ms-gatewayversion:
      - version=2.14.0
    status:
      code: 200
      message: Ok
- request:
    body: null
    headers:
      Accept:
      - application/json
      Accept-Encoding:
      - gzip, deflate
      CommandName:
      - cosmosdb mongodb user definition delete
      Connection:
      - keep-alive
      Content-Length:
      - '0'
      ParameterSetName:
      - -g -a -i --yes
      User-Agent:
      - AZURECLI/2.44.1 azsdk-python-mgmt-cosmosdb/8.0.0 Python/3.10.9 (Linux-5.15.0-1031-azure-x86_64-with-glibc2.31)
        VSTS_7b238909-6802-4b65-b90d-184bca47f458_build_220_0
    method: DELETE
    uri: https://management.azure.com/subscriptions/00000000-0000-0000-0000-000000000000/resourceGroups/cli_test_cosmosdb_mongodb_role000001/providers/Microsoft.DocumentDB/databaseAccounts/cli000002/mongodbUserDefinitions/cli000003.testUser?api-version=2022-08-15
  response:
    body:
      string: '{"status":"Enqueued"}'
    headers:
      azure-asyncoperation:
      - https://management.azure.com/subscriptions/00000000-0000-0000-0000-000000000000/providers/Microsoft.DocumentDB/locations/westus/operationsStatus/c74e7786-39ed-47c0-916a-56a81bb36776?api-version=2022-08-15
      cache-control:
      - no-store, no-cache
      content-length:
      - '21'
      content-type:
      - application/json
      date:
      - Sat, 28 Jan 2023 21:07:04 GMT
      location:
      - https://management.azure.com/subscriptions/00000000-0000-0000-0000-000000000000/resourceGroups/cli_test_cosmosdb_mongodb_role000001/providers/Microsoft.DocumentDB/databaseAccounts/cli000002/mongodbUserDefinitions/cli000003.testUser/operationResults/c74e7786-39ed-47c0-916a-56a81bb36776?api-version=2022-08-15
      pragma:
      - no-cache
      server:
      - Microsoft-HTTPAPI/2.0
      strict-transport-security:
      - max-age=31536000; includeSubDomains
      x-content-type-options:
      - nosniff
      x-ms-gatewayversion:
      - version=2.14.0
      x-ms-ratelimit-remaining-subscription-deletes:
      - '14998'
    status:
      code: 202
      message: Accepted
- request:
    body: null
    headers:
      Accept:
      - '*/*'
      Accept-Encoding:
      - gzip, deflate
      CommandName:
      - cosmosdb mongodb user definition delete
      Connection:
      - keep-alive
      ParameterSetName:
      - -g -a -i --yes
      User-Agent:
      - AZURECLI/2.44.1 azsdk-python-mgmt-cosmosdb/8.0.0 Python/3.10.9 (Linux-5.15.0-1031-azure-x86_64-with-glibc2.31)
        VSTS_7b238909-6802-4b65-b90d-184bca47f458_build_220_0
    method: GET
    uri: https://management.azure.com/subscriptions/00000000-0000-0000-0000-000000000000/providers/Microsoft.DocumentDB/locations/westus/operationsStatus/c74e7786-39ed-47c0-916a-56a81bb36776?api-version=2022-08-15
  response:
    body:
      string: '{"status":"Succeeded"}'
    headers:
      cache-control:
      - no-store, no-cache
      content-length:
      - '22'
      content-type:
      - application/json
      date:
      - Sat, 28 Jan 2023 21:07:35 GMT
      pragma:
      - no-cache
      server:
      - Microsoft-HTTPAPI/2.0
      strict-transport-security:
      - max-age=31536000; includeSubDomains
      x-content-type-options:
      - nosniff
      x-ms-gatewayversion:
      - version=2.14.0
    status:
      code: 200
      message: Ok
- request:
    body: null
    headers:
      Accept:
      - application/json
      Accept-Encoding:
      - gzip, deflate
      CommandName:
      - cosmosdb mongodb user definition list
      Connection:
      - keep-alive
      ParameterSetName:
      - -g -a
      User-Agent:
      - AZURECLI/2.44.1 azsdk-python-mgmt-cosmosdb/8.0.0 Python/3.10.9 (Linux-5.15.0-1031-azure-x86_64-with-glibc2.31)
        VSTS_7b238909-6802-4b65-b90d-184bca47f458_build_220_0
    method: GET
    uri: https://management.azure.com/subscriptions/00000000-0000-0000-0000-000000000000/resourceGroups/cli_test_cosmosdb_mongodb_role000001/providers/Microsoft.DocumentDB/databaseAccounts/cli000002/mongodbUserDefinitions?api-version=2022-08-15
  response:
    body:
      string: '{"value":[]}'
    headers:
      cache-control:
      - no-store, no-cache
      content-length:
      - '12'
      content-type:
      - application/json
      date:
      - Sat, 28 Jan 2023 21:07:36 GMT
      pragma:
      - no-cache
      server:
      - Microsoft-HTTPAPI/2.0
      strict-transport-security:
      - max-age=31536000; includeSubDomains
      transfer-encoding:
      - chunked
      vary:
      - Accept-Encoding
      x-content-type-options:
      - nosniff
      x-ms-gatewayversion:
      - version=2.14.0
    status:
      code: 200
      message: Ok
- request:
    body: null
    headers:
      Accept:
      - application/json
      Accept-Encoding:
      - gzip, deflate
      CommandName:
      - cosmosdb mongodb role definition delete
      Connection:
      - keep-alive
      Content-Length:
      - '0'
      ParameterSetName:
      - -g -a -i --yes
      User-Agent:
      - AZURECLI/2.44.1 azsdk-python-mgmt-cosmosdb/8.0.0 Python/3.10.9 (Linux-5.15.0-1031-azure-x86_64-with-glibc2.31)
        VSTS_7b238909-6802-4b65-b90d-184bca47f458_build_220_0
    method: DELETE
    uri: https://management.azure.com/subscriptions/00000000-0000-0000-0000-000000000000/resourceGroups/cli_test_cosmosdb_mongodb_role000001/providers/Microsoft.DocumentDB/databaseAccounts/cli000002/mongodbRoleDefinitions/cli000003.my_role_def1?api-version=2022-08-15
  response:
    body:
      string: '{"status":"Enqueued"}'
    headers:
      azure-asyncoperation:
      - https://management.azure.com/subscriptions/00000000-0000-0000-0000-000000000000/providers/Microsoft.DocumentDB/locations/westus/operationsStatus/bc87c797-01c9-4681-95d7-d07e43580640?api-version=2022-08-15
      cache-control:
      - no-store, no-cache
      content-length:
      - '21'
      content-type:
      - application/json
      date:
      - Sat, 28 Jan 2023 21:07:37 GMT
      location:
      - https://management.azure.com/subscriptions/00000000-0000-0000-0000-000000000000/resourceGroups/cli_test_cosmosdb_mongodb_role000001/providers/Microsoft.DocumentDB/databaseAccounts/cli000002/mongodbRoleDefinitions/cli000003.my_role_def1/operationResults/bc87c797-01c9-4681-95d7-d07e43580640?api-version=2022-08-15
      pragma:
      - no-cache
      server:
      - Microsoft-HTTPAPI/2.0
      strict-transport-security:
      - max-age=31536000; includeSubDomains
      x-content-type-options:
      - nosniff
      x-ms-gatewayversion:
      - version=2.14.0
      x-ms-ratelimit-remaining-subscription-deletes:
      - '14999'
    status:
      code: 202
      message: Accepted
- request:
    body: null
    headers:
      Accept:
      - '*/*'
      Accept-Encoding:
      - gzip, deflate
      CommandName:
      - cosmosdb mongodb role definition delete
      Connection:
      - keep-alive
      ParameterSetName:
      - -g -a -i --yes
      User-Agent:
      - AZURECLI/2.44.1 azsdk-python-mgmt-cosmosdb/8.0.0 Python/3.10.9 (Linux-5.15.0-1031-azure-x86_64-with-glibc2.31)
        VSTS_7b238909-6802-4b65-b90d-184bca47f458_build_220_0
    method: GET
    uri: https://management.azure.com/subscriptions/00000000-0000-0000-0000-000000000000/providers/Microsoft.DocumentDB/locations/westus/operationsStatus/bc87c797-01c9-4681-95d7-d07e43580640?api-version=2022-08-15
  response:
    body:
      string: '{"status":"Succeeded"}'
    headers:
      cache-control:
      - no-store, no-cache
      content-length:
      - '22'
      content-type:
      - application/json
      date:
      - Sat, 28 Jan 2023 21:08:07 GMT
      pragma:
      - no-cache
      server:
      - Microsoft-HTTPAPI/2.0
      strict-transport-security:
      - max-age=31536000; includeSubDomains
      transfer-encoding:
      - chunked
      vary:
      - Accept-Encoding
      x-content-type-options:
      - nosniff
      x-ms-gatewayversion:
      - version=2.14.0
    status:
      code: 200
      message: Ok
- request:
    body: null
    headers:
      Accept:
      - application/json
      Accept-Encoding:
      - gzip, deflate
      CommandName:
      - cosmosdb mongodb role definition list
      Connection:
      - keep-alive
      ParameterSetName:
      - -g -a
      User-Agent:
      - AZURECLI/2.44.1 azsdk-python-mgmt-cosmosdb/8.0.0 Python/3.10.9 (Linux-5.15.0-1031-azure-x86_64-with-glibc2.31)
        VSTS_7b238909-6802-4b65-b90d-184bca47f458_build_220_0
    method: GET
    uri: https://management.azure.com/subscriptions/00000000-0000-0000-0000-000000000000/resourceGroups/cli_test_cosmosdb_mongodb_role000001/providers/Microsoft.DocumentDB/databaseAccounts/cli000002/mongodbRoleDefinitions?api-version=2022-08-15
  response:
    body:
      string: '{"value":[{"id":"/subscriptions/00000000-0000-0000-0000-000000000000/resourceGroups/cli_test_cosmosdb_mongodb_role000001/providers/Microsoft.DocumentDB/databaseAccounts/cli000002/mongodbRoleDefinitions/cli000003.my_role_def2","name":"my_role_def2","properties":{"roleName":"my_role_def2","type":1,"databaseName":"cli000003","privileges":[{"resource":{"db":"cli000003","collection":"test"},"actions":["insert"]}],"roles":[]},"type":"Microsoft.DocumentDB/databaseAccounts/mongodbRoleDefinitions"}]}'
    headers:
      cache-control:
      - no-store, no-cache
      content-length:
      - '496'
      content-type:
      - application/json
      date:
      - Sat, 28 Jan 2023 21:08:07 GMT
      pragma:
      - no-cache
      server:
      - Microsoft-HTTPAPI/2.0
      strict-transport-security:
      - max-age=31536000; includeSubDomains
      transfer-encoding:
      - chunked
      vary:
      - Accept-Encoding
      x-content-type-options:
      - nosniff
      x-ms-gatewayversion:
      - version=2.14.0
    status:
      code: 200
      message: Ok
- request:
    body: null
    headers:
      Accept:
      - application/json
      Accept-Encoding:
      - gzip, deflate
      CommandName:
      - cosmosdb mongodb role definition delete
      Connection:
      - keep-alive
      Content-Length:
      - '0'
      ParameterSetName:
      - -g -a -i --yes
      User-Agent:
      - AZURECLI/2.44.1 azsdk-python-mgmt-cosmosdb/8.0.0 Python/3.10.9 (Linux-5.15.0-1031-azure-x86_64-with-glibc2.31)
        VSTS_7b238909-6802-4b65-b90d-184bca47f458_build_220_0
    method: DELETE
    uri: https://management.azure.com/subscriptions/00000000-0000-0000-0000-000000000000/resourceGroups/cli_test_cosmosdb_mongodb_role000001/providers/Microsoft.DocumentDB/databaseAccounts/cli000002/mongodbRoleDefinitions/cli000003.my_role_def2?api-version=2022-08-15
  response:
    body:
      string: '{"status":"Enqueued"}'
    headers:
      azure-asyncoperation:
      - https://management.azure.com/subscriptions/00000000-0000-0000-0000-000000000000/providers/Microsoft.DocumentDB/locations/westus/operationsStatus/bf8dab51-7b46-4c0d-b676-d1a7cf139a7a?api-version=2022-08-15
      cache-control:
      - no-store, no-cache
      content-length:
      - '21'
      content-type:
      - application/json
      date:
      - Sat, 28 Jan 2023 21:08:10 GMT
      location:
      - https://management.azure.com/subscriptions/00000000-0000-0000-0000-000000000000/resourceGroups/cli_test_cosmosdb_mongodb_role000001/providers/Microsoft.DocumentDB/databaseAccounts/cli000002/mongodbRoleDefinitions/cli000003.my_role_def2/operationResults/bf8dab51-7b46-4c0d-b676-d1a7cf139a7a?api-version=2022-08-15
      pragma:
      - no-cache
      server:
      - Microsoft-HTTPAPI/2.0
      strict-transport-security:
      - max-age=31536000; includeSubDomains
      x-content-type-options:
      - nosniff
      x-ms-gatewayversion:
      - version=2.14.0
      x-ms-ratelimit-remaining-subscription-deletes:
      - '14999'
    status:
      code: 202
      message: Accepted
- request:
    body: null
    headers:
      Accept:
      - '*/*'
      Accept-Encoding:
      - gzip, deflate
      CommandName:
      - cosmosdb mongodb role definition delete
      Connection:
      - keep-alive
      ParameterSetName:
      - -g -a -i --yes
      User-Agent:
      - AZURECLI/2.44.1 azsdk-python-mgmt-cosmosdb/8.0.0 Python/3.10.9 (Linux-5.15.0-1031-azure-x86_64-with-glibc2.31)
        VSTS_7b238909-6802-4b65-b90d-184bca47f458_build_220_0
    method: GET
    uri: https://management.azure.com/subscriptions/00000000-0000-0000-0000-000000000000/providers/Microsoft.DocumentDB/locations/westus/operationsStatus/bf8dab51-7b46-4c0d-b676-d1a7cf139a7a?api-version=2022-08-15
  response:
    body:
      string: '{"status":"Succeeded"}'
    headers:
      cache-control:
      - no-store, no-cache
      content-length:
      - '22'
      content-type:
      - application/json
      date:
      - Sat, 28 Jan 2023 21:08:39 GMT
      pragma:
      - no-cache
      server:
      - Microsoft-HTTPAPI/2.0
      strict-transport-security:
      - max-age=31536000; includeSubDomains
      transfer-encoding:
      - chunked
      vary:
      - Accept-Encoding
      x-content-type-options:
      - nosniff
      x-ms-gatewayversion:
      - version=2.14.0
    status:
      code: 200
      message: Ok
- request:
    body: null
    headers:
      Accept:
      - application/json
      Accept-Encoding:
      - gzip, deflate
      CommandName:
      - cosmosdb mongodb role definition list
      Connection:
      - keep-alive
      ParameterSetName:
      - -g -a
      User-Agent:
      - AZURECLI/2.44.1 azsdk-python-mgmt-cosmosdb/8.0.0 Python/3.10.9 (Linux-5.15.0-1031-azure-x86_64-with-glibc2.31)
        VSTS_7b238909-6802-4b65-b90d-184bca47f458_build_220_0
    method: GET
    uri: https://management.azure.com/subscriptions/00000000-0000-0000-0000-000000000000/resourceGroups/cli_test_cosmosdb_mongodb_role000001/providers/Microsoft.DocumentDB/databaseAccounts/cli000002/mongodbRoleDefinitions?api-version=2022-08-15
  response:
    body:
      string: '{"value":[]}'
    headers:
      cache-control:
      - no-store, no-cache
      content-length:
      - '12'
      content-type:
      - application/json
      date:
      - Sat, 28 Jan 2023 21:08:40 GMT
      pragma:
      - no-cache
      server:
      - Microsoft-HTTPAPI/2.0
      strict-transport-security:
      - max-age=31536000; includeSubDomains
      transfer-encoding:
      - chunked
      vary:
      - Accept-Encoding
      x-content-type-options:
      - nosniff
      x-ms-gatewayversion:
      - version=2.14.0
    status:
      code: 200
      message: Ok
version: 1
