interactions:
- request:
    body: null
    headers:
      Accept:
      - application/json
      Accept-Encoding:
      - gzip, deflate
      CommandName:
      - cosmosdb create
      Connection:
      - keep-alive
      ParameterSetName:
      - -n -g
      User-Agent:
      - python/3.7.4 (Windows-10-10.0.18362-SP0) msrest/0.6.9 msrest_azure/0.6.1 azure-mgmt-resource/3.1.0
        Azure-SDK-For-Python AZURECLI/2.0.71
      accept-language:
      - en-US
    method: GET
    uri: https://management.azure.com/subscriptions/00000000-0000-0000-0000-000000000000/resourcegroups/cli_test_cosmosdb_sql_resource_throughput000001?api-version=2019-05-10
  response:
    body:
      string: '{"id":"/subscriptions/00000000-0000-0000-0000-000000000000/resourceGroups/cli_test_cosmosdb_sql_resource_throughput000001","name":"cli_test_cosmosdb_sql_resource_throughput000001","type":"Microsoft.Resources/resourceGroups","location":"westus","tags":{"product":"azurecli","cause":"automation","date":"2019-08-16T21:44:26Z"},"properties":{"provisioningState":"Succeeded"}}'
    headers:
      cache-control:
      - no-cache
      content-length:
      - '428'
      content-type:
      - application/json; charset=utf-8
      date:
      - Fri, 16 Aug 2019 21:44:29 GMT
      expires:
      - '-1'
      pragma:
      - no-cache
      strict-transport-security:
      - max-age=31536000; includeSubDomains
      vary:
      - Accept-Encoding
      x-content-type-options:
      - nosniff
    status:
      code: 200
      message: OK
- request:
    body: '{"location": "westus", "kind": "GlobalDocumentDB", "properties": {"locations":
      [{"locationName": "westus", "failoverPriority": 0, "isZoneRedundant": false}],
      "databaseAccountOfferType": "Standard"}}'
    headers:
      Accept:
      - application/json
      Accept-Encoding:
      - gzip, deflate
      CommandName:
      - cosmosdb create
      Connection:
      - keep-alive
      Content-Length:
      - '198'
      Content-Type:
      - application/json; charset=utf-8
      ParameterSetName:
      - -n -g
      User-Agent:
      - python/3.7.4 (Windows-10-10.0.18362-SP0) msrest/0.6.9 msrest_azure/0.6.1 azure-mgmt-cosmosdb/0.7.0
        Azure-SDK-For-Python AZURECLI/2.0.71
      accept-language:
      - en-US
    method: PUT
    uri: https://management.azure.com/subscriptions/00000000-0000-0000-0000-000000000000/resourceGroups/cli_test_cosmosdb_sql_resource_throughput000001/providers/Microsoft.DocumentDB/databaseAccounts/cli000002?api-version=2015-04-08
  response:
    body:
      string: '{"id":"/subscriptions/00000000-0000-0000-0000-000000000000/resourceGroups/cli_test_cosmosdb_sql_resource_throughput000001/providers/Microsoft.DocumentDB/databaseAccounts/cli000002","name":"cli000002","location":"West
        US","type":"Microsoft.DocumentDB/databaseAccounts","kind":"GlobalDocumentDB","tags":{},"properties":{"provisioningState":"Initializing","ipRangeFilter":"","enableAutomaticFailover":false,"enableMultipleWriteLocations":false,"enablePartitionKeyMonitor":false,"isVirtualNetworkFilterEnabled":false,"virtualNetworkRules":[],"EnabledApiTypes":"Sql","databaseAccountOfferType":"Standard","consistencyPolicy":{"defaultConsistencyLevel":"Session","maxIntervalInSeconds":5,"maxStalenessPrefix":100},"configurationOverrides":{},"writeLocations":[{"id":"cli000002-westus","locationName":"West
        US","provisioningState":"Initializing","failoverPriority":0,"isZoneRedundant":false}],"readLocations":[{"id":"cli000002-westus","locationName":"West
        US","provisioningState":"Initializing","failoverPriority":0,"isZoneRedundant":false}],"locations":[{"id":"cli000002-westus","locationName":"West
        US","provisioningState":"Initializing","failoverPriority":0,"isZoneRedundant":false}],"failoverPolicies":[{"id":"cli000002-westus","locationName":"West
        US","failoverPriority":0}],"cors":[],"capabilities":[]}}'
    headers:
      azure-asyncoperation:
      - https://management.azure.com/subscriptions/00000000-0000-0000-0000-000000000000/providers/Microsoft.DocumentDB/locations/westus/operationsStatus/f4dc822a-f52a-4e9e-ae87-ea65f5ef0c1c?api-version=2015-04-08
      cache-control:
      - no-store, no-cache
      content-length:
      - '1366'
      content-location:
      - https://management.documents.azure.com:450/subscriptions/85a6c256-e687-4281-9cca-84869cf6ef36/resourceGroups/cli_test_cosmosdb_sql_resource_throughpute2f7yotx3jzovkb3fpu5lqreruqbsve3do/providers/Microsoft.DocumentDB/databaseAccounts/cliel6e5rlzb7qx?api-version=2015-04-08
      content-type:
      - application/json
      date:
      - Fri, 16 Aug 2019 21:44:30 GMT
      location:
      - https://management.azure.com/subscriptions/00000000-0000-0000-0000-000000000000/resourceGroups/cli_test_cosmosdb_sql_resource_throughput000001/providers/Microsoft.DocumentDB/databaseAccounts/cli000002/operationResults/f4dc822a-f52a-4e9e-ae87-ea65f5ef0c1c?api-version=2015-04-08
      pragma:
      - no-cache
      server:
      - Microsoft-HTTPAPI/2.0
      strict-transport-security:
      - max-age=31536000; includeSubDomains
      transfer-encoding:
      - chunked
      vary:
      - Accept-Encoding
      x-content-type-options:
      - nosniff
      x-ms-gatewayversion:
      - version=2.5.1
      x-ms-ratelimit-remaining-subscription-writes:
      - '1194'
    status:
      code: 200
      message: Ok
- request:
    body: null
    headers:
      Accept:
      - application/json
      Accept-Encoding:
      - gzip, deflate
      CommandName:
      - cosmosdb create
      Connection:
      - keep-alive
      ParameterSetName:
      - -n -g
      User-Agent:
      - python/3.7.4 (Windows-10-10.0.18362-SP0) msrest/0.6.9 msrest_azure/0.6.1 azure-mgmt-cosmosdb/0.7.0
        Azure-SDK-For-Python AZURECLI/2.0.71
    method: GET
    uri: https://management.azure.com/subscriptions/00000000-0000-0000-0000-000000000000/providers/Microsoft.DocumentDB/locations/westus/operationsStatus/f4dc822a-f52a-4e9e-ae87-ea65f5ef0c1c?api-version=2015-04-08
  response:
    body:
      string: '{"status":"Dequeued","error":{}}'
    headers:
      cache-control:
      - no-store, no-cache
      content-length:
      - '32'
      content-location:
      - https://management.documents.azure.com:450/subscriptions/85a6c256-e687-4281-9cca-84869cf6ef36/providers/Microsoft.DocumentDB/locations/westus/operationsStatus/f4dc822a-f52a-4e9e-ae87-ea65f5ef0c1c?api-version=2015-04-08
      content-type:
      - application/json
      date:
      - Fri, 16 Aug 2019 21:45:01 GMT
      pragma:
      - no-cache
      server:
      - Microsoft-HTTPAPI/2.0
      strict-transport-security:
      - max-age=31536000; includeSubDomains
      transfer-encoding:
      - chunked
      vary:
      - Accept-Encoding
      x-content-type-options:
      - nosniff
      x-ms-gatewayversion:
      - version=2.5.1
    status:
      code: 200
      message: Ok
- request:
    body: null
    headers:
      Accept:
      - application/json
      Accept-Encoding:
      - gzip, deflate
      CommandName:
      - cosmosdb create
      Connection:
      - keep-alive
      ParameterSetName:
      - -n -g
      User-Agent:
      - python/3.7.4 (Windows-10-10.0.18362-SP0) msrest/0.6.9 msrest_azure/0.6.1 azure-mgmt-cosmosdb/0.7.0
        Azure-SDK-For-Python AZURECLI/2.0.71
    method: GET
    uri: https://management.azure.com/subscriptions/00000000-0000-0000-0000-000000000000/providers/Microsoft.DocumentDB/locations/westus/operationsStatus/f4dc822a-f52a-4e9e-ae87-ea65f5ef0c1c?api-version=2015-04-08
  response:
    body:
      string: '{"status":"Dequeued","error":{}}'
    headers:
      cache-control:
      - no-store, no-cache
      content-length:
      - '32'
      content-location:
      - https://management.documents.azure.com:450/subscriptions/85a6c256-e687-4281-9cca-84869cf6ef36/providers/Microsoft.DocumentDB/locations/westus/operationsStatus/f4dc822a-f52a-4e9e-ae87-ea65f5ef0c1c?api-version=2015-04-08
      content-type:
      - application/json
      date:
      - Fri, 16 Aug 2019 21:45:31 GMT
      pragma:
      - no-cache
      server:
      - Microsoft-HTTPAPI/2.0
      strict-transport-security:
      - max-age=31536000; includeSubDomains
      transfer-encoding:
      - chunked
      vary:
      - Accept-Encoding
      x-content-type-options:
      - nosniff
      x-ms-gatewayversion:
      - version=2.5.1
    status:
      code: 200
      message: Ok
- request:
    body: null
    headers:
      Accept:
      - application/json
      Accept-Encoding:
      - gzip, deflate
      CommandName:
      - cosmosdb create
      Connection:
      - keep-alive
      ParameterSetName:
      - -n -g
      User-Agent:
      - python/3.7.4 (Windows-10-10.0.18362-SP0) msrest/0.6.9 msrest_azure/0.6.1 azure-mgmt-cosmosdb/0.7.0
        Azure-SDK-For-Python AZURECLI/2.0.71
    method: GET
    uri: https://management.azure.com/subscriptions/00000000-0000-0000-0000-000000000000/providers/Microsoft.DocumentDB/locations/westus/operationsStatus/f4dc822a-f52a-4e9e-ae87-ea65f5ef0c1c?api-version=2015-04-08
  response:
    body:
      string: '{"status":"Dequeued","error":{}}'
    headers:
      cache-control:
      - no-store, no-cache
      content-length:
      - '32'
      content-location:
      - https://management.documents.azure.com:450/subscriptions/85a6c256-e687-4281-9cca-84869cf6ef36/providers/Microsoft.DocumentDB/locations/westus/operationsStatus/f4dc822a-f52a-4e9e-ae87-ea65f5ef0c1c?api-version=2015-04-08
      content-type:
      - application/json
      date:
      - Fri, 16 Aug 2019 21:46:02 GMT
      pragma:
      - no-cache
      server:
      - Microsoft-HTTPAPI/2.0
      strict-transport-security:
      - max-age=31536000; includeSubDomains
      transfer-encoding:
      - chunked
      vary:
      - Accept-Encoding
      x-content-type-options:
      - nosniff
      x-ms-gatewayversion:
      - version=2.5.1
    status:
      code: 200
      message: Ok
- request:
    body: null
    headers:
      Accept:
      - application/json
      Accept-Encoding:
      - gzip, deflate
      CommandName:
      - cosmosdb create
      Connection:
      - keep-alive
      ParameterSetName:
      - -n -g
      User-Agent:
      - python/3.7.4 (Windows-10-10.0.18362-SP0) msrest/0.6.9 msrest_azure/0.6.1 azure-mgmt-cosmosdb/0.7.0
        Azure-SDK-For-Python AZURECLI/2.0.71
    method: GET
    uri: https://management.azure.com/subscriptions/00000000-0000-0000-0000-000000000000/providers/Microsoft.DocumentDB/locations/westus/operationsStatus/f4dc822a-f52a-4e9e-ae87-ea65f5ef0c1c?api-version=2015-04-08
  response:
    body:
      string: '{"status":"Dequeued","error":{}}'
    headers:
      cache-control:
      - no-store, no-cache
      content-length:
      - '32'
      content-location:
      - https://management.documents.azure.com:450/subscriptions/85a6c256-e687-4281-9cca-84869cf6ef36/providers/Microsoft.DocumentDB/locations/westus/operationsStatus/f4dc822a-f52a-4e9e-ae87-ea65f5ef0c1c?api-version=2015-04-08
      content-type:
      - application/json
      date:
      - Fri, 16 Aug 2019 21:46:33 GMT
      pragma:
      - no-cache
      server:
      - Microsoft-HTTPAPI/2.0
      strict-transport-security:
      - max-age=31536000; includeSubDomains
      transfer-encoding:
      - chunked
      vary:
      - Accept-Encoding
      x-content-type-options:
      - nosniff
      x-ms-gatewayversion:
      - version=2.5.1
    status:
      code: 200
      message: Ok
- request:
    body: null
    headers:
      Accept:
      - application/json
      Accept-Encoding:
      - gzip, deflate
      CommandName:
      - cosmosdb create
      Connection:
      - keep-alive
      ParameterSetName:
      - -n -g
      User-Agent:
      - python/3.7.4 (Windows-10-10.0.18362-SP0) msrest/0.6.9 msrest_azure/0.6.1 azure-mgmt-cosmosdb/0.7.0
        Azure-SDK-For-Python AZURECLI/2.0.71
    method: GET
    uri: https://management.azure.com/subscriptions/00000000-0000-0000-0000-000000000000/providers/Microsoft.DocumentDB/locations/westus/operationsStatus/f4dc822a-f52a-4e9e-ae87-ea65f5ef0c1c?api-version=2015-04-08
  response:
    body:
      string: '{"status":"Dequeued","error":{}}'
    headers:
      cache-control:
      - no-store, no-cache
      content-length:
      - '32'
      content-location:
      - https://management.documents.azure.com:450/subscriptions/85a6c256-e687-4281-9cca-84869cf6ef36/providers/Microsoft.DocumentDB/locations/westus/operationsStatus/f4dc822a-f52a-4e9e-ae87-ea65f5ef0c1c?api-version=2015-04-08
      content-type:
      - application/json
      date:
      - Fri, 16 Aug 2019 21:47:04 GMT
      pragma:
      - no-cache
      server:
      - Microsoft-HTTPAPI/2.0
      strict-transport-security:
      - max-age=31536000; includeSubDomains
      transfer-encoding:
      - chunked
      vary:
      - Accept-Encoding
      x-content-type-options:
      - nosniff
      x-ms-gatewayversion:
      - version=2.5.1
    status:
      code: 200
      message: Ok
- request:
    body: null
    headers:
      Accept:
      - application/json
      Accept-Encoding:
      - gzip, deflate
      CommandName:
      - cosmosdb create
      Connection:
      - keep-alive
      ParameterSetName:
      - -n -g
      User-Agent:
      - python/3.7.4 (Windows-10-10.0.18362-SP0) msrest/0.6.9 msrest_azure/0.6.1 azure-mgmt-cosmosdb/0.7.0
        Azure-SDK-For-Python AZURECLI/2.0.71
    method: GET
    uri: https://management.azure.com/subscriptions/00000000-0000-0000-0000-000000000000/providers/Microsoft.DocumentDB/locations/westus/operationsStatus/f4dc822a-f52a-4e9e-ae87-ea65f5ef0c1c?api-version=2015-04-08
  response:
    body:
      string: '{"status":"Dequeued","error":{}}'
    headers:
      cache-control:
      - no-store, no-cache
      content-length:
      - '32'
      content-location:
      - https://management.documents.azure.com:450/subscriptions/85a6c256-e687-4281-9cca-84869cf6ef36/providers/Microsoft.DocumentDB/locations/westus/operationsStatus/f4dc822a-f52a-4e9e-ae87-ea65f5ef0c1c?api-version=2015-04-08
      content-type:
      - application/json
      date:
      - Fri, 16 Aug 2019 21:47:35 GMT
      pragma:
      - no-cache
      server:
      - Microsoft-HTTPAPI/2.0
      strict-transport-security:
      - max-age=31536000; includeSubDomains
      transfer-encoding:
      - chunked
      vary:
      - Accept-Encoding
      x-content-type-options:
      - nosniff
      x-ms-gatewayversion:
      - version=2.5.1
    status:
      code: 200
      message: Ok
- request:
    body: null
    headers:
      Accept:
      - application/json
      Accept-Encoding:
      - gzip, deflate
      CommandName:
      - cosmosdb create
      Connection:
      - keep-alive
      ParameterSetName:
      - -n -g
      User-Agent:
      - python/3.7.4 (Windows-10-10.0.18362-SP0) msrest/0.6.9 msrest_azure/0.6.1 azure-mgmt-cosmosdb/0.7.0
        Azure-SDK-For-Python AZURECLI/2.0.71
    method: GET
    uri: https://management.azure.com/subscriptions/00000000-0000-0000-0000-000000000000/providers/Microsoft.DocumentDB/locations/westus/operationsStatus/f4dc822a-f52a-4e9e-ae87-ea65f5ef0c1c?api-version=2015-04-08
  response:
    body:
      string: '{"status":"Dequeued","error":{}}'
    headers:
      cache-control:
      - no-store, no-cache
      content-length:
      - '32'
      content-location:
      - https://management.documents.azure.com:450/subscriptions/85a6c256-e687-4281-9cca-84869cf6ef36/providers/Microsoft.DocumentDB/locations/westus/operationsStatus/f4dc822a-f52a-4e9e-ae87-ea65f5ef0c1c?api-version=2015-04-08
      content-type:
      - application/json
      date:
      - Fri, 16 Aug 2019 21:48:06 GMT
      pragma:
      - no-cache
      server:
      - Microsoft-HTTPAPI/2.0
      strict-transport-security:
      - max-age=31536000; includeSubDomains
      transfer-encoding:
      - chunked
      vary:
      - Accept-Encoding
      x-content-type-options:
      - nosniff
      x-ms-gatewayversion:
      - version=2.5.1
    status:
      code: 200
      message: Ok
- request:
    body: null
    headers:
      Accept:
      - application/json
      Accept-Encoding:
      - gzip, deflate
      CommandName:
      - cosmosdb create
      Connection:
      - keep-alive
      ParameterSetName:
      - -n -g
      User-Agent:
      - python/3.7.4 (Windows-10-10.0.18362-SP0) msrest/0.6.9 msrest_azure/0.6.1 azure-mgmt-cosmosdb/0.7.0
        Azure-SDK-For-Python AZURECLI/2.0.71
    method: GET
    uri: https://management.azure.com/subscriptions/00000000-0000-0000-0000-000000000000/providers/Microsoft.DocumentDB/locations/westus/operationsStatus/f4dc822a-f52a-4e9e-ae87-ea65f5ef0c1c?api-version=2015-04-08
  response:
    body:
      string: '{"status":"Dequeued","error":{}}'
    headers:
      cache-control:
      - no-store, no-cache
      content-length:
      - '32'
      content-location:
      - https://management.documents.azure.com:450/subscriptions/85a6c256-e687-4281-9cca-84869cf6ef36/providers/Microsoft.DocumentDB/locations/westus/operationsStatus/f4dc822a-f52a-4e9e-ae87-ea65f5ef0c1c?api-version=2015-04-08
      content-type:
      - application/json
      date:
      - Fri, 16 Aug 2019 21:48:36 GMT
      pragma:
      - no-cache
      server:
      - Microsoft-HTTPAPI/2.0
      strict-transport-security:
      - max-age=31536000; includeSubDomains
      transfer-encoding:
      - chunked
      vary:
      - Accept-Encoding
      x-content-type-options:
      - nosniff
      x-ms-gatewayversion:
      - version=2.5.1
    status:
      code: 200
      message: Ok
- request:
    body: null
    headers:
      Accept:
      - application/json
      Accept-Encoding:
      - gzip, deflate
      CommandName:
      - cosmosdb create
      Connection:
      - keep-alive
      ParameterSetName:
      - -n -g
      User-Agent:
      - python/3.7.4 (Windows-10-10.0.18362-SP0) msrest/0.6.9 msrest_azure/0.6.1 azure-mgmt-cosmosdb/0.7.0
        Azure-SDK-For-Python AZURECLI/2.0.71
    method: GET
    uri: https://management.azure.com/subscriptions/00000000-0000-0000-0000-000000000000/providers/Microsoft.DocumentDB/locations/westus/operationsStatus/f4dc822a-f52a-4e9e-ae87-ea65f5ef0c1c?api-version=2015-04-08
  response:
    body:
      string: '{"status":"Dequeued","error":{}}'
    headers:
      cache-control:
      - no-store, no-cache
      content-length:
      - '32'
      content-location:
      - https://management.documents.azure.com:450/subscriptions/85a6c256-e687-4281-9cca-84869cf6ef36/providers/Microsoft.DocumentDB/locations/westus/operationsStatus/f4dc822a-f52a-4e9e-ae87-ea65f5ef0c1c?api-version=2015-04-08
      content-type:
      - application/json
      date:
      - Fri, 16 Aug 2019 21:49:06 GMT
      pragma:
      - no-cache
      server:
      - Microsoft-HTTPAPI/2.0
      strict-transport-security:
      - max-age=31536000; includeSubDomains
      transfer-encoding:
      - chunked
      vary:
      - Accept-Encoding
      x-content-type-options:
      - nosniff
      x-ms-gatewayversion:
      - version=2.5.1
    status:
      code: 200
      message: Ok
- request:
    body: null
    headers:
      Accept:
      - application/json
      Accept-Encoding:
      - gzip, deflate
      CommandName:
      - cosmosdb create
      Connection:
      - keep-alive
      ParameterSetName:
      - -n -g
      User-Agent:
      - python/3.7.4 (Windows-10-10.0.18362-SP0) msrest/0.6.9 msrest_azure/0.6.1 azure-mgmt-cosmosdb/0.7.0
        Azure-SDK-For-Python AZURECLI/2.0.71
    method: GET
    uri: https://management.azure.com/subscriptions/00000000-0000-0000-0000-000000000000/providers/Microsoft.DocumentDB/locations/westus/operationsStatus/f4dc822a-f52a-4e9e-ae87-ea65f5ef0c1c?api-version=2015-04-08
  response:
    body:
      string: '{"status":"Dequeued","error":{}}'
    headers:
      cache-control:
      - no-store, no-cache
      content-length:
      - '32'
      content-location:
      - https://management.documents.azure.com:450/subscriptions/85a6c256-e687-4281-9cca-84869cf6ef36/providers/Microsoft.DocumentDB/locations/westus/operationsStatus/f4dc822a-f52a-4e9e-ae87-ea65f5ef0c1c?api-version=2015-04-08
      content-type:
      - application/json
      date:
      - Fri, 16 Aug 2019 21:49:37 GMT
      pragma:
      - no-cache
      server:
      - Microsoft-HTTPAPI/2.0
      strict-transport-security:
      - max-age=31536000; includeSubDomains
      transfer-encoding:
      - chunked
      vary:
      - Accept-Encoding
      x-content-type-options:
      - nosniff
      x-ms-gatewayversion:
      - version=2.5.1
    status:
      code: 200
      message: Ok
- request:
    body: null
    headers:
      Accept:
      - application/json
      Accept-Encoding:
      - gzip, deflate
      CommandName:
      - cosmosdb create
      Connection:
      - keep-alive
      ParameterSetName:
      - -n -g
      User-Agent:
      - python/3.7.4 (Windows-10-10.0.18362-SP0) msrest/0.6.9 msrest_azure/0.6.1 azure-mgmt-cosmosdb/0.7.0
        Azure-SDK-For-Python AZURECLI/2.0.71
    method: GET
    uri: https://management.azure.com/subscriptions/00000000-0000-0000-0000-000000000000/providers/Microsoft.DocumentDB/locations/westus/operationsStatus/f4dc822a-f52a-4e9e-ae87-ea65f5ef0c1c?api-version=2015-04-08
  response:
    body:
      string: '{"status":"Dequeued","error":{}}'
    headers:
      cache-control:
      - no-store, no-cache
      content-length:
      - '32'
      content-location:
      - https://management.documents.azure.com:450/subscriptions/85a6c256-e687-4281-9cca-84869cf6ef36/providers/Microsoft.DocumentDB/locations/westus/operationsStatus/f4dc822a-f52a-4e9e-ae87-ea65f5ef0c1c?api-version=2015-04-08
      content-type:
      - application/json
      date:
      - Fri, 16 Aug 2019 21:50:07 GMT
      pragma:
      - no-cache
      server:
      - Microsoft-HTTPAPI/2.0
      strict-transport-security:
      - max-age=31536000; includeSubDomains
      transfer-encoding:
      - chunked
      vary:
      - Accept-Encoding
      x-content-type-options:
      - nosniff
      x-ms-gatewayversion:
      - version=2.5.1
    status:
      code: 200
      message: Ok
- request:
    body: null
    headers:
      Accept:
      - application/json
      Accept-Encoding:
      - gzip, deflate
      CommandName:
      - cosmosdb create
      Connection:
      - keep-alive
      ParameterSetName:
      - -n -g
      User-Agent:
      - python/3.7.4 (Windows-10-10.0.18362-SP0) msrest/0.6.9 msrest_azure/0.6.1 azure-mgmt-cosmosdb/0.7.0
        Azure-SDK-For-Python AZURECLI/2.0.71
    method: GET
    uri: https://management.azure.com/subscriptions/00000000-0000-0000-0000-000000000000/providers/Microsoft.DocumentDB/locations/westus/operationsStatus/f4dc822a-f52a-4e9e-ae87-ea65f5ef0c1c?api-version=2015-04-08
  response:
    body:
      string: '{"status":"Dequeued","error":{}}'
    headers:
      cache-control:
      - no-store, no-cache
      content-length:
      - '32'
      content-location:
      - https://management.documents.azure.com:450/subscriptions/85a6c256-e687-4281-9cca-84869cf6ef36/providers/Microsoft.DocumentDB/locations/westus/operationsStatus/f4dc822a-f52a-4e9e-ae87-ea65f5ef0c1c?api-version=2015-04-08
      content-type:
      - application/json
      date:
      - Fri, 16 Aug 2019 21:50:37 GMT
      pragma:
      - no-cache
      server:
      - Microsoft-HTTPAPI/2.0
      strict-transport-security:
      - max-age=31536000; includeSubDomains
      transfer-encoding:
      - chunked
      vary:
      - Accept-Encoding
      x-content-type-options:
      - nosniff
      x-ms-gatewayversion:
      - version=2.5.1
    status:
      code: 200
      message: Ok
- request:
    body: null
    headers:
      Accept:
      - application/json
      Accept-Encoding:
      - gzip, deflate
      CommandName:
      - cosmosdb create
      Connection:
      - keep-alive
      ParameterSetName:
      - -n -g
      User-Agent:
      - python/3.7.4 (Windows-10-10.0.18362-SP0) msrest/0.6.9 msrest_azure/0.6.1 azure-mgmt-cosmosdb/0.7.0
        Azure-SDK-For-Python AZURECLI/2.0.71
    method: GET
    uri: https://management.azure.com/subscriptions/00000000-0000-0000-0000-000000000000/providers/Microsoft.DocumentDB/locations/westus/operationsStatus/f4dc822a-f52a-4e9e-ae87-ea65f5ef0c1c?api-version=2015-04-08
  response:
    body:
      string: '{"status":"Dequeued","error":{}}'
    headers:
      cache-control:
      - no-store, no-cache
      content-length:
      - '32'
      content-location:
      - https://management.documents.azure.com:450/subscriptions/85a6c256-e687-4281-9cca-84869cf6ef36/providers/Microsoft.DocumentDB/locations/westus/operationsStatus/f4dc822a-f52a-4e9e-ae87-ea65f5ef0c1c?api-version=2015-04-08
      content-type:
      - application/json
      date:
      - Fri, 16 Aug 2019 21:51:10 GMT
      pragma:
      - no-cache
      server:
      - Microsoft-HTTPAPI/2.0
      strict-transport-security:
      - max-age=31536000; includeSubDomains
      transfer-encoding:
      - chunked
      vary:
      - Accept-Encoding
      x-content-type-options:
      - nosniff
      x-ms-gatewayversion:
      - version=2.5.1
    status:
      code: 200
      message: Ok
- request:
    body: null
    headers:
      Accept:
      - application/json
      Accept-Encoding:
      - gzip, deflate
      CommandName:
      - cosmosdb create
      Connection:
      - keep-alive
      ParameterSetName:
      - -n -g
      User-Agent:
      - python/3.7.4 (Windows-10-10.0.18362-SP0) msrest/0.6.9 msrest_azure/0.6.1 azure-mgmt-cosmosdb/0.7.0
        Azure-SDK-For-Python AZURECLI/2.0.71
    method: GET
    uri: https://management.azure.com/subscriptions/00000000-0000-0000-0000-000000000000/providers/Microsoft.DocumentDB/locations/westus/operationsStatus/f4dc822a-f52a-4e9e-ae87-ea65f5ef0c1c?api-version=2015-04-08
  response:
    body:
      string: '{"status":"Dequeued","error":{}}'
    headers:
      cache-control:
      - no-store, no-cache
      content-length:
      - '32'
      content-location:
      - https://management.documents.azure.com:450/subscriptions/85a6c256-e687-4281-9cca-84869cf6ef36/providers/Microsoft.DocumentDB/locations/westus/operationsStatus/f4dc822a-f52a-4e9e-ae87-ea65f5ef0c1c?api-version=2015-04-08
      content-type:
      - application/json
      date:
      - Fri, 16 Aug 2019 21:51:40 GMT
      pragma:
      - no-cache
      server:
      - Microsoft-HTTPAPI/2.0
      strict-transport-security:
      - max-age=31536000; includeSubDomains
      transfer-encoding:
      - chunked
      vary:
      - Accept-Encoding
      x-content-type-options:
      - nosniff
      x-ms-gatewayversion:
      - version=2.5.1
    status:
      code: 200
      message: Ok
- request:
    body: null
    headers:
      Accept:
      - application/json
      Accept-Encoding:
      - gzip, deflate
      CommandName:
      - cosmosdb create
      Connection:
      - keep-alive
      ParameterSetName:
      - -n -g
      User-Agent:
      - python/3.7.4 (Windows-10-10.0.18362-SP0) msrest/0.6.9 msrest_azure/0.6.1 azure-mgmt-cosmosdb/0.7.0
        Azure-SDK-For-Python AZURECLI/2.0.71
    method: GET
    uri: https://management.azure.com/subscriptions/00000000-0000-0000-0000-000000000000/providers/Microsoft.DocumentDB/locations/westus/operationsStatus/f4dc822a-f52a-4e9e-ae87-ea65f5ef0c1c?api-version=2015-04-08
  response:
    body:
      string: '{"status":"Dequeued","error":{}}'
    headers:
      cache-control:
      - no-store, no-cache
      content-length:
      - '32'
      content-location:
      - https://management.documents.azure.com:450/subscriptions/85a6c256-e687-4281-9cca-84869cf6ef36/providers/Microsoft.DocumentDB/locations/westus/operationsStatus/f4dc822a-f52a-4e9e-ae87-ea65f5ef0c1c?api-version=2015-04-08
      content-type:
      - application/json
      date:
      - Fri, 16 Aug 2019 21:52:11 GMT
      pragma:
      - no-cache
      server:
      - Microsoft-HTTPAPI/2.0
      strict-transport-security:
      - max-age=31536000; includeSubDomains
      transfer-encoding:
      - chunked
      vary:
      - Accept-Encoding
      x-content-type-options:
      - nosniff
      x-ms-gatewayversion:
      - version=2.5.1
    status:
      code: 200
      message: Ok
- request:
    body: null
    headers:
      Accept:
      - application/json
      Accept-Encoding:
      - gzip, deflate
      CommandName:
      - cosmosdb create
      Connection:
      - keep-alive
      ParameterSetName:
      - -n -g
      User-Agent:
      - python/3.7.4 (Windows-10-10.0.18362-SP0) msrest/0.6.9 msrest_azure/0.6.1 azure-mgmt-cosmosdb/0.7.0
        Azure-SDK-For-Python AZURECLI/2.0.71
    method: GET
    uri: https://management.azure.com/subscriptions/00000000-0000-0000-0000-000000000000/providers/Microsoft.DocumentDB/locations/westus/operationsStatus/f4dc822a-f52a-4e9e-ae87-ea65f5ef0c1c?api-version=2015-04-08
  response:
    body:
      string: '{"status":"Succeeded","error":{}}'
    headers:
      cache-control:
      - no-store, no-cache
      content-length:
      - '33'
      content-location:
      - https://management.documents.azure.com:450/subscriptions/85a6c256-e687-4281-9cca-84869cf6ef36/providers/Microsoft.DocumentDB/locations/westus/operationsStatus/f4dc822a-f52a-4e9e-ae87-ea65f5ef0c1c?api-version=2015-04-08
      content-type:
      - application/json
      date:
      - Fri, 16 Aug 2019 21:52:42 GMT
      pragma:
      - no-cache
      server:
      - Microsoft-HTTPAPI/2.0
      strict-transport-security:
      - max-age=31536000; includeSubDomains
      transfer-encoding:
      - chunked
      vary:
      - Accept-Encoding
      x-content-type-options:
      - nosniff
      x-ms-gatewayversion:
      - version=2.5.1
    status:
      code: 200
      message: Ok
- request:
    body: null
    headers:
      Accept:
      - application/json
      Accept-Encoding:
      - gzip, deflate
      CommandName:
      - cosmosdb create
      Connection:
      - keep-alive
      ParameterSetName:
      - -n -g
      User-Agent:
      - python/3.7.4 (Windows-10-10.0.18362-SP0) msrest/0.6.9 msrest_azure/0.6.1 azure-mgmt-cosmosdb/0.7.0
        Azure-SDK-For-Python AZURECLI/2.0.71
    method: GET
    uri: https://management.azure.com/subscriptions/00000000-0000-0000-0000-000000000000/resourceGroups/cli_test_cosmosdb_sql_resource_throughput000001/providers/Microsoft.DocumentDB/databaseAccounts/cli000002?api-version=2015-04-08
  response:
    body:
      string: '{"id":"/subscriptions/00000000-0000-0000-0000-000000000000/resourceGroups/cli_test_cosmosdb_sql_resource_throughput000001/providers/Microsoft.DocumentDB/databaseAccounts/cli000002","name":"cli000002","location":"West
        US","type":"Microsoft.DocumentDB/databaseAccounts","kind":"GlobalDocumentDB","tags":{},"properties":{"provisioningState":"Succeeded","documentEndpoint":"https://cli000002.documents.azure.com:443/","ipRangeFilter":"","enableAutomaticFailover":false,"enableMultipleWriteLocations":false,"enablePartitionKeyMonitor":false,"isVirtualNetworkFilterEnabled":false,"virtualNetworkRules":[],"EnabledApiTypes":"Sql","databaseAccountOfferType":"Standard","consistencyPolicy":{"defaultConsistencyLevel":"Session","maxIntervalInSeconds":5,"maxStalenessPrefix":100},"configurationOverrides":{},"writeLocations":[{"id":"cli000002-westus","locationName":"West
        US","documentEndpoint":"https://cli000002-westus.documents.azure.com:443/","provisioningState":"Succeeded","failoverPriority":0,"isZoneRedundant":false}],"readLocations":[{"id":"cli000002-westus","locationName":"West
        US","documentEndpoint":"https://cli000002-westus.documents.azure.com:443/","provisioningState":"Succeeded","failoverPriority":0,"isZoneRedundant":false}],"locations":[{"id":"cli000002-westus","locationName":"West
        US","documentEndpoint":"https://cli000002-westus.documents.azure.com:443/","provisioningState":"Succeeded","failoverPriority":0,"isZoneRedundant":false}],"failoverPolicies":[{"id":"cli000002-westus","locationName":"West
        US","failoverPriority":0}],"cors":[],"capabilities":[]}}'
    headers:
      cache-control:
      - no-store, no-cache
      content-length:
      - '1655'
      content-location:
      - https://management.documents.azure.com:450/subscriptions/85a6c256-e687-4281-9cca-84869cf6ef36/resourceGroups/cli_test_cosmosdb_sql_resource_throughpute2f7yotx3jzovkb3fpu5lqreruqbsve3do/providers/Microsoft.DocumentDB/databaseAccounts/cliel6e5rlzb7qx?api-version=2015-04-08
      content-type:
      - application/json
      date:
      - Fri, 16 Aug 2019 21:52:42 GMT
      pragma:
      - no-cache
      server:
      - Microsoft-HTTPAPI/2.0
      strict-transport-security:
      - max-age=31536000; includeSubDomains
      transfer-encoding:
      - chunked
      vary:
      - Accept-Encoding
      x-content-type-options:
      - nosniff
      x-ms-gatewayversion:
      - version=2.5.1
    status:
      code: 200
      message: Ok
- request:
    body: null
    headers:
      Accept:
      - application/json
      Accept-Encoding:
      - gzip, deflate
      CommandName:
      - cosmosdb create
      Connection:
      - keep-alive
      ParameterSetName:
      - -n -g
      User-Agent:
      - python/3.7.4 (Windows-10-10.0.18362-SP0) msrest/0.6.9 msrest_azure/0.6.1 azure-mgmt-cosmosdb/0.7.0
        Azure-SDK-For-Python AZURECLI/2.0.71
      accept-language:
      - en-US
    method: GET
    uri: https://management.azure.com/subscriptions/00000000-0000-0000-0000-000000000000/resourceGroups/cli_test_cosmosdb_sql_resource_throughput000001/providers/Microsoft.DocumentDB/databaseAccounts/cli000002?api-version=2015-04-08
  response:
    body:
      string: '{"id":"/subscriptions/00000000-0000-0000-0000-000000000000/resourceGroups/cli_test_cosmosdb_sql_resource_throughput000001/providers/Microsoft.DocumentDB/databaseAccounts/cli000002","name":"cli000002","location":"West
        US","type":"Microsoft.DocumentDB/databaseAccounts","kind":"GlobalDocumentDB","tags":{},"properties":{"provisioningState":"Succeeded","documentEndpoint":"https://cli000002.documents.azure.com:443/","ipRangeFilter":"","enableAutomaticFailover":false,"enableMultipleWriteLocations":false,"enablePartitionKeyMonitor":false,"isVirtualNetworkFilterEnabled":false,"virtualNetworkRules":[],"EnabledApiTypes":"Sql","databaseAccountOfferType":"Standard","consistencyPolicy":{"defaultConsistencyLevel":"Session","maxIntervalInSeconds":5,"maxStalenessPrefix":100},"configurationOverrides":{},"writeLocations":[{"id":"cli000002-westus","locationName":"West
        US","documentEndpoint":"https://cli000002-westus.documents.azure.com:443/","provisioningState":"Succeeded","failoverPriority":0,"isZoneRedundant":false}],"readLocations":[{"id":"cli000002-westus","locationName":"West
        US","documentEndpoint":"https://cli000002-westus.documents.azure.com:443/","provisioningState":"Succeeded","failoverPriority":0,"isZoneRedundant":false}],"locations":[{"id":"cli000002-westus","locationName":"West
        US","documentEndpoint":"https://cli000002-westus.documents.azure.com:443/","provisioningState":"Succeeded","failoverPriority":0,"isZoneRedundant":false}],"failoverPolicies":[{"id":"cli000002-westus","locationName":"West
        US","failoverPriority":0}],"cors":[],"capabilities":[]}}'
    headers:
      cache-control:
      - no-store, no-cache
      content-length:
      - '1655'
      content-location:
      - https://management.documents.azure.com:450/subscriptions/85a6c256-e687-4281-9cca-84869cf6ef36/resourceGroups/cli_test_cosmosdb_sql_resource_throughpute2f7yotx3jzovkb3fpu5lqreruqbsve3do/providers/Microsoft.DocumentDB/databaseAccounts/cliel6e5rlzb7qx?api-version=2015-04-08
      content-type:
      - application/json
      date:
      - Fri, 16 Aug 2019 21:52:43 GMT
      pragma:
      - no-cache
      server:
      - Microsoft-HTTPAPI/2.0
      strict-transport-security:
      - max-age=31536000; includeSubDomains
      transfer-encoding:
      - chunked
      vary:
      - Accept-Encoding
      x-content-type-options:
      - nosniff
      x-ms-gatewayversion:
      - version=2.5.1
    status:
      code: 200
      message: Ok
- request:
    body: '{"properties": {"resource": {"id": "cli000003"}, "options": {"Throughput":
      "1000"}}}'
    headers:
      Accept:
      - application/json
      Accept-Encoding:
      - gzip, deflate
      CommandName:
      - cosmosdb sql database create
      Connection:
      - keep-alive
      Content-Length:
      - '90'
      Content-Type:
      - application/json; charset=utf-8
      ParameterSetName:
      - -g -a -n --throughput
      User-Agent:
      - python/3.7.4 (Windows-10-10.0.18362-SP0) msrest/0.6.9 msrest_azure/0.6.1 azure-mgmt-cosmosdb/0.7.0
        Azure-SDK-For-Python AZURECLI/2.0.71
      accept-language:
      - en-US
    method: PUT
    uri: https://management.azure.com/subscriptions/00000000-0000-0000-0000-000000000000/resourceGroups/cli_test_cosmosdb_sql_resource_throughput000001/providers/Microsoft.DocumentDB/databaseAccounts/cli000002/apis/sql/databases/cli000003?api-version=2015-04-08
  response:
    body:
      string: '{"status":"Enqueued","error":{}}'
    headers:
      azure-asyncoperation:
      - https://management.azure.com/subscriptions/00000000-0000-0000-0000-000000000000/providers/Microsoft.DocumentDB/locations/westus/operationsStatus/a37bad40-88fe-4c11-a9b2-91510dac74f3?api-version=2015-04-08
      cache-control:
      - no-store, no-cache
      content-length:
      - '32'
      content-location:
      - https://management.documents.azure.com:450/subscriptions/85a6c256-e687-4281-9cca-84869cf6ef36/resourceGroups/cli_test_cosmosdb_sql_resource_throughpute2f7yotx3jzovkb3fpu5lqreruqbsve3do/providers/Microsoft.DocumentDB/databaseAccounts/cliel6e5rlzb7qx/apis/sql/databases/cli36khslhr6nrd?api-version=2015-04-08
      content-type:
      - application/json
      date:
      - Fri, 16 Aug 2019 21:52:45 GMT
      location:
      - https://management.azure.com/subscriptions/00000000-0000-0000-0000-000000000000/resourceGroups/cli_test_cosmosdb_sql_resource_throughput000001/providers/Microsoft.DocumentDB/databaseAccounts/cli000002/apis/sql/databases/cli000003/operationResults/a37bad40-88fe-4c11-a9b2-91510dac74f3?api-version=2015-04-08
      pragma:
      - no-cache
      server:
      - Microsoft-HTTPAPI/2.0
      strict-transport-security:
      - max-age=31536000; includeSubDomains
      x-content-type-options:
      - nosniff
      x-ms-gatewayversion:
      - version=2.5.1
      x-ms-ratelimit-remaining-subscription-writes:
      - '1198'
    status:
      code: 202
      message: Accepted
- request:
    body: null
    headers:
      Accept:
      - application/json
      Accept-Encoding:
      - gzip, deflate
      CommandName:
      - cosmosdb sql database create
      Connection:
      - keep-alive
      ParameterSetName:
      - -g -a -n --throughput
      User-Agent:
      - python/3.7.4 (Windows-10-10.0.18362-SP0) msrest/0.6.9 msrest_azure/0.6.1 azure-mgmt-cosmosdb/0.7.0
        Azure-SDK-For-Python AZURECLI/2.0.71
    method: GET
    uri: https://management.azure.com/subscriptions/00000000-0000-0000-0000-000000000000/providers/Microsoft.DocumentDB/locations/westus/operationsStatus/a37bad40-88fe-4c11-a9b2-91510dac74f3?api-version=2015-04-08
  response:
    body:
      string: '{"status":"Succeeded","error":{}}'
    headers:
      cache-control:
      - no-store, no-cache
      content-length:
      - '33'
      content-location:
      - https://management.documents.azure.com:450/subscriptions/85a6c256-e687-4281-9cca-84869cf6ef36/providers/Microsoft.DocumentDB/locations/westus/operationsStatus/a37bad40-88fe-4c11-a9b2-91510dac74f3?api-version=2015-04-08
      content-type:
      - application/json
      date:
      - Fri, 16 Aug 2019 21:53:15 GMT
      pragma:
      - no-cache
      server:
      - Microsoft-HTTPAPI/2.0
      strict-transport-security:
      - max-age=31536000; includeSubDomains
      transfer-encoding:
      - chunked
      vary:
      - Accept-Encoding
      x-content-type-options:
      - nosniff
      x-ms-gatewayversion:
      - version=2.5.1
    status:
      code: 200
      message: Ok
- request:
    body: null
    headers:
      Accept:
      - application/json
      Accept-Encoding:
      - gzip, deflate
      CommandName:
      - cosmosdb sql database create
      Connection:
      - keep-alive
      ParameterSetName:
      - -g -a -n --throughput
      User-Agent:
      - python/3.7.4 (Windows-10-10.0.18362-SP0) msrest/0.6.9 msrest_azure/0.6.1 azure-mgmt-cosmosdb/0.7.0
        Azure-SDK-For-Python AZURECLI/2.0.71
    method: GET
    uri: https://management.azure.com/subscriptions/00000000-0000-0000-0000-000000000000/resourceGroups/cli_test_cosmosdb_sql_resource_throughput000001/providers/Microsoft.DocumentDB/databaseAccounts/cli000002/apis/sql/databases/cli000003?api-version=2015-04-08
  response:
    body:
      string: '{"properties":{"id":"cli000003","_rid":"Kr4DAA==","_self":"dbs/Kr4DAA==/","_etag":"\"0000f500-0000-0700-0000-5d5725af0000\"","_colls":"colls/","_users":"users/","_ts":1565992367}}'
    headers:
      cache-control:
      - no-store, no-cache
      content-length:
      - '185'
      content-location:
      - https://management.documents.azure.com:450/subscriptions/85a6c256-e687-4281-9cca-84869cf6ef36/resourceGroups/cli_test_cosmosdb_sql_resource_throughpute2f7yotx3jzovkb3fpu5lqreruqbsve3do/providers/Microsoft.DocumentDB/databaseAccounts/cliel6e5rlzb7qx/apis/sql/databases/cli36khslhr6nrd?api-version=2015-04-08
      content-type:
      - application/json
      date:
      - Fri, 16 Aug 2019 21:53:16 GMT
      pragma:
      - no-cache
      server:
      - Microsoft-HTTPAPI/2.0
      strict-transport-security:
      - max-age=31536000; includeSubDomains
      transfer-encoding:
      - chunked
      vary:
      - Accept-Encoding
      x-content-type-options:
      - nosniff
      x-ms-gatewayversion:
      - version=2.5.1
    status:
      code: 200
      message: Ok
- request:
    body: null
    headers:
      Accept:
      - application/json
      Accept-Encoding:
      - gzip, deflate
      CommandName:
      - cosmosdb sql database throughput show
      Connection:
      - keep-alive
      ParameterSetName:
      - -g -a -n
      User-Agent:
      - python/3.7.4 (Windows-10-10.0.18362-SP0) msrest/0.6.9 msrest_azure/0.6.1 azure-mgmt-cosmosdb/0.7.0
        Azure-SDK-For-Python AZURECLI/2.0.71
      accept-language:
      - en-US
    method: GET
    uri: https://management.azure.com/subscriptions/00000000-0000-0000-0000-000000000000/resourceGroups/cli_test_cosmosdb_sql_resource_throughput000001/providers/Microsoft.DocumentDB/databaseAccounts/cli000002/apis/sql/databases/cli000003/settings/throughput?api-version=2015-04-08
  response:
    body:
      string: '{"properties":{"throughput":1000,"minimumThroughput":"400","offerReplacePending":""}}'
    headers:
      cache-control:
      - no-store, no-cache
      content-length:
      - '85'
      content-location:
      - https://management.documents.azure.com:450/subscriptions/85a6c256-e687-4281-9cca-84869cf6ef36/resourceGroups/cli_test_cosmosdb_sql_resource_throughpute2f7yotx3jzovkb3fpu5lqreruqbsve3do/providers/Microsoft.DocumentDB/databaseAccounts/cliel6e5rlzb7qx/apis/sql/databases/cli36khslhr6nrd/settings/throughput?api-version=2015-04-08
      content-type:
      - application/json
      date:
      - Fri, 16 Aug 2019 21:53:18 GMT
      pragma:
      - no-cache
      server:
      - Microsoft-HTTPAPI/2.0
      strict-transport-security:
      - max-age=31536000; includeSubDomains
      transfer-encoding:
      - chunked
      vary:
      - Accept-Encoding
      x-content-type-options:
      - nosniff
      x-ms-gatewayversion:
      - version=2.5.1
    status:
      code: 200
      message: Ok
- request:
    body: '{"properties": {"resource": {"throughput": 2000}}}'
    headers:
      Accept:
      - application/json
      Accept-Encoding:
      - gzip, deflate
      CommandName:
      - cosmosdb sql database throughput update
      Connection:
      - keep-alive
      Content-Length:
      - '50'
      Content-Type:
      - application/json; charset=utf-8
      ParameterSetName:
      - -g -a -n --throughput
      User-Agent:
      - python/3.7.4 (Windows-10-10.0.18362-SP0) msrest/0.6.9 msrest_azure/0.6.1 azure-mgmt-cosmosdb/0.7.0
        Azure-SDK-For-Python AZURECLI/2.0.71
      accept-language:
      - en-US
    method: PUT
    uri: https://management.azure.com/subscriptions/00000000-0000-0000-0000-000000000000/resourceGroups/cli_test_cosmosdb_sql_resource_throughput000001/providers/Microsoft.DocumentDB/databaseAccounts/cli000002/apis/sql/databases/cli000003/settings/throughput?api-version=2015-04-08
  response:
    body:
      string: '{"status":"Enqueued","error":{}}'
    headers:
      azure-asyncoperation:
      - https://management.azure.com/subscriptions/00000000-0000-0000-0000-000000000000/providers/Microsoft.DocumentDB/locations/westus/operationsStatus/4f13bdf8-1fa5-45f0-9500-603e27a1248e?api-version=2015-04-08
      cache-control:
      - no-store, no-cache
      content-length:
      - '32'
      content-location:
      - https://management.documents.azure.com:450/subscriptions/85a6c256-e687-4281-9cca-84869cf6ef36/resourceGroups/cli_test_cosmosdb_sql_resource_throughpute2f7yotx3jzovkb3fpu5lqreruqbsve3do/providers/Microsoft.DocumentDB/databaseAccounts/cliel6e5rlzb7qx/apis/sql/databases/cli36khslhr6nrd/settings/throughput?api-version=2015-04-08
      content-type:
      - application/json
      date:
      - Fri, 16 Aug 2019 21:53:19 GMT
      location:
      - https://management.azure.com/subscriptions/00000000-0000-0000-0000-000000000000/resourceGroups/cli_test_cosmosdb_sql_resource_throughput000001/providers/Microsoft.DocumentDB/databaseAccounts/cli000002/apis/sql/databases/cli000003/settings/throughput/operationResults/4f13bdf8-1fa5-45f0-9500-603e27a1248e?api-version=2015-04-08
      pragma:
      - no-cache
      server:
      - Microsoft-HTTPAPI/2.0
      strict-transport-security:
      - max-age=31536000; includeSubDomains
      x-content-type-options:
      - nosniff
      x-ms-gatewayversion:
      - version=2.5.1
      x-ms-ratelimit-remaining-subscription-writes:
      - '1194'
    status:
      code: 202
      message: Accepted
- request:
    body: null
    headers:
      Accept:
      - application/json
      Accept-Encoding:
      - gzip, deflate
      CommandName:
      - cosmosdb sql database throughput update
      Connection:
      - keep-alive
      ParameterSetName:
      - -g -a -n --throughput
      User-Agent:
      - python/3.7.4 (Windows-10-10.0.18362-SP0) msrest/0.6.9 msrest_azure/0.6.1 azure-mgmt-cosmosdb/0.7.0
        Azure-SDK-For-Python AZURECLI/2.0.71
    method: GET
    uri: https://management.azure.com/subscriptions/00000000-0000-0000-0000-000000000000/providers/Microsoft.DocumentDB/locations/westus/operationsStatus/4f13bdf8-1fa5-45f0-9500-603e27a1248e?api-version=2015-04-08
  response:
    body:
      string: '{"status":"Succeeded","error":{}}'
    headers:
      cache-control:
      - no-store, no-cache
      content-length:
      - '33'
      content-location:
      - https://management.documents.azure.com:450/subscriptions/85a6c256-e687-4281-9cca-84869cf6ef36/providers/Microsoft.DocumentDB/locations/westus/operationsStatus/4f13bdf8-1fa5-45f0-9500-603e27a1248e?api-version=2015-04-08
      content-type:
      - application/json
      date:
      - Fri, 16 Aug 2019 21:53:51 GMT
      pragma:
      - no-cache
      server:
      - Microsoft-HTTPAPI/2.0
      strict-transport-security:
      - max-age=31536000; includeSubDomains
      transfer-encoding:
      - chunked
      vary:
      - Accept-Encoding
      x-content-type-options:
      - nosniff
      x-ms-gatewayversion:
      - version=2.5.1
    status:
      code: 200
      message: Ok
- request:
    body: null
    headers:
      Accept:
      - application/json
      Accept-Encoding:
      - gzip, deflate
      CommandName:
      - cosmosdb sql database throughput update
      Connection:
      - keep-alive
      ParameterSetName:
      - -g -a -n --throughput
      User-Agent:
      - python/3.7.4 (Windows-10-10.0.18362-SP0) msrest/0.6.9 msrest_azure/0.6.1 azure-mgmt-cosmosdb/0.7.0
        Azure-SDK-For-Python AZURECLI/2.0.71
    method: GET
    uri: https://management.azure.com/subscriptions/00000000-0000-0000-0000-000000000000/resourceGroups/cli_test_cosmosdb_sql_resource_throughput000001/providers/Microsoft.DocumentDB/databaseAccounts/cli000002/apis/sql/databases/cli000003/settings/throughput?api-version=2015-04-08
  response:
    body:
      string: '{"properties":{"throughput":2000,"minimumThroughput":"400","offerReplacePending":""}}'
    headers:
      cache-control:
      - no-store, no-cache
      content-length:
      - '85'
      content-location:
      - https://management.documents.azure.com:450/subscriptions/85a6c256-e687-4281-9cca-84869cf6ef36/resourceGroups/cli_test_cosmosdb_sql_resource_throughpute2f7yotx3jzovkb3fpu5lqreruqbsve3do/providers/Microsoft.DocumentDB/databaseAccounts/cliel6e5rlzb7qx/apis/sql/databases/cli36khslhr6nrd/settings/throughput?api-version=2015-04-08
      content-type:
      - application/json
      date:
      - Fri, 16 Aug 2019 21:53:52 GMT
      pragma:
      - no-cache
      server:
      - Microsoft-HTTPAPI/2.0
      strict-transport-security:
      - max-age=31536000; includeSubDomains
      transfer-encoding:
      - chunked
      vary:
      - Accept-Encoding
      x-content-type-options:
      - nosniff
      x-ms-gatewayversion:
      - version=2.5.1
    status:
      code: 200
      message: Ok
- request:
    body: '{"properties": {"resource": {"id": "cli000004", "indexingPolicy": {"automatic":
      true, "indexingMode": "consistent", "includedPaths": [{"path": "/*", "indexes":
      [{"dataType": "String", "precision": -1, "kind": "Range"}, {"dataType": "Number",
      "precision": -1, "kind": "Range"}]}]}, "partitionKey": {"paths": ["/thePartitionKey"],
      "kind": "Hash"}}, "options": {"Throughput": "1000"}}}'
    headers:
      Accept:
      - application/json
      Accept-Encoding:
      - gzip, deflate
      CommandName:
      - cosmosdb sql container create
      Connection:
      - keep-alive
      Content-Length:
      - '388'
      Content-Type:
      - application/json; charset=utf-8
      ParameterSetName:
      - -g -a -d -n -p --throughput
      User-Agent:
      - python/3.7.4 (Windows-10-10.0.18362-SP0) msrest/0.6.9 msrest_azure/0.6.1 azure-mgmt-cosmosdb/0.7.0
        Azure-SDK-For-Python AZURECLI/2.0.71
      accept-language:
      - en-US
    method: PUT
    uri: https://management.azure.com/subscriptions/00000000-0000-0000-0000-000000000000/resourceGroups/cli_test_cosmosdb_sql_resource_throughput000001/providers/Microsoft.DocumentDB/databaseAccounts/cli000002/apis/sql/databases/cli000003/containers/cli000004?api-version=2015-04-08
  response:
    body:
      string: '{"status":"Enqueued","error":{}}'
    headers:
      azure-asyncoperation:
      - https://management.azure.com/subscriptions/00000000-0000-0000-0000-000000000000/providers/Microsoft.DocumentDB/locations/westus/operationsStatus/323f62c5-dddc-47bf-a36a-cc4ad0581f83?api-version=2015-04-08
      cache-control:
      - no-store, no-cache
      content-length:
      - '32'
      content-location:
      - https://management.documents.azure.com:450/subscriptions/85a6c256-e687-4281-9cca-84869cf6ef36/resourceGroups/cli_test_cosmosdb_sql_resource_throughpute2f7yotx3jzovkb3fpu5lqreruqbsve3do/providers/Microsoft.DocumentDB/databaseAccounts/cliel6e5rlzb7qx/apis/sql/databases/cli36khslhr6nrd/containers/clizvlq5rzsxhbl?api-version=2015-04-08
      content-type:
      - application/json
      date:
      - Fri, 16 Aug 2019 21:53:53 GMT
      location:
      - https://management.azure.com/subscriptions/00000000-0000-0000-0000-000000000000/resourceGroups/cli_test_cosmosdb_sql_resource_throughput000001/providers/Microsoft.DocumentDB/databaseAccounts/cli000002/apis/sql/databases/cli000003/containers/cli000004/operationResults/323f62c5-dddc-47bf-a36a-cc4ad0581f83?api-version=2015-04-08
      pragma:
      - no-cache
      server:
      - Microsoft-HTTPAPI/2.0
      strict-transport-security:
      - max-age=31536000; includeSubDomains
      x-content-type-options:
      - nosniff
      x-ms-gatewayversion:
      - version=2.5.1
      x-ms-ratelimit-remaining-subscription-writes:
      - '1196'
    status:
      code: 202
      message: Accepted
- request:
    body: null
    headers:
      Accept:
      - application/json
      Accept-Encoding:
      - gzip, deflate
      CommandName:
      - cosmosdb sql container create
      Connection:
      - keep-alive
      ParameterSetName:
      - -g -a -d -n -p --throughput
      User-Agent:
      - python/3.7.4 (Windows-10-10.0.18362-SP0) msrest/0.6.9 msrest_azure/0.6.1 azure-mgmt-cosmosdb/0.7.0
        Azure-SDK-For-Python AZURECLI/2.0.71
    method: GET
    uri: https://management.azure.com/subscriptions/00000000-0000-0000-0000-000000000000/providers/Microsoft.DocumentDB/locations/westus/operationsStatus/323f62c5-dddc-47bf-a36a-cc4ad0581f83?api-version=2015-04-08
  response:
    body:
      string: '{"status":"Succeeded","error":{}}'
    headers:
      cache-control:
      - no-store, no-cache
      content-length:
      - '33'
      content-location:
      - https://management.documents.azure.com:450/subscriptions/85a6c256-e687-4281-9cca-84869cf6ef36/providers/Microsoft.DocumentDB/locations/westus/operationsStatus/323f62c5-dddc-47bf-a36a-cc4ad0581f83?api-version=2015-04-08
      content-type:
      - application/json
      date:
      - Fri, 16 Aug 2019 21:54:24 GMT
      pragma:
      - no-cache
      server:
      - Microsoft-HTTPAPI/2.0
      strict-transport-security:
      - max-age=31536000; includeSubDomains
      transfer-encoding:
      - chunked
      vary:
      - Accept-Encoding
      x-content-type-options:
      - nosniff
      x-ms-gatewayversion:
      - version=2.5.1
    status:
      code: 200
      message: Ok
- request:
    body: null
    headers:
      Accept:
      - application/json
      Accept-Encoding:
      - gzip, deflate
      CommandName:
      - cosmosdb sql container create
      Connection:
      - keep-alive
      ParameterSetName:
      - -g -a -d -n -p --throughput
      User-Agent:
      - python/3.7.4 (Windows-10-10.0.18362-SP0) msrest/0.6.9 msrest_azure/0.6.1 azure-mgmt-cosmosdb/0.7.0
        Azure-SDK-For-Python AZURECLI/2.0.71
    method: GET
    uri: https://management.azure.com/subscriptions/00000000-0000-0000-0000-000000000000/resourceGroups/cli_test_cosmosdb_sql_resource_throughput000001/providers/Microsoft.DocumentDB/databaseAccounts/cli000002/apis/sql/databases/cli000003/containers/cli000004?api-version=2015-04-08
  response:
    body:
      string: '{"properties":{"id":"cli000004","indexingPolicy":{"indexingMode":"consistent","automatic":true,"includedPaths":[{"path":"/*","indexes":[]}],"excludedPaths":[{"path":"/\"_etag\"/?"}]},"partitionKey":{"paths":["/thePartitionKey"],"kind":"Hash"},"uniqueKeyPolicy":{"uniqueKeys":[]},"conflictResolutionPolicy":{"mode":"LastWriterWins","conflictResolutionPath":"/_ts","conflictResolutionProcedure":""},"geospatialConfig":{"type":"Geography"},"_rid":"Kr4DAKIR4rA=","_ts":1565992435,"_self":"dbs/Kr4DAA==/colls/Kr4DAKIR4rA=/","_etag":"\"0000fb00-0000-0700-0000-5d5725f30000\"","_docs":"docs/","_sprocs":"sprocs/","_triggers":"triggers/","_udfs":"udfs/","_conflicts":"conflicts/","statistics":[{"id":"0","sizeInKB":0,"documentCount":0,"partitionKeys":[]}]}}'
    headers:
      cache-control:
      - no-store, no-cache
      content-length:
      - '755'
      content-location:
      - https://management.documents.azure.com:450/subscriptions/85a6c256-e687-4281-9cca-84869cf6ef36/resourceGroups/cli_test_cosmosdb_sql_resource_throughpute2f7yotx3jzovkb3fpu5lqreruqbsve3do/providers/Microsoft.DocumentDB/databaseAccounts/cliel6e5rlzb7qx/apis/sql/databases/cli36khslhr6nrd/containers/clizvlq5rzsxhbl?api-version=2015-04-08
      content-type:
      - application/json
      date:
      - Fri, 16 Aug 2019 21:54:25 GMT
      pragma:
      - no-cache
      server:
      - Microsoft-HTTPAPI/2.0
      strict-transport-security:
      - max-age=31536000; includeSubDomains
      transfer-encoding:
      - chunked
      vary:
      - Accept-Encoding
      x-content-type-options:
      - nosniff
      x-ms-gatewayversion:
      - version=2.5.1
    status:
      code: 200
      message: Ok
- request:
    body: null
    headers:
      Accept:
      - application/json
      Accept-Encoding:
      - gzip, deflate
      CommandName:
      - cosmosdb sql container throughput show
      Connection:
      - keep-alive
      ParameterSetName:
      - -g -a -d -n
      User-Agent:
      - python/3.7.4 (Windows-10-10.0.18362-SP0) msrest/0.6.9 msrest_azure/0.6.1 azure-mgmt-cosmosdb/0.7.0
        Azure-SDK-For-Python AZURECLI/2.0.71
      accept-language:
      - en-US
    method: GET
    uri: https://management.azure.com/subscriptions/00000000-0000-0000-0000-000000000000/resourceGroups/cli_test_cosmosdb_sql_resource_throughput000001/providers/Microsoft.DocumentDB/databaseAccounts/cli000002/apis/sql/databases/cli000003/containers/cli000004/settings/throughput?api-version=2015-04-08
  response:
    body:
      string: '{"properties":{"throughput":1000,"minimumThroughput":"400","offerReplacePending":""}}'
    headers:
      cache-control:
      - no-store, no-cache
      content-length:
      - '85'
      content-location:
      - https://management.documents.azure.com:450/subscriptions/85a6c256-e687-4281-9cca-84869cf6ef36/resourceGroups/cli_test_cosmosdb_sql_resource_throughpute2f7yotx3jzovkb3fpu5lqreruqbsve3do/providers/Microsoft.DocumentDB/databaseAccounts/cliel6e5rlzb7qx/apis/sql/databases/cli36khslhr6nrd/containers/clizvlq5rzsxhbl/settings/throughput?api-version=2015-04-08
      content-type:
      - application/json
      date:
      - Fri, 16 Aug 2019 21:54:26 GMT
      pragma:
      - no-cache
      server:
      - Microsoft-HTTPAPI/2.0
      strict-transport-security:
      - max-age=31536000; includeSubDomains
      transfer-encoding:
      - chunked
      vary:
      - Accept-Encoding
      x-content-type-options:
      - nosniff
      x-ms-gatewayversion:
      - version=2.5.1
    status:
      code: 200
      message: Ok
- request:
    body: '{"properties": {"resource": {"throughput": 2000}}}'
    headers:
      Accept:
      - application/json
      Accept-Encoding:
      - gzip, deflate
      CommandName:
      - cosmosdb sql container throughput update
      Connection:
      - keep-alive
      Content-Length:
      - '50'
      Content-Type:
      - application/json; charset=utf-8
      ParameterSetName:
      - -g -a -d -n --throughput
      User-Agent:
      - python/3.7.4 (Windows-10-10.0.18362-SP0) msrest/0.6.9 msrest_azure/0.6.1 azure-mgmt-cosmosdb/0.7.0
        Azure-SDK-For-Python AZURECLI/2.0.71
      accept-language:
      - en-US
    method: PUT
    uri: https://management.azure.com/subscriptions/00000000-0000-0000-0000-000000000000/resourceGroups/cli_test_cosmosdb_sql_resource_throughput000001/providers/Microsoft.DocumentDB/databaseAccounts/cli000002/apis/sql/databases/cli000003/containers/cli000004/settings/throughput?api-version=2015-04-08
  response:
    body:
      string: '{"status":"Enqueued","error":{}}'
    headers:
      azure-asyncoperation:
      - https://management.azure.com/subscriptions/00000000-0000-0000-0000-000000000000/providers/Microsoft.DocumentDB/locations/westus/operationsStatus/3e1744d8-f115-4ddf-a73a-b69743504b6b?api-version=2015-04-08
      cache-control:
      - no-store, no-cache
      content-length:
      - '32'
      content-location:
      - https://management.documents.azure.com:450/subscriptions/85a6c256-e687-4281-9cca-84869cf6ef36/resourceGroups/cli_test_cosmosdb_sql_resource_throughpute2f7yotx3jzovkb3fpu5lqreruqbsve3do/providers/Microsoft.DocumentDB/databaseAccounts/cliel6e5rlzb7qx/apis/sql/databases/cli36khslhr6nrd/containers/clizvlq5rzsxhbl/settings/throughput?api-version=2015-04-08
      content-type:
      - application/json
      date:
      - Fri, 16 Aug 2019 21:54:28 GMT
      location:
      - https://management.azure.com/subscriptions/00000000-0000-0000-0000-000000000000/resourceGroups/cli_test_cosmosdb_sql_resource_throughput000001/providers/Microsoft.DocumentDB/databaseAccounts/cli000002/apis/sql/databases/cli000003/containers/cli000004/settings/throughput/operationResults/3e1744d8-f115-4ddf-a73a-b69743504b6b?api-version=2015-04-08
      pragma:
      - no-cache
      server:
      - Microsoft-HTTPAPI/2.0
      strict-transport-security:
      - max-age=31536000; includeSubDomains
      x-content-type-options:
      - nosniff
      x-ms-gatewayversion:
      - version=2.5.1
      x-ms-ratelimit-remaining-subscription-writes:
      - '1196'
    status:
      code: 202
      message: Accepted
- request:
    body: null
    headers:
      Accept:
      - application/json
      Accept-Encoding:
      - gzip, deflate
      CommandName:
      - cosmosdb sql container throughput update
      Connection:
      - keep-alive
      ParameterSetName:
      - -g -a -d -n --throughput
      User-Agent:
      - python/3.7.4 (Windows-10-10.0.18362-SP0) msrest/0.6.9 msrest_azure/0.6.1 azure-mgmt-cosmosdb/0.7.0
        Azure-SDK-For-Python AZURECLI/2.0.71
    method: GET
    uri: https://management.azure.com/subscriptions/00000000-0000-0000-0000-000000000000/providers/Microsoft.DocumentDB/locations/westus/operationsStatus/3e1744d8-f115-4ddf-a73a-b69743504b6b?api-version=2015-04-08
  response:
    body:
      string: '{"status":"Succeeded","error":{}}'
    headers:
      cache-control:
      - no-store, no-cache
      content-length:
      - '33'
      content-location:
      - https://management.documents.azure.com:450/subscriptions/85a6c256-e687-4281-9cca-84869cf6ef36/providers/Microsoft.DocumentDB/locations/westus/operationsStatus/3e1744d8-f115-4ddf-a73a-b69743504b6b?api-version=2015-04-08
      content-type:
      - application/json
      date:
      - Fri, 16 Aug 2019 21:54:59 GMT
      pragma:
      - no-cache
      server:
      - Microsoft-HTTPAPI/2.0
      strict-transport-security:
      - max-age=31536000; includeSubDomains
      transfer-encoding:
      - chunked
      vary:
      - Accept-Encoding
      x-content-type-options:
      - nosniff
      x-ms-gatewayversion:
      - version=2.5.1
    status:
      code: 200
      message: Ok
- request:
    body: null
    headers:
      Accept:
      - application/json
      Accept-Encoding:
      - gzip, deflate
      CommandName:
      - cosmosdb sql container throughput update
      Connection:
      - keep-alive
      ParameterSetName:
      - -g -a -d -n --throughput
      User-Agent:
      - python/3.7.4 (Windows-10-10.0.18362-SP0) msrest/0.6.9 msrest_azure/0.6.1 azure-mgmt-cosmosdb/0.7.0
        Azure-SDK-For-Python AZURECLI/2.0.71
    method: GET
    uri: https://management.azure.com/subscriptions/00000000-0000-0000-0000-000000000000/resourceGroups/cli_test_cosmosdb_sql_resource_throughput000001/providers/Microsoft.DocumentDB/databaseAccounts/cli000002/apis/sql/databases/cli000003/containers/cli000004/settings/throughput?api-version=2015-04-08
  response:
    body:
      string: '{"properties":{"throughput":2000,"minimumThroughput":"400","offerReplacePending":""}}'
    headers:
      cache-control:
      - no-store, no-cache
      content-length:
      - '85'
      content-location:
      - https://management.documents.azure.com:450/subscriptions/85a6c256-e687-4281-9cca-84869cf6ef36/resourceGroups/cli_test_cosmosdb_sql_resource_throughpute2f7yotx3jzovkb3fpu5lqreruqbsve3do/providers/Microsoft.DocumentDB/databaseAccounts/cliel6e5rlzb7qx/apis/sql/databases/cli36khslhr6nrd/containers/clizvlq5rzsxhbl/settings/throughput?api-version=2015-04-08
      content-type:
      - application/json
      date:
      - Fri, 16 Aug 2019 21:55:01 GMT
      pragma:
      - no-cache
      server:
      - Microsoft-HTTPAPI/2.0
      strict-transport-security:
      - max-age=31536000; includeSubDomains
      transfer-encoding:
      - chunked
      vary:
      - Accept-Encoding
      x-content-type-options:
      - nosniff
      x-ms-gatewayversion:
      - version=2.5.1
    status:
      code: 200
      message: Ok
version: 1
