interactions:
- request:
    body: null
    headers:
      Accept:
      - application/json
      Accept-Encoding:
      - gzip, deflate
      CommandName:
      - cosmosdb create
      Connection:
      - keep-alive
      ParameterSetName:
      - -n -g --enable-analytical-storage
      User-Agent:
      - AZURECLI/2.40.0 (PIP) azsdk-python-azure-mgmt-resource/21.1.0b1 Python/3.10.4
        (Windows-10-10.0.22621-SP0)
    method: GET
    uri: https://management.azure.com/subscriptions/00000000-0000-0000-0000-000000000000/resourcegroups/cli_test_cosmosdb_sql_container_update_disable_analytics000001?api-version=2021-04-01
  response:
    body:
      string: '{"id":"/subscriptions/00000000-0000-0000-0000-000000000000/resourceGroups/cli_test_cosmosdb_sql_container_update_disable_analytics000001","name":"cli_test_cosmosdb_sql_container_update_disable_analytics000001","type":"Microsoft.Resources/resourceGroups","location":"westus","tags":{"product":"azurecli","cause":"automation","date":"2022-09-27T14:38:20Z"},"properties":{"provisioningState":"Succeeded"}}'
    headers:
      cache-control:
      - no-cache
      content-length:
      - '402'
      content-type:
      - application/json; charset=utf-8
      date:
      - Tue, 27 Sep 2022 14:38:21 GMT
      expires:
      - '-1'
      pragma:
      - no-cache
      strict-transport-security:
      - max-age=31536000; includeSubDomains
      vary:
      - Accept-Encoding
      x-content-type-options:
      - nosniff
    status:
      code: 200
      message: OK
- request:
    body: '{"location": "westus", "kind": "GlobalDocumentDB", "properties": {"locations":
      [{"locationName": "westus", "failoverPriority": 0, "isZoneRedundant": false}],
      "databaseAccountOfferType": "Standard", "apiProperties": {}, "enableAnalyticalStorage":
      true, "createMode": "Default"}}'
    headers:
      Accept:
      - application/json
      Accept-Encoding:
      - gzip, deflate
      CommandName:
      - cosmosdb create
      Connection:
      - keep-alive
      Content-Length:
      - '277'
      Content-Type:
      - application/json
      ParameterSetName:
      - -n -g --enable-analytical-storage
      User-Agent:
      - AZURECLI/2.40.0 (PIP) azsdk-python-mgmt-cosmosdb/8.0.0 Python/3.10.4 (Windows-10-10.0.22621-SP0)
    method: PUT
    uri: https://management.azure.com/subscriptions/00000000-0000-0000-0000-000000000000/resourceGroups/cli_test_cosmosdb_sql_container_update_disable_analytics000001/providers/Microsoft.DocumentDB/databaseAccounts/cli000004?api-version=2022-08-15
  response:
    body:
      string: '{"id":"/subscriptions/00000000-0000-0000-0000-000000000000/resourceGroups/cli_test_cosmosdb_sql_container_update_disable_analytics000001/providers/Microsoft.DocumentDB/databaseAccounts/cli000004","name":"cli000004","location":"West
        US","type":"Microsoft.DocumentDB/databaseAccounts","kind":"GlobalDocumentDB","tags":{},"systemData":{"createdAt":"2022-09-27T14:38:25.3814971Z"},"properties":{"provisioningState":"Creating","publicNetworkAccess":"Enabled","enableAutomaticFailover":false,"enableMultipleWriteLocations":false,"enablePartitionKeyMonitor":false,"isVirtualNetworkFilterEnabled":false,"virtualNetworkRules":[],"EnabledApiTypes":"Sql","disableKeyBasedMetadataWriteAccess":false,"enableFreeTier":false,"enableAnalyticalStorage":true,"analyticalStorageConfiguration":{"schemaType":"WellDefined"},"instanceId":"de90f91b-1f3a-40c5-ab6d-453633709e39","databaseAccountOfferType":"Standard","enableCassandraConnector":false,"connectorOffer":"","enableFullFidelityChangeFeed":false,"defaultIdentity":"","networkAclBypass":"None","disableLocalAuth":false,"enablePartitionMerge":false,"consistencyPolicy":{"defaultConsistencyLevel":"Session","maxIntervalInSeconds":5,"maxStalenessPrefix":100},"configurationOverrides":{},"writeLocations":[{"id":"cli000004-westus","locationName":"West
        US","provisioningState":"Creating","failoverPriority":0,"isZoneRedundant":false}],"readLocations":[{"id":"cli000004-westus","locationName":"West
        US","provisioningState":"Creating","failoverPriority":0,"isZoneRedundant":false}],"locations":[{"id":"cli000004-westus","locationName":"West
        US","provisioningState":"Creating","failoverPriority":0,"isZoneRedundant":false}],"failoverPolicies":[{"id":"cli000004-westus","locationName":"West
        US","failoverPriority":0}],"cors":[],"capabilities":[],"ipRules":[],"backupPolicy":{"type":"Periodic","periodicModeProperties":{"backupIntervalInMinutes":240,"backupRetentionIntervalInHours":8,"backupStorageRedundancy":"Invalid"}},"networkAclBypassResourceIds":[],"keysMetadata":{"primaryMasterKey":{"generationTime":"2022-09-27T14:38:25.3814971Z"},"secondaryMasterKey":{"generationTime":"2022-09-27T14:38:25.3814971Z"},"primaryReadonlyMasterKey":{"generationTime":"2022-09-27T14:38:25.3814971Z"},"secondaryReadonlyMasterKey":{"generationTime":"2022-09-27T14:38:25.3814971Z"}}},"identity":{"type":"None"}}'
    headers:
      azure-asyncoperation:
      - https://management.azure.com/subscriptions/00000000-0000-0000-0000-000000000000/providers/Microsoft.DocumentDB/locations/westus/operationsStatus/b05c491a-c21d-4a78-b86b-3e6de8d84b35?api-version=2022-08-15
      cache-control:
      - no-store, no-cache
      content-length:
      - '2323'
      content-type:
      - application/json
      date:
      - Tue, 27 Sep 2022 14:38:27 GMT
      location:
      - https://management.azure.com/subscriptions/00000000-0000-0000-0000-000000000000/resourceGroups/cli_test_cosmosdb_sql_container_update_disable_analytics000001/providers/Microsoft.DocumentDB/databaseAccounts/cli000004/operationResults/b05c491a-c21d-4a78-b86b-3e6de8d84b35?api-version=2022-08-15
      pragma:
      - no-cache
      server:
      - Microsoft-HTTPAPI/2.0
      strict-transport-security:
      - max-age=31536000; includeSubDomains
      transfer-encoding:
      - chunked
      vary:
      - Accept-Encoding
      x-content-type-options:
      - nosniff
      x-ms-gatewayversion:
      - version=2.14.0
      x-ms-ratelimit-remaining-subscription-writes:
      - '1199'
    status:
      code: 200
      message: Ok
- request:
    body: null
    headers:
      Accept:
      - '*/*'
      Accept-Encoding:
      - gzip, deflate
      CommandName:
      - cosmosdb create
      Connection:
      - keep-alive
      ParameterSetName:
      - -n -g --enable-analytical-storage
      User-Agent:
      - AZURECLI/2.40.0 (PIP) azsdk-python-mgmt-cosmosdb/8.0.0 Python/3.10.4 (Windows-10-10.0.22621-SP0)
    method: GET
    uri: https://management.azure.com/subscriptions/00000000-0000-0000-0000-000000000000/providers/Microsoft.DocumentDB/locations/westus/operationsStatus/b05c491a-c21d-4a78-b86b-3e6de8d84b35?api-version=2022-08-15
  response:
    body:
      string: '{"status":"Dequeued"}'
    headers:
      cache-control:
      - no-store, no-cache
      content-length:
      - '21'
      content-type:
      - application/json
      date:
      - Tue, 27 Sep 2022 14:38:56 GMT
      pragma:
      - no-cache
      server:
      - Microsoft-HTTPAPI/2.0
      strict-transport-security:
      - max-age=31536000; includeSubDomains
      transfer-encoding:
      - chunked
      vary:
      - Accept-Encoding
      x-content-type-options:
      - nosniff
      x-ms-gatewayversion:
      - version=2.14.0
    status:
      code: 200
      message: Ok
- request:
    body: null
    headers:
      Accept:
      - '*/*'
      Accept-Encoding:
      - gzip, deflate
      CommandName:
      - cosmosdb create
      Connection:
      - keep-alive
      ParameterSetName:
      - -n -g --enable-analytical-storage
      User-Agent:
      - AZURECLI/2.40.0 (PIP) azsdk-python-mgmt-cosmosdb/8.0.0 Python/3.10.4 (Windows-10-10.0.22621-SP0)
    method: GET
    uri: https://management.azure.com/subscriptions/00000000-0000-0000-0000-000000000000/providers/Microsoft.DocumentDB/locations/westus/operationsStatus/b05c491a-c21d-4a78-b86b-3e6de8d84b35?api-version=2022-08-15
  response:
    body:
      string: '{"status":"Dequeued"}'
    headers:
      cache-control:
      - no-store, no-cache
      content-length:
      - '21'
      content-type:
      - application/json
      date:
      - Tue, 27 Sep 2022 14:39:27 GMT
      pragma:
      - no-cache
      server:
      - Microsoft-HTTPAPI/2.0
      strict-transport-security:
      - max-age=31536000; includeSubDomains
      transfer-encoding:
      - chunked
      vary:
      - Accept-Encoding
      x-content-type-options:
      - nosniff
      x-ms-gatewayversion:
      - version=2.14.0
    status:
      code: 200
      message: Ok
- request:
    body: null
    headers:
      Accept:
      - '*/*'
      Accept-Encoding:
      - gzip, deflate
      CommandName:
      - cosmosdb create
      Connection:
      - keep-alive
      ParameterSetName:
      - -n -g --enable-analytical-storage
      User-Agent:
      - AZURECLI/2.40.0 (PIP) azsdk-python-mgmt-cosmosdb/8.0.0 Python/3.10.4 (Windows-10-10.0.22621-SP0)
    method: GET
    uri: https://management.azure.com/subscriptions/00000000-0000-0000-0000-000000000000/providers/Microsoft.DocumentDB/locations/westus/operationsStatus/b05c491a-c21d-4a78-b86b-3e6de8d84b35?api-version=2022-08-15
  response:
    body:
      string: '{"status":"Dequeued"}'
    headers:
      cache-control:
      - no-store, no-cache
      content-length:
      - '21'
      content-type:
      - application/json
      date:
      - Tue, 27 Sep 2022 14:39:57 GMT
      pragma:
      - no-cache
      server:
      - Microsoft-HTTPAPI/2.0
      strict-transport-security:
      - max-age=31536000; includeSubDomains
      transfer-encoding:
      - chunked
      vary:
      - Accept-Encoding
      x-content-type-options:
      - nosniff
      x-ms-gatewayversion:
      - version=2.14.0
    status:
      code: 200
      message: Ok
- request:
    body: null
    headers:
      Accept:
      - '*/*'
      Accept-Encoding:
      - gzip, deflate
      CommandName:
      - cosmosdb create
      Connection:
      - keep-alive
      ParameterSetName:
      - -n -g --enable-analytical-storage
      User-Agent:
      - AZURECLI/2.40.0 (PIP) azsdk-python-mgmt-cosmosdb/8.0.0 Python/3.10.4 (Windows-10-10.0.22621-SP0)
    method: GET
    uri: https://management.azure.com/subscriptions/00000000-0000-0000-0000-000000000000/providers/Microsoft.DocumentDB/locations/westus/operationsStatus/b05c491a-c21d-4a78-b86b-3e6de8d84b35?api-version=2022-08-15
  response:
    body:
      string: '{"status":"Dequeued"}'
    headers:
      cache-control:
      - no-store, no-cache
      content-length:
      - '21'
      content-type:
      - application/json
      date:
      - Tue, 27 Sep 2022 14:40:27 GMT
      pragma:
      - no-cache
      server:
      - Microsoft-HTTPAPI/2.0
      strict-transport-security:
      - max-age=31536000; includeSubDomains
      transfer-encoding:
      - chunked
      vary:
      - Accept-Encoding
      x-content-type-options:
      - nosniff
      x-ms-gatewayversion:
      - version=2.14.0
    status:
      code: 200
      message: Ok
- request:
    body: null
    headers:
      Accept:
      - '*/*'
      Accept-Encoding:
      - gzip, deflate
      CommandName:
      - cosmosdb create
      Connection:
      - keep-alive
      ParameterSetName:
      - -n -g --enable-analytical-storage
      User-Agent:
      - AZURECLI/2.40.0 (PIP) azsdk-python-mgmt-cosmosdb/8.0.0 Python/3.10.4 (Windows-10-10.0.22621-SP0)
    method: GET
    uri: https://management.azure.com/subscriptions/00000000-0000-0000-0000-000000000000/providers/Microsoft.DocumentDB/locations/westus/operationsStatus/b05c491a-c21d-4a78-b86b-3e6de8d84b35?api-version=2022-08-15
  response:
    body:
      string: '{"status":"Succeeded"}'
    headers:
      cache-control:
      - no-store, no-cache
      content-length:
      - '22'
      content-type:
      - application/json
      date:
      - Tue, 27 Sep 2022 14:40:57 GMT
      pragma:
      - no-cache
      server:
      - Microsoft-HTTPAPI/2.0
      strict-transport-security:
      - max-age=31536000; includeSubDomains
      transfer-encoding:
      - chunked
      vary:
      - Accept-Encoding
      x-content-type-options:
      - nosniff
      x-ms-gatewayversion:
      - version=2.14.0
    status:
      code: 200
      message: Ok
- request:
    body: null
    headers:
      Accept:
      - '*/*'
      Accept-Encoding:
      - gzip, deflate
      CommandName:
      - cosmosdb create
      Connection:
      - keep-alive
      ParameterSetName:
      - -n -g --enable-analytical-storage
      User-Agent:
      - AZURECLI/2.40.0 (PIP) azsdk-python-mgmt-cosmosdb/8.0.0 Python/3.10.4 (Windows-10-10.0.22621-SP0)
    method: GET
    uri: https://management.azure.com/subscriptions/00000000-0000-0000-0000-000000000000/resourceGroups/cli_test_cosmosdb_sql_container_update_disable_analytics000001/providers/Microsoft.DocumentDB/databaseAccounts/cli000004?api-version=2022-08-15
  response:
    body:
      string: '{"id":"/subscriptions/00000000-0000-0000-0000-000000000000/resourceGroups/cli_test_cosmosdb_sql_container_update_disable_analytics000001/providers/Microsoft.DocumentDB/databaseAccounts/cli000004","name":"cli000004","location":"West
        US","type":"Microsoft.DocumentDB/databaseAccounts","kind":"GlobalDocumentDB","tags":{},"systemData":{"createdAt":"2022-09-27T14:40:11.2319273Z"},"properties":{"provisioningState":"Succeeded","documentEndpoint":"https://cli000004.documents.azure.com:443/","publicNetworkAccess":"Enabled","enableAutomaticFailover":false,"enableMultipleWriteLocations":false,"enablePartitionKeyMonitor":false,"isVirtualNetworkFilterEnabled":false,"virtualNetworkRules":[],"EnabledApiTypes":"Sql","disableKeyBasedMetadataWriteAccess":false,"enableFreeTier":false,"enableAnalyticalStorage":true,"analyticalStorageConfiguration":{"schemaType":"WellDefined"},"instanceId":"de90f91b-1f3a-40c5-ab6d-453633709e39","databaseAccountOfferType":"Standard","enableCassandraConnector":false,"connectorOffer":"","enableFullFidelityChangeFeed":false,"defaultIdentity":"FirstPartyIdentity","networkAclBypass":"None","disableLocalAuth":false,"enablePartitionMerge":false,"consistencyPolicy":{"defaultConsistencyLevel":"Session","maxIntervalInSeconds":5,"maxStalenessPrefix":100},"configurationOverrides":{},"writeLocations":[{"id":"cli000004-westus","locationName":"West
        US","documentEndpoint":"https://cli000004-westus.documents.azure.com:443/","provisioningState":"Succeeded","failoverPriority":0,"isZoneRedundant":false}],"readLocations":[{"id":"cli000004-westus","locationName":"West
        US","documentEndpoint":"https://cli000004-westus.documents.azure.com:443/","provisioningState":"Succeeded","failoverPriority":0,"isZoneRedundant":false}],"locations":[{"id":"cli000004-westus","locationName":"West
        US","documentEndpoint":"https://cli000004-westus.documents.azure.com:443/","provisioningState":"Succeeded","failoverPriority":0,"isZoneRedundant":false}],"failoverPolicies":[{"id":"cli000004-westus","locationName":"West
        US","failoverPriority":0}],"cors":[],"capabilities":[],"ipRules":[],"backupPolicy":{"type":"Periodic","periodicModeProperties":{"backupIntervalInMinutes":240,"backupRetentionIntervalInHours":8,"backupStorageRedundancy":"Geo"}},"networkAclBypassResourceIds":[],"keysMetadata":{"primaryMasterKey":{"generationTime":"2022-09-27T14:40:11.2319273Z"},"secondaryMasterKey":{"generationTime":"2022-09-27T14:40:11.2319273Z"},"primaryReadonlyMasterKey":{"generationTime":"2022-09-27T14:40:11.2319273Z"},"secondaryReadonlyMasterKey":{"generationTime":"2022-09-27T14:40:11.2319273Z"}}},"identity":{"type":"None"}}'
    headers:
      cache-control:
      - no-store, no-cache
      content-length:
      - '2618'
      content-type:
      - application/json
      date:
      - Tue, 27 Sep 2022 14:40:57 GMT
      pragma:
      - no-cache
      server:
      - Microsoft-HTTPAPI/2.0
      strict-transport-security:
      - max-age=31536000; includeSubDomains
      transfer-encoding:
      - chunked
      vary:
      - Accept-Encoding
      x-content-type-options:
      - nosniff
      x-ms-gatewayversion:
      - version=2.14.0
    status:
      code: 200
      message: Ok
- request:
    body: null
    headers:
      Accept:
      - application/json
      Accept-Encoding:
      - gzip, deflate
      CommandName:
      - cosmosdb create
      Connection:
      - keep-alive
      ParameterSetName:
      - -n -g --enable-analytical-storage
      User-Agent:
      - AZURECLI/2.40.0 (PIP) azsdk-python-mgmt-cosmosdb/8.0.0 Python/3.10.4 (Windows-10-10.0.22621-SP0)
    method: GET
    uri: https://management.azure.com/subscriptions/00000000-0000-0000-0000-000000000000/resourceGroups/cli_test_cosmosdb_sql_container_update_disable_analytics000001/providers/Microsoft.DocumentDB/databaseAccounts/cli000004?api-version=2022-08-15
  response:
    body:
      string: '{"id":"/subscriptions/00000000-0000-0000-0000-000000000000/resourceGroups/cli_test_cosmosdb_sql_container_update_disable_analytics000001/providers/Microsoft.DocumentDB/databaseAccounts/cli000004","name":"cli000004","location":"West
        US","type":"Microsoft.DocumentDB/databaseAccounts","kind":"GlobalDocumentDB","tags":{},"systemData":{"createdAt":"2022-09-27T14:40:11.2319273Z"},"properties":{"provisioningState":"Succeeded","documentEndpoint":"https://cli000004.documents.azure.com:443/","publicNetworkAccess":"Enabled","enableAutomaticFailover":false,"enableMultipleWriteLocations":false,"enablePartitionKeyMonitor":false,"isVirtualNetworkFilterEnabled":false,"virtualNetworkRules":[],"EnabledApiTypes":"Sql","disableKeyBasedMetadataWriteAccess":false,"enableFreeTier":false,"enableAnalyticalStorage":true,"analyticalStorageConfiguration":{"schemaType":"WellDefined"},"instanceId":"de90f91b-1f3a-40c5-ab6d-453633709e39","databaseAccountOfferType":"Standard","enableCassandraConnector":false,"connectorOffer":"","enableFullFidelityChangeFeed":false,"defaultIdentity":"FirstPartyIdentity","networkAclBypass":"None","disableLocalAuth":false,"enablePartitionMerge":false,"consistencyPolicy":{"defaultConsistencyLevel":"Session","maxIntervalInSeconds":5,"maxStalenessPrefix":100},"configurationOverrides":{},"writeLocations":[{"id":"cli000004-westus","locationName":"West
        US","documentEndpoint":"https://cli000004-westus.documents.azure.com:443/","provisioningState":"Succeeded","failoverPriority":0,"isZoneRedundant":false}],"readLocations":[{"id":"cli000004-westus","locationName":"West
        US","documentEndpoint":"https://cli000004-westus.documents.azure.com:443/","provisioningState":"Succeeded","failoverPriority":0,"isZoneRedundant":false}],"locations":[{"id":"cli000004-westus","locationName":"West
        US","documentEndpoint":"https://cli000004-westus.documents.azure.com:443/","provisioningState":"Succeeded","failoverPriority":0,"isZoneRedundant":false}],"failoverPolicies":[{"id":"cli000004-westus","locationName":"West
        US","failoverPriority":0}],"cors":[],"capabilities":[],"ipRules":[],"backupPolicy":{"type":"Periodic","periodicModeProperties":{"backupIntervalInMinutes":240,"backupRetentionIntervalInHours":8,"backupStorageRedundancy":"Geo"}},"networkAclBypassResourceIds":[],"keysMetadata":{"primaryMasterKey":{"generationTime":"2022-09-27T14:40:11.2319273Z"},"secondaryMasterKey":{"generationTime":"2022-09-27T14:40:11.2319273Z"},"primaryReadonlyMasterKey":{"generationTime":"2022-09-27T14:40:11.2319273Z"},"secondaryReadonlyMasterKey":{"generationTime":"2022-09-27T14:40:11.2319273Z"}}},"identity":{"type":"None"}}'
    headers:
      cache-control:
      - no-store, no-cache
      content-length:
      - '2618'
      content-type:
      - application/json
      date:
      - Tue, 27 Sep 2022 14:40:57 GMT
      pragma:
      - no-cache
      server:
      - Microsoft-HTTPAPI/2.0
      strict-transport-security:
      - max-age=31536000; includeSubDomains
      transfer-encoding:
      - chunked
      vary:
      - Accept-Encoding
      x-content-type-options:
      - nosniff
      x-ms-gatewayversion:
      - version=2.14.0
    status:
      code: 200
      message: Ok
- request:
    body: '{"properties": {"resource": {"id": "cli000002"}, "options": {}}}'
    headers:
      Accept:
      - application/json
      Accept-Encoding:
      - gzip, deflate
      CommandName:
      - cosmosdb sql database create
      Connection:
      - keep-alive
      Content-Length:
      - '64'
      Content-Type:
      - application/json
      ParameterSetName:
      - -g -a -n
      User-Agent:
      - AZURECLI/2.40.0 (PIP) azsdk-python-mgmt-cosmosdb/8.0.0 Python/3.10.4 (Windows-10-10.0.22621-SP0)
    method: PUT
    uri: https://management.azure.com/subscriptions/00000000-0000-0000-0000-000000000000/resourceGroups/cli_test_cosmosdb_sql_container_update_disable_analytics000001/providers/Microsoft.DocumentDB/databaseAccounts/cli000004/sqlDatabases/cli000002?api-version=2022-08-15
  response:
    body:
      string: '{"status":"Enqueued"}'
    headers:
      azure-asyncoperation:
      - https://management.azure.com/subscriptions/00000000-0000-0000-0000-000000000000/providers/Microsoft.DocumentDB/locations/westus/operationsStatus/eee8158d-e3f7-4f08-a5be-d9ea1c5e2e1a?api-version=2022-08-15
      cache-control:
      - no-store, no-cache
      content-length:
      - '21'
      content-type:
      - application/json
      date:
      - Tue, 27 Sep 2022 14:40:58 GMT
      location:
      - https://management.azure.com/subscriptions/00000000-0000-0000-0000-000000000000/resourceGroups/cli_test_cosmosdb_sql_container_update_disable_analytics000001/providers/Microsoft.DocumentDB/databaseAccounts/cli000004/sqlDatabases/cli000002/operationResults/eee8158d-e3f7-4f08-a5be-d9ea1c5e2e1a?api-version=2022-08-15
      pragma:
      - no-cache
      server:
      - Microsoft-HTTPAPI/2.0
      strict-transport-security:
      - max-age=31536000; includeSubDomains
      x-content-type-options:
      - nosniff
      x-ms-gatewayversion:
      - version=2.14.0
      x-ms-ratelimit-remaining-subscription-writes:
      - '1199'
    status:
      code: 202
      message: Accepted
- request:
    body: null
    headers:
      Accept:
      - '*/*'
      Accept-Encoding:
      - gzip, deflate
      CommandName:
      - cosmosdb sql database create
      Connection:
      - keep-alive
      ParameterSetName:
      - -g -a -n
      User-Agent:
      - AZURECLI/2.40.0 (PIP) azsdk-python-mgmt-cosmosdb/8.0.0 Python/3.10.4 (Windows-10-10.0.22621-SP0)
    method: GET
    uri: https://management.azure.com/subscriptions/00000000-0000-0000-0000-000000000000/providers/Microsoft.DocumentDB/locations/westus/operationsStatus/eee8158d-e3f7-4f08-a5be-d9ea1c5e2e1a?api-version=2022-08-15
  response:
    body:
      string: '{"status":"Succeeded"}'
    headers:
      cache-control:
      - no-store, no-cache
      content-length:
      - '22'
      content-type:
      - application/json
      date:
      - Tue, 27 Sep 2022 14:41:28 GMT
      pragma:
      - no-cache
      server:
      - Microsoft-HTTPAPI/2.0
      strict-transport-security:
      - max-age=31536000; includeSubDomains
      transfer-encoding:
      - chunked
      vary:
      - Accept-Encoding
      x-content-type-options:
      - nosniff
      x-ms-gatewayversion:
      - version=2.14.0
    status:
      code: 200
      message: Ok
- request:
    body: null
    headers:
      Accept:
      - '*/*'
      Accept-Encoding:
      - gzip, deflate
      CommandName:
      - cosmosdb sql database create
      Connection:
      - keep-alive
      ParameterSetName:
      - -g -a -n
      User-Agent:
      - AZURECLI/2.40.0 (PIP) azsdk-python-mgmt-cosmosdb/8.0.0 Python/3.10.4 (Windows-10-10.0.22621-SP0)
    method: GET
    uri: https://management.azure.com/subscriptions/00000000-0000-0000-0000-000000000000/resourceGroups/cli_test_cosmosdb_sql_container_update_disable_analytics000001/providers/Microsoft.DocumentDB/databaseAccounts/cli000004/sqlDatabases/cli000002?api-version=2022-08-15
  response:
    body:
      string: '{"id":"/subscriptions/00000000-0000-0000-0000-000000000000/resourceGroups/cli_test_cosmosdb_sql_container_update_disable_analytics000001/providers/Microsoft.DocumentDB/databaseAccounts/cli000004/sqlDatabases/cli000002","type":"Microsoft.DocumentDB/databaseAccounts/sqlDatabases","name":"cli000002","properties":{"resource":{"id":"cli000002","_rid":"opAbAA==","_self":"dbs/opAbAA==/","_etag":"\"0000fd09-0000-0700-0000-63330b7f0000\"","_colls":"colls/","_users":"users/","_ts":1664289663}}}'
    headers:
      cache-control:
      - no-store, no-cache
      content-length:
      - '489'
      content-type:
      - application/json
      date:
      - Tue, 27 Sep 2022 14:41:29 GMT
      pragma:
      - no-cache
      server:
      - Microsoft-HTTPAPI/2.0
      strict-transport-security:
      - max-age=31536000; includeSubDomains
      transfer-encoding:
      - chunked
      vary:
      - Accept-Encoding
      x-content-type-options:
      - nosniff
      x-ms-gatewayversion:
      - version=2.14.0
    status:
      code: 200
      message: Ok
- request:
    body: '{"properties": {"resource": {"id": "cli000003", "indexingPolicy": {"automatic":
      true, "indexingMode": "consistent", "includedPaths": [{"path": "/*"}], "excludedPaths":
      [{"path": "/\"_etag\"/?"}]}, "partitionKey": {"paths": ["/thePartitionKey"],
      "kind": "Hash"}, "analyticalStorageTtl": 3000}, "options": {}}}'
    headers:
      Accept:
      - application/json
      Accept-Encoding:
      - gzip, deflate
      CommandName:
      - cosmosdb sql container create
      Connection:
      - keep-alive
      Content-Length:
      - '308'
      Content-Type:
      - application/json
      ParameterSetName:
      - -g -a -d -n -p --analytical-storage-ttl
      User-Agent:
      - AZURECLI/2.40.0 (PIP) azsdk-python-mgmt-cosmosdb/8.0.0 Python/3.10.4 (Windows-10-10.0.22621-SP0)
    method: PUT
    uri: https://management.azure.com/subscriptions/00000000-0000-0000-0000-000000000000/resourceGroups/cli_test_cosmosdb_sql_container_update_disable_analytics000001/providers/Microsoft.DocumentDB/databaseAccounts/cli000004/sqlDatabases/cli000002/containers/cli000003?api-version=2022-08-15
  response:
    body:
      string: '{"status":"Enqueued"}'
    headers:
      azure-asyncoperation:
      - https://management.azure.com/subscriptions/00000000-0000-0000-0000-000000000000/providers/Microsoft.DocumentDB/locations/westus/operationsStatus/784d7fe6-67ad-48a5-988e-8674a511018d?api-version=2022-08-15
      cache-control:
      - no-store, no-cache
      content-length:
      - '21'
      content-type:
      - application/json
      date:
      - Tue, 27 Sep 2022 14:41:30 GMT
      location:
      - https://management.azure.com/subscriptions/00000000-0000-0000-0000-000000000000/resourceGroups/cli_test_cosmosdb_sql_container_update_disable_analytics000001/providers/Microsoft.DocumentDB/databaseAccounts/cli000004/sqlDatabases/cli000002/containers/cli000003/operationResults/784d7fe6-67ad-48a5-988e-8674a511018d?api-version=2022-08-15
      pragma:
      - no-cache
      server:
      - Microsoft-HTTPAPI/2.0
      strict-transport-security:
      - max-age=31536000; includeSubDomains
      x-content-type-options:
      - nosniff
      x-ms-gatewayversion:
      - version=2.14.0
      x-ms-ratelimit-remaining-subscription-writes:
      - '1199'
    status:
      code: 202
      message: Accepted
- request:
    body: null
    headers:
      Accept:
      - '*/*'
      Accept-Encoding:
      - gzip, deflate
      CommandName:
      - cosmosdb sql container create
      Connection:
      - keep-alive
      ParameterSetName:
      - -g -a -d -n -p --analytical-storage-ttl
      User-Agent:
      - AZURECLI/2.40.0 (PIP) azsdk-python-mgmt-cosmosdb/8.0.0 Python/3.10.4 (Windows-10-10.0.22621-SP0)
    method: GET
    uri: https://management.azure.com/subscriptions/00000000-0000-0000-0000-000000000000/providers/Microsoft.DocumentDB/locations/westus/operationsStatus/784d7fe6-67ad-48a5-988e-8674a511018d?api-version=2022-08-15
  response:
    body:
      string: '{"status":"Succeeded"}'
    headers:
      cache-control:
      - no-store, no-cache
      content-length:
      - '22'
      content-type:
      - application/json
      date:
      - Tue, 27 Sep 2022 14:42:00 GMT
      pragma:
      - no-cache
      server:
      - Microsoft-HTTPAPI/2.0
      strict-transport-security:
      - max-age=31536000; includeSubDomains
      transfer-encoding:
      - chunked
      vary:
      - Accept-Encoding
      x-content-type-options:
      - nosniff
      x-ms-gatewayversion:
      - version=2.14.0
    status:
      code: 200
      message: Ok
- request:
    body: null
    headers:
      Accept:
      - '*/*'
      Accept-Encoding:
      - gzip, deflate
      CommandName:
      - cosmosdb sql container create
      Connection:
      - keep-alive
      ParameterSetName:
      - -g -a -d -n -p --analytical-storage-ttl
      User-Agent:
      - AZURECLI/2.40.0 (PIP) azsdk-python-mgmt-cosmosdb/8.0.0 Python/3.10.4 (Windows-10-10.0.22621-SP0)
    method: GET
    uri: https://management.azure.com/subscriptions/00000000-0000-0000-0000-000000000000/resourceGroups/cli_test_cosmosdb_sql_container_update_disable_analytics000001/providers/Microsoft.DocumentDB/databaseAccounts/cli000004/sqlDatabases/cli000002/containers/cli000003?api-version=2022-08-15
  response:
    body:
      string: '{"id":"/subscriptions/00000000-0000-0000-0000-000000000000/resourceGroups/cli_test_cosmosdb_sql_container_update_disable_analytics000001/providers/Microsoft.DocumentDB/databaseAccounts/cli000004/sqlDatabases/cli000002/containers/cli000003","type":"Microsoft.DocumentDB/databaseAccounts/sqlDatabases/containers","name":"cli000003","properties":{"resource":{"id":"cli000003","indexingPolicy":{"indexingMode":"consistent","automatic":true,"includedPaths":[{"path":"/*"}],"excludedPaths":[{"path":"/\"_etag\"/?"}]},"partitionKey":{"paths":["/thePartitionKey"],"kind":"Hash"},"uniqueKeyPolicy":{"uniqueKeys":[]},"conflictResolutionPolicy":{"mode":"LastWriterWins","conflictResolutionPath":"/_ts","conflictResolutionProcedure":""},"geospatialConfig":{"type":"Geography"},"analyticalStorageTtl":3000,"_rid":"opAbANDq9TI=","_ts":1664289695,"_self":"dbs/opAbAA==/colls/opAbANDq9TI=/","_etag":"\"0000ff09-0000-0700-0000-63330b9f0000\"","_docs":"docs/","_sprocs":"sprocs/","_triggers":"triggers/","_udfs":"udfs/","_conflicts":"conflicts/","statistics":[{"id":"0","sizeInKB":0,"documentCount":0,"sampledDistinctPartitionKeyCount":0,"partitionKeys":[]}]}}}'
    headers:
      cache-control:
      - no-store, no-cache
      content-length:
      - '1143'
      content-type:
      - application/json
      date:
      - Tue, 27 Sep 2022 14:42:00 GMT
      pragma:
      - no-cache
      server:
      - Microsoft-HTTPAPI/2.0
      strict-transport-security:
      - max-age=31536000; includeSubDomains
      transfer-encoding:
      - chunked
      vary:
      - Accept-Encoding
      x-content-type-options:
      - nosniff
      x-ms-gatewayversion:
      - version=2.14.0
    status:
      code: 200
      message: Ok
- request:
    body: null
    headers:
      Accept:
      - application/json
      Accept-Encoding:
      - gzip, deflate
      CommandName:
      - cosmosdb sql container update
      Connection:
      - keep-alive
      ParameterSetName:
      - -g -a -d -n --analytical-storage-ttl
      User-Agent:
      - AZURECLI/2.40.0 (PIP) azsdk-python-mgmt-cosmosdb/8.0.0 Python/3.10.4 (Windows-10-10.0.22621-SP0)
    method: GET
    uri: https://management.azure.com/subscriptions/00000000-0000-0000-0000-000000000000/resourceGroups/cli_test_cosmosdb_sql_container_update_disable_analytics000001/providers/Microsoft.DocumentDB/databaseAccounts/cli000004/sqlDatabases/cli000002/containers/cli000003?api-version=2022-08-15
  response:
    body:
      string: '{"id":"/subscriptions/00000000-0000-0000-0000-000000000000/resourceGroups/cli_test_cosmosdb_sql_container_update_disable_analytics000001/providers/Microsoft.DocumentDB/databaseAccounts/cli000004/sqlDatabases/cli000002/containers/cli000003","type":"Microsoft.DocumentDB/databaseAccounts/sqlDatabases/containers","name":"cli000003","properties":{"resource":{"id":"cli000003","indexingPolicy":{"indexingMode":"consistent","automatic":true,"includedPaths":[{"path":"/*"}],"excludedPaths":[{"path":"/\"_etag\"/?"}]},"partitionKey":{"paths":["/thePartitionKey"],"kind":"Hash"},"uniqueKeyPolicy":{"uniqueKeys":[]},"conflictResolutionPolicy":{"mode":"LastWriterWins","conflictResolutionPath":"/_ts","conflictResolutionProcedure":""},"geospatialConfig":{"type":"Geography"},"analyticalStorageTtl":3000,"_rid":"opAbANDq9TI=","_ts":1664289695,"_self":"dbs/opAbAA==/colls/opAbANDq9TI=/","_etag":"\"0000ff09-0000-0700-0000-63330b9f0000\"","_docs":"docs/","_sprocs":"sprocs/","_triggers":"triggers/","_udfs":"udfs/","_conflicts":"conflicts/","statistics":[{"id":"0","sizeInKB":0,"documentCount":0,"sampledDistinctPartitionKeyCount":0,"partitionKeys":[]}]}}}'
    headers:
      cache-control:
      - no-store, no-cache
      content-length:
      - '1143'
      content-type:
      - application/json
      date:
      - Tue, 27 Sep 2022 14:42:02 GMT
      pragma:
      - no-cache
      server:
      - Microsoft-HTTPAPI/2.0
      strict-transport-security:
      - max-age=31536000; includeSubDomains
      transfer-encoding:
      - chunked
      vary:
      - Accept-Encoding
      x-content-type-options:
      - nosniff
      x-ms-gatewayversion:
      - version=2.14.0
    status:
      code: 200
      message: Ok
- request:
    body: '{"properties": {"resource": {"id": "cli000003", "indexingPolicy": {"automatic":
      true, "indexingMode": "consistent", "includedPaths": [{"path": "/*"}], "excludedPaths":
      [{"path": "/\"_etag\"/?"}]}, "partitionKey": {"paths": ["/thePartitionKey"],
      "kind": "Hash"}, "uniqueKeyPolicy": {"uniqueKeys": []}, "conflictResolutionPolicy":
      {"mode": "LastWriterWins", "conflictResolutionPath": "/_ts", "conflictResolutionProcedure":
      ""}, "analyticalStorageTtl": 0}, "options": {}}}'
    headers:
      Accept:
      - application/json
      Accept-Encoding:
      - gzip, deflate
      CommandName:
      - cosmosdb sql container update
      Connection:
      - keep-alive
      Content-Length:
      - '469'
      Content-Type:
      - application/json
      ParameterSetName:
      - -g -a -d -n --analytical-storage-ttl
      User-Agent:
      - AZURECLI/2.40.0 (PIP) azsdk-python-mgmt-cosmosdb/8.0.0 Python/3.10.4 (Windows-10-10.0.22621-SP0)
    method: PUT
    uri: https://management.azure.com/subscriptions/00000000-0000-0000-0000-000000000000/resourceGroups/cli_test_cosmosdb_sql_container_update_disable_analytics000001/providers/Microsoft.DocumentDB/databaseAccounts/cli000004/sqlDatabases/cli000002/containers/cli000003?api-version=2022-08-15
  response:
    body:
      string: '{"status":"Enqueued"}'
    headers:
      azure-asyncoperation:
      - https://management.azure.com/subscriptions/00000000-0000-0000-0000-000000000000/providers/Microsoft.DocumentDB/locations/westus/operationsStatus/48e60303-fcc8-4dce-868b-ccd1b7e09dae?api-version=2022-08-15
      cache-control:
      - no-store, no-cache
      content-length:
      - '21'
      content-type:
      - application/json
      date:
      - Tue, 27 Sep 2022 14:42:03 GMT
      location:
      - https://management.azure.com/subscriptions/00000000-0000-0000-0000-000000000000/resourceGroups/cli_test_cosmosdb_sql_container_update_disable_analytics000001/providers/Microsoft.DocumentDB/databaseAccounts/cli000004/sqlDatabases/cli000002/containers/cli000003/operationResults/48e60303-fcc8-4dce-868b-ccd1b7e09dae?api-version=2022-08-15
      pragma:
      - no-cache
      server:
      - Microsoft-HTTPAPI/2.0
      strict-transport-security:
      - max-age=31536000; includeSubDomains
      x-content-type-options:
      - nosniff
      x-ms-gatewayversion:
      - version=2.14.0
      x-ms-ratelimit-remaining-subscription-writes:
      - '1199'
    status:
      code: 202
      message: Accepted
- request:
    body: null
    headers:
      Accept:
      - '*/*'
      Accept-Encoding:
      - gzip, deflate
      CommandName:
      - cosmosdb sql container update
      Connection:
      - keep-alive
      ParameterSetName:
      - -g -a -d -n --analytical-storage-ttl
      User-Agent:
      - AZURECLI/2.40.0 (PIP) azsdk-python-mgmt-cosmosdb/8.0.0 Python/3.10.4 (Windows-10-10.0.22621-SP0)
    method: GET
    uri: https://management.azure.com/subscriptions/00000000-0000-0000-0000-000000000000/providers/Microsoft.DocumentDB/locations/westus/operationsStatus/48e60303-fcc8-4dce-868b-ccd1b7e09dae?api-version=2022-08-15
  response:
    body:
      string: '{"status":"Succeeded"}'
    headers:
      cache-control:
      - no-store, no-cache
      content-length:
      - '22'
      content-type:
      - application/json
      date:
      - Tue, 27 Sep 2022 14:42:33 GMT
      pragma:
      - no-cache
      server:
      - Microsoft-HTTPAPI/2.0
      strict-transport-security:
      - max-age=31536000; includeSubDomains
      transfer-encoding:
      - chunked
      vary:
      - Accept-Encoding
      x-content-type-options:
      - nosniff
      x-ms-gatewayversion:
      - version=2.14.0
    status:
      code: 200
      message: Ok
- request:
    body: null
    headers:
      Accept:
      - '*/*'
      Accept-Encoding:
      - gzip, deflate
      CommandName:
      - cosmosdb sql container update
      Connection:
      - keep-alive
      ParameterSetName:
      - -g -a -d -n --analytical-storage-ttl
      User-Agent:
      - AZURECLI/2.40.0 (PIP) azsdk-python-mgmt-cosmosdb/8.0.0 Python/3.10.4 (Windows-10-10.0.22621-SP0)
    method: GET
    uri: https://management.azure.com/subscriptions/00000000-0000-0000-0000-000000000000/resourceGroups/cli_test_cosmosdb_sql_container_update_disable_analytics000001/providers/Microsoft.DocumentDB/databaseAccounts/cli000004/sqlDatabases/cli000002/containers/cli000003?api-version=2022-08-15
  response:
    body:
      string: '{"id":"/subscriptions/00000000-0000-0000-0000-000000000000/resourceGroups/cli_test_cosmosdb_sql_container_update_disable_analytics000001/providers/Microsoft.DocumentDB/databaseAccounts/cli000004/sqlDatabases/cli000002/containers/cli000003","type":"Microsoft.DocumentDB/databaseAccounts/sqlDatabases/containers","name":"cli000003","properties":{"resource":{"id":"cli000003","indexingPolicy":{"indexingMode":"consistent","automatic":true,"includedPaths":[{"path":"/*"}],"excludedPaths":[{"path":"/\"_etag\"/?"}]},"partitionKey":{"paths":["/thePartitionKey"],"kind":"Hash"},"uniqueKeyPolicy":{"uniqueKeys":[]},"conflictResolutionPolicy":{"mode":"LastWriterWins","conflictResolutionPath":"/_ts","conflictResolutionProcedure":""},"geospatialConfig":{"type":"Geography"},"analyticalStorageTtl":0,"_rid":"opAbANDq9TI=","_ts":1664289728,"_self":"dbs/opAbAA==/colls/opAbANDq9TI=/","_etag":"\"0000050a-0000-0700-0000-63330bc00000\"","_docs":"docs/","_sprocs":"sprocs/","_triggers":"triggers/","_udfs":"udfs/","_conflicts":"conflicts/","statistics":[{"id":"0","sizeInKB":0,"documentCount":0,"sampledDistinctPartitionKeyCount":0,"partitionKeys":[]}]}}}'
    headers:
      cache-control:
      - no-store, no-cache
      content-length:
      - '1140'
      content-type:
      - application/json
      date:
      - Tue, 27 Sep 2022 14:42:33 GMT
      pragma:
      - no-cache
      server:
      - Microsoft-HTTPAPI/2.0
      strict-transport-security:
      - max-age=31536000; includeSubDomains
      transfer-encoding:
      - chunked
      vary:
      - Accept-Encoding
      x-content-type-options:
      - nosniff
      x-ms-gatewayversion:
      - version=2.14.0
    status:
      code: 200
      message: Ok
- request:
    body: null
    headers:
      Accept:
      - '*/*'
      Accept-Encoding:
      - gzip, deflate
      CommandName:
      - cosmosdb sql container delete
      Connection:
      - keep-alive
      Content-Length:
      - '0'
      ParameterSetName:
      - -g -a -d -n --yes
      User-Agent:
      - AZURECLI/2.40.0 (PIP) azsdk-python-mgmt-cosmosdb/8.0.0 Python/3.10.4 (Windows-10-10.0.22621-SP0)
    method: DELETE
    uri: https://management.azure.com/subscriptions/00000000-0000-0000-0000-000000000000/resourceGroups/cli_test_cosmosdb_sql_container_update_disable_analytics000001/providers/Microsoft.DocumentDB/databaseAccounts/cli000004/sqlDatabases/cli000002/containers/cli000003?api-version=2022-08-15
  response:
    body:
      string: '{"status":"Enqueued"}'
    headers:
      azure-asyncoperation:
      - https://management.azure.com/subscriptions/00000000-0000-0000-0000-000000000000/providers/Microsoft.DocumentDB/locations/westus/operationsStatus/dd55ca17-510c-40ab-bf9a-24d5cebcf320?api-version=2022-08-15
      cache-control:
      - no-store, no-cache
      content-length:
      - '21'
      content-type:
      - application/json
      date:
      - Tue, 27 Sep 2022 14:42:34 GMT
      location:
      - https://management.azure.com/subscriptions/00000000-0000-0000-0000-000000000000/resourceGroups/cli_test_cosmosdb_sql_container_update_disable_analytics000001/providers/Microsoft.DocumentDB/databaseAccounts/cli000004/sqlDatabases/cli000002/containers/cli000003/operationResults/dd55ca17-510c-40ab-bf9a-24d5cebcf320?api-version=2022-08-15
      pragma:
      - no-cache
      server:
      - Microsoft-HTTPAPI/2.0
      strict-transport-security:
      - max-age=31536000; includeSubDomains
      x-content-type-options:
      - nosniff
      x-ms-gatewayversion:
      - version=2.14.0
      x-ms-ratelimit-remaining-subscription-deletes:
      - '14999'
    status:
      code: 202
      message: Accepted
- request:
    body: null
    headers:
      Accept:
      - '*/*'
      Accept-Encoding:
      - gzip, deflate
      CommandName:
      - cosmosdb sql container delete
      Connection:
      - keep-alive
      ParameterSetName:
      - -g -a -d -n --yes
      User-Agent:
      - AZURECLI/2.40.0 (PIP) azsdk-python-mgmt-cosmosdb/8.0.0 Python/3.10.4 (Windows-10-10.0.22621-SP0)
    method: GET
    uri: https://management.azure.com/subscriptions/00000000-0000-0000-0000-000000000000/providers/Microsoft.DocumentDB/locations/westus/operationsStatus/dd55ca17-510c-40ab-bf9a-24d5cebcf320?api-version=2022-08-15
  response:
    body:
      string: '{"status":"Succeeded"}'
    headers:
      cache-control:
      - no-store, no-cache
      content-length:
      - '22'
      content-type:
      - application/json
      date:
      - Tue, 27 Sep 2022 14:43:04 GMT
      pragma:
      - no-cache
      server:
      - Microsoft-HTTPAPI/2.0
      strict-transport-security:
      - max-age=31536000; includeSubDomains
      transfer-encoding:
      - chunked
      vary:
      - Accept-Encoding
      x-content-type-options:
      - nosniff
      x-ms-gatewayversion:
      - version=2.14.0
    status:
      code: 200
      message: Ok
- request:
    body: null
    headers:
      Accept:
      - application/json
      Accept-Encoding:
      - gzip, deflate
      CommandName:
      - cosmosdb sql container list
      Connection:
      - keep-alive
      ParameterSetName:
      - -g -a -d
      User-Agent:
      - AZURECLI/2.40.0 (PIP) azsdk-python-mgmt-cosmosdb/8.0.0 Python/3.10.4 (Windows-10-10.0.22621-SP0)
    method: GET
    uri: https://management.azure.com/subscriptions/00000000-0000-0000-0000-000000000000/resourceGroups/cli_test_cosmosdb_sql_container_update_disable_analytics000001/providers/Microsoft.DocumentDB/databaseAccounts/cli000004/sqlDatabases/cli000002/containers?api-version=2022-08-15
  response:
    body:
      string: '{"value":[]}'
    headers:
      cache-control:
      - no-store, no-cache
      content-length:
      - '12'
      content-type:
      - application/json
      date:
      - Tue, 27 Sep 2022 14:43:06 GMT
      pragma:
      - no-cache
      server:
      - Microsoft-HTTPAPI/2.0
      strict-transport-security:
      - max-age=31536000; includeSubDomains
      transfer-encoding:
      - chunked
      vary:
      - Accept-Encoding
      x-content-type-options:
      - nosniff
      x-ms-gatewayversion:
      - version=2.14.0
    status:
      code: 200
      message: Ok
version: 1
