interactions:
- request:
    body: null
    headers:
      Accept:
      - application/json
      Accept-Encoding:
      - gzip, deflate
      CommandName:
      - cosmosdb create
      Connection:
      - keep-alive
      ParameterSetName:
      - -n -g --backup-policy-type --locations --capabilities
      User-Agent:
      - AZURECLI/2.49.0 azsdk-python-azure-mgmt-resource/22.0.0 Python/3.10.11 (Windows-10-10.0.22621-SP0)
    method: GET
    uri: https://management.azure.com/subscriptions/00000000-0000-0000-0000-000000000000/resourcegroups/cli_test_cosmosdb_gremlin_restorable_commands000001?api-version=2022-09-01
  response:
    body:
      string: '{"id":"/subscriptions/00000000-0000-0000-0000-000000000000/resourceGroups/cli_test_cosmosdb_gremlin_restorable_commands000001","name":"cli_test_cosmosdb_gremlin_restorable_commands000001","type":"Microsoft.Resources/resourceGroups","location":"eastus2","tags":{"product":"azurecli","cause":"automation","test":"test_cosmosdb_gremlin_restorable_commands","date":"2023-05-30T19:13:59Z","module":"cosmosdb"},"properties":{"provisioningState":"Succeeded"}}'
    headers:
      cache-control:
      - no-cache
      content-length:
      - '452'
      content-type:
      - application/json; charset=utf-8
      date:
      - Tue, 30 May 2023 19:13:59 GMT
      expires:
      - '-1'
      pragma:
      - no-cache
      strict-transport-security:
      - max-age=31536000; includeSubDomains
      vary:
      - Accept-Encoding
      x-content-type-options:
      - nosniff
    status:
      code: 200
      message: OK
- request:
    body: '{"location": "eastus2", "kind": "GlobalDocumentDB", "properties": {"locations":
      [{"locationName": "eastus2", "failoverPriority": 0, "isZoneRedundant": false}],
      "databaseAccountOfferType": "Standard", "capabilities": [{"name": "EnableGremlin"}],
      "apiProperties": {}, "createMode": "Default", "backupPolicy": {"type": "Continuous",
      "continuousModeProperties": {"tier": "Continuous30Days"}}}}'
    headers:
      Accept:
      - application/json
      Accept-Encoding:
      - gzip, deflate
      CommandName:
      - cosmosdb create
      Connection:
      - keep-alive
      Content-Length:
      - '389'
      Content-Type:
      - application/json
      ParameterSetName:
      - -n -g --backup-policy-type --locations --capabilities
      User-Agent:
      - AZURECLI/2.49.0 azsdk-python-mgmt-cosmosdb/9.2.0 Python/3.10.11 (Windows-10-10.0.22621-SP0)
    method: PUT
    uri: https://management.azure.com/subscriptions/00000000-0000-0000-0000-000000000000/resourceGroups/cli_test_cosmosdb_gremlin_restorable_commands000001/providers/Microsoft.DocumentDB/databaseAccounts/cli000004?api-version=2023-04-15
  response:
    body:
      string: '{"id":"/subscriptions/00000000-0000-0000-0000-000000000000/resourceGroups/cli_test_cosmosdb_gremlin_restorable_commands000001/providers/Microsoft.DocumentDB/databaseAccounts/cli000004","name":"cli000004","location":"East
        US 2","type":"Microsoft.DocumentDB/databaseAccounts","kind":"GlobalDocumentDB","tags":{},"systemData":{"createdAt":"2023-05-30T19:14:03.3617471Z"},"properties":{"provisioningState":"Creating","publicNetworkAccess":"Enabled","enableAutomaticFailover":false,"enableMultipleWriteLocations":false,"enablePartitionKeyMonitor":false,"isVirtualNetworkFilterEnabled":false,"virtualNetworkRules":[],"EnabledApiTypes":"Gremlin,
        Sql","disableKeyBasedMetadataWriteAccess":false,"enableFreeTier":false,"enableAnalyticalStorage":false,"analyticalStorageConfiguration":{"schemaType":"WellDefined"},"instanceId":"3f448125-f038-42b0-9100-44a2fcc1ddad","createMode":"Default","databaseAccountOfferType":"Standard","defaultIdentity":"","networkAclBypass":"None","disableLocalAuth":false,"enablePartitionMerge":false,"minimalTlsVersion":"Tls","consistencyPolicy":{"defaultConsistencyLevel":"Session","maxIntervalInSeconds":5,"maxStalenessPrefix":100},"configurationOverrides":{},"writeLocations":[{"id":"cli000004-eastus2","locationName":"East
        US 2","provisioningState":"Creating","failoverPriority":0,"isZoneRedundant":false}],"readLocations":[{"id":"cli000004-eastus2","locationName":"East
        US 2","provisioningState":"Creating","failoverPriority":0,"isZoneRedundant":false}],"locations":[{"id":"cli000004-eastus2","locationName":"East
        US 2","provisioningState":"Creating","failoverPriority":0,"isZoneRedundant":false}],"failoverPolicies":[{"id":"cli000004-eastus2","locationName":"East
        US 2","failoverPriority":0}],"cors":[],"capabilities":[{"name":"EnableGremlin"}],"ipRules":[],"backupPolicy":{"type":"Continuous","continuousModeProperties":{"tier":"Continuous30Days"}},"networkAclBypassResourceIds":[],"keysMetadata":{"primaryMasterKey":{"generationTime":"2023-05-30T19:14:03.3617471Z"},"secondaryMasterKey":{"generationTime":"2023-05-30T19:14:03.3617471Z"},"primaryReadonlyMasterKey":{"generationTime":"2023-05-30T19:14:03.3617471Z"},"secondaryReadonlyMasterKey":{"generationTime":"2023-05-30T19:14:03.3617471Z"}}},"identity":{"type":"None"}}'
    headers:
      azure-asyncoperation:
      - https://management.azure.com/subscriptions/00000000-0000-0000-0000-000000000000/providers/Microsoft.DocumentDB/locations/eastus2/operationsStatus/a4a97741-f450-42c3-8a62-95c4dbe97d37?api-version=2023-04-15
      cache-control:
      - no-store, no-cache
      content-length:
      - '2248'
      content-type:
      - application/json
      date:
      - Tue, 30 May 2023 19:14:04 GMT
      location:
      - https://management.azure.com/subscriptions/00000000-0000-0000-0000-000000000000/resourceGroups/cli_test_cosmosdb_gremlin_restorable_commands000001/providers/Microsoft.DocumentDB/databaseAccounts/cli000004/operationResults/a4a97741-f450-42c3-8a62-95c4dbe97d37?api-version=2023-04-15
      pragma:
      - no-cache
      server:
      - Microsoft-HTTPAPI/2.0
      strict-transport-security:
      - max-age=31536000; includeSubDomains
      transfer-encoding:
      - chunked
      vary:
      - Accept-Encoding
      x-content-type-options:
      - nosniff
      x-ms-gatewayversion:
      - version=2.14.0
      x-ms-ratelimit-remaining-subscription-writes:
      - '1199'
    status:
      code: 200
      message: Ok
- request:
    body: null
    headers:
      Accept:
      - '*/*'
      Accept-Encoding:
      - gzip, deflate
      CommandName:
      - cosmosdb create
      Connection:
      - keep-alive
      ParameterSetName:
      - -n -g --backup-policy-type --locations --capabilities
      User-Agent:
      - AZURECLI/2.49.0 azsdk-python-mgmt-cosmosdb/9.2.0 Python/3.10.11 (Windows-10-10.0.22621-SP0)
    method: GET
    uri: https://management.azure.com/subscriptions/00000000-0000-0000-0000-000000000000/providers/Microsoft.DocumentDB/locations/eastus2/operationsStatus/a4a97741-f450-42c3-8a62-95c4dbe97d37?api-version=2023-04-15
  response:
    body:
      string: '{"status":"Enqueued"}'
    headers:
      cache-control:
      - no-store, no-cache
      content-length:
      - '21'
      content-type:
      - application/json
      date:
      - Tue, 30 May 2023 19:14:04 GMT
      pragma:
      - no-cache
      server:
      - Microsoft-HTTPAPI/2.0
      strict-transport-security:
      - max-age=31536000; includeSubDomains
      transfer-encoding:
      - chunked
      vary:
      - Accept-Encoding
      x-content-type-options:
      - nosniff
      x-ms-gatewayversion:
      - version=2.14.0
    status:
      code: 200
      message: Ok
- request:
    body: null
    headers:
      Accept:
      - '*/*'
      Accept-Encoding:
      - gzip, deflate
      CommandName:
      - cosmosdb create
      Connection:
      - keep-alive
      ParameterSetName:
      - -n -g --backup-policy-type --locations --capabilities
      User-Agent:
      - AZURECLI/2.49.0 azsdk-python-mgmt-cosmosdb/9.2.0 Python/3.10.11 (Windows-10-10.0.22621-SP0)
    method: GET
    uri: https://management.azure.com/subscriptions/00000000-0000-0000-0000-000000000000/providers/Microsoft.DocumentDB/locations/eastus2/operationsStatus/a4a97741-f450-42c3-8a62-95c4dbe97d37?api-version=2023-04-15
  response:
    body:
      string: '{"status":"Dequeued"}'
    headers:
      cache-control:
      - no-store, no-cache
      content-length:
      - '21'
      content-type:
      - application/json
      date:
      - Tue, 30 May 2023 19:14:34 GMT
      pragma:
      - no-cache
      server:
      - Microsoft-HTTPAPI/2.0
      strict-transport-security:
      - max-age=31536000; includeSubDomains
      transfer-encoding:
      - chunked
      vary:
      - Accept-Encoding
      x-content-type-options:
      - nosniff
      x-ms-gatewayversion:
      - version=2.14.0
    status:
      code: 200
      message: Ok
- request:
    body: null
    headers:
      Accept:
      - '*/*'
      Accept-Encoding:
      - gzip, deflate
      CommandName:
      - cosmosdb create
      Connection:
      - keep-alive
      ParameterSetName:
      - -n -g --backup-policy-type --locations --capabilities
      User-Agent:
      - AZURECLI/2.49.0 azsdk-python-mgmt-cosmosdb/9.2.0 Python/3.10.11 (Windows-10-10.0.22621-SP0)
    method: GET
    uri: https://management.azure.com/subscriptions/00000000-0000-0000-0000-000000000000/providers/Microsoft.DocumentDB/locations/eastus2/operationsStatus/a4a97741-f450-42c3-8a62-95c4dbe97d37?api-version=2023-04-15
  response:
    body:
      string: '{"status":"Dequeued"}'
    headers:
      cache-control:
      - no-store, no-cache
      content-length:
      - '21'
      content-type:
      - application/json
      date:
      - Tue, 30 May 2023 19:15:04 GMT
      pragma:
      - no-cache
      server:
      - Microsoft-HTTPAPI/2.0
      strict-transport-security:
      - max-age=31536000; includeSubDomains
      transfer-encoding:
      - chunked
      vary:
      - Accept-Encoding
      x-content-type-options:
      - nosniff
      x-ms-gatewayversion:
      - version=2.14.0
    status:
      code: 200
      message: Ok
- request:
    body: null
    headers:
      Accept:
      - '*/*'
      Accept-Encoding:
      - gzip, deflate
      CommandName:
      - cosmosdb create
      Connection:
      - keep-alive
      ParameterSetName:
      - -n -g --backup-policy-type --locations --capabilities
      User-Agent:
      - AZURECLI/2.49.0 azsdk-python-mgmt-cosmosdb/9.2.0 Python/3.10.11 (Windows-10-10.0.22621-SP0)
    method: GET
    uri: https://management.azure.com/subscriptions/00000000-0000-0000-0000-000000000000/providers/Microsoft.DocumentDB/locations/eastus2/operationsStatus/a4a97741-f450-42c3-8a62-95c4dbe97d37?api-version=2023-04-15
  response:
    body:
      string: '{"status":"Dequeued"}'
    headers:
      cache-control:
      - no-store, no-cache
      content-length:
      - '21'
      content-type:
      - application/json
      date:
      - Tue, 30 May 2023 19:15:35 GMT
      pragma:
      - no-cache
      server:
      - Microsoft-HTTPAPI/2.0
      strict-transport-security:
      - max-age=31536000; includeSubDomains
      transfer-encoding:
      - chunked
      vary:
      - Accept-Encoding
      x-content-type-options:
      - nosniff
      x-ms-gatewayversion:
      - version=2.14.0
    status:
      code: 200
      message: Ok
- request:
    body: null
    headers:
      Accept:
      - '*/*'
      Accept-Encoding:
      - gzip, deflate
      CommandName:
      - cosmosdb create
      Connection:
      - keep-alive
      ParameterSetName:
      - -n -g --backup-policy-type --locations --capabilities
      User-Agent:
      - AZURECLI/2.49.0 azsdk-python-mgmt-cosmosdb/9.2.0 Python/3.10.11 (Windows-10-10.0.22621-SP0)
    method: GET
    uri: https://management.azure.com/subscriptions/00000000-0000-0000-0000-000000000000/providers/Microsoft.DocumentDB/locations/eastus2/operationsStatus/a4a97741-f450-42c3-8a62-95c4dbe97d37?api-version=2023-04-15
  response:
    body:
      string: '{"status":"Dequeued"}'
    headers:
      cache-control:
      - no-store, no-cache
      content-length:
      - '21'
      content-type:
      - application/json
      date:
      - Tue, 30 May 2023 19:16:05 GMT
      pragma:
      - no-cache
      server:
      - Microsoft-HTTPAPI/2.0
      strict-transport-security:
      - max-age=31536000; includeSubDomains
      transfer-encoding:
      - chunked
      vary:
      - Accept-Encoding
      x-content-type-options:
      - nosniff
      x-ms-gatewayversion:
      - version=2.14.0
    status:
      code: 200
      message: Ok
- request:
    body: null
    headers:
      Accept:
      - '*/*'
      Accept-Encoding:
      - gzip, deflate
      CommandName:
      - cosmosdb create
      Connection:
      - keep-alive
      ParameterSetName:
      - -n -g --backup-policy-type --locations --capabilities
      User-Agent:
      - AZURECLI/2.49.0 azsdk-python-mgmt-cosmosdb/9.2.0 Python/3.10.11 (Windows-10-10.0.22621-SP0)
    method: GET
    uri: https://management.azure.com/subscriptions/00000000-0000-0000-0000-000000000000/providers/Microsoft.DocumentDB/locations/eastus2/operationsStatus/a4a97741-f450-42c3-8a62-95c4dbe97d37?api-version=2023-04-15
  response:
    body:
      string: '{"status":"Dequeued"}'
    headers:
      cache-control:
      - no-store, no-cache
      content-length:
      - '21'
      content-type:
      - application/json
      date:
      - Tue, 30 May 2023 19:16:35 GMT
      pragma:
      - no-cache
      server:
      - Microsoft-HTTPAPI/2.0
      strict-transport-security:
      - max-age=31536000; includeSubDomains
      transfer-encoding:
      - chunked
      vary:
      - Accept-Encoding
      x-content-type-options:
      - nosniff
      x-ms-gatewayversion:
      - version=2.14.0
    status:
      code: 200
      message: Ok
- request:
    body: null
    headers:
      Accept:
      - '*/*'
      Accept-Encoding:
      - gzip, deflate
      CommandName:
      - cosmosdb create
      Connection:
      - keep-alive
      ParameterSetName:
      - -n -g --backup-policy-type --locations --capabilities
      User-Agent:
      - AZURECLI/2.49.0 azsdk-python-mgmt-cosmosdb/9.2.0 Python/3.10.11 (Windows-10-10.0.22621-SP0)
    method: GET
    uri: https://management.azure.com/subscriptions/00000000-0000-0000-0000-000000000000/providers/Microsoft.DocumentDB/locations/eastus2/operationsStatus/a4a97741-f450-42c3-8a62-95c4dbe97d37?api-version=2023-04-15
  response:
    body:
      string: '{"status":"Succeeded"}'
    headers:
      cache-control:
      - no-store, no-cache
      content-length:
      - '22'
      content-type:
      - application/json
      date:
      - Tue, 30 May 2023 19:17:05 GMT
      pragma:
      - no-cache
      server:
      - Microsoft-HTTPAPI/2.0
      strict-transport-security:
      - max-age=31536000; includeSubDomains
      transfer-encoding:
      - chunked
      vary:
      - Accept-Encoding
      x-content-type-options:
      - nosniff
      x-ms-gatewayversion:
      - version=2.14.0
    status:
      code: 200
      message: Ok
- request:
    body: null
    headers:
      Accept:
      - '*/*'
      Accept-Encoding:
      - gzip, deflate
      CommandName:
      - cosmosdb create
      Connection:
      - keep-alive
      ParameterSetName:
      - -n -g --backup-policy-type --locations --capabilities
      User-Agent:
      - AZURECLI/2.49.0 azsdk-python-mgmt-cosmosdb/9.2.0 Python/3.10.11 (Windows-10-10.0.22621-SP0)
    method: GET
    uri: https://management.azure.com/subscriptions/00000000-0000-0000-0000-000000000000/resourceGroups/cli_test_cosmosdb_gremlin_restorable_commands000001/providers/Microsoft.DocumentDB/databaseAccounts/cli000004?api-version=2023-04-15
  response:
    body:
      string: '{"id":"/subscriptions/00000000-0000-0000-0000-000000000000/resourceGroups/cli_test_cosmosdb_gremlin_restorable_commands000001/providers/Microsoft.DocumentDB/databaseAccounts/cli000004","name":"cli000004","location":"East
        US 2","type":"Microsoft.DocumentDB/databaseAccounts","kind":"GlobalDocumentDB","tags":{},"systemData":{"createdAt":"2023-05-30T19:16:06.0525596Z"},"properties":{"provisioningState":"Succeeded","documentEndpoint":"https://cli000004.documents.azure.com:443/","gremlinEndpoint":"https://cli000004.gremlin.cosmos.azure.com:443/","sqlEndpoint":"https://cli000004.documents.azure.com:443/","publicNetworkAccess":"Enabled","enableAutomaticFailover":false,"enableMultipleWriteLocations":false,"enablePartitionKeyMonitor":false,"isVirtualNetworkFilterEnabled":false,"virtualNetworkRules":[],"EnabledApiTypes":"Gremlin,
        Sql","disableKeyBasedMetadataWriteAccess":false,"enableFreeTier":false,"enableAnalyticalStorage":false,"analyticalStorageConfiguration":{"schemaType":"WellDefined"},"instanceId":"3f448125-f038-42b0-9100-44a2fcc1ddad","createMode":"Default","databaseAccountOfferType":"Standard","defaultIdentity":"FirstPartyIdentity","networkAclBypass":"None","disableLocalAuth":false,"enablePartitionMerge":false,"minimalTlsVersion":"Tls","consistencyPolicy":{"defaultConsistencyLevel":"Session","maxIntervalInSeconds":5,"maxStalenessPrefix":100},"configurationOverrides":{},"writeLocations":[{"id":"cli000004-eastus2","locationName":"East
        US 2","documentEndpoint":"https://cli000004-eastus2.documents.azure.com:443/","provisioningState":"Succeeded","failoverPriority":0,"isZoneRedundant":false}],"readLocations":[{"id":"cli000004-eastus2","locationName":"East
        US 2","documentEndpoint":"https://cli000004-eastus2.documents.azure.com:443/","provisioningState":"Succeeded","failoverPriority":0,"isZoneRedundant":false}],"locations":[{"id":"cli000004-eastus2","locationName":"East
        US 2","documentEndpoint":"https://cli000004-eastus2.documents.azure.com:443/","provisioningState":"Succeeded","failoverPriority":0,"isZoneRedundant":false}],"failoverPolicies":[{"id":"cli000004-eastus2","locationName":"East
        US 2","failoverPriority":0}],"cors":[],"capabilities":[{"name":"EnableGremlin"}],"ipRules":[],"backupPolicy":{"type":"Continuous","continuousModeProperties":{"tier":"Continuous30Days"}},"networkAclBypassResourceIds":[],"keysMetadata":{"primaryMasterKey":{"generationTime":"2023-05-30T19:16:06.0525596Z"},"secondaryMasterKey":{"generationTime":"2023-05-30T19:16:06.0525596Z"},"primaryReadonlyMasterKey":{"generationTime":"2023-05-30T19:16:06.0525596Z"},"secondaryReadonlyMasterKey":{"generationTime":"2023-05-30T19:16:06.0525596Z"}}},"identity":{"type":"None"}}'
    headers:
      cache-control:
      - no-store, no-cache
      content-length:
      - '2677'
      content-type:
      - application/json
      date:
      - Tue, 30 May 2023 19:17:05 GMT
      pragma:
      - no-cache
      server:
      - Microsoft-HTTPAPI/2.0
      strict-transport-security:
      - max-age=31536000; includeSubDomains
      transfer-encoding:
      - chunked
      vary:
      - Accept-Encoding
      x-content-type-options:
      - nosniff
      x-ms-gatewayversion:
      - version=2.14.0
    status:
      code: 200
      message: Ok
- request:
    body: null
    headers:
      Accept:
      - application/json
      Accept-Encoding:
      - gzip, deflate
      CommandName:
      - cosmosdb create
      Connection:
      - keep-alive
      ParameterSetName:
      - -n -g --backup-policy-type --locations --capabilities
      User-Agent:
      - AZURECLI/2.49.0 azsdk-python-mgmt-cosmosdb/9.2.0 Python/3.10.11 (Windows-10-10.0.22621-SP0)
    method: GET
    uri: https://management.azure.com/subscriptions/00000000-0000-0000-0000-000000000000/resourceGroups/cli_test_cosmosdb_gremlin_restorable_commands000001/providers/Microsoft.DocumentDB/databaseAccounts/cli000004?api-version=2023-04-15
  response:
    body:
      string: '{"id":"/subscriptions/00000000-0000-0000-0000-000000000000/resourceGroups/cli_test_cosmosdb_gremlin_restorable_commands000001/providers/Microsoft.DocumentDB/databaseAccounts/cli000004","name":"cli000004","location":"East
        US 2","type":"Microsoft.DocumentDB/databaseAccounts","kind":"GlobalDocumentDB","tags":{},"systemData":{"createdAt":"2023-05-30T19:16:06.0525596Z"},"properties":{"provisioningState":"Succeeded","documentEndpoint":"https://cli000004.documents.azure.com:443/","gremlinEndpoint":"https://cli000004.gremlin.cosmos.azure.com:443/","sqlEndpoint":"https://cli000004.documents.azure.com:443/","publicNetworkAccess":"Enabled","enableAutomaticFailover":false,"enableMultipleWriteLocations":false,"enablePartitionKeyMonitor":false,"isVirtualNetworkFilterEnabled":false,"virtualNetworkRules":[],"EnabledApiTypes":"Gremlin,
        Sql","disableKeyBasedMetadataWriteAccess":false,"enableFreeTier":false,"enableAnalyticalStorage":false,"analyticalStorageConfiguration":{"schemaType":"WellDefined"},"instanceId":"3f448125-f038-42b0-9100-44a2fcc1ddad","createMode":"Default","databaseAccountOfferType":"Standard","defaultIdentity":"FirstPartyIdentity","networkAclBypass":"None","disableLocalAuth":false,"enablePartitionMerge":false,"minimalTlsVersion":"Tls","consistencyPolicy":{"defaultConsistencyLevel":"Session","maxIntervalInSeconds":5,"maxStalenessPrefix":100},"configurationOverrides":{},"writeLocations":[{"id":"cli000004-eastus2","locationName":"East
        US 2","documentEndpoint":"https://cli000004-eastus2.documents.azure.com:443/","provisioningState":"Succeeded","failoverPriority":0,"isZoneRedundant":false}],"readLocations":[{"id":"cli000004-eastus2","locationName":"East
        US 2","documentEndpoint":"https://cli000004-eastus2.documents.azure.com:443/","provisioningState":"Succeeded","failoverPriority":0,"isZoneRedundant":false}],"locations":[{"id":"cli000004-eastus2","locationName":"East
        US 2","documentEndpoint":"https://cli000004-eastus2.documents.azure.com:443/","provisioningState":"Succeeded","failoverPriority":0,"isZoneRedundant":false}],"failoverPolicies":[{"id":"cli000004-eastus2","locationName":"East
        US 2","failoverPriority":0}],"cors":[],"capabilities":[{"name":"EnableGremlin"}],"ipRules":[],"backupPolicy":{"type":"Continuous","continuousModeProperties":{"tier":"Continuous30Days"}},"networkAclBypassResourceIds":[],"keysMetadata":{"primaryMasterKey":{"generationTime":"2023-05-30T19:16:06.0525596Z"},"secondaryMasterKey":{"generationTime":"2023-05-30T19:16:06.0525596Z"},"primaryReadonlyMasterKey":{"generationTime":"2023-05-30T19:16:06.0525596Z"},"secondaryReadonlyMasterKey":{"generationTime":"2023-05-30T19:16:06.0525596Z"}}},"identity":{"type":"None"}}'
    headers:
      cache-control:
      - no-store, no-cache
      content-length:
      - '2677'
      content-type:
      - application/json
      date:
      - Tue, 30 May 2023 19:17:06 GMT
      pragma:
      - no-cache
      server:
      - Microsoft-HTTPAPI/2.0
      strict-transport-security:
      - max-age=31536000; includeSubDomains
      transfer-encoding:
      - chunked
      vary:
      - Accept-Encoding
      x-content-type-options:
      - nosniff
      x-ms-gatewayversion:
      - version=2.14.0
    status:
      code: 200
      message: Ok
- request:
    body: null
    headers:
      Accept:
      - application/json
      Accept-Encoding:
      - gzip, deflate
      CommandName:
      - cosmosdb show
      Connection:
      - keep-alive
      ParameterSetName:
      - -n -g
      User-Agent:
      - AZURECLI/2.49.0 azsdk-python-mgmt-cosmosdb/9.2.0 Python/3.10.11 (Windows-10-10.0.22621-SP0)
    method: GET
    uri: https://management.azure.com/subscriptions/00000000-0000-0000-0000-000000000000/resourceGroups/cli_test_cosmosdb_gremlin_restorable_commands000001/providers/Microsoft.DocumentDB/databaseAccounts/cli000004?api-version=2023-04-15
  response:
    body:
      string: '{"id":"/subscriptions/00000000-0000-0000-0000-000000000000/resourceGroups/cli_test_cosmosdb_gremlin_restorable_commands000001/providers/Microsoft.DocumentDB/databaseAccounts/cli000004","name":"cli000004","location":"East
        US 2","type":"Microsoft.DocumentDB/databaseAccounts","kind":"GlobalDocumentDB","tags":{},"systemData":{"createdAt":"2023-05-30T19:16:06.0525596Z"},"properties":{"provisioningState":"Succeeded","documentEndpoint":"https://cli000004.documents.azure.com:443/","gremlinEndpoint":"https://cli000004.gremlin.cosmos.azure.com:443/","sqlEndpoint":"https://cli000004.documents.azure.com:443/","publicNetworkAccess":"Enabled","enableAutomaticFailover":false,"enableMultipleWriteLocations":false,"enablePartitionKeyMonitor":false,"isVirtualNetworkFilterEnabled":false,"virtualNetworkRules":[],"EnabledApiTypes":"Gremlin,
        Sql","disableKeyBasedMetadataWriteAccess":false,"enableFreeTier":false,"enableAnalyticalStorage":false,"analyticalStorageConfiguration":{"schemaType":"WellDefined"},"instanceId":"3f448125-f038-42b0-9100-44a2fcc1ddad","createMode":"Default","databaseAccountOfferType":"Standard","defaultIdentity":"FirstPartyIdentity","networkAclBypass":"None","disableLocalAuth":false,"enablePartitionMerge":false,"minimalTlsVersion":"Tls","consistencyPolicy":{"defaultConsistencyLevel":"Session","maxIntervalInSeconds":5,"maxStalenessPrefix":100},"configurationOverrides":{},"writeLocations":[{"id":"cli000004-eastus2","locationName":"East
        US 2","documentEndpoint":"https://cli000004-eastus2.documents.azure.com:443/","provisioningState":"Succeeded","failoverPriority":0,"isZoneRedundant":false}],"readLocations":[{"id":"cli000004-eastus2","locationName":"East
        US 2","documentEndpoint":"https://cli000004-eastus2.documents.azure.com:443/","provisioningState":"Succeeded","failoverPriority":0,"isZoneRedundant":false}],"locations":[{"id":"cli000004-eastus2","locationName":"East
        US 2","documentEndpoint":"https://cli000004-eastus2.documents.azure.com:443/","provisioningState":"Succeeded","failoverPriority":0,"isZoneRedundant":false}],"failoverPolicies":[{"id":"cli000004-eastus2","locationName":"East
        US 2","failoverPriority":0}],"cors":[],"capabilities":[{"name":"EnableGremlin"}],"ipRules":[],"backupPolicy":{"type":"Continuous","continuousModeProperties":{"tier":"Continuous30Days"}},"networkAclBypassResourceIds":[],"keysMetadata":{"primaryMasterKey":{"generationTime":"2023-05-30T19:16:06.0525596Z"},"secondaryMasterKey":{"generationTime":"2023-05-30T19:16:06.0525596Z"},"primaryReadonlyMasterKey":{"generationTime":"2023-05-30T19:16:06.0525596Z"},"secondaryReadonlyMasterKey":{"generationTime":"2023-05-30T19:16:06.0525596Z"}}},"identity":{"type":"None"}}'
    headers:
      cache-control:
      - no-store, no-cache
      content-length:
      - '2677'
      content-type:
      - application/json
      date:
      - Tue, 30 May 2023 19:17:06 GMT
      pragma:
      - no-cache
      server:
      - Microsoft-HTTPAPI/2.0
      strict-transport-security:
      - max-age=31536000; includeSubDomains
      transfer-encoding:
      - chunked
      vary:
      - Accept-Encoding
      x-content-type-options:
      - nosniff
      x-ms-gatewayversion:
      - version=2.14.0
    status:
      code: 200
      message: Ok
- request:
    body: '{"properties": {"resource": {"id": "cli000003"}, "options": {}}}'
    headers:
      Accept:
      - application/json
      Accept-Encoding:
      - gzip, deflate
      CommandName:
      - cosmosdb gremlin database create
      Connection:
      - keep-alive
      Content-Length:
      - '64'
      Content-Type:
      - application/json
      ParameterSetName:
      - -g -a -n
      User-Agent:
      - AZURECLI/2.49.0 azsdk-python-mgmt-cosmosdb/9.2.0 Python/3.10.11 (Windows-10-10.0.22621-SP0)
    method: PUT
    uri: https://management.azure.com/subscriptions/00000000-0000-0000-0000-000000000000/resourceGroups/cli_test_cosmosdb_gremlin_restorable_commands000001/providers/Microsoft.DocumentDB/databaseAccounts/cli000004/gremlinDatabases/cli000003?api-version=2023-04-15
  response:
    body:
      string: '{"status":"Enqueued"}'
    headers:
      azure-asyncoperation:
      - https://management.azure.com/subscriptions/00000000-0000-0000-0000-000000000000/providers/Microsoft.DocumentDB/locations/eastus2/operationsStatus/af0912be-a639-4f65-9274-70bbae30001e?api-version=2023-04-15
      cache-control:
      - no-store, no-cache
      content-length:
      - '21'
      content-type:
      - application/json
      date:
      - Tue, 30 May 2023 19:17:07 GMT
      location:
      - https://management.azure.com/subscriptions/00000000-0000-0000-0000-000000000000/resourceGroups/cli_test_cosmosdb_gremlin_restorable_commands000001/providers/Microsoft.DocumentDB/databaseAccounts/cli000004/gremlinDatabases/cli000003/operationResults/af0912be-a639-4f65-9274-70bbae30001e?api-version=2023-04-15
      pragma:
      - no-cache
      server:
      - Microsoft-HTTPAPI/2.0
      strict-transport-security:
      - max-age=31536000; includeSubDomains
      x-content-type-options:
      - nosniff
      x-ms-gatewayversion:
      - version=2.14.0
      x-ms-ratelimit-remaining-subscription-writes:
      - '1197'
    status:
      code: 202
      message: Accepted
- request:
    body: null
    headers:
      Accept:
      - '*/*'
      Accept-Encoding:
      - gzip, deflate
      CommandName:
      - cosmosdb gremlin database create
      Connection:
      - keep-alive
      ParameterSetName:
      - -g -a -n
      User-Agent:
      - AZURECLI/2.49.0 azsdk-python-mgmt-cosmosdb/9.2.0 Python/3.10.11 (Windows-10-10.0.22621-SP0)
    method: GET
    uri: https://management.azure.com/subscriptions/00000000-0000-0000-0000-000000000000/providers/Microsoft.DocumentDB/locations/eastus2/operationsStatus/af0912be-a639-4f65-9274-70bbae30001e?api-version=2023-04-15
  response:
    body:
      string: '{"status":"Enqueued"}'
    headers:
      cache-control:
      - no-store, no-cache
      content-length:
      - '21'
      content-type:
      - application/json
      date:
      - Tue, 30 May 2023 19:17:07 GMT
      pragma:
      - no-cache
      server:
      - Microsoft-HTTPAPI/2.0
      strict-transport-security:
      - max-age=31536000; includeSubDomains
      transfer-encoding:
      - chunked
      vary:
      - Accept-Encoding
      x-content-type-options:
      - nosniff
      x-ms-gatewayversion:
      - version=2.14.0
    status:
      code: 200
      message: Ok
- request:
    body: null
    headers:
      Accept:
      - '*/*'
      Accept-Encoding:
      - gzip, deflate
      CommandName:
      - cosmosdb gremlin database create
      Connection:
      - keep-alive
      ParameterSetName:
      - -g -a -n
      User-Agent:
      - AZURECLI/2.49.0 azsdk-python-mgmt-cosmosdb/9.2.0 Python/3.10.11 (Windows-10-10.0.22621-SP0)
    method: GET
    uri: https://management.azure.com/subscriptions/00000000-0000-0000-0000-000000000000/providers/Microsoft.DocumentDB/locations/eastus2/operationsStatus/af0912be-a639-4f65-9274-70bbae30001e?api-version=2023-04-15
  response:
    body:
      string: '{"status":"Succeeded"}'
    headers:
      cache-control:
      - no-store, no-cache
      content-length:
      - '22'
      content-type:
      - application/json
      date:
      - Tue, 30 May 2023 19:17:37 GMT
      pragma:
      - no-cache
      server:
      - Microsoft-HTTPAPI/2.0
      strict-transport-security:
      - max-age=31536000; includeSubDomains
      transfer-encoding:
      - chunked
      vary:
      - Accept-Encoding
      x-content-type-options:
      - nosniff
      x-ms-gatewayversion:
      - version=2.14.0
    status:
      code: 200
      message: Ok
- request:
    body: null
    headers:
      Accept:
      - '*/*'
      Accept-Encoding:
      - gzip, deflate
      CommandName:
      - cosmosdb gremlin database create
      Connection:
      - keep-alive
      ParameterSetName:
      - -g -a -n
      User-Agent:
      - AZURECLI/2.49.0 azsdk-python-mgmt-cosmosdb/9.2.0 Python/3.10.11 (Windows-10-10.0.22621-SP0)
    method: GET
    uri: https://management.azure.com/subscriptions/00000000-0000-0000-0000-000000000000/resourceGroups/cli_test_cosmosdb_gremlin_restorable_commands000001/providers/Microsoft.DocumentDB/databaseAccounts/cli000004/gremlinDatabases/cli000003?api-version=2023-04-15
  response:
    body:
      string: '{"id":"/subscriptions/00000000-0000-0000-0000-000000000000/resourceGroups/cli_test_cosmosdb_gremlin_restorable_commands000001/providers/Microsoft.DocumentDB/databaseAccounts/cli000004/gremlinDatabases/cli000003","type":"Microsoft.DocumentDB/databaseAccounts/gremlinDatabases","name":"cli000003","properties":{"resource":{"id":"cli000003","_rid":"kMtqAA==","_self":"dbs/kMtqAA==/","_etag":"\"0000ee07-0000-0200-0000-64764bb80000\"","_colls":"colls/","_users":"users/","_ts":1685474232}}}'
    headers:
      cache-control:
      - no-store, no-cache
      content-length:
      - '486'
      content-type:
      - application/json
      date:
      - Tue, 30 May 2023 19:17:38 GMT
      pragma:
      - no-cache
      server:
      - Microsoft-HTTPAPI/2.0
      strict-transport-security:
      - max-age=31536000; includeSubDomains
      transfer-encoding:
      - chunked
      vary:
      - Accept-Encoding
      x-content-type-options:
      - nosniff
      x-ms-gatewayversion:
      - version=2.14.0
    status:
      code: 200
      message: Ok
- request:
    body: '{"properties": {"resource": {"id": "cli000002", "indexingPolicy": {"automatic":
      true, "indexingMode": "consistent", "includedPaths": [{"path": "/*"}], "excludedPaths":
      [{"path": "/\"_etag\"/?"}]}, "partitionKey": {"paths": ["/pk"], "kind": "Hash"}},
      "options": {}}}'
    headers:
      Accept:
      - application/json
      Accept-Encoding:
      - gzip, deflate
      CommandName:
      - cosmosdb gremlin graph create
      Connection:
      - keep-alive
      Content-Length:
      - '265'
      Content-Type:
      - application/json
      ParameterSetName:
      - -g -a -d -n -p
      User-Agent:
      - AZURECLI/2.49.0 azsdk-python-mgmt-cosmosdb/9.2.0 Python/3.10.11 (Windows-10-10.0.22621-SP0)
    method: PUT
    uri: https://management.azure.com/subscriptions/00000000-0000-0000-0000-000000000000/resourceGroups/cli_test_cosmosdb_gremlin_restorable_commands000001/providers/Microsoft.DocumentDB/databaseAccounts/cli000004/gremlinDatabases/cli000003/graphs/cli000002?api-version=2023-04-15
  response:
    body:
      string: '{"status":"Enqueued"}'
    headers:
      azure-asyncoperation:
      - https://management.azure.com/subscriptions/00000000-0000-0000-0000-000000000000/providers/Microsoft.DocumentDB/locations/eastus2/operationsStatus/7468d789-f933-49cb-86df-d74700d78279?api-version=2023-04-15
      cache-control:
      - no-store, no-cache
      content-length:
      - '21'
      content-type:
      - application/json
      date:
      - Tue, 30 May 2023 19:17:38 GMT
      location:
      - https://management.azure.com/subscriptions/00000000-0000-0000-0000-000000000000/resourceGroups/cli_test_cosmosdb_gremlin_restorable_commands000001/providers/Microsoft.DocumentDB/databaseAccounts/cli000004/gremlinDatabases/cli000003/graphs/cli000002/operationResults/7468d789-f933-49cb-86df-d74700d78279?api-version=2023-04-15
      pragma:
      - no-cache
      server:
      - Microsoft-HTTPAPI/2.0
      strict-transport-security:
      - max-age=31536000; includeSubDomains
      x-content-type-options:
      - nosniff
      x-ms-gatewayversion:
      - version=2.14.0
      x-ms-ratelimit-remaining-subscription-writes:
      - '1195'
    status:
      code: 202
      message: Accepted
- request:
    body: null
    headers:
      Accept:
      - '*/*'
      Accept-Encoding:
      - gzip, deflate
      CommandName:
      - cosmosdb gremlin graph create
      Connection:
      - keep-alive
      ParameterSetName:
      - -g -a -d -n -p
      User-Agent:
      - AZURECLI/2.49.0 azsdk-python-mgmt-cosmosdb/9.2.0 Python/3.10.11 (Windows-10-10.0.22621-SP0)
    method: GET
    uri: https://management.azure.com/subscriptions/00000000-0000-0000-0000-000000000000/providers/Microsoft.DocumentDB/locations/eastus2/operationsStatus/7468d789-f933-49cb-86df-d74700d78279?api-version=2023-04-15
  response:
    body:
      string: '{"status":"Enqueued"}'
    headers:
      cache-control:
      - no-store, no-cache
      content-length:
      - '21'
      content-type:
      - application/json
      date:
      - Tue, 30 May 2023 19:17:39 GMT
      pragma:
      - no-cache
      server:
      - Microsoft-HTTPAPI/2.0
      strict-transport-security:
      - max-age=31536000; includeSubDomains
      transfer-encoding:
      - chunked
      vary:
      - Accept-Encoding
      x-content-type-options:
      - nosniff
      x-ms-gatewayversion:
      - version=2.14.0
    status:
      code: 200
      message: Ok
- request:
    body: null
    headers:
      Accept:
      - '*/*'
      Accept-Encoding:
      - gzip, deflate
      CommandName:
      - cosmosdb gremlin graph create
      Connection:
      - keep-alive
      ParameterSetName:
      - -g -a -d -n -p
      User-Agent:
      - AZURECLI/2.49.0 azsdk-python-mgmt-cosmosdb/9.2.0 Python/3.10.11 (Windows-10-10.0.22621-SP0)
    method: GET
    uri: https://management.azure.com/subscriptions/00000000-0000-0000-0000-000000000000/providers/Microsoft.DocumentDB/locations/eastus2/operationsStatus/7468d789-f933-49cb-86df-d74700d78279?api-version=2023-04-15
  response:
    body:
      string: '{"status":"Succeeded"}'
    headers:
      cache-control:
      - no-store, no-cache
      content-length:
      - '22'
      content-type:
      - application/json
      date:
      - Tue, 30 May 2023 19:18:09 GMT
      pragma:
      - no-cache
      server:
      - Microsoft-HTTPAPI/2.0
      strict-transport-security:
      - max-age=31536000; includeSubDomains
      transfer-encoding:
      - chunked
      vary:
      - Accept-Encoding
      x-content-type-options:
      - nosniff
      x-ms-gatewayversion:
      - version=2.14.0
    status:
      code: 200
      message: Ok
- request:
    body: null
    headers:
      Accept:
      - '*/*'
      Accept-Encoding:
      - gzip, deflate
      CommandName:
      - cosmosdb gremlin graph create
      Connection:
      - keep-alive
      ParameterSetName:
      - -g -a -d -n -p
      User-Agent:
      - AZURECLI/2.49.0 azsdk-python-mgmt-cosmosdb/9.2.0 Python/3.10.11 (Windows-10-10.0.22621-SP0)
    method: GET
    uri: https://management.azure.com/subscriptions/00000000-0000-0000-0000-000000000000/resourceGroups/cli_test_cosmosdb_gremlin_restorable_commands000001/providers/Microsoft.DocumentDB/databaseAccounts/cli000004/gremlinDatabases/cli000003/graphs/cli000002?api-version=2023-04-15
  response:
    body:
      string: '{"id":"/subscriptions/00000000-0000-0000-0000-000000000000/resourceGroups/cli_test_cosmosdb_gremlin_restorable_commands000001/providers/Microsoft.DocumentDB/databaseAccounts/cli000004/gremlinDatabases/cli000003/graphs/cli000002","type":"Microsoft.DocumentDB/databaseAccounts/gremlinDatabases/graphs","name":"cli000002","properties":{"resource":{"id":"cli000002","indexingPolicy":{"indexingMode":"consistent","automatic":true,"includedPaths":[{"path":"/*"}],"excludedPaths":[{"path":"/\"_etag\"/?"}]},"partitionKey":{"paths":["/pk"],"kind":"Hash"},"uniqueKeyPolicy":{"uniqueKeys":[]},"conflictResolutionPolicy":{"mode":"LastWriterWins","conflictResolutionPath":"/_ts","conflictResolutionProcedure":""},"backupPolicy":{"type":1},"geospatialConfig":{"type":"Geography"},"_rid":"kMtqAN8Keig=","_ts":1685474264,"_self":"dbs/kMtqAA==/colls/kMtqAN8Keig=/","_etag":"\"0000f107-0000-0200-0000-64764bd80000\"","_docs":"docs/","_sprocs":"sprocs/","_triggers":"triggers/","_udfs":"udfs/","_conflicts":"conflicts/","statistics":[{"id":"0","sizeInKB":0,"documentCount":0,"sampledDistinctPartitionKeyCount":0,"partitionKeys":[]}]}}}'
    headers:
      cache-control:
      - no-store, no-cache
      content-length:
      - '1117'
      content-type:
      - application/json
      date:
      - Tue, 30 May 2023 19:18:10 GMT
      pragma:
      - no-cache
      server:
      - Microsoft-HTTPAPI/2.0
      strict-transport-security:
      - max-age=31536000; includeSubDomains
      transfer-encoding:
      - chunked
      vary:
      - Accept-Encoding
      x-content-type-options:
      - nosniff
      x-ms-gatewayversion:
      - version=2.14.0
    status:
      code: 200
      message: Ok
- request:
    body: null
    headers:
      Accept:
      - application/json
      Accept-Encoding:
      - gzip, deflate
      CommandName:
      - cosmosdb restorable-database-account show
      Connection:
      - keep-alive
      ParameterSetName:
      - --location --instance-id
      User-Agent:
      - AZURECLI/2.49.0 azsdk-python-mgmt-cosmosdb/9.2.0 Python/3.10.11 (Windows-10-10.0.22621-SP0)
    method: GET
    uri: https://management.azure.com/subscriptions/00000000-0000-0000-0000-000000000000/providers/Microsoft.DocumentDB/locations/eastus2/restorableDatabaseAccounts/3f448125-f038-42b0-9100-44a2fcc1ddad?api-version=2023-04-15
  response:
    body:
      string: '{"name":"3f448125-f038-42b0-9100-44a2fcc1ddad","location":"East US
        2","type":"Microsoft.DocumentDB/locations/restorableDatabaseAccounts","id":"/subscriptions/00000000-0000-0000-0000-000000000000/providers/Microsoft.DocumentDB/locations/eastus2/restorableDatabaseAccounts/3f448125-f038-42b0-9100-44a2fcc1ddad","properties":{"accountName":"cli000004","apiType":"Gremlin,
        Sql","creationTime":"2023-05-30T19:16:07Z","oldestRestorableTime":"2023-05-30T19:16:07Z","restorableLocations":[{"locationName":"East
        US 2","regionalDatabaseAccountInstanceId":"950341bc-6df3-41a7-b240-42b0689d5179","creationTime":"2023-05-30T19:16:07Z"}]}}'
    headers:
      cache-control:
      - no-store, no-cache
      content-length:
      - '625'
      content-type:
      - application/json
      date:
      - Tue, 30 May 2023 19:18:11 GMT
      pragma:
      - no-cache
      server:
      - Microsoft-HTTPAPI/2.0
      strict-transport-security:
      - max-age=31536000; includeSubDomains
      transfer-encoding:
      - chunked
      vary:
      - Accept-Encoding
      x-content-type-options:
      - nosniff
      x-ms-gatewayversion:
      - version=2.14.0
    status:
      code: 200
      message: Ok
- request:
    body: null
    headers:
      Accept:
      - application/json
      Accept-Encoding:
      - gzip, deflate
      CommandName:
      - cosmosdb gremlin restorable-database list
      Connection:
      - keep-alive
      ParameterSetName:
      - --location --instance-id
      User-Agent:
      - AZURECLI/2.49.0 azsdk-python-mgmt-cosmosdb/9.2.0 Python/3.10.11 (Windows-10-10.0.22621-SP0)
    method: GET
    uri: https://management.azure.com/subscriptions/00000000-0000-0000-0000-000000000000/providers/Microsoft.DocumentDB/locations/eastus2/restorableDatabaseAccounts/3f448125-f038-42b0-9100-44a2fcc1ddad/restorableGremlinDatabases?api-version=2023-04-15
  response:
    body:
      string: '{"value":[{"id":"/subscriptions/00000000-0000-0000-0000-000000000000/providers/Microsoft.DocumentDB/locations/eastus2/restorableDatabaseAccounts/3f448125-f038-42b0-9100-44a2fcc1ddad/restorableGremlinDatabases/2aae9cf1-a820-4e4e-81ad-592c76f4a3e6","type":"Microsoft.DocumentDB/locations/restorableDatabaseAccounts/restorableGremlinDatabases","name":"2aae9cf1-a820-4e4e-81ad-592c76f4a3e6","properties":{"resource":{"_rid":"rKa6PAAAAA==","eventTimestamp":"2023-05-30T19:17:12Z","ownerId":"cli000003","ownerResourceId":"kMtqAA==","operationType":"Create","CanUndelete":"invalid"}}}]}'
    headers:
      cache-control:
      - no-store, no-cache
      content-length:
      - '579'
      content-type:
      - application/json
      date:
      - Tue, 30 May 2023 19:18:12 GMT
      pragma:
      - no-cache
      server:
      - Microsoft-HTTPAPI/2.0
      strict-transport-security:
      - max-age=31536000; includeSubDomains
      transfer-encoding:
      - chunked
      vary:
      - Accept-Encoding
      x-content-type-options:
      - nosniff
      x-ms-gatewayversion:
      - version=2.14.0
    status:
      code: 200
      message: Ok
- request:
    body: null
    headers:
      Accept:
      - application/json
      Accept-Encoding:
      - gzip, deflate
      CommandName:
      - cosmosdb gremlin restorable-graph list
      Connection:
      - keep-alive
      ParameterSetName:
      - --location --instance-id --database-rid
      User-Agent:
      - AZURECLI/2.49.0 azsdk-python-mgmt-cosmosdb/9.2.0 Python/3.10.11 (Windows-10-10.0.22621-SP0)
    method: GET
    uri: https://management.azure.com/subscriptions/00000000-0000-0000-0000-000000000000/providers/Microsoft.DocumentDB/locations/eastus2/restorableDatabaseAccounts/3f448125-f038-42b0-9100-44a2fcc1ddad/restorableGraphs?api-version=2023-04-15&restorableGremlinDatabaseRid=kMtqAA%3D%3D
  response:
    body:
      string: '{"value":[{"id":"/subscriptions/00000000-0000-0000-0000-000000000000/providers/Microsoft.DocumentDB/locations/eastus2/restorableDatabaseAccounts/3f448125-f038-42b0-9100-44a2fcc1ddad/restorableGraphs/cfe45342-5c46-4323-822b-978959d0345d","type":"Microsoft.DocumentDB/locations/restorableDatabaseAccounts/restorableGraphs","name":"cfe45342-5c46-4323-822b-978959d0345d","properties":{"resource":{"_rid":"KYwwLQAAAA==","eventTimestamp":"2023-05-30T19:17:44Z","ownerId":"cli000002","ownerResourceId":"kMtqAN8Keig=","operationType":"Create","CanUndelete":"invalid"}}}]}'
    headers:
      cache-control:
      - no-store, no-cache
      content-length:
      - '563'
      content-type:
      - application/json
      date:
      - Tue, 30 May 2023 19:18:12 GMT
      pragma:
      - no-cache
      server:
      - Microsoft-HTTPAPI/2.0
      strict-transport-security:
      - max-age=31536000; includeSubDomains
      transfer-encoding:
      - chunked
      vary:
      - Accept-Encoding
      x-content-type-options:
      - nosniff
      x-ms-gatewayversion:
      - version=2.14.0
    status:
      code: 200
      message: Ok
- request:
    body: null
    headers:
      Accept:
      - application/json
      Accept-Encoding:
      - gzip, deflate
      CommandName:
      - cosmosdb gremlin restorable-resource list
      Connection:
      - keep-alive
      ParameterSetName:
      - --restore-location -l --instance-id --restore-timestamp
      User-Agent:
      - AZURECLI/2.49.0 azsdk-python-mgmt-cosmosdb/9.2.0 Python/3.10.11 (Windows-10-10.0.22621-SP0)
    method: GET
    uri: https://management.azure.com/subscriptions/00000000-0000-0000-0000-000000000000/providers/Microsoft.DocumentDB/locations/eastus2/restorableDatabaseAccounts/3f448125-f038-42b0-9100-44a2fcc1ddad/restorableGremlinResources?api-version=2023-04-15&restoreLocation=eastus2&restoreTimestampInUtc=2023-05-30T19%3A18%3A07%2B00%3A00
  response:
    body:
      string: '{"value":[{"id":"/subscriptions/00000000-0000-0000-0000-000000000000/providers/Microsoft.DocumentDB/locations/eastus2/restorableDatabaseAccounts/3f448125-f038-42b0-9100-44a2fcc1ddad/restorableGremlinResources/cli000003","type":"Microsoft.DocumentDB/locations/restorableDatabaseAccounts/restorableGremlinResources","name":"cli000003","databaseName":"cli000003","graphNames":["cli000002"]}]}'
    headers:
      cache-control:
      - no-store, no-cache
      content-length:
      - '389'
      content-type:
      - application/json
      date:
      - Tue, 30 May 2023 19:20:13 GMT
      pragma:
      - no-cache
      server:
      - Microsoft-HTTPAPI/2.0
      strict-transport-security:
      - max-age=31536000; includeSubDomains
      transfer-encoding:
      - chunked
      vary:
      - Accept-Encoding
      x-content-type-options:
      - nosniff
      x-ms-gatewayversion:
      - version=2.14.0
    status:
      code: 200
      message: Ok
version: 1
