interactions:
- request:
    body: '{"location": "westus", "tags": {"product": "azurecli", "cause": "automation",
      "date": "2019-07-30T00:18:49Z"}}'
    headers:
      Accept:
      - application/json
      Accept-Encoding:
      - gzip, deflate
      CommandName:
      - group create
      Connection:
      - keep-alive
      Content-Length:
      - '110'
      Content-Type:
      - application/json; charset=utf-8
      ParameterSetName:
      - --location --name --tag
      User-Agent:
      - python/3.7.2 (Windows-10-10.0.18362-SP0) msrest/0.6.8 msrest_azure/0.6.1 resourcemanagementclient/2.2.0
        Azure-SDK-For-Python AZURECLI/2.0.67
      accept-language:
      - en-US
    method: PUT
    uri: https://management.azure.com/subscriptions/00000000-0000-0000-0000-000000000000/resourcegroups/cli_test_cosmosdb_cassandra_resource_throughput000001?api-version=2018-05-01
  response:
    body:
      string: '{"id":"/subscriptions/00000000-0000-0000-0000-000000000000/resourceGroups/cli_test_cosmosdb_cassandra_resource_throughput000001","name":"cli_test_cosmosdb_cassandra_resource_throughput000001","location":"westus","tags":{"product":"azurecli","cause":"automation","date":"2019-07-30T00:18:49Z"},"properties":{"provisioningState":"Succeeded"}}'
    headers:
      cache-control:
      - no-cache
      content-length:
      - '384'
      content-type:
      - application/json; charset=utf-8
      date:
      - Tue, 30 Jul 2019 00:18:51 GMT
      expires:
      - '-1'
      pragma:
      - no-cache
      strict-transport-security:
      - max-age=31536000; includeSubDomains
      x-content-type-options:
      - nosniff
      x-ms-ratelimit-remaining-subscription-writes:
      - '1199'
    status:
      code: 201
      message: Created
- request:
    body: null
    headers:
      Accept:
      - application/json
      Accept-Encoding:
      - gzip, deflate
      CommandName:
      - cosmosdb create
      Connection:
      - keep-alive
      ParameterSetName:
      - -n -g --capabilities
      User-Agent:
      - python/3.7.2 (Windows-10-10.0.18362-SP0) msrest/0.6.8 msrest_azure/0.6.1 resourcemanagementclient/2.2.0
        Azure-SDK-For-Python AZURECLI/2.0.67
      accept-language:
      - en-US
    method: GET
    uri: https://management.azure.com/subscriptions/00000000-0000-0000-0000-000000000000/resourcegroups/cli_test_cosmosdb_cassandra_resource_throughput000001?api-version=2018-05-01
  response:
    body:
      string: '{"id":"/subscriptions/00000000-0000-0000-0000-000000000000/resourceGroups/cli_test_cosmosdb_cassandra_resource_throughput000001","name":"cli_test_cosmosdb_cassandra_resource_throughput000001","location":"westus","tags":{"product":"azurecli","cause":"automation","date":"2019-07-30T00:18:49Z"},"properties":{"provisioningState":"Succeeded"}}'
    headers:
      cache-control:
      - no-cache
      content-length:
      - '384'
      content-type:
      - application/json; charset=utf-8
      date:
      - Tue, 30 Jul 2019 00:18:51 GMT
      expires:
      - '-1'
      pragma:
      - no-cache
      strict-transport-security:
      - max-age=31536000; includeSubDomains
      vary:
      - Accept-Encoding
      x-content-type-options:
      - nosniff
    status:
      code: 200
      message: OK
- request:
    body: '{"location": "westus", "kind": "GlobalDocumentDB", "properties": {"locations":
      [{"locationName": "westus", "failoverPriority": 0, "isZoneRedundant": false}],
      "databaseAccountOfferType": "Standard", "capabilities": [{"name": "EnableCassandra"}]}}'
    headers:
      Accept:
      - application/json
      Accept-Encoding:
      - gzip, deflate
      CommandName:
      - cosmosdb create
      Connection:
      - keep-alive
      Content-Length:
      - '245'
      Content-Type:
      - application/json; charset=utf-8
      ParameterSetName:
      - -n -g --capabilities
      User-Agent:
      - python/3.7.2 (Windows-10-10.0.18362-SP0) msrest/0.6.8 msrest_azure/0.6.1 azure-mgmt-cosmosdb/0.7.0
        Azure-SDK-For-Python AZURECLI/2.0.67
      accept-language:
      - en-US
    method: PUT
    uri: https://management.azure.com/subscriptions/00000000-0000-0000-0000-000000000000/resourceGroups/cli_test_cosmosdb_cassandra_resource_throughput000001/providers/Microsoft.DocumentDB/databaseAccounts/cli000002?api-version=2015-04-08
  response:
    body:
      string: '{"id":"/subscriptions/00000000-0000-0000-0000-000000000000/resourceGroups/cli_test_cosmosdb_cassandra_resource_throughput000001/providers/Microsoft.DocumentDB/databaseAccounts/cli000002","name":"cli000002","location":"West
        US","type":"Microsoft.DocumentDB/databaseAccounts","kind":"GlobalDocumentDB","tags":{},"properties":{"provisioningState":"Initializing","ipRangeFilter":"","enableAutomaticFailover":false,"enableMultipleWriteLocations":false,"enablePartitionKeyMonitor":false,"isVirtualNetworkFilterEnabled":false,"virtualNetworkRules":[],"EnabledApiTypes":"Cassandra","databaseAccountOfferType":"Standard","enableCassandraConnector":false,"connectorOffer":"","consistencyPolicy":{"defaultConsistencyLevel":"Session","maxIntervalInSeconds":5,"maxStalenessPrefix":100},"configurationOverrides":{},"writeLocations":[{"id":"cli000002-westus","locationName":"West
        US","provisioningState":"Initializing","failoverPriority":0,"isZoneRedundant":false}],"readLocations":[{"id":"cli000002-westus","locationName":"West
        US","provisioningState":"Initializing","failoverPriority":0,"isZoneRedundant":false}],"locations":[{"id":"cli000002-westus","locationName":"West
        US","provisioningState":"Initializing","failoverPriority":0,"isZoneRedundant":false}],"failoverPolicies":[{"id":"cli000002-westus","locationName":"West
        US","failoverPriority":0}],"cors":[],"capabilities":[{"name":"EnableCassandra"}]}}'
    headers:
      azure-asyncoperation:
      - https://management.azure.com/subscriptions/00000000-0000-0000-0000-000000000000/providers/Microsoft.DocumentDB/locations/westus/operationsStatus/60e1e54b-5e17-4f43-a304-ab8b934e5d43?api-version=2015-04-08
      cache-control:
      - no-store, no-cache
      content-length:
      - '1451'
      content-location:
      - https://management.documents.azure.com:450/subscriptions/12053b8f-cab5-4f5c-9c1a-870580142abd/resourceGroups/cli_test_cosmosdb_cassandra_resource_throughputbdaivux2qilss6idnwy7pa5z5ed6/providers/Microsoft.DocumentDB/databaseAccounts/clinhugd6ccur2m?api-version=2015-04-08
      content-type:
      - application/json
      date:
      - Tue, 30 Jul 2019 00:18:56 GMT
      location:
      - https://management.azure.com/subscriptions/00000000-0000-0000-0000-000000000000/resourceGroups/cli_test_cosmosdb_cassandra_resource_throughput000001/providers/Microsoft.DocumentDB/databaseAccounts/cli000002/operationResults/60e1e54b-5e17-4f43-a304-ab8b934e5d43?api-version=2015-04-08
      pragma:
      - no-cache
      server:
      - Microsoft-HTTPAPI/2.0
      strict-transport-security:
      - max-age=31536000; includeSubDomains
      transfer-encoding:
      - chunked
      vary:
      - Accept-Encoding
      x-content-type-options:
      - nosniff
      x-ms-gatewayversion:
      - version=2.5.1
      x-ms-ratelimit-remaining-subscription-writes:
      - '1199'
    status:
      code: 200
      message: Ok
- request:
    body: null
    headers:
      Accept:
      - application/json
      Accept-Encoding:
      - gzip, deflate
      CommandName:
      - cosmosdb create
      Connection:
      - keep-alive
      ParameterSetName:
      - -n -g --capabilities
      User-Agent:
      - python/3.7.2 (Windows-10-10.0.18362-SP0) msrest/0.6.8 msrest_azure/0.6.1 azure-mgmt-cosmosdb/0.7.0
        Azure-SDK-For-Python AZURECLI/2.0.67
    method: GET
    uri: https://management.azure.com/subscriptions/00000000-0000-0000-0000-000000000000/providers/Microsoft.DocumentDB/locations/westus/operationsStatus/60e1e54b-5e17-4f43-a304-ab8b934e5d43?api-version=2015-04-08
  response:
    body:
      string: '{"status":"Dequeued","error":{}}'
    headers:
      cache-control:
      - no-store, no-cache
      content-length:
      - '32'
      content-location:
      - https://management.documents.azure.com:450/subscriptions/12053b8f-cab5-4f5c-9c1a-870580142abd/providers/Microsoft.DocumentDB/locations/westus/operationsStatus/60e1e54b-5e17-4f43-a304-ab8b934e5d43?api-version=2015-04-08
      content-type:
      - application/json
      date:
      - Tue, 30 Jul 2019 00:19:25 GMT
      pragma:
      - no-cache
      server:
      - Microsoft-HTTPAPI/2.0
      strict-transport-security:
      - max-age=31536000; includeSubDomains
      transfer-encoding:
      - chunked
      vary:
      - Accept-Encoding
      x-content-type-options:
      - nosniff
      x-ms-gatewayversion:
      - version=2.5.1
    status:
      code: 200
      message: Ok
- request:
    body: null
    headers:
      Accept:
      - application/json
      Accept-Encoding:
      - gzip, deflate
      CommandName:
      - cosmosdb create
      Connection:
      - keep-alive
      ParameterSetName:
      - -n -g --capabilities
      User-Agent:
      - python/3.7.2 (Windows-10-10.0.18362-SP0) msrest/0.6.8 msrest_azure/0.6.1 azure-mgmt-cosmosdb/0.7.0
        Azure-SDK-For-Python AZURECLI/2.0.67
    method: GET
    uri: https://management.azure.com/subscriptions/00000000-0000-0000-0000-000000000000/providers/Microsoft.DocumentDB/locations/westus/operationsStatus/60e1e54b-5e17-4f43-a304-ab8b934e5d43?api-version=2015-04-08
  response:
    body:
      string: '{"status":"Dequeued","error":{}}'
    headers:
      cache-control:
      - no-store, no-cache
      content-length:
      - '32'
      content-location:
      - https://management.documents.azure.com:450/subscriptions/12053b8f-cab5-4f5c-9c1a-870580142abd/providers/Microsoft.DocumentDB/locations/westus/operationsStatus/60e1e54b-5e17-4f43-a304-ab8b934e5d43?api-version=2015-04-08
      content-type:
      - application/json
      date:
      - Tue, 30 Jul 2019 00:19:56 GMT
      pragma:
      - no-cache
      server:
      - Microsoft-HTTPAPI/2.0
      strict-transport-security:
      - max-age=31536000; includeSubDomains
      transfer-encoding:
      - chunked
      vary:
      - Accept-Encoding
      x-content-type-options:
      - nosniff
      x-ms-gatewayversion:
      - version=2.5.1
    status:
      code: 200
      message: Ok
- request:
    body: null
    headers:
      Accept:
      - application/json
      Accept-Encoding:
      - gzip, deflate
      CommandName:
      - cosmosdb create
      Connection:
      - keep-alive
      ParameterSetName:
      - -n -g --capabilities
      User-Agent:
      - python/3.7.2 (Windows-10-10.0.18362-SP0) msrest/0.6.8 msrest_azure/0.6.1 azure-mgmt-cosmosdb/0.7.0
        Azure-SDK-For-Python AZURECLI/2.0.67
    method: GET
    uri: https://management.azure.com/subscriptions/00000000-0000-0000-0000-000000000000/providers/Microsoft.DocumentDB/locations/westus/operationsStatus/60e1e54b-5e17-4f43-a304-ab8b934e5d43?api-version=2015-04-08
  response:
    body:
      string: '{"status":"Dequeued","error":{}}'
    headers:
      cache-control:
      - no-store, no-cache
      content-length:
      - '32'
      content-location:
      - https://management.documents.azure.com:450/subscriptions/12053b8f-cab5-4f5c-9c1a-870580142abd/providers/Microsoft.DocumentDB/locations/westus/operationsStatus/60e1e54b-5e17-4f43-a304-ab8b934e5d43?api-version=2015-04-08
      content-type:
      - application/json
      date:
      - Tue, 30 Jul 2019 00:20:27 GMT
      pragma:
      - no-cache
      server:
      - Microsoft-HTTPAPI/2.0
      strict-transport-security:
      - max-age=31536000; includeSubDomains
      transfer-encoding:
      - chunked
      vary:
      - Accept-Encoding
      x-content-type-options:
      - nosniff
      x-ms-gatewayversion:
      - version=2.5.1
    status:
      code: 200
      message: Ok
- request:
    body: null
    headers:
      Accept:
      - application/json
      Accept-Encoding:
      - gzip, deflate
      CommandName:
      - cosmosdb create
      Connection:
      - keep-alive
      ParameterSetName:
      - -n -g --capabilities
      User-Agent:
      - python/3.7.2 (Windows-10-10.0.18362-SP0) msrest/0.6.8 msrest_azure/0.6.1 azure-mgmt-cosmosdb/0.7.0
        Azure-SDK-For-Python AZURECLI/2.0.67
    method: GET
    uri: https://management.azure.com/subscriptions/00000000-0000-0000-0000-000000000000/providers/Microsoft.DocumentDB/locations/westus/operationsStatus/60e1e54b-5e17-4f43-a304-ab8b934e5d43?api-version=2015-04-08
  response:
    body:
      string: '{"status":"Dequeued","error":{}}'
    headers:
      cache-control:
      - no-store, no-cache
      content-length:
      - '32'
      content-location:
      - https://management.documents.azure.com:450/subscriptions/12053b8f-cab5-4f5c-9c1a-870580142abd/providers/Microsoft.DocumentDB/locations/westus/operationsStatus/60e1e54b-5e17-4f43-a304-ab8b934e5d43?api-version=2015-04-08
      content-type:
      - application/json
      date:
      - Tue, 30 Jul 2019 00:20:57 GMT
      pragma:
      - no-cache
      server:
      - Microsoft-HTTPAPI/2.0
      strict-transport-security:
      - max-age=31536000; includeSubDomains
      transfer-encoding:
      - chunked
      vary:
      - Accept-Encoding
      x-content-type-options:
      - nosniff
      x-ms-gatewayversion:
      - version=2.5.1
    status:
      code: 200
      message: Ok
- request:
    body: null
    headers:
      Accept:
      - application/json
      Accept-Encoding:
      - gzip, deflate
      CommandName:
      - cosmosdb create
      Connection:
      - keep-alive
      ParameterSetName:
      - -n -g --capabilities
      User-Agent:
      - python/3.7.2 (Windows-10-10.0.18362-SP0) msrest/0.6.8 msrest_azure/0.6.1 azure-mgmt-cosmosdb/0.7.0
        Azure-SDK-For-Python AZURECLI/2.0.67
    method: GET
    uri: https://management.azure.com/subscriptions/00000000-0000-0000-0000-000000000000/providers/Microsoft.DocumentDB/locations/westus/operationsStatus/60e1e54b-5e17-4f43-a304-ab8b934e5d43?api-version=2015-04-08
  response:
    body:
      string: '{"status":"Dequeued","error":{}}'
    headers:
      cache-control:
      - no-store, no-cache
      content-length:
      - '32'
      content-location:
      - https://management.documents.azure.com:450/subscriptions/12053b8f-cab5-4f5c-9c1a-870580142abd/providers/Microsoft.DocumentDB/locations/westus/operationsStatus/60e1e54b-5e17-4f43-a304-ab8b934e5d43?api-version=2015-04-08
      content-type:
      - application/json
      date:
      - Tue, 30 Jul 2019 00:21:28 GMT
      pragma:
      - no-cache
      server:
      - Microsoft-HTTPAPI/2.0
      strict-transport-security:
      - max-age=31536000; includeSubDomains
      transfer-encoding:
      - chunked
      vary:
      - Accept-Encoding
      x-content-type-options:
      - nosniff
      x-ms-gatewayversion:
      - version=2.5.1
    status:
      code: 200
      message: Ok
- request:
    body: null
    headers:
      Accept:
      - application/json
      Accept-Encoding:
      - gzip, deflate
      CommandName:
      - cosmosdb create
      Connection:
      - keep-alive
      ParameterSetName:
      - -n -g --capabilities
      User-Agent:
      - python/3.7.2 (Windows-10-10.0.18362-SP0) msrest/0.6.8 msrest_azure/0.6.1 azure-mgmt-cosmosdb/0.7.0
        Azure-SDK-For-Python AZURECLI/2.0.67
    method: GET
    uri: https://management.azure.com/subscriptions/00000000-0000-0000-0000-000000000000/providers/Microsoft.DocumentDB/locations/westus/operationsStatus/60e1e54b-5e17-4f43-a304-ab8b934e5d43?api-version=2015-04-08
  response:
    body:
      string: '{"status":"Dequeued","error":{}}'
    headers:
      cache-control:
      - no-store, no-cache
      content-length:
      - '32'
      content-location:
      - https://management.documents.azure.com:450/subscriptions/12053b8f-cab5-4f5c-9c1a-870580142abd/providers/Microsoft.DocumentDB/locations/westus/operationsStatus/60e1e54b-5e17-4f43-a304-ab8b934e5d43?api-version=2015-04-08
      content-type:
      - application/json
      date:
      - Tue, 30 Jul 2019 00:21:59 GMT
      pragma:
      - no-cache
      server:
      - Microsoft-HTTPAPI/2.0
      strict-transport-security:
      - max-age=31536000; includeSubDomains
      transfer-encoding:
      - chunked
      vary:
      - Accept-Encoding
      x-content-type-options:
      - nosniff
      x-ms-gatewayversion:
      - version=2.5.1
    status:
      code: 200
      message: Ok
- request:
    body: null
    headers:
      Accept:
      - application/json
      Accept-Encoding:
      - gzip, deflate
      CommandName:
      - cosmosdb create
      Connection:
      - keep-alive
      ParameterSetName:
      - -n -g --capabilities
      User-Agent:
      - python/3.7.2 (Windows-10-10.0.18362-SP0) msrest/0.6.8 msrest_azure/0.6.1 azure-mgmt-cosmosdb/0.7.0
        Azure-SDK-For-Python AZURECLI/2.0.67
    method: GET
    uri: https://management.azure.com/subscriptions/00000000-0000-0000-0000-000000000000/providers/Microsoft.DocumentDB/locations/westus/operationsStatus/60e1e54b-5e17-4f43-a304-ab8b934e5d43?api-version=2015-04-08
  response:
    body:
      string: '{"status":"Dequeued","error":{}}'
    headers:
      cache-control:
      - no-store, no-cache
      content-length:
      - '32'
      content-location:
      - https://management.documents.azure.com:450/subscriptions/12053b8f-cab5-4f5c-9c1a-870580142abd/providers/Microsoft.DocumentDB/locations/westus/operationsStatus/60e1e54b-5e17-4f43-a304-ab8b934e5d43?api-version=2015-04-08
      content-type:
      - application/json
      date:
      - Tue, 30 Jul 2019 00:22:29 GMT
      pragma:
      - no-cache
      server:
      - Microsoft-HTTPAPI/2.0
      strict-transport-security:
      - max-age=31536000; includeSubDomains
      transfer-encoding:
      - chunked
      vary:
      - Accept-Encoding
      x-content-type-options:
      - nosniff
      x-ms-gatewayversion:
      - version=2.5.1
    status:
      code: 200
      message: Ok
- request:
    body: null
    headers:
      Accept:
      - application/json
      Accept-Encoding:
      - gzip, deflate
      CommandName:
      - cosmosdb create
      Connection:
      - keep-alive
      ParameterSetName:
      - -n -g --capabilities
      User-Agent:
      - python/3.7.2 (Windows-10-10.0.18362-SP0) msrest/0.6.8 msrest_azure/0.6.1 azure-mgmt-cosmosdb/0.7.0
        Azure-SDK-For-Python AZURECLI/2.0.67
    method: GET
    uri: https://management.azure.com/subscriptions/00000000-0000-0000-0000-000000000000/providers/Microsoft.DocumentDB/locations/westus/operationsStatus/60e1e54b-5e17-4f43-a304-ab8b934e5d43?api-version=2015-04-08
  response:
    body:
      string: '{"status":"Dequeued","error":{}}'
    headers:
      cache-control:
      - no-store, no-cache
      content-length:
      - '32'
      content-location:
      - https://management.documents.azure.com:450/subscriptions/12053b8f-cab5-4f5c-9c1a-870580142abd/providers/Microsoft.DocumentDB/locations/westus/operationsStatus/60e1e54b-5e17-4f43-a304-ab8b934e5d43?api-version=2015-04-08
      content-type:
      - application/json
      date:
      - Tue, 30 Jul 2019 00:23:00 GMT
      pragma:
      - no-cache
      server:
      - Microsoft-HTTPAPI/2.0
      strict-transport-security:
      - max-age=31536000; includeSubDomains
      transfer-encoding:
      - chunked
      vary:
      - Accept-Encoding
      x-content-type-options:
      - nosniff
      x-ms-gatewayversion:
      - version=2.5.1
    status:
      code: 200
      message: Ok
- request:
    body: null
    headers:
      Accept:
      - application/json
      Accept-Encoding:
      - gzip, deflate
      CommandName:
      - cosmosdb create
      Connection:
      - keep-alive
      ParameterSetName:
      - -n -g --capabilities
      User-Agent:
      - python/3.7.2 (Windows-10-10.0.18362-SP0) msrest/0.6.8 msrest_azure/0.6.1 azure-mgmt-cosmosdb/0.7.0
        Azure-SDK-For-Python AZURECLI/2.0.67
    method: GET
    uri: https://management.azure.com/subscriptions/00000000-0000-0000-0000-000000000000/providers/Microsoft.DocumentDB/locations/westus/operationsStatus/60e1e54b-5e17-4f43-a304-ab8b934e5d43?api-version=2015-04-08
  response:
    body:
      string: '{"status":"Dequeued","error":{}}'
    headers:
      cache-control:
      - no-store, no-cache
      content-length:
      - '32'
      content-location:
      - https://management.documents.azure.com:450/subscriptions/12053b8f-cab5-4f5c-9c1a-870580142abd/providers/Microsoft.DocumentDB/locations/westus/operationsStatus/60e1e54b-5e17-4f43-a304-ab8b934e5d43?api-version=2015-04-08
      content-type:
      - application/json
      date:
      - Tue, 30 Jul 2019 00:23:31 GMT
      pragma:
      - no-cache
      server:
      - Microsoft-HTTPAPI/2.0
      strict-transport-security:
      - max-age=31536000; includeSubDomains
      transfer-encoding:
      - chunked
      vary:
      - Accept-Encoding
      x-content-type-options:
      - nosniff
      x-ms-gatewayversion:
      - version=2.5.1
    status:
      code: 200
      message: Ok
- request:
    body: null
    headers:
      Accept:
      - application/json
      Accept-Encoding:
      - gzip, deflate
      CommandName:
      - cosmosdb create
      Connection:
      - keep-alive
      ParameterSetName:
      - -n -g --capabilities
      User-Agent:
      - python/3.7.2 (Windows-10-10.0.18362-SP0) msrest/0.6.8 msrest_azure/0.6.1 azure-mgmt-cosmosdb/0.7.0
        Azure-SDK-For-Python AZURECLI/2.0.67
    method: GET
    uri: https://management.azure.com/subscriptions/00000000-0000-0000-0000-000000000000/providers/Microsoft.DocumentDB/locations/westus/operationsStatus/60e1e54b-5e17-4f43-a304-ab8b934e5d43?api-version=2015-04-08
  response:
    body:
      string: '{"status":"Dequeued","error":{}}'
    headers:
      cache-control:
      - no-store, no-cache
      content-length:
      - '32'
      content-location:
      - https://management.documents.azure.com:450/subscriptions/12053b8f-cab5-4f5c-9c1a-870580142abd/providers/Microsoft.DocumentDB/locations/westus/operationsStatus/60e1e54b-5e17-4f43-a304-ab8b934e5d43?api-version=2015-04-08
      content-type:
      - application/json
      date:
      - Tue, 30 Jul 2019 00:24:01 GMT
      pragma:
      - no-cache
      server:
      - Microsoft-HTTPAPI/2.0
      strict-transport-security:
      - max-age=31536000; includeSubDomains
      transfer-encoding:
      - chunked
      vary:
      - Accept-Encoding
      x-content-type-options:
      - nosniff
      x-ms-gatewayversion:
      - version=2.5.1
    status:
      code: 200
      message: Ok
- request:
    body: null
    headers:
      Accept:
      - application/json
      Accept-Encoding:
      - gzip, deflate
      CommandName:
      - cosmosdb create
      Connection:
      - keep-alive
      ParameterSetName:
      - -n -g --capabilities
      User-Agent:
      - python/3.7.2 (Windows-10-10.0.18362-SP0) msrest/0.6.8 msrest_azure/0.6.1 azure-mgmt-cosmosdb/0.7.0
        Azure-SDK-For-Python AZURECLI/2.0.67
    method: GET
    uri: https://management.azure.com/subscriptions/00000000-0000-0000-0000-000000000000/providers/Microsoft.DocumentDB/locations/westus/operationsStatus/60e1e54b-5e17-4f43-a304-ab8b934e5d43?api-version=2015-04-08
  response:
    body:
      string: '{"status":"Dequeued","error":{}}'
    headers:
      cache-control:
      - no-store, no-cache
      content-length:
      - '32'
      content-location:
      - https://management.documents.azure.com:450/subscriptions/12053b8f-cab5-4f5c-9c1a-870580142abd/providers/Microsoft.DocumentDB/locations/westus/operationsStatus/60e1e54b-5e17-4f43-a304-ab8b934e5d43?api-version=2015-04-08
      content-type:
      - application/json
      date:
      - Tue, 30 Jul 2019 00:24:32 GMT
      pragma:
      - no-cache
      server:
      - Microsoft-HTTPAPI/2.0
      strict-transport-security:
      - max-age=31536000; includeSubDomains
      transfer-encoding:
      - chunked
      vary:
      - Accept-Encoding
      x-content-type-options:
      - nosniff
      x-ms-gatewayversion:
      - version=2.5.1
    status:
      code: 200
      message: Ok
- request:
    body: null
    headers:
      Accept:
      - application/json
      Accept-Encoding:
      - gzip, deflate
      CommandName:
      - cosmosdb create
      Connection:
      - keep-alive
      ParameterSetName:
      - -n -g --capabilities
      User-Agent:
      - python/3.7.2 (Windows-10-10.0.18362-SP0) msrest/0.6.8 msrest_azure/0.6.1 azure-mgmt-cosmosdb/0.7.0
        Azure-SDK-For-Python AZURECLI/2.0.67
    method: GET
    uri: https://management.azure.com/subscriptions/00000000-0000-0000-0000-000000000000/providers/Microsoft.DocumentDB/locations/westus/operationsStatus/60e1e54b-5e17-4f43-a304-ab8b934e5d43?api-version=2015-04-08
  response:
    body:
      string: '{"status":"Dequeued","error":{}}'
    headers:
      cache-control:
      - no-store, no-cache
      content-length:
      - '32'
      content-location:
      - https://management.documents.azure.com:450/subscriptions/12053b8f-cab5-4f5c-9c1a-870580142abd/providers/Microsoft.DocumentDB/locations/westus/operationsStatus/60e1e54b-5e17-4f43-a304-ab8b934e5d43?api-version=2015-04-08
      content-type:
      - application/json
      date:
      - Tue, 30 Jul 2019 00:25:03 GMT
      pragma:
      - no-cache
      server:
      - Microsoft-HTTPAPI/2.0
      strict-transport-security:
      - max-age=31536000; includeSubDomains
      transfer-encoding:
      - chunked
      vary:
      - Accept-Encoding
      x-content-type-options:
      - nosniff
      x-ms-gatewayversion:
      - version=2.5.1
    status:
      code: 200
      message: Ok
- request:
    body: null
    headers:
      Accept:
      - application/json
      Accept-Encoding:
      - gzip, deflate
      CommandName:
      - cosmosdb create
      Connection:
      - keep-alive
      ParameterSetName:
      - -n -g --capabilities
      User-Agent:
      - python/3.7.2 (Windows-10-10.0.18362-SP0) msrest/0.6.8 msrest_azure/0.6.1 azure-mgmt-cosmosdb/0.7.0
        Azure-SDK-For-Python AZURECLI/2.0.67
    method: GET
    uri: https://management.azure.com/subscriptions/00000000-0000-0000-0000-000000000000/providers/Microsoft.DocumentDB/locations/westus/operationsStatus/60e1e54b-5e17-4f43-a304-ab8b934e5d43?api-version=2015-04-08
  response:
    body:
      string: '{"status":"Dequeued","error":{}}'
    headers:
      cache-control:
      - no-store, no-cache
      content-length:
      - '32'
      content-location:
      - https://management.documents.azure.com:450/subscriptions/12053b8f-cab5-4f5c-9c1a-870580142abd/providers/Microsoft.DocumentDB/locations/westus/operationsStatus/60e1e54b-5e17-4f43-a304-ab8b934e5d43?api-version=2015-04-08
      content-type:
      - application/json
      date:
      - Tue, 30 Jul 2019 00:25:33 GMT
      pragma:
      - no-cache
      server:
      - Microsoft-HTTPAPI/2.0
      strict-transport-security:
      - max-age=31536000; includeSubDomains
      transfer-encoding:
      - chunked
      vary:
      - Accept-Encoding
      x-content-type-options:
      - nosniff
      x-ms-gatewayversion:
      - version=2.5.1
    status:
      code: 200
      message: Ok
- request:
    body: null
    headers:
      Accept:
      - application/json
      Accept-Encoding:
      - gzip, deflate
      CommandName:
      - cosmosdb create
      Connection:
      - keep-alive
      ParameterSetName:
      - -n -g --capabilities
      User-Agent:
      - python/3.7.2 (Windows-10-10.0.18362-SP0) msrest/0.6.8 msrest_azure/0.6.1 azure-mgmt-cosmosdb/0.7.0
        Azure-SDK-For-Python AZURECLI/2.0.67
    method: GET
    uri: https://management.azure.com/subscriptions/00000000-0000-0000-0000-000000000000/providers/Microsoft.DocumentDB/locations/westus/operationsStatus/60e1e54b-5e17-4f43-a304-ab8b934e5d43?api-version=2015-04-08
  response:
    body:
      string: '{"status":"Dequeued","error":{}}'
    headers:
      cache-control:
      - no-store, no-cache
      content-length:
      - '32'
      content-location:
      - https://management.documents.azure.com:450/subscriptions/12053b8f-cab5-4f5c-9c1a-870580142abd/providers/Microsoft.DocumentDB/locations/westus/operationsStatus/60e1e54b-5e17-4f43-a304-ab8b934e5d43?api-version=2015-04-08
      content-type:
      - application/json
      date:
      - Tue, 30 Jul 2019 00:26:03 GMT
      pragma:
      - no-cache
      server:
      - Microsoft-HTTPAPI/2.0
      strict-transport-security:
      - max-age=31536000; includeSubDomains
      transfer-encoding:
      - chunked
      vary:
      - Accept-Encoding
      x-content-type-options:
      - nosniff
      x-ms-gatewayversion:
      - version=2.5.1
    status:
      code: 200
      message: Ok
- request:
    body: null
    headers:
      Accept:
      - application/json
      Accept-Encoding:
      - gzip, deflate
      CommandName:
      - cosmosdb create
      Connection:
      - keep-alive
      ParameterSetName:
      - -n -g --capabilities
      User-Agent:
      - python/3.7.2 (Windows-10-10.0.18362-SP0) msrest/0.6.8 msrest_azure/0.6.1 azure-mgmt-cosmosdb/0.7.0
        Azure-SDK-For-Python AZURECLI/2.0.67
    method: GET
    uri: https://management.azure.com/subscriptions/00000000-0000-0000-0000-000000000000/providers/Microsoft.DocumentDB/locations/westus/operationsStatus/60e1e54b-5e17-4f43-a304-ab8b934e5d43?api-version=2015-04-08
  response:
    body:
      string: '{"status":"Dequeued","error":{}}'
    headers:
      cache-control:
      - no-store, no-cache
      content-length:
      - '32'
      content-location:
      - https://management.documents.azure.com:450/subscriptions/12053b8f-cab5-4f5c-9c1a-870580142abd/providers/Microsoft.DocumentDB/locations/westus/operationsStatus/60e1e54b-5e17-4f43-a304-ab8b934e5d43?api-version=2015-04-08
      content-type:
      - application/json
      date:
      - Tue, 30 Jul 2019 00:26:34 GMT
      pragma:
      - no-cache
      server:
      - Microsoft-HTTPAPI/2.0
      strict-transport-security:
      - max-age=31536000; includeSubDomains
      transfer-encoding:
      - chunked
      vary:
      - Accept-Encoding
      x-content-type-options:
      - nosniff
      x-ms-gatewayversion:
      - version=2.5.1
    status:
      code: 200
      message: Ok
- request:
    body: null
    headers:
      Accept:
      - application/json
      Accept-Encoding:
      - gzip, deflate
      CommandName:
      - cosmosdb create
      Connection:
      - keep-alive
      ParameterSetName:
      - -n -g --capabilities
      User-Agent:
      - python/3.7.2 (Windows-10-10.0.18362-SP0) msrest/0.6.8 msrest_azure/0.6.1 azure-mgmt-cosmosdb/0.7.0
        Azure-SDK-For-Python AZURECLI/2.0.67
    method: GET
    uri: https://management.azure.com/subscriptions/00000000-0000-0000-0000-000000000000/providers/Microsoft.DocumentDB/locations/westus/operationsStatus/60e1e54b-5e17-4f43-a304-ab8b934e5d43?api-version=2015-04-08
  response:
    body:
      string: '{"status":"Dequeued","error":{}}'
    headers:
      cache-control:
      - no-store, no-cache
      content-length:
      - '32'
      content-location:
      - https://management.documents.azure.com:450/subscriptions/12053b8f-cab5-4f5c-9c1a-870580142abd/providers/Microsoft.DocumentDB/locations/westus/operationsStatus/60e1e54b-5e17-4f43-a304-ab8b934e5d43?api-version=2015-04-08
      content-type:
      - application/json
      date:
      - Tue, 30 Jul 2019 00:27:04 GMT
      pragma:
      - no-cache
      server:
      - Microsoft-HTTPAPI/2.0
      strict-transport-security:
      - max-age=31536000; includeSubDomains
      transfer-encoding:
      - chunked
      vary:
      - Accept-Encoding
      x-content-type-options:
      - nosniff
      x-ms-gatewayversion:
      - version=2.5.1
    status:
      code: 200
      message: Ok
- request:
    body: null
    headers:
      Accept:
      - application/json
      Accept-Encoding:
      - gzip, deflate
      CommandName:
      - cosmosdb create
      Connection:
      - keep-alive
      ParameterSetName:
      - -n -g --capabilities
      User-Agent:
      - python/3.7.2 (Windows-10-10.0.18362-SP0) msrest/0.6.8 msrest_azure/0.6.1 azure-mgmt-cosmosdb/0.7.0
        Azure-SDK-For-Python AZURECLI/2.0.67
    method: GET
    uri: https://management.azure.com/subscriptions/00000000-0000-0000-0000-000000000000/providers/Microsoft.DocumentDB/locations/westus/operationsStatus/60e1e54b-5e17-4f43-a304-ab8b934e5d43?api-version=2015-04-08
  response:
    body:
      string: '{"status":"Dequeued","error":{}}'
    headers:
      cache-control:
      - no-store, no-cache
      content-length:
      - '32'
      content-location:
      - https://management.documents.azure.com:450/subscriptions/12053b8f-cab5-4f5c-9c1a-870580142abd/providers/Microsoft.DocumentDB/locations/westus/operationsStatus/60e1e54b-5e17-4f43-a304-ab8b934e5d43?api-version=2015-04-08
      content-type:
      - application/json
      date:
      - Tue, 30 Jul 2019 00:27:35 GMT
      pragma:
      - no-cache
      server:
      - Microsoft-HTTPAPI/2.0
      strict-transport-security:
      - max-age=31536000; includeSubDomains
      transfer-encoding:
      - chunked
      vary:
      - Accept-Encoding
      x-content-type-options:
      - nosniff
      x-ms-gatewayversion:
      - version=2.5.1
    status:
      code: 200
      message: Ok
- request:
    body: null
    headers:
      Accept:
      - application/json
      Accept-Encoding:
      - gzip, deflate
      CommandName:
      - cosmosdb create
      Connection:
      - keep-alive
      ParameterSetName:
      - -n -g --capabilities
      User-Agent:
      - python/3.7.2 (Windows-10-10.0.18362-SP0) msrest/0.6.8 msrest_azure/0.6.1 azure-mgmt-cosmosdb/0.7.0
        Azure-SDK-For-Python AZURECLI/2.0.67
    method: GET
    uri: https://management.azure.com/subscriptions/00000000-0000-0000-0000-000000000000/providers/Microsoft.DocumentDB/locations/westus/operationsStatus/60e1e54b-5e17-4f43-a304-ab8b934e5d43?api-version=2015-04-08
  response:
    body:
      string: '{"status":"Dequeued","error":{}}'
    headers:
      cache-control:
      - no-store, no-cache
      content-length:
      - '32'
      content-location:
      - https://management.documents.azure.com:450/subscriptions/12053b8f-cab5-4f5c-9c1a-870580142abd/providers/Microsoft.DocumentDB/locations/westus/operationsStatus/60e1e54b-5e17-4f43-a304-ab8b934e5d43?api-version=2015-04-08
      content-type:
      - application/json
      date:
      - Tue, 30 Jul 2019 00:28:05 GMT
      pragma:
      - no-cache
      server:
      - Microsoft-HTTPAPI/2.0
      strict-transport-security:
      - max-age=31536000; includeSubDomains
      transfer-encoding:
      - chunked
      vary:
      - Accept-Encoding
      x-content-type-options:
      - nosniff
      x-ms-gatewayversion:
      - version=2.5.1
    status:
      code: 200
      message: Ok
- request:
    body: null
    headers:
      Accept:
      - application/json
      Accept-Encoding:
      - gzip, deflate
      CommandName:
      - cosmosdb create
      Connection:
      - keep-alive
      ParameterSetName:
      - -n -g --capabilities
      User-Agent:
      - python/3.7.2 (Windows-10-10.0.18362-SP0) msrest/0.6.8 msrest_azure/0.6.1 azure-mgmt-cosmosdb/0.7.0
        Azure-SDK-For-Python AZURECLI/2.0.67
    method: GET
    uri: https://management.azure.com/subscriptions/00000000-0000-0000-0000-000000000000/providers/Microsoft.DocumentDB/locations/westus/operationsStatus/60e1e54b-5e17-4f43-a304-ab8b934e5d43?api-version=2015-04-08
  response:
    body:
      string: '{"status":"Succeeded","error":{}}'
    headers:
      cache-control:
      - no-store, no-cache
      content-length:
      - '33'
      content-location:
      - https://management.documents.azure.com:450/subscriptions/12053b8f-cab5-4f5c-9c1a-870580142abd/providers/Microsoft.DocumentDB/locations/westus/operationsStatus/60e1e54b-5e17-4f43-a304-ab8b934e5d43?api-version=2015-04-08
      content-type:
      - application/json
      date:
      - Tue, 30 Jul 2019 00:28:36 GMT
      pragma:
      - no-cache
      server:
      - Microsoft-HTTPAPI/2.0
      strict-transport-security:
      - max-age=31536000; includeSubDomains
      transfer-encoding:
      - chunked
      vary:
      - Accept-Encoding
      x-content-type-options:
      - nosniff
      x-ms-gatewayversion:
      - version=2.5.1
    status:
      code: 200
      message: Ok
- request:
    body: null
    headers:
      Accept:
      - application/json
      Accept-Encoding:
      - gzip, deflate
      CommandName:
      - cosmosdb create
      Connection:
      - keep-alive
      ParameterSetName:
      - -n -g --capabilities
      User-Agent:
      - python/3.7.2 (Windows-10-10.0.18362-SP0) msrest/0.6.8 msrest_azure/0.6.1 azure-mgmt-cosmosdb/0.7.0
        Azure-SDK-For-Python AZURECLI/2.0.67
    method: GET
    uri: https://management.azure.com/subscriptions/00000000-0000-0000-0000-000000000000/resourceGroups/cli_test_cosmosdb_cassandra_resource_throughput000001/providers/Microsoft.DocumentDB/databaseAccounts/cli000002?api-version=2015-04-08
  response:
    body:
      string: '{"id":"/subscriptions/00000000-0000-0000-0000-000000000000/resourceGroups/cli_test_cosmosdb_cassandra_resource_throughput000001/providers/Microsoft.DocumentDB/databaseAccounts/cli000002","name":"cli000002","location":"West
        US","type":"Microsoft.DocumentDB/databaseAccounts","kind":"GlobalDocumentDB","tags":{},"properties":{"provisioningState":"Succeeded","documentEndpoint":"https://cli000002.documents.azure.com:443/","cassandraEndpoint":"https://cli000002.cassandra.cosmos.azure.com:443/","ipRangeFilter":"","enableAutomaticFailover":false,"enableMultipleWriteLocations":false,"enablePartitionKeyMonitor":false,"isVirtualNetworkFilterEnabled":false,"virtualNetworkRules":[],"EnabledApiTypes":"Cassandra","databaseAccountOfferType":"Standard","enableCassandraConnector":false,"connectorOffer":"","consistencyPolicy":{"defaultConsistencyLevel":"Session","maxIntervalInSeconds":5,"maxStalenessPrefix":100},"configurationOverrides":{},"writeLocations":[{"id":"cli000002-westus","locationName":"West
        US","documentEndpoint":"https://cli000002-westus.documents.azure.com:443/","provisioningState":"Succeeded","failoverPriority":0,"isZoneRedundant":false}],"readLocations":[{"id":"cli000002-westus","locationName":"West
        US","documentEndpoint":"https://cli000002-westus.documents.azure.com:443/","provisioningState":"Succeeded","failoverPriority":0,"isZoneRedundant":false}],"locations":[{"id":"cli000002-westus","locationName":"West
        US","documentEndpoint":"https://cli000002-westus.documents.azure.com:443/","provisioningState":"Succeeded","failoverPriority":0,"isZoneRedundant":false}],"failoverPolicies":[{"id":"cli000002-westus","locationName":"West
        US","failoverPriority":0}],"cors":[],"capabilities":[{"name":"EnableCassandra"}]}}'
    headers:
      cache-control:
      - no-store, no-cache
      content-length:
      - '1818'
      content-location:
      - https://management.documents.azure.com:450/subscriptions/12053b8f-cab5-4f5c-9c1a-870580142abd/resourceGroups/cli_test_cosmosdb_cassandra_resource_throughputbdaivux2qilss6idnwy7pa5z5ed6/providers/Microsoft.DocumentDB/databaseAccounts/clinhugd6ccur2m?api-version=2015-04-08
      content-type:
      - application/json
      date:
      - Tue, 30 Jul 2019 00:28:37 GMT
      pragma:
      - no-cache
      server:
      - Microsoft-HTTPAPI/2.0
      strict-transport-security:
      - max-age=31536000; includeSubDomains
      transfer-encoding:
      - chunked
      vary:
      - Accept-Encoding
      x-content-type-options:
      - nosniff
      x-ms-gatewayversion:
      - version=2.5.1
    status:
      code: 200
      message: Ok
- request:
    body: null
    headers:
      Accept:
      - application/json
      Accept-Encoding:
      - gzip, deflate
      CommandName:
      - cosmosdb create
      Connection:
      - keep-alive
      ParameterSetName:
      - -n -g --capabilities
      User-Agent:
      - python/3.7.2 (Windows-10-10.0.18362-SP0) msrest/0.6.8 msrest_azure/0.6.1 azure-mgmt-cosmosdb/0.7.0
        Azure-SDK-For-Python AZURECLI/2.0.67
      accept-language:
      - en-US
    method: GET
    uri: https://management.azure.com/subscriptions/00000000-0000-0000-0000-000000000000/resourceGroups/cli_test_cosmosdb_cassandra_resource_throughput000001/providers/Microsoft.DocumentDB/databaseAccounts/cli000002?api-version=2015-04-08
  response:
    body:
      string: '{"id":"/subscriptions/00000000-0000-0000-0000-000000000000/resourceGroups/cli_test_cosmosdb_cassandra_resource_throughput000001/providers/Microsoft.DocumentDB/databaseAccounts/cli000002","name":"cli000002","location":"West
        US","type":"Microsoft.DocumentDB/databaseAccounts","kind":"GlobalDocumentDB","tags":{},"properties":{"provisioningState":"Succeeded","documentEndpoint":"https://cli000002.documents.azure.com:443/","cassandraEndpoint":"https://cli000002.cassandra.cosmos.azure.com:443/","ipRangeFilter":"","enableAutomaticFailover":false,"enableMultipleWriteLocations":false,"enablePartitionKeyMonitor":false,"isVirtualNetworkFilterEnabled":false,"virtualNetworkRules":[],"EnabledApiTypes":"Cassandra","databaseAccountOfferType":"Standard","enableCassandraConnector":false,"connectorOffer":"","consistencyPolicy":{"defaultConsistencyLevel":"Session","maxIntervalInSeconds":5,"maxStalenessPrefix":100},"configurationOverrides":{},"writeLocations":[{"id":"cli000002-westus","locationName":"West
        US","documentEndpoint":"https://cli000002-westus.documents.azure.com:443/","provisioningState":"Succeeded","failoverPriority":0,"isZoneRedundant":false}],"readLocations":[{"id":"cli000002-westus","locationName":"West
        US","documentEndpoint":"https://cli000002-westus.documents.azure.com:443/","provisioningState":"Succeeded","failoverPriority":0,"isZoneRedundant":false}],"locations":[{"id":"cli000002-westus","locationName":"West
        US","documentEndpoint":"https://cli000002-westus.documents.azure.com:443/","provisioningState":"Succeeded","failoverPriority":0,"isZoneRedundant":false}],"failoverPolicies":[{"id":"cli000002-westus","locationName":"West
        US","failoverPriority":0}],"cors":[],"capabilities":[{"name":"EnableCassandra"}]}}'
    headers:
      cache-control:
      - no-store, no-cache
      content-length:
      - '1818'
      content-location:
      - https://management.documents.azure.com:450/subscriptions/12053b8f-cab5-4f5c-9c1a-870580142abd/resourceGroups/cli_test_cosmosdb_cassandra_resource_throughputbdaivux2qilss6idnwy7pa5z5ed6/providers/Microsoft.DocumentDB/databaseAccounts/clinhugd6ccur2m?api-version=2015-04-08
      content-type:
      - application/json
      date:
      - Tue, 30 Jul 2019 00:28:37 GMT
      pragma:
      - no-cache
      server:
      - Microsoft-HTTPAPI/2.0
      strict-transport-security:
      - max-age=31536000; includeSubDomains
      transfer-encoding:
      - chunked
      vary:
      - Accept-Encoding
      x-content-type-options:
      - nosniff
      x-ms-gatewayversion:
      - version=2.5.1
    status:
      code: 200
      message: Ok
- request:
    body: 'b''{"properties": {"resource": {"id": "cli000003"}, "options": {"Throughput":
      "1000"}}}'''
    headers:
      Accept:
      - application/json
      Accept-Encoding:
      - gzip, deflate
      CommandName:
      - cosmosdb cassandra keyspace create
      Connection:
      - keep-alive
      Content-Length:
      - '90'
      Content-Type:
      - application/json; charset=utf-8
      ParameterSetName:
      - -g -a -n --throughput
      User-Agent:
      - python/3.7.2 (Windows-10-10.0.18362-SP0) msrest/0.6.8 msrest_azure/0.6.1 azure-mgmt-cosmosdb/0.7.0
        Azure-SDK-For-Python AZURECLI/2.0.67
      accept-language:
      - en-US
    method: PUT
    uri: https://management.azure.com/subscriptions/00000000-0000-0000-0000-000000000000/resourceGroups/cli_test_cosmosdb_cassandra_resource_throughput000001/providers/Microsoft.DocumentDB/databaseAccounts/cli000002/apis/cassandra/keyspaces/cli000003?api-version=2015-04-08
  response:
    body:
      string: '{"status":"Enqueued","error":{}}'
    headers:
      azure-asyncoperation:
      - https://management.azure.com/subscriptions/00000000-0000-0000-0000-000000000000/providers/Microsoft.DocumentDB/locations/westus/operationsStatus/8c7038ca-de68-43a3-9de8-6fbc50ae4bbb?api-version=2015-04-08
      cache-control:
      - no-store, no-cache
      content-length:
      - '32'
      content-location:
      - https://management.documents.azure.com:450/subscriptions/12053b8f-cab5-4f5c-9c1a-870580142abd/resourceGroups/cli_test_cosmosdb_cassandra_resource_throughputbdaivux2qilss6idnwy7pa5z5ed6/providers/Microsoft.DocumentDB/databaseAccounts/clinhugd6ccur2m/apis/cassandra/keyspaces/cliw5aesav7jy6c?api-version=2015-04-08
      content-type:
      - application/json
      date:
      - Tue, 30 Jul 2019 00:28:38 GMT
      location:
      - https://management.azure.com/subscriptions/00000000-0000-0000-0000-000000000000/resourceGroups/cli_test_cosmosdb_cassandra_resource_throughput000001/providers/Microsoft.DocumentDB/databaseAccounts/cli000002/apis/cassandra/keyspaces/cli000003/operationResults/8c7038ca-de68-43a3-9de8-6fbc50ae4bbb?api-version=2015-04-08
      pragma:
      - no-cache
      server:
      - Microsoft-HTTPAPI/2.0
      strict-transport-security:
      - max-age=31536000; includeSubDomains
      x-content-type-options:
      - nosniff
      x-ms-gatewayversion:
      - version=2.5.1
      x-ms-ratelimit-remaining-subscription-writes:
      - '1199'
    status:
      code: 202
      message: Accepted
- request:
    body: null
    headers:
      Accept:
      - application/json
      Accept-Encoding:
      - gzip, deflate
      CommandName:
      - cosmosdb cassandra keyspace create
      Connection:
      - keep-alive
      ParameterSetName:
      - -g -a -n --throughput
      User-Agent:
      - python/3.7.2 (Windows-10-10.0.18362-SP0) msrest/0.6.8 msrest_azure/0.6.1 azure-mgmt-cosmosdb/0.7.0
        Azure-SDK-For-Python AZURECLI/2.0.67
    method: GET
    uri: https://management.azure.com/subscriptions/00000000-0000-0000-0000-000000000000/providers/Microsoft.DocumentDB/locations/westus/operationsStatus/8c7038ca-de68-43a3-9de8-6fbc50ae4bbb?api-version=2015-04-08
  response:
    body:
      string: '{"status":"Succeeded","error":{}}'
    headers:
      cache-control:
      - no-store, no-cache
      content-length:
      - '33'
      content-location:
      - https://management.documents.azure.com:450/subscriptions/12053b8f-cab5-4f5c-9c1a-870580142abd/providers/Microsoft.DocumentDB/locations/westus/operationsStatus/8c7038ca-de68-43a3-9de8-6fbc50ae4bbb?api-version=2015-04-08
      content-type:
      - application/json
      date:
      - Tue, 30 Jul 2019 00:29:08 GMT
      pragma:
      - no-cache
      server:
      - Microsoft-HTTPAPI/2.0
      strict-transport-security:
      - max-age=31536000; includeSubDomains
      transfer-encoding:
      - chunked
      vary:
      - Accept-Encoding
      x-content-type-options:
      - nosniff
      x-ms-gatewayversion:
      - version=2.5.1
    status:
      code: 200
      message: Ok
- request:
    body: null
    headers:
      Accept:
      - application/json
      Accept-Encoding:
      - gzip, deflate
      CommandName:
      - cosmosdb cassandra keyspace create
      Connection:
      - keep-alive
      ParameterSetName:
      - -g -a -n --throughput
      User-Agent:
      - python/3.7.2 (Windows-10-10.0.18362-SP0) msrest/0.6.8 msrest_azure/0.6.1 azure-mgmt-cosmosdb/0.7.0
        Azure-SDK-For-Python AZURECLI/2.0.67
    method: GET
    uri: https://management.azure.com/subscriptions/00000000-0000-0000-0000-000000000000/resourceGroups/cli_test_cosmosdb_cassandra_resource_throughput000001/providers/Microsoft.DocumentDB/databaseAccounts/cli000002/apis/cassandra/keyspaces/cli000003?api-version=2015-04-08
  response:
    body:
      string: '{"properties":{"id":"cli000003"}}'
    headers:
      cache-control:
      - no-store, no-cache
      content-length:
      - '39'
      content-location:
      - https://management.documents.azure.com:450/subscriptions/12053b8f-cab5-4f5c-9c1a-870580142abd/resourceGroups/cli_test_cosmosdb_cassandra_resource_throughputbdaivux2qilss6idnwy7pa5z5ed6/providers/Microsoft.DocumentDB/databaseAccounts/clinhugd6ccur2m/apis/cassandra/keyspaces/cliw5aesav7jy6c?api-version=2015-04-08
      content-type:
      - application/json
      date:
      - Tue, 30 Jul 2019 00:29:10 GMT
      pragma:
      - no-cache
      server:
      - Microsoft-HTTPAPI/2.0
      strict-transport-security:
      - max-age=31536000; includeSubDomains
      transfer-encoding:
      - chunked
      vary:
      - Accept-Encoding
      x-content-type-options:
      - nosniff
      x-ms-gatewayversion:
      - version=2.5.1
    status:
      code: 200
      message: Ok
- request:
    body: null
    headers:
      Accept:
      - application/json
      Accept-Encoding:
      - gzip, deflate
      CommandName:
      - cosmosdb cassandra keyspace throughput show
      Connection:
      - keep-alive
      ParameterSetName:
      - -g -a -n
      User-Agent:
      - python/3.7.2 (Windows-10-10.0.18362-SP0) msrest/0.6.8 msrest_azure/0.6.1 azure-mgmt-cosmosdb/0.7.0
        Azure-SDK-For-Python AZURECLI/2.0.67
      accept-language:
      - en-US
    method: GET
    uri: https://management.azure.com/subscriptions/00000000-0000-0000-0000-000000000000/resourceGroups/cli_test_cosmosdb_cassandra_resource_throughput000001/providers/Microsoft.DocumentDB/databaseAccounts/cli000002/apis/cassandra/keyspaces/cli000003/settings/throughput?api-version=2015-04-08
  response:
    body:
      string: '{"properties":{"throughput":1000}}'
    headers:
      cache-control:
      - no-store, no-cache
      content-length:
      - '34'
      content-location:
      - https://management.documents.azure.com:450/subscriptions/12053b8f-cab5-4f5c-9c1a-870580142abd/resourceGroups/cli_test_cosmosdb_cassandra_resource_throughputbdaivux2qilss6idnwy7pa5z5ed6/providers/Microsoft.DocumentDB/databaseAccounts/clinhugd6ccur2m/apis/cassandra/keyspaces/cliw5aesav7jy6c/settings/throughput?api-version=2015-04-08
      content-type:
      - application/json
      date:
      - Tue, 30 Jul 2019 00:29:11 GMT
      pragma:
      - no-cache
      server:
      - Microsoft-HTTPAPI/2.0
      strict-transport-security:
      - max-age=31536000; includeSubDomains
      transfer-encoding:
      - chunked
      vary:
      - Accept-Encoding
      x-content-type-options:
      - nosniff
      x-ms-gatewayversion:
      - version=2.5.1
    status:
      code: 200
      message: Ok
- request:
    body: '{"properties": {"resource": {"throughput": 2000}}}'
    headers:
      Accept:
      - application/json
      Accept-Encoding:
      - gzip, deflate
      CommandName:
      - cosmosdb cassandra keyspace throughput update
      Connection:
      - keep-alive
      Content-Length:
      - '50'
      Content-Type:
      - application/json; charset=utf-8
      ParameterSetName:
      - -g -a -n --throughput
      User-Agent:
      - python/3.7.2 (Windows-10-10.0.18362-SP0) msrest/0.6.8 msrest_azure/0.6.1 azure-mgmt-cosmosdb/0.7.0
        Azure-SDK-For-Python AZURECLI/2.0.67
      accept-language:
      - en-US
    method: PUT
    uri: https://management.azure.com/subscriptions/00000000-0000-0000-0000-000000000000/resourceGroups/cli_test_cosmosdb_cassandra_resource_throughput000001/providers/Microsoft.DocumentDB/databaseAccounts/cli000002/apis/cassandra/keyspaces/cli000003/settings/throughput?api-version=2015-04-08
  response:
    body:
      string: '{"status":"Enqueued","error":{}}'
    headers:
      azure-asyncoperation:
      - https://management.azure.com/subscriptions/00000000-0000-0000-0000-000000000000/providers/Microsoft.DocumentDB/locations/westus/operationsStatus/96df2610-2039-4ff0-8f31-b181e22309e5?api-version=2015-04-08
      cache-control:
      - no-store, no-cache
      content-length:
      - '32'
      content-location:
      - https://management.documents.azure.com:450/subscriptions/12053b8f-cab5-4f5c-9c1a-870580142abd/resourceGroups/cli_test_cosmosdb_cassandra_resource_throughputbdaivux2qilss6idnwy7pa5z5ed6/providers/Microsoft.DocumentDB/databaseAccounts/clinhugd6ccur2m/apis/cassandra/keyspaces/cliw5aesav7jy6c/settings/throughput?api-version=2015-04-08
      content-type:
      - application/json
      date:
      - Tue, 30 Jul 2019 00:29:13 GMT
      location:
      - https://management.azure.com/subscriptions/00000000-0000-0000-0000-000000000000/resourceGroups/cli_test_cosmosdb_cassandra_resource_throughput000001/providers/Microsoft.DocumentDB/databaseAccounts/cli000002/apis/cassandra/keyspaces/cli000003/settings/throughput/operationResults/96df2610-2039-4ff0-8f31-b181e22309e5?api-version=2015-04-08
      pragma:
      - no-cache
      server:
      - Microsoft-HTTPAPI/2.0
      strict-transport-security:
      - max-age=31536000; includeSubDomains
      x-content-type-options:
      - nosniff
      x-ms-gatewayversion:
      - version=2.5.1
      x-ms-ratelimit-remaining-subscription-writes:
      - '1199'
    status:
      code: 202
      message: Accepted
- request:
    body: null
    headers:
      Accept:
      - application/json
      Accept-Encoding:
      - gzip, deflate
      CommandName:
      - cosmosdb cassandra keyspace throughput update
      Connection:
      - keep-alive
      ParameterSetName:
      - -g -a -n --throughput
      User-Agent:
      - python/3.7.2 (Windows-10-10.0.18362-SP0) msrest/0.6.8 msrest_azure/0.6.1 azure-mgmt-cosmosdb/0.7.0
        Azure-SDK-For-Python AZURECLI/2.0.67
    method: GET
    uri: https://management.azure.com/subscriptions/00000000-0000-0000-0000-000000000000/providers/Microsoft.DocumentDB/locations/westus/operationsStatus/96df2610-2039-4ff0-8f31-b181e22309e5?api-version=2015-04-08
  response:
    body:
      string: '{"status":"Succeeded","error":{}}'
    headers:
      cache-control:
      - no-store, no-cache
      content-length:
      - '33'
      content-location:
      - https://management.documents.azure.com:450/subscriptions/12053b8f-cab5-4f5c-9c1a-870580142abd/providers/Microsoft.DocumentDB/locations/westus/operationsStatus/96df2610-2039-4ff0-8f31-b181e22309e5?api-version=2015-04-08
      content-type:
      - application/json
      date:
      - Tue, 30 Jul 2019 00:29:43 GMT
      pragma:
      - no-cache
      server:
      - Microsoft-HTTPAPI/2.0
      strict-transport-security:
      - max-age=31536000; includeSubDomains
      transfer-encoding:
      - chunked
      vary:
      - Accept-Encoding
      x-content-type-options:
      - nosniff
      x-ms-gatewayversion:
      - version=2.5.1
    status:
      code: 200
      message: Ok
- request:
    body: null
    headers:
      Accept:
      - application/json
      Accept-Encoding:
      - gzip, deflate
      CommandName:
      - cosmosdb cassandra keyspace throughput update
      Connection:
      - keep-alive
      ParameterSetName:
      - -g -a -n --throughput
      User-Agent:
      - python/3.7.2 (Windows-10-10.0.18362-SP0) msrest/0.6.8 msrest_azure/0.6.1 azure-mgmt-cosmosdb/0.7.0
        Azure-SDK-For-Python AZURECLI/2.0.67
    method: GET
    uri: https://management.azure.com/subscriptions/00000000-0000-0000-0000-000000000000/resourceGroups/cli_test_cosmosdb_cassandra_resource_throughput000001/providers/Microsoft.DocumentDB/databaseAccounts/cli000002/apis/cassandra/keyspaces/cli000003/settings/throughput?api-version=2015-04-08
  response:
    body:
      string: '{"properties":{"throughput":2000}}'
    headers:
      cache-control:
      - no-store, no-cache
      content-length:
      - '34'
      content-location:
      - https://management.documents.azure.com:450/subscriptions/12053b8f-cab5-4f5c-9c1a-870580142abd/resourceGroups/cli_test_cosmosdb_cassandra_resource_throughputbdaivux2qilss6idnwy7pa5z5ed6/providers/Microsoft.DocumentDB/databaseAccounts/clinhugd6ccur2m/apis/cassandra/keyspaces/cliw5aesav7jy6c/settings/throughput?api-version=2015-04-08
      content-type:
      - application/json
      date:
      - Tue, 30 Jul 2019 00:29:44 GMT
      pragma:
      - no-cache
      server:
      - Microsoft-HTTPAPI/2.0
      strict-transport-security:
      - max-age=31536000; includeSubDomains
      transfer-encoding:
      - chunked
      vary:
      - Accept-Encoding
      x-content-type-options:
      - nosniff
      x-ms-gatewayversion:
      - version=2.5.1
    status:
      code: 200
      message: Ok
- request:
    body: 'b''{"properties": {"resource": {"id": "cli000004", "schema": {"columns":
      [{"name": "columnA", "type": "Ascii"}], "partitionKeys": [{"name": "columnA"}]}},
      "options": {"Throughput": "1000"}}}'''
    headers:
      Accept:
      - application/json
      Accept-Encoding:
      - gzip, deflate
      CommandName:
      - cosmosdb cassandra table create
      Connection:
      - keep-alive
      Content-Length:
      - '193'
      Content-Type:
      - application/json; charset=utf-8
      ParameterSetName:
      - -g -a -k -n --throughput --schema
      User-Agent:
      - python/3.7.2 (Windows-10-10.0.18362-SP0) msrest/0.6.8 msrest_azure/0.6.1 azure-mgmt-cosmosdb/0.7.0
        Azure-SDK-For-Python AZURECLI/2.0.67
      accept-language:
      - en-US
    method: PUT
    uri: https://management.azure.com/subscriptions/00000000-0000-0000-0000-000000000000/resourceGroups/cli_test_cosmosdb_cassandra_resource_throughput000001/providers/Microsoft.DocumentDB/databaseAccounts/cli000002/apis/cassandra/keyspaces/cli000003/tables/cli000004?api-version=2015-04-08
  response:
    body:
      string: '{"status":"Enqueued","error":{}}'
    headers:
      azure-asyncoperation:
      - https://management.azure.com/subscriptions/00000000-0000-0000-0000-000000000000/providers/Microsoft.DocumentDB/locations/westus/operationsStatus/71bb472a-25fd-40d2-9a2c-94547875c343?api-version=2015-04-08
      cache-control:
      - no-store, no-cache
      content-length:
      - '32'
      content-location:
      - https://management.documents.azure.com:450/subscriptions/12053b8f-cab5-4f5c-9c1a-870580142abd/resourceGroups/cli_test_cosmosdb_cassandra_resource_throughputbdaivux2qilss6idnwy7pa5z5ed6/providers/Microsoft.DocumentDB/databaseAccounts/clinhugd6ccur2m/apis/cassandra/keyspaces/cliw5aesav7jy6c/tables/cliqglrnatylobl?api-version=2015-04-08
      content-type:
      - application/json
      date:
      - Tue, 30 Jul 2019 00:29:50 GMT
      location:
      - https://management.azure.com/subscriptions/00000000-0000-0000-0000-000000000000/resourceGroups/cli_test_cosmosdb_cassandra_resource_throughput000001/providers/Microsoft.DocumentDB/databaseAccounts/cli000002/apis/cassandra/keyspaces/cli000003/tables/cli000004/operationResults/71bb472a-25fd-40d2-9a2c-94547875c343?api-version=2015-04-08
      pragma:
      - no-cache
      server:
      - Microsoft-HTTPAPI/2.0
      strict-transport-security:
      - max-age=31536000; includeSubDomains
      x-content-type-options:
      - nosniff
      x-ms-gatewayversion:
      - version=2.5.1
      x-ms-ratelimit-remaining-subscription-writes:
      - '1199'
    status:
      code: 202
      message: Accepted
- request:
    body: null
    headers:
      Accept:
      - application/json
      Accept-Encoding:
      - gzip, deflate
      CommandName:
      - cosmosdb cassandra table create
      Connection:
      - keep-alive
      ParameterSetName:
      - -g -a -k -n --throughput --schema
      User-Agent:
      - python/3.7.2 (Windows-10-10.0.18362-SP0) msrest/0.6.8 msrest_azure/0.6.1 azure-mgmt-cosmosdb/0.7.0
        Azure-SDK-For-Python AZURECLI/2.0.67
    method: GET
    uri: https://management.azure.com/subscriptions/00000000-0000-0000-0000-000000000000/providers/Microsoft.DocumentDB/locations/westus/operationsStatus/71bb472a-25fd-40d2-9a2c-94547875c343?api-version=2015-04-08
  response:
    body:
      string: '{"status":"Succeeded","error":{}}'
    headers:
      cache-control:
      - no-store, no-cache
      content-length:
      - '33'
      content-location:
      - https://management.documents.azure.com:450/subscriptions/12053b8f-cab5-4f5c-9c1a-870580142abd/providers/Microsoft.DocumentDB/locations/westus/operationsStatus/71bb472a-25fd-40d2-9a2c-94547875c343?api-version=2015-04-08
      content-type:
      - application/json
      date:
      - Tue, 30 Jul 2019 00:30:20 GMT
      pragma:
      - no-cache
      server:
      - Microsoft-HTTPAPI/2.0
      strict-transport-security:
      - max-age=31536000; includeSubDomains
      transfer-encoding:
      - chunked
      vary:
      - Accept-Encoding
      x-content-type-options:
      - nosniff
      x-ms-gatewayversion:
      - version=2.5.1
    status:
      code: 200
      message: Ok
- request:
    body: null
    headers:
      Accept:
      - application/json
      Accept-Encoding:
      - gzip, deflate
      CommandName:
      - cosmosdb cassandra table create
      Connection:
      - keep-alive
      ParameterSetName:
      - -g -a -k -n --throughput --schema
      User-Agent:
      - python/3.7.2 (Windows-10-10.0.18362-SP0) msrest/0.6.8 msrest_azure/0.6.1 azure-mgmt-cosmosdb/0.7.0
        Azure-SDK-For-Python AZURECLI/2.0.67
    method: GET
    uri: https://management.azure.com/subscriptions/00000000-0000-0000-0000-000000000000/resourceGroups/cli_test_cosmosdb_cassandra_resource_throughput000001/providers/Microsoft.DocumentDB/databaseAccounts/cli000002/apis/cassandra/keyspaces/cli000003/tables/cli000004?api-version=2015-04-08
  response:
    body:
      string: '{"properties":{"id":"cli000004","defaultTtl":-1,"schema":{"columns":[{"name":"columnA","type":"ascii"}],"partitionKeys":[{"name":"columnA"}]}}}'
    headers:
      cache-control:
      - no-store, no-cache
      content-length:
      - '149'
      content-location:
      - https://management.documents.azure.com:450/subscriptions/12053b8f-cab5-4f5c-9c1a-870580142abd/resourceGroups/cli_test_cosmosdb_cassandra_resource_throughputbdaivux2qilss6idnwy7pa5z5ed6/providers/Microsoft.DocumentDB/databaseAccounts/clinhugd6ccur2m/apis/cassandra/keyspaces/cliw5aesav7jy6c/tables/cliqglrnatylobl?api-version=2015-04-08
      content-type:
      - application/json
      date:
      - Tue, 30 Jul 2019 00:30:22 GMT
      pragma:
      - no-cache
      server:
      - Microsoft-HTTPAPI/2.0
      strict-transport-security:
      - max-age=31536000; includeSubDomains
      transfer-encoding:
      - chunked
      vary:
      - Accept-Encoding
      x-content-type-options:
      - nosniff
      x-ms-gatewayversion:
      - version=2.5.1
    status:
      code: 200
      message: Ok
- request:
    body: null
    headers:
      Accept:
      - application/json
      Accept-Encoding:
      - gzip, deflate
      CommandName:
      - cosmosdb cassandra table throughput show
      Connection:
      - keep-alive
      ParameterSetName:
      - -g -a -k -n
      User-Agent:
      - python/3.7.2 (Windows-10-10.0.18362-SP0) msrest/0.6.8 msrest_azure/0.6.1 azure-mgmt-cosmosdb/0.7.0
        Azure-SDK-For-Python AZURECLI/2.0.67
      accept-language:
      - en-US
    method: GET
    uri: https://management.azure.com/subscriptions/00000000-0000-0000-0000-000000000000/resourceGroups/cli_test_cosmosdb_cassandra_resource_throughput000001/providers/Microsoft.DocumentDB/databaseAccounts/cli000002/apis/cassandra/keyspaces/cli000003/tables/cli000004/settings/throughput?api-version=2015-04-08
  response:
    body:
      string: '{"properties":{"throughput":1000}}'
    headers:
      cache-control:
      - no-store, no-cache
      content-length:
      - '34'
      content-location:
      - https://management.documents.azure.com:450/subscriptions/12053b8f-cab5-4f5c-9c1a-870580142abd/resourceGroups/cli_test_cosmosdb_cassandra_resource_throughputbdaivux2qilss6idnwy7pa5z5ed6/providers/Microsoft.DocumentDB/databaseAccounts/clinhugd6ccur2m/apis/cassandra/keyspaces/cliw5aesav7jy6c/tables/cliqglrnatylobl/settings/throughput?api-version=2015-04-08
      content-type:
      - application/json
      date:
      - Tue, 30 Jul 2019 00:30:23 GMT
      pragma:
      - no-cache
      server:
      - Microsoft-HTTPAPI/2.0
      strict-transport-security:
      - max-age=31536000; includeSubDomains
      transfer-encoding:
      - chunked
      vary:
      - Accept-Encoding
      x-content-type-options:
      - nosniff
      x-ms-gatewayversion:
      - version=2.5.1
    status:
      code: 200
      message: Ok
- request:
    body: '{"properties": {"resource": {"throughput": 2000}}}'
    headers:
      Accept:
      - application/json
      Accept-Encoding:
      - gzip, deflate
      CommandName:
      - cosmosdb cassandra table throughput update
      Connection:
      - keep-alive
      Content-Length:
      - '50'
      Content-Type:
      - application/json; charset=utf-8
      ParameterSetName:
      - -g -a -k -n --throughput
      User-Agent:
      - python/3.7.2 (Windows-10-10.0.18362-SP0) msrest/0.6.8 msrest_azure/0.6.1 azure-mgmt-cosmosdb/0.7.0
        Azure-SDK-For-Python AZURECLI/2.0.67
      accept-language:
      - en-US
    method: PUT
    uri: https://management.azure.com/subscriptions/00000000-0000-0000-0000-000000000000/resourceGroups/cli_test_cosmosdb_cassandra_resource_throughput000001/providers/Microsoft.DocumentDB/databaseAccounts/cli000002/apis/cassandra/keyspaces/cli000003/tables/cli000004/settings/throughput?api-version=2015-04-08
  response:
    body:
      string: '{"status":"Enqueued","error":{}}'
    headers:
      azure-asyncoperation:
      - https://management.azure.com/subscriptions/00000000-0000-0000-0000-000000000000/providers/Microsoft.DocumentDB/locations/westus/operationsStatus/89d78227-aef1-4799-b8a5-22e0c54288b7?api-version=2015-04-08
      cache-control:
      - no-store, no-cache
      content-length:
      - '32'
      content-location:
      - https://management.documents.azure.com:450/subscriptions/12053b8f-cab5-4f5c-9c1a-870580142abd/resourceGroups/cli_test_cosmosdb_cassandra_resource_throughputbdaivux2qilss6idnwy7pa5z5ed6/providers/Microsoft.DocumentDB/databaseAccounts/clinhugd6ccur2m/apis/cassandra/keyspaces/cliw5aesav7jy6c/tables/cliqglrnatylobl/settings/throughput?api-version=2015-04-08
      content-type:
      - application/json
      date:
      - Tue, 30 Jul 2019 00:30:26 GMT
      location:
      - https://management.azure.com/subscriptions/00000000-0000-0000-0000-000000000000/resourceGroups/cli_test_cosmosdb_cassandra_resource_throughput000001/providers/Microsoft.DocumentDB/databaseAccounts/cli000002/apis/cassandra/keyspaces/cli000003/tables/cli000004/settings/throughput/operationResults/89d78227-aef1-4799-b8a5-22e0c54288b7?api-version=2015-04-08
      pragma:
      - no-cache
      server:
      - Microsoft-HTTPAPI/2.0
      strict-transport-security:
      - max-age=31536000; includeSubDomains
      x-content-type-options:
      - nosniff
      x-ms-gatewayversion:
      - version=2.5.1
      x-ms-ratelimit-remaining-subscription-writes:
      - '1199'
    status:
      code: 202
      message: Accepted
- request:
    body: null
    headers:
      Accept:
      - application/json
      Accept-Encoding:
      - gzip, deflate
      CommandName:
      - cosmosdb cassandra table throughput update
      Connection:
      - keep-alive
      ParameterSetName:
      - -g -a -k -n --throughput
      User-Agent:
      - python/3.7.2 (Windows-10-10.0.18362-SP0) msrest/0.6.8 msrest_azure/0.6.1 azure-mgmt-cosmosdb/0.7.0
        Azure-SDK-For-Python AZURECLI/2.0.67
    method: GET
    uri: https://management.azure.com/subscriptions/00000000-0000-0000-0000-000000000000/providers/Microsoft.DocumentDB/locations/westus/operationsStatus/89d78227-aef1-4799-b8a5-22e0c54288b7?api-version=2015-04-08
  response:
    body:
      string: '{"status":"Succeeded","error":{}}'
    headers:
      cache-control:
      - no-store, no-cache
      content-length:
      - '33'
      content-location:
      - https://management.documents.azure.com:450/subscriptions/12053b8f-cab5-4f5c-9c1a-870580142abd/providers/Microsoft.DocumentDB/locations/westus/operationsStatus/89d78227-aef1-4799-b8a5-22e0c54288b7?api-version=2015-04-08
      content-type:
      - application/json
      date:
      - Tue, 30 Jul 2019 00:30:56 GMT
      pragma:
      - no-cache
      server:
      - Microsoft-HTTPAPI/2.0
      strict-transport-security:
      - max-age=31536000; includeSubDomains
      transfer-encoding:
      - chunked
      vary:
      - Accept-Encoding
      x-content-type-options:
      - nosniff
      x-ms-gatewayversion:
      - version=2.5.1
    status:
      code: 200
      message: Ok
- request:
    body: null
    headers:
      Accept:
      - application/json
      Accept-Encoding:
      - gzip, deflate
      CommandName:
      - cosmosdb cassandra table throughput update
      Connection:
      - keep-alive
      ParameterSetName:
      - -g -a -k -n --throughput
      User-Agent:
      - python/3.7.2 (Windows-10-10.0.18362-SP0) msrest/0.6.8 msrest_azure/0.6.1 azure-mgmt-cosmosdb/0.7.0
        Azure-SDK-For-Python AZURECLI/2.0.67
    method: GET
    uri: https://management.azure.com/subscriptions/00000000-0000-0000-0000-000000000000/resourceGroups/cli_test_cosmosdb_cassandra_resource_throughput000001/providers/Microsoft.DocumentDB/databaseAccounts/cli000002/apis/cassandra/keyspaces/cli000003/tables/cli000004/settings/throughput?api-version=2015-04-08
  response:
    body:
      string: '{"properties":{"throughput":2000}}'
    headers:
      cache-control:
      - no-store, no-cache
      content-length:
      - '34'
      content-location:
      - https://management.documents.azure.com:450/subscriptions/12053b8f-cab5-4f5c-9c1a-870580142abd/resourceGroups/cli_test_cosmosdb_cassandra_resource_throughputbdaivux2qilss6idnwy7pa5z5ed6/providers/Microsoft.DocumentDB/databaseAccounts/clinhugd6ccur2m/apis/cassandra/keyspaces/cliw5aesav7jy6c/tables/cliqglrnatylobl/settings/throughput?api-version=2015-04-08
      content-type:
      - application/json
      date:
      - Tue, 30 Jul 2019 00:30:57 GMT
      pragma:
      - no-cache
      server:
      - Microsoft-HTTPAPI/2.0
      strict-transport-security:
      - max-age=31536000; includeSubDomains
      transfer-encoding:
      - chunked
      vary:
      - Accept-Encoding
      x-content-type-options:
      - nosniff
      x-ms-gatewayversion:
      - version=2.5.1
    status:
      code: 200
      message: Ok
- request:
    body: null
    headers:
      Accept:
      - application/json
      Accept-Encoding:
      - gzip, deflate
      CommandName:
      - group delete
      Connection:
      - keep-alive
      Content-Length:
      - '0'
      ParameterSetName:
      - --name --yes --no-wait
      User-Agent:
      - python/3.7.2 (Windows-10-10.0.18362-SP0) msrest/0.6.8 msrest_azure/0.6.1 resourcemanagementclient/2.2.0
        Azure-SDK-For-Python AZURECLI/2.0.67
      accept-language:
      - en-US
    method: DELETE
    uri: https://management.azure.com/subscriptions/00000000-0000-0000-0000-000000000000/resourcegroups/cli_test_cosmosdb_cassandra_resource_throughput000001?api-version=2018-05-01
  response:
    body:
      string: ''
    headers:
      cache-control:
      - no-cache
      content-length:
      - '0'
      date:
      - Tue, 30 Jul 2019 00:30:57 GMT
      expires:
      - '-1'
      location:
      - https://management.azure.com/subscriptions/00000000-0000-0000-0000-000000000000/operationresults/eyJqb2JJZCI6IlJFU09VUkNFR1JPVVBERUxFVElPTkpPQi1DTEk6NUZURVNUOjVGQ09TTU9TREI6NUZDQVNTQU5EUkE6NUZSRVNPVVJDRTo1Rnw0Rjc4N0U2RkY3NjM4NkRGLVdFU1RVUyIsImpvYkxvY2F0aW9uIjoid2VzdHVzIn0?api-version=2018-05-01
      pragma:
      - no-cache
      strict-transport-security:
      - max-age=31536000; includeSubDomains
      x-content-type-options:
      - nosniff
      x-ms-ratelimit-remaining-subscription-deletes:
      - '14999'
    status:
      code: 202
      message: Accepted
version: 1
