interactions:
- request:
    body: null
    headers:
      Accept:
      - application/json
      Accept-Encoding:
      - gzip, deflate
      CommandName:
      - cosmosdb create
      Connection:
      - keep-alive
      ParameterSetName:
      - -n -g --capabilities
      User-Agent:
      - python/3.8.2 (Windows-10-10.0.19041-SP0) msrest/0.6.18 msrest_azure/0.6.3
        azure-mgmt-resource/10.2.0 Azure-SDK-For-Python AZURECLI/2.11.0
      accept-language:
      - en-US
    method: GET
    uri: https://management.azure.com/subscriptions/00000000-0000-0000-0000-000000000000/resourcegroups/cli_test_cosmosdb_gremlin_resource_throughput_autoscale000001?api-version=2020-06-01
  response:
    body:
      string: '{"id":"/subscriptions/00000000-0000-0000-0000-000000000000/resourceGroups/cli_test_cosmosdb_gremlin_resource_throughput_autoscale000001","name":"cli_test_cosmosdb_gremlin_resource_throughput_autoscale000001","type":"Microsoft.Resources/resourceGroups","location":"westus","tags":{"product":"azurecli","cause":"automation","date":"2020-08-28T01:06:10Z"},"properties":{"provisioningState":"Succeeded"}}'
    headers:
      cache-control:
      - no-cache
      content-length:
      - '428'
      content-type:
      - application/json; charset=utf-8
      date:
      - Fri, 28 Aug 2020 01:06:12 GMT
      expires:
      - '-1'
      pragma:
      - no-cache
      strict-transport-security:
      - max-age=31536000; includeSubDomains
      vary:
      - Accept-Encoding
      x-content-type-options:
      - nosniff
    status:
      code: 200
      message: OK
- request:
    body: '{"location": "westus", "kind": "GlobalDocumentDB", "properties": {"locations":
      [{"locationName": "westus", "failoverPriority": 0, "isZoneRedundant": false}],
      "databaseAccountOfferType": "Standard", "capabilities": [{"name": "EnableGremlin"}],
      "apiProperties": {}}}'
    headers:
      Accept:
      - application/json
      Accept-Encoding:
      - gzip, deflate
      CommandName:
      - cosmosdb create
      Connection:
      - keep-alive
      Content-Length:
      - '264'
      Content-Type:
      - application/json; charset=utf-8
      ParameterSetName:
      - -n -g --capabilities
      User-Agent:
      - python/3.8.2 (Windows-10-10.0.19041-SP0) msrest/0.6.18 msrest_azure/0.6.3
        azure-mgmt-cosmosdb/1.0.0 Azure-SDK-For-Python AZURECLI/2.11.0
      accept-language:
      - en-US
    method: PUT
    uri: https://management.azure.com/subscriptions/00000000-0000-0000-0000-000000000000/resourceGroups/cli_test_cosmosdb_gremlin_resource_throughput_autoscale000001/providers/Microsoft.DocumentDB/databaseAccounts/cli000002?api-version=2020-04-01
  response:
    body:
      string: '{"id":"/subscriptions/00000000-0000-0000-0000-000000000000/resourceGroups/cli_test_cosmosdb_gremlin_resource_throughput_autoscale000001/providers/Microsoft.DocumentDB/databaseAccounts/cli000002","name":"cli000002","location":"West
        US","type":"Microsoft.DocumentDB/databaseAccounts","kind":"GlobalDocumentDB","tags":{},"systemData":{"createdAt":"2020-08-28T01:06:17.013232Z"},"properties":{"provisioningState":"Creating","publicNetworkAccess":"Enabled","enableAutomaticFailover":false,"enableMultipleWriteLocations":false,"enablePartitionKeyMonitor":false,"isVirtualNetworkFilterEnabled":false,"virtualNetworkRules":[],"EnabledApiTypes":"Gremlin,
        Sql","disableKeyBasedMetadataWriteAccess":false,"enableFreeTier":false,"enableAnalyticalStorage":false,"instanceId":"0dd755cd-ec80-4fb3-893f-e1edc1529d92","createMode":"Default","databaseAccountOfferType":"Standard","enableCassandraConnector":false,"connectorOffer":"","consistencyPolicy":{"defaultConsistencyLevel":"Session","maxIntervalInSeconds":5,"maxStalenessPrefix":100},"configurationOverrides":{},"writeLocations":[{"id":"cli000002-westus","locationName":"West
        US","provisioningState":"Creating","failoverPriority":0,"isZoneRedundant":false}],"readLocations":[{"id":"cli000002-westus","locationName":"West
        US","provisioningState":"Creating","failoverPriority":0,"isZoneRedundant":false}],"locations":[{"id":"cli000002-westus","locationName":"West
        US","provisioningState":"Creating","failoverPriority":0,"isZoneRedundant":false}],"failoverPolicies":[{"id":"cli000002-westus","locationName":"West
        US","failoverPriority":0}],"cors":[],"capabilities":[{"name":"EnableGremlin"}],"ipRules":[],"backupPolicy":{"type":"Periodic","periodicModeProperties":{"backupIntervalInMinutes":240,"backupRetentionIntervalInHours":8}}}}'
    headers:
      azure-asyncoperation:
      - https://management.azure.com/subscriptions/00000000-0000-0000-0000-000000000000/providers/Microsoft.DocumentDB/locations/westus/operationsStatus/cdebf137-04f8-46b2-97f9-fc19494f5b01?api-version=2020-04-01
      cache-control:
      - no-store, no-cache
      content-length:
      - '1819'
      content-location:
      - https://management.documents.azure.com:450/subscriptions/12053b8f-cab5-4f5c-9c1a-870580142abd/resourceGroups/cli_test_cosmosdb_gremlin_resource_throughput_autoscalebf3y7kixhdq5l7p27ixz/providers/Microsoft.DocumentDB/databaseAccounts/cli5nc4lzetxqdu?api-version=2020-04-01
      content-type:
      - application/json
      date:
      - Fri, 28 Aug 2020 01:06:16 GMT
      location:
      - https://management.azure.com/subscriptions/00000000-0000-0000-0000-000000000000/resourceGroups/cli_test_cosmosdb_gremlin_resource_throughput_autoscale000001/providers/Microsoft.DocumentDB/databaseAccounts/cli000002/operationResults/cdebf137-04f8-46b2-97f9-fc19494f5b01?api-version=2020-04-01
      pragma:
      - no-cache
      server:
      - Microsoft-HTTPAPI/2.0
      strict-transport-security:
      - max-age=31536000; includeSubDomains
      transfer-encoding:
      - chunked
      vary:
      - Accept-Encoding
      x-content-type-options:
      - nosniff
      x-ms-gatewayversion:
      - version=2.11.0
      x-ms-ratelimit-remaining-subscription-writes:
      - '1199'
    status:
      code: 200
      message: Ok
- request:
    body: null
    headers:
      Accept:
      - application/json
      Accept-Encoding:
      - gzip, deflate
      CommandName:
      - cosmosdb create
      Connection:
      - keep-alive
      ParameterSetName:
      - -n -g --capabilities
      User-Agent:
      - python/3.8.2 (Windows-10-10.0.19041-SP0) msrest/0.6.18 msrest_azure/0.6.3
        azure-mgmt-cosmosdb/1.0.0 Azure-SDK-For-Python AZURECLI/2.11.0
    method: GET
    uri: https://management.azure.com/subscriptions/00000000-0000-0000-0000-000000000000/providers/Microsoft.DocumentDB/locations/westus/operationsStatus/cdebf137-04f8-46b2-97f9-fc19494f5b01?api-version=2020-04-01
  response:
    body:
      string: '{"status":"Dequeued"}'
    headers:
      cache-control:
      - no-store, no-cache
      content-length:
      - '21'
      content-location:
      - https://management.documents.azure.com:450/subscriptions/12053b8f-cab5-4f5c-9c1a-870580142abd/providers/Microsoft.DocumentDB/locations/westus/operationsStatus/cdebf137-04f8-46b2-97f9-fc19494f5b01?api-version=2020-04-01
      content-type:
      - application/json
      date:
      - Fri, 28 Aug 2020 01:06:47 GMT
      pragma:
      - no-cache
      server:
      - Microsoft-HTTPAPI/2.0
      strict-transport-security:
      - max-age=31536000; includeSubDomains
      transfer-encoding:
      - chunked
      vary:
      - Accept-Encoding
      x-content-type-options:
      - nosniff
      x-ms-gatewayversion:
      - version=2.11.0
    status:
      code: 200
      message: Ok
- request:
    body: null
    headers:
      Accept:
      - application/json
      Accept-Encoding:
      - gzip, deflate
      CommandName:
      - cosmosdb create
      Connection:
      - keep-alive
      ParameterSetName:
      - -n -g --capabilities
      User-Agent:
      - python/3.8.2 (Windows-10-10.0.19041-SP0) msrest/0.6.18 msrest_azure/0.6.3
        azure-mgmt-cosmosdb/1.0.0 Azure-SDK-For-Python AZURECLI/2.11.0
    method: GET
    uri: https://management.azure.com/subscriptions/00000000-0000-0000-0000-000000000000/providers/Microsoft.DocumentDB/locations/westus/operationsStatus/cdebf137-04f8-46b2-97f9-fc19494f5b01?api-version=2020-04-01
  response:
    body:
      string: '{"status":"Dequeued"}'
    headers:
      cache-control:
      - no-store, no-cache
      content-length:
      - '21'
      content-location:
      - https://management.documents.azure.com:450/subscriptions/12053b8f-cab5-4f5c-9c1a-870580142abd/providers/Microsoft.DocumentDB/locations/westus/operationsStatus/cdebf137-04f8-46b2-97f9-fc19494f5b01?api-version=2020-04-01
      content-type:
      - application/json
      date:
      - Fri, 28 Aug 2020 01:07:18 GMT
      pragma:
      - no-cache
      server:
      - Microsoft-HTTPAPI/2.0
      strict-transport-security:
      - max-age=31536000; includeSubDomains
      transfer-encoding:
      - chunked
      vary:
      - Accept-Encoding
      x-content-type-options:
      - nosniff
      x-ms-gatewayversion:
      - version=2.11.0
    status:
      code: 200
      message: Ok
- request:
    body: null
    headers:
      Accept:
      - application/json
      Accept-Encoding:
      - gzip, deflate
      CommandName:
      - cosmosdb create
      Connection:
      - keep-alive
      ParameterSetName:
      - -n -g --capabilities
      User-Agent:
      - python/3.8.2 (Windows-10-10.0.19041-SP0) msrest/0.6.18 msrest_azure/0.6.3
        azure-mgmt-cosmosdb/1.0.0 Azure-SDK-For-Python AZURECLI/2.11.0
    method: GET
    uri: https://management.azure.com/subscriptions/00000000-0000-0000-0000-000000000000/providers/Microsoft.DocumentDB/locations/westus/operationsStatus/cdebf137-04f8-46b2-97f9-fc19494f5b01?api-version=2020-04-01
  response:
    body:
      string: '{"status":"Dequeued"}'
    headers:
      cache-control:
      - no-store, no-cache
      content-length:
      - '21'
      content-location:
      - https://management.documents.azure.com:450/subscriptions/12053b8f-cab5-4f5c-9c1a-870580142abd/providers/Microsoft.DocumentDB/locations/westus/operationsStatus/cdebf137-04f8-46b2-97f9-fc19494f5b01?api-version=2020-04-01
      content-type:
      - application/json
      date:
      - Fri, 28 Aug 2020 01:07:48 GMT
      pragma:
      - no-cache
      server:
      - Microsoft-HTTPAPI/2.0
      strict-transport-security:
      - max-age=31536000; includeSubDomains
      transfer-encoding:
      - chunked
      vary:
      - Accept-Encoding
      x-content-type-options:
      - nosniff
      x-ms-gatewayversion:
      - version=2.11.0
    status:
      code: 200
      message: Ok
- request:
    body: null
    headers:
      Accept:
      - application/json
      Accept-Encoding:
      - gzip, deflate
      CommandName:
      - cosmosdb create
      Connection:
      - keep-alive
      ParameterSetName:
      - -n -g --capabilities
      User-Agent:
      - python/3.8.2 (Windows-10-10.0.19041-SP0) msrest/0.6.18 msrest_azure/0.6.3
        azure-mgmt-cosmosdb/1.0.0 Azure-SDK-For-Python AZURECLI/2.11.0
    method: GET
    uri: https://management.azure.com/subscriptions/00000000-0000-0000-0000-000000000000/providers/Microsoft.DocumentDB/locations/westus/operationsStatus/cdebf137-04f8-46b2-97f9-fc19494f5b01?api-version=2020-04-01
  response:
    body:
      string: '{"status":"Dequeued"}'
    headers:
      cache-control:
      - no-store, no-cache
      content-length:
      - '21'
      content-location:
      - https://management.documents.azure.com:450/subscriptions/12053b8f-cab5-4f5c-9c1a-870580142abd/providers/Microsoft.DocumentDB/locations/westus/operationsStatus/cdebf137-04f8-46b2-97f9-fc19494f5b01?api-version=2020-04-01
      content-type:
      - application/json
      date:
      - Fri, 28 Aug 2020 01:08:19 GMT
      pragma:
      - no-cache
      server:
      - Microsoft-HTTPAPI/2.0
      strict-transport-security:
      - max-age=31536000; includeSubDomains
      transfer-encoding:
      - chunked
      vary:
      - Accept-Encoding
      x-content-type-options:
      - nosniff
      x-ms-gatewayversion:
      - version=2.11.0
    status:
      code: 200
      message: Ok
- request:
    body: null
    headers:
      Accept:
      - application/json
      Accept-Encoding:
      - gzip, deflate
      CommandName:
      - cosmosdb create
      Connection:
      - keep-alive
      ParameterSetName:
      - -n -g --capabilities
      User-Agent:
      - python/3.8.2 (Windows-10-10.0.19041-SP0) msrest/0.6.18 msrest_azure/0.6.3
        azure-mgmt-cosmosdb/1.0.0 Azure-SDK-For-Python AZURECLI/2.11.0
    method: GET
    uri: https://management.azure.com/subscriptions/00000000-0000-0000-0000-000000000000/providers/Microsoft.DocumentDB/locations/westus/operationsStatus/cdebf137-04f8-46b2-97f9-fc19494f5b01?api-version=2020-04-01
  response:
    body:
      string: '{"status":"Dequeued"}'
    headers:
      cache-control:
      - no-store, no-cache
      content-length:
      - '21'
      content-location:
      - https://management.documents.azure.com:450/subscriptions/12053b8f-cab5-4f5c-9c1a-870580142abd/providers/Microsoft.DocumentDB/locations/westus/operationsStatus/cdebf137-04f8-46b2-97f9-fc19494f5b01?api-version=2020-04-01
      content-type:
      - application/json
      date:
      - Fri, 28 Aug 2020 01:08:49 GMT
      pragma:
      - no-cache
      server:
      - Microsoft-HTTPAPI/2.0
      strict-transport-security:
      - max-age=31536000; includeSubDomains
      transfer-encoding:
      - chunked
      vary:
      - Accept-Encoding
      x-content-type-options:
      - nosniff
      x-ms-gatewayversion:
      - version=2.11.0
    status:
      code: 200
      message: Ok
- request:
    body: null
    headers:
      Accept:
      - application/json
      Accept-Encoding:
      - gzip, deflate
      CommandName:
      - cosmosdb create
      Connection:
      - keep-alive
      ParameterSetName:
      - -n -g --capabilities
      User-Agent:
      - python/3.8.2 (Windows-10-10.0.19041-SP0) msrest/0.6.18 msrest_azure/0.6.3
        azure-mgmt-cosmosdb/1.0.0 Azure-SDK-For-Python AZURECLI/2.11.0
    method: GET
    uri: https://management.azure.com/subscriptions/00000000-0000-0000-0000-000000000000/providers/Microsoft.DocumentDB/locations/westus/operationsStatus/cdebf137-04f8-46b2-97f9-fc19494f5b01?api-version=2020-04-01
  response:
    body:
      string: '{"status":"Dequeued"}'
    headers:
      cache-control:
      - no-store, no-cache
      content-length:
      - '21'
      content-location:
      - https://management.documents.azure.com:450/subscriptions/12053b8f-cab5-4f5c-9c1a-870580142abd/providers/Microsoft.DocumentDB/locations/westus/operationsStatus/cdebf137-04f8-46b2-97f9-fc19494f5b01?api-version=2020-04-01
      content-type:
      - application/json
      date:
      - Fri, 28 Aug 2020 01:09:19 GMT
      pragma:
      - no-cache
      server:
      - Microsoft-HTTPAPI/2.0
      strict-transport-security:
      - max-age=31536000; includeSubDomains
      transfer-encoding:
      - chunked
      vary:
      - Accept-Encoding
      x-content-type-options:
      - nosniff
      x-ms-gatewayversion:
      - version=2.11.0
    status:
      code: 200
      message: Ok
- request:
    body: null
    headers:
      Accept:
      - application/json
      Accept-Encoding:
      - gzip, deflate
      CommandName:
      - cosmosdb create
      Connection:
      - keep-alive
      ParameterSetName:
      - -n -g --capabilities
      User-Agent:
      - python/3.8.2 (Windows-10-10.0.19041-SP0) msrest/0.6.18 msrest_azure/0.6.3
        azure-mgmt-cosmosdb/1.0.0 Azure-SDK-For-Python AZURECLI/2.11.0
    method: GET
    uri: https://management.azure.com/subscriptions/00000000-0000-0000-0000-000000000000/providers/Microsoft.DocumentDB/locations/westus/operationsStatus/cdebf137-04f8-46b2-97f9-fc19494f5b01?api-version=2020-04-01
  response:
    body:
      string: '{"status":"Dequeued"}'
    headers:
      cache-control:
      - no-store, no-cache
      content-length:
      - '21'
      content-location:
      - https://management.documents.azure.com:450/subscriptions/12053b8f-cab5-4f5c-9c1a-870580142abd/providers/Microsoft.DocumentDB/locations/westus/operationsStatus/cdebf137-04f8-46b2-97f9-fc19494f5b01?api-version=2020-04-01
      content-type:
      - application/json
      date:
      - Fri, 28 Aug 2020 01:09:51 GMT
      pragma:
      - no-cache
      server:
      - Microsoft-HTTPAPI/2.0
      strict-transport-security:
      - max-age=31536000; includeSubDomains
      transfer-encoding:
      - chunked
      vary:
      - Accept-Encoding
      x-content-type-options:
      - nosniff
      x-ms-gatewayversion:
      - version=2.11.0
    status:
      code: 200
      message: Ok
- request:
    body: null
    headers:
      Accept:
      - application/json
      Accept-Encoding:
      - gzip, deflate
      CommandName:
      - cosmosdb create
      Connection:
      - keep-alive
      ParameterSetName:
      - -n -g --capabilities
      User-Agent:
      - python/3.8.2 (Windows-10-10.0.19041-SP0) msrest/0.6.18 msrest_azure/0.6.3
        azure-mgmt-cosmosdb/1.0.0 Azure-SDK-For-Python AZURECLI/2.11.0
    method: GET
    uri: https://management.azure.com/subscriptions/00000000-0000-0000-0000-000000000000/providers/Microsoft.DocumentDB/locations/westus/operationsStatus/cdebf137-04f8-46b2-97f9-fc19494f5b01?api-version=2020-04-01
  response:
    body:
      string: '{"status":"Dequeued"}'
    headers:
      cache-control:
      - no-store, no-cache
      content-length:
      - '21'
      content-location:
      - https://management.documents.azure.com:450/subscriptions/12053b8f-cab5-4f5c-9c1a-870580142abd/providers/Microsoft.DocumentDB/locations/westus/operationsStatus/cdebf137-04f8-46b2-97f9-fc19494f5b01?api-version=2020-04-01
      content-type:
      - application/json
      date:
      - Fri, 28 Aug 2020 01:10:21 GMT
      pragma:
      - no-cache
      server:
      - Microsoft-HTTPAPI/2.0
      strict-transport-security:
      - max-age=31536000; includeSubDomains
      transfer-encoding:
      - chunked
      vary:
      - Accept-Encoding
      x-content-type-options:
      - nosniff
      x-ms-gatewayversion:
      - version=2.11.0
    status:
      code: 200
      message: Ok
- request:
    body: null
    headers:
      Accept:
      - application/json
      Accept-Encoding:
      - gzip, deflate
      CommandName:
      - cosmosdb create
      Connection:
      - keep-alive
      ParameterSetName:
      - -n -g --capabilities
      User-Agent:
      - python/3.8.2 (Windows-10-10.0.19041-SP0) msrest/0.6.18 msrest_azure/0.6.3
        azure-mgmt-cosmosdb/1.0.0 Azure-SDK-For-Python AZURECLI/2.11.0
    method: GET
    uri: https://management.azure.com/subscriptions/00000000-0000-0000-0000-000000000000/providers/Microsoft.DocumentDB/locations/westus/operationsStatus/cdebf137-04f8-46b2-97f9-fc19494f5b01?api-version=2020-04-01
  response:
    body:
      string: '{"status":"Dequeued"}'
    headers:
      cache-control:
      - no-store, no-cache
      content-length:
      - '21'
      content-location:
      - https://management.documents.azure.com:450/subscriptions/12053b8f-cab5-4f5c-9c1a-870580142abd/providers/Microsoft.DocumentDB/locations/westus/operationsStatus/cdebf137-04f8-46b2-97f9-fc19494f5b01?api-version=2020-04-01
      content-type:
      - application/json
      date:
      - Fri, 28 Aug 2020 01:10:51 GMT
      pragma:
      - no-cache
      server:
      - Microsoft-HTTPAPI/2.0
      strict-transport-security:
      - max-age=31536000; includeSubDomains
      transfer-encoding:
      - chunked
      vary:
      - Accept-Encoding
      x-content-type-options:
      - nosniff
      x-ms-gatewayversion:
      - version=2.11.0
    status:
      code: 200
      message: Ok
- request:
    body: null
    headers:
      Accept:
      - application/json
      Accept-Encoding:
      - gzip, deflate
      CommandName:
      - cosmosdb create
      Connection:
      - keep-alive
      ParameterSetName:
      - -n -g --capabilities
      User-Agent:
      - python/3.8.2 (Windows-10-10.0.19041-SP0) msrest/0.6.18 msrest_azure/0.6.3
        azure-mgmt-cosmosdb/1.0.0 Azure-SDK-For-Python AZURECLI/2.11.0
    method: GET
    uri: https://management.azure.com/subscriptions/00000000-0000-0000-0000-000000000000/providers/Microsoft.DocumentDB/locations/westus/operationsStatus/cdebf137-04f8-46b2-97f9-fc19494f5b01?api-version=2020-04-01
  response:
    body:
      string: '{"status":"Dequeued"}'
    headers:
      cache-control:
      - no-store, no-cache
      content-length:
      - '21'
      content-location:
      - https://management.documents.azure.com:450/subscriptions/12053b8f-cab5-4f5c-9c1a-870580142abd/providers/Microsoft.DocumentDB/locations/westus/operationsStatus/cdebf137-04f8-46b2-97f9-fc19494f5b01?api-version=2020-04-01
      content-type:
      - application/json
      date:
      - Fri, 28 Aug 2020 01:11:22 GMT
      pragma:
      - no-cache
      server:
      - Microsoft-HTTPAPI/2.0
      strict-transport-security:
      - max-age=31536000; includeSubDomains
      transfer-encoding:
      - chunked
      vary:
      - Accept-Encoding
      x-content-type-options:
      - nosniff
      x-ms-gatewayversion:
      - version=2.11.0
    status:
      code: 200
      message: Ok
- request:
    body: null
    headers:
      Accept:
      - application/json
      Accept-Encoding:
      - gzip, deflate
      CommandName:
      - cosmosdb create
      Connection:
      - keep-alive
      ParameterSetName:
      - -n -g --capabilities
      User-Agent:
      - python/3.8.2 (Windows-10-10.0.19041-SP0) msrest/0.6.18 msrest_azure/0.6.3
        azure-mgmt-cosmosdb/1.0.0 Azure-SDK-For-Python AZURECLI/2.11.0
    method: GET
    uri: https://management.azure.com/subscriptions/00000000-0000-0000-0000-000000000000/providers/Microsoft.DocumentDB/locations/westus/operationsStatus/cdebf137-04f8-46b2-97f9-fc19494f5b01?api-version=2020-04-01
  response:
    body:
      string: '{"status":"Dequeued"}'
    headers:
      cache-control:
      - no-store, no-cache
      content-length:
      - '21'
      content-location:
      - https://management.documents.azure.com:450/subscriptions/12053b8f-cab5-4f5c-9c1a-870580142abd/providers/Microsoft.DocumentDB/locations/westus/operationsStatus/cdebf137-04f8-46b2-97f9-fc19494f5b01?api-version=2020-04-01
      content-type:
      - application/json
      date:
      - Fri, 28 Aug 2020 01:11:53 GMT
      pragma:
      - no-cache
      server:
      - Microsoft-HTTPAPI/2.0
      strict-transport-security:
      - max-age=31536000; includeSubDomains
      transfer-encoding:
      - chunked
      vary:
      - Accept-Encoding
      x-content-type-options:
      - nosniff
      x-ms-gatewayversion:
      - version=2.11.0
    status:
      code: 200
      message: Ok
- request:
    body: null
    headers:
      Accept:
      - application/json
      Accept-Encoding:
      - gzip, deflate
      CommandName:
      - cosmosdb create
      Connection:
      - keep-alive
      ParameterSetName:
      - -n -g --capabilities
      User-Agent:
      - python/3.8.2 (Windows-10-10.0.19041-SP0) msrest/0.6.18 msrest_azure/0.6.3
        azure-mgmt-cosmosdb/1.0.0 Azure-SDK-For-Python AZURECLI/2.11.0
    method: GET
    uri: https://management.azure.com/subscriptions/00000000-0000-0000-0000-000000000000/providers/Microsoft.DocumentDB/locations/westus/operationsStatus/cdebf137-04f8-46b2-97f9-fc19494f5b01?api-version=2020-04-01
  response:
    body:
      string: '{"status":"Dequeued"}'
    headers:
      cache-control:
      - no-store, no-cache
      content-length:
      - '21'
      content-location:
      - https://management.documents.azure.com:450/subscriptions/12053b8f-cab5-4f5c-9c1a-870580142abd/providers/Microsoft.DocumentDB/locations/westus/operationsStatus/cdebf137-04f8-46b2-97f9-fc19494f5b01?api-version=2020-04-01
      content-type:
      - application/json
      date:
      - Fri, 28 Aug 2020 01:12:23 GMT
      pragma:
      - no-cache
      server:
      - Microsoft-HTTPAPI/2.0
      strict-transport-security:
      - max-age=31536000; includeSubDomains
      transfer-encoding:
      - chunked
      vary:
      - Accept-Encoding
      x-content-type-options:
      - nosniff
      x-ms-gatewayversion:
      - version=2.11.0
    status:
      code: 200
      message: Ok
- request:
    body: null
    headers:
      Accept:
      - application/json
      Accept-Encoding:
      - gzip, deflate
      CommandName:
      - cosmosdb create
      Connection:
      - keep-alive
      ParameterSetName:
      - -n -g --capabilities
      User-Agent:
      - python/3.8.2 (Windows-10-10.0.19041-SP0) msrest/0.6.18 msrest_azure/0.6.3
        azure-mgmt-cosmosdb/1.0.0 Azure-SDK-For-Python AZURECLI/2.11.0
    method: GET
    uri: https://management.azure.com/subscriptions/00000000-0000-0000-0000-000000000000/providers/Microsoft.DocumentDB/locations/westus/operationsStatus/cdebf137-04f8-46b2-97f9-fc19494f5b01?api-version=2020-04-01
  response:
    body:
      string: '{"status":"Dequeued"}'
    headers:
      cache-control:
      - no-store, no-cache
      content-length:
      - '21'
      content-location:
      - https://management.documents.azure.com:450/subscriptions/12053b8f-cab5-4f5c-9c1a-870580142abd/providers/Microsoft.DocumentDB/locations/westus/operationsStatus/cdebf137-04f8-46b2-97f9-fc19494f5b01?api-version=2020-04-01
      content-type:
      - application/json
      date:
      - Fri, 28 Aug 2020 01:12:53 GMT
      pragma:
      - no-cache
      server:
      - Microsoft-HTTPAPI/2.0
      strict-transport-security:
      - max-age=31536000; includeSubDomains
      transfer-encoding:
      - chunked
      vary:
      - Accept-Encoding
      x-content-type-options:
      - nosniff
      x-ms-gatewayversion:
      - version=2.11.0
    status:
      code: 200
      message: Ok
- request:
    body: null
    headers:
      Accept:
      - application/json
      Accept-Encoding:
      - gzip, deflate
      CommandName:
      - cosmosdb create
      Connection:
      - keep-alive
      ParameterSetName:
      - -n -g --capabilities
      User-Agent:
      - python/3.8.2 (Windows-10-10.0.19041-SP0) msrest/0.6.18 msrest_azure/0.6.3
        azure-mgmt-cosmosdb/1.0.0 Azure-SDK-For-Python AZURECLI/2.11.0
    method: GET
    uri: https://management.azure.com/subscriptions/00000000-0000-0000-0000-000000000000/providers/Microsoft.DocumentDB/locations/westus/operationsStatus/cdebf137-04f8-46b2-97f9-fc19494f5b01?api-version=2020-04-01
  response:
    body:
      string: '{"status":"Dequeued"}'
    headers:
      cache-control:
      - no-store, no-cache
      content-length:
      - '21'
      content-location:
      - https://management.documents.azure.com:450/subscriptions/12053b8f-cab5-4f5c-9c1a-870580142abd/providers/Microsoft.DocumentDB/locations/westus/operationsStatus/cdebf137-04f8-46b2-97f9-fc19494f5b01?api-version=2020-04-01
      content-type:
      - application/json
      date:
      - Fri, 28 Aug 2020 01:13:24 GMT
      pragma:
      - no-cache
      server:
      - Microsoft-HTTPAPI/2.0
      strict-transport-security:
      - max-age=31536000; includeSubDomains
      transfer-encoding:
      - chunked
      vary:
      - Accept-Encoding
      x-content-type-options:
      - nosniff
      x-ms-gatewayversion:
      - version=2.11.0
    status:
      code: 200
      message: Ok
- request:
    body: null
    headers:
      Accept:
      - application/json
      Accept-Encoding:
      - gzip, deflate
      CommandName:
      - cosmosdb create
      Connection:
      - keep-alive
      ParameterSetName:
      - -n -g --capabilities
      User-Agent:
      - python/3.8.2 (Windows-10-10.0.19041-SP0) msrest/0.6.18 msrest_azure/0.6.3
        azure-mgmt-cosmosdb/1.0.0 Azure-SDK-For-Python AZURECLI/2.11.0
    method: GET
    uri: https://management.azure.com/subscriptions/00000000-0000-0000-0000-000000000000/providers/Microsoft.DocumentDB/locations/westus/operationsStatus/cdebf137-04f8-46b2-97f9-fc19494f5b01?api-version=2020-04-01
  response:
    body:
      string: '{"status":"Dequeued"}'
    headers:
      cache-control:
      - no-store, no-cache
      content-length:
      - '21'
      content-location:
      - https://management.documents.azure.com:450/subscriptions/12053b8f-cab5-4f5c-9c1a-870580142abd/providers/Microsoft.DocumentDB/locations/westus/operationsStatus/cdebf137-04f8-46b2-97f9-fc19494f5b01?api-version=2020-04-01
      content-type:
      - application/json
      date:
      - Fri, 28 Aug 2020 01:13:54 GMT
      pragma:
      - no-cache
      server:
      - Microsoft-HTTPAPI/2.0
      strict-transport-security:
      - max-age=31536000; includeSubDomains
      transfer-encoding:
      - chunked
      vary:
      - Accept-Encoding
      x-content-type-options:
      - nosniff
      x-ms-gatewayversion:
      - version=2.11.0
    status:
      code: 200
      message: Ok
- request:
    body: null
    headers:
      Accept:
      - application/json
      Accept-Encoding:
      - gzip, deflate
      CommandName:
      - cosmosdb create
      Connection:
      - keep-alive
      ParameterSetName:
      - -n -g --capabilities
      User-Agent:
      - python/3.8.2 (Windows-10-10.0.19041-SP0) msrest/0.6.18 msrest_azure/0.6.3
        azure-mgmt-cosmosdb/1.0.0 Azure-SDK-For-Python AZURECLI/2.11.0
    method: GET
    uri: https://management.azure.com/subscriptions/00000000-0000-0000-0000-000000000000/providers/Microsoft.DocumentDB/locations/westus/operationsStatus/cdebf137-04f8-46b2-97f9-fc19494f5b01?api-version=2020-04-01
  response:
    body:
      string: '{"status":"Dequeued"}'
    headers:
      cache-control:
      - no-store, no-cache
      content-length:
      - '21'
      content-location:
      - https://management.documents.azure.com:450/subscriptions/12053b8f-cab5-4f5c-9c1a-870580142abd/providers/Microsoft.DocumentDB/locations/westus/operationsStatus/cdebf137-04f8-46b2-97f9-fc19494f5b01?api-version=2020-04-01
      content-type:
      - application/json
      date:
      - Fri, 28 Aug 2020 01:14:25 GMT
      pragma:
      - no-cache
      server:
      - Microsoft-HTTPAPI/2.0
      strict-transport-security:
      - max-age=31536000; includeSubDomains
      transfer-encoding:
      - chunked
      vary:
      - Accept-Encoding
      x-content-type-options:
      - nosniff
      x-ms-gatewayversion:
      - version=2.11.0
    status:
      code: 200
      message: Ok
- request:
    body: null
    headers:
      Accept:
      - application/json
      Accept-Encoding:
      - gzip, deflate
      CommandName:
      - cosmosdb create
      Connection:
      - keep-alive
      ParameterSetName:
      - -n -g --capabilities
      User-Agent:
      - python/3.8.2 (Windows-10-10.0.19041-SP0) msrest/0.6.18 msrest_azure/0.6.3
        azure-mgmt-cosmosdb/1.0.0 Azure-SDK-For-Python AZURECLI/2.11.0
    method: GET
    uri: https://management.azure.com/subscriptions/00000000-0000-0000-0000-000000000000/providers/Microsoft.DocumentDB/locations/westus/operationsStatus/cdebf137-04f8-46b2-97f9-fc19494f5b01?api-version=2020-04-01
  response:
    body:
      string: '{"status":"Dequeued"}'
    headers:
      cache-control:
      - no-store, no-cache
      content-length:
      - '21'
      content-location:
      - https://management.documents.azure.com:450/subscriptions/12053b8f-cab5-4f5c-9c1a-870580142abd/providers/Microsoft.DocumentDB/locations/westus/operationsStatus/cdebf137-04f8-46b2-97f9-fc19494f5b01?api-version=2020-04-01
      content-type:
      - application/json
      date:
      - Fri, 28 Aug 2020 01:14:55 GMT
      pragma:
      - no-cache
      server:
      - Microsoft-HTTPAPI/2.0
      strict-transport-security:
      - max-age=31536000; includeSubDomains
      transfer-encoding:
      - chunked
      vary:
      - Accept-Encoding
      x-content-type-options:
      - nosniff
      x-ms-gatewayversion:
      - version=2.11.0
    status:
      code: 200
      message: Ok
- request:
    body: null
    headers:
      Accept:
      - application/json
      Accept-Encoding:
      - gzip, deflate
      CommandName:
      - cosmosdb create
      Connection:
      - keep-alive
      ParameterSetName:
      - -n -g --capabilities
      User-Agent:
      - python/3.8.2 (Windows-10-10.0.19041-SP0) msrest/0.6.18 msrest_azure/0.6.3
        azure-mgmt-cosmosdb/1.0.0 Azure-SDK-For-Python AZURECLI/2.11.0
    method: GET
    uri: https://management.azure.com/subscriptions/00000000-0000-0000-0000-000000000000/providers/Microsoft.DocumentDB/locations/westus/operationsStatus/cdebf137-04f8-46b2-97f9-fc19494f5b01?api-version=2020-04-01
  response:
    body:
      string: '{"status":"Dequeued"}'
    headers:
      cache-control:
      - no-store, no-cache
      content-length:
      - '21'
      content-location:
      - https://management.documents.azure.com:450/subscriptions/12053b8f-cab5-4f5c-9c1a-870580142abd/providers/Microsoft.DocumentDB/locations/westus/operationsStatus/cdebf137-04f8-46b2-97f9-fc19494f5b01?api-version=2020-04-01
      content-type:
      - application/json
      date:
      - Fri, 28 Aug 2020 01:15:26 GMT
      pragma:
      - no-cache
      server:
      - Microsoft-HTTPAPI/2.0
      strict-transport-security:
      - max-age=31536000; includeSubDomains
      transfer-encoding:
      - chunked
      vary:
      - Accept-Encoding
      x-content-type-options:
      - nosniff
      x-ms-gatewayversion:
      - version=2.11.0
    status:
      code: 200
      message: Ok
- request:
    body: null
    headers:
      Accept:
      - application/json
      Accept-Encoding:
      - gzip, deflate
      CommandName:
      - cosmosdb create
      Connection:
      - keep-alive
      ParameterSetName:
      - -n -g --capabilities
      User-Agent:
      - python/3.8.2 (Windows-10-10.0.19041-SP0) msrest/0.6.18 msrest_azure/0.6.3
        azure-mgmt-cosmosdb/1.0.0 Azure-SDK-For-Python AZURECLI/2.11.0
    method: GET
    uri: https://management.azure.com/subscriptions/00000000-0000-0000-0000-000000000000/providers/Microsoft.DocumentDB/locations/westus/operationsStatus/cdebf137-04f8-46b2-97f9-fc19494f5b01?api-version=2020-04-01
  response:
    body:
      string: '{"status":"Dequeued"}'
    headers:
      cache-control:
      - no-store, no-cache
      content-length:
      - '21'
      content-location:
      - https://management.documents.azure.com:450/subscriptions/12053b8f-cab5-4f5c-9c1a-870580142abd/providers/Microsoft.DocumentDB/locations/westus/operationsStatus/cdebf137-04f8-46b2-97f9-fc19494f5b01?api-version=2020-04-01
      content-type:
      - application/json
      date:
      - Fri, 28 Aug 2020 01:15:57 GMT
      pragma:
      - no-cache
      server:
      - Microsoft-HTTPAPI/2.0
      strict-transport-security:
      - max-age=31536000; includeSubDomains
      transfer-encoding:
      - chunked
      vary:
      - Accept-Encoding
      x-content-type-options:
      - nosniff
      x-ms-gatewayversion:
      - version=2.11.0
    status:
      code: 200
      message: Ok
- request:
    body: null
    headers:
      Accept:
      - application/json
      Accept-Encoding:
      - gzip, deflate
      CommandName:
      - cosmosdb create
      Connection:
      - keep-alive
      ParameterSetName:
      - -n -g --capabilities
      User-Agent:
      - python/3.8.2 (Windows-10-10.0.19041-SP0) msrest/0.6.18 msrest_azure/0.6.3
        azure-mgmt-cosmosdb/1.0.0 Azure-SDK-For-Python AZURECLI/2.11.0
    method: GET
    uri: https://management.azure.com/subscriptions/00000000-0000-0000-0000-000000000000/providers/Microsoft.DocumentDB/locations/westus/operationsStatus/cdebf137-04f8-46b2-97f9-fc19494f5b01?api-version=2020-04-01
  response:
    body:
      string: '{"status":"Dequeued"}'
    headers:
      cache-control:
      - no-store, no-cache
      content-length:
      - '21'
      content-location:
      - https://management.documents.azure.com:450/subscriptions/12053b8f-cab5-4f5c-9c1a-870580142abd/providers/Microsoft.DocumentDB/locations/westus/operationsStatus/cdebf137-04f8-46b2-97f9-fc19494f5b01?api-version=2020-04-01
      content-type:
      - application/json
      date:
      - Fri, 28 Aug 2020 01:16:27 GMT
      pragma:
      - no-cache
      server:
      - Microsoft-HTTPAPI/2.0
      strict-transport-security:
      - max-age=31536000; includeSubDomains
      transfer-encoding:
      - chunked
      vary:
      - Accept-Encoding
      x-content-type-options:
      - nosniff
      x-ms-gatewayversion:
      - version=2.11.0
    status:
      code: 200
      message: Ok
- request:
    body: null
    headers:
      Accept:
      - application/json
      Accept-Encoding:
      - gzip, deflate
      CommandName:
      - cosmosdb create
      Connection:
      - keep-alive
      ParameterSetName:
      - -n -g --capabilities
      User-Agent:
      - python/3.8.2 (Windows-10-10.0.19041-SP0) msrest/0.6.18 msrest_azure/0.6.3
        azure-mgmt-cosmosdb/1.0.0 Azure-SDK-For-Python AZURECLI/2.11.0
    method: GET
    uri: https://management.azure.com/subscriptions/00000000-0000-0000-0000-000000000000/providers/Microsoft.DocumentDB/locations/westus/operationsStatus/cdebf137-04f8-46b2-97f9-fc19494f5b01?api-version=2020-04-01
  response:
    body:
      string: '{"status":"Dequeued"}'
    headers:
      cache-control:
      - no-store, no-cache
      content-length:
      - '21'
      content-location:
      - https://management.documents.azure.com:450/subscriptions/12053b8f-cab5-4f5c-9c1a-870580142abd/providers/Microsoft.DocumentDB/locations/westus/operationsStatus/cdebf137-04f8-46b2-97f9-fc19494f5b01?api-version=2020-04-01
      content-type:
      - application/json
      date:
      - Fri, 28 Aug 2020 01:16:57 GMT
      pragma:
      - no-cache
      server:
      - Microsoft-HTTPAPI/2.0
      strict-transport-security:
      - max-age=31536000; includeSubDomains
      transfer-encoding:
      - chunked
      vary:
      - Accept-Encoding
      x-content-type-options:
      - nosniff
      x-ms-gatewayversion:
      - version=2.11.0
    status:
      code: 200
      message: Ok
- request:
    body: null
    headers:
      Accept:
      - application/json
      Accept-Encoding:
      - gzip, deflate
      CommandName:
      - cosmosdb create
      Connection:
      - keep-alive
      ParameterSetName:
      - -n -g --capabilities
      User-Agent:
      - python/3.8.2 (Windows-10-10.0.19041-SP0) msrest/0.6.18 msrest_azure/0.6.3
        azure-mgmt-cosmosdb/1.0.0 Azure-SDK-For-Python AZURECLI/2.11.0
    method: GET
    uri: https://management.azure.com/subscriptions/00000000-0000-0000-0000-000000000000/providers/Microsoft.DocumentDB/locations/westus/operationsStatus/cdebf137-04f8-46b2-97f9-fc19494f5b01?api-version=2020-04-01
  response:
    body:
      string: '{"status":"Dequeued"}'
    headers:
      cache-control:
      - no-store, no-cache
      content-length:
      - '21'
      content-location:
      - https://management.documents.azure.com:450/subscriptions/12053b8f-cab5-4f5c-9c1a-870580142abd/providers/Microsoft.DocumentDB/locations/westus/operationsStatus/cdebf137-04f8-46b2-97f9-fc19494f5b01?api-version=2020-04-01
      content-type:
      - application/json
      date:
      - Fri, 28 Aug 2020 01:17:27 GMT
      pragma:
      - no-cache
      server:
      - Microsoft-HTTPAPI/2.0
      strict-transport-security:
      - max-age=31536000; includeSubDomains
      transfer-encoding:
      - chunked
      vary:
      - Accept-Encoding
      x-content-type-options:
      - nosniff
      x-ms-gatewayversion:
      - version=2.11.0
    status:
      code: 200
      message: Ok
- request:
    body: null
    headers:
      Accept:
      - application/json
      Accept-Encoding:
      - gzip, deflate
      CommandName:
      - cosmosdb create
      Connection:
      - keep-alive
      ParameterSetName:
      - -n -g --capabilities
      User-Agent:
      - python/3.8.2 (Windows-10-10.0.19041-SP0) msrest/0.6.18 msrest_azure/0.6.3
        azure-mgmt-cosmosdb/1.0.0 Azure-SDK-For-Python AZURECLI/2.11.0
    method: GET
    uri: https://management.azure.com/subscriptions/00000000-0000-0000-0000-000000000000/providers/Microsoft.DocumentDB/locations/westus/operationsStatus/cdebf137-04f8-46b2-97f9-fc19494f5b01?api-version=2020-04-01
  response:
    body:
      string: '{"status":"Dequeued"}'
    headers:
      cache-control:
      - no-store, no-cache
      content-length:
      - '21'
      content-location:
      - https://management.documents.azure.com:450/subscriptions/12053b8f-cab5-4f5c-9c1a-870580142abd/providers/Microsoft.DocumentDB/locations/westus/operationsStatus/cdebf137-04f8-46b2-97f9-fc19494f5b01?api-version=2020-04-01
      content-type:
      - application/json
      date:
      - Fri, 28 Aug 2020 01:17:57 GMT
      pragma:
      - no-cache
      server:
      - Microsoft-HTTPAPI/2.0
      strict-transport-security:
      - max-age=31536000; includeSubDomains
      transfer-encoding:
      - chunked
      vary:
      - Accept-Encoding
      x-content-type-options:
      - nosniff
      x-ms-gatewayversion:
      - version=2.11.0
    status:
      code: 200
      message: Ok
- request:
    body: null
    headers:
      Accept:
      - application/json
      Accept-Encoding:
      - gzip, deflate
      CommandName:
      - cosmosdb create
      Connection:
      - keep-alive
      ParameterSetName:
      - -n -g --capabilities
      User-Agent:
      - python/3.8.2 (Windows-10-10.0.19041-SP0) msrest/0.6.18 msrest_azure/0.6.3
        azure-mgmt-cosmosdb/1.0.0 Azure-SDK-For-Python AZURECLI/2.11.0
    method: GET
    uri: https://management.azure.com/subscriptions/00000000-0000-0000-0000-000000000000/providers/Microsoft.DocumentDB/locations/westus/operationsStatus/cdebf137-04f8-46b2-97f9-fc19494f5b01?api-version=2020-04-01
  response:
    body:
      string: '{"status":"Dequeued"}'
    headers:
      cache-control:
      - no-store, no-cache
      content-length:
      - '21'
      content-location:
      - https://management.documents.azure.com:450/subscriptions/12053b8f-cab5-4f5c-9c1a-870580142abd/providers/Microsoft.DocumentDB/locations/westus/operationsStatus/cdebf137-04f8-46b2-97f9-fc19494f5b01?api-version=2020-04-01
      content-type:
      - application/json
      date:
      - Fri, 28 Aug 2020 01:18:27 GMT
      pragma:
      - no-cache
      server:
      - Microsoft-HTTPAPI/2.0
      strict-transport-security:
      - max-age=31536000; includeSubDomains
      transfer-encoding:
      - chunked
      vary:
      - Accept-Encoding
      x-content-type-options:
      - nosniff
      x-ms-gatewayversion:
      - version=2.11.0
    status:
      code: 200
      message: Ok
- request:
    body: null
    headers:
      Accept:
      - application/json
      Accept-Encoding:
      - gzip, deflate
      CommandName:
      - cosmosdb create
      Connection:
      - keep-alive
      ParameterSetName:
      - -n -g --capabilities
      User-Agent:
      - python/3.8.2 (Windows-10-10.0.19041-SP0) msrest/0.6.18 msrest_azure/0.6.3
        azure-mgmt-cosmosdb/1.0.0 Azure-SDK-For-Python AZURECLI/2.11.0
    method: GET
    uri: https://management.azure.com/subscriptions/00000000-0000-0000-0000-000000000000/providers/Microsoft.DocumentDB/locations/westus/operationsStatus/cdebf137-04f8-46b2-97f9-fc19494f5b01?api-version=2020-04-01
  response:
    body:
      string: '{"status":"Dequeued"}'
    headers:
      cache-control:
      - no-store, no-cache
      content-length:
      - '21'
      content-location:
      - https://management.documents.azure.com:450/subscriptions/12053b8f-cab5-4f5c-9c1a-870580142abd/providers/Microsoft.DocumentDB/locations/westus/operationsStatus/cdebf137-04f8-46b2-97f9-fc19494f5b01?api-version=2020-04-01
      content-type:
      - application/json
      date:
      - Fri, 28 Aug 2020 01:18:59 GMT
      pragma:
      - no-cache
      server:
      - Microsoft-HTTPAPI/2.0
      strict-transport-security:
      - max-age=31536000; includeSubDomains
      transfer-encoding:
      - chunked
      vary:
      - Accept-Encoding
      x-content-type-options:
      - nosniff
      x-ms-gatewayversion:
      - version=2.11.0
    status:
      code: 200
      message: Ok
- request:
    body: null
    headers:
      Accept:
      - application/json
      Accept-Encoding:
      - gzip, deflate
      CommandName:
      - cosmosdb create
      Connection:
      - keep-alive
      ParameterSetName:
      - -n -g --capabilities
      User-Agent:
      - python/3.8.2 (Windows-10-10.0.19041-SP0) msrest/0.6.18 msrest_azure/0.6.3
        azure-mgmt-cosmosdb/1.0.0 Azure-SDK-For-Python AZURECLI/2.11.0
    method: GET
    uri: https://management.azure.com/subscriptions/00000000-0000-0000-0000-000000000000/providers/Microsoft.DocumentDB/locations/westus/operationsStatus/cdebf137-04f8-46b2-97f9-fc19494f5b01?api-version=2020-04-01
  response:
    body:
      string: '{"status":"Dequeued"}'
    headers:
      cache-control:
      - no-store, no-cache
      content-length:
      - '21'
      content-location:
      - https://management.documents.azure.com:450/subscriptions/12053b8f-cab5-4f5c-9c1a-870580142abd/providers/Microsoft.DocumentDB/locations/westus/operationsStatus/cdebf137-04f8-46b2-97f9-fc19494f5b01?api-version=2020-04-01
      content-type:
      - application/json
      date:
      - Fri, 28 Aug 2020 01:19:29 GMT
      pragma:
      - no-cache
      server:
      - Microsoft-HTTPAPI/2.0
      strict-transport-security:
      - max-age=31536000; includeSubDomains
      transfer-encoding:
      - chunked
      vary:
      - Accept-Encoding
      x-content-type-options:
      - nosniff
      x-ms-gatewayversion:
      - version=2.11.0
    status:
      code: 200
      message: Ok
- request:
    body: null
    headers:
      Accept:
      - application/json
      Accept-Encoding:
      - gzip, deflate
      CommandName:
      - cosmosdb create
      Connection:
      - keep-alive
      ParameterSetName:
      - -n -g --capabilities
      User-Agent:
      - python/3.8.2 (Windows-10-10.0.19041-SP0) msrest/0.6.18 msrest_azure/0.6.3
        azure-mgmt-cosmosdb/1.0.0 Azure-SDK-For-Python AZURECLI/2.11.0
    method: GET
    uri: https://management.azure.com/subscriptions/00000000-0000-0000-0000-000000000000/providers/Microsoft.DocumentDB/locations/westus/operationsStatus/cdebf137-04f8-46b2-97f9-fc19494f5b01?api-version=2020-04-01
  response:
    body:
      string: '{"status":"Dequeued"}'
    headers:
      cache-control:
      - no-store, no-cache
      content-length:
      - '21'
      content-location:
      - https://management.documents.azure.com:450/subscriptions/12053b8f-cab5-4f5c-9c1a-870580142abd/providers/Microsoft.DocumentDB/locations/westus/operationsStatus/cdebf137-04f8-46b2-97f9-fc19494f5b01?api-version=2020-04-01
      content-type:
      - application/json
      date:
      - Fri, 28 Aug 2020 01:20:00 GMT
      pragma:
      - no-cache
      server:
      - Microsoft-HTTPAPI/2.0
      strict-transport-security:
      - max-age=31536000; includeSubDomains
      transfer-encoding:
      - chunked
      vary:
      - Accept-Encoding
      x-content-type-options:
      - nosniff
      x-ms-gatewayversion:
      - version=2.11.0
    status:
      code: 200
      message: Ok
- request:
    body: null
    headers:
      Accept:
      - application/json
      Accept-Encoding:
      - gzip, deflate
      CommandName:
      - cosmosdb create
      Connection:
      - keep-alive
      ParameterSetName:
      - -n -g --capabilities
      User-Agent:
      - python/3.8.2 (Windows-10-10.0.19041-SP0) msrest/0.6.18 msrest_azure/0.6.3
        azure-mgmt-cosmosdb/1.0.0 Azure-SDK-For-Python AZURECLI/2.11.0
    method: GET
    uri: https://management.azure.com/subscriptions/00000000-0000-0000-0000-000000000000/providers/Microsoft.DocumentDB/locations/westus/operationsStatus/cdebf137-04f8-46b2-97f9-fc19494f5b01?api-version=2020-04-01
  response:
    body:
      string: '{"status":"Dequeued"}'
    headers:
      cache-control:
      - no-store, no-cache
      content-length:
      - '21'
      content-location:
      - https://management.documents.azure.com:450/subscriptions/12053b8f-cab5-4f5c-9c1a-870580142abd/providers/Microsoft.DocumentDB/locations/westus/operationsStatus/cdebf137-04f8-46b2-97f9-fc19494f5b01?api-version=2020-04-01
      content-type:
      - application/json
      date:
      - Fri, 28 Aug 2020 01:20:30 GMT
      pragma:
      - no-cache
      server:
      - Microsoft-HTTPAPI/2.0
      strict-transport-security:
      - max-age=31536000; includeSubDomains
      transfer-encoding:
      - chunked
      vary:
      - Accept-Encoding
      x-content-type-options:
      - nosniff
      x-ms-gatewayversion:
      - version=2.11.0
    status:
      code: 200
      message: Ok
- request:
    body: null
    headers:
      Accept:
      - application/json
      Accept-Encoding:
      - gzip, deflate
      CommandName:
      - cosmosdb create
      Connection:
      - keep-alive
      ParameterSetName:
      - -n -g --capabilities
      User-Agent:
      - python/3.8.2 (Windows-10-10.0.19041-SP0) msrest/0.6.18 msrest_azure/0.6.3
        azure-mgmt-cosmosdb/1.0.0 Azure-SDK-For-Python AZURECLI/2.11.0
    method: GET
    uri: https://management.azure.com/subscriptions/00000000-0000-0000-0000-000000000000/providers/Microsoft.DocumentDB/locations/westus/operationsStatus/cdebf137-04f8-46b2-97f9-fc19494f5b01?api-version=2020-04-01
  response:
    body:
      string: '{"status":"Dequeued"}'
    headers:
      cache-control:
      - no-store, no-cache
      content-length:
      - '21'
      content-location:
      - https://management.documents.azure.com:450/subscriptions/12053b8f-cab5-4f5c-9c1a-870580142abd/providers/Microsoft.DocumentDB/locations/westus/operationsStatus/cdebf137-04f8-46b2-97f9-fc19494f5b01?api-version=2020-04-01
      content-type:
      - application/json
      date:
      - Fri, 28 Aug 2020 01:21:01 GMT
      pragma:
      - no-cache
      server:
      - Microsoft-HTTPAPI/2.0
      strict-transport-security:
      - max-age=31536000; includeSubDomains
      transfer-encoding:
      - chunked
      vary:
      - Accept-Encoding
      x-content-type-options:
      - nosniff
      x-ms-gatewayversion:
      - version=2.11.0
    status:
      code: 200
      message: Ok
- request:
    body: null
    headers:
      Accept:
      - application/json
      Accept-Encoding:
      - gzip, deflate
      CommandName:
      - cosmosdb create
      Connection:
      - keep-alive
      ParameterSetName:
      - -n -g --capabilities
      User-Agent:
      - python/3.8.2 (Windows-10-10.0.19041-SP0) msrest/0.6.18 msrest_azure/0.6.3
        azure-mgmt-cosmosdb/1.0.0 Azure-SDK-For-Python AZURECLI/2.11.0
    method: GET
    uri: https://management.azure.com/subscriptions/00000000-0000-0000-0000-000000000000/providers/Microsoft.DocumentDB/locations/westus/operationsStatus/cdebf137-04f8-46b2-97f9-fc19494f5b01?api-version=2020-04-01
  response:
    body:
      string: '{"status":"Dequeued"}'
    headers:
      cache-control:
      - no-store, no-cache
      content-length:
      - '21'
      content-location:
      - https://management.documents.azure.com:450/subscriptions/12053b8f-cab5-4f5c-9c1a-870580142abd/providers/Microsoft.DocumentDB/locations/westus/operationsStatus/cdebf137-04f8-46b2-97f9-fc19494f5b01?api-version=2020-04-01
      content-type:
      - application/json
      date:
      - Fri, 28 Aug 2020 01:21:32 GMT
      pragma:
      - no-cache
      server:
      - Microsoft-HTTPAPI/2.0
      strict-transport-security:
      - max-age=31536000; includeSubDomains
      transfer-encoding:
      - chunked
      vary:
      - Accept-Encoding
      x-content-type-options:
      - nosniff
      x-ms-gatewayversion:
      - version=2.11.0
    status:
      code: 200
      message: Ok
- request:
    body: null
    headers:
      Accept:
      - application/json
      Accept-Encoding:
      - gzip, deflate
      CommandName:
      - cosmosdb create
      Connection:
      - keep-alive
      ParameterSetName:
      - -n -g --capabilities
      User-Agent:
      - python/3.8.2 (Windows-10-10.0.19041-SP0) msrest/0.6.18 msrest_azure/0.6.3
        azure-mgmt-cosmosdb/1.0.0 Azure-SDK-For-Python AZURECLI/2.11.0
    method: GET
    uri: https://management.azure.com/subscriptions/00000000-0000-0000-0000-000000000000/providers/Microsoft.DocumentDB/locations/westus/operationsStatus/cdebf137-04f8-46b2-97f9-fc19494f5b01?api-version=2020-04-01
  response:
    body:
      string: '{"status":"Dequeued"}'
    headers:
      cache-control:
      - no-store, no-cache
      content-length:
      - '21'
      content-location:
      - https://management.documents.azure.com:450/subscriptions/12053b8f-cab5-4f5c-9c1a-870580142abd/providers/Microsoft.DocumentDB/locations/westus/operationsStatus/cdebf137-04f8-46b2-97f9-fc19494f5b01?api-version=2020-04-01
      content-type:
      - application/json
      date:
      - Fri, 28 Aug 2020 01:22:02 GMT
      pragma:
      - no-cache
      server:
      - Microsoft-HTTPAPI/2.0
      strict-transport-security:
      - max-age=31536000; includeSubDomains
      transfer-encoding:
      - chunked
      vary:
      - Accept-Encoding
      x-content-type-options:
      - nosniff
      x-ms-gatewayversion:
      - version=2.11.0
    status:
      code: 200
      message: Ok
- request:
    body: null
    headers:
      Accept:
      - application/json
      Accept-Encoding:
      - gzip, deflate
      CommandName:
      - cosmosdb create
      Connection:
      - keep-alive
      ParameterSetName:
      - -n -g --capabilities
      User-Agent:
      - python/3.8.2 (Windows-10-10.0.19041-SP0) msrest/0.6.18 msrest_azure/0.6.3
        azure-mgmt-cosmosdb/1.0.0 Azure-SDK-For-Python AZURECLI/2.11.0
    method: GET
    uri: https://management.azure.com/subscriptions/00000000-0000-0000-0000-000000000000/providers/Microsoft.DocumentDB/locations/westus/operationsStatus/cdebf137-04f8-46b2-97f9-fc19494f5b01?api-version=2020-04-01
  response:
    body:
      string: '{"status":"Dequeued"}'
    headers:
      cache-control:
      - no-store, no-cache
      content-length:
      - '21'
      content-location:
      - https://management.documents.azure.com:450/subscriptions/12053b8f-cab5-4f5c-9c1a-870580142abd/providers/Microsoft.DocumentDB/locations/westus/operationsStatus/cdebf137-04f8-46b2-97f9-fc19494f5b01?api-version=2020-04-01
      content-type:
      - application/json
      date:
      - Fri, 28 Aug 2020 01:22:32 GMT
      pragma:
      - no-cache
      server:
      - Microsoft-HTTPAPI/2.0
      strict-transport-security:
      - max-age=31536000; includeSubDomains
      transfer-encoding:
      - chunked
      vary:
      - Accept-Encoding
      x-content-type-options:
      - nosniff
      x-ms-gatewayversion:
      - version=2.11.0
    status:
      code: 200
      message: Ok
- request:
    body: null
    headers:
      Accept:
      - application/json
      Accept-Encoding:
      - gzip, deflate
      CommandName:
      - cosmosdb create
      Connection:
      - keep-alive
      ParameterSetName:
      - -n -g --capabilities
      User-Agent:
      - python/3.8.2 (Windows-10-10.0.19041-SP0) msrest/0.6.18 msrest_azure/0.6.3
        azure-mgmt-cosmosdb/1.0.0 Azure-SDK-For-Python AZURECLI/2.11.0
    method: GET
    uri: https://management.azure.com/subscriptions/00000000-0000-0000-0000-000000000000/providers/Microsoft.DocumentDB/locations/westus/operationsStatus/cdebf137-04f8-46b2-97f9-fc19494f5b01?api-version=2020-04-01
  response:
    body:
      string: '{"status":"Dequeued"}'
    headers:
      cache-control:
      - no-store, no-cache
      content-length:
      - '21'
      content-location:
      - https://management.documents.azure.com:450/subscriptions/12053b8f-cab5-4f5c-9c1a-870580142abd/providers/Microsoft.DocumentDB/locations/westus/operationsStatus/cdebf137-04f8-46b2-97f9-fc19494f5b01?api-version=2020-04-01
      content-type:
      - application/json
      date:
      - Fri, 28 Aug 2020 01:23:02 GMT
      pragma:
      - no-cache
      server:
      - Microsoft-HTTPAPI/2.0
      strict-transport-security:
      - max-age=31536000; includeSubDomains
      transfer-encoding:
      - chunked
      vary:
      - Accept-Encoding
      x-content-type-options:
      - nosniff
      x-ms-gatewayversion:
      - version=2.11.0
    status:
      code: 200
      message: Ok
- request:
    body: null
    headers:
      Accept:
      - application/json
      Accept-Encoding:
      - gzip, deflate
      CommandName:
      - cosmosdb create
      Connection:
      - keep-alive
      ParameterSetName:
      - -n -g --capabilities
      User-Agent:
      - python/3.8.2 (Windows-10-10.0.19041-SP0) msrest/0.6.18 msrest_azure/0.6.3
        azure-mgmt-cosmosdb/1.0.0 Azure-SDK-For-Python AZURECLI/2.11.0
    method: GET
    uri: https://management.azure.com/subscriptions/00000000-0000-0000-0000-000000000000/providers/Microsoft.DocumentDB/locations/westus/operationsStatus/cdebf137-04f8-46b2-97f9-fc19494f5b01?api-version=2020-04-01
  response:
    body:
      string: '{"status":"Dequeued"}'
    headers:
      cache-control:
      - no-store, no-cache
      content-length:
      - '21'
      content-location:
      - https://management.documents.azure.com:450/subscriptions/12053b8f-cab5-4f5c-9c1a-870580142abd/providers/Microsoft.DocumentDB/locations/westus/operationsStatus/cdebf137-04f8-46b2-97f9-fc19494f5b01?api-version=2020-04-01
      content-type:
      - application/json
      date:
      - Fri, 28 Aug 2020 01:23:33 GMT
      pragma:
      - no-cache
      server:
      - Microsoft-HTTPAPI/2.0
      strict-transport-security:
      - max-age=31536000; includeSubDomains
      transfer-encoding:
      - chunked
      vary:
      - Accept-Encoding
      x-content-type-options:
      - nosniff
      x-ms-gatewayversion:
      - version=2.11.0
    status:
      code: 200
      message: Ok
- request:
    body: null
    headers:
      Accept:
      - application/json
      Accept-Encoding:
      - gzip, deflate
      CommandName:
      - cosmosdb create
      Connection:
      - keep-alive
      ParameterSetName:
      - -n -g --capabilities
      User-Agent:
      - python/3.8.2 (Windows-10-10.0.19041-SP0) msrest/0.6.18 msrest_azure/0.6.3
        azure-mgmt-cosmosdb/1.0.0 Azure-SDK-For-Python AZURECLI/2.11.0
    method: GET
    uri: https://management.azure.com/subscriptions/00000000-0000-0000-0000-000000000000/providers/Microsoft.DocumentDB/locations/westus/operationsStatus/cdebf137-04f8-46b2-97f9-fc19494f5b01?api-version=2020-04-01
  response:
    body:
      string: '{"status":"Dequeued"}'
    headers:
      cache-control:
      - no-store, no-cache
      content-length:
      - '21'
      content-location:
      - https://management.documents.azure.com:450/subscriptions/12053b8f-cab5-4f5c-9c1a-870580142abd/providers/Microsoft.DocumentDB/locations/westus/operationsStatus/cdebf137-04f8-46b2-97f9-fc19494f5b01?api-version=2020-04-01
      content-type:
      - application/json
      date:
      - Fri, 28 Aug 2020 01:24:03 GMT
      pragma:
      - no-cache
      server:
      - Microsoft-HTTPAPI/2.0
      strict-transport-security:
      - max-age=31536000; includeSubDomains
      transfer-encoding:
      - chunked
      vary:
      - Accept-Encoding
      x-content-type-options:
      - nosniff
      x-ms-gatewayversion:
      - version=2.11.0
    status:
      code: 200
      message: Ok
- request:
    body: null
    headers:
      Accept:
      - application/json
      Accept-Encoding:
      - gzip, deflate
      CommandName:
      - cosmosdb create
      Connection:
      - keep-alive
      ParameterSetName:
      - -n -g --capabilities
      User-Agent:
      - python/3.8.2 (Windows-10-10.0.19041-SP0) msrest/0.6.18 msrest_azure/0.6.3
        azure-mgmt-cosmosdb/1.0.0 Azure-SDK-For-Python AZURECLI/2.11.0
    method: GET
    uri: https://management.azure.com/subscriptions/00000000-0000-0000-0000-000000000000/providers/Microsoft.DocumentDB/locations/westus/operationsStatus/cdebf137-04f8-46b2-97f9-fc19494f5b01?api-version=2020-04-01
  response:
    body:
      string: '{"status":"Dequeued"}'
    headers:
      cache-control:
      - no-store, no-cache
      content-length:
      - '21'
      content-location:
      - https://management.documents.azure.com:450/subscriptions/12053b8f-cab5-4f5c-9c1a-870580142abd/providers/Microsoft.DocumentDB/locations/westus/operationsStatus/cdebf137-04f8-46b2-97f9-fc19494f5b01?api-version=2020-04-01
      content-type:
      - application/json
      date:
      - Fri, 28 Aug 2020 01:24:33 GMT
      pragma:
      - no-cache
      server:
      - Microsoft-HTTPAPI/2.0
      strict-transport-security:
      - max-age=31536000; includeSubDomains
      transfer-encoding:
      - chunked
      vary:
      - Accept-Encoding
      x-content-type-options:
      - nosniff
      x-ms-gatewayversion:
      - version=2.11.0
    status:
      code: 200
      message: Ok
- request:
    body: null
    headers:
      Accept:
      - application/json
      Accept-Encoding:
      - gzip, deflate
      CommandName:
      - cosmosdb create
      Connection:
      - keep-alive
      ParameterSetName:
      - -n -g --capabilities
      User-Agent:
      - python/3.8.2 (Windows-10-10.0.19041-SP0) msrest/0.6.18 msrest_azure/0.6.3
        azure-mgmt-cosmosdb/1.0.0 Azure-SDK-For-Python AZURECLI/2.11.0
    method: GET
    uri: https://management.azure.com/subscriptions/00000000-0000-0000-0000-000000000000/providers/Microsoft.DocumentDB/locations/westus/operationsStatus/cdebf137-04f8-46b2-97f9-fc19494f5b01?api-version=2020-04-01
  response:
    body:
      string: '{"status":"Dequeued"}'
    headers:
      cache-control:
      - no-store, no-cache
      content-length:
      - '21'
      content-location:
      - https://management.documents.azure.com:450/subscriptions/12053b8f-cab5-4f5c-9c1a-870580142abd/providers/Microsoft.DocumentDB/locations/westus/operationsStatus/cdebf137-04f8-46b2-97f9-fc19494f5b01?api-version=2020-04-01
      content-type:
      - application/json
      date:
      - Fri, 28 Aug 2020 01:25:03 GMT
      pragma:
      - no-cache
      server:
      - Microsoft-HTTPAPI/2.0
      strict-transport-security:
      - max-age=31536000; includeSubDomains
      transfer-encoding:
      - chunked
      vary:
      - Accept-Encoding
      x-content-type-options:
      - nosniff
      x-ms-gatewayversion:
      - version=2.11.0
    status:
      code: 200
      message: Ok
- request:
    body: null
    headers:
      Accept:
      - application/json
      Accept-Encoding:
      - gzip, deflate
      CommandName:
      - cosmosdb create
      Connection:
      - keep-alive
      ParameterSetName:
      - -n -g --capabilities
      User-Agent:
      - python/3.8.2 (Windows-10-10.0.19041-SP0) msrest/0.6.18 msrest_azure/0.6.3
        azure-mgmt-cosmosdb/1.0.0 Azure-SDK-For-Python AZURECLI/2.11.0
    method: GET
    uri: https://management.azure.com/subscriptions/00000000-0000-0000-0000-000000000000/providers/Microsoft.DocumentDB/locations/westus/operationsStatus/cdebf137-04f8-46b2-97f9-fc19494f5b01?api-version=2020-04-01
  response:
    body:
      string: '{"status":"Dequeued"}'
    headers:
      cache-control:
      - no-store, no-cache
      content-length:
      - '21'
      content-location:
      - https://management.documents.azure.com:450/subscriptions/12053b8f-cab5-4f5c-9c1a-870580142abd/providers/Microsoft.DocumentDB/locations/westus/operationsStatus/cdebf137-04f8-46b2-97f9-fc19494f5b01?api-version=2020-04-01
      content-type:
      - application/json
      date:
      - Fri, 28 Aug 2020 01:25:34 GMT
      pragma:
      - no-cache
      server:
      - Microsoft-HTTPAPI/2.0
      strict-transport-security:
      - max-age=31536000; includeSubDomains
      transfer-encoding:
      - chunked
      vary:
      - Accept-Encoding
      x-content-type-options:
      - nosniff
      x-ms-gatewayversion:
      - version=2.11.0
    status:
      code: 200
      message: Ok
- request:
    body: null
    headers:
      Accept:
      - application/json
      Accept-Encoding:
      - gzip, deflate
      CommandName:
      - cosmosdb create
      Connection:
      - keep-alive
      ParameterSetName:
      - -n -g --capabilities
      User-Agent:
      - python/3.8.2 (Windows-10-10.0.19041-SP0) msrest/0.6.18 msrest_azure/0.6.3
        azure-mgmt-cosmosdb/1.0.0 Azure-SDK-For-Python AZURECLI/2.11.0
    method: GET
    uri: https://management.azure.com/subscriptions/00000000-0000-0000-0000-000000000000/providers/Microsoft.DocumentDB/locations/westus/operationsStatus/cdebf137-04f8-46b2-97f9-fc19494f5b01?api-version=2020-04-01
  response:
    body:
      string: '{"status":"Dequeued"}'
    headers:
      cache-control:
      - no-store, no-cache
      content-length:
      - '21'
      content-location:
      - https://management.documents.azure.com:450/subscriptions/12053b8f-cab5-4f5c-9c1a-870580142abd/providers/Microsoft.DocumentDB/locations/westus/operationsStatus/cdebf137-04f8-46b2-97f9-fc19494f5b01?api-version=2020-04-01
      content-type:
      - application/json
      date:
      - Fri, 28 Aug 2020 01:26:04 GMT
      pragma:
      - no-cache
      server:
      - Microsoft-HTTPAPI/2.0
      strict-transport-security:
      - max-age=31536000; includeSubDomains
      transfer-encoding:
      - chunked
      vary:
      - Accept-Encoding
      x-content-type-options:
      - nosniff
      x-ms-gatewayversion:
      - version=2.11.0
    status:
      code: 200
      message: Ok
- request:
    body: null
    headers:
      Accept:
      - application/json
      Accept-Encoding:
      - gzip, deflate
      CommandName:
      - cosmosdb create
      Connection:
      - keep-alive
      ParameterSetName:
      - -n -g --capabilities
      User-Agent:
      - python/3.8.2 (Windows-10-10.0.19041-SP0) msrest/0.6.18 msrest_azure/0.6.3
        azure-mgmt-cosmosdb/1.0.0 Azure-SDK-For-Python AZURECLI/2.11.0
    method: GET
    uri: https://management.azure.com/subscriptions/00000000-0000-0000-0000-000000000000/providers/Microsoft.DocumentDB/locations/westus/operationsStatus/cdebf137-04f8-46b2-97f9-fc19494f5b01?api-version=2020-04-01
  response:
    body:
      string: '{"status":"Dequeued"}'
    headers:
      cache-control:
      - no-store, no-cache
      content-length:
      - '21'
      content-location:
      - https://management.documents.azure.com:450/subscriptions/12053b8f-cab5-4f5c-9c1a-870580142abd/providers/Microsoft.DocumentDB/locations/westus/operationsStatus/cdebf137-04f8-46b2-97f9-fc19494f5b01?api-version=2020-04-01
      content-type:
      - application/json
      date:
      - Fri, 28 Aug 2020 01:26:34 GMT
      pragma:
      - no-cache
      server:
      - Microsoft-HTTPAPI/2.0
      strict-transport-security:
      - max-age=31536000; includeSubDomains
      transfer-encoding:
      - chunked
      vary:
      - Accept-Encoding
      x-content-type-options:
      - nosniff
      x-ms-gatewayversion:
      - version=2.11.0
    status:
      code: 200
      message: Ok
- request:
    body: null
    headers:
      Accept:
      - application/json
      Accept-Encoding:
      - gzip, deflate
      CommandName:
      - cosmosdb create
      Connection:
      - keep-alive
      ParameterSetName:
      - -n -g --capabilities
      User-Agent:
      - python/3.8.2 (Windows-10-10.0.19041-SP0) msrest/0.6.18 msrest_azure/0.6.3
        azure-mgmt-cosmosdb/1.0.0 Azure-SDK-For-Python AZURECLI/2.11.0
    method: GET
    uri: https://management.azure.com/subscriptions/00000000-0000-0000-0000-000000000000/providers/Microsoft.DocumentDB/locations/westus/operationsStatus/cdebf137-04f8-46b2-97f9-fc19494f5b01?api-version=2020-04-01
  response:
    body:
      string: '{"status":"Succeeded"}'
    headers:
      cache-control:
      - no-store, no-cache
      content-length:
      - '22'
      content-location:
      - https://management.documents.azure.com:450/subscriptions/12053b8f-cab5-4f5c-9c1a-870580142abd/providers/Microsoft.DocumentDB/locations/westus/operationsStatus/cdebf137-04f8-46b2-97f9-fc19494f5b01?api-version=2020-04-01
      content-type:
      - application/json
      date:
      - Fri, 28 Aug 2020 01:27:04 GMT
      pragma:
      - no-cache
      server:
      - Microsoft-HTTPAPI/2.0
      strict-transport-security:
      - max-age=31536000; includeSubDomains
      transfer-encoding:
      - chunked
      vary:
      - Accept-Encoding
      x-content-type-options:
      - nosniff
      x-ms-gatewayversion:
      - version=2.11.0
    status:
      code: 200
      message: Ok
- request:
    body: null
    headers:
      Accept:
      - application/json
      Accept-Encoding:
      - gzip, deflate
      CommandName:
      - cosmosdb create
      Connection:
      - keep-alive
      ParameterSetName:
      - -n -g --capabilities
      User-Agent:
      - python/3.8.2 (Windows-10-10.0.19041-SP0) msrest/0.6.18 msrest_azure/0.6.3
        azure-mgmt-cosmosdb/1.0.0 Azure-SDK-For-Python AZURECLI/2.11.0
    method: GET
    uri: https://management.azure.com/subscriptions/00000000-0000-0000-0000-000000000000/resourceGroups/cli_test_cosmosdb_gremlin_resource_throughput_autoscale000001/providers/Microsoft.DocumentDB/databaseAccounts/cli000002?api-version=2020-04-01
  response:
    body:
      string: '{"id":"/subscriptions/00000000-0000-0000-0000-000000000000/resourceGroups/cli_test_cosmosdb_gremlin_resource_throughput_autoscale000001/providers/Microsoft.DocumentDB/databaseAccounts/cli000002","name":"cli000002","location":"West
        US","type":"Microsoft.DocumentDB/databaseAccounts","kind":"GlobalDocumentDB","tags":{},"systemData":{"createdAt":"2020-08-28T01:26:47.3671077Z"},"properties":{"provisioningState":"Succeeded","documentEndpoint":"https://cli000002.documents.azure.com:443/","gremlinEndpoint":"https://cli000002.gremlin.cosmos.azure.com:443/","publicNetworkAccess":"Enabled","enableAutomaticFailover":false,"enableMultipleWriteLocations":false,"enablePartitionKeyMonitor":false,"isVirtualNetworkFilterEnabled":false,"virtualNetworkRules":[],"EnabledApiTypes":"Gremlin,
        Sql","disableKeyBasedMetadataWriteAccess":false,"enableFreeTier":false,"enableAnalyticalStorage":false,"instanceId":"0dd755cd-ec80-4fb3-893f-e1edc1529d92","createMode":"Default","databaseAccountOfferType":"Standard","enableCassandraConnector":false,"connectorOffer":"","consistencyPolicy":{"defaultConsistencyLevel":"Session","maxIntervalInSeconds":5,"maxStalenessPrefix":100},"configurationOverrides":{},"writeLocations":[{"id":"cli000002-westus","locationName":"West
        US","documentEndpoint":"https://cli000002-westus.documents.azure.com:443/","provisioningState":"Succeeded","failoverPriority":0,"isZoneRedundant":false}],"readLocations":[{"id":"cli000002-westus","locationName":"West
        US","documentEndpoint":"https://cli000002-westus.documents.azure.com:443/","provisioningState":"Succeeded","failoverPriority":0,"isZoneRedundant":false}],"locations":[{"id":"cli000002-westus","locationName":"West
        US","documentEndpoint":"https://cli000002-westus.documents.azure.com:443/","provisioningState":"Succeeded","failoverPriority":0,"isZoneRedundant":false}],"failoverPolicies":[{"id":"cli000002-westus","locationName":"West
        US","failoverPriority":0}],"cors":[],"capabilities":[{"name":"EnableGremlin"}],"ipRules":[],"backupPolicy":{"type":"Periodic","periodicModeProperties":{"backupIntervalInMinutes":240,"backupRetentionIntervalInHours":8}}}}'
    headers:
      cache-control:
      - no-store, no-cache
      content-length:
      - '2199'
      content-location:
      - https://management.documents.azure.com:450/subscriptions/12053b8f-cab5-4f5c-9c1a-870580142abd/resourceGroups/cli_test_cosmosdb_gremlin_resource_throughput_autoscalebf3y7kixhdq5l7p27ixz/providers/Microsoft.DocumentDB/databaseAccounts/cli5nc4lzetxqdu?api-version=2020-04-01
      content-type:
      - application/json
      date:
      - Fri, 28 Aug 2020 01:27:04 GMT
      pragma:
      - no-cache
      server:
      - Microsoft-HTTPAPI/2.0
      strict-transport-security:
      - max-age=31536000; includeSubDomains
      transfer-encoding:
      - chunked
      vary:
      - Accept-Encoding
      x-content-type-options:
      - nosniff
      x-ms-gatewayversion:
      - version=2.11.0
    status:
      code: 200
      message: Ok
- request:
    body: null
    headers:
      Accept:
      - application/json
      Accept-Encoding:
      - gzip, deflate
      CommandName:
      - cosmosdb create
      Connection:
      - keep-alive
      ParameterSetName:
      - -n -g --capabilities
      User-Agent:
      - python/3.8.2 (Windows-10-10.0.19041-SP0) msrest/0.6.18 msrest_azure/0.6.3
        azure-mgmt-cosmosdb/1.0.0 Azure-SDK-For-Python AZURECLI/2.11.0
      accept-language:
      - en-US
    method: GET
    uri: https://management.azure.com/subscriptions/00000000-0000-0000-0000-000000000000/resourceGroups/cli_test_cosmosdb_gremlin_resource_throughput_autoscale000001/providers/Microsoft.DocumentDB/databaseAccounts/cli000002?api-version=2020-04-01
  response:
    body:
      string: '{"id":"/subscriptions/00000000-0000-0000-0000-000000000000/resourceGroups/cli_test_cosmosdb_gremlin_resource_throughput_autoscale000001/providers/Microsoft.DocumentDB/databaseAccounts/cli000002","name":"cli000002","location":"West
        US","type":"Microsoft.DocumentDB/databaseAccounts","kind":"GlobalDocumentDB","tags":{},"systemData":{"createdAt":"2020-08-28T01:26:47.3671077Z"},"properties":{"provisioningState":"Succeeded","documentEndpoint":"https://cli000002.documents.azure.com:443/","gremlinEndpoint":"https://cli000002.gremlin.cosmos.azure.com:443/","publicNetworkAccess":"Enabled","enableAutomaticFailover":false,"enableMultipleWriteLocations":false,"enablePartitionKeyMonitor":false,"isVirtualNetworkFilterEnabled":false,"virtualNetworkRules":[],"EnabledApiTypes":"Gremlin,
        Sql","disableKeyBasedMetadataWriteAccess":false,"enableFreeTier":false,"enableAnalyticalStorage":false,"instanceId":"0dd755cd-ec80-4fb3-893f-e1edc1529d92","createMode":"Default","databaseAccountOfferType":"Standard","enableCassandraConnector":false,"connectorOffer":"","consistencyPolicy":{"defaultConsistencyLevel":"Session","maxIntervalInSeconds":5,"maxStalenessPrefix":100},"configurationOverrides":{},"writeLocations":[{"id":"cli000002-westus","locationName":"West
        US","documentEndpoint":"https://cli000002-westus.documents.azure.com:443/","provisioningState":"Succeeded","failoverPriority":0,"isZoneRedundant":false}],"readLocations":[{"id":"cli000002-westus","locationName":"West
        US","documentEndpoint":"https://cli000002-westus.documents.azure.com:443/","provisioningState":"Succeeded","failoverPriority":0,"isZoneRedundant":false}],"locations":[{"id":"cli000002-westus","locationName":"West
        US","documentEndpoint":"https://cli000002-westus.documents.azure.com:443/","provisioningState":"Succeeded","failoverPriority":0,"isZoneRedundant":false}],"failoverPolicies":[{"id":"cli000002-westus","locationName":"West
        US","failoverPriority":0}],"cors":[],"capabilities":[{"name":"EnableGremlin"}],"ipRules":[],"backupPolicy":{"type":"Periodic","periodicModeProperties":{"backupIntervalInMinutes":240,"backupRetentionIntervalInHours":8}}}}'
    headers:
      cache-control:
      - no-store, no-cache
      content-length:
      - '2199'
      content-location:
      - https://management.documents.azure.com:450/subscriptions/12053b8f-cab5-4f5c-9c1a-870580142abd/resourceGroups/cli_test_cosmosdb_gremlin_resource_throughput_autoscalebf3y7kixhdq5l7p27ixz/providers/Microsoft.DocumentDB/databaseAccounts/cli5nc4lzetxqdu?api-version=2020-04-01
      content-type:
      - application/json
      date:
      - Fri, 28 Aug 2020 01:27:06 GMT
      pragma:
      - no-cache
      server:
      - Microsoft-HTTPAPI/2.0
      strict-transport-security:
      - max-age=31536000; includeSubDomains
      transfer-encoding:
      - chunked
      vary:
      - Accept-Encoding
      x-content-type-options:
      - nosniff
      x-ms-gatewayversion:
      - version=2.11.0
    status:
      code: 200
      message: Ok
- request:
    body: '{"properties": {"resource": {"id": "cli000003"}, "options": {"throughput":
      800}}}'
    headers:
      Accept:
      - application/json
      Accept-Encoding:
      - gzip, deflate
      CommandName:
      - cosmosdb gremlin database create
      Connection:
      - keep-alive
      Content-Length:
      - '87'
      Content-Type:
      - application/json; charset=utf-8
      ParameterSetName:
      - -g -a -n --throughput
      User-Agent:
      - python/3.8.2 (Windows-10-10.0.19041-SP0) msrest/0.6.18 msrest_azure/0.6.3
        azure-mgmt-cosmosdb/1.0.0 Azure-SDK-For-Python AZURECLI/2.11.0
      accept-language:
      - en-US
    method: PUT
    uri: https://management.azure.com/subscriptions/00000000-0000-0000-0000-000000000000/resourceGroups/cli_test_cosmosdb_gremlin_resource_throughput_autoscale000001/providers/Microsoft.DocumentDB/databaseAccounts/cli000002/gremlinDatabases/cli000003?api-version=2020-04-01
  response:
    body:
      string: '{"status":"Enqueued"}'
    headers:
      azure-asyncoperation:
      - https://management.azure.com/subscriptions/00000000-0000-0000-0000-000000000000/providers/Microsoft.DocumentDB/locations/westus/operationsStatus/a9d58c22-9fdd-4976-b23b-05d8151c5a6f?api-version=2020-04-01
      cache-control:
      - no-store, no-cache
      content-length:
      - '21'
      content-location:
      - https://management.documents.azure.com:450/subscriptions/12053b8f-cab5-4f5c-9c1a-870580142abd/resourceGroups/cli_test_cosmosdb_gremlin_resource_throughput_autoscalebf3y7kixhdq5l7p27ixz/providers/Microsoft.DocumentDB/databaseAccounts/cli5nc4lzetxqdu/gremlinDatabases/clipwde5hxoenjh?api-version=2020-04-01
      content-type:
      - application/json
      date:
      - Fri, 28 Aug 2020 01:27:07 GMT
      location:
      - https://management.azure.com/subscriptions/00000000-0000-0000-0000-000000000000/resourceGroups/cli_test_cosmosdb_gremlin_resource_throughput_autoscale000001/providers/Microsoft.DocumentDB/databaseAccounts/cli000002/gremlinDatabases/cli000003/operationResults/a9d58c22-9fdd-4976-b23b-05d8151c5a6f?api-version=2020-04-01
      pragma:
      - no-cache
      server:
      - Microsoft-HTTPAPI/2.0
      strict-transport-security:
      - max-age=31536000; includeSubDomains
      x-content-type-options:
      - nosniff
      x-ms-gatewayversion:
      - version=2.11.0
      x-ms-ratelimit-remaining-subscription-writes:
      - '1199'
    status:
      code: 202
      message: Accepted
- request:
    body: null
    headers:
      Accept:
      - application/json
      Accept-Encoding:
      - gzip, deflate
      CommandName:
      - cosmosdb gremlin database create
      Connection:
      - keep-alive
      ParameterSetName:
      - -g -a -n --throughput
      User-Agent:
      - python/3.8.2 (Windows-10-10.0.19041-SP0) msrest/0.6.18 msrest_azure/0.6.3
        azure-mgmt-cosmosdb/1.0.0 Azure-SDK-For-Python AZURECLI/2.11.0
    method: GET
    uri: https://management.azure.com/subscriptions/00000000-0000-0000-0000-000000000000/providers/Microsoft.DocumentDB/locations/westus/operationsStatus/a9d58c22-9fdd-4976-b23b-05d8151c5a6f?api-version=2020-04-01
  response:
    body:
      string: '{"status":"Succeeded"}'
    headers:
      cache-control:
      - no-store, no-cache
      content-length:
      - '22'
      content-location:
      - https://management.documents.azure.com:450/subscriptions/12053b8f-cab5-4f5c-9c1a-870580142abd/providers/Microsoft.DocumentDB/locations/westus/operationsStatus/a9d58c22-9fdd-4976-b23b-05d8151c5a6f?api-version=2020-04-01
      content-type:
      - application/json
      date:
      - Fri, 28 Aug 2020 01:27:37 GMT
      pragma:
      - no-cache
      server:
      - Microsoft-HTTPAPI/2.0
      strict-transport-security:
      - max-age=31536000; includeSubDomains
      transfer-encoding:
      - chunked
      vary:
      - Accept-Encoding
      x-content-type-options:
      - nosniff
      x-ms-gatewayversion:
      - version=2.11.0
    status:
      code: 200
      message: Ok
- request:
    body: null
    headers:
      Accept:
      - application/json
      Accept-Encoding:
      - gzip, deflate
      CommandName:
      - cosmosdb gremlin database create
      Connection:
      - keep-alive
      ParameterSetName:
      - -g -a -n --throughput
      User-Agent:
      - python/3.8.2 (Windows-10-10.0.19041-SP0) msrest/0.6.18 msrest_azure/0.6.3
        azure-mgmt-cosmosdb/1.0.0 Azure-SDK-For-Python AZURECLI/2.11.0
    method: GET
    uri: https://management.azure.com/subscriptions/00000000-0000-0000-0000-000000000000/resourceGroups/cli_test_cosmosdb_gremlin_resource_throughput_autoscale000001/providers/Microsoft.DocumentDB/databaseAccounts/cli000002/gremlinDatabases/cli000003?api-version=2020-04-01
  response:
    body:
      string: '{"id":"/subscriptions/00000000-0000-0000-0000-000000000000/resourceGroups/cli_test_cosmosdb_gremlin_resource_throughput_autoscale000001/providers/Microsoft.DocumentDB/databaseAccounts/cli000002/gremlinDatabases/cli000003","type":"Microsoft.DocumentDB/databaseAccounts/gremlinDatabases","name":"cli000003","properties":{"resource":{"id":"cli000003","_rid":"-pEcAA==","_self":"dbs/-pEcAA==/","_etag":"\"0000bc11-0000-0700-0000-5f485d710000\"","_colls":"colls/","_users":"users/","_ts":1598578033}}}'
    headers:
      cache-control:
      - no-store, no-cache
      content-length:
      - '534'
      content-location:
      - https://management.documents.azure.com:450/subscriptions/12053b8f-cab5-4f5c-9c1a-870580142abd/resourceGroups/cli_test_cosmosdb_gremlin_resource_throughput_autoscalebf3y7kixhdq5l7p27ixz/providers/Microsoft.DocumentDB/databaseAccounts/cli5nc4lzetxqdu/gremlinDatabases/clipwde5hxoenjh?api-version=2020-04-01
      content-type:
      - application/json
      date:
      - Fri, 28 Aug 2020 01:27:38 GMT
      pragma:
      - no-cache
      server:
      - Microsoft-HTTPAPI/2.0
      strict-transport-security:
      - max-age=31536000; includeSubDomains
      transfer-encoding:
      - chunked
      vary:
      - Accept-Encoding
      x-content-type-options:
      - nosniff
      x-ms-gatewayversion:
      - version=2.11.0
    status:
      code: 200
      message: Ok
- request:
    body: null
    headers:
      Accept:
      - application/json
      Accept-Encoding:
      - gzip, deflate
      CommandName:
      - cosmosdb gremlin database throughput show
      Connection:
      - keep-alive
      ParameterSetName:
      - -g -a -n
      User-Agent:
      - python/3.8.2 (Windows-10-10.0.19041-SP0) msrest/0.6.18 msrest_azure/0.6.3
        azure-mgmt-cosmosdb/1.0.0 Azure-SDK-For-Python AZURECLI/2.11.0
      accept-language:
      - en-US
    method: GET
    uri: https://management.azure.com/subscriptions/00000000-0000-0000-0000-000000000000/resourceGroups/cli_test_cosmosdb_gremlin_resource_throughput_autoscale000001/providers/Microsoft.DocumentDB/databaseAccounts/cli000002/gremlinDatabases/cli000003/throughputSettings/default?api-version=2020-04-01
  response:
    body:
      string: '{"id":"/subscriptions/00000000-0000-0000-0000-000000000000/resourceGroups/cli_test_cosmosdb_gremlin_resource_throughput_autoscale000001/providers/Microsoft.DocumentDB/databaseAccounts/cli000002/gremlinDatabases/cli000003/throughputSettings/default","type":"Microsoft.DocumentDB/databaseAccounts/gremlinDatabases/throughputSettings","name":"W6xn","properties":{"resource":{"throughput":800,"minimumThroughput":"400"}}}'
    headers:
      cache-control:
      - no-store, no-cache
      content-length:
      - '443'
      content-location:
      - https://management.documents.azure.com:450/subscriptions/12053b8f-cab5-4f5c-9c1a-870580142abd/resourceGroups/cli_test_cosmosdb_gremlin_resource_throughput_autoscalebf3y7kixhdq5l7p27ixz/providers/Microsoft.DocumentDB/databaseAccounts/cli5nc4lzetxqdu/gremlinDatabases/clipwde5hxoenjh/throughputSettings/default?api-version=2020-04-01
      content-type:
      - application/json
      date:
      - Fri, 28 Aug 2020 01:27:40 GMT
      pragma:
      - no-cache
      server:
      - Microsoft-HTTPAPI/2.0
      strict-transport-security:
      - max-age=31536000; includeSubDomains
      transfer-encoding:
      - chunked
      vary:
      - Accept-Encoding
      x-content-type-options:
      - nosniff
      x-ms-gatewayversion:
      - version=2.11.0
    status:
      code: 200
      message: Ok
- request:
    body: null
    headers:
      Accept:
      - application/json
      Accept-Encoding:
      - gzip, deflate
      CommandName:
      - cosmosdb gremlin database throughput migrate
      Connection:
      - keep-alive
      Content-Length:
      - '0'
      ParameterSetName:
      - --throughput-type -g -a -n
      User-Agent:
      - python/3.8.2 (Windows-10-10.0.19041-SP0) msrest/0.6.18 msrest_azure/0.6.3
        azure-mgmt-cosmosdb/1.0.0 Azure-SDK-For-Python AZURECLI/2.11.0
      accept-language:
      - en-US
    method: POST
    uri: https://management.azure.com/subscriptions/00000000-0000-0000-0000-000000000000/resourceGroups/cli_test_cosmosdb_gremlin_resource_throughput_autoscale000001/providers/Microsoft.DocumentDB/databaseAccounts/cli000002/gremlinDatabases/cli000003/throughputSettings/default/migrateToAutoscale?api-version=2020-04-01
  response:
    body:
      string: '{"status":"Enqueued"}'
    headers:
      azure-asyncoperation:
      - https://management.azure.com/subscriptions/00000000-0000-0000-0000-000000000000/providers/Microsoft.DocumentDB/locations/westus/operationsStatus/e2058169-a9de-4b22-8c3b-99bec8602274?api-version=2020-04-01
      cache-control:
      - no-store, no-cache
      content-length:
      - '21'
      content-type:
      - application/json
      date:
      - Fri, 28 Aug 2020 01:27:42 GMT
      location:
      - https://management.azure.com/subscriptions/00000000-0000-0000-0000-000000000000/resourceGroups/cli_test_cosmosdb_gremlin_resource_throughput_autoscale000001/providers/Microsoft.DocumentDB/databaseAccounts/cli000002/gremlinDatabases/cli000003/throughputSettings/default/migrateToAutoscale/operationResults/e2058169-a9de-4b22-8c3b-99bec8602274?api-version=2020-04-01
      pragma:
      - no-cache
      server:
      - Microsoft-HTTPAPI/2.0
      strict-transport-security:
      - max-age=31536000; includeSubDomains
      x-content-type-options:
      - nosniff
      x-ms-gatewayversion:
      - version=2.11.0
      x-ms-ratelimit-remaining-subscription-writes:
      - '1199'
    status:
      code: 202
      message: Accepted
- request:
    body: null
    headers:
      Accept:
      - application/json
      Accept-Encoding:
      - gzip, deflate
      CommandName:
      - cosmosdb gremlin database throughput migrate
      Connection:
      - keep-alive
      ParameterSetName:
      - --throughput-type -g -a -n
      User-Agent:
      - python/3.8.2 (Windows-10-10.0.19041-SP0) msrest/0.6.18 msrest_azure/0.6.3
        azure-mgmt-cosmosdb/1.0.0 Azure-SDK-For-Python AZURECLI/2.11.0
    method: GET
    uri: https://management.azure.com/subscriptions/00000000-0000-0000-0000-000000000000/providers/Microsoft.DocumentDB/locations/westus/operationsStatus/e2058169-a9de-4b22-8c3b-99bec8602274?api-version=2020-04-01
  response:
    body:
      string: '{"status":"Succeeded"}'
    headers:
      cache-control:
      - no-store, no-cache
      content-length:
      - '22'
      content-location:
      - https://management.documents.azure.com:450/subscriptions/12053b8f-cab5-4f5c-9c1a-870580142abd/providers/Microsoft.DocumentDB/locations/westus/operationsStatus/e2058169-a9de-4b22-8c3b-99bec8602274?api-version=2020-04-01
      content-type:
      - application/json
      date:
      - Fri, 28 Aug 2020 01:28:13 GMT
      pragma:
      - no-cache
      server:
      - Microsoft-HTTPAPI/2.0
      strict-transport-security:
      - max-age=31536000; includeSubDomains
      transfer-encoding:
      - chunked
      vary:
      - Accept-Encoding
      x-content-type-options:
      - nosniff
      x-ms-gatewayversion:
      - version=2.11.0
    status:
      code: 200
      message: Ok
- request:
    body: null
    headers:
      Accept:
      - application/json
      Accept-Encoding:
      - gzip, deflate
      CommandName:
      - cosmosdb gremlin database throughput show
      Connection:
      - keep-alive
      ParameterSetName:
      - -g -a -n
      User-Agent:
      - python/3.8.2 (Windows-10-10.0.19041-SP0) msrest/0.6.18 msrest_azure/0.6.3
        azure-mgmt-cosmosdb/1.0.0 Azure-SDK-For-Python AZURECLI/2.11.0
      accept-language:
      - en-US
    method: GET
    uri: https://management.azure.com/subscriptions/00000000-0000-0000-0000-000000000000/resourceGroups/cli_test_cosmosdb_gremlin_resource_throughput_autoscale000001/providers/Microsoft.DocumentDB/databaseAccounts/cli000002/gremlinDatabases/cli000003/throughputSettings/default?api-version=2020-04-01
  response:
    body:
      string: '{"id":"/subscriptions/00000000-0000-0000-0000-000000000000/resourceGroups/cli_test_cosmosdb_gremlin_resource_throughput_autoscale000001/providers/Microsoft.DocumentDB/databaseAccounts/cli000002/gremlinDatabases/cli000003/throughputSettings/default","type":"Microsoft.DocumentDB/databaseAccounts/gremlinDatabases/throughputSettings","name":"W6xn","properties":{"resource":{"throughput":400,"autoscaleSettings":{"maxThroughput":4000},"minimumThroughput":"4000"}}}'
    headers:
      cache-control:
      - no-store, no-cache
      content-length:
      - '487'
      content-location:
      - https://management.documents.azure.com:450/subscriptions/12053b8f-cab5-4f5c-9c1a-870580142abd/resourceGroups/cli_test_cosmosdb_gremlin_resource_throughput_autoscalebf3y7kixhdq5l7p27ixz/providers/Microsoft.DocumentDB/databaseAccounts/cli5nc4lzetxqdu/gremlinDatabases/clipwde5hxoenjh/throughputSettings/default?api-version=2020-04-01
      content-type:
      - application/json
      date:
      - Fri, 28 Aug 2020 01:28:14 GMT
      pragma:
      - no-cache
      server:
      - Microsoft-HTTPAPI/2.0
      strict-transport-security:
      - max-age=31536000; includeSubDomains
      transfer-encoding:
      - chunked
      vary:
      - Accept-Encoding
      x-content-type-options:
      - nosniff
      x-ms-gatewayversion:
      - version=2.11.0
    status:
      code: 200
      message: Ok
- request:
    body: '{"properties": {"resource": {"autoscaleSettings": {"maxThroughput": 8000}}}}'
    headers:
      Accept:
      - application/json
      Accept-Encoding:
      - gzip, deflate
      CommandName:
      - cosmosdb gremlin database throughput update
      Connection:
      - keep-alive
      Content-Length:
      - '76'
      Content-Type:
      - application/json; charset=utf-8
      ParameterSetName:
      - -g -a -n --max-throughput
      User-Agent:
      - python/3.8.2 (Windows-10-10.0.19041-SP0) msrest/0.6.18 msrest_azure/0.6.3
        azure-mgmt-cosmosdb/1.0.0 Azure-SDK-For-Python AZURECLI/2.11.0
      accept-language:
      - en-US
    method: PUT
    uri: https://management.azure.com/subscriptions/00000000-0000-0000-0000-000000000000/resourceGroups/cli_test_cosmosdb_gremlin_resource_throughput_autoscale000001/providers/Microsoft.DocumentDB/databaseAccounts/cli000002/gremlinDatabases/cli000003/throughputSettings/default?api-version=2020-04-01
  response:
    body:
      string: '{"status":"Enqueued"}'
    headers:
      azure-asyncoperation:
      - https://management.azure.com/subscriptions/00000000-0000-0000-0000-000000000000/providers/Microsoft.DocumentDB/locations/westus/operationsStatus/b2262bf2-a5d5-4ef4-a779-2bcdc70171df?api-version=2020-04-01
      cache-control:
      - no-store, no-cache
      content-length:
      - '21'
      content-location:
      - https://management.documents.azure.com:450/subscriptions/12053b8f-cab5-4f5c-9c1a-870580142abd/resourceGroups/cli_test_cosmosdb_gremlin_resource_throughput_autoscalebf3y7kixhdq5l7p27ixz/providers/Microsoft.DocumentDB/databaseAccounts/cli5nc4lzetxqdu/gremlinDatabases/clipwde5hxoenjh/throughputSettings/default?api-version=2020-04-01
      content-type:
      - application/json
      date:
      - Fri, 28 Aug 2020 01:28:16 GMT
      location:
      - https://management.azure.com/subscriptions/00000000-0000-0000-0000-000000000000/resourceGroups/cli_test_cosmosdb_gremlin_resource_throughput_autoscale000001/providers/Microsoft.DocumentDB/databaseAccounts/cli000002/gremlinDatabases/cli000003/throughputSettings/default/operationResults/b2262bf2-a5d5-4ef4-a779-2bcdc70171df?api-version=2020-04-01
      pragma:
      - no-cache
      server:
      - Microsoft-HTTPAPI/2.0
      strict-transport-security:
      - max-age=31536000; includeSubDomains
      x-content-type-options:
      - nosniff
      x-ms-gatewayversion:
      - version=2.11.0
      x-ms-ratelimit-remaining-subscription-writes:
      - '1199'
    status:
      code: 202
      message: Accepted
- request:
    body: null
    headers:
      Accept:
      - application/json
      Accept-Encoding:
      - gzip, deflate
      CommandName:
      - cosmosdb gremlin database throughput update
      Connection:
      - keep-alive
      ParameterSetName:
      - -g -a -n --max-throughput
      User-Agent:
      - python/3.8.2 (Windows-10-10.0.19041-SP0) msrest/0.6.18 msrest_azure/0.6.3
        azure-mgmt-cosmosdb/1.0.0 Azure-SDK-For-Python AZURECLI/2.11.0
    method: GET
    uri: https://management.azure.com/subscriptions/00000000-0000-0000-0000-000000000000/providers/Microsoft.DocumentDB/locations/westus/operationsStatus/b2262bf2-a5d5-4ef4-a779-2bcdc70171df?api-version=2020-04-01
  response:
    body:
      string: '{"status":"Succeeded"}'
    headers:
      cache-control:
      - no-store, no-cache
      content-length:
      - '22'
      content-location:
      - https://management.documents.azure.com:450/subscriptions/12053b8f-cab5-4f5c-9c1a-870580142abd/providers/Microsoft.DocumentDB/locations/westus/operationsStatus/b2262bf2-a5d5-4ef4-a779-2bcdc70171df?api-version=2020-04-01
      content-type:
      - application/json
      date:
      - Fri, 28 Aug 2020 01:28:47 GMT
      pragma:
      - no-cache
      server:
      - Microsoft-HTTPAPI/2.0
      strict-transport-security:
      - max-age=31536000; includeSubDomains
      transfer-encoding:
      - chunked
      vary:
      - Accept-Encoding
      x-content-type-options:
      - nosniff
      x-ms-gatewayversion:
      - version=2.11.0
    status:
      code: 200
      message: Ok
- request:
    body: null
    headers:
      Accept:
      - application/json
      Accept-Encoding:
      - gzip, deflate
      CommandName:
      - cosmosdb gremlin database throughput update
      Connection:
      - keep-alive
      ParameterSetName:
      - -g -a -n --max-throughput
      User-Agent:
      - python/3.8.2 (Windows-10-10.0.19041-SP0) msrest/0.6.18 msrest_azure/0.6.3
        azure-mgmt-cosmosdb/1.0.0 Azure-SDK-For-Python AZURECLI/2.11.0
    method: GET
    uri: https://management.azure.com/subscriptions/00000000-0000-0000-0000-000000000000/resourceGroups/cli_test_cosmosdb_gremlin_resource_throughput_autoscale000001/providers/Microsoft.DocumentDB/databaseAccounts/cli000002/gremlinDatabases/cli000003/throughputSettings/default?api-version=2020-04-01
  response:
    body:
      string: '{"id":"/subscriptions/00000000-0000-0000-0000-000000000000/resourceGroups/cli_test_cosmosdb_gremlin_resource_throughput_autoscale000001/providers/Microsoft.DocumentDB/databaseAccounts/cli000002/gremlinDatabases/cli000003/throughputSettings/default","type":"Microsoft.DocumentDB/databaseAccounts/gremlinDatabases/throughputSettings","name":"W6xn","properties":{"resource":{"throughput":400,"autoscaleSettings":{"maxThroughput":8000},"minimumThroughput":"4000"}}}'
    headers:
      cache-control:
      - no-store, no-cache
      content-length:
      - '487'
      content-location:
      - https://management.documents.azure.com:450/subscriptions/12053b8f-cab5-4f5c-9c1a-870580142abd/resourceGroups/cli_test_cosmosdb_gremlin_resource_throughput_autoscalebf3y7kixhdq5l7p27ixz/providers/Microsoft.DocumentDB/databaseAccounts/cli5nc4lzetxqdu/gremlinDatabases/clipwde5hxoenjh/throughputSettings/default?api-version=2020-04-01
      content-type:
      - application/json
      date:
      - Fri, 28 Aug 2020 01:28:48 GMT
      pragma:
      - no-cache
      server:
      - Microsoft-HTTPAPI/2.0
      strict-transport-security:
      - max-age=31536000; includeSubDomains
      transfer-encoding:
      - chunked
      vary:
      - Accept-Encoding
      x-content-type-options:
      - nosniff
      x-ms-gatewayversion:
      - version=2.11.0
    status:
      code: 200
      message: Ok
- request:
    body: null
    headers:
      Accept:
      - application/json
      Accept-Encoding:
      - gzip, deflate
      CommandName:
      - cosmosdb gremlin database throughput migrate
      Connection:
      - keep-alive
      Content-Length:
      - '0'
      ParameterSetName:
      - --throughput-type -g -a -n
      User-Agent:
      - python/3.8.2 (Windows-10-10.0.19041-SP0) msrest/0.6.18 msrest_azure/0.6.3
        azure-mgmt-cosmosdb/1.0.0 Azure-SDK-For-Python AZURECLI/2.11.0
      accept-language:
      - en-US
    method: POST
    uri: https://management.azure.com/subscriptions/00000000-0000-0000-0000-000000000000/resourceGroups/cli_test_cosmosdb_gremlin_resource_throughput_autoscale000001/providers/Microsoft.DocumentDB/databaseAccounts/cli000002/gremlinDatabases/cli000003/throughputSettings/default/migrateToManualThroughput?api-version=2020-04-01
  response:
    body:
      string: '{"status":"Enqueued"}'
    headers:
      azure-asyncoperation:
      - https://management.azure.com/subscriptions/00000000-0000-0000-0000-000000000000/providers/Microsoft.DocumentDB/locations/westus/operationsStatus/e704c1d0-3380-405b-9334-886693875fb1?api-version=2020-04-01
      cache-control:
      - no-store, no-cache
      content-length:
      - '21'
      content-type:
      - application/json
      date:
      - Fri, 28 Aug 2020 01:28:51 GMT
      location:
      - https://management.azure.com/subscriptions/00000000-0000-0000-0000-000000000000/resourceGroups/cli_test_cosmosdb_gremlin_resource_throughput_autoscale000001/providers/Microsoft.DocumentDB/databaseAccounts/cli000002/gremlinDatabases/cli000003/throughputSettings/default/migrateToManualThroughput/operationResults/e704c1d0-3380-405b-9334-886693875fb1?api-version=2020-04-01
      pragma:
      - no-cache
      server:
      - Microsoft-HTTPAPI/2.0
      strict-transport-security:
      - max-age=31536000; includeSubDomains
      x-content-type-options:
      - nosniff
      x-ms-gatewayversion:
      - version=2.11.0
      x-ms-ratelimit-remaining-subscription-writes:
      - '1198'
    status:
      code: 202
      message: Accepted
- request:
    body: null
    headers:
      Accept:
      - application/json
      Accept-Encoding:
      - gzip, deflate
      CommandName:
      - cosmosdb gremlin database throughput migrate
      Connection:
      - keep-alive
      ParameterSetName:
      - --throughput-type -g -a -n
      User-Agent:
      - python/3.8.2 (Windows-10-10.0.19041-SP0) msrest/0.6.18 msrest_azure/0.6.3
        azure-mgmt-cosmosdb/1.0.0 Azure-SDK-For-Python AZURECLI/2.11.0
    method: GET
    uri: https://management.azure.com/subscriptions/00000000-0000-0000-0000-000000000000/providers/Microsoft.DocumentDB/locations/westus/operationsStatus/e704c1d0-3380-405b-9334-886693875fb1?api-version=2020-04-01
  response:
    body:
      string: '{"status":"Succeeded"}'
    headers:
      cache-control:
      - no-store, no-cache
      content-length:
      - '22'
      content-location:
      - https://management.documents.azure.com:450/subscriptions/12053b8f-cab5-4f5c-9c1a-870580142abd/providers/Microsoft.DocumentDB/locations/westus/operationsStatus/e704c1d0-3380-405b-9334-886693875fb1?api-version=2020-04-01
      content-type:
      - application/json
      date:
      - Fri, 28 Aug 2020 01:29:21 GMT
      pragma:
      - no-cache
      server:
      - Microsoft-HTTPAPI/2.0
      strict-transport-security:
      - max-age=31536000; includeSubDomains
      transfer-encoding:
      - chunked
      vary:
      - Accept-Encoding
      x-content-type-options:
      - nosniff
      x-ms-gatewayversion:
      - version=2.11.0
    status:
      code: 200
      message: Ok
- request:
    body: '{"properties": {"resource": {"id": "cli000004", "indexingPolicy": {"automatic":
      true, "indexingMode": "consistent", "includedPaths": [{"path": "/*"}], "excludedPaths":
      [{"path": "/\"_etag\"/?"}]}, "partitionKey": {"paths": ["/thePartitionKey"],
      "kind": "Hash"}}, "options": {"throughput": 400}}}'
    headers:
      Accept:
      - application/json
      Accept-Encoding:
      - gzip, deflate
      CommandName:
      - cosmosdb gremlin graph create
      Connection:
      - keep-alive
      Content-Length:
      - '301'
      Content-Type:
      - application/json; charset=utf-8
      ParameterSetName:
      - -g -a -d -n -p --throughput
      User-Agent:
      - python/3.8.2 (Windows-10-10.0.19041-SP0) msrest/0.6.18 msrest_azure/0.6.3
        azure-mgmt-cosmosdb/1.0.0 Azure-SDK-For-Python AZURECLI/2.11.0
      accept-language:
      - en-US
    method: PUT
    uri: https://management.azure.com/subscriptions/00000000-0000-0000-0000-000000000000/resourceGroups/cli_test_cosmosdb_gremlin_resource_throughput_autoscale000001/providers/Microsoft.DocumentDB/databaseAccounts/cli000002/gremlinDatabases/cli000003/graphs/cli000004?api-version=2020-04-01
  response:
    body:
      string: '{"status":"Enqueued"}'
    headers:
      azure-asyncoperation:
      - https://management.azure.com/subscriptions/00000000-0000-0000-0000-000000000000/providers/Microsoft.DocumentDB/locations/westus/operationsStatus/66a2d834-2bd3-46ab-87f9-db6f849039e3?api-version=2020-04-01
      cache-control:
      - no-store, no-cache
      content-length:
      - '21'
      content-location:
      - https://management.documents.azure.com:450/subscriptions/12053b8f-cab5-4f5c-9c1a-870580142abd/resourceGroups/cli_test_cosmosdb_gremlin_resource_throughput_autoscalebf3y7kixhdq5l7p27ixz/providers/Microsoft.DocumentDB/databaseAccounts/cli5nc4lzetxqdu/gremlinDatabases/clipwde5hxoenjh/graphs/cli62b3tcaqsbra?api-version=2020-04-01
      content-type:
      - application/json
      date:
      - Fri, 28 Aug 2020 01:29:23 GMT
      location:
      - https://management.azure.com/subscriptions/00000000-0000-0000-0000-000000000000/resourceGroups/cli_test_cosmosdb_gremlin_resource_throughput_autoscale000001/providers/Microsoft.DocumentDB/databaseAccounts/cli000002/gremlinDatabases/cli000003/graphs/cli000004/operationResults/66a2d834-2bd3-46ab-87f9-db6f849039e3?api-version=2020-04-01
      pragma:
      - no-cache
      server:
      - Microsoft-HTTPAPI/2.0
      strict-transport-security:
      - max-age=31536000; includeSubDomains
      x-content-type-options:
      - nosniff
      x-ms-gatewayversion:
      - version=2.11.0
      x-ms-ratelimit-remaining-subscription-writes:
      - '1199'
    status:
      code: 202
      message: Accepted
- request:
    body: null
    headers:
      Accept:
      - application/json
      Accept-Encoding:
      - gzip, deflate
      CommandName:
      - cosmosdb gremlin graph create
      Connection:
      - keep-alive
      ParameterSetName:
      - -g -a -d -n -p --throughput
      User-Agent:
      - python/3.8.2 (Windows-10-10.0.19041-SP0) msrest/0.6.18 msrest_azure/0.6.3
        azure-mgmt-cosmosdb/1.0.0 Azure-SDK-For-Python AZURECLI/2.11.0
    method: GET
    uri: https://management.azure.com/subscriptions/00000000-0000-0000-0000-000000000000/providers/Microsoft.DocumentDB/locations/westus/operationsStatus/66a2d834-2bd3-46ab-87f9-db6f849039e3?api-version=2020-04-01
  response:
    body:
      string: '{"status":"Succeeded"}'
    headers:
      cache-control:
      - no-store, no-cache
      content-length:
      - '22'
      content-location:
      - https://management.documents.azure.com:450/subscriptions/12053b8f-cab5-4f5c-9c1a-870580142abd/providers/Microsoft.DocumentDB/locations/westus/operationsStatus/66a2d834-2bd3-46ab-87f9-db6f849039e3?api-version=2020-04-01
      content-type:
      - application/json
      date:
      - Fri, 28 Aug 2020 01:29:54 GMT
      pragma:
      - no-cache
      server:
      - Microsoft-HTTPAPI/2.0
      strict-transport-security:
      - max-age=31536000; includeSubDomains
      transfer-encoding:
      - chunked
      vary:
      - Accept-Encoding
      x-content-type-options:
      - nosniff
      x-ms-gatewayversion:
      - version=2.11.0
    status:
      code: 200
      message: Ok
- request:
    body: null
    headers:
      Accept:
      - application/json
      Accept-Encoding:
      - gzip, deflate
      CommandName:
      - cosmosdb gremlin graph create
      Connection:
      - keep-alive
      ParameterSetName:
      - -g -a -d -n -p --throughput
      User-Agent:
      - python/3.8.2 (Windows-10-10.0.19041-SP0) msrest/0.6.18 msrest_azure/0.6.3
        azure-mgmt-cosmosdb/1.0.0 Azure-SDK-For-Python AZURECLI/2.11.0
    method: GET
    uri: https://management.azure.com/subscriptions/00000000-0000-0000-0000-000000000000/resourceGroups/cli_test_cosmosdb_gremlin_resource_throughput_autoscale000001/providers/Microsoft.DocumentDB/databaseAccounts/cli000002/gremlinDatabases/cli000003/graphs/cli000004?api-version=2020-04-01
  response:
    body:
      string: '{"id":"/subscriptions/00000000-0000-0000-0000-000000000000/resourceGroups/cli_test_cosmosdb_gremlin_resource_throughput_autoscale000001/providers/Microsoft.DocumentDB/databaseAccounts/cli000002/gremlinDatabases/cli000003/graphs/cli000004","type":"Microsoft.DocumentDB/databaseAccounts/gremlinDatabases/graphs","name":"cli000004","properties":{"resource":{"id":"cli000004","indexingPolicy":{"indexingMode":"consistent","automatic":true,"includedPaths":[{"path":"/*"}],"excludedPaths":[{"path":"/\"_etag\"/?"}]},"partitionKey":{"paths":["/thePartitionKey"],"kind":"Hash"},"uniqueKeyPolicy":{"uniqueKeys":[]},"conflictResolutionPolicy":{"mode":"LastWriterWins","conflictResolutionPath":"/_ts","conflictResolutionProcedure":""},"geospatialConfig":{"type":"Geography"},"uniqueIndexReIndexingState":0,"_rid":"-pEcAPvAo-E=","_ts":1598578168,"_self":"dbs/-pEcAA==/colls/-pEcAPvAo-E=/","_etag":"\"0000c411-0000-0700-0000-5f485df80000\"","_docs":"docs/","_sprocs":"sprocs/","_triggers":"triggers/","_udfs":"udfs/","_conflicts":"conflicts/","statistics":[{"id":"0","sizeInKB":0,"documentCount":0,"partitionKeys":[]}]}}}'
    headers:
      cache-control:
      - no-store, no-cache
      content-length:
      - '1152'
      content-location:
      - https://management.documents.azure.com:450/subscriptions/12053b8f-cab5-4f5c-9c1a-870580142abd/resourceGroups/cli_test_cosmosdb_gremlin_resource_throughput_autoscalebf3y7kixhdq5l7p27ixz/providers/Microsoft.DocumentDB/databaseAccounts/cli5nc4lzetxqdu/gremlinDatabases/clipwde5hxoenjh/graphs/cli62b3tcaqsbra?api-version=2020-04-01
      content-type:
      - application/json
      date:
      - Fri, 28 Aug 2020 01:29:55 GMT
      pragma:
      - no-cache
      server:
      - Microsoft-HTTPAPI/2.0
      strict-transport-security:
      - max-age=31536000; includeSubDomains
      transfer-encoding:
      - chunked
      vary:
      - Accept-Encoding
      x-content-type-options:
      - nosniff
      x-ms-gatewayversion:
      - version=2.11.0
    status:
      code: 200
      message: Ok
- request:
    body: null
    headers:
      Accept:
      - application/json
      Accept-Encoding:
      - gzip, deflate
      CommandName:
      - cosmosdb gremlin graph throughput show
      Connection:
      - keep-alive
      ParameterSetName:
      - -g -a -d -n
      User-Agent:
      - python/3.8.2 (Windows-10-10.0.19041-SP0) msrest/0.6.18 msrest_azure/0.6.3
        azure-mgmt-cosmosdb/1.0.0 Azure-SDK-For-Python AZURECLI/2.11.0
      accept-language:
      - en-US
    method: GET
    uri: https://management.azure.com/subscriptions/00000000-0000-0000-0000-000000000000/resourceGroups/cli_test_cosmosdb_gremlin_resource_throughput_autoscale000001/providers/Microsoft.DocumentDB/databaseAccounts/cli000002/gremlinDatabases/cli000003/graphs/cli000004/throughputSettings/default?api-version=2020-04-01
  response:
    body:
      string: '{"id":"/subscriptions/00000000-0000-0000-0000-000000000000/resourceGroups/cli_test_cosmosdb_gremlin_resource_throughput_autoscale000001/providers/Microsoft.DocumentDB/databaseAccounts/cli000002/gremlinDatabases/cli000003/graphs/cli000004/throughputSettings/default","type":"Microsoft.DocumentDB/databaseAccounts/gremlinDatabases/graphs/throughputSettings","name":"BDzH","properties":{"resource":{"throughput":400,"minimumThroughput":"400"}}}'
    headers:
      cache-control:
      - no-store, no-cache
      content-length:
      - '473'
      content-location:
      - https://management.documents.azure.com:450/subscriptions/12053b8f-cab5-4f5c-9c1a-870580142abd/resourceGroups/cli_test_cosmosdb_gremlin_resource_throughput_autoscalebf3y7kixhdq5l7p27ixz/providers/Microsoft.DocumentDB/databaseAccounts/cli5nc4lzetxqdu/gremlinDatabases/clipwde5hxoenjh/graphs/cli62b3tcaqsbra/throughputSettings/default?api-version=2020-04-01
      content-type:
      - application/json
      date:
      - Fri, 28 Aug 2020 01:29:56 GMT
      pragma:
      - no-cache
      server:
      - Microsoft-HTTPAPI/2.0
      strict-transport-security:
      - max-age=31536000; includeSubDomains
      transfer-encoding:
      - chunked
      vary:
      - Accept-Encoding
      x-content-type-options:
      - nosniff
      x-ms-gatewayversion:
      - version=2.11.0
    status:
      code: 200
      message: Ok
- request:
    body: null
    headers:
      Accept:
      - application/json
      Accept-Encoding:
      - gzip, deflate
      CommandName:
      - cosmosdb gremlin graph throughput migrate
      Connection:
      - keep-alive
      Content-Length:
      - '0'
      ParameterSetName:
      - --throughput-type -g -a -d -n
      User-Agent:
      - python/3.8.2 (Windows-10-10.0.19041-SP0) msrest/0.6.18 msrest_azure/0.6.3
        azure-mgmt-cosmosdb/1.0.0 Azure-SDK-For-Python AZURECLI/2.11.0
      accept-language:
      - en-US
    method: POST
    uri: https://management.azure.com/subscriptions/00000000-0000-0000-0000-000000000000/resourceGroups/cli_test_cosmosdb_gremlin_resource_throughput_autoscale000001/providers/Microsoft.DocumentDB/databaseAccounts/cli000002/gremlinDatabases/cli000003/graphs/cli000004/throughputSettings/default/migrateToAutoscale?api-version=2020-04-01
  response:
    body:
      string: '{"status":"Enqueued"}'
    headers:
      azure-asyncoperation:
      - https://management.azure.com/subscriptions/00000000-0000-0000-0000-000000000000/providers/Microsoft.DocumentDB/locations/westus/operationsStatus/b974e5b2-e77b-4a6e-a621-af39adf30efb?api-version=2020-04-01
      cache-control:
      - no-store, no-cache
      content-length:
      - '21'
      content-type:
      - application/json
      date:
      - Fri, 28 Aug 2020 01:29:57 GMT
      location:
      - https://management.azure.com/subscriptions/00000000-0000-0000-0000-000000000000/resourceGroups/cli_test_cosmosdb_gremlin_resource_throughput_autoscale000001/providers/Microsoft.DocumentDB/databaseAccounts/cli000002/gremlinDatabases/cli000003/graphs/cli000004/throughputSettings/default/migrateToAutoscale/operationResults/b974e5b2-e77b-4a6e-a621-af39adf30efb?api-version=2020-04-01
      pragma:
      - no-cache
      server:
      - Microsoft-HTTPAPI/2.0
      strict-transport-security:
      - max-age=31536000; includeSubDomains
      x-content-type-options:
      - nosniff
      x-ms-gatewayversion:
      - version=2.11.0
      x-ms-ratelimit-remaining-subscription-writes:
      - '1199'
    status:
      code: 202
      message: Accepted
- request:
    body: null
    headers:
      Accept:
      - application/json
      Accept-Encoding:
      - gzip, deflate
      CommandName:
      - cosmosdb gremlin graph throughput migrate
      Connection:
      - keep-alive
      ParameterSetName:
      - --throughput-type -g -a -d -n
      User-Agent:
      - python/3.8.2 (Windows-10-10.0.19041-SP0) msrest/0.6.18 msrest_azure/0.6.3
        azure-mgmt-cosmosdb/1.0.0 Azure-SDK-For-Python AZURECLI/2.11.0
    method: GET
    uri: https://management.azure.com/subscriptions/00000000-0000-0000-0000-000000000000/providers/Microsoft.DocumentDB/locations/westus/operationsStatus/b974e5b2-e77b-4a6e-a621-af39adf30efb?api-version=2020-04-01
  response:
    body:
      string: '{"status":"Succeeded"}'
    headers:
      cache-control:
      - no-store, no-cache
      content-length:
      - '22'
      content-location:
      - https://management.documents.azure.com:450/subscriptions/12053b8f-cab5-4f5c-9c1a-870580142abd/providers/Microsoft.DocumentDB/locations/westus/operationsStatus/b974e5b2-e77b-4a6e-a621-af39adf30efb?api-version=2020-04-01
      content-type:
      - application/json
      date:
      - Fri, 28 Aug 2020 01:30:28 GMT
      pragma:
      - no-cache
      server:
      - Microsoft-HTTPAPI/2.0
      strict-transport-security:
      - max-age=31536000; includeSubDomains
      transfer-encoding:
      - chunked
      vary:
      - Accept-Encoding
      x-content-type-options:
      - nosniff
      x-ms-gatewayversion:
      - version=2.11.0
    status:
      code: 200
      message: Ok
- request:
    body: '{"properties": {"resource": {"autoscaleSettings": {"maxThroughput": 5000}}}}'
    headers:
      Accept:
      - application/json
      Accept-Encoding:
      - gzip, deflate
      CommandName:
      - cosmosdb gremlin graph throughput update
      Connection:
      - keep-alive
      Content-Length:
      - '76'
      Content-Type:
      - application/json; charset=utf-8
      ParameterSetName:
      - -g -a -d -n --max-throughput
      User-Agent:
      - python/3.8.2 (Windows-10-10.0.19041-SP0) msrest/0.6.18 msrest_azure/0.6.3
        azure-mgmt-cosmosdb/1.0.0 Azure-SDK-For-Python AZURECLI/2.11.0
      accept-language:
      - en-US
    method: PUT
    uri: https://management.azure.com/subscriptions/00000000-0000-0000-0000-000000000000/resourceGroups/cli_test_cosmosdb_gremlin_resource_throughput_autoscale000001/providers/Microsoft.DocumentDB/databaseAccounts/cli000002/gremlinDatabases/cli000003/graphs/cli000004/throughputSettings/default?api-version=2020-04-01
  response:
    body:
      string: '{"status":"Enqueued"}'
    headers:
      azure-asyncoperation:
      - https://management.azure.com/subscriptions/00000000-0000-0000-0000-000000000000/providers/Microsoft.DocumentDB/locations/westus/operationsStatus/18346529-16cb-4805-ac3a-0e7f5c3b6fb0?api-version=2020-04-01
      cache-control:
      - no-store, no-cache
      content-length:
      - '21'
      content-location:
      - https://management.documents.azure.com:450/subscriptions/12053b8f-cab5-4f5c-9c1a-870580142abd/resourceGroups/cli_test_cosmosdb_gremlin_resource_throughput_autoscalebf3y7kixhdq5l7p27ixz/providers/Microsoft.DocumentDB/databaseAccounts/cli5nc4lzetxqdu/gremlinDatabases/clipwde5hxoenjh/graphs/cli62b3tcaqsbra/throughputSettings/default?api-version=2020-04-01
      content-type:
      - application/json
      date:
      - Fri, 28 Aug 2020 01:30:31 GMT
      location:
      - https://management.azure.com/subscriptions/00000000-0000-0000-0000-000000000000/resourceGroups/cli_test_cosmosdb_gremlin_resource_throughput_autoscale000001/providers/Microsoft.DocumentDB/databaseAccounts/cli000002/gremlinDatabases/cli000003/graphs/cli000004/throughputSettings/default/operationResults/18346529-16cb-4805-ac3a-0e7f5c3b6fb0?api-version=2020-04-01
      pragma:
      - no-cache
      server:
      - Microsoft-HTTPAPI/2.0
      strict-transport-security:
      - max-age=31536000; includeSubDomains
      x-content-type-options:
      - nosniff
      x-ms-gatewayversion:
      - version=2.11.0
      x-ms-ratelimit-remaining-subscription-writes:
      - '1199'
    status:
      code: 202
      message: Accepted
- request:
    body: null
    headers:
      Accept:
      - application/json
      Accept-Encoding:
      - gzip, deflate
      CommandName:
      - cosmosdb gremlin graph throughput update
      Connection:
      - keep-alive
      ParameterSetName:
      - -g -a -d -n --max-throughput
      User-Agent:
      - python/3.8.2 (Windows-10-10.0.19041-SP0) msrest/0.6.18 msrest_azure/0.6.3
        azure-mgmt-cosmosdb/1.0.0 Azure-SDK-For-Python AZURECLI/2.11.0
    method: GET
    uri: https://management.azure.com/subscriptions/00000000-0000-0000-0000-000000000000/providers/Microsoft.DocumentDB/locations/westus/operationsStatus/18346529-16cb-4805-ac3a-0e7f5c3b6fb0?api-version=2020-04-01
  response:
    body:
      string: '{"status":"Succeeded"}'
    headers:
      cache-control:
      - no-store, no-cache
      content-length:
      - '22'
      content-location:
      - https://management.documents.azure.com:450/subscriptions/12053b8f-cab5-4f5c-9c1a-870580142abd/providers/Microsoft.DocumentDB/locations/westus/operationsStatus/18346529-16cb-4805-ac3a-0e7f5c3b6fb0?api-version=2020-04-01
      content-type:
      - application/json
      date:
      - Fri, 28 Aug 2020 01:31:02 GMT
      pragma:
      - no-cache
      server:
      - Microsoft-HTTPAPI/2.0
      strict-transport-security:
      - max-age=31536000; includeSubDomains
      transfer-encoding:
      - chunked
      vary:
      - Accept-Encoding
      x-content-type-options:
      - nosniff
      x-ms-gatewayversion:
      - version=2.11.0
    status:
      code: 200
      message: Ok
- request:
    body: null
    headers:
      Accept:
      - application/json
      Accept-Encoding:
      - gzip, deflate
      CommandName:
      - cosmosdb gremlin graph throughput update
      Connection:
      - keep-alive
      ParameterSetName:
      - -g -a -d -n --max-throughput
      User-Agent:
      - python/3.8.2 (Windows-10-10.0.19041-SP0) msrest/0.6.18 msrest_azure/0.6.3
        azure-mgmt-cosmosdb/1.0.0 Azure-SDK-For-Python AZURECLI/2.11.0
    method: GET
    uri: https://management.azure.com/subscriptions/00000000-0000-0000-0000-000000000000/resourceGroups/cli_test_cosmosdb_gremlin_resource_throughput_autoscale000001/providers/Microsoft.DocumentDB/databaseAccounts/cli000002/gremlinDatabases/cli000003/graphs/cli000004/throughputSettings/default?api-version=2020-04-01
  response:
    body:
      string: '{"id":"/subscriptions/00000000-0000-0000-0000-000000000000/resourceGroups/cli_test_cosmosdb_gremlin_resource_throughput_autoscale000001/providers/Microsoft.DocumentDB/databaseAccounts/cli000002/gremlinDatabases/cli000003/graphs/cli000004/throughputSettings/default","type":"Microsoft.DocumentDB/databaseAccounts/gremlinDatabases/graphs/throughputSettings","name":"BDzH","properties":{"resource":{"throughput":400,"autoscaleSettings":{"maxThroughput":5000},"minimumThroughput":"4000"}}}'
    headers:
      cache-control:
      - no-store, no-cache
      content-length:
      - '517'
      content-location:
      - https://management.documents.azure.com:450/subscriptions/12053b8f-cab5-4f5c-9c1a-870580142abd/resourceGroups/cli_test_cosmosdb_gremlin_resource_throughput_autoscalebf3y7kixhdq5l7p27ixz/providers/Microsoft.DocumentDB/databaseAccounts/cli5nc4lzetxqdu/gremlinDatabases/clipwde5hxoenjh/graphs/cli62b3tcaqsbra/throughputSettings/default?api-version=2020-04-01
      content-type:
      - application/json
      date:
      - Fri, 28 Aug 2020 01:31:03 GMT
      pragma:
      - no-cache
      server:
      - Microsoft-HTTPAPI/2.0
      strict-transport-security:
      - max-age=31536000; includeSubDomains
      transfer-encoding:
      - chunked
      vary:
      - Accept-Encoding
      x-content-type-options:
      - nosniff
      x-ms-gatewayversion:
      - version=2.11.0
    status:
      code: 200
      message: Ok
- request:
    body: null
    headers:
      Accept:
      - application/json
      Accept-Encoding:
      - gzip, deflate
      CommandName:
      - cosmosdb gremlin graph throughput migrate
      Connection:
      - keep-alive
      Content-Length:
      - '0'
      ParameterSetName:
      - --throughput-type -g -a -d -n
      User-Agent:
      - python/3.8.2 (Windows-10-10.0.19041-SP0) msrest/0.6.18 msrest_azure/0.6.3
        azure-mgmt-cosmosdb/1.0.0 Azure-SDK-For-Python AZURECLI/2.11.0
      accept-language:
      - en-US
    method: POST
    uri: https://management.azure.com/subscriptions/00000000-0000-0000-0000-000000000000/resourceGroups/cli_test_cosmosdb_gremlin_resource_throughput_autoscale000001/providers/Microsoft.DocumentDB/databaseAccounts/cli000002/gremlinDatabases/cli000003/graphs/cli000004/throughputSettings/default/migrateToManualThroughput?api-version=2020-04-01
  response:
    body:
      string: '{"status":"Enqueued"}'
    headers:
      azure-asyncoperation:
      - https://management.azure.com/subscriptions/00000000-0000-0000-0000-000000000000/providers/Microsoft.DocumentDB/locations/westus/operationsStatus/fcaf68d1-9113-4d90-bf1b-66b267db3c74?api-version=2020-04-01
      cache-control:
      - no-store, no-cache
      content-length:
      - '21'
      content-type:
      - application/json
      date:
      - Fri, 28 Aug 2020 01:31:04 GMT
      location:
      - https://management.azure.com/subscriptions/00000000-0000-0000-0000-000000000000/resourceGroups/cli_test_cosmosdb_gremlin_resource_throughput_autoscale000001/providers/Microsoft.DocumentDB/databaseAccounts/cli000002/gremlinDatabases/cli000003/graphs/cli000004/throughputSettings/default/migrateToManualThroughput/operationResults/fcaf68d1-9113-4d90-bf1b-66b267db3c74?api-version=2020-04-01
      pragma:
      - no-cache
      server:
      - Microsoft-HTTPAPI/2.0
      strict-transport-security:
      - max-age=31536000; includeSubDomains
      x-content-type-options:
      - nosniff
      x-ms-gatewayversion:
      - version=2.11.0
      x-ms-ratelimit-remaining-subscription-writes:
      - '1199'
    status:
      code: 202
      message: Accepted
- request:
    body: null
    headers:
      Accept:
      - application/json
      Accept-Encoding:
      - gzip, deflate
      CommandName:
      - cosmosdb gremlin graph throughput migrate
      Connection:
      - keep-alive
      ParameterSetName:
      - --throughput-type -g -a -d -n
      User-Agent:
      - python/3.8.2 (Windows-10-10.0.19041-SP0) msrest/0.6.18 msrest_azure/0.6.3
        azure-mgmt-cosmosdb/1.0.0 Azure-SDK-For-Python AZURECLI/2.11.0
    method: GET
    uri: https://management.azure.com/subscriptions/00000000-0000-0000-0000-000000000000/providers/Microsoft.DocumentDB/locations/westus/operationsStatus/fcaf68d1-9113-4d90-bf1b-66b267db3c74?api-version=2020-04-01
  response:
    body:
      string: '{"status":"Succeeded"}'
    headers:
      cache-control:
      - no-store, no-cache
      content-length:
      - '22'
      content-location:
      - https://management.documents.azure.com:450/subscriptions/12053b8f-cab5-4f5c-9c1a-870580142abd/providers/Microsoft.DocumentDB/locations/westus/operationsStatus/fcaf68d1-9113-4d90-bf1b-66b267db3c74?api-version=2020-04-01
      content-type:
      - application/json
      date:
      - Fri, 28 Aug 2020 01:31:36 GMT
      pragma:
      - no-cache
      server:
      - Microsoft-HTTPAPI/2.0
      strict-transport-security:
      - max-age=31536000; includeSubDomains
      transfer-encoding:
      - chunked
      vary:
      - Accept-Encoding
      x-content-type-options:
      - nosniff
      x-ms-gatewayversion:
      - version=2.11.0
    status:
      code: 200
      message: Ok
version: 1
