interactions:
- request:
    body: null
    headers:
      Accept:
      - application/json
      Accept-Encoding:
      - gzip, deflate
      CommandName:
      - cosmosdb create
      Connection:
      - keep-alive
      ParameterSetName:
      - -n -g
      User-Agent:
      - python/3.8.2 (Windows-10-10.0.18362-SP0) msrest/0.6.11 msrest_azure/0.6.3
        azure-mgmt-resource/9.0.0 Azure-SDK-For-Python AZURECLI/2.6.0
      accept-language:
      - en-US
    method: GET
    uri: https://management.azure.com/subscriptions/00000000-0000-0000-0000-000000000000/resourcegroups/cli_test_cosmosdb_sql_container000001?api-version=2019-07-01
  response:
    body:
      string: '{"id":"/subscriptions/00000000-0000-0000-0000-000000000000/resourceGroups/cli_test_cosmosdb_sql_container000001","name":"cli_test_cosmosdb_sql_container000001","type":"Microsoft.Resources/resourceGroups","location":"westus","tags":{"product":"azurecli","cause":"automation","date":"2020-05-18T20:35:42Z"},"properties":{"provisioningState":"Succeeded"}}'
    headers:
      cache-control:
      - no-cache
      content-length:
      - '428'
      content-type:
      - application/json; charset=utf-8
      date:
      - Mon, 18 May 2020 20:35:44 GMT
      expires:
      - '-1'
      pragma:
      - no-cache
      strict-transport-security:
      - max-age=31536000; includeSubDomains
      vary:
      - Accept-Encoding
      x-content-type-options:
      - nosniff
    status:
      code: 200
      message: OK
- request:
    body: '{"location": "westus", "kind": "GlobalDocumentDB", "properties": {"locations":
      [{"locationName": "westus", "failoverPriority": 0, "isZoneRedundant": false}],
      "databaseAccountOfferType": "Standard"}}'
    headers:
      Accept:
      - application/json
      Accept-Encoding:
      - gzip, deflate
      CommandName:
      - cosmosdb create
      Connection:
      - keep-alive
      Content-Length:
      - '198'
      Content-Type:
      - application/json; charset=utf-8
      ParameterSetName:
      - -n -g
      User-Agent:
      - python/3.8.2 (Windows-10-10.0.18362-SP0) msrest/0.6.11 msrest_azure/0.6.3
        azure-mgmt-cosmosdb/0.14.0 Azure-SDK-For-Python AZURECLI/2.6.0
      accept-language:
      - en-US
    method: PUT
    uri: https://management.azure.com/subscriptions/00000000-0000-0000-0000-000000000000/resourceGroups/cli_test_cosmosdb_sql_container000001/providers/Microsoft.DocumentDB/databaseAccounts/cli000004?api-version=2020-03-01
  response:
    body:
      string: '{"id":"/subscriptions/00000000-0000-0000-0000-000000000000/resourceGroups/cli_test_cosmosdb_sql_container000001/providers/Microsoft.DocumentDB/databaseAccounts/cli000004","name":"cli000004","location":"West
        US","type":"Microsoft.DocumentDB/databaseAccounts","kind":"GlobalDocumentDB","tags":{},"properties":{"provisioningState":"Creating","publicNetworkAccess":"Enabled","enableAutomaticFailover":false,"enableMultipleWriteLocations":false,"enablePartitionKeyMonitor":false,"isVirtualNetworkFilterEnabled":false,"virtualNetworkRules":[],"EnabledApiTypes":"Sql","disableKeyBasedMetadataWriteAccess":false,"enableFreeTier":false,"enableAnalyticalStorage":false,"databaseAccountOfferType":"Standard","ipRangeFilter":"","consistencyPolicy":{"defaultConsistencyLevel":"Session","maxIntervalInSeconds":5,"maxStalenessPrefix":100},"configurationOverrides":{},"writeLocations":[{"id":"cli000004-westus","locationName":"West
        US","provisioningState":"Creating","failoverPriority":0,"isZoneRedundant":false}],"readLocations":[{"id":"cli000004-westus","locationName":"West
        US","provisioningState":"Creating","failoverPriority":0,"isZoneRedundant":false}],"locations":[{"id":"cli000004-westus","locationName":"West
        US","provisioningState":"Creating","failoverPriority":0,"isZoneRedundant":false}],"failoverPolicies":[{"id":"cli000004-westus","locationName":"West
        US","failoverPriority":0}],"cors":[],"capabilities":[]}}'
    headers:
      azure-asyncoperation:
      - https://management.azure.com/subscriptions/00000000-0000-0000-0000-000000000000/providers/Microsoft.DocumentDB/locations/westus/operationsStatus/f651a008-7951-4f68-a47a-5a4b3f1ada03?api-version=2020-03-01
      cache-control:
      - no-store, no-cache
      content-length:
      - '1480'
      content-location:
      - https://management.documents.azure.com:450/subscriptions/3901edbf-e5b3-4040-a565-13784a96c238/resourceGroups/cli_test_cosmosdb_sql_containermolfgcy5sjzneucqyre7toyjtth73jcgol73elsb6t3r/providers/Microsoft.DocumentDB/databaseAccounts/clieqnxonu324op?api-version=2020-03-01
      content-type:
      - application/json
      date:
      - Mon, 18 May 2020 20:35:47 GMT
      location:
      - https://management.azure.com/subscriptions/00000000-0000-0000-0000-000000000000/resourceGroups/cli_test_cosmosdb_sql_container000001/providers/Microsoft.DocumentDB/databaseAccounts/cli000004/operationResults/f651a008-7951-4f68-a47a-5a4b3f1ada03?api-version=2020-03-01
      pragma:
      - no-cache
      server:
      - Microsoft-HTTPAPI/2.0
      strict-transport-security:
      - max-age=31536000; includeSubDomains
      transfer-encoding:
      - chunked
      vary:
      - Accept-Encoding
      x-content-type-options:
      - nosniff
      x-ms-gatewayversion:
      - version=2.11.0
      x-ms-ratelimit-remaining-subscription-writes:
      - '1198'
    status:
      code: 200
      message: Ok
- request:
    body: null
    headers:
      Accept:
      - application/json
      Accept-Encoding:
      - gzip, deflate
      CommandName:
      - cosmosdb create
      Connection:
      - keep-alive
      ParameterSetName:
      - -n -g
      User-Agent:
      - python/3.8.2 (Windows-10-10.0.18362-SP0) msrest/0.6.11 msrest_azure/0.6.3
        azure-mgmt-cosmosdb/0.14.0 Azure-SDK-For-Python AZURECLI/2.6.0
    method: GET
    uri: https://management.azure.com/subscriptions/00000000-0000-0000-0000-000000000000/providers/Microsoft.DocumentDB/locations/westus/operationsStatus/f651a008-7951-4f68-a47a-5a4b3f1ada03?api-version=2020-03-01
  response:
    body:
      string: '{"status":"Dequeued"}'
    headers:
      cache-control:
      - no-store, no-cache
      content-length:
      - '21'
      content-location:
      - https://management.documents.azure.com:450/subscriptions/3901edbf-e5b3-4040-a565-13784a96c238/providers/Microsoft.DocumentDB/locations/westus/operationsStatus/f651a008-7951-4f68-a47a-5a4b3f1ada03?api-version=2020-03-01
      content-type:
      - application/json
      date:
      - Mon, 18 May 2020 20:36:18 GMT
      pragma:
      - no-cache
      server:
      - Microsoft-HTTPAPI/2.0
      strict-transport-security:
      - max-age=31536000; includeSubDomains
      transfer-encoding:
      - chunked
      vary:
      - Accept-Encoding
      x-content-type-options:
      - nosniff
      x-ms-gatewayversion:
      - version=2.11.0
    status:
      code: 200
      message: Ok
- request:
    body: null
    headers:
      Accept:
      - application/json
      Accept-Encoding:
      - gzip, deflate
      CommandName:
      - cosmosdb create
      Connection:
      - keep-alive
      ParameterSetName:
      - -n -g
      User-Agent:
      - python/3.8.2 (Windows-10-10.0.18362-SP0) msrest/0.6.11 msrest_azure/0.6.3
        azure-mgmt-cosmosdb/0.14.0 Azure-SDK-For-Python AZURECLI/2.6.0
    method: GET
    uri: https://management.azure.com/subscriptions/00000000-0000-0000-0000-000000000000/providers/Microsoft.DocumentDB/locations/westus/operationsStatus/f651a008-7951-4f68-a47a-5a4b3f1ada03?api-version=2020-03-01
  response:
    body:
      string: '{"status":"Dequeued"}'
    headers:
      cache-control:
      - no-store, no-cache
      content-length:
      - '21'
      content-location:
      - https://management.documents.azure.com:450/subscriptions/3901edbf-e5b3-4040-a565-13784a96c238/providers/Microsoft.DocumentDB/locations/westus/operationsStatus/f651a008-7951-4f68-a47a-5a4b3f1ada03?api-version=2020-03-01
      content-type:
      - application/json
      date:
      - Mon, 18 May 2020 20:36:48 GMT
      pragma:
      - no-cache
      server:
      - Microsoft-HTTPAPI/2.0
      strict-transport-security:
      - max-age=31536000; includeSubDomains
      transfer-encoding:
      - chunked
      vary:
      - Accept-Encoding
      x-content-type-options:
      - nosniff
      x-ms-gatewayversion:
      - version=2.11.0
    status:
      code: 200
      message: Ok
- request:
    body: null
    headers:
      Accept:
      - application/json
      Accept-Encoding:
      - gzip, deflate
      CommandName:
      - cosmosdb create
      Connection:
      - keep-alive
      ParameterSetName:
      - -n -g
      User-Agent:
      - python/3.8.2 (Windows-10-10.0.18362-SP0) msrest/0.6.11 msrest_azure/0.6.3
        azure-mgmt-cosmosdb/0.14.0 Azure-SDK-For-Python AZURECLI/2.6.0
    method: GET
    uri: https://management.azure.com/subscriptions/00000000-0000-0000-0000-000000000000/providers/Microsoft.DocumentDB/locations/westus/operationsStatus/f651a008-7951-4f68-a47a-5a4b3f1ada03?api-version=2020-03-01
  response:
    body:
      string: '{"status":"Dequeued"}'
    headers:
      cache-control:
      - no-store, no-cache
      content-length:
      - '21'
      content-location:
      - https://management.documents.azure.com:450/subscriptions/3901edbf-e5b3-4040-a565-13784a96c238/providers/Microsoft.DocumentDB/locations/westus/operationsStatus/f651a008-7951-4f68-a47a-5a4b3f1ada03?api-version=2020-03-01
      content-type:
      - application/json
      date:
      - Mon, 18 May 2020 20:37:19 GMT
      pragma:
      - no-cache
      server:
      - Microsoft-HTTPAPI/2.0
      strict-transport-security:
      - max-age=31536000; includeSubDomains
      transfer-encoding:
      - chunked
      vary:
      - Accept-Encoding
      x-content-type-options:
      - nosniff
      x-ms-gatewayversion:
      - version=2.11.0
    status:
      code: 200
      message: Ok
- request:
    body: null
    headers:
      Accept:
      - application/json
      Accept-Encoding:
      - gzip, deflate
      CommandName:
      - cosmosdb create
      Connection:
      - keep-alive
      ParameterSetName:
      - -n -g
      User-Agent:
      - python/3.8.2 (Windows-10-10.0.18362-SP0) msrest/0.6.11 msrest_azure/0.6.3
        azure-mgmt-cosmosdb/0.14.0 Azure-SDK-For-Python AZURECLI/2.6.0
    method: GET
    uri: https://management.azure.com/subscriptions/00000000-0000-0000-0000-000000000000/providers/Microsoft.DocumentDB/locations/westus/operationsStatus/f651a008-7951-4f68-a47a-5a4b3f1ada03?api-version=2020-03-01
  response:
    body:
      string: '{"status":"Dequeued"}'
    headers:
      cache-control:
      - no-store, no-cache
      content-length:
      - '21'
      content-location:
      - https://management.documents.azure.com:450/subscriptions/3901edbf-e5b3-4040-a565-13784a96c238/providers/Microsoft.DocumentDB/locations/westus/operationsStatus/f651a008-7951-4f68-a47a-5a4b3f1ada03?api-version=2020-03-01
      content-type:
      - application/json
      date:
      - Mon, 18 May 2020 20:37:49 GMT
      pragma:
      - no-cache
      server:
      - Microsoft-HTTPAPI/2.0
      strict-transport-security:
      - max-age=31536000; includeSubDomains
      transfer-encoding:
      - chunked
      vary:
      - Accept-Encoding
      x-content-type-options:
      - nosniff
      x-ms-gatewayversion:
      - version=2.11.0
    status:
      code: 200
      message: Ok
- request:
    body: null
    headers:
      Accept:
      - application/json
      Accept-Encoding:
      - gzip, deflate
      CommandName:
      - cosmosdb create
      Connection:
      - keep-alive
      ParameterSetName:
      - -n -g
      User-Agent:
      - python/3.8.2 (Windows-10-10.0.18362-SP0) msrest/0.6.11 msrest_azure/0.6.3
        azure-mgmt-cosmosdb/0.14.0 Azure-SDK-For-Python AZURECLI/2.6.0
    method: GET
    uri: https://management.azure.com/subscriptions/00000000-0000-0000-0000-000000000000/providers/Microsoft.DocumentDB/locations/westus/operationsStatus/f651a008-7951-4f68-a47a-5a4b3f1ada03?api-version=2020-03-01
  response:
    body:
      string: '{"status":"Dequeued"}'
    headers:
      cache-control:
      - no-store, no-cache
      content-length:
      - '21'
      content-location:
      - https://management.documents.azure.com:450/subscriptions/3901edbf-e5b3-4040-a565-13784a96c238/providers/Microsoft.DocumentDB/locations/westus/operationsStatus/f651a008-7951-4f68-a47a-5a4b3f1ada03?api-version=2020-03-01
      content-type:
      - application/json
      date:
      - Mon, 18 May 2020 20:38:19 GMT
      pragma:
      - no-cache
      server:
      - Microsoft-HTTPAPI/2.0
      strict-transport-security:
      - max-age=31536000; includeSubDomains
      transfer-encoding:
      - chunked
      vary:
      - Accept-Encoding
      x-content-type-options:
      - nosniff
      x-ms-gatewayversion:
      - version=2.11.0
    status:
      code: 200
      message: Ok
- request:
    body: null
    headers:
      Accept:
      - application/json
      Accept-Encoding:
      - gzip, deflate
      CommandName:
      - cosmosdb create
      Connection:
      - keep-alive
      ParameterSetName:
      - -n -g
      User-Agent:
      - python/3.8.2 (Windows-10-10.0.18362-SP0) msrest/0.6.11 msrest_azure/0.6.3
        azure-mgmt-cosmosdb/0.14.0 Azure-SDK-For-Python AZURECLI/2.6.0
    method: GET
    uri: https://management.azure.com/subscriptions/00000000-0000-0000-0000-000000000000/providers/Microsoft.DocumentDB/locations/westus/operationsStatus/f651a008-7951-4f68-a47a-5a4b3f1ada03?api-version=2020-03-01
  response:
    body:
      string: '{"status":"Dequeued"}'
    headers:
      cache-control:
      - no-store, no-cache
      content-length:
      - '21'
      content-location:
      - https://management.documents.azure.com:450/subscriptions/3901edbf-e5b3-4040-a565-13784a96c238/providers/Microsoft.DocumentDB/locations/westus/operationsStatus/f651a008-7951-4f68-a47a-5a4b3f1ada03?api-version=2020-03-01
      content-type:
      - application/json
      date:
      - Mon, 18 May 2020 20:38:49 GMT
      pragma:
      - no-cache
      server:
      - Microsoft-HTTPAPI/2.0
      strict-transport-security:
      - max-age=31536000; includeSubDomains
      transfer-encoding:
      - chunked
      vary:
      - Accept-Encoding
      x-content-type-options:
      - nosniff
      x-ms-gatewayversion:
      - version=2.11.0
    status:
      code: 200
      message: Ok
- request:
    body: null
    headers:
      Accept:
      - application/json
      Accept-Encoding:
      - gzip, deflate
      CommandName:
      - cosmosdb create
      Connection:
      - keep-alive
      ParameterSetName:
      - -n -g
      User-Agent:
      - python/3.8.2 (Windows-10-10.0.18362-SP0) msrest/0.6.11 msrest_azure/0.6.3
        azure-mgmt-cosmosdb/0.14.0 Azure-SDK-For-Python AZURECLI/2.6.0
    method: GET
    uri: https://management.azure.com/subscriptions/00000000-0000-0000-0000-000000000000/providers/Microsoft.DocumentDB/locations/westus/operationsStatus/f651a008-7951-4f68-a47a-5a4b3f1ada03?api-version=2020-03-01
  response:
    body:
      string: '{"status":"Dequeued"}'
    headers:
      cache-control:
      - no-store, no-cache
      content-length:
      - '21'
      content-location:
      - https://management.documents.azure.com:450/subscriptions/3901edbf-e5b3-4040-a565-13784a96c238/providers/Microsoft.DocumentDB/locations/westus/operationsStatus/f651a008-7951-4f68-a47a-5a4b3f1ada03?api-version=2020-03-01
      content-type:
      - application/json
      date:
      - Mon, 18 May 2020 20:39:19 GMT
      pragma:
      - no-cache
      server:
      - Microsoft-HTTPAPI/2.0
      strict-transport-security:
      - max-age=31536000; includeSubDomains
      transfer-encoding:
      - chunked
      vary:
      - Accept-Encoding
      x-content-type-options:
      - nosniff
      x-ms-gatewayversion:
      - version=2.11.0
    status:
      code: 200
      message: Ok
- request:
    body: null
    headers:
      Accept:
      - application/json
      Accept-Encoding:
      - gzip, deflate
      CommandName:
      - cosmosdb create
      Connection:
      - keep-alive
      ParameterSetName:
      - -n -g
      User-Agent:
      - python/3.8.2 (Windows-10-10.0.18362-SP0) msrest/0.6.11 msrest_azure/0.6.3
        azure-mgmt-cosmosdb/0.14.0 Azure-SDK-For-Python AZURECLI/2.6.0
    method: GET
    uri: https://management.azure.com/subscriptions/00000000-0000-0000-0000-000000000000/providers/Microsoft.DocumentDB/locations/westus/operationsStatus/f651a008-7951-4f68-a47a-5a4b3f1ada03?api-version=2020-03-01
  response:
    body:
      string: '{"status":"Dequeued"}'
    headers:
      cache-control:
      - no-store, no-cache
      content-length:
      - '21'
      content-location:
      - https://management.documents.azure.com:450/subscriptions/3901edbf-e5b3-4040-a565-13784a96c238/providers/Microsoft.DocumentDB/locations/westus/operationsStatus/f651a008-7951-4f68-a47a-5a4b3f1ada03?api-version=2020-03-01
      content-type:
      - application/json
      date:
      - Mon, 18 May 2020 20:39:50 GMT
      pragma:
      - no-cache
      server:
      - Microsoft-HTTPAPI/2.0
      strict-transport-security:
      - max-age=31536000; includeSubDomains
      transfer-encoding:
      - chunked
      vary:
      - Accept-Encoding
      x-content-type-options:
      - nosniff
      x-ms-gatewayversion:
      - version=2.11.0
    status:
      code: 200
      message: Ok
- request:
    body: null
    headers:
      Accept:
      - application/json
      Accept-Encoding:
      - gzip, deflate
      CommandName:
      - cosmosdb create
      Connection:
      - keep-alive
      ParameterSetName:
      - -n -g
      User-Agent:
      - python/3.8.2 (Windows-10-10.0.18362-SP0) msrest/0.6.11 msrest_azure/0.6.3
        azure-mgmt-cosmosdb/0.14.0 Azure-SDK-For-Python AZURECLI/2.6.0
    method: GET
    uri: https://management.azure.com/subscriptions/00000000-0000-0000-0000-000000000000/providers/Microsoft.DocumentDB/locations/westus/operationsStatus/f651a008-7951-4f68-a47a-5a4b3f1ada03?api-version=2020-03-01
  response:
    body:
      string: '{"status":"Dequeued"}'
    headers:
      cache-control:
      - no-store, no-cache
      content-length:
      - '21'
      content-location:
      - https://management.documents.azure.com:450/subscriptions/3901edbf-e5b3-4040-a565-13784a96c238/providers/Microsoft.DocumentDB/locations/westus/operationsStatus/f651a008-7951-4f68-a47a-5a4b3f1ada03?api-version=2020-03-01
      content-type:
      - application/json
      date:
      - Mon, 18 May 2020 20:40:20 GMT
      pragma:
      - no-cache
      server:
      - Microsoft-HTTPAPI/2.0
      strict-transport-security:
      - max-age=31536000; includeSubDomains
      transfer-encoding:
      - chunked
      vary:
      - Accept-Encoding
      x-content-type-options:
      - nosniff
      x-ms-gatewayversion:
      - version=2.11.0
    status:
      code: 200
      message: Ok
- request:
    body: null
    headers:
      Accept:
      - application/json
      Accept-Encoding:
      - gzip, deflate
      CommandName:
      - cosmosdb create
      Connection:
      - keep-alive
      ParameterSetName:
      - -n -g
      User-Agent:
      - python/3.8.2 (Windows-10-10.0.18362-SP0) msrest/0.6.11 msrest_azure/0.6.3
        azure-mgmt-cosmosdb/0.14.0 Azure-SDK-For-Python AZURECLI/2.6.0
    method: GET
    uri: https://management.azure.com/subscriptions/00000000-0000-0000-0000-000000000000/providers/Microsoft.DocumentDB/locations/westus/operationsStatus/f651a008-7951-4f68-a47a-5a4b3f1ada03?api-version=2020-03-01
  response:
    body:
      string: '{"status":"Dequeued"}'
    headers:
      cache-control:
      - no-store, no-cache
      content-length:
      - '21'
      content-location:
      - https://management.documents.azure.com:450/subscriptions/3901edbf-e5b3-4040-a565-13784a96c238/providers/Microsoft.DocumentDB/locations/westus/operationsStatus/f651a008-7951-4f68-a47a-5a4b3f1ada03?api-version=2020-03-01
      content-type:
      - application/json
      date:
      - Mon, 18 May 2020 20:40:50 GMT
      pragma:
      - no-cache
      server:
      - Microsoft-HTTPAPI/2.0
      strict-transport-security:
      - max-age=31536000; includeSubDomains
      transfer-encoding:
      - chunked
      vary:
      - Accept-Encoding
      x-content-type-options:
      - nosniff
      x-ms-gatewayversion:
      - version=2.11.0
    status:
      code: 200
      message: Ok
- request:
    body: null
    headers:
      Accept:
      - application/json
      Accept-Encoding:
      - gzip, deflate
      CommandName:
      - cosmosdb create
      Connection:
      - keep-alive
      ParameterSetName:
      - -n -g
      User-Agent:
      - python/3.8.2 (Windows-10-10.0.18362-SP0) msrest/0.6.11 msrest_azure/0.6.3
        azure-mgmt-cosmosdb/0.14.0 Azure-SDK-For-Python AZURECLI/2.6.0
    method: GET
    uri: https://management.azure.com/subscriptions/00000000-0000-0000-0000-000000000000/providers/Microsoft.DocumentDB/locations/westus/operationsStatus/f651a008-7951-4f68-a47a-5a4b3f1ada03?api-version=2020-03-01
  response:
    body:
      string: '{"status":"Dequeued"}'
    headers:
      cache-control:
      - no-store, no-cache
      content-length:
      - '21'
      content-location:
      - https://management.documents.azure.com:450/subscriptions/3901edbf-e5b3-4040-a565-13784a96c238/providers/Microsoft.DocumentDB/locations/westus/operationsStatus/f651a008-7951-4f68-a47a-5a4b3f1ada03?api-version=2020-03-01
      content-type:
      - application/json
      date:
      - Mon, 18 May 2020 20:41:20 GMT
      pragma:
      - no-cache
      server:
      - Microsoft-HTTPAPI/2.0
      strict-transport-security:
      - max-age=31536000; includeSubDomains
      transfer-encoding:
      - chunked
      vary:
      - Accept-Encoding
      x-content-type-options:
      - nosniff
      x-ms-gatewayversion:
      - version=2.11.0
    status:
      code: 200
      message: Ok
- request:
    body: null
    headers:
      Accept:
      - application/json
      Accept-Encoding:
      - gzip, deflate
      CommandName:
      - cosmosdb create
      Connection:
      - keep-alive
      ParameterSetName:
      - -n -g
      User-Agent:
      - python/3.8.2 (Windows-10-10.0.18362-SP0) msrest/0.6.11 msrest_azure/0.6.3
        azure-mgmt-cosmosdb/0.14.0 Azure-SDK-For-Python AZURECLI/2.6.0
    method: GET
    uri: https://management.azure.com/subscriptions/00000000-0000-0000-0000-000000000000/providers/Microsoft.DocumentDB/locations/westus/operationsStatus/f651a008-7951-4f68-a47a-5a4b3f1ada03?api-version=2020-03-01
  response:
    body:
      string: '{"status":"Dequeued"}'
    headers:
      cache-control:
      - no-store, no-cache
      content-length:
      - '21'
      content-location:
      - https://management.documents.azure.com:450/subscriptions/3901edbf-e5b3-4040-a565-13784a96c238/providers/Microsoft.DocumentDB/locations/westus/operationsStatus/f651a008-7951-4f68-a47a-5a4b3f1ada03?api-version=2020-03-01
      content-type:
      - application/json
      date:
      - Mon, 18 May 2020 20:41:50 GMT
      pragma:
      - no-cache
      server:
      - Microsoft-HTTPAPI/2.0
      strict-transport-security:
      - max-age=31536000; includeSubDomains
      transfer-encoding:
      - chunked
      vary:
      - Accept-Encoding
      x-content-type-options:
      - nosniff
      x-ms-gatewayversion:
      - version=2.11.0
    status:
      code: 200
      message: Ok
- request:
    body: null
    headers:
      Accept:
      - application/json
      Accept-Encoding:
      - gzip, deflate
      CommandName:
      - cosmosdb create
      Connection:
      - keep-alive
      ParameterSetName:
      - -n -g
      User-Agent:
      - python/3.8.2 (Windows-10-10.0.18362-SP0) msrest/0.6.11 msrest_azure/0.6.3
        azure-mgmt-cosmosdb/0.14.0 Azure-SDK-For-Python AZURECLI/2.6.0
    method: GET
    uri: https://management.azure.com/subscriptions/00000000-0000-0000-0000-000000000000/providers/Microsoft.DocumentDB/locations/westus/operationsStatus/f651a008-7951-4f68-a47a-5a4b3f1ada03?api-version=2020-03-01
  response:
    body:
      string: '{"status":"Dequeued"}'
    headers:
      cache-control:
      - no-store, no-cache
      content-length:
      - '21'
      content-location:
      - https://management.documents.azure.com:450/subscriptions/3901edbf-e5b3-4040-a565-13784a96c238/providers/Microsoft.DocumentDB/locations/westus/operationsStatus/f651a008-7951-4f68-a47a-5a4b3f1ada03?api-version=2020-03-01
      content-type:
      - application/json
      date:
      - Mon, 18 May 2020 20:42:21 GMT
      pragma:
      - no-cache
      server:
      - Microsoft-HTTPAPI/2.0
      strict-transport-security:
      - max-age=31536000; includeSubDomains
      transfer-encoding:
      - chunked
      vary:
      - Accept-Encoding
      x-content-type-options:
      - nosniff
      x-ms-gatewayversion:
      - version=2.11.0
    status:
      code: 200
      message: Ok
- request:
    body: null
    headers:
      Accept:
      - application/json
      Accept-Encoding:
      - gzip, deflate
      CommandName:
      - cosmosdb create
      Connection:
      - keep-alive
      ParameterSetName:
      - -n -g
      User-Agent:
      - python/3.8.2 (Windows-10-10.0.18362-SP0) msrest/0.6.11 msrest_azure/0.6.3
        azure-mgmt-cosmosdb/0.14.0 Azure-SDK-For-Python AZURECLI/2.6.0
    method: GET
    uri: https://management.azure.com/subscriptions/00000000-0000-0000-0000-000000000000/providers/Microsoft.DocumentDB/locations/westus/operationsStatus/f651a008-7951-4f68-a47a-5a4b3f1ada03?api-version=2020-03-01
  response:
    body:
      string: '{"status":"Dequeued"}'
    headers:
      cache-control:
      - no-store, no-cache
      content-length:
      - '21'
      content-location:
      - https://management.documents.azure.com:450/subscriptions/3901edbf-e5b3-4040-a565-13784a96c238/providers/Microsoft.DocumentDB/locations/westus/operationsStatus/f651a008-7951-4f68-a47a-5a4b3f1ada03?api-version=2020-03-01
      content-type:
      - application/json
      date:
      - Mon, 18 May 2020 20:42:51 GMT
      pragma:
      - no-cache
      server:
      - Microsoft-HTTPAPI/2.0
      strict-transport-security:
      - max-age=31536000; includeSubDomains
      transfer-encoding:
      - chunked
      vary:
      - Accept-Encoding
      x-content-type-options:
      - nosniff
      x-ms-gatewayversion:
      - version=2.11.0
    status:
      code: 200
      message: Ok
- request:
    body: null
    headers:
      Accept:
      - application/json
      Accept-Encoding:
      - gzip, deflate
      CommandName:
      - cosmosdb create
      Connection:
      - keep-alive
      ParameterSetName:
      - -n -g
      User-Agent:
      - python/3.8.2 (Windows-10-10.0.18362-SP0) msrest/0.6.11 msrest_azure/0.6.3
        azure-mgmt-cosmosdb/0.14.0 Azure-SDK-For-Python AZURECLI/2.6.0
    method: GET
    uri: https://management.azure.com/subscriptions/00000000-0000-0000-0000-000000000000/providers/Microsoft.DocumentDB/locations/westus/operationsStatus/f651a008-7951-4f68-a47a-5a4b3f1ada03?api-version=2020-03-01
  response:
    body:
      string: '{"status":"Dequeued"}'
    headers:
      cache-control:
      - no-store, no-cache
      content-length:
      - '21'
      content-location:
      - https://management.documents.azure.com:450/subscriptions/3901edbf-e5b3-4040-a565-13784a96c238/providers/Microsoft.DocumentDB/locations/westus/operationsStatus/f651a008-7951-4f68-a47a-5a4b3f1ada03?api-version=2020-03-01
      content-type:
      - application/json
      date:
      - Mon, 18 May 2020 20:43:21 GMT
      pragma:
      - no-cache
      server:
      - Microsoft-HTTPAPI/2.0
      strict-transport-security:
      - max-age=31536000; includeSubDomains
      transfer-encoding:
      - chunked
      vary:
      - Accept-Encoding
      x-content-type-options:
      - nosniff
      x-ms-gatewayversion:
      - version=2.11.0
    status:
      code: 200
      message: Ok
- request:
    body: null
    headers:
      Accept:
      - application/json
      Accept-Encoding:
      - gzip, deflate
      CommandName:
      - cosmosdb create
      Connection:
      - keep-alive
      ParameterSetName:
      - -n -g
      User-Agent:
      - python/3.8.2 (Windows-10-10.0.18362-SP0) msrest/0.6.11 msrest_azure/0.6.3
        azure-mgmt-cosmosdb/0.14.0 Azure-SDK-For-Python AZURECLI/2.6.0
    method: GET
    uri: https://management.azure.com/subscriptions/00000000-0000-0000-0000-000000000000/providers/Microsoft.DocumentDB/locations/westus/operationsStatus/f651a008-7951-4f68-a47a-5a4b3f1ada03?api-version=2020-03-01
  response:
    body:
      string: '{"status":"Dequeued"}'
    headers:
      cache-control:
      - no-store, no-cache
      content-length:
      - '21'
      content-location:
      - https://management.documents.azure.com:450/subscriptions/3901edbf-e5b3-4040-a565-13784a96c238/providers/Microsoft.DocumentDB/locations/westus/operationsStatus/f651a008-7951-4f68-a47a-5a4b3f1ada03?api-version=2020-03-01
      content-type:
      - application/json
      date:
      - Mon, 18 May 2020 20:43:52 GMT
      pragma:
      - no-cache
      server:
      - Microsoft-HTTPAPI/2.0
      strict-transport-security:
      - max-age=31536000; includeSubDomains
      transfer-encoding:
      - chunked
      vary:
      - Accept-Encoding
      x-content-type-options:
      - nosniff
      x-ms-gatewayversion:
      - version=2.11.0
    status:
      code: 200
      message: Ok
- request:
    body: null
    headers:
      Accept:
      - application/json
      Accept-Encoding:
      - gzip, deflate
      CommandName:
      - cosmosdb create
      Connection:
      - keep-alive
      ParameterSetName:
      - -n -g
      User-Agent:
      - python/3.8.2 (Windows-10-10.0.18362-SP0) msrest/0.6.11 msrest_azure/0.6.3
        azure-mgmt-cosmosdb/0.14.0 Azure-SDK-For-Python AZURECLI/2.6.0
    method: GET
    uri: https://management.azure.com/subscriptions/00000000-0000-0000-0000-000000000000/providers/Microsoft.DocumentDB/locations/westus/operationsStatus/f651a008-7951-4f68-a47a-5a4b3f1ada03?api-version=2020-03-01
  response:
    body:
      string: '{"status":"Dequeued"}'
    headers:
      cache-control:
      - no-store, no-cache
      content-length:
      - '21'
      content-location:
      - https://management.documents.azure.com:450/subscriptions/3901edbf-e5b3-4040-a565-13784a96c238/providers/Microsoft.DocumentDB/locations/westus/operationsStatus/f651a008-7951-4f68-a47a-5a4b3f1ada03?api-version=2020-03-01
      content-type:
      - application/json
      date:
      - Mon, 18 May 2020 20:44:22 GMT
      pragma:
      - no-cache
      server:
      - Microsoft-HTTPAPI/2.0
      strict-transport-security:
      - max-age=31536000; includeSubDomains
      transfer-encoding:
      - chunked
      vary:
      - Accept-Encoding
      x-content-type-options:
      - nosniff
      x-ms-gatewayversion:
      - version=2.11.0
    status:
      code: 200
      message: Ok
- request:
    body: null
    headers:
      Accept:
      - application/json
      Accept-Encoding:
      - gzip, deflate
      CommandName:
      - cosmosdb create
      Connection:
      - keep-alive
      ParameterSetName:
      - -n -g
      User-Agent:
      - python/3.8.2 (Windows-10-10.0.18362-SP0) msrest/0.6.11 msrest_azure/0.6.3
        azure-mgmt-cosmosdb/0.14.0 Azure-SDK-For-Python AZURECLI/2.6.0
    method: GET
    uri: https://management.azure.com/subscriptions/00000000-0000-0000-0000-000000000000/providers/Microsoft.DocumentDB/locations/westus/operationsStatus/f651a008-7951-4f68-a47a-5a4b3f1ada03?api-version=2020-03-01
  response:
    body:
      string: '{"status":"Dequeued"}'
    headers:
      cache-control:
      - no-store, no-cache
      content-length:
      - '21'
      content-location:
      - https://management.documents.azure.com:450/subscriptions/3901edbf-e5b3-4040-a565-13784a96c238/providers/Microsoft.DocumentDB/locations/westus/operationsStatus/f651a008-7951-4f68-a47a-5a4b3f1ada03?api-version=2020-03-01
      content-type:
      - application/json
      date:
      - Mon, 18 May 2020 20:44:53 GMT
      pragma:
      - no-cache
      server:
      - Microsoft-HTTPAPI/2.0
      strict-transport-security:
      - max-age=31536000; includeSubDomains
      transfer-encoding:
      - chunked
      vary:
      - Accept-Encoding
      x-content-type-options:
      - nosniff
      x-ms-gatewayversion:
      - version=2.11.0
    status:
      code: 200
      message: Ok
- request:
    body: null
    headers:
      Accept:
      - application/json
      Accept-Encoding:
      - gzip, deflate
      CommandName:
      - cosmosdb create
      Connection:
      - keep-alive
      ParameterSetName:
      - -n -g
      User-Agent:
      - python/3.8.2 (Windows-10-10.0.18362-SP0) msrest/0.6.11 msrest_azure/0.6.3
        azure-mgmt-cosmosdb/0.14.0 Azure-SDK-For-Python AZURECLI/2.6.0
    method: GET
    uri: https://management.azure.com/subscriptions/00000000-0000-0000-0000-000000000000/providers/Microsoft.DocumentDB/locations/westus/operationsStatus/f651a008-7951-4f68-a47a-5a4b3f1ada03?api-version=2020-03-01
  response:
    body:
      string: '{"status":"Dequeued"}'
    headers:
      cache-control:
      - no-store, no-cache
      content-length:
      - '21'
      content-location:
      - https://management.documents.azure.com:450/subscriptions/3901edbf-e5b3-4040-a565-13784a96c238/providers/Microsoft.DocumentDB/locations/westus/operationsStatus/f651a008-7951-4f68-a47a-5a4b3f1ada03?api-version=2020-03-01
      content-type:
      - application/json
      date:
      - Mon, 18 May 2020 20:45:23 GMT
      pragma:
      - no-cache
      server:
      - Microsoft-HTTPAPI/2.0
      strict-transport-security:
      - max-age=31536000; includeSubDomains
      transfer-encoding:
      - chunked
      vary:
      - Accept-Encoding
      x-content-type-options:
      - nosniff
      x-ms-gatewayversion:
      - version=2.11.0
    status:
      code: 200
      message: Ok
- request:
    body: null
    headers:
      Accept:
      - application/json
      Accept-Encoding:
      - gzip, deflate
      CommandName:
      - cosmosdb create
      Connection:
      - keep-alive
      ParameterSetName:
      - -n -g
      User-Agent:
      - python/3.8.2 (Windows-10-10.0.18362-SP0) msrest/0.6.11 msrest_azure/0.6.3
        azure-mgmt-cosmosdb/0.14.0 Azure-SDK-For-Python AZURECLI/2.6.0
    method: GET
    uri: https://management.azure.com/subscriptions/00000000-0000-0000-0000-000000000000/providers/Microsoft.DocumentDB/locations/westus/operationsStatus/f651a008-7951-4f68-a47a-5a4b3f1ada03?api-version=2020-03-01
  response:
    body:
      string: '{"status":"Dequeued"}'
    headers:
      cache-control:
      - no-store, no-cache
      content-length:
      - '21'
      content-location:
      - https://management.documents.azure.com:450/subscriptions/3901edbf-e5b3-4040-a565-13784a96c238/providers/Microsoft.DocumentDB/locations/westus/operationsStatus/f651a008-7951-4f68-a47a-5a4b3f1ada03?api-version=2020-03-01
      content-type:
      - application/json
      date:
      - Mon, 18 May 2020 20:45:53 GMT
      pragma:
      - no-cache
      server:
      - Microsoft-HTTPAPI/2.0
      strict-transport-security:
      - max-age=31536000; includeSubDomains
      transfer-encoding:
      - chunked
      vary:
      - Accept-Encoding
      x-content-type-options:
      - nosniff
      x-ms-gatewayversion:
      - version=2.11.0
    status:
      code: 200
      message: Ok
- request:
    body: null
    headers:
      Accept:
      - application/json
      Accept-Encoding:
      - gzip, deflate
      CommandName:
      - cosmosdb create
      Connection:
      - keep-alive
      ParameterSetName:
      - -n -g
      User-Agent:
      - python/3.8.2 (Windows-10-10.0.18362-SP0) msrest/0.6.11 msrest_azure/0.6.3
        azure-mgmt-cosmosdb/0.14.0 Azure-SDK-For-Python AZURECLI/2.6.0
    method: GET
    uri: https://management.azure.com/subscriptions/00000000-0000-0000-0000-000000000000/providers/Microsoft.DocumentDB/locations/westus/operationsStatus/f651a008-7951-4f68-a47a-5a4b3f1ada03?api-version=2020-03-01
  response:
    body:
      string: '{"status":"Dequeued"}'
    headers:
      cache-control:
      - no-store, no-cache
      content-length:
      - '21'
      content-location:
      - https://management.documents.azure.com:450/subscriptions/3901edbf-e5b3-4040-a565-13784a96c238/providers/Microsoft.DocumentDB/locations/westus/operationsStatus/f651a008-7951-4f68-a47a-5a4b3f1ada03?api-version=2020-03-01
      content-type:
      - application/json
      date:
      - Mon, 18 May 2020 20:46:23 GMT
      pragma:
      - no-cache
      server:
      - Microsoft-HTTPAPI/2.0
      strict-transport-security:
      - max-age=31536000; includeSubDomains
      transfer-encoding:
      - chunked
      vary:
      - Accept-Encoding
      x-content-type-options:
      - nosniff
      x-ms-gatewayversion:
      - version=2.11.0
    status:
      code: 200
      message: Ok
- request:
    body: null
    headers:
      Accept:
      - application/json
      Accept-Encoding:
      - gzip, deflate
      CommandName:
      - cosmosdb create
      Connection:
      - keep-alive
      ParameterSetName:
      - -n -g
      User-Agent:
      - python/3.8.2 (Windows-10-10.0.18362-SP0) msrest/0.6.11 msrest_azure/0.6.3
        azure-mgmt-cosmosdb/0.14.0 Azure-SDK-For-Python AZURECLI/2.6.0
    method: GET
    uri: https://management.azure.com/subscriptions/00000000-0000-0000-0000-000000000000/providers/Microsoft.DocumentDB/locations/westus/operationsStatus/f651a008-7951-4f68-a47a-5a4b3f1ada03?api-version=2020-03-01
  response:
    body:
      string: '{"status":"Dequeued"}'
    headers:
      cache-control:
      - no-store, no-cache
      content-length:
      - '21'
      content-location:
      - https://management.documents.azure.com:450/subscriptions/3901edbf-e5b3-4040-a565-13784a96c238/providers/Microsoft.DocumentDB/locations/westus/operationsStatus/f651a008-7951-4f68-a47a-5a4b3f1ada03?api-version=2020-03-01
      content-type:
      - application/json
      date:
      - Mon, 18 May 2020 20:46:53 GMT
      pragma:
      - no-cache
      server:
      - Microsoft-HTTPAPI/2.0
      strict-transport-security:
      - max-age=31536000; includeSubDomains
      transfer-encoding:
      - chunked
      vary:
      - Accept-Encoding
      x-content-type-options:
      - nosniff
      x-ms-gatewayversion:
      - version=2.11.0
    status:
      code: 200
      message: Ok
- request:
    body: null
    headers:
      Accept:
      - application/json
      Accept-Encoding:
      - gzip, deflate
      CommandName:
      - cosmosdb create
      Connection:
      - keep-alive
      ParameterSetName:
      - -n -g
      User-Agent:
      - python/3.8.2 (Windows-10-10.0.18362-SP0) msrest/0.6.11 msrest_azure/0.6.3
        azure-mgmt-cosmosdb/0.14.0 Azure-SDK-For-Python AZURECLI/2.6.0
    method: GET
    uri: https://management.azure.com/subscriptions/00000000-0000-0000-0000-000000000000/providers/Microsoft.DocumentDB/locations/westus/operationsStatus/f651a008-7951-4f68-a47a-5a4b3f1ada03?api-version=2020-03-01
  response:
    body:
      string: '{"status":"Dequeued"}'
    headers:
      cache-control:
      - no-store, no-cache
      content-length:
      - '21'
      content-location:
      - https://management.documents.azure.com:450/subscriptions/3901edbf-e5b3-4040-a565-13784a96c238/providers/Microsoft.DocumentDB/locations/westus/operationsStatus/f651a008-7951-4f68-a47a-5a4b3f1ada03?api-version=2020-03-01
      content-type:
      - application/json
      date:
      - Mon, 18 May 2020 20:47:24 GMT
      pragma:
      - no-cache
      server:
      - Microsoft-HTTPAPI/2.0
      strict-transport-security:
      - max-age=31536000; includeSubDomains
      transfer-encoding:
      - chunked
      vary:
      - Accept-Encoding
      x-content-type-options:
      - nosniff
      x-ms-gatewayversion:
      - version=2.11.0
    status:
      code: 200
      message: Ok
- request:
    body: null
    headers:
      Accept:
      - application/json
      Accept-Encoding:
      - gzip, deflate
      CommandName:
      - cosmosdb create
      Connection:
      - keep-alive
      ParameterSetName:
      - -n -g
      User-Agent:
      - python/3.8.2 (Windows-10-10.0.18362-SP0) msrest/0.6.11 msrest_azure/0.6.3
        azure-mgmt-cosmosdb/0.14.0 Azure-SDK-For-Python AZURECLI/2.6.0
    method: GET
    uri: https://management.azure.com/subscriptions/00000000-0000-0000-0000-000000000000/providers/Microsoft.DocumentDB/locations/westus/operationsStatus/f651a008-7951-4f68-a47a-5a4b3f1ada03?api-version=2020-03-01
  response:
    body:
      string: '{"status":"Dequeued"}'
    headers:
      cache-control:
      - no-store, no-cache
      content-length:
      - '21'
      content-location:
      - https://management.documents.azure.com:450/subscriptions/3901edbf-e5b3-4040-a565-13784a96c238/providers/Microsoft.DocumentDB/locations/westus/operationsStatus/f651a008-7951-4f68-a47a-5a4b3f1ada03?api-version=2020-03-01
      content-type:
      - application/json
      date:
      - Mon, 18 May 2020 20:47:54 GMT
      pragma:
      - no-cache
      server:
      - Microsoft-HTTPAPI/2.0
      strict-transport-security:
      - max-age=31536000; includeSubDomains
      transfer-encoding:
      - chunked
      vary:
      - Accept-Encoding
      x-content-type-options:
      - nosniff
      x-ms-gatewayversion:
      - version=2.11.0
    status:
      code: 200
      message: Ok
- request:
    body: null
    headers:
      Accept:
      - application/json
      Accept-Encoding:
      - gzip, deflate
      CommandName:
      - cosmosdb create
      Connection:
      - keep-alive
      ParameterSetName:
      - -n -g
      User-Agent:
      - python/3.8.2 (Windows-10-10.0.18362-SP0) msrest/0.6.11 msrest_azure/0.6.3
        azure-mgmt-cosmosdb/0.14.0 Azure-SDK-For-Python AZURECLI/2.6.0
    method: GET
    uri: https://management.azure.com/subscriptions/00000000-0000-0000-0000-000000000000/providers/Microsoft.DocumentDB/locations/westus/operationsStatus/f651a008-7951-4f68-a47a-5a4b3f1ada03?api-version=2020-03-01
  response:
    body:
      string: '{"status":"Succeeded"}'
    headers:
      cache-control:
      - no-store, no-cache
      content-length:
      - '22'
      content-location:
      - https://management.documents.azure.com:450/subscriptions/3901edbf-e5b3-4040-a565-13784a96c238/providers/Microsoft.DocumentDB/locations/westus/operationsStatus/f651a008-7951-4f68-a47a-5a4b3f1ada03?api-version=2020-03-01
      content-type:
      - application/json
      date:
      - Mon, 18 May 2020 20:48:24 GMT
      pragma:
      - no-cache
      server:
      - Microsoft-HTTPAPI/2.0
      strict-transport-security:
      - max-age=31536000; includeSubDomains
      transfer-encoding:
      - chunked
      vary:
      - Accept-Encoding
      x-content-type-options:
      - nosniff
      x-ms-gatewayversion:
      - version=2.11.0
    status:
      code: 200
      message: Ok
- request:
    body: null
    headers:
      Accept:
      - application/json
      Accept-Encoding:
      - gzip, deflate
      CommandName:
      - cosmosdb create
      Connection:
      - keep-alive
      ParameterSetName:
      - -n -g
      User-Agent:
      - python/3.8.2 (Windows-10-10.0.18362-SP0) msrest/0.6.11 msrest_azure/0.6.3
        azure-mgmt-cosmosdb/0.14.0 Azure-SDK-For-Python AZURECLI/2.6.0
    method: GET
    uri: https://management.azure.com/subscriptions/00000000-0000-0000-0000-000000000000/resourceGroups/cli_test_cosmosdb_sql_container000001/providers/Microsoft.DocumentDB/databaseAccounts/cli000004?api-version=2020-03-01
  response:
    body:
      string: '{"id":"/subscriptions/00000000-0000-0000-0000-000000000000/resourceGroups/cli_test_cosmosdb_sql_container000001/providers/Microsoft.DocumentDB/databaseAccounts/cli000004","name":"cli000004","location":"West
        US","type":"Microsoft.DocumentDB/databaseAccounts","kind":"GlobalDocumentDB","tags":{},"properties":{"provisioningState":"Succeeded","documentEndpoint":"https://cli000004.documents.azure.com:443/","publicNetworkAccess":"Enabled","enableAutomaticFailover":false,"enableMultipleWriteLocations":false,"enablePartitionKeyMonitor":false,"isVirtualNetworkFilterEnabled":false,"virtualNetworkRules":[],"EnabledApiTypes":"Sql","disableKeyBasedMetadataWriteAccess":false,"enableFreeTier":false,"enableAnalyticalStorage":false,"databaseAccountOfferType":"Standard","ipRangeFilter":"","consistencyPolicy":{"defaultConsistencyLevel":"Session","maxIntervalInSeconds":5,"maxStalenessPrefix":100},"configurationOverrides":{},"writeLocations":[{"id":"cli000004-westus","locationName":"West
        US","documentEndpoint":"https://cli000004-westus.documents.azure.com:443/","provisioningState":"Succeeded","failoverPriority":0,"isZoneRedundant":false}],"readLocations":[{"id":"cli000004-westus","locationName":"West
        US","documentEndpoint":"https://cli000004-westus.documents.azure.com:443/","provisioningState":"Succeeded","failoverPriority":0,"isZoneRedundant":false}],"locations":[{"id":"cli000004-westus","locationName":"West
        US","documentEndpoint":"https://cli000004-westus.documents.azure.com:443/","provisioningState":"Succeeded","failoverPriority":0,"isZoneRedundant":false}],"failoverPolicies":[{"id":"cli000004-westus","locationName":"West
        US","failoverPriority":0}],"cors":[],"capabilities":[]}}'
    headers:
      cache-control:
      - no-store, no-cache
      content-length:
      - '1785'
      content-location:
      - https://management.documents.azure.com:450/subscriptions/3901edbf-e5b3-4040-a565-13784a96c238/resourceGroups/cli_test_cosmosdb_sql_containermolfgcy5sjzneucqyre7toyjtth73jcgol73elsb6t3r/providers/Microsoft.DocumentDB/databaseAccounts/clieqnxonu324op?api-version=2020-03-01
      content-type:
      - application/json
      date:
      - Mon, 18 May 2020 20:48:24 GMT
      pragma:
      - no-cache
      server:
      - Microsoft-HTTPAPI/2.0
      strict-transport-security:
      - max-age=31536000; includeSubDomains
      transfer-encoding:
      - chunked
      vary:
      - Accept-Encoding
      x-content-type-options:
      - nosniff
      x-ms-gatewayversion:
      - version=2.11.0
    status:
      code: 200
      message: Ok
- request:
    body: null
    headers:
      Accept:
      - application/json
      Accept-Encoding:
      - gzip, deflate
      CommandName:
      - cosmosdb create
      Connection:
      - keep-alive
      ParameterSetName:
      - -n -g
      User-Agent:
      - python/3.8.2 (Windows-10-10.0.18362-SP0) msrest/0.6.11 msrest_azure/0.6.3
        azure-mgmt-cosmosdb/0.14.0 Azure-SDK-For-Python AZURECLI/2.6.0
      accept-language:
      - en-US
    method: GET
    uri: https://management.azure.com/subscriptions/00000000-0000-0000-0000-000000000000/resourceGroups/cli_test_cosmosdb_sql_container000001/providers/Microsoft.DocumentDB/databaseAccounts/cli000004?api-version=2020-03-01
  response:
    body:
      string: '{"id":"/subscriptions/00000000-0000-0000-0000-000000000000/resourceGroups/cli_test_cosmosdb_sql_container000001/providers/Microsoft.DocumentDB/databaseAccounts/cli000004","name":"cli000004","location":"West
        US","type":"Microsoft.DocumentDB/databaseAccounts","kind":"GlobalDocumentDB","tags":{},"properties":{"provisioningState":"Succeeded","documentEndpoint":"https://cli000004.documents.azure.com:443/","publicNetworkAccess":"Enabled","enableAutomaticFailover":false,"enableMultipleWriteLocations":false,"enablePartitionKeyMonitor":false,"isVirtualNetworkFilterEnabled":false,"virtualNetworkRules":[],"EnabledApiTypes":"Sql","disableKeyBasedMetadataWriteAccess":false,"enableFreeTier":false,"enableAnalyticalStorage":false,"databaseAccountOfferType":"Standard","ipRangeFilter":"","consistencyPolicy":{"defaultConsistencyLevel":"Session","maxIntervalInSeconds":5,"maxStalenessPrefix":100},"configurationOverrides":{},"writeLocations":[{"id":"cli000004-westus","locationName":"West
        US","documentEndpoint":"https://cli000004-westus.documents.azure.com:443/","provisioningState":"Succeeded","failoverPriority":0,"isZoneRedundant":false}],"readLocations":[{"id":"cli000004-westus","locationName":"West
        US","documentEndpoint":"https://cli000004-westus.documents.azure.com:443/","provisioningState":"Succeeded","failoverPriority":0,"isZoneRedundant":false}],"locations":[{"id":"cli000004-westus","locationName":"West
        US","documentEndpoint":"https://cli000004-westus.documents.azure.com:443/","provisioningState":"Succeeded","failoverPriority":0,"isZoneRedundant":false}],"failoverPolicies":[{"id":"cli000004-westus","locationName":"West
        US","failoverPriority":0}],"cors":[],"capabilities":[]}}'
    headers:
      cache-control:
      - no-store, no-cache
      content-length:
      - '1785'
      content-location:
      - https://management.documents.azure.com:450/subscriptions/3901edbf-e5b3-4040-a565-13784a96c238/resourceGroups/cli_test_cosmosdb_sql_containermolfgcy5sjzneucqyre7toyjtth73jcgol73elsb6t3r/providers/Microsoft.DocumentDB/databaseAccounts/clieqnxonu324op?api-version=2020-03-01
      content-type:
      - application/json
      date:
      - Mon, 18 May 2020 20:48:25 GMT
      pragma:
      - no-cache
      server:
      - Microsoft-HTTPAPI/2.0
      strict-transport-security:
      - max-age=31536000; includeSubDomains
      transfer-encoding:
      - chunked
      vary:
      - Accept-Encoding
      x-content-type-options:
      - nosniff
      x-ms-gatewayversion:
      - version=2.11.0
    status:
      code: 200
      message: Ok
- request:
    body: '{"properties": {"resource": {"id": "cli000002"}, "options": {}}}'
    headers:
      Accept:
      - application/json
      Accept-Encoding:
      - gzip, deflate
      CommandName:
      - cosmosdb sql database create
      Connection:
      - keep-alive
      Content-Length:
      - '70'
      Content-Type:
      - application/json; charset=utf-8
      ParameterSetName:
      - -g -a -n
      User-Agent:
      - python/3.8.2 (Windows-10-10.0.18362-SP0) msrest/0.6.11 msrest_azure/0.6.3
        azure-mgmt-cosmosdb/0.14.0 Azure-SDK-For-Python AZURECLI/2.6.0
      accept-language:
      - en-US
    method: PUT
    uri: https://management.azure.com/subscriptions/00000000-0000-0000-0000-000000000000/resourceGroups/cli_test_cosmosdb_sql_container000001/providers/Microsoft.DocumentDB/databaseAccounts/cli000004/sqlDatabases/cli000002?api-version=2020-03-01
  response:
    body:
      string: '{"status":"Enqueued"}'
    headers:
      azure-asyncoperation:
      - https://management.azure.com/subscriptions/00000000-0000-0000-0000-000000000000/providers/Microsoft.DocumentDB/locations/westus/operationsStatus/8b80248e-27c1-4f13-ac6a-3d518d356261?api-version=2020-03-01
      cache-control:
      - no-store, no-cache
      content-length:
      - '21'
      content-location:
      - https://management.documents.azure.com:450/subscriptions/3901edbf-e5b3-4040-a565-13784a96c238/resourceGroups/cli_test_cosmosdb_sql_containermolfgcy5sjzneucqyre7toyjtth73jcgol73elsb6t3r/providers/Microsoft.DocumentDB/databaseAccounts/clieqnxonu324op/sqlDatabases/clixtl2hod6xadi?api-version=2020-03-01
      content-type:
      - application/json
      date:
      - Mon, 18 May 2020 20:48:26 GMT
      location:
      - https://management.azure.com/subscriptions/00000000-0000-0000-0000-000000000000/resourceGroups/cli_test_cosmosdb_sql_container000001/providers/Microsoft.DocumentDB/databaseAccounts/cli000004/sqlDatabases/cli000002/operationResults/8b80248e-27c1-4f13-ac6a-3d518d356261?api-version=2020-03-01
      pragma:
      - no-cache
      server:
      - Microsoft-HTTPAPI/2.0
      strict-transport-security:
      - max-age=31536000; includeSubDomains
      x-content-type-options:
      - nosniff
      x-ms-gatewayversion:
      - version=2.11.0
      x-ms-ratelimit-remaining-subscription-writes:
      - '1195'
    status:
      code: 202
      message: Accepted
- request:
    body: null
    headers:
      Accept:
      - application/json
      Accept-Encoding:
      - gzip, deflate
      CommandName:
      - cosmosdb sql database create
      Connection:
      - keep-alive
      ParameterSetName:
      - -g -a -n
      User-Agent:
      - python/3.8.2 (Windows-10-10.0.18362-SP0) msrest/0.6.11 msrest_azure/0.6.3
        azure-mgmt-cosmosdb/0.14.0 Azure-SDK-For-Python AZURECLI/2.6.0
    method: GET
    uri: https://management.azure.com/subscriptions/00000000-0000-0000-0000-000000000000/providers/Microsoft.DocumentDB/locations/westus/operationsStatus/8b80248e-27c1-4f13-ac6a-3d518d356261?api-version=2020-03-01
  response:
    body:
      string: '{"status":"Succeeded"}'
    headers:
      cache-control:
      - no-store, no-cache
      content-length:
      - '22'
      content-location:
      - https://management.documents.azure.com:450/subscriptions/3901edbf-e5b3-4040-a565-13784a96c238/providers/Microsoft.DocumentDB/locations/westus/operationsStatus/8b80248e-27c1-4f13-ac6a-3d518d356261?api-version=2020-03-01
      content-type:
      - application/json
      date:
      - Mon, 18 May 2020 20:48:56 GMT
      pragma:
      - no-cache
      server:
      - Microsoft-HTTPAPI/2.0
      strict-transport-security:
      - max-age=31536000; includeSubDomains
      transfer-encoding:
      - chunked
      vary:
      - Accept-Encoding
      x-content-type-options:
      - nosniff
      x-ms-gatewayversion:
      - version=2.11.0
    status:
      code: 200
      message: Ok
- request:
    body: null
    headers:
      Accept:
      - application/json
      Accept-Encoding:
      - gzip, deflate
      CommandName:
      - cosmosdb sql database create
      Connection:
      - keep-alive
      ParameterSetName:
      - -g -a -n
      User-Agent:
      - python/3.8.2 (Windows-10-10.0.18362-SP0) msrest/0.6.11 msrest_azure/0.6.3
        azure-mgmt-cosmosdb/0.14.0 Azure-SDK-For-Python AZURECLI/2.6.0
    method: GET
    uri: https://management.azure.com/subscriptions/00000000-0000-0000-0000-000000000000/resourceGroups/cli_test_cosmosdb_sql_container000001/providers/Microsoft.DocumentDB/databaseAccounts/cli000004/sqlDatabases/cli000002?api-version=2020-03-01
  response:
    body:
      string: '{"id":"/subscriptions/00000000-0000-0000-0000-000000000000/resourceGroups/cli_test_cosmosdb_sql_container000001/providers/Microsoft.DocumentDB/databaseAccounts/cli000004/sqlDatabases/cli000002","type":"Microsoft.DocumentDB/databaseAccounts/sqlDatabases","name":"cli000002","properties":{"resource":{"id":"cli000002","_rid":"8tUMAA==","_self":"dbs/8tUMAA==/","_etag":"\"0000e101-0000-0700-0000-5ec2f49f0000\"","_colls":"colls/","_users":"users/","_ts":1589834911}}}'
    headers:
      cache-control:
      - no-store, no-cache
      content-length:
      - '526'
      content-location:
      - https://management.documents.azure.com:450/subscriptions/3901edbf-e5b3-4040-a565-13784a96c238/resourceGroups/cli_test_cosmosdb_sql_containermolfgcy5sjzneucqyre7toyjtth73jcgol73elsb6t3r/providers/Microsoft.DocumentDB/databaseAccounts/clieqnxonu324op/sqlDatabases/clixtl2hod6xadi?api-version=2020-03-01
      content-type:
      - application/json
      date:
      - Mon, 18 May 2020 20:48:57 GMT
      pragma:
      - no-cache
      server:
      - Microsoft-HTTPAPI/2.0
      strict-transport-security:
      - max-age=31536000; includeSubDomains
      transfer-encoding:
      - chunked
      vary:
      - Accept-Encoding
      x-content-type-options:
      - nosniff
      x-ms-gatewayversion:
      - version=2.11.0
    status:
      code: 200
      message: Ok
- request:
    body: null
    headers:
      Accept:
      - application/json
      Accept-Encoding:
      - gzip, deflate
      CommandName:
      - cosmosdb sql container exists
      Connection:
      - keep-alive
      ParameterSetName:
      - -g -a -d -n
      User-Agent:
      - python/3.8.2 (Windows-10-10.0.18362-SP0) msrest/0.6.11 msrest_azure/0.6.3
        azure-mgmt-cosmosdb/0.14.0 Azure-SDK-For-Python AZURECLI/2.6.0
      accept-language:
      - en-US
    method: GET
    uri: https://management.azure.com/subscriptions/00000000-0000-0000-0000-000000000000/resourceGroups/cli_test_cosmosdb_sql_container000001/providers/Microsoft.DocumentDB/databaseAccounts/cli000004/sqlDatabases/cli000002/containers/cli000003?api-version=2020-03-01
  response:
    body:
      string: '{"code":"NotFound","message":"Message: {\"code\":\"NotFound\",\"message\":\"Message:
        {\\\"Errors\\\":[\\\"Resource Not Found\\\"]}\\r\\nActivityId: febcf3ee-9948-11ea-819b-a08cfdd714a6,
        Request URI: /apps/dfa86e4f-e36f-4777-bf04-10deb7ba35f5/services/0d297db7-3e86-4be2-9e77-27af315e3baa/partitions/7db3985f-6a56-4875-bf35-3ba25a1eada2/replicas/132342908113063748s,
        RequestStats: \\r\\nRequestStartTime: 2020-05-18T20:48:59.0369108Z, RequestEndTime:
        2020-05-18T20:48:59.0369108Z,  Number of regions attempted:1\\r\\nResponseTime:
        2020-05-18T20:48:59.0369108Z, StoreResult: StorePhysicalAddress: rntbd://10.0.0.28:11000/apps/dfa86e4f-e36f-4777-bf04-10deb7ba35f5/services/0d297db7-3e86-4be2-9e77-27af315e3baa/partitions/7db3985f-6a56-4875-bf35-3ba25a1eada2/replicas/132342908113063748s,
        LSN: 5, GlobalCommittedLsn: 5, PartitionKeyRangeId: , IsValid: True, StatusCode:
        404, SubStatusCode: 0, RequestCharge: 1, ItemLSN: -1, SessionToken: -1#5,
        UsingLocalLSN: False, TransportException: null, ResourceType: Collection,
        OperationType: Read\\r\\nResponseTime: 2020-05-18T20:48:59.0369108Z, StoreResult:
        StorePhysicalAddress: rntbd://10.0.0.24:11000/apps/dfa86e4f-e36f-4777-bf04-10deb7ba35f5/services/0d297db7-3e86-4be2-9e77-27af315e3baa/partitions/7db3985f-6a56-4875-bf35-3ba25a1eada2/replicas/132342940350625010s,
        LSN: 5, GlobalCommittedLsn: 5, PartitionKeyRangeId: , IsValid: True, StatusCode:
        404, SubStatusCode: 0, RequestCharge: 1, ItemLSN: -1, SessionToken: -1#5,
        UsingLocalLSN: False, TransportException: null, ResourceType: Collection,
        OperationType: Read\\r\\n, SDK: Microsoft.Azure.Documents.Common/2.11.0\"},
        Request URI: /dbs/cli000002/colls/cli000003, RequestStats: , SDK: Microsoft.Azure.Documents.Common/2.11.0"}'
    headers:
      cache-control:
      - no-store, no-cache
      content-length:
      - '1732'
      content-location:
      - https://management.documents.azure.com:450/subscriptions/3901edbf-e5b3-4040-a565-13784a96c238/resourceGroups/cli_test_cosmosdb_sql_containermolfgcy5sjzneucqyre7toyjtth73jcgol73elsb6t3r/providers/Microsoft.DocumentDB/databaseAccounts/clieqnxonu324op/sqlDatabases/clixtl2hod6xadi/containers/clivmfpxk24nyz6?api-version=2020-03-01
      content-type:
      - application/json
      date:
      - Mon, 18 May 2020 20:48:58 GMT
      pragma:
      - no-cache
      server:
      - Microsoft-HTTPAPI/2.0
      strict-transport-security:
      - max-age=31536000; includeSubDomains
      x-content-type-options:
      - nosniff
      x-ms-gatewayversion:
      - version=2.11.0
    status:
      code: 404
      message: NotFound
- request:
    body: '{"properties": {"resource": {"id": "cli000003", "indexingPolicy": {"automatic":
      true, "indexingMode": "consistent", "includedPaths": [{"path": "/*"}], "excludedPaths":
      [{"path": "/headquarters/employees/?"}]}, "partitionKey": {"paths": ["/thePartitionKey"],
      "kind": "Hash"}, "defaultTtl": 1000, "uniqueKeyPolicy": {"uniqueKeys": [{"paths":
      ["/path/to/key1"]}, {"paths": ["/path/to/key2"]}]}, "conflictResolutionPolicy":
      {"mode": "lastWriterWins", "conflictResolutionPath": "/path"}}, "options": {}}}'
    headers:
      Accept:
      - application/json
      Accept-Encoding:
      - gzip, deflate
      CommandName:
      - cosmosdb sql container create
      Connection:
      - keep-alive
      Content-Length:
      - '505'
      Content-Type:
      - application/json; charset=utf-8
      ParameterSetName:
      - -g -a -d -n -p --ttl --unique-key-policy --conflict-resolution-policy --idx
      User-Agent:
      - python/3.8.2 (Windows-10-10.0.18362-SP0) msrest/0.6.11 msrest_azure/0.6.3
        azure-mgmt-cosmosdb/0.14.0 Azure-SDK-For-Python AZURECLI/2.6.0
      accept-language:
      - en-US
    method: PUT
    uri: https://management.azure.com/subscriptions/00000000-0000-0000-0000-000000000000/resourceGroups/cli_test_cosmosdb_sql_container000001/providers/Microsoft.DocumentDB/databaseAccounts/cli000004/sqlDatabases/cli000002/containers/cli000003?api-version=2020-03-01
  response:
    body:
      string: '{"status":"Enqueued"}'
    headers:
      azure-asyncoperation:
      - https://management.azure.com/subscriptions/00000000-0000-0000-0000-000000000000/providers/Microsoft.DocumentDB/locations/westus/operationsStatus/2b8c232b-62e7-431d-9fb7-ec049c0a09c6?api-version=2020-03-01
      cache-control:
      - no-store, no-cache
      content-length:
      - '21'
      content-location:
      - https://management.documents.azure.com:450/subscriptions/3901edbf-e5b3-4040-a565-13784a96c238/resourceGroups/cli_test_cosmosdb_sql_containermolfgcy5sjzneucqyre7toyjtth73jcgol73elsb6t3r/providers/Microsoft.DocumentDB/databaseAccounts/clieqnxonu324op/sqlDatabases/clixtl2hod6xadi/containers/clivmfpxk24nyz6?api-version=2020-03-01
      content-type:
      - application/json
      date:
      - Mon, 18 May 2020 20:48:59 GMT
      location:
      - https://management.azure.com/subscriptions/00000000-0000-0000-0000-000000000000/resourceGroups/cli_test_cosmosdb_sql_container000001/providers/Microsoft.DocumentDB/databaseAccounts/cli000004/sqlDatabases/cli000002/containers/cli000003/operationResults/2b8c232b-62e7-431d-9fb7-ec049c0a09c6?api-version=2020-03-01
      pragma:
      - no-cache
      server:
      - Microsoft-HTTPAPI/2.0
      strict-transport-security:
      - max-age=31536000; includeSubDomains
      x-content-type-options:
      - nosniff
      x-ms-gatewayversion:
      - version=2.11.0
      x-ms-ratelimit-remaining-subscription-writes:
      - '1199'
    status:
      code: 202
      message: Accepted
- request:
    body: null
    headers:
      Accept:
      - application/json
      Accept-Encoding:
      - gzip, deflate
      CommandName:
      - cosmosdb sql container create
      Connection:
      - keep-alive
      ParameterSetName:
      - -g -a -d -n -p --ttl --unique-key-policy --conflict-resolution-policy --idx
      User-Agent:
      - python/3.8.2 (Windows-10-10.0.18362-SP0) msrest/0.6.11 msrest_azure/0.6.3
        azure-mgmt-cosmosdb/0.14.0 Azure-SDK-For-Python AZURECLI/2.6.0
    method: GET
    uri: https://management.azure.com/subscriptions/00000000-0000-0000-0000-000000000000/providers/Microsoft.DocumentDB/locations/westus/operationsStatus/2b8c232b-62e7-431d-9fb7-ec049c0a09c6?api-version=2020-03-01
  response:
    body:
      string: '{"status":"Succeeded"}'
    headers:
      cache-control:
      - no-store, no-cache
      content-length:
      - '22'
      content-location:
      - https://management.documents.azure.com:450/subscriptions/3901edbf-e5b3-4040-a565-13784a96c238/providers/Microsoft.DocumentDB/locations/westus/operationsStatus/2b8c232b-62e7-431d-9fb7-ec049c0a09c6?api-version=2020-03-01
      content-type:
      - application/json
      date:
      - Mon, 18 May 2020 20:49:30 GMT
      pragma:
      - no-cache
      server:
      - Microsoft-HTTPAPI/2.0
      strict-transport-security:
      - max-age=31536000; includeSubDomains
      transfer-encoding:
      - chunked
      vary:
      - Accept-Encoding
      x-content-type-options:
      - nosniff
      x-ms-gatewayversion:
      - version=2.11.0
    status:
      code: 200
      message: Ok
- request:
    body: null
    headers:
      Accept:
      - application/json
      Accept-Encoding:
      - gzip, deflate
      CommandName:
      - cosmosdb sql container create
      Connection:
      - keep-alive
      ParameterSetName:
      - -g -a -d -n -p --ttl --unique-key-policy --conflict-resolution-policy --idx
      User-Agent:
      - python/3.8.2 (Windows-10-10.0.18362-SP0) msrest/0.6.11 msrest_azure/0.6.3
        azure-mgmt-cosmosdb/0.14.0 Azure-SDK-For-Python AZURECLI/2.6.0
    method: GET
    uri: https://management.azure.com/subscriptions/00000000-0000-0000-0000-000000000000/resourceGroups/cli_test_cosmosdb_sql_container000001/providers/Microsoft.DocumentDB/databaseAccounts/cli000004/sqlDatabases/cli000002/containers/cli000003?api-version=2020-03-01
  response:
    body:
      string: '{"id":"/subscriptions/00000000-0000-0000-0000-000000000000/resourceGroups/cli_test_cosmosdb_sql_container000001/providers/Microsoft.DocumentDB/databaseAccounts/cli000004/sqlDatabases/cli000002/containers/cli000003","type":"Microsoft.DocumentDB/databaseAccounts/sqlDatabases/containers","name":"cli000003","properties":{"resource":{"id":"cli000003","indexingPolicy":{"indexingMode":"consistent","automatic":true,"includedPaths":[{"path":"/*"}],"excludedPaths":[{"path":"/headquarters/employees/?"},{"path":"/\"_etag\"/?"}]},"partitionKey":{"paths":["/thePartitionKey"],"kind":"Hash"},"defaultTtl":1000,"uniqueKeyPolicy":{"uniqueKeys":[{"paths":["/path/to/key1"]},{"paths":["/path/to/key2"]}]},"conflictResolutionPolicy":{"mode":"lastWriterWins","conflictResolutionPath":"/path","conflictResolutionProcedure":""},"geospatialConfig":{"type":"Geography"},"_rid":"8tUMAK30OSQ=","_ts":1589834944,"_self":"dbs/8tUMAA==/colls/8tUMAK30OSQ=/","_etag":"\"0000e301-0000-0700-0000-5ec2f4c00000\"","_docs":"docs/","_sprocs":"sprocs/","_triggers":"triggers/","_udfs":"udfs/","_conflicts":"conflicts/","statistics":[{"id":"0","sizeInKB":0,"documentCount":0,"partitionKeys":[]}]}}}'
    headers:
      cache-control:
      - no-store, no-cache
      content-length:
      - '1232'
      content-location:
      - https://management.documents.azure.com:450/subscriptions/3901edbf-e5b3-4040-a565-13784a96c238/resourceGroups/cli_test_cosmosdb_sql_containermolfgcy5sjzneucqyre7toyjtth73jcgol73elsb6t3r/providers/Microsoft.DocumentDB/databaseAccounts/clieqnxonu324op/sqlDatabases/clixtl2hod6xadi/containers/clivmfpxk24nyz6?api-version=2020-03-01
      content-type:
      - application/json
      date:
      - Mon, 18 May 2020 20:49:31 GMT
      pragma:
      - no-cache
      server:
      - Microsoft-HTTPAPI/2.0
      strict-transport-security:
      - max-age=31536000; includeSubDomains
      transfer-encoding:
      - chunked
      vary:
      - Accept-Encoding
      x-content-type-options:
      - nosniff
      x-ms-gatewayversion:
      - version=2.11.0
    status:
      code: 200
      message: Ok
- request:
    body: null
    headers:
      Accept:
      - application/json
      Accept-Encoding:
      - gzip, deflate
      CommandName:
      - cosmosdb sql container update
      Connection:
      - keep-alive
      ParameterSetName:
      - -g -a -d -n --ttl
      User-Agent:
      - python/3.8.2 (Windows-10-10.0.18362-SP0) msrest/0.6.11 msrest_azure/0.6.3
        azure-mgmt-cosmosdb/0.14.0 Azure-SDK-For-Python AZURECLI/2.6.0
      accept-language:
      - en-US
    method: GET
    uri: https://management.azure.com/subscriptions/00000000-0000-0000-0000-000000000000/resourceGroups/cli_test_cosmosdb_sql_container000001/providers/Microsoft.DocumentDB/databaseAccounts/cli000004/sqlDatabases/cli000002/containers/cli000003?api-version=2020-03-01
  response:
    body:
      string: '{"id":"/subscriptions/00000000-0000-0000-0000-000000000000/resourceGroups/cli_test_cosmosdb_sql_container000001/providers/Microsoft.DocumentDB/databaseAccounts/cli000004/sqlDatabases/cli000002/containers/cli000003","type":"Microsoft.DocumentDB/databaseAccounts/sqlDatabases/containers","name":"cli000003","properties":{"resource":{"id":"cli000003","indexingPolicy":{"indexingMode":"consistent","automatic":true,"includedPaths":[{"path":"/*"}],"excludedPaths":[{"path":"/headquarters/employees/?"},{"path":"/\"_etag\"/?"}]},"partitionKey":{"paths":["/thePartitionKey"],"kind":"Hash"},"defaultTtl":1000,"uniqueKeyPolicy":{"uniqueKeys":[{"paths":["/path/to/key1"]},{"paths":["/path/to/key2"]}]},"conflictResolutionPolicy":{"mode":"lastWriterWins","conflictResolutionPath":"/path","conflictResolutionProcedure":""},"geospatialConfig":{"type":"Geography"},"_rid":"8tUMAK30OSQ=","_ts":1589834944,"_self":"dbs/8tUMAA==/colls/8tUMAK30OSQ=/","_etag":"\"0000e301-0000-0700-0000-5ec2f4c00000\"","_docs":"docs/","_sprocs":"sprocs/","_triggers":"triggers/","_udfs":"udfs/","_conflicts":"conflicts/","statistics":[{"id":"0","sizeInKB":0,"documentCount":0,"partitionKeys":[]}]}}}'
    headers:
      cache-control:
      - no-store, no-cache
      content-length:
      - '1232'
      content-location:
      - https://management.documents.azure.com:450/subscriptions/3901edbf-e5b3-4040-a565-13784a96c238/resourceGroups/cli_test_cosmosdb_sql_containermolfgcy5sjzneucqyre7toyjtth73jcgol73elsb6t3r/providers/Microsoft.DocumentDB/databaseAccounts/clieqnxonu324op/sqlDatabases/clixtl2hod6xadi/containers/clivmfpxk24nyz6?api-version=2020-03-01
      content-type:
      - application/json
      date:
      - Mon, 18 May 2020 20:49:32 GMT
      pragma:
      - no-cache
      server:
      - Microsoft-HTTPAPI/2.0
      strict-transport-security:
      - max-age=31536000; includeSubDomains
      transfer-encoding:
      - chunked
      vary:
      - Accept-Encoding
      x-content-type-options:
      - nosniff
      x-ms-gatewayversion:
      - version=2.11.0
    status:
      code: 200
      message: Ok
- request:
    body: '{"properties": {"resource": {"id": "cli000003", "indexingPolicy": {"automatic":
      true, "indexingMode": "consistent", "includedPaths": [{"path": "/*"}], "excludedPaths":
      [{"path": "/headquarters/employees/?"}, {"path": "/\"_etag\"/?"}]}, "partitionKey":
      {"paths": ["/thePartitionKey"], "kind": "Hash"}, "defaultTtl": 2000, "uniqueKeyPolicy":
      {"uniqueKeys": [{"paths": ["/path/to/key1"]}, {"paths": ["/path/to/key2"]}]},
      "conflictResolutionPolicy": {"mode": "lastWriterWins", "conflictResolutionPath":
      "/path", "conflictResolutionProcedure": ""}}, "options": {}}}'
    headers:
      Accept:
      - application/json
      Accept-Encoding:
      - gzip, deflate
      CommandName:
      - cosmosdb sql container update
      Connection:
      - keep-alive
      Content-Length:
      - '566'
      Content-Type:
      - application/json; charset=utf-8
      ParameterSetName:
      - -g -a -d -n --ttl
      User-Agent:
      - python/3.8.2 (Windows-10-10.0.18362-SP0) msrest/0.6.11 msrest_azure/0.6.3
        azure-mgmt-cosmosdb/0.14.0 Azure-SDK-For-Python AZURECLI/2.6.0
      accept-language:
      - en-US
    method: PUT
    uri: https://management.azure.com/subscriptions/00000000-0000-0000-0000-000000000000/resourceGroups/cli_test_cosmosdb_sql_container000001/providers/Microsoft.DocumentDB/databaseAccounts/cli000004/sqlDatabases/cli000002/containers/cli000003?api-version=2020-03-01
  response:
    body:
      string: '{"status":"Enqueued"}'
    headers:
      azure-asyncoperation:
      - https://management.azure.com/subscriptions/00000000-0000-0000-0000-000000000000/providers/Microsoft.DocumentDB/locations/westus/operationsStatus/89413c21-7baf-4ae8-90dd-2a20c9520a08?api-version=2020-03-01
      cache-control:
      - no-store, no-cache
      content-length:
      - '21'
      content-location:
      - https://management.documents.azure.com:450/subscriptions/3901edbf-e5b3-4040-a565-13784a96c238/resourceGroups/cli_test_cosmosdb_sql_containermolfgcy5sjzneucqyre7toyjtth73jcgol73elsb6t3r/providers/Microsoft.DocumentDB/databaseAccounts/clieqnxonu324op/sqlDatabases/clixtl2hod6xadi/containers/clivmfpxk24nyz6?api-version=2020-03-01
      content-type:
      - application/json
      date:
      - Mon, 18 May 2020 20:49:32 GMT
      location:
      - https://management.azure.com/subscriptions/00000000-0000-0000-0000-000000000000/resourceGroups/cli_test_cosmosdb_sql_container000001/providers/Microsoft.DocumentDB/databaseAccounts/cli000004/sqlDatabases/cli000002/containers/cli000003/operationResults/89413c21-7baf-4ae8-90dd-2a20c9520a08?api-version=2020-03-01
      pragma:
      - no-cache
      server:
      - Microsoft-HTTPAPI/2.0
      strict-transport-security:
      - max-age=31536000; includeSubDomains
      x-content-type-options:
      - nosniff
      x-ms-gatewayversion:
      - version=2.11.0
      x-ms-ratelimit-remaining-subscription-writes:
      - '1199'
    status:
      code: 202
      message: Accepted
- request:
    body: null
    headers:
      Accept:
      - application/json
      Accept-Encoding:
      - gzip, deflate
      CommandName:
      - cosmosdb sql container update
      Connection:
      - keep-alive
      ParameterSetName:
      - -g -a -d -n --ttl
      User-Agent:
      - python/3.8.2 (Windows-10-10.0.18362-SP0) msrest/0.6.11 msrest_azure/0.6.3
        azure-mgmt-cosmosdb/0.14.0 Azure-SDK-For-Python AZURECLI/2.6.0
    method: GET
    uri: https://management.azure.com/subscriptions/00000000-0000-0000-0000-000000000000/providers/Microsoft.DocumentDB/locations/westus/operationsStatus/89413c21-7baf-4ae8-90dd-2a20c9520a08?api-version=2020-03-01
  response:
    body:
      string: '{"status":"Succeeded"}'
    headers:
      cache-control:
      - no-store, no-cache
      content-length:
      - '22'
      content-location:
      - https://management.documents.azure.com:450/subscriptions/3901edbf-e5b3-4040-a565-13784a96c238/providers/Microsoft.DocumentDB/locations/westus/operationsStatus/89413c21-7baf-4ae8-90dd-2a20c9520a08?api-version=2020-03-01
      content-type:
      - application/json
      date:
      - Mon, 18 May 2020 20:50:03 GMT
      pragma:
      - no-cache
      server:
      - Microsoft-HTTPAPI/2.0
      strict-transport-security:
      - max-age=31536000; includeSubDomains
      transfer-encoding:
      - chunked
      vary:
      - Accept-Encoding
      x-content-type-options:
      - nosniff
      x-ms-gatewayversion:
      - version=2.11.0
    status:
      code: 200
      message: Ok
- request:
    body: null
    headers:
      Accept:
      - application/json
      Accept-Encoding:
      - gzip, deflate
      CommandName:
      - cosmosdb sql container update
      Connection:
      - keep-alive
      ParameterSetName:
      - -g -a -d -n --ttl
      User-Agent:
      - python/3.8.2 (Windows-10-10.0.18362-SP0) msrest/0.6.11 msrest_azure/0.6.3
        azure-mgmt-cosmosdb/0.14.0 Azure-SDK-For-Python AZURECLI/2.6.0
    method: GET
    uri: https://management.azure.com/subscriptions/00000000-0000-0000-0000-000000000000/resourceGroups/cli_test_cosmosdb_sql_container000001/providers/Microsoft.DocumentDB/databaseAccounts/cli000004/sqlDatabases/cli000002/containers/cli000003?api-version=2020-03-01
  response:
    body:
      string: '{"id":"/subscriptions/00000000-0000-0000-0000-000000000000/resourceGroups/cli_test_cosmosdb_sql_container000001/providers/Microsoft.DocumentDB/databaseAccounts/cli000004/sqlDatabases/cli000002/containers/cli000003","type":"Microsoft.DocumentDB/databaseAccounts/sqlDatabases/containers","name":"cli000003","properties":{"resource":{"id":"cli000003","indexingPolicy":{"indexingMode":"consistent","automatic":true,"includedPaths":[{"path":"/*"}],"excludedPaths":[{"path":"/headquarters/employees/?"},{"path":"/\"_etag\"/?"}]},"partitionKey":{"paths":["/thePartitionKey"],"kind":"Hash"},"defaultTtl":2000,"uniqueKeyPolicy":{"uniqueKeys":[{"paths":["/path/to/key1"]},{"paths":["/path/to/key2"]}]},"conflictResolutionPolicy":{"mode":"lastWriterWins","conflictResolutionPath":"/path","conflictResolutionProcedure":""},"geospatialConfig":{"type":"Geography"},"_rid":"8tUMAK30OSQ=","_ts":1589834977,"_self":"dbs/8tUMAA==/colls/8tUMAK30OSQ=/","_etag":"\"0000e801-0000-0700-0000-5ec2f4e10000\"","_docs":"docs/","_sprocs":"sprocs/","_triggers":"triggers/","_udfs":"udfs/","_conflicts":"conflicts/","statistics":[{"id":"0","sizeInKB":0,"documentCount":0,"partitionKeys":[]}]}}}'
    headers:
      cache-control:
      - no-store, no-cache
      content-length:
      - '1232'
      content-location:
      - https://management.documents.azure.com:450/subscriptions/3901edbf-e5b3-4040-a565-13784a96c238/resourceGroups/cli_test_cosmosdb_sql_containermolfgcy5sjzneucqyre7toyjtth73jcgol73elsb6t3r/providers/Microsoft.DocumentDB/databaseAccounts/clieqnxonu324op/sqlDatabases/clixtl2hod6xadi/containers/clivmfpxk24nyz6?api-version=2020-03-01
      content-type:
      - application/json
      date:
      - Mon, 18 May 2020 20:50:04 GMT
      pragma:
      - no-cache
      server:
      - Microsoft-HTTPAPI/2.0
      strict-transport-security:
      - max-age=31536000; includeSubDomains
      transfer-encoding:
      - chunked
      vary:
      - Accept-Encoding
      x-content-type-options:
      - nosniff
      x-ms-gatewayversion:
      - version=2.11.0
    status:
      code: 200
      message: Ok
- request:
    body: null
    headers:
      Accept:
      - application/json
      Accept-Encoding:
      - gzip, deflate
      CommandName:
      - cosmosdb sql container show
      Connection:
      - keep-alive
      ParameterSetName:
      - -g -a -d -n
      User-Agent:
      - python/3.8.2 (Windows-10-10.0.18362-SP0) msrest/0.6.11 msrest_azure/0.6.3
        azure-mgmt-cosmosdb/0.14.0 Azure-SDK-For-Python AZURECLI/2.6.0
      accept-language:
      - en-US
    method: GET
    uri: https://management.azure.com/subscriptions/00000000-0000-0000-0000-000000000000/resourceGroups/cli_test_cosmosdb_sql_container000001/providers/Microsoft.DocumentDB/databaseAccounts/cli000004/sqlDatabases/cli000002/containers/cli000003?api-version=2020-03-01
  response:
    body:
      string: '{"id":"/subscriptions/00000000-0000-0000-0000-000000000000/resourceGroups/cli_test_cosmosdb_sql_container000001/providers/Microsoft.DocumentDB/databaseAccounts/cli000004/sqlDatabases/cli000002/containers/cli000003","type":"Microsoft.DocumentDB/databaseAccounts/sqlDatabases/containers","name":"cli000003","properties":{"resource":{"id":"cli000003","indexingPolicy":{"indexingMode":"consistent","automatic":true,"includedPaths":[{"path":"/*"}],"excludedPaths":[{"path":"/headquarters/employees/?"},{"path":"/\"_etag\"/?"}]},"partitionKey":{"paths":["/thePartitionKey"],"kind":"Hash"},"defaultTtl":2000,"uniqueKeyPolicy":{"uniqueKeys":[{"paths":["/path/to/key1"]},{"paths":["/path/to/key2"]}]},"conflictResolutionPolicy":{"mode":"lastWriterWins","conflictResolutionPath":"/path","conflictResolutionProcedure":""},"geospatialConfig":{"type":"Geography"},"_rid":"8tUMAK30OSQ=","_ts":1589834977,"_self":"dbs/8tUMAA==/colls/8tUMAK30OSQ=/","_etag":"\"0000e801-0000-0700-0000-5ec2f4e10000\"","_docs":"docs/","_sprocs":"sprocs/","_triggers":"triggers/","_udfs":"udfs/","_conflicts":"conflicts/","statistics":[{"id":"0","sizeInKB":0,"documentCount":0,"partitionKeys":[]}]}}}'
    headers:
      cache-control:
      - no-store, no-cache
      content-length:
      - '1232'
      content-location:
      - https://management.documents.azure.com:450/subscriptions/3901edbf-e5b3-4040-a565-13784a96c238/resourceGroups/cli_test_cosmosdb_sql_containermolfgcy5sjzneucqyre7toyjtth73jcgol73elsb6t3r/providers/Microsoft.DocumentDB/databaseAccounts/clieqnxonu324op/sqlDatabases/clixtl2hod6xadi/containers/clivmfpxk24nyz6?api-version=2020-03-01
      content-type:
      - application/json
      date:
      - Mon, 18 May 2020 20:50:04 GMT
      pragma:
      - no-cache
      server:
      - Microsoft-HTTPAPI/2.0
      strict-transport-security:
      - max-age=31536000; includeSubDomains
      transfer-encoding:
      - chunked
      vary:
      - Accept-Encoding
      x-content-type-options:
      - nosniff
      x-ms-gatewayversion:
      - version=2.11.0
    status:
      code: 200
      message: Ok
- request:
    body: null
    headers:
      Accept:
      - application/json
      Accept-Encoding:
      - gzip, deflate
      CommandName:
      - cosmosdb sql container list
      Connection:
      - keep-alive
      ParameterSetName:
      - -g -a -d
      User-Agent:
      - python/3.8.2 (Windows-10-10.0.18362-SP0) msrest/0.6.11 msrest_azure/0.6.3
        azure-mgmt-cosmosdb/0.14.0 Azure-SDK-For-Python AZURECLI/2.6.0
      accept-language:
      - en-US
    method: GET
    uri: https://management.azure.com/subscriptions/00000000-0000-0000-0000-000000000000/resourceGroups/cli_test_cosmosdb_sql_container000001/providers/Microsoft.DocumentDB/databaseAccounts/cli000004/sqlDatabases/cli000002/containers?api-version=2020-03-01
  response:
    body:
      string: '{"value":[{"id":"/subscriptions/00000000-0000-0000-0000-000000000000/resourceGroups/cli_test_cosmosdb_sql_container000001/providers/Microsoft.DocumentDB/databaseAccounts/cli000004/sqlDatabases/cli000002/containers/cli000003","type":"Microsoft.DocumentDB/databaseAccounts/sqlDatabases/containers","name":"cli000003","properties":{"resource":{"id":"cli000003","indexingPolicy":{"indexingMode":"consistent","automatic":true,"includedPaths":[{"path":"/*"}],"excludedPaths":[{"path":"/headquarters/employees/?"},{"path":"/\"_etag\"/?"}]},"partitionKey":{"paths":["/thePartitionKey"],"kind":"Hash"},"defaultTtl":2000,"uniqueKeyPolicy":{"uniqueKeys":[{"paths":["/path/to/key1"]},{"paths":["/path/to/key2"]}]},"conflictResolutionPolicy":{"mode":"lastWriterWins","conflictResolutionPath":"/path","conflictResolutionProcedure":""},"geospatialConfig":{"type":"Geography"},"_rid":"8tUMAK30OSQ=","_ts":1589834977,"_self":"dbs/8tUMAA==/colls/8tUMAK30OSQ=/","_etag":"\"0000e801-0000-0700-0000-5ec2f4e10000\"","_docs":"docs/","_sprocs":"sprocs/","_triggers":"triggers/","_udfs":"udfs/","_conflicts":"conflicts/"}}}]}'
    headers:
      cache-control:
      - no-store, no-cache
      content-length:
      - '1168'
      content-location:
      - https://management.documents.azure.com:450/subscriptions/3901edbf-e5b3-4040-a565-13784a96c238/resourceGroups/cli_test_cosmosdb_sql_containermolfgcy5sjzneucqyre7toyjtth73jcgol73elsb6t3r/providers/Microsoft.DocumentDB/databaseAccounts/clieqnxonu324op/sqlDatabases/clixtl2hod6xadi/containers?api-version=2020-03-01
      content-type:
      - application/json
      date:
      - Mon, 18 May 2020 20:50:06 GMT
      pragma:
      - no-cache
      server:
      - Microsoft-HTTPAPI/2.0
      strict-transport-security:
      - max-age=31536000; includeSubDomains
      transfer-encoding:
      - chunked
      vary:
      - Accept-Encoding
      x-content-type-options:
      - nosniff
      x-ms-gatewayversion:
      - version=2.11.0
    status:
      code: 200
      message: Ok
- request:
    body: null
    headers:
      Accept:
      - application/json
      Accept-Encoding:
      - gzip, deflate
      CommandName:
      - cosmosdb sql container exists
      Connection:
      - keep-alive
      ParameterSetName:
      - -g -a -d -n
      User-Agent:
      - python/3.8.2 (Windows-10-10.0.18362-SP0) msrest/0.6.11 msrest_azure/0.6.3
        azure-mgmt-cosmosdb/0.14.0 Azure-SDK-For-Python AZURECLI/2.6.0
      accept-language:
      - en-US
    method: GET
    uri: https://management.azure.com/subscriptions/00000000-0000-0000-0000-000000000000/resourceGroups/cli_test_cosmosdb_sql_container000001/providers/Microsoft.DocumentDB/databaseAccounts/cli000004/sqlDatabases/cli000002/containers/cli000003?api-version=2020-03-01
  response:
    body:
      string: '{"id":"/subscriptions/00000000-0000-0000-0000-000000000000/resourceGroups/cli_test_cosmosdb_sql_container000001/providers/Microsoft.DocumentDB/databaseAccounts/cli000004/sqlDatabases/cli000002/containers/cli000003","type":"Microsoft.DocumentDB/databaseAccounts/sqlDatabases/containers","name":"cli000003","properties":{"resource":{"id":"cli000003","indexingPolicy":{"indexingMode":"consistent","automatic":true,"includedPaths":[{"path":"/*"}],"excludedPaths":[{"path":"/headquarters/employees/?"},{"path":"/\"_etag\"/?"}]},"partitionKey":{"paths":["/thePartitionKey"],"kind":"Hash"},"defaultTtl":2000,"uniqueKeyPolicy":{"uniqueKeys":[{"paths":["/path/to/key1"]},{"paths":["/path/to/key2"]}]},"conflictResolutionPolicy":{"mode":"lastWriterWins","conflictResolutionPath":"/path","conflictResolutionProcedure":""},"geospatialConfig":{"type":"Geography"},"_rid":"8tUMAK30OSQ=","_ts":1589834977,"_self":"dbs/8tUMAA==/colls/8tUMAK30OSQ=/","_etag":"\"0000e801-0000-0700-0000-5ec2f4e10000\"","_docs":"docs/","_sprocs":"sprocs/","_triggers":"triggers/","_udfs":"udfs/","_conflicts":"conflicts/","statistics":[{"id":"0","sizeInKB":0,"documentCount":0,"partitionKeys":[]}]}}}'
    headers:
      cache-control:
      - no-store, no-cache
      content-length:
      - '1232'
      content-location:
      - https://management.documents.azure.com:450/subscriptions/3901edbf-e5b3-4040-a565-13784a96c238/resourceGroups/cli_test_cosmosdb_sql_containermolfgcy5sjzneucqyre7toyjtth73jcgol73elsb6t3r/providers/Microsoft.DocumentDB/databaseAccounts/clieqnxonu324op/sqlDatabases/clixtl2hod6xadi/containers/clivmfpxk24nyz6?api-version=2020-03-01
      content-type:
      - application/json
      date:
      - Mon, 18 May 2020 20:50:07 GMT
      pragma:
      - no-cache
      server:
      - Microsoft-HTTPAPI/2.0
      strict-transport-security:
      - max-age=31536000; includeSubDomains
      transfer-encoding:
      - chunked
      vary:
      - Accept-Encoding
      x-content-type-options:
      - nosniff
      x-ms-gatewayversion:
      - version=2.11.0
    status:
      code: 200
      message: Ok
- request:
    body: null
    headers:
      Accept:
      - application/json
      Accept-Encoding:
      - gzip, deflate
      CommandName:
      - cosmosdb sql container delete
      Connection:
      - keep-alive
      Content-Length:
      - '0'
      ParameterSetName:
      - -g -a -d -n --yes
      User-Agent:
      - python/3.8.2 (Windows-10-10.0.18362-SP0) msrest/0.6.11 msrest_azure/0.6.3
        azure-mgmt-cosmosdb/0.14.0 Azure-SDK-For-Python AZURECLI/2.6.0
      accept-language:
      - en-US
    method: DELETE
    uri: https://management.azure.com/subscriptions/00000000-0000-0000-0000-000000000000/resourceGroups/cli_test_cosmosdb_sql_container000001/providers/Microsoft.DocumentDB/databaseAccounts/cli000004/sqlDatabases/cli000002/containers/cli000003?api-version=2020-03-01
  response:
    body:
      string: '{"status":"Enqueued"}'
    headers:
      azure-asyncoperation:
      - https://management.azure.com/subscriptions/00000000-0000-0000-0000-000000000000/providers/Microsoft.DocumentDB/locations/westus/operationsStatus/36d1df2a-e00c-4086-91e0-cfe309c138d1?api-version=2020-03-01
      cache-control:
      - no-store, no-cache
      content-length:
      - '21'
      content-location:
      - https://management.documents.azure.com:450/subscriptions/3901edbf-e5b3-4040-a565-13784a96c238/resourceGroups/cli_test_cosmosdb_sql_containermolfgcy5sjzneucqyre7toyjtth73jcgol73elsb6t3r/providers/Microsoft.DocumentDB/databaseAccounts/clieqnxonu324op/sqlDatabases/clixtl2hod6xadi/containers/clivmfpxk24nyz6?api-version=2020-03-01
      content-type:
      - application/json
      date:
      - Mon, 18 May 2020 20:50:08 GMT
      location:
      - https://management.azure.com/subscriptions/00000000-0000-0000-0000-000000000000/resourceGroups/cli_test_cosmosdb_sql_container000001/providers/Microsoft.DocumentDB/databaseAccounts/cli000004/sqlDatabases/cli000002/containers/cli000003/operationResults/36d1df2a-e00c-4086-91e0-cfe309c138d1?api-version=2020-03-01
      pragma:
      - no-cache
      server:
      - Microsoft-HTTPAPI/2.0
      strict-transport-security:
      - max-age=31536000; includeSubDomains
      x-content-type-options:
      - nosniff
      x-ms-gatewayversion:
      - version=2.11.0
      x-ms-ratelimit-remaining-subscription-deletes:
      - '14998'
    status:
      code: 202
      message: Accepted
- request:
    body: null
    headers:
      Accept:
      - application/json
      Accept-Encoding:
      - gzip, deflate
      CommandName:
      - cosmosdb sql container delete
      Connection:
      - keep-alive
      ParameterSetName:
      - -g -a -d -n --yes
      User-Agent:
      - python/3.8.2 (Windows-10-10.0.18362-SP0) msrest/0.6.11 msrest_azure/0.6.3
        azure-mgmt-cosmosdb/0.14.0 Azure-SDK-For-Python AZURECLI/2.6.0
    method: GET
    uri: https://management.azure.com/subscriptions/00000000-0000-0000-0000-000000000000/providers/Microsoft.DocumentDB/locations/westus/operationsStatus/36d1df2a-e00c-4086-91e0-cfe309c138d1?api-version=2020-03-01
  response:
    body:
      string: '{"status":"Succeeded"}'
    headers:
      cache-control:
      - no-store, no-cache
      content-length:
      - '22'
      content-location:
      - https://management.documents.azure.com:450/subscriptions/3901edbf-e5b3-4040-a565-13784a96c238/providers/Microsoft.DocumentDB/locations/westus/operationsStatus/36d1df2a-e00c-4086-91e0-cfe309c138d1?api-version=2020-03-01
      content-type:
      - application/json
      date:
      - Mon, 18 May 2020 20:50:38 GMT
      pragma:
      - no-cache
      server:
      - Microsoft-HTTPAPI/2.0
      strict-transport-security:
      - max-age=31536000; includeSubDomains
      transfer-encoding:
      - chunked
      vary:
      - Accept-Encoding
      x-content-type-options:
      - nosniff
      x-ms-gatewayversion:
      - version=2.11.0
    status:
      code: 200
      message: Ok
- request:
    body: null
    headers:
      Accept:
      - application/json
      Accept-Encoding:
      - gzip, deflate
      CommandName:
      - cosmosdb sql container list
      Connection:
      - keep-alive
      ParameterSetName:
      - -g -a -d
      User-Agent:
      - python/3.8.2 (Windows-10-10.0.18362-SP0) msrest/0.6.11 msrest_azure/0.6.3
        azure-mgmt-cosmosdb/0.14.0 Azure-SDK-For-Python AZURECLI/2.6.0
      accept-language:
      - en-US
    method: GET
    uri: https://management.azure.com/subscriptions/00000000-0000-0000-0000-000000000000/resourceGroups/cli_test_cosmosdb_sql_container000001/providers/Microsoft.DocumentDB/databaseAccounts/cli000004/sqlDatabases/cli000002/containers?api-version=2020-03-01
  response:
    body:
      string: '{"value":[]}'
    headers:
      cache-control:
      - no-store, no-cache
      content-length:
      - '12'
      content-location:
      - https://management.documents.azure.com:450/subscriptions/3901edbf-e5b3-4040-a565-13784a96c238/resourceGroups/cli_test_cosmosdb_sql_containermolfgcy5sjzneucqyre7toyjtth73jcgol73elsb6t3r/providers/Microsoft.DocumentDB/databaseAccounts/clieqnxonu324op/sqlDatabases/clixtl2hod6xadi/containers?api-version=2020-03-01
      content-type:
      - application/json
      date:
      - Mon, 18 May 2020 20:50:40 GMT
      pragma:
      - no-cache
      server:
      - Microsoft-HTTPAPI/2.0
      strict-transport-security:
      - max-age=31536000; includeSubDomains
      transfer-encoding:
      - chunked
      vary:
      - Accept-Encoding
      x-content-type-options:
      - nosniff
      x-ms-gatewayversion:
      - version=2.11.0
    status:
      code: 200
      message: Ok
version: 1
