interactions:
- request:
    body: null
    headers:
      Accept:
      - application/json
      Accept-Encoding:
      - gzip, deflate
      CommandName:
      - cosmosdb create
      Connection:
      - keep-alive
      ParameterSetName:
      - -n -g --capabilities
      User-Agent:
      - AZURECLI/2.29.1 azsdk-python-azure-mgmt-resource/19.0.0 Python/3.8.10 (Windows-10-10.0.22000-SP0)
    method: GET
    uri: https://centraluseuap.management.azure.com/subscriptions/00000000-0000-0000-0000-000000000000/resourcegroups/cli_test_cosmosdb_gremlin_graph000001?api-version=2021-04-01
  response:
    body:
      string: '{"id":"/subscriptions/00000000-0000-0000-0000-000000000000/resourceGroups/cli_test_cosmosdb_gremlin_graph000001","name":"cli_test_cosmosdb_gremlin_graph000001","type":"Microsoft.Resources/resourceGroups","location":"westus","tags":{"product":"azurecli","cause":"automation","date":"2021-10-22T23:53:57Z"},"properties":{"provisioningState":"Succeeded"}}'
    headers:
      cache-control:
      - no-cache
      content-length:
      - '428'
      content-type:
      - application/json; charset=utf-8
      date:
      - Fri, 22 Oct 2021 23:53:59 GMT
      expires:
      - '-1'
      pragma:
      - no-cache
      strict-transport-security:
      - max-age=31536000; includeSubDomains
      vary:
      - Accept-Encoding
      x-content-type-options:
      - nosniff
    status:
      code: 200
      message: OK
- request:
    body: '{"location": "westus", "kind": "GlobalDocumentDB", "properties": {"locations":
      [{"locationName": "westus", "failoverPriority": 0, "isZoneRedundant": false}],
      "databaseAccountOfferType": "Standard", "capabilities": [{"name": "EnableGremlin"}],
      "apiProperties": {}, "createMode": "Default"}}'
    headers:
      Accept:
      - application/json
      Accept-Encoding:
      - gzip, deflate
      CommandName:
      - cosmosdb create
      Connection:
      - keep-alive
      Content-Length:
      - '289'
      Content-Type:
      - application/json
      ParameterSetName:
      - -n -g --capabilities
      User-Agent:
      - AZURECLI/2.29.1 azsdk-python-mgmt-cosmosdb/0.7.0 Python/3.8.10 (Windows-10-10.0.22000-SP0)
    method: PUT
    uri: https://centraluseuap.management.azure.com/subscriptions/00000000-0000-0000-0000-000000000000/resourceGroups/cli_test_cosmosdb_gremlin_graph000001/providers/Microsoft.DocumentDB/databaseAccounts/cli000004?api-version=2021-10-15
  response:
    body:
      string: '{"id":"/subscriptions/00000000-0000-0000-0000-000000000000/resourceGroups/cli_test_cosmosdb_gremlin_graph000001/providers/Microsoft.DocumentDB/databaseAccounts/cli000004","name":"cli000004","location":"West
        US","type":"Microsoft.DocumentDB/databaseAccounts","kind":"GlobalDocumentDB","tags":{},"systemData":{"createdAt":"2021-10-22T23:54:02.7976489Z"},"properties":{"provisioningState":"Creating","publicNetworkAccess":"Enabled","enableAutomaticFailover":false,"enableMultipleWriteLocations":false,"enablePartitionKeyMonitor":false,"isVirtualNetworkFilterEnabled":false,"virtualNetworkRules":[],"EnabledApiTypes":"Gremlin,
        Sql","disableKeyBasedMetadataWriteAccess":false,"enableFreeTier":false,"enableAnalyticalStorage":false,"analyticalStorageConfiguration":{"schemaType":"WellDefined"},"instanceId":"f1a83e9b-7e97-4222-b520-4be68c3441f4","databaseAccountOfferType":"Standard","defaultIdentity":"","networkAclBypass":"None","disableLocalAuth":false,"consistencyPolicy":{"defaultConsistencyLevel":"Session","maxIntervalInSeconds":5,"maxStalenessPrefix":100},"configurationOverrides":{},"writeLocations":[{"id":"cli000004-westus","locationName":"West
        US","provisioningState":"Creating","failoverPriority":0,"isZoneRedundant":false}],"readLocations":[{"id":"cli000004-westus","locationName":"West
        US","provisioningState":"Creating","failoverPriority":0,"isZoneRedundant":false}],"locations":[{"id":"cli000004-westus","locationName":"West
        US","provisioningState":"Creating","failoverPriority":0,"isZoneRedundant":false}],"failoverPolicies":[{"id":"cli000004-westus","locationName":"West
        US","failoverPriority":0}],"cors":[],"capabilities":[{"name":"EnableGremlin"}],"ipRules":[],"backupPolicy":{"type":"Periodic","periodicModeProperties":{"backupIntervalInMinutes":240,"backupRetentionIntervalInHours":8,"backupStorageRedundancy":"Invalid"}},"networkAclBypassResourceIds":[]},"identity":{"type":"None"}}'
    headers:
      azure-asyncoperation:
      - https://centraluseuap.management.azure.com/subscriptions/00000000-0000-0000-0000-000000000000/providers/Microsoft.DocumentDB/locations/westus/operationsStatus/2fea43c8-4207-436c-b49e-fd83ccda1b59?api-version=2021-10-15
      cache-control:
      - no-store, no-cache
      content-length:
      - '1974'
      content-type:
      - application/json
      date:
      - Fri, 22 Oct 2021 23:54:03 GMT
      location:
      - https://centraluseuap.management.azure.com/subscriptions/00000000-0000-0000-0000-000000000000/resourceGroups/cli_test_cosmosdb_gremlin_graph000001/providers/Microsoft.DocumentDB/databaseAccounts/cli000004/operationResults/2fea43c8-4207-436c-b49e-fd83ccda1b59?api-version=2021-10-15
      pragma:
      - no-cache
      server:
      - Microsoft-HTTPAPI/2.0
      strict-transport-security:
      - max-age=31536000; includeSubDomains
      transfer-encoding:
      - chunked
      vary:
      - Accept-Encoding
      x-content-type-options:
      - nosniff
      x-ms-gatewayversion:
      - version=2.14.0
      x-ms-ratelimit-remaining-subscription-writes:
      - '1154'
    status:
      code: 200
      message: Ok
- request:
    body: null
    headers:
      Accept:
      - '*/*'
      Accept-Encoding:
      - gzip, deflate
      CommandName:
      - cosmosdb create
      Connection:
      - keep-alive
      ParameterSetName:
      - -n -g --capabilities
      User-Agent:
      - AZURECLI/2.29.1 azsdk-python-mgmt-cosmosdb/0.7.0 Python/3.8.10 (Windows-10-10.0.22000-SP0)
    method: GET
    uri: https://centraluseuap.management.azure.com/subscriptions/00000000-0000-0000-0000-000000000000/providers/Microsoft.DocumentDB/locations/westus/operationsStatus/2fea43c8-4207-436c-b49e-fd83ccda1b59?api-version=2021-10-15
  response:
    body:
      string: '{"status":"Dequeued"}'
    headers:
      cache-control:
      - no-store, no-cache
      content-length:
      - '21'
      content-type:
      - application/json
      date:
      - Fri, 22 Oct 2021 23:54:34 GMT
      pragma:
      - no-cache
      server:
      - Microsoft-HTTPAPI/2.0
      strict-transport-security:
      - max-age=31536000; includeSubDomains
      transfer-encoding:
      - chunked
      vary:
      - Accept-Encoding
      x-content-type-options:
      - nosniff
      x-ms-gatewayversion:
      - version=2.14.0
    status:
      code: 200
      message: Ok
- request:
    body: null
    headers:
      Accept:
      - '*/*'
      Accept-Encoding:
      - gzip, deflate
      CommandName:
      - cosmosdb create
      Connection:
      - keep-alive
      ParameterSetName:
      - -n -g --capabilities
      User-Agent:
      - AZURECLI/2.29.1 azsdk-python-mgmt-cosmosdb/0.7.0 Python/3.8.10 (Windows-10-10.0.22000-SP0)
    method: GET
    uri: https://centraluseuap.management.azure.com/subscriptions/00000000-0000-0000-0000-000000000000/providers/Microsoft.DocumentDB/locations/westus/operationsStatus/2fea43c8-4207-436c-b49e-fd83ccda1b59?api-version=2021-10-15
  response:
    body:
      string: '{"status":"Dequeued"}'
    headers:
      cache-control:
      - no-store, no-cache
      content-length:
      - '21'
      content-type:
      - application/json
      date:
      - Fri, 22 Oct 2021 23:55:05 GMT
      pragma:
      - no-cache
      server:
      - Microsoft-HTTPAPI/2.0
      strict-transport-security:
      - max-age=31536000; includeSubDomains
      transfer-encoding:
      - chunked
      vary:
      - Accept-Encoding
      x-content-type-options:
      - nosniff
      x-ms-gatewayversion:
      - version=2.14.0
    status:
      code: 200
      message: Ok
- request:
    body: null
    headers:
      Accept:
      - '*/*'
      Accept-Encoding:
      - gzip, deflate
      CommandName:
      - cosmosdb create
      Connection:
      - keep-alive
      ParameterSetName:
      - -n -g --capabilities
      User-Agent:
      - AZURECLI/2.29.1 azsdk-python-mgmt-cosmosdb/0.7.0 Python/3.8.10 (Windows-10-10.0.22000-SP0)
    method: GET
    uri: https://centraluseuap.management.azure.com/subscriptions/00000000-0000-0000-0000-000000000000/providers/Microsoft.DocumentDB/locations/westus/operationsStatus/2fea43c8-4207-436c-b49e-fd83ccda1b59?api-version=2021-10-15
  response:
    body:
      string: '{"status":"Dequeued"}'
    headers:
      cache-control:
      - no-store, no-cache
      content-length:
      - '21'
      content-type:
      - application/json
      date:
      - Fri, 22 Oct 2021 23:55:34 GMT
      pragma:
      - no-cache
      server:
      - Microsoft-HTTPAPI/2.0
      strict-transport-security:
      - max-age=31536000; includeSubDomains
      transfer-encoding:
      - chunked
      vary:
      - Accept-Encoding
      x-content-type-options:
      - nosniff
      x-ms-gatewayversion:
      - version=2.14.0
    status:
      code: 200
      message: Ok
- request:
    body: null
    headers:
      Accept:
      - '*/*'
      Accept-Encoding:
      - gzip, deflate
      CommandName:
      - cosmosdb create
      Connection:
      - keep-alive
      ParameterSetName:
      - -n -g --capabilities
      User-Agent:
      - AZURECLI/2.29.1 azsdk-python-mgmt-cosmosdb/0.7.0 Python/3.8.10 (Windows-10-10.0.22000-SP0)
    method: GET
    uri: https://centraluseuap.management.azure.com/subscriptions/00000000-0000-0000-0000-000000000000/providers/Microsoft.DocumentDB/locations/westus/operationsStatus/2fea43c8-4207-436c-b49e-fd83ccda1b59?api-version=2021-10-15
  response:
    body:
      string: '{"status":"Dequeued"}'
    headers:
      cache-control:
      - no-store, no-cache
      content-length:
      - '21'
      content-type:
      - application/json
      date:
      - Fri, 22 Oct 2021 23:56:05 GMT
      pragma:
      - no-cache
      server:
      - Microsoft-HTTPAPI/2.0
      strict-transport-security:
      - max-age=31536000; includeSubDomains
      transfer-encoding:
      - chunked
      vary:
      - Accept-Encoding
      x-content-type-options:
      - nosniff
      x-ms-gatewayversion:
      - version=2.14.0
    status:
      code: 200
      message: Ok
- request:
    body: null
    headers:
      Accept:
      - '*/*'
      Accept-Encoding:
      - gzip, deflate
      CommandName:
      - cosmosdb create
      Connection:
      - keep-alive
      ParameterSetName:
      - -n -g --capabilities
      User-Agent:
      - AZURECLI/2.29.1 azsdk-python-mgmt-cosmosdb/0.7.0 Python/3.8.10 (Windows-10-10.0.22000-SP0)
    method: GET
    uri: https://centraluseuap.management.azure.com/subscriptions/00000000-0000-0000-0000-000000000000/providers/Microsoft.DocumentDB/locations/westus/operationsStatus/2fea43c8-4207-436c-b49e-fd83ccda1b59?api-version=2021-10-15
  response:
    body:
      string: '{"status":"Dequeued"}'
    headers:
      cache-control:
      - no-store, no-cache
      content-length:
      - '21'
      content-type:
      - application/json
      date:
      - Fri, 22 Oct 2021 23:56:35 GMT
      pragma:
      - no-cache
      server:
      - Microsoft-HTTPAPI/2.0
      strict-transport-security:
      - max-age=31536000; includeSubDomains
      transfer-encoding:
      - chunked
      vary:
      - Accept-Encoding
      x-content-type-options:
      - nosniff
      x-ms-gatewayversion:
      - version=2.14.0
    status:
      code: 200
      message: Ok
- request:
    body: null
    headers:
      Accept:
      - '*/*'
      Accept-Encoding:
      - gzip, deflate
      CommandName:
      - cosmosdb create
      Connection:
      - keep-alive
      ParameterSetName:
      - -n -g --capabilities
      User-Agent:
      - AZURECLI/2.29.1 azsdk-python-mgmt-cosmosdb/0.7.0 Python/3.8.10 (Windows-10-10.0.22000-SP0)
    method: GET
    uri: https://centraluseuap.management.azure.com/subscriptions/00000000-0000-0000-0000-000000000000/providers/Microsoft.DocumentDB/locations/westus/operationsStatus/2fea43c8-4207-436c-b49e-fd83ccda1b59?api-version=2021-10-15
  response:
    body:
      string: '{"status":"Dequeued"}'
    headers:
      cache-control:
      - no-store, no-cache
      content-length:
      - '21'
      content-type:
      - application/json
      date:
      - Fri, 22 Oct 2021 23:57:05 GMT
      pragma:
      - no-cache
      server:
      - Microsoft-HTTPAPI/2.0
      strict-transport-security:
      - max-age=31536000; includeSubDomains
      transfer-encoding:
      - chunked
      vary:
      - Accept-Encoding
      x-content-type-options:
      - nosniff
      x-ms-gatewayversion:
      - version=2.14.0
    status:
      code: 200
      message: Ok
- request:
    body: null
    headers:
      Accept:
      - '*/*'
      Accept-Encoding:
      - gzip, deflate
      CommandName:
      - cosmosdb create
      Connection:
      - keep-alive
      ParameterSetName:
      - -n -g --capabilities
      User-Agent:
      - AZURECLI/2.29.1 azsdk-python-mgmt-cosmosdb/0.7.0 Python/3.8.10 (Windows-10-10.0.22000-SP0)
    method: GET
    uri: https://centraluseuap.management.azure.com/subscriptions/00000000-0000-0000-0000-000000000000/providers/Microsoft.DocumentDB/locations/westus/operationsStatus/2fea43c8-4207-436c-b49e-fd83ccda1b59?api-version=2021-10-15
  response:
    body:
      string: '{"status":"Succeeded"}'
    headers:
      cache-control:
      - no-store, no-cache
      content-length:
      - '22'
      content-type:
      - application/json
      date:
      - Fri, 22 Oct 2021 23:57:35 GMT
      pragma:
      - no-cache
      server:
      - Microsoft-HTTPAPI/2.0
      strict-transport-security:
      - max-age=31536000; includeSubDomains
      transfer-encoding:
      - chunked
      vary:
      - Accept-Encoding
      x-content-type-options:
      - nosniff
      x-ms-gatewayversion:
      - version=2.14.0
    status:
      code: 200
      message: Ok
- request:
    body: null
    headers:
      Accept:
      - '*/*'
      Accept-Encoding:
      - gzip, deflate
      CommandName:
      - cosmosdb create
      Connection:
      - keep-alive
      ParameterSetName:
      - -n -g --capabilities
      User-Agent:
      - AZURECLI/2.29.1 azsdk-python-mgmt-cosmosdb/0.7.0 Python/3.8.10 (Windows-10-10.0.22000-SP0)
    method: GET
    uri: https://centraluseuap.management.azure.com/subscriptions/00000000-0000-0000-0000-000000000000/resourceGroups/cli_test_cosmosdb_gremlin_graph000001/providers/Microsoft.DocumentDB/databaseAccounts/cli000004?api-version=2021-10-15
  response:
    body:
      string: '{"id":"/subscriptions/00000000-0000-0000-0000-000000000000/resourceGroups/cli_test_cosmosdb_gremlin_graph000001/providers/Microsoft.DocumentDB/databaseAccounts/cli000004","name":"cli000004","location":"West
        US","type":"Microsoft.DocumentDB/databaseAccounts","kind":"GlobalDocumentDB","tags":{},"systemData":{"createdAt":"2021-10-22T23:56:48.8316457Z"},"properties":{"provisioningState":"Succeeded","documentEndpoint":"https://cli000004.documents.azure.com:443/","gremlinEndpoint":"https://cli000004.gremlin.cosmos.azure.com:443/","publicNetworkAccess":"Enabled","enableAutomaticFailover":false,"enableMultipleWriteLocations":false,"enablePartitionKeyMonitor":false,"isVirtualNetworkFilterEnabled":false,"virtualNetworkRules":[],"EnabledApiTypes":"Gremlin,
        Sql","disableKeyBasedMetadataWriteAccess":false,"enableFreeTier":false,"enableAnalyticalStorage":false,"analyticalStorageConfiguration":{"schemaType":"WellDefined"},"instanceId":"f1a83e9b-7e97-4222-b520-4be68c3441f4","databaseAccountOfferType":"Standard","defaultIdentity":"FirstPartyIdentity","networkAclBypass":"None","disableLocalAuth":false,"consistencyPolicy":{"defaultConsistencyLevel":"Session","maxIntervalInSeconds":5,"maxStalenessPrefix":100},"configurationOverrides":{},"writeLocations":[{"id":"cli000004-westus","locationName":"West
        US","documentEndpoint":"https://cli000004-westus.documents.azure.com:443/","provisioningState":"Succeeded","failoverPriority":0,"isZoneRedundant":false}],"readLocations":[{"id":"cli000004-westus","locationName":"West
        US","documentEndpoint":"https://cli000004-westus.documents.azure.com:443/","provisioningState":"Succeeded","failoverPriority":0,"isZoneRedundant":false}],"locations":[{"id":"cli000004-westus","locationName":"West
        US","documentEndpoint":"https://cli000004-westus.documents.azure.com:443/","provisioningState":"Succeeded","failoverPriority":0,"isZoneRedundant":false}],"failoverPolicies":[{"id":"cli000004-westus","locationName":"West
        US","failoverPriority":0}],"cors":[],"capabilities":[{"name":"EnableGremlin"}],"ipRules":[],"backupPolicy":{"type":"Periodic","periodicModeProperties":{"backupIntervalInMinutes":240,"backupRetentionIntervalInHours":8,"backupStorageRedundancy":"Geo"}},"networkAclBypassResourceIds":[]},"identity":{"type":"None"}}'
    headers:
      cache-control:
      - no-store, no-cache
      content-length:
      - '2367'
      content-type:
      - application/json
      date:
      - Fri, 22 Oct 2021 23:57:35 GMT
      pragma:
      - no-cache
      server:
      - Microsoft-HTTPAPI/2.0
      strict-transport-security:
      - max-age=31536000; includeSubDomains
      transfer-encoding:
      - chunked
      vary:
      - Accept-Encoding
      x-content-type-options:
      - nosniff
      x-ms-gatewayversion:
      - version=2.14.0
    status:
      code: 200
      message: Ok
- request:
    body: null
    headers:
      Accept:
      - application/json
      Accept-Encoding:
      - gzip, deflate
      CommandName:
      - cosmosdb create
      Connection:
      - keep-alive
      ParameterSetName:
      - -n -g --capabilities
      User-Agent:
      - AZURECLI/2.29.1 azsdk-python-mgmt-cosmosdb/0.7.0 Python/3.8.10 (Windows-10-10.0.22000-SP0)
    method: GET
    uri: https://centraluseuap.management.azure.com/subscriptions/00000000-0000-0000-0000-000000000000/resourceGroups/cli_test_cosmosdb_gremlin_graph000001/providers/Microsoft.DocumentDB/databaseAccounts/cli000004?api-version=2021-10-15
  response:
    body:
      string: '{"id":"/subscriptions/00000000-0000-0000-0000-000000000000/resourceGroups/cli_test_cosmosdb_gremlin_graph000001/providers/Microsoft.DocumentDB/databaseAccounts/cli000004","name":"cli000004","location":"West
        US","type":"Microsoft.DocumentDB/databaseAccounts","kind":"GlobalDocumentDB","tags":{},"systemData":{"createdAt":"2021-10-22T23:56:48.8316457Z"},"properties":{"provisioningState":"Succeeded","documentEndpoint":"https://cli000004.documents.azure.com:443/","gremlinEndpoint":"https://cli000004.gremlin.cosmos.azure.com:443/","publicNetworkAccess":"Enabled","enableAutomaticFailover":false,"enableMultipleWriteLocations":false,"enablePartitionKeyMonitor":false,"isVirtualNetworkFilterEnabled":false,"virtualNetworkRules":[],"EnabledApiTypes":"Gremlin,
        Sql","disableKeyBasedMetadataWriteAccess":false,"enableFreeTier":false,"enableAnalyticalStorage":false,"analyticalStorageConfiguration":{"schemaType":"WellDefined"},"instanceId":"f1a83e9b-7e97-4222-b520-4be68c3441f4","databaseAccountOfferType":"Standard","defaultIdentity":"FirstPartyIdentity","networkAclBypass":"None","disableLocalAuth":false,"consistencyPolicy":{"defaultConsistencyLevel":"Session","maxIntervalInSeconds":5,"maxStalenessPrefix":100},"configurationOverrides":{},"writeLocations":[{"id":"cli000004-westus","locationName":"West
        US","documentEndpoint":"https://cli000004-westus.documents.azure.com:443/","provisioningState":"Succeeded","failoverPriority":0,"isZoneRedundant":false}],"readLocations":[{"id":"cli000004-westus","locationName":"West
        US","documentEndpoint":"https://cli000004-westus.documents.azure.com:443/","provisioningState":"Succeeded","failoverPriority":0,"isZoneRedundant":false}],"locations":[{"id":"cli000004-westus","locationName":"West
        US","documentEndpoint":"https://cli000004-westus.documents.azure.com:443/","provisioningState":"Succeeded","failoverPriority":0,"isZoneRedundant":false}],"failoverPolicies":[{"id":"cli000004-westus","locationName":"West
        US","failoverPriority":0}],"cors":[],"capabilities":[{"name":"EnableGremlin"}],"ipRules":[],"backupPolicy":{"type":"Periodic","periodicModeProperties":{"backupIntervalInMinutes":240,"backupRetentionIntervalInHours":8,"backupStorageRedundancy":"Geo"}},"networkAclBypassResourceIds":[]},"identity":{"type":"None"}}'
    headers:
      cache-control:
      - no-store, no-cache
      content-length:
      - '2367'
      content-type:
      - application/json
      date:
      - Fri, 22 Oct 2021 23:57:35 GMT
      pragma:
      - no-cache
      server:
      - Microsoft-HTTPAPI/2.0
      strict-transport-security:
      - max-age=31536000; includeSubDomains
      transfer-encoding:
      - chunked
      vary:
      - Accept-Encoding
      x-content-type-options:
      - nosniff
      x-ms-gatewayversion:
      - version=2.14.0
    status:
      code: 200
      message: Ok
- request:
    body: '{"properties": {"resource": {"id": "cli000002"}, "options": {}}}'
    headers:
      Accept:
      - application/json
      Accept-Encoding:
      - gzip, deflate
      CommandName:
      - cosmosdb gremlin database create
      Connection:
      - keep-alive
      Content-Length:
      - '70'
      Content-Type:
      - application/json
      ParameterSetName:
      - -g -a -n
      User-Agent:
      - AZURECLI/2.29.1 azsdk-python-mgmt-cosmosdb/0.7.0 Python/3.8.10 (Windows-10-10.0.22000-SP0)
    method: PUT
    uri: https://centraluseuap.management.azure.com/subscriptions/00000000-0000-0000-0000-000000000000/resourceGroups/cli_test_cosmosdb_gremlin_graph000001/providers/Microsoft.DocumentDB/databaseAccounts/cli000004/gremlinDatabases/cli000002?api-version=2021-10-15
  response:
    body:
      string: '{"status":"Enqueued"}'
    headers:
      azure-asyncoperation:
      - https://centraluseuap.management.azure.com/subscriptions/00000000-0000-0000-0000-000000000000/providers/Microsoft.DocumentDB/locations/westus/operationsStatus/238d7ca9-5bc5-4fe9-b4af-181f75bbe875?api-version=2021-10-15
      cache-control:
      - no-store, no-cache
      content-length:
      - '21'
      content-type:
      - application/json
      date:
      - Fri, 22 Oct 2021 23:57:37 GMT
      location:
      - https://centraluseuap.management.azure.com/subscriptions/00000000-0000-0000-0000-000000000000/resourceGroups/cli_test_cosmosdb_gremlin_graph000001/providers/Microsoft.DocumentDB/databaseAccounts/cli000004/gremlinDatabases/cli000002/operationResults/238d7ca9-5bc5-4fe9-b4af-181f75bbe875?api-version=2021-10-15
      pragma:
      - no-cache
      server:
      - Microsoft-HTTPAPI/2.0
      strict-transport-security:
      - max-age=31536000; includeSubDomains
      x-content-type-options:
      - nosniff
      x-ms-gatewayversion:
      - version=2.14.0
      x-ms-ratelimit-remaining-subscription-writes:
      - '1187'
    status:
      code: 202
      message: Accepted
- request:
    body: null
    headers:
      Accept:
      - '*/*'
      Accept-Encoding:
      - gzip, deflate
      CommandName:
      - cosmosdb gremlin database create
      Connection:
      - keep-alive
      ParameterSetName:
      - -g -a -n
      User-Agent:
      - AZURECLI/2.29.1 azsdk-python-mgmt-cosmosdb/0.7.0 Python/3.8.10 (Windows-10-10.0.22000-SP0)
    method: GET
    uri: https://centraluseuap.management.azure.com/subscriptions/00000000-0000-0000-0000-000000000000/providers/Microsoft.DocumentDB/locations/westus/operationsStatus/238d7ca9-5bc5-4fe9-b4af-181f75bbe875?api-version=2021-10-15
  response:
    body:
      string: '{"status":"Succeeded"}'
    headers:
      cache-control:
      - no-store, no-cache
      content-length:
      - '22'
      content-type:
      - application/json
      date:
      - Fri, 22 Oct 2021 23:58:07 GMT
      pragma:
      - no-cache
      server:
      - Microsoft-HTTPAPI/2.0
      strict-transport-security:
      - max-age=31536000; includeSubDomains
      transfer-encoding:
      - chunked
      vary:
      - Accept-Encoding
      x-content-type-options:
      - nosniff
      x-ms-gatewayversion:
      - version=2.14.0
    status:
      code: 200
      message: Ok
- request:
    body: null
    headers:
      Accept:
      - '*/*'
      Accept-Encoding:
      - gzip, deflate
      CommandName:
      - cosmosdb gremlin database create
      Connection:
      - keep-alive
      ParameterSetName:
      - -g -a -n
      User-Agent:
      - AZURECLI/2.29.1 azsdk-python-mgmt-cosmosdb/0.7.0 Python/3.8.10 (Windows-10-10.0.22000-SP0)
    method: GET
    uri: https://centraluseuap.management.azure.com/subscriptions/00000000-0000-0000-0000-000000000000/resourceGroups/cli_test_cosmosdb_gremlin_graph000001/providers/Microsoft.DocumentDB/databaseAccounts/cli000004/gremlinDatabases/cli000002?api-version=2021-10-15
  response:
    body:
      string: '{"id":"/subscriptions/00000000-0000-0000-0000-000000000000/resourceGroups/cli_test_cosmosdb_gremlin_graph000001/providers/Microsoft.DocumentDB/databaseAccounts/cli000004/gremlinDatabases/cli000002","type":"Microsoft.DocumentDB/databaseAccounts/gremlinDatabases","name":"cli000002","properties":{"resource":{"id":"cli000002","_rid":"aNITAA==","_self":"dbs/aNITAA==/","_etag":"\"0000040d-0000-0700-0000-61734ff70000\"","_colls":"colls/","_users":"users/","_ts":1634947063}}}'
    headers:
      cache-control:
      - no-store, no-cache
      content-length:
      - '534'
      content-type:
      - application/json
      date:
      - Fri, 22 Oct 2021 23:58:07 GMT
      pragma:
      - no-cache
      server:
      - Microsoft-HTTPAPI/2.0
      strict-transport-security:
      - max-age=31536000; includeSubDomains
      transfer-encoding:
      - chunked
      vary:
      - Accept-Encoding
      x-content-type-options:
      - nosniff
      x-ms-gatewayversion:
      - version=2.14.0
    status:
      code: 200
      message: Ok
- request:
    body: null
    headers:
      Accept:
      - application/json
      Accept-Encoding:
      - gzip, deflate
      CommandName:
      - cosmosdb gremlin graph exists
      Connection:
      - keep-alive
      ParameterSetName:
      - -g -a -d -n
      User-Agent:
      - AZURECLI/2.29.1 azsdk-python-mgmt-cosmosdb/0.7.0 Python/3.8.10 (Windows-10-10.0.22000-SP0)
    method: GET
    uri: https://centraluseuap.management.azure.com/subscriptions/00000000-0000-0000-0000-000000000000/resourceGroups/cli_test_cosmosdb_gremlin_graph000001/providers/Microsoft.DocumentDB/databaseAccounts/cli000004/gremlinDatabases/cli000002/graphs/cli000003?api-version=2021-10-15
  response:
    body:
      string: '{"code":"NotFound","message":"Message: {\"code\":\"NotFound\",\"message\":\"Message:
        {\\\"Errors\\\":[\\\"Resource Not Found. Learn more: https:\\\\/\\\\/aka.ms\\\\/cosmosdb-tsg-not-found\\\"]}\\r\\nActivityId:
        e7f54cb0-3393-11ec-aa34-c3b1637951f3, Request URI: /apps/11730a20-4d62-4562-973b-d6e9ed67a0dd/services/5724b8de-32ef-4087-989d-3824237fd42b/partitions/3d536c69-8170-4c71-a4c1-0058df2cc121/replicas/132794187104153502s,
        RequestStats: \\r\\nRequestStartTime: 2021-10-22T23:58:09.6885814Z, RequestEndTime:
        2021-10-22T23:58:09.6885814Z,  Number of regions attempted:1\\r\\nResponseTime:
        2021-10-22T23:58:09.6885814Z, StoreResult: StorePhysicalAddress: rntbd://10.0.0.45:11300/apps/11730a20-4d62-4562-973b-d6e9ed67a0dd/services/5724b8de-32ef-4087-989d-3824237fd42b/partitions/3d536c69-8170-4c71-a4c1-0058df2cc121/replicas/132794187104153502s,
        LSN: 8, GlobalCommittedLsn: 8, PartitionKeyRangeId: , IsValid: True, StatusCode:
        404, SubStatusCode: 0, RequestCharge: 1, ItemLSN: -1, SessionToken: -1#8,
        UsingLocalLSN: False, TransportException: null, BELatencyMs: 1.385, ActivityId:
        e7f54cb0-3393-11ec-aa34-c3b1637951f3, TransportRequestTimeline: [(Event: Created,
        StartTime: 2021-10-22T23:58:09.6885814Z, DurationMicroSecs: 0),(Event: ChannelAcquisitionStarted,
        StartTime: 2021-10-22T23:58:09.6885814Z, DurationMicroSecs: 0),(Event: Pipelined,
        StartTime: 2021-10-22T23:58:09.6885814Z, DurationMicroSecs: 0),(Event: Transit
        Time, StartTime: 2021-10-22T23:58:09.6885814Z, DurationMicroSecs: 0),(Event:
        Received, StartTime: 2021-10-22T23:58:09.6885814Z, DurationMicroSecs: 0),(Event:
        Completed, StartTime: 2021-10-22T23:58:09.6885814Z, DurationMicroSecs: 0),],
        ResourceType: Collection, OperationType: Read\\r\\nResponseTime: 2021-10-22T23:58:09.6885814Z,
        StoreResult: StorePhysicalAddress: rntbd://10.0.0.44:11300/apps/11730a20-4d62-4562-973b-d6e9ed67a0dd/services/5724b8de-32ef-4087-989d-3824237fd42b/partitions/3d536c69-8170-4c71-a4c1-0058df2cc121/replicas/132794187104153503s,
        LSN: 8, GlobalCommittedLsn: 8, PartitionKeyRangeId: , IsValid: True, StatusCode:
        404, SubStatusCode: 0, RequestCharge: 1, ItemLSN: -1, SessionToken: -1#8,
        UsingLocalLSN: False, TransportException: null, BELatencyMs: 1.443, ActivityId:
        e7f54cb0-3393-11ec-aa34-c3b1637951f3, TransportRequestTimeline: [(Event: Created,
        StartTime: 2021-10-22T23:58:09.6885814Z, DurationMicroSecs: 0),(Event: ChannelAcquisitionStarted,
        StartTime: 2021-10-22T23:58:09.6885814Z, DurationMicroSecs: 0),(Event: Pipelined,
        StartTime: 2021-10-22T23:58:09.6885814Z, DurationMicroSecs: 0),(Event: Transit
        Time, StartTime: 2021-10-22T23:58:09.6885814Z, DurationMicroSecs: 0),(Event:
        Received, StartTime: 2021-10-22T23:58:09.6885814Z, DurationMicroSecs: 0),(Event:
        Completed, StartTime: 2021-10-22T23:58:09.6885814Z, DurationMicroSecs: 0),],
        ResourceType: Collection, OperationType: Read\\r\\n, SDK: Microsoft.Azure.Documents.Common/2.14.0\"},
        Request URI: /dbs/cli000002/colls/cli000003, RequestStats: , SDK: Microsoft.Azure.Documents.Common/2.14.0"}'
    headers:
      cache-control:
      - no-store, no-cache
      content-length:
      - '3011'
      content-type:
      - application/json
      date:
      - Fri, 22 Oct 2021 23:58:09 GMT
      pragma:
      - no-cache
      server:
      - Microsoft-HTTPAPI/2.0
      strict-transport-security:
      - max-age=31536000; includeSubDomains
      x-content-type-options:
      - nosniff
      x-ms-gatewayversion:
      - version=2.14.0
    status:
      code: 404
      message: NotFound
- request:
    body: '{"properties": {"resource": {"id": "cli000003", "indexingPolicy": {"automatic":
      true, "indexingMode": "consistent", "includedPaths": [{"path": "/*"}], "excludedPaths":
      [{"path": "/headquarters/employees/?"}]}, "partitionKey": {"paths": ["/thePartitionKey"],
      "kind": "Hash"}, "defaultTtl": 1000, "conflictResolutionPolicy": {"mode": "lastWriterWins",
      "conflictResolutionPath": "/path"}}, "options": {}}}'
    headers:
      Accept:
      - application/json
      Accept-Encoding:
      - gzip, deflate
      CommandName:
      - cosmosdb gremlin graph create
      Connection:
      - keep-alive
      Content-Length:
      - '408'
      Content-Type:
      - application/json
      ParameterSetName:
      - -g -a -d -n -p --ttl --conflict-resolution-policy --idx
      User-Agent:
      - AZURECLI/2.29.1 azsdk-python-mgmt-cosmosdb/0.7.0 Python/3.8.10 (Windows-10-10.0.22000-SP0)
    method: PUT
    uri: https://centraluseuap.management.azure.com/subscriptions/00000000-0000-0000-0000-000000000000/resourceGroups/cli_test_cosmosdb_gremlin_graph000001/providers/Microsoft.DocumentDB/databaseAccounts/cli000004/gremlinDatabases/cli000002/graphs/cli000003?api-version=2021-10-15
  response:
    body:
      string: '{"status":"Enqueued"}'
    headers:
      azure-asyncoperation:
      - https://centraluseuap.management.azure.com/subscriptions/00000000-0000-0000-0000-000000000000/providers/Microsoft.DocumentDB/locations/westus/operationsStatus/a8bbcf42-3db5-45f8-8350-259496053499?api-version=2021-10-15
      cache-control:
      - no-store, no-cache
      content-length:
      - '21'
      content-type:
      - application/json
      date:
      - Fri, 22 Oct 2021 23:58:10 GMT
      location:
      - https://centraluseuap.management.azure.com/subscriptions/00000000-0000-0000-0000-000000000000/resourceGroups/cli_test_cosmosdb_gremlin_graph000001/providers/Microsoft.DocumentDB/databaseAccounts/cli000004/gremlinDatabases/cli000002/graphs/cli000003/operationResults/a8bbcf42-3db5-45f8-8350-259496053499?api-version=2021-10-15
      pragma:
      - no-cache
      server:
      - Microsoft-HTTPAPI/2.0
      strict-transport-security:
      - max-age=31536000; includeSubDomains
      x-content-type-options:
      - nosniff
      x-ms-gatewayversion:
      - version=2.14.0
      x-ms-ratelimit-remaining-subscription-writes:
      - '1165'
    status:
      code: 202
      message: Accepted
- request:
    body: null
    headers:
      Accept:
      - '*/*'
      Accept-Encoding:
      - gzip, deflate
      CommandName:
      - cosmosdb gremlin graph create
      Connection:
      - keep-alive
      ParameterSetName:
      - -g -a -d -n -p --ttl --conflict-resolution-policy --idx
      User-Agent:
      - AZURECLI/2.29.1 azsdk-python-mgmt-cosmosdb/0.7.0 Python/3.8.10 (Windows-10-10.0.22000-SP0)
    method: GET
    uri: https://centraluseuap.management.azure.com/subscriptions/00000000-0000-0000-0000-000000000000/providers/Microsoft.DocumentDB/locations/westus/operationsStatus/a8bbcf42-3db5-45f8-8350-259496053499?api-version=2021-10-15
  response:
    body:
      string: '{"status":"Succeeded"}'
    headers:
      cache-control:
      - no-store, no-cache
      content-length:
      - '22'
      content-type:
      - application/json
      date:
      - Fri, 22 Oct 2021 23:58:40 GMT
      pragma:
      - no-cache
      server:
      - Microsoft-HTTPAPI/2.0
      strict-transport-security:
      - max-age=31536000; includeSubDomains
      transfer-encoding:
      - chunked
      vary:
      - Accept-Encoding
      x-content-type-options:
      - nosniff
      x-ms-gatewayversion:
      - version=2.14.0
    status:
      code: 200
      message: Ok
- request:
    body: null
    headers:
      Accept:
      - '*/*'
      Accept-Encoding:
      - gzip, deflate
      CommandName:
      - cosmosdb gremlin graph create
      Connection:
      - keep-alive
      ParameterSetName:
      - -g -a -d -n -p --ttl --conflict-resolution-policy --idx
      User-Agent:
      - AZURECLI/2.29.1 azsdk-python-mgmt-cosmosdb/0.7.0 Python/3.8.10 (Windows-10-10.0.22000-SP0)
    method: GET
    uri: https://centraluseuap.management.azure.com/subscriptions/00000000-0000-0000-0000-000000000000/resourceGroups/cli_test_cosmosdb_gremlin_graph000001/providers/Microsoft.DocumentDB/databaseAccounts/cli000004/gremlinDatabases/cli000002/graphs/cli000003?api-version=2021-10-15
  response:
    body:
      string: '{"id":"/subscriptions/00000000-0000-0000-0000-000000000000/resourceGroups/cli_test_cosmosdb_gremlin_graph000001/providers/Microsoft.DocumentDB/databaseAccounts/cli000004/gremlinDatabases/cli000002/graphs/cli000003","type":"Microsoft.DocumentDB/databaseAccounts/gremlinDatabases/graphs","name":"cli000003","properties":{"resource":{"id":"cli000003","indexingPolicy":{"indexingMode":"consistent","automatic":true,"includedPaths":[{"path":"/*"}],"excludedPaths":[{"path":"/headquarters/employees/?"},{"path":"/\"_etag\"/?"}]},"partitionKey":{"paths":["/thePartitionKey"],"kind":"Hash"},"defaultTtl":1000,"uniqueKeyPolicy":{"uniqueKeys":[]},"conflictResolutionPolicy":{"mode":"lastWriterWins","conflictResolutionPath":"/path","conflictResolutionProcedure":""},"geospatialConfig":{"type":"Geography"},"_rid":"aNITAOMJILE=","_ts":1634947095,"_self":"dbs/aNITAA==/colls/aNITAOMJILE=/","_etag":"\"0000060d-0000-0700-0000-617350170000\"","_docs":"docs/","_sprocs":"sprocs/","_triggers":"triggers/","_udfs":"udfs/","_conflicts":"conflicts/","statistics":[{"id":"0","sizeInKB":0,"documentCount":0,"partitionKeys":[]}]}}}'
    headers:
      cache-control:
      - no-store, no-cache
      content-length:
      - '1177'
      content-type:
      - application/json
      date:
      - Fri, 22 Oct 2021 23:58:41 GMT
      pragma:
      - no-cache
      server:
      - Microsoft-HTTPAPI/2.0
      strict-transport-security:
      - max-age=31536000; includeSubDomains
      transfer-encoding:
      - chunked
      vary:
      - Accept-Encoding
      x-content-type-options:
      - nosniff
      x-ms-gatewayversion:
      - version=2.14.0
    status:
      code: 200
      message: Ok
- request:
    body: null
    headers:
      Accept:
      - application/json
      Accept-Encoding:
      - gzip, deflate
      CommandName:
      - cosmosdb gremlin graph update
      Connection:
      - keep-alive
      ParameterSetName:
      - -g -a -d -n --ttl
      User-Agent:
      - AZURECLI/2.29.1 azsdk-python-mgmt-cosmosdb/0.7.0 Python/3.8.10 (Windows-10-10.0.22000-SP0)
    method: GET
    uri: https://centraluseuap.management.azure.com/subscriptions/00000000-0000-0000-0000-000000000000/resourceGroups/cli_test_cosmosdb_gremlin_graph000001/providers/Microsoft.DocumentDB/databaseAccounts/cli000004/gremlinDatabases/cli000002/graphs/cli000003?api-version=2021-10-15
  response:
    body:
      string: '{"id":"/subscriptions/00000000-0000-0000-0000-000000000000/resourceGroups/cli_test_cosmosdb_gremlin_graph000001/providers/Microsoft.DocumentDB/databaseAccounts/cli000004/gremlinDatabases/cli000002/graphs/cli000003","type":"Microsoft.DocumentDB/databaseAccounts/gremlinDatabases/graphs","name":"cli000003","properties":{"resource":{"id":"cli000003","indexingPolicy":{"indexingMode":"consistent","automatic":true,"includedPaths":[{"path":"/*"}],"excludedPaths":[{"path":"/headquarters/employees/?"},{"path":"/\"_etag\"/?"}]},"partitionKey":{"paths":["/thePartitionKey"],"kind":"Hash"},"defaultTtl":1000,"uniqueKeyPolicy":{"uniqueKeys":[]},"conflictResolutionPolicy":{"mode":"lastWriterWins","conflictResolutionPath":"/path","conflictResolutionProcedure":""},"geospatialConfig":{"type":"Geography"},"_rid":"aNITAOMJILE=","_ts":1634947095,"_self":"dbs/aNITAA==/colls/aNITAOMJILE=/","_etag":"\"0000060d-0000-0700-0000-617350170000\"","_docs":"docs/","_sprocs":"sprocs/","_triggers":"triggers/","_udfs":"udfs/","_conflicts":"conflicts/","statistics":[{"id":"0","sizeInKB":0,"documentCount":0,"partitionKeys":[]}]}}}'
    headers:
      cache-control:
      - no-store, no-cache
      content-length:
      - '1177'
      content-type:
      - application/json
      date:
      - Fri, 22 Oct 2021 23:58:42 GMT
      pragma:
      - no-cache
      server:
      - Microsoft-HTTPAPI/2.0
      strict-transport-security:
      - max-age=31536000; includeSubDomains
      transfer-encoding:
      - chunked
      vary:
      - Accept-Encoding
      x-content-type-options:
      - nosniff
      x-ms-gatewayversion:
      - version=2.14.0
    status:
      code: 200
      message: Ok
- request:
    body: '{"properties": {"resource": {"id": "cli000003", "indexingPolicy": {"automatic":
      true, "indexingMode": "consistent", "includedPaths": [{"path": "/*"}], "excludedPaths":
      [{"path": "/headquarters/employees/?"}, {"path": "/\"_etag\"/?"}]}, "partitionKey":
      {"paths": ["/thePartitionKey"], "kind": "Hash"}, "defaultTtl": 2000, "uniqueKeyPolicy":
      {"uniqueKeys": []}, "conflictResolutionPolicy": {"mode": "lastWriterWins", "conflictResolutionPath":
      "/path", "conflictResolutionProcedure": ""}}, "options": {}}}'
    headers:
      Accept:
      - application/json
      Accept-Encoding:
      - gzip, deflate
      CommandName:
      - cosmosdb gremlin graph update
      Connection:
      - keep-alive
      Content-Length:
      - '508'
      Content-Type:
      - application/json
      ParameterSetName:
      - -g -a -d -n --ttl
      User-Agent:
      - AZURECLI/2.29.1 azsdk-python-mgmt-cosmosdb/0.7.0 Python/3.8.10 (Windows-10-10.0.22000-SP0)
    method: PUT
    uri: https://centraluseuap.management.azure.com/subscriptions/00000000-0000-0000-0000-000000000000/resourceGroups/cli_test_cosmosdb_gremlin_graph000001/providers/Microsoft.DocumentDB/databaseAccounts/cli000004/gremlinDatabases/cli000002/graphs/cli000003?api-version=2021-10-15
  response:
    body:
      string: '{"status":"Enqueued"}'
    headers:
      azure-asyncoperation:
      - https://centraluseuap.management.azure.com/subscriptions/00000000-0000-0000-0000-000000000000/providers/Microsoft.DocumentDB/locations/westus/operationsStatus/cd832680-aa5f-476a-87b4-a627af045773?api-version=2021-10-15
      cache-control:
      - no-store, no-cache
      content-length:
      - '21'
      content-type:
      - application/json
      date:
      - Fri, 22 Oct 2021 23:58:42 GMT
      location:
      - https://centraluseuap.management.azure.com/subscriptions/00000000-0000-0000-0000-000000000000/resourceGroups/cli_test_cosmosdb_gremlin_graph000001/providers/Microsoft.DocumentDB/databaseAccounts/cli000004/gremlinDatabases/cli000002/graphs/cli000003/operationResults/cd832680-aa5f-476a-87b4-a627af045773?api-version=2021-10-15
      pragma:
      - no-cache
      server:
      - Microsoft-HTTPAPI/2.0
      strict-transport-security:
      - max-age=31536000; includeSubDomains
      x-content-type-options:
      - nosniff
      x-ms-gatewayversion:
      - version=2.14.0
      x-ms-ratelimit-remaining-subscription-writes:
      - '1151'
    status:
      code: 202
      message: Accepted
- request:
    body: null
    headers:
      Accept:
      - '*/*'
      Accept-Encoding:
      - gzip, deflate
      CommandName:
      - cosmosdb gremlin graph update
      Connection:
      - keep-alive
      ParameterSetName:
      - -g -a -d -n --ttl
      User-Agent:
      - AZURECLI/2.29.1 azsdk-python-mgmt-cosmosdb/0.7.0 Python/3.8.10 (Windows-10-10.0.22000-SP0)
    method: GET
    uri: https://centraluseuap.management.azure.com/subscriptions/00000000-0000-0000-0000-000000000000/providers/Microsoft.DocumentDB/locations/westus/operationsStatus/cd832680-aa5f-476a-87b4-a627af045773?api-version=2021-10-15
  response:
    body:
      string: '{"status":"Succeeded"}'
    headers:
      cache-control:
      - no-store, no-cache
      content-length:
      - '22'
      content-type:
      - application/json
      date:
      - Fri, 22 Oct 2021 23:59:14 GMT
      pragma:
      - no-cache
      server:
      - Microsoft-HTTPAPI/2.0
      strict-transport-security:
      - max-age=31536000; includeSubDomains
      transfer-encoding:
      - chunked
      vary:
      - Accept-Encoding
      x-content-type-options:
      - nosniff
      x-ms-gatewayversion:
      - version=2.14.0
    status:
      code: 200
      message: Ok
- request:
    body: null
    headers:
      Accept:
      - '*/*'
      Accept-Encoding:
      - gzip, deflate
      CommandName:
      - cosmosdb gremlin graph update
      Connection:
      - keep-alive
      ParameterSetName:
      - -g -a -d -n --ttl
      User-Agent:
      - AZURECLI/2.29.1 azsdk-python-mgmt-cosmosdb/0.7.0 Python/3.8.10 (Windows-10-10.0.22000-SP0)
    method: GET
    uri: https://centraluseuap.management.azure.com/subscriptions/00000000-0000-0000-0000-000000000000/resourceGroups/cli_test_cosmosdb_gremlin_graph000001/providers/Microsoft.DocumentDB/databaseAccounts/cli000004/gremlinDatabases/cli000002/graphs/cli000003?api-version=2021-10-15
  response:
    body:
      string: '{"id":"/subscriptions/00000000-0000-0000-0000-000000000000/resourceGroups/cli_test_cosmosdb_gremlin_graph000001/providers/Microsoft.DocumentDB/databaseAccounts/cli000004/gremlinDatabases/cli000002/graphs/cli000003","type":"Microsoft.DocumentDB/databaseAccounts/gremlinDatabases/graphs","name":"cli000003","properties":{"resource":{"id":"cli000003","indexingPolicy":{"indexingMode":"consistent","automatic":true,"includedPaths":[{"path":"/*"}],"excludedPaths":[{"path":"/headquarters/employees/?"},{"path":"/\"_etag\"/?"}]},"partitionKey":{"paths":["/thePartitionKey"],"kind":"Hash"},"defaultTtl":2000,"uniqueKeyPolicy":{"uniqueKeys":[]},"conflictResolutionPolicy":{"mode":"lastWriterWins","conflictResolutionPath":"/path","conflictResolutionProcedure":""},"geospatialConfig":{"type":"Geography"},"_rid":"aNITAOMJILE=","_ts":1634947128,"_self":"dbs/aNITAA==/colls/aNITAOMJILE=/","_etag":"\"00000b0d-0000-0700-0000-617350380000\"","_docs":"docs/","_sprocs":"sprocs/","_triggers":"triggers/","_udfs":"udfs/","_conflicts":"conflicts/","statistics":[{"id":"0","sizeInKB":0,"documentCount":0,"partitionKeys":[]}]}}}'
    headers:
      cache-control:
      - no-store, no-cache
      content-length:
      - '1177'
      content-type:
      - application/json
      date:
      - Fri, 22 Oct 2021 23:59:14 GMT
      pragma:
      - no-cache
      server:
      - Microsoft-HTTPAPI/2.0
      strict-transport-security:
      - max-age=31536000; includeSubDomains
      transfer-encoding:
      - chunked
      vary:
      - Accept-Encoding
      x-content-type-options:
      - nosniff
      x-ms-gatewayversion:
      - version=2.14.0
    status:
      code: 200
      message: Ok
- request:
    body: null
    headers:
      Accept:
      - application/json
      Accept-Encoding:
      - gzip, deflate
      CommandName:
      - cosmosdb gremlin graph show
      Connection:
      - keep-alive
      ParameterSetName:
      - -g -a -d -n
      User-Agent:
      - AZURECLI/2.29.1 azsdk-python-mgmt-cosmosdb/0.7.0 Python/3.8.10 (Windows-10-10.0.22000-SP0)
    method: GET
    uri: https://centraluseuap.management.azure.com/subscriptions/00000000-0000-0000-0000-000000000000/resourceGroups/cli_test_cosmosdb_gremlin_graph000001/providers/Microsoft.DocumentDB/databaseAccounts/cli000004/gremlinDatabases/cli000002/graphs/cli000003?api-version=2021-10-15
  response:
    body:
      string: '{"id":"/subscriptions/00000000-0000-0000-0000-000000000000/resourceGroups/cli_test_cosmosdb_gremlin_graph000001/providers/Microsoft.DocumentDB/databaseAccounts/cli000004/gremlinDatabases/cli000002/graphs/cli000003","type":"Microsoft.DocumentDB/databaseAccounts/gremlinDatabases/graphs","name":"cli000003","properties":{"resource":{"id":"cli000003","indexingPolicy":{"indexingMode":"consistent","automatic":true,"includedPaths":[{"path":"/*"}],"excludedPaths":[{"path":"/headquarters/employees/?"},{"path":"/\"_etag\"/?"}]},"partitionKey":{"paths":["/thePartitionKey"],"kind":"Hash"},"defaultTtl":2000,"uniqueKeyPolicy":{"uniqueKeys":[]},"conflictResolutionPolicy":{"mode":"lastWriterWins","conflictResolutionPath":"/path","conflictResolutionProcedure":""},"geospatialConfig":{"type":"Geography"},"_rid":"aNITAOMJILE=","_ts":1634947128,"_self":"dbs/aNITAA==/colls/aNITAOMJILE=/","_etag":"\"00000b0d-0000-0700-0000-617350380000\"","_docs":"docs/","_sprocs":"sprocs/","_triggers":"triggers/","_udfs":"udfs/","_conflicts":"conflicts/","statistics":[{"id":"0","sizeInKB":0,"documentCount":0,"partitionKeys":[]}]}}}'
    headers:
      cache-control:
      - no-store, no-cache
      content-length:
      - '1177'
      content-type:
      - application/json
      date:
      - Fri, 22 Oct 2021 23:59:15 GMT
      pragma:
      - no-cache
      server:
      - Microsoft-HTTPAPI/2.0
      strict-transport-security:
      - max-age=31536000; includeSubDomains
      transfer-encoding:
      - chunked
      vary:
      - Accept-Encoding
      x-content-type-options:
      - nosniff
      x-ms-gatewayversion:
      - version=2.14.0
    status:
      code: 200
      message: Ok
- request:
    body: null
    headers:
      Accept:
      - application/json
      Accept-Encoding:
      - gzip, deflate
      CommandName:
      - cosmosdb gremlin graph list
      Connection:
      - keep-alive
      ParameterSetName:
      - -g -a -d
      User-Agent:
      - AZURECLI/2.29.1 azsdk-python-mgmt-cosmosdb/0.7.0 Python/3.8.10 (Windows-10-10.0.22000-SP0)
    method: GET
    uri: https://centraluseuap.management.azure.com/subscriptions/00000000-0000-0000-0000-000000000000/resourceGroups/cli_test_cosmosdb_gremlin_graph000001/providers/Microsoft.DocumentDB/databaseAccounts/cli000004/gremlinDatabases/cli000002/graphs?api-version=2021-10-15
  response:
    body:
      string: '{"value":[{"id":"/subscriptions/00000000-0000-0000-0000-000000000000/resourceGroups/cli_test_cosmosdb_gremlin_graph000001/providers/Microsoft.DocumentDB/databaseAccounts/cli000004/gremlinDatabases/cli000002/graphs/cli000003","type":"Microsoft.DocumentDB/databaseAccounts/gremlinDatabases/graphs","name":"cli000003","properties":{"resource":{"id":"cli000003","indexingPolicy":{"indexingMode":"consistent","automatic":true,"includedPaths":[{"path":"/*"}],"excludedPaths":[{"path":"/headquarters/employees/?"},{"path":"/\"_etag\"/?"}]},"partitionKey":{"paths":["/thePartitionKey"],"kind":"Hash"},"defaultTtl":2000,"uniqueKeyPolicy":{"uniqueKeys":[]},"conflictResolutionPolicy":{"mode":"lastWriterWins","conflictResolutionPath":"/path","conflictResolutionProcedure":""},"geospatialConfig":{"type":"Geography"},"_rid":"aNITAOMJILE=","_ts":1634947128,"_self":"dbs/aNITAA==/colls/aNITAOMJILE=/","_etag":"\"00000b0d-0000-0700-0000-617350380000\"","_docs":"docs/","_sprocs":"sprocs/","_triggers":"triggers/","_udfs":"udfs/","_conflicts":"conflicts/"}}}]}'
    headers:
      cache-control:
      - no-store, no-cache
      content-length:
      - '1113'
      content-type:
      - application/json
      date:
      - Fri, 22 Oct 2021 23:59:16 GMT
      pragma:
      - no-cache
      server:
      - Microsoft-HTTPAPI/2.0
      strict-transport-security:
      - max-age=31536000; includeSubDomains
      transfer-encoding:
      - chunked
      vary:
      - Accept-Encoding
      x-content-type-options:
      - nosniff
      x-ms-gatewayversion:
      - version=2.14.0
    status:
      code: 200
      message: Ok
- request:
    body: null
    headers:
      Accept:
      - application/json
      Accept-Encoding:
      - gzip, deflate
      CommandName:
      - cosmosdb gremlin graph exists
      Connection:
      - keep-alive
      ParameterSetName:
      - -g -a -d -n
      User-Agent:
      - AZURECLI/2.29.1 azsdk-python-mgmt-cosmosdb/0.7.0 Python/3.8.10 (Windows-10-10.0.22000-SP0)
    method: GET
    uri: https://centraluseuap.management.azure.com/subscriptions/00000000-0000-0000-0000-000000000000/resourceGroups/cli_test_cosmosdb_gremlin_graph000001/providers/Microsoft.DocumentDB/databaseAccounts/cli000004/gremlinDatabases/cli000002/graphs/cli000003?api-version=2021-10-15
  response:
    body:
      string: '{"id":"/subscriptions/00000000-0000-0000-0000-000000000000/resourceGroups/cli_test_cosmosdb_gremlin_graph000001/providers/Microsoft.DocumentDB/databaseAccounts/cli000004/gremlinDatabases/cli000002/graphs/cli000003","type":"Microsoft.DocumentDB/databaseAccounts/gremlinDatabases/graphs","name":"cli000003","properties":{"resource":{"id":"cli000003","indexingPolicy":{"indexingMode":"consistent","automatic":true,"includedPaths":[{"path":"/*"}],"excludedPaths":[{"path":"/headquarters/employees/?"},{"path":"/\"_etag\"/?"}]},"partitionKey":{"paths":["/thePartitionKey"],"kind":"Hash"},"defaultTtl":2000,"uniqueKeyPolicy":{"uniqueKeys":[]},"conflictResolutionPolicy":{"mode":"lastWriterWins","conflictResolutionPath":"/path","conflictResolutionProcedure":""},"geospatialConfig":{"type":"Geography"},"_rid":"aNITAOMJILE=","_ts":1634947128,"_self":"dbs/aNITAA==/colls/aNITAOMJILE=/","_etag":"\"00000b0d-0000-0700-0000-617350380000\"","_docs":"docs/","_sprocs":"sprocs/","_triggers":"triggers/","_udfs":"udfs/","_conflicts":"conflicts/","statistics":[{"id":"0","sizeInKB":0,"documentCount":0,"partitionKeys":[]}]}}}'
    headers:
      cache-control:
      - no-store, no-cache
      content-length:
      - '1177'
      content-type:
      - application/json
      date:
      - Fri, 22 Oct 2021 23:59:17 GMT
      pragma:
      - no-cache
      server:
      - Microsoft-HTTPAPI/2.0
      strict-transport-security:
      - max-age=31536000; includeSubDomains
      transfer-encoding:
      - chunked
      vary:
      - Accept-Encoding
      x-content-type-options:
      - nosniff
      x-ms-gatewayversion:
      - version=2.14.0
    status:
      code: 200
      message: Ok
- request:
    body: null
    headers:
      Accept:
      - '*/*'
      Accept-Encoding:
      - gzip, deflate
      CommandName:
      - cosmosdb gremlin graph delete
      Connection:
      - keep-alive
      Content-Length:
      - '0'
      ParameterSetName:
      - -g -a -d -n --yes
      User-Agent:
      - AZURECLI/2.29.1 azsdk-python-mgmt-cosmosdb/0.7.0 Python/3.8.10 (Windows-10-10.0.22000-SP0)
    method: DELETE
    uri: https://centraluseuap.management.azure.com/subscriptions/00000000-0000-0000-0000-000000000000/resourceGroups/cli_test_cosmosdb_gremlin_graph000001/providers/Microsoft.DocumentDB/databaseAccounts/cli000004/gremlinDatabases/cli000002/graphs/cli000003?api-version=2021-10-15
  response:
    body:
      string: '{"status":"Enqueued"}'
    headers:
      azure-asyncoperation:
      - https://centraluseuap.management.azure.com/subscriptions/00000000-0000-0000-0000-000000000000/providers/Microsoft.DocumentDB/locations/westus/operationsStatus/2facc661-4324-4fca-b887-396473d4caa1?api-version=2021-10-15
      cache-control:
      - no-store, no-cache
      content-length:
      - '21'
      content-type:
      - application/json
      date:
      - Fri, 22 Oct 2021 23:59:18 GMT
      location:
      - https://centraluseuap.management.azure.com/subscriptions/00000000-0000-0000-0000-000000000000/resourceGroups/cli_test_cosmosdb_gremlin_graph000001/providers/Microsoft.DocumentDB/databaseAccounts/cli000004/gremlinDatabases/cli000002/graphs/cli000003/operationResults/2facc661-4324-4fca-b887-396473d4caa1?api-version=2021-10-15
      pragma:
      - no-cache
      server:
      - Microsoft-HTTPAPI/2.0
      strict-transport-security:
      - max-age=31536000; includeSubDomains
      x-content-type-options:
      - nosniff
      x-ms-gatewayversion:
      - version=2.14.0
      x-ms-ratelimit-remaining-subscription-deletes:
      - '14993'
    status:
      code: 202
      message: Accepted
- request:
    body: null
    headers:
      Accept:
      - '*/*'
      Accept-Encoding:
      - gzip, deflate
      CommandName:
      - cosmosdb gremlin graph delete
      Connection:
      - keep-alive
      ParameterSetName:
      - -g -a -d -n --yes
      User-Agent:
      - AZURECLI/2.29.1 azsdk-python-mgmt-cosmosdb/0.7.0 Python/3.8.10 (Windows-10-10.0.22000-SP0)
    method: GET
    uri: https://centraluseuap.management.azure.com/subscriptions/00000000-0000-0000-0000-000000000000/providers/Microsoft.DocumentDB/locations/westus/operationsStatus/2facc661-4324-4fca-b887-396473d4caa1?api-version=2021-10-15
  response:
    body:
      string: '{"status":"Succeeded"}'
    headers:
      cache-control:
      - no-store, no-cache
      content-length:
      - '22'
      content-type:
      - application/json
      date:
      - Fri, 22 Oct 2021 23:59:48 GMT
      pragma:
      - no-cache
      server:
      - Microsoft-HTTPAPI/2.0
      strict-transport-security:
      - max-age=31536000; includeSubDomains
      transfer-encoding:
      - chunked
      vary:
      - Accept-Encoding
      x-content-type-options:
      - nosniff
      x-ms-gatewayversion:
      - version=2.14.0
    status:
      code: 200
      message: Ok
- request:
    body: null
    headers:
      Accept:
      - application/json
      Accept-Encoding:
      - gzip, deflate
      CommandName:
      - cosmosdb gremlin graph list
      Connection:
      - keep-alive
      ParameterSetName:
      - -g -a -d
      User-Agent:
      - AZURECLI/2.29.1 azsdk-python-mgmt-cosmosdb/0.7.0 Python/3.8.10 (Windows-10-10.0.22000-SP0)
    method: GET
    uri: https://centraluseuap.management.azure.com/subscriptions/00000000-0000-0000-0000-000000000000/resourceGroups/cli_test_cosmosdb_gremlin_graph000001/providers/Microsoft.DocumentDB/databaseAccounts/cli000004/gremlinDatabases/cli000002/graphs?api-version=2021-10-15
  response:
    body:
      string: '{"value":[]}'
    headers:
      cache-control:
      - no-store, no-cache
      content-length:
      - '12'
      content-type:
      - application/json
      date:
      - Fri, 22 Oct 2021 23:59:49 GMT
      pragma:
      - no-cache
      server:
      - Microsoft-HTTPAPI/2.0
      strict-transport-security:
      - max-age=31536000; includeSubDomains
      transfer-encoding:
      - chunked
      vary:
      - Accept-Encoding
      x-content-type-options:
      - nosniff
      x-ms-gatewayversion:
      - version=2.14.0
    status:
      code: 200
      message: Ok
version: 1
