interactions:
- request:
    body: null
    headers:
      Accept:
      - application/json
      Accept-Encoding:
      - gzip, deflate
      CommandName:
      - cosmosdb create
      Connection:
      - keep-alive
      ParameterSetName:
      - -n -g --kind
      User-Agent:
      - python/3.7.0 (Windows-10-10.0.18362-SP0) msrest/0.6.7 msrest_azure/0.6.2 azure-mgmt-resource/4.0.0
        Azure-SDK-For-Python AZURECLI/2.0.76
      accept-language:
      - en-US
    method: GET
    uri: https://management.azure.com/subscriptions/00000000-0000-0000-0000-000000000000/resourcegroups/cli_test_cosmosdb_mongodb_collection000001?api-version=2019-07-01
  response:
    body:
      string: '{"id":"/subscriptions/00000000-0000-0000-0000-000000000000/resourceGroups/cli_test_cosmosdb_mongodb_collection000001","name":"cli_test_cosmosdb_mongodb_collection000001","type":"Microsoft.Resources/resourceGroups","location":"westus","tags":{"product":"azurecli","cause":"automation","date":"2019-12-11T01:02:02Z"},"properties":{"provisioningState":"Succeeded"}}'
    headers:
      cache-control:
      - no-cache
      content-length:
      - '428'
      content-type:
      - application/json; charset=utf-8
      date:
      - Wed, 11 Dec 2019 01:02:03 GMT
      expires:
      - '-1'
      pragma:
      - no-cache
      strict-transport-security:
      - max-age=31536000; includeSubDomains
      vary:
      - Accept-Encoding
      x-content-type-options:
      - nosniff
    status:
      code: 200
      message: OK
- request:
    body: '{"location": "westus", "kind": "MongoDB", "properties": {"locations": [{"locationName":
      "westus", "failoverPriority": 0, "isZoneRedundant": false}], "databaseAccountOfferType":
      "Standard"}}'
    headers:
      Accept:
      - application/json
      Accept-Encoding:
      - gzip, deflate
      CommandName:
      - cosmosdb create
      Connection:
      - keep-alive
      Content-Length:
      - '189'
      Content-Type:
      - application/json; charset=utf-8
      ParameterSetName:
      - -n -g --kind
      User-Agent:
      - python/3.7.0 (Windows-10-10.0.18362-SP0) msrest/0.6.7 msrest_azure/0.6.2 azure-mgmt-cosmosdb/0.11.0
        Azure-SDK-For-Python AZURECLI/2.0.76
      accept-language:
      - en-US
    method: PUT
    uri: https://management.azure.com/subscriptions/00000000-0000-0000-0000-000000000000/resourceGroups/cli_test_cosmosdb_mongodb_collection000001/providers/Microsoft.DocumentDB/databaseAccounts/cli000003?api-version=2019-12-12
  response:
    body:
      string: '{"id":"/subscriptions/00000000-0000-0000-0000-000000000000/resourceGroups/cli_test_cosmosdb_mongodb_collection000001/providers/Microsoft.DocumentDB/databaseAccounts/cli000003","name":"cli000003","location":"West
        US","type":"Microsoft.DocumentDB/databaseAccounts","kind":"MongoDB","tags":{},"properties":{"provisioningState":"Initializing","ipRangeFilter":"","enableAutomaticFailover":false,"enableMultipleWriteLocations":false,"enablePartitionKeyMonitor":false,"isVirtualNetworkFilterEnabled":false,"virtualNetworkRules":[],"EnabledApiTypes":"MongoDB","disableKeyBasedMetadataWriteAccess":false,"databaseAccountOfferType":"Standard","consistencyPolicy":{"defaultConsistencyLevel":"Session","maxIntervalInSeconds":5,"maxStalenessPrefix":100},"configurationOverrides":{},"writeLocations":[{"id":"cli000003-westus","locationName":"West
        US","provisioningState":"Initializing","failoverPriority":0,"isZoneRedundant":false}],"readLocations":[{"id":"cli000003-westus","locationName":"West
        US","provisioningState":"Initializing","failoverPriority":0,"isZoneRedundant":false}],"locations":[{"id":"cli000003-westus","locationName":"West
        US","provisioningState":"Initializing","failoverPriority":0,"isZoneRedundant":false}],"failoverPolicies":[{"id":"cli000003-westus","locationName":"West
        US","failoverPriority":0}],"cors":[],"capabilities":[]}}'
    headers:
      azure-asyncoperation:
      - https://management.azure.com/subscriptions/00000000-0000-0000-0000-000000000000/providers/Microsoft.DocumentDB/locations/westus/operationsStatus/db610bae-7a44-4cff-a712-c33e28dbafea?api-version=2019-12-12
      cache-control:
      - no-store, no-cache
      content-length:
      - '1404'
      content-location:
      - https://management.documents.azure.com:450/subscriptions/3901edbf-e5b3-4040-a565-13784a96c238/resourceGroups/cli_test_cosmosdb_mongodb_collectiongtmdakro4hhb5unhymu3ucpnca4h66wr7of356b/providers/Microsoft.DocumentDB/databaseAccounts/clidgdnpvnwa6sf?api-version=2019-12-12
      content-type:
      - application/json
      date:
      - Wed, 11 Dec 2019 01:02:08 GMT
      location:
      - https://management.azure.com/subscriptions/00000000-0000-0000-0000-000000000000/resourceGroups/cli_test_cosmosdb_mongodb_collection000001/providers/Microsoft.DocumentDB/databaseAccounts/cli000003/operationResults/db610bae-7a44-4cff-a712-c33e28dbafea?api-version=2019-12-12
      pragma:
      - no-cache
      server:
      - Microsoft-HTTPAPI/2.0
      strict-transport-security:
      - max-age=31536000; includeSubDomains
      transfer-encoding:
      - chunked
      vary:
      - Accept-Encoding
      x-content-type-options:
      - nosniff
      x-ms-gatewayversion:
      - version=2.7.0
      x-ms-ratelimit-remaining-subscription-writes:
      - '1199'
    status:
      code: 200
      message: Ok
- request:
    body: null
    headers:
      Accept:
      - application/json
      Accept-Encoding:
      - gzip, deflate
      CommandName:
      - cosmosdb create
      Connection:
      - keep-alive
      ParameterSetName:
      - -n -g --kind
      User-Agent:
      - python/3.7.0 (Windows-10-10.0.18362-SP0) msrest/0.6.7 msrest_azure/0.6.2 azure-mgmt-cosmosdb/0.11.0
        Azure-SDK-For-Python AZURECLI/2.0.76
    method: GET
    uri: https://management.azure.com/subscriptions/00000000-0000-0000-0000-000000000000/providers/Microsoft.DocumentDB/locations/westus/operationsStatus/db610bae-7a44-4cff-a712-c33e28dbafea?api-version=2019-12-12
  response:
    body:
      string: '{"status":"Dequeued","error":{}}'
    headers:
      cache-control:
      - no-store, no-cache
      content-length:
      - '32'
      content-location:
      - https://management.documents.azure.com:450/subscriptions/3901edbf-e5b3-4040-a565-13784a96c238/providers/Microsoft.DocumentDB/locations/westus/operationsStatus/db610bae-7a44-4cff-a712-c33e28dbafea?api-version=2019-12-12
      content-type:
      - application/json
      date:
      - Wed, 11 Dec 2019 01:02:39 GMT
      pragma:
      - no-cache
      server:
      - Microsoft-HTTPAPI/2.0
      strict-transport-security:
      - max-age=31536000; includeSubDomains
      transfer-encoding:
      - chunked
      vary:
      - Accept-Encoding
      x-content-type-options:
      - nosniff
      x-ms-gatewayversion:
      - version=2.7.0
    status:
      code: 200
      message: Ok
- request:
    body: null
    headers:
      Accept:
      - application/json
      Accept-Encoding:
      - gzip, deflate
      CommandName:
      - cosmosdb create
      Connection:
      - keep-alive
      ParameterSetName:
      - -n -g --kind
      User-Agent:
      - python/3.7.0 (Windows-10-10.0.18362-SP0) msrest/0.6.7 msrest_azure/0.6.2 azure-mgmt-cosmosdb/0.11.0
        Azure-SDK-For-Python AZURECLI/2.0.76
    method: GET
    uri: https://management.azure.com/subscriptions/00000000-0000-0000-0000-000000000000/providers/Microsoft.DocumentDB/locations/westus/operationsStatus/db610bae-7a44-4cff-a712-c33e28dbafea?api-version=2019-12-12
  response:
    body:
      string: '{"status":"Dequeued","error":{}}'
    headers:
      cache-control:
      - no-store, no-cache
      content-length:
      - '32'
      content-location:
      - https://management.documents.azure.com:450/subscriptions/3901edbf-e5b3-4040-a565-13784a96c238/providers/Microsoft.DocumentDB/locations/westus/operationsStatus/db610bae-7a44-4cff-a712-c33e28dbafea?api-version=2019-12-12
      content-type:
      - application/json
      date:
      - Wed, 11 Dec 2019 01:03:08 GMT
      pragma:
      - no-cache
      server:
      - Microsoft-HTTPAPI/2.0
      strict-transport-security:
      - max-age=31536000; includeSubDomains
      transfer-encoding:
      - chunked
      vary:
      - Accept-Encoding
      x-content-type-options:
      - nosniff
      x-ms-gatewayversion:
      - version=2.7.0
    status:
      code: 200
      message: Ok
- request:
    body: null
    headers:
      Accept:
      - application/json
      Accept-Encoding:
      - gzip, deflate
      CommandName:
      - cosmosdb create
      Connection:
      - keep-alive
      ParameterSetName:
      - -n -g --kind
      User-Agent:
      - python/3.7.0 (Windows-10-10.0.18362-SP0) msrest/0.6.7 msrest_azure/0.6.2 azure-mgmt-cosmosdb/0.11.0
        Azure-SDK-For-Python AZURECLI/2.0.76
    method: GET
    uri: https://management.azure.com/subscriptions/00000000-0000-0000-0000-000000000000/providers/Microsoft.DocumentDB/locations/westus/operationsStatus/db610bae-7a44-4cff-a712-c33e28dbafea?api-version=2019-12-12
  response:
    body:
      string: '{"status":"Dequeued","error":{}}'
    headers:
      cache-control:
      - no-store, no-cache
      content-length:
      - '32'
      content-location:
      - https://management.documents.azure.com:450/subscriptions/3901edbf-e5b3-4040-a565-13784a96c238/providers/Microsoft.DocumentDB/locations/westus/operationsStatus/db610bae-7a44-4cff-a712-c33e28dbafea?api-version=2019-12-12
      content-type:
      - application/json
      date:
      - Wed, 11 Dec 2019 01:03:39 GMT
      pragma:
      - no-cache
      server:
      - Microsoft-HTTPAPI/2.0
      strict-transport-security:
      - max-age=31536000; includeSubDomains
      transfer-encoding:
      - chunked
      vary:
      - Accept-Encoding
      x-content-type-options:
      - nosniff
      x-ms-gatewayversion:
      - version=2.7.0
    status:
      code: 200
      message: Ok
- request:
    body: null
    headers:
      Accept:
      - application/json
      Accept-Encoding:
      - gzip, deflate
      CommandName:
      - cosmosdb create
      Connection:
      - keep-alive
      ParameterSetName:
      - -n -g --kind
      User-Agent:
      - python/3.7.0 (Windows-10-10.0.18362-SP0) msrest/0.6.7 msrest_azure/0.6.2 azure-mgmt-cosmosdb/0.11.0
        Azure-SDK-For-Python AZURECLI/2.0.76
    method: GET
    uri: https://management.azure.com/subscriptions/00000000-0000-0000-0000-000000000000/providers/Microsoft.DocumentDB/locations/westus/operationsStatus/db610bae-7a44-4cff-a712-c33e28dbafea?api-version=2019-12-12
  response:
    body:
      string: '{"status":"Dequeued","error":{}}'
    headers:
      cache-control:
      - no-store, no-cache
      content-length:
      - '32'
      content-location:
      - https://management.documents.azure.com:450/subscriptions/3901edbf-e5b3-4040-a565-13784a96c238/providers/Microsoft.DocumentDB/locations/westus/operationsStatus/db610bae-7a44-4cff-a712-c33e28dbafea?api-version=2019-12-12
      content-type:
      - application/json
      date:
      - Wed, 11 Dec 2019 01:04:10 GMT
      pragma:
      - no-cache
      server:
      - Microsoft-HTTPAPI/2.0
      strict-transport-security:
      - max-age=31536000; includeSubDomains
      transfer-encoding:
      - chunked
      vary:
      - Accept-Encoding
      x-content-type-options:
      - nosniff
      x-ms-gatewayversion:
      - version=2.7.0
    status:
      code: 200
      message: Ok
- request:
    body: null
    headers:
      Accept:
      - application/json
      Accept-Encoding:
      - gzip, deflate
      CommandName:
      - cosmosdb create
      Connection:
      - keep-alive
      ParameterSetName:
      - -n -g --kind
      User-Agent:
      - python/3.7.0 (Windows-10-10.0.18362-SP0) msrest/0.6.7 msrest_azure/0.6.2 azure-mgmt-cosmosdb/0.11.0
        Azure-SDK-For-Python AZURECLI/2.0.76
    method: GET
    uri: https://management.azure.com/subscriptions/00000000-0000-0000-0000-000000000000/providers/Microsoft.DocumentDB/locations/westus/operationsStatus/db610bae-7a44-4cff-a712-c33e28dbafea?api-version=2019-12-12
  response:
    body:
      string: '{"status":"Dequeued","error":{}}'
    headers:
      cache-control:
      - no-store, no-cache
      content-length:
      - '32'
      content-location:
      - https://management.documents.azure.com:450/subscriptions/3901edbf-e5b3-4040-a565-13784a96c238/providers/Microsoft.DocumentDB/locations/westus/operationsStatus/db610bae-7a44-4cff-a712-c33e28dbafea?api-version=2019-12-12
      content-type:
      - application/json
      date:
      - Wed, 11 Dec 2019 01:04:40 GMT
      pragma:
      - no-cache
      server:
      - Microsoft-HTTPAPI/2.0
      strict-transport-security:
      - max-age=31536000; includeSubDomains
      transfer-encoding:
      - chunked
      vary:
      - Accept-Encoding
      x-content-type-options:
      - nosniff
      x-ms-gatewayversion:
      - version=2.7.0
    status:
      code: 200
      message: Ok
- request:
    body: null
    headers:
      Accept:
      - application/json
      Accept-Encoding:
      - gzip, deflate
      CommandName:
      - cosmosdb create
      Connection:
      - keep-alive
      ParameterSetName:
      - -n -g --kind
      User-Agent:
      - python/3.7.0 (Windows-10-10.0.18362-SP0) msrest/0.6.7 msrest_azure/0.6.2 azure-mgmt-cosmosdb/0.11.0
        Azure-SDK-For-Python AZURECLI/2.0.76
    method: GET
    uri: https://management.azure.com/subscriptions/00000000-0000-0000-0000-000000000000/providers/Microsoft.DocumentDB/locations/westus/operationsStatus/db610bae-7a44-4cff-a712-c33e28dbafea?api-version=2019-12-12
  response:
    body:
      string: '{"status":"Dequeued","error":{}}'
    headers:
      cache-control:
      - no-store, no-cache
      content-length:
      - '32'
      content-location:
      - https://management.documents.azure.com:450/subscriptions/3901edbf-e5b3-4040-a565-13784a96c238/providers/Microsoft.DocumentDB/locations/westus/operationsStatus/db610bae-7a44-4cff-a712-c33e28dbafea?api-version=2019-12-12
      content-type:
      - application/json
      date:
      - Wed, 11 Dec 2019 01:05:11 GMT
      pragma:
      - no-cache
      server:
      - Microsoft-HTTPAPI/2.0
      strict-transport-security:
      - max-age=31536000; includeSubDomains
      transfer-encoding:
      - chunked
      vary:
      - Accept-Encoding
      x-content-type-options:
      - nosniff
      x-ms-gatewayversion:
      - version=2.7.0
    status:
      code: 200
      message: Ok
- request:
    body: null
    headers:
      Accept:
      - application/json
      Accept-Encoding:
      - gzip, deflate
      CommandName:
      - cosmosdb create
      Connection:
      - keep-alive
      ParameterSetName:
      - -n -g --kind
      User-Agent:
      - python/3.7.0 (Windows-10-10.0.18362-SP0) msrest/0.6.7 msrest_azure/0.6.2 azure-mgmt-cosmosdb/0.11.0
        Azure-SDK-For-Python AZURECLI/2.0.76
    method: GET
    uri: https://management.azure.com/subscriptions/00000000-0000-0000-0000-000000000000/providers/Microsoft.DocumentDB/locations/westus/operationsStatus/db610bae-7a44-4cff-a712-c33e28dbafea?api-version=2019-12-12
  response:
    body:
      string: '{"status":"Dequeued","error":{}}'
    headers:
      cache-control:
      - no-store, no-cache
      content-length:
      - '32'
      content-location:
      - https://management.documents.azure.com:450/subscriptions/3901edbf-e5b3-4040-a565-13784a96c238/providers/Microsoft.DocumentDB/locations/westus/operationsStatus/db610bae-7a44-4cff-a712-c33e28dbafea?api-version=2019-12-12
      content-type:
      - application/json
      date:
      - Wed, 11 Dec 2019 01:05:41 GMT
      pragma:
      - no-cache
      server:
      - Microsoft-HTTPAPI/2.0
      strict-transport-security:
      - max-age=31536000; includeSubDomains
      transfer-encoding:
      - chunked
      vary:
      - Accept-Encoding
      x-content-type-options:
      - nosniff
      x-ms-gatewayversion:
      - version=2.7.0
    status:
      code: 200
      message: Ok
- request:
    body: null
    headers:
      Accept:
      - application/json
      Accept-Encoding:
      - gzip, deflate
      CommandName:
      - cosmosdb create
      Connection:
      - keep-alive
      ParameterSetName:
      - -n -g --kind
      User-Agent:
      - python/3.7.0 (Windows-10-10.0.18362-SP0) msrest/0.6.7 msrest_azure/0.6.2 azure-mgmt-cosmosdb/0.11.0
        Azure-SDK-For-Python AZURECLI/2.0.76
    method: GET
    uri: https://management.azure.com/subscriptions/00000000-0000-0000-0000-000000000000/providers/Microsoft.DocumentDB/locations/westus/operationsStatus/db610bae-7a44-4cff-a712-c33e28dbafea?api-version=2019-12-12
  response:
    body:
      string: '{"status":"Dequeued","error":{}}'
    headers:
      cache-control:
      - no-store, no-cache
      content-length:
      - '32'
      content-location:
      - https://management.documents.azure.com:450/subscriptions/3901edbf-e5b3-4040-a565-13784a96c238/providers/Microsoft.DocumentDB/locations/westus/operationsStatus/db610bae-7a44-4cff-a712-c33e28dbafea?api-version=2019-12-12
      content-type:
      - application/json
      date:
      - Wed, 11 Dec 2019 01:06:11 GMT
      pragma:
      - no-cache
      server:
      - Microsoft-HTTPAPI/2.0
      strict-transport-security:
      - max-age=31536000; includeSubDomains
      transfer-encoding:
      - chunked
      vary:
      - Accept-Encoding
      x-content-type-options:
      - nosniff
      x-ms-gatewayversion:
      - version=2.7.0
    status:
      code: 200
      message: Ok
- request:
    body: null
    headers:
      Accept:
      - application/json
      Accept-Encoding:
      - gzip, deflate
      CommandName:
      - cosmosdb create
      Connection:
      - keep-alive
      ParameterSetName:
      - -n -g --kind
      User-Agent:
      - python/3.7.0 (Windows-10-10.0.18362-SP0) msrest/0.6.7 msrest_azure/0.6.2 azure-mgmt-cosmosdb/0.11.0
        Azure-SDK-For-Python AZURECLI/2.0.76
    method: GET
    uri: https://management.azure.com/subscriptions/00000000-0000-0000-0000-000000000000/providers/Microsoft.DocumentDB/locations/westus/operationsStatus/db610bae-7a44-4cff-a712-c33e28dbafea?api-version=2019-12-12
  response:
    body:
      string: '{"status":"Dequeued","error":{}}'
    headers:
      cache-control:
      - no-store, no-cache
      content-length:
      - '32'
      content-location:
      - https://management.documents.azure.com:450/subscriptions/3901edbf-e5b3-4040-a565-13784a96c238/providers/Microsoft.DocumentDB/locations/westus/operationsStatus/db610bae-7a44-4cff-a712-c33e28dbafea?api-version=2019-12-12
      content-type:
      - application/json
      date:
      - Wed, 11 Dec 2019 01:06:42 GMT
      pragma:
      - no-cache
      server:
      - Microsoft-HTTPAPI/2.0
      strict-transport-security:
      - max-age=31536000; includeSubDomains
      transfer-encoding:
      - chunked
      vary:
      - Accept-Encoding
      x-content-type-options:
      - nosniff
      x-ms-gatewayversion:
      - version=2.7.0
    status:
      code: 200
      message: Ok
- request:
    body: null
    headers:
      Accept:
      - application/json
      Accept-Encoding:
      - gzip, deflate
      CommandName:
      - cosmosdb create
      Connection:
      - keep-alive
      ParameterSetName:
      - -n -g --kind
      User-Agent:
      - python/3.7.0 (Windows-10-10.0.18362-SP0) msrest/0.6.7 msrest_azure/0.6.2 azure-mgmt-cosmosdb/0.11.0
        Azure-SDK-For-Python AZURECLI/2.0.76
    method: GET
    uri: https://management.azure.com/subscriptions/00000000-0000-0000-0000-000000000000/providers/Microsoft.DocumentDB/locations/westus/operationsStatus/db610bae-7a44-4cff-a712-c33e28dbafea?api-version=2019-12-12
  response:
    body:
      string: '{"status":"Dequeued","error":{}}'
    headers:
      cache-control:
      - no-store, no-cache
      content-length:
      - '32'
      content-location:
      - https://management.documents.azure.com:450/subscriptions/3901edbf-e5b3-4040-a565-13784a96c238/providers/Microsoft.DocumentDB/locations/westus/operationsStatus/db610bae-7a44-4cff-a712-c33e28dbafea?api-version=2019-12-12
      content-type:
      - application/json
      date:
      - Wed, 11 Dec 2019 01:07:12 GMT
      pragma:
      - no-cache
      server:
      - Microsoft-HTTPAPI/2.0
      strict-transport-security:
      - max-age=31536000; includeSubDomains
      transfer-encoding:
      - chunked
      vary:
      - Accept-Encoding
      x-content-type-options:
      - nosniff
      x-ms-gatewayversion:
      - version=2.7.0
    status:
      code: 200
      message: Ok
- request:
    body: null
    headers:
      Accept:
      - application/json
      Accept-Encoding:
      - gzip, deflate
      CommandName:
      - cosmosdb create
      Connection:
      - keep-alive
      ParameterSetName:
      - -n -g --kind
      User-Agent:
      - python/3.7.0 (Windows-10-10.0.18362-SP0) msrest/0.6.7 msrest_azure/0.6.2 azure-mgmt-cosmosdb/0.11.0
        Azure-SDK-For-Python AZURECLI/2.0.76
    method: GET
    uri: https://management.azure.com/subscriptions/00000000-0000-0000-0000-000000000000/providers/Microsoft.DocumentDB/locations/westus/operationsStatus/db610bae-7a44-4cff-a712-c33e28dbafea?api-version=2019-12-12
  response:
    body:
      string: '{"status":"Dequeued","error":{}}'
    headers:
      cache-control:
      - no-store, no-cache
      content-length:
      - '32'
      content-location:
      - https://management.documents.azure.com:450/subscriptions/3901edbf-e5b3-4040-a565-13784a96c238/providers/Microsoft.DocumentDB/locations/westus/operationsStatus/db610bae-7a44-4cff-a712-c33e28dbafea?api-version=2019-12-12
      content-type:
      - application/json
      date:
      - Wed, 11 Dec 2019 01:07:42 GMT
      pragma:
      - no-cache
      server:
      - Microsoft-HTTPAPI/2.0
      strict-transport-security:
      - max-age=31536000; includeSubDomains
      transfer-encoding:
      - chunked
      vary:
      - Accept-Encoding
      x-content-type-options:
      - nosniff
      x-ms-gatewayversion:
      - version=2.7.0
    status:
      code: 200
      message: Ok
- request:
    body: null
    headers:
      Accept:
      - application/json
      Accept-Encoding:
      - gzip, deflate
      CommandName:
      - cosmosdb create
      Connection:
      - keep-alive
      ParameterSetName:
      - -n -g --kind
      User-Agent:
      - python/3.7.0 (Windows-10-10.0.18362-SP0) msrest/0.6.7 msrest_azure/0.6.2 azure-mgmt-cosmosdb/0.11.0
        Azure-SDK-For-Python AZURECLI/2.0.76
    method: GET
    uri: https://management.azure.com/subscriptions/00000000-0000-0000-0000-000000000000/providers/Microsoft.DocumentDB/locations/westus/operationsStatus/db610bae-7a44-4cff-a712-c33e28dbafea?api-version=2019-12-12
  response:
    body:
      string: '{"status":"Dequeued","error":{}}'
    headers:
      cache-control:
      - no-store, no-cache
      content-length:
      - '32'
      content-location:
      - https://management.documents.azure.com:450/subscriptions/3901edbf-e5b3-4040-a565-13784a96c238/providers/Microsoft.DocumentDB/locations/westus/operationsStatus/db610bae-7a44-4cff-a712-c33e28dbafea?api-version=2019-12-12
      content-type:
      - application/json
      date:
      - Wed, 11 Dec 2019 01:08:13 GMT
      pragma:
      - no-cache
      server:
      - Microsoft-HTTPAPI/2.0
      strict-transport-security:
      - max-age=31536000; includeSubDomains
      transfer-encoding:
      - chunked
      vary:
      - Accept-Encoding
      x-content-type-options:
      - nosniff
      x-ms-gatewayversion:
      - version=2.7.0
    status:
      code: 200
      message: Ok
- request:
    body: null
    headers:
      Accept:
      - application/json
      Accept-Encoding:
      - gzip, deflate
      CommandName:
      - cosmosdb create
      Connection:
      - keep-alive
      ParameterSetName:
      - -n -g --kind
      User-Agent:
      - python/3.7.0 (Windows-10-10.0.18362-SP0) msrest/0.6.7 msrest_azure/0.6.2 azure-mgmt-cosmosdb/0.11.0
        Azure-SDK-For-Python AZURECLI/2.0.76
    method: GET
    uri: https://management.azure.com/subscriptions/00000000-0000-0000-0000-000000000000/providers/Microsoft.DocumentDB/locations/westus/operationsStatus/db610bae-7a44-4cff-a712-c33e28dbafea?api-version=2019-12-12
  response:
    body:
      string: '{"status":"Dequeued","error":{}}'
    headers:
      cache-control:
      - no-store, no-cache
      content-length:
      - '32'
      content-location:
      - https://management.documents.azure.com:450/subscriptions/3901edbf-e5b3-4040-a565-13784a96c238/providers/Microsoft.DocumentDB/locations/westus/operationsStatus/db610bae-7a44-4cff-a712-c33e28dbafea?api-version=2019-12-12
      content-type:
      - application/json
      date:
      - Wed, 11 Dec 2019 01:08:43 GMT
      pragma:
      - no-cache
      server:
      - Microsoft-HTTPAPI/2.0
      strict-transport-security:
      - max-age=31536000; includeSubDomains
      transfer-encoding:
      - chunked
      vary:
      - Accept-Encoding
      x-content-type-options:
      - nosniff
      x-ms-gatewayversion:
      - version=2.7.0
    status:
      code: 200
      message: Ok
- request:
    body: null
    headers:
      Accept:
      - application/json
      Accept-Encoding:
      - gzip, deflate
      CommandName:
      - cosmosdb create
      Connection:
      - keep-alive
      ParameterSetName:
      - -n -g --kind
      User-Agent:
      - python/3.7.0 (Windows-10-10.0.18362-SP0) msrest/0.6.7 msrest_azure/0.6.2 azure-mgmt-cosmosdb/0.11.0
        Azure-SDK-For-Python AZURECLI/2.0.76
    method: GET
    uri: https://management.azure.com/subscriptions/00000000-0000-0000-0000-000000000000/providers/Microsoft.DocumentDB/locations/westus/operationsStatus/db610bae-7a44-4cff-a712-c33e28dbafea?api-version=2019-12-12
  response:
    body:
      string: '{"status":"Dequeued","error":{}}'
    headers:
      cache-control:
      - no-store, no-cache
      content-length:
      - '32'
      content-location:
      - https://management.documents.azure.com:450/subscriptions/3901edbf-e5b3-4040-a565-13784a96c238/providers/Microsoft.DocumentDB/locations/westus/operationsStatus/db610bae-7a44-4cff-a712-c33e28dbafea?api-version=2019-12-12
      content-type:
      - application/json
      date:
      - Wed, 11 Dec 2019 01:09:14 GMT
      pragma:
      - no-cache
      server:
      - Microsoft-HTTPAPI/2.0
      strict-transport-security:
      - max-age=31536000; includeSubDomains
      transfer-encoding:
      - chunked
      vary:
      - Accept-Encoding
      x-content-type-options:
      - nosniff
      x-ms-gatewayversion:
      - version=2.7.0
    status:
      code: 200
      message: Ok
- request:
    body: null
    headers:
      Accept:
      - application/json
      Accept-Encoding:
      - gzip, deflate
      CommandName:
      - cosmosdb create
      Connection:
      - keep-alive
      ParameterSetName:
      - -n -g --kind
      User-Agent:
      - python/3.7.0 (Windows-10-10.0.18362-SP0) msrest/0.6.7 msrest_azure/0.6.2 azure-mgmt-cosmosdb/0.11.0
        Azure-SDK-For-Python AZURECLI/2.0.76
    method: GET
    uri: https://management.azure.com/subscriptions/00000000-0000-0000-0000-000000000000/providers/Microsoft.DocumentDB/locations/westus/operationsStatus/db610bae-7a44-4cff-a712-c33e28dbafea?api-version=2019-12-12
  response:
    body:
      string: '{"status":"Succeeded","error":{}}'
    headers:
      cache-control:
      - no-store, no-cache
      content-length:
      - '33'
      content-location:
      - https://management.documents.azure.com:450/subscriptions/3901edbf-e5b3-4040-a565-13784a96c238/providers/Microsoft.DocumentDB/locations/westus/operationsStatus/db610bae-7a44-4cff-a712-c33e28dbafea?api-version=2019-12-12
      content-type:
      - application/json
      date:
      - Wed, 11 Dec 2019 01:09:44 GMT
      pragma:
      - no-cache
      server:
      - Microsoft-HTTPAPI/2.0
      strict-transport-security:
      - max-age=31536000; includeSubDomains
      transfer-encoding:
      - chunked
      vary:
      - Accept-Encoding
      x-content-type-options:
      - nosniff
      x-ms-gatewayversion:
      - version=2.7.0
    status:
      code: 200
      message: Ok
- request:
    body: null
    headers:
      Accept:
      - application/json
      Accept-Encoding:
      - gzip, deflate
      CommandName:
      - cosmosdb create
      Connection:
      - keep-alive
      ParameterSetName:
      - -n -g --kind
      User-Agent:
      - python/3.7.0 (Windows-10-10.0.18362-SP0) msrest/0.6.7 msrest_azure/0.6.2 azure-mgmt-cosmosdb/0.11.0
        Azure-SDK-For-Python AZURECLI/2.0.76
    method: GET
    uri: https://management.azure.com/subscriptions/00000000-0000-0000-0000-000000000000/resourceGroups/cli_test_cosmosdb_mongodb_collection000001/providers/Microsoft.DocumentDB/databaseAccounts/cli000003?api-version=2019-12-12
  response:
    body:
      string: '{"id":"/subscriptions/00000000-0000-0000-0000-000000000000/resourceGroups/cli_test_cosmosdb_mongodb_collection000001/providers/Microsoft.DocumentDB/databaseAccounts/cli000003","name":"cli000003","location":"West
        US","type":"Microsoft.DocumentDB/databaseAccounts","kind":"MongoDB","tags":{},"properties":{"provisioningState":"Succeeded","documentEndpoint":"https://cli000003.documents.azure.com:443/","ipRangeFilter":"","enableAutomaticFailover":false,"enableMultipleWriteLocations":false,"enablePartitionKeyMonitor":false,"isVirtualNetworkFilterEnabled":false,"virtualNetworkRules":[],"EnabledApiTypes":"MongoDB","disableKeyBasedMetadataWriteAccess":false,"databaseAccountOfferType":"Standard","consistencyPolicy":{"defaultConsistencyLevel":"Session","maxIntervalInSeconds":5,"maxStalenessPrefix":100},"configurationOverrides":{"EnableBsonSchema":"True"},"writeLocations":[{"id":"cli000003-westus","locationName":"West
        US","documentEndpoint":"https://cli000003-westus.documents.azure.com:443/","provisioningState":"Succeeded","failoverPriority":0,"isZoneRedundant":false}],"readLocations":[{"id":"cli000003-westus","locationName":"West
        US","documentEndpoint":"https://cli000003-westus.documents.azure.com:443/","provisioningState":"Succeeded","failoverPriority":0,"isZoneRedundant":false}],"locations":[{"id":"cli000003-westus","locationName":"West
        US","documentEndpoint":"https://cli000003-westus.documents.azure.com:443/","provisioningState":"Succeeded","failoverPriority":0,"isZoneRedundant":false}],"failoverPolicies":[{"id":"cli000003-westus","locationName":"West
        US","failoverPriority":0}],"cors":[],"capabilities":[]}}'
    headers:
      cache-control:
      - no-store, no-cache
      content-length:
      - '1718'
      content-location:
      - https://management.documents.azure.com:450/subscriptions/3901edbf-e5b3-4040-a565-13784a96c238/resourceGroups/cli_test_cosmosdb_mongodb_collectiongtmdakro4hhb5unhymu3ucpnca4h66wr7of356b/providers/Microsoft.DocumentDB/databaseAccounts/clidgdnpvnwa6sf?api-version=2019-12-12
      content-type:
      - application/json
      date:
      - Wed, 11 Dec 2019 01:09:44 GMT
      pragma:
      - no-cache
      server:
      - Microsoft-HTTPAPI/2.0
      strict-transport-security:
      - max-age=31536000; includeSubDomains
      transfer-encoding:
      - chunked
      vary:
      - Accept-Encoding
      x-content-type-options:
      - nosniff
      x-ms-gatewayversion:
      - version=2.7.0
    status:
      code: 200
      message: Ok
- request:
    body: null
    headers:
      Accept:
      - application/json
      Accept-Encoding:
      - gzip, deflate
      CommandName:
      - cosmosdb create
      Connection:
      - keep-alive
      ParameterSetName:
      - -n -g --kind
      User-Agent:
      - python/3.7.0 (Windows-10-10.0.18362-SP0) msrest/0.6.7 msrest_azure/0.6.2 azure-mgmt-cosmosdb/0.11.0
        Azure-SDK-For-Python AZURECLI/2.0.76
      accept-language:
      - en-US
    method: GET
    uri: https://management.azure.com/subscriptions/00000000-0000-0000-0000-000000000000/resourceGroups/cli_test_cosmosdb_mongodb_collection000001/providers/Microsoft.DocumentDB/databaseAccounts/cli000003?api-version=2019-12-12
  response:
    body:
      string: '{"id":"/subscriptions/00000000-0000-0000-0000-000000000000/resourceGroups/cli_test_cosmosdb_mongodb_collection000001/providers/Microsoft.DocumentDB/databaseAccounts/cli000003","name":"cli000003","location":"West
        US","type":"Microsoft.DocumentDB/databaseAccounts","kind":"MongoDB","tags":{},"properties":{"provisioningState":"Succeeded","documentEndpoint":"https://cli000003.documents.azure.com:443/","ipRangeFilter":"","enableAutomaticFailover":false,"enableMultipleWriteLocations":false,"enablePartitionKeyMonitor":false,"isVirtualNetworkFilterEnabled":false,"virtualNetworkRules":[],"EnabledApiTypes":"MongoDB","disableKeyBasedMetadataWriteAccess":false,"databaseAccountOfferType":"Standard","consistencyPolicy":{"defaultConsistencyLevel":"Session","maxIntervalInSeconds":5,"maxStalenessPrefix":100},"configurationOverrides":{"EnableBsonSchema":"True"},"writeLocations":[{"id":"cli000003-westus","locationName":"West
        US","documentEndpoint":"https://cli000003-westus.documents.azure.com:443/","provisioningState":"Succeeded","failoverPriority":0,"isZoneRedundant":false}],"readLocations":[{"id":"cli000003-westus","locationName":"West
        US","documentEndpoint":"https://cli000003-westus.documents.azure.com:443/","provisioningState":"Succeeded","failoverPriority":0,"isZoneRedundant":false}],"locations":[{"id":"cli000003-westus","locationName":"West
        US","documentEndpoint":"https://cli000003-westus.documents.azure.com:443/","provisioningState":"Succeeded","failoverPriority":0,"isZoneRedundant":false}],"failoverPolicies":[{"id":"cli000003-westus","locationName":"West
        US","failoverPriority":0}],"cors":[],"capabilities":[]}}'
    headers:
      cache-control:
      - no-store, no-cache
      content-length:
      - '1718'
      content-location:
      - https://management.documents.azure.com:450/subscriptions/3901edbf-e5b3-4040-a565-13784a96c238/resourceGroups/cli_test_cosmosdb_mongodb_collectiongtmdakro4hhb5unhymu3ucpnca4h66wr7of356b/providers/Microsoft.DocumentDB/databaseAccounts/clidgdnpvnwa6sf?api-version=2019-12-12
      content-type:
      - application/json
      date:
      - Wed, 11 Dec 2019 01:09:45 GMT
      pragma:
      - no-cache
      server:
      - Microsoft-HTTPAPI/2.0
      strict-transport-security:
      - max-age=31536000; includeSubDomains
      transfer-encoding:
      - chunked
      vary:
      - Accept-Encoding
      x-content-type-options:
      - nosniff
      x-ms-gatewayversion:
      - version=2.7.0
    status:
      code: 200
      message: Ok
- request:
    body: '{"properties": {"resource": {"id": "cli000004"}, "options": {}}}'
    headers:
      Accept:
      - application/json
      Accept-Encoding:
      - gzip, deflate
      CommandName:
      - cosmosdb mongodb database create
      Connection:
      - keep-alive
      Content-Length:
      - '70'
      Content-Type:
      - application/json; charset=utf-8
      ParameterSetName:
      - -g -a -n
      User-Agent:
      - python/3.7.0 (Windows-10-10.0.18362-SP0) msrest/0.6.7 msrest_azure/0.6.2 azure-mgmt-cosmosdb/0.11.0
        Azure-SDK-For-Python AZURECLI/2.0.76
      accept-language:
      - en-US
    method: PUT
    uri: https://management.azure.com/subscriptions/00000000-0000-0000-0000-000000000000/resourceGroups/cli_test_cosmosdb_mongodb_collection000001/providers/Microsoft.DocumentDB/databaseAccounts/cli000003/mongodbDatabases/cli000004?api-version=2019-12-12
  response:
    body:
      string: '{"status":"Enqueued","error":{}}'
    headers:
      azure-asyncoperation:
      - https://management.azure.com/subscriptions/00000000-0000-0000-0000-000000000000/providers/Microsoft.DocumentDB/locations/westus/operationsStatus/a9be1618-7d79-4e6f-b359-a8b535c6405a?api-version=2019-12-12
      cache-control:
      - no-store, no-cache
      content-length:
      - '32'
      content-location:
      - https://management.documents.azure.com:450/subscriptions/3901edbf-e5b3-4040-a565-13784a96c238/resourceGroups/cli_test_cosmosdb_mongodb_collectiongtmdakro4hhb5unhymu3ucpnca4h66wr7of356b/providers/Microsoft.DocumentDB/databaseAccounts/clidgdnpvnwa6sf/mongodbDatabases/clivdzanxrws5qc?api-version=2019-12-12
      content-type:
      - application/json
      date:
      - Wed, 11 Dec 2019 01:09:45 GMT
      location:
      - https://management.azure.com/subscriptions/00000000-0000-0000-0000-000000000000/resourceGroups/cli_test_cosmosdb_mongodb_collection000001/providers/Microsoft.DocumentDB/databaseAccounts/cli000003/mongodbDatabases/cli000004/operationResults/a9be1618-7d79-4e6f-b359-a8b535c6405a?api-version=2019-12-12
      pragma:
      - no-cache
      server:
      - Microsoft-HTTPAPI/2.0
      strict-transport-security:
      - max-age=31536000; includeSubDomains
      x-content-type-options:
      - nosniff
      x-ms-gatewayversion:
      - version=2.7.0
      x-ms-ratelimit-remaining-subscription-writes:
      - '1198'
    status:
      code: 202
      message: Accepted
- request:
    body: null
    headers:
      Accept:
      - application/json
      Accept-Encoding:
      - gzip, deflate
      CommandName:
      - cosmosdb mongodb database create
      Connection:
      - keep-alive
      ParameterSetName:
      - -g -a -n
      User-Agent:
      - python/3.7.0 (Windows-10-10.0.18362-SP0) msrest/0.6.7 msrest_azure/0.6.2 azure-mgmt-cosmosdb/0.11.0
        Azure-SDK-For-Python AZURECLI/2.0.76
    method: GET
    uri: https://management.azure.com/subscriptions/00000000-0000-0000-0000-000000000000/providers/Microsoft.DocumentDB/locations/westus/operationsStatus/a9be1618-7d79-4e6f-b359-a8b535c6405a?api-version=2019-12-12
  response:
    body:
      string: '{"status":"Succeeded","error":{}}'
    headers:
      cache-control:
      - no-store, no-cache
      content-length:
      - '33'
      content-location:
      - https://management.documents.azure.com:450/subscriptions/3901edbf-e5b3-4040-a565-13784a96c238/providers/Microsoft.DocumentDB/locations/westus/operationsStatus/a9be1618-7d79-4e6f-b359-a8b535c6405a?api-version=2019-12-12
      content-type:
      - application/json
      date:
      - Wed, 11 Dec 2019 01:10:16 GMT
      pragma:
      - no-cache
      server:
      - Microsoft-HTTPAPI/2.0
      strict-transport-security:
      - max-age=31536000; includeSubDomains
      transfer-encoding:
      - chunked
      vary:
      - Accept-Encoding
      x-content-type-options:
      - nosniff
      x-ms-gatewayversion:
      - version=2.7.0
    status:
      code: 200
      message: Ok
- request:
    body: null
    headers:
      Accept:
      - application/json
      Accept-Encoding:
      - gzip, deflate
      CommandName:
      - cosmosdb mongodb database create
      Connection:
      - keep-alive
      ParameterSetName:
      - -g -a -n
      User-Agent:
      - python/3.7.0 (Windows-10-10.0.18362-SP0) msrest/0.6.7 msrest_azure/0.6.2 azure-mgmt-cosmosdb/0.11.0
        Azure-SDK-For-Python AZURECLI/2.0.76
    method: GET
    uri: https://management.azure.com/subscriptions/00000000-0000-0000-0000-000000000000/resourceGroups/cli_test_cosmosdb_mongodb_collection000001/providers/Microsoft.DocumentDB/databaseAccounts/cli000003/mongodbDatabases/cli000004?api-version=2019-12-12
  response:
    body:
      string: '{"id":"/subscriptions/00000000-0000-0000-0000-000000000000/resourceGroups/cli_test_cosmosdb_mongodb_collection000001/providers/Microsoft.DocumentDB/databaseAccounts/cli000003/mongodbDatabases/cli000004","type":"Microsoft.DocumentDB/databaseAccounts/mongodbDatabases","name":"cli000004","properties":{"resource":{"id":"cli000004","_rid":"ZN4vAA==","_etag":"\"0000f501-0000-0700-0000-5df041db0000\"","_ts":1576026587}}}'
    headers:
      cache-control:
      - no-store, no-cache
      content-length:
      - '474'
      content-location:
      - https://management.documents.azure.com:450/subscriptions/3901edbf-e5b3-4040-a565-13784a96c238/resourceGroups/cli_test_cosmosdb_mongodb_collectiongtmdakro4hhb5unhymu3ucpnca4h66wr7of356b/providers/Microsoft.DocumentDB/databaseAccounts/clidgdnpvnwa6sf/mongodbDatabases/clivdzanxrws5qc?api-version=2019-12-12
      content-type:
      - application/json
      date:
      - Wed, 11 Dec 2019 01:10:16 GMT
      pragma:
      - no-cache
      server:
      - Microsoft-HTTPAPI/2.0
      strict-transport-security:
      - max-age=31536000; includeSubDomains
      transfer-encoding:
      - chunked
      vary:
      - Accept-Encoding
      x-content-type-options:
      - nosniff
      x-ms-gatewayversion:
      - version=2.7.0
    status:
      code: 200
      message: Ok
- request:
    body: '{"properties": {"resource": {"id": "cli000002", "shardKey": {"theShardKey":
      "Hash"}}, "options": {}}}'
    headers:
      Accept:
      - application/json
      Accept-Encoding:
      - gzip, deflate
      CommandName:
      - cosmosdb mongodb collection create
      Connection:
      - keep-alive
      Content-Length:
      - '107'
      Content-Type:
      - application/json; charset=utf-8
      ParameterSetName:
      - -g -a -d -n --shard
      User-Agent:
      - python/3.7.0 (Windows-10-10.0.18362-SP0) msrest/0.6.7 msrest_azure/0.6.2 azure-mgmt-cosmosdb/0.11.0
        Azure-SDK-For-Python AZURECLI/2.0.76
      accept-language:
      - en-US
    method: PUT
    uri: https://management.azure.com/subscriptions/00000000-0000-0000-0000-000000000000/resourceGroups/cli_test_cosmosdb_mongodb_collection000001/providers/Microsoft.DocumentDB/databaseAccounts/cli000003/mongodbDatabases/cli000004/collections/cli000002?api-version=2019-12-12
  response:
    body:
      string: '{"status":"Enqueued","error":{}}'
    headers:
      azure-asyncoperation:
      - https://management.azure.com/subscriptions/00000000-0000-0000-0000-000000000000/providers/Microsoft.DocumentDB/locations/westus/operationsStatus/b59c86b2-2f12-4045-ae80-7c05289c470f?api-version=2019-12-12
      cache-control:
      - no-store, no-cache
      content-length:
      - '32'
      content-location:
      - https://management.documents.azure.com:450/subscriptions/3901edbf-e5b3-4040-a565-13784a96c238/resourceGroups/cli_test_cosmosdb_mongodb_collectiongtmdakro4hhb5unhymu3ucpnca4h66wr7of356b/providers/Microsoft.DocumentDB/databaseAccounts/clidgdnpvnwa6sf/mongodbDatabases/clivdzanxrws5qc/collections/clizzqdn2pudtpk?api-version=2019-12-12
      content-type:
      - application/json
      date:
      - Wed, 11 Dec 2019 01:10:18 GMT
      location:
      - https://management.azure.com/subscriptions/00000000-0000-0000-0000-000000000000/resourceGroups/cli_test_cosmosdb_mongodb_collection000001/providers/Microsoft.DocumentDB/databaseAccounts/cli000003/mongodbDatabases/cli000004/collections/cli000002/operationResults/b59c86b2-2f12-4045-ae80-7c05289c470f?api-version=2019-12-12
      pragma:
      - no-cache
      server:
      - Microsoft-HTTPAPI/2.0
      strict-transport-security:
      - max-age=31536000; includeSubDomains
      x-content-type-options:
      - nosniff
      x-ms-gatewayversion:
      - version=2.7.0
      x-ms-ratelimit-remaining-subscription-writes:
      - '1199'
    status:
      code: 202
      message: Accepted
- request:
    body: null
    headers:
      Accept:
      - application/json
      Accept-Encoding:
      - gzip, deflate
      CommandName:
      - cosmosdb mongodb collection create
      Connection:
      - keep-alive
      ParameterSetName:
      - -g -a -d -n --shard
      User-Agent:
      - python/3.7.0 (Windows-10-10.0.18362-SP0) msrest/0.6.7 msrest_azure/0.6.2 azure-mgmt-cosmosdb/0.11.0
        Azure-SDK-For-Python AZURECLI/2.0.76
    method: GET
    uri: https://management.azure.com/subscriptions/00000000-0000-0000-0000-000000000000/providers/Microsoft.DocumentDB/locations/westus/operationsStatus/b59c86b2-2f12-4045-ae80-7c05289c470f?api-version=2019-12-12
  response:
    body:
      string: '{"status":"Succeeded","error":{}}'
    headers:
      cache-control:
      - no-store, no-cache
      content-length:
      - '33'
      content-location:
      - https://management.documents.azure.com:450/subscriptions/3901edbf-e5b3-4040-a565-13784a96c238/providers/Microsoft.DocumentDB/locations/westus/operationsStatus/b59c86b2-2f12-4045-ae80-7c05289c470f?api-version=2019-12-12
      content-type:
      - application/json
      date:
      - Wed, 11 Dec 2019 01:10:49 GMT
      pragma:
      - no-cache
      server:
      - Microsoft-HTTPAPI/2.0
      strict-transport-security:
      - max-age=31536000; includeSubDomains
      transfer-encoding:
      - chunked
      vary:
      - Accept-Encoding
      x-content-type-options:
      - nosniff
      x-ms-gatewayversion:
      - version=2.7.0
    status:
      code: 200
      message: Ok
- request:
    body: null
    headers:
      Accept:
      - application/json
      Accept-Encoding:
      - gzip, deflate
      CommandName:
      - cosmosdb mongodb collection create
      Connection:
      - keep-alive
      ParameterSetName:
      - -g -a -d -n --shard
      User-Agent:
      - python/3.7.0 (Windows-10-10.0.18362-SP0) msrest/0.6.7 msrest_azure/0.6.2 azure-mgmt-cosmosdb/0.11.0
        Azure-SDK-For-Python AZURECLI/2.0.76
    method: GET
    uri: https://management.azure.com/subscriptions/00000000-0000-0000-0000-000000000000/resourceGroups/cli_test_cosmosdb_mongodb_collection000001/providers/Microsoft.DocumentDB/databaseAccounts/cli000003/mongodbDatabases/cli000004/collections/cli000002?api-version=2019-12-12
  response:
    body:
      string: '{"id":"/subscriptions/00000000-0000-0000-0000-000000000000/resourceGroups/cli_test_cosmosdb_mongodb_collection000001/providers/Microsoft.DocumentDB/databaseAccounts/cli000003/mongodbDatabases/cli000004/collections/cli000002","type":"Microsoft.DocumentDB/databaseAccounts/mongodbDatabases/collections","name":"cli000002","properties":{"resource":{"id":"cli000002","_rid":"ZN4vAMRvFUI=","_etag":"\"0000f701-0000-0700-0000-5df041fd0000\"","_ts":1576026621,"shardKey":{"theShardKey":"Hash"},"indexes":[{"key":{"keys":["_id"]},"options":{}}]}}}'
    headers:
      cache-control:
      - no-store, no-cache
      content-length:
      - '602'
      content-location:
      - https://management.documents.azure.com:450/subscriptions/3901edbf-e5b3-4040-a565-13784a96c238/resourceGroups/cli_test_cosmosdb_mongodb_collectiongtmdakro4hhb5unhymu3ucpnca4h66wr7of356b/providers/Microsoft.DocumentDB/databaseAccounts/clidgdnpvnwa6sf/mongodbDatabases/clivdzanxrws5qc/collections/clizzqdn2pudtpk?api-version=2019-12-12
      content-type:
      - application/json
      date:
      - Wed, 11 Dec 2019 01:10:50 GMT
      pragma:
      - no-cache
      server:
      - Microsoft-HTTPAPI/2.0
      strict-transport-security:
      - max-age=31536000; includeSubDomains
      transfer-encoding:
      - chunked
      vary:
      - Accept-Encoding
      x-content-type-options:
      - nosniff
      x-ms-gatewayversion:
      - version=2.7.0
    status:
      code: 200
      message: Ok
- request:
    body: null
    headers:
      Accept:
      - application/json
      Accept-Encoding:
      - gzip, deflate
      CommandName:
      - cosmosdb mongodb collection update
      Connection:
      - keep-alive
      ParameterSetName:
      - -g -a -d -n --idx
      User-Agent:
      - python/3.7.0 (Windows-10-10.0.18362-SP0) msrest/0.6.7 msrest_azure/0.6.2 azure-mgmt-cosmosdb/0.11.0
        Azure-SDK-For-Python AZURECLI/2.0.76
      accept-language:
      - en-US
    method: GET
    uri: https://management.azure.com/subscriptions/00000000-0000-0000-0000-000000000000/resourceGroups/cli_test_cosmosdb_mongodb_collection000001/providers/Microsoft.DocumentDB/databaseAccounts/cli000003/mongodbDatabases/cli000004/collections/cli000002?api-version=2019-12-12
  response:
    body:
      string: '{"id":"/subscriptions/00000000-0000-0000-0000-000000000000/resourceGroups/cli_test_cosmosdb_mongodb_collection000001/providers/Microsoft.DocumentDB/databaseAccounts/cli000003/mongodbDatabases/cli000004/collections/cli000002","type":"Microsoft.DocumentDB/databaseAccounts/mongodbDatabases/collections","name":"cli000002","properties":{"resource":{"id":"cli000002","_rid":"ZN4vAMRvFUI=","_etag":"\"0000f701-0000-0700-0000-5df041fd0000\"","_ts":1576026621,"shardKey":{"theShardKey":"Hash"},"indexes":[{"key":{"keys":["_id"]},"options":{}}]}}}'
    headers:
      cache-control:
      - no-store, no-cache
      content-length:
      - '602'
      content-location:
      - https://management.documents.azure.com:450/subscriptions/3901edbf-e5b3-4040-a565-13784a96c238/resourceGroups/cli_test_cosmosdb_mongodb_collectiongtmdakro4hhb5unhymu3ucpnca4h66wr7of356b/providers/Microsoft.DocumentDB/databaseAccounts/clidgdnpvnwa6sf/mongodbDatabases/clivdzanxrws5qc/collections/clizzqdn2pudtpk?api-version=2019-12-12
      content-type:
      - application/json
      date:
      - Wed, 11 Dec 2019 01:10:51 GMT
      pragma:
      - no-cache
      server:
      - Microsoft-HTTPAPI/2.0
      strict-transport-security:
      - max-age=31536000; includeSubDomains
      transfer-encoding:
      - chunked
      vary:
      - Accept-Encoding
      x-content-type-options:
      - nosniff
      x-ms-gatewayversion:
      - version=2.7.0
    status:
      code: 200
      message: Ok
- request:
    body: '{"properties": {"resource": {"id": "cli000002", "shardKey": {"theShardKey":
      "Hash"}, "indexes": [{"key": {"keys": ["_ts"]}, "options": {"expireAfterSeconds":
      1000}}]}, "options": {}}}'
    headers:
      Accept:
      - application/json
      Accept-Encoding:
      - gzip, deflate
      CommandName:
      - cosmosdb mongodb collection update
      Connection:
      - keep-alive
      Content-Length:
      - '189'
      Content-Type:
      - application/json; charset=utf-8
      ParameterSetName:
      - -g -a -d -n --idx
      User-Agent:
      - python/3.7.0 (Windows-10-10.0.18362-SP0) msrest/0.6.7 msrest_azure/0.6.2 azure-mgmt-cosmosdb/0.11.0
        Azure-SDK-For-Python AZURECLI/2.0.76
      accept-language:
      - en-US
    method: PUT
    uri: https://management.azure.com/subscriptions/00000000-0000-0000-0000-000000000000/resourceGroups/cli_test_cosmosdb_mongodb_collection000001/providers/Microsoft.DocumentDB/databaseAccounts/cli000003/mongodbDatabases/cli000004/collections/cli000002?api-version=2019-12-12
  response:
    body:
      string: '{"status":"Enqueued","error":{}}'
    headers:
      azure-asyncoperation:
      - https://management.azure.com/subscriptions/00000000-0000-0000-0000-000000000000/providers/Microsoft.DocumentDB/locations/westus/operationsStatus/f9d1e40f-6d7c-4574-b0eb-1ce77fea9da3?api-version=2019-12-12
      cache-control:
      - no-store, no-cache
      content-length:
      - '32'
      content-location:
      - https://management.documents.azure.com:450/subscriptions/3901edbf-e5b3-4040-a565-13784a96c238/resourceGroups/cli_test_cosmosdb_mongodb_collectiongtmdakro4hhb5unhymu3ucpnca4h66wr7of356b/providers/Microsoft.DocumentDB/databaseAccounts/clidgdnpvnwa6sf/mongodbDatabases/clivdzanxrws5qc/collections/clizzqdn2pudtpk?api-version=2019-12-12
      content-type:
      - application/json
      date:
      - Wed, 11 Dec 2019 01:10:52 GMT
      location:
      - https://management.azure.com/subscriptions/00000000-0000-0000-0000-000000000000/resourceGroups/cli_test_cosmosdb_mongodb_collection000001/providers/Microsoft.DocumentDB/databaseAccounts/cli000003/mongodbDatabases/cli000004/collections/cli000002/operationResults/f9d1e40f-6d7c-4574-b0eb-1ce77fea9da3?api-version=2019-12-12
      pragma:
      - no-cache
      server:
      - Microsoft-HTTPAPI/2.0
      strict-transport-security:
      - max-age=31536000; includeSubDomains
      x-content-type-options:
      - nosniff
      x-ms-gatewayversion:
      - version=2.7.0
      x-ms-ratelimit-remaining-subscription-writes:
      - '1199'
    status:
      code: 202
      message: Accepted
- request:
    body: null
    headers:
      Accept:
      - application/json
      Accept-Encoding:
      - gzip, deflate
      CommandName:
      - cosmosdb mongodb collection update
      Connection:
      - keep-alive
      ParameterSetName:
      - -g -a -d -n --idx
      User-Agent:
      - python/3.7.0 (Windows-10-10.0.18362-SP0) msrest/0.6.7 msrest_azure/0.6.2 azure-mgmt-cosmosdb/0.11.0
        Azure-SDK-For-Python AZURECLI/2.0.76
    method: GET
    uri: https://management.azure.com/subscriptions/00000000-0000-0000-0000-000000000000/providers/Microsoft.DocumentDB/locations/westus/operationsStatus/f9d1e40f-6d7c-4574-b0eb-1ce77fea9da3?api-version=2019-12-12
  response:
    body:
      string: '{"status":"Succeeded","error":{}}'
    headers:
      cache-control:
      - no-store, no-cache
      content-length:
      - '33'
      content-location:
      - https://management.documents.azure.com:450/subscriptions/3901edbf-e5b3-4040-a565-13784a96c238/providers/Microsoft.DocumentDB/locations/westus/operationsStatus/f9d1e40f-6d7c-4574-b0eb-1ce77fea9da3?api-version=2019-12-12
      content-type:
      - application/json
      date:
      - Wed, 11 Dec 2019 01:11:22 GMT
      pragma:
      - no-cache
      server:
      - Microsoft-HTTPAPI/2.0
      strict-transport-security:
      - max-age=31536000; includeSubDomains
      transfer-encoding:
      - chunked
      vary:
      - Accept-Encoding
      x-content-type-options:
      - nosniff
      x-ms-gatewayversion:
      - version=2.7.0
    status:
      code: 200
      message: Ok
- request:
    body: null
    headers:
      Accept:
      - application/json
      Accept-Encoding:
      - gzip, deflate
      CommandName:
      - cosmosdb mongodb collection update
      Connection:
      - keep-alive
      ParameterSetName:
      - -g -a -d -n --idx
      User-Agent:
      - python/3.7.0 (Windows-10-10.0.18362-SP0) msrest/0.6.7 msrest_azure/0.6.2 azure-mgmt-cosmosdb/0.11.0
        Azure-SDK-For-Python AZURECLI/2.0.76
    method: GET
    uri: https://management.azure.com/subscriptions/00000000-0000-0000-0000-000000000000/resourceGroups/cli_test_cosmosdb_mongodb_collection000001/providers/Microsoft.DocumentDB/databaseAccounts/cli000003/mongodbDatabases/cli000004/collections/cli000002?api-version=2019-12-12
  response:
    body:
      string: '{"id":"/subscriptions/00000000-0000-0000-0000-000000000000/resourceGroups/cli_test_cosmosdb_mongodb_collection000001/providers/Microsoft.DocumentDB/databaseAccounts/cli000003/mongodbDatabases/cli000004/collections/cli000002","type":"Microsoft.DocumentDB/databaseAccounts/mongodbDatabases/collections","name":"cli000002","properties":{"resource":{"id":"cli000002","_rid":"ZN4vAMRvFUI=","_etag":"\"0000fc01-0000-0700-0000-5df0421e0000\"","_ts":1576026654,"shardKey":{"theShardKey":"Hash"},"indexes":[{"key":{"keys":["_id"]},"options":{}},{"key":{"keys":["_ts"]},"options":{"expireAfterSeconds":1000}}]}}}'
    headers:
      cache-control:
      - no-store, no-cache
      content-length:
      - '665'
      content-location:
      - https://management.documents.azure.com:450/subscriptions/3901edbf-e5b3-4040-a565-13784a96c238/resourceGroups/cli_test_cosmosdb_mongodb_collectiongtmdakro4hhb5unhymu3ucpnca4h66wr7of356b/providers/Microsoft.DocumentDB/databaseAccounts/clidgdnpvnwa6sf/mongodbDatabases/clivdzanxrws5qc/collections/clizzqdn2pudtpk?api-version=2019-12-12
      content-type:
      - application/json
      date:
      - Wed, 11 Dec 2019 01:11:28 GMT
      pragma:
      - no-cache
      server:
      - Microsoft-HTTPAPI/2.0
      strict-transport-security:
      - max-age=31536000; includeSubDomains
      transfer-encoding:
      - chunked
      vary:
      - Accept-Encoding
      x-content-type-options:
      - nosniff
      x-ms-gatewayversion:
      - version=2.7.0
    status:
      code: 200
      message: Ok
- request:
    body: null
    headers:
      Accept:
      - application/json
      Accept-Encoding:
      - gzip, deflate
      CommandName:
      - cosmosdb mongodb collection show
      Connection:
      - keep-alive
      ParameterSetName:
      - -g -a -d -n
      User-Agent:
      - python/3.7.0 (Windows-10-10.0.18362-SP0) msrest/0.6.7 msrest_azure/0.6.2 azure-mgmt-cosmosdb/0.11.0
        Azure-SDK-For-Python AZURECLI/2.0.76
      accept-language:
      - en-US
    method: GET
    uri: https://management.azure.com/subscriptions/00000000-0000-0000-0000-000000000000/resourceGroups/cli_test_cosmosdb_mongodb_collection000001/providers/Microsoft.DocumentDB/databaseAccounts/cli000003/mongodbDatabases/cli000004/collections/cli000002?api-version=2019-12-12
  response:
    body:
      string: '{"id":"/subscriptions/00000000-0000-0000-0000-000000000000/resourceGroups/cli_test_cosmosdb_mongodb_collection000001/providers/Microsoft.DocumentDB/databaseAccounts/cli000003/mongodbDatabases/cli000004/collections/cli000002","type":"Microsoft.DocumentDB/databaseAccounts/mongodbDatabases/collections","name":"cli000002","properties":{"resource":{"id":"cli000002","_rid":"ZN4vAMRvFUI=","_etag":"\"0000fc01-0000-0700-0000-5df0421e0000\"","_ts":1576026654,"shardKey":{"theShardKey":"Hash"},"indexes":[{"key":{"keys":["_id"]},"options":{}},{"key":{"keys":["_ts"]},"options":{"expireAfterSeconds":1000}}]}}}'
    headers:
      cache-control:
      - no-store, no-cache
      content-length:
      - '665'
      content-location:
      - https://management.documents.azure.com:450/subscriptions/3901edbf-e5b3-4040-a565-13784a96c238/resourceGroups/cli_test_cosmosdb_mongodb_collectiongtmdakro4hhb5unhymu3ucpnca4h66wr7of356b/providers/Microsoft.DocumentDB/databaseAccounts/clidgdnpvnwa6sf/mongodbDatabases/clivdzanxrws5qc/collections/clizzqdn2pudtpk?api-version=2019-12-12
      content-type:
      - application/json
      date:
      - Wed, 11 Dec 2019 01:11:35 GMT
      pragma:
      - no-cache
      server:
      - Microsoft-HTTPAPI/2.0
      strict-transport-security:
      - max-age=31536000; includeSubDomains
      transfer-encoding:
      - chunked
      vary:
      - Accept-Encoding
      x-content-type-options:
      - nosniff
      x-ms-gatewayversion:
      - version=2.7.0
    status:
      code: 200
      message: Ok
- request:
    body: null
    headers:
      Accept:
      - application/json
      Accept-Encoding:
      - gzip, deflate
      CommandName:
      - cosmosdb mongodb collection list
      Connection:
      - keep-alive
      ParameterSetName:
      - -g -a -d
      User-Agent:
      - python/3.7.0 (Windows-10-10.0.18362-SP0) msrest/0.6.7 msrest_azure/0.6.2 azure-mgmt-cosmosdb/0.11.0
        Azure-SDK-For-Python AZURECLI/2.0.76
      accept-language:
      - en-US
    method: GET
    uri: https://management.azure.com/subscriptions/00000000-0000-0000-0000-000000000000/resourceGroups/cli_test_cosmosdb_mongodb_collection000001/providers/Microsoft.DocumentDB/databaseAccounts/cli000003/mongodbDatabases/cli000004/collections?api-version=2019-12-12
  response:
    body:
      string: '{"value":[{"id":"/subscriptions/00000000-0000-0000-0000-000000000000/resourceGroups/cli_test_cosmosdb_mongodb_collection000001/providers/Microsoft.DocumentDB/databaseAccounts/cli000003/mongodbDatabases/cli000004/collections/cli000002","type":"Microsoft.DocumentDB/databaseAccounts/mongodbDatabases/collections","name":"cli000002","properties":{"resource":{"id":"cli000002","_rid":"ZN4vAMRvFUI=","_etag":"\"0000fc01-0000-0700-0000-5df0421e0000\"","_ts":1576026654,"shardKey":{"theShardKey":"Hash"},"indexes":[{"key":{"keys":["_id"]},"options":{}},{"key":{"keys":["_ts"]},"options":{"expireAfterSeconds":1000}}]}}}]}'
    headers:
      cache-control:
      - no-store, no-cache
      content-length:
      - '677'
      content-location:
      - https://management.documents.azure.com:450/subscriptions/3901edbf-e5b3-4040-a565-13784a96c238/resourceGroups/cli_test_cosmosdb_mongodb_collectiongtmdakro4hhb5unhymu3ucpnca4h66wr7of356b/providers/Microsoft.DocumentDB/databaseAccounts/clidgdnpvnwa6sf/mongodbDatabases/clivdzanxrws5qc/collections?api-version=2019-12-12
      content-type:
      - application/json
      date:
      - Wed, 11 Dec 2019 01:11:36 GMT
      pragma:
      - no-cache
      server:
      - Microsoft-HTTPAPI/2.0
      strict-transport-security:
      - max-age=31536000; includeSubDomains
      transfer-encoding:
      - chunked
      vary:
      - Accept-Encoding
      x-content-type-options:
      - nosniff
      x-ms-gatewayversion:
      - version=2.7.0
    status:
      code: 200
      message: Ok
- request:
    body: null
    headers:
      Accept:
      - application/json
      Accept-Encoding:
      - gzip, deflate
      CommandName:
      - cosmosdb mongodb collection delete
      Connection:
      - keep-alive
      Content-Length:
      - '0'
      ParameterSetName:
      - -g -a -d -n
      User-Agent:
      - python/3.7.0 (Windows-10-10.0.18362-SP0) msrest/0.6.7 msrest_azure/0.6.2 azure-mgmt-cosmosdb/0.11.0
        Azure-SDK-For-Python AZURECLI/2.0.76
      accept-language:
      - en-US
    method: DELETE
    uri: https://management.azure.com/subscriptions/00000000-0000-0000-0000-000000000000/resourceGroups/cli_test_cosmosdb_mongodb_collection000001/providers/Microsoft.DocumentDB/databaseAccounts/cli000003/mongodbDatabases/cli000004/collections/cli000002?api-version=2019-12-12
  response:
    body:
      string: '{"status":"Enqueued","error":{}}'
    headers:
      azure-asyncoperation:
      - https://management.azure.com/subscriptions/00000000-0000-0000-0000-000000000000/providers/Microsoft.DocumentDB/locations/westus/operationsStatus/40171df4-adb6-4d79-baf2-a31b484f27c3?api-version=2019-12-12
      cache-control:
      - no-store, no-cache
      content-length:
      - '32'
      content-location:
      - https://management.documents.azure.com:450/subscriptions/3901edbf-e5b3-4040-a565-13784a96c238/resourceGroups/cli_test_cosmosdb_mongodb_collectiongtmdakro4hhb5unhymu3ucpnca4h66wr7of356b/providers/Microsoft.DocumentDB/databaseAccounts/clidgdnpvnwa6sf/mongodbDatabases/clivdzanxrws5qc/collections/clizzqdn2pudtpk?api-version=2019-12-12
      content-type:
      - application/json
      date:
      - Wed, 11 Dec 2019 01:11:36 GMT
      location:
      - https://management.azure.com/subscriptions/00000000-0000-0000-0000-000000000000/resourceGroups/cli_test_cosmosdb_mongodb_collection000001/providers/Microsoft.DocumentDB/databaseAccounts/cli000003/mongodbDatabases/cli000004/collections/cli000002/operationResults/40171df4-adb6-4d79-baf2-a31b484f27c3?api-version=2019-12-12
      pragma:
      - no-cache
      server:
      - Microsoft-HTTPAPI/2.0
      strict-transport-security:
      - max-age=31536000; includeSubDomains
      x-content-type-options:
      - nosniff
      x-ms-gatewayversion:
      - version=2.7.0
      x-ms-ratelimit-remaining-subscription-deletes:
      - '14999'
    status:
      code: 202
      message: Accepted
- request:
    body: null
    headers:
      Accept:
      - application/json
      Accept-Encoding:
      - gzip, deflate
      CommandName:
      - cosmosdb mongodb collection delete
      Connection:
      - keep-alive
      ParameterSetName:
      - -g -a -d -n
      User-Agent:
      - python/3.7.0 (Windows-10-10.0.18362-SP0) msrest/0.6.7 msrest_azure/0.6.2 azure-mgmt-cosmosdb/0.11.0
        Azure-SDK-For-Python AZURECLI/2.0.76
    method: GET
    uri: https://management.azure.com/subscriptions/00000000-0000-0000-0000-000000000000/providers/Microsoft.DocumentDB/locations/westus/operationsStatus/40171df4-adb6-4d79-baf2-a31b484f27c3?api-version=2019-12-12
  response:
    body:
      string: '{"status":"Succeeded","error":{}}'
    headers:
      cache-control:
      - no-store, no-cache
      content-length:
      - '33'
      content-location:
      - https://management.documents.azure.com:450/subscriptions/3901edbf-e5b3-4040-a565-13784a96c238/providers/Microsoft.DocumentDB/locations/westus/operationsStatus/40171df4-adb6-4d79-baf2-a31b484f27c3?api-version=2019-12-12
      content-type:
      - application/json
      date:
      - Wed, 11 Dec 2019 01:12:08 GMT
      pragma:
      - no-cache
      server:
      - Microsoft-HTTPAPI/2.0
      strict-transport-security:
      - max-age=31536000; includeSubDomains
      transfer-encoding:
      - chunked
      vary:
      - Accept-Encoding
      x-content-type-options:
      - nosniff
      x-ms-gatewayversion:
      - version=2.7.0
    status:
      code: 200
      message: Ok
- request:
    body: null
    headers:
      Accept:
      - application/json
      Accept-Encoding:
      - gzip, deflate
      CommandName:
      - cosmosdb mongodb collection list
      Connection:
      - keep-alive
      ParameterSetName:
      - -g -a -d
      User-Agent:
      - python/3.7.0 (Windows-10-10.0.18362-SP0) msrest/0.6.7 msrest_azure/0.6.2 azure-mgmt-cosmosdb/0.11.0
        Azure-SDK-For-Python AZURECLI/2.0.76
      accept-language:
      - en-US
    method: GET
    uri: https://management.azure.com/subscriptions/00000000-0000-0000-0000-000000000000/resourceGroups/cli_test_cosmosdb_mongodb_collection000001/providers/Microsoft.DocumentDB/databaseAccounts/cli000003/mongodbDatabases/cli000004/collections?api-version=2019-12-12
  response:
    body:
      string: '{"value":[]}'
    headers:
      cache-control:
      - no-store, no-cache
      content-length:
      - '12'
      content-location:
      - https://management.documents.azure.com:450/subscriptions/3901edbf-e5b3-4040-a565-13784a96c238/resourceGroups/cli_test_cosmosdb_mongodb_collectiongtmdakro4hhb5unhymu3ucpnca4h66wr7of356b/providers/Microsoft.DocumentDB/databaseAccounts/clidgdnpvnwa6sf/mongodbDatabases/clivdzanxrws5qc/collections?api-version=2019-12-12
      content-type:
      - application/json
      date:
      - Wed, 11 Dec 2019 01:12:09 GMT
      pragma:
      - no-cache
      server:
      - Microsoft-HTTPAPI/2.0
      strict-transport-security:
      - max-age=31536000; includeSubDomains
      transfer-encoding:
      - chunked
      vary:
      - Accept-Encoding
      x-content-type-options:
      - nosniff
      x-ms-gatewayversion:
      - version=2.7.0
    status:
      code: 200
      message: Ok
version: 1
