interactions:
- request:
    body: null
    headers:
      Accept:
      - application/json
      Accept-Encoding:
      - gzip, deflate
      CommandName:
      - cosmosdb create
      Connection:
      - keep-alive
      ParameterSetName:
      - -n -g
      User-Agent:
      - python/3.8.6 (Windows-10-10.0.19041-SP0) msrest/0.6.18 msrest_azure/0.6.3
        azure-mgmt-resource/12.0.0 Azure-SDK-For-Python AZURECLI/2.16.0
      accept-language:
      - en-US
    method: GET
    uri: https://management.azure.com/subscriptions/00000000-0000-0000-0000-000000000000/resourcegroups/cli_test_cosmosdb_collection000001?api-version=2020-10-01
  response:
    body:
      string: '{"id":"/subscriptions/00000000-0000-0000-0000-000000000000/resourceGroups/cli_test_cosmosdb_collection000001","name":"cli_test_cosmosdb_collection000001","type":"Microsoft.Resources/resourceGroups","location":"westus","tags":{"product":"azurecli","cause":"automation","date":"2020-12-18T07:56:21Z"},"properties":{"provisioningState":"Succeeded"}}'
    headers:
      cache-control:
      - no-cache
      content-length:
      - '428'
      content-type:
      - application/json; charset=utf-8
      date:
      - Fri, 18 Dec 2020 07:56:22 GMT
      expires:
      - '-1'
      pragma:
      - no-cache
      strict-transport-security:
      - max-age=31536000; includeSubDomains
      vary:
      - Accept-Encoding
      x-content-type-options:
      - nosniff
    status:
      code: 200
      message: OK
- request:
    body: '{"location": "westus", "kind": "GlobalDocumentDB", "properties": {"locations":
      [{"locationName": "westus", "failoverPriority": 0, "isZoneRedundant": false}],
      "databaseAccountOfferType": "Standard", "apiProperties": {}}}'
    headers:
      Accept:
      - application/json
      Accept-Encoding:
      - gzip, deflate
      CommandName:
      - cosmosdb create
      Connection:
      - keep-alive
      Content-Length:
      - '219'
      Content-Type:
      - application/json; charset=utf-8
      ParameterSetName:
      - -n -g
      User-Agent:
      - python/3.8.6 (Windows-10-10.0.19041-SP0) msrest/0.6.18 msrest_azure/0.6.3
        azure-mgmt-cosmosdb/1.0.0 Azure-SDK-For-Python AZURECLI/2.16.0
      accept-language:
      - en-US
    method: PUT
    uri: https://management.azure.com/subscriptions/00000000-0000-0000-0000-000000000000/resourceGroups/cli_test_cosmosdb_collection000001/providers/Microsoft.DocumentDB/databaseAccounts/cli000003?api-version=2020-04-01
  response:
    body:
      string: '{"id":"/subscriptions/00000000-0000-0000-0000-000000000000/resourceGroups/cli_test_cosmosdb_collection000001/providers/Microsoft.DocumentDB/databaseAccounts/cli000003","name":"cli000003","location":"West
        US","type":"Microsoft.DocumentDB/databaseAccounts","kind":"GlobalDocumentDB","tags":{},"systemData":{"createdAt":"2020-12-18T07:56:25.5634143Z"},"properties":{"provisioningState":"Creating","publicNetworkAccess":"Enabled","enableAutomaticFailover":false,"enableMultipleWriteLocations":false,"enablePartitionKeyMonitor":false,"isVirtualNetworkFilterEnabled":false,"virtualNetworkRules":[],"EnabledApiTypes":"Sql","disableKeyBasedMetadataWriteAccess":false,"enableFreeTier":false,"enableAnalyticalStorage":false,"instanceId":"5e4f4579-1b2f-44c7-a317-84b14314ead7","createMode":"Default","databaseAccountOfferType":"Standard","consistencyPolicy":{"defaultConsistencyLevel":"Session","maxIntervalInSeconds":5,"maxStalenessPrefix":100},"configurationOverrides":{},"writeLocations":[{"id":"cli000003-westus","locationName":"West
        US","provisioningState":"Creating","failoverPriority":0,"isZoneRedundant":false}],"readLocations":[{"id":"cli000003-westus","locationName":"West
        US","provisioningState":"Creating","failoverPriority":0,"isZoneRedundant":false}],"locations":[{"id":"cli000003-westus","locationName":"West
        US","provisioningState":"Creating","failoverPriority":0,"isZoneRedundant":false}],"failoverPolicies":[{"id":"cli000003-westus","locationName":"West
        US","failoverPriority":0}],"cors":[],"capabilities":[],"ipRules":[],"backupPolicy":{"type":"Periodic","periodicModeProperties":{"backupIntervalInMinutes":240,"backupRetentionIntervalInHours":8}}}}'
    headers:
      azure-asyncoperation:
      - https://management.azure.com/subscriptions/00000000-0000-0000-0000-000000000000/providers/Microsoft.DocumentDB/locations/westus/operationsStatus/1ff87d1a-6ae5-4b75-ac74-ae91359225b1?api-version=2020-04-01
      cache-control:
      - no-store, no-cache
      content-length:
      - '1734'
      content-type:
      - application/json
      date:
      - Fri, 18 Dec 2020 07:56:26 GMT
      location:
      - https://management.azure.com/subscriptions/00000000-0000-0000-0000-000000000000/resourceGroups/cli_test_cosmosdb_collection000001/providers/Microsoft.DocumentDB/databaseAccounts/cli000003/operationResults/1ff87d1a-6ae5-4b75-ac74-ae91359225b1?api-version=2020-04-01
      pragma:
      - no-cache
      server:
      - Microsoft-HTTPAPI/2.0
      strict-transport-security:
      - max-age=31536000; includeSubDomains
      transfer-encoding:
      - chunked
      vary:
      - Accept-Encoding
      x-content-type-options:
      - nosniff
      x-ms-gatewayversion:
      - version=2.11.0
      x-ms-ratelimit-remaining-subscription-writes:
      - '1196'
    status:
      code: 200
      message: Ok
- request:
    body: null
    headers:
      Accept:
      - application/json
      Accept-Encoding:
      - gzip, deflate
      CommandName:
      - cosmosdb create
      Connection:
      - keep-alive
      ParameterSetName:
      - -n -g
      User-Agent:
      - python/3.8.6 (Windows-10-10.0.19041-SP0) msrest/0.6.18 msrest_azure/0.6.3
        azure-mgmt-cosmosdb/1.0.0 Azure-SDK-For-Python AZURECLI/2.16.0
    method: GET
    uri: https://management.azure.com/subscriptions/00000000-0000-0000-0000-000000000000/providers/Microsoft.DocumentDB/locations/westus/operationsStatus/1ff87d1a-6ae5-4b75-ac74-ae91359225b1?api-version=2020-04-01
  response:
    body:
      string: '{"status":"Dequeued"}'
    headers:
      cache-control:
      - no-store, no-cache
      content-length:
      - '21'
      content-type:
      - application/json
      date:
      - Fri, 18 Dec 2020 07:56:56 GMT
      pragma:
      - no-cache
      server:
      - Microsoft-HTTPAPI/2.0
      strict-transport-security:
      - max-age=31536000; includeSubDomains
      transfer-encoding:
      - chunked
      vary:
      - Accept-Encoding
      x-content-type-options:
      - nosniff
      x-ms-gatewayversion:
      - version=2.11.0
    status:
      code: 200
      message: Ok
- request:
    body: null
    headers:
      Accept:
      - application/json
      Accept-Encoding:
      - gzip, deflate
      CommandName:
      - cosmosdb create
      Connection:
      - keep-alive
      ParameterSetName:
      - -n -g
      User-Agent:
      - python/3.8.6 (Windows-10-10.0.19041-SP0) msrest/0.6.18 msrest_azure/0.6.3
        azure-mgmt-cosmosdb/1.0.0 Azure-SDK-For-Python AZURECLI/2.16.0
    method: GET
    uri: https://management.azure.com/subscriptions/00000000-0000-0000-0000-000000000000/providers/Microsoft.DocumentDB/locations/westus/operationsStatus/1ff87d1a-6ae5-4b75-ac74-ae91359225b1?api-version=2020-04-01
  response:
    body:
      string: '{"status":"Dequeued"}'
    headers:
      cache-control:
      - no-store, no-cache
      content-length:
      - '21'
      content-type:
      - application/json
      date:
      - Fri, 18 Dec 2020 07:57:26 GMT
      pragma:
      - no-cache
      server:
      - Microsoft-HTTPAPI/2.0
      strict-transport-security:
      - max-age=31536000; includeSubDomains
      transfer-encoding:
      - chunked
      vary:
      - Accept-Encoding
      x-content-type-options:
      - nosniff
      x-ms-gatewayversion:
      - version=2.11.0
    status:
      code: 200
      message: Ok
- request:
    body: null
    headers:
      Accept:
      - application/json
      Accept-Encoding:
      - gzip, deflate
      CommandName:
      - cosmosdb create
      Connection:
      - keep-alive
      ParameterSetName:
      - -n -g
      User-Agent:
      - python/3.8.6 (Windows-10-10.0.19041-SP0) msrest/0.6.18 msrest_azure/0.6.3
        azure-mgmt-cosmosdb/1.0.0 Azure-SDK-For-Python AZURECLI/2.16.0
    method: GET
    uri: https://management.azure.com/subscriptions/00000000-0000-0000-0000-000000000000/providers/Microsoft.DocumentDB/locations/westus/operationsStatus/1ff87d1a-6ae5-4b75-ac74-ae91359225b1?api-version=2020-04-01
  response:
    body:
      string: '{"status":"Succeeded"}'
    headers:
      cache-control:
      - no-store, no-cache
      content-length:
      - '22'
      content-type:
      - application/json
      date:
      - Fri, 18 Dec 2020 07:57:56 GMT
      pragma:
      - no-cache
      server:
      - Microsoft-HTTPAPI/2.0
      strict-transport-security:
      - max-age=31536000; includeSubDomains
      transfer-encoding:
      - chunked
      vary:
      - Accept-Encoding
      x-content-type-options:
      - nosniff
      x-ms-gatewayversion:
      - version=2.11.0
    status:
      code: 200
      message: Ok
- request:
    body: null
    headers:
      Accept:
      - application/json
      Accept-Encoding:
      - gzip, deflate
      CommandName:
      - cosmosdb create
      Connection:
      - keep-alive
      ParameterSetName:
      - -n -g
      User-Agent:
      - python/3.8.6 (Windows-10-10.0.19041-SP0) msrest/0.6.18 msrest_azure/0.6.3
        azure-mgmt-cosmosdb/1.0.0 Azure-SDK-For-Python AZURECLI/2.16.0
    method: GET
    uri: https://management.azure.com/subscriptions/00000000-0000-0000-0000-000000000000/resourceGroups/cli_test_cosmosdb_collection000001/providers/Microsoft.DocumentDB/databaseAccounts/cli000003?api-version=2020-04-01
  response:
    body:
      string: '{"id":"/subscriptions/00000000-0000-0000-0000-000000000000/resourceGroups/cli_test_cosmosdb_collection000001/providers/Microsoft.DocumentDB/databaseAccounts/cli000003","name":"cli000003","location":"West
        US","type":"Microsoft.DocumentDB/databaseAccounts","kind":"GlobalDocumentDB","tags":{},"systemData":{"createdAt":"2020-12-18T07:57:01.5900614Z"},"properties":{"provisioningState":"Succeeded","documentEndpoint":"https://cli000003.documents.azure.com:443/","publicNetworkAccess":"Enabled","enableAutomaticFailover":false,"enableMultipleWriteLocations":false,"enablePartitionKeyMonitor":false,"isVirtualNetworkFilterEnabled":false,"virtualNetworkRules":[],"EnabledApiTypes":"Sql","disableKeyBasedMetadataWriteAccess":false,"enableFreeTier":false,"enableAnalyticalStorage":false,"instanceId":"5e4f4579-1b2f-44c7-a317-84b14314ead7","createMode":"Default","databaseAccountOfferType":"Standard","consistencyPolicy":{"defaultConsistencyLevel":"Session","maxIntervalInSeconds":5,"maxStalenessPrefix":100},"configurationOverrides":{},"writeLocations":[{"id":"cli000003-westus","locationName":"West
        US","documentEndpoint":"https://cli000003-westus.documents.azure.com:443/","provisioningState":"Succeeded","failoverPriority":0,"isZoneRedundant":false}],"readLocations":[{"id":"cli000003-westus","locationName":"West
        US","documentEndpoint":"https://cli000003-westus.documents.azure.com:443/","provisioningState":"Succeeded","failoverPriority":0,"isZoneRedundant":false}],"locations":[{"id":"cli000003-westus","locationName":"West
        US","documentEndpoint":"https://cli000003-westus.documents.azure.com:443/","provisioningState":"Succeeded","failoverPriority":0,"isZoneRedundant":false}],"failoverPolicies":[{"id":"cli000003-westus","locationName":"West
        US","failoverPriority":0}],"cors":[],"capabilities":[],"ipRules":[],"backupPolicy":{"type":"Periodic","periodicModeProperties":{"backupIntervalInMinutes":240,"backupRetentionIntervalInHours":8}}}}'
    headers:
      cache-control:
      - no-store, no-cache
      content-length:
      - '2039'
      content-type:
      - application/json
      date:
      - Fri, 18 Dec 2020 07:57:56 GMT
      pragma:
      - no-cache
      server:
      - Microsoft-HTTPAPI/2.0
      strict-transport-security:
      - max-age=31536000; includeSubDomains
      transfer-encoding:
      - chunked
      vary:
      - Accept-Encoding
      x-content-type-options:
      - nosniff
      x-ms-gatewayversion:
      - version=2.11.0
    status:
      code: 200
      message: Ok
- request:
    body: null
    headers:
      Accept:
      - application/json
      Accept-Encoding:
      - gzip, deflate
      CommandName:
      - cosmosdb create
      Connection:
      - keep-alive
      ParameterSetName:
      - -n -g
      User-Agent:
      - python/3.8.6 (Windows-10-10.0.19041-SP0) msrest/0.6.18 msrest_azure/0.6.3
        azure-mgmt-cosmosdb/1.0.0 Azure-SDK-For-Python AZURECLI/2.16.0
      accept-language:
      - en-US
    method: GET
    uri: https://management.azure.com/subscriptions/00000000-0000-0000-0000-000000000000/resourceGroups/cli_test_cosmosdb_collection000001/providers/Microsoft.DocumentDB/databaseAccounts/cli000003?api-version=2020-04-01
  response:
    body:
      string: '{"id":"/subscriptions/00000000-0000-0000-0000-000000000000/resourceGroups/cli_test_cosmosdb_collection000001/providers/Microsoft.DocumentDB/databaseAccounts/cli000003","name":"cli000003","location":"West
        US","type":"Microsoft.DocumentDB/databaseAccounts","kind":"GlobalDocumentDB","tags":{},"systemData":{"createdAt":"2020-12-18T07:57:01.5900614Z"},"properties":{"provisioningState":"Succeeded","documentEndpoint":"https://cli000003.documents.azure.com:443/","publicNetworkAccess":"Enabled","enableAutomaticFailover":false,"enableMultipleWriteLocations":false,"enablePartitionKeyMonitor":false,"isVirtualNetworkFilterEnabled":false,"virtualNetworkRules":[],"EnabledApiTypes":"Sql","disableKeyBasedMetadataWriteAccess":false,"enableFreeTier":false,"enableAnalyticalStorage":false,"instanceId":"5e4f4579-1b2f-44c7-a317-84b14314ead7","createMode":"Default","databaseAccountOfferType":"Standard","consistencyPolicy":{"defaultConsistencyLevel":"Session","maxIntervalInSeconds":5,"maxStalenessPrefix":100},"configurationOverrides":{},"writeLocations":[{"id":"cli000003-westus","locationName":"West
        US","documentEndpoint":"https://cli000003-westus.documents.azure.com:443/","provisioningState":"Succeeded","failoverPriority":0,"isZoneRedundant":false}],"readLocations":[{"id":"cli000003-westus","locationName":"West
        US","documentEndpoint":"https://cli000003-westus.documents.azure.com:443/","provisioningState":"Succeeded","failoverPriority":0,"isZoneRedundant":false}],"locations":[{"id":"cli000003-westus","locationName":"West
        US","documentEndpoint":"https://cli000003-westus.documents.azure.com:443/","provisioningState":"Succeeded","failoverPriority":0,"isZoneRedundant":false}],"failoverPolicies":[{"id":"cli000003-westus","locationName":"West
        US","failoverPriority":0}],"cors":[],"capabilities":[],"ipRules":[],"backupPolicy":{"type":"Periodic","periodicModeProperties":{"backupIntervalInMinutes":240,"backupRetentionIntervalInHours":8}}}}'
    headers:
      cache-control:
      - no-store, no-cache
      content-length:
      - '2039'
      content-type:
      - application/json
      date:
      - Fri, 18 Dec 2020 07:57:57 GMT
      pragma:
      - no-cache
      server:
      - Microsoft-HTTPAPI/2.0
      strict-transport-security:
      - max-age=31536000; includeSubDomains
      transfer-encoding:
      - chunked
      vary:
      - Accept-Encoding
      x-content-type-options:
      - nosniff
      x-ms-gatewayversion:
      - version=2.11.0
    status:
      code: 200
      message: Ok
- request:
    body: null
    headers:
      Accept:
      - application/json
      Accept-Encoding:
      - gzip, deflate
      CommandName:
      - cosmosdb database create
      Connection:
      - keep-alive
      Content-Length:
      - '0'
      ParameterSetName:
      - -g -n -d
      User-Agent:
      - python/3.8.6 (Windows-10-10.0.19041-SP0) msrest/0.6.18 msrest_azure/0.6.3
        azure-mgmt-cosmosdb/1.0.0 Azure-SDK-For-Python AZURECLI/2.16.0
      accept-language:
      - en-US
    method: POST
    uri: https://management.azure.com/subscriptions/00000000-0000-0000-0000-000000000000/resourceGroups/cli_test_cosmosdb_collection000001/providers/Microsoft.DocumentDB/databaseAccounts/cli000003/listKeys?api-version=2020-04-01
  response:
    body:
      string: '{"primaryMasterKey":"Dn6yKG61lA7DCoynAyhyWw0IkiF56d4R2UMwrLCyohTh1ZawsCmlsa56ptRN9767qXwJydCXZhu5mhiESOn54g==","secondaryMasterKey":"R8uJ9kOwzIAcmtEaGIM902542mfDXYI4wdysrKez4I6NSdkaPB8cR1LyNbNaO4wkjUvPcp019e7VhE4yV54OTg==","primaryReadonlyMasterKey":"PImATIJcoIIH2g2GlVJdTdAam5qpfsEEZPJSlm0ueabZGEUgBcbxUJfbVZEZA9mxo3Qf1eQNtqrj0FpGIgIhtg==","secondaryReadonlyMasterKey":"JRZ5U3gHiE67ToFgB7HJPb77q47DULDepXuWifKzGMFrCwq7DqMjKU6ZG55qAjmoPMiC5MDZ2c2OifWU0kvynQ=="}'
    headers:
      cache-control:
      - no-store, no-cache
      content-length:
      - '461'
      content-type:
      - application/json
      date:
      - Fri, 18 Dec 2020 07:57:57 GMT
      pragma:
      - no-cache
      server:
      - Microsoft-HTTPAPI/2.0
      strict-transport-security:
      - max-age=31536000; includeSubDomains
      transfer-encoding:
      - chunked
      vary:
      - Accept-Encoding
      x-content-type-options:
      - nosniff
      x-ms-gatewayversion:
      - version=2.11.0
      x-ms-ratelimit-remaining-subscription-writes:
      - '1198'
    status:
      code: 200
      message: Ok
- request:
    body: null
    headers:
      Accept:
      - application/json
      Accept-Encoding:
      - gzip, deflate
      CommandName:
      - cosmosdb database create
      Connection:
      - keep-alive
      ParameterSetName:
      - -g -n -d
      User-Agent:
      - python/3.8.6 (Windows-10-10.0.19041-SP0) msrest/0.6.18 msrest_azure/0.6.3
        azure-mgmt-cosmosdb/1.0.0 Azure-SDK-For-Python AZURECLI/2.16.0
      accept-language:
      - en-US
    method: GET
    uri: https://management.azure.com/subscriptions/00000000-0000-0000-0000-000000000000/resourceGroups/cli_test_cosmosdb_collection000001/providers/Microsoft.DocumentDB/databaseAccounts/cli000003?api-version=2020-04-01
  response:
    body:
      string: '{"id":"/subscriptions/00000000-0000-0000-0000-000000000000/resourceGroups/cli_test_cosmosdb_collection000001/providers/Microsoft.DocumentDB/databaseAccounts/cli000003","name":"cli000003","location":"West
        US","type":"Microsoft.DocumentDB/databaseAccounts","kind":"GlobalDocumentDB","tags":{},"systemData":{"createdAt":"2020-12-18T07:57:01.5900614Z"},"properties":{"provisioningState":"Succeeded","documentEndpoint":"https://cli000003.documents.azure.com:443/","publicNetworkAccess":"Enabled","enableAutomaticFailover":false,"enableMultipleWriteLocations":false,"enablePartitionKeyMonitor":false,"isVirtualNetworkFilterEnabled":false,"virtualNetworkRules":[],"EnabledApiTypes":"Sql","disableKeyBasedMetadataWriteAccess":false,"enableFreeTier":false,"enableAnalyticalStorage":false,"instanceId":"5e4f4579-1b2f-44c7-a317-84b14314ead7","createMode":"Default","databaseAccountOfferType":"Standard","consistencyPolicy":{"defaultConsistencyLevel":"Session","maxIntervalInSeconds":5,"maxStalenessPrefix":100},"configurationOverrides":{},"writeLocations":[{"id":"cli000003-westus","locationName":"West
        US","documentEndpoint":"https://cli000003-westus.documents.azure.com:443/","provisioningState":"Succeeded","failoverPriority":0,"isZoneRedundant":false}],"readLocations":[{"id":"cli000003-westus","locationName":"West
        US","documentEndpoint":"https://cli000003-westus.documents.azure.com:443/","provisioningState":"Succeeded","failoverPriority":0,"isZoneRedundant":false}],"locations":[{"id":"cli000003-westus","locationName":"West
        US","documentEndpoint":"https://cli000003-westus.documents.azure.com:443/","provisioningState":"Succeeded","failoverPriority":0,"isZoneRedundant":false}],"failoverPolicies":[{"id":"cli000003-westus","locationName":"West
        US","failoverPriority":0}],"cors":[],"capabilities":[],"ipRules":[],"backupPolicy":{"type":"Periodic","periodicModeProperties":{"backupIntervalInMinutes":240,"backupRetentionIntervalInHours":8}}}}'
    headers:
      cache-control:
      - no-store, no-cache
      content-length:
      - '2039'
      content-type:
      - application/json
      date:
      - Fri, 18 Dec 2020 07:57:59 GMT
      pragma:
      - no-cache
      server:
      - Microsoft-HTTPAPI/2.0
      strict-transport-security:
      - max-age=31536000; includeSubDomains
      transfer-encoding:
      - chunked
      vary:
      - Accept-Encoding
      x-content-type-options:
      - nosniff
      x-ms-gatewayversion:
      - version=2.11.0
    status:
      code: 200
      message: Ok
- request:
    body: null
    headers:
      Accept:
      - application/json
      Accept-Encoding:
      - gzip, deflate
      Cache-Control:
      - no-cache
      Connection:
      - keep-alive
      Content-Length:
      - '0'
      User-Agent:
      - Windows/10 Python/3.8.6 azure-cosmos/3.1.2
      x-ms-consistency-level:
      - Session
      x-ms-date:
      - Fri, 18 Dec 2020 07:57:59 GMT
      x-ms-documentdb-query-iscontinuationexpected:
      - 'False'
      x-ms-session-token:
      - ''
      x-ms-version:
      - '2018-09-17'
    method: GET
    uri: https://cli000003.documents.azure.com/
  response:
    body:
      string: '{"_self":"","id":"cli000003","_rid":"cli000003.documents.azure.com","media":"//media/","addresses":"//addresses/","_dbs":"//dbs/","writableLocations":[{"name":"West
        US","databaseAccountEndpoint":"https://cli000003-westus.documents.azure.com:443/"}],"readableLocations":[{"name":"West
        US","databaseAccountEndpoint":"https://cli000003-westus.documents.azure.com:443/"}],"enableMultipleWriteLocations":false,"userReplicationPolicy":{"asyncReplication":false,"minReplicaSetSize":3,"maxReplicasetSize":4},"userConsistencyPolicy":{"defaultConsistencyLevel":"Session"},"systemReplicationPolicy":{"minReplicaSetSize":3,"maxReplicasetSize":4},"readPolicy":{"primaryReadCoefficient":1,"secondaryReadCoefficient":1},"queryEngineConfiguration":"{\"maxSqlQueryInputLength\":262144,\"maxJoinsPerSqlQuery\":5,\"maxLogicalAndPerSqlQuery\":500,\"maxLogicalOrPerSqlQuery\":500,\"maxUdfRefPerSqlQuery\":10,\"maxInExpressionItemsCount\":16000,\"queryMaxInMemorySortDocumentCount\":500,\"maxQueryRequestTimeoutFraction\":0.9,\"sqlAllowNonFiniteNumbers\":false,\"sqlAllowAggregateFunctions\":true,\"sqlAllowSubQuery\":true,\"sqlAllowScalarSubQuery\":true,\"allowNewKeywords\":true,\"sqlAllowLike\":false,\"sqlAllowGroupByClause\":true,\"maxSpatialQueryCells\":12,\"spatialMaxGeometryPointCount\":256,\"sqlDisableQueryILOptimization\":false,\"sqlAllowTop\":true,\"enableSpatialIndexing\":true}"}'
    headers:
      cache-control:
      - no-store, no-cache
      content-location:
      - https://cli3fcquengehym.documents.azure.com/
      content-type:
      - application/json
      date:
      - Fri, 18 Dec 2020 07:57:59 GMT
      pragma:
      - no-cache
      server:
      - Microsoft-HTTPAPI/2.0
      strict-transport-security:
      - max-age=31536000
      transfer-encoding:
      - chunked
      x-ms-databaseaccount-consumed-mb:
      - '0'
      x-ms-databaseaccount-provisioned-mb:
      - '0'
      x-ms-databaseaccount-reserved-mb:
      - '0'
      x-ms-gatewayversion:
      - version=2.11.0
      x-ms-max-media-storage-usage-mb:
      - '2048'
      x-ms-media-storage-usage-mb:
      - '0'
    status:
      code: 200
      message: Ok
- request:
    body: '{"id":"cli000004"}'
    headers:
      Accept:
      - application/json
      Accept-Encoding:
      - gzip, deflate
      Cache-Control:
      - no-cache
      Connection:
      - keep-alive
      Content-Length:
      - '24'
      Content-Type:
      - application/json
      User-Agent:
      - Windows/10 Python/3.8.6 azure-cosmos/3.1.2 AZURECLI/2.16.0
      x-ms-consistency-level:
      - Session
      x-ms-date:
      - Fri, 18 Dec 2020 07:57:59 GMT
      x-ms-documentdb-query-iscontinuationexpected:
      - 'False'
      x-ms-version:
      - '2018-09-17'
    method: POST
    uri: https://cli000003-westus.documents.azure.com/dbs
  response:
    body:
      string: '{"id":"cli000004","_rid":"KqErAA==","_self":"dbs\/KqErAA==\/","_etag":"\"00000701-0000-0700-0000-5fdc61080000\"","_colls":"colls\/","_users":"users\/","_ts":1608278280}'
    headers:
      cache-control:
      - no-store, no-cache
      content-type:
      - application/json
      date:
      - Fri, 18 Dec 2020 07:58:00 GMT
      etag:
      - '"00000701-0000-0700-0000-5fdc61080000"'
      lsn:
      - '5'
      pragma:
      - no-cache
      server:
      - Microsoft-HTTPAPI/2.0
      strict-transport-security:
      - max-age=31536000
      transfer-encoding:
      - chunked
      x-ms-activity-id:
      - a71e0be1-c1c1-4305-a52d-5ffa3792bc16
      x-ms-cosmos-llsn:
      - '5'
      x-ms-cosmos-quorum-acked-llsn:
      - '4'
      x-ms-current-replica-set-size:
      - '4'
      x-ms-current-write-quorum:
      - '3'
      x-ms-gatewayversion:
      - version=2.11.0
      x-ms-global-committed-lsn:
      - '4'
      x-ms-last-state-change-utc:
      - Fri, 18 Dec 2020 07:55:11.997 GMT
      x-ms-number-of-read-regions:
      - '0'
      x-ms-quorum-acked-lsn:
      - '4'
      x-ms-request-charge:
      - '4.95'
      x-ms-request-duration-ms:
      - '20.681'
      x-ms-resource-quota:
      - databases=1000;
      x-ms-resource-usage:
      - databases=1;
      x-ms-schemaversion:
      - '1.10'
      x-ms-serviceversion:
      - version=2.11.0.0
      x-ms-session-token:
      - 0:-1#5
      x-ms-transport-request-id:
      - '27751'
      x-ms-xp-role:
      - '1'
    status:
      code: 201
      message: Created
- request:
    body: null
    headers:
      Accept:
      - application/json
      Accept-Encoding:
      - gzip, deflate
      CommandName:
      - cosmosdb collection create
      Connection:
      - keep-alive
      Content-Length:
      - '0'
      ParameterSetName:
      - -g -n -d -c --default-ttl
      User-Agent:
      - python/3.8.6 (Windows-10-10.0.19041-SP0) msrest/0.6.18 msrest_azure/0.6.3
        azure-mgmt-cosmosdb/1.0.0 Azure-SDK-For-Python AZURECLI/2.16.0
      accept-language:
      - en-US
    method: POST
    uri: https://management.azure.com/subscriptions/00000000-0000-0000-0000-000000000000/resourceGroups/cli_test_cosmosdb_collection000001/providers/Microsoft.DocumentDB/databaseAccounts/cli000003/listKeys?api-version=2020-04-01
  response:
    body:
      string: '{"primaryMasterKey":"Dn6yKG61lA7DCoynAyhyWw0IkiF56d4R2UMwrLCyohTh1ZawsCmlsa56ptRN9767qXwJydCXZhu5mhiESOn54g==","secondaryMasterKey":"R8uJ9kOwzIAcmtEaGIM902542mfDXYI4wdysrKez4I6NSdkaPB8cR1LyNbNaO4wkjUvPcp019e7VhE4yV54OTg==","primaryReadonlyMasterKey":"PImATIJcoIIH2g2GlVJdTdAam5qpfsEEZPJSlm0ueabZGEUgBcbxUJfbVZEZA9mxo3Qf1eQNtqrj0FpGIgIhtg==","secondaryReadonlyMasterKey":"JRZ5U3gHiE67ToFgB7HJPb77q47DULDepXuWifKzGMFrCwq7DqMjKU6ZG55qAjmoPMiC5MDZ2c2OifWU0kvynQ=="}'
    headers:
      cache-control:
      - no-store, no-cache
      content-length:
      - '461'
      content-type:
      - application/json
      date:
      - Fri, 18 Dec 2020 07:58:01 GMT
      pragma:
      - no-cache
      server:
      - Microsoft-HTTPAPI/2.0
      strict-transport-security:
      - max-age=31536000; includeSubDomains
      transfer-encoding:
      - chunked
      vary:
      - Accept-Encoding
      x-content-type-options:
      - nosniff
      x-ms-gatewayversion:
      - version=2.11.0
      x-ms-ratelimit-remaining-subscription-writes:
      - '1199'
    status:
      code: 200
      message: Ok
- request:
    body: null
    headers:
      Accept:
      - application/json
      Accept-Encoding:
      - gzip, deflate
      CommandName:
      - cosmosdb collection create
      Connection:
      - keep-alive
      ParameterSetName:
      - -g -n -d -c --default-ttl
      User-Agent:
      - python/3.8.6 (Windows-10-10.0.19041-SP0) msrest/0.6.18 msrest_azure/0.6.3
        azure-mgmt-cosmosdb/1.0.0 Azure-SDK-For-Python AZURECLI/2.16.0
      accept-language:
      - en-US
    method: GET
    uri: https://management.azure.com/subscriptions/00000000-0000-0000-0000-000000000000/resourceGroups/cli_test_cosmosdb_collection000001/providers/Microsoft.DocumentDB/databaseAccounts/cli000003?api-version=2020-04-01
  response:
    body:
      string: '{"id":"/subscriptions/00000000-0000-0000-0000-000000000000/resourceGroups/cli_test_cosmosdb_collection000001/providers/Microsoft.DocumentDB/databaseAccounts/cli000003","name":"cli000003","location":"West
        US","type":"Microsoft.DocumentDB/databaseAccounts","kind":"GlobalDocumentDB","tags":{},"systemData":{"createdAt":"2020-12-18T07:57:01.5900614Z"},"properties":{"provisioningState":"Succeeded","documentEndpoint":"https://cli000003.documents.azure.com:443/","publicNetworkAccess":"Enabled","enableAutomaticFailover":false,"enableMultipleWriteLocations":false,"enablePartitionKeyMonitor":false,"isVirtualNetworkFilterEnabled":false,"virtualNetworkRules":[],"EnabledApiTypes":"Sql","disableKeyBasedMetadataWriteAccess":false,"enableFreeTier":false,"enableAnalyticalStorage":false,"instanceId":"5e4f4579-1b2f-44c7-a317-84b14314ead7","createMode":"Default","databaseAccountOfferType":"Standard","consistencyPolicy":{"defaultConsistencyLevel":"Session","maxIntervalInSeconds":5,"maxStalenessPrefix":100},"configurationOverrides":{},"writeLocations":[{"id":"cli000003-westus","locationName":"West
        US","documentEndpoint":"https://cli000003-westus.documents.azure.com:443/","provisioningState":"Succeeded","failoverPriority":0,"isZoneRedundant":false}],"readLocations":[{"id":"cli000003-westus","locationName":"West
        US","documentEndpoint":"https://cli000003-westus.documents.azure.com:443/","provisioningState":"Succeeded","failoverPriority":0,"isZoneRedundant":false}],"locations":[{"id":"cli000003-westus","locationName":"West
        US","documentEndpoint":"https://cli000003-westus.documents.azure.com:443/","provisioningState":"Succeeded","failoverPriority":0,"isZoneRedundant":false}],"failoverPolicies":[{"id":"cli000003-westus","locationName":"West
        US","failoverPriority":0}],"cors":[],"capabilities":[],"ipRules":[],"backupPolicy":{"type":"Periodic","periodicModeProperties":{"backupIntervalInMinutes":240,"backupRetentionIntervalInHours":8}}}}'
    headers:
      cache-control:
      - no-store, no-cache
      content-length:
      - '2039'
      content-type:
      - application/json
      date:
      - Fri, 18 Dec 2020 07:58:01 GMT
      pragma:
      - no-cache
      server:
      - Microsoft-HTTPAPI/2.0
      strict-transport-security:
      - max-age=31536000; includeSubDomains
      transfer-encoding:
      - chunked
      vary:
      - Accept-Encoding
      x-content-type-options:
      - nosniff
      x-ms-gatewayversion:
      - version=2.11.0
    status:
      code: 200
      message: Ok
- request:
    body: null
    headers:
      Accept:
      - application/json
      Accept-Encoding:
      - gzip, deflate
      Cache-Control:
      - no-cache
      Connection:
      - keep-alive
      Content-Length:
      - '0'
      User-Agent:
      - Windows/10 Python/3.8.6 azure-cosmos/3.1.2
      x-ms-consistency-level:
      - Session
      x-ms-date:
      - Fri, 18 Dec 2020 07:58:01 GMT
      x-ms-documentdb-query-iscontinuationexpected:
      - 'False'
      x-ms-session-token:
      - ''
      x-ms-version:
      - '2018-09-17'
    method: GET
    uri: https://cli000003.documents.azure.com/
  response:
    body:
      string: '{"_self":"","id":"cli000003","_rid":"cli000003.documents.azure.com","media":"//media/","addresses":"//addresses/","_dbs":"//dbs/","writableLocations":[{"name":"West
        US","databaseAccountEndpoint":"https://cli000003-westus.documents.azure.com:443/"}],"readableLocations":[{"name":"West
        US","databaseAccountEndpoint":"https://cli000003-westus.documents.azure.com:443/"}],"enableMultipleWriteLocations":false,"userReplicationPolicy":{"asyncReplication":false,"minReplicaSetSize":3,"maxReplicasetSize":4},"userConsistencyPolicy":{"defaultConsistencyLevel":"Session"},"systemReplicationPolicy":{"minReplicaSetSize":3,"maxReplicasetSize":4},"readPolicy":{"primaryReadCoefficient":1,"secondaryReadCoefficient":1},"queryEngineConfiguration":"{\"maxSqlQueryInputLength\":262144,\"maxJoinsPerSqlQuery\":5,\"maxLogicalAndPerSqlQuery\":500,\"maxLogicalOrPerSqlQuery\":500,\"maxUdfRefPerSqlQuery\":10,\"maxInExpressionItemsCount\":16000,\"queryMaxInMemorySortDocumentCount\":500,\"maxQueryRequestTimeoutFraction\":0.9,\"sqlAllowNonFiniteNumbers\":false,\"sqlAllowAggregateFunctions\":true,\"sqlAllowSubQuery\":true,\"sqlAllowScalarSubQuery\":true,\"allowNewKeywords\":true,\"sqlAllowLike\":false,\"sqlAllowGroupByClause\":true,\"maxSpatialQueryCells\":12,\"spatialMaxGeometryPointCount\":256,\"sqlDisableQueryILOptimization\":false,\"sqlAllowTop\":true,\"enableSpatialIndexing\":true}"}'
    headers:
      cache-control:
      - no-store, no-cache
      content-location:
      - https://cli3fcquengehym.documents.azure.com/
      content-type:
      - application/json
      date:
      - Fri, 18 Dec 2020 07:58:02 GMT
      pragma:
      - no-cache
      server:
      - Microsoft-HTTPAPI/2.0
      strict-transport-security:
      - max-age=31536000
      transfer-encoding:
      - chunked
      x-ms-databaseaccount-consumed-mb:
      - '0'
      x-ms-databaseaccount-provisioned-mb:
      - '0'
      x-ms-databaseaccount-reserved-mb:
      - '0'
      x-ms-gatewayversion:
      - version=2.11.0
      x-ms-max-media-storage-usage-mb:
      - '2048'
      x-ms-media-storage-usage-mb:
      - '0'
    status:
      code: 200
      message: Ok
- request:
    body: '{"id":"cli000002","indexingPolicy":{"indexingMode":"consistent","automatic":true,"includedPaths":[{"path":"/*"}],"excludedPaths":[{"path":"/\"_etag\"/?"}]}}'
    headers:
      Accept:
      - application/json
      Accept-Encoding:
      - gzip, deflate
      Cache-Control:
      - no-cache
      Connection:
      - keep-alive
      Content-Length:
      - '162'
      Content-Type:
      - application/json
      User-Agent:
      - Windows/10 Python/3.8.6 azure-cosmos/3.1.2 AZURECLI/2.16.0
      x-ms-consistency-level:
      - Session
      x-ms-date:
      - Fri, 18 Dec 2020 07:58:02 GMT
      x-ms-documentdb-query-iscontinuationexpected:
      - 'False'
      x-ms-version:
      - '2018-09-17'
    method: POST
    uri: https://cli000003-westus.documents.azure.com/dbs/cli000004/colls/
  response:
    body:
      string: '{"id":"cli000002","indexingPolicy":{"indexingMode":"consistent","automatic":true,"includedPaths":[{"path":"\/*"}],"excludedPaths":[{"path":"\/\"_etag\"\/?"}]},"conflictResolutionPolicy":{"mode":"LastWriterWins","conflictResolutionPath":"\/_ts","conflictResolutionProcedure":""},"allowMaterializedViews":false,"geospatialConfig":{"type":"Geography"},"_rid":"KqErAJ04akA=","_ts":1608278283,"_self":"dbs\/KqErAA==\/colls\/KqErAJ04akA=\/","_etag":"\"00000901-0000-0700-0000-5fdc610b0000\"","_docs":"docs\/","_sprocs":"sprocs\/","_triggers":"triggers\/","_udfs":"udfs\/","_conflicts":"conflicts\/"}'
    headers:
      cache-control:
      - no-store, no-cache
      collection-partition-index:
      - '0'
      collection-service-index:
      - '0'
      content-type:
      - application/json
      date:
      - Fri, 18 Dec 2020 07:58:03 GMT
      etag:
      - '"00000901-0000-0700-0000-5fdc610b0000"'
      lsn:
      - '1'
      pragma:
      - no-cache
      server:
      - Microsoft-HTTPAPI/2.0
      strict-transport-security:
      - max-age=31536000
      transfer-encoding:
      - chunked
      x-ms-activity-id:
      - 9da9358b-20c8-4d4b-acce-ee7a669cf097
      x-ms-alt-content-path:
      - dbs/cliksv4xh7imvqb
      x-ms-cosmos-item-llsn:
      - '1'
      x-ms-cosmos-llsn:
      - '1'
      x-ms-cosmos-quorum-acked-llsn:
      - '1'
      x-ms-current-replica-set-size:
      - '4'
      x-ms-current-write-quorum:
      - '3'
      x-ms-documentdb-collection-index-transformation-progress:
      - '100'
      x-ms-documentdb-partitionkeyrangeid:
      - '0'
      x-ms-gatewayversion:
      - version=2.11.0
      x-ms-global-committed-lsn:
      - '1'
      x-ms-item-lsn:
      - '1'
      x-ms-last-state-change-utc:
      - Fri, 18 Dec 2020 04:42:18.084 GMT
      x-ms-number-of-read-regions:
      - '0'
      x-ms-quorum-acked-lsn:
      - '1'
      x-ms-request-charge:
      - '1'
      x-ms-request-duration-ms:
      - '0.471'
      x-ms-resource-quota:
      - functions=25;storedProcedures=100;triggers=25;documentSize=10240;documentsSize=10485760;documentsCount=-1;collectionSize=10485760;
      x-ms-resource-usage:
      - functions=0;storedProcedures=0;triggers=0;documentSize=0;documentsSize=0;documentsCount=0;collectionSize=0;
      x-ms-schemaversion:
      - '1.10'
      x-ms-serviceversion:
      - version=2.11.0.0
      x-ms-session-token:
      - 0:-1#1
      x-ms-transport-request-id:
      - '2'
      x-ms-xp-role:
      - '1'
    status:
      code: 201
      message: Created
- request:
    body: null
    headers:
      Accept:
      - application/json
      Accept-Encoding:
      - gzip, deflate
      Cache-Control:
      - no-cache
      Connection:
      - keep-alive
      Content-Length:
      - '0'
      User-Agent:
      - Windows/10 Python/3.8.6 azure-cosmos/3.1.2 AZURECLI/2.16.0
      x-ms-consistency-level:
      - Session
      x-ms-date:
      - Fri, 18 Dec 2020 07:58:04 GMT
      x-ms-documentdb-query-iscontinuationexpected:
      - 'False'
      x-ms-version:
      - '2018-09-17'
    method: GET
    uri: https://cli000003-westus.documents.azure.com/offers
  response:
    body:
      string: '{"_rid":"","Offers":[{"resource":"dbs\/KqErAA==\/colls\/KqErAJ04akA=\/","offerType":"Invalid","offerResourceId":"KqErAJ04akA=","offerVersion":"V2","content":{"offerThroughput":400,"offerIsRUPerMinuteThroughputEnabled":false,"offerMinimumThroughputParameters":{"maxThroughputEverProvisioned":400,"maxConsumedStorageEverInKB":0}},"id":"JUyw","_rid":"JUyw","_self":"offers\/JUyw\/","_etag":"\"00000a01-0000-0700-0000-5fdc610b0000\"","_ts":1608278283}],"_count":1}'
    headers:
      cache-control:
      - no-store, no-cache
      content-location:
      - https://cli3fcquengehym-westus.documents.azure.com/offers
      content-type:
      - application/json
      date:
      - Fri, 18 Dec 2020 07:58:04 GMT
      lsn:
      - '6'
      pragma:
      - no-cache
      server:
      - Microsoft-HTTPAPI/2.0
      strict-transport-security:
      - max-age=31536000
      transfer-encoding:
      - chunked
      x-ms-activity-id:
      - ebed22e6-8703-4c42-81b4-dd971bd7cd88
      x-ms-cosmos-llsn:
      - '6'
      x-ms-gatewayversion:
      - version=2.11.0
      x-ms-global-committed-lsn:
      - '6'
      x-ms-item-count:
      - '1'
      x-ms-last-state-change-utc:
      - Fri, 18 Dec 2020 07:55:21.960 GMT
      x-ms-number-of-read-regions:
      - '0'
      x-ms-request-charge:
      - '2'
      x-ms-request-duration-ms:
      - '0.774'
      x-ms-schemaversion:
      - '1.10'
      x-ms-serviceversion:
      - version=2.11.0.0
      x-ms-session-token:
      - 0:-1#6
      x-ms-transport-request-id:
      - '218029'
      x-ms-xp-role:
      - '2'
    status:
      code: 200
      message: Ok
- request:
    body: null
    headers:
      Accept:
      - application/json
      Accept-Encoding:
      - gzip, deflate
      CommandName:
      - cosmosdb collection show
      Connection:
      - keep-alive
      Content-Length:
      - '0'
      ParameterSetName:
      - -g -n -d -c
      User-Agent:
      - python/3.8.6 (Windows-10-10.0.19041-SP0) msrest/0.6.18 msrest_azure/0.6.3
        azure-mgmt-cosmosdb/1.0.0 Azure-SDK-For-Python AZURECLI/2.16.0
      accept-language:
      - en-US
    method: POST
    uri: https://management.azure.com/subscriptions/00000000-0000-0000-0000-000000000000/resourceGroups/cli_test_cosmosdb_collection000001/providers/Microsoft.DocumentDB/databaseAccounts/cli000003/listKeys?api-version=2020-04-01
  response:
    body:
      string: '{"primaryMasterKey":"Dn6yKG61lA7DCoynAyhyWw0IkiF56d4R2UMwrLCyohTh1ZawsCmlsa56ptRN9767qXwJydCXZhu5mhiESOn54g==","secondaryMasterKey":"R8uJ9kOwzIAcmtEaGIM902542mfDXYI4wdysrKez4I6NSdkaPB8cR1LyNbNaO4wkjUvPcp019e7VhE4yV54OTg==","primaryReadonlyMasterKey":"PImATIJcoIIH2g2GlVJdTdAam5qpfsEEZPJSlm0ueabZGEUgBcbxUJfbVZEZA9mxo3Qf1eQNtqrj0FpGIgIhtg==","secondaryReadonlyMasterKey":"JRZ5U3gHiE67ToFgB7HJPb77q47DULDepXuWifKzGMFrCwq7DqMjKU6ZG55qAjmoPMiC5MDZ2c2OifWU0kvynQ=="}'
    headers:
      cache-control:
      - no-store, no-cache
      content-length:
      - '461'
      content-type:
      - application/json
      date:
      - Fri, 18 Dec 2020 07:58:04 GMT
      pragma:
      - no-cache
      server:
      - Microsoft-HTTPAPI/2.0
      strict-transport-security:
      - max-age=31536000; includeSubDomains
      transfer-encoding:
      - chunked
      vary:
      - Accept-Encoding
      x-content-type-options:
      - nosniff
      x-ms-gatewayversion:
      - version=2.11.0
      x-ms-ratelimit-remaining-subscription-writes:
      - '1199'
    status:
      code: 200
      message: Ok
- request:
    body: null
    headers:
      Accept:
      - application/json
      Accept-Encoding:
      - gzip, deflate
      CommandName:
      - cosmosdb collection show
      Connection:
      - keep-alive
      ParameterSetName:
      - -g -n -d -c
      User-Agent:
      - python/3.8.6 (Windows-10-10.0.19041-SP0) msrest/0.6.18 msrest_azure/0.6.3
        azure-mgmt-cosmosdb/1.0.0 Azure-SDK-For-Python AZURECLI/2.16.0
      accept-language:
      - en-US
    method: GET
    uri: https://management.azure.com/subscriptions/00000000-0000-0000-0000-000000000000/resourceGroups/cli_test_cosmosdb_collection000001/providers/Microsoft.DocumentDB/databaseAccounts/cli000003?api-version=2020-04-01
  response:
    body:
      string: '{"id":"/subscriptions/00000000-0000-0000-0000-000000000000/resourceGroups/cli_test_cosmosdb_collection000001/providers/Microsoft.DocumentDB/databaseAccounts/cli000003","name":"cli000003","location":"West
        US","type":"Microsoft.DocumentDB/databaseAccounts","kind":"GlobalDocumentDB","tags":{},"systemData":{"createdAt":"2020-12-18T07:57:01.5900614Z"},"properties":{"provisioningState":"Succeeded","documentEndpoint":"https://cli000003.documents.azure.com:443/","publicNetworkAccess":"Enabled","enableAutomaticFailover":false,"enableMultipleWriteLocations":false,"enablePartitionKeyMonitor":false,"isVirtualNetworkFilterEnabled":false,"virtualNetworkRules":[],"EnabledApiTypes":"Sql","disableKeyBasedMetadataWriteAccess":false,"enableFreeTier":false,"enableAnalyticalStorage":false,"instanceId":"5e4f4579-1b2f-44c7-a317-84b14314ead7","createMode":"Default","databaseAccountOfferType":"Standard","consistencyPolicy":{"defaultConsistencyLevel":"Session","maxIntervalInSeconds":5,"maxStalenessPrefix":100},"configurationOverrides":{},"writeLocations":[{"id":"cli000003-westus","locationName":"West
        US","documentEndpoint":"https://cli000003-westus.documents.azure.com:443/","provisioningState":"Succeeded","failoverPriority":0,"isZoneRedundant":false}],"readLocations":[{"id":"cli000003-westus","locationName":"West
        US","documentEndpoint":"https://cli000003-westus.documents.azure.com:443/","provisioningState":"Succeeded","failoverPriority":0,"isZoneRedundant":false}],"locations":[{"id":"cli000003-westus","locationName":"West
        US","documentEndpoint":"https://cli000003-westus.documents.azure.com:443/","provisioningState":"Succeeded","failoverPriority":0,"isZoneRedundant":false}],"failoverPolicies":[{"id":"cli000003-westus","locationName":"West
        US","failoverPriority":0}],"cors":[],"capabilities":[],"ipRules":[],"backupPolicy":{"type":"Periodic","periodicModeProperties":{"backupIntervalInMinutes":240,"backupRetentionIntervalInHours":8}}}}'
    headers:
      cache-control:
      - no-store, no-cache
      content-length:
      - '2039'
      content-type:
      - application/json
      date:
      - Fri, 18 Dec 2020 07:58:05 GMT
      pragma:
      - no-cache
      server:
      - Microsoft-HTTPAPI/2.0
      strict-transport-security:
      - max-age=31536000; includeSubDomains
      transfer-encoding:
      - chunked
      vary:
      - Accept-Encoding
      x-content-type-options:
      - nosniff
      x-ms-gatewayversion:
      - version=2.11.0
    status:
      code: 200
      message: Ok
- request:
    body: null
    headers:
      Accept:
      - application/json
      Accept-Encoding:
      - gzip, deflate
      Cache-Control:
      - no-cache
      Connection:
      - keep-alive
      Content-Length:
      - '0'
      User-Agent:
      - Windows/10 Python/3.8.6 azure-cosmos/3.1.2
      x-ms-consistency-level:
      - Session
      x-ms-date:
      - Fri, 18 Dec 2020 07:58:05 GMT
      x-ms-documentdb-query-iscontinuationexpected:
      - 'False'
      x-ms-session-token:
      - ''
      x-ms-version:
      - '2018-09-17'
    method: GET
    uri: https://cli000003.documents.azure.com/
  response:
    body:
      string: '{"_self":"","id":"cli000003","_rid":"cli000003.documents.azure.com","media":"//media/","addresses":"//addresses/","_dbs":"//dbs/","writableLocations":[{"name":"West
        US","databaseAccountEndpoint":"https://cli000003-westus.documents.azure.com:443/"}],"readableLocations":[{"name":"West
        US","databaseAccountEndpoint":"https://cli000003-westus.documents.azure.com:443/"}],"enableMultipleWriteLocations":false,"userReplicationPolicy":{"asyncReplication":false,"minReplicaSetSize":3,"maxReplicasetSize":4},"userConsistencyPolicy":{"defaultConsistencyLevel":"Session"},"systemReplicationPolicy":{"minReplicaSetSize":3,"maxReplicasetSize":4},"readPolicy":{"primaryReadCoefficient":1,"secondaryReadCoefficient":1},"queryEngineConfiguration":"{\"maxSqlQueryInputLength\":262144,\"maxJoinsPerSqlQuery\":5,\"maxLogicalAndPerSqlQuery\":500,\"maxLogicalOrPerSqlQuery\":500,\"maxUdfRefPerSqlQuery\":10,\"maxInExpressionItemsCount\":16000,\"queryMaxInMemorySortDocumentCount\":500,\"maxQueryRequestTimeoutFraction\":0.9,\"sqlAllowNonFiniteNumbers\":false,\"sqlAllowAggregateFunctions\":true,\"sqlAllowSubQuery\":true,\"sqlAllowScalarSubQuery\":true,\"allowNewKeywords\":true,\"sqlAllowLike\":false,\"sqlAllowGroupByClause\":true,\"maxSpatialQueryCells\":12,\"spatialMaxGeometryPointCount\":256,\"sqlDisableQueryILOptimization\":false,\"sqlAllowTop\":true,\"enableSpatialIndexing\":true}"}'
    headers:
      cache-control:
      - no-store, no-cache
      content-location:
      - https://cli3fcquengehym.documents.azure.com/
      content-type:
      - application/json
      date:
      - Fri, 18 Dec 2020 07:58:06 GMT
      pragma:
      - no-cache
      server:
      - Microsoft-HTTPAPI/2.0
      strict-transport-security:
      - max-age=31536000
      transfer-encoding:
      - chunked
      x-ms-databaseaccount-consumed-mb:
      - '0'
      x-ms-databaseaccount-provisioned-mb:
      - '0'
      x-ms-databaseaccount-reserved-mb:
      - '0'
      x-ms-gatewayversion:
      - version=2.11.0
      x-ms-max-media-storage-usage-mb:
      - '2048'
      x-ms-media-storage-usage-mb:
      - '0'
    status:
      code: 200
      message: Ok
- request:
    body: null
    headers:
      Accept:
      - application/json
      Accept-Encoding:
      - gzip, deflate
      Cache-Control:
      - no-cache
      Connection:
      - keep-alive
      Content-Length:
      - '0'
      User-Agent:
      - Windows/10 Python/3.8.6 azure-cosmos/3.1.2 AZURECLI/2.16.0
      x-ms-consistency-level:
      - Session
      x-ms-date:
      - Fri, 18 Dec 2020 07:58:06 GMT
      x-ms-documentdb-query-iscontinuationexpected:
      - 'False'
      x-ms-version:
      - '2018-09-17'
    method: GET
    uri: https://cli000003-westus.documents.azure.com/dbs/cli000004/colls/cli000002/
  response:
    body:
      string: '{"id":"cli000002","indexingPolicy":{"indexingMode":"consistent","automatic":true,"includedPaths":[{"path":"\/*"}],"excludedPaths":[{"path":"\/\"_etag\"\/?"}]},"conflictResolutionPolicy":{"mode":"LastWriterWins","conflictResolutionPath":"\/_ts","conflictResolutionProcedure":""},"allowMaterializedViews":false,"geospatialConfig":{"type":"Geography"},"_rid":"KqErAJ04akA=","_ts":1608278283,"_self":"dbs\/KqErAA==\/colls\/KqErAJ04akA=\/","_etag":"\"00000901-0000-0700-0000-5fdc610b0000\"","_docs":"docs\/","_sprocs":"sprocs\/","_triggers":"triggers\/","_udfs":"udfs\/","_conflicts":"conflicts\/"}'
    headers:
      cache-control:
      - no-store, no-cache
      collection-partition-index:
      - '0'
      collection-service-index:
      - '0'
      content-location:
      - https://cli3fcquengehym-westus.documents.azure.com/dbs/cliksv4xh7imvqb/colls/clisvvvgyboe2yq/
      content-type:
      - application/json
      date:
      - Fri, 18 Dec 2020 07:58:06 GMT
      etag:
      - '"00000901-0000-0700-0000-5fdc610b0000"'
      lsn:
      - '1'
      pragma:
      - no-cache
      server:
      - Microsoft-HTTPAPI/2.0
      strict-transport-security:
      - max-age=31536000
      transfer-encoding:
      - chunked
      x-ms-activity-id:
      - 9e988359-1aeb-4a3e-a3fe-0a7ad44bd20c
      x-ms-alt-content-path:
      - dbs/cliksv4xh7imvqb
      x-ms-content-path:
      - KqErAA==
      x-ms-cosmos-item-llsn:
      - '1'
      x-ms-cosmos-llsn:
      - '1'
      x-ms-cosmos-quorum-acked-llsn:
      - '1'
      x-ms-current-replica-set-size:
      - '4'
      x-ms-current-write-quorum:
      - '3'
      x-ms-documentdb-collection-index-transformation-progress:
      - '100'
      x-ms-documentdb-partitionkeyrangeid:
      - '0'
      x-ms-gatewayversion:
      - version=2.11.0
      x-ms-global-committed-lsn:
      - '1'
      x-ms-item-lsn:
      - '1'
      x-ms-last-state-change-utc:
      - Fri, 18 Dec 2020 04:42:18.084 GMT
      x-ms-number-of-read-regions:
      - '0'
      x-ms-quorum-acked-lsn:
      - '1'
      x-ms-request-charge:
      - '1'
      x-ms-request-duration-ms:
      - '0.65'
      x-ms-resource-quota:
      - functions=25;storedProcedures=100;triggers=25;documentSize=10240;documentsSize=10485760;documentsCount=-1;collectionSize=10485760;
      x-ms-resource-usage:
      - functions=0;storedProcedures=0;triggers=0;documentSize=0;documentsSize=0;documentsCount=0;collectionSize=0;
      x-ms-schemaversion:
      - '1.10'
      x-ms-serviceversion:
      - version=2.11.0.0
      x-ms-session-token:
      - 0:-1#1
      x-ms-transport-request-id:
      - '1'
      x-ms-xp-role:
      - '1'
    status:
      code: 200
      message: Ok
- request:
    body: null
    headers:
      Accept:
      - application/json
      Accept-Encoding:
      - gzip, deflate
      Cache-Control:
      - no-cache
      Connection:
      - keep-alive
      Content-Length:
      - '0'
      User-Agent:
      - Windows/10 Python/3.8.6 azure-cosmos/3.1.2 AZURECLI/2.16.0
      x-ms-consistency-level:
      - Session
      x-ms-date:
      - Fri, 18 Dec 2020 07:58:07 GMT
      x-ms-documentdb-query-iscontinuationexpected:
      - 'False'
      x-ms-version:
      - '2018-09-17'
    method: GET
    uri: https://cli000003-westus.documents.azure.com/offers
  response:
    body:
      string: '{"_rid":"","Offers":[{"resource":"dbs\/KqErAA==\/colls\/KqErAJ04akA=\/","offerType":"Invalid","offerResourceId":"KqErAJ04akA=","offerVersion":"V2","content":{"offerThroughput":400,"offerIsRUPerMinuteThroughputEnabled":false,"offerMinimumThroughputParameters":{"maxThroughputEverProvisioned":400,"maxConsumedStorageEverInKB":0}},"id":"JUyw","_rid":"JUyw","_self":"offers\/JUyw\/","_etag":"\"00000a01-0000-0700-0000-5fdc610b0000\"","_ts":1608278283}],"_count":1}'
    headers:
      cache-control:
      - no-store, no-cache
      content-location:
      - https://cli3fcquengehym-westus.documents.azure.com/offers
      content-type:
      - application/json
      date:
      - Fri, 18 Dec 2020 07:58:06 GMT
      lsn:
      - '6'
      pragma:
      - no-cache
      server:
      - Microsoft-HTTPAPI/2.0
      strict-transport-security:
      - max-age=31536000
      transfer-encoding:
      - chunked
      x-ms-activity-id:
      - 61deb309-f5d8-4897-8ec5-a1bc56fa311b
      x-ms-cosmos-llsn:
      - '6'
      x-ms-gatewayversion:
      - version=2.11.0
      x-ms-global-committed-lsn:
      - '6'
      x-ms-item-count:
      - '1'
      x-ms-last-state-change-utc:
      - Fri, 18 Dec 2020 07:55:23.513 GMT
      x-ms-number-of-read-regions:
      - '0'
      x-ms-request-charge:
      - '2'
      x-ms-request-duration-ms:
      - '0.506'
      x-ms-schemaversion:
      - '1.10'
      x-ms-serviceversion:
      - version=2.11.0.0
      x-ms-session-token:
      - 0:-1#6
      x-ms-transport-request-id:
      - '196855'
      x-ms-xp-role:
      - '1'
    status:
      code: 200
      message: Ok
- request:
    body: null
    headers:
      Accept:
      - application/json
      Accept-Encoding:
      - gzip, deflate
      CommandName:
      - cosmosdb collection exists
      Connection:
      - keep-alive
      Content-Length:
      - '0'
      ParameterSetName:
      - -g -n -d -c
      User-Agent:
      - python/3.8.6 (Windows-10-10.0.19041-SP0) msrest/0.6.18 msrest_azure/0.6.3
        azure-mgmt-cosmosdb/1.0.0 Azure-SDK-For-Python AZURECLI/2.16.0
      accept-language:
      - en-US
    method: POST
    uri: https://management.azure.com/subscriptions/00000000-0000-0000-0000-000000000000/resourceGroups/cli_test_cosmosdb_collection000001/providers/Microsoft.DocumentDB/databaseAccounts/cli000003/listKeys?api-version=2020-04-01
  response:
    body:
      string: '{"primaryMasterKey":"Dn6yKG61lA7DCoynAyhyWw0IkiF56d4R2UMwrLCyohTh1ZawsCmlsa56ptRN9767qXwJydCXZhu5mhiESOn54g==","secondaryMasterKey":"R8uJ9kOwzIAcmtEaGIM902542mfDXYI4wdysrKez4I6NSdkaPB8cR1LyNbNaO4wkjUvPcp019e7VhE4yV54OTg==","primaryReadonlyMasterKey":"PImATIJcoIIH2g2GlVJdTdAam5qpfsEEZPJSlm0ueabZGEUgBcbxUJfbVZEZA9mxo3Qf1eQNtqrj0FpGIgIhtg==","secondaryReadonlyMasterKey":"JRZ5U3gHiE67ToFgB7HJPb77q47DULDepXuWifKzGMFrCwq7DqMjKU6ZG55qAjmoPMiC5MDZ2c2OifWU0kvynQ=="}'
    headers:
      cache-control:
      - no-store, no-cache
      content-length:
      - '461'
      content-type:
      - application/json
      date:
      - Fri, 18 Dec 2020 07:58:08 GMT
      pragma:
      - no-cache
      server:
      - Microsoft-HTTPAPI/2.0
      strict-transport-security:
      - max-age=31536000; includeSubDomains
      transfer-encoding:
      - chunked
      vary:
      - Accept-Encoding
      x-content-type-options:
      - nosniff
      x-ms-gatewayversion:
      - version=2.11.0
      x-ms-ratelimit-remaining-subscription-writes:
      - '1198'
    status:
      code: 200
      message: Ok
- request:
    body: null
    headers:
      Accept:
      - application/json
      Accept-Encoding:
      - gzip, deflate
      CommandName:
      - cosmosdb collection exists
      Connection:
      - keep-alive
      ParameterSetName:
      - -g -n -d -c
      User-Agent:
      - python/3.8.6 (Windows-10-10.0.19041-SP0) msrest/0.6.18 msrest_azure/0.6.3
        azure-mgmt-cosmosdb/1.0.0 Azure-SDK-For-Python AZURECLI/2.16.0
      accept-language:
      - en-US
    method: GET
    uri: https://management.azure.com/subscriptions/00000000-0000-0000-0000-000000000000/resourceGroups/cli_test_cosmosdb_collection000001/providers/Microsoft.DocumentDB/databaseAccounts/cli000003?api-version=2020-04-01
  response:
    body:
      string: '{"id":"/subscriptions/00000000-0000-0000-0000-000000000000/resourceGroups/cli_test_cosmosdb_collection000001/providers/Microsoft.DocumentDB/databaseAccounts/cli000003","name":"cli000003","location":"West
        US","type":"Microsoft.DocumentDB/databaseAccounts","kind":"GlobalDocumentDB","tags":{},"systemData":{"createdAt":"2020-12-18T07:57:01.5900614Z"},"properties":{"provisioningState":"Succeeded","documentEndpoint":"https://cli000003.documents.azure.com:443/","publicNetworkAccess":"Enabled","enableAutomaticFailover":false,"enableMultipleWriteLocations":false,"enablePartitionKeyMonitor":false,"isVirtualNetworkFilterEnabled":false,"virtualNetworkRules":[],"EnabledApiTypes":"Sql","disableKeyBasedMetadataWriteAccess":false,"enableFreeTier":false,"enableAnalyticalStorage":false,"instanceId":"5e4f4579-1b2f-44c7-a317-84b14314ead7","createMode":"Default","databaseAccountOfferType":"Standard","consistencyPolicy":{"defaultConsistencyLevel":"Session","maxIntervalInSeconds":5,"maxStalenessPrefix":100},"configurationOverrides":{},"writeLocations":[{"id":"cli000003-westus","locationName":"West
        US","documentEndpoint":"https://cli000003-westus.documents.azure.com:443/","provisioningState":"Succeeded","failoverPriority":0,"isZoneRedundant":false}],"readLocations":[{"id":"cli000003-westus","locationName":"West
        US","documentEndpoint":"https://cli000003-westus.documents.azure.com:443/","provisioningState":"Succeeded","failoverPriority":0,"isZoneRedundant":false}],"locations":[{"id":"cli000003-westus","locationName":"West
        US","documentEndpoint":"https://cli000003-westus.documents.azure.com:443/","provisioningState":"Succeeded","failoverPriority":0,"isZoneRedundant":false}],"failoverPolicies":[{"id":"cli000003-westus","locationName":"West
        US","failoverPriority":0}],"cors":[],"capabilities":[],"ipRules":[],"backupPolicy":{"type":"Periodic","periodicModeProperties":{"backupIntervalInMinutes":240,"backupRetentionIntervalInHours":8}}}}'
    headers:
      cache-control:
      - no-store, no-cache
      content-length:
      - '2039'
      content-type:
      - application/json
      date:
      - Fri, 18 Dec 2020 07:58:08 GMT
      pragma:
      - no-cache
      server:
      - Microsoft-HTTPAPI/2.0
      strict-transport-security:
      - max-age=31536000; includeSubDomains
      transfer-encoding:
      - chunked
      vary:
      - Accept-Encoding
      x-content-type-options:
      - nosniff
      x-ms-gatewayversion:
      - version=2.11.0
    status:
      code: 200
      message: Ok
- request:
    body: null
    headers:
      Accept:
      - application/json
      Accept-Encoding:
      - gzip, deflate
      Cache-Control:
      - no-cache
      Connection:
      - keep-alive
      Content-Length:
      - '0'
      User-Agent:
      - Windows/10 Python/3.8.6 azure-cosmos/3.1.2
      x-ms-consistency-level:
      - Session
      x-ms-date:
      - Fri, 18 Dec 2020 07:58:08 GMT
      x-ms-documentdb-query-iscontinuationexpected:
      - 'False'
      x-ms-session-token:
      - ''
      x-ms-version:
      - '2018-09-17'
    method: GET
    uri: https://cli000003.documents.azure.com/
  response:
    body:
      string: '{"_self":"","id":"cli000003","_rid":"cli000003.documents.azure.com","media":"//media/","addresses":"//addresses/","_dbs":"//dbs/","writableLocations":[{"name":"West
        US","databaseAccountEndpoint":"https://cli000003-westus.documents.azure.com:443/"}],"readableLocations":[{"name":"West
        US","databaseAccountEndpoint":"https://cli000003-westus.documents.azure.com:443/"}],"enableMultipleWriteLocations":false,"userReplicationPolicy":{"asyncReplication":false,"minReplicaSetSize":3,"maxReplicasetSize":4},"userConsistencyPolicy":{"defaultConsistencyLevel":"Session"},"systemReplicationPolicy":{"minReplicaSetSize":3,"maxReplicasetSize":4},"readPolicy":{"primaryReadCoefficient":1,"secondaryReadCoefficient":1},"queryEngineConfiguration":"{\"maxSqlQueryInputLength\":262144,\"maxJoinsPerSqlQuery\":5,\"maxLogicalAndPerSqlQuery\":500,\"maxLogicalOrPerSqlQuery\":500,\"maxUdfRefPerSqlQuery\":10,\"maxInExpressionItemsCount\":16000,\"queryMaxInMemorySortDocumentCount\":500,\"maxQueryRequestTimeoutFraction\":0.9,\"sqlAllowNonFiniteNumbers\":false,\"sqlAllowAggregateFunctions\":true,\"sqlAllowSubQuery\":true,\"sqlAllowScalarSubQuery\":true,\"allowNewKeywords\":true,\"sqlAllowLike\":false,\"sqlAllowGroupByClause\":true,\"maxSpatialQueryCells\":12,\"spatialMaxGeometryPointCount\":256,\"sqlDisableQueryILOptimization\":false,\"sqlAllowTop\":true,\"enableSpatialIndexing\":true}"}'
    headers:
      cache-control:
      - no-store, no-cache
      content-location:
      - https://cli3fcquengehym.documents.azure.com/
      content-type:
      - application/json
      date:
      - Fri, 18 Dec 2020 07:58:09 GMT
      pragma:
      - no-cache
      server:
      - Microsoft-HTTPAPI/2.0
      strict-transport-security:
      - max-age=31536000
      transfer-encoding:
      - chunked
      x-ms-databaseaccount-consumed-mb:
      - '0'
      x-ms-databaseaccount-provisioned-mb:
      - '0'
      x-ms-databaseaccount-reserved-mb:
      - '0'
      x-ms-gatewayversion:
      - version=2.11.0
      x-ms-max-media-storage-usage-mb:
      - '2048'
      x-ms-media-storage-usage-mb:
      - '0'
    status:
      code: 200
      message: Ok
- request:
    body: '{"query":"SELECT * FROM root r WHERE r.id=@id","parameters":[{"name":"@id","value":"clisvvvgyboe2yq"}]}'
    headers:
      Accept:
      - application/json
      Accept-Encoding:
      - gzip, deflate
      Cache-Control:
      - no-cache
      Connection:
      - keep-alive
      Content-Length:
      - '103'
      Content-Type:
      - application/query+json
      User-Agent:
      - Windows/10 Python/3.8.6 azure-cosmos/3.1.2 AZURECLI/2.16.0
      x-ms-consistency-level:
      - Session
      x-ms-date:
      - Fri, 18 Dec 2020 07:58:09 GMT
      x-ms-documentdb-isquery:
      - 'true'
      x-ms-documentdb-query-iscontinuationexpected:
      - 'False'
      x-ms-version:
      - '2018-09-17'
    method: POST
    uri: https://cli000003-westus.documents.azure.com/dbs/cli000004/colls/
  response:
    body:
      string: '{"_rid":"KqErAA==","DocumentCollections":[{"id":"cli000002","indexingPolicy":{"indexingMode":"consistent","automatic":true,"includedPaths":[{"path":"\/*"}],"excludedPaths":[{"path":"\/\"_etag\"\/?"}]},"conflictResolutionPolicy":{"mode":"LastWriterWins","conflictResolutionPath":"\/_ts","conflictResolutionProcedure":""},"allowMaterializedViews":false,"geospatialConfig":{"type":"Geography"},"_rid":"KqErAJ04akA=","_ts":1608278283,"_self":"dbs\/KqErAA==\/colls\/KqErAJ04akA=\/","_etag":"\"00000901-0000-0700-0000-5fdc610b0000\"","_docs":"docs\/","_sprocs":"sprocs\/","_triggers":"triggers\/","_udfs":"udfs\/","_conflicts":"conflicts\/"}],"_count":1}'
    headers:
      cache-control:
      - no-store, no-cache
      collection-partition-index:
      - '0'
      collection-service-index:
      - '0'
      content-type:
      - application/json
      date:
      - Fri, 18 Dec 2020 07:58:10 GMT
      lsn:
      - '6'
      pragma:
      - no-cache
      server:
      - Microsoft-HTTPAPI/2.0
      strict-transport-security:
      - max-age=31536000
      transfer-encoding:
      - chunked
      x-ms-activity-id:
      - b856cc68-e36e-4509-92f0-866fede101d5
      x-ms-alt-content-path:
      - dbs/cliksv4xh7imvqb
      x-ms-content-path:
      - KqErAA==
      x-ms-cosmos-llsn:
      - '6'
      x-ms-cosmos-query-execution-info:
      - '{"reverseRidEnabled":true,"reverseIndexScan":false}'
      x-ms-gatewayversion:
      - version=2.11.0
      x-ms-global-committed-lsn:
      - '6'
      x-ms-item-count:
      - '1'
      x-ms-last-state-change-utc:
      - Fri, 18 Dec 2020 07:55:23.513 GMT
      x-ms-number-of-read-regions:
      - '0'
      x-ms-request-charge:
      - '5.64'
      x-ms-request-duration-ms:
      - '1.272'
      x-ms-resource-quota:
      - collections=5000;
      x-ms-resource-usage:
      - collections=1;
      x-ms-schemaversion:
      - '1.10'
      x-ms-serviceversion:
      - version=2.11.0.0
      x-ms-session-token:
      - 0:-1#6
      x-ms-transport-request-id:
      - '200179'
      x-ms-xp-role:
      - '1'
    status:
      code: 200
      message: Ok
- request:
    body: null
    headers:
      Accept:
      - application/json
      Accept-Encoding:
      - gzip, deflate
      CommandName:
      - cosmosdb collection exists
      Connection:
      - keep-alive
      Content-Length:
      - '0'
      ParameterSetName:
      - -g -n -d -c
      User-Agent:
      - python/3.8.6 (Windows-10-10.0.19041-SP0) msrest/0.6.18 msrest_azure/0.6.3
        azure-mgmt-cosmosdb/1.0.0 Azure-SDK-For-Python AZURECLI/2.16.0
      accept-language:
      - en-US
    method: POST
    uri: https://management.azure.com/subscriptions/00000000-0000-0000-0000-000000000000/resourceGroups/cli_test_cosmosdb_collection000001/providers/Microsoft.DocumentDB/databaseAccounts/cli000003/listKeys?api-version=2020-04-01
  response:
    body:
      string: '{"primaryMasterKey":"Dn6yKG61lA7DCoynAyhyWw0IkiF56d4R2UMwrLCyohTh1ZawsCmlsa56ptRN9767qXwJydCXZhu5mhiESOn54g==","secondaryMasterKey":"R8uJ9kOwzIAcmtEaGIM902542mfDXYI4wdysrKez4I6NSdkaPB8cR1LyNbNaO4wkjUvPcp019e7VhE4yV54OTg==","primaryReadonlyMasterKey":"PImATIJcoIIH2g2GlVJdTdAam5qpfsEEZPJSlm0ueabZGEUgBcbxUJfbVZEZA9mxo3Qf1eQNtqrj0FpGIgIhtg==","secondaryReadonlyMasterKey":"JRZ5U3gHiE67ToFgB7HJPb77q47DULDepXuWifKzGMFrCwq7DqMjKU6ZG55qAjmoPMiC5MDZ2c2OifWU0kvynQ=="}'
    headers:
      cache-control:
      - no-store, no-cache
      content-length:
      - '461'
      content-type:
      - application/json
      date:
      - Fri, 18 Dec 2020 07:58:10 GMT
      pragma:
      - no-cache
      server:
      - Microsoft-HTTPAPI/2.0
      strict-transport-security:
      - max-age=31536000; includeSubDomains
      transfer-encoding:
      - chunked
      vary:
      - Accept-Encoding
      x-content-type-options:
      - nosniff
      x-ms-gatewayversion:
      - version=2.11.0
      x-ms-ratelimit-remaining-subscription-writes:
      - '1199'
    status:
      code: 200
      message: Ok
- request:
    body: null
    headers:
      Accept:
      - application/json
      Accept-Encoding:
      - gzip, deflate
      CommandName:
      - cosmosdb collection exists
      Connection:
      - keep-alive
      ParameterSetName:
      - -g -n -d -c
      User-Agent:
      - python/3.8.6 (Windows-10-10.0.19041-SP0) msrest/0.6.18 msrest_azure/0.6.3
        azure-mgmt-cosmosdb/1.0.0 Azure-SDK-For-Python AZURECLI/2.16.0
      accept-language:
      - en-US
    method: GET
    uri: https://management.azure.com/subscriptions/00000000-0000-0000-0000-000000000000/resourceGroups/cli_test_cosmosdb_collection000001/providers/Microsoft.DocumentDB/databaseAccounts/cli000003?api-version=2020-04-01
  response:
    body:
      string: '{"id":"/subscriptions/00000000-0000-0000-0000-000000000000/resourceGroups/cli_test_cosmosdb_collection000001/providers/Microsoft.DocumentDB/databaseAccounts/cli000003","name":"cli000003","location":"West
        US","type":"Microsoft.DocumentDB/databaseAccounts","kind":"GlobalDocumentDB","tags":{},"systemData":{"createdAt":"2020-12-18T07:57:01.5900614Z"},"properties":{"provisioningState":"Succeeded","documentEndpoint":"https://cli000003.documents.azure.com:443/","publicNetworkAccess":"Enabled","enableAutomaticFailover":false,"enableMultipleWriteLocations":false,"enablePartitionKeyMonitor":false,"isVirtualNetworkFilterEnabled":false,"virtualNetworkRules":[],"EnabledApiTypes":"Sql","disableKeyBasedMetadataWriteAccess":false,"enableFreeTier":false,"enableAnalyticalStorage":false,"instanceId":"5e4f4579-1b2f-44c7-a317-84b14314ead7","createMode":"Default","databaseAccountOfferType":"Standard","consistencyPolicy":{"defaultConsistencyLevel":"Session","maxIntervalInSeconds":5,"maxStalenessPrefix":100},"configurationOverrides":{},"writeLocations":[{"id":"cli000003-westus","locationName":"West
        US","documentEndpoint":"https://cli000003-westus.documents.azure.com:443/","provisioningState":"Succeeded","failoverPriority":0,"isZoneRedundant":false}],"readLocations":[{"id":"cli000003-westus","locationName":"West
        US","documentEndpoint":"https://cli000003-westus.documents.azure.com:443/","provisioningState":"Succeeded","failoverPriority":0,"isZoneRedundant":false}],"locations":[{"id":"cli000003-westus","locationName":"West
        US","documentEndpoint":"https://cli000003-westus.documents.azure.com:443/","provisioningState":"Succeeded","failoverPriority":0,"isZoneRedundant":false}],"failoverPolicies":[{"id":"cli000003-westus","locationName":"West
        US","failoverPriority":0}],"cors":[],"capabilities":[],"ipRules":[],"backupPolicy":{"type":"Periodic","periodicModeProperties":{"backupIntervalInMinutes":240,"backupRetentionIntervalInHours":8}}}}'
    headers:
      cache-control:
      - no-store, no-cache
      content-length:
      - '2039'
      content-type:
      - application/json
      date:
      - Fri, 18 Dec 2020 07:58:11 GMT
      pragma:
      - no-cache
      server:
      - Microsoft-HTTPAPI/2.0
      strict-transport-security:
      - max-age=31536000; includeSubDomains
      transfer-encoding:
      - chunked
      vary:
      - Accept-Encoding
      x-content-type-options:
      - nosniff
      x-ms-gatewayversion:
      - version=2.11.0
    status:
      code: 200
      message: Ok
- request:
    body: null
    headers:
      Accept:
      - application/json
      Accept-Encoding:
      - gzip, deflate
      Cache-Control:
      - no-cache
      Connection:
      - keep-alive
      Content-Length:
      - '0'
      User-Agent:
      - Windows/10 Python/3.8.6 azure-cosmos/3.1.2
      x-ms-consistency-level:
      - Session
      x-ms-date:
      - Fri, 18 Dec 2020 07:58:11 GMT
      x-ms-documentdb-query-iscontinuationexpected:
      - 'False'
      x-ms-session-token:
      - ''
      x-ms-version:
      - '2018-09-17'
    method: GET
    uri: https://cli000003.documents.azure.com/
  response:
    body:
      string: '{"_self":"","id":"cli000003","_rid":"cli000003.documents.azure.com","media":"//media/","addresses":"//addresses/","_dbs":"//dbs/","writableLocations":[{"name":"West
        US","databaseAccountEndpoint":"https://cli000003-westus.documents.azure.com:443/"}],"readableLocations":[{"name":"West
        US","databaseAccountEndpoint":"https://cli000003-westus.documents.azure.com:443/"}],"enableMultipleWriteLocations":false,"userReplicationPolicy":{"asyncReplication":false,"minReplicaSetSize":3,"maxReplicasetSize":4},"userConsistencyPolicy":{"defaultConsistencyLevel":"Session"},"systemReplicationPolicy":{"minReplicaSetSize":3,"maxReplicasetSize":4},"readPolicy":{"primaryReadCoefficient":1,"secondaryReadCoefficient":1},"queryEngineConfiguration":"{\"maxSqlQueryInputLength\":262144,\"maxJoinsPerSqlQuery\":5,\"maxLogicalAndPerSqlQuery\":500,\"maxLogicalOrPerSqlQuery\":500,\"maxUdfRefPerSqlQuery\":10,\"maxInExpressionItemsCount\":16000,\"queryMaxInMemorySortDocumentCount\":500,\"maxQueryRequestTimeoutFraction\":0.9,\"sqlAllowNonFiniteNumbers\":false,\"sqlAllowAggregateFunctions\":true,\"sqlAllowSubQuery\":true,\"sqlAllowScalarSubQuery\":true,\"allowNewKeywords\":true,\"sqlAllowLike\":false,\"sqlAllowGroupByClause\":true,\"maxSpatialQueryCells\":12,\"spatialMaxGeometryPointCount\":256,\"sqlDisableQueryILOptimization\":false,\"sqlAllowTop\":true,\"enableSpatialIndexing\":true}"}'
    headers:
      cache-control:
      - no-store, no-cache
      content-location:
      - https://cli3fcquengehym.documents.azure.com/
      content-type:
      - application/json
      date:
      - Fri, 18 Dec 2020 07:58:11 GMT
      pragma:
      - no-cache
      server:
      - Microsoft-HTTPAPI/2.0
      strict-transport-security:
      - max-age=31536000
      transfer-encoding:
      - chunked
      x-ms-databaseaccount-consumed-mb:
      - '0'
      x-ms-databaseaccount-provisioned-mb:
      - '0'
      x-ms-databaseaccount-reserved-mb:
      - '0'
      x-ms-gatewayversion:
      - version=2.11.0
      x-ms-max-media-storage-usage-mb:
      - '2048'
      x-ms-media-storage-usage-mb:
      - '0'
    status:
      code: 200
      message: Ok
- request:
    body: '{"query":"SELECT * FROM root r WHERE r.id=@id","parameters":[{"name":"@id","value":"invalid"}]}'
    headers:
      Accept:
      - application/json
      Accept-Encoding:
      - gzip, deflate
      Cache-Control:
      - no-cache
      Connection:
      - keep-alive
      Content-Length:
      - '95'
      Content-Type:
      - application/query+json
      User-Agent:
      - Windows/10 Python/3.8.6 azure-cosmos/3.1.2 AZURECLI/2.16.0
      x-ms-consistency-level:
      - Session
      x-ms-date:
      - Fri, 18 Dec 2020 07:58:12 GMT
      x-ms-documentdb-isquery:
      - 'true'
      x-ms-documentdb-query-iscontinuationexpected:
      - 'False'
      x-ms-version:
      - '2018-09-17'
    method: POST
    uri: https://cli000003-westus.documents.azure.com/dbs/cli000004/colls/
  response:
    body:
      string: '{"_rid":"KqErAA==","DocumentCollections":[],"_count":0}'
    headers:
      cache-control:
      - no-store, no-cache
      collection-partition-index:
      - '0'
      collection-service-index:
      - '0'
      content-type:
      - application/json
      date:
      - Fri, 18 Dec 2020 07:58:13 GMT
      lsn:
      - '6'
      pragma:
      - no-cache
      server:
      - Microsoft-HTTPAPI/2.0
      strict-transport-security:
      - max-age=31536000
      transfer-encoding:
      - chunked
      x-ms-activity-id:
      - a032d5c7-0adb-4a31-839a-8fa2afae2cca
      x-ms-alt-content-path:
      - dbs/cliksv4xh7imvqb
      x-ms-content-path:
      - KqErAA==
      x-ms-cosmos-llsn:
      - '6'
      x-ms-cosmos-query-execution-info:
      - '{"reverseRidEnabled":true,"reverseIndexScan":false}'
      x-ms-gatewayversion:
      - version=2.11.0
      x-ms-global-committed-lsn:
      - '6'
      x-ms-item-count:
      - '0'
      x-ms-last-state-change-utc:
      - Fri, 18 Dec 2020 07:55:21.974 GMT
      x-ms-number-of-read-regions:
      - '0'
      x-ms-request-charge:
      - '5.58'
      x-ms-request-duration-ms:
      - '0.799'
      x-ms-resource-quota:
      - collections=5000;
      x-ms-resource-usage:
      - collections=1;
      x-ms-schemaversion:
      - '1.10'
      x-ms-serviceversion:
      - version=2.11.0.0
      x-ms-session-token:
      - 0:-1#6
      x-ms-transport-request-id:
      - '155977'
      x-ms-xp-role:
      - '1'
    status:
      code: 200
      message: Ok
- request:
    body: null
    headers:
      Accept:
      - application/json
      Accept-Encoding:
      - gzip, deflate
      CommandName:
      - cosmosdb collection list
      Connection:
      - keep-alive
      Content-Length:
      - '0'
      ParameterSetName:
      - -g -n -d
      User-Agent:
      - python/3.8.6 (Windows-10-10.0.19041-SP0) msrest/0.6.18 msrest_azure/0.6.3
        azure-mgmt-cosmosdb/1.0.0 Azure-SDK-For-Python AZURECLI/2.16.0
      accept-language:
      - en-US
    method: POST
    uri: https://management.azure.com/subscriptions/00000000-0000-0000-0000-000000000000/resourceGroups/cli_test_cosmosdb_collection000001/providers/Microsoft.DocumentDB/databaseAccounts/cli000003/listKeys?api-version=2020-04-01
  response:
    body:
      string: '{"primaryMasterKey":"Dn6yKG61lA7DCoynAyhyWw0IkiF56d4R2UMwrLCyohTh1ZawsCmlsa56ptRN9767qXwJydCXZhu5mhiESOn54g==","secondaryMasterKey":"R8uJ9kOwzIAcmtEaGIM902542mfDXYI4wdysrKez4I6NSdkaPB8cR1LyNbNaO4wkjUvPcp019e7VhE4yV54OTg==","primaryReadonlyMasterKey":"PImATIJcoIIH2g2GlVJdTdAam5qpfsEEZPJSlm0ueabZGEUgBcbxUJfbVZEZA9mxo3Qf1eQNtqrj0FpGIgIhtg==","secondaryReadonlyMasterKey":"JRZ5U3gHiE67ToFgB7HJPb77q47DULDepXuWifKzGMFrCwq7DqMjKU6ZG55qAjmoPMiC5MDZ2c2OifWU0kvynQ=="}'
    headers:
      cache-control:
      - no-store, no-cache
      content-length:
      - '461'
      content-type:
      - application/json
      date:
      - Fri, 18 Dec 2020 07:58:13 GMT
      pragma:
      - no-cache
      server:
      - Microsoft-HTTPAPI/2.0
      strict-transport-security:
      - max-age=31536000; includeSubDomains
      transfer-encoding:
      - chunked
      vary:
      - Accept-Encoding
      x-content-type-options:
      - nosniff
      x-ms-gatewayversion:
      - version=2.11.0
      x-ms-ratelimit-remaining-subscription-writes:
      - '1199'
    status:
      code: 200
      message: Ok
- request:
    body: null
    headers:
      Accept:
      - application/json
      Accept-Encoding:
      - gzip, deflate
      CommandName:
      - cosmosdb collection list
      Connection:
      - keep-alive
      ParameterSetName:
      - -g -n -d
      User-Agent:
      - python/3.8.6 (Windows-10-10.0.19041-SP0) msrest/0.6.18 msrest_azure/0.6.3
        azure-mgmt-cosmosdb/1.0.0 Azure-SDK-For-Python AZURECLI/2.16.0
      accept-language:
      - en-US
    method: GET
    uri: https://management.azure.com/subscriptions/00000000-0000-0000-0000-000000000000/resourceGroups/cli_test_cosmosdb_collection000001/providers/Microsoft.DocumentDB/databaseAccounts/cli000003?api-version=2020-04-01
  response:
    body:
      string: '{"id":"/subscriptions/00000000-0000-0000-0000-000000000000/resourceGroups/cli_test_cosmosdb_collection000001/providers/Microsoft.DocumentDB/databaseAccounts/cli000003","name":"cli000003","location":"West
        US","type":"Microsoft.DocumentDB/databaseAccounts","kind":"GlobalDocumentDB","tags":{},"systemData":{"createdAt":"2020-12-18T07:57:01.5900614Z"},"properties":{"provisioningState":"Succeeded","documentEndpoint":"https://cli000003.documents.azure.com:443/","publicNetworkAccess":"Enabled","enableAutomaticFailover":false,"enableMultipleWriteLocations":false,"enablePartitionKeyMonitor":false,"isVirtualNetworkFilterEnabled":false,"virtualNetworkRules":[],"EnabledApiTypes":"Sql","disableKeyBasedMetadataWriteAccess":false,"enableFreeTier":false,"enableAnalyticalStorage":false,"instanceId":"5e4f4579-1b2f-44c7-a317-84b14314ead7","createMode":"Default","databaseAccountOfferType":"Standard","consistencyPolicy":{"defaultConsistencyLevel":"Session","maxIntervalInSeconds":5,"maxStalenessPrefix":100},"configurationOverrides":{},"writeLocations":[{"id":"cli000003-westus","locationName":"West
        US","documentEndpoint":"https://cli000003-westus.documents.azure.com:443/","provisioningState":"Succeeded","failoverPriority":0,"isZoneRedundant":false}],"readLocations":[{"id":"cli000003-westus","locationName":"West
        US","documentEndpoint":"https://cli000003-westus.documents.azure.com:443/","provisioningState":"Succeeded","failoverPriority":0,"isZoneRedundant":false}],"locations":[{"id":"cli000003-westus","locationName":"West
        US","documentEndpoint":"https://cli000003-westus.documents.azure.com:443/","provisioningState":"Succeeded","failoverPriority":0,"isZoneRedundant":false}],"failoverPolicies":[{"id":"cli000003-westus","locationName":"West
        US","failoverPriority":0}],"cors":[],"capabilities":[],"ipRules":[],"backupPolicy":{"type":"Periodic","periodicModeProperties":{"backupIntervalInMinutes":240,"backupRetentionIntervalInHours":8}}}}'
    headers:
      cache-control:
      - no-store, no-cache
      content-length:
      - '2039'
      content-type:
      - application/json
      date:
      - Fri, 18 Dec 2020 07:58:14 GMT
      pragma:
      - no-cache
      server:
      - Microsoft-HTTPAPI/2.0
      strict-transport-security:
      - max-age=31536000; includeSubDomains
      transfer-encoding:
      - chunked
      vary:
      - Accept-Encoding
      x-content-type-options:
      - nosniff
      x-ms-gatewayversion:
      - version=2.11.0
    status:
      code: 200
      message: Ok
- request:
    body: null
    headers:
      Accept:
      - application/json
      Accept-Encoding:
      - gzip, deflate
      Cache-Control:
      - no-cache
      Connection:
      - keep-alive
      Content-Length:
      - '0'
      User-Agent:
      - Windows/10 Python/3.8.6 azure-cosmos/3.1.2
      x-ms-consistency-level:
      - Session
      x-ms-date:
      - Fri, 18 Dec 2020 07:58:14 GMT
      x-ms-documentdb-query-iscontinuationexpected:
      - 'False'
      x-ms-session-token:
      - ''
      x-ms-version:
      - '2018-09-17'
    method: GET
    uri: https://cli000003.documents.azure.com/
  response:
    body:
      string: '{"_self":"","id":"cli000003","_rid":"cli000003.documents.azure.com","media":"//media/","addresses":"//addresses/","_dbs":"//dbs/","writableLocations":[{"name":"West
        US","databaseAccountEndpoint":"https://cli000003-westus.documents.azure.com:443/"}],"readableLocations":[{"name":"West
        US","databaseAccountEndpoint":"https://cli000003-westus.documents.azure.com:443/"}],"enableMultipleWriteLocations":false,"userReplicationPolicy":{"asyncReplication":false,"minReplicaSetSize":3,"maxReplicasetSize":4},"userConsistencyPolicy":{"defaultConsistencyLevel":"Session"},"systemReplicationPolicy":{"minReplicaSetSize":3,"maxReplicasetSize":4},"readPolicy":{"primaryReadCoefficient":1,"secondaryReadCoefficient":1},"queryEngineConfiguration":"{\"maxSqlQueryInputLength\":262144,\"maxJoinsPerSqlQuery\":5,\"maxLogicalAndPerSqlQuery\":500,\"maxLogicalOrPerSqlQuery\":500,\"maxUdfRefPerSqlQuery\":10,\"maxInExpressionItemsCount\":16000,\"queryMaxInMemorySortDocumentCount\":500,\"maxQueryRequestTimeoutFraction\":0.9,\"sqlAllowNonFiniteNumbers\":false,\"sqlAllowAggregateFunctions\":true,\"sqlAllowSubQuery\":true,\"sqlAllowScalarSubQuery\":true,\"allowNewKeywords\":true,\"sqlAllowLike\":false,\"sqlAllowGroupByClause\":true,\"maxSpatialQueryCells\":12,\"spatialMaxGeometryPointCount\":256,\"sqlDisableQueryILOptimization\":false,\"sqlAllowTop\":true,\"enableSpatialIndexing\":true}"}'
    headers:
      cache-control:
      - no-store, no-cache
      content-location:
      - https://cli3fcquengehym.documents.azure.com/
      content-type:
      - application/json
      date:
      - Fri, 18 Dec 2020 07:58:15 GMT
      pragma:
      - no-cache
      server:
      - Microsoft-HTTPAPI/2.0
      strict-transport-security:
      - max-age=31536000
      transfer-encoding:
      - chunked
      x-ms-databaseaccount-consumed-mb:
      - '0'
      x-ms-databaseaccount-provisioned-mb:
      - '0'
      x-ms-databaseaccount-reserved-mb:
      - '0'
      x-ms-gatewayversion:
      - version=2.11.0
      x-ms-max-media-storage-usage-mb:
      - '2048'
      x-ms-media-storage-usage-mb:
      - '0'
    status:
      code: 200
      message: Ok
- request:
    body: null
    headers:
      Accept:
      - application/json
      Accept-Encoding:
      - gzip, deflate
      Cache-Control:
      - no-cache
      Connection:
      - keep-alive
      Content-Length:
      - '0'
      User-Agent:
      - Windows/10 Python/3.8.6 azure-cosmos/3.1.2 AZURECLI/2.16.0
      x-ms-consistency-level:
      - Session
      x-ms-date:
      - Fri, 18 Dec 2020 07:58:15 GMT
      x-ms-documentdb-query-iscontinuationexpected:
      - 'False'
      x-ms-version:
      - '2018-09-17'
    method: GET
    uri: https://cli000003-westus.documents.azure.com/dbs/cli000004/colls/
  response:
    body:
      string: '{"_rid":"KqErAA==","DocumentCollections":[{"id":"cli000002","indexingPolicy":{"indexingMode":"consistent","automatic":true,"includedPaths":[{"path":"\/*"}],"excludedPaths":[{"path":"\/\"_etag\"\/?"}]},"conflictResolutionPolicy":{"mode":"LastWriterWins","conflictResolutionPath":"\/_ts","conflictResolutionProcedure":""},"allowMaterializedViews":false,"geospatialConfig":{"type":"Geography"},"_rid":"KqErAJ04akA=","_ts":1608278283,"_self":"dbs\/KqErAA==\/colls\/KqErAJ04akA=\/","_etag":"\"00000901-0000-0700-0000-5fdc610b0000\"","_docs":"docs\/","_sprocs":"sprocs\/","_triggers":"triggers\/","_udfs":"udfs\/","_conflicts":"conflicts\/"}],"_count":1}'
    headers:
      cache-control:
      - no-store, no-cache
      content-location:
      - https://cli3fcquengehym-westus.documents.azure.com/dbs/cliksv4xh7imvqb/colls/
      content-type:
      - application/json
      date:
      - Fri, 18 Dec 2020 07:58:16 GMT
      lsn:
      - '6'
      pragma:
      - no-cache
      server:
      - Microsoft-HTTPAPI/2.0
      strict-transport-security:
      - max-age=31536000
      transfer-encoding:
      - chunked
      x-ms-activity-id:
      - fbb72530-45b9-430f-80cb-83eb7962b69a
      x-ms-alt-content-path:
      - dbs/cliksv4xh7imvqb
      x-ms-content-path:
      - KqErAA==
      x-ms-cosmos-llsn:
      - '6'
      x-ms-gatewayversion:
      - version=2.11.0
      x-ms-global-committed-lsn:
      - '6'
      x-ms-item-count:
      - '1'
      x-ms-last-state-change-utc:
      - Fri, 18 Dec 2020 07:55:21.960 GMT
      x-ms-number-of-read-regions:
      - '0'
      x-ms-request-charge:
      - '2'
      x-ms-request-duration-ms:
      - '1.056'
      x-ms-resource-quota:
      - collections=5000;
      x-ms-resource-usage:
      - collections=1;
      x-ms-schemaversion:
      - '1.10'
      x-ms-serviceversion:
      - version=2.11.0.0
      x-ms-session-token:
      - 0:-1#6
      x-ms-transport-request-id:
      - '264267'
      x-ms-xp-role:
      - '2'
    status:
      code: 200
      message: Ok
- request:
    body: null
    headers:
      Accept:
      - application/json
      Accept-Encoding:
      - gzip, deflate
      CommandName:
      - cosmosdb collection update
      Connection:
      - keep-alive
      Content-Length:
      - '0'
      ParameterSetName:
      - --throughput -g -n -d -c
      User-Agent:
      - python/3.8.6 (Windows-10-10.0.19041-SP0) msrest/0.6.18 msrest_azure/0.6.3
        azure-mgmt-cosmosdb/1.0.0 Azure-SDK-For-Python AZURECLI/2.16.0
      accept-language:
      - en-US
    method: POST
    uri: https://management.azure.com/subscriptions/00000000-0000-0000-0000-000000000000/resourceGroups/cli_test_cosmosdb_collection000001/providers/Microsoft.DocumentDB/databaseAccounts/cli000003/listKeys?api-version=2020-04-01
  response:
    body:
      string: '{"primaryMasterKey":"Dn6yKG61lA7DCoynAyhyWw0IkiF56d4R2UMwrLCyohTh1ZawsCmlsa56ptRN9767qXwJydCXZhu5mhiESOn54g==","secondaryMasterKey":"R8uJ9kOwzIAcmtEaGIM902542mfDXYI4wdysrKez4I6NSdkaPB8cR1LyNbNaO4wkjUvPcp019e7VhE4yV54OTg==","primaryReadonlyMasterKey":"PImATIJcoIIH2g2GlVJdTdAam5qpfsEEZPJSlm0ueabZGEUgBcbxUJfbVZEZA9mxo3Qf1eQNtqrj0FpGIgIhtg==","secondaryReadonlyMasterKey":"JRZ5U3gHiE67ToFgB7HJPb77q47DULDepXuWifKzGMFrCwq7DqMjKU6ZG55qAjmoPMiC5MDZ2c2OifWU0kvynQ=="}'
    headers:
      cache-control:
      - no-store, no-cache
      content-length:
      - '461'
      content-type:
      - application/json
      date:
      - Fri, 18 Dec 2020 07:58:16 GMT
      pragma:
      - no-cache
      server:
      - Microsoft-HTTPAPI/2.0
      strict-transport-security:
      - max-age=31536000; includeSubDomains
      transfer-encoding:
      - chunked
      vary:
      - Accept-Encoding
      x-content-type-options:
      - nosniff
      x-ms-gatewayversion:
      - version=2.11.0
      x-ms-ratelimit-remaining-subscription-writes:
      - '1199'
    status:
      code: 200
      message: Ok
- request:
    body: null
    headers:
      Accept:
      - application/json
      Accept-Encoding:
      - gzip, deflate
      CommandName:
      - cosmosdb collection update
      Connection:
      - keep-alive
      ParameterSetName:
      - --throughput -g -n -d -c
      User-Agent:
      - python/3.8.6 (Windows-10-10.0.19041-SP0) msrest/0.6.18 msrest_azure/0.6.3
        azure-mgmt-cosmosdb/1.0.0 Azure-SDK-For-Python AZURECLI/2.16.0
      accept-language:
      - en-US
    method: GET
    uri: https://management.azure.com/subscriptions/00000000-0000-0000-0000-000000000000/resourceGroups/cli_test_cosmosdb_collection000001/providers/Microsoft.DocumentDB/databaseAccounts/cli000003?api-version=2020-04-01
  response:
    body:
      string: '{"id":"/subscriptions/00000000-0000-0000-0000-000000000000/resourceGroups/cli_test_cosmosdb_collection000001/providers/Microsoft.DocumentDB/databaseAccounts/cli000003","name":"cli000003","location":"West
        US","type":"Microsoft.DocumentDB/databaseAccounts","kind":"GlobalDocumentDB","tags":{},"systemData":{"createdAt":"2020-12-18T07:57:01.5900614Z"},"properties":{"provisioningState":"Succeeded","documentEndpoint":"https://cli000003.documents.azure.com:443/","publicNetworkAccess":"Enabled","enableAutomaticFailover":false,"enableMultipleWriteLocations":false,"enablePartitionKeyMonitor":false,"isVirtualNetworkFilterEnabled":false,"virtualNetworkRules":[],"EnabledApiTypes":"Sql","disableKeyBasedMetadataWriteAccess":false,"enableFreeTier":false,"enableAnalyticalStorage":false,"instanceId":"5e4f4579-1b2f-44c7-a317-84b14314ead7","createMode":"Default","databaseAccountOfferType":"Standard","consistencyPolicy":{"defaultConsistencyLevel":"Session","maxIntervalInSeconds":5,"maxStalenessPrefix":100},"configurationOverrides":{},"writeLocations":[{"id":"cli000003-westus","locationName":"West
        US","documentEndpoint":"https://cli000003-westus.documents.azure.com:443/","provisioningState":"Succeeded","failoverPriority":0,"isZoneRedundant":false}],"readLocations":[{"id":"cli000003-westus","locationName":"West
        US","documentEndpoint":"https://cli000003-westus.documents.azure.com:443/","provisioningState":"Succeeded","failoverPriority":0,"isZoneRedundant":false}],"locations":[{"id":"cli000003-westus","locationName":"West
        US","documentEndpoint":"https://cli000003-westus.documents.azure.com:443/","provisioningState":"Succeeded","failoverPriority":0,"isZoneRedundant":false}],"failoverPolicies":[{"id":"cli000003-westus","locationName":"West
        US","failoverPriority":0}],"cors":[],"capabilities":[],"ipRules":[],"backupPolicy":{"type":"Periodic","periodicModeProperties":{"backupIntervalInMinutes":240,"backupRetentionIntervalInHours":8}}}}'
    headers:
      cache-control:
      - no-store, no-cache
      content-length:
      - '2039'
      content-type:
      - application/json
      date:
      - Fri, 18 Dec 2020 07:58:16 GMT
      pragma:
      - no-cache
      server:
      - Microsoft-HTTPAPI/2.0
      strict-transport-security:
      - max-age=31536000; includeSubDomains
      transfer-encoding:
      - chunked
      vary:
      - Accept-Encoding
      x-content-type-options:
      - nosniff
      x-ms-gatewayversion:
      - version=2.11.0
    status:
      code: 200
      message: Ok
- request:
    body: null
    headers:
      Accept:
      - application/json
      Accept-Encoding:
      - gzip, deflate
      Cache-Control:
      - no-cache
      Connection:
      - keep-alive
      Content-Length:
      - '0'
      User-Agent:
      - Windows/10 Python/3.8.6 azure-cosmos/3.1.2
      x-ms-consistency-level:
      - Session
      x-ms-date:
      - Fri, 18 Dec 2020 07:58:17 GMT
      x-ms-documentdb-query-iscontinuationexpected:
      - 'False'
      x-ms-session-token:
      - ''
      x-ms-version:
      - '2018-09-17'
    method: GET
    uri: https://cli000003.documents.azure.com/
  response:
    body:
      string: '{"_self":"","id":"cli000003","_rid":"cli000003.documents.azure.com","media":"//media/","addresses":"//addresses/","_dbs":"//dbs/","writableLocations":[{"name":"West
        US","databaseAccountEndpoint":"https://cli000003-westus.documents.azure.com:443/"}],"readableLocations":[{"name":"West
        US","databaseAccountEndpoint":"https://cli000003-westus.documents.azure.com:443/"}],"enableMultipleWriteLocations":false,"userReplicationPolicy":{"asyncReplication":false,"minReplicaSetSize":3,"maxReplicasetSize":4},"userConsistencyPolicy":{"defaultConsistencyLevel":"Session"},"systemReplicationPolicy":{"minReplicaSetSize":3,"maxReplicasetSize":4},"readPolicy":{"primaryReadCoefficient":1,"secondaryReadCoefficient":1},"queryEngineConfiguration":"{\"maxSqlQueryInputLength\":262144,\"maxJoinsPerSqlQuery\":5,\"maxLogicalAndPerSqlQuery\":500,\"maxLogicalOrPerSqlQuery\":500,\"maxUdfRefPerSqlQuery\":10,\"maxInExpressionItemsCount\":16000,\"queryMaxInMemorySortDocumentCount\":500,\"maxQueryRequestTimeoutFraction\":0.9,\"sqlAllowNonFiniteNumbers\":false,\"sqlAllowAggregateFunctions\":true,\"sqlAllowSubQuery\":true,\"sqlAllowScalarSubQuery\":true,\"allowNewKeywords\":true,\"sqlAllowLike\":false,\"sqlAllowGroupByClause\":true,\"maxSpatialQueryCells\":12,\"spatialMaxGeometryPointCount\":256,\"sqlDisableQueryILOptimization\":false,\"sqlAllowTop\":true,\"enableSpatialIndexing\":true}"}'
    headers:
      cache-control:
      - no-store, no-cache
      content-location:
      - https://cli3fcquengehym.documents.azure.com/
      content-type:
      - application/json
      date:
      - Fri, 18 Dec 2020 07:58:17 GMT
      pragma:
      - no-cache
      server:
      - Microsoft-HTTPAPI/2.0
      strict-transport-security:
      - max-age=31536000
      transfer-encoding:
      - chunked
      x-ms-databaseaccount-consumed-mb:
      - '0'
      x-ms-databaseaccount-provisioned-mb:
      - '0'
      x-ms-databaseaccount-reserved-mb:
      - '0'
      x-ms-gatewayversion:
      - version=2.11.0
      x-ms-max-media-storage-usage-mb:
      - '2048'
      x-ms-media-storage-usage-mb:
      - '0'
    status:
      code: 200
      message: Ok
- request:
    body: null
    headers:
      Accept:
      - application/json
      Accept-Encoding:
      - gzip, deflate
      Cache-Control:
      - no-cache
      Connection:
      - keep-alive
      Content-Length:
      - '0'
      User-Agent:
      - Windows/10 Python/3.8.6 azure-cosmos/3.1.2 AZURECLI/2.16.0
      x-ms-consistency-level:
      - Session
      x-ms-date:
      - Fri, 18 Dec 2020 07:58:18 GMT
      x-ms-documentdb-query-iscontinuationexpected:
      - 'False'
      x-ms-version:
      - '2018-09-17'
    method: GET
    uri: https://cli000003-westus.documents.azure.com/dbs/cli000004/colls/cli000002/
  response:
    body:
      string: '{"id":"cli000002","indexingPolicy":{"indexingMode":"consistent","automatic":true,"includedPaths":[{"path":"\/*"}],"excludedPaths":[{"path":"\/\"_etag\"\/?"}]},"conflictResolutionPolicy":{"mode":"LastWriterWins","conflictResolutionPath":"\/_ts","conflictResolutionProcedure":""},"allowMaterializedViews":false,"geospatialConfig":{"type":"Geography"},"_rid":"KqErAJ04akA=","_ts":1608278283,"_self":"dbs\/KqErAA==\/colls\/KqErAJ04akA=\/","_etag":"\"00000901-0000-0700-0000-5fdc610b0000\"","_docs":"docs\/","_sprocs":"sprocs\/","_triggers":"triggers\/","_udfs":"udfs\/","_conflicts":"conflicts\/"}'
    headers:
      cache-control:
      - no-store, no-cache
      collection-partition-index:
      - '0'
      collection-service-index:
      - '0'
      content-location:
      - https://cli3fcquengehym-westus.documents.azure.com/dbs/cliksv4xh7imvqb/colls/clisvvvgyboe2yq/
      content-type:
      - application/json
      date:
      - Fri, 18 Dec 2020 07:58:18 GMT
      etag:
      - '"00000901-0000-0700-0000-5fdc610b0000"'
      lsn:
      - '1'
      pragma:
      - no-cache
      server:
      - Microsoft-HTTPAPI/2.0
      strict-transport-security:
      - max-age=31536000
      transfer-encoding:
      - chunked
      x-ms-activity-id:
      - d439adc0-f534-4336-b8ce-1d869b11dd7e
      x-ms-alt-content-path:
      - dbs/cliksv4xh7imvqb
      x-ms-content-path:
      - KqErAA==
      x-ms-cosmos-item-llsn:
      - '1'
      x-ms-cosmos-llsn:
      - '1'
      x-ms-documentdb-collection-index-transformation-progress:
      - '100'
      x-ms-documentdb-partitionkeyrangeid:
      - '0'
      x-ms-gatewayversion:
      - version=2.11.0
      x-ms-global-committed-lsn:
      - '1'
      x-ms-item-lsn:
      - '1'
      x-ms-last-state-change-utc:
      - Fri, 18 Dec 2020 04:42:25.765 GMT
      x-ms-number-of-read-regions:
      - '0'
      x-ms-request-charge:
      - '1'
      x-ms-request-duration-ms:
      - '0.687'
      x-ms-resource-quota:
      - functions=25;storedProcedures=100;triggers=25;documentSize=10240;documentsSize=10485760;documentsCount=-1;collectionSize=10485760;
      x-ms-resource-usage:
      - functions=0;storedProcedures=0;triggers=0;documentSize=0;documentsSize=0;documentsCount=0;collectionSize=0;
      x-ms-schemaversion:
      - '1.10'
      x-ms-serviceversion:
      - version=2.11.0.0
      x-ms-session-token:
      - 0:-1#1
      x-ms-transport-request-id:
      - '1575'
      x-ms-xp-role:
      - '1'
    status:
      code: 200
      message: Ok
- request:
    body: null
    headers:
      Accept:
      - application/json
      Accept-Encoding:
      - gzip, deflate
      Cache-Control:
      - no-cache
      Connection:
      - keep-alive
      Content-Length:
      - '0'
      User-Agent:
      - Windows/10 Python/3.8.6 azure-cosmos/3.1.2 AZURECLI/2.16.0
      x-ms-consistency-level:
      - Session
      x-ms-date:
      - Fri, 18 Dec 2020 07:58:18 GMT
      x-ms-documentdb-query-iscontinuationexpected:
      - 'False'
      x-ms-version:
      - '2018-09-17'
    method: GET
    uri: https://cli000003-westus.documents.azure.com/offers
  response:
    body:
      string: '{"_rid":"","Offers":[{"resource":"dbs\/KqErAA==\/colls\/KqErAJ04akA=\/","offerType":"Invalid","offerResourceId":"KqErAJ04akA=","offerVersion":"V2","content":{"offerThroughput":400,"offerIsRUPerMinuteThroughputEnabled":false,"offerMinimumThroughputParameters":{"maxThroughputEverProvisioned":400,"maxConsumedStorageEverInKB":0}},"id":"JUyw","_rid":"JUyw","_self":"offers\/JUyw\/","_etag":"\"00000a01-0000-0700-0000-5fdc610b0000\"","_ts":1608278283}],"_count":1}'
    headers:
      cache-control:
      - no-store, no-cache
      content-location:
      - https://cli3fcquengehym-westus.documents.azure.com/offers
      content-type:
      - application/json
      date:
      - Fri, 18 Dec 2020 07:58:18 GMT
      lsn:
      - '6'
      pragma:
      - no-cache
      server:
      - Microsoft-HTTPAPI/2.0
      strict-transport-security:
      - max-age=31536000
      transfer-encoding:
      - chunked
      x-ms-activity-id:
      - 8713f4a1-60e2-4d2f-8074-54f91baf8b4e
      x-ms-cosmos-llsn:
      - '6'
      x-ms-gatewayversion:
      - version=2.11.0
      x-ms-global-committed-lsn:
      - '6'
      x-ms-item-count:
      - '1'
      x-ms-last-state-change-utc:
      - Fri, 18 Dec 2020 07:55:21.974 GMT
      x-ms-number-of-read-regions:
      - '0'
      x-ms-request-charge:
      - '2'
      x-ms-request-duration-ms:
      - '0.524'
      x-ms-schemaversion:
      - '1.10'
      x-ms-serviceversion:
      - version=2.11.0.0
      x-ms-session-token:
      - 0:-1#6
      x-ms-transport-request-id:
      - '284072'
      x-ms-xp-role:
      - '1'
    status:
      code: 200
      message: Ok
- request:
    body: '{"resource":"dbs/KqErAA==/colls/KqErAJ04akA=/","offerType":"Invalid","offerResourceId":"KqErAJ04akA=","offerVersion":"V2","content":{"offerThroughput":500,"offerIsRUPerMinuteThroughputEnabled":false,"offerMinimumThroughputParameters":{"maxThroughputEverProvisioned":400,"maxConsumedStorageEverInKB":0}},"id":"JUyw","_rid":"JUyw","_self":"offers/JUyw/","_etag":"\"00000a01-0000-0700-0000-5fdc610b0000\"","_ts":1608278283}'
    headers:
      Accept:
      - application/json
      Accept-Encoding:
      - gzip, deflate
      Cache-Control:
      - no-cache
      Connection:
      - keep-alive
      Content-Length:
      - '420'
      Content-Type:
      - application/json
      User-Agent:
      - Windows/10 Python/3.8.6 azure-cosmos/3.1.2 AZURECLI/2.16.0
      x-ms-consistency-level:
      - Session
      x-ms-date:
      - Fri, 18 Dec 2020 07:58:18 GMT
      x-ms-documentdb-query-iscontinuationexpected:
      - 'False'
      x-ms-version:
      - '2018-09-17'
    method: PUT
    uri: https://cli000003-westus.documents.azure.com/offers/JUyw/
  response:
    body:
      string: '{"resource":"dbs\/KqErAA==\/colls\/KqErAJ04akA=\/","offerType":"Invalid","offerResourceId":"KqErAJ04akA=","offerVersion":"V2","content":{"offerThroughput":500,"offerIsRUPerMinuteThroughputEnabled":false,"offerMinimumThroughputParameters":{"maxThroughputEverProvisioned":500,"maxConsumedStorageEverInKB":0},"offerLastReplaceTimestamp":1608278299},"id":"JUyw","_rid":"JUyw","_self":"offers\/JUyw\/","_etag":"\"00000d01-0000-0700-0000-5fdc611b0000\"","_ts":1608278299}'
    headers:
      cache-control:
      - no-store, no-cache
      content-location:
      - https://cli3fcquengehym-westus.documents.azure.com/offers/JUyw/
      content-type:
      - application/json
      date:
      - Fri, 18 Dec 2020 07:58:18 GMT
      etag:
      - '"00000d01-0000-0700-0000-5fdc611b0000"'
      lsn:
      - '7'
      pragma:
      - no-cache
      server:
      - Microsoft-HTTPAPI/2.0
      strict-transport-security:
      - max-age=31536000
      transfer-encoding:
      - chunked
      x-ms-activity-id:
      - 5a049e1a-a6a1-46ad-bb76-4390f34467e9
      x-ms-cosmos-llsn:
      - '7'
      x-ms-cosmos-quorum-acked-llsn:
      - '6'
      x-ms-current-replica-set-size:
      - '4'
      x-ms-current-write-quorum:
      - '3'
      x-ms-gatewayversion:
      - version=2.11.0
      x-ms-global-committed-lsn:
      - '6'
      x-ms-last-state-change-utc:
      - Fri, 18 Dec 2020 07:55:11.997 GMT
      x-ms-number-of-read-regions:
      - '0'
      x-ms-quorum-acked-lsn:
      - '6'
      x-ms-request-charge:
      - '9.9'
      x-ms-request-duration-ms:
      - '21.46'
      x-ms-schemaversion:
      - '1.10'
      x-ms-serviceversion:
      - version=2.11.0.0
      x-ms-session-token:
      - 0:-1#7
      x-ms-transport-request-id:
      - '224572'
      x-ms-xp-role:
      - '1'
    status:
      code: 200
      message: Ok
- request:
    body: null
    headers:
      Accept:
      - application/json
      Accept-Encoding:
      - gzip, deflate
      CommandName:
      - cosmosdb collection update
      Connection:
      - keep-alive
      Content-Length:
      - '0'
      ParameterSetName:
      - --default-ttl -g -n -d -c
      User-Agent:
      - python/3.8.6 (Windows-10-10.0.19041-SP0) msrest/0.6.18 msrest_azure/0.6.3
        azure-mgmt-cosmosdb/1.0.0 Azure-SDK-For-Python AZURECLI/2.16.0
      accept-language:
      - en-US
    method: POST
    uri: https://management.azure.com/subscriptions/00000000-0000-0000-0000-000000000000/resourceGroups/cli_test_cosmosdb_collection000001/providers/Microsoft.DocumentDB/databaseAccounts/cli000003/listKeys?api-version=2020-04-01
  response:
    body:
      string: '{"primaryMasterKey":"Dn6yKG61lA7DCoynAyhyWw0IkiF56d4R2UMwrLCyohTh1ZawsCmlsa56ptRN9767qXwJydCXZhu5mhiESOn54g==","secondaryMasterKey":"R8uJ9kOwzIAcmtEaGIM902542mfDXYI4wdysrKez4I6NSdkaPB8cR1LyNbNaO4wkjUvPcp019e7VhE4yV54OTg==","primaryReadonlyMasterKey":"PImATIJcoIIH2g2GlVJdTdAam5qpfsEEZPJSlm0ueabZGEUgBcbxUJfbVZEZA9mxo3Qf1eQNtqrj0FpGIgIhtg==","secondaryReadonlyMasterKey":"JRZ5U3gHiE67ToFgB7HJPb77q47DULDepXuWifKzGMFrCwq7DqMjKU6ZG55qAjmoPMiC5MDZ2c2OifWU0kvynQ=="}'
    headers:
      cache-control:
      - no-store, no-cache
      content-length:
      - '461'
      content-type:
      - application/json
      date:
      - Fri, 18 Dec 2020 07:58:19 GMT
      pragma:
      - no-cache
      server:
      - Microsoft-HTTPAPI/2.0
      strict-transport-security:
      - max-age=31536000; includeSubDomains
      transfer-encoding:
      - chunked
      vary:
      - Accept-Encoding
      x-content-type-options:
      - nosniff
      x-ms-gatewayversion:
      - version=2.11.0
      x-ms-ratelimit-remaining-subscription-writes:
      - '1199'
    status:
      code: 200
      message: Ok
- request:
    body: null
    headers:
      Accept:
      - application/json
      Accept-Encoding:
      - gzip, deflate
      CommandName:
      - cosmosdb collection update
      Connection:
      - keep-alive
      ParameterSetName:
      - --default-ttl -g -n -d -c
      User-Agent:
      - python/3.8.6 (Windows-10-10.0.19041-SP0) msrest/0.6.18 msrest_azure/0.6.3
        azure-mgmt-cosmosdb/1.0.0 Azure-SDK-For-Python AZURECLI/2.16.0
      accept-language:
      - en-US
    method: GET
    uri: https://management.azure.com/subscriptions/00000000-0000-0000-0000-000000000000/resourceGroups/cli_test_cosmosdb_collection000001/providers/Microsoft.DocumentDB/databaseAccounts/cli000003?api-version=2020-04-01
  response:
    body:
      string: '{"id":"/subscriptions/00000000-0000-0000-0000-000000000000/resourceGroups/cli_test_cosmosdb_collection000001/providers/Microsoft.DocumentDB/databaseAccounts/cli000003","name":"cli000003","location":"West
        US","type":"Microsoft.DocumentDB/databaseAccounts","kind":"GlobalDocumentDB","tags":{},"systemData":{"createdAt":"2020-12-18T07:57:01.5900614Z"},"properties":{"provisioningState":"Succeeded","documentEndpoint":"https://cli000003.documents.azure.com:443/","publicNetworkAccess":"Enabled","enableAutomaticFailover":false,"enableMultipleWriteLocations":false,"enablePartitionKeyMonitor":false,"isVirtualNetworkFilterEnabled":false,"virtualNetworkRules":[],"EnabledApiTypes":"Sql","disableKeyBasedMetadataWriteAccess":false,"enableFreeTier":false,"enableAnalyticalStorage":false,"instanceId":"5e4f4579-1b2f-44c7-a317-84b14314ead7","createMode":"Default","databaseAccountOfferType":"Standard","consistencyPolicy":{"defaultConsistencyLevel":"Session","maxIntervalInSeconds":5,"maxStalenessPrefix":100},"configurationOverrides":{},"writeLocations":[{"id":"cli000003-westus","locationName":"West
        US","documentEndpoint":"https://cli000003-westus.documents.azure.com:443/","provisioningState":"Succeeded","failoverPriority":0,"isZoneRedundant":false}],"readLocations":[{"id":"cli000003-westus","locationName":"West
        US","documentEndpoint":"https://cli000003-westus.documents.azure.com:443/","provisioningState":"Succeeded","failoverPriority":0,"isZoneRedundant":false}],"locations":[{"id":"cli000003-westus","locationName":"West
        US","documentEndpoint":"https://cli000003-westus.documents.azure.com:443/","provisioningState":"Succeeded","failoverPriority":0,"isZoneRedundant":false}],"failoverPolicies":[{"id":"cli000003-westus","locationName":"West
        US","failoverPriority":0}],"cors":[],"capabilities":[],"ipRules":[],"backupPolicy":{"type":"Periodic","periodicModeProperties":{"backupIntervalInMinutes":240,"backupRetentionIntervalInHours":8}}}}'
    headers:
      cache-control:
      - no-store, no-cache
      content-length:
      - '2039'
      content-type:
      - application/json
      date:
      - Fri, 18 Dec 2020 07:58:20 GMT
      pragma:
      - no-cache
      server:
      - Microsoft-HTTPAPI/2.0
      strict-transport-security:
      - max-age=31536000; includeSubDomains
      transfer-encoding:
      - chunked
      vary:
      - Accept-Encoding
      x-content-type-options:
      - nosniff
      x-ms-gatewayversion:
      - version=2.11.0
    status:
      code: 200
      message: Ok
- request:
    body: null
    headers:
      Accept:
      - application/json
      Accept-Encoding:
      - gzip, deflate
      Cache-Control:
      - no-cache
      Connection:
      - keep-alive
      Content-Length:
      - '0'
      User-Agent:
      - Windows/10 Python/3.8.6 azure-cosmos/3.1.2
      x-ms-consistency-level:
      - Session
      x-ms-date:
      - Fri, 18 Dec 2020 07:58:20 GMT
      x-ms-documentdb-query-iscontinuationexpected:
      - 'False'
      x-ms-session-token:
      - ''
      x-ms-version:
      - '2018-09-17'
    method: GET
    uri: https://cli000003.documents.azure.com/
  response:
    body:
      string: '{"_self":"","id":"cli000003","_rid":"cli000003.documents.azure.com","media":"//media/","addresses":"//addresses/","_dbs":"//dbs/","writableLocations":[{"name":"West
        US","databaseAccountEndpoint":"https://cli000003-westus.documents.azure.com:443/"}],"readableLocations":[{"name":"West
        US","databaseAccountEndpoint":"https://cli000003-westus.documents.azure.com:443/"}],"enableMultipleWriteLocations":false,"userReplicationPolicy":{"asyncReplication":false,"minReplicaSetSize":3,"maxReplicasetSize":4},"userConsistencyPolicy":{"defaultConsistencyLevel":"Session"},"systemReplicationPolicy":{"minReplicaSetSize":3,"maxReplicasetSize":4},"readPolicy":{"primaryReadCoefficient":1,"secondaryReadCoefficient":1},"queryEngineConfiguration":"{\"maxSqlQueryInputLength\":262144,\"maxJoinsPerSqlQuery\":5,\"maxLogicalAndPerSqlQuery\":500,\"maxLogicalOrPerSqlQuery\":500,\"maxUdfRefPerSqlQuery\":10,\"maxInExpressionItemsCount\":16000,\"queryMaxInMemorySortDocumentCount\":500,\"maxQueryRequestTimeoutFraction\":0.9,\"sqlAllowNonFiniteNumbers\":false,\"sqlAllowAggregateFunctions\":true,\"sqlAllowSubQuery\":true,\"sqlAllowScalarSubQuery\":true,\"allowNewKeywords\":true,\"sqlAllowLike\":false,\"sqlAllowGroupByClause\":true,\"maxSpatialQueryCells\":12,\"spatialMaxGeometryPointCount\":256,\"sqlDisableQueryILOptimization\":false,\"sqlAllowTop\":true,\"enableSpatialIndexing\":true}"}'
    headers:
      cache-control:
      - no-store, no-cache
      content-location:
      - https://cli3fcquengehym.documents.azure.com/
      content-type:
      - application/json
      date:
      - Fri, 18 Dec 2020 07:58:20 GMT
      pragma:
      - no-cache
      server:
      - Microsoft-HTTPAPI/2.0
      strict-transport-security:
      - max-age=31536000
      transfer-encoding:
      - chunked
      x-ms-databaseaccount-consumed-mb:
      - '0'
      x-ms-databaseaccount-provisioned-mb:
      - '0'
      x-ms-databaseaccount-reserved-mb:
      - '0'
      x-ms-gatewayversion:
      - version=2.11.0
      x-ms-max-media-storage-usage-mb:
      - '2048'
      x-ms-media-storage-usage-mb:
      - '0'
    status:
      code: 200
      message: Ok
- request:
    body: null
    headers:
      Accept:
      - application/json
      Accept-Encoding:
      - gzip, deflate
      Cache-Control:
      - no-cache
      Connection:
      - keep-alive
      Content-Length:
      - '0'
      User-Agent:
      - Windows/10 Python/3.8.6 azure-cosmos/3.1.2 AZURECLI/2.16.0
      x-ms-consistency-level:
      - Session
      x-ms-date:
      - Fri, 18 Dec 2020 07:58:20 GMT
      x-ms-documentdb-query-iscontinuationexpected:
      - 'False'
      x-ms-version:
      - '2018-09-17'
    method: GET
    uri: https://cli000003-westus.documents.azure.com/dbs/cli000004/colls/cli000002/
  response:
    body:
      string: '{"id":"cli000002","indexingPolicy":{"indexingMode":"consistent","automatic":true,"includedPaths":[{"path":"\/*"}],"excludedPaths":[{"path":"\/\"_etag\"\/?"}]},"conflictResolutionPolicy":{"mode":"LastWriterWins","conflictResolutionPath":"\/_ts","conflictResolutionProcedure":""},"allowMaterializedViews":false,"geospatialConfig":{"type":"Geography"},"_rid":"KqErAJ04akA=","_ts":1608278283,"_self":"dbs\/KqErAA==\/colls\/KqErAJ04akA=\/","_etag":"\"00000901-0000-0700-0000-5fdc610b0000\"","_docs":"docs\/","_sprocs":"sprocs\/","_triggers":"triggers\/","_udfs":"udfs\/","_conflicts":"conflicts\/"}'
    headers:
      cache-control:
      - no-store, no-cache
      collection-partition-index:
      - '0'
      collection-service-index:
      - '0'
      content-location:
      - https://cli3fcquengehym-westus.documents.azure.com/dbs/cliksv4xh7imvqb/colls/clisvvvgyboe2yq/
      content-type:
      - application/json
      date:
      - Fri, 18 Dec 2020 07:58:21 GMT
      etag:
      - '"00000901-0000-0700-0000-5fdc610b0000"'
      lsn:
      - '2'
      pragma:
      - no-cache
      server:
      - Microsoft-HTTPAPI/2.0
      strict-transport-security:
      - max-age=31536000
      transfer-encoding:
      - chunked
      x-ms-activity-id:
      - 6f3b0ac0-aba5-4146-93a5-465f2abc88c7
      x-ms-alt-content-path:
      - dbs/cliksv4xh7imvqb
      x-ms-content-path:
      - KqErAA==
      x-ms-cosmos-item-llsn:
      - '1'
      x-ms-cosmos-llsn:
      - '2'
      x-ms-documentdb-collection-index-transformation-progress:
      - '100'
      x-ms-documentdb-partitionkeyrangeid:
      - '0'
      x-ms-gatewayversion:
      - version=2.11.0
      x-ms-global-committed-lsn:
      - '2'
      x-ms-item-lsn:
      - '1'
      x-ms-last-state-change-utc:
      - Fri, 18 Dec 2020 04:42:25.765 GMT
      x-ms-number-of-read-regions:
      - '0'
      x-ms-request-charge:
      - '1'
      x-ms-request-duration-ms:
      - '0.523'
      x-ms-resource-quota:
      - functions=25;storedProcedures=100;triggers=25;documentSize=10240;documentsSize=10485760;documentsCount=-1;collectionSize=10485760;
      x-ms-resource-usage:
      - functions=0;storedProcedures=0;triggers=0;documentSize=0;documentsSize=0;documentsCount=0;collectionSize=0;
      x-ms-schemaversion:
      - '1.10'
      x-ms-serviceversion:
      - version=2.11.0.0
      x-ms-session-token:
      - 0:-1#2
      x-ms-transport-request-id:
      - '1'
      x-ms-xp-role:
      - '1'
    status:
      code: 200
      message: Ok
- request:
    body: '{"id":"cli000002","indexingPolicy":{"indexingMode":"consistent","automatic":true,"includedPaths":[{"path":"/*"}],"excludedPaths":[{"path":"/\"_etag\"/?"}]},"conflictResolutionPolicy":{"mode":"LastWriterWins","conflictResolutionPath":"/_ts","conflictResolutionProcedure":""},"allowMaterializedViews":false,"geospatialConfig":{"type":"Geography"},"_rid":"KqErAJ04akA=","_ts":1608278283,"_self":"dbs/KqErAA==/colls/KqErAJ04akA=/","_etag":"\"00000901-0000-0700-0000-5fdc610b0000\"","_docs":"docs/","_sprocs":"sprocs/","_triggers":"triggers/","_udfs":"udfs/","_conflicts":"conflicts/","defaultTtl":1000}'
    headers:
      Accept:
      - application/json
      Accept-Encoding:
      - gzip, deflate
      Cache-Control:
      - no-cache
      Connection:
      - keep-alive
      Content-Length:
      - '604'
      Content-Type:
      - application/json
      User-Agent:
      - Windows/10 Python/3.8.6 azure-cosmos/3.1.2 AZURECLI/2.16.0
      x-ms-consistency-level:
      - Session
      x-ms-date:
      - Fri, 18 Dec 2020 07:58:21 GMT
      x-ms-documentdb-query-iscontinuationexpected:
      - 'False'
      x-ms-version:
      - '2018-09-17'
    method: PUT
    uri: https://cli000003-westus.documents.azure.com/dbs/cli000004/colls/cli000002/
  response:
    body:
      string: '{"id":"cli000002","indexingPolicy":{"indexingMode":"consistent","automatic":true,"includedPaths":[{"path":"\/*"}],"excludedPaths":[{"path":"\/\"_etag\"\/?"}]},"defaultTtl":1000,"conflictResolutionPolicy":{"mode":"LastWriterWins","conflictResolutionPath":"\/_ts","conflictResolutionProcedure":""},"allowMaterializedViews":false,"geospatialConfig":{"type":"Geography"},"_rid":"KqErAJ04akA=","_ts":1608278302,"_self":"dbs\/KqErAA==\/colls\/KqErAJ04akA=\/","_etag":"\"00000e01-0000-0700-0000-5fdc611e0000\"","_docs":"docs\/","_sprocs":"sprocs\/","_triggers":"triggers\/","_udfs":"udfs\/","_conflicts":"conflicts\/"}'
    headers:
      cache-control:
      - no-store, no-cache
      collection-partition-index:
      - '0'
      collection-service-index:
      - '0'
      content-location:
      - https://cli3fcquengehym-westus.documents.azure.com/dbs/cliksv4xh7imvqb/colls/clisvvvgyboe2yq/
      content-type:
      - application/json
      date:
      - Fri, 18 Dec 2020 07:58:21 GMT
      etag:
      - '"00000e01-0000-0700-0000-5fdc611e0000"'
      lsn:
      - '3'
      pragma:
      - no-cache
      server:
      - Microsoft-HTTPAPI/2.0
      strict-transport-security:
      - max-age=31536000
      transfer-encoding:
      - chunked
      x-ms-activity-id:
      - 60fcf731-a9e2-4ef5-ba39-c5f03a485487
      x-ms-alt-content-path:
      - dbs/cliksv4xh7imvqb
      x-ms-cosmos-llsn:
      - '3'
      x-ms-cosmos-quorum-acked-llsn:
      - '2'
      x-ms-current-replica-set-size:
      - '4'
      x-ms-current-write-quorum:
      - '3'
      x-ms-documentdb-partitionkeyrangeid:
      - '0'
      x-ms-gatewayversion:
      - version=2.11.0
      x-ms-global-committed-lsn:
      - '2'
      x-ms-last-state-change-utc:
      - Fri, 18 Dec 2020 04:42:18.084 GMT
      x-ms-number-of-read-regions:
      - '0'
      x-ms-quorum-acked-lsn:
      - '2'
      x-ms-request-charge:
      - '9.9'
      x-ms-request-duration-ms:
      - '9.323'
      x-ms-resource-quota:
      - functions=25;storedProcedures=100;triggers=25;documentSize=10240;documentsSize=10485760;documentsCount=-1;collectionSize=10485760;
      x-ms-resource-usage:
      - functions=0;storedProcedures=0;triggers=0;documentSize=0;documentsSize=0;documentsCount=0;collectionSize=0;
      x-ms-schemaversion:
      - '1.10'
      x-ms-serviceversion:
      - version=2.11.0.0
      x-ms-session-token:
      - 0:-1#3
      x-ms-transport-request-id:
      - '1'
      x-ms-xp-role:
      - '1'
    status:
      code: 200
      message: Ok
- request:
    body: null
    headers:
      Accept:
      - application/json
      Accept-Encoding:
      - gzip, deflate
      CommandName:
      - cosmosdb collection update
      Connection:
      - keep-alive
      Content-Length:
      - '0'
      ParameterSetName:
      - --default-ttl -g -n -d -c
      User-Agent:
      - python/3.8.6 (Windows-10-10.0.19041-SP0) msrest/0.6.18 msrest_azure/0.6.3
        azure-mgmt-cosmosdb/1.0.0 Azure-SDK-For-Python AZURECLI/2.16.0
      accept-language:
      - en-US
    method: POST
    uri: https://management.azure.com/subscriptions/00000000-0000-0000-0000-000000000000/resourceGroups/cli_test_cosmosdb_collection000001/providers/Microsoft.DocumentDB/databaseAccounts/cli000003/listKeys?api-version=2020-04-01
  response:
    body:
      string: '{"primaryMasterKey":"Dn6yKG61lA7DCoynAyhyWw0IkiF56d4R2UMwrLCyohTh1ZawsCmlsa56ptRN9767qXwJydCXZhu5mhiESOn54g==","secondaryMasterKey":"R8uJ9kOwzIAcmtEaGIM902542mfDXYI4wdysrKez4I6NSdkaPB8cR1LyNbNaO4wkjUvPcp019e7VhE4yV54OTg==","primaryReadonlyMasterKey":"PImATIJcoIIH2g2GlVJdTdAam5qpfsEEZPJSlm0ueabZGEUgBcbxUJfbVZEZA9mxo3Qf1eQNtqrj0FpGIgIhtg==","secondaryReadonlyMasterKey":"JRZ5U3gHiE67ToFgB7HJPb77q47DULDepXuWifKzGMFrCwq7DqMjKU6ZG55qAjmoPMiC5MDZ2c2OifWU0kvynQ=="}'
    headers:
      cache-control:
      - no-store, no-cache
      content-length:
      - '461'
      content-type:
      - application/json
      date:
      - Fri, 18 Dec 2020 07:58:22 GMT
      pragma:
      - no-cache
      server:
      - Microsoft-HTTPAPI/2.0
      strict-transport-security:
      - max-age=31536000; includeSubDomains
      transfer-encoding:
      - chunked
      vary:
      - Accept-Encoding
      x-content-type-options:
      - nosniff
      x-ms-gatewayversion:
      - version=2.11.0
      x-ms-ratelimit-remaining-subscription-writes:
      - '1198'
    status:
      code: 200
      message: Ok
- request:
    body: null
    headers:
      Accept:
      - application/json
      Accept-Encoding:
      - gzip, deflate
      CommandName:
      - cosmosdb collection update
      Connection:
      - keep-alive
      ParameterSetName:
      - --default-ttl -g -n -d -c
      User-Agent:
      - python/3.8.6 (Windows-10-10.0.19041-SP0) msrest/0.6.18 msrest_azure/0.6.3
        azure-mgmt-cosmosdb/1.0.0 Azure-SDK-For-Python AZURECLI/2.16.0
      accept-language:
      - en-US
    method: GET
    uri: https://management.azure.com/subscriptions/00000000-0000-0000-0000-000000000000/resourceGroups/cli_test_cosmosdb_collection000001/providers/Microsoft.DocumentDB/databaseAccounts/cli000003?api-version=2020-04-01
  response:
    body:
      string: '{"id":"/subscriptions/00000000-0000-0000-0000-000000000000/resourceGroups/cli_test_cosmosdb_collection000001/providers/Microsoft.DocumentDB/databaseAccounts/cli000003","name":"cli000003","location":"West
        US","type":"Microsoft.DocumentDB/databaseAccounts","kind":"GlobalDocumentDB","tags":{},"systemData":{"createdAt":"2020-12-18T07:57:01.5900614Z"},"properties":{"provisioningState":"Succeeded","documentEndpoint":"https://cli000003.documents.azure.com:443/","publicNetworkAccess":"Enabled","enableAutomaticFailover":false,"enableMultipleWriteLocations":false,"enablePartitionKeyMonitor":false,"isVirtualNetworkFilterEnabled":false,"virtualNetworkRules":[],"EnabledApiTypes":"Sql","disableKeyBasedMetadataWriteAccess":false,"enableFreeTier":false,"enableAnalyticalStorage":false,"instanceId":"5e4f4579-1b2f-44c7-a317-84b14314ead7","createMode":"Default","databaseAccountOfferType":"Standard","consistencyPolicy":{"defaultConsistencyLevel":"Session","maxIntervalInSeconds":5,"maxStalenessPrefix":100},"configurationOverrides":{},"writeLocations":[{"id":"cli000003-westus","locationName":"West
        US","documentEndpoint":"https://cli000003-westus.documents.azure.com:443/","provisioningState":"Succeeded","failoverPriority":0,"isZoneRedundant":false}],"readLocations":[{"id":"cli000003-westus","locationName":"West
        US","documentEndpoint":"https://cli000003-westus.documents.azure.com:443/","provisioningState":"Succeeded","failoverPriority":0,"isZoneRedundant":false}],"locations":[{"id":"cli000003-westus","locationName":"West
        US","documentEndpoint":"https://cli000003-westus.documents.azure.com:443/","provisioningState":"Succeeded","failoverPriority":0,"isZoneRedundant":false}],"failoverPolicies":[{"id":"cli000003-westus","locationName":"West
        US","failoverPriority":0}],"cors":[],"capabilities":[],"ipRules":[],"backupPolicy":{"type":"Periodic","periodicModeProperties":{"backupIntervalInMinutes":240,"backupRetentionIntervalInHours":8}}}}'
    headers:
      cache-control:
      - no-store, no-cache
      content-length:
      - '2039'
      content-type:
      - application/json
      date:
      - Fri, 18 Dec 2020 07:58:22 GMT
      pragma:
      - no-cache
      server:
      - Microsoft-HTTPAPI/2.0
      strict-transport-security:
      - max-age=31536000; includeSubDomains
      transfer-encoding:
      - chunked
      vary:
      - Accept-Encoding
      x-content-type-options:
      - nosniff
      x-ms-gatewayversion:
      - version=2.11.0
    status:
      code: 200
      message: Ok
- request:
    body: null
    headers:
      Accept:
      - application/json
      Accept-Encoding:
      - gzip, deflate
      Cache-Control:
      - no-cache
      Connection:
      - keep-alive
      Content-Length:
      - '0'
      User-Agent:
      - Windows/10 Python/3.8.6 azure-cosmos/3.1.2
      x-ms-consistency-level:
      - Session
      x-ms-date:
      - Fri, 18 Dec 2020 07:58:23 GMT
      x-ms-documentdb-query-iscontinuationexpected:
      - 'False'
      x-ms-session-token:
      - ''
      x-ms-version:
      - '2018-09-17'
    method: GET
    uri: https://cli000003.documents.azure.com/
  response:
    body:
      string: '{"_self":"","id":"cli000003","_rid":"cli000003.documents.azure.com","media":"//media/","addresses":"//addresses/","_dbs":"//dbs/","writableLocations":[{"name":"West
        US","databaseAccountEndpoint":"https://cli000003-westus.documents.azure.com:443/"}],"readableLocations":[{"name":"West
        US","databaseAccountEndpoint":"https://cli000003-westus.documents.azure.com:443/"}],"enableMultipleWriteLocations":false,"userReplicationPolicy":{"asyncReplication":false,"minReplicaSetSize":3,"maxReplicasetSize":4},"userConsistencyPolicy":{"defaultConsistencyLevel":"Session"},"systemReplicationPolicy":{"minReplicaSetSize":3,"maxReplicasetSize":4},"readPolicy":{"primaryReadCoefficient":1,"secondaryReadCoefficient":1},"queryEngineConfiguration":"{\"maxSqlQueryInputLength\":262144,\"maxJoinsPerSqlQuery\":5,\"maxLogicalAndPerSqlQuery\":500,\"maxLogicalOrPerSqlQuery\":500,\"maxUdfRefPerSqlQuery\":10,\"maxInExpressionItemsCount\":16000,\"queryMaxInMemorySortDocumentCount\":500,\"maxQueryRequestTimeoutFraction\":0.9,\"sqlAllowNonFiniteNumbers\":false,\"sqlAllowAggregateFunctions\":true,\"sqlAllowSubQuery\":true,\"sqlAllowScalarSubQuery\":true,\"allowNewKeywords\":true,\"sqlAllowLike\":false,\"sqlAllowGroupByClause\":true,\"maxSpatialQueryCells\":12,\"spatialMaxGeometryPointCount\":256,\"sqlDisableQueryILOptimization\":false,\"sqlAllowTop\":true,\"enableSpatialIndexing\":true}"}'
    headers:
      cache-control:
      - no-store, no-cache
      content-location:
      - https://cli3fcquengehym.documents.azure.com/
      content-type:
      - application/json
      date:
      - Fri, 18 Dec 2020 07:58:23 GMT
      pragma:
      - no-cache
      server:
      - Microsoft-HTTPAPI/2.0
      strict-transport-security:
      - max-age=31536000
      transfer-encoding:
      - chunked
      x-ms-databaseaccount-consumed-mb:
      - '0'
      x-ms-databaseaccount-provisioned-mb:
      - '0'
      x-ms-databaseaccount-reserved-mb:
      - '0'
      x-ms-gatewayversion:
      - version=2.11.0
      x-ms-max-media-storage-usage-mb:
      - '2048'
      x-ms-media-storage-usage-mb:
      - '0'
    status:
      code: 200
      message: Ok
- request:
    body: null
    headers:
      Accept:
      - application/json
      Accept-Encoding:
      - gzip, deflate
      Cache-Control:
      - no-cache
      Connection:
      - keep-alive
      Content-Length:
      - '0'
      User-Agent:
      - Windows/10 Python/3.8.6 azure-cosmos/3.1.2 AZURECLI/2.16.0
      x-ms-consistency-level:
      - Session
      x-ms-date:
      - Fri, 18 Dec 2020 07:58:23 GMT
      x-ms-documentdb-query-iscontinuationexpected:
      - 'False'
      x-ms-version:
      - '2018-09-17'
    method: GET
    uri: https://cli000003-westus.documents.azure.com/dbs/cli000004/colls/cli000002/
  response:
    body:
      string: '{"id":"cli000002","indexingPolicy":{"indexingMode":"consistent","automatic":true,"includedPaths":[{"path":"\/*"}],"excludedPaths":[{"path":"\/\"_etag\"\/?"}]},"defaultTtl":1000,"conflictResolutionPolicy":{"mode":"LastWriterWins","conflictResolutionPath":"\/_ts","conflictResolutionProcedure":""},"allowMaterializedViews":false,"geospatialConfig":{"type":"Geography"},"_rid":"KqErAJ04akA=","_ts":1608278302,"_self":"dbs\/KqErAA==\/colls\/KqErAJ04akA=\/","_etag":"\"00000e01-0000-0700-0000-5fdc611e0000\"","_docs":"docs\/","_sprocs":"sprocs\/","_triggers":"triggers\/","_udfs":"udfs\/","_conflicts":"conflicts\/"}'
    headers:
      cache-control:
      - no-store, no-cache
      collection-partition-index:
      - '0'
      collection-service-index:
      - '0'
      content-location:
      - https://cli3fcquengehym-westus.documents.azure.com/dbs/cliksv4xh7imvqb/colls/clisvvvgyboe2yq/
      content-type:
      - application/json
      date:
      - Fri, 18 Dec 2020 07:58:24 GMT
      etag:
      - '"00000e01-0000-0700-0000-5fdc611e0000"'
      lsn:
      - '3'
      pragma:
      - no-cache
      server:
      - Microsoft-HTTPAPI/2.0
      strict-transport-security:
      - max-age=31536000
      transfer-encoding:
      - chunked
      x-ms-activity-id:
      - 46442d64-10f7-4371-84e8-863c6097a314
      x-ms-alt-content-path:
      - dbs/cliksv4xh7imvqb
      x-ms-content-path:
      - KqErAA==
      x-ms-cosmos-item-llsn:
      - '3'
      x-ms-cosmos-llsn:
      - '3'
      x-ms-cosmos-quorum-acked-llsn:
      - '3'
      x-ms-current-replica-set-size:
      - '4'
      x-ms-current-write-quorum:
      - '3'
      x-ms-documentdb-collection-index-transformation-progress:
      - '100'
      x-ms-documentdb-partitionkeyrangeid:
      - '0'
      x-ms-gatewayversion:
      - version=2.11.0
      x-ms-global-committed-lsn:
      - '3'
      x-ms-item-lsn:
      - '3'
      x-ms-last-state-change-utc:
      - Fri, 18 Dec 2020 04:42:18.084 GMT
      x-ms-number-of-read-regions:
      - '0'
      x-ms-quorum-acked-lsn:
      - '3'
      x-ms-request-charge:
      - '1'
      x-ms-request-duration-ms:
      - '0.808'
      x-ms-resource-quota:
      - functions=25;storedProcedures=100;triggers=25;documentSize=10240;documentsSize=10485760;documentsCount=-1;collectionSize=10485760;
      x-ms-resource-usage:
      - functions=0;storedProcedures=0;triggers=0;documentSize=0;documentsSize=0;documentsCount=0;collectionSize=0;
      x-ms-schemaversion:
      - '1.10'
      x-ms-serviceversion:
      - version=2.11.0.0
      x-ms-session-token:
      - 0:-1#3
      x-ms-transport-request-id:
      - '1'
      x-ms-xp-role:
      - '1'
    status:
      code: 200
      message: Ok
- request:
    body: '{"id":"cli000002","indexingPolicy":{"indexingMode":"consistent","automatic":true,"includedPaths":[{"path":"/*"}],"excludedPaths":[{"path":"/\"_etag\"/?"}]},"conflictResolutionPolicy":{"mode":"LastWriterWins","conflictResolutionPath":"/_ts","conflictResolutionProcedure":""},"allowMaterializedViews":false,"geospatialConfig":{"type":"Geography"},"_rid":"KqErAJ04akA=","_ts":1608278302,"_self":"dbs/KqErAA==/colls/KqErAJ04akA=/","_etag":"\"00000e01-0000-0700-0000-5fdc611e0000\"","_docs":"docs/","_sprocs":"sprocs/","_triggers":"triggers/","_udfs":"udfs/","_conflicts":"conflicts/"}'
    headers:
      Accept:
      - application/json
      Accept-Encoding:
      - gzip, deflate
      Cache-Control:
      - no-cache
      Connection:
      - keep-alive
      Content-Length:
      - '586'
      Content-Type:
      - application/json
      User-Agent:
      - Windows/10 Python/3.8.6 azure-cosmos/3.1.2 AZURECLI/2.16.0
      x-ms-consistency-level:
      - Session
      x-ms-date:
      - Fri, 18 Dec 2020 07:58:24 GMT
      x-ms-documentdb-query-iscontinuationexpected:
      - 'False'
      x-ms-version:
      - '2018-09-17'
    method: PUT
    uri: https://cli000003-westus.documents.azure.com/dbs/cli000004/colls/cli000002/
  response:
    body:
      string: '{"id":"cli000002","indexingPolicy":{"indexingMode":"consistent","automatic":true,"includedPaths":[{"path":"\/*"}],"excludedPaths":[{"path":"\/\"_etag\"\/?"}]},"conflictResolutionPolicy":{"mode":"LastWriterWins","conflictResolutionPath":"\/_ts","conflictResolutionProcedure":""},"allowMaterializedViews":false,"geospatialConfig":{"type":"Geography"},"_rid":"KqErAJ04akA=","_ts":1608278305,"_self":"dbs\/KqErAA==\/colls\/KqErAJ04akA=\/","_etag":"\"00000f01-0000-0700-0000-5fdc61210000\"","_docs":"docs\/","_sprocs":"sprocs\/","_triggers":"triggers\/","_udfs":"udfs\/","_conflicts":"conflicts\/"}'
    headers:
      cache-control:
      - no-store, no-cache
      collection-partition-index:
      - '0'
      collection-service-index:
      - '0'
      content-location:
      - https://cli3fcquengehym-westus.documents.azure.com/dbs/cliksv4xh7imvqb/colls/clisvvvgyboe2yq/
      content-type:
      - application/json
      date:
      - Fri, 18 Dec 2020 07:58:24 GMT
      etag:
      - '"00000f01-0000-0700-0000-5fdc61210000"'
      lsn:
      - '4'
      pragma:
      - no-cache
      server:
      - Microsoft-HTTPAPI/2.0
      strict-transport-security:
      - max-age=31536000
      transfer-encoding:
      - chunked
      x-ms-activity-id:
      - 54fd4917-4457-4370-b8b4-5e817e7311c2
      x-ms-alt-content-path:
      - dbs/cliksv4xh7imvqb
      x-ms-cosmos-llsn:
      - '4'
      x-ms-cosmos-quorum-acked-llsn:
      - '3'
      x-ms-current-replica-set-size:
      - '4'
      x-ms-current-write-quorum:
      - '3'
      x-ms-documentdb-partitionkeyrangeid:
      - '0'
      x-ms-gatewayversion:
      - version=2.11.0
      x-ms-global-committed-lsn:
      - '3'
      x-ms-last-state-change-utc:
      - Fri, 18 Dec 2020 04:42:18.084 GMT
      x-ms-number-of-read-regions:
      - '0'
      x-ms-quorum-acked-lsn:
      - '3'
      x-ms-request-charge:
      - '9.9'
      x-ms-request-duration-ms:
      - '9.088'
      x-ms-resource-quota:
      - functions=25;storedProcedures=100;triggers=25;documentSize=10240;documentsSize=10485760;documentsCount=-1;collectionSize=10485760;
      x-ms-resource-usage:
      - functions=0;storedProcedures=0;triggers=0;documentSize=0;documentsSize=0;documentsCount=0;collectionSize=0;
      x-ms-schemaversion:
      - '1.10'
      x-ms-serviceversion:
      - version=2.11.0.0
      x-ms-session-token:
      - 0:-1#4
      x-ms-transport-request-id:
      - '2'
      x-ms-xp-role:
      - '1'
    status:
      code: 200
      message: Ok
- request:
    body: null
    headers:
      Accept:
      - application/json
      Accept-Encoding:
      - gzip, deflate
      CommandName:
      - cosmosdb collection delete
      Connection:
      - keep-alive
      Content-Length:
      - '0'
      ParameterSetName:
      - -g -n -d -c --yes
      User-Agent:
      - python/3.8.6 (Windows-10-10.0.19041-SP0) msrest/0.6.18 msrest_azure/0.6.3
        azure-mgmt-cosmosdb/1.0.0 Azure-SDK-For-Python AZURECLI/2.16.0
      accept-language:
      - en-US
    method: POST
    uri: https://management.azure.com/subscriptions/00000000-0000-0000-0000-000000000000/resourceGroups/cli_test_cosmosdb_collection000001/providers/Microsoft.DocumentDB/databaseAccounts/cli000003/listKeys?api-version=2020-04-01
  response:
    body:
      string: '{"primaryMasterKey":"Dn6yKG61lA7DCoynAyhyWw0IkiF56d4R2UMwrLCyohTh1ZawsCmlsa56ptRN9767qXwJydCXZhu5mhiESOn54g==","secondaryMasterKey":"R8uJ9kOwzIAcmtEaGIM902542mfDXYI4wdysrKez4I6NSdkaPB8cR1LyNbNaO4wkjUvPcp019e7VhE4yV54OTg==","primaryReadonlyMasterKey":"PImATIJcoIIH2g2GlVJdTdAam5qpfsEEZPJSlm0ueabZGEUgBcbxUJfbVZEZA9mxo3Qf1eQNtqrj0FpGIgIhtg==","secondaryReadonlyMasterKey":"JRZ5U3gHiE67ToFgB7HJPb77q47DULDepXuWifKzGMFrCwq7DqMjKU6ZG55qAjmoPMiC5MDZ2c2OifWU0kvynQ=="}'
    headers:
      cache-control:
      - no-store, no-cache
      content-length:
      - '461'
      content-type:
      - application/json
      date:
      - Fri, 18 Dec 2020 07:58:25 GMT
      pragma:
      - no-cache
      server:
      - Microsoft-HTTPAPI/2.0
      strict-transport-security:
      - max-age=31536000; includeSubDomains
      transfer-encoding:
      - chunked
      vary:
      - Accept-Encoding
      x-content-type-options:
      - nosniff
      x-ms-gatewayversion:
      - version=2.11.0
      x-ms-ratelimit-remaining-subscription-writes:
      - '1198'
    status:
      code: 200
      message: Ok
- request:
    body: null
    headers:
      Accept:
      - application/json
      Accept-Encoding:
      - gzip, deflate
      CommandName:
      - cosmosdb collection delete
      Connection:
      - keep-alive
      ParameterSetName:
      - -g -n -d -c --yes
      User-Agent:
      - python/3.8.6 (Windows-10-10.0.19041-SP0) msrest/0.6.18 msrest_azure/0.6.3
        azure-mgmt-cosmosdb/1.0.0 Azure-SDK-For-Python AZURECLI/2.16.0
      accept-language:
      - en-US
    method: GET
    uri: https://management.azure.com/subscriptions/00000000-0000-0000-0000-000000000000/resourceGroups/cli_test_cosmosdb_collection000001/providers/Microsoft.DocumentDB/databaseAccounts/cli000003?api-version=2020-04-01
  response:
    body:
      string: '{"id":"/subscriptions/00000000-0000-0000-0000-000000000000/resourceGroups/cli_test_cosmosdb_collection000001/providers/Microsoft.DocumentDB/databaseAccounts/cli000003","name":"cli000003","location":"West
        US","type":"Microsoft.DocumentDB/databaseAccounts","kind":"GlobalDocumentDB","tags":{},"systemData":{"createdAt":"2020-12-18T07:57:01.5900614Z"},"properties":{"provisioningState":"Succeeded","documentEndpoint":"https://cli000003.documents.azure.com:443/","publicNetworkAccess":"Enabled","enableAutomaticFailover":false,"enableMultipleWriteLocations":false,"enablePartitionKeyMonitor":false,"isVirtualNetworkFilterEnabled":false,"virtualNetworkRules":[],"EnabledApiTypes":"Sql","disableKeyBasedMetadataWriteAccess":false,"enableFreeTier":false,"enableAnalyticalStorage":false,"instanceId":"5e4f4579-1b2f-44c7-a317-84b14314ead7","createMode":"Default","databaseAccountOfferType":"Standard","consistencyPolicy":{"defaultConsistencyLevel":"Session","maxIntervalInSeconds":5,"maxStalenessPrefix":100},"configurationOverrides":{},"writeLocations":[{"id":"cli000003-westus","locationName":"West
        US","documentEndpoint":"https://cli000003-westus.documents.azure.com:443/","provisioningState":"Succeeded","failoverPriority":0,"isZoneRedundant":false}],"readLocations":[{"id":"cli000003-westus","locationName":"West
        US","documentEndpoint":"https://cli000003-westus.documents.azure.com:443/","provisioningState":"Succeeded","failoverPriority":0,"isZoneRedundant":false}],"locations":[{"id":"cli000003-westus","locationName":"West
        US","documentEndpoint":"https://cli000003-westus.documents.azure.com:443/","provisioningState":"Succeeded","failoverPriority":0,"isZoneRedundant":false}],"failoverPolicies":[{"id":"cli000003-westus","locationName":"West
        US","failoverPriority":0}],"cors":[],"capabilities":[],"ipRules":[],"backupPolicy":{"type":"Periodic","periodicModeProperties":{"backupIntervalInMinutes":240,"backupRetentionIntervalInHours":8}}}}'
    headers:
      cache-control:
      - no-store, no-cache
      content-length:
      - '2039'
      content-type:
      - application/json
      date:
      - Fri, 18 Dec 2020 07:58:26 GMT
      pragma:
      - no-cache
      server:
      - Microsoft-HTTPAPI/2.0
      strict-transport-security:
      - max-age=31536000; includeSubDomains
      transfer-encoding:
      - chunked
      vary:
      - Accept-Encoding
      x-content-type-options:
      - nosniff
      x-ms-gatewayversion:
      - version=2.11.0
    status:
      code: 200
      message: Ok
- request:
    body: null
    headers:
      Accept:
      - application/json
      Accept-Encoding:
      - gzip, deflate
      Cache-Control:
      - no-cache
      Connection:
      - keep-alive
      Content-Length:
      - '0'
      User-Agent:
      - Windows/10 Python/3.8.6 azure-cosmos/3.1.2
      x-ms-consistency-level:
      - Session
      x-ms-date:
      - Fri, 18 Dec 2020 07:58:26 GMT
      x-ms-documentdb-query-iscontinuationexpected:
      - 'False'
      x-ms-session-token:
      - ''
      x-ms-version:
      - '2018-09-17'
    method: GET
    uri: https://cli000003.documents.azure.com/
  response:
    body:
      string: '{"_self":"","id":"cli000003","_rid":"cli000003.documents.azure.com","media":"//media/","addresses":"//addresses/","_dbs":"//dbs/","writableLocations":[{"name":"West
        US","databaseAccountEndpoint":"https://cli000003-westus.documents.azure.com:443/"}],"readableLocations":[{"name":"West
        US","databaseAccountEndpoint":"https://cli000003-westus.documents.azure.com:443/"}],"enableMultipleWriteLocations":false,"userReplicationPolicy":{"asyncReplication":false,"minReplicaSetSize":3,"maxReplicasetSize":4},"userConsistencyPolicy":{"defaultConsistencyLevel":"Session"},"systemReplicationPolicy":{"minReplicaSetSize":3,"maxReplicasetSize":4},"readPolicy":{"primaryReadCoefficient":1,"secondaryReadCoefficient":1},"queryEngineConfiguration":"{\"maxSqlQueryInputLength\":262144,\"maxJoinsPerSqlQuery\":5,\"maxLogicalAndPerSqlQuery\":500,\"maxLogicalOrPerSqlQuery\":500,\"maxUdfRefPerSqlQuery\":10,\"maxInExpressionItemsCount\":16000,\"queryMaxInMemorySortDocumentCount\":500,\"maxQueryRequestTimeoutFraction\":0.9,\"sqlAllowNonFiniteNumbers\":false,\"sqlAllowAggregateFunctions\":true,\"sqlAllowSubQuery\":true,\"sqlAllowScalarSubQuery\":true,\"allowNewKeywords\":true,\"sqlAllowLike\":false,\"sqlAllowGroupByClause\":true,\"maxSpatialQueryCells\":12,\"spatialMaxGeometryPointCount\":256,\"sqlDisableQueryILOptimization\":false,\"sqlAllowTop\":true,\"enableSpatialIndexing\":true}"}'
    headers:
      cache-control:
      - no-store, no-cache
      content-location:
      - https://cli3fcquengehym.documents.azure.com/
      content-type:
      - application/json
      date:
      - Fri, 18 Dec 2020 07:58:27 GMT
      pragma:
      - no-cache
      server:
      - Microsoft-HTTPAPI/2.0
      strict-transport-security:
      - max-age=31536000
      transfer-encoding:
      - chunked
      x-ms-databaseaccount-consumed-mb:
      - '0'
      x-ms-databaseaccount-provisioned-mb:
      - '0'
      x-ms-databaseaccount-reserved-mb:
      - '0'
      x-ms-gatewayversion:
      - version=2.11.0
      x-ms-max-media-storage-usage-mb:
      - '2048'
      x-ms-media-storage-usage-mb:
      - '0'
    status:
      code: 200
      message: Ok
- request:
    body: null
    headers:
      Accept:
      - application/json
      Accept-Encoding:
      - gzip, deflate
      Cache-Control:
      - no-cache
      Connection:
      - keep-alive
      Content-Length:
      - '0'
      User-Agent:
      - Windows/10 Python/3.8.6 azure-cosmos/3.1.2 AZURECLI/2.16.0
      x-ms-consistency-level:
      - Session
      x-ms-date:
      - Fri, 18 Dec 2020 07:58:27 GMT
      x-ms-documentdb-query-iscontinuationexpected:
      - 'False'
      x-ms-version:
      - '2018-09-17'
    method: DELETE
    uri: https://cli000003-westus.documents.azure.com/dbs/cli000004/colls/cli000002/
  response:
    body:
      string: ''
    headers:
      cache-control:
      - no-store, no-cache
      collection-partition-index:
      - '0'
      collection-service-index:
      - '0'
      content-length:
      - '0'
      content-location:
      - https://cli3fcquengehym-westus.documents.azure.com/dbs/cliksv4xh7imvqb/colls/clisvvvgyboe2yq/
      content-type:
      - application/json
      date:
      - Fri, 18 Dec 2020 07:58:27 GMT
      lsn:
      - '10'
      pragma:
      - no-cache
      server:
      - Microsoft-HTTPAPI/2.0
      strict-transport-security:
      - max-age=31536000
      x-ms-activity-id:
      - 7fe4f116-30c7-451c-82fc-86f1b26a7013
      x-ms-alt-content-path:
      - dbs/cliksv4xh7imvqb
      x-ms-cosmos-llsn:
      - '10'
      x-ms-cosmos-quorum-acked-llsn:
      - '9'
      x-ms-current-replica-set-size:
      - '4'
      x-ms-current-write-quorum:
      - '3'
      x-ms-gatewayversion:
      - version=2.11.0
      x-ms-global-committed-lsn:
      - '9'
      x-ms-last-state-change-utc:
      - Fri, 18 Dec 2020 07:55:11.997 GMT
      x-ms-number-of-read-regions:
      - '0'
      x-ms-quorum-acked-lsn:
      - '9'
      x-ms-request-charge:
      - '4.95'
      x-ms-request-duration-ms:
      - '25.572'
      x-ms-resource-quota:
      - collections=5000;
      x-ms-resource-usage:
      - collections=1;
      x-ms-schemaversion:
      - '1.10'
      x-ms-serviceversion:
      - version=2.11.0.0
      x-ms-session-token:
      - 0:-1#10
      x-ms-transport-request-id:
      - '220080'
      x-ms-xp-role:
      - '1'
    status:
      code: 204
      message: No Content
- request:
    body: null
    headers:
      Accept:
      - application/json
      Accept-Encoding:
      - gzip, deflate
      CommandName:
      - cosmosdb collection exists
      Connection:
      - keep-alive
      Content-Length:
      - '0'
      ParameterSetName:
      - -g -n -d -c
      User-Agent:
      - python/3.8.6 (Windows-10-10.0.19041-SP0) msrest/0.6.18 msrest_azure/0.6.3
        azure-mgmt-cosmosdb/1.0.0 Azure-SDK-For-Python AZURECLI/2.16.0
      accept-language:
      - en-US
    method: POST
    uri: https://management.azure.com/subscriptions/00000000-0000-0000-0000-000000000000/resourceGroups/cli_test_cosmosdb_collection000001/providers/Microsoft.DocumentDB/databaseAccounts/cli000003/listKeys?api-version=2020-04-01
  response:
    body:
      string: '{"primaryMasterKey":"Dn6yKG61lA7DCoynAyhyWw0IkiF56d4R2UMwrLCyohTh1ZawsCmlsa56ptRN9767qXwJydCXZhu5mhiESOn54g==","secondaryMasterKey":"R8uJ9kOwzIAcmtEaGIM902542mfDXYI4wdysrKez4I6NSdkaPB8cR1LyNbNaO4wkjUvPcp019e7VhE4yV54OTg==","primaryReadonlyMasterKey":"PImATIJcoIIH2g2GlVJdTdAam5qpfsEEZPJSlm0ueabZGEUgBcbxUJfbVZEZA9mxo3Qf1eQNtqrj0FpGIgIhtg==","secondaryReadonlyMasterKey":"JRZ5U3gHiE67ToFgB7HJPb77q47DULDepXuWifKzGMFrCwq7DqMjKU6ZG55qAjmoPMiC5MDZ2c2OifWU0kvynQ=="}'
    headers:
      cache-control:
      - no-store, no-cache
      content-length:
      - '461'
      content-type:
      - application/json
      date:
      - Fri, 18 Dec 2020 07:58:29 GMT
      pragma:
      - no-cache
      server:
      - Microsoft-HTTPAPI/2.0
      strict-transport-security:
      - max-age=31536000; includeSubDomains
      transfer-encoding:
      - chunked
      vary:
      - Accept-Encoding
      x-content-type-options:
      - nosniff
      x-ms-gatewayversion:
      - version=2.11.0
      x-ms-ratelimit-remaining-subscription-writes:
      - '1198'
    status:
      code: 200
      message: Ok
- request:
    body: null
    headers:
      Accept:
      - application/json
      Accept-Encoding:
      - gzip, deflate
      CommandName:
      - cosmosdb collection exists
      Connection:
      - keep-alive
      ParameterSetName:
      - -g -n -d -c
      User-Agent:
      - python/3.8.6 (Windows-10-10.0.19041-SP0) msrest/0.6.18 msrest_azure/0.6.3
        azure-mgmt-cosmosdb/1.0.0 Azure-SDK-For-Python AZURECLI/2.16.0
      accept-language:
      - en-US
    method: GET
    uri: https://management.azure.com/subscriptions/00000000-0000-0000-0000-000000000000/resourceGroups/cli_test_cosmosdb_collection000001/providers/Microsoft.DocumentDB/databaseAccounts/cli000003?api-version=2020-04-01
  response:
    body:
      string: '{"id":"/subscriptions/00000000-0000-0000-0000-000000000000/resourceGroups/cli_test_cosmosdb_collection000001/providers/Microsoft.DocumentDB/databaseAccounts/cli000003","name":"cli000003","location":"West
        US","type":"Microsoft.DocumentDB/databaseAccounts","kind":"GlobalDocumentDB","tags":{},"systemData":{"createdAt":"2020-12-18T07:57:01.5900614Z"},"properties":{"provisioningState":"Succeeded","documentEndpoint":"https://cli000003.documents.azure.com:443/","publicNetworkAccess":"Enabled","enableAutomaticFailover":false,"enableMultipleWriteLocations":false,"enablePartitionKeyMonitor":false,"isVirtualNetworkFilterEnabled":false,"virtualNetworkRules":[],"EnabledApiTypes":"Sql","disableKeyBasedMetadataWriteAccess":false,"enableFreeTier":false,"enableAnalyticalStorage":false,"instanceId":"5e4f4579-1b2f-44c7-a317-84b14314ead7","createMode":"Default","databaseAccountOfferType":"Standard","consistencyPolicy":{"defaultConsistencyLevel":"Session","maxIntervalInSeconds":5,"maxStalenessPrefix":100},"configurationOverrides":{},"writeLocations":[{"id":"cli000003-westus","locationName":"West
        US","documentEndpoint":"https://cli000003-westus.documents.azure.com:443/","provisioningState":"Succeeded","failoverPriority":0,"isZoneRedundant":false}],"readLocations":[{"id":"cli000003-westus","locationName":"West
        US","documentEndpoint":"https://cli000003-westus.documents.azure.com:443/","provisioningState":"Succeeded","failoverPriority":0,"isZoneRedundant":false}],"locations":[{"id":"cli000003-westus","locationName":"West
        US","documentEndpoint":"https://cli000003-westus.documents.azure.com:443/","provisioningState":"Succeeded","failoverPriority":0,"isZoneRedundant":false}],"failoverPolicies":[{"id":"cli000003-westus","locationName":"West
        US","failoverPriority":0}],"cors":[],"capabilities":[],"ipRules":[],"backupPolicy":{"type":"Periodic","periodicModeProperties":{"backupIntervalInMinutes":240,"backupRetentionIntervalInHours":8}}}}'
    headers:
      cache-control:
      - no-store, no-cache
      content-length:
      - '2039'
      content-type:
      - application/json
      date:
      - Fri, 18 Dec 2020 07:58:29 GMT
      pragma:
      - no-cache
      server:
      - Microsoft-HTTPAPI/2.0
      strict-transport-security:
      - max-age=31536000; includeSubDomains
      transfer-encoding:
      - chunked
      vary:
      - Accept-Encoding
      x-content-type-options:
      - nosniff
      x-ms-gatewayversion:
      - version=2.11.0
    status:
      code: 200
      message: Ok
- request:
    body: null
    headers:
      Accept:
      - application/json
      Accept-Encoding:
      - gzip, deflate
      Cache-Control:
      - no-cache
      Connection:
      - keep-alive
      Content-Length:
      - '0'
      User-Agent:
      - Windows/10 Python/3.8.6 azure-cosmos/3.1.2
      x-ms-consistency-level:
      - Session
      x-ms-date:
      - Fri, 18 Dec 2020 07:58:29 GMT
      x-ms-documentdb-query-iscontinuationexpected:
      - 'False'
      x-ms-session-token:
      - ''
      x-ms-version:
      - '2018-09-17'
    method: GET
    uri: https://cli000003.documents.azure.com/
  response:
    body:
      string: '{"_self":"","id":"cli000003","_rid":"cli000003.documents.azure.com","media":"//media/","addresses":"//addresses/","_dbs":"//dbs/","writableLocations":[{"name":"West
        US","databaseAccountEndpoint":"https://cli000003-westus.documents.azure.com:443/"}],"readableLocations":[{"name":"West
        US","databaseAccountEndpoint":"https://cli000003-westus.documents.azure.com:443/"}],"enableMultipleWriteLocations":false,"userReplicationPolicy":{"asyncReplication":false,"minReplicaSetSize":3,"maxReplicasetSize":4},"userConsistencyPolicy":{"defaultConsistencyLevel":"Session"},"systemReplicationPolicy":{"minReplicaSetSize":3,"maxReplicasetSize":4},"readPolicy":{"primaryReadCoefficient":1,"secondaryReadCoefficient":1},"queryEngineConfiguration":"{\"maxSqlQueryInputLength\":262144,\"maxJoinsPerSqlQuery\":5,\"maxLogicalAndPerSqlQuery\":500,\"maxLogicalOrPerSqlQuery\":500,\"maxUdfRefPerSqlQuery\":10,\"maxInExpressionItemsCount\":16000,\"queryMaxInMemorySortDocumentCount\":500,\"maxQueryRequestTimeoutFraction\":0.9,\"sqlAllowNonFiniteNumbers\":false,\"sqlAllowAggregateFunctions\":true,\"sqlAllowSubQuery\":true,\"sqlAllowScalarSubQuery\":true,\"allowNewKeywords\":true,\"sqlAllowLike\":false,\"sqlAllowGroupByClause\":true,\"maxSpatialQueryCells\":12,\"spatialMaxGeometryPointCount\":256,\"sqlDisableQueryILOptimization\":false,\"sqlAllowTop\":true,\"enableSpatialIndexing\":true}"}'
    headers:
      cache-control:
      - no-store, no-cache
      content-location:
      - https://cli3fcquengehym.documents.azure.com/
      content-type:
      - application/json
      date:
      - Fri, 18 Dec 2020 07:58:29 GMT
      pragma:
      - no-cache
      server:
      - Microsoft-HTTPAPI/2.0
      strict-transport-security:
      - max-age=31536000
      transfer-encoding:
      - chunked
      x-ms-databaseaccount-consumed-mb:
      - '0'
      x-ms-databaseaccount-provisioned-mb:
      - '0'
      x-ms-databaseaccount-reserved-mb:
      - '0'
      x-ms-gatewayversion:
      - version=2.11.0
      x-ms-max-media-storage-usage-mb:
      - '2048'
      x-ms-media-storage-usage-mb:
      - '0'
    status:
      code: 200
      message: Ok
- request:
    body: '{"query":"SELECT * FROM root r WHERE r.id=@id","parameters":[{"name":"@id","value":"clisvvvgyboe2yq"}]}'
    headers:
      Accept:
      - application/json
      Accept-Encoding:
      - gzip, deflate
      Cache-Control:
      - no-cache
      Connection:
      - keep-alive
      Content-Length:
      - '103'
      Content-Type:
      - application/query+json
      User-Agent:
      - Windows/10 Python/3.8.6 azure-cosmos/3.1.2 AZURECLI/2.16.0
      x-ms-consistency-level:
      - Session
      x-ms-date:
      - Fri, 18 Dec 2020 07:58:30 GMT
      x-ms-documentdb-isquery:
      - 'true'
      x-ms-documentdb-query-iscontinuationexpected:
      - 'False'
      x-ms-version:
      - '2018-09-17'
    method: POST
    uri: https://cli000003-westus.documents.azure.com/dbs/cli000004/colls/
  response:
    body:
      string: '{"_rid":"KqErAA==","DocumentCollections":[],"_count":0}'
    headers:
      cache-control:
      - no-store, no-cache
      collection-partition-index:
      - '0'
      collection-service-index:
      - '0'
      content-type:
      - application/json
      date:
      - Fri, 18 Dec 2020 07:58:30 GMT
      lsn:
      - '12'
      pragma:
      - no-cache
      server:
      - Microsoft-HTTPAPI/2.0
      strict-transport-security:
      - max-age=31536000
      transfer-encoding:
      - chunked
      x-ms-activity-id:
      - 5788503d-661e-4673-9158-7c5eb340dcb9
      x-ms-alt-content-path:
      - dbs/cliksv4xh7imvqb
      x-ms-content-path:
      - KqErAA==
      x-ms-cosmos-llsn:
      - '12'
      x-ms-cosmos-query-execution-info:
      - '{"reverseRidEnabled":true,"reverseIndexScan":false}'
      x-ms-gatewayversion:
      - version=2.11.0
      x-ms-global-committed-lsn:
      - '12'
      x-ms-item-count:
      - '0'
      x-ms-last-state-change-utc:
      - Fri, 18 Dec 2020 07:55:23.513 GMT
      x-ms-number-of-read-regions:
      - '0'
      x-ms-request-charge:
      - '5.58'
      x-ms-request-duration-ms:
      - '0.771'
      x-ms-resource-quota:
      - collections=5000;
      x-ms-resource-usage:
      - collections=0;
      x-ms-schemaversion:
      - '1.10'
      x-ms-serviceversion:
      - version=2.11.0.0
      x-ms-session-token:
      - 0:-1#12
      x-ms-transport-request-id:
      - '192372'
      x-ms-xp-role:
      - '1'
    status:
      code: 200
      message: Ok
version: 1
