interactions:
- request:
    body: null
    headers:
      Accept:
      - application/json
      Accept-Encoding:
      - gzip, deflate
      CommandName:
      - cosmosdb create
      Connection:
      - keep-alive
      ParameterSetName:
      - -n -g --capabilities
      User-Agent:
      - AZURECLI/2.37.0 azsdk-python-azure-mgmt-resource/21.1.0b1 Python/3.8.10 (Windows-10-10.0.22000-SP0)
    method: GET
    uri: https://management.azure.com/subscriptions/00000000-0000-0000-0000-000000000000/resourcegroups/cli_test_cosmosdb_cassandra_keyspace000001?api-version=2021-04-01
  response:
    body:
      string: '{"id":"/subscriptions/00000000-0000-0000-0000-000000000000/resourceGroups/cli_test_cosmosdb_cassandra_keyspace000001","name":"cli_test_cosmosdb_cassandra_keyspace000001","type":"Microsoft.Resources/resourceGroups","location":"westus","tags":{"product":"azurecli","cause":"automation","date":"2022-06-23T06:41:32Z"},"properties":{"provisioningState":"Succeeded"}}'
    headers:
      cache-control:
      - no-cache
      content-length:
      - '362'
      content-type:
      - application/json; charset=utf-8
      date:
      - Thu, 23 Jun 2022 06:41:33 GMT
      expires:
      - '-1'
      pragma:
      - no-cache
      strict-transport-security:
      - max-age=31536000; includeSubDomains
      vary:
      - Accept-Encoding
      x-content-type-options:
      - nosniff
    status:
      code: 200
      message: OK
- request:
    body: '{"location": "westus", "kind": "GlobalDocumentDB", "properties": {"locations":
      [{"locationName": "westus", "failoverPriority": 0, "isZoneRedundant": false}],
      "databaseAccountOfferType": "Standard", "capabilities": [{"name": "EnableCassandra"}],
      "apiProperties": {}, "createMode": "Default"}}'
    headers:
      Accept:
      - application/json
      Accept-Encoding:
      - gzip, deflate
      CommandName:
      - cosmosdb create
      Connection:
      - keep-alive
      Content-Length:
      - '291'
      Content-Type:
      - application/json
      ParameterSetName:
      - -n -g --capabilities
      User-Agent:
      - AZURECLI/2.37.0 azsdk-python-mgmt-cosmosdb/7.0.0b6 Python/3.8.10 (Windows-10-10.0.22000-SP0)
    method: PUT
    uri: https://management.azure.com/subscriptions/00000000-0000-0000-0000-000000000000/resourceGroups/cli_test_cosmosdb_cassandra_keyspace000001/providers/Microsoft.DocumentDB/databaseAccounts/cli000003?api-version=2022-02-15-preview
  response:
    body:
      string: '{"id":"/subscriptions/00000000-0000-0000-0000-000000000000/resourceGroups/cli_test_cosmosdb_cassandra_keyspace000001/providers/Microsoft.DocumentDB/databaseAccounts/cli000003","name":"cli000003","location":"West
        US","type":"Microsoft.DocumentDB/databaseAccounts","kind":"GlobalDocumentDB","tags":{},"systemData":{"createdAt":"2022-06-23T06:41:41.4182982Z"},"properties":{"provisioningState":"Creating","publicNetworkAccess":"Enabled","enableAutomaticFailover":false,"enableMultipleWriteLocations":false,"enablePartitionKeyMonitor":false,"isVirtualNetworkFilterEnabled":false,"virtualNetworkRules":[],"EnabledApiTypes":"Cassandra","disableKeyBasedMetadataWriteAccess":false,"enableFreeTier":false,"enableAnalyticalStorage":false,"analyticalStorageConfiguration":{"schemaType":"WellDefined"},"instanceId":"4db433c1-3dde-489c-9e09-73695b146f93","databaseAccountOfferType":"Standard","enableCassandraConnector":false,"connectorOffer":"","enableMaterializedViews":false,"defaultIdentity":"","networkAclBypass":"None","disableLocalAuth":false,"consistencyPolicy":{"defaultConsistencyLevel":"Session","maxIntervalInSeconds":5,"maxStalenessPrefix":100},"configurationOverrides":{},"writeLocations":[{"id":"cli000003-westus","locationName":"West
        US","provisioningState":"Creating","failoverPriority":0,"isZoneRedundant":false}],"readLocations":[{"id":"cli000003-westus","locationName":"West
        US","provisioningState":"Creating","failoverPriority":0,"isZoneRedundant":false}],"locations":[{"id":"cli000003-westus","locationName":"West
        US","provisioningState":"Creating","failoverPriority":0,"isZoneRedundant":false}],"failoverPolicies":[{"id":"cli000003-westus","locationName":"West
        US","failoverPriority":0}],"cors":[],"capabilities":[{"name":"EnableCassandra"}],"ipRules":[],"backupPolicy":{"type":"Periodic","periodicModeProperties":{"backupIntervalInMinutes":240,"backupRetentionIntervalInHours":8,"backupStorageRedundancy":"Invalid"}},"networkAclBypassResourceIds":[],"diagnosticLogSettings":{"enableFullTextQuery":"None"}},"identity":{"type":"None"}}'
    headers:
      azure-asyncoperation:
      - https://management.azure.com/subscriptions/00000000-0000-0000-0000-000000000000/providers/Microsoft.DocumentDB/locations/westus/operationsStatus/c7f7b2c1-508c-47ab-8a5b-4cd16cbe54a3?api-version=2022-02-15-preview
      cache-control:
      - no-store, no-cache
      content-length:
      - '2044'
      content-type:
      - application/json
      date:
      - Thu, 23 Jun 2022 06:41:44 GMT
      location:
      - https://management.azure.com/subscriptions/00000000-0000-0000-0000-000000000000/resourceGroups/cli_test_cosmosdb_cassandra_keyspace000001/providers/Microsoft.DocumentDB/databaseAccounts/cli000003/operationResults/c7f7b2c1-508c-47ab-8a5b-4cd16cbe54a3?api-version=2022-02-15-preview
      pragma:
      - no-cache
      server:
      - Microsoft-HTTPAPI/2.0
      strict-transport-security:
      - max-age=31536000; includeSubDomains
      transfer-encoding:
      - chunked
      vary:
      - Accept-Encoding
      x-content-type-options:
      - nosniff
      x-ms-gatewayversion:
      - version=2.14.0
      x-ms-ratelimit-remaining-subscription-writes:
      - '1195'
    status:
      code: 200
      message: Ok
- request:
    body: null
    headers:
      Accept:
      - '*/*'
      Accept-Encoding:
      - gzip, deflate
      CommandName:
      - cosmosdb create
      Connection:
      - keep-alive
      ParameterSetName:
      - -n -g --capabilities
      User-Agent:
      - AZURECLI/2.37.0 azsdk-python-mgmt-cosmosdb/7.0.0b6 Python/3.8.10 (Windows-10-10.0.22000-SP0)
    method: GET
    uri: https://management.azure.com/subscriptions/00000000-0000-0000-0000-000000000000/providers/Microsoft.DocumentDB/locations/westus/operationsStatus/c7f7b2c1-508c-47ab-8a5b-4cd16cbe54a3?api-version=2022-02-15-preview
  response:
    body:
      string: '{"status":"Dequeued"}'
    headers:
      cache-control:
      - no-store, no-cache
      content-length:
      - '21'
      content-type:
      - application/json
      date:
      - Thu, 23 Jun 2022 06:42:15 GMT
      pragma:
      - no-cache
      server:
      - Microsoft-HTTPAPI/2.0
      strict-transport-security:
      - max-age=31536000; includeSubDomains
      transfer-encoding:
      - chunked
      vary:
      - Accept-Encoding
      x-content-type-options:
      - nosniff
      x-ms-gatewayversion:
      - version=2.14.0
    status:
      code: 200
      message: Ok
- request:
    body: null
    headers:
      Accept:
      - '*/*'
      Accept-Encoding:
      - gzip, deflate
      CommandName:
      - cosmosdb create
      Connection:
      - keep-alive
      ParameterSetName:
      - -n -g --capabilities
      User-Agent:
      - AZURECLI/2.37.0 azsdk-python-mgmt-cosmosdb/7.0.0b6 Python/3.8.10 (Windows-10-10.0.22000-SP0)
    method: GET
    uri: https://management.azure.com/subscriptions/00000000-0000-0000-0000-000000000000/providers/Microsoft.DocumentDB/locations/westus/operationsStatus/c7f7b2c1-508c-47ab-8a5b-4cd16cbe54a3?api-version=2022-02-15-preview
  response:
    body:
      string: '{"status":"Dequeued"}'
    headers:
      cache-control:
      - no-store, no-cache
      content-length:
      - '21'
      content-type:
      - application/json
      date:
      - Thu, 23 Jun 2022 06:42:46 GMT
      pragma:
      - no-cache
      server:
      - Microsoft-HTTPAPI/2.0
      strict-transport-security:
      - max-age=31536000; includeSubDomains
      transfer-encoding:
      - chunked
      vary:
      - Accept-Encoding
      x-content-type-options:
      - nosniff
      x-ms-gatewayversion:
      - version=2.14.0
    status:
      code: 200
      message: Ok
- request:
    body: null
    headers:
      Accept:
      - '*/*'
      Accept-Encoding:
      - gzip, deflate
      CommandName:
      - cosmosdb create
      Connection:
      - keep-alive
      ParameterSetName:
      - -n -g --capabilities
      User-Agent:
      - AZURECLI/2.37.0 azsdk-python-mgmt-cosmosdb/7.0.0b6 Python/3.8.10 (Windows-10-10.0.22000-SP0)
    method: GET
    uri: https://management.azure.com/subscriptions/00000000-0000-0000-0000-000000000000/providers/Microsoft.DocumentDB/locations/westus/operationsStatus/c7f7b2c1-508c-47ab-8a5b-4cd16cbe54a3?api-version=2022-02-15-preview
  response:
    body:
      string: '{"status":"Dequeued"}'
    headers:
      cache-control:
      - no-store, no-cache
      content-length:
      - '21'
      content-type:
      - application/json
      date:
      - Thu, 23 Jun 2022 06:43:17 GMT
      pragma:
      - no-cache
      server:
      - Microsoft-HTTPAPI/2.0
      strict-transport-security:
      - max-age=31536000; includeSubDomains
      transfer-encoding:
      - chunked
      vary:
      - Accept-Encoding
      x-content-type-options:
      - nosniff
      x-ms-gatewayversion:
      - version=2.14.0
    status:
      code: 200
      message: Ok
- request:
    body: null
    headers:
      Accept:
      - '*/*'
      Accept-Encoding:
      - gzip, deflate
      CommandName:
      - cosmosdb create
      Connection:
      - keep-alive
      ParameterSetName:
      - -n -g --capabilities
      User-Agent:
      - AZURECLI/2.37.0 azsdk-python-mgmt-cosmosdb/7.0.0b6 Python/3.8.10 (Windows-10-10.0.22000-SP0)
    method: GET
    uri: https://management.azure.com/subscriptions/00000000-0000-0000-0000-000000000000/providers/Microsoft.DocumentDB/locations/westus/operationsStatus/c7f7b2c1-508c-47ab-8a5b-4cd16cbe54a3?api-version=2022-02-15-preview
  response:
    body:
      string: '{"status":"Dequeued"}'
    headers:
      cache-control:
      - no-store, no-cache
      content-length:
      - '21'
      content-type:
      - application/json
      date:
      - Thu, 23 Jun 2022 06:43:48 GMT
      pragma:
      - no-cache
      server:
      - Microsoft-HTTPAPI/2.0
      strict-transport-security:
      - max-age=31536000; includeSubDomains
      transfer-encoding:
      - chunked
      vary:
      - Accept-Encoding
      x-content-type-options:
      - nosniff
      x-ms-gatewayversion:
      - version=2.14.0
    status:
      code: 200
      message: Ok
- request:
    body: null
    headers:
      Accept:
      - '*/*'
      Accept-Encoding:
      - gzip, deflate
      CommandName:
      - cosmosdb create
      Connection:
      - keep-alive
      ParameterSetName:
      - -n -g --capabilities
      User-Agent:
      - AZURECLI/2.37.0 azsdk-python-mgmt-cosmosdb/7.0.0b6 Python/3.8.10 (Windows-10-10.0.22000-SP0)
    method: GET
    uri: https://management.azure.com/subscriptions/00000000-0000-0000-0000-000000000000/providers/Microsoft.DocumentDB/locations/westus/operationsStatus/c7f7b2c1-508c-47ab-8a5b-4cd16cbe54a3?api-version=2022-02-15-preview
  response:
    body:
      string: '{"status":"Dequeued"}'
    headers:
      cache-control:
      - no-store, no-cache
      content-length:
      - '21'
      content-type:
      - application/json
      date:
      - Thu, 23 Jun 2022 06:44:19 GMT
      pragma:
      - no-cache
      server:
      - Microsoft-HTTPAPI/2.0
      strict-transport-security:
      - max-age=31536000; includeSubDomains
      transfer-encoding:
      - chunked
      vary:
      - Accept-Encoding
      x-content-type-options:
      - nosniff
      x-ms-gatewayversion:
      - version=2.14.0
    status:
      code: 200
      message: Ok
- request:
    body: null
    headers:
      Accept:
      - '*/*'
      Accept-Encoding:
      - gzip, deflate
      CommandName:
      - cosmosdb create
      Connection:
      - keep-alive
      ParameterSetName:
      - -n -g --capabilities
      User-Agent:
      - AZURECLI/2.37.0 azsdk-python-mgmt-cosmosdb/7.0.0b6 Python/3.8.10 (Windows-10-10.0.22000-SP0)
    method: GET
    uri: https://management.azure.com/subscriptions/00000000-0000-0000-0000-000000000000/providers/Microsoft.DocumentDB/locations/westus/operationsStatus/c7f7b2c1-508c-47ab-8a5b-4cd16cbe54a3?api-version=2022-02-15-preview
  response:
    body:
      string: '{"status":"Dequeued"}'
    headers:
      cache-control:
      - no-store, no-cache
      content-length:
      - '21'
      content-type:
      - application/json
      date:
      - Thu, 23 Jun 2022 06:44:50 GMT
      pragma:
      - no-cache
      server:
      - Microsoft-HTTPAPI/2.0
      strict-transport-security:
      - max-age=31536000; includeSubDomains
      transfer-encoding:
      - chunked
      vary:
      - Accept-Encoding
      x-content-type-options:
      - nosniff
      x-ms-gatewayversion:
      - version=2.14.0
    status:
      code: 200
      message: Ok
- request:
    body: null
    headers:
      Accept:
      - '*/*'
      Accept-Encoding:
      - gzip, deflate
      CommandName:
      - cosmosdb create
      Connection:
      - keep-alive
      ParameterSetName:
      - -n -g --capabilities
      User-Agent:
      - AZURECLI/2.37.0 azsdk-python-mgmt-cosmosdb/7.0.0b6 Python/3.8.10 (Windows-10-10.0.22000-SP0)
    method: GET
    uri: https://management.azure.com/subscriptions/00000000-0000-0000-0000-000000000000/providers/Microsoft.DocumentDB/locations/westus/operationsStatus/c7f7b2c1-508c-47ab-8a5b-4cd16cbe54a3?api-version=2022-02-15-preview
  response:
    body:
      string: '{"status":"Succeeded"}'
    headers:
      cache-control:
      - no-store, no-cache
      content-length:
      - '22'
      content-type:
      - application/json
      date:
      - Thu, 23 Jun 2022 06:45:21 GMT
      pragma:
      - no-cache
      server:
      - Microsoft-HTTPAPI/2.0
      strict-transport-security:
      - max-age=31536000; includeSubDomains
      transfer-encoding:
      - chunked
      vary:
      - Accept-Encoding
      x-content-type-options:
      - nosniff
      x-ms-gatewayversion:
      - version=2.14.0
    status:
      code: 200
      message: Ok
- request:
    body: null
    headers:
      Accept:
      - '*/*'
      Accept-Encoding:
      - gzip, deflate
      CommandName:
      - cosmosdb create
      Connection:
      - keep-alive
      ParameterSetName:
      - -n -g --capabilities
      User-Agent:
      - AZURECLI/2.37.0 azsdk-python-mgmt-cosmosdb/7.0.0b6 Python/3.8.10 (Windows-10-10.0.22000-SP0)
    method: GET
    uri: https://management.azure.com/subscriptions/00000000-0000-0000-0000-000000000000/resourceGroups/cli_test_cosmosdb_cassandra_keyspace000001/providers/Microsoft.DocumentDB/databaseAccounts/cli000003?api-version=2022-02-15-preview
  response:
    body:
      string: '{"id":"/subscriptions/00000000-0000-0000-0000-000000000000/resourceGroups/cli_test_cosmosdb_cassandra_keyspace000001/providers/Microsoft.DocumentDB/databaseAccounts/cli000003","name":"cli000003","location":"West
        US","type":"Microsoft.DocumentDB/databaseAccounts","kind":"GlobalDocumentDB","tags":{},"systemData":{"createdAt":"2022-06-23T06:44:52.2732309Z"},"properties":{"provisioningState":"Succeeded","documentEndpoint":"https://cli000003.documents.azure.com:443/","cassandraEndpoint":"https://cli000003.cassandra.cosmos.azure.com:443/","publicNetworkAccess":"Enabled","enableAutomaticFailover":false,"enableMultipleWriteLocations":false,"enablePartitionKeyMonitor":false,"isVirtualNetworkFilterEnabled":false,"virtualNetworkRules":[],"EnabledApiTypes":"Cassandra","disableKeyBasedMetadataWriteAccess":false,"enableFreeTier":false,"enableAnalyticalStorage":false,"analyticalStorageConfiguration":{"schemaType":"WellDefined"},"instanceId":"4db433c1-3dde-489c-9e09-73695b146f93","databaseAccountOfferType":"Standard","enableCassandraConnector":false,"connectorOffer":"","enableMaterializedViews":false,"defaultIdentity":"FirstPartyIdentity","networkAclBypass":"None","disableLocalAuth":false,"consistencyPolicy":{"defaultConsistencyLevel":"Session","maxIntervalInSeconds":5,"maxStalenessPrefix":100},"configurationOverrides":{},"writeLocations":[{"id":"cli000003-westus","locationName":"West
        US","documentEndpoint":"https://cli000003-westus.documents.azure.com:443/","provisioningState":"Succeeded","failoverPriority":0,"isZoneRedundant":false}],"readLocations":[{"id":"cli000003-westus","locationName":"West
        US","documentEndpoint":"https://cli000003-westus.documents.azure.com:443/","provisioningState":"Succeeded","failoverPriority":0,"isZoneRedundant":false}],"locations":[{"id":"cli000003-westus","locationName":"West
        US","documentEndpoint":"https://cli000003-westus.documents.azure.com:443/","provisioningState":"Succeeded","failoverPriority":0,"isZoneRedundant":false}],"failoverPolicies":[{"id":"cli000003-westus","locationName":"West
        US","failoverPriority":0}],"cors":[],"capabilities":[{"name":"EnableCassandra"}],"ipRules":[],"backupPolicy":{"type":"Periodic","periodicModeProperties":{"backupIntervalInMinutes":240,"backupRetentionIntervalInHours":8,"backupStorageRedundancy":"Geo"}},"networkAclBypassResourceIds":[],"diagnosticLogSettings":{"enableFullTextQuery":"None"}},"identity":{"type":"None"}}'
    headers:
      cache-control:
      - no-store, no-cache
      content-length:
      - '2411'
      content-type:
      - application/json
      date:
      - Thu, 23 Jun 2022 06:45:22 GMT
      pragma:
      - no-cache
      server:
      - Microsoft-HTTPAPI/2.0
      strict-transport-security:
      - max-age=31536000; includeSubDomains
      transfer-encoding:
      - chunked
      vary:
      - Accept-Encoding
      x-content-type-options:
      - nosniff
      x-ms-gatewayversion:
      - version=2.14.0
    status:
      code: 200
      message: Ok
- request:
    body: null
    headers:
      Accept:
      - application/json
      Accept-Encoding:
      - gzip, deflate
      CommandName:
      - cosmosdb create
      Connection:
      - keep-alive
      ParameterSetName:
      - -n -g --capabilities
      User-Agent:
      - AZURECLI/2.37.0 azsdk-python-mgmt-cosmosdb/7.0.0b6 Python/3.8.10 (Windows-10-10.0.22000-SP0)
    method: GET
    uri: https://management.azure.com/subscriptions/00000000-0000-0000-0000-000000000000/resourceGroups/cli_test_cosmosdb_cassandra_keyspace000001/providers/Microsoft.DocumentDB/databaseAccounts/cli000003?api-version=2022-02-15-preview
  response:
    body:
      string: '{"id":"/subscriptions/00000000-0000-0000-0000-000000000000/resourceGroups/cli_test_cosmosdb_cassandra_keyspace000001/providers/Microsoft.DocumentDB/databaseAccounts/cli000003","name":"cli000003","location":"West
        US","type":"Microsoft.DocumentDB/databaseAccounts","kind":"GlobalDocumentDB","tags":{},"systemData":{"createdAt":"2022-06-23T06:44:52.2732309Z"},"properties":{"provisioningState":"Succeeded","documentEndpoint":"https://cli000003.documents.azure.com:443/","cassandraEndpoint":"https://cli000003.cassandra.cosmos.azure.com:443/","publicNetworkAccess":"Enabled","enableAutomaticFailover":false,"enableMultipleWriteLocations":false,"enablePartitionKeyMonitor":false,"isVirtualNetworkFilterEnabled":false,"virtualNetworkRules":[],"EnabledApiTypes":"Cassandra","disableKeyBasedMetadataWriteAccess":false,"enableFreeTier":false,"enableAnalyticalStorage":false,"analyticalStorageConfiguration":{"schemaType":"WellDefined"},"instanceId":"4db433c1-3dde-489c-9e09-73695b146f93","databaseAccountOfferType":"Standard","enableCassandraConnector":false,"connectorOffer":"","enableMaterializedViews":false,"defaultIdentity":"FirstPartyIdentity","networkAclBypass":"None","disableLocalAuth":false,"consistencyPolicy":{"defaultConsistencyLevel":"Session","maxIntervalInSeconds":5,"maxStalenessPrefix":100},"configurationOverrides":{},"writeLocations":[{"id":"cli000003-westus","locationName":"West
        US","documentEndpoint":"https://cli000003-westus.documents.azure.com:443/","provisioningState":"Succeeded","failoverPriority":0,"isZoneRedundant":false}],"readLocations":[{"id":"cli000003-westus","locationName":"West
        US","documentEndpoint":"https://cli000003-westus.documents.azure.com:443/","provisioningState":"Succeeded","failoverPriority":0,"isZoneRedundant":false}],"locations":[{"id":"cli000003-westus","locationName":"West
        US","documentEndpoint":"https://cli000003-westus.documents.azure.com:443/","provisioningState":"Succeeded","failoverPriority":0,"isZoneRedundant":false}],"failoverPolicies":[{"id":"cli000003-westus","locationName":"West
        US","failoverPriority":0}],"cors":[],"capabilities":[{"name":"EnableCassandra"}],"ipRules":[],"backupPolicy":{"type":"Periodic","periodicModeProperties":{"backupIntervalInMinutes":240,"backupRetentionIntervalInHours":8,"backupStorageRedundancy":"Geo"}},"networkAclBypassResourceIds":[],"diagnosticLogSettings":{"enableFullTextQuery":"None"}},"identity":{"type":"None"}}'
    headers:
      cache-control:
      - no-store, no-cache
      content-length:
      - '2411'
      content-type:
      - application/json
      date:
      - Thu, 23 Jun 2022 06:45:22 GMT
      pragma:
      - no-cache
      server:
      - Microsoft-HTTPAPI/2.0
      strict-transport-security:
      - max-age=31536000; includeSubDomains
      transfer-encoding:
      - chunked
      vary:
      - Accept-Encoding
      x-content-type-options:
      - nosniff
      x-ms-gatewayversion:
      - version=2.14.0
    status:
      code: 200
      message: Ok
- request:
    body: null
    headers:
      Accept:
      - application/json
      Accept-Encoding:
      - gzip, deflate
      CommandName:
      - cosmosdb cassandra keyspace exists
      Connection:
      - keep-alive
      ParameterSetName:
      - -g -a -n
      User-Agent:
      - AZURECLI/2.37.0 azsdk-python-mgmt-cosmosdb/7.0.0b6 Python/3.8.10 (Windows-10-10.0.22000-SP0)
    method: GET
    uri: https://management.azure.com/subscriptions/00000000-0000-0000-0000-000000000000/resourceGroups/cli_test_cosmosdb_cassandra_keyspace000001/providers/Microsoft.DocumentDB/databaseAccounts/cli000003/cassandraKeyspaces/cli000002?api-version=2022-02-15-preview
  response:
    body:
      string: '{"code":"NotFound","message":"Message: {\"code\":\"NotFound\",\"message\":\"Message:
        {\\\"Errors\\\":[\\\"Resource Not Found. Learn more: https:\\\\/\\\\/aka.ms\\\\/cosmosdb-tsg-not-found\\\"]}\\r\\nActivityId:
        0e7bd50f-f2c0-11ec-8bbf-84a93e8d2c6d, Request URI: /apps/12b532c9-2612-425c-905c-74c07856ac47/services/2c6ec315-ced3-49e4-a20f-b58098ebab10/partitions/7f476c3f-2502-4104-861a-ded61b646c81/replicas/133002225937492612s,
        RequestStats: \\r\\nRequestStartTime: 2022-06-23T06:45:26.1269005Z, RequestEndTime:
        2022-06-23T06:45:26.1269005Z,  Number of regions attempted:1\\r\\n{\\\"systemHistory\\\":[{\\\"dateUtc\\\":\\\"2022-06-23T06:44:34.2262406Z\\\",\\\"cpu\\\":18.302,\\\"memory\\\":116964564.000,\\\"threadInfo\\\":{\\\"isThreadStarving\\\":\\\"False\\\",\\\"threadWaitIntervalInMs\\\":0.016,\\\"availableThreads\\\":32742,\\\"minThreads\\\":24,\\\"maxThreads\\\":32767}},{\\\"dateUtc\\\":\\\"2022-06-23T06:44:44.2363521Z\\\",\\\"cpu\\\":11.003,\\\"memory\\\":116060188.000,\\\"threadInfo\\\":{\\\"isThreadStarving\\\":\\\"False\\\",\\\"threadWaitIntervalInMs\\\":0.2114,\\\"availableThreads\\\":32764,\\\"minThreads\\\":24,\\\"maxThreads\\\":32767}},{\\\"dateUtc\\\":\\\"2022-06-23T06:44:54.2464907Z\\\",\\\"cpu\\\":19.497,\\\"memory\\\":113795340.000,\\\"threadInfo\\\":{\\\"isThreadStarving\\\":\\\"False\\\",\\\"threadWaitIntervalInMs\\\":0.0113,\\\"availableThreads\\\":32763,\\\"minThreads\\\":24,\\\"maxThreads\\\":32767}},{\\\"dateUtc\\\":\\\"2022-06-23T06:45:04.2566545Z\\\",\\\"cpu\\\":16.073,\\\"memory\\\":120836000.000,\\\"threadInfo\\\":{\\\"isThreadStarving\\\":\\\"False\\\",\\\"threadWaitIntervalInMs\\\":0.024,\\\"availableThreads\\\":32763,\\\"minThreads\\\":24,\\\"maxThreads\\\":32767}},{\\\"dateUtc\\\":\\\"2022-06-23T06:45:14.2667709Z\\\",\\\"cpu\\\":23.197,\\\"memory\\\":118114700.000,\\\"threadInfo\\\":{\\\"isThreadStarving\\\":\\\"False\\\",\\\"threadWaitIntervalInMs\\\":0.0117,\\\"availableThreads\\\":32764,\\\"minThreads\\\":24,\\\"maxThreads\\\":32767}},{\\\"dateUtc\\\":\\\"2022-06-23T06:45:24.2768777Z\\\",\\\"cpu\\\":10.511,\\\"memory\\\":117384792.000,\\\"threadInfo\\\":{\\\"isThreadStarving\\\":\\\"False\\\",\\\"threadWaitIntervalInMs\\\":0.015,\\\"availableThreads\\\":32763,\\\"minThreads\\\":24,\\\"maxThreads\\\":32767}}]}\\r\\nRequestStart:
        2022-06-23T06:45:26.1269005Z; ResponseTime: 2022-06-23T06:45:26.1269005Z;
        StoreResult: StorePhysicalAddress: rntbd://10.0.0.25:11300/apps/12b532c9-2612-425c-905c-74c07856ac47/services/2c6ec315-ced3-49e4-a20f-b58098ebab10/partitions/7f476c3f-2502-4104-861a-ded61b646c81/replicas/133002225937492612s,
        LSN: 7, GlobalCommittedLsn: 7, PartitionKeyRangeId: , IsValid: True, StatusCode:
        404, SubStatusCode: 0, RequestCharge: 1, ItemLSN: -1, SessionToken: -1#7,
        UsingLocalLSN: False, TransportException: null, BELatencyMs: 1.021, ActivityId:
        0e7bd50f-f2c0-11ec-8bbf-84a93e8d2c6d, RetryAfterInMs: , TransportRequestTimeline:
        {\\\"requestTimeline\\\":[{\\\"event\\\": \\\"Created\\\", \\\"startTimeUtc\\\":
        \\\"2022-06-23T06:45:26.1269005Z\\\", \\\"durationInMs\\\": 0.0144},{\\\"event\\\":
        \\\"ChannelAcquisitionStarted\\\", \\\"startTimeUtc\\\": \\\"2022-06-23T06:45:26.1269149Z\\\",
        \\\"durationInMs\\\": 0.0126},{\\\"event\\\": \\\"Pipelined\\\", \\\"startTimeUtc\\\":
        \\\"2022-06-23T06:45:26.1269275Z\\\", \\\"durationInMs\\\": 0.1249},{\\\"event\\\":
        \\\"Transit Time\\\", \\\"startTimeUtc\\\": \\\"2022-06-23T06:45:26.1270524Z\\\",
        \\\"durationInMs\\\": 1.4396},{\\\"event\\\": \\\"Received\\\", \\\"startTimeUtc\\\":
        \\\"2022-06-23T06:45:26.1284920Z\\\", \\\"durationInMs\\\": 0.075},{\\\"event\\\":
        \\\"Completed\\\", \\\"startTimeUtc\\\": \\\"2022-06-23T06:45:26.1285670Z\\\",
        \\\"durationInMs\\\": 0}],\\\"serviceEndpointStats\\\":{\\\"inflightRequests\\\":1,\\\"openConnections\\\":1},\\\"connectionStats\\\":{\\\"waitforConnectionInit\\\":\\\"False\\\",\\\"callsPendingReceive\\\":0,\\\"lastSendAttempt\\\":\\\"2022-06-23T06:45:17.6267980Z\\\",\\\"lastSend\\\":\\\"2022-06-23T06:45:17.6267980Z\\\",\\\"lastReceive\\\":\\\"2022-06-23T06:45:17.6668334Z\\\"},\\\"requestSizeInBytes\\\":462,\\\"responseMetadataSizeInBytes\\\":134,\\\"responseBodySizeInBytes\\\":87};\\r\\n
        ResourceType: Database, OperationType: Read\\r\\nRequestStart: 2022-06-23T06:45:26.1269005Z;
        ResponseTime: 2022-06-23T06:45:26.1269005Z; StoreResult: StorePhysicalAddress:
        rntbd://10.0.0.21:11300/apps/12b532c9-2612-425c-905c-74c07856ac47/services/2c6ec315-ced3-49e4-a20f-b58098ebab10/partitions/7f476c3f-2502-4104-861a-ded61b646c81/replicas/133002225937492611s,
        LSN: 7, GlobalCommittedLsn: 7, PartitionKeyRangeId: , IsValid: True, StatusCode:
        404, SubStatusCode: 0, RequestCharge: 1, ItemLSN: -1, SessionToken: -1#7,
        UsingLocalLSN: False, TransportException: null, BELatencyMs: 1.118, ActivityId:
        0e7bd50f-f2c0-11ec-8bbf-84a93e8d2c6d, RetryAfterInMs: , TransportRequestTimeline:
        {\\\"requestTimeline\\\":[{\\\"event\\\": \\\"Created\\\", \\\"startTimeUtc\\\":
        \\\"2022-06-23T06:45:26.1269005Z\\\", \\\"durationInMs\\\": 0.0081},{\\\"event\\\":
        \\\"ChannelAcquisitionStarted\\\", \\\"startTimeUtc\\\": \\\"2022-06-23T06:45:26.1269086Z\\\",
        \\\"durationInMs\\\": 0.0035},{\\\"event\\\": \\\"Pipelined\\\", \\\"startTimeUtc\\\":
        \\\"2022-06-23T06:45:26.1269121Z\\\", \\\"durationInMs\\\": 0.1043},{\\\"event\\\":
        \\\"Transit Time\\\", \\\"startTimeUtc\\\": \\\"2022-06-23T06:45:26.1270164Z\\\",
        \\\"durationInMs\\\": 1.5041},{\\\"event\\\": \\\"Received\\\", \\\"startTimeUtc\\\":
        \\\"2022-06-23T06:45:26.1285205Z\\\", \\\"durationInMs\\\": 0.0628},{\\\"event\\\":
        \\\"Completed\\\", \\\"startTimeUtc\\\": \\\"2022-06-23T06:45:26.1285833Z\\\",
        \\\"durationInMs\\\": 0}],\\\"serviceEndpointStats\\\":{\\\"inflightRequests\\\":1,\\\"openConnections\\\":1},\\\"connectionStats\\\":{\\\"waitforConnectionInit\\\":\\\"False\\\",\\\"callsPendingReceive\\\":0,\\\"lastSendAttempt\\\":\\\"2022-06-23T06:45:26.0468985Z\\\",\\\"lastSend\\\":\\\"2022-06-23T06:45:26.0468985Z\\\",\\\"lastReceive\\\":\\\"2022-06-23T06:45:26.0468985Z\\\"},\\\"requestSizeInBytes\\\":462,\\\"responseMetadataSizeInBytes\\\":134,\\\"responseBodySizeInBytes\\\":87};\\r\\n
        ResourceType: Database, OperationType: Read\\r\\n, SDK: Microsoft.Azure.Documents.Common/2.14.0\"},
        Request URI: /dbs/cli000002, RequestStats: , SDK: Microsoft.Azure.Documents.Common/2.14.0"}'
    headers:
      cache-control:
      - no-store, no-cache
      content-length:
      - '6296'
      content-type:
      - application/json
      date:
      - Thu, 23 Jun 2022 06:45:26 GMT
      pragma:
      - no-cache
      server:
      - Microsoft-HTTPAPI/2.0
      strict-transport-security:
      - max-age=31536000; includeSubDomains
      x-content-type-options:
      - nosniff
      x-ms-gatewayversion:
      - version=2.14.0
    status:
      code: 404
      message: NotFound
- request:
    body: '{"properties": {"resource": {"id": "cli000002"}, "options": {}}}'
    headers:
      Accept:
      - application/json
      Accept-Encoding:
      - gzip, deflate
      CommandName:
      - cosmosdb cassandra keyspace create
      Connection:
      - keep-alive
      Content-Length:
      - '64'
      Content-Type:
      - application/json
      ParameterSetName:
      - -g -a -n
      User-Agent:
      - AZURECLI/2.37.0 azsdk-python-mgmt-cosmosdb/7.0.0b6 Python/3.8.10 (Windows-10-10.0.22000-SP0)
    method: PUT
    uri: https://management.azure.com/subscriptions/00000000-0000-0000-0000-000000000000/resourceGroups/cli_test_cosmosdb_cassandra_keyspace000001/providers/Microsoft.DocumentDB/databaseAccounts/cli000003/cassandraKeyspaces/cli000002?api-version=2022-02-15-preview
  response:
    body:
      string: '{"status":"Enqueued"}'
    headers:
      azure-asyncoperation:
      - https://management.azure.com/subscriptions/00000000-0000-0000-0000-000000000000/providers/Microsoft.DocumentDB/locations/westus/operationsStatus/6f23a8ce-2a1d-422f-a448-14f027d7935b?api-version=2022-02-15-preview
      cache-control:
      - no-store, no-cache
      content-length:
      - '21'
      content-type:
      - application/json
      date:
      - Thu, 23 Jun 2022 06:45:28 GMT
      location:
      - https://management.azure.com/subscriptions/00000000-0000-0000-0000-000000000000/resourceGroups/cli_test_cosmosdb_cassandra_keyspace000001/providers/Microsoft.DocumentDB/databaseAccounts/cli000003/cassandraKeyspaces/cli000002/operationResults/6f23a8ce-2a1d-422f-a448-14f027d7935b?api-version=2022-02-15-preview
      pragma:
      - no-cache
      server:
      - Microsoft-HTTPAPI/2.0
      strict-transport-security:
      - max-age=31536000; includeSubDomains
      x-content-type-options:
      - nosniff
      x-ms-gatewayversion:
      - version=2.14.0
      x-ms-ratelimit-remaining-subscription-writes:
      - '1198'
    status:
      code: 202
      message: Accepted
- request:
    body: null
    headers:
      Accept:
      - '*/*'
      Accept-Encoding:
      - gzip, deflate
      CommandName:
      - cosmosdb cassandra keyspace create
      Connection:
      - keep-alive
      ParameterSetName:
      - -g -a -n
      User-Agent:
      - AZURECLI/2.37.0 azsdk-python-mgmt-cosmosdb/7.0.0b6 Python/3.8.10 (Windows-10-10.0.22000-SP0)
    method: GET
    uri: https://management.azure.com/subscriptions/00000000-0000-0000-0000-000000000000/providers/Microsoft.DocumentDB/locations/westus/operationsStatus/6f23a8ce-2a1d-422f-a448-14f027d7935b?api-version=2022-02-15-preview
  response:
    body:
      string: '{"status":"Succeeded"}'
    headers:
      cache-control:
      - no-store, no-cache
      content-length:
      - '22'
      content-type:
      - application/json
      date:
      - Thu, 23 Jun 2022 06:45:59 GMT
      pragma:
      - no-cache
      server:
      - Microsoft-HTTPAPI/2.0
      strict-transport-security:
      - max-age=31536000; includeSubDomains
      transfer-encoding:
      - chunked
      vary:
      - Accept-Encoding
      x-content-type-options:
      - nosniff
      x-ms-gatewayversion:
      - version=2.14.0
    status:
      code: 200
      message: Ok
- request:
    body: null
    headers:
      Accept:
      - '*/*'
      Accept-Encoding:
      - gzip, deflate
      CommandName:
      - cosmosdb cassandra keyspace create
      Connection:
      - keep-alive
      ParameterSetName:
      - -g -a -n
      User-Agent:
      - AZURECLI/2.37.0 azsdk-python-mgmt-cosmosdb/7.0.0b6 Python/3.8.10 (Windows-10-10.0.22000-SP0)
    method: GET
    uri: https://management.azure.com/subscriptions/00000000-0000-0000-0000-000000000000/resourceGroups/cli_test_cosmosdb_cassandra_keyspace000001/providers/Microsoft.DocumentDB/databaseAccounts/cli000003/cassandraKeyspaces/cli000002?api-version=2022-02-15-preview
  response:
    body:
      string: '{"id":"/subscriptions/00000000-0000-0000-0000-000000000000/resourceGroups/cli_test_cosmosdb_cassandra_keyspace000001/providers/Microsoft.DocumentDB/databaseAccounts/cli000003/cassandraKeyspaces/cli000002","type":"Microsoft.DocumentDB/databaseAccounts/cassandraKeyspaces","name":"cli000002","properties":{"resource":{"id":"cli000002","_rid":"ju0cAA==","_etag":"\"0000d80a-0000-0700-0000-62b40c0d0000\"","_ts":1655966733}}}'
    headers:
      cache-control:
      - no-store, no-cache
      content-length:
      - '421'
      content-type:
      - application/json
      date:
      - Thu, 23 Jun 2022 06:46:00 GMT
      pragma:
      - no-cache
      server:
      - Microsoft-HTTPAPI/2.0
      strict-transport-security:
      - max-age=31536000; includeSubDomains
      transfer-encoding:
      - chunked
      vary:
      - Accept-Encoding
      x-content-type-options:
      - nosniff
      x-ms-gatewayversion:
      - version=2.14.0
    status:
      code: 200
      message: Ok
- request:
    body: null
    headers:
      Accept:
      - application/json
      Accept-Encoding:
      - gzip, deflate
      CommandName:
      - cosmosdb cassandra keyspace show
      Connection:
      - keep-alive
      ParameterSetName:
      - -g -a -n
      User-Agent:
      - AZURECLI/2.37.0 azsdk-python-mgmt-cosmosdb/7.0.0b6 Python/3.8.10 (Windows-10-10.0.22000-SP0)
    method: GET
    uri: https://management.azure.com/subscriptions/00000000-0000-0000-0000-000000000000/resourceGroups/cli_test_cosmosdb_cassandra_keyspace000001/providers/Microsoft.DocumentDB/databaseAccounts/cli000003/cassandraKeyspaces/cli000002?api-version=2022-02-15-preview
  response:
    body:
      string: '{"id":"/subscriptions/00000000-0000-0000-0000-000000000000/resourceGroups/cli_test_cosmosdb_cassandra_keyspace000001/providers/Microsoft.DocumentDB/databaseAccounts/cli000003/cassandraKeyspaces/cli000002","type":"Microsoft.DocumentDB/databaseAccounts/cassandraKeyspaces","name":"cli000002","properties":{"resource":{"id":"cli000002","_rid":"ju0cAA==","_etag":"\"0000d80a-0000-0700-0000-62b40c0d0000\"","_ts":1655966733}}}'
    headers:
      cache-control:
      - no-store, no-cache
      content-length:
      - '421'
      content-type:
      - application/json
      date:
      - Thu, 23 Jun 2022 06:46:01 GMT
      pragma:
      - no-cache
      server:
      - Microsoft-HTTPAPI/2.0
      strict-transport-security:
      - max-age=31536000; includeSubDomains
      transfer-encoding:
      - chunked
      vary:
      - Accept-Encoding
      x-content-type-options:
      - nosniff
      x-ms-gatewayversion:
      - version=2.14.0
    status:
      code: 200
      message: Ok
- request:
    body: null
    headers:
      Accept:
      - application/json
      Accept-Encoding:
      - gzip, deflate
      CommandName:
      - cosmosdb cassandra keyspace list
      Connection:
      - keep-alive
      ParameterSetName:
      - -g -a
      User-Agent:
      - AZURECLI/2.37.0 azsdk-python-mgmt-cosmosdb/7.0.0b6 Python/3.8.10 (Windows-10-10.0.22000-SP0)
    method: GET
    uri: https://management.azure.com/subscriptions/00000000-0000-0000-0000-000000000000/resourceGroups/cli_test_cosmosdb_cassandra_keyspace000001/providers/Microsoft.DocumentDB/databaseAccounts/cli000003/cassandraKeyspaces?api-version=2022-02-15-preview
  response:
    body:
      string: '{"value":[{"id":"/subscriptions/00000000-0000-0000-0000-000000000000/resourceGroups/cli_test_cosmosdb_cassandra_keyspace000001/providers/Microsoft.DocumentDB/databaseAccounts/cli000003/cassandraKeyspaces/cli000002","type":"Microsoft.DocumentDB/databaseAccounts/cassandraKeyspaces","name":"cli000002","properties":{"resource":{"id":"cli000002","_rid":"ju0cAA==","_etag":"\"0000d80a-0000-0700-0000-62b40c0d0000\"","_ts":1655966733}}}]}'
    headers:
      cache-control:
      - no-store, no-cache
      content-length:
      - '433'
      content-type:
      - application/json
      date:
      - Thu, 23 Jun 2022 06:46:02 GMT
      pragma:
      - no-cache
      server:
      - Microsoft-HTTPAPI/2.0
      strict-transport-security:
      - max-age=31536000; includeSubDomains
      transfer-encoding:
      - chunked
      vary:
      - Accept-Encoding
      x-content-type-options:
      - nosniff
      x-ms-gatewayversion:
      - version=2.14.0
    status:
      code: 200
      message: Ok
- request:
    body: null
    headers:
      Accept:
      - application/json
      Accept-Encoding:
      - gzip, deflate
      CommandName:
      - cosmosdb cassandra keyspace exists
      Connection:
      - keep-alive
      ParameterSetName:
      - -g -a -n
      User-Agent:
      - AZURECLI/2.37.0 azsdk-python-mgmt-cosmosdb/7.0.0b6 Python/3.8.10 (Windows-10-10.0.22000-SP0)
    method: GET
    uri: https://management.azure.com/subscriptions/00000000-0000-0000-0000-000000000000/resourceGroups/cli_test_cosmosdb_cassandra_keyspace000001/providers/Microsoft.DocumentDB/databaseAccounts/cli000003/cassandraKeyspaces/cli000002?api-version=2022-02-15-preview
  response:
    body:
      string: '{"id":"/subscriptions/00000000-0000-0000-0000-000000000000/resourceGroups/cli_test_cosmosdb_cassandra_keyspace000001/providers/Microsoft.DocumentDB/databaseAccounts/cli000003/cassandraKeyspaces/cli000002","type":"Microsoft.DocumentDB/databaseAccounts/cassandraKeyspaces","name":"cli000002","properties":{"resource":{"id":"cli000002","_rid":"ju0cAA==","_etag":"\"0000d80a-0000-0700-0000-62b40c0d0000\"","_ts":1655966733}}}'
    headers:
      cache-control:
      - no-store, no-cache
      content-length:
      - '421'
      content-type:
      - application/json
      date:
      - Thu, 23 Jun 2022 06:46:04 GMT
      pragma:
      - no-cache
      server:
      - Microsoft-HTTPAPI/2.0
      strict-transport-security:
      - max-age=31536000; includeSubDomains
      transfer-encoding:
      - chunked
      vary:
      - Accept-Encoding
      x-content-type-options:
      - nosniff
      x-ms-gatewayversion:
      - version=2.14.0
    status:
      code: 200
      message: Ok
- request:
    body: null
    headers:
      Accept:
      - '*/*'
      Accept-Encoding:
      - gzip, deflate
      CommandName:
      - cosmosdb cassandra keyspace delete
      Connection:
      - keep-alive
      Content-Length:
      - '0'
      ParameterSetName:
      - -g -a -n --yes
      User-Agent:
      - AZURECLI/2.37.0 azsdk-python-mgmt-cosmosdb/7.0.0b6 Python/3.8.10 (Windows-10-10.0.22000-SP0)
    method: DELETE
    uri: https://management.azure.com/subscriptions/00000000-0000-0000-0000-000000000000/resourceGroups/cli_test_cosmosdb_cassandra_keyspace000001/providers/Microsoft.DocumentDB/databaseAccounts/cli000003/cassandraKeyspaces/cli000002?api-version=2022-02-15-preview
  response:
    body:
      string: '{"status":"Enqueued"}'
    headers:
      azure-asyncoperation:
      - https://management.azure.com/subscriptions/00000000-0000-0000-0000-000000000000/providers/Microsoft.DocumentDB/locations/westus/operationsStatus/418a50a1-5c7c-4b1a-b3f8-5118a6c7325d?api-version=2022-02-15-preview
      cache-control:
      - no-store, no-cache
      content-length:
      - '21'
      content-type:
      - application/json
      date:
      - Thu, 23 Jun 2022 06:46:05 GMT
      location:
      - https://management.azure.com/subscriptions/00000000-0000-0000-0000-000000000000/resourceGroups/cli_test_cosmosdb_cassandra_keyspace000001/providers/Microsoft.DocumentDB/databaseAccounts/cli000003/cassandraKeyspaces/cli000002/operationResults/418a50a1-5c7c-4b1a-b3f8-5118a6c7325d?api-version=2022-02-15-preview
      pragma:
      - no-cache
      server:
      - Microsoft-HTTPAPI/2.0
      strict-transport-security:
      - max-age=31536000; includeSubDomains
      x-content-type-options:
      - nosniff
      x-ms-gatewayversion:
      - version=2.14.0
      x-ms-ratelimit-remaining-subscription-deletes:
      - '14999'
    status:
      code: 202
      message: Accepted
- request:
    body: null
    headers:
      Accept:
      - '*/*'
      Accept-Encoding:
      - gzip, deflate
      CommandName:
      - cosmosdb cassandra keyspace delete
      Connection:
      - keep-alive
      ParameterSetName:
      - -g -a -n --yes
      User-Agent:
      - AZURECLI/2.37.0 azsdk-python-mgmt-cosmosdb/7.0.0b6 Python/3.8.10 (Windows-10-10.0.22000-SP0)
    method: GET
    uri: https://management.azure.com/subscriptions/00000000-0000-0000-0000-000000000000/providers/Microsoft.DocumentDB/locations/westus/operationsStatus/418a50a1-5c7c-4b1a-b3f8-5118a6c7325d?api-version=2022-02-15-preview
  response:
    body:
      string: '{"status":"Succeeded"}'
    headers:
      cache-control:
      - no-store, no-cache
      content-length:
      - '22'
      content-type:
      - application/json
      date:
      - Thu, 23 Jun 2022 06:46:35 GMT
      pragma:
      - no-cache
      server:
      - Microsoft-HTTPAPI/2.0
      strict-transport-security:
      - max-age=31536000; includeSubDomains
      transfer-encoding:
      - chunked
      vary:
      - Accept-Encoding
      x-content-type-options:
      - nosniff
      x-ms-gatewayversion:
      - version=2.14.0
    status:
      code: 200
      message: Ok
- request:
    body: null
    headers:
      Accept:
      - application/json
      Accept-Encoding:
      - gzip, deflate
      CommandName:
      - cosmosdb cassandra keyspace list
      Connection:
      - keep-alive
      ParameterSetName:
      - -g -a
      User-Agent:
      - AZURECLI/2.37.0 azsdk-python-mgmt-cosmosdb/7.0.0b6 Python/3.8.10 (Windows-10-10.0.22000-SP0)
    method: GET
    uri: https://management.azure.com/subscriptions/00000000-0000-0000-0000-000000000000/resourceGroups/cli_test_cosmosdb_cassandra_keyspace000001/providers/Microsoft.DocumentDB/databaseAccounts/cli000003/cassandraKeyspaces?api-version=2022-02-15-preview
  response:
    body:
      string: '{"value":[]}'
    headers:
      cache-control:
      - no-store, no-cache
      content-length:
      - '12'
      content-type:
      - application/json
      date:
      - Thu, 23 Jun 2022 06:46:37 GMT
      pragma:
      - no-cache
      server:
      - Microsoft-HTTPAPI/2.0
      strict-transport-security:
      - max-age=31536000; includeSubDomains
      transfer-encoding:
      - chunked
      vary:
      - Accept-Encoding
      x-content-type-options:
      - nosniff
      x-ms-gatewayversion:
      - version=2.14.0
    status:
      code: 200
      message: Ok
version: 1
