interactions:
- request:
    body: null
    headers:
      Accept:
      - application/json
      Accept-Encoding:
      - gzip, deflate
      CommandName:
      - cosmosdb create
      Connection:
      - keep-alive
      ParameterSetName:
      - -n -g --capabilities
      User-Agent:
      - AZURECLI/2.46.0 azsdk-python-azure-mgmt-resource/22.0.0 Python/3.10.10 (Linux-5.15.0-1033-azure-x86_64-with-glibc2.31)
        VSTS_7b238909-6802-4b65-b90d-184bca47f458_build_220_0
    method: GET
    uri: https://management.azure.com/subscriptions/00000000-0000-0000-0000-000000000000/resourcegroups/cli_test_cosmosdb_cassandra_resource_throughput_autoscale000001?api-version=2022-09-01
  response:
    body:
      string: '{"id":"/subscriptions/00000000-0000-0000-0000-000000000000/resourceGroups/cli_test_cosmosdb_cassandra_resource_throughput_autoscale000001","name":"cli_test_cosmosdb_cassandra_resource_throughput_autoscale000001","type":"Microsoft.Resources/resourceGroups","location":"westus","tags":{"product":"azurecli","cause":"automation","date":"2023-03-13T10:16:26Z"},"properties":{"provisioningState":"Succeeded"}}'
    headers:
      cache-control:
      - no-cache
      content-length:
      - '404'
      content-type:
      - application/json; charset=utf-8
      date:
      - Mon, 13 Mar 2023 10:16:27 GMT
      expires:
      - '-1'
      pragma:
      - no-cache
      strict-transport-security:
      - max-age=31536000; includeSubDomains
      vary:
      - Accept-Encoding
      x-content-type-options:
      - nosniff
    status:
      code: 200
      message: OK
- request:
    body: '{"location": "westus", "kind": "GlobalDocumentDB", "properties": {"locations":
      [{"locationName": "westus", "failoverPriority": 0, "isZoneRedundant": false}],
      "databaseAccountOfferType": "Standard", "capabilities": [{"name": "EnableCassandra"}],
      "apiProperties": {}, "createMode": "Default"}}'
    headers:
      Accept:
      - application/json
      Accept-Encoding:
      - gzip, deflate
      CommandName:
      - cosmosdb create
      Connection:
      - keep-alive
      Content-Length:
      - '291'
      Content-Type:
      - application/json
      ParameterSetName:
      - -n -g --capabilities
      User-Agent:
      - AZURECLI/2.46.0 azsdk-python-mgmt-cosmosdb/9.0.0 Python/3.10.10 (Linux-5.15.0-1033-azure-x86_64-with-glibc2.31)
        VSTS_7b238909-6802-4b65-b90d-184bca47f458_build_220_0
    method: PUT
    uri: https://management.azure.com/subscriptions/00000000-0000-0000-0000-000000000000/resourceGroups/cli_test_cosmosdb_cassandra_resource_throughput_autoscale000001/providers/Microsoft.DocumentDB/databaseAccounts/cli000002?api-version=2022-11-15
  response:
    body:
      string: '{"id":"/subscriptions/00000000-0000-0000-0000-000000000000/resourceGroups/cli_test_cosmosdb_cassandra_resource_throughput_autoscale000001/providers/Microsoft.DocumentDB/databaseAccounts/cli000002","name":"cli000002","location":"West
        US","type":"Microsoft.DocumentDB/databaseAccounts","kind":"GlobalDocumentDB","tags":{},"systemData":{"createdAt":"2023-03-13T10:16:32.2301723Z"},"properties":{"provisioningState":"Creating","publicNetworkAccess":"Enabled","enableAutomaticFailover":false,"enableMultipleWriteLocations":false,"enablePartitionKeyMonitor":false,"isVirtualNetworkFilterEnabled":false,"virtualNetworkRules":[],"EnabledApiTypes":"Cassandra","disableKeyBasedMetadataWriteAccess":false,"enableFreeTier":false,"enableAnalyticalStorage":false,"analyticalStorageConfiguration":{"schemaType":"WellDefined"},"instanceId":"e5bc267f-b812-4505-98be-9b03508f5bba","databaseAccountOfferType":"Standard","defaultIdentity":"","networkAclBypass":"None","disableLocalAuth":false,"enablePartitionMerge":false,"minimalTlsVersion":"Tls12","consistencyPolicy":{"defaultConsistencyLevel":"Session","maxIntervalInSeconds":5,"maxStalenessPrefix":100},"configurationOverrides":{},"writeLocations":[{"id":"cli000002-westus","locationName":"West
        US","provisioningState":"Creating","failoverPriority":0,"isZoneRedundant":false}],"readLocations":[{"id":"cli000002-westus","locationName":"West
        US","provisioningState":"Creating","failoverPriority":0,"isZoneRedundant":false}],"locations":[{"id":"cli000002-westus","locationName":"West
        US","provisioningState":"Creating","failoverPriority":0,"isZoneRedundant":false}],"failoverPolicies":[{"id":"cli000002-westus","locationName":"West
        US","failoverPriority":0}],"cors":[],"capabilities":[{"name":"EnableCassandra"}],"ipRules":[],"backupPolicy":{"type":"Periodic","periodicModeProperties":{"backupIntervalInMinutes":240,"backupRetentionIntervalInHours":8,"backupStorageRedundancy":"Invalid"}},"networkAclBypassResourceIds":[],"keysMetadata":{"primaryMasterKey":{"generationTime":"2023-03-13T10:16:32.2301723Z"},"secondaryMasterKey":{"generationTime":"2023-03-13T10:16:32.2301723Z"},"primaryReadonlyMasterKey":{"generationTime":"2023-03-13T10:16:32.2301723Z"},"secondaryReadonlyMasterKey":{"generationTime":"2023-03-13T10:16:32.2301723Z"}}},"identity":{"type":"None"}}'
    headers:
      azure-asyncoperation:
      - https://management.azure.com/subscriptions/00000000-0000-0000-0000-000000000000/providers/Microsoft.DocumentDB/locations/westus/operationsStatus/15e54301-ed8a-47d2-a70d-74db7d84fb55?api-version=2022-11-15
      cache-control:
      - no-store, no-cache
      content-length:
      - '2295'
      content-type:
      - application/json
      date:
      - Mon, 13 Mar 2023 10:16:34 GMT
      location:
      - https://management.azure.com/subscriptions/00000000-0000-0000-0000-000000000000/resourceGroups/cli_test_cosmosdb_cassandra_resource_throughput_autoscale000001/providers/Microsoft.DocumentDB/databaseAccounts/cli000002/operationResults/15e54301-ed8a-47d2-a70d-74db7d84fb55?api-version=2022-11-15
      pragma:
      - no-cache
      server:
      - Microsoft-HTTPAPI/2.0
      strict-transport-security:
      - max-age=31536000; includeSubDomains
      transfer-encoding:
      - chunked
      vary:
      - Accept-Encoding
      x-content-type-options:
      - nosniff
      x-ms-gatewayversion:
      - version=2.14.0
      x-ms-ratelimit-remaining-subscription-writes:
      - '1199'
    status:
      code: 200
      message: Ok
- request:
    body: null
    headers:
      Accept:
      - '*/*'
      Accept-Encoding:
      - gzip, deflate
      CommandName:
      - cosmosdb create
      Connection:
      - keep-alive
      ParameterSetName:
      - -n -g --capabilities
      User-Agent:
      - AZURECLI/2.46.0 azsdk-python-mgmt-cosmosdb/9.0.0 Python/3.10.10 (Linux-5.15.0-1033-azure-x86_64-with-glibc2.31)
        VSTS_7b238909-6802-4b65-b90d-184bca47f458_build_220_0
    method: GET
    uri: https://management.azure.com/subscriptions/00000000-0000-0000-0000-000000000000/providers/Microsoft.DocumentDB/locations/westus/operationsStatus/15e54301-ed8a-47d2-a70d-74db7d84fb55?api-version=2022-11-15
  response:
    body:
      string: '{"status":"Dequeued"}'
    headers:
      cache-control:
      - no-store, no-cache
      content-length:
      - '21'
      content-type:
      - application/json
      date:
      - Mon, 13 Mar 2023 10:17:04 GMT
      pragma:
      - no-cache
      server:
      - Microsoft-HTTPAPI/2.0
      strict-transport-security:
      - max-age=31536000; includeSubDomains
      transfer-encoding:
      - chunked
      vary:
      - Accept-Encoding
      x-content-type-options:
      - nosniff
      x-ms-gatewayversion:
      - version=2.14.0
    status:
      code: 200
      message: Ok
- request:
    body: null
    headers:
      Accept:
      - '*/*'
      Accept-Encoding:
      - gzip, deflate
      CommandName:
      - cosmosdb create
      Connection:
      - keep-alive
      ParameterSetName:
      - -n -g --capabilities
      User-Agent:
      - AZURECLI/2.46.0 azsdk-python-mgmt-cosmosdb/9.0.0 Python/3.10.10 (Linux-5.15.0-1033-azure-x86_64-with-glibc2.31)
        VSTS_7b238909-6802-4b65-b90d-184bca47f458_build_220_0
    method: GET
    uri: https://management.azure.com/subscriptions/00000000-0000-0000-0000-000000000000/providers/Microsoft.DocumentDB/locations/westus/operationsStatus/15e54301-ed8a-47d2-a70d-74db7d84fb55?api-version=2022-11-15
  response:
    body:
      string: '{"status":"Dequeued"}'
    headers:
      cache-control:
      - no-store, no-cache
      content-length:
      - '21'
      content-type:
      - application/json
      date:
      - Mon, 13 Mar 2023 10:17:34 GMT
      pragma:
      - no-cache
      server:
      - Microsoft-HTTPAPI/2.0
      strict-transport-security:
      - max-age=31536000; includeSubDomains
      transfer-encoding:
      - chunked
      vary:
      - Accept-Encoding
      x-content-type-options:
      - nosniff
      x-ms-gatewayversion:
      - version=2.14.0
    status:
      code: 200
      message: Ok
- request:
    body: null
    headers:
      Accept:
      - '*/*'
      Accept-Encoding:
      - gzip, deflate
      CommandName:
      - cosmosdb create
      Connection:
      - keep-alive
      ParameterSetName:
      - -n -g --capabilities
      User-Agent:
      - AZURECLI/2.46.0 azsdk-python-mgmt-cosmosdb/9.0.0 Python/3.10.10 (Linux-5.15.0-1033-azure-x86_64-with-glibc2.31)
        VSTS_7b238909-6802-4b65-b90d-184bca47f458_build_220_0
    method: GET
    uri: https://management.azure.com/subscriptions/00000000-0000-0000-0000-000000000000/providers/Microsoft.DocumentDB/locations/westus/operationsStatus/15e54301-ed8a-47d2-a70d-74db7d84fb55?api-version=2022-11-15
  response:
    body:
      string: '{"status":"Dequeued"}'
    headers:
      cache-control:
      - no-store, no-cache
      content-length:
      - '21'
      content-type:
      - application/json
      date:
      - Mon, 13 Mar 2023 10:18:04 GMT
      pragma:
      - no-cache
      server:
      - Microsoft-HTTPAPI/2.0
      strict-transport-security:
      - max-age=31536000; includeSubDomains
      transfer-encoding:
      - chunked
      vary:
      - Accept-Encoding
      x-content-type-options:
      - nosniff
      x-ms-gatewayversion:
      - version=2.14.0
    status:
      code: 200
      message: Ok
- request:
    body: null
    headers:
      Accept:
      - '*/*'
      Accept-Encoding:
      - gzip, deflate
      CommandName:
      - cosmosdb create
      Connection:
      - keep-alive
      ParameterSetName:
      - -n -g --capabilities
      User-Agent:
      - AZURECLI/2.46.0 azsdk-python-mgmt-cosmosdb/9.0.0 Python/3.10.10 (Linux-5.15.0-1033-azure-x86_64-with-glibc2.31)
        VSTS_7b238909-6802-4b65-b90d-184bca47f458_build_220_0
    method: GET
    uri: https://management.azure.com/subscriptions/00000000-0000-0000-0000-000000000000/providers/Microsoft.DocumentDB/locations/westus/operationsStatus/15e54301-ed8a-47d2-a70d-74db7d84fb55?api-version=2022-11-15
  response:
    body:
      string: '{"status":"Dequeued"}'
    headers:
      cache-control:
      - no-store, no-cache
      content-length:
      - '21'
      content-type:
      - application/json
      date:
      - Mon, 13 Mar 2023 10:18:35 GMT
      pragma:
      - no-cache
      server:
      - Microsoft-HTTPAPI/2.0
      strict-transport-security:
      - max-age=31536000; includeSubDomains
      transfer-encoding:
      - chunked
      vary:
      - Accept-Encoding
      x-content-type-options:
      - nosniff
      x-ms-gatewayversion:
      - version=2.14.0
    status:
      code: 200
      message: Ok
- request:
    body: null
    headers:
      Accept:
      - '*/*'
      Accept-Encoding:
      - gzip, deflate
      CommandName:
      - cosmosdb create
      Connection:
      - keep-alive
      ParameterSetName:
      - -n -g --capabilities
      User-Agent:
      - AZURECLI/2.46.0 azsdk-python-mgmt-cosmosdb/9.0.0 Python/3.10.10 (Linux-5.15.0-1033-azure-x86_64-with-glibc2.31)
        VSTS_7b238909-6802-4b65-b90d-184bca47f458_build_220_0
    method: GET
    uri: https://management.azure.com/subscriptions/00000000-0000-0000-0000-000000000000/providers/Microsoft.DocumentDB/locations/westus/operationsStatus/15e54301-ed8a-47d2-a70d-74db7d84fb55?api-version=2022-11-15
  response:
    body:
      string: '{"status":"Dequeued"}'
    headers:
      cache-control:
      - no-store, no-cache
      content-length:
      - '21'
      content-type:
      - application/json
      date:
      - Mon, 13 Mar 2023 10:19:05 GMT
      pragma:
      - no-cache
      server:
      - Microsoft-HTTPAPI/2.0
      strict-transport-security:
      - max-age=31536000; includeSubDomains
      transfer-encoding:
      - chunked
      vary:
      - Accept-Encoding
      x-content-type-options:
      - nosniff
      x-ms-gatewayversion:
      - version=2.14.0
    status:
      code: 200
      message: Ok
- request:
    body: null
    headers:
      Accept:
      - '*/*'
      Accept-Encoding:
      - gzip, deflate
      CommandName:
      - cosmosdb create
      Connection:
      - keep-alive
      ParameterSetName:
      - -n -g --capabilities
      User-Agent:
      - AZURECLI/2.46.0 azsdk-python-mgmt-cosmosdb/9.0.0 Python/3.10.10 (Linux-5.15.0-1033-azure-x86_64-with-glibc2.31)
        VSTS_7b238909-6802-4b65-b90d-184bca47f458_build_220_0
    method: GET
    uri: https://management.azure.com/subscriptions/00000000-0000-0000-0000-000000000000/providers/Microsoft.DocumentDB/locations/westus/operationsStatus/15e54301-ed8a-47d2-a70d-74db7d84fb55?api-version=2022-11-15
  response:
    body:
      string: '{"status":"Dequeued"}'
    headers:
      cache-control:
      - no-store, no-cache
      content-length:
      - '21'
      content-type:
      - application/json
      date:
      - Mon, 13 Mar 2023 10:19:35 GMT
      pragma:
      - no-cache
      server:
      - Microsoft-HTTPAPI/2.0
      strict-transport-security:
      - max-age=31536000; includeSubDomains
      transfer-encoding:
      - chunked
      vary:
      - Accept-Encoding
      x-content-type-options:
      - nosniff
      x-ms-gatewayversion:
      - version=2.14.0
    status:
      code: 200
      message: Ok
- request:
    body: null
    headers:
      Accept:
      - '*/*'
      Accept-Encoding:
      - gzip, deflate
      CommandName:
      - cosmosdb create
      Connection:
      - keep-alive
      ParameterSetName:
      - -n -g --capabilities
      User-Agent:
      - AZURECLI/2.46.0 azsdk-python-mgmt-cosmosdb/9.0.0 Python/3.10.10 (Linux-5.15.0-1033-azure-x86_64-with-glibc2.31)
        VSTS_7b238909-6802-4b65-b90d-184bca47f458_build_220_0
    method: GET
    uri: https://management.azure.com/subscriptions/00000000-0000-0000-0000-000000000000/providers/Microsoft.DocumentDB/locations/westus/operationsStatus/15e54301-ed8a-47d2-a70d-74db7d84fb55?api-version=2022-11-15
  response:
    body:
      string: '{"status":"Succeeded"}'
    headers:
      cache-control:
      - no-store, no-cache
      content-length:
      - '22'
      content-type:
      - application/json
      date:
      - Mon, 13 Mar 2023 10:20:05 GMT
      pragma:
      - no-cache
      server:
      - Microsoft-HTTPAPI/2.0
      strict-transport-security:
      - max-age=31536000; includeSubDomains
      transfer-encoding:
      - chunked
      vary:
      - Accept-Encoding
      x-content-type-options:
      - nosniff
      x-ms-gatewayversion:
      - version=2.14.0
    status:
      code: 200
      message: Ok
- request:
    body: null
    headers:
      Accept:
      - '*/*'
      Accept-Encoding:
      - gzip, deflate
      CommandName:
      - cosmosdb create
      Connection:
      - keep-alive
      ParameterSetName:
      - -n -g --capabilities
      User-Agent:
      - AZURECLI/2.46.0 azsdk-python-mgmt-cosmosdb/9.0.0 Python/3.10.10 (Linux-5.15.0-1033-azure-x86_64-with-glibc2.31)
        VSTS_7b238909-6802-4b65-b90d-184bca47f458_build_220_0
    method: GET
    uri: https://management.azure.com/subscriptions/00000000-0000-0000-0000-000000000000/resourceGroups/cli_test_cosmosdb_cassandra_resource_throughput_autoscale000001/providers/Microsoft.DocumentDB/databaseAccounts/cli000002?api-version=2022-11-15
  response:
    body:
      string: '{"id":"/subscriptions/00000000-0000-0000-0000-000000000000/resourceGroups/cli_test_cosmosdb_cassandra_resource_throughput_autoscale000001/providers/Microsoft.DocumentDB/databaseAccounts/cli000002","name":"cli000002","location":"West
        US","type":"Microsoft.DocumentDB/databaseAccounts","kind":"GlobalDocumentDB","tags":{},"systemData":{"createdAt":"2023-03-13T10:19:18.6155439Z"},"properties":{"provisioningState":"Succeeded","documentEndpoint":"https://cli000002.documents.azure.com:443/","cassandraEndpoint":"https://cli000002.cassandra.cosmos.azure.com:443/","sqlEndpoint":"https://cli000002.documents.azure.com:443/","publicNetworkAccess":"Enabled","enableAutomaticFailover":false,"enableMultipleWriteLocations":false,"enablePartitionKeyMonitor":false,"isVirtualNetworkFilterEnabled":false,"virtualNetworkRules":[],"EnabledApiTypes":"Cassandra","disableKeyBasedMetadataWriteAccess":false,"enableFreeTier":false,"enableAnalyticalStorage":false,"analyticalStorageConfiguration":{"schemaType":"WellDefined"},"instanceId":"e5bc267f-b812-4505-98be-9b03508f5bba","databaseAccountOfferType":"Standard","defaultIdentity":"FirstPartyIdentity","networkAclBypass":"None","disableLocalAuth":false,"enablePartitionMerge":false,"minimalTlsVersion":"Tls12","consistencyPolicy":{"defaultConsistencyLevel":"Session","maxIntervalInSeconds":5,"maxStalenessPrefix":100},"configurationOverrides":{},"writeLocations":[{"id":"cli000002-westus","locationName":"West
        US","documentEndpoint":"https://cli000002-westus.documents.azure.com:443/","provisioningState":"Succeeded","failoverPriority":0,"isZoneRedundant":false}],"readLocations":[{"id":"cli000002-westus","locationName":"West
        US","documentEndpoint":"https://cli000002-westus.documents.azure.com:443/","provisioningState":"Succeeded","failoverPriority":0,"isZoneRedundant":false}],"locations":[{"id":"cli000002-westus","locationName":"West
        US","documentEndpoint":"https://cli000002-westus.documents.azure.com:443/","provisioningState":"Succeeded","failoverPriority":0,"isZoneRedundant":false}],"failoverPolicies":[{"id":"cli000002-westus","locationName":"West
        US","failoverPriority":0}],"cors":[],"capabilities":[{"name":"EnableCassandra"}],"ipRules":[],"backupPolicy":{"type":"Periodic","periodicModeProperties":{"backupIntervalInMinutes":240,"backupRetentionIntervalInHours":8,"backupStorageRedundancy":"Geo"}},"networkAclBypassResourceIds":[],"keysMetadata":{"primaryMasterKey":{"generationTime":"2023-03-13T10:19:18.6155439Z"},"secondaryMasterKey":{"generationTime":"2023-03-13T10:19:18.6155439Z"},"primaryReadonlyMasterKey":{"generationTime":"2023-03-13T10:19:18.6155439Z"},"secondaryReadonlyMasterKey":{"generationTime":"2023-03-13T10:19:18.6155439Z"}}},"identity":{"type":"None"}}'
    headers:
      cache-control:
      - no-store, no-cache
      content-length:
      - '2721'
      content-type:
      - application/json
      date:
      - Mon, 13 Mar 2023 10:20:05 GMT
      pragma:
      - no-cache
      server:
      - Microsoft-HTTPAPI/2.0
      strict-transport-security:
      - max-age=31536000; includeSubDomains
      transfer-encoding:
      - chunked
      vary:
      - Accept-Encoding
      x-content-type-options:
      - nosniff
      x-ms-gatewayversion:
      - version=2.14.0
    status:
      code: 200
      message: Ok
- request:
    body: null
    headers:
      Accept:
      - application/json
      Accept-Encoding:
      - gzip, deflate
      CommandName:
      - cosmosdb create
      Connection:
      - keep-alive
      ParameterSetName:
      - -n -g --capabilities
      User-Agent:
      - AZURECLI/2.46.0 azsdk-python-mgmt-cosmosdb/9.0.0 Python/3.10.10 (Linux-5.15.0-1033-azure-x86_64-with-glibc2.31)
        VSTS_7b238909-6802-4b65-b90d-184bca47f458_build_220_0
    method: GET
    uri: https://management.azure.com/subscriptions/00000000-0000-0000-0000-000000000000/resourceGroups/cli_test_cosmosdb_cassandra_resource_throughput_autoscale000001/providers/Microsoft.DocumentDB/databaseAccounts/cli000002?api-version=2022-11-15
  response:
    body:
      string: '{"id":"/subscriptions/00000000-0000-0000-0000-000000000000/resourceGroups/cli_test_cosmosdb_cassandra_resource_throughput_autoscale000001/providers/Microsoft.DocumentDB/databaseAccounts/cli000002","name":"cli000002","location":"West
        US","type":"Microsoft.DocumentDB/databaseAccounts","kind":"GlobalDocumentDB","tags":{},"systemData":{"createdAt":"2023-03-13T10:19:18.6155439Z"},"properties":{"provisioningState":"Succeeded","documentEndpoint":"https://cli000002.documents.azure.com:443/","cassandraEndpoint":"https://cli000002.cassandra.cosmos.azure.com:443/","sqlEndpoint":"https://cli000002.documents.azure.com:443/","publicNetworkAccess":"Enabled","enableAutomaticFailover":false,"enableMultipleWriteLocations":false,"enablePartitionKeyMonitor":false,"isVirtualNetworkFilterEnabled":false,"virtualNetworkRules":[],"EnabledApiTypes":"Cassandra","disableKeyBasedMetadataWriteAccess":false,"enableFreeTier":false,"enableAnalyticalStorage":false,"analyticalStorageConfiguration":{"schemaType":"WellDefined"},"instanceId":"e5bc267f-b812-4505-98be-9b03508f5bba","databaseAccountOfferType":"Standard","defaultIdentity":"FirstPartyIdentity","networkAclBypass":"None","disableLocalAuth":false,"enablePartitionMerge":false,"minimalTlsVersion":"Tls12","consistencyPolicy":{"defaultConsistencyLevel":"Session","maxIntervalInSeconds":5,"maxStalenessPrefix":100},"configurationOverrides":{},"writeLocations":[{"id":"cli000002-westus","locationName":"West
        US","documentEndpoint":"https://cli000002-westus.documents.azure.com:443/","provisioningState":"Succeeded","failoverPriority":0,"isZoneRedundant":false}],"readLocations":[{"id":"cli000002-westus","locationName":"West
        US","documentEndpoint":"https://cli000002-westus.documents.azure.com:443/","provisioningState":"Succeeded","failoverPriority":0,"isZoneRedundant":false}],"locations":[{"id":"cli000002-westus","locationName":"West
        US","documentEndpoint":"https://cli000002-westus.documents.azure.com:443/","provisioningState":"Succeeded","failoverPriority":0,"isZoneRedundant":false}],"failoverPolicies":[{"id":"cli000002-westus","locationName":"West
        US","failoverPriority":0}],"cors":[],"capabilities":[{"name":"EnableCassandra"}],"ipRules":[],"backupPolicy":{"type":"Periodic","periodicModeProperties":{"backupIntervalInMinutes":240,"backupRetentionIntervalInHours":8,"backupStorageRedundancy":"Geo"}},"networkAclBypassResourceIds":[],"keysMetadata":{"primaryMasterKey":{"generationTime":"2023-03-13T10:19:18.6155439Z"},"secondaryMasterKey":{"generationTime":"2023-03-13T10:19:18.6155439Z"},"primaryReadonlyMasterKey":{"generationTime":"2023-03-13T10:19:18.6155439Z"},"secondaryReadonlyMasterKey":{"generationTime":"2023-03-13T10:19:18.6155439Z"}}},"identity":{"type":"None"}}'
    headers:
      cache-control:
      - no-store, no-cache
      content-length:
      - '2721'
      content-type:
      - application/json
      date:
      - Mon, 13 Mar 2023 10:20:05 GMT
      pragma:
      - no-cache
      server:
      - Microsoft-HTTPAPI/2.0
      strict-transport-security:
      - max-age=31536000; includeSubDomains
      transfer-encoding:
      - chunked
      vary:
      - Accept-Encoding
      x-content-type-options:
      - nosniff
      x-ms-gatewayversion:
      - version=2.14.0
    status:
      code: 200
      message: Ok
- request:
    body: '{"properties": {"resource": {"id": "cli000003"}, "options": {"throughput":
      800}}}'
    headers:
      Accept:
      - application/json
      Accept-Encoding:
      - gzip, deflate
      CommandName:
      - cosmosdb cassandra keyspace create
      Connection:
      - keep-alive
      Content-Length:
      - '81'
      Content-Type:
      - application/json
      ParameterSetName:
      - -g -a -n --throughput
      User-Agent:
      - AZURECLI/2.46.0 azsdk-python-mgmt-cosmosdb/9.0.0 Python/3.10.10 (Linux-5.15.0-1033-azure-x86_64-with-glibc2.31)
        VSTS_7b238909-6802-4b65-b90d-184bca47f458_build_220_0
    method: PUT
    uri: https://management.azure.com/subscriptions/00000000-0000-0000-0000-000000000000/resourceGroups/cli_test_cosmosdb_cassandra_resource_throughput_autoscale000001/providers/Microsoft.DocumentDB/databaseAccounts/cli000002/cassandraKeyspaces/cli000003?api-version=2022-11-15
  response:
    body:
      string: '{"status":"Enqueued"}'
    headers:
      azure-asyncoperation:
      - https://management.azure.com/subscriptions/00000000-0000-0000-0000-000000000000/providers/Microsoft.DocumentDB/locations/westus/operationsStatus/fe568cd3-88d2-4a10-b56f-489f25f0fef2?api-version=2022-11-15
      cache-control:
      - no-store, no-cache
      content-length:
      - '21'
      content-type:
      - application/json
      date:
      - Mon, 13 Mar 2023 10:20:06 GMT
      location:
      - https://management.azure.com/subscriptions/00000000-0000-0000-0000-000000000000/resourceGroups/cli_test_cosmosdb_cassandra_resource_throughput_autoscale000001/providers/Microsoft.DocumentDB/databaseAccounts/cli000002/cassandraKeyspaces/cli000003/operationResults/fe568cd3-88d2-4a10-b56f-489f25f0fef2?api-version=2022-11-15
      pragma:
      - no-cache
      server:
      - Microsoft-HTTPAPI/2.0
      strict-transport-security:
      - max-age=31536000; includeSubDomains
      x-content-type-options:
      - nosniff
      x-ms-gatewayversion:
      - version=2.14.0
      x-ms-ratelimit-remaining-subscription-writes:
      - '1196'
    status:
      code: 202
      message: Accepted
- request:
    body: null
    headers:
      Accept:
      - '*/*'
      Accept-Encoding:
      - gzip, deflate
      CommandName:
      - cosmosdb cassandra keyspace create
      Connection:
      - keep-alive
      ParameterSetName:
      - -g -a -n --throughput
      User-Agent:
      - AZURECLI/2.46.0 azsdk-python-mgmt-cosmosdb/9.0.0 Python/3.10.10 (Linux-5.15.0-1033-azure-x86_64-with-glibc2.31)
        VSTS_7b238909-6802-4b65-b90d-184bca47f458_build_220_0
    method: GET
    uri: https://management.azure.com/subscriptions/00000000-0000-0000-0000-000000000000/providers/Microsoft.DocumentDB/locations/westus/operationsStatus/fe568cd3-88d2-4a10-b56f-489f25f0fef2?api-version=2022-11-15
  response:
    body:
      string: '{"status":"Succeeded"}'
    headers:
      cache-control:
      - no-store, no-cache
      content-length:
      - '22'
      content-type:
      - application/json
      date:
      - Mon, 13 Mar 2023 10:20:36 GMT
      pragma:
      - no-cache
      server:
      - Microsoft-HTTPAPI/2.0
      strict-transport-security:
      - max-age=31536000; includeSubDomains
      transfer-encoding:
      - chunked
      vary:
      - Accept-Encoding
      x-content-type-options:
      - nosniff
      x-ms-gatewayversion:
      - version=2.14.0
    status:
      code: 200
      message: Ok
- request:
    body: null
    headers:
      Accept:
      - '*/*'
      Accept-Encoding:
      - gzip, deflate
      CommandName:
      - cosmosdb cassandra keyspace create
      Connection:
      - keep-alive
      ParameterSetName:
      - -g -a -n --throughput
      User-Agent:
      - AZURECLI/2.46.0 azsdk-python-mgmt-cosmosdb/9.0.0 Python/3.10.10 (Linux-5.15.0-1033-azure-x86_64-with-glibc2.31)
        VSTS_7b238909-6802-4b65-b90d-184bca47f458_build_220_0
    method: GET
    uri: https://management.azure.com/subscriptions/00000000-0000-0000-0000-000000000000/resourceGroups/cli_test_cosmosdb_cassandra_resource_throughput_autoscale000001/providers/Microsoft.DocumentDB/databaseAccounts/cli000002/cassandraKeyspaces/cli000003?api-version=2022-11-15
  response:
    body:
      string: '{"id":"/subscriptions/00000000-0000-0000-0000-000000000000/resourceGroups/cli_test_cosmosdb_cassandra_resource_throughput_autoscale000001/providers/Microsoft.DocumentDB/databaseAccounts/cli000002/cassandraKeyspaces/cli000003","type":"Microsoft.DocumentDB/databaseAccounts/cassandraKeyspaces","name":"cli000003","properties":{"resource":{"id":"cli000003","_rid":"VoNNAA==","_etag":"\"00003c1c-0000-0700-0000-640ef8de0000\"","_ts":1678702814}}}'
    headers:
      cache-control:
      - no-store, no-cache
      content-length:
      - '442'
      content-type:
      - application/json
      date:
      - Mon, 13 Mar 2023 10:20:37 GMT
      pragma:
      - no-cache
      server:
      - Microsoft-HTTPAPI/2.0
      strict-transport-security:
      - max-age=31536000; includeSubDomains
      transfer-encoding:
      - chunked
      vary:
      - Accept-Encoding
      x-content-type-options:
      - nosniff
      x-ms-gatewayversion:
      - version=2.14.0
    status:
      code: 200
      message: Ok
- request:
    body: null
    headers:
      Accept:
      - application/json
      Accept-Encoding:
      - gzip, deflate
      CommandName:
      - cosmosdb cassandra keyspace throughput show
      Connection:
      - keep-alive
      ParameterSetName:
      - -g -a -n
      User-Agent:
      - AZURECLI/2.46.0 azsdk-python-mgmt-cosmosdb/9.0.0 Python/3.10.10 (Linux-5.15.0-1033-azure-x86_64-with-glibc2.31)
        VSTS_7b238909-6802-4b65-b90d-184bca47f458_build_220_0
    method: GET
    uri: https://management.azure.com/subscriptions/00000000-0000-0000-0000-000000000000/resourceGroups/cli_test_cosmosdb_cassandra_resource_throughput_autoscale000001/providers/Microsoft.DocumentDB/databaseAccounts/cli000002/cassandraKeyspaces/cli000003/throughputSettings/default?api-version=2022-11-15
  response:
    body:
      string: '{"id":"/subscriptions/00000000-0000-0000-0000-000000000000/resourceGroups/cli_test_cosmosdb_cassandra_resource_throughput_autoscale000001/providers/Microsoft.DocumentDB/databaseAccounts/cli000002/cassandraKeyspaces/cli000003/throughputSettings/default","type":"Microsoft.DocumentDB/databaseAccounts/cassandraKeyspaces/throughputSettings","name":"ibXg","properties":{"resource":{"throughput":800,"minimumThroughput":"400"}}}'
    headers:
      cache-control:
      - no-store, no-cache
      content-length:
      - '423'
      content-type:
      - application/json
      date:
      - Mon, 13 Mar 2023 10:20:38 GMT
      pragma:
      - no-cache
      server:
      - Microsoft-HTTPAPI/2.0
      strict-transport-security:
      - max-age=31536000; includeSubDomains
      transfer-encoding:
      - chunked
      vary:
      - Accept-Encoding
      x-content-type-options:
      - nosniff
      x-ms-gatewayversion:
      - version=2.14.0
    status:
      code: 200
      message: Ok
- request:
    body: null
    headers:
      Accept:
      - application/json
      Accept-Encoding:
      - gzip, deflate
      CommandName:
      - cosmosdb cassandra keyspace throughput migrate
      Connection:
      - keep-alive
      Content-Length:
      - '0'
      ParameterSetName:
      - --throughput-type -g -a -n
      User-Agent:
      - AZURECLI/2.46.0 azsdk-python-mgmt-cosmosdb/9.0.0 Python/3.10.10 (Linux-5.15.0-1033-azure-x86_64-with-glibc2.31)
        VSTS_7b238909-6802-4b65-b90d-184bca47f458_build_220_0
    method: POST
    uri: https://management.azure.com/subscriptions/00000000-0000-0000-0000-000000000000/resourceGroups/cli_test_cosmosdb_cassandra_resource_throughput_autoscale000001/providers/Microsoft.DocumentDB/databaseAccounts/cli000002/cassandraKeyspaces/cli000003/throughputSettings/default/migrateToAutoscale?api-version=2022-11-15
  response:
    body:
      string: '{"status":"Enqueued"}'
    headers:
      azure-asyncoperation:
      - https://management.azure.com/subscriptions/00000000-0000-0000-0000-000000000000/providers/Microsoft.DocumentDB/locations/westus/operationsStatus/24504d13-7767-405a-907c-ff373b09d958?api-version=2022-11-15
      cache-control:
      - no-store, no-cache
      content-length:
      - '21'
      content-type:
      - application/json
      date:
      - Mon, 13 Mar 2023 10:20:39 GMT
      location:
      - https://management.azure.com/subscriptions/00000000-0000-0000-0000-000000000000/resourceGroups/cli_test_cosmosdb_cassandra_resource_throughput_autoscale000001/providers/Microsoft.DocumentDB/databaseAccounts/cli000002/cassandraKeyspaces/cli000003/throughputSettings/default/migrateToAutoscale/operationResults/24504d13-7767-405a-907c-ff373b09d958?api-version=2022-11-15
      pragma:
      - no-cache
      server:
      - Microsoft-HTTPAPI/2.0
      strict-transport-security:
      - max-age=31536000; includeSubDomains
      x-content-type-options:
      - nosniff
      x-ms-gatewayversion:
      - version=2.14.0
      x-ms-ratelimit-remaining-subscription-writes:
      - '1199'
    status:
      code: 202
      message: Accepted
- request:
    body: null
    headers:
      Accept:
      - '*/*'
      Accept-Encoding:
      - gzip, deflate
      CommandName:
      - cosmosdb cassandra keyspace throughput migrate
      Connection:
      - keep-alive
      ParameterSetName:
      - --throughput-type -g -a -n
      User-Agent:
      - AZURECLI/2.46.0 azsdk-python-mgmt-cosmosdb/9.0.0 Python/3.10.10 (Linux-5.15.0-1033-azure-x86_64-with-glibc2.31)
        VSTS_7b238909-6802-4b65-b90d-184bca47f458_build_220_0
    method: GET
    uri: https://management.azure.com/subscriptions/00000000-0000-0000-0000-000000000000/providers/Microsoft.DocumentDB/locations/westus/operationsStatus/24504d13-7767-405a-907c-ff373b09d958?api-version=2022-11-15
  response:
    body:
      string: '{"status":"Succeeded"}'
    headers:
      cache-control:
      - no-store, no-cache
      content-length:
      - '22'
      content-type:
      - application/json
      date:
      - Mon, 13 Mar 2023 10:21:09 GMT
      pragma:
      - no-cache
      server:
      - Microsoft-HTTPAPI/2.0
      strict-transport-security:
      - max-age=31536000; includeSubDomains
      transfer-encoding:
      - chunked
      vary:
      - Accept-Encoding
      x-content-type-options:
      - nosniff
      x-ms-gatewayversion:
      - version=2.14.0
    status:
      code: 200
      message: Ok
- request:
    body: null
    headers:
      Accept:
      - '*/*'
      Accept-Encoding:
      - gzip, deflate
      CommandName:
      - cosmosdb cassandra keyspace throughput migrate
      Connection:
      - keep-alive
      ParameterSetName:
      - --throughput-type -g -a -n
      User-Agent:
      - AZURECLI/2.46.0 azsdk-python-mgmt-cosmosdb/9.0.0 Python/3.10.10 (Linux-5.15.0-1033-azure-x86_64-with-glibc2.31)
        VSTS_7b238909-6802-4b65-b90d-184bca47f458_build_220_0
    method: GET
    uri: https://management.azure.com/subscriptions/00000000-0000-0000-0000-000000000000/resourceGroups/cli_test_cosmosdb_cassandra_resource_throughput_autoscale000001/providers/Microsoft.DocumentDB/databaseAccounts/cli000002/cassandraKeyspaces/cli000003/throughputSettings/default/migrateToAutoscale/operationResults/24504d13-7767-405a-907c-ff373b09d958?api-version=2022-11-15
  response:
    body:
      string: '{"id":"/subscriptions/00000000-0000-0000-0000-000000000000/resourceGroups/cli_test_cosmosdb_cassandra_resource_throughput_autoscale000001/providers/Microsoft.DocumentDB/databaseAccounts/cli000002/cassandraKeyspaces/cli000003/throughputSettings/default/migrateToAutoscale","type":"Microsoft.DocumentDB/databaseAccounts/cassandraKeyspaces/throughputSettings/migrateToAutoscale","name":"ibXg","properties":{"resource":{"throughput":100,"autoscaleSettings":{"maxThroughput":1000},"minimumThroughput":"1000"}}}'
    headers:
      cache-control:
      - no-store, no-cache
      content-length:
      - '505'
      content-type:
      - application/json
      date:
      - Mon, 13 Mar 2023 10:21:09 GMT
      pragma:
      - no-cache
      server:
      - Microsoft-HTTPAPI/2.0
      strict-transport-security:
      - max-age=31536000; includeSubDomains
      transfer-encoding:
      - chunked
      vary:
      - Accept-Encoding
      x-content-type-options:
      - nosniff
      x-ms-gatewayversion:
      - version=2.14.0
    status:
      code: 200
      message: Ok
- request:
    body: null
    headers:
      Accept:
      - application/json
      Accept-Encoding:
      - gzip, deflate
      CommandName:
      - cosmosdb cassandra keyspace throughput show
      Connection:
      - keep-alive
      ParameterSetName:
      - -g -a -n
      User-Agent:
      - AZURECLI/2.46.0 azsdk-python-mgmt-cosmosdb/9.0.0 Python/3.10.10 (Linux-5.15.0-1033-azure-x86_64-with-glibc2.31)
        VSTS_7b238909-6802-4b65-b90d-184bca47f458_build_220_0
    method: GET
    uri: https://management.azure.com/subscriptions/00000000-0000-0000-0000-000000000000/resourceGroups/cli_test_cosmosdb_cassandra_resource_throughput_autoscale000001/providers/Microsoft.DocumentDB/databaseAccounts/cli000002/cassandraKeyspaces/cli000003/throughputSettings/default?api-version=2022-11-15
  response:
    body:
      string: '{"id":"/subscriptions/00000000-0000-0000-0000-000000000000/resourceGroups/cli_test_cosmosdb_cassandra_resource_throughput_autoscale000001/providers/Microsoft.DocumentDB/databaseAccounts/cli000002/cassandraKeyspaces/cli000003/throughputSettings/default","type":"Microsoft.DocumentDB/databaseAccounts/cassandraKeyspaces/throughputSettings","name":"ibXg","properties":{"resource":{"throughput":100,"autoscaleSettings":{"maxThroughput":1000},"minimumThroughput":"1000"}}}'
    headers:
      cache-control:
      - no-store, no-cache
      content-length:
      - '467'
      content-type:
      - application/json
      date:
      - Mon, 13 Mar 2023 10:21:10 GMT
      pragma:
      - no-cache
      server:
      - Microsoft-HTTPAPI/2.0
      strict-transport-security:
      - max-age=31536000; includeSubDomains
      transfer-encoding:
      - chunked
      vary:
      - Accept-Encoding
      x-content-type-options:
      - nosniff
      x-ms-gatewayversion:
      - version=2.14.0
    status:
      code: 200
      message: Ok
- request:
    body: '{"properties": {"resource": {"autoscaleSettings": {"maxThroughput": 8000}}}}'
    headers:
      Accept:
      - application/json
      Accept-Encoding:
      - gzip, deflate
      CommandName:
      - cosmosdb cassandra keyspace throughput update
      Connection:
      - keep-alive
      Content-Length:
      - '76'
      Content-Type:
      - application/json
      ParameterSetName:
      - -g -a -n --max-throughput
      User-Agent:
      - AZURECLI/2.46.0 azsdk-python-mgmt-cosmosdb/9.0.0 Python/3.10.10 (Linux-5.15.0-1033-azure-x86_64-with-glibc2.31)
        VSTS_7b238909-6802-4b65-b90d-184bca47f458_build_220_0
    method: PUT
    uri: https://management.azure.com/subscriptions/00000000-0000-0000-0000-000000000000/resourceGroups/cli_test_cosmosdb_cassandra_resource_throughput_autoscale000001/providers/Microsoft.DocumentDB/databaseAccounts/cli000002/cassandraKeyspaces/cli000003/throughputSettings/default?api-version=2022-11-15
  response:
    body:
      string: '{"status":"Enqueued"}'
    headers:
      azure-asyncoperation:
      - https://management.azure.com/subscriptions/00000000-0000-0000-0000-000000000000/providers/Microsoft.DocumentDB/locations/westus/operationsStatus/dde65eb1-d235-42db-be21-2d05af8ed0d7?api-version=2022-11-15
      cache-control:
      - no-store, no-cache
      content-length:
      - '21'
      content-type:
      - application/json
      date:
      - Mon, 13 Mar 2023 10:21:11 GMT
      location:
      - https://management.azure.com/subscriptions/00000000-0000-0000-0000-000000000000/resourceGroups/cli_test_cosmosdb_cassandra_resource_throughput_autoscale000001/providers/Microsoft.DocumentDB/databaseAccounts/cli000002/cassandraKeyspaces/cli000003/throughputSettings/default/operationResults/dde65eb1-d235-42db-be21-2d05af8ed0d7?api-version=2022-11-15
      pragma:
      - no-cache
      server:
      - Microsoft-HTTPAPI/2.0
      strict-transport-security:
      - max-age=31536000; includeSubDomains
      x-content-type-options:
      - nosniff
      x-ms-gatewayversion:
      - version=2.14.0
      x-ms-ratelimit-remaining-subscription-writes:
      - '1197'
    status:
      code: 202
      message: Accepted
- request:
    body: null
    headers:
      Accept:
      - '*/*'
      Accept-Encoding:
      - gzip, deflate
      CommandName:
      - cosmosdb cassandra keyspace throughput update
      Connection:
      - keep-alive
      ParameterSetName:
      - -g -a -n --max-throughput
      User-Agent:
      - AZURECLI/2.46.0 azsdk-python-mgmt-cosmosdb/9.0.0 Python/3.10.10 (Linux-5.15.0-1033-azure-x86_64-with-glibc2.31)
        VSTS_7b238909-6802-4b65-b90d-184bca47f458_build_220_0
    method: GET
    uri: https://management.azure.com/subscriptions/00000000-0000-0000-0000-000000000000/providers/Microsoft.DocumentDB/locations/westus/operationsStatus/dde65eb1-d235-42db-be21-2d05af8ed0d7?api-version=2022-11-15
  response:
    body:
      string: '{"status":"Succeeded"}'
    headers:
      cache-control:
      - no-store, no-cache
      content-length:
      - '22'
      content-type:
      - application/json
      date:
      - Mon, 13 Mar 2023 10:21:41 GMT
      pragma:
      - no-cache
      server:
      - Microsoft-HTTPAPI/2.0
      strict-transport-security:
      - max-age=31536000; includeSubDomains
      transfer-encoding:
      - chunked
      vary:
      - Accept-Encoding
      x-content-type-options:
      - nosniff
      x-ms-gatewayversion:
      - version=2.14.0
    status:
      code: 200
      message: Ok
- request:
    body: null
    headers:
      Accept:
      - '*/*'
      Accept-Encoding:
      - gzip, deflate
      CommandName:
      - cosmosdb cassandra keyspace throughput update
      Connection:
      - keep-alive
      ParameterSetName:
      - -g -a -n --max-throughput
      User-Agent:
      - AZURECLI/2.46.0 azsdk-python-mgmt-cosmosdb/9.0.0 Python/3.10.10 (Linux-5.15.0-1033-azure-x86_64-with-glibc2.31)
        VSTS_7b238909-6802-4b65-b90d-184bca47f458_build_220_0
    method: GET
    uri: https://management.azure.com/subscriptions/00000000-0000-0000-0000-000000000000/resourceGroups/cli_test_cosmosdb_cassandra_resource_throughput_autoscale000001/providers/Microsoft.DocumentDB/databaseAccounts/cli000002/cassandraKeyspaces/cli000003/throughputSettings/default?api-version=2022-11-15
  response:
    body:
      string: '{"id":"/subscriptions/00000000-0000-0000-0000-000000000000/resourceGroups/cli_test_cosmosdb_cassandra_resource_throughput_autoscale000001/providers/Microsoft.DocumentDB/databaseAccounts/cli000002/cassandraKeyspaces/cli000003/throughputSettings/default","type":"Microsoft.DocumentDB/databaseAccounts/cassandraKeyspaces/throughputSettings","name":"ibXg","properties":{"resource":{"throughput":100,"autoscaleSettings":{"maxThroughput":8000},"minimumThroughput":"1000"}}}'
    headers:
      cache-control:
      - no-store, no-cache
      content-length:
      - '467'
      content-type:
      - application/json
      date:
      - Mon, 13 Mar 2023 10:21:41 GMT
      pragma:
      - no-cache
      server:
      - Microsoft-HTTPAPI/2.0
      strict-transport-security:
      - max-age=31536000; includeSubDomains
      transfer-encoding:
      - chunked
      vary:
      - Accept-Encoding
      x-content-type-options:
      - nosniff
      x-ms-gatewayversion:
      - version=2.14.0
    status:
      code: 200
      message: Ok
- request:
    body: null
    headers:
      Accept:
      - application/json
      Accept-Encoding:
      - gzip, deflate
      CommandName:
      - cosmosdb cassandra keyspace throughput migrate
      Connection:
      - keep-alive
      Content-Length:
      - '0'
      ParameterSetName:
      - --throughput-type -g -a -n
      User-Agent:
      - AZURECLI/2.46.0 azsdk-python-mgmt-cosmosdb/9.0.0 Python/3.10.10 (Linux-5.15.0-1033-azure-x86_64-with-glibc2.31)
        VSTS_7b238909-6802-4b65-b90d-184bca47f458_build_220_0
    method: POST
    uri: https://management.azure.com/subscriptions/00000000-0000-0000-0000-000000000000/resourceGroups/cli_test_cosmosdb_cassandra_resource_throughput_autoscale000001/providers/Microsoft.DocumentDB/databaseAccounts/cli000002/cassandraKeyspaces/cli000003/throughputSettings/default/migrateToManualThroughput?api-version=2022-11-15
  response:
    body:
      string: '{"status":"Enqueued"}'
    headers:
      azure-asyncoperation:
      - https://management.azure.com/subscriptions/00000000-0000-0000-0000-000000000000/providers/Microsoft.DocumentDB/locations/westus/operationsStatus/9030f543-9cd1-44a5-9042-70eb695d1053?api-version=2022-11-15
      cache-control:
      - no-store, no-cache
      content-length:
      - '21'
      content-type:
      - application/json
      date:
      - Mon, 13 Mar 2023 10:21:42 GMT
      location:
      - https://management.azure.com/subscriptions/00000000-0000-0000-0000-000000000000/resourceGroups/cli_test_cosmosdb_cassandra_resource_throughput_autoscale000001/providers/Microsoft.DocumentDB/databaseAccounts/cli000002/cassandraKeyspaces/cli000003/throughputSettings/default/migrateToManualThroughput/operationResults/9030f543-9cd1-44a5-9042-70eb695d1053?api-version=2022-11-15
      pragma:
      - no-cache
      server:
      - Microsoft-HTTPAPI/2.0
      strict-transport-security:
      - max-age=31536000; includeSubDomains
      x-content-type-options:
      - nosniff
      x-ms-gatewayversion:
      - version=2.14.0
      x-ms-ratelimit-remaining-subscription-writes:
      - '1199'
    status:
      code: 202
      message: Accepted
- request:
    body: null
    headers:
      Accept:
      - '*/*'
      Accept-Encoding:
      - gzip, deflate
      CommandName:
      - cosmosdb cassandra keyspace throughput migrate
      Connection:
      - keep-alive
      ParameterSetName:
      - --throughput-type -g -a -n
      User-Agent:
      - AZURECLI/2.46.0 azsdk-python-mgmt-cosmosdb/9.0.0 Python/3.10.10 (Linux-5.15.0-1033-azure-x86_64-with-glibc2.31)
        VSTS_7b238909-6802-4b65-b90d-184bca47f458_build_220_0
    method: GET
    uri: https://management.azure.com/subscriptions/00000000-0000-0000-0000-000000000000/providers/Microsoft.DocumentDB/locations/westus/operationsStatus/9030f543-9cd1-44a5-9042-70eb695d1053?api-version=2022-11-15
  response:
    body:
      string: '{"status":"Succeeded"}'
    headers:
      cache-control:
      - no-store, no-cache
      content-length:
      - '22'
      content-type:
      - application/json
      date:
      - Mon, 13 Mar 2023 10:22:13 GMT
      pragma:
      - no-cache
      server:
      - Microsoft-HTTPAPI/2.0
      strict-transport-security:
      - max-age=31536000; includeSubDomains
      transfer-encoding:
      - chunked
      vary:
      - Accept-Encoding
      x-content-type-options:
      - nosniff
      x-ms-gatewayversion:
      - version=2.14.0
    status:
      code: 200
      message: Ok
- request:
    body: null
    headers:
      Accept:
      - '*/*'
      Accept-Encoding:
      - gzip, deflate
      CommandName:
      - cosmosdb cassandra keyspace throughput migrate
      Connection:
      - keep-alive
      ParameterSetName:
      - --throughput-type -g -a -n
      User-Agent:
      - AZURECLI/2.46.0 azsdk-python-mgmt-cosmosdb/9.0.0 Python/3.10.10 (Linux-5.15.0-1033-azure-x86_64-with-glibc2.31)
        VSTS_7b238909-6802-4b65-b90d-184bca47f458_build_220_0
    method: GET
    uri: https://management.azure.com/subscriptions/00000000-0000-0000-0000-000000000000/resourceGroups/cli_test_cosmosdb_cassandra_resource_throughput_autoscale000001/providers/Microsoft.DocumentDB/databaseAccounts/cli000002/cassandraKeyspaces/cli000003/throughputSettings/default/migrateToManualThroughput/operationResults/9030f543-9cd1-44a5-9042-70eb695d1053?api-version=2022-11-15
  response:
    body:
      string: '{"id":"/subscriptions/00000000-0000-0000-0000-000000000000/resourceGroups/cli_test_cosmosdb_cassandra_resource_throughput_autoscale000001/providers/Microsoft.DocumentDB/databaseAccounts/cli000002/cassandraKeyspaces/cli000003/throughputSettings/default/migrateToManualThroughput","type":"Microsoft.DocumentDB/databaseAccounts/cassandraKeyspaces/throughputSettings/migrateToManualThroughput","name":"ibXg","properties":{"resource":{"throughput":8000,"minimumThroughput":"400"}}}'
    headers:
      cache-control:
      - no-store, no-cache
      content-length:
      - '476'
      content-type:
      - application/json
      date:
      - Mon, 13 Mar 2023 10:22:13 GMT
      pragma:
      - no-cache
      server:
      - Microsoft-HTTPAPI/2.0
      strict-transport-security:
      - max-age=31536000; includeSubDomains
      transfer-encoding:
      - chunked
      vary:
      - Accept-Encoding
      x-content-type-options:
      - nosniff
      x-ms-gatewayversion:
      - version=2.14.0
    status:
      code: 200
      message: Ok
- request:
    body: '{"properties": {"resource": {"id": "cli000004", "schema": {"columns": [{"name":
      "columnA", "type": "Ascii"}], "partitionKeys": [{"name": "columnA"}]}}, "options":
      {"throughput": 400}}}'
    headers:
      Accept:
      - application/json
      Accept-Encoding:
      - gzip, deflate
      CommandName:
      - cosmosdb cassandra table create
      Connection:
      - keep-alive
      Content-Length:
      - '184'
      Content-Type:
      - application/json
      ParameterSetName:
      - -g -a --keyspace-name -n --throughput --schema
      User-Agent:
      - AZURECLI/2.46.0 azsdk-python-mgmt-cosmosdb/9.0.0 Python/3.10.10 (Linux-5.15.0-1033-azure-x86_64-with-glibc2.31)
        VSTS_7b238909-6802-4b65-b90d-184bca47f458_build_220_0
    method: PUT
    uri: https://management.azure.com/subscriptions/00000000-0000-0000-0000-000000000000/resourceGroups/cli_test_cosmosdb_cassandra_resource_throughput_autoscale000001/providers/Microsoft.DocumentDB/databaseAccounts/cli000002/cassandraKeyspaces/cli000003/tables/cli000004?api-version=2022-11-15
  response:
    body:
      string: '{"status":"Enqueued"}'
    headers:
      azure-asyncoperation:
      - https://management.azure.com/subscriptions/00000000-0000-0000-0000-000000000000/providers/Microsoft.DocumentDB/locations/westus/operationsStatus/327dd956-b041-48b2-83fe-02799e21d91b?api-version=2022-11-15
      cache-control:
      - no-store, no-cache
      content-length:
      - '21'
      content-type:
      - application/json
      date:
      - Mon, 13 Mar 2023 10:22:13 GMT
      location:
      - https://management.azure.com/subscriptions/00000000-0000-0000-0000-000000000000/resourceGroups/cli_test_cosmosdb_cassandra_resource_throughput_autoscale000001/providers/Microsoft.DocumentDB/databaseAccounts/cli000002/cassandraKeyspaces/cli000003/tables/cli000004/operationResults/327dd956-b041-48b2-83fe-02799e21d91b?api-version=2022-11-15
      pragma:
      - no-cache
      server:
      - Microsoft-HTTPAPI/2.0
      strict-transport-security:
      - max-age=31536000; includeSubDomains
      x-content-type-options:
      - nosniff
      x-ms-gatewayversion:
      - version=2.14.0
      x-ms-ratelimit-remaining-subscription-writes:
      - '1195'
    status:
      code: 202
      message: Accepted
- request:
    body: null
    headers:
      Accept:
      - '*/*'
      Accept-Encoding:
      - gzip, deflate
      CommandName:
      - cosmosdb cassandra table create
      Connection:
      - keep-alive
      ParameterSetName:
      - -g -a --keyspace-name -n --throughput --schema
      User-Agent:
      - AZURECLI/2.46.0 azsdk-python-mgmt-cosmosdb/9.0.0 Python/3.10.10 (Linux-5.15.0-1033-azure-x86_64-with-glibc2.31)
        VSTS_7b238909-6802-4b65-b90d-184bca47f458_build_220_0
    method: GET
    uri: https://management.azure.com/subscriptions/00000000-0000-0000-0000-000000000000/providers/Microsoft.DocumentDB/locations/westus/operationsStatus/327dd956-b041-48b2-83fe-02799e21d91b?api-version=2022-11-15
  response:
    body:
      string: '{"status":"Succeeded"}'
    headers:
      cache-control:
      - no-store, no-cache
      content-length:
      - '22'
      content-type:
      - application/json
      date:
      - Mon, 13 Mar 2023 10:22:44 GMT
      pragma:
      - no-cache
      server:
      - Microsoft-HTTPAPI/2.0
      strict-transport-security:
      - max-age=31536000; includeSubDomains
      transfer-encoding:
      - chunked
      vary:
      - Accept-Encoding
      x-content-type-options:
      - nosniff
      x-ms-gatewayversion:
      - version=2.14.0
    status:
      code: 200
      message: Ok
- request:
    body: null
    headers:
      Accept:
      - '*/*'
      Accept-Encoding:
      - gzip, deflate
      CommandName:
      - cosmosdb cassandra table create
      Connection:
      - keep-alive
      ParameterSetName:
      - -g -a --keyspace-name -n --throughput --schema
      User-Agent:
      - AZURECLI/2.46.0 azsdk-python-mgmt-cosmosdb/9.0.0 Python/3.10.10 (Linux-5.15.0-1033-azure-x86_64-with-glibc2.31)
        VSTS_7b238909-6802-4b65-b90d-184bca47f458_build_220_0
    method: GET
    uri: https://management.azure.com/subscriptions/00000000-0000-0000-0000-000000000000/resourceGroups/cli_test_cosmosdb_cassandra_resource_throughput_autoscale000001/providers/Microsoft.DocumentDB/databaseAccounts/cli000002/cassandraKeyspaces/cli000003/tables/cli000004?api-version=2022-11-15
  response:
    body:
      string: '{"id":"/subscriptions/00000000-0000-0000-0000-000000000000/resourceGroups/cli_test_cosmosdb_cassandra_resource_throughput_autoscale000001/providers/Microsoft.DocumentDB/databaseAccounts/cli000002/cassandraKeyspaces/cli000003/tables/cli000004","type":"Microsoft.DocumentDB/databaseAccounts/cassandraKeyspaces/tables","name":"cli000004","properties":{"resource":{"id":"cli000004","_rid":"VoNNAL1cs+c=","_etag":"\"0000441c-0000-0700-0000-640ef95d0000\"","_ts":1678702941,"defaultTtl":0,"schema":{"columns":[{"name":"columnA","type":"ascii"}],"partitionKeys":[{"name":"columnA"}]}}}}'
    headers:
      cache-control:
      - no-store, no-cache
      content-length:
      - '579'
      content-type:
      - application/json
      date:
      - Mon, 13 Mar 2023 10:22:44 GMT
      pragma:
      - no-cache
      server:
      - Microsoft-HTTPAPI/2.0
      strict-transport-security:
      - max-age=31536000; includeSubDomains
      transfer-encoding:
      - chunked
      vary:
      - Accept-Encoding
      x-content-type-options:
      - nosniff
      x-ms-gatewayversion:
      - version=2.14.0
    status:
      code: 200
      message: Ok
- request:
    body: null
    headers:
      Accept:
      - application/json
      Accept-Encoding:
      - gzip, deflate
      CommandName:
      - cosmosdb cassandra table throughput show
      Connection:
      - keep-alive
      ParameterSetName:
      - -g -a --keyspace-name -n
      User-Agent:
      - AZURECLI/2.46.0 azsdk-python-mgmt-cosmosdb/9.0.0 Python/3.10.10 (Linux-5.15.0-1033-azure-x86_64-with-glibc2.31)
        VSTS_7b238909-6802-4b65-b90d-184bca47f458_build_220_0
    method: GET
    uri: https://management.azure.com/subscriptions/00000000-0000-0000-0000-000000000000/resourceGroups/cli_test_cosmosdb_cassandra_resource_throughput_autoscale000001/providers/Microsoft.DocumentDB/databaseAccounts/cli000002/cassandraKeyspaces/cli000003/tables/cli000004/throughputSettings/default?api-version=2022-11-15
  response:
    body:
      string: '{"id":"/subscriptions/00000000-0000-0000-0000-000000000000/resourceGroups/cli_test_cosmosdb_cassandra_resource_throughput_autoscale000001/providers/Microsoft.DocumentDB/databaseAccounts/cli000002/cassandraKeyspaces/cli000003/tables/cli000004/throughputSettings/default","type":"Microsoft.DocumentDB/databaseAccounts/cassandraKeyspaces/tables/throughputSettings","name":"Ea7m","properties":{"resource":{"throughput":400,"minimumThroughput":"400"}}}'
    headers:
      cache-control:
      - no-store, no-cache
      content-length:
      - '447'
      content-type:
      - application/json
      date:
      - Mon, 13 Mar 2023 10:22:45 GMT
      pragma:
      - no-cache
      server:
      - Microsoft-HTTPAPI/2.0
      strict-transport-security:
      - max-age=31536000; includeSubDomains
      transfer-encoding:
      - chunked
      vary:
      - Accept-Encoding
      x-content-type-options:
      - nosniff
      x-ms-gatewayversion:
      - version=2.14.0
    status:
      code: 200
      message: Ok
- request:
    body: null
    headers:
      Accept:
      - application/json
      Accept-Encoding:
      - gzip, deflate
      CommandName:
      - cosmosdb cassandra table throughput migrate
      Connection:
      - keep-alive
      Content-Length:
      - '0'
      ParameterSetName:
      - --throughput-type -g -a --keyspace-name -n
      User-Agent:
      - AZURECLI/2.46.0 azsdk-python-mgmt-cosmosdb/9.0.0 Python/3.10.10 (Linux-5.15.0-1033-azure-x86_64-with-glibc2.31)
        VSTS_7b238909-6802-4b65-b90d-184bca47f458_build_220_0
    method: POST
    uri: https://management.azure.com/subscriptions/00000000-0000-0000-0000-000000000000/resourceGroups/cli_test_cosmosdb_cassandra_resource_throughput_autoscale000001/providers/Microsoft.DocumentDB/databaseAccounts/cli000002/cassandraKeyspaces/cli000003/tables/cli000004/throughputSettings/default/migrateToAutoscale?api-version=2022-11-15
  response:
    body:
      string: '{"status":"Enqueued"}'
    headers:
      azure-asyncoperation:
      - https://management.azure.com/subscriptions/00000000-0000-0000-0000-000000000000/providers/Microsoft.DocumentDB/locations/westus/operationsStatus/33bdc96c-bb47-420e-b8a8-0095f17c50db?api-version=2022-11-15
      cache-control:
      - no-store, no-cache
      content-length:
      - '21'
      content-type:
      - application/json
      date:
      - Mon, 13 Mar 2023 10:22:46 GMT
      location:
      - https://management.azure.com/subscriptions/00000000-0000-0000-0000-000000000000/resourceGroups/cli_test_cosmosdb_cassandra_resource_throughput_autoscale000001/providers/Microsoft.DocumentDB/databaseAccounts/cli000002/cassandraKeyspaces/cli000003/tables/cli000004/throughputSettings/default/migrateToAutoscale/operationResults/33bdc96c-bb47-420e-b8a8-0095f17c50db?api-version=2022-11-15
      pragma:
      - no-cache
      server:
      - Microsoft-HTTPAPI/2.0
      strict-transport-security:
      - max-age=31536000; includeSubDomains
      x-content-type-options:
      - nosniff
      x-ms-gatewayversion:
      - version=2.14.0
      x-ms-ratelimit-remaining-subscription-writes:
      - '1199'
    status:
      code: 202
      message: Accepted
- request:
    body: null
    headers:
      Accept:
      - '*/*'
      Accept-Encoding:
      - gzip, deflate
      CommandName:
      - cosmosdb cassandra table throughput migrate
      Connection:
      - keep-alive
      ParameterSetName:
      - --throughput-type -g -a --keyspace-name -n
      User-Agent:
      - AZURECLI/2.46.0 azsdk-python-mgmt-cosmosdb/9.0.0 Python/3.10.10 (Linux-5.15.0-1033-azure-x86_64-with-glibc2.31)
        VSTS_7b238909-6802-4b65-b90d-184bca47f458_build_220_0
    method: GET
    uri: https://management.azure.com/subscriptions/00000000-0000-0000-0000-000000000000/providers/Microsoft.DocumentDB/locations/westus/operationsStatus/33bdc96c-bb47-420e-b8a8-0095f17c50db?api-version=2022-11-15
  response:
    body:
      string: '{"status":"Succeeded"}'
    headers:
      cache-control:
      - no-store, no-cache
      content-length:
      - '22'
      content-type:
      - application/json
      date:
      - Mon, 13 Mar 2023 10:23:16 GMT
      pragma:
      - no-cache
      server:
      - Microsoft-HTTPAPI/2.0
      strict-transport-security:
      - max-age=31536000; includeSubDomains
      transfer-encoding:
      - chunked
      vary:
      - Accept-Encoding
      x-content-type-options:
      - nosniff
      x-ms-gatewayversion:
      - version=2.14.0
    status:
      code: 200
      message: Ok
- request:
    body: null
    headers:
      Accept:
      - '*/*'
      Accept-Encoding:
      - gzip, deflate
      CommandName:
      - cosmosdb cassandra table throughput migrate
      Connection:
      - keep-alive
      ParameterSetName:
      - --throughput-type -g -a --keyspace-name -n
      User-Agent:
      - AZURECLI/2.46.0 azsdk-python-mgmt-cosmosdb/9.0.0 Python/3.10.10 (Linux-5.15.0-1033-azure-x86_64-with-glibc2.31)
        VSTS_7b238909-6802-4b65-b90d-184bca47f458_build_220_0
    method: GET
    uri: https://management.azure.com/subscriptions/00000000-0000-0000-0000-000000000000/resourceGroups/cli_test_cosmosdb_cassandra_resource_throughput_autoscale000001/providers/Microsoft.DocumentDB/databaseAccounts/cli000002/cassandraKeyspaces/cli000003/tables/cli000004/throughputSettings/default/migrateToAutoscale/operationResults/33bdc96c-bb47-420e-b8a8-0095f17c50db?api-version=2022-11-15
  response:
    body:
      string: '{"id":"/subscriptions/00000000-0000-0000-0000-000000000000/resourceGroups/cli_test_cosmosdb_cassandra_resource_throughput_autoscale000001/providers/Microsoft.DocumentDB/databaseAccounts/cli000002/cassandraKeyspaces/cli000003/tables/cli000004/throughputSettings/default/migrateToAutoscale","type":"Microsoft.DocumentDB/databaseAccounts/cassandraKeyspaces/tables/throughputSettings/migrateToAutoscale","name":"Ea7m","properties":{"resource":{"throughput":100,"autoscaleSettings":{"maxThroughput":1000},"minimumThroughput":"1000"}}}'
    headers:
      cache-control:
      - no-store, no-cache
      content-length:
      - '529'
      content-type:
      - application/json
      date:
      - Mon, 13 Mar 2023 10:23:16 GMT
      pragma:
      - no-cache
      server:
      - Microsoft-HTTPAPI/2.0
      strict-transport-security:
      - max-age=31536000; includeSubDomains
      transfer-encoding:
      - chunked
      vary:
      - Accept-Encoding
      x-content-type-options:
      - nosniff
      x-ms-gatewayversion:
      - version=2.14.0
    status:
      code: 200
      message: Ok
- request:
    body: '{"properties": {"resource": {"autoscaleSettings": {"maxThroughput": 5000}}}}'
    headers:
      Accept:
      - application/json
      Accept-Encoding:
      - gzip, deflate
      CommandName:
      - cosmosdb cassandra table throughput update
      Connection:
      - keep-alive
      Content-Length:
      - '76'
      Content-Type:
      - application/json
      ParameterSetName:
      - -g -a --keyspace-name -n --max-throughput
      User-Agent:
      - AZURECLI/2.46.0 azsdk-python-mgmt-cosmosdb/9.0.0 Python/3.10.10 (Linux-5.15.0-1033-azure-x86_64-with-glibc2.31)
        VSTS_7b238909-6802-4b65-b90d-184bca47f458_build_220_0
    method: PUT
    uri: https://management.azure.com/subscriptions/00000000-0000-0000-0000-000000000000/resourceGroups/cli_test_cosmosdb_cassandra_resource_throughput_autoscale000001/providers/Microsoft.DocumentDB/databaseAccounts/cli000002/cassandraKeyspaces/cli000003/tables/cli000004/throughputSettings/default?api-version=2022-11-15
  response:
    body:
      string: '{"status":"Enqueued"}'
    headers:
      azure-asyncoperation:
      - https://management.azure.com/subscriptions/00000000-0000-0000-0000-000000000000/providers/Microsoft.DocumentDB/locations/westus/operationsStatus/a99ad3c3-f7ad-43c0-a6ff-897463fa312a?api-version=2022-11-15
      cache-control:
      - no-store, no-cache
      content-length:
      - '21'
      content-type:
      - application/json
      date:
      - Mon, 13 Mar 2023 10:23:17 GMT
      location:
      - https://management.azure.com/subscriptions/00000000-0000-0000-0000-000000000000/resourceGroups/cli_test_cosmosdb_cassandra_resource_throughput_autoscale000001/providers/Microsoft.DocumentDB/databaseAccounts/cli000002/cassandraKeyspaces/cli000003/tables/cli000004/throughputSettings/default/operationResults/a99ad3c3-f7ad-43c0-a6ff-897463fa312a?api-version=2022-11-15
      pragma:
      - no-cache
      server:
      - Microsoft-HTTPAPI/2.0
      strict-transport-security:
      - max-age=31536000; includeSubDomains
      x-content-type-options:
      - nosniff
      x-ms-gatewayversion:
      - version=2.14.0
      x-ms-ratelimit-remaining-subscription-writes:
      - '1197'
    status:
      code: 202
      message: Accepted
- request:
    body: null
    headers:
      Accept:
      - '*/*'
      Accept-Encoding:
      - gzip, deflate
      CommandName:
      - cosmosdb cassandra table throughput update
      Connection:
      - keep-alive
      ParameterSetName:
      - -g -a --keyspace-name -n --max-throughput
      User-Agent:
      - AZURECLI/2.46.0 azsdk-python-mgmt-cosmosdb/9.0.0 Python/3.10.10 (Linux-5.15.0-1033-azure-x86_64-with-glibc2.31)
        VSTS_7b238909-6802-4b65-b90d-184bca47f458_build_220_0
    method: GET
    uri: https://management.azure.com/subscriptions/00000000-0000-0000-0000-000000000000/providers/Microsoft.DocumentDB/locations/westus/operationsStatus/a99ad3c3-f7ad-43c0-a6ff-897463fa312a?api-version=2022-11-15
  response:
    body:
      string: '{"status":"Succeeded"}'
    headers:
      cache-control:
      - no-store, no-cache
      content-length:
      - '22'
      content-type:
      - application/json
      date:
      - Mon, 13 Mar 2023 10:23:47 GMT
      pragma:
      - no-cache
      server:
      - Microsoft-HTTPAPI/2.0
      strict-transport-security:
      - max-age=31536000; includeSubDomains
      transfer-encoding:
      - chunked
      vary:
      - Accept-Encoding
      x-content-type-options:
      - nosniff
      x-ms-gatewayversion:
      - version=2.14.0
    status:
      code: 200
      message: Ok
- request:
    body: null
    headers:
      Accept:
      - '*/*'
      Accept-Encoding:
      - gzip, deflate
      CommandName:
      - cosmosdb cassandra table throughput update
      Connection:
      - keep-alive
      ParameterSetName:
      - -g -a --keyspace-name -n --max-throughput
      User-Agent:
      - AZURECLI/2.46.0 azsdk-python-mgmt-cosmosdb/9.0.0 Python/3.10.10 (Linux-5.15.0-1033-azure-x86_64-with-glibc2.31)
        VSTS_7b238909-6802-4b65-b90d-184bca47f458_build_220_0
    method: GET
    uri: https://management.azure.com/subscriptions/00000000-0000-0000-0000-000000000000/resourceGroups/cli_test_cosmosdb_cassandra_resource_throughput_autoscale000001/providers/Microsoft.DocumentDB/databaseAccounts/cli000002/cassandraKeyspaces/cli000003/tables/cli000004/throughputSettings/default?api-version=2022-11-15
  response:
    body:
      string: '{"id":"/subscriptions/00000000-0000-0000-0000-000000000000/resourceGroups/cli_test_cosmosdb_cassandra_resource_throughput_autoscale000001/providers/Microsoft.DocumentDB/databaseAccounts/cli000002/cassandraKeyspaces/cli000003/tables/cli000004/throughputSettings/default","type":"Microsoft.DocumentDB/databaseAccounts/cassandraKeyspaces/tables/throughputSettings","name":"Ea7m","properties":{"resource":{"throughput":100,"autoscaleSettings":{"maxThroughput":5000},"minimumThroughput":"1000"}}}'
    headers:
      cache-control:
      - no-store, no-cache
      content-length:
      - '491'
      content-type:
      - application/json
      date:
      - Mon, 13 Mar 2023 10:23:48 GMT
      pragma:
      - no-cache
      server:
      - Microsoft-HTTPAPI/2.0
      strict-transport-security:
      - max-age=31536000; includeSubDomains
      transfer-encoding:
      - chunked
      vary:
      - Accept-Encoding
      x-content-type-options:
      - nosniff
      x-ms-gatewayversion:
      - version=2.14.0
    status:
      code: 200
      message: Ok
- request:
    body: null
    headers:
      Accept:
      - application/json
      Accept-Encoding:
      - gzip, deflate
      CommandName:
      - cosmosdb cassandra table throughput migrate
      Connection:
      - keep-alive
      Content-Length:
      - '0'
      ParameterSetName:
      - --throughput-type -g -a --keyspace-name -n
      User-Agent:
      - AZURECLI/2.46.0 azsdk-python-mgmt-cosmosdb/9.0.0 Python/3.10.10 (Linux-5.15.0-1033-azure-x86_64-with-glibc2.31)
        VSTS_7b238909-6802-4b65-b90d-184bca47f458_build_220_0
    method: POST
    uri: https://management.azure.com/subscriptions/00000000-0000-0000-0000-000000000000/resourceGroups/cli_test_cosmosdb_cassandra_resource_throughput_autoscale000001/providers/Microsoft.DocumentDB/databaseAccounts/cli000002/cassandraKeyspaces/cli000003/tables/cli000004/throughputSettings/default/migrateToManualThroughput?api-version=2022-11-15
  response:
    body:
      string: '{"status":"Enqueued"}'
    headers:
      azure-asyncoperation:
      - https://management.azure.com/subscriptions/00000000-0000-0000-0000-000000000000/providers/Microsoft.DocumentDB/locations/westus/operationsStatus/d6d81f1a-1707-4e3f-92b2-bf245e1898b4?api-version=2022-11-15
      cache-control:
      - no-store, no-cache
      content-length:
      - '21'
      content-type:
      - application/json
      date:
      - Mon, 13 Mar 2023 10:23:50 GMT
      location:
      - https://management.azure.com/subscriptions/00000000-0000-0000-0000-000000000000/resourceGroups/cli_test_cosmosdb_cassandra_resource_throughput_autoscale000001/providers/Microsoft.DocumentDB/databaseAccounts/cli000002/cassandraKeyspaces/cli000003/tables/cli000004/throughputSettings/default/migrateToManualThroughput/operationResults/d6d81f1a-1707-4e3f-92b2-bf245e1898b4?api-version=2022-11-15
      pragma:
      - no-cache
      server:
      - Microsoft-HTTPAPI/2.0
      strict-transport-security:
      - max-age=31536000; includeSubDomains
      x-content-type-options:
      - nosniff
      x-ms-gatewayversion:
      - version=2.14.0
      x-ms-ratelimit-remaining-subscription-writes:
      - '1199'
    status:
      code: 202
      message: Accepted
- request:
    body: null
    headers:
      Accept:
      - '*/*'
      Accept-Encoding:
      - gzip, deflate
      CommandName:
      - cosmosdb cassandra table throughput migrate
      Connection:
      - keep-alive
      ParameterSetName:
      - --throughput-type -g -a --keyspace-name -n
      User-Agent:
      - AZURECLI/2.46.0 azsdk-python-mgmt-cosmosdb/9.0.0 Python/3.10.10 (Linux-5.15.0-1033-azure-x86_64-with-glibc2.31)
        VSTS_7b238909-6802-4b65-b90d-184bca47f458_build_220_0
    method: GET
    uri: https://management.azure.com/subscriptions/00000000-0000-0000-0000-000000000000/providers/Microsoft.DocumentDB/locations/westus/operationsStatus/d6d81f1a-1707-4e3f-92b2-bf245e1898b4?api-version=2022-11-15
  response:
    body:
      string: '{"status":"Succeeded"}'
    headers:
      cache-control:
      - no-store, no-cache
      content-length:
      - '22'
      content-type:
      - application/json
      date:
      - Mon, 13 Mar 2023 10:24:20 GMT
      pragma:
      - no-cache
      server:
      - Microsoft-HTTPAPI/2.0
      strict-transport-security:
      - max-age=31536000; includeSubDomains
      transfer-encoding:
      - chunked
      vary:
      - Accept-Encoding
      x-content-type-options:
      - nosniff
      x-ms-gatewayversion:
      - version=2.14.0
    status:
      code: 200
      message: Ok
- request:
    body: null
    headers:
      Accept:
      - '*/*'
      Accept-Encoding:
      - gzip, deflate
      CommandName:
      - cosmosdb cassandra table throughput migrate
      Connection:
      - keep-alive
      ParameterSetName:
      - --throughput-type -g -a --keyspace-name -n
      User-Agent:
      - AZURECLI/2.46.0 azsdk-python-mgmt-cosmosdb/9.0.0 Python/3.10.10 (Linux-5.15.0-1033-azure-x86_64-with-glibc2.31)
        VSTS_7b238909-6802-4b65-b90d-184bca47f458_build_220_0
    method: GET
    uri: https://management.azure.com/subscriptions/00000000-0000-0000-0000-000000000000/resourceGroups/cli_test_cosmosdb_cassandra_resource_throughput_autoscale000001/providers/Microsoft.DocumentDB/databaseAccounts/cli000002/cassandraKeyspaces/cli000003/tables/cli000004/throughputSettings/default/migrateToManualThroughput/operationResults/d6d81f1a-1707-4e3f-92b2-bf245e1898b4?api-version=2022-11-15
  response:
    body:
      string: '{"id":"/subscriptions/00000000-0000-0000-0000-000000000000/resourceGroups/cli_test_cosmosdb_cassandra_resource_throughput_autoscale000001/providers/Microsoft.DocumentDB/databaseAccounts/cli000002/cassandraKeyspaces/cli000003/tables/cli000004/throughputSettings/default/migrateToManualThroughput","type":"Microsoft.DocumentDB/databaseAccounts/cassandraKeyspaces/tables/throughputSettings/migrateToManualThroughput","name":"Ea7m","properties":{"resource":{"throughput":5000,"minimumThroughput":"400"}}}'
    headers:
      cache-control:
      - no-store, no-cache
      content-length:
      - '500'
      content-type:
      - application/json
      date:
      - Mon, 13 Mar 2023 10:24:20 GMT
      pragma:
      - no-cache
      server:
      - Microsoft-HTTPAPI/2.0
      strict-transport-security:
      - max-age=31536000; includeSubDomains
      transfer-encoding:
      - chunked
      vary:
      - Accept-Encoding
      x-content-type-options:
      - nosniff
      x-ms-gatewayversion:
      - version=2.14.0
    status:
      code: 200
      message: Ok
version: 1
