interactions:
- request:
    body: null
    headers:
      Accept:
      - application/json
      Accept-Encoding:
      - gzip, deflate
      CommandName:
      - cosmosdb create
      Connection:
      - keep-alive
      ParameterSetName:
      - -n -g --locations --locations
      User-Agent:
      - python/3.7.0 (Windows-10-10.0.18362-SP0) msrest/0.6.7 msrest_azure/0.6.2 azure-mgmt-resource/4.0.0
        Azure-SDK-For-Python AZURECLI/2.0.76
      accept-language:
      - en-US
    method: GET
    uri: https://management.azure.com/subscriptions/00000000-0000-0000-0000-000000000000/resourcegroups/cli_test_cosmosdb_account000001?api-version=2019-07-01
  response:
    body:
      string: '{"id":"/subscriptions/00000000-0000-0000-0000-000000000000/resourceGroups/cli_test_cosmosdb_account000001","name":"cli_test_cosmosdb_account000001","type":"Microsoft.Resources/resourceGroups","location":"westus","tags":{"product":"azurecli","cause":"automation","date":"2019-12-11T01:22:30Z"},"properties":{"provisioningState":"Succeeded"}}'
    headers:
      cache-control:
      - no-cache
      content-length:
      - '428'
      content-type:
      - application/json; charset=utf-8
      date:
      - Wed, 11 Dec 2019 01:22:31 GMT
      expires:
      - '-1'
      pragma:
      - no-cache
      strict-transport-security:
      - max-age=31536000; includeSubDomains
      vary:
      - Accept-Encoding
      x-content-type-options:
      - nosniff
    status:
      code: 200
      message: OK
- request:
    body: '{"location": "westus", "kind": "GlobalDocumentDB", "properties": {"locations":
      [{"locationName": "eastus", "failoverPriority": 0, "isZoneRedundant": false},
      {"locationName": "westus", "failoverPriority": 1, "isZoneRedundant": false}],
      "databaseAccountOfferType": "Standard"}}'
    headers:
      Accept:
      - application/json
      Accept-Encoding:
      - gzip, deflate
      CommandName:
      - cosmosdb create
      Connection:
      - keep-alive
      Content-Length:
      - '275'
      Content-Type:
      - application/json; charset=utf-8
      ParameterSetName:
      - -n -g --locations --locations
      User-Agent:
      - python/3.7.0 (Windows-10-10.0.18362-SP0) msrest/0.6.7 msrest_azure/0.6.2 azure-mgmt-cosmosdb/0.11.0
        Azure-SDK-For-Python AZURECLI/2.0.76
      accept-language:
      - en-US
    method: PUT
    uri: https://management.azure.com/subscriptions/00000000-0000-0000-0000-000000000000/resourceGroups/cli_test_cosmosdb_account000001/providers/Microsoft.DocumentDB/databaseAccounts/cli000002?api-version=2019-08-01
  response:
    body:
      string: '{"id":"/subscriptions/00000000-0000-0000-0000-000000000000/resourceGroups/cli_test_cosmosdb_account000001/providers/Microsoft.DocumentDB/databaseAccounts/cli000002","name":"cli000002","location":"West
        US","type":"Microsoft.DocumentDB/databaseAccounts","kind":"GlobalDocumentDB","tags":{},"properties":{"provisioningState":"Initializing","ipRangeFilter":"","enableAutomaticFailover":false,"enableMultipleWriteLocations":false,"enablePartitionKeyMonitor":false,"isVirtualNetworkFilterEnabled":false,"virtualNetworkRules":[],"EnabledApiTypes":"Sql","disableKeyBasedMetadataWriteAccess":false,"databaseAccountOfferType":"Standard","consistencyPolicy":{"defaultConsistencyLevel":"Session","maxIntervalInSeconds":5,"maxStalenessPrefix":100},"configurationOverrides":{},"writeLocations":[{"id":"cli000002-eastus","locationName":"East
        US","provisioningState":"Initializing","failoverPriority":0,"isZoneRedundant":false}],"readLocations":[{"id":"cli000002-eastus","locationName":"East
        US","provisioningState":"Initializing","failoverPriority":0,"isZoneRedundant":false}],"locations":[{"id":"cli000002-eastus","locationName":"East
        US","provisioningState":"Initializing","failoverPriority":0,"isZoneRedundant":false}],"failoverPolicies":[{"id":"cli000002-eastus","locationName":"East
        US","failoverPriority":0}],"cors":[],"capabilities":[]}}'
    headers:
      azure-asyncoperation:
      - https://management.azure.com/subscriptions/00000000-0000-0000-0000-000000000000/providers/Microsoft.DocumentDB/locations/westus/operationsStatus/bbacc508-efe2-45a3-ba5d-c065aa810c30?api-version=2019-08-01
      cache-control:
      - no-store, no-cache
      content-length:
      - '1559'
      content-location:
      - https://management.documents.azure.com:450/subscriptions/3901edbf-e5b3-4040-a565-13784a96c238/resourceGroups/cli_test_cosmosdb_accountgvtxvijkx7xgdinfkyjvzfylkdy7rwdxptojh434dpy3dy6iye/providers/Microsoft.DocumentDB/databaseAccounts/cli5ikwpa336trgw7jzqlmfw4f5rlwffw23gvehy?api-version=2019-08-01
      content-type:
      - application/json
      date:
      - Wed, 11 Dec 2019 01:22:33 GMT
      location:
      - https://management.azure.com/subscriptions/00000000-0000-0000-0000-000000000000/resourceGroups/cli_test_cosmosdb_account000001/providers/Microsoft.DocumentDB/databaseAccounts/cli000002/operationResults/bbacc508-efe2-45a3-ba5d-c065aa810c30?api-version=2019-08-01
      pragma:
      - no-cache
      server:
      - Microsoft-HTTPAPI/2.0
      strict-transport-security:
      - max-age=31536000; includeSubDomains
      transfer-encoding:
      - chunked
      vary:
      - Accept-Encoding
      x-content-type-options:
      - nosniff
      x-ms-gatewayversion:
      - version=2.7.0
      x-ms-ratelimit-remaining-subscription-writes:
      - '1198'
    status:
      code: 200
      message: Ok
- request:
    body: null
    headers:
      Accept:
      - application/json
      Accept-Encoding:
      - gzip, deflate
      CommandName:
      - cosmosdb create
      Connection:
      - keep-alive
      ParameterSetName:
      - -n -g --locations --locations
      User-Agent:
      - python/3.7.0 (Windows-10-10.0.18362-SP0) msrest/0.6.7 msrest_azure/0.6.2 azure-mgmt-cosmosdb/0.11.0
        Azure-SDK-For-Python AZURECLI/2.0.76
    method: GET
    uri: https://management.azure.com/subscriptions/00000000-0000-0000-0000-000000000000/providers/Microsoft.DocumentDB/locations/westus/operationsStatus/bbacc508-efe2-45a3-ba5d-c065aa810c30?api-version=2019-08-01
  response:
    body:
      string: '{"status":"Dequeued","error":{}}'
    headers:
      cache-control:
      - no-store, no-cache
      content-length:
      - '32'
      content-location:
      - https://management.documents.azure.com:450/subscriptions/3901edbf-e5b3-4040-a565-13784a96c238/providers/Microsoft.DocumentDB/locations/westus/operationsStatus/bbacc508-efe2-45a3-ba5d-c065aa810c30?api-version=2019-08-01
      content-type:
      - application/json
      date:
      - Wed, 11 Dec 2019 01:23:03 GMT
      pragma:
      - no-cache
      server:
      - Microsoft-HTTPAPI/2.0
      strict-transport-security:
      - max-age=31536000; includeSubDomains
      transfer-encoding:
      - chunked
      vary:
      - Accept-Encoding
      x-content-type-options:
      - nosniff
      x-ms-gatewayversion:
      - version=2.7.0
    status:
      code: 200
      message: Ok
- request:
    body: null
    headers:
      Accept:
      - application/json
      Accept-Encoding:
      - gzip, deflate
      CommandName:
      - cosmosdb create
      Connection:
      - keep-alive
      ParameterSetName:
      - -n -g --locations --locations
      User-Agent:
      - python/3.7.0 (Windows-10-10.0.18362-SP0) msrest/0.6.7 msrest_azure/0.6.2 azure-mgmt-cosmosdb/0.11.0
        Azure-SDK-For-Python AZURECLI/2.0.76
    method: GET
    uri: https://management.azure.com/subscriptions/00000000-0000-0000-0000-000000000000/providers/Microsoft.DocumentDB/locations/westus/operationsStatus/bbacc508-efe2-45a3-ba5d-c065aa810c30?api-version=2019-08-01
  response:
    body:
      string: '{"status":"Dequeued","error":{}}'
    headers:
      cache-control:
      - no-store, no-cache
      content-length:
      - '32'
      content-location:
      - https://management.documents.azure.com:450/subscriptions/3901edbf-e5b3-4040-a565-13784a96c238/providers/Microsoft.DocumentDB/locations/westus/operationsStatus/bbacc508-efe2-45a3-ba5d-c065aa810c30?api-version=2019-08-01
      content-type:
      - application/json
      date:
      - Wed, 11 Dec 2019 01:23:34 GMT
      pragma:
      - no-cache
      server:
      - Microsoft-HTTPAPI/2.0
      strict-transport-security:
      - max-age=31536000; includeSubDomains
      transfer-encoding:
      - chunked
      vary:
      - Accept-Encoding
      x-content-type-options:
      - nosniff
      x-ms-gatewayversion:
      - version=2.7.0
    status:
      code: 200
      message: Ok
- request:
    body: null
    headers:
      Accept:
      - application/json
      Accept-Encoding:
      - gzip, deflate
      CommandName:
      - cosmosdb create
      Connection:
      - keep-alive
      ParameterSetName:
      - -n -g --locations --locations
      User-Agent:
      - python/3.7.0 (Windows-10-10.0.18362-SP0) msrest/0.6.7 msrest_azure/0.6.2 azure-mgmt-cosmosdb/0.11.0
        Azure-SDK-For-Python AZURECLI/2.0.76
    method: GET
    uri: https://management.azure.com/subscriptions/00000000-0000-0000-0000-000000000000/providers/Microsoft.DocumentDB/locations/westus/operationsStatus/bbacc508-efe2-45a3-ba5d-c065aa810c30?api-version=2019-08-01
  response:
    body:
      string: '{"status":"Dequeued","error":{}}'
    headers:
      cache-control:
      - no-store, no-cache
      content-length:
      - '32'
      content-location:
      - https://management.documents.azure.com:450/subscriptions/3901edbf-e5b3-4040-a565-13784a96c238/providers/Microsoft.DocumentDB/locations/westus/operationsStatus/bbacc508-efe2-45a3-ba5d-c065aa810c30?api-version=2019-08-01
      content-type:
      - application/json
      date:
      - Wed, 11 Dec 2019 01:24:04 GMT
      pragma:
      - no-cache
      server:
      - Microsoft-HTTPAPI/2.0
      strict-transport-security:
      - max-age=31536000; includeSubDomains
      transfer-encoding:
      - chunked
      vary:
      - Accept-Encoding
      x-content-type-options:
      - nosniff
      x-ms-gatewayversion:
      - version=2.7.0
    status:
      code: 200
      message: Ok
- request:
    body: null
    headers:
      Accept:
      - application/json
      Accept-Encoding:
      - gzip, deflate
      CommandName:
      - cosmosdb create
      Connection:
      - keep-alive
      ParameterSetName:
      - -n -g --locations --locations
      User-Agent:
      - python/3.7.0 (Windows-10-10.0.18362-SP0) msrest/0.6.7 msrest_azure/0.6.2 azure-mgmt-cosmosdb/0.11.0
        Azure-SDK-For-Python AZURECLI/2.0.76
    method: GET
    uri: https://management.azure.com/subscriptions/00000000-0000-0000-0000-000000000000/providers/Microsoft.DocumentDB/locations/westus/operationsStatus/bbacc508-efe2-45a3-ba5d-c065aa810c30?api-version=2019-08-01
  response:
    body:
      string: '{"status":"Dequeued","error":{}}'
    headers:
      cache-control:
      - no-store, no-cache
      content-length:
      - '32'
      content-location:
      - https://management.documents.azure.com:450/subscriptions/3901edbf-e5b3-4040-a565-13784a96c238/providers/Microsoft.DocumentDB/locations/westus/operationsStatus/bbacc508-efe2-45a3-ba5d-c065aa810c30?api-version=2019-08-01
      content-type:
      - application/json
      date:
      - Wed, 11 Dec 2019 01:24:35 GMT
      pragma:
      - no-cache
      server:
      - Microsoft-HTTPAPI/2.0
      strict-transport-security:
      - max-age=31536000; includeSubDomains
      transfer-encoding:
      - chunked
      vary:
      - Accept-Encoding
      x-content-type-options:
      - nosniff
      x-ms-gatewayversion:
      - version=2.7.0
    status:
      code: 200
      message: Ok
- request:
    body: null
    headers:
      Accept:
      - application/json
      Accept-Encoding:
      - gzip, deflate
      CommandName:
      - cosmosdb create
      Connection:
      - keep-alive
      ParameterSetName:
      - -n -g --locations --locations
      User-Agent:
      - python/3.7.0 (Windows-10-10.0.18362-SP0) msrest/0.6.7 msrest_azure/0.6.2 azure-mgmt-cosmosdb/0.11.0
        Azure-SDK-For-Python AZURECLI/2.0.76
    method: GET
    uri: https://management.azure.com/subscriptions/00000000-0000-0000-0000-000000000000/providers/Microsoft.DocumentDB/locations/westus/operationsStatus/bbacc508-efe2-45a3-ba5d-c065aa810c30?api-version=2019-08-01
  response:
    body:
      string: '{"status":"Dequeued","error":{}}'
    headers:
      cache-control:
      - no-store, no-cache
      content-length:
      - '32'
      content-location:
      - https://management.documents.azure.com:450/subscriptions/3901edbf-e5b3-4040-a565-13784a96c238/providers/Microsoft.DocumentDB/locations/westus/operationsStatus/bbacc508-efe2-45a3-ba5d-c065aa810c30?api-version=2019-08-01
      content-type:
      - application/json
      date:
      - Wed, 11 Dec 2019 01:25:05 GMT
      pragma:
      - no-cache
      server:
      - Microsoft-HTTPAPI/2.0
      strict-transport-security:
      - max-age=31536000; includeSubDomains
      transfer-encoding:
      - chunked
      vary:
      - Accept-Encoding
      x-content-type-options:
      - nosniff
      x-ms-gatewayversion:
      - version=2.7.0
    status:
      code: 200
      message: Ok
- request:
    body: null
    headers:
      Accept:
      - application/json
      Accept-Encoding:
      - gzip, deflate
      CommandName:
      - cosmosdb create
      Connection:
      - keep-alive
      ParameterSetName:
      - -n -g --locations --locations
      User-Agent:
      - python/3.7.0 (Windows-10-10.0.18362-SP0) msrest/0.6.7 msrest_azure/0.6.2 azure-mgmt-cosmosdb/0.11.0
        Azure-SDK-For-Python AZURECLI/2.0.76
    method: GET
    uri: https://management.azure.com/subscriptions/00000000-0000-0000-0000-000000000000/providers/Microsoft.DocumentDB/locations/westus/operationsStatus/bbacc508-efe2-45a3-ba5d-c065aa810c30?api-version=2019-08-01
  response:
    body:
      string: '{"status":"Dequeued","error":{}}'
    headers:
      cache-control:
      - no-store, no-cache
      content-length:
      - '32'
      content-location:
      - https://management.documents.azure.com:450/subscriptions/3901edbf-e5b3-4040-a565-13784a96c238/providers/Microsoft.DocumentDB/locations/westus/operationsStatus/bbacc508-efe2-45a3-ba5d-c065aa810c30?api-version=2019-08-01
      content-type:
      - application/json
      date:
      - Wed, 11 Dec 2019 01:25:36 GMT
      pragma:
      - no-cache
      server:
      - Microsoft-HTTPAPI/2.0
      strict-transport-security:
      - max-age=31536000; includeSubDomains
      transfer-encoding:
      - chunked
      vary:
      - Accept-Encoding
      x-content-type-options:
      - nosniff
      x-ms-gatewayversion:
      - version=2.7.0
    status:
      code: 200
      message: Ok
- request:
    body: null
    headers:
      Accept:
      - application/json
      Accept-Encoding:
      - gzip, deflate
      CommandName:
      - cosmosdb create
      Connection:
      - keep-alive
      ParameterSetName:
      - -n -g --locations --locations
      User-Agent:
      - python/3.7.0 (Windows-10-10.0.18362-SP0) msrest/0.6.7 msrest_azure/0.6.2 azure-mgmt-cosmosdb/0.11.0
        Azure-SDK-For-Python AZURECLI/2.0.76
    method: GET
    uri: https://management.azure.com/subscriptions/00000000-0000-0000-0000-000000000000/providers/Microsoft.DocumentDB/locations/westus/operationsStatus/bbacc508-efe2-45a3-ba5d-c065aa810c30?api-version=2019-08-01
  response:
    body:
      string: '{"status":"Dequeued","error":{}}'
    headers:
      cache-control:
      - no-store, no-cache
      content-length:
      - '32'
      content-location:
      - https://management.documents.azure.com:450/subscriptions/3901edbf-e5b3-4040-a565-13784a96c238/providers/Microsoft.DocumentDB/locations/westus/operationsStatus/bbacc508-efe2-45a3-ba5d-c065aa810c30?api-version=2019-08-01
      content-type:
      - application/json
      date:
      - Wed, 11 Dec 2019 01:26:06 GMT
      pragma:
      - no-cache
      server:
      - Microsoft-HTTPAPI/2.0
      strict-transport-security:
      - max-age=31536000; includeSubDomains
      transfer-encoding:
      - chunked
      vary:
      - Accept-Encoding
      x-content-type-options:
      - nosniff
      x-ms-gatewayversion:
      - version=2.7.0
    status:
      code: 200
      message: Ok
- request:
    body: null
    headers:
      Accept:
      - application/json
      Accept-Encoding:
      - gzip, deflate
      CommandName:
      - cosmosdb create
      Connection:
      - keep-alive
      ParameterSetName:
      - -n -g --locations --locations
      User-Agent:
      - python/3.7.0 (Windows-10-10.0.18362-SP0) msrest/0.6.7 msrest_azure/0.6.2 azure-mgmt-cosmosdb/0.11.0
        Azure-SDK-For-Python AZURECLI/2.0.76
    method: GET
    uri: https://management.azure.com/subscriptions/00000000-0000-0000-0000-000000000000/providers/Microsoft.DocumentDB/locations/westus/operationsStatus/bbacc508-efe2-45a3-ba5d-c065aa810c30?api-version=2019-08-01
  response:
    body:
      string: '{"status":"Dequeued","error":{}}'
    headers:
      cache-control:
      - no-store, no-cache
      content-length:
      - '32'
      content-location:
      - https://management.documents.azure.com:450/subscriptions/3901edbf-e5b3-4040-a565-13784a96c238/providers/Microsoft.DocumentDB/locations/westus/operationsStatus/bbacc508-efe2-45a3-ba5d-c065aa810c30?api-version=2019-08-01
      content-type:
      - application/json
      date:
      - Wed, 11 Dec 2019 01:26:36 GMT
      pragma:
      - no-cache
      server:
      - Microsoft-HTTPAPI/2.0
      strict-transport-security:
      - max-age=31536000; includeSubDomains
      transfer-encoding:
      - chunked
      vary:
      - Accept-Encoding
      x-content-type-options:
      - nosniff
      x-ms-gatewayversion:
      - version=2.7.0
    status:
      code: 200
      message: Ok
- request:
    body: null
    headers:
      Accept:
      - application/json
      Accept-Encoding:
      - gzip, deflate
      CommandName:
      - cosmosdb create
      Connection:
      - keep-alive
      ParameterSetName:
      - -n -g --locations --locations
      User-Agent:
      - python/3.7.0 (Windows-10-10.0.18362-SP0) msrest/0.6.7 msrest_azure/0.6.2 azure-mgmt-cosmosdb/0.11.0
        Azure-SDK-For-Python AZURECLI/2.0.76
    method: GET
    uri: https://management.azure.com/subscriptions/00000000-0000-0000-0000-000000000000/providers/Microsoft.DocumentDB/locations/westus/operationsStatus/bbacc508-efe2-45a3-ba5d-c065aa810c30?api-version=2019-08-01
  response:
    body:
      string: '{"status":"Dequeued","error":{}}'
    headers:
      cache-control:
      - no-store, no-cache
      content-length:
      - '32'
      content-location:
      - https://management.documents.azure.com:450/subscriptions/3901edbf-e5b3-4040-a565-13784a96c238/providers/Microsoft.DocumentDB/locations/westus/operationsStatus/bbacc508-efe2-45a3-ba5d-c065aa810c30?api-version=2019-08-01
      content-type:
      - application/json
      date:
      - Wed, 11 Dec 2019 01:27:07 GMT
      pragma:
      - no-cache
      server:
      - Microsoft-HTTPAPI/2.0
      strict-transport-security:
      - max-age=31536000; includeSubDomains
      transfer-encoding:
      - chunked
      vary:
      - Accept-Encoding
      x-content-type-options:
      - nosniff
      x-ms-gatewayversion:
      - version=2.7.0
    status:
      code: 200
      message: Ok
- request:
    body: null
    headers:
      Accept:
      - application/json
      Accept-Encoding:
      - gzip, deflate
      CommandName:
      - cosmosdb create
      Connection:
      - keep-alive
      ParameterSetName:
      - -n -g --locations --locations
      User-Agent:
      - python/3.7.0 (Windows-10-10.0.18362-SP0) msrest/0.6.7 msrest_azure/0.6.2 azure-mgmt-cosmosdb/0.11.0
        Azure-SDK-For-Python AZURECLI/2.0.76
    method: GET
    uri: https://management.azure.com/subscriptions/00000000-0000-0000-0000-000000000000/providers/Microsoft.DocumentDB/locations/westus/operationsStatus/bbacc508-efe2-45a3-ba5d-c065aa810c30?api-version=2019-08-01
  response:
    body:
      string: '{"status":"Dequeued","error":{}}'
    headers:
      cache-control:
      - no-store, no-cache
      content-length:
      - '32'
      content-location:
      - https://management.documents.azure.com:450/subscriptions/3901edbf-e5b3-4040-a565-13784a96c238/providers/Microsoft.DocumentDB/locations/westus/operationsStatus/bbacc508-efe2-45a3-ba5d-c065aa810c30?api-version=2019-08-01
      content-type:
      - application/json
      date:
      - Wed, 11 Dec 2019 01:27:37 GMT
      pragma:
      - no-cache
      server:
      - Microsoft-HTTPAPI/2.0
      strict-transport-security:
      - max-age=31536000; includeSubDomains
      transfer-encoding:
      - chunked
      vary:
      - Accept-Encoding
      x-content-type-options:
      - nosniff
      x-ms-gatewayversion:
      - version=2.7.0
    status:
      code: 200
      message: Ok
- request:
    body: null
    headers:
      Accept:
      - application/json
      Accept-Encoding:
      - gzip, deflate
      CommandName:
      - cosmosdb create
      Connection:
      - keep-alive
      ParameterSetName:
      - -n -g --locations --locations
      User-Agent:
      - python/3.7.0 (Windows-10-10.0.18362-SP0) msrest/0.6.7 msrest_azure/0.6.2 azure-mgmt-cosmosdb/0.11.0
        Azure-SDK-For-Python AZURECLI/2.0.76
    method: GET
    uri: https://management.azure.com/subscriptions/00000000-0000-0000-0000-000000000000/providers/Microsoft.DocumentDB/locations/westus/operationsStatus/bbacc508-efe2-45a3-ba5d-c065aa810c30?api-version=2019-08-01
  response:
    body:
      string: '{"status":"Dequeued","error":{}}'
    headers:
      cache-control:
      - no-store, no-cache
      content-length:
      - '32'
      content-location:
      - https://management.documents.azure.com:450/subscriptions/3901edbf-e5b3-4040-a565-13784a96c238/providers/Microsoft.DocumentDB/locations/westus/operationsStatus/bbacc508-efe2-45a3-ba5d-c065aa810c30?api-version=2019-08-01
      content-type:
      - application/json
      date:
      - Wed, 11 Dec 2019 01:28:08 GMT
      pragma:
      - no-cache
      server:
      - Microsoft-HTTPAPI/2.0
      strict-transport-security:
      - max-age=31536000; includeSubDomains
      transfer-encoding:
      - chunked
      vary:
      - Accept-Encoding
      x-content-type-options:
      - nosniff
      x-ms-gatewayversion:
      - version=2.7.0
    status:
      code: 200
      message: Ok
- request:
    body: null
    headers:
      Accept:
      - application/json
      Accept-Encoding:
      - gzip, deflate
      CommandName:
      - cosmosdb create
      Connection:
      - keep-alive
      ParameterSetName:
      - -n -g --locations --locations
      User-Agent:
      - python/3.7.0 (Windows-10-10.0.18362-SP0) msrest/0.6.7 msrest_azure/0.6.2 azure-mgmt-cosmosdb/0.11.0
        Azure-SDK-For-Python AZURECLI/2.0.76
    method: GET
    uri: https://management.azure.com/subscriptions/00000000-0000-0000-0000-000000000000/providers/Microsoft.DocumentDB/locations/westus/operationsStatus/bbacc508-efe2-45a3-ba5d-c065aa810c30?api-version=2019-08-01
  response:
    body:
      string: '{"status":"Dequeued","error":{}}'
    headers:
      cache-control:
      - no-store, no-cache
      content-length:
      - '32'
      content-location:
      - https://management.documents.azure.com:450/subscriptions/3901edbf-e5b3-4040-a565-13784a96c238/providers/Microsoft.DocumentDB/locations/westus/operationsStatus/bbacc508-efe2-45a3-ba5d-c065aa810c30?api-version=2019-08-01
      content-type:
      - application/json
      date:
      - Wed, 11 Dec 2019 01:28:38 GMT
      pragma:
      - no-cache
      server:
      - Microsoft-HTTPAPI/2.0
      strict-transport-security:
      - max-age=31536000; includeSubDomains
      transfer-encoding:
      - chunked
      vary:
      - Accept-Encoding
      x-content-type-options:
      - nosniff
      x-ms-gatewayversion:
      - version=2.7.0
    status:
      code: 200
      message: Ok
- request:
    body: null
    headers:
      Accept:
      - application/json
      Accept-Encoding:
      - gzip, deflate
      CommandName:
      - cosmosdb create
      Connection:
      - keep-alive
      ParameterSetName:
      - -n -g --locations --locations
      User-Agent:
      - python/3.7.0 (Windows-10-10.0.18362-SP0) msrest/0.6.7 msrest_azure/0.6.2 azure-mgmt-cosmosdb/0.11.0
        Azure-SDK-For-Python AZURECLI/2.0.76
    method: GET
    uri: https://management.azure.com/subscriptions/00000000-0000-0000-0000-000000000000/providers/Microsoft.DocumentDB/locations/westus/operationsStatus/bbacc508-efe2-45a3-ba5d-c065aa810c30?api-version=2019-08-01
  response:
    body:
      string: '{"status":"Dequeued","error":{}}'
    headers:
      cache-control:
      - no-store, no-cache
      content-length:
      - '32'
      content-location:
      - https://management.documents.azure.com:450/subscriptions/3901edbf-e5b3-4040-a565-13784a96c238/providers/Microsoft.DocumentDB/locations/westus/operationsStatus/bbacc508-efe2-45a3-ba5d-c065aa810c30?api-version=2019-08-01
      content-type:
      - application/json
      date:
      - Wed, 11 Dec 2019 01:29:09 GMT
      pragma:
      - no-cache
      server:
      - Microsoft-HTTPAPI/2.0
      strict-transport-security:
      - max-age=31536000; includeSubDomains
      transfer-encoding:
      - chunked
      vary:
      - Accept-Encoding
      x-content-type-options:
      - nosniff
      x-ms-gatewayversion:
      - version=2.7.0
    status:
      code: 200
      message: Ok
- request:
    body: null
    headers:
      Accept:
      - application/json
      Accept-Encoding:
      - gzip, deflate
      CommandName:
      - cosmosdb create
      Connection:
      - keep-alive
      ParameterSetName:
      - -n -g --locations --locations
      User-Agent:
      - python/3.7.0 (Windows-10-10.0.18362-SP0) msrest/0.6.7 msrest_azure/0.6.2 azure-mgmt-cosmosdb/0.11.0
        Azure-SDK-For-Python AZURECLI/2.0.76
    method: GET
    uri: https://management.azure.com/subscriptions/00000000-0000-0000-0000-000000000000/providers/Microsoft.DocumentDB/locations/westus/operationsStatus/bbacc508-efe2-45a3-ba5d-c065aa810c30?api-version=2019-08-01
  response:
    body:
      string: '{"status":"Dequeued","error":{}}'
    headers:
      cache-control:
      - no-store, no-cache
      content-length:
      - '32'
      content-location:
      - https://management.documents.azure.com:450/subscriptions/3901edbf-e5b3-4040-a565-13784a96c238/providers/Microsoft.DocumentDB/locations/westus/operationsStatus/bbacc508-efe2-45a3-ba5d-c065aa810c30?api-version=2019-08-01
      content-type:
      - application/json
      date:
      - Wed, 11 Dec 2019 01:29:40 GMT
      pragma:
      - no-cache
      server:
      - Microsoft-HTTPAPI/2.0
      strict-transport-security:
      - max-age=31536000; includeSubDomains
      transfer-encoding:
      - chunked
      vary:
      - Accept-Encoding
      x-content-type-options:
      - nosniff
      x-ms-gatewayversion:
      - version=2.7.0
    status:
      code: 200
      message: Ok
- request:
    body: null
    headers:
      Accept:
      - application/json
      Accept-Encoding:
      - gzip, deflate
      CommandName:
      - cosmosdb create
      Connection:
      - keep-alive
      ParameterSetName:
      - -n -g --locations --locations
      User-Agent:
      - python/3.7.0 (Windows-10-10.0.18362-SP0) msrest/0.6.7 msrest_azure/0.6.2 azure-mgmt-cosmosdb/0.11.0
        Azure-SDK-For-Python AZURECLI/2.0.76
    method: GET
    uri: https://management.azure.com/subscriptions/00000000-0000-0000-0000-000000000000/providers/Microsoft.DocumentDB/locations/westus/operationsStatus/bbacc508-efe2-45a3-ba5d-c065aa810c30?api-version=2019-08-01
  response:
    body:
      string: '{"status":"Dequeued","error":{}}'
    headers:
      cache-control:
      - no-store, no-cache
      content-length:
      - '32'
      content-location:
      - https://management.documents.azure.com:450/subscriptions/3901edbf-e5b3-4040-a565-13784a96c238/providers/Microsoft.DocumentDB/locations/westus/operationsStatus/bbacc508-efe2-45a3-ba5d-c065aa810c30?api-version=2019-08-01
      content-type:
      - application/json
      date:
      - Wed, 11 Dec 2019 01:30:10 GMT
      pragma:
      - no-cache
      server:
      - Microsoft-HTTPAPI/2.0
      strict-transport-security:
      - max-age=31536000; includeSubDomains
      transfer-encoding:
      - chunked
      vary:
      - Accept-Encoding
      x-content-type-options:
      - nosniff
      x-ms-gatewayversion:
      - version=2.7.0
    status:
      code: 200
      message: Ok
- request:
    body: null
    headers:
      Accept:
      - application/json
      Accept-Encoding:
      - gzip, deflate
      CommandName:
      - cosmosdb create
      Connection:
      - keep-alive
      ParameterSetName:
      - -n -g --locations --locations
      User-Agent:
      - python/3.7.0 (Windows-10-10.0.18362-SP0) msrest/0.6.7 msrest_azure/0.6.2 azure-mgmt-cosmosdb/0.11.0
        Azure-SDK-For-Python AZURECLI/2.0.76
    method: GET
    uri: https://management.azure.com/subscriptions/00000000-0000-0000-0000-000000000000/providers/Microsoft.DocumentDB/locations/westus/operationsStatus/bbacc508-efe2-45a3-ba5d-c065aa810c30?api-version=2019-08-01
  response:
    body:
      string: '{"status":"Dequeued","error":{}}'
    headers:
      cache-control:
      - no-store, no-cache
      content-length:
      - '32'
      content-location:
      - https://management.documents.azure.com:450/subscriptions/3901edbf-e5b3-4040-a565-13784a96c238/providers/Microsoft.DocumentDB/locations/westus/operationsStatus/bbacc508-efe2-45a3-ba5d-c065aa810c30?api-version=2019-08-01
      content-type:
      - application/json
      date:
      - Wed, 11 Dec 2019 01:30:40 GMT
      pragma:
      - no-cache
      server:
      - Microsoft-HTTPAPI/2.0
      strict-transport-security:
      - max-age=31536000; includeSubDomains
      transfer-encoding:
      - chunked
      vary:
      - Accept-Encoding
      x-content-type-options:
      - nosniff
      x-ms-gatewayversion:
      - version=2.7.0
    status:
      code: 200
      message: Ok
- request:
    body: null
    headers:
      Accept:
      - application/json
      Accept-Encoding:
      - gzip, deflate
      CommandName:
      - cosmosdb create
      Connection:
      - keep-alive
      ParameterSetName:
      - -n -g --locations --locations
      User-Agent:
      - python/3.7.0 (Windows-10-10.0.18362-SP0) msrest/0.6.7 msrest_azure/0.6.2 azure-mgmt-cosmosdb/0.11.0
        Azure-SDK-For-Python AZURECLI/2.0.76
    method: GET
    uri: https://management.azure.com/subscriptions/00000000-0000-0000-0000-000000000000/providers/Microsoft.DocumentDB/locations/westus/operationsStatus/bbacc508-efe2-45a3-ba5d-c065aa810c30?api-version=2019-08-01
  response:
    body:
      string: '{"status":"Dequeued","error":{}}'
    headers:
      cache-control:
      - no-store, no-cache
      content-length:
      - '32'
      content-location:
      - https://management.documents.azure.com:450/subscriptions/3901edbf-e5b3-4040-a565-13784a96c238/providers/Microsoft.DocumentDB/locations/westus/operationsStatus/bbacc508-efe2-45a3-ba5d-c065aa810c30?api-version=2019-08-01
      content-type:
      - application/json
      date:
      - Wed, 11 Dec 2019 01:31:11 GMT
      pragma:
      - no-cache
      server:
      - Microsoft-HTTPAPI/2.0
      strict-transport-security:
      - max-age=31536000; includeSubDomains
      transfer-encoding:
      - chunked
      vary:
      - Accept-Encoding
      x-content-type-options:
      - nosniff
      x-ms-gatewayversion:
      - version=2.7.0
    status:
      code: 200
      message: Ok
- request:
    body: null
    headers:
      Accept:
      - application/json
      Accept-Encoding:
      - gzip, deflate
      CommandName:
      - cosmosdb create
      Connection:
      - keep-alive
      ParameterSetName:
      - -n -g --locations --locations
      User-Agent:
      - python/3.7.0 (Windows-10-10.0.18362-SP0) msrest/0.6.7 msrest_azure/0.6.2 azure-mgmt-cosmosdb/0.11.0
        Azure-SDK-For-Python AZURECLI/2.0.76
    method: GET
    uri: https://management.azure.com/subscriptions/00000000-0000-0000-0000-000000000000/providers/Microsoft.DocumentDB/locations/westus/operationsStatus/bbacc508-efe2-45a3-ba5d-c065aa810c30?api-version=2019-08-01
  response:
    body:
      string: '{"status":"Dequeued","error":{}}'
    headers:
      cache-control:
      - no-store, no-cache
      content-length:
      - '32'
      content-location:
      - https://management.documents.azure.com:450/subscriptions/3901edbf-e5b3-4040-a565-13784a96c238/providers/Microsoft.DocumentDB/locations/westus/operationsStatus/bbacc508-efe2-45a3-ba5d-c065aa810c30?api-version=2019-08-01
      content-type:
      - application/json
      date:
      - Wed, 11 Dec 2019 01:31:41 GMT
      pragma:
      - no-cache
      server:
      - Microsoft-HTTPAPI/2.0
      strict-transport-security:
      - max-age=31536000; includeSubDomains
      transfer-encoding:
      - chunked
      vary:
      - Accept-Encoding
      x-content-type-options:
      - nosniff
      x-ms-gatewayversion:
      - version=2.7.0
    status:
      code: 200
      message: Ok
- request:
    body: null
    headers:
      Accept:
      - application/json
      Accept-Encoding:
      - gzip, deflate
      CommandName:
      - cosmosdb create
      Connection:
      - keep-alive
      ParameterSetName:
      - -n -g --locations --locations
      User-Agent:
      - python/3.7.0 (Windows-10-10.0.18362-SP0) msrest/0.6.7 msrest_azure/0.6.2 azure-mgmt-cosmosdb/0.11.0
        Azure-SDK-For-Python AZURECLI/2.0.76
    method: GET
    uri: https://management.azure.com/subscriptions/00000000-0000-0000-0000-000000000000/providers/Microsoft.DocumentDB/locations/westus/operationsStatus/bbacc508-efe2-45a3-ba5d-c065aa810c30?api-version=2019-08-01
  response:
    body:
      string: '{"status":"Dequeued","error":{}}'
    headers:
      cache-control:
      - no-store, no-cache
      content-length:
      - '32'
      content-location:
      - https://management.documents.azure.com:450/subscriptions/3901edbf-e5b3-4040-a565-13784a96c238/providers/Microsoft.DocumentDB/locations/westus/operationsStatus/bbacc508-efe2-45a3-ba5d-c065aa810c30?api-version=2019-08-01
      content-type:
      - application/json
      date:
      - Wed, 11 Dec 2019 01:32:11 GMT
      pragma:
      - no-cache
      server:
      - Microsoft-HTTPAPI/2.0
      strict-transport-security:
      - max-age=31536000; includeSubDomains
      transfer-encoding:
      - chunked
      vary:
      - Accept-Encoding
      x-content-type-options:
      - nosniff
      x-ms-gatewayversion:
      - version=2.7.0
    status:
      code: 200
      message: Ok
- request:
    body: null
    headers:
      Accept:
      - application/json
      Accept-Encoding:
      - gzip, deflate
      CommandName:
      - cosmosdb create
      Connection:
      - keep-alive
      ParameterSetName:
      - -n -g --locations --locations
      User-Agent:
      - python/3.7.0 (Windows-10-10.0.18362-SP0) msrest/0.6.7 msrest_azure/0.6.2 azure-mgmt-cosmosdb/0.11.0
        Azure-SDK-For-Python AZURECLI/2.0.76
    method: GET
    uri: https://management.azure.com/subscriptions/00000000-0000-0000-0000-000000000000/providers/Microsoft.DocumentDB/locations/westus/operationsStatus/bbacc508-efe2-45a3-ba5d-c065aa810c30?api-version=2019-08-01
  response:
    body:
      string: '{"status":"Dequeued","error":{}}'
    headers:
      cache-control:
      - no-store, no-cache
      content-length:
      - '32'
      content-location:
      - https://management.documents.azure.com:450/subscriptions/3901edbf-e5b3-4040-a565-13784a96c238/providers/Microsoft.DocumentDB/locations/westus/operationsStatus/bbacc508-efe2-45a3-ba5d-c065aa810c30?api-version=2019-08-01
      content-type:
      - application/json
      date:
      - Wed, 11 Dec 2019 01:32:41 GMT
      pragma:
      - no-cache
      server:
      - Microsoft-HTTPAPI/2.0
      strict-transport-security:
      - max-age=31536000; includeSubDomains
      transfer-encoding:
      - chunked
      vary:
      - Accept-Encoding
      x-content-type-options:
      - nosniff
      x-ms-gatewayversion:
      - version=2.7.0
    status:
      code: 200
      message: Ok
- request:
    body: null
    headers:
      Accept:
      - application/json
      Accept-Encoding:
      - gzip, deflate
      CommandName:
      - cosmosdb create
      Connection:
      - keep-alive
      ParameterSetName:
      - -n -g --locations --locations
      User-Agent:
      - python/3.7.0 (Windows-10-10.0.18362-SP0) msrest/0.6.7 msrest_azure/0.6.2 azure-mgmt-cosmosdb/0.11.0
        Azure-SDK-For-Python AZURECLI/2.0.76
    method: GET
    uri: https://management.azure.com/subscriptions/00000000-0000-0000-0000-000000000000/providers/Microsoft.DocumentDB/locations/westus/operationsStatus/bbacc508-efe2-45a3-ba5d-c065aa810c30?api-version=2019-08-01
  response:
    body:
      string: '{"status":"Dequeued","error":{}}'
    headers:
      cache-control:
      - no-store, no-cache
      content-length:
      - '32'
      content-location:
      - https://management.documents.azure.com:450/subscriptions/3901edbf-e5b3-4040-a565-13784a96c238/providers/Microsoft.DocumentDB/locations/westus/operationsStatus/bbacc508-efe2-45a3-ba5d-c065aa810c30?api-version=2019-08-01
      content-type:
      - application/json
      date:
      - Wed, 11 Dec 2019 01:33:13 GMT
      pragma:
      - no-cache
      server:
      - Microsoft-HTTPAPI/2.0
      strict-transport-security:
      - max-age=31536000; includeSubDomains
      transfer-encoding:
      - chunked
      vary:
      - Accept-Encoding
      x-content-type-options:
      - nosniff
      x-ms-gatewayversion:
      - version=2.7.0
    status:
      code: 200
      message: Ok
- request:
    body: null
    headers:
      Accept:
      - application/json
      Accept-Encoding:
      - gzip, deflate
      CommandName:
      - cosmosdb create
      Connection:
      - keep-alive
      ParameterSetName:
      - -n -g --locations --locations
      User-Agent:
      - python/3.7.0 (Windows-10-10.0.18362-SP0) msrest/0.6.7 msrest_azure/0.6.2 azure-mgmt-cosmosdb/0.11.0
        Azure-SDK-For-Python AZURECLI/2.0.76
    method: GET
    uri: https://management.azure.com/subscriptions/00000000-0000-0000-0000-000000000000/providers/Microsoft.DocumentDB/locations/westus/operationsStatus/bbacc508-efe2-45a3-ba5d-c065aa810c30?api-version=2019-08-01
  response:
    body:
      string: '{"status":"Dequeued","error":{}}'
    headers:
      cache-control:
      - no-store, no-cache
      content-length:
      - '32'
      content-location:
      - https://management.documents.azure.com:450/subscriptions/3901edbf-e5b3-4040-a565-13784a96c238/providers/Microsoft.DocumentDB/locations/westus/operationsStatus/bbacc508-efe2-45a3-ba5d-c065aa810c30?api-version=2019-08-01
      content-type:
      - application/json
      date:
      - Wed, 11 Dec 2019 01:33:43 GMT
      pragma:
      - no-cache
      server:
      - Microsoft-HTTPAPI/2.0
      strict-transport-security:
      - max-age=31536000; includeSubDomains
      transfer-encoding:
      - chunked
      vary:
      - Accept-Encoding
      x-content-type-options:
      - nosniff
      x-ms-gatewayversion:
      - version=2.7.0
    status:
      code: 200
      message: Ok
- request:
    body: null
    headers:
      Accept:
      - application/json
      Accept-Encoding:
      - gzip, deflate
      CommandName:
      - cosmosdb create
      Connection:
      - keep-alive
      ParameterSetName:
      - -n -g --locations --locations
      User-Agent:
      - python/3.7.0 (Windows-10-10.0.18362-SP0) msrest/0.6.7 msrest_azure/0.6.2 azure-mgmt-cosmosdb/0.11.0
        Azure-SDK-For-Python AZURECLI/2.0.76
    method: GET
    uri: https://management.azure.com/subscriptions/00000000-0000-0000-0000-000000000000/providers/Microsoft.DocumentDB/locations/westus/operationsStatus/bbacc508-efe2-45a3-ba5d-c065aa810c30?api-version=2019-08-01
  response:
    body:
      string: '{"status":"Dequeued","error":{}}'
    headers:
      cache-control:
      - no-store, no-cache
      content-length:
      - '32'
      content-location:
      - https://management.documents.azure.com:450/subscriptions/3901edbf-e5b3-4040-a565-13784a96c238/providers/Microsoft.DocumentDB/locations/westus/operationsStatus/bbacc508-efe2-45a3-ba5d-c065aa810c30?api-version=2019-08-01
      content-type:
      - application/json
      date:
      - Wed, 11 Dec 2019 01:34:13 GMT
      pragma:
      - no-cache
      server:
      - Microsoft-HTTPAPI/2.0
      strict-transport-security:
      - max-age=31536000; includeSubDomains
      transfer-encoding:
      - chunked
      vary:
      - Accept-Encoding
      x-content-type-options:
      - nosniff
      x-ms-gatewayversion:
      - version=2.7.0
    status:
      code: 200
      message: Ok
- request:
    body: null
    headers:
      Accept:
      - application/json
      Accept-Encoding:
      - gzip, deflate
      CommandName:
      - cosmosdb create
      Connection:
      - keep-alive
      ParameterSetName:
      - -n -g --locations --locations
      User-Agent:
      - python/3.7.0 (Windows-10-10.0.18362-SP0) msrest/0.6.7 msrest_azure/0.6.2 azure-mgmt-cosmosdb/0.11.0
        Azure-SDK-For-Python AZURECLI/2.0.76
    method: GET
    uri: https://management.azure.com/subscriptions/00000000-0000-0000-0000-000000000000/providers/Microsoft.DocumentDB/locations/westus/operationsStatus/bbacc508-efe2-45a3-ba5d-c065aa810c30?api-version=2019-08-01
  response:
    body:
      string: '{"status":"Dequeued","error":{}}'
    headers:
      cache-control:
      - no-store, no-cache
      content-length:
      - '32'
      content-location:
      - https://management.documents.azure.com:450/subscriptions/3901edbf-e5b3-4040-a565-13784a96c238/providers/Microsoft.DocumentDB/locations/westus/operationsStatus/bbacc508-efe2-45a3-ba5d-c065aa810c30?api-version=2019-08-01
      content-type:
      - application/json
      date:
      - Wed, 11 Dec 2019 01:34:44 GMT
      pragma:
      - no-cache
      server:
      - Microsoft-HTTPAPI/2.0
      strict-transport-security:
      - max-age=31536000; includeSubDomains
      transfer-encoding:
      - chunked
      vary:
      - Accept-Encoding
      x-content-type-options:
      - nosniff
      x-ms-gatewayversion:
      - version=2.7.0
    status:
      code: 200
      message: Ok
- request:
    body: null
    headers:
      Accept:
      - application/json
      Accept-Encoding:
      - gzip, deflate
      CommandName:
      - cosmosdb create
      Connection:
      - keep-alive
      ParameterSetName:
      - -n -g --locations --locations
      User-Agent:
      - python/3.7.0 (Windows-10-10.0.18362-SP0) msrest/0.6.7 msrest_azure/0.6.2 azure-mgmt-cosmosdb/0.11.0
        Azure-SDK-For-Python AZURECLI/2.0.76
    method: GET
    uri: https://management.azure.com/subscriptions/00000000-0000-0000-0000-000000000000/providers/Microsoft.DocumentDB/locations/westus/operationsStatus/bbacc508-efe2-45a3-ba5d-c065aa810c30?api-version=2019-08-01
  response:
    body:
      string: '{"status":"Dequeued","error":{}}'
    headers:
      cache-control:
      - no-store, no-cache
      content-length:
      - '32'
      content-location:
      - https://management.documents.azure.com:450/subscriptions/3901edbf-e5b3-4040-a565-13784a96c238/providers/Microsoft.DocumentDB/locations/westus/operationsStatus/bbacc508-efe2-45a3-ba5d-c065aa810c30?api-version=2019-08-01
      content-type:
      - application/json
      date:
      - Wed, 11 Dec 2019 01:35:14 GMT
      pragma:
      - no-cache
      server:
      - Microsoft-HTTPAPI/2.0
      strict-transport-security:
      - max-age=31536000; includeSubDomains
      transfer-encoding:
      - chunked
      vary:
      - Accept-Encoding
      x-content-type-options:
      - nosniff
      x-ms-gatewayversion:
      - version=2.7.0
    status:
      code: 200
      message: Ok
- request:
    body: null
    headers:
      Accept:
      - application/json
      Accept-Encoding:
      - gzip, deflate
      CommandName:
      - cosmosdb create
      Connection:
      - keep-alive
      ParameterSetName:
      - -n -g --locations --locations
      User-Agent:
      - python/3.7.0 (Windows-10-10.0.18362-SP0) msrest/0.6.7 msrest_azure/0.6.2 azure-mgmt-cosmosdb/0.11.0
        Azure-SDK-For-Python AZURECLI/2.0.76
    method: GET
    uri: https://management.azure.com/subscriptions/00000000-0000-0000-0000-000000000000/providers/Microsoft.DocumentDB/locations/westus/operationsStatus/bbacc508-efe2-45a3-ba5d-c065aa810c30?api-version=2019-08-01
  response:
    body:
      string: '{"status":"Dequeued","error":{}}'
    headers:
      cache-control:
      - no-store, no-cache
      content-length:
      - '32'
      content-location:
      - https://management.documents.azure.com:450/subscriptions/3901edbf-e5b3-4040-a565-13784a96c238/providers/Microsoft.DocumentDB/locations/westus/operationsStatus/bbacc508-efe2-45a3-ba5d-c065aa810c30?api-version=2019-08-01
      content-type:
      - application/json
      date:
      - Wed, 11 Dec 2019 01:35:45 GMT
      pragma:
      - no-cache
      server:
      - Microsoft-HTTPAPI/2.0
      strict-transport-security:
      - max-age=31536000; includeSubDomains
      transfer-encoding:
      - chunked
      vary:
      - Accept-Encoding
      x-content-type-options:
      - nosniff
      x-ms-gatewayversion:
      - version=2.7.0
    status:
      code: 200
      message: Ok
- request:
    body: null
    headers:
      Accept:
      - application/json
      Accept-Encoding:
      - gzip, deflate
      CommandName:
      - cosmosdb create
      Connection:
      - keep-alive
      ParameterSetName:
      - -n -g --locations --locations
      User-Agent:
      - python/3.7.0 (Windows-10-10.0.18362-SP0) msrest/0.6.7 msrest_azure/0.6.2 azure-mgmt-cosmosdb/0.11.0
        Azure-SDK-For-Python AZURECLI/2.0.76
    method: GET
    uri: https://management.azure.com/subscriptions/00000000-0000-0000-0000-000000000000/providers/Microsoft.DocumentDB/locations/westus/operationsStatus/bbacc508-efe2-45a3-ba5d-c065aa810c30?api-version=2019-08-01
  response:
    body:
      string: '{"status":"Dequeued","error":{}}'
    headers:
      cache-control:
      - no-store, no-cache
      content-length:
      - '32'
      content-location:
      - https://management.documents.azure.com:450/subscriptions/3901edbf-e5b3-4040-a565-13784a96c238/providers/Microsoft.DocumentDB/locations/westus/operationsStatus/bbacc508-efe2-45a3-ba5d-c065aa810c30?api-version=2019-08-01
      content-type:
      - application/json
      date:
      - Wed, 11 Dec 2019 01:36:15 GMT
      pragma:
      - no-cache
      server:
      - Microsoft-HTTPAPI/2.0
      strict-transport-security:
      - max-age=31536000; includeSubDomains
      transfer-encoding:
      - chunked
      vary:
      - Accept-Encoding
      x-content-type-options:
      - nosniff
      x-ms-gatewayversion:
      - version=2.7.0
    status:
      code: 200
      message: Ok
- request:
    body: null
    headers:
      Accept:
      - application/json
      Accept-Encoding:
      - gzip, deflate
      CommandName:
      - cosmosdb create
      Connection:
      - keep-alive
      ParameterSetName:
      - -n -g --locations --locations
      User-Agent:
      - python/3.7.0 (Windows-10-10.0.18362-SP0) msrest/0.6.7 msrest_azure/0.6.2 azure-mgmt-cosmosdb/0.11.0
        Azure-SDK-For-Python AZURECLI/2.0.76
    method: GET
    uri: https://management.azure.com/subscriptions/00000000-0000-0000-0000-000000000000/providers/Microsoft.DocumentDB/locations/westus/operationsStatus/bbacc508-efe2-45a3-ba5d-c065aa810c30?api-version=2019-08-01
  response:
    body:
      string: '{"status":"Dequeued","error":{}}'
    headers:
      cache-control:
      - no-store, no-cache
      content-length:
      - '32'
      content-location:
      - https://management.documents.azure.com:450/subscriptions/3901edbf-e5b3-4040-a565-13784a96c238/providers/Microsoft.DocumentDB/locations/westus/operationsStatus/bbacc508-efe2-45a3-ba5d-c065aa810c30?api-version=2019-08-01
      content-type:
      - application/json
      date:
      - Wed, 11 Dec 2019 01:36:46 GMT
      pragma:
      - no-cache
      server:
      - Microsoft-HTTPAPI/2.0
      strict-transport-security:
      - max-age=31536000; includeSubDomains
      transfer-encoding:
      - chunked
      vary:
      - Accept-Encoding
      x-content-type-options:
      - nosniff
      x-ms-gatewayversion:
      - version=2.7.0
    status:
      code: 200
      message: Ok
- request:
    body: null
    headers:
      Accept:
      - application/json
      Accept-Encoding:
      - gzip, deflate
      CommandName:
      - cosmosdb create
      Connection:
      - keep-alive
      ParameterSetName:
      - -n -g --locations --locations
      User-Agent:
      - python/3.7.0 (Windows-10-10.0.18362-SP0) msrest/0.6.7 msrest_azure/0.6.2 azure-mgmt-cosmosdb/0.11.0
        Azure-SDK-For-Python AZURECLI/2.0.76
    method: GET
    uri: https://management.azure.com/subscriptions/00000000-0000-0000-0000-000000000000/providers/Microsoft.DocumentDB/locations/westus/operationsStatus/bbacc508-efe2-45a3-ba5d-c065aa810c30?api-version=2019-08-01
  response:
    body:
      string: '{"status":"Dequeued","error":{}}'
    headers:
      cache-control:
      - no-store, no-cache
      content-length:
      - '32'
      content-location:
      - https://management.documents.azure.com:450/subscriptions/3901edbf-e5b3-4040-a565-13784a96c238/providers/Microsoft.DocumentDB/locations/westus/operationsStatus/bbacc508-efe2-45a3-ba5d-c065aa810c30?api-version=2019-08-01
      content-type:
      - application/json
      date:
      - Wed, 11 Dec 2019 01:37:16 GMT
      pragma:
      - no-cache
      server:
      - Microsoft-HTTPAPI/2.0
      strict-transport-security:
      - max-age=31536000; includeSubDomains
      transfer-encoding:
      - chunked
      vary:
      - Accept-Encoding
      x-content-type-options:
      - nosniff
      x-ms-gatewayversion:
      - version=2.7.0
    status:
      code: 200
      message: Ok
- request:
    body: null
    headers:
      Accept:
      - application/json
      Accept-Encoding:
      - gzip, deflate
      CommandName:
      - cosmosdb create
      Connection:
      - keep-alive
      ParameterSetName:
      - -n -g --locations --locations
      User-Agent:
      - python/3.7.0 (Windows-10-10.0.18362-SP0) msrest/0.6.7 msrest_azure/0.6.2 azure-mgmt-cosmosdb/0.11.0
        Azure-SDK-For-Python AZURECLI/2.0.76
    method: GET
    uri: https://management.azure.com/subscriptions/00000000-0000-0000-0000-000000000000/providers/Microsoft.DocumentDB/locations/westus/operationsStatus/bbacc508-efe2-45a3-ba5d-c065aa810c30?api-version=2019-08-01
  response:
    body:
      string: '{"status":"Dequeued","error":{}}'
    headers:
      cache-control:
      - no-store, no-cache
      content-length:
      - '32'
      content-location:
      - https://management.documents.azure.com:450/subscriptions/3901edbf-e5b3-4040-a565-13784a96c238/providers/Microsoft.DocumentDB/locations/westus/operationsStatus/bbacc508-efe2-45a3-ba5d-c065aa810c30?api-version=2019-08-01
      content-type:
      - application/json
      date:
      - Wed, 11 Dec 2019 01:37:47 GMT
      pragma:
      - no-cache
      server:
      - Microsoft-HTTPAPI/2.0
      strict-transport-security:
      - max-age=31536000; includeSubDomains
      transfer-encoding:
      - chunked
      vary:
      - Accept-Encoding
      x-content-type-options:
      - nosniff
      x-ms-gatewayversion:
      - version=2.7.0
    status:
      code: 200
      message: Ok
- request:
    body: null
    headers:
      Accept:
      - application/json
      Accept-Encoding:
      - gzip, deflate
      CommandName:
      - cosmosdb create
      Connection:
      - keep-alive
      ParameterSetName:
      - -n -g --locations --locations
      User-Agent:
      - python/3.7.0 (Windows-10-10.0.18362-SP0) msrest/0.6.7 msrest_azure/0.6.2 azure-mgmt-cosmosdb/0.11.0
        Azure-SDK-For-Python AZURECLI/2.0.76
    method: GET
    uri: https://management.azure.com/subscriptions/00000000-0000-0000-0000-000000000000/providers/Microsoft.DocumentDB/locations/westus/operationsStatus/bbacc508-efe2-45a3-ba5d-c065aa810c30?api-version=2019-08-01
  response:
    body:
      string: '{"status":"Dequeued","error":{}}'
    headers:
      cache-control:
      - no-store, no-cache
      content-length:
      - '32'
      content-location:
      - https://management.documents.azure.com:450/subscriptions/3901edbf-e5b3-4040-a565-13784a96c238/providers/Microsoft.DocumentDB/locations/westus/operationsStatus/bbacc508-efe2-45a3-ba5d-c065aa810c30?api-version=2019-08-01
      content-type:
      - application/json
      date:
      - Wed, 11 Dec 2019 01:38:17 GMT
      pragma:
      - no-cache
      server:
      - Microsoft-HTTPAPI/2.0
      strict-transport-security:
      - max-age=31536000; includeSubDomains
      transfer-encoding:
      - chunked
      vary:
      - Accept-Encoding
      x-content-type-options:
      - nosniff
      x-ms-gatewayversion:
      - version=2.7.0
    status:
      code: 200
      message: Ok
- request:
    body: null
    headers:
      Accept:
      - application/json
      Accept-Encoding:
      - gzip, deflate
      CommandName:
      - cosmosdb create
      Connection:
      - keep-alive
      ParameterSetName:
      - -n -g --locations --locations
      User-Agent:
      - python/3.7.0 (Windows-10-10.0.18362-SP0) msrest/0.6.7 msrest_azure/0.6.2 azure-mgmt-cosmosdb/0.11.0
        Azure-SDK-For-Python AZURECLI/2.0.76
    method: GET
    uri: https://management.azure.com/subscriptions/00000000-0000-0000-0000-000000000000/providers/Microsoft.DocumentDB/locations/westus/operationsStatus/bbacc508-efe2-45a3-ba5d-c065aa810c30?api-version=2019-08-01
  response:
    body:
      string: '{"status":"Dequeued","error":{}}'
    headers:
      cache-control:
      - no-store, no-cache
      content-length:
      - '32'
      content-location:
      - https://management.documents.azure.com:450/subscriptions/3901edbf-e5b3-4040-a565-13784a96c238/providers/Microsoft.DocumentDB/locations/westus/operationsStatus/bbacc508-efe2-45a3-ba5d-c065aa810c30?api-version=2019-08-01
      content-type:
      - application/json
      date:
      - Wed, 11 Dec 2019 01:38:48 GMT
      pragma:
      - no-cache
      server:
      - Microsoft-HTTPAPI/2.0
      strict-transport-security:
      - max-age=31536000; includeSubDomains
      transfer-encoding:
      - chunked
      vary:
      - Accept-Encoding
      x-content-type-options:
      - nosniff
      x-ms-gatewayversion:
      - version=2.7.0
    status:
      code: 200
      message: Ok
- request:
    body: null
    headers:
      Accept:
      - application/json
      Accept-Encoding:
      - gzip, deflate
      CommandName:
      - cosmosdb create
      Connection:
      - keep-alive
      ParameterSetName:
      - -n -g --locations --locations
      User-Agent:
      - python/3.7.0 (Windows-10-10.0.18362-SP0) msrest/0.6.7 msrest_azure/0.6.2 azure-mgmt-cosmosdb/0.11.0
        Azure-SDK-For-Python AZURECLI/2.0.76
    method: GET
    uri: https://management.azure.com/subscriptions/00000000-0000-0000-0000-000000000000/providers/Microsoft.DocumentDB/locations/westus/operationsStatus/bbacc508-efe2-45a3-ba5d-c065aa810c30?api-version=2019-08-01
  response:
    body:
      string: '{"status":"Dequeued","error":{}}'
    headers:
      cache-control:
      - no-store, no-cache
      content-length:
      - '32'
      content-location:
      - https://management.documents.azure.com:450/subscriptions/3901edbf-e5b3-4040-a565-13784a96c238/providers/Microsoft.DocumentDB/locations/westus/operationsStatus/bbacc508-efe2-45a3-ba5d-c065aa810c30?api-version=2019-08-01
      content-type:
      - application/json
      date:
      - Wed, 11 Dec 2019 01:39:19 GMT
      pragma:
      - no-cache
      server:
      - Microsoft-HTTPAPI/2.0
      strict-transport-security:
      - max-age=31536000; includeSubDomains
      transfer-encoding:
      - chunked
      vary:
      - Accept-Encoding
      x-content-type-options:
      - nosniff
      x-ms-gatewayversion:
      - version=2.7.0
    status:
      code: 200
      message: Ok
- request:
    body: null
    headers:
      Accept:
      - application/json
      Accept-Encoding:
      - gzip, deflate
      CommandName:
      - cosmosdb create
      Connection:
      - keep-alive
      ParameterSetName:
      - -n -g --locations --locations
      User-Agent:
      - python/3.7.0 (Windows-10-10.0.18362-SP0) msrest/0.6.7 msrest_azure/0.6.2 azure-mgmt-cosmosdb/0.11.0
        Azure-SDK-For-Python AZURECLI/2.0.76
    method: GET
    uri: https://management.azure.com/subscriptions/00000000-0000-0000-0000-000000000000/providers/Microsoft.DocumentDB/locations/westus/operationsStatus/bbacc508-efe2-45a3-ba5d-c065aa810c30?api-version=2019-08-01
  response:
    body:
      string: '{"status":"Dequeued","error":{}}'
    headers:
      cache-control:
      - no-store, no-cache
      content-length:
      - '32'
      content-location:
      - https://management.documents.azure.com:450/subscriptions/3901edbf-e5b3-4040-a565-13784a96c238/providers/Microsoft.DocumentDB/locations/westus/operationsStatus/bbacc508-efe2-45a3-ba5d-c065aa810c30?api-version=2019-08-01
      content-type:
      - application/json
      date:
      - Wed, 11 Dec 2019 01:39:48 GMT
      pragma:
      - no-cache
      server:
      - Microsoft-HTTPAPI/2.0
      strict-transport-security:
      - max-age=31536000; includeSubDomains
      transfer-encoding:
      - chunked
      vary:
      - Accept-Encoding
      x-content-type-options:
      - nosniff
      x-ms-gatewayversion:
      - version=2.7.0
    status:
      code: 200
      message: Ok
- request:
    body: null
    headers:
      Accept:
      - application/json
      Accept-Encoding:
      - gzip, deflate
      CommandName:
      - cosmosdb create
      Connection:
      - keep-alive
      ParameterSetName:
      - -n -g --locations --locations
      User-Agent:
      - python/3.7.0 (Windows-10-10.0.18362-SP0) msrest/0.6.7 msrest_azure/0.6.2 azure-mgmt-cosmosdb/0.11.0
        Azure-SDK-For-Python AZURECLI/2.0.76
    method: GET
    uri: https://management.azure.com/subscriptions/00000000-0000-0000-0000-000000000000/providers/Microsoft.DocumentDB/locations/westus/operationsStatus/bbacc508-efe2-45a3-ba5d-c065aa810c30?api-version=2019-08-01
  response:
    body:
      string: '{"status":"Dequeued","error":{}}'
    headers:
      cache-control:
      - no-store, no-cache
      content-length:
      - '32'
      content-location:
      - https://management.documents.azure.com:450/subscriptions/3901edbf-e5b3-4040-a565-13784a96c238/providers/Microsoft.DocumentDB/locations/westus/operationsStatus/bbacc508-efe2-45a3-ba5d-c065aa810c30?api-version=2019-08-01
      content-type:
      - application/json
      date:
      - Wed, 11 Dec 2019 01:40:20 GMT
      pragma:
      - no-cache
      server:
      - Microsoft-HTTPAPI/2.0
      strict-transport-security:
      - max-age=31536000; includeSubDomains
      transfer-encoding:
      - chunked
      vary:
      - Accept-Encoding
      x-content-type-options:
      - nosniff
      x-ms-gatewayversion:
      - version=2.7.0
    status:
      code: 200
      message: Ok
- request:
    body: null
    headers:
      Accept:
      - application/json
      Accept-Encoding:
      - gzip, deflate
      CommandName:
      - cosmosdb create
      Connection:
      - keep-alive
      ParameterSetName:
      - -n -g --locations --locations
      User-Agent:
      - python/3.7.0 (Windows-10-10.0.18362-SP0) msrest/0.6.7 msrest_azure/0.6.2 azure-mgmt-cosmosdb/0.11.0
        Azure-SDK-For-Python AZURECLI/2.0.76
    method: GET
    uri: https://management.azure.com/subscriptions/00000000-0000-0000-0000-000000000000/providers/Microsoft.DocumentDB/locations/westus/operationsStatus/bbacc508-efe2-45a3-ba5d-c065aa810c30?api-version=2019-08-01
  response:
    body:
      string: '{"status":"Dequeued","error":{}}'
    headers:
      cache-control:
      - no-store, no-cache
      content-length:
      - '32'
      content-location:
      - https://management.documents.azure.com:450/subscriptions/3901edbf-e5b3-4040-a565-13784a96c238/providers/Microsoft.DocumentDB/locations/westus/operationsStatus/bbacc508-efe2-45a3-ba5d-c065aa810c30?api-version=2019-08-01
      content-type:
      - application/json
      date:
      - Wed, 11 Dec 2019 01:40:50 GMT
      pragma:
      - no-cache
      server:
      - Microsoft-HTTPAPI/2.0
      strict-transport-security:
      - max-age=31536000; includeSubDomains
      transfer-encoding:
      - chunked
      vary:
      - Accept-Encoding
      x-content-type-options:
      - nosniff
      x-ms-gatewayversion:
      - version=2.7.0
    status:
      code: 200
      message: Ok
- request:
    body: null
    headers:
      Accept:
      - application/json
      Accept-Encoding:
      - gzip, deflate
      CommandName:
      - cosmosdb create
      Connection:
      - keep-alive
      ParameterSetName:
      - -n -g --locations --locations
      User-Agent:
      - python/3.7.0 (Windows-10-10.0.18362-SP0) msrest/0.6.7 msrest_azure/0.6.2 azure-mgmt-cosmosdb/0.11.0
        Azure-SDK-For-Python AZURECLI/2.0.76
    method: GET
    uri: https://management.azure.com/subscriptions/00000000-0000-0000-0000-000000000000/providers/Microsoft.DocumentDB/locations/westus/operationsStatus/bbacc508-efe2-45a3-ba5d-c065aa810c30?api-version=2019-08-01
  response:
    body:
      string: '{"status":"Dequeued","error":{}}'
    headers:
      cache-control:
      - no-store, no-cache
      content-length:
      - '32'
      content-location:
      - https://management.documents.azure.com:450/subscriptions/3901edbf-e5b3-4040-a565-13784a96c238/providers/Microsoft.DocumentDB/locations/westus/operationsStatus/bbacc508-efe2-45a3-ba5d-c065aa810c30?api-version=2019-08-01
      content-type:
      - application/json
      date:
      - Wed, 11 Dec 2019 01:41:20 GMT
      pragma:
      - no-cache
      server:
      - Microsoft-HTTPAPI/2.0
      strict-transport-security:
      - max-age=31536000; includeSubDomains
      transfer-encoding:
      - chunked
      vary:
      - Accept-Encoding
      x-content-type-options:
      - nosniff
      x-ms-gatewayversion:
      - version=2.7.0
    status:
      code: 200
      message: Ok
- request:
    body: null
    headers:
      Accept:
      - application/json
      Accept-Encoding:
      - gzip, deflate
      CommandName:
      - cosmosdb create
      Connection:
      - keep-alive
      ParameterSetName:
      - -n -g --locations --locations
      User-Agent:
      - python/3.7.0 (Windows-10-10.0.18362-SP0) msrest/0.6.7 msrest_azure/0.6.2 azure-mgmt-cosmosdb/0.11.0
        Azure-SDK-For-Python AZURECLI/2.0.76
    method: GET
    uri: https://management.azure.com/subscriptions/00000000-0000-0000-0000-000000000000/providers/Microsoft.DocumentDB/locations/westus/operationsStatus/bbacc508-efe2-45a3-ba5d-c065aa810c30?api-version=2019-08-01
  response:
    body:
      string: '{"status":"Dequeued","error":{}}'
    headers:
      cache-control:
      - no-store, no-cache
      content-length:
      - '32'
      content-location:
      - https://management.documents.azure.com:450/subscriptions/3901edbf-e5b3-4040-a565-13784a96c238/providers/Microsoft.DocumentDB/locations/westus/operationsStatus/bbacc508-efe2-45a3-ba5d-c065aa810c30?api-version=2019-08-01
      content-type:
      - application/json
      date:
      - Wed, 11 Dec 2019 01:41:50 GMT
      pragma:
      - no-cache
      server:
      - Microsoft-HTTPAPI/2.0
      strict-transport-security:
      - max-age=31536000; includeSubDomains
      transfer-encoding:
      - chunked
      vary:
      - Accept-Encoding
      x-content-type-options:
      - nosniff
      x-ms-gatewayversion:
      - version=2.7.0
    status:
      code: 200
      message: Ok
- request:
    body: null
    headers:
      Accept:
      - application/json
      Accept-Encoding:
      - gzip, deflate
      CommandName:
      - cosmosdb create
      Connection:
      - keep-alive
      ParameterSetName:
      - -n -g --locations --locations
      User-Agent:
      - python/3.7.0 (Windows-10-10.0.18362-SP0) msrest/0.6.7 msrest_azure/0.6.2 azure-mgmt-cosmosdb/0.11.0
        Azure-SDK-For-Python AZURECLI/2.0.76
    method: GET
    uri: https://management.azure.com/subscriptions/00000000-0000-0000-0000-000000000000/providers/Microsoft.DocumentDB/locations/westus/operationsStatus/bbacc508-efe2-45a3-ba5d-c065aa810c30?api-version=2019-08-01
  response:
    body:
      string: '{"status":"Dequeued","error":{}}'
    headers:
      cache-control:
      - no-store, no-cache
      content-length:
      - '32'
      content-location:
      - https://management.documents.azure.com:450/subscriptions/3901edbf-e5b3-4040-a565-13784a96c238/providers/Microsoft.DocumentDB/locations/westus/operationsStatus/bbacc508-efe2-45a3-ba5d-c065aa810c30?api-version=2019-08-01
      content-type:
      - application/json
      date:
      - Wed, 11 Dec 2019 01:42:21 GMT
      pragma:
      - no-cache
      server:
      - Microsoft-HTTPAPI/2.0
      strict-transport-security:
      - max-age=31536000; includeSubDomains
      transfer-encoding:
      - chunked
      vary:
      - Accept-Encoding
      x-content-type-options:
      - nosniff
      x-ms-gatewayversion:
      - version=2.7.0
    status:
      code: 200
      message: Ok
- request:
    body: null
    headers:
      Accept:
      - application/json
      Accept-Encoding:
      - gzip, deflate
      CommandName:
      - cosmosdb create
      Connection:
      - keep-alive
      ParameterSetName:
      - -n -g --locations --locations
      User-Agent:
      - python/3.7.0 (Windows-10-10.0.18362-SP0) msrest/0.6.7 msrest_azure/0.6.2 azure-mgmt-cosmosdb/0.11.0
        Azure-SDK-For-Python AZURECLI/2.0.76
    method: GET
    uri: https://management.azure.com/subscriptions/00000000-0000-0000-0000-000000000000/providers/Microsoft.DocumentDB/locations/westus/operationsStatus/bbacc508-efe2-45a3-ba5d-c065aa810c30?api-version=2019-08-01
  response:
    body:
      string: '{"status":"Dequeued","error":{}}'
    headers:
      cache-control:
      - no-store, no-cache
      content-length:
      - '32'
      content-location:
      - https://management.documents.azure.com:450/subscriptions/3901edbf-e5b3-4040-a565-13784a96c238/providers/Microsoft.DocumentDB/locations/westus/operationsStatus/bbacc508-efe2-45a3-ba5d-c065aa810c30?api-version=2019-08-01
      content-type:
      - application/json
      date:
      - Wed, 11 Dec 2019 01:42:52 GMT
      pragma:
      - no-cache
      server:
      - Microsoft-HTTPAPI/2.0
      strict-transport-security:
      - max-age=31536000; includeSubDomains
      transfer-encoding:
      - chunked
      vary:
      - Accept-Encoding
      x-content-type-options:
      - nosniff
      x-ms-gatewayversion:
      - version=2.7.0
    status:
      code: 200
      message: Ok
- request:
    body: null
    headers:
      Accept:
      - application/json
      Accept-Encoding:
      - gzip, deflate
      CommandName:
      - cosmosdb create
      Connection:
      - keep-alive
      ParameterSetName:
      - -n -g --locations --locations
      User-Agent:
      - python/3.7.0 (Windows-10-10.0.18362-SP0) msrest/0.6.7 msrest_azure/0.6.2 azure-mgmt-cosmosdb/0.11.0
        Azure-SDK-For-Python AZURECLI/2.0.76
    method: GET
    uri: https://management.azure.com/subscriptions/00000000-0000-0000-0000-000000000000/providers/Microsoft.DocumentDB/locations/westus/operationsStatus/bbacc508-efe2-45a3-ba5d-c065aa810c30?api-version=2019-08-01
  response:
    body:
      string: '{"status":"Dequeued","error":{}}'
    headers:
      cache-control:
      - no-store, no-cache
      content-length:
      - '32'
      content-location:
      - https://management.documents.azure.com:450/subscriptions/3901edbf-e5b3-4040-a565-13784a96c238/providers/Microsoft.DocumentDB/locations/westus/operationsStatus/bbacc508-efe2-45a3-ba5d-c065aa810c30?api-version=2019-08-01
      content-type:
      - application/json
      date:
      - Wed, 11 Dec 2019 01:43:22 GMT
      pragma:
      - no-cache
      server:
      - Microsoft-HTTPAPI/2.0
      strict-transport-security:
      - max-age=31536000; includeSubDomains
      transfer-encoding:
      - chunked
      vary:
      - Accept-Encoding
      x-content-type-options:
      - nosniff
      x-ms-gatewayversion:
      - version=2.7.0
    status:
      code: 200
      message: Ok
- request:
    body: null
    headers:
      Accept:
      - application/json
      Accept-Encoding:
      - gzip, deflate
      CommandName:
      - cosmosdb create
      Connection:
      - keep-alive
      ParameterSetName:
      - -n -g --locations --locations
      User-Agent:
      - python/3.7.0 (Windows-10-10.0.18362-SP0) msrest/0.6.7 msrest_azure/0.6.2 azure-mgmt-cosmosdb/0.11.0
        Azure-SDK-For-Python AZURECLI/2.0.76
    method: GET
    uri: https://management.azure.com/subscriptions/00000000-0000-0000-0000-000000000000/providers/Microsoft.DocumentDB/locations/westus/operationsStatus/bbacc508-efe2-45a3-ba5d-c065aa810c30?api-version=2019-08-01
  response:
    body:
      string: '{"status":"Dequeued","error":{}}'
    headers:
      cache-control:
      - no-store, no-cache
      content-length:
      - '32'
      content-location:
      - https://management.documents.azure.com:450/subscriptions/3901edbf-e5b3-4040-a565-13784a96c238/providers/Microsoft.DocumentDB/locations/westus/operationsStatus/bbacc508-efe2-45a3-ba5d-c065aa810c30?api-version=2019-08-01
      content-type:
      - application/json
      date:
      - Wed, 11 Dec 2019 01:43:52 GMT
      pragma:
      - no-cache
      server:
      - Microsoft-HTTPAPI/2.0
      strict-transport-security:
      - max-age=31536000; includeSubDomains
      transfer-encoding:
      - chunked
      vary:
      - Accept-Encoding
      x-content-type-options:
      - nosniff
      x-ms-gatewayversion:
      - version=2.7.0
    status:
      code: 200
      message: Ok
- request:
    body: null
    headers:
      Accept:
      - application/json
      Accept-Encoding:
      - gzip, deflate
      CommandName:
      - cosmosdb create
      Connection:
      - keep-alive
      ParameterSetName:
      - -n -g --locations --locations
      User-Agent:
      - python/3.7.0 (Windows-10-10.0.18362-SP0) msrest/0.6.7 msrest_azure/0.6.2 azure-mgmt-cosmosdb/0.11.0
        Azure-SDK-For-Python AZURECLI/2.0.76
    method: GET
    uri: https://management.azure.com/subscriptions/00000000-0000-0000-0000-000000000000/providers/Microsoft.DocumentDB/locations/westus/operationsStatus/bbacc508-efe2-45a3-ba5d-c065aa810c30?api-version=2019-08-01
  response:
    body:
      string: '{"status":"Dequeued","error":{}}'
    headers:
      cache-control:
      - no-store, no-cache
      content-length:
      - '32'
      content-location:
      - https://management.documents.azure.com:450/subscriptions/3901edbf-e5b3-4040-a565-13784a96c238/providers/Microsoft.DocumentDB/locations/westus/operationsStatus/bbacc508-efe2-45a3-ba5d-c065aa810c30?api-version=2019-08-01
      content-type:
      - application/json
      date:
      - Wed, 11 Dec 2019 01:44:23 GMT
      pragma:
      - no-cache
      server:
      - Microsoft-HTTPAPI/2.0
      strict-transport-security:
      - max-age=31536000; includeSubDomains
      transfer-encoding:
      - chunked
      vary:
      - Accept-Encoding
      x-content-type-options:
      - nosniff
      x-ms-gatewayversion:
      - version=2.7.0
    status:
      code: 200
      message: Ok
- request:
    body: null
    headers:
      Accept:
      - application/json
      Accept-Encoding:
      - gzip, deflate
      CommandName:
      - cosmosdb create
      Connection:
      - keep-alive
      ParameterSetName:
      - -n -g --locations --locations
      User-Agent:
      - python/3.7.0 (Windows-10-10.0.18362-SP0) msrest/0.6.7 msrest_azure/0.6.2 azure-mgmt-cosmosdb/0.11.0
        Azure-SDK-For-Python AZURECLI/2.0.76
    method: GET
    uri: https://management.azure.com/subscriptions/00000000-0000-0000-0000-000000000000/providers/Microsoft.DocumentDB/locations/westus/operationsStatus/bbacc508-efe2-45a3-ba5d-c065aa810c30?api-version=2019-08-01
  response:
    body:
      string: '{"status":"Dequeued","error":{}}'
    headers:
      cache-control:
      - no-store, no-cache
      content-length:
      - '32'
      content-location:
      - https://management.documents.azure.com:450/subscriptions/3901edbf-e5b3-4040-a565-13784a96c238/providers/Microsoft.DocumentDB/locations/westus/operationsStatus/bbacc508-efe2-45a3-ba5d-c065aa810c30?api-version=2019-08-01
      content-type:
      - application/json
      date:
      - Wed, 11 Dec 2019 01:44:53 GMT
      pragma:
      - no-cache
      server:
      - Microsoft-HTTPAPI/2.0
      strict-transport-security:
      - max-age=31536000; includeSubDomains
      transfer-encoding:
      - chunked
      vary:
      - Accept-Encoding
      x-content-type-options:
      - nosniff
      x-ms-gatewayversion:
      - version=2.7.0
    status:
      code: 200
      message: Ok
- request:
    body: null
    headers:
      Accept:
      - application/json
      Accept-Encoding:
      - gzip, deflate
      CommandName:
      - cosmosdb create
      Connection:
      - keep-alive
      ParameterSetName:
      - -n -g --locations --locations
      User-Agent:
      - python/3.7.0 (Windows-10-10.0.18362-SP0) msrest/0.6.7 msrest_azure/0.6.2 azure-mgmt-cosmosdb/0.11.0
        Azure-SDK-For-Python AZURECLI/2.0.76
    method: GET
    uri: https://management.azure.com/subscriptions/00000000-0000-0000-0000-000000000000/providers/Microsoft.DocumentDB/locations/westus/operationsStatus/bbacc508-efe2-45a3-ba5d-c065aa810c30?api-version=2019-08-01
  response:
    body:
      string: '{"status":"Dequeued","error":{}}'
    headers:
      cache-control:
      - no-store, no-cache
      content-length:
      - '32'
      content-location:
      - https://management.documents.azure.com:450/subscriptions/3901edbf-e5b3-4040-a565-13784a96c238/providers/Microsoft.DocumentDB/locations/westus/operationsStatus/bbacc508-efe2-45a3-ba5d-c065aa810c30?api-version=2019-08-01
      content-type:
      - application/json
      date:
      - Wed, 11 Dec 2019 01:45:24 GMT
      pragma:
      - no-cache
      server:
      - Microsoft-HTTPAPI/2.0
      strict-transport-security:
      - max-age=31536000; includeSubDomains
      transfer-encoding:
      - chunked
      vary:
      - Accept-Encoding
      x-content-type-options:
      - nosniff
      x-ms-gatewayversion:
      - version=2.7.0
    status:
      code: 200
      message: Ok
- request:
    body: null
    headers:
      Accept:
      - application/json
      Accept-Encoding:
      - gzip, deflate
      CommandName:
      - cosmosdb create
      Connection:
      - keep-alive
      ParameterSetName:
      - -n -g --locations --locations
      User-Agent:
      - python/3.7.0 (Windows-10-10.0.18362-SP0) msrest/0.6.7 msrest_azure/0.6.2 azure-mgmt-cosmosdb/0.11.0
        Azure-SDK-For-Python AZURECLI/2.0.76
    method: GET
    uri: https://management.azure.com/subscriptions/00000000-0000-0000-0000-000000000000/providers/Microsoft.DocumentDB/locations/westus/operationsStatus/bbacc508-efe2-45a3-ba5d-c065aa810c30?api-version=2019-08-01
  response:
    body:
      string: '{"status":"Dequeued","error":{}}'
    headers:
      cache-control:
      - no-store, no-cache
      content-length:
      - '32'
      content-location:
      - https://management.documents.azure.com:450/subscriptions/3901edbf-e5b3-4040-a565-13784a96c238/providers/Microsoft.DocumentDB/locations/westus/operationsStatus/bbacc508-efe2-45a3-ba5d-c065aa810c30?api-version=2019-08-01
      content-type:
      - application/json
      date:
      - Wed, 11 Dec 2019 01:45:54 GMT
      pragma:
      - no-cache
      server:
      - Microsoft-HTTPAPI/2.0
      strict-transport-security:
      - max-age=31536000; includeSubDomains
      transfer-encoding:
      - chunked
      vary:
      - Accept-Encoding
      x-content-type-options:
      - nosniff
      x-ms-gatewayversion:
      - version=2.7.0
    status:
      code: 200
      message: Ok
- request:
    body: null
    headers:
      Accept:
      - application/json
      Accept-Encoding:
      - gzip, deflate
      CommandName:
      - cosmosdb create
      Connection:
      - keep-alive
      ParameterSetName:
      - -n -g --locations --locations
      User-Agent:
      - python/3.7.0 (Windows-10-10.0.18362-SP0) msrest/0.6.7 msrest_azure/0.6.2 azure-mgmt-cosmosdb/0.11.0
        Azure-SDK-For-Python AZURECLI/2.0.76
    method: GET
    uri: https://management.azure.com/subscriptions/00000000-0000-0000-0000-000000000000/providers/Microsoft.DocumentDB/locations/westus/operationsStatus/bbacc508-efe2-45a3-ba5d-c065aa810c30?api-version=2019-08-01
  response:
    body:
      string: '{"status":"Dequeued","error":{}}'
    headers:
      cache-control:
      - no-store, no-cache
      content-length:
      - '32'
      content-location:
      - https://management.documents.azure.com:450/subscriptions/3901edbf-e5b3-4040-a565-13784a96c238/providers/Microsoft.DocumentDB/locations/westus/operationsStatus/bbacc508-efe2-45a3-ba5d-c065aa810c30?api-version=2019-08-01
      content-type:
      - application/json
      date:
      - Wed, 11 Dec 2019 01:46:24 GMT
      pragma:
      - no-cache
      server:
      - Microsoft-HTTPAPI/2.0
      strict-transport-security:
      - max-age=31536000; includeSubDomains
      transfer-encoding:
      - chunked
      vary:
      - Accept-Encoding
      x-content-type-options:
      - nosniff
      x-ms-gatewayversion:
      - version=2.7.0
    status:
      code: 200
      message: Ok
- request:
    body: null
    headers:
      Accept:
      - application/json
      Accept-Encoding:
      - gzip, deflate
      CommandName:
      - cosmosdb create
      Connection:
      - keep-alive
      ParameterSetName:
      - -n -g --locations --locations
      User-Agent:
      - python/3.7.0 (Windows-10-10.0.18362-SP0) msrest/0.6.7 msrest_azure/0.6.2 azure-mgmt-cosmosdb/0.11.0
        Azure-SDK-For-Python AZURECLI/2.0.76
    method: GET
    uri: https://management.azure.com/subscriptions/00000000-0000-0000-0000-000000000000/providers/Microsoft.DocumentDB/locations/westus/operationsStatus/bbacc508-efe2-45a3-ba5d-c065aa810c30?api-version=2019-08-01
  response:
    body:
      string: '{"status":"Succeeded","error":{}}'
    headers:
      cache-control:
      - no-store, no-cache
      content-length:
      - '33'
      content-location:
      - https://management.documents.azure.com:450/subscriptions/3901edbf-e5b3-4040-a565-13784a96c238/providers/Microsoft.DocumentDB/locations/westus/operationsStatus/bbacc508-efe2-45a3-ba5d-c065aa810c30?api-version=2019-08-01
      content-type:
      - application/json
      date:
      - Wed, 11 Dec 2019 01:46:54 GMT
      pragma:
      - no-cache
      server:
      - Microsoft-HTTPAPI/2.0
      strict-transport-security:
      - max-age=31536000; includeSubDomains
      transfer-encoding:
      - chunked
      vary:
      - Accept-Encoding
      x-content-type-options:
      - nosniff
      x-ms-gatewayversion:
      - version=2.7.0
    status:
      code: 200
      message: Ok
- request:
    body: null
    headers:
      Accept:
      - application/json
      Accept-Encoding:
      - gzip, deflate
      CommandName:
      - cosmosdb create
      Connection:
      - keep-alive
      ParameterSetName:
      - -n -g --locations --locations
      User-Agent:
      - python/3.7.0 (Windows-10-10.0.18362-SP0) msrest/0.6.7 msrest_azure/0.6.2 azure-mgmt-cosmosdb/0.11.0
        Azure-SDK-For-Python AZURECLI/2.0.76
    method: GET
    uri: https://management.azure.com/subscriptions/00000000-0000-0000-0000-000000000000/resourceGroups/cli_test_cosmosdb_account000001/providers/Microsoft.DocumentDB/databaseAccounts/cli000002?api-version=2019-08-01
  response:
    body:
      string: '{"id":"/subscriptions/00000000-0000-0000-0000-000000000000/resourceGroups/cli_test_cosmosdb_account000001/providers/Microsoft.DocumentDB/databaseAccounts/cli000002","name":"cli000002","location":"West
        US","type":"Microsoft.DocumentDB/databaseAccounts","kind":"GlobalDocumentDB","tags":{},"properties":{"provisioningState":"Succeeded","documentEndpoint":"https://cli000002.documents.azure.com:443/","ipRangeFilter":"","enableAutomaticFailover":false,"enableMultipleWriteLocations":false,"enablePartitionKeyMonitor":false,"isVirtualNetworkFilterEnabled":false,"virtualNetworkRules":[],"EnabledApiTypes":"Sql","disableKeyBasedMetadataWriteAccess":false,"databaseAccountOfferType":"Standard","consistencyPolicy":{"defaultConsistencyLevel":"Session","maxIntervalInSeconds":5,"maxStalenessPrefix":100},"configurationOverrides":{},"writeLocations":[{"id":"cli000002-eastus","locationName":"East
        US","documentEndpoint":"https://cli000002-eastus.documents.azure.com:443/","provisioningState":"Succeeded","failoverPriority":0,"isZoneRedundant":false}],"readLocations":[{"id":"cli000002-eastus","locationName":"East
        US","documentEndpoint":"https://cli000002-eastus.documents.azure.com:443/","provisioningState":"Succeeded","failoverPriority":0,"isZoneRedundant":false},{"id":"cli000002-westus","locationName":"West
        US","documentEndpoint":"https://cli000002-westus.documents.azure.com:443/","provisioningState":"Succeeded","failoverPriority":1,"isZoneRedundant":false}],"locations":[{"id":"cli000002-eastus","locationName":"East
        US","documentEndpoint":"https://cli000002-eastus.documents.azure.com:443/","provisioningState":"Succeeded","failoverPriority":0,"isZoneRedundant":false},{"id":"cli000002-westus","locationName":"West
        US","documentEndpoint":"https://cli000002-westus.documents.azure.com:443/","provisioningState":"Succeeded","failoverPriority":1,"isZoneRedundant":false}],"failoverPolicies":[{"id":"cli000002-eastus","locationName":"East
        US","failoverPriority":0},{"id":"cli000002-westus","locationName":"West US","failoverPriority":1}],"cors":[],"capabilities":[]}}'
    headers:
      cache-control:
      - no-store, no-cache
      content-length:
      - '2573'
      content-location:
      - https://management.documents.azure.com:450/subscriptions/3901edbf-e5b3-4040-a565-13784a96c238/resourceGroups/cli_test_cosmosdb_accountgvtxvijkx7xgdinfkyjvzfylkdy7rwdxptojh434dpy3dy6iye/providers/Microsoft.DocumentDB/databaseAccounts/cli5ikwpa336trgw7jzqlmfw4f5rlwffw23gvehy?api-version=2019-08-01
      content-type:
      - application/json
      date:
      - Wed, 11 Dec 2019 01:46:55 GMT
      pragma:
      - no-cache
      server:
      - Microsoft-HTTPAPI/2.0
      strict-transport-security:
      - max-age=31536000; includeSubDomains
      transfer-encoding:
      - chunked
      vary:
      - Accept-Encoding
      x-content-type-options:
      - nosniff
      x-ms-gatewayversion:
      - version=2.7.0
    status:
      code: 200
      message: Ok
- request:
    body: null
    headers:
      Accept:
      - application/json
      Accept-Encoding:
      - gzip, deflate
      CommandName:
      - cosmosdb create
      Connection:
      - keep-alive
      ParameterSetName:
      - -n -g --locations --locations
      User-Agent:
      - python/3.7.0 (Windows-10-10.0.18362-SP0) msrest/0.6.7 msrest_azure/0.6.2 azure-mgmt-cosmosdb/0.11.0
        Azure-SDK-For-Python AZURECLI/2.0.76
      accept-language:
      - en-US
    method: GET
    uri: https://management.azure.com/subscriptions/00000000-0000-0000-0000-000000000000/resourceGroups/cli_test_cosmosdb_account000001/providers/Microsoft.DocumentDB/databaseAccounts/cli000002?api-version=2019-08-01
  response:
    body:
      string: '{"id":"/subscriptions/00000000-0000-0000-0000-000000000000/resourceGroups/cli_test_cosmosdb_account000001/providers/Microsoft.DocumentDB/databaseAccounts/cli000002","name":"cli000002","location":"West
        US","type":"Microsoft.DocumentDB/databaseAccounts","kind":"GlobalDocumentDB","tags":{},"properties":{"provisioningState":"Succeeded","documentEndpoint":"https://cli000002.documents.azure.com:443/","ipRangeFilter":"","enableAutomaticFailover":false,"enableMultipleWriteLocations":false,"enablePartitionKeyMonitor":false,"isVirtualNetworkFilterEnabled":false,"virtualNetworkRules":[],"EnabledApiTypes":"Sql","disableKeyBasedMetadataWriteAccess":false,"databaseAccountOfferType":"Standard","consistencyPolicy":{"defaultConsistencyLevel":"Session","maxIntervalInSeconds":5,"maxStalenessPrefix":100},"configurationOverrides":{},"writeLocations":[{"id":"cli000002-eastus","locationName":"East
        US","documentEndpoint":"https://cli000002-eastus.documents.azure.com:443/","provisioningState":"Succeeded","failoverPriority":0,"isZoneRedundant":false}],"readLocations":[{"id":"cli000002-eastus","locationName":"East
        US","documentEndpoint":"https://cli000002-eastus.documents.azure.com:443/","provisioningState":"Succeeded","failoverPriority":0,"isZoneRedundant":false},{"id":"cli000002-westus","locationName":"West
        US","documentEndpoint":"https://cli000002-westus.documents.azure.com:443/","provisioningState":"Succeeded","failoverPriority":1,"isZoneRedundant":false}],"locations":[{"id":"cli000002-eastus","locationName":"East
        US","documentEndpoint":"https://cli000002-eastus.documents.azure.com:443/","provisioningState":"Succeeded","failoverPriority":0,"isZoneRedundant":false},{"id":"cli000002-westus","locationName":"West
        US","documentEndpoint":"https://cli000002-westus.documents.azure.com:443/","provisioningState":"Succeeded","failoverPriority":1,"isZoneRedundant":false}],"failoverPolicies":[{"id":"cli000002-eastus","locationName":"East
        US","failoverPriority":0},{"id":"cli000002-westus","locationName":"West US","failoverPriority":1}],"cors":[],"capabilities":[]}}'
    headers:
      cache-control:
      - no-store, no-cache
      content-length:
      - '2573'
      content-location:
      - https://management.documents.azure.com:450/subscriptions/3901edbf-e5b3-4040-a565-13784a96c238/resourceGroups/cli_test_cosmosdb_accountgvtxvijkx7xgdinfkyjvzfylkdy7rwdxptojh434dpy3dy6iye/providers/Microsoft.DocumentDB/databaseAccounts/cli5ikwpa336trgw7jzqlmfw4f5rlwffw23gvehy?api-version=2019-08-01
      content-type:
      - application/json
      date:
      - Wed, 11 Dec 2019 01:46:55 GMT
      pragma:
      - no-cache
      server:
      - Microsoft-HTTPAPI/2.0
      strict-transport-security:
      - max-age=31536000; includeSubDomains
      transfer-encoding:
      - chunked
      vary:
      - Accept-Encoding
      x-content-type-options:
      - nosniff
      x-ms-gatewayversion:
      - version=2.7.0
    status:
      code: 200
      message: Ok
- request:
    body: '{"failoverPolicies": [{"locationName": "westus", "failoverPriority": 0},
      {"locationName": "eastus", "failoverPriority": 1}]}'
    headers:
      Accept:
      - application/json
      Accept-Encoding:
      - gzip, deflate
      CommandName:
      - cosmosdb failover-priority-change
      Connection:
      - keep-alive
      Content-Length:
      - '124'
      Content-Type:
      - application/json; charset=utf-8
      ParameterSetName:
      - -n -g --failover-policies
      User-Agent:
      - python/3.7.0 (Windows-10-10.0.18362-SP0) msrest/0.6.7 msrest_azure/0.6.2 azure-mgmt-cosmosdb/0.11.0
        Azure-SDK-For-Python AZURECLI/2.0.76
      accept-language:
      - en-US
    method: POST
    uri: https://management.azure.com/subscriptions/00000000-0000-0000-0000-000000000000/resourceGroups/cli_test_cosmosdb_account000001/providers/Microsoft.DocumentDB/databaseAccounts/cli000002/failoverPriorityChange?api-version=2019-08-01
  response:
    body:
      string: '{"status":"Enqueued","error":{}}'
    headers:
      azure-asyncoperation:
      - https://management.azure.com/subscriptions/00000000-0000-0000-0000-000000000000/providers/Microsoft.DocumentDB/locations/westus/operationsStatus/5259cef7-27cf-4eb3-afe3-7508e11cdf3d?api-version=2019-08-01
      cache-control:
      - no-store, no-cache
      content-length:
      - '32'
      content-type:
      - application/json
      date:
      - Wed, 11 Dec 2019 01:46:58 GMT
      location:
      - https://management.azure.com/subscriptions/00000000-0000-0000-0000-000000000000/resourceGroups/cli_test_cosmosdb_account000001/providers/Microsoft.DocumentDB/databaseAccounts/cli000002/failoverPriorityChange/operationResults/5259cef7-27cf-4eb3-afe3-7508e11cdf3d?api-version=2019-08-01
      pragma:
      - no-cache
      server:
      - Microsoft-HTTPAPI/2.0
      strict-transport-security:
      - max-age=31536000; includeSubDomains
      x-content-type-options:
      - nosniff
      x-ms-gatewayversion:
      - version=2.7.0
      x-ms-ratelimit-remaining-subscription-writes:
      - '1199'
    status:
      code: 202
      message: Accepted
- request:
    body: null
    headers:
      Accept:
      - application/json
      Accept-Encoding:
      - gzip, deflate
      CommandName:
      - cosmosdb failover-priority-change
      Connection:
      - keep-alive
      ParameterSetName:
      - -n -g --failover-policies
      User-Agent:
      - python/3.7.0 (Windows-10-10.0.18362-SP0) msrest/0.6.7 msrest_azure/0.6.2 azure-mgmt-cosmosdb/0.11.0
        Azure-SDK-For-Python AZURECLI/2.0.76
    method: GET
    uri: https://management.azure.com/subscriptions/00000000-0000-0000-0000-000000000000/providers/Microsoft.DocumentDB/locations/westus/operationsStatus/5259cef7-27cf-4eb3-afe3-7508e11cdf3d?api-version=2019-08-01
  response:
    body:
      string: '{"status":"Dequeued","error":{}}'
    headers:
      cache-control:
      - no-store, no-cache
      content-length:
      - '32'
      content-location:
      - https://management.documents.azure.com:450/subscriptions/3901edbf-e5b3-4040-a565-13784a96c238/providers/Microsoft.DocumentDB/locations/westus/operationsStatus/5259cef7-27cf-4eb3-afe3-7508e11cdf3d?api-version=2019-08-01
      content-type:
      - application/json
      date:
      - Wed, 11 Dec 2019 01:47:29 GMT
      pragma:
      - no-cache
      server:
      - Microsoft-HTTPAPI/2.0
      strict-transport-security:
      - max-age=31536000; includeSubDomains
      transfer-encoding:
      - chunked
      vary:
      - Accept-Encoding
      x-content-type-options:
      - nosniff
      x-ms-gatewayversion:
      - version=2.7.0
    status:
      code: 200
      message: Ok
- request:
    body: null
    headers:
      Accept:
      - application/json
      Accept-Encoding:
      - gzip, deflate
      CommandName:
      - cosmosdb failover-priority-change
      Connection:
      - keep-alive
      ParameterSetName:
      - -n -g --failover-policies
      User-Agent:
      - python/3.7.0 (Windows-10-10.0.18362-SP0) msrest/0.6.7 msrest_azure/0.6.2 azure-mgmt-cosmosdb/0.11.0
        Azure-SDK-For-Python AZURECLI/2.0.76
    method: GET
    uri: https://management.azure.com/subscriptions/00000000-0000-0000-0000-000000000000/providers/Microsoft.DocumentDB/locations/westus/operationsStatus/5259cef7-27cf-4eb3-afe3-7508e11cdf3d?api-version=2019-08-01
  response:
    body:
      string: '{"status":"Dequeued","error":{}}'
    headers:
      cache-control:
      - no-store, no-cache
      content-length:
      - '32'
      content-location:
      - https://management.documents.azure.com:450/subscriptions/3901edbf-e5b3-4040-a565-13784a96c238/providers/Microsoft.DocumentDB/locations/westus/operationsStatus/5259cef7-27cf-4eb3-afe3-7508e11cdf3d?api-version=2019-08-01
      content-type:
      - application/json
      date:
      - Wed, 11 Dec 2019 01:47:59 GMT
      pragma:
      - no-cache
      server:
      - Microsoft-HTTPAPI/2.0
      strict-transport-security:
      - max-age=31536000; includeSubDomains
      transfer-encoding:
      - chunked
      vary:
      - Accept-Encoding
      x-content-type-options:
      - nosniff
      x-ms-gatewayversion:
      - version=2.7.0
    status:
      code: 200
      message: Ok
- request:
    body: null
    headers:
      Accept:
      - application/json
      Accept-Encoding:
      - gzip, deflate
      CommandName:
      - cosmosdb failover-priority-change
      Connection:
      - keep-alive
      ParameterSetName:
      - -n -g --failover-policies
      User-Agent:
      - python/3.7.0 (Windows-10-10.0.18362-SP0) msrest/0.6.7 msrest_azure/0.6.2 azure-mgmt-cosmosdb/0.11.0
        Azure-SDK-For-Python AZURECLI/2.0.76
    method: GET
    uri: https://management.azure.com/subscriptions/00000000-0000-0000-0000-000000000000/providers/Microsoft.DocumentDB/locations/westus/operationsStatus/5259cef7-27cf-4eb3-afe3-7508e11cdf3d?api-version=2019-08-01
  response:
    body:
      string: '{"status":"Dequeued","error":{}}'
    headers:
      cache-control:
      - no-store, no-cache
      content-length:
      - '32'
      content-location:
      - https://management.documents.azure.com:450/subscriptions/3901edbf-e5b3-4040-a565-13784a96c238/providers/Microsoft.DocumentDB/locations/westus/operationsStatus/5259cef7-27cf-4eb3-afe3-7508e11cdf3d?api-version=2019-08-01
      content-type:
      - application/json
      date:
      - Wed, 11 Dec 2019 01:48:29 GMT
      pragma:
      - no-cache
      server:
      - Microsoft-HTTPAPI/2.0
      strict-transport-security:
      - max-age=31536000; includeSubDomains
      transfer-encoding:
      - chunked
      vary:
      - Accept-Encoding
      x-content-type-options:
      - nosniff
      x-ms-gatewayversion:
      - version=2.7.0
    status:
      code: 200
      message: Ok
- request:
    body: null
    headers:
      Accept:
      - application/json
      Accept-Encoding:
      - gzip, deflate
      CommandName:
      - cosmosdb failover-priority-change
      Connection:
      - keep-alive
      ParameterSetName:
      - -n -g --failover-policies
      User-Agent:
      - python/3.7.0 (Windows-10-10.0.18362-SP0) msrest/0.6.7 msrest_azure/0.6.2 azure-mgmt-cosmosdb/0.11.0
        Azure-SDK-For-Python AZURECLI/2.0.76
    method: GET
    uri: https://management.azure.com/subscriptions/00000000-0000-0000-0000-000000000000/providers/Microsoft.DocumentDB/locations/westus/operationsStatus/5259cef7-27cf-4eb3-afe3-7508e11cdf3d?api-version=2019-08-01
  response:
    body:
      string: '{"status":"Dequeued","error":{}}'
    headers:
      cache-control:
      - no-store, no-cache
      content-length:
      - '32'
      content-location:
      - https://management.documents.azure.com:450/subscriptions/3901edbf-e5b3-4040-a565-13784a96c238/providers/Microsoft.DocumentDB/locations/westus/operationsStatus/5259cef7-27cf-4eb3-afe3-7508e11cdf3d?api-version=2019-08-01
      content-type:
      - application/json
      date:
      - Wed, 11 Dec 2019 01:49:00 GMT
      pragma:
      - no-cache
      server:
      - Microsoft-HTTPAPI/2.0
      strict-transport-security:
      - max-age=31536000; includeSubDomains
      transfer-encoding:
      - chunked
      vary:
      - Accept-Encoding
      x-content-type-options:
      - nosniff
      x-ms-gatewayversion:
      - version=2.7.0
    status:
      code: 200
      message: Ok
- request:
    body: null
    headers:
      Accept:
      - application/json
      Accept-Encoding:
      - gzip, deflate
      CommandName:
      - cosmosdb failover-priority-change
      Connection:
      - keep-alive
      ParameterSetName:
      - -n -g --failover-policies
      User-Agent:
      - python/3.7.0 (Windows-10-10.0.18362-SP0) msrest/0.6.7 msrest_azure/0.6.2 azure-mgmt-cosmosdb/0.11.0
        Azure-SDK-For-Python AZURECLI/2.0.76
    method: GET
    uri: https://management.azure.com/subscriptions/00000000-0000-0000-0000-000000000000/providers/Microsoft.DocumentDB/locations/westus/operationsStatus/5259cef7-27cf-4eb3-afe3-7508e11cdf3d?api-version=2019-08-01
  response:
    body:
      string: '{"status":"Succeeded","error":{}}'
    headers:
      cache-control:
      - no-store, no-cache
      content-length:
      - '33'
      content-location:
      - https://management.documents.azure.com:450/subscriptions/3901edbf-e5b3-4040-a565-13784a96c238/providers/Microsoft.DocumentDB/locations/westus/operationsStatus/5259cef7-27cf-4eb3-afe3-7508e11cdf3d?api-version=2019-08-01
      content-type:
      - application/json
      date:
      - Wed, 11 Dec 2019 01:49:29 GMT
      pragma:
      - no-cache
      server:
      - Microsoft-HTTPAPI/2.0
      strict-transport-security:
      - max-age=31536000; includeSubDomains
      transfer-encoding:
      - chunked
      vary:
      - Accept-Encoding
      x-content-type-options:
      - nosniff
      x-ms-gatewayversion:
      - version=2.7.0
    status:
      code: 200
      message: Ok
- request:
    body: null
    headers:
      Accept:
      - application/json
      Accept-Encoding:
      - gzip, deflate
      CommandName:
      - cosmosdb show
      Connection:
      - keep-alive
      ParameterSetName:
      - -n -g
      User-Agent:
      - python/3.7.0 (Windows-10-10.0.18362-SP0) msrest/0.6.7 msrest_azure/0.6.2 azure-mgmt-cosmosdb/0.11.0
        Azure-SDK-For-Python AZURECLI/2.0.76
      accept-language:
      - en-US
    method: GET
    uri: https://management.azure.com/subscriptions/00000000-0000-0000-0000-000000000000/resourceGroups/cli_test_cosmosdb_account000001/providers/Microsoft.DocumentDB/databaseAccounts/cli000002?api-version=2019-08-01
  response:
    body:
      string: '{"id":"/subscriptions/00000000-0000-0000-0000-000000000000/resourceGroups/cli_test_cosmosdb_account000001/providers/Microsoft.DocumentDB/databaseAccounts/cli000002","name":"cli000002","location":"West
        US","type":"Microsoft.DocumentDB/databaseAccounts","kind":"GlobalDocumentDB","tags":{},"properties":{"provisioningState":"Succeeded","documentEndpoint":"https://cli000002.documents.azure.com:443/","ipRangeFilter":"","enableAutomaticFailover":false,"enableMultipleWriteLocations":false,"enablePartitionKeyMonitor":false,"isVirtualNetworkFilterEnabled":false,"virtualNetworkRules":[],"EnabledApiTypes":"Sql","disableKeyBasedMetadataWriteAccess":false,"databaseAccountOfferType":"Standard","consistencyPolicy":{"defaultConsistencyLevel":"Session","maxIntervalInSeconds":5,"maxStalenessPrefix":100},"configurationOverrides":{},"writeLocations":[{"id":"cli000002-westus","locationName":"West
        US","documentEndpoint":"https://cli000002-westus.documents.azure.com:443/","provisioningState":"Succeeded","failoverPriority":0,"isZoneRedundant":false}],"readLocations":[{"id":"cli000002-westus","locationName":"West
        US","documentEndpoint":"https://cli000002-westus.documents.azure.com:443/","provisioningState":"Succeeded","failoverPriority":0,"isZoneRedundant":false},{"id":"cli000002-eastus","locationName":"East
        US","documentEndpoint":"https://cli000002-eastus.documents.azure.com:443/","provisioningState":"Succeeded","failoverPriority":1,"isZoneRedundant":false}],"locations":[{"id":"cli000002-westus","locationName":"West
        US","documentEndpoint":"https://cli000002-westus.documents.azure.com:443/","provisioningState":"Succeeded","failoverPriority":0,"isZoneRedundant":false},{"id":"cli000002-eastus","locationName":"East
        US","documentEndpoint":"https://cli000002-eastus.documents.azure.com:443/","provisioningState":"Succeeded","failoverPriority":1,"isZoneRedundant":false}],"failoverPolicies":[{"id":"cli000002-westus","locationName":"West
        US","failoverPriority":0},{"id":"cli000002-eastus","locationName":"East US","failoverPriority":1}],"cors":[],"capabilities":[]}}'
    headers:
      cache-control:
      - no-store, no-cache
      content-length:
      - '2573'
      content-location:
      - https://management.documents.azure.com:450/subscriptions/3901edbf-e5b3-4040-a565-13784a96c238/resourceGroups/cli_test_cosmosdb_accountgvtxvijkx7xgdinfkyjvzfylkdy7rwdxptojh434dpy3dy6iye/providers/Microsoft.DocumentDB/databaseAccounts/cli5ikwpa336trgw7jzqlmfw4f5rlwffw23gvehy?api-version=2019-08-01
      content-type:
      - application/json
      date:
      - Wed, 11 Dec 2019 01:49:31 GMT
      pragma:
      - no-cache
      server:
      - Microsoft-HTTPAPI/2.0
      strict-transport-security:
      - max-age=31536000; includeSubDomains
      transfer-encoding:
      - chunked
      vary:
      - Accept-Encoding
      x-content-type-options:
      - nosniff
      x-ms-gatewayversion:
      - version=2.7.0
    status:
      code: 200
      message: Ok
version: 1
