interactions:
- request:
    body: null
    headers:
      Accept:
      - application/json
      Accept-Encoding:
      - gzip, deflate
      CommandName:
      - cosmosdb create
      Connection:
      - keep-alive
      ParameterSetName:
      - -n -g
      User-Agent:
      - python/3.6.5 (Windows-10-10.0.17134-SP0) msrest/0.6.10 msrest_azure/0.6.1
        azure-mgmt-resource/4.0.0 Azure-SDK-For-Python AZURECLI/2.0.74
      accept-language:
      - en-US
    method: GET
    uri: https://management.azure.com/subscriptions/00000000-0000-0000-0000-000000000000/resourcegroups/cli_test_cosmosdb_account000001?api-version=2019-07-01
  response:
    body:
      string: '{"id":"/subscriptions/00000000-0000-0000-0000-000000000000/resourceGroups/cli_test_cosmosdb_account000001","name":"cli_test_cosmosdb_account000001","type":"Microsoft.Resources/resourceGroups","location":"westus","tags":{"product":"azurecli","cause":"automation","date":"2019-10-08T20:27:02Z"},"properties":{"provisioningState":"Succeeded"}}'
    headers:
      cache-control:
      - no-cache
      content-length:
      - '428'
      content-type:
      - application/json; charset=utf-8
      date:
      - Tue, 08 Oct 2019 20:27:02 GMT
      expires:
      - '-1'
      pragma:
      - no-cache
      strict-transport-security:
      - max-age=31536000; includeSubDomains
      vary:
      - Accept-Encoding
      x-content-type-options:
      - nosniff
    status:
      code: 200
      message: OK
- request:
    body: '{"location": "westus", "kind": "GlobalDocumentDB", "properties": {"locations":
      [{"locationName": "westus", "failoverPriority": 0, "isZoneRedundant": false}],
      "databaseAccountOfferType": "Standard"}}'
    headers:
      Accept:
      - application/json
      Accept-Encoding:
      - gzip, deflate
      CommandName:
      - cosmosdb create
      Connection:
      - keep-alive
      Content-Length:
      - '198'
      Content-Type:
      - application/json; charset=utf-8
      ParameterSetName:
      - -n -g
      User-Agent:
      - python/3.6.5 (Windows-10-10.0.17134-SP0) msrest/0.6.10 msrest_azure/0.6.1
        azure-mgmt-cosmosdb/0.8.0 Azure-SDK-For-Python AZURECLI/2.0.74
      accept-language:
      - en-US
    method: PUT
    uri: https://management.azure.com/subscriptions/00000000-0000-0000-0000-000000000000/resourceGroups/cli_test_cosmosdb_account000001/providers/Microsoft.DocumentDB/databaseAccounts/cli000002?api-version=2015-04-08
  response:
    body:
      string: '{"id":"/subscriptions/00000000-0000-0000-0000-000000000000/resourceGroups/cli_test_cosmosdb_account000001/providers/Microsoft.DocumentDB/databaseAccounts/cli000002","name":"cli000002","location":"West
        US","type":"Microsoft.DocumentDB/databaseAccounts","kind":"GlobalDocumentDB","tags":{},"properties":{"provisioningState":"Initializing","ipRangeFilter":"","enableAutomaticFailover":false,"enableMultipleWriteLocations":false,"enablePartitionKeyMonitor":false,"isVirtualNetworkFilterEnabled":false,"virtualNetworkRules":[],"EnabledApiTypes":"Sql","disableKeyBasedMetadataWriteAccess":false,"databaseAccountOfferType":"Standard","consistencyPolicy":{"defaultConsistencyLevel":"Session","maxIntervalInSeconds":5,"maxStalenessPrefix":100},"configurationOverrides":{},"writeLocations":[{"id":"cli000002-westus","locationName":"West
        US","provisioningState":"Initializing","failoverPriority":0,"isZoneRedundant":false}],"readLocations":[{"id":"cli000002-westus","locationName":"West
        US","provisioningState":"Initializing","failoverPriority":0,"isZoneRedundant":false}],"locations":[{"id":"cli000002-westus","locationName":"West
        US","provisioningState":"Initializing","failoverPriority":0,"isZoneRedundant":false}],"failoverPolicies":[{"id":"cli000002-westus","locationName":"West
        US","failoverPriority":0}],"cors":[],"capabilities":[]}}'
    headers:
      azure-asyncoperation:
      - https://management.azure.com/subscriptions/00000000-0000-0000-0000-000000000000/providers/Microsoft.DocumentDB/locations/westus/operationsStatus/09258b90-7102-46a7-928b-5402bfa75ad4?api-version=2015-04-08
      cache-control:
      - no-store, no-cache
      content-length:
      - '1559'
      content-location:
      - https://management.documents.azure.com:450/subscriptions/fb3a3d6b-44c8-44f5-88c9-b20917c9b96b/resourceGroups/cli_test_cosmosdb_accounteqsyv2vhrhceo6q4qilgvka4mf3qs3bzuxqs2itfdupcskzp5o/providers/Microsoft.DocumentDB/databaseAccounts/clieeruc7scuyp3xwn7zefk3q2e5ijdtyuzmwv63?api-version=2015-04-08
      content-type:
      - application/json
      date:
      - Tue, 08 Oct 2019 20:27:04 GMT
      location:
      - https://management.azure.com/subscriptions/00000000-0000-0000-0000-000000000000/resourceGroups/cli_test_cosmosdb_account000001/providers/Microsoft.DocumentDB/databaseAccounts/cli000002/operationResults/09258b90-7102-46a7-928b-5402bfa75ad4?api-version=2015-04-08
      pragma:
      - no-cache
      server:
      - Microsoft-HTTPAPI/2.0
      strict-transport-security:
      - max-age=31536000; includeSubDomains
      transfer-encoding:
      - chunked
      vary:
      - Accept-Encoding
      x-content-type-options:
      - nosniff
      x-ms-gatewayversion:
      - version=2.7.0
      x-ms-ratelimit-remaining-subscription-writes:
      - '1199'
    status:
      code: 200
      message: Ok
- request:
    body: null
    headers:
      Accept:
      - application/json
      Accept-Encoding:
      - gzip, deflate
      CommandName:
      - cosmosdb create
      Connection:
      - keep-alive
      ParameterSetName:
      - -n -g
      User-Agent:
      - python/3.6.5 (Windows-10-10.0.17134-SP0) msrest/0.6.10 msrest_azure/0.6.1
        azure-mgmt-cosmosdb/0.8.0 Azure-SDK-For-Python AZURECLI/2.0.74
    method: GET
    uri: https://management.azure.com/subscriptions/00000000-0000-0000-0000-000000000000/providers/Microsoft.DocumentDB/locations/westus/operationsStatus/09258b90-7102-46a7-928b-5402bfa75ad4?api-version=2015-04-08
  response:
    body:
      string: '{"status":"Dequeued","error":{}}'
    headers:
      cache-control:
      - no-store, no-cache
      content-length:
      - '32'
      content-location:
      - https://management.documents.azure.com:450/subscriptions/fb3a3d6b-44c8-44f5-88c9-b20917c9b96b/providers/Microsoft.DocumentDB/locations/westus/operationsStatus/09258b90-7102-46a7-928b-5402bfa75ad4?api-version=2015-04-08
      content-type:
      - application/json
      date:
      - Tue, 08 Oct 2019 20:27:35 GMT
      pragma:
      - no-cache
      server:
      - Microsoft-HTTPAPI/2.0
      strict-transport-security:
      - max-age=31536000; includeSubDomains
      transfer-encoding:
      - chunked
      vary:
      - Accept-Encoding
      x-content-type-options:
      - nosniff
      x-ms-gatewayversion:
      - version=2.7.0
    status:
      code: 200
      message: Ok
- request:
    body: null
    headers:
      Accept:
      - application/json
      Accept-Encoding:
      - gzip, deflate
      CommandName:
      - cosmosdb create
      Connection:
      - keep-alive
      ParameterSetName:
      - -n -g
      User-Agent:
      - python/3.6.5 (Windows-10-10.0.17134-SP0) msrest/0.6.10 msrest_azure/0.6.1
        azure-mgmt-cosmosdb/0.8.0 Azure-SDK-For-Python AZURECLI/2.0.74
    method: GET
    uri: https://management.azure.com/subscriptions/00000000-0000-0000-0000-000000000000/providers/Microsoft.DocumentDB/locations/westus/operationsStatus/09258b90-7102-46a7-928b-5402bfa75ad4?api-version=2015-04-08
  response:
    body:
      string: '{"status":"Dequeued","error":{}}'
    headers:
      cache-control:
      - no-store, no-cache
      content-length:
      - '32'
      content-location:
      - https://management.documents.azure.com:450/subscriptions/fb3a3d6b-44c8-44f5-88c9-b20917c9b96b/providers/Microsoft.DocumentDB/locations/westus/operationsStatus/09258b90-7102-46a7-928b-5402bfa75ad4?api-version=2015-04-08
      content-type:
      - application/json
      date:
      - Tue, 08 Oct 2019 20:28:06 GMT
      pragma:
      - no-cache
      server:
      - Microsoft-HTTPAPI/2.0
      strict-transport-security:
      - max-age=31536000; includeSubDomains
      transfer-encoding:
      - chunked
      vary:
      - Accept-Encoding
      x-content-type-options:
      - nosniff
      x-ms-gatewayversion:
      - version=2.7.0
    status:
      code: 200
      message: Ok
- request:
    body: null
    headers:
      Accept:
      - application/json
      Accept-Encoding:
      - gzip, deflate
      CommandName:
      - cosmosdb create
      Connection:
      - keep-alive
      ParameterSetName:
      - -n -g
      User-Agent:
      - python/3.6.5 (Windows-10-10.0.17134-SP0) msrest/0.6.10 msrest_azure/0.6.1
        azure-mgmt-cosmosdb/0.8.0 Azure-SDK-For-Python AZURECLI/2.0.74
    method: GET
    uri: https://management.azure.com/subscriptions/00000000-0000-0000-0000-000000000000/providers/Microsoft.DocumentDB/locations/westus/operationsStatus/09258b90-7102-46a7-928b-5402bfa75ad4?api-version=2015-04-08
  response:
    body:
      string: '{"status":"Dequeued","error":{}}'
    headers:
      cache-control:
      - no-store, no-cache
      content-length:
      - '32'
      content-location:
      - https://management.documents.azure.com:450/subscriptions/fb3a3d6b-44c8-44f5-88c9-b20917c9b96b/providers/Microsoft.DocumentDB/locations/westus/operationsStatus/09258b90-7102-46a7-928b-5402bfa75ad4?api-version=2015-04-08
      content-type:
      - application/json
      date:
      - Tue, 08 Oct 2019 20:28:37 GMT
      pragma:
      - no-cache
      server:
      - Microsoft-HTTPAPI/2.0
      strict-transport-security:
      - max-age=31536000; includeSubDomains
      transfer-encoding:
      - chunked
      vary:
      - Accept-Encoding
      x-content-type-options:
      - nosniff
      x-ms-gatewayversion:
      - version=2.7.0
    status:
      code: 200
      message: Ok
- request:
    body: null
    headers:
      Accept:
      - application/json
      Accept-Encoding:
      - gzip, deflate
      CommandName:
      - cosmosdb create
      Connection:
      - keep-alive
      ParameterSetName:
      - -n -g
      User-Agent:
      - python/3.6.5 (Windows-10-10.0.17134-SP0) msrest/0.6.10 msrest_azure/0.6.1
        azure-mgmt-cosmosdb/0.8.0 Azure-SDK-For-Python AZURECLI/2.0.74
    method: GET
    uri: https://management.azure.com/subscriptions/00000000-0000-0000-0000-000000000000/providers/Microsoft.DocumentDB/locations/westus/operationsStatus/09258b90-7102-46a7-928b-5402bfa75ad4?api-version=2015-04-08
  response:
    body:
      string: '{"status":"Dequeued","error":{}}'
    headers:
      cache-control:
      - no-store, no-cache
      content-length:
      - '32'
      content-location:
      - https://management.documents.azure.com:450/subscriptions/fb3a3d6b-44c8-44f5-88c9-b20917c9b96b/providers/Microsoft.DocumentDB/locations/westus/operationsStatus/09258b90-7102-46a7-928b-5402bfa75ad4?api-version=2015-04-08
      content-type:
      - application/json
      date:
      - Tue, 08 Oct 2019 20:29:07 GMT
      pragma:
      - no-cache
      server:
      - Microsoft-HTTPAPI/2.0
      strict-transport-security:
      - max-age=31536000; includeSubDomains
      transfer-encoding:
      - chunked
      vary:
      - Accept-Encoding
      x-content-type-options:
      - nosniff
      x-ms-gatewayversion:
      - version=2.7.0
    status:
      code: 200
      message: Ok
- request:
    body: null
    headers:
      Accept:
      - application/json
      Accept-Encoding:
      - gzip, deflate
      CommandName:
      - cosmosdb create
      Connection:
      - keep-alive
      ParameterSetName:
      - -n -g
      User-Agent:
      - python/3.6.5 (Windows-10-10.0.17134-SP0) msrest/0.6.10 msrest_azure/0.6.1
        azure-mgmt-cosmosdb/0.8.0 Azure-SDK-For-Python AZURECLI/2.0.74
    method: GET
    uri: https://management.azure.com/subscriptions/00000000-0000-0000-0000-000000000000/providers/Microsoft.DocumentDB/locations/westus/operationsStatus/09258b90-7102-46a7-928b-5402bfa75ad4?api-version=2015-04-08
  response:
    body:
      string: '{"status":"Dequeued","error":{}}'
    headers:
      cache-control:
      - no-store, no-cache
      content-length:
      - '32'
      content-location:
      - https://management.documents.azure.com:450/subscriptions/fb3a3d6b-44c8-44f5-88c9-b20917c9b96b/providers/Microsoft.DocumentDB/locations/westus/operationsStatus/09258b90-7102-46a7-928b-5402bfa75ad4?api-version=2015-04-08
      content-type:
      - application/json
      date:
      - Tue, 08 Oct 2019 20:29:38 GMT
      pragma:
      - no-cache
      server:
      - Microsoft-HTTPAPI/2.0
      strict-transport-security:
      - max-age=31536000; includeSubDomains
      transfer-encoding:
      - chunked
      vary:
      - Accept-Encoding
      x-content-type-options:
      - nosniff
      x-ms-gatewayversion:
      - version=2.7.0
    status:
      code: 200
      message: Ok
- request:
    body: null
    headers:
      Accept:
      - application/json
      Accept-Encoding:
      - gzip, deflate
      CommandName:
      - cosmosdb create
      Connection:
      - keep-alive
      ParameterSetName:
      - -n -g
      User-Agent:
      - python/3.6.5 (Windows-10-10.0.17134-SP0) msrest/0.6.10 msrest_azure/0.6.1
        azure-mgmt-cosmosdb/0.8.0 Azure-SDK-For-Python AZURECLI/2.0.74
    method: GET
    uri: https://management.azure.com/subscriptions/00000000-0000-0000-0000-000000000000/providers/Microsoft.DocumentDB/locations/westus/operationsStatus/09258b90-7102-46a7-928b-5402bfa75ad4?api-version=2015-04-08
  response:
    body:
      string: '{"status":"Dequeued","error":{}}'
    headers:
      cache-control:
      - no-store, no-cache
      content-length:
      - '32'
      content-location:
      - https://management.documents.azure.com:450/subscriptions/fb3a3d6b-44c8-44f5-88c9-b20917c9b96b/providers/Microsoft.DocumentDB/locations/westus/operationsStatus/09258b90-7102-46a7-928b-5402bfa75ad4?api-version=2015-04-08
      content-type:
      - application/json
      date:
      - Tue, 08 Oct 2019 20:30:07 GMT
      pragma:
      - no-cache
      server:
      - Microsoft-HTTPAPI/2.0
      strict-transport-security:
      - max-age=31536000; includeSubDomains
      transfer-encoding:
      - chunked
      vary:
      - Accept-Encoding
      x-content-type-options:
      - nosniff
      x-ms-gatewayversion:
      - version=2.7.0
    status:
      code: 200
      message: Ok
- request:
    body: null
    headers:
      Accept:
      - application/json
      Accept-Encoding:
      - gzip, deflate
      CommandName:
      - cosmosdb create
      Connection:
      - keep-alive
      ParameterSetName:
      - -n -g
      User-Agent:
      - python/3.6.5 (Windows-10-10.0.17134-SP0) msrest/0.6.10 msrest_azure/0.6.1
        azure-mgmt-cosmosdb/0.8.0 Azure-SDK-For-Python AZURECLI/2.0.74
    method: GET
    uri: https://management.azure.com/subscriptions/00000000-0000-0000-0000-000000000000/providers/Microsoft.DocumentDB/locations/westus/operationsStatus/09258b90-7102-46a7-928b-5402bfa75ad4?api-version=2015-04-08
  response:
    body:
      string: '{"status":"Dequeued","error":{}}'
    headers:
      cache-control:
      - no-store, no-cache
      content-length:
      - '32'
      content-location:
      - https://management.documents.azure.com:450/subscriptions/fb3a3d6b-44c8-44f5-88c9-b20917c9b96b/providers/Microsoft.DocumentDB/locations/westus/operationsStatus/09258b90-7102-46a7-928b-5402bfa75ad4?api-version=2015-04-08
      content-type:
      - application/json
      date:
      - Tue, 08 Oct 2019 20:30:38 GMT
      pragma:
      - no-cache
      server:
      - Microsoft-HTTPAPI/2.0
      strict-transport-security:
      - max-age=31536000; includeSubDomains
      transfer-encoding:
      - chunked
      vary:
      - Accept-Encoding
      x-content-type-options:
      - nosniff
      x-ms-gatewayversion:
      - version=2.7.0
    status:
      code: 200
      message: Ok
- request:
    body: null
    headers:
      Accept:
      - application/json
      Accept-Encoding:
      - gzip, deflate
      CommandName:
      - cosmosdb create
      Connection:
      - keep-alive
      ParameterSetName:
      - -n -g
      User-Agent:
      - python/3.6.5 (Windows-10-10.0.17134-SP0) msrest/0.6.10 msrest_azure/0.6.1
        azure-mgmt-cosmosdb/0.8.0 Azure-SDK-For-Python AZURECLI/2.0.74
    method: GET
    uri: https://management.azure.com/subscriptions/00000000-0000-0000-0000-000000000000/providers/Microsoft.DocumentDB/locations/westus/operationsStatus/09258b90-7102-46a7-928b-5402bfa75ad4?api-version=2015-04-08
  response:
    body:
      string: '{"status":"Dequeued","error":{}}'
    headers:
      cache-control:
      - no-store, no-cache
      content-length:
      - '32'
      content-location:
      - https://management.documents.azure.com:450/subscriptions/fb3a3d6b-44c8-44f5-88c9-b20917c9b96b/providers/Microsoft.DocumentDB/locations/westus/operationsStatus/09258b90-7102-46a7-928b-5402bfa75ad4?api-version=2015-04-08
      content-type:
      - application/json
      date:
      - Tue, 08 Oct 2019 20:31:08 GMT
      pragma:
      - no-cache
      server:
      - Microsoft-HTTPAPI/2.0
      strict-transport-security:
      - max-age=31536000; includeSubDomains
      transfer-encoding:
      - chunked
      vary:
      - Accept-Encoding
      x-content-type-options:
      - nosniff
      x-ms-gatewayversion:
      - version=2.7.0
    status:
      code: 200
      message: Ok
- request:
    body: null
    headers:
      Accept:
      - application/json
      Accept-Encoding:
      - gzip, deflate
      CommandName:
      - cosmosdb create
      Connection:
      - keep-alive
      ParameterSetName:
      - -n -g
      User-Agent:
      - python/3.6.5 (Windows-10-10.0.17134-SP0) msrest/0.6.10 msrest_azure/0.6.1
        azure-mgmt-cosmosdb/0.8.0 Azure-SDK-For-Python AZURECLI/2.0.74
    method: GET
    uri: https://management.azure.com/subscriptions/00000000-0000-0000-0000-000000000000/providers/Microsoft.DocumentDB/locations/westus/operationsStatus/09258b90-7102-46a7-928b-5402bfa75ad4?api-version=2015-04-08
  response:
    body:
      string: '{"status":"Dequeued","error":{}}'
    headers:
      cache-control:
      - no-store, no-cache
      content-length:
      - '32'
      content-location:
      - https://management.documents.azure.com:450/subscriptions/fb3a3d6b-44c8-44f5-88c9-b20917c9b96b/providers/Microsoft.DocumentDB/locations/westus/operationsStatus/09258b90-7102-46a7-928b-5402bfa75ad4?api-version=2015-04-08
      content-type:
      - application/json
      date:
      - Tue, 08 Oct 2019 20:31:38 GMT
      pragma:
      - no-cache
      server:
      - Microsoft-HTTPAPI/2.0
      strict-transport-security:
      - max-age=31536000; includeSubDomains
      transfer-encoding:
      - chunked
      vary:
      - Accept-Encoding
      x-content-type-options:
      - nosniff
      x-ms-gatewayversion:
      - version=2.7.0
    status:
      code: 200
      message: Ok
- request:
    body: null
    headers:
      Accept:
      - application/json
      Accept-Encoding:
      - gzip, deflate
      CommandName:
      - cosmosdb create
      Connection:
      - keep-alive
      ParameterSetName:
      - -n -g
      User-Agent:
      - python/3.6.5 (Windows-10-10.0.17134-SP0) msrest/0.6.10 msrest_azure/0.6.1
        azure-mgmt-cosmosdb/0.8.0 Azure-SDK-For-Python AZURECLI/2.0.74
    method: GET
    uri: https://management.azure.com/subscriptions/00000000-0000-0000-0000-000000000000/providers/Microsoft.DocumentDB/locations/westus/operationsStatus/09258b90-7102-46a7-928b-5402bfa75ad4?api-version=2015-04-08
  response:
    body:
      string: '{"status":"Dequeued","error":{}}'
    headers:
      cache-control:
      - no-store, no-cache
      content-length:
      - '32'
      content-location:
      - https://management.documents.azure.com:450/subscriptions/fb3a3d6b-44c8-44f5-88c9-b20917c9b96b/providers/Microsoft.DocumentDB/locations/westus/operationsStatus/09258b90-7102-46a7-928b-5402bfa75ad4?api-version=2015-04-08
      content-type:
      - application/json
      date:
      - Tue, 08 Oct 2019 20:32:09 GMT
      pragma:
      - no-cache
      server:
      - Microsoft-HTTPAPI/2.0
      strict-transport-security:
      - max-age=31536000; includeSubDomains
      transfer-encoding:
      - chunked
      vary:
      - Accept-Encoding
      x-content-type-options:
      - nosniff
      x-ms-gatewayversion:
      - version=2.7.0
    status:
      code: 200
      message: Ok
- request:
    body: null
    headers:
      Accept:
      - application/json
      Accept-Encoding:
      - gzip, deflate
      CommandName:
      - cosmosdb create
      Connection:
      - keep-alive
      ParameterSetName:
      - -n -g
      User-Agent:
      - python/3.6.5 (Windows-10-10.0.17134-SP0) msrest/0.6.10 msrest_azure/0.6.1
        azure-mgmt-cosmosdb/0.8.0 Azure-SDK-For-Python AZURECLI/2.0.74
    method: GET
    uri: https://management.azure.com/subscriptions/00000000-0000-0000-0000-000000000000/providers/Microsoft.DocumentDB/locations/westus/operationsStatus/09258b90-7102-46a7-928b-5402bfa75ad4?api-version=2015-04-08
  response:
    body:
      string: '{"status":"Dequeued","error":{}}'
    headers:
      cache-control:
      - no-store, no-cache
      content-length:
      - '32'
      content-location:
      - https://management.documents.azure.com:450/subscriptions/fb3a3d6b-44c8-44f5-88c9-b20917c9b96b/providers/Microsoft.DocumentDB/locations/westus/operationsStatus/09258b90-7102-46a7-928b-5402bfa75ad4?api-version=2015-04-08
      content-type:
      - application/json
      date:
      - Tue, 08 Oct 2019 20:32:40 GMT
      pragma:
      - no-cache
      server:
      - Microsoft-HTTPAPI/2.0
      strict-transport-security:
      - max-age=31536000; includeSubDomains
      transfer-encoding:
      - chunked
      vary:
      - Accept-Encoding
      x-content-type-options:
      - nosniff
      x-ms-gatewayversion:
      - version=2.7.0
    status:
      code: 200
      message: Ok
- request:
    body: null
    headers:
      Accept:
      - application/json
      Accept-Encoding:
      - gzip, deflate
      CommandName:
      - cosmosdb create
      Connection:
      - keep-alive
      ParameterSetName:
      - -n -g
      User-Agent:
      - python/3.6.5 (Windows-10-10.0.17134-SP0) msrest/0.6.10 msrest_azure/0.6.1
        azure-mgmt-cosmosdb/0.8.0 Azure-SDK-For-Python AZURECLI/2.0.74
    method: GET
    uri: https://management.azure.com/subscriptions/00000000-0000-0000-0000-000000000000/providers/Microsoft.DocumentDB/locations/westus/operationsStatus/09258b90-7102-46a7-928b-5402bfa75ad4?api-version=2015-04-08
  response:
    body:
      string: '{"status":"Dequeued","error":{}}'
    headers:
      cache-control:
      - no-store, no-cache
      content-length:
      - '32'
      content-location:
      - https://management.documents.azure.com:450/subscriptions/fb3a3d6b-44c8-44f5-88c9-b20917c9b96b/providers/Microsoft.DocumentDB/locations/westus/operationsStatus/09258b90-7102-46a7-928b-5402bfa75ad4?api-version=2015-04-08
      content-type:
      - application/json
      date:
      - Tue, 08 Oct 2019 20:33:10 GMT
      pragma:
      - no-cache
      server:
      - Microsoft-HTTPAPI/2.0
      strict-transport-security:
      - max-age=31536000; includeSubDomains
      transfer-encoding:
      - chunked
      vary:
      - Accept-Encoding
      x-content-type-options:
      - nosniff
      x-ms-gatewayversion:
      - version=2.7.0
    status:
      code: 200
      message: Ok
- request:
    body: null
    headers:
      Accept:
      - application/json
      Accept-Encoding:
      - gzip, deflate
      CommandName:
      - cosmosdb create
      Connection:
      - keep-alive
      ParameterSetName:
      - -n -g
      User-Agent:
      - python/3.6.5 (Windows-10-10.0.17134-SP0) msrest/0.6.10 msrest_azure/0.6.1
        azure-mgmt-cosmosdb/0.8.0 Azure-SDK-For-Python AZURECLI/2.0.74
    method: GET
    uri: https://management.azure.com/subscriptions/00000000-0000-0000-0000-000000000000/providers/Microsoft.DocumentDB/locations/westus/operationsStatus/09258b90-7102-46a7-928b-5402bfa75ad4?api-version=2015-04-08
  response:
    body:
      string: '{"status":"Dequeued","error":{}}'
    headers:
      cache-control:
      - no-store, no-cache
      content-length:
      - '32'
      content-location:
      - https://management.documents.azure.com:450/subscriptions/fb3a3d6b-44c8-44f5-88c9-b20917c9b96b/providers/Microsoft.DocumentDB/locations/westus/operationsStatus/09258b90-7102-46a7-928b-5402bfa75ad4?api-version=2015-04-08
      content-type:
      - application/json
      date:
      - Tue, 08 Oct 2019 20:33:40 GMT
      pragma:
      - no-cache
      server:
      - Microsoft-HTTPAPI/2.0
      strict-transport-security:
      - max-age=31536000; includeSubDomains
      transfer-encoding:
      - chunked
      vary:
      - Accept-Encoding
      x-content-type-options:
      - nosniff
      x-ms-gatewayversion:
      - version=2.7.0
    status:
      code: 200
      message: Ok
- request:
    body: null
    headers:
      Accept:
      - application/json
      Accept-Encoding:
      - gzip, deflate
      CommandName:
      - cosmosdb create
      Connection:
      - keep-alive
      ParameterSetName:
      - -n -g
      User-Agent:
      - python/3.6.5 (Windows-10-10.0.17134-SP0) msrest/0.6.10 msrest_azure/0.6.1
        azure-mgmt-cosmosdb/0.8.0 Azure-SDK-For-Python AZURECLI/2.0.74
    method: GET
    uri: https://management.azure.com/subscriptions/00000000-0000-0000-0000-000000000000/providers/Microsoft.DocumentDB/locations/westus/operationsStatus/09258b90-7102-46a7-928b-5402bfa75ad4?api-version=2015-04-08
  response:
    body:
      string: '{"status":"Dequeued","error":{}}'
    headers:
      cache-control:
      - no-store, no-cache
      content-length:
      - '32'
      content-location:
      - https://management.documents.azure.com:450/subscriptions/fb3a3d6b-44c8-44f5-88c9-b20917c9b96b/providers/Microsoft.DocumentDB/locations/westus/operationsStatus/09258b90-7102-46a7-928b-5402bfa75ad4?api-version=2015-04-08
      content-type:
      - application/json
      date:
      - Tue, 08 Oct 2019 20:34:10 GMT
      pragma:
      - no-cache
      server:
      - Microsoft-HTTPAPI/2.0
      strict-transport-security:
      - max-age=31536000; includeSubDomains
      transfer-encoding:
      - chunked
      vary:
      - Accept-Encoding
      x-content-type-options:
      - nosniff
      x-ms-gatewayversion:
      - version=2.7.0
    status:
      code: 200
      message: Ok
- request:
    body: null
    headers:
      Accept:
      - application/json
      Accept-Encoding:
      - gzip, deflate
      CommandName:
      - cosmosdb create
      Connection:
      - keep-alive
      ParameterSetName:
      - -n -g
      User-Agent:
      - python/3.6.5 (Windows-10-10.0.17134-SP0) msrest/0.6.10 msrest_azure/0.6.1
        azure-mgmt-cosmosdb/0.8.0 Azure-SDK-For-Python AZURECLI/2.0.74
    method: GET
    uri: https://management.azure.com/subscriptions/00000000-0000-0000-0000-000000000000/providers/Microsoft.DocumentDB/locations/westus/operationsStatus/09258b90-7102-46a7-928b-5402bfa75ad4?api-version=2015-04-08
  response:
    body:
      string: '{"status":"Dequeued","error":{}}'
    headers:
      cache-control:
      - no-store, no-cache
      content-length:
      - '32'
      content-location:
      - https://management.documents.azure.com:450/subscriptions/fb3a3d6b-44c8-44f5-88c9-b20917c9b96b/providers/Microsoft.DocumentDB/locations/westus/operationsStatus/09258b90-7102-46a7-928b-5402bfa75ad4?api-version=2015-04-08
      content-type:
      - application/json
      date:
      - Tue, 08 Oct 2019 20:34:41 GMT
      pragma:
      - no-cache
      server:
      - Microsoft-HTTPAPI/2.0
      strict-transport-security:
      - max-age=31536000; includeSubDomains
      transfer-encoding:
      - chunked
      vary:
      - Accept-Encoding
      x-content-type-options:
      - nosniff
      x-ms-gatewayversion:
      - version=2.7.0
    status:
      code: 200
      message: Ok
- request:
    body: null
    headers:
      Accept:
      - application/json
      Accept-Encoding:
      - gzip, deflate
      CommandName:
      - cosmosdb create
      Connection:
      - keep-alive
      ParameterSetName:
      - -n -g
      User-Agent:
      - python/3.6.5 (Windows-10-10.0.17134-SP0) msrest/0.6.10 msrest_azure/0.6.1
        azure-mgmt-cosmosdb/0.8.0 Azure-SDK-For-Python AZURECLI/2.0.74
    method: GET
    uri: https://management.azure.com/subscriptions/00000000-0000-0000-0000-000000000000/providers/Microsoft.DocumentDB/locations/westus/operationsStatus/09258b90-7102-46a7-928b-5402bfa75ad4?api-version=2015-04-08
  response:
    body:
      string: '{"status":"Succeeded","error":{}}'
    headers:
      cache-control:
      - no-store, no-cache
      content-length:
      - '33'
      content-location:
      - https://management.documents.azure.com:450/subscriptions/fb3a3d6b-44c8-44f5-88c9-b20917c9b96b/providers/Microsoft.DocumentDB/locations/westus/operationsStatus/09258b90-7102-46a7-928b-5402bfa75ad4?api-version=2015-04-08
      content-type:
      - application/json
      date:
      - Tue, 08 Oct 2019 20:35:11 GMT
      pragma:
      - no-cache
      server:
      - Microsoft-HTTPAPI/2.0
      strict-transport-security:
      - max-age=31536000; includeSubDomains
      transfer-encoding:
      - chunked
      vary:
      - Accept-Encoding
      x-content-type-options:
      - nosniff
      x-ms-gatewayversion:
      - version=2.7.0
    status:
      code: 200
      message: Ok
- request:
    body: null
    headers:
      Accept:
      - application/json
      Accept-Encoding:
      - gzip, deflate
      CommandName:
      - cosmosdb create
      Connection:
      - keep-alive
      ParameterSetName:
      - -n -g
      User-Agent:
      - python/3.6.5 (Windows-10-10.0.17134-SP0) msrest/0.6.10 msrest_azure/0.6.1
        azure-mgmt-cosmosdb/0.8.0 Azure-SDK-For-Python AZURECLI/2.0.74
    method: GET
    uri: https://management.azure.com/subscriptions/00000000-0000-0000-0000-000000000000/resourceGroups/cli_test_cosmosdb_account000001/providers/Microsoft.DocumentDB/databaseAccounts/cli000002?api-version=2015-04-08
  response:
    body:
      string: '{"id":"/subscriptions/00000000-0000-0000-0000-000000000000/resourceGroups/cli_test_cosmosdb_account000001/providers/Microsoft.DocumentDB/databaseAccounts/cli000002","name":"cli000002","location":"West
        US","type":"Microsoft.DocumentDB/databaseAccounts","kind":"GlobalDocumentDB","tags":{},"properties":{"provisioningState":"Succeeded","documentEndpoint":"https://cli000002.documents.azure.com:443/","ipRangeFilter":"","enableAutomaticFailover":false,"enableMultipleWriteLocations":false,"enablePartitionKeyMonitor":false,"isVirtualNetworkFilterEnabled":false,"virtualNetworkRules":[],"EnabledApiTypes":"Sql","disableKeyBasedMetadataWriteAccess":false,"databaseAccountOfferType":"Standard","consistencyPolicy":{"defaultConsistencyLevel":"Session","maxIntervalInSeconds":5,"maxStalenessPrefix":100},"configurationOverrides":{},"writeLocations":[{"id":"cli000002-westus","locationName":"West
        US","documentEndpoint":"https://cli000002-westus.documents.azure.com:443/","provisioningState":"Succeeded","failoverPriority":0,"isZoneRedundant":false}],"readLocations":[{"id":"cli000002-westus","locationName":"West
        US","documentEndpoint":"https://cli000002-westus.documents.azure.com:443/","provisioningState":"Succeeded","failoverPriority":0,"isZoneRedundant":false}],"locations":[{"id":"cli000002-westus","locationName":"West
        US","documentEndpoint":"https://cli000002-westus.documents.azure.com:443/","provisioningState":"Succeeded","failoverPriority":0,"isZoneRedundant":false}],"failoverPolicies":[{"id":"cli000002-westus","locationName":"West
        US","failoverPriority":0}],"cors":[],"capabilities":[]}}'
    headers:
      cache-control:
      - no-store, no-cache
      content-length:
      - '1948'
      content-location:
      - https://management.documents.azure.com:450/subscriptions/fb3a3d6b-44c8-44f5-88c9-b20917c9b96b/resourceGroups/cli_test_cosmosdb_accounteqsyv2vhrhceo6q4qilgvka4mf3qs3bzuxqs2itfdupcskzp5o/providers/Microsoft.DocumentDB/databaseAccounts/clieeruc7scuyp3xwn7zefk3q2e5ijdtyuzmwv63?api-version=2015-04-08
      content-type:
      - application/json
      date:
      - Tue, 08 Oct 2019 20:35:12 GMT
      pragma:
      - no-cache
      server:
      - Microsoft-HTTPAPI/2.0
      strict-transport-security:
      - max-age=31536000; includeSubDomains
      transfer-encoding:
      - chunked
      vary:
      - Accept-Encoding
      x-content-type-options:
      - nosniff
      x-ms-gatewayversion:
      - version=2.7.0
    status:
      code: 200
      message: Ok
- request:
    body: null
    headers:
      Accept:
      - application/json
      Accept-Encoding:
      - gzip, deflate
      CommandName:
      - cosmosdb create
      Connection:
      - keep-alive
      ParameterSetName:
      - -n -g
      User-Agent:
      - python/3.6.5 (Windows-10-10.0.17134-SP0) msrest/0.6.10 msrest_azure/0.6.1
        azure-mgmt-cosmosdb/0.8.0 Azure-SDK-For-Python AZURECLI/2.0.74
      accept-language:
      - en-US
    method: GET
    uri: https://management.azure.com/subscriptions/00000000-0000-0000-0000-000000000000/resourceGroups/cli_test_cosmosdb_account000001/providers/Microsoft.DocumentDB/databaseAccounts/cli000002?api-version=2015-04-08
  response:
    body:
      string: '{"id":"/subscriptions/00000000-0000-0000-0000-000000000000/resourceGroups/cli_test_cosmosdb_account000001/providers/Microsoft.DocumentDB/databaseAccounts/cli000002","name":"cli000002","location":"West
        US","type":"Microsoft.DocumentDB/databaseAccounts","kind":"GlobalDocumentDB","tags":{},"properties":{"provisioningState":"Succeeded","documentEndpoint":"https://cli000002.documents.azure.com:443/","ipRangeFilter":"","enableAutomaticFailover":false,"enableMultipleWriteLocations":false,"enablePartitionKeyMonitor":false,"isVirtualNetworkFilterEnabled":false,"virtualNetworkRules":[],"EnabledApiTypes":"Sql","disableKeyBasedMetadataWriteAccess":false,"databaseAccountOfferType":"Standard","consistencyPolicy":{"defaultConsistencyLevel":"Session","maxIntervalInSeconds":5,"maxStalenessPrefix":100},"configurationOverrides":{},"writeLocations":[{"id":"cli000002-westus","locationName":"West
        US","documentEndpoint":"https://cli000002-westus.documents.azure.com:443/","provisioningState":"Succeeded","failoverPriority":0,"isZoneRedundant":false}],"readLocations":[{"id":"cli000002-westus","locationName":"West
        US","documentEndpoint":"https://cli000002-westus.documents.azure.com:443/","provisioningState":"Succeeded","failoverPriority":0,"isZoneRedundant":false}],"locations":[{"id":"cli000002-westus","locationName":"West
        US","documentEndpoint":"https://cli000002-westus.documents.azure.com:443/","provisioningState":"Succeeded","failoverPriority":0,"isZoneRedundant":false}],"failoverPolicies":[{"id":"cli000002-westus","locationName":"West
        US","failoverPriority":0}],"cors":[],"capabilities":[]}}'
    headers:
      cache-control:
      - no-store, no-cache
      content-length:
      - '1948'
      content-location:
      - https://management.documents.azure.com:450/subscriptions/fb3a3d6b-44c8-44f5-88c9-b20917c9b96b/resourceGroups/cli_test_cosmosdb_accounteqsyv2vhrhceo6q4qilgvka4mf3qs3bzuxqs2itfdupcskzp5o/providers/Microsoft.DocumentDB/databaseAccounts/clieeruc7scuyp3xwn7zefk3q2e5ijdtyuzmwv63?api-version=2015-04-08
      content-type:
      - application/json
      date:
      - Tue, 08 Oct 2019 20:35:13 GMT
      pragma:
      - no-cache
      server:
      - Microsoft-HTTPAPI/2.0
      strict-transport-security:
      - max-age=31536000; includeSubDomains
      transfer-encoding:
      - chunked
      vary:
      - Accept-Encoding
      x-content-type-options:
      - nosniff
      x-ms-gatewayversion:
      - version=2.7.0
    status:
      code: 200
      message: Ok
- request:
    body: null
    headers:
      Accept:
      - application/json
      Accept-Encoding:
      - gzip, deflate
      CommandName:
      - cosmosdb list-keys
      Connection:
      - keep-alive
      Content-Length:
      - '0'
      ParameterSetName:
      - -n -g
      User-Agent:
      - python/3.6.5 (Windows-10-10.0.17134-SP0) msrest/0.6.10 msrest_azure/0.6.1
        azure-mgmt-cosmosdb/0.8.0 Azure-SDK-For-Python AZURECLI/2.0.74
      accept-language:
      - en-US
    method: POST
    uri: https://management.azure.com/subscriptions/00000000-0000-0000-0000-000000000000/resourceGroups/cli_test_cosmosdb_account000001/providers/Microsoft.DocumentDB/databaseAccounts/cli000002/listKeys?api-version=2015-04-08
  response:
    body:
      string: '{"primaryMasterKey":"B37u4T2bV8FtIrpweDUSK0u2EQgnfWwhgFFSzBHIVipM5takhObYl3eLeOMyNpoUsorCxNnGn1BOMzVHzZk5kA==","secondaryMasterKey":"RbtR3yMzw3ZWGUlaDXooEOtXeWf02VzXvJtM0aLXn6PrpOabs3sm4yjnTCS2t8X9cbigFlZzv5Lk3MV5yE2a2w==","primaryReadonlyMasterKey":"PI8772if1FnnlkF4wHPiSXbfgMj1cEeaAQ19iTCPq2fIMBtoQKok3kmCmMgm0U0Jj4Oc37OJhGQowPiutoSy3w==","secondaryReadonlyMasterKey":"a6JvaTT6IkeCZMKKm1DxqgImxd7cOnN1oFSCPdBdvFYwgx9Rdf2HgiYdzxCMBgMOeUSGfpvQCNIKZXls1YQ4Kg=="}'
    headers:
      cache-control:
      - no-store, no-cache
      content-length:
      - '461'
      content-type:
      - application/json
      date:
      - Tue, 08 Oct 2019 20:35:13 GMT
      pragma:
      - no-cache
      server:
      - Microsoft-HTTPAPI/2.0
      strict-transport-security:
      - max-age=31536000; includeSubDomains
      transfer-encoding:
      - chunked
      vary:
      - Accept-Encoding
      x-content-type-options:
      - nosniff
      x-ms-gatewayversion:
      - version=2.7.0
      x-ms-ratelimit-remaining-subscription-writes:
      - '1199'
    status:
      code: 200
      message: Ok
- request:
    body: null
    headers:
      Accept:
      - application/json
      Accept-Encoding:
      - gzip, deflate
      CommandName:
      - cosmosdb show
      Connection:
      - keep-alive
      ParameterSetName:
      - -n -g
      User-Agent:
      - python/3.6.5 (Windows-10-10.0.17134-SP0) msrest/0.6.10 msrest_azure/0.6.1
        azure-mgmt-cosmosdb/0.8.0 Azure-SDK-For-Python AZURECLI/2.0.74
      accept-language:
      - en-US
    method: GET
    uri: https://management.azure.com/subscriptions/00000000-0000-0000-0000-000000000000/resourceGroups/cli_test_cosmosdb_account000001/providers/Microsoft.DocumentDB/databaseAccounts/cli000002?api-version=2015-04-08
  response:
    body:
      string: '{"id":"/subscriptions/00000000-0000-0000-0000-000000000000/resourceGroups/cli_test_cosmosdb_account000001/providers/Microsoft.DocumentDB/databaseAccounts/cli000002","name":"cli000002","location":"West
        US","type":"Microsoft.DocumentDB/databaseAccounts","kind":"GlobalDocumentDB","tags":{},"properties":{"provisioningState":"Succeeded","documentEndpoint":"https://cli000002.documents.azure.com:443/","ipRangeFilter":"","enableAutomaticFailover":false,"enableMultipleWriteLocations":false,"enablePartitionKeyMonitor":false,"isVirtualNetworkFilterEnabled":false,"virtualNetworkRules":[],"EnabledApiTypes":"Sql","disableKeyBasedMetadataWriteAccess":false,"databaseAccountOfferType":"Standard","consistencyPolicy":{"defaultConsistencyLevel":"Session","maxIntervalInSeconds":5,"maxStalenessPrefix":100},"configurationOverrides":{},"writeLocations":[{"id":"cli000002-westus","locationName":"West
        US","documentEndpoint":"https://cli000002-westus.documents.azure.com:443/","provisioningState":"Succeeded","failoverPriority":0,"isZoneRedundant":false}],"readLocations":[{"id":"cli000002-westus","locationName":"West
        US","documentEndpoint":"https://cli000002-westus.documents.azure.com:443/","provisioningState":"Succeeded","failoverPriority":0,"isZoneRedundant":false}],"locations":[{"id":"cli000002-westus","locationName":"West
        US","documentEndpoint":"https://cli000002-westus.documents.azure.com:443/","provisioningState":"Succeeded","failoverPriority":0,"isZoneRedundant":false}],"failoverPolicies":[{"id":"cli000002-westus","locationName":"West
        US","failoverPriority":0}],"cors":[],"capabilities":[]}}'
    headers:
      cache-control:
      - no-store, no-cache
      content-length:
      - '1948'
      content-location:
      - https://management.documents.azure.com:450/subscriptions/fb3a3d6b-44c8-44f5-88c9-b20917c9b96b/resourceGroups/cli_test_cosmosdb_accounteqsyv2vhrhceo6q4qilgvka4mf3qs3bzuxqs2itfdupcskzp5o/providers/Microsoft.DocumentDB/databaseAccounts/clieeruc7scuyp3xwn7zefk3q2e5ijdtyuzmwv63?api-version=2015-04-08
      content-type:
      - application/json
      date:
      - Tue, 08 Oct 2019 20:35:14 GMT
      pragma:
      - no-cache
      server:
      - Microsoft-HTTPAPI/2.0
      strict-transport-security:
      - max-age=31536000; includeSubDomains
      transfer-encoding:
      - chunked
      vary:
      - Accept-Encoding
      x-content-type-options:
      - nosniff
      x-ms-gatewayversion:
      - version=2.7.0
    status:
      code: 200
      message: Ok
- request:
    body: null
    headers:
      Accept:
      - application/json
      Accept-Encoding:
      - gzip, deflate
      CommandName:
      - cosmosdb database list
      Connection:
      - keep-alive
      Content-Length:
      - '0'
      ParameterSetName:
      - -n -g
      User-Agent:
      - python/3.6.5 (Windows-10-10.0.17134-SP0) msrest/0.6.10 msrest_azure/0.6.1
        azure-mgmt-cosmosdb/0.8.0 Azure-SDK-For-Python AZURECLI/2.0.74
      accept-language:
      - en-US
    method: POST
    uri: https://management.azure.com/subscriptions/00000000-0000-0000-0000-000000000000/resourceGroups/cli_test_cosmosdb_account000001/providers/Microsoft.DocumentDB/databaseAccounts/cli000002/listKeys?api-version=2015-04-08
  response:
    body:
      string: '{"primaryMasterKey":"B37u4T2bV8FtIrpweDUSK0u2EQgnfWwhgFFSzBHIVipM5takhObYl3eLeOMyNpoUsorCxNnGn1BOMzVHzZk5kA==","secondaryMasterKey":"RbtR3yMzw3ZWGUlaDXooEOtXeWf02VzXvJtM0aLXn6PrpOabs3sm4yjnTCS2t8X9cbigFlZzv5Lk3MV5yE2a2w==","primaryReadonlyMasterKey":"PI8772if1FnnlkF4wHPiSXbfgMj1cEeaAQ19iTCPq2fIMBtoQKok3kmCmMgm0U0Jj4Oc37OJhGQowPiutoSy3w==","secondaryReadonlyMasterKey":"a6JvaTT6IkeCZMKKm1DxqgImxd7cOnN1oFSCPdBdvFYwgx9Rdf2HgiYdzxCMBgMOeUSGfpvQCNIKZXls1YQ4Kg=="}'
    headers:
      cache-control:
      - no-store, no-cache
      content-length:
      - '461'
      content-type:
      - application/json
      date:
      - Tue, 08 Oct 2019 20:35:15 GMT
      pragma:
      - no-cache
      server:
      - Microsoft-HTTPAPI/2.0
      strict-transport-security:
      - max-age=31536000; includeSubDomains
      transfer-encoding:
      - chunked
      vary:
      - Accept-Encoding
      x-content-type-options:
      - nosniff
      x-ms-gatewayversion:
      - version=2.7.0
      x-ms-ratelimit-remaining-subscription-writes:
      - '1199'
    status:
      code: 200
      message: Ok
- request:
    body: null
    headers:
      Accept:
      - application/json
      Accept-Encoding:
      - gzip, deflate
      CommandName:
      - cosmosdb database list
      Connection:
      - keep-alive
      ParameterSetName:
      - -n -g
      User-Agent:
      - python/3.6.5 (Windows-10-10.0.17134-SP0) msrest/0.6.10 msrest_azure/0.6.1
        azure-mgmt-cosmosdb/0.8.0 Azure-SDK-For-Python AZURECLI/2.0.74
      accept-language:
      - en-US
    method: GET
    uri: https://management.azure.com/subscriptions/00000000-0000-0000-0000-000000000000/resourceGroups/cli_test_cosmosdb_account000001/providers/Microsoft.DocumentDB/databaseAccounts/cli000002?api-version=2015-04-08
  response:
    body:
      string: '{"id":"/subscriptions/00000000-0000-0000-0000-000000000000/resourceGroups/cli_test_cosmosdb_account000001/providers/Microsoft.DocumentDB/databaseAccounts/cli000002","name":"cli000002","location":"West
        US","type":"Microsoft.DocumentDB/databaseAccounts","kind":"GlobalDocumentDB","tags":{},"properties":{"provisioningState":"Succeeded","documentEndpoint":"https://cli000002.documents.azure.com:443/","ipRangeFilter":"","enableAutomaticFailover":false,"enableMultipleWriteLocations":false,"enablePartitionKeyMonitor":false,"isVirtualNetworkFilterEnabled":false,"virtualNetworkRules":[],"EnabledApiTypes":"Sql","disableKeyBasedMetadataWriteAccess":false,"databaseAccountOfferType":"Standard","consistencyPolicy":{"defaultConsistencyLevel":"Session","maxIntervalInSeconds":5,"maxStalenessPrefix":100},"configurationOverrides":{},"writeLocations":[{"id":"cli000002-westus","locationName":"West
        US","documentEndpoint":"https://cli000002-westus.documents.azure.com:443/","provisioningState":"Succeeded","failoverPriority":0,"isZoneRedundant":false}],"readLocations":[{"id":"cli000002-westus","locationName":"West
        US","documentEndpoint":"https://cli000002-westus.documents.azure.com:443/","provisioningState":"Succeeded","failoverPriority":0,"isZoneRedundant":false}],"locations":[{"id":"cli000002-westus","locationName":"West
        US","documentEndpoint":"https://cli000002-westus.documents.azure.com:443/","provisioningState":"Succeeded","failoverPriority":0,"isZoneRedundant":false}],"failoverPolicies":[{"id":"cli000002-westus","locationName":"West
        US","failoverPriority":0}],"cors":[],"capabilities":[]}}'
    headers:
      cache-control:
      - no-store, no-cache
      content-length:
      - '1948'
      content-location:
      - https://management.documents.azure.com:450/subscriptions/fb3a3d6b-44c8-44f5-88c9-b20917c9b96b/resourceGroups/cli_test_cosmosdb_accounteqsyv2vhrhceo6q4qilgvka4mf3qs3bzuxqs2itfdupcskzp5o/providers/Microsoft.DocumentDB/databaseAccounts/clieeruc7scuyp3xwn7zefk3q2e5ijdtyuzmwv63?api-version=2015-04-08
      content-type:
      - application/json
      date:
      - Tue, 08 Oct 2019 20:35:15 GMT
      pragma:
      - no-cache
      server:
      - Microsoft-HTTPAPI/2.0
      strict-transport-security:
      - max-age=31536000; includeSubDomains
      transfer-encoding:
      - chunked
      vary:
      - Accept-Encoding
      x-content-type-options:
      - nosniff
      x-ms-gatewayversion:
      - version=2.7.0
    status:
      code: 200
      message: Ok
- request:
    body: null
    headers:
      Accept:
      - application/json
      Accept-Encoding:
      - gzip, deflate
      Cache-Control:
      - no-cache
      Connection:
      - keep-alive
      Content-Length:
      - '0'
      User-Agent:
      - Windows/10 Python/3.6.5 azure-cosmos/3.1.1
      x-ms-consistency-level:
      - Session
      x-ms-date:
      - Tue, 08 Oct 2019 20:35:16 GMT
      x-ms-documentdb-query-iscontinuationexpected:
      - 'False'
      x-ms-session-token:
      - ''
      x-ms-version:
      - '2018-09-17'
    method: GET
    uri: https://cli000002.documents.azure.com/
  response:
    body:
      string: '{"_self":"","id":"cli000002","_rid":"cli000002.documents.azure.com","media":"//media/","addresses":"//addresses/","_dbs":"//dbs/","writableLocations":[{"name":"West
        US","databaseAccountEndpoint":"https://cli000002-westus.documents.azure.com:443/"}],"readableLocations":[{"name":"West
        US","databaseAccountEndpoint":"https://cli000002-westus.documents.azure.com:443/"}],"enableMultipleWriteLocations":false,"userReplicationPolicy":{"asyncReplication":false,"minReplicaSetSize":3,"maxReplicasetSize":4},"userConsistencyPolicy":{"defaultConsistencyLevel":"Session"},"systemReplicationPolicy":{"minReplicaSetSize":3,"maxReplicasetSize":4},"readPolicy":{"primaryReadCoefficient":1,"secondaryReadCoefficient":1},"queryEngineConfiguration":"{\"maxSqlQueryInputLength\":262144,\"maxJoinsPerSqlQuery\":5,\"maxLogicalAndPerSqlQuery\":500,\"maxLogicalOrPerSqlQuery\":500,\"maxUdfRefPerSqlQuery\":10,\"maxInExpressionItemsCount\":16000,\"queryMaxInMemorySortDocumentCount\":500,\"maxQueryRequestTimeoutFraction\":0.9,\"sqlAllowNonFiniteNumbers\":false,\"sqlAllowAggregateFunctions\":true,\"sqlAllowSubQuery\":true,\"sqlAllowScalarSubQuery\":true,\"allowNewKeywords\":true,\"sqlAllowLike\":false,\"sqlAllowGroupByClause\":false,\"maxSpatialQueryCells\":12,\"spatialMaxGeometryPointCount\":256,\"sqlAllowTop\":true,\"enableSpatialIndexing\":true}"}'
    headers:
      cache-control:
      - no-store, no-cache
      content-location:
      - https://clieeruc7scuyp3xwn7zefk3q2e5ijdtyuzmwv63.documents.azure.com/
      content-type:
      - application/json
      date:
      - Tue, 08 Oct 2019 20:35:16 GMT
      pragma:
      - no-cache
      server:
      - Microsoft-HTTPAPI/2.0
      strict-transport-security:
      - max-age=31536000
      transfer-encoding:
      - chunked
      x-ms-databaseaccount-consumed-mb:
      - '0'
      x-ms-databaseaccount-provisioned-mb:
      - '0'
      x-ms-databaseaccount-reserved-mb:
      - '0'
      x-ms-gatewayversion:
      - version=2.5.1
      x-ms-max-media-storage-usage-mb:
      - '2048'
      x-ms-media-storage-usage-mb:
      - '0'
    status:
      code: 200
      message: Ok
- request:
    body: null
    headers:
      Accept:
      - application/json
      Accept-Encoding:
      - gzip, deflate
      Cache-Control:
      - no-cache
      Connection:
      - keep-alive
      Content-Length:
      - '0'
      User-Agent:
      - Windows/10 Python/3.6.5 azure-cosmos/3.1.1 AZURECLI/2.0.74
      x-ms-consistency-level:
      - Session
      x-ms-date:
      - Tue, 08 Oct 2019 20:35:16 GMT
      x-ms-documentdb-query-iscontinuationexpected:
      - 'False'
      x-ms-version:
      - '2018-09-17'
    method: GET
    uri: https://cli000002-westus.documents.azure.com/dbs
  response:
    body:
      string: '{"_rid":"","Databases":[],"_count":0}'
    headers:
      cache-control:
      - no-store, no-cache
      content-location:
      - https://clieeruc7scuyp3xwn7zefk3q2e5ijdtyuzmwv63-westus.documents.azure.com/dbs
      content-type:
      - application/json
      date:
      - Tue, 08 Oct 2019 20:35:16 GMT
      lsn:
      - '3'
      pragma:
      - no-cache
      server:
      - Microsoft-HTTPAPI/2.0
      strict-transport-security:
      - max-age=31536000
      transfer-encoding:
      - chunked
      x-ms-activity-id:
      - acd6b4a8-28fa-4ada-9f5e-3148f0598de1
      x-ms-cosmos-llsn:
      - '3'
      x-ms-gatewayversion:
      - version=2.5.1
      x-ms-global-committed-lsn:
      - '3'
      x-ms-item-count:
      - '0'
      x-ms-last-state-change-utc:
      - Mon, 07 Oct 2019 03:37:51.350 GMT
      x-ms-number-of-read-regions:
      - '0'
      x-ms-request-charge:
      - '2'
      x-ms-resource-quota:
      - databases=1000;collections=5000;users=500000;permissions=2000000;
      x-ms-resource-usage:
      - databases=0;collections=0;users=0;permissions=0;
      x-ms-schemaversion:
      - '1.8'
      x-ms-serviceversion:
      - version=2.5.0.0
      x-ms-session-token:
      - 0:-1#3
      x-ms-transport-request-id:
      - '28387'
      x-ms-xp-role:
      - '1'
    status:
      code: 200
      message: Ok
- request:
    body: null
    headers:
      Accept:
      - application/json
      Accept-Encoding:
      - gzip, deflate
      Cache-Control:
      - no-cache
      Connection:
      - keep-alive
      Content-Length:
      - '0'
      User-Agent:
      - Windows/10 Python/3.6.5 azure-cosmos/3.1.1
      x-ms-consistency-level:
      - Session
      x-ms-date:
      - Tue, 08 Oct 2019 20:35:17 GMT
      x-ms-documentdb-query-iscontinuationexpected:
      - 'False'
      x-ms-session-token:
      - ''
      x-ms-version:
      - '2018-09-17'
    method: GET
    uri: https://cli000002.documents.azure.com/
  response:
    body:
      string: '{"_self":"","id":"cli000002","_rid":"cli000002.documents.azure.com","media":"//media/","addresses":"//addresses/","_dbs":"//dbs/","writableLocations":[{"name":"West
        US","databaseAccountEndpoint":"https://cli000002-westus.documents.azure.com:443/"}],"readableLocations":[{"name":"West
        US","databaseAccountEndpoint":"https://cli000002-westus.documents.azure.com:443/"}],"enableMultipleWriteLocations":false,"userReplicationPolicy":{"asyncReplication":false,"minReplicaSetSize":3,"maxReplicasetSize":4},"userConsistencyPolicy":{"defaultConsistencyLevel":"Session"},"systemReplicationPolicy":{"minReplicaSetSize":3,"maxReplicasetSize":4},"readPolicy":{"primaryReadCoefficient":1,"secondaryReadCoefficient":1},"queryEngineConfiguration":"{\"maxSqlQueryInputLength\":262144,\"maxJoinsPerSqlQuery\":5,\"maxLogicalAndPerSqlQuery\":500,\"maxLogicalOrPerSqlQuery\":500,\"maxUdfRefPerSqlQuery\":10,\"maxInExpressionItemsCount\":16000,\"queryMaxInMemorySortDocumentCount\":500,\"maxQueryRequestTimeoutFraction\":0.9,\"sqlAllowNonFiniteNumbers\":false,\"sqlAllowAggregateFunctions\":true,\"sqlAllowSubQuery\":true,\"sqlAllowScalarSubQuery\":true,\"allowNewKeywords\":true,\"sqlAllowLike\":false,\"sqlAllowGroupByClause\":false,\"maxSpatialQueryCells\":12,\"spatialMaxGeometryPointCount\":256,\"sqlAllowTop\":true,\"enableSpatialIndexing\":true}"}'
    headers:
      cache-control:
      - no-store, no-cache
      content-location:
      - https://clieeruc7scuyp3xwn7zefk3q2e5ijdtyuzmwv63.documents.azure.com/
      content-type:
      - application/json
      date:
      - Tue, 08 Oct 2019 20:35:16 GMT
      pragma:
      - no-cache
      server:
      - Microsoft-HTTPAPI/2.0
      strict-transport-security:
      - max-age=31536000
      transfer-encoding:
      - chunked
      x-ms-databaseaccount-consumed-mb:
      - '0'
      x-ms-databaseaccount-provisioned-mb:
      - '0'
      x-ms-databaseaccount-reserved-mb:
      - '0'
      x-ms-gatewayversion:
      - version=2.5.1
      x-ms-max-media-storage-usage-mb:
      - '2048'
      x-ms-media-storage-usage-mb:
      - '0'
    status:
      code: 200
      message: Ok
- request:
    body: null
    headers:
      Accept:
      - application/json
      Accept-Encoding:
      - gzip, deflate
      Cache-Control:
      - no-cache
      Connection:
      - keep-alive
      Content-Length:
      - '0'
      User-Agent:
      - Windows/10 Python/3.6.5 azure-cosmos/3.1.1 AZURECLI/2.0.74
      x-ms-consistency-level:
      - Session
      x-ms-date:
      - Tue, 08 Oct 2019 20:35:17 GMT
      x-ms-documentdb-query-iscontinuationexpected:
      - 'False'
      x-ms-version:
      - '2018-09-17'
    method: GET
    uri: https://cli000002-westus.documents.azure.com/dbs
  response:
    body:
      string: '{"_rid":"","Databases":[],"_count":0}'
    headers:
      cache-control:
      - no-store, no-cache
      content-location:
      - https://clieeruc7scuyp3xwn7zefk3q2e5ijdtyuzmwv63-westus.documents.azure.com/dbs
      content-type:
      - application/json
      date:
      - Tue, 08 Oct 2019 20:35:17 GMT
      lsn:
      - '3'
      pragma:
      - no-cache
      server:
      - Microsoft-HTTPAPI/2.0
      strict-transport-security:
      - max-age=31536000
      transfer-encoding:
      - chunked
      x-ms-activity-id:
      - f0b1a5af-dde2-4804-9563-6301c415a2b5
      x-ms-cosmos-llsn:
      - '3'
      x-ms-gatewayversion:
      - version=2.5.1
      x-ms-global-committed-lsn:
      - '3'
      x-ms-item-count:
      - '0'
      x-ms-last-state-change-utc:
      - Tue, 08 Oct 2019 08:51:16.236 GMT
      x-ms-number-of-read-regions:
      - '0'
      x-ms-request-charge:
      - '2'
      x-ms-resource-quota:
      - databases=1000;collections=5000;users=500000;permissions=2000000;
      x-ms-resource-usage:
      - databases=0;collections=0;users=0;permissions=0;
      x-ms-schemaversion:
      - '1.8'
      x-ms-serviceversion:
      - version=2.5.0.0
      x-ms-session-token:
      - 0:-1#3
      x-ms-transport-request-id:
      - '22645'
      x-ms-xp-role:
      - '2'
    status:
      code: 200
      message: Ok
- request:
    body: null
    headers:
      Accept:
      - application/json
      Accept-Encoding:
      - gzip, deflate
      Cache-Control:
      - no-cache
      Connection:
      - keep-alive
      Content-Length:
      - '0'
      User-Agent:
      - Windows/10 Python/3.6.5 azure-cosmos/3.1.1
      x-ms-consistency-level:
      - Session
      x-ms-date:
      - Tue, 08 Oct 2019 20:35:17 GMT
      x-ms-documentdb-query-iscontinuationexpected:
      - 'False'
      x-ms-session-token:
      - ''
      x-ms-version:
      - '2018-09-17'
    method: GET
    uri: https://cli000002.documents.azure.com/
  response:
    body:
      string: '{"_self":"","id":"cli000002","_rid":"cli000002.documents.azure.com","media":"//media/","addresses":"//addresses/","_dbs":"//dbs/","writableLocations":[{"name":"West
        US","databaseAccountEndpoint":"https://cli000002-westus.documents.azure.com:443/"}],"readableLocations":[{"name":"West
        US","databaseAccountEndpoint":"https://cli000002-westus.documents.azure.com:443/"}],"enableMultipleWriteLocations":false,"userReplicationPolicy":{"asyncReplication":false,"minReplicaSetSize":3,"maxReplicasetSize":4},"userConsistencyPolicy":{"defaultConsistencyLevel":"Session"},"systemReplicationPolicy":{"minReplicaSetSize":3,"maxReplicasetSize":4},"readPolicy":{"primaryReadCoefficient":1,"secondaryReadCoefficient":1},"queryEngineConfiguration":"{\"maxSqlQueryInputLength\":262144,\"maxJoinsPerSqlQuery\":5,\"maxLogicalAndPerSqlQuery\":500,\"maxLogicalOrPerSqlQuery\":500,\"maxUdfRefPerSqlQuery\":10,\"maxInExpressionItemsCount\":16000,\"queryMaxInMemorySortDocumentCount\":500,\"maxQueryRequestTimeoutFraction\":0.9,\"sqlAllowNonFiniteNumbers\":false,\"sqlAllowAggregateFunctions\":true,\"sqlAllowSubQuery\":true,\"sqlAllowScalarSubQuery\":true,\"allowNewKeywords\":true,\"sqlAllowLike\":false,\"sqlAllowGroupByClause\":false,\"maxSpatialQueryCells\":12,\"spatialMaxGeometryPointCount\":256,\"sqlAllowTop\":true,\"enableSpatialIndexing\":true}"}'
    headers:
      cache-control:
      - no-store, no-cache
      content-location:
      - https://clieeruc7scuyp3xwn7zefk3q2e5ijdtyuzmwv63.documents.azure.com/
      content-type:
      - application/json
      date:
      - Tue, 08 Oct 2019 20:35:17 GMT
      pragma:
      - no-cache
      server:
      - Microsoft-HTTPAPI/2.0
      strict-transport-security:
      - max-age=31536000
      transfer-encoding:
      - chunked
      x-ms-databaseaccount-consumed-mb:
      - '0'
      x-ms-databaseaccount-provisioned-mb:
      - '0'
      x-ms-databaseaccount-reserved-mb:
      - '0'
      x-ms-gatewayversion:
      - version=2.5.1
      x-ms-max-media-storage-usage-mb:
      - '2048'
      x-ms-media-storage-usage-mb:
      - '0'
    status:
      code: 200
      message: Ok
- request:
    body: null
    headers:
      Accept:
      - application/json
      Accept-Encoding:
      - gzip, deflate
      Cache-Control:
      - no-cache
      Connection:
      - keep-alive
      Content-Length:
      - '0'
      User-Agent:
      - Windows/10 Python/3.6.5 azure-cosmos/3.1.1 AZURECLI/2.0.74
      x-ms-consistency-level:
      - Session
      x-ms-date:
      - Tue, 08 Oct 2019 20:35:17 GMT
      x-ms-documentdb-query-iscontinuationexpected:
      - 'False'
      x-ms-version:
      - '2018-09-17'
    method: GET
    uri: https://cli000002-westus.documents.azure.com/dbs
  response:
    body:
      string: '{"_rid":"","Databases":[],"_count":0}'
    headers:
      cache-control:
      - no-store, no-cache
      content-location:
      - https://clieeruc7scuyp3xwn7zefk3q2e5ijdtyuzmwv63-westus.documents.azure.com/dbs
      content-type:
      - application/json
      date:
      - Tue, 08 Oct 2019 20:35:16 GMT
      lsn:
      - '3'
      pragma:
      - no-cache
      server:
      - Microsoft-HTTPAPI/2.0
      strict-transport-security:
      - max-age=31536000
      transfer-encoding:
      - chunked
      x-ms-activity-id:
      - a83f165f-d966-4135-aab2-a7ff80cc0c1c
      x-ms-cosmos-llsn:
      - '3'
      x-ms-gatewayversion:
      - version=2.5.1
      x-ms-global-committed-lsn:
      - '3'
      x-ms-item-count:
      - '0'
      x-ms-last-state-change-utc:
      - Tue, 08 Oct 2019 08:51:16.236 GMT
      x-ms-number-of-read-regions:
      - '0'
      x-ms-request-charge:
      - '2'
      x-ms-resource-quota:
      - databases=1000;collections=5000;users=500000;permissions=2000000;
      x-ms-resource-usage:
      - databases=0;collections=0;users=0;permissions=0;
      x-ms-schemaversion:
      - '1.8'
      x-ms-serviceversion:
      - version=2.5.0.0
      x-ms-session-token:
      - 0:-1#3
      x-ms-transport-request-id:
      - '43728'
      x-ms-xp-role:
      - '2'
    status:
      code: 200
      message: Ok
version: 1
