interactions:
- request:
    body: null
    headers:
      Accept:
      - application/json
      Accept-Encoding:
      - gzip, deflate
      CommandName:
      - cosmosdb create
      Connection:
      - keep-alive
      ParameterSetName:
      - -n -g --capabilities --enable-analytical-storage
      User-Agent:
      - AZURECLI/2.37.0 azsdk-python-azure-mgmt-resource/21.1.0b1 Python/3.10.5 (Linux-5.13.0-1031-azure-x86_64-with-glibc2.31)
        VSTS_0fb41ef4-5012-48a9-bf39-4ee3de03ee35_build_4949_0
    method: GET
    uri: https://management.azure.com/subscriptions/00000000-0000-0000-0000-000000000000/resourcegroups/cli_test_cosmosdb_cassandra_table000001?api-version=2021-04-01
  response:
    body:
      string: '{"id":"/subscriptions/00000000-0000-0000-0000-000000000000/resourceGroups/cli_test_cosmosdb_cassandra_table000001","name":"cli_test_cosmosdb_cassandra_table000001","type":"Microsoft.Resources/resourceGroups","location":"westus","tags":{"product":"azurecli","cause":"automation","date":"2022-06-23T06:34:09Z"},"properties":{"provisioningState":"Succeeded"}}'
    headers:
      cache-control:
      - no-cache
      content-length:
      - '356'
      content-type:
      - application/json; charset=utf-8
      date:
      - Thu, 23 Jun 2022 06:34:09 GMT
      expires:
      - '-1'
      pragma:
      - no-cache
      strict-transport-security:
      - max-age=31536000; includeSubDomains
      vary:
      - Accept-Encoding
      x-content-type-options:
      - nosniff
    status:
      code: 200
      message: OK
- request:
    body: '{"location": "westus", "kind": "GlobalDocumentDB", "properties": {"locations":
      [{"locationName": "westus", "failoverPriority": 0, "isZoneRedundant": false}],
      "databaseAccountOfferType": "Standard", "capabilities": [{"name": "EnableCassandra"}],
      "apiProperties": {}, "enableAnalyticalStorage": true, "createMode": "Default"}}'
    headers:
      Accept:
      - application/json
      Accept-Encoding:
      - gzip, deflate
      CommandName:
      - cosmosdb create
      Connection:
      - keep-alive
      Content-Length:
      - '324'
      Content-Type:
      - application/json
      ParameterSetName:
      - -n -g --capabilities --enable-analytical-storage
      User-Agent:
      - AZURECLI/2.37.0 azsdk-python-mgmt-cosmosdb/7.0.0b6 Python/3.10.5 (Linux-5.13.0-1031-azure-x86_64-with-glibc2.31)
        VSTS_0fb41ef4-5012-48a9-bf39-4ee3de03ee35_build_4949_0
    method: PUT
    uri: https://management.azure.com/subscriptions/00000000-0000-0000-0000-000000000000/resourceGroups/cli_test_cosmosdb_cassandra_table000001/providers/Microsoft.DocumentDB/databaseAccounts/cli000003?api-version=2022-02-15-preview
  response:
    body:
      string: '{"id":"/subscriptions/00000000-0000-0000-0000-000000000000/resourceGroups/cli_test_cosmosdb_cassandra_table000001/providers/Microsoft.DocumentDB/databaseAccounts/cli000003","name":"cli000003","location":"West
        US","type":"Microsoft.DocumentDB/databaseAccounts","kind":"GlobalDocumentDB","tags":{},"systemData":{"createdAt":"2022-06-23T06:34:15.9030496Z"},"properties":{"provisioningState":"Creating","publicNetworkAccess":"Enabled","enableAutomaticFailover":false,"enableMultipleWriteLocations":false,"enablePartitionKeyMonitor":false,"isVirtualNetworkFilterEnabled":false,"virtualNetworkRules":[],"EnabledApiTypes":"Cassandra","disableKeyBasedMetadataWriteAccess":false,"enableFreeTier":false,"enableAnalyticalStorage":true,"analyticalStorageConfiguration":{"schemaType":"WellDefined"},"instanceId":"bbe1ca0b-d6b9-4663-bb9f-ab702f6e6902","databaseAccountOfferType":"Standard","defaultIdentity":"","networkAclBypass":"None","disableLocalAuth":false,"consistencyPolicy":{"defaultConsistencyLevel":"Session","maxIntervalInSeconds":5,"maxStalenessPrefix":100},"configurationOverrides":{},"writeLocations":[{"id":"cli000003-westus","locationName":"West
        US","provisioningState":"Creating","failoverPriority":0,"isZoneRedundant":false}],"readLocations":[{"id":"cli000003-westus","locationName":"West
        US","provisioningState":"Creating","failoverPriority":0,"isZoneRedundant":false}],"locations":[{"id":"cli000003-westus","locationName":"West
        US","provisioningState":"Creating","failoverPriority":0,"isZoneRedundant":false}],"failoverPolicies":[{"id":"cli000003-westus","locationName":"West
        US","failoverPriority":0}],"cors":[],"capabilities":[{"name":"EnableCassandra"}],"ipRules":[],"backupPolicy":{"type":"Periodic","periodicModeProperties":{"backupIntervalInMinutes":240,"backupRetentionIntervalInHours":8,"backupStorageRedundancy":"Invalid"}},"networkAclBypassResourceIds":[],"diagnosticLogSettings":{"enableFullTextQuery":"None"}},"identity":{"type":"None"}}'
    headers:
      azure-asyncoperation:
      - https://management.azure.com/subscriptions/00000000-0000-0000-0000-000000000000/providers/Microsoft.DocumentDB/locations/westus/operationsStatus/7fc614a8-ceb8-485b-8728-6ddafa718877?api-version=2022-02-15-preview
      cache-control:
      - no-store, no-cache
      content-length:
      - '1955'
      content-type:
      - application/json
      date:
      - Thu, 23 Jun 2022 06:34:17 GMT
      location:
      - https://management.azure.com/subscriptions/00000000-0000-0000-0000-000000000000/resourceGroups/cli_test_cosmosdb_cassandra_table000001/providers/Microsoft.DocumentDB/databaseAccounts/cli000003/operationResults/7fc614a8-ceb8-485b-8728-6ddafa718877?api-version=2022-02-15-preview
      pragma:
      - no-cache
      server:
      - Microsoft-HTTPAPI/2.0
      strict-transport-security:
      - max-age=31536000; includeSubDomains
      transfer-encoding:
      - chunked
      vary:
      - Accept-Encoding
      x-content-type-options:
      - nosniff
      x-ms-gatewayversion:
      - version=2.14.0
      x-ms-ratelimit-remaining-subscription-writes:
      - '1199'
    status:
      code: 200
      message: Ok
- request:
    body: null
    headers:
      Accept:
      - '*/*'
      Accept-Encoding:
      - gzip, deflate
      CommandName:
      - cosmosdb create
      Connection:
      - keep-alive
      ParameterSetName:
      - -n -g --capabilities --enable-analytical-storage
      User-Agent:
      - AZURECLI/2.37.0 azsdk-python-mgmt-cosmosdb/7.0.0b6 Python/3.10.5 (Linux-5.13.0-1031-azure-x86_64-with-glibc2.31)
        VSTS_0fb41ef4-5012-48a9-bf39-4ee3de03ee35_build_4949_0
    method: GET
    uri: https://management.azure.com/subscriptions/00000000-0000-0000-0000-000000000000/providers/Microsoft.DocumentDB/locations/westus/operationsStatus/7fc614a8-ceb8-485b-8728-6ddafa718877?api-version=2022-02-15-preview
  response:
    body:
      string: '{"status":"Dequeued"}'
    headers:
      cache-control:
      - no-store, no-cache
      content-length:
      - '21'
      content-type:
      - application/json
      date:
      - Thu, 23 Jun 2022 06:34:48 GMT
      pragma:
      - no-cache
      server:
      - Microsoft-HTTPAPI/2.0
      strict-transport-security:
      - max-age=31536000; includeSubDomains
      transfer-encoding:
      - chunked
      vary:
      - Accept-Encoding
      x-content-type-options:
      - nosniff
      x-ms-gatewayversion:
      - version=2.14.0
    status:
      code: 200
      message: Ok
- request:
    body: null
    headers:
      Accept:
      - '*/*'
      Accept-Encoding:
      - gzip, deflate
      CommandName:
      - cosmosdb create
      Connection:
      - keep-alive
      ParameterSetName:
      - -n -g --capabilities --enable-analytical-storage
      User-Agent:
      - AZURECLI/2.37.0 azsdk-python-mgmt-cosmosdb/7.0.0b6 Python/3.10.5 (Linux-5.13.0-1031-azure-x86_64-with-glibc2.31)
        VSTS_0fb41ef4-5012-48a9-bf39-4ee3de03ee35_build_4949_0
    method: GET
    uri: https://management.azure.com/subscriptions/00000000-0000-0000-0000-000000000000/providers/Microsoft.DocumentDB/locations/westus/operationsStatus/7fc614a8-ceb8-485b-8728-6ddafa718877?api-version=2022-02-15-preview
  response:
    body:
      string: '{"status":"Dequeued"}'
    headers:
      cache-control:
      - no-store, no-cache
      content-length:
      - '21'
      content-type:
      - application/json
      date:
      - Thu, 23 Jun 2022 06:35:18 GMT
      pragma:
      - no-cache
      server:
      - Microsoft-HTTPAPI/2.0
      strict-transport-security:
      - max-age=31536000; includeSubDomains
      transfer-encoding:
      - chunked
      vary:
      - Accept-Encoding
      x-content-type-options:
      - nosniff
      x-ms-gatewayversion:
      - version=2.14.0
    status:
      code: 200
      message: Ok
- request:
    body: null
    headers:
      Accept:
      - '*/*'
      Accept-Encoding:
      - gzip, deflate
      CommandName:
      - cosmosdb create
      Connection:
      - keep-alive
      ParameterSetName:
      - -n -g --capabilities --enable-analytical-storage
      User-Agent:
      - AZURECLI/2.37.0 azsdk-python-mgmt-cosmosdb/7.0.0b6 Python/3.10.5 (Linux-5.13.0-1031-azure-x86_64-with-glibc2.31)
        VSTS_0fb41ef4-5012-48a9-bf39-4ee3de03ee35_build_4949_0
    method: GET
    uri: https://management.azure.com/subscriptions/00000000-0000-0000-0000-000000000000/providers/Microsoft.DocumentDB/locations/westus/operationsStatus/7fc614a8-ceb8-485b-8728-6ddafa718877?api-version=2022-02-15-preview
  response:
    body:
      string: '{"status":"Dequeued"}'
    headers:
      cache-control:
      - no-store, no-cache
      content-length:
      - '21'
      content-type:
      - application/json
      date:
      - Thu, 23 Jun 2022 06:35:48 GMT
      pragma:
      - no-cache
      server:
      - Microsoft-HTTPAPI/2.0
      strict-transport-security:
      - max-age=31536000; includeSubDomains
      transfer-encoding:
      - chunked
      vary:
      - Accept-Encoding
      x-content-type-options:
      - nosniff
      x-ms-gatewayversion:
      - version=2.14.0
    status:
      code: 200
      message: Ok
- request:
    body: null
    headers:
      Accept:
      - '*/*'
      Accept-Encoding:
      - gzip, deflate
      CommandName:
      - cosmosdb create
      Connection:
      - keep-alive
      ParameterSetName:
      - -n -g --capabilities --enable-analytical-storage
      User-Agent:
      - AZURECLI/2.37.0 azsdk-python-mgmt-cosmosdb/7.0.0b6 Python/3.10.5 (Linux-5.13.0-1031-azure-x86_64-with-glibc2.31)
        VSTS_0fb41ef4-5012-48a9-bf39-4ee3de03ee35_build_4949_0
    method: GET
    uri: https://management.azure.com/subscriptions/00000000-0000-0000-0000-000000000000/providers/Microsoft.DocumentDB/locations/westus/operationsStatus/7fc614a8-ceb8-485b-8728-6ddafa718877?api-version=2022-02-15-preview
  response:
    body:
      string: '{"status":"Dequeued"}'
    headers:
      cache-control:
      - no-store, no-cache
      content-length:
      - '21'
      content-type:
      - application/json
      date:
      - Thu, 23 Jun 2022 06:36:18 GMT
      pragma:
      - no-cache
      server:
      - Microsoft-HTTPAPI/2.0
      strict-transport-security:
      - max-age=31536000; includeSubDomains
      transfer-encoding:
      - chunked
      vary:
      - Accept-Encoding
      x-content-type-options:
      - nosniff
      x-ms-gatewayversion:
      - version=2.14.0
    status:
      code: 200
      message: Ok
- request:
    body: null
    headers:
      Accept:
      - '*/*'
      Accept-Encoding:
      - gzip, deflate
      CommandName:
      - cosmosdb create
      Connection:
      - keep-alive
      ParameterSetName:
      - -n -g --capabilities --enable-analytical-storage
      User-Agent:
      - AZURECLI/2.37.0 azsdk-python-mgmt-cosmosdb/7.0.0b6 Python/3.10.5 (Linux-5.13.0-1031-azure-x86_64-with-glibc2.31)
        VSTS_0fb41ef4-5012-48a9-bf39-4ee3de03ee35_build_4949_0
    method: GET
    uri: https://management.azure.com/subscriptions/00000000-0000-0000-0000-000000000000/providers/Microsoft.DocumentDB/locations/westus/operationsStatus/7fc614a8-ceb8-485b-8728-6ddafa718877?api-version=2022-02-15-preview
  response:
    body:
      string: '{"status":"Dequeued"}'
    headers:
      cache-control:
      - no-store, no-cache
      content-length:
      - '21'
      content-type:
      - application/json
      date:
      - Thu, 23 Jun 2022 06:36:48 GMT
      pragma:
      - no-cache
      server:
      - Microsoft-HTTPAPI/2.0
      strict-transport-security:
      - max-age=31536000; includeSubDomains
      transfer-encoding:
      - chunked
      vary:
      - Accept-Encoding
      x-content-type-options:
      - nosniff
      x-ms-gatewayversion:
      - version=2.14.0
    status:
      code: 200
      message: Ok
- request:
    body: null
    headers:
      Accept:
      - '*/*'
      Accept-Encoding:
      - gzip, deflate
      CommandName:
      - cosmosdb create
      Connection:
      - keep-alive
      ParameterSetName:
      - -n -g --capabilities --enable-analytical-storage
      User-Agent:
      - AZURECLI/2.37.0 azsdk-python-mgmt-cosmosdb/7.0.0b6 Python/3.10.5 (Linux-5.13.0-1031-azure-x86_64-with-glibc2.31)
        VSTS_0fb41ef4-5012-48a9-bf39-4ee3de03ee35_build_4949_0
    method: GET
    uri: https://management.azure.com/subscriptions/00000000-0000-0000-0000-000000000000/providers/Microsoft.DocumentDB/locations/westus/operationsStatus/7fc614a8-ceb8-485b-8728-6ddafa718877?api-version=2022-02-15-preview
  response:
    body:
      string: '{"status":"Dequeued"}'
    headers:
      cache-control:
      - no-store, no-cache
      content-length:
      - '21'
      content-type:
      - application/json
      date:
      - Thu, 23 Jun 2022 06:37:18 GMT
      pragma:
      - no-cache
      server:
      - Microsoft-HTTPAPI/2.0
      strict-transport-security:
      - max-age=31536000; includeSubDomains
      transfer-encoding:
      - chunked
      vary:
      - Accept-Encoding
      x-content-type-options:
      - nosniff
      x-ms-gatewayversion:
      - version=2.14.0
    status:
      code: 200
      message: Ok
- request:
    body: null
    headers:
      Accept:
      - '*/*'
      Accept-Encoding:
      - gzip, deflate
      CommandName:
      - cosmosdb create
      Connection:
      - keep-alive
      ParameterSetName:
      - -n -g --capabilities --enable-analytical-storage
      User-Agent:
      - AZURECLI/2.37.0 azsdk-python-mgmt-cosmosdb/7.0.0b6 Python/3.10.5 (Linux-5.13.0-1031-azure-x86_64-with-glibc2.31)
        VSTS_0fb41ef4-5012-48a9-bf39-4ee3de03ee35_build_4949_0
    method: GET
    uri: https://management.azure.com/subscriptions/00000000-0000-0000-0000-000000000000/providers/Microsoft.DocumentDB/locations/westus/operationsStatus/7fc614a8-ceb8-485b-8728-6ddafa718877?api-version=2022-02-15-preview
  response:
    body:
      string: '{"status":"Dequeued"}'
    headers:
      cache-control:
      - no-store, no-cache
      content-length:
      - '21'
      content-type:
      - application/json
      date:
      - Thu, 23 Jun 2022 06:37:49 GMT
      pragma:
      - no-cache
      server:
      - Microsoft-HTTPAPI/2.0
      strict-transport-security:
      - max-age=31536000; includeSubDomains
      transfer-encoding:
      - chunked
      vary:
      - Accept-Encoding
      x-content-type-options:
      - nosniff
      x-ms-gatewayversion:
      - version=2.14.0
    status:
      code: 200
      message: Ok
- request:
    body: null
    headers:
      Accept:
      - '*/*'
      Accept-Encoding:
      - gzip, deflate
      CommandName:
      - cosmosdb create
      Connection:
      - keep-alive
      ParameterSetName:
      - -n -g --capabilities --enable-analytical-storage
      User-Agent:
      - AZURECLI/2.37.0 azsdk-python-mgmt-cosmosdb/7.0.0b6 Python/3.10.5 (Linux-5.13.0-1031-azure-x86_64-with-glibc2.31)
        VSTS_0fb41ef4-5012-48a9-bf39-4ee3de03ee35_build_4949_0
    method: GET
    uri: https://management.azure.com/subscriptions/00000000-0000-0000-0000-000000000000/providers/Microsoft.DocumentDB/locations/westus/operationsStatus/7fc614a8-ceb8-485b-8728-6ddafa718877?api-version=2022-02-15-preview
  response:
    body:
      string: '{"status":"Succeeded"}'
    headers:
      cache-control:
      - no-store, no-cache
      content-length:
      - '22'
      content-type:
      - application/json
      date:
      - Thu, 23 Jun 2022 06:38:19 GMT
      pragma:
      - no-cache
      server:
      - Microsoft-HTTPAPI/2.0
      strict-transport-security:
      - max-age=31536000; includeSubDomains
      transfer-encoding:
      - chunked
      vary:
      - Accept-Encoding
      x-content-type-options:
      - nosniff
      x-ms-gatewayversion:
      - version=2.14.0
    status:
      code: 200
      message: Ok
- request:
    body: null
    headers:
      Accept:
      - '*/*'
      Accept-Encoding:
      - gzip, deflate
      CommandName:
      - cosmosdb create
      Connection:
      - keep-alive
      ParameterSetName:
      - -n -g --capabilities --enable-analytical-storage
      User-Agent:
      - AZURECLI/2.37.0 azsdk-python-mgmt-cosmosdb/7.0.0b6 Python/3.10.5 (Linux-5.13.0-1031-azure-x86_64-with-glibc2.31)
        VSTS_0fb41ef4-5012-48a9-bf39-4ee3de03ee35_build_4949_0
    method: GET
    uri: https://management.azure.com/subscriptions/00000000-0000-0000-0000-000000000000/resourceGroups/cli_test_cosmosdb_cassandra_table000001/providers/Microsoft.DocumentDB/databaseAccounts/cli000003?api-version=2022-02-15-preview
  response:
    body:
      string: '{"id":"/subscriptions/00000000-0000-0000-0000-000000000000/resourceGroups/cli_test_cosmosdb_cassandra_table000001/providers/Microsoft.DocumentDB/databaseAccounts/cli000003","name":"cli000003","location":"West
        US","type":"Microsoft.DocumentDB/databaseAccounts","kind":"GlobalDocumentDB","tags":{},"systemData":{"createdAt":"2022-06-23T06:37:27.6880101Z"},"properties":{"provisioningState":"Succeeded","documentEndpoint":"https://cli000003.documents.azure.com:443/","cassandraEndpoint":"https://cli000003.cassandra.cosmos.azure.com:443/","publicNetworkAccess":"Enabled","enableAutomaticFailover":false,"enableMultipleWriteLocations":false,"enablePartitionKeyMonitor":false,"isVirtualNetworkFilterEnabled":false,"virtualNetworkRules":[],"EnabledApiTypes":"Cassandra","disableKeyBasedMetadataWriteAccess":false,"enableFreeTier":false,"enableAnalyticalStorage":true,"analyticalStorageConfiguration":{"schemaType":"WellDefined"},"instanceId":"bbe1ca0b-d6b9-4663-bb9f-ab702f6e6902","databaseAccountOfferType":"Standard","defaultIdentity":"FirstPartyIdentity","networkAclBypass":"None","disableLocalAuth":false,"consistencyPolicy":{"defaultConsistencyLevel":"Session","maxIntervalInSeconds":5,"maxStalenessPrefix":100},"configurationOverrides":{},"writeLocations":[{"id":"cli000003-westus","locationName":"West
        US","documentEndpoint":"https://cli000003-westus.documents.azure.com:443/","provisioningState":"Succeeded","failoverPriority":0,"isZoneRedundant":false}],"readLocations":[{"id":"cli000003-westus","locationName":"West
        US","documentEndpoint":"https://cli000003-westus.documents.azure.com:443/","provisioningState":"Succeeded","failoverPriority":0,"isZoneRedundant":false}],"locations":[{"id":"cli000003-westus","locationName":"West
        US","documentEndpoint":"https://cli000003-westus.documents.azure.com:443/","provisioningState":"Succeeded","failoverPriority":0,"isZoneRedundant":false}],"failoverPolicies":[{"id":"cli000003-westus","locationName":"West
        US","failoverPriority":0}],"cors":[],"capabilities":[{"name":"EnableCassandra"}],"ipRules":[],"backupPolicy":{"type":"Periodic","periodicModeProperties":{"backupIntervalInMinutes":240,"backupRetentionIntervalInHours":8,"backupStorageRedundancy":"Geo"}},"networkAclBypassResourceIds":[],"diagnosticLogSettings":{"enableFullTextQuery":"None"}},"identity":{"type":"None"}}'
    headers:
      cache-control:
      - no-store, no-cache
      content-length:
      - '2322'
      content-type:
      - application/json
      date:
      - Thu, 23 Jun 2022 06:38:19 GMT
      pragma:
      - no-cache
      server:
      - Microsoft-HTTPAPI/2.0
      strict-transport-security:
      - max-age=31536000; includeSubDomains
      transfer-encoding:
      - chunked
      vary:
      - Accept-Encoding
      x-content-type-options:
      - nosniff
      x-ms-gatewayversion:
      - version=2.14.0
    status:
      code: 200
      message: Ok
- request:
    body: null
    headers:
      Accept:
      - application/json
      Accept-Encoding:
      - gzip, deflate
      CommandName:
      - cosmosdb create
      Connection:
      - keep-alive
      ParameterSetName:
      - -n -g --capabilities --enable-analytical-storage
      User-Agent:
      - AZURECLI/2.37.0 azsdk-python-mgmt-cosmosdb/7.0.0b6 Python/3.10.5 (Linux-5.13.0-1031-azure-x86_64-with-glibc2.31)
        VSTS_0fb41ef4-5012-48a9-bf39-4ee3de03ee35_build_4949_0
    method: GET
    uri: https://management.azure.com/subscriptions/00000000-0000-0000-0000-000000000000/resourceGroups/cli_test_cosmosdb_cassandra_table000001/providers/Microsoft.DocumentDB/databaseAccounts/cli000003?api-version=2022-02-15-preview
  response:
    body:
      string: '{"id":"/subscriptions/00000000-0000-0000-0000-000000000000/resourceGroups/cli_test_cosmosdb_cassandra_table000001/providers/Microsoft.DocumentDB/databaseAccounts/cli000003","name":"cli000003","location":"West
        US","type":"Microsoft.DocumentDB/databaseAccounts","kind":"GlobalDocumentDB","tags":{},"systemData":{"createdAt":"2022-06-23T06:37:27.6880101Z"},"properties":{"provisioningState":"Succeeded","documentEndpoint":"https://cli000003.documents.azure.com:443/","cassandraEndpoint":"https://cli000003.cassandra.cosmos.azure.com:443/","publicNetworkAccess":"Enabled","enableAutomaticFailover":false,"enableMultipleWriteLocations":false,"enablePartitionKeyMonitor":false,"isVirtualNetworkFilterEnabled":false,"virtualNetworkRules":[],"EnabledApiTypes":"Cassandra","disableKeyBasedMetadataWriteAccess":false,"enableFreeTier":false,"enableAnalyticalStorage":true,"analyticalStorageConfiguration":{"schemaType":"WellDefined"},"instanceId":"bbe1ca0b-d6b9-4663-bb9f-ab702f6e6902","databaseAccountOfferType":"Standard","defaultIdentity":"FirstPartyIdentity","networkAclBypass":"None","disableLocalAuth":false,"consistencyPolicy":{"defaultConsistencyLevel":"Session","maxIntervalInSeconds":5,"maxStalenessPrefix":100},"configurationOverrides":{},"writeLocations":[{"id":"cli000003-westus","locationName":"West
        US","documentEndpoint":"https://cli000003-westus.documents.azure.com:443/","provisioningState":"Succeeded","failoverPriority":0,"isZoneRedundant":false}],"readLocations":[{"id":"cli000003-westus","locationName":"West
        US","documentEndpoint":"https://cli000003-westus.documents.azure.com:443/","provisioningState":"Succeeded","failoverPriority":0,"isZoneRedundant":false}],"locations":[{"id":"cli000003-westus","locationName":"West
        US","documentEndpoint":"https://cli000003-westus.documents.azure.com:443/","provisioningState":"Succeeded","failoverPriority":0,"isZoneRedundant":false}],"failoverPolicies":[{"id":"cli000003-westus","locationName":"West
        US","failoverPriority":0}],"cors":[],"capabilities":[{"name":"EnableCassandra"}],"ipRules":[],"backupPolicy":{"type":"Periodic","periodicModeProperties":{"backupIntervalInMinutes":240,"backupRetentionIntervalInHours":8,"backupStorageRedundancy":"Geo"}},"networkAclBypassResourceIds":[],"diagnosticLogSettings":{"enableFullTextQuery":"None"}},"identity":{"type":"None"}}'
    headers:
      cache-control:
      - no-store, no-cache
      content-length:
      - '2322'
      content-type:
      - application/json
      date:
      - Thu, 23 Jun 2022 06:38:19 GMT
      pragma:
      - no-cache
      server:
      - Microsoft-HTTPAPI/2.0
      strict-transport-security:
      - max-age=31536000; includeSubDomains
      transfer-encoding:
      - chunked
      vary:
      - Accept-Encoding
      x-content-type-options:
      - nosniff
      x-ms-gatewayversion:
      - version=2.14.0
    status:
      code: 200
      message: Ok
- request:
    body: '{"properties": {"resource": {"id": "cli000004"}, "options": {}}}'
    headers:
      Accept:
      - application/json
      Accept-Encoding:
      - gzip, deflate
      CommandName:
      - cosmosdb cassandra keyspace create
      Connection:
      - keep-alive
      Content-Length:
      - '64'
      Content-Type:
      - application/json
      ParameterSetName:
      - -g -a -n
      User-Agent:
      - AZURECLI/2.37.0 azsdk-python-mgmt-cosmosdb/7.0.0b6 Python/3.10.5 (Linux-5.13.0-1031-azure-x86_64-with-glibc2.31)
        VSTS_0fb41ef4-5012-48a9-bf39-4ee3de03ee35_build_4949_0
    method: PUT
    uri: https://management.azure.com/subscriptions/00000000-0000-0000-0000-000000000000/resourceGroups/cli_test_cosmosdb_cassandra_table000001/providers/Microsoft.DocumentDB/databaseAccounts/cli000003/cassandraKeyspaces/cli000004?api-version=2022-02-15-preview
  response:
    body:
      string: '{"status":"Enqueued"}'
    headers:
      azure-asyncoperation:
      - https://management.azure.com/subscriptions/00000000-0000-0000-0000-000000000000/providers/Microsoft.DocumentDB/locations/westus/operationsStatus/e7a0fb4d-b491-4f78-a00a-c062672e7e30?api-version=2022-02-15-preview
      cache-control:
      - no-store, no-cache
      content-length:
      - '21'
      content-type:
      - application/json
      date:
      - Thu, 23 Jun 2022 06:38:19 GMT
      location:
      - https://management.azure.com/subscriptions/00000000-0000-0000-0000-000000000000/resourceGroups/cli_test_cosmosdb_cassandra_table000001/providers/Microsoft.DocumentDB/databaseAccounts/cli000003/cassandraKeyspaces/cli000004/operationResults/e7a0fb4d-b491-4f78-a00a-c062672e7e30?api-version=2022-02-15-preview
      pragma:
      - no-cache
      server:
      - Microsoft-HTTPAPI/2.0
      strict-transport-security:
      - max-age=31536000; includeSubDomains
      x-content-type-options:
      - nosniff
      x-ms-gatewayversion:
      - version=2.14.0
      x-ms-ratelimit-remaining-subscription-writes:
      - '1198'
    status:
      code: 202
      message: Accepted
- request:
    body: null
    headers:
      Accept:
      - '*/*'
      Accept-Encoding:
      - gzip, deflate
      CommandName:
      - cosmosdb cassandra keyspace create
      Connection:
      - keep-alive
      ParameterSetName:
      - -g -a -n
      User-Agent:
      - AZURECLI/2.37.0 azsdk-python-mgmt-cosmosdb/7.0.0b6 Python/3.10.5 (Linux-5.13.0-1031-azure-x86_64-with-glibc2.31)
        VSTS_0fb41ef4-5012-48a9-bf39-4ee3de03ee35_build_4949_0
    method: GET
    uri: https://management.azure.com/subscriptions/00000000-0000-0000-0000-000000000000/providers/Microsoft.DocumentDB/locations/westus/operationsStatus/e7a0fb4d-b491-4f78-a00a-c062672e7e30?api-version=2022-02-15-preview
  response:
    body:
      string: '{"status":"Succeeded"}'
    headers:
      cache-control:
      - no-store, no-cache
      content-length:
      - '22'
      content-type:
      - application/json
      date:
      - Thu, 23 Jun 2022 06:38:50 GMT
      pragma:
      - no-cache
      server:
      - Microsoft-HTTPAPI/2.0
      strict-transport-security:
      - max-age=31536000; includeSubDomains
      transfer-encoding:
      - chunked
      vary:
      - Accept-Encoding
      x-content-type-options:
      - nosniff
      x-ms-gatewayversion:
      - version=2.14.0
    status:
      code: 200
      message: Ok
- request:
    body: null
    headers:
      Accept:
      - '*/*'
      Accept-Encoding:
      - gzip, deflate
      CommandName:
      - cosmosdb cassandra keyspace create
      Connection:
      - keep-alive
      ParameterSetName:
      - -g -a -n
      User-Agent:
      - AZURECLI/2.37.0 azsdk-python-mgmt-cosmosdb/7.0.0b6 Python/3.10.5 (Linux-5.13.0-1031-azure-x86_64-with-glibc2.31)
        VSTS_0fb41ef4-5012-48a9-bf39-4ee3de03ee35_build_4949_0
    method: GET
    uri: https://management.azure.com/subscriptions/00000000-0000-0000-0000-000000000000/resourceGroups/cli_test_cosmosdb_cassandra_table000001/providers/Microsoft.DocumentDB/databaseAccounts/cli000003/cassandraKeyspaces/cli000004?api-version=2022-02-15-preview
  response:
    body:
      string: '{"id":"/subscriptions/00000000-0000-0000-0000-000000000000/resourceGroups/cli_test_cosmosdb_cassandra_table000001/providers/Microsoft.DocumentDB/databaseAccounts/cli000003/cassandraKeyspaces/cli000004","type":"Microsoft.DocumentDB/databaseAccounts/cassandraKeyspaces","name":"cli000004","properties":{"resource":{"id":"cli000004","_rid":"IRYiAA==","_etag":"\"00002b0b-0000-0700-0000-62b40a610000\"","_ts":1655966305}}}'
    headers:
      cache-control:
      - no-store, no-cache
      content-length:
      - '418'
      content-type:
      - application/json
      date:
      - Thu, 23 Jun 2022 06:38:51 GMT
      pragma:
      - no-cache
      server:
      - Microsoft-HTTPAPI/2.0
      strict-transport-security:
      - max-age=31536000; includeSubDomains
      transfer-encoding:
      - chunked
      vary:
      - Accept-Encoding
      x-content-type-options:
      - nosniff
      x-ms-gatewayversion:
      - version=2.14.0
    status:
      code: 200
      message: Ok
- request:
    body: null
    headers:
      Accept:
      - application/json
      Accept-Encoding:
      - gzip, deflate
      CommandName:
      - cosmosdb cassandra table exists
      Connection:
      - keep-alive
      ParameterSetName:
      - -g -a -k -n
      User-Agent:
      - AZURECLI/2.37.0 azsdk-python-mgmt-cosmosdb/7.0.0b6 Python/3.10.5 (Linux-5.13.0-1031-azure-x86_64-with-glibc2.31)
        VSTS_0fb41ef4-5012-48a9-bf39-4ee3de03ee35_build_4949_0
    method: GET
    uri: https://management.azure.com/subscriptions/00000000-0000-0000-0000-000000000000/resourceGroups/cli_test_cosmosdb_cassandra_table000001/providers/Microsoft.DocumentDB/databaseAccounts/cli000003/cassandraKeyspaces/cli000004/tables/cli000002?api-version=2022-02-15-preview
  response:
    body:
      string: '{"code":"NotFound","message":"Message: {\"code\":\"NotFound\",\"message\":\"Message:
        {\\\"Errors\\\":[\\\"Resource Not Found. Learn more: https:\\\\/\\\\/aka.ms\\\\/cosmosdb-tsg-not-found\\\"]}\\r\\nActivityId:
        2513b134-f2bf-11ec-81ee-fb2895e318a4, Request URI: /apps/0af6c91e-df06-44f0-9f6d-a24cbc01f9e0/services/f4f4297c-86f1-4859-8cca-6a9f5e8d4e82/partitions/ce41946e-5992-410b-b716-deea9afc9722/replicas/133004217054565049s,
        RequestStats: \\r\\nRequestStartTime: 2022-06-23T06:38:52.2659964Z, RequestEndTime:
        2022-06-23T06:38:52.2759484Z,  Number of regions attempted:1\\r\\n{\\\"systemHistory\\\":[{\\\"dateUtc\\\":\\\"2022-06-23T06:37:50.8753894Z\\\",\\\"cpu\\\":0.525,\\\"memory\\\":469499808.000,\\\"threadInfo\\\":{\\\"isThreadStarving\\\":\\\"False\\\",\\\"threadWaitIntervalInMs\\\":0.0246,\\\"availableThreads\\\":32760,\\\"minThreads\\\":52,\\\"maxThreads\\\":32767},\\\"numberOfOpenTcpConnection\\\":213},{\\\"dateUtc\\\":\\\"2022-06-23T06:38:00.8855249Z\\\",\\\"cpu\\\":0.441,\\\"memory\\\":469401480.000,\\\"threadInfo\\\":{\\\"isThreadStarving\\\":\\\"False\\\",\\\"threadWaitIntervalInMs\\\":0.0157,\\\"availableThreads\\\":32764,\\\"minThreads\\\":52,\\\"maxThreads\\\":32767},\\\"numberOfOpenTcpConnection\\\":214},{\\\"dateUtc\\\":\\\"2022-06-23T06:38:10.8955956Z\\\",\\\"cpu\\\":0.539,\\\"memory\\\":469093552.000,\\\"threadInfo\\\":{\\\"isThreadStarving\\\":\\\"False\\\",\\\"threadWaitIntervalInMs\\\":0.0125,\\\"availableThreads\\\":32765,\\\"minThreads\\\":52,\\\"maxThreads\\\":32767},\\\"numberOfOpenTcpConnection\\\":214},{\\\"dateUtc\\\":\\\"2022-06-23T06:38:20.9056195Z\\\",\\\"cpu\\\":0.352,\\\"memory\\\":468849812.000,\\\"threadInfo\\\":{\\\"isThreadStarving\\\":\\\"False\\\",\\\"threadWaitIntervalInMs\\\":0.0108,\\\"availableThreads\\\":32764,\\\"minThreads\\\":52,\\\"maxThreads\\\":32767},\\\"numberOfOpenTcpConnection\\\":211},{\\\"dateUtc\\\":\\\"2022-06-23T06:38:40.9158876Z\\\",\\\"cpu\\\":0.884,\\\"memory\\\":467986844.000,\\\"threadInfo\\\":{\\\"isThreadStarving\\\":\\\"False\\\",\\\"threadWaitIntervalInMs\\\":0.0196,\\\"availableThreads\\\":32764,\\\"minThreads\\\":52,\\\"maxThreads\\\":32767},\\\"numberOfOpenTcpConnection\\\":211},{\\\"dateUtc\\\":\\\"2022-06-23T06:38:50.9259848Z\\\",\\\"cpu\\\":0.463,\\\"memory\\\":467670832.000,\\\"threadInfo\\\":{\\\"isThreadStarving\\\":\\\"False\\\",\\\"threadWaitIntervalInMs\\\":0.0223,\\\"availableThreads\\\":32765,\\\"minThreads\\\":52,\\\"maxThreads\\\":32767},\\\"numberOfOpenTcpConnection\\\":208}]}\\r\\nRequestStart:
        2022-06-23T06:38:52.2659964Z; ResponseTime: 2022-06-23T06:38:52.2759484Z;
        StoreResult: StorePhysicalAddress: rntbd://10.0.0.28:11300/apps/0af6c91e-df06-44f0-9f6d-a24cbc01f9e0/services/f4f4297c-86f1-4859-8cca-6a9f5e8d4e82/partitions/ce41946e-5992-410b-b716-deea9afc9722/replicas/133004217054565049s,
        LSN: 9, GlobalCommittedLsn: 9, PartitionKeyRangeId: , IsValid: True, StatusCode:
        404, SubStatusCode: 0, RequestCharge: 1, ItemLSN: -1, SessionToken: -1#9,
        UsingLocalLSN: False, TransportException: null, BELatencyMs: 1.078, ActivityId:
        2513b134-f2bf-11ec-81ee-fb2895e318a4, RetryAfterInMs: , TransportRequestTimeline:
        {\\\"requestTimeline\\\":[{\\\"event\\\": \\\"Created\\\", \\\"startTimeUtc\\\":
        \\\"2022-06-23T06:38:52.2659964Z\\\", \\\"durationInMs\\\": 0.0202},{\\\"event\\\":
        \\\"ChannelAcquisitionStarted\\\", \\\"startTimeUtc\\\": \\\"2022-06-23T06:38:52.2660166Z\\\",
        \\\"durationInMs\\\": 0.0046},{\\\"event\\\": \\\"Pipelined\\\", \\\"startTimeUtc\\\":
        \\\"2022-06-23T06:38:52.2660212Z\\\", \\\"durationInMs\\\": 0.3247},{\\\"event\\\":
        \\\"Transit Time\\\", \\\"startTimeUtc\\\": \\\"2022-06-23T06:38:52.2663459Z\\\",
        \\\"durationInMs\\\": 1.6121},{\\\"event\\\": \\\"Received\\\", \\\"startTimeUtc\\\":
        \\\"2022-06-23T06:38:52.2679580Z\\\", \\\"durationInMs\\\": 0.0676},{\\\"event\\\":
        \\\"Completed\\\", \\\"startTimeUtc\\\": \\\"2022-06-23T06:38:52.2680256Z\\\",
        \\\"durationInMs\\\": 0}],\\\"serviceEndpointStats\\\":{\\\"inflightRequests\\\":1,\\\"openConnections\\\":1},\\\"connectionStats\\\":{\\\"waitforConnectionInit\\\":\\\"False\\\",\\\"callsPendingReceive\\\":0,\\\"lastSendAttempt\\\":\\\"2022-06-23T06:38:52.0459512Z\\\",\\\"lastSend\\\":\\\"2022-06-23T06:38:52.0459512Z\\\",\\\"lastReceive\\\":\\\"2022-06-23T06:38:52.0959732Z\\\"},\\\"requestSizeInBytes\\\":496,\\\"responseMetadataSizeInBytes\\\":134,\\\"responseBodySizeInBytes\\\":87};\\r\\n
        ResourceType: Collection, OperationType: Read\\r\\nRequestStart: 2022-06-23T06:38:52.2659964Z;
        ResponseTime: 2022-06-23T06:38:52.2759484Z; StoreResult: StorePhysicalAddress:
        rntbd://10.0.0.25:11300/apps/0af6c91e-df06-44f0-9f6d-a24cbc01f9e0/services/f4f4297c-86f1-4859-8cca-6a9f5e8d4e82/partitions/ce41946e-5992-410b-b716-deea9afc9722/replicas/133004217054565048s,
        LSN: 9, GlobalCommittedLsn: 9, PartitionKeyRangeId: , IsValid: True, StatusCode:
        404, SubStatusCode: 0, RequestCharge: 1, ItemLSN: -1, SessionToken: -1#9,
        UsingLocalLSN: False, TransportException: null, BELatencyMs: 1.087, ActivityId:
        2513b134-f2bf-11ec-81ee-fb2895e318a4, RetryAfterInMs: , TransportRequestTimeline:
        {\\\"requestTimeline\\\":[{\\\"event\\\": \\\"Created\\\", \\\"startTimeUtc\\\":
        \\\"2022-06-23T06:38:52.2659964Z\\\", \\\"durationInMs\\\": 0.0059},{\\\"event\\\":
        \\\"ChannelAcquisitionStarted\\\", \\\"startTimeUtc\\\": \\\"2022-06-23T06:38:52.2660023Z\\\",
        \\\"durationInMs\\\": 0.0018},{\\\"event\\\": \\\"Pipelined\\\", \\\"startTimeUtc\\\":
        \\\"2022-06-23T06:38:52.2660041Z\\\", \\\"durationInMs\\\": 0.2224},{\\\"event\\\":
        \\\"Transit Time\\\", \\\"startTimeUtc\\\": \\\"2022-06-23T06:38:52.2662265Z\\\",
        \\\"durationInMs\\\": 1.7148},{\\\"event\\\": \\\"Received\\\", \\\"startTimeUtc\\\":
        \\\"2022-06-23T06:38:52.2679413Z\\\", \\\"durationInMs\\\": 0.0533},{\\\"event\\\":
        \\\"Completed\\\", \\\"startTimeUtc\\\": \\\"2022-06-23T06:38:52.2679946Z\\\",
        \\\"durationInMs\\\": 0}],\\\"serviceEndpointStats\\\":{\\\"inflightRequests\\\":1,\\\"openConnections\\\":1},\\\"connectionStats\\\":{\\\"waitforConnectionInit\\\":\\\"False\\\",\\\"callsPendingReceive\\\":0,\\\"lastSendAttempt\\\":\\\"2022-06-23T06:38:52.1659515Z\\\",\\\"lastSend\\\":\\\"2022-06-23T06:38:52.1659515Z\\\",\\\"lastReceive\\\":\\\"2022-06-23T06:38:52.2159532Z\\\"},\\\"requestSizeInBytes\\\":496,\\\"responseMetadataSizeInBytes\\\":134,\\\"responseBodySizeInBytes\\\":87};\\r\\n
        ResourceType: Collection, OperationType: Read\\r\\n, SDK: Microsoft.Azure.Documents.Common/2.14.0\"},
        Request URI: /dbs/cli000004/colls/cli000002, RequestStats: , SDK: Microsoft.Azure.Documents.Common/2.14.0"}'
    headers:
      cache-control:
      - no-store, no-cache
      content-length:
      - '6542'
      content-type:
      - application/json
      date:
      - Thu, 23 Jun 2022 06:38:51 GMT
      pragma:
      - no-cache
      server:
      - Microsoft-HTTPAPI/2.0
      strict-transport-security:
      - max-age=31536000; includeSubDomains
      x-content-type-options:
      - nosniff
      x-ms-gatewayversion:
      - version=2.14.0
    status:
      code: 404
      message: NotFound
- request:
    body: '{"properties": {"resource": {"id": "cli000002", "schema": {"columns": [{"name":
      "columnA", "type": "Ascii"}], "partitionKeys": [{"name": "columnA"}]}, "analyticalStorageTtl":
      3000}, "options": {}}}'
    headers:
      Accept:
      - application/json
      Accept-Encoding:
      - gzip, deflate
      CommandName:
      - cosmosdb cassandra table create
      Connection:
      - keep-alive
      Content-Length:
      - '197'
      Content-Type:
      - application/json
      ParameterSetName:
      - -g -a -k -n --schema --analytical-storage-ttl
      User-Agent:
      - AZURECLI/2.37.0 azsdk-python-mgmt-cosmosdb/7.0.0b6 Python/3.10.5 (Linux-5.13.0-1031-azure-x86_64-with-glibc2.31)
        VSTS_0fb41ef4-5012-48a9-bf39-4ee3de03ee35_build_4949_0
    method: PUT
    uri: https://management.azure.com/subscriptions/00000000-0000-0000-0000-000000000000/resourceGroups/cli_test_cosmosdb_cassandra_table000001/providers/Microsoft.DocumentDB/databaseAccounts/cli000003/cassandraKeyspaces/cli000004/tables/cli000002?api-version=2022-02-15-preview
  response:
    body:
      string: '{"status":"Enqueued"}'
    headers:
      azure-asyncoperation:
      - https://management.azure.com/subscriptions/00000000-0000-0000-0000-000000000000/providers/Microsoft.DocumentDB/locations/westus/operationsStatus/b7c837da-392d-48f9-95ee-1d0c662cce02?api-version=2022-02-15-preview
      cache-control:
      - no-store, no-cache
      content-length:
      - '21'
      content-type:
      - application/json
      date:
      - Thu, 23 Jun 2022 06:38:52 GMT
      location:
      - https://management.azure.com/subscriptions/00000000-0000-0000-0000-000000000000/resourceGroups/cli_test_cosmosdb_cassandra_table000001/providers/Microsoft.DocumentDB/databaseAccounts/cli000003/cassandraKeyspaces/cli000004/tables/cli000002/operationResults/b7c837da-392d-48f9-95ee-1d0c662cce02?api-version=2022-02-15-preview
      pragma:
      - no-cache
      server:
      - Microsoft-HTTPAPI/2.0
      strict-transport-security:
      - max-age=31536000; includeSubDomains
      x-content-type-options:
      - nosniff
      x-ms-gatewayversion:
      - version=2.14.0
      x-ms-ratelimit-remaining-subscription-writes:
      - '1198'
    status:
      code: 202
      message: Accepted
- request:
    body: null
    headers:
      Accept:
      - '*/*'
      Accept-Encoding:
      - gzip, deflate
      CommandName:
      - cosmosdb cassandra table create
      Connection:
      - keep-alive
      ParameterSetName:
      - -g -a -k -n --schema --analytical-storage-ttl
      User-Agent:
      - AZURECLI/2.37.0 azsdk-python-mgmt-cosmosdb/7.0.0b6 Python/3.10.5 (Linux-5.13.0-1031-azure-x86_64-with-glibc2.31)
        VSTS_0fb41ef4-5012-48a9-bf39-4ee3de03ee35_build_4949_0
    method: GET
    uri: https://management.azure.com/subscriptions/00000000-0000-0000-0000-000000000000/providers/Microsoft.DocumentDB/locations/westus/operationsStatus/b7c837da-392d-48f9-95ee-1d0c662cce02?api-version=2022-02-15-preview
  response:
    body:
      string: '{"status":"Succeeded"}'
    headers:
      cache-control:
      - no-store, no-cache
      content-length:
      - '22'
      content-type:
      - application/json
      date:
      - Thu, 23 Jun 2022 06:39:23 GMT
      pragma:
      - no-cache
      server:
      - Microsoft-HTTPAPI/2.0
      strict-transport-security:
      - max-age=31536000; includeSubDomains
      transfer-encoding:
      - chunked
      vary:
      - Accept-Encoding
      x-content-type-options:
      - nosniff
      x-ms-gatewayversion:
      - version=2.14.0
    status:
      code: 200
      message: Ok
- request:
    body: null
    headers:
      Accept:
      - '*/*'
      Accept-Encoding:
      - gzip, deflate
      CommandName:
      - cosmosdb cassandra table create
      Connection:
      - keep-alive
      ParameterSetName:
      - -g -a -k -n --schema --analytical-storage-ttl
      User-Agent:
      - AZURECLI/2.37.0 azsdk-python-mgmt-cosmosdb/7.0.0b6 Python/3.10.5 (Linux-5.13.0-1031-azure-x86_64-with-glibc2.31)
        VSTS_0fb41ef4-5012-48a9-bf39-4ee3de03ee35_build_4949_0
    method: GET
    uri: https://management.azure.com/subscriptions/00000000-0000-0000-0000-000000000000/resourceGroups/cli_test_cosmosdb_cassandra_table000001/providers/Microsoft.DocumentDB/databaseAccounts/cli000003/cassandraKeyspaces/cli000004/tables/cli000002?api-version=2022-02-15-preview
  response:
    body:
      string: '{"id":"/subscriptions/00000000-0000-0000-0000-000000000000/resourceGroups/cli_test_cosmosdb_cassandra_table000001/providers/Microsoft.DocumentDB/databaseAccounts/cli000003/cassandraKeyspaces/cli000004/tables/cli000002","type":"Microsoft.DocumentDB/databaseAccounts/cassandraKeyspaces/tables","name":"cli000002","properties":{"resource":{"id":"cli000002","_rid":"IRYiAMf1m9Y=","_etag":"\"00002d0b-0000-0700-0000-62b40a820000\"","_ts":1655966338,"defaultTtl":0,"analyticalStorageTtl":3000,"schema":{"columns":[{"name":"columnA","type":"ascii"}],"partitionKeys":[{"name":"columnA"}]}}}}'
    headers:
      cache-control:
      - no-store, no-cache
      content-length:
      - '583'
      content-type:
      - application/json
      date:
      - Thu, 23 Jun 2022 06:39:27 GMT
      pragma:
      - no-cache
      server:
      - Microsoft-HTTPAPI/2.0
      strict-transport-security:
      - max-age=31536000; includeSubDomains
      transfer-encoding:
      - chunked
      vary:
      - Accept-Encoding
      x-content-type-options:
      - nosniff
      x-ms-gatewayversion:
      - version=2.14.0
    status:
      code: 200
      message: Ok
- request:
    body: null
    headers:
      Accept:
      - application/json
      Accept-Encoding:
      - gzip, deflate
      CommandName:
      - cosmosdb cassandra table update
      Connection:
      - keep-alive
      ParameterSetName:
      - -g -a -k -n --schema --analytical-storage-ttl
      User-Agent:
      - AZURECLI/2.37.0 azsdk-python-mgmt-cosmosdb/7.0.0b6 Python/3.10.5 (Linux-5.13.0-1031-azure-x86_64-with-glibc2.31)
        VSTS_0fb41ef4-5012-48a9-bf39-4ee3de03ee35_build_4949_0
    method: GET
    uri: https://management.azure.com/subscriptions/00000000-0000-0000-0000-000000000000/resourceGroups/cli_test_cosmosdb_cassandra_table000001/providers/Microsoft.DocumentDB/databaseAccounts/cli000003/cassandraKeyspaces/cli000004/tables/cli000002?api-version=2022-02-15-preview
  response:
    body:
      string: '{"id":"/subscriptions/00000000-0000-0000-0000-000000000000/resourceGroups/cli_test_cosmosdb_cassandra_table000001/providers/Microsoft.DocumentDB/databaseAccounts/cli000003/cassandraKeyspaces/cli000004/tables/cli000002","type":"Microsoft.DocumentDB/databaseAccounts/cassandraKeyspaces/tables","name":"cli000002","properties":{"resource":{"id":"cli000002","_rid":"IRYiAMf1m9Y=","_etag":"\"00002d0b-0000-0700-0000-62b40a820000\"","_ts":1655966338,"defaultTtl":0,"analyticalStorageTtl":3000,"schema":{"columns":[{"name":"columnA","type":"ascii"}],"partitionKeys":[{"name":"columnA"}]}}}}'
    headers:
      cache-control:
      - no-store, no-cache
      content-length:
      - '583'
      content-type:
      - application/json
      date:
      - Thu, 23 Jun 2022 06:39:27 GMT
      pragma:
      - no-cache
      server:
      - Microsoft-HTTPAPI/2.0
      strict-transport-security:
      - max-age=31536000; includeSubDomains
      transfer-encoding:
      - chunked
      vary:
      - Accept-Encoding
      x-content-type-options:
      - nosniff
      x-ms-gatewayversion:
      - version=2.14.0
    status:
      code: 200
      message: Ok
- request:
    body: '{"properties": {"resource": {"id": "cli000002", "defaultTtl": 0, "schema":
      {"columns": [{"name": "columnA", "type": "Ascii"}, {"name": "columnB", "type":
      "Ascii"}], "partitionKeys": [{"name": "columnA"}]}, "analyticalStorageTtl":
      6000}, "options": {}}}'
    headers:
      Accept:
      - application/json
      Accept-Encoding:
      - gzip, deflate
      CommandName:
      - cosmosdb cassandra table update
      Connection:
      - keep-alive
      Content-Length:
      - '252'
      Content-Type:
      - application/json
      ParameterSetName:
      - -g -a -k -n --schema --analytical-storage-ttl
      User-Agent:
      - AZURECLI/2.37.0 azsdk-python-mgmt-cosmosdb/7.0.0b6 Python/3.10.5 (Linux-5.13.0-1031-azure-x86_64-with-glibc2.31)
        VSTS_0fb41ef4-5012-48a9-bf39-4ee3de03ee35_build_4949_0
    method: PUT
    uri: https://management.azure.com/subscriptions/00000000-0000-0000-0000-000000000000/resourceGroups/cli_test_cosmosdb_cassandra_table000001/providers/Microsoft.DocumentDB/databaseAccounts/cli000003/cassandraKeyspaces/cli000004/tables/cli000002?api-version=2022-02-15-preview
  response:
    body:
      string: '{"status":"Enqueued"}'
    headers:
      azure-asyncoperation:
      - https://management.azure.com/subscriptions/00000000-0000-0000-0000-000000000000/providers/Microsoft.DocumentDB/locations/westus/operationsStatus/f6320985-39f2-46a3-a8e8-64187988b692?api-version=2022-02-15-preview
      cache-control:
      - no-store, no-cache
      content-length:
      - '21'
      content-type:
      - application/json
      date:
      - Thu, 23 Jun 2022 06:39:28 GMT
      location:
      - https://management.azure.com/subscriptions/00000000-0000-0000-0000-000000000000/resourceGroups/cli_test_cosmosdb_cassandra_table000001/providers/Microsoft.DocumentDB/databaseAccounts/cli000003/cassandraKeyspaces/cli000004/tables/cli000002/operationResults/f6320985-39f2-46a3-a8e8-64187988b692?api-version=2022-02-15-preview
      pragma:
      - no-cache
      server:
      - Microsoft-HTTPAPI/2.0
      strict-transport-security:
      - max-age=31536000; includeSubDomains
      x-content-type-options:
      - nosniff
      x-ms-gatewayversion:
      - version=2.14.0
      x-ms-ratelimit-remaining-subscription-writes:
      - '1197'
    status:
      code: 202
      message: Accepted
- request:
    body: null
    headers:
      Accept:
      - '*/*'
      Accept-Encoding:
      - gzip, deflate
      CommandName:
      - cosmosdb cassandra table update
      Connection:
      - keep-alive
      ParameterSetName:
      - -g -a -k -n --schema --analytical-storage-ttl
      User-Agent:
      - AZURECLI/2.37.0 azsdk-python-mgmt-cosmosdb/7.0.0b6 Python/3.10.5 (Linux-5.13.0-1031-azure-x86_64-with-glibc2.31)
        VSTS_0fb41ef4-5012-48a9-bf39-4ee3de03ee35_build_4949_0
    method: GET
    uri: https://management.azure.com/subscriptions/00000000-0000-0000-0000-000000000000/providers/Microsoft.DocumentDB/locations/westus/operationsStatus/f6320985-39f2-46a3-a8e8-64187988b692?api-version=2022-02-15-preview
  response:
    body:
      string: '{"status":"Succeeded"}'
    headers:
      cache-control:
      - no-store, no-cache
      content-length:
      - '22'
      content-type:
      - application/json
      date:
      - Thu, 23 Jun 2022 06:39:57 GMT
      pragma:
      - no-cache
      server:
      - Microsoft-HTTPAPI/2.0
      strict-transport-security:
      - max-age=31536000; includeSubDomains
      transfer-encoding:
      - chunked
      vary:
      - Accept-Encoding
      x-content-type-options:
      - nosniff
      x-ms-gatewayversion:
      - version=2.14.0
    status:
      code: 200
      message: Ok
- request:
    body: null
    headers:
      Accept:
      - '*/*'
      Accept-Encoding:
      - gzip, deflate
      CommandName:
      - cosmosdb cassandra table update
      Connection:
      - keep-alive
      ParameterSetName:
      - -g -a -k -n --schema --analytical-storage-ttl
      User-Agent:
      - AZURECLI/2.37.0 azsdk-python-mgmt-cosmosdb/7.0.0b6 Python/3.10.5 (Linux-5.13.0-1031-azure-x86_64-with-glibc2.31)
        VSTS_0fb41ef4-5012-48a9-bf39-4ee3de03ee35_build_4949_0
    method: GET
    uri: https://management.azure.com/subscriptions/00000000-0000-0000-0000-000000000000/resourceGroups/cli_test_cosmosdb_cassandra_table000001/providers/Microsoft.DocumentDB/databaseAccounts/cli000003/cassandraKeyspaces/cli000004/tables/cli000002?api-version=2022-02-15-preview
  response:
    body:
      string: '{"id":"/subscriptions/00000000-0000-0000-0000-000000000000/resourceGroups/cli_test_cosmosdb_cassandra_table000001/providers/Microsoft.DocumentDB/databaseAccounts/cli000003/cassandraKeyspaces/cli000004/tables/cli000002","type":"Microsoft.DocumentDB/databaseAccounts/cassandraKeyspaces/tables","name":"cli000002","properties":{"resource":{"id":"cli000002","_rid":"IRYiAMf1m9Y=","_etag":"\"0000320b-0000-0700-0000-62b40aa40000\"","_ts":1655966372,"defaultTtl":0,"analyticalStorageTtl":6000,"schema":{"columns":[{"name":"columnA","type":"ascii"},{"name":"columnB","type":"ascii"}],"partitionKeys":[{"name":"columnA"}]}}}}'
    headers:
      cache-control:
      - no-store, no-cache
      content-length:
      - '617'
      content-type:
      - application/json
      date:
      - Thu, 23 Jun 2022 06:39:58 GMT
      pragma:
      - no-cache
      server:
      - Microsoft-HTTPAPI/2.0
      strict-transport-security:
      - max-age=31536000; includeSubDomains
      transfer-encoding:
      - chunked
      vary:
      - Accept-Encoding
      x-content-type-options:
      - nosniff
      x-ms-gatewayversion:
      - version=2.14.0
    status:
      code: 200
      message: Ok
- request:
    body: null
    headers:
      Accept:
      - application/json
      Accept-Encoding:
      - gzip, deflate
      CommandName:
      - cosmosdb cassandra table show
      Connection:
      - keep-alive
      ParameterSetName:
      - -g -a -k -n
      User-Agent:
      - AZURECLI/2.37.0 azsdk-python-mgmt-cosmosdb/7.0.0b6 Python/3.10.5 (Linux-5.13.0-1031-azure-x86_64-with-glibc2.31)
        VSTS_0fb41ef4-5012-48a9-bf39-4ee3de03ee35_build_4949_0
    method: GET
    uri: https://management.azure.com/subscriptions/00000000-0000-0000-0000-000000000000/resourceGroups/cli_test_cosmosdb_cassandra_table000001/providers/Microsoft.DocumentDB/databaseAccounts/cli000003/cassandraKeyspaces/cli000004/tables/cli000002?api-version=2022-02-15-preview
  response:
    body:
      string: '{"id":"/subscriptions/00000000-0000-0000-0000-000000000000/resourceGroups/cli_test_cosmosdb_cassandra_table000001/providers/Microsoft.DocumentDB/databaseAccounts/cli000003/cassandraKeyspaces/cli000004/tables/cli000002","type":"Microsoft.DocumentDB/databaseAccounts/cassandraKeyspaces/tables","name":"cli000002","properties":{"resource":{"id":"cli000002","_rid":"IRYiAMf1m9Y=","_etag":"\"0000320b-0000-0700-0000-62b40aa40000\"","_ts":1655966372,"defaultTtl":0,"analyticalStorageTtl":6000,"schema":{"columns":[{"name":"columnA","type":"ascii"},{"name":"columnB","type":"ascii"}],"partitionKeys":[{"name":"columnA"}]}}}}'
    headers:
      cache-control:
      - no-store, no-cache
      content-length:
      - '617'
      content-type:
      - application/json
      date:
      - Thu, 23 Jun 2022 06:39:59 GMT
      pragma:
      - no-cache
      server:
      - Microsoft-HTTPAPI/2.0
      strict-transport-security:
      - max-age=31536000; includeSubDomains
      transfer-encoding:
      - chunked
      vary:
      - Accept-Encoding
      x-content-type-options:
      - nosniff
      x-ms-gatewayversion:
      - version=2.14.0
    status:
      code: 200
      message: Ok
- request:
    body: null
    headers:
      Accept:
      - application/json
      Accept-Encoding:
      - gzip, deflate
      CommandName:
      - cosmosdb cassandra table list
      Connection:
      - keep-alive
      ParameterSetName:
      - -g -a -k
      User-Agent:
      - AZURECLI/2.37.0 azsdk-python-mgmt-cosmosdb/7.0.0b6 Python/3.10.5 (Linux-5.13.0-1031-azure-x86_64-with-glibc2.31)
        VSTS_0fb41ef4-5012-48a9-bf39-4ee3de03ee35_build_4949_0
    method: GET
    uri: https://management.azure.com/subscriptions/00000000-0000-0000-0000-000000000000/resourceGroups/cli_test_cosmosdb_cassandra_table000001/providers/Microsoft.DocumentDB/databaseAccounts/cli000003/cassandraKeyspaces/cli000004/tables?api-version=2022-02-15-preview
  response:
    body:
      string: '{"value":[{"id":"/subscriptions/00000000-0000-0000-0000-000000000000/resourceGroups/cli_test_cosmosdb_cassandra_table000001/providers/Microsoft.DocumentDB/databaseAccounts/cli000003/cassandraKeyspaces/cli000004/tables/cli000002","type":"Microsoft.DocumentDB/databaseAccounts/cassandraKeyspaces/tables","name":"cli000002","properties":{"resource":{"id":"cli000002","_rid":"IRYiAMf1m9Y=","_etag":"\"0000320b-0000-0700-0000-62b40aa40000\"","_ts":1655966372,"defaultTtl":0,"analyticalStorageTtl":6000,"schema":{"columns":[{"name":"columnA","type":"ascii"},{"name":"columnB","type":"ascii"}],"partitionKeys":[{"name":"columnA"}]}}}}]}'
    headers:
      cache-control:
      - no-store, no-cache
      content-length:
      - '629'
      content-type:
      - application/json
      date:
      - Thu, 23 Jun 2022 06:39:59 GMT
      pragma:
      - no-cache
      server:
      - Microsoft-HTTPAPI/2.0
      strict-transport-security:
      - max-age=31536000; includeSubDomains
      transfer-encoding:
      - chunked
      vary:
      - Accept-Encoding
      x-content-type-options:
      - nosniff
      x-ms-gatewayversion:
      - version=2.14.0
    status:
      code: 200
      message: Ok
- request:
    body: null
    headers:
      Accept:
      - application/json
      Accept-Encoding:
      - gzip, deflate
      CommandName:
      - cosmosdb cassandra table exists
      Connection:
      - keep-alive
      ParameterSetName:
      - -g -a -k -n
      User-Agent:
      - AZURECLI/2.37.0 azsdk-python-mgmt-cosmosdb/7.0.0b6 Python/3.10.5 (Linux-5.13.0-1031-azure-x86_64-with-glibc2.31)
        VSTS_0fb41ef4-5012-48a9-bf39-4ee3de03ee35_build_4949_0
    method: GET
    uri: https://management.azure.com/subscriptions/00000000-0000-0000-0000-000000000000/resourceGroups/cli_test_cosmosdb_cassandra_table000001/providers/Microsoft.DocumentDB/databaseAccounts/cli000003/cassandraKeyspaces/cli000004/tables/cli000002?api-version=2022-02-15-preview
  response:
    body:
      string: '{"id":"/subscriptions/00000000-0000-0000-0000-000000000000/resourceGroups/cli_test_cosmosdb_cassandra_table000001/providers/Microsoft.DocumentDB/databaseAccounts/cli000003/cassandraKeyspaces/cli000004/tables/cli000002","type":"Microsoft.DocumentDB/databaseAccounts/cassandraKeyspaces/tables","name":"cli000002","properties":{"resource":{"id":"cli000002","_rid":"IRYiAMf1m9Y=","_etag":"\"0000320b-0000-0700-0000-62b40aa40000\"","_ts":1655966372,"defaultTtl":0,"analyticalStorageTtl":6000,"schema":{"columns":[{"name":"columnA","type":"ascii"},{"name":"columnB","type":"ascii"}],"partitionKeys":[{"name":"columnA"}]}}}}'
    headers:
      cache-control:
      - no-store, no-cache
      content-length:
      - '617'
      content-type:
      - application/json
      date:
      - Thu, 23 Jun 2022 06:39:59 GMT
      pragma:
      - no-cache
      server:
      - Microsoft-HTTPAPI/2.0
      strict-transport-security:
      - max-age=31536000; includeSubDomains
      transfer-encoding:
      - chunked
      vary:
      - Accept-Encoding
      x-content-type-options:
      - nosniff
      x-ms-gatewayversion:
      - version=2.14.0
    status:
      code: 200
      message: Ok
- request:
    body: null
    headers:
      Accept:
      - '*/*'
      Accept-Encoding:
      - gzip, deflate
      CommandName:
      - cosmosdb cassandra table delete
      Connection:
      - keep-alive
      Content-Length:
      - '0'
      ParameterSetName:
      - -g -a -k -n --yes
      User-Agent:
      - AZURECLI/2.37.0 azsdk-python-mgmt-cosmosdb/7.0.0b6 Python/3.10.5 (Linux-5.13.0-1031-azure-x86_64-with-glibc2.31)
        VSTS_0fb41ef4-5012-48a9-bf39-4ee3de03ee35_build_4949_0
    method: DELETE
    uri: https://management.azure.com/subscriptions/00000000-0000-0000-0000-000000000000/resourceGroups/cli_test_cosmosdb_cassandra_table000001/providers/Microsoft.DocumentDB/databaseAccounts/cli000003/cassandraKeyspaces/cli000004/tables/cli000002?api-version=2022-02-15-preview
  response:
    body:
      string: '{"status":"Enqueued"}'
    headers:
      azure-asyncoperation:
      - https://management.azure.com/subscriptions/00000000-0000-0000-0000-000000000000/providers/Microsoft.DocumentDB/locations/westus/operationsStatus/b091037e-4f2b-4361-9f21-b629d2c961e0?api-version=2022-02-15-preview
      cache-control:
      - no-store, no-cache
      content-length:
      - '21'
      content-type:
      - application/json
      date:
      - Thu, 23 Jun 2022 06:40:00 GMT
      location:
      - https://management.azure.com/subscriptions/00000000-0000-0000-0000-000000000000/resourceGroups/cli_test_cosmosdb_cassandra_table000001/providers/Microsoft.DocumentDB/databaseAccounts/cli000003/cassandraKeyspaces/cli000004/tables/cli000002/operationResults/b091037e-4f2b-4361-9f21-b629d2c961e0?api-version=2022-02-15-preview
      pragma:
      - no-cache
      server:
      - Microsoft-HTTPAPI/2.0
      strict-transport-security:
      - max-age=31536000; includeSubDomains
      x-content-type-options:
      - nosniff
      x-ms-gatewayversion:
      - version=2.14.0
      x-ms-ratelimit-remaining-subscription-deletes:
      - '14998'
    status:
      code: 202
      message: Accepted
- request:
    body: null
    headers:
      Accept:
      - '*/*'
      Accept-Encoding:
      - gzip, deflate
      CommandName:
      - cosmosdb cassandra table delete
      Connection:
      - keep-alive
      ParameterSetName:
      - -g -a -k -n --yes
      User-Agent:
      - AZURECLI/2.37.0 azsdk-python-mgmt-cosmosdb/7.0.0b6 Python/3.10.5 (Linux-5.13.0-1031-azure-x86_64-with-glibc2.31)
        VSTS_0fb41ef4-5012-48a9-bf39-4ee3de03ee35_build_4949_0
    method: GET
    uri: https://management.azure.com/subscriptions/00000000-0000-0000-0000-000000000000/providers/Microsoft.DocumentDB/locations/westus/operationsStatus/b091037e-4f2b-4361-9f21-b629d2c961e0?api-version=2022-02-15-preview
  response:
    body:
      string: '{"status":"Succeeded"}'
    headers:
      cache-control:
      - no-store, no-cache
      content-length:
      - '22'
      content-type:
      - application/json
      date:
      - Thu, 23 Jun 2022 06:40:30 GMT
      pragma:
      - no-cache
      server:
      - Microsoft-HTTPAPI/2.0
      strict-transport-security:
      - max-age=31536000; includeSubDomains
      transfer-encoding:
      - chunked
      vary:
      - Accept-Encoding
      x-content-type-options:
      - nosniff
      x-ms-gatewayversion:
      - version=2.14.0
    status:
      code: 200
      message: Ok
- request:
    body: null
    headers:
      Accept:
      - application/json
      Accept-Encoding:
      - gzip, deflate
      CommandName:
      - cosmosdb cassandra table list
      Connection:
      - keep-alive
      ParameterSetName:
      - -g -a -k
      User-Agent:
      - AZURECLI/2.37.0 azsdk-python-mgmt-cosmosdb/7.0.0b6 Python/3.10.5 (Linux-5.13.0-1031-azure-x86_64-with-glibc2.31)
        VSTS_0fb41ef4-5012-48a9-bf39-4ee3de03ee35_build_4949_0
    method: GET
    uri: https://management.azure.com/subscriptions/00000000-0000-0000-0000-000000000000/resourceGroups/cli_test_cosmosdb_cassandra_table000001/providers/Microsoft.DocumentDB/databaseAccounts/cli000003/cassandraKeyspaces/cli000004/tables?api-version=2022-02-15-preview
  response:
    body:
      string: '{"value":[]}'
    headers:
      cache-control:
      - no-store, no-cache
      content-length:
      - '12'
      content-type:
      - application/json
      date:
      - Thu, 23 Jun 2022 06:40:31 GMT
      pragma:
      - no-cache
      server:
      - Microsoft-HTTPAPI/2.0
      strict-transport-security:
      - max-age=31536000; includeSubDomains
      transfer-encoding:
      - chunked
      vary:
      - Accept-Encoding
      x-content-type-options:
      - nosniff
      x-ms-gatewayversion:
      - version=2.14.0
    status:
      code: 200
      message: Ok
version: 1
