interactions:
- request:
    body: null
    headers:
      Accept:
      - application/json
      Accept-Encoding:
      - gzip, deflate
      CommandName:
      - cosmosdb create
      Connection:
      - keep-alive
      ParameterSetName:
      - -n -g
      User-Agent:
      - AZURECLI/2.45.0 azsdk-python-azure-mgmt-resource/21.1.0b1 Python/3.10.10 (Windows-10-10.0.22621-SP0)
    method: GET
    uri: https://management.azure.com/subscriptions/00000000-0000-0000-0000-000000000000/resourcegroups/cli_test_cosmosdb_sql_stored_procedure000001?api-version=2021-04-01
  response:
    body:
      string: '{"id":"/subscriptions/00000000-0000-0000-0000-000000000000/resourceGroups/cli_test_cosmosdb_sql_stored_procedure000001","name":"cli_test_cosmosdb_sql_stored_procedure000001","type":"Microsoft.Resources/resourceGroups","location":"westus","tags":{"product":"azurecli","cause":"automation","date":"2023-02-28T05:51:11Z"},"properties":{"provisioningState":"Succeeded"}}'
    headers:
      cache-control:
      - no-cache
      content-length:
      - '366'
      content-type:
      - application/json; charset=utf-8
      date:
      - Tue, 28 Feb 2023 05:51:12 GMT
      expires:
      - '-1'
      pragma:
      - no-cache
      strict-transport-security:
      - max-age=31536000; includeSubDomains
      vary:
      - Accept-Encoding
      x-content-type-options:
      - nosniff
    status:
      code: 200
      message: OK
- request:
    body: '{"location": "westus", "kind": "GlobalDocumentDB", "properties": {"locations":
      [{"locationName": "westus", "failoverPriority": 0, "isZoneRedundant": false}],
      "databaseAccountOfferType": "Standard", "apiProperties": {}, "createMode": "Default"}}'
    headers:
      Accept:
      - application/json
      Accept-Encoding:
      - gzip, deflate
      CommandName:
      - cosmosdb create
      Connection:
      - keep-alive
      Content-Length:
      - '244'
      Content-Type:
      - application/json
      ParameterSetName:
      - -n -g
      User-Agent:
      - AZURECLI/2.45.0 azsdk-python-mgmt-cosmosdb/9.0.0 Python/3.10.10 (Windows-10-10.0.22621-SP0)
    method: PUT
    uri: https://management.azure.com/subscriptions/00000000-0000-0000-0000-000000000000/resourceGroups/cli_test_cosmosdb_sql_stored_procedure000001/providers/Microsoft.DocumentDB/databaseAccounts/cli000005?api-version=2022-11-15
  response:
    body:
      string: '{"id":"/subscriptions/00000000-0000-0000-0000-000000000000/resourceGroups/cli_test_cosmosdb_sql_stored_procedure000001/providers/Microsoft.DocumentDB/databaseAccounts/cli000005","name":"cli000005","location":"West
        US","type":"Microsoft.DocumentDB/databaseAccounts","kind":"GlobalDocumentDB","tags":{},"systemData":{"createdAt":"2023-02-28T05:51:16.4922381Z"},"properties":{"provisioningState":"Creating","publicNetworkAccess":"Enabled","enableAutomaticFailover":false,"enableMultipleWriteLocations":false,"enablePartitionKeyMonitor":false,"isVirtualNetworkFilterEnabled":false,"virtualNetworkRules":[],"EnabledApiTypes":"Sql","disableKeyBasedMetadataWriteAccess":false,"enableFreeTier":false,"enableAnalyticalStorage":false,"analyticalStorageConfiguration":{"schemaType":"WellDefined"},"instanceId":"230b2505-ebaf-46f9-b1eb-3649f8307752","databaseAccountOfferType":"Standard","defaultIdentity":"","networkAclBypass":"None","disableLocalAuth":false,"enablePartitionMerge":false,"minimalTlsVersion":"Tls","consistencyPolicy":{"defaultConsistencyLevel":"Session","maxIntervalInSeconds":5,"maxStalenessPrefix":100},"configurationOverrides":{},"writeLocations":[{"id":"cli000005-westus","locationName":"West
        US","provisioningState":"Creating","failoverPriority":0,"isZoneRedundant":false}],"readLocations":[{"id":"cli000005-westus","locationName":"West
        US","provisioningState":"Creating","failoverPriority":0,"isZoneRedundant":false}],"locations":[{"id":"cli000005-westus","locationName":"West
        US","provisioningState":"Creating","failoverPriority":0,"isZoneRedundant":false}],"failoverPolicies":[{"id":"cli000005-westus","locationName":"West
        US","failoverPriority":0}],"cors":[],"capabilities":[],"ipRules":[],"backupPolicy":{"type":"Periodic","periodicModeProperties":{"backupIntervalInMinutes":240,"backupRetentionIntervalInHours":8,"backupStorageRedundancy":"Invalid"}},"networkAclBypassResourceIds":[],"keysMetadata":{"primaryMasterKey":{"generationTime":"2023-02-28T05:51:16.4922381Z"},"secondaryMasterKey":{"generationTime":"2023-02-28T05:51:16.4922381Z"},"primaryReadonlyMasterKey":{"generationTime":"2023-02-28T05:51:16.4922381Z"},"secondaryReadonlyMasterKey":{"generationTime":"2023-02-28T05:51:16.4922381Z"}}},"identity":{"type":"None"}}'
    headers:
      azure-asyncoperation:
      - https://management.azure.com/subscriptions/00000000-0000-0000-0000-000000000000/providers/Microsoft.DocumentDB/locations/westus/operationsStatus/e1ef4d0b-a2d5-45a6-8dda-6eb1f3facfe4?api-version=2022-11-15
      cache-control:
      - no-store, no-cache
      content-length:
      - '2242'
      content-type:
      - application/json
      date:
      - Tue, 28 Feb 2023 05:51:18 GMT
      location:
      - https://management.azure.com/subscriptions/00000000-0000-0000-0000-000000000000/resourceGroups/cli_test_cosmosdb_sql_stored_procedure000001/providers/Microsoft.DocumentDB/databaseAccounts/cli000005/operationResults/e1ef4d0b-a2d5-45a6-8dda-6eb1f3facfe4?api-version=2022-11-15
      pragma:
      - no-cache
      server:
      - Microsoft-HTTPAPI/2.0
      strict-transport-security:
      - max-age=31536000; includeSubDomains
      transfer-encoding:
      - chunked
      vary:
      - Accept-Encoding
      x-content-type-options:
      - nosniff
      x-ms-gatewayversion:
      - version=2.14.0
      x-ms-ratelimit-remaining-subscription-writes:
      - '1199'
    status:
      code: 200
      message: Ok
- request:
    body: null
    headers:
      Accept:
      - '*/*'
      Accept-Encoding:
      - gzip, deflate
      CommandName:
      - cosmosdb create
      Connection:
      - keep-alive
      ParameterSetName:
      - -n -g
      User-Agent:
      - AZURECLI/2.45.0 azsdk-python-mgmt-cosmosdb/9.0.0 Python/3.10.10 (Windows-10-10.0.22621-SP0)
    method: GET
    uri: https://management.azure.com/subscriptions/00000000-0000-0000-0000-000000000000/providers/Microsoft.DocumentDB/locations/westus/operationsStatus/e1ef4d0b-a2d5-45a6-8dda-6eb1f3facfe4?api-version=2022-11-15
  response:
    body:
      string: '{"status":"Dequeued"}'
    headers:
      cache-control:
      - no-store, no-cache
      content-length:
      - '21'
      content-type:
      - application/json
      date:
      - Tue, 28 Feb 2023 05:51:48 GMT
      pragma:
      - no-cache
      server:
      - Microsoft-HTTPAPI/2.0
      strict-transport-security:
      - max-age=31536000; includeSubDomains
      transfer-encoding:
      - chunked
      vary:
      - Accept-Encoding
      x-content-type-options:
      - nosniff
      x-ms-gatewayversion:
      - version=2.14.0
    status:
      code: 200
      message: Ok
- request:
    body: null
    headers:
      Accept:
      - '*/*'
      Accept-Encoding:
      - gzip, deflate
      CommandName:
      - cosmosdb create
      Connection:
      - keep-alive
      ParameterSetName:
      - -n -g
      User-Agent:
      - AZURECLI/2.45.0 azsdk-python-mgmt-cosmosdb/9.0.0 Python/3.10.10 (Windows-10-10.0.22621-SP0)
    method: GET
    uri: https://management.azure.com/subscriptions/00000000-0000-0000-0000-000000000000/providers/Microsoft.DocumentDB/locations/westus/operationsStatus/e1ef4d0b-a2d5-45a6-8dda-6eb1f3facfe4?api-version=2022-11-15
  response:
    body:
      string: '{"status":"Dequeued"}'
    headers:
      cache-control:
      - no-store, no-cache
      content-length:
      - '21'
      content-type:
      - application/json
      date:
      - Tue, 28 Feb 2023 05:52:18 GMT
      pragma:
      - no-cache
      server:
      - Microsoft-HTTPAPI/2.0
      strict-transport-security:
      - max-age=31536000; includeSubDomains
      transfer-encoding:
      - chunked
      vary:
      - Accept-Encoding
      x-content-type-options:
      - nosniff
      x-ms-gatewayversion:
      - version=2.14.0
    status:
      code: 200
      message: Ok
- request:
    body: null
    headers:
      Accept:
      - '*/*'
      Accept-Encoding:
      - gzip, deflate
      CommandName:
      - cosmosdb create
      Connection:
      - keep-alive
      ParameterSetName:
      - -n -g
      User-Agent:
      - AZURECLI/2.45.0 azsdk-python-mgmt-cosmosdb/9.0.0 Python/3.10.10 (Windows-10-10.0.22621-SP0)
    method: GET
    uri: https://management.azure.com/subscriptions/00000000-0000-0000-0000-000000000000/providers/Microsoft.DocumentDB/locations/westus/operationsStatus/e1ef4d0b-a2d5-45a6-8dda-6eb1f3facfe4?api-version=2022-11-15
  response:
    body:
      string: '{"status":"Dequeued"}'
    headers:
      cache-control:
      - no-store, no-cache
      content-length:
      - '21'
      content-type:
      - application/json
      date:
      - Tue, 28 Feb 2023 05:52:48 GMT
      pragma:
      - no-cache
      server:
      - Microsoft-HTTPAPI/2.0
      strict-transport-security:
      - max-age=31536000; includeSubDomains
      transfer-encoding:
      - chunked
      vary:
      - Accept-Encoding
      x-content-type-options:
      - nosniff
      x-ms-gatewayversion:
      - version=2.14.0
    status:
      code: 200
      message: Ok
- request:
    body: null
    headers:
      Accept:
      - '*/*'
      Accept-Encoding:
      - gzip, deflate
      CommandName:
      - cosmosdb create
      Connection:
      - keep-alive
      ParameterSetName:
      - -n -g
      User-Agent:
      - AZURECLI/2.45.0 azsdk-python-mgmt-cosmosdb/9.0.0 Python/3.10.10 (Windows-10-10.0.22621-SP0)
    method: GET
    uri: https://management.azure.com/subscriptions/00000000-0000-0000-0000-000000000000/providers/Microsoft.DocumentDB/locations/westus/operationsStatus/e1ef4d0b-a2d5-45a6-8dda-6eb1f3facfe4?api-version=2022-11-15
  response:
    body:
      string: '{"status":"Succeeded"}'
    headers:
      cache-control:
      - no-store, no-cache
      content-length:
      - '22'
      content-type:
      - application/json
      date:
      - Tue, 28 Feb 2023 05:53:18 GMT
      pragma:
      - no-cache
      server:
      - Microsoft-HTTPAPI/2.0
      strict-transport-security:
      - max-age=31536000; includeSubDomains
      transfer-encoding:
      - chunked
      vary:
      - Accept-Encoding
      x-content-type-options:
      - nosniff
      x-ms-gatewayversion:
      - version=2.14.0
    status:
      code: 200
      message: Ok
- request:
    body: null
    headers:
      Accept:
      - '*/*'
      Accept-Encoding:
      - gzip, deflate
      CommandName:
      - cosmosdb create
      Connection:
      - keep-alive
      ParameterSetName:
      - -n -g
      User-Agent:
      - AZURECLI/2.45.0 azsdk-python-mgmt-cosmosdb/9.0.0 Python/3.10.10 (Windows-10-10.0.22621-SP0)
    method: GET
    uri: https://management.azure.com/subscriptions/00000000-0000-0000-0000-000000000000/resourceGroups/cli_test_cosmosdb_sql_stored_procedure000001/providers/Microsoft.DocumentDB/databaseAccounts/cli000005?api-version=2022-11-15
  response:
    body:
      string: '{"id":"/subscriptions/00000000-0000-0000-0000-000000000000/resourceGroups/cli_test_cosmosdb_sql_stored_procedure000001/providers/Microsoft.DocumentDB/databaseAccounts/cli000005","name":"cli000005","location":"West
        US","type":"Microsoft.DocumentDB/databaseAccounts","kind":"GlobalDocumentDB","tags":{},"systemData":{"createdAt":"2023-02-28T05:52:42.7686274Z"},"properties":{"provisioningState":"Succeeded","documentEndpoint":"https://cli000005.documents.azure.com:443/","sqlEndpoint":"https://cli000005.documents.azure.com:443/","publicNetworkAccess":"Enabled","enableAutomaticFailover":false,"enableMultipleWriteLocations":false,"enablePartitionKeyMonitor":false,"isVirtualNetworkFilterEnabled":false,"virtualNetworkRules":[],"EnabledApiTypes":"Sql","disableKeyBasedMetadataWriteAccess":false,"enableFreeTier":false,"enableAnalyticalStorage":false,"analyticalStorageConfiguration":{"schemaType":"WellDefined"},"instanceId":"230b2505-ebaf-46f9-b1eb-3649f8307752","databaseAccountOfferType":"Standard","defaultIdentity":"FirstPartyIdentity","networkAclBypass":"None","disableLocalAuth":false,"enablePartitionMerge":false,"minimalTlsVersion":"Tls","consistencyPolicy":{"defaultConsistencyLevel":"Session","maxIntervalInSeconds":5,"maxStalenessPrefix":100},"configurationOverrides":{},"writeLocations":[{"id":"cli000005-westus","locationName":"West
        US","documentEndpoint":"https://cli000005-westus.documents.azure.com:443/","provisioningState":"Succeeded","failoverPriority":0,"isZoneRedundant":false}],"readLocations":[{"id":"cli000005-westus","locationName":"West
        US","documentEndpoint":"https://cli000005-westus.documents.azure.com:443/","provisioningState":"Succeeded","failoverPriority":0,"isZoneRedundant":false}],"locations":[{"id":"cli000005-westus","locationName":"West
        US","documentEndpoint":"https://cli000005-westus.documents.azure.com:443/","provisioningState":"Succeeded","failoverPriority":0,"isZoneRedundant":false}],"failoverPolicies":[{"id":"cli000005-westus","locationName":"West
        US","failoverPriority":0}],"cors":[],"capabilities":[],"ipRules":[],"backupPolicy":{"type":"Periodic","periodicModeProperties":{"backupIntervalInMinutes":240,"backupRetentionIntervalInHours":8,"backupStorageRedundancy":"Geo"}},"networkAclBypassResourceIds":[],"keysMetadata":{"primaryMasterKey":{"generationTime":"2023-02-28T05:52:42.7686274Z"},"secondaryMasterKey":{"generationTime":"2023-02-28T05:52:42.7686274Z"},"primaryReadonlyMasterKey":{"generationTime":"2023-02-28T05:52:42.7686274Z"},"secondaryReadonlyMasterKey":{"generationTime":"2023-02-28T05:52:42.7686274Z"}}},"identity":{"type":"None"}}'
    headers:
      cache-control:
      - no-store, no-cache
      content-length:
      - '2596'
      content-type:
      - application/json
      date:
      - Tue, 28 Feb 2023 05:53:18 GMT
      pragma:
      - no-cache
      server:
      - Microsoft-HTTPAPI/2.0
      strict-transport-security:
      - max-age=31536000; includeSubDomains
      transfer-encoding:
      - chunked
      vary:
      - Accept-Encoding
      x-content-type-options:
      - nosniff
      x-ms-gatewayversion:
      - version=2.14.0
    status:
      code: 200
      message: Ok
- request:
    body: null
    headers:
      Accept:
      - application/json
      Accept-Encoding:
      - gzip, deflate
      CommandName:
      - cosmosdb create
      Connection:
      - keep-alive
      ParameterSetName:
      - -n -g
      User-Agent:
      - AZURECLI/2.45.0 azsdk-python-mgmt-cosmosdb/9.0.0 Python/3.10.10 (Windows-10-10.0.22621-SP0)
    method: GET
    uri: https://management.azure.com/subscriptions/00000000-0000-0000-0000-000000000000/resourceGroups/cli_test_cosmosdb_sql_stored_procedure000001/providers/Microsoft.DocumentDB/databaseAccounts/cli000005?api-version=2022-11-15
  response:
    body:
      string: '{"id":"/subscriptions/00000000-0000-0000-0000-000000000000/resourceGroups/cli_test_cosmosdb_sql_stored_procedure000001/providers/Microsoft.DocumentDB/databaseAccounts/cli000005","name":"cli000005","location":"West
        US","type":"Microsoft.DocumentDB/databaseAccounts","kind":"GlobalDocumentDB","tags":{},"systemData":{"createdAt":"2023-02-28T05:52:42.7686274Z"},"properties":{"provisioningState":"Succeeded","documentEndpoint":"https://cli000005.documents.azure.com:443/","sqlEndpoint":"https://cli000005.documents.azure.com:443/","publicNetworkAccess":"Enabled","enableAutomaticFailover":false,"enableMultipleWriteLocations":false,"enablePartitionKeyMonitor":false,"isVirtualNetworkFilterEnabled":false,"virtualNetworkRules":[],"EnabledApiTypes":"Sql","disableKeyBasedMetadataWriteAccess":false,"enableFreeTier":false,"enableAnalyticalStorage":false,"analyticalStorageConfiguration":{"schemaType":"WellDefined"},"instanceId":"230b2505-ebaf-46f9-b1eb-3649f8307752","databaseAccountOfferType":"Standard","defaultIdentity":"FirstPartyIdentity","networkAclBypass":"None","disableLocalAuth":false,"enablePartitionMerge":false,"minimalTlsVersion":"Tls","consistencyPolicy":{"defaultConsistencyLevel":"Session","maxIntervalInSeconds":5,"maxStalenessPrefix":100},"configurationOverrides":{},"writeLocations":[{"id":"cli000005-westus","locationName":"West
        US","documentEndpoint":"https://cli000005-westus.documents.azure.com:443/","provisioningState":"Succeeded","failoverPriority":0,"isZoneRedundant":false}],"readLocations":[{"id":"cli000005-westus","locationName":"West
        US","documentEndpoint":"https://cli000005-westus.documents.azure.com:443/","provisioningState":"Succeeded","failoverPriority":0,"isZoneRedundant":false}],"locations":[{"id":"cli000005-westus","locationName":"West
        US","documentEndpoint":"https://cli000005-westus.documents.azure.com:443/","provisioningState":"Succeeded","failoverPriority":0,"isZoneRedundant":false}],"failoverPolicies":[{"id":"cli000005-westus","locationName":"West
        US","failoverPriority":0}],"cors":[],"capabilities":[],"ipRules":[],"backupPolicy":{"type":"Periodic","periodicModeProperties":{"backupIntervalInMinutes":240,"backupRetentionIntervalInHours":8,"backupStorageRedundancy":"Geo"}},"networkAclBypassResourceIds":[],"keysMetadata":{"primaryMasterKey":{"generationTime":"2023-02-28T05:52:42.7686274Z"},"secondaryMasterKey":{"generationTime":"2023-02-28T05:52:42.7686274Z"},"primaryReadonlyMasterKey":{"generationTime":"2023-02-28T05:52:42.7686274Z"},"secondaryReadonlyMasterKey":{"generationTime":"2023-02-28T05:52:42.7686274Z"}}},"identity":{"type":"None"}}'
    headers:
      cache-control:
      - no-store, no-cache
      content-length:
      - '2596'
      content-type:
      - application/json
      date:
      - Tue, 28 Feb 2023 05:53:18 GMT
      pragma:
      - no-cache
      server:
      - Microsoft-HTTPAPI/2.0
      strict-transport-security:
      - max-age=31536000; includeSubDomains
      transfer-encoding:
      - chunked
      vary:
      - Accept-Encoding
      x-content-type-options:
      - nosniff
      x-ms-gatewayversion:
      - version=2.14.0
    status:
      code: 200
      message: Ok
- request:
    body: '{"properties": {"resource": {"id": "cli000002"}, "options": {}}}'
    headers:
      Accept:
      - application/json
      Accept-Encoding:
      - gzip, deflate
      CommandName:
      - cosmosdb sql database create
      Connection:
      - keep-alive
      Content-Length:
      - '64'
      Content-Type:
      - application/json
      ParameterSetName:
      - -g -a -n
      User-Agent:
      - AZURECLI/2.45.0 azsdk-python-mgmt-cosmosdb/9.0.0 Python/3.10.10 (Windows-10-10.0.22621-SP0)
    method: PUT
    uri: https://management.azure.com/subscriptions/00000000-0000-0000-0000-000000000000/resourceGroups/cli_test_cosmosdb_sql_stored_procedure000001/providers/Microsoft.DocumentDB/databaseAccounts/cli000005/sqlDatabases/cli000002?api-version=2022-11-15
  response:
    body:
      string: '{"status":"Enqueued"}'
    headers:
      azure-asyncoperation:
      - https://management.azure.com/subscriptions/00000000-0000-0000-0000-000000000000/providers/Microsoft.DocumentDB/locations/westus/operationsStatus/d5198eb9-dea2-4e92-9389-e6d422f35498?api-version=2022-11-15
      cache-control:
      - no-store, no-cache
      content-length:
      - '21'
      content-type:
      - application/json
      date:
      - Tue, 28 Feb 2023 05:53:20 GMT
      location:
      - https://management.azure.com/subscriptions/00000000-0000-0000-0000-000000000000/resourceGroups/cli_test_cosmosdb_sql_stored_procedure000001/providers/Microsoft.DocumentDB/databaseAccounts/cli000005/sqlDatabases/cli000002/operationResults/d5198eb9-dea2-4e92-9389-e6d422f35498?api-version=2022-11-15
      pragma:
      - no-cache
      server:
      - Microsoft-HTTPAPI/2.0
      strict-transport-security:
      - max-age=31536000; includeSubDomains
      x-content-type-options:
      - nosniff
      x-ms-gatewayversion:
      - version=2.14.0
      x-ms-ratelimit-remaining-subscription-writes:
      - '1199'
    status:
      code: 202
      message: Accepted
- request:
    body: null
    headers:
      Accept:
      - '*/*'
      Accept-Encoding:
      - gzip, deflate
      CommandName:
      - cosmosdb sql database create
      Connection:
      - keep-alive
      ParameterSetName:
      - -g -a -n
      User-Agent:
      - AZURECLI/2.45.0 azsdk-python-mgmt-cosmosdb/9.0.0 Python/3.10.10 (Windows-10-10.0.22621-SP0)
    method: GET
    uri: https://management.azure.com/subscriptions/00000000-0000-0000-0000-000000000000/providers/Microsoft.DocumentDB/locations/westus/operationsStatus/d5198eb9-dea2-4e92-9389-e6d422f35498?api-version=2022-11-15
  response:
    body:
      string: '{"status":"Succeeded"}'
    headers:
      cache-control:
      - no-store, no-cache
      content-length:
      - '22'
      content-type:
      - application/json
      date:
      - Tue, 28 Feb 2023 05:53:50 GMT
      pragma:
      - no-cache
      server:
      - Microsoft-HTTPAPI/2.0
      strict-transport-security:
      - max-age=31536000; includeSubDomains
      transfer-encoding:
      - chunked
      vary:
      - Accept-Encoding
      x-content-type-options:
      - nosniff
      x-ms-gatewayversion:
      - version=2.14.0
    status:
      code: 200
      message: Ok
- request:
    body: null
    headers:
      Accept:
      - '*/*'
      Accept-Encoding:
      - gzip, deflate
      CommandName:
      - cosmosdb sql database create
      Connection:
      - keep-alive
      ParameterSetName:
      - -g -a -n
      User-Agent:
      - AZURECLI/2.45.0 azsdk-python-mgmt-cosmosdb/9.0.0 Python/3.10.10 (Windows-10-10.0.22621-SP0)
    method: GET
    uri: https://management.azure.com/subscriptions/00000000-0000-0000-0000-000000000000/resourceGroups/cli_test_cosmosdb_sql_stored_procedure000001/providers/Microsoft.DocumentDB/databaseAccounts/cli000005/sqlDatabases/cli000002?api-version=2022-11-15
  response:
    body:
      string: '{"id":"/subscriptions/00000000-0000-0000-0000-000000000000/resourceGroups/cli_test_cosmosdb_sql_stored_procedure000001/providers/Microsoft.DocumentDB/databaseAccounts/cli000005/sqlDatabases/cli000002","type":"Microsoft.DocumentDB/databaseAccounts/sqlDatabases","name":"cli000002","properties":{"resource":{"id":"cli000002","_rid":"vQxbAA==","_self":"dbs/vQxbAA==/","_etag":"\"00006601-0000-0700-0000-63fd96d50000\"","_colls":"colls/","_users":"users/","_ts":1677563605}}}'
    headers:
      cache-control:
      - no-store, no-cache
      content-length:
      - '471'
      content-type:
      - application/json
      date:
      - Tue, 28 Feb 2023 05:53:50 GMT
      pragma:
      - no-cache
      server:
      - Microsoft-HTTPAPI/2.0
      strict-transport-security:
      - max-age=31536000; includeSubDomains
      transfer-encoding:
      - chunked
      vary:
      - Accept-Encoding
      x-content-type-options:
      - nosniff
      x-ms-gatewayversion:
      - version=2.14.0
    status:
      code: 200
      message: Ok
- request:
    body: '{"properties": {"resource": {"id": "cli000003", "indexingPolicy": {"automatic":
      true, "indexingMode": "consistent", "includedPaths": [{"path": "/*"}], "excludedPaths":
      [{"path": "/\"_etag\"/?"}]}, "partitionKey": {"paths": ["/thePartitionKey"],
      "kind": "Hash"}}, "options": {}}}'
    headers:
      Accept:
      - application/json
      Accept-Encoding:
      - gzip, deflate
      CommandName:
      - cosmosdb sql container create
      Connection:
      - keep-alive
      Content-Length:
      - '278'
      Content-Type:
      - application/json
      ParameterSetName:
      - -g -a -d -n -p
      User-Agent:
      - AZURECLI/2.45.0 azsdk-python-mgmt-cosmosdb/9.0.0 Python/3.10.10 (Windows-10-10.0.22621-SP0)
    method: PUT
    uri: https://management.azure.com/subscriptions/00000000-0000-0000-0000-000000000000/resourceGroups/cli_test_cosmosdb_sql_stored_procedure000001/providers/Microsoft.DocumentDB/databaseAccounts/cli000005/sqlDatabases/cli000002/containers/cli000003?api-version=2022-11-15
  response:
    body:
      string: '{"status":"Enqueued"}'
    headers:
      azure-asyncoperation:
      - https://management.azure.com/subscriptions/00000000-0000-0000-0000-000000000000/providers/Microsoft.DocumentDB/locations/westus/operationsStatus/39c3b726-e3b2-4565-bb94-cdf702656366?api-version=2022-11-15
      cache-control:
      - no-store, no-cache
      content-length:
      - '21'
      content-type:
      - application/json
      date:
      - Tue, 28 Feb 2023 05:53:51 GMT
      location:
      - https://management.azure.com/subscriptions/00000000-0000-0000-0000-000000000000/resourceGroups/cli_test_cosmosdb_sql_stored_procedure000001/providers/Microsoft.DocumentDB/databaseAccounts/cli000005/sqlDatabases/cli000002/containers/cli000003/operationResults/39c3b726-e3b2-4565-bb94-cdf702656366?api-version=2022-11-15
      pragma:
      - no-cache
      server:
      - Microsoft-HTTPAPI/2.0
      strict-transport-security:
      - max-age=31536000; includeSubDomains
      x-content-type-options:
      - nosniff
      x-ms-gatewayversion:
      - version=2.14.0
      x-ms-ratelimit-remaining-subscription-writes:
      - '1199'
    status:
      code: 202
      message: Accepted
- request:
    body: null
    headers:
      Accept:
      - '*/*'
      Accept-Encoding:
      - gzip, deflate
      CommandName:
      - cosmosdb sql container create
      Connection:
      - keep-alive
      ParameterSetName:
      - -g -a -d -n -p
      User-Agent:
      - AZURECLI/2.45.0 azsdk-python-mgmt-cosmosdb/9.0.0 Python/3.10.10 (Windows-10-10.0.22621-SP0)
    method: GET
    uri: https://management.azure.com/subscriptions/00000000-0000-0000-0000-000000000000/providers/Microsoft.DocumentDB/locations/westus/operationsStatus/39c3b726-e3b2-4565-bb94-cdf702656366?api-version=2022-11-15
  response:
    body:
      string: '{"status":"Succeeded"}'
    headers:
      cache-control:
      - no-store, no-cache
      content-length:
      - '22'
      content-type:
      - application/json
      date:
      - Tue, 28 Feb 2023 05:54:21 GMT
      pragma:
      - no-cache
      server:
      - Microsoft-HTTPAPI/2.0
      strict-transport-security:
      - max-age=31536000; includeSubDomains
      transfer-encoding:
      - chunked
      vary:
      - Accept-Encoding
      x-content-type-options:
      - nosniff
      x-ms-gatewayversion:
      - version=2.14.0
    status:
      code: 200
      message: Ok
- request:
    body: null
    headers:
      Accept:
      - '*/*'
      Accept-Encoding:
      - gzip, deflate
      CommandName:
      - cosmosdb sql container create
      Connection:
      - keep-alive
      ParameterSetName:
      - -g -a -d -n -p
      User-Agent:
      - AZURECLI/2.45.0 azsdk-python-mgmt-cosmosdb/9.0.0 Python/3.10.10 (Windows-10-10.0.22621-SP0)
    method: GET
    uri: https://management.azure.com/subscriptions/00000000-0000-0000-0000-000000000000/resourceGroups/cli_test_cosmosdb_sql_stored_procedure000001/providers/Microsoft.DocumentDB/databaseAccounts/cli000005/sqlDatabases/cli000002/containers/cli000003?api-version=2022-11-15
  response:
    body:
      string: '{"id":"/subscriptions/00000000-0000-0000-0000-000000000000/resourceGroups/cli_test_cosmosdb_sql_stored_procedure000001/providers/Microsoft.DocumentDB/databaseAccounts/cli000005/sqlDatabases/cli000002/containers/cli000003","type":"Microsoft.DocumentDB/databaseAccounts/sqlDatabases/containers","name":"cli000003","properties":{"resource":{"id":"cli000003","indexingPolicy":{"indexingMode":"consistent","automatic":true,"includedPaths":[{"path":"/*"}],"excludedPaths":[{"path":"/\"_etag\"/?"}]},"partitionKey":{"paths":["/thePartitionKey"],"kind":"Hash"},"uniqueKeyPolicy":{"uniqueKeys":[]},"conflictResolutionPolicy":{"mode":"LastWriterWins","conflictResolutionPath":"/_ts","conflictResolutionProcedure":""},"geospatialConfig":{"type":"Geography"},"_rid":"vQxbAJn-0CY=","_ts":1677563636,"_self":"dbs/vQxbAA==/colls/vQxbAJn-0CY=/","_etag":"\"00006801-0000-0700-0000-63fd96f40000\"","_docs":"docs/","_sprocs":"sprocs/","_triggers":"triggers/","_udfs":"udfs/","_conflicts":"conflicts/","statistics":[{"id":"0","sizeInKB":0,"documentCount":0,"sampledDistinctPartitionKeyCount":0,"partitionKeys":[]}]}}}'
    headers:
      cache-control:
      - no-store, no-cache
      content-length:
      - '1097'
      content-type:
      - application/json
      date:
      - Tue, 28 Feb 2023 05:54:21 GMT
      pragma:
      - no-cache
      server:
      - Microsoft-HTTPAPI/2.0
      strict-transport-security:
      - max-age=31536000; includeSubDomains
      transfer-encoding:
      - chunked
      vary:
      - Accept-Encoding
      x-content-type-options:
      - nosniff
      x-ms-gatewayversion:
      - version=2.14.0
    status:
      code: 200
      message: Ok
- request:
    body: '{"properties": {"resource": {"id": "cli000004", "body": "sampleBody"},
      "options": {}}}'
    headers:
      Accept:
      - application/json
      Accept-Encoding:
      - gzip, deflate
      CommandName:
      - cosmosdb sql stored-procedure create
      Connection:
      - keep-alive
      Content-Length:
      - '86'
      Content-Type:
      - application/json
      ParameterSetName:
      - --resource-group -a -d -c -n -b
      User-Agent:
      - AZURECLI/2.45.0 azsdk-python-mgmt-cosmosdb/9.0.0 Python/3.10.10 (Windows-10-10.0.22621-SP0)
    method: PUT
    uri: https://management.azure.com/subscriptions/00000000-0000-0000-0000-000000000000/resourceGroups/cli_test_cosmosdb_sql_stored_procedure000001/providers/Microsoft.DocumentDB/databaseAccounts/cli000005/sqlDatabases/cli000002/containers/cli000003/storedProcedures/cli000004?api-version=2022-11-15
  response:
    body:
      string: '{"status":"Enqueued"}'
    headers:
      azure-asyncoperation:
      - https://management.azure.com/subscriptions/00000000-0000-0000-0000-000000000000/providers/Microsoft.DocumentDB/locations/westus/operationsStatus/74d1b46c-1ca9-4d73-9a98-ce532b2f16ed?api-version=2022-11-15
      cache-control:
      - no-store, no-cache
      content-length:
      - '21'
      content-type:
      - application/json
      date:
      - Tue, 28 Feb 2023 05:54:22 GMT
      location:
      - https://management.azure.com/subscriptions/00000000-0000-0000-0000-000000000000/resourceGroups/cli_test_cosmosdb_sql_stored_procedure000001/providers/Microsoft.DocumentDB/databaseAccounts/cli000005/sqlDatabases/cli000002/containers/cli000003/storedProcedures/cli000004/operationResults/74d1b46c-1ca9-4d73-9a98-ce532b2f16ed?api-version=2022-11-15
      pragma:
      - no-cache
      server:
      - Microsoft-HTTPAPI/2.0
      strict-transport-security:
      - max-age=31536000; includeSubDomains
      x-content-type-options:
      - nosniff
      x-ms-gatewayversion:
      - version=2.14.0
      x-ms-ratelimit-remaining-subscription-writes:
      - '1197'
    status:
      code: 202
      message: Accepted
- request:
    body: null
    headers:
      Accept:
      - '*/*'
      Accept-Encoding:
      - gzip, deflate
      CommandName:
      - cosmosdb sql stored-procedure create
      Connection:
      - keep-alive
      ParameterSetName:
      - --resource-group -a -d -c -n -b
      User-Agent:
      - AZURECLI/2.45.0 azsdk-python-mgmt-cosmosdb/9.0.0 Python/3.10.10 (Windows-10-10.0.22621-SP0)
    method: GET
    uri: https://management.azure.com/subscriptions/00000000-0000-0000-0000-000000000000/providers/Microsoft.DocumentDB/locations/westus/operationsStatus/74d1b46c-1ca9-4d73-9a98-ce532b2f16ed?api-version=2022-11-15
  response:
    body:
      string: '{"status":"Succeeded"}'
    headers:
      cache-control:
      - no-store, no-cache
      content-length:
      - '22'
      content-type:
      - application/json
      date:
      - Tue, 28 Feb 2023 05:54:52 GMT
      pragma:
      - no-cache
      server:
      - Microsoft-HTTPAPI/2.0
      strict-transport-security:
      - max-age=31536000; includeSubDomains
      transfer-encoding:
      - chunked
      vary:
      - Accept-Encoding
      x-content-type-options:
      - nosniff
      x-ms-gatewayversion:
      - version=2.14.0
    status:
      code: 200
      message: Ok
- request:
    body: null
    headers:
      Accept:
      - '*/*'
      Accept-Encoding:
      - gzip, deflate
      CommandName:
      - cosmosdb sql stored-procedure create
      Connection:
      - keep-alive
      ParameterSetName:
      - --resource-group -a -d -c -n -b
      User-Agent:
      - AZURECLI/2.45.0 azsdk-python-mgmt-cosmosdb/9.0.0 Python/3.10.10 (Windows-10-10.0.22621-SP0)
    method: GET
    uri: https://management.azure.com/subscriptions/00000000-0000-0000-0000-000000000000/resourceGroups/cli_test_cosmosdb_sql_stored_procedure000001/providers/Microsoft.DocumentDB/databaseAccounts/cli000005/sqlDatabases/cli000002/containers/cli000003/storedProcedures/cli000004?api-version=2022-11-15
  response:
    body:
      string: '{"id":"/subscriptions/00000000-0000-0000-0000-000000000000/resourceGroups/cli_test_cosmosdb_sql_stored_procedure000001/providers/Microsoft.DocumentDB/databaseAccounts/cli000005/sqlDatabases/cli000002/containers/cli000003/storedProcedures/cli000004","type":"Microsoft.DocumentDB/databaseAccounts/sqlDatabases/containers/storedProcedures","name":"cli000004","properties":{"resource":{"id":"cli000004","body":"sampleBody","_rid":"vQxbAJn-0CYBAAAAAAAAgA==","_self":"dbs/vQxbAA==/colls/vQxbAJn-0CY=/sprocs/vQxbAJn-0CYBAAAAAAAAgA==/","_etag":"\"1c00e954-0000-0700-0000-63fd97130000\"","_ts":1677563667}}}'
    headers:
      cache-control:
      - no-store, no-cache
      content-length:
      - '598'
      content-type:
      - application/json
      date:
      - Tue, 28 Feb 2023 05:54:53 GMT
      pragma:
      - no-cache
      server:
      - Microsoft-HTTPAPI/2.0
      strict-transport-security:
      - max-age=31536000; includeSubDomains
      transfer-encoding:
      - chunked
      vary:
      - Accept-Encoding
      x-content-type-options:
      - nosniff
      x-ms-gatewayversion:
      - version=2.14.0
    status:
      code: 200
      message: Ok
- request:
    body: '{"properties": {"resource": {"id": "cli000004", "body": "sampleBody2"},
      "options": {}}}'
    headers:
      Accept:
      - application/json
      Accept-Encoding:
      - gzip, deflate
      CommandName:
      - cosmosdb sql stored-procedure update
      Connection:
      - keep-alive
      Content-Length:
      - '87'
      Content-Type:
      - application/json
      ParameterSetName:
      - -g -a -d -c -n -b
      User-Agent:
      - AZURECLI/2.45.0 azsdk-python-mgmt-cosmosdb/9.0.0 Python/3.10.10 (Windows-10-10.0.22621-SP0)
    method: PUT
    uri: https://management.azure.com/subscriptions/00000000-0000-0000-0000-000000000000/resourceGroups/cli_test_cosmosdb_sql_stored_procedure000001/providers/Microsoft.DocumentDB/databaseAccounts/cli000005/sqlDatabases/cli000002/containers/cli000003/storedProcedures/cli000004?api-version=2022-11-15
  response:
    body:
      string: '{"status":"Enqueued"}'
    headers:
      azure-asyncoperation:
      - https://management.azure.com/subscriptions/00000000-0000-0000-0000-000000000000/providers/Microsoft.DocumentDB/locations/westus/operationsStatus/0eb9d1ee-f300-4eef-9eba-e0e60e27cbdc?api-version=2022-11-15
      cache-control:
      - no-store, no-cache
      content-length:
      - '21'
      content-type:
      - application/json
      date:
      - Tue, 28 Feb 2023 05:54:54 GMT
      location:
      - https://management.azure.com/subscriptions/00000000-0000-0000-0000-000000000000/resourceGroups/cli_test_cosmosdb_sql_stored_procedure000001/providers/Microsoft.DocumentDB/databaseAccounts/cli000005/sqlDatabases/cli000002/containers/cli000003/storedProcedures/cli000004/operationResults/0eb9d1ee-f300-4eef-9eba-e0e60e27cbdc?api-version=2022-11-15
      pragma:
      - no-cache
      server:
      - Microsoft-HTTPAPI/2.0
      strict-transport-security:
      - max-age=31536000; includeSubDomains
      x-content-type-options:
      - nosniff
      x-ms-gatewayversion:
      - version=2.14.0
      x-ms-ratelimit-remaining-subscription-writes:
      - '1199'
    status:
      code: 202
      message: Accepted
- request:
    body: null
    headers:
      Accept:
      - '*/*'
      Accept-Encoding:
      - gzip, deflate
      CommandName:
      - cosmosdb sql stored-procedure update
      Connection:
      - keep-alive
      ParameterSetName:
      - -g -a -d -c -n -b
      User-Agent:
      - AZURECLI/2.45.0 azsdk-python-mgmt-cosmosdb/9.0.0 Python/3.10.10 (Windows-10-10.0.22621-SP0)
    method: GET
    uri: https://management.azure.com/subscriptions/00000000-0000-0000-0000-000000000000/providers/Microsoft.DocumentDB/locations/westus/operationsStatus/0eb9d1ee-f300-4eef-9eba-e0e60e27cbdc?api-version=2022-11-15
  response:
    body:
      string: '{"status":"Succeeded"}'
    headers:
      cache-control:
      - no-store, no-cache
      content-length:
      - '22'
      content-type:
      - application/json
      date:
      - Tue, 28 Feb 2023 05:55:24 GMT
      pragma:
      - no-cache
      server:
      - Microsoft-HTTPAPI/2.0
      strict-transport-security:
      - max-age=31536000; includeSubDomains
      transfer-encoding:
      - chunked
      vary:
      - Accept-Encoding
      x-content-type-options:
      - nosniff
      x-ms-gatewayversion:
      - version=2.14.0
    status:
      code: 200
      message: Ok
- request:
    body: null
    headers:
      Accept:
      - '*/*'
      Accept-Encoding:
      - gzip, deflate
      CommandName:
      - cosmosdb sql stored-procedure update
      Connection:
      - keep-alive
      ParameterSetName:
      - -g -a -d -c -n -b
      User-Agent:
      - AZURECLI/2.45.0 azsdk-python-mgmt-cosmosdb/9.0.0 Python/3.10.10 (Windows-10-10.0.22621-SP0)
    method: GET
    uri: https://management.azure.com/subscriptions/00000000-0000-0000-0000-000000000000/resourceGroups/cli_test_cosmosdb_sql_stored_procedure000001/providers/Microsoft.DocumentDB/databaseAccounts/cli000005/sqlDatabases/cli000002/containers/cli000003/storedProcedures/cli000004?api-version=2022-11-15
  response:
    body:
      string: '{"id":"/subscriptions/00000000-0000-0000-0000-000000000000/resourceGroups/cli_test_cosmosdb_sql_stored_procedure000001/providers/Microsoft.DocumentDB/databaseAccounts/cli000005/sqlDatabases/cli000002/containers/cli000003/storedProcedures/cli000004","type":"Microsoft.DocumentDB/databaseAccounts/sqlDatabases/containers/storedProcedures","name":"cli000004","properties":{"resource":{"id":"cli000004","body":"sampleBody2","_rid":"vQxbAJn-0CYBAAAAAAAAgA==","_self":"dbs/vQxbAA==/colls/vQxbAJn-0CY=/sprocs/vQxbAJn-0CYBAAAAAAAAgA==/","_etag":"\"1c00b459-0000-0700-0000-63fd97320000\"","_ts":1677563698}}}'
    headers:
      cache-control:
      - no-store, no-cache
      content-length:
      - '599'
      content-type:
      - application/json
      date:
      - Tue, 28 Feb 2023 05:55:24 GMT
      pragma:
      - no-cache
      server:
      - Microsoft-HTTPAPI/2.0
      strict-transport-security:
      - max-age=31536000; includeSubDomains
      transfer-encoding:
      - chunked
      vary:
      - Accept-Encoding
      x-content-type-options:
      - nosniff
      x-ms-gatewayversion:
      - version=2.14.0
    status:
      code: 200
      message: Ok
- request:
    body: null
    headers:
      Accept:
      - application/json
      Accept-Encoding:
      - gzip, deflate
      CommandName:
      - cosmosdb sql stored-procedure show
      Connection:
      - keep-alive
      ParameterSetName:
      - -g -a -d -c -n
      User-Agent:
      - AZURECLI/2.45.0 azsdk-python-mgmt-cosmosdb/9.0.0 Python/3.10.10 (Windows-10-10.0.22621-SP0)
    method: GET
    uri: https://management.azure.com/subscriptions/00000000-0000-0000-0000-000000000000/resourceGroups/cli_test_cosmosdb_sql_stored_procedure000001/providers/Microsoft.DocumentDB/databaseAccounts/cli000005/sqlDatabases/cli000002/containers/cli000003/storedProcedures/cli000004?api-version=2022-11-15
  response:
    body:
      string: '{"id":"/subscriptions/00000000-0000-0000-0000-000000000000/resourceGroups/cli_test_cosmosdb_sql_stored_procedure000001/providers/Microsoft.DocumentDB/databaseAccounts/cli000005/sqlDatabases/cli000002/containers/cli000003/storedProcedures/cli000004","type":"Microsoft.DocumentDB/databaseAccounts/sqlDatabases/containers/storedProcedures","name":"cli000004","properties":{"resource":{"id":"cli000004","body":"sampleBody2","_rid":"vQxbAJn-0CYBAAAAAAAAgA==","_self":"dbs/vQxbAA==/colls/vQxbAJn-0CY=/sprocs/vQxbAJn-0CYBAAAAAAAAgA==/","_etag":"\"1c00b459-0000-0700-0000-63fd97320000\"","_ts":1677563698}}}'
    headers:
      cache-control:
      - no-store, no-cache
      content-length:
      - '599'
      content-type:
      - application/json
      date:
      - Tue, 28 Feb 2023 05:55:25 GMT
      pragma:
      - no-cache
      server:
      - Microsoft-HTTPAPI/2.0
      strict-transport-security:
      - max-age=31536000; includeSubDomains
      transfer-encoding:
      - chunked
      vary:
      - Accept-Encoding
      x-content-type-options:
      - nosniff
      x-ms-gatewayversion:
      - version=2.14.0
    status:
      code: 200
      message: Ok
- request:
    body: null
    headers:
      Accept:
      - application/json
      Accept-Encoding:
      - gzip, deflate
      CommandName:
      - cosmosdb sql stored-procedure list
      Connection:
      - keep-alive
      ParameterSetName:
      - -g -a -d -c
      User-Agent:
      - AZURECLI/2.45.0 azsdk-python-mgmt-cosmosdb/9.0.0 Python/3.10.10 (Windows-10-10.0.22621-SP0)
    method: GET
    uri: https://management.azure.com/subscriptions/00000000-0000-0000-0000-000000000000/resourceGroups/cli_test_cosmosdb_sql_stored_procedure000001/providers/Microsoft.DocumentDB/databaseAccounts/cli000005/sqlDatabases/cli000002/containers/cli000003/storedProcedures?api-version=2022-11-15
  response:
    body:
      string: '{"value":[{"id":"/subscriptions/00000000-0000-0000-0000-000000000000/resourceGroups/cli_test_cosmosdb_sql_stored_procedure000001/providers/Microsoft.DocumentDB/databaseAccounts/cli000005/sqlDatabases/cli000002/containers/cli000003/storedProcedures/cli000004","type":"Microsoft.DocumentDB/databaseAccounts/sqlDatabases/containers/storedProcedures","name":"cli000004","properties":{"resource":{"id":"cli000004","body":"sampleBody2","_rid":"vQxbAJn-0CYBAAAAAAAAgA==","_self":"dbs/vQxbAA==/colls/vQxbAJn-0CY=/sprocs/vQxbAJn-0CYBAAAAAAAAgA==/","_etag":"\"1c00b459-0000-0700-0000-63fd97320000\"","_ts":1677563698}}}]}'
    headers:
      cache-control:
      - no-store, no-cache
      content-length:
      - '611'
      content-type:
      - application/json
      date:
      - Tue, 28 Feb 2023 05:55:25 GMT
      pragma:
      - no-cache
      server:
      - Microsoft-HTTPAPI/2.0
      strict-transport-security:
      - max-age=31536000; includeSubDomains
      transfer-encoding:
      - chunked
      vary:
      - Accept-Encoding
      x-content-type-options:
      - nosniff
      x-ms-gatewayversion:
      - version=2.14.0
    status:
      code: 200
      message: Ok
- request:
    body: null
    headers:
      Accept:
      - '*/*'
      Accept-Encoding:
      - gzip, deflate
      CommandName:
      - cosmosdb sql stored-procedure delete
      Connection:
      - keep-alive
      Content-Length:
      - '0'
      ParameterSetName:
      - -g -a -d -c -n --yes
      User-Agent:
      - AZURECLI/2.45.0 azsdk-python-mgmt-cosmosdb/9.0.0 Python/3.10.10 (Windows-10-10.0.22621-SP0)
    method: DELETE
    uri: https://management.azure.com/subscriptions/00000000-0000-0000-0000-000000000000/resourceGroups/cli_test_cosmosdb_sql_stored_procedure000001/providers/Microsoft.DocumentDB/databaseAccounts/cli000005/sqlDatabases/cli000002/containers/cli000003/storedProcedures/cli000004?api-version=2022-11-15
  response:
    body:
      string: '{"status":"Enqueued"}'
    headers:
      azure-asyncoperation:
      - https://management.azure.com/subscriptions/00000000-0000-0000-0000-000000000000/providers/Microsoft.DocumentDB/locations/westus/operationsStatus/02fcd9fb-1b92-4f5a-b9c4-9f915f6488c2?api-version=2022-11-15
      cache-control:
      - no-store, no-cache
      content-length:
      - '21'
      content-type:
      - application/json
      date:
      - Tue, 28 Feb 2023 05:55:26 GMT
      location:
      - https://management.azure.com/subscriptions/00000000-0000-0000-0000-000000000000/resourceGroups/cli_test_cosmosdb_sql_stored_procedure000001/providers/Microsoft.DocumentDB/databaseAccounts/cli000005/sqlDatabases/cli000002/containers/cli000003/storedProcedures/cli000004/operationResults/02fcd9fb-1b92-4f5a-b9c4-9f915f6488c2?api-version=2022-11-15
      pragma:
      - no-cache
      server:
      - Microsoft-HTTPAPI/2.0
      strict-transport-security:
      - max-age=31536000; includeSubDomains
      x-content-type-options:
      - nosniff
      x-ms-gatewayversion:
      - version=2.14.0
      x-ms-ratelimit-remaining-subscription-deletes:
      - '14998'
    status:
      code: 202
      message: Accepted
- request:
    body: null
    headers:
      Accept:
      - '*/*'
      Accept-Encoding:
      - gzip, deflate
      CommandName:
      - cosmosdb sql stored-procedure delete
      Connection:
      - keep-alive
      ParameterSetName:
      - -g -a -d -c -n --yes
      User-Agent:
      - AZURECLI/2.45.0 azsdk-python-mgmt-cosmosdb/9.0.0 Python/3.10.10 (Windows-10-10.0.22621-SP0)
    method: GET
    uri: https://management.azure.com/subscriptions/00000000-0000-0000-0000-000000000000/providers/Microsoft.DocumentDB/locations/westus/operationsStatus/02fcd9fb-1b92-4f5a-b9c4-9f915f6488c2?api-version=2022-11-15
  response:
    body:
      string: '{"status":"Succeeded"}'
    headers:
      cache-control:
      - no-store, no-cache
      content-length:
      - '22'
      content-type:
      - application/json
      date:
      - Tue, 28 Feb 2023 05:55:56 GMT
      pragma:
      - no-cache
      server:
      - Microsoft-HTTPAPI/2.0
      strict-transport-security:
      - max-age=31536000; includeSubDomains
      transfer-encoding:
      - chunked
      vary:
      - Accept-Encoding
      x-content-type-options:
      - nosniff
      x-ms-gatewayversion:
      - version=2.14.0
    status:
      code: 200
      message: Ok
- request:
    body: null
    headers:
      Accept:
      - application/json
      Accept-Encoding:
      - gzip, deflate
      CommandName:
      - cosmosdb sql stored-procedure list
      Connection:
      - keep-alive
      ParameterSetName:
      - -g -a -d -c
      User-Agent:
      - AZURECLI/2.45.0 azsdk-python-mgmt-cosmosdb/9.0.0 Python/3.10.10 (Windows-10-10.0.22621-SP0)
    method: GET
    uri: https://management.azure.com/subscriptions/00000000-0000-0000-0000-000000000000/resourceGroups/cli_test_cosmosdb_sql_stored_procedure000001/providers/Microsoft.DocumentDB/databaseAccounts/cli000005/sqlDatabases/cli000002/containers/cli000003/storedProcedures?api-version=2022-11-15
  response:
    body:
      string: '{"value":[]}'
    headers:
      cache-control:
      - no-store, no-cache
      content-length:
      - '12'
      content-type:
      - application/json
      date:
      - Tue, 28 Feb 2023 05:55:57 GMT
      pragma:
      - no-cache
      server:
      - Microsoft-HTTPAPI/2.0
      strict-transport-security:
      - max-age=31536000; includeSubDomains
      transfer-encoding:
      - chunked
      vary:
      - Accept-Encoding
      x-content-type-options:
      - nosniff
      x-ms-gatewayversion:
      - version=2.14.0
    status:
      code: 200
      message: Ok
version: 1
