interactions:
- request:
    body: null
    headers:
      Accept:
      - application/json
      Accept-Encoding:
      - gzip, deflate
      CommandName:
      - cosmosdb create
      Connection:
      - keep-alive
      ParameterSetName:
      - -n -g --capabilities
      User-Agent:
      - AZURECLI/2.40.0 (PIP) azsdk-python-azure-mgmt-resource/21.1.0b1 Python/3.10.4
        (Windows-10-10.0.22621-SP0)
    method: GET
    uri: https://management.azure.com/subscriptions/00000000-0000-0000-0000-000000000000/resourcegroups/cli_test_cosmosdb_cassandra_resource_throughput000001?api-version=2021-04-01
  response:
    body:
      string: '{"id":"/subscriptions/00000000-0000-0000-0000-000000000000/resourceGroups/cli_test_cosmosdb_cassandra_resource_throughput000001","name":"cli_test_cosmosdb_cassandra_resource_throughput000001","type":"Microsoft.Resources/resourceGroups","location":"westus","tags":{"product":"azurecli","cause":"automation","date":"2022-09-27T14:01:40Z"},"properties":{"provisioningState":"Succeeded"}}'
    headers:
      cache-control:
      - no-cache
      content-length:
      - '384'
      content-type:
      - application/json; charset=utf-8
      date:
      - Tue, 27 Sep 2022 14:01:43 GMT
      expires:
      - '-1'
      pragma:
      - no-cache
      strict-transport-security:
      - max-age=31536000; includeSubDomains
      vary:
      - Accept-Encoding
      x-content-type-options:
      - nosniff
    status:
      code: 200
      message: OK
- request:
    body: '{"location": "westus", "kind": "GlobalDocumentDB", "properties": {"locations":
      [{"locationName": "westus", "failoverPriority": 0, "isZoneRedundant": false}],
      "databaseAccountOfferType": "Standard", "capabilities": [{"name": "EnableCassandra"}],
      "apiProperties": {}, "createMode": "Default"}}'
    headers:
      Accept:
      - application/json
      Accept-Encoding:
      - gzip, deflate
      CommandName:
      - cosmosdb create
      Connection:
      - keep-alive
      Content-Length:
      - '291'
      Content-Type:
      - application/json
      ParameterSetName:
      - -n -g --capabilities
      User-Agent:
      - AZURECLI/2.40.0 (PIP) azsdk-python-mgmt-cosmosdb/8.0.0 Python/3.10.4 (Windows-10-10.0.22621-SP0)
    method: PUT
    uri: https://management.azure.com/subscriptions/00000000-0000-0000-0000-000000000000/resourceGroups/cli_test_cosmosdb_cassandra_resource_throughput000001/providers/Microsoft.DocumentDB/databaseAccounts/cli000002?api-version=2022-08-15
  response:
    body:
      string: '{"id":"/subscriptions/00000000-0000-0000-0000-000000000000/resourceGroups/cli_test_cosmosdb_cassandra_resource_throughput000001/providers/Microsoft.DocumentDB/databaseAccounts/cli000002","name":"cli000002","location":"West
        US","type":"Microsoft.DocumentDB/databaseAccounts","kind":"GlobalDocumentDB","tags":{},"systemData":{"createdAt":"2022-09-27T14:01:48.4415657Z"},"properties":{"provisioningState":"Creating","publicNetworkAccess":"Enabled","enableAutomaticFailover":false,"enableMultipleWriteLocations":false,"enablePartitionKeyMonitor":false,"isVirtualNetworkFilterEnabled":false,"virtualNetworkRules":[],"EnabledApiTypes":"Cassandra","disableKeyBasedMetadataWriteAccess":false,"enableFreeTier":false,"enableAnalyticalStorage":false,"analyticalStorageConfiguration":{"schemaType":"WellDefined"},"instanceId":"987a2468-3992-4ce2-8eae-6822c6ca8a0a","databaseAccountOfferType":"Standard","enableCassandraConnector":false,"connectorOffer":"","enableFullFidelityChangeFeed":false,"defaultIdentity":"","networkAclBypass":"None","disableLocalAuth":false,"enablePartitionMerge":false,"consistencyPolicy":{"defaultConsistencyLevel":"Session","maxIntervalInSeconds":5,"maxStalenessPrefix":100},"configurationOverrides":{},"writeLocations":[{"id":"cli000002-westus","locationName":"West
        US","provisioningState":"Creating","failoverPriority":0,"isZoneRedundant":false}],"readLocations":[{"id":"cli000002-westus","locationName":"West
        US","provisioningState":"Creating","failoverPriority":0,"isZoneRedundant":false}],"locations":[{"id":"cli000002-westus","locationName":"West
        US","provisioningState":"Creating","failoverPriority":0,"isZoneRedundant":false}],"failoverPolicies":[{"id":"cli000002-westus","locationName":"West
        US","failoverPriority":0}],"cors":[],"capabilities":[{"name":"EnableCassandra"}],"ipRules":[],"backupPolicy":{"type":"Periodic","periodicModeProperties":{"backupIntervalInMinutes":240,"backupRetentionIntervalInHours":8,"backupStorageRedundancy":"Invalid"}},"networkAclBypassResourceIds":[],"keysMetadata":{"primaryMasterKey":{"generationTime":"2022-09-27T14:01:48.4415657Z"},"secondaryMasterKey":{"generationTime":"2022-09-27T14:01:48.4415657Z"},"primaryReadonlyMasterKey":{"generationTime":"2022-09-27T14:01:48.4415657Z"},"secondaryReadonlyMasterKey":{"generationTime":"2022-09-27T14:01:48.4415657Z"}}},"identity":{"type":"None"}}'
    headers:
      azure-asyncoperation:
      - https://management.azure.com/subscriptions/00000000-0000-0000-0000-000000000000/providers/Microsoft.DocumentDB/locations/westus/operationsStatus/0220ee0c-e3ba-48bd-9247-637074814db6?api-version=2022-08-15
      cache-control:
      - no-store, no-cache
      content-length:
      - '2347'
      content-type:
      - application/json
      date:
      - Tue, 27 Sep 2022 14:01:50 GMT
      location:
      - https://management.azure.com/subscriptions/00000000-0000-0000-0000-000000000000/resourceGroups/cli_test_cosmosdb_cassandra_resource_throughput000001/providers/Microsoft.DocumentDB/databaseAccounts/cli000002/operationResults/0220ee0c-e3ba-48bd-9247-637074814db6?api-version=2022-08-15
      pragma:
      - no-cache
      server:
      - Microsoft-HTTPAPI/2.0
      strict-transport-security:
      - max-age=31536000; includeSubDomains
      transfer-encoding:
      - chunked
      vary:
      - Accept-Encoding
      x-content-type-options:
      - nosniff
      x-ms-gatewayversion:
      - version=2.14.0
      x-ms-ratelimit-remaining-subscription-writes:
      - '1199'
    status:
      code: 200
      message: Ok
- request:
    body: null
    headers:
      Accept:
      - '*/*'
      Accept-Encoding:
      - gzip, deflate
      CommandName:
      - cosmosdb create
      Connection:
      - keep-alive
      ParameterSetName:
      - -n -g --capabilities
      User-Agent:
      - AZURECLI/2.40.0 (PIP) azsdk-python-mgmt-cosmosdb/8.0.0 Python/3.10.4 (Windows-10-10.0.22621-SP0)
    method: GET
    uri: https://management.azure.com/subscriptions/00000000-0000-0000-0000-000000000000/providers/Microsoft.DocumentDB/locations/westus/operationsStatus/0220ee0c-e3ba-48bd-9247-637074814db6?api-version=2022-08-15
  response:
    body:
      string: '{"status":"Dequeued"}'
    headers:
      cache-control:
      - no-store, no-cache
      content-length:
      - '21'
      content-type:
      - application/json
      date:
      - Tue, 27 Sep 2022 14:02:20 GMT
      pragma:
      - no-cache
      server:
      - Microsoft-HTTPAPI/2.0
      strict-transport-security:
      - max-age=31536000; includeSubDomains
      transfer-encoding:
      - chunked
      vary:
      - Accept-Encoding
      x-content-type-options:
      - nosniff
      x-ms-gatewayversion:
      - version=2.14.0
    status:
      code: 200
      message: Ok
- request:
    body: null
    headers:
      Accept:
      - '*/*'
      Accept-Encoding:
      - gzip, deflate
      CommandName:
      - cosmosdb create
      Connection:
      - keep-alive
      ParameterSetName:
      - -n -g --capabilities
      User-Agent:
      - AZURECLI/2.40.0 (PIP) azsdk-python-mgmt-cosmosdb/8.0.0 Python/3.10.4 (Windows-10-10.0.22621-SP0)
    method: GET
    uri: https://management.azure.com/subscriptions/00000000-0000-0000-0000-000000000000/providers/Microsoft.DocumentDB/locations/westus/operationsStatus/0220ee0c-e3ba-48bd-9247-637074814db6?api-version=2022-08-15
  response:
    body:
      string: '{"status":"Dequeued"}'
    headers:
      cache-control:
      - no-store, no-cache
      content-length:
      - '21'
      content-type:
      - application/json
      date:
      - Tue, 27 Sep 2022 14:02:50 GMT
      pragma:
      - no-cache
      server:
      - Microsoft-HTTPAPI/2.0
      strict-transport-security:
      - max-age=31536000; includeSubDomains
      transfer-encoding:
      - chunked
      vary:
      - Accept-Encoding
      x-content-type-options:
      - nosniff
      x-ms-gatewayversion:
      - version=2.14.0
    status:
      code: 200
      message: Ok
- request:
    body: null
    headers:
      Accept:
      - '*/*'
      Accept-Encoding:
      - gzip, deflate
      CommandName:
      - cosmosdb create
      Connection:
      - keep-alive
      ParameterSetName:
      - -n -g --capabilities
      User-Agent:
      - AZURECLI/2.40.0 (PIP) azsdk-python-mgmt-cosmosdb/8.0.0 Python/3.10.4 (Windows-10-10.0.22621-SP0)
    method: GET
    uri: https://management.azure.com/subscriptions/00000000-0000-0000-0000-000000000000/providers/Microsoft.DocumentDB/locations/westus/operationsStatus/0220ee0c-e3ba-48bd-9247-637074814db6?api-version=2022-08-15
  response:
    body:
      string: '{"status":"Dequeued"}'
    headers:
      cache-control:
      - no-store, no-cache
      content-length:
      - '21'
      content-type:
      - application/json
      date:
      - Tue, 27 Sep 2022 14:03:20 GMT
      pragma:
      - no-cache
      server:
      - Microsoft-HTTPAPI/2.0
      strict-transport-security:
      - max-age=31536000; includeSubDomains
      transfer-encoding:
      - chunked
      vary:
      - Accept-Encoding
      x-content-type-options:
      - nosniff
      x-ms-gatewayversion:
      - version=2.14.0
    status:
      code: 200
      message: Ok
- request:
    body: null
    headers:
      Accept:
      - '*/*'
      Accept-Encoding:
      - gzip, deflate
      CommandName:
      - cosmosdb create
      Connection:
      - keep-alive
      ParameterSetName:
      - -n -g --capabilities
      User-Agent:
      - AZURECLI/2.40.0 (PIP) azsdk-python-mgmt-cosmosdb/8.0.0 Python/3.10.4 (Windows-10-10.0.22621-SP0)
    method: GET
    uri: https://management.azure.com/subscriptions/00000000-0000-0000-0000-000000000000/providers/Microsoft.DocumentDB/locations/westus/operationsStatus/0220ee0c-e3ba-48bd-9247-637074814db6?api-version=2022-08-15
  response:
    body:
      string: '{"status":"Dequeued"}'
    headers:
      cache-control:
      - no-store, no-cache
      content-length:
      - '21'
      content-type:
      - application/json
      date:
      - Tue, 27 Sep 2022 14:03:50 GMT
      pragma:
      - no-cache
      server:
      - Microsoft-HTTPAPI/2.0
      strict-transport-security:
      - max-age=31536000; includeSubDomains
      transfer-encoding:
      - chunked
      vary:
      - Accept-Encoding
      x-content-type-options:
      - nosniff
      x-ms-gatewayversion:
      - version=2.14.0
    status:
      code: 200
      message: Ok
- request:
    body: null
    headers:
      Accept:
      - '*/*'
      Accept-Encoding:
      - gzip, deflate
      CommandName:
      - cosmosdb create
      Connection:
      - keep-alive
      ParameterSetName:
      - -n -g --capabilities
      User-Agent:
      - AZURECLI/2.40.0 (PIP) azsdk-python-mgmt-cosmosdb/8.0.0 Python/3.10.4 (Windows-10-10.0.22621-SP0)
    method: GET
    uri: https://management.azure.com/subscriptions/00000000-0000-0000-0000-000000000000/providers/Microsoft.DocumentDB/locations/westus/operationsStatus/0220ee0c-e3ba-48bd-9247-637074814db6?api-version=2022-08-15
  response:
    body:
      string: '{"status":"Dequeued"}'
    headers:
      cache-control:
      - no-store, no-cache
      content-length:
      - '21'
      content-type:
      - application/json
      date:
      - Tue, 27 Sep 2022 14:04:20 GMT
      pragma:
      - no-cache
      server:
      - Microsoft-HTTPAPI/2.0
      strict-transport-security:
      - max-age=31536000; includeSubDomains
      transfer-encoding:
      - chunked
      vary:
      - Accept-Encoding
      x-content-type-options:
      - nosniff
      x-ms-gatewayversion:
      - version=2.14.0
    status:
      code: 200
      message: Ok
- request:
    body: null
    headers:
      Accept:
      - '*/*'
      Accept-Encoding:
      - gzip, deflate
      CommandName:
      - cosmosdb create
      Connection:
      - keep-alive
      ParameterSetName:
      - -n -g --capabilities
      User-Agent:
      - AZURECLI/2.40.0 (PIP) azsdk-python-mgmt-cosmosdb/8.0.0 Python/3.10.4 (Windows-10-10.0.22621-SP0)
    method: GET
    uri: https://management.azure.com/subscriptions/00000000-0000-0000-0000-000000000000/providers/Microsoft.DocumentDB/locations/westus/operationsStatus/0220ee0c-e3ba-48bd-9247-637074814db6?api-version=2022-08-15
  response:
    body:
      string: '{"status":"Dequeued"}'
    headers:
      cache-control:
      - no-store, no-cache
      content-length:
      - '21'
      content-type:
      - application/json
      date:
      - Tue, 27 Sep 2022 14:04:51 GMT
      pragma:
      - no-cache
      server:
      - Microsoft-HTTPAPI/2.0
      strict-transport-security:
      - max-age=31536000; includeSubDomains
      transfer-encoding:
      - chunked
      vary:
      - Accept-Encoding
      x-content-type-options:
      - nosniff
      x-ms-gatewayversion:
      - version=2.14.0
    status:
      code: 200
      message: Ok
- request:
    body: null
    headers:
      Accept:
      - '*/*'
      Accept-Encoding:
      - gzip, deflate
      CommandName:
      - cosmosdb create
      Connection:
      - keep-alive
      ParameterSetName:
      - -n -g --capabilities
      User-Agent:
      - AZURECLI/2.40.0 (PIP) azsdk-python-mgmt-cosmosdb/8.0.0 Python/3.10.4 (Windows-10-10.0.22621-SP0)
    method: GET
    uri: https://management.azure.com/subscriptions/00000000-0000-0000-0000-000000000000/providers/Microsoft.DocumentDB/locations/westus/operationsStatus/0220ee0c-e3ba-48bd-9247-637074814db6?api-version=2022-08-15
  response:
    body:
      string: '{"status":"Succeeded"}'
    headers:
      cache-control:
      - no-store, no-cache
      content-length:
      - '22'
      content-type:
      - application/json
      date:
      - Tue, 27 Sep 2022 14:05:20 GMT
      pragma:
      - no-cache
      server:
      - Microsoft-HTTPAPI/2.0
      strict-transport-security:
      - max-age=31536000; includeSubDomains
      transfer-encoding:
      - chunked
      vary:
      - Accept-Encoding
      x-content-type-options:
      - nosniff
      x-ms-gatewayversion:
      - version=2.14.0
    status:
      code: 200
      message: Ok
- request:
    body: null
    headers:
      Accept:
      - '*/*'
      Accept-Encoding:
      - gzip, deflate
      CommandName:
      - cosmosdb create
      Connection:
      - keep-alive
      ParameterSetName:
      - -n -g --capabilities
      User-Agent:
      - AZURECLI/2.40.0 (PIP) azsdk-python-mgmt-cosmosdb/8.0.0 Python/3.10.4 (Windows-10-10.0.22621-SP0)
    method: GET
    uri: https://management.azure.com/subscriptions/00000000-0000-0000-0000-000000000000/resourceGroups/cli_test_cosmosdb_cassandra_resource_throughput000001/providers/Microsoft.DocumentDB/databaseAccounts/cli000002?api-version=2022-08-15
  response:
    body:
      string: '{"id":"/subscriptions/00000000-0000-0000-0000-000000000000/resourceGroups/cli_test_cosmosdb_cassandra_resource_throughput000001/providers/Microsoft.DocumentDB/databaseAccounts/cli000002","name":"cli000002","location":"West
        US","type":"Microsoft.DocumentDB/databaseAccounts","kind":"GlobalDocumentDB","tags":{},"systemData":{"createdAt":"2022-09-27T14:04:47.2683015Z"},"properties":{"provisioningState":"Succeeded","documentEndpoint":"https://cli000002.documents.azure.com:443/","cassandraEndpoint":"https://cli000002.cassandra.cosmos.azure.com:443/","publicNetworkAccess":"Enabled","enableAutomaticFailover":false,"enableMultipleWriteLocations":false,"enablePartitionKeyMonitor":false,"isVirtualNetworkFilterEnabled":false,"virtualNetworkRules":[],"EnabledApiTypes":"Cassandra","disableKeyBasedMetadataWriteAccess":false,"enableFreeTier":false,"enableAnalyticalStorage":false,"analyticalStorageConfiguration":{"schemaType":"WellDefined"},"instanceId":"987a2468-3992-4ce2-8eae-6822c6ca8a0a","databaseAccountOfferType":"Standard","enableCassandraConnector":false,"connectorOffer":"","enableFullFidelityChangeFeed":false,"defaultIdentity":"FirstPartyIdentity","networkAclBypass":"None","disableLocalAuth":false,"enablePartitionMerge":false,"consistencyPolicy":{"defaultConsistencyLevel":"Session","maxIntervalInSeconds":5,"maxStalenessPrefix":100},"configurationOverrides":{},"writeLocations":[{"id":"cli000002-westus","locationName":"West
        US","documentEndpoint":"https://cli000002-westus.documents.azure.com:443/","provisioningState":"Succeeded","failoverPriority":0,"isZoneRedundant":false}],"readLocations":[{"id":"cli000002-westus","locationName":"West
        US","documentEndpoint":"https://cli000002-westus.documents.azure.com:443/","provisioningState":"Succeeded","failoverPriority":0,"isZoneRedundant":false}],"locations":[{"id":"cli000002-westus","locationName":"West
        US","documentEndpoint":"https://cli000002-westus.documents.azure.com:443/","provisioningState":"Succeeded","failoverPriority":0,"isZoneRedundant":false}],"failoverPolicies":[{"id":"cli000002-westus","locationName":"West
        US","failoverPriority":0}],"cors":[],"capabilities":[{"name":"EnableCassandra"}],"ipRules":[],"backupPolicy":{"type":"Periodic","periodicModeProperties":{"backupIntervalInMinutes":240,"backupRetentionIntervalInHours":8,"backupStorageRedundancy":"Geo"}},"networkAclBypassResourceIds":[],"keysMetadata":{"primaryMasterKey":{"generationTime":"2022-09-27T14:04:47.2683015Z"},"secondaryMasterKey":{"generationTime":"2022-09-27T14:04:47.2683015Z"},"primaryReadonlyMasterKey":{"generationTime":"2022-09-27T14:04:47.2683015Z"},"secondaryReadonlyMasterKey":{"generationTime":"2022-09-27T14:04:47.2683015Z"}}},"identity":{"type":"None"}}'
    headers:
      cache-control:
      - no-store, no-cache
      content-length:
      - '2714'
      content-type:
      - application/json
      date:
      - Tue, 27 Sep 2022 14:05:21 GMT
      pragma:
      - no-cache
      server:
      - Microsoft-HTTPAPI/2.0
      strict-transport-security:
      - max-age=31536000; includeSubDomains
      transfer-encoding:
      - chunked
      vary:
      - Accept-Encoding
      x-content-type-options:
      - nosniff
      x-ms-gatewayversion:
      - version=2.14.0
    status:
      code: 200
      message: Ok
- request:
    body: null
    headers:
      Accept:
      - application/json
      Accept-Encoding:
      - gzip, deflate
      CommandName:
      - cosmosdb create
      Connection:
      - keep-alive
      ParameterSetName:
      - -n -g --capabilities
      User-Agent:
      - AZURECLI/2.40.0 (PIP) azsdk-python-mgmt-cosmosdb/8.0.0 Python/3.10.4 (Windows-10-10.0.22621-SP0)
    method: GET
    uri: https://management.azure.com/subscriptions/00000000-0000-0000-0000-000000000000/resourceGroups/cli_test_cosmosdb_cassandra_resource_throughput000001/providers/Microsoft.DocumentDB/databaseAccounts/cli000002?api-version=2022-08-15
  response:
    body:
      string: '{"id":"/subscriptions/00000000-0000-0000-0000-000000000000/resourceGroups/cli_test_cosmosdb_cassandra_resource_throughput000001/providers/Microsoft.DocumentDB/databaseAccounts/cli000002","name":"cli000002","location":"West
        US","type":"Microsoft.DocumentDB/databaseAccounts","kind":"GlobalDocumentDB","tags":{},"systemData":{"createdAt":"2022-09-27T14:04:47.2683015Z"},"properties":{"provisioningState":"Succeeded","documentEndpoint":"https://cli000002.documents.azure.com:443/","cassandraEndpoint":"https://cli000002.cassandra.cosmos.azure.com:443/","publicNetworkAccess":"Enabled","enableAutomaticFailover":false,"enableMultipleWriteLocations":false,"enablePartitionKeyMonitor":false,"isVirtualNetworkFilterEnabled":false,"virtualNetworkRules":[],"EnabledApiTypes":"Cassandra","disableKeyBasedMetadataWriteAccess":false,"enableFreeTier":false,"enableAnalyticalStorage":false,"analyticalStorageConfiguration":{"schemaType":"WellDefined"},"instanceId":"987a2468-3992-4ce2-8eae-6822c6ca8a0a","databaseAccountOfferType":"Standard","enableCassandraConnector":false,"connectorOffer":"","enableFullFidelityChangeFeed":false,"defaultIdentity":"FirstPartyIdentity","networkAclBypass":"None","disableLocalAuth":false,"enablePartitionMerge":false,"consistencyPolicy":{"defaultConsistencyLevel":"Session","maxIntervalInSeconds":5,"maxStalenessPrefix":100},"configurationOverrides":{},"writeLocations":[{"id":"cli000002-westus","locationName":"West
        US","documentEndpoint":"https://cli000002-westus.documents.azure.com:443/","provisioningState":"Succeeded","failoverPriority":0,"isZoneRedundant":false}],"readLocations":[{"id":"cli000002-westus","locationName":"West
        US","documentEndpoint":"https://cli000002-westus.documents.azure.com:443/","provisioningState":"Succeeded","failoverPriority":0,"isZoneRedundant":false}],"locations":[{"id":"cli000002-westus","locationName":"West
        US","documentEndpoint":"https://cli000002-westus.documents.azure.com:443/","provisioningState":"Succeeded","failoverPriority":0,"isZoneRedundant":false}],"failoverPolicies":[{"id":"cli000002-westus","locationName":"West
        US","failoverPriority":0}],"cors":[],"capabilities":[{"name":"EnableCassandra"}],"ipRules":[],"backupPolicy":{"type":"Periodic","periodicModeProperties":{"backupIntervalInMinutes":240,"backupRetentionIntervalInHours":8,"backupStorageRedundancy":"Geo"}},"networkAclBypassResourceIds":[],"keysMetadata":{"primaryMasterKey":{"generationTime":"2022-09-27T14:04:47.2683015Z"},"secondaryMasterKey":{"generationTime":"2022-09-27T14:04:47.2683015Z"},"primaryReadonlyMasterKey":{"generationTime":"2022-09-27T14:04:47.2683015Z"},"secondaryReadonlyMasterKey":{"generationTime":"2022-09-27T14:04:47.2683015Z"}}},"identity":{"type":"None"}}'
    headers:
      cache-control:
      - no-store, no-cache
      content-length:
      - '2714'
      content-type:
      - application/json
      date:
      - Tue, 27 Sep 2022 14:05:21 GMT
      pragma:
      - no-cache
      server:
      - Microsoft-HTTPAPI/2.0
      strict-transport-security:
      - max-age=31536000; includeSubDomains
      transfer-encoding:
      - chunked
      vary:
      - Accept-Encoding
      x-content-type-options:
      - nosniff
      x-ms-gatewayversion:
      - version=2.14.0
    status:
      code: 200
      message: Ok
- request:
    body: '{"properties": {"resource": {"id": "cli000003"}, "options": {"throughput":
      1000}}}'
    headers:
      Accept:
      - application/json
      Accept-Encoding:
      - gzip, deflate
      CommandName:
      - cosmosdb cassandra keyspace create
      Connection:
      - keep-alive
      Content-Length:
      - '82'
      Content-Type:
      - application/json
      ParameterSetName:
      - -g -a -n --throughput
      User-Agent:
      - AZURECLI/2.40.0 (PIP) azsdk-python-mgmt-cosmosdb/8.0.0 Python/3.10.4 (Windows-10-10.0.22621-SP0)
    method: PUT
    uri: https://management.azure.com/subscriptions/00000000-0000-0000-0000-000000000000/resourceGroups/cli_test_cosmosdb_cassandra_resource_throughput000001/providers/Microsoft.DocumentDB/databaseAccounts/cli000002/cassandraKeyspaces/cli000003?api-version=2022-08-15
  response:
    body:
      string: '{"status":"Enqueued"}'
    headers:
      azure-asyncoperation:
      - https://management.azure.com/subscriptions/00000000-0000-0000-0000-000000000000/providers/Microsoft.DocumentDB/locations/westus/operationsStatus/bfe35958-724d-4405-86e7-b9c874dcae13?api-version=2022-08-15
      cache-control:
      - no-store, no-cache
      content-length:
      - '21'
      content-type:
      - application/json
      date:
      - Tue, 27 Sep 2022 14:05:22 GMT
      location:
      - https://management.azure.com/subscriptions/00000000-0000-0000-0000-000000000000/resourceGroups/cli_test_cosmosdb_cassandra_resource_throughput000001/providers/Microsoft.DocumentDB/databaseAccounts/cli000002/cassandraKeyspaces/cli000003/operationResults/bfe35958-724d-4405-86e7-b9c874dcae13?api-version=2022-08-15
      pragma:
      - no-cache
      server:
      - Microsoft-HTTPAPI/2.0
      strict-transport-security:
      - max-age=31536000; includeSubDomains
      x-content-type-options:
      - nosniff
      x-ms-gatewayversion:
      - version=2.14.0
      x-ms-ratelimit-remaining-subscription-writes:
      - '1199'
    status:
      code: 202
      message: Accepted
- request:
    body: null
    headers:
      Accept:
      - '*/*'
      Accept-Encoding:
      - gzip, deflate
      CommandName:
      - cosmosdb cassandra keyspace create
      Connection:
      - keep-alive
      ParameterSetName:
      - -g -a -n --throughput
      User-Agent:
      - AZURECLI/2.40.0 (PIP) azsdk-python-mgmt-cosmosdb/8.0.0 Python/3.10.4 (Windows-10-10.0.22621-SP0)
    method: GET
    uri: https://management.azure.com/subscriptions/00000000-0000-0000-0000-000000000000/providers/Microsoft.DocumentDB/locations/westus/operationsStatus/bfe35958-724d-4405-86e7-b9c874dcae13?api-version=2022-08-15
  response:
    body:
      string: '{"status":"Succeeded"}'
    headers:
      cache-control:
      - no-store, no-cache
      content-length:
      - '22'
      content-type:
      - application/json
      date:
      - Tue, 27 Sep 2022 14:05:52 GMT
      pragma:
      - no-cache
      server:
      - Microsoft-HTTPAPI/2.0
      strict-transport-security:
      - max-age=31536000; includeSubDomains
      transfer-encoding:
      - chunked
      vary:
      - Accept-Encoding
      x-content-type-options:
      - nosniff
      x-ms-gatewayversion:
      - version=2.14.0
    status:
      code: 200
      message: Ok
- request:
    body: null
    headers:
      Accept:
      - '*/*'
      Accept-Encoding:
      - gzip, deflate
      CommandName:
      - cosmosdb cassandra keyspace create
      Connection:
      - keep-alive
      ParameterSetName:
      - -g -a -n --throughput
      User-Agent:
      - AZURECLI/2.40.0 (PIP) azsdk-python-mgmt-cosmosdb/8.0.0 Python/3.10.4 (Windows-10-10.0.22621-SP0)
    method: GET
    uri: https://management.azure.com/subscriptions/00000000-0000-0000-0000-000000000000/resourceGroups/cli_test_cosmosdb_cassandra_resource_throughput000001/providers/Microsoft.DocumentDB/databaseAccounts/cli000002/cassandraKeyspaces/cli000003?api-version=2022-08-15
  response:
    body:
      string: '{"id":"/subscriptions/00000000-0000-0000-0000-000000000000/resourceGroups/cli_test_cosmosdb_cassandra_resource_throughput000001/providers/Microsoft.DocumentDB/databaseAccounts/cli000002/cassandraKeyspaces/cli000003","type":"Microsoft.DocumentDB/databaseAccounts/cassandraKeyspaces","name":"cli000003","properties":{"resource":{"id":"cli000003","_rid":"rPgbAA==","_etag":"\"0000d10b-0000-0700-0000-6333032a0000\"","_ts":1664287530}}}'
    headers:
      cache-control:
      - no-store, no-cache
      content-length:
      - '432'
      content-type:
      - application/json
      date:
      - Tue, 27 Sep 2022 14:05:53 GMT
      pragma:
      - no-cache
      server:
      - Microsoft-HTTPAPI/2.0
      strict-transport-security:
      - max-age=31536000; includeSubDomains
      transfer-encoding:
      - chunked
      vary:
      - Accept-Encoding
      x-content-type-options:
      - nosniff
      x-ms-gatewayversion:
      - version=2.14.0
    status:
      code: 200
      message: Ok
- request:
    body: null
    headers:
      Accept:
      - application/json
      Accept-Encoding:
      - gzip, deflate
      CommandName:
      - cosmosdb cassandra keyspace throughput show
      Connection:
      - keep-alive
      ParameterSetName:
      - -g -a -n
      User-Agent:
      - AZURECLI/2.40.0 (PIP) azsdk-python-mgmt-cosmosdb/8.0.0 Python/3.10.4 (Windows-10-10.0.22621-SP0)
    method: GET
    uri: https://management.azure.com/subscriptions/00000000-0000-0000-0000-000000000000/resourceGroups/cli_test_cosmosdb_cassandra_resource_throughput000001/providers/Microsoft.DocumentDB/databaseAccounts/cli000002/cassandraKeyspaces/cli000003/throughputSettings/default?api-version=2022-08-15
  response:
    body:
      string: '{"id":"/subscriptions/00000000-0000-0000-0000-000000000000/resourceGroups/cli_test_cosmosdb_cassandra_resource_throughput000001/providers/Microsoft.DocumentDB/databaseAccounts/cli000002/cassandraKeyspaces/cli000003/throughputSettings/default","type":"Microsoft.DocumentDB/databaseAccounts/cassandraKeyspaces/throughputSettings","name":"pr12","properties":{"resource":{"throughput":1000,"minimumThroughput":"400"}}}'
    headers:
      cache-control:
      - no-store, no-cache
      content-length:
      - '414'
      content-type:
      - application/json
      date:
      - Tue, 27 Sep 2022 14:05:55 GMT
      pragma:
      - no-cache
      server:
      - Microsoft-HTTPAPI/2.0
      strict-transport-security:
      - max-age=31536000; includeSubDomains
      transfer-encoding:
      - chunked
      vary:
      - Accept-Encoding
      x-content-type-options:
      - nosniff
      x-ms-gatewayversion:
      - version=2.14.0
    status:
      code: 200
      message: Ok
- request:
    body: '{"properties": {"resource": {"throughput": 2000}}}'
    headers:
      Accept:
      - application/json
      Accept-Encoding:
      - gzip, deflate
      CommandName:
      - cosmosdb cassandra keyspace throughput update
      Connection:
      - keep-alive
      Content-Length:
      - '50'
      Content-Type:
      - application/json
      ParameterSetName:
      - -g -a -n --throughput
      User-Agent:
      - AZURECLI/2.40.0 (PIP) azsdk-python-mgmt-cosmosdb/8.0.0 Python/3.10.4 (Windows-10-10.0.22621-SP0)
    method: PUT
    uri: https://management.azure.com/subscriptions/00000000-0000-0000-0000-000000000000/resourceGroups/cli_test_cosmosdb_cassandra_resource_throughput000001/providers/Microsoft.DocumentDB/databaseAccounts/cli000002/cassandraKeyspaces/cli000003/throughputSettings/default?api-version=2022-08-15
  response:
    body:
      string: '{"status":"Enqueued"}'
    headers:
      azure-asyncoperation:
      - https://management.azure.com/subscriptions/00000000-0000-0000-0000-000000000000/providers/Microsoft.DocumentDB/locations/westus/operationsStatus/e59c1dfb-c7fd-43fb-bb15-d09a3f5282bb?api-version=2022-08-15
      cache-control:
      - no-store, no-cache
      content-length:
      - '21'
      content-type:
      - application/json
      date:
      - Tue, 27 Sep 2022 14:05:56 GMT
      location:
      - https://management.azure.com/subscriptions/00000000-0000-0000-0000-000000000000/resourceGroups/cli_test_cosmosdb_cassandra_resource_throughput000001/providers/Microsoft.DocumentDB/databaseAccounts/cli000002/cassandraKeyspaces/cli000003/throughputSettings/default/operationResults/e59c1dfb-c7fd-43fb-bb15-d09a3f5282bb?api-version=2022-08-15
      pragma:
      - no-cache
      server:
      - Microsoft-HTTPAPI/2.0
      strict-transport-security:
      - max-age=31536000; includeSubDomains
      x-content-type-options:
      - nosniff
      x-ms-gatewayversion:
      - version=2.14.0
      x-ms-ratelimit-remaining-subscription-writes:
      - '1199'
    status:
      code: 202
      message: Accepted
- request:
    body: null
    headers:
      Accept:
      - '*/*'
      Accept-Encoding:
      - gzip, deflate
      CommandName:
      - cosmosdb cassandra keyspace throughput update
      Connection:
      - keep-alive
      ParameterSetName:
      - -g -a -n --throughput
      User-Agent:
      - AZURECLI/2.40.0 (PIP) azsdk-python-mgmt-cosmosdb/8.0.0 Python/3.10.4 (Windows-10-10.0.22621-SP0)
    method: GET
    uri: https://management.azure.com/subscriptions/00000000-0000-0000-0000-000000000000/providers/Microsoft.DocumentDB/locations/westus/operationsStatus/e59c1dfb-c7fd-43fb-bb15-d09a3f5282bb?api-version=2022-08-15
  response:
    body:
      string: '{"status":"Succeeded"}'
    headers:
      cache-control:
      - no-store, no-cache
      content-length:
      - '22'
      content-type:
      - application/json
      date:
      - Tue, 27 Sep 2022 14:06:26 GMT
      pragma:
      - no-cache
      server:
      - Microsoft-HTTPAPI/2.0
      strict-transport-security:
      - max-age=31536000; includeSubDomains
      transfer-encoding:
      - chunked
      vary:
      - Accept-Encoding
      x-content-type-options:
      - nosniff
      x-ms-gatewayversion:
      - version=2.14.0
    status:
      code: 200
      message: Ok
- request:
    body: null
    headers:
      Accept:
      - '*/*'
      Accept-Encoding:
      - gzip, deflate
      CommandName:
      - cosmosdb cassandra keyspace throughput update
      Connection:
      - keep-alive
      ParameterSetName:
      - -g -a -n --throughput
      User-Agent:
      - AZURECLI/2.40.0 (PIP) azsdk-python-mgmt-cosmosdb/8.0.0 Python/3.10.4 (Windows-10-10.0.22621-SP0)
    method: GET
    uri: https://management.azure.com/subscriptions/00000000-0000-0000-0000-000000000000/resourceGroups/cli_test_cosmosdb_cassandra_resource_throughput000001/providers/Microsoft.DocumentDB/databaseAccounts/cli000002/cassandraKeyspaces/cli000003/throughputSettings/default?api-version=2022-08-15
  response:
    body:
      string: '{"id":"/subscriptions/00000000-0000-0000-0000-000000000000/resourceGroups/cli_test_cosmosdb_cassandra_resource_throughput000001/providers/Microsoft.DocumentDB/databaseAccounts/cli000002/cassandraKeyspaces/cli000003/throughputSettings/default","type":"Microsoft.DocumentDB/databaseAccounts/cassandraKeyspaces/throughputSettings","name":"pr12","properties":{"resource":{"throughput":2000,"minimumThroughput":"400"}}}'
    headers:
      cache-control:
      - no-store, no-cache
      content-length:
      - '414'
      content-type:
      - application/json
      date:
      - Tue, 27 Sep 2022 14:06:27 GMT
      pragma:
      - no-cache
      server:
      - Microsoft-HTTPAPI/2.0
      strict-transport-security:
      - max-age=31536000; includeSubDomains
      transfer-encoding:
      - chunked
      vary:
      - Accept-Encoding
      x-content-type-options:
      - nosniff
      x-ms-gatewayversion:
      - version=2.14.0
    status:
      code: 200
      message: Ok
- request:
    body: '{"properties": {"resource": {"id": "cli000004", "schema": {"columns": [{"name":
      "columnA", "type": "Ascii"}], "partitionKeys": [{"name": "columnA"}]}}, "options":
      {"throughput": 1000}}}'
    headers:
      Accept:
      - application/json
      Accept-Encoding:
      - gzip, deflate
      CommandName:
      - cosmosdb cassandra table create
      Connection:
      - keep-alive
      Content-Length:
      - '185'
      Content-Type:
      - application/json
      ParameterSetName:
      - -g -a -k -n --throughput --schema
      User-Agent:
      - AZURECLI/2.40.0 (PIP) azsdk-python-mgmt-cosmosdb/8.0.0 Python/3.10.4 (Windows-10-10.0.22621-SP0)
    method: PUT
    uri: https://management.azure.com/subscriptions/00000000-0000-0000-0000-000000000000/resourceGroups/cli_test_cosmosdb_cassandra_resource_throughput000001/providers/Microsoft.DocumentDB/databaseAccounts/cli000002/cassandraKeyspaces/cli000003/tables/cli000004?api-version=2022-08-15
  response:
    body:
      string: '{"status":"Enqueued"}'
    headers:
      azure-asyncoperation:
      - https://management.azure.com/subscriptions/00000000-0000-0000-0000-000000000000/providers/Microsoft.DocumentDB/locations/westus/operationsStatus/4a577331-be2c-4c30-ac70-e190cb044048?api-version=2022-08-15
      cache-control:
      - no-store, no-cache
      content-length:
      - '21'
      content-type:
      - application/json
      date:
      - Tue, 27 Sep 2022 14:06:28 GMT
      location:
      - https://management.azure.com/subscriptions/00000000-0000-0000-0000-000000000000/resourceGroups/cli_test_cosmosdb_cassandra_resource_throughput000001/providers/Microsoft.DocumentDB/databaseAccounts/cli000002/cassandraKeyspaces/cli000003/tables/cli000004/operationResults/4a577331-be2c-4c30-ac70-e190cb044048?api-version=2022-08-15
      pragma:
      - no-cache
      server:
      - Microsoft-HTTPAPI/2.0
      strict-transport-security:
      - max-age=31536000; includeSubDomains
      x-content-type-options:
      - nosniff
      x-ms-gatewayversion:
      - version=2.14.0
      x-ms-ratelimit-remaining-subscription-writes:
      - '1199'
    status:
      code: 202
      message: Accepted
- request:
    body: null
    headers:
      Accept:
      - '*/*'
      Accept-Encoding:
      - gzip, deflate
      CommandName:
      - cosmosdb cassandra table create
      Connection:
      - keep-alive
      ParameterSetName:
      - -g -a -k -n --throughput --schema
      User-Agent:
      - AZURECLI/2.40.0 (PIP) azsdk-python-mgmt-cosmosdb/8.0.0 Python/3.10.4 (Windows-10-10.0.22621-SP0)
    method: GET
    uri: https://management.azure.com/subscriptions/00000000-0000-0000-0000-000000000000/providers/Microsoft.DocumentDB/locations/westus/operationsStatus/4a577331-be2c-4c30-ac70-e190cb044048?api-version=2022-08-15
  response:
    body:
      string: '{"status":"Succeeded"}'
    headers:
      cache-control:
      - no-store, no-cache
      content-length:
      - '22'
      content-type:
      - application/json
      date:
      - Tue, 27 Sep 2022 14:06:57 GMT
      pragma:
      - no-cache
      server:
      - Microsoft-HTTPAPI/2.0
      strict-transport-security:
      - max-age=31536000; includeSubDomains
      transfer-encoding:
      - chunked
      vary:
      - Accept-Encoding
      x-content-type-options:
      - nosniff
      x-ms-gatewayversion:
      - version=2.14.0
    status:
      code: 200
      message: Ok
- request:
    body: null
    headers:
      Accept:
      - '*/*'
      Accept-Encoding:
      - gzip, deflate
      CommandName:
      - cosmosdb cassandra table create
      Connection:
      - keep-alive
      ParameterSetName:
      - -g -a -k -n --throughput --schema
      User-Agent:
      - AZURECLI/2.40.0 (PIP) azsdk-python-mgmt-cosmosdb/8.0.0 Python/3.10.4 (Windows-10-10.0.22621-SP0)
    method: GET
    uri: https://management.azure.com/subscriptions/00000000-0000-0000-0000-000000000000/resourceGroups/cli_test_cosmosdb_cassandra_resource_throughput000001/providers/Microsoft.DocumentDB/databaseAccounts/cli000002/cassandraKeyspaces/cli000003/tables/cli000004?api-version=2022-08-15
  response:
    body:
      string: '{"id":"/subscriptions/00000000-0000-0000-0000-000000000000/resourceGroups/cli_test_cosmosdb_cassandra_resource_throughput000001/providers/Microsoft.DocumentDB/databaseAccounts/cli000002/cassandraKeyspaces/cli000003/tables/cli000004","type":"Microsoft.DocumentDB/databaseAccounts/cassandraKeyspaces/tables","name":"cli000004","properties":{"resource":{"id":"cli000004","_rid":"rPgbAJHgZ-k=","_etag":"\"0000d70b-0000-0700-0000-6333036d0000\"","_ts":1664287597,"defaultTtl":0,"schema":{"columns":[{"name":"columnA","type":"ascii"}],"partitionKeys":[{"name":"columnA"}]}}}}'
    headers:
      cache-control:
      - no-store, no-cache
      content-length:
      - '569'
      content-type:
      - application/json
      date:
      - Tue, 27 Sep 2022 14:06:58 GMT
      pragma:
      - no-cache
      server:
      - Microsoft-HTTPAPI/2.0
      strict-transport-security:
      - max-age=31536000; includeSubDomains
      transfer-encoding:
      - chunked
      vary:
      - Accept-Encoding
      x-content-type-options:
      - nosniff
      x-ms-gatewayversion:
      - version=2.14.0
    status:
      code: 200
      message: Ok
- request:
    body: null
    headers:
      Accept:
      - application/json
      Accept-Encoding:
      - gzip, deflate
      CommandName:
      - cosmosdb cassandra table throughput show
      Connection:
      - keep-alive
      ParameterSetName:
      - -g -a -k -n
      User-Agent:
      - AZURECLI/2.40.0 (PIP) azsdk-python-mgmt-cosmosdb/8.0.0 Python/3.10.4 (Windows-10-10.0.22621-SP0)
    method: GET
    uri: https://management.azure.com/subscriptions/00000000-0000-0000-0000-000000000000/resourceGroups/cli_test_cosmosdb_cassandra_resource_throughput000001/providers/Microsoft.DocumentDB/databaseAccounts/cli000002/cassandraKeyspaces/cli000003/tables/cli000004/throughputSettings/default?api-version=2022-08-15
  response:
    body:
      string: '{"id":"/subscriptions/00000000-0000-0000-0000-000000000000/resourceGroups/cli_test_cosmosdb_cassandra_resource_throughput000001/providers/Microsoft.DocumentDB/databaseAccounts/cli000002/cassandraKeyspaces/cli000003/tables/cli000004/throughputSettings/default","type":"Microsoft.DocumentDB/databaseAccounts/cassandraKeyspaces/tables/throughputSettings","name":"5+h3","properties":{"resource":{"throughput":1000,"minimumThroughput":"400"}}}'
    headers:
      cache-control:
      - no-store, no-cache
      content-length:
      - '438'
      content-type:
      - application/json
      date:
      - Tue, 27 Sep 2022 14:06:58 GMT
      pragma:
      - no-cache
      server:
      - Microsoft-HTTPAPI/2.0
      strict-transport-security:
      - max-age=31536000; includeSubDomains
      transfer-encoding:
      - chunked
      vary:
      - Accept-Encoding
      x-content-type-options:
      - nosniff
      x-ms-gatewayversion:
      - version=2.14.0
    status:
      code: 200
      message: Ok
- request:
    body: '{"properties": {"resource": {"throughput": 2000}}}'
    headers:
      Accept:
      - application/json
      Accept-Encoding:
      - gzip, deflate
      CommandName:
      - cosmosdb cassandra table throughput update
      Connection:
      - keep-alive
      Content-Length:
      - '50'
      Content-Type:
      - application/json
      ParameterSetName:
      - -g -a -k -n --throughput
      User-Agent:
      - AZURECLI/2.40.0 (PIP) azsdk-python-mgmt-cosmosdb/8.0.0 Python/3.10.4 (Windows-10-10.0.22621-SP0)
    method: PUT
    uri: https://management.azure.com/subscriptions/00000000-0000-0000-0000-000000000000/resourceGroups/cli_test_cosmosdb_cassandra_resource_throughput000001/providers/Microsoft.DocumentDB/databaseAccounts/cli000002/cassandraKeyspaces/cli000003/tables/cli000004/throughputSettings/default?api-version=2022-08-15
  response:
    body:
      string: '{"error":{"code":"MultipleErrorsOccurred","message":"Multiple error
        occurred: . Please see details.","details":[{"code":"InternalServerError","message":"Encountered
        internal server error. Diagnostic information: timestamp ''20220927T140822Z'',
        subscription id ''220fc532-6091-423c-8ba0-66c2397d591b'', tracking id ''8ea15c89-fdde-461a-b7f9-40a83480097b'',
        request correlation id ''8ea15c89-fdde-461a-b7f9-40a83480097b''."},{"code":"InternalServerError","message":"Encountered
        internal server error. Diagnostic information: timestamp ''20220927T140822Z'',
        subscription id ''220fc532-6091-423c-8ba0-66c2397d591b'', tracking id ''8ea15c89-fdde-461a-b7f9-40a83480097b'',
        request correlation id ''8ea15c89-fdde-461a-b7f9-40a83480097b''."},{"code":"InternalServerError","message":"Encountered
        internal server error. Diagnostic information: timestamp ''20220927T140822Z'',
        subscription id ''220fc532-6091-423c-8ba0-66c2397d591b'', tracking id ''8ea15c89-fdde-461a-b7f9-40a83480097b'',
        request correlation id ''8ea15c89-fdde-461a-b7f9-40a83480097b''."},{"code":"InternalServerError","message":"Encountered
        internal server error. Diagnostic information: timestamp ''20220927T140822Z'',
        subscription id ''220fc532-6091-423c-8ba0-66c2397d591b'', tracking id ''8ea15c89-fdde-461a-b7f9-40a83480097b'',
        request correlation id ''8ea15c89-fdde-461a-b7f9-40a83480097b''."},{"code":"InternalServerError","message":"Encountered
        internal server error. Diagnostic information: timestamp ''20220927T140822Z'',
        subscription id ''220fc532-6091-423c-8ba0-66c2397d591b'', tracking id ''8ea15c89-fdde-461a-b7f9-40a83480097b'',
        request correlation id ''8ea15c89-fdde-461a-b7f9-40a83480097b''."}]}}'
    headers:
      cache-control:
      - no-cache
      connection:
      - close
      content-length:
      - '1629'
      content-type:
      - application/json; charset=utf-8
      date:
      - Tue, 27 Sep 2022 14:08:21 GMT
      expires:
      - '-1'
      pragma:
      - no-cache
      strict-transport-security:
      - max-age=31536000; includeSubDomains
      x-content-type-options:
      - nosniff
      x-ms-failure-cause:
      - gateway
    status:
      code: 500
      message: Internal Server Error
- request:
    body: '{"properties": {"resource": {"throughput": 2000}}}'
    headers:
      Accept:
      - application/json
      Accept-Encoding:
      - gzip, deflate
      CommandName:
      - cosmosdb cassandra table throughput update
      Connection:
      - keep-alive
      Content-Length:
      - '50'
      Content-Type:
      - application/json
      ParameterSetName:
      - -g -a -k -n --throughput
      User-Agent:
      - AZURECLI/2.40.0 (PIP) azsdk-python-mgmt-cosmosdb/8.0.0 Python/3.10.4 (Windows-10-10.0.22621-SP0)
    method: PUT
    uri: https://management.azure.com/subscriptions/00000000-0000-0000-0000-000000000000/resourceGroups/cli_test_cosmosdb_cassandra_resource_throughput000001/providers/Microsoft.DocumentDB/databaseAccounts/cli000002/cassandraKeyspaces/cli000003/tables/cli000004/throughputSettings/default?api-version=2022-08-15
  response:
    body:
      string: '{"status":"Enqueued"}'
    headers:
      azure-asyncoperation:
      - https://management.azure.com/subscriptions/00000000-0000-0000-0000-000000000000/providers/Microsoft.DocumentDB/locations/westus/operationsStatus/2f9c22d8-24d5-45c4-9d5c-468c779244ce?api-version=2022-08-15
      cache-control:
      - no-store, no-cache
      content-length:
      - '21'
      content-type:
      - application/json
      date:
      - Tue, 27 Sep 2022 14:08:22 GMT
      location:
      - https://management.azure.com/subscriptions/00000000-0000-0000-0000-000000000000/resourceGroups/cli_test_cosmosdb_cassandra_resource_throughput000001/providers/Microsoft.DocumentDB/databaseAccounts/cli000002/cassandraKeyspaces/cli000003/tables/cli000004/throughputSettings/default/operationResults/2f9c22d8-24d5-45c4-9d5c-468c779244ce?api-version=2022-08-15
      pragma:
      - no-cache
      server:
      - Microsoft-HTTPAPI/2.0
      strict-transport-security:
      - max-age=31536000; includeSubDomains
      x-content-type-options:
      - nosniff
      x-ms-gatewayversion:
      - version=2.14.0
      x-ms-ratelimit-remaining-subscription-writes:
      - '1199'
    status:
      code: 202
      message: Accepted
- request:
    body: null
    headers:
      Accept:
      - '*/*'
      Accept-Encoding:
      - gzip, deflate
      CommandName:
      - cosmosdb cassandra table throughput update
      Connection:
      - keep-alive
      ParameterSetName:
      - -g -a -k -n --throughput
      User-Agent:
      - AZURECLI/2.40.0 (PIP) azsdk-python-mgmt-cosmosdb/8.0.0 Python/3.10.4 (Windows-10-10.0.22621-SP0)
    method: GET
    uri: https://management.azure.com/subscriptions/00000000-0000-0000-0000-000000000000/providers/Microsoft.DocumentDB/locations/westus/operationsStatus/2f9c22d8-24d5-45c4-9d5c-468c779244ce?api-version=2022-08-15
  response:
    body:
      string: '{"status":"Succeeded"}'
    headers:
      cache-control:
      - no-store, no-cache
      content-length:
      - '22'
      content-type:
      - application/json
      date:
      - Tue, 27 Sep 2022 14:08:52 GMT
      pragma:
      - no-cache
      server:
      - Microsoft-HTTPAPI/2.0
      strict-transport-security:
      - max-age=31536000; includeSubDomains
      transfer-encoding:
      - chunked
      vary:
      - Accept-Encoding
      x-content-type-options:
      - nosniff
      x-ms-gatewayversion:
      - version=2.14.0
    status:
      code: 200
      message: Ok
- request:
    body: null
    headers:
      Accept:
      - '*/*'
      Accept-Encoding:
      - gzip, deflate
      CommandName:
      - cosmosdb cassandra table throughput update
      Connection:
      - keep-alive
      ParameterSetName:
      - -g -a -k -n --throughput
      User-Agent:
      - AZURECLI/2.40.0 (PIP) azsdk-python-mgmt-cosmosdb/8.0.0 Python/3.10.4 (Windows-10-10.0.22621-SP0)
    method: GET
    uri: https://management.azure.com/subscriptions/00000000-0000-0000-0000-000000000000/resourceGroups/cli_test_cosmosdb_cassandra_resource_throughput000001/providers/Microsoft.DocumentDB/databaseAccounts/cli000002/cassandraKeyspaces/cli000003/tables/cli000004/throughputSettings/default?api-version=2022-08-15
  response:
    body:
      string: '{"id":"/subscriptions/00000000-0000-0000-0000-000000000000/resourceGroups/cli_test_cosmosdb_cassandra_resource_throughput000001/providers/Microsoft.DocumentDB/databaseAccounts/cli000002/cassandraKeyspaces/cli000003/tables/cli000004/throughputSettings/default","type":"Microsoft.DocumentDB/databaseAccounts/cassandraKeyspaces/tables/throughputSettings","name":"5+h3","properties":{"resource":{"throughput":2000,"minimumThroughput":"400"}}}'
    headers:
      cache-control:
      - no-store, no-cache
      content-length:
      - '438'
      content-type:
      - application/json
      date:
      - Tue, 27 Sep 2022 14:08:53 GMT
      pragma:
      - no-cache
      server:
      - Microsoft-HTTPAPI/2.0
      strict-transport-security:
      - max-age=31536000; includeSubDomains
      transfer-encoding:
      - chunked
      vary:
      - Accept-Encoding
      x-content-type-options:
      - nosniff
      x-ms-gatewayversion:
      - version=2.14.0
    status:
      code: 200
      message: Ok
version: 1
