interactions:
- request:
    body: '{"location": "westus", "tags": {"product": "azurecli", "cause": "automation",
      "date": "2019-04-19T22:09:32Z"}}'
    headers:
      Accept:
      - application/json
      Accept-Encoding:
      - gzip, deflate
      CommandName:
      - group create
      Connection:
      - keep-alive
      Content-Length:
      - '110'
      Content-Type:
      - application/json; charset=utf-8
      ParameterSetName:
      - --location --name --tag
      User-Agent:
      - python/3.7.3 (Windows-10-10.0.17763-SP0) msrest/0.6.6 msrest_azure/0.6.0 resourcemanagementclient/2.1.0
        Azure-SDK-For-Python AZURECLI/2.0.62
      accept-language:
      - en-US
    method: PUT
    uri: https://management.azure.com/subscriptions/00000000-0000-0000-0000-000000000000/resourcegroups/cli_test_cosmosdb_account000001?api-version=2018-05-01
  response:
    body:
      string: '{"id":"/subscriptions/00000000-0000-0000-0000-000000000000/resourceGroups/cli_test_cosmosdb_account000001","name":"cli_test_cosmosdb_account000001","location":"westus","tags":{"product":"azurecli","cause":"automation","date":"2019-04-19T22:09:32Z"},"properties":{"provisioningState":"Succeeded"}}'
    headers:
      cache-control:
      - no-cache
      content-length:
      - '384'
      content-type:
      - application/json; charset=utf-8
      date:
      - Fri, 19 Apr 2019 22:09:34 GMT
      expires:
      - '-1'
      pragma:
      - no-cache
      strict-transport-security:
      - max-age=31536000; includeSubDomains
      x-content-type-options:
      - nosniff
      x-ms-ratelimit-remaining-subscription-writes:
      - '1199'
    status:
      code: 201
      message: Created
- request:
    body: null
    headers:
      Accept:
      - application/json
      Accept-Encoding:
      - gzip, deflate
      CommandName:
      - network vnet create
      Connection:
      - keep-alive
      ParameterSetName:
      - --name --resource-group --subnet-name
      User-Agent:
      - python/3.7.3 (Windows-10-10.0.17763-SP0) msrest/0.6.6 msrest_azure/0.6.0 resourcemanagementclient/2.1.0
        Azure-SDK-For-Python AZURECLI/2.0.62
      accept-language:
      - en-US
    method: GET
    uri: https://management.azure.com/subscriptions/00000000-0000-0000-0000-000000000000/resourcegroups/cli_test_cosmosdb_account000001?api-version=2018-05-01
  response:
    body:
      string: '{"id":"/subscriptions/00000000-0000-0000-0000-000000000000/resourceGroups/cli_test_cosmosdb_account000001","name":"cli_test_cosmosdb_account000001","location":"westus","tags":{"product":"azurecli","cause":"automation","date":"2019-04-19T22:09:32Z"},"properties":{"provisioningState":"Succeeded"}}'
    headers:
      cache-control:
      - no-cache
      content-length:
      - '384'
      content-type:
      - application/json; charset=utf-8
      date:
      - Fri, 19 Apr 2019 22:09:35 GMT
      expires:
      - '-1'
      pragma:
      - no-cache
      strict-transport-security:
      - max-age=31536000; includeSubDomains
      vary:
      - Accept-Encoding
      x-content-type-options:
      - nosniff
    status:
      code: 200
      message: OK
- request:
    body: 'b''{"location": "westus", "tags": {}, "properties": {"addressSpace": {"addressPrefixes":
      ["10.0.0.0/16"]}, "dhcpOptions": {}, "subnets": [{"properties": {"addressPrefix":
      "10.0.0.0/24"}, "name": "cli000004"}]}}'''
    headers:
      Accept:
      - application/json
      Accept-Encoding:
      - gzip, deflate
      CommandName:
      - network vnet create
      Connection:
      - keep-alive
      Content-Length:
      - '238'
      Content-Type:
      - application/json; charset=utf-8
      ParameterSetName:
      - --name --resource-group --subnet-name
      User-Agent:
      - python/3.7.3 (Windows-10-10.0.17763-SP0) msrest/0.6.6 msrest_azure/0.6.0 networkmanagementclient/2.6.0
        Azure-SDK-For-Python AZURECLI/2.0.62
      accept-language:
      - en-US
    method: PUT
    uri: https://management.azure.com/subscriptions/00000000-0000-0000-0000-000000000000/resourceGroups/cli_test_cosmosdb_account000001/providers/Microsoft.Network/virtualNetworks/cli000003?api-version=2019-02-01
  response:
    body:
      string: "{\r\n  \"name\": \"cli000003\",\r\n  \"id\": \"/subscriptions/00000000-0000-0000-0000-000000000000/resourceGroups/cli_test_cosmosdb_account000001/providers/Microsoft.Network/virtualNetworks/cli000003\",\r\n
        \ \"etag\": \"W/\\\"52ffa5c7-9955-4336-b31d-536319e30cf0\\\"\",\r\n  \"type\":
        \"Microsoft.Network/virtualNetworks\",\r\n  \"location\": \"westus\",\r\n
        \ \"tags\": {},\r\n  \"properties\": {\r\n    \"provisioningState\": \"Updating\",\r\n
        \   \"resourceGuid\": \"587ee582-8fd7-449a-995f-8f4a8efefdd6\",\r\n    \"addressSpace\":
        {\r\n      \"addressPrefixes\": [\r\n        \"10.0.0.0/16\"\r\n      ]\r\n
        \   },\r\n    \"dhcpOptions\": {\r\n      \"dnsServers\": []\r\n    },\r\n
        \   \"subnets\": [\r\n      {\r\n        \"name\": \"cli000004\",\r\n        \"id\":
        \"/subscriptions/00000000-0000-0000-0000-000000000000/resourceGroups/cli_test_cosmosdb_account000001/providers/Microsoft.Network/virtualNetworks/cli000003/subnets/cli000004\",\r\n
        \       \"etag\": \"W/\\\"52ffa5c7-9955-4336-b31d-536319e30cf0\\\"\",\r\n
        \       \"properties\": {\r\n          \"provisioningState\": \"Updating\",\r\n
        \         \"addressPrefix\": \"10.0.0.0/24\",\r\n          \"delegations\":
        []\r\n        },\r\n        \"type\": \"Microsoft.Network/virtualNetworks/subnets\"\r\n
        \     }\r\n    ],\r\n    \"virtualNetworkPeerings\": [],\r\n    \"enableDdosProtection\":
        false,\r\n    \"enableVmProtection\": false\r\n  }\r\n}"
    headers:
      azure-asyncoperation:
      - https://management.azure.com/subscriptions/00000000-0000-0000-0000-000000000000/providers/Microsoft.Network/locations/westus/operations/dc25216d-58c7-46f5-a399-00492e8d533c?api-version=2019-02-01
      cache-control:
      - no-cache
      content-length:
      - '1493'
      content-type:
      - application/json; charset=utf-8
      date:
      - Fri, 19 Apr 2019 22:09:36 GMT
      expires:
      - '-1'
      pragma:
      - no-cache
      server:
      - Microsoft-HTTPAPI/2.0
      - Microsoft-HTTPAPI/2.0
      strict-transport-security:
      - max-age=31536000; includeSubDomains
      x-content-type-options:
      - nosniff
      x-ms-ratelimit-remaining-subscription-writes:
      - '1199'
    status:
      code: 201
      message: Created
- request:
    body: null
    headers:
      Accept:
      - application/json
      Accept-Encoding:
      - gzip, deflate
      CommandName:
      - network vnet create
      Connection:
      - keep-alive
      ParameterSetName:
      - --name --resource-group --subnet-name
      User-Agent:
      - python/3.7.3 (Windows-10-10.0.17763-SP0) msrest/0.6.6 msrest_azure/0.6.0 networkmanagementclient/2.6.0
        Azure-SDK-For-Python AZURECLI/2.0.62
    method: GET
    uri: https://management.azure.com/subscriptions/00000000-0000-0000-0000-000000000000/providers/Microsoft.Network/locations/westus/operations/dc25216d-58c7-46f5-a399-00492e8d533c?api-version=2019-02-01
  response:
    body:
      string: "{\r\n  \"status\": \"Succeeded\"\r\n}"
    headers:
      cache-control:
      - no-cache
      content-length:
      - '29'
      content-type:
      - application/json; charset=utf-8
      date:
      - Fri, 19 Apr 2019 22:09:40 GMT
      expires:
      - '-1'
      pragma:
      - no-cache
      server:
      - Microsoft-HTTPAPI/2.0
      - Microsoft-HTTPAPI/2.0
      strict-transport-security:
      - max-age=31536000; includeSubDomains
      transfer-encoding:
      - chunked
      vary:
      - Accept-Encoding
      x-content-type-options:
      - nosniff
    status:
      code: 200
      message: OK
- request:
    body: null
    headers:
      Accept:
      - application/json
      Accept-Encoding:
      - gzip, deflate
      CommandName:
      - network vnet create
      Connection:
      - keep-alive
      ParameterSetName:
      - --name --resource-group --subnet-name
      User-Agent:
      - python/3.7.3 (Windows-10-10.0.17763-SP0) msrest/0.6.6 msrest_azure/0.6.0 networkmanagementclient/2.6.0
        Azure-SDK-For-Python AZURECLI/2.0.62
    method: GET
    uri: https://management.azure.com/subscriptions/00000000-0000-0000-0000-000000000000/resourceGroups/cli_test_cosmosdb_account000001/providers/Microsoft.Network/virtualNetworks/cli000003?api-version=2019-02-01
  response:
    body:
      string: "{\r\n  \"name\": \"cli000003\",\r\n  \"id\": \"/subscriptions/00000000-0000-0000-0000-000000000000/resourceGroups/cli_test_cosmosdb_account000001/providers/Microsoft.Network/virtualNetworks/cli000003\",\r\n
        \ \"etag\": \"W/\\\"16b54ea3-c8d0-454f-b50d-df849e5cd622\\\"\",\r\n  \"type\":
        \"Microsoft.Network/virtualNetworks\",\r\n  \"location\": \"westus\",\r\n
        \ \"tags\": {},\r\n  \"properties\": {\r\n    \"provisioningState\": \"Succeeded\",\r\n
        \   \"resourceGuid\": \"587ee582-8fd7-449a-995f-8f4a8efefdd6\",\r\n    \"addressSpace\":
        {\r\n      \"addressPrefixes\": [\r\n        \"10.0.0.0/16\"\r\n      ]\r\n
        \   },\r\n    \"dhcpOptions\": {\r\n      \"dnsServers\": []\r\n    },\r\n
        \   \"subnets\": [\r\n      {\r\n        \"name\": \"cli000004\",\r\n        \"id\":
        \"/subscriptions/00000000-0000-0000-0000-000000000000/resourceGroups/cli_test_cosmosdb_account000001/providers/Microsoft.Network/virtualNetworks/cli000003/subnets/cli000004\",\r\n
        \       \"etag\": \"W/\\\"16b54ea3-c8d0-454f-b50d-df849e5cd622\\\"\",\r\n
        \       \"properties\": {\r\n          \"provisioningState\": \"Succeeded\",\r\n
        \         \"addressPrefix\": \"10.0.0.0/24\",\r\n          \"delegations\":
        []\r\n        },\r\n        \"type\": \"Microsoft.Network/virtualNetworks/subnets\"\r\n
        \     }\r\n    ],\r\n    \"virtualNetworkPeerings\": [],\r\n    \"enableDdosProtection\":
        false,\r\n    \"enableVmProtection\": false\r\n  }\r\n}"
    headers:
      cache-control:
      - no-cache
      content-length:
      - '1495'
      content-type:
      - application/json; charset=utf-8
      date:
      - Fri, 19 Apr 2019 22:09:41 GMT
      etag:
      - W/"16b54ea3-c8d0-454f-b50d-df849e5cd622"
      expires:
      - '-1'
      pragma:
      - no-cache
      server:
      - Microsoft-HTTPAPI/2.0
      - Microsoft-HTTPAPI/2.0
      strict-transport-security:
      - max-age=31536000; includeSubDomains
      transfer-encoding:
      - chunked
      vary:
      - Accept-Encoding
      x-content-type-options:
      - nosniff
    status:
      code: 200
      message: OK
- request:
    body: null
    headers:
      Accept:
      - application/json
      Accept-Encoding:
      - gzip, deflate
      CommandName:
      - cosmosdb create
      Connection:
      - keep-alive
      ParameterSetName:
      - -n -g --enable-virtual-network
      User-Agent:
      - python/3.7.3 (Windows-10-10.0.17763-SP0) msrest/0.6.6 msrest_azure/0.6.0 resourcemanagementclient/2.1.0
        Azure-SDK-For-Python AZURECLI/2.0.62
      accept-language:
      - en-US
    method: GET
    uri: https://management.azure.com/subscriptions/00000000-0000-0000-0000-000000000000/resourcegroups/cli_test_cosmosdb_account000001?api-version=2018-05-01
  response:
    body:
      string: '{"id":"/subscriptions/00000000-0000-0000-0000-000000000000/resourceGroups/cli_test_cosmosdb_account000001","name":"cli_test_cosmosdb_account000001","location":"westus","tags":{"product":"azurecli","cause":"automation","date":"2019-04-19T22:09:32Z"},"properties":{"provisioningState":"Succeeded"}}'
    headers:
      cache-control:
      - no-cache
      content-length:
      - '384'
      content-type:
      - application/json; charset=utf-8
      date:
      - Fri, 19 Apr 2019 22:09:41 GMT
      expires:
      - '-1'
      pragma:
      - no-cache
      strict-transport-security:
      - max-age=31536000; includeSubDomains
      vary:
      - Accept-Encoding
      x-content-type-options:
      - nosniff
    status:
      code: 200
      message: OK
- request:
    body: '{"location": "westus", "kind": "GlobalDocumentDB", "properties": {"locations":
      [{"locationName": "westus", "failoverPriority": 0}], "databaseAccountOfferType":
      "Standard", "isVirtualNetworkFilterEnabled": true}}'
    headers:
      Accept:
      - application/json
      Accept-Encoding:
      - gzip, deflate
      CommandName:
      - cosmosdb create
      Connection:
      - keep-alive
      Content-Length:
      - '211'
      Content-Type:
      - application/json; charset=utf-8
      ParameterSetName:
      - -n -g --enable-virtual-network
      User-Agent:
      - python/3.7.3 (Windows-10-10.0.17763-SP0) msrest/0.6.6 msrest_azure/0.6.0 azure-mgmt-cosmosdb/0.5.2
        Azure-SDK-For-Python AZURECLI/2.0.62
      accept-language:
      - en-US
    method: PUT
    uri: https://management.azure.com/subscriptions/00000000-0000-0000-0000-000000000000/resourceGroups/cli_test_cosmosdb_account000001/providers/Microsoft.DocumentDB/databaseAccounts/cli000002?api-version=2015-04-08
  response:
    body:
      string: '{"id":"/subscriptions/00000000-0000-0000-0000-000000000000/resourceGroups/cli_test_cosmosdb_account000001/providers/Microsoft.DocumentDB/databaseAccounts/cli000002","name":"cli000002","location":"West
        US","type":"Microsoft.DocumentDB/databaseAccounts","kind":"GlobalDocumentDB","tags":{},"properties":{"provisioningState":"Initializing","ipRangeFilter":"","enableAutomaticFailover":false,"enableMultipleWriteLocations":false,"isVirtualNetworkFilterEnabled":true,"virtualNetworkRules":[],"EnabledApiTypes":"Sql","databaseAccountOfferType":"Standard","consistencyPolicy":{"defaultConsistencyLevel":"Session","maxIntervalInSeconds":5,"maxStalenessPrefix":100},"configurationOverrides":{},"writeLocations":[{"id":"cli000002-westus","locationName":"West
        US","provisioningState":"Initializing","failoverPriority":0}],"readLocations":[{"id":"cli000002-westus","locationName":"West
        US","provisioningState":"Initializing","failoverPriority":0}],"locations":[{"id":"cli000002-westus","locationName":"West
        US","provisioningState":"Initializing","failoverPriority":0}],"failoverPolicies":[{"id":"cli000002-westus","locationName":"West
        US","failoverPriority":0}],"cors":[],"capabilities":[]}}'
    headers:
      cache-control:
      - no-store, no-cache
      content-length:
      - '1409'
      content-location:
      - https://management.documents.azure.com:450/subscriptions/c9cbd920-c00c-427c-852b-8aaf38badaeb/resourceGroups/cli_test_cosmosdb_accountbzru5rwva2vfamxtxukdozvipclxttvgfkjjhju5u5idydkjhq/providers/Microsoft.DocumentDB/databaseAccounts/clivnk7vgwl2tsvh62kri4eu6yzkay2qyeu6c2f7?api-version=2015-04-08
      content-type:
      - application/json
      date:
      - Fri, 19 Apr 2019 22:09:43 GMT
      location:
      - https://management.azure.com/subscriptions/00000000-0000-0000-0000-000000000000/resourceGroups/cli_test_cosmosdb_account000001/providers/Microsoft.DocumentDB/databaseAccounts/cli000002/operationResults/524dc0d0-a0a2-46fa-9613-4526b0a9a349?api-version=2015-04-08
      pragma:
      - no-cache
      server:
      - Microsoft-HTTPAPI/2.0
      strict-transport-security:
      - max-age=31536000; includeSubDomains
      transfer-encoding:
      - chunked
      vary:
      - Accept-Encoding
      x-content-type-options:
      - nosniff
      x-ms-gatewayversion:
      - version=2.2.0.0
      x-ms-ratelimit-remaining-subscription-writes:
      - '1198'
    status:
      code: 200
      message: Ok
- request:
    body: null
    headers:
      Accept:
      - application/json
      Accept-Encoding:
      - gzip, deflate
      CommandName:
      - cosmosdb create
      Connection:
      - keep-alive
      ParameterSetName:
      - -n -g --enable-virtual-network
      User-Agent:
      - python/3.7.3 (Windows-10-10.0.17763-SP0) msrest/0.6.6 msrest_azure/0.6.0 azure-mgmt-cosmosdb/0.5.2
        Azure-SDK-For-Python AZURECLI/2.0.62
    method: GET
    uri: https://management.azure.com/subscriptions/00000000-0000-0000-0000-000000000000/resourceGroups/cli_test_cosmosdb_account000001/providers/Microsoft.DocumentDB/databaseAccounts/cli000002/operationResults/524dc0d0-a0a2-46fa-9613-4526b0a9a349?api-version=2015-04-08
  response:
    body:
      string: '{"status":"Dequeued","error":{}}'
    headers:
      cache-control:
      - no-store, no-cache
      content-length:
      - '32'
      content-location:
      - https://management.documents.azure.com:450/subscriptions/c9cbd920-c00c-427c-852b-8aaf38badaeb/resourceGroups/cli_test_cosmosdb_accountbzru5rwva2vfamxtxukdozvipclxttvgfkjjhju5u5idydkjhq/providers/Microsoft.DocumentDB/databaseAccounts/clivnk7vgwl2tsvh62kri4eu6yzkay2qyeu6c2f7/operationResults/524dc0d0-a0a2-46fa-9613-4526b0a9a349?api-version=2015-04-08
      content-type:
      - application/json
      date:
      - Fri, 19 Apr 2019 22:10:13 GMT
      location:
      - https://management.azure.com/subscriptions/00000000-0000-0000-0000-000000000000/resourceGroups/cli_test_cosmosdb_account000001/providers/Microsoft.DocumentDB/databaseAccounts/cli000002/operationResults/524dc0d0-a0a2-46fa-9613-4526b0a9a349?api-version=2015-04-08
      pragma:
      - no-cache
      server:
      - Microsoft-HTTPAPI/2.0
      strict-transport-security:
      - max-age=31536000; includeSubDomains
      x-content-type-options:
      - nosniff
      x-ms-gatewayversion:
      - version=2.2.0.0
    status:
      code: 202
      message: Accepted
- request:
    body: null
    headers:
      Accept:
      - application/json
      Accept-Encoding:
      - gzip, deflate
      CommandName:
      - cosmosdb create
      Connection:
      - keep-alive
      ParameterSetName:
      - -n -g --enable-virtual-network
      User-Agent:
      - python/3.7.3 (Windows-10-10.0.17763-SP0) msrest/0.6.6 msrest_azure/0.6.0 azure-mgmt-cosmosdb/0.5.2
        Azure-SDK-For-Python AZURECLI/2.0.62
    method: GET
    uri: https://management.azure.com/subscriptions/00000000-0000-0000-0000-000000000000/resourceGroups/cli_test_cosmosdb_account000001/providers/Microsoft.DocumentDB/databaseAccounts/cli000002/operationResults/524dc0d0-a0a2-46fa-9613-4526b0a9a349?api-version=2015-04-08
  response:
    body:
      string: '{"status":"Dequeued","error":{}}'
    headers:
      cache-control:
      - no-store, no-cache
      content-length:
      - '32'
      content-location:
      - https://management.documents.azure.com:450/subscriptions/c9cbd920-c00c-427c-852b-8aaf38badaeb/resourceGroups/cli_test_cosmosdb_accountbzru5rwva2vfamxtxukdozvipclxttvgfkjjhju5u5idydkjhq/providers/Microsoft.DocumentDB/databaseAccounts/clivnk7vgwl2tsvh62kri4eu6yzkay2qyeu6c2f7/operationResults/524dc0d0-a0a2-46fa-9613-4526b0a9a349?api-version=2015-04-08
      content-type:
      - application/json
      date:
      - Fri, 19 Apr 2019 22:10:44 GMT
      location:
      - https://management.azure.com/subscriptions/00000000-0000-0000-0000-000000000000/resourceGroups/cli_test_cosmosdb_account000001/providers/Microsoft.DocumentDB/databaseAccounts/cli000002/operationResults/524dc0d0-a0a2-46fa-9613-4526b0a9a349?api-version=2015-04-08
      pragma:
      - no-cache
      server:
      - Microsoft-HTTPAPI/2.0
      strict-transport-security:
      - max-age=31536000; includeSubDomains
      x-content-type-options:
      - nosniff
      x-ms-gatewayversion:
      - version=2.2.0.0
    status:
      code: 202
      message: Accepted
- request:
    body: null
    headers:
      Accept:
      - application/json
      Accept-Encoding:
      - gzip, deflate
      CommandName:
      - cosmosdb create
      Connection:
      - keep-alive
      ParameterSetName:
      - -n -g --enable-virtual-network
      User-Agent:
      - python/3.7.3 (Windows-10-10.0.17763-SP0) msrest/0.6.6 msrest_azure/0.6.0 azure-mgmt-cosmosdb/0.5.2
        Azure-SDK-For-Python AZURECLI/2.0.62
    method: GET
    uri: https://management.azure.com/subscriptions/00000000-0000-0000-0000-000000000000/resourceGroups/cli_test_cosmosdb_account000001/providers/Microsoft.DocumentDB/databaseAccounts/cli000002/operationResults/524dc0d0-a0a2-46fa-9613-4526b0a9a349?api-version=2015-04-08
  response:
    body:
      string: '{"status":"Dequeued","error":{}}'
    headers:
      cache-control:
      - no-store, no-cache
      content-length:
      - '32'
      content-location:
      - https://management.documents.azure.com:450/subscriptions/c9cbd920-c00c-427c-852b-8aaf38badaeb/resourceGroups/cli_test_cosmosdb_accountbzru5rwva2vfamxtxukdozvipclxttvgfkjjhju5u5idydkjhq/providers/Microsoft.DocumentDB/databaseAccounts/clivnk7vgwl2tsvh62kri4eu6yzkay2qyeu6c2f7/operationResults/524dc0d0-a0a2-46fa-9613-4526b0a9a349?api-version=2015-04-08
      content-type:
      - application/json
      date:
      - Fri, 19 Apr 2019 22:11:15 GMT
      location:
      - https://management.azure.com/subscriptions/00000000-0000-0000-0000-000000000000/resourceGroups/cli_test_cosmosdb_account000001/providers/Microsoft.DocumentDB/databaseAccounts/cli000002/operationResults/524dc0d0-a0a2-46fa-9613-4526b0a9a349?api-version=2015-04-08
      pragma:
      - no-cache
      server:
      - Microsoft-HTTPAPI/2.0
      strict-transport-security:
      - max-age=31536000; includeSubDomains
      x-content-type-options:
      - nosniff
      x-ms-gatewayversion:
      - version=2.2.0.0
    status:
      code: 202
      message: Accepted
- request:
    body: null
    headers:
      Accept:
      - application/json
      Accept-Encoding:
      - gzip, deflate
      CommandName:
      - cosmosdb create
      Connection:
      - keep-alive
      ParameterSetName:
      - -n -g --enable-virtual-network
      User-Agent:
      - python/3.7.3 (Windows-10-10.0.17763-SP0) msrest/0.6.6 msrest_azure/0.6.0 azure-mgmt-cosmosdb/0.5.2
        Azure-SDK-For-Python AZURECLI/2.0.62
    method: GET
    uri: https://management.azure.com/subscriptions/00000000-0000-0000-0000-000000000000/resourceGroups/cli_test_cosmosdb_account000001/providers/Microsoft.DocumentDB/databaseAccounts/cli000002/operationResults/524dc0d0-a0a2-46fa-9613-4526b0a9a349?api-version=2015-04-08
  response:
    body:
      string: '{"status":"Dequeued","error":{}}'
    headers:
      cache-control:
      - no-store, no-cache
      content-length:
      - '32'
      content-location:
      - https://management.documents.azure.com:450/subscriptions/c9cbd920-c00c-427c-852b-8aaf38badaeb/resourceGroups/cli_test_cosmosdb_accountbzru5rwva2vfamxtxukdozvipclxttvgfkjjhju5u5idydkjhq/providers/Microsoft.DocumentDB/databaseAccounts/clivnk7vgwl2tsvh62kri4eu6yzkay2qyeu6c2f7/operationResults/524dc0d0-a0a2-46fa-9613-4526b0a9a349?api-version=2015-04-08
      content-type:
      - application/json
      date:
      - Fri, 19 Apr 2019 22:11:46 GMT
      location:
      - https://management.azure.com/subscriptions/00000000-0000-0000-0000-000000000000/resourceGroups/cli_test_cosmosdb_account000001/providers/Microsoft.DocumentDB/databaseAccounts/cli000002/operationResults/524dc0d0-a0a2-46fa-9613-4526b0a9a349?api-version=2015-04-08
      pragma:
      - no-cache
      server:
      - Microsoft-HTTPAPI/2.0
      strict-transport-security:
      - max-age=31536000; includeSubDomains
      x-content-type-options:
      - nosniff
      x-ms-gatewayversion:
      - version=2.2.0.0
    status:
      code: 202
      message: Accepted
- request:
    body: null
    headers:
      Accept:
      - application/json
      Accept-Encoding:
      - gzip, deflate
      CommandName:
      - cosmosdb create
      Connection:
      - keep-alive
      ParameterSetName:
      - -n -g --enable-virtual-network
      User-Agent:
      - python/3.7.3 (Windows-10-10.0.17763-SP0) msrest/0.6.6 msrest_azure/0.6.0 azure-mgmt-cosmosdb/0.5.2
        Azure-SDK-For-Python AZURECLI/2.0.62
    method: GET
    uri: https://management.azure.com/subscriptions/00000000-0000-0000-0000-000000000000/resourceGroups/cli_test_cosmosdb_account000001/providers/Microsoft.DocumentDB/databaseAccounts/cli000002/operationResults/524dc0d0-a0a2-46fa-9613-4526b0a9a349?api-version=2015-04-08
  response:
    body:
      string: '{"status":"Dequeued","error":{}}'
    headers:
      cache-control:
      - no-store, no-cache
      content-length:
      - '32'
      content-location:
      - https://management.documents.azure.com:450/subscriptions/c9cbd920-c00c-427c-852b-8aaf38badaeb/resourceGroups/cli_test_cosmosdb_accountbzru5rwva2vfamxtxukdozvipclxttvgfkjjhju5u5idydkjhq/providers/Microsoft.DocumentDB/databaseAccounts/clivnk7vgwl2tsvh62kri4eu6yzkay2qyeu6c2f7/operationResults/524dc0d0-a0a2-46fa-9613-4526b0a9a349?api-version=2015-04-08
      content-type:
      - application/json
      date:
      - Fri, 19 Apr 2019 22:12:16 GMT
      location:
      - https://management.azure.com/subscriptions/00000000-0000-0000-0000-000000000000/resourceGroups/cli_test_cosmosdb_account000001/providers/Microsoft.DocumentDB/databaseAccounts/cli000002/operationResults/524dc0d0-a0a2-46fa-9613-4526b0a9a349?api-version=2015-04-08
      pragma:
      - no-cache
      server:
      - Microsoft-HTTPAPI/2.0
      strict-transport-security:
      - max-age=31536000; includeSubDomains
      x-content-type-options:
      - nosniff
      x-ms-gatewayversion:
      - version=2.2.0.0
    status:
      code: 202
      message: Accepted
- request:
    body: null
    headers:
      Accept:
      - application/json
      Accept-Encoding:
      - gzip, deflate
      CommandName:
      - cosmosdb create
      Connection:
      - keep-alive
      ParameterSetName:
      - -n -g --enable-virtual-network
      User-Agent:
      - python/3.7.3 (Windows-10-10.0.17763-SP0) msrest/0.6.6 msrest_azure/0.6.0 azure-mgmt-cosmosdb/0.5.2
        Azure-SDK-For-Python AZURECLI/2.0.62
    method: GET
    uri: https://management.azure.com/subscriptions/00000000-0000-0000-0000-000000000000/resourceGroups/cli_test_cosmosdb_account000001/providers/Microsoft.DocumentDB/databaseAccounts/cli000002/operationResults/524dc0d0-a0a2-46fa-9613-4526b0a9a349?api-version=2015-04-08
  response:
    body:
      string: '{"status":"Dequeued","error":{}}'
    headers:
      cache-control:
      - no-store, no-cache
      content-length:
      - '32'
      content-location:
      - https://management.documents.azure.com:450/subscriptions/c9cbd920-c00c-427c-852b-8aaf38badaeb/resourceGroups/cli_test_cosmosdb_accountbzru5rwva2vfamxtxukdozvipclxttvgfkjjhju5u5idydkjhq/providers/Microsoft.DocumentDB/databaseAccounts/clivnk7vgwl2tsvh62kri4eu6yzkay2qyeu6c2f7/operationResults/524dc0d0-a0a2-46fa-9613-4526b0a9a349?api-version=2015-04-08
      content-type:
      - application/json
      date:
      - Fri, 19 Apr 2019 22:12:47 GMT
      location:
      - https://management.azure.com/subscriptions/00000000-0000-0000-0000-000000000000/resourceGroups/cli_test_cosmosdb_account000001/providers/Microsoft.DocumentDB/databaseAccounts/cli000002/operationResults/524dc0d0-a0a2-46fa-9613-4526b0a9a349?api-version=2015-04-08
      pragma:
      - no-cache
      server:
      - Microsoft-HTTPAPI/2.0
      strict-transport-security:
      - max-age=31536000; includeSubDomains
      x-content-type-options:
      - nosniff
      x-ms-gatewayversion:
      - version=2.2.0.0
    status:
      code: 202
      message: Accepted
- request:
    body: null
    headers:
      Accept:
      - application/json
      Accept-Encoding:
      - gzip, deflate
      CommandName:
      - cosmosdb create
      Connection:
      - keep-alive
      ParameterSetName:
      - -n -g --enable-virtual-network
      User-Agent:
      - python/3.7.3 (Windows-10-10.0.17763-SP0) msrest/0.6.6 msrest_azure/0.6.0 azure-mgmt-cosmosdb/0.5.2
        Azure-SDK-For-Python AZURECLI/2.0.62
    method: GET
    uri: https://management.azure.com/subscriptions/00000000-0000-0000-0000-000000000000/resourceGroups/cli_test_cosmosdb_account000001/providers/Microsoft.DocumentDB/databaseAccounts/cli000002/operationResults/524dc0d0-a0a2-46fa-9613-4526b0a9a349?api-version=2015-04-08
  response:
    body:
      string: '{"status":"Dequeued","error":{}}'
    headers:
      cache-control:
      - no-store, no-cache
      content-length:
      - '32'
      content-location:
      - https://management.documents.azure.com:450/subscriptions/c9cbd920-c00c-427c-852b-8aaf38badaeb/resourceGroups/cli_test_cosmosdb_accountbzru5rwva2vfamxtxukdozvipclxttvgfkjjhju5u5idydkjhq/providers/Microsoft.DocumentDB/databaseAccounts/clivnk7vgwl2tsvh62kri4eu6yzkay2qyeu6c2f7/operationResults/524dc0d0-a0a2-46fa-9613-4526b0a9a349?api-version=2015-04-08
      content-type:
      - application/json
      date:
      - Fri, 19 Apr 2019 22:13:18 GMT
      location:
      - https://management.azure.com/subscriptions/00000000-0000-0000-0000-000000000000/resourceGroups/cli_test_cosmosdb_account000001/providers/Microsoft.DocumentDB/databaseAccounts/cli000002/operationResults/524dc0d0-a0a2-46fa-9613-4526b0a9a349?api-version=2015-04-08
      pragma:
      - no-cache
      server:
      - Microsoft-HTTPAPI/2.0
      strict-transport-security:
      - max-age=31536000; includeSubDomains
      x-content-type-options:
      - nosniff
      x-ms-gatewayversion:
      - version=2.2.0.0
    status:
      code: 202
      message: Accepted
- request:
    body: null
    headers:
      Accept:
      - application/json
      Accept-Encoding:
      - gzip, deflate
      CommandName:
      - cosmosdb create
      Connection:
      - keep-alive
      ParameterSetName:
      - -n -g --enable-virtual-network
      User-Agent:
      - python/3.7.3 (Windows-10-10.0.17763-SP0) msrest/0.6.6 msrest_azure/0.6.0 azure-mgmt-cosmosdb/0.5.2
        Azure-SDK-For-Python AZURECLI/2.0.62
    method: GET
    uri: https://management.azure.com/subscriptions/00000000-0000-0000-0000-000000000000/resourceGroups/cli_test_cosmosdb_account000001/providers/Microsoft.DocumentDB/databaseAccounts/cli000002/operationResults/524dc0d0-a0a2-46fa-9613-4526b0a9a349?api-version=2015-04-08
  response:
    body:
      string: '{"status":"Dequeued","error":{}}'
    headers:
      cache-control:
      - no-store, no-cache
      content-length:
      - '32'
      content-location:
      - https://management.documents.azure.com:450/subscriptions/c9cbd920-c00c-427c-852b-8aaf38badaeb/resourceGroups/cli_test_cosmosdb_accountbzru5rwva2vfamxtxukdozvipclxttvgfkjjhju5u5idydkjhq/providers/Microsoft.DocumentDB/databaseAccounts/clivnk7vgwl2tsvh62kri4eu6yzkay2qyeu6c2f7/operationResults/524dc0d0-a0a2-46fa-9613-4526b0a9a349?api-version=2015-04-08
      content-type:
      - application/json
      date:
      - Fri, 19 Apr 2019 22:13:48 GMT
      location:
      - https://management.azure.com/subscriptions/00000000-0000-0000-0000-000000000000/resourceGroups/cli_test_cosmosdb_account000001/providers/Microsoft.DocumentDB/databaseAccounts/cli000002/operationResults/524dc0d0-a0a2-46fa-9613-4526b0a9a349?api-version=2015-04-08
      pragma:
      - no-cache
      server:
      - Microsoft-HTTPAPI/2.0
      strict-transport-security:
      - max-age=31536000; includeSubDomains
      x-content-type-options:
      - nosniff
      x-ms-gatewayversion:
      - version=2.2.0.0
    status:
      code: 202
      message: Accepted
- request:
    body: null
    headers:
      Accept:
      - application/json
      Accept-Encoding:
      - gzip, deflate
      CommandName:
      - cosmosdb create
      Connection:
      - keep-alive
      ParameterSetName:
      - -n -g --enable-virtual-network
      User-Agent:
      - python/3.7.3 (Windows-10-10.0.17763-SP0) msrest/0.6.6 msrest_azure/0.6.0 azure-mgmt-cosmosdb/0.5.2
        Azure-SDK-For-Python AZURECLI/2.0.62
    method: GET
    uri: https://management.azure.com/subscriptions/00000000-0000-0000-0000-000000000000/resourceGroups/cli_test_cosmosdb_account000001/providers/Microsoft.DocumentDB/databaseAccounts/cli000002/operationResults/524dc0d0-a0a2-46fa-9613-4526b0a9a349?api-version=2015-04-08
  response:
    body:
      string: '{"status":"Dequeued","error":{}}'
    headers:
      cache-control:
      - no-store, no-cache
      content-length:
      - '32'
      content-location:
      - https://management.documents.azure.com:450/subscriptions/c9cbd920-c00c-427c-852b-8aaf38badaeb/resourceGroups/cli_test_cosmosdb_accountbzru5rwva2vfamxtxukdozvipclxttvgfkjjhju5u5idydkjhq/providers/Microsoft.DocumentDB/databaseAccounts/clivnk7vgwl2tsvh62kri4eu6yzkay2qyeu6c2f7/operationResults/524dc0d0-a0a2-46fa-9613-4526b0a9a349?api-version=2015-04-08
      content-type:
      - application/json
      date:
      - Fri, 19 Apr 2019 22:14:18 GMT
      location:
      - https://management.azure.com/subscriptions/00000000-0000-0000-0000-000000000000/resourceGroups/cli_test_cosmosdb_account000001/providers/Microsoft.DocumentDB/databaseAccounts/cli000002/operationResults/524dc0d0-a0a2-46fa-9613-4526b0a9a349?api-version=2015-04-08
      pragma:
      - no-cache
      server:
      - Microsoft-HTTPAPI/2.0
      strict-transport-security:
      - max-age=31536000; includeSubDomains
      x-content-type-options:
      - nosniff
      x-ms-gatewayversion:
      - version=2.2.0.0
    status:
      code: 202
      message: Accepted
- request:
    body: null
    headers:
      Accept:
      - application/json
      Accept-Encoding:
      - gzip, deflate
      CommandName:
      - cosmosdb create
      Connection:
      - keep-alive
      ParameterSetName:
      - -n -g --enable-virtual-network
      User-Agent:
      - python/3.7.3 (Windows-10-10.0.17763-SP0) msrest/0.6.6 msrest_azure/0.6.0 azure-mgmt-cosmosdb/0.5.2
        Azure-SDK-For-Python AZURECLI/2.0.62
    method: GET
    uri: https://management.azure.com/subscriptions/00000000-0000-0000-0000-000000000000/resourceGroups/cli_test_cosmosdb_account000001/providers/Microsoft.DocumentDB/databaseAccounts/cli000002/operationResults/524dc0d0-a0a2-46fa-9613-4526b0a9a349?api-version=2015-04-08
  response:
    body:
      string: '{"status":"Dequeued","error":{}}'
    headers:
      cache-control:
      - no-store, no-cache
      content-length:
      - '32'
      content-location:
      - https://management.documents.azure.com:450/subscriptions/c9cbd920-c00c-427c-852b-8aaf38badaeb/resourceGroups/cli_test_cosmosdb_accountbzru5rwva2vfamxtxukdozvipclxttvgfkjjhju5u5idydkjhq/providers/Microsoft.DocumentDB/databaseAccounts/clivnk7vgwl2tsvh62kri4eu6yzkay2qyeu6c2f7/operationResults/524dc0d0-a0a2-46fa-9613-4526b0a9a349?api-version=2015-04-08
      content-type:
      - application/json
      date:
      - Fri, 19 Apr 2019 22:14:49 GMT
      location:
      - https://management.azure.com/subscriptions/00000000-0000-0000-0000-000000000000/resourceGroups/cli_test_cosmosdb_account000001/providers/Microsoft.DocumentDB/databaseAccounts/cli000002/operationResults/524dc0d0-a0a2-46fa-9613-4526b0a9a349?api-version=2015-04-08
      pragma:
      - no-cache
      server:
      - Microsoft-HTTPAPI/2.0
      strict-transport-security:
      - max-age=31536000; includeSubDomains
      x-content-type-options:
      - nosniff
      x-ms-gatewayversion:
      - version=2.2.0.0
    status:
      code: 202
      message: Accepted
- request:
    body: null
    headers:
      Accept:
      - application/json
      Accept-Encoding:
      - gzip, deflate
      CommandName:
      - cosmosdb create
      Connection:
      - keep-alive
      ParameterSetName:
      - -n -g --enable-virtual-network
      User-Agent:
      - python/3.7.3 (Windows-10-10.0.17763-SP0) msrest/0.6.6 msrest_azure/0.6.0 azure-mgmt-cosmosdb/0.5.2
        Azure-SDK-For-Python AZURECLI/2.0.62
    method: GET
    uri: https://management.azure.com/subscriptions/00000000-0000-0000-0000-000000000000/resourceGroups/cli_test_cosmosdb_account000001/providers/Microsoft.DocumentDB/databaseAccounts/cli000002/operationResults/524dc0d0-a0a2-46fa-9613-4526b0a9a349?api-version=2015-04-08
  response:
    body:
      string: '{"status":"Dequeued","error":{}}'
    headers:
      cache-control:
      - no-store, no-cache
      content-length:
      - '32'
      content-location:
      - https://management.documents.azure.com:450/subscriptions/c9cbd920-c00c-427c-852b-8aaf38badaeb/resourceGroups/cli_test_cosmosdb_accountbzru5rwva2vfamxtxukdozvipclxttvgfkjjhju5u5idydkjhq/providers/Microsoft.DocumentDB/databaseAccounts/clivnk7vgwl2tsvh62kri4eu6yzkay2qyeu6c2f7/operationResults/524dc0d0-a0a2-46fa-9613-4526b0a9a349?api-version=2015-04-08
      content-type:
      - application/json
      date:
      - Fri, 19 Apr 2019 22:15:20 GMT
      location:
      - https://management.azure.com/subscriptions/00000000-0000-0000-0000-000000000000/resourceGroups/cli_test_cosmosdb_account000001/providers/Microsoft.DocumentDB/databaseAccounts/cli000002/operationResults/524dc0d0-a0a2-46fa-9613-4526b0a9a349?api-version=2015-04-08
      pragma:
      - no-cache
      server:
      - Microsoft-HTTPAPI/2.0
      strict-transport-security:
      - max-age=31536000; includeSubDomains
      x-content-type-options:
      - nosniff
      x-ms-gatewayversion:
      - version=2.2.0.0
    status:
      code: 202
      message: Accepted
- request:
    body: null
    headers:
      Accept:
      - application/json
      Accept-Encoding:
      - gzip, deflate
      CommandName:
      - cosmosdb create
      Connection:
      - keep-alive
      ParameterSetName:
      - -n -g --enable-virtual-network
      User-Agent:
      - python/3.7.3 (Windows-10-10.0.17763-SP0) msrest/0.6.6 msrest_azure/0.6.0 azure-mgmt-cosmosdb/0.5.2
        Azure-SDK-For-Python AZURECLI/2.0.62
    method: GET
    uri: https://management.azure.com/subscriptions/00000000-0000-0000-0000-000000000000/resourceGroups/cli_test_cosmosdb_account000001/providers/Microsoft.DocumentDB/databaseAccounts/cli000002/operationResults/524dc0d0-a0a2-46fa-9613-4526b0a9a349?api-version=2015-04-08
  response:
    body:
      string: '{"status":"Succeeded","error":{}}'
    headers:
      cache-control:
      - no-store, no-cache
      content-length:
      - '33'
      content-location:
      - https://management.documents.azure.com:450/subscriptions/c9cbd920-c00c-427c-852b-8aaf38badaeb/resourceGroups/cli_test_cosmosdb_accountbzru5rwva2vfamxtxukdozvipclxttvgfkjjhju5u5idydkjhq/providers/Microsoft.DocumentDB/databaseAccounts/clivnk7vgwl2tsvh62kri4eu6yzkay2qyeu6c2f7/operationResults/524dc0d0-a0a2-46fa-9613-4526b0a9a349?api-version=2015-04-08
      content-type:
      - application/json
      date:
      - Fri, 19 Apr 2019 22:15:50 GMT
      pragma:
      - no-cache
      server:
      - Microsoft-HTTPAPI/2.0
      strict-transport-security:
      - max-age=31536000; includeSubDomains
      transfer-encoding:
      - chunked
      vary:
      - Accept-Encoding
      x-content-type-options:
      - nosniff
      x-ms-gatewayversion:
      - version=2.2.0.0
    status:
      code: 200
      message: Ok
- request:
    body: null
    headers:
      Accept:
      - application/json
      Accept-Encoding:
      - gzip, deflate
      CommandName:
      - cosmosdb create
      Connection:
      - keep-alive
      ParameterSetName:
      - -n -g --enable-virtual-network
      User-Agent:
      - python/3.7.3 (Windows-10-10.0.17763-SP0) msrest/0.6.6 msrest_azure/0.6.0 azure-mgmt-cosmosdb/0.5.2
        Azure-SDK-For-Python AZURECLI/2.0.62
      accept-language:
      - en-US
    method: GET
    uri: https://management.azure.com/subscriptions/00000000-0000-0000-0000-000000000000/resourceGroups/cli_test_cosmosdb_account000001/providers/Microsoft.DocumentDB/databaseAccounts/cli000002?api-version=2015-04-08
  response:
    body:
      string: '{"id":"/subscriptions/00000000-0000-0000-0000-000000000000/resourceGroups/cli_test_cosmosdb_account000001/providers/Microsoft.DocumentDB/databaseAccounts/cli000002","name":"cli000002","location":"West
        US","type":"Microsoft.DocumentDB/databaseAccounts","kind":"GlobalDocumentDB","tags":{},"properties":{"provisioningState":"Succeeded","documentEndpoint":"https://cli000002.documents.azure.com:443/","ipRangeFilter":"","enableAutomaticFailover":false,"enableMultipleWriteLocations":false,"isVirtualNetworkFilterEnabled":true,"virtualNetworkRules":[],"EnabledApiTypes":"Sql","databaseAccountOfferType":"Standard","consistencyPolicy":{"defaultConsistencyLevel":"Session","maxIntervalInSeconds":5,"maxStalenessPrefix":100},"configurationOverrides":{},"writeLocations":[{"id":"cli000002-westus","locationName":"West
        US","documentEndpoint":"https://cli000002-westus.documents.azure.com:443/","provisioningState":"Succeeded","failoverPriority":0}],"readLocations":[{"id":"cli000002-westus","locationName":"West
        US","documentEndpoint":"https://cli000002-westus.documents.azure.com:443/","provisioningState":"Succeeded","failoverPriority":0}],"locations":[{"id":"cli000002-westus","locationName":"West
        US","documentEndpoint":"https://cli000002-westus.documents.azure.com:443/","provisioningState":"Succeeded","failoverPriority":0}],"failoverPolicies":[{"id":"cli000002-westus","locationName":"West
        US","failoverPriority":0}],"cors":[],"capabilities":[]}}'
    headers:
      cache-control:
      - no-store, no-cache
      content-length:
      - '1798'
      content-location:
      - https://management.documents.azure.com:450/subscriptions/c9cbd920-c00c-427c-852b-8aaf38badaeb/resourceGroups/cli_test_cosmosdb_accountbzru5rwva2vfamxtxukdozvipclxttvgfkjjhju5u5idydkjhq/providers/Microsoft.DocumentDB/databaseAccounts/clivnk7vgwl2tsvh62kri4eu6yzkay2qyeu6c2f7?api-version=2015-04-08
      content-type:
      - application/json
      date:
      - Fri, 19 Apr 2019 22:15:51 GMT
      pragma:
      - no-cache
      server:
      - Microsoft-HTTPAPI/2.0
      strict-transport-security:
      - max-age=31536000; includeSubDomains
      transfer-encoding:
      - chunked
      vary:
      - Accept-Encoding
      x-content-type-options:
      - nosniff
      x-ms-gatewayversion:
      - version=2.2.0.0
    status:
      code: 200
      message: Ok
- request:
    body: null
    headers:
      Accept:
      - application/json
      Accept-Encoding:
      - gzip, deflate
      CommandName:
      - cosmosdb network-rule add
      Connection:
      - keep-alive
      ParameterSetName:
      - -n -g --subnet --ignore-missing-vnet-service-endpoint
      User-Agent:
      - python/3.7.3 (Windows-10-10.0.17763-SP0) msrest/0.6.6 msrest_azure/0.6.0 azure-mgmt-cosmosdb/0.5.2
        Azure-SDK-For-Python AZURECLI/2.0.62
      accept-language:
      - en-US
    method: GET
    uri: https://management.azure.com/subscriptions/00000000-0000-0000-0000-000000000000/resourceGroups/cli_test_cosmosdb_account000001/providers/Microsoft.DocumentDB/databaseAccounts/cli000002?api-version=2015-04-08
  response:
    body:
      string: '{"id":"/subscriptions/00000000-0000-0000-0000-000000000000/resourceGroups/cli_test_cosmosdb_account000001/providers/Microsoft.DocumentDB/databaseAccounts/cli000002","name":"cli000002","location":"West
        US","type":"Microsoft.DocumentDB/databaseAccounts","kind":"GlobalDocumentDB","tags":{},"properties":{"provisioningState":"Succeeded","documentEndpoint":"https://cli000002.documents.azure.com:443/","ipRangeFilter":"","enableAutomaticFailover":false,"enableMultipleWriteLocations":false,"isVirtualNetworkFilterEnabled":true,"virtualNetworkRules":[],"EnabledApiTypes":"Sql","databaseAccountOfferType":"Standard","consistencyPolicy":{"defaultConsistencyLevel":"Session","maxIntervalInSeconds":5,"maxStalenessPrefix":100},"configurationOverrides":{},"writeLocations":[{"id":"cli000002-westus","locationName":"West
        US","documentEndpoint":"https://cli000002-westus.documents.azure.com:443/","provisioningState":"Succeeded","failoverPriority":0}],"readLocations":[{"id":"cli000002-westus","locationName":"West
        US","documentEndpoint":"https://cli000002-westus.documents.azure.com:443/","provisioningState":"Succeeded","failoverPriority":0}],"locations":[{"id":"cli000002-westus","locationName":"West
        US","documentEndpoint":"https://cli000002-westus.documents.azure.com:443/","provisioningState":"Succeeded","failoverPriority":0}],"failoverPolicies":[{"id":"cli000002-westus","locationName":"West
        US","failoverPriority":0}],"cors":[],"capabilities":[]}}'
    headers:
      cache-control:
      - no-store, no-cache
      content-length:
      - '1798'
      content-location:
      - https://management.documents.azure.com:450/subscriptions/c9cbd920-c00c-427c-852b-8aaf38badaeb/resourceGroups/cli_test_cosmosdb_accountbzru5rwva2vfamxtxukdozvipclxttvgfkjjhju5u5idydkjhq/providers/Microsoft.DocumentDB/databaseAccounts/clivnk7vgwl2tsvh62kri4eu6yzkay2qyeu6c2f7?api-version=2015-04-08
      content-type:
      - application/json
      date:
      - Fri, 19 Apr 2019 22:15:52 GMT
      pragma:
      - no-cache
      server:
      - Microsoft-HTTPAPI/2.0
      strict-transport-security:
      - max-age=31536000; includeSubDomains
      transfer-encoding:
      - chunked
      vary:
      - Accept-Encoding
      x-content-type-options:
      - nosniff
      x-ms-gatewayversion:
      - version=2.2.0.0
    status:
      code: 200
      message: Ok
- request:
    body: 'b''b\''b\\\''{"location": "West US", "tags": {}, "kind": "GlobalDocumentDB",
      "properties": {"consistencyPolicy": {"defaultConsistencyLevel": "Session", "maxStalenessPrefix":
      100, "maxIntervalInSeconds": 5}, "locations": [{"locationName": "West US", "failoverPriority":
      0}], "databaseAccountOfferType": "Standard", "ipRangeFilter": "", "isVirtualNetworkFilterEnabled":
      true, "enableAutomaticFailover": false, "capabilities": [], "virtualNetworkRules":
      [{"id": "/subscriptions/00000000-0000-0000-0000-000000000000/resourceGroups/cli_test_cosmosdb_account000001/providers/Microsoft.Network/virtualNetworks/cli000003/subnets/cli000004",
      "ignoreMissingVNetServiceEndpoint": true}], "enableMultipleWriteLocations":
      false}}\\\''\'''''
    headers:
      Accept:
      - application/json
      Accept-Encoding:
      - gzip, deflate
      CommandName:
      - cosmosdb network-rule add
      Connection:
      - keep-alive
      Content-Length:
      - '809'
      Content-Type:
      - application/json; charset=utf-8
      ParameterSetName:
      - -n -g --subnet --ignore-missing-vnet-service-endpoint
      User-Agent:
      - python/3.7.3 (Windows-10-10.0.17763-SP0) msrest/0.6.6 msrest_azure/0.6.0 azure-mgmt-cosmosdb/0.5.2
        Azure-SDK-For-Python AZURECLI/2.0.62
      accept-language:
      - en-US
    method: PUT
    uri: https://management.azure.com/subscriptions/00000000-0000-0000-0000-000000000000/resourceGroups/cli_test_cosmosdb_account000001/providers/Microsoft.DocumentDB/databaseAccounts/cli000002?api-version=2015-04-08
  response:
    body:
      string: '{"id":"/subscriptions/00000000-0000-0000-0000-000000000000/resourceGroups/cli_test_cosmosdb_account000001/providers/Microsoft.DocumentDB/databaseAccounts/cli000002","name":"cli000002","location":"West
        US","type":"Microsoft.DocumentDB/databaseAccounts","kind":"GlobalDocumentDB","tags":{},"properties":{"provisioningState":"Updating","documentEndpoint":"https://cli000002.documents.azure.com:443/","ipRangeFilter":"","enableAutomaticFailover":false,"enableMultipleWriteLocations":false,"isVirtualNetworkFilterEnabled":true,"virtualNetworkRules":[],"EnabledApiTypes":"Sql","databaseAccountOfferType":"Standard","consistencyPolicy":{"defaultConsistencyLevel":"Session","maxIntervalInSeconds":5,"maxStalenessPrefix":100},"configurationOverrides":{},"writeLocations":[{"id":"cli000002-westus","locationName":"West
        US","documentEndpoint":"https://cli000002-westus.documents.azure.com:443/","provisioningState":"Updating","failoverPriority":0}],"readLocations":[{"id":"cli000002-westus","locationName":"West
        US","documentEndpoint":"https://cli000002-westus.documents.azure.com:443/","provisioningState":"Updating","failoverPriority":0}],"locations":[{"id":"cli000002-westus","locationName":"West
        US","documentEndpoint":"https://cli000002-westus.documents.azure.com:443/","provisioningState":"Updating","failoverPriority":0}],"failoverPolicies":[{"id":"cli000002-westus","locationName":"West
        US","failoverPriority":0}],"cors":[],"capabilities":[]}}'
    headers:
      cache-control:
      - no-store, no-cache
      content-length:
      - '1794'
      content-location:
      - https://management.documents.azure.com:450/subscriptions/c9cbd920-c00c-427c-852b-8aaf38badaeb/resourceGroups/cli_test_cosmosdb_accountbzru5rwva2vfamxtxukdozvipclxttvgfkjjhju5u5idydkjhq/providers/Microsoft.DocumentDB/databaseAccounts/clivnk7vgwl2tsvh62kri4eu6yzkay2qyeu6c2f7?api-version=2015-04-08
      content-type:
      - application/json
      date:
      - Fri, 19 Apr 2019 22:15:53 GMT
      location:
      - https://management.azure.com/subscriptions/00000000-0000-0000-0000-000000000000/resourceGroups/cli_test_cosmosdb_account000001/providers/Microsoft.DocumentDB/databaseAccounts/cli000002/operationResults/29378239-cd3a-434f-b472-40dee4cc84ff?api-version=2015-04-08
      pragma:
      - no-cache
      server:
      - Microsoft-HTTPAPI/2.0
      strict-transport-security:
      - max-age=31536000; includeSubDomains
      transfer-encoding:
      - chunked
      vary:
      - Accept-Encoding
      x-content-type-options:
      - nosniff
      x-ms-gatewayversion:
      - version=2.2.0.0
      x-ms-ratelimit-remaining-subscription-writes:
      - '1197'
    status:
      code: 200
      message: Ok
- request:
    body: null
    headers:
      Accept:
      - application/json
      Accept-Encoding:
      - gzip, deflate
      CommandName:
      - cosmosdb network-rule add
      Connection:
      - keep-alive
      ParameterSetName:
      - -n -g --subnet --ignore-missing-vnet-service-endpoint
      User-Agent:
      - python/3.7.3 (Windows-10-10.0.17763-SP0) msrest/0.6.6 msrest_azure/0.6.0 azure-mgmt-cosmosdb/0.5.2
        Azure-SDK-For-Python AZURECLI/2.0.62
    method: GET
    uri: https://management.azure.com/subscriptions/00000000-0000-0000-0000-000000000000/resourceGroups/cli_test_cosmosdb_account000001/providers/Microsoft.DocumentDB/databaseAccounts/cli000002/operationResults/29378239-cd3a-434f-b472-40dee4cc84ff?api-version=2015-04-08
  response:
    body:
      string: '{"status":"Dequeued","error":{}}'
    headers:
      cache-control:
      - no-store, no-cache
      content-length:
      - '32'
      content-location:
      - https://management.documents.azure.com:450/subscriptions/c9cbd920-c00c-427c-852b-8aaf38badaeb/resourceGroups/cli_test_cosmosdb_accountbzru5rwva2vfamxtxukdozvipclxttvgfkjjhju5u5idydkjhq/providers/Microsoft.DocumentDB/databaseAccounts/clivnk7vgwl2tsvh62kri4eu6yzkay2qyeu6c2f7/operationResults/29378239-cd3a-434f-b472-40dee4cc84ff?api-version=2015-04-08
      content-type:
      - application/json
      date:
      - Fri, 19 Apr 2019 22:16:24 GMT
      location:
      - https://management.azure.com/subscriptions/00000000-0000-0000-0000-000000000000/resourceGroups/cli_test_cosmosdb_account000001/providers/Microsoft.DocumentDB/databaseAccounts/cli000002/operationResults/29378239-cd3a-434f-b472-40dee4cc84ff?api-version=2015-04-08
      pragma:
      - no-cache
      server:
      - Microsoft-HTTPAPI/2.0
      strict-transport-security:
      - max-age=31536000; includeSubDomains
      x-content-type-options:
      - nosniff
      x-ms-gatewayversion:
      - version=2.2.0.0
    status:
      code: 202
      message: Accepted
- request:
    body: null
    headers:
      Accept:
      - application/json
      Accept-Encoding:
      - gzip, deflate
      CommandName:
      - cosmosdb network-rule add
      Connection:
      - keep-alive
      ParameterSetName:
      - -n -g --subnet --ignore-missing-vnet-service-endpoint
      User-Agent:
      - python/3.7.3 (Windows-10-10.0.17763-SP0) msrest/0.6.6 msrest_azure/0.6.0 azure-mgmt-cosmosdb/0.5.2
        Azure-SDK-For-Python AZURECLI/2.0.62
    method: GET
    uri: https://management.azure.com/subscriptions/00000000-0000-0000-0000-000000000000/resourceGroups/cli_test_cosmosdb_account000001/providers/Microsoft.DocumentDB/databaseAccounts/cli000002/operationResults/29378239-cd3a-434f-b472-40dee4cc84ff?api-version=2015-04-08
  response:
    body:
      string: '{"status":"Dequeued","error":{}}'
    headers:
      cache-control:
      - no-store, no-cache
      content-length:
      - '32'
      content-location:
      - https://management.documents.azure.com:450/subscriptions/c9cbd920-c00c-427c-852b-8aaf38badaeb/resourceGroups/cli_test_cosmosdb_accountbzru5rwva2vfamxtxukdozvipclxttvgfkjjhju5u5idydkjhq/providers/Microsoft.DocumentDB/databaseAccounts/clivnk7vgwl2tsvh62kri4eu6yzkay2qyeu6c2f7/operationResults/29378239-cd3a-434f-b472-40dee4cc84ff?api-version=2015-04-08
      content-type:
      - application/json
      date:
      - Fri, 19 Apr 2019 22:16:55 GMT
      location:
      - https://management.azure.com/subscriptions/00000000-0000-0000-0000-000000000000/resourceGroups/cli_test_cosmosdb_account000001/providers/Microsoft.DocumentDB/databaseAccounts/cli000002/operationResults/29378239-cd3a-434f-b472-40dee4cc84ff?api-version=2015-04-08
      pragma:
      - no-cache
      server:
      - Microsoft-HTTPAPI/2.0
      strict-transport-security:
      - max-age=31536000; includeSubDomains
      x-content-type-options:
      - nosniff
      x-ms-gatewayversion:
      - version=2.2.0.0
    status:
      code: 202
      message: Accepted
- request:
    body: null
    headers:
      Accept:
      - application/json
      Accept-Encoding:
      - gzip, deflate
      CommandName:
      - cosmosdb network-rule add
      Connection:
      - keep-alive
      ParameterSetName:
      - -n -g --subnet --ignore-missing-vnet-service-endpoint
      User-Agent:
      - python/3.7.3 (Windows-10-10.0.17763-SP0) msrest/0.6.6 msrest_azure/0.6.0 azure-mgmt-cosmosdb/0.5.2
        Azure-SDK-For-Python AZURECLI/2.0.62
    method: GET
    uri: https://management.azure.com/subscriptions/00000000-0000-0000-0000-000000000000/resourceGroups/cli_test_cosmosdb_account000001/providers/Microsoft.DocumentDB/databaseAccounts/cli000002/operationResults/29378239-cd3a-434f-b472-40dee4cc84ff?api-version=2015-04-08
  response:
    body:
      string: '{"status":"Dequeued","error":{}}'
    headers:
      cache-control:
      - no-store, no-cache
      content-length:
      - '32'
      content-location:
      - https://management.documents.azure.com:450/subscriptions/c9cbd920-c00c-427c-852b-8aaf38badaeb/resourceGroups/cli_test_cosmosdb_accountbzru5rwva2vfamxtxukdozvipclxttvgfkjjhju5u5idydkjhq/providers/Microsoft.DocumentDB/databaseAccounts/clivnk7vgwl2tsvh62kri4eu6yzkay2qyeu6c2f7/operationResults/29378239-cd3a-434f-b472-40dee4cc84ff?api-version=2015-04-08
      content-type:
      - application/json
      date:
      - Fri, 19 Apr 2019 22:17:25 GMT
      location:
      - https://management.azure.com/subscriptions/00000000-0000-0000-0000-000000000000/resourceGroups/cli_test_cosmosdb_account000001/providers/Microsoft.DocumentDB/databaseAccounts/cli000002/operationResults/29378239-cd3a-434f-b472-40dee4cc84ff?api-version=2015-04-08
      pragma:
      - no-cache
      server:
      - Microsoft-HTTPAPI/2.0
      strict-transport-security:
      - max-age=31536000; includeSubDomains
      x-content-type-options:
      - nosniff
      x-ms-gatewayversion:
      - version=2.2.0.0
    status:
      code: 202
      message: Accepted
- request:
    body: null
    headers:
      Accept:
      - application/json
      Accept-Encoding:
      - gzip, deflate
      CommandName:
      - cosmosdb network-rule add
      Connection:
      - keep-alive
      ParameterSetName:
      - -n -g --subnet --ignore-missing-vnet-service-endpoint
      User-Agent:
      - python/3.7.3 (Windows-10-10.0.17763-SP0) msrest/0.6.6 msrest_azure/0.6.0 azure-mgmt-cosmosdb/0.5.2
        Azure-SDK-For-Python AZURECLI/2.0.62
    method: GET
    uri: https://management.azure.com/subscriptions/00000000-0000-0000-0000-000000000000/resourceGroups/cli_test_cosmosdb_account000001/providers/Microsoft.DocumentDB/databaseAccounts/cli000002/operationResults/29378239-cd3a-434f-b472-40dee4cc84ff?api-version=2015-04-08
  response:
    body:
      string: '{"status":"Dequeued","error":{}}'
    headers:
      cache-control:
      - no-store, no-cache
      content-length:
      - '32'
      content-location:
      - https://management.documents.azure.com:450/subscriptions/c9cbd920-c00c-427c-852b-8aaf38badaeb/resourceGroups/cli_test_cosmosdb_accountbzru5rwva2vfamxtxukdozvipclxttvgfkjjhju5u5idydkjhq/providers/Microsoft.DocumentDB/databaseAccounts/clivnk7vgwl2tsvh62kri4eu6yzkay2qyeu6c2f7/operationResults/29378239-cd3a-434f-b472-40dee4cc84ff?api-version=2015-04-08
      content-type:
      - application/json
      date:
      - Fri, 19 Apr 2019 22:17:56 GMT
      location:
      - https://management.azure.com/subscriptions/00000000-0000-0000-0000-000000000000/resourceGroups/cli_test_cosmosdb_account000001/providers/Microsoft.DocumentDB/databaseAccounts/cli000002/operationResults/29378239-cd3a-434f-b472-40dee4cc84ff?api-version=2015-04-08
      pragma:
      - no-cache
      server:
      - Microsoft-HTTPAPI/2.0
      strict-transport-security:
      - max-age=31536000; includeSubDomains
      x-content-type-options:
      - nosniff
      x-ms-gatewayversion:
      - version=2.2.0.0
    status:
      code: 202
      message: Accepted
- request:
    body: null
    headers:
      Accept:
      - application/json
      Accept-Encoding:
      - gzip, deflate
      CommandName:
      - cosmosdb network-rule add
      Connection:
      - keep-alive
      ParameterSetName:
      - -n -g --subnet --ignore-missing-vnet-service-endpoint
      User-Agent:
      - python/3.7.3 (Windows-10-10.0.17763-SP0) msrest/0.6.6 msrest_azure/0.6.0 azure-mgmt-cosmosdb/0.5.2
        Azure-SDK-For-Python AZURECLI/2.0.62
    method: GET
    uri: https://management.azure.com/subscriptions/00000000-0000-0000-0000-000000000000/resourceGroups/cli_test_cosmosdb_account000001/providers/Microsoft.DocumentDB/databaseAccounts/cli000002/operationResults/29378239-cd3a-434f-b472-40dee4cc84ff?api-version=2015-04-08
  response:
    body:
      string: '{"status":"Dequeued","error":{}}'
    headers:
      cache-control:
      - no-store, no-cache
      content-length:
      - '32'
      content-location:
      - https://management.documents.azure.com:450/subscriptions/c9cbd920-c00c-427c-852b-8aaf38badaeb/resourceGroups/cli_test_cosmosdb_accountbzru5rwva2vfamxtxukdozvipclxttvgfkjjhju5u5idydkjhq/providers/Microsoft.DocumentDB/databaseAccounts/clivnk7vgwl2tsvh62kri4eu6yzkay2qyeu6c2f7/operationResults/29378239-cd3a-434f-b472-40dee4cc84ff?api-version=2015-04-08
      content-type:
      - application/json
      date:
      - Fri, 19 Apr 2019 22:18:26 GMT
      location:
      - https://management.azure.com/subscriptions/00000000-0000-0000-0000-000000000000/resourceGroups/cli_test_cosmosdb_account000001/providers/Microsoft.DocumentDB/databaseAccounts/cli000002/operationResults/29378239-cd3a-434f-b472-40dee4cc84ff?api-version=2015-04-08
      pragma:
      - no-cache
      server:
      - Microsoft-HTTPAPI/2.0
      strict-transport-security:
      - max-age=31536000; includeSubDomains
      x-content-type-options:
      - nosniff
      x-ms-gatewayversion:
      - version=2.2.0.0
    status:
      code: 202
      message: Accepted
- request:
    body: null
    headers:
      Accept:
      - application/json
      Accept-Encoding:
      - gzip, deflate
      CommandName:
      - cosmosdb network-rule add
      Connection:
      - keep-alive
      ParameterSetName:
      - -n -g --subnet --ignore-missing-vnet-service-endpoint
      User-Agent:
      - python/3.7.3 (Windows-10-10.0.17763-SP0) msrest/0.6.6 msrest_azure/0.6.0 azure-mgmt-cosmosdb/0.5.2
        Azure-SDK-For-Python AZURECLI/2.0.62
    method: GET
    uri: https://management.azure.com/subscriptions/00000000-0000-0000-0000-000000000000/resourceGroups/cli_test_cosmosdb_account000001/providers/Microsoft.DocumentDB/databaseAccounts/cli000002/operationResults/29378239-cd3a-434f-b472-40dee4cc84ff?api-version=2015-04-08
  response:
    body:
      string: '{"status":"Dequeued","error":{}}'
    headers:
      cache-control:
      - no-store, no-cache
      content-length:
      - '32'
      content-location:
      - https://management.documents.azure.com:450/subscriptions/c9cbd920-c00c-427c-852b-8aaf38badaeb/resourceGroups/cli_test_cosmosdb_accountbzru5rwva2vfamxtxukdozvipclxttvgfkjjhju5u5idydkjhq/providers/Microsoft.DocumentDB/databaseAccounts/clivnk7vgwl2tsvh62kri4eu6yzkay2qyeu6c2f7/operationResults/29378239-cd3a-434f-b472-40dee4cc84ff?api-version=2015-04-08
      content-type:
      - application/json
      date:
      - Fri, 19 Apr 2019 22:18:57 GMT
      location:
      - https://management.azure.com/subscriptions/00000000-0000-0000-0000-000000000000/resourceGroups/cli_test_cosmosdb_account000001/providers/Microsoft.DocumentDB/databaseAccounts/cli000002/operationResults/29378239-cd3a-434f-b472-40dee4cc84ff?api-version=2015-04-08
      pragma:
      - no-cache
      server:
      - Microsoft-HTTPAPI/2.0
      strict-transport-security:
      - max-age=31536000; includeSubDomains
      x-content-type-options:
      - nosniff
      x-ms-gatewayversion:
      - version=2.2.0.0
    status:
      code: 202
      message: Accepted
- request:
    body: null
    headers:
      Accept:
      - application/json
      Accept-Encoding:
      - gzip, deflate
      CommandName:
      - cosmosdb network-rule add
      Connection:
      - keep-alive
      ParameterSetName:
      - -n -g --subnet --ignore-missing-vnet-service-endpoint
      User-Agent:
      - python/3.7.3 (Windows-10-10.0.17763-SP0) msrest/0.6.6 msrest_azure/0.6.0 azure-mgmt-cosmosdb/0.5.2
        Azure-SDK-For-Python AZURECLI/2.0.62
    method: GET
    uri: https://management.azure.com/subscriptions/00000000-0000-0000-0000-000000000000/resourceGroups/cli_test_cosmosdb_account000001/providers/Microsoft.DocumentDB/databaseAccounts/cli000002/operationResults/29378239-cd3a-434f-b472-40dee4cc84ff?api-version=2015-04-08
  response:
    body:
      string: '{"status":"Dequeued","error":{}}'
    headers:
      cache-control:
      - no-store, no-cache
      content-length:
      - '32'
      content-location:
      - https://management.documents.azure.com:450/subscriptions/c9cbd920-c00c-427c-852b-8aaf38badaeb/resourceGroups/cli_test_cosmosdb_accountbzru5rwva2vfamxtxukdozvipclxttvgfkjjhju5u5idydkjhq/providers/Microsoft.DocumentDB/databaseAccounts/clivnk7vgwl2tsvh62kri4eu6yzkay2qyeu6c2f7/operationResults/29378239-cd3a-434f-b472-40dee4cc84ff?api-version=2015-04-08
      content-type:
      - application/json
      date:
      - Fri, 19 Apr 2019 22:19:28 GMT
      location:
      - https://management.azure.com/subscriptions/00000000-0000-0000-0000-000000000000/resourceGroups/cli_test_cosmosdb_account000001/providers/Microsoft.DocumentDB/databaseAccounts/cli000002/operationResults/29378239-cd3a-434f-b472-40dee4cc84ff?api-version=2015-04-08
      pragma:
      - no-cache
      server:
      - Microsoft-HTTPAPI/2.0
      strict-transport-security:
      - max-age=31536000; includeSubDomains
      x-content-type-options:
      - nosniff
      x-ms-gatewayversion:
      - version=2.2.0.0
    status:
      code: 202
      message: Accepted
- request:
    body: null
    headers:
      Accept:
      - application/json
      Accept-Encoding:
      - gzip, deflate
      CommandName:
      - cosmosdb network-rule add
      Connection:
      - keep-alive
      ParameterSetName:
      - -n -g --subnet --ignore-missing-vnet-service-endpoint
      User-Agent:
      - python/3.7.3 (Windows-10-10.0.17763-SP0) msrest/0.6.6 msrest_azure/0.6.0 azure-mgmt-cosmosdb/0.5.2
        Azure-SDK-For-Python AZURECLI/2.0.62
    method: GET
    uri: https://management.azure.com/subscriptions/00000000-0000-0000-0000-000000000000/resourceGroups/cli_test_cosmosdb_account000001/providers/Microsoft.DocumentDB/databaseAccounts/cli000002/operationResults/29378239-cd3a-434f-b472-40dee4cc84ff?api-version=2015-04-08
  response:
    body:
      string: '{"status":"Succeeded","error":{}}'
    headers:
      cache-control:
      - no-store, no-cache
      content-length:
      - '33'
      content-location:
      - https://management.documents.azure.com:450/subscriptions/c9cbd920-c00c-427c-852b-8aaf38badaeb/resourceGroups/cli_test_cosmosdb_accountbzru5rwva2vfamxtxukdozvipclxttvgfkjjhju5u5idydkjhq/providers/Microsoft.DocumentDB/databaseAccounts/clivnk7vgwl2tsvh62kri4eu6yzkay2qyeu6c2f7/operationResults/29378239-cd3a-434f-b472-40dee4cc84ff?api-version=2015-04-08
      content-type:
      - application/json
      date:
      - Fri, 19 Apr 2019 22:19:59 GMT
      pragma:
      - no-cache
      server:
      - Microsoft-HTTPAPI/2.0
      strict-transport-security:
      - max-age=31536000; includeSubDomains
      transfer-encoding:
      - chunked
      vary:
      - Accept-Encoding
      x-content-type-options:
      - nosniff
      x-ms-gatewayversion:
      - version=2.2.0.0
    status:
      code: 200
      message: Ok
- request:
    body: null
    headers:
      Accept:
      - application/json
      Accept-Encoding:
      - gzip, deflate
      CommandName:
      - cosmosdb network-rule add
      Connection:
      - keep-alive
      ParameterSetName:
      - -n -g --subnet --ignore-missing-vnet-service-endpoint
      User-Agent:
      - python/3.7.3 (Windows-10-10.0.17763-SP0) msrest/0.6.6 msrest_azure/0.6.0 azure-mgmt-cosmosdb/0.5.2
        Azure-SDK-For-Python AZURECLI/2.0.62
      accept-language:
      - en-US
    method: GET
    uri: https://management.azure.com/subscriptions/00000000-0000-0000-0000-000000000000/resourceGroups/cli_test_cosmosdb_account000001/providers/Microsoft.DocumentDB/databaseAccounts/cli000002?api-version=2015-04-08
  response:
    body:
      string: '{"id":"/subscriptions/00000000-0000-0000-0000-000000000000/resourceGroups/cli_test_cosmosdb_account000001/providers/Microsoft.DocumentDB/databaseAccounts/cli000002","name":"cli000002","location":"West
        US","type":"Microsoft.DocumentDB/databaseAccounts","kind":"GlobalDocumentDB","tags":{},"properties":{"provisioningState":"Succeeded","documentEndpoint":"https://cli000002.documents.azure.com:443/","ipRangeFilter":"","enableAutomaticFailover":false,"enableMultipleWriteLocations":false,"isVirtualNetworkFilterEnabled":true,"virtualNetworkRules":[{"id":"/subscriptions/00000000-0000-0000-0000-000000000000/resourceGroups/cli_test_cosmosdb_account000001/providers/Microsoft.Network/virtualNetworks/cli000003/subnets/cli000004","ignoreMissingVNetServiceEndpoint":true}],"EnabledApiTypes":"Sql","databaseAccountOfferType":"Standard","consistencyPolicy":{"defaultConsistencyLevel":"Session","maxIntervalInSeconds":5,"maxStalenessPrefix":100},"configurationOverrides":{},"writeLocations":[{"id":"cli000002-westus","locationName":"West
        US","documentEndpoint":"https://cli000002-westus.documents.azure.com:443/","provisioningState":"Succeeded","failoverPriority":0}],"readLocations":[{"id":"cli000002-westus","locationName":"West
        US","documentEndpoint":"https://cli000002-westus.documents.azure.com:443/","provisioningState":"Succeeded","failoverPriority":0}],"locations":[{"id":"cli000002-westus","locationName":"West
        US","documentEndpoint":"https://cli000002-westus.documents.azure.com:443/","provisioningState":"Succeeded","failoverPriority":0}],"failoverPolicies":[{"id":"cli000002-westus","locationName":"West
        US","failoverPriority":0}],"cors":[],"capabilities":[]}}'
    headers:
      cache-control:
      - no-store, no-cache
      content-length:
      - '2123'
      content-location:
      - https://management.documents.azure.com:450/subscriptions/c9cbd920-c00c-427c-852b-8aaf38badaeb/resourceGroups/cli_test_cosmosdb_accountbzru5rwva2vfamxtxukdozvipclxttvgfkjjhju5u5idydkjhq/providers/Microsoft.DocumentDB/databaseAccounts/clivnk7vgwl2tsvh62kri4eu6yzkay2qyeu6c2f7?api-version=2015-04-08
      content-type:
      - application/json
      date:
      - Fri, 19 Apr 2019 22:20:00 GMT
      pragma:
      - no-cache
      server:
      - Microsoft-HTTPAPI/2.0
      strict-transport-security:
      - max-age=31536000; includeSubDomains
      transfer-encoding:
      - chunked
      vary:
      - Accept-Encoding
      x-content-type-options:
      - nosniff
      x-ms-gatewayversion:
      - version=2.2.0.0
    status:
      code: 200
      message: Ok
- request:
    body: null
    headers:
      Accept:
      - application/json
      Accept-Encoding:
      - gzip, deflate
      CommandName:
      - cosmosdb network-rule remove
      Connection:
      - keep-alive
      ParameterSetName:
      - -n -g --subnet
      User-Agent:
      - python/3.7.3 (Windows-10-10.0.17763-SP0) msrest/0.6.6 msrest_azure/0.6.0 azure-mgmt-cosmosdb/0.5.2
        Azure-SDK-For-Python AZURECLI/2.0.62
      accept-language:
      - en-US
    method: GET
    uri: https://management.azure.com/subscriptions/00000000-0000-0000-0000-000000000000/resourceGroups/cli_test_cosmosdb_account000001/providers/Microsoft.DocumentDB/databaseAccounts/cli000002?api-version=2015-04-08
  response:
    body:
      string: '{"id":"/subscriptions/00000000-0000-0000-0000-000000000000/resourceGroups/cli_test_cosmosdb_account000001/providers/Microsoft.DocumentDB/databaseAccounts/cli000002","name":"cli000002","location":"West
        US","type":"Microsoft.DocumentDB/databaseAccounts","kind":"GlobalDocumentDB","tags":{},"properties":{"provisioningState":"Succeeded","documentEndpoint":"https://cli000002.documents.azure.com:443/","ipRangeFilter":"","enableAutomaticFailover":false,"enableMultipleWriteLocations":false,"isVirtualNetworkFilterEnabled":true,"virtualNetworkRules":[{"id":"/subscriptions/00000000-0000-0000-0000-000000000000/resourceGroups/cli_test_cosmosdb_account000001/providers/Microsoft.Network/virtualNetworks/cli000003/subnets/cli000004","ignoreMissingVNetServiceEndpoint":true}],"EnabledApiTypes":"Sql","databaseAccountOfferType":"Standard","consistencyPolicy":{"defaultConsistencyLevel":"Session","maxIntervalInSeconds":5,"maxStalenessPrefix":100},"configurationOverrides":{},"writeLocations":[{"id":"cli000002-westus","locationName":"West
        US","documentEndpoint":"https://cli000002-westus.documents.azure.com:443/","provisioningState":"Succeeded","failoverPriority":0}],"readLocations":[{"id":"cli000002-westus","locationName":"West
        US","documentEndpoint":"https://cli000002-westus.documents.azure.com:443/","provisioningState":"Succeeded","failoverPriority":0}],"locations":[{"id":"cli000002-westus","locationName":"West
        US","documentEndpoint":"https://cli000002-westus.documents.azure.com:443/","provisioningState":"Succeeded","failoverPriority":0}],"failoverPolicies":[{"id":"cli000002-westus","locationName":"West
        US","failoverPriority":0}],"cors":[],"capabilities":[]}}'
    headers:
      cache-control:
      - no-store, no-cache
      content-length:
      - '2123'
      content-location:
      - https://management.documents.azure.com:450/subscriptions/c9cbd920-c00c-427c-852b-8aaf38badaeb/resourceGroups/cli_test_cosmosdb_accountbzru5rwva2vfamxtxukdozvipclxttvgfkjjhju5u5idydkjhq/providers/Microsoft.DocumentDB/databaseAccounts/clivnk7vgwl2tsvh62kri4eu6yzkay2qyeu6c2f7?api-version=2015-04-08
      content-type:
      - application/json
      date:
      - Fri, 19 Apr 2019 22:20:00 GMT
      pragma:
      - no-cache
      server:
      - Microsoft-HTTPAPI/2.0
      strict-transport-security:
      - max-age=31536000; includeSubDomains
      transfer-encoding:
      - chunked
      vary:
      - Accept-Encoding
      x-content-type-options:
      - nosniff
      x-ms-gatewayversion:
      - version=2.2.0.0
    status:
      code: 200
      message: Ok
- request:
    body: '{"location": "West US", "tags": {}, "kind": "GlobalDocumentDB", "properties":
      {"consistencyPolicy": {"defaultConsistencyLevel": "Session", "maxStalenessPrefix":
      100, "maxIntervalInSeconds": 5}, "locations": [{"locationName": "West US", "failoverPriority":
      0}], "databaseAccountOfferType": "Standard", "ipRangeFilter": "", "isVirtualNetworkFilterEnabled":
      true, "enableAutomaticFailover": false, "capabilities": [], "virtualNetworkRules":
      [], "enableMultipleWriteLocations": false}}'
    headers:
      Accept:
      - application/json
      Accept-Encoding:
      - gzip, deflate
      CommandName:
      - cosmosdb network-rule remove
      Connection:
      - keep-alive
      Content-Length:
      - '481'
      Content-Type:
      - application/json; charset=utf-8
      ParameterSetName:
      - -n -g --subnet
      User-Agent:
      - python/3.7.3 (Windows-10-10.0.17763-SP0) msrest/0.6.6 msrest_azure/0.6.0 azure-mgmt-cosmosdb/0.5.2
        Azure-SDK-For-Python AZURECLI/2.0.62
      accept-language:
      - en-US
    method: PUT
    uri: https://management.azure.com/subscriptions/00000000-0000-0000-0000-000000000000/resourceGroups/cli_test_cosmosdb_account000001/providers/Microsoft.DocumentDB/databaseAccounts/cli000002?api-version=2015-04-08
  response:
    body:
      string: '{"id":"/subscriptions/00000000-0000-0000-0000-000000000000/resourceGroups/cli_test_cosmosdb_account000001/providers/Microsoft.DocumentDB/databaseAccounts/cli000002","name":"cli000002","location":"West
        US","type":"Microsoft.DocumentDB/databaseAccounts","kind":"GlobalDocumentDB","tags":{},"properties":{"provisioningState":"Updating","documentEndpoint":"https://cli000002.documents.azure.com:443/","ipRangeFilter":"","enableAutomaticFailover":false,"enableMultipleWriteLocations":false,"isVirtualNetworkFilterEnabled":true,"virtualNetworkRules":[{"id":"/subscriptions/00000000-0000-0000-0000-000000000000/resourceGroups/cli_test_cosmosdb_account000001/providers/Microsoft.Network/virtualNetworks/cli000003/subnets/cli000004","ignoreMissingVNetServiceEndpoint":true}],"EnabledApiTypes":"Sql","databaseAccountOfferType":"Standard","consistencyPolicy":{"defaultConsistencyLevel":"Session","maxIntervalInSeconds":5,"maxStalenessPrefix":100},"configurationOverrides":{},"writeLocations":[{"id":"cli000002-westus","locationName":"West
        US","documentEndpoint":"https://cli000002-westus.documents.azure.com:443/","provisioningState":"Updating","failoverPriority":0}],"readLocations":[{"id":"cli000002-westus","locationName":"West
        US","documentEndpoint":"https://cli000002-westus.documents.azure.com:443/","provisioningState":"Updating","failoverPriority":0}],"locations":[{"id":"cli000002-westus","locationName":"West
        US","documentEndpoint":"https://cli000002-westus.documents.azure.com:443/","provisioningState":"Updating","failoverPriority":0}],"failoverPolicies":[{"id":"cli000002-westus","locationName":"West
        US","failoverPriority":0}],"cors":[],"capabilities":[]}}'
    headers:
      cache-control:
      - no-store, no-cache
      content-length:
      - '2119'
      content-location:
      - https://management.documents.azure.com:450/subscriptions/c9cbd920-c00c-427c-852b-8aaf38badaeb/resourceGroups/cli_test_cosmosdb_accountbzru5rwva2vfamxtxukdozvipclxttvgfkjjhju5u5idydkjhq/providers/Microsoft.DocumentDB/databaseAccounts/clivnk7vgwl2tsvh62kri4eu6yzkay2qyeu6c2f7?api-version=2015-04-08
      content-type:
      - application/json
      date:
      - Fri, 19 Apr 2019 22:20:02 GMT
      location:
      - https://management.azure.com/subscriptions/00000000-0000-0000-0000-000000000000/resourceGroups/cli_test_cosmosdb_account000001/providers/Microsoft.DocumentDB/databaseAccounts/cli000002/operationResults/fcea96a0-fb65-4ed2-86a4-ed20282ca45d?api-version=2015-04-08
      pragma:
      - no-cache
      server:
      - Microsoft-HTTPAPI/2.0
      strict-transport-security:
      - max-age=31536000; includeSubDomains
      transfer-encoding:
      - chunked
      vary:
      - Accept-Encoding
      x-content-type-options:
      - nosniff
      x-ms-gatewayversion:
      - version=2.2.0.0
      x-ms-ratelimit-remaining-subscription-writes:
      - '1195'
    status:
      code: 200
      message: Ok
- request:
    body: null
    headers:
      Accept:
      - application/json
      Accept-Encoding:
      - gzip, deflate
      CommandName:
      - cosmosdb network-rule remove
      Connection:
      - keep-alive
      ParameterSetName:
      - -n -g --subnet
      User-Agent:
      - python/3.7.3 (Windows-10-10.0.17763-SP0) msrest/0.6.6 msrest_azure/0.6.0 azure-mgmt-cosmosdb/0.5.2
        Azure-SDK-For-Python AZURECLI/2.0.62
    method: GET
    uri: https://management.azure.com/subscriptions/00000000-0000-0000-0000-000000000000/resourceGroups/cli_test_cosmosdb_account000001/providers/Microsoft.DocumentDB/databaseAccounts/cli000002/operationResults/fcea96a0-fb65-4ed2-86a4-ed20282ca45d?api-version=2015-04-08
  response:
    body:
      string: '{"status":"Dequeued","error":{}}'
    headers:
      cache-control:
      - no-store, no-cache
      content-length:
      - '32'
      content-location:
      - https://management.documents.azure.com:450/subscriptions/c9cbd920-c00c-427c-852b-8aaf38badaeb/resourceGroups/cli_test_cosmosdb_accountbzru5rwva2vfamxtxukdozvipclxttvgfkjjhju5u5idydkjhq/providers/Microsoft.DocumentDB/databaseAccounts/clivnk7vgwl2tsvh62kri4eu6yzkay2qyeu6c2f7/operationResults/fcea96a0-fb65-4ed2-86a4-ed20282ca45d?api-version=2015-04-08
      content-type:
      - application/json
      date:
      - Fri, 19 Apr 2019 22:20:32 GMT
      location:
      - https://management.azure.com/subscriptions/00000000-0000-0000-0000-000000000000/resourceGroups/cli_test_cosmosdb_account000001/providers/Microsoft.DocumentDB/databaseAccounts/cli000002/operationResults/fcea96a0-fb65-4ed2-86a4-ed20282ca45d?api-version=2015-04-08
      pragma:
      - no-cache
      server:
      - Microsoft-HTTPAPI/2.0
      strict-transport-security:
      - max-age=31536000; includeSubDomains
      x-content-type-options:
      - nosniff
      x-ms-gatewayversion:
      - version=2.2.0.0
    status:
      code: 202
      message: Accepted
- request:
    body: null
    headers:
      Accept:
      - application/json
      Accept-Encoding:
      - gzip, deflate
      CommandName:
      - cosmosdb network-rule remove
      Connection:
      - keep-alive
      ParameterSetName:
      - -n -g --subnet
      User-Agent:
      - python/3.7.3 (Windows-10-10.0.17763-SP0) msrest/0.6.6 msrest_azure/0.6.0 azure-mgmt-cosmosdb/0.5.2
        Azure-SDK-For-Python AZURECLI/2.0.62
    method: GET
    uri: https://management.azure.com/subscriptions/00000000-0000-0000-0000-000000000000/resourceGroups/cli_test_cosmosdb_account000001/providers/Microsoft.DocumentDB/databaseAccounts/cli000002/operationResults/fcea96a0-fb65-4ed2-86a4-ed20282ca45d?api-version=2015-04-08
  response:
    body:
      string: '{"status":"Dequeued","error":{}}'
    headers:
      cache-control:
      - no-store, no-cache
      content-length:
      - '32'
      content-location:
      - https://management.documents.azure.com:450/subscriptions/c9cbd920-c00c-427c-852b-8aaf38badaeb/resourceGroups/cli_test_cosmosdb_accountbzru5rwva2vfamxtxukdozvipclxttvgfkjjhju5u5idydkjhq/providers/Microsoft.DocumentDB/databaseAccounts/clivnk7vgwl2tsvh62kri4eu6yzkay2qyeu6c2f7/operationResults/fcea96a0-fb65-4ed2-86a4-ed20282ca45d?api-version=2015-04-08
      content-type:
      - application/json
      date:
      - Fri, 19 Apr 2019 22:21:02 GMT
      location:
      - https://management.azure.com/subscriptions/00000000-0000-0000-0000-000000000000/resourceGroups/cli_test_cosmosdb_account000001/providers/Microsoft.DocumentDB/databaseAccounts/cli000002/operationResults/fcea96a0-fb65-4ed2-86a4-ed20282ca45d?api-version=2015-04-08
      pragma:
      - no-cache
      server:
      - Microsoft-HTTPAPI/2.0
      strict-transport-security:
      - max-age=31536000; includeSubDomains
      x-content-type-options:
      - nosniff
      x-ms-gatewayversion:
      - version=2.2.0.0
    status:
      code: 202
      message: Accepted
- request:
    body: null
    headers:
      Accept:
      - application/json
      Accept-Encoding:
      - gzip, deflate
      CommandName:
      - cosmosdb network-rule remove
      Connection:
      - keep-alive
      ParameterSetName:
      - -n -g --subnet
      User-Agent:
      - python/3.7.3 (Windows-10-10.0.17763-SP0) msrest/0.6.6 msrest_azure/0.6.0 azure-mgmt-cosmosdb/0.5.2
        Azure-SDK-For-Python AZURECLI/2.0.62
    method: GET
    uri: https://management.azure.com/subscriptions/00000000-0000-0000-0000-000000000000/resourceGroups/cli_test_cosmosdb_account000001/providers/Microsoft.DocumentDB/databaseAccounts/cli000002/operationResults/fcea96a0-fb65-4ed2-86a4-ed20282ca45d?api-version=2015-04-08
  response:
    body:
      string: '{"status":"Dequeued","error":{}}'
    headers:
      cache-control:
      - no-store, no-cache
      content-length:
      - '32'
      content-location:
      - https://management.documents.azure.com:450/subscriptions/c9cbd920-c00c-427c-852b-8aaf38badaeb/resourceGroups/cli_test_cosmosdb_accountbzru5rwva2vfamxtxukdozvipclxttvgfkjjhju5u5idydkjhq/providers/Microsoft.DocumentDB/databaseAccounts/clivnk7vgwl2tsvh62kri4eu6yzkay2qyeu6c2f7/operationResults/fcea96a0-fb65-4ed2-86a4-ed20282ca45d?api-version=2015-04-08
      content-type:
      - application/json
      date:
      - Fri, 19 Apr 2019 22:21:33 GMT
      location:
      - https://management.azure.com/subscriptions/00000000-0000-0000-0000-000000000000/resourceGroups/cli_test_cosmosdb_account000001/providers/Microsoft.DocumentDB/databaseAccounts/cli000002/operationResults/fcea96a0-fb65-4ed2-86a4-ed20282ca45d?api-version=2015-04-08
      pragma:
      - no-cache
      server:
      - Microsoft-HTTPAPI/2.0
      strict-transport-security:
      - max-age=31536000; includeSubDomains
      x-content-type-options:
      - nosniff
      x-ms-gatewayversion:
      - version=2.2.0.0
    status:
      code: 202
      message: Accepted
- request:
    body: null
    headers:
      Accept:
      - application/json
      Accept-Encoding:
      - gzip, deflate
      CommandName:
      - cosmosdb network-rule remove
      Connection:
      - keep-alive
      ParameterSetName:
      - -n -g --subnet
      User-Agent:
      - python/3.7.3 (Windows-10-10.0.17763-SP0) msrest/0.6.6 msrest_azure/0.6.0 azure-mgmt-cosmosdb/0.5.2
        Azure-SDK-For-Python AZURECLI/2.0.62
    method: GET
    uri: https://management.azure.com/subscriptions/00000000-0000-0000-0000-000000000000/resourceGroups/cli_test_cosmosdb_account000001/providers/Microsoft.DocumentDB/databaseAccounts/cli000002/operationResults/fcea96a0-fb65-4ed2-86a4-ed20282ca45d?api-version=2015-04-08
  response:
    body:
      string: '{"status":"Dequeued","error":{}}'
    headers:
      cache-control:
      - no-store, no-cache
      content-length:
      - '32'
      content-location:
      - https://management.documents.azure.com:450/subscriptions/c9cbd920-c00c-427c-852b-8aaf38badaeb/resourceGroups/cli_test_cosmosdb_accountbzru5rwva2vfamxtxukdozvipclxttvgfkjjhju5u5idydkjhq/providers/Microsoft.DocumentDB/databaseAccounts/clivnk7vgwl2tsvh62kri4eu6yzkay2qyeu6c2f7/operationResults/fcea96a0-fb65-4ed2-86a4-ed20282ca45d?api-version=2015-04-08
      content-type:
      - application/json
      date:
      - Fri, 19 Apr 2019 22:22:04 GMT
      location:
      - https://management.azure.com/subscriptions/00000000-0000-0000-0000-000000000000/resourceGroups/cli_test_cosmosdb_account000001/providers/Microsoft.DocumentDB/databaseAccounts/cli000002/operationResults/fcea96a0-fb65-4ed2-86a4-ed20282ca45d?api-version=2015-04-08
      pragma:
      - no-cache
      server:
      - Microsoft-HTTPAPI/2.0
      strict-transport-security:
      - max-age=31536000; includeSubDomains
      x-content-type-options:
      - nosniff
      x-ms-gatewayversion:
      - version=2.2.0.0
    status:
      code: 202
      message: Accepted
- request:
    body: null
    headers:
      Accept:
      - application/json
      Accept-Encoding:
      - gzip, deflate
      CommandName:
      - cosmosdb network-rule remove
      Connection:
      - keep-alive
      ParameterSetName:
      - -n -g --subnet
      User-Agent:
      - python/3.7.3 (Windows-10-10.0.17763-SP0) msrest/0.6.6 msrest_azure/0.6.0 azure-mgmt-cosmosdb/0.5.2
        Azure-SDK-For-Python AZURECLI/2.0.62
    method: GET
    uri: https://management.azure.com/subscriptions/00000000-0000-0000-0000-000000000000/resourceGroups/cli_test_cosmosdb_account000001/providers/Microsoft.DocumentDB/databaseAccounts/cli000002/operationResults/fcea96a0-fb65-4ed2-86a4-ed20282ca45d?api-version=2015-04-08
  response:
    body:
      string: '{"status":"Dequeued","error":{}}'
    headers:
      cache-control:
      - no-store, no-cache
      content-length:
      - '32'
      content-location:
      - https://management.documents.azure.com:450/subscriptions/c9cbd920-c00c-427c-852b-8aaf38badaeb/resourceGroups/cli_test_cosmosdb_accountbzru5rwva2vfamxtxukdozvipclxttvgfkjjhju5u5idydkjhq/providers/Microsoft.DocumentDB/databaseAccounts/clivnk7vgwl2tsvh62kri4eu6yzkay2qyeu6c2f7/operationResults/fcea96a0-fb65-4ed2-86a4-ed20282ca45d?api-version=2015-04-08
      content-type:
      - application/json
      date:
      - Fri, 19 Apr 2019 22:22:34 GMT
      location:
      - https://management.azure.com/subscriptions/00000000-0000-0000-0000-000000000000/resourceGroups/cli_test_cosmosdb_account000001/providers/Microsoft.DocumentDB/databaseAccounts/cli000002/operationResults/fcea96a0-fb65-4ed2-86a4-ed20282ca45d?api-version=2015-04-08
      pragma:
      - no-cache
      server:
      - Microsoft-HTTPAPI/2.0
      strict-transport-security:
      - max-age=31536000; includeSubDomains
      x-content-type-options:
      - nosniff
      x-ms-gatewayversion:
      - version=2.2.0.0
    status:
      code: 202
      message: Accepted
- request:
    body: null
    headers:
      Accept:
      - application/json
      Accept-Encoding:
      - gzip, deflate
      CommandName:
      - cosmosdb network-rule remove
      Connection:
      - keep-alive
      ParameterSetName:
      - -n -g --subnet
      User-Agent:
      - python/3.7.3 (Windows-10-10.0.17763-SP0) msrest/0.6.6 msrest_azure/0.6.0 azure-mgmt-cosmosdb/0.5.2
        Azure-SDK-For-Python AZURECLI/2.0.62
    method: GET
    uri: https://management.azure.com/subscriptions/00000000-0000-0000-0000-000000000000/resourceGroups/cli_test_cosmosdb_account000001/providers/Microsoft.DocumentDB/databaseAccounts/cli000002/operationResults/fcea96a0-fb65-4ed2-86a4-ed20282ca45d?api-version=2015-04-08
  response:
    body:
      string: '{"status":"Dequeued","error":{}}'
    headers:
      cache-control:
      - no-store, no-cache
      content-length:
      - '32'
      content-location:
      - https://management.documents.azure.com:450/subscriptions/c9cbd920-c00c-427c-852b-8aaf38badaeb/resourceGroups/cli_test_cosmosdb_accountbzru5rwva2vfamxtxukdozvipclxttvgfkjjhju5u5idydkjhq/providers/Microsoft.DocumentDB/databaseAccounts/clivnk7vgwl2tsvh62kri4eu6yzkay2qyeu6c2f7/operationResults/fcea96a0-fb65-4ed2-86a4-ed20282ca45d?api-version=2015-04-08
      content-type:
      - application/json
      date:
      - Fri, 19 Apr 2019 22:23:05 GMT
      location:
      - https://management.azure.com/subscriptions/00000000-0000-0000-0000-000000000000/resourceGroups/cli_test_cosmosdb_account000001/providers/Microsoft.DocumentDB/databaseAccounts/cli000002/operationResults/fcea96a0-fb65-4ed2-86a4-ed20282ca45d?api-version=2015-04-08
      pragma:
      - no-cache
      server:
      - Microsoft-HTTPAPI/2.0
      strict-transport-security:
      - max-age=31536000; includeSubDomains
      x-content-type-options:
      - nosniff
      x-ms-gatewayversion:
      - version=2.2.0.0
    status:
      code: 202
      message: Accepted
- request:
    body: null
    headers:
      Accept:
      - application/json
      Accept-Encoding:
      - gzip, deflate
      CommandName:
      - cosmosdb network-rule remove
      Connection:
      - keep-alive
      ParameterSetName:
      - -n -g --subnet
      User-Agent:
      - python/3.7.3 (Windows-10-10.0.17763-SP0) msrest/0.6.6 msrest_azure/0.6.0 azure-mgmt-cosmosdb/0.5.2
        Azure-SDK-For-Python AZURECLI/2.0.62
    method: GET
    uri: https://management.azure.com/subscriptions/00000000-0000-0000-0000-000000000000/resourceGroups/cli_test_cosmosdb_account000001/providers/Microsoft.DocumentDB/databaseAccounts/cli000002/operationResults/fcea96a0-fb65-4ed2-86a4-ed20282ca45d?api-version=2015-04-08
  response:
    body:
      string: '{"status":"Succeeded","error":{}}'
    headers:
      cache-control:
      - no-store, no-cache
      content-length:
      - '33'
      content-location:
      - https://management.documents.azure.com:450/subscriptions/c9cbd920-c00c-427c-852b-8aaf38badaeb/resourceGroups/cli_test_cosmosdb_accountbzru5rwva2vfamxtxukdozvipclxttvgfkjjhju5u5idydkjhq/providers/Microsoft.DocumentDB/databaseAccounts/clivnk7vgwl2tsvh62kri4eu6yzkay2qyeu6c2f7/operationResults/fcea96a0-fb65-4ed2-86a4-ed20282ca45d?api-version=2015-04-08
      content-type:
      - application/json
      date:
      - Fri, 19 Apr 2019 22:23:36 GMT
      pragma:
      - no-cache
      server:
      - Microsoft-HTTPAPI/2.0
      strict-transport-security:
      - max-age=31536000; includeSubDomains
      transfer-encoding:
      - chunked
      vary:
      - Accept-Encoding
      x-content-type-options:
      - nosniff
      x-ms-gatewayversion:
      - version=2.2.0.0
    status:
      code: 200
      message: Ok
- request:
    body: null
    headers:
      Accept:
      - application/json
      Accept-Encoding:
      - gzip, deflate
      CommandName:
      - cosmosdb network-rule remove
      Connection:
      - keep-alive
      ParameterSetName:
      - -n -g --subnet
      User-Agent:
      - python/3.7.3 (Windows-10-10.0.17763-SP0) msrest/0.6.6 msrest_azure/0.6.0 azure-mgmt-cosmosdb/0.5.2
        Azure-SDK-For-Python AZURECLI/2.0.62
      accept-language:
      - en-US
    method: GET
    uri: https://management.azure.com/subscriptions/00000000-0000-0000-0000-000000000000/resourceGroups/cli_test_cosmosdb_account000001/providers/Microsoft.DocumentDB/databaseAccounts/cli000002?api-version=2015-04-08
  response:
    body:
      string: '{"id":"/subscriptions/00000000-0000-0000-0000-000000000000/resourceGroups/cli_test_cosmosdb_account000001/providers/Microsoft.DocumentDB/databaseAccounts/cli000002","name":"cli000002","location":"West
        US","type":"Microsoft.DocumentDB/databaseAccounts","kind":"GlobalDocumentDB","tags":{},"properties":{"provisioningState":"Succeeded","documentEndpoint":"https://cli000002.documents.azure.com:443/","ipRangeFilter":"","enableAutomaticFailover":false,"enableMultipleWriteLocations":false,"isVirtualNetworkFilterEnabled":true,"virtualNetworkRules":[],"EnabledApiTypes":"Sql","databaseAccountOfferType":"Standard","consistencyPolicy":{"defaultConsistencyLevel":"Session","maxIntervalInSeconds":5,"maxStalenessPrefix":100},"configurationOverrides":{},"writeLocations":[{"id":"cli000002-westus","locationName":"West
        US","documentEndpoint":"https://cli000002-westus.documents.azure.com:443/","provisioningState":"Succeeded","failoverPriority":0}],"readLocations":[{"id":"cli000002-westus","locationName":"West
        US","documentEndpoint":"https://cli000002-westus.documents.azure.com:443/","provisioningState":"Succeeded","failoverPriority":0}],"locations":[{"id":"cli000002-westus","locationName":"West
        US","documentEndpoint":"https://cli000002-westus.documents.azure.com:443/","provisioningState":"Succeeded","failoverPriority":0}],"failoverPolicies":[{"id":"cli000002-westus","locationName":"West
        US","failoverPriority":0}],"cors":[],"capabilities":[]}}'
    headers:
      cache-control:
      - no-store, no-cache
      content-length:
      - '1798'
      content-location:
      - https://management.documents.azure.com:450/subscriptions/c9cbd920-c00c-427c-852b-8aaf38badaeb/resourceGroups/cli_test_cosmosdb_accountbzru5rwva2vfamxtxukdozvipclxttvgfkjjhju5u5idydkjhq/providers/Microsoft.DocumentDB/databaseAccounts/clivnk7vgwl2tsvh62kri4eu6yzkay2qyeu6c2f7?api-version=2015-04-08
      content-type:
      - application/json
      date:
      - Fri, 19 Apr 2019 22:23:36 GMT
      pragma:
      - no-cache
      server:
      - Microsoft-HTTPAPI/2.0
      strict-transport-security:
      - max-age=31536000; includeSubDomains
      transfer-encoding:
      - chunked
      vary:
      - Accept-Encoding
      x-content-type-options:
      - nosniff
      x-ms-gatewayversion:
      - version=2.2.0.0
    status:
      code: 200
      message: Ok
- request:
    body: null
    headers:
      Accept:
      - application/json
      Accept-Encoding:
      - gzip, deflate
      CommandName:
      - cosmosdb network-rule list
      Connection:
      - keep-alive
      ParameterSetName:
      - -n -g
      User-Agent:
      - python/3.7.3 (Windows-10-10.0.17763-SP0) msrest/0.6.6 msrest_azure/0.6.0 azure-mgmt-cosmosdb/0.5.2
        Azure-SDK-For-Python AZURECLI/2.0.62
      accept-language:
      - en-US
    method: GET
    uri: https://management.azure.com/subscriptions/00000000-0000-0000-0000-000000000000/resourceGroups/cli_test_cosmosdb_account000001/providers/Microsoft.DocumentDB/databaseAccounts/cli000002?api-version=2015-04-08
  response:
    body:
      string: '{"id":"/subscriptions/00000000-0000-0000-0000-000000000000/resourceGroups/cli_test_cosmosdb_account000001/providers/Microsoft.DocumentDB/databaseAccounts/cli000002","name":"cli000002","location":"West
        US","type":"Microsoft.DocumentDB/databaseAccounts","kind":"GlobalDocumentDB","tags":{},"properties":{"provisioningState":"Succeeded","documentEndpoint":"https://cli000002.documents.azure.com:443/","ipRangeFilter":"","enableAutomaticFailover":false,"enableMultipleWriteLocations":false,"isVirtualNetworkFilterEnabled":true,"virtualNetworkRules":[],"EnabledApiTypes":"Sql","databaseAccountOfferType":"Standard","consistencyPolicy":{"defaultConsistencyLevel":"Session","maxIntervalInSeconds":5,"maxStalenessPrefix":100},"configurationOverrides":{},"writeLocations":[{"id":"cli000002-westus","locationName":"West
        US","documentEndpoint":"https://cli000002-westus.documents.azure.com:443/","provisioningState":"Succeeded","failoverPriority":0}],"readLocations":[{"id":"cli000002-westus","locationName":"West
        US","documentEndpoint":"https://cli000002-westus.documents.azure.com:443/","provisioningState":"Succeeded","failoverPriority":0}],"locations":[{"id":"cli000002-westus","locationName":"West
        US","documentEndpoint":"https://cli000002-westus.documents.azure.com:443/","provisioningState":"Succeeded","failoverPriority":0}],"failoverPolicies":[{"id":"cli000002-westus","locationName":"West
        US","failoverPriority":0}],"cors":[],"capabilities":[]}}'
    headers:
      cache-control:
      - no-store, no-cache
      content-length:
      - '1798'
      content-location:
      - https://management.documents.azure.com:450/subscriptions/c9cbd920-c00c-427c-852b-8aaf38badaeb/resourceGroups/cli_test_cosmosdb_accountbzru5rwva2vfamxtxukdozvipclxttvgfkjjhju5u5idydkjhq/providers/Microsoft.DocumentDB/databaseAccounts/clivnk7vgwl2tsvh62kri4eu6yzkay2qyeu6c2f7?api-version=2015-04-08
      content-type:
      - application/json
      date:
      - Fri, 19 Apr 2019 22:23:37 GMT
      pragma:
      - no-cache
      server:
      - Microsoft-HTTPAPI/2.0
      strict-transport-security:
      - max-age=31536000; includeSubDomains
      transfer-encoding:
      - chunked
      vary:
      - Accept-Encoding
      x-content-type-options:
      - nosniff
      x-ms-gatewayversion:
      - version=2.2.0.0
    status:
      code: 200
      message: Ok
- request:
    body: null
    headers:
      Accept:
      - application/json
      Accept-Encoding:
      - gzip, deflate
      CommandName:
      - group delete
      Connection:
      - keep-alive
      Content-Length:
      - '0'
      ParameterSetName:
      - --name --yes --no-wait
      User-Agent:
      - python/3.7.3 (Windows-10-10.0.17763-SP0) msrest/0.6.6 msrest_azure/0.6.0 resourcemanagementclient/2.1.0
        Azure-SDK-For-Python AZURECLI/2.0.62
      accept-language:
      - en-US
    method: DELETE
    uri: https://management.azure.com/subscriptions/00000000-0000-0000-0000-000000000000/resourcegroups/cli_test_cosmosdb_account000001?api-version=2018-05-01
  response:
    body:
      string: ''
    headers:
      cache-control:
      - no-cache
      content-length:
      - '0'
      date:
      - Fri, 19 Apr 2019 22:23:38 GMT
      expires:
      - '-1'
      location:
      - https://management.azure.com/subscriptions/00000000-0000-0000-0000-000000000000/operationresults/eyJqb2JJZCI6IlJFU09VUkNFR1JPVVBERUxFVElPTkpPQi1DTEk6NUZURVNUOjVGQ09TTU9TREI6NUZBQ0NPVU5UQlpSVTVSV1ZBMlZGQU1YVHw2ODQwMjNBMTgwRTJDNjI2LVdFU1RVUyIsImpvYkxvY2F0aW9uIjoid2VzdHVzIn0?api-version=2018-05-01
      pragma:
      - no-cache
      strict-transport-security:
      - max-age=31536000; includeSubDomains
      x-content-type-options:
      - nosniff
      x-ms-ratelimit-remaining-subscription-deletes:
      - '14998'
    status:
      code: 202
      message: Accepted
version: 1
