interactions:
- request:
    body: '{"location": "eastus", "tags": {"product": "azurecli", "cause": "automation",
      "date": "2018-08-03T20:22:27Z"}}'
    headers:
      Accept: [application/json]
      Accept-Encoding: ['gzip, deflate']
      CommandName: [group create]
      Connection: [keep-alive]
      Content-Length: ['110']
      Content-Type: [application/json; charset=utf-8]
      User-Agent: [python/3.7.0 (Darwin-17.4.0-x86_64-i386-64bit) requests/2.19.1
          msrest/0.5.4 msrest_azure/0.4.34 resourcemanagementclient/2.0.0 Azure-SDK-For-Python
          AZURECLI/2.0.43]
      accept-language: [en-US]
    method: PUT
    uri: https://management.azure.com/subscriptions/00000000-0000-0000-0000-000000000000/resourcegroups/clitest000001?api-version=2018-05-01
  response:
    body: {string: '{"id":"/subscriptions/00000000-0000-0000-0000-000000000000/resourceGroups/clitest000001","name":"clitest000001","location":"eastus","tags":{"product":"azurecli","cause":"automation","date":"2018-08-03T20:22:27Z"},"properties":{"provisioningState":"Succeeded"}}'}
    headers:
      cache-control: [no-cache]
      content-length: ['268']
      content-type: [application/json; charset=utf-8]
      date: ['Fri, 03 Aug 2018 20:22:28 GMT']
      expires: ['-1']
      pragma: [no-cache]
      strict-transport-security: [max-age=31536000; includeSubDomains]
      x-content-type-options: [nosniff]
      x-ms-ratelimit-remaining-subscription-writes: ['1197']
    status: {code: 201, message: Created}
- request:
    body: null
    headers:
      Accept: [application/json]
      Accept-Encoding: ['gzip, deflate']
      CommandName: [ad sp create-for-rbac]
      Connection: [keep-alive]
      Content-Type: [application/json; charset=utf-8]
      User-Agent: [python/3.7.0 (Darwin-17.4.0-x86_64-i386-64bit) requests/2.19.1
          msrest/0.5.4 msrest_azure/0.4.34 azure-graphrbac/0.40.0 Azure-SDK-For-Python
          AZURECLI/2.0.43]
      accept-language: [en-US]
    method: GET
    uri: https://graph.windows.net/00000000-0000-0000-0000-000000000000/servicePrincipals?$filter=servicePrincipalNames%2Fany%28x%3Ax%20eq%20%27http%3A%2F%2Fclitest000002%27%29&api-version=1.6
  response:
    body: {string: '{"odata.metadata":"https://graph.windows.net/00000000-0000-0000-0000-000000000000/$metadata#directoryObjects/Microsoft.DirectoryServices.ServicePrincipal","value":[]}'}
    headers:
      access-control-allow-origin: ['*']
      cache-control: [no-cache]
      content-length: ['166']
      content-type: [application/json; odata=minimalmetadata; streaming=true; charset=utf-8]
      dataserviceversion: [3.0;]
      date: ['Fri, 03 Aug 2018 20:22:28 GMT']
      duration: ['807186']
      expires: ['-1']
      ocp-aad-diagnostics-server-name: [YPCVOwAR3XOdfRvDdWZX3yHf1fnOOll9dsEetoCYv9Y=]
      ocp-aad-session-key: [--zvJJNiQwXSCkIg-bEywKpLx0YrszG_qmEyZ4XQ7qfIpw41W1b21kbtTodkgvC0NqmVxcJCaWIylFBayo-SmiuRZCVUHZqiO_trEVJtIGRsjVt6ryoxk5gTnNXhDBk-qMJh-kTYsRpKXIzktHb2Dw.gbbKxfkxmLcpkOVFNjT8a61immoKfhSPL6DErYkerUo]
      pragma: [no-cache]
      request-id: [a3b87c5e-d79a-4962-b70a-29d6ae0a3a52]
      server: [Microsoft-IIS/10.0]
      strict-transport-security: [max-age=31536000; includeSubDomains]
      x-aspnet-version: [4.0.30319]
      x-content-type-options: [nosniff]
      x-ms-dirapi-data-contract-version: ['1.6']
      x-powered-by: [ASP.NET]
    status: {code: 200, message: OK}
- request:
    body: 'b''{"availableToOtherTenants": false, "displayName": "azure-cli-2018-08-03-20-22-29",
      "homepage": "http://azure-cli-2018-08-03-20-22-29", "identifierUris": ["http://clitest000002"],
      "passwordCredentials": [{"startDate": "2018-08-03T20:22:29.367813Z", "endDate":
      "2019-08-03T20:22:29.367813Z", "keyId": "7759742b-d3a1-4e12-b14f-541ae8c26f58",
      "value": "88b7f339-7aa0-4cf6-801d-c3cd047a1107"}]}'''
    headers:
      Accept: [application/json]
      Accept-Encoding: ['gzip, deflate']
      CommandName: [ad sp create-for-rbac]
      Connection: [keep-alive]
      Content-Length: ['393']
      Content-Type: [application/json; charset=utf-8]
      User-Agent: [python/3.7.0 (Darwin-17.4.0-x86_64-i386-64bit) requests/2.19.1
          msrest/0.5.4 msrest_azure/0.4.34 azure-graphrbac/0.40.0 Azure-SDK-For-Python
          AZURECLI/2.0.43]
      accept-language: [en-US]
    method: POST
    uri: https://graph.windows.net/00000000-0000-0000-0000-000000000000/applications?api-version=1.6
  response:
    body: {string: '{"odata.metadata":"https://graph.windows.net/00000000-0000-0000-0000-000000000000/$metadata#directoryObjects/Microsoft.DirectoryServices.Application/@Element","odata.type":"Microsoft.DirectoryServices.Application","objectType":"Application","objectId":"14aad8c6-5747-4f10-ac31-ab7a96996c2c","deletionTimestamp":null,"acceptMappedClaims":null,"addIns":[],"appId":"65249a3c-45ab-4f50-993a-52742cafef97","appRoles":[],"availableToOtherTenants":false,"displayName":"azure-cli-2018-08-03-20-22-29","errorUrl":null,"groupMembershipClaims":null,"homepage":"http://azure-cli-2018-08-03-20-22-29","identifierUris":["http://clitest000002"],"informationalUrls":{"termsOfService":null,"support":null,"privacy":null,"marketing":null},"isDeviceOnlyAuthSupported":null,"keyCredentials":[],"knownClientApplications":[],"logoutUrl":null,"logo@odata.mediaContentType":"application/json;odata=minimalmetadata;
        charset=utf-8","logoUrl":null,"oauth2AllowIdTokenImplicitFlow":true,"oauth2AllowImplicitFlow":false,"oauth2AllowUrlPathMatching":false,"oauth2Permissions":[{"adminConsentDescription":"Allow
        the application to access azure-cli-2018-08-03-20-22-29 on behalf of the signed-in
        user.","adminConsentDisplayName":"Access azure-cli-2018-08-03-20-22-29","id":"14266b1e-739b-4149-9349-975fefdd0b39","isEnabled":true,"type":"User","userConsentDescription":"Allow
        the application to access azure-cli-2018-08-03-20-22-29 on your behalf.","userConsentDisplayName":"Access
        azure-cli-2018-08-03-20-22-29","value":"user_impersonation"}],"oauth2RequirePostResponse":false,"optionalClaims":null,"orgRestrictions":[],"parentalControlSettings":{"countriesBlockedForMinors":[],"legalAgeGroupRule":"Allow"},"passwordCredentials":[{"customKeyIdentifier":null,"endDate":"2019-08-03T20:22:29.367813Z","keyId":"7759742b-d3a1-4e12-b14f-541ae8c26f58","startDate":"2018-08-03T20:22:29.367813Z","value":null}],"publicClient":null,"publisherDomain":"microsoft.onmicrosoft.com","recordConsentConditions":null,"replyUrls":[],"requiredResourceAccess":[],"samlMetadataUrl":null,"signInAudience":"AzureADMyOrg","tokenEncryptionKeyId":null}'}
    headers:
      access-control-allow-origin: ['*']
      cache-control: [no-cache]
      content-length: ['2097']
      content-type: [application/json; odata=minimalmetadata; streaming=true; charset=utf-8]
      dataserviceversion: [3.0;]
      date: ['Fri, 03 Aug 2018 20:22:30 GMT']
      duration: ['18078879']
      expires: ['-1']
      location: ['https://graph.windows.net/00000000-0000-0000-0000-000000000000/directoryObjects/14aad8c6-5747-4f10-ac31-ab7a96996c2c/Microsoft.DirectoryServices.Application']
      ocp-aad-diagnostics-server-name: [UasoFGN58uUDZzrA1RYY1/OBZjmM666H3oLwSIakuf0=]
      ocp-aad-session-key: [TV597KnQWf7g8hITobbGjcbrc2Pe-lPkG7hLY3YJ1uv2KHr_gwzASI8x3anX9TNOmoECSIU63TVbJtPuRdIz8yLWGlBHQBxiGCSp4yMqXVT-ZUjZUI92TpTBFsebPhi7G49zhXUUF_QV3PvTuqXmTQ.iNx74g6vZlJiaAuDqkj2dV5t6u310v6MS65PcDOZ-cc]
      pragma: [no-cache]
      request-id: [ca71b22e-c996-4274-a9d4-ac955be8a865]
      server: [Microsoft-IIS/10.0]
      strict-transport-security: [max-age=31536000; includeSubDomains]
      x-aspnet-version: [4.0.30319]
      x-content-type-options: [nosniff]
      x-ms-dirapi-data-contract-version: ['1.6']
      x-powered-by: [ASP.NET]
    status: {code: 201, message: Created}
- request:
    body: '{"appId": "65249a3c-45ab-4f50-993a-52742cafef97", "accountEnabled": true}'
    headers:
      Accept: [application/json]
      Accept-Encoding: ['gzip, deflate']
      CommandName: [ad sp create-for-rbac]
      Connection: [keep-alive]
      Content-Length: ['73']
      Content-Type: [application/json; charset=utf-8]
      User-Agent: [python/3.7.0 (Darwin-17.4.0-x86_64-i386-64bit) requests/2.19.1
          msrest/0.5.4 msrest_azure/0.4.34 azure-graphrbac/0.40.0 Azure-SDK-For-Python
          AZURECLI/2.0.43]
      accept-language: [en-US]
    method: POST
    uri: https://graph.windows.net/00000000-0000-0000-0000-000000000000/servicePrincipals?api-version=1.6
  response:
    body: {string: '{"odata.metadata":"https://graph.windows.net/00000000-0000-0000-0000-000000000000/$metadata#directoryObjects/Microsoft.DirectoryServices.ServicePrincipal/@Element","odata.type":"Microsoft.DirectoryServices.ServicePrincipal","objectType":"ServicePrincipal","objectId":"f0979f93-dc79-4e2b-9103-b1cd2fc59b46","deletionTimestamp":null,"accountEnabled":true,"addIns":[],"alternativeNames":[],"appDisplayName":"azure-cli-2018-08-03-20-22-29","appId":"65249a3c-45ab-4f50-993a-52742cafef97","appOwnerTenantId":"72f988bf-86f1-41af-91ab-2d7cd011db47","appRoleAssignmentRequired":false,"appRoles":[],"displayName":"azure-cli-2018-08-03-20-22-29","errorUrl":null,"homepage":"http://azure-cli-2018-08-03-20-22-29","keyCredentials":[],"logoutUrl":null,"oauth2Permissions":[{"adminConsentDescription":"Allow
        the application to access azure-cli-2018-08-03-20-22-29 on behalf of the signed-in
        user.","adminConsentDisplayName":"Access azure-cli-2018-08-03-20-22-29","id":"14266b1e-739b-4149-9349-975fefdd0b39","isEnabled":true,"type":"User","userConsentDescription":"Allow
        the application to access azure-cli-2018-08-03-20-22-29 on your behalf.","userConsentDisplayName":"Access
        azure-cli-2018-08-03-20-22-29","value":"user_impersonation"}],"passwordCredentials":[],"preferredTokenSigningKeyThumbprint":null,"publisherName":"Microsoft","replyUrls":[],"samlMetadataUrl":null,"servicePrincipalNames":["65249a3c-45ab-4f50-993a-52742cafef97","http://clitest000002"],"servicePrincipalType":"Application","signInAudience":"AzureADMyOrg","tags":[],"tokenEncryptionKeyId":null}'}
    headers:
      access-control-allow-origin: ['*']
      cache-control: [no-cache]
      content-length: ['1555']
      content-type: [application/json; odata=minimalmetadata; streaming=true; charset=utf-8]
      dataserviceversion: [3.0;]
      date: ['Fri, 03 Aug 2018 20:22:31 GMT']
      duration: ['4485712']
      expires: ['-1']
      location: ['https://graph.windows.net/00000000-0000-0000-0000-000000000000/directoryObjects/f0979f93-dc79-4e2b-9103-b1cd2fc59b46/Microsoft.DirectoryServices.ServicePrincipal']
      ocp-aad-diagnostics-server-name: [aLjul60AojNkmrHXU2K8UCWjsiSBDyBxA+NSaz2RTqQ=]
      ocp-aad-session-key: [JmbdbHRZC3sqg1uwspxz2IQbQitdERheDYx9eOWg5Mhcg13WmzU3H7Qqz56ZbhEkH1Wg4OacyFOJqIHYAeKFQGxTjXmE5f-w1fBQ8MeBpMeFEMcXa5yki6SNhap3JODYFo7fkynpTReYjL-PxDc4Fg.5GqkVdcbarymKcQSasZwn8SUD5cO7zlkx_ujsRBdLZo]
      pragma: [no-cache]
      request-id: [269515fe-fef5-48a4-b83a-2d1145b5f0f8]
      server: [Microsoft-IIS/10.0]
      strict-transport-security: [max-age=31536000; includeSubDomains]
      x-aspnet-version: [4.0.30319]
      x-content-type-options: [nosniff]
      x-ms-dirapi-data-contract-version: ['1.6']
      x-powered-by: [ASP.NET]
    status: {code: 201, message: Created}
- request:
    body: null
    headers:
      Accept: [application/json]
      Accept-Encoding: ['gzip, deflate']
      CommandName: [aks create]
      Connection: [keep-alive]
      Content-Type: [application/json; charset=utf-8]
      User-Agent: [python/3.7.0 (Darwin-17.4.0-x86_64-i386-64bit) requests/2.19.1
          msrest/0.5.4 msrest_azure/0.4.34 resourcemanagementclient/2.0.0 Azure-SDK-For-Python
          AZURECLI/2.0.43]
      accept-language: [en-US]
    method: GET
    uri: https://management.azure.com/subscriptions/00000000-0000-0000-0000-000000000000/resourcegroups/clitest000001?api-version=2018-05-01
  response:
    body: {string: '{"id":"/subscriptions/00000000-0000-0000-0000-000000000000/resourceGroups/clitest000001","name":"clitest000001","location":"eastus","tags":{"product":"azurecli","cause":"automation","date":"2018-08-03T20:22:27Z"},"properties":{"provisioningState":"Succeeded"}}'}
    headers:
      cache-control: [no-cache]
      content-length: ['268']
      content-type: [application/json; charset=utf-8]
      date: ['Fri, 03 Aug 2018 20:22:31 GMT']
      expires: ['-1']
      pragma: [no-cache]
      strict-transport-security: [max-age=31536000; includeSubDomains]
      vary: [Accept-Encoding]
      x-content-type-options: [nosniff]
    status: {code: 200, message: OK}
- request:
    body: 'b''b\''{"location": "eastus", "properties": {"kubernetesVersion": "", "dnsPrefix":
      "cliaksdns000004", "agentPoolProfiles": [{"name": "nodepool1", "count": 1, "vmSize":
      "Standard_DS1_v2", "osType": "Linux"}], "linuxProfile": {"adminUsername": "azureuser",
      "ssh": {"publicKeys": [{"keyData": "ssh-rsa AAAAB3NzaC1yc2EAAAADAQABAAACAQCbIg1guRHbI0lV11wWDt1r2cUdcNd27CJsg+SfgC7miZeubtwUhbsPdhMQsfDyhOWHq1+ZL0M+nJZV63d/1dhmhtgyOqejUwrPlzKhydsbrsdUor+JmNJDdW01v7BXHyuymT8G4s09jCasNOwiufbP/qp72ruu0bIA1nySsvlf9pCQAuFkAnVnf/rFhUlOkhtRpwcq8SUNY2zRHR/EKb/4NWY1JzR4sa3q2fWIJdrrX0DvLoa5g9bIEd4Df79ba7v+yiUBOS0zT2ll+z4g9izHK3EO5d8hL4jYxcjKs+wcslSYRWrascfscLgMlMGh0CdKeNTDjHpGPncaf3Z+FwwwjWeuiNBxv7bJo13/8B/098KlVDl4GZqsoBCEjPyJfV6hO0y/LkRGkk7oHWKgeWAfKtfLItRp00eZ4fcJNK9kCaSMmEugoZWcI7NGbZXzqFWqbpRI7NcDP9+WIQ+i9U5vqWsqd/zng4kbuAJ6UuKqIzB0upYrLShfQE3SAck8oaLhJqqq56VfDuASNpJKidV+zq27HfSBmbXnkR/5AK337dc3MXKJypoK/QPMLKUAP5XLPbs+NddJQV7EZXd29DLgp+fRIg3edpKdO7ZErWhv7d+3Kws+e1Y+ypmR2WIVSwVyBEUfgv2C8Ts9gnTF4pNcEY/S2aBicz5Ew2+jdyGNQQ==
      test@example.com\\\\n"}]}}, "servicePrincipalProfile": {"clientId": "http://clitest000002",
      "secret": "88b7f339-7aa0-4cf6-801d-c3cd047a1107"}, "addonProfiles": {}, "enableRBAC":
      true}}\'''''
    headers:
      Accept: [application/json]
      Accept-Encoding: ['gzip, deflate']
      CommandName: [aks create]
      Connection: [keep-alive]
      Content-Length: ['1195']
      Content-Type: [application/json; charset=utf-8]
      User-Agent: [python/3.7.0 (Darwin-17.4.0-x86_64-i386-64bit) requests/2.19.1
          msrest/0.5.4 msrest_azure/0.4.34 azure-mgmt-containerservice/4.2.0 Azure-SDK-For-Python
          AZURECLI/2.0.43]
      accept-language: [en-US]
    method: PUT
    uri: https://management.azure.com/subscriptions/00000000-0000-0000-0000-000000000000/resourceGroups/clitest000001/providers/Microsoft.ContainerService/managedClusters/cliakstest000003?api-version=2018-03-31
  response:
    body: {string: "{\n  \"id\": \"/subscriptions/00000000-0000-0000-0000-000000000000/resourcegroups/clitest000001/providers/Microsoft.ContainerService/managedClusters/cliakstest000003\",\n
        \ \"location\": \"eastus\",\n  \"name\": \"cliakstest000003\",\n  \"type\":
        \"Microsoft.ContainerService/ManagedClusters\",\n  \"properties\": {\n   \"provisioningState\":
        \"Creating\",\n   \"kubernetesVersion\": \"1.9.9\",\n   \"dnsPrefix\": \"cliaksdns000004\",\n
        \  \"agentPoolProfiles\": [\n    {\n     \"name\": \"nodepool1\",\n     \"count\":
        1,\n     \"vmSize\": \"Standard_DS1_v2\",\n     \"storageProfile\": \"ManagedDisks\",\n
        \    \"maxPods\": 110,\n     \"osType\": \"Linux\"\n    }\n   ],\n   \"linuxProfile\":
        {\n    \"adminUsername\": \"azureuser\",\n    \"ssh\": {\n     \"publicKeys\":
        [\n      {\n       \"keyData\": \"ssh-rsa AAAAB3NzaC1yc2EAAAADAQABAAACAQCbIg1guRHbI0lV11wWDt1r2cUdcNd27CJsg+SfgC7miZeubtwUhbsPdhMQsfDyhOWHq1+ZL0M+nJZV63d/1dhmhtgyOqejUwrPlzKhydsbrsdUor+JmNJDdW01v7BXHyuymT8G4s09jCasNOwiufbP/qp72ruu0bIA1nySsvlf9pCQAuFkAnVnf/rFhUlOkhtRpwcq8SUNY2zRHR/EKb/4NWY1JzR4sa3q2fWIJdrrX0DvLoa5g9bIEd4Df79ba7v+yiUBOS0zT2ll+z4g9izHK3EO5d8hL4jYxcjKs+wcslSYRWrascfscLgMlMGh0CdKeNTDjHpGPncaf3Z+FwwwjWeuiNBxv7bJo13/8B/098KlVDl4GZqsoBCEjPyJfV6hO0y/LkRGkk7oHWKgeWAfKtfLItRp00eZ4fcJNK9kCaSMmEugoZWcI7NGbZXzqFWqbpRI7NcDP9+WIQ+i9U5vqWsqd/zng4kbuAJ6UuKqIzB0upYrLShfQE3SAck8oaLhJqqq56VfDuASNpJKidV+zq27HfSBmbXnkR/5AK337dc3MXKJypoK/QPMLKUAP5XLPbs+NddJQV7EZXd29DLgp+fRIg3edpKdO7ZErWhv7d+3Kws+e1Y+ypmR2WIVSwVyBEUfgv2C8Ts9gnTF4pNcEY/S2aBicz5Ew2+jdyGNQQ==
        test@example.com\\n\"\n      }\n     ]\n    }\n   },\n   \"servicePrincipalProfile\":
        {\n    \"clientId\": \"http://clitest000002\"\n   },\n   \"nodeResourceGroup\":
        \"MC_clitest000001_cliakstest000003_eastus\",\n   \"enableRBAC\": true,\n
        \  \"networkProfile\": {\n    \"networkPlugin\": \"kubenet\",\n    \"podCidr\":
        \"10.244.0.0/16\",\n    \"serviceCidr\": \"10.0.0.0/16\",\n    \"dnsServiceIP\":
        \"10.0.0.10\",\n    \"dockerBridgeCidr\": \"172.17.0.1/16\"\n   }\n  }\n }"}
    headers:
      azure-asyncoperation: ['https://management.azure.com/subscriptions/00000000-0000-0000-0000-000000000000/providers/Microsoft.ContainerService/locations/eastus/operations/21db8263-5f9e-43ca-a0c0-b0be1be2877c?api-version=2017-08-31']
      cache-control: [no-cache]
      content-length: ['1874']
      content-type: [application/json]
      date: ['Fri, 03 Aug 2018 20:22:36 GMT']
      expires: ['-1']
      pragma: [no-cache]
      server: [nginx]
      strict-transport-security: [max-age=31536000; includeSubDomains]
      x-content-type-options: [nosniff]
      x-ms-ratelimit-remaining-subscription-writes: ['1199']
    status: {code: 201, message: Created}
- request:
    body: null
    headers:
      Accept: [application/json]
      Accept-Encoding: ['gzip, deflate']
      CommandName: [aks create]
      Connection: [keep-alive]
      User-Agent: [python/3.7.0 (Darwin-17.4.0-x86_64-i386-64bit) requests/2.19.1
          msrest/0.5.4 msrest_azure/0.4.34 azure-mgmt-containerservice/4.2.0 Azure-SDK-For-Python
          AZURECLI/2.0.43]
    method: GET
    uri: https://management.azure.com/subscriptions/00000000-0000-0000-0000-000000000000/providers/Microsoft.ContainerService/locations/eastus/operations/21db8263-5f9e-43ca-a0c0-b0be1be2877c?api-version=2017-08-31
  response:
    body: {string: "{\n  \"name\": \"6382db21-9e5f-ca43-a0c0-b0be1be2877c\",\n  \"status\":
        \"InProgress\",\n  \"startTime\": \"2018-08-03T20:22:36.4416851Z\"\n }"}
    headers:
      cache-control: [no-cache]
      content-length: ['126']
      content-type: [application/json]
      date: ['Fri, 03 Aug 2018 20:23:07 GMT']
      expires: ['-1']
      pragma: [no-cache]
      server: [nginx]
      strict-transport-security: [max-age=31536000; includeSubDomains]
      transfer-encoding: [chunked]
      vary: [Accept-Encoding]
      x-content-type-options: [nosniff]
    status: {code: 200, message: OK}
- request:
    body: null
    headers:
      Accept: [application/json]
      Accept-Encoding: ['gzip, deflate']
      CommandName: [aks create]
      Connection: [keep-alive]
      User-Agent: [python/3.7.0 (Darwin-17.4.0-x86_64-i386-64bit) requests/2.19.1
          msrest/0.5.4 msrest_azure/0.4.34 azure-mgmt-containerservice/4.2.0 Azure-SDK-For-Python
          AZURECLI/2.0.43]
    method: GET
    uri: https://management.azure.com/subscriptions/00000000-0000-0000-0000-000000000000/providers/Microsoft.ContainerService/locations/eastus/operations/21db8263-5f9e-43ca-a0c0-b0be1be2877c?api-version=2017-08-31
  response:
    body: {string: "{\n  \"name\": \"6382db21-9e5f-ca43-a0c0-b0be1be2877c\",\n  \"status\":
        \"InProgress\",\n  \"startTime\": \"2018-08-03T20:22:36.4416851Z\"\n }"}
    headers:
      cache-control: [no-cache]
      content-length: ['126']
      content-type: [application/json]
      date: ['Fri, 03 Aug 2018 20:23:38 GMT']
      expires: ['-1']
      pragma: [no-cache]
      server: [nginx]
      strict-transport-security: [max-age=31536000; includeSubDomains]
      transfer-encoding: [chunked]
      vary: [Accept-Encoding]
      x-content-type-options: [nosniff]
    status: {code: 200, message: OK}
- request:
    body: null
    headers:
      Accept: [application/json]
      Accept-Encoding: ['gzip, deflate']
      CommandName: [aks create]
      Connection: [keep-alive]
      User-Agent: [python/3.7.0 (Darwin-17.4.0-x86_64-i386-64bit) requests/2.19.1
          msrest/0.5.4 msrest_azure/0.4.34 azure-mgmt-containerservice/4.2.0 Azure-SDK-For-Python
          AZURECLI/2.0.43]
    method: GET
    uri: https://management.azure.com/subscriptions/00000000-0000-0000-0000-000000000000/providers/Microsoft.ContainerService/locations/eastus/operations/21db8263-5f9e-43ca-a0c0-b0be1be2877c?api-version=2017-08-31
  response:
    body: {string: "{\n  \"name\": \"6382db21-9e5f-ca43-a0c0-b0be1be2877c\",\n  \"status\":
        \"InProgress\",\n  \"startTime\": \"2018-08-03T20:22:36.4416851Z\"\n }"}
    headers:
      cache-control: [no-cache]
      content-length: ['126']
      content-type: [application/json]
      date: ['Fri, 03 Aug 2018 20:24:09 GMT']
      expires: ['-1']
      pragma: [no-cache]
      server: [nginx]
      strict-transport-security: [max-age=31536000; includeSubDomains]
      transfer-encoding: [chunked]
      vary: [Accept-Encoding]
      x-content-type-options: [nosniff]
    status: {code: 200, message: OK}
- request:
    body: null
    headers:
      Accept: [application/json]
      Accept-Encoding: ['gzip, deflate']
      CommandName: [aks create]
      Connection: [keep-alive]
      User-Agent: [python/3.7.0 (Darwin-17.4.0-x86_64-i386-64bit) requests/2.19.1
          msrest/0.5.4 msrest_azure/0.4.34 azure-mgmt-containerservice/4.2.0 Azure-SDK-For-Python
          AZURECLI/2.0.43]
    method: GET
    uri: https://management.azure.com/subscriptions/00000000-0000-0000-0000-000000000000/providers/Microsoft.ContainerService/locations/eastus/operations/21db8263-5f9e-43ca-a0c0-b0be1be2877c?api-version=2017-08-31
  response:
    body: {string: "{\n  \"name\": \"6382db21-9e5f-ca43-a0c0-b0be1be2877c\",\n  \"status\":
        \"InProgress\",\n  \"startTime\": \"2018-08-03T20:22:36.4416851Z\"\n }"}
    headers:
      cache-control: [no-cache]
      content-length: ['126']
      content-type: [application/json]
      date: ['Fri, 03 Aug 2018 20:24:40 GMT']
      expires: ['-1']
      pragma: [no-cache]
      server: [nginx]
      strict-transport-security: [max-age=31536000; includeSubDomains]
      transfer-encoding: [chunked]
      vary: [Accept-Encoding]
      x-content-type-options: [nosniff]
    status: {code: 200, message: OK}
- request:
    body: null
    headers:
      Accept: [application/json]
      Accept-Encoding: ['gzip, deflate']
      CommandName: [aks create]
      Connection: [keep-alive]
      User-Agent: [python/3.7.0 (Darwin-17.4.0-x86_64-i386-64bit) requests/2.19.1
          msrest/0.5.4 msrest_azure/0.4.34 azure-mgmt-containerservice/4.2.0 Azure-SDK-For-Python
          AZURECLI/2.0.43]
    method: GET
    uri: https://management.azure.com/subscriptions/00000000-0000-0000-0000-000000000000/providers/Microsoft.ContainerService/locations/eastus/operations/21db8263-5f9e-43ca-a0c0-b0be1be2877c?api-version=2017-08-31
  response:
    body: {string: "{\n  \"name\": \"6382db21-9e5f-ca43-a0c0-b0be1be2877c\",\n  \"status\":
        \"InProgress\",\n  \"startTime\": \"2018-08-03T20:22:36.4416851Z\"\n }"}
    headers:
      cache-control: [no-cache]
      content-length: ['126']
      content-type: [application/json]
      date: ['Fri, 03 Aug 2018 20:25:11 GMT']
      expires: ['-1']
      pragma: [no-cache]
      server: [nginx]
      strict-transport-security: [max-age=31536000; includeSubDomains]
      transfer-encoding: [chunked]
      vary: [Accept-Encoding]
      x-content-type-options: [nosniff]
    status: {code: 200, message: OK}
- request:
    body: null
    headers:
      Accept: [application/json]
      Accept-Encoding: ['gzip, deflate']
      CommandName: [aks create]
      Connection: [keep-alive]
      User-Agent: [python/3.7.0 (Darwin-17.4.0-x86_64-i386-64bit) requests/2.19.1
          msrest/0.5.4 msrest_azure/0.4.34 azure-mgmt-containerservice/4.2.0 Azure-SDK-For-Python
          AZURECLI/2.0.43]
    method: GET
    uri: https://management.azure.com/subscriptions/00000000-0000-0000-0000-000000000000/providers/Microsoft.ContainerService/locations/eastus/operations/21db8263-5f9e-43ca-a0c0-b0be1be2877c?api-version=2017-08-31
  response:
    body: {string: "{\n  \"name\": \"6382db21-9e5f-ca43-a0c0-b0be1be2877c\",\n  \"status\":
        \"InProgress\",\n  \"startTime\": \"2018-08-03T20:22:36.4416851Z\"\n }"}
    headers:
      cache-control: [no-cache]
      content-length: ['126']
      content-type: [application/json]
      date: ['Fri, 03 Aug 2018 20:25:42 GMT']
      expires: ['-1']
      pragma: [no-cache]
      server: [nginx]
      strict-transport-security: [max-age=31536000; includeSubDomains]
      transfer-encoding: [chunked]
      vary: [Accept-Encoding]
      x-content-type-options: [nosniff]
    status: {code: 200, message: OK}
- request:
    body: null
    headers:
      Accept: [application/json]
      Accept-Encoding: ['gzip, deflate']
      CommandName: [aks create]
      Connection: [keep-alive]
      User-Agent: [python/3.7.0 (Darwin-17.4.0-x86_64-i386-64bit) requests/2.19.1
          msrest/0.5.4 msrest_azure/0.4.34 azure-mgmt-containerservice/4.2.0 Azure-SDK-For-Python
          AZURECLI/2.0.43]
    method: GET
    uri: https://management.azure.com/subscriptions/00000000-0000-0000-0000-000000000000/providers/Microsoft.ContainerService/locations/eastus/operations/21db8263-5f9e-43ca-a0c0-b0be1be2877c?api-version=2017-08-31
  response:
    body: {string: "{\n  \"name\": \"6382db21-9e5f-ca43-a0c0-b0be1be2877c\",\n  \"status\":
        \"InProgress\",\n  \"startTime\": \"2018-08-03T20:22:36.4416851Z\"\n }"}
    headers:
      cache-control: [no-cache]
      content-length: ['126']
      content-type: [application/json]
      date: ['Fri, 03 Aug 2018 20:26:12 GMT']
      expires: ['-1']
      pragma: [no-cache]
      server: [nginx]
      strict-transport-security: [max-age=31536000; includeSubDomains]
      transfer-encoding: [chunked]
      vary: [Accept-Encoding]
      x-content-type-options: [nosniff]
    status: {code: 200, message: OK}
- request:
    body: null
    headers:
      Accept: [application/json]
      Accept-Encoding: ['gzip, deflate']
      CommandName: [aks create]
      Connection: [keep-alive]
      User-Agent: [python/3.7.0 (Darwin-17.4.0-x86_64-i386-64bit) requests/2.19.1
          msrest/0.5.4 msrest_azure/0.4.34 azure-mgmt-containerservice/4.2.0 Azure-SDK-For-Python
          AZURECLI/2.0.43]
    method: GET
    uri: https://management.azure.com/subscriptions/00000000-0000-0000-0000-000000000000/providers/Microsoft.ContainerService/locations/eastus/operations/21db8263-5f9e-43ca-a0c0-b0be1be2877c?api-version=2017-08-31
  response:
    body: {string: "{\n  \"name\": \"6382db21-9e5f-ca43-a0c0-b0be1be2877c\",\n  \"status\":
        \"InProgress\",\n  \"startTime\": \"2018-08-03T20:22:36.4416851Z\"\n }"}
    headers:
      cache-control: [no-cache]
      content-length: ['126']
      content-type: [application/json]
      date: ['Fri, 03 Aug 2018 20:26:43 GMT']
      expires: ['-1']
      pragma: [no-cache]
      server: [nginx]
      strict-transport-security: [max-age=31536000; includeSubDomains]
      transfer-encoding: [chunked]
      vary: [Accept-Encoding]
      x-content-type-options: [nosniff]
    status: {code: 200, message: OK}
- request:
    body: null
    headers:
      Accept: [application/json]
      Accept-Encoding: ['gzip, deflate']
      CommandName: [aks create]
      Connection: [keep-alive]
      User-Agent: [python/3.7.0 (Darwin-17.4.0-x86_64-i386-64bit) requests/2.19.1
          msrest/0.5.4 msrest_azure/0.4.34 azure-mgmt-containerservice/4.2.0 Azure-SDK-For-Python
          AZURECLI/2.0.43]
    method: GET
    uri: https://management.azure.com/subscriptions/00000000-0000-0000-0000-000000000000/providers/Microsoft.ContainerService/locations/eastus/operations/21db8263-5f9e-43ca-a0c0-b0be1be2877c?api-version=2017-08-31
  response:
    body: {string: "{\n  \"name\": \"6382db21-9e5f-ca43-a0c0-b0be1be2877c\",\n  \"status\":
        \"InProgress\",\n  \"startTime\": \"2018-08-03T20:22:36.4416851Z\"\n }"}
    headers:
      cache-control: [no-cache]
      content-length: ['126']
      content-type: [application/json]
      date: ['Fri, 03 Aug 2018 20:27:14 GMT']
      expires: ['-1']
      pragma: [no-cache]
      server: [nginx]
      strict-transport-security: [max-age=31536000; includeSubDomains]
      transfer-encoding: [chunked]
      vary: [Accept-Encoding]
      x-content-type-options: [nosniff]
    status: {code: 200, message: OK}
- request:
    body: null
    headers:
      Accept: [application/json]
      Accept-Encoding: ['gzip, deflate']
      CommandName: [aks create]
      Connection: [keep-alive]
      User-Agent: [python/3.7.0 (Darwin-17.4.0-x86_64-i386-64bit) requests/2.19.1
          msrest/0.5.4 msrest_azure/0.4.34 azure-mgmt-containerservice/4.2.0 Azure-SDK-For-Python
          AZURECLI/2.0.43]
    method: GET
    uri: https://management.azure.com/subscriptions/00000000-0000-0000-0000-000000000000/providers/Microsoft.ContainerService/locations/eastus/operations/21db8263-5f9e-43ca-a0c0-b0be1be2877c?api-version=2017-08-31
  response:
    body: {string: "{\n  \"name\": \"6382db21-9e5f-ca43-a0c0-b0be1be2877c\",\n  \"status\":
        \"InProgress\",\n  \"startTime\": \"2018-08-03T20:22:36.4416851Z\"\n }"}
    headers:
      cache-control: [no-cache]
      content-length: ['126']
      content-type: [application/json]
      date: ['Fri, 03 Aug 2018 20:27:45 GMT']
      expires: ['-1']
      pragma: [no-cache]
      server: [nginx]
      strict-transport-security: [max-age=31536000; includeSubDomains]
      transfer-encoding: [chunked]
      vary: [Accept-Encoding]
      x-content-type-options: [nosniff]
    status: {code: 200, message: OK}
- request:
    body: null
    headers:
      Accept: [application/json]
      Accept-Encoding: ['gzip, deflate']
      CommandName: [aks create]
      Connection: [keep-alive]
      User-Agent: [python/3.7.0 (Darwin-17.4.0-x86_64-i386-64bit) requests/2.19.1
          msrest/0.5.4 msrest_azure/0.4.34 azure-mgmt-containerservice/4.2.0 Azure-SDK-For-Python
          AZURECLI/2.0.43]
    method: GET
    uri: https://management.azure.com/subscriptions/00000000-0000-0000-0000-000000000000/providers/Microsoft.ContainerService/locations/eastus/operations/21db8263-5f9e-43ca-a0c0-b0be1be2877c?api-version=2017-08-31
  response:
    body: {string: "{\n  \"name\": \"6382db21-9e5f-ca43-a0c0-b0be1be2877c\",\n  \"status\":
        \"InProgress\",\n  \"startTime\": \"2018-08-03T20:22:36.4416851Z\"\n }"}
    headers:
      cache-control: [no-cache]
      content-length: ['126']
      content-type: [application/json]
      date: ['Fri, 03 Aug 2018 20:28:16 GMT']
      expires: ['-1']
      pragma: [no-cache]
      server: [nginx]
      strict-transport-security: [max-age=31536000; includeSubDomains]
      transfer-encoding: [chunked]
      vary: [Accept-Encoding]
      x-content-type-options: [nosniff]
    status: {code: 200, message: OK}
- request:
    body: null
    headers:
      Accept: [application/json]
      Accept-Encoding: ['gzip, deflate']
      CommandName: [aks create]
      Connection: [keep-alive]
      User-Agent: [python/3.7.0 (Darwin-17.4.0-x86_64-i386-64bit) requests/2.19.1
          msrest/0.5.4 msrest_azure/0.4.34 azure-mgmt-containerservice/4.2.0 Azure-SDK-For-Python
          AZURECLI/2.0.43]
    method: GET
    uri: https://management.azure.com/subscriptions/00000000-0000-0000-0000-000000000000/providers/Microsoft.ContainerService/locations/eastus/operations/21db8263-5f9e-43ca-a0c0-b0be1be2877c?api-version=2017-08-31
  response:
    body: {string: "{\n  \"name\": \"6382db21-9e5f-ca43-a0c0-b0be1be2877c\",\n  \"status\":
        \"InProgress\",\n  \"startTime\": \"2018-08-03T20:22:36.4416851Z\"\n }"}
    headers:
      cache-control: [no-cache]
      content-length: ['126']
      content-type: [application/json]
      date: ['Fri, 03 Aug 2018 20:28:47 GMT']
      expires: ['-1']
      pragma: [no-cache]
      server: [nginx]
      strict-transport-security: [max-age=31536000; includeSubDomains]
      transfer-encoding: [chunked]
      vary: [Accept-Encoding]
      x-content-type-options: [nosniff]
    status: {code: 200, message: OK}
- request:
    body: null
    headers:
      Accept: [application/json]
      Accept-Encoding: ['gzip, deflate']
      CommandName: [aks create]
      Connection: [keep-alive]
      User-Agent: [python/3.7.0 (Darwin-17.4.0-x86_64-i386-64bit) requests/2.19.1
          msrest/0.5.4 msrest_azure/0.4.34 azure-mgmt-containerservice/4.2.0 Azure-SDK-For-Python
          AZURECLI/2.0.43]
    method: GET
    uri: https://management.azure.com/subscriptions/00000000-0000-0000-0000-000000000000/providers/Microsoft.ContainerService/locations/eastus/operations/21db8263-5f9e-43ca-a0c0-b0be1be2877c?api-version=2017-08-31
  response:
    body: {string: "{\n  \"name\": \"6382db21-9e5f-ca43-a0c0-b0be1be2877c\",\n  \"status\":
        \"InProgress\",\n  \"startTime\": \"2018-08-03T20:22:36.4416851Z\"\n }"}
    headers:
      cache-control: [no-cache]
      content-length: ['126']
      content-type: [application/json]
      date: ['Fri, 03 Aug 2018 20:29:17 GMT']
      expires: ['-1']
      pragma: [no-cache]
      server: [nginx]
      strict-transport-security: [max-age=31536000; includeSubDomains]
      transfer-encoding: [chunked]
      vary: [Accept-Encoding]
      x-content-type-options: [nosniff]
    status: {code: 200, message: OK}
- request:
    body: null
    headers:
      Accept: [application/json]
      Accept-Encoding: ['gzip, deflate']
      CommandName: [aks create]
      Connection: [keep-alive]
      User-Agent: [python/3.7.0 (Darwin-17.4.0-x86_64-i386-64bit) requests/2.19.1
          msrest/0.5.4 msrest_azure/0.4.34 azure-mgmt-containerservice/4.2.0 Azure-SDK-For-Python
          AZURECLI/2.0.43]
    method: GET
    uri: https://management.azure.com/subscriptions/00000000-0000-0000-0000-000000000000/providers/Microsoft.ContainerService/locations/eastus/operations/21db8263-5f9e-43ca-a0c0-b0be1be2877c?api-version=2017-08-31
  response:
    body: {string: "{\n  \"name\": \"6382db21-9e5f-ca43-a0c0-b0be1be2877c\",\n  \"status\":
        \"InProgress\",\n  \"startTime\": \"2018-08-03T20:22:36.4416851Z\"\n }"}
    headers:
      cache-control: [no-cache]
      content-length: ['126']
      content-type: [application/json]
      date: ['Fri, 03 Aug 2018 20:29:49 GMT']
      expires: ['-1']
      pragma: [no-cache]
      server: [nginx]
      strict-transport-security: [max-age=31536000; includeSubDomains]
      transfer-encoding: [chunked]
      vary: [Accept-Encoding]
      x-content-type-options: [nosniff]
    status: {code: 200, message: OK}
- request:
    body: null
    headers:
      Accept: [application/json]
      Accept-Encoding: ['gzip, deflate']
      CommandName: [aks create]
      Connection: [keep-alive]
      User-Agent: [python/3.7.0 (Darwin-17.4.0-x86_64-i386-64bit) requests/2.19.1
          msrest/0.5.4 msrest_azure/0.4.34 azure-mgmt-containerservice/4.2.0 Azure-SDK-For-Python
          AZURECLI/2.0.43]
    method: GET
    uri: https://management.azure.com/subscriptions/00000000-0000-0000-0000-000000000000/providers/Microsoft.ContainerService/locations/eastus/operations/21db8263-5f9e-43ca-a0c0-b0be1be2877c?api-version=2017-08-31
  response:
    body: {string: "{\n  \"name\": \"6382db21-9e5f-ca43-a0c0-b0be1be2877c\",\n  \"status\":
        \"InProgress\",\n  \"startTime\": \"2018-08-03T20:22:36.4416851Z\"\n }"}
    headers:
      cache-control: [no-cache]
      content-length: ['126']
      content-type: [application/json]
      date: ['Fri, 03 Aug 2018 20:30:20 GMT']
      expires: ['-1']
      pragma: [no-cache]
      server: [nginx]
      strict-transport-security: [max-age=31536000; includeSubDomains]
      transfer-encoding: [chunked]
      vary: [Accept-Encoding]
      x-content-type-options: [nosniff]
    status: {code: 200, message: OK}
- request:
    body: null
    headers:
      Accept: [application/json]
      Accept-Encoding: ['gzip, deflate']
      CommandName: [aks create]
      Connection: [keep-alive]
      User-Agent: [python/3.7.0 (Darwin-17.4.0-x86_64-i386-64bit) requests/2.19.1
          msrest/0.5.4 msrest_azure/0.4.34 azure-mgmt-containerservice/4.2.0 Azure-SDK-For-Python
          AZURECLI/2.0.43]
    method: GET
    uri: https://management.azure.com/subscriptions/00000000-0000-0000-0000-000000000000/providers/Microsoft.ContainerService/locations/eastus/operations/21db8263-5f9e-43ca-a0c0-b0be1be2877c?api-version=2017-08-31
  response:
    body: {string: "{\n  \"name\": \"6382db21-9e5f-ca43-a0c0-b0be1be2877c\",\n  \"status\":
        \"InProgress\",\n  \"startTime\": \"2018-08-03T20:22:36.4416851Z\"\n }"}
    headers:
      cache-control: [no-cache]
      content-length: ['126']
      content-type: [application/json]
      date: ['Fri, 03 Aug 2018 20:30:50 GMT']
      expires: ['-1']
      pragma: [no-cache]
      server: [nginx]
      strict-transport-security: [max-age=31536000; includeSubDomains]
      transfer-encoding: [chunked]
      vary: [Accept-Encoding]
      x-content-type-options: [nosniff]
    status: {code: 200, message: OK}
- request:
    body: null
    headers:
      Accept: [application/json]
      Accept-Encoding: ['gzip, deflate']
      CommandName: [aks create]
      Connection: [keep-alive]
      User-Agent: [python/3.7.0 (Darwin-17.4.0-x86_64-i386-64bit) requests/2.19.1
          msrest/0.5.4 msrest_azure/0.4.34 azure-mgmt-containerservice/4.2.0 Azure-SDK-For-Python
          AZURECLI/2.0.43]
    method: GET
    uri: https://management.azure.com/subscriptions/00000000-0000-0000-0000-000000000000/providers/Microsoft.ContainerService/locations/eastus/operations/21db8263-5f9e-43ca-a0c0-b0be1be2877c?api-version=2017-08-31
  response:
    body: {string: "{\n  \"name\": \"6382db21-9e5f-ca43-a0c0-b0be1be2877c\",\n  \"status\":
        \"InProgress\",\n  \"startTime\": \"2018-08-03T20:22:36.4416851Z\"\n }"}
    headers:
      cache-control: [no-cache]
      content-length: ['126']
      content-type: [application/json]
      date: ['Fri, 03 Aug 2018 20:31:21 GMT']
      expires: ['-1']
      pragma: [no-cache]
      server: [nginx]
      strict-transport-security: [max-age=31536000; includeSubDomains]
      transfer-encoding: [chunked]
      vary: [Accept-Encoding]
      x-content-type-options: [nosniff]
    status: {code: 200, message: OK}
- request:
    body: null
    headers:
      Accept: [application/json]
      Accept-Encoding: ['gzip, deflate']
      CommandName: [aks create]
      Connection: [keep-alive]
      User-Agent: [python/3.7.0 (Darwin-17.4.0-x86_64-i386-64bit) requests/2.19.1
          msrest/0.5.4 msrest_azure/0.4.34 azure-mgmt-containerservice/4.2.0 Azure-SDK-For-Python
          AZURECLI/2.0.43]
    method: GET
    uri: https://management.azure.com/subscriptions/00000000-0000-0000-0000-000000000000/providers/Microsoft.ContainerService/locations/eastus/operations/21db8263-5f9e-43ca-a0c0-b0be1be2877c?api-version=2017-08-31
  response:
    body: {string: "{\n  \"name\": \"6382db21-9e5f-ca43-a0c0-b0be1be2877c\",\n  \"status\":
        \"InProgress\",\n  \"startTime\": \"2018-08-03T20:22:36.4416851Z\"\n }"}
    headers:
      cache-control: [no-cache]
      content-length: ['126']
      content-type: [application/json]
      date: ['Fri, 03 Aug 2018 20:31:52 GMT']
      expires: ['-1']
      pragma: [no-cache]
      server: [nginx]
      strict-transport-security: [max-age=31536000; includeSubDomains]
      transfer-encoding: [chunked]
      vary: [Accept-Encoding]
      x-content-type-options: [nosniff]
    status: {code: 200, message: OK}
- request:
    body: null
    headers:
      Accept: [application/json]
      Accept-Encoding: ['gzip, deflate']
      CommandName: [aks create]
      Connection: [keep-alive]
      User-Agent: [python/3.7.0 (Darwin-17.4.0-x86_64-i386-64bit) requests/2.19.1
          msrest/0.5.4 msrest_azure/0.4.34 azure-mgmt-containerservice/4.2.0 Azure-SDK-For-Python
          AZURECLI/2.0.43]
    method: GET
    uri: https://management.azure.com/subscriptions/00000000-0000-0000-0000-000000000000/providers/Microsoft.ContainerService/locations/eastus/operations/21db8263-5f9e-43ca-a0c0-b0be1be2877c?api-version=2017-08-31
  response:
    body: {string: "{\n  \"name\": \"6382db21-9e5f-ca43-a0c0-b0be1be2877c\",\n  \"status\":
        \"InProgress\",\n  \"startTime\": \"2018-08-03T20:22:36.4416851Z\"\n }"}
    headers:
      cache-control: [no-cache]
      content-length: ['126']
      content-type: [application/json]
      date: ['Fri, 03 Aug 2018 20:32:23 GMT']
      expires: ['-1']
      pragma: [no-cache]
      server: [nginx]
      strict-transport-security: [max-age=31536000; includeSubDomains]
      transfer-encoding: [chunked]
      vary: [Accept-Encoding]
      x-content-type-options: [nosniff]
    status: {code: 200, message: OK}
- request:
    body: null
    headers:
      Accept: [application/json]
      Accept-Encoding: ['gzip, deflate']
      CommandName: [aks create]
      Connection: [keep-alive]
      User-Agent: [python/3.7.0 (Darwin-17.4.0-x86_64-i386-64bit) requests/2.19.1
          msrest/0.5.4 msrest_azure/0.4.34 azure-mgmt-containerservice/4.2.0 Azure-SDK-For-Python
          AZURECLI/2.0.43]
    method: GET
    uri: https://management.azure.com/subscriptions/00000000-0000-0000-0000-000000000000/providers/Microsoft.ContainerService/locations/eastus/operations/21db8263-5f9e-43ca-a0c0-b0be1be2877c?api-version=2017-08-31
  response:
    body: {string: "{\n  \"name\": \"6382db21-9e5f-ca43-a0c0-b0be1be2877c\",\n  \"status\":
        \"InProgress\",\n  \"startTime\": \"2018-08-03T20:22:36.4416851Z\"\n }"}
    headers:
      cache-control: [no-cache]
      content-length: ['126']
      content-type: [application/json]
      date: ['Fri, 03 Aug 2018 20:32:54 GMT']
      expires: ['-1']
      pragma: [no-cache]
      server: [nginx]
      strict-transport-security: [max-age=31536000; includeSubDomains]
      transfer-encoding: [chunked]
      vary: [Accept-Encoding]
      x-content-type-options: [nosniff]
    status: {code: 200, message: OK}
- request:
    body: null
    headers:
      Accept: [application/json]
      Accept-Encoding: ['gzip, deflate']
      CommandName: [aks create]
      Connection: [keep-alive]
      User-Agent: [python/3.7.0 (Darwin-17.4.0-x86_64-i386-64bit) requests/2.19.1
          msrest/0.5.4 msrest_azure/0.4.34 azure-mgmt-containerservice/4.2.0 Azure-SDK-For-Python
          AZURECLI/2.0.43]
    method: GET
    uri: https://management.azure.com/subscriptions/00000000-0000-0000-0000-000000000000/providers/Microsoft.ContainerService/locations/eastus/operations/21db8263-5f9e-43ca-a0c0-b0be1be2877c?api-version=2017-08-31
  response:
    body: {string: "{\n  \"name\": \"6382db21-9e5f-ca43-a0c0-b0be1be2877c\",\n  \"status\":
        \"InProgress\",\n  \"startTime\": \"2018-08-03T20:22:36.4416851Z\"\n }"}
    headers:
      cache-control: [no-cache]
      content-length: ['126']
      content-type: [application/json]
      date: ['Fri, 03 Aug 2018 20:33:25 GMT']
      expires: ['-1']
      pragma: [no-cache]
      server: [nginx]
      strict-transport-security: [max-age=31536000; includeSubDomains]
      transfer-encoding: [chunked]
      vary: [Accept-Encoding]
      x-content-type-options: [nosniff]
    status: {code: 200, message: OK}
- request:
    body: null
    headers:
      Accept: [application/json]
      Accept-Encoding: ['gzip, deflate']
      CommandName: [aks create]
      Connection: [keep-alive]
      User-Agent: [python/3.7.0 (Darwin-17.4.0-x86_64-i386-64bit) requests/2.19.1
          msrest/0.5.4 msrest_azure/0.4.34 azure-mgmt-containerservice/4.2.0 Azure-SDK-For-Python
          AZURECLI/2.0.43]
    method: GET
    uri: https://management.azure.com/subscriptions/00000000-0000-0000-0000-000000000000/providers/Microsoft.ContainerService/locations/eastus/operations/21db8263-5f9e-43ca-a0c0-b0be1be2877c?api-version=2017-08-31
  response:
    body: {string: "{\n  \"name\": \"6382db21-9e5f-ca43-a0c0-b0be1be2877c\",\n  \"status\":
        \"InProgress\",\n  \"startTime\": \"2018-08-03T20:22:36.4416851Z\"\n }"}
    headers:
      cache-control: [no-cache]
      content-length: ['126']
      content-type: [application/json]
      date: ['Fri, 03 Aug 2018 20:33:56 GMT']
      expires: ['-1']
      pragma: [no-cache]
      server: [nginx]
      strict-transport-security: [max-age=31536000; includeSubDomains]
      transfer-encoding: [chunked]
      vary: [Accept-Encoding]
      x-content-type-options: [nosniff]
    status: {code: 200, message: OK}
- request:
    body: null
    headers:
      Accept: [application/json]
      Accept-Encoding: ['gzip, deflate']
      CommandName: [aks create]
      Connection: [keep-alive]
      User-Agent: [python/3.7.0 (Darwin-17.4.0-x86_64-i386-64bit) requests/2.19.1
          msrest/0.5.4 msrest_azure/0.4.34 azure-mgmt-containerservice/4.2.0 Azure-SDK-For-Python
          AZURECLI/2.0.43]
    method: GET
    uri: https://management.azure.com/subscriptions/00000000-0000-0000-0000-000000000000/providers/Microsoft.ContainerService/locations/eastus/operations/21db8263-5f9e-43ca-a0c0-b0be1be2877c?api-version=2017-08-31
  response:
    body: {string: "{\n  \"name\": \"6382db21-9e5f-ca43-a0c0-b0be1be2877c\",\n  \"status\":
        \"InProgress\",\n  \"startTime\": \"2018-08-03T20:22:36.4416851Z\"\n }"}
    headers:
      cache-control: [no-cache]
      content-length: ['126']
      content-type: [application/json]
      date: ['Fri, 03 Aug 2018 20:34:27 GMT']
      expires: ['-1']
      pragma: [no-cache]
      server: [nginx]
      strict-transport-security: [max-age=31536000; includeSubDomains]
      transfer-encoding: [chunked]
      vary: [Accept-Encoding]
      x-content-type-options: [nosniff]
    status: {code: 200, message: OK}
- request:
    body: null
    headers:
      Accept: [application/json]
      Accept-Encoding: ['gzip, deflate']
      CommandName: [aks create]
      Connection: [keep-alive]
      User-Agent: [python/3.7.0 (Darwin-17.4.0-x86_64-i386-64bit) requests/2.19.1
          msrest/0.5.4 msrest_azure/0.4.34 azure-mgmt-containerservice/4.2.0 Azure-SDK-For-Python
          AZURECLI/2.0.43]
    method: GET
    uri: https://management.azure.com/subscriptions/00000000-0000-0000-0000-000000000000/providers/Microsoft.ContainerService/locations/eastus/operations/21db8263-5f9e-43ca-a0c0-b0be1be2877c?api-version=2017-08-31
  response:
    body: {string: "{\n  \"name\": \"6382db21-9e5f-ca43-a0c0-b0be1be2877c\",\n  \"status\":
        \"InProgress\",\n  \"startTime\": \"2018-08-03T20:22:36.4416851Z\"\n }"}
    headers:
      cache-control: [no-cache]
      content-length: ['126']
      content-type: [application/json]
      date: ['Fri, 03 Aug 2018 20:34:57 GMT']
      expires: ['-1']
      pragma: [no-cache]
      server: [nginx]
      strict-transport-security: [max-age=31536000; includeSubDomains]
      transfer-encoding: [chunked]
      vary: [Accept-Encoding]
      x-content-type-options: [nosniff]
    status: {code: 200, message: OK}
- request:
    body: null
    headers:
      Accept: [application/json]
      Accept-Encoding: ['gzip, deflate']
      CommandName: [aks create]
      Connection: [keep-alive]
      User-Agent: [python/3.7.0 (Darwin-17.4.0-x86_64-i386-64bit) requests/2.19.1
          msrest/0.5.4 msrest_azure/0.4.34 azure-mgmt-containerservice/4.2.0 Azure-SDK-For-Python
          AZURECLI/2.0.43]
    method: GET
    uri: https://management.azure.com/subscriptions/00000000-0000-0000-0000-000000000000/providers/Microsoft.ContainerService/locations/eastus/operations/21db8263-5f9e-43ca-a0c0-b0be1be2877c?api-version=2017-08-31
  response:
    body: {string: "{\n  \"name\": \"6382db21-9e5f-ca43-a0c0-b0be1be2877c\",\n  \"status\":
        \"InProgress\",\n  \"startTime\": \"2018-08-03T20:22:36.4416851Z\"\n }"}
    headers:
      cache-control: [no-cache]
      content-length: ['126']
      content-type: [application/json]
      date: ['Fri, 03 Aug 2018 20:35:29 GMT']
      expires: ['-1']
      pragma: [no-cache]
      server: [nginx]
      strict-transport-security: [max-age=31536000; includeSubDomains]
      transfer-encoding: [chunked]
      vary: [Accept-Encoding]
      x-content-type-options: [nosniff]
    status: {code: 200, message: OK}
- request:
    body: null
    headers:
      Accept: [application/json]
      Accept-Encoding: ['gzip, deflate']
      CommandName: [aks create]
      Connection: [keep-alive]
      User-Agent: [python/3.7.0 (Darwin-17.4.0-x86_64-i386-64bit) requests/2.19.1
          msrest/0.5.4 msrest_azure/0.4.34 azure-mgmt-containerservice/4.2.0 Azure-SDK-For-Python
          AZURECLI/2.0.43]
    method: GET
    uri: https://management.azure.com/subscriptions/00000000-0000-0000-0000-000000000000/providers/Microsoft.ContainerService/locations/eastus/operations/21db8263-5f9e-43ca-a0c0-b0be1be2877c?api-version=2017-08-31
  response:
    body: {string: "{\n  \"name\": \"6382db21-9e5f-ca43-a0c0-b0be1be2877c\",\n  \"status\":
        \"InProgress\",\n  \"startTime\": \"2018-08-03T20:22:36.4416851Z\"\n }"}
    headers:
      cache-control: [no-cache]
      content-length: ['126']
      content-type: [application/json]
      date: ['Fri, 03 Aug 2018 20:36:00 GMT']
      expires: ['-1']
      pragma: [no-cache]
      server: [nginx]
      strict-transport-security: [max-age=31536000; includeSubDomains]
      transfer-encoding: [chunked]
      vary: [Accept-Encoding]
      x-content-type-options: [nosniff]
    status: {code: 200, message: OK}
- request:
    body: null
    headers:
      Accept: [application/json]
      Accept-Encoding: ['gzip, deflate']
      CommandName: [aks create]
      Connection: [keep-alive]
      User-Agent: [python/3.7.0 (Darwin-17.4.0-x86_64-i386-64bit) requests/2.19.1
          msrest/0.5.4 msrest_azure/0.4.34 azure-mgmt-containerservice/4.2.0 Azure-SDK-For-Python
          AZURECLI/2.0.43]
    method: GET
    uri: https://management.azure.com/subscriptions/00000000-0000-0000-0000-000000000000/providers/Microsoft.ContainerService/locations/eastus/operations/21db8263-5f9e-43ca-a0c0-b0be1be2877c?api-version=2017-08-31
  response:
    body: {string: "{\n  \"name\": \"6382db21-9e5f-ca43-a0c0-b0be1be2877c\",\n  \"status\":
        \"Succeeded\",\n  \"startTime\": \"2018-08-03T20:22:36.4416851Z\",\n  \"endTime\":
        \"2018-08-03T20:36:02.2687248Z\"\n }"}
    headers:
      cache-control: [no-cache]
      content-length: ['170']
      content-type: [application/json]
      date: ['Fri, 03 Aug 2018 20:36:30 GMT']
      expires: ['-1']
      pragma: [no-cache]
      server: [nginx]
      strict-transport-security: [max-age=31536000; includeSubDomains]
      transfer-encoding: [chunked]
      vary: [Accept-Encoding]
      x-content-type-options: [nosniff]
    status: {code: 200, message: OK}
- request:
    body: null
    headers:
      Accept: [application/json]
      Accept-Encoding: ['gzip, deflate']
      CommandName: [aks create]
      Connection: [keep-alive]
      User-Agent: [python/3.7.0 (Darwin-17.4.0-x86_64-i386-64bit) requests/2.19.1
          msrest/0.5.4 msrest_azure/0.4.34 azure-mgmt-containerservice/4.2.0 Azure-SDK-For-Python
          AZURECLI/2.0.43]
    method: GET
    uri: https://management.azure.com/subscriptions/00000000-0000-0000-0000-000000000000/resourceGroups/clitest000001/providers/Microsoft.ContainerService/managedClusters/cliakstest000003?api-version=2018-03-31
  response:
    body: {string: "{\n  \"id\": \"/subscriptions/00000000-0000-0000-0000-000000000000/resourcegroups/clitest000001/providers/Microsoft.ContainerService/managedClusters/cliakstest000003\",\n
        \ \"location\": \"eastus\",\n  \"name\": \"cliakstest000003\",\n  \"type\":
        \"Microsoft.ContainerService/ManagedClusters\",\n  \"properties\": {\n   \"provisioningState\":
        \"Succeeded\",\n   \"kubernetesVersion\": \"1.9.9\",\n   \"dnsPrefix\": \"cliaksdns000004\",\n
        \  \"fqdn\": \"cliaksdns000004-22ef745a.hcp.eastus.int.azmk8s.io\",\n   \"agentPoolProfiles\":
        [\n    {\n     \"name\": \"nodepool1\",\n     \"count\": 1,\n     \"vmSize\":
        \"Standard_DS1_v2\",\n     \"storageProfile\": \"ManagedDisks\",\n     \"maxPods\":
        110,\n     \"osType\": \"Linux\"\n    }\n   ],\n   \"linuxProfile\": {\n    \"adminUsername\":
        \"azureuser\",\n    \"ssh\": {\n     \"publicKeys\": [\n      {\n       \"keyData\":
        \"ssh-rsa AAAAB3NzaC1yc2EAAAADAQABAAACAQCbIg1guRHbI0lV11wWDt1r2cUdcNd27CJsg+SfgC7miZeubtwUhbsPdhMQsfDyhOWHq1+ZL0M+nJZV63d/1dhmhtgyOqejUwrPlzKhydsbrsdUor+JmNJDdW01v7BXHyuymT8G4s09jCasNOwiufbP/qp72ruu0bIA1nySsvlf9pCQAuFkAnVnf/rFhUlOkhtRpwcq8SUNY2zRHR/EKb/4NWY1JzR4sa3q2fWIJdrrX0DvLoa5g9bIEd4Df79ba7v+yiUBOS0zT2ll+z4g9izHK3EO5d8hL4jYxcjKs+wcslSYRWrascfscLgMlMGh0CdKeNTDjHpGPncaf3Z+FwwwjWeuiNBxv7bJo13/8B/098KlVDl4GZqsoBCEjPyJfV6hO0y/LkRGkk7oHWKgeWAfKtfLItRp00eZ4fcJNK9kCaSMmEugoZWcI7NGbZXzqFWqbpRI7NcDP9+WIQ+i9U5vqWsqd/zng4kbuAJ6UuKqIzB0upYrLShfQE3SAck8oaLhJqqq56VfDuASNpJKidV+zq27HfSBmbXnkR/5AK337dc3MXKJypoK/QPMLKUAP5XLPbs+NddJQV7EZXd29DLgp+fRIg3edpKdO7ZErWhv7d+3Kws+e1Y+ypmR2WIVSwVyBEUfgv2C8Ts9gnTF4pNcEY/S2aBicz5Ew2+jdyGNQQ==
        test@example.com\\n\"\n      }\n     ]\n    }\n   },\n   \"servicePrincipalProfile\":
        {\n    \"clientId\": \"http://clitest000002\"\n   },\n   \"nodeResourceGroup\":
        \"MC_clitest000001_cliakstest000003_eastus\",\n   \"enableRBAC\": true,\n
        \  \"networkProfile\": {\n    \"networkPlugin\": \"kubenet\",\n    \"podCidr\":
        \"10.244.0.0/16\",\n    \"serviceCidr\": \"10.0.0.0/16\",\n    \"dnsServiceIP\":
        \"10.0.0.10\",\n    \"dockerBridgeCidr\": \"172.17.0.1/16\"\n   }\n  }\n }"}
    headers:
      cache-control: [no-cache]
      content-length: ['1940']
      content-type: [application/json]
      date: ['Fri, 03 Aug 2018 20:36:32 GMT']
      expires: ['-1']
      pragma: [no-cache]
      server: [nginx]
      strict-transport-security: [max-age=31536000; includeSubDomains]
      transfer-encoding: [chunked]
      vary: [Accept-Encoding]
      x-content-type-options: [nosniff]
    status: {code: 200, message: OK}
- request:
    body: null
    headers:
      Accept: [application/json]
      Accept-Encoding: ['gzip, deflate']
      CommandName: [aks list]
      Connection: [keep-alive]
      Content-Type: [application/json; charset=utf-8]
      User-Agent: [python/3.7.0 (Darwin-17.4.0-x86_64-i386-64bit) requests/2.19.1
          msrest/0.5.4 msrest_azure/0.4.34 azure-mgmt-containerservice/4.2.0 Azure-SDK-For-Python
          AZURECLI/2.0.43]
      accept-language: [en-US]
    method: GET
    uri: https://management.azure.com/subscriptions/00000000-0000-0000-0000-000000000000/resourceGroups/clitest000001/providers/Microsoft.ContainerService/managedClusters?api-version=2018-03-31
  response:
    body: {string: "{\n  \"value\": [\n   {\n    \"id\": \"/subscriptions/00000000-0000-0000-0000-000000000000/resourcegroups/clitest000001/providers/Microsoft.ContainerService/managedClusters/cliakstest000003\",\n
        \   \"location\": \"eastus\",\n    \"name\": \"cliakstest000003\",\n    \"type\":
        \"Microsoft.ContainerService/ManagedClusters\",\n    \"properties\": {\n     \"provisioningState\":
        \"Succeeded\",\n     \"kubernetesVersion\": \"1.9.9\",\n     \"dnsPrefix\":
        \"cliaksdns000004\",\n     \"fqdn\": \"cliaksdns000004-22ef745a.hcp.eastus.int.azmk8s.io\",\n
        \    \"agentPoolProfiles\": [\n      {\n       \"name\": \"nodepool1\",\n
        \      \"count\": 1,\n       \"vmSize\": \"Standard_DS1_v2\",\n       \"storageProfile\":
        \"ManagedDisks\",\n       \"maxPods\": 110,\n       \"osType\": \"Linux\"\n
        \     }\n     ],\n     \"linuxProfile\": {\n      \"adminUsername\": \"azureuser\",\n
        \     \"ssh\": {\n       \"publicKeys\": [\n        {\n         \"keyData\":
        \"ssh-rsa AAAAB3NzaC1yc2EAAAADAQABAAACAQCbIg1guRHbI0lV11wWDt1r2cUdcNd27CJsg+SfgC7miZeubtwUhbsPdhMQsfDyhOWHq1+ZL0M+nJZV63d/1dhmhtgyOqejUwrPlzKhydsbrsdUor+JmNJDdW01v7BXHyuymT8G4s09jCasNOwiufbP/qp72ruu0bIA1nySsvlf9pCQAuFkAnVnf/rFhUlOkhtRpwcq8SUNY2zRHR/EKb/4NWY1JzR4sa3q2fWIJdrrX0DvLoa5g9bIEd4Df79ba7v+yiUBOS0zT2ll+z4g9izHK3EO5d8hL4jYxcjKs+wcslSYRWrascfscLgMlMGh0CdKeNTDjHpGPncaf3Z+FwwwjWeuiNBxv7bJo13/8B/098KlVDl4GZqsoBCEjPyJfV6hO0y/LkRGkk7oHWKgeWAfKtfLItRp00eZ4fcJNK9kCaSMmEugoZWcI7NGbZXzqFWqbpRI7NcDP9+WIQ+i9U5vqWsqd/zng4kbuAJ6UuKqIzB0upYrLShfQE3SAck8oaLhJqqq56VfDuASNpJKidV+zq27HfSBmbXnkR/5AK337dc3MXKJypoK/QPMLKUAP5XLPbs+NddJQV7EZXd29DLgp+fRIg3edpKdO7ZErWhv7d+3Kws+e1Y+ypmR2WIVSwVyBEUfgv2C8Ts9gnTF4pNcEY/S2aBicz5Ew2+jdyGNQQ==
        test@example.com\\n\"\n        }\n       ]\n      }\n     },\n     \"servicePrincipalProfile\":
        {\n      \"clientId\": \"http://clitest000002\"\n     },\n     \"nodeResourceGroup\":
        \"MC_clitest000001_cliakstest000003_eastus\",\n     \"enableRBAC\": true,\n
        \    \"networkProfile\": {\n      \"networkPlugin\": \"kubenet\",\n      \"podCidr\":
        \"10.244.0.0/16\",\n      \"serviceCidr\": \"10.0.0.0/16\",\n      \"dnsServiceIP\":
        \"10.0.0.10\",\n      \"dockerBridgeCidr\": \"172.17.0.1/16\"\n     }\n    }\n
        \  }\n  ]\n }"}
    headers:
      cache-control: [no-cache]
      content-length: ['2051']
      content-type: [application/json]
      date: ['Fri, 03 Aug 2018 20:36:33 GMT']
      expires: ['-1']
      pragma: [no-cache]
      server: [nginx]
      strict-transport-security: [max-age=31536000; includeSubDomains]
      transfer-encoding: [chunked]
      vary: [Accept-Encoding]
      x-content-type-options: [nosniff]
    status: {code: 200, message: OK}
- request:
    body: null
    headers:
      Accept: [application/json]
      Accept-Encoding: ['gzip, deflate']
      CommandName: [aks list]
      Connection: [keep-alive]
      Content-Type: [application/json; charset=utf-8]
      User-Agent: [python/3.7.0 (Darwin-17.4.0-x86_64-i386-64bit) requests/2.19.1
          msrest/0.5.4 msrest_azure/0.4.34 azure-mgmt-containerservice/4.2.0 Azure-SDK-For-Python
          AZURECLI/2.0.43]
      accept-language: [en-US]
    method: GET
    uri: https://management.azure.com/subscriptions/00000000-0000-0000-0000-000000000000/resourceGroups/clitest000001/providers/Microsoft.ContainerService/managedClusters?api-version=2018-03-31
  response:
    body: {string: "{\n  \"value\": [\n   {\n    \"id\": \"/subscriptions/00000000-0000-0000-0000-000000000000/resourcegroups/clitest000001/providers/Microsoft.ContainerService/managedClusters/cliakstest000003\",\n
        \   \"location\": \"eastus\",\n    \"name\": \"cliakstest000003\",\n    \"type\":
        \"Microsoft.ContainerService/ManagedClusters\",\n    \"properties\": {\n     \"provisioningState\":
        \"Succeeded\",\n     \"kubernetesVersion\": \"1.9.9\",\n     \"dnsPrefix\":
        \"cliaksdns000004\",\n     \"fqdn\": \"cliaksdns000004-22ef745a.hcp.eastus.int.azmk8s.io\",\n
        \    \"agentPoolProfiles\": [\n      {\n       \"name\": \"nodepool1\",\n
        \      \"count\": 1,\n       \"vmSize\": \"Standard_DS1_v2\",\n       \"storageProfile\":
        \"ManagedDisks\",\n       \"maxPods\": 110,\n       \"osType\": \"Linux\"\n
        \     }\n     ],\n     \"linuxProfile\": {\n      \"adminUsername\": \"azureuser\",\n
        \     \"ssh\": {\n       \"publicKeys\": [\n        {\n         \"keyData\":
        \"ssh-rsa AAAAB3NzaC1yc2EAAAADAQABAAACAQCbIg1guRHbI0lV11wWDt1r2cUdcNd27CJsg+SfgC7miZeubtwUhbsPdhMQsfDyhOWHq1+ZL0M+nJZV63d/1dhmhtgyOqejUwrPlzKhydsbrsdUor+JmNJDdW01v7BXHyuymT8G4s09jCasNOwiufbP/qp72ruu0bIA1nySsvlf9pCQAuFkAnVnf/rFhUlOkhtRpwcq8SUNY2zRHR/EKb/4NWY1JzR4sa3q2fWIJdrrX0DvLoa5g9bIEd4Df79ba7v+yiUBOS0zT2ll+z4g9izHK3EO5d8hL4jYxcjKs+wcslSYRWrascfscLgMlMGh0CdKeNTDjHpGPncaf3Z+FwwwjWeuiNBxv7bJo13/8B/098KlVDl4GZqsoBCEjPyJfV6hO0y/LkRGkk7oHWKgeWAfKtfLItRp00eZ4fcJNK9kCaSMmEugoZWcI7NGbZXzqFWqbpRI7NcDP9+WIQ+i9U5vqWsqd/zng4kbuAJ6UuKqIzB0upYrLShfQE3SAck8oaLhJqqq56VfDuASNpJKidV+zq27HfSBmbXnkR/5AK337dc3MXKJypoK/QPMLKUAP5XLPbs+NddJQV7EZXd29DLgp+fRIg3edpKdO7ZErWhv7d+3Kws+e1Y+ypmR2WIVSwVyBEUfgv2C8Ts9gnTF4pNcEY/S2aBicz5Ew2+jdyGNQQ==
        test@example.com\\n\"\n        }\n       ]\n      }\n     },\n     \"servicePrincipalProfile\":
        {\n      \"clientId\": \"http://clitest000002\"\n     },\n     \"nodeResourceGroup\":
        \"MC_clitest000001_cliakstest000003_eastus\",\n     \"enableRBAC\": true,\n
        \    \"networkProfile\": {\n      \"networkPlugin\": \"kubenet\",\n      \"podCidr\":
        \"10.244.0.0/16\",\n      \"serviceCidr\": \"10.0.0.0/16\",\n      \"dnsServiceIP\":
        \"10.0.0.10\",\n      \"dockerBridgeCidr\": \"172.17.0.1/16\"\n     }\n    }\n
        \  }\n  ]\n }"}
    headers:
      cache-control: [no-cache]
      content-length: ['2051']
      content-type: [application/json]
      date: ['Fri, 03 Aug 2018 20:36:34 GMT']
      expires: ['-1']
      pragma: [no-cache]
      server: [nginx]
      strict-transport-security: [max-age=31536000; includeSubDomains]
      transfer-encoding: [chunked]
      vary: [Accept-Encoding]
      x-content-type-options: [nosniff]
    status: {code: 200, message: OK}
- request:
    body: null
    headers:
      Accept: [application/json]
      Accept-Encoding: ['gzip, deflate']
      CommandName: [aks show]
      Connection: [keep-alive]
      Content-Type: [application/json; charset=utf-8]
      User-Agent: [python/3.7.0 (Darwin-17.4.0-x86_64-i386-64bit) requests/2.19.1
          msrest/0.5.4 msrest_azure/0.4.34 azure-mgmt-containerservice/4.2.0 Azure-SDK-For-Python
          AZURECLI/2.0.43]
      accept-language: [en-US]
    method: GET
    uri: https://management.azure.com/subscriptions/00000000-0000-0000-0000-000000000000/resourceGroups/clitest000001/providers/Microsoft.ContainerService/managedClusters/cliakstest000003?api-version=2018-03-31
  response:
    body: {string: "{\n  \"id\": \"/subscriptions/00000000-0000-0000-0000-000000000000/resourcegroups/clitest000001/providers/Microsoft.ContainerService/managedClusters/cliakstest000003\",\n
        \ \"location\": \"eastus\",\n  \"name\": \"cliakstest000003\",\n  \"type\":
        \"Microsoft.ContainerService/ManagedClusters\",\n  \"properties\": {\n   \"provisioningState\":
        \"Succeeded\",\n   \"kubernetesVersion\": \"1.9.9\",\n   \"dnsPrefix\": \"cliaksdns000004\",\n
        \  \"fqdn\": \"cliaksdns000004-22ef745a.hcp.eastus.int.azmk8s.io\",\n   \"agentPoolProfiles\":
        [\n    {\n     \"name\": \"nodepool1\",\n     \"count\": 1,\n     \"vmSize\":
        \"Standard_DS1_v2\",\n     \"storageProfile\": \"ManagedDisks\",\n     \"maxPods\":
        110,\n     \"osType\": \"Linux\"\n    }\n   ],\n   \"linuxProfile\": {\n    \"adminUsername\":
        \"azureuser\",\n    \"ssh\": {\n     \"publicKeys\": [\n      {\n       \"keyData\":
        \"ssh-rsa AAAAB3NzaC1yc2EAAAADAQABAAACAQCbIg1guRHbI0lV11wWDt1r2cUdcNd27CJsg+SfgC7miZeubtwUhbsPdhMQsfDyhOWHq1+ZL0M+nJZV63d/1dhmhtgyOqejUwrPlzKhydsbrsdUor+JmNJDdW01v7BXHyuymT8G4s09jCasNOwiufbP/qp72ruu0bIA1nySsvlf9pCQAuFkAnVnf/rFhUlOkhtRpwcq8SUNY2zRHR/EKb/4NWY1JzR4sa3q2fWIJdrrX0DvLoa5g9bIEd4Df79ba7v+yiUBOS0zT2ll+z4g9izHK3EO5d8hL4jYxcjKs+wcslSYRWrascfscLgMlMGh0CdKeNTDjHpGPncaf3Z+FwwwjWeuiNBxv7bJo13/8B/098KlVDl4GZqsoBCEjPyJfV6hO0y/LkRGkk7oHWKgeWAfKtfLItRp00eZ4fcJNK9kCaSMmEugoZWcI7NGbZXzqFWqbpRI7NcDP9+WIQ+i9U5vqWsqd/zng4kbuAJ6UuKqIzB0upYrLShfQE3SAck8oaLhJqqq56VfDuASNpJKidV+zq27HfSBmbXnkR/5AK337dc3MXKJypoK/QPMLKUAP5XLPbs+NddJQV7EZXd29DLgp+fRIg3edpKdO7ZErWhv7d+3Kws+e1Y+ypmR2WIVSwVyBEUfgv2C8Ts9gnTF4pNcEY/S2aBicz5Ew2+jdyGNQQ==
        test@example.com\\n\"\n      }\n     ]\n    }\n   },\n   \"servicePrincipalProfile\":
        {\n    \"clientId\": \"http://clitest000002\"\n   },\n   \"nodeResourceGroup\":
        \"MC_clitest000001_cliakstest000003_eastus\",\n   \"enableRBAC\": true,\n
        \  \"networkProfile\": {\n    \"networkPlugin\": \"kubenet\",\n    \"podCidr\":
        \"10.244.0.0/16\",\n    \"serviceCidr\": \"10.0.0.0/16\",\n    \"dnsServiceIP\":
        \"10.0.0.10\",\n    \"dockerBridgeCidr\": \"172.17.0.1/16\"\n   }\n  }\n }"}
    headers:
      cache-control: [no-cache]
      content-length: ['1940']
      content-type: [application/json]
      date: ['Fri, 03 Aug 2018 20:36:35 GMT']
      expires: ['-1']
      pragma: [no-cache]
      server: [nginx]
      strict-transport-security: [max-age=31536000; includeSubDomains]
      transfer-encoding: [chunked]
      vary: [Accept-Encoding]
      x-content-type-options: [nosniff]
    status: {code: 200, message: OK}
- request:
    body: null
    headers:
      Accept: [application/json]
      Accept-Encoding: ['gzip, deflate']
      CommandName: [aks get-credentials]
      Connection: [keep-alive]
      Content-Length: ['0']
      Content-Type: [application/json; charset=utf-8]
      User-Agent: [python/3.7.0 (Darwin-17.4.0-x86_64-i386-64bit) requests/2.19.1
          msrest/0.5.4 msrest_azure/0.4.34 azure-mgmt-containerservice/4.2.0 Azure-SDK-For-Python
          AZURECLI/2.0.43]
      accept-language: [en-US]
    method: POST
    uri: https://management.azure.com/subscriptions/00000000-0000-0000-0000-000000000000/resourceGroups/clitest000001/providers/Microsoft.ContainerService/managedClusters/cliakstest000003/accessProfiles/clusterUser/listCredential?api-version=2018-03-31
  response:
    body: {string: "{\n  \"id\": \"/subscriptions/00000000-0000-0000-0000-000000000000/resourcegroups/clitest000001/providers/Microsoft.ContainerService/managedClusters/cliakstest000003/accessProfiles/clusterUser\",\n
        \ \"location\": \"eastus\",\n  \"name\": \"clusterUser\",\n  \"type\": \"Microsoft.ContainerService/ManagedClusters/AccessProfiles\",\n
        \ \"properties\": {\n   \"kubeConfig\": \"YXBpVmVyc2lvbjogdjEKY2x1c3RlcnM6Ci0gY2x1c3RlcjoKICAgIGNlcnRpZmljYXRlLWF1dGhvcml0eS1kYXRhOiBMUzB0TFMxQ1JVZEpUaUJEUlZKVVNVWkpRMEZVUlMwdExTMHRDazFKU1VWNVJFTkRRWEpEWjBGM1NVSkJaMGxTUVZCRE1HczJabkpVUWtkRVNGRXdVVFpxVUhGbmJ6aDNSRkZaU2t0dldrbG9kbU5PUVZGRlRFSlJRWGNLUkZSRlRFMUJhMGRCTVZWRlFYaE5RMWt5UlhkSWFHTk9UVlJuZDA5RVFYcE5ha0Y1VFdwTk5WZG9ZMDVOYWtGM1QwUkJlVTFxUVhsTmFrMDFWMnBCVGdwTlVYTjNRMUZaUkZaUlVVUkZkMHBxV1ZSRFEwRnBTWGRFVVZsS1MyOWFTV2gyWTA1QlVVVkNRbEZCUkdkblNWQkJSRU5EUVdkdlEyZG5TVUpCVFhsVUNuRXpaMHBLV0ZGb1F5OVlWbVZ4WWxSeVN6UTFSalZSYmpCcFNVTkxSRlZ4YWtkU2VraEdVMFZJZWxJeVRFVndjMFpVV1ZsbE0wWnRhM1ozVldFMWVIa0tRaTlzU0c1dU4wbFZSRGxUUkhwdk1reDZNRmR2VkhacFdITnJOM3BhZDNseVpERkxhRWRuZUhFeGNIb3JiR05PY0c5QlFqSjVSWEJJVlN0NmVFRXJjQXBHTmxWS1QwSklUM1ZNYVVSaE5uZFdhMGhyVkZvd2REUnJNekZwVVZBNVIwZEZSRk5JU1c5V2MzZEpZMUIxUm1oWFZHWjRXakYzY2tjM1VtTXZhMmRDQ2pCcWJXMXlXbGhCV1VveUt6TjRaaTlJTVdWcFNVUnZRazV3Tm1salJtbEZLMnBoVDA5dmNqZHplSFJ5UnpGdWFFZFlXRE14U2s5c1NHUlJhMDFrSzFBS1drMUtWR05KUkV4S2JEUkNWMnBrZVhCaFNXSnNaak5JTUc1aE5UTnVZeTlsY1VZMk9ERXpOMEpMZVhrM2IzVlJRWFFyWVRWTU9WSTVNVlZZU0hadk9BcFpTa3RwYlZKeVRtdDNLMjlJUTFwSE4wUkROalZFVUhsU2NUWkxjbEp4Y0RKSFVVTktXR1JFVDNwbFVHRm5UMGREUWpSSVprUjFOR0ZKYUZONlltNWlDakJ5UlhKQmFuVllSRkZQVjJwWVQxcG1hbWQzVUcxQ2RuRmlkMk5FTW10b01tSXJaVkI1V0N0QmFIaFJOWGxsUkRFd2VWZ3pRMnBsYVVocE4xWjVNRTBLVTNWeVIzVmFVWGR5UnpZMllqTlpTR00wU0ZKRFVHUkhWVFIzWkhoTmQwb3JTR1JzZDNoUWRXOTFRa00zSzFrM05Fa3lXWGRJYjFOV1JVbHlXVVIyUlFwb1NYcFViSGRvVmpneFVtSjNSamg0VG5wSFpUaHVWbGNyVFZSRE5sSndRMk5PTlZCaFJXbDRObGd4UW1ka2NIcEpORFkzWXpKcVN6ZEhWVXcxV0UxS0NubEVNazFKUWpSWU5ubDBaMWRwTmk4dmJUQkdjREJ0UjJoTE4zSXJXakZzUW1wTlIwVjZkekJtY2psUVZtWnpVSE1yYmtGNWVGRjBVSFV5ZW10UFNVVUtTblZpTkRkNmRXSktNV2RpWVZkWFMwOXhhRkJ5VGpCd05GcHpOR2x3WlU5V2NXUldWbFV3U2tGblRVSkJRVWRxU1hwQmFFMUJORWRCTVZWa1JIZEZRZ292ZDFGRlFYZEpRM0JFUVZCQ1owNVdTRkpOUWtGbU9FVkNWRUZFUVZGSUwwMUJNRWREVTNGSFUwbGlNMFJSUlVKRGQxVkJRVFJKUTBGUlEwNXVaMFZFQ2pWbFlqVlNTMVkxZEVsV0swVTNRWE56VUdOUFJXY3llbmt5WlhaUWJIQm1kMFZZWVhoQ2VYUnpiMlJQU1dWamNGbGhNVEpuTWxBeGVXRXpWblVyUWtRS2JuSnZiR2t2UW1wbldWRlJOblYwVjFvdkswOWtRbE5JYjNKdlJFdG9SVVYzZGpaWlIwRTJRMlJsUmtWcWJFUm9jalJWTjNkb2JWSlRNR1prTlZOTFdBcHZiVGQ1Y0hGTlFXRllSMm8yY0hoTlpuWTVTblo1ZFdGcVoxTkhhalZWVEhjeVQzRnJZMFo2YjFCaVlVTkdLMGMyYmxGQlVUaEVZbmhWVERGQ1kwSmlDbHBUZUVScmFUUkhhREowTUZsVmQwVXJMMjlEWjNkRE1sTm1jbWh3VnpSTFQybE1iM2xuY2tGWWIxQlNObUpPZUVvM1oyWm1WbEpLYVVGVE1pOW5MMUlLUkVGd1VrSkJjMGN5UmtSelZtNVRSVTF5ZERoTlV5OVZkVzFLUmpSc1VEUnFZbGRuV0VaTGJVSm9jM2x1ZWtaVVprUlpPVkZYZERCRFZHUkRXakI1TWdwb2NuZEhLMlI0UW14bU5YRTNOM2hKYkZoVVRGTjVObVV5V21oV2RXWmhNVE5KUldWa1ltd3diRk5sU0hZd1QwMUtPSEF2TTFOdFFUTmFSVWRLZFdkaENqRk9UMnAzY0hBMlZrZG9XVk13VVROVVIxUmFSa3RaV0ZSMWVFaHZNVzVpUWxaVVJsTm1WRVpzZW5CeU1YbDFRbVpDTWpJMllqQlZka1pRVGpaTlFsRUtkM0F4Um5kdE5XRkxTbThyVkhwRVpUQkxWMVphVW5RMWFrcERXRE5uY0U5RmJsQTFSVUpsUVZaeVJHeDBOSEZQWTNKSFNGcEZiaTgxY25kU00yVlBWUW96YW1STEx6VTFUMWxNVGtkRFZVUjNNekZOZEZGblRFbENlREJaUzBoMVpqbDRVRWxrVTBKS1JuUXpTMDlSUW5CWFJUbEZSR0ZMYldaM01VOURNM3BoQ21wM2VXcDFVVVpHZG1WSVJGUTVSVVo2UzFoUUwxVnFNMDl0WldoYWNVNW5LMlI1ZFdOYU5qRXJSRFI0ZW5STVJHSXhlSFJXWjBKVFVpOU1XRVo0ZFRJS1YyNHhZMWcyVjJFcmJucFVWRGRFV1U1SE1VcERjWEV6T1dOQ0wycHNTa000VkVWdFFWRTlQUW90TFMwdExVVk9SQ0JEUlZKVVNVWkpRMEZVUlMwdExTMHRDZz09CiAgICBzZXJ2ZXI6IGh0dHBzOi8vY2xpYWtzZG5zeWNoeTN4Zy0yMmVmNzQ1YS5oY3AuZWFzdHVzLmludC5hem1rOHMuaW86NDQzCiAgbmFtZTogY2xpYWtzdGVzdGVpaWFuYQpjb250ZXh0czoKLSBjb250ZXh0OgogICAgY2x1c3RlcjogY2xpYWtzdGVzdGVpaWFuYQogICAgdXNlcjogY2x1c3RlclVzZXJfY2xpdGVzdGphaWJ0YzVrNHBfY2xpYWtzdGVzdGVpaWFuYQogIG5hbWU6IGNsaWFrc3Rlc3RlaWlhbmEKY3VycmVudC1jb250ZXh0OiBjbGlha3N0ZXN0ZWlpYW5hCmtpbmQ6IENvbmZpZwpwcmVmZXJlbmNlczoge30KdXNlcnM6Ci0gbmFtZTogY2x1c3RlclVzZXJfY2xpdGVzdGphaWJ0YzVrNHBfY2xpYWtzdGVzdGVpaWFuYQogIHVzZXI6CiAgICBjbGllbnQtY2VydGlmaWNhdGUtZGF0YTogTFMwdExTMUNSVWRKVGlCRFJWSlVTVVpKUTBGVVJTMHRMUzB0Q2sxSlNVVTVla05EUVhRclowRjNTVUpCWjBsU1FVd3pTRkJsTmxKdE9YbERRV3c0YkZGalRYQkxlSGQzUkZGWlNrdHZXa2xvZG1OT1FWRkZURUpSUVhjS1JGUkZURTFCYTBkQk1WVkZRWGhOUTFreVJYZElhR05PVFZSbmQwOUVRWHBOYWtGNVRXcFJlVmRvWTA1TmFrRjNUMFJCZVUxcVFYbE5hbEY1VjJwQmNRcE5VbU4zUmxGWlJGWlJVVXRGZHpWNlpWaE9NRnBYTURaaVYwWjZaRWRXZVdONlJWQk5RVEJIUVRGVlJVRjRUVWRaTW5od1dsYzFNRTFKU1VOSmFrRk9Da0puYTNGb2EybEhPWGN3UWtGUlJVWkJRVTlEUVdjNFFVMUpTVU5EWjB0RFFXZEZRWGgzVVVKYVlVbGFTRTFHYlZoNGVEazFkekZpV1VwcWRHZERZVWdLTVVsM1EwSmtlbVY0UVVWbVZFMVJhRWhQTjFJeVdGWmlhMEoyYkV4amFUUklORlptZG5ZNGVUbHdaV2h0ZVhWQ1UwZzVOMFZ4WW14NFdHNXlZM014YVFwbFdFazRRa2xuVlU4NE9FRnNiQzlqT1RKYVJIVnVhVmRQTTBSbEsyNHdlbU0xS3pRelVFTXdjR2RVVVRGdVVXbFhiVnB6Ympnd01HdHNRelIwVjA1WkNqTnFOa3RsUVhFNFpIQlpWMjVEY1M5bmJGTTVkRmMwVUhaU2NsbFBTbWxYZFhvMlRHcHpjamxHVFVSTk1GWnVRbFJIS3pVMmFqUldkR1JNT0hWeFNrOEtRMVUxZEV4bmFEWTRSV3BMUVhaTFFYaGthM2RXVWtReU1VcHJORGRDVWpVeU9XSkxPVVk0TmxwRVUwRkNWMGg1T1hKVGRqbFBiaThyUTJGMVUwUkdaZ3BaT1ZOcVREQkRNbEp2YUZjeVRqRTFja1JPYzI0NFUwcFRlbXg2VjNoeVRUUnVVemc0ZG5OclF6Z3JUa0k1TUVSeldYVk9jSFl6WlVoMlJYRnVPR3B5Q214U2N6STRkalZvYlVkamVFVmlXRU5YTjFSbWJYRnZOQzk0TWs5cVZTOXZkbkZCUWtsWVRrUXJOa1pSUmxKMlVTOVNRMU0zYjNVd1ZpdHFjbGQzVVRnS05FUk1NWEpUT1hjd1ptbHJiVFoyT0UwemFIWlRaR0ozVTB4SWMyOVlRMVZOVjA1NFRrMWxWV051VEdZdlduRTBTemRUZFhORFNWQjJZV1JYZUZSWU13cGpZMlJYVEhSeGJXVkNZMjA0ZEd0dGJtSlhWSHBVT1RkamJrMXNZVmRETnprMGRFTnFLM05CTVdGMFdXRllXU3RLVEhaTFFXRkZUekpoUldKcFdpOTZDbGcwZHpWTFNVeHNTbmRwTTFRdmJTOW5UR0ZNYkVGaU16QXdNamxUWkVwUWFtUXlhWGQwYm01Q1UxWk5SME54ZGtsWUwyNVNNbGtyZW5Cc2NuZDJSVklLWmxsVE4zRkZTV2hvSzFCWlNtUnFVbkJWYW1WclNtRmljV2RSYzAxYVVHSmtNakJ0WkRkR1ptVjNWVGRtYVcxMmJGZ3pRMkoxYzFGeloyWmxUbTh5Y2dwQ1ZrWkZOSGcwV1U5R1VrNUZaa1ZEUVhkRlFVRmhUVEZOUkUxM1JHZFpSRlpTTUZCQlVVZ3ZRa0ZSUkVGblYyZE5RazFIUVRGVlpFcFJVVTFOUVc5SENrTkRjMGRCVVZWR1FuZE5RMDFCZDBkQk1WVmtSWGRGUWk5M1VVTk5RVUYzUkZGWlNrdHZXa2xvZG1OT1FWRkZURUpSUVVSblowbENRVXBaWkdkS2VXNEtZbE5CU3k5VEswaEdOa1poTDFoVFFsZHFXRVZXWTBGcGJGVjRjRU52SzJSMVdXMW1URXByUmxaQldEUTRaVEI2T1dwakwwTktNR055VmpCemIxVllkd3BQWWxNMVJEVlhWbHBYWkRkR1NHaHBaV3BTY0RZNVF6SkRNMDF3YnpsTVRHeGFURlo2YUd4cGFHVk9WazVHUmxaaFREYzNiRVZuZWxRMVFqaHFkMFV6Q2lzM09HbFpaVmxQVUdkeFJqVTRWR0V5ZUdoVlUxcG5WRFJxYVN0a1JVdFZUMjVCUTBrNWJqSXlTbFpZTkVWT1R6UkpLMkozTUhseEwzRTVlVGRGZDFNS1FtMHJUVTl0WkVSa1VHMVVNV3hXVlVkSFVXcDNTMjF6WmxJemJqRkRSekpGTVV4dVdXMDVibEZ0ZDFWM1RHMURha2sxUVVveWVHUmxURWQ0WkVwNGN3cFdjMXBSVTJkRGJ6ZHpXblI1ZDNWcksweFpUbk0xVEVoQ0szSXZiM28xYWxOclFVaFJUbXRVVWxKT1ZYTm1LeXR1ZVVWSE9Hb3ZZMk5wUXprelJGSkJDa053UzIxclZUUnBOUzl2YzBvMFZ5dHlRWHBuUjJwclRGWk9PQ3NyY0VKYVNEaExlVE5CZERaeWFsTTFjR00wWmtGT1p6RjVlbXczVWxJNWIzcHFRbElLVkZSM1RWWnJkMWhHVEZGTU1uazBTa3BRVTBWQlRGcG9abmN6YlVGeU1EWnJTV1J4Y1daclNEVnJOakJzUzBsTFEwdG5SbTlLZWtKdWNVdDNaVEZOYVFwRlIyTmpOblpUUlZwdE5rNTZVRUYwTW05d1dqUnVaM1pJTmtNdll6VlRRWEZtWWpVNE1VeFFOU3N2VGsxalp6SlZNVGRIWXpSS1YxTlBVREpqYzNkckNuaG1UbVpqYzB4bE9WZHFlRVJ0S3pGcFdHdGFlRFZvTTBkV2NuTXZiVk5pV0dOVmExZHlOVTh2VjBwaE15dDFiaTlvUWtoQlkzQjNNakZ5Y1c5b2RXSUtPV1YxVkU1WE1HaG1TbTl5YkhVMVluRlBlakZVU1dSTlYxbHZZbGxLYWxSb2JuRTBRVVk0U25wSVNraDVabkpNYkdGTFMySm5RbEJLZWpCcVpHTlFhQW94THpSdVdXaE5XRVIwTm0xdFFuRjFZVzVoVG1sdFpWWXhRVFpEZFdaTlNHRndPRmtLTFMwdExTMUZUa1FnUTBWU1ZFbEdTVU5CVkVVdExTMHRMUW89CiAgICBjbGllbnQta2V5LWRhdGE6IExTMHRMUzFDUlVkSlRpQlNVMEVnVUZKSlZrRlVSU0JMUlZrdExTMHRMUXBOU1VsS1MwRkpRa0ZCUzBOQlowVkJlSGRSUWxwaFNWcElUVVp0V0hoNE9UVjNNV0paU21wMFowTmhTREZKZDBOQ1pIcGxlRUZGWmxSTlVXaElUemRTQ2pKWVZtSnJRblpzVEdOcE5FZzBWbVoyZGpoNU9YQmxhRzE1ZFVKVFNEazNSWEZpYkhoWWJuSmpjekZwWlZoSk9FSkpaMVZQT0RoQmJHd3ZZemt5V2tRS2RXNXBWMDh6UkdVcmJqQjZZelVyTkROUVF6QndaMVJSTVc1UmFWZHRXbk51T0RBd2EyeEROSFJYVGxremFqWkxaVUZ4T0dSd1dWZHVRM0V2WjJ4VE9RcDBWelJRZGxKeVdVOUthVmQxZWpaTWFuTnlPVVpOUkUwd1ZtNUNWRWNyTlRacU5GWjBaRXc0ZFhGS1QwTlZOWFJNWjJnMk9FVnFTMEYyUzBGNFpHdDNDbFpTUkRJeFNtczBOMEpTTlRJNVlrczVSamcyV2tSVFFVSlhTSGs1Y2xOMk9VOXVMeXREWVhWVFJFWm1XVGxUYWt3d1F6SlNiMmhYTWs0eE5YSkVUbk1LYmpoVFNsTjZiSHBYZUhKTk5HNVRPRGgyYzJ0RE9DdE9Ramt3UkhOWmRVNXdkak5sU0haRmNXNDRhbkpzVW5NeU9IWTFhRzFIWTNoRllsaERWemRVWmdwdGNXODBMM2d5VDJwVkwyOTJjVUZDU1ZoT1JDczJSbEZHVW5aUkwxSkRVemR2ZFRCV0sycHlWM2RST0RSRVRERnlVemwzTUdacGEyMDJkamhOTTJoMkNsTmtZbmRUVEVoemIxaERWVTFYVG5oT1RXVlZZMjVNWmk5YWNUUkxOMU4xYzBOSlVIWmhaRmQ0VkZnelkyTmtWMHgwY1cxbFFtTnRPSFJyYlc1aVYxUUtlbFE1TjJOdVRXeGhWME0zT1RSMFEyb3JjMEV4WVhSWllWaFpLMHBNZGt0QllVVlBNbUZGWW1sYUwzcFlOSGMxUzBsTWJFcDNhVE5VTDIwdloweGhUQXBzUVdJek1EQXlPVk5rU2xCcVpESnBkM1J1YmtKVFZrMUhRM0YyU1ZndmJsSXlXU3Q2Y0d4eWQzWkZVbVpaVXpkeFJVbG9hQ3RRV1Vwa2FsSndWV3BsQ210S1lXSnhaMUZ6VFZwUVltUXlNRzFrTjBabVpYZFZOMlpwYlhac1dETkRZblZ6VVhOblptVk9iekp5UWxaR1JUUjRORmxQUmxKT1JXWkZRMEYzUlVFS1FWRkxRMEZuUWt4Rk0za3ZZbGRaVW5wbVpXcGxObXRZVWpWbGIwZHBha2RTYTB4S1kwMVBNbTFJY2tVNFJFNTRhbms1Tm5KaVJXMVhjbkJsTkRsalVnbzNXREZuUkhJeGRUTlFSRXA1Tm5ablZVbHZiRFJyYkRSWlRrOW1TMjQwYVhkak5HSlRTR1pTYzJSQlNVOHJMMXA1YmtsbFRtdHliMmh0VFU5TE1tUkRDbXRaWVdWWlMzVndWbGhwWjJoSlMxQXhRMGM1Wm5CUlRuVkxhbFJhV0ZrMGJucEVRVXhzUjI5T1ZYbG9XVGM1Um5wSE5sRmhVVEZxTm5oQmRUUXphV0lLTmxKM04zRk1NbGM0V1dGR2JFeElkbUVySzJGMVV6aHRZV0ZPYUVGNVdIQTVhRFpCVEd0RVRITTVSa1UwWjBOeVIyWmFkMHhLTW5GRFdYUkVObXRXY0FvNFpFOURiR3RZWWpaRGVYSTNielEwSzFwc2FHSm5jRTh4ZUU5RU9XNTFZWEZzTVRBeVNuUjVNRkJQZVV0bE5uaFJkVTlMYWxvck1YRmlkWFJWUVM5MkNsWXlNMmhKS3pZdmNuWlJURXhLU0d0WVNVUjJUV3hyVDI1UmFEQmphQzlGTURGWU9WVnJOM29yV1RVMVNXWmhaa2xITmtwVlNtdEVlVVJYWlV0R1lsQUtRMjlwWldkRlJESmFhaXRFYmtjNFUzTjJhRVJZVldWa09FWkZTbG93ZVdnck1qWnNkbkp2ZWtSREwyUjBXVTFUTDBZelRYTlhhbEJJTW1ScGNYQmljQW8yY0ZONGVVYzVlRTFFU2s0NGJqbGpVM2xuUjBoMVRGTmFkR05zU0haM1ZYVm1SamhCTVVsMk0xTmhSMGxrYjNkVFIxUkxMeXN3UTFkdk9VMU9NVmhLQ25kVlkwa3piekU1YWpSc2JFSkVRU3RWUjNsR0x6UTJORkpHTVdOSlUxZFlNMWRXV1ZwM1kxRjFhbVE1TlU1T1ZteE5aVTlUTTFkVU5DOVhaRVJ3Y1hJS1NVY3piRzFXY1U5VlRIUkJiRFp0WVVWR05XRnRjMXBJTjFOa0szbFdjREI0WkcxcFQwcERVUzgyVm1vdmIyTlFkRkEyTlZSQlNUZ3lNekJETlU1MlFncHlka04yZUZOVE9IRk1VMEZOWWxNeVZ6aFJVMmM1TkVoNllqWnRXWE5yUnpWTFNERnJUR3hDVjFkdU5XdE5hMmxJVVV0RFFWRkZRWGd3UkVkRFZEUkZDbTluVEd4TlJHSm5MMDFqV2pCVlUydHlOM0pTVVZrM1oyMW5kVmhDTWtSVk1EQkNTVlowTVdoM0t6VkpUVmxsYld4eGNXRnpaR2h3UzBaeVVEbHBZVUlLVFZwRlJrVkdWRTR6UjBod05WazFlbGxYYlN0SVZWWkpOSGRaYURCa2Ntd3ZUVlEwWjNFd01Xa3liRFZoWTNoSUswbHVVR2huV0ROcFprMWhWM2hHUlFwWmMwMVZVeTl6UWpKeFRXbE9ORlJ1YXpSRU1XMXBjbnBOUkV4aGMxZEpUSFJaYW1GM2JrOUJUVkpzVjJWUVRuUTBaMVV3YjJoQldIVlJXSGRPUm01cENrdHBTaTl1WlVwblQxaDFSVTlRYTJkVWIzUXlVbGhaWlVGTWVqZzFSR3N4YW14dFRHSlRhRVJsUm1GT01UQjNZV2RPUm5SMFdHbGxjM2N4V1dSNFUwd0tWbFZtWjJ0MWVqZEtielZDT1hFeVRUTjJTUzlyU201TWNISXlabTE0Um5ackwyRXJNa0ZWU0dWbmJVOTJiWEJ2V0VSdE9FRXpPRVJFY2xReVpXZ3ZVUXBSWlRWUlRqQnJkVGh0TUZFMGQwdERRVkZGUVM4M1NITXlhVmRJUW5Rck5ESmFRVk5aUzBkaFpHaFZRM05QYnpOaGEyczRhbUZFYTNoU2IxSTFOalZuQ2lzNGFrZHJOMnBGZFZkSGIxZEhOVTlJV0hoNGRIbEhUelp4Y25SMVNXTk5SRGRhT1V4NlJIcHVZMU5XYjJsVFF6UXZXVE5JVUV4SFNrSlpaVGxSZUVzS1RVa3dWMnRCYW01UmIweEhibXN4YTJWR2VFZzBVVXBCZVhCUWQzaEtaVXhST1hCVVJISmFkR0l2WnpSdVlrRjZVak4yUm0xRWNXZEdla1JRZFdRMFV3cG5XWEZHY0VWWlNFRkphbHBRTkhobGFYQkpTRVpOT0hZeksyd3JSbFp5Y0VObmJDczFTVXRpYTJvdmNtSmlLMjVvT0ZsYU0xSnRNblU1UTFsWWVrSjZDbW9yVkVKVGVISmphM1IwYTBkREt6Uk9XWGh5VEhGdE9FcENPVmd2WWsxNVlVa3dTVE15TVROamNreHpOMVJ1VmxkWVNucHVjRVZaTDFsU05HUTVkRzRLTUZwWWNtRjRXVVZ4V0dRd2RWZGhlV2N5T0dwb1dXdDZWaTlNWWtwNUwyUXJhRU4yYkVGaGRVZDNTME5CVVVGclFrMUxTREI1TURGUFJEZEVLek5sY1FwWGFtVkNhVGswVmxscWEwaHNPVTVyU2xkdk1IcEVNVTEyZEdOVk1VMXZhV2xCVjBjMWNGZHVjMDFzYzBWemJsaHZTM0owVUZWTGJtVnBZVzVOUWpGVENteEhVMkYxWVdsRU1rbERhMlVyZWxWR1ZIbDRNbVJqZGxoVkwzSkdNMHRTWkVGNVpHOXROekJNTnpGVE5XVnpPR2hpVTJrNU4ydGlMMVpZUXpodGIwRUtXWFpOUW1oRldEQmtVMEozYzFGcWNrVndXbFE0U0hoaVdWcFVhVUk0TUVwcmVVZzViRlYxYzNsMlNXSjRZbkl3UjBjeU1tMVFWRFJXZFc5dk1sVTBOUXAwWld4T0x6Qk1iWG92UldWV01UZFFSbFp5Um5sek1ubHZUamxEWVZRdmFFWm5lRzRyWm5KcmFFaGtTR3RpYkcxa2NXZHBVbkJXTVZsb2RtNXJNakZJQ2tvdmIyMXdTRXhPY204M2RFUmtRWGh2VWl0clFWZ3ZhRU5JTm5oUlFqazRORkpPY25WdlMwcEJWM0pMVjNkQ2NtWlRlamxKU210bFFXWXlRVTFRZFVzS2JWVnhka0Z2U1VKQlJqbE9hSFpXYzBwV04xaG9hMDQxU1hCQ2Jua3pWMVp6VkVsV2NXd3ZkMDlwVTJwM2IwVkJhbGx1YjBGbVpqSjRjVlZMY1dwQ1lRcHBUeXRyT1ZoTGFVUndVblZoY1VadE5HdEllaXN2Wm1wVlpHVkZSRVpzVTJreE9IRTRjWEJoTDBGSVRFeDZWVWRHWWxoTFVtVkVRWGhhWTJJMmJUVnpDalZtUkdNNFkxTXllVWxtUTFkcWJtNVhSV01yU1Uxa1EyMWtRMVJEUld4RGIwZ3JUbnBDT0hCeUsxWnJaa2xWU1ZOWVUwTndRekJ4V0RGT2VWVnRkazRLYkdkUVRXOTJVazVLTVhsSVQwNVlhRnB2UVRWTFZVUXpaSGhrWlRSMlRtODFZWGMzVldkelYwOUZLMnB3VDNSMEwxVXdSbVI0TURjMmVIVXJVVVphZHdwa1YyUmhZV1pPZW1sblQxUmxhU3RSYVhwQ2FGZFViVVY2TjJwUVUxVlZNRVZaUkN0SVJuQkNaMWg1Y0c5clNHb3pVemN6VmxWUVZpdEVRWEYyWTFGWkNscFRXWGhqTDI1MlRUZE5la0o2VFZKeWMwNHhXVTkzZVhsbE5raGhkRGhEWjJkRlFrRktPR05TT1V4bVQybzBObnBoVmpCQ1R6SmxZVXMyYjFGeVMwWUtOVUZGZVRoRVUwNXJUV3hRVlRWbWVsaEVSVFpPV0dkTlRuRmFabWRxWTJ3eFl6QlpOak5hY2pOdVNsSlJTR05EZFhBM1JsTlRSRzFaYTBneVQxUjNXUXBVYTFaSk1VTkRNVWcwZFN0UU9WbGpNRGhZZVdGMFYwMDFSeTgwVGxjeVNrMHZiRVJTZG1wd1JWWTFPVlpyTUVsR016SkROemd3UTI1emJrZGhVMnBYQ2xvNVdGZERiRkJ4TTA1SGRtTkVTbWs0UWpWU1RVUjJkbWhqUlZWdmJVNDNjRmhIT0hoMmRYUkxZMmxMV0Uxa1NubGpOMHRKUTBocGJWRnRRWHBHV21JS1JrcEViVEI2ZGpKdldVVnRkbkV2VVcxc1R6UmthMVlyUjBkeVZDdDZSMVpyYmk5MU5EVnRWV1ZUTXpocVNGZDFhRGRIY0dabmFGSnBja1V2Y2xwRGVBb3lWRmhuZGxsdU0yd3phMHR0V1dkclNUa3pNMlowZFZjdmJXTnRiV0pQZERndmFXaHlkQ3RuSzBWbGNHNU9VVVEzYWs5MlNGVnZiVkIyVlQwS0xTMHRMUzFGVGtRZ1VsTkJJRkJTU1ZaQlZFVWdTMFZaTFMwdExTMEsKICAgIHRva2VuOiAyYWIyZDM4NTc4ZDdiOGFmMTU1YzlhMzNiODJjYWZiNgo=\"\n
        \ }\n }"}
    headers:
      cache-control: [no-cache]
      content-length: ['13063']
      content-type: [application/json]
      date: ['Fri, 03 Aug 2018 20:36:35 GMT']
      expires: ['-1']
      pragma: [no-cache]
      server: [nginx]
      strict-transport-security: [max-age=31536000; includeSubDomains]
      transfer-encoding: [chunked]
      vary: [Accept-Encoding]
      x-content-type-options: [nosniff]
      x-ms-ratelimit-remaining-subscription-writes: ['1199']
    status: {code: 200, message: OK}
- request:
    body: null
    headers:
      Accept: [application/json]
      Accept-Encoding: ['gzip, deflate']
      CommandName: [aks get-credentials]
      Connection: [keep-alive]
      Content-Length: ['0']
      Content-Type: [application/json; charset=utf-8]
      User-Agent: [python/3.7.0 (Darwin-17.4.0-x86_64-i386-64bit) requests/2.19.1
          msrest/0.5.4 msrest_azure/0.4.34 azure-mgmt-containerservice/4.2.0 Azure-SDK-For-Python
          AZURECLI/2.0.43]
      accept-language: [en-US]
    method: POST
    uri: https://management.azure.com/subscriptions/00000000-0000-0000-0000-000000000000/resourceGroups/clitest000001/providers/Microsoft.ContainerService/managedClusters/cliakstest000003/accessProfiles/clusterUser/listCredential?api-version=2018-03-31
  response:
    body: {string: "{\n  \"id\": \"/subscriptions/00000000-0000-0000-0000-000000000000/resourcegroups/clitest000001/providers/Microsoft.ContainerService/managedClusters/cliakstest000003/accessProfiles/clusterUser\",\n
        \ \"location\": \"eastus\",\n  \"name\": \"clusterUser\",\n  \"type\": \"Microsoft.ContainerService/ManagedClusters/AccessProfiles\",\n
        \ \"properties\": {\n   \"kubeConfig\": \"YXBpVmVyc2lvbjogdjEKY2x1c3RlcnM6Ci0gY2x1c3RlcjoKICAgIGNlcnRpZmljYXRlLWF1dGhvcml0eS1kYXRhOiBMUzB0TFMxQ1JVZEpUaUJEUlZKVVNVWkpRMEZVUlMwdExTMHRDazFKU1VWNVJFTkRRWEpEWjBGM1NVSkJaMGxTUVZCRE1HczJabkpVUWtkRVNGRXdVVFpxVUhGbmJ6aDNSRkZaU2t0dldrbG9kbU5PUVZGRlRFSlJRWGNLUkZSRlRFMUJhMGRCTVZWRlFYaE5RMWt5UlhkSWFHTk9UVlJuZDA5RVFYcE5ha0Y1VFdwTk5WZG9ZMDVOYWtGM1QwUkJlVTFxUVhsTmFrMDFWMnBCVGdwTlVYTjNRMUZaUkZaUlVVUkZkMHBxV1ZSRFEwRnBTWGRFVVZsS1MyOWFTV2gyWTA1QlVVVkNRbEZCUkdkblNWQkJSRU5EUVdkdlEyZG5TVUpCVFhsVUNuRXpaMHBLV0ZGb1F5OVlWbVZ4WWxSeVN6UTFSalZSYmpCcFNVTkxSRlZ4YWtkU2VraEdVMFZJZWxJeVRFVndjMFpVV1ZsbE0wWnRhM1ozVldFMWVIa0tRaTlzU0c1dU4wbFZSRGxUUkhwdk1reDZNRmR2VkhacFdITnJOM3BhZDNseVpERkxhRWRuZUhFeGNIb3JiR05PY0c5QlFqSjVSWEJJVlN0NmVFRXJjQXBHTmxWS1QwSklUM1ZNYVVSaE5uZFdhMGhyVkZvd2REUnJNekZwVVZBNVIwZEZSRk5JU1c5V2MzZEpZMUIxUm1oWFZHWjRXakYzY2tjM1VtTXZhMmRDQ2pCcWJXMXlXbGhCV1VveUt6TjRaaTlJTVdWcFNVUnZRazV3Tm1salJtbEZLMnBoVDA5dmNqZHplSFJ5UnpGdWFFZFlXRE14U2s5c1NHUlJhMDFrSzFBS1drMUtWR05KUkV4S2JEUkNWMnBrZVhCaFNXSnNaak5JTUc1aE5UTnVZeTlsY1VZMk9ERXpOMEpMZVhrM2IzVlJRWFFyWVRWTU9WSTVNVlZZU0hadk9BcFpTa3RwYlZKeVRtdDNLMjlJUTFwSE4wUkROalZFVUhsU2NUWkxjbEp4Y0RKSFVVTktXR1JFVDNwbFVHRm5UMGREUWpSSVprUjFOR0ZKYUZONlltNWlDakJ5UlhKQmFuVllSRkZQVjJwWVQxcG1hbWQzVUcxQ2RuRmlkMk5FTW10b01tSXJaVkI1V0N0QmFIaFJOWGxsUkRFd2VWZ3pRMnBsYVVocE4xWjVNRTBLVTNWeVIzVmFVWGR5UnpZMllqTlpTR00wU0ZKRFVHUkhWVFIzWkhoTmQwb3JTR1JzZDNoUWRXOTFRa00zSzFrM05Fa3lXWGRJYjFOV1JVbHlXVVIyUlFwb1NYcFViSGRvVmpneFVtSjNSamg0VG5wSFpUaHVWbGNyVFZSRE5sSndRMk5PTlZCaFJXbDRObGd4UW1ka2NIcEpORFkzWXpKcVN6ZEhWVXcxV0UxS0NubEVNazFKUWpSWU5ubDBaMWRwTmk4dmJUQkdjREJ0UjJoTE4zSXJXakZzUW1wTlIwVjZkekJtY2psUVZtWnpVSE1yYmtGNWVGRjBVSFV5ZW10UFNVVUtTblZpTkRkNmRXSktNV2RpWVZkWFMwOXhhRkJ5VGpCd05GcHpOR2x3WlU5V2NXUldWbFV3U2tGblRVSkJRVWRxU1hwQmFFMUJORWRCTVZWa1JIZEZRZ292ZDFGRlFYZEpRM0JFUVZCQ1owNVdTRkpOUWtGbU9FVkNWRUZFUVZGSUwwMUJNRWREVTNGSFUwbGlNMFJSUlVKRGQxVkJRVFJKUTBGUlEwNXVaMFZFQ2pWbFlqVlNTMVkxZEVsV0swVTNRWE56VUdOUFJXY3llbmt5WlhaUWJIQm1kMFZZWVhoQ2VYUnpiMlJQU1dWamNGbGhNVEpuTWxBeGVXRXpWblVyUWtRS2JuSnZiR2t2UW1wbldWRlJOblYwVjFvdkswOWtRbE5JYjNKdlJFdG9SVVYzZGpaWlIwRTJRMlJsUmtWcWJFUm9jalJWTjNkb2JWSlRNR1prTlZOTFdBcHZiVGQ1Y0hGTlFXRllSMm8yY0hoTlpuWTVTblo1ZFdGcVoxTkhhalZWVEhjeVQzRnJZMFo2YjFCaVlVTkdLMGMyYmxGQlVUaEVZbmhWVERGQ1kwSmlDbHBUZUVScmFUUkhhREowTUZsVmQwVXJMMjlEWjNkRE1sTm1jbWh3VnpSTFQybE1iM2xuY2tGWWIxQlNObUpPZUVvM1oyWm1WbEpLYVVGVE1pOW5MMUlLUkVGd1VrSkJjMGN5UmtSelZtNVRSVTF5ZERoTlV5OVZkVzFLUmpSc1VEUnFZbGRuV0VaTGJVSm9jM2x1ZWtaVVprUlpPVkZYZERCRFZHUkRXakI1TWdwb2NuZEhLMlI0UW14bU5YRTNOM2hKYkZoVVRGTjVObVV5V21oV2RXWmhNVE5KUldWa1ltd3diRk5sU0hZd1QwMUtPSEF2TTFOdFFUTmFSVWRLZFdkaENqRk9UMnAzY0hBMlZrZG9XVk13VVROVVIxUmFSa3RaV0ZSMWVFaHZNVzVpUWxaVVJsTm1WRVpzZW5CeU1YbDFRbVpDTWpJMllqQlZka1pRVGpaTlFsRUtkM0F4Um5kdE5XRkxTbThyVkhwRVpUQkxWMVphVW5RMWFrcERXRE5uY0U5RmJsQTFSVUpsUVZaeVJHeDBOSEZQWTNKSFNGcEZiaTgxY25kU00yVlBWUW96YW1STEx6VTFUMWxNVGtkRFZVUjNNekZOZEZGblRFbENlREJaUzBoMVpqbDRVRWxrVTBKS1JuUXpTMDlSUW5CWFJUbEZSR0ZMYldaM01VOURNM3BoQ21wM2VXcDFVVVpHZG1WSVJGUTVSVVo2UzFoUUwxVnFNMDl0WldoYWNVNW5LMlI1ZFdOYU5qRXJSRFI0ZW5STVJHSXhlSFJXWjBKVFVpOU1XRVo0ZFRJS1YyNHhZMWcyVjJFcmJucFVWRGRFV1U1SE1VcERjWEV6T1dOQ0wycHNTa000VkVWdFFWRTlQUW90TFMwdExVVk9SQ0JEUlZKVVNVWkpRMEZVUlMwdExTMHRDZz09CiAgICBzZXJ2ZXI6IGh0dHBzOi8vY2xpYWtzZG5zeWNoeTN4Zy0yMmVmNzQ1YS5oY3AuZWFzdHVzLmludC5hem1rOHMuaW86NDQzCiAgbmFtZTogY2xpYWtzdGVzdGVpaWFuYQpjb250ZXh0czoKLSBjb250ZXh0OgogICAgY2x1c3RlcjogY2xpYWtzdGVzdGVpaWFuYQogICAgdXNlcjogY2x1c3RlclVzZXJfY2xpdGVzdGphaWJ0YzVrNHBfY2xpYWtzdGVzdGVpaWFuYQogIG5hbWU6IGNsaWFrc3Rlc3RlaWlhbmEKY3VycmVudC1jb250ZXh0OiBjbGlha3N0ZXN0ZWlpYW5hCmtpbmQ6IENvbmZpZwpwcmVmZXJlbmNlczoge30KdXNlcnM6Ci0gbmFtZTogY2x1c3RlclVzZXJfY2xpdGVzdGphaWJ0YzVrNHBfY2xpYWtzdGVzdGVpaWFuYQogIHVzZXI6CiAgICBjbGllbnQtY2VydGlmaWNhdGUtZGF0YTogTFMwdExTMUNSVWRKVGlCRFJWSlVTVVpKUTBGVVJTMHRMUzB0Q2sxSlNVVTVla05EUVhRclowRjNTVUpCWjBsU1FVd3pTRkJsTmxKdE9YbERRV3c0YkZGalRYQkxlSGQzUkZGWlNrdHZXa2xvZG1OT1FWRkZURUpSUVhjS1JGUkZURTFCYTBkQk1WVkZRWGhOUTFreVJYZElhR05PVFZSbmQwOUVRWHBOYWtGNVRXcFJlVmRvWTA1TmFrRjNUMFJCZVUxcVFYbE5hbEY1VjJwQmNRcE5VbU4zUmxGWlJGWlJVVXRGZHpWNlpWaE9NRnBYTURaaVYwWjZaRWRXZVdONlJWQk5RVEJIUVRGVlJVRjRUVWRaTW5od1dsYzFNRTFKU1VOSmFrRk9Da0puYTNGb2EybEhPWGN3UWtGUlJVWkJRVTlEUVdjNFFVMUpTVU5EWjB0RFFXZEZRWGgzVVVKYVlVbGFTRTFHYlZoNGVEazFkekZpV1VwcWRHZERZVWdLTVVsM1EwSmtlbVY0UVVWbVZFMVJhRWhQTjFJeVdGWmlhMEoyYkV4amFUUklORlptZG5ZNGVUbHdaV2h0ZVhWQ1UwZzVOMFZ4WW14NFdHNXlZM014YVFwbFdFazRRa2xuVlU4NE9FRnNiQzlqT1RKYVJIVnVhVmRQTTBSbEsyNHdlbU0xS3pRelVFTXdjR2RVVVRGdVVXbFhiVnB6Ympnd01HdHNRelIwVjA1WkNqTnFOa3RsUVhFNFpIQlpWMjVEY1M5bmJGTTVkRmMwVUhaU2NsbFBTbWxYZFhvMlRHcHpjamxHVFVSTk1GWnVRbFJIS3pVMmFqUldkR1JNT0hWeFNrOEtRMVUxZEV4bmFEWTRSV3BMUVhaTFFYaGthM2RXVWtReU1VcHJORGRDVWpVeU9XSkxPVVk0TmxwRVUwRkNWMGg1T1hKVGRqbFBiaThyUTJGMVUwUkdaZ3BaT1ZOcVREQkRNbEp2YUZjeVRqRTFja1JPYzI0NFUwcFRlbXg2VjNoeVRUUnVVemc0ZG5OclF6Z3JUa0k1TUVSeldYVk9jSFl6WlVoMlJYRnVPR3B5Q214U2N6STRkalZvYlVkamVFVmlXRU5YTjFSbWJYRnZOQzk0TWs5cVZTOXZkbkZCUWtsWVRrUXJOa1pSUmxKMlVTOVNRMU0zYjNVd1ZpdHFjbGQzVVRnS05FUk1NWEpUT1hjd1ptbHJiVFoyT0UwemFIWlRaR0ozVTB4SWMyOVlRMVZOVjA1NFRrMWxWV051VEdZdlduRTBTemRUZFhORFNWQjJZV1JYZUZSWU13cGpZMlJYVEhSeGJXVkNZMjA0ZEd0dGJtSlhWSHBVT1RkamJrMXNZVmRETnprMGRFTnFLM05CTVdGMFdXRllXU3RLVEhaTFFXRkZUekpoUldKcFdpOTZDbGcwZHpWTFNVeHNTbmRwTTFRdmJTOW5UR0ZNYkVGaU16QXdNamxUWkVwUWFtUXlhWGQwYm01Q1UxWk5SME54ZGtsWUwyNVNNbGtyZW5Cc2NuZDJSVklLWmxsVE4zRkZTV2hvSzFCWlNtUnFVbkJWYW1WclNtRmljV2RSYzAxYVVHSmtNakJ0WkRkR1ptVjNWVGRtYVcxMmJGZ3pRMkoxYzFGeloyWmxUbTh5Y2dwQ1ZrWkZOSGcwV1U5R1VrNUZaa1ZEUVhkRlFVRmhUVEZOUkUxM1JHZFpSRlpTTUZCQlVVZ3ZRa0ZSUkVGblYyZE5RazFIUVRGVlpFcFJVVTFOUVc5SENrTkRjMGRCVVZWR1FuZE5RMDFCZDBkQk1WVmtSWGRGUWk5M1VVTk5RVUYzUkZGWlNrdHZXa2xvZG1OT1FWRkZURUpSUVVSblowbENRVXBaWkdkS2VXNEtZbE5CU3k5VEswaEdOa1poTDFoVFFsZHFXRVZXWTBGcGJGVjRjRU52SzJSMVdXMW1URXByUmxaQldEUTRaVEI2T1dwakwwTktNR055VmpCemIxVllkd3BQWWxNMVJEVlhWbHBYWkRkR1NHaHBaV3BTY0RZNVF6SkRNMDF3YnpsTVRHeGFURlo2YUd4cGFHVk9WazVHUmxaaFREYzNiRVZuZWxRMVFqaHFkMFV6Q2lzM09HbFpaVmxQVUdkeFJqVTRWR0V5ZUdoVlUxcG5WRFJxYVN0a1JVdFZUMjVCUTBrNWJqSXlTbFpZTkVWT1R6UkpLMkozTUhseEwzRTVlVGRGZDFNS1FtMHJUVTl0WkVSa1VHMVVNV3hXVlVkSFVXcDNTMjF6WmxJemJqRkRSekpGTVV4dVdXMDVibEZ0ZDFWM1RHMURha2sxUVVveWVHUmxURWQ0WkVwNGN3cFdjMXBSVTJkRGJ6ZHpXblI1ZDNWcksweFpUbk0xVEVoQ0szSXZiM28xYWxOclFVaFJUbXRVVWxKT1ZYTm1LeXR1ZVVWSE9Hb3ZZMk5wUXprelJGSkJDa053UzIxclZUUnBOUzl2YzBvMFZ5dHlRWHBuUjJwclRGWk9PQ3NyY0VKYVNEaExlVE5CZERaeWFsTTFjR00wWmtGT1p6RjVlbXczVWxJNWIzcHFRbElLVkZSM1RWWnJkMWhHVEZGTU1uazBTa3BRVTBWQlRGcG9abmN6YlVGeU1EWnJTV1J4Y1daclNEVnJOakJzUzBsTFEwdG5SbTlLZWtKdWNVdDNaVEZOYVFwRlIyTmpOblpUUlZwdE5rNTZVRUYwTW05d1dqUnVaM1pJTmtNdll6VlRRWEZtWWpVNE1VeFFOU3N2VGsxalp6SlZNVGRIWXpSS1YxTlBVREpqYzNkckNuaG1UbVpqYzB4bE9WZHFlRVJ0S3pGcFdHdGFlRFZvTTBkV2NuTXZiVk5pV0dOVmExZHlOVTh2VjBwaE15dDFiaTlvUWtoQlkzQjNNakZ5Y1c5b2RXSUtPV1YxVkU1WE1HaG1TbTl5YkhVMVluRlBlakZVU1dSTlYxbHZZbGxLYWxSb2JuRTBRVVk0U25wSVNraDVabkpNYkdGTFMySm5RbEJLZWpCcVpHTlFhQW94THpSdVdXaE5XRVIwTm0xdFFuRjFZVzVoVG1sdFpWWXhRVFpEZFdaTlNHRndPRmtLTFMwdExTMUZUa1FnUTBWU1ZFbEdTVU5CVkVVdExTMHRMUW89CiAgICBjbGllbnQta2V5LWRhdGE6IExTMHRMUzFDUlVkSlRpQlNVMEVnVUZKSlZrRlVSU0JMUlZrdExTMHRMUXBOU1VsS1MwRkpRa0ZCUzBOQlowVkJlSGRSUWxwaFNWcElUVVp0V0hoNE9UVjNNV0paU21wMFowTmhTREZKZDBOQ1pIcGxlRUZGWmxSTlVXaElUemRTQ2pKWVZtSnJRblpzVEdOcE5FZzBWbVoyZGpoNU9YQmxhRzE1ZFVKVFNEazNSWEZpYkhoWWJuSmpjekZwWlZoSk9FSkpaMVZQT0RoQmJHd3ZZemt5V2tRS2RXNXBWMDh6UkdVcmJqQjZZelVyTkROUVF6QndaMVJSTVc1UmFWZHRXbk51T0RBd2EyeEROSFJYVGxremFqWkxaVUZ4T0dSd1dWZHVRM0V2WjJ4VE9RcDBWelJRZGxKeVdVOUthVmQxZWpaTWFuTnlPVVpOUkUwd1ZtNUNWRWNyTlRacU5GWjBaRXc0ZFhGS1QwTlZOWFJNWjJnMk9FVnFTMEYyUzBGNFpHdDNDbFpTUkRJeFNtczBOMEpTTlRJNVlrczVSamcyV2tSVFFVSlhTSGs1Y2xOMk9VOXVMeXREWVhWVFJFWm1XVGxUYWt3d1F6SlNiMmhYTWs0eE5YSkVUbk1LYmpoVFNsTjZiSHBYZUhKTk5HNVRPRGgyYzJ0RE9DdE9Ramt3UkhOWmRVNXdkak5sU0haRmNXNDRhbkpzVW5NeU9IWTFhRzFIWTNoRllsaERWemRVWmdwdGNXODBMM2d5VDJwVkwyOTJjVUZDU1ZoT1JDczJSbEZHVW5aUkwxSkRVemR2ZFRCV0sycHlWM2RST0RSRVRERnlVemwzTUdacGEyMDJkamhOTTJoMkNsTmtZbmRUVEVoemIxaERWVTFYVG5oT1RXVlZZMjVNWmk5YWNUUkxOMU4xYzBOSlVIWmhaRmQ0VkZnelkyTmtWMHgwY1cxbFFtTnRPSFJyYlc1aVYxUUtlbFE1TjJOdVRXeGhWME0zT1RSMFEyb3JjMEV4WVhSWllWaFpLMHBNZGt0QllVVlBNbUZGWW1sYUwzcFlOSGMxUzBsTWJFcDNhVE5VTDIwdloweGhUQXBzUVdJek1EQXlPVk5rU2xCcVpESnBkM1J1YmtKVFZrMUhRM0YyU1ZndmJsSXlXU3Q2Y0d4eWQzWkZVbVpaVXpkeFJVbG9hQ3RRV1Vwa2FsSndWV3BsQ210S1lXSnhaMUZ6VFZwUVltUXlNRzFrTjBabVpYZFZOMlpwYlhac1dETkRZblZ6VVhOblptVk9iekp5UWxaR1JUUjRORmxQUmxKT1JXWkZRMEYzUlVFS1FWRkxRMEZuUWt4Rk0za3ZZbGRaVW5wbVpXcGxObXRZVWpWbGIwZHBha2RTYTB4S1kwMVBNbTFJY2tVNFJFNTRhbms1Tm5KaVJXMVhjbkJsTkRsalVnbzNXREZuUkhJeGRUTlFSRXA1Tm5ablZVbHZiRFJyYkRSWlRrOW1TMjQwYVhkak5HSlRTR1pTYzJSQlNVOHJMMXA1YmtsbFRtdHliMmh0VFU5TE1tUkRDbXRaWVdWWlMzVndWbGhwWjJoSlMxQXhRMGM1Wm5CUlRuVkxhbFJhV0ZrMGJucEVRVXhzUjI5T1ZYbG9XVGM1Um5wSE5sRmhVVEZxTm5oQmRUUXphV0lLTmxKM04zRk1NbGM0V1dGR2JFeElkbUVySzJGMVV6aHRZV0ZPYUVGNVdIQTVhRFpCVEd0RVRITTVSa1UwWjBOeVIyWmFkMHhLTW5GRFdYUkVObXRXY0FvNFpFOURiR3RZWWpaRGVYSTNielEwSzFwc2FHSm5jRTh4ZUU5RU9XNTFZWEZzTVRBeVNuUjVNRkJQZVV0bE5uaFJkVTlMYWxvck1YRmlkWFJWUVM5MkNsWXlNMmhKS3pZdmNuWlJURXhLU0d0WVNVUjJUV3hyVDI1UmFEQmphQzlGTURGWU9WVnJOM29yV1RVMVNXWmhaa2xITmtwVlNtdEVlVVJYWlV0R1lsQUtRMjlwWldkRlJESmFhaXRFYmtjNFUzTjJhRVJZVldWa09FWkZTbG93ZVdnck1qWnNkbkp2ZWtSREwyUjBXVTFUTDBZelRYTlhhbEJJTW1ScGNYQmljQW8yY0ZONGVVYzVlRTFFU2s0NGJqbGpVM2xuUjBoMVRGTmFkR05zU0haM1ZYVm1SamhCTVVsMk0xTmhSMGxrYjNkVFIxUkxMeXN3UTFkdk9VMU9NVmhLQ25kVlkwa3piekU1YWpSc2JFSkVRU3RWUjNsR0x6UTJORkpHTVdOSlUxZFlNMWRXV1ZwM1kxRjFhbVE1TlU1T1ZteE5aVTlUTTFkVU5DOVhaRVJ3Y1hJS1NVY3piRzFXY1U5VlRIUkJiRFp0WVVWR05XRnRjMXBJTjFOa0szbFdjREI0WkcxcFQwcERVUzgyVm1vdmIyTlFkRkEyTlZSQlNUZ3lNekJETlU1MlFncHlka04yZUZOVE9IRk1VMEZOWWxNeVZ6aFJVMmM1TkVoNllqWnRXWE5yUnpWTFNERnJUR3hDVjFkdU5XdE5hMmxJVVV0RFFWRkZRWGd3UkVkRFZEUkZDbTluVEd4TlJHSm5MMDFqV2pCVlUydHlOM0pTVVZrM1oyMW5kVmhDTWtSVk1EQkNTVlowTVdoM0t6VkpUVmxsYld4eGNXRnpaR2h3UzBaeVVEbHBZVUlLVFZwRlJrVkdWRTR6UjBod05WazFlbGxYYlN0SVZWWkpOSGRaYURCa2Ntd3ZUVlEwWjNFd01Xa3liRFZoWTNoSUswbHVVR2huV0ROcFprMWhWM2hHUlFwWmMwMVZVeTl6UWpKeFRXbE9ORlJ1YXpSRU1XMXBjbnBOUkV4aGMxZEpUSFJaYW1GM2JrOUJUVkpzVjJWUVRuUTBaMVV3YjJoQldIVlJXSGRPUm01cENrdHBTaTl1WlVwblQxaDFSVTlRYTJkVWIzUXlVbGhaWlVGTWVqZzFSR3N4YW14dFRHSlRhRVJsUm1GT01UQjNZV2RPUm5SMFdHbGxjM2N4V1dSNFUwd0tWbFZtWjJ0MWVqZEtielZDT1hFeVRUTjJTUzlyU201TWNISXlabTE0Um5ackwyRXJNa0ZWU0dWbmJVOTJiWEJ2V0VSdE9FRXpPRVJFY2xReVpXZ3ZVUXBSWlRWUlRqQnJkVGh0TUZFMGQwdERRVkZGUVM4M1NITXlhVmRJUW5Rck5ESmFRVk5aUzBkaFpHaFZRM05QYnpOaGEyczRhbUZFYTNoU2IxSTFOalZuQ2lzNGFrZHJOMnBGZFZkSGIxZEhOVTlJV0hoNGRIbEhUelp4Y25SMVNXTk5SRGRhT1V4NlJIcHVZMU5XYjJsVFF6UXZXVE5JVUV4SFNrSlpaVGxSZUVzS1RVa3dWMnRCYW01UmIweEhibXN4YTJWR2VFZzBVVXBCZVhCUWQzaEtaVXhST1hCVVJISmFkR0l2WnpSdVlrRjZVak4yUm0xRWNXZEdla1JRZFdRMFV3cG5XWEZHY0VWWlNFRkphbHBRTkhobGFYQkpTRVpOT0hZeksyd3JSbFp5Y0VObmJDczFTVXRpYTJvdmNtSmlLMjVvT0ZsYU0xSnRNblU1UTFsWWVrSjZDbW9yVkVKVGVISmphM1IwYTBkREt6Uk9XWGh5VEhGdE9FcENPVmd2WWsxNVlVa3dTVE15TVROamNreHpOMVJ1VmxkWVNucHVjRVZaTDFsU05HUTVkRzRLTUZwWWNtRjRXVVZ4V0dRd2RWZGhlV2N5T0dwb1dXdDZWaTlNWWtwNUwyUXJhRU4yYkVGaGRVZDNTME5CVVVGclFrMUxTREI1TURGUFJEZEVLek5sY1FwWGFtVkNhVGswVmxscWEwaHNPVTVyU2xkdk1IcEVNVTEyZEdOVk1VMXZhV2xCVjBjMWNGZHVjMDFzYzBWemJsaHZTM0owVUZWTGJtVnBZVzVOUWpGVENteEhVMkYxWVdsRU1rbERhMlVyZWxWR1ZIbDRNbVJqZGxoVkwzSkdNMHRTWkVGNVpHOXROekJNTnpGVE5XVnpPR2hpVTJrNU4ydGlMMVpZUXpodGIwRUtXWFpOUW1oRldEQmtVMEozYzFGcWNrVndXbFE0U0hoaVdWcFVhVUk0TUVwcmVVZzViRlYxYzNsMlNXSjRZbkl3UjBjeU1tMVFWRFJXZFc5dk1sVTBOUXAwWld4T0x6Qk1iWG92UldWV01UZFFSbFp5Um5sek1ubHZUamxEWVZRdmFFWm5lRzRyWm5KcmFFaGtTR3RpYkcxa2NXZHBVbkJXTVZsb2RtNXJNakZJQ2tvdmIyMXdTRXhPY204M2RFUmtRWGh2VWl0clFWZ3ZhRU5JTm5oUlFqazRORkpPY25WdlMwcEJWM0pMVjNkQ2NtWlRlamxKU210bFFXWXlRVTFRZFVzS2JWVnhka0Z2U1VKQlJqbE9hSFpXYzBwV04xaG9hMDQxU1hCQ2Jua3pWMVp6VkVsV2NXd3ZkMDlwVTJwM2IwVkJhbGx1YjBGbVpqSjRjVlZMY1dwQ1lRcHBUeXRyT1ZoTGFVUndVblZoY1VadE5HdEllaXN2Wm1wVlpHVkZSRVpzVTJreE9IRTRjWEJoTDBGSVRFeDZWVWRHWWxoTFVtVkVRWGhhWTJJMmJUVnpDalZtUkdNNFkxTXllVWxtUTFkcWJtNVhSV01yU1Uxa1EyMWtRMVJEUld4RGIwZ3JUbnBDT0hCeUsxWnJaa2xWU1ZOWVUwTndRekJ4V0RGT2VWVnRkazRLYkdkUVRXOTJVazVLTVhsSVQwNVlhRnB2UVRWTFZVUXpaSGhrWlRSMlRtODFZWGMzVldkelYwOUZLMnB3VDNSMEwxVXdSbVI0TURjMmVIVXJVVVphZHdwa1YyUmhZV1pPZW1sblQxUmxhU3RSYVhwQ2FGZFViVVY2TjJwUVUxVlZNRVZaUkN0SVJuQkNaMWg1Y0c5clNHb3pVemN6VmxWUVZpdEVRWEYyWTFGWkNscFRXWGhqTDI1MlRUZE5la0o2VFZKeWMwNHhXVTkzZVhsbE5raGhkRGhEWjJkRlFrRktPR05TT1V4bVQybzBObnBoVmpCQ1R6SmxZVXMyYjFGeVMwWUtOVUZGZVRoRVUwNXJUV3hRVlRWbWVsaEVSVFpPV0dkTlRuRmFabWRxWTJ3eFl6QlpOak5hY2pOdVNsSlJTR05EZFhBM1JsTlRSRzFaYTBneVQxUjNXUXBVYTFaSk1VTkRNVWcwZFN0UU9WbGpNRGhZZVdGMFYwMDFSeTgwVGxjeVNrMHZiRVJTZG1wd1JWWTFPVlpyTUVsR016SkROemd3UTI1emJrZGhVMnBYQ2xvNVdGZERiRkJ4TTA1SGRtTkVTbWs0UWpWU1RVUjJkbWhqUlZWdmJVNDNjRmhIT0hoMmRYUkxZMmxMV0Uxa1NubGpOMHRKUTBocGJWRnRRWHBHV21JS1JrcEViVEI2ZGpKdldVVnRkbkV2VVcxc1R6UmthMVlyUjBkeVZDdDZSMVpyYmk5MU5EVnRWV1ZUTXpocVNGZDFhRGRIY0dabmFGSnBja1V2Y2xwRGVBb3lWRmhuZGxsdU0yd3phMHR0V1dkclNUa3pNMlowZFZjdmJXTnRiV0pQZERndmFXaHlkQ3RuSzBWbGNHNU9VVVEzYWs5MlNGVnZiVkIyVlQwS0xTMHRMUzFGVGtRZ1VsTkJJRkJTU1ZaQlZFVWdTMFZaTFMwdExTMEsKICAgIHRva2VuOiAyYWIyZDM4NTc4ZDdiOGFmMTU1YzlhMzNiODJjYWZiNgo=\"\n
        \ }\n }"}
    headers:
      cache-control: [no-cache]
      content-length: ['13063']
      content-type: [application/json]
      date: ['Fri, 03 Aug 2018 20:36:37 GMT']
      expires: ['-1']
      pragma: [no-cache]
      server: [nginx]
      strict-transport-security: [max-age=31536000; includeSubDomains]
      transfer-encoding: [chunked]
      vary: [Accept-Encoding]
      x-content-type-options: [nosniff]
      x-ms-ratelimit-remaining-subscription-writes: ['1199']
    status: {code: 200, message: OK}
- request:
    body: null
    headers:
      Accept: [application/json]
      Accept-Encoding: ['gzip, deflate']
      CommandName: [aks get-credentials]
      Connection: [keep-alive]
      Content-Length: ['0']
      Content-Type: [application/json; charset=utf-8]
      User-Agent: [python/3.7.0 (Darwin-17.4.0-x86_64-i386-64bit) requests/2.19.1
          msrest/0.5.4 msrest_azure/0.4.34 azure-mgmt-containerservice/4.2.0 Azure-SDK-For-Python
          AZURECLI/2.0.43]
      accept-language: [en-US]
    method: POST
    uri: https://management.azure.com/subscriptions/00000000-0000-0000-0000-000000000000/resourceGroups/clitest000001/providers/Microsoft.ContainerService/managedClusters/cliakstest000003/accessProfiles/clusterUser/listCredential?api-version=2018-03-31
  response:
    body: {string: "{\n  \"id\": \"/subscriptions/00000000-0000-0000-0000-000000000000/resourcegroups/clitest000001/providers/Microsoft.ContainerService/managedClusters/cliakstest000003/accessProfiles/clusterUser\",\n
        \ \"location\": \"eastus\",\n  \"name\": \"clusterUser\",\n  \"type\": \"Microsoft.ContainerService/ManagedClusters/AccessProfiles\",\n
        \ \"properties\": {\n   \"kubeConfig\": \"YXBpVmVyc2lvbjogdjEKY2x1c3RlcnM6Ci0gY2x1c3RlcjoKICAgIGNlcnRpZmljYXRlLWF1dGhvcml0eS1kYXRhOiBMUzB0TFMxQ1JVZEpUaUJEUlZKVVNVWkpRMEZVUlMwdExTMHRDazFKU1VWNVJFTkRRWEpEWjBGM1NVSkJaMGxTUVZCRE1HczJabkpVUWtkRVNGRXdVVFpxVUhGbmJ6aDNSRkZaU2t0dldrbG9kbU5PUVZGRlRFSlJRWGNLUkZSRlRFMUJhMGRCTVZWRlFYaE5RMWt5UlhkSWFHTk9UVlJuZDA5RVFYcE5ha0Y1VFdwTk5WZG9ZMDVOYWtGM1QwUkJlVTFxUVhsTmFrMDFWMnBCVGdwTlVYTjNRMUZaUkZaUlVVUkZkMHBxV1ZSRFEwRnBTWGRFVVZsS1MyOWFTV2gyWTA1QlVVVkNRbEZCUkdkblNWQkJSRU5EUVdkdlEyZG5TVUpCVFhsVUNuRXpaMHBLV0ZGb1F5OVlWbVZ4WWxSeVN6UTFSalZSYmpCcFNVTkxSRlZ4YWtkU2VraEdVMFZJZWxJeVRFVndjMFpVV1ZsbE0wWnRhM1ozVldFMWVIa0tRaTlzU0c1dU4wbFZSRGxUUkhwdk1reDZNRmR2VkhacFdITnJOM3BhZDNseVpERkxhRWRuZUhFeGNIb3JiR05PY0c5QlFqSjVSWEJJVlN0NmVFRXJjQXBHTmxWS1QwSklUM1ZNYVVSaE5uZFdhMGhyVkZvd2REUnJNekZwVVZBNVIwZEZSRk5JU1c5V2MzZEpZMUIxUm1oWFZHWjRXakYzY2tjM1VtTXZhMmRDQ2pCcWJXMXlXbGhCV1VveUt6TjRaaTlJTVdWcFNVUnZRazV3Tm1salJtbEZLMnBoVDA5dmNqZHplSFJ5UnpGdWFFZFlXRE14U2s5c1NHUlJhMDFrSzFBS1drMUtWR05KUkV4S2JEUkNWMnBrZVhCaFNXSnNaak5JTUc1aE5UTnVZeTlsY1VZMk9ERXpOMEpMZVhrM2IzVlJRWFFyWVRWTU9WSTVNVlZZU0hadk9BcFpTa3RwYlZKeVRtdDNLMjlJUTFwSE4wUkROalZFVUhsU2NUWkxjbEp4Y0RKSFVVTktXR1JFVDNwbFVHRm5UMGREUWpSSVprUjFOR0ZKYUZONlltNWlDakJ5UlhKQmFuVllSRkZQVjJwWVQxcG1hbWQzVUcxQ2RuRmlkMk5FTW10b01tSXJaVkI1V0N0QmFIaFJOWGxsUkRFd2VWZ3pRMnBsYVVocE4xWjVNRTBLVTNWeVIzVmFVWGR5UnpZMllqTlpTR00wU0ZKRFVHUkhWVFIzWkhoTmQwb3JTR1JzZDNoUWRXOTFRa00zSzFrM05Fa3lXWGRJYjFOV1JVbHlXVVIyUlFwb1NYcFViSGRvVmpneFVtSjNSamg0VG5wSFpUaHVWbGNyVFZSRE5sSndRMk5PTlZCaFJXbDRObGd4UW1ka2NIcEpORFkzWXpKcVN6ZEhWVXcxV0UxS0NubEVNazFKUWpSWU5ubDBaMWRwTmk4dmJUQkdjREJ0UjJoTE4zSXJXakZzUW1wTlIwVjZkekJtY2psUVZtWnpVSE1yYmtGNWVGRjBVSFV5ZW10UFNVVUtTblZpTkRkNmRXSktNV2RpWVZkWFMwOXhhRkJ5VGpCd05GcHpOR2x3WlU5V2NXUldWbFV3U2tGblRVSkJRVWRxU1hwQmFFMUJORWRCTVZWa1JIZEZRZ292ZDFGRlFYZEpRM0JFUVZCQ1owNVdTRkpOUWtGbU9FVkNWRUZFUVZGSUwwMUJNRWREVTNGSFUwbGlNMFJSUlVKRGQxVkJRVFJKUTBGUlEwNXVaMFZFQ2pWbFlqVlNTMVkxZEVsV0swVTNRWE56VUdOUFJXY3llbmt5WlhaUWJIQm1kMFZZWVhoQ2VYUnpiMlJQU1dWamNGbGhNVEpuTWxBeGVXRXpWblVyUWtRS2JuSnZiR2t2UW1wbldWRlJOblYwVjFvdkswOWtRbE5JYjNKdlJFdG9SVVYzZGpaWlIwRTJRMlJsUmtWcWJFUm9jalJWTjNkb2JWSlRNR1prTlZOTFdBcHZiVGQ1Y0hGTlFXRllSMm8yY0hoTlpuWTVTblo1ZFdGcVoxTkhhalZWVEhjeVQzRnJZMFo2YjFCaVlVTkdLMGMyYmxGQlVUaEVZbmhWVERGQ1kwSmlDbHBUZUVScmFUUkhhREowTUZsVmQwVXJMMjlEWjNkRE1sTm1jbWh3VnpSTFQybE1iM2xuY2tGWWIxQlNObUpPZUVvM1oyWm1WbEpLYVVGVE1pOW5MMUlLUkVGd1VrSkJjMGN5UmtSelZtNVRSVTF5ZERoTlV5OVZkVzFLUmpSc1VEUnFZbGRuV0VaTGJVSm9jM2x1ZWtaVVprUlpPVkZYZERCRFZHUkRXakI1TWdwb2NuZEhLMlI0UW14bU5YRTNOM2hKYkZoVVRGTjVObVV5V21oV2RXWmhNVE5KUldWa1ltd3diRk5sU0hZd1QwMUtPSEF2TTFOdFFUTmFSVWRLZFdkaENqRk9UMnAzY0hBMlZrZG9XVk13VVROVVIxUmFSa3RaV0ZSMWVFaHZNVzVpUWxaVVJsTm1WRVpzZW5CeU1YbDFRbVpDTWpJMllqQlZka1pRVGpaTlFsRUtkM0F4Um5kdE5XRkxTbThyVkhwRVpUQkxWMVphVW5RMWFrcERXRE5uY0U5RmJsQTFSVUpsUVZaeVJHeDBOSEZQWTNKSFNGcEZiaTgxY25kU00yVlBWUW96YW1STEx6VTFUMWxNVGtkRFZVUjNNekZOZEZGblRFbENlREJaUzBoMVpqbDRVRWxrVTBKS1JuUXpTMDlSUW5CWFJUbEZSR0ZMYldaM01VOURNM3BoQ21wM2VXcDFVVVpHZG1WSVJGUTVSVVo2UzFoUUwxVnFNMDl0WldoYWNVNW5LMlI1ZFdOYU5qRXJSRFI0ZW5STVJHSXhlSFJXWjBKVFVpOU1XRVo0ZFRJS1YyNHhZMWcyVjJFcmJucFVWRGRFV1U1SE1VcERjWEV6T1dOQ0wycHNTa000VkVWdFFWRTlQUW90TFMwdExVVk9SQ0JEUlZKVVNVWkpRMEZVUlMwdExTMHRDZz09CiAgICBzZXJ2ZXI6IGh0dHBzOi8vY2xpYWtzZG5zeWNoeTN4Zy0yMmVmNzQ1YS5oY3AuZWFzdHVzLmludC5hem1rOHMuaW86NDQzCiAgbmFtZTogY2xpYWtzdGVzdGVpaWFuYQpjb250ZXh0czoKLSBjb250ZXh0OgogICAgY2x1c3RlcjogY2xpYWtzdGVzdGVpaWFuYQogICAgdXNlcjogY2x1c3RlclVzZXJfY2xpdGVzdGphaWJ0YzVrNHBfY2xpYWtzdGVzdGVpaWFuYQogIG5hbWU6IGNsaWFrc3Rlc3RlaWlhbmEKY3VycmVudC1jb250ZXh0OiBjbGlha3N0ZXN0ZWlpYW5hCmtpbmQ6IENvbmZpZwpwcmVmZXJlbmNlczoge30KdXNlcnM6Ci0gbmFtZTogY2x1c3RlclVzZXJfY2xpdGVzdGphaWJ0YzVrNHBfY2xpYWtzdGVzdGVpaWFuYQogIHVzZXI6CiAgICBjbGllbnQtY2VydGlmaWNhdGUtZGF0YTogTFMwdExTMUNSVWRKVGlCRFJWSlVTVVpKUTBGVVJTMHRMUzB0Q2sxSlNVVTVla05EUVhRclowRjNTVUpCWjBsU1FVd3pTRkJsTmxKdE9YbERRV3c0YkZGalRYQkxlSGQzUkZGWlNrdHZXa2xvZG1OT1FWRkZURUpSUVhjS1JGUkZURTFCYTBkQk1WVkZRWGhOUTFreVJYZElhR05PVFZSbmQwOUVRWHBOYWtGNVRXcFJlVmRvWTA1TmFrRjNUMFJCZVUxcVFYbE5hbEY1VjJwQmNRcE5VbU4zUmxGWlJGWlJVVXRGZHpWNlpWaE9NRnBYTURaaVYwWjZaRWRXZVdONlJWQk5RVEJIUVRGVlJVRjRUVWRaTW5od1dsYzFNRTFKU1VOSmFrRk9Da0puYTNGb2EybEhPWGN3UWtGUlJVWkJRVTlEUVdjNFFVMUpTVU5EWjB0RFFXZEZRWGgzVVVKYVlVbGFTRTFHYlZoNGVEazFkekZpV1VwcWRHZERZVWdLTVVsM1EwSmtlbVY0UVVWbVZFMVJhRWhQTjFJeVdGWmlhMEoyYkV4amFUUklORlptZG5ZNGVUbHdaV2h0ZVhWQ1UwZzVOMFZ4WW14NFdHNXlZM014YVFwbFdFazRRa2xuVlU4NE9FRnNiQzlqT1RKYVJIVnVhVmRQTTBSbEsyNHdlbU0xS3pRelVFTXdjR2RVVVRGdVVXbFhiVnB6Ympnd01HdHNRelIwVjA1WkNqTnFOa3RsUVhFNFpIQlpWMjVEY1M5bmJGTTVkRmMwVUhaU2NsbFBTbWxYZFhvMlRHcHpjamxHVFVSTk1GWnVRbFJIS3pVMmFqUldkR1JNT0hWeFNrOEtRMVUxZEV4bmFEWTRSV3BMUVhaTFFYaGthM2RXVWtReU1VcHJORGRDVWpVeU9XSkxPVVk0TmxwRVUwRkNWMGg1T1hKVGRqbFBiaThyUTJGMVUwUkdaZ3BaT1ZOcVREQkRNbEp2YUZjeVRqRTFja1JPYzI0NFUwcFRlbXg2VjNoeVRUUnVVemc0ZG5OclF6Z3JUa0k1TUVSeldYVk9jSFl6WlVoMlJYRnVPR3B5Q214U2N6STRkalZvYlVkamVFVmlXRU5YTjFSbWJYRnZOQzk0TWs5cVZTOXZkbkZCUWtsWVRrUXJOa1pSUmxKMlVTOVNRMU0zYjNVd1ZpdHFjbGQzVVRnS05FUk1NWEpUT1hjd1ptbHJiVFoyT0UwemFIWlRaR0ozVTB4SWMyOVlRMVZOVjA1NFRrMWxWV051VEdZdlduRTBTemRUZFhORFNWQjJZV1JYZUZSWU13cGpZMlJYVEhSeGJXVkNZMjA0ZEd0dGJtSlhWSHBVT1RkamJrMXNZVmRETnprMGRFTnFLM05CTVdGMFdXRllXU3RLVEhaTFFXRkZUekpoUldKcFdpOTZDbGcwZHpWTFNVeHNTbmRwTTFRdmJTOW5UR0ZNYkVGaU16QXdNamxUWkVwUWFtUXlhWGQwYm01Q1UxWk5SME54ZGtsWUwyNVNNbGtyZW5Cc2NuZDJSVklLWmxsVE4zRkZTV2hvSzFCWlNtUnFVbkJWYW1WclNtRmljV2RSYzAxYVVHSmtNakJ0WkRkR1ptVjNWVGRtYVcxMmJGZ3pRMkoxYzFGeloyWmxUbTh5Y2dwQ1ZrWkZOSGcwV1U5R1VrNUZaa1ZEUVhkRlFVRmhUVEZOUkUxM1JHZFpSRlpTTUZCQlVVZ3ZRa0ZSUkVGblYyZE5RazFIUVRGVlpFcFJVVTFOUVc5SENrTkRjMGRCVVZWR1FuZE5RMDFCZDBkQk1WVmtSWGRGUWk5M1VVTk5RVUYzUkZGWlNrdHZXa2xvZG1OT1FWRkZURUpSUVVSblowbENRVXBaWkdkS2VXNEtZbE5CU3k5VEswaEdOa1poTDFoVFFsZHFXRVZXWTBGcGJGVjRjRU52SzJSMVdXMW1URXByUmxaQldEUTRaVEI2T1dwakwwTktNR055VmpCemIxVllkd3BQWWxNMVJEVlhWbHBYWkRkR1NHaHBaV3BTY0RZNVF6SkRNMDF3YnpsTVRHeGFURlo2YUd4cGFHVk9WazVHUmxaaFREYzNiRVZuZWxRMVFqaHFkMFV6Q2lzM09HbFpaVmxQVUdkeFJqVTRWR0V5ZUdoVlUxcG5WRFJxYVN0a1JVdFZUMjVCUTBrNWJqSXlTbFpZTkVWT1R6UkpLMkozTUhseEwzRTVlVGRGZDFNS1FtMHJUVTl0WkVSa1VHMVVNV3hXVlVkSFVXcDNTMjF6WmxJemJqRkRSekpGTVV4dVdXMDVibEZ0ZDFWM1RHMURha2sxUVVveWVHUmxURWQ0WkVwNGN3cFdjMXBSVTJkRGJ6ZHpXblI1ZDNWcksweFpUbk0xVEVoQ0szSXZiM28xYWxOclFVaFJUbXRVVWxKT1ZYTm1LeXR1ZVVWSE9Hb3ZZMk5wUXprelJGSkJDa053UzIxclZUUnBOUzl2YzBvMFZ5dHlRWHBuUjJwclRGWk9PQ3NyY0VKYVNEaExlVE5CZERaeWFsTTFjR00wWmtGT1p6RjVlbXczVWxJNWIzcHFRbElLVkZSM1RWWnJkMWhHVEZGTU1uazBTa3BRVTBWQlRGcG9abmN6YlVGeU1EWnJTV1J4Y1daclNEVnJOakJzUzBsTFEwdG5SbTlLZWtKdWNVdDNaVEZOYVFwRlIyTmpOblpUUlZwdE5rNTZVRUYwTW05d1dqUnVaM1pJTmtNdll6VlRRWEZtWWpVNE1VeFFOU3N2VGsxalp6SlZNVGRIWXpSS1YxTlBVREpqYzNkckNuaG1UbVpqYzB4bE9WZHFlRVJ0S3pGcFdHdGFlRFZvTTBkV2NuTXZiVk5pV0dOVmExZHlOVTh2VjBwaE15dDFiaTlvUWtoQlkzQjNNakZ5Y1c5b2RXSUtPV1YxVkU1WE1HaG1TbTl5YkhVMVluRlBlakZVU1dSTlYxbHZZbGxLYWxSb2JuRTBRVVk0U25wSVNraDVabkpNYkdGTFMySm5RbEJLZWpCcVpHTlFhQW94THpSdVdXaE5XRVIwTm0xdFFuRjFZVzVoVG1sdFpWWXhRVFpEZFdaTlNHRndPRmtLTFMwdExTMUZUa1FnUTBWU1ZFbEdTVU5CVkVVdExTMHRMUW89CiAgICBjbGllbnQta2V5LWRhdGE6IExTMHRMUzFDUlVkSlRpQlNVMEVnVUZKSlZrRlVSU0JMUlZrdExTMHRMUXBOU1VsS1MwRkpRa0ZCUzBOQlowVkJlSGRSUWxwaFNWcElUVVp0V0hoNE9UVjNNV0paU21wMFowTmhTREZKZDBOQ1pIcGxlRUZGWmxSTlVXaElUemRTQ2pKWVZtSnJRblpzVEdOcE5FZzBWbVoyZGpoNU9YQmxhRzE1ZFVKVFNEazNSWEZpYkhoWWJuSmpjekZwWlZoSk9FSkpaMVZQT0RoQmJHd3ZZemt5V2tRS2RXNXBWMDh6UkdVcmJqQjZZelVyTkROUVF6QndaMVJSTVc1UmFWZHRXbk51T0RBd2EyeEROSFJYVGxremFqWkxaVUZ4T0dSd1dWZHVRM0V2WjJ4VE9RcDBWelJRZGxKeVdVOUthVmQxZWpaTWFuTnlPVVpOUkUwd1ZtNUNWRWNyTlRacU5GWjBaRXc0ZFhGS1QwTlZOWFJNWjJnMk9FVnFTMEYyUzBGNFpHdDNDbFpTUkRJeFNtczBOMEpTTlRJNVlrczVSamcyV2tSVFFVSlhTSGs1Y2xOMk9VOXVMeXREWVhWVFJFWm1XVGxUYWt3d1F6SlNiMmhYTWs0eE5YSkVUbk1LYmpoVFNsTjZiSHBYZUhKTk5HNVRPRGgyYzJ0RE9DdE9Ramt3UkhOWmRVNXdkak5sU0haRmNXNDRhbkpzVW5NeU9IWTFhRzFIWTNoRllsaERWemRVWmdwdGNXODBMM2d5VDJwVkwyOTJjVUZDU1ZoT1JDczJSbEZHVW5aUkwxSkRVemR2ZFRCV0sycHlWM2RST0RSRVRERnlVemwzTUdacGEyMDJkamhOTTJoMkNsTmtZbmRUVEVoemIxaERWVTFYVG5oT1RXVlZZMjVNWmk5YWNUUkxOMU4xYzBOSlVIWmhaRmQ0VkZnelkyTmtWMHgwY1cxbFFtTnRPSFJyYlc1aVYxUUtlbFE1TjJOdVRXeGhWME0zT1RSMFEyb3JjMEV4WVhSWllWaFpLMHBNZGt0QllVVlBNbUZGWW1sYUwzcFlOSGMxUzBsTWJFcDNhVE5VTDIwdloweGhUQXBzUVdJek1EQXlPVk5rU2xCcVpESnBkM1J1YmtKVFZrMUhRM0YyU1ZndmJsSXlXU3Q2Y0d4eWQzWkZVbVpaVXpkeFJVbG9hQ3RRV1Vwa2FsSndWV3BsQ210S1lXSnhaMUZ6VFZwUVltUXlNRzFrTjBabVpYZFZOMlpwYlhac1dETkRZblZ6VVhOblptVk9iekp5UWxaR1JUUjRORmxQUmxKT1JXWkZRMEYzUlVFS1FWRkxRMEZuUWt4Rk0za3ZZbGRaVW5wbVpXcGxObXRZVWpWbGIwZHBha2RTYTB4S1kwMVBNbTFJY2tVNFJFNTRhbms1Tm5KaVJXMVhjbkJsTkRsalVnbzNXREZuUkhJeGRUTlFSRXA1Tm5ablZVbHZiRFJyYkRSWlRrOW1TMjQwYVhkak5HSlRTR1pTYzJSQlNVOHJMMXA1YmtsbFRtdHliMmh0VFU5TE1tUkRDbXRaWVdWWlMzVndWbGhwWjJoSlMxQXhRMGM1Wm5CUlRuVkxhbFJhV0ZrMGJucEVRVXhzUjI5T1ZYbG9XVGM1Um5wSE5sRmhVVEZxTm5oQmRUUXphV0lLTmxKM04zRk1NbGM0V1dGR2JFeElkbUVySzJGMVV6aHRZV0ZPYUVGNVdIQTVhRFpCVEd0RVRITTVSa1UwWjBOeVIyWmFkMHhLTW5GRFdYUkVObXRXY0FvNFpFOURiR3RZWWpaRGVYSTNielEwSzFwc2FHSm5jRTh4ZUU5RU9XNTFZWEZzTVRBeVNuUjVNRkJQZVV0bE5uaFJkVTlMYWxvck1YRmlkWFJWUVM5MkNsWXlNMmhKS3pZdmNuWlJURXhLU0d0WVNVUjJUV3hyVDI1UmFEQmphQzlGTURGWU9WVnJOM29yV1RVMVNXWmhaa2xITmtwVlNtdEVlVVJYWlV0R1lsQUtRMjlwWldkRlJESmFhaXRFYmtjNFUzTjJhRVJZVldWa09FWkZTbG93ZVdnck1qWnNkbkp2ZWtSREwyUjBXVTFUTDBZelRYTlhhbEJJTW1ScGNYQmljQW8yY0ZONGVVYzVlRTFFU2s0NGJqbGpVM2xuUjBoMVRGTmFkR05zU0haM1ZYVm1SamhCTVVsMk0xTmhSMGxrYjNkVFIxUkxMeXN3UTFkdk9VMU9NVmhLQ25kVlkwa3piekU1YWpSc2JFSkVRU3RWUjNsR0x6UTJORkpHTVdOSlUxZFlNMWRXV1ZwM1kxRjFhbVE1TlU1T1ZteE5aVTlUTTFkVU5DOVhaRVJ3Y1hJS1NVY3piRzFXY1U5VlRIUkJiRFp0WVVWR05XRnRjMXBJTjFOa0szbFdjREI0WkcxcFQwcERVUzgyVm1vdmIyTlFkRkEyTlZSQlNUZ3lNekJETlU1MlFncHlka04yZUZOVE9IRk1VMEZOWWxNeVZ6aFJVMmM1TkVoNllqWnRXWE5yUnpWTFNERnJUR3hDVjFkdU5XdE5hMmxJVVV0RFFWRkZRWGd3UkVkRFZEUkZDbTluVEd4TlJHSm5MMDFqV2pCVlUydHlOM0pTVVZrM1oyMW5kVmhDTWtSVk1EQkNTVlowTVdoM0t6VkpUVmxsYld4eGNXRnpaR2h3UzBaeVVEbHBZVUlLVFZwRlJrVkdWRTR6UjBod05WazFlbGxYYlN0SVZWWkpOSGRaYURCa2Ntd3ZUVlEwWjNFd01Xa3liRFZoWTNoSUswbHVVR2huV0ROcFprMWhWM2hHUlFwWmMwMVZVeTl6UWpKeFRXbE9ORlJ1YXpSRU1XMXBjbnBOUkV4aGMxZEpUSFJaYW1GM2JrOUJUVkpzVjJWUVRuUTBaMVV3YjJoQldIVlJXSGRPUm01cENrdHBTaTl1WlVwblQxaDFSVTlRYTJkVWIzUXlVbGhaWlVGTWVqZzFSR3N4YW14dFRHSlRhRVJsUm1GT01UQjNZV2RPUm5SMFdHbGxjM2N4V1dSNFUwd0tWbFZtWjJ0MWVqZEtielZDT1hFeVRUTjJTUzlyU201TWNISXlabTE0Um5ackwyRXJNa0ZWU0dWbmJVOTJiWEJ2V0VSdE9FRXpPRVJFY2xReVpXZ3ZVUXBSWlRWUlRqQnJkVGh0TUZFMGQwdERRVkZGUVM4M1NITXlhVmRJUW5Rck5ESmFRVk5aUzBkaFpHaFZRM05QYnpOaGEyczRhbUZFYTNoU2IxSTFOalZuQ2lzNGFrZHJOMnBGZFZkSGIxZEhOVTlJV0hoNGRIbEhUelp4Y25SMVNXTk5SRGRhT1V4NlJIcHVZMU5XYjJsVFF6UXZXVE5JVUV4SFNrSlpaVGxSZUVzS1RVa3dWMnRCYW01UmIweEhibXN4YTJWR2VFZzBVVXBCZVhCUWQzaEtaVXhST1hCVVJISmFkR0l2WnpSdVlrRjZVak4yUm0xRWNXZEdla1JRZFdRMFV3cG5XWEZHY0VWWlNFRkphbHBRTkhobGFYQkpTRVpOT0hZeksyd3JSbFp5Y0VObmJDczFTVXRpYTJvdmNtSmlLMjVvT0ZsYU0xSnRNblU1UTFsWWVrSjZDbW9yVkVKVGVISmphM1IwYTBkREt6Uk9XWGh5VEhGdE9FcENPVmd2WWsxNVlVa3dTVE15TVROamNreHpOMVJ1VmxkWVNucHVjRVZaTDFsU05HUTVkRzRLTUZwWWNtRjRXVVZ4V0dRd2RWZGhlV2N5T0dwb1dXdDZWaTlNWWtwNUwyUXJhRU4yYkVGaGRVZDNTME5CVVVGclFrMUxTREI1TURGUFJEZEVLek5sY1FwWGFtVkNhVGswVmxscWEwaHNPVTVyU2xkdk1IcEVNVTEyZEdOVk1VMXZhV2xCVjBjMWNGZHVjMDFzYzBWemJsaHZTM0owVUZWTGJtVnBZVzVOUWpGVENteEhVMkYxWVdsRU1rbERhMlVyZWxWR1ZIbDRNbVJqZGxoVkwzSkdNMHRTWkVGNVpHOXROekJNTnpGVE5XVnpPR2hpVTJrNU4ydGlMMVpZUXpodGIwRUtXWFpOUW1oRldEQmtVMEozYzFGcWNrVndXbFE0U0hoaVdWcFVhVUk0TUVwcmVVZzViRlYxYzNsMlNXSjRZbkl3UjBjeU1tMVFWRFJXZFc5dk1sVTBOUXAwWld4T0x6Qk1iWG92UldWV01UZFFSbFp5Um5sek1ubHZUamxEWVZRdmFFWm5lRzRyWm5KcmFFaGtTR3RpYkcxa2NXZHBVbkJXTVZsb2RtNXJNakZJQ2tvdmIyMXdTRXhPY204M2RFUmtRWGh2VWl0clFWZ3ZhRU5JTm5oUlFqazRORkpPY25WdlMwcEJWM0pMVjNkQ2NtWlRlamxKU210bFFXWXlRVTFRZFVzS2JWVnhka0Z2U1VKQlJqbE9hSFpXYzBwV04xaG9hMDQxU1hCQ2Jua3pWMVp6VkVsV2NXd3ZkMDlwVTJwM2IwVkJhbGx1YjBGbVpqSjRjVlZMY1dwQ1lRcHBUeXRyT1ZoTGFVUndVblZoY1VadE5HdEllaXN2Wm1wVlpHVkZSRVpzVTJreE9IRTRjWEJoTDBGSVRFeDZWVWRHWWxoTFVtVkVRWGhhWTJJMmJUVnpDalZtUkdNNFkxTXllVWxtUTFkcWJtNVhSV01yU1Uxa1EyMWtRMVJEUld4RGIwZ3JUbnBDT0hCeUsxWnJaa2xWU1ZOWVUwTndRekJ4V0RGT2VWVnRkazRLYkdkUVRXOTJVazVLTVhsSVQwNVlhRnB2UVRWTFZVUXpaSGhrWlRSMlRtODFZWGMzVldkelYwOUZLMnB3VDNSMEwxVXdSbVI0TURjMmVIVXJVVVphZHdwa1YyUmhZV1pPZW1sblQxUmxhU3RSYVhwQ2FGZFViVVY2TjJwUVUxVlZNRVZaUkN0SVJuQkNaMWg1Y0c5clNHb3pVemN6VmxWUVZpdEVRWEYyWTFGWkNscFRXWGhqTDI1MlRUZE5la0o2VFZKeWMwNHhXVTkzZVhsbE5raGhkRGhEWjJkRlFrRktPR05TT1V4bVQybzBObnBoVmpCQ1R6SmxZVXMyYjFGeVMwWUtOVUZGZVRoRVUwNXJUV3hRVlRWbWVsaEVSVFpPV0dkTlRuRmFabWRxWTJ3eFl6QlpOak5hY2pOdVNsSlJTR05EZFhBM1JsTlRSRzFaYTBneVQxUjNXUXBVYTFaSk1VTkRNVWcwZFN0UU9WbGpNRGhZZVdGMFYwMDFSeTgwVGxjeVNrMHZiRVJTZG1wd1JWWTFPVlpyTUVsR016SkROemd3UTI1emJrZGhVMnBYQ2xvNVdGZERiRkJ4TTA1SGRtTkVTbWs0UWpWU1RVUjJkbWhqUlZWdmJVNDNjRmhIT0hoMmRYUkxZMmxMV0Uxa1NubGpOMHRKUTBocGJWRnRRWHBHV21JS1JrcEViVEI2ZGpKdldVVnRkbkV2VVcxc1R6UmthMVlyUjBkeVZDdDZSMVpyYmk5MU5EVnRWV1ZUTXpocVNGZDFhRGRIY0dabmFGSnBja1V2Y2xwRGVBb3lWRmhuZGxsdU0yd3phMHR0V1dkclNUa3pNMlowZFZjdmJXTnRiV0pQZERndmFXaHlkQ3RuSzBWbGNHNU9VVVEzYWs5MlNGVnZiVkIyVlQwS0xTMHRMUzFGVGtRZ1VsTkJJRkJTU1ZaQlZFVWdTMFZaTFMwdExTMEsKICAgIHRva2VuOiAyYWIyZDM4NTc4ZDdiOGFmMTU1YzlhMzNiODJjYWZiNgo=\"\n
        \ }\n }"}
    headers:
      cache-control: [no-cache]
      content-length: ['13063']
      content-type: [application/json]
      date: ['Fri, 03 Aug 2018 20:36:38 GMT']
      expires: ['-1']
      pragma: [no-cache]
      server: [nginx]
      strict-transport-security: [max-age=31536000; includeSubDomains]
      transfer-encoding: [chunked]
      vary: [Accept-Encoding]
      x-content-type-options: [nosniff]
      x-ms-ratelimit-remaining-subscription-writes: ['1199']
    status: {code: 200, message: OK}
- request:
    body: null
    headers:
      Accept: [application/json]
      Accept-Encoding: ['gzip, deflate']
      CommandName: [aks scale]
      Connection: [keep-alive]
      Content-Type: [application/json; charset=utf-8]
      User-Agent: [python/3.7.0 (Darwin-17.4.0-x86_64-i386-64bit) requests/2.19.1
          msrest/0.5.4 msrest_azure/0.4.34 azure-mgmt-containerservice/4.2.0 Azure-SDK-For-Python
          AZURECLI/2.0.43]
      accept-language: [en-US]
    method: GET
    uri: https://management.azure.com/subscriptions/00000000-0000-0000-0000-000000000000/resourceGroups/clitest000001/providers/Microsoft.ContainerService/managedClusters/cliakstest000003?api-version=2018-03-31
  response:
    body: {string: "{\n  \"id\": \"/subscriptions/00000000-0000-0000-0000-000000000000/resourcegroups/clitest000001/providers/Microsoft.ContainerService/managedClusters/cliakstest000003\",\n
        \ \"location\": \"eastus\",\n  \"name\": \"cliakstest000003\",\n  \"type\":
        \"Microsoft.ContainerService/ManagedClusters\",\n  \"properties\": {\n   \"provisioningState\":
        \"Succeeded\",\n   \"kubernetesVersion\": \"1.9.9\",\n   \"dnsPrefix\": \"cliaksdns000004\",\n
        \  \"fqdn\": \"cliaksdns000004-22ef745a.hcp.eastus.int.azmk8s.io\",\n   \"agentPoolProfiles\":
        [\n    {\n     \"name\": \"nodepool1\",\n     \"count\": 1,\n     \"vmSize\":
        \"Standard_DS1_v2\",\n     \"storageProfile\": \"ManagedDisks\",\n     \"maxPods\":
        110,\n     \"osType\": \"Linux\"\n    }\n   ],\n   \"linuxProfile\": {\n    \"adminUsername\":
        \"azureuser\",\n    \"ssh\": {\n     \"publicKeys\": [\n      {\n       \"keyData\":
        \"ssh-rsa AAAAB3NzaC1yc2EAAAADAQABAAACAQCbIg1guRHbI0lV11wWDt1r2cUdcNd27CJsg+SfgC7miZeubtwUhbsPdhMQsfDyhOWHq1+ZL0M+nJZV63d/1dhmhtgyOqejUwrPlzKhydsbrsdUor+JmNJDdW01v7BXHyuymT8G4s09jCasNOwiufbP/qp72ruu0bIA1nySsvlf9pCQAuFkAnVnf/rFhUlOkhtRpwcq8SUNY2zRHR/EKb/4NWY1JzR4sa3q2fWIJdrrX0DvLoa5g9bIEd4Df79ba7v+yiUBOS0zT2ll+z4g9izHK3EO5d8hL4jYxcjKs+wcslSYRWrascfscLgMlMGh0CdKeNTDjHpGPncaf3Z+FwwwjWeuiNBxv7bJo13/8B/098KlVDl4GZqsoBCEjPyJfV6hO0y/LkRGkk7oHWKgeWAfKtfLItRp00eZ4fcJNK9kCaSMmEugoZWcI7NGbZXzqFWqbpRI7NcDP9+WIQ+i9U5vqWsqd/zng4kbuAJ6UuKqIzB0upYrLShfQE3SAck8oaLhJqqq56VfDuASNpJKidV+zq27HfSBmbXnkR/5AK337dc3MXKJypoK/QPMLKUAP5XLPbs+NddJQV7EZXd29DLgp+fRIg3edpKdO7ZErWhv7d+3Kws+e1Y+ypmR2WIVSwVyBEUfgv2C8Ts9gnTF4pNcEY/S2aBicz5Ew2+jdyGNQQ==
        test@example.com\\n\"\n      }\n     ]\n    }\n   },\n   \"servicePrincipalProfile\":
        {\n    \"clientId\": \"http://clitest000002\"\n   },\n   \"nodeResourceGroup\":
        \"MC_clitest000001_cliakstest000003_eastus\",\n   \"enableRBAC\": true,\n
        \  \"networkProfile\": {\n    \"networkPlugin\": \"kubenet\",\n    \"podCidr\":
        \"10.244.0.0/16\",\n    \"serviceCidr\": \"10.0.0.0/16\",\n    \"dnsServiceIP\":
        \"10.0.0.10\",\n    \"dockerBridgeCidr\": \"172.17.0.1/16\"\n   }\n  }\n }"}
    headers:
      cache-control: [no-cache]
      content-length: ['1940']
      content-type: [application/json]
      date: ['Fri, 03 Aug 2018 20:36:39 GMT']
      expires: ['-1']
      pragma: [no-cache]
      server: [nginx]
      strict-transport-security: [max-age=31536000; includeSubDomains]
      transfer-encoding: [chunked]
      vary: [Accept-Encoding]
      x-content-type-options: [nosniff]
    status: {code: 200, message: OK}
- request:
    body: 'b''{"location": "eastus", "properties": {"kubernetesVersion": "1.9.9",
      "dnsPrefix": "cliaksdns000004", "agentPoolProfiles": [{"name": "nodepool1",
      "count": 3, "vmSize": "Standard_DS1_v2", "maxPods": 110, "osType": "Linux"}],
      "linuxProfile": {"adminUsername": "azureuser", "ssh": {"publicKeys": [{"keyData":
      "ssh-rsa AAAAB3NzaC1yc2EAAAADAQABAAACAQCbIg1guRHbI0lV11wWDt1r2cUdcNd27CJsg+SfgC7miZeubtwUhbsPdhMQsfDyhOWHq1+ZL0M+nJZV63d/1dhmhtgyOqejUwrPlzKhydsbrsdUor+JmNJDdW01v7BXHyuymT8G4s09jCasNOwiufbP/qp72ruu0bIA1nySsvlf9pCQAuFkAnVnf/rFhUlOkhtRpwcq8SUNY2zRHR/EKb/4NWY1JzR4sa3q2fWIJdrrX0DvLoa5g9bIEd4Df79ba7v+yiUBOS0zT2ll+z4g9izHK3EO5d8hL4jYxcjKs+wcslSYRWrascfscLgMlMGh0CdKeNTDjHpGPncaf3Z+FwwwjWeuiNBxv7bJo13/8B/098KlVDl4GZqsoBCEjPyJfV6hO0y/LkRGkk7oHWKgeWAfKtfLItRp00eZ4fcJNK9kCaSMmEugoZWcI7NGbZXzqFWqbpRI7NcDP9+WIQ+i9U5vqWsqd/zng4kbuAJ6UuKqIzB0upYrLShfQE3SAck8oaLhJqqq56VfDuASNpJKidV+zq27HfSBmbXnkR/5AK337dc3MXKJypoK/QPMLKUAP5XLPbs+NddJQV7EZXd29DLgp+fRIg3edpKdO7ZErWhv7d+3Kws+e1Y+ypmR2WIVSwVyBEUfgv2C8Ts9gnTF4pNcEY/S2aBicz5Ew2+jdyGNQQ==
      test@example.com\\n"}]}}, "enableRBAC": true, "networkProfile": {"networkPlugin":
      "kubenet", "podCidr": "10.244.0.0/16", "serviceCidr": "10.0.0.0/16", "dnsServiceIP":
      "10.0.0.10", "dockerBridgeCidr": "172.17.0.1/16"}}}'''
    headers:
      Accept: [application/json]
      Accept-Encoding: ['gzip, deflate']
      CommandName: [aks scale]
      Connection: [keep-alive]
      Content-Length: ['1248']
      Content-Type: [application/json; charset=utf-8]
      User-Agent: [python/3.7.0 (Darwin-17.4.0-x86_64-i386-64bit) requests/2.19.1
          msrest/0.5.4 msrest_azure/0.4.34 azure-mgmt-containerservice/4.2.0 Azure-SDK-For-Python
          AZURECLI/2.0.43]
      accept-language: [en-US]
    method: PUT
    uri: https://management.azure.com/subscriptions/00000000-0000-0000-0000-000000000000/resourceGroups/clitest000001/providers/Microsoft.ContainerService/managedClusters/cliakstest000003?api-version=2018-03-31
  response:
    body: {string: "{\n  \"id\": \"/subscriptions/00000000-0000-0000-0000-000000000000/resourcegroups/clitest000001/providers/Microsoft.ContainerService/managedClusters/cliakstest000003\",\n
        \ \"location\": \"eastus\",\n  \"name\": \"cliakstest000003\",\n  \"type\":
        \"Microsoft.ContainerService/ManagedClusters\",\n  \"properties\": {\n   \"provisioningState\":
        \"Updating\",\n   \"kubernetesVersion\": \"1.9.9\",\n   \"dnsPrefix\": \"cliaksdns000004\",\n
        \  \"fqdn\": \"cliaksdns000004-22ef745a.hcp.eastus.int.azmk8s.io\",\n   \"agentPoolProfiles\":
        [\n    {\n     \"name\": \"nodepool1\",\n     \"count\": 3,\n     \"vmSize\":
        \"Standard_DS1_v2\",\n     \"storageProfile\": \"ManagedDisks\",\n     \"maxPods\":
        110,\n     \"osType\": \"Linux\"\n    }\n   ],\n   \"linuxProfile\": {\n    \"adminUsername\":
        \"azureuser\",\n    \"ssh\": {\n     \"publicKeys\": [\n      {\n       \"keyData\":
        \"ssh-rsa AAAAB3NzaC1yc2EAAAADAQABAAACAQCbIg1guRHbI0lV11wWDt1r2cUdcNd27CJsg+SfgC7miZeubtwUhbsPdhMQsfDyhOWHq1+ZL0M+nJZV63d/1dhmhtgyOqejUwrPlzKhydsbrsdUor+JmNJDdW01v7BXHyuymT8G4s09jCasNOwiufbP/qp72ruu0bIA1nySsvlf9pCQAuFkAnVnf/rFhUlOkhtRpwcq8SUNY2zRHR/EKb/4NWY1JzR4sa3q2fWIJdrrX0DvLoa5g9bIEd4Df79ba7v+yiUBOS0zT2ll+z4g9izHK3EO5d8hL4jYxcjKs+wcslSYRWrascfscLgMlMGh0CdKeNTDjHpGPncaf3Z+FwwwjWeuiNBxv7bJo13/8B/098KlVDl4GZqsoBCEjPyJfV6hO0y/LkRGkk7oHWKgeWAfKtfLItRp00eZ4fcJNK9kCaSMmEugoZWcI7NGbZXzqFWqbpRI7NcDP9+WIQ+i9U5vqWsqd/zng4kbuAJ6UuKqIzB0upYrLShfQE3SAck8oaLhJqqq56VfDuASNpJKidV+zq27HfSBmbXnkR/5AK337dc3MXKJypoK/QPMLKUAP5XLPbs+NddJQV7EZXd29DLgp+fRIg3edpKdO7ZErWhv7d+3Kws+e1Y+ypmR2WIVSwVyBEUfgv2C8Ts9gnTF4pNcEY/S2aBicz5Ew2+jdyGNQQ==
        test@example.com\\n\"\n      }\n     ]\n    }\n   },\n   \"servicePrincipalProfile\":
        {\n    \"clientId\": \"http://clitest000002\"\n   },\n   \"nodeResourceGroup\":
        \"MC_clitest000001_cliakstest000003_eastus\",\n   \"enableRBAC\": true,\n
        \  \"networkProfile\": {\n    \"networkPlugin\": \"kubenet\",\n    \"podCidr\":
        \"10.244.0.0/16\",\n    \"serviceCidr\": \"10.0.0.0/16\",\n    \"dnsServiceIP\":
        \"10.0.0.10\",\n    \"dockerBridgeCidr\": \"172.17.0.1/16\"\n   }\n  }\n }"}
    headers:
      azure-asyncoperation: ['https://management.azure.com/subscriptions/00000000-0000-0000-0000-000000000000/providers/Microsoft.ContainerService/locations/eastus/operations/e42e39c0-1904-413e-b0fd-3eb9c8149b97?api-version=2017-08-31']
      cache-control: [no-cache]
      content-length: ['1939']
      content-type: [application/json]
      date: ['Fri, 03 Aug 2018 20:36:43 GMT']
      expires: ['-1']
      pragma: [no-cache]
      server: [nginx]
      strict-transport-security: [max-age=31536000; includeSubDomains]
      transfer-encoding: [chunked]
      vary: [Accept-Encoding]
      x-content-type-options: [nosniff]
      x-ms-ratelimit-remaining-subscription-writes: ['1199']
    status: {code: 200, message: OK}
- request:
    body: null
    headers:
      Accept: [application/json]
      Accept-Encoding: ['gzip, deflate']
      CommandName: [aks scale]
      Connection: [keep-alive]
      User-Agent: [python/3.7.0 (Darwin-17.4.0-x86_64-i386-64bit) requests/2.19.1
          msrest/0.5.4 msrest_azure/0.4.34 azure-mgmt-containerservice/4.2.0 Azure-SDK-For-Python
          AZURECLI/2.0.43]
    method: GET
    uri: https://management.azure.com/subscriptions/00000000-0000-0000-0000-000000000000/providers/Microsoft.ContainerService/locations/eastus/operations/e42e39c0-1904-413e-b0fd-3eb9c8149b97?api-version=2017-08-31
  response:
    body: {string: "{\n  \"name\": \"c0392ee4-0419-3e41-b0fd-3eb9c8149b97\",\n  \"status\":
        \"InProgress\",\n  \"startTime\": \"2018-08-03T20:36:43.7774058Z\"\n }"}
    headers:
      cache-control: [no-cache]
      content-length: ['126']
      content-type: [application/json]
      date: ['Fri, 03 Aug 2018 20:37:14 GMT']
      expires: ['-1']
      pragma: [no-cache]
      server: [nginx]
      strict-transport-security: [max-age=31536000; includeSubDomains]
      transfer-encoding: [chunked]
      vary: [Accept-Encoding]
      x-content-type-options: [nosniff]
    status: {code: 200, message: OK}
- request:
    body: null
    headers:
      Accept: [application/json]
      Accept-Encoding: ['gzip, deflate']
      CommandName: [aks scale]
      Connection: [keep-alive]
      User-Agent: [python/3.7.0 (Darwin-17.4.0-x86_64-i386-64bit) requests/2.19.1
          msrest/0.5.4 msrest_azure/0.4.34 azure-mgmt-containerservice/4.2.0 Azure-SDK-For-Python
          AZURECLI/2.0.43]
    method: GET
    uri: https://management.azure.com/subscriptions/00000000-0000-0000-0000-000000000000/providers/Microsoft.ContainerService/locations/eastus/operations/e42e39c0-1904-413e-b0fd-3eb9c8149b97?api-version=2017-08-31
  response:
    body: {string: "{\n  \"name\": \"c0392ee4-0419-3e41-b0fd-3eb9c8149b97\",\n  \"status\":
        \"InProgress\",\n  \"startTime\": \"2018-08-03T20:36:43.7774058Z\"\n }"}
    headers:
      cache-control: [no-cache]
      content-length: ['126']
      content-type: [application/json]
      date: ['Fri, 03 Aug 2018 20:37:45 GMT']
      expires: ['-1']
      pragma: [no-cache]
      server: [nginx]
      strict-transport-security: [max-age=31536000; includeSubDomains]
      transfer-encoding: [chunked]
      vary: [Accept-Encoding]
      x-content-type-options: [nosniff]
    status: {code: 200, message: OK}
- request:
    body: null
    headers:
      Accept: [application/json]
      Accept-Encoding: ['gzip, deflate']
      CommandName: [aks scale]
      Connection: [keep-alive]
      User-Agent: [python/3.7.0 (Darwin-17.4.0-x86_64-i386-64bit) requests/2.19.1
          msrest/0.5.4 msrest_azure/0.4.34 azure-mgmt-containerservice/4.2.0 Azure-SDK-For-Python
          AZURECLI/2.0.43]
    method: GET
    uri: https://management.azure.com/subscriptions/00000000-0000-0000-0000-000000000000/providers/Microsoft.ContainerService/locations/eastus/operations/e42e39c0-1904-413e-b0fd-3eb9c8149b97?api-version=2017-08-31
  response:
    body: {string: "{\n  \"name\": \"c0392ee4-0419-3e41-b0fd-3eb9c8149b97\",\n  \"status\":
        \"InProgress\",\n  \"startTime\": \"2018-08-03T20:36:43.7774058Z\"\n }"}
    headers:
      cache-control: [no-cache]
      content-length: ['126']
      content-type: [application/json]
      date: ['Fri, 03 Aug 2018 20:38:16 GMT']
      expires: ['-1']
      pragma: [no-cache]
      server: [nginx]
      strict-transport-security: [max-age=31536000; includeSubDomains]
      transfer-encoding: [chunked]
      vary: [Accept-Encoding]
      x-content-type-options: [nosniff]
    status: {code: 200, message: OK}
- request:
    body: null
    headers:
      Accept: [application/json]
      Accept-Encoding: ['gzip, deflate']
      CommandName: [aks scale]
      Connection: [keep-alive]
      User-Agent: [python/3.7.0 (Darwin-17.4.0-x86_64-i386-64bit) requests/2.19.1
          msrest/0.5.4 msrest_azure/0.4.34 azure-mgmt-containerservice/4.2.0 Azure-SDK-For-Python
          AZURECLI/2.0.43]
    method: GET
    uri: https://management.azure.com/subscriptions/00000000-0000-0000-0000-000000000000/providers/Microsoft.ContainerService/locations/eastus/operations/e42e39c0-1904-413e-b0fd-3eb9c8149b97?api-version=2017-08-31
  response:
    body: {string: "{\n  \"name\": \"c0392ee4-0419-3e41-b0fd-3eb9c8149b97\",\n  \"status\":
        \"InProgress\",\n  \"startTime\": \"2018-08-03T20:36:43.7774058Z\"\n }"}
    headers:
      cache-control: [no-cache]
      content-length: ['126']
      content-type: [application/json]
      date: ['Fri, 03 Aug 2018 20:38:47 GMT']
      expires: ['-1']
      pragma: [no-cache]
      server: [nginx]
      strict-transport-security: [max-age=31536000; includeSubDomains]
      transfer-encoding: [chunked]
      vary: [Accept-Encoding]
      x-content-type-options: [nosniff]
    status: {code: 200, message: OK}
- request:
    body: null
    headers:
      Accept: [application/json]
      Accept-Encoding: ['gzip, deflate']
      CommandName: [aks scale]
      Connection: [keep-alive]
      User-Agent: [python/3.7.0 (Darwin-17.4.0-x86_64-i386-64bit) requests/2.19.1
          msrest/0.5.4 msrest_azure/0.4.34 azure-mgmt-containerservice/4.2.0 Azure-SDK-For-Python
          AZURECLI/2.0.43]
    method: GET
    uri: https://management.azure.com/subscriptions/00000000-0000-0000-0000-000000000000/providers/Microsoft.ContainerService/locations/eastus/operations/e42e39c0-1904-413e-b0fd-3eb9c8149b97?api-version=2017-08-31
  response:
    body: {string: "{\n  \"name\": \"c0392ee4-0419-3e41-b0fd-3eb9c8149b97\",\n  \"status\":
        \"InProgress\",\n  \"startTime\": \"2018-08-03T20:36:43.7774058Z\"\n }"}
    headers:
      cache-control: [no-cache]
      content-length: ['126']
      content-type: [application/json]
      date: ['Fri, 03 Aug 2018 20:39:18 GMT']
      expires: ['-1']
      pragma: [no-cache]
      server: [nginx]
      strict-transport-security: [max-age=31536000; includeSubDomains]
      transfer-encoding: [chunked]
      vary: [Accept-Encoding]
      x-content-type-options: [nosniff]
    status: {code: 200, message: OK}
- request:
    body: null
    headers:
      Accept: [application/json]
      Accept-Encoding: ['gzip, deflate']
      CommandName: [aks scale]
      Connection: [keep-alive]
      User-Agent: [python/3.7.0 (Darwin-17.4.0-x86_64-i386-64bit) requests/2.19.1
          msrest/0.5.4 msrest_azure/0.4.34 azure-mgmt-containerservice/4.2.0 Azure-SDK-For-Python
          AZURECLI/2.0.43]
    method: GET
    uri: https://management.azure.com/subscriptions/00000000-0000-0000-0000-000000000000/providers/Microsoft.ContainerService/locations/eastus/operations/e42e39c0-1904-413e-b0fd-3eb9c8149b97?api-version=2017-08-31
  response:
    body: {string: "{\n  \"name\": \"c0392ee4-0419-3e41-b0fd-3eb9c8149b97\",\n  \"status\":
        \"InProgress\",\n  \"startTime\": \"2018-08-03T20:36:43.7774058Z\"\n }"}
    headers:
      cache-control: [no-cache]
      content-length: ['126']
      content-type: [application/json]
      date: ['Fri, 03 Aug 2018 20:39:48 GMT']
      expires: ['-1']
      pragma: [no-cache]
      server: [nginx]
      strict-transport-security: [max-age=31536000; includeSubDomains]
      transfer-encoding: [chunked]
      vary: [Accept-Encoding]
      x-content-type-options: [nosniff]
    status: {code: 200, message: OK}
- request:
    body: null
    headers:
      Accept: [application/json]
      Accept-Encoding: ['gzip, deflate']
      CommandName: [aks scale]
      Connection: [keep-alive]
      User-Agent: [python/3.7.0 (Darwin-17.4.0-x86_64-i386-64bit) requests/2.19.1
          msrest/0.5.4 msrest_azure/0.4.34 azure-mgmt-containerservice/4.2.0 Azure-SDK-For-Python
          AZURECLI/2.0.43]
    method: GET
    uri: https://management.azure.com/subscriptions/00000000-0000-0000-0000-000000000000/providers/Microsoft.ContainerService/locations/eastus/operations/e42e39c0-1904-413e-b0fd-3eb9c8149b97?api-version=2017-08-31
  response:
    body: {string: "{\n  \"name\": \"c0392ee4-0419-3e41-b0fd-3eb9c8149b97\",\n  \"status\":
        \"InProgress\",\n  \"startTime\": \"2018-08-03T20:36:43.7774058Z\"\n }"}
    headers:
      cache-control: [no-cache]
      content-length: ['126']
      content-type: [application/json]
      date: ['Fri, 03 Aug 2018 20:40:19 GMT']
      expires: ['-1']
      pragma: [no-cache]
      server: [nginx]
      strict-transport-security: [max-age=31536000; includeSubDomains]
      transfer-encoding: [chunked]
      vary: [Accept-Encoding]
      x-content-type-options: [nosniff]
    status: {code: 200, message: OK}
- request:
    body: null
    headers:
      Accept: [application/json]
      Accept-Encoding: ['gzip, deflate']
      CommandName: [aks scale]
      Connection: [keep-alive]
      User-Agent: [python/3.7.0 (Darwin-17.4.0-x86_64-i386-64bit) requests/2.19.1
          msrest/0.5.4 msrest_azure/0.4.34 azure-mgmt-containerservice/4.2.0 Azure-SDK-For-Python
          AZURECLI/2.0.43]
    method: GET
    uri: https://management.azure.com/subscriptions/00000000-0000-0000-0000-000000000000/providers/Microsoft.ContainerService/locations/eastus/operations/e42e39c0-1904-413e-b0fd-3eb9c8149b97?api-version=2017-08-31
  response:
    body: {string: "{\n  \"name\": \"c0392ee4-0419-3e41-b0fd-3eb9c8149b97\",\n  \"status\":
        \"InProgress\",\n  \"startTime\": \"2018-08-03T20:36:43.7774058Z\"\n }"}
    headers:
      cache-control: [no-cache]
      content-length: ['126']
      content-type: [application/json]
      date: ['Fri, 03 Aug 2018 20:40:50 GMT']
      expires: ['-1']
      pragma: [no-cache]
      server: [nginx]
      strict-transport-security: [max-age=31536000; includeSubDomains]
      transfer-encoding: [chunked]
      vary: [Accept-Encoding]
      x-content-type-options: [nosniff]
    status: {code: 200, message: OK}
- request:
    body: null
    headers:
      Accept: [application/json]
      Accept-Encoding: ['gzip, deflate']
      CommandName: [aks scale]
      Connection: [keep-alive]
      User-Agent: [python/3.7.0 (Darwin-17.4.0-x86_64-i386-64bit) requests/2.19.1
          msrest/0.5.4 msrest_azure/0.4.34 azure-mgmt-containerservice/4.2.0 Azure-SDK-For-Python
          AZURECLI/2.0.43]
    method: GET
    uri: https://management.azure.com/subscriptions/00000000-0000-0000-0000-000000000000/providers/Microsoft.ContainerService/locations/eastus/operations/e42e39c0-1904-413e-b0fd-3eb9c8149b97?api-version=2017-08-31
  response:
    body: {string: "{\n  \"name\": \"c0392ee4-0419-3e41-b0fd-3eb9c8149b97\",\n  \"status\":
        \"InProgress\",\n  \"startTime\": \"2018-08-03T20:36:43.7774058Z\"\n }"}
    headers:
      cache-control: [no-cache]
      content-length: ['126']
      content-type: [application/json]
      date: ['Fri, 03 Aug 2018 20:41:21 GMT']
      expires: ['-1']
      pragma: [no-cache]
      server: [nginx]
      strict-transport-security: [max-age=31536000; includeSubDomains]
      transfer-encoding: [chunked]
      vary: [Accept-Encoding]
      x-content-type-options: [nosniff]
    status: {code: 200, message: OK}
- request:
    body: null
    headers:
      Accept: [application/json]
      Accept-Encoding: ['gzip, deflate']
      CommandName: [aks scale]
      Connection: [keep-alive]
      User-Agent: [python/3.7.0 (Darwin-17.4.0-x86_64-i386-64bit) requests/2.19.1
          msrest/0.5.4 msrest_azure/0.4.34 azure-mgmt-containerservice/4.2.0 Azure-SDK-For-Python
          AZURECLI/2.0.43]
    method: GET
    uri: https://management.azure.com/subscriptions/00000000-0000-0000-0000-000000000000/providers/Microsoft.ContainerService/locations/eastus/operations/e42e39c0-1904-413e-b0fd-3eb9c8149b97?api-version=2017-08-31
  response:
    body: {string: "{\n  \"name\": \"c0392ee4-0419-3e41-b0fd-3eb9c8149b97\",\n  \"status\":
        \"InProgress\",\n  \"startTime\": \"2018-08-03T20:36:43.7774058Z\"\n }"}
    headers:
      cache-control: [no-cache]
      content-length: ['126']
      content-type: [application/json]
      date: ['Fri, 03 Aug 2018 20:41:52 GMT']
      expires: ['-1']
      pragma: [no-cache]
      server: [nginx]
      strict-transport-security: [max-age=31536000; includeSubDomains]
      transfer-encoding: [chunked]
      vary: [Accept-Encoding]
      x-content-type-options: [nosniff]
    status: {code: 200, message: OK}
- request:
    body: null
    headers:
      Accept: [application/json]
      Accept-Encoding: ['gzip, deflate']
      CommandName: [aks scale]
      Connection: [keep-alive]
      User-Agent: [python/3.7.0 (Darwin-17.4.0-x86_64-i386-64bit) requests/2.19.1
          msrest/0.5.4 msrest_azure/0.4.34 azure-mgmt-containerservice/4.2.0 Azure-SDK-For-Python
          AZURECLI/2.0.43]
    method: GET
    uri: https://management.azure.com/subscriptions/00000000-0000-0000-0000-000000000000/providers/Microsoft.ContainerService/locations/eastus/operations/e42e39c0-1904-413e-b0fd-3eb9c8149b97?api-version=2017-08-31
  response:
    body: {string: "{\n  \"name\": \"c0392ee4-0419-3e41-b0fd-3eb9c8149b97\",\n  \"status\":
        \"InProgress\",\n  \"startTime\": \"2018-08-03T20:36:43.7774058Z\"\n }"}
    headers:
      cache-control: [no-cache]
      content-length: ['126']
      content-type: [application/json]
      date: ['Fri, 03 Aug 2018 20:42:22 GMT']
      expires: ['-1']
      pragma: [no-cache]
      server: [nginx]
      strict-transport-security: [max-age=31536000; includeSubDomains]
      transfer-encoding: [chunked]
      vary: [Accept-Encoding]
      x-content-type-options: [nosniff]
    status: {code: 200, message: OK}
- request:
    body: null
    headers:
      Accept: [application/json]
      Accept-Encoding: ['gzip, deflate']
      CommandName: [aks scale]
      Connection: [keep-alive]
      User-Agent: [python/3.7.0 (Darwin-17.4.0-x86_64-i386-64bit) requests/2.19.1
          msrest/0.5.4 msrest_azure/0.4.34 azure-mgmt-containerservice/4.2.0 Azure-SDK-For-Python
          AZURECLI/2.0.43]
    method: GET
    uri: https://management.azure.com/subscriptions/00000000-0000-0000-0000-000000000000/providers/Microsoft.ContainerService/locations/eastus/operations/e42e39c0-1904-413e-b0fd-3eb9c8149b97?api-version=2017-08-31
  response:
    body: {string: "{\n  \"name\": \"c0392ee4-0419-3e41-b0fd-3eb9c8149b97\",\n  \"status\":
        \"InProgress\",\n  \"startTime\": \"2018-08-03T20:36:43.7774058Z\"\n }"}
    headers:
      cache-control: [no-cache]
      content-length: ['126']
      content-type: [application/json]
      date: ['Fri, 03 Aug 2018 20:42:54 GMT']
      expires: ['-1']
      pragma: [no-cache]
      server: [nginx]
      strict-transport-security: [max-age=31536000; includeSubDomains]
      transfer-encoding: [chunked]
      vary: [Accept-Encoding]
      x-content-type-options: [nosniff]
    status: {code: 200, message: OK}
- request:
    body: null
    headers:
      Accept: [application/json]
      Accept-Encoding: ['gzip, deflate']
      CommandName: [aks scale]
      Connection: [keep-alive]
      User-Agent: [python/3.7.0 (Darwin-17.4.0-x86_64-i386-64bit) requests/2.19.1
          msrest/0.5.4 msrest_azure/0.4.34 azure-mgmt-containerservice/4.2.0 Azure-SDK-For-Python
          AZURECLI/2.0.43]
    method: GET
    uri: https://management.azure.com/subscriptions/00000000-0000-0000-0000-000000000000/providers/Microsoft.ContainerService/locations/eastus/operations/e42e39c0-1904-413e-b0fd-3eb9c8149b97?api-version=2017-08-31
  response:
    body: {string: "{\n  \"name\": \"c0392ee4-0419-3e41-b0fd-3eb9c8149b97\",\n  \"status\":
        \"InProgress\",\n  \"startTime\": \"2018-08-03T20:36:43.7774058Z\"\n }"}
    headers:
      cache-control: [no-cache]
      content-length: ['126']
      content-type: [application/json]
      date: ['Fri, 03 Aug 2018 20:43:25 GMT']
      expires: ['-1']
      pragma: [no-cache]
      server: [nginx]
      strict-transport-security: [max-age=31536000; includeSubDomains]
      transfer-encoding: [chunked]
      vary: [Accept-Encoding]
      x-content-type-options: [nosniff]
    status: {code: 200, message: OK}
- request:
    body: null
    headers:
      Accept: [application/json]
      Accept-Encoding: ['gzip, deflate']
      CommandName: [aks scale]
      Connection: [keep-alive]
      User-Agent: [python/3.7.0 (Darwin-17.4.0-x86_64-i386-64bit) requests/2.19.1
          msrest/0.5.4 msrest_azure/0.4.34 azure-mgmt-containerservice/4.2.0 Azure-SDK-For-Python
          AZURECLI/2.0.43]
    method: GET
    uri: https://management.azure.com/subscriptions/00000000-0000-0000-0000-000000000000/providers/Microsoft.ContainerService/locations/eastus/operations/e42e39c0-1904-413e-b0fd-3eb9c8149b97?api-version=2017-08-31
  response:
    body: {string: "{\n  \"name\": \"c0392ee4-0419-3e41-b0fd-3eb9c8149b97\",\n  \"status\":
        \"InProgress\",\n  \"startTime\": \"2018-08-03T20:36:43.7774058Z\"\n }"}
    headers:
      cache-control: [no-cache]
      content-length: ['126']
      content-type: [application/json]
      date: ['Fri, 03 Aug 2018 20:43:55 GMT']
      expires: ['-1']
      pragma: [no-cache]
      server: [nginx]
      strict-transport-security: [max-age=31536000; includeSubDomains]
      transfer-encoding: [chunked]
      vary: [Accept-Encoding]
      x-content-type-options: [nosniff]
    status: {code: 200, message: OK}
- request:
    body: null
    headers:
      Accept: [application/json]
      Accept-Encoding: ['gzip, deflate']
      CommandName: [aks scale]
      Connection: [keep-alive]
      User-Agent: [python/3.7.0 (Darwin-17.4.0-x86_64-i386-64bit) requests/2.19.1
          msrest/0.5.4 msrest_azure/0.4.34 azure-mgmt-containerservice/4.2.0 Azure-SDK-For-Python
          AZURECLI/2.0.43]
    method: GET
    uri: https://management.azure.com/subscriptions/00000000-0000-0000-0000-000000000000/providers/Microsoft.ContainerService/locations/eastus/operations/e42e39c0-1904-413e-b0fd-3eb9c8149b97?api-version=2017-08-31
  response:
    body: {string: "{\n  \"name\": \"c0392ee4-0419-3e41-b0fd-3eb9c8149b97\",\n  \"status\":
        \"InProgress\",\n  \"startTime\": \"2018-08-03T20:36:43.7774058Z\"\n }"}
    headers:
      cache-control: [no-cache]
      content-length: ['126']
      content-type: [application/json]
      date: ['Fri, 03 Aug 2018 20:44:27 GMT']
      expires: ['-1']
      pragma: [no-cache]
      server: [nginx]
      strict-transport-security: [max-age=31536000; includeSubDomains]
      transfer-encoding: [chunked]
      vary: [Accept-Encoding]
      x-content-type-options: [nosniff]
    status: {code: 200, message: OK}
- request:
    body: null
    headers:
      Accept: [application/json]
      Accept-Encoding: ['gzip, deflate']
      CommandName: [aks scale]
      Connection: [keep-alive]
      User-Agent: [python/3.7.0 (Darwin-17.4.0-x86_64-i386-64bit) requests/2.19.1
          msrest/0.5.4 msrest_azure/0.4.34 azure-mgmt-containerservice/4.2.0 Azure-SDK-For-Python
          AZURECLI/2.0.43]
    method: GET
    uri: https://management.azure.com/subscriptions/00000000-0000-0000-0000-000000000000/providers/Microsoft.ContainerService/locations/eastus/operations/e42e39c0-1904-413e-b0fd-3eb9c8149b97?api-version=2017-08-31
  response:
    body: {string: "{\n  \"name\": \"c0392ee4-0419-3e41-b0fd-3eb9c8149b97\",\n  \"status\":
        \"InProgress\",\n  \"startTime\": \"2018-08-03T20:36:43.7774058Z\"\n }"}
    headers:
      cache-control: [no-cache]
      content-length: ['126']
      content-type: [application/json]
      date: ['Fri, 03 Aug 2018 20:44:57 GMT']
      expires: ['-1']
      pragma: [no-cache]
      server: [nginx]
      strict-transport-security: [max-age=31536000; includeSubDomains]
      transfer-encoding: [chunked]
      vary: [Accept-Encoding]
      x-content-type-options: [nosniff]
    status: {code: 200, message: OK}
- request:
    body: null
    headers:
      Accept: [application/json]
      Accept-Encoding: ['gzip, deflate']
      CommandName: [aks scale]
      Connection: [keep-alive]
      User-Agent: [python/3.7.0 (Darwin-17.4.0-x86_64-i386-64bit) requests/2.19.1
          msrest/0.5.4 msrest_azure/0.4.34 azure-mgmt-containerservice/4.2.0 Azure-SDK-For-Python
          AZURECLI/2.0.43]
    method: GET
    uri: https://management.azure.com/subscriptions/00000000-0000-0000-0000-000000000000/providers/Microsoft.ContainerService/locations/eastus/operations/e42e39c0-1904-413e-b0fd-3eb9c8149b97?api-version=2017-08-31
  response:
    body: {string: "{\n  \"name\": \"c0392ee4-0419-3e41-b0fd-3eb9c8149b97\",\n  \"status\":
        \"Succeeded\",\n  \"startTime\": \"2018-08-03T20:36:43.7774058Z\",\n  \"endTime\":
        \"2018-08-03T20:45:13.8529556Z\"\n }"}
    headers:
      cache-control: [no-cache]
      content-length: ['170']
      content-type: [application/json]
      date: ['Fri, 03 Aug 2018 20:45:28 GMT']
      expires: ['-1']
      pragma: [no-cache]
      server: [nginx]
      strict-transport-security: [max-age=31536000; includeSubDomains]
      transfer-encoding: [chunked]
      vary: [Accept-Encoding]
      x-content-type-options: [nosniff]
    status: {code: 200, message: OK}
- request:
    body: null
    headers:
      Accept: [application/json]
      Accept-Encoding: ['gzip, deflate']
      CommandName: [aks scale]
      Connection: [keep-alive]
      User-Agent: [python/3.7.0 (Darwin-17.4.0-x86_64-i386-64bit) requests/2.19.1
          msrest/0.5.4 msrest_azure/0.4.34 azure-mgmt-containerservice/4.2.0 Azure-SDK-For-Python
          AZURECLI/2.0.43]
    method: GET
    uri: https://management.azure.com/subscriptions/00000000-0000-0000-0000-000000000000/resourceGroups/clitest000001/providers/Microsoft.ContainerService/managedClusters/cliakstest000003?api-version=2018-03-31
  response:
    body: {string: "{\n  \"id\": \"/subscriptions/00000000-0000-0000-0000-000000000000/resourcegroups/clitest000001/providers/Microsoft.ContainerService/managedClusters/cliakstest000003\",\n
        \ \"location\": \"eastus\",\n  \"name\": \"cliakstest000003\",\n  \"type\":
        \"Microsoft.ContainerService/ManagedClusters\",\n  \"properties\": {\n   \"provisioningState\":
        \"Succeeded\",\n   \"kubernetesVersion\": \"1.9.9\",\n   \"dnsPrefix\": \"cliaksdns000004\",\n
        \  \"fqdn\": \"cliaksdns000004-22ef745a.hcp.eastus.int.azmk8s.io\",\n   \"agentPoolProfiles\":
        [\n    {\n     \"name\": \"nodepool1\",\n     \"count\": 3,\n     \"vmSize\":
        \"Standard_DS1_v2\",\n     \"storageProfile\": \"ManagedDisks\",\n     \"maxPods\":
        110,\n     \"osType\": \"Linux\"\n    }\n   ],\n   \"linuxProfile\": {\n    \"adminUsername\":
        \"azureuser\",\n    \"ssh\": {\n     \"publicKeys\": [\n      {\n       \"keyData\":
        \"ssh-rsa AAAAB3NzaC1yc2EAAAADAQABAAACAQCbIg1guRHbI0lV11wWDt1r2cUdcNd27CJsg+SfgC7miZeubtwUhbsPdhMQsfDyhOWHq1+ZL0M+nJZV63d/1dhmhtgyOqejUwrPlzKhydsbrsdUor+JmNJDdW01v7BXHyuymT8G4s09jCasNOwiufbP/qp72ruu0bIA1nySsvlf9pCQAuFkAnVnf/rFhUlOkhtRpwcq8SUNY2zRHR/EKb/4NWY1JzR4sa3q2fWIJdrrX0DvLoa5g9bIEd4Df79ba7v+yiUBOS0zT2ll+z4g9izHK3EO5d8hL4jYxcjKs+wcslSYRWrascfscLgMlMGh0CdKeNTDjHpGPncaf3Z+FwwwjWeuiNBxv7bJo13/8B/098KlVDl4GZqsoBCEjPyJfV6hO0y/LkRGkk7oHWKgeWAfKtfLItRp00eZ4fcJNK9kCaSMmEugoZWcI7NGbZXzqFWqbpRI7NcDP9+WIQ+i9U5vqWsqd/zng4kbuAJ6UuKqIzB0upYrLShfQE3SAck8oaLhJqqq56VfDuASNpJKidV+zq27HfSBmbXnkR/5AK337dc3MXKJypoK/QPMLKUAP5XLPbs+NddJQV7EZXd29DLgp+fRIg3edpKdO7ZErWhv7d+3Kws+e1Y+ypmR2WIVSwVyBEUfgv2C8Ts9gnTF4pNcEY/S2aBicz5Ew2+jdyGNQQ==
        test@example.com\\n\"\n      }\n     ]\n    }\n   },\n   \"servicePrincipalProfile\":
        {\n    \"clientId\": \"http://clitest000002\"\n   },\n   \"nodeResourceGroup\":
        \"MC_clitest000001_cliakstest000003_eastus\",\n   \"enableRBAC\": true,\n
        \  \"networkProfile\": {\n    \"networkPlugin\": \"kubenet\",\n    \"podCidr\":
        \"10.244.0.0/16\",\n    \"serviceCidr\": \"10.0.0.0/16\",\n    \"dnsServiceIP\":
        \"10.0.0.10\",\n    \"dockerBridgeCidr\": \"172.17.0.1/16\"\n   }\n  }\n }"}
    headers:
      cache-control: [no-cache]
      content-length: ['1940']
      content-type: [application/json]
      date: ['Fri, 03 Aug 2018 20:45:29 GMT']
      expires: ['-1']
      pragma: [no-cache]
      server: [nginx]
      strict-transport-security: [max-age=31536000; includeSubDomains]
      transfer-encoding: [chunked]
      vary: [Accept-Encoding]
      x-content-type-options: [nosniff]
    status: {code: 200, message: OK}
- request:
    body: null
    headers:
      Accept: [application/json]
      Accept-Encoding: ['gzip, deflate']
      CommandName: [aks show]
      Connection: [keep-alive]
      Content-Type: [application/json; charset=utf-8]
      User-Agent: [python/3.7.0 (Darwin-17.4.0-x86_64-i386-64bit) requests/2.19.1
          msrest/0.5.4 msrest_azure/0.4.34 azure-mgmt-containerservice/4.2.0 Azure-SDK-For-Python
          AZURECLI/2.0.43]
      accept-language: [en-US]
    method: GET
    uri: https://management.azure.com/subscriptions/00000000-0000-0000-0000-000000000000/resourceGroups/clitest000001/providers/Microsoft.ContainerService/managedClusters/cliakstest000003?api-version=2018-03-31
  response:
    body: {string: "{\n  \"id\": \"/subscriptions/00000000-0000-0000-0000-000000000000/resourcegroups/clitest000001/providers/Microsoft.ContainerService/managedClusters/cliakstest000003\",\n
        \ \"location\": \"eastus\",\n  \"name\": \"cliakstest000003\",\n  \"type\":
        \"Microsoft.ContainerService/ManagedClusters\",\n  \"properties\": {\n   \"provisioningState\":
        \"Succeeded\",\n   \"kubernetesVersion\": \"1.9.9\",\n   \"dnsPrefix\": \"cliaksdns000004\",\n
        \  \"fqdn\": \"cliaksdns000004-22ef745a.hcp.eastus.int.azmk8s.io\",\n   \"agentPoolProfiles\":
        [\n    {\n     \"name\": \"nodepool1\",\n     \"count\": 3,\n     \"vmSize\":
        \"Standard_DS1_v2\",\n     \"storageProfile\": \"ManagedDisks\",\n     \"maxPods\":
        110,\n     \"osType\": \"Linux\"\n    }\n   ],\n   \"linuxProfile\": {\n    \"adminUsername\":
        \"azureuser\",\n    \"ssh\": {\n     \"publicKeys\": [\n      {\n       \"keyData\":
        \"ssh-rsa AAAAB3NzaC1yc2EAAAADAQABAAACAQCbIg1guRHbI0lV11wWDt1r2cUdcNd27CJsg+SfgC7miZeubtwUhbsPdhMQsfDyhOWHq1+ZL0M+nJZV63d/1dhmhtgyOqejUwrPlzKhydsbrsdUor+JmNJDdW01v7BXHyuymT8G4s09jCasNOwiufbP/qp72ruu0bIA1nySsvlf9pCQAuFkAnVnf/rFhUlOkhtRpwcq8SUNY2zRHR/EKb/4NWY1JzR4sa3q2fWIJdrrX0DvLoa5g9bIEd4Df79ba7v+yiUBOS0zT2ll+z4g9izHK3EO5d8hL4jYxcjKs+wcslSYRWrascfscLgMlMGh0CdKeNTDjHpGPncaf3Z+FwwwjWeuiNBxv7bJo13/8B/098KlVDl4GZqsoBCEjPyJfV6hO0y/LkRGkk7oHWKgeWAfKtfLItRp00eZ4fcJNK9kCaSMmEugoZWcI7NGbZXzqFWqbpRI7NcDP9+WIQ+i9U5vqWsqd/zng4kbuAJ6UuKqIzB0upYrLShfQE3SAck8oaLhJqqq56VfDuASNpJKidV+zq27HfSBmbXnkR/5AK337dc3MXKJypoK/QPMLKUAP5XLPbs+NddJQV7EZXd29DLgp+fRIg3edpKdO7ZErWhv7d+3Kws+e1Y+ypmR2WIVSwVyBEUfgv2C8Ts9gnTF4pNcEY/S2aBicz5Ew2+jdyGNQQ==
        test@example.com\\n\"\n      }\n     ]\n    }\n   },\n   \"servicePrincipalProfile\":
        {\n    \"clientId\": \"http://clitest000002\"\n   },\n   \"nodeResourceGroup\":
        \"MC_clitest000001_cliakstest000003_eastus\",\n   \"enableRBAC\": true,\n
        \  \"networkProfile\": {\n    \"networkPlugin\": \"kubenet\",\n    \"podCidr\":
        \"10.244.0.0/16\",\n    \"serviceCidr\": \"10.0.0.0/16\",\n    \"dnsServiceIP\":
        \"10.0.0.10\",\n    \"dockerBridgeCidr\": \"172.17.0.1/16\"\n   }\n  }\n }"}
    headers:
      cache-control: [no-cache]
      content-length: ['1940']
      content-type: [application/json]
      date: ['Fri, 03 Aug 2018 20:45:31 GMT']
      expires: ['-1']
      pragma: [no-cache]
      server: [nginx]
      strict-transport-security: [max-age=31536000; includeSubDomains]
      transfer-encoding: [chunked]
      vary: [Accept-Encoding]
      x-content-type-options: [nosniff]
    status: {code: 200, message: OK}
- request:
    body: null
    headers:
      Accept: [application/json]
      Accept-Encoding: ['gzip, deflate']
      CommandName: [aks delete]
      Connection: [keep-alive]
      Content-Length: ['0']
      Content-Type: [application/json; charset=utf-8]
      User-Agent: [python/3.7.0 (Darwin-17.4.0-x86_64-i386-64bit) requests/2.19.1
          msrest/0.5.4 msrest_azure/0.4.34 azure-mgmt-containerservice/4.2.0 Azure-SDK-For-Python
          AZURECLI/2.0.43]
      accept-language: [en-US]
    method: DELETE
    uri: https://management.azure.com/subscriptions/00000000-0000-0000-0000-000000000000/resourceGroups/clitest000001/providers/Microsoft.ContainerService/managedClusters/cliakstest000003?api-version=2018-03-31
  response:
    body: {string: ''}
    headers:
      azure-asyncoperation: ['https://management.azure.com/subscriptions/00000000-0000-0000-0000-000000000000/providers/Microsoft.ContainerService/locations/eastus/operations/af61ec84-3803-4643-a6cf-3710cb18b319?api-version=2017-08-31']
      cache-control: [no-cache]
      content-length: ['0']
      date: ['Fri, 03 Aug 2018 20:45:34 GMT']
      expires: ['-1']
      location: ['https://management.azure.com/subscriptions/00000000-0000-0000-0000-000000000000/providers/Microsoft.ContainerService/locations/eastus/operationresults/af61ec84-3803-4643-a6cf-3710cb18b319?api-version=2017-08-31']
      pragma: [no-cache]
      server: [nginx]
      strict-transport-security: [max-age=31536000; includeSubDomains]
      x-content-type-options: [nosniff]
      x-ms-ratelimit-remaining-subscription-deletes: ['14999']
    status: {code: 202, message: Accepted}
- request:
    body: null
    headers:
      Accept: [application/json]
      Accept-Encoding: ['gzip, deflate']
      CommandName: [ad sp delete]
      Connection: [keep-alive]
      Content-Type: [application/json; charset=utf-8]
      User-Agent: [python/3.7.0 (Darwin-17.4.0-x86_64-i386-64bit) requests/2.19.1
          msrest/0.5.4 msrest_azure/0.4.34 azure-graphrbac/0.40.0 Azure-SDK-For-Python
          AZURECLI/2.0.43]
      accept-language: [en-US]
    method: GET
    uri: https://graph.windows.net/00000000-0000-0000-0000-000000000000/servicePrincipals?$filter=servicePrincipalNames%2Fany%28c%3Ac%20eq%20%2765249a3c-45ab-4f50-993a-52742cafef97%27%29&api-version=1.6
  response:
    body: {string: '{"odata.metadata":"https://graph.windows.net/00000000-0000-0000-0000-000000000000/$metadata#directoryObjects/Microsoft.DirectoryServices.ServicePrincipal","value":[{"odata.type":"Microsoft.DirectoryServices.ServicePrincipal","objectType":"ServicePrincipal","objectId":"f0979f93-dc79-4e2b-9103-b1cd2fc59b46","deletionTimestamp":null,"accountEnabled":true,"addIns":[],"alternativeNames":[],"appDisplayName":"azure-cli-2018-08-03-20-22-29","appId":"65249a3c-45ab-4f50-993a-52742cafef97","appOwnerTenantId":"72f988bf-86f1-41af-91ab-2d7cd011db47","appRoleAssignmentRequired":false,"appRoles":[],"displayName":"azure-cli-2018-08-03-20-22-29","errorUrl":null,"homepage":"http://azure-cli-2018-08-03-20-22-29","keyCredentials":[],"logoutUrl":null,"oauth2Permissions":[{"adminConsentDescription":"Allow
        the application to access azure-cli-2018-08-03-20-22-29 on behalf of the signed-in
        user.","adminConsentDisplayName":"Access azure-cli-2018-08-03-20-22-29","id":"14266b1e-739b-4149-9349-975fefdd0b39","isEnabled":true,"type":"User","userConsentDescription":"Allow
        the application to access azure-cli-2018-08-03-20-22-29 on your behalf.","userConsentDisplayName":"Access
        azure-cli-2018-08-03-20-22-29","value":"user_impersonation"}],"passwordCredentials":[],"preferredTokenSigningKeyThumbprint":null,"publisherName":"Microsoft","replyUrls":[],"samlMetadataUrl":null,"servicePrincipalNames":["http://clitest000002","65249a3c-45ab-4f50-993a-52742cafef97"],"servicePrincipalType":"Application","signInAudience":"AzureADMyOrg","tags":[],"tokenEncryptionKeyId":null}]}'}
    headers:
      access-control-allow-origin: ['*']
      cache-control: [no-cache]
      content-length: ['1558']
      content-type: [application/json; odata=minimalmetadata; streaming=true; charset=utf-8]
      dataserviceversion: [3.0;]
      date: ['Fri, 03 Aug 2018 20:45:34 GMT']
      duration: ['1840949']
      expires: ['-1']
      ocp-aad-diagnostics-server-name: [rM1KdcCuqoQ1CDuAZFk7Kx6C9y26eNQPriKUdQHzxw8=]
      ocp-aad-session-key: [RArkje6KmjpuBf9cznI9iv0SPxeTTRp5ZsdU9cvTO0sd3G3xI5axpRBNUhTytKPBlt8maepJZCa1rrndsUnrQ98w2PDepm7i0g2dfAgTwvyPMq4zqb5HH30bLTvS5d7c.0LwoHfWgmrV7zf3C9G7YTtOWNFK1b9x6cAyoRjiC7uc]
      pragma: [no-cache]
      request-id: [7bc3423c-abdf-4912-8697-852bd61d91d6]
      server: [Microsoft-IIS/10.0]
      strict-transport-security: [max-age=31536000; includeSubDomains]
      x-aspnet-version: [4.0.30319]
      x-content-type-options: [nosniff]
      x-ms-dirapi-data-contract-version: ['1.6']
      x-powered-by: [ASP.NET]
    status: {code: 200, message: OK}
- request:
    body: null
    headers:
      Accept: [application/json]
      Accept-Encoding: ['gzip, deflate']
      CommandName: [ad sp delete]
      Connection: [keep-alive]
      Content-Type: [application/json; charset=utf-8]
      User-Agent: [python/3.7.0 (Darwin-17.4.0-x86_64-i386-64bit) requests/2.19.1
          msrest/0.5.4 msrest_azure/0.4.34 azure-graphrbac/0.40.0 Azure-SDK-For-Python
          AZURECLI/2.0.43]
      accept-language: [en-US]
    method: GET
    uri: https://graph.windows.net/00000000-0000-0000-0000-000000000000/servicePrincipals/f0979f93-dc79-4e2b-9103-b1cd2fc59b46?api-version=1.6
  response:
    body: {string: '{"odata.metadata":"https://graph.windows.net/00000000-0000-0000-0000-000000000000/$metadata#directoryObjects/Microsoft.DirectoryServices.ServicePrincipal/@Element","odata.type":"Microsoft.DirectoryServices.ServicePrincipal","objectType":"ServicePrincipal","objectId":"f0979f93-dc79-4e2b-9103-b1cd2fc59b46","deletionTimestamp":null,"accountEnabled":true,"addIns":[],"alternativeNames":[],"appDisplayName":"azure-cli-2018-08-03-20-22-29","appId":"65249a3c-45ab-4f50-993a-52742cafef97","appOwnerTenantId":"72f988bf-86f1-41af-91ab-2d7cd011db47","appRoleAssignmentRequired":false,"appRoles":[],"displayName":"azure-cli-2018-08-03-20-22-29","errorUrl":null,"homepage":"http://azure-cli-2018-08-03-20-22-29","keyCredentials":[],"logoutUrl":null,"oauth2Permissions":[{"adminConsentDescription":"Allow
        the application to access azure-cli-2018-08-03-20-22-29 on behalf of the signed-in
        user.","adminConsentDisplayName":"Access azure-cli-2018-08-03-20-22-29","id":"14266b1e-739b-4149-9349-975fefdd0b39","isEnabled":true,"type":"User","userConsentDescription":"Allow
        the application to access azure-cli-2018-08-03-20-22-29 on your behalf.","userConsentDisplayName":"Access
        azure-cli-2018-08-03-20-22-29","value":"user_impersonation"}],"passwordCredentials":[],"preferredTokenSigningKeyThumbprint":null,"publisherName":"Microsoft","replyUrls":[],"samlMetadataUrl":null,"servicePrincipalNames":["http://clitest000002","65249a3c-45ab-4f50-993a-52742cafef97"],"servicePrincipalType":"Application","signInAudience":"AzureADMyOrg","tags":[],"tokenEncryptionKeyId":null}'}
    headers:
      access-control-allow-origin: ['*']
      cache-control: [no-cache]
      content-length: ['1555']
      content-type: [application/json; odata=minimalmetadata; streaming=true; charset=utf-8]
      dataserviceversion: [3.0;]
      date: ['Fri, 03 Aug 2018 20:45:35 GMT']
      duration: ['641603']
      expires: ['-1']
      ocp-aad-diagnostics-server-name: [TF7V9cFPmZmQJjy/0crfkRiCbrtTUG3VKT/zd0mx1Gc=]
      ocp-aad-session-key: [m1-PuEhu6RbugtnhXUz6AnDB94lqRCq_T4riSRzGIrALBz3yTWIivxeyyq8Kc6f8XxEC-ff_yrAK4PvGZGomgjb8qLlDHZ9XNw0sIak1h6MwfZIleGim1KfSR9vIv_ql.2OimiAtfY8NEMY54HPANfnKnjA0FGHO9LgRnHcGFG4g]
      pragma: [no-cache]
      request-id: [f5a751c7-b56c-4845-9eb6-3a5dedb91ba6]
      server: [Microsoft-IIS/10.0]
      strict-transport-security: [max-age=31536000; includeSubDomains]
      x-aspnet-version: [4.0.30319]
      x-content-type-options: [nosniff]
      x-ms-dirapi-data-contract-version: ['1.6']
      x-powered-by: [ASP.NET]
    status: {code: 200, message: OK}
- request:
    body: null
    headers:
      Accept: [application/json]
      Accept-Encoding: ['gzip, deflate']
      CommandName: [ad sp delete]
      Connection: [keep-alive]
      Content-Type: [application/json; charset=utf-8]
      User-Agent: [python/3.7.0 (Darwin-17.4.0-x86_64-i386-64bit) requests/2.19.1
          msrest/0.5.4 msrest_azure/0.4.34 azure-graphrbac/0.40.0 Azure-SDK-For-Python
          AZURECLI/2.0.43]
      accept-language: [en-US]
    method: GET
    uri: https://graph.windows.net/00000000-0000-0000-0000-000000000000/applications?$filter=identifierUris%2Fany%28s%3As%20eq%20%27http%3A%2F%2Fclitest000002%27%29&api-version=1.6
  response:
    body: {string: '{"odata.metadata":"https://graph.windows.net/00000000-0000-0000-0000-000000000000/$metadata#directoryObjects/Microsoft.DirectoryServices.Application","value":[{"odata.type":"Microsoft.DirectoryServices.Application","objectType":"Application","objectId":"14aad8c6-5747-4f10-ac31-ab7a96996c2c","deletionTimestamp":null,"acceptMappedClaims":null,"addIns":[],"appId":"65249a3c-45ab-4f50-993a-52742cafef97","appRoles":[],"availableToOtherTenants":false,"displayName":"azure-cli-2018-08-03-20-22-29","errorUrl":null,"groupMembershipClaims":null,"homepage":"http://azure-cli-2018-08-03-20-22-29","identifierUris":["http://clitest000002"],"informationalUrls":{"termsOfService":null,"support":null,"privacy":null,"marketing":null},"isDeviceOnlyAuthSupported":null,"keyCredentials":[],"knownClientApplications":[],"logoutUrl":null,"logoUrl":null,"oauth2AllowIdTokenImplicitFlow":true,"oauth2AllowImplicitFlow":false,"oauth2AllowUrlPathMatching":false,"oauth2Permissions":[{"adminConsentDescription":"Allow
        the application to access azure-cli-2018-08-03-20-22-29 on behalf of the signed-in
        user.","adminConsentDisplayName":"Access azure-cli-2018-08-03-20-22-29","id":"14266b1e-739b-4149-9349-975fefdd0b39","isEnabled":true,"type":"User","userConsentDescription":"Allow
        the application to access azure-cli-2018-08-03-20-22-29 on your behalf.","userConsentDisplayName":"Access
        azure-cli-2018-08-03-20-22-29","value":"user_impersonation"}],"oauth2RequirePostResponse":false,"optionalClaims":null,"orgRestrictions":[],"parentalControlSettings":{"countriesBlockedForMinors":[],"legalAgeGroupRule":"Allow"},"passwordCredentials":[{"customKeyIdentifier":null,"endDate":"2019-08-03T20:22:29.367813Z","keyId":"7759742b-d3a1-4e12-b14f-541ae8c26f58","startDate":"2018-08-03T20:22:29.367813Z","value":null}],"publicClient":null,"publisherDomain":"microsoft.onmicrosoft.com","recordConsentConditions":null,"replyUrls":[],"requiredResourceAccess":[],"samlMetadataUrl":null,"signInAudience":"AzureADMyOrg","tokenEncryptionKeyId":null}]}'}
    headers:
      access-control-allow-origin: ['*']
      cache-control: [no-cache]
      content-length: ['2014']
      content-type: [application/json; odata=minimalmetadata; streaming=true; charset=utf-8]
      dataserviceversion: [3.0;]
      date: ['Fri, 03 Aug 2018 20:45:35 GMT']
      duration: ['837215']
      expires: ['-1']
      ocp-aad-diagnostics-server-name: [J4iPke7YPfBuYA4E3b307ck09pRqAOuzQKQ03+b041M=]
      ocp-aad-session-key: [UWHHdEdckhA429p8F562SS9NqaKN2uO5OyMv93d8StjYDogxzvYiq4nfjenwPQNnzvZcremJp83-AV7BjRO3CDAci_zpECYu2uedBdUixXBwEqb-sxc9CsoXsaKBBx2N.mI4w7I1LM5W0UKPhIzx0vJ8cBHuqk50ByDrfBZVZI2Q]
      pragma: [no-cache]
      request-id: [9458a75f-2b10-4a75-a670-503f6709ff4e]
      server: [Microsoft-IIS/10.0]
      strict-transport-security: [max-age=31536000; includeSubDomains]
      x-aspnet-version: [4.0.30319]
      x-content-type-options: [nosniff]
      x-ms-dirapi-data-contract-version: ['1.6']
      x-powered-by: [ASP.NET]
    status: {code: 200, message: OK}
- request:
    body: null
    headers:
      Accept: [application/json]
      Accept-Encoding: ['gzip, deflate']
      CommandName: [ad sp delete]
      Connection: [keep-alive]
      Content-Type: [application/json; charset=utf-8]
      User-Agent: [python/3.7.0 (Darwin-17.4.0-x86_64-i386-64bit) requests/2.19.1
          msrest/0.5.4 msrest_azure/0.4.34 azure-graphrbac/0.40.0 Azure-SDK-For-Python
          AZURECLI/2.0.43]
      accept-language: [en-US]
    method: GET
    uri: https://graph.windows.net/00000000-0000-0000-0000-000000000000/servicePrincipals?$filter=servicePrincipalNames%2Fany%28c%3Ac%20eq%20%2765249a3c-45ab-4f50-993a-52742cafef97%27%29&api-version=1.6
  response:
    body: {string: '{"odata.metadata":"https://graph.windows.net/00000000-0000-0000-0000-000000000000/$metadata#directoryObjects/Microsoft.DirectoryServices.ServicePrincipal","value":[{"odata.type":"Microsoft.DirectoryServices.ServicePrincipal","objectType":"ServicePrincipal","objectId":"f0979f93-dc79-4e2b-9103-b1cd2fc59b46","deletionTimestamp":null,"accountEnabled":true,"addIns":[],"alternativeNames":[],"appDisplayName":"azure-cli-2018-08-03-20-22-29","appId":"65249a3c-45ab-4f50-993a-52742cafef97","appOwnerTenantId":"72f988bf-86f1-41af-91ab-2d7cd011db47","appRoleAssignmentRequired":false,"appRoles":[],"displayName":"azure-cli-2018-08-03-20-22-29","errorUrl":null,"homepage":"http://azure-cli-2018-08-03-20-22-29","keyCredentials":[],"logoutUrl":null,"oauth2Permissions":[{"adminConsentDescription":"Allow
        the application to access azure-cli-2018-08-03-20-22-29 on behalf of the signed-in
        user.","adminConsentDisplayName":"Access azure-cli-2018-08-03-20-22-29","id":"14266b1e-739b-4149-9349-975fefdd0b39","isEnabled":true,"type":"User","userConsentDescription":"Allow
        the application to access azure-cli-2018-08-03-20-22-29 on your behalf.","userConsentDisplayName":"Access
        azure-cli-2018-08-03-20-22-29","value":"user_impersonation"}],"passwordCredentials":[],"preferredTokenSigningKeyThumbprint":null,"publisherName":"Microsoft","replyUrls":[],"samlMetadataUrl":null,"servicePrincipalNames":["http://clitest000002","65249a3c-45ab-4f50-993a-52742cafef97"],"servicePrincipalType":"Application","signInAudience":"AzureADMyOrg","tags":[],"tokenEncryptionKeyId":null}]}'}
    headers:
      access-control-allow-origin: ['*']
      cache-control: [no-cache]
      content-length: ['1558']
      content-type: [application/json; odata=minimalmetadata; streaming=true; charset=utf-8]
      dataserviceversion: [3.0;]
      date: ['Fri, 03 Aug 2018 20:45:35 GMT']
      duration: ['656243']
      expires: ['-1']
      ocp-aad-diagnostics-server-name: [qxvg+LgKyuIFTpm0XjmicPMsnZzmR6m/OWBxHpYTkp8=]
      ocp-aad-session-key: [Fd143qby6VFicNKOM9-SuD6_mP56HEw3EeM8gtwS9d86OPHstTHpk1NeZb49X9SQ68d_vN7DjMmxajm5pw-FO6Bi16ksZre2sdPSvlMYvO9XKQI7Tj0EBnO5iQWDjFHd.5Pn4jMDcqM7oAUC_157lOSM3FGM3URwX5UxQLt3BLBQ]
      pragma: [no-cache]
      request-id: [f704aeac-fb26-421d-a504-d6bedb637814]
      server: [Microsoft-IIS/10.0]
      strict-transport-security: [max-age=31536000; includeSubDomains]
      x-aspnet-version: [4.0.30319]
      x-content-type-options: [nosniff]
      x-ms-dirapi-data-contract-version: ['1.6']
      x-powered-by: [ASP.NET]
    status: {code: 200, message: OK}
- request:
    body: null
    headers:
      Accept: [application/json]
      Accept-Encoding: ['gzip, deflate']
      CommandName: [ad sp delete]
      Connection: [keep-alive]
      Content-Type: [application/json; charset=utf-8]
      User-Agent: [python/3.7.0 (Darwin-17.4.0-x86_64-i386-64bit) requests/2.19.1
          msrest/0.5.4 msrest_azure/0.4.34 azure-mgmt-authorization/0.50.0 Azure-SDK-For-Python
          AZURECLI/2.0.43]
      accept-language: [en-US]
    method: GET
    uri: https://management.azure.com/subscriptions/00000000-0000-0000-0000-000000000000/providers/Microsoft.Authorization/roleAssignments?$filter=principalId%20eq%20%27f0979f93-dc79-4e2b-9103-b1cd2fc59b46%27&api-version=2018-01-01-preview
  response:
    body: {string: '{"value":[]}'}
    headers:
      cache-control: [no-cache]
      content-length: ['12']
      content-type: [application/json; charset=utf-8]
      date: ['Fri, 03 Aug 2018 20:45:35 GMT']
      expires: ['-1']
      pragma: [no-cache]
      server: [Microsoft-IIS/10.0]
      set-cookie: [x-ms-gateway-slice=productionb; path=/; secure; HttpOnly]
      strict-transport-security: [max-age=31536000; includeSubDomains]
      transfer-encoding: [chunked]
      vary: [Accept-Encoding]
      x-content-type-options: [nosniff]
      x-ms-request-charge: ['1']
    status: {code: 200, message: OK}
- request:
    body: null
    headers:
      Accept: [application/json]
      Accept-Encoding: ['gzip, deflate']
      CommandName: [ad sp delete]
      Connection: [keep-alive]
      Content-Length: ['0']
      Content-Type: [application/json; charset=utf-8]
      User-Agent: [python/3.7.0 (Darwin-17.4.0-x86_64-i386-64bit) requests/2.19.1
          msrest/0.5.4 msrest_azure/0.4.34 azure-graphrbac/0.40.0 Azure-SDK-For-Python
          AZURECLI/2.0.43]
      accept-language: [en-US]
    method: DELETE
    uri: https://graph.windows.net/00000000-0000-0000-0000-000000000000/applications/14aad8c6-5747-4f10-ac31-ab7a96996c2c?api-version=1.6
  response:
    body: {string: ''}
    headers:
      access-control-allow-origin: ['*']
      cache-control: [no-cache]
      dataserviceversion: [1.0;]
      date: ['Fri, 03 Aug 2018 20:45:36 GMT']
      duration: ['4494998']
      expires: ['-1']
      ocp-aad-diagnostics-server-name: [NorBiSXbBacugIOc9PINP1SvB49TAti3iq1gEzH+f90=]
      ocp-aad-session-key: [PHJkvAa4zUxrefjBmUH5W7dOIlE2nMrlflymYm6_ZlVmZ1X7_CM2fVSgpPA6vVXRbOXMjhCsLz-CKRrUau5QjyKRuBbxh9S9n095lOxY8wdVhRTwavXFuw2GRgu7-G30tDNwGdAP3RwQeIzoKBLEsQ.zbde08LIV-PxcWOH6V3bCEsuybhgsOIuyGGyV0CgLZY]
      pragma: [no-cache]
      request-id: [2a8f1eba-a0aa-4bed-beb6-5fb4702d687e]
      server: [Microsoft-IIS/10.0]
      strict-transport-security: [max-age=31536000; includeSubDomains]
      x-aspnet-version: [4.0.30319]
      x-content-type-options: [nosniff]
      x-ms-dirapi-data-contract-version: ['1.6']
      x-powered-by: [ASP.NET]
    status: {code: 204, message: No Content}
- request:
    body: null
    headers:
      Accept: [application/json]
      Accept-Encoding: ['gzip, deflate']
      CommandName: [group delete]
      Connection: [keep-alive]
      Content-Length: ['0']
      Content-Type: [application/json; charset=utf-8]
      User-Agent: [python/3.7.0 (Darwin-17.4.0-x86_64-i386-64bit) requests/2.19.1
          msrest/0.5.4 msrest_azure/0.4.34 resourcemanagementclient/2.0.0 Azure-SDK-For-Python
          AZURECLI/2.0.43]
      accept-language: [en-US]
    method: DELETE
    uri: https://management.azure.com/subscriptions/00000000-0000-0000-0000-000000000000/resourcegroups/clitest000001?api-version=2018-05-01
  response:
    body: {string: ''}
    headers:
      cache-control: [no-cache]
      content-length: ['0']
      date: ['Fri, 03 Aug 2018 20:45:38 GMT']
      expires: ['-1']
      location: ['https://management.azure.com/subscriptions/00000000-0000-0000-0000-000000000000/operationresults/eyJqb2JJZCI6IlJFU09VUkNFR1JPVVBERUxFVElPTkpPQi1DTElURVNUSkFJQlRDNUs0UC1FQVNUVVMiLCJqb2JMb2NhdGlvbiI6ImVhc3R1cyJ9?api-version=2018-05-01']
      pragma: [no-cache]
      strict-transport-security: [max-age=31536000; includeSubDomains]
      x-content-type-options: [nosniff]
      x-ms-ratelimit-remaining-subscription-deletes: ['14999']
    status: {code: 202, message: Accepted}
version: 1
