interactions:
- request:
    body: '{"location": "eastus", "tags": {"product": "azurecli", "cause": "automation",
      "date": "2019-04-22T15:22:53Z"}}'
    headers:
      Accept:
      - application/json
      Accept-Encoding:
      - gzip, deflate
      CommandName:
      - group create
      Connection:
      - keep-alive
      Content-Length:
      - '110'
      Content-Type:
      - application/json; charset=utf-8
      ParameterSetName:
      - --location --name --tag
      User-Agent:
      - python/3.7.3 (Windows-10-10.0.17763-SP0) msrest/0.6.6 msrest_azure/0.6.0 resourcemanagementclient/2.1.0
        Azure-SDK-For-Python AZURECLI/2.0.62
      accept-language:
      - en-US
    method: PUT
    uri: https://management.azure.com/subscriptions/00000000-0000-0000-0000-000000000000/resourcegroups/clitest000001?api-version=2018-05-01
  response:
    body:
      string: '{"id":"/subscriptions/00000000-0000-0000-0000-000000000000/resourceGroups/clitest000001","name":"clitest000001","location":"eastus","tags":{"product":"azurecli","cause":"automation","date":"2019-04-22T15:22:53Z"},"properties":{"provisioningState":"Succeeded"}}'
    headers:
      cache-control:
      - no-cache
      content-length:
      - '268'
      content-type:
      - application/json; charset=utf-8
      date:
      - Mon, 22 Apr 2019 15:22:55 GMT
      expires:
      - '-1'
      pragma:
      - no-cache
      strict-transport-security:
      - max-age=31536000; includeSubDomains
      x-content-type-options:
      - nosniff
      x-ms-ratelimit-remaining-subscription-writes:
      - '1199'
    status:
      code: 201
      message: Created
- request:
    body: null
    headers:
      Accept:
      - application/json
      Accept-Encoding:
      - gzip, deflate
      CommandName:
      - ad sp create-for-rbac
      Connection:
      - keep-alive
      ParameterSetName:
      - -n --skip-assignment
      User-Agent:
      - python/3.7.3 (Windows-10-10.0.17763-SP0) msrest/0.6.6 msrest_azure/0.6.0 azure-graphrbac/0.60.0
        Azure-SDK-For-Python AZURECLI/2.0.62
      accept-language:
      - en-US
    method: GET
    uri: https://graph.windows.net/00000000-0000-0000-0000-000000000000/servicePrincipals?$filter=servicePrincipalNames%2Fany%28x%3Ax%20eq%20%27http%3A%2F%2Fclitest000002%27%29&api-version=1.6
  response:
    body:
      string: '{"odata.metadata":"https://graph.windows.net/00000000-0000-0000-0000-000000000000/$metadata#directoryObjects","value":[]}'
    headers:
      access-control-allow-origin:
      - '*'
      cache-control:
      - no-cache
      content-length:
      - '121'
      content-type:
      - application/json; odata=minimalmetadata; streaming=true; charset=utf-8
      dataserviceversion:
      - 3.0;
      date:
      - Mon, 22 Apr 2019 15:22:56 GMT
      duration:
      - '1126605'
      expires:
      - '-1'
      ocp-aad-diagnostics-server-name:
      - IAJInqPI4lKNkkjmRxlvRCo0yCEDsc0J29jSC990RR4=
      ocp-aad-session-key:
      - ZZNNogymBhg-9aBm4QUwGAHpmQohY7oRGNd_GuSNox7tpW0RkOzmFeOtEs9qEVJxagvriSOsbpNh8SLrnftMg4D-Bpv3YEDto5LF9YBO6j477eU2D4yhS622yPftX3So.lztcL2r3_ly3990mhKbWfN1dgcfw6ryAv_eO-2hKjbg
      pragma:
      - no-cache
      request-id:
      - 6e618c94-1a7a-4698-9d0b-1eca2a3a1d60
      strict-transport-security:
      - max-age=31536000; includeSubDomains
      x-aspnet-version:
      - 4.0.30319
      x-ms-dirapi-data-contract-version:
      - '1.6'
      x-powered-by:
      - ASP.NET
    status:
      code: 200
      message: OK
- request:
    body: null
    headers:
      Accept:
      - application/json
      Accept-Encoding:
      - gzip, deflate
      CommandName:
      - ad sp create-for-rbac
      Connection:
      - keep-alive
      ParameterSetName:
      - -n --skip-assignment
      User-Agent:
      - python/3.7.3 (Windows-10-10.0.17763-SP0) msrest/0.6.6 msrest_azure/0.6.0 azure-graphrbac/0.60.0
        Azure-SDK-For-Python AZURECLI/2.0.62
      accept-language:
      - en-US
    method: GET
    uri: https://graph.windows.net/00000000-0000-0000-0000-000000000000/applications?$filter=startswith%28displayName%2C%27clitest000002%27%29&api-version=1.6
  response:
    body:
      string: '{"odata.metadata":"https://graph.windows.net/00000000-0000-0000-0000-000000000000/$metadata#directoryObjects","value":[]}'
    headers:
      access-control-allow-origin:
      - '*'
      cache-control:
      - no-cache
      content-length:
      - '121'
      content-type:
      - application/json; odata=minimalmetadata; streaming=true; charset=utf-8
      dataserviceversion:
      - 3.0;
      date:
      - Mon, 22 Apr 2019 15:22:56 GMT
      duration:
      - '862907'
      expires:
      - '-1'
      ocp-aad-diagnostics-server-name:
      - 59OCHzJHCxhhT7FhpZromaJYcrmR37pzbTf89DrTXxI=
      ocp-aad-session-key:
      - WovNewdtVhvlORYEjt5NdhaAj2ddfIdleGWrj_ZmgY7pehE578wHJfCrPwGkweTiBeH1jTDr3ll4fP-MPrPEN7PvxBLy3og9_xqTyQE8pwtEyzZAcT5kZqQIrNIK5mcDNwuwVB-siJ6LQN1hOuCGeQ.Le8LyI6QOnir0QiG-hejvWiFfU6m0uZWYaw3b4xAaqk
      pragma:
      - no-cache
      request-id:
      - 958e765b-5202-4262-b1ff-51eaa1456d58
      strict-transport-security:
      - max-age=31536000; includeSubDomains
      x-aspnet-version:
      - 4.0.30319
      x-ms-dirapi-data-contract-version:
      - '1.6'
      x-powered-by:
      - ASP.NET
    status:
      code: 200
      message: OK
- request:
    body: 'b''{"availableToOtherTenants": false, "homepage": "https://clitest000002",
      "passwordCredentials": [{"startDate": "2019-04-22T15:22:56.628568Z", "endDate":
      "2020-04-22T15:22:56.628568Z", "keyId": "2796bc5d-5cb2-4fde-b8b7-dfb2d06416e6",
      "value": "219ce8c7-a36c-46a3-b641-bc9d0b310049", "customKeyIdentifier": "//5yAGIAYQBjAA=="}],
      "displayName": "clitest000002", "identifierUris": ["http://clitest000002"]}'''
    headers:
      Accept:
      - application/json
      Accept-Encoding:
      - gzip, deflate
      CommandName:
      - ad sp create-for-rbac
      Connection:
      - keep-alive
      Content-Length:
      - '434'
      Content-Type:
      - application/json; charset=utf-8
      ParameterSetName:
      - -n --skip-assignment
      User-Agent:
      - python/3.7.3 (Windows-10-10.0.17763-SP0) msrest/0.6.6 msrest_azure/0.6.0 azure-graphrbac/0.60.0
        Azure-SDK-For-Python AZURECLI/2.0.62
      accept-language:
      - en-US
    method: POST
    uri: https://graph.windows.net/00000000-0000-0000-0000-000000000000/applications?api-version=1.6
  response:
    body:
      string: '{"odata.metadata":"https://graph.windows.net/00000000-0000-0000-0000-000000000000/$metadata#directoryObjects/@Element","odata.type":"Microsoft.DirectoryServices.Application","objectType":"Application","objectId":"bef4667c-01c4-4b83-a1a6-17179ad469e0","deletionTimestamp":null,"acceptMappedClaims":null,"addIns":[],"appId":"7ec3a0f9-0ef1-4b01-bee0-83d5bf273f89","applicationTemplateId":null,"appRoles":[],"availableToOtherTenants":false,"displayName":"clitest000002","errorUrl":null,"groupMembershipClaims":null,"homepage":"https://clitest000002","identifierUris":["http://clitest000002"],"informationalUrls":{"termsOfService":null,"support":null,"privacy":null,"marketing":null},"isDeviceOnlyAuthSupported":null,"keyCredentials":[],"knownClientApplications":[],"logoutUrl":null,"logo@odata.mediaEditLink":"directoryObjects/bef4667c-01c4-4b83-a1a6-17179ad469e0/Microsoft.DirectoryServices.Application/logo","logo@odata.mediaContentType":"application/json;odata=minimalmetadata;
        charset=utf-8","logoUrl":null,"mainLogo@odata.mediaEditLink":"directoryObjects/bef4667c-01c4-4b83-a1a6-17179ad469e0/Microsoft.DirectoryServices.Application/mainLogo","oauth2AllowIdTokenImplicitFlow":true,"oauth2AllowImplicitFlow":false,"oauth2AllowUrlPathMatching":false,"oauth2Permissions":[{"adminConsentDescription":"Allow
        the application to access clitest000002 on behalf of the signed-in user.","adminConsentDisplayName":"Access
        clitest000002","id":"58ecb7b7-ce1a-4793-99cc-344d5cbb7131","isEnabled":true,"type":"User","userConsentDescription":"Allow
        the application to access clitest000002 on your behalf.","userConsentDisplayName":"Access
        clitest000002","value":"user_impersonation"}],"oauth2RequirePostResponse":false,"optionalClaims":null,"orgRestrictions":[],"parentalControlSettings":{"countriesBlockedForMinors":[],"legalAgeGroupRule":"Allow"},"passwordCredentials":[{"customKeyIdentifier":"//5yAGIAYQBjAA==","endDate":"2020-04-22T15:22:56.628568Z","keyId":"2796bc5d-5cb2-4fde-b8b7-dfb2d06416e6","startDate":"2019-04-22T15:22:56.628568Z","value":null}],"publicClient":null,"publisherDomain":"AzureSDKTeam.onmicrosoft.com","recordConsentConditions":null,"replyUrls":[],"requiredResourceAccess":[],"samlMetadataUrl":null,"signInAudience":"AzureADMyOrg","tokenEncryptionKeyId":null}'
    headers:
      access-control-allow-origin:
      - '*'
      cache-control:
      - no-cache
      content-length:
      - '2345'
      content-type:
      - application/json; odata=minimalmetadata; streaming=true; charset=utf-8
      dataserviceversion:
      - 3.0;
      date:
      - Mon, 22 Apr 2019 15:22:56 GMT
      duration:
      - '2560545'
      expires:
      - '-1'
      location:
      - https://graph.windows.net/00000000-0000-0000-0000-000000000000/directoryObjects/bef4667c-01c4-4b83-a1a6-17179ad469e0/Microsoft.DirectoryServices.Application
      ocp-aad-diagnostics-server-name:
      - 6xA2684Cj65PUshjMtOaUZ8uUmQDbXvvhx+F3BqrgRE=
      ocp-aad-session-key:
      - ghRSSJXjY8Tb0PRGAKRSP8K_6kmVVkYkhWhkURx2r1HME91vfA3dMCdWZBTgVAkG5wbTc11gRTVmSXsNcnRSDdNrgWqYw62Xr6b6yaSmoFUyTP-zg2VEF_MgfP0m9r-yoHIJccEfbIbi06V1-_b-Pg.mQSzD3n_wSQT4B8n_n6z0AaTpbOpqyynei8Dru3Yonw
      pragma:
      - no-cache
      request-id:
      - a4b9fe24-ee93-476a-9ceb-39d2b95eccaf
      strict-transport-security:
      - max-age=31536000; includeSubDomains
      x-aspnet-version:
      - 4.0.30319
      x-ms-dirapi-data-contract-version:
      - '1.6'
      x-powered-by:
      - ASP.NET
    status:
      code: 201
      message: Created
- request:
    body: '{"accountEnabled": "True", "appId": "7ec3a0f9-0ef1-4b01-bee0-83d5bf273f89"}'
    headers:
      Accept:
      - application/json
      Accept-Encoding:
      - gzip, deflate
      CommandName:
      - ad sp create-for-rbac
      Connection:
      - keep-alive
      Content-Length:
      - '75'
      Content-Type:
      - application/json; charset=utf-8
      ParameterSetName:
      - -n --skip-assignment
      User-Agent:
      - python/3.7.3 (Windows-10-10.0.17763-SP0) msrest/0.6.6 msrest_azure/0.6.0 azure-graphrbac/0.60.0
        Azure-SDK-For-Python AZURECLI/2.0.62
      accept-language:
      - en-US
    method: POST
    uri: https://graph.windows.net/00000000-0000-0000-0000-000000000000/servicePrincipals?api-version=1.6
  response:
    body:
      string: '{"odata.metadata":"https://graph.windows.net/00000000-0000-0000-0000-000000000000/$metadata#directoryObjects/@Element","odata.type":"Microsoft.DirectoryServices.ServicePrincipal","objectType":"ServicePrincipal","objectId":"7e7947f8-22a3-47d5-8bc9-ef57438b4bbb","deletionTimestamp":null,"accountEnabled":true,"addIns":[],"alternativeNames":[],"appDisplayName":"clitest000002","appId":"7ec3a0f9-0ef1-4b01-bee0-83d5bf273f89","applicationTemplateId":null,"appOwnerTenantId":"54826b22-38d6-4fb2-bad9-b7b93a3e9c5a","appRoleAssignmentRequired":false,"appRoles":[],"displayName":"clitest000002","errorUrl":null,"homepage":"https://clitest000002","informationalUrls":{"termsOfService":null,"support":null,"privacy":null,"marketing":null},"keyCredentials":[],"logoutUrl":null,"notificationEmailAddresses":[],"oauth2Permissions":[{"adminConsentDescription":"Allow
        the application to access clitest000002 on behalf of the signed-in user.","adminConsentDisplayName":"Access
        clitest000002","id":"58ecb7b7-ce1a-4793-99cc-344d5cbb7131","isEnabled":true,"type":"User","userConsentDescription":"Allow
        the application to access clitest000002 on your behalf.","userConsentDisplayName":"Access
        clitest000002","value":"user_impersonation"}],"passwordCredentials":[],"preferredSingleSignOnMode":null,"preferredTokenSigningKeyEndDateTime":null,"preferredTokenSigningKeyThumbprint":null,"publisherName":"AzureSDKTeam","replyUrls":[],"samlMetadataUrl":null,"samlSingleSignOnSettings":null,"servicePrincipalNames":["7ec3a0f9-0ef1-4b01-bee0-83d5bf273f89","http://clitest000002"],"servicePrincipalType":"Application","signInAudience":"AzureADMyOrg","tags":[],"tokenEncryptionKeyId":null}'
    headers:
      access-control-allow-origin:
      - '*'
      cache-control:
      - no-cache
      content-length:
      - '1746'
      content-type:
      - application/json; odata=minimalmetadata; streaming=true; charset=utf-8
      dataserviceversion:
      - 3.0;
      date:
      - Mon, 22 Apr 2019 15:22:57 GMT
      duration:
      - '1664166'
      expires:
      - '-1'
      location:
      - https://graph.windows.net/00000000-0000-0000-0000-000000000000/directoryObjects/7e7947f8-22a3-47d5-8bc9-ef57438b4bbb/Microsoft.DirectoryServices.ServicePrincipal
      ocp-aad-diagnostics-server-name:
      - TJe6MFynSFyAmJNhaN8aNaZ14HLvl6p1KI20CCDX1+8=
      ocp-aad-session-key:
      - Mzexp4KROtnihFAfaYrIhhmw2pvgLmPVuEWVGTPtdc3yzLzuhaEclqYVrKOtbOiYhKJPn-snHtNN3eiZA2g_Xc63M8meld_XyXu8s1PCh_XQbKlG9y0UPlFC_a4FgjzdCxuWTjuEVp-e4_8xO0UeWQ.rk8rW_dbyz1sVSmgJi-5MmE9DyryAAJxAGE-xkNjOm8
      pragma:
      - no-cache
      request-id:
      - a552f465-7b51-4e4b-a2cf-27141c576333
      strict-transport-security:
      - max-age=31536000; includeSubDomains
      x-aspnet-version:
      - 4.0.30319
      x-ms-dirapi-data-contract-version:
      - '1.6'
      x-powered-by:
      - ASP.NET
    status:
      code: 201
      message: Created
- request:
    body: null
    headers:
      Accept:
      - application/json
      Accept-Encoding:
      - gzip, deflate
      CommandName:
      - network vnet create
      Connection:
      - keep-alive
      ParameterSetName:
      - -n -g --address-prefix --subnet-name --subnet-prefix
      User-Agent:
      - python/3.7.3 (Windows-10-10.0.17763-SP0) msrest/0.6.6 msrest_azure/0.6.0 resourcemanagementclient/2.1.0
        Azure-SDK-For-Python AZURECLI/2.0.62
      accept-language:
      - en-US
    method: GET
    uri: https://management.azure.com/subscriptions/00000000-0000-0000-0000-000000000000/resourcegroups/clitest000001?api-version=2018-05-01
  response:
    body:
      string: '{"id":"/subscriptions/00000000-0000-0000-0000-000000000000/resourceGroups/clitest000001","name":"clitest000001","location":"eastus","tags":{"product":"azurecli","cause":"automation","date":"2019-04-22T15:22:53Z"},"properties":{"provisioningState":"Succeeded"}}'
    headers:
      cache-control:
      - no-cache
      content-length:
      - '268'
      content-type:
      - application/json; charset=utf-8
      date:
      - Mon, 22 Apr 2019 15:22:57 GMT
      expires:
      - '-1'
      pragma:
      - no-cache
      strict-transport-security:
      - max-age=31536000; includeSubDomains
      vary:
      - Accept-Encoding
      x-content-type-options:
      - nosniff
    status:
      code: 200
      message: OK
- request:
    body: 'b''{"location": "eastus", "tags": {}, "properties": {"addressSpace": {"addressPrefixes":
      ["192.168.0.0/16"]}, "dhcpOptions": {}, "subnets": [{"properties": {"addressPrefix":
      "192.168.0.0/24"}, "name": "clisubnet000005"}]}}'''
    headers:
      Accept:
      - application/json
      Accept-Encoding:
      - gzip, deflate
      CommandName:
      - network vnet create
      Connection:
      - keep-alive
      Content-Length:
      - '220'
      Content-Type:
      - application/json; charset=utf-8
      ParameterSetName:
      - -n -g --address-prefix --subnet-name --subnet-prefix
      User-Agent:
      - python/3.7.3 (Windows-10-10.0.17763-SP0) msrest/0.6.6 msrest_azure/0.6.0 networkmanagementclient/2.6.0
        Azure-SDK-For-Python AZURECLI/2.0.62
      accept-language:
      - en-US
    method: PUT
    uri: https://management.azure.com/subscriptions/00000000-0000-0000-0000-000000000000/resourceGroups/clitest000001/providers/Microsoft.Network/virtualNetworks/clivnet000004?api-version=2019-02-01
  response:
    body:
      string: "{\r\n  \"name\": \"clivnet000004\",\r\n  \"id\": \"/subscriptions/00000000-0000-0000-0000-000000000000/resourceGroups/clitest000001/providers/Microsoft.Network/virtualNetworks/clivnet000004\",\r\n
        \ \"etag\": \"W/\\\"9ac9e822-d22e-4d72-891c-95e824405952\\\"\",\r\n  \"type\":
        \"Microsoft.Network/virtualNetworks\",\r\n  \"location\": \"eastus\",\r\n
        \ \"tags\": {},\r\n  \"properties\": {\r\n    \"provisioningState\": \"Updating\",\r\n
        \   \"resourceGuid\": \"131c492b-8995-4c89-a7f0-af97fafd4eba\",\r\n    \"addressSpace\":
        {\r\n      \"addressPrefixes\": [\r\n        \"192.168.0.0/16\"\r\n      ]\r\n
        \   },\r\n    \"dhcpOptions\": {\r\n      \"dnsServers\": []\r\n    },\r\n
        \   \"subnets\": [\r\n      {\r\n        \"name\": \"clisubnet000005\",\r\n
        \       \"id\": \"/subscriptions/00000000-0000-0000-0000-000000000000/resourceGroups/clitest000001/providers/Microsoft.Network/virtualNetworks/clivnet000004/subnets/clisubnet000005\",\r\n
        \       \"etag\": \"W/\\\"9ac9e822-d22e-4d72-891c-95e824405952\\\"\",\r\n
        \       \"properties\": {\r\n          \"provisioningState\": \"Updating\",\r\n
        \         \"addressPrefix\": \"192.168.0.0/24\",\r\n          \"delegations\":
        []\r\n        },\r\n        \"type\": \"Microsoft.Network/virtualNetworks/subnets\"\r\n
        \     }\r\n    ],\r\n    \"virtualNetworkPeerings\": [],\r\n    \"enableDdosProtection\":
        false,\r\n    \"enableVmProtection\": false\r\n  }\r\n}"
    headers:
      azure-asyncoperation:
      - https://management.azure.com/subscriptions/00000000-0000-0000-0000-000000000000/providers/Microsoft.Network/locations/eastus/operations/cfc1ceac-19f2-4be9-a3e2-165b4f7fddd9?api-version=2019-02-01
      cache-control:
      - no-cache
      content-length:
      - '1263'
      content-type:
      - application/json; charset=utf-8
      date:
      - Mon, 22 Apr 2019 15:22:59 GMT
      expires:
      - '-1'
      pragma:
      - no-cache
      server:
      - Microsoft-HTTPAPI/2.0
      - Microsoft-HTTPAPI/2.0
      strict-transport-security:
      - max-age=31536000; includeSubDomains
      x-content-type-options:
      - nosniff
      x-ms-ratelimit-remaining-subscription-writes:
      - '1199'
    status:
      code: 201
      message: Created
- request:
    body: null
    headers:
      Accept:
      - application/json
      Accept-Encoding:
      - gzip, deflate
      CommandName:
      - network vnet create
      Connection:
      - keep-alive
      ParameterSetName:
      - -n -g --address-prefix --subnet-name --subnet-prefix
      User-Agent:
      - python/3.7.3 (Windows-10-10.0.17763-SP0) msrest/0.6.6 msrest_azure/0.6.0 networkmanagementclient/2.6.0
        Azure-SDK-For-Python AZURECLI/2.0.62
    method: GET
    uri: https://management.azure.com/subscriptions/00000000-0000-0000-0000-000000000000/providers/Microsoft.Network/locations/eastus/operations/cfc1ceac-19f2-4be9-a3e2-165b4f7fddd9?api-version=2019-02-01
  response:
    body:
      string: "{\r\n  \"status\": \"InProgress\"\r\n}"
    headers:
      cache-control:
      - no-cache
      content-length:
      - '30'
      content-type:
      - application/json; charset=utf-8
      date:
      - Mon, 22 Apr 2019 15:23:03 GMT
      expires:
      - '-1'
      pragma:
      - no-cache
      server:
      - Microsoft-HTTPAPI/2.0
      - Microsoft-HTTPAPI/2.0
      strict-transport-security:
      - max-age=31536000; includeSubDomains
      transfer-encoding:
      - chunked
      vary:
      - Accept-Encoding
      x-content-type-options:
      - nosniff
    status:
      code: 200
      message: OK
- request:
    body: null
    headers:
      Accept:
      - application/json
      Accept-Encoding:
      - gzip, deflate
      CommandName:
      - network vnet create
      Connection:
      - keep-alive
      ParameterSetName:
      - -n -g --address-prefix --subnet-name --subnet-prefix
      User-Agent:
      - python/3.7.3 (Windows-10-10.0.17763-SP0) msrest/0.6.6 msrest_azure/0.6.0 networkmanagementclient/2.6.0
        Azure-SDK-For-Python AZURECLI/2.0.62
    method: GET
    uri: https://management.azure.com/subscriptions/00000000-0000-0000-0000-000000000000/providers/Microsoft.Network/locations/eastus/operations/cfc1ceac-19f2-4be9-a3e2-165b4f7fddd9?api-version=2019-02-01
  response:
    body:
      string: "{\r\n  \"status\": \"Succeeded\"\r\n}"
    headers:
      cache-control:
      - no-cache
      content-length:
      - '29'
      content-type:
      - application/json; charset=utf-8
      date:
      - Mon, 22 Apr 2019 15:23:13 GMT
      expires:
      - '-1'
      pragma:
      - no-cache
      server:
      - Microsoft-HTTPAPI/2.0
      - Microsoft-HTTPAPI/2.0
      strict-transport-security:
      - max-age=31536000; includeSubDomains
      transfer-encoding:
      - chunked
      vary:
      - Accept-Encoding
      x-content-type-options:
      - nosniff
    status:
      code: 200
      message: OK
- request:
    body: null
    headers:
      Accept:
      - application/json
      Accept-Encoding:
      - gzip, deflate
      CommandName:
      - network vnet create
      Connection:
      - keep-alive
      ParameterSetName:
      - -n -g --address-prefix --subnet-name --subnet-prefix
      User-Agent:
      - python/3.7.3 (Windows-10-10.0.17763-SP0) msrest/0.6.6 msrest_azure/0.6.0 networkmanagementclient/2.6.0
        Azure-SDK-For-Python AZURECLI/2.0.62
    method: GET
    uri: https://management.azure.com/subscriptions/00000000-0000-0000-0000-000000000000/resourceGroups/clitest000001/providers/Microsoft.Network/virtualNetworks/clivnet000004?api-version=2019-02-01
  response:
    body:
      string: "{\r\n  \"name\": \"clivnet000004\",\r\n  \"id\": \"/subscriptions/00000000-0000-0000-0000-000000000000/resourceGroups/clitest000001/providers/Microsoft.Network/virtualNetworks/clivnet000004\",\r\n
        \ \"etag\": \"W/\\\"0d8de3c2-6cf8-4173-9e39-5cfdee8d94e7\\\"\",\r\n  \"type\":
        \"Microsoft.Network/virtualNetworks\",\r\n  \"location\": \"eastus\",\r\n
        \ \"tags\": {},\r\n  \"properties\": {\r\n    \"provisioningState\": \"Succeeded\",\r\n
        \   \"resourceGuid\": \"131c492b-8995-4c89-a7f0-af97fafd4eba\",\r\n    \"addressSpace\":
        {\r\n      \"addressPrefixes\": [\r\n        \"192.168.0.0/16\"\r\n      ]\r\n
        \   },\r\n    \"dhcpOptions\": {\r\n      \"dnsServers\": []\r\n    },\r\n
        \   \"subnets\": [\r\n      {\r\n        \"name\": \"clisubnet000005\",\r\n
        \       \"id\": \"/subscriptions/00000000-0000-0000-0000-000000000000/resourceGroups/clitest000001/providers/Microsoft.Network/virtualNetworks/clivnet000004/subnets/clisubnet000005\",\r\n
        \       \"etag\": \"W/\\\"0d8de3c2-6cf8-4173-9e39-5cfdee8d94e7\\\"\",\r\n
        \       \"properties\": {\r\n          \"provisioningState\": \"Succeeded\",\r\n
        \         \"addressPrefix\": \"192.168.0.0/24\",\r\n          \"delegations\":
        []\r\n        },\r\n        \"type\": \"Microsoft.Network/virtualNetworks/subnets\"\r\n
        \     }\r\n    ],\r\n    \"virtualNetworkPeerings\": [],\r\n    \"enableDdosProtection\":
        false,\r\n    \"enableVmProtection\": false\r\n  }\r\n}"
    headers:
      cache-control:
      - no-cache
      content-length:
      - '1265'
      content-type:
      - application/json; charset=utf-8
      date:
      - Mon, 22 Apr 2019 15:23:13 GMT
      etag:
      - W/"0d8de3c2-6cf8-4173-9e39-5cfdee8d94e7"
      expires:
      - '-1'
      pragma:
      - no-cache
      server:
      - Microsoft-HTTPAPI/2.0
      - Microsoft-HTTPAPI/2.0
      strict-transport-security:
      - max-age=31536000; includeSubDomains
      transfer-encoding:
      - chunked
      vary:
      - Accept-Encoding
      x-content-type-options:
      - nosniff
    status:
      code: 200
      message: OK
- request:
    body: null
    headers:
      Accept:
      - application/json
      Accept-Encoding:
      - gzip, deflate
      CommandName:
      - aks create
      Connection:
      - keep-alive
      ParameterSetName:
      - --resource-group --name --location --node-count --service-principal --client-secret
        --vnet-subnet-id --skip-subnet-role-assignment --no-ssh-key
      User-Agent:
      - python/3.7.3 (Windows-10-10.0.17763-SP0) msrest/0.6.6 msrest_azure/0.6.0 resourcemanagementclient/2.1.0
        Azure-SDK-For-Python AZURECLI/2.0.62
      accept-language:
      - en-US
    method: GET
    uri: https://management.azure.com/subscriptions/00000000-0000-0000-0000-000000000000/resourcegroups/clitest000001?api-version=2018-05-01
  response:
    body:
      string: '{"id":"/subscriptions/00000000-0000-0000-0000-000000000000/resourceGroups/clitest000001","name":"clitest000001","location":"eastus","tags":{"product":"azurecli","cause":"automation","date":"2019-04-22T15:22:53Z"},"properties":{"provisioningState":"Succeeded"}}'
    headers:
      cache-control:
      - no-cache
      content-length:
      - '268'
      content-type:
      - application/json; charset=utf-8
      date:
      - Mon, 22 Apr 2019 15:23:14 GMT
      expires:
      - '-1'
      pragma:
      - no-cache
      strict-transport-security:
      - max-age=31536000; includeSubDomains
      vary:
      - Accept-Encoding
      x-content-type-options:
      - nosniff
    status:
      code: 200
      message: OK
- request:
    body: 'b''b\''b\\\''b\\\\\\\''{"location": "eastus", "properties": {"kubernetesVersion":
      "", "dnsPrefix": "cliakstest-clitestvsm64ax2y-0b1f64", "agentPoolProfiles":
      [{"name": "nodepool1", "count": 1, "vmSize": "Standard_DS2_v2", "vnetSubnetID":
      "/subscriptions/00000000-0000-0000-0000-000000000000/resourceGroups/clitest000001/providers/Microsoft.Network/virtualNetworks/clivnet000004/subnets/clisubnet000005",
      "osType": "Linux"}], "servicePrincipalProfile": {"clientId": "clitest000002",
      "secret": "219ce8c7-a36c-46a3-b641-bc9d0b310049"}, "addonProfiles": {}, "enableRBAC":
      true}}\\\\\\\''\\\''\'''''
    headers:
      Accept:
      - application/json
      Accept-Encoding:
      - gzip, deflate
      CommandName:
      - aks create
      Connection:
      - keep-alive
      Content-Length:
      - '570'
      Content-Type:
      - application/json; charset=utf-8
      ParameterSetName:
      - --resource-group --name --location --node-count --service-principal --client-secret
        --vnet-subnet-id --skip-subnet-role-assignment --no-ssh-key
      User-Agent:
      - python/3.7.3 (Windows-10-10.0.17763-SP0) msrest/0.6.6 msrest_azure/0.6.0 azure-mgmt-containerservice/4.4.0
        Azure-SDK-For-Python AZURECLI/2.0.62
      accept-language:
      - en-US
    method: PUT
    uri: https://management.azure.com/subscriptions/00000000-0000-0000-0000-000000000000/resourceGroups/clitest000001/providers/Microsoft.ContainerService/managedClusters/cliakstest000003?api-version=2018-03-31
  response:
    body:
      string: "{\n  \"code\": \"ServicePrincipalNotFound\",\n  \"message\": \"Service
        principal clientID: clitest000002 not found in Active Directory tenant 54826b22-38d6-4fb2-bad9-b7b93a3e9c5a,
        Please see https://aka.ms/aks-sp-help for more details.\"\n }"
    headers:
      cache-control:
      - no-cache
      content-length:
      - '241'
      content-type:
      - application/json
      date:
      - Mon, 22 Apr 2019 15:23:35 GMT
      expires:
      - '-1'
      pragma:
      - no-cache
      server:
      - nginx
      strict-transport-security:
      - max-age=31536000; includeSubDomains
      x-content-type-options:
      - nosniff
      x-ms-ratelimit-remaining-subscription-writes:
      - '1198'
    status:
      code: 400
      message: Bad Request
- request:
    body: 'b''b\''b\\\''b\\\\\\\''{"location": "eastus", "properties": {"kubernetesVersion":
      "", "dnsPrefix": "cliakstest-clitestvsm64ax2y-0b1f64", "agentPoolProfiles":
      [{"name": "nodepool1", "count": 1, "vmSize": "Standard_DS2_v2", "vnetSubnetID":
      "/subscriptions/00000000-0000-0000-0000-000000000000/resourceGroups/clitest000001/providers/Microsoft.Network/virtualNetworks/clivnet000004/subnets/clisubnet000005",
      "osType": "Linux"}], "servicePrincipalProfile": {"clientId": "clitest000002",
      "secret": "219ce8c7-a36c-46a3-b641-bc9d0b310049"}, "addonProfiles": {}, "enableRBAC":
      true}}\\\\\\\''\\\''\'''''
    headers:
      Accept:
      - application/json
      Accept-Encoding:
      - gzip, deflate
      CommandName:
      - aks create
      Connection:
      - keep-alive
      Content-Length:
      - '570'
      Content-Type:
      - application/json; charset=utf-8
      ParameterSetName:
      - --resource-group --name --location --node-count --service-principal --client-secret
        --vnet-subnet-id --skip-subnet-role-assignment --no-ssh-key
      User-Agent:
      - python/3.7.3 (Windows-10-10.0.17763-SP0) msrest/0.6.6 msrest_azure/0.6.0 azure-mgmt-containerservice/4.4.0
        Azure-SDK-For-Python AZURECLI/2.0.62
      accept-language:
      - en-US
    method: PUT
    uri: https://management.azure.com/subscriptions/00000000-0000-0000-0000-000000000000/resourceGroups/clitest000001/providers/Microsoft.ContainerService/managedClusters/cliakstest000003?api-version=2018-03-31
  response:
    body:
      string: "{\n  \"code\": \"ServicePrincipalNotFound\",\n  \"message\": \"Service
        principal clientID: clitest000002 not found in Active Directory tenant 54826b22-38d6-4fb2-bad9-b7b93a3e9c5a,
        Please see https://aka.ms/aks-sp-help for more details.\"\n }"
    headers:
      cache-control:
      - no-cache
      content-length:
      - '241'
      content-type:
      - application/json
      date:
      - Mon, 22 Apr 2019 15:23:59 GMT
      expires:
      - '-1'
      pragma:
      - no-cache
      server:
      - nginx
      strict-transport-security:
      - max-age=31536000; includeSubDomains
      x-content-type-options:
      - nosniff
      x-ms-ratelimit-remaining-subscription-writes:
      - '1198'
    status:
      code: 400
      message: Bad Request
- request:
    body: 'b''b\''b\\\''b\\\\\\\''{"location": "eastus", "properties": {"kubernetesVersion":
      "", "dnsPrefix": "cliakstest-clitestvsm64ax2y-0b1f64", "agentPoolProfiles":
      [{"name": "nodepool1", "count": 1, "vmSize": "Standard_DS2_v2", "vnetSubnetID":
      "/subscriptions/00000000-0000-0000-0000-000000000000/resourceGroups/clitest000001/providers/Microsoft.Network/virtualNetworks/clivnet000004/subnets/clisubnet000005",
      "osType": "Linux"}], "servicePrincipalProfile": {"clientId": "clitest000002",
      "secret": "219ce8c7-a36c-46a3-b641-bc9d0b310049"}, "addonProfiles": {}, "enableRBAC":
      true}}\\\\\\\''\\\''\'''''
    headers:
      Accept:
      - application/json
      Accept-Encoding:
      - gzip, deflate
      CommandName:
      - aks create
      Connection:
      - keep-alive
      Content-Length:
      - '570'
      Content-Type:
      - application/json; charset=utf-8
      ParameterSetName:
      - --resource-group --name --location --node-count --service-principal --client-secret
        --vnet-subnet-id --skip-subnet-role-assignment --no-ssh-key
      User-Agent:
      - python/3.7.3 (Windows-10-10.0.17763-SP0) msrest/0.6.6 msrest_azure/0.6.0 azure-mgmt-containerservice/4.4.0
        Azure-SDK-For-Python AZURECLI/2.0.62
      accept-language:
      - en-US
    method: PUT
    uri: https://management.azure.com/subscriptions/00000000-0000-0000-0000-000000000000/resourceGroups/clitest000001/providers/Microsoft.ContainerService/managedClusters/cliakstest000003?api-version=2018-03-31
  response:
    body:
      string: "{\n  \"code\": \"ServicePrincipalNotFound\",\n  \"message\": \"Service
        principal clientID: clitest000002 not found in Active Directory tenant 54826b22-38d6-4fb2-bad9-b7b93a3e9c5a,
        Please see https://aka.ms/aks-sp-help for more details.\"\n }"
    headers:
      cache-control:
      - no-cache
      content-length:
      - '241'
      content-type:
      - application/json
      date:
      - Mon, 22 Apr 2019 15:24:20 GMT
      expires:
      - '-1'
      pragma:
      - no-cache
      server:
      - nginx
      strict-transport-security:
      - max-age=31536000; includeSubDomains
      x-content-type-options:
      - nosniff
      x-ms-ratelimit-remaining-subscription-writes:
      - '1199'
    status:
      code: 400
      message: Bad Request
- request:
    body: 'b''b\''b\\\''b\\\\\\\''{"location": "eastus", "properties": {"kubernetesVersion":
      "", "dnsPrefix": "cliakstest-clitestvsm64ax2y-0b1f64", "agentPoolProfiles":
      [{"name": "nodepool1", "count": 1, "vmSize": "Standard_DS2_v2", "vnetSubnetID":
      "/subscriptions/00000000-0000-0000-0000-000000000000/resourceGroups/clitest000001/providers/Microsoft.Network/virtualNetworks/clivnet000004/subnets/clisubnet000005",
      "osType": "Linux"}], "servicePrincipalProfile": {"clientId": "clitest000002",
      "secret": "219ce8c7-a36c-46a3-b641-bc9d0b310049"}, "addonProfiles": {}, "enableRBAC":
      true}}\\\\\\\''\\\''\'''''
    headers:
      Accept:
      - application/json
      Accept-Encoding:
      - gzip, deflate
      CommandName:
      - aks create
      Connection:
      - keep-alive
      Content-Length:
      - '570'
      Content-Type:
      - application/json; charset=utf-8
      ParameterSetName:
      - --resource-group --name --location --node-count --service-principal --client-secret
        --vnet-subnet-id --skip-subnet-role-assignment --no-ssh-key
      User-Agent:
      - python/3.7.3 (Windows-10-10.0.17763-SP0) msrest/0.6.6 msrest_azure/0.6.0 azure-mgmt-containerservice/4.4.0
        Azure-SDK-For-Python AZURECLI/2.0.62
      accept-language:
      - en-US
    method: PUT
    uri: https://management.azure.com/subscriptions/00000000-0000-0000-0000-000000000000/resourceGroups/clitest000001/providers/Microsoft.ContainerService/managedClusters/cliakstest000003?api-version=2018-03-31
  response:
    body:
      string: "{\n  \"code\": \"ServicePrincipalNotFound\",\n  \"message\": \"Service
        principal clientID: clitest000002 not found in Active Directory tenant 54826b22-38d6-4fb2-bad9-b7b93a3e9c5a,
        Please see https://aka.ms/aks-sp-help for more details.\"\n }"
    headers:
      cache-control:
      - no-cache
      content-length:
      - '241'
      content-type:
      - application/json
      date:
      - Mon, 22 Apr 2019 15:24:45 GMT
      expires:
      - '-1'
      pragma:
      - no-cache
      server:
      - nginx
      strict-transport-security:
      - max-age=31536000; includeSubDomains
      x-content-type-options:
      - nosniff
      x-ms-ratelimit-remaining-subscription-writes:
      - '1197'
    status:
      code: 400
      message: Bad Request
- request:
    body: 'b''b\''b\\\''b\\\\\\\''{"location": "eastus", "properties": {"kubernetesVersion":
      "", "dnsPrefix": "cliakstest-clitestvsm64ax2y-0b1f64", "agentPoolProfiles":
      [{"name": "nodepool1", "count": 1, "vmSize": "Standard_DS2_v2", "vnetSubnetID":
      "/subscriptions/00000000-0000-0000-0000-000000000000/resourceGroups/clitest000001/providers/Microsoft.Network/virtualNetworks/clivnet000004/subnets/clisubnet000005",
      "osType": "Linux"}], "servicePrincipalProfile": {"clientId": "clitest000002",
      "secret": "219ce8c7-a36c-46a3-b641-bc9d0b310049"}, "addonProfiles": {}, "enableRBAC":
      true}}\\\\\\\''\\\''\'''''
    headers:
      Accept:
      - application/json
      Accept-Encoding:
      - gzip, deflate
      CommandName:
      - aks create
      Connection:
      - keep-alive
      Content-Length:
      - '570'
      Content-Type:
      - application/json; charset=utf-8
      ParameterSetName:
      - --resource-group --name --location --node-count --service-principal --client-secret
        --vnet-subnet-id --skip-subnet-role-assignment --no-ssh-key
      User-Agent:
      - python/3.7.3 (Windows-10-10.0.17763-SP0) msrest/0.6.6 msrest_azure/0.6.0 azure-mgmt-containerservice/4.4.0
        Azure-SDK-For-Python AZURECLI/2.0.62
      accept-language:
      - en-US
    method: PUT
    uri: https://management.azure.com/subscriptions/00000000-0000-0000-0000-000000000000/resourceGroups/clitest000001/providers/Microsoft.ContainerService/managedClusters/cliakstest000003?api-version=2018-03-31
  response:
    body:
      string: "{\n  \"code\": \"ServicePrincipalNotFound\",\n  \"message\": \"Service
        principal clientID: clitest000002 not found in Active Directory tenant 54826b22-38d6-4fb2-bad9-b7b93a3e9c5a,
        Please see https://aka.ms/aks-sp-help for more details.\"\n }"
    headers:
      cache-control:
      - no-cache
      content-length:
      - '241'
      content-type:
      - application/json
      date:
      - Mon, 22 Apr 2019 15:25:08 GMT
      expires:
      - '-1'
      pragma:
      - no-cache
      server:
      - nginx
      strict-transport-security:
      - max-age=31536000; includeSubDomains
      x-content-type-options:
      - nosniff
      x-ms-ratelimit-remaining-subscription-writes:
      - '1197'
    status:
      code: 400
      message: Bad Request
- request:
    body: 'b''b\''b\\\''b\\\\\\\''{"location": "eastus", "properties": {"kubernetesVersion":
      "", "dnsPrefix": "cliakstest-clitestvsm64ax2y-0b1f64", "agentPoolProfiles":
      [{"name": "nodepool1", "count": 1, "vmSize": "Standard_DS2_v2", "vnetSubnetID":
      "/subscriptions/00000000-0000-0000-0000-000000000000/resourceGroups/clitest000001/providers/Microsoft.Network/virtualNetworks/clivnet000004/subnets/clisubnet000005",
      "osType": "Linux"}], "servicePrincipalProfile": {"clientId": "clitest000002",
      "secret": "219ce8c7-a36c-46a3-b641-bc9d0b310049"}, "addonProfiles": {}, "enableRBAC":
      true}}\\\\\\\''\\\''\'''''
    headers:
      Accept:
      - application/json
      Accept-Encoding:
      - gzip, deflate
      CommandName:
      - aks create
      Connection:
      - keep-alive
      Content-Length:
      - '570'
      Content-Type:
      - application/json; charset=utf-8
      ParameterSetName:
      - --resource-group --name --location --node-count --service-principal --client-secret
        --vnet-subnet-id --skip-subnet-role-assignment --no-ssh-key
      User-Agent:
      - python/3.7.3 (Windows-10-10.0.17763-SP0) msrest/0.6.6 msrest_azure/0.6.0 azure-mgmt-containerservice/4.4.0
        Azure-SDK-For-Python AZURECLI/2.0.62
      accept-language:
      - en-US
    method: PUT
    uri: https://management.azure.com/subscriptions/00000000-0000-0000-0000-000000000000/resourceGroups/clitest000001/providers/Microsoft.ContainerService/managedClusters/cliakstest000003?api-version=2018-03-31
  response:
    body:
      string: "{\n  \"code\": \"ServicePrincipalNotFound\",\n  \"message\": \"Service
        principal clientID: clitest000002 not found in Active Directory tenant 54826b22-38d6-4fb2-bad9-b7b93a3e9c5a,
        Please see https://aka.ms/aks-sp-help for more details.\"\n }"
    headers:
      cache-control:
      - no-cache
      content-length:
      - '241'
      content-type:
      - application/json
      date:
      - Mon, 22 Apr 2019 15:25:29 GMT
      expires:
      - '-1'
      pragma:
      - no-cache
      server:
      - nginx
      strict-transport-security:
      - max-age=31536000; includeSubDomains
      x-content-type-options:
      - nosniff
      x-ms-ratelimit-remaining-subscription-writes:
      - '1198'
    status:
      code: 400
      message: Bad Request
- request:
    body: 'b''b\''b\\\''b\\\\\\\''{"location": "eastus", "properties": {"kubernetesVersion":
      "", "dnsPrefix": "cliakstest-clitestvsm64ax2y-0b1f64", "agentPoolProfiles":
      [{"name": "nodepool1", "count": 1, "vmSize": "Standard_DS2_v2", "vnetSubnetID":
      "/subscriptions/00000000-0000-0000-0000-000000000000/resourceGroups/clitest000001/providers/Microsoft.Network/virtualNetworks/clivnet000004/subnets/clisubnet000005",
      "osType": "Linux"}], "servicePrincipalProfile": {"clientId": "clitest000002",
      "secret": "219ce8c7-a36c-46a3-b641-bc9d0b310049"}, "addonProfiles": {}, "enableRBAC":
      true}}\\\\\\\''\\\''\'''''
    headers:
      Accept:
      - application/json
      Accept-Encoding:
      - gzip, deflate
      CommandName:
      - aks create
      Connection:
      - keep-alive
      Content-Length:
      - '570'
      Content-Type:
      - application/json; charset=utf-8
      ParameterSetName:
      - --resource-group --name --location --node-count --service-principal --client-secret
        --vnet-subnet-id --skip-subnet-role-assignment --no-ssh-key
      User-Agent:
      - python/3.7.3 (Windows-10-10.0.17763-SP0) msrest/0.6.6 msrest_azure/0.6.0 azure-mgmt-containerservice/4.4.0
        Azure-SDK-For-Python AZURECLI/2.0.62
      accept-language:
      - en-US
    method: PUT
    uri: https://management.azure.com/subscriptions/00000000-0000-0000-0000-000000000000/resourceGroups/clitest000001/providers/Microsoft.ContainerService/managedClusters/cliakstest000003?api-version=2018-03-31
  response:
    body:
      string: "{\n  \"code\": \"ServicePrincipalNotFound\",\n  \"message\": \"Service
        principal clientID: clitest000002 not found in Active Directory tenant 54826b22-38d6-4fb2-bad9-b7b93a3e9c5a,
        Please see https://aka.ms/aks-sp-help for more details.\"\n }"
    headers:
      cache-control:
      - no-cache
      content-length:
      - '241'
      content-type:
      - application/json
      date:
      - Mon, 22 Apr 2019 15:25:50 GMT
      expires:
      - '-1'
      pragma:
      - no-cache
      server:
      - nginx
      strict-transport-security:
      - max-age=31536000; includeSubDomains
      x-content-type-options:
      - nosniff
      x-ms-ratelimit-remaining-subscription-writes:
      - '1198'
    status:
      code: 400
      message: Bad Request
- request:
    body: 'b''b\''b\\\''b\\\\\\\''{"location": "eastus", "properties": {"kubernetesVersion":
      "", "dnsPrefix": "cliakstest-clitestvsm64ax2y-0b1f64", "agentPoolProfiles":
      [{"name": "nodepool1", "count": 1, "vmSize": "Standard_DS2_v2", "vnetSubnetID":
      "/subscriptions/00000000-0000-0000-0000-000000000000/resourceGroups/clitest000001/providers/Microsoft.Network/virtualNetworks/clivnet000004/subnets/clisubnet000005",
      "osType": "Linux"}], "servicePrincipalProfile": {"clientId": "clitest000002",
      "secret": "219ce8c7-a36c-46a3-b641-bc9d0b310049"}, "addonProfiles": {}, "enableRBAC":
      true}}\\\\\\\''\\\''\'''''
    headers:
      Accept:
      - application/json
      Accept-Encoding:
      - gzip, deflate
      CommandName:
      - aks create
      Connection:
      - keep-alive
      Content-Length:
      - '570'
      Content-Type:
      - application/json; charset=utf-8
      ParameterSetName:
      - --resource-group --name --location --node-count --service-principal --client-secret
        --vnet-subnet-id --skip-subnet-role-assignment --no-ssh-key
      User-Agent:
      - python/3.7.3 (Windows-10-10.0.17763-SP0) msrest/0.6.6 msrest_azure/0.6.0 azure-mgmt-containerservice/4.4.0
        Azure-SDK-For-Python AZURECLI/2.0.62
      accept-language:
      - en-US
    method: PUT
    uri: https://management.azure.com/subscriptions/00000000-0000-0000-0000-000000000000/resourceGroups/clitest000001/providers/Microsoft.ContainerService/managedClusters/cliakstest000003?api-version=2018-03-31
  response:
    body:
      string: "{\n  \"code\": \"ServicePrincipalNotFound\",\n  \"message\": \"Service
        principal clientID: clitest000002 not found in Active Directory tenant 54826b22-38d6-4fb2-bad9-b7b93a3e9c5a,
        Please see https://aka.ms/aks-sp-help for more details.\"\n }"
    headers:
      cache-control:
      - no-cache
      content-length:
      - '241'
      content-type:
      - application/json
      date:
      - Mon, 22 Apr 2019 15:26:11 GMT
      expires:
      - '-1'
      pragma:
      - no-cache
      server:
      - nginx
      strict-transport-security:
      - max-age=31536000; includeSubDomains
      x-content-type-options:
      - nosniff
      x-ms-ratelimit-remaining-subscription-writes:
      - '1197'
    status:
      code: 400
      message: Bad Request
- request:
    body: 'b''b\''b\\\''b\\\\\\\''{"location": "eastus", "properties": {"kubernetesVersion":
      "", "dnsPrefix": "cliakstest-clitestvsm64ax2y-0b1f64", "agentPoolProfiles":
      [{"name": "nodepool1", "count": 1, "vmSize": "Standard_DS2_v2", "vnetSubnetID":
      "/subscriptions/00000000-0000-0000-0000-000000000000/resourceGroups/clitest000001/providers/Microsoft.Network/virtualNetworks/clivnet000004/subnets/clisubnet000005",
      "osType": "Linux"}], "servicePrincipalProfile": {"clientId": "clitest000002",
      "secret": "219ce8c7-a36c-46a3-b641-bc9d0b310049"}, "addonProfiles": {}, "enableRBAC":
      true}}\\\\\\\''\\\''\'''''
    headers:
      Accept:
      - application/json
      Accept-Encoding:
      - gzip, deflate
      CommandName:
      - aks create
      Connection:
      - keep-alive
      Content-Length:
      - '570'
      Content-Type:
      - application/json; charset=utf-8
      ParameterSetName:
      - --resource-group --name --location --node-count --service-principal --client-secret
        --vnet-subnet-id --skip-subnet-role-assignment --no-ssh-key
      User-Agent:
      - python/3.7.3 (Windows-10-10.0.17763-SP0) msrest/0.6.6 msrest_azure/0.6.0 azure-mgmt-containerservice/4.4.0
        Azure-SDK-For-Python AZURECLI/2.0.62
      accept-language:
      - en-US
    method: PUT
    uri: https://management.azure.com/subscriptions/00000000-0000-0000-0000-000000000000/resourceGroups/clitest000001/providers/Microsoft.ContainerService/managedClusters/cliakstest000003?api-version=2018-03-31
  response:
    body:
      string: "{\n  \"code\": \"ServicePrincipalNotFound\",\n  \"message\": \"Service
        principal clientID: clitest000002 not found in Active Directory tenant 54826b22-38d6-4fb2-bad9-b7b93a3e9c5a,
        Please see https://aka.ms/aks-sp-help for more details.\"\n }"
    headers:
      cache-control:
      - no-cache
      content-length:
      - '241'
      content-type:
      - application/json
      date:
      - Mon, 22 Apr 2019 15:26:33 GMT
      expires:
      - '-1'
      pragma:
      - no-cache
      server:
      - nginx
      strict-transport-security:
      - max-age=31536000; includeSubDomains
      x-content-type-options:
      - nosniff
      x-ms-ratelimit-remaining-subscription-writes:
      - '1199'
    status:
      code: 400
      message: Bad Request
- request:
    body: 'b''b\''b\\\''b\\\\\\\''{"location": "eastus", "properties": {"kubernetesVersion":
      "", "dnsPrefix": "cliakstest-clitestvsm64ax2y-0b1f64", "agentPoolProfiles":
      [{"name": "nodepool1", "count": 1, "vmSize": "Standard_DS2_v2", "vnetSubnetID":
      "/subscriptions/00000000-0000-0000-0000-000000000000/resourceGroups/clitest000001/providers/Microsoft.Network/virtualNetworks/clivnet000004/subnets/clisubnet000005",
      "osType": "Linux"}], "servicePrincipalProfile": {"clientId": "clitest000002",
      "secret": "219ce8c7-a36c-46a3-b641-bc9d0b310049"}, "addonProfiles": {}, "enableRBAC":
      true}}\\\\\\\''\\\''\'''''
    headers:
      Accept:
      - application/json
      Accept-Encoding:
      - gzip, deflate
      CommandName:
      - aks create
      Connection:
      - keep-alive
      Content-Length:
      - '570'
      Content-Type:
      - application/json; charset=utf-8
      ParameterSetName:
      - --resource-group --name --location --node-count --service-principal --client-secret
        --vnet-subnet-id --skip-subnet-role-assignment --no-ssh-key
      User-Agent:
      - python/3.7.3 (Windows-10-10.0.17763-SP0) msrest/0.6.6 msrest_azure/0.6.0 azure-mgmt-containerservice/4.4.0
        Azure-SDK-For-Python AZURECLI/2.0.62
      accept-language:
      - en-US
    method: PUT
    uri: https://management.azure.com/subscriptions/00000000-0000-0000-0000-000000000000/resourceGroups/clitest000001/providers/Microsoft.ContainerService/managedClusters/cliakstest000003?api-version=2018-03-31
  response:
    body:
      string: "{\n  \"code\": \"ServicePrincipalNotFound\",\n  \"message\": \"Service
        principal clientID: clitest000002 not found in Active Directory tenant 54826b22-38d6-4fb2-bad9-b7b93a3e9c5a,
        Please see https://aka.ms/aks-sp-help for more details.\"\n }"
    headers:
      cache-control:
      - no-cache
      content-length:
      - '241'
      content-type:
      - application/json
      date:
      - Mon, 22 Apr 2019 15:26:56 GMT
      expires:
      - '-1'
      pragma:
      - no-cache
      server:
      - nginx
      strict-transport-security:
      - max-age=31536000; includeSubDomains
      x-content-type-options:
      - nosniff
      x-ms-ratelimit-remaining-subscription-writes:
      - '1199'
    status:
      code: 400
      message: Bad Request
- request:
    body: 'b''b\''b\\\''b\\\\\\\''{"location": "eastus", "properties": {"kubernetesVersion":
      "", "dnsPrefix": "cliakstest-clitestvsm64ax2y-0b1f64", "agentPoolProfiles":
      [{"name": "nodepool1", "count": 1, "vmSize": "Standard_DS2_v2", "vnetSubnetID":
      "/subscriptions/00000000-0000-0000-0000-000000000000/resourceGroups/clitest000001/providers/Microsoft.Network/virtualNetworks/clivnet000004/subnets/clisubnet000005",
      "osType": "Linux"}], "servicePrincipalProfile": {"clientId": "clitest000002",
      "secret": "219ce8c7-a36c-46a3-b641-bc9d0b310049"}, "addonProfiles": {}, "enableRBAC":
      true}}\\\\\\\''\\\''\'''''
    headers:
      Accept:
      - application/json
      Accept-Encoding:
      - gzip, deflate
      CommandName:
      - aks create
      Connection:
      - keep-alive
      Content-Length:
      - '570'
      Content-Type:
      - application/json; charset=utf-8
      ParameterSetName:
      - --resource-group --name --location --node-count --service-principal --client-secret
        --vnet-subnet-id --skip-subnet-role-assignment --no-ssh-key
      User-Agent:
      - python/3.7.3 (Windows-10-10.0.17763-SP0) msrest/0.6.6 msrest_azure/0.6.0 azure-mgmt-containerservice/4.4.0
        Azure-SDK-For-Python AZURECLI/2.0.62
      accept-language:
      - en-US
    method: PUT
    uri: https://management.azure.com/subscriptions/00000000-0000-0000-0000-000000000000/resourceGroups/clitest000001/providers/Microsoft.ContainerService/managedClusters/cliakstest000003?api-version=2018-03-31
  response:
    body:
      string: "{\n  \"code\": \"ServicePrincipalNotFound\",\n  \"message\": \"Service
        principal clientID: clitest000002 not found in Active Directory tenant 54826b22-38d6-4fb2-bad9-b7b93a3e9c5a,
        Please see https://aka.ms/aks-sp-help for more details.\"\n }"
    headers:
      cache-control:
      - no-cache
      content-length:
      - '241'
      content-type:
      - application/json
      date:
      - Mon, 22 Apr 2019 15:27:17 GMT
      expires:
      - '-1'
      pragma:
      - no-cache
      server:
      - nginx
      strict-transport-security:
      - max-age=31536000; includeSubDomains
      x-content-type-options:
      - nosniff
      x-ms-ratelimit-remaining-subscription-writes:
      - '1198'
    status:
      code: 400
      message: Bad Request
- request:
    body: 'b''b\''b\\\''b\\\\\\\''{"location": "eastus", "properties": {"kubernetesVersion":
      "", "dnsPrefix": "cliakstest-clitestvsm64ax2y-0b1f64", "agentPoolProfiles":
      [{"name": "nodepool1", "count": 1, "vmSize": "Standard_DS2_v2", "vnetSubnetID":
      "/subscriptions/00000000-0000-0000-0000-000000000000/resourceGroups/clitest000001/providers/Microsoft.Network/virtualNetworks/clivnet000004/subnets/clisubnet000005",
      "osType": "Linux"}], "servicePrincipalProfile": {"clientId": "clitest000002",
      "secret": "219ce8c7-a36c-46a3-b641-bc9d0b310049"}, "addonProfiles": {}, "enableRBAC":
      true}}\\\\\\\''\\\''\'''''
    headers:
      Accept:
      - application/json
      Accept-Encoding:
      - gzip, deflate
      CommandName:
      - aks create
      Connection:
      - keep-alive
      Content-Length:
      - '570'
      Content-Type:
      - application/json; charset=utf-8
      ParameterSetName:
      - --resource-group --name --location --node-count --service-principal --client-secret
        --vnet-subnet-id --skip-subnet-role-assignment --no-ssh-key
      User-Agent:
      - python/3.7.3 (Windows-10-10.0.17763-SP0) msrest/0.6.6 msrest_azure/0.6.0 azure-mgmt-containerservice/4.4.0
        Azure-SDK-For-Python AZURECLI/2.0.62
      accept-language:
      - en-US
    method: PUT
    uri: https://management.azure.com/subscriptions/00000000-0000-0000-0000-000000000000/resourceGroups/clitest000001/providers/Microsoft.ContainerService/managedClusters/cliakstest000003?api-version=2018-03-31
  response:
    body:
      string: "{\n  \"code\": \"ServicePrincipalNotFound\",\n  \"message\": \"Service
        principal clientID: clitest000002 not found in Active Directory tenant 54826b22-38d6-4fb2-bad9-b7b93a3e9c5a,
        Please see https://aka.ms/aks-sp-help for more details.\"\n }"
    headers:
      cache-control:
      - no-cache
      content-length:
      - '241'
      content-type:
      - application/json
      date:
      - Mon, 22 Apr 2019 15:27:39 GMT
      expires:
      - '-1'
      pragma:
      - no-cache
      server:
      - nginx
      strict-transport-security:
      - max-age=31536000; includeSubDomains
      x-content-type-options:
      - nosniff
      x-ms-ratelimit-remaining-subscription-writes:
      - '1197'
    status:
      code: 400
      message: Bad Request
- request:
    body: 'b''b\''b\\\''b\\\\\\\''{"location": "eastus", "properties": {"kubernetesVersion":
      "", "dnsPrefix": "cliakstest-clitestvsm64ax2y-0b1f64", "agentPoolProfiles":
      [{"name": "nodepool1", "count": 1, "vmSize": "Standard_DS2_v2", "vnetSubnetID":
      "/subscriptions/00000000-0000-0000-0000-000000000000/resourceGroups/clitest000001/providers/Microsoft.Network/virtualNetworks/clivnet000004/subnets/clisubnet000005",
      "osType": "Linux"}], "servicePrincipalProfile": {"clientId": "clitest000002",
      "secret": "219ce8c7-a36c-46a3-b641-bc9d0b310049"}, "addonProfiles": {}, "enableRBAC":
      true}}\\\\\\\''\\\''\'''''
    headers:
      Accept:
      - application/json
      Accept-Encoding:
      - gzip, deflate
      CommandName:
      - aks create
      Connection:
      - keep-alive
      Content-Length:
      - '570'
      Content-Type:
      - application/json; charset=utf-8
      ParameterSetName:
      - --resource-group --name --location --node-count --service-principal --client-secret
        --vnet-subnet-id --skip-subnet-role-assignment --no-ssh-key
      User-Agent:
      - python/3.7.3 (Windows-10-10.0.17763-SP0) msrest/0.6.6 msrest_azure/0.6.0 azure-mgmt-containerservice/4.4.0
        Azure-SDK-For-Python AZURECLI/2.0.62
      accept-language:
      - en-US
    method: PUT
    uri: https://management.azure.com/subscriptions/00000000-0000-0000-0000-000000000000/resourceGroups/clitest000001/providers/Microsoft.ContainerService/managedClusters/cliakstest000003?api-version=2018-03-31
  response:
    body:
      string: "{\n  \"code\": \"ServicePrincipalNotFound\",\n  \"message\": \"Service
        principal clientID: clitest000002 not found in Active Directory tenant 54826b22-38d6-4fb2-bad9-b7b93a3e9c5a,
        Please see https://aka.ms/aks-sp-help for more details.\"\n }"
    headers:
      cache-control:
      - no-cache
      content-length:
      - '241'
      content-type:
      - application/json
      date:
      - Mon, 22 Apr 2019 15:28:03 GMT
      expires:
      - '-1'
      pragma:
      - no-cache
      server:
      - nginx
      strict-transport-security:
      - max-age=31536000; includeSubDomains
      x-content-type-options:
      - nosniff
      x-ms-ratelimit-remaining-subscription-writes:
      - '1198'
    status:
      code: 400
      message: Bad Request
- request:
    body: 'b''b\''b\\\''b\\\\\\\''{"location": "eastus", "properties": {"kubernetesVersion":
      "", "dnsPrefix": "cliakstest-clitestvsm64ax2y-0b1f64", "agentPoolProfiles":
      [{"name": "nodepool1", "count": 1, "vmSize": "Standard_DS2_v2", "vnetSubnetID":
      "/subscriptions/00000000-0000-0000-0000-000000000000/resourceGroups/clitest000001/providers/Microsoft.Network/virtualNetworks/clivnet000004/subnets/clisubnet000005",
      "osType": "Linux"}], "servicePrincipalProfile": {"clientId": "clitest000002",
      "secret": "219ce8c7-a36c-46a3-b641-bc9d0b310049"}, "addonProfiles": {}, "enableRBAC":
      true}}\\\\\\\''\\\''\'''''
    headers:
      Accept:
      - application/json
      Accept-Encoding:
      - gzip, deflate
      CommandName:
      - aks create
      Connection:
      - keep-alive
      Content-Length:
      - '570'
      Content-Type:
      - application/json; charset=utf-8
      ParameterSetName:
      - --resource-group --name --location --node-count --service-principal --client-secret
        --vnet-subnet-id --skip-subnet-role-assignment --no-ssh-key
      User-Agent:
      - python/3.7.3 (Windows-10-10.0.17763-SP0) msrest/0.6.6 msrest_azure/0.6.0 azure-mgmt-containerservice/4.4.0
        Azure-SDK-For-Python AZURECLI/2.0.62
      accept-language:
      - en-US
    method: PUT
    uri: https://management.azure.com/subscriptions/00000000-0000-0000-0000-000000000000/resourceGroups/clitest000001/providers/Microsoft.ContainerService/managedClusters/cliakstest000003?api-version=2018-03-31
  response:
    body:
      string: "{\n  \"code\": \"ServicePrincipalNotFound\",\n  \"message\": \"Service
        principal clientID: clitest000002 not found in Active Directory tenant 54826b22-38d6-4fb2-bad9-b7b93a3e9c5a,
        Please see https://aka.ms/aks-sp-help for more details.\"\n }"
    headers:
      cache-control:
      - no-cache
      content-length:
      - '241'
      content-type:
      - application/json
      date:
      - Mon, 22 Apr 2019 15:28:27 GMT
      expires:
      - '-1'
      pragma:
      - no-cache
      server:
      - nginx
      strict-transport-security:
      - max-age=31536000; includeSubDomains
      x-content-type-options:
      - nosniff
      x-ms-ratelimit-remaining-subscription-writes:
      - '1197'
    status:
      code: 400
      message: Bad Request
- request:
    body: 'b''b\''b\\\''b\\\\\\\''{"location": "eastus", "properties": {"kubernetesVersion":
      "", "dnsPrefix": "cliakstest-clitestvsm64ax2y-0b1f64", "agentPoolProfiles":
      [{"name": "nodepool1", "count": 1, "vmSize": "Standard_DS2_v2", "vnetSubnetID":
      "/subscriptions/00000000-0000-0000-0000-000000000000/resourceGroups/clitest000001/providers/Microsoft.Network/virtualNetworks/clivnet000004/subnets/clisubnet000005",
      "osType": "Linux"}], "servicePrincipalProfile": {"clientId": "clitest000002",
      "secret": "219ce8c7-a36c-46a3-b641-bc9d0b310049"}, "addonProfiles": {}, "enableRBAC":
      true}}\\\\\\\''\\\''\'''''
    headers:
      Accept:
      - application/json
      Accept-Encoding:
      - gzip, deflate
      CommandName:
      - aks create
      Connection:
      - keep-alive
      Content-Length:
      - '570'
      Content-Type:
      - application/json; charset=utf-8
      ParameterSetName:
      - --resource-group --name --location --node-count --service-principal --client-secret
        --vnet-subnet-id --skip-subnet-role-assignment --no-ssh-key
      User-Agent:
      - python/3.7.3 (Windows-10-10.0.17763-SP0) msrest/0.6.6 msrest_azure/0.6.0 azure-mgmt-containerservice/4.4.0
        Azure-SDK-For-Python AZURECLI/2.0.62
      accept-language:
      - en-US
    method: PUT
    uri: https://management.azure.com/subscriptions/00000000-0000-0000-0000-000000000000/resourceGroups/clitest000001/providers/Microsoft.ContainerService/managedClusters/cliakstest000003?api-version=2018-03-31
  response:
    body:
      string: "{\n  \"code\": \"ServicePrincipalNotFound\",\n  \"message\": \"Service
        principal clientID: clitest000002 not found in Active Directory tenant 54826b22-38d6-4fb2-bad9-b7b93a3e9c5a,
        Please see https://aka.ms/aks-sp-help for more details.\"\n }"
    headers:
      cache-control:
      - no-cache
      content-length:
      - '241'
      content-type:
      - application/json
      date:
      - Mon, 22 Apr 2019 15:28:56 GMT
      expires:
      - '-1'
      pragma:
      - no-cache
      server:
      - nginx
      strict-transport-security:
      - max-age=31536000; includeSubDomains
      x-content-type-options:
      - nosniff
      x-ms-ratelimit-remaining-subscription-writes:
      - '1196'
    status:
      code: 400
      message: Bad Request
- request:
    body: 'b''b\''b\\\''b\\\\\\\''{"location": "eastus", "properties": {"kubernetesVersion":
      "", "dnsPrefix": "cliakstest-clitestvsm64ax2y-0b1f64", "agentPoolProfiles":
      [{"name": "nodepool1", "count": 1, "vmSize": "Standard_DS2_v2", "vnetSubnetID":
      "/subscriptions/00000000-0000-0000-0000-000000000000/resourceGroups/clitest000001/providers/Microsoft.Network/virtualNetworks/clivnet000004/subnets/clisubnet000005",
      "osType": "Linux"}], "servicePrincipalProfile": {"clientId": "clitest000002",
      "secret": "219ce8c7-a36c-46a3-b641-bc9d0b310049"}, "addonProfiles": {}, "enableRBAC":
      true}}\\\\\\\''\\\''\'''''
    headers:
      Accept:
      - application/json
      Accept-Encoding:
      - gzip, deflate
      CommandName:
      - aks create
      Connection:
      - keep-alive
      Content-Length:
      - '570'
      Content-Type:
      - application/json; charset=utf-8
      ParameterSetName:
      - --resource-group --name --location --node-count --service-principal --client-secret
        --vnet-subnet-id --skip-subnet-role-assignment --no-ssh-key
      User-Agent:
      - python/3.7.3 (Windows-10-10.0.17763-SP0) msrest/0.6.6 msrest_azure/0.6.0 azure-mgmt-containerservice/4.4.0
        Azure-SDK-For-Python AZURECLI/2.0.62
      accept-language:
      - en-US
    method: PUT
    uri: https://management.azure.com/subscriptions/00000000-0000-0000-0000-000000000000/resourceGroups/clitest000001/providers/Microsoft.ContainerService/managedClusters/cliakstest000003?api-version=2018-03-31
  response:
    body:
      string: "{\n  \"code\": \"ServicePrincipalNotFound\",\n  \"message\": \"Service
        principal clientID: clitest000002 not found in Active Directory tenant 54826b22-38d6-4fb2-bad9-b7b93a3e9c5a,
        Please see https://aka.ms/aks-sp-help for more details.\"\n }"
    headers:
      cache-control:
      - no-cache
      content-length:
      - '241'
      content-type:
      - application/json
      date:
      - Mon, 22 Apr 2019 15:29:18 GMT
      expires:
      - '-1'
      pragma:
      - no-cache
      server:
      - nginx
      strict-transport-security:
      - max-age=31536000; includeSubDomains
      x-content-type-options:
      - nosniff
      x-ms-ratelimit-remaining-subscription-writes:
      - '1197'
    status:
      code: 400
      message: Bad Request
- request:
    body: 'b''b\''b\\\''b\\\\\\\''{"location": "eastus", "properties": {"kubernetesVersion":
      "", "dnsPrefix": "cliakstest-clitestvsm64ax2y-0b1f64", "agentPoolProfiles":
      [{"name": "nodepool1", "count": 1, "vmSize": "Standard_DS2_v2", "vnetSubnetID":
      "/subscriptions/00000000-0000-0000-0000-000000000000/resourceGroups/clitest000001/providers/Microsoft.Network/virtualNetworks/clivnet000004/subnets/clisubnet000005",
      "osType": "Linux"}], "servicePrincipalProfile": {"clientId": "clitest000002",
      "secret": "219ce8c7-a36c-46a3-b641-bc9d0b310049"}, "addonProfiles": {}, "enableRBAC":
      true}}\\\\\\\''\\\''\'''''
    headers:
      Accept:
      - application/json
      Accept-Encoding:
      - gzip, deflate
      CommandName:
      - aks create
      Connection:
      - keep-alive
      Content-Length:
      - '570'
      Content-Type:
      - application/json; charset=utf-8
      ParameterSetName:
      - --resource-group --name --location --node-count --service-principal --client-secret
        --vnet-subnet-id --skip-subnet-role-assignment --no-ssh-key
      User-Agent:
      - python/3.7.3 (Windows-10-10.0.17763-SP0) msrest/0.6.6 msrest_azure/0.6.0 azure-mgmt-containerservice/4.4.0
        Azure-SDK-For-Python AZURECLI/2.0.62
      accept-language:
      - en-US
    method: PUT
    uri: https://management.azure.com/subscriptions/00000000-0000-0000-0000-000000000000/resourceGroups/clitest000001/providers/Microsoft.ContainerService/managedClusters/cliakstest000003?api-version=2018-03-31
  response:
    body:
      string: "{\n  \"code\": \"ServicePrincipalNotFound\",\n  \"message\": \"Service
        principal clientID: clitest000002 not found in Active Directory tenant 54826b22-38d6-4fb2-bad9-b7b93a3e9c5a,
        Please see https://aka.ms/aks-sp-help for more details.\"\n }"
    headers:
      cache-control:
      - no-cache
      content-length:
      - '241'
      content-type:
      - application/json
      date:
      - Mon, 22 Apr 2019 15:29:41 GMT
      expires:
      - '-1'
      pragma:
      - no-cache
      server:
      - nginx
      strict-transport-security:
      - max-age=31536000; includeSubDomains
      x-content-type-options:
      - nosniff
      x-ms-ratelimit-remaining-subscription-writes:
      - '1198'
    status:
      code: 400
      message: Bad Request
- request:
    body: 'b''b\''b\\\''b\\\\\\\''{"location": "eastus", "properties": {"kubernetesVersion":
      "", "dnsPrefix": "cliakstest-clitestvsm64ax2y-0b1f64", "agentPoolProfiles":
      [{"name": "nodepool1", "count": 1, "vmSize": "Standard_DS2_v2", "vnetSubnetID":
      "/subscriptions/00000000-0000-0000-0000-000000000000/resourceGroups/clitest000001/providers/Microsoft.Network/virtualNetworks/clivnet000004/subnets/clisubnet000005",
      "osType": "Linux"}], "servicePrincipalProfile": {"clientId": "clitest000002",
      "secret": "219ce8c7-a36c-46a3-b641-bc9d0b310049"}, "addonProfiles": {}, "enableRBAC":
      true}}\\\\\\\''\\\''\'''''
    headers:
      Accept:
      - application/json
      Accept-Encoding:
      - gzip, deflate
      CommandName:
      - aks create
      Connection:
      - keep-alive
      Content-Length:
      - '570'
      Content-Type:
      - application/json; charset=utf-8
      ParameterSetName:
      - --resource-group --name --location --node-count --service-principal --client-secret
        --vnet-subnet-id --skip-subnet-role-assignment --no-ssh-key
      User-Agent:
      - python/3.7.3 (Windows-10-10.0.17763-SP0) msrest/0.6.6 msrest_azure/0.6.0 azure-mgmt-containerservice/4.4.0
        Azure-SDK-For-Python AZURECLI/2.0.62
      accept-language:
      - en-US
    method: PUT
    uri: https://management.azure.com/subscriptions/00000000-0000-0000-0000-000000000000/resourceGroups/clitest000001/providers/Microsoft.ContainerService/managedClusters/cliakstest000003?api-version=2018-03-31
  response:
    body:
      string: "{\n  \"code\": \"ServicePrincipalNotFound\",\n  \"message\": \"Service
        principal clientID: clitest000002 not found in Active Directory tenant 54826b22-38d6-4fb2-bad9-b7b93a3e9c5a,
        Please see https://aka.ms/aks-sp-help for more details.\"\n }"
    headers:
      cache-control:
      - no-cache
      content-length:
      - '241'
      content-type:
      - application/json
      date:
      - Mon, 22 Apr 2019 15:30:04 GMT
      expires:
      - '-1'
      pragma:
      - no-cache
      server:
      - nginx
      strict-transport-security:
      - max-age=31536000; includeSubDomains
      x-content-type-options:
      - nosniff
      x-ms-ratelimit-remaining-subscription-writes:
      - '1198'
    status:
      code: 400
      message: Bad Request
- request:
    body: 'b''b\''b\\\''b\\\\\\\''{"location": "eastus", "properties": {"kubernetesVersion":
      "", "dnsPrefix": "cliakstest-clitestvsm64ax2y-0b1f64", "agentPoolProfiles":
      [{"name": "nodepool1", "count": 1, "vmSize": "Standard_DS2_v2", "vnetSubnetID":
      "/subscriptions/00000000-0000-0000-0000-000000000000/resourceGroups/clitest000001/providers/Microsoft.Network/virtualNetworks/clivnet000004/subnets/clisubnet000005",
      "osType": "Linux"}], "servicePrincipalProfile": {"clientId": "clitest000002",
      "secret": "219ce8c7-a36c-46a3-b641-bc9d0b310049"}, "addonProfiles": {}, "enableRBAC":
      true}}\\\\\\\''\\\''\'''''
    headers:
      Accept:
      - application/json
      Accept-Encoding:
      - gzip, deflate
      CommandName:
      - aks create
      Connection:
      - keep-alive
      Content-Length:
      - '570'
      Content-Type:
      - application/json; charset=utf-8
      ParameterSetName:
      - --resource-group --name --location --node-count --service-principal --client-secret
        --vnet-subnet-id --skip-subnet-role-assignment --no-ssh-key
      User-Agent:
      - python/3.7.3 (Windows-10-10.0.17763-SP0) msrest/0.6.6 msrest_azure/0.6.0 azure-mgmt-containerservice/4.4.0
        Azure-SDK-For-Python AZURECLI/2.0.62
      accept-language:
      - en-US
    method: PUT
    uri: https://management.azure.com/subscriptions/00000000-0000-0000-0000-000000000000/resourceGroups/clitest000001/providers/Microsoft.ContainerService/managedClusters/cliakstest000003?api-version=2018-03-31
  response:
    body:
      string: "{\n  \"code\": \"ServicePrincipalNotFound\",\n  \"message\": \"Service
        principal clientID: clitest000002 not found in Active Directory tenant 54826b22-38d6-4fb2-bad9-b7b93a3e9c5a,
        Please see https://aka.ms/aks-sp-help for more details.\"\n }"
    headers:
      cache-control:
      - no-cache
      content-length:
      - '241'
      content-type:
      - application/json
      date:
      - Mon, 22 Apr 2019 15:30:29 GMT
      expires:
      - '-1'
      pragma:
      - no-cache
      server:
      - nginx
      strict-transport-security:
      - max-age=31536000; includeSubDomains
      x-content-type-options:
      - nosniff
      x-ms-ratelimit-remaining-subscription-writes:
      - '1199'
    status:
      code: 400
      message: Bad Request
- request:
    body: 'b''b\''b\\\''b\\\\\\\''{"location": "eastus", "properties": {"kubernetesVersion":
      "", "dnsPrefix": "cliakstest-clitestvsm64ax2y-0b1f64", "agentPoolProfiles":
      [{"name": "nodepool1", "count": 1, "vmSize": "Standard_DS2_v2", "vnetSubnetID":
      "/subscriptions/00000000-0000-0000-0000-000000000000/resourceGroups/clitest000001/providers/Microsoft.Network/virtualNetworks/clivnet000004/subnets/clisubnet000005",
      "osType": "Linux"}], "servicePrincipalProfile": {"clientId": "clitest000002",
      "secret": "219ce8c7-a36c-46a3-b641-bc9d0b310049"}, "addonProfiles": {}, "enableRBAC":
      true}}\\\\\\\''\\\''\'''''
    headers:
      Accept:
      - application/json
      Accept-Encoding:
      - gzip, deflate
      CommandName:
      - aks create
      Connection:
      - keep-alive
      Content-Length:
      - '570'
      Content-Type:
      - application/json; charset=utf-8
      ParameterSetName:
      - --resource-group --name --location --node-count --service-principal --client-secret
        --vnet-subnet-id --skip-subnet-role-assignment --no-ssh-key
      User-Agent:
      - python/3.7.3 (Windows-10-10.0.17763-SP0) msrest/0.6.6 msrest_azure/0.6.0 azure-mgmt-containerservice/4.4.0
        Azure-SDK-For-Python AZURECLI/2.0.62
      accept-language:
      - en-US
    method: PUT
    uri: https://management.azure.com/subscriptions/00000000-0000-0000-0000-000000000000/resourceGroups/clitest000001/providers/Microsoft.ContainerService/managedClusters/cliakstest000003?api-version=2018-03-31
  response:
    body:
      string: "{\n  \"code\": \"ServicePrincipalNotFound\",\n  \"message\": \"Service
        principal clientID: clitest000002 not found in Active Directory tenant 54826b22-38d6-4fb2-bad9-b7b93a3e9c5a,
        Please see https://aka.ms/aks-sp-help for more details.\"\n }"
    headers:
      cache-control:
      - no-cache
      content-length:
      - '241'
      content-type:
      - application/json
      date:
      - Mon, 22 Apr 2019 15:30:51 GMT
      expires:
      - '-1'
      pragma:
      - no-cache
      server:
      - nginx
      strict-transport-security:
      - max-age=31536000; includeSubDomains
      x-content-type-options:
      - nosniff
      x-ms-ratelimit-remaining-subscription-writes:
      - '1199'
    status:
      code: 400
      message: Bad Request
- request:
    body: 'b''b\''b\\\''b\\\\\\\''{"location": "eastus", "properties": {"kubernetesVersion":
      "", "dnsPrefix": "cliakstest-clitestvsm64ax2y-0b1f64", "agentPoolProfiles":
      [{"name": "nodepool1", "count": 1, "vmSize": "Standard_DS2_v2", "vnetSubnetID":
      "/subscriptions/00000000-0000-0000-0000-000000000000/resourceGroups/clitest000001/providers/Microsoft.Network/virtualNetworks/clivnet000004/subnets/clisubnet000005",
      "osType": "Linux"}], "servicePrincipalProfile": {"clientId": "clitest000002",
      "secret": "219ce8c7-a36c-46a3-b641-bc9d0b310049"}, "addonProfiles": {}, "enableRBAC":
      true}}\\\\\\\''\\\''\'''''
    headers:
      Accept:
      - application/json
      Accept-Encoding:
      - gzip, deflate
      CommandName:
      - aks create
      Connection:
      - keep-alive
      Content-Length:
      - '570'
      Content-Type:
      - application/json; charset=utf-8
      ParameterSetName:
      - --resource-group --name --location --node-count --service-principal --client-secret
        --vnet-subnet-id --skip-subnet-role-assignment --no-ssh-key
      User-Agent:
      - python/3.7.3 (Windows-10-10.0.17763-SP0) msrest/0.6.6 msrest_azure/0.6.0 azure-mgmt-containerservice/4.4.0
        Azure-SDK-For-Python AZURECLI/2.0.62
      accept-language:
      - en-US
    method: PUT
    uri: https://management.azure.com/subscriptions/00000000-0000-0000-0000-000000000000/resourceGroups/clitest000001/providers/Microsoft.ContainerService/managedClusters/cliakstest000003?api-version=2018-03-31
  response:
    body:
      string: "{\n  \"code\": \"ServicePrincipalNotFound\",\n  \"message\": \"Service
        principal clientID: clitest000002 not found in Active Directory tenant 54826b22-38d6-4fb2-bad9-b7b93a3e9c5a,
        Please see https://aka.ms/aks-sp-help for more details.\"\n }"
    headers:
      cache-control:
      - no-cache
      content-length:
      - '241'
      content-type:
      - application/json
      date:
      - Mon, 22 Apr 2019 15:31:12 GMT
      expires:
      - '-1'
      pragma:
      - no-cache
      server:
      - nginx
      strict-transport-security:
      - max-age=31536000; includeSubDomains
      x-content-type-options:
      - nosniff
      x-ms-ratelimit-remaining-subscription-writes:
      - '1198'
    status:
      code: 400
      message: Bad Request
- request:
    body: 'b''b\''b\\\''b\\\\\\\''{"location": "eastus", "properties": {"kubernetesVersion":
      "", "dnsPrefix": "cliakstest-clitestvsm64ax2y-0b1f64", "agentPoolProfiles":
      [{"name": "nodepool1", "count": 1, "vmSize": "Standard_DS2_v2", "vnetSubnetID":
      "/subscriptions/00000000-0000-0000-0000-000000000000/resourceGroups/clitest000001/providers/Microsoft.Network/virtualNetworks/clivnet000004/subnets/clisubnet000005",
      "osType": "Linux"}], "servicePrincipalProfile": {"clientId": "clitest000002",
      "secret": "219ce8c7-a36c-46a3-b641-bc9d0b310049"}, "addonProfiles": {}, "enableRBAC":
      true}}\\\\\\\''\\\''\'''''
    headers:
      Accept:
      - application/json
      Accept-Encoding:
      - gzip, deflate
      CommandName:
      - aks create
      Connection:
      - keep-alive
      Content-Length:
      - '570'
      Content-Type:
      - application/json; charset=utf-8
      ParameterSetName:
      - --resource-group --name --location --node-count --service-principal --client-secret
        --vnet-subnet-id --skip-subnet-role-assignment --no-ssh-key
      User-Agent:
      - python/3.7.3 (Windows-10-10.0.17763-SP0) msrest/0.6.6 msrest_azure/0.6.0 azure-mgmt-containerservice/4.4.0
        Azure-SDK-For-Python AZURECLI/2.0.62
      accept-language:
      - en-US
    method: PUT
    uri: https://management.azure.com/subscriptions/00000000-0000-0000-0000-000000000000/resourceGroups/clitest000001/providers/Microsoft.ContainerService/managedClusters/cliakstest000003?api-version=2018-03-31
  response:
    body:
      string: "{\n  \"code\": \"ServicePrincipalNotFound\",\n  \"message\": \"Service
        principal clientID: clitest000002 not found in Active Directory tenant 54826b22-38d6-4fb2-bad9-b7b93a3e9c5a,
        Please see https://aka.ms/aks-sp-help for more details.\"\n }"
    headers:
      cache-control:
      - no-cache
      content-length:
      - '241'
      content-type:
      - application/json
      date:
      - Mon, 22 Apr 2019 15:31:33 GMT
      expires:
      - '-1'
      pragma:
      - no-cache
      server:
      - nginx
      strict-transport-security:
      - max-age=31536000; includeSubDomains
      x-content-type-options:
      - nosniff
      x-ms-ratelimit-remaining-subscription-writes:
      - '1199'
    status:
      code: 400
      message: Bad Request
- request:
    body: 'b''b\''b\\\''b\\\\\\\''{"location": "eastus", "properties": {"kubernetesVersion":
      "", "dnsPrefix": "cliakstest-clitestvsm64ax2y-0b1f64", "agentPoolProfiles":
      [{"name": "nodepool1", "count": 1, "vmSize": "Standard_DS2_v2", "vnetSubnetID":
      "/subscriptions/00000000-0000-0000-0000-000000000000/resourceGroups/clitest000001/providers/Microsoft.Network/virtualNetworks/clivnet000004/subnets/clisubnet000005",
      "osType": "Linux"}], "servicePrincipalProfile": {"clientId": "clitest000002",
      "secret": "219ce8c7-a36c-46a3-b641-bc9d0b310049"}, "addonProfiles": {}, "enableRBAC":
      true}}\\\\\\\''\\\''\'''''
    headers:
      Accept:
      - application/json
      Accept-Encoding:
      - gzip, deflate
      CommandName:
      - aks create
      Connection:
      - keep-alive
      Content-Length:
      - '570'
      Content-Type:
      - application/json; charset=utf-8
      ParameterSetName:
      - --resource-group --name --location --node-count --service-principal --client-secret
        --vnet-subnet-id --skip-subnet-role-assignment --no-ssh-key
      User-Agent:
      - python/3.7.3 (Windows-10-10.0.17763-SP0) msrest/0.6.6 msrest_azure/0.6.0 azure-mgmt-containerservice/4.4.0
        Azure-SDK-For-Python AZURECLI/2.0.62
      accept-language:
      - en-US
    method: PUT
    uri: https://management.azure.com/subscriptions/00000000-0000-0000-0000-000000000000/resourceGroups/clitest000001/providers/Microsoft.ContainerService/managedClusters/cliakstest000003?api-version=2018-03-31
  response:
    body:
      string: "{\n  \"code\": \"ServicePrincipalNotFound\",\n  \"message\": \"Service
        principal clientID: clitest000002 not found in Active Directory tenant 54826b22-38d6-4fb2-bad9-b7b93a3e9c5a,
        Please see https://aka.ms/aks-sp-help for more details.\"\n }"
    headers:
      cache-control:
      - no-cache
      content-length:
      - '241'
      content-type:
      - application/json
      date:
      - Mon, 22 Apr 2019 15:31:57 GMT
      expires:
      - '-1'
      pragma:
      - no-cache
      server:
      - nginx
      strict-transport-security:
      - max-age=31536000; includeSubDomains
      x-content-type-options:
      - nosniff
      x-ms-ratelimit-remaining-subscription-writes:
      - '1198'
    status:
      code: 400
      message: Bad Request
- request:
    body: 'b''b\''b\\\''b\\\\\\\''{"location": "eastus", "properties": {"kubernetesVersion":
      "", "dnsPrefix": "cliakstest-clitestvsm64ax2y-0b1f64", "agentPoolProfiles":
      [{"name": "nodepool1", "count": 1, "vmSize": "Standard_DS2_v2", "vnetSubnetID":
      "/subscriptions/00000000-0000-0000-0000-000000000000/resourceGroups/clitest000001/providers/Microsoft.Network/virtualNetworks/clivnet000004/subnets/clisubnet000005",
      "osType": "Linux"}], "servicePrincipalProfile": {"clientId": "clitest000002",
      "secret": "219ce8c7-a36c-46a3-b641-bc9d0b310049"}, "addonProfiles": {}, "enableRBAC":
      true}}\\\\\\\''\\\''\'''''
    headers:
      Accept:
      - application/json
      Accept-Encoding:
      - gzip, deflate
      CommandName:
      - aks create
      Connection:
      - keep-alive
      Content-Length:
      - '570'
      Content-Type:
      - application/json; charset=utf-8
      ParameterSetName:
      - --resource-group --name --location --node-count --service-principal --client-secret
        --vnet-subnet-id --skip-subnet-role-assignment --no-ssh-key
      User-Agent:
      - python/3.7.3 (Windows-10-10.0.17763-SP0) msrest/0.6.6 msrest_azure/0.6.0 azure-mgmt-containerservice/4.4.0
        Azure-SDK-For-Python AZURECLI/2.0.62
      accept-language:
      - en-US
    method: PUT
    uri: https://management.azure.com/subscriptions/00000000-0000-0000-0000-000000000000/resourceGroups/clitest000001/providers/Microsoft.ContainerService/managedClusters/cliakstest000003?api-version=2018-03-31
  response:
    body:
      string: "{\n  \"code\": \"ServicePrincipalNotFound\",\n  \"message\": \"Service
        principal clientID: clitest000002 not found in Active Directory tenant 54826b22-38d6-4fb2-bad9-b7b93a3e9c5a,
        Please see https://aka.ms/aks-sp-help for more details.\"\n }"
    headers:
      cache-control:
      - no-cache
      content-length:
      - '241'
      content-type:
      - application/json
      date:
      - Mon, 22 Apr 2019 15:32:21 GMT
      expires:
      - '-1'
      pragma:
      - no-cache
      server:
      - nginx
      strict-transport-security:
      - max-age=31536000; includeSubDomains
      x-content-type-options:
      - nosniff
      x-ms-ratelimit-remaining-subscription-writes:
      - '1197'
    status:
      code: 400
      message: Bad Request
- request:
    body: 'b''b\''b\\\''b\\\\\\\''{"location": "eastus", "properties": {"kubernetesVersion":
      "", "dnsPrefix": "cliakstest-clitestvsm64ax2y-0b1f64", "agentPoolProfiles":
      [{"name": "nodepool1", "count": 1, "vmSize": "Standard_DS2_v2", "vnetSubnetID":
      "/subscriptions/00000000-0000-0000-0000-000000000000/resourceGroups/clitest000001/providers/Microsoft.Network/virtualNetworks/clivnet000004/subnets/clisubnet000005",
      "osType": "Linux"}], "servicePrincipalProfile": {"clientId": "clitest000002",
      "secret": "219ce8c7-a36c-46a3-b641-bc9d0b310049"}, "addonProfiles": {}, "enableRBAC":
      true}}\\\\\\\''\\\''\'''''
    headers:
      Accept:
      - application/json
      Accept-Encoding:
      - gzip, deflate
      CommandName:
      - aks create
      Connection:
      - keep-alive
      Content-Length:
      - '570'
      Content-Type:
      - application/json; charset=utf-8
      ParameterSetName:
      - --resource-group --name --location --node-count --service-principal --client-secret
        --vnet-subnet-id --skip-subnet-role-assignment --no-ssh-key
      User-Agent:
      - python/3.7.3 (Windows-10-10.0.17763-SP0) msrest/0.6.6 msrest_azure/0.6.0 azure-mgmt-containerservice/4.4.0
        Azure-SDK-For-Python AZURECLI/2.0.62
      accept-language:
      - en-US
    method: PUT
    uri: https://management.azure.com/subscriptions/00000000-0000-0000-0000-000000000000/resourceGroups/clitest000001/providers/Microsoft.ContainerService/managedClusters/cliakstest000003?api-version=2018-03-31
  response:
    body:
      string: "{\n  \"code\": \"ServicePrincipalNotFound\",\n  \"message\": \"Service
        principal clientID: clitest000002 not found in Active Directory tenant 54826b22-38d6-4fb2-bad9-b7b93a3e9c5a,
        Please see https://aka.ms/aks-sp-help for more details.\"\n }"
    headers:
      cache-control:
      - no-cache
      content-length:
      - '241'
      content-type:
      - application/json
      date:
      - Mon, 22 Apr 2019 15:32:42 GMT
      expires:
      - '-1'
      pragma:
      - no-cache
      server:
      - nginx
      strict-transport-security:
      - max-age=31536000; includeSubDomains
      x-content-type-options:
      - nosniff
      x-ms-ratelimit-remaining-subscription-writes:
      - '1197'
    status:
      code: 400
      message: Bad Request
- request:
    body: 'b''b\''b\\\''b\\\\\\\''{"location": "eastus", "properties": {"kubernetesVersion":
      "", "dnsPrefix": "cliakstest-clitestvsm64ax2y-0b1f64", "agentPoolProfiles":
      [{"name": "nodepool1", "count": 1, "vmSize": "Standard_DS2_v2", "vnetSubnetID":
      "/subscriptions/00000000-0000-0000-0000-000000000000/resourceGroups/clitest000001/providers/Microsoft.Network/virtualNetworks/clivnet000004/subnets/clisubnet000005",
      "osType": "Linux"}], "servicePrincipalProfile": {"clientId": "clitest000002",
      "secret": "219ce8c7-a36c-46a3-b641-bc9d0b310049"}, "addonProfiles": {}, "enableRBAC":
      true}}\\\\\\\''\\\''\'''''
    headers:
      Accept:
      - application/json
      Accept-Encoding:
      - gzip, deflate
      CommandName:
      - aks create
      Connection:
      - keep-alive
      Content-Length:
      - '570'
      Content-Type:
      - application/json; charset=utf-8
      ParameterSetName:
      - --resource-group --name --location --node-count --service-principal --client-secret
        --vnet-subnet-id --skip-subnet-role-assignment --no-ssh-key
      User-Agent:
      - python/3.7.3 (Windows-10-10.0.17763-SP0) msrest/0.6.6 msrest_azure/0.6.0 azure-mgmt-containerservice/4.4.0
        Azure-SDK-For-Python AZURECLI/2.0.62
      accept-language:
      - en-US
    method: PUT
    uri: https://management.azure.com/subscriptions/00000000-0000-0000-0000-000000000000/resourceGroups/clitest000001/providers/Microsoft.ContainerService/managedClusters/cliakstest000003?api-version=2018-03-31
  response:
    body:
      string: "{\n  \"code\": \"ServicePrincipalNotFound\",\n  \"message\": \"Service
        principal clientID: clitest000002 not found in Active Directory tenant 54826b22-38d6-4fb2-bad9-b7b93a3e9c5a,
        Please see https://aka.ms/aks-sp-help for more details.\"\n }"
    headers:
      cache-control:
      - no-cache
      content-length:
      - '241'
      content-type:
      - application/json
      date:
      - Mon, 22 Apr 2019 15:33:08 GMT
      expires:
      - '-1'
      pragma:
      - no-cache
      server:
      - nginx
      strict-transport-security:
      - max-age=31536000; includeSubDomains
      x-content-type-options:
      - nosniff
      x-ms-ratelimit-remaining-subscription-writes:
      - '1196'
    status:
      code: 400
      message: Bad Request
- request:
    body: 'b''b\''b\\\''b\\\\\\\''{"location": "eastus", "properties": {"kubernetesVersion":
      "", "dnsPrefix": "cliakstest-clitestvsm64ax2y-0b1f64", "agentPoolProfiles":
      [{"name": "nodepool1", "count": 1, "vmSize": "Standard_DS2_v2", "vnetSubnetID":
      "/subscriptions/00000000-0000-0000-0000-000000000000/resourceGroups/clitest000001/providers/Microsoft.Network/virtualNetworks/clivnet000004/subnets/clisubnet000005",
      "osType": "Linux"}], "servicePrincipalProfile": {"clientId": "clitest000002",
      "secret": "219ce8c7-a36c-46a3-b641-bc9d0b310049"}, "addonProfiles": {}, "enableRBAC":
      true}}\\\\\\\''\\\''\'''''
    headers:
      Accept:
      - application/json
      Accept-Encoding:
      - gzip, deflate
      CommandName:
      - aks create
      Connection:
      - keep-alive
      Content-Length:
      - '570'
      Content-Type:
      - application/json; charset=utf-8
      ParameterSetName:
      - --resource-group --name --location --node-count --service-principal --client-secret
        --vnet-subnet-id --skip-subnet-role-assignment --no-ssh-key
      User-Agent:
      - python/3.7.3 (Windows-10-10.0.17763-SP0) msrest/0.6.6 msrest_azure/0.6.0 azure-mgmt-containerservice/4.4.0
        Azure-SDK-For-Python AZURECLI/2.0.62
      accept-language:
      - en-US
    method: PUT
    uri: https://management.azure.com/subscriptions/00000000-0000-0000-0000-000000000000/resourceGroups/clitest000001/providers/Microsoft.ContainerService/managedClusters/cliakstest000003?api-version=2018-03-31
  response:
    body:
      string: "{\n  \"code\": \"ServicePrincipalNotFound\",\n  \"message\": \"Service
        principal clientID: clitest000002 not found in Active Directory tenant 54826b22-38d6-4fb2-bad9-b7b93a3e9c5a,
        Please see https://aka.ms/aks-sp-help for more details.\"\n }"
    headers:
      cache-control:
      - no-cache
      content-length:
      - '241'
      content-type:
      - application/json
      date:
      - Mon, 22 Apr 2019 15:33:32 GMT
      expires:
      - '-1'
      pragma:
      - no-cache
      server:
      - nginx
      strict-transport-security:
      - max-age=31536000; includeSubDomains
      x-content-type-options:
      - nosniff
      x-ms-ratelimit-remaining-subscription-writes:
      - '1194'
    status:
      code: 400
      message: Bad Request
- request:
    body: 'b''b\''b\\\''b\\\\\\\''{"location": "eastus", "properties": {"kubernetesVersion":
      "", "dnsPrefix": "cliakstest-clitestvsm64ax2y-0b1f64", "agentPoolProfiles":
      [{"name": "nodepool1", "count": 1, "vmSize": "Standard_DS2_v2", "vnetSubnetID":
      "/subscriptions/00000000-0000-0000-0000-000000000000/resourceGroups/clitest000001/providers/Microsoft.Network/virtualNetworks/clivnet000004/subnets/clisubnet000005",
      "osType": "Linux"}], "servicePrincipalProfile": {"clientId": "clitest000002",
      "secret": "219ce8c7-a36c-46a3-b641-bc9d0b310049"}, "addonProfiles": {}, "enableRBAC":
      true}}\\\\\\\''\\\''\'''''
    headers:
      Accept:
      - application/json
      Accept-Encoding:
      - gzip, deflate
      CommandName:
      - aks create
      Connection:
      - keep-alive
      Content-Length:
      - '570'
      Content-Type:
      - application/json; charset=utf-8
      ParameterSetName:
      - --resource-group --name --location --node-count --service-principal --client-secret
        --vnet-subnet-id --skip-subnet-role-assignment --no-ssh-key
      User-Agent:
      - python/3.7.3 (Windows-10-10.0.17763-SP0) msrest/0.6.6 msrest_azure/0.6.0 azure-mgmt-containerservice/4.4.0
        Azure-SDK-For-Python AZURECLI/2.0.62
      accept-language:
      - en-US
    method: PUT
    uri: https://management.azure.com/subscriptions/00000000-0000-0000-0000-000000000000/resourceGroups/clitest000001/providers/Microsoft.ContainerService/managedClusters/cliakstest000003?api-version=2018-03-31
  response:
    body:
      string: "{\n  \"code\": \"ServicePrincipalNotFound\",\n  \"message\": \"Service
        principal clientID: clitest000002 not found in Active Directory tenant 54826b22-38d6-4fb2-bad9-b7b93a3e9c5a,
        Please see https://aka.ms/aks-sp-help for more details.\"\n }"
    headers:
      cache-control:
      - no-cache
      content-length:
      - '241'
      content-type:
      - application/json
      date:
      - Mon, 22 Apr 2019 15:33:54 GMT
      expires:
      - '-1'
      pragma:
      - no-cache
      server:
      - nginx
      strict-transport-security:
      - max-age=31536000; includeSubDomains
      x-content-type-options:
      - nosniff
      x-ms-ratelimit-remaining-subscription-writes:
      - '1197'
    status:
      code: 400
      message: Bad Request
- request:
    body: 'b''b\''b\\\''b\\\\\\\''{"location": "eastus", "properties": {"kubernetesVersion":
      "", "dnsPrefix": "cliakstest-clitestvsm64ax2y-0b1f64", "agentPoolProfiles":
      [{"name": "nodepool1", "count": 1, "vmSize": "Standard_DS2_v2", "vnetSubnetID":
      "/subscriptions/00000000-0000-0000-0000-000000000000/resourceGroups/clitest000001/providers/Microsoft.Network/virtualNetworks/clivnet000004/subnets/clisubnet000005",
      "osType": "Linux"}], "servicePrincipalProfile": {"clientId": "clitest000002",
      "secret": "219ce8c7-a36c-46a3-b641-bc9d0b310049"}, "addonProfiles": {}, "enableRBAC":
      true}}\\\\\\\''\\\''\'''''
    headers:
      Accept:
      - application/json
      Accept-Encoding:
      - gzip, deflate
      CommandName:
      - aks create
      Connection:
      - keep-alive
      Content-Length:
      - '570'
      Content-Type:
      - application/json; charset=utf-8
      ParameterSetName:
      - --resource-group --name --location --node-count --service-principal --client-secret
        --vnet-subnet-id --skip-subnet-role-assignment --no-ssh-key
      User-Agent:
      - python/3.7.3 (Windows-10-10.0.17763-SP0) msrest/0.6.6 msrest_azure/0.6.0 azure-mgmt-containerservice/4.4.0
        Azure-SDK-For-Python AZURECLI/2.0.62
      accept-language:
      - en-US
    method: PUT
    uri: https://management.azure.com/subscriptions/00000000-0000-0000-0000-000000000000/resourceGroups/clitest000001/providers/Microsoft.ContainerService/managedClusters/cliakstest000003?api-version=2018-03-31
  response:
    body:
      string: "{\n  \"code\": \"ServicePrincipalNotFound\",\n  \"message\": \"Service
        principal clientID: clitest000002 not found in Active Directory tenant 54826b22-38d6-4fb2-bad9-b7b93a3e9c5a,
        Please see https://aka.ms/aks-sp-help for more details.\"\n }"
    headers:
      cache-control:
      - no-cache
      content-length:
      - '241'
      content-type:
      - application/json
      date:
      - Mon, 22 Apr 2019 15:34:20 GMT
      expires:
      - '-1'
      pragma:
      - no-cache
      server:
      - nginx
      strict-transport-security:
      - max-age=31536000; includeSubDomains
      x-content-type-options:
      - nosniff
      x-ms-ratelimit-remaining-subscription-writes:
      - '1195'
    status:
      code: 400
      message: Bad Request
- request:
    body: 'b''b\''b\\\''b\\\\\\\''{"location": "eastus", "properties": {"kubernetesVersion":
      "", "dnsPrefix": "cliakstest-clitestvsm64ax2y-0b1f64", "agentPoolProfiles":
      [{"name": "nodepool1", "count": 1, "vmSize": "Standard_DS2_v2", "vnetSubnetID":
      "/subscriptions/00000000-0000-0000-0000-000000000000/resourceGroups/clitest000001/providers/Microsoft.Network/virtualNetworks/clivnet000004/subnets/clisubnet000005",
      "osType": "Linux"}], "servicePrincipalProfile": {"clientId": "clitest000002",
      "secret": "219ce8c7-a36c-46a3-b641-bc9d0b310049"}, "addonProfiles": {}, "enableRBAC":
      true}}\\\\\\\''\\\''\'''''
    headers:
      Accept:
      - application/json
      Accept-Encoding:
      - gzip, deflate
      CommandName:
      - aks create
      Connection:
      - keep-alive
      Content-Length:
      - '570'
      Content-Type:
      - application/json; charset=utf-8
      ParameterSetName:
      - --resource-group --name --location --node-count --service-principal --client-secret
        --vnet-subnet-id --skip-subnet-role-assignment --no-ssh-key
      User-Agent:
      - python/3.7.3 (Windows-10-10.0.17763-SP0) msrest/0.6.6 msrest_azure/0.6.0 azure-mgmt-containerservice/4.4.0
        Azure-SDK-For-Python AZURECLI/2.0.62
      accept-language:
      - en-US
    method: PUT
    uri: https://management.azure.com/subscriptions/00000000-0000-0000-0000-000000000000/resourceGroups/clitest000001/providers/Microsoft.ContainerService/managedClusters/cliakstest000003?api-version=2018-03-31
  response:
    body:
      string: "{\n  \"code\": \"ServicePrincipalNotFound\",\n  \"message\": \"Service
        principal clientID: clitest000002 not found in Active Directory tenant 54826b22-38d6-4fb2-bad9-b7b93a3e9c5a,
        Please see https://aka.ms/aks-sp-help for more details.\"\n }"
    headers:
      cache-control:
      - no-cache
      content-length:
      - '241'
      content-type:
      - application/json
      date:
      - Mon, 22 Apr 2019 15:34:41 GMT
      expires:
      - '-1'
      pragma:
      - no-cache
      server:
      - nginx
      strict-transport-security:
      - max-age=31536000; includeSubDomains
      x-content-type-options:
      - nosniff
      x-ms-ratelimit-remaining-subscription-writes:
      - '1195'
    status:
      code: 400
      message: Bad Request
- request:
    body: null
    headers:
      Accept:
      - application/json
      Accept-Encoding:
      - gzip, deflate
      CommandName:
      - ad sp delete
      Connection:
      - keep-alive
      ParameterSetName:
      - --id
      User-Agent:
      - python/3.7.3 (Windows-10-10.0.17763-SP0) msrest/0.6.6 msrest_azure/0.6.0 azure-graphrbac/0.60.0
        Azure-SDK-For-Python AZURECLI/2.0.62
      accept-language:
      - en-US
    method: GET
    uri: https://graph.windows.net/00000000-0000-0000-0000-000000000000/servicePrincipals?$filter=servicePrincipalNames%2Fany%28c%3Ac%20eq%20%277ec3a0f9-0ef1-4b01-bee0-83d5bf273f89%27%29&api-version=1.6
  response:
    body:
      string: '{"odata.metadata":"https://graph.windows.net/00000000-0000-0000-0000-000000000000/$metadata#directoryObjects","value":[{"odata.type":"Microsoft.DirectoryServices.ServicePrincipal","objectType":"ServicePrincipal","objectId":"7e7947f8-22a3-47d5-8bc9-ef57438b4bbb","deletionTimestamp":null,"accountEnabled":true,"addIns":[],"alternativeNames":[],"appDisplayName":"clitest000002","appId":"7ec3a0f9-0ef1-4b01-bee0-83d5bf273f89","applicationTemplateId":null,"appOwnerTenantId":"54826b22-38d6-4fb2-bad9-b7b93a3e9c5a","appRoleAssignmentRequired":false,"appRoles":[],"displayName":"clitest000002","errorUrl":null,"homepage":"https://clitest000002","informationalUrls":{"termsOfService":null,"support":null,"privacy":null,"marketing":null},"keyCredentials":[],"logoutUrl":null,"notificationEmailAddresses":[],"oauth2Permissions":[{"adminConsentDescription":"Allow
        the application to access clitest000002 on behalf of the signed-in user.","adminConsentDisplayName":"Access
        clitest000002","id":"58ecb7b7-ce1a-4793-99cc-344d5cbb7131","isEnabled":true,"type":"User","userConsentDescription":"Allow
        the application to access clitest000002 on your behalf.","userConsentDisplayName":"Access
        clitest000002","value":"user_impersonation"}],"passwordCredentials":[],"preferredSingleSignOnMode":null,"preferredTokenSigningKeyEndDateTime":null,"preferredTokenSigningKeyThumbprint":null,"publisherName":"AzureSDKTeam","replyUrls":[],"samlMetadataUrl":null,"samlSingleSignOnSettings":null,"servicePrincipalNames":["http://clitest000002","7ec3a0f9-0ef1-4b01-bee0-83d5bf273f89"],"servicePrincipalType":"Application","signInAudience":"AzureADMyOrg","tags":[],"tokenEncryptionKeyId":null}]}'
    headers:
      access-control-allow-origin:
      - '*'
      cache-control:
      - no-cache
      content-length:
      - '1749'
      content-type:
      - application/json; odata=minimalmetadata; streaming=true; charset=utf-8
      dataserviceversion:
      - 3.0;
      date:
      - Mon, 22 Apr 2019 15:34:45 GMT
      duration:
      - '604867'
      expires:
      - '-1'
      ocp-aad-diagnostics-server-name:
      - uCCQbpgVHNC8rue1lL9wVVx/oAWeG8jNKc51+E8x6H4=
      ocp-aad-session-key:
      - ROPcxV0NRjboX-T1mtCJIrC5pxJjqxYHcMS54POQDkcgXBChxkYs8M6Nh7zn777T5JQfSF-GsESdRbQd07tMVtQ7jAMQcmbTL_4R__Dz8fOKpXduCHprYp3bF43-upVdFJSH4_XVa9lJTjtFCuwFEQ.uqKtuK1LnK18u-a4_Kcsgdi6Efnr0l5LW5bdEv_WlG4
      pragma:
      - no-cache
      request-id:
      - cfda5b3f-f936-4ec2-8c3c-3d7dee349a8c
      strict-transport-security:
      - max-age=31536000; includeSubDomains
      x-aspnet-version:
      - 4.0.30319
      x-ms-dirapi-data-contract-version:
      - '1.6'
      x-powered-by:
      - ASP.NET
    status:
      code: 200
      message: OK
- request:
    body: null
    headers:
      Accept:
      - application/json
      Accept-Encoding:
      - gzip, deflate
      CommandName:
      - ad sp delete
      Connection:
      - keep-alive
      ParameterSetName:
      - --id
      User-Agent:
      - python/3.7.3 (Windows-10-10.0.17763-SP0) msrest/0.6.6 msrest_azure/0.6.0 azure-graphrbac/0.60.0
        Azure-SDK-For-Python AZURECLI/2.0.62
      accept-language:
      - en-US
    method: GET
    uri: https://graph.windows.net/00000000-0000-0000-0000-000000000000/servicePrincipals/7e7947f8-22a3-47d5-8bc9-ef57438b4bbb?api-version=1.6
  response:
    body:
      string: '{"odata.metadata":"https://graph.windows.net/00000000-0000-0000-0000-000000000000/$metadata#directoryObjects/@Element","odata.type":"Microsoft.DirectoryServices.ServicePrincipal","objectType":"ServicePrincipal","objectId":"7e7947f8-22a3-47d5-8bc9-ef57438b4bbb","deletionTimestamp":null,"accountEnabled":true,"addIns":[],"alternativeNames":[],"appDisplayName":"clitest000002","appId":"7ec3a0f9-0ef1-4b01-bee0-83d5bf273f89","applicationTemplateId":null,"appOwnerTenantId":"54826b22-38d6-4fb2-bad9-b7b93a3e9c5a","appRoleAssignmentRequired":false,"appRoles":[],"displayName":"clitest000002","errorUrl":null,"homepage":"https://clitest000002","informationalUrls":{"termsOfService":null,"support":null,"privacy":null,"marketing":null},"keyCredentials":[],"logoutUrl":null,"notificationEmailAddresses":[],"oauth2Permissions":[{"adminConsentDescription":"Allow
        the application to access clitest000002 on behalf of the signed-in user.","adminConsentDisplayName":"Access
        clitest000002","id":"58ecb7b7-ce1a-4793-99cc-344d5cbb7131","isEnabled":true,"type":"User","userConsentDescription":"Allow
        the application to access clitest000002 on your behalf.","userConsentDisplayName":"Access
        clitest000002","value":"user_impersonation"}],"passwordCredentials":[],"preferredSingleSignOnMode":null,"preferredTokenSigningKeyEndDateTime":null,"preferredTokenSigningKeyThumbprint":null,"publisherName":"AzureSDKTeam","replyUrls":[],"samlMetadataUrl":null,"samlSingleSignOnSettings":null,"servicePrincipalNames":["http://clitest000002","7ec3a0f9-0ef1-4b01-bee0-83d5bf273f89"],"servicePrincipalType":"Application","signInAudience":"AzureADMyOrg","tags":[],"tokenEncryptionKeyId":null}'
    headers:
      access-control-allow-origin:
      - '*'
      cache-control:
      - no-cache
      content-length:
      - '1746'
      content-type:
      - application/json; odata=minimalmetadata; streaming=true; charset=utf-8
      dataserviceversion:
      - 3.0;
      date:
      - Mon, 22 Apr 2019 15:34:45 GMT
      duration:
      - '557176'
      expires:
      - '-1'
      ocp-aad-diagnostics-server-name:
      - OQLywiI52PNERwXzjFjjauDsq3Wqe1LaqVZPFAotG7Q=
      ocp-aad-session-key:
      - GLXrewRkk0VSdxeWYeA21SBVZMY8g_vX8-M6uErUMT1eaMmulePh-zRDLxvB4fQBZxEYmG8F9iMdXYD7lnDjO5I5wlDv9KXU-4ir3_dH220Ow8T8_SW8UualFcP0YL6NhsgWw6Wq6tIAoeJcT-CIRg.Mgo_2lSC3O6mTwMBhpzE1F8QOPKxOHaHyuLIciCOyXY
      pragma:
      - no-cache
      request-id:
      - 04dc73a1-260c-410c-8635-7900af79a64f
      strict-transport-security:
      - max-age=31536000; includeSubDomains
      x-aspnet-version:
      - 4.0.30319
      x-ms-dirapi-data-contract-version:
      - '1.6'
      x-powered-by:
      - ASP.NET
    status:
      code: 200
      message: OK
- request:
    body: null
    headers:
      Accept:
      - application/json
      Accept-Encoding:
      - gzip, deflate
      CommandName:
      - ad sp delete
      Connection:
      - keep-alive
      ParameterSetName:
      - --id
      User-Agent:
      - python/3.7.3 (Windows-10-10.0.17763-SP0) msrest/0.6.6 msrest_azure/0.6.0 azure-graphrbac/0.60.0
        Azure-SDK-For-Python AZURECLI/2.0.62
      accept-language:
      - en-US
    method: GET
    uri: https://graph.windows.net/00000000-0000-0000-0000-000000000000/applications?$filter=identifierUris%2Fany%28s%3As%20eq%20%27http%3A%2F%2Fclitest000002%27%29&api-version=1.6
  response:
    body:
      string: '{"odata.metadata":"https://graph.windows.net/00000000-0000-0000-0000-000000000000/$metadata#directoryObjects","value":[{"odata.type":"Microsoft.DirectoryServices.Application","objectType":"Application","objectId":"bef4667c-01c4-4b83-a1a6-17179ad469e0","deletionTimestamp":null,"acceptMappedClaims":null,"addIns":[],"appId":"7ec3a0f9-0ef1-4b01-bee0-83d5bf273f89","applicationTemplateId":null,"appRoles":[],"availableToOtherTenants":false,"displayName":"clitest000002","errorUrl":null,"groupMembershipClaims":null,"homepage":"https://clitest000002","identifierUris":["http://clitest000002"],"informationalUrls":{"termsOfService":null,"support":null,"privacy":null,"marketing":null},"isDeviceOnlyAuthSupported":null,"keyCredentials":[],"knownClientApplications":[],"logoutUrl":null,"logo@odata.mediaEditLink":"directoryObjects/bef4667c-01c4-4b83-a1a6-17179ad469e0/Microsoft.DirectoryServices.Application/logo","logoUrl":null,"mainLogo@odata.mediaEditLink":"directoryObjects/bef4667c-01c4-4b83-a1a6-17179ad469e0/Microsoft.DirectoryServices.Application/mainLogo","oauth2AllowIdTokenImplicitFlow":true,"oauth2AllowImplicitFlow":false,"oauth2AllowUrlPathMatching":false,"oauth2Permissions":[{"adminConsentDescription":"Allow
        the application to access clitest000002 on behalf of the signed-in user.","adminConsentDisplayName":"Access
        clitest000002","id":"58ecb7b7-ce1a-4793-99cc-344d5cbb7131","isEnabled":true,"type":"User","userConsentDescription":"Allow
        the application to access clitest000002 on your behalf.","userConsentDisplayName":"Access
        clitest000002","value":"user_impersonation"}],"oauth2RequirePostResponse":false,"optionalClaims":null,"orgRestrictions":[],"parentalControlSettings":{"countriesBlockedForMinors":[],"legalAgeGroupRule":"Allow"},"passwordCredentials":[{"customKeyIdentifier":"//5yAGIAYQBjAA==","endDate":"2020-04-22T15:22:56.628568Z","keyId":"2796bc5d-5cb2-4fde-b8b7-dfb2d06416e6","startDate":"2019-04-22T15:22:56.628568Z","value":null}],"publicClient":null,"publisherDomain":"AzureSDKTeam.onmicrosoft.com","recordConsentConditions":null,"replyUrls":[],"requiredResourceAccess":[],"samlMetadataUrl":null,"signInAudience":"AzureADMyOrg","tokenEncryptionKeyId":null}]}'
    headers:
      access-control-allow-origin:
      - '*'
      cache-control:
      - no-cache
      content-length:
      - '2262'
      content-type:
      - application/json; odata=minimalmetadata; streaming=true; charset=utf-8
      dataserviceversion:
      - 3.0;
      date:
      - Mon, 22 Apr 2019 15:34:45 GMT
      duration:
      - '541648'
      expires:
      - '-1'
      ocp-aad-diagnostics-server-name:
      - ISbjmcjIryw8imO8hLdMu3pPCFK4JbNjsBFNQwzSQzU=
      ocp-aad-session-key:
      - n_xhf1qn0f4b_kvHkf7NOLbvEeot9SueeilFEZVxRpoNGWbg9Gu5gf6fFqeiE9jwy4O2BRBbsyyOlTR82gNipbqwFQEH2biom-080AaXKWUqYF6gttyX2Lwb2JAkIHvTWrfqmLe4qVgDjPFKG6hQOQ.jeVSO4nJMQ9yBLbGhosoL172C9PVUunS9GWjd--Eu_A
      pragma:
      - no-cache
      request-id:
      - 810c6d0a-126e-4665-ad57-67281aed3133
      strict-transport-security:
      - max-age=31536000; includeSubDomains
      x-aspnet-version:
      - 4.0.30319
      x-ms-dirapi-data-contract-version:
      - '1.6'
      x-powered-by:
      - ASP.NET
    status:
      code: 200
      message: OK
- request:
    body: null
    headers:
      Accept:
      - application/json
      Accept-Encoding:
      - gzip, deflate
      CommandName:
      - ad sp delete
      Connection:
      - keep-alive
      ParameterSetName:
      - --id
      User-Agent:
      - python/3.7.3 (Windows-10-10.0.17763-SP0) msrest/0.6.6 msrest_azure/0.6.0 azure-graphrbac/0.60.0
        Azure-SDK-For-Python AZURECLI/2.0.62
      accept-language:
      - en-US
    method: GET
    uri: https://graph.windows.net/00000000-0000-0000-0000-000000000000/servicePrincipals?$filter=servicePrincipalNames%2Fany%28c%3Ac%20eq%20%277ec3a0f9-0ef1-4b01-bee0-83d5bf273f89%27%29&api-version=1.6
  response:
    body:
      string: '{"odata.metadata":"https://graph.windows.net/00000000-0000-0000-0000-000000000000/$metadata#directoryObjects","value":[{"odata.type":"Microsoft.DirectoryServices.ServicePrincipal","objectType":"ServicePrincipal","objectId":"7e7947f8-22a3-47d5-8bc9-ef57438b4bbb","deletionTimestamp":null,"accountEnabled":true,"addIns":[],"alternativeNames":[],"appDisplayName":"clitest000002","appId":"7ec3a0f9-0ef1-4b01-bee0-83d5bf273f89","applicationTemplateId":null,"appOwnerTenantId":"54826b22-38d6-4fb2-bad9-b7b93a3e9c5a","appRoleAssignmentRequired":false,"appRoles":[],"displayName":"clitest000002","errorUrl":null,"homepage":"https://clitest000002","informationalUrls":{"termsOfService":null,"support":null,"privacy":null,"marketing":null},"keyCredentials":[],"logoutUrl":null,"notificationEmailAddresses":[],"oauth2Permissions":[{"adminConsentDescription":"Allow
        the application to access clitest000002 on behalf of the signed-in user.","adminConsentDisplayName":"Access
        clitest000002","id":"58ecb7b7-ce1a-4793-99cc-344d5cbb7131","isEnabled":true,"type":"User","userConsentDescription":"Allow
        the application to access clitest000002 on your behalf.","userConsentDisplayName":"Access
        clitest000002","value":"user_impersonation"}],"passwordCredentials":[],"preferredSingleSignOnMode":null,"preferredTokenSigningKeyEndDateTime":null,"preferredTokenSigningKeyThumbprint":null,"publisherName":"AzureSDKTeam","replyUrls":[],"samlMetadataUrl":null,"samlSingleSignOnSettings":null,"servicePrincipalNames":["http://clitest000002","7ec3a0f9-0ef1-4b01-bee0-83d5bf273f89"],"servicePrincipalType":"Application","signInAudience":"AzureADMyOrg","tags":[],"tokenEncryptionKeyId":null}]}'
    headers:
      access-control-allow-origin:
      - '*'
      cache-control:
      - no-cache
      content-length:
      - '1749'
      content-type:
      - application/json; odata=minimalmetadata; streaming=true; charset=utf-8
      dataserviceversion:
      - 3.0;
      date:
      - Mon, 22 Apr 2019 15:34:45 GMT
      duration:
      - '533127'
      expires:
      - '-1'
      ocp-aad-diagnostics-server-name:
      - smDzeL4bkZOf2IZ45+oQ9cb0D2p+UcizCJoyGyQLD1w=
      ocp-aad-session-key:
      - SyQabNaaC4ZKQRtOCGbNQaof_05e75hAtb8tZ8ptCpFuxz7HkFkABSE0N79AJ_SNyV4bbw5Zhj1a0P1u_IGh_HG3HjkIE1Lq0EDblmU-fo_pHapl3RZmFcjtV4UMZ_ikfGehiGO9x98QyTKeothDDw.nGBsc9st4MR528FDktozcvtkun6vZPLRxwTKicZcR_s
      pragma:
      - no-cache
      request-id:
      - 60156f9c-a897-437d-be6b-6e418d69fa0b
      strict-transport-security:
      - max-age=31536000; includeSubDomains
      x-aspnet-version:
      - 4.0.30319
      x-ms-dirapi-data-contract-version:
      - '1.6'
      x-powered-by:
      - ASP.NET
    status:
      code: 200
      message: OK
- request:
    body: null
    headers:
      Accept:
      - application/json
      Accept-Encoding:
      - gzip, deflate
      CommandName:
      - ad sp delete
      Connection:
      - keep-alive
      Content-Type:
      - application/json; charset=utf-8
      ParameterSetName:
      - --id
      User-Agent:
      - python/3.7.3 (Windows-10-10.0.17763-SP0) msrest/0.6.6 msrest_azure/0.6.0 azure-mgmt-authorization/0.50.0
        Azure-SDK-For-Python AZURECLI/2.0.62
      accept-language:
      - en-US
    method: GET
    uri: https://management.azure.com/subscriptions/00000000-0000-0000-0000-000000000000/providers/Microsoft.Authorization/roleAssignments?$filter=principalId%20eq%20%277e7947f8-22a3-47d5-8bc9-ef57438b4bbb%27&api-version=2018-01-01-preview
  response:
    body:
      string: '{"value":[]}'
    headers:
      cache-control:
      - no-cache
      content-length:
      - '12'
      content-type:
      - application/json; charset=utf-8
      date:
      - Mon, 22 Apr 2019 15:34:46 GMT
      expires:
      - '-1'
      pragma:
      - no-cache
      set-cookie:
      - x-ms-gateway-slice=Production; path=/; secure; HttpOnly
      strict-transport-security:
      - max-age=31536000; includeSubDomains
      transfer-encoding:
      - chunked
      vary:
      - Accept-Encoding
      x-content-type-options:
      - nosniff
      x-ms-request-charge:
      - '1'
    status:
      code: 200
      message: OK
- request:
    body: null
    headers:
      Accept:
      - application/json
      Accept-Encoding:
      - gzip, deflate
      CommandName:
      - ad sp delete
      Connection:
      - keep-alive
      Content-Length:
      - '0'
      ParameterSetName:
      - --id
      User-Agent:
      - python/3.7.3 (Windows-10-10.0.17763-SP0) msrest/0.6.6 msrest_azure/0.6.0 azure-graphrbac/0.60.0
        Azure-SDK-For-Python AZURECLI/2.0.62
      accept-language:
      - en-US
    method: DELETE
    uri: https://graph.windows.net/00000000-0000-0000-0000-000000000000/applications/bef4667c-01c4-4b83-a1a6-17179ad469e0?api-version=1.6
  response:
    body:
      string: ''
    headers:
      access-control-allow-origin:
      - '*'
      cache-control:
      - no-cache
      date:
      - Mon, 22 Apr 2019 15:34:46 GMT
      duration:
      - '1827087'
      expires:
      - '-1'
      ocp-aad-diagnostics-server-name:
      - oNrsfdz3Fhte7wfqy+uUhdb2Yij4mN6MnViek/b/vco=
      ocp-aad-session-key:
      - JMzraqZpyvC74HqbLk3e4sNl3sm0EPc3F7S_nmKnCP0W3-3cKllm5hqvdWLfBQJELA8c43lyP5k9xGEIy8gzSAFiDif-WpEyL9aVLkOdMpwX6bCA-D_Ov6qpgZl3jDfpBeaAc4vxJgHlplw7B29Vpg.QRVxFQhcTIg6fGJ4ydNtzhkzEYUbAOlESRPNzFuAb20
      pragma:
      - no-cache
      request-id:
      - f9a86807-5916-492a-83a8-9c11859cf1c3
      strict-transport-security:
      - max-age=31536000; includeSubDomains
      x-aspnet-version:
      - 4.0.30319
      x-ms-dirapi-data-contract-version:
      - '1.6'
      x-powered-by:
      - ASP.NET
    status:
      code: 204
      message: No Content
- request:
    body: null
    headers:
      Accept:
      - application/json
      Accept-Encoding:
      - gzip, deflate
      CommandName:
      - group delete
      Connection:
      - keep-alive
      Content-Length:
      - '0'
      ParameterSetName:
      - --name --yes --no-wait
      User-Agent:
      - python/3.7.3 (Windows-10-10.0.17763-SP0) msrest/0.6.6 msrest_azure/0.6.0 resourcemanagementclient/2.1.0
        Azure-SDK-For-Python AZURECLI/2.0.62
      accept-language:
      - en-US
    method: DELETE
    uri: https://management.azure.com/subscriptions/00000000-0000-0000-0000-000000000000/resourcegroups/clitest000001?api-version=2018-05-01
  response:
    body:
      string: ''
    headers:
      cache-control:
      - no-cache
      content-length:
      - '0'
      date:
      - Mon, 22 Apr 2019 15:34:48 GMT
      expires:
      - '-1'
      location:
      - https://management.azure.com/subscriptions/00000000-0000-0000-0000-000000000000/operationresults/eyJqb2JJZCI6IlJFU09VUkNFR1JPVVBERUxFVElPTkpPQi1DTElURVNUVlNNNjRBWDJZWS1FQVNUVVMiLCJqb2JMb2NhdGlvbiI6ImVhc3R1cyJ9?api-version=2018-05-01
      pragma:
      - no-cache
      strict-transport-security:
      - max-age=31536000; includeSubDomains
      x-content-type-options:
      - nosniff
      x-ms-ratelimit-remaining-subscription-deletes:
      - '14999'
    status:
      code: 202
      message: Accepted
version: 1
