interactions:
- request:
    body: '{"location": "westus2", "tags": {"product": "azurecli", "cause": "automation",
      "date": "2019-04-15T22:38:44Z"}}'
    headers:
      Accept:
      - application/json
      Accept-Encoding:
      - gzip, deflate
      CommandName:
      - group create
      Connection:
      - keep-alive
      Content-Length:
      - '111'
      Content-Type:
      - application/json; charset=utf-8
      ParameterSetName:
      - --location --name --tag
      User-Agent:
      - python/3.6.6 (Windows-10-10.0.17763-SP0) msrest/0.6.4 msrest_azure/0.4.34
        resourcemanagementclient/2.1.0 Azure-SDK-For-Python AZURECLI/2.0.62
      accept-language:
      - en-US
    method: PUT
    uri: https://management.azure.com/subscriptions/00000000-0000-0000-0000-000000000000/resourcegroups/clitest000001?api-version=2018-05-01
  response:
    body:
      string: '{"id":"/subscriptions/00000000-0000-0000-0000-000000000000/resourceGroups/clitest000001","name":"clitest000001","location":"westus2","tags":{"product":"azurecli","cause":"automation","date":"2019-04-15T22:38:44Z"},"properties":{"provisioningState":"Succeeded"}}'
    headers:
      cache-control:
      - no-cache
      content-length:
      - '269'
      content-type:
      - application/json; charset=utf-8
      date:
      - Mon, 15 Apr 2019 22:38:44 GMT
      expires:
      - '-1'
      pragma:
      - no-cache
      strict-transport-security:
      - max-age=31536000; includeSubDomains
      x-content-type-options:
      - nosniff
      x-ms-ratelimit-remaining-subscription-writes:
      - '1199'
    status:
      code: 201
      message: Created
- request:
    body: null
    headers:
      Accept:
      - application/json
      Accept-Encoding:
      - gzip, deflate
      CommandName:
      - ad sp create-for-rbac
      Connection:
      - keep-alive
      ParameterSetName:
      - -n --skip-assignment
      User-Agent:
      - python/3.6.6 (Windows-10-10.0.17763-SP0) msrest/0.6.4 msrest_azure/0.4.34
        azure-graphrbac/0.61.0 Azure-SDK-For-Python AZURECLI/2.0.62
      accept-language:
      - en-US
    method: GET
    uri: https://graph.windows.net/00000000-0000-0000-0000-000000000000/servicePrincipals?$filter=servicePrincipalNames%2Fany%28x%3Ax%20eq%20%27http%3A%2F%2Fclitest000002%27%29&api-version=1.6
  response:
    body:
      string: '{"odata.metadata":"https://graph.windows.net/00000000-0000-0000-0000-000000000000/$metadata#directoryObjects","value":[]}'
    headers:
      access-control-allow-origin:
      - '*'
      cache-control:
      - no-cache
      content-length:
      - '121'
      content-type:
      - application/json; odata=minimalmetadata; streaming=true; charset=utf-8
      dataserviceversion:
      - 3.0;
      date:
      - Mon, 15 Apr 2019 22:38:45 GMT
      duration:
      - '469532'
      expires:
      - '-1'
      ocp-aad-diagnostics-server-name:
      - NcWqSj/sn1Gs7WS77zsDP0PBWjCCvVzN+zmvny+nkzI=
      ocp-aad-session-key:
      - fvAcVvNoK-O8OwfDhs7NOI-V9HFAJFuUGUkGs7kjRDfOOpbWB9wJ_R-tDKt_l2pjPoJPMEOwQ80MKJJl7A4NRFjktqhsledCsrpiLqLImZkVjK_kJ6gLgty28Fmy6oR5OIa3TJ7ROAiwVV4MfT6ksw.wAw-uQwqZOAS3WKVLXRw6rUdayVX6mMuU4NUPjaF3u4
      pragma:
      - no-cache
      request-id:
      - 57d8cd07-c749-4f00-b4fb-458f16df1af1
      strict-transport-security:
      - max-age=31536000; includeSubDomains
      x-aspnet-version:
      - 4.0.30319
      x-ms-dirapi-data-contract-version:
      - '1.6'
      x-powered-by:
      - ASP.NET
    status:
      code: 200
      message: OK
- request:
    body: null
    headers:
      Accept:
      - application/json
      Accept-Encoding:
      - gzip, deflate
      CommandName:
      - ad sp create-for-rbac
      Connection:
      - keep-alive
      ParameterSetName:
      - -n --skip-assignment
      User-Agent:
      - python/3.6.6 (Windows-10-10.0.17763-SP0) msrest/0.6.4 msrest_azure/0.4.34
        azure-graphrbac/0.61.0 Azure-SDK-For-Python AZURECLI/2.0.62
      accept-language:
      - en-US
    method: GET
    uri: https://graph.windows.net/00000000-0000-0000-0000-000000000000/applications?$filter=startswith%28displayName%2C%27clitest000002%27%29&api-version=1.6
  response:
    body:
      string: '{"odata.metadata":"https://graph.windows.net/00000000-0000-0000-0000-000000000000/$metadata#directoryObjects","value":[]}'
    headers:
      access-control-allow-origin:
      - '*'
      cache-control:
      - no-cache
      content-length:
      - '121'
      content-type:
      - application/json; odata=minimalmetadata; streaming=true; charset=utf-8
      dataserviceversion:
      - 3.0;
      date:
      - Mon, 15 Apr 2019 22:38:45 GMT
      duration:
      - '497850'
      expires:
      - '-1'
      ocp-aad-diagnostics-server-name:
      - d1JB6ucVep7/SQwUJWs6eqivZfWvC07ij1sG/PhNZn0=
      ocp-aad-session-key:
      - jRzMkcs5dG18bs61K-WB8AlDkBZmZYqjZruQ9dxgK0oshNN0XafsGomaGmJW3oxme5RppnFsBe0hy1P8rfCIDtr_pSro3h4Iu_daHyF3ek9YOBZ8ARNke6uOtzjCBvtim3eBg8u_pm46a17RxkEZPg.HahTJE2lumA3oOADIHFBdlu4JYdOLPANvOxN_ainHh8
      pragma:
      - no-cache
      request-id:
      - 41b3b1b4-771f-469e-bbe1-b34d35ad7add
      strict-transport-security:
      - max-age=31536000; includeSubDomains
      x-aspnet-version:
      - 4.0.30319
      x-ms-dirapi-data-contract-version:
      - '1.6'
      x-powered-by:
      - ASP.NET
    status:
      code: 200
      message: OK
- request:
    body: 'b''{"availableToOtherTenants": false, "homepage": "https://clitest3edziffhxn",
      "passwordCredentials": [{"startDate": "2019-04-15T22:38:45.625512Z", "endDate":
      "2020-04-15T22:38:45.625512Z", "keyId": "621d6640-a6f9-4640-882f-1578397b83e9",
      "value": "e936ecd2-7bf1-4426-9cd5-eb1258d348a6", "customKeyIdentifier": "//5yAGIAYQBjAA=="}],
      "displayName": "clitest3edziffhxn", "identifierUris": ["http://clitest000002"]}'''
    headers:
      Accept:
      - application/json
      Accept-Encoding:
      - gzip, deflate
      CommandName:
      - ad sp create-for-rbac
      Connection:
      - keep-alive
      Content-Length:
      - '413'
      Content-Type:
      - application/json; charset=utf-8
      ParameterSetName:
      - -n --skip-assignment
      User-Agent:
      - python/3.6.6 (Windows-10-10.0.17763-SP0) msrest/0.6.4 msrest_azure/0.4.34
        azure-graphrbac/0.61.0 Azure-SDK-For-Python AZURECLI/2.0.62
      accept-language:
      - en-US
    method: POST
    uri: https://graph.windows.net/00000000-0000-0000-0000-000000000000/applications?api-version=1.6
  response:
    body:
      string: '{"odata.metadata":"https://graph.windows.net/00000000-0000-0000-0000-000000000000/$metadata#directoryObjects/@Element","odata.type":"Microsoft.DirectoryServices.Application","objectType":"Application","objectId":"99aca164-df4f-45b5-8b66-13d213a0f6d2","deletionTimestamp":null,"acceptMappedClaims":null,"addIns":[],"appId":"0d9b9910-e15d-41b8-bd92-1d0e126363fd","applicationTemplateId":null,"appRoles":[],"availableToOtherTenants":false,"displayName":"clitest3edziffhxn","errorUrl":null,"groupMembershipClaims":null,"homepage":"https://clitest3edziffhxn","identifierUris":["http://clitest000002"],"informationalUrls":{"termsOfService":null,"support":null,"privacy":null,"marketing":null},"isDeviceOnlyAuthSupported":null,"keyCredentials":[],"knownClientApplications":[],"logoutUrl":null,"logo@odata.mediaEditLink":"directoryObjects/99aca164-df4f-45b5-8b66-13d213a0f6d2/Microsoft.DirectoryServices.Application/logo","logo@odata.mediaContentType":"application/json;odata=minimalmetadata;
        charset=utf-8","logoUrl":null,"mainLogo@odata.mediaEditLink":"directoryObjects/99aca164-df4f-45b5-8b66-13d213a0f6d2/Microsoft.DirectoryServices.Application/mainLogo","oauth2AllowIdTokenImplicitFlow":true,"oauth2AllowImplicitFlow":false,"oauth2AllowUrlPathMatching":false,"oauth2Permissions":[{"adminConsentDescription":"Allow
        the application to access clitest3edziffhxn on behalf of the signed-in user.","adminConsentDisplayName":"Access
        clitest3edziffhxn","id":"828e422d-48eb-4e26-bda1-3f482801b114","isEnabled":true,"type":"User","userConsentDescription":"Allow
        the application to access clitest3edziffhxn on your behalf.","userConsentDisplayName":"Access
        clitest3edziffhxn","value":"user_impersonation"}],"oauth2RequirePostResponse":false,"optionalClaims":null,"orgRestrictions":[],"parentalControlSettings":{"countriesBlockedForMinors":[],"legalAgeGroupRule":"Allow"},"passwordCredentials":[{"customKeyIdentifier":"//5yAGIAYQBjAA==","endDate":"2020-04-15T22:38:45.625512Z","keyId":"621d6640-a6f9-4640-882f-1578397b83e9","startDate":"2019-04-15T22:38:45.625512Z","value":null}],"publicClient":null,"publisherDomain":"AzureSDKTeam.onmicrosoft.com","recordConsentConditions":null,"replyUrls":[],"requiredResourceAccess":[],"samlMetadataUrl":null,"signInAudience":"AzureADMyOrg","tokenEncryptionKeyId":null}'
    headers:
      access-control-allow-origin:
      - '*'
      cache-control:
      - no-cache
      content-length:
      - '2296'
      content-type:
      - application/json; odata=minimalmetadata; streaming=true; charset=utf-8
      dataserviceversion:
      - 3.0;
      date:
      - Mon, 15 Apr 2019 22:38:46 GMT
      duration:
      - '2565226'
      expires:
      - '-1'
      location:
      - https://graph.windows.net/00000000-0000-0000-0000-000000000000/directoryObjects/99aca164-df4f-45b5-8b66-13d213a0f6d2/Microsoft.DirectoryServices.Application
      ocp-aad-diagnostics-server-name:
      - w3tJqn0jyDeAoFh73yDbb9lqz5/zy6YCXtVsUDxAwdY=
      ocp-aad-session-key:
      - hWVz2kAmqiVWFK_8LinGdCDd5RFqMriCX3fJoRxwTL8JGf8ANgL_vjpthjsAWY5guP64Sbv6EDkbQASHhWZYvCodSKniCYIONBony-uuXX5JWHTAqS6E5P0uPaSnbpXydv8QAmcbjpqNMTekikV3Gg.VJFX-YNd3cjuRW4VKS78ZMt9wF_eQI4bXBoyK_7FiyY
      pragma:
      - no-cache
      request-id:
      - 760c671d-e5ff-4d26-84a7-22f65751ed83
      strict-transport-security:
      - max-age=31536000; includeSubDomains
      x-aspnet-version:
      - 4.0.30319
      x-ms-dirapi-data-contract-version:
      - '1.6'
      x-powered-by:
      - ASP.NET
    status:
      code: 201
      message: Created
- request:
    body: '{"accountEnabled": "True", "appId": "0d9b9910-e15d-41b8-bd92-1d0e126363fd"}'
    headers:
      Accept:
      - application/json
      Accept-Encoding:
      - gzip, deflate
      CommandName:
      - ad sp create-for-rbac
      Connection:
      - keep-alive
      Content-Length:
      - '75'
      Content-Type:
      - application/json; charset=utf-8
      ParameterSetName:
      - -n --skip-assignment
      User-Agent:
      - python/3.6.6 (Windows-10-10.0.17763-SP0) msrest/0.6.4 msrest_azure/0.4.34
        azure-graphrbac/0.61.0 Azure-SDK-For-Python AZURECLI/2.0.62
      accept-language:
      - en-US
    method: POST
    uri: https://graph.windows.net/00000000-0000-0000-0000-000000000000/servicePrincipals?api-version=1.6
  response:
    body:
      string: '{"odata.metadata":"https://graph.windows.net/00000000-0000-0000-0000-000000000000/$metadata#directoryObjects/@Element","odata.type":"Microsoft.DirectoryServices.ServicePrincipal","objectType":"ServicePrincipal","objectId":"b2838aa8-d2bb-4959-b3b2-3ac002f226f8","deletionTimestamp":null,"accountEnabled":true,"addIns":[],"alternativeNames":[],"appDisplayName":"clitest3edziffhxn","appId":"0d9b9910-e15d-41b8-bd92-1d0e126363fd","applicationTemplateId":null,"appOwnerTenantId":"54826b22-38d6-4fb2-bad9-b7b93a3e9c5a","appRoleAssignmentRequired":false,"appRoles":[],"displayName":"clitest3edziffhxn","errorUrl":null,"homepage":"https://clitest3edziffhxn","informationalUrls":{"termsOfService":null,"support":null,"privacy":null,"marketing":null},"keyCredentials":[],"logoutUrl":null,"notificationEmailAddresses":[],"oauth2Permissions":[{"adminConsentDescription":"Allow
        the application to access clitest3edziffhxn on behalf of the signed-in user.","adminConsentDisplayName":"Access
        clitest3edziffhxn","id":"828e422d-48eb-4e26-bda1-3f482801b114","isEnabled":true,"type":"User","userConsentDescription":"Allow
        the application to access clitest3edziffhxn on your behalf.","userConsentDisplayName":"Access
        clitest3edziffhxn","value":"user_impersonation"}],"passwordCredentials":[],"preferredSingleSignOnMode":null,"preferredTokenSigningKeyEndDateTime":null,"preferredTokenSigningKeyThumbprint":null,"publisherName":"AzureSDKTeam","replyUrls":[],"samlMetadataUrl":null,"samlSingleSignOnSettings":null,"servicePrincipalNames":["0d9b9910-e15d-41b8-bd92-1d0e126363fd","http://clitest000002"],"servicePrincipalType":"Application","signInAudience":"AzureADMyOrg","tags":[],"tokenEncryptionKeyId":null}'
    headers:
      access-control-allow-origin:
      - '*'
      cache-control:
      - no-cache
      content-length:
      - '1690'
      content-type:
      - application/json; odata=minimalmetadata; streaming=true; charset=utf-8
      dataserviceversion:
      - 3.0;
      date:
      - Mon, 15 Apr 2019 22:38:46 GMT
      duration:
      - '1706718'
      expires:
      - '-1'
      location:
      - https://graph.windows.net/00000000-0000-0000-0000-000000000000/directoryObjects/b2838aa8-d2bb-4959-b3b2-3ac002f226f8/Microsoft.DirectoryServices.ServicePrincipal
      ocp-aad-diagnostics-server-name:
      - qxb+5oPfk5khbaIhIq0eSgs4N8Ph11A7dFHFBiJUmhs=
      ocp-aad-session-key:
      - VKni0DE-BeuaGHLl6zlw8gbGAgqlyeG4v3o9GdYCGI-kvFs1-vcIavyZL-0qw-GqhKahkngwEdHb6F6iwzvmG-J1yScRqQTCbly90H1h0zZbioTVPk4yM9xnh_FK5yodvOmpQIWPejE124-uoWh7eg.mE0r3w7eND_YjBESEdfNrKMWZ8LzWOQLCzq-BakMOf8
      pragma:
      - no-cache
      request-id:
      - 2f71b3a7-14b8-4962-829f-81df6f6819de
      strict-transport-security:
      - max-age=31536000; includeSubDomains
      x-aspnet-version:
      - 4.0.30319
      x-ms-dirapi-data-contract-version:
      - '1.6'
      x-powered-by:
      - ASP.NET
    status:
      code: 201
      message: Created
- request:
    body: null
    headers:
      Accept:
      - application/json
      Accept-Encoding:
      - gzip, deflate
      CommandName:
      - aks get-versions
      Connection:
      - keep-alive
      ParameterSetName:
      - -l --query
      User-Agent:
      - python/3.6.6 (Windows-10-10.0.17763-SP0) msrest/0.6.4 msrest_azure/0.4.34
        azure-mgmt-containerservice/4.4.0 Azure-SDK-For-Python AZURECLI/2.0.62
      accept-language:
      - en-US
    method: GET
    uri: https://management.azure.com/subscriptions/00000000-0000-0000-0000-000000000000/providers/Microsoft.ContainerService/locations/eastus/orchestrators?api-version=2017-09-30&resource-type=managedClusters
  response:
    body:
      string: "{\n  \"id\": \"/subscriptions/00000000-0000-0000-0000-000000000000/providers/Microsoft.ContainerService/locations/eastus/orchestrators\",\n
        \ \"name\": \"default\",\n  \"type\": \"Microsoft.ContainerService/locations/orchestrators\",\n
        \ \"properties\": {\n   \"orchestrators\": [\n    {\n     \"orchestratorType\":
        \"Kubernetes\",\n     \"orchestratorVersion\": \"1.9.10\",\n     \"upgrades\":
        [\n      {\n       \"orchestratorVersion\": \"1.9.11\"\n      },\n      {\n
        \      \"orchestratorVersion\": \"1.10.12\"\n      },\n      {\n       \"orchestratorVersion\":
        \"1.10.13\"\n      }\n     ]\n    },\n    {\n     \"orchestratorType\": \"Kubernetes\",\n
        \    \"orchestratorVersion\": \"1.9.11\",\n     \"upgrades\": [\n      {\n
        \      \"orchestratorVersion\": \"1.10.12\"\n      },\n      {\n       \"orchestratorVersion\":
        \"1.10.13\"\n      }\n     ]\n    },\n    {\n     \"orchestratorType\": \"Kubernetes\",\n
        \    \"orchestratorVersion\": \"1.10.12\",\n     \"upgrades\": [\n      {\n
        \      \"orchestratorVersion\": \"1.10.13\"\n      },\n      {\n       \"orchestratorVersion\":
        \"1.11.8\"\n      },\n      {\n       \"orchestratorVersion\": \"1.11.9\"\n
        \     }\n     ]\n    },\n    {\n     \"orchestratorType\": \"Kubernetes\",\n
        \    \"orchestratorVersion\": \"1.10.13\",\n     \"upgrades\": [\n      {\n
        \      \"orchestratorVersion\": \"1.11.8\"\n      },\n      {\n       \"orchestratorVersion\":
        \"1.11.9\"\n      }\n     ]\n    },\n    {\n     \"orchestratorType\": \"Kubernetes\",\n
        \    \"orchestratorVersion\": \"1.11.8\",\n     \"upgrades\": [\n      {\n
        \      \"orchestratorVersion\": \"1.11.9\"\n      },\n      {\n       \"orchestratorVersion\":
        \"1.12.6\"\n      },\n      {\n       \"orchestratorVersion\": \"1.12.7\"\n
        \     }\n     ]\n    },\n    {\n     \"orchestratorType\": \"Kubernetes\",\n
        \    \"orchestratorVersion\": \"1.11.9\",\n     \"default\": true,\n     \"upgrades\":
        [\n      {\n       \"orchestratorVersion\": \"1.12.6\"\n      },\n      {\n
        \      \"orchestratorVersion\": \"1.12.7\"\n      }\n     ]\n    },\n    {\n
        \    \"orchestratorType\": \"Kubernetes\",\n     \"orchestratorVersion\":
        \"1.12.6\",\n     \"upgrades\": [\n      {\n       \"orchestratorVersion\":
        \"1.12.7\"\n      }\n     ]\n    },\n    {\n     \"orchestratorType\": \"Kubernetes\",\n
        \    \"orchestratorVersion\": \"1.12.7\"\n    }\n   ]\n  }\n }"
    headers:
      cache-control:
      - no-cache
      content-length:
      - '2087'
      content-type:
      - application/json
      date:
      - Mon, 15 Apr 2019 22:38:46 GMT
      expires:
      - '-1'
      pragma:
      - no-cache
      server:
      - nginx
      strict-transport-security:
      - max-age=31536000; includeSubDomains
      transfer-encoding:
      - chunked
      vary:
      - Accept-Encoding
      x-content-type-options:
      - nosniff
    status:
      code: 200
      message: OK
- request:
    body: null
    headers:
      Accept:
      - application/json
      Accept-Encoding:
      - gzip, deflate
      CommandName:
      - aks create
      Connection:
      - keep-alive
      ParameterSetName:
      - -g -n -p --nodepool-name -l --service-principal --client-secret -k --ssh-key-value
        --tags -c
      User-Agent:
      - python/3.6.6 (Windows-10-10.0.17763-SP0) msrest/0.6.4 msrest_azure/0.4.34
        resourcemanagementclient/2.1.0 Azure-SDK-For-Python AZURECLI/2.0.62
      accept-language:
      - en-US
    method: GET
    uri: https://management.azure.com/subscriptions/00000000-0000-0000-0000-000000000000/resourcegroups/clitest000001?api-version=2018-05-01
  response:
    body:
      string: '{"id":"/subscriptions/00000000-0000-0000-0000-000000000000/resourceGroups/clitest000001","name":"clitest000001","location":"westus2","tags":{"product":"azurecli","cause":"automation","date":"2019-04-15T22:38:44Z"},"properties":{"provisioningState":"Succeeded"}}'
    headers:
      cache-control:
      - no-cache
      content-length:
      - '269'
      content-type:
      - application/json; charset=utf-8
      date:
      - Mon, 15 Apr 2019 22:38:47 GMT
      expires:
      - '-1'
      pragma:
      - no-cache
      strict-transport-security:
      - max-age=31536000; includeSubDomains
      vary:
      - Accept-Encoding
      x-content-type-options:
      - nosniff
    status:
      code: 200
      message: OK
- request:
    body: 'b''b\''b\\\''{"location": "westus2", "tags": {"scenario_test": ""}, "properties":
      {"kubernetesVersion": "1.11.9", "dnsPrefix": "cliaksdns000004", "agentPoolProfiles":
      [{"name": "np000005", "count": 1, "vmSize": "Standard_DS2_v2", "osType": "Linux"}],
      "linuxProfile": {"adminUsername": "azureuser", "ssh": {"publicKeys": [{"keyData":
      "ssh-rsa AAAAB3NzaC1yc2EAAAADAQABAAACAQCbIg1guRHbI0lV11wWDt1r2cUdcNd27CJsg+SfgC7miZeubtwUhbsPdhMQsfDyhOWHq1+ZL0M+nJZV63d/1dhmhtgyOqejUwrPlzKhydsbrsdUor+JmNJDdW01v7BXHyuymT8G4s09jCasNOwiufbP/qp72ruu0bIA1nySsvlf9pCQAuFkAnVnf/rFhUlOkhtRpwcq8SUNY2zRHR/EKb/4NWY1JzR4sa3q2fWIJdrrX0DvLoa5g9bIEd4Df79ba7v+yiUBOS0zT2ll+z4g9izHK3EO5d8hL4jYxcjKs+wcslSYRWrascfscLgMlMGh0CdKeNTDjHpGPncaf3Z+FwwwjWeuiNBxv7bJo13/8B/098KlVDl4GZqsoBCEjPyJfV6hO0y/LkRGkk7oHWKgeWAfKtfLItRp00eZ4fcJNK9kCaSMmEugoZWcI7NGbZXzqFWqbpRI7NcDP9+WIQ+i9U5vqWsqd/zng4kbuAJ6UuKqIzB0upYrLShfQE3SAck8oaLhJqqq56VfDuASNpJKidV+zq27HfSBmbXnkR/5AK337dc3MXKJypoK/QPMLKUAP5XLPbs+NddJQV7EZXd29DLgp+fRIg3edpKdO7ZErWhv7d+3Kws+e1Y+ypmR2WIVSwVyBEUfgv2C8Ts9gnTF4pNcEY/S2aBicz5Ew2+jdyGNQQ==
      test@example.com\\\\\\\\n"}]}}, "servicePrincipalProfile": {"clientId": "http://clitest000002",
      "secret": "e936ecd2-7bf1-4426-9cd5-eb1258d348a6"}, "addonProfiles": {}, "enableRBAC":
      true}}\\\''\'''''
    headers:
      Accept:
      - application/json
      Accept-Encoding:
      - gzip, deflate
      CommandName:
      - aks create
      Connection:
      - keep-alive
      Content-Length:
      - '1236'
      Content-Type:
      - application/json; charset=utf-8
      ParameterSetName:
      - -g -n -p --nodepool-name -l --service-principal --client-secret -k --ssh-key-value
        --tags -c
      User-Agent:
      - python/3.6.6 (Windows-10-10.0.17763-SP0) msrest/0.6.4 msrest_azure/0.4.34
        azure-mgmt-containerservice/4.4.0 Azure-SDK-For-Python AZURECLI/2.0.62
      accept-language:
      - en-US
    method: PUT
    uri: https://management.azure.com/subscriptions/00000000-0000-0000-0000-000000000000/resourceGroups/clitest000001/providers/Microsoft.ContainerService/managedClusters/cliakstest000003?api-version=2019-02-01
  response:
    body:
      string: "{\n  \"id\": \"/subscriptions/00000000-0000-0000-0000-000000000000/resourcegroups/clitest000001/providers/Microsoft.ContainerService/managedClusters/cliakstest000003\",\n
        \ \"location\": \"westus2\",\n  \"name\": \"cliakstest000003\",\n  \"tags\":
        {\n   \"scenario_test\": \"\"\n  },\n  \"type\": \"Microsoft.ContainerService/ManagedClusters\",\n
        \ \"properties\": {\n   \"provisioningState\": \"Creating\",\n   \"kubernetesVersion\":
        \"1.11.9\",\n   \"dnsPrefix\": \"cliaksdns000004\",\n   \"agentPoolProfiles\":
        [\n    {\n     \"name\": \"np000005\",\n     \"count\": 1,\n     \"vmSize\":
        \"Standard_DS2_v2\",\n     \"osDiskSizeGB\": 100,\n     \"storageProfile\":
        \"ManagedDisks\",\n     \"maxPods\": 110,\n     \"osType\": \"Linux\"\n    }\n
        \  ],\n   \"linuxProfile\": {\n    \"adminUsername\": \"azureuser\",\n    \"ssh\":
        {\n     \"publicKeys\": [\n      {\n       \"keyData\": \"ssh-rsa AAAAB3NzaC1yc2EAAAADAQABAAACAQCbIg1guRHbI0lV11wWDt1r2cUdcNd27CJsg+SfgC7miZeubtwUhbsPdhMQsfDyhOWHq1+ZL0M+nJZV63d/1dhmhtgyOqejUwrPlzKhydsbrsdUor+JmNJDdW01v7BXHyuymT8G4s09jCasNOwiufbP/qp72ruu0bIA1nySsvlf9pCQAuFkAnVnf/rFhUlOkhtRpwcq8SUNY2zRHR/EKb/4NWY1JzR4sa3q2fWIJdrrX0DvLoa5g9bIEd4Df79ba7v+yiUBOS0zT2ll+z4g9izHK3EO5d8hL4jYxcjKs+wcslSYRWrascfscLgMlMGh0CdKeNTDjHpGPncaf3Z+FwwwjWeuiNBxv7bJo13/8B/098KlVDl4GZqsoBCEjPyJfV6hO0y/LkRGkk7oHWKgeWAfKtfLItRp00eZ4fcJNK9kCaSMmEugoZWcI7NGbZXzqFWqbpRI7NcDP9+WIQ+i9U5vqWsqd/zng4kbuAJ6UuKqIzB0upYrLShfQE3SAck8oaLhJqqq56VfDuASNpJKidV+zq27HfSBmbXnkR/5AK337dc3MXKJypoK/QPMLKUAP5XLPbs+NddJQV7EZXd29DLgp+fRIg3edpKdO7ZErWhv7d+3Kws+e1Y+ypmR2WIVSwVyBEUfgv2C8Ts9gnTF4pNcEY/S2aBicz5Ew2+jdyGNQQ==
        test@example.com\\n\"\n      }\n     ]\n    }\n   },\n   \"servicePrincipalProfile\":
        {\n    \"clientId\": \"http://clitest000002\"\n   },\n   \"nodeResourceGroup\":
        \"MC_clitest000001_cliakstest000003_westus2\",\n   \"enableRBAC\": true,\n
        \  \"networkProfile\": {\n    \"networkPlugin\": \"kubenet\",\n    \"podCidr\":
        \"10.244.0.0/16\",\n    \"serviceCidr\": \"10.0.0.0/16\",\n    \"dnsServiceIP\":
        \"10.0.0.10\",\n    \"dockerBridgeCidr\": \"172.17.0.1/16\"\n   }\n  }\n }"
    headers:
      azure-asyncoperation:
      - https://management.azure.com/subscriptions/00000000-0000-0000-0000-000000000000/providers/Microsoft.ContainerService/locations/westus2/operations/08947c75-57c9-4e9d-b837-f7bab0ed6bc8?api-version=2016-03-30
      cache-control:
      - no-cache
      content-length:
      - '1946'
      content-type:
      - application/json
      date:
      - Mon, 15 Apr 2019 22:38:57 GMT
      expires:
      - '-1'
      pragma:
      - no-cache
      server:
      - nginx
      strict-transport-security:
      - max-age=31536000; includeSubDomains
      x-content-type-options:
      - nosniff
      x-ms-ratelimit-remaining-subscription-writes:
      - '1197'
    status:
      code: 201
      message: Created
- request:
    body: null
    headers:
      Accept:
      - application/json
      Accept-Encoding:
      - gzip, deflate
      CommandName:
      - aks create
      Connection:
      - keep-alive
      ParameterSetName:
      - -g -n -p --nodepool-name -l --service-principal --client-secret -k --ssh-key-value
        --tags -c
      User-Agent:
      - python/3.6.6 (Windows-10-10.0.17763-SP0) msrest/0.6.4 msrest_azure/0.4.34
        azure-mgmt-containerservice/4.4.0 Azure-SDK-For-Python AZURECLI/2.0.62
    method: GET
    uri: https://management.azure.com/subscriptions/00000000-0000-0000-0000-000000000000/providers/Microsoft.ContainerService/locations/westus2/operations/08947c75-57c9-4e9d-b837-f7bab0ed6bc8?api-version=2016-03-30
  response:
    body:
      string: "{\n  \"name\": \"757c9408-c957-9d4e-b837-f7bab0ed6bc8\",\n  \"status\":
        \"InProgress\",\n  \"startTime\": \"2019-04-15T22:38:58.4881278Z\"\n }"
    headers:
      cache-control:
      - no-cache
      content-length:
      - '126'
      content-type:
      - application/json
      date:
      - Mon, 15 Apr 2019 22:39:28 GMT
      expires:
      - '-1'
      pragma:
      - no-cache
      server:
      - nginx
      strict-transport-security:
      - max-age=31536000; includeSubDomains
      transfer-encoding:
      - chunked
      vary:
      - Accept-Encoding
      x-content-type-options:
      - nosniff
    status:
      code: 200
      message: OK
- request:
    body: null
    headers:
      Accept:
      - application/json
      Accept-Encoding:
      - gzip, deflate
      CommandName:
      - aks create
      Connection:
      - keep-alive
      ParameterSetName:
      - -g -n -p --nodepool-name -l --service-principal --client-secret -k --ssh-key-value
        --tags -c
      User-Agent:
      - python/3.6.6 (Windows-10-10.0.17763-SP0) msrest/0.6.4 msrest_azure/0.4.34
        azure-mgmt-containerservice/4.4.0 Azure-SDK-For-Python AZURECLI/2.0.62
    method: GET
    uri: https://management.azure.com/subscriptions/00000000-0000-0000-0000-000000000000/providers/Microsoft.ContainerService/locations/westus2/operations/08947c75-57c9-4e9d-b837-f7bab0ed6bc8?api-version=2016-03-30
  response:
    body:
      string: "{\n  \"name\": \"757c9408-c957-9d4e-b837-f7bab0ed6bc8\",\n  \"status\":
        \"InProgress\",\n  \"startTime\": \"2019-04-15T22:38:58.4881278Z\"\n }"
    headers:
      cache-control:
      - no-cache
      content-length:
      - '126'
      content-type:
      - application/json
      date:
      - Mon, 15 Apr 2019 22:39:59 GMT
      expires:
      - '-1'
      pragma:
      - no-cache
      server:
      - nginx
      strict-transport-security:
      - max-age=31536000; includeSubDomains
      transfer-encoding:
      - chunked
      vary:
      - Accept-Encoding
      x-content-type-options:
      - nosniff
    status:
      code: 200
      message: OK
- request:
    body: null
    headers:
      Accept:
      - application/json
      Accept-Encoding:
      - gzip, deflate
      CommandName:
      - aks create
      Connection:
      - keep-alive
      ParameterSetName:
      - -g -n -p --nodepool-name -l --service-principal --client-secret -k --ssh-key-value
        --tags -c
      User-Agent:
      - python/3.6.6 (Windows-10-10.0.17763-SP0) msrest/0.6.4 msrest_azure/0.4.34
        azure-mgmt-containerservice/4.4.0 Azure-SDK-For-Python AZURECLI/2.0.62
    method: GET
    uri: https://management.azure.com/subscriptions/00000000-0000-0000-0000-000000000000/providers/Microsoft.ContainerService/locations/westus2/operations/08947c75-57c9-4e9d-b837-f7bab0ed6bc8?api-version=2016-03-30
  response:
    body:
      string: "{\n  \"name\": \"757c9408-c957-9d4e-b837-f7bab0ed6bc8\",\n  \"status\":
        \"InProgress\",\n  \"startTime\": \"2019-04-15T22:38:58.4881278Z\"\n }"
    headers:
      cache-control:
      - no-cache
      content-length:
      - '126'
      content-type:
      - application/json
      date:
      - Mon, 15 Apr 2019 22:40:29 GMT
      expires:
      - '-1'
      pragma:
      - no-cache
      server:
      - nginx
      strict-transport-security:
      - max-age=31536000; includeSubDomains
      transfer-encoding:
      - chunked
      vary:
      - Accept-Encoding
      x-content-type-options:
      - nosniff
    status:
      code: 200
      message: OK
- request:
    body: null
    headers:
      Accept:
      - application/json
      Accept-Encoding:
      - gzip, deflate
      CommandName:
      - aks create
      Connection:
      - keep-alive
      ParameterSetName:
      - -g -n -p --nodepool-name -l --service-principal --client-secret -k --ssh-key-value
        --tags -c
      User-Agent:
      - python/3.6.6 (Windows-10-10.0.17763-SP0) msrest/0.6.4 msrest_azure/0.4.34
        azure-mgmt-containerservice/4.4.0 Azure-SDK-For-Python AZURECLI/2.0.62
    method: GET
    uri: https://management.azure.com/subscriptions/00000000-0000-0000-0000-000000000000/providers/Microsoft.ContainerService/locations/westus2/operations/08947c75-57c9-4e9d-b837-f7bab0ed6bc8?api-version=2016-03-30
  response:
    body:
      string: "{\n  \"name\": \"757c9408-c957-9d4e-b837-f7bab0ed6bc8\",\n  \"status\":
        \"InProgress\",\n  \"startTime\": \"2019-04-15T22:38:58.4881278Z\"\n }"
    headers:
      cache-control:
      - no-cache
      content-length:
      - '126'
      content-type:
      - application/json
      date:
      - Mon, 15 Apr 2019 22:41:00 GMT
      expires:
      - '-1'
      pragma:
      - no-cache
      server:
      - nginx
      strict-transport-security:
      - max-age=31536000; includeSubDomains
      transfer-encoding:
      - chunked
      vary:
      - Accept-Encoding
      x-content-type-options:
      - nosniff
    status:
      code: 200
      message: OK
- request:
    body: null
    headers:
      Accept:
      - application/json
      Accept-Encoding:
      - gzip, deflate
      CommandName:
      - aks create
      Connection:
      - keep-alive
      ParameterSetName:
      - -g -n -p --nodepool-name -l --service-principal --client-secret -k --ssh-key-value
        --tags -c
      User-Agent:
      - python/3.6.6 (Windows-10-10.0.17763-SP0) msrest/0.6.4 msrest_azure/0.4.34
        azure-mgmt-containerservice/4.4.0 Azure-SDK-For-Python AZURECLI/2.0.62
    method: GET
    uri: https://management.azure.com/subscriptions/00000000-0000-0000-0000-000000000000/providers/Microsoft.ContainerService/locations/westus2/operations/08947c75-57c9-4e9d-b837-f7bab0ed6bc8?api-version=2016-03-30
  response:
    body:
      string: "{\n  \"name\": \"757c9408-c957-9d4e-b837-f7bab0ed6bc8\",\n  \"status\":
        \"InProgress\",\n  \"startTime\": \"2019-04-15T22:38:58.4881278Z\"\n }"
    headers:
      cache-control:
      - no-cache
      content-length:
      - '126'
      content-type:
      - application/json
      date:
      - Mon, 15 Apr 2019 22:41:30 GMT
      expires:
      - '-1'
      pragma:
      - no-cache
      server:
      - nginx
      strict-transport-security:
      - max-age=31536000; includeSubDomains
      transfer-encoding:
      - chunked
      vary:
      - Accept-Encoding
      x-content-type-options:
      - nosniff
    status:
      code: 200
      message: OK
- request:
    body: null
    headers:
      Accept:
      - application/json
      Accept-Encoding:
      - gzip, deflate
      CommandName:
      - aks create
      Connection:
      - keep-alive
      ParameterSetName:
      - -g -n -p --nodepool-name -l --service-principal --client-secret -k --ssh-key-value
        --tags -c
      User-Agent:
      - python/3.6.6 (Windows-10-10.0.17763-SP0) msrest/0.6.4 msrest_azure/0.4.34
        azure-mgmt-containerservice/4.4.0 Azure-SDK-For-Python AZURECLI/2.0.62
    method: GET
    uri: https://management.azure.com/subscriptions/00000000-0000-0000-0000-000000000000/providers/Microsoft.ContainerService/locations/westus2/operations/08947c75-57c9-4e9d-b837-f7bab0ed6bc8?api-version=2016-03-30
  response:
    body:
      string: "{\n  \"name\": \"757c9408-c957-9d4e-b837-f7bab0ed6bc8\",\n  \"status\":
        \"InProgress\",\n  \"startTime\": \"2019-04-15T22:38:58.4881278Z\"\n }"
    headers:
      cache-control:
      - no-cache
      content-length:
      - '126'
      content-type:
      - application/json
      date:
      - Mon, 15 Apr 2019 22:42:02 GMT
      expires:
      - '-1'
      pragma:
      - no-cache
      server:
      - nginx
      strict-transport-security:
      - max-age=31536000; includeSubDomains
      transfer-encoding:
      - chunked
      vary:
      - Accept-Encoding
      x-content-type-options:
      - nosniff
    status:
      code: 200
      message: OK
- request:
    body: null
    headers:
      Accept:
      - application/json
      Accept-Encoding:
      - gzip, deflate
      CommandName:
      - aks create
      Connection:
      - keep-alive
      ParameterSetName:
      - -g -n -p --nodepool-name -l --service-principal --client-secret -k --ssh-key-value
        --tags -c
      User-Agent:
      - python/3.6.6 (Windows-10-10.0.17763-SP0) msrest/0.6.4 msrest_azure/0.4.34
        azure-mgmt-containerservice/4.4.0 Azure-SDK-For-Python AZURECLI/2.0.62
    method: GET
    uri: https://management.azure.com/subscriptions/00000000-0000-0000-0000-000000000000/providers/Microsoft.ContainerService/locations/westus2/operations/08947c75-57c9-4e9d-b837-f7bab0ed6bc8?api-version=2016-03-30
  response:
    body:
      string: "{\n  \"name\": \"757c9408-c957-9d4e-b837-f7bab0ed6bc8\",\n  \"status\":
        \"InProgress\",\n  \"startTime\": \"2019-04-15T22:38:58.4881278Z\"\n }"
    headers:
      cache-control:
      - no-cache
      content-length:
      - '126'
      content-type:
      - application/json
      date:
      - Mon, 15 Apr 2019 22:42:32 GMT
      expires:
      - '-1'
      pragma:
      - no-cache
      server:
      - nginx
      strict-transport-security:
      - max-age=31536000; includeSubDomains
      transfer-encoding:
      - chunked
      vary:
      - Accept-Encoding
      x-content-type-options:
      - nosniff
    status:
      code: 200
      message: OK
- request:
    body: null
    headers:
      Accept:
      - application/json
      Accept-Encoding:
      - gzip, deflate
      CommandName:
      - aks create
      Connection:
      - keep-alive
      ParameterSetName:
      - -g -n -p --nodepool-name -l --service-principal --client-secret -k --ssh-key-value
        --tags -c
      User-Agent:
      - python/3.6.6 (Windows-10-10.0.17763-SP0) msrest/0.6.4 msrest_azure/0.4.34
        azure-mgmt-containerservice/4.4.0 Azure-SDK-For-Python AZURECLI/2.0.62
    method: GET
    uri: https://management.azure.com/subscriptions/00000000-0000-0000-0000-000000000000/providers/Microsoft.ContainerService/locations/westus2/operations/08947c75-57c9-4e9d-b837-f7bab0ed6bc8?api-version=2016-03-30
  response:
    body:
      string: "{\n  \"name\": \"757c9408-c957-9d4e-b837-f7bab0ed6bc8\",\n  \"status\":
        \"InProgress\",\n  \"startTime\": \"2019-04-15T22:38:58.4881278Z\"\n }"
    headers:
      cache-control:
      - no-cache
      content-length:
      - '126'
      content-type:
      - application/json
      date:
      - Mon, 15 Apr 2019 22:43:02 GMT
      expires:
      - '-1'
      pragma:
      - no-cache
      server:
      - nginx
      strict-transport-security:
      - max-age=31536000; includeSubDomains
      transfer-encoding:
      - chunked
      vary:
      - Accept-Encoding
      x-content-type-options:
      - nosniff
    status:
      code: 200
      message: OK
- request:
    body: null
    headers:
      Accept:
      - application/json
      Accept-Encoding:
      - gzip, deflate
      CommandName:
      - aks create
      Connection:
      - keep-alive
      ParameterSetName:
      - -g -n -p --nodepool-name -l --service-principal --client-secret -k --ssh-key-value
        --tags -c
      User-Agent:
      - python/3.6.6 (Windows-10-10.0.17763-SP0) msrest/0.6.4 msrest_azure/0.4.34
        azure-mgmt-containerservice/4.4.0 Azure-SDK-For-Python AZURECLI/2.0.62
    method: GET
    uri: https://management.azure.com/subscriptions/00000000-0000-0000-0000-000000000000/providers/Microsoft.ContainerService/locations/westus2/operations/08947c75-57c9-4e9d-b837-f7bab0ed6bc8?api-version=2016-03-30
  response:
    body:
      string: "{\n  \"name\": \"757c9408-c957-9d4e-b837-f7bab0ed6bc8\",\n  \"status\":
        \"Succeeded\",\n  \"startTime\": \"2019-04-15T22:38:58.4881278Z\",\n  \"endTime\":
        \"2019-04-15T22:43:28.1150125Z\"\n }"
    headers:
      cache-control:
      - no-cache
      content-length:
      - '170'
      content-type:
      - application/json
      date:
      - Mon, 15 Apr 2019 22:43:33 GMT
      expires:
      - '-1'
      pragma:
      - no-cache
      server:
      - nginx
      strict-transport-security:
      - max-age=31536000; includeSubDomains
      transfer-encoding:
      - chunked
      vary:
      - Accept-Encoding
      x-content-type-options:
      - nosniff
    status:
      code: 200
      message: OK
- request:
    body: null
    headers:
      Accept:
      - application/json
      Accept-Encoding:
      - gzip, deflate
      CommandName:
      - aks create
      Connection:
      - keep-alive
      ParameterSetName:
      - -g -n -p --nodepool-name -l --service-principal --client-secret -k --ssh-key-value
        --tags -c
      User-Agent:
      - python/3.6.6 (Windows-10-10.0.17763-SP0) msrest/0.6.4 msrest_azure/0.4.34
        azure-mgmt-containerservice/4.4.0 Azure-SDK-For-Python AZURECLI/2.0.62
    method: GET
    uri: https://management.azure.com/subscriptions/00000000-0000-0000-0000-000000000000/resourceGroups/clitest000001/providers/Microsoft.ContainerService/managedClusters/cliakstest000003?api-version=2019-02-01
  response:
    body:
      string: "{\n  \"id\": \"/subscriptions/00000000-0000-0000-0000-000000000000/resourcegroups/clitest000001/providers/Microsoft.ContainerService/managedClusters/cliakstest000003\",\n
        \ \"location\": \"westus2\",\n  \"name\": \"cliakstest000003\",\n  \"tags\":
        {\n   \"scenario_test\": \"\"\n  },\n  \"type\": \"Microsoft.ContainerService/ManagedClusters\",\n
        \ \"properties\": {\n   \"provisioningState\": \"Succeeded\",\n   \"kubernetesVersion\":
        \"1.11.9\",\n   \"dnsPrefix\": \"cliaksdns000004\",\n   \"fqdn\": \"cliaksdns000004-0eeb6d70.hcp.westus2.azmk8s.io\",\n
        \  \"agentPoolProfiles\": [\n    {\n     \"name\": \"np000005\",\n     \"count\":
        1,\n     \"vmSize\": \"Standard_DS2_v2\",\n     \"osDiskSizeGB\": 100,\n     \"storageProfile\":
        \"ManagedDisks\",\n     \"maxPods\": 110,\n     \"osType\": \"Linux\"\n    }\n
        \  ],\n   \"linuxProfile\": {\n    \"adminUsername\": \"azureuser\",\n    \"ssh\":
        {\n     \"publicKeys\": [\n      {\n       \"keyData\": \"ssh-rsa AAAAB3NzaC1yc2EAAAADAQABAAACAQCbIg1guRHbI0lV11wWDt1r2cUdcNd27CJsg+SfgC7miZeubtwUhbsPdhMQsfDyhOWHq1+ZL0M+nJZV63d/1dhmhtgyOqejUwrPlzKhydsbrsdUor+JmNJDdW01v7BXHyuymT8G4s09jCasNOwiufbP/qp72ruu0bIA1nySsvlf9pCQAuFkAnVnf/rFhUlOkhtRpwcq8SUNY2zRHR/EKb/4NWY1JzR4sa3q2fWIJdrrX0DvLoa5g9bIEd4Df79ba7v+yiUBOS0zT2ll+z4g9izHK3EO5d8hL4jYxcjKs+wcslSYRWrascfscLgMlMGh0CdKeNTDjHpGPncaf3Z+FwwwjWeuiNBxv7bJo13/8B/098KlVDl4GZqsoBCEjPyJfV6hO0y/LkRGkk7oHWKgeWAfKtfLItRp00eZ4fcJNK9kCaSMmEugoZWcI7NGbZXzqFWqbpRI7NcDP9+WIQ+i9U5vqWsqd/zng4kbuAJ6UuKqIzB0upYrLShfQE3SAck8oaLhJqqq56VfDuASNpJKidV+zq27HfSBmbXnkR/5AK337dc3MXKJypoK/QPMLKUAP5XLPbs+NddJQV7EZXd29DLgp+fRIg3edpKdO7ZErWhv7d+3Kws+e1Y+ypmR2WIVSwVyBEUfgv2C8Ts9gnTF4pNcEY/S2aBicz5Ew2+jdyGNQQ==
        test@example.com\\n\"\n      }\n     ]\n    }\n   },\n   \"servicePrincipalProfile\":
        {\n    \"clientId\": \"http://clitest000002\"\n   },\n   \"nodeResourceGroup\":
        \"MC_clitest000001_cliakstest000003_westus2\",\n   \"enableRBAC\": true,\n
        \  \"networkProfile\": {\n    \"networkPlugin\": \"kubenet\",\n    \"podCidr\":
        \"10.244.0.0/16\",\n    \"serviceCidr\": \"10.0.0.0/16\",\n    \"dnsServiceIP\":
        \"10.0.0.10\",\n    \"dockerBridgeCidr\": \"172.17.0.1/16\"\n   }\n  }\n }"
    headers:
      cache-control:
      - no-cache
      content-length:
      - '2009'
      content-type:
      - application/json
      date:
      - Mon, 15 Apr 2019 22:43:33 GMT
      expires:
      - '-1'
      pragma:
      - no-cache
      server:
      - nginx
      strict-transport-security:
      - max-age=31536000; includeSubDomains
      transfer-encoding:
      - chunked
      vary:
      - Accept-Encoding
      x-content-type-options:
      - nosniff
    status:
      code: 200
      message: OK
- request:
    body: null
    headers:
      Accept:
      - application/json
      Accept-Encoding:
      - gzip, deflate
      CommandName:
      - aks list
      Connection:
      - keep-alive
      ParameterSetName:
      - -g
      User-Agent:
      - python/3.6.6 (Windows-10-10.0.17763-SP0) msrest/0.6.4 msrest_azure/0.4.34
        azure-mgmt-containerservice/4.4.0 Azure-SDK-For-Python AZURECLI/2.0.62
      accept-language:
      - en-US
    method: GET
    uri: https://management.azure.com/subscriptions/00000000-0000-0000-0000-000000000000/resourceGroups/clitest000001/providers/Microsoft.ContainerService/managedClusters?api-version=2019-02-01
  response:
    body:
      string: "{\n  \"value\": [\n   {\n    \"id\": \"/subscriptions/00000000-0000-0000-0000-000000000000/resourcegroups/clitest000001/providers/Microsoft.ContainerService/managedClusters/cliakstest000003\",\n
        \   \"location\": \"westus2\",\n    \"name\": \"cliakstest000003\",\n    \"tags\":
        {\n     \"scenario_test\": \"\"\n    },\n    \"type\": \"Microsoft.ContainerService/ManagedClusters\",\n
        \   \"properties\": {\n     \"provisioningState\": \"Succeeded\",\n     \"kubernetesVersion\":
        \"1.11.9\",\n     \"dnsPrefix\": \"cliaksdns000004\",\n     \"fqdn\": \"cliaksdns000004-0eeb6d70.hcp.westus2.azmk8s.io\",\n
        \    \"agentPoolProfiles\": [\n      {\n       \"name\": \"np000005\",\n       \"count\":
        1,\n       \"vmSize\": \"Standard_DS2_v2\",\n       \"osDiskSizeGB\": 100,\n
        \      \"storageProfile\": \"ManagedDisks\",\n       \"maxPods\": 110,\n       \"osType\":
        \"Linux\"\n      }\n     ],\n     \"linuxProfile\": {\n      \"adminUsername\":
        \"azureuser\",\n      \"ssh\": {\n       \"publicKeys\": [\n        {\n         \"keyData\":
        \"ssh-rsa AAAAB3NzaC1yc2EAAAADAQABAAACAQCbIg1guRHbI0lV11wWDt1r2cUdcNd27CJsg+SfgC7miZeubtwUhbsPdhMQsfDyhOWHq1+ZL0M+nJZV63d/1dhmhtgyOqejUwrPlzKhydsbrsdUor+JmNJDdW01v7BXHyuymT8G4s09jCasNOwiufbP/qp72ruu0bIA1nySsvlf9pCQAuFkAnVnf/rFhUlOkhtRpwcq8SUNY2zRHR/EKb/4NWY1JzR4sa3q2fWIJdrrX0DvLoa5g9bIEd4Df79ba7v+yiUBOS0zT2ll+z4g9izHK3EO5d8hL4jYxcjKs+wcslSYRWrascfscLgMlMGh0CdKeNTDjHpGPncaf3Z+FwwwjWeuiNBxv7bJo13/8B/098KlVDl4GZqsoBCEjPyJfV6hO0y/LkRGkk7oHWKgeWAfKtfLItRp00eZ4fcJNK9kCaSMmEugoZWcI7NGbZXzqFWqbpRI7NcDP9+WIQ+i9U5vqWsqd/zng4kbuAJ6UuKqIzB0upYrLShfQE3SAck8oaLhJqqq56VfDuASNpJKidV+zq27HfSBmbXnkR/5AK337dc3MXKJypoK/QPMLKUAP5XLPbs+NddJQV7EZXd29DLgp+fRIg3edpKdO7ZErWhv7d+3Kws+e1Y+ypmR2WIVSwVyBEUfgv2C8Ts9gnTF4pNcEY/S2aBicz5Ew2+jdyGNQQ==
        test@example.com\\n\"\n        }\n       ]\n      }\n     },\n     \"servicePrincipalProfile\":
        {\n      \"clientId\": \"http://clitest000002\"\n     },\n     \"nodeResourceGroup\":
        \"MC_clitest000001_cliakstest000003_westus2\",\n     \"enableRBAC\": true,\n
        \    \"networkProfile\": {\n      \"networkPlugin\": \"kubenet\",\n      \"podCidr\":
        \"10.244.0.0/16\",\n      \"serviceCidr\": \"10.0.0.0/16\",\n      \"dnsServiceIP\":
        \"10.0.0.10\",\n      \"dockerBridgeCidr\": \"172.17.0.1/16\"\n     }\n    }\n
        \  }\n  ]\n }"
    headers:
      cache-control:
      - no-cache
      content-length:
      - '2128'
      content-type:
      - application/json
      date:
      - Mon, 15 Apr 2019 22:43:35 GMT
      expires:
      - '-1'
      pragma:
      - no-cache
      server:
      - nginx
      strict-transport-security:
      - max-age=31536000; includeSubDomains
      transfer-encoding:
      - chunked
      vary:
      - Accept-Encoding
      x-content-type-options:
      - nosniff
    status:
      code: 200
      message: OK
- request:
    body: null
    headers:
      Accept:
      - application/json
      Accept-Encoding:
      - gzip, deflate
      CommandName:
      - aks show
      Connection:
      - keep-alive
      ParameterSetName:
      - -g -n
      User-Agent:
      - python/3.6.6 (Windows-10-10.0.17763-SP0) msrest/0.6.4 msrest_azure/0.4.34
        azure-mgmt-containerservice/4.4.0 Azure-SDK-For-Python AZURECLI/2.0.62
      accept-language:
      - en-US
    method: GET
    uri: https://management.azure.com/subscriptions/00000000-0000-0000-0000-000000000000/resourceGroups/clitest000001/providers/Microsoft.ContainerService/managedClusters/cliakstest000003?api-version=2019-02-01
  response:
    body:
      string: "{\n  \"id\": \"/subscriptions/00000000-0000-0000-0000-000000000000/resourcegroups/clitest000001/providers/Microsoft.ContainerService/managedClusters/cliakstest000003\",\n
        \ \"location\": \"westus2\",\n  \"name\": \"cliakstest000003\",\n  \"tags\":
        {\n   \"scenario_test\": \"\"\n  },\n  \"type\": \"Microsoft.ContainerService/ManagedClusters\",\n
        \ \"properties\": {\n   \"provisioningState\": \"Succeeded\",\n   \"kubernetesVersion\":
        \"1.11.9\",\n   \"dnsPrefix\": \"cliaksdns000004\",\n   \"fqdn\": \"cliaksdns000004-0eeb6d70.hcp.westus2.azmk8s.io\",\n
        \  \"agentPoolProfiles\": [\n    {\n     \"name\": \"np000005\",\n     \"count\":
        1,\n     \"vmSize\": \"Standard_DS2_v2\",\n     \"osDiskSizeGB\": 100,\n     \"storageProfile\":
        \"ManagedDisks\",\n     \"maxPods\": 110,\n     \"osType\": \"Linux\"\n    }\n
        \  ],\n   \"linuxProfile\": {\n    \"adminUsername\": \"azureuser\",\n    \"ssh\":
        {\n     \"publicKeys\": [\n      {\n       \"keyData\": \"ssh-rsa AAAAB3NzaC1yc2EAAAADAQABAAACAQCbIg1guRHbI0lV11wWDt1r2cUdcNd27CJsg+SfgC7miZeubtwUhbsPdhMQsfDyhOWHq1+ZL0M+nJZV63d/1dhmhtgyOqejUwrPlzKhydsbrsdUor+JmNJDdW01v7BXHyuymT8G4s09jCasNOwiufbP/qp72ruu0bIA1nySsvlf9pCQAuFkAnVnf/rFhUlOkhtRpwcq8SUNY2zRHR/EKb/4NWY1JzR4sa3q2fWIJdrrX0DvLoa5g9bIEd4Df79ba7v+yiUBOS0zT2ll+z4g9izHK3EO5d8hL4jYxcjKs+wcslSYRWrascfscLgMlMGh0CdKeNTDjHpGPncaf3Z+FwwwjWeuiNBxv7bJo13/8B/098KlVDl4GZqsoBCEjPyJfV6hO0y/LkRGkk7oHWKgeWAfKtfLItRp00eZ4fcJNK9kCaSMmEugoZWcI7NGbZXzqFWqbpRI7NcDP9+WIQ+i9U5vqWsqd/zng4kbuAJ6UuKqIzB0upYrLShfQE3SAck8oaLhJqqq56VfDuASNpJKidV+zq27HfSBmbXnkR/5AK337dc3MXKJypoK/QPMLKUAP5XLPbs+NddJQV7EZXd29DLgp+fRIg3edpKdO7ZErWhv7d+3Kws+e1Y+ypmR2WIVSwVyBEUfgv2C8Ts9gnTF4pNcEY/S2aBicz5Ew2+jdyGNQQ==
        test@example.com\\n\"\n      }\n     ]\n    }\n   },\n   \"servicePrincipalProfile\":
        {\n    \"clientId\": \"http://clitest000002\"\n   },\n   \"nodeResourceGroup\":
        \"MC_clitest000001_cliakstest000003_westus2\",\n   \"enableRBAC\": true,\n
        \  \"networkProfile\": {\n    \"networkPlugin\": \"kubenet\",\n    \"podCidr\":
        \"10.244.0.0/16\",\n    \"serviceCidr\": \"10.0.0.0/16\",\n    \"dnsServiceIP\":
        \"10.0.0.10\",\n    \"dockerBridgeCidr\": \"172.17.0.1/16\"\n   }\n  }\n }"
    headers:
      cache-control:
      - no-cache
      content-length:
      - '2009'
      content-type:
      - application/json
      date:
      - Mon, 15 Apr 2019 22:43:36 GMT
      expires:
      - '-1'
      pragma:
      - no-cache
      server:
      - nginx
      strict-transport-security:
      - max-age=31536000; includeSubDomains
      transfer-encoding:
      - chunked
      vary:
      - Accept-Encoding
      x-content-type-options:
      - nosniff
    status:
      code: 200
      message: OK
- request:
    body: null
    headers:
      Accept:
      - application/json
      Accept-Encoding:
      - gzip, deflate
      CommandName:
      - aks scale
      Connection:
      - keep-alive
      ParameterSetName:
      - -g -n --nodepool-name --node-count
      User-Agent:
      - python/3.6.6 (Windows-10-10.0.17763-SP0) msrest/0.6.4 msrest_azure/0.4.34
        azure-mgmt-containerservice/4.4.0 Azure-SDK-For-Python AZURECLI/2.0.62
      accept-language:
      - en-US
    method: GET
    uri: https://management.azure.com/subscriptions/00000000-0000-0000-0000-000000000000/resourceGroups/clitest000001/providers/Microsoft.ContainerService/managedClusters/cliakstest000003?api-version=2019-02-01
  response:
    body:
      string: "{\n  \"id\": \"/subscriptions/00000000-0000-0000-0000-000000000000/resourcegroups/clitest000001/providers/Microsoft.ContainerService/managedClusters/cliakstest000003\",\n
        \ \"location\": \"westus2\",\n  \"name\": \"cliakstest000003\",\n  \"tags\":
        {\n   \"scenario_test\": \"\"\n  },\n  \"type\": \"Microsoft.ContainerService/ManagedClusters\",\n
        \ \"properties\": {\n   \"provisioningState\": \"Succeeded\",\n   \"kubernetesVersion\":
        \"1.11.9\",\n   \"dnsPrefix\": \"cliaksdns000004\",\n   \"fqdn\": \"cliaksdns000004-0eeb6d70.hcp.westus2.azmk8s.io\",\n
        \  \"agentPoolProfiles\": [\n    {\n     \"name\": \"np000005\",\n     \"count\":
        1,\n     \"vmSize\": \"Standard_DS2_v2\",\n     \"osDiskSizeGB\": 100,\n     \"storageProfile\":
        \"ManagedDisks\",\n     \"maxPods\": 110,\n     \"osType\": \"Linux\"\n    }\n
        \  ],\n   \"linuxProfile\": {\n    \"adminUsername\": \"azureuser\",\n    \"ssh\":
        {\n     \"publicKeys\": [\n      {\n       \"keyData\": \"ssh-rsa AAAAB3NzaC1yc2EAAAADAQABAAACAQCbIg1guRHbI0lV11wWDt1r2cUdcNd27CJsg+SfgC7miZeubtwUhbsPdhMQsfDyhOWHq1+ZL0M+nJZV63d/1dhmhtgyOqejUwrPlzKhydsbrsdUor+JmNJDdW01v7BXHyuymT8G4s09jCasNOwiufbP/qp72ruu0bIA1nySsvlf9pCQAuFkAnVnf/rFhUlOkhtRpwcq8SUNY2zRHR/EKb/4NWY1JzR4sa3q2fWIJdrrX0DvLoa5g9bIEd4Df79ba7v+yiUBOS0zT2ll+z4g9izHK3EO5d8hL4jYxcjKs+wcslSYRWrascfscLgMlMGh0CdKeNTDjHpGPncaf3Z+FwwwjWeuiNBxv7bJo13/8B/098KlVDl4GZqsoBCEjPyJfV6hO0y/LkRGkk7oHWKgeWAfKtfLItRp00eZ4fcJNK9kCaSMmEugoZWcI7NGbZXzqFWqbpRI7NcDP9+WIQ+i9U5vqWsqd/zng4kbuAJ6UuKqIzB0upYrLShfQE3SAck8oaLhJqqq56VfDuASNpJKidV+zq27HfSBmbXnkR/5AK337dc3MXKJypoK/QPMLKUAP5XLPbs+NddJQV7EZXd29DLgp+fRIg3edpKdO7ZErWhv7d+3Kws+e1Y+ypmR2WIVSwVyBEUfgv2C8Ts9gnTF4pNcEY/S2aBicz5Ew2+jdyGNQQ==
        test@example.com\\n\"\n      }\n     ]\n    }\n   },\n   \"servicePrincipalProfile\":
        {\n    \"clientId\": \"http://clitest000002\"\n   },\n   \"nodeResourceGroup\":
        \"MC_clitest000001_cliakstest000003_westus2\",\n   \"enableRBAC\": true,\n
        \  \"networkProfile\": {\n    \"networkPlugin\": \"kubenet\",\n    \"podCidr\":
        \"10.244.0.0/16\",\n    \"serviceCidr\": \"10.0.0.0/16\",\n    \"dnsServiceIP\":
        \"10.0.0.10\",\n    \"dockerBridgeCidr\": \"172.17.0.1/16\"\n   }\n  }\n }"
    headers:
      cache-control:
      - no-cache
      content-length:
      - '2009'
      content-type:
      - application/json
      date:
      - Mon, 15 Apr 2019 22:43:36 GMT
      expires:
      - '-1'
      pragma:
      - no-cache
      server:
      - nginx
      strict-transport-security:
      - max-age=31536000; includeSubDomains
      transfer-encoding:
      - chunked
      vary:
      - Accept-Encoding
      x-content-type-options:
      - nosniff
    status:
      code: 200
      message: OK
- request:
    body: 'b''b\''{"location": "westus2", "tags": {"scenario_test": ""}, "properties":
      {"kubernetesVersion": "1.11.9", "dnsPrefix": "cliaksdns000004", "agentPoolProfiles":
      [{"name": "np000005", "count": 3, "vmSize": "Standard_DS2_v2", "osDiskSizeGB":
      100, "maxPods": 110, "osType": "Linux"}], "linuxProfile": {"adminUsername":
      "azureuser", "ssh": {"publicKeys": [{"keyData": "ssh-rsa AAAAB3NzaC1yc2EAAAADAQABAAACAQCbIg1guRHbI0lV11wWDt1r2cUdcNd27CJsg+SfgC7miZeubtwUhbsPdhMQsfDyhOWHq1+ZL0M+nJZV63d/1dhmhtgyOqejUwrPlzKhydsbrsdUor+JmNJDdW01v7BXHyuymT8G4s09jCasNOwiufbP/qp72ruu0bIA1nySsvlf9pCQAuFkAnVnf/rFhUlOkhtRpwcq8SUNY2zRHR/EKb/4NWY1JzR4sa3q2fWIJdrrX0DvLoa5g9bIEd4Df79ba7v+yiUBOS0zT2ll+z4g9izHK3EO5d8hL4jYxcjKs+wcslSYRWrascfscLgMlMGh0CdKeNTDjHpGPncaf3Z+FwwwjWeuiNBxv7bJo13/8B/098KlVDl4GZqsoBCEjPyJfV6hO0y/LkRGkk7oHWKgeWAfKtfLItRp00eZ4fcJNK9kCaSMmEugoZWcI7NGbZXzqFWqbpRI7NcDP9+WIQ+i9U5vqWsqd/zng4kbuAJ6UuKqIzB0upYrLShfQE3SAck8oaLhJqqq56VfDuASNpJKidV+zq27HfSBmbXnkR/5AK337dc3MXKJypoK/QPMLKUAP5XLPbs+NddJQV7EZXd29DLgp+fRIg3edpKdO7ZErWhv7d+3Kws+e1Y+ypmR2WIVSwVyBEUfgv2C8Ts9gnTF4pNcEY/S2aBicz5Ew2+jdyGNQQ==
      test@example.com\\\\n"}]}}, "enableRBAC": true, "networkProfile": {"networkPlugin":
      "kubenet", "podCidr": "10.244.0.0/16", "serviceCidr": "10.0.0.0/16", "dnsServiceIP":
      "10.0.0.10", "dockerBridgeCidr": "172.17.0.1/16"}}}\'''''
    headers:
      Accept:
      - application/json
      Accept-Encoding:
      - gzip, deflate
      CommandName:
      - aks scale
      Connection:
      - keep-alive
      Content-Length:
      - '1305'
      Content-Type:
      - application/json; charset=utf-8
      ParameterSetName:
      - -g -n --nodepool-name --node-count
      User-Agent:
      - python/3.6.6 (Windows-10-10.0.17763-SP0) msrest/0.6.4 msrest_azure/0.4.34
        azure-mgmt-containerservice/4.4.0 Azure-SDK-For-Python AZURECLI/2.0.62
      accept-language:
      - en-US
    method: PUT
    uri: https://management.azure.com/subscriptions/00000000-0000-0000-0000-000000000000/resourceGroups/clitest000001/providers/Microsoft.ContainerService/managedClusters/cliakstest000003?api-version=2019-02-01
  response:
    body:
      string: "{\n  \"id\": \"/subscriptions/00000000-0000-0000-0000-000000000000/resourcegroups/clitest000001/providers/Microsoft.ContainerService/managedClusters/cliakstest000003\",\n
        \ \"location\": \"westus2\",\n  \"name\": \"cliakstest000003\",\n  \"tags\":
        {\n   \"scenario_test\": \"\"\n  },\n  \"type\": \"Microsoft.ContainerService/ManagedClusters\",\n
        \ \"properties\": {\n   \"provisioningState\": \"Scaling\",\n   \"kubernetesVersion\":
        \"1.11.9\",\n   \"dnsPrefix\": \"cliaksdns000004\",\n   \"fqdn\": \"cliaksdns000004-0eeb6d70.hcp.westus2.azmk8s.io\",\n
        \  \"agentPoolProfiles\": [\n    {\n     \"name\": \"np000005\",\n     \"count\":
        3,\n     \"vmSize\": \"Standard_DS2_v2\",\n     \"osDiskSizeGB\": 100,\n     \"storageProfile\":
        \"ManagedDisks\",\n     \"maxPods\": 110,\n     \"osType\": \"Linux\"\n    }\n
        \  ],\n   \"linuxProfile\": {\n    \"adminUsername\": \"azureuser\",\n    \"ssh\":
        {\n     \"publicKeys\": [\n      {\n       \"keyData\": \"ssh-rsa AAAAB3NzaC1yc2EAAAADAQABAAACAQCbIg1guRHbI0lV11wWDt1r2cUdcNd27CJsg+SfgC7miZeubtwUhbsPdhMQsfDyhOWHq1+ZL0M+nJZV63d/1dhmhtgyOqejUwrPlzKhydsbrsdUor+JmNJDdW01v7BXHyuymT8G4s09jCasNOwiufbP/qp72ruu0bIA1nySsvlf9pCQAuFkAnVnf/rFhUlOkhtRpwcq8SUNY2zRHR/EKb/4NWY1JzR4sa3q2fWIJdrrX0DvLoa5g9bIEd4Df79ba7v+yiUBOS0zT2ll+z4g9izHK3EO5d8hL4jYxcjKs+wcslSYRWrascfscLgMlMGh0CdKeNTDjHpGPncaf3Z+FwwwjWeuiNBxv7bJo13/8B/098KlVDl4GZqsoBCEjPyJfV6hO0y/LkRGkk7oHWKgeWAfKtfLItRp00eZ4fcJNK9kCaSMmEugoZWcI7NGbZXzqFWqbpRI7NcDP9+WIQ+i9U5vqWsqd/zng4kbuAJ6UuKqIzB0upYrLShfQE3SAck8oaLhJqqq56VfDuASNpJKidV+zq27HfSBmbXnkR/5AK337dc3MXKJypoK/QPMLKUAP5XLPbs+NddJQV7EZXd29DLgp+fRIg3edpKdO7ZErWhv7d+3Kws+e1Y+ypmR2WIVSwVyBEUfgv2C8Ts9gnTF4pNcEY/S2aBicz5Ew2+jdyGNQQ==
        test@example.com\\n\"\n      }\n     ]\n    }\n   },\n   \"servicePrincipalProfile\":
        {\n    \"clientId\": \"http://clitest000002\"\n   },\n   \"nodeResourceGroup\":
        \"MC_clitest000001_cliakstest000003_westus2\",\n   \"enableRBAC\": true,\n
        \  \"networkProfile\": {\n    \"networkPlugin\": \"kubenet\",\n    \"podCidr\":
        \"10.244.0.0/16\",\n    \"serviceCidr\": \"10.0.0.0/16\",\n    \"dnsServiceIP\":
        \"10.0.0.10\",\n    \"dockerBridgeCidr\": \"172.17.0.1/16\"\n   }\n  }\n }"
    headers:
      azure-asyncoperation:
      - https://management.azure.com/subscriptions/00000000-0000-0000-0000-000000000000/providers/Microsoft.ContainerService/locations/westus2/operations/367d9a4e-18a7-46b0-bada-474cb3e170e3?api-version=2016-03-30
      cache-control:
      - no-cache
      content-length:
      - '2007'
      content-type:
      - application/json
      date:
      - Mon, 15 Apr 2019 22:43:41 GMT
      expires:
      - '-1'
      pragma:
      - no-cache
      server:
      - nginx
      strict-transport-security:
      - max-age=31536000; includeSubDomains
      transfer-encoding:
      - chunked
      vary:
      - Accept-Encoding
      x-content-type-options:
      - nosniff
      x-ms-ratelimit-remaining-subscription-writes:
      - '1196'
    status:
      code: 200
      message: OK
- request:
    body: null
    headers:
      Accept:
      - application/json
      Accept-Encoding:
      - gzip, deflate
      CommandName:
      - aks scale
      Connection:
      - keep-alive
      ParameterSetName:
      - -g -n --nodepool-name --node-count
      User-Agent:
      - python/3.6.6 (Windows-10-10.0.17763-SP0) msrest/0.6.4 msrest_azure/0.4.34
        azure-mgmt-containerservice/4.4.0 Azure-SDK-For-Python AZURECLI/2.0.62
    method: GET
    uri: https://management.azure.com/subscriptions/00000000-0000-0000-0000-000000000000/providers/Microsoft.ContainerService/locations/westus2/operations/367d9a4e-18a7-46b0-bada-474cb3e170e3?api-version=2016-03-30
  response:
    body:
      string: "{\n  \"name\": \"4e9a7d36-a718-b046-bada-474cb3e170e3\",\n  \"status\":
        \"InProgress\",\n  \"startTime\": \"2019-04-15T22:43:41.2092931Z\"\n }"
    headers:
      cache-control:
      - no-cache
      content-length:
      - '126'
      content-type:
      - application/json
      date:
      - Mon, 15 Apr 2019 22:44:11 GMT
      expires:
      - '-1'
      pragma:
      - no-cache
      server:
      - nginx
      strict-transport-security:
      - max-age=31536000; includeSubDomains
      transfer-encoding:
      - chunked
      vary:
      - Accept-Encoding
      x-content-type-options:
      - nosniff
    status:
      code: 200
      message: OK
- request:
    body: null
    headers:
      Accept:
      - application/json
      Accept-Encoding:
      - gzip, deflate
      CommandName:
      - aks scale
      Connection:
      - keep-alive
      ParameterSetName:
      - -g -n --nodepool-name --node-count
      User-Agent:
      - python/3.6.6 (Windows-10-10.0.17763-SP0) msrest/0.6.4 msrest_azure/0.4.34
        azure-mgmt-containerservice/4.4.0 Azure-SDK-For-Python AZURECLI/2.0.62
    method: GET
    uri: https://management.azure.com/subscriptions/00000000-0000-0000-0000-000000000000/providers/Microsoft.ContainerService/locations/westus2/operations/367d9a4e-18a7-46b0-bada-474cb3e170e3?api-version=2016-03-30
  response:
    body:
      string: "{\n  \"name\": \"4e9a7d36-a718-b046-bada-474cb3e170e3\",\n  \"status\":
        \"InProgress\",\n  \"startTime\": \"2019-04-15T22:43:41.2092931Z\"\n }"
    headers:
      cache-control:
      - no-cache
      content-length:
      - '126'
      content-type:
      - application/json
      date:
      - Mon, 15 Apr 2019 22:44:42 GMT
      expires:
      - '-1'
      pragma:
      - no-cache
      server:
      - nginx
      strict-transport-security:
      - max-age=31536000; includeSubDomains
      transfer-encoding:
      - chunked
      vary:
      - Accept-Encoding
      x-content-type-options:
      - nosniff
    status:
      code: 200
      message: OK
- request:
    body: null
    headers:
      Accept:
      - application/json
      Accept-Encoding:
      - gzip, deflate
      CommandName:
      - aks scale
      Connection:
      - keep-alive
      ParameterSetName:
      - -g -n --nodepool-name --node-count
      User-Agent:
      - python/3.6.6 (Windows-10-10.0.17763-SP0) msrest/0.6.4 msrest_azure/0.4.34
        azure-mgmt-containerservice/4.4.0 Azure-SDK-For-Python AZURECLI/2.0.62
    method: GET
    uri: https://management.azure.com/subscriptions/00000000-0000-0000-0000-000000000000/providers/Microsoft.ContainerService/locations/westus2/operations/367d9a4e-18a7-46b0-bada-474cb3e170e3?api-version=2016-03-30
  response:
    body:
      string: "{\n  \"name\": \"4e9a7d36-a718-b046-bada-474cb3e170e3\",\n  \"status\":
        \"InProgress\",\n  \"startTime\": \"2019-04-15T22:43:41.2092931Z\"\n }"
    headers:
      cache-control:
      - no-cache
      content-length:
      - '126'
      content-type:
      - application/json
      date:
      - Mon, 15 Apr 2019 22:45:12 GMT
      expires:
      - '-1'
      pragma:
      - no-cache
      server:
      - nginx
      strict-transport-security:
      - max-age=31536000; includeSubDomains
      transfer-encoding:
      - chunked
      vary:
      - Accept-Encoding
      x-content-type-options:
      - nosniff
    status:
      code: 200
      message: OK
- request:
    body: null
    headers:
      Accept:
      - application/json
      Accept-Encoding:
      - gzip, deflate
      CommandName:
      - aks scale
      Connection:
      - keep-alive
      ParameterSetName:
      - -g -n --nodepool-name --node-count
      User-Agent:
      - python/3.6.6 (Windows-10-10.0.17763-SP0) msrest/0.6.4 msrest_azure/0.4.34
        azure-mgmt-containerservice/4.4.0 Azure-SDK-For-Python AZURECLI/2.0.62
    method: GET
    uri: https://management.azure.com/subscriptions/00000000-0000-0000-0000-000000000000/providers/Microsoft.ContainerService/locations/westus2/operations/367d9a4e-18a7-46b0-bada-474cb3e170e3?api-version=2016-03-30
  response:
    body:
      string: "{\n  \"name\": \"4e9a7d36-a718-b046-bada-474cb3e170e3\",\n  \"status\":
        \"InProgress\",\n  \"startTime\": \"2019-04-15T22:43:41.2092931Z\"\n }"
    headers:
      cache-control:
      - no-cache
      content-length:
      - '126'
      content-type:
      - application/json
      date:
      - Mon, 15 Apr 2019 22:45:43 GMT
      expires:
      - '-1'
      pragma:
      - no-cache
      server:
      - nginx
      strict-transport-security:
      - max-age=31536000; includeSubDomains
      transfer-encoding:
      - chunked
      vary:
      - Accept-Encoding
      x-content-type-options:
      - nosniff
    status:
      code: 200
      message: OK
- request:
    body: null
    headers:
      Accept:
      - application/json
      Accept-Encoding:
      - gzip, deflate
      CommandName:
      - aks scale
      Connection:
      - keep-alive
      ParameterSetName:
      - -g -n --nodepool-name --node-count
      User-Agent:
      - python/3.6.6 (Windows-10-10.0.17763-SP0) msrest/0.6.4 msrest_azure/0.4.34
        azure-mgmt-containerservice/4.4.0 Azure-SDK-For-Python AZURECLI/2.0.62
    method: GET
    uri: https://management.azure.com/subscriptions/00000000-0000-0000-0000-000000000000/providers/Microsoft.ContainerService/locations/westus2/operations/367d9a4e-18a7-46b0-bada-474cb3e170e3?api-version=2016-03-30
  response:
    body:
      string: "{\n  \"name\": \"4e9a7d36-a718-b046-bada-474cb3e170e3\",\n  \"status\":
        \"Succeeded\",\n  \"startTime\": \"2019-04-15T22:43:41.2092931Z\",\n  \"endTime\":
        \"2019-04-15T22:46:07.4440041Z\"\n }"
    headers:
      cache-control:
      - no-cache
      content-length:
      - '170'
      content-type:
      - application/json
      date:
      - Mon, 15 Apr 2019 22:46:13 GMT
      expires:
      - '-1'
      pragma:
      - no-cache
      server:
      - nginx
      strict-transport-security:
      - max-age=31536000; includeSubDomains
      transfer-encoding:
      - chunked
      vary:
      - Accept-Encoding
      x-content-type-options:
      - nosniff
    status:
      code: 200
      message: OK
- request:
    body: null
    headers:
      Accept:
      - application/json
      Accept-Encoding:
      - gzip, deflate
      CommandName:
      - aks scale
      Connection:
      - keep-alive
      ParameterSetName:
      - -g -n --nodepool-name --node-count
      User-Agent:
      - python/3.6.6 (Windows-10-10.0.17763-SP0) msrest/0.6.4 msrest_azure/0.4.34
        azure-mgmt-containerservice/4.4.0 Azure-SDK-For-Python AZURECLI/2.0.62
    method: GET
    uri: https://management.azure.com/subscriptions/00000000-0000-0000-0000-000000000000/resourceGroups/clitest000001/providers/Microsoft.ContainerService/managedClusters/cliakstest000003?api-version=2019-02-01
  response:
    body:
      string: "{\n  \"id\": \"/subscriptions/00000000-0000-0000-0000-000000000000/resourcegroups/clitest000001/providers/Microsoft.ContainerService/managedClusters/cliakstest000003\",\n
        \ \"location\": \"westus2\",\n  \"name\": \"cliakstest000003\",\n  \"tags\":
        {\n   \"scenario_test\": \"\"\n  },\n  \"type\": \"Microsoft.ContainerService/ManagedClusters\",\n
        \ \"properties\": {\n   \"provisioningState\": \"Succeeded\",\n   \"kubernetesVersion\":
        \"1.11.9\",\n   \"dnsPrefix\": \"cliaksdns000004\",\n   \"fqdn\": \"cliaksdns000004-0eeb6d70.hcp.westus2.azmk8s.io\",\n
        \  \"agentPoolProfiles\": [\n    {\n     \"name\": \"np000005\",\n     \"count\":
        3,\n     \"vmSize\": \"Standard_DS2_v2\",\n     \"osDiskSizeGB\": 100,\n     \"storageProfile\":
        \"ManagedDisks\",\n     \"maxPods\": 110,\n     \"osType\": \"Linux\"\n    }\n
        \  ],\n   \"linuxProfile\": {\n    \"adminUsername\": \"azureuser\",\n    \"ssh\":
        {\n     \"publicKeys\": [\n      {\n       \"keyData\": \"ssh-rsa AAAAB3NzaC1yc2EAAAADAQABAAACAQCbIg1guRHbI0lV11wWDt1r2cUdcNd27CJsg+SfgC7miZeubtwUhbsPdhMQsfDyhOWHq1+ZL0M+nJZV63d/1dhmhtgyOqejUwrPlzKhydsbrsdUor+JmNJDdW01v7BXHyuymT8G4s09jCasNOwiufbP/qp72ruu0bIA1nySsvlf9pCQAuFkAnVnf/rFhUlOkhtRpwcq8SUNY2zRHR/EKb/4NWY1JzR4sa3q2fWIJdrrX0DvLoa5g9bIEd4Df79ba7v+yiUBOS0zT2ll+z4g9izHK3EO5d8hL4jYxcjKs+wcslSYRWrascfscLgMlMGh0CdKeNTDjHpGPncaf3Z+FwwwjWeuiNBxv7bJo13/8B/098KlVDl4GZqsoBCEjPyJfV6hO0y/LkRGkk7oHWKgeWAfKtfLItRp00eZ4fcJNK9kCaSMmEugoZWcI7NGbZXzqFWqbpRI7NcDP9+WIQ+i9U5vqWsqd/zng4kbuAJ6UuKqIzB0upYrLShfQE3SAck8oaLhJqqq56VfDuASNpJKidV+zq27HfSBmbXnkR/5AK337dc3MXKJypoK/QPMLKUAP5XLPbs+NddJQV7EZXd29DLgp+fRIg3edpKdO7ZErWhv7d+3Kws+e1Y+ypmR2WIVSwVyBEUfgv2C8Ts9gnTF4pNcEY/S2aBicz5Ew2+jdyGNQQ==
        test@example.com\\n\"\n      }\n     ]\n    }\n   },\n   \"servicePrincipalProfile\":
        {\n    \"clientId\": \"http://clitest000002\"\n   },\n   \"nodeResourceGroup\":
        \"MC_clitest000001_cliakstest000003_westus2\",\n   \"enableRBAC\": true,\n
        \  \"networkProfile\": {\n    \"networkPlugin\": \"kubenet\",\n    \"podCidr\":
        \"10.244.0.0/16\",\n    \"serviceCidr\": \"10.0.0.0/16\",\n    \"dnsServiceIP\":
        \"10.0.0.10\",\n    \"dockerBridgeCidr\": \"172.17.0.1/16\"\n   }\n  }\n }"
    headers:
      cache-control:
      - no-cache
      content-length:
      - '2009'
      content-type:
      - application/json
      date:
      - Mon, 15 Apr 2019 22:46:14 GMT
      expires:
      - '-1'
      pragma:
      - no-cache
      server:
      - nginx
      strict-transport-security:
      - max-age=31536000; includeSubDomains
      transfer-encoding:
      - chunked
      vary:
      - Accept-Encoding
      x-content-type-options:
      - nosniff
    status:
      code: 200
      message: OK
- request:
    body: null
    headers:
      Accept:
      - application/json
      Accept-Encoding:
      - gzip, deflate
      CommandName:
      - aks show
      Connection:
      - keep-alive
      ParameterSetName:
      - -g -n
      User-Agent:
      - python/3.6.6 (Windows-10-10.0.17763-SP0) msrest/0.6.4 msrest_azure/0.4.34
        azure-mgmt-containerservice/4.4.0 Azure-SDK-For-Python AZURECLI/2.0.62
      accept-language:
      - en-US
    method: GET
    uri: https://management.azure.com/subscriptions/00000000-0000-0000-0000-000000000000/resourceGroups/clitest000001/providers/Microsoft.ContainerService/managedClusters/cliakstest000003?api-version=2019-02-01
  response:
    body:
      string: "{\n  \"id\": \"/subscriptions/00000000-0000-0000-0000-000000000000/resourcegroups/clitest000001/providers/Microsoft.ContainerService/managedClusters/cliakstest000003\",\n
        \ \"location\": \"westus2\",\n  \"name\": \"cliakstest000003\",\n  \"tags\":
        {\n   \"scenario_test\": \"\"\n  },\n  \"type\": \"Microsoft.ContainerService/ManagedClusters\",\n
        \ \"properties\": {\n   \"provisioningState\": \"Succeeded\",\n   \"kubernetesVersion\":
        \"1.11.9\",\n   \"dnsPrefix\": \"cliaksdns000004\",\n   \"fqdn\": \"cliaksdns000004-0eeb6d70.hcp.westus2.azmk8s.io\",\n
        \  \"agentPoolProfiles\": [\n    {\n     \"name\": \"np000005\",\n     \"count\":
        3,\n     \"vmSize\": \"Standard_DS2_v2\",\n     \"osDiskSizeGB\": 100,\n     \"storageProfile\":
        \"ManagedDisks\",\n     \"maxPods\": 110,\n     \"osType\": \"Linux\"\n    }\n
        \  ],\n   \"linuxProfile\": {\n    \"adminUsername\": \"azureuser\",\n    \"ssh\":
        {\n     \"publicKeys\": [\n      {\n       \"keyData\": \"ssh-rsa AAAAB3NzaC1yc2EAAAADAQABAAACAQCbIg1guRHbI0lV11wWDt1r2cUdcNd27CJsg+SfgC7miZeubtwUhbsPdhMQsfDyhOWHq1+ZL0M+nJZV63d/1dhmhtgyOqejUwrPlzKhydsbrsdUor+JmNJDdW01v7BXHyuymT8G4s09jCasNOwiufbP/qp72ruu0bIA1nySsvlf9pCQAuFkAnVnf/rFhUlOkhtRpwcq8SUNY2zRHR/EKb/4NWY1JzR4sa3q2fWIJdrrX0DvLoa5g9bIEd4Df79ba7v+yiUBOS0zT2ll+z4g9izHK3EO5d8hL4jYxcjKs+wcslSYRWrascfscLgMlMGh0CdKeNTDjHpGPncaf3Z+FwwwjWeuiNBxv7bJo13/8B/098KlVDl4GZqsoBCEjPyJfV6hO0y/LkRGkk7oHWKgeWAfKtfLItRp00eZ4fcJNK9kCaSMmEugoZWcI7NGbZXzqFWqbpRI7NcDP9+WIQ+i9U5vqWsqd/zng4kbuAJ6UuKqIzB0upYrLShfQE3SAck8oaLhJqqq56VfDuASNpJKidV+zq27HfSBmbXnkR/5AK337dc3MXKJypoK/QPMLKUAP5XLPbs+NddJQV7EZXd29DLgp+fRIg3edpKdO7ZErWhv7d+3Kws+e1Y+ypmR2WIVSwVyBEUfgv2C8Ts9gnTF4pNcEY/S2aBicz5Ew2+jdyGNQQ==
        test@example.com\\n\"\n      }\n     ]\n    }\n   },\n   \"servicePrincipalProfile\":
        {\n    \"clientId\": \"http://clitest000002\"\n   },\n   \"nodeResourceGroup\":
        \"MC_clitest000001_cliakstest000003_westus2\",\n   \"enableRBAC\": true,\n
        \  \"networkProfile\": {\n    \"networkPlugin\": \"kubenet\",\n    \"podCidr\":
        \"10.244.0.0/16\",\n    \"serviceCidr\": \"10.0.0.0/16\",\n    \"dnsServiceIP\":
        \"10.0.0.10\",\n    \"dockerBridgeCidr\": \"172.17.0.1/16\"\n   }\n  }\n }"
    headers:
      cache-control:
      - no-cache
      content-length:
      - '2009'
      content-type:
      - application/json
      date:
      - Mon, 15 Apr 2019 22:46:16 GMT
      expires:
      - '-1'
      pragma:
      - no-cache
      server:
      - nginx
      strict-transport-security:
      - max-age=31536000; includeSubDomains
      transfer-encoding:
      - chunked
      vary:
      - Accept-Encoding
      x-content-type-options:
      - nosniff
    status:
      code: 200
      message: OK
- request:
    body: null
    headers:
      Accept:
      - application/json
      Accept-Encoding:
      - gzip, deflate
      CommandName:
      - aks delete
      Connection:
      - keep-alive
      Content-Length:
      - '0'
      ParameterSetName:
      - -g -n --yes
      User-Agent:
      - python/3.6.6 (Windows-10-10.0.17763-SP0) msrest/0.6.4 msrest_azure/0.4.34
        azure-mgmt-containerservice/4.4.0 Azure-SDK-For-Python AZURECLI/2.0.62
      accept-language:
      - en-US
    method: DELETE
    uri: https://management.azure.com/subscriptions/00000000-0000-0000-0000-000000000000/resourceGroups/clitest000001/providers/Microsoft.ContainerService/managedClusters/cliakstest000003?api-version=2019-02-01
  response:
    body:
      string: ''
    headers:
      azure-asyncoperation:
      - https://management.azure.com/subscriptions/00000000-0000-0000-0000-000000000000/providers/Microsoft.ContainerService/locations/westus2/operations/e24dc6c9-a438-4258-8e98-0adb1d75deba?api-version=2016-03-30
      cache-control:
      - no-cache
      content-length:
      - '0'
      date:
      - Mon, 15 Apr 2019 22:46:33 GMT
      expires:
      - '-1'
      location:
      - https://management.azure.com/subscriptions/00000000-0000-0000-0000-000000000000/providers/Microsoft.ContainerService/locations/westus2/operationresults/e24dc6c9-a438-4258-8e98-0adb1d75deba?api-version=2016-03-30
      pragma:
      - no-cache
      server:
      - nginx
      strict-transport-security:
      - max-age=31536000; includeSubDomains
      x-content-type-options:
      - nosniff
      x-ms-ratelimit-remaining-subscription-deletes:
      - '14999'
    status:
      code: 202
      message: Accepted
- request:
    body: null
    headers:
      Accept:
      - application/json
      Accept-Encoding:
      - gzip, deflate
      CommandName:
      - aks delete
      Connection:
      - keep-alive
      ParameterSetName:
      - -g -n --yes
      User-Agent:
      - python/3.6.6 (Windows-10-10.0.17763-SP0) msrest/0.6.4 msrest_azure/0.4.34
        azure-mgmt-containerservice/4.4.0 Azure-SDK-For-Python AZURECLI/2.0.62
    method: GET
    uri: https://management.azure.com/subscriptions/00000000-0000-0000-0000-000000000000/providers/Microsoft.ContainerService/locations/westus2/operations/e24dc6c9-a438-4258-8e98-0adb1d75deba?api-version=2016-03-30
  response:
    body:
      string: "{\n  \"name\": \"c9c64de2-38a4-5842-8e98-0adb1d75deba\",\n  \"status\":
        \"InProgress\",\n  \"startTime\": \"2019-04-15T22:46:33.7572901Z\"\n }"
    headers:
      cache-control:
      - no-cache
      content-length:
      - '126'
      content-type:
      - application/json
      date:
      - Mon, 15 Apr 2019 22:47:04 GMT
      expires:
      - '-1'
      pragma:
      - no-cache
      server:
      - nginx
      strict-transport-security:
      - max-age=31536000; includeSubDomains
      transfer-encoding:
      - chunked
      vary:
      - Accept-Encoding
      x-content-type-options:
      - nosniff
    status:
      code: 200
      message: OK
- request:
    body: null
    headers:
      Accept:
      - application/json
      Accept-Encoding:
      - gzip, deflate
      CommandName:
      - aks delete
      Connection:
      - keep-alive
      ParameterSetName:
      - -g -n --yes
      User-Agent:
      - python/3.6.6 (Windows-10-10.0.17763-SP0) msrest/0.6.4 msrest_azure/0.4.34
        azure-mgmt-containerservice/4.4.0 Azure-SDK-For-Python AZURECLI/2.0.62
    method: GET
    uri: https://management.azure.com/subscriptions/00000000-0000-0000-0000-000000000000/providers/Microsoft.ContainerService/locations/westus2/operations/e24dc6c9-a438-4258-8e98-0adb1d75deba?api-version=2016-03-30
  response:
    body:
      string: "{\n  \"name\": \"c9c64de2-38a4-5842-8e98-0adb1d75deba\",\n  \"status\":
        \"InProgress\",\n  \"startTime\": \"2019-04-15T22:46:33.7572901Z\"\n }"
    headers:
      cache-control:
      - no-cache
      content-length:
      - '126'
      content-type:
      - application/json
      date:
      - Mon, 15 Apr 2019 22:47:34 GMT
      expires:
      - '-1'
      pragma:
      - no-cache
      server:
      - nginx
      strict-transport-security:
      - max-age=31536000; includeSubDomains
      transfer-encoding:
      - chunked
      vary:
      - Accept-Encoding
      x-content-type-options:
      - nosniff
    status:
      code: 200
      message: OK
- request:
    body: null
    headers:
      Accept:
      - application/json
      Accept-Encoding:
      - gzip, deflate
      CommandName:
      - aks delete
      Connection:
      - keep-alive
      ParameterSetName:
      - -g -n --yes
      User-Agent:
      - python/3.6.6 (Windows-10-10.0.17763-SP0) msrest/0.6.4 msrest_azure/0.4.34
        azure-mgmt-containerservice/4.4.0 Azure-SDK-For-Python AZURECLI/2.0.62
    method: GET
    uri: https://management.azure.com/subscriptions/00000000-0000-0000-0000-000000000000/providers/Microsoft.ContainerService/locations/westus2/operations/e24dc6c9-a438-4258-8e98-0adb1d75deba?api-version=2016-03-30
  response:
    body:
      string: "{\n  \"name\": \"c9c64de2-38a4-5842-8e98-0adb1d75deba\",\n  \"status\":
        \"InProgress\",\n  \"startTime\": \"2019-04-15T22:46:33.7572901Z\"\n }"
    headers:
      cache-control:
      - no-cache
      content-length:
      - '126'
      content-type:
      - application/json
      date:
      - Mon, 15 Apr 2019 22:48:05 GMT
      expires:
      - '-1'
      pragma:
      - no-cache
      server:
      - nginx
      strict-transport-security:
      - max-age=31536000; includeSubDomains
      transfer-encoding:
      - chunked
      vary:
      - Accept-Encoding
      x-content-type-options:
      - nosniff
    status:
      code: 200
      message: OK
- request:
    body: null
    headers:
      Accept:
      - application/json
      Accept-Encoding:
      - gzip, deflate
      CommandName:
      - aks delete
      Connection:
      - keep-alive
      ParameterSetName:
      - -g -n --yes
      User-Agent:
      - python/3.6.6 (Windows-10-10.0.17763-SP0) msrest/0.6.4 msrest_azure/0.4.34
        azure-mgmt-containerservice/4.4.0 Azure-SDK-For-Python AZURECLI/2.0.62
    method: GET
    uri: https://management.azure.com/subscriptions/00000000-0000-0000-0000-000000000000/providers/Microsoft.ContainerService/locations/westus2/operations/e24dc6c9-a438-4258-8e98-0adb1d75deba?api-version=2016-03-30
  response:
    body:
      string: "{\n  \"name\": \"c9c64de2-38a4-5842-8e98-0adb1d75deba\",\n  \"status\":
        \"InProgress\",\n  \"startTime\": \"2019-04-15T22:46:33.7572901Z\"\n }"
    headers:
      cache-control:
      - no-cache
      content-length:
      - '126'
      content-type:
      - application/json
      date:
      - Mon, 15 Apr 2019 22:48:36 GMT
      expires:
      - '-1'
      pragma:
      - no-cache
      server:
      - nginx
      strict-transport-security:
      - max-age=31536000; includeSubDomains
      transfer-encoding:
      - chunked
      vary:
      - Accept-Encoding
      x-content-type-options:
      - nosniff
    status:
      code: 200
      message: OK
- request:
    body: null
    headers:
      Accept:
      - application/json
      Accept-Encoding:
      - gzip, deflate
      CommandName:
      - aks delete
      Connection:
      - keep-alive
      ParameterSetName:
      - -g -n --yes
      User-Agent:
      - python/3.6.6 (Windows-10-10.0.17763-SP0) msrest/0.6.4 msrest_azure/0.4.34
        azure-mgmt-containerservice/4.4.0 Azure-SDK-For-Python AZURECLI/2.0.62
    method: GET
    uri: https://management.azure.com/subscriptions/00000000-0000-0000-0000-000000000000/providers/Microsoft.ContainerService/locations/westus2/operations/e24dc6c9-a438-4258-8e98-0adb1d75deba?api-version=2016-03-30
  response:
    body:
      string: "{\n  \"name\": \"c9c64de2-38a4-5842-8e98-0adb1d75deba\",\n  \"status\":
        \"InProgress\",\n  \"startTime\": \"2019-04-15T22:46:33.7572901Z\"\n }"
    headers:
      cache-control:
      - no-cache
      content-length:
      - '126'
      content-type:
      - application/json
      date:
      - Mon, 15 Apr 2019 22:49:06 GMT
      expires:
      - '-1'
      pragma:
      - no-cache
      server:
      - nginx
      strict-transport-security:
      - max-age=31536000; includeSubDomains
      transfer-encoding:
      - chunked
      vary:
      - Accept-Encoding
      x-content-type-options:
      - nosniff
    status:
      code: 200
      message: OK
- request:
    body: null
    headers:
      Accept:
      - application/json
      Accept-Encoding:
      - gzip, deflate
      CommandName:
      - aks delete
      Connection:
      - keep-alive
      ParameterSetName:
      - -g -n --yes
      User-Agent:
      - python/3.6.6 (Windows-10-10.0.17763-SP0) msrest/0.6.4 msrest_azure/0.4.34
        azure-mgmt-containerservice/4.4.0 Azure-SDK-For-Python AZURECLI/2.0.62
    method: GET
    uri: https://management.azure.com/subscriptions/00000000-0000-0000-0000-000000000000/providers/Microsoft.ContainerService/locations/westus2/operations/e24dc6c9-a438-4258-8e98-0adb1d75deba?api-version=2016-03-30
  response:
    body:
      string: "{\n  \"name\": \"c9c64de2-38a4-5842-8e98-0adb1d75deba\",\n  \"status\":
        \"InProgress\",\n  \"startTime\": \"2019-04-15T22:46:33.7572901Z\"\n }"
    headers:
      cache-control:
      - no-cache
      content-length:
      - '126'
      content-type:
      - application/json
      date:
      - Mon, 15 Apr 2019 22:49:36 GMT
      expires:
      - '-1'
      pragma:
      - no-cache
      server:
      - nginx
      strict-transport-security:
      - max-age=31536000; includeSubDomains
      transfer-encoding:
      - chunked
      vary:
      - Accept-Encoding
      x-content-type-options:
      - nosniff
    status:
      code: 200
      message: OK
- request:
    body: null
    headers:
      Accept:
      - application/json
      Accept-Encoding:
      - gzip, deflate
      CommandName:
      - aks delete
      Connection:
      - keep-alive
      ParameterSetName:
      - -g -n --yes
      User-Agent:
      - python/3.6.6 (Windows-10-10.0.17763-SP0) msrest/0.6.4 msrest_azure/0.4.34
        azure-mgmt-containerservice/4.4.0 Azure-SDK-For-Python AZURECLI/2.0.62
    method: GET
    uri: https://management.azure.com/subscriptions/00000000-0000-0000-0000-000000000000/providers/Microsoft.ContainerService/locations/westus2/operations/e24dc6c9-a438-4258-8e98-0adb1d75deba?api-version=2016-03-30
  response:
    body:
      string: "{\n  \"name\": \"c9c64de2-38a4-5842-8e98-0adb1d75deba\",\n  \"status\":
        \"InProgress\",\n  \"startTime\": \"2019-04-15T22:46:33.7572901Z\"\n }"
    headers:
      cache-control:
      - no-cache
      content-length:
      - '126'
      content-type:
      - application/json
      date:
      - Mon, 15 Apr 2019 22:50:07 GMT
      expires:
      - '-1'
      pragma:
      - no-cache
      server:
      - nginx
      strict-transport-security:
      - max-age=31536000; includeSubDomains
      transfer-encoding:
      - chunked
      vary:
      - Accept-Encoding
      x-content-type-options:
      - nosniff
    status:
      code: 200
      message: OK
- request:
    body: null
    headers:
      Accept:
      - application/json
      Accept-Encoding:
      - gzip, deflate
      CommandName:
      - aks delete
      Connection:
      - keep-alive
      ParameterSetName:
      - -g -n --yes
      User-Agent:
      - python/3.6.6 (Windows-10-10.0.17763-SP0) msrest/0.6.4 msrest_azure/0.4.34
        azure-mgmt-containerservice/4.4.0 Azure-SDK-For-Python AZURECLI/2.0.62
    method: GET
    uri: https://management.azure.com/subscriptions/00000000-0000-0000-0000-000000000000/providers/Microsoft.ContainerService/locations/westus2/operations/e24dc6c9-a438-4258-8e98-0adb1d75deba?api-version=2016-03-30
  response:
    body:
      string: "{\n  \"name\": \"c9c64de2-38a4-5842-8e98-0adb1d75deba\",\n  \"status\":
        \"InProgress\",\n  \"startTime\": \"2019-04-15T22:46:33.7572901Z\"\n }"
    headers:
      cache-control:
      - no-cache
      content-length:
      - '126'
      content-type:
      - application/json
      date:
      - Mon, 15 Apr 2019 22:50:38 GMT
      expires:
      - '-1'
      pragma:
      - no-cache
      server:
      - nginx
      strict-transport-security:
      - max-age=31536000; includeSubDomains
      transfer-encoding:
      - chunked
      vary:
      - Accept-Encoding
      x-content-type-options:
      - nosniff
    status:
      code: 200
      message: OK
- request:
    body: null
    headers:
      Accept:
      - application/json
      Accept-Encoding:
      - gzip, deflate
      CommandName:
      - aks delete
      Connection:
      - keep-alive
      ParameterSetName:
      - -g -n --yes
      User-Agent:
      - python/3.6.6 (Windows-10-10.0.17763-SP0) msrest/0.6.4 msrest_azure/0.4.34
        azure-mgmt-containerservice/4.4.0 Azure-SDK-For-Python AZURECLI/2.0.62
    method: GET
    uri: https://management.azure.com/subscriptions/00000000-0000-0000-0000-000000000000/providers/Microsoft.ContainerService/locations/westus2/operations/e24dc6c9-a438-4258-8e98-0adb1d75deba?api-version=2016-03-30
  response:
    body:
      string: "{\n  \"name\": \"c9c64de2-38a4-5842-8e98-0adb1d75deba\",\n  \"status\":
        \"InProgress\",\n  \"startTime\": \"2019-04-15T22:46:33.7572901Z\"\n }"
    headers:
      cache-control:
      - no-cache
      content-length:
      - '126'
      content-type:
      - application/json
      date:
      - Mon, 15 Apr 2019 22:51:08 GMT
      expires:
      - '-1'
      pragma:
      - no-cache
      server:
      - nginx
      strict-transport-security:
      - max-age=31536000; includeSubDomains
      transfer-encoding:
      - chunked
      vary:
      - Accept-Encoding
      x-content-type-options:
      - nosniff
    status:
      code: 200
      message: OK
- request:
    body: null
    headers:
      Accept:
      - application/json
      Accept-Encoding:
      - gzip, deflate
      CommandName:
      - aks delete
      Connection:
      - keep-alive
      ParameterSetName:
      - -g -n --yes
      User-Agent:
      - python/3.6.6 (Windows-10-10.0.17763-SP0) msrest/0.6.4 msrest_azure/0.4.34
        azure-mgmt-containerservice/4.4.0 Azure-SDK-For-Python AZURECLI/2.0.62
    method: GET
    uri: https://management.azure.com/subscriptions/00000000-0000-0000-0000-000000000000/providers/Microsoft.ContainerService/locations/westus2/operations/e24dc6c9-a438-4258-8e98-0adb1d75deba?api-version=2016-03-30
  response:
    body:
      string: "{\n  \"name\": \"c9c64de2-38a4-5842-8e98-0adb1d75deba\",\n  \"status\":
        \"InProgress\",\n  \"startTime\": \"2019-04-15T22:46:33.7572901Z\"\n }"
    headers:
      cache-control:
      - no-cache
      content-length:
      - '126'
      content-type:
      - application/json
      date:
      - Mon, 15 Apr 2019 22:51:39 GMT
      expires:
      - '-1'
      pragma:
      - no-cache
      server:
      - nginx
      strict-transport-security:
      - max-age=31536000; includeSubDomains
      transfer-encoding:
      - chunked
      vary:
      - Accept-Encoding
      x-content-type-options:
      - nosniff
    status:
      code: 200
      message: OK
- request:
    body: null
    headers:
      Accept:
      - application/json
      Accept-Encoding:
      - gzip, deflate
      CommandName:
      - aks delete
      Connection:
      - keep-alive
      ParameterSetName:
      - -g -n --yes
      User-Agent:
      - python/3.6.6 (Windows-10-10.0.17763-SP0) msrest/0.6.4 msrest_azure/0.4.34
        azure-mgmt-containerservice/4.4.0 Azure-SDK-For-Python AZURECLI/2.0.62
    method: GET
    uri: https://management.azure.com/subscriptions/00000000-0000-0000-0000-000000000000/providers/Microsoft.ContainerService/locations/westus2/operations/e24dc6c9-a438-4258-8e98-0adb1d75deba?api-version=2016-03-30
  response:
    body:
      string: "{\n  \"name\": \"c9c64de2-38a4-5842-8e98-0adb1d75deba\",\n  \"status\":
        \"InProgress\",\n  \"startTime\": \"2019-04-15T22:46:33.7572901Z\"\n }"
    headers:
      cache-control:
      - no-cache
      content-length:
      - '126'
      content-type:
      - application/json
      date:
      - Mon, 15 Apr 2019 22:52:10 GMT
      expires:
      - '-1'
      pragma:
      - no-cache
      server:
      - nginx
      strict-transport-security:
      - max-age=31536000; includeSubDomains
      transfer-encoding:
      - chunked
      vary:
      - Accept-Encoding
      x-content-type-options:
      - nosniff
    status:
      code: 200
      message: OK
- request:
    body: null
    headers:
      Accept:
      - application/json
      Accept-Encoding:
      - gzip, deflate
      CommandName:
      - aks delete
      Connection:
      - keep-alive
      ParameterSetName:
      - -g -n --yes
      User-Agent:
      - python/3.6.6 (Windows-10-10.0.17763-SP0) msrest/0.6.4 msrest_azure/0.4.34
        azure-mgmt-containerservice/4.4.0 Azure-SDK-For-Python AZURECLI/2.0.62
    method: GET
    uri: https://management.azure.com/subscriptions/00000000-0000-0000-0000-000000000000/providers/Microsoft.ContainerService/locations/westus2/operations/e24dc6c9-a438-4258-8e98-0adb1d75deba?api-version=2016-03-30
  response:
    body:
      string: "{\n  \"name\": \"c9c64de2-38a4-5842-8e98-0adb1d75deba\",\n  \"status\":
        \"InProgress\",\n  \"startTime\": \"2019-04-15T22:46:33.7572901Z\"\n }"
    headers:
      cache-control:
      - no-cache
      content-length:
      - '126'
      content-type:
      - application/json
      date:
      - Mon, 15 Apr 2019 22:52:40 GMT
      expires:
      - '-1'
      pragma:
      - no-cache
      server:
      - nginx
      strict-transport-security:
      - max-age=31536000; includeSubDomains
      transfer-encoding:
      - chunked
      vary:
      - Accept-Encoding
      x-content-type-options:
      - nosniff
    status:
      code: 200
      message: OK
- request:
    body: null
    headers:
      Accept:
      - application/json
      Accept-Encoding:
      - gzip, deflate
      CommandName:
      - aks delete
      Connection:
      - keep-alive
      ParameterSetName:
      - -g -n --yes
      User-Agent:
      - python/3.6.6 (Windows-10-10.0.17763-SP0) msrest/0.6.4 msrest_azure/0.4.34
        azure-mgmt-containerservice/4.4.0 Azure-SDK-For-Python AZURECLI/2.0.62
    method: GET
    uri: https://management.azure.com/subscriptions/00000000-0000-0000-0000-000000000000/providers/Microsoft.ContainerService/locations/westus2/operations/e24dc6c9-a438-4258-8e98-0adb1d75deba?api-version=2016-03-30
  response:
    body:
      string: "{\n  \"name\": \"c9c64de2-38a4-5842-8e98-0adb1d75deba\",\n  \"status\":
        \"InProgress\",\n  \"startTime\": \"2019-04-15T22:46:33.7572901Z\"\n }"
    headers:
      cache-control:
      - no-cache
      content-length:
      - '126'
      content-type:
      - application/json
      date:
      - Mon, 15 Apr 2019 22:53:12 GMT
      expires:
      - '-1'
      pragma:
      - no-cache
      server:
      - nginx
      strict-transport-security:
      - max-age=31536000; includeSubDomains
      transfer-encoding:
      - chunked
      vary:
      - Accept-Encoding
      x-content-type-options:
      - nosniff
    status:
      code: 200
      message: OK
- request:
    body: null
    headers:
      Accept:
      - application/json
      Accept-Encoding:
      - gzip, deflate
      CommandName:
      - aks delete
      Connection:
      - keep-alive
      ParameterSetName:
      - -g -n --yes
      User-Agent:
      - python/3.6.6 (Windows-10-10.0.17763-SP0) msrest/0.6.4 msrest_azure/0.4.34
        azure-mgmt-containerservice/4.4.0 Azure-SDK-For-Python AZURECLI/2.0.62
    method: GET
    uri: https://management.azure.com/subscriptions/00000000-0000-0000-0000-000000000000/providers/Microsoft.ContainerService/locations/westus2/operations/e24dc6c9-a438-4258-8e98-0adb1d75deba?api-version=2016-03-30
  response:
    body:
      string: "{\n  \"name\": \"c9c64de2-38a4-5842-8e98-0adb1d75deba\",\n  \"status\":
        \"InProgress\",\n  \"startTime\": \"2019-04-15T22:46:33.7572901Z\"\n }"
    headers:
      cache-control:
      - no-cache
      content-length:
      - '126'
      content-type:
      - application/json
      date:
      - Mon, 15 Apr 2019 22:53:42 GMT
      expires:
      - '-1'
      pragma:
      - no-cache
      server:
      - nginx
      strict-transport-security:
      - max-age=31536000; includeSubDomains
      transfer-encoding:
      - chunked
      vary:
      - Accept-Encoding
      x-content-type-options:
      - nosniff
    status:
      code: 200
      message: OK
- request:
    body: null
    headers:
      Accept:
      - application/json
      Accept-Encoding:
      - gzip, deflate
      CommandName:
      - aks delete
      Connection:
      - keep-alive
      ParameterSetName:
      - -g -n --yes
      User-Agent:
      - python/3.6.6 (Windows-10-10.0.17763-SP0) msrest/0.6.4 msrest_azure/0.4.34
        azure-mgmt-containerservice/4.4.0 Azure-SDK-For-Python AZURECLI/2.0.62
    method: GET
    uri: https://management.azure.com/subscriptions/00000000-0000-0000-0000-000000000000/providers/Microsoft.ContainerService/locations/westus2/operations/e24dc6c9-a438-4258-8e98-0adb1d75deba?api-version=2016-03-30
  response:
    body:
      string: "{\n  \"name\": \"c9c64de2-38a4-5842-8e98-0adb1d75deba\",\n  \"status\":
        \"Succeeded\",\n  \"startTime\": \"2019-04-15T22:46:33.7572901Z\",\n  \"endTime\":
        \"2019-04-15T22:53:42.9472853Z\"\n }"
    headers:
      cache-control:
      - no-cache
      content-length:
      - '170'
      content-type:
      - application/json
      date:
      - Mon, 15 Apr 2019 22:54:13 GMT
      expires:
      - '-1'
      pragma:
      - no-cache
      server:
      - nginx
      strict-transport-security:
      - max-age=31536000; includeSubDomains
      transfer-encoding:
      - chunked
      vary:
      - Accept-Encoding
      x-content-type-options:
      - nosniff
    status:
      code: 200
      message: OK
- request:
    body: null
    headers:
      Accept:
      - application/json
      Accept-Encoding:
      - gzip, deflate
      CommandName:
      - aks show
      Connection:
      - keep-alive
      ParameterSetName:
      - -g -n
      User-Agent:
      - python/3.6.6 (Windows-10-10.0.17763-SP0) msrest/0.6.4 msrest_azure/0.4.34
        azure-mgmt-containerservice/4.4.0 Azure-SDK-For-Python AZURECLI/2.0.62
      accept-language:
      - en-US
    method: GET
    uri: https://management.azure.com/subscriptions/00000000-0000-0000-0000-000000000000/resourceGroups/clitest000001/providers/Microsoft.ContainerService/managedClusters/cliakstest000003?api-version=2019-02-01
  response:
    body:
      string: '{"error":{"code":"ResourceNotFound","message":"The Resource ''Microsoft.ContainerService/managedClusters/cliakstest000003''
        under resource group ''clitest000001'' was not found."}}'
    headers:
      cache-control:
      - no-cache
      content-length:
      - '180'
      content-type:
      - application/json; charset=utf-8
      date:
      - Mon, 15 Apr 2019 22:54:14 GMT
      expires:
      - '-1'
      pragma:
      - no-cache
      strict-transport-security:
      - max-age=31536000; includeSubDomains
      x-content-type-options:
      - nosniff
      x-ms-failure-cause:
      - gateway
    status:
      code: 404
      message: Not Found
- request:
    body: null
    headers:
      Accept:
      - application/json
      Accept-Encoding:
      - gzip, deflate
      CommandName:
      - ad sp delete
      Connection:
      - keep-alive
      ParameterSetName:
      - --id
      User-Agent:
      - python/3.6.6 (Windows-10-10.0.17763-SP0) msrest/0.6.4 msrest_azure/0.4.34
        azure-graphrbac/0.61.0 Azure-SDK-For-Python AZURECLI/2.0.62
      accept-language:
      - en-US
    method: GET
    uri: https://graph.windows.net/00000000-0000-0000-0000-000000000000/servicePrincipals?$filter=servicePrincipalNames%2Fany%28c%3Ac%20eq%20%270d9b9910-e15d-41b8-bd92-1d0e126363fd%27%29&api-version=1.6
  response:
    body:
      string: '{"odata.metadata":"https://graph.windows.net/00000000-0000-0000-0000-000000000000/$metadata#directoryObjects","value":[{"odata.type":"Microsoft.DirectoryServices.ServicePrincipal","objectType":"ServicePrincipal","objectId":"b2838aa8-d2bb-4959-b3b2-3ac002f226f8","deletionTimestamp":null,"accountEnabled":true,"addIns":[],"alternativeNames":[],"appDisplayName":"clitest3edziffhxn","appId":"0d9b9910-e15d-41b8-bd92-1d0e126363fd","applicationTemplateId":null,"appOwnerTenantId":"54826b22-38d6-4fb2-bad9-b7b93a3e9c5a","appRoleAssignmentRequired":false,"appRoles":[],"displayName":"clitest3edziffhxn","errorUrl":null,"homepage":"https://clitest3edziffhxn","informationalUrls":{"termsOfService":null,"support":null,"privacy":null,"marketing":null},"keyCredentials":[],"logoutUrl":null,"notificationEmailAddresses":[],"oauth2Permissions":[{"adminConsentDescription":"Allow
        the application to access clitest3edziffhxn on behalf of the signed-in user.","adminConsentDisplayName":"Access
        clitest3edziffhxn","id":"828e422d-48eb-4e26-bda1-3f482801b114","isEnabled":true,"type":"User","userConsentDescription":"Allow
        the application to access clitest3edziffhxn on your behalf.","userConsentDisplayName":"Access
        clitest3edziffhxn","value":"user_impersonation"}],"passwordCredentials":[],"preferredSingleSignOnMode":null,"preferredTokenSigningKeyEndDateTime":null,"preferredTokenSigningKeyThumbprint":null,"publisherName":"AzureSDKTeam","replyUrls":[],"samlMetadataUrl":null,"samlSingleSignOnSettings":null,"servicePrincipalNames":["http://clitest000002","0d9b9910-e15d-41b8-bd92-1d0e126363fd"],"servicePrincipalType":"Application","signInAudience":"AzureADMyOrg","tags":[],"tokenEncryptionKeyId":null}]}'
    headers:
      access-control-allow-origin:
      - '*'
      cache-control:
      - no-cache
      content-length:
      - '1693'
      content-type:
      - application/json; odata=minimalmetadata; streaming=true; charset=utf-8
      dataserviceversion:
      - 3.0;
      date:
      - Mon, 15 Apr 2019 22:54:14 GMT
      duration:
      - '625517'
      expires:
      - '-1'
      ocp-aad-diagnostics-server-name:
      - qS43F4iLBOJT6RGkkYs1XEqkZVQTuWFJkKZZm/yzJso=
      ocp-aad-session-key:
      - 4C_dEf2kFzA3vsdsxtbAJL1FLz7W_u59mVP0kRNtaqmSYF_ElMyXGPu2q94aFHYkxXpDOwobXTzA59m0LgvyYj8OPLfxoUUbzt6HldMGVNeFLVIk9v-kEy6z_hvSqW88jX4unGs_QbGGHXPEDWumWQ.WNnQSNZyyOTU0r6knKhkvtldYFxDFX48CqCteRRGXOM
      pragma:
      - no-cache
      request-id:
      - f30d3c55-2bd2-49c1-b451-98375c855b05
      strict-transport-security:
      - max-age=31536000; includeSubDomains
      x-aspnet-version:
      - 4.0.30319
      x-ms-dirapi-data-contract-version:
      - '1.6'
      x-powered-by:
      - ASP.NET
    status:
      code: 200
      message: OK
- request:
    body: null
    headers:
      Accept:
      - application/json
      Accept-Encoding:
      - gzip, deflate
      CommandName:
      - ad sp delete
      Connection:
      - keep-alive
      ParameterSetName:
      - --id
      User-Agent:
      - python/3.6.6 (Windows-10-10.0.17763-SP0) msrest/0.6.4 msrest_azure/0.4.34
        azure-graphrbac/0.61.0 Azure-SDK-For-Python AZURECLI/2.0.62
      accept-language:
      - en-US
    method: GET
    uri: https://graph.windows.net/00000000-0000-0000-0000-000000000000/servicePrincipals/b2838aa8-d2bb-4959-b3b2-3ac002f226f8?api-version=1.6
  response:
    body:
      string: '{"odata.metadata":"https://graph.windows.net/00000000-0000-0000-0000-000000000000/$metadata#directoryObjects/@Element","odata.type":"Microsoft.DirectoryServices.ServicePrincipal","objectType":"ServicePrincipal","objectId":"b2838aa8-d2bb-4959-b3b2-3ac002f226f8","deletionTimestamp":null,"accountEnabled":true,"addIns":[],"alternativeNames":[],"appDisplayName":"clitest3edziffhxn","appId":"0d9b9910-e15d-41b8-bd92-1d0e126363fd","applicationTemplateId":null,"appOwnerTenantId":"54826b22-38d6-4fb2-bad9-b7b93a3e9c5a","appRoleAssignmentRequired":false,"appRoles":[],"displayName":"clitest3edziffhxn","errorUrl":null,"homepage":"https://clitest3edziffhxn","informationalUrls":{"termsOfService":null,"support":null,"privacy":null,"marketing":null},"keyCredentials":[],"logoutUrl":null,"notificationEmailAddresses":[],"oauth2Permissions":[{"adminConsentDescription":"Allow
        the application to access clitest3edziffhxn on behalf of the signed-in user.","adminConsentDisplayName":"Access
        clitest3edziffhxn","id":"828e422d-48eb-4e26-bda1-3f482801b114","isEnabled":true,"type":"User","userConsentDescription":"Allow
        the application to access clitest3edziffhxn on your behalf.","userConsentDisplayName":"Access
        clitest3edziffhxn","value":"user_impersonation"}],"passwordCredentials":[],"preferredSingleSignOnMode":null,"preferredTokenSigningKeyEndDateTime":null,"preferredTokenSigningKeyThumbprint":null,"publisherName":"AzureSDKTeam","replyUrls":[],"samlMetadataUrl":null,"samlSingleSignOnSettings":null,"servicePrincipalNames":["http://clitest000002","0d9b9910-e15d-41b8-bd92-1d0e126363fd"],"servicePrincipalType":"Application","signInAudience":"AzureADMyOrg","tags":[],"tokenEncryptionKeyId":null}'
    headers:
      access-control-allow-origin:
      - '*'
      cache-control:
      - no-cache
      content-length:
      - '1690'
      content-type:
      - application/json; odata=minimalmetadata; streaming=true; charset=utf-8
      dataserviceversion:
      - 3.0;
      date:
      - Mon, 15 Apr 2019 22:54:15 GMT
      duration:
      - '574282'
      expires:
      - '-1'
      ocp-aad-diagnostics-server-name:
      - ISbjmcjIryw8imO8hLdMu3pPCFK4JbNjsBFNQwzSQzU=
      ocp-aad-session-key:
      - Ts4RQCoAJZFhpAp0Za-JW5l1tID5hVrLd_VL0brRV5qhIo0FmeaS364SyLq1fwZw_hQE164VVjRb-EtD5nS0tXAaDz8U7DcfO9O_9P-qzxE-Z-Lw8F1eq628EMoyiYdoI6yDrpBWZ5GW1hIZfUnwuw.3bb92K89iSFcCqkqGDlTjYDc0FCzUj_jMQpprgl8jTU
      pragma:
      - no-cache
      request-id:
      - 32fc31ee-8883-47fb-b726-9b4585f2dc66
      strict-transport-security:
      - max-age=31536000; includeSubDomains
      x-aspnet-version:
      - 4.0.30319
      x-ms-dirapi-data-contract-version:
      - '1.6'
      x-powered-by:
      - ASP.NET
    status:
      code: 200
      message: OK
- request:
    body: null
    headers:
      Accept:
      - application/json
      Accept-Encoding:
      - gzip, deflate
      CommandName:
      - ad sp delete
      Connection:
      - keep-alive
      ParameterSetName:
      - --id
      User-Agent:
      - python/3.6.6 (Windows-10-10.0.17763-SP0) msrest/0.6.4 msrest_azure/0.4.34
        azure-graphrbac/0.61.0 Azure-SDK-For-Python AZURECLI/2.0.62
      accept-language:
      - en-US
    method: GET
    uri: https://graph.windows.net/00000000-0000-0000-0000-000000000000/applications?$filter=identifierUris%2Fany%28s%3As%20eq%20%27http%3A%2F%2Fclitest000002%27%29&api-version=1.6
  response:
    body:
      string: '{"odata.metadata":"https://graph.windows.net/00000000-0000-0000-0000-000000000000/$metadata#directoryObjects","value":[{"odata.type":"Microsoft.DirectoryServices.Application","objectType":"Application","objectId":"99aca164-df4f-45b5-8b66-13d213a0f6d2","deletionTimestamp":null,"acceptMappedClaims":null,"addIns":[],"appId":"0d9b9910-e15d-41b8-bd92-1d0e126363fd","applicationTemplateId":null,"appRoles":[],"availableToOtherTenants":false,"displayName":"clitest3edziffhxn","errorUrl":null,"groupMembershipClaims":null,"homepage":"https://clitest3edziffhxn","identifierUris":["http://clitest000002"],"informationalUrls":{"termsOfService":null,"support":null,"privacy":null,"marketing":null},"isDeviceOnlyAuthSupported":null,"keyCredentials":[],"knownClientApplications":[],"logoutUrl":null,"logo@odata.mediaEditLink":"directoryObjects/99aca164-df4f-45b5-8b66-13d213a0f6d2/Microsoft.DirectoryServices.Application/logo","logoUrl":null,"mainLogo@odata.mediaEditLink":"directoryObjects/99aca164-df4f-45b5-8b66-13d213a0f6d2/Microsoft.DirectoryServices.Application/mainLogo","oauth2AllowIdTokenImplicitFlow":true,"oauth2AllowImplicitFlow":false,"oauth2AllowUrlPathMatching":false,"oauth2Permissions":[{"adminConsentDescription":"Allow
        the application to access clitest3edziffhxn on behalf of the signed-in user.","adminConsentDisplayName":"Access
        clitest3edziffhxn","id":"828e422d-48eb-4e26-bda1-3f482801b114","isEnabled":true,"type":"User","userConsentDescription":"Allow
        the application to access clitest3edziffhxn on your behalf.","userConsentDisplayName":"Access
        clitest3edziffhxn","value":"user_impersonation"}],"oauth2RequirePostResponse":false,"optionalClaims":null,"orgRestrictions":[],"parentalControlSettings":{"countriesBlockedForMinors":[],"legalAgeGroupRule":"Allow"},"passwordCredentials":[{"customKeyIdentifier":"//5yAGIAYQBjAA==","endDate":"2020-04-15T22:38:45.625512Z","keyId":"621d6640-a6f9-4640-882f-1578397b83e9","startDate":"2019-04-15T22:38:45.625512Z","value":null}],"publicClient":null,"publisherDomain":"AzureSDKTeam.onmicrosoft.com","recordConsentConditions":null,"replyUrls":[],"requiredResourceAccess":[],"samlMetadataUrl":null,"signInAudience":"AzureADMyOrg","tokenEncryptionKeyId":null}]}'
    headers:
      access-control-allow-origin:
      - '*'
      cache-control:
      - no-cache
      content-length:
      - '2213'
      content-type:
      - application/json; odata=minimalmetadata; streaming=true; charset=utf-8
      dataserviceversion:
      - 3.0;
      date:
      - Mon, 15 Apr 2019 22:54:14 GMT
      duration:
      - '543264'
      expires:
      - '-1'
      ocp-aad-diagnostics-server-name:
      - Lvh0/G78olXOk4T0L5DDgaqMqxW05ALila/UzU46pxE=
      ocp-aad-session-key:
      - 0kn_926-GeNcPlocq2QZmqXsTMVdz4YBKM1TRpuaa0jrOJIxRxwMADr7QuBlNbEHpTuO8V4yluvEWhUyy7JFpLqUUFGV-Bjsq7ytdxYJqKCqUbBB7PdUSyEUbIzur91s6WxId72hzRjPOBWx_KQC5Q.fhEeGNwLNXYSs6fPgmGvMYN2eQx3UQTCXN-IvyVF9AI
      pragma:
      - no-cache
      request-id:
      - f0e49076-48f9-402a-9538-dffe7ee638ad
      strict-transport-security:
      - max-age=31536000; includeSubDomains
      x-aspnet-version:
      - 4.0.30319
      x-ms-dirapi-data-contract-version:
      - '1.6'
      x-powered-by:
      - ASP.NET
    status:
      code: 200
      message: OK
- request:
    body: null
    headers:
      Accept:
      - application/json
      Accept-Encoding:
      - gzip, deflate
      CommandName:
      - ad sp delete
      Connection:
      - keep-alive
      ParameterSetName:
      - --id
      User-Agent:
      - python/3.6.6 (Windows-10-10.0.17763-SP0) msrest/0.6.4 msrest_azure/0.4.34
        azure-graphrbac/0.61.0 Azure-SDK-For-Python AZURECLI/2.0.62
      accept-language:
      - en-US
    method: GET
    uri: https://graph.windows.net/00000000-0000-0000-0000-000000000000/servicePrincipals?$filter=servicePrincipalNames%2Fany%28c%3Ac%20eq%20%270d9b9910-e15d-41b8-bd92-1d0e126363fd%27%29&api-version=1.6
  response:
    body:
      string: '{"odata.metadata":"https://graph.windows.net/00000000-0000-0000-0000-000000000000/$metadata#directoryObjects","value":[{"odata.type":"Microsoft.DirectoryServices.ServicePrincipal","objectType":"ServicePrincipal","objectId":"b2838aa8-d2bb-4959-b3b2-3ac002f226f8","deletionTimestamp":null,"accountEnabled":true,"addIns":[],"alternativeNames":[],"appDisplayName":"clitest3edziffhxn","appId":"0d9b9910-e15d-41b8-bd92-1d0e126363fd","applicationTemplateId":null,"appOwnerTenantId":"54826b22-38d6-4fb2-bad9-b7b93a3e9c5a","appRoleAssignmentRequired":false,"appRoles":[],"displayName":"clitest3edziffhxn","errorUrl":null,"homepage":"https://clitest3edziffhxn","informationalUrls":{"termsOfService":null,"support":null,"privacy":null,"marketing":null},"keyCredentials":[],"logoutUrl":null,"notificationEmailAddresses":[],"oauth2Permissions":[{"adminConsentDescription":"Allow
        the application to access clitest3edziffhxn on behalf of the signed-in user.","adminConsentDisplayName":"Access
        clitest3edziffhxn","id":"828e422d-48eb-4e26-bda1-3f482801b114","isEnabled":true,"type":"User","userConsentDescription":"Allow
        the application to access clitest3edziffhxn on your behalf.","userConsentDisplayName":"Access
        clitest3edziffhxn","value":"user_impersonation"}],"passwordCredentials":[],"preferredSingleSignOnMode":null,"preferredTokenSigningKeyEndDateTime":null,"preferredTokenSigningKeyThumbprint":null,"publisherName":"AzureSDKTeam","replyUrls":[],"samlMetadataUrl":null,"samlSingleSignOnSettings":null,"servicePrincipalNames":["http://clitest000002","0d9b9910-e15d-41b8-bd92-1d0e126363fd"],"servicePrincipalType":"Application","signInAudience":"AzureADMyOrg","tags":[],"tokenEncryptionKeyId":null}]}'
    headers:
      access-control-allow-origin:
      - '*'
      cache-control:
      - no-cache
      content-length:
      - '1693'
      content-type:
      - application/json; odata=minimalmetadata; streaming=true; charset=utf-8
      dataserviceversion:
      - 3.0;
      date:
      - Mon, 15 Apr 2019 22:54:15 GMT
      duration:
      - '535912'
      expires:
      - '-1'
      ocp-aad-diagnostics-server-name:
      - gumqaGrQuKMWKx5qR6D+EntZzHCdF7Gxbt/YYl8BbgU=
      ocp-aad-session-key:
      - u7g3_yyaeby0SfcAfdhtNhJDic2XFMHfCf1uxYORLEODrSUOg_Y2sObDSmx4lp5ikRXqgbxYObZhUTuJdbizYOqZKk8NNxLFqrSfa8fW9kTLgNBSCF_HnIBofYPMrEcpyKfcQGvO5gPbvPZFybghQQ.94Ha_5AAWHbGzb4dxg1lKUk3Ra6QEUPR0ddalPVmfmc
      pragma:
      - no-cache
      request-id:
      - ef3e2d4f-e33a-48a7-b7e9-3539f34ebf9f
      strict-transport-security:
      - max-age=31536000; includeSubDomains
      x-aspnet-version:
      - 4.0.30319
      x-ms-dirapi-data-contract-version:
      - '1.6'
      x-powered-by:
      - ASP.NET
    status:
      code: 200
      message: OK
- request:
    body: null
    headers:
      Accept:
      - application/json
      Accept-Encoding:
      - gzip, deflate
      CommandName:
      - ad sp delete
      Connection:
      - keep-alive
      Content-Type:
      - application/json; charset=utf-8
      ParameterSetName:
      - --id
      User-Agent:
      - python/3.6.6 (Windows-10-10.0.17763-SP0) msrest/0.6.4 msrest_azure/0.4.34
        azure-mgmt-authorization/0.50.0 Azure-SDK-For-Python AZURECLI/2.0.62
      accept-language:
      - en-US
    method: GET
    uri: https://management.azure.com/subscriptions/00000000-0000-0000-0000-000000000000/providers/Microsoft.Authorization/roleAssignments?$filter=principalId%20eq%20%27b2838aa8-d2bb-4959-b3b2-3ac002f226f8%27&api-version=2018-01-01-preview
  response:
    body:
      string: '{"value":[]}'
    headers:
      cache-control:
      - no-cache
      content-length:
      - '12'
      content-type:
      - application/json; charset=utf-8
      date:
      - Mon, 15 Apr 2019 22:54:15 GMT
      expires:
      - '-1'
      pragma:
      - no-cache
      set-cookie:
      - x-ms-gateway-slice=Production; path=/; secure; HttpOnly
      strict-transport-security:
      - max-age=31536000; includeSubDomains
      transfer-encoding:
      - chunked
      vary:
      - Accept-Encoding
      x-content-type-options:
      - nosniff
      x-ms-request-charge:
      - '1'
    status:
      code: 200
      message: OK
- request:
    body: null
    headers:
      Accept:
      - application/json
      Accept-Encoding:
      - gzip, deflate
      CommandName:
      - ad sp delete
      Connection:
      - keep-alive
      Content-Length:
      - '0'
      ParameterSetName:
      - --id
      User-Agent:
      - python/3.6.6 (Windows-10-10.0.17763-SP0) msrest/0.6.4 msrest_azure/0.4.34
        azure-graphrbac/0.61.0 Azure-SDK-For-Python AZURECLI/2.0.62
      accept-language:
      - en-US
    method: DELETE
    uri: https://graph.windows.net/00000000-0000-0000-0000-000000000000/applications/99aca164-df4f-45b5-8b66-13d213a0f6d2?api-version=1.6
  response:
    body:
      string: ''
    headers:
      access-control-allow-origin:
      - '*'
      cache-control:
      - no-cache
      date:
      - Mon, 15 Apr 2019 22:54:15 GMT
      duration:
      - '1994732'
      expires:
      - '-1'
      ocp-aad-diagnostics-server-name:
      - wIQemZ+5vqMn85aXsgJ+yzAwtRuiwLPflul5H4QC6Xs=
      ocp-aad-session-key:
      - 7_qzQdgK-UMTUxkY6r_2wJailE3JnX5f-jUDBx-_WngFRv5hZTv0WVnKQg01yYC1Mm02uitN2dCm4dSZUJvHadw7NxI_NKsPkU0Gbog0YcjnujLpUF7Q598UfUxxoG1cLC7yWnkeeREN-Ece3dBD1g.V7bs1oxWhMVmNHlLCutp401a3pw5HkFLOTaGXCYhSiU
      pragma:
      - no-cache
      request-id:
      - 102953ac-6ae5-4ee0-a3ee-c2d26c206de9
      strict-transport-security:
      - max-age=31536000; includeSubDomains
      x-aspnet-version:
      - 4.0.30319
      x-ms-dirapi-data-contract-version:
      - '1.6'
      x-powered-by:
      - ASP.NET
    status:
      code: 204
      message: No Content
- request:
    body: null
    headers:
      Accept:
      - application/json
      Accept-Encoding:
      - gzip, deflate
      CommandName:
      - group delete
      Connection:
      - keep-alive
      Content-Length:
      - '0'
      ParameterSetName:
      - --name --yes --no-wait
      User-Agent:
      - python/3.6.6 (Windows-10-10.0.17763-SP0) msrest/0.6.4 msrest_azure/0.4.34
        resourcemanagementclient/2.1.0 Azure-SDK-For-Python AZURECLI/2.0.62
      accept-language:
      - en-US
    method: DELETE
    uri: https://management.azure.com/subscriptions/00000000-0000-0000-0000-000000000000/resourcegroups/clitest000001?api-version=2018-05-01
  response:
    body:
      string: ''
    headers:
      cache-control:
      - no-cache
      content-length:
      - '0'
      date:
      - Mon, 15 Apr 2019 22:54:16 GMT
      expires:
      - '-1'
      location:
      - https://management.azure.com/subscriptions/00000000-0000-0000-0000-000000000000/operationresults/eyJqb2JJZCI6IlJFU09VUkNFR1JPVVBERUxFVElPTkpPQi1DTElURVNUQVE3UzRBMkdHTy1XRVNUVVMyIiwiam9iTG9jYXRpb24iOiJ3ZXN0dXMyIn0?api-version=2018-05-01
      pragma:
      - no-cache
      strict-transport-security:
      - max-age=31536000; includeSubDomains
      x-content-type-options:
      - nosniff
      x-ms-ratelimit-remaining-subscription-deletes:
      - '14999'
    status:
      code: 202
      message: Accepted
version: 1
