interactions:
- request:
    body: '{"location": "westus2", "properties": {"storageAccounts": [{"id": "/subscriptions/00000000-0000-0000-0000-000000000000/resourceGroups/clitest.rg000001/providers/Microsoft.Storage/storageAccounts/clitest000002",
      "type": "Primary"}], "keyDelivery": {"accessControl": {"defaultAction": "Allow",
      "ipAllowList": []}}, "publicNetworkAccess": "Enabled"}}'
    headers:
      Accept:
      - application/json
      Accept-Encoding:
      - gzip, deflate
      CommandName:
      - ams account create
      Connection:
      - keep-alive
      Content-Length:
      - '347'
      Content-Type:
      - application/json
      ParameterSetName:
      - -n -g --storage-account -l
      User-Agent:
      - AZURECLI/2.34.1 azsdk-python-mgmt-media/9.0.0 Python/3.9.5 (Windows-10-10.0.22000-SP0)
    method: PUT
    uri: https://management.azure.com/subscriptions/00000000-0000-0000-0000-000000000000/resourceGroups/clitest.rg000001/providers/Microsoft.Media/mediaservices/ams000003?api-version=2021-06-01
  response:
    body:
      string: "{\r\n  \"name\":\"ams000003\",\"id\":\"/subscriptions/00000000-0000-0000-0000-000000000000/resourceGroups/clitest.rg000001/providers/Microsoft.Media/mediaservices/ams000003\",\"type\":\"Microsoft.Media/mediaservices\",\"location\":\"West
        US 2\",\"properties\":{\r\n    \"mediaServiceId\":\"5c28e894-7605-4784-840e-f938a4bd17d9\",\"storageAccounts\":[\r\n
        \     {\r\n        \"id\":\"/subscriptions/00000000-0000-0000-0000-000000000000/resourceGroups/clitest.rg000001/providers/Microsoft.Storage/storageAccounts/clitest000002\",\"type\":\"Primary\"\r\n
        \     }\r\n    ],\"storageAuthentication\":\"System\",\"encryption\":{\r\n
        \     \"type\":\"SystemKey\"\r\n    },\"keyDelivery\":{\r\n      \"accessControl\":{\r\n
        \       \"defaultAction\":\"Allow\",\"ipAllowList\":[\r\n          \r\n        ]\r\n
        \     }\r\n    },\"publicNetworkAccess\":\"Enabled\"\r\n  },\"systemData\":{\r\n
        \   \"createdBy\":\"hivyas@microsoft.com\",\"createdByType\":\"User\",\"createdAt\":\"2022-04-13T23:36:44.8791792Z\",\"lastModifiedBy\":\"hivyas@microsoft.com\",\"lastModifiedByType\":\"User\",\"lastModifiedAt\":\"2022-04-13T23:36:44.8791792Z\"\r\n
        \ }\r\n}"
    headers:
      cache-control:
      - no-cache
      content-length:
      - '1014'
      content-type:
      - application/json; odata.metadata=minimal
      date:
      - Wed, 13 Apr 2022 23:36:45 GMT
      expires:
      - '-1'
      odata-version:
      - '4.0'
      pragma:
      - no-cache
      server:
      - Microsoft-HTTPAPI/2.0
      strict-transport-security:
      - max-age=31536000; includeSubDomains
      x-content-type-options:
      - nosniff
      x-ms-ratelimit-remaining-subscription-writes:
      - '1199'
    status:
      code: 201
      message: Created
- request:
    body: '{"properties": {"description": "ExampleDescription", "options": [{"name":
      "pon000004", "configuration": {"@odata.type": "#Microsoft.Media.ContentKeyPolicyPlayReadyConfiguration",
      "licenses": [{"allowTestDevices": true, "expirationDate": "2098-09-15T18:53:00.000Z",
      "relativeBeginDate": "PT1H1M1S", "gracePeriod": "PT2H2M2S", "playRight": {"firstPlayExpiration":
      "PT12H", "scmsRestriction": 1, "agcAndColorStripeRestriction": 2, "explicitAnalogTelevisionOutputRestriction":
      {"bestEffort": true, "configurationData": 0}, "digitalVideoOnlyContentRestriction":
      false, "imageConstraintForAnalogComponentVideoRestriction": false, "imageConstraintForAnalogComputerMonitorRestriction":
      false, "allowPassingVideoContentToUnknownOutput": "Allowed", "uncompressedDigitalVideoOpl":
      300, "compressedDigitalVideoOpl": 500, "analogVideoOpl": 200, "compressedDigitalAudioOpl":
      300, "uncompressedDigitalAudioOpl": 300}, "licenseType": "Persistent", "contentKeyLocation":
      {"@odata.type": "#Microsoft.Media.ContentKeyPolicyPlayReadyContentEncryptionKeyFromKeyIdentifier",
      "keyId": "12345678-aaaa-bbbb-cccc-ddddeeeeffff"}, "contentType": "Unspecified"}],
      "responseCustomData": "custom data"}, "restriction": {"@odata.type": "#Microsoft.Media.ContentKeyPolicyOpenRestriction"}}]}}'
    headers:
      Accept:
      - application/json
      Accept-Encoding:
      - gzip, deflate
      CommandName:
      - ams content-key-policy create
      Connection:
      - keep-alive
      Content-Length:
      - '1259'
      Content-Type:
      - application/json
      ParameterSetName:
      - -a -n -g --description --open-restriction --play-ready-template --policy-option-name
      User-Agent:
      - AZURECLI/2.34.1 azsdk-python-mgmt-media/9.0.0 Python/3.9.5 (Windows-10-10.0.22000-SP0)
    method: PUT
    uri: https://management.azure.com/subscriptions/00000000-0000-0000-0000-000000000000/resourceGroups/clitest.rg000001/providers/Microsoft.Media/mediaServices/ams000003/contentKeyPolicies/ckp?api-version=2021-11-01
  response:
    body:
      string: "{\r\n  \"name\":\"ckp\",\"id\":\"/subscriptions/00000000-0000-0000-0000-000000000000/resourceGroups/clitest.rg000001/providers/Microsoft.Media/mediaservices/ams000003/contentKeyPolicies/ckp\",\"type\":\"Microsoft.Media/mediaservices/contentKeyPolicies\",\"properties\":{\r\n
        \   \"policyId\":\"43ea8c9f-00df-4075-8669-5c319a2d2e79\",\"created\":\"2022-04-13T23:36:46.673Z\",\"lastModified\":\"2022-04-13T23:36:46.673Z\",\"description\":\"ExampleDescription\",\"options\":[\r\n
        \     {\r\n        \"policyOptionId\":\"88c95f71-7b2d-4aa8-8dc3-68773afe01d1\",\"name\":\"pon000004\",\"configuration\":{\r\n
        \         \"@odata.type\":\"#Microsoft.Media.ContentKeyPolicyPlayReadyConfiguration\",\"licenses\":[\r\n
        \           {\r\n              \"allowTestDevices\":true,\"expirationDate\":\"2098-09-15T18:53:00Z\",\"relativeBeginDate\":\"PT1H1M1S\",\"gracePeriod\":\"PT2H2M2S\",\"playRight\":{\r\n
        \               \"firstPlayExpiration\":\"PT12H\",\"scmsRestriction\":1,\"agcAndColorStripeRestriction\":2,\"explicitAnalogTelevisionOutputRestriction\":{\r\n
        \                 \"bestEffort\":true,\"configurationData\":0\r\n                },\"digitalVideoOnlyContentRestriction\":false,\"imageConstraintForAnalogComponentVideoRestriction\":false,\"imageConstraintForAnalogComputerMonitorRestriction\":false,\"allowPassingVideoContentToUnknownOutput\":\"Allowed\",\"uncompressedDigitalVideoOpl\":300,\"compressedDigitalVideoOpl\":500,\"analogVideoOpl\":200,\"compressedDigitalAudioOpl\":300,\"uncompressedDigitalAudioOpl\":300\r\n
        \             },\"licenseType\":\"Persistent\",\"contentKeyLocation\":{\r\n
        \               \"@odata.type\":\"#Microsoft.Media.ContentKeyPolicyPlayReadyContentEncryptionKeyFromKeyIdentifier\",\"keyId\":\"12345678-aaaa-bbbb-cccc-ddddeeeeffff\"\r\n
        \             },\"contentType\":\"Unspecified\"\r\n            }\r\n          ],\"responseCustomData\":\"custom
        data\"\r\n        },\"restriction\":{\r\n          \"@odata.type\":\"#Microsoft.Media.ContentKeyPolicyOpenRestriction\"\r\n
        \       }\r\n      }\r\n    ]\r\n  },\"systemData\":{\r\n    \"createdBy\":\"hivyas@microsoft.com\",\"createdByType\":\"User\",\"createdAt\":\"2022-04-13T23:36:46.6412526Z\",\"lastModifiedBy\":\"hivyas@microsoft.com\",\"lastModifiedByType\":\"User\",\"lastModifiedAt\":\"2022-04-13T23:36:46.6412526Z\"\r\n
        \ }\r\n}"
    headers:
      cache-control:
      - no-cache
      content-length:
      - '2110'
      content-type:
      - application/json; odata.metadata=minimal
      date:
      - Wed, 13 Apr 2022 23:36:45 GMT
      expires:
      - '-1'
      odata-version:
      - '4.0'
      pragma:
      - no-cache
      server:
      - Microsoft-HTTPAPI/2.0
      strict-transport-security:
      - max-age=31536000; includeSubDomains
      transfer-encoding:
      - chunked
      vary:
      - Accept-Encoding
      x-content-type-options:
      - nosniff
      x-ms-ratelimit-remaining-subscription-writes:
      - '1198'
    status:
      code: 200
      message: OK
- request:
    body: '{"properties": {"description": "ExampleDescription", "options": [{"name":
      "pon000005", "configuration": {"@odata.type": "#Microsoft.Media.ContentKeyPolicyClearKeyConfiguration"},
      "restriction": {"@odata.type": "#Microsoft.Media.ContentKeyPolicyOpenRestriction"}}]}}'
    headers:
      Accept:
      - application/json
      Accept-Encoding:
      - gzip, deflate
      CommandName:
      - ams content-key-policy create
      Connection:
      - keep-alive
      Content-Length:
      - '265'
      Content-Type:
      - application/json
      ParameterSetName:
      - -a -n -g --description --open-restriction --clear-key-configuration --policy-option-name
      User-Agent:
      - AZURECLI/2.34.1 azsdk-python-mgmt-media/9.0.0 Python/3.9.5 (Windows-10-10.0.22000-SP0)
    method: PUT
    uri: https://management.azure.com/subscriptions/00000000-0000-0000-0000-000000000000/resourceGroups/clitest.rg000001/providers/Microsoft.Media/mediaServices/ams000003/contentKeyPolicies/demoPolicy15?api-version=2021-11-01
  response:
    body:
      string: "{\r\n  \"name\":\"demoPolicy15\",\"id\":\"/subscriptions/00000000-0000-0000-0000-000000000000/resourceGroups/clitest.rg000001/providers/Microsoft.Media/mediaservices/ams000003/contentKeyPolicies/demoPolicy15\",\"type\":\"Microsoft.Media/mediaservices/contentKeyPolicies\",\"properties\":{\r\n
        \   \"policyId\":\"36cab1d6-b5b8-44cc-af82-5f17efe0bc16\",\"created\":\"2022-04-13T23:36:47.727Z\",\"lastModified\":\"2022-04-13T23:36:47.727Z\",\"description\":\"ExampleDescription\",\"options\":[\r\n
        \     {\r\n        \"policyOptionId\":\"0a7c25a0-a334-4359-ad62-95e117a7caf8\",\"name\":\"pon000005\",\"configuration\":{\r\n
        \         \"@odata.type\":\"#Microsoft.Media.ContentKeyPolicyClearKeyConfiguration\"\r\n
        \       },\"restriction\":{\r\n          \"@odata.type\":\"#Microsoft.Media.ContentKeyPolicyOpenRestriction\"\r\n
        \       }\r\n      }\r\n    ]\r\n  },\"systemData\":{\r\n    \"createdBy\":\"hivyas@microsoft.com\",\"createdByType\":\"User\",\"createdAt\":\"2022-04-13T23:36:47.5453374Z\",\"lastModifiedBy\":\"hivyas@microsoft.com\",\"lastModifiedByType\":\"User\",\"lastModifiedAt\":\"2022-04-13T23:36:47.5453374Z\"\r\n
        \ }\r\n}"
    headers:
      cache-control:
      - no-cache
      content-length:
      - '1026'
      content-type:
      - application/json; odata.metadata=minimal
      date:
      - Wed, 13 Apr 2022 23:36:47 GMT
      expires:
      - '-1'
      odata-version:
      - '4.0'
      pragma:
      - no-cache
      server:
      - Microsoft-HTTPAPI/2.0
      strict-transport-security:
      - max-age=31536000; includeSubDomains
      transfer-encoding:
      - chunked
      vary:
      - Accept-Encoding
      x-content-type-options:
      - nosniff
      x-ms-ratelimit-remaining-subscription-writes:
      - '1199'
    status:
      code: 200
      message: OK
- request:
    body: '{"properties": {"commonEncryptionCenc": {"enabledProtocols": {"download":
      false, "dash": false, "hls": true, "smoothStreaming": true}, "clearTracks":
      [{"trackSelections": [{"property": "FourCC", "operation": "Equal", "value":
      "foo"}]}, {"trackSelections": [{"property": "Unknown", "operation": "Unknown",
      "value": "foo"}, {"property": "FourCC", "operation": "Equal", "value": "bar"}]}],
      "contentKeys": {"defaultKey": {"label": "label"}, "keyToTrackMappings": [{"label":
      "je", "policyName": "ckp", "tracks": [{"trackSelections": [{"property": "Unknown",
      "operation": "Unknown", "value": "foo1"}, {"property": "FourCC", "operation":
      "Equal", "value": "bar1"}]}]}, {"label": "je2", "policyName": "demoPolicy15",
      "tracks": [{"trackSelections": [{"property": "FourCC", "operation": "Equal",
      "value": "foo"}]}, {"trackSelections": [{"property": "Unknown", "operation":
      "Unknown", "value": "foo"}, {"property": "FourCC", "operation": "Equal", "value":
      "bar"}]}]}]}, "drm": {"playReady": {}}}}}'
    headers:
      Accept:
      - application/json
      Accept-Encoding:
      - gzip, deflate
      CommandName:
      - ams streaming-policy create
      Connection:
      - keep-alive
      Content-Length:
      - '986'
      Content-Type:
      - application/json
      ParameterSetName:
      - -a -n -g --cenc-protocols --cenc-clear-tracks --cenc-key-to-track-mappings
        --cenc-default-key-label --cenc-disable-widevine
      User-Agent:
      - AZURECLI/2.34.1 azsdk-python-mgmt-media/9.0.0 Python/3.9.5 (Windows-10-10.0.22000-SP0)
    method: PUT
    uri: https://management.azure.com/subscriptions/00000000-0000-0000-0000-000000000000/resourceGroups/clitest.rg000001/providers/Microsoft.Media/mediaServices/ams000003/streamingPolicies/spn000006?api-version=2021-11-01
  response:
    body:
      string: "{\r\n  \"name\":\"spn000006\",\"id\":\"/subscriptions/00000000-0000-0000-0000-000000000000/resourceGroups/clitest.rg000001/providers/Microsoft.Media/mediaservices/ams000003/streamingPolicies/spn000006\",\"type\":\"Microsoft.Media/mediaservices/streamingPolicies\",\"properties\":{\r\n
        \   \"created\":\"2022-04-13T23:36:48.8046897Z\",\"commonEncryptionCenc\":{\r\n
        \     \"enabledProtocols\":{\r\n        \"download\":false,\"dash\":false,\"hls\":true,\"smoothStreaming\":true\r\n
        \     },\"clearTracks\":[\r\n        {\r\n          \"trackSelections\":[\r\n
        \           {\r\n              \"property\":\"FourCC\",\"operation\":\"Equal\",\"value\":\"foo\"\r\n
        \           }\r\n          ]\r\n        },{\r\n          \"trackSelections\":[\r\n
        \           {\r\n              \"property\":\"Unknown\",\"operation\":\"Unknown\",\"value\":\"foo\"\r\n
        \           },{\r\n              \"property\":\"FourCC\",\"operation\":\"Equal\",\"value\":\"bar\"\r\n
        \           }\r\n          ]\r\n        }\r\n      ],\"contentKeys\":{\r\n
        \       \"defaultKey\":{\r\n          \"label\":\"label\"\r\n        },\"keyToTrackMappings\":[\r\n
        \         {\r\n            \"label\":\"je\",\"policyName\":\"ckp\",\"tracks\":[\r\n
        \             {\r\n                \"trackSelections\":[\r\n                  {\r\n
        \                   \"property\":\"Unknown\",\"operation\":\"Unknown\",\"value\":\"foo1\"\r\n
        \                 },{\r\n                    \"property\":\"FourCC\",\"operation\":\"Equal\",\"value\":\"bar1\"\r\n
        \                 }\r\n                ]\r\n              }\r\n            ]\r\n
        \         },{\r\n            \"label\":\"je2\",\"policyName\":\"demoPolicy15\",\"tracks\":[\r\n
        \             {\r\n                \"trackSelections\":[\r\n                  {\r\n
        \                   \"property\":\"FourCC\",\"operation\":\"Equal\",\"value\":\"foo\"\r\n
        \                 }\r\n                ]\r\n              },{\r\n                \"trackSelections\":[\r\n
        \                 {\r\n                    \"property\":\"Unknown\",\"operation\":\"Unknown\",\"value\":\"foo\"\r\n
        \                 },{\r\n                    \"property\":\"FourCC\",\"operation\":\"Equal\",\"value\":\"bar\"\r\n
        \                 }\r\n                ]\r\n              }\r\n            ]\r\n
        \         }\r\n        ]\r\n      },\"drm\":{\r\n        \"playReady\":{\r\n
        \         \r\n        }\r\n      }\r\n    }\r\n  },\"systemData\":{\r\n    \"createdBy\":\"hivyas@microsoft.com\",\"createdByType\":\"User\",\"createdAt\":\"2022-04-13T23:36:48.6184244Z\",\"lastModifiedBy\":\"hivyas@microsoft.com\",\"lastModifiedByType\":\"User\",\"lastModifiedAt\":\"2022-04-13T23:36:48.6184244Z\"\r\n
        \ }\r\n}"
    headers:
      cache-control:
      - no-cache
      content-length:
      - '2324'
      content-type:
      - application/json; odata.metadata=minimal
      date:
      - Wed, 13 Apr 2022 23:36:48 GMT
      expires:
      - '-1'
      odata-version:
      - '4.0'
      pragma:
      - no-cache
      server:
      - Microsoft-HTTPAPI/2.0
      strict-transport-security:
      - max-age=31536000; includeSubDomains
      x-content-type-options:
      - nosniff
      x-ms-ratelimit-remaining-subscription-writes:
      - '1199'
    status:
      code: 201
      message: Created
version: 1
