interactions:
- request:
    body: '{"location": "westus", "properties": {"storageAccounts": [{"id": "/subscriptions/00000000-0000-0000-0000-000000000000/resourceGroups/clitest.rg000001/providers/Microsoft.Storage/storageAccounts/clitest000002",
      "type": "Primary"}], "keyDelivery": {"accessControl": {"defaultAction": "Allow",
      "ipAllowList": []}}, "publicNetworkAccess": "Enabled"}}'
    headers:
      Accept:
      - application/json
      Accept-Encoding:
      - gzip, deflate
      CommandName:
      - ams account create
      Connection:
      - keep-alive
      Content-Length:
      - '346'
      Content-Type:
      - application/json
      ParameterSetName:
      - -n -g --storage-account -l
      User-Agent:
      - AZURECLI/2.34.1 azsdk-python-mgmt-media/9.0.0 Python/3.9.5 (Windows-10-10.0.22000-SP0)
    method: PUT
    uri: https://management.azure.com/subscriptions/00000000-0000-0000-0000-000000000000/resourceGroups/clitest.rg000001/providers/Microsoft.Media/mediaservices/ams000003?api-version=2021-06-01
  response:
    body:
      string: "{\r\n  \"name\":\"ams000003\",\"id\":\"/subscriptions/00000000-0000-0000-0000-000000000000/resourceGroups/clitest.rg000001/providers/Microsoft.Media/mediaservices/ams000003\",\"type\":\"Microsoft.Media/mediaservices\",\"location\":\"West
        US\",\"properties\":{\r\n    \"mediaServiceId\":\"4040568d-751d-4238-a300-23a4356f8959\",\"storageAccounts\":[\r\n
        \     {\r\n        \"id\":\"/subscriptions/00000000-0000-0000-0000-000000000000/resourceGroups/clitest.rg000001/providers/Microsoft.Storage/storageAccounts/clitest000002\",\"type\":\"Primary\"\r\n
        \     }\r\n    ],\"storageAuthentication\":\"System\",\"encryption\":{\r\n
        \     \"type\":\"SystemKey\"\r\n    },\"keyDelivery\":{\r\n      \"accessControl\":{\r\n
        \       \"defaultAction\":\"Allow\",\"ipAllowList\":[\r\n          \r\n        ]\r\n
        \     }\r\n    },\"publicNetworkAccess\":\"Enabled\"\r\n  },\"systemData\":{\r\n
        \   \"createdBy\":\"hivyas@microsoft.com\",\"createdByType\":\"User\",\"createdAt\":\"2022-04-13T23:39:40.0206322Z\",\"lastModifiedBy\":\"hivyas@microsoft.com\",\"lastModifiedByType\":\"User\",\"lastModifiedAt\":\"2022-04-13T23:39:40.0206322Z\"\r\n
        \ }\r\n}"
    headers:
      cache-control:
      - no-cache
      content-length:
      - '1012'
      content-type:
      - application/json; odata.metadata=minimal
      date:
      - Wed, 13 Apr 2022 23:39:40 GMT
      expires:
      - '-1'
      odata-version:
      - '4.0'
      pragma:
      - no-cache
      server:
      - Microsoft-HTTPAPI/2.0
      strict-transport-security:
      - max-age=31536000; includeSubDomains
      x-content-type-options:
      - nosniff
      x-ms-ratelimit-remaining-subscription-writes:
      - '1196'
    status:
      code: 201
      message: Created
- request:
    body: null
    headers:
      Accept:
      - application/json
      Accept-Encoding:
      - gzip, deflate
      CommandName:
      - ams streaming-endpoint create
      Connection:
      - keep-alive
      ParameterSetName:
      - -g -a -n --scale-units
      User-Agent:
      - AZURECLI/2.34.1 azsdk-python-mgmt-media/9.0.0 Python/3.9.5 (Windows-10-10.0.22000-SP0)
    method: GET
    uri: https://management.azure.com/subscriptions/00000000-0000-0000-0000-000000000000/resourceGroups/clitest.rg000001/providers/Microsoft.Media/mediaservices/ams000003?api-version=2021-06-01
  response:
    body:
      string: "{\r\n  \"name\":\"ams000003\",\"id\":\"/subscriptions/00000000-0000-0000-0000-000000000000/resourceGroups/clitest.rg000001/providers/Microsoft.Media/mediaservices/ams000003\",\"type\":\"Microsoft.Media/mediaservices\",\"location\":\"West
        US\",\"properties\":{\r\n    \"mediaServiceId\":\"4040568d-751d-4238-a300-23a4356f8959\",\"storageAccounts\":[\r\n
        \     {\r\n        \"id\":\"/subscriptions/00000000-0000-0000-0000-000000000000/resourceGroups/clitest.rg000001/providers/Microsoft.Storage/storageAccounts/clitest000002\",\"type\":\"Primary\"\r\n
        \     }\r\n    ],\"storageAuthentication\":\"System\",\"encryption\":{\r\n
        \     \"type\":\"SystemKey\"\r\n    },\"keyDelivery\":{\r\n      \"accessControl\":{\r\n
        \       \"defaultAction\":\"Allow\",\"ipAllowList\":[\r\n          \r\n        ]\r\n
        \     }\r\n    },\"publicNetworkAccess\":\"Enabled\"\r\n  },\"systemData\":{\r\n
        \   \"createdBy\":\"hivyas@microsoft.com\",\"createdByType\":\"User\",\"createdAt\":\"2022-04-13T23:39:40.0206322Z\",\"lastModifiedBy\":\"hivyas@microsoft.com\",\"lastModifiedByType\":\"User\",\"lastModifiedAt\":\"2022-04-13T23:39:40.0206322Z\"\r\n
        \ }\r\n}"
    headers:
      cache-control:
      - no-cache
      content-length:
      - '1012'
      content-type:
      - application/json; odata.metadata=minimal
      date:
      - Wed, 13 Apr 2022 23:39:42 GMT
      expires:
      - '-1'
      odata-version:
      - '4.0'
      pragma:
      - no-cache
      server:
      - Microsoft-HTTPAPI/2.0
      strict-transport-security:
      - max-age=31536000; includeSubDomains
      transfer-encoding:
      - chunked
      vary:
      - Accept-Encoding
      x-content-type-options:
      - nosniff
    status:
      code: 200
      message: OK
- request:
    body: '{"location": "West US", "properties": {"scaleUnits": 14, "accessControl":
      {}, "cdnEnabled": false, "crossSiteAccessPolicies": {}}}'
    headers:
      Accept:
      - application/json
      Accept-Encoding:
      - gzip, deflate
      CommandName:
      - ams streaming-endpoint create
      Connection:
      - keep-alive
      Content-Length:
      - '130'
      Content-Type:
      - application/json
      ParameterSetName:
      - -g -a -n --scale-units
      User-Agent:
      - AZURECLI/2.34.1 azsdk-python-mgmt-media/9.0.0 Python/3.9.5 (Windows-10-10.0.22000-SP0)
    method: PUT
    uri: https://management.azure.com/subscriptions/00000000-0000-0000-0000-000000000000/resourceGroups/clitest.rg000001/providers/Microsoft.Media/mediaservices/ams000003/streamingEndpoints/strep000004?api-version=2021-11-01
  response:
    body:
      string: "{\r\n  \"name\":\"strep000004\",\"id\":\"/subscriptions/00000000-0000-0000-0000-000000000000/resourceGroups/clitest.rg000001/providers/Microsoft.Media/mediaservices/ams000003/streamingendpoints/strep000004\",\"type\":\"Microsoft.Media/mediaservices/streamingEndpoints\",\"location\":\"West
        US\",\"tags\":{\r\n    \r\n  },\"properties\":{\r\n    \"description\":\"\",\"scaleUnits\":14,\"availabilitySetName\":null,\"cdnEnabled\":false,\"cdnProvider\":null,\"cdnProfile\":\"\",\"maxCacheAge\":null,\"customHostNames\":[\r\n
        \     \r\n    ],\"accessControl\":{\r\n      \"akamai\":null,\"ip\":null\r\n
        \   },\"crossSiteAccessPolicies\":{\r\n      \"clientAccessPolicy\":null,\"crossDomainPolicy\":null\r\n
        \   },\"hostName\":\"strep000004-ams000003-uswe.streaming.media.azure.net\",\"freeTrialEndTime\":\"0001-01-01T00:00:00Z\",\"provisioningState\":\"InProgress\",\"resourceState\":\"Stopped\",\"created\":\"2022-04-13T23:39:44.1531619Z\",\"lastModified\":\"2022-04-13T23:39:44.1531619Z\"\r\n
        \ },\"systemData\":{\r\n    \"createdBy\":\"hivyas@microsoft.com\",\"createdByType\":\"User\",\"createdAt\":\"2022-04-13T23:39:43.9100903Z\",\"lastModifiedBy\":\"hivyas@microsoft.com\",\"lastModifiedByType\":\"User\",\"lastModifiedAt\":\"2022-04-13T23:39:43.9100903Z\"\r\n
        \ },\"sku\":{\r\n    \"name\":\"Premium\",\"capacity\":14\r\n  }\r\n}"
    headers:
      azure-asyncoperation:
      - https://management.azure.com/subscriptions/00000000-0000-0000-0000-000000000000/resourcegroups/clitest.rg000001/providers/Microsoft.Media/mediaservices/ams000003/streamingendpointoperations/5fd0ad6c-a1f3-4900-8a16-203417b19c9a?api-version=2021-11-01
      cache-control:
      - no-cache
      content-length:
      - '1186'
      content-type:
      - application/json; odata.metadata=minimal
      date:
      - Wed, 13 Apr 2022 23:39:44 GMT
      expires:
      - '-1'
      location:
      - https://management.azure.com/subscriptions/00000000-0000-0000-0000-000000000000/resourcegroups/clitest.rg000001/providers/Microsoft.Media/mediaservices/ams000003/streamingendpoints/strep000004/operationlocations/5fd0ad6c-a1f3-4900-8a16-203417b19c9a?api-version=2021-11-01
      odata-version:
      - '4.0'
      pragma:
      - no-cache
      server:
      - Microsoft-HTTPAPI/2.0
      strict-transport-security:
      - max-age=31536000; includeSubDomains
      x-content-type-options:
      - nosniff
      x-ms-ratelimit-remaining-subscription-writes:
      - '1195'
    status:
      code: 201
      message: Created
- request:
    body: null
    headers:
      Accept:
      - '*/*'
      Accept-Encoding:
      - gzip, deflate
      CommandName:
      - ams streaming-endpoint create
      Connection:
      - keep-alive
      ParameterSetName:
      - -g -a -n --scale-units
      User-Agent:
      - AZURECLI/2.34.1 azsdk-python-mgmt-media/9.0.0 Python/3.9.5 (Windows-10-10.0.22000-SP0)
    method: GET
    uri: https://management.azure.com/subscriptions/00000000-0000-0000-0000-000000000000/resourcegroups/clitest.rg000001/providers/Microsoft.Media/mediaservices/ams000003/streamingendpointoperations/5fd0ad6c-a1f3-4900-8a16-203417b19c9a?api-version=2021-11-01
  response:
    body:
      string: "{\r\n  \"name\":\"5fd0ad6c-a1f3-4900-8a16-203417b19c9a\",\"status\":\"Succeeded\",\"error\":{\r\n
        \   \"code\":\"None\",\"message\":null,\"target\":\"86e847aa-f359-45f5-a374-3542c85d8c73\"\r\n
        \ }\r\n}"
    headers:
      azure-asyncoperation:
      - https://management.azure.com/subscriptions/00000000-0000-0000-0000-000000000000/resourcegroups/clitest.rg000001/providers/Microsoft.Media/mediaservices/ams000003/streamingendpointoperations/5fd0ad6c-a1f3-4900-8a16-203417b19c9a?api-version=2021-11-01
      cache-control:
      - no-cache
      content-length:
      - '171'
      content-type:
      - application/json; odata.metadata=minimal
      date:
      - Wed, 13 Apr 2022 23:39:46 GMT
      expires:
      - '-1'
      odata-version:
      - '4.0'
      pragma:
      - no-cache
      server:
      - Microsoft-HTTPAPI/2.0
      strict-transport-security:
      - max-age=31536000; includeSubDomains
      transfer-encoding:
      - chunked
      vary:
      - Accept-Encoding
      x-content-type-options:
      - nosniff
    status:
      code: 200
      message: OK
- request:
    body: null
    headers:
      Accept:
      - '*/*'
      Accept-Encoding:
      - gzip, deflate
      CommandName:
      - ams streaming-endpoint create
      Connection:
      - keep-alive
      ParameterSetName:
      - -g -a -n --scale-units
      User-Agent:
      - AZURECLI/2.34.1 azsdk-python-mgmt-media/9.0.0 Python/3.9.5 (Windows-10-10.0.22000-SP0)
    method: GET
    uri: https://management.azure.com/subscriptions/00000000-0000-0000-0000-000000000000/resourceGroups/clitest.rg000001/providers/Microsoft.Media/mediaservices/ams000003/streamingEndpoints/strep000004?api-version=2021-11-01
  response:
    body:
      string: "{\r\n  \"name\":\"strep000004\",\"id\":\"/subscriptions/00000000-0000-0000-0000-000000000000/resourceGroups/clitest.rg000001/providers/Microsoft.Media/mediaservices/ams000003/streamingendpoints/strep000004\",\"type\":\"Microsoft.Media/mediaservices/streamingEndpoints\",\"location\":\"West
        US\",\"tags\":{\r\n    \r\n  },\"properties\":{\r\n    \"description\":\"\",\"scaleUnits\":14,\"availabilitySetName\":null,\"cdnEnabled\":false,\"cdnProvider\":null,\"cdnProfile\":\"\",\"maxCacheAge\":null,\"customHostNames\":[\r\n
        \     \r\n    ],\"accessControl\":null,\"crossSiteAccessPolicies\":null,\"hostName\":\"strep000004-ams000003-uswe.streaming.media.azure.net\",\"freeTrialEndTime\":\"0001-01-01T00:00:00Z\",\"provisioningState\":\"Succeeded\",\"resourceState\":\"Stopped\",\"created\":\"2022-04-13T23:39:44.2241617Z\",\"lastModified\":\"2022-04-13T23:39:45.6600411Z\"\r\n
        \ },\"systemData\":{\r\n    \"createdBy\":\"hivyas@microsoft.com\",\"createdByType\":\"User\",\"createdAt\":\"2022-04-13T23:39:43.9100903Z\",\"lastModifiedBy\":\"hivyas@microsoft.com\",\"lastModifiedByType\":\"User\",\"lastModifiedAt\":\"2022-04-13T23:39:43.9100903Z\"\r\n
        \ },\"sku\":{\r\n    \"name\":\"Premium\",\"capacity\":14\r\n  }\r\n}"
    headers:
      cache-control:
      - no-cache
      content-length:
      - '1088'
      content-type:
      - application/json; odata.metadata=minimal
      date:
      - Wed, 13 Apr 2022 23:39:46 GMT
      expires:
      - '-1'
      odata-version:
      - '4.0'
      pragma:
      - no-cache
      server:
      - Microsoft-HTTPAPI/2.0
      strict-transport-security:
      - max-age=31536000; includeSubDomains
      transfer-encoding:
      - chunked
      vary:
      - Accept-Encoding
      x-content-type-options:
      - nosniff
    status:
      code: 200
      message: OK
- request:
    body: null
    headers:
      Accept:
      - application/json
      Accept-Encoding:
      - gzip, deflate
      CommandName:
      - ams streaming-endpoint list
      Connection:
      - keep-alive
      ParameterSetName:
      - -g -a
      User-Agent:
      - AZURECLI/2.34.1 azsdk-python-mgmt-media/9.0.0 Python/3.9.5 (Windows-10-10.0.22000-SP0)
    method: GET
    uri: https://management.azure.com/subscriptions/00000000-0000-0000-0000-000000000000/resourceGroups/clitest.rg000001/providers/Microsoft.Media/mediaservices/ams000003/streamingEndpoints?api-version=2021-11-01
  response:
    body:
      string: "{\r\n  \"value\":[\r\n    {\r\n      \"name\":\"default\",\"id\":\"/subscriptions/00000000-0000-0000-0000-000000000000/resourceGroups/clitest.rg000001/providers/Microsoft.Media/mediaservices/ams000003/streamingendpoints/default\",\"type\":\"Microsoft.Media/mediaservices/streamingEndpoints\",\"location\":\"West
        US\",\"tags\":{\r\n        \r\n      },\"properties\":{\r\n        \"description\":\"\",\"scaleUnits\":0,\"availabilitySetName\":null,\"cdnEnabled\":false,\"cdnProvider\":null,\"cdnProfile\":null,\"maxCacheAge\":null,\"customHostNames\":[\r\n
        \         \r\n        ],\"accessControl\":null,\"crossSiteAccessPolicies\":null,\"hostName\":\"ams000003-uswe.streaming.media.azure.net\",\"freeTrialEndTime\":\"0001-01-01T00:00:00Z\",\"provisioningState\":\"Succeeded\",\"resourceState\":\"Stopped\",\"created\":\"2022-04-13T23:39:43.205586Z\",\"lastModified\":\"2022-04-13T23:39:44.5304345Z\"\r\n
        \     },\"systemData\":{\r\n        \"createdBy\":null,\"createdByType\":null,\"createdAt\":null,\"lastModifiedBy\":null,\"lastModifiedByType\":null,\"lastModifiedAt\":null\r\n
        \     },\"sku\":{\r\n        \"name\":\"Standard\",\"capacity\":0\r\n      }\r\n
        \   },{\r\n      \"name\":\"strep000004\",\"id\":\"/subscriptions/00000000-0000-0000-0000-000000000000/resourceGroups/clitest.rg000001/providers/Microsoft.Media/mediaservices/ams000003/streamingendpoints/strep000004\",\"type\":\"Microsoft.Media/mediaservices/streamingEndpoints\",\"location\":\"West
        US\",\"tags\":{\r\n        \r\n      },\"properties\":{\r\n        \"description\":\"\",\"scaleUnits\":14,\"availabilitySetName\":null,\"cdnEnabled\":false,\"cdnProvider\":null,\"cdnProfile\":\"\",\"maxCacheAge\":null,\"customHostNames\":[\r\n
        \         \r\n        ],\"accessControl\":null,\"crossSiteAccessPolicies\":null,\"hostName\":\"strep000004-ams000003-uswe.streaming.media.azure.net\",\"freeTrialEndTime\":\"0001-01-01T00:00:00Z\",\"provisioningState\":\"Succeeded\",\"resourceState\":\"Stopped\",\"created\":\"2022-04-13T23:39:44.2241617Z\",\"lastModified\":\"2022-04-13T23:39:45.6600411Z\"\r\n
        \     },\"systemData\":{\r\n        \"createdBy\":\"hivyas@microsoft.com\",\"createdByType\":\"User\",\"createdAt\":\"2022-04-13T23:39:43.9100903Z\",\"lastModifiedBy\":\"hivyas@microsoft.com\",\"lastModifiedByType\":\"User\",\"lastModifiedAt\":\"2022-04-13T23:39:43.9100903Z\"\r\n
        \     },\"sku\":{\r\n        \"name\":\"Premium\",\"capacity\":14\r\n      }\r\n
        \   }\r\n  ]\r\n}"
    headers:
      cache-control:
      - no-cache
      content-length:
      - '2189'
      content-type:
      - application/json; odata.metadata=minimal
      date:
      - Wed, 13 Apr 2022 23:39:47 GMT
      expires:
      - '-1'
      odata-version:
      - '4.0'
      pragma:
      - no-cache
      server:
      - Microsoft-HTTPAPI/2.0
      strict-transport-security:
      - max-age=31536000; includeSubDomains
      transfer-encoding:
      - chunked
      vary:
      - Accept-Encoding
      x-content-type-options:
      - nosniff
    status:
      code: 200
      message: OK
version: 1
