interactions:
- request:
    body: '{"location": "southindia", "identity": {"type": "None"}, "properties":
      {"storageAccounts": [{"id": "/subscriptions/00000000-0000-0000-0000-000000000000/resourceGroups/clitest.rg000001/providers/Microsoft.Storage/storageAccounts/clitest000002",
      "type": "Primary"}]}}'
    headers:
      Accept:
      - application/json
      Accept-Encoding:
      - gzip, deflate
      CommandName:
      - ams account create
      Connection:
      - keep-alive
      Content-Length:
      - '335'
      Content-Type:
      - application/json
      ParameterSetName:
      - -n -g --storage-account -l
      User-Agent:
      - AZURECLI/2.24.2 (MSI) azsdk-python-mgmt-media/7.0.0 Python/3.8.2 (Windows-10-10.0.19041-SP0)
    method: PUT
    uri: https://management.azure.com/subscriptions/00000000-0000-0000-0000-000000000000/resourceGroups/clitest.rg000001/providers/Microsoft.Media/mediaservices/ams000003?api-version=2021-05-01
  response:
    body:
      string: "{\r\n  \"name\":\"ams000003\",\"id\":\"/subscriptions/00000000-0000-0000-0000-000000000000/resourceGroups/clitest.rg000001/providers/Microsoft.Media/mediaservices/ams000003\",\"type\":\"Microsoft.Media/mediaservices\",\"location\":\"South
        India\",\"properties\":{\r\n    \"mediaServiceId\":\"0dfdf4f5-c03e-43df-b3ab-5d82da5c4a13\",\"storageAccounts\":[\r\n
        \     {\r\n        \"id\":\"/subscriptions/00000000-0000-0000-0000-000000000000/resourceGroups/clitest.rg000001/providers/Microsoft.Storage/storageAccounts/clitest000002\",\"type\":\"Primary\"\r\n
        \     }\r\n    ],\"storageAuthentication\":\"System\",\"encryption\":{\r\n
        \     \"type\":\"SystemKey\"\r\n    },\"keyDelivery\":{\r\n      \"accessControl\":{\r\n
        \       \"defaultAction\":\"Allow\",\"ipAllowList\":[\r\n          \r\n        ]\r\n
        \     }\r\n    }\r\n  },\"systemData\":{\r\n    \"createdBy\":\"phcooper@microsoft.com\",\"createdByType\":\"User\",\"createdAt\":\"2021-06-28T15:56:04.3842162Z\",\"lastModifiedBy\":\"phcooper@microsoft.com\",\"lastModifiedByType\":\"User\",\"lastModifiedAt\":\"2021-06-28T15:56:04.3842162Z\"\r\n
        \ },\"identity\":{\r\n    \"type\":\"None\"\r\n  }\r\n}"
    headers:
      cache-control:
      - no-cache
      content-length:
      - '1160'
      content-type:
      - application/json; odata.metadata=minimal
      date:
      - Mon, 28 Jun 2021 15:56:07 GMT
      expires:
      - '-1'
      odata-version:
      - '4.0'
      pragma:
      - no-cache
      server:
      - Microsoft-HTTPAPI/2.0
      strict-transport-security:
      - max-age=31536000; includeSubDomains
      x-content-type-options:
      - nosniff
      x-ms-ratelimit-remaining-subscription-writes:
      - '1195'
    status:
      code: 201
      message: Created
- request:
    body: null
    headers:
      Accept:
      - application/json
      Accept-Encoding:
      - gzip, deflate
      CommandName:
      - ams live-event create
      Connection:
      - keep-alive
      ParameterSetName:
      - -a -n -g --ips --streaming-protocol
      User-Agent:
      - AZURECLI/2.24.2 (MSI) azsdk-python-mgmt-media/7.0.0 Python/3.8.2 (Windows-10-10.0.19041-SP0)
    method: GET
    uri: https://management.azure.com/subscriptions/00000000-0000-0000-0000-000000000000/resourceGroups/clitest.rg000001/providers/Microsoft.Media/mediaservices/ams000003?api-version=2021-05-01
  response:
    body:
      string: "{\r\n  \"name\":\"ams000003\",\"id\":\"/subscriptions/00000000-0000-0000-0000-000000000000/resourceGroups/clitest.rg000001/providers/Microsoft.Media/mediaservices/ams000003\",\"type\":\"Microsoft.Media/mediaservices\",\"location\":\"South
        India\",\"properties\":{\r\n    \"mediaServiceId\":\"0dfdf4f5-c03e-43df-b3ab-5d82da5c4a13\",\"storageAccounts\":[\r\n
        \     {\r\n        \"id\":\"/subscriptions/00000000-0000-0000-0000-000000000000/resourceGroups/clitest.rg000001/providers/Microsoft.Storage/storageAccounts/clitest000002\",\"type\":\"Primary\"\r\n
        \     }\r\n    ],\"storageAuthentication\":\"System\",\"encryption\":{\r\n
        \     \"type\":\"SystemKey\"\r\n    },\"keyDelivery\":{\r\n      \"accessControl\":{\r\n
        \       \"defaultAction\":\"Allow\",\"ipAllowList\":[\r\n          \r\n        ]\r\n
        \     }\r\n    }\r\n  },\"systemData\":{\r\n    \"createdBy\":\"phcooper@microsoft.com\",\"createdByType\":\"User\",\"createdAt\":\"2021-06-28T15:56:04.3842162Z\",\"lastModifiedBy\":\"phcooper@microsoft.com\",\"lastModifiedByType\":\"User\",\"lastModifiedAt\":\"2021-06-28T15:56:04.3842162Z\"\r\n
        \ },\"identity\":{\r\n    \"type\":\"None\"\r\n  }\r\n}"
    headers:
      cache-control:
      - no-cache
      content-length:
      - '1160'
      content-type:
      - application/json; odata.metadata=minimal
      date:
      - Mon, 28 Jun 2021 15:56:08 GMT
      expires:
      - '-1'
      odata-version:
      - '4.0'
      pragma:
      - no-cache
      server:
      - Microsoft-HTTPAPI/2.0
      strict-transport-security:
      - max-age=31536000; includeSubDomains
      transfer-encoding:
      - chunked
      vary:
      - Accept-Encoding
      x-content-type-options:
      - nosniff
    status:
      code: 200
      message: OK
- request:
    body: '{"location": "South India", "properties": {"input": {"streamingProtocol":
      "FragmentedMP4", "accessControl": {"ip": {"allow": [{"name": "le000004_0.0.0.0",
      "address": "0.0.0.0", "subnetPrefixLength": 0}]}}}, "preview": {"accessControl":
      {"ip": {"allow": []}}}, "encoding": {}, "transcriptions": [], "crossSiteAccessPolicies":
      {}, "useStaticHostname": false}}'
    headers:
      Accept:
      - application/json
      Accept-Encoding:
      - gzip, deflate
      CommandName:
      - ams live-event create
      Connection:
      - keep-alive
      Content-Length:
      - '361'
      Content-Type:
      - application/json
      ParameterSetName:
      - -a -n -g --ips --streaming-protocol
      User-Agent:
      - AZURECLI/2.24.2 (MSI) azsdk-python-mgmt-media/7.0.0 Python/3.8.2 (Windows-10-10.0.19041-SP0)
    method: PUT
    uri: https://management.azure.com/subscriptions/00000000-0000-0000-0000-000000000000/resourceGroups/clitest.rg000001/providers/Microsoft.Media/mediaservices/ams000003/liveEvents/le000004?api-version=2020-05-01&autoStart=false
  response:
    body:
      string: "{\r\n  \"name\":\"le000004\",\"id\":\"/subscriptions/00000000-0000-0000-0000-000000000000/resourceGroups/clitest.rg000001/providers/Microsoft.Media/mediaservices/ams000003/liveevents/le000004\",\"type\":\"Microsoft.Media/mediaservices/liveevents\",\"location\":\"South
        India\",\"tags\":{\r\n    \r\n  },\"properties\":{\r\n    \"description\":\"\",\"resourceState\":\"Stopped\",\"provisioningState\":\"InProgress\",\"created\":\"2021-06-28T15:56:12.6474994Z\",\"lastModified\":\"2021-06-28T15:56:12.6474994Z\",\"useStaticHostname\":false,\"streamOptions\":[\r\n
        \     \r\n    ],\"input\":{\r\n      \"keyFrameIntervalDuration\":\"\",\"streamingProtocol\":\"FragmentedMP4\",\"accessToken\":\"3d53bae3dd8e43efb9c89a697d38466c\",\"endpoints\":[\r\n
        \       \r\n      ],\"accessControl\":{\r\n        \"ip\":{\r\n          \"allow\":[\r\n
        \           {\r\n              \"name\":\"le000004_0.0.0.0\",\"address\":\"0.0.0.0\",\"subnetPrefixLength\":0\r\n
        \           }\r\n          ]\r\n        }\r\n      }\r\n    },\"preview\":{\r\n
        \     \"previewLocator\":\"ccff4bd2-d79c-42ef-b02a-6c11f8ab06ff\",\"streamingPolicyName\":\"Predefined_ClearStreamingOnly\",\"alternativeMediaId\":null,\"accessControl\":{\r\n
        \       \"ip\":{\r\n          \"allow\":[\r\n            \r\n          ]\r\n
        \       }\r\n      },\"endpoints\":[\r\n        \r\n      ]\r\n    },\"encoding\":{\r\n
        \     \"encodingType\":\"None\",\"presetName\":null,\"stretchMode\":null,\"keyFrameInterval\":null\r\n
        \   },\"crossSiteAccessPolicies\":{\r\n      \"clientAccessPolicy\":null,\"crossDomainPolicy\":null\r\n
        \   },\"hostnamePrefix\":null,\"transcriptions\":[\r\n      \r\n    ]\r\n
        \ }\r\n}"
    headers:
      azure-asyncoperation:
      - https://management.azure.com/subscriptions/00000000-0000-0000-0000-000000000000/resourcegroups/clitest.rg000001/providers/Microsoft.Media/mediaservices/ams000003/liveeventoperations/dca8f89c-3352-4eaf-9b69-6143b14d04f4?api-version=2020-05-01
      cache-control:
      - no-cache
      content-length:
      - '1532'
      content-type:
      - application/json; odata.metadata=minimal
      date:
      - Mon, 28 Jun 2021 15:56:12 GMT
      expires:
      - '-1'
      location:
      - https://management.azure.com/subscriptions/00000000-0000-0000-0000-000000000000/resourcegroups/clitest.rg000001/providers/Microsoft.Media/mediaservices/ams000003/liveevents/le000004/operationlocations/dca8f89c-3352-4eaf-9b69-6143b14d04f4?api-version=2020-05-01
      odata-version:
      - '4.0'
      pragma:
      - no-cache
      server:
      - Microsoft-HTTPAPI/2.0
      strict-transport-security:
      - max-age=31536000; includeSubDomains
      x-content-type-options:
      - nosniff
      x-ms-ratelimit-remaining-subscription-writes:
      - '1196'
    status:
      code: 201
      message: Created
- request:
    body: null
    headers:
      Accept:
      - '*/*'
      Accept-Encoding:
      - gzip, deflate
      CommandName:
      - ams live-event create
      Connection:
      - keep-alive
      ParameterSetName:
      - -a -n -g --ips --streaming-protocol
      User-Agent:
      - AZURECLI/2.24.2 (MSI) azsdk-python-mgmt-media/7.0.0 Python/3.8.2 (Windows-10-10.0.19041-SP0)
    method: GET
    uri: https://management.azure.com/subscriptions/00000000-0000-0000-0000-000000000000/resourcegroups/clitest.rg000001/providers/Microsoft.Media/mediaservices/ams000003/liveeventoperations/dca8f89c-3352-4eaf-9b69-6143b14d04f4?api-version=2020-05-01
  response:
    body:
      string: "{\r\n  \"name\":\"dca8f89c-3352-4eaf-9b69-6143b14d04f4\",\"status\":\"Succeeded\",\"error\":{\r\n
        \   \"code\":\"None\",\"message\":null,\"target\":\"d2ae29b6-0bd3-4d9c-a808-4759cc9db1f6\"\r\n
        \ }\r\n}"
    headers:
      azure-asyncoperation:
      - https://management.azure.com/subscriptions/00000000-0000-0000-0000-000000000000/resourcegroups/clitest.rg000001/providers/Microsoft.Media/mediaservices/ams000003/liveeventoperations/dca8f89c-3352-4eaf-9b69-6143b14d04f4?api-version=2020-05-01
      cache-control:
      - no-cache
      content-length:
      - '171'
      content-type:
      - application/json; odata.metadata=minimal
      date:
      - Mon, 28 Jun 2021 15:56:14 GMT
      expires:
      - '-1'
      odata-version:
      - '4.0'
      pragma:
      - no-cache
      server:
      - Microsoft-HTTPAPI/2.0
      strict-transport-security:
      - max-age=31536000; includeSubDomains
      transfer-encoding:
      - chunked
      vary:
      - Accept-Encoding
      x-content-type-options:
      - nosniff
    status:
      code: 200
      message: OK
- request:
    body: null
    headers:
      Accept:
      - '*/*'
      Accept-Encoding:
      - gzip, deflate
      CommandName:
      - ams live-event create
      Connection:
      - keep-alive
      ParameterSetName:
      - -a -n -g --ips --streaming-protocol
      User-Agent:
      - AZURECLI/2.24.2 (MSI) azsdk-python-mgmt-media/7.0.0 Python/3.8.2 (Windows-10-10.0.19041-SP0)
    method: GET
    uri: https://management.azure.com/subscriptions/00000000-0000-0000-0000-000000000000/resourceGroups/clitest.rg000001/providers/Microsoft.Media/mediaservices/ams000003/liveEvents/le000004?api-version=2020-05-01&autoStart=false
  response:
    body:
      string: "{\r\n  \"name\":\"le000004\",\"id\":\"/subscriptions/00000000-0000-0000-0000-000000000000/resourceGroups/clitest.rg000001/providers/Microsoft.Media/mediaservices/ams000003/liveevents/le000004\",\"type\":\"Microsoft.Media/mediaservices/liveevents\",\"location\":\"South
        India\",\"tags\":{\r\n    \r\n  },\"properties\":{\r\n    \"description\":\"\",\"resourceState\":\"Stopped\",\"provisioningState\":\"Succeeded\",\"created\":\"2021-06-28T15:56:12.6625109Z\",\"lastModified\":\"2021-06-28T15:56:14.3253948Z\",\"useStaticHostname\":false,\"streamOptions\":[\r\n
        \     \r\n    ],\"input\":{\r\n      \"keyFrameIntervalDuration\":\"\",\"streamingProtocol\":\"FragmentedMP4\",\"accessToken\":\"3d53bae3dd8e43efb9c89a697d38466c\",\"endpoints\":[\r\n
        \       \r\n      ],\"accessControl\":{\r\n        \"ip\":{\r\n          \"allow\":[\r\n
        \           {\r\n              \"name\":\"le000004_0.0.0.0\",\"address\":\"0.0.0.0\",\"subnetPrefixLength\":0\r\n
        \           }\r\n          ]\r\n        }\r\n      }\r\n    },\"preview\":{\r\n
        \     \"previewLocator\":\"ccff4bd2-d79c-42ef-b02a-6c11f8ab06ff\",\"streamingPolicyName\":\"Predefined_ClearStreamingOnly\",\"alternativeMediaId\":null,\"accessControl\":{\r\n
        \       \"ip\":{\r\n          \"allow\":[\r\n            \r\n          ]\r\n
        \       }\r\n      },\"endpoints\":[\r\n        \r\n      ]\r\n    },\"encoding\":{\r\n
        \     \"encodingType\":\"None\",\"presetName\":null,\"stretchMode\":null,\"keyFrameInterval\":null\r\n
        \   },\"crossSiteAccessPolicies\":{\r\n      \"clientAccessPolicy\":null,\"crossDomainPolicy\":null\r\n
        \   },\"hostnamePrefix\":null,\"transcriptions\":[\r\n      \r\n    ]\r\n
        \ }\r\n}"
    headers:
      cache-control:
      - no-cache
      content-length:
      - '1531'
      content-type:
      - application/json; odata.metadata=minimal
      date:
      - Mon, 28 Jun 2021 15:56:15 GMT
      expires:
      - '-1'
      odata-version:
      - '4.0'
      pragma:
      - no-cache
      server:
      - Microsoft-HTTPAPI/2.0
      strict-transport-security:
      - max-age=31536000; includeSubDomains
      transfer-encoding:
      - chunked
      vary:
      - Accept-Encoding
      x-content-type-options:
      - nosniff
    status:
      code: 200
      message: OK
- request:
    body: '{}'
    headers:
      Accept:
      - application/json
      Accept-Encoding:
      - gzip, deflate
      CommandName:
      - ams asset create
      Connection:
      - keep-alive
      Content-Length:
      - '2'
      Content-Type:
      - application/json
      ParameterSetName:
      - -a -n -g
      User-Agent:
      - AZURECLI/2.24.2 (MSI) azsdk-python-mgmt-media/7.0.0 Python/3.8.2 (Windows-10-10.0.19041-SP0)
    method: PUT
    uri: https://management.azure.com/subscriptions/00000000-0000-0000-0000-000000000000/resourceGroups/clitest.rg000001/providers/Microsoft.Media/mediaServices/ams000003/assets/asset000005?api-version=2020-05-01
  response:
    body:
      string: "{\r\n  \"name\":\"asset000005\",\"id\":\"/subscriptions/00000000-0000-0000-0000-000000000000/resourceGroups/clitest.rg000001/providers/Microsoft.Media/mediaservices/ams000003/assets/asset000005\",\"type\":\"Microsoft.Media/mediaservices/assets\",\"properties\":{\r\n
        \   \"assetId\":\"a4645f12-fa0c-4677-9a61-d8a1b7b86167\",\"created\":\"2021-06-28T15:56:18.043Z\",\"lastModified\":\"2021-06-28T15:56:18.043Z\",\"storageAccountName\":\"clitest000002\",\"storageEncryptionFormat\":\"None\"\r\n
        \ }\r\n}"
    headers:
      cache-control:
      - no-cache
      content-length:
      - '532'
      content-type:
      - application/json; odata.metadata=minimal
      date:
      - Mon, 28 Jun 2021 15:56:18 GMT
      expires:
      - '-1'
      odata-version:
      - '4.0'
      pragma:
      - no-cache
      server:
      - Microsoft-HTTPAPI/2.0
      strict-transport-security:
      - max-age=31536000; includeSubDomains
      x-content-type-options:
      - nosniff
      x-ms-ratelimit-remaining-subscription-resource-requests:
      - '11999'
    status:
      code: 201
      message: Created
- request:
    body: '{"properties": {"assetName": "asset000005", "archiveWindowLength": "PT5M",
      "manifestName": "man000007"}}'
    headers:
      Accept:
      - application/json
      Accept-Encoding:
      - gzip, deflate
      CommandName:
      - ams live-output create
      Connection:
      - keep-alive
      Content-Length:
      - '108'
      Content-Type:
      - application/json
      ParameterSetName:
      - -a -n -g --asset-name --live-event-name --archive-window-length --manifest-name
      User-Agent:
      - AZURECLI/2.24.2 (MSI) azsdk-python-mgmt-media/7.0.0 Python/3.8.2 (Windows-10-10.0.19041-SP0)
    method: PUT
    uri: https://management.azure.com/subscriptions/00000000-0000-0000-0000-000000000000/resourceGroups/clitest.rg000001/providers/Microsoft.Media/mediaservices/ams000003/liveEvents/le000004/liveOutputs/lo000006?api-version=2020-05-01
  response:
    body:
      string: "{\r\n  \"name\":\"lo000006\",\"id\":\"/subscriptions/00000000-0000-0000-0000-000000000000/resourceGroups/clitest.rg000001/providers/Microsoft.Media/mediaservices/ams000003/liveevents/le000004/liveoutputs/lo000006\",\"type\":\"Microsoft.Media/mediaservices/liveevents/liveoutputs\",\"properties\":{\r\n
        \   \"description\":null,\"assetName\":\"asset000005\",\"archiveWindowLength\":\"PT5M\",\"manifestName\":\"man000007\",\"outputSnapTime\":0,\"resourceState\":\"Creating\",\"provisioningState\":\"InProgress\",\"created\":\"2021-06-28T15:56:20.9259918Z\",\"lastModified\":\"2021-06-28T15:56:20.9259918Z\",\"hls\":null\r\n
        \ }\r\n}"
    headers:
      azure-asyncoperation:
      - https://management.azure.com/subscriptions/00000000-0000-0000-0000-000000000000/resourcegroups/clitest.rg000001/providers/Microsoft.Media/mediaservices/ams000003/liveoutputoperations/2c716f2b-f5b6-4e95-989b-a66a5b3cd33a?api-version=2020-05-01
      cache-control:
      - no-cache
      content-length:
      - '650'
      content-type:
      - application/json; odata.metadata=minimal
      date:
      - Mon, 28 Jun 2021 15:56:21 GMT
      expires:
      - '-1'
      location:
      - https://management.azure.com/subscriptions/00000000-0000-0000-0000-000000000000/resourcegroups/clitest.rg000001/providers/Microsoft.Media/mediaservices/ams000003/liveevents/le000004/liveoutputs/lo000006/operationlocations/2c716f2b-f5b6-4e95-989b-a66a5b3cd33a?api-version=2020-05-01
      odata-version:
      - '4.0'
      pragma:
      - no-cache
      server:
      - Microsoft-HTTPAPI/2.0
      strict-transport-security:
      - max-age=31536000; includeSubDomains
      x-content-type-options:
      - nosniff
      x-ms-ratelimit-remaining-subscription-writes:
      - '1194'
    status:
      code: 201
      message: Created
- request:
    body: null
    headers:
      Accept:
      - '*/*'
      Accept-Encoding:
      - gzip, deflate
      CommandName:
      - ams live-output create
      Connection:
      - keep-alive
      ParameterSetName:
      - -a -n -g --asset-name --live-event-name --archive-window-length --manifest-name
      User-Agent:
      - AZURECLI/2.24.2 (MSI) azsdk-python-mgmt-media/7.0.0 Python/3.8.2 (Windows-10-10.0.19041-SP0)
    method: GET
    uri: https://management.azure.com/subscriptions/00000000-0000-0000-0000-000000000000/resourcegroups/clitest.rg000001/providers/Microsoft.Media/mediaservices/ams000003/liveoutputoperations/2c716f2b-f5b6-4e95-989b-a66a5b3cd33a?api-version=2020-05-01
  response:
    body:
      string: "{\r\n  \"name\":\"2c716f2b-f5b6-4e95-989b-a66a5b3cd33a\",\"status\":\"Succeeded\",\"error\":{\r\n
        \   \"code\":\"None\",\"message\":null,\"target\":\"d2ae29b6-0bd3-4d9c-a808-4759cc9db1f6\"\r\n
        \ }\r\n}"
    headers:
      azure-asyncoperation:
      - https://management.azure.com/subscriptions/00000000-0000-0000-0000-000000000000/resourcegroups/clitest.rg000001/providers/Microsoft.Media/mediaservices/ams000003/liveoutputoperations/2c716f2b-f5b6-4e95-989b-a66a5b3cd33a?api-version=2020-05-01
      cache-control:
      - no-cache
      content-length:
      - '171'
      content-type:
      - application/json; odata.metadata=minimal
      date:
      - Mon, 28 Jun 2021 15:56:24 GMT
      expires:
      - '-1'
      odata-version:
      - '4.0'
      pragma:
      - no-cache
      server:
      - Microsoft-HTTPAPI/2.0
      strict-transport-security:
      - max-age=31536000; includeSubDomains
      transfer-encoding:
      - chunked
      vary:
      - Accept-Encoding
      x-content-type-options:
      - nosniff
    status:
      code: 200
      message: OK
- request:
    body: null
    headers:
      Accept:
      - '*/*'
      Accept-Encoding:
      - gzip, deflate
      CommandName:
      - ams live-output create
      Connection:
      - keep-alive
      ParameterSetName:
      - -a -n -g --asset-name --live-event-name --archive-window-length --manifest-name
      User-Agent:
      - AZURECLI/2.24.2 (MSI) azsdk-python-mgmt-media/7.0.0 Python/3.8.2 (Windows-10-10.0.19041-SP0)
    method: GET
    uri: https://management.azure.com/subscriptions/00000000-0000-0000-0000-000000000000/resourceGroups/clitest.rg000001/providers/Microsoft.Media/mediaservices/ams000003/liveEvents/le000004/liveOutputs/lo000006?api-version=2020-05-01
  response:
    body:
      string: "{\r\n  \"name\":\"lo000006\",\"id\":\"/subscriptions/00000000-0000-0000-0000-000000000000/resourceGroups/clitest.rg000001/providers/Microsoft.Media/mediaservices/ams000003/liveevents/le000004/liveoutputs/lo000006\",\"type\":\"Microsoft.Media/mediaservices/liveevents/liveoutputs\",\"properties\":{\r\n
        \   \"description\":null,\"assetName\":\"asset000005\",\"archiveWindowLength\":\"PT5M\",\"manifestName\":\"man000007\",\"outputSnapTime\":0,\"resourceState\":\"Running\",\"provisioningState\":\"Succeeded\",\"created\":\"2021-06-28T15:56:21.961227Z\",\"lastModified\":\"2021-06-28T15:56:22.2281358Z\",\"hls\":null\r\n
        \ }\r\n}"
    headers:
      cache-control:
      - no-cache
      content-length:
      - '647'
      content-type:
      - application/json; odata.metadata=minimal
      date:
      - Mon, 28 Jun 2021 15:56:24 GMT
      expires:
      - '-1'
      odata-version:
      - '4.0'
      pragma:
      - no-cache
      server:
      - Microsoft-HTTPAPI/2.0
      strict-transport-security:
      - max-age=31536000; includeSubDomains
      transfer-encoding:
      - chunked
      vary:
      - Accept-Encoding
      x-content-type-options:
      - nosniff
    status:
      code: 200
      message: OK
- request:
    body: null
    headers:
      Accept:
      - application/json
      Accept-Encoding:
      - gzip, deflate
      CommandName:
      - ams live-output list
      Connection:
      - keep-alive
      ParameterSetName:
      - -a -g --live-event-name
      User-Agent:
      - AZURECLI/2.24.2 (MSI) azsdk-python-mgmt-media/7.0.0 Python/3.8.2 (Windows-10-10.0.19041-SP0)
    method: GET
    uri: https://management.azure.com/subscriptions/00000000-0000-0000-0000-000000000000/resourceGroups/clitest.rg000001/providers/Microsoft.Media/mediaservices/ams000003/liveEvents/le000004/liveOutputs?api-version=2020-05-01
  response:
    body:
      string: "{\r\n  \"value\":[\r\n    {\r\n      \"name\":\"lo000006\",\"id\":\"/subscriptions/00000000-0000-0000-0000-000000000000/resourceGroups/clitest.rg000001/providers/Microsoft.Media/mediaservices/ams000003/liveevents/le000004/liveoutputs/lo000006\",\"type\":\"Microsoft.Media/mediaservices/liveevents/liveoutputs\",\"properties\":{\r\n
        \       \"description\":null,\"assetName\":\"asset000005\",\"archiveWindowLength\":\"PT5M\",\"manifestName\":\"man000007\",\"outputSnapTime\":0,\"resourceState\":\"Running\",\"provisioningState\":\"Succeeded\",\"created\":\"2021-06-28T15:56:21.961227Z\",\"lastModified\":\"2021-06-28T15:56:22.2281358Z\",\"hls\":null\r\n
        \     }\r\n    }\r\n  ]\r\n}"
    headers:
      cache-control:
      - no-cache
      content-length:
      - '691'
      content-type:
      - application/json; odata.metadata=minimal
      date:
      - Mon, 28 Jun 2021 15:56:26 GMT
      expires:
      - '-1'
      odata-version:
      - '4.0'
      pragma:
      - no-cache
      server:
      - Microsoft-HTTPAPI/2.0
      strict-transport-security:
      - max-age=31536000; includeSubDomains
      transfer-encoding:
      - chunked
      vary:
      - Accept-Encoding
      x-content-type-options:
      - nosniff
    status:
      code: 200
      message: OK
version: 1
