interactions:
- request:
    body: '{"location": "canadacentral", "properties": {"storageAccounts": [{"id":
      "/subscriptions/00000000-0000-0000-0000-000000000000/resourceGroups/clitest.rg000001/providers/Microsoft.Storage/storageAccounts/clitest000002",
      "type": "Primary"}]}}'
    headers:
      Accept:
      - application/json
      Accept-Encoding:
      - gzip, deflate
      CommandName:
      - ams account create
      Connection:
      - keep-alive
      Content-Length:
      - '308'
      Content-Type:
      - application/json; charset=utf-8
      ParameterSetName:
      - -n -g --storage-account -l
      User-Agent:
      - python/3.8.2 (Windows-10-10.0.19041-SP0) msrest/0.6.18 msrest_azure/0.6.3
        azure-mgmt-media/2.1.0 Azure-SDK-For-Python AZURECLI/2.12.0
      accept-language:
      - en-US
    method: PUT
    uri: https://management.azure.com/subscriptions/00000000-0000-0000-0000-000000000000/resourceGroups/clitest.rg000001/providers/Microsoft.Media/mediaservices/ams000003?api-version=2018-07-01
  response:
    body:
      string: "{\r\n  \"name\":\"ams000003\",\"id\":\"/subscriptions/00000000-0000-0000-0000-000000000000/resourceGroups/clitest.rg000001/providers/Microsoft.Media/mediaservices/ams000003\",\"type\":\"Microsoft.Media/mediaservices\",\"location\":\"Canada
        Central\",\"properties\":{\r\n    \"mediaServiceId\":\"f5815cdd-9acc-4cfa-8536-fa3eebccf771\",\"storageAccounts\":[\r\n
        \     {\r\n        \"id\":\"/subscriptions/00000000-0000-0000-0000-000000000000/resourceGroups/clitest.rg000001/providers/Microsoft.Storage/storageAccounts/clitest000002\",\"type\":\"Primary\"\r\n
        \     }\r\n    ]\r\n  }\r\n}"
    headers:
      cache-control:
      - no-cache
      content-length:
      - '670'
      content-type:
      - application/json; odata.metadata=minimal
      date:
      - Fri, 25 Sep 2020 21:43:35 GMT
      expires:
      - '-1'
      odata-version:
      - '4.0'
      pragma:
      - no-cache
      server:
      - Microsoft-HTTPAPI/2.0
      strict-transport-security:
      - max-age=31536000; includeSubDomains
      x-content-type-options:
      - nosniff
      x-ms-ratelimit-remaining-subscription-writes:
      - '1194'
    status:
      code: 201
      message: Created
- request:
    body: null
    headers:
      Accept:
      - application/json
      Accept-Encoding:
      - gzip, deflate
      CommandName:
      - ams streaming-endpoint create
      Connection:
      - keep-alive
      ParameterSetName:
      - -g -a -n --cdn-provider --cdn-profile --description --max-cache-age --scale-units
        --tags --client-access-policy --cross-domain-policy
      User-Agent:
      - python/3.8.2 (Windows-10-10.0.19041-SP0) msrest/0.6.18 msrest_azure/0.6.3
        azure-mgmt-media/2.1.0 Azure-SDK-For-Python AZURECLI/2.12.0
      accept-language:
      - en-US
    method: GET
    uri: https://management.azure.com/subscriptions/00000000-0000-0000-0000-000000000000/resourceGroups/clitest.rg000001/providers/Microsoft.Media/mediaservices/ams000003?api-version=2018-07-01
  response:
    body:
      string: "{\r\n  \"name\":\"ams000003\",\"id\":\"/subscriptions/00000000-0000-0000-0000-000000000000/resourceGroups/clitest.rg000001/providers/Microsoft.Media/mediaservices/ams000003\",\"type\":\"Microsoft.Media/mediaservices\",\"location\":\"Canada
        Central\",\"properties\":{\r\n    \"mediaServiceId\":\"f5815cdd-9acc-4cfa-8536-fa3eebccf771\",\"storageAccounts\":[\r\n
        \     {\r\n        \"id\":\"/subscriptions/00000000-0000-0000-0000-000000000000/resourceGroups/clitest.rg000001/providers/Microsoft.Storage/storageAccounts/clitest000002\",\"type\":\"Primary\"\r\n
        \     }\r\n    ]\r\n  }\r\n}"
    headers:
      cache-control:
      - no-cache
      content-length:
      - '670'
      content-type:
      - application/json; odata.metadata=minimal
      date:
      - Fri, 25 Sep 2020 21:43:36 GMT
      expires:
      - '-1'
      odata-version:
      - '4.0'
      pragma:
      - no-cache
      server:
      - Microsoft-HTTPAPI/2.0
      strict-transport-security:
      - max-age=31536000; includeSubDomains
      transfer-encoding:
      - chunked
      vary:
      - Accept-Encoding
      x-content-type-options:
      - nosniff
    status:
      code: 200
      message: OK
- request:
    body: '{"tags": {"foo": "bar"}, "location": "Canada Central", "properties": {"description":
      "test streaming description", "scaleUnits": 6, "accessControl": {}, "maxCacheAge":
      11, "cdnEnabled": true, "cdnProvider": "StandardVerizon", "cdnProfile": "testProfile",
      "crossSiteAccessPolicies": {"clientAccessPolicy": "<?xml version=\"1.0\" encoding=\"utf-8\"?>\r\n<access-policy>\r\n    <cross-domain-access>\r\n        <policy>\r\n            <allow-from
      http-request-headers=''*''>\r\n                <domain uri=''http://*'' /> \r\n            </allow-from>
      \r\n            <grant-to>\r\n                <resource path=''/'' include-subpaths=''false''
      />\r\n            </grant-to>    \r\n        </policy>\r\n    </cross-domain-access>\r\n</access-policy>",
      "crossDomainPolicy": "<?xml version=\"1.0\" ?>\r\n<!DOCTYPE cross-domain-policy
      SYSTEM ''http://www.macromedia.com/xml/dtds/cross-domain-policy.dtd''>\r\n<cross-domain-policy>\r\n  <allow-access-from
      domain=''*'' />\r\n</cross-domain-policy>"}}}'
    headers:
      Accept:
      - application/json
      Accept-Encoding:
      - gzip, deflate
      CommandName:
      - ams streaming-endpoint create
      Connection:
      - keep-alive
      Content-Length:
      - '983'
      Content-Type:
      - application/json; charset=utf-8
      ParameterSetName:
      - -g -a -n --cdn-provider --cdn-profile --description --max-cache-age --scale-units
        --tags --client-access-policy --cross-domain-policy
      User-Agent:
      - python/3.8.2 (Windows-10-10.0.19041-SP0) msrest/0.6.18 msrest_azure/0.6.3
        azure-mgmt-media/2.1.0 Azure-SDK-For-Python AZURECLI/2.12.0
      accept-language:
      - en-US
    method: PUT
    uri: https://management.azure.com/subscriptions/00000000-0000-0000-0000-000000000000/resourceGroups/clitest.rg000001/providers/Microsoft.Media/mediaservices/ams000003/streamingEndpoints/strep000004?api-version=2018-07-01
  response:
    body:
      string: "{\r\n  \"name\":\"strep000004\",\"id\":\"/subscriptions/00000000-0000-0000-0000-000000000000/resourceGroups/clitest.rg000001/providers/Microsoft.Media/mediaservices/ams000003/streamingendpoints/strep000004\",\"type\":\"Microsoft.Media/mediaservices/streamingEndpoints\",\"location\":\"Canada
        Central\",\"tags\":{\r\n    \"foo\":\"bar\"\r\n  },\"properties\":{\r\n    \"description\":\"test
        streaming description\",\"scaleUnits\":6,\"availabilitySetName\":null,\"cdnEnabled\":true,\"cdnProvider\":\"StandardVerizon\",\"cdnProfile\":\"testProfile\",\"maxCacheAge\":11,\"customHostNames\":[\r\n
        \     \r\n    ],\"accessControl\":{\r\n      \"akamai\":null,\"ip\":null\r\n
        \   },\"crossSiteAccessPolicies\":{\r\n      \"clientAccessPolicy\":\"<?xml
        version=\\\"1.0\\\" encoding=\\\"utf-8\\\"?>\\r\\n<access-policy>\\r\\n    <cross-domain-access>\\r\\n
        \       <policy>\\r\\n            <allow-from http-request-headers='*'>\\r\\n
        \               <domain uri='http://*' /> \\r\\n            </allow-from>
        \\r\\n            <grant-to>\\r\\n                <resource path='/' include-subpaths='false'
        />\\r\\n            </grant-to>    \\r\\n        </policy>\\r\\n    </cross-domain-access>\\r\\n</access-policy>\",\"crossDomainPolicy\":\"<?xml
        version=\\\"1.0\\\" ?>\\r\\n<!DOCTYPE cross-domain-policy SYSTEM 'http://www.macromedia.com/xml/dtds/cross-domain-policy.dtd'>\\r\\n<cross-domain-policy>\\r\\n
        \ <allow-access-from domain='*' />\\r\\n</cross-domain-policy>\"\r\n    },\"hostName\":\"strep000004-ams000003-cact.streaming.media.azure.net\",\"freeTrialEndTime\":\"0001-01-01T00:00:00Z\",\"provisioningState\":\"InProgress\",\"resourceState\":\"Stopped\",\"created\":\"2020-09-25T21:43:37.1295301Z\",\"lastModified\":\"2020-09-25T21:43:37.1295301Z\"\r\n
        \ }\r\n}"
    headers:
      azure-asyncoperation:
      - https://management.azure.com/subscriptions/00000000-0000-0000-0000-000000000000/resourcegroups/clitest.rg000001/providers/Microsoft.Media/mediaservices/ams000003/streamingendpointoperations/75de136a-97f0-45b7-bdbf-b529007df62f?api-version=2018-07-01
      cache-control:
      - no-cache
      content-length:
      - '1668'
      content-type:
      - application/json; odata.metadata=minimal
      date:
      - Fri, 25 Sep 2020 21:43:36 GMT
      expires:
      - '-1'
      location:
      - https://management.azure.com/subscriptions/00000000-0000-0000-0000-000000000000/resourcegroups/clitest.rg000001/providers/Microsoft.Media/mediaservices/ams000003/streamingendpoints/strep000004/operationlocations/75de136a-97f0-45b7-bdbf-b529007df62f?api-version=2018-07-01
      odata-version:
      - '4.0'
      pragma:
      - no-cache
      server:
      - Microsoft-HTTPAPI/2.0
      strict-transport-security:
      - max-age=31536000; includeSubDomains
      x-content-type-options:
      - nosniff
      x-ms-ratelimit-remaining-subscription-writes:
      - '1195'
    status:
      code: 202
      message: Accepted
- request:
    body: null
    headers:
      Accept:
      - application/json
      Accept-Encoding:
      - gzip, deflate
      CommandName:
      - ams streaming-endpoint create
      Connection:
      - keep-alive
      ParameterSetName:
      - -g -a -n --cdn-provider --cdn-profile --description --max-cache-age --scale-units
        --tags --client-access-policy --cross-domain-policy
      User-Agent:
      - python/3.8.2 (Windows-10-10.0.19041-SP0) msrest/0.6.18 msrest_azure/0.6.3
        azure-mgmt-media/2.1.0 Azure-SDK-For-Python AZURECLI/2.12.0
    method: GET
    uri: https://management.azure.com/subscriptions/00000000-0000-0000-0000-000000000000/resourcegroups/clitest.rg000001/providers/Microsoft.Media/mediaservices/ams000003/streamingendpointoperations/75de136a-97f0-45b7-bdbf-b529007df62f?api-version=2018-07-01
  response:
    body:
      string: "{\r\n  \"name\":\"75de136a-97f0-45b7-bdbf-b529007df62f\",\"status\":\"InProgress\",\"error\":{\r\n
        \   \"code\":\"None\",\"message\":null,\"target\":\"20cec225-a2e5-4af6-a381-ec7ce1941c9f\"\r\n
        \ }\r\n}"
    headers:
      azure-asyncoperation:
      - https://management.azure.com/subscriptions/00000000-0000-0000-0000-000000000000/resourcegroups/clitest.rg000001/providers/Microsoft.Media/mediaservices/ams000003/streamingendpointoperations/75de136a-97f0-45b7-bdbf-b529007df62f?api-version=2018-07-01
      cache-control:
      - no-cache
      content-length:
      - '172'
      content-type:
      - application/json; odata.metadata=minimal
      date:
      - Fri, 25 Sep 2020 21:43:39 GMT
      expires:
      - '-1'
      odata-version:
      - '4.0'
      pragma:
      - no-cache
      server:
      - Microsoft-HTTPAPI/2.0
      strict-transport-security:
      - max-age=31536000; includeSubDomains
      transfer-encoding:
      - chunked
      vary:
      - Accept-Encoding
      x-content-type-options:
      - nosniff
    status:
      code: 200
      message: OK
- request:
    body: null
    headers:
      Accept:
      - application/json
      Accept-Encoding:
      - gzip, deflate
      CommandName:
      - ams streaming-endpoint create
      Connection:
      - keep-alive
      ParameterSetName:
      - -g -a -n --cdn-provider --cdn-profile --description --max-cache-age --scale-units
        --tags --client-access-policy --cross-domain-policy
      User-Agent:
      - python/3.8.2 (Windows-10-10.0.19041-SP0) msrest/0.6.18 msrest_azure/0.6.3
        azure-mgmt-media/2.1.0 Azure-SDK-For-Python AZURECLI/2.12.0
    method: GET
    uri: https://management.azure.com/subscriptions/00000000-0000-0000-0000-000000000000/resourcegroups/clitest.rg000001/providers/Microsoft.Media/mediaservices/ams000003/streamingendpointoperations/75de136a-97f0-45b7-bdbf-b529007df62f?api-version=2018-07-01
  response:
    body:
      string: "{\r\n  \"name\":\"75de136a-97f0-45b7-bdbf-b529007df62f\",\"status\":\"Succeeded\",\"error\":{\r\n
        \   \"code\":\"None\",\"message\":null,\"target\":\"20cec225-a2e5-4af6-a381-ec7ce1941c9f\"\r\n
        \ }\r\n}"
    headers:
      azure-asyncoperation:
      - https://management.azure.com/subscriptions/00000000-0000-0000-0000-000000000000/resourcegroups/clitest.rg000001/providers/Microsoft.Media/mediaservices/ams000003/streamingendpointoperations/75de136a-97f0-45b7-bdbf-b529007df62f?api-version=2018-07-01
      cache-control:
      - no-cache
      content-length:
      - '171'
      content-type:
      - application/json; odata.metadata=minimal
      date:
      - Fri, 25 Sep 2020 21:43:41 GMT
      expires:
      - '-1'
      odata-version:
      - '4.0'
      pragma:
      - no-cache
      server:
      - Microsoft-HTTPAPI/2.0
      strict-transport-security:
      - max-age=31536000; includeSubDomains
      transfer-encoding:
      - chunked
      vary:
      - Accept-Encoding
      x-content-type-options:
      - nosniff
    status:
      code: 200
      message: OK
- request:
    body: null
    headers:
      Accept:
      - application/json
      Accept-Encoding:
      - gzip, deflate
      CommandName:
      - ams streaming-endpoint create
      Connection:
      - keep-alive
      ParameterSetName:
      - -g -a -n --cdn-provider --cdn-profile --description --max-cache-age --scale-units
        --tags --client-access-policy --cross-domain-policy
      User-Agent:
      - python/3.8.2 (Windows-10-10.0.19041-SP0) msrest/0.6.18 msrest_azure/0.6.3
        azure-mgmt-media/2.1.0 Azure-SDK-For-Python AZURECLI/2.12.0
    method: GET
    uri: https://management.azure.com/subscriptions/00000000-0000-0000-0000-000000000000/resourceGroups/clitest.rg000001/providers/Microsoft.Media/mediaservices/ams000003/streamingEndpoints/strep000004?api-version=2018-07-01
  response:
    body:
      string: "{\r\n  \"name\":\"strep000004\",\"id\":\"/subscriptions/00000000-0000-0000-0000-000000000000/resourceGroups/clitest.rg000001/providers/Microsoft.Media/mediaservices/ams000003/streamingendpoints/strep000004\",\"type\":\"Microsoft.Media/mediaservices/streamingEndpoints\",\"location\":\"Canada
        Central\",\"tags\":{\r\n    \"foo\":\"bar\"\r\n  },\"properties\":{\r\n    \"description\":\"test
        streaming description\",\"scaleUnits\":6,\"availabilitySetName\":null,\"cdnEnabled\":true,\"cdnProvider\":\"StandardVerizon\",\"cdnProfile\":\"testProfile\",\"maxCacheAge\":11,\"customHostNames\":[\r\n
        \     \r\n    ],\"accessControl\":null,\"crossSiteAccessPolicies\":{\r\n      \"clientAccessPolicy\":\"<?xml
        version=\\\"1.0\\\" encoding=\\\"utf-8\\\"?>\\r\\n<access-policy>\\r\\n    <cross-domain-access>\\r\\n
        \       <policy>\\r\\n            <allow-from http-request-headers='*'>\\r\\n
        \               <domain uri='http://*' /> \\r\\n            </allow-from>
        \\r\\n            <grant-to>\\r\\n                <resource path='/' include-subpaths='false'
        />\\r\\n            </grant-to>    \\r\\n        </policy>\\r\\n    </cross-domain-access>\\r\\n</access-policy>\",\"crossDomainPolicy\":\"<?xml
        version=\\\"1.0\\\" ?>\\r\\n<!DOCTYPE cross-domain-policy SYSTEM 'http://www.macromedia.com/xml/dtds/cross-domain-policy.dtd'>\\r\\n<cross-domain-policy>\\r\\n
        \ <allow-access-from domain='*' />\\r\\n</cross-domain-policy>\"\r\n    },\"hostName\":\"strep000004-ams000003-cact.streaming.media.azure.net\",\"freeTrialEndTime\":\"0001-01-01T00:00:00Z\",\"provisioningState\":\"Succeeded\",\"resourceState\":\"Stopped\",\"created\":\"2020-09-25T21:43:37.1610318Z\",\"lastModified\":\"2020-09-25T21:43:37.1610318Z\"\r\n
        \ }\r\n}"
    headers:
      cache-control:
      - no-cache
      content-length:
      - '1632'
      content-type:
      - application/json; odata.metadata=minimal
      date:
      - Fri, 25 Sep 2020 21:43:41 GMT
      expires:
      - '-1'
      odata-version:
      - '4.0'
      pragma:
      - no-cache
      server:
      - Microsoft-HTTPAPI/2.0
      strict-transport-security:
      - max-age=31536000; includeSubDomains
      transfer-encoding:
      - chunked
      vary:
      - Accept-Encoding
      x-content-type-options:
      - nosniff
    status:
      code: 200
      message: OK
- request:
    body: null
    headers:
      Accept:
      - application/json
      Accept-Encoding:
      - gzip, deflate
      CommandName:
      - ams streaming-endpoint delete
      Connection:
      - keep-alive
      Content-Length:
      - '0'
      ParameterSetName:
      - -g -a -n
      User-Agent:
      - python/3.8.2 (Windows-10-10.0.19041-SP0) msrest/0.6.18 msrest_azure/0.6.3
        azure-mgmt-media/2.1.0 Azure-SDK-For-Python AZURECLI/2.12.0
      accept-language:
      - en-US
    method: DELETE
    uri: https://management.azure.com/subscriptions/00000000-0000-0000-0000-000000000000/resourceGroups/clitest.rg000001/providers/Microsoft.Media/mediaservices/ams000003/streamingEndpoints/strep000004?api-version=2018-07-01
  response:
    body:
      string: ''
    headers:
      azure-asyncoperation:
      - https://management.azure.com/subscriptions/00000000-0000-0000-0000-000000000000/resourcegroups/clitest.rg000001/providers/Microsoft.Media/mediaservices/ams000003/streamingendpointoperations/3ca397de-9abe-4cfc-abf7-c29b9eb2615e?api-version=2018-07-01
      cache-control:
      - no-cache
      content-length:
      - '0'
      date:
      - Fri, 25 Sep 2020 21:43:44 GMT
      expires:
      - '-1'
      location:
      - https://management.azure.com/subscriptions/00000000-0000-0000-0000-000000000000/resourcegroups/clitest.rg000001/providers/Microsoft.Media/mediaservices/ams000003/streamingendpoints/strep000004/operationlocations/3ca397de-9abe-4cfc-abf7-c29b9eb2615e?api-version=2018-07-01
      pragma:
      - no-cache
      server:
      - Microsoft-HTTPAPI/2.0
      strict-transport-security:
      - max-age=31536000; includeSubDomains
      x-content-type-options:
      - nosniff
      x-ms-ratelimit-remaining-subscription-deletes:
      - '14998'
    status:
      code: 202
      message: Accepted
- request:
    body: null
    headers:
      Accept:
      - application/json
      Accept-Encoding:
      - gzip, deflate
      CommandName:
      - ams streaming-endpoint delete
      Connection:
      - keep-alive
      ParameterSetName:
      - -g -a -n
      User-Agent:
      - python/3.8.2 (Windows-10-10.0.19041-SP0) msrest/0.6.18 msrest_azure/0.6.3
        azure-mgmt-media/2.1.0 Azure-SDK-For-Python AZURECLI/2.12.0
    method: GET
    uri: https://management.azure.com/subscriptions/00000000-0000-0000-0000-000000000000/resourcegroups/clitest.rg000001/providers/Microsoft.Media/mediaservices/ams000003/streamingendpointoperations/3ca397de-9abe-4cfc-abf7-c29b9eb2615e?api-version=2018-07-01
  response:
    body:
      string: "{\r\n  \"name\":\"3ca397de-9abe-4cfc-abf7-c29b9eb2615e\",\"status\":\"Succeeded\",\"error\":{\r\n
        \   \"code\":\"None\",\"message\":null,\"target\":\"20cec225-a2e5-4af6-a381-ec7ce1941c9f\"\r\n
        \ }\r\n}"
    headers:
      azure-asyncoperation:
      - https://management.azure.com/subscriptions/00000000-0000-0000-0000-000000000000/resourcegroups/clitest.rg000001/providers/Microsoft.Media/mediaservices/ams000003/streamingendpointoperations/3ca397de-9abe-4cfc-abf7-c29b9eb2615e?api-version=2018-07-01
      cache-control:
      - no-cache
      content-length:
      - '171'
      content-type:
      - application/json; odata.metadata=minimal
      date:
      - Fri, 25 Sep 2020 21:43:46 GMT
      expires:
      - '-1'
      odata-version:
      - '4.0'
      pragma:
      - no-cache
      server:
      - Microsoft-HTTPAPI/2.0
      strict-transport-security:
      - max-age=31536000; includeSubDomains
      transfer-encoding:
      - chunked
      vary:
      - Accept-Encoding
      x-content-type-options:
      - nosniff
    status:
      code: 200
      message: OK
version: 1
