interactions:
- request:
    body: '{"location": "northeurope", "properties": {"storageAccounts": [{"id": "/subscriptions/00000000-0000-0000-0000-000000000000/resourceGroups/clitest.rg000001/providers/Microsoft.Storage/storageAccounts/clitest000002",
      "type": "Primary"}]}}'
    headers:
      Accept:
      - application/json
      Accept-Encoding:
      - gzip, deflate
      CommandName:
      - ams account create
      Connection:
      - keep-alive
      Content-Length:
      - '306'
      Content-Type:
      - application/json; charset=utf-8
      ParameterSetName:
      - -n -g --storage-account -l
      User-Agent:
      - python/3.8.2 (Windows-10-10.0.19041-SP0) msrest/0.6.18 msrest_azure/0.6.3
        azure-mgmt-media/2.1.0 Azure-SDK-For-Python AZURECLI/2.12.0
      accept-language:
      - en-US
    method: PUT
    uri: https://management.azure.com/subscriptions/00000000-0000-0000-0000-000000000000/resourceGroups/clitest.rg000001/providers/Microsoft.Media/mediaservices/ams000003?api-version=2018-07-01
  response:
    body:
      string: "{\r\n  \"name\":\"ams000003\",\"id\":\"/subscriptions/00000000-0000-0000-0000-000000000000/resourceGroups/clitest.rg000001/providers/Microsoft.Media/mediaservices/ams000003\",\"type\":\"Microsoft.Media/mediaservices\",\"location\":\"North
        Europe\",\"properties\":{\r\n    \"mediaServiceId\":\"c1a36604-957f-4921-802b-a7b5158e5c5e\",\"storageAccounts\":[\r\n
        \     {\r\n        \"id\":\"/subscriptions/00000000-0000-0000-0000-000000000000/resourceGroups/clitest.rg000001/providers/Microsoft.Storage/storageAccounts/clitest000002\",\"type\":\"Primary\"\r\n
        \     }\r\n    ]\r\n  }\r\n}"
    headers:
      cache-control:
      - no-cache
      content-length:
      - '668'
      content-type:
      - application/json; odata.metadata=minimal
      date:
      - Fri, 25 Sep 2020 21:43:42 GMT
      expires:
      - '-1'
      odata-version:
      - '4.0'
      pragma:
      - no-cache
      server:
      - Microsoft-HTTPAPI/2.0
      strict-transport-security:
      - max-age=31536000; includeSubDomains
      x-content-type-options:
      - nosniff
      x-ms-ratelimit-remaining-subscription-writes:
      - '1195'
    status:
      code: 201
      message: Created
- request:
    body: null
    headers:
      Accept:
      - application/json
      Accept-Encoding:
      - gzip, deflate
      CommandName:
      - ams streaming-endpoint create
      Connection:
      - keep-alive
      ParameterSetName:
      - -g -a -n --ips --description --max-cache-age --scale-units --tags --client-access-policy
        --cross-domain-policy
      User-Agent:
      - python/3.8.2 (Windows-10-10.0.19041-SP0) msrest/0.6.18 msrest_azure/0.6.3
        azure-mgmt-media/2.1.0 Azure-SDK-For-Python AZURECLI/2.12.0
      accept-language:
      - en-US
    method: GET
    uri: https://management.azure.com/subscriptions/00000000-0000-0000-0000-000000000000/resourceGroups/clitest.rg000001/providers/Microsoft.Media/mediaservices/ams000003?api-version=2018-07-01
  response:
    body:
      string: "{\r\n  \"name\":\"ams000003\",\"id\":\"/subscriptions/00000000-0000-0000-0000-000000000000/resourceGroups/clitest.rg000001/providers/Microsoft.Media/mediaservices/ams000003\",\"type\":\"Microsoft.Media/mediaservices\",\"location\":\"North
        Europe\",\"properties\":{\r\n    \"mediaServiceId\":\"c1a36604-957f-4921-802b-a7b5158e5c5e\",\"storageAccounts\":[\r\n
        \     {\r\n        \"id\":\"/subscriptions/00000000-0000-0000-0000-000000000000/resourceGroups/clitest.rg000001/providers/Microsoft.Storage/storageAccounts/clitest000002\",\"type\":\"Primary\"\r\n
        \     }\r\n    ]\r\n  }\r\n}"
    headers:
      cache-control:
      - no-cache
      content-length:
      - '668'
      content-type:
      - application/json; odata.metadata=minimal
      date:
      - Fri, 25 Sep 2020 21:43:43 GMT
      expires:
      - '-1'
      odata-version:
      - '4.0'
      pragma:
      - no-cache
      server:
      - Microsoft-HTTPAPI/2.0
      strict-transport-security:
      - max-age=31536000; includeSubDomains
      transfer-encoding:
      - chunked
      vary:
      - Accept-Encoding
      x-content-type-options:
      - nosniff
    status:
      code: 200
      message: OK
- request:
    body: '{"tags": {"foo": "bar"}, "location": "North Europe", "properties": {"description":
      "test streaming description", "scaleUnits": 4, "accessControl": {"ip": {"allow":
      [{"name": "strep000004_1.1.1.1", "address": "1.1.1.1"}, {"name": "strep000004_2.2.2.2",
      "address": "2.2.2.2"}]}}, "maxCacheAge": 11, "cdnEnabled": false, "crossSiteAccessPolicies":
      {"clientAccessPolicy": "<?xml version=\"1.0\" encoding=\"utf-8\"?>\r\n<access-policy>\r\n    <cross-domain-access>\r\n        <policy>\r\n            <allow-from
      http-request-headers=''*''>\r\n                <domain uri=''http://*'' /> \r\n            </allow-from>
      \r\n            <grant-to>\r\n                <resource path=''/'' include-subpaths=''false''
      />\r\n            </grant-to>    \r\n        </policy>\r\n    </cross-domain-access>\r\n</access-policy>",
      "crossDomainPolicy": "<?xml version=\"1.0\" ?>\r\n<!DOCTYPE cross-domain-policy
      SYSTEM ''http://www.macromedia.com/xml/dtds/cross-domain-policy.dtd''>\r\n<cross-domain-policy>\r\n  <allow-access-from
      domain=''*'' />\r\n</cross-domain-policy>"}}}'
    headers:
      Accept:
      - application/json
      Accept-Encoding:
      - gzip, deflate
      CommandName:
      - ams streaming-endpoint create
      Connection:
      - keep-alive
      Content-Length:
      - '1048'
      Content-Type:
      - application/json; charset=utf-8
      ParameterSetName:
      - -g -a -n --ips --description --max-cache-age --scale-units --tags --client-access-policy
        --cross-domain-policy
      User-Agent:
      - python/3.8.2 (Windows-10-10.0.19041-SP0) msrest/0.6.18 msrest_azure/0.6.3
        azure-mgmt-media/2.1.0 Azure-SDK-For-Python AZURECLI/2.12.0
      accept-language:
      - en-US
    method: PUT
    uri: https://management.azure.com/subscriptions/00000000-0000-0000-0000-000000000000/resourceGroups/clitest.rg000001/providers/Microsoft.Media/mediaservices/ams000003/streamingEndpoints/strep000004?api-version=2018-07-01
  response:
    body:
      string: "{\r\n  \"name\":\"strep000004\",\"id\":\"/subscriptions/00000000-0000-0000-0000-000000000000/resourceGroups/clitest.rg000001/providers/Microsoft.Media/mediaservices/ams000003/streamingendpoints/strep000004\",\"type\":\"Microsoft.Media/mediaservices/streamingEndpoints\",\"location\":\"North
        Europe\",\"tags\":{\r\n    \"foo\":\"bar\"\r\n  },\"properties\":{\r\n    \"description\":\"test
        streaming description\",\"scaleUnits\":4,\"availabilitySetName\":null,\"cdnEnabled\":false,\"cdnProvider\":null,\"cdnProfile\":\"\",\"maxCacheAge\":11,\"customHostNames\":[\r\n
        \     \r\n    ],\"accessControl\":{\r\n      \"akamai\":null,\"ip\":{\r\n
        \       \"allow\":[\r\n          {\r\n            \"name\":\"strep000004_1.1.1.1\",\"address\":\"1.1.1.1\",\"subnetPrefixLength\":null\r\n
        \         },{\r\n            \"name\":\"strep000004_2.2.2.2\",\"address\":\"2.2.2.2\",\"subnetPrefixLength\":null\r\n
        \         }\r\n        ]\r\n      }\r\n    },\"crossSiteAccessPolicies\":{\r\n
        \     \"clientAccessPolicy\":\"<?xml version=\\\"1.0\\\" encoding=\\\"utf-8\\\"?>\\r\\n<access-policy>\\r\\n
        \   <cross-domain-access>\\r\\n        <policy>\\r\\n            <allow-from
        http-request-headers='*'>\\r\\n                <domain uri='http://*' /> \\r\\n
        \           </allow-from> \\r\\n            <grant-to>\\r\\n                <resource
        path='/' include-subpaths='false' />\\r\\n            </grant-to>    \\r\\n
        \       </policy>\\r\\n    </cross-domain-access>\\r\\n</access-policy>\",\"crossDomainPolicy\":\"<?xml
        version=\\\"1.0\\\" ?>\\r\\n<!DOCTYPE cross-domain-policy SYSTEM 'http://www.macromedia.com/xml/dtds/cross-domain-policy.dtd'>\\r\\n<cross-domain-policy>\\r\\n
        \ <allow-access-from domain='*' />\\r\\n</cross-domain-policy>\"\r\n    },\"hostName\":\"strep000004-ams000003-euno.streaming.media.azure.net\",\"freeTrialEndTime\":\"0001-01-01T00:00:00Z\",\"provisioningState\":\"InProgress\",\"resourceState\":\"Stopped\",\"created\":\"2020-09-25T21:43:45.426032Z\",\"lastModified\":\"2020-09-25T21:43:45.426032Z\"\r\n
        \ }\r\n}"
    headers:
      azure-asyncoperation:
      - https://management.azure.com/subscriptions/00000000-0000-0000-0000-000000000000/resourcegroups/clitest.rg000001/providers/Microsoft.Media/mediaservices/ams000003/streamingendpointoperations/66377bf2-29a8-4fc8-8174-601df5f50335?api-version=2018-07-01
      cache-control:
      - no-cache
      content-length:
      - '1899'
      content-type:
      - application/json; odata.metadata=minimal
      date:
      - Fri, 25 Sep 2020 21:43:44 GMT
      expires:
      - '-1'
      location:
      - https://management.azure.com/subscriptions/00000000-0000-0000-0000-000000000000/resourcegroups/clitest.rg000001/providers/Microsoft.Media/mediaservices/ams000003/streamingendpoints/strep000004/operationlocations/66377bf2-29a8-4fc8-8174-601df5f50335?api-version=2018-07-01
      odata-version:
      - '4.0'
      pragma:
      - no-cache
      server:
      - Microsoft-HTTPAPI/2.0
      strict-transport-security:
      - max-age=31536000; includeSubDomains
      x-content-type-options:
      - nosniff
      x-ms-ratelimit-remaining-subscription-writes:
      - '1190'
    status:
      code: 202
      message: Accepted
- request:
    body: null
    headers:
      Accept:
      - application/json
      Accept-Encoding:
      - gzip, deflate
      CommandName:
      - ams streaming-endpoint create
      Connection:
      - keep-alive
      ParameterSetName:
      - -g -a -n --ips --description --max-cache-age --scale-units --tags --client-access-policy
        --cross-domain-policy
      User-Agent:
      - python/3.8.2 (Windows-10-10.0.19041-SP0) msrest/0.6.18 msrest_azure/0.6.3
        azure-mgmt-media/2.1.0 Azure-SDK-For-Python AZURECLI/2.12.0
    method: GET
    uri: https://management.azure.com/subscriptions/00000000-0000-0000-0000-000000000000/resourcegroups/clitest.rg000001/providers/Microsoft.Media/mediaservices/ams000003/streamingendpointoperations/66377bf2-29a8-4fc8-8174-601df5f50335?api-version=2018-07-01
  response:
    body:
      string: "{\r\n  \"name\":\"66377bf2-29a8-4fc8-8174-601df5f50335\",\"status\":\"Succeeded\",\"error\":{\r\n
        \   \"code\":\"None\",\"message\":null,\"target\":\"11f32634-4cce-4779-8544-4dd886fcbc3c\"\r\n
        \ }\r\n}"
    headers:
      azure-asyncoperation:
      - https://management.azure.com/subscriptions/00000000-0000-0000-0000-000000000000/resourcegroups/clitest.rg000001/providers/Microsoft.Media/mediaservices/ams000003/streamingendpointoperations/66377bf2-29a8-4fc8-8174-601df5f50335?api-version=2018-07-01
      cache-control:
      - no-cache
      content-length:
      - '171'
      content-type:
      - application/json; odata.metadata=minimal
      date:
      - Fri, 25 Sep 2020 21:43:47 GMT
      expires:
      - '-1'
      odata-version:
      - '4.0'
      pragma:
      - no-cache
      server:
      - Microsoft-HTTPAPI/2.0
      strict-transport-security:
      - max-age=31536000; includeSubDomains
      transfer-encoding:
      - chunked
      vary:
      - Accept-Encoding
      x-content-type-options:
      - nosniff
    status:
      code: 200
      message: OK
- request:
    body: null
    headers:
      Accept:
      - application/json
      Accept-Encoding:
      - gzip, deflate
      CommandName:
      - ams streaming-endpoint create
      Connection:
      - keep-alive
      ParameterSetName:
      - -g -a -n --ips --description --max-cache-age --scale-units --tags --client-access-policy
        --cross-domain-policy
      User-Agent:
      - python/3.8.2 (Windows-10-10.0.19041-SP0) msrest/0.6.18 msrest_azure/0.6.3
        azure-mgmt-media/2.1.0 Azure-SDK-For-Python AZURECLI/2.12.0
    method: GET
    uri: https://management.azure.com/subscriptions/00000000-0000-0000-0000-000000000000/resourceGroups/clitest.rg000001/providers/Microsoft.Media/mediaservices/ams000003/streamingEndpoints/strep000004?api-version=2018-07-01
  response:
    body:
      string: "{\r\n  \"name\":\"strep000004\",\"id\":\"/subscriptions/00000000-0000-0000-0000-000000000000/resourceGroups/clitest.rg000001/providers/Microsoft.Media/mediaservices/ams000003/streamingendpoints/strep000004\",\"type\":\"Microsoft.Media/mediaservices/streamingEndpoints\",\"location\":\"North
        Europe\",\"tags\":{\r\n    \"foo\":\"bar\"\r\n  },\"properties\":{\r\n    \"description\":\"test
        streaming description\",\"scaleUnits\":4,\"availabilitySetName\":null,\"cdnEnabled\":false,\"cdnProvider\":null,\"cdnProfile\":\"\",\"maxCacheAge\":11,\"customHostNames\":[\r\n
        \     \r\n    ],\"accessControl\":{\r\n      \"akamai\":null,\"ip\":{\r\n
        \       \"allow\":[\r\n          {\r\n            \"name\":\"strep000004_1.1.1.1\",\"address\":\"1.1.1.1\",\"subnetPrefixLength\":null\r\n
        \         },{\r\n            \"name\":\"strep000004_2.2.2.2\",\"address\":\"2.2.2.2\",\"subnetPrefixLength\":null\r\n
        \         }\r\n        ]\r\n      }\r\n    },\"crossSiteAccessPolicies\":{\r\n
        \     \"clientAccessPolicy\":\"<?xml version=\\\"1.0\\\" encoding=\\\"utf-8\\\"?>\\r\\n<access-policy>\\r\\n
        \   <cross-domain-access>\\r\\n        <policy>\\r\\n            <allow-from
        http-request-headers='*'>\\r\\n                <domain uri='http://*' /> \\r\\n
        \           </allow-from> \\r\\n            <grant-to>\\r\\n                <resource
        path='/' include-subpaths='false' />\\r\\n            </grant-to>    \\r\\n
        \       </policy>\\r\\n    </cross-domain-access>\\r\\n</access-policy>\",\"crossDomainPolicy\":\"<?xml
        version=\\\"1.0\\\" ?>\\r\\n<!DOCTYPE cross-domain-policy SYSTEM 'http://www.macromedia.com/xml/dtds/cross-domain-policy.dtd'>\\r\\n<cross-domain-policy>\\r\\n
        \ <allow-access-from domain='*' />\\r\\n</cross-domain-policy>\"\r\n    },\"hostName\":\"strep000004-ams000003-euno.streaming.media.azure.net\",\"freeTrialEndTime\":\"0001-01-01T00:00:00Z\",\"provisioningState\":\"Succeeded\",\"resourceState\":\"Stopped\",\"created\":\"2020-09-25T21:43:45.4572805Z\",\"lastModified\":\"2020-09-25T21:43:47.5958061Z\"\r\n
        \ }\r\n}"
    headers:
      cache-control:
      - no-cache
      content-length:
      - '1900'
      content-type:
      - application/json; odata.metadata=minimal
      date:
      - Fri, 25 Sep 2020 21:43:48 GMT
      expires:
      - '-1'
      odata-version:
      - '4.0'
      pragma:
      - no-cache
      server:
      - Microsoft-HTTPAPI/2.0
      strict-transport-security:
      - max-age=31536000; includeSubDomains
      transfer-encoding:
      - chunked
      vary:
      - Accept-Encoding
      x-content-type-options:
      - nosniff
    status:
      code: 200
      message: OK
- request:
    body: null
    headers:
      Accept:
      - application/json
      Accept-Encoding:
      - gzip, deflate
      CommandName:
      - ams streaming-endpoint akamai add
      Connection:
      - keep-alive
      ParameterSetName:
      - -g -a -n --identifier --expiration --base64-key
      User-Agent:
      - python/3.8.2 (Windows-10-10.0.19041-SP0) msrest/0.6.18 msrest_azure/0.6.3
        azure-mgmt-media/2.1.0 Azure-SDK-For-Python AZURECLI/2.12.0
      accept-language:
      - en-US
    method: GET
    uri: https://management.azure.com/subscriptions/00000000-0000-0000-0000-000000000000/resourceGroups/clitest.rg000001/providers/Microsoft.Media/mediaservices/ams000003/streamingEndpoints/strep000004?api-version=2018-07-01
  response:
    body:
      string: "{\r\n  \"name\":\"strep000004\",\"id\":\"/subscriptions/00000000-0000-0000-0000-000000000000/resourceGroups/clitest.rg000001/providers/Microsoft.Media/mediaservices/ams000003/streamingendpoints/strep000004\",\"type\":\"Microsoft.Media/mediaservices/streamingEndpoints\",\"location\":\"North
        Europe\",\"tags\":{\r\n    \"foo\":\"bar\"\r\n  },\"properties\":{\r\n    \"description\":\"test
        streaming description\",\"scaleUnits\":4,\"availabilitySetName\":null,\"cdnEnabled\":false,\"cdnProvider\":null,\"cdnProfile\":\"\",\"maxCacheAge\":11,\"customHostNames\":[\r\n
        \     \r\n    ],\"accessControl\":{\r\n      \"akamai\":null,\"ip\":{\r\n
        \       \"allow\":[\r\n          {\r\n            \"name\":\"strep000004_1.1.1.1\",\"address\":\"1.1.1.1\",\"subnetPrefixLength\":null\r\n
        \         },{\r\n            \"name\":\"strep000004_2.2.2.2\",\"address\":\"2.2.2.2\",\"subnetPrefixLength\":null\r\n
        \         }\r\n        ]\r\n      }\r\n    },\"crossSiteAccessPolicies\":{\r\n
        \     \"clientAccessPolicy\":\"<?xml version=\\\"1.0\\\" encoding=\\\"utf-8\\\"?>\\r\\n<access-policy>\\r\\n
        \   <cross-domain-access>\\r\\n        <policy>\\r\\n            <allow-from
        http-request-headers='*'>\\r\\n                <domain uri='http://*' /> \\r\\n
        \           </allow-from> \\r\\n            <grant-to>\\r\\n                <resource
        path='/' include-subpaths='false' />\\r\\n            </grant-to>    \\r\\n
        \       </policy>\\r\\n    </cross-domain-access>\\r\\n</access-policy>\",\"crossDomainPolicy\":\"<?xml
        version=\\\"1.0\\\" ?>\\r\\n<!DOCTYPE cross-domain-policy SYSTEM 'http://www.macromedia.com/xml/dtds/cross-domain-policy.dtd'>\\r\\n<cross-domain-policy>\\r\\n
        \ <allow-access-from domain='*' />\\r\\n</cross-domain-policy>\"\r\n    },\"hostName\":\"strep000004-ams000003-euno.streaming.media.azure.net\",\"freeTrialEndTime\":\"0001-01-01T00:00:00Z\",\"provisioningState\":\"Succeeded\",\"resourceState\":\"Stopped\",\"created\":\"2020-09-25T21:43:45.4572805Z\",\"lastModified\":\"2020-09-25T21:43:47.5958061Z\"\r\n
        \ }\r\n}"
    headers:
      cache-control:
      - no-cache
      content-length:
      - '1900'
      content-type:
      - application/json; odata.metadata=minimal
      date:
      - Fri, 25 Sep 2020 21:43:49 GMT
      expires:
      - '-1'
      odata-version:
      - '4.0'
      pragma:
      - no-cache
      server:
      - Microsoft-HTTPAPI/2.0
      strict-transport-security:
      - max-age=31536000; includeSubDomains
      transfer-encoding:
      - chunked
      vary:
      - Accept-Encoding
      x-content-type-options:
      - nosniff
    status:
      code: 200
      message: OK
- request:
    body: '{"tags": {"foo": "bar"}, "location": "North Europe", "properties": {"description":
      "test streaming description", "scaleUnits": 4, "accessControl": {"akamai": {"akamaiSignatureHeaderAuthenticationKeyList":
      [{"identifier": "id1", "base64Key": "dGVzdGlkMQ==", "expiration": "2031-01-01T00:00:00.000Z"}]},
      "ip": {"allow": [{"name": "strep000004_1.1.1.1", "address": "1.1.1.1"}, {"name":
      "strep000004_2.2.2.2", "address": "2.2.2.2"}]}}, "maxCacheAge": 11, "customHostNames":
      [], "cdnEnabled": false, "cdnProfile": "", "crossSiteAccessPolicies": {"clientAccessPolicy":
      "<?xml version=\"1.0\" encoding=\"utf-8\"?>\r\n<access-policy>\r\n    <cross-domain-access>\r\n        <policy>\r\n            <allow-from
      http-request-headers=''*''>\r\n                <domain uri=''http://*'' /> \r\n            </allow-from>
      \r\n            <grant-to>\r\n                <resource path=''/'' include-subpaths=''false''
      />\r\n            </grant-to>    \r\n        </policy>\r\n    </cross-domain-access>\r\n</access-policy>",
      "crossDomainPolicy": "<?xml version=\"1.0\" ?>\r\n<!DOCTYPE cross-domain-policy
      SYSTEM ''http://www.macromedia.com/xml/dtds/cross-domain-policy.dtd''>\r\n<cross-domain-policy>\r\n  <allow-access-from
      domain=''*'' />\r\n</cross-domain-policy>"}}}'
    headers:
      Accept:
      - application/json
      Accept-Encoding:
      - gzip, deflate
      CommandName:
      - ams streaming-endpoint akamai add
      Connection:
      - keep-alive
      Content-Length:
      - '1243'
      Content-Type:
      - application/json; charset=utf-8
      ParameterSetName:
      - -g -a -n --identifier --expiration --base64-key
      User-Agent:
      - python/3.8.2 (Windows-10-10.0.19041-SP0) msrest/0.6.18 msrest_azure/0.6.3
        azure-mgmt-media/2.1.0 Azure-SDK-For-Python AZURECLI/2.12.0
      accept-language:
      - en-US
    method: PATCH
    uri: https://management.azure.com/subscriptions/00000000-0000-0000-0000-000000000000/resourceGroups/clitest.rg000001/providers/Microsoft.Media/mediaservices/ams000003/streamingEndpoints/strep000004?api-version=2018-07-01
  response:
    body:
      string: "{\r\n  \"name\":\"strep000004\",\"id\":\"/subscriptions/00000000-0000-0000-0000-000000000000/resourceGroups/clitest.rg000001/providers/Microsoft.Media/mediaservices/ams000003/streamingendpoints/strep000004\",\"type\":\"Microsoft.Media/mediaservices/streamingEndpoints\",\"location\":\"North
        Europe\",\"tags\":{\r\n    \"foo\":\"bar\"\r\n  },\"properties\":{\r\n    \"description\":\"test
        streaming description\",\"scaleUnits\":4,\"availabilitySetName\":null,\"cdnEnabled\":false,\"cdnProvider\":null,\"cdnProfile\":\"\",\"maxCacheAge\":11,\"customHostNames\":[\r\n
        \     \r\n    ],\"accessControl\":{\r\n      \"akamai\":{\r\n        \"akamaiSignatureHeaderAuthenticationKeyList\":[\r\n
        \         {\r\n            \"identifier\":\"id1\",\"expiration\":\"2031-01-01T00:00:00Z\",\"base64Key\":\"dGVzdGlkMQ==\"\r\n
        \         }\r\n        ]\r\n      },\"ip\":{\r\n        \"allow\":[\r\n          {\r\n
        \           \"name\":\"strep000004_1.1.1.1\",\"address\":\"1.1.1.1\",\"subnetPrefixLength\":null\r\n
        \         },{\r\n            \"name\":\"strep000004_2.2.2.2\",\"address\":\"2.2.2.2\",\"subnetPrefixLength\":null\r\n
        \         }\r\n        ]\r\n      }\r\n    },\"crossSiteAccessPolicies\":{\r\n
        \     \"clientAccessPolicy\":\"<?xml version=\\\"1.0\\\" encoding=\\\"utf-8\\\"?>\\r\\n<access-policy>\\r\\n
        \   <cross-domain-access>\\r\\n        <policy>\\r\\n            <allow-from
        http-request-headers='*'>\\r\\n                <domain uri='http://*' /> \\r\\n
        \           </allow-from> \\r\\n            <grant-to>\\r\\n                <resource
        path='/' include-subpaths='false' />\\r\\n            </grant-to>    \\r\\n
        \       </policy>\\r\\n    </cross-domain-access>\\r\\n</access-policy>\",\"crossDomainPolicy\":\"<?xml
        version=\\\"1.0\\\" ?>\\r\\n<!DOCTYPE cross-domain-policy SYSTEM 'http://www.macromedia.com/xml/dtds/cross-domain-policy.dtd'>\\r\\n<cross-domain-policy>\\r\\n
        \ <allow-access-from domain='*' />\\r\\n</cross-domain-policy>\"\r\n    },\"hostName\":null,\"freeTrialEndTime\":\"0001-01-01T00:00:00Z\",\"provisioningState\":\"Succeeded\",\"resourceState\":null,\"created\":\"0001-01-01T00:00:00Z\",\"lastModified\":\"0001-01-01T00:00:00Z\"\r\n
        \ }\r\n}"
    headers:
      cache-control:
      - no-cache
      content-length:
      - '2019'
      content-type:
      - application/json; odata.metadata=minimal
      date:
      - Fri, 25 Sep 2020 21:43:50 GMT
      expires:
      - '-1'
      odata-version:
      - '4.0'
      pragma:
      - no-cache
      server:
      - Microsoft-HTTPAPI/2.0
      strict-transport-security:
      - max-age=31536000; includeSubDomains
      transfer-encoding:
      - chunked
      vary:
      - Accept-Encoding
      x-content-type-options:
      - nosniff
      x-ms-ratelimit-remaining-subscription-writes:
      - '1192'
    status:
      code: 200
      message: OK
- request:
    body: null
    headers:
      Accept:
      - application/json
      Accept-Encoding:
      - gzip, deflate
      CommandName:
      - ams streaming-endpoint akamai remove
      Connection:
      - keep-alive
      ParameterSetName:
      - -g -a -n --identifier
      User-Agent:
      - python/3.8.2 (Windows-10-10.0.19041-SP0) msrest/0.6.18 msrest_azure/0.6.3
        azure-mgmt-media/2.1.0 Azure-SDK-For-Python AZURECLI/2.12.0
      accept-language:
      - en-US
    method: GET
    uri: https://management.azure.com/subscriptions/00000000-0000-0000-0000-000000000000/resourceGroups/clitest.rg000001/providers/Microsoft.Media/mediaservices/ams000003/streamingEndpoints/strep000004?api-version=2018-07-01
  response:
    body:
      string: "{\r\n  \"name\":\"strep000004\",\"id\":\"/subscriptions/00000000-0000-0000-0000-000000000000/resourceGroups/clitest.rg000001/providers/Microsoft.Media/mediaservices/ams000003/streamingendpoints/strep000004\",\"type\":\"Microsoft.Media/mediaservices/streamingEndpoints\",\"location\":\"North
        Europe\",\"tags\":{\r\n    \"foo\":\"bar\"\r\n  },\"properties\":{\r\n    \"description\":\"test
        streaming description\",\"scaleUnits\":4,\"availabilitySetName\":null,\"cdnEnabled\":false,\"cdnProvider\":null,\"cdnProfile\":\"\",\"maxCacheAge\":11,\"customHostNames\":[\r\n
        \     \r\n    ],\"accessControl\":{\r\n      \"akamai\":{\r\n        \"akamaiSignatureHeaderAuthenticationKeyList\":[\r\n
        \         {\r\n            \"identifier\":\"id1\",\"expiration\":\"2031-01-01T00:00:00Z\",\"base64Key\":\"dGVzdGlkMQ==\"\r\n
        \         }\r\n        ]\r\n      },\"ip\":{\r\n        \"allow\":[\r\n          {\r\n
        \           \"name\":\"strep000004_1.1.1.1\",\"address\":\"1.1.1.1\",\"subnetPrefixLength\":null\r\n
        \         },{\r\n            \"name\":\"strep000004_2.2.2.2\",\"address\":\"2.2.2.2\",\"subnetPrefixLength\":null\r\n
        \         }\r\n        ]\r\n      }\r\n    },\"crossSiteAccessPolicies\":{\r\n
        \     \"clientAccessPolicy\":\"<?xml version=\\\"1.0\\\" encoding=\\\"utf-8\\\"?>\\r\\n<access-policy>\\r\\n
        \   <cross-domain-access>\\r\\n        <policy>\\r\\n            <allow-from
        http-request-headers='*'>\\r\\n                <domain uri='http://*' /> \\r\\n
        \           </allow-from> \\r\\n            <grant-to>\\r\\n                <resource
        path='/' include-subpaths='false' />\\r\\n            </grant-to>    \\r\\n
        \       </policy>\\r\\n    </cross-domain-access>\\r\\n</access-policy>\",\"crossDomainPolicy\":\"<?xml
        version=\\\"1.0\\\" ?>\\r\\n<!DOCTYPE cross-domain-policy SYSTEM 'http://www.macromedia.com/xml/dtds/cross-domain-policy.dtd'>\\r\\n<cross-domain-policy>\\r\\n
        \ <allow-access-from domain='*' />\\r\\n</cross-domain-policy>\"\r\n    },\"hostName\":\"strep000004-ams000003-euno.streaming.media.azure.net\",\"freeTrialEndTime\":\"0001-01-01T00:00:00Z\",\"provisioningState\":\"Succeeded\",\"resourceState\":\"Stopped\",\"created\":\"2020-09-25T21:43:45.4572805Z\",\"lastModified\":\"2020-09-25T21:43:51.1994508Z\"\r\n
        \ }\r\n}"
    headers:
      cache-control:
      - no-cache
      content-length:
      - '2094'
      content-type:
      - application/json; odata.metadata=minimal
      date:
      - Fri, 25 Sep 2020 21:43:51 GMT
      expires:
      - '-1'
      odata-version:
      - '4.0'
      pragma:
      - no-cache
      server:
      - Microsoft-HTTPAPI/2.0
      strict-transport-security:
      - max-age=31536000; includeSubDomains
      transfer-encoding:
      - chunked
      vary:
      - Accept-Encoding
      x-content-type-options:
      - nosniff
    status:
      code: 200
      message: OK
- request:
    body: '{"tags": {"foo": "bar"}, "location": "North Europe", "properties": {"description":
      "test streaming description", "scaleUnits": 4, "accessControl": {"akamai": {"akamaiSignatureHeaderAuthenticationKeyList":
      []}, "ip": {"allow": [{"name": "strep000004_1.1.1.1", "address": "1.1.1.1"},
      {"name": "strep000004_2.2.2.2", "address": "2.2.2.2"}]}}, "maxCacheAge": 11,
      "customHostNames": [], "cdnEnabled": false, "cdnProfile": "", "crossSiteAccessPolicies":
      {"clientAccessPolicy": "<?xml version=\"1.0\" encoding=\"utf-8\"?>\r\n<access-policy>\r\n    <cross-domain-access>\r\n        <policy>\r\n            <allow-from
      http-request-headers=''*''>\r\n                <domain uri=''http://*'' /> \r\n            </allow-from>
      \r\n            <grant-to>\r\n                <resource path=''/'' include-subpaths=''false''
      />\r\n            </grant-to>    \r\n        </policy>\r\n    </cross-domain-access>\r\n</access-policy>",
      "crossDomainPolicy": "<?xml version=\"1.0\" ?>\r\n<!DOCTYPE cross-domain-policy
      SYSTEM ''http://www.macromedia.com/xml/dtds/cross-domain-policy.dtd''>\r\n<cross-domain-policy>\r\n  <allow-access-from
      domain=''*'' />\r\n</cross-domain-policy>"}}}'
    headers:
      Accept:
      - application/json
      Accept-Encoding:
      - gzip, deflate
      CommandName:
      - ams streaming-endpoint akamai remove
      Connection:
      - keep-alive
      Content-Length:
      - '1151'
      Content-Type:
      - application/json; charset=utf-8
      ParameterSetName:
      - -g -a -n --identifier
      User-Agent:
      - python/3.8.2 (Windows-10-10.0.19041-SP0) msrest/0.6.18 msrest_azure/0.6.3
        azure-mgmt-media/2.1.0 Azure-SDK-For-Python AZURECLI/2.12.0
      accept-language:
      - en-US
    method: PATCH
    uri: https://management.azure.com/subscriptions/00000000-0000-0000-0000-000000000000/resourceGroups/clitest.rg000001/providers/Microsoft.Media/mediaservices/ams000003/streamingEndpoints/strep000004?api-version=2018-07-01
  response:
    body:
      string: "{\r\n  \"name\":\"strep000004\",\"id\":\"/subscriptions/00000000-0000-0000-0000-000000000000/resourceGroups/clitest.rg000001/providers/Microsoft.Media/mediaservices/ams000003/streamingendpoints/strep000004\",\"type\":\"Microsoft.Media/mediaservices/streamingEndpoints\",\"location\":\"North
        Europe\",\"tags\":{\r\n    \"foo\":\"bar\"\r\n  },\"properties\":{\r\n    \"description\":\"test
        streaming description\",\"scaleUnits\":4,\"availabilitySetName\":null,\"cdnEnabled\":false,\"cdnProvider\":null,\"cdnProfile\":\"\",\"maxCacheAge\":11,\"customHostNames\":[\r\n
        \     \r\n    ],\"accessControl\":{\r\n      \"akamai\":{\r\n        \"akamaiSignatureHeaderAuthenticationKeyList\":[\r\n
        \         \r\n        ]\r\n      },\"ip\":{\r\n        \"allow\":[\r\n          {\r\n
        \           \"name\":\"strep000004_1.1.1.1\",\"address\":\"1.1.1.1\",\"subnetPrefixLength\":null\r\n
        \         },{\r\n            \"name\":\"strep000004_2.2.2.2\",\"address\":\"2.2.2.2\",\"subnetPrefixLength\":null\r\n
        \         }\r\n        ]\r\n      }\r\n    },\"crossSiteAccessPolicies\":{\r\n
        \     \"clientAccessPolicy\":\"<?xml version=\\\"1.0\\\" encoding=\\\"utf-8\\\"?>\\r\\n<access-policy>\\r\\n
        \   <cross-domain-access>\\r\\n        <policy>\\r\\n            <allow-from
        http-request-headers='*'>\\r\\n                <domain uri='http://*' /> \\r\\n
        \           </allow-from> \\r\\n            <grant-to>\\r\\n                <resource
        path='/' include-subpaths='false' />\\r\\n            </grant-to>    \\r\\n
        \       </policy>\\r\\n    </cross-domain-access>\\r\\n</access-policy>\",\"crossDomainPolicy\":\"<?xml
        version=\\\"1.0\\\" ?>\\r\\n<!DOCTYPE cross-domain-policy SYSTEM 'http://www.macromedia.com/xml/dtds/cross-domain-policy.dtd'>\\r\\n<cross-domain-policy>\\r\\n
        \ <allow-access-from domain='*' />\\r\\n</cross-domain-policy>\"\r\n    },\"hostName\":null,\"freeTrialEndTime\":\"0001-01-01T00:00:00Z\",\"provisioningState\":\"Succeeded\",\"resourceState\":null,\"created\":\"0001-01-01T00:00:00Z\",\"lastModified\":\"0001-01-01T00:00:00Z\"\r\n
        \ }\r\n}"
    headers:
      cache-control:
      - no-cache
      content-length:
      - '1910'
      content-type:
      - application/json; odata.metadata=minimal
      date:
      - Fri, 25 Sep 2020 21:43:52 GMT
      expires:
      - '-1'
      odata-version:
      - '4.0'
      pragma:
      - no-cache
      server:
      - Microsoft-HTTPAPI/2.0
      strict-transport-security:
      - max-age=31536000; includeSubDomains
      transfer-encoding:
      - chunked
      vary:
      - Accept-Encoding
      x-content-type-options:
      - nosniff
      x-ms-ratelimit-remaining-subscription-writes:
      - '1194'
    status:
      code: 200
      message: OK
- request:
    body: null
    headers:
      Accept:
      - application/json
      Accept-Encoding:
      - gzip, deflate
      CommandName:
      - ams streaming-endpoint delete
      Connection:
      - keep-alive
      Content-Length:
      - '0'
      ParameterSetName:
      - -g -a -n
      User-Agent:
      - python/3.8.2 (Windows-10-10.0.19041-SP0) msrest/0.6.18 msrest_azure/0.6.3
        azure-mgmt-media/2.1.0 Azure-SDK-For-Python AZURECLI/2.12.0
      accept-language:
      - en-US
    method: DELETE
    uri: https://management.azure.com/subscriptions/00000000-0000-0000-0000-000000000000/resourceGroups/clitest.rg000001/providers/Microsoft.Media/mediaservices/ams000003/streamingEndpoints/strep000004?api-version=2018-07-01
  response:
    body:
      string: ''
    headers:
      azure-asyncoperation:
      - https://management.azure.com/subscriptions/00000000-0000-0000-0000-000000000000/resourcegroups/clitest.rg000001/providers/Microsoft.Media/mediaservices/ams000003/streamingendpointoperations/08060b32-91cb-4ab5-9ebb-64d811dbdba2?api-version=2018-07-01
      cache-control:
      - no-cache
      content-length:
      - '0'
      date:
      - Fri, 25 Sep 2020 21:43:53 GMT
      expires:
      - '-1'
      location:
      - https://management.azure.com/subscriptions/00000000-0000-0000-0000-000000000000/resourcegroups/clitest.rg000001/providers/Microsoft.Media/mediaservices/ams000003/streamingendpoints/strep000004/operationlocations/08060b32-91cb-4ab5-9ebb-64d811dbdba2?api-version=2018-07-01
      pragma:
      - no-cache
      server:
      - Microsoft-HTTPAPI/2.0
      strict-transport-security:
      - max-age=31536000; includeSubDomains
      x-content-type-options:
      - nosniff
      x-ms-ratelimit-remaining-subscription-deletes:
      - '14996'
    status:
      code: 202
      message: Accepted
- request:
    body: null
    headers:
      Accept:
      - application/json
      Accept-Encoding:
      - gzip, deflate
      CommandName:
      - ams streaming-endpoint delete
      Connection:
      - keep-alive
      ParameterSetName:
      - -g -a -n
      User-Agent:
      - python/3.8.2 (Windows-10-10.0.19041-SP0) msrest/0.6.18 msrest_azure/0.6.3
        azure-mgmt-media/2.1.0 Azure-SDK-For-Python AZURECLI/2.12.0
    method: GET
    uri: https://management.azure.com/subscriptions/00000000-0000-0000-0000-000000000000/resourcegroups/clitest.rg000001/providers/Microsoft.Media/mediaservices/ams000003/streamingendpointoperations/08060b32-91cb-4ab5-9ebb-64d811dbdba2?api-version=2018-07-01
  response:
    body:
      string: "{\r\n  \"name\":\"08060b32-91cb-4ab5-9ebb-64d811dbdba2\",\"status\":\"Succeeded\",\"error\":{\r\n
        \   \"code\":\"None\",\"message\":null,\"target\":\"00000000-0000-0000-0000-000000000000\"\r\n
        \ }\r\n}"
    headers:
      azure-asyncoperation:
      - https://management.azure.com/subscriptions/00000000-0000-0000-0000-000000000000/resourcegroups/clitest.rg000001/providers/Microsoft.Media/mediaservices/ams000003/streamingendpointoperations/08060b32-91cb-4ab5-9ebb-64d811dbdba2?api-version=2018-07-01
      cache-control:
      - no-cache
      content-length:
      - '171'
      content-type:
      - application/json; odata.metadata=minimal
      date:
      - Fri, 25 Sep 2020 21:43:57 GMT
      expires:
      - '-1'
      odata-version:
      - '4.0'
      pragma:
      - no-cache
      server:
      - Microsoft-HTTPAPI/2.0
      strict-transport-security:
      - max-age=31536000; includeSubDomains
      transfer-encoding:
      - chunked
      vary:
      - Accept-Encoding
      x-content-type-options:
      - nosniff
    status:
      code: 200
      message: OK
version: 1
