interactions:
- request:
    body: 'b''b\''{"location": "northcentralus", "properties": {"storageAccounts":
      [{"id": "/subscriptions/00000000-0000-0000-0000-000000000000/resourceGroups/clitest.rg000001/providers/Microsoft.Storage/storageAccounts/clitest000002",
      "type": "Primary"}]}}\'''''
    headers:
      Accept:
      - application/json
      Accept-Encoding:
      - gzip, deflate
      CommandName:
      - ams account create
      Connection:
      - keep-alive
      Content-Length:
      - '309'
      Content-Type:
      - application/json; charset=utf-8
      ParameterSetName:
      - -n -g --storage-account -l
      User-Agent:
      - python/3.7.4 (Windows-10-10.0.18362-SP0) msrest/0.6.9 msrest_azure/0.6.1 azure-mgmt-media/1.1.1
        Azure-SDK-For-Python AZURECLI/2.0.71
      accept-language:
      - en-US
    method: PUT
    uri: https://management.azure.com/subscriptions/00000000-0000-0000-0000-000000000000/resourceGroups/clitest.rg000001/providers/Microsoft.Media/mediaservices/ams000003?api-version=2018-07-01
  response:
    body:
      string: "{\r\n  \"name\":\"ams000003\",\"id\":\"/subscriptions/00000000-0000-0000-0000-000000000000/resourceGroups/clitest.rg000001/providers/Microsoft.Media/mediaservices/ams000003\",\"type\":\"Microsoft.Media/mediaservices\",\"location\":\"North
        Central US\",\"properties\":{\r\n    \"mediaServiceId\":\"420478d9-d5e4-46ea-96a9-d664b88da751\",\"storageAccounts\":[\r\n
        \     {\r\n        \"id\":\"/subscriptions/00000000-0000-0000-0000-000000000000/resourceGroups/clitest.rg000001/providers/Microsoft.Storage/storageAccounts/clitest000002\",\"type\":\"Primary\"\r\n
        \     }\r\n    ]\r\n  }\r\n}"
    headers:
      cache-control:
      - no-cache
      content-length:
      - '672'
      content-type:
      - application/json; odata.metadata=minimal
      date:
      - Tue, 17 Sep 2019 15:17:03 GMT
      expires:
      - '-1'
      odata-version:
      - '4.0'
      pragma:
      - no-cache
      server:
      - Microsoft-HTTPAPI/2.0
      strict-transport-security:
      - max-age=31536000; includeSubDomains
      x-content-type-options:
      - nosniff
      x-ms-ratelimit-remaining-subscription-writes:
      - '1199'
    status:
      code: 201
      message: Created
- request:
    body: '{"properties": {"presentationTimeRange": {"startTimestamp": 40000000, "endTimestamp":
      100000000, "presentationWindowDuration": 1200000000, "liveBackoffDuration":
      60, "timescale": 10000000, "forceEndTimestamp": false}, "firstQuality": {"bitrate":
      420}, "tracks": [{"trackSelections": [{"property": "FourCC", "value": "AVC1",
      "operation": "Equal"}]}, {"trackSelections": [{"property": "Unknown", "value":
      "EC-3", "operation": "NotEqual"}, {"property": "FourCC", "value": "MP4A", "operation":
      "Equal"}]}]}}'
    headers:
      Accept:
      - application/json
      Accept-Encoding:
      - gzip, deflate
      CommandName:
      - ams account-filter create
      Connection:
      - keep-alive
      Content-Length:
      - '503'
      Content-Type:
      - application/json; charset=utf-8
      ParameterSetName:
      - -a -g -n --first-quality --end-timestamp --live-backoff-duration --presentation-window-duration
        --start-timestamp --timescale --tracks
      User-Agent:
      - python/3.7.4 (Windows-10-10.0.18362-SP0) msrest/0.6.9 msrest_azure/0.6.1 azure-mgmt-media/1.1.1
        Azure-SDK-For-Python AZURECLI/2.0.71
      accept-language:
      - en-US
    method: PUT
    uri: https://management.azure.com/subscriptions/00000000-0000-0000-0000-000000000000/resourceGroups/clitest.rg000001/providers/Microsoft.Media/mediaServices/ams000003/accountFilters/filter000004?api-version=2018-07-01
  response:
    body:
      string: "{\r\n  \"name\":\"filter000004\",\"id\":\"/subscriptions/00000000-0000-0000-0000-000000000000/resourceGroups/clitest.rg000001/providers/Microsoft.Media/mediaservices/ams000003/accountFilters/filter000004\",\"type\":\"Microsoft.Media/mediaservices/accountFilters\",\"properties\":{\r\n
        \   \"presentationTimeRange\":{\r\n      \"startTimestamp\":40000000,\"endTimestamp\":100000000,\"presentationWindowDuration\":1200000000,\"liveBackoffDuration\":60,\"timescale\":10000000,\"forceEndTimestamp\":false\r\n
        \   },\"firstQuality\":{\r\n      \"bitrate\":420\r\n    },\"tracks\":[\r\n
        \     {\r\n        \"trackSelections\":[\r\n          {\r\n            \"property\":\"FourCC\",\"value\":\"AVC1\",\"operation\":\"Equal\"\r\n
        \         }\r\n        ]\r\n      },{\r\n        \"trackSelections\":[\r\n
        \         {\r\n            \"property\":\"Unknown\",\"value\":\"EC-3\",\"operation\":\"NotEqual\"\r\n
        \         },{\r\n            \"property\":\"FourCC\",\"value\":\"MP4A\",\"operation\":\"Equal\"\r\n
        \         }\r\n        ]\r\n      }\r\n    ]\r\n  }\r\n}"
    headers:
      cache-control:
      - no-cache
      content-length:
      - '989'
      content-type:
      - application/json; odata.metadata=minimal
      date:
      - Tue, 17 Sep 2019 15:17:04 GMT
      expires:
      - '-1'
      odata-version:
      - '4.0'
      pragma:
      - no-cache
      server:
      - Microsoft-HTTPAPI/2.0
      strict-transport-security:
      - max-age=31536000; includeSubDomains
      x-content-type-options:
      - nosniff
      x-ms-ratelimit-remaining-subscription-writes:
      - '1199'
    status:
      code: 201
      message: Created
- request:
    body: null
    headers:
      Accept:
      - application/json
      Accept-Encoding:
      - gzip, deflate
      CommandName:
      - ams account-filter show
      Connection:
      - keep-alive
      ParameterSetName:
      - -a -g -n
      User-Agent:
      - python/3.7.4 (Windows-10-10.0.18362-SP0) msrest/0.6.9 msrest_azure/0.6.1 azure-mgmt-media/1.1.1
        Azure-SDK-For-Python AZURECLI/2.0.71
      accept-language:
      - en-US
    method: GET
    uri: https://management.azure.com/subscriptions/00000000-0000-0000-0000-000000000000/resourceGroups/clitest.rg000001/providers/Microsoft.Media/mediaServices/ams000003/accountFilters/filter000004?api-version=2018-07-01
  response:
    body:
      string: "{\r\n  \"name\":\"filter000004\",\"id\":\"/subscriptions/00000000-0000-0000-0000-000000000000/resourceGroups/clitest.rg000001/providers/Microsoft.Media/mediaservices/ams000003/accountFilters/filter000004\",\"type\":\"Microsoft.Media/mediaservices/accountFilters\",\"properties\":{\r\n
        \   \"presentationTimeRange\":{\r\n      \"startTimestamp\":40000000,\"endTimestamp\":100000000,\"presentationWindowDuration\":1200000000,\"liveBackoffDuration\":60,\"timescale\":10000000,\"forceEndTimestamp\":false\r\n
        \   },\"firstQuality\":{\r\n      \"bitrate\":420\r\n    },\"tracks\":[\r\n
        \     {\r\n        \"trackSelections\":[\r\n          {\r\n            \"property\":\"FourCC\",\"value\":\"AVC1\",\"operation\":\"Equal\"\r\n
        \         }\r\n        ]\r\n      },{\r\n        \"trackSelections\":[\r\n
        \         {\r\n            \"property\":\"Unknown\",\"value\":\"EC-3\",\"operation\":\"NotEqual\"\r\n
        \         },{\r\n            \"property\":\"FourCC\",\"value\":\"MP4A\",\"operation\":\"Equal\"\r\n
        \         }\r\n        ]\r\n      }\r\n    ]\r\n  }\r\n}"
    headers:
      cache-control:
      - no-cache
      content-length:
      - '989'
      content-type:
      - application/json; odata.metadata=minimal
      date:
      - Tue, 17 Sep 2019 15:17:06 GMT
      expires:
      - '-1'
      odata-version:
      - '4.0'
      pragma:
      - no-cache
      server:
      - Microsoft-HTTPAPI/2.0
      strict-transport-security:
      - max-age=31536000; includeSubDomains
      transfer-encoding:
      - chunked
      vary:
      - Accept-Encoding
      x-content-type-options:
      - nosniff
    status:
      code: 200
      message: OK
- request:
    body: null
    headers:
      Accept:
      - application/json
      Accept-Encoding:
      - gzip, deflate
      CommandName:
      - ams account-filter show
      Connection:
      - keep-alive
      ParameterSetName:
      - -a -g -n
      User-Agent:
      - python/3.7.4 (Windows-10-10.0.18362-SP0) msrest/0.6.9 msrest_azure/0.6.1 azure-mgmt-media/1.1.1
        Azure-SDK-For-Python AZURECLI/2.0.71
      accept-language:
      - en-US
    method: GET
    uri: https://management.azure.com/subscriptions/00000000-0000-0000-0000-000000000000/resourceGroups/clitest.rg000001/providers/Microsoft.Media/mediaServices/ams000003/accountFilters/filter000005?api-version=2018-07-01
  response:
    body:
      string: "{\r\n  \"error\": {\r\n    \"code\": \"NotFound\",\r\n    \"message\":
        \"The requested resource was not found.\"\r\n  }\r\n}"
    headers:
      cache-control:
      - no-cache
      content-language:
      - en-US
      content-length:
      - '104'
      content-type:
      - application/json; charset=utf-8
      date:
      - Tue, 17 Sep 2019 15:17:07 GMT
      expires:
      - '-1'
      pragma:
      - no-cache
      server:
      - Microsoft-HTTPAPI/2.0
      strict-transport-security:
      - max-age=31536000; includeSubDomains
      x-content-type-options:
      - nosniff
    status:
      code: 404
      message: Not Found
version: 1
