interactions:
- request:
    body: '{"location": "southindia", "properties": {"storageAccounts": [{"id": "/subscriptions/00000000-0000-0000-0000-000000000000/resourceGroups/clitest.rg000001/providers/Microsoft.Storage/storageAccounts/clitest000002",
      "type": "Primary"}], "keyDelivery": {"accessControl": {"defaultAction": "Allow",
      "ipAllowList": []}}, "publicNetworkAccess": "Enabled"}}'
    headers:
      Accept:
      - application/json
      Accept-Encoding:
      - gzip, deflate
      CommandName:
      - ams account create
      Connection:
      - keep-alive
      Content-Length:
      - '350'
      Content-Type:
      - application/json
      ParameterSetName:
      - -n -g --storage-account -l
      User-Agent:
      - AZURECLI/2.32.0 azsdk-python-mgmt-media/8.0.0 Python/3.9.5 (Windows-10-10.0.22000-SP0)
    method: PUT
    uri: https://management.azure.com/subscriptions/00000000-0000-0000-0000-000000000000/resourceGroups/clitest.rg000001/providers/Microsoft.Media/mediaservices/ams000003?api-version=2021-06-01
  response:
    body:
      string: "{\r\n  \"name\":\"ams000003\",\"id\":\"/subscriptions/00000000-0000-0000-0000-000000000000/resourceGroups/clitest.rg000001/providers/Microsoft.Media/mediaservices/ams000003\",\"type\":\"Microsoft.Media/mediaservices\",\"location\":\"South
        India\",\"properties\":{\r\n    \"mediaServiceId\":\"ef495c69-f224-47de-a23e-5ce0de1a8657\",\"storageAccounts\":[\r\n
        \     {\r\n        \"id\":\"/subscriptions/00000000-0000-0000-0000-000000000000/resourceGroups/clitest.rg000001/providers/Microsoft.Storage/storageAccounts/clitest000002\",\"type\":\"Primary\"\r\n
        \     }\r\n    ],\"storageAuthentication\":\"System\",\"encryption\":{\r\n
        \     \"type\":\"SystemKey\"\r\n    },\"keyDelivery\":{\r\n      \"accessControl\":{\r\n
        \       \"defaultAction\":\"Allow\",\"ipAllowList\":[\r\n          \r\n        ]\r\n
        \     }\r\n    },\"publicNetworkAccess\":\"Enabled\"\r\n  },\"systemData\":{\r\n
        \   \"createdBy\":\"hivyas@microsoft.com\",\"createdByType\":\"User\",\"createdAt\":\"2022-03-28T23:33:21.7713804Z\",\"lastModifiedBy\":\"hivyas@microsoft.com\",\"lastModifiedByType\":\"User\",\"lastModifiedAt\":\"2022-03-28T23:33:21.7713804Z\"\r\n
        \ }\r\n}"
    headers:
      cache-control:
      - no-cache
      content-length:
      - '1016'
      content-type:
      - application/json; odata.metadata=minimal
      date:
      - Mon, 28 Mar 2022 23:33:25 GMT
      expires:
      - '-1'
      odata-version:
      - '4.0'
      pragma:
      - no-cache
      server:
      - Microsoft-HTTPAPI/2.0
      strict-transport-security:
      - max-age=31536000; includeSubDomains
      x-content-type-options:
      - nosniff
      x-ms-ratelimit-remaining-subscription-writes:
      - '1198'
    status:
      code: 201
      message: Created
- request:
    body: null
    headers:
      Accept:
      - application/json
      Accept-Encoding:
      - gzip, deflate
      CommandName:
      - ams streaming-endpoint create
      Connection:
      - keep-alive
      ParameterSetName:
      - -g -a -n --cdn-provider --cdn-profile --description --max-cache-age --scale-units
        --tags --client-access-policy --cross-domain-policy
      User-Agent:
      - AZURECLI/2.32.0 azsdk-python-mgmt-media/8.0.0 Python/3.9.5 (Windows-10-10.0.22000-SP0)
    method: GET
    uri: https://management.azure.com/subscriptions/00000000-0000-0000-0000-000000000000/resourceGroups/clitest.rg000001/providers/Microsoft.Media/mediaservices/ams000003?api-version=2021-06-01
  response:
    body:
      string: "{\r\n  \"name\":\"ams000003\",\"id\":\"/subscriptions/00000000-0000-0000-0000-000000000000/resourceGroups/clitest.rg000001/providers/Microsoft.Media/mediaservices/ams000003\",\"type\":\"Microsoft.Media/mediaservices\",\"location\":\"South
        India\",\"properties\":{\r\n    \"mediaServiceId\":\"ef495c69-f224-47de-a23e-5ce0de1a8657\",\"storageAccounts\":[\r\n
        \     {\r\n        \"id\":\"/subscriptions/00000000-0000-0000-0000-000000000000/resourceGroups/clitest.rg000001/providers/Microsoft.Storage/storageAccounts/clitest000002\",\"type\":\"Primary\"\r\n
        \     }\r\n    ],\"storageAuthentication\":\"System\",\"encryption\":{\r\n
        \     \"type\":\"SystemKey\"\r\n    },\"keyDelivery\":{\r\n      \"accessControl\":{\r\n
        \       \"defaultAction\":\"Allow\",\"ipAllowList\":[\r\n          \r\n        ]\r\n
        \     }\r\n    },\"publicNetworkAccess\":\"Enabled\"\r\n  },\"systemData\":{\r\n
        \   \"createdBy\":\"hivyas@microsoft.com\",\"createdByType\":\"User\",\"createdAt\":\"2022-03-28T23:33:21.7713804Z\",\"lastModifiedBy\":\"hivyas@microsoft.com\",\"lastModifiedByType\":\"User\",\"lastModifiedAt\":\"2022-03-28T23:33:21.7713804Z\"\r\n
        \ }\r\n}"
    headers:
      cache-control:
      - no-cache
      content-length:
      - '1016'
      content-type:
      - application/json; odata.metadata=minimal
      date:
      - Mon, 28 Mar 2022 23:33:27 GMT
      expires:
      - '-1'
      odata-version:
      - '4.0'
      pragma:
      - no-cache
      server:
      - Microsoft-HTTPAPI/2.0
      strict-transport-security:
      - max-age=31536000; includeSubDomains
      transfer-encoding:
      - chunked
      vary:
      - Accept-Encoding
      x-content-type-options:
      - nosniff
    status:
      code: 200
      message: OK
- request:
    body: '{"tags": {"foo": "bar"}, "location": "South India", "properties": {"description":
      "test streaming description", "scaleUnits": 8, "accessControl": {}, "maxCacheAge":
      11, "cdnEnabled": true, "cdnProvider": "StandardVerizon", "cdnProfile": "testProfile",
      "crossSiteAccessPolicies": {"clientAccessPolicy": "<?xml version=\"1.0\" encoding=\"utf-8\"?>\r\n<access-policy>\r\n    <cross-domain-access>\r\n        <policy>\r\n            <allow-from
      http-request-headers=''*''>\r\n                <domain uri=''http://*'' /> \r\n            </allow-from>
      \r\n            <grant-to>\r\n                <resource path=''/'' include-subpaths=''false''
      />\r\n            </grant-to>    \r\n        </policy>\r\n    </cross-domain-access>\r\n</access-policy>",
      "crossDomainPolicy": "<?xml version=\"1.0\" ?>\r\n<!DOCTYPE cross-domain-policy
      SYSTEM ''http://www.macromedia.com/xml/dtds/cross-domain-policy.dtd''>\r\n<cross-domain-policy>\r\n  <allow-access-from
      domain=''*'' />\r\n</cross-domain-policy>"}}}'
    headers:
      Accept:
      - application/json
      Accept-Encoding:
      - gzip, deflate
      CommandName:
      - ams streaming-endpoint create
      Connection:
      - keep-alive
      Content-Length:
      - '980'
      Content-Type:
      - application/json
      ParameterSetName:
      - -g -a -n --cdn-provider --cdn-profile --description --max-cache-age --scale-units
        --tags --client-access-policy --cross-domain-policy
      User-Agent:
      - AZURECLI/2.32.0 azsdk-python-mgmt-media/8.0.0 Python/3.9.5 (Windows-10-10.0.22000-SP0)
    method: PUT
    uri: https://management.azure.com/subscriptions/00000000-0000-0000-0000-000000000000/resourceGroups/clitest.rg000001/providers/Microsoft.Media/mediaservices/ams000003/streamingEndpoints/strep000004?api-version=2021-06-01
  response:
    body:
      string: "{\r\n  \"name\":\"strep000004\",\"id\":\"/subscriptions/00000000-0000-0000-0000-000000000000/resourceGroups/clitest.rg000001/providers/Microsoft.Media/mediaservices/ams000003/streamingendpoints/strep000004\",\"type\":\"Microsoft.Media/mediaservices/streamingEndpoints\",\"location\":\"South
        India\",\"tags\":{\r\n    \"foo\":\"bar\"\r\n  },\"properties\":{\r\n    \"description\":\"test
        streaming description\",\"scaleUnits\":8,\"availabilitySetName\":null,\"cdnEnabled\":true,\"cdnProvider\":\"StandardVerizon\",\"cdnProfile\":\"testProfile\",\"maxCacheAge\":11,\"customHostNames\":[\r\n
        \     \r\n    ],\"accessControl\":{\r\n      \"akamai\":null,\"ip\":null\r\n
        \   },\"crossSiteAccessPolicies\":{\r\n      \"clientAccessPolicy\":\"<?xml
        version=\\\"1.0\\\" encoding=\\\"utf-8\\\"?>\\r\\n<access-policy>\\r\\n    <cross-domain-access>\\r\\n
        \       <policy>\\r\\n            <allow-from http-request-headers='*'>\\r\\n
        \               <domain uri='http://*' /> \\r\\n            </allow-from>
        \\r\\n            <grant-to>\\r\\n                <resource path='/' include-subpaths='false'
        />\\r\\n            </grant-to>    \\r\\n        </policy>\\r\\n    </cross-domain-access>\\r\\n</access-policy>\",\"crossDomainPolicy\":\"<?xml
        version=\\\"1.0\\\" ?>\\r\\n<!DOCTYPE cross-domain-policy SYSTEM 'http://www.macromedia.com/xml/dtds/cross-domain-policy.dtd'>\\r\\n<cross-domain-policy>\\r\\n
        \ <allow-access-from domain='*' />\\r\\n</cross-domain-policy>\"\r\n    },\"hostName\":\"strep000004-ams000003-inso.streaming.media.azure.net\",\"freeTrialEndTime\":\"0001-01-01T00:00:00Z\",\"provisioningState\":\"InProgress\",\"resourceState\":\"Stopped\",\"created\":\"2022-03-28T23:33:30.4014256Z\",\"lastModified\":\"2022-03-28T23:33:30.4014256Z\"\r\n
        \ },\"systemData\":{\r\n    \"createdBy\":\"hivyas@microsoft.com\",\"createdByType\":\"User\",\"createdAt\":\"2022-03-28T23:33:28.816892Z\",\"lastModifiedBy\":\"hivyas@microsoft.com\",\"lastModifiedByType\":\"User\",\"lastModifiedAt\":\"2022-03-28T23:33:28.816892Z\"\r\n
        \ }\r\n}"
    headers:
      azure-asyncoperation:
      - https://management.azure.com/subscriptions/00000000-0000-0000-0000-000000000000/resourcegroups/clitest.rg000001/providers/Microsoft.Media/mediaservices/ams000003/streamingendpointoperations/0c213857-61d4-4509-ae3a-51ce0964b401?api-version=2021-06-01
      cache-control:
      - no-cache
      content-length:
      - '1840'
      content-type:
      - application/json; odata.metadata=minimal
      date:
      - Mon, 28 Mar 2022 23:33:30 GMT
      expires:
      - '-1'
      location:
      - https://management.azure.com/subscriptions/00000000-0000-0000-0000-000000000000/resourcegroups/clitest.rg000001/providers/Microsoft.Media/mediaservices/ams000003/streamingendpoints/strep000004/operationlocations/0c213857-61d4-4509-ae3a-51ce0964b401?api-version=2021-06-01
      odata-version:
      - '4.0'
      pragma:
      - no-cache
      server:
      - Microsoft-HTTPAPI/2.0
      strict-transport-security:
      - max-age=31536000; includeSubDomains
      x-content-type-options:
      - nosniff
      x-ms-ratelimit-remaining-subscription-writes:
      - '1195'
    status:
      code: 201
      message: Created
- request:
    body: null
    headers:
      Accept:
      - '*/*'
      Accept-Encoding:
      - gzip, deflate
      CommandName:
      - ams streaming-endpoint create
      Connection:
      - keep-alive
      ParameterSetName:
      - -g -a -n --cdn-provider --cdn-profile --description --max-cache-age --scale-units
        --tags --client-access-policy --cross-domain-policy
      User-Agent:
      - AZURECLI/2.32.0 azsdk-python-mgmt-media/8.0.0 Python/3.9.5 (Windows-10-10.0.22000-SP0)
    method: GET
    uri: https://management.azure.com/subscriptions/00000000-0000-0000-0000-000000000000/resourcegroups/clitest.rg000001/providers/Microsoft.Media/mediaservices/ams000003/streamingendpointoperations/0c213857-61d4-4509-ae3a-51ce0964b401?api-version=2021-06-01
  response:
    body:
      string: "{\r\n  \"name\":\"0c213857-61d4-4509-ae3a-51ce0964b401\",\"status\":\"InProgress\",\"error\":{\r\n
        \   \"code\":\"None\",\"message\":null,\"target\":\"300c8b7e-9a4f-4f7c-874b-3965726a62f3\"\r\n
        \ }\r\n}"
    headers:
      azure-asyncoperation:
      - https://management.azure.com/subscriptions/00000000-0000-0000-0000-000000000000/resourcegroups/clitest.rg000001/providers/Microsoft.Media/mediaservices/ams000003/streamingendpointoperations/0c213857-61d4-4509-ae3a-51ce0964b401?api-version=2021-06-01
      cache-control:
      - no-cache
      content-length:
      - '172'
      content-type:
      - application/json; odata.metadata=minimal
      date:
      - Mon, 28 Mar 2022 23:33:32 GMT
      expires:
      - '-1'
      odata-version:
      - '4.0'
      pragma:
      - no-cache
      server:
      - Microsoft-HTTPAPI/2.0
      strict-transport-security:
      - max-age=31536000; includeSubDomains
      transfer-encoding:
      - chunked
      vary:
      - Accept-Encoding
      x-content-type-options:
      - nosniff
    status:
      code: 200
      message: OK
- request:
    body: null
    headers:
      Accept:
      - '*/*'
      Accept-Encoding:
      - gzip, deflate
      CommandName:
      - ams streaming-endpoint create
      Connection:
      - keep-alive
      ParameterSetName:
      - -g -a -n --cdn-provider --cdn-profile --description --max-cache-age --scale-units
        --tags --client-access-policy --cross-domain-policy
      User-Agent:
      - AZURECLI/2.32.0 azsdk-python-mgmt-media/8.0.0 Python/3.9.5 (Windows-10-10.0.22000-SP0)
    method: GET
    uri: https://management.azure.com/subscriptions/00000000-0000-0000-0000-000000000000/resourcegroups/clitest.rg000001/providers/Microsoft.Media/mediaservices/ams000003/streamingendpointoperations/0c213857-61d4-4509-ae3a-51ce0964b401?api-version=2021-06-01
  response:
    body:
      string: "{\r\n  \"name\":\"0c213857-61d4-4509-ae3a-51ce0964b401\",\"status\":\"InProgress\",\"error\":{\r\n
        \   \"code\":\"None\",\"message\":null,\"target\":\"300c8b7e-9a4f-4f7c-874b-3965726a62f3\"\r\n
        \ }\r\n}"
    headers:
      azure-asyncoperation:
      - https://management.azure.com/subscriptions/00000000-0000-0000-0000-000000000000/resourcegroups/clitest.rg000001/providers/Microsoft.Media/mediaservices/ams000003/streamingendpointoperations/0c213857-61d4-4509-ae3a-51ce0964b401?api-version=2021-06-01
      cache-control:
      - no-cache
      content-length:
      - '172'
      content-type:
      - application/json; odata.metadata=minimal
      date:
      - Mon, 28 Mar 2022 23:33:35 GMT
      expires:
      - '-1'
      odata-version:
      - '4.0'
      pragma:
      - no-cache
      server:
      - Microsoft-HTTPAPI/2.0
      strict-transport-security:
      - max-age=31536000; includeSubDomains
      transfer-encoding:
      - chunked
      vary:
      - Accept-Encoding
      x-content-type-options:
      - nosniff
    status:
      code: 200
      message: OK
- request:
    body: null
    headers:
      Accept:
      - '*/*'
      Accept-Encoding:
      - gzip, deflate
      CommandName:
      - ams streaming-endpoint create
      Connection:
      - keep-alive
      ParameterSetName:
      - -g -a -n --cdn-provider --cdn-profile --description --max-cache-age --scale-units
        --tags --client-access-policy --cross-domain-policy
      User-Agent:
      - AZURECLI/2.32.0 azsdk-python-mgmt-media/8.0.0 Python/3.9.5 (Windows-10-10.0.22000-SP0)
    method: GET
    uri: https://management.azure.com/subscriptions/00000000-0000-0000-0000-000000000000/resourcegroups/clitest.rg000001/providers/Microsoft.Media/mediaservices/ams000003/streamingendpointoperations/0c213857-61d4-4509-ae3a-51ce0964b401?api-version=2021-06-01
  response:
    body:
      string: "{\r\n  \"name\":\"0c213857-61d4-4509-ae3a-51ce0964b401\",\"status\":\"Succeeded\",\"error\":{\r\n
        \   \"code\":\"None\",\"message\":null,\"target\":\"300c8b7e-9a4f-4f7c-874b-3965726a62f3\"\r\n
        \ }\r\n}"
    headers:
      azure-asyncoperation:
      - https://management.azure.com/subscriptions/00000000-0000-0000-0000-000000000000/resourcegroups/clitest.rg000001/providers/Microsoft.Media/mediaservices/ams000003/streamingendpointoperations/0c213857-61d4-4509-ae3a-51ce0964b401?api-version=2021-06-01
      cache-control:
      - no-cache
      content-length:
      - '171'
      content-type:
      - application/json; odata.metadata=minimal
      date:
      - Mon, 28 Mar 2022 23:33:37 GMT
      expires:
      - '-1'
      odata-version:
      - '4.0'
      pragma:
      - no-cache
      server:
      - Microsoft-HTTPAPI/2.0
      strict-transport-security:
      - max-age=31536000; includeSubDomains
      transfer-encoding:
      - chunked
      vary:
      - Accept-Encoding
      x-content-type-options:
      - nosniff
    status:
      code: 200
      message: OK
- request:
    body: null
    headers:
      Accept:
      - '*/*'
      Accept-Encoding:
      - gzip, deflate
      CommandName:
      - ams streaming-endpoint create
      Connection:
      - keep-alive
      ParameterSetName:
      - -g -a -n --cdn-provider --cdn-profile --description --max-cache-age --scale-units
        --tags --client-access-policy --cross-domain-policy
      User-Agent:
      - AZURECLI/2.32.0 azsdk-python-mgmt-media/8.0.0 Python/3.9.5 (Windows-10-10.0.22000-SP0)
    method: GET
    uri: https://management.azure.com/subscriptions/00000000-0000-0000-0000-000000000000/resourceGroups/clitest.rg000001/providers/Microsoft.Media/mediaservices/ams000003/streamingEndpoints/strep000004?api-version=2021-06-01
  response:
    body:
      string: "{\r\n  \"name\":\"strep000004\",\"id\":\"/subscriptions/00000000-0000-0000-0000-000000000000/resourceGroups/clitest.rg000001/providers/Microsoft.Media/mediaservices/ams000003/streamingendpoints/strep000004\",\"type\":\"Microsoft.Media/mediaservices/streamingEndpoints\",\"location\":\"South
        India\",\"tags\":{\r\n    \"foo\":\"bar\"\r\n  },\"properties\":{\r\n    \"description\":\"test
        streaming description\",\"scaleUnits\":8,\"availabilitySetName\":null,\"cdnEnabled\":true,\"cdnProvider\":\"StandardVerizon\",\"cdnProfile\":\"testProfile\",\"maxCacheAge\":11,\"customHostNames\":[\r\n
        \     \r\n    ],\"accessControl\":null,\"crossSiteAccessPolicies\":{\r\n      \"clientAccessPolicy\":\"<?xml
        version=\\\"1.0\\\" encoding=\\\"utf-8\\\"?>\\r\\n<access-policy>\\r\\n    <cross-domain-access>\\r\\n
        \       <policy>\\r\\n            <allow-from http-request-headers='*'>\\r\\n
        \               <domain uri='http://*' /> \\r\\n            </allow-from>
        \\r\\n            <grant-to>\\r\\n                <resource path='/' include-subpaths='false'
        />\\r\\n            </grant-to>    \\r\\n        </policy>\\r\\n    </cross-domain-access>\\r\\n</access-policy>\",\"crossDomainPolicy\":\"<?xml
        version=\\\"1.0\\\" ?>\\r\\n<!DOCTYPE cross-domain-policy SYSTEM 'http://www.macromedia.com/xml/dtds/cross-domain-policy.dtd'>\\r\\n<cross-domain-policy>\\r\\n
        \ <allow-access-from domain='*' />\\r\\n</cross-domain-policy>\"\r\n    },\"hostName\":\"strep000004-ams000003-inso.streaming.media.azure.net\",\"freeTrialEndTime\":\"0001-01-01T00:00:00Z\",\"provisioningState\":\"Succeeded\",\"resourceState\":\"Stopped\",\"created\":\"2022-03-28T23:33:30.463963Z\",\"lastModified\":\"2022-03-28T23:33:36.5000146Z\"\r\n
        \ },\"systemData\":{\r\n    \"createdBy\":\"hivyas@microsoft.com\",\"createdByType\":\"User\",\"createdAt\":\"2022-03-28T23:33:28.816892Z\",\"lastModifiedBy\":\"hivyas@microsoft.com\",\"lastModifiedByType\":\"User\",\"lastModifiedAt\":\"2022-03-28T23:33:28.816892Z\"\r\n
        \ }\r\n}"
    headers:
      cache-control:
      - no-cache
      content-length:
      - '1803'
      content-type:
      - application/json; odata.metadata=minimal
      date:
      - Mon, 28 Mar 2022 23:33:37 GMT
      expires:
      - '-1'
      odata-version:
      - '4.0'
      pragma:
      - no-cache
      server:
      - Microsoft-HTTPAPI/2.0
      strict-transport-security:
      - max-age=31536000; includeSubDomains
      transfer-encoding:
      - chunked
      vary:
      - Accept-Encoding
      x-content-type-options:
      - nosniff
    status:
      code: 200
      message: OK
- request:
    body: null
    headers:
      Accept:
      - application/json
      Accept-Encoding:
      - gzip, deflate
      CommandName:
      - ams streaming-endpoint list
      Connection:
      - keep-alive
      ParameterSetName:
      - -g -a
      User-Agent:
      - AZURECLI/2.32.0 azsdk-python-mgmt-media/8.0.0 Python/3.9.5 (Windows-10-10.0.22000-SP0)
    method: GET
    uri: https://management.azure.com/subscriptions/00000000-0000-0000-0000-000000000000/resourceGroups/clitest.rg000001/providers/Microsoft.Media/mediaservices/ams000003/streamingEndpoints?api-version=2021-06-01
  response:
    body:
      string: "{\r\n  \"value\":[\r\n    {\r\n      \"name\":\"default\",\"id\":\"/subscriptions/00000000-0000-0000-0000-000000000000/resourceGroups/clitest.rg000001/providers/Microsoft.Media/mediaservices/ams000003/streamingendpoints/default\",\"type\":\"Microsoft.Media/mediaservices/streamingEndpoints\",\"location\":\"South
        India\",\"tags\":{\r\n        \r\n      },\"properties\":{\r\n        \"description\":\"\",\"scaleUnits\":0,\"availabilitySetName\":null,\"cdnEnabled\":false,\"cdnProvider\":null,\"cdnProfile\":null,\"maxCacheAge\":null,\"customHostNames\":[\r\n
        \         \r\n        ],\"accessControl\":null,\"crossSiteAccessPolicies\":null,\"hostName\":\"ams000003-inso.streaming.media.azure.net\",\"freeTrialEndTime\":\"0001-01-01T00:00:00Z\",\"provisioningState\":\"Succeeded\",\"resourceState\":\"Stopped\",\"created\":\"2022-03-28T23:33:25.5795974Z\",\"lastModified\":\"2022-03-28T23:33:28.6382275Z\"\r\n
        \     },\"systemData\":{\r\n        \"createdBy\":null,\"createdByType\":null,\"createdAt\":null,\"lastModifiedBy\":null,\"lastModifiedByType\":null,\"lastModifiedAt\":null\r\n
        \     }\r\n    },{\r\n      \"name\":\"strep000004\",\"id\":\"/subscriptions/00000000-0000-0000-0000-000000000000/resourceGroups/clitest.rg000001/providers/Microsoft.Media/mediaservices/ams000003/streamingendpoints/strep000004\",\"type\":\"Microsoft.Media/mediaservices/streamingEndpoints\",\"location\":\"South
        India\",\"tags\":{\r\n        \"foo\":\"bar\"\r\n      },\"properties\":{\r\n
        \       \"description\":\"test streaming description\",\"scaleUnits\":8,\"availabilitySetName\":null,\"cdnEnabled\":true,\"cdnProvider\":\"StandardVerizon\",\"cdnProfile\":\"testProfile\",\"maxCacheAge\":11,\"customHostNames\":[\r\n
        \         \r\n        ],\"accessControl\":null,\"crossSiteAccessPolicies\":{\r\n
        \         \"clientAccessPolicy\":\"<?xml version=\\\"1.0\\\" encoding=\\\"utf-8\\\"?>\\r\\n<access-policy>\\r\\n
        \   <cross-domain-access>\\r\\n        <policy>\\r\\n            <allow-from
        http-request-headers='*'>\\r\\n                <domain uri='http://*' /> \\r\\n
        \           </allow-from> \\r\\n            <grant-to>\\r\\n                <resource
        path='/' include-subpaths='false' />\\r\\n            </grant-to>    \\r\\n
        \       </policy>\\r\\n    </cross-domain-access>\\r\\n</access-policy>\",\"crossDomainPolicy\":\"<?xml
        version=\\\"1.0\\\" ?>\\r\\n<!DOCTYPE cross-domain-policy SYSTEM 'http://www.macromedia.com/xml/dtds/cross-domain-policy.dtd'>\\r\\n<cross-domain-policy>\\r\\n
        \ <allow-access-from domain='*' />\\r\\n</cross-domain-policy>\"\r\n        },\"hostName\":\"strep000004-ams000003-inso.streaming.media.azure.net\",\"freeTrialEndTime\":\"0001-01-01T00:00:00Z\",\"provisioningState\":\"Succeeded\",\"resourceState\":\"Stopped\",\"created\":\"2022-03-28T23:33:30.463963Z\",\"lastModified\":\"2022-03-28T23:33:36.5000146Z\"\r\n
        \     },\"systemData\":{\r\n        \"createdBy\":\"hivyas@microsoft.com\",\"createdByType\":\"User\",\"createdAt\":\"2022-03-28T23:33:28.816892Z\",\"lastModifiedBy\":\"hivyas@microsoft.com\",\"lastModifiedByType\":\"User\",\"lastModifiedAt\":\"2022-03-28T23:33:28.816892Z\"\r\n
        \     }\r\n    }\r\n  ]\r\n}"
    headers:
      cache-control:
      - no-cache
      content-length:
      - '2852'
      content-type:
      - application/json; odata.metadata=minimal
      date:
      - Mon, 28 Mar 2022 23:33:40 GMT
      expires:
      - '-1'
      odata-version:
      - '4.0'
      pragma:
      - no-cache
      server:
      - Microsoft-HTTPAPI/2.0
      strict-transport-security:
      - max-age=31536000; includeSubDomains
      transfer-encoding:
      - chunked
      vary:
      - Accept-Encoding
      x-content-type-options:
      - nosniff
    status:
      code: 200
      message: OK
- request:
    body: null
    headers:
      Accept:
      - application/json
      Accept-Encoding:
      - gzip, deflate
      CommandName:
      - ams streaming-endpoint delete
      Connection:
      - keep-alive
      Content-Length:
      - '0'
      ParameterSetName:
      - -g -a -n
      User-Agent:
      - AZURECLI/2.32.0 azsdk-python-mgmt-media/8.0.0 Python/3.9.5 (Windows-10-10.0.22000-SP0)
    method: DELETE
    uri: https://management.azure.com/subscriptions/00000000-0000-0000-0000-000000000000/resourceGroups/clitest.rg000001/providers/Microsoft.Media/mediaservices/ams000003/streamingEndpoints/strep000004?api-version=2021-06-01
  response:
    body:
      string: ''
    headers:
      azure-asyncoperation:
      - https://management.azure.com/subscriptions/00000000-0000-0000-0000-000000000000/resourcegroups/clitest.rg000001/providers/Microsoft.Media/mediaservices/ams000003/streamingendpointoperations/b2c23877-78c8-4c69-82a9-7a612ff48021?api-version=2021-06-01
      cache-control:
      - no-cache
      content-length:
      - '0'
      date:
      - Mon, 28 Mar 2022 23:33:42 GMT
      expires:
      - '-1'
      location:
      - https://management.azure.com/subscriptions/00000000-0000-0000-0000-000000000000/resourcegroups/clitest.rg000001/providers/Microsoft.Media/mediaservices/ams000003/streamingendpoints/strep000004/operationlocations/b2c23877-78c8-4c69-82a9-7a612ff48021?api-version=2021-06-01
      pragma:
      - no-cache
      server:
      - Microsoft-HTTPAPI/2.0
      strict-transport-security:
      - max-age=31536000; includeSubDomains
      x-content-type-options:
      - nosniff
      x-ms-ratelimit-remaining-subscription-deletes:
      - '14998'
    status:
      code: 202
      message: Accepted
- request:
    body: null
    headers:
      Accept:
      - '*/*'
      Accept-Encoding:
      - gzip, deflate
      CommandName:
      - ams streaming-endpoint delete
      Connection:
      - keep-alive
      ParameterSetName:
      - -g -a -n
      User-Agent:
      - AZURECLI/2.32.0 azsdk-python-mgmt-media/8.0.0 Python/3.9.5 (Windows-10-10.0.22000-SP0)
    method: GET
    uri: https://management.azure.com/subscriptions/00000000-0000-0000-0000-000000000000/resourcegroups/clitest.rg000001/providers/Microsoft.Media/mediaservices/ams000003/streamingendpointoperations/b2c23877-78c8-4c69-82a9-7a612ff48021?api-version=2021-06-01
  response:
    body:
      string: "{\r\n  \"name\":\"b2c23877-78c8-4c69-82a9-7a612ff48021\",\"status\":\"InProgress\",\"error\":{\r\n
        \   \"code\":\"None\",\"message\":null,\"target\":\"300c8b7e-9a4f-4f7c-874b-3965726a62f3\"\r\n
        \ }\r\n}"
    headers:
      azure-asyncoperation:
      - https://management.azure.com/subscriptions/00000000-0000-0000-0000-000000000000/resourcegroups/clitest.rg000001/providers/Microsoft.Media/mediaservices/ams000003/streamingendpointoperations/b2c23877-78c8-4c69-82a9-7a612ff48021?api-version=2021-06-01
      cache-control:
      - no-cache
      content-length:
      - '172'
      content-type:
      - application/json; odata.metadata=minimal
      date:
      - Mon, 28 Mar 2022 23:33:44 GMT
      expires:
      - '-1'
      odata-version:
      - '4.0'
      pragma:
      - no-cache
      server:
      - Microsoft-HTTPAPI/2.0
      strict-transport-security:
      - max-age=31536000; includeSubDomains
      transfer-encoding:
      - chunked
      vary:
      - Accept-Encoding
      x-content-type-options:
      - nosniff
    status:
      code: 200
      message: OK
- request:
    body: null
    headers:
      Accept:
      - '*/*'
      Accept-Encoding:
      - gzip, deflate
      CommandName:
      - ams streaming-endpoint delete
      Connection:
      - keep-alive
      ParameterSetName:
      - -g -a -n
      User-Agent:
      - AZURECLI/2.32.0 azsdk-python-mgmt-media/8.0.0 Python/3.9.5 (Windows-10-10.0.22000-SP0)
    method: GET
    uri: https://management.azure.com/subscriptions/00000000-0000-0000-0000-000000000000/resourcegroups/clitest.rg000001/providers/Microsoft.Media/mediaservices/ams000003/streamingendpointoperations/b2c23877-78c8-4c69-82a9-7a612ff48021?api-version=2021-06-01
  response:
    body:
      string: "{\r\n  \"name\":\"b2c23877-78c8-4c69-82a9-7a612ff48021\",\"status\":\"InProgress\",\"error\":{\r\n
        \   \"code\":\"None\",\"message\":null,\"target\":\"300c8b7e-9a4f-4f7c-874b-3965726a62f3\"\r\n
        \ }\r\n}"
    headers:
      azure-asyncoperation:
      - https://management.azure.com/subscriptions/00000000-0000-0000-0000-000000000000/resourcegroups/clitest.rg000001/providers/Microsoft.Media/mediaservices/ams000003/streamingendpointoperations/b2c23877-78c8-4c69-82a9-7a612ff48021?api-version=2021-06-01
      cache-control:
      - no-cache
      content-length:
      - '172'
      content-type:
      - application/json; odata.metadata=minimal
      date:
      - Mon, 28 Mar 2022 23:33:47 GMT
      expires:
      - '-1'
      odata-version:
      - '4.0'
      pragma:
      - no-cache
      server:
      - Microsoft-HTTPAPI/2.0
      strict-transport-security:
      - max-age=31536000; includeSubDomains
      transfer-encoding:
      - chunked
      vary:
      - Accept-Encoding
      x-content-type-options:
      - nosniff
    status:
      code: 200
      message: OK
- request:
    body: null
    headers:
      Accept:
      - '*/*'
      Accept-Encoding:
      - gzip, deflate
      CommandName:
      - ams streaming-endpoint delete
      Connection:
      - keep-alive
      ParameterSetName:
      - -g -a -n
      User-Agent:
      - AZURECLI/2.32.0 azsdk-python-mgmt-media/8.0.0 Python/3.9.5 (Windows-10-10.0.22000-SP0)
    method: GET
    uri: https://management.azure.com/subscriptions/00000000-0000-0000-0000-000000000000/resourcegroups/clitest.rg000001/providers/Microsoft.Media/mediaservices/ams000003/streamingendpointoperations/b2c23877-78c8-4c69-82a9-7a612ff48021?api-version=2021-06-01
  response:
    body:
      string: "{\r\n  \"name\":\"b2c23877-78c8-4c69-82a9-7a612ff48021\",\"status\":\"Succeeded\",\"error\":{\r\n
        \   \"code\":\"None\",\"message\":null,\"target\":\"00000000-0000-0000-0000-000000000000\"\r\n
        \ }\r\n}"
    headers:
      azure-asyncoperation:
      - https://management.azure.com/subscriptions/00000000-0000-0000-0000-000000000000/resourcegroups/clitest.rg000001/providers/Microsoft.Media/mediaservices/ams000003/streamingendpointoperations/b2c23877-78c8-4c69-82a9-7a612ff48021?api-version=2021-06-01
      cache-control:
      - no-cache
      content-length:
      - '171'
      content-type:
      - application/json; odata.metadata=minimal
      date:
      - Mon, 28 Mar 2022 23:33:49 GMT
      expires:
      - '-1'
      odata-version:
      - '4.0'
      pragma:
      - no-cache
      server:
      - Microsoft-HTTPAPI/2.0
      strict-transport-security:
      - max-age=31536000; includeSubDomains
      transfer-encoding:
      - chunked
      vary:
      - Accept-Encoding
      x-content-type-options:
      - nosniff
    status:
      code: 200
      message: OK
- request:
    body: null
    headers:
      Accept:
      - application/json
      Accept-Encoding:
      - gzip, deflate
      CommandName:
      - ams streaming-endpoint list
      Connection:
      - keep-alive
      ParameterSetName:
      - -g -a
      User-Agent:
      - AZURECLI/2.32.0 azsdk-python-mgmt-media/8.0.0 Python/3.9.5 (Windows-10-10.0.22000-SP0)
    method: GET
    uri: https://management.azure.com/subscriptions/00000000-0000-0000-0000-000000000000/resourceGroups/clitest.rg000001/providers/Microsoft.Media/mediaservices/ams000003/streamingEndpoints?api-version=2021-06-01
  response:
    body:
      string: "{\r\n  \"value\":[\r\n    {\r\n      \"name\":\"default\",\"id\":\"/subscriptions/00000000-0000-0000-0000-000000000000/resourceGroups/clitest.rg000001/providers/Microsoft.Media/mediaservices/ams000003/streamingendpoints/default\",\"type\":\"Microsoft.Media/mediaservices/streamingEndpoints\",\"location\":\"South
        India\",\"tags\":{\r\n        \r\n      },\"properties\":{\r\n        \"description\":\"\",\"scaleUnits\":0,\"availabilitySetName\":null,\"cdnEnabled\":false,\"cdnProvider\":null,\"cdnProfile\":null,\"maxCacheAge\":null,\"customHostNames\":[\r\n
        \         \r\n        ],\"accessControl\":null,\"crossSiteAccessPolicies\":null,\"hostName\":\"ams000003-inso.streaming.media.azure.net\",\"freeTrialEndTime\":\"0001-01-01T00:00:00Z\",\"provisioningState\":\"Succeeded\",\"resourceState\":\"Stopped\",\"created\":\"2022-03-28T23:33:25.5795974Z\",\"lastModified\":\"2022-03-28T23:33:28.6382275Z\"\r\n
        \     },\"systemData\":{\r\n        \"createdBy\":null,\"createdByType\":null,\"createdAt\":null,\"lastModifiedBy\":null,\"lastModifiedByType\":null,\"lastModifiedAt\":null\r\n
        \     }\r\n    }\r\n  ]\r\n}"
    headers:
      cache-control:
      - no-cache
      content-length:
      - '1000'
      content-type:
      - application/json; odata.metadata=minimal
      date:
      - Mon, 28 Mar 2022 23:33:51 GMT
      expires:
      - '-1'
      odata-version:
      - '4.0'
      pragma:
      - no-cache
      server:
      - Microsoft-HTTPAPI/2.0
      strict-transport-security:
      - max-age=31536000; includeSubDomains
      transfer-encoding:
      - chunked
      vary:
      - Accept-Encoding
      x-content-type-options:
      - nosniff
    status:
      code: 200
      message: OK
version: 1
