interactions:
- request:
    body: '{"location": "southeastasia", "properties": {"storageAccounts": [{"id":
      "/subscriptions/00000000-0000-0000-0000-000000000000/resourceGroups/clitest.rg000001/providers/Microsoft.Storage/storageAccounts/clitest000002",
      "type": "Primary"}]}}'
    headers:
      Accept:
      - application/json
      Accept-Encoding:
      - gzip, deflate
      CommandName:
      - ams account create
      Connection:
      - keep-alive
      Content-Length:
      - '308'
      Content-Type:
      - application/json; charset=utf-8
      ParameterSetName:
      - -n -g --storage-account -l
      User-Agent:
      - python/3.8.2 (Windows-10-10.0.19041-SP0) msrest/0.6.18 msrest_azure/0.6.3
        azure-mgmt-media/2.1.0 Azure-SDK-For-Python AZURECLI/2.12.0
      accept-language:
      - en-US
    method: PUT
    uri: https://management.azure.com/subscriptions/00000000-0000-0000-0000-000000000000/resourceGroups/clitest.rg000001/providers/Microsoft.Media/mediaservices/ams000003?api-version=2018-07-01
  response:
    body:
      string: "{\r\n  \"name\":\"ams000003\",\"id\":\"/subscriptions/00000000-0000-0000-0000-000000000000/resourceGroups/clitest.rg000001/providers/Microsoft.Media/mediaservices/ams000003\",\"type\":\"Microsoft.Media/mediaservices\",\"location\":\"Southeast
        Asia\",\"properties\":{\r\n    \"mediaServiceId\":\"a18e594c-0ca9-449c-9b6d-96122d6d35aa\",\"storageAccounts\":[\r\n
        \     {\r\n        \"id\":\"/subscriptions/00000000-0000-0000-0000-000000000000/resourceGroups/clitest.rg000001/providers/Microsoft.Storage/storageAccounts/clitest000002\",\"type\":\"Primary\"\r\n
        \     }\r\n    ]\r\n  }\r\n}"
    headers:
      cache-control:
      - no-cache
      content-length:
      - '670'
      content-type:
      - application/json; odata.metadata=minimal
      date:
      - Fri, 25 Sep 2020 21:43:17 GMT
      expires:
      - '-1'
      odata-version:
      - '4.0'
      pragma:
      - no-cache
      server:
      - Microsoft-HTTPAPI/2.0
      strict-transport-security:
      - max-age=31536000; includeSubDomains
      x-content-type-options:
      - nosniff
      x-ms-ratelimit-remaining-subscription-writes:
      - '1191'
    status:
      code: 201
      message: Created
- request:
    body: null
    headers:
      Accept:
      - application/json
      Accept-Encoding:
      - gzip, deflate
      CommandName:
      - ams live-event create
      Connection:
      - keep-alive
      ParameterSetName:
      - -a -n -g --ips --streaming-protocol
      User-Agent:
      - python/3.8.2 (Windows-10-10.0.19041-SP0) msrest/0.6.18 msrest_azure/0.6.3
        azure-mgmt-media/2.1.0 Azure-SDK-For-Python AZURECLI/2.12.0
      accept-language:
      - en-US
    method: GET
    uri: https://management.azure.com/subscriptions/00000000-0000-0000-0000-000000000000/resourceGroups/clitest.rg000001/providers/Microsoft.Media/mediaservices/ams000003?api-version=2018-07-01
  response:
    body:
      string: "{\r\n  \"name\":\"ams000003\",\"id\":\"/subscriptions/00000000-0000-0000-0000-000000000000/resourceGroups/clitest.rg000001/providers/Microsoft.Media/mediaservices/ams000003\",\"type\":\"Microsoft.Media/mediaservices\",\"location\":\"Southeast
        Asia\",\"properties\":{\r\n    \"mediaServiceId\":\"a18e594c-0ca9-449c-9b6d-96122d6d35aa\",\"storageAccounts\":[\r\n
        \     {\r\n        \"id\":\"/subscriptions/00000000-0000-0000-0000-000000000000/resourceGroups/clitest.rg000001/providers/Microsoft.Storage/storageAccounts/clitest000002\",\"type\":\"Primary\"\r\n
        \     }\r\n    ]\r\n  }\r\n}"
    headers:
      cache-control:
      - no-cache
      content-length:
      - '670'
      content-type:
      - application/json; odata.metadata=minimal
      date:
      - Fri, 25 Sep 2020 21:43:18 GMT
      expires:
      - '-1'
      odata-version:
      - '4.0'
      pragma:
      - no-cache
      server:
      - Microsoft-HTTPAPI/2.0
      strict-transport-security:
      - max-age=31536000; includeSubDomains
      transfer-encoding:
      - chunked
      vary:
      - Accept-Encoding
      x-content-type-options:
      - nosniff
    status:
      code: 200
      message: OK
- request:
    body: '{"location": "Southeast Asia", "properties": {"input": {"streamingProtocol":
      "FragmentedMP4", "accessControl": {"ip": {"allow": [{"name": "le000004_0.0.0.0",
      "address": "0.0.0.0", "subnetPrefixLength": 0}]}}}, "preview": {"accessControl":
      {"ip": {"allow": []}}}, "encoding": {}, "crossSiteAccessPolicies": {}, "vanityUrl":
      false}}'
    headers:
      Accept:
      - application/json
      Accept-Encoding:
      - gzip, deflate
      CommandName:
      - ams live-event create
      Connection:
      - keep-alive
      Content-Length:
      - '334'
      Content-Type:
      - application/json; charset=utf-8
      ParameterSetName:
      - -a -n -g --ips --streaming-protocol
      User-Agent:
      - python/3.8.2 (Windows-10-10.0.19041-SP0) msrest/0.6.18 msrest_azure/0.6.3
        azure-mgmt-media/2.1.0 Azure-SDK-For-Python AZURECLI/2.12.0
      accept-language:
      - en-US
    method: PUT
    uri: https://management.azure.com/subscriptions/00000000-0000-0000-0000-000000000000/resourceGroups/clitest.rg000001/providers/Microsoft.Media/mediaservices/ams000003/liveEvents/le000004?api-version=2018-07-01&autoStart=false
  response:
    body:
      string: "{\r\n  \"name\":\"le000004\",\"id\":\"/subscriptions/00000000-0000-0000-0000-000000000000/resourceGroups/clitest.rg000001/providers/Microsoft.Media/mediaservices/ams000003/liveevents/le000004\",\"type\":\"Microsoft.Media/mediaservices/liveevents\",\"location\":\"Southeast
        Asia\",\"tags\":{\r\n    \r\n  },\"properties\":{\r\n    \"description\":\"\",\"resourceState\":\"Stopped\",\"provisioningState\":\"InProgress\",\"created\":\"2020-09-25T21:43:21.3824468Z\",\"lastModified\":\"2020-09-25T21:43:21.3824468Z\",\"vanityUrl\":false,\"streamOptions\":[\r\n
        \     \r\n    ],\"input\":{\r\n      \"keyFrameIntervalDuration\":\"\",\"streamingProtocol\":\"FragmentedMP4\",\"accessToken\":\"fa6378e53da74e7eadd66baadb7e2b20\",\"endpoints\":[\r\n
        \       \r\n      ],\"accessControl\":{\r\n        \"ip\":{\r\n          \"allow\":[\r\n
        \           {\r\n              \"name\":\"le000004_0.0.0.0\",\"address\":\"0.0.0.0\",\"subnetPrefixLength\":0\r\n
        \           }\r\n          ]\r\n        }\r\n      }\r\n    },\"preview\":{\r\n
        \     \"previewLocator\":\"54a2e5d9-b8cd-4ce0-bbf4-6a632f96b692\",\"streamingPolicyName\":\"Predefined_ClearStreamingOnly\",\"alternativeMediaId\":null,\"accessControl\":{\r\n
        \       \"ip\":{\r\n          \"allow\":[\r\n            \r\n          ]\r\n
        \       }\r\n      },\"endpoints\":[\r\n        \r\n      ]\r\n    },\"encoding\":{\r\n
        \     \"encodingType\":\"None\",\"presetName\":null\r\n    },\"crossSiteAccessPolicies\":{\r\n
        \     \"clientAccessPolicy\":null,\"crossDomainPolicy\":null\r\n    }\r\n
        \ }\r\n}"
    headers:
      azure-asyncoperation:
      - https://management.azure.com/subscriptions/00000000-0000-0000-0000-000000000000/resourcegroups/clitest.rg000001/providers/Microsoft.Media/mediaservices/ams000003/liveeventoperations/b0605df7-61be-49e7-aca5-6bef16fc9a37?api-version=2018-07-01
      cache-control:
      - no-cache
      content-length:
      - '1428'
      content-type:
      - application/json; odata.metadata=minimal
      date:
      - Fri, 25 Sep 2020 21:43:21 GMT
      expires:
      - '-1'
      location:
      - https://management.azure.com/subscriptions/00000000-0000-0000-0000-000000000000/resourcegroups/clitest.rg000001/providers/Microsoft.Media/mediaservices/ams000003/liveevents/le000004/operationlocations/b0605df7-61be-49e7-aca5-6bef16fc9a37?api-version=2018-07-01
      odata-version:
      - '4.0'
      pragma:
      - no-cache
      server:
      - Microsoft-HTTPAPI/2.0
      strict-transport-security:
      - max-age=31536000; includeSubDomains
      x-content-type-options:
      - nosniff
      x-ms-ratelimit-remaining-subscription-writes:
      - '1192'
    status:
      code: 202
      message: Accepted
- request:
    body: null
    headers:
      Accept:
      - application/json
      Accept-Encoding:
      - gzip, deflate
      CommandName:
      - ams live-event create
      Connection:
      - keep-alive
      ParameterSetName:
      - -a -n -g --ips --streaming-protocol
      User-Agent:
      - python/3.8.2 (Windows-10-10.0.19041-SP0) msrest/0.6.18 msrest_azure/0.6.3
        azure-mgmt-media/2.1.0 Azure-SDK-For-Python AZURECLI/2.12.0
    method: GET
    uri: https://management.azure.com/subscriptions/00000000-0000-0000-0000-000000000000/resourcegroups/clitest.rg000001/providers/Microsoft.Media/mediaservices/ams000003/liveeventoperations/b0605df7-61be-49e7-aca5-6bef16fc9a37?api-version=2018-07-01
  response:
    body:
      string: "{\r\n  \"name\":\"b0605df7-61be-49e7-aca5-6bef16fc9a37\",\"status\":\"Succeeded\",\"error\":{\r\n
        \   \"code\":\"None\",\"message\":null,\"target\":\"2b1b8dfb-9f20-42ea-9f39-318559a64b50\"\r\n
        \ }\r\n}"
    headers:
      azure-asyncoperation:
      - https://management.azure.com/subscriptions/00000000-0000-0000-0000-000000000000/resourcegroups/clitest.rg000001/providers/Microsoft.Media/mediaservices/ams000003/liveeventoperations/b0605df7-61be-49e7-aca5-6bef16fc9a37?api-version=2018-07-01
      cache-control:
      - no-cache
      content-length:
      - '171'
      content-type:
      - application/json; odata.metadata=minimal
      date:
      - Fri, 25 Sep 2020 21:43:25 GMT
      expires:
      - '-1'
      odata-version:
      - '4.0'
      pragma:
      - no-cache
      server:
      - Microsoft-HTTPAPI/2.0
      strict-transport-security:
      - max-age=31536000; includeSubDomains
      transfer-encoding:
      - chunked
      vary:
      - Accept-Encoding
      x-content-type-options:
      - nosniff
    status:
      code: 200
      message: OK
- request:
    body: null
    headers:
      Accept:
      - application/json
      Accept-Encoding:
      - gzip, deflate
      CommandName:
      - ams live-event create
      Connection:
      - keep-alive
      ParameterSetName:
      - -a -n -g --ips --streaming-protocol
      User-Agent:
      - python/3.8.2 (Windows-10-10.0.19041-SP0) msrest/0.6.18 msrest_azure/0.6.3
        azure-mgmt-media/2.1.0 Azure-SDK-For-Python AZURECLI/2.12.0
    method: GET
    uri: https://management.azure.com/subscriptions/00000000-0000-0000-0000-000000000000/resourceGroups/clitest.rg000001/providers/Microsoft.Media/mediaservices/ams000003/liveEvents/le000004?api-version=2018-07-01&autoStart=false
  response:
    body:
      string: "{\r\n  \"name\":\"le000004\",\"id\":\"/subscriptions/00000000-0000-0000-0000-000000000000/resourceGroups/clitest.rg000001/providers/Microsoft.Media/mediaservices/ams000003/liveevents/le000004\",\"type\":\"Microsoft.Media/mediaservices/liveevents\",\"location\":\"Southeast
        Asia\",\"tags\":{\r\n    \r\n  },\"properties\":{\r\n    \"description\":\"\",\"resourceState\":\"Stopped\",\"provisioningState\":\"Succeeded\",\"created\":\"2020-09-25T21:43:21.3980735Z\",\"lastModified\":\"2020-09-25T21:43:21.6401017Z\",\"vanityUrl\":false,\"streamOptions\":[\r\n
        \     \r\n    ],\"input\":{\r\n      \"keyFrameIntervalDuration\":\"\",\"streamingProtocol\":\"FragmentedMP4\",\"accessToken\":\"fa6378e53da74e7eadd66baadb7e2b20\",\"endpoints\":[\r\n
        \       \r\n      ],\"accessControl\":{\r\n        \"ip\":{\r\n          \"allow\":[\r\n
        \           {\r\n              \"name\":\"le000004_0.0.0.0\",\"address\":\"0.0.0.0\",\"subnetPrefixLength\":0\r\n
        \           }\r\n          ]\r\n        }\r\n      }\r\n    },\"preview\":{\r\n
        \     \"previewLocator\":\"54a2e5d9-b8cd-4ce0-bbf4-6a632f96b692\",\"streamingPolicyName\":\"Predefined_ClearStreamingOnly\",\"alternativeMediaId\":null,\"accessControl\":{\r\n
        \       \"ip\":{\r\n          \"allow\":[\r\n            \r\n          ]\r\n
        \       }\r\n      },\"endpoints\":[\r\n        \r\n      ]\r\n    },\"encoding\":{\r\n
        \     \"encodingType\":\"None\",\"presetName\":null\r\n    },\"crossSiteAccessPolicies\":{\r\n
        \     \"clientAccessPolicy\":null,\"crossDomainPolicy\":null\r\n    }\r\n
        \ }\r\n}"
    headers:
      cache-control:
      - no-cache
      content-length:
      - '1427'
      content-type:
      - application/json; odata.metadata=minimal
      date:
      - Fri, 25 Sep 2020 21:43:25 GMT
      expires:
      - '-1'
      odata-version:
      - '4.0'
      pragma:
      - no-cache
      server:
      - Microsoft-HTTPAPI/2.0
      strict-transport-security:
      - max-age=31536000; includeSubDomains
      transfer-encoding:
      - chunked
      vary:
      - Accept-Encoding
      x-content-type-options:
      - nosniff
    status:
      code: 200
      message: OK
- request:
    body: '{}'
    headers:
      Accept:
      - application/json
      Accept-Encoding:
      - gzip, deflate
      CommandName:
      - ams asset create
      Connection:
      - keep-alive
      Content-Length:
      - '2'
      Content-Type:
      - application/json; charset=utf-8
      ParameterSetName:
      - -a -n -g
      User-Agent:
      - python/3.8.2 (Windows-10-10.0.19041-SP0) msrest/0.6.18 msrest_azure/0.6.3
        azure-mgmt-media/2.1.0 Azure-SDK-For-Python AZURECLI/2.12.0
      accept-language:
      - en-US
    method: PUT
    uri: https://management.azure.com/subscriptions/00000000-0000-0000-0000-000000000000/resourceGroups/clitest.rg000001/providers/Microsoft.Media/mediaServices/ams000003/assets/asset000005?api-version=2018-07-01
  response:
    body:
      string: "{\r\n  \"name\":\"asset000005\",\"id\":\"/subscriptions/00000000-0000-0000-0000-000000000000/resourceGroups/clitest.rg000001/providers/Microsoft.Media/mediaservices/ams000003/assets/asset000005\",\"type\":\"Microsoft.Media/mediaservices/assets\",\"properties\":{\r\n
        \   \"assetId\":\"42e80f1f-2355-4b91-ba82-bccc41f4aa3b\",\"created\":\"2020-09-25T21:43:27.113Z\",\"lastModified\":\"2020-09-25T21:43:27.113Z\",\"storageAccountName\":\"clitest000002\",\"storageEncryptionFormat\":\"None\"\r\n
        \ }\r\n}"
    headers:
      cache-control:
      - no-cache
      content-length:
      - '532'
      content-type:
      - application/json; odata.metadata=minimal
      date:
      - Fri, 25 Sep 2020 21:43:27 GMT
      expires:
      - '-1'
      odata-version:
      - '4.0'
      pragma:
      - no-cache
      server:
      - Microsoft-HTTPAPI/2.0
      strict-transport-security:
      - max-age=31536000; includeSubDomains
      x-content-type-options:
      - nosniff
      x-ms-ratelimit-remaining-subscription-resource-requests:
      - '11998'
    status:
      code: 201
      message: Created
- request:
    body: '{"properties": {"assetName": "asset000005", "archiveWindowLength": "PT5M",
      "manifestName": "man1000007"}}'
    headers:
      Accept:
      - application/json
      Accept-Encoding:
      - gzip, deflate
      CommandName:
      - ams live-output create
      Connection:
      - keep-alive
      Content-Length:
      - '108'
      Content-Type:
      - application/json; charset=utf-8
      ParameterSetName:
      - -a -n -g --asset-name --live-event-name --archive-window-length --manifest-name
      User-Agent:
      - python/3.8.2 (Windows-10-10.0.19041-SP0) msrest/0.6.18 msrest_azure/0.6.3
        azure-mgmt-media/2.1.0 Azure-SDK-For-Python AZURECLI/2.12.0
      accept-language:
      - en-US
    method: PUT
    uri: https://management.azure.com/subscriptions/00000000-0000-0000-0000-000000000000/resourceGroups/clitest.rg000001/providers/Microsoft.Media/mediaservices/ams000003/liveEvents/le000004/liveOutputs/lo000006?api-version=2018-07-01
  response:
    body:
      string: "{\r\n  \"name\":\"lo000006\",\"id\":\"/subscriptions/00000000-0000-0000-0000-000000000000/resourceGroups/clitest.rg000001/providers/Microsoft.Media/mediaservices/ams000003/liveevents/le000004/liveoutputs/lo000006\",\"type\":\"Microsoft.Media/mediaservices/liveevents/liveoutputs\",\"properties\":{\r\n
        \   \"description\":null,\"assetName\":\"asset000005\",\"archiveWindowLength\":\"PT5M\",\"manifestName\":\"man1000007\",\"outputSnapTime\":0,\"resourceState\":\"Creating\",\"provisioningState\":\"InProgress\",\"created\":\"2020-09-25T21:43:29.6340794Z\",\"lastModified\":\"2020-09-25T21:43:29.6340794Z\",\"hls\":null\r\n
        \ }\r\n}"
    headers:
      azure-asyncoperation:
      - https://management.azure.com/subscriptions/00000000-0000-0000-0000-000000000000/resourcegroups/clitest.rg000001/providers/Microsoft.Media/mediaservices/ams000003/liveoutputoperations/04fcfe8b-b855-4e42-8713-375c90d569ed?api-version=2018-07-01
      cache-control:
      - no-cache
      content-length:
      - '650'
      content-type:
      - application/json; odata.metadata=minimal
      date:
      - Fri, 25 Sep 2020 21:43:30 GMT
      expires:
      - '-1'
      location:
      - https://management.azure.com/subscriptions/00000000-0000-0000-0000-000000000000/resourcegroups/clitest.rg000001/providers/Microsoft.Media/mediaservices/ams000003/liveevents/le000004/liveoutputs/lo000006/operationlocations/04fcfe8b-b855-4e42-8713-375c90d569ed?api-version=2018-07-01
      odata-version:
      - '4.0'
      pragma:
      - no-cache
      server:
      - Microsoft-HTTPAPI/2.0
      strict-transport-security:
      - max-age=31536000; includeSubDomains
      x-content-type-options:
      - nosniff
      x-ms-ratelimit-remaining-subscription-writes:
      - '1196'
    status:
      code: 202
      message: Accepted
- request:
    body: null
    headers:
      Accept:
      - application/json
      Accept-Encoding:
      - gzip, deflate
      CommandName:
      - ams live-output create
      Connection:
      - keep-alive
      ParameterSetName:
      - -a -n -g --asset-name --live-event-name --archive-window-length --manifest-name
      User-Agent:
      - python/3.8.2 (Windows-10-10.0.19041-SP0) msrest/0.6.18 msrest_azure/0.6.3
        azure-mgmt-media/2.1.0 Azure-SDK-For-Python AZURECLI/2.12.0
    method: GET
    uri: https://management.azure.com/subscriptions/00000000-0000-0000-0000-000000000000/resourcegroups/clitest.rg000001/providers/Microsoft.Media/mediaservices/ams000003/liveoutputoperations/04fcfe8b-b855-4e42-8713-375c90d569ed?api-version=2018-07-01
  response:
    body:
      string: "{\r\n  \"name\":\"04fcfe8b-b855-4e42-8713-375c90d569ed\",\"status\":\"Succeeded\",\"error\":{\r\n
        \   \"code\":\"None\",\"message\":null,\"target\":\"2b1b8dfb-9f20-42ea-9f39-318559a64b50\"\r\n
        \ }\r\n}"
    headers:
      azure-asyncoperation:
      - https://management.azure.com/subscriptions/00000000-0000-0000-0000-000000000000/resourcegroups/clitest.rg000001/providers/Microsoft.Media/mediaservices/ams000003/liveoutputoperations/04fcfe8b-b855-4e42-8713-375c90d569ed?api-version=2018-07-01
      cache-control:
      - no-cache
      content-length:
      - '171'
      content-type:
      - application/json; odata.metadata=minimal
      date:
      - Fri, 25 Sep 2020 21:43:33 GMT
      expires:
      - '-1'
      odata-version:
      - '4.0'
      pragma:
      - no-cache
      server:
      - Microsoft-HTTPAPI/2.0
      strict-transport-security:
      - max-age=31536000; includeSubDomains
      transfer-encoding:
      - chunked
      vary:
      - Accept-Encoding
      x-content-type-options:
      - nosniff
    status:
      code: 200
      message: OK
- request:
    body: null
    headers:
      Accept:
      - application/json
      Accept-Encoding:
      - gzip, deflate
      CommandName:
      - ams live-output create
      Connection:
      - keep-alive
      ParameterSetName:
      - -a -n -g --asset-name --live-event-name --archive-window-length --manifest-name
      User-Agent:
      - python/3.8.2 (Windows-10-10.0.19041-SP0) msrest/0.6.18 msrest_azure/0.6.3
        azure-mgmt-media/2.1.0 Azure-SDK-For-Python AZURECLI/2.12.0
    method: GET
    uri: https://management.azure.com/subscriptions/00000000-0000-0000-0000-000000000000/resourceGroups/clitest.rg000001/providers/Microsoft.Media/mediaservices/ams000003/liveEvents/le000004/liveOutputs/lo000006?api-version=2018-07-01
  response:
    body:
      string: "{\r\n  \"name\":\"lo000006\",\"id\":\"/subscriptions/00000000-0000-0000-0000-000000000000/resourceGroups/clitest.rg000001/providers/Microsoft.Media/mediaservices/ams000003/liveevents/le000004/liveoutputs/lo000006\",\"type\":\"Microsoft.Media/mediaservices/liveevents/liveoutputs\",\"properties\":{\r\n
        \   \"description\":null,\"assetName\":\"asset000005\",\"archiveWindowLength\":\"PT5M\",\"manifestName\":\"man1000007\",\"outputSnapTime\":0,\"resourceState\":\"Running\",\"provisioningState\":\"Succeeded\",\"created\":\"2020-09-25T21:43:34.5153588Z\",\"lastModified\":\"2020-09-25T21:43:34.5153588Z\",\"hls\":null\r\n
        \ }\r\n}"
    headers:
      cache-control:
      - no-cache
      content-length:
      - '648'
      content-type:
      - application/json; odata.metadata=minimal
      date:
      - Fri, 25 Sep 2020 21:43:33 GMT
      expires:
      - '-1'
      odata-version:
      - '4.0'
      pragma:
      - no-cache
      server:
      - Microsoft-HTTPAPI/2.0
      strict-transport-security:
      - max-age=31536000; includeSubDomains
      transfer-encoding:
      - chunked
      vary:
      - Accept-Encoding
      x-content-type-options:
      - nosniff
    status:
      code: 200
      message: OK
- request:
    body: null
    headers:
      Accept:
      - application/json
      Accept-Encoding:
      - gzip, deflate
      CommandName:
      - ams live-output show
      Connection:
      - keep-alive
      ParameterSetName:
      - -a -n -g --live-event-name
      User-Agent:
      - python/3.8.2 (Windows-10-10.0.19041-SP0) msrest/0.6.18 msrest_azure/0.6.3
        azure-mgmt-media/2.1.0 Azure-SDK-For-Python AZURECLI/2.12.0
      accept-language:
      - en-US
    method: GET
    uri: https://management.azure.com/subscriptions/00000000-0000-0000-0000-000000000000/resourceGroups/clitest.rg000001/providers/Microsoft.Media/mediaservices/ams000003/liveEvents/le000004/liveOutputs/lo000006?api-version=2018-07-01
  response:
    body:
      string: "{\r\n  \"name\":\"lo000006\",\"id\":\"/subscriptions/00000000-0000-0000-0000-000000000000/resourceGroups/clitest.rg000001/providers/Microsoft.Media/mediaservices/ams000003/liveevents/le000004/liveoutputs/lo000006\",\"type\":\"Microsoft.Media/mediaservices/liveevents/liveoutputs\",\"properties\":{\r\n
        \   \"description\":null,\"assetName\":\"asset000005\",\"archiveWindowLength\":\"PT5M\",\"manifestName\":\"man1000007\",\"outputSnapTime\":0,\"resourceState\":\"Running\",\"provisioningState\":\"Succeeded\",\"created\":\"2020-09-25T21:43:36.2857045Z\",\"lastModified\":\"2020-09-25T21:43:36.2857045Z\",\"hls\":null\r\n
        \ }\r\n}"
    headers:
      cache-control:
      - no-cache
      content-length:
      - '648'
      content-type:
      - application/json; odata.metadata=minimal
      date:
      - Fri, 25 Sep 2020 21:43:36 GMT
      expires:
      - '-1'
      odata-version:
      - '4.0'
      pragma:
      - no-cache
      server:
      - Microsoft-HTTPAPI/2.0
      strict-transport-security:
      - max-age=31536000; includeSubDomains
      transfer-encoding:
      - chunked
      vary:
      - Accept-Encoding
      x-content-type-options:
      - nosniff
    status:
      code: 200
      message: OK
- request:
    body: null
    headers:
      Accept:
      - application/json
      Accept-Encoding:
      - gzip, deflate
      CommandName:
      - ams live-output show
      Connection:
      - keep-alive
      ParameterSetName:
      - -a -n -g --live-event-name
      User-Agent:
      - python/3.8.2 (Windows-10-10.0.19041-SP0) msrest/0.6.18 msrest_azure/0.6.3
        azure-mgmt-media/2.1.0 Azure-SDK-For-Python AZURECLI/2.12.0
      accept-language:
      - en-US
    method: GET
    uri: https://management.azure.com/subscriptions/00000000-0000-0000-0000-000000000000/resourceGroups/clitest.rg000001/providers/Microsoft.Media/mediaservices/ams000003/liveEvents/live-output000008/liveOutputs/lo000006?api-version=2018-07-01
  response:
    body:
      string: '{"error":{"code":"ParentResourceNotFound","message":"Can not perform
        requested operation on nested resource. Parent resource ''ams000003/live-output000008''
        not found."}}'
    headers:
      cache-control:
      - no-cache
      content-length:
      - '174'
      content-type:
      - application/json; charset=utf-8
      date:
      - Fri, 25 Sep 2020 21:43:36 GMT
      expires:
      - '-1'
      pragma:
      - no-cache
      strict-transport-security:
      - max-age=31536000; includeSubDomains
      x-content-type-options:
      - nosniff
      x-ms-failure-cause:
      - gateway
    status:
      code: 404
      message: Not Found
version: 1
