interactions:
- request:
    body: '{"location": "centralus", "identity": {"type": "SystemAssigned"}, "properties":
      {"storageAccounts": [{"id": "/subscriptions/00000000-0000-0000-0000-000000000000/resourceGroups/clitest.rg000001/providers/Microsoft.Storage/storageAccounts/clitest000002",
      "type": "Primary"}]}}'
    headers:
      Accept:
      - application/json
      Accept-Encoding:
      - gzip, deflate
      CommandName:
      - ams account create
      Connection:
      - keep-alive
      Content-Length:
      - '344'
      Content-Type:
      - application/json
      ParameterSetName:
      - -n -g --storage-account -l --mi-system-assigned
      User-Agent:
      - AZURECLI/2.24.2 (MSI) azsdk-python-mgmt-media/7.0.0 Python/3.8.2 (Windows-10-10.0.19041-SP0)
    method: PUT
    uri: https://management.azure.com/subscriptions/00000000-0000-0000-0000-000000000000/resourceGroups/clitest.rg000001/providers/Microsoft.Media/mediaservices/ams000003?api-version=2021-05-01
  response:
    body:
      string: "{\r\n  \"name\":\"ams000003\",\"id\":\"/subscriptions/00000000-0000-0000-0000-000000000000/resourceGroups/clitest.rg000001/providers/Microsoft.Media/mediaservices/ams000003\",\"type\":\"Microsoft.Media/mediaservices\",\"location\":\"Central
        US\",\"properties\":{\r\n    \"mediaServiceId\":\"1d080984-15ff-40af-bf1d-270459490507\",\"storageAccounts\":[\r\n
        \     {\r\n        \"id\":\"/subscriptions/00000000-0000-0000-0000-000000000000/resourceGroups/clitest.rg000001/providers/Microsoft.Storage/storageAccounts/clitest000002\",\"type\":\"Primary\"\r\n
        \     }\r\n    ],\"storageAuthentication\":\"System\",\"encryption\":{\r\n
        \     \"type\":\"SystemKey\"\r\n    },\"keyDelivery\":{\r\n      \"accessControl\":{\r\n
        \       \"defaultAction\":\"Allow\",\"ipAllowList\":[\r\n          \r\n        ]\r\n
        \     }\r\n    }\r\n  },\"systemData\":{\r\n    \"createdBy\":\"phcooper@microsoft.com\",\"createdByType\":\"User\",\"createdAt\":\"2021-06-28T15:51:26.995447Z\",\"lastModifiedBy\":\"phcooper@microsoft.com\",\"lastModifiedByType\":\"User\",\"lastModifiedAt\":\"2021-06-28T15:51:26.995447Z\"\r\n
        \ },\"identity\":{\r\n    \"type\":\"SystemAssigned\",\"principalId\":\"0c7246be-9e15-4a35-8643-80be006e5feb\",\"tenantId\":\"72f988bf-86f1-41af-91ab-2d7cd011db47\"\r\n
        \ }\r\n}"
    headers:
      cache-control:
      - no-cache
      content-length:
      - '1270'
      content-type:
      - application/json; odata.metadata=minimal
      date:
      - Mon, 28 Jun 2021 15:51:29 GMT
      expires:
      - '-1'
      odata-version:
      - '4.0'
      pragma:
      - no-cache
      server:
      - Microsoft-HTTPAPI/2.0
      strict-transport-security:
      - max-age=31536000; includeSubDomains
      x-content-type-options:
      - nosniff
      x-ms-ratelimit-remaining-subscription-writes:
      - '1196'
    status:
      code: 201
      message: Created
- request:
    body: null
    headers:
      Accept:
      - application/json
      Accept-Encoding:
      - gzip, deflate
      CommandName:
      - ams account update
      Connection:
      - keep-alive
      ParameterSetName:
      - -n -g --tags
      User-Agent:
      - AZURECLI/2.24.2 (MSI) azsdk-python-mgmt-media/7.0.0 Python/3.8.2 (Windows-10-10.0.19041-SP0)
    method: GET
    uri: https://management.azure.com/subscriptions/00000000-0000-0000-0000-000000000000/resourceGroups/clitest.rg000001/providers/Microsoft.Media/mediaservices/ams000003?api-version=2021-05-01
  response:
    body:
      string: "{\r\n  \"name\":\"ams000003\",\"id\":\"/subscriptions/00000000-0000-0000-0000-000000000000/resourceGroups/clitest.rg000001/providers/Microsoft.Media/mediaservices/ams000003\",\"type\":\"Microsoft.Media/mediaservices\",\"location\":\"Central
        US\",\"properties\":{\r\n    \"mediaServiceId\":\"1d080984-15ff-40af-bf1d-270459490507\",\"storageAccounts\":[\r\n
        \     {\r\n        \"id\":\"/subscriptions/00000000-0000-0000-0000-000000000000/resourceGroups/clitest.rg000001/providers/Microsoft.Storage/storageAccounts/clitest000002\",\"type\":\"Primary\"\r\n
        \     }\r\n    ],\"storageAuthentication\":\"System\",\"encryption\":{\r\n
        \     \"type\":\"SystemKey\"\r\n    },\"keyDelivery\":{\r\n      \"accessControl\":{\r\n
        \       \"defaultAction\":\"Allow\",\"ipAllowList\":[\r\n          \r\n        ]\r\n
        \     }\r\n    }\r\n  },\"systemData\":{\r\n    \"createdBy\":\"phcooper@microsoft.com\",\"createdByType\":\"User\",\"createdAt\":\"2021-06-28T15:51:26.995447Z\",\"lastModifiedBy\":\"phcooper@microsoft.com\",\"lastModifiedByType\":\"User\",\"lastModifiedAt\":\"2021-06-28T15:51:26.995447Z\"\r\n
        \ },\"identity\":{\r\n    \"type\":\"SystemAssigned\",\"principalId\":\"0c7246be-9e15-4a35-8643-80be006e5feb\",\"tenantId\":\"72f988bf-86f1-41af-91ab-2d7cd011db47\"\r\n
        \ }\r\n}"
    headers:
      cache-control:
      - no-cache
      content-length:
      - '1270'
      content-type:
      - application/json; odata.metadata=minimal
      date:
      - Mon, 28 Jun 2021 15:51:29 GMT
      expires:
      - '-1'
      odata-version:
      - '4.0'
      pragma:
      - no-cache
      server:
      - Microsoft-HTTPAPI/2.0
      strict-transport-security:
      - max-age=31536000; includeSubDomains
      transfer-encoding:
      - chunked
      vary:
      - Accept-Encoding
      x-content-type-options:
      - nosniff
    status:
      code: 200
      message: OK
- request:
    body: '{"tags": {"key": "value"}, "location": "Central US", "identity": {"type":
      "SystemAssigned"}, "properties": {"storageAccounts": [{"id": "/subscriptions/00000000-0000-0000-0000-000000000000/resourceGroups/clitest.rg000001/providers/Microsoft.Storage/storageAccounts/clitest000002",
      "type": "Primary"}], "storageAuthentication": "System", "encryption": {"type":
      "SystemKey"}, "keyDelivery": {"accessControl": {"defaultAction": "Allow", "ipAllowList":
      []}}}}'
    headers:
      Accept:
      - application/json
      Accept-Encoding:
      - gzip, deflate
      CommandName:
      - ams account update
      Connection:
      - keep-alive
      Content-Length:
      - '524'
      Content-Type:
      - application/json
      ParameterSetName:
      - -n -g --tags
      User-Agent:
      - AZURECLI/2.24.2 (MSI) azsdk-python-mgmt-media/7.0.0 Python/3.8.2 (Windows-10-10.0.19041-SP0)
    method: PUT
    uri: https://management.azure.com/subscriptions/00000000-0000-0000-0000-000000000000/resourceGroups/clitest.rg000001/providers/Microsoft.Media/mediaservices/ams000003?api-version=2021-05-01
  response:
    body:
      string: "{\r\n  \"name\":\"ams000003\",\"id\":\"/subscriptions/00000000-0000-0000-0000-000000000000/resourceGroups/clitest.rg000001/providers/Microsoft.Media/mediaservices/ams000003\",\"type\":\"Microsoft.Media/mediaservices\",\"location\":\"Central
        US\",\"tags\":{\r\n    \"key\":\"value\"\r\n  },\"properties\":{\r\n    \"mediaServiceId\":\"1d080984-15ff-40af-bf1d-270459490507\",\"storageAccounts\":[\r\n
        \     {\r\n        \"id\":\"/subscriptions/00000000-0000-0000-0000-000000000000/resourceGroups/clitest.rg000001/providers/Microsoft.Storage/storageAccounts/clitest000002\",\"type\":\"Primary\"\r\n
        \     }\r\n    ],\"storageAuthentication\":\"System\",\"encryption\":{\r\n
        \     \"type\":\"SystemKey\"\r\n    },\"keyDelivery\":{\r\n      \"accessControl\":{\r\n
        \       \"defaultAction\":\"Allow\",\"ipAllowList\":[\r\n          \r\n        ]\r\n
        \     }\r\n    }\r\n  },\"systemData\":{\r\n    \"createdBy\":\"phcooper@microsoft.com\",\"createdByType\":\"User\",\"createdAt\":\"2021-06-28T15:51:26.995447Z\",\"lastModifiedBy\":\"phcooper@microsoft.com\",\"lastModifiedByType\":\"User\",\"lastModifiedAt\":\"2021-06-28T15:51:31.0276647Z\"\r\n
        \ },\"identity\":{\r\n    \"type\":\"SystemAssigned\",\"principalId\":\"0c7246be-9e15-4a35-8643-80be006e5feb\",\"tenantId\":\"72f988bf-86f1-41af-91ab-2d7cd011db47\"\r\n
        \ }\r\n}"
    headers:
      cache-control:
      - no-cache
      content-length:
      - '1304'
      content-type:
      - application/json; odata.metadata=minimal
      date:
      - Mon, 28 Jun 2021 15:51:31 GMT
      expires:
      - '-1'
      odata-version:
      - '4.0'
      pragma:
      - no-cache
      server:
      - Microsoft-HTTPAPI/2.0
      strict-transport-security:
      - max-age=31536000; includeSubDomains
      transfer-encoding:
      - chunked
      vary:
      - Accept-Encoding
      x-content-type-options:
      - nosniff
      x-ms-ratelimit-remaining-subscription-writes:
      - '1194'
    status:
      code: 200
      message: OK
- request:
    body: null
    headers:
      Accept:
      - application/json
      Accept-Encoding:
      - gzip, deflate
      CommandName:
      - ams account list
      Connection:
      - keep-alive
      ParameterSetName:
      - -g
      User-Agent:
      - AZURECLI/2.24.2 (MSI) azsdk-python-mgmt-media/7.0.0 Python/3.8.2 (Windows-10-10.0.19041-SP0)
    method: GET
    uri: https://management.azure.com/subscriptions/00000000-0000-0000-0000-000000000000/resourceGroups/clitest.rg000001/providers/Microsoft.Media/mediaservices?api-version=2021-05-01
  response:
    body:
      string: "{\r\n  \"value\":[\r\n    {\r\n      \"name\":\"ams000003\",\"id\":\"/subscriptions/00000000-0000-0000-0000-000000000000/resourceGroups/clitest.rg000001/providers/Microsoft.Media/mediaservices/ams000003\",\"type\":\"Microsoft.Media/mediaservices\",\"location\":\"Central
        US\",\"tags\":{\r\n        \"key\":\"value\"\r\n      },\"properties\":{\r\n
        \       \"mediaServiceId\":\"1d080984-15ff-40af-bf1d-270459490507\",\"storageAccounts\":[\r\n
        \         {\r\n            \"id\":\"/subscriptions/00000000-0000-0000-0000-000000000000/resourceGroups/clitest.rg000001/providers/Microsoft.Storage/storageAccounts/clitest000002\",\"type\":\"Primary\"\r\n
        \         }\r\n        ],\"storageAuthentication\":\"System\",\"encryption\":{\r\n
        \         \"type\":\"SystemKey\"\r\n        },\"keyDelivery\":{\r\n          \"accessControl\":{\r\n
        \           \"defaultAction\":\"Allow\",\"ipAllowList\":[\r\n              \r\n
        \           ]\r\n          }\r\n        }\r\n      },\"systemData\":{\r\n
        \       \"createdBy\":\"phcooper@microsoft.com\",\"createdByType\":\"User\",\"createdAt\":\"2021-06-28T15:51:26.995447Z\",\"lastModifiedBy\":\"phcooper@microsoft.com\",\"lastModifiedByType\":\"User\",\"lastModifiedAt\":\"2021-06-28T15:51:31.0276647Z\"\r\n
        \     },\"identity\":{\r\n        \"type\":\"SystemAssigned\",\"principalId\":\"0c7246be-9e15-4a35-8643-80be006e5feb\",\"tenantId\":\"72f988bf-86f1-41af-91ab-2d7cd011db47\"\r\n
        \     }\r\n    }\r\n  ]\r\n}"
    headers:
      cache-control:
      - no-cache
      content-length:
      - '1420'
      content-type:
      - application/json; odata.metadata=minimal
      date:
      - Mon, 28 Jun 2021 15:51:32 GMT
      expires:
      - '-1'
      odata-version:
      - '4.0'
      pragma:
      - no-cache
      server:
      - Microsoft-HTTPAPI/2.0
      strict-transport-security:
      - max-age=31536000; includeSubDomains
      transfer-encoding:
      - chunked
      vary:
      - Accept-Encoding
      x-content-type-options:
      - nosniff
    status:
      code: 200
      message: OK
- request:
    body: null
    headers:
      Accept:
      - application/json
      Accept-Encoding:
      - gzip, deflate
      CommandName:
      - ams account show
      Connection:
      - keep-alive
      ParameterSetName:
      - -n -g
      User-Agent:
      - AZURECLI/2.24.2 (MSI) azsdk-python-mgmt-media/7.0.0 Python/3.8.2 (Windows-10-10.0.19041-SP0)
    method: GET
    uri: https://management.azure.com/subscriptions/00000000-0000-0000-0000-000000000000/resourceGroups/clitest.rg000001/providers/Microsoft.Media/mediaservices/ams000003?api-version=2021-05-01
  response:
    body:
      string: "{\r\n  \"name\":\"ams000003\",\"id\":\"/subscriptions/00000000-0000-0000-0000-000000000000/resourceGroups/clitest.rg000001/providers/Microsoft.Media/mediaservices/ams000003\",\"type\":\"Microsoft.Media/mediaservices\",\"location\":\"Central
        US\",\"tags\":{\r\n    \"key\":\"value\"\r\n  },\"properties\":{\r\n    \"mediaServiceId\":\"1d080984-15ff-40af-bf1d-270459490507\",\"storageAccounts\":[\r\n
        \     {\r\n        \"id\":\"/subscriptions/00000000-0000-0000-0000-000000000000/resourceGroups/clitest.rg000001/providers/Microsoft.Storage/storageAccounts/clitest000002\",\"type\":\"Primary\"\r\n
        \     }\r\n    ],\"storageAuthentication\":\"System\",\"encryption\":{\r\n
        \     \"type\":\"SystemKey\"\r\n    },\"keyDelivery\":{\r\n      \"accessControl\":{\r\n
        \       \"defaultAction\":\"Allow\",\"ipAllowList\":[\r\n          \r\n        ]\r\n
        \     }\r\n    }\r\n  },\"systemData\":{\r\n    \"createdBy\":\"phcooper@microsoft.com\",\"createdByType\":\"User\",\"createdAt\":\"2021-06-28T15:51:26.995447Z\",\"lastModifiedBy\":\"phcooper@microsoft.com\",\"lastModifiedByType\":\"User\",\"lastModifiedAt\":\"2021-06-28T15:51:31.0276647Z\"\r\n
        \ },\"identity\":{\r\n    \"type\":\"SystemAssigned\",\"principalId\":\"0c7246be-9e15-4a35-8643-80be006e5feb\",\"tenantId\":\"72f988bf-86f1-41af-91ab-2d7cd011db47\"\r\n
        \ }\r\n}"
    headers:
      cache-control:
      - no-cache
      content-length:
      - '1304'
      content-type:
      - application/json; odata.metadata=minimal
      date:
      - Mon, 28 Jun 2021 15:51:32 GMT
      expires:
      - '-1'
      odata-version:
      - '4.0'
      pragma:
      - no-cache
      server:
      - Microsoft-HTTPAPI/2.0
      strict-transport-security:
      - max-age=31536000; includeSubDomains
      transfer-encoding:
      - chunked
      vary:
      - Accept-Encoding
      x-content-type-options:
      - nosniff
    status:
      code: 200
      message: OK
- request:
    body: null
    headers:
      Accept:
      - application/json
      Accept-Encoding:
      - gzip, deflate
      CommandName:
      - ams account delete
      Connection:
      - keep-alive
      Content-Length:
      - '0'
      ParameterSetName:
      - -n -g
      User-Agent:
      - AZURECLI/2.24.2 (MSI) azsdk-python-mgmt-media/7.0.0 Python/3.8.2 (Windows-10-10.0.19041-SP0)
    method: DELETE
    uri: https://management.azure.com/subscriptions/00000000-0000-0000-0000-000000000000/resourceGroups/clitest.rg000001/providers/Microsoft.Media/mediaservices/ams000003?api-version=2021-05-01
  response:
    body:
      string: ''
    headers:
      cache-control:
      - no-cache
      content-length:
      - '0'
      date:
      - Mon, 28 Jun 2021 15:51:35 GMT
      expires:
      - '-1'
      pragma:
      - no-cache
      server:
      - Microsoft-HTTPAPI/2.0
      strict-transport-security:
      - max-age=31536000; includeSubDomains
      x-content-type-options:
      - nosniff
      x-ms-ratelimit-remaining-subscription-deletes:
      - '14999'
    status:
      code: 200
      message: OK
version: 1
