interactions:
- request:
    body: '{"location": "centralus", "identity": {"type": "SystemAssigned"}, "properties":
      {"storageAccounts": [{"id": "/subscriptions/00000000-0000-0000-0000-000000000000/resourceGroups/clitest.rg000001/providers/Microsoft.Storage/storageAccounts/clitest000002",
      "type": "Primary"}], "keyDelivery": {"accessControl": {"defaultAction": "Allow",
      "ipAllowList": []}}, "publicNetworkAccess": "Enabled"}}'
    headers:
      Accept:
      - application/json
      Accept-Encoding:
      - gzip, deflate
      CommandName:
      - ams account create
      Connection:
      - keep-alive
      Content-Length:
      - '389'
      Content-Type:
      - application/json
      ParameterSetName:
      - -n -g --storage-account -l --mi-system-assigned --default-action
      User-Agent:
      - AZURECLI/2.34.1 azsdk-python-mgmt-media/9.0.0 Python/3.9.5 (Windows-10-10.0.22000-SP0)
    method: PUT
    uri: https://management.azure.com/subscriptions/00000000-0000-0000-0000-000000000000/resourceGroups/clitest.rg000001/providers/Microsoft.Media/mediaservices/ams000003?api-version=2021-06-01
  response:
    body:
      string: "{\r\n  \"name\":\"ams000003\",\"id\":\"/subscriptions/00000000-0000-0000-0000-000000000000/resourceGroups/clitest.rg000001/providers/Microsoft.Media/mediaservices/ams000003\",\"type\":\"Microsoft.Media/mediaservices\",\"location\":\"Central
        US\",\"properties\":{\r\n    \"mediaServiceId\":\"08ca8daf-6215-4abd-9c1c-ef880aa5783f\",\"storageAccounts\":[\r\n
        \     {\r\n        \"id\":\"/subscriptions/00000000-0000-0000-0000-000000000000/resourceGroups/clitest.rg000001/providers/Microsoft.Storage/storageAccounts/clitest000002\",\"type\":\"Primary\"\r\n
        \     }\r\n    ],\"storageAuthentication\":\"System\",\"encryption\":{\r\n
        \     \"type\":\"SystemKey\"\r\n    },\"keyDelivery\":{\r\n      \"accessControl\":{\r\n
        \       \"defaultAction\":\"Allow\",\"ipAllowList\":[\r\n          \r\n        ]\r\n
        \     }\r\n    },\"publicNetworkAccess\":\"Enabled\"\r\n  },\"systemData\":{\r\n
        \   \"createdBy\":\"hivyas@microsoft.com\",\"createdByType\":\"User\",\"createdAt\":\"2022-04-13T23:26:54.9576176Z\",\"lastModifiedBy\":\"hivyas@microsoft.com\",\"lastModifiedByType\":\"User\",\"lastModifiedAt\":\"2022-04-13T23:26:54.9576176Z\"\r\n
        \ },\"identity\":{\r\n    \"type\":\"SystemAssigned\",\"principalId\":\"0c7ed559-b305-4c7f-9af7-83a7382d86cf\",\"tenantId\":\"72f988bf-86f1-41af-91ab-2d7cd011db47\"\r\n
        \ }\r\n}"
    headers:
      cache-control:
      - no-cache
      content-length:
      - '1165'
      content-type:
      - application/json; odata.metadata=minimal
      date:
      - Wed, 13 Apr 2022 23:26:56 GMT
      expires:
      - '-1'
      odata-version:
      - '4.0'
      pragma:
      - no-cache
      server:
      - Microsoft-HTTPAPI/2.0
      strict-transport-security:
      - max-age=31536000; includeSubDomains
      x-content-type-options:
      - nosniff
      x-ms-ratelimit-remaining-subscription-writes:
      - '1198'
    status:
      code: 201
      message: Created
- request:
    body: null
    headers:
      Accept:
      - application/json
      Accept-Encoding:
      - gzip, deflate
      CommandName:
      - ams account identity remove
      Connection:
      - keep-alive
      ParameterSetName:
      - -n -g --system-assigned
      User-Agent:
      - AZURECLI/2.34.1 azsdk-python-mgmt-media/9.0.0 Python/3.9.5 (Windows-10-10.0.22000-SP0)
    method: GET
    uri: https://management.azure.com/subscriptions/00000000-0000-0000-0000-000000000000/resourceGroups/clitest.rg000001/providers/Microsoft.Media/mediaservices/ams000003?api-version=2021-06-01
  response:
    body:
      string: "{\r\n  \"name\":\"ams000003\",\"id\":\"/subscriptions/00000000-0000-0000-0000-000000000000/resourceGroups/clitest.rg000001/providers/Microsoft.Media/mediaservices/ams000003\",\"type\":\"Microsoft.Media/mediaservices\",\"location\":\"Central
        US\",\"properties\":{\r\n    \"mediaServiceId\":\"08ca8daf-6215-4abd-9c1c-ef880aa5783f\",\"storageAccounts\":[\r\n
        \     {\r\n        \"id\":\"/subscriptions/00000000-0000-0000-0000-000000000000/resourceGroups/clitest.rg000001/providers/Microsoft.Storage/storageAccounts/clitest000002\",\"type\":\"Primary\"\r\n
        \     }\r\n    ],\"storageAuthentication\":\"System\",\"encryption\":{\r\n
        \     \"type\":\"SystemKey\"\r\n    },\"keyDelivery\":{\r\n      \"accessControl\":{\r\n
        \       \"defaultAction\":\"Allow\",\"ipAllowList\":[\r\n          \r\n        ]\r\n
        \     }\r\n    },\"publicNetworkAccess\":\"Enabled\"\r\n  },\"systemData\":{\r\n
        \   \"createdBy\":\"hivyas@microsoft.com\",\"createdByType\":\"User\",\"createdAt\":\"2022-04-13T23:26:54.9576176Z\",\"lastModifiedBy\":\"hivyas@microsoft.com\",\"lastModifiedByType\":\"User\",\"lastModifiedAt\":\"2022-04-13T23:26:54.9576176Z\"\r\n
        \ },\"identity\":{\r\n    \"type\":\"SystemAssigned\",\"principalId\":\"0c7ed559-b305-4c7f-9af7-83a7382d86cf\",\"tenantId\":\"72f988bf-86f1-41af-91ab-2d7cd011db47\"\r\n
        \ }\r\n}"
    headers:
      cache-control:
      - no-cache
      content-length:
      - '1165'
      content-type:
      - application/json; odata.metadata=minimal
      date:
      - Wed, 13 Apr 2022 23:26:56 GMT
      expires:
      - '-1'
      odata-version:
      - '4.0'
      pragma:
      - no-cache
      server:
      - Microsoft-HTTPAPI/2.0
      strict-transport-security:
      - max-age=31536000; includeSubDomains
      transfer-encoding:
      - chunked
      vary:
      - Accept-Encoding
      x-content-type-options:
      - nosniff
    status:
      code: 200
      message: OK
- request:
    body: '{"location": "Central US", "identity": {"type": "None"}, "properties":
      {"storageAccounts": [{"id": "/subscriptions/00000000-0000-0000-0000-000000000000/resourceGroups/clitest.rg000001/providers/Microsoft.Storage/storageAccounts/clitest000002",
      "type": "Primary"}], "storageAuthentication": "System", "encryption": {"type":
      "SystemKey"}, "keyDelivery": {"accessControl": {"defaultAction": "Allow", "ipAllowList":
      []}}, "publicNetworkAccess": "Enabled"}}'
    headers:
      Accept:
      - application/json
      Accept-Encoding:
      - gzip, deflate
      CommandName:
      - ams account identity remove
      Connection:
      - keep-alive
      Content-Length:
      - '452'
      Content-Type:
      - application/json
      ParameterSetName:
      - -n -g --system-assigned
      User-Agent:
      - AZURECLI/2.34.1 azsdk-python-mgmt-media/9.0.0 Python/3.9.5 (Windows-10-10.0.22000-SP0)
    method: PUT
    uri: https://management.azure.com/subscriptions/00000000-0000-0000-0000-000000000000/resourceGroups/clitest.rg000001/providers/Microsoft.Media/mediaservices/ams000003?api-version=2021-06-01
  response:
    body:
      string: "{\r\n  \"name\":\"ams000003\",\"id\":\"/subscriptions/00000000-0000-0000-0000-000000000000/resourceGroups/clitest.rg000001/providers/Microsoft.Media/mediaservices/ams000003\",\"type\":\"Microsoft.Media/mediaservices\",\"location\":\"Central
        US\",\"properties\":{\r\n    \"mediaServiceId\":\"08ca8daf-6215-4abd-9c1c-ef880aa5783f\",\"storageAccounts\":[\r\n
        \     {\r\n        \"id\":\"/subscriptions/00000000-0000-0000-0000-000000000000/resourceGroups/clitest.rg000001/providers/Microsoft.Storage/storageAccounts/clitest000002\",\"type\":\"Primary\"\r\n
        \     }\r\n    ],\"storageAuthentication\":\"System\",\"encryption\":{\r\n
        \     \"type\":\"SystemKey\"\r\n    },\"keyDelivery\":{\r\n      \"accessControl\":{\r\n
        \       \"defaultAction\":\"Allow\",\"ipAllowList\":[\r\n          \r\n        ]\r\n
        \     }\r\n    },\"publicNetworkAccess\":\"Enabled\"\r\n  },\"systemData\":{\r\n
        \   \"createdBy\":\"hivyas@microsoft.com\",\"createdByType\":\"User\",\"createdAt\":\"2022-04-13T23:26:54.9576176Z\",\"lastModifiedBy\":\"hivyas@microsoft.com\",\"lastModifiedByType\":\"User\",\"lastModifiedAt\":\"2022-04-13T23:26:57.6759633Z\"\r\n
        \ },\"identity\":{\r\n    \"type\":\"None\"\r\n  }\r\n}"
    headers:
      cache-control:
      - no-cache
      content-length:
      - '1052'
      content-type:
      - application/json; odata.metadata=minimal
      date:
      - Wed, 13 Apr 2022 23:26:58 GMT
      expires:
      - '-1'
      odata-version:
      - '4.0'
      pragma:
      - no-cache
      server:
      - Microsoft-HTTPAPI/2.0
      strict-transport-security:
      - max-age=31536000; includeSubDomains
      transfer-encoding:
      - chunked
      vary:
      - Accept-Encoding
      x-content-type-options:
      - nosniff
      x-ms-ratelimit-remaining-subscription-writes:
      - '1198'
    status:
      code: 200
      message: OK
- request:
    body: '{"location": "centralus"}'
    headers:
      Accept:
      - application/json
      Accept-Encoding:
      - gzip, deflate
      CommandName:
      - identity create
      Connection:
      - keep-alive
      Content-Length:
      - '25'
      Content-Type:
      - application/json; charset=utf-8
      ParameterSetName:
      - -n -g -l
      User-Agent:
      - python/3.9.5 (Windows-10-10.0.22000-SP0) msrest/0.6.21 msrest_azure/0.6.4
        azure-mgmt-msi/0.2.0 Azure-SDK-For-Python AZURECLI/2.34.1
      accept-language:
      - en-US
    method: PUT
    uri: https://management.azure.com/subscriptions/00000000-0000-0000-0000-000000000000/resourceGroups/clitest.rg000001/providers/Microsoft.ManagedIdentity/userAssignedIdentities/userId000004?api-version=2018-11-30
  response:
    body:
      string: '{"id":"/subscriptions/00000000-0000-0000-0000-000000000000/resourcegroups/clitest.rg000001/providers/Microsoft.ManagedIdentity/userAssignedIdentities/userId000004","name":"userId000004","type":"Microsoft.ManagedIdentity/userAssignedIdentities","location":"centralus","tags":{},"properties":{"tenantId":"72f988bf-86f1-41af-91ab-2d7cd011db47","principalId":"bf014148-cea7-4c55-a6e1-067319d6da92","clientId":"3d13ce80-b92a-4afc-bc41-6ecf5fd1909f","clientSecretUrl":"https://control-centralus.identity.azure.net/subscriptions/00000000-0000-0000-0000-000000000000/resourcegroups/clitest.rg000001/providers/Microsoft.ManagedIdentity/userAssignedIdentities/userId000004/credentials?tid=72f988bf-86f1-41af-91ab-2d7cd011db47&oid=bf014148-cea7-4c55-a6e1-067319d6da92&aid=3d13ce80-b92a-4afc-bc41-6ecf5fd1909f"}}'
    headers:
      cache-control:
      - no-cache
      content-length:
      - '800'
      content-type:
      - application/json; charset=utf-8
      date:
      - Wed, 13 Apr 2022 23:27:00 GMT
      expires:
      - '-1'
      location:
      - /subscriptions/00000000-0000-0000-0000-000000000000/resourcegroups/clitest.rg000001/providers/Microsoft.ManagedIdentity/userAssignedIdentities/userId000004
      pragma:
      - no-cache
      strict-transport-security:
      - max-age=31536000; includeSubDomains
      x-content-type-options:
      - nosniff
      x-ms-ratelimit-remaining-subscription-writes:
      - '1199'
    status:
      code: 201
      message: Created
- request:
    body: null
    headers:
      Accept:
      - application/json
      Accept-Encoding:
      - gzip, deflate
      CommandName:
      - ams account identity assign
      Connection:
      - keep-alive
      ParameterSetName:
      - -n -g --user-assigned
      User-Agent:
      - AZURECLI/2.34.1 azsdk-python-mgmt-media/9.0.0 Python/3.9.5 (Windows-10-10.0.22000-SP0)
    method: GET
    uri: https://management.azure.com/subscriptions/00000000-0000-0000-0000-000000000000/resourceGroups/clitest.rg000001/providers/Microsoft.Media/mediaservices/ams000003?api-version=2021-06-01
  response:
    body:
      string: "{\r\n  \"name\":\"ams000003\",\"id\":\"/subscriptions/00000000-0000-0000-0000-000000000000/resourceGroups/clitest.rg000001/providers/Microsoft.Media/mediaservices/ams000003\",\"type\":\"Microsoft.Media/mediaservices\",\"location\":\"Central
        US\",\"properties\":{\r\n    \"mediaServiceId\":\"08ca8daf-6215-4abd-9c1c-ef880aa5783f\",\"storageAccounts\":[\r\n
        \     {\r\n        \"id\":\"/subscriptions/00000000-0000-0000-0000-000000000000/resourceGroups/clitest.rg000001/providers/Microsoft.Storage/storageAccounts/clitest000002\",\"type\":\"Primary\"\r\n
        \     }\r\n    ],\"storageAuthentication\":\"System\",\"encryption\":{\r\n
        \     \"type\":\"SystemKey\"\r\n    },\"keyDelivery\":{\r\n      \"accessControl\":{\r\n
        \       \"defaultAction\":\"Allow\",\"ipAllowList\":[\r\n          \r\n        ]\r\n
        \     }\r\n    },\"publicNetworkAccess\":\"Enabled\"\r\n  },\"systemData\":{\r\n
        \   \"createdBy\":\"hivyas@microsoft.com\",\"createdByType\":\"User\",\"createdAt\":\"2022-04-13T23:26:54.9576176Z\",\"lastModifiedBy\":\"hivyas@microsoft.com\",\"lastModifiedByType\":\"User\",\"lastModifiedAt\":\"2022-04-13T23:26:57.6759633Z\"\r\n
        \ },\"identity\":{\r\n    \"type\":\"None\"\r\n  }\r\n}"
    headers:
      cache-control:
      - no-cache
      content-length:
      - '1052'
      content-type:
      - application/json; odata.metadata=minimal
      date:
      - Wed, 13 Apr 2022 23:27:01 GMT
      expires:
      - '-1'
      odata-version:
      - '4.0'
      pragma:
      - no-cache
      server:
      - Microsoft-HTTPAPI/2.0
      strict-transport-security:
      - max-age=31536000; includeSubDomains
      transfer-encoding:
      - chunked
      vary:
      - Accept-Encoding
      x-content-type-options:
      - nosniff
    status:
      code: 200
      message: OK
- request:
    body: '{"identity": {"type": "UserAssigned", "userAssignedIdentities": {"/subscriptions/00000000-0000-0000-0000-000000000000/resourceGroups/clitest.rg000001/providers/Microsoft.ManagedIdentity/userAssignedIdentities/userId000004":
      {}}}}'
    headers:
      Accept:
      - application/json
      Accept-Encoding:
      - gzip, deflate
      CommandName:
      - ams account identity assign
      Connection:
      - keep-alive
      Content-Length:
      - '229'
      Content-Type:
      - application/json
      ParameterSetName:
      - -n -g --user-assigned
      User-Agent:
      - AZURECLI/2.34.1 azsdk-python-mgmt-media/9.0.0 Python/3.9.5 (Windows-10-10.0.22000-SP0)
    method: PATCH
    uri: https://management.azure.com/subscriptions/00000000-0000-0000-0000-000000000000/resourceGroups/clitest.rg000001/providers/Microsoft.Media/mediaservices/ams000003?api-version=2021-06-01
  response:
    body:
      string: "{\r\n  \"name\":\"ams000003\",\"id\":\"/subscriptions/00000000-0000-0000-0000-000000000000/resourceGroups/clitest.rg000001/providers/Microsoft.Media/mediaservices/ams000003\",\"type\":\"Microsoft.Media/mediaservices\",\"location\":\"Central
        US\",\"properties\":{\r\n    \"mediaServiceId\":\"08ca8daf-6215-4abd-9c1c-ef880aa5783f\",\"storageAccounts\":[\r\n
        \     {\r\n        \"id\":\"/subscriptions/00000000-0000-0000-0000-000000000000/resourceGroups/clitest.rg000001/providers/Microsoft.Storage/storageAccounts/clitest000002\",\"type\":\"Primary\"\r\n
        \     }\r\n    ],\"storageAuthentication\":\"System\",\"encryption\":{\r\n
        \     \"type\":\"SystemKey\"\r\n    },\"keyDelivery\":{\r\n      \"accessControl\":{\r\n
        \       \"defaultAction\":\"Allow\",\"ipAllowList\":[\r\n          \r\n        ]\r\n
        \     }\r\n    },\"publicNetworkAccess\":\"Enabled\"\r\n  },\"systemData\":{\r\n
        \   \"createdBy\":\"hivyas@microsoft.com\",\"createdByType\":\"User\",\"createdAt\":\"2022-04-13T23:26:54.9576176Z\",\"lastModifiedBy\":\"hivyas@microsoft.com\",\"lastModifiedByType\":\"User\",\"lastModifiedAt\":\"2022-04-13T23:27:02.9658841Z\"\r\n
        \ },\"identity\":{\r\n    \"type\":\"UserAssigned\",\"userAssignedIdentities\":{\r\n
        \     \"/subscriptions/00000000-0000-0000-0000-000000000000/resourceGroups/clitest.rg000001/providers/Microsoft.ManagedIdentity/userAssignedIdentities/userId000004\":{\"clientId\":\"3d13ce80-b92a-4afc-bc41-6ecf5fd1909f\",\"principalId\":\"bf014148-cea7-4c55-a6e1-067319d6da92\"}\r\n
        \   }\r\n  }\r\n}"
    headers:
      cache-control:
      - no-cache
      content-length:
      - '1364'
      content-type:
      - application/json; odata.metadata=minimal
      date:
      - Wed, 13 Apr 2022 23:27:03 GMT
      expires:
      - '-1'
      odata-version:
      - '4.0'
      pragma:
      - no-cache
      server:
      - Microsoft-HTTPAPI/2.0
      strict-transport-security:
      - max-age=31536000; includeSubDomains
      transfer-encoding:
      - chunked
      vary:
      - Accept-Encoding
      x-content-type-options:
      - nosniff
      x-ms-ratelimit-remaining-subscription-writes:
      - '1198'
    status:
      code: 200
      message: OK
- request:
    body: null
    headers:
      Accept:
      - application/json
      Accept-Encoding:
      - gzip, deflate
      CommandName:
      - ams account delete
      Connection:
      - keep-alive
      Content-Length:
      - '0'
      ParameterSetName:
      - -n -g
      User-Agent:
      - AZURECLI/2.34.1 azsdk-python-mgmt-media/9.0.0 Python/3.9.5 (Windows-10-10.0.22000-SP0)
    method: DELETE
    uri: https://management.azure.com/subscriptions/00000000-0000-0000-0000-000000000000/resourceGroups/clitest.rg000001/providers/Microsoft.Media/mediaservices/ams000003?api-version=2021-06-01
  response:
    body:
      string: ''
    headers:
      cache-control:
      - no-cache
      content-length:
      - '0'
      date:
      - Wed, 13 Apr 2022 23:27:08 GMT
      expires:
      - '-1'
      pragma:
      - no-cache
      server:
      - Microsoft-HTTPAPI/2.0
      strict-transport-security:
      - max-age=31536000; includeSubDomains
      x-content-type-options:
      - nosniff
      x-ms-ratelimit-remaining-subscription-deletes:
      - '14999'
    status:
      code: 200
      message: OK
version: 1
