interactions:
- request:
    body: 'b''b\''{"location": "eastus", "properties": {"storageAccounts": [{"id":
      "/subscriptions/00000000-0000-0000-0000-000000000000/resourceGroups/clitest.rg000001/providers/Microsoft.Storage/storageAccounts/clitest000002",
      "type": "Primary"}]}}\'''''
    headers:
      Accept:
      - application/json
      Accept-Encoding:
      - gzip, deflate
      CommandName:
      - ams account create
      Connection:
      - keep-alive
      Content-Length:
      - '301'
      Content-Type:
      - application/json; charset=utf-8
      ParameterSetName:
      - -n -g --storage-account -l
      User-Agent:
      - python/3.8.2 (Windows-10-10.0.19041-SP0) msrest/0.6.9 msrest_azure/0.6.3 azure-mgmt-media/2.1.0
        Azure-SDK-For-Python AZURECLI/2.7.0
      accept-language:
      - en-US
    method: PUT
    uri: https://management.azure.com/subscriptions/00000000-0000-0000-0000-000000000000/resourceGroups/clitest.rg000001/providers/Microsoft.Media/mediaservices/ams000003?api-version=2018-07-01
  response:
    body:
      string: "{\r\n  \"name\":\"ams000003\",\"id\":\"/subscriptions/00000000-0000-0000-0000-000000000000/resourceGroups/clitest.rg000001/providers/Microsoft.Media/mediaservices/ams000003\",\"type\":\"Microsoft.Media/mediaservices\",\"location\":\"East
        US\",\"properties\":{\r\n    \"mediaServiceId\":\"52efd15e-b29e-47dc-b0e0-3722e40b63c7\",\"storageAccounts\":[\r\n
        \     {\r\n        \"id\":\"/subscriptions/00000000-0000-0000-0000-000000000000/resourceGroups/clitest.rg000001/providers/Microsoft.Storage/storageAccounts/clitest000002\",\"type\":\"Primary\"\r\n
        \     }\r\n    ]\r\n  }\r\n}"
    headers:
      cache-control:
      - no-cache
      content-length:
      - '663'
      content-type:
      - application/json; odata.metadata=minimal
      date:
      - Mon, 20 Jul 2020 20:32:30 GMT
      expires:
      - '-1'
      odata-version:
      - '4.0'
      pragma:
      - no-cache
      server:
      - Microsoft-HTTPAPI/2.0
      strict-transport-security:
      - max-age=31536000; includeSubDomains
      x-content-type-options:
      - nosniff
      x-ms-ratelimit-remaining-subscription-writes:
      - '1199'
    status:
      code: 201
      message: Created
- request:
    body: '{"properties": {"description": "ExampleDescription", "options": [{"name":
      "pon000005", "configuration": {"@odata.type": "#Microsoft.Media.ContentKeyPolicyClearKeyConfiguration"},
      "restriction": {"@odata.type": "#Microsoft.Media.ContentKeyPolicyOpenRestriction"}}]}}'
    headers:
      Accept:
      - application/json
      Accept-Encoding:
      - gzip, deflate
      CommandName:
      - ams content-key-policy create
      Connection:
      - keep-alive
      Content-Length:
      - '268'
      Content-Type:
      - application/json; charset=utf-8
      ParameterSetName:
      - -a -n -g --description --clear-key-configuration --open-restriction --policy-option-name
      User-Agent:
      - python/3.8.2 (Windows-10-10.0.19041-SP0) msrest/0.6.9 msrest_azure/0.6.3 azure-mgmt-media/2.1.0
        Azure-SDK-For-Python AZURECLI/2.7.0
      accept-language:
      - en-US
    method: PUT
    uri: https://management.azure.com/subscriptions/00000000-0000-0000-0000-000000000000/resourceGroups/clitest.rg000001/providers/Microsoft.Media/mediaServices/ams000003/contentKeyPolicies/pn000004?api-version=2018-07-01
  response:
    body:
      string: "{\r\n  \"name\":\"pn000004\",\"id\":\"/subscriptions/00000000-0000-0000-0000-000000000000/resourceGroups/clitest.rg000001/providers/Microsoft.Media/mediaservices/ams000003/contentKeyPolicies/pn000004\",\"type\":\"Microsoft.Media/mediaservices/contentKeyPolicies\",\"properties\":{\r\n
        \   \"policyId\":\"31d73390-abcd-401a-bbb8-8d432a68c80f\",\"created\":\"2020-07-20T20:32:31.797Z\",\"lastModified\":\"2020-07-20T20:32:31.797Z\",\"description\":\"ExampleDescription\",\"options\":[\r\n
        \     {\r\n        \"policyOptionId\":\"f560d4a7-4ab2-4dc4-adf2-6f5741b6baf5\",\"name\":\"pon000005\",\"configuration\":{\r\n
        \         \"@odata.type\":\"#Microsoft.Media.ContentKeyPolicyClearKeyConfiguration\"\r\n
        \       },\"restriction\":{\r\n          \"@odata.type\":\"#Microsoft.Media.ContentKeyPolicyOpenRestriction\"\r\n
        \       }\r\n      }\r\n    ]\r\n  }\r\n}"
    headers:
      cache-control:
      - no-cache
      content-length:
      - '849'
      content-type:
      - application/json; odata.metadata=minimal
      date:
      - Mon, 20 Jul 2020 20:32:32 GMT
      expires:
      - '-1'
      odata-version:
      - '4.0'
      pragma:
      - no-cache
      server:
      - Microsoft-HTTPAPI/2.0
      strict-transport-security:
      - max-age=31536000; includeSubDomains
      transfer-encoding:
      - chunked
      vary:
      - Accept-Encoding
      x-content-type-options:
      - nosniff
      x-ms-ratelimit-remaining-subscription-writes:
      - '1198'
    status:
      code: 200
      message: OK
- request:
    body: null
    headers:
      Accept:
      - application/json
      Accept-Encoding:
      - gzip, deflate
      CommandName:
      - ams content-key-policy list
      Connection:
      - keep-alive
      ParameterSetName:
      - -a -g
      User-Agent:
      - python/3.8.2 (Windows-10-10.0.19041-SP0) msrest/0.6.9 msrest_azure/0.6.3 azure-mgmt-media/2.1.0
        Azure-SDK-For-Python AZURECLI/2.7.0
      accept-language:
      - en-US
    method: GET
    uri: https://management.azure.com/subscriptions/00000000-0000-0000-0000-000000000000/resourceGroups/clitest.rg000001/providers/Microsoft.Media/mediaServices/ams000003/contentKeyPolicies?api-version=2018-07-01
  response:
    body:
      string: "{\r\n  \"value\":[\r\n    {\r\n      \"name\":\"pn000004\",\"id\":\"/subscriptions/00000000-0000-0000-0000-000000000000/resourceGroups/clitest.rg000001/providers/Microsoft.Media/mediaservices/ams000003/contentKeyPolicies/pn000004\",\"type\":\"Microsoft.Media/mediaservices/contentKeyPolicies\",\"properties\":{\r\n
        \       \"policyId\":\"31d73390-abcd-401a-bbb8-8d432a68c80f\",\"created\":\"2020-07-20T20:32:31.797Z\",\"lastModified\":\"2020-07-20T20:32:31.797Z\",\"description\":\"ExampleDescription\",\"options\":[\r\n
        \         {\r\n            \"policyOptionId\":\"f560d4a7-4ab2-4dc4-adf2-6f5741b6baf5\",\"name\":\"pon000005\",\"configuration\":{\r\n
        \             \"@odata.type\":\"#Microsoft.Media.ContentKeyPolicyClearKeyConfiguration\"\r\n
        \           },\"restriction\":{\r\n              \"@odata.type\":\"#Microsoft.Media.ContentKeyPolicyOpenRestriction\"\r\n
        \           }\r\n          }\r\n        ]\r\n      }\r\n    }\r\n  ]\r\n}"
    headers:
      cache-control:
      - no-cache
      content-length:
      - '925'
      content-type:
      - application/json; odata.metadata=minimal
      date:
      - Mon, 20 Jul 2020 20:32:31 GMT
      expires:
      - '-1'
      odata-version:
      - '4.0'
      pragma:
      - no-cache
      server:
      - Microsoft-HTTPAPI/2.0
      strict-transport-security:
      - max-age=31536000; includeSubDomains
      transfer-encoding:
      - chunked
      vary:
      - Accept-Encoding
      x-content-type-options:
      - nosniff
    status:
      code: 200
      message: OK
- request:
    body: null
    headers:
      Accept:
      - application/json
      Accept-Encoding:
      - gzip, deflate
      CommandName:
      - ams content-key-policy delete
      Connection:
      - keep-alive
      Content-Length:
      - '0'
      ParameterSetName:
      - -a -g -n
      User-Agent:
      - python/3.8.2 (Windows-10-10.0.19041-SP0) msrest/0.6.9 msrest_azure/0.6.3 azure-mgmt-media/2.1.0
        Azure-SDK-For-Python AZURECLI/2.7.0
      accept-language:
      - en-US
    method: DELETE
    uri: https://management.azure.com/subscriptions/00000000-0000-0000-0000-000000000000/resourceGroups/clitest.rg000001/providers/Microsoft.Media/mediaServices/ams000003/contentKeyPolicies/pn000004?api-version=2018-07-01
  response:
    body:
      string: ''
    headers:
      cache-control:
      - no-cache
      content-length:
      - '0'
      date:
      - Mon, 20 Jul 2020 20:32:32 GMT
      expires:
      - '-1'
      pragma:
      - no-cache
      server:
      - Microsoft-HTTPAPI/2.0
      strict-transport-security:
      - max-age=31536000; includeSubDomains
      x-content-type-options:
      - nosniff
      x-ms-ratelimit-remaining-subscription-deletes:
      - '14999'
    status:
      code: 200
      message: OK
- request:
    body: null
    headers:
      Accept:
      - application/json
      Accept-Encoding:
      - gzip, deflate
      CommandName:
      - ams content-key-policy list
      Connection:
      - keep-alive
      ParameterSetName:
      - -a -g
      User-Agent:
      - python/3.8.2 (Windows-10-10.0.19041-SP0) msrest/0.6.9 msrest_azure/0.6.3 azure-mgmt-media/2.1.0
        Azure-SDK-For-Python AZURECLI/2.7.0
      accept-language:
      - en-US
    method: GET
    uri: https://management.azure.com/subscriptions/00000000-0000-0000-0000-000000000000/resourceGroups/clitest.rg000001/providers/Microsoft.Media/mediaServices/ams000003/contentKeyPolicies?api-version=2018-07-01
  response:
    body:
      string: "{\r\n  \"value\":[\r\n    \r\n  ]\r\n}"
    headers:
      cache-control:
      - no-cache
      content-length:
      - '28'
      content-type:
      - application/json; odata.metadata=minimal
      date:
      - Mon, 20 Jul 2020 20:32:33 GMT
      expires:
      - '-1'
      odata-version:
      - '4.0'
      pragma:
      - no-cache
      server:
      - Microsoft-HTTPAPI/2.0
      strict-transport-security:
      - max-age=31536000; includeSubDomains
      transfer-encoding:
      - chunked
      vary:
      - Accept-Encoding
      x-content-type-options:
      - nosniff
    status:
      code: 200
      message: OK
version: 1
