interactions:
- request:
    body: '{"location": "brazilsouth", "identity": {"type": "None"}, "properties":
      {"storageAccounts": [{"id": "/subscriptions/00000000-0000-0000-0000-000000000000/resourceGroups/clitest.rg000001/providers/Microsoft.Storage/storageAccounts/clitest000002",
      "type": "Primary"}]}}'
    headers:
      Accept:
      - application/json
      Accept-Encoding:
      - gzip, deflate
      CommandName:
      - ams account create
      Connection:
      - keep-alive
      Content-Length:
      - '336'
      Content-Type:
      - application/json
      ParameterSetName:
      - -n -g --storage-account -l
      User-Agent:
      - AZURECLI/2.24.2 (MSI) azsdk-python-mgmt-media/7.0.0 Python/3.8.2 (Windows-10-10.0.19041-SP0)
    method: PUT
    uri: https://management.azure.com/subscriptions/00000000-0000-0000-0000-000000000000/resourceGroups/clitest.rg000001/providers/Microsoft.Media/mediaservices/ams000003?api-version=2021-05-01
  response:
    body:
      string: "{\r\n  \"name\":\"ams000003\",\"id\":\"/subscriptions/00000000-0000-0000-0000-000000000000/resourceGroups/clitest.rg000001/providers/Microsoft.Media/mediaservices/ams000003\",\"type\":\"Microsoft.Media/mediaservices\",\"location\":\"Brazil
        South\",\"properties\":{\r\n    \"mediaServiceId\":\"89b6d5f4-e504-48e4-b3dd-937701a11e7c\",\"storageAccounts\":[\r\n
        \     {\r\n        \"id\":\"/subscriptions/00000000-0000-0000-0000-000000000000/resourceGroups/clitest.rg000001/providers/Microsoft.Storage/storageAccounts/clitest000002\",\"type\":\"Primary\"\r\n
        \     }\r\n    ],\"storageAuthentication\":\"System\",\"encryption\":{\r\n
        \     \"type\":\"SystemKey\"\r\n    },\"keyDelivery\":{\r\n      \"accessControl\":{\r\n
        \       \"defaultAction\":\"Allow\",\"ipAllowList\":[\r\n          \r\n        ]\r\n
        \     }\r\n    }\r\n  },\"systemData\":{\r\n    \"createdBy\":\"phcooper@microsoft.com\",\"createdByType\":\"User\",\"createdAt\":\"2021-07-30T18:58:15.7588472Z\",\"lastModifiedBy\":\"phcooper@microsoft.com\",\"lastModifiedByType\":\"User\",\"lastModifiedAt\":\"2021-07-30T18:58:15.7588472Z\"\r\n
        \ },\"identity\":{\r\n    \"type\":\"None\"\r\n  }\r\n}"
    headers:
      cache-control:
      - no-cache
      content-length:
      - '1161'
      content-type:
      - application/json; odata.metadata=minimal
      date:
      - Fri, 30 Jul 2021 18:58:22 GMT
      expires:
      - '-1'
      odata-version:
      - '4.0'
      pragma:
      - no-cache
      server:
      - Microsoft-HTTPAPI/2.0
      strict-transport-security:
      - max-age=31536000; includeSubDomains
      x-content-type-options:
      - nosniff
      x-ms-ratelimit-remaining-subscription-writes:
      - '1198'
    status:
      code: 201
      message: Created
- request:
    body: null
    headers:
      Accept:
      - application/json
      Accept-Encoding:
      - gzip, deflate
      CommandName:
      - ams account storage add
      Connection:
      - keep-alive
      ParameterSetName:
      - -a -g -n
      User-Agent:
      - AZURECLI/2.24.2 (MSI) azsdk-python-mgmt-media/7.0.0 Python/3.8.2 (Windows-10-10.0.19041-SP0)
    method: GET
    uri: https://management.azure.com/subscriptions/00000000-0000-0000-0000-000000000000/resourceGroups/clitest.rg000001/providers/Microsoft.Media/mediaservices/ams000003?api-version=2021-05-01
  response:
    body:
      string: "{\r\n  \"name\":\"ams000003\",\"id\":\"/subscriptions/00000000-0000-0000-0000-000000000000/resourceGroups/clitest.rg000001/providers/Microsoft.Media/mediaservices/ams000003\",\"type\":\"Microsoft.Media/mediaservices\",\"location\":\"Brazil
        South\",\"properties\":{\r\n    \"mediaServiceId\":\"89b6d5f4-e504-48e4-b3dd-937701a11e7c\",\"storageAccounts\":[\r\n
        \     {\r\n        \"id\":\"/subscriptions/00000000-0000-0000-0000-000000000000/resourceGroups/clitest.rg000001/providers/Microsoft.Storage/storageAccounts/clitest000002\",\"type\":\"Primary\"\r\n
        \     }\r\n    ],\"storageAuthentication\":\"System\",\"encryption\":{\r\n
        \     \"type\":\"SystemKey\"\r\n    },\"keyDelivery\":{\r\n      \"accessControl\":{\r\n
        \       \"defaultAction\":\"Allow\",\"ipAllowList\":[\r\n          \r\n        ]\r\n
        \     }\r\n    }\r\n  },\"systemData\":{\r\n    \"createdBy\":\"phcooper@microsoft.com\",\"createdByType\":\"User\",\"createdAt\":\"2021-07-30T18:58:15.7588472Z\",\"lastModifiedBy\":\"phcooper@microsoft.com\",\"lastModifiedByType\":\"User\",\"lastModifiedAt\":\"2021-07-30T18:58:15.7588472Z\"\r\n
        \ },\"identity\":{\r\n    \"type\":\"None\"\r\n  }\r\n}"
    headers:
      cache-control:
      - no-cache
      content-length:
      - '1161'
      content-type:
      - application/json; odata.metadata=minimal
      date:
      - Fri, 30 Jul 2021 18:58:22 GMT
      expires:
      - '-1'
      odata-version:
      - '4.0'
      pragma:
      - no-cache
      server:
      - Microsoft-HTTPAPI/2.0
      strict-transport-security:
      - max-age=31536000; includeSubDomains
      transfer-encoding:
      - chunked
      vary:
      - Accept-Encoding
      x-content-type-options:
      - nosniff
    status:
      code: 200
      message: OK
- request:
    body: '{"location": "Brazil South", "identity": {"type": "None"}, "properties":
      {"storageAccounts": [{"id": "/subscriptions/00000000-0000-0000-0000-000000000000/resourceGroups/clitest.rg000001/providers/Microsoft.Storage/storageAccounts/clitest000002",
      "type": "Primary"}]}}'
    headers:
      Accept:
      - application/json
      Accept-Encoding:
      - gzip, deflate
      CommandName:
      - ams account storage add
      Connection:
      - keep-alive
      Content-Length:
      - '337'
      Content-Type:
      - application/json
      ParameterSetName:
      - -a -g -n
      User-Agent:
      - AZURECLI/2.24.2 (MSI) azsdk-python-mgmt-media/7.0.0 Python/3.8.2 (Windows-10-10.0.19041-SP0)
    method: PUT
    uri: https://management.azure.com/subscriptions/00000000-0000-0000-0000-000000000000/resourceGroups/clitest.rg000001/providers/Microsoft.Media/mediaservices/ams000003?api-version=2021-05-01
  response:
    body:
      string: "{\r\n  \"name\":\"ams000003\",\"id\":\"/subscriptions/00000000-0000-0000-0000-000000000000/resourceGroups/clitest.rg000001/providers/Microsoft.Media/mediaservices/ams000003\",\"type\":\"Microsoft.Media/mediaservices\",\"location\":\"Brazil
        South\",\"properties\":{\r\n    \"mediaServiceId\":\"89b6d5f4-e504-48e4-b3dd-937701a11e7c\",\"storageAccounts\":[\r\n
        \     {\r\n        \"id\":\"/subscriptions/00000000-0000-0000-0000-000000000000/resourceGroups/clitest.rg000001/providers/Microsoft.Storage/storageAccounts/clitest000002\",\"type\":\"Primary\"\r\n
        \     }\r\n    ],\"storageAuthentication\":\"System\",\"encryption\":{\r\n
        \     \"type\":\"SystemKey\"\r\n    },\"keyDelivery\":{\r\n      \"accessControl\":{\r\n
        \       \"defaultAction\":\"Allow\",\"ipAllowList\":[\r\n          \r\n        ]\r\n
        \     }\r\n    }\r\n  },\"systemData\":{\r\n    \"createdBy\":\"phcooper@microsoft.com\",\"createdByType\":\"User\",\"createdAt\":\"2021-07-30T18:58:15.7588472Z\",\"lastModifiedBy\":\"phcooper@microsoft.com\",\"lastModifiedByType\":\"User\",\"lastModifiedAt\":\"2021-07-30T18:58:23.8506652Z\"\r\n
        \ },\"identity\":{\r\n    \"type\":\"None\"\r\n  }\r\n}"
    headers:
      cache-control:
      - no-cache
      content-length:
      - '1161'
      content-type:
      - application/json; odata.metadata=minimal
      date:
      - Fri, 30 Jul 2021 18:58:24 GMT
      expires:
      - '-1'
      odata-version:
      - '4.0'
      pragma:
      - no-cache
      server:
      - Microsoft-HTTPAPI/2.0
      strict-transport-security:
      - max-age=31536000; includeSubDomains
      transfer-encoding:
      - chunked
      vary:
      - Accept-Encoding
      x-content-type-options:
      - nosniff
      x-ms-ratelimit-remaining-subscription-writes:
      - '1198'
    status:
      code: 200
      message: OK
- request:
    body: '{"properties": {"alternateId": "aid000006", "description": "desc000007",
      "container": "cont000004", "storageAccountName": "clitest000002"}}'
    headers:
      Accept:
      - application/json
      Accept-Encoding:
      - gzip, deflate
      CommandName:
      - ams asset create
      Connection:
      - keep-alive
      Content-Length:
      - '153'
      Content-Type:
      - application/json
      ParameterSetName:
      - -a -n -g --description --alternate-id --storage-account --container
      User-Agent:
      - AZURECLI/2.24.2 (MSI) azsdk-python-mgmt-media/7.0.0 Python/3.8.2 (Windows-10-10.0.19041-SP0)
    method: PUT
    uri: https://management.azure.com/subscriptions/00000000-0000-0000-0000-000000000000/resourceGroups/clitest.rg000001/providers/Microsoft.Media/mediaServices/ams000003/assets/asset000005?api-version=2020-05-01
  response:
    body:
      string: "{\r\n  \"name\":\"asset000005\",\"id\":\"/subscriptions/00000000-0000-0000-0000-000000000000/resourceGroups/clitest.rg000001/providers/Microsoft.Media/mediaservices/ams000003/assets/asset000005\",\"type\":\"Microsoft.Media/mediaservices/assets\",\"properties\":{\r\n
        \   \"assetId\":\"31568229-5b6e-4269-83df-ff1ab69c273e\",\"created\":\"2021-07-30T18:58:26.747Z\",\"lastModified\":\"2021-07-30T18:58:26.747Z\",\"alternateId\":\"aid000006\",\"description\":\"desc000007\",\"container\":\"cont000004\",\"storageAccountName\":\"clitest000002\",\"storageEncryptionFormat\":\"None\"\r\n
        \ }\r\n}"
    headers:
      cache-control:
      - no-cache
      content-length:
      - '613'
      content-type:
      - application/json; odata.metadata=minimal
      date:
      - Fri, 30 Jul 2021 18:58:27 GMT
      expires:
      - '-1'
      odata-version:
      - '4.0'
      pragma:
      - no-cache
      server:
      - Microsoft-HTTPAPI/2.0
      strict-transport-security:
      - max-age=31536000; includeSubDomains
      x-content-type-options:
      - nosniff
      x-ms-ratelimit-remaining-subscription-resource-requests:
      - '11999'
    status:
      code: 201
      message: Created
- request:
    body: '{"properties": {"presentationTimeRange": {"startTimestamp": 40000000, "endTimestamp":
      100000000, "presentationWindowDuration": 1200000000, "liveBackoffDuration":
      60, "timescale": 10000000, "forceEndTimestamp": false}, "firstQuality": {"bitrate":
      420}, "tracks": [{"trackSelections": [{"property": "FourCC", "value": "AVC1",
      "operation": "Equal"}]}, {"trackSelections": [{"property": "Unknown", "value":
      "EC-3", "operation": "NotEqual"}, {"property": "FourCC", "value": "MP4A", "operation":
      "Equal"}]}]}}'
    headers:
      Accept:
      - application/json
      Accept-Encoding:
      - gzip, deflate
      CommandName:
      - ams asset-filter create
      Connection:
      - keep-alive
      Content-Length:
      - '503'
      Content-Type:
      - application/json
      ParameterSetName:
      - -a --asset-name -g -n --first-quality --end-timestamp --live-backoff-duration
        --presentation-window-duration --start-timestamp --timescale --tracks
      User-Agent:
      - AZURECLI/2.24.2 (MSI) azsdk-python-mgmt-media/7.0.0 Python/3.8.2 (Windows-10-10.0.19041-SP0)
    method: PUT
    uri: https://management.azure.com/subscriptions/00000000-0000-0000-0000-000000000000/resourceGroups/clitest.rg000001/providers/Microsoft.Media/mediaServices/ams000003/assets/asset000005/assetFilters/filter000008?api-version=2020-05-01
  response:
    body:
      string: "{\r\n  \"name\":\"filter000008\",\"id\":\"/subscriptions/00000000-0000-0000-0000-000000000000/resourceGroups/clitest.rg000001/providers/Microsoft.Media/mediaservices/ams000003/assets/asset000005/assetFilters/filter000008\",\"type\":\"Microsoft.Media/mediaservices/assets/assetFilters\",\"properties\":{\r\n
        \   \"presentationTimeRange\":{\r\n      \"startTimestamp\":40000000,\"endTimestamp\":100000000,\"presentationWindowDuration\":1200000000,\"liveBackoffDuration\":60,\"timescale\":10000000,\"forceEndTimestamp\":false\r\n
        \   },\"firstQuality\":{\r\n      \"bitrate\":420\r\n    },\"tracks\":[\r\n
        \     {\r\n        \"trackSelections\":[\r\n          {\r\n            \"property\":\"FourCC\",\"value\":\"AVC1\",\"operation\":\"Equal\"\r\n
        \         }\r\n        ]\r\n      },{\r\n        \"trackSelections\":[\r\n
        \         {\r\n            \"property\":\"Unknown\",\"value\":\"EC-3\",\"operation\":\"NotEqual\"\r\n
        \         },{\r\n            \"property\":\"FourCC\",\"value\":\"MP4A\",\"operation\":\"Equal\"\r\n
        \         }\r\n        ]\r\n      }\r\n    ]\r\n  }\r\n}"
    headers:
      cache-control:
      - no-cache
      content-length:
      - '1012'
      content-type:
      - application/json; odata.metadata=minimal
      date:
      - Fri, 30 Jul 2021 18:58:30 GMT
      expires:
      - '-1'
      odata-version:
      - '4.0'
      pragma:
      - no-cache
      server:
      - Microsoft-HTTPAPI/2.0
      strict-transport-security:
      - max-age=31536000; includeSubDomains
      x-content-type-options:
      - nosniff
      x-ms-ratelimit-remaining-subscription-writes:
      - '1197'
    status:
      code: 201
      message: Created
- request:
    body: null
    headers:
      Accept:
      - application/json
      Accept-Encoding:
      - gzip, deflate
      CommandName:
      - ams asset-filter show
      Connection:
      - keep-alive
      ParameterSetName:
      - -a --asset-name -g -n
      User-Agent:
      - AZURECLI/2.24.2 (MSI) azsdk-python-mgmt-media/7.0.0 Python/3.8.2 (Windows-10-10.0.19041-SP0)
    method: GET
    uri: https://management.azure.com/subscriptions/00000000-0000-0000-0000-000000000000/resourceGroups/clitest.rg000001/providers/Microsoft.Media/mediaServices/ams000003/assets/asset000005/assetFilters/filter000008?api-version=2020-05-01
  response:
    body:
      string: "{\r\n  \"name\":\"filter000008\",\"id\":\"/subscriptions/00000000-0000-0000-0000-000000000000/resourceGroups/clitest.rg000001/providers/Microsoft.Media/mediaservices/ams000003/assets/asset000005/assetFilters/filter000008\",\"type\":\"Microsoft.Media/mediaservices/assets/assetFilters\",\"properties\":{\r\n
        \   \"presentationTimeRange\":{\r\n      \"startTimestamp\":40000000,\"endTimestamp\":100000000,\"presentationWindowDuration\":1200000000,\"liveBackoffDuration\":60,\"timescale\":10000000,\"forceEndTimestamp\":false\r\n
        \   },\"firstQuality\":{\r\n      \"bitrate\":420\r\n    },\"tracks\":[\r\n
        \     {\r\n        \"trackSelections\":[\r\n          {\r\n            \"property\":\"FourCC\",\"value\":\"AVC1\",\"operation\":\"Equal\"\r\n
        \         }\r\n        ]\r\n      },{\r\n        \"trackSelections\":[\r\n
        \         {\r\n            \"property\":\"Unknown\",\"value\":\"EC-3\",\"operation\":\"NotEqual\"\r\n
        \         },{\r\n            \"property\":\"FourCC\",\"value\":\"MP4A\",\"operation\":\"Equal\"\r\n
        \         }\r\n        ]\r\n      }\r\n    ]\r\n  }\r\n}"
    headers:
      cache-control:
      - no-cache
      content-length:
      - '1012'
      content-type:
      - application/json; odata.metadata=minimal
      date:
      - Fri, 30 Jul 2021 18:58:32 GMT
      expires:
      - '-1'
      odata-version:
      - '4.0'
      pragma:
      - no-cache
      server:
      - Microsoft-HTTPAPI/2.0
      strict-transport-security:
      - max-age=31536000; includeSubDomains
      transfer-encoding:
      - chunked
      vary:
      - Accept-Encoding
      x-content-type-options:
      - nosniff
    status:
      code: 200
      message: OK
- request:
    body: null
    headers:
      Accept:
      - application/json
      Accept-Encoding:
      - gzip, deflate
      CommandName:
      - ams asset-filter show
      Connection:
      - keep-alive
      ParameterSetName:
      - -a --asset-name -g -n
      User-Agent:
      - AZURECLI/2.24.2 (MSI) azsdk-python-mgmt-media/7.0.0 Python/3.8.2 (Windows-10-10.0.19041-SP0)
    method: GET
    uri: https://management.azure.com/subscriptions/00000000-0000-0000-0000-000000000000/resourceGroups/clitest.rg000001/providers/Microsoft.Media/mediaServices/ams000003/assets/asset000005/assetFilters/asset-filter000009?api-version=2020-05-01
  response:
    body:
      string: "{\r\n  \"error\": {\r\n    \"code\": \"NotFound\",\r\n    \"message\":
        \"The requested resource was not found.\"\r\n  }\r\n}"
    headers:
      cache-control:
      - no-cache
      content-language:
      - en-US
      content-length:
      - '104'
      content-type:
      - application/json; charset=utf-8
      date:
      - Fri, 30 Jul 2021 18:58:35 GMT
      expires:
      - '-1'
      pragma:
      - no-cache
      server:
      - Microsoft-HTTPAPI/2.0
      strict-transport-security:
      - max-age=31536000; includeSubDomains
      x-content-type-options:
      - nosniff
    status:
      code: 404
      message: Not Found
version: 1
