interactions:
- request:
    body: '{"location": "westindia", "properties": {"storageAccounts": [{"id": "/subscriptions/00000000-0000-0000-0000-000000000000/resourceGroups/clitest.rg000001/providers/Microsoft.Storage/storageAccounts/clitest000002",
      "type": "Primary"}], "keyDelivery": {"accessControl": {"defaultAction": "Allow",
      "ipAllowList": []}}, "publicNetworkAccess": "Enabled"}}'
    headers:
      Accept:
      - application/json
      Accept-Encoding:
      - gzip, deflate
      CommandName:
      - ams account create
      Connection:
      - keep-alive
      Content-Length:
      - '349'
      Content-Type:
      - application/json
      ParameterSetName:
      - -n -g --storage-account -l
      User-Agent:
      - AZURECLI/2.34.1 azsdk-python-mgmt-media/9.0.0 Python/3.9.5 (Windows-10-10.0.22000-SP0)
    method: PUT
    uri: https://management.azure.com/subscriptions/00000000-0000-0000-0000-000000000000/resourceGroups/clitest.rg000001/providers/Microsoft.Media/mediaservices/ams000003?api-version=2021-06-01
  response:
    body:
      string: "{\r\n  \"name\":\"ams000003\",\"id\":\"/subscriptions/00000000-0000-0000-0000-000000000000/resourceGroups/clitest.rg000001/providers/Microsoft.Media/mediaservices/ams000003\",\"type\":\"Microsoft.Media/mediaservices\",\"location\":\"West
        India\",\"properties\":{\r\n    \"mediaServiceId\":\"faee512c-76a4-4847-af4e-74fa81fc837c\",\"storageAccounts\":[\r\n
        \     {\r\n        \"id\":\"/subscriptions/00000000-0000-0000-0000-000000000000/resourceGroups/clitest.rg000001/providers/Microsoft.Storage/storageAccounts/clitest000002\",\"type\":\"Primary\"\r\n
        \     }\r\n    ],\"storageAuthentication\":\"System\",\"encryption\":{\r\n
        \     \"type\":\"SystemKey\"\r\n    },\"keyDelivery\":{\r\n      \"accessControl\":{\r\n
        \       \"defaultAction\":\"Allow\",\"ipAllowList\":[\r\n          \r\n        ]\r\n
        \     }\r\n    },\"publicNetworkAccess\":\"Enabled\"\r\n  },\"systemData\":{\r\n
        \   \"createdBy\":\"hivyas@microsoft.com\",\"createdByType\":\"User\",\"createdAt\":\"2022-04-13T23:32:37.2651372Z\",\"lastModifiedBy\":\"hivyas@microsoft.com\",\"lastModifiedByType\":\"User\",\"lastModifiedAt\":\"2022-04-13T23:32:37.2651372Z\"\r\n
        \ }\r\n}"
    headers:
      cache-control:
      - no-cache
      content-length:
      - '1015'
      content-type:
      - application/json; odata.metadata=minimal
      date:
      - Wed, 13 Apr 2022 23:32:43 GMT
      expires:
      - '-1'
      odata-version:
      - '4.0'
      pragma:
      - no-cache
      server:
      - Microsoft-HTTPAPI/2.0
      strict-transport-security:
      - max-age=31536000; includeSubDomains
      x-content-type-options:
      - nosniff
      x-ms-ratelimit-remaining-subscription-writes:
      - '1199'
    status:
      code: 201
      message: Created
- request:
    body: null
    headers:
      Accept:
      - application/json
      Accept-Encoding:
      - gzip, deflate
      CommandName:
      - ams live-event create
      Connection:
      - keep-alive
      ParameterSetName:
      - -a -n -g --ips --streaming-protocol
      User-Agent:
      - AZURECLI/2.34.1 azsdk-python-mgmt-media/9.0.0 Python/3.9.5 (Windows-10-10.0.22000-SP0)
    method: GET
    uri: https://management.azure.com/subscriptions/00000000-0000-0000-0000-000000000000/resourceGroups/clitest.rg000001/providers/Microsoft.Media/mediaservices/ams000003?api-version=2021-06-01
  response:
    body:
      string: "{\r\n  \"name\":\"ams000003\",\"id\":\"/subscriptions/00000000-0000-0000-0000-000000000000/resourceGroups/clitest.rg000001/providers/Microsoft.Media/mediaservices/ams000003\",\"type\":\"Microsoft.Media/mediaservices\",\"location\":\"West
        India\",\"properties\":{\r\n    \"mediaServiceId\":\"faee512c-76a4-4847-af4e-74fa81fc837c\",\"storageAccounts\":[\r\n
        \     {\r\n        \"id\":\"/subscriptions/00000000-0000-0000-0000-000000000000/resourceGroups/clitest.rg000001/providers/Microsoft.Storage/storageAccounts/clitest000002\",\"type\":\"Primary\"\r\n
        \     }\r\n    ],\"storageAuthentication\":\"System\",\"encryption\":{\r\n
        \     \"type\":\"SystemKey\"\r\n    },\"keyDelivery\":{\r\n      \"accessControl\":{\r\n
        \       \"defaultAction\":\"Allow\",\"ipAllowList\":[\r\n          \r\n        ]\r\n
        \     }\r\n    },\"publicNetworkAccess\":\"Enabled\"\r\n  },\"systemData\":{\r\n
        \   \"createdBy\":\"hivyas@microsoft.com\",\"createdByType\":\"User\",\"createdAt\":\"2022-04-13T23:32:37.2651372Z\",\"lastModifiedBy\":\"hivyas@microsoft.com\",\"lastModifiedByType\":\"User\",\"lastModifiedAt\":\"2022-04-13T23:32:37.2651372Z\"\r\n
        \ }\r\n}"
    headers:
      cache-control:
      - no-cache
      content-length:
      - '1015'
      content-type:
      - application/json; odata.metadata=minimal
      date:
      - Wed, 13 Apr 2022 23:32:45 GMT
      expires:
      - '-1'
      odata-version:
      - '4.0'
      pragma:
      - no-cache
      server:
      - Microsoft-HTTPAPI/2.0
      strict-transport-security:
      - max-age=31536000; includeSubDomains
      transfer-encoding:
      - chunked
      vary:
      - Accept-Encoding
      x-content-type-options:
      - nosniff
    status:
      code: 200
      message: OK
- request:
    body: '{"location": "West India", "properties": {"input": {"streamingProtocol":
      "FragmentedMP4", "accessControl": {"ip": {"allow": [{"name": "le000004_0.0.0.0",
      "address": "0.0.0.0", "subnetPrefixLength": 0}]}}}, "preview": {"accessControl":
      {"ip": {"allow": []}}}, "encoding": {}, "transcriptions": [], "crossSiteAccessPolicies":
      {}, "useStaticHostname": false}}'
    headers:
      Accept:
      - application/json
      Accept-Encoding:
      - gzip, deflate
      CommandName:
      - ams live-event create
      Connection:
      - keep-alive
      Content-Length:
      - '356'
      Content-Type:
      - application/json
      ParameterSetName:
      - -a -n -g --ips --streaming-protocol
      User-Agent:
      - AZURECLI/2.34.1 azsdk-python-mgmt-media/9.0.0 Python/3.9.5 (Windows-10-10.0.22000-SP0)
    method: PUT
    uri: https://management.azure.com/subscriptions/00000000-0000-0000-0000-000000000000/resourceGroups/clitest.rg000001/providers/Microsoft.Media/mediaservices/ams000003/liveEvents/le000004?api-version=2021-11-01&autoStart=false
  response:
    body:
      string: "{\r\n  \"name\":\"le000004\",\"id\":\"/subscriptions/00000000-0000-0000-0000-000000000000/resourceGroups/clitest.rg000001/providers/Microsoft.Media/mediaservices/ams000003/liveevents/le000004\",\"type\":\"Microsoft.Media/mediaservices/liveevents\",\"location\":\"West
        India\",\"tags\":{\r\n    \r\n  },\"properties\":{\r\n    \"description\":\"\",\"resourceState\":\"Stopped\",\"provisioningState\":\"InProgress\",\"created\":\"2022-04-13T23:32:48.7895909Z\",\"lastModified\":\"2022-04-13T23:32:48.7895909Z\",\"useStaticHostname\":false,\"streamOptions\":[\r\n
        \     \r\n    ],\"input\":{\r\n      \"keyFrameIntervalDuration\":\"\",\"streamingProtocol\":\"FragmentedMP4\",\"accessToken\":\"b320485151d0427b96c257d9d2a227e3\",\"endpoints\":[\r\n
        \       \r\n      ],\"accessControl\":{\r\n        \"ip\":{\r\n          \"allow\":[\r\n
        \           {\r\n              \"name\":\"le000004_0.0.0.0\",\"address\":\"0.0.0.0\",\"subnetPrefixLength\":0\r\n
        \           }\r\n          ]\r\n        }\r\n      }\r\n    },\"preview\":{\r\n
        \     \"previewLocator\":\"402681b4-4cb0-428e-a004-4071ac66008e\",\"streamingPolicyName\":\"Predefined_ClearStreamingOnly\",\"alternativeMediaId\":null,\"accessControl\":{\r\n
        \       \"ip\":{\r\n          \"allow\":[\r\n            \r\n          ]\r\n
        \       }\r\n      },\"endpoints\":[\r\n        \r\n      ]\r\n    },\"encoding\":{\r\n
        \     \"encodingType\":\"None\",\"presetName\":null,\"stretchMode\":null,\"keyFrameInterval\":null\r\n
        \   },\"crossSiteAccessPolicies\":{\r\n      \"clientAccessPolicy\":null,\"crossDomainPolicy\":null\r\n
        \   },\"hostnamePrefix\":null,\"transcriptions\":[\r\n      \r\n    ]\r\n
        \ },\"systemData\":{\r\n    \"createdBy\":\"hivyas@microsoft.com\",\"createdByType\":\"User\",\"createdAt\":\"2022-04-13T23:32:45.9770752Z\",\"lastModifiedBy\":\"hivyas@microsoft.com\",\"lastModifiedByType\":\"User\",\"lastModifiedAt\":\"2022-04-13T23:32:45.9770752Z\"\r\n
        \ }\r\n}"
    headers:
      azure-asyncoperation:
      - https://management.azure.com/subscriptions/00000000-0000-0000-0000-000000000000/resourcegroups/clitest.rg000001/providers/Microsoft.Media/mediaservices/ams000003/liveeventoperations/11c1ad56-401f-4a24-a80a-7f8a5fc98ee1?api-version=2021-11-01
      cache-control:
      - no-cache
      content-length:
      - '1699'
      content-type:
      - application/json; odata.metadata=minimal
      date:
      - Wed, 13 Apr 2022 23:32:48 GMT
      expires:
      - '-1'
      location:
      - https://management.azure.com/subscriptions/00000000-0000-0000-0000-000000000000/resourcegroups/clitest.rg000001/providers/Microsoft.Media/mediaservices/ams000003/liveevents/le000004/operationlocations/11c1ad56-401f-4a24-a80a-7f8a5fc98ee1?api-version=2021-11-01
      odata-version:
      - '4.0'
      pragma:
      - no-cache
      server:
      - Microsoft-HTTPAPI/2.0
      strict-transport-security:
      - max-age=31536000; includeSubDomains
      x-content-type-options:
      - nosniff
      x-ms-ratelimit-remaining-subscription-writes:
      - '1199'
    status:
      code: 201
      message: Created
- request:
    body: null
    headers:
      Accept:
      - '*/*'
      Accept-Encoding:
      - gzip, deflate
      CommandName:
      - ams live-event create
      Connection:
      - keep-alive
      ParameterSetName:
      - -a -n -g --ips --streaming-protocol
      User-Agent:
      - AZURECLI/2.34.1 azsdk-python-mgmt-media/9.0.0 Python/3.9.5 (Windows-10-10.0.22000-SP0)
    method: GET
    uri: https://management.azure.com/subscriptions/00000000-0000-0000-0000-000000000000/resourcegroups/clitest.rg000001/providers/Microsoft.Media/mediaservices/ams000003/liveeventoperations/11c1ad56-401f-4a24-a80a-7f8a5fc98ee1?api-version=2021-11-01
  response:
    body:
      string: "{\r\n  \"name\":\"11c1ad56-401f-4a24-a80a-7f8a5fc98ee1\",\"status\":\"Succeeded\",\"error\":{\r\n
        \   \"code\":\"None\",\"message\":null,\"target\":\"58e87f46-f78b-44d5-b13c-8c1f4113acbd\"\r\n
        \ }\r\n}"
    headers:
      azure-asyncoperation:
      - https://management.azure.com/subscriptions/00000000-0000-0000-0000-000000000000/resourcegroups/clitest.rg000001/providers/Microsoft.Media/mediaservices/ams000003/liveeventoperations/11c1ad56-401f-4a24-a80a-7f8a5fc98ee1?api-version=2021-11-01
      cache-control:
      - no-cache
      content-length:
      - '171'
      content-type:
      - application/json; odata.metadata=minimal
      date:
      - Wed, 13 Apr 2022 23:32:51 GMT
      expires:
      - '-1'
      odata-version:
      - '4.0'
      pragma:
      - no-cache
      server:
      - Microsoft-HTTPAPI/2.0
      strict-transport-security:
      - max-age=31536000; includeSubDomains
      transfer-encoding:
      - chunked
      vary:
      - Accept-Encoding
      x-content-type-options:
      - nosniff
    status:
      code: 200
      message: OK
- request:
    body: null
    headers:
      Accept:
      - '*/*'
      Accept-Encoding:
      - gzip, deflate
      CommandName:
      - ams live-event create
      Connection:
      - keep-alive
      ParameterSetName:
      - -a -n -g --ips --streaming-protocol
      User-Agent:
      - AZURECLI/2.34.1 azsdk-python-mgmt-media/9.0.0 Python/3.9.5 (Windows-10-10.0.22000-SP0)
    method: GET
    uri: https://management.azure.com/subscriptions/00000000-0000-0000-0000-000000000000/resourceGroups/clitest.rg000001/providers/Microsoft.Media/mediaservices/ams000003/liveEvents/le000004?api-version=2021-11-01&autoStart=false
  response:
    body:
      string: "{\r\n  \"name\":\"le000004\",\"id\":\"/subscriptions/00000000-0000-0000-0000-000000000000/resourceGroups/clitest.rg000001/providers/Microsoft.Media/mediaservices/ams000003/liveevents/le000004\",\"type\":\"Microsoft.Media/mediaservices/liveevents\",\"location\":\"West
        India\",\"tags\":{\r\n    \r\n  },\"properties\":{\r\n    \"description\":\"\",\"resourceState\":\"Stopped\",\"provisioningState\":\"Succeeded\",\"created\":\"2022-04-13T23:32:48.7960737Z\",\"lastModified\":\"2022-04-13T23:32:51.1024466Z\",\"useStaticHostname\":false,\"streamOptions\":[\r\n
        \     \r\n    ],\"input\":{\r\n      \"keyFrameIntervalDuration\":\"\",\"streamingProtocol\":\"FragmentedMP4\",\"accessToken\":\"b320485151d0427b96c257d9d2a227e3\",\"endpoints\":[\r\n
        \       \r\n      ],\"accessControl\":{\r\n        \"ip\":{\r\n          \"allow\":[\r\n
        \           {\r\n              \"name\":\"le000004_0.0.0.0\",\"address\":\"0.0.0.0\",\"subnetPrefixLength\":0\r\n
        \           }\r\n          ]\r\n        }\r\n      }\r\n    },\"preview\":{\r\n
        \     \"previewLocator\":\"402681b4-4cb0-428e-a004-4071ac66008e\",\"streamingPolicyName\":\"Predefined_ClearStreamingOnly\",\"alternativeMediaId\":null,\"accessControl\":{\r\n
        \       \"ip\":{\r\n          \"allow\":[\r\n            \r\n          ]\r\n
        \       }\r\n      },\"endpoints\":[\r\n        \r\n      ]\r\n    },\"encoding\":{\r\n
        \     \"encodingType\":\"None\",\"presetName\":null,\"stretchMode\":null,\"keyFrameInterval\":null\r\n
        \   },\"crossSiteAccessPolicies\":{\r\n      \"clientAccessPolicy\":null,\"crossDomainPolicy\":null\r\n
        \   },\"hostnamePrefix\":null,\"transcriptions\":[\r\n      \r\n    ]\r\n
        \ },\"systemData\":{\r\n    \"createdBy\":\"hivyas@microsoft.com\",\"createdByType\":\"User\",\"createdAt\":\"2022-04-13T23:32:45.9770752Z\",\"lastModifiedBy\":\"hivyas@microsoft.com\",\"lastModifiedByType\":\"User\",\"lastModifiedAt\":\"2022-04-13T23:32:45.9770752Z\"\r\n
        \ }\r\n}"
    headers:
      cache-control:
      - no-cache
      content-length:
      - '1698'
      content-type:
      - application/json; odata.metadata=minimal
      date:
      - Wed, 13 Apr 2022 23:32:51 GMT
      expires:
      - '-1'
      odata-version:
      - '4.0'
      pragma:
      - no-cache
      server:
      - Microsoft-HTTPAPI/2.0
      strict-transport-security:
      - max-age=31536000; includeSubDomains
      transfer-encoding:
      - chunked
      vary:
      - Accept-Encoding
      x-content-type-options:
      - nosniff
    status:
      code: 200
      message: OK
- request:
    body: '{}'
    headers:
      Accept:
      - application/json
      Accept-Encoding:
      - gzip, deflate
      CommandName:
      - ams asset create
      Connection:
      - keep-alive
      Content-Length:
      - '2'
      Content-Type:
      - application/json
      ParameterSetName:
      - -a -n -g
      User-Agent:
      - AZURECLI/2.34.1 azsdk-python-mgmt-media/9.0.0 Python/3.9.5 (Windows-10-10.0.22000-SP0)
    method: PUT
    uri: https://management.azure.com/subscriptions/00000000-0000-0000-0000-000000000000/resourceGroups/clitest.rg000001/providers/Microsoft.Media/mediaServices/ams000003/assets/asset000005?api-version=2021-11-01
  response:
    body:
      string: "{\r\n  \"name\":\"asset000005\",\"id\":\"/subscriptions/00000000-0000-0000-0000-000000000000/resourceGroups/clitest.rg000001/providers/Microsoft.Media/mediaservices/ams000003/assets/asset000005\",\"type\":\"Microsoft.Media/mediaservices/assets\",\"properties\":{\r\n
        \   \"assetId\":\"cb8d097c-5da1-4355-b86f-4272fb59991f\",\"created\":\"2022-04-13T23:32:54.537Z\",\"lastModified\":\"2022-04-13T23:32:54.537Z\",\"storageAccountName\":\"clitest000002\",\"storageEncryptionFormat\":\"None\"\r\n
        \ },\"systemData\":{\r\n    \"createdBy\":\"hivyas@microsoft.com\",\"createdByType\":\"User\",\"createdAt\":\"2022-04-13T23:32:53.0881767Z\",\"lastModifiedBy\":\"hivyas@microsoft.com\",\"lastModifiedByType\":\"User\",\"lastModifiedAt\":\"2022-04-13T23:32:53.0881767Z\"\r\n
        \ }\r\n}"
    headers:
      cache-control:
      - no-cache
      content-length:
      - '699'
      content-type:
      - application/json; odata.metadata=minimal
      date:
      - Wed, 13 Apr 2022 23:32:55 GMT
      expires:
      - '-1'
      odata-version:
      - '4.0'
      pragma:
      - no-cache
      server:
      - Microsoft-HTTPAPI/2.0
      strict-transport-security:
      - max-age=31536000; includeSubDomains
      x-content-type-options:
      - nosniff
      x-ms-ratelimit-remaining-subscription-resource-requests:
      - '11999'
    status:
      code: 201
      message: Created
- request:
    body: '{"properties": {"description": "testDescription", "assetName": "asset000005",
      "archiveWindowLength": "PT5M", "manifestName": "man000007", "hls": {"fragmentsPerTsSegment":
      5}, "outputSnapTime": 3}}'
    headers:
      Accept:
      - application/json
      Accept-Encoding:
      - gzip, deflate
      CommandName:
      - ams live-output create
      Connection:
      - keep-alive
      Content-Length:
      - '196'
      Content-Type:
      - application/json
      ParameterSetName:
      - -a -n -g --asset-name --live-event-name --archive-window-length --manifest-name
        --description --fragments-per-ts-segment --output-snap-time
      User-Agent:
      - AZURECLI/2.34.1 azsdk-python-mgmt-media/9.0.0 Python/3.9.5 (Windows-10-10.0.22000-SP0)
    method: PUT
    uri: https://management.azure.com/subscriptions/00000000-0000-0000-0000-000000000000/resourceGroups/clitest.rg000001/providers/Microsoft.Media/mediaservices/ams000003/liveEvents/le000004/liveOutputs/lo000006?api-version=2021-11-01
  response:
    body:
      string: "{\r\n  \"name\":\"lo000006\",\"id\":\"/subscriptions/00000000-0000-0000-0000-000000000000/resourceGroups/clitest.rg000001/providers/Microsoft.Media/mediaservices/ams000003/liveevents/le000004/liveoutputs/lo000006\",\"type\":\"Microsoft.Media/mediaservices/liveevents/liveoutputs\",\"properties\":{\r\n
        \   \"description\":\"testDescription\",\"assetName\":\"asset000005\",\"archiveWindowLength\":\"PT5M\",\"manifestName\":\"man000007\",\"outputSnapTime\":3,\"resourceState\":\"Creating\",\"provisioningState\":\"InProgress\",\"created\":\"2022-04-13T23:32:57.3374345Z\",\"lastModified\":\"2022-04-13T23:32:57.3374345Z\",\"hls\":{\r\n
        \     \"fragmentsPerTsSegment\":5\r\n    }\r\n  },\"systemData\":{\r\n    \"createdBy\":\"hivyas@microsoft.com\",\"createdByType\":\"User\",\"createdAt\":\"2022-04-13T23:32:55.8564471Z\",\"lastModifiedBy\":\"hivyas@microsoft.com\",\"lastModifiedByType\":\"User\",\"lastModifiedAt\":\"2022-04-13T23:32:55.8564471Z\"\r\n
        \ }\r\n}"
    headers:
      cache-control:
      - no-cache
      content-length:
      - '864'
      content-type:
      - application/json; odata.metadata=minimal
      date:
      - Wed, 13 Apr 2022 23:32:57 GMT
      expires:
      - '-1'
      odata-version:
      - '4.0'
      pragma:
      - no-cache
      server:
      - Microsoft-HTTPAPI/2.0
      strict-transport-security:
      - max-age=31536000; includeSubDomains
      transfer-encoding:
      - chunked
      vary:
      - Accept-Encoding
      x-content-type-options:
      - nosniff
      x-ms-ratelimit-remaining-subscription-writes:
      - '1198'
    status:
      code: 200
      message: OK
- request:
    body: null
    headers:
      Accept:
      - '*/*'
      Accept-Encoding:
      - gzip, deflate
      CommandName:
      - ams live-output create
      Connection:
      - keep-alive
      ParameterSetName:
      - -a -n -g --asset-name --live-event-name --archive-window-length --manifest-name
        --description --fragments-per-ts-segment --output-snap-time
      User-Agent:
      - AZURECLI/2.34.1 azsdk-python-mgmt-media/9.0.0 Python/3.9.5 (Windows-10-10.0.22000-SP0)
    method: GET
    uri: https://management.azure.com/subscriptions/00000000-0000-0000-0000-000000000000/resourceGroups/clitest.rg000001/providers/Microsoft.Media/mediaservices/ams000003/liveEvents/le000004/liveOutputs/lo000006?api-version=2021-11-01
  response:
    body:
      string: "{\r\n  \"name\":\"lo000006\",\"id\":\"/subscriptions/00000000-0000-0000-0000-000000000000/resourceGroups/clitest.rg000001/providers/Microsoft.Media/mediaservices/ams000003/liveevents/le000004/liveoutputs/lo000006\",\"type\":\"Microsoft.Media/mediaservices/liveevents/liveoutputs\",\"properties\":{\r\n
        \   \"description\":\"testDescription\",\"assetName\":\"asset000005\",\"archiveWindowLength\":\"PT5M\",\"manifestName\":\"man000007\",\"outputSnapTime\":3,\"resourceState\":\"Running\",\"provisioningState\":\"Succeeded\",\"created\":\"2022-04-13T23:32:58.4946359Z\",\"lastModified\":\"2022-04-13T23:32:58.4946359Z\",\"hls\":{\r\n
        \     \"fragmentsPerTsSegment\":5\r\n    }\r\n  },\"systemData\":{\r\n    \"createdBy\":\"hivyas@microsoft.com\",\"createdByType\":\"User\",\"createdAt\":\"2022-04-13T23:32:55.8564471Z\",\"lastModifiedBy\":\"hivyas@microsoft.com\",\"lastModifiedByType\":\"User\",\"lastModifiedAt\":\"2022-04-13T23:32:55.8564471Z\"\r\n
        \ }\r\n}"
    headers:
      cache-control:
      - no-cache
      content-length:
      - '862'
      content-type:
      - application/json; odata.metadata=minimal
      date:
      - Wed, 13 Apr 2022 23:33:28 GMT
      expires:
      - '-1'
      odata-version:
      - '4.0'
      pragma:
      - no-cache
      server:
      - Microsoft-HTTPAPI/2.0
      strict-transport-security:
      - max-age=31536000; includeSubDomains
      transfer-encoding:
      - chunked
      vary:
      - Accept-Encoding
      x-content-type-options:
      - nosniff
    status:
      code: 200
      message: OK
version: 1
