interactions:
- request:
    body: '{"location": "westus", "properties": {"storageAccounts": [{"id": "/subscriptions/00000000-0000-0000-0000-000000000000/resourceGroups/clitest.rg000001/providers/Microsoft.Storage/storageAccounts/clitest000002",
      "type": "Primary"}], "keyDelivery": {"accessControl": {"defaultAction": "Allow",
      "ipAllowList": []}}, "publicNetworkAccess": "Enabled"}}'
    headers:
      Accept:
      - application/json
      Accept-Encoding:
      - gzip, deflate
      CommandName:
      - ams account create
      Connection:
      - keep-alive
      Content-Length:
      - '346'
      Content-Type:
      - application/json
      ParameterSetName:
      - -n -g --storage-account -l
      User-Agent:
      - AZURECLI/2.32.0 azsdk-python-mgmt-media/8.0.0 Python/3.9.5 (Windows-10-10.0.22000-SP0)
    method: PUT
    uri: https://management.azure.com/subscriptions/00000000-0000-0000-0000-000000000000/resourceGroups/clitest.rg000001/providers/Microsoft.Media/mediaservices/ams000003?api-version=2021-06-01
  response:
    body:
      string: "{\r\n  \"name\":\"ams000003\",\"id\":\"/subscriptions/00000000-0000-0000-0000-000000000000/resourceGroups/clitest.rg000001/providers/Microsoft.Media/mediaservices/ams000003\",\"type\":\"Microsoft.Media/mediaservices\",\"location\":\"West
        US\",\"properties\":{\r\n    \"mediaServiceId\":\"9d694bf1-9241-458b-86c3-f662bee0f4f6\",\"storageAccounts\":[\r\n
        \     {\r\n        \"id\":\"/subscriptions/00000000-0000-0000-0000-000000000000/resourceGroups/clitest.rg000001/providers/Microsoft.Storage/storageAccounts/clitest000002\",\"type\":\"Primary\"\r\n
        \     }\r\n    ],\"storageAuthentication\":\"System\",\"encryption\":{\r\n
        \     \"type\":\"SystemKey\"\r\n    },\"keyDelivery\":{\r\n      \"accessControl\":{\r\n
        \       \"defaultAction\":\"Allow\",\"ipAllowList\":[\r\n          \r\n        ]\r\n
        \     }\r\n    },\"publicNetworkAccess\":\"Enabled\"\r\n  },\"systemData\":{\r\n
        \   \"createdBy\":\"hivyas@microsoft.com\",\"createdByType\":\"User\",\"createdAt\":\"2022-03-28T23:55:23.4424064Z\",\"lastModifiedBy\":\"hivyas@microsoft.com\",\"lastModifiedByType\":\"User\",\"lastModifiedAt\":\"2022-03-28T23:55:23.4424064Z\"\r\n
        \ }\r\n}"
    headers:
      cache-control:
      - no-cache
      content-length:
      - '1012'
      content-type:
      - application/json; odata.metadata=minimal
      date:
      - Mon, 28 Mar 2022 23:55:25 GMT
      expires:
      - '-1'
      odata-version:
      - '4.0'
      pragma:
      - no-cache
      server:
      - Microsoft-HTTPAPI/2.0
      strict-transport-security:
      - max-age=31536000; includeSubDomains
      x-content-type-options:
      - nosniff
      x-ms-ratelimit-remaining-subscription-writes:
      - '1199'
    status:
      code: 201
      message: Created
- request:
    body: '{}'
    headers:
      Accept:
      - application/json
      Accept-Encoding:
      - gzip, deflate
      CommandName:
      - ams asset create
      Connection:
      - keep-alive
      Content-Length:
      - '2'
      Content-Type:
      - application/json
      ParameterSetName:
      - -a -n -g
      User-Agent:
      - AZURECLI/2.32.0 azsdk-python-mgmt-media/8.0.0 Python/3.9.5 (Windows-10-10.0.22000-SP0)
    method: PUT
    uri: https://management.azure.com/subscriptions/00000000-0000-0000-0000-000000000000/resourceGroups/clitest.rg000001/providers/Microsoft.Media/mediaServices/ams000003/assets/asset000004?api-version=2021-06-01
  response:
    body:
      string: "{\r\n  \"name\":\"asset000004\",\"id\":\"/subscriptions/00000000-0000-0000-0000-000000000000/resourceGroups/clitest.rg000001/providers/Microsoft.Media/mediaservices/ams000003/assets/asset000004\",\"type\":\"Microsoft.Media/mediaservices/assets\",\"properties\":{\r\n
        \   \"assetId\":\"266b7aca-7c26-4467-b3ee-2e10dd61db9c\",\"created\":\"2022-03-28T23:55:25.973Z\",\"lastModified\":\"2022-03-28T23:55:25.973Z\",\"storageAccountName\":\"clitest000002\",\"storageEncryptionFormat\":\"None\"\r\n
        \ },\"systemData\":{\r\n    \"createdBy\":\"hivyas@microsoft.com\",\"createdByType\":\"User\",\"createdAt\":\"2022-03-28T23:55:25.7536994Z\",\"lastModifiedBy\":\"hivyas@microsoft.com\",\"lastModifiedByType\":\"User\",\"lastModifiedAt\":\"2022-03-28T23:55:25.7536994Z\"\r\n
        \ }\r\n}"
    headers:
      cache-control:
      - no-cache
      content-length:
      - '699'
      content-type:
      - application/json; odata.metadata=minimal
      date:
      - Mon, 28 Mar 2022 23:55:25 GMT
      expires:
      - '-1'
      odata-version:
      - '4.0'
      pragma:
      - no-cache
      server:
      - Microsoft-HTTPAPI/2.0
      strict-transport-security:
      - max-age=31536000; includeSubDomains
      x-content-type-options:
      - nosniff
      x-ms-ratelimit-remaining-subscription-resource-requests:
      - '11999'
    status:
      code: 201
      message: Created
- request:
    body: '{"properties": {"commonEncryptionCenc": {"enabledProtocols": {"download":
      false, "dash": false, "hls": true, "smoothStreaming": true}, "contentKeys":
      {"defaultKey": {"label": "testLabel2"}}, "drm": {"playReady": {"customLicenseAcquisitionUrlTemplate":
      "test.com"}, "widevine": {"customLicenseAcquisitionUrlTemplate": "test.com"}}},
      "commonEncryptionCbcs": {"enabledProtocols": {"download": false, "dash": false,
      "hls": true, "smoothStreaming": true}, "contentKeys": {"defaultKey": {"label":
      "testLabel1"}}, "drm": {"fairPlay": {"customLicenseAcquisitionUrlTemplate":
      "test.com", "allowPersistentLicense": false}}}}}'
    headers:
      Accept:
      - application/json
      Accept-Encoding:
      - gzip, deflate
      CommandName:
      - ams streaming-policy create
      Connection:
      - keep-alive
      Content-Length:
      - '615'
      Content-Type:
      - application/json
      ParameterSetName:
      - -a -n -g --cbcs-default-key-label --cenc-default-key-label --cbcs-protocols
        --cenc-protocols --cbcs-fair-play-template --cenc-play-ready-template --cenc-widevine-template
      User-Agent:
      - AZURECLI/2.32.0 azsdk-python-mgmt-media/8.0.0 Python/3.9.5 (Windows-10-10.0.22000-SP0)
    method: PUT
    uri: https://management.azure.com/subscriptions/00000000-0000-0000-0000-000000000000/resourceGroups/clitest.rg000001/providers/Microsoft.Media/mediaServices/ams000003/streamingPolicies/spn000005?api-version=2021-06-01
  response:
    body:
      string: "{\r\n  \"name\":\"spn000005\",\"id\":\"/subscriptions/00000000-0000-0000-0000-000000000000/resourceGroups/clitest.rg000001/providers/Microsoft.Media/mediaservices/ams000003/streamingPolicies/spn000005\",\"type\":\"Microsoft.Media/mediaservices/streamingPolicies\",\"properties\":{\r\n
        \   \"created\":\"2022-03-28T23:55:26.6461227Z\",\"commonEncryptionCenc\":{\r\n
        \     \"enabledProtocols\":{\r\n        \"download\":false,\"dash\":false,\"hls\":true,\"smoothStreaming\":true\r\n
        \     },\"clearTracks\":[\r\n        \r\n      ],\"contentKeys\":{\r\n        \"defaultKey\":{\r\n
        \         \"label\":\"testLabel2\"\r\n        },\"keyToTrackMappings\":[\r\n
        \         \r\n        ]\r\n      },\"drm\":{\r\n        \"playReady\":{\r\n
        \         \"customLicenseAcquisitionUrlTemplate\":\"test.com\"\r\n        },\"widevine\":{\r\n
        \         \"customLicenseAcquisitionUrlTemplate\":\"test.com\"\r\n        }\r\n
        \     }\r\n    },\"commonEncryptionCbcs\":{\r\n      \"enabledProtocols\":{\r\n
        \       \"download\":false,\"dash\":false,\"hls\":true,\"smoothStreaming\":true\r\n
        \     },\"clearTracks\":[\r\n        \r\n      ],\"contentKeys\":{\r\n        \"defaultKey\":{\r\n
        \         \"label\":\"testLabel1\"\r\n        },\"keyToTrackMappings\":[\r\n
        \         \r\n        ]\r\n      },\"drm\":{\r\n        \"fairPlay\":{\r\n
        \         \"customLicenseAcquisitionUrlTemplate\":\"test.com\",\"allowPersistentLicense\":false\r\n
        \       }\r\n      }\r\n    }\r\n  },\"systemData\":{\r\n    \"createdBy\":\"hivyas@microsoft.com\",\"createdByType\":\"User\",\"createdAt\":\"2022-03-28T23:55:26.4279259Z\",\"lastModifiedBy\":\"hivyas@microsoft.com\",\"lastModifiedByType\":\"User\",\"lastModifiedAt\":\"2022-03-28T23:55:26.4279259Z\"\r\n
        \ }\r\n}"
    headers:
      cache-control:
      - no-cache
      content-length:
      - '1526'
      content-type:
      - application/json; odata.metadata=minimal
      date:
      - Mon, 28 Mar 2022 23:55:25 GMT
      expires:
      - '-1'
      odata-version:
      - '4.0'
      pragma:
      - no-cache
      server:
      - Microsoft-HTTPAPI/2.0
      strict-transport-security:
      - max-age=31536000; includeSubDomains
      x-content-type-options:
      - nosniff
      x-ms-ratelimit-remaining-subscription-writes:
      - '1197'
    status:
      code: 201
      message: Created
- request:
    body: '{"properties": {"assetName": "asset000004", "startTime": "2018-03-29T10:00:00.000Z",
      "endTime": "2018-03-29T12:00:00.000Z", "streamingLocatorId": "88888888-0000-0000-0000-000000000003",
      "streamingPolicyName": "spn000005", "contentKeys": [{"id": "88888888-0000-0000-0000-000000000001",
      "labelReferenceInStreamingPolicy": "testLabel1", "value": "dmFsdWG="}, {"id":
      "88888888-0000-0000-0000-000000000002", "labelReferenceInStreamingPolicy": "testLabel2",
      "value": "dmFsdWQ="}], "alternativeMediaId": "88888888-0000-0000-0000-000000000004"}}'
    headers:
      Accept:
      - application/json
      Accept-Encoding:
      - gzip, deflate
      CommandName:
      - ams streaming-locator create
      Connection:
      - keep-alive
      Content-Length:
      - '537'
      Content-Type:
      - application/json
      ParameterSetName:
      - -n -a -g --streaming-policy-name --asset-name --start-time --end-time --streaming-locator-id
        --alternative-media-id --content-keys
      User-Agent:
      - AZURECLI/2.32.0 azsdk-python-mgmt-media/8.0.0 Python/3.9.5 (Windows-10-10.0.22000-SP0)
    method: PUT
    uri: https://management.azure.com/subscriptions/00000000-0000-0000-0000-000000000000/resourceGroups/clitest.rg000001/providers/Microsoft.Media/mediaServices/ams000003/streamingLocators/sln000006?api-version=2021-06-01
  response:
    body:
      string: "{\r\n  \"name\":\"sln000006\",\"id\":\"/subscriptions/00000000-0000-0000-0000-000000000000/resourceGroups/clitest.rg000001/providers/Microsoft.Media/mediaservices/ams000003/streamingLocators/sln000006\",\"type\":\"Microsoft.Media/mediaservices/streamingLocators\",\"properties\":{\r\n
        \   \"assetName\":\"asset000004\",\"created\":\"2022-03-28T23:55:27.2432766Z\",\"startTime\":\"2018-03-29T10:00:00Z\",\"endTime\":\"2018-03-29T12:00:00Z\",\"streamingLocatorId\":\"88888888-0000-0000-0000-000000000003\",\"streamingPolicyName\":\"spn000005\",\"contentKeys\":[\r\n
        \     {\r\n        \"id\":\"88888888-0000-0000-0000-000000000002\",\"type\":\"CommonEncryptionCenc\",\"labelReferenceInStreamingPolicy\":\"testLabel2\",\"tracks\":[\r\n
        \         \r\n        ]\r\n      },{\r\n        \"id\":\"88888888-0000-0000-0000-000000000001\",\"type\":\"CommonEncryptionCbcs\",\"labelReferenceInStreamingPolicy\":\"testLabel1\",\"tracks\":[\r\n
        \         \r\n        ]\r\n      }\r\n    ],\"alternativeMediaId\":\"88888888-0000-0000-0000-000000000004\",\"filters\":[\r\n
        \     \r\n    ]\r\n  },\"systemData\":{\r\n    \"createdBy\":\"hivyas@microsoft.com\",\"createdByType\":\"User\",\"createdAt\":\"2022-03-28T23:55:27.0467112Z\",\"lastModifiedBy\":\"hivyas@microsoft.com\",\"lastModifiedByType\":\"User\",\"lastModifiedAt\":\"2022-03-28T23:55:27.0467112Z\"\r\n
        \ }\r\n}"
    headers:
      cache-control:
      - no-cache
      content-length:
      - '1215'
      content-type:
      - application/json; odata.metadata=minimal
      date:
      - Mon, 28 Mar 2022 23:55:27 GMT
      expires:
      - '-1'
      odata-version:
      - '4.0'
      pragma:
      - no-cache
      server:
      - Microsoft-HTTPAPI/2.0
      strict-transport-security:
      - max-age=31536000; includeSubDomains
      x-content-type-options:
      - nosniff
      x-ms-ratelimit-remaining-subscription-resource-requests:
      - '11999'
    status:
      code: 201
      message: Created
- request:
    body: null
    headers:
      Accept:
      - application/json
      Accept-Encoding:
      - gzip, deflate
      CommandName:
      - ams streaming-locator show
      Connection:
      - keep-alive
      ParameterSetName:
      - -a -n -g
      User-Agent:
      - AZURECLI/2.32.0 azsdk-python-mgmt-media/8.0.0 Python/3.9.5 (Windows-10-10.0.22000-SP0)
    method: GET
    uri: https://management.azure.com/subscriptions/00000000-0000-0000-0000-000000000000/resourceGroups/clitest.rg000001/providers/Microsoft.Media/mediaServices/ams000003/streamingLocators/sln000006?api-version=2021-06-01
  response:
    body:
      string: "{\r\n  \"name\":\"sln000006\",\"id\":\"/subscriptions/00000000-0000-0000-0000-000000000000/resourceGroups/clitest.rg000001/providers/Microsoft.Media/mediaservices/ams000003/streamingLocators/sln000006\",\"type\":\"Microsoft.Media/mediaservices/streamingLocators\",\"properties\":{\r\n
        \   \"assetName\":\"asset000004\",\"created\":\"2022-03-28T23:55:27.243Z\",\"startTime\":\"2018-03-29T10:00:00Z\",\"endTime\":\"2018-03-29T12:00:00Z\",\"streamingLocatorId\":\"88888888-0000-0000-0000-000000000003\",\"streamingPolicyName\":\"spn000005\",\"contentKeys\":[\r\n
        \     {\r\n        \"id\":\"88888888-0000-0000-0000-000000000001\",\"type\":\"CommonEncryptionCbcs\",\"labelReferenceInStreamingPolicy\":\"testLabel1\",\"tracks\":[\r\n
        \         \r\n        ]\r\n      },{\r\n        \"id\":\"88888888-0000-0000-0000-000000000002\",\"type\":\"CommonEncryptionCenc\",\"labelReferenceInStreamingPolicy\":\"testLabel2\",\"tracks\":[\r\n
        \         \r\n        ]\r\n      }\r\n    ],\"alternativeMediaId\":\"88888888-0000-0000-0000-000000000004\",\"filters\":[\r\n
        \     \r\n    ]\r\n  },\"systemData\":{\r\n    \"createdBy\":\"hivyas@microsoft.com\",\"createdByType\":\"User\",\"createdAt\":\"2022-03-28T23:55:27.0467112Z\",\"lastModifiedBy\":\"hivyas@microsoft.com\",\"lastModifiedByType\":\"User\",\"lastModifiedAt\":\"2022-03-28T23:55:27.0467112Z\"\r\n
        \ }\r\n}"
    headers:
      cache-control:
      - no-cache
      content-length:
      - '1211'
      content-type:
      - application/json; odata.metadata=minimal
      date:
      - Mon, 28 Mar 2022 23:55:27 GMT
      expires:
      - '-1'
      odata-version:
      - '4.0'
      pragma:
      - no-cache
      server:
      - Microsoft-HTTPAPI/2.0
      strict-transport-security:
      - max-age=31536000; includeSubDomains
      transfer-encoding:
      - chunked
      vary:
      - Accept-Encoding
      x-content-type-options:
      - nosniff
    status:
      code: 200
      message: OK
- request:
    body: null
    headers:
      Accept:
      - application/json
      Accept-Encoding:
      - gzip, deflate
      CommandName:
      - ams streaming-locator list
      Connection:
      - keep-alive
      ParameterSetName:
      - -a -g
      User-Agent:
      - AZURECLI/2.32.0 azsdk-python-mgmt-media/8.0.0 Python/3.9.5 (Windows-10-10.0.22000-SP0)
    method: GET
    uri: https://management.azure.com/subscriptions/00000000-0000-0000-0000-000000000000/resourceGroups/clitest.rg000001/providers/Microsoft.Media/mediaServices/ams000003/streamingLocators?api-version=2021-06-01
  response:
    body:
      string: "{\r\n  \"value\":[\r\n    {\r\n      \"name\":\"sln000006\",\"id\":\"/subscriptions/00000000-0000-0000-0000-000000000000/resourceGroups/clitest.rg000001/providers/Microsoft.Media/mediaservices/ams000003/streamingLocators/sln000006\",\"type\":\"Microsoft.Media/mediaservices/streamingLocators\",\"properties\":{\r\n
        \       \"assetName\":\"asset000004\",\"created\":\"2022-03-28T23:55:27.243Z\",\"startTime\":\"2018-03-29T10:00:00Z\",\"endTime\":\"2018-03-29T12:00:00Z\",\"streamingLocatorId\":\"88888888-0000-0000-0000-000000000003\",\"streamingPolicyName\":\"spn000005\",\"contentKeys\":[\r\n
        \         \r\n        ],\"alternativeMediaId\":\"88888888-0000-0000-0000-000000000004\",\"filters\":[\r\n
        \         \r\n        ]\r\n      },\"systemData\":{\r\n        \"createdBy\":\"hivyas@microsoft.com\",\"createdByType\":\"User\",\"createdAt\":\"2022-03-28T23:55:27.0467112Z\",\"lastModifiedBy\":\"hivyas@microsoft.com\",\"lastModifiedByType\":\"User\",\"lastModifiedAt\":\"2022-03-28T23:55:27.0467112Z\"\r\n
        \     }\r\n    }\r\n  ]\r\n}"
    headers:
      cache-control:
      - no-cache
      content-length:
      - '930'
      content-type:
      - application/json; odata.metadata=minimal
      date:
      - Mon, 28 Mar 2022 23:55:28 GMT
      expires:
      - '-1'
      odata-version:
      - '4.0'
      pragma:
      - no-cache
      server:
      - Microsoft-HTTPAPI/2.0
      strict-transport-security:
      - max-age=31536000; includeSubDomains
      transfer-encoding:
      - chunked
      vary:
      - Accept-Encoding
      x-content-type-options:
      - nosniff
    status:
      code: 200
      message: OK
- request:
    body: null
    headers:
      Accept:
      - application/json
      Accept-Encoding:
      - gzip, deflate
      CommandName:
      - ams streaming-locator get-paths
      Connection:
      - keep-alive
      Content-Length:
      - '0'
      ParameterSetName:
      - -a -n -g
      User-Agent:
      - AZURECLI/2.32.0 azsdk-python-mgmt-media/8.0.0 Python/3.9.5 (Windows-10-10.0.22000-SP0)
    method: POST
    uri: https://management.azure.com/subscriptions/00000000-0000-0000-0000-000000000000/resourceGroups/clitest.rg000001/providers/Microsoft.Media/mediaServices/ams000003/streamingLocators/sln000006/listPaths?api-version=2021-06-01
  response:
    body:
      string: "{\r\n  \"streamingPaths\":[\r\n    {\r\n      \"streamingProtocol\":\"Hls\",\"encryptionScheme\":\"CommonEncryptionCenc\",\"paths\":[\r\n
        \       \r\n      ]\r\n    },{\r\n      \"streamingProtocol\":\"SmoothStreaming\",\"encryptionScheme\":\"CommonEncryptionCenc\",\"paths\":[\r\n
        \       \r\n      ]\r\n    },{\r\n      \"streamingProtocol\":\"Hls\",\"encryptionScheme\":\"CommonEncryptionCbcs\",\"paths\":[\r\n
        \       \r\n      ]\r\n    },{\r\n      \"streamingProtocol\":\"SmoothStreaming\",\"encryptionScheme\":\"CommonEncryptionCbcs\",\"paths\":[\r\n
        \       \r\n      ]\r\n    }\r\n  ],\"downloadPaths\":[\r\n    \r\n  ]\r\n}"
    headers:
      cache-control:
      - no-cache
      content-length:
      - '541'
      content-type:
      - application/json; odata.metadata=minimal
      date:
      - Mon, 28 Mar 2022 23:55:28 GMT
      expires:
      - '-1'
      odata-version:
      - '4.0'
      pragma:
      - no-cache
      server:
      - Microsoft-HTTPAPI/2.0
      strict-transport-security:
      - max-age=31536000; includeSubDomains
      transfer-encoding:
      - chunked
      vary:
      - Accept-Encoding
      x-content-type-options:
      - nosniff
      x-ms-ratelimit-remaining-subscription-writes:
      - '1198'
    status:
      code: 200
      message: OK
- request:
    body: null
    headers:
      Accept:
      - application/json
      Accept-Encoding:
      - gzip, deflate
      CommandName:
      - ams streaming-locator delete
      Connection:
      - keep-alive
      Content-Length:
      - '0'
      ParameterSetName:
      - -n -a -g
      User-Agent:
      - AZURECLI/2.32.0 azsdk-python-mgmt-media/8.0.0 Python/3.9.5 (Windows-10-10.0.22000-SP0)
    method: DELETE
    uri: https://management.azure.com/subscriptions/00000000-0000-0000-0000-000000000000/resourceGroups/clitest.rg000001/providers/Microsoft.Media/mediaServices/ams000003/streamingLocators/sln000006?api-version=2021-06-01
  response:
    body:
      string: ''
    headers:
      cache-control:
      - no-cache
      content-length:
      - '0'
      date:
      - Mon, 28 Mar 2022 23:55:29 GMT
      expires:
      - '-1'
      pragma:
      - no-cache
      server:
      - Microsoft-HTTPAPI/2.0
      strict-transport-security:
      - max-age=31536000; includeSubDomains
      x-content-type-options:
      - nosniff
      x-ms-ratelimit-remaining-subscription-resource-requests:
      - '11999'
    status:
      code: 200
      message: OK
version: 1
